Command line invocation:
    /Applications/Xcode.app/Contents/Developer/usr/bin/xcodebuild -project Chatlio.xcodeproj -scheme Chatlio -destination "generic/platform=iOS Simulator" build

Resolve Package Graph


Resolved source packages:
  swiftui-introspect: https://github.com/siteline/SwiftUI-Introspect @ 26.0.1
  swift-numerics: https://github.com/apple/swift-numerics.git @ 1.1.1
  swift-snapshot-testing: https://github.com/pointfreeco/swift-snapshot-testing @ 1.18.7
  LRUCache: https://github.com/nicklockwood/LRUCache @ 1.2.1
  GZIP: https://github.com/nicklockwood/GZIP @ 1.3.2
  Flow: https://github.com/tevelee/SwiftUI-Flow.git @ 3.1.1
  Compound: /Users/aadityasingh/Documents/Development/element-x-ios/compound-ios
  Emojibase: https://github.com/matrix-org/emojibase-bindings @ 1.5.0
  SwiftState: https://github.com/ReactKit/SwiftState @ 6.0.1
  Sentry: https://github.com/getsentry/sentry-cocoa @ 9.2.0
  KeychainAccess: https://github.com/kishikawakatsumi/KeychainAccess @ 4.2.2
  SwiftSoup: https://github.com/scinfu/SwiftSoup.git @ 2.11.3
  EmbeddedElementCall: https://github.com/element-hq/element-call-swift @ 0.17.0
  swift-custom-dump: https://github.com/pointfreeco/swift-custom-dump @ 1.5.0
  SwiftOGG: https://github.com/element-hq/swift-ogg @ 0.0.3
  MatrixRustSDK: /Users/aadityasingh/Documents/Development/matrix-rust-sdk-local
  swift-async-algorithms: https://github.com/apple/swift-async-algorithms @ 1.1.3
  DTCoreText: https://github.com/Cocoanetics/DTCoreText @ 1.6.26
  YbridOpus: https://github.com/vector-im/opus-swift @ 0.8.4
  swift-algorithms: https://github.com/apple/swift-algorithms @ 1.2.1
  WysiwygComposer: https://github.com/element-hq/matrix-rich-text-editor-swift @ 2.41.0
  swift-clocks: https://github.com/pointfreeco/swift-clocks @ 1.0.6
  swift-concurrency-extras: https://github.com/pointfreeco/swift-concurrency-extras @ 1.3.2
  Kingfisher: https://github.com/onevcat/Kingfisher @ 8.6.2
  swift-atomics: https://github.com/apple/swift-atomics.git @ 1.3.0
  DTFoundation: https://github.com/Cocoanetics/DTFoundation.git @ 1.7.19
  swift-syntax: https://github.com/swiftlang/swift-syntax @ 602.0.0
  AnalyticsEvents: https://github.com/matrix-org/matrix-analytics-events @ 0.30.0
  swift-collections: https://github.com/apple/swift-collections @ 1.3.0
  KZFileWatchers: https://github.com/krzysztofzablocki/KZFileWatchers @ 1.2.0
  PostHog: https://github.com/PostHog/posthog-ios @ 3.37.2
  YbridOgg: https://github.com/vector-im/ogg-swift.git @ 0.8.3
  CompoundDesignTokens: https://github.com/element-hq/compound-design-tokens @ 8.0.0
  DSWaveformImage: https://github.com/dmrschmidt/DSWaveformImage @ 14.2.2
  xctest-dynamic-overlay: https://github.com/pointfreeco/xctest-dynamic-overlay @ 1.9.0
  SFSafeSymbols: https://github.com/SFSafeSymbols/SFSafeSymbols @ 7.0.0
  LoremSwiftum: https://github.com/lukaskubanek/LoremSwiftum @ 2.2.3
  Version: https://github.com/mxcl/Version @ 2.2.1
  Dynamic: https://github.com/mhdhejazi/Dynamic @ 1.2.0
  MapLibre Native: https://github.com/maplibre/maplibre-gl-native-distribution @ 6.22.1
  DeviceKit: https://github.com/devicekit/DeviceKit @ 5.7.0

ComputePackagePrebuildTargetDependencyGraph

Prepare packages

CreateBuildRequest

SendProjectDescription

CreateBuildOperation

ComputeTargetDependencyGraph
note: Building targets in dependency order
note: Target dependency graph (94 targets)
    Target 'Chatlio' in project 'Chatlio'
        ➜ Explicit dependency on target 'NSE' in project 'Chatlio'
        ➜ Explicit dependency on target 'ShareExtension' in project 'Chatlio'
        ➜ Explicit dependency on target 'MatrixRustSDK' in project 'MatrixRustSDK'
        ➜ Explicit dependency on target 'Compound' in project 'Compound'
        ➜ Explicit dependency on target 'Algorithms' in project 'swift-algorithms'
        ➜ Explicit dependency on target 'AsyncAlgorithms' in project 'swift-async-algorithms'
        ➜ Explicit dependency on target 'AnalyticsEvents' in project 'AnalyticsEvents'
        ➜ Explicit dependency on target 'Collections' in project 'swift-collections'
        ➜ Explicit dependency on target 'DeviceKit' in project 'DeviceKit'
        ➜ Explicit dependency on target 'EmbeddedElementCall' in project 'EmbeddedElementCall'
        ➜ Explicit dependency on target 'KeychainAccess' in project 'KeychainAccess'
        ➜ Explicit dependency on target 'Kingfisher' in project 'Kingfisher'
        ➜ Explicit dependency on target 'KZFileWatchers' in project 'KZFileWatchers'
        ➜ Explicit dependency on target 'LoremSwiftum' in project 'LoremSwiftum'
        ➜ Explicit dependency on target 'LRUCache' in project 'LRUCache'
        ➜ Explicit dependency on target 'MapLibre' in project 'MapLibre Native'
        ➜ Explicit dependency on target 'PostHog' in project 'PostHog'
        ➜ Explicit dependency on target 'SwiftState' in project 'SwiftState'
        ➜ Explicit dependency on target 'GZIP' in project 'GZIP'
        ➜ Explicit dependency on target 'Sentry' in project 'Sentry'
        ➜ Explicit dependency on target 'SentrySwiftUI' in project 'Sentry'
        ➜ Explicit dependency on target 'Version' in project 'Version'
        ➜ Explicit dependency on target 'Emojibase' in project 'Emojibase'
        ➜ Explicit dependency on target 'WysiwygComposer' in project 'WysiwygComposer'
        ➜ Explicit dependency on target 'SwiftOGG' in project 'SwiftOGG'
        ➜ Explicit dependency on target 'SwiftSoup' in project 'SwiftSoup'
        ➜ Explicit dependency on target 'Flow' in project 'Flow'
        ➜ Explicit dependency on target 'DSWaveformImageViews' in project 'DSWaveformImage'
    Target 'DSWaveformImageViews' in project 'DSWaveformImage'
        ➜ Explicit dependency on target 'DSWaveformImageViews' in project 'DSWaveformImage'
        ➜ Explicit dependency on target 'DSWaveformImage' in project 'DSWaveformImage'
    Target 'DSWaveformImageViews' in project 'DSWaveformImage'
        ➜ Explicit dependency on target 'DSWaveformImage' in project 'DSWaveformImage'
    Target 'DSWaveformImage' in project 'DSWaveformImage' (no dependencies)
    Target 'Flow' in project 'Flow'
        ➜ Explicit dependency on target 'Flow' in project 'Flow'
    Target 'Flow' in project 'Flow' (no dependencies)
    Target 'SwiftOGG' in project 'SwiftOGG'
        ➜ Explicit dependency on target 'SwiftOGG' in project 'SwiftOGG'
        ➜ Explicit dependency on target 'Copustools' in project 'SwiftOGG'
        ➜ Explicit dependency on target 'YbridOpus' in project 'YbridOpus'
        ➜ Explicit dependency on target 'YbridOgg' in project 'YbridOgg'
    Target 'SwiftOGG' in project 'SwiftOGG'
        ➜ Explicit dependency on target 'Copustools' in project 'SwiftOGG'
        ➜ Explicit dependency on target 'YbridOpus' in project 'YbridOpus'
        ➜ Explicit dependency on target 'YbridOgg' in project 'YbridOgg'
    Target 'YbridOgg' in project 'YbridOgg' (no dependencies)
    Target 'YbridOpus' in project 'YbridOpus' (no dependencies)
    Target 'Copustools' in project 'SwiftOGG' (no dependencies)
    Target 'WysiwygComposer' in project 'WysiwygComposer'
        ➜ Explicit dependency on target 'WysiwygComposer' in project 'WysiwygComposer'
        ➜ Explicit dependency on target 'DTCoreTextExtended' in project 'WysiwygComposer'
        ➜ Explicit dependency on target 'HTMLParser' in project 'WysiwygComposer'
        ➜ Explicit dependency on target 'DTCoreText' in project 'DTCoreText'
    Target 'WysiwygComposer' in project 'WysiwygComposer'
        ➜ Explicit dependency on target 'DTCoreTextExtended' in project 'WysiwygComposer'
        ➜ Explicit dependency on target 'HTMLParser' in project 'WysiwygComposer'
        ➜ Explicit dependency on target 'DTCoreText' in project 'DTCoreText'
    Target 'HTMLParser' in project 'WysiwygComposer'
        ➜ Explicit dependency on target 'DTCoreTextExtended' in project 'WysiwygComposer'
        ➜ Explicit dependency on target 'DTCoreText' in project 'DTCoreText'
    Target 'DTCoreTextExtended' in project 'WysiwygComposer'
        ➜ Explicit dependency on target 'DTCoreText' in project 'DTCoreText'
    Target 'DTCoreText' in project 'DTCoreText'
        ➜ Explicit dependency on target 'DTCoreText' in project 'DTCoreText'
        ➜ Explicit dependency on target 'DTCoreText_DTCoreText' in project 'DTCoreText'
        ➜ Explicit dependency on target 'DTFoundation' in project 'DTFoundation'
    Target 'DTCoreText' in project 'DTCoreText'
        ➜ Explicit dependency on target 'DTCoreText_DTCoreText' in project 'DTCoreText'
        ➜ Explicit dependency on target 'DTFoundation' in project 'DTFoundation'
    Target 'DTFoundation' in project 'DTFoundation'
        ➜ Explicit dependency on target 'DTFoundation' in project 'DTFoundation'
    Target 'DTFoundation' in project 'DTFoundation' (no dependencies)
    Target 'DTCoreText_DTCoreText' in project 'DTCoreText' (no dependencies)
    Target 'Emojibase' in project 'Emojibase'
        ➜ Explicit dependency on target 'Emojibase' in project 'Emojibase'
        ➜ Explicit dependency on target 'Emojibase_Emojibase' in project 'Emojibase'
    Target 'Emojibase' in project 'Emojibase'
        ➜ Explicit dependency on target 'Emojibase_Emojibase' in project 'Emojibase'
    Target 'Emojibase_Emojibase' in project 'Emojibase' (no dependencies)
    Target 'SentrySwiftUI' in project 'Sentry'
        ➜ Explicit dependency on target 'SentrySwiftUI' in project 'Sentry'
        ➜ Explicit dependency on target 'SentryCppHelper' in project 'Sentry'
        ➜ Explicit dependency on target 'SentryInternal' in project 'Sentry'
    Target 'SentrySwiftUI' in project 'Sentry'
        ➜ Explicit dependency on target 'SentryInternal' in project 'Sentry'
    Target 'SentryInternal' in project 'Sentry' (no dependencies)
    Target 'Sentry' in project 'Sentry'
        ➜ Explicit dependency on target 'SentryCppHelper' in project 'Sentry'
    Target 'SentryCppHelper' in project 'Sentry' (no dependencies)
    Target 'GZIP' in project 'GZIP'
        ➜ Explicit dependency on target 'GZIP' in project 'GZIP'
    Target 'GZIP' in project 'GZIP' (no dependencies)
    Target 'SwiftState' in project 'SwiftState'
        ➜ Explicit dependency on target 'SwiftState' in project 'SwiftState'
    Target 'SwiftState' in project 'SwiftState' (no dependencies)
    Target 'PostHog' in project 'PostHog'
        ➜ Explicit dependency on target 'PostHog' in project 'PostHog'
        ➜ Explicit dependency on target 'PostHog_PostHog' in project 'PostHog'
        ➜ Explicit dependency on target 'phlibwebp' in project 'PostHog'
    Target 'PostHog' in project 'PostHog'
        ➜ Explicit dependency on target 'PostHog_PostHog' in project 'PostHog'
        ➜ Explicit dependency on target 'phlibwebp' in project 'PostHog'
    Target 'phlibwebp' in project 'PostHog' (no dependencies)
    Target 'PostHog_PostHog' in project 'PostHog' (no dependencies)
    Target 'MapLibre' in project 'MapLibre Native' (no dependencies)
    Target 'LoremSwiftum' in project 'LoremSwiftum'
        ➜ Explicit dependency on target 'LoremSwiftum' in project 'LoremSwiftum'
    Target 'LoremSwiftum' in project 'LoremSwiftum' (no dependencies)
    Target 'KZFileWatchers' in project 'KZFileWatchers'
        ➜ Explicit dependency on target 'KZFileWatchers' in project 'KZFileWatchers'
    Target 'KZFileWatchers' in project 'KZFileWatchers' (no dependencies)
    Target 'EmbeddedElementCall' in project 'EmbeddedElementCall'
        ➜ Explicit dependency on target 'EmbeddedElementCall' in project 'EmbeddedElementCall'
        ➜ Explicit dependency on target 'EmbeddedElementCall_EmbeddedElementCall' in project 'EmbeddedElementCall'
    Target 'EmbeddedElementCall' in project 'EmbeddedElementCall'
        ➜ Explicit dependency on target 'EmbeddedElementCall_EmbeddedElementCall' in project 'EmbeddedElementCall'
    Target 'EmbeddedElementCall_EmbeddedElementCall' in project 'EmbeddedElementCall' (no dependencies)
    Target 'AnalyticsEvents' in project 'AnalyticsEvents'
        ➜ Explicit dependency on target 'AnalyticsEvents' in project 'AnalyticsEvents'
    Target 'AnalyticsEvents' in project 'AnalyticsEvents' (no dependencies)
    Target 'AsyncAlgorithms' in project 'swift-async-algorithms'
        ➜ Explicit dependency on target 'AsyncAlgorithms' in project 'swift-async-algorithms'
        ➜ Explicit dependency on target 'OrderedCollections' in project 'swift-collections'
        ➜ Explicit dependency on target 'DequeModule' in project 'swift-collections'
    Target 'AsyncAlgorithms' in project 'swift-async-algorithms'
        ➜ Explicit dependency on target 'OrderedCollections' in project 'swift-collections'
        ➜ Explicit dependency on target 'DequeModule' in project 'swift-collections'
    Target 'DequeModule' in project 'swift-collections'
        ➜ Explicit dependency on target 'DequeModule' in project 'swift-collections'
        ➜ Explicit dependency on target 'InternalCollectionsUtilities' in project 'swift-collections'
    Target 'OrderedCollections' in project 'swift-collections'
        ➜ Explicit dependency on target 'OrderedCollections' in project 'swift-collections'
        ➜ Explicit dependency on target 'InternalCollectionsUtilities' in project 'swift-collections'
    Target 'Algorithms' in project 'swift-algorithms'
        ➜ Explicit dependency on target 'Algorithms' in project 'swift-algorithms'
        ➜ Explicit dependency on target 'RealModule' in project 'swift-numerics'
    Target 'Algorithms' in project 'swift-algorithms'
        ➜ Explicit dependency on target 'RealModule' in project 'swift-numerics'
    Target 'RealModule' in project 'swift-numerics'
        ➜ Explicit dependency on target 'RealModule' in project 'swift-numerics'
        ➜ Explicit dependency on target '_NumericsShims' in project 'swift-numerics'
    Target 'RealModule' in project 'swift-numerics'
        ➜ Explicit dependency on target '_NumericsShims' in project 'swift-numerics'
    Target '_NumericsShims' in project 'swift-numerics' (no dependencies)
    Target 'ShareExtension' in project 'Chatlio'
        ➜ Explicit dependency on target 'MatrixRustSDK' in project 'MatrixRustSDK'
        ➜ Explicit dependency on target 'Compound' in project 'Compound'
        ➜ Explicit dependency on target 'Collections' in project 'swift-collections'
        ➜ Explicit dependency on target 'KeychainAccess' in project 'KeychainAccess'
    Target 'NSE' in project 'Chatlio'
        ➜ Explicit dependency on target 'MatrixRustSDK' in project 'MatrixRustSDK'
        ➜ Explicit dependency on target 'KeychainAccess' in project 'KeychainAccess'
        ➜ Explicit dependency on target 'Kingfisher' in project 'Kingfisher'
        ➜ Explicit dependency on target 'Collections' in project 'swift-collections'
        ➜ Explicit dependency on target 'Compound' in project 'Compound'
        ➜ Explicit dependency on target 'DeviceKit' in project 'DeviceKit'
        ➜ Explicit dependency on target 'LRUCache' in project 'LRUCache'
        ➜ Explicit dependency on target 'Version' in project 'Version'
        ➜ Explicit dependency on target 'SwiftSoup' in project 'SwiftSoup'
    Target 'SwiftSoup' in project 'SwiftSoup'
        ➜ Explicit dependency on target 'SwiftSoup' in project 'SwiftSoup'
        ➜ Explicit dependency on target 'LRUCache' in project 'LRUCache'
        ➜ Explicit dependency on target 'Atomics' in project 'swift-atomics'
    Target 'SwiftSoup' in project 'SwiftSoup'
        ➜ Explicit dependency on target 'LRUCache' in project 'LRUCache'
        ➜ Explicit dependency on target 'Atomics' in project 'swift-atomics'
    Target 'Atomics' in project 'swift-atomics'
        ➜ Explicit dependency on target 'Atomics' in project 'swift-atomics'
        ➜ Explicit dependency on target '_AtomicsShims' in project 'swift-atomics'
    Target 'Atomics' in project 'swift-atomics'
        ➜ Explicit dependency on target '_AtomicsShims' in project 'swift-atomics'
    Target '_AtomicsShims' in project 'swift-atomics' (no dependencies)
    Target 'Version' in project 'Version'
        ➜ Explicit dependency on target 'Version' in project 'Version'
    Target 'Version' in project 'Version' (no dependencies)
    Target 'LRUCache' in project 'LRUCache'
        ➜ Explicit dependency on target 'LRUCache' in project 'LRUCache'
    Target 'LRUCache' in project 'LRUCache' (no dependencies)
    Target 'DeviceKit' in project 'DeviceKit'
        ➜ Explicit dependency on target 'DeviceKit' in project 'DeviceKit'
        ➜ Explicit dependency on target 'DeviceKit_DeviceKit' in project 'DeviceKit'
    Target 'DeviceKit' in project 'DeviceKit'
        ➜ Explicit dependency on target 'DeviceKit_DeviceKit' in project 'DeviceKit'
    Target 'DeviceKit_DeviceKit' in project 'DeviceKit' (no dependencies)
    Target 'Compound' in project 'Compound'
        ➜ Explicit dependency on target 'Compound' in project 'Compound'
        ➜ Explicit dependency on target 'CompoundDesignTokens' in project 'CompoundDesignTokens'
        ➜ Explicit dependency on target 'SwiftUIIntrospect' in project 'swiftui-introspect'
        ➜ Explicit dependency on target 'SFSafeSymbols' in project 'SFSafeSymbols'
    Target 'Compound' in project 'Compound'
        ➜ Explicit dependency on target 'CompoundDesignTokens' in project 'CompoundDesignTokens'
        ➜ Explicit dependency on target 'SwiftUIIntrospect' in project 'swiftui-introspect'
        ➜ Explicit dependency on target 'SFSafeSymbols' in project 'SFSafeSymbols'
    Target 'SFSafeSymbols' in project 'SFSafeSymbols'
        ➜ Explicit dependency on target 'SFSafeSymbols' in project 'SFSafeSymbols'
    Target 'SFSafeSymbols' in project 'SFSafeSymbols' (no dependencies)
    Target 'SwiftUIIntrospect' in project 'swiftui-introspect'
        ➜ Explicit dependency on target 'SwiftUIIntrospect' in project 'swiftui-introspect'
    Target 'SwiftUIIntrospect' in project 'swiftui-introspect' (no dependencies)
    Target 'CompoundDesignTokens' in project 'CompoundDesignTokens'
        ➜ Explicit dependency on target 'CompoundDesignTokens' in project 'CompoundDesignTokens'
        ➜ Explicit dependency on target 'CompoundDesignTokens_CompoundDesignTokens' in project 'CompoundDesignTokens'
    Target 'CompoundDesignTokens' in project 'CompoundDesignTokens'
        ➜ Explicit dependency on target 'CompoundDesignTokens_CompoundDesignTokens' in project 'CompoundDesignTokens'
    Target 'CompoundDesignTokens_CompoundDesignTokens' in project 'CompoundDesignTokens' (no dependencies)
    Target 'Collections' in project 'swift-collections'
        ➜ Explicit dependency on target 'Collections' in project 'swift-collections'
        ➜ Explicit dependency on target 'InternalCollectionsUtilities' in project 'swift-collections'
        ➜ Explicit dependency on target 'BitCollections' in project 'swift-collections'
        ➜ Explicit dependency on target 'DequeModule' in project 'swift-collections'
        ➜ Explicit dependency on target 'HashTreeCollections' in project 'swift-collections'
        ➜ Explicit dependency on target 'HeapModule' in project 'swift-collections'
        ➜ Explicit dependency on target 'OrderedCollections' in project 'swift-collections'
        ➜ Explicit dependency on target '_RopeModule' in project 'swift-collections'
    Target 'Collections' in project 'swift-collections'
        ➜ Explicit dependency on target 'InternalCollectionsUtilities' in project 'swift-collections'
        ➜ Explicit dependency on target 'BitCollections' in project 'swift-collections'
        ➜ Explicit dependency on target 'DequeModule' in project 'swift-collections'
        ➜ Explicit dependency on target 'HashTreeCollections' in project 'swift-collections'
        ➜ Explicit dependency on target 'HeapModule' in project 'swift-collections'
        ➜ Explicit dependency on target 'OrderedCollections' in project 'swift-collections'
        ➜ Explicit dependency on target '_RopeModule' in project 'swift-collections'
    Target '_RopeModule' in project 'swift-collections'
        ➜ Explicit dependency on target 'InternalCollectionsUtilities' in project 'swift-collections'
    Target 'OrderedCollections' in project 'swift-collections'
        ➜ Explicit dependency on target 'InternalCollectionsUtilities' in project 'swift-collections'
    Target 'HeapModule' in project 'swift-collections'
        ➜ Explicit dependency on target 'InternalCollectionsUtilities' in project 'swift-collections'
    Target 'HashTreeCollections' in project 'swift-collections'
        ➜ Explicit dependency on target 'InternalCollectionsUtilities' in project 'swift-collections'
    Target 'DequeModule' in project 'swift-collections'
        ➜ Explicit dependency on target 'InternalCollectionsUtilities' in project 'swift-collections'
    Target 'BitCollections' in project 'swift-collections'
        ➜ Explicit dependency on target 'InternalCollectionsUtilities' in project 'swift-collections'
    Target 'InternalCollectionsUtilities' in project 'swift-collections' (no dependencies)
    Target 'Kingfisher' in project 'Kingfisher'
        ➜ Explicit dependency on target 'Kingfisher' in project 'Kingfisher'
        ➜ Explicit dependency on target 'Kingfisher_Kingfisher' in project 'Kingfisher'
    Target 'Kingfisher' in project 'Kingfisher'
        ➜ Explicit dependency on target 'Kingfisher_Kingfisher' in project 'Kingfisher'
    Target 'Kingfisher_Kingfisher' in project 'Kingfisher' (no dependencies)
    Target 'KeychainAccess' in project 'KeychainAccess'
        ➜ Explicit dependency on target 'KeychainAccess' in project 'KeychainAccess'
    Target 'KeychainAccess' in project 'KeychainAccess' (no dependencies)
    Target 'MatrixRustSDK' in project 'MatrixRustSDK'
        ➜ Explicit dependency on target 'MatrixRustSDK' in project 'MatrixRustSDK'
    Target 'MatrixRustSDK' in project 'MatrixRustSDK' (no dependencies)

GatherProvisioningInputs

CreateBuildDescription

ExecuteExternalTool /Applications/Xcode.app/Contents/Developer/Toolchains/XcodeDefault.xctoolchain/usr/bin/swiftc --version

ExecuteExternalTool /Applications/Xcode.app/Contents/Developer/Toolchains/XcodeDefault.xctoolchain/usr/bin/ld -version_details

ExecuteExternalTool /Applications/Xcode.app/Contents/Developer/usr/bin/actool --version --output-format xml1

ExecuteExternalTool /Applications/Xcode.app/Contents/Developer/Toolchains/XcodeDefault.xctoolchain/usr/bin/clang -v -E -dM -arch arm64 -isysroot /Applications/Xcode.app/Contents/Developer/Platforms/iPhoneSimulator.platform/Developer/SDKs/iPhoneSimulator26.4.sdk -x c -c /dev/null

ExecuteExternalTool /Applications/Xcode.app/Contents/Developer/Toolchains/XcodeDefault.xctoolchain/usr/bin/clang -v -E -dM -arch arm64 -isysroot /Applications/Xcode.app/Contents/Developer/Platforms/iPhoneSimulator.platform/Developer/SDKs/iPhoneSimulator26.4.sdk -x objective-c -c /dev/null

ExecuteExternalTool /Applications/Xcode.app/Contents/Developer/Toolchains/XcodeDefault.xctoolchain/usr/bin/clang -v -E -dM -isysroot /Applications/Xcode.app/Contents/Developer/Platforms/iPhoneSimulator.platform/Developer/SDKs/iPhoneSimulator26.4.sdk -x c -c /dev/null

ExecuteExternalTool /Applications/Xcode.app/Contents/Developer/Toolchains/XcodeDefault.xctoolchain/usr/bin/clang -v -E -dM -arch x86_64 -isysroot /Applications/Xcode.app/Contents/Developer/Platforms/iPhoneSimulator.platform/Developer/SDKs/iPhoneSimulator26.4.sdk -x objective-c -c /dev/null

ExecuteExternalTool /Applications/Xcode.app/Contents/Developer/Toolchains/XcodeDefault.xctoolchain/usr/bin/clang -v -E -dM -arch x86_64 -isysroot /Applications/Xcode.app/Contents/Developer/Platforms/iPhoneSimulator.platform/Developer/SDKs/iPhoneSimulator26.4.sdk -x c -c /dev/null

ReadFileContents /Applications/Xcode.app/Contents/Developer/Toolchains/XcodeDefault.xctoolchain/usr/share/docc/features.json

ExecuteExternalTool /Applications/Xcode.app/Contents/Developer/usr/bin/actool --print-asset-tag-combinations --output-format xml1 /Users/aadityasingh/Documents/Development/element-x-ios/Chatlio/Resources/AppIcon.icon /Users/aadityasingh/Documents/Development/element-x-ios/Chatlio/Resources/Assets.xcassets

Build description signature: 5077a8a8140851d6f5f1025d71001aa6
Build description path: /Users/aadityasingh/Library/Developer/Xcode/DerivedData/Chatlio-erkyzdeecsohoaggpwbjdvavzqfv/Build/Intermediates.noindex/XCBuildData/5077a8a8140851d6f5f1025d71001aa6.xcbuilddata
ClangStatCache /Applications/Xcode.app/Contents/Developer/Toolchains/XcodeDefault.xctoolchain/usr/bin/clang-stat-cache /Applications/Xcode.app/Contents/Developer/Platforms/iPhoneSimulator.platform/Developer/SDKs/iPhoneSimulator26.4.sdk /Users/aadityasingh/Library/Developer/Xcode/DerivedData/SDKStatCaches.noindex/iphonesimulator26.4-23E252-686eebb5dc1d8ecb277353a59184f4aa.sdkstatcache
    cd /Users/aadityasingh/Documents/Development/element-x-ios/Chatlio.xcodeproj
    /Applications/Xcode.app/Contents/Developer/Toolchains/XcodeDefault.xctoolchain/usr/bin/clang-stat-cache /Applications/Xcode.app/Contents/Developer/Platforms/iPhoneSimulator.platform/Developer/SDKs/iPhoneSimulator26.4.sdk -o /Users/aadityasingh/Library/Developer/Xcode/DerivedData/SDKStatCaches.noindex/iphonesimulator26.4-23E252-686eebb5dc1d8ecb277353a59184f4aa.sdkstatcache

CreateBuildDirectory /Users/aadityasingh/Library/Developer/Xcode/DerivedData/Chatlio-erkyzdeecsohoaggpwbjdvavzqfv/Build/Products
    cd /Users/aadityasingh/Documents/Development/element-x-ios/Chatlio.xcodeproj
    builtin-create-build-directory /Users/aadityasingh/Library/Developer/Xcode/DerivedData/Chatlio-erkyzdeecsohoaggpwbjdvavzqfv/Build/Products

CreateBuildDirectory /Users/aadityasingh/Library/Developer/Xcode/DerivedData/Chatlio-erkyzdeecsohoaggpwbjdvavzqfv/Build/Intermediates.noindex
    cd /Users/aadityasingh/Documents/Development/element-x-ios/Chatlio.xcodeproj
    builtin-create-build-directory /Users/aadityasingh/Library/Developer/Xcode/DerivedData/Chatlio-erkyzdeecsohoaggpwbjdvavzqfv/Build/Intermediates.noindex

CreateBuildDirectory /Users/aadityasingh/Library/Developer/Xcode/DerivedData/Chatlio-erkyzdeecsohoaggpwbjdvavzqfv/Build/Intermediates.noindex/SwiftExplicitPrecompiledModules
    cd /Users/aadityasingh/Documents/Development/element-x-ios/Chatlio.xcodeproj
    builtin-create-build-directory /Users/aadityasingh/Library/Developer/Xcode/DerivedData/Chatlio-erkyzdeecsohoaggpwbjdvavzqfv/Build/Intermediates.noindex/SwiftExplicitPrecompiledModules

CreateBuildDirectory /Users/aadityasingh/Library/Developer/Xcode/DerivedData/Chatlio-erkyzdeecsohoaggpwbjdvavzqfv/Build/Intermediates.noindex/ExplicitPrecompiledModules
    cd /Users/aadityasingh/Documents/Development/element-x-ios/Chatlio.xcodeproj
    builtin-create-build-directory /Users/aadityasingh/Library/Developer/Xcode/DerivedData/Chatlio-erkyzdeecsohoaggpwbjdvavzqfv/Build/Intermediates.noindex/ExplicitPrecompiledModules

CreateBuildDirectory /Users/aadityasingh/Library/Developer/Xcode/DerivedData/Chatlio-erkyzdeecsohoaggpwbjdvavzqfv/Build/Products/Debug-iphonesimulator
    cd /Users/aadityasingh/Documents/Development/element-x-ios/Chatlio.xcodeproj
    builtin-create-build-directory /Users/aadityasingh/Library/Developer/Xcode/DerivedData/Chatlio-erkyzdeecsohoaggpwbjdvavzqfv/Build/Products/Debug-iphonesimulator

CreateBuildDirectory /Users/aadityasingh/Library/Developer/Xcode/DerivedData/Chatlio-erkyzdeecsohoaggpwbjdvavzqfv/Build/Intermediates.noindex/EagerLinkingTBDs/Debug-iphonesimulator
    cd /Users/aadityasingh/Documents/Development/element-x-ios/Chatlio.xcodeproj
    builtin-create-build-directory /Users/aadityasingh/Library/Developer/Xcode/DerivedData/Chatlio-erkyzdeecsohoaggpwbjdvavzqfv/Build/Intermediates.noindex/EagerLinkingTBDs/Debug-iphonesimulator

WriteAuxiliaryFile /Users/aadityasingh/Library/Developer/Xcode/DerivedData/Chatlio-erkyzdeecsohoaggpwbjdvavzqfv/Build/Intermediates.noindex/Chatlio.build/Debug-iphonesimulator/Chatlio-c0c2b8f6bf95e401ab7a73c0cdfb87e2-VFS-iphonesimulator/all-product-headers.yaml
    cd /Users/aadityasingh/Documents/Development/element-x-ios/Chatlio.xcodeproj
    write-file /Users/aadityasingh/Library/Developer/Xcode/DerivedData/Chatlio-erkyzdeecsohoaggpwbjdvavzqfv/Build/Intermediates.noindex/Chatlio.build/Debug-iphonesimulator/Chatlio-c0c2b8f6bf95e401ab7a73c0cdfb87e2-VFS-iphonesimulator/all-product-headers.yaml

CreateBuildDirectory /Users/aadityasingh/Library/Developer/Xcode/DerivedData/Chatlio-erkyzdeecsohoaggpwbjdvavzqfv/Build/Products/Debug-iphonesimulator/PackageFrameworks
    cd /Users/aadityasingh/Documents/Development/element-x-ios/Chatlio.xcodeproj
    builtin-create-build-directory /Users/aadityasingh/Library/Developer/Xcode/DerivedData/Chatlio-erkyzdeecsohoaggpwbjdvavzqfv/Build/Products/Debug-iphonesimulator/PackageFrameworks

WriteAuxiliaryFile /Users/aadityasingh/Library/Developer/Xcode/DerivedData/Chatlio-erkyzdeecsohoaggpwbjdvavzqfv/Build/Intermediates.noindex/swift-numerics.build/Debug-iphonesimulator/_NumericsShims.build/_NumericsShims.DependencyStaticMetadataFileList (in target '_NumericsShims' from project 'swift-numerics')
    cd /Users/aadityasingh/Library/Developer/Xcode/DerivedData/Chatlio-erkyzdeecsohoaggpwbjdvavzqfv/SourcePackages/checkouts/swift-numerics
    write-file /Users/aadityasingh/Library/Developer/Xcode/DerivedData/Chatlio-erkyzdeecsohoaggpwbjdvavzqfv/Build/Intermediates.noindex/swift-numerics.build/Debug-iphonesimulator/_NumericsShims.build/_NumericsShims.DependencyStaticMetadataFileList

WriteAuxiliaryFile /Users/aadityasingh/Library/Developer/Xcode/DerivedData/Chatlio-erkyzdeecsohoaggpwbjdvavzqfv/Build/Intermediates.noindex/swift-numerics.build/Debug-iphonesimulator/_NumericsShims.build/_NumericsShims.DependencyMetadataFileList (in target '_NumericsShims' from project 'swift-numerics')
    cd /Users/aadityasingh/Library/Developer/Xcode/DerivedData/Chatlio-erkyzdeecsohoaggpwbjdvavzqfv/SourcePackages/checkouts/swift-numerics
    write-file /Users/aadityasingh/Library/Developer/Xcode/DerivedData/Chatlio-erkyzdeecsohoaggpwbjdvavzqfv/Build/Intermediates.noindex/swift-numerics.build/Debug-iphonesimulator/_NumericsShims.build/_NumericsShims.DependencyMetadataFileList

WriteAuxiliaryFile /Users/aadityasingh/Library/Developer/Xcode/DerivedData/Chatlio-erkyzdeecsohoaggpwbjdvavzqfv/Build/Intermediates.noindex/swift-numerics.build/Debug-iphonesimulator/_NumericsShims.build/Objects-normal/x86_64/7187679823f38a2a940e0043cdf9d637-common-args.resp (in target '_NumericsShims' from project 'swift-numerics')
    cd /Users/aadityasingh/Library/Developer/Xcode/DerivedData/Chatlio-erkyzdeecsohoaggpwbjdvavzqfv/SourcePackages/checkouts/swift-numerics
    write-file /Users/aadityasingh/Library/Developer/Xcode/DerivedData/Chatlio-erkyzdeecsohoaggpwbjdvavzqfv/Build/Intermediates.noindex/swift-numerics.build/Debug-iphonesimulator/_NumericsShims.build/Objects-normal/x86_64/7187679823f38a2a940e0043cdf9d637-common-args.resp
-fmodules -gmodules '-fmodules-cache-path=/Users/aadityasingh/Library/Developer/Xcode/DerivedData/ModuleCache.noindex' '-fmodule-name=_NumericsShims' -fpascal-strings -O0 -DSWIFT_PACKAGE '-DDEBUG=1' -fasm-blocks -g -fprofile-instr-generate -fcoverage-mapping -I/Users/aadityasingh/Library/Developer/Xcode/DerivedData/Chatlio-erkyzdeecsohoaggpwbjdvavzqfv/Build/Products/Debug-iphonesimulator/include -I/Users/aadityasingh/Library/Developer/Xcode/DerivedData/Chatlio-erkyzdeecsohoaggpwbjdvavzqfv/SourcePackages/checkouts/swift-numerics/Sources/_NumericsShims/include -I/Users/aadityasingh/Library/Developer/Xcode/DerivedData/Chatlio-erkyzdeecsohoaggpwbjdvavzqfv/Build/Intermediates.noindex/swift-numerics.build/Debug-iphonesimulator/_NumericsShims.build/DerivedSources-normal/x86_64 -I/Users/aadityasingh/Library/Developer/Xcode/DerivedData/Chatlio-erkyzdeecsohoaggpwbjdvavzqfv/Build/Intermediates.noindex/swift-numerics.build/Debug-iphonesimulator/_NumericsShims.build/DerivedSources/x86_64 -I/Users/aadityasingh/Library/Developer/Xcode/DerivedData/Chatlio-erkyzdeecsohoaggpwbjdvavzqfv/Build/Intermediates.noindex/swift-numerics.build/Debug-iphonesimulator/_NumericsShims.build/DerivedSources -F/Users/aadityasingh/Library/Developer/Xcode/DerivedData/Chatlio-erkyzdeecsohoaggpwbjdvavzqfv/Build/Products/Debug-iphonesimulator -iframework /Applications/Xcode.app/Contents/Developer/Platforms/iPhoneSimulator.platform/Developer/Library/Frameworks -iframework /Applications/Xcode.app/Contents/Developer/Platforms/iPhoneSimulator.platform/Developer/SDKs/iPhoneSimulator26.4.sdk/Developer/Library/Frameworks -DXcode

WriteAuxiliaryFile /Users/aadityasingh/Library/Developer/Xcode/DerivedData/Chatlio-erkyzdeecsohoaggpwbjdvavzqfv/Build/Intermediates.noindex/swift-numerics.build/Debug-iphonesimulator/_NumericsShims.build/Objects-normal/x86_64/_NumericsShims.LinkFileList (in target '_NumericsShims' from project 'swift-numerics')
    cd /Users/aadityasingh/Library/Developer/Xcode/DerivedData/Chatlio-erkyzdeecsohoaggpwbjdvavzqfv/SourcePackages/checkouts/swift-numerics
    write-file /Users/aadityasingh/Library/Developer/Xcode/DerivedData/Chatlio-erkyzdeecsohoaggpwbjdvavzqfv/Build/Intermediates.noindex/swift-numerics.build/Debug-iphonesimulator/_NumericsShims.build/Objects-normal/x86_64/_NumericsShims.LinkFileList

WriteAuxiliaryFile /Users/aadityasingh/Library/Developer/Xcode/DerivedData/Chatlio-erkyzdeecsohoaggpwbjdvavzqfv/Build/Intermediates.noindex/PostHog.build/Debug-iphonesimulator/phlibwebp.build/phlibwebp.modulemap (in target 'phlibwebp' from project 'PostHog')
    cd /Users/aadityasingh/Library/Developer/Xcode/DerivedData/Chatlio-erkyzdeecsohoaggpwbjdvavzqfv/SourcePackages/checkouts/posthog-ios
    write-file /Users/aadityasingh/Library/Developer/Xcode/DerivedData/Chatlio-erkyzdeecsohoaggpwbjdvavzqfv/Build/Intermediates.noindex/PostHog.build/Debug-iphonesimulator/phlibwebp.build/phlibwebp.modulemap

WriteAuxiliaryFile /Users/aadityasingh/Library/Developer/Xcode/DerivedData/Chatlio-erkyzdeecsohoaggpwbjdvavzqfv/Build/Intermediates.noindex/PostHog.build/Debug-iphonesimulator/phlibwebp.build/phlibwebp.DependencyStaticMetadataFileList (in target 'phlibwebp' from project 'PostHog')
    cd /Users/aadityasingh/Library/Developer/Xcode/DerivedData/Chatlio-erkyzdeecsohoaggpwbjdvavzqfv/SourcePackages/checkouts/posthog-ios
    write-file /Users/aadityasingh/Library/Developer/Xcode/DerivedData/Chatlio-erkyzdeecsohoaggpwbjdvavzqfv/Build/Intermediates.noindex/PostHog.build/Debug-iphonesimulator/phlibwebp.build/phlibwebp.DependencyStaticMetadataFileList

WriteAuxiliaryFile /Users/aadityasingh/Library/Developer/Xcode/DerivedData/Chatlio-erkyzdeecsohoaggpwbjdvavzqfv/Build/Intermediates.noindex/PostHog.build/Debug-iphonesimulator/phlibwebp.build/phlibwebp.DependencyMetadataFileList (in target 'phlibwebp' from project 'PostHog')
    cd /Users/aadityasingh/Library/Developer/Xcode/DerivedData/Chatlio-erkyzdeecsohoaggpwbjdvavzqfv/SourcePackages/checkouts/posthog-ios
    write-file /Users/aadityasingh/Library/Developer/Xcode/DerivedData/Chatlio-erkyzdeecsohoaggpwbjdvavzqfv/Build/Intermediates.noindex/PostHog.build/Debug-iphonesimulator/phlibwebp.build/phlibwebp.DependencyMetadataFileList

WriteAuxiliaryFile /Users/aadityasingh/Library/Developer/Xcode/DerivedData/Chatlio-erkyzdeecsohoaggpwbjdvavzqfv/Build/Intermediates.noindex/PostHog.build/Debug-iphonesimulator/phlibwebp.build/Objects-normal/arm64/7187679823f38a2a940e0043cdf9d637-common-args.resp (in target 'phlibwebp' from project 'PostHog')
    cd /Users/aadityasingh/Library/Developer/Xcode/DerivedData/Chatlio-erkyzdeecsohoaggpwbjdvavzqfv/SourcePackages/checkouts/posthog-ios
    write-file /Users/aadityasingh/Library/Developer/Xcode/DerivedData/Chatlio-erkyzdeecsohoaggpwbjdvavzqfv/Build/Intermediates.noindex/PostHog.build/Debug-iphonesimulator/phlibwebp.build/Objects-normal/arm64/7187679823f38a2a940e0043cdf9d637-common-args.resp
-fmodules -gmodules '-fmodules-cache-path=/Users/aadityasingh/Library/Developer/Xcode/DerivedData/ModuleCache.noindex' '-fmodule-name=phlibwebp' -fpascal-strings -O0 -DSWIFT_PACKAGE '-DDEBUG=1' -g -fprofile-instr-generate -fcoverage-mapping -I/Users/aadityasingh/Library/Developer/Xcode/DerivedData/Chatlio-erkyzdeecsohoaggpwbjdvavzqfv/Build/Products/Debug-iphonesimulator/include -I/Users/aadityasingh/Library/Developer/Xcode/DerivedData/Chatlio-erkyzdeecsohoaggpwbjdvavzqfv/SourcePackages/checkouts/posthog-ios/vendor/libwebp -I/Users/aadityasingh/Library/Developer/Xcode/DerivedData/Chatlio-erkyzdeecsohoaggpwbjdvavzqfv/SourcePackages/checkouts/posthog-ios/vendor/libwebp -I/Users/aadityasingh/Library/Developer/Xcode/DerivedData/Chatlio-erkyzdeecsohoaggpwbjdvavzqfv/Build/Intermediates.noindex/PostHog.build/Debug-iphonesimulator/phlibwebp.build/DerivedSources-normal/arm64 -I/Users/aadityasingh/Library/Developer/Xcode/DerivedData/Chatlio-erkyzdeecsohoaggpwbjdvavzqfv/Build/Intermediates.noindex/PostHog.build/Debug-iphonesimulator/phlibwebp.build/DerivedSources/arm64 -I/Users/aadityasingh/Library/Developer/Xcode/DerivedData/Chatlio-erkyzdeecsohoaggpwbjdvavzqfv/Build/Intermediates.noindex/PostHog.build/Debug-iphonesimulator/phlibwebp.build/DerivedSources -F/Users/aadityasingh/Library/Developer/Xcode/DerivedData/Chatlio-erkyzdeecsohoaggpwbjdvavzqfv/Build/Products/Debug-iphonesimulator -iframework /Applications/Xcode.app/Contents/Developer/Platforms/iPhoneSimulator.platform/Developer/Library/Frameworks -iframework /Applications/Xcode.app/Contents/Developer/Platforms/iPhoneSimulator.platform/Developer/SDKs/iPhoneSimulator26.4.sdk/Developer/Library/Frameworks -DXcode

WriteAuxiliaryFile /Users/aadityasingh/Library/Developer/Xcode/DerivedData/Chatlio-erkyzdeecsohoaggpwbjdvavzqfv/Build/Intermediates.noindex/PostHog.build/Debug-iphonesimulator/phlibwebp.build/Objects-normal/arm64/phlibwebp.LinkFileList (in target 'phlibwebp' from project 'PostHog')
    cd /Users/aadityasingh/Library/Developer/Xcode/DerivedData/Chatlio-erkyzdeecsohoaggpwbjdvavzqfv/SourcePackages/checkouts/posthog-ios
    write-file /Users/aadityasingh/Library/Developer/Xcode/DerivedData/Chatlio-erkyzdeecsohoaggpwbjdvavzqfv/Build/Intermediates.noindex/PostHog.build/Debug-iphonesimulator/phlibwebp.build/Objects-normal/arm64/phlibwebp.LinkFileList

WriteAuxiliaryFile /Users/aadityasingh/Library/Developer/Xcode/DerivedData/Chatlio-erkyzdeecsohoaggpwbjdvavzqfv/Build/Intermediates.noindex/PostHog.build/Debug-iphonesimulator/phlibwebp.build/Objects-normal/x86_64/phlibwebp.LinkFileList (in target 'phlibwebp' from project 'PostHog')
    cd /Users/aadityasingh/Library/Developer/Xcode/DerivedData/Chatlio-erkyzdeecsohoaggpwbjdvavzqfv/SourcePackages/checkouts/posthog-ios
    write-file /Users/aadityasingh/Library/Developer/Xcode/DerivedData/Chatlio-erkyzdeecsohoaggpwbjdvavzqfv/Build/Intermediates.noindex/PostHog.build/Debug-iphonesimulator/phlibwebp.build/Objects-normal/x86_64/phlibwebp.LinkFileList

WriteAuxiliaryFile /Users/aadityasingh/Library/Developer/Xcode/DerivedData/Chatlio-erkyzdeecsohoaggpwbjdvavzqfv/Build/Intermediates.noindex/PostHog.build/Debug-iphonesimulator/phlibwebp.build/Objects-normal/x86_64/7187679823f38a2a940e0043cdf9d637-common-args.resp (in target 'phlibwebp' from project 'PostHog')
    cd /Users/aadityasingh/Library/Developer/Xcode/DerivedData/Chatlio-erkyzdeecsohoaggpwbjdvavzqfv/SourcePackages/checkouts/posthog-ios
    write-file /Users/aadityasingh/Library/Developer/Xcode/DerivedData/Chatlio-erkyzdeecsohoaggpwbjdvavzqfv/Build/Intermediates.noindex/PostHog.build/Debug-iphonesimulator/phlibwebp.build/Objects-normal/x86_64/7187679823f38a2a940e0043cdf9d637-common-args.resp
-fmodules -gmodules '-fmodules-cache-path=/Users/aadityasingh/Library/Developer/Xcode/DerivedData/ModuleCache.noindex' '-fmodule-name=phlibwebp' -fpascal-strings -O0 -DSWIFT_PACKAGE '-DDEBUG=1' -fasm-blocks -g -fprofile-instr-generate -fcoverage-mapping -I/Users/aadityasingh/Library/Developer/Xcode/DerivedData/Chatlio-erkyzdeecsohoaggpwbjdvavzqfv/Build/Products/Debug-iphonesimulator/include -I/Users/aadityasingh/Library/Developer/Xcode/DerivedData/Chatlio-erkyzdeecsohoaggpwbjdvavzqfv/SourcePackages/checkouts/posthog-ios/vendor/libwebp -I/Users/aadityasingh/Library/Developer/Xcode/DerivedData/Chatlio-erkyzdeecsohoaggpwbjdvavzqfv/SourcePackages/checkouts/posthog-ios/vendor/libwebp -I/Users/aadityasingh/Library/Developer/Xcode/DerivedData/Chatlio-erkyzdeecsohoaggpwbjdvavzqfv/Build/Intermediates.noindex/PostHog.build/Debug-iphonesimulator/phlibwebp.build/DerivedSources-normal/x86_64 -I/Users/aadityasingh/Library/Developer/Xcode/DerivedData/Chatlio-erkyzdeecsohoaggpwbjdvavzqfv/Build/Intermediates.noindex/PostHog.build/Debug-iphonesimulator/phlibwebp.build/DerivedSources/x86_64 -I/Users/aadityasingh/Library/Developer/Xcode/DerivedData/Chatlio-erkyzdeecsohoaggpwbjdvavzqfv/Build/Intermediates.noindex/PostHog.build/Debug-iphonesimulator/phlibwebp.build/DerivedSources -F/Users/aadityasingh/Library/Developer/Xcode/DerivedData/Chatlio-erkyzdeecsohoaggpwbjdvavzqfv/Build/Products/Debug-iphonesimulator -iframework /Applications/Xcode.app/Contents/Developer/Platforms/iPhoneSimulator.platform/Developer/Library/Frameworks -iframework /Applications/Xcode.app/Contents/Developer/Platforms/iPhoneSimulator.platform/Developer/SDKs/iPhoneSimulator26.4.sdk/Developer/Library/Frameworks -DXcode

WriteAuxiliaryFile /Users/aadityasingh/Library/Developer/Xcode/DerivedData/Chatlio-erkyzdeecsohoaggpwbjdvavzqfv/Build/Intermediates.noindex/swift-numerics.build/Debug-iphonesimulator/_NumericsShims.build/Objects-normal/arm64/7187679823f38a2a940e0043cdf9d637-common-args.resp (in target '_NumericsShims' from project 'swift-numerics')
    cd /Users/aadityasingh/Library/Developer/Xcode/DerivedData/Chatlio-erkyzdeecsohoaggpwbjdvavzqfv/SourcePackages/checkouts/swift-numerics
    write-file /Users/aadityasingh/Library/Developer/Xcode/DerivedData/Chatlio-erkyzdeecsohoaggpwbjdvavzqfv/Build/Intermediates.noindex/swift-numerics.build/Debug-iphonesimulator/_NumericsShims.build/Objects-normal/arm64/7187679823f38a2a940e0043cdf9d637-common-args.resp
-fmodules -gmodules '-fmodules-cache-path=/Users/aadityasingh/Library/Developer/Xcode/DerivedData/ModuleCache.noindex' '-fmodule-name=_NumericsShims' -fpascal-strings -O0 -DSWIFT_PACKAGE '-DDEBUG=1' -g -fprofile-instr-generate -fcoverage-mapping -I/Users/aadityasingh/Library/Developer/Xcode/DerivedData/Chatlio-erkyzdeecsohoaggpwbjdvavzqfv/Build/Products/Debug-iphonesimulator/include -I/Users/aadityasingh/Library/Developer/Xcode/DerivedData/Chatlio-erkyzdeecsohoaggpwbjdvavzqfv/SourcePackages/checkouts/swift-numerics/Sources/_NumericsShims/include -I/Users/aadityasingh/Library/Developer/Xcode/DerivedData/Chatlio-erkyzdeecsohoaggpwbjdvavzqfv/Build/Intermediates.noindex/swift-numerics.build/Debug-iphonesimulator/_NumericsShims.build/DerivedSources-normal/arm64 -I/Users/aadityasingh/Library/Developer/Xcode/DerivedData/Chatlio-erkyzdeecsohoaggpwbjdvavzqfv/Build/Intermediates.noindex/swift-numerics.build/Debug-iphonesimulator/_NumericsShims.build/DerivedSources/arm64 -I/Users/aadityasingh/Library/Developer/Xcode/DerivedData/Chatlio-erkyzdeecsohoaggpwbjdvavzqfv/Build/Intermediates.noindex/swift-numerics.build/Debug-iphonesimulator/_NumericsShims.build/DerivedSources -F/Users/aadityasingh/Library/Developer/Xcode/DerivedData/Chatlio-erkyzdeecsohoaggpwbjdvavzqfv/Build/Products/Debug-iphonesimulator -iframework /Applications/Xcode.app/Contents/Developer/Platforms/iPhoneSimulator.platform/Developer/Library/Frameworks -iframework /Applications/Xcode.app/Contents/Developer/Platforms/iPhoneSimulator.platform/Developer/SDKs/iPhoneSimulator26.4.sdk/Developer/Library/Frameworks -DXcode

WriteAuxiliaryFile /Users/aadityasingh/Library/Developer/Xcode/DerivedData/Chatlio-erkyzdeecsohoaggpwbjdvavzqfv/Build/Intermediates.noindex/PostHog.build/Debug-iphonesimulator/PostHog_PostHog.build/PostHog_PostHog.DependencyStaticMetadataFileList (in target 'PostHog_PostHog' from project 'PostHog')
    cd /Users/aadityasingh/Library/Developer/Xcode/DerivedData/Chatlio-erkyzdeecsohoaggpwbjdvavzqfv/SourcePackages/checkouts/posthog-ios
    write-file /Users/aadityasingh/Library/Developer/Xcode/DerivedData/Chatlio-erkyzdeecsohoaggpwbjdvavzqfv/Build/Intermediates.noindex/PostHog.build/Debug-iphonesimulator/PostHog_PostHog.build/PostHog_PostHog.DependencyStaticMetadataFileList

WriteAuxiliaryFile /Users/aadityasingh/Library/Developer/Xcode/DerivedData/Chatlio-erkyzdeecsohoaggpwbjdvavzqfv/Build/Intermediates.noindex/PostHog.build/Debug-iphonesimulator/PostHog_PostHog.build/empty-PostHog_PostHog.plist (in target 'PostHog_PostHog' from project 'PostHog')
    cd /Users/aadityasingh/Library/Developer/Xcode/DerivedData/Chatlio-erkyzdeecsohoaggpwbjdvavzqfv/SourcePackages/checkouts/posthog-ios
    write-file /Users/aadityasingh/Library/Developer/Xcode/DerivedData/Chatlio-erkyzdeecsohoaggpwbjdvavzqfv/Build/Intermediates.noindex/PostHog.build/Debug-iphonesimulator/PostHog_PostHog.build/empty-PostHog_PostHog.plist

WriteAuxiliaryFile /Users/aadityasingh/Library/Developer/Xcode/DerivedData/Chatlio-erkyzdeecsohoaggpwbjdvavzqfv/Build/Intermediates.noindex/swift-numerics.build/Debug-iphonesimulator/_NumericsShims.build/Objects-normal/arm64/_NumericsShims.LinkFileList (in target '_NumericsShims' from project 'swift-numerics')
    cd /Users/aadityasingh/Library/Developer/Xcode/DerivedData/Chatlio-erkyzdeecsohoaggpwbjdvavzqfv/SourcePackages/checkouts/swift-numerics
    write-file /Users/aadityasingh/Library/Developer/Xcode/DerivedData/Chatlio-erkyzdeecsohoaggpwbjdvavzqfv/Build/Intermediates.noindex/swift-numerics.build/Debug-iphonesimulator/_NumericsShims.build/Objects-normal/arm64/_NumericsShims.LinkFileList

WriteAuxiliaryFile /Users/aadityasingh/Library/Developer/Xcode/DerivedData/Chatlio-erkyzdeecsohoaggpwbjdvavzqfv/Build/Intermediates.noindex/PostHog.build/Debug-iphonesimulator/PostHog_PostHog.build/PostHog_PostHog.DependencyMetadataFileList (in target 'PostHog_PostHog' from project 'PostHog')
    cd /Users/aadityasingh/Library/Developer/Xcode/DerivedData/Chatlio-erkyzdeecsohoaggpwbjdvavzqfv/SourcePackages/checkouts/posthog-ios
    write-file /Users/aadityasingh/Library/Developer/Xcode/DerivedData/Chatlio-erkyzdeecsohoaggpwbjdvavzqfv/Build/Intermediates.noindex/PostHog.build/Debug-iphonesimulator/PostHog_PostHog.build/PostHog_PostHog.DependencyMetadataFileList

WriteAuxiliaryFile /Users/aadityasingh/Library/Developer/Xcode/DerivedData/Chatlio-erkyzdeecsohoaggpwbjdvavzqfv/Build/Intermediates.noindex/Kingfisher.build/Debug-iphonesimulator/Kingfisher_Kingfisher.build/Kingfisher_Kingfisher.DependencyStaticMetadataFileList (in target 'Kingfisher_Kingfisher' from project 'Kingfisher')
    cd /Users/aadityasingh/Library/Developer/Xcode/DerivedData/Chatlio-erkyzdeecsohoaggpwbjdvavzqfv/SourcePackages/checkouts/Kingfisher
    write-file /Users/aadityasingh/Library/Developer/Xcode/DerivedData/Chatlio-erkyzdeecsohoaggpwbjdvavzqfv/Build/Intermediates.noindex/Kingfisher.build/Debug-iphonesimulator/Kingfisher_Kingfisher.build/Kingfisher_Kingfisher.DependencyStaticMetadataFileList

WriteAuxiliaryFile /Users/aadityasingh/Library/Developer/Xcode/DerivedData/Chatlio-erkyzdeecsohoaggpwbjdvavzqfv/Build/Intermediates.noindex/Kingfisher.build/Debug-iphonesimulator/Kingfisher_Kingfisher.build/empty-Kingfisher_Kingfisher.plist (in target 'Kingfisher_Kingfisher' from project 'Kingfisher')
    cd /Users/aadityasingh/Library/Developer/Xcode/DerivedData/Chatlio-erkyzdeecsohoaggpwbjdvavzqfv/SourcePackages/checkouts/Kingfisher
    write-file /Users/aadityasingh/Library/Developer/Xcode/DerivedData/Chatlio-erkyzdeecsohoaggpwbjdvavzqfv/Build/Intermediates.noindex/Kingfisher.build/Debug-iphonesimulator/Kingfisher_Kingfisher.build/empty-Kingfisher_Kingfisher.plist

WriteAuxiliaryFile /Users/aadityasingh/Library/Developer/Xcode/DerivedData/Chatlio-erkyzdeecsohoaggpwbjdvavzqfv/Build/Intermediates.noindex/Kingfisher.build/Debug-iphonesimulator/Kingfisher_Kingfisher.build/Kingfisher_Kingfisher.DependencyMetadataFileList (in target 'Kingfisher_Kingfisher' from project 'Kingfisher')
    cd /Users/aadityasingh/Library/Developer/Xcode/DerivedData/Chatlio-erkyzdeecsohoaggpwbjdvavzqfv/SourcePackages/checkouts/Kingfisher
    write-file /Users/aadityasingh/Library/Developer/Xcode/DerivedData/Chatlio-erkyzdeecsohoaggpwbjdvavzqfv/Build/Intermediates.noindex/Kingfisher.build/Debug-iphonesimulator/Kingfisher_Kingfisher.build/Kingfisher_Kingfisher.DependencyMetadataFileList

WriteAuxiliaryFile /Users/aadityasingh/Library/Developer/Xcode/DerivedData/Chatlio-erkyzdeecsohoaggpwbjdvavzqfv/Build/Intermediates.noindex/Emojibase.build/Debug-iphonesimulator/Emojibase_Emojibase.build/empty-Emojibase_Emojibase.plist (in target 'Emojibase_Emojibase' from project 'Emojibase')
    cd /Users/aadityasingh/Library/Developer/Xcode/DerivedData/Chatlio-erkyzdeecsohoaggpwbjdvavzqfv/SourcePackages/checkouts/emojibase-bindings
    write-file /Users/aadityasingh/Library/Developer/Xcode/DerivedData/Chatlio-erkyzdeecsohoaggpwbjdvavzqfv/Build/Intermediates.noindex/Emojibase.build/Debug-iphonesimulator/Emojibase_Emojibase.build/empty-Emojibase_Emojibase.plist

WriteAuxiliaryFile /Users/aadityasingh/Library/Developer/Xcode/DerivedData/Chatlio-erkyzdeecsohoaggpwbjdvavzqfv/Build/Intermediates.noindex/Emojibase.build/Debug-iphonesimulator/Emojibase_Emojibase.build/Emojibase_Emojibase.DependencyStaticMetadataFileList (in target 'Emojibase_Emojibase' from project 'Emojibase')
    cd /Users/aadityasingh/Library/Developer/Xcode/DerivedData/Chatlio-erkyzdeecsohoaggpwbjdvavzqfv/SourcePackages/checkouts/emojibase-bindings
    write-file /Users/aadityasingh/Library/Developer/Xcode/DerivedData/Chatlio-erkyzdeecsohoaggpwbjdvavzqfv/Build/Intermediates.noindex/Emojibase.build/Debug-iphonesimulator/Emojibase_Emojibase.build/Emojibase_Emojibase.DependencyStaticMetadataFileList

WriteAuxiliaryFile /Users/aadityasingh/Library/Developer/Xcode/DerivedData/Chatlio-erkyzdeecsohoaggpwbjdvavzqfv/Build/Intermediates.noindex/Emojibase.build/Debug-iphonesimulator/Emojibase_Emojibase.build/Emojibase_Emojibase.DependencyMetadataFileList (in target 'Emojibase_Emojibase' from project 'Emojibase')
    cd /Users/aadityasingh/Library/Developer/Xcode/DerivedData/Chatlio-erkyzdeecsohoaggpwbjdvavzqfv/SourcePackages/checkouts/emojibase-bindings
    write-file /Users/aadityasingh/Library/Developer/Xcode/DerivedData/Chatlio-erkyzdeecsohoaggpwbjdvavzqfv/Build/Intermediates.noindex/Emojibase.build/Debug-iphonesimulator/Emojibase_Emojibase.build/Emojibase_Emojibase.DependencyMetadataFileList

WriteAuxiliaryFile /Users/aadityasingh/Library/Developer/Xcode/DerivedData/Chatlio-erkyzdeecsohoaggpwbjdvavzqfv/Build/Intermediates.noindex/EmbeddedElementCall.build/Debug-iphonesimulator/EmbeddedElementCall_EmbeddedElementCall.build/EmbeddedElementCall_EmbeddedElementCall.DependencyStaticMetadataFileList (in target 'EmbeddedElementCall_EmbeddedElementCall' from project 'EmbeddedElementCall')
    cd /Users/aadityasingh/Library/Developer/Xcode/DerivedData/Chatlio-erkyzdeecsohoaggpwbjdvavzqfv/SourcePackages/checkouts/element-call-swift
    write-file /Users/aadityasingh/Library/Developer/Xcode/DerivedData/Chatlio-erkyzdeecsohoaggpwbjdvavzqfv/Build/Intermediates.noindex/EmbeddedElementCall.build/Debug-iphonesimulator/EmbeddedElementCall_EmbeddedElementCall.build/EmbeddedElementCall_EmbeddedElementCall.DependencyStaticMetadataFileList

WriteAuxiliaryFile /Users/aadityasingh/Library/Developer/Xcode/DerivedData/Chatlio-erkyzdeecsohoaggpwbjdvavzqfv/Build/Intermediates.noindex/EmbeddedElementCall.build/Debug-iphonesimulator/EmbeddedElementCall_EmbeddedElementCall.build/empty-EmbeddedElementCall_EmbeddedElementCall.plist (in target 'EmbeddedElementCall_EmbeddedElementCall' from project 'EmbeddedElementCall')
    cd /Users/aadityasingh/Library/Developer/Xcode/DerivedData/Chatlio-erkyzdeecsohoaggpwbjdvavzqfv/SourcePackages/checkouts/element-call-swift
    write-file /Users/aadityasingh/Library/Developer/Xcode/DerivedData/Chatlio-erkyzdeecsohoaggpwbjdvavzqfv/Build/Intermediates.noindex/EmbeddedElementCall.build/Debug-iphonesimulator/EmbeddedElementCall_EmbeddedElementCall.build/empty-EmbeddedElementCall_EmbeddedElementCall.plist

WriteAuxiliaryFile /Users/aadityasingh/Library/Developer/Xcode/DerivedData/Chatlio-erkyzdeecsohoaggpwbjdvavzqfv/Build/Intermediates.noindex/EmbeddedElementCall.build/Debug-iphonesimulator/EmbeddedElementCall_EmbeddedElementCall.build/EmbeddedElementCall_EmbeddedElementCall.DependencyMetadataFileList (in target 'EmbeddedElementCall_EmbeddedElementCall' from project 'EmbeddedElementCall')
    cd /Users/aadityasingh/Library/Developer/Xcode/DerivedData/Chatlio-erkyzdeecsohoaggpwbjdvavzqfv/SourcePackages/checkouts/element-call-swift
    write-file /Users/aadityasingh/Library/Developer/Xcode/DerivedData/Chatlio-erkyzdeecsohoaggpwbjdvavzqfv/Build/Intermediates.noindex/EmbeddedElementCall.build/Debug-iphonesimulator/EmbeddedElementCall_EmbeddedElementCall.build/EmbeddedElementCall_EmbeddedElementCall.DependencyMetadataFileList

WriteAuxiliaryFile /Users/aadityasingh/Library/Developer/Xcode/DerivedData/Chatlio-erkyzdeecsohoaggpwbjdvavzqfv/Build/Intermediates.noindex/DeviceKit.build/Debug-iphonesimulator/DeviceKit_DeviceKit.build/DeviceKit_DeviceKit.DependencyStaticMetadataFileList (in target 'DeviceKit_DeviceKit' from project 'DeviceKit')
    cd /Users/aadityasingh/Library/Developer/Xcode/DerivedData/Chatlio-erkyzdeecsohoaggpwbjdvavzqfv/SourcePackages/checkouts/DeviceKit
    write-file /Users/aadityasingh/Library/Developer/Xcode/DerivedData/Chatlio-erkyzdeecsohoaggpwbjdvavzqfv/Build/Intermediates.noindex/DeviceKit.build/Debug-iphonesimulator/DeviceKit_DeviceKit.build/DeviceKit_DeviceKit.DependencyStaticMetadataFileList

WriteAuxiliaryFile /Users/aadityasingh/Library/Developer/Xcode/DerivedData/Chatlio-erkyzdeecsohoaggpwbjdvavzqfv/Build/Intermediates.noindex/DeviceKit.build/Debug-iphonesimulator/DeviceKit_DeviceKit.build/DeviceKit_DeviceKit.DependencyMetadataFileList (in target 'DeviceKit_DeviceKit' from project 'DeviceKit')
    cd /Users/aadityasingh/Library/Developer/Xcode/DerivedData/Chatlio-erkyzdeecsohoaggpwbjdvavzqfv/SourcePackages/checkouts/DeviceKit
    write-file /Users/aadityasingh/Library/Developer/Xcode/DerivedData/Chatlio-erkyzdeecsohoaggpwbjdvavzqfv/Build/Intermediates.noindex/DeviceKit.build/Debug-iphonesimulator/DeviceKit_DeviceKit.build/DeviceKit_DeviceKit.DependencyMetadataFileList

WriteAuxiliaryFile /Users/aadityasingh/Library/Developer/Xcode/DerivedData/Chatlio-erkyzdeecsohoaggpwbjdvavzqfv/Build/Intermediates.noindex/DeviceKit.build/Debug-iphonesimulator/DeviceKit_DeviceKit.build/empty-DeviceKit_DeviceKit.plist (in target 'DeviceKit_DeviceKit' from project 'DeviceKit')
    cd /Users/aadityasingh/Library/Developer/Xcode/DerivedData/Chatlio-erkyzdeecsohoaggpwbjdvavzqfv/SourcePackages/checkouts/DeviceKit
    write-file /Users/aadityasingh/Library/Developer/Xcode/DerivedData/Chatlio-erkyzdeecsohoaggpwbjdvavzqfv/Build/Intermediates.noindex/DeviceKit.build/Debug-iphonesimulator/DeviceKit_DeviceKit.build/empty-DeviceKit_DeviceKit.plist

WriteAuxiliaryFile /Users/aadityasingh/Library/Developer/Xcode/DerivedData/Chatlio-erkyzdeecsohoaggpwbjdvavzqfv/Build/Intermediates.noindex/DTCoreText.build/Debug-iphonesimulator/DTCoreText_DTCoreText.build/empty-DTCoreText_DTCoreText.plist (in target 'DTCoreText_DTCoreText' from project 'DTCoreText')
    cd /Users/aadityasingh/Library/Developer/Xcode/DerivedData/Chatlio-erkyzdeecsohoaggpwbjdvavzqfv/SourcePackages/checkouts/DTCoreText
    write-file /Users/aadityasingh/Library/Developer/Xcode/DerivedData/Chatlio-erkyzdeecsohoaggpwbjdvavzqfv/Build/Intermediates.noindex/DTCoreText.build/Debug-iphonesimulator/DTCoreText_DTCoreText.build/empty-DTCoreText_DTCoreText.plist

WriteAuxiliaryFile /Users/aadityasingh/Library/Developer/Xcode/DerivedData/Chatlio-erkyzdeecsohoaggpwbjdvavzqfv/Build/Intermediates.noindex/DTCoreText.build/Debug-iphonesimulator/DTCoreText_DTCoreText.build/DTCoreText_DTCoreText.DependencyStaticMetadataFileList (in target 'DTCoreText_DTCoreText' from project 'DTCoreText')
    cd /Users/aadityasingh/Library/Developer/Xcode/DerivedData/Chatlio-erkyzdeecsohoaggpwbjdvavzqfv/SourcePackages/checkouts/DTCoreText
    write-file /Users/aadityasingh/Library/Developer/Xcode/DerivedData/Chatlio-erkyzdeecsohoaggpwbjdvavzqfv/Build/Intermediates.noindex/DTCoreText.build/Debug-iphonesimulator/DTCoreText_DTCoreText.build/DTCoreText_DTCoreText.DependencyStaticMetadataFileList

WriteAuxiliaryFile /Users/aadityasingh/Library/Developer/Xcode/DerivedData/Chatlio-erkyzdeecsohoaggpwbjdvavzqfv/Build/Intermediates.noindex/DTCoreText.build/Debug-iphonesimulator/DTCoreText_DTCoreText.build/DTCoreText_DTCoreText.DependencyMetadataFileList (in target 'DTCoreText_DTCoreText' from project 'DTCoreText')
    cd /Users/aadityasingh/Library/Developer/Xcode/DerivedData/Chatlio-erkyzdeecsohoaggpwbjdvavzqfv/SourcePackages/checkouts/DTCoreText
    write-file /Users/aadityasingh/Library/Developer/Xcode/DerivedData/Chatlio-erkyzdeecsohoaggpwbjdvavzqfv/Build/Intermediates.noindex/DTCoreText.build/Debug-iphonesimulator/DTCoreText_DTCoreText.build/DTCoreText_DTCoreText.DependencyMetadataFileList

MkDir /Users/aadityasingh/Library/Developer/Xcode/DerivedData/Chatlio-erkyzdeecsohoaggpwbjdvavzqfv/Build/Products/Debug-iphonesimulator/PostHog_PostHog.bundle (in target 'PostHog_PostHog' from project 'PostHog')
    cd /Users/aadityasingh/Library/Developer/Xcode/DerivedData/Chatlio-erkyzdeecsohoaggpwbjdvavzqfv/SourcePackages/checkouts/posthog-ios
    /bin/mkdir -p /Users/aadityasingh/Library/Developer/Xcode/DerivedData/Chatlio-erkyzdeecsohoaggpwbjdvavzqfv/Build/Products/Debug-iphonesimulator/PostHog_PostHog.bundle

MkDir /Users/aadityasingh/Library/Developer/Xcode/DerivedData/Chatlio-erkyzdeecsohoaggpwbjdvavzqfv/Build/Products/Debug-iphonesimulator/Kingfisher_Kingfisher.bundle (in target 'Kingfisher_Kingfisher' from project 'Kingfisher')
    cd /Users/aadityasingh/Library/Developer/Xcode/DerivedData/Chatlio-erkyzdeecsohoaggpwbjdvavzqfv/SourcePackages/checkouts/Kingfisher
    /bin/mkdir -p /Users/aadityasingh/Library/Developer/Xcode/DerivedData/Chatlio-erkyzdeecsohoaggpwbjdvavzqfv/Build/Products/Debug-iphonesimulator/Kingfisher_Kingfisher.bundle

MkDir /Users/aadityasingh/Library/Developer/Xcode/DerivedData/Chatlio-erkyzdeecsohoaggpwbjdvavzqfv/Build/Products/Debug-iphonesimulator/EmbeddedElementCall_EmbeddedElementCall.bundle (in target 'EmbeddedElementCall_EmbeddedElementCall' from project 'EmbeddedElementCall')
    cd /Users/aadityasingh/Library/Developer/Xcode/DerivedData/Chatlio-erkyzdeecsohoaggpwbjdvavzqfv/SourcePackages/checkouts/element-call-swift
    /bin/mkdir -p /Users/aadityasingh/Library/Developer/Xcode/DerivedData/Chatlio-erkyzdeecsohoaggpwbjdvavzqfv/Build/Products/Debug-iphonesimulator/EmbeddedElementCall_EmbeddedElementCall.bundle

MkDir /Users/aadityasingh/Library/Developer/Xcode/DerivedData/Chatlio-erkyzdeecsohoaggpwbjdvavzqfv/Build/Products/Debug-iphonesimulator/Emojibase_Emojibase.bundle (in target 'Emojibase_Emojibase' from project 'Emojibase')
    cd /Users/aadityasingh/Library/Developer/Xcode/DerivedData/Chatlio-erkyzdeecsohoaggpwbjdvavzqfv/SourcePackages/checkouts/emojibase-bindings
    /bin/mkdir -p /Users/aadityasingh/Library/Developer/Xcode/DerivedData/Chatlio-erkyzdeecsohoaggpwbjdvavzqfv/Build/Products/Debug-iphonesimulator/Emojibase_Emojibase.bundle

MkDir /Users/aadityasingh/Library/Developer/Xcode/DerivedData/Chatlio-erkyzdeecsohoaggpwbjdvavzqfv/Build/Products/Debug-iphonesimulator/DeviceKit_DeviceKit.bundle (in target 'DeviceKit_DeviceKit' from project 'DeviceKit')
    cd /Users/aadityasingh/Library/Developer/Xcode/DerivedData/Chatlio-erkyzdeecsohoaggpwbjdvavzqfv/SourcePackages/checkouts/DeviceKit
    /bin/mkdir -p /Users/aadityasingh/Library/Developer/Xcode/DerivedData/Chatlio-erkyzdeecsohoaggpwbjdvavzqfv/Build/Products/Debug-iphonesimulator/DeviceKit_DeviceKit.bundle

MkDir /Users/aadityasingh/Library/Developer/Xcode/DerivedData/Chatlio-erkyzdeecsohoaggpwbjdvavzqfv/Build/Products/Debug-iphonesimulator/DTCoreText_DTCoreText.bundle (in target 'DTCoreText_DTCoreText' from project 'DTCoreText')
    cd /Users/aadityasingh/Library/Developer/Xcode/DerivedData/Chatlio-erkyzdeecsohoaggpwbjdvavzqfv/SourcePackages/checkouts/DTCoreText
    /bin/mkdir -p /Users/aadityasingh/Library/Developer/Xcode/DerivedData/Chatlio-erkyzdeecsohoaggpwbjdvavzqfv/Build/Products/Debug-iphonesimulator/DTCoreText_DTCoreText.bundle

WriteAuxiliaryFile /Users/aadityasingh/Library/Developer/Xcode/DerivedData/Chatlio-erkyzdeecsohoaggpwbjdvavzqfv/Build/Intermediates.noindex/swift-atomics.build/Debug-iphonesimulator/_AtomicsShims.build/_AtomicsShims.DependencyStaticMetadataFileList (in target '_AtomicsShims' from project 'swift-atomics')
    cd /Users/aadityasingh/Library/Developer/Xcode/DerivedData/Chatlio-erkyzdeecsohoaggpwbjdvavzqfv/SourcePackages/checkouts/swift-atomics
    write-file /Users/aadityasingh/Library/Developer/Xcode/DerivedData/Chatlio-erkyzdeecsohoaggpwbjdvavzqfv/Build/Intermediates.noindex/swift-atomics.build/Debug-iphonesimulator/_AtomicsShims.build/_AtomicsShims.DependencyStaticMetadataFileList

WriteAuxiliaryFile /Users/aadityasingh/Library/Developer/Xcode/DerivedData/Chatlio-erkyzdeecsohoaggpwbjdvavzqfv/Build/Intermediates.noindex/swift-atomics.build/Debug-iphonesimulator/_AtomicsShims.build/_AtomicsShims.DependencyMetadataFileList (in target '_AtomicsShims' from project 'swift-atomics')
    cd /Users/aadityasingh/Library/Developer/Xcode/DerivedData/Chatlio-erkyzdeecsohoaggpwbjdvavzqfv/SourcePackages/checkouts/swift-atomics
    write-file /Users/aadityasingh/Library/Developer/Xcode/DerivedData/Chatlio-erkyzdeecsohoaggpwbjdvavzqfv/Build/Intermediates.noindex/swift-atomics.build/Debug-iphonesimulator/_AtomicsShims.build/_AtomicsShims.DependencyMetadataFileList

WriteAuxiliaryFile /Users/aadityasingh/Library/Developer/Xcode/DerivedData/Chatlio-erkyzdeecsohoaggpwbjdvavzqfv/Build/Intermediates.noindex/swift-collections.build/Debug-iphonesimulator/_RopeModule.build/_RopeModule.modulemap (in target '_RopeModule' from project 'swift-collections')
    cd /Users/aadityasingh/Library/Developer/Xcode/DerivedData/Chatlio-erkyzdeecsohoaggpwbjdvavzqfv/SourcePackages/checkouts/swift-collections
    write-file /Users/aadityasingh/Library/Developer/Xcode/DerivedData/Chatlio-erkyzdeecsohoaggpwbjdvavzqfv/Build/Intermediates.noindex/swift-collections.build/Debug-iphonesimulator/_RopeModule.build/_RopeModule.modulemap

WriteAuxiliaryFile /Users/aadityasingh/Library/Developer/Xcode/DerivedData/Chatlio-erkyzdeecsohoaggpwbjdvavzqfv/Build/Intermediates.noindex/swift-collections.build/Debug-iphonesimulator/_RopeModule.build/_RopeModule.DependencyStaticMetadataFileList (in target '_RopeModule' from project 'swift-collections')
    cd /Users/aadityasingh/Library/Developer/Xcode/DerivedData/Chatlio-erkyzdeecsohoaggpwbjdvavzqfv/SourcePackages/checkouts/swift-collections
    write-file /Users/aadityasingh/Library/Developer/Xcode/DerivedData/Chatlio-erkyzdeecsohoaggpwbjdvavzqfv/Build/Intermediates.noindex/swift-collections.build/Debug-iphonesimulator/_RopeModule.build/_RopeModule.DependencyStaticMetadataFileList

WriteAuxiliaryFile /Users/aadityasingh/Library/Developer/Xcode/DerivedData/Chatlio-erkyzdeecsohoaggpwbjdvavzqfv/Build/Intermediates.noindex/swift-collections.build/Debug-iphonesimulator/_RopeModule.build/_RopeModule.DependencyMetadataFileList (in target '_RopeModule' from project 'swift-collections')
    cd /Users/aadityasingh/Library/Developer/Xcode/DerivedData/Chatlio-erkyzdeecsohoaggpwbjdvavzqfv/SourcePackages/checkouts/swift-collections
    write-file /Users/aadityasingh/Library/Developer/Xcode/DerivedData/Chatlio-erkyzdeecsohoaggpwbjdvavzqfv/Build/Intermediates.noindex/swift-collections.build/Debug-iphonesimulator/_RopeModule.build/_RopeModule.DependencyMetadataFileList

WriteAuxiliaryFile /Users/aadityasingh/Library/Developer/Xcode/DerivedData/Chatlio-erkyzdeecsohoaggpwbjdvavzqfv/Build/Intermediates.noindex/swift-atomics.build/Debug-iphonesimulator/_AtomicsShims.build/Objects-normal/arm64/_AtomicsShims.LinkFileList (in target '_AtomicsShims' from project 'swift-atomics')
    cd /Users/aadityasingh/Library/Developer/Xcode/DerivedData/Chatlio-erkyzdeecsohoaggpwbjdvavzqfv/SourcePackages/checkouts/swift-atomics
    write-file /Users/aadityasingh/Library/Developer/Xcode/DerivedData/Chatlio-erkyzdeecsohoaggpwbjdvavzqfv/Build/Intermediates.noindex/swift-atomics.build/Debug-iphonesimulator/_AtomicsShims.build/Objects-normal/arm64/_AtomicsShims.LinkFileList

WriteAuxiliaryFile /Users/aadityasingh/Library/Developer/Xcode/DerivedData/Chatlio-erkyzdeecsohoaggpwbjdvavzqfv/Build/Intermediates.noindex/swift-atomics.build/Debug-iphonesimulator/_AtomicsShims.build/Objects-normal/x86_64/7187679823f38a2a940e0043cdf9d637-common-args.resp (in target '_AtomicsShims' from project 'swift-atomics')
    cd /Users/aadityasingh/Library/Developer/Xcode/DerivedData/Chatlio-erkyzdeecsohoaggpwbjdvavzqfv/SourcePackages/checkouts/swift-atomics
    write-file /Users/aadityasingh/Library/Developer/Xcode/DerivedData/Chatlio-erkyzdeecsohoaggpwbjdvavzqfv/Build/Intermediates.noindex/swift-atomics.build/Debug-iphonesimulator/_AtomicsShims.build/Objects-normal/x86_64/7187679823f38a2a940e0043cdf9d637-common-args.resp
-fmodules -gmodules '-fmodules-cache-path=/Users/aadityasingh/Library/Developer/Xcode/DerivedData/ModuleCache.noindex' '-fmodule-name=_AtomicsShims' -fpascal-strings -O0 -DSWIFT_PACKAGE '-DDEBUG=1' -fasm-blocks -g -fprofile-instr-generate -fcoverage-mapping -I/Users/aadityasingh/Library/Developer/Xcode/DerivedData/Chatlio-erkyzdeecsohoaggpwbjdvavzqfv/Build/Products/Debug-iphonesimulator/include -I/Users/aadityasingh/Library/Developer/Xcode/DerivedData/Chatlio-erkyzdeecsohoaggpwbjdvavzqfv/SourcePackages/checkouts/swift-atomics/Sources/_AtomicsShims/include -I/Users/aadityasingh/Library/Developer/Xcode/DerivedData/Chatlio-erkyzdeecsohoaggpwbjdvavzqfv/Build/Intermediates.noindex/swift-atomics.build/Debug-iphonesimulator/_AtomicsShims.build/DerivedSources-normal/x86_64 -I/Users/aadityasingh/Library/Developer/Xcode/DerivedData/Chatlio-erkyzdeecsohoaggpwbjdvavzqfv/Build/Intermediates.noindex/swift-atomics.build/Debug-iphonesimulator/_AtomicsShims.build/DerivedSources/x86_64 -I/Users/aadityasingh/Library/Developer/Xcode/DerivedData/Chatlio-erkyzdeecsohoaggpwbjdvavzqfv/Build/Intermediates.noindex/swift-atomics.build/Debug-iphonesimulator/_AtomicsShims.build/DerivedSources -F/Users/aadityasingh/Library/Developer/Xcode/DerivedData/Chatlio-erkyzdeecsohoaggpwbjdvavzqfv/Build/Products/Debug-iphonesimulator -iframework /Applications/Xcode.app/Contents/Developer/Platforms/iPhoneSimulator.platform/Developer/Library/Frameworks -iframework /Applications/Xcode.app/Contents/Developer/Platforms/iPhoneSimulator.platform/Developer/SDKs/iPhoneSimulator26.4.sdk/Developer/Library/Frameworks -DXcode

WriteAuxiliaryFile /Users/aadityasingh/Library/Developer/Xcode/DerivedData/Chatlio-erkyzdeecsohoaggpwbjdvavzqfv/Build/Intermediates.noindex/swift-atomics.build/Debug-iphonesimulator/_AtomicsShims.build/Objects-normal/arm64/7187679823f38a2a940e0043cdf9d637-common-args.resp (in target '_AtomicsShims' from project 'swift-atomics')
    cd /Users/aadityasingh/Library/Developer/Xcode/DerivedData/Chatlio-erkyzdeecsohoaggpwbjdvavzqfv/SourcePackages/checkouts/swift-atomics
    write-file /Users/aadityasingh/Library/Developer/Xcode/DerivedData/Chatlio-erkyzdeecsohoaggpwbjdvavzqfv/Build/Intermediates.noindex/swift-atomics.build/Debug-iphonesimulator/_AtomicsShims.build/Objects-normal/arm64/7187679823f38a2a940e0043cdf9d637-common-args.resp
-fmodules -gmodules '-fmodules-cache-path=/Users/aadityasingh/Library/Developer/Xcode/DerivedData/ModuleCache.noindex' '-fmodule-name=_AtomicsShims' -fpascal-strings -O0 -DSWIFT_PACKAGE '-DDEBUG=1' -g -fprofile-instr-generate -fcoverage-mapping -I/Users/aadityasingh/Library/Developer/Xcode/DerivedData/Chatlio-erkyzdeecsohoaggpwbjdvavzqfv/Build/Products/Debug-iphonesimulator/include -I/Users/aadityasingh/Library/Developer/Xcode/DerivedData/Chatlio-erkyzdeecsohoaggpwbjdvavzqfv/SourcePackages/checkouts/swift-atomics/Sources/_AtomicsShims/include -I/Users/aadityasingh/Library/Developer/Xcode/DerivedData/Chatlio-erkyzdeecsohoaggpwbjdvavzqfv/Build/Intermediates.noindex/swift-atomics.build/Debug-iphonesimulator/_AtomicsShims.build/DerivedSources-normal/arm64 -I/Users/aadityasingh/Library/Developer/Xcode/DerivedData/Chatlio-erkyzdeecsohoaggpwbjdvavzqfv/Build/Intermediates.noindex/swift-atomics.build/Debug-iphonesimulator/_AtomicsShims.build/DerivedSources/arm64 -I/Users/aadityasingh/Library/Developer/Xcode/DerivedData/Chatlio-erkyzdeecsohoaggpwbjdvavzqfv/Build/Intermediates.noindex/swift-atomics.build/Debug-iphonesimulator/_AtomicsShims.build/DerivedSources -F/Users/aadityasingh/Library/Developer/Xcode/DerivedData/Chatlio-erkyzdeecsohoaggpwbjdvavzqfv/Build/Products/Debug-iphonesimulator -iframework /Applications/Xcode.app/Contents/Developer/Platforms/iPhoneSimulator.platform/Developer/Library/Frameworks -iframework /Applications/Xcode.app/Contents/Developer/Platforms/iPhoneSimulator.platform/Developer/SDKs/iPhoneSimulator26.4.sdk/Developer/Library/Frameworks -DXcode

WriteAuxiliaryFile /Users/aadityasingh/Library/Developer/Xcode/DerivedData/Chatlio-erkyzdeecsohoaggpwbjdvavzqfv/Build/Intermediates.noindex/swift-atomics.build/Debug-iphonesimulator/_AtomicsShims.build/Objects-normal/x86_64/_AtomicsShims.LinkFileList (in target '_AtomicsShims' from project 'swift-atomics')
    cd /Users/aadityasingh/Library/Developer/Xcode/DerivedData/Chatlio-erkyzdeecsohoaggpwbjdvavzqfv/SourcePackages/checkouts/swift-atomics
    write-file /Users/aadityasingh/Library/Developer/Xcode/DerivedData/Chatlio-erkyzdeecsohoaggpwbjdvavzqfv/Build/Intermediates.noindex/swift-atomics.build/Debug-iphonesimulator/_AtomicsShims.build/Objects-normal/x86_64/_AtomicsShims.LinkFileList

WriteAuxiliaryFile /Users/aadityasingh/Library/Developer/Xcode/DerivedData/Chatlio-erkyzdeecsohoaggpwbjdvavzqfv/Build/Intermediates.noindex/swift-collections.build/Debug-iphonesimulator/_RopeModule.build/Objects-normal/x86_64/_RopeModule.SwiftFileList (in target '_RopeModule' from project 'swift-collections')
    cd /Users/aadityasingh/Library/Developer/Xcode/DerivedData/Chatlio-erkyzdeecsohoaggpwbjdvavzqfv/SourcePackages/checkouts/swift-collections
    write-file /Users/aadityasingh/Library/Developer/Xcode/DerivedData/Chatlio-erkyzdeecsohoaggpwbjdvavzqfv/Build/Intermediates.noindex/swift-collections.build/Debug-iphonesimulator/_RopeModule.build/Objects-normal/x86_64/_RopeModule.SwiftFileList

WriteAuxiliaryFile /Users/aadityasingh/Library/Developer/Xcode/DerivedData/Chatlio-erkyzdeecsohoaggpwbjdvavzqfv/Build/Intermediates.noindex/swift-collections.build/Debug-iphonesimulator/_RopeModule.build/Objects-normal/x86_64/_RopeModule_const_extract_protocols.json (in target '_RopeModule' from project 'swift-collections')
    cd /Users/aadityasingh/Library/Developer/Xcode/DerivedData/Chatlio-erkyzdeecsohoaggpwbjdvavzqfv/SourcePackages/checkouts/swift-collections
    write-file /Users/aadityasingh/Library/Developer/Xcode/DerivedData/Chatlio-erkyzdeecsohoaggpwbjdvavzqfv/Build/Intermediates.noindex/swift-collections.build/Debug-iphonesimulator/_RopeModule.build/Objects-normal/x86_64/_RopeModule_const_extract_protocols.json

WriteAuxiliaryFile /Users/aadityasingh/Library/Developer/Xcode/DerivedData/Chatlio-erkyzdeecsohoaggpwbjdvavzqfv/Build/Intermediates.noindex/swift-collections.build/Debug-iphonesimulator/_RopeModule.build/Objects-normal/x86_64/_RopeModule.SwiftConstValuesFileList (in target '_RopeModule' from project 'swift-collections')
    cd /Users/aadityasingh/Library/Developer/Xcode/DerivedData/Chatlio-erkyzdeecsohoaggpwbjdvavzqfv/SourcePackages/checkouts/swift-collections
    write-file /Users/aadityasingh/Library/Developer/Xcode/DerivedData/Chatlio-erkyzdeecsohoaggpwbjdvavzqfv/Build/Intermediates.noindex/swift-collections.build/Debug-iphonesimulator/_RopeModule.build/Objects-normal/x86_64/_RopeModule.SwiftConstValuesFileList

WriteAuxiliaryFile /Users/aadityasingh/Library/Developer/Xcode/DerivedData/Chatlio-erkyzdeecsohoaggpwbjdvavzqfv/Build/Intermediates.noindex/swift-collections.build/Debug-iphonesimulator/_RopeModule.build/Objects-normal/x86_64/_RopeModule.LinkFileList (in target '_RopeModule' from project 'swift-collections')
    cd /Users/aadityasingh/Library/Developer/Xcode/DerivedData/Chatlio-erkyzdeecsohoaggpwbjdvavzqfv/SourcePackages/checkouts/swift-collections
    write-file /Users/aadityasingh/Library/Developer/Xcode/DerivedData/Chatlio-erkyzdeecsohoaggpwbjdvavzqfv/Build/Intermediates.noindex/swift-collections.build/Debug-iphonesimulator/_RopeModule.build/Objects-normal/x86_64/_RopeModule.LinkFileList

WriteAuxiliaryFile /Users/aadityasingh/Library/Developer/Xcode/DerivedData/Chatlio-erkyzdeecsohoaggpwbjdvavzqfv/Build/Intermediates.noindex/swift-collections.build/Debug-iphonesimulator/_RopeModule.build/Objects-normal/x86_64/_RopeModule-OutputFileMap.json (in target '_RopeModule' from project 'swift-collections')
    cd /Users/aadityasingh/Library/Developer/Xcode/DerivedData/Chatlio-erkyzdeecsohoaggpwbjdvavzqfv/SourcePackages/checkouts/swift-collections
    write-file /Users/aadityasingh/Library/Developer/Xcode/DerivedData/Chatlio-erkyzdeecsohoaggpwbjdvavzqfv/Build/Intermediates.noindex/swift-collections.build/Debug-iphonesimulator/_RopeModule.build/Objects-normal/x86_64/_RopeModule-OutputFileMap.json

WriteAuxiliaryFile /Users/aadityasingh/Library/Developer/Xcode/DerivedData/Chatlio-erkyzdeecsohoaggpwbjdvavzqfv/Build/Intermediates.noindex/swift-collections.build/Debug-iphonesimulator/_RopeModule.build/Objects-normal/arm64/_RopeModule.SwiftConstValuesFileList (in target '_RopeModule' from project 'swift-collections')
    cd /Users/aadityasingh/Library/Developer/Xcode/DerivedData/Chatlio-erkyzdeecsohoaggpwbjdvavzqfv/SourcePackages/checkouts/swift-collections
    write-file /Users/aadityasingh/Library/Developer/Xcode/DerivedData/Chatlio-erkyzdeecsohoaggpwbjdvavzqfv/Build/Intermediates.noindex/swift-collections.build/Debug-iphonesimulator/_RopeModule.build/Objects-normal/arm64/_RopeModule.SwiftConstValuesFileList

WriteAuxiliaryFile /Users/aadityasingh/Library/Developer/Xcode/DerivedData/Chatlio-erkyzdeecsohoaggpwbjdvavzqfv/Build/Intermediates.noindex/swift-collections.build/Debug-iphonesimulator/_RopeModule.build/Objects-normal/arm64/_RopeModule.LinkFileList (in target '_RopeModule' from project 'swift-collections')
    cd /Users/aadityasingh/Library/Developer/Xcode/DerivedData/Chatlio-erkyzdeecsohoaggpwbjdvavzqfv/SourcePackages/checkouts/swift-collections
    write-file /Users/aadityasingh/Library/Developer/Xcode/DerivedData/Chatlio-erkyzdeecsohoaggpwbjdvavzqfv/Build/Intermediates.noindex/swift-collections.build/Debug-iphonesimulator/_RopeModule.build/Objects-normal/arm64/_RopeModule.LinkFileList

WriteAuxiliaryFile /Users/aadityasingh/Library/Developer/Xcode/DerivedData/Chatlio-erkyzdeecsohoaggpwbjdvavzqfv/Build/Intermediates.noindex/swift-collections.build/Debug-iphonesimulator/_RopeModule.build/Objects-normal/arm64/_RopeModule_const_extract_protocols.json (in target '_RopeModule' from project 'swift-collections')
    cd /Users/aadityasingh/Library/Developer/Xcode/DerivedData/Chatlio-erkyzdeecsohoaggpwbjdvavzqfv/SourcePackages/checkouts/swift-collections
    write-file /Users/aadityasingh/Library/Developer/Xcode/DerivedData/Chatlio-erkyzdeecsohoaggpwbjdvavzqfv/Build/Intermediates.noindex/swift-collections.build/Debug-iphonesimulator/_RopeModule.build/Objects-normal/arm64/_RopeModule_const_extract_protocols.json

WriteAuxiliaryFile /Users/aadityasingh/Library/Developer/Xcode/DerivedData/Chatlio-erkyzdeecsohoaggpwbjdvavzqfv/Build/Intermediates.noindex/swift-collections.build/Debug-iphonesimulator/_RopeModule.build/Objects-normal/arm64/_RopeModule.SwiftFileList (in target '_RopeModule' from project 'swift-collections')
    cd /Users/aadityasingh/Library/Developer/Xcode/DerivedData/Chatlio-erkyzdeecsohoaggpwbjdvavzqfv/SourcePackages/checkouts/swift-collections
    write-file /Users/aadityasingh/Library/Developer/Xcode/DerivedData/Chatlio-erkyzdeecsohoaggpwbjdvavzqfv/Build/Intermediates.noindex/swift-collections.build/Debug-iphonesimulator/_RopeModule.build/Objects-normal/arm64/_RopeModule.SwiftFileList

WriteAuxiliaryFile /Users/aadityasingh/Library/Developer/Xcode/DerivedData/Chatlio-erkyzdeecsohoaggpwbjdvavzqfv/Build/Intermediates.noindex/swift-collections.build/Debug-iphonesimulator/_RopeModule.build/Objects-normal/arm64/_RopeModule-OutputFileMap.json (in target '_RopeModule' from project 'swift-collections')
    cd /Users/aadityasingh/Library/Developer/Xcode/DerivedData/Chatlio-erkyzdeecsohoaggpwbjdvavzqfv/SourcePackages/checkouts/swift-collections
    write-file /Users/aadityasingh/Library/Developer/Xcode/DerivedData/Chatlio-erkyzdeecsohoaggpwbjdvavzqfv/Build/Intermediates.noindex/swift-collections.build/Debug-iphonesimulator/_RopeModule.build/Objects-normal/arm64/_RopeModule-OutputFileMap.json

WriteAuxiliaryFile /Users/aadityasingh/Library/Developer/Xcode/DerivedData/Chatlio-erkyzdeecsohoaggpwbjdvavzqfv/Build/Intermediates.noindex/Version.build/Debug-iphonesimulator/Version.build/Version.modulemap (in target 'Version' from project 'Version')
    cd /Users/aadityasingh/Library/Developer/Xcode/DerivedData/Chatlio-erkyzdeecsohoaggpwbjdvavzqfv/SourcePackages/checkouts/Version
    write-file /Users/aadityasingh/Library/Developer/Xcode/DerivedData/Chatlio-erkyzdeecsohoaggpwbjdvavzqfv/Build/Intermediates.noindex/Version.build/Debug-iphonesimulator/Version.build/Version.modulemap

WriteAuxiliaryFile /Users/aadityasingh/Library/Developer/Xcode/DerivedData/Chatlio-erkyzdeecsohoaggpwbjdvavzqfv/Build/Intermediates.noindex/Version.build/Debug-iphonesimulator/Version.build/Version.DependencyStaticMetadataFileList (in target 'Version' from project 'Version')
    cd /Users/aadityasingh/Library/Developer/Xcode/DerivedData/Chatlio-erkyzdeecsohoaggpwbjdvavzqfv/SourcePackages/checkouts/Version
    write-file /Users/aadityasingh/Library/Developer/Xcode/DerivedData/Chatlio-erkyzdeecsohoaggpwbjdvavzqfv/Build/Intermediates.noindex/Version.build/Debug-iphonesimulator/Version.build/Version.DependencyStaticMetadataFileList

WriteAuxiliaryFile /Users/aadityasingh/Library/Developer/Xcode/DerivedData/Chatlio-erkyzdeecsohoaggpwbjdvavzqfv/Build/Intermediates.noindex/Version.build/Debug-iphonesimulator/Version.build/Version.DependencyMetadataFileList (in target 'Version' from project 'Version')
    cd /Users/aadityasingh/Library/Developer/Xcode/DerivedData/Chatlio-erkyzdeecsohoaggpwbjdvavzqfv/SourcePackages/checkouts/Version
    write-file /Users/aadityasingh/Library/Developer/Xcode/DerivedData/Chatlio-erkyzdeecsohoaggpwbjdvavzqfv/Build/Intermediates.noindex/Version.build/Debug-iphonesimulator/Version.build/Version.DependencyMetadataFileList

WriteAuxiliaryFile /Users/aadityasingh/Library/Developer/Xcode/DerivedData/Chatlio-erkyzdeecsohoaggpwbjdvavzqfv/Build/Intermediates.noindex/Version.build/Debug-iphonesimulator/Version.build/Objects-normal/x86_64/Version_const_extract_protocols.json (in target 'Version' from project 'Version')
    cd /Users/aadityasingh/Library/Developer/Xcode/DerivedData/Chatlio-erkyzdeecsohoaggpwbjdvavzqfv/SourcePackages/checkouts/Version
    write-file /Users/aadityasingh/Library/Developer/Xcode/DerivedData/Chatlio-erkyzdeecsohoaggpwbjdvavzqfv/Build/Intermediates.noindex/Version.build/Debug-iphonesimulator/Version.build/Objects-normal/x86_64/Version_const_extract_protocols.json

WriteAuxiliaryFile /Users/aadityasingh/Library/Developer/Xcode/DerivedData/Chatlio-erkyzdeecsohoaggpwbjdvavzqfv/Build/Intermediates.noindex/Version.build/Debug-iphonesimulator/Version.build/Objects-normal/x86_64/Version.SwiftConstValuesFileList (in target 'Version' from project 'Version')
    cd /Users/aadityasingh/Library/Developer/Xcode/DerivedData/Chatlio-erkyzdeecsohoaggpwbjdvavzqfv/SourcePackages/checkouts/Version
    write-file /Users/aadityasingh/Library/Developer/Xcode/DerivedData/Chatlio-erkyzdeecsohoaggpwbjdvavzqfv/Build/Intermediates.noindex/Version.build/Debug-iphonesimulator/Version.build/Objects-normal/x86_64/Version.SwiftConstValuesFileList

WriteAuxiliaryFile /Users/aadityasingh/Library/Developer/Xcode/DerivedData/Chatlio-erkyzdeecsohoaggpwbjdvavzqfv/Build/Intermediates.noindex/Version.build/Debug-iphonesimulator/Version.build/Objects-normal/x86_64/Version.SwiftFileList (in target 'Version' from project 'Version')
    cd /Users/aadityasingh/Library/Developer/Xcode/DerivedData/Chatlio-erkyzdeecsohoaggpwbjdvavzqfv/SourcePackages/checkouts/Version
    write-file /Users/aadityasingh/Library/Developer/Xcode/DerivedData/Chatlio-erkyzdeecsohoaggpwbjdvavzqfv/Build/Intermediates.noindex/Version.build/Debug-iphonesimulator/Version.build/Objects-normal/x86_64/Version.SwiftFileList

WriteAuxiliaryFile /Users/aadityasingh/Library/Developer/Xcode/DerivedData/Chatlio-erkyzdeecsohoaggpwbjdvavzqfv/Build/Intermediates.noindex/Version.build/Debug-iphonesimulator/Version.build/Objects-normal/x86_64/Version.LinkFileList (in target 'Version' from project 'Version')
    cd /Users/aadityasingh/Library/Developer/Xcode/DerivedData/Chatlio-erkyzdeecsohoaggpwbjdvavzqfv/SourcePackages/checkouts/Version
    write-file /Users/aadityasingh/Library/Developer/Xcode/DerivedData/Chatlio-erkyzdeecsohoaggpwbjdvavzqfv/Build/Intermediates.noindex/Version.build/Debug-iphonesimulator/Version.build/Objects-normal/x86_64/Version.LinkFileList

WriteAuxiliaryFile /Users/aadityasingh/Library/Developer/Xcode/DerivedData/Chatlio-erkyzdeecsohoaggpwbjdvavzqfv/Build/Intermediates.noindex/Version.build/Debug-iphonesimulator/Version.build/Objects-normal/x86_64/Version-OutputFileMap.json (in target 'Version' from project 'Version')
    cd /Users/aadityasingh/Library/Developer/Xcode/DerivedData/Chatlio-erkyzdeecsohoaggpwbjdvavzqfv/SourcePackages/checkouts/Version
    write-file /Users/aadityasingh/Library/Developer/Xcode/DerivedData/Chatlio-erkyzdeecsohoaggpwbjdvavzqfv/Build/Intermediates.noindex/Version.build/Debug-iphonesimulator/Version.build/Objects-normal/x86_64/Version-OutputFileMap.json

WriteAuxiliaryFile /Users/aadityasingh/Library/Developer/Xcode/DerivedData/Chatlio-erkyzdeecsohoaggpwbjdvavzqfv/Build/Intermediates.noindex/Version.build/Debug-iphonesimulator/Version.build/Objects-normal/arm64/Version_const_extract_protocols.json (in target 'Version' from project 'Version')
    cd /Users/aadityasingh/Library/Developer/Xcode/DerivedData/Chatlio-erkyzdeecsohoaggpwbjdvavzqfv/SourcePackages/checkouts/Version
    write-file /Users/aadityasingh/Library/Developer/Xcode/DerivedData/Chatlio-erkyzdeecsohoaggpwbjdvavzqfv/Build/Intermediates.noindex/Version.build/Debug-iphonesimulator/Version.build/Objects-normal/arm64/Version_const_extract_protocols.json

WriteAuxiliaryFile /Users/aadityasingh/Library/Developer/Xcode/DerivedData/Chatlio-erkyzdeecsohoaggpwbjdvavzqfv/Build/Intermediates.noindex/Version.build/Debug-iphonesimulator/Version.build/Objects-normal/arm64/Version.SwiftFileList (in target 'Version' from project 'Version')
    cd /Users/aadityasingh/Library/Developer/Xcode/DerivedData/Chatlio-erkyzdeecsohoaggpwbjdvavzqfv/SourcePackages/checkouts/Version
    write-file /Users/aadityasingh/Library/Developer/Xcode/DerivedData/Chatlio-erkyzdeecsohoaggpwbjdvavzqfv/Build/Intermediates.noindex/Version.build/Debug-iphonesimulator/Version.build/Objects-normal/arm64/Version.SwiftFileList

WriteAuxiliaryFile /Users/aadityasingh/Library/Developer/Xcode/DerivedData/Chatlio-erkyzdeecsohoaggpwbjdvavzqfv/Build/Intermediates.noindex/Version.build/Debug-iphonesimulator/Version.build/Objects-normal/arm64/Version.SwiftConstValuesFileList (in target 'Version' from project 'Version')
    cd /Users/aadityasingh/Library/Developer/Xcode/DerivedData/Chatlio-erkyzdeecsohoaggpwbjdvavzqfv/SourcePackages/checkouts/Version
    write-file /Users/aadityasingh/Library/Developer/Xcode/DerivedData/Chatlio-erkyzdeecsohoaggpwbjdvavzqfv/Build/Intermediates.noindex/Version.build/Debug-iphonesimulator/Version.build/Objects-normal/arm64/Version.SwiftConstValuesFileList

WriteAuxiliaryFile /Users/aadityasingh/Library/Developer/Xcode/DerivedData/Chatlio-erkyzdeecsohoaggpwbjdvavzqfv/Build/Intermediates.noindex/Version.build/Debug-iphonesimulator/Version.build/Objects-normal/arm64/Version.LinkFileList (in target 'Version' from project 'Version')
    cd /Users/aadityasingh/Library/Developer/Xcode/DerivedData/Chatlio-erkyzdeecsohoaggpwbjdvavzqfv/SourcePackages/checkouts/Version
    write-file /Users/aadityasingh/Library/Developer/Xcode/DerivedData/Chatlio-erkyzdeecsohoaggpwbjdvavzqfv/Build/Intermediates.noindex/Version.build/Debug-iphonesimulator/Version.build/Objects-normal/arm64/Version.LinkFileList

WriteAuxiliaryFile /Users/aadityasingh/Library/Developer/Xcode/DerivedData/Chatlio-erkyzdeecsohoaggpwbjdvavzqfv/Build/Intermediates.noindex/Version.build/Debug-iphonesimulator/Version.build/Objects-normal/arm64/Version-OutputFileMap.json (in target 'Version' from project 'Version')
    cd /Users/aadityasingh/Library/Developer/Xcode/DerivedData/Chatlio-erkyzdeecsohoaggpwbjdvavzqfv/SourcePackages/checkouts/Version
    write-file /Users/aadityasingh/Library/Developer/Xcode/DerivedData/Chatlio-erkyzdeecsohoaggpwbjdvavzqfv/Build/Intermediates.noindex/Version.build/Debug-iphonesimulator/Version.build/Objects-normal/arm64/Version-OutputFileMap.json

WriteAuxiliaryFile /Users/aadityasingh/Library/Developer/Xcode/DerivedData/Chatlio-erkyzdeecsohoaggpwbjdvavzqfv/Build/Intermediates.noindex/swiftui-introspect.build/Debug-iphonesimulator/SwiftUIIntrospect.build/SwiftUIIntrospect.modulemap (in target 'SwiftUIIntrospect' from project 'swiftui-introspect')
    cd /Users/aadityasingh/Library/Developer/Xcode/DerivedData/Chatlio-erkyzdeecsohoaggpwbjdvavzqfv/SourcePackages/checkouts/SwiftUI-Introspect
    write-file /Users/aadityasingh/Library/Developer/Xcode/DerivedData/Chatlio-erkyzdeecsohoaggpwbjdvavzqfv/Build/Intermediates.noindex/swiftui-introspect.build/Debug-iphonesimulator/SwiftUIIntrospect.build/SwiftUIIntrospect.modulemap

WriteAuxiliaryFile /Users/aadityasingh/Library/Developer/Xcode/DerivedData/Chatlio-erkyzdeecsohoaggpwbjdvavzqfv/Build/Intermediates.noindex/swiftui-introspect.build/Debug-iphonesimulator/SwiftUIIntrospect.build/SwiftUIIntrospect.DependencyStaticMetadataFileList (in target 'SwiftUIIntrospect' from project 'swiftui-introspect')
    cd /Users/aadityasingh/Library/Developer/Xcode/DerivedData/Chatlio-erkyzdeecsohoaggpwbjdvavzqfv/SourcePackages/checkouts/SwiftUI-Introspect
    write-file /Users/aadityasingh/Library/Developer/Xcode/DerivedData/Chatlio-erkyzdeecsohoaggpwbjdvavzqfv/Build/Intermediates.noindex/swiftui-introspect.build/Debug-iphonesimulator/SwiftUIIntrospect.build/SwiftUIIntrospect.DependencyStaticMetadataFileList

WriteAuxiliaryFile /Users/aadityasingh/Library/Developer/Xcode/DerivedData/Chatlio-erkyzdeecsohoaggpwbjdvavzqfv/Build/Intermediates.noindex/swiftui-introspect.build/Debug-iphonesimulator/SwiftUIIntrospect.build/SwiftUIIntrospect.DependencyMetadataFileList (in target 'SwiftUIIntrospect' from project 'swiftui-introspect')
    cd /Users/aadityasingh/Library/Developer/Xcode/DerivedData/Chatlio-erkyzdeecsohoaggpwbjdvavzqfv/SourcePackages/checkouts/SwiftUI-Introspect
    write-file /Users/aadityasingh/Library/Developer/Xcode/DerivedData/Chatlio-erkyzdeecsohoaggpwbjdvavzqfv/Build/Intermediates.noindex/swiftui-introspect.build/Debug-iphonesimulator/SwiftUIIntrospect.build/SwiftUIIntrospect.DependencyMetadataFileList

WriteAuxiliaryFile /Users/aadityasingh/Library/Developer/Xcode/DerivedData/Chatlio-erkyzdeecsohoaggpwbjdvavzqfv/Build/Intermediates.noindex/swiftui-introspect.build/Debug-iphonesimulator/SwiftUIIntrospect.build/Objects-normal/x86_64/SwiftUIIntrospect_const_extract_protocols.json (in target 'SwiftUIIntrospect' from project 'swiftui-introspect')
    cd /Users/aadityasingh/Library/Developer/Xcode/DerivedData/Chatlio-erkyzdeecsohoaggpwbjdvavzqfv/SourcePackages/checkouts/SwiftUI-Introspect
    write-file /Users/aadityasingh/Library/Developer/Xcode/DerivedData/Chatlio-erkyzdeecsohoaggpwbjdvavzqfv/Build/Intermediates.noindex/swiftui-introspect.build/Debug-iphonesimulator/SwiftUIIntrospect.build/Objects-normal/x86_64/SwiftUIIntrospect_const_extract_protocols.json

WriteAuxiliaryFile /Users/aadityasingh/Library/Developer/Xcode/DerivedData/Chatlio-erkyzdeecsohoaggpwbjdvavzqfv/Build/Intermediates.noindex/swiftui-introspect.build/Debug-iphonesimulator/SwiftUIIntrospect.build/Objects-normal/x86_64/SwiftUIIntrospect.SwiftFileList (in target 'SwiftUIIntrospect' from project 'swiftui-introspect')
    cd /Users/aadityasingh/Library/Developer/Xcode/DerivedData/Chatlio-erkyzdeecsohoaggpwbjdvavzqfv/SourcePackages/checkouts/SwiftUI-Introspect
    write-file /Users/aadityasingh/Library/Developer/Xcode/DerivedData/Chatlio-erkyzdeecsohoaggpwbjdvavzqfv/Build/Intermediates.noindex/swiftui-introspect.build/Debug-iphonesimulator/SwiftUIIntrospect.build/Objects-normal/x86_64/SwiftUIIntrospect.SwiftFileList

WriteAuxiliaryFile /Users/aadityasingh/Library/Developer/Xcode/DerivedData/Chatlio-erkyzdeecsohoaggpwbjdvavzqfv/Build/Intermediates.noindex/swiftui-introspect.build/Debug-iphonesimulator/SwiftUIIntrospect.build/Objects-normal/x86_64/SwiftUIIntrospect.SwiftConstValuesFileList (in target 'SwiftUIIntrospect' from project 'swiftui-introspect')
    cd /Users/aadityasingh/Library/Developer/Xcode/DerivedData/Chatlio-erkyzdeecsohoaggpwbjdvavzqfv/SourcePackages/checkouts/SwiftUI-Introspect
    write-file /Users/aadityasingh/Library/Developer/Xcode/DerivedData/Chatlio-erkyzdeecsohoaggpwbjdvavzqfv/Build/Intermediates.noindex/swiftui-introspect.build/Debug-iphonesimulator/SwiftUIIntrospect.build/Objects-normal/x86_64/SwiftUIIntrospect.SwiftConstValuesFileList

WriteAuxiliaryFile /Users/aadityasingh/Library/Developer/Xcode/DerivedData/Chatlio-erkyzdeecsohoaggpwbjdvavzqfv/Build/Intermediates.noindex/swiftui-introspect.build/Debug-iphonesimulator/SwiftUIIntrospect.build/Objects-normal/x86_64/SwiftUIIntrospect-OutputFileMap.json (in target 'SwiftUIIntrospect' from project 'swiftui-introspect')
    cd /Users/aadityasingh/Library/Developer/Xcode/DerivedData/Chatlio-erkyzdeecsohoaggpwbjdvavzqfv/SourcePackages/checkouts/SwiftUI-Introspect
    write-file /Users/aadityasingh/Library/Developer/Xcode/DerivedData/Chatlio-erkyzdeecsohoaggpwbjdvavzqfv/Build/Intermediates.noindex/swiftui-introspect.build/Debug-iphonesimulator/SwiftUIIntrospect.build/Objects-normal/x86_64/SwiftUIIntrospect-OutputFileMap.json

WriteAuxiliaryFile /Users/aadityasingh/Library/Developer/Xcode/DerivedData/Chatlio-erkyzdeecsohoaggpwbjdvavzqfv/Build/Intermediates.noindex/swiftui-introspect.build/Debug-iphonesimulator/SwiftUIIntrospect.build/Objects-normal/x86_64/SwiftUIIntrospect.LinkFileList (in target 'SwiftUIIntrospect' from project 'swiftui-introspect')
    cd /Users/aadityasingh/Library/Developer/Xcode/DerivedData/Chatlio-erkyzdeecsohoaggpwbjdvavzqfv/SourcePackages/checkouts/SwiftUI-Introspect
    write-file /Users/aadityasingh/Library/Developer/Xcode/DerivedData/Chatlio-erkyzdeecsohoaggpwbjdvavzqfv/Build/Intermediates.noindex/swiftui-introspect.build/Debug-iphonesimulator/SwiftUIIntrospect.build/Objects-normal/x86_64/SwiftUIIntrospect.LinkFileList

WriteAuxiliaryFile /Users/aadityasingh/Library/Developer/Xcode/DerivedData/Chatlio-erkyzdeecsohoaggpwbjdvavzqfv/Build/Intermediates.noindex/swiftui-introspect.build/Debug-iphonesimulator/SwiftUIIntrospect.build/Objects-normal/arm64/SwiftUIIntrospect.SwiftFileList (in target 'SwiftUIIntrospect' from project 'swiftui-introspect')
    cd /Users/aadityasingh/Library/Developer/Xcode/DerivedData/Chatlio-erkyzdeecsohoaggpwbjdvavzqfv/SourcePackages/checkouts/SwiftUI-Introspect
    write-file /Users/aadityasingh/Library/Developer/Xcode/DerivedData/Chatlio-erkyzdeecsohoaggpwbjdvavzqfv/Build/Intermediates.noindex/swiftui-introspect.build/Debug-iphonesimulator/SwiftUIIntrospect.build/Objects-normal/arm64/SwiftUIIntrospect.SwiftFileList

WriteAuxiliaryFile /Users/aadityasingh/Library/Developer/Xcode/DerivedData/Chatlio-erkyzdeecsohoaggpwbjdvavzqfv/Build/Intermediates.noindex/swiftui-introspect.build/Debug-iphonesimulator/SwiftUIIntrospect.build/Objects-normal/arm64/SwiftUIIntrospect_const_extract_protocols.json (in target 'SwiftUIIntrospect' from project 'swiftui-introspect')
    cd /Users/aadityasingh/Library/Developer/Xcode/DerivedData/Chatlio-erkyzdeecsohoaggpwbjdvavzqfv/SourcePackages/checkouts/SwiftUI-Introspect
    write-file /Users/aadityasingh/Library/Developer/Xcode/DerivedData/Chatlio-erkyzdeecsohoaggpwbjdvavzqfv/Build/Intermediates.noindex/swiftui-introspect.build/Debug-iphonesimulator/SwiftUIIntrospect.build/Objects-normal/arm64/SwiftUIIntrospect_const_extract_protocols.json

WriteAuxiliaryFile /Users/aadityasingh/Library/Developer/Xcode/DerivedData/Chatlio-erkyzdeecsohoaggpwbjdvavzqfv/Build/Intermediates.noindex/swiftui-introspect.build/Debug-iphonesimulator/SwiftUIIntrospect.build/Objects-normal/arm64/SwiftUIIntrospect.SwiftConstValuesFileList (in target 'SwiftUIIntrospect' from project 'swiftui-introspect')
    cd /Users/aadityasingh/Library/Developer/Xcode/DerivedData/Chatlio-erkyzdeecsohoaggpwbjdvavzqfv/SourcePackages/checkouts/SwiftUI-Introspect
    write-file /Users/aadityasingh/Library/Developer/Xcode/DerivedData/Chatlio-erkyzdeecsohoaggpwbjdvavzqfv/Build/Intermediates.noindex/swiftui-introspect.build/Debug-iphonesimulator/SwiftUIIntrospect.build/Objects-normal/arm64/SwiftUIIntrospect.SwiftConstValuesFileList

WriteAuxiliaryFile /Users/aadityasingh/Library/Developer/Xcode/DerivedData/Chatlio-erkyzdeecsohoaggpwbjdvavzqfv/Build/Intermediates.noindex/swiftui-introspect.build/Debug-iphonesimulator/SwiftUIIntrospect.build/Objects-normal/arm64/SwiftUIIntrospect.LinkFileList (in target 'SwiftUIIntrospect' from project 'swiftui-introspect')
    cd /Users/aadityasingh/Library/Developer/Xcode/DerivedData/Chatlio-erkyzdeecsohoaggpwbjdvavzqfv/SourcePackages/checkouts/SwiftUI-Introspect
    write-file /Users/aadityasingh/Library/Developer/Xcode/DerivedData/Chatlio-erkyzdeecsohoaggpwbjdvavzqfv/Build/Intermediates.noindex/swiftui-introspect.build/Debug-iphonesimulator/SwiftUIIntrospect.build/Objects-normal/arm64/SwiftUIIntrospect.LinkFileList

WriteAuxiliaryFile /Users/aadityasingh/Library/Developer/Xcode/DerivedData/Chatlio-erkyzdeecsohoaggpwbjdvavzqfv/Build/Intermediates.noindex/swiftui-introspect.build/Debug-iphonesimulator/SwiftUIIntrospect.build/Objects-normal/arm64/SwiftUIIntrospect-OutputFileMap.json (in target 'SwiftUIIntrospect' from project 'swiftui-introspect')
    cd /Users/aadityasingh/Library/Developer/Xcode/DerivedData/Chatlio-erkyzdeecsohoaggpwbjdvavzqfv/SourcePackages/checkouts/SwiftUI-Introspect
    write-file /Users/aadityasingh/Library/Developer/Xcode/DerivedData/Chatlio-erkyzdeecsohoaggpwbjdvavzqfv/Build/Intermediates.noindex/swiftui-introspect.build/Debug-iphonesimulator/SwiftUIIntrospect.build/Objects-normal/arm64/SwiftUIIntrospect-OutputFileMap.json

WriteAuxiliaryFile /Users/aadityasingh/Library/Developer/Xcode/DerivedData/Chatlio-erkyzdeecsohoaggpwbjdvavzqfv/Build/Intermediates.noindex/SwiftState.build/Debug-iphonesimulator/SwiftState.build/SwiftState.DependencyMetadataFileList (in target 'SwiftState' from project 'SwiftState')
    cd /Users/aadityasingh/Library/Developer/Xcode/DerivedData/Chatlio-erkyzdeecsohoaggpwbjdvavzqfv/SourcePackages/checkouts/SwiftState
    write-file /Users/aadityasingh/Library/Developer/Xcode/DerivedData/Chatlio-erkyzdeecsohoaggpwbjdvavzqfv/Build/Intermediates.noindex/SwiftState.build/Debug-iphonesimulator/SwiftState.build/SwiftState.DependencyMetadataFileList

WriteAuxiliaryFile /Users/aadityasingh/Library/Developer/Xcode/DerivedData/Chatlio-erkyzdeecsohoaggpwbjdvavzqfv/Build/Intermediates.noindex/SwiftState.build/Debug-iphonesimulator/SwiftState.build/SwiftState.DependencyStaticMetadataFileList (in target 'SwiftState' from project 'SwiftState')
    cd /Users/aadityasingh/Library/Developer/Xcode/DerivedData/Chatlio-erkyzdeecsohoaggpwbjdvavzqfv/SourcePackages/checkouts/SwiftState
    write-file /Users/aadityasingh/Library/Developer/Xcode/DerivedData/Chatlio-erkyzdeecsohoaggpwbjdvavzqfv/Build/Intermediates.noindex/SwiftState.build/Debug-iphonesimulator/SwiftState.build/SwiftState.DependencyStaticMetadataFileList

WriteAuxiliaryFile /Users/aadityasingh/Library/Developer/Xcode/DerivedData/Chatlio-erkyzdeecsohoaggpwbjdvavzqfv/Build/Intermediates.noindex/SwiftState.build/Debug-iphonesimulator/SwiftState.build/SwiftState.modulemap (in target 'SwiftState' from project 'SwiftState')
    cd /Users/aadityasingh/Library/Developer/Xcode/DerivedData/Chatlio-erkyzdeecsohoaggpwbjdvavzqfv/SourcePackages/checkouts/SwiftState
    write-file /Users/aadityasingh/Library/Developer/Xcode/DerivedData/Chatlio-erkyzdeecsohoaggpwbjdvavzqfv/Build/Intermediates.noindex/SwiftState.build/Debug-iphonesimulator/SwiftState.build/SwiftState.modulemap

WriteAuxiliaryFile /Users/aadityasingh/Library/Developer/Xcode/DerivedData/Chatlio-erkyzdeecsohoaggpwbjdvavzqfv/Build/Intermediates.noindex/SwiftState.build/Debug-iphonesimulator/SwiftState.build/Objects-normal/x86_64/SwiftState_const_extract_protocols.json (in target 'SwiftState' from project 'SwiftState')
    cd /Users/aadityasingh/Library/Developer/Xcode/DerivedData/Chatlio-erkyzdeecsohoaggpwbjdvavzqfv/SourcePackages/checkouts/SwiftState
    write-file /Users/aadityasingh/Library/Developer/Xcode/DerivedData/Chatlio-erkyzdeecsohoaggpwbjdvavzqfv/Build/Intermediates.noindex/SwiftState.build/Debug-iphonesimulator/SwiftState.build/Objects-normal/x86_64/SwiftState_const_extract_protocols.json

WriteAuxiliaryFile /Users/aadityasingh/Library/Developer/Xcode/DerivedData/Chatlio-erkyzdeecsohoaggpwbjdvavzqfv/Build/Intermediates.noindex/SwiftState.build/Debug-iphonesimulator/SwiftState.build/Objects-normal/x86_64/SwiftState.SwiftFileList (in target 'SwiftState' from project 'SwiftState')
    cd /Users/aadityasingh/Library/Developer/Xcode/DerivedData/Chatlio-erkyzdeecsohoaggpwbjdvavzqfv/SourcePackages/checkouts/SwiftState
    write-file /Users/aadityasingh/Library/Developer/Xcode/DerivedData/Chatlio-erkyzdeecsohoaggpwbjdvavzqfv/Build/Intermediates.noindex/SwiftState.build/Debug-iphonesimulator/SwiftState.build/Objects-normal/x86_64/SwiftState.SwiftFileList

WriteAuxiliaryFile /Users/aadityasingh/Library/Developer/Xcode/DerivedData/Chatlio-erkyzdeecsohoaggpwbjdvavzqfv/Build/Intermediates.noindex/SwiftState.build/Debug-iphonesimulator/SwiftState.build/Objects-normal/x86_64/SwiftState.SwiftConstValuesFileList (in target 'SwiftState' from project 'SwiftState')
    cd /Users/aadityasingh/Library/Developer/Xcode/DerivedData/Chatlio-erkyzdeecsohoaggpwbjdvavzqfv/SourcePackages/checkouts/SwiftState
    write-file /Users/aadityasingh/Library/Developer/Xcode/DerivedData/Chatlio-erkyzdeecsohoaggpwbjdvavzqfv/Build/Intermediates.noindex/SwiftState.build/Debug-iphonesimulator/SwiftState.build/Objects-normal/x86_64/SwiftState.SwiftConstValuesFileList

WriteAuxiliaryFile /Users/aadityasingh/Library/Developer/Xcode/DerivedData/Chatlio-erkyzdeecsohoaggpwbjdvavzqfv/Build/Intermediates.noindex/SwiftState.build/Debug-iphonesimulator/SwiftState.build/Objects-normal/x86_64/SwiftState.LinkFileList (in target 'SwiftState' from project 'SwiftState')
    cd /Users/aadityasingh/Library/Developer/Xcode/DerivedData/Chatlio-erkyzdeecsohoaggpwbjdvavzqfv/SourcePackages/checkouts/SwiftState
    write-file /Users/aadityasingh/Library/Developer/Xcode/DerivedData/Chatlio-erkyzdeecsohoaggpwbjdvavzqfv/Build/Intermediates.noindex/SwiftState.build/Debug-iphonesimulator/SwiftState.build/Objects-normal/x86_64/SwiftState.LinkFileList

WriteAuxiliaryFile /Users/aadityasingh/Library/Developer/Xcode/DerivedData/Chatlio-erkyzdeecsohoaggpwbjdvavzqfv/Build/Intermediates.noindex/SwiftState.build/Debug-iphonesimulator/SwiftState.build/Objects-normal/x86_64/SwiftState-OutputFileMap.json (in target 'SwiftState' from project 'SwiftState')
    cd /Users/aadityasingh/Library/Developer/Xcode/DerivedData/Chatlio-erkyzdeecsohoaggpwbjdvavzqfv/SourcePackages/checkouts/SwiftState
    write-file /Users/aadityasingh/Library/Developer/Xcode/DerivedData/Chatlio-erkyzdeecsohoaggpwbjdvavzqfv/Build/Intermediates.noindex/SwiftState.build/Debug-iphonesimulator/SwiftState.build/Objects-normal/x86_64/SwiftState-OutputFileMap.json

WriteAuxiliaryFile /Users/aadityasingh/Library/Developer/Xcode/DerivedData/Chatlio-erkyzdeecsohoaggpwbjdvavzqfv/Build/Intermediates.noindex/SwiftState.build/Debug-iphonesimulator/SwiftState.build/Objects-normal/arm64/SwiftState_const_extract_protocols.json (in target 'SwiftState' from project 'SwiftState')
    cd /Users/aadityasingh/Library/Developer/Xcode/DerivedData/Chatlio-erkyzdeecsohoaggpwbjdvavzqfv/SourcePackages/checkouts/SwiftState
    write-file /Users/aadityasingh/Library/Developer/Xcode/DerivedData/Chatlio-erkyzdeecsohoaggpwbjdvavzqfv/Build/Intermediates.noindex/SwiftState.build/Debug-iphonesimulator/SwiftState.build/Objects-normal/arm64/SwiftState_const_extract_protocols.json

WriteAuxiliaryFile /Users/aadityasingh/Library/Developer/Xcode/DerivedData/Chatlio-erkyzdeecsohoaggpwbjdvavzqfv/Build/Intermediates.noindex/SwiftState.build/Debug-iphonesimulator/SwiftState.build/Objects-normal/arm64/SwiftState.SwiftFileList (in target 'SwiftState' from project 'SwiftState')
    cd /Users/aadityasingh/Library/Developer/Xcode/DerivedData/Chatlio-erkyzdeecsohoaggpwbjdvavzqfv/SourcePackages/checkouts/SwiftState
    write-file /Users/aadityasingh/Library/Developer/Xcode/DerivedData/Chatlio-erkyzdeecsohoaggpwbjdvavzqfv/Build/Intermediates.noindex/SwiftState.build/Debug-iphonesimulator/SwiftState.build/Objects-normal/arm64/SwiftState.SwiftFileList

WriteAuxiliaryFile /Users/aadityasingh/Library/Developer/Xcode/DerivedData/Chatlio-erkyzdeecsohoaggpwbjdvavzqfv/Build/Intermediates.noindex/SwiftState.build/Debug-iphonesimulator/SwiftState.build/Objects-normal/arm64/SwiftState.SwiftConstValuesFileList (in target 'SwiftState' from project 'SwiftState')
    cd /Users/aadityasingh/Library/Developer/Xcode/DerivedData/Chatlio-erkyzdeecsohoaggpwbjdvavzqfv/SourcePackages/checkouts/SwiftState
    write-file /Users/aadityasingh/Library/Developer/Xcode/DerivedData/Chatlio-erkyzdeecsohoaggpwbjdvavzqfv/Build/Intermediates.noindex/SwiftState.build/Debug-iphonesimulator/SwiftState.build/Objects-normal/arm64/SwiftState.SwiftConstValuesFileList

WriteAuxiliaryFile /Users/aadityasingh/Library/Developer/Xcode/DerivedData/Chatlio-erkyzdeecsohoaggpwbjdvavzqfv/Build/Intermediates.noindex/SwiftState.build/Debug-iphonesimulator/SwiftState.build/Objects-normal/arm64/SwiftState.LinkFileList (in target 'SwiftState' from project 'SwiftState')
    cd /Users/aadityasingh/Library/Developer/Xcode/DerivedData/Chatlio-erkyzdeecsohoaggpwbjdvavzqfv/SourcePackages/checkouts/SwiftState
    write-file /Users/aadityasingh/Library/Developer/Xcode/DerivedData/Chatlio-erkyzdeecsohoaggpwbjdvavzqfv/Build/Intermediates.noindex/SwiftState.build/Debug-iphonesimulator/SwiftState.build/Objects-normal/arm64/SwiftState.LinkFileList

WriteAuxiliaryFile /Users/aadityasingh/Library/Developer/Xcode/DerivedData/Chatlio-erkyzdeecsohoaggpwbjdvavzqfv/Build/Intermediates.noindex/SwiftState.build/Debug-iphonesimulator/SwiftState.build/Objects-normal/arm64/SwiftState-OutputFileMap.json (in target 'SwiftState' from project 'SwiftState')
    cd /Users/aadityasingh/Library/Developer/Xcode/DerivedData/Chatlio-erkyzdeecsohoaggpwbjdvavzqfv/SourcePackages/checkouts/SwiftState
    write-file /Users/aadityasingh/Library/Developer/Xcode/DerivedData/Chatlio-erkyzdeecsohoaggpwbjdvavzqfv/Build/Intermediates.noindex/SwiftState.build/Debug-iphonesimulator/SwiftState.build/Objects-normal/arm64/SwiftState-OutputFileMap.json

WriteAuxiliaryFile /Users/aadityasingh/Library/Developer/Xcode/DerivedData/Chatlio-erkyzdeecsohoaggpwbjdvavzqfv/Build/Intermediates.noindex/SwiftSoup.build/Debug-iphonesimulator/SwiftSoup.build/SwiftSoup.DependencyStaticMetadataFileList (in target 'SwiftSoup' from project 'SwiftSoup')
    cd /Users/aadityasingh/Library/Developer/Xcode/DerivedData/Chatlio-erkyzdeecsohoaggpwbjdvavzqfv/SourcePackages/checkouts/SwiftSoup
    write-file /Users/aadityasingh/Library/Developer/Xcode/DerivedData/Chatlio-erkyzdeecsohoaggpwbjdvavzqfv/Build/Intermediates.noindex/SwiftSoup.build/Debug-iphonesimulator/SwiftSoup.build/SwiftSoup.DependencyStaticMetadataFileList

WriteAuxiliaryFile /Users/aadityasingh/Library/Developer/Xcode/DerivedData/Chatlio-erkyzdeecsohoaggpwbjdvavzqfv/Build/Intermediates.noindex/SwiftSoup.build/Debug-iphonesimulator/SwiftSoup.build/SwiftSoup.DependencyMetadataFileList (in target 'SwiftSoup' from project 'SwiftSoup')
    cd /Users/aadityasingh/Library/Developer/Xcode/DerivedData/Chatlio-erkyzdeecsohoaggpwbjdvavzqfv/SourcePackages/checkouts/SwiftSoup
    write-file /Users/aadityasingh/Library/Developer/Xcode/DerivedData/Chatlio-erkyzdeecsohoaggpwbjdvavzqfv/Build/Intermediates.noindex/SwiftSoup.build/Debug-iphonesimulator/SwiftSoup.build/SwiftSoup.DependencyMetadataFileList

WriteAuxiliaryFile /Users/aadityasingh/Library/Developer/Xcode/DerivedData/Chatlio-erkyzdeecsohoaggpwbjdvavzqfv/Build/Intermediates.noindex/SwiftSoup.build/Debug-iphonesimulator/SwiftSoup.build/SwiftSoup.modulemap (in target 'SwiftSoup' from project 'SwiftSoup')
    cd /Users/aadityasingh/Library/Developer/Xcode/DerivedData/Chatlio-erkyzdeecsohoaggpwbjdvavzqfv/SourcePackages/checkouts/SwiftSoup
    write-file /Users/aadityasingh/Library/Developer/Xcode/DerivedData/Chatlio-erkyzdeecsohoaggpwbjdvavzqfv/Build/Intermediates.noindex/SwiftSoup.build/Debug-iphonesimulator/SwiftSoup.build/SwiftSoup.modulemap

WriteAuxiliaryFile /Users/aadityasingh/Library/Developer/Xcode/DerivedData/Chatlio-erkyzdeecsohoaggpwbjdvavzqfv/Build/Intermediates.noindex/SwiftSoup.build/Debug-iphonesimulator/SwiftSoup.build/Objects-normal/x86_64/SwiftSoup_const_extract_protocols.json (in target 'SwiftSoup' from project 'SwiftSoup')
    cd /Users/aadityasingh/Library/Developer/Xcode/DerivedData/Chatlio-erkyzdeecsohoaggpwbjdvavzqfv/SourcePackages/checkouts/SwiftSoup
    write-file /Users/aadityasingh/Library/Developer/Xcode/DerivedData/Chatlio-erkyzdeecsohoaggpwbjdvavzqfv/Build/Intermediates.noindex/SwiftSoup.build/Debug-iphonesimulator/SwiftSoup.build/Objects-normal/x86_64/SwiftSoup_const_extract_protocols.json

WriteAuxiliaryFile /Users/aadityasingh/Library/Developer/Xcode/DerivedData/Chatlio-erkyzdeecsohoaggpwbjdvavzqfv/Build/Intermediates.noindex/SwiftSoup.build/Debug-iphonesimulator/SwiftSoup.build/Objects-normal/x86_64/SwiftSoup.SwiftFileList (in target 'SwiftSoup' from project 'SwiftSoup')
    cd /Users/aadityasingh/Library/Developer/Xcode/DerivedData/Chatlio-erkyzdeecsohoaggpwbjdvavzqfv/SourcePackages/checkouts/SwiftSoup
    write-file /Users/aadityasingh/Library/Developer/Xcode/DerivedData/Chatlio-erkyzdeecsohoaggpwbjdvavzqfv/Build/Intermediates.noindex/SwiftSoup.build/Debug-iphonesimulator/SwiftSoup.build/Objects-normal/x86_64/SwiftSoup.SwiftFileList

WriteAuxiliaryFile /Users/aadityasingh/Library/Developer/Xcode/DerivedData/Chatlio-erkyzdeecsohoaggpwbjdvavzqfv/Build/Intermediates.noindex/SwiftSoup.build/Debug-iphonesimulator/SwiftSoup.build/Objects-normal/x86_64/SwiftSoup.SwiftConstValuesFileList (in target 'SwiftSoup' from project 'SwiftSoup')
    cd /Users/aadityasingh/Library/Developer/Xcode/DerivedData/Chatlio-erkyzdeecsohoaggpwbjdvavzqfv/SourcePackages/checkouts/SwiftSoup
    write-file /Users/aadityasingh/Library/Developer/Xcode/DerivedData/Chatlio-erkyzdeecsohoaggpwbjdvavzqfv/Build/Intermediates.noindex/SwiftSoup.build/Debug-iphonesimulator/SwiftSoup.build/Objects-normal/x86_64/SwiftSoup.SwiftConstValuesFileList

WriteAuxiliaryFile /Users/aadityasingh/Library/Developer/Xcode/DerivedData/Chatlio-erkyzdeecsohoaggpwbjdvavzqfv/Build/Intermediates.noindex/SwiftSoup.build/Debug-iphonesimulator/SwiftSoup.build/Objects-normal/x86_64/SwiftSoup.LinkFileList (in target 'SwiftSoup' from project 'SwiftSoup')
    cd /Users/aadityasingh/Library/Developer/Xcode/DerivedData/Chatlio-erkyzdeecsohoaggpwbjdvavzqfv/SourcePackages/checkouts/SwiftSoup
    write-file /Users/aadityasingh/Library/Developer/Xcode/DerivedData/Chatlio-erkyzdeecsohoaggpwbjdvavzqfv/Build/Intermediates.noindex/SwiftSoup.build/Debug-iphonesimulator/SwiftSoup.build/Objects-normal/x86_64/SwiftSoup.LinkFileList

WriteAuxiliaryFile /Users/aadityasingh/Library/Developer/Xcode/DerivedData/Chatlio-erkyzdeecsohoaggpwbjdvavzqfv/Build/Intermediates.noindex/SwiftSoup.build/Debug-iphonesimulator/SwiftSoup.build/Objects-normal/x86_64/SwiftSoup-OutputFileMap.json (in target 'SwiftSoup' from project 'SwiftSoup')
    cd /Users/aadityasingh/Library/Developer/Xcode/DerivedData/Chatlio-erkyzdeecsohoaggpwbjdvavzqfv/SourcePackages/checkouts/SwiftSoup
    write-file /Users/aadityasingh/Library/Developer/Xcode/DerivedData/Chatlio-erkyzdeecsohoaggpwbjdvavzqfv/Build/Intermediates.noindex/SwiftSoup.build/Debug-iphonesimulator/SwiftSoup.build/Objects-normal/x86_64/SwiftSoup-OutputFileMap.json

WriteAuxiliaryFile /Users/aadityasingh/Library/Developer/Xcode/DerivedData/Chatlio-erkyzdeecsohoaggpwbjdvavzqfv/Build/Intermediates.noindex/SwiftSoup.build/Debug-iphonesimulator/SwiftSoup.build/Objects-normal/arm64/SwiftSoup.SwiftFileList (in target 'SwiftSoup' from project 'SwiftSoup')
    cd /Users/aadityasingh/Library/Developer/Xcode/DerivedData/Chatlio-erkyzdeecsohoaggpwbjdvavzqfv/SourcePackages/checkouts/SwiftSoup
    write-file /Users/aadityasingh/Library/Developer/Xcode/DerivedData/Chatlio-erkyzdeecsohoaggpwbjdvavzqfv/Build/Intermediates.noindex/SwiftSoup.build/Debug-iphonesimulator/SwiftSoup.build/Objects-normal/arm64/SwiftSoup.SwiftFileList

WriteAuxiliaryFile /Users/aadityasingh/Library/Developer/Xcode/DerivedData/Chatlio-erkyzdeecsohoaggpwbjdvavzqfv/Build/Intermediates.noindex/SwiftSoup.build/Debug-iphonesimulator/SwiftSoup.build/Objects-normal/arm64/SwiftSoup_const_extract_protocols.json (in target 'SwiftSoup' from project 'SwiftSoup')
    cd /Users/aadityasingh/Library/Developer/Xcode/DerivedData/Chatlio-erkyzdeecsohoaggpwbjdvavzqfv/SourcePackages/checkouts/SwiftSoup
    write-file /Users/aadityasingh/Library/Developer/Xcode/DerivedData/Chatlio-erkyzdeecsohoaggpwbjdvavzqfv/Build/Intermediates.noindex/SwiftSoup.build/Debug-iphonesimulator/SwiftSoup.build/Objects-normal/arm64/SwiftSoup_const_extract_protocols.json

WriteAuxiliaryFile /Users/aadityasingh/Library/Developer/Xcode/DerivedData/Chatlio-erkyzdeecsohoaggpwbjdvavzqfv/Build/Intermediates.noindex/SwiftSoup.build/Debug-iphonesimulator/SwiftSoup.build/Objects-normal/arm64/SwiftSoup.SwiftConstValuesFileList (in target 'SwiftSoup' from project 'SwiftSoup')
    cd /Users/aadityasingh/Library/Developer/Xcode/DerivedData/Chatlio-erkyzdeecsohoaggpwbjdvavzqfv/SourcePackages/checkouts/SwiftSoup
    write-file /Users/aadityasingh/Library/Developer/Xcode/DerivedData/Chatlio-erkyzdeecsohoaggpwbjdvavzqfv/Build/Intermediates.noindex/SwiftSoup.build/Debug-iphonesimulator/SwiftSoup.build/Objects-normal/arm64/SwiftSoup.SwiftConstValuesFileList

WriteAuxiliaryFile /Users/aadityasingh/Library/Developer/Xcode/DerivedData/Chatlio-erkyzdeecsohoaggpwbjdvavzqfv/Build/Intermediates.noindex/SwiftSoup.build/Debug-iphonesimulator/SwiftSoup.build/Objects-normal/arm64/SwiftSoup.LinkFileList (in target 'SwiftSoup' from project 'SwiftSoup')
    cd /Users/aadityasingh/Library/Developer/Xcode/DerivedData/Chatlio-erkyzdeecsohoaggpwbjdvavzqfv/SourcePackages/checkouts/SwiftSoup
    write-file /Users/aadityasingh/Library/Developer/Xcode/DerivedData/Chatlio-erkyzdeecsohoaggpwbjdvavzqfv/Build/Intermediates.noindex/SwiftSoup.build/Debug-iphonesimulator/SwiftSoup.build/Objects-normal/arm64/SwiftSoup.LinkFileList

WriteAuxiliaryFile /Users/aadityasingh/Library/Developer/Xcode/DerivedData/Chatlio-erkyzdeecsohoaggpwbjdvavzqfv/Build/Intermediates.noindex/SwiftSoup.build/Debug-iphonesimulator/SwiftSoup.build/Objects-normal/arm64/SwiftSoup-OutputFileMap.json (in target 'SwiftSoup' from project 'SwiftSoup')
    cd /Users/aadityasingh/Library/Developer/Xcode/DerivedData/Chatlio-erkyzdeecsohoaggpwbjdvavzqfv/SourcePackages/checkouts/SwiftSoup
    write-file /Users/aadityasingh/Library/Developer/Xcode/DerivedData/Chatlio-erkyzdeecsohoaggpwbjdvavzqfv/Build/Intermediates.noindex/SwiftSoup.build/Debug-iphonesimulator/SwiftSoup.build/Objects-normal/arm64/SwiftSoup-OutputFileMap.json

WriteAuxiliaryFile /Users/aadityasingh/Library/Developer/Xcode/DerivedData/Chatlio-erkyzdeecsohoaggpwbjdvavzqfv/Build/Intermediates.noindex/Chatlio.build/Debug-iphonesimulator/ShareExtension.build/ShareExtension.hmap (in target 'ShareExtension' from project 'Chatlio')
    cd /Users/aadityasingh/Documents/Development/element-x-ios
    write-file /Users/aadityasingh/Library/Developer/Xcode/DerivedData/Chatlio-erkyzdeecsohoaggpwbjdvavzqfv/Build/Intermediates.noindex/Chatlio.build/Debug-iphonesimulator/ShareExtension.build/ShareExtension.hmap

WriteAuxiliaryFile /Users/aadityasingh/Library/Developer/Xcode/DerivedData/Chatlio-erkyzdeecsohoaggpwbjdvavzqfv/Build/Intermediates.noindex/Chatlio.build/Debug-iphonesimulator/ShareExtension.build/ShareExtension.DependencyStaticMetadataFileList (in target 'ShareExtension' from project 'Chatlio')
    cd /Users/aadityasingh/Documents/Development/element-x-ios
    write-file /Users/aadityasingh/Library/Developer/Xcode/DerivedData/Chatlio-erkyzdeecsohoaggpwbjdvavzqfv/Build/Intermediates.noindex/Chatlio.build/Debug-iphonesimulator/ShareExtension.build/ShareExtension.DependencyStaticMetadataFileList

WriteAuxiliaryFile /Users/aadityasingh/Library/Developer/Xcode/DerivedData/Chatlio-erkyzdeecsohoaggpwbjdvavzqfv/Build/Intermediates.noindex/Chatlio.build/Debug-iphonesimulator/ShareExtension.build/ShareExtension.DependencyMetadataFileList (in target 'ShareExtension' from project 'Chatlio')
    cd /Users/aadityasingh/Documents/Development/element-x-ios
    write-file /Users/aadityasingh/Library/Developer/Xcode/DerivedData/Chatlio-erkyzdeecsohoaggpwbjdvavzqfv/Build/Intermediates.noindex/Chatlio.build/Debug-iphonesimulator/ShareExtension.build/ShareExtension.DependencyMetadataFileList

Copy /Users/aadityasingh/Library/Developer/Xcode/DerivedData/Chatlio-erkyzdeecsohoaggpwbjdvavzqfv/Build/Intermediates.noindex/GeneratedModuleMaps-iphonesimulator/phlibwebp.modulemap /Users/aadityasingh/Library/Developer/Xcode/DerivedData/Chatlio-erkyzdeecsohoaggpwbjdvavzqfv/Build/Intermediates.noindex/PostHog.build/Debug-iphonesimulator/phlibwebp.build/phlibwebp.modulemap (in target 'phlibwebp' from project 'PostHog')
    cd /Users/aadityasingh/Library/Developer/Xcode/DerivedData/Chatlio-erkyzdeecsohoaggpwbjdvavzqfv/SourcePackages/checkouts/posthog-ios
    builtin-copy -exclude .DS_Store -exclude CVS -exclude .svn -exclude .git -exclude .hg -resolve-src-symlinks /Users/aadityasingh/Library/Developer/Xcode/DerivedData/Chatlio-erkyzdeecsohoaggpwbjdvavzqfv/Build/Intermediates.noindex/PostHog.build/Debug-iphonesimulator/phlibwebp.build/phlibwebp.modulemap /Users/aadityasingh/Library/Developer/Xcode/DerivedData/Chatlio-erkyzdeecsohoaggpwbjdvavzqfv/Build/Intermediates.noindex/GeneratedModuleMaps-iphonesimulator

Copy /Users/aadityasingh/Library/Developer/Xcode/DerivedData/Chatlio-erkyzdeecsohoaggpwbjdvavzqfv/Build/Intermediates.noindex/GeneratedModuleMaps-iphonesimulator/_RopeModule.modulemap /Users/aadityasingh/Library/Developer/Xcode/DerivedData/Chatlio-erkyzdeecsohoaggpwbjdvavzqfv/Build/Intermediates.noindex/swift-collections.build/Debug-iphonesimulator/_RopeModule.build/_RopeModule.modulemap (in target '_RopeModule' from project 'swift-collections')
    cd /Users/aadityasingh/Library/Developer/Xcode/DerivedData/Chatlio-erkyzdeecsohoaggpwbjdvavzqfv/SourcePackages/checkouts/swift-collections
    builtin-copy -exclude .DS_Store -exclude CVS -exclude .svn -exclude .git -exclude .hg -resolve-src-symlinks /Users/aadityasingh/Library/Developer/Xcode/DerivedData/Chatlio-erkyzdeecsohoaggpwbjdvavzqfv/Build/Intermediates.noindex/swift-collections.build/Debug-iphonesimulator/_RopeModule.build/_RopeModule.modulemap /Users/aadityasingh/Library/Developer/Xcode/DerivedData/Chatlio-erkyzdeecsohoaggpwbjdvavzqfv/Build/Intermediates.noindex/GeneratedModuleMaps-iphonesimulator

WriteAuxiliaryFile /Users/aadityasingh/Library/Developer/Xcode/DerivedData/Chatlio-erkyzdeecsohoaggpwbjdvavzqfv/Build/Intermediates.noindex/Chatlio.build/Debug-iphonesimulator/ShareExtension.build/ShareExtension-project-headers.hmap (in target 'ShareExtension' from project 'Chatlio')
    cd /Users/aadityasingh/Documents/Development/element-x-ios
    write-file /Users/aadityasingh/Library/Developer/Xcode/DerivedData/Chatlio-erkyzdeecsohoaggpwbjdvavzqfv/Build/Intermediates.noindex/Chatlio.build/Debug-iphonesimulator/ShareExtension.build/ShareExtension-project-headers.hmap

WriteAuxiliaryFile /Users/aadityasingh/Library/Developer/Xcode/DerivedData/Chatlio-erkyzdeecsohoaggpwbjdvavzqfv/Build/Intermediates.noindex/Chatlio.build/Debug-iphonesimulator/ShareExtension.build/ShareExtension-own-target-headers.hmap (in target 'ShareExtension' from project 'Chatlio')
    cd /Users/aadityasingh/Documents/Development/element-x-ios
    write-file /Users/aadityasingh/Library/Developer/Xcode/DerivedData/Chatlio-erkyzdeecsohoaggpwbjdvavzqfv/Build/Intermediates.noindex/Chatlio.build/Debug-iphonesimulator/ShareExtension.build/ShareExtension-own-target-headers.hmap

WriteAuxiliaryFile /Users/aadityasingh/Library/Developer/Xcode/DerivedData/Chatlio-erkyzdeecsohoaggpwbjdvavzqfv/Build/Intermediates.noindex/Chatlio.build/Debug-iphonesimulator/ShareExtension.build/ShareExtension-generated-files.hmap (in target 'ShareExtension' from project 'Chatlio')
    cd /Users/aadityasingh/Documents/Development/element-x-ios
    write-file /Users/aadityasingh/Library/Developer/Xcode/DerivedData/Chatlio-erkyzdeecsohoaggpwbjdvavzqfv/Build/Intermediates.noindex/Chatlio.build/Debug-iphonesimulator/ShareExtension.build/ShareExtension-generated-files.hmap

WriteAuxiliaryFile /Users/aadityasingh/Library/Developer/Xcode/DerivedData/Chatlio-erkyzdeecsohoaggpwbjdvavzqfv/Build/Intermediates.noindex/Chatlio.build/Debug-iphonesimulator/ShareExtension.build/ShareExtension-all-target-headers.hmap (in target 'ShareExtension' from project 'Chatlio')
    cd /Users/aadityasingh/Documents/Development/element-x-ios
    write-file /Users/aadityasingh/Library/Developer/Xcode/DerivedData/Chatlio-erkyzdeecsohoaggpwbjdvavzqfv/Build/Intermediates.noindex/Chatlio.build/Debug-iphonesimulator/ShareExtension.build/ShareExtension-all-target-headers.hmap

WriteAuxiliaryFile /Users/aadityasingh/Library/Developer/Xcode/DerivedData/Chatlio-erkyzdeecsohoaggpwbjdvavzqfv/Build/Intermediates.noindex/Chatlio.build/Debug-iphonesimulator/ShareExtension.build/ShareExtension-all-non-framework-target-headers.hmap (in target 'ShareExtension' from project 'Chatlio')
    cd /Users/aadityasingh/Documents/Development/element-x-ios
    write-file /Users/aadityasingh/Library/Developer/Xcode/DerivedData/Chatlio-erkyzdeecsohoaggpwbjdvavzqfv/Build/Intermediates.noindex/Chatlio.build/Debug-iphonesimulator/ShareExtension.build/ShareExtension-all-non-framework-target-headers.hmap

WriteAuxiliaryFile /Users/aadityasingh/Library/Developer/Xcode/DerivedData/Chatlio-erkyzdeecsohoaggpwbjdvavzqfv/Build/Intermediates.noindex/Chatlio.build/Debug-iphonesimulator/ShareExtension.build/ShareExtension-DebugEntryPoint-normal-x86_64.txt (in target 'ShareExtension' from project 'Chatlio')
    cd /Users/aadityasingh/Documents/Development/element-x-ios
    write-file /Users/aadityasingh/Library/Developer/Xcode/DerivedData/Chatlio-erkyzdeecsohoaggpwbjdvavzqfv/Build/Intermediates.noindex/Chatlio.build/Debug-iphonesimulator/ShareExtension.build/ShareExtension-DebugEntryPoint-normal-x86_64.txt

WriteAuxiliaryFile /Users/aadityasingh/Library/Developer/Xcode/DerivedData/Chatlio-erkyzdeecsohoaggpwbjdvavzqfv/Build/Intermediates.noindex/Chatlio.build/Debug-iphonesimulator/ShareExtension.build/ShareExtension-DebugEntryPoint-normal-arm64.txt (in target 'ShareExtension' from project 'Chatlio')
    cd /Users/aadityasingh/Documents/Development/element-x-ios
    write-file /Users/aadityasingh/Library/Developer/Xcode/DerivedData/Chatlio-erkyzdeecsohoaggpwbjdvavzqfv/Build/Intermediates.noindex/Chatlio.build/Debug-iphonesimulator/ShareExtension.build/ShareExtension-DebugEntryPoint-normal-arm64.txt

WriteAuxiliaryFile /Users/aadityasingh/Library/Developer/Xcode/DerivedData/Chatlio-erkyzdeecsohoaggpwbjdvavzqfv/Build/Intermediates.noindex/Chatlio.build/Debug-iphonesimulator/ShareExtension.build/ShareExtension-DebugDylibPath-normal-x86_64.txt (in target 'ShareExtension' from project 'Chatlio')
    cd /Users/aadityasingh/Documents/Development/element-x-ios
    write-file /Users/aadityasingh/Library/Developer/Xcode/DerivedData/Chatlio-erkyzdeecsohoaggpwbjdvavzqfv/Build/Intermediates.noindex/Chatlio.build/Debug-iphonesimulator/ShareExtension.build/ShareExtension-DebugDylibPath-normal-x86_64.txt

WriteAuxiliaryFile /Users/aadityasingh/Library/Developer/Xcode/DerivedData/Chatlio-erkyzdeecsohoaggpwbjdvavzqfv/Build/Intermediates.noindex/Chatlio.build/Debug-iphonesimulator/ShareExtension.build/ShareExtension-DebugDylibPath-normal-arm64.txt (in target 'ShareExtension' from project 'Chatlio')
    cd /Users/aadityasingh/Documents/Development/element-x-ios
    write-file /Users/aadityasingh/Library/Developer/Xcode/DerivedData/Chatlio-erkyzdeecsohoaggpwbjdvavzqfv/Build/Intermediates.noindex/Chatlio.build/Debug-iphonesimulator/ShareExtension.build/ShareExtension-DebugDylibPath-normal-arm64.txt

WriteAuxiliaryFile /Users/aadityasingh/Library/Developer/Xcode/DerivedData/Chatlio-erkyzdeecsohoaggpwbjdvavzqfv/Build/Intermediates.noindex/Chatlio.build/Debug-iphonesimulator/ShareExtension.build/ShareExtension-DebugDylibInstallName-normal-x86_64.txt (in target 'ShareExtension' from project 'Chatlio')
    cd /Users/aadityasingh/Documents/Development/element-x-ios
    write-file /Users/aadityasingh/Library/Developer/Xcode/DerivedData/Chatlio-erkyzdeecsohoaggpwbjdvavzqfv/Build/Intermediates.noindex/Chatlio.build/Debug-iphonesimulator/ShareExtension.build/ShareExtension-DebugDylibInstallName-normal-x86_64.txt

WriteAuxiliaryFile /Users/aadityasingh/Library/Developer/Xcode/DerivedData/Chatlio-erkyzdeecsohoaggpwbjdvavzqfv/Build/Intermediates.noindex/Chatlio.build/Debug-iphonesimulator/ShareExtension.build/ShareExtension-DebugDylibInstallName-normal-arm64.txt (in target 'ShareExtension' from project 'Chatlio')
    cd /Users/aadityasingh/Documents/Development/element-x-ios
    write-file /Users/aadityasingh/Library/Developer/Xcode/DerivedData/Chatlio-erkyzdeecsohoaggpwbjdvavzqfv/Build/Intermediates.noindex/Chatlio.build/Debug-iphonesimulator/ShareExtension.build/ShareExtension-DebugDylibInstallName-normal-arm64.txt

WriteAuxiliaryFile /Users/aadityasingh/Library/Developer/Xcode/DerivedData/Chatlio-erkyzdeecsohoaggpwbjdvavzqfv/Build/Intermediates.noindex/Chatlio.build/Debug-iphonesimulator/ShareExtension.build/Objects-normal/x86_64/ShareExtension_const_extract_protocols.json (in target 'ShareExtension' from project 'Chatlio')
    cd /Users/aadityasingh/Documents/Development/element-x-ios
    write-file /Users/aadityasingh/Library/Developer/Xcode/DerivedData/Chatlio-erkyzdeecsohoaggpwbjdvavzqfv/Build/Intermediates.noindex/Chatlio.build/Debug-iphonesimulator/ShareExtension.build/Objects-normal/x86_64/ShareExtension_const_extract_protocols.json

WriteAuxiliaryFile /Users/aadityasingh/Library/Developer/Xcode/DerivedData/Chatlio-erkyzdeecsohoaggpwbjdvavzqfv/Build/Intermediates.noindex/Chatlio.build/Debug-iphonesimulator/ShareExtension.build/Objects-normal/x86_64/ShareExtension.SwiftFileList (in target 'ShareExtension' from project 'Chatlio')
    cd /Users/aadityasingh/Documents/Development/element-x-ios
    write-file /Users/aadityasingh/Library/Developer/Xcode/DerivedData/Chatlio-erkyzdeecsohoaggpwbjdvavzqfv/Build/Intermediates.noindex/Chatlio.build/Debug-iphonesimulator/ShareExtension.build/Objects-normal/x86_64/ShareExtension.SwiftFileList

WriteAuxiliaryFile /Users/aadityasingh/Library/Developer/Xcode/DerivedData/Chatlio-erkyzdeecsohoaggpwbjdvavzqfv/Build/Intermediates.noindex/Chatlio.build/Debug-iphonesimulator/ShareExtension.build/Objects-normal/x86_64/ShareExtension.SwiftConstValuesFileList (in target 'ShareExtension' from project 'Chatlio')
    cd /Users/aadityasingh/Documents/Development/element-x-ios
    write-file /Users/aadityasingh/Library/Developer/Xcode/DerivedData/Chatlio-erkyzdeecsohoaggpwbjdvavzqfv/Build/Intermediates.noindex/Chatlio.build/Debug-iphonesimulator/ShareExtension.build/Objects-normal/x86_64/ShareExtension.SwiftConstValuesFileList

WriteAuxiliaryFile /Users/aadityasingh/Library/Developer/Xcode/DerivedData/Chatlio-erkyzdeecsohoaggpwbjdvavzqfv/Build/Intermediates.noindex/Chatlio.build/Debug-iphonesimulator/ShareExtension.build/Objects-normal/x86_64/ShareExtension.LinkFileList (in target 'ShareExtension' from project 'Chatlio')
    cd /Users/aadityasingh/Documents/Development/element-x-ios
    write-file /Users/aadityasingh/Library/Developer/Xcode/DerivedData/Chatlio-erkyzdeecsohoaggpwbjdvavzqfv/Build/Intermediates.noindex/Chatlio.build/Debug-iphonesimulator/ShareExtension.build/Objects-normal/x86_64/ShareExtension.LinkFileList

WriteAuxiliaryFile /Users/aadityasingh/Library/Developer/Xcode/DerivedData/Chatlio-erkyzdeecsohoaggpwbjdvavzqfv/Build/Intermediates.noindex/Chatlio.build/Debug-iphonesimulator/ShareExtension.build/Objects-normal/x86_64/ShareExtension-OutputFileMap.json (in target 'ShareExtension' from project 'Chatlio')
    cd /Users/aadityasingh/Documents/Development/element-x-ios
    write-file /Users/aadityasingh/Library/Developer/Xcode/DerivedData/Chatlio-erkyzdeecsohoaggpwbjdvavzqfv/Build/Intermediates.noindex/Chatlio.build/Debug-iphonesimulator/ShareExtension.build/Objects-normal/x86_64/ShareExtension-OutputFileMap.json

WriteAuxiliaryFile /Users/aadityasingh/Library/Developer/Xcode/DerivedData/Chatlio-erkyzdeecsohoaggpwbjdvavzqfv/Build/Intermediates.noindex/Chatlio.build/Debug-iphonesimulator/ShareExtension.build/Objects-normal/arm64/ShareExtension_const_extract_protocols.json (in target 'ShareExtension' from project 'Chatlio')
    cd /Users/aadityasingh/Documents/Development/element-x-ios
    write-file /Users/aadityasingh/Library/Developer/Xcode/DerivedData/Chatlio-erkyzdeecsohoaggpwbjdvavzqfv/Build/Intermediates.noindex/Chatlio.build/Debug-iphonesimulator/ShareExtension.build/Objects-normal/arm64/ShareExtension_const_extract_protocols.json

WriteAuxiliaryFile /Users/aadityasingh/Library/Developer/Xcode/DerivedData/Chatlio-erkyzdeecsohoaggpwbjdvavzqfv/Build/Intermediates.noindex/Chatlio.build/Debug-iphonesimulator/ShareExtension.build/Objects-normal/arm64/ShareExtension.SwiftFileList (in target 'ShareExtension' from project 'Chatlio')
    cd /Users/aadityasingh/Documents/Development/element-x-ios
    write-file /Users/aadityasingh/Library/Developer/Xcode/DerivedData/Chatlio-erkyzdeecsohoaggpwbjdvavzqfv/Build/Intermediates.noindex/Chatlio.build/Debug-iphonesimulator/ShareExtension.build/Objects-normal/arm64/ShareExtension.SwiftFileList

WriteAuxiliaryFile /Users/aadityasingh/Library/Developer/Xcode/DerivedData/Chatlio-erkyzdeecsohoaggpwbjdvavzqfv/Build/Intermediates.noindex/Chatlio.build/Debug-iphonesimulator/ShareExtension.build/Objects-normal/arm64/ShareExtension.SwiftConstValuesFileList (in target 'ShareExtension' from project 'Chatlio')
    cd /Users/aadityasingh/Documents/Development/element-x-ios
    write-file /Users/aadityasingh/Library/Developer/Xcode/DerivedData/Chatlio-erkyzdeecsohoaggpwbjdvavzqfv/Build/Intermediates.noindex/Chatlio.build/Debug-iphonesimulator/ShareExtension.build/Objects-normal/arm64/ShareExtension.SwiftConstValuesFileList

WriteAuxiliaryFile /Users/aadityasingh/Library/Developer/Xcode/DerivedData/Chatlio-erkyzdeecsohoaggpwbjdvavzqfv/Build/Intermediates.noindex/Chatlio.build/Debug-iphonesimulator/ShareExtension.build/Objects-normal/arm64/ShareExtension.LinkFileList (in target 'ShareExtension' from project 'Chatlio')
    cd /Users/aadityasingh/Documents/Development/element-x-ios
    write-file /Users/aadityasingh/Library/Developer/Xcode/DerivedData/Chatlio-erkyzdeecsohoaggpwbjdvavzqfv/Build/Intermediates.noindex/Chatlio.build/Debug-iphonesimulator/ShareExtension.build/Objects-normal/arm64/ShareExtension.LinkFileList

WriteAuxiliaryFile /Users/aadityasingh/Library/Developer/Xcode/DerivedData/Chatlio-erkyzdeecsohoaggpwbjdvavzqfv/Build/Intermediates.noindex/Chatlio.build/Debug-iphonesimulator/ShareExtension.build/Objects-normal/arm64/ShareExtension-OutputFileMap.json (in target 'ShareExtension' from project 'Chatlio')
    cd /Users/aadityasingh/Documents/Development/element-x-ios
    write-file /Users/aadityasingh/Library/Developer/Xcode/DerivedData/Chatlio-erkyzdeecsohoaggpwbjdvavzqfv/Build/Intermediates.noindex/Chatlio.build/Debug-iphonesimulator/ShareExtension.build/Objects-normal/arm64/ShareExtension-OutputFileMap.json

WriteAuxiliaryFile /Users/aadityasingh/Library/Developer/Xcode/DerivedData/Chatlio-erkyzdeecsohoaggpwbjdvavzqfv/Build/Intermediates.noindex/Chatlio.build/Debug-iphonesimulator/ShareExtension.build/DerivedSources/Entitlements-Simulated.plist (in target 'ShareExtension' from project 'Chatlio')
    cd /Users/aadityasingh/Documents/Development/element-x-ios
    write-file /Users/aadityasingh/Library/Developer/Xcode/DerivedData/Chatlio-erkyzdeecsohoaggpwbjdvavzqfv/Build/Intermediates.noindex/Chatlio.build/Debug-iphonesimulator/ShareExtension.build/DerivedSources/Entitlements-Simulated.plist

WriteAuxiliaryFile /Users/aadityasingh/Library/Developer/Xcode/DerivedData/Chatlio-erkyzdeecsohoaggpwbjdvavzqfv/Build/Intermediates.noindex/Sentry.build/Debug-iphonesimulator/SentryInternal.build/SentryInternal.DependencyMetadataFileList (in target 'SentryInternal' from project 'Sentry')
    cd /Users/aadityasingh/Library/Developer/Xcode/DerivedData/Chatlio-erkyzdeecsohoaggpwbjdvavzqfv/SourcePackages/checkouts/sentry-cocoa
    write-file /Users/aadityasingh/Library/Developer/Xcode/DerivedData/Chatlio-erkyzdeecsohoaggpwbjdvavzqfv/Build/Intermediates.noindex/Sentry.build/Debug-iphonesimulator/SentryInternal.build/SentryInternal.DependencyMetadataFileList

WriteAuxiliaryFile /Users/aadityasingh/Library/Developer/Xcode/DerivedData/Chatlio-erkyzdeecsohoaggpwbjdvavzqfv/Build/Intermediates.noindex/Sentry.build/Debug-iphonesimulator/SentryInternal.build/SentryInternal.DependencyStaticMetadataFileList (in target 'SentryInternal' from project 'Sentry')
    cd /Users/aadityasingh/Library/Developer/Xcode/DerivedData/Chatlio-erkyzdeecsohoaggpwbjdvavzqfv/SourcePackages/checkouts/sentry-cocoa
    write-file /Users/aadityasingh/Library/Developer/Xcode/DerivedData/Chatlio-erkyzdeecsohoaggpwbjdvavzqfv/Build/Intermediates.noindex/Sentry.build/Debug-iphonesimulator/SentryInternal.build/SentryInternal.DependencyStaticMetadataFileList

WriteAuxiliaryFile /Users/aadityasingh/Library/Developer/Xcode/DerivedData/Chatlio-erkyzdeecsohoaggpwbjdvavzqfv/Build/Intermediates.noindex/Sentry.build/Debug-iphonesimulator/SentryInternal.build/SentryInternal.modulemap (in target 'SentryInternal' from project 'Sentry')
    cd /Users/aadityasingh/Library/Developer/Xcode/DerivedData/Chatlio-erkyzdeecsohoaggpwbjdvavzqfv/SourcePackages/checkouts/sentry-cocoa
    write-file /Users/aadityasingh/Library/Developer/Xcode/DerivedData/Chatlio-erkyzdeecsohoaggpwbjdvavzqfv/Build/Intermediates.noindex/Sentry.build/Debug-iphonesimulator/SentryInternal.build/SentryInternal.modulemap

WriteAuxiliaryFile /Users/aadityasingh/Library/Developer/Xcode/DerivedData/Chatlio-erkyzdeecsohoaggpwbjdvavzqfv/Build/Intermediates.noindex/Sentry.build/Debug-iphonesimulator/SentryInternal.build/Objects-normal/arm64/e6072d4f65d7061329687fe24e3d63a7-common-args.resp (in target 'SentryInternal' from project 'Sentry')
    cd /Users/aadityasingh/Library/Developer/Xcode/DerivedData/Chatlio-erkyzdeecsohoaggpwbjdvavzqfv/SourcePackages/checkouts/sentry-cocoa
    write-file /Users/aadityasingh/Library/Developer/Xcode/DerivedData/Chatlio-erkyzdeecsohoaggpwbjdvavzqfv/Build/Intermediates.noindex/Sentry.build/Debug-iphonesimulator/SentryInternal.build/Objects-normal/arm64/e6072d4f65d7061329687fe24e3d63a7-common-args.resp
-fobjc-arc -fmodules -gmodules '-fmodules-cache-path=/Users/aadityasingh/Library/Developer/Xcode/DerivedData/ModuleCache.noindex' '-fmodule-name=SentryInternal' -fpascal-strings -O0 -DSWIFT_PACKAGE '-DDEBUG=1' '-DOBJC_OLD_DISPATCH_PROTOTYPES=1' -g '-fobjc-abi-version=2' -fobjc-legacy-dispatch -fprofile-instr-generate -fcoverage-mapping -I/Users/aadityasingh/Library/Developer/Xcode/DerivedData/Chatlio-erkyzdeecsohoaggpwbjdvavzqfv/Build/Products/Debug-iphonesimulator/include -I/Users/aadityasingh/Library/Developer/Xcode/DerivedData/Chatlio-erkyzdeecsohoaggpwbjdvavzqfv/SourcePackages/checkouts/sentry-cocoa/Sources/SentrySwiftUI/SentryInternal -I/Users/aadityasingh/Library/Developer/Xcode/DerivedData/Chatlio-erkyzdeecsohoaggpwbjdvavzqfv/Build/Intermediates.noindex/Sentry.build/Debug-iphonesimulator/SentryInternal.build/DerivedSources-normal/arm64 -I/Users/aadityasingh/Library/Developer/Xcode/DerivedData/Chatlio-erkyzdeecsohoaggpwbjdvavzqfv/Build/Intermediates.noindex/Sentry.build/Debug-iphonesimulator/SentryInternal.build/DerivedSources/arm64 -I/Users/aadityasingh/Library/Developer/Xcode/DerivedData/Chatlio-erkyzdeecsohoaggpwbjdvavzqfv/Build/Intermediates.noindex/Sentry.build/Debug-iphonesimulator/SentryInternal.build/DerivedSources -F/Users/aadityasingh/Library/Developer/Xcode/DerivedData/Chatlio-erkyzdeecsohoaggpwbjdvavzqfv/Build/Products/Debug-iphonesimulator -iframework /Applications/Xcode.app/Contents/Developer/Platforms/iPhoneSimulator.platform/Developer/Library/Frameworks -iframework /Applications/Xcode.app/Contents/Developer/Platforms/iPhoneSimulator.platform/Developer/SDKs/iPhoneSimulator26.4.sdk/Developer/Library/Frameworks -DXcode

WriteAuxiliaryFile /Users/aadityasingh/Library/Developer/Xcode/DerivedData/Chatlio-erkyzdeecsohoaggpwbjdvavzqfv/Build/Intermediates.noindex/Sentry.build/Debug-iphonesimulator/SentryInternal.build/Objects-normal/x86_64/e6072d4f65d7061329687fe24e3d63a7-common-args.resp (in target 'SentryInternal' from project 'Sentry')
    cd /Users/aadityasingh/Library/Developer/Xcode/DerivedData/Chatlio-erkyzdeecsohoaggpwbjdvavzqfv/SourcePackages/checkouts/sentry-cocoa
    write-file /Users/aadityasingh/Library/Developer/Xcode/DerivedData/Chatlio-erkyzdeecsohoaggpwbjdvavzqfv/Build/Intermediates.noindex/Sentry.build/Debug-iphonesimulator/SentryInternal.build/Objects-normal/x86_64/e6072d4f65d7061329687fe24e3d63a7-common-args.resp
-fobjc-arc -fmodules -gmodules '-fmodules-cache-path=/Users/aadityasingh/Library/Developer/Xcode/DerivedData/ModuleCache.noindex' '-fmodule-name=SentryInternal' -fpascal-strings -O0 -DSWIFT_PACKAGE '-DDEBUG=1' '-DOBJC_OLD_DISPATCH_PROTOTYPES=1' -fasm-blocks -g '-fobjc-abi-version=2' -fobjc-legacy-dispatch -fprofile-instr-generate -fcoverage-mapping -I/Users/aadityasingh/Library/Developer/Xcode/DerivedData/Chatlio-erkyzdeecsohoaggpwbjdvavzqfv/Build/Products/Debug-iphonesimulator/include -I/Users/aadityasingh/Library/Developer/Xcode/DerivedData/Chatlio-erkyzdeecsohoaggpwbjdvavzqfv/SourcePackages/checkouts/sentry-cocoa/Sources/SentrySwiftUI/SentryInternal -I/Users/aadityasingh/Library/Developer/Xcode/DerivedData/Chatlio-erkyzdeecsohoaggpwbjdvavzqfv/Build/Intermediates.noindex/Sentry.build/Debug-iphonesimulator/SentryInternal.build/DerivedSources-normal/x86_64 -I/Users/aadityasingh/Library/Developer/Xcode/DerivedData/Chatlio-erkyzdeecsohoaggpwbjdvavzqfv/Build/Intermediates.noindex/Sentry.build/Debug-iphonesimulator/SentryInternal.build/DerivedSources/x86_64 -I/Users/aadityasingh/Library/Developer/Xcode/DerivedData/Chatlio-erkyzdeecsohoaggpwbjdvavzqfv/Build/Intermediates.noindex/Sentry.build/Debug-iphonesimulator/SentryInternal.build/DerivedSources -F/Users/aadityasingh/Library/Developer/Xcode/DerivedData/Chatlio-erkyzdeecsohoaggpwbjdvavzqfv/Build/Products/Debug-iphonesimulator -iframework /Applications/Xcode.app/Contents/Developer/Platforms/iPhoneSimulator.platform/Developer/Library/Frameworks -iframework /Applications/Xcode.app/Contents/Developer/Platforms/iPhoneSimulator.platform/Developer/SDKs/iPhoneSimulator26.4.sdk/Developer/Library/Frameworks -DXcode

WriteAuxiliaryFile /Users/aadityasingh/Library/Developer/Xcode/DerivedData/Chatlio-erkyzdeecsohoaggpwbjdvavzqfv/Build/Intermediates.noindex/Sentry.build/Debug-iphonesimulator/SentryInternal.build/Objects-normal/x86_64/SentryInternal.LinkFileList (in target 'SentryInternal' from project 'Sentry')
    cd /Users/aadityasingh/Library/Developer/Xcode/DerivedData/Chatlio-erkyzdeecsohoaggpwbjdvavzqfv/SourcePackages/checkouts/sentry-cocoa
    write-file /Users/aadityasingh/Library/Developer/Xcode/DerivedData/Chatlio-erkyzdeecsohoaggpwbjdvavzqfv/Build/Intermediates.noindex/Sentry.build/Debug-iphonesimulator/SentryInternal.build/Objects-normal/x86_64/SentryInternal.LinkFileList

WriteAuxiliaryFile /Users/aadityasingh/Library/Developer/Xcode/DerivedData/Chatlio-erkyzdeecsohoaggpwbjdvavzqfv/Build/Intermediates.noindex/Sentry.build/Debug-iphonesimulator/SentryInternal.build/Objects-normal/arm64/SentryInternal.LinkFileList (in target 'SentryInternal' from project 'Sentry')
    cd /Users/aadityasingh/Library/Developer/Xcode/DerivedData/Chatlio-erkyzdeecsohoaggpwbjdvavzqfv/SourcePackages/checkouts/sentry-cocoa
    write-file /Users/aadityasingh/Library/Developer/Xcode/DerivedData/Chatlio-erkyzdeecsohoaggpwbjdvavzqfv/Build/Intermediates.noindex/Sentry.build/Debug-iphonesimulator/SentryInternal.build/Objects-normal/arm64/SentryInternal.LinkFileList

WriteAuxiliaryFile /Users/aadityasingh/Library/Developer/Xcode/DerivedData/Chatlio-erkyzdeecsohoaggpwbjdvavzqfv/Build/Intermediates.noindex/Sentry.build/Debug-iphonesimulator/SentryCppHelper.build/SentryCppHelper.modulemap (in target 'SentryCppHelper' from project 'Sentry')
    cd /Users/aadityasingh/Library/Developer/Xcode/DerivedData/Chatlio-erkyzdeecsohoaggpwbjdvavzqfv/SourcePackages/checkouts/sentry-cocoa
    write-file /Users/aadityasingh/Library/Developer/Xcode/DerivedData/Chatlio-erkyzdeecsohoaggpwbjdvavzqfv/Build/Intermediates.noindex/Sentry.build/Debug-iphonesimulator/SentryCppHelper.build/SentryCppHelper.modulemap

WriteAuxiliaryFile /Users/aadityasingh/Library/Developer/Xcode/DerivedData/Chatlio-erkyzdeecsohoaggpwbjdvavzqfv/Build/Intermediates.noindex/Sentry.build/Debug-iphonesimulator/SentryCppHelper.build/SentryCppHelper.DependencyStaticMetadataFileList (in target 'SentryCppHelper' from project 'Sentry')
    cd /Users/aadityasingh/Library/Developer/Xcode/DerivedData/Chatlio-erkyzdeecsohoaggpwbjdvavzqfv/SourcePackages/checkouts/sentry-cocoa
    write-file /Users/aadityasingh/Library/Developer/Xcode/DerivedData/Chatlio-erkyzdeecsohoaggpwbjdvavzqfv/Build/Intermediates.noindex/Sentry.build/Debug-iphonesimulator/SentryCppHelper.build/SentryCppHelper.DependencyStaticMetadataFileList

WriteAuxiliaryFile /Users/aadityasingh/Library/Developer/Xcode/DerivedData/Chatlio-erkyzdeecsohoaggpwbjdvavzqfv/Build/Intermediates.noindex/Sentry.build/Debug-iphonesimulator/SentryCppHelper.build/SentryCppHelper.DependencyMetadataFileList (in target 'SentryCppHelper' from project 'Sentry')
    cd /Users/aadityasingh/Library/Developer/Xcode/DerivedData/Chatlio-erkyzdeecsohoaggpwbjdvavzqfv/SourcePackages/checkouts/sentry-cocoa
    write-file /Users/aadityasingh/Library/Developer/Xcode/DerivedData/Chatlio-erkyzdeecsohoaggpwbjdvavzqfv/Build/Intermediates.noindex/Sentry.build/Debug-iphonesimulator/SentryCppHelper.build/SentryCppHelper.DependencyMetadataFileList

WriteAuxiliaryFile /Users/aadityasingh/Library/Developer/Xcode/DerivedData/Chatlio-erkyzdeecsohoaggpwbjdvavzqfv/Build/Intermediates.noindex/Sentry.build/Debug-iphonesimulator/SentryCppHelper.build/Objects-normal/x86_64/SentryCppHelper.SwiftFileList (in target 'SentryCppHelper' from project 'Sentry')
    cd /Users/aadityasingh/Library/Developer/Xcode/DerivedData/Chatlio-erkyzdeecsohoaggpwbjdvavzqfv/SourcePackages/checkouts/sentry-cocoa
    write-file /Users/aadityasingh/Library/Developer/Xcode/DerivedData/Chatlio-erkyzdeecsohoaggpwbjdvavzqfv/Build/Intermediates.noindex/Sentry.build/Debug-iphonesimulator/SentryCppHelper.build/Objects-normal/x86_64/SentryCppHelper.SwiftFileList

WriteAuxiliaryFile /Users/aadityasingh/Library/Developer/Xcode/DerivedData/Chatlio-erkyzdeecsohoaggpwbjdvavzqfv/Build/Intermediates.noindex/Sentry.build/Debug-iphonesimulator/SentryCppHelper.build/Objects-normal/x86_64/SentryCppHelper.SwiftConstValuesFileList (in target 'SentryCppHelper' from project 'Sentry')
    cd /Users/aadityasingh/Library/Developer/Xcode/DerivedData/Chatlio-erkyzdeecsohoaggpwbjdvavzqfv/SourcePackages/checkouts/sentry-cocoa
    write-file /Users/aadityasingh/Library/Developer/Xcode/DerivedData/Chatlio-erkyzdeecsohoaggpwbjdvavzqfv/Build/Intermediates.noindex/Sentry.build/Debug-iphonesimulator/SentryCppHelper.build/Objects-normal/x86_64/SentryCppHelper.SwiftConstValuesFileList

WriteAuxiliaryFile /Users/aadityasingh/Library/Developer/Xcode/DerivedData/Chatlio-erkyzdeecsohoaggpwbjdvavzqfv/Build/Intermediates.noindex/Sentry.build/Debug-iphonesimulator/SentryCppHelper.build/Objects-normal/x86_64/SentryCppHelper.LinkFileList (in target 'SentryCppHelper' from project 'Sentry')
    cd /Users/aadityasingh/Library/Developer/Xcode/DerivedData/Chatlio-erkyzdeecsohoaggpwbjdvavzqfv/SourcePackages/checkouts/sentry-cocoa
    write-file /Users/aadityasingh/Library/Developer/Xcode/DerivedData/Chatlio-erkyzdeecsohoaggpwbjdvavzqfv/Build/Intermediates.noindex/Sentry.build/Debug-iphonesimulator/SentryCppHelper.build/Objects-normal/x86_64/SentryCppHelper.LinkFileList

WriteAuxiliaryFile /Users/aadityasingh/Library/Developer/Xcode/DerivedData/Chatlio-erkyzdeecsohoaggpwbjdvavzqfv/Build/Intermediates.noindex/Sentry.build/Debug-iphonesimulator/SentryCppHelper.build/Objects-normal/x86_64/SentryCppHelper-OutputFileMap.json (in target 'SentryCppHelper' from project 'Sentry')
    cd /Users/aadityasingh/Library/Developer/Xcode/DerivedData/Chatlio-erkyzdeecsohoaggpwbjdvavzqfv/SourcePackages/checkouts/sentry-cocoa
    write-file /Users/aadityasingh/Library/Developer/Xcode/DerivedData/Chatlio-erkyzdeecsohoaggpwbjdvavzqfv/Build/Intermediates.noindex/Sentry.build/Debug-iphonesimulator/SentryCppHelper.build/Objects-normal/x86_64/SentryCppHelper-OutputFileMap.json

WriteAuxiliaryFile /Users/aadityasingh/Library/Developer/Xcode/DerivedData/Chatlio-erkyzdeecsohoaggpwbjdvavzqfv/Build/Intermediates.noindex/Sentry.build/Debug-iphonesimulator/SentryCppHelper.build/Objects-normal/x86_64/SentryCppHelper_const_extract_protocols.json (in target 'SentryCppHelper' from project 'Sentry')
    cd /Users/aadityasingh/Library/Developer/Xcode/DerivedData/Chatlio-erkyzdeecsohoaggpwbjdvavzqfv/SourcePackages/checkouts/sentry-cocoa
    write-file /Users/aadityasingh/Library/Developer/Xcode/DerivedData/Chatlio-erkyzdeecsohoaggpwbjdvavzqfv/Build/Intermediates.noindex/Sentry.build/Debug-iphonesimulator/SentryCppHelper.build/Objects-normal/x86_64/SentryCppHelper_const_extract_protocols.json

WriteAuxiliaryFile /Users/aadityasingh/Library/Developer/Xcode/DerivedData/Chatlio-erkyzdeecsohoaggpwbjdvavzqfv/Build/Intermediates.noindex/Sentry.build/Debug-iphonesimulator/SentryCppHelper.build/Objects-normal/arm64/SentryCppHelper_const_extract_protocols.json (in target 'SentryCppHelper' from project 'Sentry')
    cd /Users/aadityasingh/Library/Developer/Xcode/DerivedData/Chatlio-erkyzdeecsohoaggpwbjdvavzqfv/SourcePackages/checkouts/sentry-cocoa
    write-file /Users/aadityasingh/Library/Developer/Xcode/DerivedData/Chatlio-erkyzdeecsohoaggpwbjdvavzqfv/Build/Intermediates.noindex/Sentry.build/Debug-iphonesimulator/SentryCppHelper.build/Objects-normal/arm64/SentryCppHelper_const_extract_protocols.json

WriteAuxiliaryFile /Users/aadityasingh/Library/Developer/Xcode/DerivedData/Chatlio-erkyzdeecsohoaggpwbjdvavzqfv/Build/Intermediates.noindex/Sentry.build/Debug-iphonesimulator/SentryCppHelper.build/Objects-normal/arm64/SentryCppHelper.SwiftFileList (in target 'SentryCppHelper' from project 'Sentry')
    cd /Users/aadityasingh/Library/Developer/Xcode/DerivedData/Chatlio-erkyzdeecsohoaggpwbjdvavzqfv/SourcePackages/checkouts/sentry-cocoa
    write-file /Users/aadityasingh/Library/Developer/Xcode/DerivedData/Chatlio-erkyzdeecsohoaggpwbjdvavzqfv/Build/Intermediates.noindex/Sentry.build/Debug-iphonesimulator/SentryCppHelper.build/Objects-normal/arm64/SentryCppHelper.SwiftFileList

WriteAuxiliaryFile /Users/aadityasingh/Library/Developer/Xcode/DerivedData/Chatlio-erkyzdeecsohoaggpwbjdvavzqfv/Build/Intermediates.noindex/Sentry.build/Debug-iphonesimulator/SentryCppHelper.build/Objects-normal/arm64/SentryCppHelper.LinkFileList (in target 'SentryCppHelper' from project 'Sentry')
    cd /Users/aadityasingh/Library/Developer/Xcode/DerivedData/Chatlio-erkyzdeecsohoaggpwbjdvavzqfv/SourcePackages/checkouts/sentry-cocoa
    write-file /Users/aadityasingh/Library/Developer/Xcode/DerivedData/Chatlio-erkyzdeecsohoaggpwbjdvavzqfv/Build/Intermediates.noindex/Sentry.build/Debug-iphonesimulator/SentryCppHelper.build/Objects-normal/arm64/SentryCppHelper.LinkFileList

WriteAuxiliaryFile /Users/aadityasingh/Library/Developer/Xcode/DerivedData/Chatlio-erkyzdeecsohoaggpwbjdvavzqfv/Build/Intermediates.noindex/Sentry.build/Debug-iphonesimulator/SentryCppHelper.build/Objects-normal/arm64/SentryCppHelper.SwiftConstValuesFileList (in target 'SentryCppHelper' from project 'Sentry')
    cd /Users/aadityasingh/Library/Developer/Xcode/DerivedData/Chatlio-erkyzdeecsohoaggpwbjdvavzqfv/SourcePackages/checkouts/sentry-cocoa
    write-file /Users/aadityasingh/Library/Developer/Xcode/DerivedData/Chatlio-erkyzdeecsohoaggpwbjdvavzqfv/Build/Intermediates.noindex/Sentry.build/Debug-iphonesimulator/SentryCppHelper.build/Objects-normal/arm64/SentryCppHelper.SwiftConstValuesFileList

WriteAuxiliaryFile /Users/aadityasingh/Library/Developer/Xcode/DerivedData/Chatlio-erkyzdeecsohoaggpwbjdvavzqfv/Build/Intermediates.noindex/Sentry.build/Debug-iphonesimulator/SentryCppHelper.build/Objects-normal/arm64/SentryCppHelper-OutputFileMap.json (in target 'SentryCppHelper' from project 'Sentry')
    cd /Users/aadityasingh/Library/Developer/Xcode/DerivedData/Chatlio-erkyzdeecsohoaggpwbjdvavzqfv/SourcePackages/checkouts/sentry-cocoa
    write-file /Users/aadityasingh/Library/Developer/Xcode/DerivedData/Chatlio-erkyzdeecsohoaggpwbjdvavzqfv/Build/Intermediates.noindex/Sentry.build/Debug-iphonesimulator/SentryCppHelper.build/Objects-normal/arm64/SentryCppHelper-OutputFileMap.json

WriteAuxiliaryFile /Users/aadityasingh/Library/Developer/Xcode/DerivedData/Chatlio-erkyzdeecsohoaggpwbjdvavzqfv/Build/Intermediates.noindex/SFSafeSymbols.build/Debug-iphonesimulator/SFSafeSymbols.build/SFSafeSymbols.DependencyMetadataFileList (in target 'SFSafeSymbols' from project 'SFSafeSymbols')
    cd /Users/aadityasingh/Library/Developer/Xcode/DerivedData/Chatlio-erkyzdeecsohoaggpwbjdvavzqfv/SourcePackages/checkouts/SFSafeSymbols
    write-file /Users/aadityasingh/Library/Developer/Xcode/DerivedData/Chatlio-erkyzdeecsohoaggpwbjdvavzqfv/Build/Intermediates.noindex/SFSafeSymbols.build/Debug-iphonesimulator/SFSafeSymbols.build/SFSafeSymbols.DependencyMetadataFileList

WriteAuxiliaryFile /Users/aadityasingh/Library/Developer/Xcode/DerivedData/Chatlio-erkyzdeecsohoaggpwbjdvavzqfv/Build/Intermediates.noindex/SFSafeSymbols.build/Debug-iphonesimulator/SFSafeSymbols.build/SFSafeSymbols.modulemap (in target 'SFSafeSymbols' from project 'SFSafeSymbols')
    cd /Users/aadityasingh/Library/Developer/Xcode/DerivedData/Chatlio-erkyzdeecsohoaggpwbjdvavzqfv/SourcePackages/checkouts/SFSafeSymbols
    write-file /Users/aadityasingh/Library/Developer/Xcode/DerivedData/Chatlio-erkyzdeecsohoaggpwbjdvavzqfv/Build/Intermediates.noindex/SFSafeSymbols.build/Debug-iphonesimulator/SFSafeSymbols.build/SFSafeSymbols.modulemap

WriteAuxiliaryFile /Users/aadityasingh/Library/Developer/Xcode/DerivedData/Chatlio-erkyzdeecsohoaggpwbjdvavzqfv/Build/Intermediates.noindex/SFSafeSymbols.build/Debug-iphonesimulator/SFSafeSymbols.build/SFSafeSymbols.DependencyStaticMetadataFileList (in target 'SFSafeSymbols' from project 'SFSafeSymbols')
    cd /Users/aadityasingh/Library/Developer/Xcode/DerivedData/Chatlio-erkyzdeecsohoaggpwbjdvavzqfv/SourcePackages/checkouts/SFSafeSymbols
    write-file /Users/aadityasingh/Library/Developer/Xcode/DerivedData/Chatlio-erkyzdeecsohoaggpwbjdvavzqfv/Build/Intermediates.noindex/SFSafeSymbols.build/Debug-iphonesimulator/SFSafeSymbols.build/SFSafeSymbols.DependencyStaticMetadataFileList

WriteAuxiliaryFile /Users/aadityasingh/Library/Developer/Xcode/DerivedData/Chatlio-erkyzdeecsohoaggpwbjdvavzqfv/Build/Intermediates.noindex/SFSafeSymbols.build/Debug-iphonesimulator/SFSafeSymbols.build/Objects-normal/x86_64/SFSafeSymbols.SwiftFileList (in target 'SFSafeSymbols' from project 'SFSafeSymbols')
    cd /Users/aadityasingh/Library/Developer/Xcode/DerivedData/Chatlio-erkyzdeecsohoaggpwbjdvavzqfv/SourcePackages/checkouts/SFSafeSymbols
    write-file /Users/aadityasingh/Library/Developer/Xcode/DerivedData/Chatlio-erkyzdeecsohoaggpwbjdvavzqfv/Build/Intermediates.noindex/SFSafeSymbols.build/Debug-iphonesimulator/SFSafeSymbols.build/Objects-normal/x86_64/SFSafeSymbols.SwiftFileList

WriteAuxiliaryFile /Users/aadityasingh/Library/Developer/Xcode/DerivedData/Chatlio-erkyzdeecsohoaggpwbjdvavzqfv/Build/Intermediates.noindex/SFSafeSymbols.build/Debug-iphonesimulator/SFSafeSymbols.build/Objects-normal/x86_64/SFSafeSymbols.LinkFileList (in target 'SFSafeSymbols' from project 'SFSafeSymbols')
    cd /Users/aadityasingh/Library/Developer/Xcode/DerivedData/Chatlio-erkyzdeecsohoaggpwbjdvavzqfv/SourcePackages/checkouts/SFSafeSymbols
    write-file /Users/aadityasingh/Library/Developer/Xcode/DerivedData/Chatlio-erkyzdeecsohoaggpwbjdvavzqfv/Build/Intermediates.noindex/SFSafeSymbols.build/Debug-iphonesimulator/SFSafeSymbols.build/Objects-normal/x86_64/SFSafeSymbols.LinkFileList

WriteAuxiliaryFile /Users/aadityasingh/Library/Developer/Xcode/DerivedData/Chatlio-erkyzdeecsohoaggpwbjdvavzqfv/Build/Intermediates.noindex/SFSafeSymbols.build/Debug-iphonesimulator/SFSafeSymbols.build/Objects-normal/x86_64/SFSafeSymbols_const_extract_protocols.json (in target 'SFSafeSymbols' from project 'SFSafeSymbols')
    cd /Users/aadityasingh/Library/Developer/Xcode/DerivedData/Chatlio-erkyzdeecsohoaggpwbjdvavzqfv/SourcePackages/checkouts/SFSafeSymbols
    write-file /Users/aadityasingh/Library/Developer/Xcode/DerivedData/Chatlio-erkyzdeecsohoaggpwbjdvavzqfv/Build/Intermediates.noindex/SFSafeSymbols.build/Debug-iphonesimulator/SFSafeSymbols.build/Objects-normal/x86_64/SFSafeSymbols_const_extract_protocols.json

WriteAuxiliaryFile /Users/aadityasingh/Library/Developer/Xcode/DerivedData/Chatlio-erkyzdeecsohoaggpwbjdvavzqfv/Build/Intermediates.noindex/SFSafeSymbols.build/Debug-iphonesimulator/SFSafeSymbols.build/Objects-normal/x86_64/SFSafeSymbols.SwiftConstValuesFileList (in target 'SFSafeSymbols' from project 'SFSafeSymbols')
    cd /Users/aadityasingh/Library/Developer/Xcode/DerivedData/Chatlio-erkyzdeecsohoaggpwbjdvavzqfv/SourcePackages/checkouts/SFSafeSymbols
    write-file /Users/aadityasingh/Library/Developer/Xcode/DerivedData/Chatlio-erkyzdeecsohoaggpwbjdvavzqfv/Build/Intermediates.noindex/SFSafeSymbols.build/Debug-iphonesimulator/SFSafeSymbols.build/Objects-normal/x86_64/SFSafeSymbols.SwiftConstValuesFileList

WriteAuxiliaryFile /Users/aadityasingh/Library/Developer/Xcode/DerivedData/Chatlio-erkyzdeecsohoaggpwbjdvavzqfv/Build/Intermediates.noindex/SFSafeSymbols.build/Debug-iphonesimulator/SFSafeSymbols.build/Objects-normal/x86_64/SFSafeSymbols-OutputFileMap.json (in target 'SFSafeSymbols' from project 'SFSafeSymbols')
    cd /Users/aadityasingh/Library/Developer/Xcode/DerivedData/Chatlio-erkyzdeecsohoaggpwbjdvavzqfv/SourcePackages/checkouts/SFSafeSymbols
    write-file /Users/aadityasingh/Library/Developer/Xcode/DerivedData/Chatlio-erkyzdeecsohoaggpwbjdvavzqfv/Build/Intermediates.noindex/SFSafeSymbols.build/Debug-iphonesimulator/SFSafeSymbols.build/Objects-normal/x86_64/SFSafeSymbols-OutputFileMap.json

WriteAuxiliaryFile /Users/aadityasingh/Library/Developer/Xcode/DerivedData/Chatlio-erkyzdeecsohoaggpwbjdvavzqfv/Build/Intermediates.noindex/SFSafeSymbols.build/Debug-iphonesimulator/SFSafeSymbols.build/Objects-normal/arm64/SFSafeSymbols.SwiftFileList (in target 'SFSafeSymbols' from project 'SFSafeSymbols')
    cd /Users/aadityasingh/Library/Developer/Xcode/DerivedData/Chatlio-erkyzdeecsohoaggpwbjdvavzqfv/SourcePackages/checkouts/SFSafeSymbols
    write-file /Users/aadityasingh/Library/Developer/Xcode/DerivedData/Chatlio-erkyzdeecsohoaggpwbjdvavzqfv/Build/Intermediates.noindex/SFSafeSymbols.build/Debug-iphonesimulator/SFSafeSymbols.build/Objects-normal/arm64/SFSafeSymbols.SwiftFileList

WriteAuxiliaryFile /Users/aadityasingh/Library/Developer/Xcode/DerivedData/Chatlio-erkyzdeecsohoaggpwbjdvavzqfv/Build/Intermediates.noindex/SFSafeSymbols.build/Debug-iphonesimulator/SFSafeSymbols.build/Objects-normal/arm64/SFSafeSymbols.SwiftConstValuesFileList (in target 'SFSafeSymbols' from project 'SFSafeSymbols')
    cd /Users/aadityasingh/Library/Developer/Xcode/DerivedData/Chatlio-erkyzdeecsohoaggpwbjdvavzqfv/SourcePackages/checkouts/SFSafeSymbols
    write-file /Users/aadityasingh/Library/Developer/Xcode/DerivedData/Chatlio-erkyzdeecsohoaggpwbjdvavzqfv/Build/Intermediates.noindex/SFSafeSymbols.build/Debug-iphonesimulator/SFSafeSymbols.build/Objects-normal/arm64/SFSafeSymbols.SwiftConstValuesFileList

WriteAuxiliaryFile /Users/aadityasingh/Library/Developer/Xcode/DerivedData/Chatlio-erkyzdeecsohoaggpwbjdvavzqfv/Build/Intermediates.noindex/SFSafeSymbols.build/Debug-iphonesimulator/SFSafeSymbols.build/Objects-normal/arm64/SFSafeSymbols_const_extract_protocols.json (in target 'SFSafeSymbols' from project 'SFSafeSymbols')
    cd /Users/aadityasingh/Library/Developer/Xcode/DerivedData/Chatlio-erkyzdeecsohoaggpwbjdvavzqfv/SourcePackages/checkouts/SFSafeSymbols
    write-file /Users/aadityasingh/Library/Developer/Xcode/DerivedData/Chatlio-erkyzdeecsohoaggpwbjdvavzqfv/Build/Intermediates.noindex/SFSafeSymbols.build/Debug-iphonesimulator/SFSafeSymbols.build/Objects-normal/arm64/SFSafeSymbols_const_extract_protocols.json

WriteAuxiliaryFile /Users/aadityasingh/Library/Developer/Xcode/DerivedData/Chatlio-erkyzdeecsohoaggpwbjdvavzqfv/Build/Intermediates.noindex/SFSafeSymbols.build/Debug-iphonesimulator/SFSafeSymbols.build/Objects-normal/arm64/SFSafeSymbols.LinkFileList (in target 'SFSafeSymbols' from project 'SFSafeSymbols')
    cd /Users/aadityasingh/Library/Developer/Xcode/DerivedData/Chatlio-erkyzdeecsohoaggpwbjdvavzqfv/SourcePackages/checkouts/SFSafeSymbols
    write-file /Users/aadityasingh/Library/Developer/Xcode/DerivedData/Chatlio-erkyzdeecsohoaggpwbjdvavzqfv/Build/Intermediates.noindex/SFSafeSymbols.build/Debug-iphonesimulator/SFSafeSymbols.build/Objects-normal/arm64/SFSafeSymbols.LinkFileList

WriteAuxiliaryFile /Users/aadityasingh/Library/Developer/Xcode/DerivedData/Chatlio-erkyzdeecsohoaggpwbjdvavzqfv/Build/Intermediates.noindex/SFSafeSymbols.build/Debug-iphonesimulator/SFSafeSymbols.build/Objects-normal/arm64/SFSafeSymbols-OutputFileMap.json (in target 'SFSafeSymbols' from project 'SFSafeSymbols')
    cd /Users/aadityasingh/Library/Developer/Xcode/DerivedData/Chatlio-erkyzdeecsohoaggpwbjdvavzqfv/SourcePackages/checkouts/SFSafeSymbols
    write-file /Users/aadityasingh/Library/Developer/Xcode/DerivedData/Chatlio-erkyzdeecsohoaggpwbjdvavzqfv/Build/Intermediates.noindex/SFSafeSymbols.build/Debug-iphonesimulator/SFSafeSymbols.build/Objects-normal/arm64/SFSafeSymbols-OutputFileMap.json

WriteAuxiliaryFile /Users/aadityasingh/Library/Developer/Xcode/DerivedData/Chatlio-erkyzdeecsohoaggpwbjdvavzqfv/Build/Intermediates.noindex/swift-numerics.build/Debug-iphonesimulator/RealModule.build/RealModule.modulemap (in target 'RealModule' from project 'swift-numerics')
    cd /Users/aadityasingh/Library/Developer/Xcode/DerivedData/Chatlio-erkyzdeecsohoaggpwbjdvavzqfv/SourcePackages/checkouts/swift-numerics
    write-file /Users/aadityasingh/Library/Developer/Xcode/DerivedData/Chatlio-erkyzdeecsohoaggpwbjdvavzqfv/Build/Intermediates.noindex/swift-numerics.build/Debug-iphonesimulator/RealModule.build/RealModule.modulemap

WriteAuxiliaryFile /Users/aadityasingh/Library/Developer/Xcode/DerivedData/Chatlio-erkyzdeecsohoaggpwbjdvavzqfv/Build/Intermediates.noindex/swift-numerics.build/Debug-iphonesimulator/RealModule.build/RealModule.DependencyStaticMetadataFileList (in target 'RealModule' from project 'swift-numerics')
    cd /Users/aadityasingh/Library/Developer/Xcode/DerivedData/Chatlio-erkyzdeecsohoaggpwbjdvavzqfv/SourcePackages/checkouts/swift-numerics
    write-file /Users/aadityasingh/Library/Developer/Xcode/DerivedData/Chatlio-erkyzdeecsohoaggpwbjdvavzqfv/Build/Intermediates.noindex/swift-numerics.build/Debug-iphonesimulator/RealModule.build/RealModule.DependencyStaticMetadataFileList

WriteAuxiliaryFile /Users/aadityasingh/Library/Developer/Xcode/DerivedData/Chatlio-erkyzdeecsohoaggpwbjdvavzqfv/Build/Intermediates.noindex/swift-numerics.build/Debug-iphonesimulator/RealModule.build/RealModule.DependencyMetadataFileList (in target 'RealModule' from project 'swift-numerics')
    cd /Users/aadityasingh/Library/Developer/Xcode/DerivedData/Chatlio-erkyzdeecsohoaggpwbjdvavzqfv/SourcePackages/checkouts/swift-numerics
    write-file /Users/aadityasingh/Library/Developer/Xcode/DerivedData/Chatlio-erkyzdeecsohoaggpwbjdvavzqfv/Build/Intermediates.noindex/swift-numerics.build/Debug-iphonesimulator/RealModule.build/RealModule.DependencyMetadataFileList

WriteAuxiliaryFile /Users/aadityasingh/Library/Developer/Xcode/DerivedData/Chatlio-erkyzdeecsohoaggpwbjdvavzqfv/Build/Intermediates.noindex/swift-numerics.build/Debug-iphonesimulator/RealModule.build/Objects-normal/x86_64/RealModule_const_extract_protocols.json (in target 'RealModule' from project 'swift-numerics')
    cd /Users/aadityasingh/Library/Developer/Xcode/DerivedData/Chatlio-erkyzdeecsohoaggpwbjdvavzqfv/SourcePackages/checkouts/swift-numerics
    write-file /Users/aadityasingh/Library/Developer/Xcode/DerivedData/Chatlio-erkyzdeecsohoaggpwbjdvavzqfv/Build/Intermediates.noindex/swift-numerics.build/Debug-iphonesimulator/RealModule.build/Objects-normal/x86_64/RealModule_const_extract_protocols.json

WriteAuxiliaryFile /Users/aadityasingh/Library/Developer/Xcode/DerivedData/Chatlio-erkyzdeecsohoaggpwbjdvavzqfv/Build/Intermediates.noindex/swift-numerics.build/Debug-iphonesimulator/RealModule.build/Objects-normal/x86_64/RealModule.SwiftFileList (in target 'RealModule' from project 'swift-numerics')
    cd /Users/aadityasingh/Library/Developer/Xcode/DerivedData/Chatlio-erkyzdeecsohoaggpwbjdvavzqfv/SourcePackages/checkouts/swift-numerics
    write-file /Users/aadityasingh/Library/Developer/Xcode/DerivedData/Chatlio-erkyzdeecsohoaggpwbjdvavzqfv/Build/Intermediates.noindex/swift-numerics.build/Debug-iphonesimulator/RealModule.build/Objects-normal/x86_64/RealModule.SwiftFileList

WriteAuxiliaryFile /Users/aadityasingh/Library/Developer/Xcode/DerivedData/Chatlio-erkyzdeecsohoaggpwbjdvavzqfv/Build/Intermediates.noindex/swift-numerics.build/Debug-iphonesimulator/RealModule.build/Objects-normal/x86_64/RealModule.SwiftConstValuesFileList (in target 'RealModule' from project 'swift-numerics')
    cd /Users/aadityasingh/Library/Developer/Xcode/DerivedData/Chatlio-erkyzdeecsohoaggpwbjdvavzqfv/SourcePackages/checkouts/swift-numerics
    write-file /Users/aadityasingh/Library/Developer/Xcode/DerivedData/Chatlio-erkyzdeecsohoaggpwbjdvavzqfv/Build/Intermediates.noindex/swift-numerics.build/Debug-iphonesimulator/RealModule.build/Objects-normal/x86_64/RealModule.SwiftConstValuesFileList

WriteAuxiliaryFile /Users/aadityasingh/Library/Developer/Xcode/DerivedData/Chatlio-erkyzdeecsohoaggpwbjdvavzqfv/Build/Intermediates.noindex/swift-numerics.build/Debug-iphonesimulator/RealModule.build/Objects-normal/x86_64/RealModule.LinkFileList (in target 'RealModule' from project 'swift-numerics')
    cd /Users/aadityasingh/Library/Developer/Xcode/DerivedData/Chatlio-erkyzdeecsohoaggpwbjdvavzqfv/SourcePackages/checkouts/swift-numerics
    write-file /Users/aadityasingh/Library/Developer/Xcode/DerivedData/Chatlio-erkyzdeecsohoaggpwbjdvavzqfv/Build/Intermediates.noindex/swift-numerics.build/Debug-iphonesimulator/RealModule.build/Objects-normal/x86_64/RealModule.LinkFileList

WriteAuxiliaryFile /Users/aadityasingh/Library/Developer/Xcode/DerivedData/Chatlio-erkyzdeecsohoaggpwbjdvavzqfv/Build/Intermediates.noindex/swift-numerics.build/Debug-iphonesimulator/RealModule.build/Objects-normal/x86_64/RealModule-OutputFileMap.json (in target 'RealModule' from project 'swift-numerics')
    cd /Users/aadityasingh/Library/Developer/Xcode/DerivedData/Chatlio-erkyzdeecsohoaggpwbjdvavzqfv/SourcePackages/checkouts/swift-numerics
    write-file /Users/aadityasingh/Library/Developer/Xcode/DerivedData/Chatlio-erkyzdeecsohoaggpwbjdvavzqfv/Build/Intermediates.noindex/swift-numerics.build/Debug-iphonesimulator/RealModule.build/Objects-normal/x86_64/RealModule-OutputFileMap.json

WriteAuxiliaryFile /Users/aadityasingh/Library/Developer/Xcode/DerivedData/Chatlio-erkyzdeecsohoaggpwbjdvavzqfv/Build/Intermediates.noindex/swift-numerics.build/Debug-iphonesimulator/RealModule.build/Objects-normal/arm64/RealModule.SwiftFileList (in target 'RealModule' from project 'swift-numerics')
    cd /Users/aadityasingh/Library/Developer/Xcode/DerivedData/Chatlio-erkyzdeecsohoaggpwbjdvavzqfv/SourcePackages/checkouts/swift-numerics
    write-file /Users/aadityasingh/Library/Developer/Xcode/DerivedData/Chatlio-erkyzdeecsohoaggpwbjdvavzqfv/Build/Intermediates.noindex/swift-numerics.build/Debug-iphonesimulator/RealModule.build/Objects-normal/arm64/RealModule.SwiftFileList

WriteAuxiliaryFile /Users/aadityasingh/Library/Developer/Xcode/DerivedData/Chatlio-erkyzdeecsohoaggpwbjdvavzqfv/Build/Intermediates.noindex/swift-numerics.build/Debug-iphonesimulator/RealModule.build/Objects-normal/arm64/RealModule_const_extract_protocols.json (in target 'RealModule' from project 'swift-numerics')
    cd /Users/aadityasingh/Library/Developer/Xcode/DerivedData/Chatlio-erkyzdeecsohoaggpwbjdvavzqfv/SourcePackages/checkouts/swift-numerics
    write-file /Users/aadityasingh/Library/Developer/Xcode/DerivedData/Chatlio-erkyzdeecsohoaggpwbjdvavzqfv/Build/Intermediates.noindex/swift-numerics.build/Debug-iphonesimulator/RealModule.build/Objects-normal/arm64/RealModule_const_extract_protocols.json

WriteAuxiliaryFile /Users/aadityasingh/Library/Developer/Xcode/DerivedData/Chatlio-erkyzdeecsohoaggpwbjdvavzqfv/Build/Intermediates.noindex/swift-numerics.build/Debug-iphonesimulator/RealModule.build/Objects-normal/arm64/RealModule.SwiftConstValuesFileList (in target 'RealModule' from project 'swift-numerics')
    cd /Users/aadityasingh/Library/Developer/Xcode/DerivedData/Chatlio-erkyzdeecsohoaggpwbjdvavzqfv/SourcePackages/checkouts/swift-numerics
    write-file /Users/aadityasingh/Library/Developer/Xcode/DerivedData/Chatlio-erkyzdeecsohoaggpwbjdvavzqfv/Build/Intermediates.noindex/swift-numerics.build/Debug-iphonesimulator/RealModule.build/Objects-normal/arm64/RealModule.SwiftConstValuesFileList

WriteAuxiliaryFile /Users/aadityasingh/Library/Developer/Xcode/DerivedData/Chatlio-erkyzdeecsohoaggpwbjdvavzqfv/Build/Intermediates.noindex/swift-numerics.build/Debug-iphonesimulator/RealModule.build/Objects-normal/arm64/RealModule.LinkFileList (in target 'RealModule' from project 'swift-numerics')
    cd /Users/aadityasingh/Library/Developer/Xcode/DerivedData/Chatlio-erkyzdeecsohoaggpwbjdvavzqfv/SourcePackages/checkouts/swift-numerics
    write-file /Users/aadityasingh/Library/Developer/Xcode/DerivedData/Chatlio-erkyzdeecsohoaggpwbjdvavzqfv/Build/Intermediates.noindex/swift-numerics.build/Debug-iphonesimulator/RealModule.build/Objects-normal/arm64/RealModule.LinkFileList

WriteAuxiliaryFile /Users/aadityasingh/Library/Developer/Xcode/DerivedData/Chatlio-erkyzdeecsohoaggpwbjdvavzqfv/Build/Intermediates.noindex/swift-numerics.build/Debug-iphonesimulator/RealModule.build/Objects-normal/arm64/RealModule-OutputFileMap.json (in target 'RealModule' from project 'swift-numerics')
    cd /Users/aadityasingh/Library/Developer/Xcode/DerivedData/Chatlio-erkyzdeecsohoaggpwbjdvavzqfv/SourcePackages/checkouts/swift-numerics
    write-file /Users/aadityasingh/Library/Developer/Xcode/DerivedData/Chatlio-erkyzdeecsohoaggpwbjdvavzqfv/Build/Intermediates.noindex/swift-numerics.build/Debug-iphonesimulator/RealModule.build/Objects-normal/arm64/RealModule-OutputFileMap.json

Copy /Users/aadityasingh/Library/Developer/Xcode/DerivedData/Chatlio-erkyzdeecsohoaggpwbjdvavzqfv/Build/Intermediates.noindex/GeneratedModuleMaps-iphonesimulator/Version.modulemap /Users/aadityasingh/Library/Developer/Xcode/DerivedData/Chatlio-erkyzdeecsohoaggpwbjdvavzqfv/Build/Intermediates.noindex/Version.build/Debug-iphonesimulator/Version.build/Version.modulemap (in target 'Version' from project 'Version')
    cd /Users/aadityasingh/Library/Developer/Xcode/DerivedData/Chatlio-erkyzdeecsohoaggpwbjdvavzqfv/SourcePackages/checkouts/Version
    builtin-copy -exclude .DS_Store -exclude CVS -exclude .svn -exclude .git -exclude .hg -resolve-src-symlinks /Users/aadityasingh/Library/Developer/Xcode/DerivedData/Chatlio-erkyzdeecsohoaggpwbjdvavzqfv/Build/Intermediates.noindex/Version.build/Debug-iphonesimulator/Version.build/Version.modulemap /Users/aadityasingh/Library/Developer/Xcode/DerivedData/Chatlio-erkyzdeecsohoaggpwbjdvavzqfv/Build/Intermediates.noindex/GeneratedModuleMaps-iphonesimulator

WriteAuxiliaryFile /Users/aadityasingh/Library/Developer/Xcode/DerivedData/Chatlio-erkyzdeecsohoaggpwbjdvavzqfv/Build/Intermediates.noindex/PostHog.build/Debug-iphonesimulator/PostHog.build/PostHog.modulemap (in target 'PostHog' from project 'PostHog')
    cd /Users/aadityasingh/Library/Developer/Xcode/DerivedData/Chatlio-erkyzdeecsohoaggpwbjdvavzqfv/SourcePackages/checkouts/posthog-ios
    write-file /Users/aadityasingh/Library/Developer/Xcode/DerivedData/Chatlio-erkyzdeecsohoaggpwbjdvavzqfv/Build/Intermediates.noindex/PostHog.build/Debug-iphonesimulator/PostHog.build/PostHog.modulemap

WriteAuxiliaryFile /Users/aadityasingh/Library/Developer/Xcode/DerivedData/Chatlio-erkyzdeecsohoaggpwbjdvavzqfv/Build/Intermediates.noindex/PostHog.build/Debug-iphonesimulator/PostHog.build/PostHog.DependencyStaticMetadataFileList (in target 'PostHog' from project 'PostHog')
    cd /Users/aadityasingh/Library/Developer/Xcode/DerivedData/Chatlio-erkyzdeecsohoaggpwbjdvavzqfv/SourcePackages/checkouts/posthog-ios
    write-file /Users/aadityasingh/Library/Developer/Xcode/DerivedData/Chatlio-erkyzdeecsohoaggpwbjdvavzqfv/Build/Intermediates.noindex/PostHog.build/Debug-iphonesimulator/PostHog.build/PostHog.DependencyStaticMetadataFileList

WriteAuxiliaryFile /Users/aadityasingh/Library/Developer/Xcode/DerivedData/Chatlio-erkyzdeecsohoaggpwbjdvavzqfv/Build/Intermediates.noindex/PostHog.build/Debug-iphonesimulator/PostHog.build/PostHog.DependencyMetadataFileList (in target 'PostHog' from project 'PostHog')
    cd /Users/aadityasingh/Library/Developer/Xcode/DerivedData/Chatlio-erkyzdeecsohoaggpwbjdvavzqfv/SourcePackages/checkouts/posthog-ios
    write-file /Users/aadityasingh/Library/Developer/Xcode/DerivedData/Chatlio-erkyzdeecsohoaggpwbjdvavzqfv/Build/Intermediates.noindex/PostHog.build/Debug-iphonesimulator/PostHog.build/PostHog.DependencyMetadataFileList

WriteAuxiliaryFile /Users/aadityasingh/Library/Developer/Xcode/DerivedData/Chatlio-erkyzdeecsohoaggpwbjdvavzqfv/Build/Intermediates.noindex/PostHog.build/Debug-iphonesimulator/PostHog.build/Objects-normal/x86_64/PostHog_const_extract_protocols.json (in target 'PostHog' from project 'PostHog')
    cd /Users/aadityasingh/Library/Developer/Xcode/DerivedData/Chatlio-erkyzdeecsohoaggpwbjdvavzqfv/SourcePackages/checkouts/posthog-ios
    write-file /Users/aadityasingh/Library/Developer/Xcode/DerivedData/Chatlio-erkyzdeecsohoaggpwbjdvavzqfv/Build/Intermediates.noindex/PostHog.build/Debug-iphonesimulator/PostHog.build/Objects-normal/x86_64/PostHog_const_extract_protocols.json

WriteAuxiliaryFile /Users/aadityasingh/Library/Developer/Xcode/DerivedData/Chatlio-erkyzdeecsohoaggpwbjdvavzqfv/Build/Intermediates.noindex/PostHog.build/Debug-iphonesimulator/PostHog.build/Objects-normal/x86_64/PostHog.SwiftFileList (in target 'PostHog' from project 'PostHog')
    cd /Users/aadityasingh/Library/Developer/Xcode/DerivedData/Chatlio-erkyzdeecsohoaggpwbjdvavzqfv/SourcePackages/checkouts/posthog-ios
    write-file /Users/aadityasingh/Library/Developer/Xcode/DerivedData/Chatlio-erkyzdeecsohoaggpwbjdvavzqfv/Build/Intermediates.noindex/PostHog.build/Debug-iphonesimulator/PostHog.build/Objects-normal/x86_64/PostHog.SwiftFileList

WriteAuxiliaryFile /Users/aadityasingh/Library/Developer/Xcode/DerivedData/Chatlio-erkyzdeecsohoaggpwbjdvavzqfv/Build/Intermediates.noindex/PostHog.build/Debug-iphonesimulator/PostHog.build/Objects-normal/x86_64/PostHog.SwiftConstValuesFileList (in target 'PostHog' from project 'PostHog')
    cd /Users/aadityasingh/Library/Developer/Xcode/DerivedData/Chatlio-erkyzdeecsohoaggpwbjdvavzqfv/SourcePackages/checkouts/posthog-ios
    write-file /Users/aadityasingh/Library/Developer/Xcode/DerivedData/Chatlio-erkyzdeecsohoaggpwbjdvavzqfv/Build/Intermediates.noindex/PostHog.build/Debug-iphonesimulator/PostHog.build/Objects-normal/x86_64/PostHog.SwiftConstValuesFileList

WriteAuxiliaryFile /Users/aadityasingh/Library/Developer/Xcode/DerivedData/Chatlio-erkyzdeecsohoaggpwbjdvavzqfv/Build/Intermediates.noindex/PostHog.build/Debug-iphonesimulator/PostHog.build/Objects-normal/x86_64/PostHog.LinkFileList (in target 'PostHog' from project 'PostHog')
    cd /Users/aadityasingh/Library/Developer/Xcode/DerivedData/Chatlio-erkyzdeecsohoaggpwbjdvavzqfv/SourcePackages/checkouts/posthog-ios
    write-file /Users/aadityasingh/Library/Developer/Xcode/DerivedData/Chatlio-erkyzdeecsohoaggpwbjdvavzqfv/Build/Intermediates.noindex/PostHog.build/Debug-iphonesimulator/PostHog.build/Objects-normal/x86_64/PostHog.LinkFileList

WriteAuxiliaryFile /Users/aadityasingh/Library/Developer/Xcode/DerivedData/Chatlio-erkyzdeecsohoaggpwbjdvavzqfv/Build/Intermediates.noindex/PostHog.build/Debug-iphonesimulator/PostHog.build/Objects-normal/x86_64/PostHog-OutputFileMap.json (in target 'PostHog' from project 'PostHog')
    cd /Users/aadityasingh/Library/Developer/Xcode/DerivedData/Chatlio-erkyzdeecsohoaggpwbjdvavzqfv/SourcePackages/checkouts/posthog-ios
    write-file /Users/aadityasingh/Library/Developer/Xcode/DerivedData/Chatlio-erkyzdeecsohoaggpwbjdvavzqfv/Build/Intermediates.noindex/PostHog.build/Debug-iphonesimulator/PostHog.build/Objects-normal/x86_64/PostHog-OutputFileMap.json

WriteAuxiliaryFile /Users/aadityasingh/Library/Developer/Xcode/DerivedData/Chatlio-erkyzdeecsohoaggpwbjdvavzqfv/Build/Intermediates.noindex/PostHog.build/Debug-iphonesimulator/PostHog.build/Objects-normal/arm64/PostHog_const_extract_protocols.json (in target 'PostHog' from project 'PostHog')
    cd /Users/aadityasingh/Library/Developer/Xcode/DerivedData/Chatlio-erkyzdeecsohoaggpwbjdvavzqfv/SourcePackages/checkouts/posthog-ios
    write-file /Users/aadityasingh/Library/Developer/Xcode/DerivedData/Chatlio-erkyzdeecsohoaggpwbjdvavzqfv/Build/Intermediates.noindex/PostHog.build/Debug-iphonesimulator/PostHog.build/Objects-normal/arm64/PostHog_const_extract_protocols.json

Copy /Users/aadityasingh/Library/Developer/Xcode/DerivedData/Chatlio-erkyzdeecsohoaggpwbjdvavzqfv/Build/Intermediates.noindex/GeneratedModuleMaps-iphonesimulator/SwiftUIIntrospect.modulemap /Users/aadityasingh/Library/Developer/Xcode/DerivedData/Chatlio-erkyzdeecsohoaggpwbjdvavzqfv/Build/Intermediates.noindex/swiftui-introspect.build/Debug-iphonesimulator/SwiftUIIntrospect.build/SwiftUIIntrospect.modulemap (in target 'SwiftUIIntrospect' from project 'swiftui-introspect')
    cd /Users/aadityasingh/Library/Developer/Xcode/DerivedData/Chatlio-erkyzdeecsohoaggpwbjdvavzqfv/SourcePackages/checkouts/SwiftUI-Introspect
    builtin-copy -exclude .DS_Store -exclude CVS -exclude .svn -exclude .git -exclude .hg -resolve-src-symlinks /Users/aadityasingh/Library/Developer/Xcode/DerivedData/Chatlio-erkyzdeecsohoaggpwbjdvavzqfv/Build/Intermediates.noindex/swiftui-introspect.build/Debug-iphonesimulator/SwiftUIIntrospect.build/SwiftUIIntrospect.modulemap /Users/aadityasingh/Library/Developer/Xcode/DerivedData/Chatlio-erkyzdeecsohoaggpwbjdvavzqfv/Build/Intermediates.noindex/GeneratedModuleMaps-iphonesimulator

Copy /Users/aadityasingh/Library/Developer/Xcode/DerivedData/Chatlio-erkyzdeecsohoaggpwbjdvavzqfv/Build/Intermediates.noindex/GeneratedModuleMaps-iphonesimulator/SwiftState.modulemap /Users/aadityasingh/Library/Developer/Xcode/DerivedData/Chatlio-erkyzdeecsohoaggpwbjdvavzqfv/Build/Intermediates.noindex/SwiftState.build/Debug-iphonesimulator/SwiftState.build/SwiftState.modulemap (in target 'SwiftState' from project 'SwiftState')
    cd /Users/aadityasingh/Library/Developer/Xcode/DerivedData/Chatlio-erkyzdeecsohoaggpwbjdvavzqfv/SourcePackages/checkouts/SwiftState
    builtin-copy -exclude .DS_Store -exclude CVS -exclude .svn -exclude .git -exclude .hg -resolve-src-symlinks /Users/aadityasingh/Library/Developer/Xcode/DerivedData/Chatlio-erkyzdeecsohoaggpwbjdvavzqfv/Build/Intermediates.noindex/SwiftState.build/Debug-iphonesimulator/SwiftState.build/SwiftState.modulemap /Users/aadityasingh/Library/Developer/Xcode/DerivedData/Chatlio-erkyzdeecsohoaggpwbjdvavzqfv/Build/Intermediates.noindex/GeneratedModuleMaps-iphonesimulator

WriteAuxiliaryFile /Users/aadityasingh/Library/Developer/Xcode/DerivedData/Chatlio-erkyzdeecsohoaggpwbjdvavzqfv/Build/Intermediates.noindex/PostHog.build/Debug-iphonesimulator/PostHog.build/Objects-normal/arm64/PostHog.SwiftFileList (in target 'PostHog' from project 'PostHog')
    cd /Users/aadityasingh/Library/Developer/Xcode/DerivedData/Chatlio-erkyzdeecsohoaggpwbjdvavzqfv/SourcePackages/checkouts/posthog-ios
    write-file /Users/aadityasingh/Library/Developer/Xcode/DerivedData/Chatlio-erkyzdeecsohoaggpwbjdvavzqfv/Build/Intermediates.noindex/PostHog.build/Debug-iphonesimulator/PostHog.build/Objects-normal/arm64/PostHog.SwiftFileList

WriteAuxiliaryFile /Users/aadityasingh/Library/Developer/Xcode/DerivedData/Chatlio-erkyzdeecsohoaggpwbjdvavzqfv/Build/Intermediates.noindex/PostHog.build/Debug-iphonesimulator/PostHog.build/Objects-normal/arm64/PostHog.SwiftConstValuesFileList (in target 'PostHog' from project 'PostHog')
    cd /Users/aadityasingh/Library/Developer/Xcode/DerivedData/Chatlio-erkyzdeecsohoaggpwbjdvavzqfv/SourcePackages/checkouts/posthog-ios
    write-file /Users/aadityasingh/Library/Developer/Xcode/DerivedData/Chatlio-erkyzdeecsohoaggpwbjdvavzqfv/Build/Intermediates.noindex/PostHog.build/Debug-iphonesimulator/PostHog.build/Objects-normal/arm64/PostHog.SwiftConstValuesFileList

WriteAuxiliaryFile /Users/aadityasingh/Library/Developer/Xcode/DerivedData/Chatlio-erkyzdeecsohoaggpwbjdvavzqfv/Build/Intermediates.noindex/PostHog.build/Debug-iphonesimulator/PostHog.build/Objects-normal/arm64/PostHog.LinkFileList (in target 'PostHog' from project 'PostHog')
    cd /Users/aadityasingh/Library/Developer/Xcode/DerivedData/Chatlio-erkyzdeecsohoaggpwbjdvavzqfv/SourcePackages/checkouts/posthog-ios
    write-file /Users/aadityasingh/Library/Developer/Xcode/DerivedData/Chatlio-erkyzdeecsohoaggpwbjdvavzqfv/Build/Intermediates.noindex/PostHog.build/Debug-iphonesimulator/PostHog.build/Objects-normal/arm64/PostHog.LinkFileList

WriteAuxiliaryFile /Users/aadityasingh/Library/Developer/Xcode/DerivedData/Chatlio-erkyzdeecsohoaggpwbjdvavzqfv/Build/Intermediates.noindex/PostHog.build/Debug-iphonesimulator/PostHog.build/Objects-normal/arm64/PostHog-OutputFileMap.json (in target 'PostHog' from project 'PostHog')
    cd /Users/aadityasingh/Library/Developer/Xcode/DerivedData/Chatlio-erkyzdeecsohoaggpwbjdvavzqfv/SourcePackages/checkouts/posthog-ios
    write-file /Users/aadityasingh/Library/Developer/Xcode/DerivedData/Chatlio-erkyzdeecsohoaggpwbjdvavzqfv/Build/Intermediates.noindex/PostHog.build/Debug-iphonesimulator/PostHog.build/Objects-normal/arm64/PostHog-OutputFileMap.json

WriteAuxiliaryFile /Users/aadityasingh/Library/Developer/Xcode/DerivedData/Chatlio-erkyzdeecsohoaggpwbjdvavzqfv/Build/Intermediates.noindex/PostHog.build/Debug-iphonesimulator/PostHog.build/DerivedSources/resource_bundle_accessor.swift (in target 'PostHog' from project 'PostHog')
    cd /Users/aadityasingh/Library/Developer/Xcode/DerivedData/Chatlio-erkyzdeecsohoaggpwbjdvavzqfv/SourcePackages/checkouts/posthog-ios
    write-file /Users/aadityasingh/Library/Developer/Xcode/DerivedData/Chatlio-erkyzdeecsohoaggpwbjdvavzqfv/Build/Intermediates.noindex/PostHog.build/Debug-iphonesimulator/PostHog.build/DerivedSources/resource_bundle_accessor.swift

WriteAuxiliaryFile /Users/aadityasingh/Library/Developer/Xcode/DerivedData/Chatlio-erkyzdeecsohoaggpwbjdvavzqfv/Build/Intermediates.noindex/swift-collections.build/Debug-iphonesimulator/OrderedCollections.build/OrderedCollections.modulemap (in target 'OrderedCollections' from project 'swift-collections')
    cd /Users/aadityasingh/Library/Developer/Xcode/DerivedData/Chatlio-erkyzdeecsohoaggpwbjdvavzqfv/SourcePackages/checkouts/swift-collections
    write-file /Users/aadityasingh/Library/Developer/Xcode/DerivedData/Chatlio-erkyzdeecsohoaggpwbjdvavzqfv/Build/Intermediates.noindex/swift-collections.build/Debug-iphonesimulator/OrderedCollections.build/OrderedCollections.modulemap

WriteAuxiliaryFile /Users/aadityasingh/Library/Developer/Xcode/DerivedData/Chatlio-erkyzdeecsohoaggpwbjdvavzqfv/Build/Intermediates.noindex/swift-collections.build/Debug-iphonesimulator/OrderedCollections.build/OrderedCollections.DependencyStaticMetadataFileList (in target 'OrderedCollections' from project 'swift-collections')
    cd /Users/aadityasingh/Library/Developer/Xcode/DerivedData/Chatlio-erkyzdeecsohoaggpwbjdvavzqfv/SourcePackages/checkouts/swift-collections
    write-file /Users/aadityasingh/Library/Developer/Xcode/DerivedData/Chatlio-erkyzdeecsohoaggpwbjdvavzqfv/Build/Intermediates.noindex/swift-collections.build/Debug-iphonesimulator/OrderedCollections.build/OrderedCollections.DependencyStaticMetadataFileList

WriteAuxiliaryFile /Users/aadityasingh/Library/Developer/Xcode/DerivedData/Chatlio-erkyzdeecsohoaggpwbjdvavzqfv/Build/Intermediates.noindex/swift-collections.build/Debug-iphonesimulator/OrderedCollections.build/OrderedCollections.DependencyMetadataFileList (in target 'OrderedCollections' from project 'swift-collections')
    cd /Users/aadityasingh/Library/Developer/Xcode/DerivedData/Chatlio-erkyzdeecsohoaggpwbjdvavzqfv/SourcePackages/checkouts/swift-collections
    write-file /Users/aadityasingh/Library/Developer/Xcode/DerivedData/Chatlio-erkyzdeecsohoaggpwbjdvavzqfv/Build/Intermediates.noindex/swift-collections.build/Debug-iphonesimulator/OrderedCollections.build/OrderedCollections.DependencyMetadataFileList

WriteAuxiliaryFile /Users/aadityasingh/Library/Developer/Xcode/DerivedData/Chatlio-erkyzdeecsohoaggpwbjdvavzqfv/Build/Intermediates.noindex/swift-collections.build/Debug-iphonesimulator/OrderedCollections.build/Objects-normal/x86_64/OrderedCollections_const_extract_protocols.json (in target 'OrderedCollections' from project 'swift-collections')
    cd /Users/aadityasingh/Library/Developer/Xcode/DerivedData/Chatlio-erkyzdeecsohoaggpwbjdvavzqfv/SourcePackages/checkouts/swift-collections
    write-file /Users/aadityasingh/Library/Developer/Xcode/DerivedData/Chatlio-erkyzdeecsohoaggpwbjdvavzqfv/Build/Intermediates.noindex/swift-collections.build/Debug-iphonesimulator/OrderedCollections.build/Objects-normal/x86_64/OrderedCollections_const_extract_protocols.json

WriteAuxiliaryFile /Users/aadityasingh/Library/Developer/Xcode/DerivedData/Chatlio-erkyzdeecsohoaggpwbjdvavzqfv/Build/Intermediates.noindex/swift-collections.build/Debug-iphonesimulator/OrderedCollections.build/Objects-normal/x86_64/OrderedCollections.SwiftFileList (in target 'OrderedCollections' from project 'swift-collections')
    cd /Users/aadityasingh/Library/Developer/Xcode/DerivedData/Chatlio-erkyzdeecsohoaggpwbjdvavzqfv/SourcePackages/checkouts/swift-collections
    write-file /Users/aadityasingh/Library/Developer/Xcode/DerivedData/Chatlio-erkyzdeecsohoaggpwbjdvavzqfv/Build/Intermediates.noindex/swift-collections.build/Debug-iphonesimulator/OrderedCollections.build/Objects-normal/x86_64/OrderedCollections.SwiftFileList

WriteAuxiliaryFile /Users/aadityasingh/Library/Developer/Xcode/DerivedData/Chatlio-erkyzdeecsohoaggpwbjdvavzqfv/Build/Intermediates.noindex/swift-collections.build/Debug-iphonesimulator/OrderedCollections.build/Objects-normal/x86_64/OrderedCollections.SwiftConstValuesFileList (in target 'OrderedCollections' from project 'swift-collections')
    cd /Users/aadityasingh/Library/Developer/Xcode/DerivedData/Chatlio-erkyzdeecsohoaggpwbjdvavzqfv/SourcePackages/checkouts/swift-collections
    write-file /Users/aadityasingh/Library/Developer/Xcode/DerivedData/Chatlio-erkyzdeecsohoaggpwbjdvavzqfv/Build/Intermediates.noindex/swift-collections.build/Debug-iphonesimulator/OrderedCollections.build/Objects-normal/x86_64/OrderedCollections.SwiftConstValuesFileList

WriteAuxiliaryFile /Users/aadityasingh/Library/Developer/Xcode/DerivedData/Chatlio-erkyzdeecsohoaggpwbjdvavzqfv/Build/Intermediates.noindex/swift-collections.build/Debug-iphonesimulator/OrderedCollections.build/Objects-normal/x86_64/OrderedCollections.LinkFileList (in target 'OrderedCollections' from project 'swift-collections')
    cd /Users/aadityasingh/Library/Developer/Xcode/DerivedData/Chatlio-erkyzdeecsohoaggpwbjdvavzqfv/SourcePackages/checkouts/swift-collections
    write-file /Users/aadityasingh/Library/Developer/Xcode/DerivedData/Chatlio-erkyzdeecsohoaggpwbjdvavzqfv/Build/Intermediates.noindex/swift-collections.build/Debug-iphonesimulator/OrderedCollections.build/Objects-normal/x86_64/OrderedCollections.LinkFileList

WriteAuxiliaryFile /Users/aadityasingh/Library/Developer/Xcode/DerivedData/Chatlio-erkyzdeecsohoaggpwbjdvavzqfv/Build/Intermediates.noindex/swift-collections.build/Debug-iphonesimulator/OrderedCollections.build/Objects-normal/x86_64/OrderedCollections-OutputFileMap.json (in target 'OrderedCollections' from project 'swift-collections')
    cd /Users/aadityasingh/Library/Developer/Xcode/DerivedData/Chatlio-erkyzdeecsohoaggpwbjdvavzqfv/SourcePackages/checkouts/swift-collections
    write-file /Users/aadityasingh/Library/Developer/Xcode/DerivedData/Chatlio-erkyzdeecsohoaggpwbjdvavzqfv/Build/Intermediates.noindex/swift-collections.build/Debug-iphonesimulator/OrderedCollections.build/Objects-normal/x86_64/OrderedCollections-OutputFileMap.json

WriteAuxiliaryFile /Users/aadityasingh/Library/Developer/Xcode/DerivedData/Chatlio-erkyzdeecsohoaggpwbjdvavzqfv/Build/Intermediates.noindex/swift-collections.build/Debug-iphonesimulator/OrderedCollections.build/Objects-normal/arm64/OrderedCollections_const_extract_protocols.json (in target 'OrderedCollections' from project 'swift-collections')
    cd /Users/aadityasingh/Library/Developer/Xcode/DerivedData/Chatlio-erkyzdeecsohoaggpwbjdvavzqfv/SourcePackages/checkouts/swift-collections
    write-file /Users/aadityasingh/Library/Developer/Xcode/DerivedData/Chatlio-erkyzdeecsohoaggpwbjdvavzqfv/Build/Intermediates.noindex/swift-collections.build/Debug-iphonesimulator/OrderedCollections.build/Objects-normal/arm64/OrderedCollections_const_extract_protocols.json

WriteAuxiliaryFile /Users/aadityasingh/Library/Developer/Xcode/DerivedData/Chatlio-erkyzdeecsohoaggpwbjdvavzqfv/Build/Intermediates.noindex/swift-collections.build/Debug-iphonesimulator/OrderedCollections.build/Objects-normal/arm64/OrderedCollections.SwiftFileList (in target 'OrderedCollections' from project 'swift-collections')
    cd /Users/aadityasingh/Library/Developer/Xcode/DerivedData/Chatlio-erkyzdeecsohoaggpwbjdvavzqfv/SourcePackages/checkouts/swift-collections
    write-file /Users/aadityasingh/Library/Developer/Xcode/DerivedData/Chatlio-erkyzdeecsohoaggpwbjdvavzqfv/Build/Intermediates.noindex/swift-collections.build/Debug-iphonesimulator/OrderedCollections.build/Objects-normal/arm64/OrderedCollections.SwiftFileList

WriteAuxiliaryFile /Users/aadityasingh/Library/Developer/Xcode/DerivedData/Chatlio-erkyzdeecsohoaggpwbjdvavzqfv/Build/Intermediates.noindex/swift-collections.build/Debug-iphonesimulator/OrderedCollections.build/Objects-normal/arm64/OrderedCollections.SwiftConstValuesFileList (in target 'OrderedCollections' from project 'swift-collections')
    cd /Users/aadityasingh/Library/Developer/Xcode/DerivedData/Chatlio-erkyzdeecsohoaggpwbjdvavzqfv/SourcePackages/checkouts/swift-collections
    write-file /Users/aadityasingh/Library/Developer/Xcode/DerivedData/Chatlio-erkyzdeecsohoaggpwbjdvavzqfv/Build/Intermediates.noindex/swift-collections.build/Debug-iphonesimulator/OrderedCollections.build/Objects-normal/arm64/OrderedCollections.SwiftConstValuesFileList

WriteAuxiliaryFile /Users/aadityasingh/Library/Developer/Xcode/DerivedData/Chatlio-erkyzdeecsohoaggpwbjdvavzqfv/Build/Intermediates.noindex/swift-collections.build/Debug-iphonesimulator/OrderedCollections.build/Objects-normal/arm64/OrderedCollections.LinkFileList (in target 'OrderedCollections' from project 'swift-collections')
    cd /Users/aadityasingh/Library/Developer/Xcode/DerivedData/Chatlio-erkyzdeecsohoaggpwbjdvavzqfv/SourcePackages/checkouts/swift-collections
    write-file /Users/aadityasingh/Library/Developer/Xcode/DerivedData/Chatlio-erkyzdeecsohoaggpwbjdvavzqfv/Build/Intermediates.noindex/swift-collections.build/Debug-iphonesimulator/OrderedCollections.build/Objects-normal/arm64/OrderedCollections.LinkFileList

WriteAuxiliaryFile /Users/aadityasingh/Library/Developer/Xcode/DerivedData/Chatlio-erkyzdeecsohoaggpwbjdvavzqfv/Build/Intermediates.noindex/swift-collections.build/Debug-iphonesimulator/OrderedCollections.build/Objects-normal/arm64/OrderedCollections-OutputFileMap.json (in target 'OrderedCollections' from project 'swift-collections')
    cd /Users/aadityasingh/Library/Developer/Xcode/DerivedData/Chatlio-erkyzdeecsohoaggpwbjdvavzqfv/SourcePackages/checkouts/swift-collections
    write-file /Users/aadityasingh/Library/Developer/Xcode/DerivedData/Chatlio-erkyzdeecsohoaggpwbjdvavzqfv/Build/Intermediates.noindex/swift-collections.build/Debug-iphonesimulator/OrderedCollections.build/Objects-normal/arm64/OrderedCollections-OutputFileMap.json

WriteAuxiliaryFile /Users/aadityasingh/Library/Developer/Xcode/DerivedData/Chatlio-erkyzdeecsohoaggpwbjdvavzqfv/Build/Intermediates.noindex/Chatlio.build/Debug-iphonesimulator/NSE.build/Objects-normal/x86_64/e6072d4f65d7061329687fe24e3d63a7-common-args.resp (in target 'NSE' from project 'Chatlio')
    cd /Users/aadityasingh/Documents/Development/element-x-ios
    write-file /Users/aadityasingh/Library/Developer/Xcode/DerivedData/Chatlio-erkyzdeecsohoaggpwbjdvavzqfv/Build/Intermediates.noindex/Chatlio.build/Debug-iphonesimulator/NSE.build/Objects-normal/x86_64/e6072d4f65d7061329687fe24e3d63a7-common-args.resp
'-std=gnu11' -fobjc-arc -fobjc-weak -fmodules -gmodules '-fmodules-cache-path=/Users/aadityasingh/Library/Developer/Xcode/DerivedData/ModuleCache.noindex' -fapplication-extension -fpascal-strings -O0 -fno-common '-DDEBUG=1' '-DOBJC_OLD_DISPATCH_PROTOTYPES=0' -fasm-blocks -g '-fobjc-abi-version=2' -fobjc-legacy-dispatch -fprofile-instr-generate -fcoverage-mapping -iquote /Users/aadityasingh/Library/Developer/Xcode/DerivedData/Chatlio-erkyzdeecsohoaggpwbjdvavzqfv/Build/Intermediates.noindex/Chatlio.build/Debug-iphonesimulator/NSE.build/NSE-generated-files.hmap -I/Users/aadityasingh/Library/Developer/Xcode/DerivedData/Chatlio-erkyzdeecsohoaggpwbjdvavzqfv/Build/Intermediates.noindex/Chatlio.build/Debug-iphonesimulator/NSE.build/NSE-own-target-headers.hmap -I/Users/aadityasingh/Library/Developer/Xcode/DerivedData/Chatlio-erkyzdeecsohoaggpwbjdvavzqfv/Build/Intermediates.noindex/Chatlio.build/Debug-iphonesimulator/NSE.build/NSE-all-non-framework-target-headers.hmap -ivfsoverlay /Users/aadityasingh/Library/Developer/Xcode/DerivedData/Chatlio-erkyzdeecsohoaggpwbjdvavzqfv/Build/Intermediates.noindex/Chatlio.build/Debug-iphonesimulator/Chatlio-c0c2b8f6bf95e401ab7a73c0cdfb87e2-VFS-iphonesimulator/all-product-headers.yaml -iquote /Users/aadityasingh/Library/Developer/Xcode/DerivedData/Chatlio-erkyzdeecsohoaggpwbjdvavzqfv/Build/Intermediates.noindex/Chatlio.build/Debug-iphonesimulator/NSE.build/NSE-project-headers.hmap -I/Users/aadityasingh/Library/Developer/Xcode/DerivedData/Chatlio-erkyzdeecsohoaggpwbjdvavzqfv/SourcePackages/checkouts/swift-atomics/Sources/_AtomicsShims/include -I/Users/aadityasingh/Library/Developer/Xcode/DerivedData/Chatlio-erkyzdeecsohoaggpwbjdvavzqfv/Build/Products/Debug-iphonesimulator/include -I/Users/aadityasingh/Library/Developer/Xcode/DerivedData/Chatlio-erkyzdeecsohoaggpwbjdvavzqfv/Build/Intermediates.noindex/Chatlio.build/Debug-iphonesimulator/NSE.build/DerivedSources-normal/x86_64 -I/Users/aadityasingh/Library/Developer/Xcode/DerivedData/Chatlio-erkyzdeecsohoaggpwbjdvavzqfv/Build/Intermediates.noindex/Chatlio.build/Debug-iphonesimulator/NSE.build/DerivedSources/x86_64 -I/Users/aadityasingh/Library/Developer/Xcode/DerivedData/Chatlio-erkyzdeecsohoaggpwbjdvavzqfv/Build/Intermediates.noindex/Chatlio.build/Debug-iphonesimulator/NSE.build/DerivedSources -F/Users/aadityasingh/Library/Developer/Xcode/DerivedData/Chatlio-erkyzdeecsohoaggpwbjdvavzqfv/Build/Products/Debug-iphonesimulator/PackageFrameworks -F/Users/aadityasingh/Library/Developer/Xcode/DerivedData/Chatlio-erkyzdeecsohoaggpwbjdvavzqfv/Build/Products/Debug-iphonesimulator/PackageFrameworks -F/Users/aadityasingh/Library/Developer/Xcode/DerivedData/Chatlio-erkyzdeecsohoaggpwbjdvavzqfv/Build/Products/Debug-iphonesimulator/PackageFrameworks -F/Users/aadityasingh/Library/Developer/Xcode/DerivedData/Chatlio-erkyzdeecsohoaggpwbjdvavzqfv/Build/Products/Debug-iphonesimulator/PackageFrameworks -F/Users/aadityasingh/Library/Developer/Xcode/DerivedData/Chatlio-erkyzdeecsohoaggpwbjdvavzqfv/Build/Products/Debug-iphonesimulator/PackageFrameworks -F/Users/aadityasingh/Library/Developer/Xcode/DerivedData/Chatlio-erkyzdeecsohoaggpwbjdvavzqfv/Build/Products/Debug-iphonesimulator/PackageFrameworks -F/Users/aadityasingh/Library/Developer/Xcode/DerivedData/Chatlio-erkyzdeecsohoaggpwbjdvavzqfv/Build/Products/Debug-iphonesimulator/PackageFrameworks -F/Users/aadityasingh/Library/Developer/Xcode/DerivedData/Chatlio-erkyzdeecsohoaggpwbjdvavzqfv/Build/Products/Debug-iphonesimulator/PackageFrameworks -F/Users/aadityasingh/Library/Developer/Xcode/DerivedData/Chatlio-erkyzdeecsohoaggpwbjdvavzqfv/Build/Products/Debug-iphonesimulator/PackageFrameworks -F/Users/aadityasingh/Library/Developer/Xcode/DerivedData/Chatlio-erkyzdeecsohoaggpwbjdvavzqfv/Build/Products/Debug-iphonesimulator/PackageFrameworks -F/Users/aadityasingh/Library/Developer/Xcode/DerivedData/Chatlio-erkyzdeecsohoaggpwbjdvavzqfv/Build/Products/Debug-iphonesimulator/PackageFrameworks -F/Users/aadityasingh/Library/Developer/Xcode/DerivedData/Chatlio-erkyzdeecsohoaggpwbjdvavzqfv/Build/Products/Debug-iphonesimulator/PackageFrameworks -F/Users/aadityasingh/Library/Developer/Xcode/DerivedData/Chatlio-erkyzdeecsohoaggpwbjdvavzqfv/Build/Products/Debug-iphonesimulator/PackageFrameworks -F/Users/aadityasingh/Library/Developer/Xcode/DerivedData/Chatlio-erkyzdeecsohoaggpwbjdvavzqfv/Build/Products/Debug-iphonesimulator/PackageFrameworks -F/Users/aadityasingh/Library/Developer/Xcode/DerivedData/Chatlio-erkyzdeecsohoaggpwbjdvavzqfv/Build/Products/Debug-iphonesimulator/PackageFrameworks -F/Users/aadityasingh/Library/Developer/Xcode/DerivedData/Chatlio-erkyzdeecsohoaggpwbjdvavzqfv/Build/Products/Debug-iphonesimulator/PackageFrameworks -F/Users/aadityasingh/Library/Developer/Xcode/DerivedData/Chatlio-erkyzdeecsohoaggpwbjdvavzqfv/Build/Products/Debug-iphonesimulator/PackageFrameworks -F/Users/aadityasingh/Library/Developer/Xcode/DerivedData/Chatlio-erkyzdeecsohoaggpwbjdvavzqfv/Build/Products/Debug-iphonesimulator/PackageFrameworks -F/Users/aadityasingh/Library/Developer/Xcode/DerivedData/Chatlio-erkyzdeecsohoaggpwbjdvavzqfv/Build/Products/Debug-iphonesimulator/PackageFrameworks -F/Users/aadityasingh/Library/Developer/Xcode/DerivedData/Chatlio-erkyzdeecsohoaggpwbjdvavzqfv/Build/Products/Debug-iphonesimulator/PackageFrameworks -F/Users/aadityasingh/Library/Developer/Xcode/DerivedData/Chatlio-erkyzdeecsohoaggpwbjdvavzqfv/Build/Products/Debug-iphonesimulator/PackageFrameworks -F/Users/aadityasingh/Library/Developer/Xcode/DerivedData/Chatlio-erkyzdeecsohoaggpwbjdvavzqfv/Build/Products/Debug-iphonesimulator '-fmodule-map-file=/Users/aadityasingh/Library/Developer/Xcode/DerivedData/Chatlio-erkyzdeecsohoaggpwbjdvavzqfv/Build/Intermediates.noindex/GeneratedModuleMaps-iphonesimulator/MatrixRustSDK.modulemap' '-fmodule-map-file=/Users/aadityasingh/Library/Developer/Xcode/DerivedData/Chatlio-erkyzdeecsohoaggpwbjdvavzqfv/Build/Intermediates.noindex/GeneratedModuleMaps-iphonesimulator/KeychainAccess.modulemap' '-fmodule-map-file=/Users/aadityasingh/Library/Developer/Xcode/DerivedData/Chatlio-erkyzdeecsohoaggpwbjdvavzqfv/Build/Intermediates.noindex/GeneratedModuleMaps-iphonesimulator/Kingfisher.modulemap' '-fmodule-map-file=/Users/aadityasingh/Library/Developer/Xcode/DerivedData/Chatlio-erkyzdeecsohoaggpwbjdvavzqfv/Build/Intermediates.noindex/GeneratedModuleMaps-iphonesimulator/_RopeModule.modulemap' '-fmodule-map-file=/Users/aadityasingh/Library/Developer/Xcode/DerivedData/Chatlio-erkyzdeecsohoaggpwbjdvavzqfv/Build/Intermediates.noindex/GeneratedModuleMaps-iphonesimulator/OrderedCollections.modulemap' '-fmodule-map-file=/Users/aadityasingh/Library/Developer/Xcode/DerivedData/Chatlio-erkyzdeecsohoaggpwbjdvavzqfv/Build/Intermediates.noindex/GeneratedModuleMaps-iphonesimulator/HeapModule.modulemap' '-fmodule-map-file=/Users/aadityasingh/Library/Developer/Xcode/DerivedData/Chatlio-erkyzdeecsohoaggpwbjdvavzqfv/Build/Intermediates.noindex/GeneratedModuleMaps-iphonesimulator/HashTreeCollections.modulemap' '-fmodule-map-file=/Users/aadityasingh/Library/Developer/Xcode/DerivedData/Chatlio-erkyzdeecsohoaggpwbjdvavzqfv/Build/Intermediates.noindex/GeneratedModuleMaps-iphonesimulator/DequeModule.modulemap' '-fmodule-map-file=/Users/aadityasingh/Library/Developer/Xcode/DerivedData/Chatlio-erkyzdeecsohoaggpwbjdvavzqfv/Build/Intermediates.noindex/GeneratedModuleMaps-iphonesimulator/BitCollections.modulemap' '-fmodule-map-file=/Users/aadityasingh/Library/Developer/Xcode/DerivedData/Chatlio-erkyzdeecsohoaggpwbjdvavzqfv/Build/Intermediates.noindex/GeneratedModuleMaps-iphonesimulator/InternalCollectionsUtilities.modulemap' '-fmodule-map-file=/Users/aadityasingh/Library/Developer/Xcode/DerivedData/Chatlio-erkyzdeecsohoaggpwbjdvavzqfv/Build/Intermediates.noindex/GeneratedModuleMaps-iphonesimulator/Collections.modulemap' '-fmodule-map-file=/Users/aadityasingh/Library/Developer/Xcode/DerivedData/Chatlio-erkyzdeecsohoaggpwbjdvavzqfv/Build/Intermediates.noindex/GeneratedModuleMaps-iphonesimulator/CompoundDesignTokens.modulemap' '-fmodule-map-file=/Users/aadityasingh/Library/Developer/Xcode/DerivedData/Chatlio-erkyzdeecsohoaggpwbjdvavzqfv/Build/Intermediates.noindex/GeneratedModuleMaps-iphonesimulator/SwiftUIIntrospect.modulemap' '-fmodule-map-file=/Users/aadityasingh/Library/Developer/Xcode/DerivedData/Chatlio-erkyzdeecsohoaggpwbjdvavzqfv/Build/Intermediates.noindex/GeneratedModuleMaps-iphonesimulator/SFSafeSymbols.modulemap' '-fmodule-map-file=/Users/aadityasingh/Library/Developer/Xcode/DerivedData/Chatlio-erkyzdeecsohoaggpwbjdvavzqfv/Build/Intermediates.noindex/GeneratedModuleMaps-iphonesimulator/Compound.modulemap' '-fmodule-map-file=/Users/aadityasingh/Library/Developer/Xcode/DerivedData/Chatlio-erkyzdeecsohoaggpwbjdvavzqfv/Build/Intermediates.noindex/GeneratedModuleMaps-iphonesimulator/DeviceKit.modulemap' '-fmodule-map-file=/Users/aadityasingh/Library/Developer/Xcode/DerivedData/Chatlio-erkyzdeecsohoaggpwbjdvavzqfv/Build/Intermediates.noindex/GeneratedModuleMaps-iphonesimulator/LRUCache.modulemap' '-fmodule-map-file=/Users/aadityasingh/Library/Developer/Xcode/DerivedData/Chatlio-erkyzdeecsohoaggpwbjdvavzqfv/Build/Intermediates.noindex/GeneratedModuleMaps-iphonesimulator/Version.modulemap' '-fmodule-map-file=/Users/aadityasingh/Library/Developer/Xcode/DerivedData/Chatlio-erkyzdeecsohoaggpwbjdvavzqfv/Build/Intermediates.noindex/GeneratedModuleMaps-iphonesimulator/Atomics.modulemap' '-fmodule-map-file=/Users/aadityasingh/Library/Developer/Xcode/DerivedData/Chatlio-erkyzdeecsohoaggpwbjdvavzqfv/Build/Intermediates.noindex/GeneratedModuleMaps-iphonesimulator/SwiftSoup.modulemap'

WriteAuxiliaryFile /Users/aadityasingh/Library/Developer/Xcode/DerivedData/Chatlio-erkyzdeecsohoaggpwbjdvavzqfv/Build/Intermediates.noindex/Chatlio.build/Debug-iphonesimulator/NSE.build/Objects-normal/x86_64/NSE_const_extract_protocols.json (in target 'NSE' from project 'Chatlio')
    cd /Users/aadityasingh/Documents/Development/element-x-ios
    write-file /Users/aadityasingh/Library/Developer/Xcode/DerivedData/Chatlio-erkyzdeecsohoaggpwbjdvavzqfv/Build/Intermediates.noindex/Chatlio.build/Debug-iphonesimulator/NSE.build/Objects-normal/x86_64/NSE_const_extract_protocols.json

WriteAuxiliaryFile /Users/aadityasingh/Library/Developer/Xcode/DerivedData/Chatlio-erkyzdeecsohoaggpwbjdvavzqfv/Build/Intermediates.noindex/Chatlio.build/Debug-iphonesimulator/NSE.build/Objects-normal/x86_64/NSE.SwiftFileList (in target 'NSE' from project 'Chatlio')
    cd /Users/aadityasingh/Documents/Development/element-x-ios
    write-file /Users/aadityasingh/Library/Developer/Xcode/DerivedData/Chatlio-erkyzdeecsohoaggpwbjdvavzqfv/Build/Intermediates.noindex/Chatlio.build/Debug-iphonesimulator/NSE.build/Objects-normal/x86_64/NSE.SwiftFileList

WriteAuxiliaryFile /Users/aadityasingh/Library/Developer/Xcode/DerivedData/Chatlio-erkyzdeecsohoaggpwbjdvavzqfv/Build/Intermediates.noindex/Chatlio.build/Debug-iphonesimulator/NSE.build/Objects-normal/x86_64/NSE.SwiftConstValuesFileList (in target 'NSE' from project 'Chatlio')
    cd /Users/aadityasingh/Documents/Development/element-x-ios
    write-file /Users/aadityasingh/Library/Developer/Xcode/DerivedData/Chatlio-erkyzdeecsohoaggpwbjdvavzqfv/Build/Intermediates.noindex/Chatlio.build/Debug-iphonesimulator/NSE.build/Objects-normal/x86_64/NSE.SwiftConstValuesFileList

WriteAuxiliaryFile /Users/aadityasingh/Library/Developer/Xcode/DerivedData/Chatlio-erkyzdeecsohoaggpwbjdvavzqfv/Build/Intermediates.noindex/Chatlio.build/Debug-iphonesimulator/NSE.build/Objects-normal/x86_64/NSE.LinkFileList (in target 'NSE' from project 'Chatlio')
    cd /Users/aadityasingh/Documents/Development/element-x-ios
    write-file /Users/aadityasingh/Library/Developer/Xcode/DerivedData/Chatlio-erkyzdeecsohoaggpwbjdvavzqfv/Build/Intermediates.noindex/Chatlio.build/Debug-iphonesimulator/NSE.build/Objects-normal/x86_64/NSE.LinkFileList

WriteAuxiliaryFile /Users/aadityasingh/Library/Developer/Xcode/DerivedData/Chatlio-erkyzdeecsohoaggpwbjdvavzqfv/Build/Intermediates.noindex/Chatlio.build/Debug-iphonesimulator/NSE.build/Objects-normal/x86_64/NSE-OutputFileMap.json (in target 'NSE' from project 'Chatlio')
    cd /Users/aadityasingh/Documents/Development/element-x-ios
    write-file /Users/aadityasingh/Library/Developer/Xcode/DerivedData/Chatlio-erkyzdeecsohoaggpwbjdvavzqfv/Build/Intermediates.noindex/Chatlio.build/Debug-iphonesimulator/NSE.build/Objects-normal/x86_64/NSE-OutputFileMap.json

WriteAuxiliaryFile /Users/aadityasingh/Library/Developer/Xcode/DerivedData/Chatlio-erkyzdeecsohoaggpwbjdvavzqfv/Build/Intermediates.noindex/Chatlio.build/Debug-iphonesimulator/NSE.build/Objects-normal/arm64/NSE_const_extract_protocols.json (in target 'NSE' from project 'Chatlio')
    cd /Users/aadityasingh/Documents/Development/element-x-ios
    write-file /Users/aadityasingh/Library/Developer/Xcode/DerivedData/Chatlio-erkyzdeecsohoaggpwbjdvavzqfv/Build/Intermediates.noindex/Chatlio.build/Debug-iphonesimulator/NSE.build/Objects-normal/arm64/NSE_const_extract_protocols.json

WriteAuxiliaryFile /Users/aadityasingh/Library/Developer/Xcode/DerivedData/Chatlio-erkyzdeecsohoaggpwbjdvavzqfv/Build/Intermediates.noindex/Chatlio.build/Debug-iphonesimulator/NSE.build/Objects-normal/arm64/e6072d4f65d7061329687fe24e3d63a7-common-args.resp (in target 'NSE' from project 'Chatlio')
    cd /Users/aadityasingh/Documents/Development/element-x-ios
    write-file /Users/aadityasingh/Library/Developer/Xcode/DerivedData/Chatlio-erkyzdeecsohoaggpwbjdvavzqfv/Build/Intermediates.noindex/Chatlio.build/Debug-iphonesimulator/NSE.build/Objects-normal/arm64/e6072d4f65d7061329687fe24e3d63a7-common-args.resp
'-std=gnu11' -fobjc-arc -fobjc-weak -fmodules -gmodules '-fmodules-cache-path=/Users/aadityasingh/Library/Developer/Xcode/DerivedData/ModuleCache.noindex' -fapplication-extension -fpascal-strings -O0 -fno-common '-DDEBUG=1' '-DOBJC_OLD_DISPATCH_PROTOTYPES=0' -g '-fobjc-abi-version=2' -fobjc-legacy-dispatch -fprofile-instr-generate -fcoverage-mapping -iquote /Users/aadityasingh/Library/Developer/Xcode/DerivedData/Chatlio-erkyzdeecsohoaggpwbjdvavzqfv/Build/Intermediates.noindex/Chatlio.build/Debug-iphonesimulator/NSE.build/NSE-generated-files.hmap -I/Users/aadityasingh/Library/Developer/Xcode/DerivedData/Chatlio-erkyzdeecsohoaggpwbjdvavzqfv/Build/Intermediates.noindex/Chatlio.build/Debug-iphonesimulator/NSE.build/NSE-own-target-headers.hmap -I/Users/aadityasingh/Library/Developer/Xcode/DerivedData/Chatlio-erkyzdeecsohoaggpwbjdvavzqfv/Build/Intermediates.noindex/Chatlio.build/Debug-iphonesimulator/NSE.build/NSE-all-non-framework-target-headers.hmap -ivfsoverlay /Users/aadityasingh/Library/Developer/Xcode/DerivedData/Chatlio-erkyzdeecsohoaggpwbjdvavzqfv/Build/Intermediates.noindex/Chatlio.build/Debug-iphonesimulator/Chatlio-c0c2b8f6bf95e401ab7a73c0cdfb87e2-VFS-iphonesimulator/all-product-headers.yaml -iquote /Users/aadityasingh/Library/Developer/Xcode/DerivedData/Chatlio-erkyzdeecsohoaggpwbjdvavzqfv/Build/Intermediates.noindex/Chatlio.build/Debug-iphonesimulator/NSE.build/NSE-project-headers.hmap -I/Users/aadityasingh/Library/Developer/Xcode/DerivedData/Chatlio-erkyzdeecsohoaggpwbjdvavzqfv/SourcePackages/checkouts/swift-atomics/Sources/_AtomicsShims/include -I/Users/aadityasingh/Library/Developer/Xcode/DerivedData/Chatlio-erkyzdeecsohoaggpwbjdvavzqfv/Build/Products/Debug-iphonesimulator/include -I/Users/aadityasingh/Library/Developer/Xcode/DerivedData/Chatlio-erkyzdeecsohoaggpwbjdvavzqfv/Build/Intermediates.noindex/Chatlio.build/Debug-iphonesimulator/NSE.build/DerivedSources-normal/arm64 -I/Users/aadityasingh/Library/Developer/Xcode/DerivedData/Chatlio-erkyzdeecsohoaggpwbjdvavzqfv/Build/Intermediates.noindex/Chatlio.build/Debug-iphonesimulator/NSE.build/DerivedSources/arm64 -I/Users/aadityasingh/Library/Developer/Xcode/DerivedData/Chatlio-erkyzdeecsohoaggpwbjdvavzqfv/Build/Intermediates.noindex/Chatlio.build/Debug-iphonesimulator/NSE.build/DerivedSources -F/Users/aadityasingh/Library/Developer/Xcode/DerivedData/Chatlio-erkyzdeecsohoaggpwbjdvavzqfv/Build/Products/Debug-iphonesimulator/PackageFrameworks -F/Users/aadityasingh/Library/Developer/Xcode/DerivedData/Chatlio-erkyzdeecsohoaggpwbjdvavzqfv/Build/Products/Debug-iphonesimulator/PackageFrameworks -F/Users/aadityasingh/Library/Developer/Xcode/DerivedData/Chatlio-erkyzdeecsohoaggpwbjdvavzqfv/Build/Products/Debug-iphonesimulator/PackageFrameworks -F/Users/aadityasingh/Library/Developer/Xcode/DerivedData/Chatlio-erkyzdeecsohoaggpwbjdvavzqfv/Build/Products/Debug-iphonesimulator/PackageFrameworks -F/Users/aadityasingh/Library/Developer/Xcode/DerivedData/Chatlio-erkyzdeecsohoaggpwbjdvavzqfv/Build/Products/Debug-iphonesimulator/PackageFrameworks -F/Users/aadityasingh/Library/Developer/Xcode/DerivedData/Chatlio-erkyzdeecsohoaggpwbjdvavzqfv/Build/Products/Debug-iphonesimulator/PackageFrameworks -F/Users/aadityasingh/Library/Developer/Xcode/DerivedData/Chatlio-erkyzdeecsohoaggpwbjdvavzqfv/Build/Products/Debug-iphonesimulator/PackageFrameworks -F/Users/aadityasingh/Library/Developer/Xcode/DerivedData/Chatlio-erkyzdeecsohoaggpwbjdvavzqfv/Build/Products/Debug-iphonesimulator/PackageFrameworks -F/Users/aadityasingh/Library/Developer/Xcode/DerivedData/Chatlio-erkyzdeecsohoaggpwbjdvavzqfv/Build/Products/Debug-iphonesimulator/PackageFrameworks -F/Users/aadityasingh/Library/Developer/Xcode/DerivedData/Chatlio-erkyzdeecsohoaggpwbjdvavzqfv/Build/Products/Debug-iphonesimulator/PackageFrameworks -F/Users/aadityasingh/Library/Developer/Xcode/DerivedData/Chatlio-erkyzdeecsohoaggpwbjdvavzqfv/Build/Products/Debug-iphonesimulator/PackageFrameworks -F/Users/aadityasingh/Library/Developer/Xcode/DerivedData/Chatlio-erkyzdeecsohoaggpwbjdvavzqfv/Build/Products/Debug-iphonesimulator/PackageFrameworks -F/Users/aadityasingh/Library/Developer/Xcode/DerivedData/Chatlio-erkyzdeecsohoaggpwbjdvavzqfv/Build/Products/Debug-iphonesimulator/PackageFrameworks -F/Users/aadityasingh/Library/Developer/Xcode/DerivedData/Chatlio-erkyzdeecsohoaggpwbjdvavzqfv/Build/Products/Debug-iphonesimulator/PackageFrameworks -F/Users/aadityasingh/Library/Developer/Xcode/DerivedData/Chatlio-erkyzdeecsohoaggpwbjdvavzqfv/Build/Products/Debug-iphonesimulator/PackageFrameworks -F/Users/aadityasingh/Library/Developer/Xcode/DerivedData/Chatlio-erkyzdeecsohoaggpwbjdvavzqfv/Build/Products/Debug-iphonesimulator/PackageFrameworks -F/Users/aadityasingh/Library/Developer/Xcode/DerivedData/Chatlio-erkyzdeecsohoaggpwbjdvavzqfv/Build/Products/Debug-iphonesimulator/PackageFrameworks -F/Users/aadityasingh/Library/Developer/Xcode/DerivedData/Chatlio-erkyzdeecsohoaggpwbjdvavzqfv/Build/Products/Debug-iphonesimulator/PackageFrameworks -F/Users/aadityasingh/Library/Developer/Xcode/DerivedData/Chatlio-erkyzdeecsohoaggpwbjdvavzqfv/Build/Products/Debug-iphonesimulator/PackageFrameworks -F/Users/aadityasingh/Library/Developer/Xcode/DerivedData/Chatlio-erkyzdeecsohoaggpwbjdvavzqfv/Build/Products/Debug-iphonesimulator/PackageFrameworks -F/Users/aadityasingh/Library/Developer/Xcode/DerivedData/Chatlio-erkyzdeecsohoaggpwbjdvavzqfv/Build/Products/Debug-iphonesimulator/PackageFrameworks -F/Users/aadityasingh/Library/Developer/Xcode/DerivedData/Chatlio-erkyzdeecsohoaggpwbjdvavzqfv/Build/Products/Debug-iphonesimulator '-fmodule-map-file=/Users/aadityasingh/Library/Developer/Xcode/DerivedData/Chatlio-erkyzdeecsohoaggpwbjdvavzqfv/Build/Intermediates.noindex/GeneratedModuleMaps-iphonesimulator/MatrixRustSDK.modulemap' '-fmodule-map-file=/Users/aadityasingh/Library/Developer/Xcode/DerivedData/Chatlio-erkyzdeecsohoaggpwbjdvavzqfv/Build/Intermediates.noindex/GeneratedModuleMaps-iphonesimulator/KeychainAccess.modulemap' '-fmodule-map-file=/Users/aadityasingh/Library/Developer/Xcode/DerivedData/Chatlio-erkyzdeecsohoaggpwbjdvavzqfv/Build/Intermediates.noindex/GeneratedModuleMaps-iphonesimulator/Kingfisher.modulemap' '-fmodule-map-file=/Users/aadityasingh/Library/Developer/Xcode/DerivedData/Chatlio-erkyzdeecsohoaggpwbjdvavzqfv/Build/Intermediates.noindex/GeneratedModuleMaps-iphonesimulator/_RopeModule.modulemap' '-fmodule-map-file=/Users/aadityasingh/Library/Developer/Xcode/DerivedData/Chatlio-erkyzdeecsohoaggpwbjdvavzqfv/Build/Intermediates.noindex/GeneratedModuleMaps-iphonesimulator/OrderedCollections.modulemap' '-fmodule-map-file=/Users/aadityasingh/Library/Developer/Xcode/DerivedData/Chatlio-erkyzdeecsohoaggpwbjdvavzqfv/Build/Intermediates.noindex/GeneratedModuleMaps-iphonesimulator/HeapModule.modulemap' '-fmodule-map-file=/Users/aadityasingh/Library/Developer/Xcode/DerivedData/Chatlio-erkyzdeecsohoaggpwbjdvavzqfv/Build/Intermediates.noindex/GeneratedModuleMaps-iphonesimulator/HashTreeCollections.modulemap' '-fmodule-map-file=/Users/aadityasingh/Library/Developer/Xcode/DerivedData/Chatlio-erkyzdeecsohoaggpwbjdvavzqfv/Build/Intermediates.noindex/GeneratedModuleMaps-iphonesimulator/DequeModule.modulemap' '-fmodule-map-file=/Users/aadityasingh/Library/Developer/Xcode/DerivedData/Chatlio-erkyzdeecsohoaggpwbjdvavzqfv/Build/Intermediates.noindex/GeneratedModuleMaps-iphonesimulator/BitCollections.modulemap' '-fmodule-map-file=/Users/aadityasingh/Library/Developer/Xcode/DerivedData/Chatlio-erkyzdeecsohoaggpwbjdvavzqfv/Build/Intermediates.noindex/GeneratedModuleMaps-iphonesimulator/InternalCollectionsUtilities.modulemap' '-fmodule-map-file=/Users/aadityasingh/Library/Developer/Xcode/DerivedData/Chatlio-erkyzdeecsohoaggpwbjdvavzqfv/Build/Intermediates.noindex/GeneratedModuleMaps-iphonesimulator/Collections.modulemap' '-fmodule-map-file=/Users/aadityasingh/Library/Developer/Xcode/DerivedData/Chatlio-erkyzdeecsohoaggpwbjdvavzqfv/Build/Intermediates.noindex/GeneratedModuleMaps-iphonesimulator/CompoundDesignTokens.modulemap' '-fmodule-map-file=/Users/aadityasingh/Library/Developer/Xcode/DerivedData/Chatlio-erkyzdeecsohoaggpwbjdvavzqfv/Build/Intermediates.noindex/GeneratedModuleMaps-iphonesimulator/SwiftUIIntrospect.modulemap' '-fmodule-map-file=/Users/aadityasingh/Library/Developer/Xcode/DerivedData/Chatlio-erkyzdeecsohoaggpwbjdvavzqfv/Build/Intermediates.noindex/GeneratedModuleMaps-iphonesimulator/SFSafeSymbols.modulemap' '-fmodule-map-file=/Users/aadityasingh/Library/Developer/Xcode/DerivedData/Chatlio-erkyzdeecsohoaggpwbjdvavzqfv/Build/Intermediates.noindex/GeneratedModuleMaps-iphonesimulator/Compound.modulemap' '-fmodule-map-file=/Users/aadityasingh/Library/Developer/Xcode/DerivedData/Chatlio-erkyzdeecsohoaggpwbjdvavzqfv/Build/Intermediates.noindex/GeneratedModuleMaps-iphonesimulator/DeviceKit.modulemap' '-fmodule-map-file=/Users/aadityasingh/Library/Developer/Xcode/DerivedData/Chatlio-erkyzdeecsohoaggpwbjdvavzqfv/Build/Intermediates.noindex/GeneratedModuleMaps-iphonesimulator/LRUCache.modulemap' '-fmodule-map-file=/Users/aadityasingh/Library/Developer/Xcode/DerivedData/Chatlio-erkyzdeecsohoaggpwbjdvavzqfv/Build/Intermediates.noindex/GeneratedModuleMaps-iphonesimulator/Version.modulemap' '-fmodule-map-file=/Users/aadityasingh/Library/Developer/Xcode/DerivedData/Chatlio-erkyzdeecsohoaggpwbjdvavzqfv/Build/Intermediates.noindex/GeneratedModuleMaps-iphonesimulator/Atomics.modulemap' '-fmodule-map-file=/Users/aadityasingh/Library/Developer/Xcode/DerivedData/Chatlio-erkyzdeecsohoaggpwbjdvavzqfv/Build/Intermediates.noindex/GeneratedModuleMaps-iphonesimulator/SwiftSoup.modulemap'

WriteAuxiliaryFile /Users/aadityasingh/Library/Developer/Xcode/DerivedData/Chatlio-erkyzdeecsohoaggpwbjdvavzqfv/Build/Intermediates.noindex/Chatlio.build/Debug-iphonesimulator/NSE.build/Objects-normal/arm64/NSE.SwiftFileList (in target 'NSE' from project 'Chatlio')
    cd /Users/aadityasingh/Documents/Development/element-x-ios
    write-file /Users/aadityasingh/Library/Developer/Xcode/DerivedData/Chatlio-erkyzdeecsohoaggpwbjdvavzqfv/Build/Intermediates.noindex/Chatlio.build/Debug-iphonesimulator/NSE.build/Objects-normal/arm64/NSE.SwiftFileList

WriteAuxiliaryFile /Users/aadityasingh/Library/Developer/Xcode/DerivedData/Chatlio-erkyzdeecsohoaggpwbjdvavzqfv/Build/Intermediates.noindex/Chatlio.build/Debug-iphonesimulator/NSE.build/Objects-normal/arm64/NSE.SwiftConstValuesFileList (in target 'NSE' from project 'Chatlio')
    cd /Users/aadityasingh/Documents/Development/element-x-ios
    write-file /Users/aadityasingh/Library/Developer/Xcode/DerivedData/Chatlio-erkyzdeecsohoaggpwbjdvavzqfv/Build/Intermediates.noindex/Chatlio.build/Debug-iphonesimulator/NSE.build/Objects-normal/arm64/NSE.SwiftConstValuesFileList

WriteAuxiliaryFile /Users/aadityasingh/Library/Developer/Xcode/DerivedData/Chatlio-erkyzdeecsohoaggpwbjdvavzqfv/Build/Intermediates.noindex/Chatlio.build/Debug-iphonesimulator/NSE.build/Objects-normal/arm64/NSE.LinkFileList (in target 'NSE' from project 'Chatlio')
    cd /Users/aadityasingh/Documents/Development/element-x-ios
    write-file /Users/aadityasingh/Library/Developer/Xcode/DerivedData/Chatlio-erkyzdeecsohoaggpwbjdvavzqfv/Build/Intermediates.noindex/Chatlio.build/Debug-iphonesimulator/NSE.build/Objects-normal/arm64/NSE.LinkFileList

WriteAuxiliaryFile /Users/aadityasingh/Library/Developer/Xcode/DerivedData/Chatlio-erkyzdeecsohoaggpwbjdvavzqfv/Build/Intermediates.noindex/Chatlio.build/Debug-iphonesimulator/NSE.build/Objects-normal/arm64/NSE-OutputFileMap.json (in target 'NSE' from project 'Chatlio')
    cd /Users/aadityasingh/Documents/Development/element-x-ios
    write-file /Users/aadityasingh/Library/Developer/Xcode/DerivedData/Chatlio-erkyzdeecsohoaggpwbjdvavzqfv/Build/Intermediates.noindex/Chatlio.build/Debug-iphonesimulator/NSE.build/Objects-normal/arm64/NSE-OutputFileMap.json

WriteAuxiliaryFile /Users/aadityasingh/Library/Developer/Xcode/DerivedData/Chatlio-erkyzdeecsohoaggpwbjdvavzqfv/Build/Intermediates.noindex/Chatlio.build/Debug-iphonesimulator/NSE.build/NSE.hmap (in target 'NSE' from project 'Chatlio')
    cd /Users/aadityasingh/Documents/Development/element-x-ios
    write-file /Users/aadityasingh/Library/Developer/Xcode/DerivedData/Chatlio-erkyzdeecsohoaggpwbjdvavzqfv/Build/Intermediates.noindex/Chatlio.build/Debug-iphonesimulator/NSE.build/NSE.hmap

WriteAuxiliaryFile /Users/aadityasingh/Library/Developer/Xcode/DerivedData/Chatlio-erkyzdeecsohoaggpwbjdvavzqfv/Build/Intermediates.noindex/Chatlio.build/Debug-iphonesimulator/NSE.build/NSE.DependencyStaticMetadataFileList (in target 'NSE' from project 'Chatlio')
    cd /Users/aadityasingh/Documents/Development/element-x-ios
    write-file /Users/aadityasingh/Library/Developer/Xcode/DerivedData/Chatlio-erkyzdeecsohoaggpwbjdvavzqfv/Build/Intermediates.noindex/Chatlio.build/Debug-iphonesimulator/NSE.build/NSE.DependencyStaticMetadataFileList

WriteAuxiliaryFile /Users/aadityasingh/Library/Developer/Xcode/DerivedData/Chatlio-erkyzdeecsohoaggpwbjdvavzqfv/Build/Intermediates.noindex/Chatlio.build/Debug-iphonesimulator/NSE.build/NSE-own-target-headers.hmap (in target 'NSE' from project 'Chatlio')
    cd /Users/aadityasingh/Documents/Development/element-x-ios
    write-file /Users/aadityasingh/Library/Developer/Xcode/DerivedData/Chatlio-erkyzdeecsohoaggpwbjdvavzqfv/Build/Intermediates.noindex/Chatlio.build/Debug-iphonesimulator/NSE.build/NSE-own-target-headers.hmap

WriteAuxiliaryFile /Users/aadityasingh/Library/Developer/Xcode/DerivedData/Chatlio-erkyzdeecsohoaggpwbjdvavzqfv/Build/Intermediates.noindex/Chatlio.build/Debug-iphonesimulator/NSE.build/NSE.DependencyMetadataFileList (in target 'NSE' from project 'Chatlio')
    cd /Users/aadityasingh/Documents/Development/element-x-ios
    write-file /Users/aadityasingh/Library/Developer/Xcode/DerivedData/Chatlio-erkyzdeecsohoaggpwbjdvavzqfv/Build/Intermediates.noindex/Chatlio.build/Debug-iphonesimulator/NSE.build/NSE.DependencyMetadataFileList

WriteAuxiliaryFile /Users/aadityasingh/Library/Developer/Xcode/DerivedData/Chatlio-erkyzdeecsohoaggpwbjdvavzqfv/Build/Intermediates.noindex/Chatlio.build/Debug-iphonesimulator/NSE.build/NSE-project-headers.hmap (in target 'NSE' from project 'Chatlio')
    cd /Users/aadityasingh/Documents/Development/element-x-ios
    write-file /Users/aadityasingh/Library/Developer/Xcode/DerivedData/Chatlio-erkyzdeecsohoaggpwbjdvavzqfv/Build/Intermediates.noindex/Chatlio.build/Debug-iphonesimulator/NSE.build/NSE-project-headers.hmap

WriteAuxiliaryFile /Users/aadityasingh/Library/Developer/Xcode/DerivedData/Chatlio-erkyzdeecsohoaggpwbjdvavzqfv/Build/Intermediates.noindex/Chatlio.build/Debug-iphonesimulator/NSE.build/NSE-generated-files.hmap (in target 'NSE' from project 'Chatlio')
    cd /Users/aadityasingh/Documents/Development/element-x-ios
    write-file /Users/aadityasingh/Library/Developer/Xcode/DerivedData/Chatlio-erkyzdeecsohoaggpwbjdvavzqfv/Build/Intermediates.noindex/Chatlio.build/Debug-iphonesimulator/NSE.build/NSE-generated-files.hmap

WriteAuxiliaryFile /Users/aadityasingh/Library/Developer/Xcode/DerivedData/Chatlio-erkyzdeecsohoaggpwbjdvavzqfv/Build/Intermediates.noindex/Chatlio.build/Debug-iphonesimulator/NSE.build/NSE-all-target-headers.hmap (in target 'NSE' from project 'Chatlio')
    cd /Users/aadityasingh/Documents/Development/element-x-ios
    write-file /Users/aadityasingh/Library/Developer/Xcode/DerivedData/Chatlio-erkyzdeecsohoaggpwbjdvavzqfv/Build/Intermediates.noindex/Chatlio.build/Debug-iphonesimulator/NSE.build/NSE-all-target-headers.hmap

WriteAuxiliaryFile /Users/aadityasingh/Library/Developer/Xcode/DerivedData/Chatlio-erkyzdeecsohoaggpwbjdvavzqfv/Build/Intermediates.noindex/Chatlio.build/Debug-iphonesimulator/NSE.build/NSE-all-non-framework-target-headers.hmap (in target 'NSE' from project 'Chatlio')
    cd /Users/aadityasingh/Documents/Development/element-x-ios
    write-file /Users/aadityasingh/Library/Developer/Xcode/DerivedData/Chatlio-erkyzdeecsohoaggpwbjdvavzqfv/Build/Intermediates.noindex/Chatlio.build/Debug-iphonesimulator/NSE.build/NSE-all-non-framework-target-headers.hmap

WriteAuxiliaryFile /Users/aadityasingh/Library/Developer/Xcode/DerivedData/Chatlio-erkyzdeecsohoaggpwbjdvavzqfv/Build/Intermediates.noindex/Chatlio.build/Debug-iphonesimulator/NSE.build/NSE-DebugEntryPoint-normal-x86_64.txt (in target 'NSE' from project 'Chatlio')
    cd /Users/aadityasingh/Documents/Development/element-x-ios
    write-file /Users/aadityasingh/Library/Developer/Xcode/DerivedData/Chatlio-erkyzdeecsohoaggpwbjdvavzqfv/Build/Intermediates.noindex/Chatlio.build/Debug-iphonesimulator/NSE.build/NSE-DebugEntryPoint-normal-x86_64.txt

WriteAuxiliaryFile /Users/aadityasingh/Library/Developer/Xcode/DerivedData/Chatlio-erkyzdeecsohoaggpwbjdvavzqfv/Build/Intermediates.noindex/Chatlio.build/Debug-iphonesimulator/NSE.build/NSE-DebugEntryPoint-normal-arm64.txt (in target 'NSE' from project 'Chatlio')
    cd /Users/aadityasingh/Documents/Development/element-x-ios
    write-file /Users/aadityasingh/Library/Developer/Xcode/DerivedData/Chatlio-erkyzdeecsohoaggpwbjdvavzqfv/Build/Intermediates.noindex/Chatlio.build/Debug-iphonesimulator/NSE.build/NSE-DebugEntryPoint-normal-arm64.txt

WriteAuxiliaryFile /Users/aadityasingh/Library/Developer/Xcode/DerivedData/Chatlio-erkyzdeecsohoaggpwbjdvavzqfv/Build/Intermediates.noindex/Chatlio.build/Debug-iphonesimulator/NSE.build/NSE-DebugDylibPath-normal-x86_64.txt (in target 'NSE' from project 'Chatlio')
    cd /Users/aadityasingh/Documents/Development/element-x-ios
    write-file /Users/aadityasingh/Library/Developer/Xcode/DerivedData/Chatlio-erkyzdeecsohoaggpwbjdvavzqfv/Build/Intermediates.noindex/Chatlio.build/Debug-iphonesimulator/NSE.build/NSE-DebugDylibPath-normal-x86_64.txt

WriteAuxiliaryFile /Users/aadityasingh/Library/Developer/Xcode/DerivedData/Chatlio-erkyzdeecsohoaggpwbjdvavzqfv/Build/Intermediates.noindex/Chatlio.build/Debug-iphonesimulator/NSE.build/NSE-DebugDylibPath-normal-arm64.txt (in target 'NSE' from project 'Chatlio')
    cd /Users/aadityasingh/Documents/Development/element-x-ios
    write-file /Users/aadityasingh/Library/Developer/Xcode/DerivedData/Chatlio-erkyzdeecsohoaggpwbjdvavzqfv/Build/Intermediates.noindex/Chatlio.build/Debug-iphonesimulator/NSE.build/NSE-DebugDylibPath-normal-arm64.txt

WriteAuxiliaryFile /Users/aadityasingh/Library/Developer/Xcode/DerivedData/Chatlio-erkyzdeecsohoaggpwbjdvavzqfv/Build/Intermediates.noindex/Chatlio.build/Debug-iphonesimulator/NSE.build/NSE-DebugDylibInstallName-normal-x86_64.txt (in target 'NSE' from project 'Chatlio')
    cd /Users/aadityasingh/Documents/Development/element-x-ios
    write-file /Users/aadityasingh/Library/Developer/Xcode/DerivedData/Chatlio-erkyzdeecsohoaggpwbjdvavzqfv/Build/Intermediates.noindex/Chatlio.build/Debug-iphonesimulator/NSE.build/NSE-DebugDylibInstallName-normal-x86_64.txt

WriteAuxiliaryFile /Users/aadityasingh/Library/Developer/Xcode/DerivedData/Chatlio-erkyzdeecsohoaggpwbjdvavzqfv/Build/Intermediates.noindex/Chatlio.build/Debug-iphonesimulator/NSE.build/NSE-DebugDylibInstallName-normal-arm64.txt (in target 'NSE' from project 'Chatlio')
    cd /Users/aadityasingh/Documents/Development/element-x-ios
    write-file /Users/aadityasingh/Library/Developer/Xcode/DerivedData/Chatlio-erkyzdeecsohoaggpwbjdvavzqfv/Build/Intermediates.noindex/Chatlio.build/Debug-iphonesimulator/NSE.build/NSE-DebugDylibInstallName-normal-arm64.txt

WriteAuxiliaryFile /Users/aadityasingh/Library/Developer/Xcode/DerivedData/Chatlio-erkyzdeecsohoaggpwbjdvavzqfv/Build/Intermediates.noindex/Chatlio.build/Debug-iphonesimulator/NSE.build/DerivedSources/Entitlements-Simulated.plist (in target 'NSE' from project 'Chatlio')
    cd /Users/aadityasingh/Documents/Development/element-x-ios
    write-file /Users/aadityasingh/Library/Developer/Xcode/DerivedData/Chatlio-erkyzdeecsohoaggpwbjdvavzqfv/Build/Intermediates.noindex/Chatlio.build/Debug-iphonesimulator/NSE.build/DerivedSources/Entitlements-Simulated.plist

WriteAuxiliaryFile /Users/aadityasingh/Library/Developer/Xcode/DerivedData/Chatlio-erkyzdeecsohoaggpwbjdvavzqfv/Build/Intermediates.noindex/LoremSwiftum.build/Debug-iphonesimulator/LoremSwiftum.build/Objects-normal/x86_64/LoremSwiftum_const_extract_protocols.json (in target 'LoremSwiftum' from project 'LoremSwiftum')
    cd /Users/aadityasingh/Library/Developer/Xcode/DerivedData/Chatlio-erkyzdeecsohoaggpwbjdvavzqfv/SourcePackages/checkouts/LoremSwiftum
    write-file /Users/aadityasingh/Library/Developer/Xcode/DerivedData/Chatlio-erkyzdeecsohoaggpwbjdvavzqfv/Build/Intermediates.noindex/LoremSwiftum.build/Debug-iphonesimulator/LoremSwiftum.build/Objects-normal/x86_64/LoremSwiftum_const_extract_protocols.json

WriteAuxiliaryFile /Users/aadityasingh/Library/Developer/Xcode/DerivedData/Chatlio-erkyzdeecsohoaggpwbjdvavzqfv/Build/Intermediates.noindex/LoremSwiftum.build/Debug-iphonesimulator/LoremSwiftum.build/Objects-normal/x86_64/LoremSwiftum.SwiftFileList (in target 'LoremSwiftum' from project 'LoremSwiftum')
    cd /Users/aadityasingh/Library/Developer/Xcode/DerivedData/Chatlio-erkyzdeecsohoaggpwbjdvavzqfv/SourcePackages/checkouts/LoremSwiftum
    write-file /Users/aadityasingh/Library/Developer/Xcode/DerivedData/Chatlio-erkyzdeecsohoaggpwbjdvavzqfv/Build/Intermediates.noindex/LoremSwiftum.build/Debug-iphonesimulator/LoremSwiftum.build/Objects-normal/x86_64/LoremSwiftum.SwiftFileList

WriteAuxiliaryFile /Users/aadityasingh/Library/Developer/Xcode/DerivedData/Chatlio-erkyzdeecsohoaggpwbjdvavzqfv/Build/Intermediates.noindex/LoremSwiftum.build/Debug-iphonesimulator/LoremSwiftum.build/Objects-normal/x86_64/LoremSwiftum.SwiftConstValuesFileList (in target 'LoremSwiftum' from project 'LoremSwiftum')
    cd /Users/aadityasingh/Library/Developer/Xcode/DerivedData/Chatlio-erkyzdeecsohoaggpwbjdvavzqfv/SourcePackages/checkouts/LoremSwiftum
    write-file /Users/aadityasingh/Library/Developer/Xcode/DerivedData/Chatlio-erkyzdeecsohoaggpwbjdvavzqfv/Build/Intermediates.noindex/LoremSwiftum.build/Debug-iphonesimulator/LoremSwiftum.build/Objects-normal/x86_64/LoremSwiftum.SwiftConstValuesFileList

WriteAuxiliaryFile /Users/aadityasingh/Library/Developer/Xcode/DerivedData/Chatlio-erkyzdeecsohoaggpwbjdvavzqfv/Build/Intermediates.noindex/LoremSwiftum.build/Debug-iphonesimulator/LoremSwiftum.build/Objects-normal/x86_64/LoremSwiftum.LinkFileList (in target 'LoremSwiftum' from project 'LoremSwiftum')
    cd /Users/aadityasingh/Library/Developer/Xcode/DerivedData/Chatlio-erkyzdeecsohoaggpwbjdvavzqfv/SourcePackages/checkouts/LoremSwiftum
    write-file /Users/aadityasingh/Library/Developer/Xcode/DerivedData/Chatlio-erkyzdeecsohoaggpwbjdvavzqfv/Build/Intermediates.noindex/LoremSwiftum.build/Debug-iphonesimulator/LoremSwiftum.build/Objects-normal/x86_64/LoremSwiftum.LinkFileList

WriteAuxiliaryFile /Users/aadityasingh/Library/Developer/Xcode/DerivedData/Chatlio-erkyzdeecsohoaggpwbjdvavzqfv/Build/Intermediates.noindex/LoremSwiftum.build/Debug-iphonesimulator/LoremSwiftum.build/Objects-normal/x86_64/LoremSwiftum-OutputFileMap.json (in target 'LoremSwiftum' from project 'LoremSwiftum')
    cd /Users/aadityasingh/Library/Developer/Xcode/DerivedData/Chatlio-erkyzdeecsohoaggpwbjdvavzqfv/SourcePackages/checkouts/LoremSwiftum
    write-file /Users/aadityasingh/Library/Developer/Xcode/DerivedData/Chatlio-erkyzdeecsohoaggpwbjdvavzqfv/Build/Intermediates.noindex/LoremSwiftum.build/Debug-iphonesimulator/LoremSwiftum.build/Objects-normal/x86_64/LoremSwiftum-OutputFileMap.json

WriteAuxiliaryFile /Users/aadityasingh/Library/Developer/Xcode/DerivedData/Chatlio-erkyzdeecsohoaggpwbjdvavzqfv/Build/Intermediates.noindex/LoremSwiftum.build/Debug-iphonesimulator/LoremSwiftum.build/Objects-normal/arm64/LoremSwiftum_const_extract_protocols.json (in target 'LoremSwiftum' from project 'LoremSwiftum')
    cd /Users/aadityasingh/Library/Developer/Xcode/DerivedData/Chatlio-erkyzdeecsohoaggpwbjdvavzqfv/SourcePackages/checkouts/LoremSwiftum
    write-file /Users/aadityasingh/Library/Developer/Xcode/DerivedData/Chatlio-erkyzdeecsohoaggpwbjdvavzqfv/Build/Intermediates.noindex/LoremSwiftum.build/Debug-iphonesimulator/LoremSwiftum.build/Objects-normal/arm64/LoremSwiftum_const_extract_protocols.json

Copy /Users/aadityasingh/Library/Developer/Xcode/DerivedData/Chatlio-erkyzdeecsohoaggpwbjdvavzqfv/Build/Intermediates.noindex/GeneratedModuleMaps-iphonesimulator/SwiftSoup.modulemap /Users/aadityasingh/Library/Developer/Xcode/DerivedData/Chatlio-erkyzdeecsohoaggpwbjdvavzqfv/Build/Intermediates.noindex/SwiftSoup.build/Debug-iphonesimulator/SwiftSoup.build/SwiftSoup.modulemap (in target 'SwiftSoup' from project 'SwiftSoup')
    cd /Users/aadityasingh/Library/Developer/Xcode/DerivedData/Chatlio-erkyzdeecsohoaggpwbjdvavzqfv/SourcePackages/checkouts/SwiftSoup
    builtin-copy -exclude .DS_Store -exclude CVS -exclude .svn -exclude .git -exclude .hg -resolve-src-symlinks /Users/aadityasingh/Library/Developer/Xcode/DerivedData/Chatlio-erkyzdeecsohoaggpwbjdvavzqfv/Build/Intermediates.noindex/SwiftSoup.build/Debug-iphonesimulator/SwiftSoup.build/SwiftSoup.modulemap /Users/aadityasingh/Library/Developer/Xcode/DerivedData/Chatlio-erkyzdeecsohoaggpwbjdvavzqfv/Build/Intermediates.noindex/GeneratedModuleMaps-iphonesimulator

WriteAuxiliaryFile /Users/aadityasingh/Library/Developer/Xcode/DerivedData/Chatlio-erkyzdeecsohoaggpwbjdvavzqfv/Build/Intermediates.noindex/LoremSwiftum.build/Debug-iphonesimulator/LoremSwiftum.build/Objects-normal/arm64/LoremSwiftum.SwiftFileList (in target 'LoremSwiftum' from project 'LoremSwiftum')
    cd /Users/aadityasingh/Library/Developer/Xcode/DerivedData/Chatlio-erkyzdeecsohoaggpwbjdvavzqfv/SourcePackages/checkouts/LoremSwiftum
    write-file /Users/aadityasingh/Library/Developer/Xcode/DerivedData/Chatlio-erkyzdeecsohoaggpwbjdvavzqfv/Build/Intermediates.noindex/LoremSwiftum.build/Debug-iphonesimulator/LoremSwiftum.build/Objects-normal/arm64/LoremSwiftum.SwiftFileList

WriteAuxiliaryFile /Users/aadityasingh/Library/Developer/Xcode/DerivedData/Chatlio-erkyzdeecsohoaggpwbjdvavzqfv/Build/Intermediates.noindex/LoremSwiftum.build/Debug-iphonesimulator/LoremSwiftum.build/Objects-normal/arm64/LoremSwiftum.SwiftConstValuesFileList (in target 'LoremSwiftum' from project 'LoremSwiftum')
    cd /Users/aadityasingh/Library/Developer/Xcode/DerivedData/Chatlio-erkyzdeecsohoaggpwbjdvavzqfv/SourcePackages/checkouts/LoremSwiftum
    write-file /Users/aadityasingh/Library/Developer/Xcode/DerivedData/Chatlio-erkyzdeecsohoaggpwbjdvavzqfv/Build/Intermediates.noindex/LoremSwiftum.build/Debug-iphonesimulator/LoremSwiftum.build/Objects-normal/arm64/LoremSwiftum.SwiftConstValuesFileList

WriteAuxiliaryFile /Users/aadityasingh/Library/Developer/Xcode/DerivedData/Chatlio-erkyzdeecsohoaggpwbjdvavzqfv/Build/Intermediates.noindex/LoremSwiftum.build/Debug-iphonesimulator/LoremSwiftum.build/Objects-normal/arm64/LoremSwiftum.LinkFileList (in target 'LoremSwiftum' from project 'LoremSwiftum')
    cd /Users/aadityasingh/Library/Developer/Xcode/DerivedData/Chatlio-erkyzdeecsohoaggpwbjdvavzqfv/SourcePackages/checkouts/LoremSwiftum
    write-file /Users/aadityasingh/Library/Developer/Xcode/DerivedData/Chatlio-erkyzdeecsohoaggpwbjdvavzqfv/Build/Intermediates.noindex/LoremSwiftum.build/Debug-iphonesimulator/LoremSwiftum.build/Objects-normal/arm64/LoremSwiftum.LinkFileList

WriteAuxiliaryFile /Users/aadityasingh/Library/Developer/Xcode/DerivedData/Chatlio-erkyzdeecsohoaggpwbjdvavzqfv/Build/Intermediates.noindex/LoremSwiftum.build/Debug-iphonesimulator/LoremSwiftum.build/Objects-normal/arm64/LoremSwiftum-OutputFileMap.json (in target 'LoremSwiftum' from project 'LoremSwiftum')
    cd /Users/aadityasingh/Library/Developer/Xcode/DerivedData/Chatlio-erkyzdeecsohoaggpwbjdvavzqfv/SourcePackages/checkouts/LoremSwiftum
    write-file /Users/aadityasingh/Library/Developer/Xcode/DerivedData/Chatlio-erkyzdeecsohoaggpwbjdvavzqfv/Build/Intermediates.noindex/LoremSwiftum.build/Debug-iphonesimulator/LoremSwiftum.build/Objects-normal/arm64/LoremSwiftum-OutputFileMap.json

WriteAuxiliaryFile /Users/aadityasingh/Library/Developer/Xcode/DerivedData/Chatlio-erkyzdeecsohoaggpwbjdvavzqfv/Build/Intermediates.noindex/LoremSwiftum.build/Debug-iphonesimulator/LoremSwiftum.build/LoremSwiftum.modulemap (in target 'LoremSwiftum' from project 'LoremSwiftum')
    cd /Users/aadityasingh/Library/Developer/Xcode/DerivedData/Chatlio-erkyzdeecsohoaggpwbjdvavzqfv/SourcePackages/checkouts/LoremSwiftum
    write-file /Users/aadityasingh/Library/Developer/Xcode/DerivedData/Chatlio-erkyzdeecsohoaggpwbjdvavzqfv/Build/Intermediates.noindex/LoremSwiftum.build/Debug-iphonesimulator/LoremSwiftum.build/LoremSwiftum.modulemap

WriteAuxiliaryFile /Users/aadityasingh/Library/Developer/Xcode/DerivedData/Chatlio-erkyzdeecsohoaggpwbjdvavzqfv/Build/Intermediates.noindex/LoremSwiftum.build/Debug-iphonesimulator/LoremSwiftum.build/LoremSwiftum.DependencyStaticMetadataFileList (in target 'LoremSwiftum' from project 'LoremSwiftum')
    cd /Users/aadityasingh/Library/Developer/Xcode/DerivedData/Chatlio-erkyzdeecsohoaggpwbjdvavzqfv/SourcePackages/checkouts/LoremSwiftum
    write-file /Users/aadityasingh/Library/Developer/Xcode/DerivedData/Chatlio-erkyzdeecsohoaggpwbjdvavzqfv/Build/Intermediates.noindex/LoremSwiftum.build/Debug-iphonesimulator/LoremSwiftum.build/LoremSwiftum.DependencyStaticMetadataFileList

WriteAuxiliaryFile /Users/aadityasingh/Library/Developer/Xcode/DerivedData/Chatlio-erkyzdeecsohoaggpwbjdvavzqfv/Build/Intermediates.noindex/LoremSwiftum.build/Debug-iphonesimulator/LoremSwiftum.build/LoremSwiftum.DependencyMetadataFileList (in target 'LoremSwiftum' from project 'LoremSwiftum')
    cd /Users/aadityasingh/Library/Developer/Xcode/DerivedData/Chatlio-erkyzdeecsohoaggpwbjdvavzqfv/SourcePackages/checkouts/LoremSwiftum
    write-file /Users/aadityasingh/Library/Developer/Xcode/DerivedData/Chatlio-erkyzdeecsohoaggpwbjdvavzqfv/Build/Intermediates.noindex/LoremSwiftum.build/Debug-iphonesimulator/LoremSwiftum.build/LoremSwiftum.DependencyMetadataFileList

WriteAuxiliaryFile /Users/aadityasingh/Library/Developer/Xcode/DerivedData/Chatlio-erkyzdeecsohoaggpwbjdvavzqfv/Build/Intermediates.noindex/LRUCache.build/Debug-iphonesimulator/LRUCache.build/Objects-normal/x86_64/LRUCache_const_extract_protocols.json (in target 'LRUCache' from project 'LRUCache')
    cd /Users/aadityasingh/Library/Developer/Xcode/DerivedData/Chatlio-erkyzdeecsohoaggpwbjdvavzqfv/SourcePackages/checkouts/LRUCache
    write-file /Users/aadityasingh/Library/Developer/Xcode/DerivedData/Chatlio-erkyzdeecsohoaggpwbjdvavzqfv/Build/Intermediates.noindex/LRUCache.build/Debug-iphonesimulator/LRUCache.build/Objects-normal/x86_64/LRUCache_const_extract_protocols.json

WriteAuxiliaryFile /Users/aadityasingh/Library/Developer/Xcode/DerivedData/Chatlio-erkyzdeecsohoaggpwbjdvavzqfv/Build/Intermediates.noindex/LRUCache.build/Debug-iphonesimulator/LRUCache.build/Objects-normal/x86_64/LRUCache.SwiftFileList (in target 'LRUCache' from project 'LRUCache')
    cd /Users/aadityasingh/Library/Developer/Xcode/DerivedData/Chatlio-erkyzdeecsohoaggpwbjdvavzqfv/SourcePackages/checkouts/LRUCache
    write-file /Users/aadityasingh/Library/Developer/Xcode/DerivedData/Chatlio-erkyzdeecsohoaggpwbjdvavzqfv/Build/Intermediates.noindex/LRUCache.build/Debug-iphonesimulator/LRUCache.build/Objects-normal/x86_64/LRUCache.SwiftFileList

WriteAuxiliaryFile /Users/aadityasingh/Library/Developer/Xcode/DerivedData/Chatlio-erkyzdeecsohoaggpwbjdvavzqfv/Build/Intermediates.noindex/LRUCache.build/Debug-iphonesimulator/LRUCache.build/Objects-normal/x86_64/LRUCache.SwiftConstValuesFileList (in target 'LRUCache' from project 'LRUCache')
    cd /Users/aadityasingh/Library/Developer/Xcode/DerivedData/Chatlio-erkyzdeecsohoaggpwbjdvavzqfv/SourcePackages/checkouts/LRUCache
    write-file /Users/aadityasingh/Library/Developer/Xcode/DerivedData/Chatlio-erkyzdeecsohoaggpwbjdvavzqfv/Build/Intermediates.noindex/LRUCache.build/Debug-iphonesimulator/LRUCache.build/Objects-normal/x86_64/LRUCache.SwiftConstValuesFileList

WriteAuxiliaryFile /Users/aadityasingh/Library/Developer/Xcode/DerivedData/Chatlio-erkyzdeecsohoaggpwbjdvavzqfv/Build/Intermediates.noindex/LRUCache.build/Debug-iphonesimulator/LRUCache.build/Objects-normal/x86_64/LRUCache.LinkFileList (in target 'LRUCache' from project 'LRUCache')
    cd /Users/aadityasingh/Library/Developer/Xcode/DerivedData/Chatlio-erkyzdeecsohoaggpwbjdvavzqfv/SourcePackages/checkouts/LRUCache
    write-file /Users/aadityasingh/Library/Developer/Xcode/DerivedData/Chatlio-erkyzdeecsohoaggpwbjdvavzqfv/Build/Intermediates.noindex/LRUCache.build/Debug-iphonesimulator/LRUCache.build/Objects-normal/x86_64/LRUCache.LinkFileList

WriteAuxiliaryFile /Users/aadityasingh/Library/Developer/Xcode/DerivedData/Chatlio-erkyzdeecsohoaggpwbjdvavzqfv/Build/Intermediates.noindex/LRUCache.build/Debug-iphonesimulator/LRUCache.build/Objects-normal/x86_64/LRUCache-OutputFileMap.json (in target 'LRUCache' from project 'LRUCache')
    cd /Users/aadityasingh/Library/Developer/Xcode/DerivedData/Chatlio-erkyzdeecsohoaggpwbjdvavzqfv/SourcePackages/checkouts/LRUCache
    write-file /Users/aadityasingh/Library/Developer/Xcode/DerivedData/Chatlio-erkyzdeecsohoaggpwbjdvavzqfv/Build/Intermediates.noindex/LRUCache.build/Debug-iphonesimulator/LRUCache.build/Objects-normal/x86_64/LRUCache-OutputFileMap.json

WriteAuxiliaryFile /Users/aadityasingh/Library/Developer/Xcode/DerivedData/Chatlio-erkyzdeecsohoaggpwbjdvavzqfv/Build/Intermediates.noindex/LRUCache.build/Debug-iphonesimulator/LRUCache.build/Objects-normal/arm64/LRUCache_const_extract_protocols.json (in target 'LRUCache' from project 'LRUCache')
    cd /Users/aadityasingh/Library/Developer/Xcode/DerivedData/Chatlio-erkyzdeecsohoaggpwbjdvavzqfv/SourcePackages/checkouts/LRUCache
    write-file /Users/aadityasingh/Library/Developer/Xcode/DerivedData/Chatlio-erkyzdeecsohoaggpwbjdvavzqfv/Build/Intermediates.noindex/LRUCache.build/Debug-iphonesimulator/LRUCache.build/Objects-normal/arm64/LRUCache_const_extract_protocols.json

Copy /Users/aadityasingh/Library/Developer/Xcode/DerivedData/Chatlio-erkyzdeecsohoaggpwbjdvavzqfv/Build/Intermediates.noindex/GeneratedModuleMaps-iphonesimulator/SentryInternal.modulemap /Users/aadityasingh/Library/Developer/Xcode/DerivedData/Chatlio-erkyzdeecsohoaggpwbjdvavzqfv/Build/Intermediates.noindex/Sentry.build/Debug-iphonesimulator/SentryInternal.build/SentryInternal.modulemap (in target 'SentryInternal' from project 'Sentry')
    cd /Users/aadityasingh/Library/Developer/Xcode/DerivedData/Chatlio-erkyzdeecsohoaggpwbjdvavzqfv/SourcePackages/checkouts/sentry-cocoa
    builtin-copy -exclude .DS_Store -exclude CVS -exclude .svn -exclude .git -exclude .hg -resolve-src-symlinks /Users/aadityasingh/Library/Developer/Xcode/DerivedData/Chatlio-erkyzdeecsohoaggpwbjdvavzqfv/Build/Intermediates.noindex/Sentry.build/Debug-iphonesimulator/SentryInternal.build/SentryInternal.modulemap /Users/aadityasingh/Library/Developer/Xcode/DerivedData/Chatlio-erkyzdeecsohoaggpwbjdvavzqfv/Build/Intermediates.noindex/GeneratedModuleMaps-iphonesimulator

Copy /Users/aadityasingh/Library/Developer/Xcode/DerivedData/Chatlio-erkyzdeecsohoaggpwbjdvavzqfv/Build/Intermediates.noindex/GeneratedModuleMaps-iphonesimulator/SentryCppHelper.modulemap /Users/aadityasingh/Library/Developer/Xcode/DerivedData/Chatlio-erkyzdeecsohoaggpwbjdvavzqfv/Build/Intermediates.noindex/Sentry.build/Debug-iphonesimulator/SentryCppHelper.build/SentryCppHelper.modulemap (in target 'SentryCppHelper' from project 'Sentry')
    cd /Users/aadityasingh/Library/Developer/Xcode/DerivedData/Chatlio-erkyzdeecsohoaggpwbjdvavzqfv/SourcePackages/checkouts/sentry-cocoa
    builtin-copy -exclude .DS_Store -exclude CVS -exclude .svn -exclude .git -exclude .hg -resolve-src-symlinks /Users/aadityasingh/Library/Developer/Xcode/DerivedData/Chatlio-erkyzdeecsohoaggpwbjdvavzqfv/Build/Intermediates.noindex/Sentry.build/Debug-iphonesimulator/SentryCppHelper.build/SentryCppHelper.modulemap /Users/aadityasingh/Library/Developer/Xcode/DerivedData/Chatlio-erkyzdeecsohoaggpwbjdvavzqfv/Build/Intermediates.noindex/GeneratedModuleMaps-iphonesimulator

Copy /Users/aadityasingh/Library/Developer/Xcode/DerivedData/Chatlio-erkyzdeecsohoaggpwbjdvavzqfv/Build/Intermediates.noindex/GeneratedModuleMaps-iphonesimulator/SFSafeSymbols.modulemap /Users/aadityasingh/Library/Developer/Xcode/DerivedData/Chatlio-erkyzdeecsohoaggpwbjdvavzqfv/Build/Intermediates.noindex/SFSafeSymbols.build/Debug-iphonesimulator/SFSafeSymbols.build/SFSafeSymbols.modulemap (in target 'SFSafeSymbols' from project 'SFSafeSymbols')
    cd /Users/aadityasingh/Library/Developer/Xcode/DerivedData/Chatlio-erkyzdeecsohoaggpwbjdvavzqfv/SourcePackages/checkouts/SFSafeSymbols
    builtin-copy -exclude .DS_Store -exclude CVS -exclude .svn -exclude .git -exclude .hg -resolve-src-symlinks /Users/aadityasingh/Library/Developer/Xcode/DerivedData/Chatlio-erkyzdeecsohoaggpwbjdvavzqfv/Build/Intermediates.noindex/SFSafeSymbols.build/Debug-iphonesimulator/SFSafeSymbols.build/SFSafeSymbols.modulemap /Users/aadityasingh/Library/Developer/Xcode/DerivedData/Chatlio-erkyzdeecsohoaggpwbjdvavzqfv/Build/Intermediates.noindex/GeneratedModuleMaps-iphonesimulator

Copy /Users/aadityasingh/Library/Developer/Xcode/DerivedData/Chatlio-erkyzdeecsohoaggpwbjdvavzqfv/Build/Intermediates.noindex/GeneratedModuleMaps-iphonesimulator/RealModule.modulemap /Users/aadityasingh/Library/Developer/Xcode/DerivedData/Chatlio-erkyzdeecsohoaggpwbjdvavzqfv/Build/Intermediates.noindex/swift-numerics.build/Debug-iphonesimulator/RealModule.build/RealModule.modulemap (in target 'RealModule' from project 'swift-numerics')
    cd /Users/aadityasingh/Library/Developer/Xcode/DerivedData/Chatlio-erkyzdeecsohoaggpwbjdvavzqfv/SourcePackages/checkouts/swift-numerics
    builtin-copy -exclude .DS_Store -exclude CVS -exclude .svn -exclude .git -exclude .hg -resolve-src-symlinks /Users/aadityasingh/Library/Developer/Xcode/DerivedData/Chatlio-erkyzdeecsohoaggpwbjdvavzqfv/Build/Intermediates.noindex/swift-numerics.build/Debug-iphonesimulator/RealModule.build/RealModule.modulemap /Users/aadityasingh/Library/Developer/Xcode/DerivedData/Chatlio-erkyzdeecsohoaggpwbjdvavzqfv/Build/Intermediates.noindex/GeneratedModuleMaps-iphonesimulator

WriteAuxiliaryFile /Users/aadityasingh/Library/Developer/Xcode/DerivedData/Chatlio-erkyzdeecsohoaggpwbjdvavzqfv/Build/Intermediates.noindex/LRUCache.build/Debug-iphonesimulator/LRUCache.build/Objects-normal/arm64/LRUCache.SwiftFileList (in target 'LRUCache' from project 'LRUCache')
    cd /Users/aadityasingh/Library/Developer/Xcode/DerivedData/Chatlio-erkyzdeecsohoaggpwbjdvavzqfv/SourcePackages/checkouts/LRUCache
    write-file /Users/aadityasingh/Library/Developer/Xcode/DerivedData/Chatlio-erkyzdeecsohoaggpwbjdvavzqfv/Build/Intermediates.noindex/LRUCache.build/Debug-iphonesimulator/LRUCache.build/Objects-normal/arm64/LRUCache.SwiftFileList

WriteAuxiliaryFile /Users/aadityasingh/Library/Developer/Xcode/DerivedData/Chatlio-erkyzdeecsohoaggpwbjdvavzqfv/Build/Intermediates.noindex/LRUCache.build/Debug-iphonesimulator/LRUCache.build/Objects-normal/arm64/LRUCache.SwiftConstValuesFileList (in target 'LRUCache' from project 'LRUCache')
    cd /Users/aadityasingh/Library/Developer/Xcode/DerivedData/Chatlio-erkyzdeecsohoaggpwbjdvavzqfv/SourcePackages/checkouts/LRUCache
    write-file /Users/aadityasingh/Library/Developer/Xcode/DerivedData/Chatlio-erkyzdeecsohoaggpwbjdvavzqfv/Build/Intermediates.noindex/LRUCache.build/Debug-iphonesimulator/LRUCache.build/Objects-normal/arm64/LRUCache.SwiftConstValuesFileList

Copy /Users/aadityasingh/Library/Developer/Xcode/DerivedData/Chatlio-erkyzdeecsohoaggpwbjdvavzqfv/Build/Intermediates.noindex/GeneratedModuleMaps-iphonesimulator/PostHog.modulemap /Users/aadityasingh/Library/Developer/Xcode/DerivedData/Chatlio-erkyzdeecsohoaggpwbjdvavzqfv/Build/Intermediates.noindex/PostHog.build/Debug-iphonesimulator/PostHog.build/PostHog.modulemap (in target 'PostHog' from project 'PostHog')
    cd /Users/aadityasingh/Library/Developer/Xcode/DerivedData/Chatlio-erkyzdeecsohoaggpwbjdvavzqfv/SourcePackages/checkouts/posthog-ios
    builtin-copy -exclude .DS_Store -exclude CVS -exclude .svn -exclude .git -exclude .hg -resolve-src-symlinks /Users/aadityasingh/Library/Developer/Xcode/DerivedData/Chatlio-erkyzdeecsohoaggpwbjdvavzqfv/Build/Intermediates.noindex/PostHog.build/Debug-iphonesimulator/PostHog.build/PostHog.modulemap /Users/aadityasingh/Library/Developer/Xcode/DerivedData/Chatlio-erkyzdeecsohoaggpwbjdvavzqfv/Build/Intermediates.noindex/GeneratedModuleMaps-iphonesimulator

Copy /Users/aadityasingh/Library/Developer/Xcode/DerivedData/Chatlio-erkyzdeecsohoaggpwbjdvavzqfv/Build/Intermediates.noindex/GeneratedModuleMaps-iphonesimulator/OrderedCollections.modulemap /Users/aadityasingh/Library/Developer/Xcode/DerivedData/Chatlio-erkyzdeecsohoaggpwbjdvavzqfv/Build/Intermediates.noindex/swift-collections.build/Debug-iphonesimulator/OrderedCollections.build/OrderedCollections.modulemap (in target 'OrderedCollections' from project 'swift-collections')
    cd /Users/aadityasingh/Library/Developer/Xcode/DerivedData/Chatlio-erkyzdeecsohoaggpwbjdvavzqfv/SourcePackages/checkouts/swift-collections
    builtin-copy -exclude .DS_Store -exclude CVS -exclude .svn -exclude .git -exclude .hg -resolve-src-symlinks /Users/aadityasingh/Library/Developer/Xcode/DerivedData/Chatlio-erkyzdeecsohoaggpwbjdvavzqfv/Build/Intermediates.noindex/swift-collections.build/Debug-iphonesimulator/OrderedCollections.build/OrderedCollections.modulemap /Users/aadityasingh/Library/Developer/Xcode/DerivedData/Chatlio-erkyzdeecsohoaggpwbjdvavzqfv/Build/Intermediates.noindex/GeneratedModuleMaps-iphonesimulator

WriteAuxiliaryFile /Users/aadityasingh/Library/Developer/Xcode/DerivedData/Chatlio-erkyzdeecsohoaggpwbjdvavzqfv/Build/Intermediates.noindex/LRUCache.build/Debug-iphonesimulator/LRUCache.build/Objects-normal/arm64/LRUCache.LinkFileList (in target 'LRUCache' from project 'LRUCache')
    cd /Users/aadityasingh/Library/Developer/Xcode/DerivedData/Chatlio-erkyzdeecsohoaggpwbjdvavzqfv/SourcePackages/checkouts/LRUCache
    write-file /Users/aadityasingh/Library/Developer/Xcode/DerivedData/Chatlio-erkyzdeecsohoaggpwbjdvavzqfv/Build/Intermediates.noindex/LRUCache.build/Debug-iphonesimulator/LRUCache.build/Objects-normal/arm64/LRUCache.LinkFileList

WriteAuxiliaryFile /Users/aadityasingh/Library/Developer/Xcode/DerivedData/Chatlio-erkyzdeecsohoaggpwbjdvavzqfv/Build/Intermediates.noindex/LRUCache.build/Debug-iphonesimulator/LRUCache.build/Objects-normal/arm64/LRUCache-OutputFileMap.json (in target 'LRUCache' from project 'LRUCache')
    cd /Users/aadityasingh/Library/Developer/Xcode/DerivedData/Chatlio-erkyzdeecsohoaggpwbjdvavzqfv/SourcePackages/checkouts/LRUCache
    write-file /Users/aadityasingh/Library/Developer/Xcode/DerivedData/Chatlio-erkyzdeecsohoaggpwbjdvavzqfv/Build/Intermediates.noindex/LRUCache.build/Debug-iphonesimulator/LRUCache.build/Objects-normal/arm64/LRUCache-OutputFileMap.json

WriteAuxiliaryFile /Users/aadityasingh/Library/Developer/Xcode/DerivedData/Chatlio-erkyzdeecsohoaggpwbjdvavzqfv/Build/Intermediates.noindex/LRUCache.build/Debug-iphonesimulator/LRUCache.build/LRUCache.modulemap (in target 'LRUCache' from project 'LRUCache')
    cd /Users/aadityasingh/Library/Developer/Xcode/DerivedData/Chatlio-erkyzdeecsohoaggpwbjdvavzqfv/SourcePackages/checkouts/LRUCache
    write-file /Users/aadityasingh/Library/Developer/Xcode/DerivedData/Chatlio-erkyzdeecsohoaggpwbjdvavzqfv/Build/Intermediates.noindex/LRUCache.build/Debug-iphonesimulator/LRUCache.build/LRUCache.modulemap

WriteAuxiliaryFile /Users/aadityasingh/Library/Developer/Xcode/DerivedData/Chatlio-erkyzdeecsohoaggpwbjdvavzqfv/Build/Intermediates.noindex/LRUCache.build/Debug-iphonesimulator/LRUCache.build/LRUCache.DependencyStaticMetadataFileList (in target 'LRUCache' from project 'LRUCache')
    cd /Users/aadityasingh/Library/Developer/Xcode/DerivedData/Chatlio-erkyzdeecsohoaggpwbjdvavzqfv/SourcePackages/checkouts/LRUCache
    write-file /Users/aadityasingh/Library/Developer/Xcode/DerivedData/Chatlio-erkyzdeecsohoaggpwbjdvavzqfv/Build/Intermediates.noindex/LRUCache.build/Debug-iphonesimulator/LRUCache.build/LRUCache.DependencyStaticMetadataFileList

WriteAuxiliaryFile /Users/aadityasingh/Library/Developer/Xcode/DerivedData/Chatlio-erkyzdeecsohoaggpwbjdvavzqfv/Build/Intermediates.noindex/LRUCache.build/Debug-iphonesimulator/LRUCache.build/LRUCache.DependencyMetadataFileList (in target 'LRUCache' from project 'LRUCache')
    cd /Users/aadityasingh/Library/Developer/Xcode/DerivedData/Chatlio-erkyzdeecsohoaggpwbjdvavzqfv/SourcePackages/checkouts/LRUCache
    write-file /Users/aadityasingh/Library/Developer/Xcode/DerivedData/Chatlio-erkyzdeecsohoaggpwbjdvavzqfv/Build/Intermediates.noindex/LRUCache.build/Debug-iphonesimulator/LRUCache.build/LRUCache.DependencyMetadataFileList

WriteAuxiliaryFile /Users/aadityasingh/Library/Developer/Xcode/DerivedData/Chatlio-erkyzdeecsohoaggpwbjdvavzqfv/Build/Intermediates.noindex/Kingfisher.build/Debug-iphonesimulator/Kingfisher.build/Objects-normal/x86_64/Kingfisher.SwiftConstValuesFileList (in target 'Kingfisher' from project 'Kingfisher')
    cd /Users/aadityasingh/Library/Developer/Xcode/DerivedData/Chatlio-erkyzdeecsohoaggpwbjdvavzqfv/SourcePackages/checkouts/Kingfisher
    write-file /Users/aadityasingh/Library/Developer/Xcode/DerivedData/Chatlio-erkyzdeecsohoaggpwbjdvavzqfv/Build/Intermediates.noindex/Kingfisher.build/Debug-iphonesimulator/Kingfisher.build/Objects-normal/x86_64/Kingfisher.SwiftConstValuesFileList

WriteAuxiliaryFile /Users/aadityasingh/Library/Developer/Xcode/DerivedData/Chatlio-erkyzdeecsohoaggpwbjdvavzqfv/Build/Intermediates.noindex/Kingfisher.build/Debug-iphonesimulator/Kingfisher.build/Objects-normal/x86_64/Kingfisher-OutputFileMap.json (in target 'Kingfisher' from project 'Kingfisher')
    cd /Users/aadityasingh/Library/Developer/Xcode/DerivedData/Chatlio-erkyzdeecsohoaggpwbjdvavzqfv/SourcePackages/checkouts/Kingfisher
    write-file /Users/aadityasingh/Library/Developer/Xcode/DerivedData/Chatlio-erkyzdeecsohoaggpwbjdvavzqfv/Build/Intermediates.noindex/Kingfisher.build/Debug-iphonesimulator/Kingfisher.build/Objects-normal/x86_64/Kingfisher-OutputFileMap.json

WriteAuxiliaryFile /Users/aadityasingh/Library/Developer/Xcode/DerivedData/Chatlio-erkyzdeecsohoaggpwbjdvavzqfv/Build/Intermediates.noindex/Kingfisher.build/Debug-iphonesimulator/Kingfisher.build/Objects-normal/x86_64/Kingfisher_const_extract_protocols.json (in target 'Kingfisher' from project 'Kingfisher')
    cd /Users/aadityasingh/Library/Developer/Xcode/DerivedData/Chatlio-erkyzdeecsohoaggpwbjdvavzqfv/SourcePackages/checkouts/Kingfisher
    write-file /Users/aadityasingh/Library/Developer/Xcode/DerivedData/Chatlio-erkyzdeecsohoaggpwbjdvavzqfv/Build/Intermediates.noindex/Kingfisher.build/Debug-iphonesimulator/Kingfisher.build/Objects-normal/x86_64/Kingfisher_const_extract_protocols.json

WriteAuxiliaryFile /Users/aadityasingh/Library/Developer/Xcode/DerivedData/Chatlio-erkyzdeecsohoaggpwbjdvavzqfv/Build/Intermediates.noindex/Kingfisher.build/Debug-iphonesimulator/Kingfisher.build/Objects-normal/x86_64/Kingfisher.LinkFileList (in target 'Kingfisher' from project 'Kingfisher')
    cd /Users/aadityasingh/Library/Developer/Xcode/DerivedData/Chatlio-erkyzdeecsohoaggpwbjdvavzqfv/SourcePackages/checkouts/Kingfisher
    write-file /Users/aadityasingh/Library/Developer/Xcode/DerivedData/Chatlio-erkyzdeecsohoaggpwbjdvavzqfv/Build/Intermediates.noindex/Kingfisher.build/Debug-iphonesimulator/Kingfisher.build/Objects-normal/x86_64/Kingfisher.LinkFileList

WriteAuxiliaryFile /Users/aadityasingh/Library/Developer/Xcode/DerivedData/Chatlio-erkyzdeecsohoaggpwbjdvavzqfv/Build/Intermediates.noindex/Kingfisher.build/Debug-iphonesimulator/Kingfisher.build/Objects-normal/x86_64/Kingfisher.SwiftFileList (in target 'Kingfisher' from project 'Kingfisher')
    cd /Users/aadityasingh/Library/Developer/Xcode/DerivedData/Chatlio-erkyzdeecsohoaggpwbjdvavzqfv/SourcePackages/checkouts/Kingfisher
    write-file /Users/aadityasingh/Library/Developer/Xcode/DerivedData/Chatlio-erkyzdeecsohoaggpwbjdvavzqfv/Build/Intermediates.noindex/Kingfisher.build/Debug-iphonesimulator/Kingfisher.build/Objects-normal/x86_64/Kingfisher.SwiftFileList

WriteAuxiliaryFile /Users/aadityasingh/Library/Developer/Xcode/DerivedData/Chatlio-erkyzdeecsohoaggpwbjdvavzqfv/Build/Intermediates.noindex/Kingfisher.build/Debug-iphonesimulator/Kingfisher.build/Objects-normal/arm64/Kingfisher_const_extract_protocols.json (in target 'Kingfisher' from project 'Kingfisher')
    cd /Users/aadityasingh/Library/Developer/Xcode/DerivedData/Chatlio-erkyzdeecsohoaggpwbjdvavzqfv/SourcePackages/checkouts/Kingfisher
    write-file /Users/aadityasingh/Library/Developer/Xcode/DerivedData/Chatlio-erkyzdeecsohoaggpwbjdvavzqfv/Build/Intermediates.noindex/Kingfisher.build/Debug-iphonesimulator/Kingfisher.build/Objects-normal/arm64/Kingfisher_const_extract_protocols.json

WriteAuxiliaryFile /Users/aadityasingh/Library/Developer/Xcode/DerivedData/Chatlio-erkyzdeecsohoaggpwbjdvavzqfv/Build/Intermediates.noindex/Kingfisher.build/Debug-iphonesimulator/Kingfisher.build/Objects-normal/arm64/Kingfisher.SwiftFileList (in target 'Kingfisher' from project 'Kingfisher')
    cd /Users/aadityasingh/Library/Developer/Xcode/DerivedData/Chatlio-erkyzdeecsohoaggpwbjdvavzqfv/SourcePackages/checkouts/Kingfisher
    write-file /Users/aadityasingh/Library/Developer/Xcode/DerivedData/Chatlio-erkyzdeecsohoaggpwbjdvavzqfv/Build/Intermediates.noindex/Kingfisher.build/Debug-iphonesimulator/Kingfisher.build/Objects-normal/arm64/Kingfisher.SwiftFileList

WriteAuxiliaryFile /Users/aadityasingh/Library/Developer/Xcode/DerivedData/Chatlio-erkyzdeecsohoaggpwbjdvavzqfv/Build/Intermediates.noindex/Kingfisher.build/Debug-iphonesimulator/Kingfisher.build/Objects-normal/arm64/Kingfisher.SwiftConstValuesFileList (in target 'Kingfisher' from project 'Kingfisher')
    cd /Users/aadityasingh/Library/Developer/Xcode/DerivedData/Chatlio-erkyzdeecsohoaggpwbjdvavzqfv/SourcePackages/checkouts/Kingfisher
    write-file /Users/aadityasingh/Library/Developer/Xcode/DerivedData/Chatlio-erkyzdeecsohoaggpwbjdvavzqfv/Build/Intermediates.noindex/Kingfisher.build/Debug-iphonesimulator/Kingfisher.build/Objects-normal/arm64/Kingfisher.SwiftConstValuesFileList

WriteAuxiliaryFile /Users/aadityasingh/Library/Developer/Xcode/DerivedData/Chatlio-erkyzdeecsohoaggpwbjdvavzqfv/Build/Intermediates.noindex/Kingfisher.build/Debug-iphonesimulator/Kingfisher.build/Objects-normal/arm64/Kingfisher.LinkFileList (in target 'Kingfisher' from project 'Kingfisher')
    cd /Users/aadityasingh/Library/Developer/Xcode/DerivedData/Chatlio-erkyzdeecsohoaggpwbjdvavzqfv/SourcePackages/checkouts/Kingfisher
    write-file /Users/aadityasingh/Library/Developer/Xcode/DerivedData/Chatlio-erkyzdeecsohoaggpwbjdvavzqfv/Build/Intermediates.noindex/Kingfisher.build/Debug-iphonesimulator/Kingfisher.build/Objects-normal/arm64/Kingfisher.LinkFileList

WriteAuxiliaryFile /Users/aadityasingh/Library/Developer/Xcode/DerivedData/Chatlio-erkyzdeecsohoaggpwbjdvavzqfv/Build/Intermediates.noindex/Kingfisher.build/Debug-iphonesimulator/Kingfisher.build/Objects-normal/arm64/Kingfisher-OutputFileMap.json (in target 'Kingfisher' from project 'Kingfisher')
    cd /Users/aadityasingh/Library/Developer/Xcode/DerivedData/Chatlio-erkyzdeecsohoaggpwbjdvavzqfv/SourcePackages/checkouts/Kingfisher
    write-file /Users/aadityasingh/Library/Developer/Xcode/DerivedData/Chatlio-erkyzdeecsohoaggpwbjdvavzqfv/Build/Intermediates.noindex/Kingfisher.build/Debug-iphonesimulator/Kingfisher.build/Objects-normal/arm64/Kingfisher-OutputFileMap.json

WriteAuxiliaryFile /Users/aadityasingh/Library/Developer/Xcode/DerivedData/Chatlio-erkyzdeecsohoaggpwbjdvavzqfv/Build/Intermediates.noindex/Kingfisher.build/Debug-iphonesimulator/Kingfisher.build/Kingfisher.modulemap (in target 'Kingfisher' from project 'Kingfisher')
    cd /Users/aadityasingh/Library/Developer/Xcode/DerivedData/Chatlio-erkyzdeecsohoaggpwbjdvavzqfv/SourcePackages/checkouts/Kingfisher
    write-file /Users/aadityasingh/Library/Developer/Xcode/DerivedData/Chatlio-erkyzdeecsohoaggpwbjdvavzqfv/Build/Intermediates.noindex/Kingfisher.build/Debug-iphonesimulator/Kingfisher.build/Kingfisher.modulemap

WriteAuxiliaryFile /Users/aadityasingh/Library/Developer/Xcode/DerivedData/Chatlio-erkyzdeecsohoaggpwbjdvavzqfv/Build/Intermediates.noindex/Kingfisher.build/Debug-iphonesimulator/Kingfisher.build/Kingfisher.DependencyStaticMetadataFileList (in target 'Kingfisher' from project 'Kingfisher')
    cd /Users/aadityasingh/Library/Developer/Xcode/DerivedData/Chatlio-erkyzdeecsohoaggpwbjdvavzqfv/SourcePackages/checkouts/Kingfisher
    write-file /Users/aadityasingh/Library/Developer/Xcode/DerivedData/Chatlio-erkyzdeecsohoaggpwbjdvavzqfv/Build/Intermediates.noindex/Kingfisher.build/Debug-iphonesimulator/Kingfisher.build/Kingfisher.DependencyStaticMetadataFileList

WriteAuxiliaryFile /Users/aadityasingh/Library/Developer/Xcode/DerivedData/Chatlio-erkyzdeecsohoaggpwbjdvavzqfv/Build/Intermediates.noindex/Kingfisher.build/Debug-iphonesimulator/Kingfisher.build/Kingfisher.DependencyMetadataFileList (in target 'Kingfisher' from project 'Kingfisher')
    cd /Users/aadityasingh/Library/Developer/Xcode/DerivedData/Chatlio-erkyzdeecsohoaggpwbjdvavzqfv/SourcePackages/checkouts/Kingfisher
    write-file /Users/aadityasingh/Library/Developer/Xcode/DerivedData/Chatlio-erkyzdeecsohoaggpwbjdvavzqfv/Build/Intermediates.noindex/Kingfisher.build/Debug-iphonesimulator/Kingfisher.build/Kingfisher.DependencyMetadataFileList

WriteAuxiliaryFile /Users/aadityasingh/Library/Developer/Xcode/DerivedData/Chatlio-erkyzdeecsohoaggpwbjdvavzqfv/Build/Intermediates.noindex/Kingfisher.build/Debug-iphonesimulator/Kingfisher.build/DerivedSources/resource_bundle_accessor.swift (in target 'Kingfisher' from project 'Kingfisher')
    cd /Users/aadityasingh/Library/Developer/Xcode/DerivedData/Chatlio-erkyzdeecsohoaggpwbjdvavzqfv/SourcePackages/checkouts/Kingfisher
    write-file /Users/aadityasingh/Library/Developer/Xcode/DerivedData/Chatlio-erkyzdeecsohoaggpwbjdvavzqfv/Build/Intermediates.noindex/Kingfisher.build/Debug-iphonesimulator/Kingfisher.build/DerivedSources/resource_bundle_accessor.swift

WriteAuxiliaryFile /Users/aadityasingh/Library/Developer/Xcode/DerivedData/Chatlio-erkyzdeecsohoaggpwbjdvavzqfv/Build/Intermediates.noindex/KeychainAccess.build/Debug-iphonesimulator/KeychainAccess.build/Objects-normal/x86_64/KeychainAccess_const_extract_protocols.json (in target 'KeychainAccess' from project 'KeychainAccess')
    cd /Users/aadityasingh/Library/Developer/Xcode/DerivedData/Chatlio-erkyzdeecsohoaggpwbjdvavzqfv/SourcePackages/checkouts/KeychainAccess
    write-file /Users/aadityasingh/Library/Developer/Xcode/DerivedData/Chatlio-erkyzdeecsohoaggpwbjdvavzqfv/Build/Intermediates.noindex/KeychainAccess.build/Debug-iphonesimulator/KeychainAccess.build/Objects-normal/x86_64/KeychainAccess_const_extract_protocols.json

WriteAuxiliaryFile /Users/aadityasingh/Library/Developer/Xcode/DerivedData/Chatlio-erkyzdeecsohoaggpwbjdvavzqfv/Build/Intermediates.noindex/KeychainAccess.build/Debug-iphonesimulator/KeychainAccess.build/Objects-normal/arm64/KeychainAccess.SwiftFileList (in target 'KeychainAccess' from project 'KeychainAccess')
    cd /Users/aadityasingh/Library/Developer/Xcode/DerivedData/Chatlio-erkyzdeecsohoaggpwbjdvavzqfv/SourcePackages/checkouts/KeychainAccess
    write-file /Users/aadityasingh/Library/Developer/Xcode/DerivedData/Chatlio-erkyzdeecsohoaggpwbjdvavzqfv/Build/Intermediates.noindex/KeychainAccess.build/Debug-iphonesimulator/KeychainAccess.build/Objects-normal/arm64/KeychainAccess.SwiftFileList

WriteAuxiliaryFile /Users/aadityasingh/Library/Developer/Xcode/DerivedData/Chatlio-erkyzdeecsohoaggpwbjdvavzqfv/Build/Intermediates.noindex/KeychainAccess.build/Debug-iphonesimulator/KeychainAccess.build/Objects-normal/arm64/KeychainAccess_const_extract_protocols.json (in target 'KeychainAccess' from project 'KeychainAccess')
    cd /Users/aadityasingh/Library/Developer/Xcode/DerivedData/Chatlio-erkyzdeecsohoaggpwbjdvavzqfv/SourcePackages/checkouts/KeychainAccess
    write-file /Users/aadityasingh/Library/Developer/Xcode/DerivedData/Chatlio-erkyzdeecsohoaggpwbjdvavzqfv/Build/Intermediates.noindex/KeychainAccess.build/Debug-iphonesimulator/KeychainAccess.build/Objects-normal/arm64/KeychainAccess_const_extract_protocols.json

WriteAuxiliaryFile /Users/aadityasingh/Library/Developer/Xcode/DerivedData/Chatlio-erkyzdeecsohoaggpwbjdvavzqfv/Build/Intermediates.noindex/KeychainAccess.build/Debug-iphonesimulator/KeychainAccess.build/Objects-normal/x86_64/KeychainAccess.SwiftConstValuesFileList (in target 'KeychainAccess' from project 'KeychainAccess')
    cd /Users/aadityasingh/Library/Developer/Xcode/DerivedData/Chatlio-erkyzdeecsohoaggpwbjdvavzqfv/SourcePackages/checkouts/KeychainAccess
    write-file /Users/aadityasingh/Library/Developer/Xcode/DerivedData/Chatlio-erkyzdeecsohoaggpwbjdvavzqfv/Build/Intermediates.noindex/KeychainAccess.build/Debug-iphonesimulator/KeychainAccess.build/Objects-normal/x86_64/KeychainAccess.SwiftConstValuesFileList

WriteAuxiliaryFile /Users/aadityasingh/Library/Developer/Xcode/DerivedData/Chatlio-erkyzdeecsohoaggpwbjdvavzqfv/Build/Intermediates.noindex/KeychainAccess.build/Debug-iphonesimulator/KeychainAccess.build/Objects-normal/x86_64/KeychainAccess.SwiftFileList (in target 'KeychainAccess' from project 'KeychainAccess')
    cd /Users/aadityasingh/Library/Developer/Xcode/DerivedData/Chatlio-erkyzdeecsohoaggpwbjdvavzqfv/SourcePackages/checkouts/KeychainAccess
    write-file /Users/aadityasingh/Library/Developer/Xcode/DerivedData/Chatlio-erkyzdeecsohoaggpwbjdvavzqfv/Build/Intermediates.noindex/KeychainAccess.build/Debug-iphonesimulator/KeychainAccess.build/Objects-normal/x86_64/KeychainAccess.SwiftFileList

WriteAuxiliaryFile /Users/aadityasingh/Library/Developer/Xcode/DerivedData/Chatlio-erkyzdeecsohoaggpwbjdvavzqfv/Build/Intermediates.noindex/KeychainAccess.build/Debug-iphonesimulator/KeychainAccess.build/Objects-normal/x86_64/KeychainAccess-OutputFileMap.json (in target 'KeychainAccess' from project 'KeychainAccess')
    cd /Users/aadityasingh/Library/Developer/Xcode/DerivedData/Chatlio-erkyzdeecsohoaggpwbjdvavzqfv/SourcePackages/checkouts/KeychainAccess
    write-file /Users/aadityasingh/Library/Developer/Xcode/DerivedData/Chatlio-erkyzdeecsohoaggpwbjdvavzqfv/Build/Intermediates.noindex/KeychainAccess.build/Debug-iphonesimulator/KeychainAccess.build/Objects-normal/x86_64/KeychainAccess-OutputFileMap.json

WriteAuxiliaryFile /Users/aadityasingh/Library/Developer/Xcode/DerivedData/Chatlio-erkyzdeecsohoaggpwbjdvavzqfv/Build/Intermediates.noindex/KeychainAccess.build/Debug-iphonesimulator/KeychainAccess.build/Objects-normal/x86_64/KeychainAccess.LinkFileList (in target 'KeychainAccess' from project 'KeychainAccess')
    cd /Users/aadityasingh/Library/Developer/Xcode/DerivedData/Chatlio-erkyzdeecsohoaggpwbjdvavzqfv/SourcePackages/checkouts/KeychainAccess
    write-file /Users/aadityasingh/Library/Developer/Xcode/DerivedData/Chatlio-erkyzdeecsohoaggpwbjdvavzqfv/Build/Intermediates.noindex/KeychainAccess.build/Debug-iphonesimulator/KeychainAccess.build/Objects-normal/x86_64/KeychainAccess.LinkFileList

WriteAuxiliaryFile /Users/aadityasingh/Library/Developer/Xcode/DerivedData/Chatlio-erkyzdeecsohoaggpwbjdvavzqfv/Build/Intermediates.noindex/KeychainAccess.build/Debug-iphonesimulator/KeychainAccess.build/Objects-normal/arm64/KeychainAccess.SwiftConstValuesFileList (in target 'KeychainAccess' from project 'KeychainAccess')
    cd /Users/aadityasingh/Library/Developer/Xcode/DerivedData/Chatlio-erkyzdeecsohoaggpwbjdvavzqfv/SourcePackages/checkouts/KeychainAccess
    write-file /Users/aadityasingh/Library/Developer/Xcode/DerivedData/Chatlio-erkyzdeecsohoaggpwbjdvavzqfv/Build/Intermediates.noindex/KeychainAccess.build/Debug-iphonesimulator/KeychainAccess.build/Objects-normal/arm64/KeychainAccess.SwiftConstValuesFileList

WriteAuxiliaryFile /Users/aadityasingh/Library/Developer/Xcode/DerivedData/Chatlio-erkyzdeecsohoaggpwbjdvavzqfv/Build/Intermediates.noindex/KeychainAccess.build/Debug-iphonesimulator/KeychainAccess.build/Objects-normal/arm64/KeychainAccess.LinkFileList (in target 'KeychainAccess' from project 'KeychainAccess')
    cd /Users/aadityasingh/Library/Developer/Xcode/DerivedData/Chatlio-erkyzdeecsohoaggpwbjdvavzqfv/SourcePackages/checkouts/KeychainAccess
    write-file /Users/aadityasingh/Library/Developer/Xcode/DerivedData/Chatlio-erkyzdeecsohoaggpwbjdvavzqfv/Build/Intermediates.noindex/KeychainAccess.build/Debug-iphonesimulator/KeychainAccess.build/Objects-normal/arm64/KeychainAccess.LinkFileList

WriteAuxiliaryFile /Users/aadityasingh/Library/Developer/Xcode/DerivedData/Chatlio-erkyzdeecsohoaggpwbjdvavzqfv/Build/Intermediates.noindex/KeychainAccess.build/Debug-iphonesimulator/KeychainAccess.build/Objects-normal/arm64/KeychainAccess-OutputFileMap.json (in target 'KeychainAccess' from project 'KeychainAccess')
    cd /Users/aadityasingh/Library/Developer/Xcode/DerivedData/Chatlio-erkyzdeecsohoaggpwbjdvavzqfv/SourcePackages/checkouts/KeychainAccess
    write-file /Users/aadityasingh/Library/Developer/Xcode/DerivedData/Chatlio-erkyzdeecsohoaggpwbjdvavzqfv/Build/Intermediates.noindex/KeychainAccess.build/Debug-iphonesimulator/KeychainAccess.build/Objects-normal/arm64/KeychainAccess-OutputFileMap.json

WriteAuxiliaryFile /Users/aadityasingh/Library/Developer/Xcode/DerivedData/Chatlio-erkyzdeecsohoaggpwbjdvavzqfv/Build/Intermediates.noindex/KeychainAccess.build/Debug-iphonesimulator/KeychainAccess.build/KeychainAccess.modulemap (in target 'KeychainAccess' from project 'KeychainAccess')
    cd /Users/aadityasingh/Library/Developer/Xcode/DerivedData/Chatlio-erkyzdeecsohoaggpwbjdvavzqfv/SourcePackages/checkouts/KeychainAccess
    write-file /Users/aadityasingh/Library/Developer/Xcode/DerivedData/Chatlio-erkyzdeecsohoaggpwbjdvavzqfv/Build/Intermediates.noindex/KeychainAccess.build/Debug-iphonesimulator/KeychainAccess.build/KeychainAccess.modulemap

WriteAuxiliaryFile /Users/aadityasingh/Library/Developer/Xcode/DerivedData/Chatlio-erkyzdeecsohoaggpwbjdvavzqfv/Build/Intermediates.noindex/KeychainAccess.build/Debug-iphonesimulator/KeychainAccess.build/KeychainAccess.DependencyStaticMetadataFileList (in target 'KeychainAccess' from project 'KeychainAccess')
    cd /Users/aadityasingh/Library/Developer/Xcode/DerivedData/Chatlio-erkyzdeecsohoaggpwbjdvavzqfv/SourcePackages/checkouts/KeychainAccess
    write-file /Users/aadityasingh/Library/Developer/Xcode/DerivedData/Chatlio-erkyzdeecsohoaggpwbjdvavzqfv/Build/Intermediates.noindex/KeychainAccess.build/Debug-iphonesimulator/KeychainAccess.build/KeychainAccess.DependencyStaticMetadataFileList

WriteAuxiliaryFile /Users/aadityasingh/Library/Developer/Xcode/DerivedData/Chatlio-erkyzdeecsohoaggpwbjdvavzqfv/Build/Intermediates.noindex/KeychainAccess.build/Debug-iphonesimulator/KeychainAccess.build/KeychainAccess.DependencyMetadataFileList (in target 'KeychainAccess' from project 'KeychainAccess')
    cd /Users/aadityasingh/Library/Developer/Xcode/DerivedData/Chatlio-erkyzdeecsohoaggpwbjdvavzqfv/SourcePackages/checkouts/KeychainAccess
    write-file /Users/aadityasingh/Library/Developer/Xcode/DerivedData/Chatlio-erkyzdeecsohoaggpwbjdvavzqfv/Build/Intermediates.noindex/KeychainAccess.build/Debug-iphonesimulator/KeychainAccess.build/KeychainAccess.DependencyMetadataFileList

Copy /Users/aadityasingh/Library/Developer/Xcode/DerivedData/Chatlio-erkyzdeecsohoaggpwbjdvavzqfv/Build/Intermediates.noindex/GeneratedModuleMaps-iphonesimulator/LoremSwiftum.modulemap /Users/aadityasingh/Library/Developer/Xcode/DerivedData/Chatlio-erkyzdeecsohoaggpwbjdvavzqfv/Build/Intermediates.noindex/LoremSwiftum.build/Debug-iphonesimulator/LoremSwiftum.build/LoremSwiftum.modulemap (in target 'LoremSwiftum' from project 'LoremSwiftum')
    cd /Users/aadityasingh/Library/Developer/Xcode/DerivedData/Chatlio-erkyzdeecsohoaggpwbjdvavzqfv/SourcePackages/checkouts/LoremSwiftum
    builtin-copy -exclude .DS_Store -exclude CVS -exclude .svn -exclude .git -exclude .hg -resolve-src-symlinks /Users/aadityasingh/Library/Developer/Xcode/DerivedData/Chatlio-erkyzdeecsohoaggpwbjdvavzqfv/Build/Intermediates.noindex/LoremSwiftum.build/Debug-iphonesimulator/LoremSwiftum.build/LoremSwiftum.modulemap /Users/aadityasingh/Library/Developer/Xcode/DerivedData/Chatlio-erkyzdeecsohoaggpwbjdvavzqfv/Build/Intermediates.noindex/GeneratedModuleMaps-iphonesimulator

WriteAuxiliaryFile /Users/aadityasingh/Library/Developer/Xcode/DerivedData/Chatlio-erkyzdeecsohoaggpwbjdvavzqfv/Build/Intermediates.noindex/KZFileWatchers.build/Debug-iphonesimulator/KZFileWatchers.build/Objects-normal/x86_64/KZFileWatchers.SwiftConstValuesFileList (in target 'KZFileWatchers' from project 'KZFileWatchers')
    cd /Users/aadityasingh/Library/Developer/Xcode/DerivedData/Chatlio-erkyzdeecsohoaggpwbjdvavzqfv/SourcePackages/checkouts/KZFileWatchers
    write-file /Users/aadityasingh/Library/Developer/Xcode/DerivedData/Chatlio-erkyzdeecsohoaggpwbjdvavzqfv/Build/Intermediates.noindex/KZFileWatchers.build/Debug-iphonesimulator/KZFileWatchers.build/Objects-normal/x86_64/KZFileWatchers.SwiftConstValuesFileList

WriteAuxiliaryFile /Users/aadityasingh/Library/Developer/Xcode/DerivedData/Chatlio-erkyzdeecsohoaggpwbjdvavzqfv/Build/Intermediates.noindex/KZFileWatchers.build/Debug-iphonesimulator/KZFileWatchers.build/Objects-normal/x86_64/KZFileWatchers-OutputFileMap.json (in target 'KZFileWatchers' from project 'KZFileWatchers')
    cd /Users/aadityasingh/Library/Developer/Xcode/DerivedData/Chatlio-erkyzdeecsohoaggpwbjdvavzqfv/SourcePackages/checkouts/KZFileWatchers
    write-file /Users/aadityasingh/Library/Developer/Xcode/DerivedData/Chatlio-erkyzdeecsohoaggpwbjdvavzqfv/Build/Intermediates.noindex/KZFileWatchers.build/Debug-iphonesimulator/KZFileWatchers.build/Objects-normal/x86_64/KZFileWatchers-OutputFileMap.json

WriteAuxiliaryFile /Users/aadityasingh/Library/Developer/Xcode/DerivedData/Chatlio-erkyzdeecsohoaggpwbjdvavzqfv/Build/Intermediates.noindex/KZFileWatchers.build/Debug-iphonesimulator/KZFileWatchers.build/Objects-normal/x86_64/KZFileWatchers.LinkFileList (in target 'KZFileWatchers' from project 'KZFileWatchers')
    cd /Users/aadityasingh/Library/Developer/Xcode/DerivedData/Chatlio-erkyzdeecsohoaggpwbjdvavzqfv/SourcePackages/checkouts/KZFileWatchers
    write-file /Users/aadityasingh/Library/Developer/Xcode/DerivedData/Chatlio-erkyzdeecsohoaggpwbjdvavzqfv/Build/Intermediates.noindex/KZFileWatchers.build/Debug-iphonesimulator/KZFileWatchers.build/Objects-normal/x86_64/KZFileWatchers.LinkFileList

WriteAuxiliaryFile /Users/aadityasingh/Library/Developer/Xcode/DerivedData/Chatlio-erkyzdeecsohoaggpwbjdvavzqfv/Build/Intermediates.noindex/KZFileWatchers.build/Debug-iphonesimulator/KZFileWatchers.build/Objects-normal/x86_64/KZFileWatchers_const_extract_protocols.json (in target 'KZFileWatchers' from project 'KZFileWatchers')
    cd /Users/aadityasingh/Library/Developer/Xcode/DerivedData/Chatlio-erkyzdeecsohoaggpwbjdvavzqfv/SourcePackages/checkouts/KZFileWatchers
    write-file /Users/aadityasingh/Library/Developer/Xcode/DerivedData/Chatlio-erkyzdeecsohoaggpwbjdvavzqfv/Build/Intermediates.noindex/KZFileWatchers.build/Debug-iphonesimulator/KZFileWatchers.build/Objects-normal/x86_64/KZFileWatchers_const_extract_protocols.json

WriteAuxiliaryFile /Users/aadityasingh/Library/Developer/Xcode/DerivedData/Chatlio-erkyzdeecsohoaggpwbjdvavzqfv/Build/Intermediates.noindex/KZFileWatchers.build/Debug-iphonesimulator/KZFileWatchers.build/Objects-normal/x86_64/KZFileWatchers.SwiftFileList (in target 'KZFileWatchers' from project 'KZFileWatchers')
    cd /Users/aadityasingh/Library/Developer/Xcode/DerivedData/Chatlio-erkyzdeecsohoaggpwbjdvavzqfv/SourcePackages/checkouts/KZFileWatchers
    write-file /Users/aadityasingh/Library/Developer/Xcode/DerivedData/Chatlio-erkyzdeecsohoaggpwbjdvavzqfv/Build/Intermediates.noindex/KZFileWatchers.build/Debug-iphonesimulator/KZFileWatchers.build/Objects-normal/x86_64/KZFileWatchers.SwiftFileList

WriteAuxiliaryFile /Users/aadityasingh/Library/Developer/Xcode/DerivedData/Chatlio-erkyzdeecsohoaggpwbjdvavzqfv/Build/Intermediates.noindex/KZFileWatchers.build/Debug-iphonesimulator/KZFileWatchers.build/Objects-normal/arm64/KZFileWatchers_const_extract_protocols.json (in target 'KZFileWatchers' from project 'KZFileWatchers')
    cd /Users/aadityasingh/Library/Developer/Xcode/DerivedData/Chatlio-erkyzdeecsohoaggpwbjdvavzqfv/SourcePackages/checkouts/KZFileWatchers
    write-file /Users/aadityasingh/Library/Developer/Xcode/DerivedData/Chatlio-erkyzdeecsohoaggpwbjdvavzqfv/Build/Intermediates.noindex/KZFileWatchers.build/Debug-iphonesimulator/KZFileWatchers.build/Objects-normal/arm64/KZFileWatchers_const_extract_protocols.json

WriteAuxiliaryFile /Users/aadityasingh/Library/Developer/Xcode/DerivedData/Chatlio-erkyzdeecsohoaggpwbjdvavzqfv/Build/Intermediates.noindex/KZFileWatchers.build/Debug-iphonesimulator/KZFileWatchers.build/Objects-normal/arm64/KZFileWatchers.SwiftFileList (in target 'KZFileWatchers' from project 'KZFileWatchers')
    cd /Users/aadityasingh/Library/Developer/Xcode/DerivedData/Chatlio-erkyzdeecsohoaggpwbjdvavzqfv/SourcePackages/checkouts/KZFileWatchers
    write-file /Users/aadityasingh/Library/Developer/Xcode/DerivedData/Chatlio-erkyzdeecsohoaggpwbjdvavzqfv/Build/Intermediates.noindex/KZFileWatchers.build/Debug-iphonesimulator/KZFileWatchers.build/Objects-normal/arm64/KZFileWatchers.SwiftFileList

Copy /Users/aadityasingh/Library/Developer/Xcode/DerivedData/Chatlio-erkyzdeecsohoaggpwbjdvavzqfv/Build/Intermediates.noindex/GeneratedModuleMaps-iphonesimulator/LRUCache.modulemap /Users/aadityasingh/Library/Developer/Xcode/DerivedData/Chatlio-erkyzdeecsohoaggpwbjdvavzqfv/Build/Intermediates.noindex/LRUCache.build/Debug-iphonesimulator/LRUCache.build/LRUCache.modulemap (in target 'LRUCache' from project 'LRUCache')
    cd /Users/aadityasingh/Library/Developer/Xcode/DerivedData/Chatlio-erkyzdeecsohoaggpwbjdvavzqfv/SourcePackages/checkouts/LRUCache
    builtin-copy -exclude .DS_Store -exclude CVS -exclude .svn -exclude .git -exclude .hg -resolve-src-symlinks /Users/aadityasingh/Library/Developer/Xcode/DerivedData/Chatlio-erkyzdeecsohoaggpwbjdvavzqfv/Build/Intermediates.noindex/LRUCache.build/Debug-iphonesimulator/LRUCache.build/LRUCache.modulemap /Users/aadityasingh/Library/Developer/Xcode/DerivedData/Chatlio-erkyzdeecsohoaggpwbjdvavzqfv/Build/Intermediates.noindex/GeneratedModuleMaps-iphonesimulator

Copy /Users/aadityasingh/Library/Developer/Xcode/DerivedData/Chatlio-erkyzdeecsohoaggpwbjdvavzqfv/Build/Intermediates.noindex/GeneratedModuleMaps-iphonesimulator/Kingfisher.modulemap /Users/aadityasingh/Library/Developer/Xcode/DerivedData/Chatlio-erkyzdeecsohoaggpwbjdvavzqfv/Build/Intermediates.noindex/Kingfisher.build/Debug-iphonesimulator/Kingfisher.build/Kingfisher.modulemap (in target 'Kingfisher' from project 'Kingfisher')
    cd /Users/aadityasingh/Library/Developer/Xcode/DerivedData/Chatlio-erkyzdeecsohoaggpwbjdvavzqfv/SourcePackages/checkouts/Kingfisher
    builtin-copy -exclude .DS_Store -exclude CVS -exclude .svn -exclude .git -exclude .hg -resolve-src-symlinks /Users/aadityasingh/Library/Developer/Xcode/DerivedData/Chatlio-erkyzdeecsohoaggpwbjdvavzqfv/Build/Intermediates.noindex/Kingfisher.build/Debug-iphonesimulator/Kingfisher.build/Kingfisher.modulemap /Users/aadityasingh/Library/Developer/Xcode/DerivedData/Chatlio-erkyzdeecsohoaggpwbjdvavzqfv/Build/Intermediates.noindex/GeneratedModuleMaps-iphonesimulator

WriteAuxiliaryFile /Users/aadityasingh/Library/Developer/Xcode/DerivedData/Chatlio-erkyzdeecsohoaggpwbjdvavzqfv/Build/Intermediates.noindex/KZFileWatchers.build/Debug-iphonesimulator/KZFileWatchers.build/Objects-normal/arm64/KZFileWatchers.SwiftConstValuesFileList (in target 'KZFileWatchers' from project 'KZFileWatchers')
    cd /Users/aadityasingh/Library/Developer/Xcode/DerivedData/Chatlio-erkyzdeecsohoaggpwbjdvavzqfv/SourcePackages/checkouts/KZFileWatchers
    write-file /Users/aadityasingh/Library/Developer/Xcode/DerivedData/Chatlio-erkyzdeecsohoaggpwbjdvavzqfv/Build/Intermediates.noindex/KZFileWatchers.build/Debug-iphonesimulator/KZFileWatchers.build/Objects-normal/arm64/KZFileWatchers.SwiftConstValuesFileList

Copy /Users/aadityasingh/Library/Developer/Xcode/DerivedData/Chatlio-erkyzdeecsohoaggpwbjdvavzqfv/Build/Intermediates.noindex/GeneratedModuleMaps-iphonesimulator/KeychainAccess.modulemap /Users/aadityasingh/Library/Developer/Xcode/DerivedData/Chatlio-erkyzdeecsohoaggpwbjdvavzqfv/Build/Intermediates.noindex/KeychainAccess.build/Debug-iphonesimulator/KeychainAccess.build/KeychainAccess.modulemap (in target 'KeychainAccess' from project 'KeychainAccess')
    cd /Users/aadityasingh/Library/Developer/Xcode/DerivedData/Chatlio-erkyzdeecsohoaggpwbjdvavzqfv/SourcePackages/checkouts/KeychainAccess
    builtin-copy -exclude .DS_Store -exclude CVS -exclude .svn -exclude .git -exclude .hg -resolve-src-symlinks /Users/aadityasingh/Library/Developer/Xcode/DerivedData/Chatlio-erkyzdeecsohoaggpwbjdvavzqfv/Build/Intermediates.noindex/KeychainAccess.build/Debug-iphonesimulator/KeychainAccess.build/KeychainAccess.modulemap /Users/aadityasingh/Library/Developer/Xcode/DerivedData/Chatlio-erkyzdeecsohoaggpwbjdvavzqfv/Build/Intermediates.noindex/GeneratedModuleMaps-iphonesimulator

WriteAuxiliaryFile /Users/aadityasingh/Library/Developer/Xcode/DerivedData/Chatlio-erkyzdeecsohoaggpwbjdvavzqfv/Build/Intermediates.noindex/KZFileWatchers.build/Debug-iphonesimulator/KZFileWatchers.build/Objects-normal/arm64/KZFileWatchers.LinkFileList (in target 'KZFileWatchers' from project 'KZFileWatchers')
    cd /Users/aadityasingh/Library/Developer/Xcode/DerivedData/Chatlio-erkyzdeecsohoaggpwbjdvavzqfv/SourcePackages/checkouts/KZFileWatchers
    write-file /Users/aadityasingh/Library/Developer/Xcode/DerivedData/Chatlio-erkyzdeecsohoaggpwbjdvavzqfv/Build/Intermediates.noindex/KZFileWatchers.build/Debug-iphonesimulator/KZFileWatchers.build/Objects-normal/arm64/KZFileWatchers.LinkFileList

WriteAuxiliaryFile /Users/aadityasingh/Library/Developer/Xcode/DerivedData/Chatlio-erkyzdeecsohoaggpwbjdvavzqfv/Build/Intermediates.noindex/KZFileWatchers.build/Debug-iphonesimulator/KZFileWatchers.build/Objects-normal/arm64/KZFileWatchers-OutputFileMap.json (in target 'KZFileWatchers' from project 'KZFileWatchers')
    cd /Users/aadityasingh/Library/Developer/Xcode/DerivedData/Chatlio-erkyzdeecsohoaggpwbjdvavzqfv/SourcePackages/checkouts/KZFileWatchers
    write-file /Users/aadityasingh/Library/Developer/Xcode/DerivedData/Chatlio-erkyzdeecsohoaggpwbjdvavzqfv/Build/Intermediates.noindex/KZFileWatchers.build/Debug-iphonesimulator/KZFileWatchers.build/Objects-normal/arm64/KZFileWatchers-OutputFileMap.json

WriteAuxiliaryFile /Users/aadityasingh/Library/Developer/Xcode/DerivedData/Chatlio-erkyzdeecsohoaggpwbjdvavzqfv/Build/Intermediates.noindex/KZFileWatchers.build/Debug-iphonesimulator/KZFileWatchers.build/KZFileWatchers.modulemap (in target 'KZFileWatchers' from project 'KZFileWatchers')
    cd /Users/aadityasingh/Library/Developer/Xcode/DerivedData/Chatlio-erkyzdeecsohoaggpwbjdvavzqfv/SourcePackages/checkouts/KZFileWatchers
    write-file /Users/aadityasingh/Library/Developer/Xcode/DerivedData/Chatlio-erkyzdeecsohoaggpwbjdvavzqfv/Build/Intermediates.noindex/KZFileWatchers.build/Debug-iphonesimulator/KZFileWatchers.build/KZFileWatchers.modulemap

WriteAuxiliaryFile /Users/aadityasingh/Library/Developer/Xcode/DerivedData/Chatlio-erkyzdeecsohoaggpwbjdvavzqfv/Build/Intermediates.noindex/KZFileWatchers.build/Debug-iphonesimulator/KZFileWatchers.build/KZFileWatchers.DependencyStaticMetadataFileList (in target 'KZFileWatchers' from project 'KZFileWatchers')
    cd /Users/aadityasingh/Library/Developer/Xcode/DerivedData/Chatlio-erkyzdeecsohoaggpwbjdvavzqfv/SourcePackages/checkouts/KZFileWatchers
    write-file /Users/aadityasingh/Library/Developer/Xcode/DerivedData/Chatlio-erkyzdeecsohoaggpwbjdvavzqfv/Build/Intermediates.noindex/KZFileWatchers.build/Debug-iphonesimulator/KZFileWatchers.build/KZFileWatchers.DependencyStaticMetadataFileList

WriteAuxiliaryFile /Users/aadityasingh/Library/Developer/Xcode/DerivedData/Chatlio-erkyzdeecsohoaggpwbjdvavzqfv/Build/Intermediates.noindex/KZFileWatchers.build/Debug-iphonesimulator/KZFileWatchers.build/KZFileWatchers.DependencyMetadataFileList (in target 'KZFileWatchers' from project 'KZFileWatchers')
    cd /Users/aadityasingh/Library/Developer/Xcode/DerivedData/Chatlio-erkyzdeecsohoaggpwbjdvavzqfv/SourcePackages/checkouts/KZFileWatchers
    write-file /Users/aadityasingh/Library/Developer/Xcode/DerivedData/Chatlio-erkyzdeecsohoaggpwbjdvavzqfv/Build/Intermediates.noindex/KZFileWatchers.build/Debug-iphonesimulator/KZFileWatchers.build/KZFileWatchers.DependencyMetadataFileList

WriteAuxiliaryFile /Users/aadityasingh/Library/Developer/Xcode/DerivedData/Chatlio-erkyzdeecsohoaggpwbjdvavzqfv/Build/Intermediates.noindex/swift-collections.build/Debug-iphonesimulator/InternalCollectionsUtilities.build/Objects-normal/x86_64/InternalCollectionsUtilities.SwiftFileList (in target 'InternalCollectionsUtilities' from project 'swift-collections')
    cd /Users/aadityasingh/Library/Developer/Xcode/DerivedData/Chatlio-erkyzdeecsohoaggpwbjdvavzqfv/SourcePackages/checkouts/swift-collections
    write-file /Users/aadityasingh/Library/Developer/Xcode/DerivedData/Chatlio-erkyzdeecsohoaggpwbjdvavzqfv/Build/Intermediates.noindex/swift-collections.build/Debug-iphonesimulator/InternalCollectionsUtilities.build/Objects-normal/x86_64/InternalCollectionsUtilities.SwiftFileList

WriteAuxiliaryFile /Users/aadityasingh/Library/Developer/Xcode/DerivedData/Chatlio-erkyzdeecsohoaggpwbjdvavzqfv/Build/Intermediates.noindex/swift-collections.build/Debug-iphonesimulator/InternalCollectionsUtilities.build/Objects-normal/x86_64/InternalCollectionsUtilities_const_extract_protocols.json (in target 'InternalCollectionsUtilities' from project 'swift-collections')
    cd /Users/aadityasingh/Library/Developer/Xcode/DerivedData/Chatlio-erkyzdeecsohoaggpwbjdvavzqfv/SourcePackages/checkouts/swift-collections
    write-file /Users/aadityasingh/Library/Developer/Xcode/DerivedData/Chatlio-erkyzdeecsohoaggpwbjdvavzqfv/Build/Intermediates.noindex/swift-collections.build/Debug-iphonesimulator/InternalCollectionsUtilities.build/Objects-normal/x86_64/InternalCollectionsUtilities_const_extract_protocols.json

WriteAuxiliaryFile /Users/aadityasingh/Library/Developer/Xcode/DerivedData/Chatlio-erkyzdeecsohoaggpwbjdvavzqfv/Build/Intermediates.noindex/swift-collections.build/Debug-iphonesimulator/InternalCollectionsUtilities.build/Objects-normal/x86_64/InternalCollectionsUtilities.SwiftConstValuesFileList (in target 'InternalCollectionsUtilities' from project 'swift-collections')
    cd /Users/aadityasingh/Library/Developer/Xcode/DerivedData/Chatlio-erkyzdeecsohoaggpwbjdvavzqfv/SourcePackages/checkouts/swift-collections
    write-file /Users/aadityasingh/Library/Developer/Xcode/DerivedData/Chatlio-erkyzdeecsohoaggpwbjdvavzqfv/Build/Intermediates.noindex/swift-collections.build/Debug-iphonesimulator/InternalCollectionsUtilities.build/Objects-normal/x86_64/InternalCollectionsUtilities.SwiftConstValuesFileList

WriteAuxiliaryFile /Users/aadityasingh/Library/Developer/Xcode/DerivedData/Chatlio-erkyzdeecsohoaggpwbjdvavzqfv/Build/Intermediates.noindex/swift-collections.build/Debug-iphonesimulator/InternalCollectionsUtilities.build/Objects-normal/x86_64/InternalCollectionsUtilities-OutputFileMap.json (in target 'InternalCollectionsUtilities' from project 'swift-collections')
    cd /Users/aadityasingh/Library/Developer/Xcode/DerivedData/Chatlio-erkyzdeecsohoaggpwbjdvavzqfv/SourcePackages/checkouts/swift-collections
    write-file /Users/aadityasingh/Library/Developer/Xcode/DerivedData/Chatlio-erkyzdeecsohoaggpwbjdvavzqfv/Build/Intermediates.noindex/swift-collections.build/Debug-iphonesimulator/InternalCollectionsUtilities.build/Objects-normal/x86_64/InternalCollectionsUtilities-OutputFileMap.json

WriteAuxiliaryFile /Users/aadityasingh/Library/Developer/Xcode/DerivedData/Chatlio-erkyzdeecsohoaggpwbjdvavzqfv/Build/Intermediates.noindex/swift-collections.build/Debug-iphonesimulator/InternalCollectionsUtilities.build/Objects-normal/x86_64/InternalCollectionsUtilities.LinkFileList (in target 'InternalCollectionsUtilities' from project 'swift-collections')
    cd /Users/aadityasingh/Library/Developer/Xcode/DerivedData/Chatlio-erkyzdeecsohoaggpwbjdvavzqfv/SourcePackages/checkouts/swift-collections
    write-file /Users/aadityasingh/Library/Developer/Xcode/DerivedData/Chatlio-erkyzdeecsohoaggpwbjdvavzqfv/Build/Intermediates.noindex/swift-collections.build/Debug-iphonesimulator/InternalCollectionsUtilities.build/Objects-normal/x86_64/InternalCollectionsUtilities.LinkFileList

WriteAuxiliaryFile /Users/aadityasingh/Library/Developer/Xcode/DerivedData/Chatlio-erkyzdeecsohoaggpwbjdvavzqfv/Build/Intermediates.noindex/swift-collections.build/Debug-iphonesimulator/InternalCollectionsUtilities.build/Objects-normal/arm64/InternalCollectionsUtilities_const_extract_protocols.json (in target 'InternalCollectionsUtilities' from project 'swift-collections')
    cd /Users/aadityasingh/Library/Developer/Xcode/DerivedData/Chatlio-erkyzdeecsohoaggpwbjdvavzqfv/SourcePackages/checkouts/swift-collections
    write-file /Users/aadityasingh/Library/Developer/Xcode/DerivedData/Chatlio-erkyzdeecsohoaggpwbjdvavzqfv/Build/Intermediates.noindex/swift-collections.build/Debug-iphonesimulator/InternalCollectionsUtilities.build/Objects-normal/arm64/InternalCollectionsUtilities_const_extract_protocols.json

WriteAuxiliaryFile /Users/aadityasingh/Library/Developer/Xcode/DerivedData/Chatlio-erkyzdeecsohoaggpwbjdvavzqfv/Build/Intermediates.noindex/swift-collections.build/Debug-iphonesimulator/InternalCollectionsUtilities.build/Objects-normal/arm64/InternalCollectionsUtilities.SwiftFileList (in target 'InternalCollectionsUtilities' from project 'swift-collections')
    cd /Users/aadityasingh/Library/Developer/Xcode/DerivedData/Chatlio-erkyzdeecsohoaggpwbjdvavzqfv/SourcePackages/checkouts/swift-collections
    write-file /Users/aadityasingh/Library/Developer/Xcode/DerivedData/Chatlio-erkyzdeecsohoaggpwbjdvavzqfv/Build/Intermediates.noindex/swift-collections.build/Debug-iphonesimulator/InternalCollectionsUtilities.build/Objects-normal/arm64/InternalCollectionsUtilities.SwiftFileList

Copy /Users/aadityasingh/Library/Developer/Xcode/DerivedData/Chatlio-erkyzdeecsohoaggpwbjdvavzqfv/Build/Intermediates.noindex/GeneratedModuleMaps-iphonesimulator/KZFileWatchers.modulemap /Users/aadityasingh/Library/Developer/Xcode/DerivedData/Chatlio-erkyzdeecsohoaggpwbjdvavzqfv/Build/Intermediates.noindex/KZFileWatchers.build/Debug-iphonesimulator/KZFileWatchers.build/KZFileWatchers.modulemap (in target 'KZFileWatchers' from project 'KZFileWatchers')
    cd /Users/aadityasingh/Library/Developer/Xcode/DerivedData/Chatlio-erkyzdeecsohoaggpwbjdvavzqfv/SourcePackages/checkouts/KZFileWatchers
    builtin-copy -exclude .DS_Store -exclude CVS -exclude .svn -exclude .git -exclude .hg -resolve-src-symlinks /Users/aadityasingh/Library/Developer/Xcode/DerivedData/Chatlio-erkyzdeecsohoaggpwbjdvavzqfv/Build/Intermediates.noindex/KZFileWatchers.build/Debug-iphonesimulator/KZFileWatchers.build/KZFileWatchers.modulemap /Users/aadityasingh/Library/Developer/Xcode/DerivedData/Chatlio-erkyzdeecsohoaggpwbjdvavzqfv/Build/Intermediates.noindex/GeneratedModuleMaps-iphonesimulator

WriteAuxiliaryFile /Users/aadityasingh/Library/Developer/Xcode/DerivedData/Chatlio-erkyzdeecsohoaggpwbjdvavzqfv/Build/Intermediates.noindex/swift-collections.build/Debug-iphonesimulator/InternalCollectionsUtilities.build/Objects-normal/arm64/InternalCollectionsUtilities.SwiftConstValuesFileList (in target 'InternalCollectionsUtilities' from project 'swift-collections')
    cd /Users/aadityasingh/Library/Developer/Xcode/DerivedData/Chatlio-erkyzdeecsohoaggpwbjdvavzqfv/SourcePackages/checkouts/swift-collections
    write-file /Users/aadityasingh/Library/Developer/Xcode/DerivedData/Chatlio-erkyzdeecsohoaggpwbjdvavzqfv/Build/Intermediates.noindex/swift-collections.build/Debug-iphonesimulator/InternalCollectionsUtilities.build/Objects-normal/arm64/InternalCollectionsUtilities.SwiftConstValuesFileList

WriteAuxiliaryFile /Users/aadityasingh/Library/Developer/Xcode/DerivedData/Chatlio-erkyzdeecsohoaggpwbjdvavzqfv/Build/Intermediates.noindex/swift-collections.build/Debug-iphonesimulator/InternalCollectionsUtilities.build/Objects-normal/arm64/InternalCollectionsUtilities.LinkFileList (in target 'InternalCollectionsUtilities' from project 'swift-collections')
    cd /Users/aadityasingh/Library/Developer/Xcode/DerivedData/Chatlio-erkyzdeecsohoaggpwbjdvavzqfv/SourcePackages/checkouts/swift-collections
    write-file /Users/aadityasingh/Library/Developer/Xcode/DerivedData/Chatlio-erkyzdeecsohoaggpwbjdvavzqfv/Build/Intermediates.noindex/swift-collections.build/Debug-iphonesimulator/InternalCollectionsUtilities.build/Objects-normal/arm64/InternalCollectionsUtilities.LinkFileList

WriteAuxiliaryFile /Users/aadityasingh/Library/Developer/Xcode/DerivedData/Chatlio-erkyzdeecsohoaggpwbjdvavzqfv/Build/Intermediates.noindex/swift-collections.build/Debug-iphonesimulator/InternalCollectionsUtilities.build/Objects-normal/arm64/InternalCollectionsUtilities-OutputFileMap.json (in target 'InternalCollectionsUtilities' from project 'swift-collections')
    cd /Users/aadityasingh/Library/Developer/Xcode/DerivedData/Chatlio-erkyzdeecsohoaggpwbjdvavzqfv/SourcePackages/checkouts/swift-collections
    write-file /Users/aadityasingh/Library/Developer/Xcode/DerivedData/Chatlio-erkyzdeecsohoaggpwbjdvavzqfv/Build/Intermediates.noindex/swift-collections.build/Debug-iphonesimulator/InternalCollectionsUtilities.build/Objects-normal/arm64/InternalCollectionsUtilities-OutputFileMap.json

WriteAuxiliaryFile /Users/aadityasingh/Library/Developer/Xcode/DerivedData/Chatlio-erkyzdeecsohoaggpwbjdvavzqfv/Build/Intermediates.noindex/swift-collections.build/Debug-iphonesimulator/InternalCollectionsUtilities.build/InternalCollectionsUtilities.modulemap (in target 'InternalCollectionsUtilities' from project 'swift-collections')
    cd /Users/aadityasingh/Library/Developer/Xcode/DerivedData/Chatlio-erkyzdeecsohoaggpwbjdvavzqfv/SourcePackages/checkouts/swift-collections
    write-file /Users/aadityasingh/Library/Developer/Xcode/DerivedData/Chatlio-erkyzdeecsohoaggpwbjdvavzqfv/Build/Intermediates.noindex/swift-collections.build/Debug-iphonesimulator/InternalCollectionsUtilities.build/InternalCollectionsUtilities.modulemap

WriteAuxiliaryFile /Users/aadityasingh/Library/Developer/Xcode/DerivedData/Chatlio-erkyzdeecsohoaggpwbjdvavzqfv/Build/Intermediates.noindex/swift-collections.build/Debug-iphonesimulator/InternalCollectionsUtilities.build/InternalCollectionsUtilities.DependencyStaticMetadataFileList (in target 'InternalCollectionsUtilities' from project 'swift-collections')
    cd /Users/aadityasingh/Library/Developer/Xcode/DerivedData/Chatlio-erkyzdeecsohoaggpwbjdvavzqfv/SourcePackages/checkouts/swift-collections
    write-file /Users/aadityasingh/Library/Developer/Xcode/DerivedData/Chatlio-erkyzdeecsohoaggpwbjdvavzqfv/Build/Intermediates.noindex/swift-collections.build/Debug-iphonesimulator/InternalCollectionsUtilities.build/InternalCollectionsUtilities.DependencyStaticMetadataFileList

WriteAuxiliaryFile /Users/aadityasingh/Library/Developer/Xcode/DerivedData/Chatlio-erkyzdeecsohoaggpwbjdvavzqfv/Build/Intermediates.noindex/swift-collections.build/Debug-iphonesimulator/InternalCollectionsUtilities.build/InternalCollectionsUtilities.DependencyMetadataFileList (in target 'InternalCollectionsUtilities' from project 'swift-collections')
    cd /Users/aadityasingh/Library/Developer/Xcode/DerivedData/Chatlio-erkyzdeecsohoaggpwbjdvavzqfv/SourcePackages/checkouts/swift-collections
    write-file /Users/aadityasingh/Library/Developer/Xcode/DerivedData/Chatlio-erkyzdeecsohoaggpwbjdvavzqfv/Build/Intermediates.noindex/swift-collections.build/Debug-iphonesimulator/InternalCollectionsUtilities.build/InternalCollectionsUtilities.DependencyMetadataFileList

WriteAuxiliaryFile /Users/aadityasingh/Library/Developer/Xcode/DerivedData/Chatlio-erkyzdeecsohoaggpwbjdvavzqfv/Build/Intermediates.noindex/swift-collections.build/Debug-iphonesimulator/HeapModule.build/Objects-normal/x86_64/HeapModule.LinkFileList (in target 'HeapModule' from project 'swift-collections')
    cd /Users/aadityasingh/Library/Developer/Xcode/DerivedData/Chatlio-erkyzdeecsohoaggpwbjdvavzqfv/SourcePackages/checkouts/swift-collections
    write-file /Users/aadityasingh/Library/Developer/Xcode/DerivedData/Chatlio-erkyzdeecsohoaggpwbjdvavzqfv/Build/Intermediates.noindex/swift-collections.build/Debug-iphonesimulator/HeapModule.build/Objects-normal/x86_64/HeapModule.LinkFileList

WriteAuxiliaryFile /Users/aadityasingh/Library/Developer/Xcode/DerivedData/Chatlio-erkyzdeecsohoaggpwbjdvavzqfv/Build/Intermediates.noindex/swift-collections.build/Debug-iphonesimulator/HeapModule.build/Objects-normal/x86_64/HeapModule-OutputFileMap.json (in target 'HeapModule' from project 'swift-collections')
    cd /Users/aadityasingh/Library/Developer/Xcode/DerivedData/Chatlio-erkyzdeecsohoaggpwbjdvavzqfv/SourcePackages/checkouts/swift-collections
    write-file /Users/aadityasingh/Library/Developer/Xcode/DerivedData/Chatlio-erkyzdeecsohoaggpwbjdvavzqfv/Build/Intermediates.noindex/swift-collections.build/Debug-iphonesimulator/HeapModule.build/Objects-normal/x86_64/HeapModule-OutputFileMap.json

WriteAuxiliaryFile /Users/aadityasingh/Library/Developer/Xcode/DerivedData/Chatlio-erkyzdeecsohoaggpwbjdvavzqfv/Build/Intermediates.noindex/swift-collections.build/Debug-iphonesimulator/HeapModule.build/Objects-normal/x86_64/HeapModule_const_extract_protocols.json (in target 'HeapModule' from project 'swift-collections')
    cd /Users/aadityasingh/Library/Developer/Xcode/DerivedData/Chatlio-erkyzdeecsohoaggpwbjdvavzqfv/SourcePackages/checkouts/swift-collections
    write-file /Users/aadityasingh/Library/Developer/Xcode/DerivedData/Chatlio-erkyzdeecsohoaggpwbjdvavzqfv/Build/Intermediates.noindex/swift-collections.build/Debug-iphonesimulator/HeapModule.build/Objects-normal/x86_64/HeapModule_const_extract_protocols.json

WriteAuxiliaryFile /Users/aadityasingh/Library/Developer/Xcode/DerivedData/Chatlio-erkyzdeecsohoaggpwbjdvavzqfv/Build/Intermediates.noindex/swift-collections.build/Debug-iphonesimulator/HeapModule.build/Objects-normal/x86_64/HeapModule.SwiftConstValuesFileList (in target 'HeapModule' from project 'swift-collections')
    cd /Users/aadityasingh/Library/Developer/Xcode/DerivedData/Chatlio-erkyzdeecsohoaggpwbjdvavzqfv/SourcePackages/checkouts/swift-collections
    write-file /Users/aadityasingh/Library/Developer/Xcode/DerivedData/Chatlio-erkyzdeecsohoaggpwbjdvavzqfv/Build/Intermediates.noindex/swift-collections.build/Debug-iphonesimulator/HeapModule.build/Objects-normal/x86_64/HeapModule.SwiftConstValuesFileList

WriteAuxiliaryFile /Users/aadityasingh/Library/Developer/Xcode/DerivedData/Chatlio-erkyzdeecsohoaggpwbjdvavzqfv/Build/Intermediates.noindex/swift-collections.build/Debug-iphonesimulator/HeapModule.build/Objects-normal/x86_64/HeapModule.SwiftFileList (in target 'HeapModule' from project 'swift-collections')
    cd /Users/aadityasingh/Library/Developer/Xcode/DerivedData/Chatlio-erkyzdeecsohoaggpwbjdvavzqfv/SourcePackages/checkouts/swift-collections
    write-file /Users/aadityasingh/Library/Developer/Xcode/DerivedData/Chatlio-erkyzdeecsohoaggpwbjdvavzqfv/Build/Intermediates.noindex/swift-collections.build/Debug-iphonesimulator/HeapModule.build/Objects-normal/x86_64/HeapModule.SwiftFileList

WriteAuxiliaryFile /Users/aadityasingh/Library/Developer/Xcode/DerivedData/Chatlio-erkyzdeecsohoaggpwbjdvavzqfv/Build/Intermediates.noindex/swift-collections.build/Debug-iphonesimulator/HeapModule.build/Objects-normal/arm64/HeapModule_const_extract_protocols.json (in target 'HeapModule' from project 'swift-collections')
    cd /Users/aadityasingh/Library/Developer/Xcode/DerivedData/Chatlio-erkyzdeecsohoaggpwbjdvavzqfv/SourcePackages/checkouts/swift-collections
    write-file /Users/aadityasingh/Library/Developer/Xcode/DerivedData/Chatlio-erkyzdeecsohoaggpwbjdvavzqfv/Build/Intermediates.noindex/swift-collections.build/Debug-iphonesimulator/HeapModule.build/Objects-normal/arm64/HeapModule_const_extract_protocols.json

WriteAuxiliaryFile /Users/aadityasingh/Library/Developer/Xcode/DerivedData/Chatlio-erkyzdeecsohoaggpwbjdvavzqfv/Build/Intermediates.noindex/swift-collections.build/Debug-iphonesimulator/HeapModule.build/Objects-normal/arm64/HeapModule.SwiftFileList (in target 'HeapModule' from project 'swift-collections')
    cd /Users/aadityasingh/Library/Developer/Xcode/DerivedData/Chatlio-erkyzdeecsohoaggpwbjdvavzqfv/SourcePackages/checkouts/swift-collections
    write-file /Users/aadityasingh/Library/Developer/Xcode/DerivedData/Chatlio-erkyzdeecsohoaggpwbjdvavzqfv/Build/Intermediates.noindex/swift-collections.build/Debug-iphonesimulator/HeapModule.build/Objects-normal/arm64/HeapModule.SwiftFileList

WriteAuxiliaryFile /Users/aadityasingh/Library/Developer/Xcode/DerivedData/Chatlio-erkyzdeecsohoaggpwbjdvavzqfv/Build/Intermediates.noindex/swift-collections.build/Debug-iphonesimulator/HeapModule.build/Objects-normal/arm64/HeapModule.SwiftConstValuesFileList (in target 'HeapModule' from project 'swift-collections')
    cd /Users/aadityasingh/Library/Developer/Xcode/DerivedData/Chatlio-erkyzdeecsohoaggpwbjdvavzqfv/SourcePackages/checkouts/swift-collections
    write-file /Users/aadityasingh/Library/Developer/Xcode/DerivedData/Chatlio-erkyzdeecsohoaggpwbjdvavzqfv/Build/Intermediates.noindex/swift-collections.build/Debug-iphonesimulator/HeapModule.build/Objects-normal/arm64/HeapModule.SwiftConstValuesFileList

Copy /Users/aadityasingh/Library/Developer/Xcode/DerivedData/Chatlio-erkyzdeecsohoaggpwbjdvavzqfv/Build/Intermediates.noindex/GeneratedModuleMaps-iphonesimulator/InternalCollectionsUtilities.modulemap /Users/aadityasingh/Library/Developer/Xcode/DerivedData/Chatlio-erkyzdeecsohoaggpwbjdvavzqfv/Build/Intermediates.noindex/swift-collections.build/Debug-iphonesimulator/InternalCollectionsUtilities.build/InternalCollectionsUtilities.modulemap (in target 'InternalCollectionsUtilities' from project 'swift-collections')
    cd /Users/aadityasingh/Library/Developer/Xcode/DerivedData/Chatlio-erkyzdeecsohoaggpwbjdvavzqfv/SourcePackages/checkouts/swift-collections
    builtin-copy -exclude .DS_Store -exclude CVS -exclude .svn -exclude .git -exclude .hg -resolve-src-symlinks /Users/aadityasingh/Library/Developer/Xcode/DerivedData/Chatlio-erkyzdeecsohoaggpwbjdvavzqfv/Build/Intermediates.noindex/swift-collections.build/Debug-iphonesimulator/InternalCollectionsUtilities.build/InternalCollectionsUtilities.modulemap /Users/aadityasingh/Library/Developer/Xcode/DerivedData/Chatlio-erkyzdeecsohoaggpwbjdvavzqfv/Build/Intermediates.noindex/GeneratedModuleMaps-iphonesimulator

WriteAuxiliaryFile /Users/aadityasingh/Library/Developer/Xcode/DerivedData/Chatlio-erkyzdeecsohoaggpwbjdvavzqfv/Build/Intermediates.noindex/swift-collections.build/Debug-iphonesimulator/HeapModule.build/Objects-normal/arm64/HeapModule.LinkFileList (in target 'HeapModule' from project 'swift-collections')
    cd /Users/aadityasingh/Library/Developer/Xcode/DerivedData/Chatlio-erkyzdeecsohoaggpwbjdvavzqfv/SourcePackages/checkouts/swift-collections
    write-file /Users/aadityasingh/Library/Developer/Xcode/DerivedData/Chatlio-erkyzdeecsohoaggpwbjdvavzqfv/Build/Intermediates.noindex/swift-collections.build/Debug-iphonesimulator/HeapModule.build/Objects-normal/arm64/HeapModule.LinkFileList

WriteAuxiliaryFile /Users/aadityasingh/Library/Developer/Xcode/DerivedData/Chatlio-erkyzdeecsohoaggpwbjdvavzqfv/Build/Intermediates.noindex/swift-collections.build/Debug-iphonesimulator/HeapModule.build/Objects-normal/arm64/HeapModule-OutputFileMap.json (in target 'HeapModule' from project 'swift-collections')
    cd /Users/aadityasingh/Library/Developer/Xcode/DerivedData/Chatlio-erkyzdeecsohoaggpwbjdvavzqfv/SourcePackages/checkouts/swift-collections
    write-file /Users/aadityasingh/Library/Developer/Xcode/DerivedData/Chatlio-erkyzdeecsohoaggpwbjdvavzqfv/Build/Intermediates.noindex/swift-collections.build/Debug-iphonesimulator/HeapModule.build/Objects-normal/arm64/HeapModule-OutputFileMap.json

WriteAuxiliaryFile /Users/aadityasingh/Library/Developer/Xcode/DerivedData/Chatlio-erkyzdeecsohoaggpwbjdvavzqfv/Build/Intermediates.noindex/swift-collections.build/Debug-iphonesimulator/HeapModule.build/HeapModule.modulemap (in target 'HeapModule' from project 'swift-collections')
    cd /Users/aadityasingh/Library/Developer/Xcode/DerivedData/Chatlio-erkyzdeecsohoaggpwbjdvavzqfv/SourcePackages/checkouts/swift-collections
    write-file /Users/aadityasingh/Library/Developer/Xcode/DerivedData/Chatlio-erkyzdeecsohoaggpwbjdvavzqfv/Build/Intermediates.noindex/swift-collections.build/Debug-iphonesimulator/HeapModule.build/HeapModule.modulemap

WriteAuxiliaryFile /Users/aadityasingh/Library/Developer/Xcode/DerivedData/Chatlio-erkyzdeecsohoaggpwbjdvavzqfv/Build/Intermediates.noindex/swift-collections.build/Debug-iphonesimulator/HeapModule.build/HeapModule.DependencyStaticMetadataFileList (in target 'HeapModule' from project 'swift-collections')
    cd /Users/aadityasingh/Library/Developer/Xcode/DerivedData/Chatlio-erkyzdeecsohoaggpwbjdvavzqfv/SourcePackages/checkouts/swift-collections
    write-file /Users/aadityasingh/Library/Developer/Xcode/DerivedData/Chatlio-erkyzdeecsohoaggpwbjdvavzqfv/Build/Intermediates.noindex/swift-collections.build/Debug-iphonesimulator/HeapModule.build/HeapModule.DependencyStaticMetadataFileList

WriteAuxiliaryFile /Users/aadityasingh/Library/Developer/Xcode/DerivedData/Chatlio-erkyzdeecsohoaggpwbjdvavzqfv/Build/Intermediates.noindex/swift-collections.build/Debug-iphonesimulator/HeapModule.build/HeapModule.DependencyMetadataFileList (in target 'HeapModule' from project 'swift-collections')
    cd /Users/aadityasingh/Library/Developer/Xcode/DerivedData/Chatlio-erkyzdeecsohoaggpwbjdvavzqfv/SourcePackages/checkouts/swift-collections
    write-file /Users/aadityasingh/Library/Developer/Xcode/DerivedData/Chatlio-erkyzdeecsohoaggpwbjdvavzqfv/Build/Intermediates.noindex/swift-collections.build/Debug-iphonesimulator/HeapModule.build/HeapModule.DependencyMetadataFileList

WriteAuxiliaryFile /Users/aadityasingh/Library/Developer/Xcode/DerivedData/Chatlio-erkyzdeecsohoaggpwbjdvavzqfv/Build/Intermediates.noindex/swift-collections.build/Debug-iphonesimulator/HashTreeCollections.build/Objects-normal/x86_64/HashTreeCollections_const_extract_protocols.json (in target 'HashTreeCollections' from project 'swift-collections')
    cd /Users/aadityasingh/Library/Developer/Xcode/DerivedData/Chatlio-erkyzdeecsohoaggpwbjdvavzqfv/SourcePackages/checkouts/swift-collections
    write-file /Users/aadityasingh/Library/Developer/Xcode/DerivedData/Chatlio-erkyzdeecsohoaggpwbjdvavzqfv/Build/Intermediates.noindex/swift-collections.build/Debug-iphonesimulator/HashTreeCollections.build/Objects-normal/x86_64/HashTreeCollections_const_extract_protocols.json

WriteAuxiliaryFile /Users/aadityasingh/Library/Developer/Xcode/DerivedData/Chatlio-erkyzdeecsohoaggpwbjdvavzqfv/Build/Intermediates.noindex/swift-collections.build/Debug-iphonesimulator/HashTreeCollections.build/Objects-normal/x86_64/HashTreeCollections.SwiftFileList (in target 'HashTreeCollections' from project 'swift-collections')
    cd /Users/aadityasingh/Library/Developer/Xcode/DerivedData/Chatlio-erkyzdeecsohoaggpwbjdvavzqfv/SourcePackages/checkouts/swift-collections
    write-file /Users/aadityasingh/Library/Developer/Xcode/DerivedData/Chatlio-erkyzdeecsohoaggpwbjdvavzqfv/Build/Intermediates.noindex/swift-collections.build/Debug-iphonesimulator/HashTreeCollections.build/Objects-normal/x86_64/HashTreeCollections.SwiftFileList

WriteAuxiliaryFile /Users/aadityasingh/Library/Developer/Xcode/DerivedData/Chatlio-erkyzdeecsohoaggpwbjdvavzqfv/Build/Intermediates.noindex/swift-collections.build/Debug-iphonesimulator/HashTreeCollections.build/Objects-normal/x86_64/HashTreeCollections.SwiftConstValuesFileList (in target 'HashTreeCollections' from project 'swift-collections')
    cd /Users/aadityasingh/Library/Developer/Xcode/DerivedData/Chatlio-erkyzdeecsohoaggpwbjdvavzqfv/SourcePackages/checkouts/swift-collections
    write-file /Users/aadityasingh/Library/Developer/Xcode/DerivedData/Chatlio-erkyzdeecsohoaggpwbjdvavzqfv/Build/Intermediates.noindex/swift-collections.build/Debug-iphonesimulator/HashTreeCollections.build/Objects-normal/x86_64/HashTreeCollections.SwiftConstValuesFileList

WriteAuxiliaryFile /Users/aadityasingh/Library/Developer/Xcode/DerivedData/Chatlio-erkyzdeecsohoaggpwbjdvavzqfv/Build/Intermediates.noindex/swift-collections.build/Debug-iphonesimulator/HashTreeCollections.build/Objects-normal/x86_64/HashTreeCollections.LinkFileList (in target 'HashTreeCollections' from project 'swift-collections')
    cd /Users/aadityasingh/Library/Developer/Xcode/DerivedData/Chatlio-erkyzdeecsohoaggpwbjdvavzqfv/SourcePackages/checkouts/swift-collections
    write-file /Users/aadityasingh/Library/Developer/Xcode/DerivedData/Chatlio-erkyzdeecsohoaggpwbjdvavzqfv/Build/Intermediates.noindex/swift-collections.build/Debug-iphonesimulator/HashTreeCollections.build/Objects-normal/x86_64/HashTreeCollections.LinkFileList

WriteAuxiliaryFile /Users/aadityasingh/Library/Developer/Xcode/DerivedData/Chatlio-erkyzdeecsohoaggpwbjdvavzqfv/Build/Intermediates.noindex/swift-collections.build/Debug-iphonesimulator/HashTreeCollections.build/Objects-normal/x86_64/HashTreeCollections-OutputFileMap.json (in target 'HashTreeCollections' from project 'swift-collections')
    cd /Users/aadityasingh/Library/Developer/Xcode/DerivedData/Chatlio-erkyzdeecsohoaggpwbjdvavzqfv/SourcePackages/checkouts/swift-collections
    write-file /Users/aadityasingh/Library/Developer/Xcode/DerivedData/Chatlio-erkyzdeecsohoaggpwbjdvavzqfv/Build/Intermediates.noindex/swift-collections.build/Debug-iphonesimulator/HashTreeCollections.build/Objects-normal/x86_64/HashTreeCollections-OutputFileMap.json

WriteAuxiliaryFile /Users/aadityasingh/Library/Developer/Xcode/DerivedData/Chatlio-erkyzdeecsohoaggpwbjdvavzqfv/Build/Intermediates.noindex/swift-collections.build/Debug-iphonesimulator/HashTreeCollections.build/Objects-normal/arm64/HashTreeCollections_const_extract_protocols.json (in target 'HashTreeCollections' from project 'swift-collections')
    cd /Users/aadityasingh/Library/Developer/Xcode/DerivedData/Chatlio-erkyzdeecsohoaggpwbjdvavzqfv/SourcePackages/checkouts/swift-collections
    write-file /Users/aadityasingh/Library/Developer/Xcode/DerivedData/Chatlio-erkyzdeecsohoaggpwbjdvavzqfv/Build/Intermediates.noindex/swift-collections.build/Debug-iphonesimulator/HashTreeCollections.build/Objects-normal/arm64/HashTreeCollections_const_extract_protocols.json

WriteAuxiliaryFile /Users/aadityasingh/Library/Developer/Xcode/DerivedData/Chatlio-erkyzdeecsohoaggpwbjdvavzqfv/Build/Intermediates.noindex/swift-collections.build/Debug-iphonesimulator/HashTreeCollections.build/Objects-normal/arm64/HashTreeCollections.SwiftFileList (in target 'HashTreeCollections' from project 'swift-collections')
    cd /Users/aadityasingh/Library/Developer/Xcode/DerivedData/Chatlio-erkyzdeecsohoaggpwbjdvavzqfv/SourcePackages/checkouts/swift-collections
    write-file /Users/aadityasingh/Library/Developer/Xcode/DerivedData/Chatlio-erkyzdeecsohoaggpwbjdvavzqfv/Build/Intermediates.noindex/swift-collections.build/Debug-iphonesimulator/HashTreeCollections.build/Objects-normal/arm64/HashTreeCollections.SwiftFileList

WriteAuxiliaryFile /Users/aadityasingh/Library/Developer/Xcode/DerivedData/Chatlio-erkyzdeecsohoaggpwbjdvavzqfv/Build/Intermediates.noindex/swift-collections.build/Debug-iphonesimulator/HashTreeCollections.build/Objects-normal/arm64/HashTreeCollections.SwiftConstValuesFileList (in target 'HashTreeCollections' from project 'swift-collections')
    cd /Users/aadityasingh/Library/Developer/Xcode/DerivedData/Chatlio-erkyzdeecsohoaggpwbjdvavzqfv/SourcePackages/checkouts/swift-collections
    write-file /Users/aadityasingh/Library/Developer/Xcode/DerivedData/Chatlio-erkyzdeecsohoaggpwbjdvavzqfv/Build/Intermediates.noindex/swift-collections.build/Debug-iphonesimulator/HashTreeCollections.build/Objects-normal/arm64/HashTreeCollections.SwiftConstValuesFileList

WriteAuxiliaryFile /Users/aadityasingh/Library/Developer/Xcode/DerivedData/Chatlio-erkyzdeecsohoaggpwbjdvavzqfv/Build/Intermediates.noindex/swift-collections.build/Debug-iphonesimulator/HashTreeCollections.build/Objects-normal/arm64/HashTreeCollections-OutputFileMap.json (in target 'HashTreeCollections' from project 'swift-collections')
    cd /Users/aadityasingh/Library/Developer/Xcode/DerivedData/Chatlio-erkyzdeecsohoaggpwbjdvavzqfv/SourcePackages/checkouts/swift-collections
    write-file /Users/aadityasingh/Library/Developer/Xcode/DerivedData/Chatlio-erkyzdeecsohoaggpwbjdvavzqfv/Build/Intermediates.noindex/swift-collections.build/Debug-iphonesimulator/HashTreeCollections.build/Objects-normal/arm64/HashTreeCollections-OutputFileMap.json

WriteAuxiliaryFile /Users/aadityasingh/Library/Developer/Xcode/DerivedData/Chatlio-erkyzdeecsohoaggpwbjdvavzqfv/Build/Intermediates.noindex/swift-collections.build/Debug-iphonesimulator/HashTreeCollections.build/Objects-normal/arm64/HashTreeCollections.LinkFileList (in target 'HashTreeCollections' from project 'swift-collections')
    cd /Users/aadityasingh/Library/Developer/Xcode/DerivedData/Chatlio-erkyzdeecsohoaggpwbjdvavzqfv/SourcePackages/checkouts/swift-collections
    write-file /Users/aadityasingh/Library/Developer/Xcode/DerivedData/Chatlio-erkyzdeecsohoaggpwbjdvavzqfv/Build/Intermediates.noindex/swift-collections.build/Debug-iphonesimulator/HashTreeCollections.build/Objects-normal/arm64/HashTreeCollections.LinkFileList

WriteAuxiliaryFile /Users/aadityasingh/Library/Developer/Xcode/DerivedData/Chatlio-erkyzdeecsohoaggpwbjdvavzqfv/Build/Intermediates.noindex/swift-collections.build/Debug-iphonesimulator/HashTreeCollections.build/HashTreeCollections.modulemap (in target 'HashTreeCollections' from project 'swift-collections')
    cd /Users/aadityasingh/Library/Developer/Xcode/DerivedData/Chatlio-erkyzdeecsohoaggpwbjdvavzqfv/SourcePackages/checkouts/swift-collections
    write-file /Users/aadityasingh/Library/Developer/Xcode/DerivedData/Chatlio-erkyzdeecsohoaggpwbjdvavzqfv/Build/Intermediates.noindex/swift-collections.build/Debug-iphonesimulator/HashTreeCollections.build/HashTreeCollections.modulemap

Copy /Users/aadityasingh/Library/Developer/Xcode/DerivedData/Chatlio-erkyzdeecsohoaggpwbjdvavzqfv/Build/Intermediates.noindex/GeneratedModuleMaps-iphonesimulator/HeapModule.modulemap /Users/aadityasingh/Library/Developer/Xcode/DerivedData/Chatlio-erkyzdeecsohoaggpwbjdvavzqfv/Build/Intermediates.noindex/swift-collections.build/Debug-iphonesimulator/HeapModule.build/HeapModule.modulemap (in target 'HeapModule' from project 'swift-collections')
    cd /Users/aadityasingh/Library/Developer/Xcode/DerivedData/Chatlio-erkyzdeecsohoaggpwbjdvavzqfv/SourcePackages/checkouts/swift-collections
    builtin-copy -exclude .DS_Store -exclude CVS -exclude .svn -exclude .git -exclude .hg -resolve-src-symlinks /Users/aadityasingh/Library/Developer/Xcode/DerivedData/Chatlio-erkyzdeecsohoaggpwbjdvavzqfv/Build/Intermediates.noindex/swift-collections.build/Debug-iphonesimulator/HeapModule.build/HeapModule.modulemap /Users/aadityasingh/Library/Developer/Xcode/DerivedData/Chatlio-erkyzdeecsohoaggpwbjdvavzqfv/Build/Intermediates.noindex/GeneratedModuleMaps-iphonesimulator

WriteAuxiliaryFile /Users/aadityasingh/Library/Developer/Xcode/DerivedData/Chatlio-erkyzdeecsohoaggpwbjdvavzqfv/Build/Intermediates.noindex/swift-collections.build/Debug-iphonesimulator/HashTreeCollections.build/HashTreeCollections.DependencyStaticMetadataFileList (in target 'HashTreeCollections' from project 'swift-collections')
    cd /Users/aadityasingh/Library/Developer/Xcode/DerivedData/Chatlio-erkyzdeecsohoaggpwbjdvavzqfv/SourcePackages/checkouts/swift-collections
    write-file /Users/aadityasingh/Library/Developer/Xcode/DerivedData/Chatlio-erkyzdeecsohoaggpwbjdvavzqfv/Build/Intermediates.noindex/swift-collections.build/Debug-iphonesimulator/HashTreeCollections.build/HashTreeCollections.DependencyStaticMetadataFileList

WriteAuxiliaryFile /Users/aadityasingh/Library/Developer/Xcode/DerivedData/Chatlio-erkyzdeecsohoaggpwbjdvavzqfv/Build/Intermediates.noindex/swift-collections.build/Debug-iphonesimulator/HashTreeCollections.build/HashTreeCollections.DependencyMetadataFileList (in target 'HashTreeCollections' from project 'swift-collections')
    cd /Users/aadityasingh/Library/Developer/Xcode/DerivedData/Chatlio-erkyzdeecsohoaggpwbjdvavzqfv/SourcePackages/checkouts/swift-collections
    write-file /Users/aadityasingh/Library/Developer/Xcode/DerivedData/Chatlio-erkyzdeecsohoaggpwbjdvavzqfv/Build/Intermediates.noindex/swift-collections.build/Debug-iphonesimulator/HashTreeCollections.build/HashTreeCollections.DependencyMetadataFileList

WriteAuxiliaryFile /Users/aadityasingh/Library/Developer/Xcode/DerivedData/Chatlio-erkyzdeecsohoaggpwbjdvavzqfv/Build/Intermediates.noindex/WysiwygComposer.build/Debug-iphonesimulator/HTMLParser.build/Objects-normal/x86_64/HTMLParser.SwiftFileList (in target 'HTMLParser' from project 'WysiwygComposer')
    cd /Users/aadityasingh/Library/Developer/Xcode/DerivedData/Chatlio-erkyzdeecsohoaggpwbjdvavzqfv/SourcePackages/checkouts/matrix-rich-text-editor-swift
    write-file /Users/aadityasingh/Library/Developer/Xcode/DerivedData/Chatlio-erkyzdeecsohoaggpwbjdvavzqfv/Build/Intermediates.noindex/WysiwygComposer.build/Debug-iphonesimulator/HTMLParser.build/Objects-normal/x86_64/HTMLParser.SwiftFileList

WriteAuxiliaryFile /Users/aadityasingh/Library/Developer/Xcode/DerivedData/Chatlio-erkyzdeecsohoaggpwbjdvavzqfv/Build/Intermediates.noindex/WysiwygComposer.build/Debug-iphonesimulator/HTMLParser.build/Objects-normal/x86_64/HTMLParser_const_extract_protocols.json (in target 'HTMLParser' from project 'WysiwygComposer')
    cd /Users/aadityasingh/Library/Developer/Xcode/DerivedData/Chatlio-erkyzdeecsohoaggpwbjdvavzqfv/SourcePackages/checkouts/matrix-rich-text-editor-swift
    write-file /Users/aadityasingh/Library/Developer/Xcode/DerivedData/Chatlio-erkyzdeecsohoaggpwbjdvavzqfv/Build/Intermediates.noindex/WysiwygComposer.build/Debug-iphonesimulator/HTMLParser.build/Objects-normal/x86_64/HTMLParser_const_extract_protocols.json

WriteAuxiliaryFile /Users/aadityasingh/Library/Developer/Xcode/DerivedData/Chatlio-erkyzdeecsohoaggpwbjdvavzqfv/Build/Intermediates.noindex/WysiwygComposer.build/Debug-iphonesimulator/HTMLParser.build/Objects-normal/x86_64/HTMLParser.SwiftConstValuesFileList (in target 'HTMLParser' from project 'WysiwygComposer')
    cd /Users/aadityasingh/Library/Developer/Xcode/DerivedData/Chatlio-erkyzdeecsohoaggpwbjdvavzqfv/SourcePackages/checkouts/matrix-rich-text-editor-swift
    write-file /Users/aadityasingh/Library/Developer/Xcode/DerivedData/Chatlio-erkyzdeecsohoaggpwbjdvavzqfv/Build/Intermediates.noindex/WysiwygComposer.build/Debug-iphonesimulator/HTMLParser.build/Objects-normal/x86_64/HTMLParser.SwiftConstValuesFileList

WriteAuxiliaryFile /Users/aadityasingh/Library/Developer/Xcode/DerivedData/Chatlio-erkyzdeecsohoaggpwbjdvavzqfv/Build/Intermediates.noindex/WysiwygComposer.build/Debug-iphonesimulator/HTMLParser.build/Objects-normal/x86_64/HTMLParser.LinkFileList (in target 'HTMLParser' from project 'WysiwygComposer')
    cd /Users/aadityasingh/Library/Developer/Xcode/DerivedData/Chatlio-erkyzdeecsohoaggpwbjdvavzqfv/SourcePackages/checkouts/matrix-rich-text-editor-swift
    write-file /Users/aadityasingh/Library/Developer/Xcode/DerivedData/Chatlio-erkyzdeecsohoaggpwbjdvavzqfv/Build/Intermediates.noindex/WysiwygComposer.build/Debug-iphonesimulator/HTMLParser.build/Objects-normal/x86_64/HTMLParser.LinkFileList

WriteAuxiliaryFile /Users/aadityasingh/Library/Developer/Xcode/DerivedData/Chatlio-erkyzdeecsohoaggpwbjdvavzqfv/Build/Intermediates.noindex/WysiwygComposer.build/Debug-iphonesimulator/HTMLParser.build/Objects-normal/x86_64/HTMLParser-OutputFileMap.json (in target 'HTMLParser' from project 'WysiwygComposer')
    cd /Users/aadityasingh/Library/Developer/Xcode/DerivedData/Chatlio-erkyzdeecsohoaggpwbjdvavzqfv/SourcePackages/checkouts/matrix-rich-text-editor-swift
    write-file /Users/aadityasingh/Library/Developer/Xcode/DerivedData/Chatlio-erkyzdeecsohoaggpwbjdvavzqfv/Build/Intermediates.noindex/WysiwygComposer.build/Debug-iphonesimulator/HTMLParser.build/Objects-normal/x86_64/HTMLParser-OutputFileMap.json

WriteAuxiliaryFile /Users/aadityasingh/Library/Developer/Xcode/DerivedData/Chatlio-erkyzdeecsohoaggpwbjdvavzqfv/Build/Intermediates.noindex/WysiwygComposer.build/Debug-iphonesimulator/HTMLParser.build/Objects-normal/arm64/HTMLParser_const_extract_protocols.json (in target 'HTMLParser' from project 'WysiwygComposer')
    cd /Users/aadityasingh/Library/Developer/Xcode/DerivedData/Chatlio-erkyzdeecsohoaggpwbjdvavzqfv/SourcePackages/checkouts/matrix-rich-text-editor-swift
    write-file /Users/aadityasingh/Library/Developer/Xcode/DerivedData/Chatlio-erkyzdeecsohoaggpwbjdvavzqfv/Build/Intermediates.noindex/WysiwygComposer.build/Debug-iphonesimulator/HTMLParser.build/Objects-normal/arm64/HTMLParser_const_extract_protocols.json

WriteAuxiliaryFile /Users/aadityasingh/Library/Developer/Xcode/DerivedData/Chatlio-erkyzdeecsohoaggpwbjdvavzqfv/Build/Intermediates.noindex/WysiwygComposer.build/Debug-iphonesimulator/HTMLParser.build/Objects-normal/arm64/HTMLParser.SwiftFileList (in target 'HTMLParser' from project 'WysiwygComposer')
    cd /Users/aadityasingh/Library/Developer/Xcode/DerivedData/Chatlio-erkyzdeecsohoaggpwbjdvavzqfv/SourcePackages/checkouts/matrix-rich-text-editor-swift
    write-file /Users/aadityasingh/Library/Developer/Xcode/DerivedData/Chatlio-erkyzdeecsohoaggpwbjdvavzqfv/Build/Intermediates.noindex/WysiwygComposer.build/Debug-iphonesimulator/HTMLParser.build/Objects-normal/arm64/HTMLParser.SwiftFileList

WriteAuxiliaryFile /Users/aadityasingh/Library/Developer/Xcode/DerivedData/Chatlio-erkyzdeecsohoaggpwbjdvavzqfv/Build/Intermediates.noindex/WysiwygComposer.build/Debug-iphonesimulator/HTMLParser.build/Objects-normal/arm64/HTMLParser.SwiftConstValuesFileList (in target 'HTMLParser' from project 'WysiwygComposer')
    cd /Users/aadityasingh/Library/Developer/Xcode/DerivedData/Chatlio-erkyzdeecsohoaggpwbjdvavzqfv/SourcePackages/checkouts/matrix-rich-text-editor-swift
    write-file /Users/aadityasingh/Library/Developer/Xcode/DerivedData/Chatlio-erkyzdeecsohoaggpwbjdvavzqfv/Build/Intermediates.noindex/WysiwygComposer.build/Debug-iphonesimulator/HTMLParser.build/Objects-normal/arm64/HTMLParser.SwiftConstValuesFileList

Copy /Users/aadityasingh/Library/Developer/Xcode/DerivedData/Chatlio-erkyzdeecsohoaggpwbjdvavzqfv/Build/Intermediates.noindex/GeneratedModuleMaps-iphonesimulator/HashTreeCollections.modulemap /Users/aadityasingh/Library/Developer/Xcode/DerivedData/Chatlio-erkyzdeecsohoaggpwbjdvavzqfv/Build/Intermediates.noindex/swift-collections.build/Debug-iphonesimulator/HashTreeCollections.build/HashTreeCollections.modulemap (in target 'HashTreeCollections' from project 'swift-collections')
    cd /Users/aadityasingh/Library/Developer/Xcode/DerivedData/Chatlio-erkyzdeecsohoaggpwbjdvavzqfv/SourcePackages/checkouts/swift-collections
    builtin-copy -exclude .DS_Store -exclude CVS -exclude .svn -exclude .git -exclude .hg -resolve-src-symlinks /Users/aadityasingh/Library/Developer/Xcode/DerivedData/Chatlio-erkyzdeecsohoaggpwbjdvavzqfv/Build/Intermediates.noindex/swift-collections.build/Debug-iphonesimulator/HashTreeCollections.build/HashTreeCollections.modulemap /Users/aadityasingh/Library/Developer/Xcode/DerivedData/Chatlio-erkyzdeecsohoaggpwbjdvavzqfv/Build/Intermediates.noindex/GeneratedModuleMaps-iphonesimulator

WriteAuxiliaryFile /Users/aadityasingh/Library/Developer/Xcode/DerivedData/Chatlio-erkyzdeecsohoaggpwbjdvavzqfv/Build/Intermediates.noindex/WysiwygComposer.build/Debug-iphonesimulator/HTMLParser.build/Objects-normal/arm64/HTMLParser.LinkFileList (in target 'HTMLParser' from project 'WysiwygComposer')
    cd /Users/aadityasingh/Library/Developer/Xcode/DerivedData/Chatlio-erkyzdeecsohoaggpwbjdvavzqfv/SourcePackages/checkouts/matrix-rich-text-editor-swift
    write-file /Users/aadityasingh/Library/Developer/Xcode/DerivedData/Chatlio-erkyzdeecsohoaggpwbjdvavzqfv/Build/Intermediates.noindex/WysiwygComposer.build/Debug-iphonesimulator/HTMLParser.build/Objects-normal/arm64/HTMLParser.LinkFileList

WriteAuxiliaryFile /Users/aadityasingh/Library/Developer/Xcode/DerivedData/Chatlio-erkyzdeecsohoaggpwbjdvavzqfv/Build/Intermediates.noindex/WysiwygComposer.build/Debug-iphonesimulator/HTMLParser.build/Objects-normal/arm64/HTMLParser-OutputFileMap.json (in target 'HTMLParser' from project 'WysiwygComposer')
    cd /Users/aadityasingh/Library/Developer/Xcode/DerivedData/Chatlio-erkyzdeecsohoaggpwbjdvavzqfv/SourcePackages/checkouts/matrix-rich-text-editor-swift
    write-file /Users/aadityasingh/Library/Developer/Xcode/DerivedData/Chatlio-erkyzdeecsohoaggpwbjdvavzqfv/Build/Intermediates.noindex/WysiwygComposer.build/Debug-iphonesimulator/HTMLParser.build/Objects-normal/arm64/HTMLParser-OutputFileMap.json

WriteAuxiliaryFile /Users/aadityasingh/Library/Developer/Xcode/DerivedData/Chatlio-erkyzdeecsohoaggpwbjdvavzqfv/Build/Intermediates.noindex/WysiwygComposer.build/Debug-iphonesimulator/HTMLParser.build/HTMLParser.modulemap (in target 'HTMLParser' from project 'WysiwygComposer')
    cd /Users/aadityasingh/Library/Developer/Xcode/DerivedData/Chatlio-erkyzdeecsohoaggpwbjdvavzqfv/SourcePackages/checkouts/matrix-rich-text-editor-swift
    write-file /Users/aadityasingh/Library/Developer/Xcode/DerivedData/Chatlio-erkyzdeecsohoaggpwbjdvavzqfv/Build/Intermediates.noindex/WysiwygComposer.build/Debug-iphonesimulator/HTMLParser.build/HTMLParser.modulemap

WriteAuxiliaryFile /Users/aadityasingh/Library/Developer/Xcode/DerivedData/Chatlio-erkyzdeecsohoaggpwbjdvavzqfv/Build/Intermediates.noindex/WysiwygComposer.build/Debug-iphonesimulator/HTMLParser.build/HTMLParser.DependencyStaticMetadataFileList (in target 'HTMLParser' from project 'WysiwygComposer')
    cd /Users/aadityasingh/Library/Developer/Xcode/DerivedData/Chatlio-erkyzdeecsohoaggpwbjdvavzqfv/SourcePackages/checkouts/matrix-rich-text-editor-swift
    write-file /Users/aadityasingh/Library/Developer/Xcode/DerivedData/Chatlio-erkyzdeecsohoaggpwbjdvavzqfv/Build/Intermediates.noindex/WysiwygComposer.build/Debug-iphonesimulator/HTMLParser.build/HTMLParser.DependencyStaticMetadataFileList

WriteAuxiliaryFile /Users/aadityasingh/Library/Developer/Xcode/DerivedData/Chatlio-erkyzdeecsohoaggpwbjdvavzqfv/Build/Intermediates.noindex/WysiwygComposer.build/Debug-iphonesimulator/HTMLParser.build/HTMLParser.DependencyMetadataFileList (in target 'HTMLParser' from project 'WysiwygComposer')
    cd /Users/aadityasingh/Library/Developer/Xcode/DerivedData/Chatlio-erkyzdeecsohoaggpwbjdvavzqfv/SourcePackages/checkouts/matrix-rich-text-editor-swift
    write-file /Users/aadityasingh/Library/Developer/Xcode/DerivedData/Chatlio-erkyzdeecsohoaggpwbjdvavzqfv/Build/Intermediates.noindex/WysiwygComposer.build/Debug-iphonesimulator/HTMLParser.build/HTMLParser.DependencyMetadataFileList

WriteAuxiliaryFile /Users/aadityasingh/Library/Developer/Xcode/DerivedData/Chatlio-erkyzdeecsohoaggpwbjdvavzqfv/Build/Intermediates.noindex/GZIP.build/Debug-iphonesimulator/GZIP.build/Objects-normal/x86_64/GZIP.LinkFileList (in target 'GZIP' from project 'GZIP')
    cd /Users/aadityasingh/Library/Developer/Xcode/DerivedData/Chatlio-erkyzdeecsohoaggpwbjdvavzqfv/SourcePackages/checkouts/GZIP
    write-file /Users/aadityasingh/Library/Developer/Xcode/DerivedData/Chatlio-erkyzdeecsohoaggpwbjdvavzqfv/Build/Intermediates.noindex/GZIP.build/Debug-iphonesimulator/GZIP.build/Objects-normal/x86_64/GZIP.LinkFileList

WriteAuxiliaryFile /Users/aadityasingh/Library/Developer/Xcode/DerivedData/Chatlio-erkyzdeecsohoaggpwbjdvavzqfv/Build/Intermediates.noindex/GZIP.build/Debug-iphonesimulator/GZIP.build/Objects-normal/x86_64/e6072d4f65d7061329687fe24e3d63a7-common-args.resp (in target 'GZIP' from project 'GZIP')
    cd /Users/aadityasingh/Library/Developer/Xcode/DerivedData/Chatlio-erkyzdeecsohoaggpwbjdvavzqfv/SourcePackages/checkouts/GZIP
    write-file /Users/aadityasingh/Library/Developer/Xcode/DerivedData/Chatlio-erkyzdeecsohoaggpwbjdvavzqfv/Build/Intermediates.noindex/GZIP.build/Debug-iphonesimulator/GZIP.build/Objects-normal/x86_64/e6072d4f65d7061329687fe24e3d63a7-common-args.resp
-fobjc-arc -fmodules -gmodules '-fmodules-cache-path=/Users/aadityasingh/Library/Developer/Xcode/DerivedData/ModuleCache.noindex' '-fmodule-name=GZIP' -fpascal-strings -O0 -DSWIFT_PACKAGE '-DDEBUG=1' '-DOBJC_OLD_DISPATCH_PROTOTYPES=1' -fasm-blocks -g '-fobjc-abi-version=2' -fobjc-legacy-dispatch -fprofile-instr-generate -fcoverage-mapping -I/Users/aadityasingh/Library/Developer/Xcode/DerivedData/Chatlio-erkyzdeecsohoaggpwbjdvavzqfv/Build/Products/Debug-iphonesimulator/include -I/Users/aadityasingh/Library/Developer/Xcode/DerivedData/Chatlio-erkyzdeecsohoaggpwbjdvavzqfv/SourcePackages/checkouts/GZIP/GZIP/Sources -I/Users/aadityasingh/Library/Developer/Xcode/DerivedData/Chatlio-erkyzdeecsohoaggpwbjdvavzqfv/Build/Intermediates.noindex/GZIP.build/Debug-iphonesimulator/GZIP.build/DerivedSources-normal/x86_64 -I/Users/aadityasingh/Library/Developer/Xcode/DerivedData/Chatlio-erkyzdeecsohoaggpwbjdvavzqfv/Build/Intermediates.noindex/GZIP.build/Debug-iphonesimulator/GZIP.build/DerivedSources/x86_64 -I/Users/aadityasingh/Library/Developer/Xcode/DerivedData/Chatlio-erkyzdeecsohoaggpwbjdvavzqfv/Build/Intermediates.noindex/GZIP.build/Debug-iphonesimulator/GZIP.build/DerivedSources -F/Users/aadityasingh/Library/Developer/Xcode/DerivedData/Chatlio-erkyzdeecsohoaggpwbjdvavzqfv/Build/Products/Debug-iphonesimulator -iframework /Applications/Xcode.app/Contents/Developer/Platforms/iPhoneSimulator.platform/Developer/Library/Frameworks -iframework /Applications/Xcode.app/Contents/Developer/Platforms/iPhoneSimulator.platform/Developer/SDKs/iPhoneSimulator26.4.sdk/Developer/Library/Frameworks -DXcode

WriteAuxiliaryFile /Users/aadityasingh/Library/Developer/Xcode/DerivedData/Chatlio-erkyzdeecsohoaggpwbjdvavzqfv/Build/Intermediates.noindex/GZIP.build/Debug-iphonesimulator/GZIP.build/Objects-normal/arm64/e6072d4f65d7061329687fe24e3d63a7-common-args.resp (in target 'GZIP' from project 'GZIP')
    cd /Users/aadityasingh/Library/Developer/Xcode/DerivedData/Chatlio-erkyzdeecsohoaggpwbjdvavzqfv/SourcePackages/checkouts/GZIP
    write-file /Users/aadityasingh/Library/Developer/Xcode/DerivedData/Chatlio-erkyzdeecsohoaggpwbjdvavzqfv/Build/Intermediates.noindex/GZIP.build/Debug-iphonesimulator/GZIP.build/Objects-normal/arm64/e6072d4f65d7061329687fe24e3d63a7-common-args.resp
-fobjc-arc -fmodules -gmodules '-fmodules-cache-path=/Users/aadityasingh/Library/Developer/Xcode/DerivedData/ModuleCache.noindex' '-fmodule-name=GZIP' -fpascal-strings -O0 -DSWIFT_PACKAGE '-DDEBUG=1' '-DOBJC_OLD_DISPATCH_PROTOTYPES=1' -g '-fobjc-abi-version=2' -fobjc-legacy-dispatch -fprofile-instr-generate -fcoverage-mapping -I/Users/aadityasingh/Library/Developer/Xcode/DerivedData/Chatlio-erkyzdeecsohoaggpwbjdvavzqfv/Build/Products/Debug-iphonesimulator/include -I/Users/aadityasingh/Library/Developer/Xcode/DerivedData/Chatlio-erkyzdeecsohoaggpwbjdvavzqfv/SourcePackages/checkouts/GZIP/GZIP/Sources -I/Users/aadityasingh/Library/Developer/Xcode/DerivedData/Chatlio-erkyzdeecsohoaggpwbjdvavzqfv/Build/Intermediates.noindex/GZIP.build/Debug-iphonesimulator/GZIP.build/DerivedSources-normal/arm64 -I/Users/aadityasingh/Library/Developer/Xcode/DerivedData/Chatlio-erkyzdeecsohoaggpwbjdvavzqfv/Build/Intermediates.noindex/GZIP.build/Debug-iphonesimulator/GZIP.build/DerivedSources/arm64 -I/Users/aadityasingh/Library/Developer/Xcode/DerivedData/Chatlio-erkyzdeecsohoaggpwbjdvavzqfv/Build/Intermediates.noindex/GZIP.build/Debug-iphonesimulator/GZIP.build/DerivedSources -F/Users/aadityasingh/Library/Developer/Xcode/DerivedData/Chatlio-erkyzdeecsohoaggpwbjdvavzqfv/Build/Products/Debug-iphonesimulator -iframework /Applications/Xcode.app/Contents/Developer/Platforms/iPhoneSimulator.platform/Developer/Library/Frameworks -iframework /Applications/Xcode.app/Contents/Developer/Platforms/iPhoneSimulator.platform/Developer/SDKs/iPhoneSimulator26.4.sdk/Developer/Library/Frameworks -DXcode

WriteAuxiliaryFile /Users/aadityasingh/Library/Developer/Xcode/DerivedData/Chatlio-erkyzdeecsohoaggpwbjdvavzqfv/Build/Intermediates.noindex/GZIP.build/Debug-iphonesimulator/GZIP.build/Objects-normal/arm64/GZIP.LinkFileList (in target 'GZIP' from project 'GZIP')
    cd /Users/aadityasingh/Library/Developer/Xcode/DerivedData/Chatlio-erkyzdeecsohoaggpwbjdvavzqfv/SourcePackages/checkouts/GZIP
    write-file /Users/aadityasingh/Library/Developer/Xcode/DerivedData/Chatlio-erkyzdeecsohoaggpwbjdvavzqfv/Build/Intermediates.noindex/GZIP.build/Debug-iphonesimulator/GZIP.build/Objects-normal/arm64/GZIP.LinkFileList

WriteAuxiliaryFile /Users/aadityasingh/Library/Developer/Xcode/DerivedData/Chatlio-erkyzdeecsohoaggpwbjdvavzqfv/Build/Intermediates.noindex/GZIP.build/Debug-iphonesimulator/GZIP.build/GZIP.modulemap (in target 'GZIP' from project 'GZIP')
    cd /Users/aadityasingh/Library/Developer/Xcode/DerivedData/Chatlio-erkyzdeecsohoaggpwbjdvavzqfv/SourcePackages/checkouts/GZIP
    write-file /Users/aadityasingh/Library/Developer/Xcode/DerivedData/Chatlio-erkyzdeecsohoaggpwbjdvavzqfv/Build/Intermediates.noindex/GZIP.build/Debug-iphonesimulator/GZIP.build/GZIP.modulemap

WriteAuxiliaryFile /Users/aadityasingh/Library/Developer/Xcode/DerivedData/Chatlio-erkyzdeecsohoaggpwbjdvavzqfv/Build/Intermediates.noindex/GZIP.build/Debug-iphonesimulator/GZIP.build/GZIP.DependencyStaticMetadataFileList (in target 'GZIP' from project 'GZIP')
    cd /Users/aadityasingh/Library/Developer/Xcode/DerivedData/Chatlio-erkyzdeecsohoaggpwbjdvavzqfv/SourcePackages/checkouts/GZIP
    write-file /Users/aadityasingh/Library/Developer/Xcode/DerivedData/Chatlio-erkyzdeecsohoaggpwbjdvavzqfv/Build/Intermediates.noindex/GZIP.build/Debug-iphonesimulator/GZIP.build/GZIP.DependencyStaticMetadataFileList

WriteAuxiliaryFile /Users/aadityasingh/Library/Developer/Xcode/DerivedData/Chatlio-erkyzdeecsohoaggpwbjdvavzqfv/Build/Intermediates.noindex/GZIP.build/Debug-iphonesimulator/GZIP.build/GZIP.DependencyMetadataFileList (in target 'GZIP' from project 'GZIP')
    cd /Users/aadityasingh/Library/Developer/Xcode/DerivedData/Chatlio-erkyzdeecsohoaggpwbjdvavzqfv/SourcePackages/checkouts/GZIP
    write-file /Users/aadityasingh/Library/Developer/Xcode/DerivedData/Chatlio-erkyzdeecsohoaggpwbjdvavzqfv/Build/Intermediates.noindex/GZIP.build/Debug-iphonesimulator/GZIP.build/GZIP.DependencyMetadataFileList

Copy /Users/aadityasingh/Library/Developer/Xcode/DerivedData/Chatlio-erkyzdeecsohoaggpwbjdvavzqfv/Build/Intermediates.noindex/GeneratedModuleMaps-iphonesimulator/HTMLParser.modulemap /Users/aadityasingh/Library/Developer/Xcode/DerivedData/Chatlio-erkyzdeecsohoaggpwbjdvavzqfv/Build/Intermediates.noindex/WysiwygComposer.build/Debug-iphonesimulator/HTMLParser.build/HTMLParser.modulemap (in target 'HTMLParser' from project 'WysiwygComposer')
    cd /Users/aadityasingh/Library/Developer/Xcode/DerivedData/Chatlio-erkyzdeecsohoaggpwbjdvavzqfv/SourcePackages/checkouts/matrix-rich-text-editor-swift
    builtin-copy -exclude .DS_Store -exclude CVS -exclude .svn -exclude .git -exclude .hg -resolve-src-symlinks /Users/aadityasingh/Library/Developer/Xcode/DerivedData/Chatlio-erkyzdeecsohoaggpwbjdvavzqfv/Build/Intermediates.noindex/WysiwygComposer.build/Debug-iphonesimulator/HTMLParser.build/HTMLParser.modulemap /Users/aadityasingh/Library/Developer/Xcode/DerivedData/Chatlio-erkyzdeecsohoaggpwbjdvavzqfv/Build/Intermediates.noindex/GeneratedModuleMaps-iphonesimulator

WriteAuxiliaryFile /Users/aadityasingh/Library/Developer/Xcode/DerivedData/Chatlio-erkyzdeecsohoaggpwbjdvavzqfv/Build/Intermediates.noindex/Flow.build/Debug-iphonesimulator/Flow.build/Objects-normal/x86_64/Flow.SwiftConstValuesFileList (in target 'Flow' from project 'Flow')
    cd /Users/aadityasingh/Library/Developer/Xcode/DerivedData/Chatlio-erkyzdeecsohoaggpwbjdvavzqfv/SourcePackages/checkouts/SwiftUI-Flow
    write-file /Users/aadityasingh/Library/Developer/Xcode/DerivedData/Chatlio-erkyzdeecsohoaggpwbjdvavzqfv/Build/Intermediates.noindex/Flow.build/Debug-iphonesimulator/Flow.build/Objects-normal/x86_64/Flow.SwiftConstValuesFileList

WriteAuxiliaryFile /Users/aadityasingh/Library/Developer/Xcode/DerivedData/Chatlio-erkyzdeecsohoaggpwbjdvavzqfv/Build/Intermediates.noindex/Flow.build/Debug-iphonesimulator/Flow.build/Objects-normal/x86_64/Flow.SwiftFileList (in target 'Flow' from project 'Flow')
    cd /Users/aadityasingh/Library/Developer/Xcode/DerivedData/Chatlio-erkyzdeecsohoaggpwbjdvavzqfv/SourcePackages/checkouts/SwiftUI-Flow
    write-file /Users/aadityasingh/Library/Developer/Xcode/DerivedData/Chatlio-erkyzdeecsohoaggpwbjdvavzqfv/Build/Intermediates.noindex/Flow.build/Debug-iphonesimulator/Flow.build/Objects-normal/x86_64/Flow.SwiftFileList

WriteAuxiliaryFile /Users/aadityasingh/Library/Developer/Xcode/DerivedData/Chatlio-erkyzdeecsohoaggpwbjdvavzqfv/Build/Intermediates.noindex/Flow.build/Debug-iphonesimulator/Flow.build/Objects-normal/x86_64/Flow.LinkFileList (in target 'Flow' from project 'Flow')
    cd /Users/aadityasingh/Library/Developer/Xcode/DerivedData/Chatlio-erkyzdeecsohoaggpwbjdvavzqfv/SourcePackages/checkouts/SwiftUI-Flow
    write-file /Users/aadityasingh/Library/Developer/Xcode/DerivedData/Chatlio-erkyzdeecsohoaggpwbjdvavzqfv/Build/Intermediates.noindex/Flow.build/Debug-iphonesimulator/Flow.build/Objects-normal/x86_64/Flow.LinkFileList

WriteAuxiliaryFile /Users/aadityasingh/Library/Developer/Xcode/DerivedData/Chatlio-erkyzdeecsohoaggpwbjdvavzqfv/Build/Intermediates.noindex/Flow.build/Debug-iphonesimulator/Flow.build/Objects-normal/x86_64/Flow_const_extract_protocols.json (in target 'Flow' from project 'Flow')
    cd /Users/aadityasingh/Library/Developer/Xcode/DerivedData/Chatlio-erkyzdeecsohoaggpwbjdvavzqfv/SourcePackages/checkouts/SwiftUI-Flow
    write-file /Users/aadityasingh/Library/Developer/Xcode/DerivedData/Chatlio-erkyzdeecsohoaggpwbjdvavzqfv/Build/Intermediates.noindex/Flow.build/Debug-iphonesimulator/Flow.build/Objects-normal/x86_64/Flow_const_extract_protocols.json

WriteAuxiliaryFile /Users/aadityasingh/Library/Developer/Xcode/DerivedData/Chatlio-erkyzdeecsohoaggpwbjdvavzqfv/Build/Intermediates.noindex/Flow.build/Debug-iphonesimulator/Flow.build/Objects-normal/x86_64/Flow-OutputFileMap.json (in target 'Flow' from project 'Flow')
    cd /Users/aadityasingh/Library/Developer/Xcode/DerivedData/Chatlio-erkyzdeecsohoaggpwbjdvavzqfv/SourcePackages/checkouts/SwiftUI-Flow
    write-file /Users/aadityasingh/Library/Developer/Xcode/DerivedData/Chatlio-erkyzdeecsohoaggpwbjdvavzqfv/Build/Intermediates.noindex/Flow.build/Debug-iphonesimulator/Flow.build/Objects-normal/x86_64/Flow-OutputFileMap.json

WriteAuxiliaryFile /Users/aadityasingh/Library/Developer/Xcode/DerivedData/Chatlio-erkyzdeecsohoaggpwbjdvavzqfv/Build/Intermediates.noindex/Flow.build/Debug-iphonesimulator/Flow.build/Objects-normal/arm64/Flow_const_extract_protocols.json (in target 'Flow' from project 'Flow')
    cd /Users/aadityasingh/Library/Developer/Xcode/DerivedData/Chatlio-erkyzdeecsohoaggpwbjdvavzqfv/SourcePackages/checkouts/SwiftUI-Flow
    write-file /Users/aadityasingh/Library/Developer/Xcode/DerivedData/Chatlio-erkyzdeecsohoaggpwbjdvavzqfv/Build/Intermediates.noindex/Flow.build/Debug-iphonesimulator/Flow.build/Objects-normal/arm64/Flow_const_extract_protocols.json

WriteAuxiliaryFile /Users/aadityasingh/Library/Developer/Xcode/DerivedData/Chatlio-erkyzdeecsohoaggpwbjdvavzqfv/Build/Intermediates.noindex/Flow.build/Debug-iphonesimulator/Flow.build/Objects-normal/arm64/Flow.SwiftFileList (in target 'Flow' from project 'Flow')
    cd /Users/aadityasingh/Library/Developer/Xcode/DerivedData/Chatlio-erkyzdeecsohoaggpwbjdvavzqfv/SourcePackages/checkouts/SwiftUI-Flow
    write-file /Users/aadityasingh/Library/Developer/Xcode/DerivedData/Chatlio-erkyzdeecsohoaggpwbjdvavzqfv/Build/Intermediates.noindex/Flow.build/Debug-iphonesimulator/Flow.build/Objects-normal/arm64/Flow.SwiftFileList

WriteAuxiliaryFile /Users/aadityasingh/Library/Developer/Xcode/DerivedData/Chatlio-erkyzdeecsohoaggpwbjdvavzqfv/Build/Intermediates.noindex/Flow.build/Debug-iphonesimulator/Flow.build/Objects-normal/arm64/Flow.SwiftConstValuesFileList (in target 'Flow' from project 'Flow')
    cd /Users/aadityasingh/Library/Developer/Xcode/DerivedData/Chatlio-erkyzdeecsohoaggpwbjdvavzqfv/SourcePackages/checkouts/SwiftUI-Flow
    write-file /Users/aadityasingh/Library/Developer/Xcode/DerivedData/Chatlio-erkyzdeecsohoaggpwbjdvavzqfv/Build/Intermediates.noindex/Flow.build/Debug-iphonesimulator/Flow.build/Objects-normal/arm64/Flow.SwiftConstValuesFileList

Copy /Users/aadityasingh/Library/Developer/Xcode/DerivedData/Chatlio-erkyzdeecsohoaggpwbjdvavzqfv/Build/Intermediates.noindex/GeneratedModuleMaps-iphonesimulator/GZIP.modulemap /Users/aadityasingh/Library/Developer/Xcode/DerivedData/Chatlio-erkyzdeecsohoaggpwbjdvavzqfv/Build/Intermediates.noindex/GZIP.build/Debug-iphonesimulator/GZIP.build/GZIP.modulemap (in target 'GZIP' from project 'GZIP')
    cd /Users/aadityasingh/Library/Developer/Xcode/DerivedData/Chatlio-erkyzdeecsohoaggpwbjdvavzqfv/SourcePackages/checkouts/GZIP
    builtin-copy -exclude .DS_Store -exclude CVS -exclude .svn -exclude .git -exclude .hg -resolve-src-symlinks /Users/aadityasingh/Library/Developer/Xcode/DerivedData/Chatlio-erkyzdeecsohoaggpwbjdvavzqfv/Build/Intermediates.noindex/GZIP.build/Debug-iphonesimulator/GZIP.build/GZIP.modulemap /Users/aadityasingh/Library/Developer/Xcode/DerivedData/Chatlio-erkyzdeecsohoaggpwbjdvavzqfv/Build/Intermediates.noindex/GeneratedModuleMaps-iphonesimulator

WriteAuxiliaryFile /Users/aadityasingh/Library/Developer/Xcode/DerivedData/Chatlio-erkyzdeecsohoaggpwbjdvavzqfv/Build/Intermediates.noindex/Flow.build/Debug-iphonesimulator/Flow.build/Objects-normal/arm64/Flow.LinkFileList (in target 'Flow' from project 'Flow')
    cd /Users/aadityasingh/Library/Developer/Xcode/DerivedData/Chatlio-erkyzdeecsohoaggpwbjdvavzqfv/SourcePackages/checkouts/SwiftUI-Flow
    write-file /Users/aadityasingh/Library/Developer/Xcode/DerivedData/Chatlio-erkyzdeecsohoaggpwbjdvavzqfv/Build/Intermediates.noindex/Flow.build/Debug-iphonesimulator/Flow.build/Objects-normal/arm64/Flow.LinkFileList

WriteAuxiliaryFile /Users/aadityasingh/Library/Developer/Xcode/DerivedData/Chatlio-erkyzdeecsohoaggpwbjdvavzqfv/Build/Intermediates.noindex/Flow.build/Debug-iphonesimulator/Flow.build/Objects-normal/arm64/Flow-OutputFileMap.json (in target 'Flow' from project 'Flow')
    cd /Users/aadityasingh/Library/Developer/Xcode/DerivedData/Chatlio-erkyzdeecsohoaggpwbjdvavzqfv/SourcePackages/checkouts/SwiftUI-Flow
    write-file /Users/aadityasingh/Library/Developer/Xcode/DerivedData/Chatlio-erkyzdeecsohoaggpwbjdvavzqfv/Build/Intermediates.noindex/Flow.build/Debug-iphonesimulator/Flow.build/Objects-normal/arm64/Flow-OutputFileMap.json

WriteAuxiliaryFile /Users/aadityasingh/Library/Developer/Xcode/DerivedData/Chatlio-erkyzdeecsohoaggpwbjdvavzqfv/Build/Intermediates.noindex/Flow.build/Debug-iphonesimulator/Flow.build/Flow.modulemap (in target 'Flow' from project 'Flow')
    cd /Users/aadityasingh/Library/Developer/Xcode/DerivedData/Chatlio-erkyzdeecsohoaggpwbjdvavzqfv/SourcePackages/checkouts/SwiftUI-Flow
    write-file /Users/aadityasingh/Library/Developer/Xcode/DerivedData/Chatlio-erkyzdeecsohoaggpwbjdvavzqfv/Build/Intermediates.noindex/Flow.build/Debug-iphonesimulator/Flow.build/Flow.modulemap

WriteAuxiliaryFile /Users/aadityasingh/Library/Developer/Xcode/DerivedData/Chatlio-erkyzdeecsohoaggpwbjdvavzqfv/Build/Intermediates.noindex/Flow.build/Debug-iphonesimulator/Flow.build/Flow.DependencyStaticMetadataFileList (in target 'Flow' from project 'Flow')
    cd /Users/aadityasingh/Library/Developer/Xcode/DerivedData/Chatlio-erkyzdeecsohoaggpwbjdvavzqfv/SourcePackages/checkouts/SwiftUI-Flow
    write-file /Users/aadityasingh/Library/Developer/Xcode/DerivedData/Chatlio-erkyzdeecsohoaggpwbjdvavzqfv/Build/Intermediates.noindex/Flow.build/Debug-iphonesimulator/Flow.build/Flow.DependencyStaticMetadataFileList

WriteAuxiliaryFile /Users/aadityasingh/Library/Developer/Xcode/DerivedData/Chatlio-erkyzdeecsohoaggpwbjdvavzqfv/Build/Intermediates.noindex/Flow.build/Debug-iphonesimulator/Flow.build/Flow.DependencyMetadataFileList (in target 'Flow' from project 'Flow')
    cd /Users/aadityasingh/Library/Developer/Xcode/DerivedData/Chatlio-erkyzdeecsohoaggpwbjdvavzqfv/SourcePackages/checkouts/SwiftUI-Flow
    write-file /Users/aadityasingh/Library/Developer/Xcode/DerivedData/Chatlio-erkyzdeecsohoaggpwbjdvavzqfv/Build/Intermediates.noindex/Flow.build/Debug-iphonesimulator/Flow.build/Flow.DependencyMetadataFileList

WriteAuxiliaryFile /Users/aadityasingh/Library/Developer/Xcode/DerivedData/Chatlio-erkyzdeecsohoaggpwbjdvavzqfv/Build/Intermediates.noindex/Emojibase.build/Debug-iphonesimulator/Emojibase.build/Objects-normal/x86_64/Emojibase.LinkFileList (in target 'Emojibase' from project 'Emojibase')
    cd /Users/aadityasingh/Library/Developer/Xcode/DerivedData/Chatlio-erkyzdeecsohoaggpwbjdvavzqfv/SourcePackages/checkouts/emojibase-bindings
    write-file /Users/aadityasingh/Library/Developer/Xcode/DerivedData/Chatlio-erkyzdeecsohoaggpwbjdvavzqfv/Build/Intermediates.noindex/Emojibase.build/Debug-iphonesimulator/Emojibase.build/Objects-normal/x86_64/Emojibase.LinkFileList

WriteAuxiliaryFile /Users/aadityasingh/Library/Developer/Xcode/DerivedData/Chatlio-erkyzdeecsohoaggpwbjdvavzqfv/Build/Intermediates.noindex/Emojibase.build/Debug-iphonesimulator/Emojibase.build/Objects-normal/x86_64/Emojibase.SwiftFileList (in target 'Emojibase' from project 'Emojibase')
    cd /Users/aadityasingh/Library/Developer/Xcode/DerivedData/Chatlio-erkyzdeecsohoaggpwbjdvavzqfv/SourcePackages/checkouts/emojibase-bindings
    write-file /Users/aadityasingh/Library/Developer/Xcode/DerivedData/Chatlio-erkyzdeecsohoaggpwbjdvavzqfv/Build/Intermediates.noindex/Emojibase.build/Debug-iphonesimulator/Emojibase.build/Objects-normal/x86_64/Emojibase.SwiftFileList

WriteAuxiliaryFile /Users/aadityasingh/Library/Developer/Xcode/DerivedData/Chatlio-erkyzdeecsohoaggpwbjdvavzqfv/Build/Intermediates.noindex/Emojibase.build/Debug-iphonesimulator/Emojibase.build/Objects-normal/x86_64/Emojibase-OutputFileMap.json (in target 'Emojibase' from project 'Emojibase')
    cd /Users/aadityasingh/Library/Developer/Xcode/DerivedData/Chatlio-erkyzdeecsohoaggpwbjdvavzqfv/SourcePackages/checkouts/emojibase-bindings
    write-file /Users/aadityasingh/Library/Developer/Xcode/DerivedData/Chatlio-erkyzdeecsohoaggpwbjdvavzqfv/Build/Intermediates.noindex/Emojibase.build/Debug-iphonesimulator/Emojibase.build/Objects-normal/x86_64/Emojibase-OutputFileMap.json

WriteAuxiliaryFile /Users/aadityasingh/Library/Developer/Xcode/DerivedData/Chatlio-erkyzdeecsohoaggpwbjdvavzqfv/Build/Intermediates.noindex/Emojibase.build/Debug-iphonesimulator/Emojibase.build/Objects-normal/x86_64/Emojibase_const_extract_protocols.json (in target 'Emojibase' from project 'Emojibase')
    cd /Users/aadityasingh/Library/Developer/Xcode/DerivedData/Chatlio-erkyzdeecsohoaggpwbjdvavzqfv/SourcePackages/checkouts/emojibase-bindings
    write-file /Users/aadityasingh/Library/Developer/Xcode/DerivedData/Chatlio-erkyzdeecsohoaggpwbjdvavzqfv/Build/Intermediates.noindex/Emojibase.build/Debug-iphonesimulator/Emojibase.build/Objects-normal/x86_64/Emojibase_const_extract_protocols.json

WriteAuxiliaryFile /Users/aadityasingh/Library/Developer/Xcode/DerivedData/Chatlio-erkyzdeecsohoaggpwbjdvavzqfv/Build/Intermediates.noindex/Emojibase.build/Debug-iphonesimulator/Emojibase.build/Objects-normal/x86_64/Emojibase.SwiftConstValuesFileList (in target 'Emojibase' from project 'Emojibase')
    cd /Users/aadityasingh/Library/Developer/Xcode/DerivedData/Chatlio-erkyzdeecsohoaggpwbjdvavzqfv/SourcePackages/checkouts/emojibase-bindings
    write-file /Users/aadityasingh/Library/Developer/Xcode/DerivedData/Chatlio-erkyzdeecsohoaggpwbjdvavzqfv/Build/Intermediates.noindex/Emojibase.build/Debug-iphonesimulator/Emojibase.build/Objects-normal/x86_64/Emojibase.SwiftConstValuesFileList

WriteAuxiliaryFile /Users/aadityasingh/Library/Developer/Xcode/DerivedData/Chatlio-erkyzdeecsohoaggpwbjdvavzqfv/Build/Intermediates.noindex/Emojibase.build/Debug-iphonesimulator/Emojibase.build/Objects-normal/arm64/Emojibase_const_extract_protocols.json (in target 'Emojibase' from project 'Emojibase')
    cd /Users/aadityasingh/Library/Developer/Xcode/DerivedData/Chatlio-erkyzdeecsohoaggpwbjdvavzqfv/SourcePackages/checkouts/emojibase-bindings
    write-file /Users/aadityasingh/Library/Developer/Xcode/DerivedData/Chatlio-erkyzdeecsohoaggpwbjdvavzqfv/Build/Intermediates.noindex/Emojibase.build/Debug-iphonesimulator/Emojibase.build/Objects-normal/arm64/Emojibase_const_extract_protocols.json

WriteAuxiliaryFile /Users/aadityasingh/Library/Developer/Xcode/DerivedData/Chatlio-erkyzdeecsohoaggpwbjdvavzqfv/Build/Intermediates.noindex/Emojibase.build/Debug-iphonesimulator/Emojibase.build/Objects-normal/arm64/Emojibase.SwiftFileList (in target 'Emojibase' from project 'Emojibase')
    cd /Users/aadityasingh/Library/Developer/Xcode/DerivedData/Chatlio-erkyzdeecsohoaggpwbjdvavzqfv/SourcePackages/checkouts/emojibase-bindings
    write-file /Users/aadityasingh/Library/Developer/Xcode/DerivedData/Chatlio-erkyzdeecsohoaggpwbjdvavzqfv/Build/Intermediates.noindex/Emojibase.build/Debug-iphonesimulator/Emojibase.build/Objects-normal/arm64/Emojibase.SwiftFileList

WriteAuxiliaryFile /Users/aadityasingh/Library/Developer/Xcode/DerivedData/Chatlio-erkyzdeecsohoaggpwbjdvavzqfv/Build/Intermediates.noindex/Emojibase.build/Debug-iphonesimulator/Emojibase.build/Objects-normal/arm64/Emojibase.SwiftConstValuesFileList (in target 'Emojibase' from project 'Emojibase')
    cd /Users/aadityasingh/Library/Developer/Xcode/DerivedData/Chatlio-erkyzdeecsohoaggpwbjdvavzqfv/SourcePackages/checkouts/emojibase-bindings
    write-file /Users/aadityasingh/Library/Developer/Xcode/DerivedData/Chatlio-erkyzdeecsohoaggpwbjdvavzqfv/Build/Intermediates.noindex/Emojibase.build/Debug-iphonesimulator/Emojibase.build/Objects-normal/arm64/Emojibase.SwiftConstValuesFileList

WriteAuxiliaryFile /Users/aadityasingh/Library/Developer/Xcode/DerivedData/Chatlio-erkyzdeecsohoaggpwbjdvavzqfv/Build/Intermediates.noindex/Emojibase.build/Debug-iphonesimulator/Emojibase.build/Objects-normal/arm64/Emojibase.LinkFileList (in target 'Emojibase' from project 'Emojibase')
    cd /Users/aadityasingh/Library/Developer/Xcode/DerivedData/Chatlio-erkyzdeecsohoaggpwbjdvavzqfv/SourcePackages/checkouts/emojibase-bindings
    write-file /Users/aadityasingh/Library/Developer/Xcode/DerivedData/Chatlio-erkyzdeecsohoaggpwbjdvavzqfv/Build/Intermediates.noindex/Emojibase.build/Debug-iphonesimulator/Emojibase.build/Objects-normal/arm64/Emojibase.LinkFileList

WriteAuxiliaryFile /Users/aadityasingh/Library/Developer/Xcode/DerivedData/Chatlio-erkyzdeecsohoaggpwbjdvavzqfv/Build/Intermediates.noindex/Emojibase.build/Debug-iphonesimulator/Emojibase.build/Emojibase.modulemap (in target 'Emojibase' from project 'Emojibase')
    cd /Users/aadityasingh/Library/Developer/Xcode/DerivedData/Chatlio-erkyzdeecsohoaggpwbjdvavzqfv/SourcePackages/checkouts/emojibase-bindings
    write-file /Users/aadityasingh/Library/Developer/Xcode/DerivedData/Chatlio-erkyzdeecsohoaggpwbjdvavzqfv/Build/Intermediates.noindex/Emojibase.build/Debug-iphonesimulator/Emojibase.build/Emojibase.modulemap

WriteAuxiliaryFile /Users/aadityasingh/Library/Developer/Xcode/DerivedData/Chatlio-erkyzdeecsohoaggpwbjdvavzqfv/Build/Intermediates.noindex/Emojibase.build/Debug-iphonesimulator/Emojibase.build/Objects-normal/arm64/Emojibase-OutputFileMap.json (in target 'Emojibase' from project 'Emojibase')
    cd /Users/aadityasingh/Library/Developer/Xcode/DerivedData/Chatlio-erkyzdeecsohoaggpwbjdvavzqfv/SourcePackages/checkouts/emojibase-bindings
    write-file /Users/aadityasingh/Library/Developer/Xcode/DerivedData/Chatlio-erkyzdeecsohoaggpwbjdvavzqfv/Build/Intermediates.noindex/Emojibase.build/Debug-iphonesimulator/Emojibase.build/Objects-normal/arm64/Emojibase-OutputFileMap.json

Copy /Users/aadityasingh/Library/Developer/Xcode/DerivedData/Chatlio-erkyzdeecsohoaggpwbjdvavzqfv/Build/Intermediates.noindex/GeneratedModuleMaps-iphonesimulator/Flow.modulemap /Users/aadityasingh/Library/Developer/Xcode/DerivedData/Chatlio-erkyzdeecsohoaggpwbjdvavzqfv/Build/Intermediates.noindex/Flow.build/Debug-iphonesimulator/Flow.build/Flow.modulemap (in target 'Flow' from project 'Flow')
    cd /Users/aadityasingh/Library/Developer/Xcode/DerivedData/Chatlio-erkyzdeecsohoaggpwbjdvavzqfv/SourcePackages/checkouts/SwiftUI-Flow
    builtin-copy -exclude .DS_Store -exclude CVS -exclude .svn -exclude .git -exclude .hg -resolve-src-symlinks /Users/aadityasingh/Library/Developer/Xcode/DerivedData/Chatlio-erkyzdeecsohoaggpwbjdvavzqfv/Build/Intermediates.noindex/Flow.build/Debug-iphonesimulator/Flow.build/Flow.modulemap /Users/aadityasingh/Library/Developer/Xcode/DerivedData/Chatlio-erkyzdeecsohoaggpwbjdvavzqfv/Build/Intermediates.noindex/GeneratedModuleMaps-iphonesimulator

WriteAuxiliaryFile /Users/aadityasingh/Library/Developer/Xcode/DerivedData/Chatlio-erkyzdeecsohoaggpwbjdvavzqfv/Build/Intermediates.noindex/Emojibase.build/Debug-iphonesimulator/Emojibase.build/Emojibase.DependencyStaticMetadataFileList (in target 'Emojibase' from project 'Emojibase')
    cd /Users/aadityasingh/Library/Developer/Xcode/DerivedData/Chatlio-erkyzdeecsohoaggpwbjdvavzqfv/SourcePackages/checkouts/emojibase-bindings
    write-file /Users/aadityasingh/Library/Developer/Xcode/DerivedData/Chatlio-erkyzdeecsohoaggpwbjdvavzqfv/Build/Intermediates.noindex/Emojibase.build/Debug-iphonesimulator/Emojibase.build/Emojibase.DependencyStaticMetadataFileList

WriteAuxiliaryFile /Users/aadityasingh/Library/Developer/Xcode/DerivedData/Chatlio-erkyzdeecsohoaggpwbjdvavzqfv/Build/Intermediates.noindex/Emojibase.build/Debug-iphonesimulator/Emojibase.build/Emojibase.DependencyMetadataFileList (in target 'Emojibase' from project 'Emojibase')
    cd /Users/aadityasingh/Library/Developer/Xcode/DerivedData/Chatlio-erkyzdeecsohoaggpwbjdvavzqfv/SourcePackages/checkouts/emojibase-bindings
    write-file /Users/aadityasingh/Library/Developer/Xcode/DerivedData/Chatlio-erkyzdeecsohoaggpwbjdvavzqfv/Build/Intermediates.noindex/Emojibase.build/Debug-iphonesimulator/Emojibase.build/Emojibase.DependencyMetadataFileList

WriteAuxiliaryFile /Users/aadityasingh/Library/Developer/Xcode/DerivedData/Chatlio-erkyzdeecsohoaggpwbjdvavzqfv/Build/Intermediates.noindex/Emojibase.build/Debug-iphonesimulator/Emojibase.build/DerivedSources/resource_bundle_accessor.swift (in target 'Emojibase' from project 'Emojibase')
    cd /Users/aadityasingh/Library/Developer/Xcode/DerivedData/Chatlio-erkyzdeecsohoaggpwbjdvavzqfv/SourcePackages/checkouts/emojibase-bindings
    write-file /Users/aadityasingh/Library/Developer/Xcode/DerivedData/Chatlio-erkyzdeecsohoaggpwbjdvavzqfv/Build/Intermediates.noindex/Emojibase.build/Debug-iphonesimulator/Emojibase.build/DerivedSources/resource_bundle_accessor.swift

WriteAuxiliaryFile /Users/aadityasingh/Library/Developer/Xcode/DerivedData/Chatlio-erkyzdeecsohoaggpwbjdvavzqfv/Build/Intermediates.noindex/EmbeddedElementCall.build/Debug-iphonesimulator/EmbeddedElementCall.build/Objects-normal/x86_64/EmbeddedElementCall_const_extract_protocols.json (in target 'EmbeddedElementCall' from project 'EmbeddedElementCall')
    cd /Users/aadityasingh/Library/Developer/Xcode/DerivedData/Chatlio-erkyzdeecsohoaggpwbjdvavzqfv/SourcePackages/checkouts/element-call-swift
    write-file /Users/aadityasingh/Library/Developer/Xcode/DerivedData/Chatlio-erkyzdeecsohoaggpwbjdvavzqfv/Build/Intermediates.noindex/EmbeddedElementCall.build/Debug-iphonesimulator/EmbeddedElementCall.build/Objects-normal/x86_64/EmbeddedElementCall_const_extract_protocols.json

WriteAuxiliaryFile /Users/aadityasingh/Library/Developer/Xcode/DerivedData/Chatlio-erkyzdeecsohoaggpwbjdvavzqfv/Build/Intermediates.noindex/EmbeddedElementCall.build/Debug-iphonesimulator/EmbeddedElementCall.build/Objects-normal/x86_64/EmbeddedElementCall.SwiftFileList (in target 'EmbeddedElementCall' from project 'EmbeddedElementCall')
    cd /Users/aadityasingh/Library/Developer/Xcode/DerivedData/Chatlio-erkyzdeecsohoaggpwbjdvavzqfv/SourcePackages/checkouts/element-call-swift
    write-file /Users/aadityasingh/Library/Developer/Xcode/DerivedData/Chatlio-erkyzdeecsohoaggpwbjdvavzqfv/Build/Intermediates.noindex/EmbeddedElementCall.build/Debug-iphonesimulator/EmbeddedElementCall.build/Objects-normal/x86_64/EmbeddedElementCall.SwiftFileList

WriteAuxiliaryFile /Users/aadityasingh/Library/Developer/Xcode/DerivedData/Chatlio-erkyzdeecsohoaggpwbjdvavzqfv/Build/Intermediates.noindex/EmbeddedElementCall.build/Debug-iphonesimulator/EmbeddedElementCall.build/Objects-normal/x86_64/EmbeddedElementCall.SwiftConstValuesFileList (in target 'EmbeddedElementCall' from project 'EmbeddedElementCall')
    cd /Users/aadityasingh/Library/Developer/Xcode/DerivedData/Chatlio-erkyzdeecsohoaggpwbjdvavzqfv/SourcePackages/checkouts/element-call-swift
    write-file /Users/aadityasingh/Library/Developer/Xcode/DerivedData/Chatlio-erkyzdeecsohoaggpwbjdvavzqfv/Build/Intermediates.noindex/EmbeddedElementCall.build/Debug-iphonesimulator/EmbeddedElementCall.build/Objects-normal/x86_64/EmbeddedElementCall.SwiftConstValuesFileList

WriteAuxiliaryFile /Users/aadityasingh/Library/Developer/Xcode/DerivedData/Chatlio-erkyzdeecsohoaggpwbjdvavzqfv/Build/Intermediates.noindex/EmbeddedElementCall.build/Debug-iphonesimulator/EmbeddedElementCall.build/Objects-normal/x86_64/EmbeddedElementCall.LinkFileList (in target 'EmbeddedElementCall' from project 'EmbeddedElementCall')
    cd /Users/aadityasingh/Library/Developer/Xcode/DerivedData/Chatlio-erkyzdeecsohoaggpwbjdvavzqfv/SourcePackages/checkouts/element-call-swift
    write-file /Users/aadityasingh/Library/Developer/Xcode/DerivedData/Chatlio-erkyzdeecsohoaggpwbjdvavzqfv/Build/Intermediates.noindex/EmbeddedElementCall.build/Debug-iphonesimulator/EmbeddedElementCall.build/Objects-normal/x86_64/EmbeddedElementCall.LinkFileList

WriteAuxiliaryFile /Users/aadityasingh/Library/Developer/Xcode/DerivedData/Chatlio-erkyzdeecsohoaggpwbjdvavzqfv/Build/Intermediates.noindex/EmbeddedElementCall.build/Debug-iphonesimulator/EmbeddedElementCall.build/Objects-normal/x86_64/EmbeddedElementCall-OutputFileMap.json (in target 'EmbeddedElementCall' from project 'EmbeddedElementCall')
    cd /Users/aadityasingh/Library/Developer/Xcode/DerivedData/Chatlio-erkyzdeecsohoaggpwbjdvavzqfv/SourcePackages/checkouts/element-call-swift
    write-file /Users/aadityasingh/Library/Developer/Xcode/DerivedData/Chatlio-erkyzdeecsohoaggpwbjdvavzqfv/Build/Intermediates.noindex/EmbeddedElementCall.build/Debug-iphonesimulator/EmbeddedElementCall.build/Objects-normal/x86_64/EmbeddedElementCall-OutputFileMap.json

WriteAuxiliaryFile /Users/aadityasingh/Library/Developer/Xcode/DerivedData/Chatlio-erkyzdeecsohoaggpwbjdvavzqfv/Build/Intermediates.noindex/EmbeddedElementCall.build/Debug-iphonesimulator/EmbeddedElementCall.build/Objects-normal/arm64/EmbeddedElementCall_const_extract_protocols.json (in target 'EmbeddedElementCall' from project 'EmbeddedElementCall')
    cd /Users/aadityasingh/Library/Developer/Xcode/DerivedData/Chatlio-erkyzdeecsohoaggpwbjdvavzqfv/SourcePackages/checkouts/element-call-swift
    write-file /Users/aadityasingh/Library/Developer/Xcode/DerivedData/Chatlio-erkyzdeecsohoaggpwbjdvavzqfv/Build/Intermediates.noindex/EmbeddedElementCall.build/Debug-iphonesimulator/EmbeddedElementCall.build/Objects-normal/arm64/EmbeddedElementCall_const_extract_protocols.json

WriteAuxiliaryFile /Users/aadityasingh/Library/Developer/Xcode/DerivedData/Chatlio-erkyzdeecsohoaggpwbjdvavzqfv/Build/Intermediates.noindex/EmbeddedElementCall.build/Debug-iphonesimulator/EmbeddedElementCall.build/Objects-normal/arm64/EmbeddedElementCall.SwiftFileList (in target 'EmbeddedElementCall' from project 'EmbeddedElementCall')
    cd /Users/aadityasingh/Library/Developer/Xcode/DerivedData/Chatlio-erkyzdeecsohoaggpwbjdvavzqfv/SourcePackages/checkouts/element-call-swift
    write-file /Users/aadityasingh/Library/Developer/Xcode/DerivedData/Chatlio-erkyzdeecsohoaggpwbjdvavzqfv/Build/Intermediates.noindex/EmbeddedElementCall.build/Debug-iphonesimulator/EmbeddedElementCall.build/Objects-normal/arm64/EmbeddedElementCall.SwiftFileList

Copy /Users/aadityasingh/Library/Developer/Xcode/DerivedData/Chatlio-erkyzdeecsohoaggpwbjdvavzqfv/Build/Intermediates.noindex/GeneratedModuleMaps-iphonesimulator/Emojibase.modulemap /Users/aadityasingh/Library/Developer/Xcode/DerivedData/Chatlio-erkyzdeecsohoaggpwbjdvavzqfv/Build/Intermediates.noindex/Emojibase.build/Debug-iphonesimulator/Emojibase.build/Emojibase.modulemap (in target 'Emojibase' from project 'Emojibase')
    cd /Users/aadityasingh/Library/Developer/Xcode/DerivedData/Chatlio-erkyzdeecsohoaggpwbjdvavzqfv/SourcePackages/checkouts/emojibase-bindings
    builtin-copy -exclude .DS_Store -exclude CVS -exclude .svn -exclude .git -exclude .hg -resolve-src-symlinks /Users/aadityasingh/Library/Developer/Xcode/DerivedData/Chatlio-erkyzdeecsohoaggpwbjdvavzqfv/Build/Intermediates.noindex/Emojibase.build/Debug-iphonesimulator/Emojibase.build/Emojibase.modulemap /Users/aadityasingh/Library/Developer/Xcode/DerivedData/Chatlio-erkyzdeecsohoaggpwbjdvavzqfv/Build/Intermediates.noindex/GeneratedModuleMaps-iphonesimulator

WriteAuxiliaryFile /Users/aadityasingh/Library/Developer/Xcode/DerivedData/Chatlio-erkyzdeecsohoaggpwbjdvavzqfv/Build/Intermediates.noindex/EmbeddedElementCall.build/Debug-iphonesimulator/EmbeddedElementCall.build/Objects-normal/arm64/EmbeddedElementCall.SwiftConstValuesFileList (in target 'EmbeddedElementCall' from project 'EmbeddedElementCall')
    cd /Users/aadityasingh/Library/Developer/Xcode/DerivedData/Chatlio-erkyzdeecsohoaggpwbjdvavzqfv/SourcePackages/checkouts/element-call-swift
    write-file /Users/aadityasingh/Library/Developer/Xcode/DerivedData/Chatlio-erkyzdeecsohoaggpwbjdvavzqfv/Build/Intermediates.noindex/EmbeddedElementCall.build/Debug-iphonesimulator/EmbeddedElementCall.build/Objects-normal/arm64/EmbeddedElementCall.SwiftConstValuesFileList

WriteAuxiliaryFile /Users/aadityasingh/Library/Developer/Xcode/DerivedData/Chatlio-erkyzdeecsohoaggpwbjdvavzqfv/Build/Intermediates.noindex/EmbeddedElementCall.build/Debug-iphonesimulator/EmbeddedElementCall.build/Objects-normal/arm64/EmbeddedElementCall.LinkFileList (in target 'EmbeddedElementCall' from project 'EmbeddedElementCall')
    cd /Users/aadityasingh/Library/Developer/Xcode/DerivedData/Chatlio-erkyzdeecsohoaggpwbjdvavzqfv/SourcePackages/checkouts/element-call-swift
    write-file /Users/aadityasingh/Library/Developer/Xcode/DerivedData/Chatlio-erkyzdeecsohoaggpwbjdvavzqfv/Build/Intermediates.noindex/EmbeddedElementCall.build/Debug-iphonesimulator/EmbeddedElementCall.build/Objects-normal/arm64/EmbeddedElementCall.LinkFileList

WriteAuxiliaryFile /Users/aadityasingh/Library/Developer/Xcode/DerivedData/Chatlio-erkyzdeecsohoaggpwbjdvavzqfv/Build/Intermediates.noindex/EmbeddedElementCall.build/Debug-iphonesimulator/EmbeddedElementCall.build/Objects-normal/arm64/EmbeddedElementCall-OutputFileMap.json (in target 'EmbeddedElementCall' from project 'EmbeddedElementCall')
    cd /Users/aadityasingh/Library/Developer/Xcode/DerivedData/Chatlio-erkyzdeecsohoaggpwbjdvavzqfv/SourcePackages/checkouts/element-call-swift
    write-file /Users/aadityasingh/Library/Developer/Xcode/DerivedData/Chatlio-erkyzdeecsohoaggpwbjdvavzqfv/Build/Intermediates.noindex/EmbeddedElementCall.build/Debug-iphonesimulator/EmbeddedElementCall.build/Objects-normal/arm64/EmbeddedElementCall-OutputFileMap.json

WriteAuxiliaryFile /Users/aadityasingh/Library/Developer/Xcode/DerivedData/Chatlio-erkyzdeecsohoaggpwbjdvavzqfv/Build/Intermediates.noindex/EmbeddedElementCall.build/Debug-iphonesimulator/EmbeddedElementCall.build/EmbeddedElementCall.modulemap (in target 'EmbeddedElementCall' from project 'EmbeddedElementCall')
    cd /Users/aadityasingh/Library/Developer/Xcode/DerivedData/Chatlio-erkyzdeecsohoaggpwbjdvavzqfv/SourcePackages/checkouts/element-call-swift
    write-file /Users/aadityasingh/Library/Developer/Xcode/DerivedData/Chatlio-erkyzdeecsohoaggpwbjdvavzqfv/Build/Intermediates.noindex/EmbeddedElementCall.build/Debug-iphonesimulator/EmbeddedElementCall.build/EmbeddedElementCall.modulemap

WriteAuxiliaryFile /Users/aadityasingh/Library/Developer/Xcode/DerivedData/Chatlio-erkyzdeecsohoaggpwbjdvavzqfv/Build/Intermediates.noindex/EmbeddedElementCall.build/Debug-iphonesimulator/EmbeddedElementCall.build/EmbeddedElementCall.DependencyStaticMetadataFileList (in target 'EmbeddedElementCall' from project 'EmbeddedElementCall')
    cd /Users/aadityasingh/Library/Developer/Xcode/DerivedData/Chatlio-erkyzdeecsohoaggpwbjdvavzqfv/SourcePackages/checkouts/element-call-swift
    write-file /Users/aadityasingh/Library/Developer/Xcode/DerivedData/Chatlio-erkyzdeecsohoaggpwbjdvavzqfv/Build/Intermediates.noindex/EmbeddedElementCall.build/Debug-iphonesimulator/EmbeddedElementCall.build/EmbeddedElementCall.DependencyStaticMetadataFileList

WriteAuxiliaryFile /Users/aadityasingh/Library/Developer/Xcode/DerivedData/Chatlio-erkyzdeecsohoaggpwbjdvavzqfv/Build/Intermediates.noindex/EmbeddedElementCall.build/Debug-iphonesimulator/EmbeddedElementCall.build/EmbeddedElementCall.DependencyMetadataFileList (in target 'EmbeddedElementCall' from project 'EmbeddedElementCall')
    cd /Users/aadityasingh/Library/Developer/Xcode/DerivedData/Chatlio-erkyzdeecsohoaggpwbjdvavzqfv/SourcePackages/checkouts/element-call-swift
    write-file /Users/aadityasingh/Library/Developer/Xcode/DerivedData/Chatlio-erkyzdeecsohoaggpwbjdvavzqfv/Build/Intermediates.noindex/EmbeddedElementCall.build/Debug-iphonesimulator/EmbeddedElementCall.build/EmbeddedElementCall.DependencyMetadataFileList

WriteAuxiliaryFile /Users/aadityasingh/Library/Developer/Xcode/DerivedData/Chatlio-erkyzdeecsohoaggpwbjdvavzqfv/Build/Intermediates.noindex/EmbeddedElementCall.build/Debug-iphonesimulator/EmbeddedElementCall.build/DerivedSources/resource_bundle_accessor.swift (in target 'EmbeddedElementCall' from project 'EmbeddedElementCall')
    cd /Users/aadityasingh/Library/Developer/Xcode/DerivedData/Chatlio-erkyzdeecsohoaggpwbjdvavzqfv/SourcePackages/checkouts/element-call-swift
    write-file /Users/aadityasingh/Library/Developer/Xcode/DerivedData/Chatlio-erkyzdeecsohoaggpwbjdvavzqfv/Build/Intermediates.noindex/EmbeddedElementCall.build/Debug-iphonesimulator/EmbeddedElementCall.build/DerivedSources/resource_bundle_accessor.swift

WriteAuxiliaryFile /Users/aadityasingh/Library/Developer/Xcode/DerivedData/Chatlio-erkyzdeecsohoaggpwbjdvavzqfv/Build/Intermediates.noindex/DeviceKit.build/Debug-iphonesimulator/DeviceKit.build/Objects-normal/x86_64/DeviceKit_const_extract_protocols.json (in target 'DeviceKit' from project 'DeviceKit')
    cd /Users/aadityasingh/Library/Developer/Xcode/DerivedData/Chatlio-erkyzdeecsohoaggpwbjdvavzqfv/SourcePackages/checkouts/DeviceKit
    write-file /Users/aadityasingh/Library/Developer/Xcode/DerivedData/Chatlio-erkyzdeecsohoaggpwbjdvavzqfv/Build/Intermediates.noindex/DeviceKit.build/Debug-iphonesimulator/DeviceKit.build/Objects-normal/x86_64/DeviceKit_const_extract_protocols.json

WriteAuxiliaryFile /Users/aadityasingh/Library/Developer/Xcode/DerivedData/Chatlio-erkyzdeecsohoaggpwbjdvavzqfv/Build/Intermediates.noindex/DeviceKit.build/Debug-iphonesimulator/DeviceKit.build/Objects-normal/x86_64/DeviceKit.SwiftFileList (in target 'DeviceKit' from project 'DeviceKit')
    cd /Users/aadityasingh/Library/Developer/Xcode/DerivedData/Chatlio-erkyzdeecsohoaggpwbjdvavzqfv/SourcePackages/checkouts/DeviceKit
    write-file /Users/aadityasingh/Library/Developer/Xcode/DerivedData/Chatlio-erkyzdeecsohoaggpwbjdvavzqfv/Build/Intermediates.noindex/DeviceKit.build/Debug-iphonesimulator/DeviceKit.build/Objects-normal/x86_64/DeviceKit.SwiftFileList

WriteAuxiliaryFile /Users/aadityasingh/Library/Developer/Xcode/DerivedData/Chatlio-erkyzdeecsohoaggpwbjdvavzqfv/Build/Intermediates.noindex/DeviceKit.build/Debug-iphonesimulator/DeviceKit.build/Objects-normal/x86_64/DeviceKit.SwiftConstValuesFileList (in target 'DeviceKit' from project 'DeviceKit')
    cd /Users/aadityasingh/Library/Developer/Xcode/DerivedData/Chatlio-erkyzdeecsohoaggpwbjdvavzqfv/SourcePackages/checkouts/DeviceKit
    write-file /Users/aadityasingh/Library/Developer/Xcode/DerivedData/Chatlio-erkyzdeecsohoaggpwbjdvavzqfv/Build/Intermediates.noindex/DeviceKit.build/Debug-iphonesimulator/DeviceKit.build/Objects-normal/x86_64/DeviceKit.SwiftConstValuesFileList

WriteAuxiliaryFile /Users/aadityasingh/Library/Developer/Xcode/DerivedData/Chatlio-erkyzdeecsohoaggpwbjdvavzqfv/Build/Intermediates.noindex/DeviceKit.build/Debug-iphonesimulator/DeviceKit.build/Objects-normal/x86_64/DeviceKit.LinkFileList (in target 'DeviceKit' from project 'DeviceKit')
    cd /Users/aadityasingh/Library/Developer/Xcode/DerivedData/Chatlio-erkyzdeecsohoaggpwbjdvavzqfv/SourcePackages/checkouts/DeviceKit
    write-file /Users/aadityasingh/Library/Developer/Xcode/DerivedData/Chatlio-erkyzdeecsohoaggpwbjdvavzqfv/Build/Intermediates.noindex/DeviceKit.build/Debug-iphonesimulator/DeviceKit.build/Objects-normal/x86_64/DeviceKit.LinkFileList

WriteAuxiliaryFile /Users/aadityasingh/Library/Developer/Xcode/DerivedData/Chatlio-erkyzdeecsohoaggpwbjdvavzqfv/Build/Intermediates.noindex/DeviceKit.build/Debug-iphonesimulator/DeviceKit.build/Objects-normal/x86_64/DeviceKit-OutputFileMap.json (in target 'DeviceKit' from project 'DeviceKit')
    cd /Users/aadityasingh/Library/Developer/Xcode/DerivedData/Chatlio-erkyzdeecsohoaggpwbjdvavzqfv/SourcePackages/checkouts/DeviceKit
    write-file /Users/aadityasingh/Library/Developer/Xcode/DerivedData/Chatlio-erkyzdeecsohoaggpwbjdvavzqfv/Build/Intermediates.noindex/DeviceKit.build/Debug-iphonesimulator/DeviceKit.build/Objects-normal/x86_64/DeviceKit-OutputFileMap.json

WriteAuxiliaryFile /Users/aadityasingh/Library/Developer/Xcode/DerivedData/Chatlio-erkyzdeecsohoaggpwbjdvavzqfv/Build/Intermediates.noindex/DeviceKit.build/Debug-iphonesimulator/DeviceKit.build/Objects-normal/arm64/DeviceKit.SwiftFileList (in target 'DeviceKit' from project 'DeviceKit')
    cd /Users/aadityasingh/Library/Developer/Xcode/DerivedData/Chatlio-erkyzdeecsohoaggpwbjdvavzqfv/SourcePackages/checkouts/DeviceKit
    write-file /Users/aadityasingh/Library/Developer/Xcode/DerivedData/Chatlio-erkyzdeecsohoaggpwbjdvavzqfv/Build/Intermediates.noindex/DeviceKit.build/Debug-iphonesimulator/DeviceKit.build/Objects-normal/arm64/DeviceKit.SwiftFileList

WriteAuxiliaryFile /Users/aadityasingh/Library/Developer/Xcode/DerivedData/Chatlio-erkyzdeecsohoaggpwbjdvavzqfv/Build/Intermediates.noindex/DeviceKit.build/Debug-iphonesimulator/DeviceKit.build/Objects-normal/arm64/DeviceKit_const_extract_protocols.json (in target 'DeviceKit' from project 'DeviceKit')
    cd /Users/aadityasingh/Library/Developer/Xcode/DerivedData/Chatlio-erkyzdeecsohoaggpwbjdvavzqfv/SourcePackages/checkouts/DeviceKit
    write-file /Users/aadityasingh/Library/Developer/Xcode/DerivedData/Chatlio-erkyzdeecsohoaggpwbjdvavzqfv/Build/Intermediates.noindex/DeviceKit.build/Debug-iphonesimulator/DeviceKit.build/Objects-normal/arm64/DeviceKit_const_extract_protocols.json

WriteAuxiliaryFile /Users/aadityasingh/Library/Developer/Xcode/DerivedData/Chatlio-erkyzdeecsohoaggpwbjdvavzqfv/Build/Intermediates.noindex/DeviceKit.build/Debug-iphonesimulator/DeviceKit.build/Objects-normal/arm64/DeviceKit.SwiftConstValuesFileList (in target 'DeviceKit' from project 'DeviceKit')
    cd /Users/aadityasingh/Library/Developer/Xcode/DerivedData/Chatlio-erkyzdeecsohoaggpwbjdvavzqfv/SourcePackages/checkouts/DeviceKit
    write-file /Users/aadityasingh/Library/Developer/Xcode/DerivedData/Chatlio-erkyzdeecsohoaggpwbjdvavzqfv/Build/Intermediates.noindex/DeviceKit.build/Debug-iphonesimulator/DeviceKit.build/Objects-normal/arm64/DeviceKit.SwiftConstValuesFileList

WriteAuxiliaryFile /Users/aadityasingh/Library/Developer/Xcode/DerivedData/Chatlio-erkyzdeecsohoaggpwbjdvavzqfv/Build/Intermediates.noindex/DeviceKit.build/Debug-iphonesimulator/DeviceKit.build/Objects-normal/arm64/DeviceKit.LinkFileList (in target 'DeviceKit' from project 'DeviceKit')
    cd /Users/aadityasingh/Library/Developer/Xcode/DerivedData/Chatlio-erkyzdeecsohoaggpwbjdvavzqfv/SourcePackages/checkouts/DeviceKit
    write-file /Users/aadityasingh/Library/Developer/Xcode/DerivedData/Chatlio-erkyzdeecsohoaggpwbjdvavzqfv/Build/Intermediates.noindex/DeviceKit.build/Debug-iphonesimulator/DeviceKit.build/Objects-normal/arm64/DeviceKit.LinkFileList

WriteAuxiliaryFile /Users/aadityasingh/Library/Developer/Xcode/DerivedData/Chatlio-erkyzdeecsohoaggpwbjdvavzqfv/Build/Intermediates.noindex/DeviceKit.build/Debug-iphonesimulator/DeviceKit.build/Objects-normal/arm64/DeviceKit-OutputFileMap.json (in target 'DeviceKit' from project 'DeviceKit')
    cd /Users/aadityasingh/Library/Developer/Xcode/DerivedData/Chatlio-erkyzdeecsohoaggpwbjdvavzqfv/SourcePackages/checkouts/DeviceKit
    write-file /Users/aadityasingh/Library/Developer/Xcode/DerivedData/Chatlio-erkyzdeecsohoaggpwbjdvavzqfv/Build/Intermediates.noindex/DeviceKit.build/Debug-iphonesimulator/DeviceKit.build/Objects-normal/arm64/DeviceKit-OutputFileMap.json

WriteAuxiliaryFile /Users/aadityasingh/Library/Developer/Xcode/DerivedData/Chatlio-erkyzdeecsohoaggpwbjdvavzqfv/Build/Intermediates.noindex/DeviceKit.build/Debug-iphonesimulator/DeviceKit.build/DeviceKit.modulemap (in target 'DeviceKit' from project 'DeviceKit')
    cd /Users/aadityasingh/Library/Developer/Xcode/DerivedData/Chatlio-erkyzdeecsohoaggpwbjdvavzqfv/SourcePackages/checkouts/DeviceKit
    write-file /Users/aadityasingh/Library/Developer/Xcode/DerivedData/Chatlio-erkyzdeecsohoaggpwbjdvavzqfv/Build/Intermediates.noindex/DeviceKit.build/Debug-iphonesimulator/DeviceKit.build/DeviceKit.modulemap

Copy /Users/aadityasingh/Library/Developer/Xcode/DerivedData/Chatlio-erkyzdeecsohoaggpwbjdvavzqfv/Build/Intermediates.noindex/GeneratedModuleMaps-iphonesimulator/EmbeddedElementCall.modulemap /Users/aadityasingh/Library/Developer/Xcode/DerivedData/Chatlio-erkyzdeecsohoaggpwbjdvavzqfv/Build/Intermediates.noindex/EmbeddedElementCall.build/Debug-iphonesimulator/EmbeddedElementCall.build/EmbeddedElementCall.modulemap (in target 'EmbeddedElementCall' from project 'EmbeddedElementCall')
    cd /Users/aadityasingh/Library/Developer/Xcode/DerivedData/Chatlio-erkyzdeecsohoaggpwbjdvavzqfv/SourcePackages/checkouts/element-call-swift
    builtin-copy -exclude .DS_Store -exclude CVS -exclude .svn -exclude .git -exclude .hg -resolve-src-symlinks /Users/aadityasingh/Library/Developer/Xcode/DerivedData/Chatlio-erkyzdeecsohoaggpwbjdvavzqfv/Build/Intermediates.noindex/EmbeddedElementCall.build/Debug-iphonesimulator/EmbeddedElementCall.build/EmbeddedElementCall.modulemap /Users/aadityasingh/Library/Developer/Xcode/DerivedData/Chatlio-erkyzdeecsohoaggpwbjdvavzqfv/Build/Intermediates.noindex/GeneratedModuleMaps-iphonesimulator

WriteAuxiliaryFile /Users/aadityasingh/Library/Developer/Xcode/DerivedData/Chatlio-erkyzdeecsohoaggpwbjdvavzqfv/Build/Intermediates.noindex/DeviceKit.build/Debug-iphonesimulator/DeviceKit.build/DeviceKit.DependencyStaticMetadataFileList (in target 'DeviceKit' from project 'DeviceKit')
    cd /Users/aadityasingh/Library/Developer/Xcode/DerivedData/Chatlio-erkyzdeecsohoaggpwbjdvavzqfv/SourcePackages/checkouts/DeviceKit
    write-file /Users/aadityasingh/Library/Developer/Xcode/DerivedData/Chatlio-erkyzdeecsohoaggpwbjdvavzqfv/Build/Intermediates.noindex/DeviceKit.build/Debug-iphonesimulator/DeviceKit.build/DeviceKit.DependencyStaticMetadataFileList

WriteAuxiliaryFile /Users/aadityasingh/Library/Developer/Xcode/DerivedData/Chatlio-erkyzdeecsohoaggpwbjdvavzqfv/Build/Intermediates.noindex/DeviceKit.build/Debug-iphonesimulator/DeviceKit.build/DeviceKit.DependencyMetadataFileList (in target 'DeviceKit' from project 'DeviceKit')
    cd /Users/aadityasingh/Library/Developer/Xcode/DerivedData/Chatlio-erkyzdeecsohoaggpwbjdvavzqfv/SourcePackages/checkouts/DeviceKit
    write-file /Users/aadityasingh/Library/Developer/Xcode/DerivedData/Chatlio-erkyzdeecsohoaggpwbjdvavzqfv/Build/Intermediates.noindex/DeviceKit.build/Debug-iphonesimulator/DeviceKit.build/DeviceKit.DependencyMetadataFileList

WriteAuxiliaryFile /Users/aadityasingh/Library/Developer/Xcode/DerivedData/Chatlio-erkyzdeecsohoaggpwbjdvavzqfv/Build/Intermediates.noindex/DeviceKit.build/Debug-iphonesimulator/DeviceKit.build/DerivedSources/resource_bundle_accessor.swift (in target 'DeviceKit' from project 'DeviceKit')
    cd /Users/aadityasingh/Library/Developer/Xcode/DerivedData/Chatlio-erkyzdeecsohoaggpwbjdvavzqfv/SourcePackages/checkouts/DeviceKit
    write-file /Users/aadityasingh/Library/Developer/Xcode/DerivedData/Chatlio-erkyzdeecsohoaggpwbjdvavzqfv/Build/Intermediates.noindex/DeviceKit.build/Debug-iphonesimulator/DeviceKit.build/DerivedSources/resource_bundle_accessor.swift

WriteAuxiliaryFile /Users/aadityasingh/Library/Developer/Xcode/DerivedData/Chatlio-erkyzdeecsohoaggpwbjdvavzqfv/Build/Intermediates.noindex/swift-collections.build/Debug-iphonesimulator/DequeModule.build/Objects-normal/x86_64/DequeModule_const_extract_protocols.json (in target 'DequeModule' from project 'swift-collections')
    cd /Users/aadityasingh/Library/Developer/Xcode/DerivedData/Chatlio-erkyzdeecsohoaggpwbjdvavzqfv/SourcePackages/checkouts/swift-collections
    write-file /Users/aadityasingh/Library/Developer/Xcode/DerivedData/Chatlio-erkyzdeecsohoaggpwbjdvavzqfv/Build/Intermediates.noindex/swift-collections.build/Debug-iphonesimulator/DequeModule.build/Objects-normal/x86_64/DequeModule_const_extract_protocols.json

WriteAuxiliaryFile /Users/aadityasingh/Library/Developer/Xcode/DerivedData/Chatlio-erkyzdeecsohoaggpwbjdvavzqfv/Build/Intermediates.noindex/swift-collections.build/Debug-iphonesimulator/DequeModule.build/Objects-normal/x86_64/DequeModule.SwiftFileList (in target 'DequeModule' from project 'swift-collections')
    cd /Users/aadityasingh/Library/Developer/Xcode/DerivedData/Chatlio-erkyzdeecsohoaggpwbjdvavzqfv/SourcePackages/checkouts/swift-collections
    write-file /Users/aadityasingh/Library/Developer/Xcode/DerivedData/Chatlio-erkyzdeecsohoaggpwbjdvavzqfv/Build/Intermediates.noindex/swift-collections.build/Debug-iphonesimulator/DequeModule.build/Objects-normal/x86_64/DequeModule.SwiftFileList

WriteAuxiliaryFile /Users/aadityasingh/Library/Developer/Xcode/DerivedData/Chatlio-erkyzdeecsohoaggpwbjdvavzqfv/Build/Intermediates.noindex/swift-collections.build/Debug-iphonesimulator/DequeModule.build/Objects-normal/x86_64/DequeModule.SwiftConstValuesFileList (in target 'DequeModule' from project 'swift-collections')
    cd /Users/aadityasingh/Library/Developer/Xcode/DerivedData/Chatlio-erkyzdeecsohoaggpwbjdvavzqfv/SourcePackages/checkouts/swift-collections
    write-file /Users/aadityasingh/Library/Developer/Xcode/DerivedData/Chatlio-erkyzdeecsohoaggpwbjdvavzqfv/Build/Intermediates.noindex/swift-collections.build/Debug-iphonesimulator/DequeModule.build/Objects-normal/x86_64/DequeModule.SwiftConstValuesFileList

WriteAuxiliaryFile /Users/aadityasingh/Library/Developer/Xcode/DerivedData/Chatlio-erkyzdeecsohoaggpwbjdvavzqfv/Build/Intermediates.noindex/swift-collections.build/Debug-iphonesimulator/DequeModule.build/Objects-normal/x86_64/DequeModule-OutputFileMap.json (in target 'DequeModule' from project 'swift-collections')
    cd /Users/aadityasingh/Library/Developer/Xcode/DerivedData/Chatlio-erkyzdeecsohoaggpwbjdvavzqfv/SourcePackages/checkouts/swift-collections
    write-file /Users/aadityasingh/Library/Developer/Xcode/DerivedData/Chatlio-erkyzdeecsohoaggpwbjdvavzqfv/Build/Intermediates.noindex/swift-collections.build/Debug-iphonesimulator/DequeModule.build/Objects-normal/x86_64/DequeModule-OutputFileMap.json

WriteAuxiliaryFile /Users/aadityasingh/Library/Developer/Xcode/DerivedData/Chatlio-erkyzdeecsohoaggpwbjdvavzqfv/Build/Intermediates.noindex/swift-collections.build/Debug-iphonesimulator/DequeModule.build/Objects-normal/x86_64/DequeModule.LinkFileList (in target 'DequeModule' from project 'swift-collections')
    cd /Users/aadityasingh/Library/Developer/Xcode/DerivedData/Chatlio-erkyzdeecsohoaggpwbjdvavzqfv/SourcePackages/checkouts/swift-collections
    write-file /Users/aadityasingh/Library/Developer/Xcode/DerivedData/Chatlio-erkyzdeecsohoaggpwbjdvavzqfv/Build/Intermediates.noindex/swift-collections.build/Debug-iphonesimulator/DequeModule.build/Objects-normal/x86_64/DequeModule.LinkFileList

WriteAuxiliaryFile /Users/aadityasingh/Library/Developer/Xcode/DerivedData/Chatlio-erkyzdeecsohoaggpwbjdvavzqfv/Build/Intermediates.noindex/swift-collections.build/Debug-iphonesimulator/DequeModule.build/Objects-normal/arm64/DequeModule_const_extract_protocols.json (in target 'DequeModule' from project 'swift-collections')
    cd /Users/aadityasingh/Library/Developer/Xcode/DerivedData/Chatlio-erkyzdeecsohoaggpwbjdvavzqfv/SourcePackages/checkouts/swift-collections
    write-file /Users/aadityasingh/Library/Developer/Xcode/DerivedData/Chatlio-erkyzdeecsohoaggpwbjdvavzqfv/Build/Intermediates.noindex/swift-collections.build/Debug-iphonesimulator/DequeModule.build/Objects-normal/arm64/DequeModule_const_extract_protocols.json

Copy /Users/aadityasingh/Library/Developer/Xcode/DerivedData/Chatlio-erkyzdeecsohoaggpwbjdvavzqfv/Build/Intermediates.noindex/GeneratedModuleMaps-iphonesimulator/DeviceKit.modulemap /Users/aadityasingh/Library/Developer/Xcode/DerivedData/Chatlio-erkyzdeecsohoaggpwbjdvavzqfv/Build/Intermediates.noindex/DeviceKit.build/Debug-iphonesimulator/DeviceKit.build/DeviceKit.modulemap (in target 'DeviceKit' from project 'DeviceKit')
    cd /Users/aadityasingh/Library/Developer/Xcode/DerivedData/Chatlio-erkyzdeecsohoaggpwbjdvavzqfv/SourcePackages/checkouts/DeviceKit
    builtin-copy -exclude .DS_Store -exclude CVS -exclude .svn -exclude .git -exclude .hg -resolve-src-symlinks /Users/aadityasingh/Library/Developer/Xcode/DerivedData/Chatlio-erkyzdeecsohoaggpwbjdvavzqfv/Build/Intermediates.noindex/DeviceKit.build/Debug-iphonesimulator/DeviceKit.build/DeviceKit.modulemap /Users/aadityasingh/Library/Developer/Xcode/DerivedData/Chatlio-erkyzdeecsohoaggpwbjdvavzqfv/Build/Intermediates.noindex/GeneratedModuleMaps-iphonesimulator

WriteAuxiliaryFile /Users/aadityasingh/Library/Developer/Xcode/DerivedData/Chatlio-erkyzdeecsohoaggpwbjdvavzqfv/Build/Intermediates.noindex/swift-collections.build/Debug-iphonesimulator/DequeModule.build/Objects-normal/arm64/DequeModule.SwiftFileList (in target 'DequeModule' from project 'swift-collections')
    cd /Users/aadityasingh/Library/Developer/Xcode/DerivedData/Chatlio-erkyzdeecsohoaggpwbjdvavzqfv/SourcePackages/checkouts/swift-collections
    write-file /Users/aadityasingh/Library/Developer/Xcode/DerivedData/Chatlio-erkyzdeecsohoaggpwbjdvavzqfv/Build/Intermediates.noindex/swift-collections.build/Debug-iphonesimulator/DequeModule.build/Objects-normal/arm64/DequeModule.SwiftFileList

WriteAuxiliaryFile /Users/aadityasingh/Library/Developer/Xcode/DerivedData/Chatlio-erkyzdeecsohoaggpwbjdvavzqfv/Build/Intermediates.noindex/swift-collections.build/Debug-iphonesimulator/DequeModule.build/Objects-normal/arm64/DequeModule.SwiftConstValuesFileList (in target 'DequeModule' from project 'swift-collections')
    cd /Users/aadityasingh/Library/Developer/Xcode/DerivedData/Chatlio-erkyzdeecsohoaggpwbjdvavzqfv/SourcePackages/checkouts/swift-collections
    write-file /Users/aadityasingh/Library/Developer/Xcode/DerivedData/Chatlio-erkyzdeecsohoaggpwbjdvavzqfv/Build/Intermediates.noindex/swift-collections.build/Debug-iphonesimulator/DequeModule.build/Objects-normal/arm64/DequeModule.SwiftConstValuesFileList

WriteAuxiliaryFile /Users/aadityasingh/Library/Developer/Xcode/DerivedData/Chatlio-erkyzdeecsohoaggpwbjdvavzqfv/Build/Intermediates.noindex/swift-collections.build/Debug-iphonesimulator/DequeModule.build/Objects-normal/arm64/DequeModule.LinkFileList (in target 'DequeModule' from project 'swift-collections')
    cd /Users/aadityasingh/Library/Developer/Xcode/DerivedData/Chatlio-erkyzdeecsohoaggpwbjdvavzqfv/SourcePackages/checkouts/swift-collections
    write-file /Users/aadityasingh/Library/Developer/Xcode/DerivedData/Chatlio-erkyzdeecsohoaggpwbjdvavzqfv/Build/Intermediates.noindex/swift-collections.build/Debug-iphonesimulator/DequeModule.build/Objects-normal/arm64/DequeModule.LinkFileList

WriteAuxiliaryFile /Users/aadityasingh/Library/Developer/Xcode/DerivedData/Chatlio-erkyzdeecsohoaggpwbjdvavzqfv/Build/Intermediates.noindex/swift-collections.build/Debug-iphonesimulator/DequeModule.build/Objects-normal/arm64/DequeModule-OutputFileMap.json (in target 'DequeModule' from project 'swift-collections')
    cd /Users/aadityasingh/Library/Developer/Xcode/DerivedData/Chatlio-erkyzdeecsohoaggpwbjdvavzqfv/SourcePackages/checkouts/swift-collections
    write-file /Users/aadityasingh/Library/Developer/Xcode/DerivedData/Chatlio-erkyzdeecsohoaggpwbjdvavzqfv/Build/Intermediates.noindex/swift-collections.build/Debug-iphonesimulator/DequeModule.build/Objects-normal/arm64/DequeModule-OutputFileMap.json

WriteAuxiliaryFile /Users/aadityasingh/Library/Developer/Xcode/DerivedData/Chatlio-erkyzdeecsohoaggpwbjdvavzqfv/Build/Intermediates.noindex/swift-collections.build/Debug-iphonesimulator/DequeModule.build/DequeModule.modulemap (in target 'DequeModule' from project 'swift-collections')
    cd /Users/aadityasingh/Library/Developer/Xcode/DerivedData/Chatlio-erkyzdeecsohoaggpwbjdvavzqfv/SourcePackages/checkouts/swift-collections
    write-file /Users/aadityasingh/Library/Developer/Xcode/DerivedData/Chatlio-erkyzdeecsohoaggpwbjdvavzqfv/Build/Intermediates.noindex/swift-collections.build/Debug-iphonesimulator/DequeModule.build/DequeModule.modulemap

WriteAuxiliaryFile /Users/aadityasingh/Library/Developer/Xcode/DerivedData/Chatlio-erkyzdeecsohoaggpwbjdvavzqfv/Build/Intermediates.noindex/swift-collections.build/Debug-iphonesimulator/DequeModule.build/DequeModule.DependencyStaticMetadataFileList (in target 'DequeModule' from project 'swift-collections')
    cd /Users/aadityasingh/Library/Developer/Xcode/DerivedData/Chatlio-erkyzdeecsohoaggpwbjdvavzqfv/SourcePackages/checkouts/swift-collections
    write-file /Users/aadityasingh/Library/Developer/Xcode/DerivedData/Chatlio-erkyzdeecsohoaggpwbjdvavzqfv/Build/Intermediates.noindex/swift-collections.build/Debug-iphonesimulator/DequeModule.build/DequeModule.DependencyStaticMetadataFileList

WriteAuxiliaryFile /Users/aadityasingh/Library/Developer/Xcode/DerivedData/Chatlio-erkyzdeecsohoaggpwbjdvavzqfv/Build/Intermediates.noindex/swift-collections.build/Debug-iphonesimulator/DequeModule.build/DequeModule.DependencyMetadataFileList (in target 'DequeModule' from project 'swift-collections')
    cd /Users/aadityasingh/Library/Developer/Xcode/DerivedData/Chatlio-erkyzdeecsohoaggpwbjdvavzqfv/SourcePackages/checkouts/swift-collections
    write-file /Users/aadityasingh/Library/Developer/Xcode/DerivedData/Chatlio-erkyzdeecsohoaggpwbjdvavzqfv/Build/Intermediates.noindex/swift-collections.build/Debug-iphonesimulator/DequeModule.build/DequeModule.DependencyMetadataFileList

WriteAuxiliaryFile /Users/aadityasingh/Library/Developer/Xcode/DerivedData/Chatlio-erkyzdeecsohoaggpwbjdvavzqfv/Build/Intermediates.noindex/DTFoundation.build/Debug-iphonesimulator/DTFoundation.build/Objects-normal/x86_64/DTFoundation.LinkFileList (in target 'DTFoundation' from project 'DTFoundation')
    cd /Users/aadityasingh/Library/Developer/Xcode/DerivedData/Chatlio-erkyzdeecsohoaggpwbjdvavzqfv/SourcePackages/checkouts/DTFoundation
    write-file /Users/aadityasingh/Library/Developer/Xcode/DerivedData/Chatlio-erkyzdeecsohoaggpwbjdvavzqfv/Build/Intermediates.noindex/DTFoundation.build/Debug-iphonesimulator/DTFoundation.build/Objects-normal/x86_64/DTFoundation.LinkFileList

WriteAuxiliaryFile /Users/aadityasingh/Library/Developer/Xcode/DerivedData/Chatlio-erkyzdeecsohoaggpwbjdvavzqfv/Build/Intermediates.noindex/DTFoundation.build/Debug-iphonesimulator/DTFoundation.build/Objects-normal/x86_64/e6072d4f65d7061329687fe24e3d63a7-common-args.resp (in target 'DTFoundation' from project 'DTFoundation')
    cd /Users/aadityasingh/Library/Developer/Xcode/DerivedData/Chatlio-erkyzdeecsohoaggpwbjdvavzqfv/SourcePackages/checkouts/DTFoundation
    write-file /Users/aadityasingh/Library/Developer/Xcode/DerivedData/Chatlio-erkyzdeecsohoaggpwbjdvavzqfv/Build/Intermediates.noindex/DTFoundation.build/Debug-iphonesimulator/DTFoundation.build/Objects-normal/x86_64/e6072d4f65d7061329687fe24e3d63a7-common-args.resp
-fobjc-arc -fmodules -gmodules '-fmodules-cache-path=/Users/aadityasingh/Library/Developer/Xcode/DerivedData/ModuleCache.noindex' '-fmodule-name=DTFoundation' -fpascal-strings -O0 -DSWIFT_PACKAGE '-DDEBUG=1' '-DBITCODE_GENERATION_MODE=bitcode' '-DENABLE_BITCODE=YES' '-DOBJC_OLD_DISPATCH_PROTOTYPES=1' -fasm-blocks -g '-fobjc-abi-version=2' -fobjc-legacy-dispatch -fprofile-instr-generate -fcoverage-mapping -I/Users/aadityasingh/Library/Developer/Xcode/DerivedData/Chatlio-erkyzdeecsohoaggpwbjdvavzqfv/Build/Products/Debug-iphonesimulator/include -I/Users/aadityasingh/Library/Developer/Xcode/DerivedData/Chatlio-erkyzdeecsohoaggpwbjdvavzqfv/SourcePackages/checkouts/DTFoundation/Core/include -I/Users/aadityasingh/Library/Developer/Xcode/DerivedData/Chatlio-erkyzdeecsohoaggpwbjdvavzqfv/SourcePackages/checkouts/DTFoundation/Core/include/DTFoundation -I/Users/aadityasingh/Library/Developer/Xcode/DerivedData/Chatlio-erkyzdeecsohoaggpwbjdvavzqfv/SourcePackages/checkouts/DTFoundation/Core/Source/Externals/minizip -I/Users/aadityasingh/Library/Developer/Xcode/DerivedData/Chatlio-erkyzdeecsohoaggpwbjdvavzqfv/Build/Intermediates.noindex/DTFoundation.build/Debug-iphonesimulator/DTFoundation.build/DerivedSources-normal/x86_64 -I/Users/aadityasingh/Library/Developer/Xcode/DerivedData/Chatlio-erkyzdeecsohoaggpwbjdvavzqfv/Build/Intermediates.noindex/DTFoundation.build/Debug-iphonesimulator/DTFoundation.build/DerivedSources/x86_64 -I/Users/aadityasingh/Library/Developer/Xcode/DerivedData/Chatlio-erkyzdeecsohoaggpwbjdvavzqfv/Build/Intermediates.noindex/DTFoundation.build/Debug-iphonesimulator/DTFoundation.build/DerivedSources -F/Users/aadityasingh/Library/Developer/Xcode/DerivedData/Chatlio-erkyzdeecsohoaggpwbjdvavzqfv/Build/Products/Debug-iphonesimulator -iframework /Applications/Xcode.app/Contents/Developer/Platforms/iPhoneSimulator.platform/Developer/Library/Frameworks -iframework /Applications/Xcode.app/Contents/Developer/Platforms/iPhoneSimulator.platform/Developer/SDKs/iPhoneSimulator26.4.sdk/Developer/Library/Frameworks -DXcode

WriteAuxiliaryFile /Users/aadityasingh/Library/Developer/Xcode/DerivedData/Chatlio-erkyzdeecsohoaggpwbjdvavzqfv/Build/Intermediates.noindex/DTFoundation.build/Debug-iphonesimulator/DTFoundation.build/Objects-normal/x86_64/7187679823f38a2a940e0043cdf9d637-common-args.resp (in target 'DTFoundation' from project 'DTFoundation')
    cd /Users/aadityasingh/Library/Developer/Xcode/DerivedData/Chatlio-erkyzdeecsohoaggpwbjdvavzqfv/SourcePackages/checkouts/DTFoundation
    write-file /Users/aadityasingh/Library/Developer/Xcode/DerivedData/Chatlio-erkyzdeecsohoaggpwbjdvavzqfv/Build/Intermediates.noindex/DTFoundation.build/Debug-iphonesimulator/DTFoundation.build/Objects-normal/x86_64/7187679823f38a2a940e0043cdf9d637-common-args.resp
-fmodules -gmodules '-fmodules-cache-path=/Users/aadityasingh/Library/Developer/Xcode/DerivedData/ModuleCache.noindex' '-fmodule-name=DTFoundation' -fpascal-strings -O0 -DSWIFT_PACKAGE '-DDEBUG=1' '-DBITCODE_GENERATION_MODE=bitcode' '-DENABLE_BITCODE=YES' -fasm-blocks -g -fprofile-instr-generate -fcoverage-mapping -I/Users/aadityasingh/Library/Developer/Xcode/DerivedData/Chatlio-erkyzdeecsohoaggpwbjdvavzqfv/Build/Products/Debug-iphonesimulator/include -I/Users/aadityasingh/Library/Developer/Xcode/DerivedData/Chatlio-erkyzdeecsohoaggpwbjdvavzqfv/SourcePackages/checkouts/DTFoundation/Core/include -I/Users/aadityasingh/Library/Developer/Xcode/DerivedData/Chatlio-erkyzdeecsohoaggpwbjdvavzqfv/SourcePackages/checkouts/DTFoundation/Core/include/DTFoundation -I/Users/aadityasingh/Library/Developer/Xcode/DerivedData/Chatlio-erkyzdeecsohoaggpwbjdvavzqfv/SourcePackages/checkouts/DTFoundation/Core/Source/Externals/minizip -I/Users/aadityasingh/Library/Developer/Xcode/DerivedData/Chatlio-erkyzdeecsohoaggpwbjdvavzqfv/Build/Intermediates.noindex/DTFoundation.build/Debug-iphonesimulator/DTFoundation.build/DerivedSources-normal/x86_64 -I/Users/aadityasingh/Library/Developer/Xcode/DerivedData/Chatlio-erkyzdeecsohoaggpwbjdvavzqfv/Build/Intermediates.noindex/DTFoundation.build/Debug-iphonesimulator/DTFoundation.build/DerivedSources/x86_64 -I/Users/aadityasingh/Library/Developer/Xcode/DerivedData/Chatlio-erkyzdeecsohoaggpwbjdvavzqfv/Build/Intermediates.noindex/DTFoundation.build/Debug-iphonesimulator/DTFoundation.build/DerivedSources -F/Users/aadityasingh/Library/Developer/Xcode/DerivedData/Chatlio-erkyzdeecsohoaggpwbjdvavzqfv/Build/Products/Debug-iphonesimulator -iframework /Applications/Xcode.app/Contents/Developer/Platforms/iPhoneSimulator.platform/Developer/Library/Frameworks -iframework /Applications/Xcode.app/Contents/Developer/Platforms/iPhoneSimulator.platform/Developer/SDKs/iPhoneSimulator26.4.sdk/Developer/Library/Frameworks -DXcode

WriteAuxiliaryFile /Users/aadityasingh/Library/Developer/Xcode/DerivedData/Chatlio-erkyzdeecsohoaggpwbjdvavzqfv/Build/Intermediates.noindex/DTFoundation.build/Debug-iphonesimulator/DTFoundation.build/Objects-normal/arm64/DTFoundation.LinkFileList (in target 'DTFoundation' from project 'DTFoundation')
    cd /Users/aadityasingh/Library/Developer/Xcode/DerivedData/Chatlio-erkyzdeecsohoaggpwbjdvavzqfv/SourcePackages/checkouts/DTFoundation
    write-file /Users/aadityasingh/Library/Developer/Xcode/DerivedData/Chatlio-erkyzdeecsohoaggpwbjdvavzqfv/Build/Intermediates.noindex/DTFoundation.build/Debug-iphonesimulator/DTFoundation.build/Objects-normal/arm64/DTFoundation.LinkFileList

WriteAuxiliaryFile /Users/aadityasingh/Library/Developer/Xcode/DerivedData/Chatlio-erkyzdeecsohoaggpwbjdvavzqfv/Build/Intermediates.noindex/DTFoundation.build/Debug-iphonesimulator/DTFoundation.build/Objects-normal/arm64/e6072d4f65d7061329687fe24e3d63a7-common-args.resp (in target 'DTFoundation' from project 'DTFoundation')
    cd /Users/aadityasingh/Library/Developer/Xcode/DerivedData/Chatlio-erkyzdeecsohoaggpwbjdvavzqfv/SourcePackages/checkouts/DTFoundation
    write-file /Users/aadityasingh/Library/Developer/Xcode/DerivedData/Chatlio-erkyzdeecsohoaggpwbjdvavzqfv/Build/Intermediates.noindex/DTFoundation.build/Debug-iphonesimulator/DTFoundation.build/Objects-normal/arm64/e6072d4f65d7061329687fe24e3d63a7-common-args.resp
-fobjc-arc -fmodules -gmodules '-fmodules-cache-path=/Users/aadityasingh/Library/Developer/Xcode/DerivedData/ModuleCache.noindex' '-fmodule-name=DTFoundation' -fpascal-strings -O0 -DSWIFT_PACKAGE '-DDEBUG=1' '-DBITCODE_GENERATION_MODE=bitcode' '-DENABLE_BITCODE=YES' '-DOBJC_OLD_DISPATCH_PROTOTYPES=1' -g '-fobjc-abi-version=2' -fobjc-legacy-dispatch -fprofile-instr-generate -fcoverage-mapping -I/Users/aadityasingh/Library/Developer/Xcode/DerivedData/Chatlio-erkyzdeecsohoaggpwbjdvavzqfv/Build/Products/Debug-iphonesimulator/include -I/Users/aadityasingh/Library/Developer/Xcode/DerivedData/Chatlio-erkyzdeecsohoaggpwbjdvavzqfv/SourcePackages/checkouts/DTFoundation/Core/include -I/Users/aadityasingh/Library/Developer/Xcode/DerivedData/Chatlio-erkyzdeecsohoaggpwbjdvavzqfv/SourcePackages/checkouts/DTFoundation/Core/include/DTFoundation -I/Users/aadityasingh/Library/Developer/Xcode/DerivedData/Chatlio-erkyzdeecsohoaggpwbjdvavzqfv/SourcePackages/checkouts/DTFoundation/Core/Source/Externals/minizip -I/Users/aadityasingh/Library/Developer/Xcode/DerivedData/Chatlio-erkyzdeecsohoaggpwbjdvavzqfv/Build/Intermediates.noindex/DTFoundation.build/Debug-iphonesimulator/DTFoundation.build/DerivedSources-normal/arm64 -I/Users/aadityasingh/Library/Developer/Xcode/DerivedData/Chatlio-erkyzdeecsohoaggpwbjdvavzqfv/Build/Intermediates.noindex/DTFoundation.build/Debug-iphonesimulator/DTFoundation.build/DerivedSources/arm64 -I/Users/aadityasingh/Library/Developer/Xcode/DerivedData/Chatlio-erkyzdeecsohoaggpwbjdvavzqfv/Build/Intermediates.noindex/DTFoundation.build/Debug-iphonesimulator/DTFoundation.build/DerivedSources -F/Users/aadityasingh/Library/Developer/Xcode/DerivedData/Chatlio-erkyzdeecsohoaggpwbjdvavzqfv/Build/Products/Debug-iphonesimulator -iframework /Applications/Xcode.app/Contents/Developer/Platforms/iPhoneSimulator.platform/Developer/Library/Frameworks -iframework /Applications/Xcode.app/Contents/Developer/Platforms/iPhoneSimulator.platform/Developer/SDKs/iPhoneSimulator26.4.sdk/Developer/Library/Frameworks -DXcode

WriteAuxiliaryFile /Users/aadityasingh/Library/Developer/Xcode/DerivedData/Chatlio-erkyzdeecsohoaggpwbjdvavzqfv/Build/Intermediates.noindex/DTFoundation.build/Debug-iphonesimulator/DTFoundation.build/Objects-normal/arm64/7187679823f38a2a940e0043cdf9d637-common-args.resp (in target 'DTFoundation' from project 'DTFoundation')
    cd /Users/aadityasingh/Library/Developer/Xcode/DerivedData/Chatlio-erkyzdeecsohoaggpwbjdvavzqfv/SourcePackages/checkouts/DTFoundation
    write-file /Users/aadityasingh/Library/Developer/Xcode/DerivedData/Chatlio-erkyzdeecsohoaggpwbjdvavzqfv/Build/Intermediates.noindex/DTFoundation.build/Debug-iphonesimulator/DTFoundation.build/Objects-normal/arm64/7187679823f38a2a940e0043cdf9d637-common-args.resp
-fmodules -gmodules '-fmodules-cache-path=/Users/aadityasingh/Library/Developer/Xcode/DerivedData/ModuleCache.noindex' '-fmodule-name=DTFoundation' -fpascal-strings -O0 -DSWIFT_PACKAGE '-DDEBUG=1' '-DBITCODE_GENERATION_MODE=bitcode' '-DENABLE_BITCODE=YES' -g -fprofile-instr-generate -fcoverage-mapping -I/Users/aadityasingh/Library/Developer/Xcode/DerivedData/Chatlio-erkyzdeecsohoaggpwbjdvavzqfv/Build/Products/Debug-iphonesimulator/include -I/Users/aadityasingh/Library/Developer/Xcode/DerivedData/Chatlio-erkyzdeecsohoaggpwbjdvavzqfv/SourcePackages/checkouts/DTFoundation/Core/include -I/Users/aadityasingh/Library/Developer/Xcode/DerivedData/Chatlio-erkyzdeecsohoaggpwbjdvavzqfv/SourcePackages/checkouts/DTFoundation/Core/include/DTFoundation -I/Users/aadityasingh/Library/Developer/Xcode/DerivedData/Chatlio-erkyzdeecsohoaggpwbjdvavzqfv/SourcePackages/checkouts/DTFoundation/Core/Source/Externals/minizip -I/Users/aadityasingh/Library/Developer/Xcode/DerivedData/Chatlio-erkyzdeecsohoaggpwbjdvavzqfv/Build/Intermediates.noindex/DTFoundation.build/Debug-iphonesimulator/DTFoundation.build/DerivedSources-normal/arm64 -I/Users/aadityasingh/Library/Developer/Xcode/DerivedData/Chatlio-erkyzdeecsohoaggpwbjdvavzqfv/Build/Intermediates.noindex/DTFoundation.build/Debug-iphonesimulator/DTFoundation.build/DerivedSources/arm64 -I/Users/aadityasingh/Library/Developer/Xcode/DerivedData/Chatlio-erkyzdeecsohoaggpwbjdvavzqfv/Build/Intermediates.noindex/DTFoundation.build/Debug-iphonesimulator/DTFoundation.build/DerivedSources -F/Users/aadityasingh/Library/Developer/Xcode/DerivedData/Chatlio-erkyzdeecsohoaggpwbjdvavzqfv/Build/Products/Debug-iphonesimulator -iframework /Applications/Xcode.app/Contents/Developer/Platforms/iPhoneSimulator.platform/Developer/Library/Frameworks -iframework /Applications/Xcode.app/Contents/Developer/Platforms/iPhoneSimulator.platform/Developer/SDKs/iPhoneSimulator26.4.sdk/Developer/Library/Frameworks -DXcode

WriteAuxiliaryFile /Users/aadityasingh/Library/Developer/Xcode/DerivedData/Chatlio-erkyzdeecsohoaggpwbjdvavzqfv/Build/Intermediates.noindex/DTFoundation.build/Debug-iphonesimulator/DTFoundation.build/DTFoundation.modulemap (in target 'DTFoundation' from project 'DTFoundation')
    cd /Users/aadityasingh/Library/Developer/Xcode/DerivedData/Chatlio-erkyzdeecsohoaggpwbjdvavzqfv/SourcePackages/checkouts/DTFoundation
    write-file /Users/aadityasingh/Library/Developer/Xcode/DerivedData/Chatlio-erkyzdeecsohoaggpwbjdvavzqfv/Build/Intermediates.noindex/DTFoundation.build/Debug-iphonesimulator/DTFoundation.build/DTFoundation.modulemap

WriteAuxiliaryFile /Users/aadityasingh/Library/Developer/Xcode/DerivedData/Chatlio-erkyzdeecsohoaggpwbjdvavzqfv/Build/Intermediates.noindex/DTFoundation.build/Debug-iphonesimulator/DTFoundation.build/DTFoundation.DependencyStaticMetadataFileList (in target 'DTFoundation' from project 'DTFoundation')
    cd /Users/aadityasingh/Library/Developer/Xcode/DerivedData/Chatlio-erkyzdeecsohoaggpwbjdvavzqfv/SourcePackages/checkouts/DTFoundation
    write-file /Users/aadityasingh/Library/Developer/Xcode/DerivedData/Chatlio-erkyzdeecsohoaggpwbjdvavzqfv/Build/Intermediates.noindex/DTFoundation.build/Debug-iphonesimulator/DTFoundation.build/DTFoundation.DependencyStaticMetadataFileList

WriteAuxiliaryFile /Users/aadityasingh/Library/Developer/Xcode/DerivedData/Chatlio-erkyzdeecsohoaggpwbjdvavzqfv/Build/Intermediates.noindex/DTFoundation.build/Debug-iphonesimulator/DTFoundation.build/DTFoundation.DependencyMetadataFileList (in target 'DTFoundation' from project 'DTFoundation')
    cd /Users/aadityasingh/Library/Developer/Xcode/DerivedData/Chatlio-erkyzdeecsohoaggpwbjdvavzqfv/SourcePackages/checkouts/DTFoundation
    write-file /Users/aadityasingh/Library/Developer/Xcode/DerivedData/Chatlio-erkyzdeecsohoaggpwbjdvavzqfv/Build/Intermediates.noindex/DTFoundation.build/Debug-iphonesimulator/DTFoundation.build/DTFoundation.DependencyMetadataFileList

Copy /Users/aadityasingh/Library/Developer/Xcode/DerivedData/Chatlio-erkyzdeecsohoaggpwbjdvavzqfv/Build/Intermediates.noindex/GeneratedModuleMaps-iphonesimulator/DequeModule.modulemap /Users/aadityasingh/Library/Developer/Xcode/DerivedData/Chatlio-erkyzdeecsohoaggpwbjdvavzqfv/Build/Intermediates.noindex/swift-collections.build/Debug-iphonesimulator/DequeModule.build/DequeModule.modulemap (in target 'DequeModule' from project 'swift-collections')
    cd /Users/aadityasingh/Library/Developer/Xcode/DerivedData/Chatlio-erkyzdeecsohoaggpwbjdvavzqfv/SourcePackages/checkouts/swift-collections
    builtin-copy -exclude .DS_Store -exclude CVS -exclude .svn -exclude .git -exclude .hg -resolve-src-symlinks /Users/aadityasingh/Library/Developer/Xcode/DerivedData/Chatlio-erkyzdeecsohoaggpwbjdvavzqfv/Build/Intermediates.noindex/swift-collections.build/Debug-iphonesimulator/DequeModule.build/DequeModule.modulemap /Users/aadityasingh/Library/Developer/Xcode/DerivedData/Chatlio-erkyzdeecsohoaggpwbjdvavzqfv/Build/Intermediates.noindex/GeneratedModuleMaps-iphonesimulator

WriteAuxiliaryFile /Users/aadityasingh/Library/Developer/Xcode/DerivedData/Chatlio-erkyzdeecsohoaggpwbjdvavzqfv/Build/Intermediates.noindex/WysiwygComposer.build/Debug-iphonesimulator/DTCoreTextExtended.build/Objects-normal/x86_64/e6072d4f65d7061329687fe24e3d63a7-common-args.resp (in target 'DTCoreTextExtended' from project 'WysiwygComposer')
    cd /Users/aadityasingh/Library/Developer/Xcode/DerivedData/Chatlio-erkyzdeecsohoaggpwbjdvavzqfv/SourcePackages/checkouts/matrix-rich-text-editor-swift
    write-file /Users/aadityasingh/Library/Developer/Xcode/DerivedData/Chatlio-erkyzdeecsohoaggpwbjdvavzqfv/Build/Intermediates.noindex/WysiwygComposer.build/Debug-iphonesimulator/DTCoreTextExtended.build/Objects-normal/x86_64/e6072d4f65d7061329687fe24e3d63a7-common-args.resp
-fobjc-arc -fmodules -gmodules '-fmodules-cache-path=/Users/aadityasingh/Library/Developer/Xcode/DerivedData/ModuleCache.noindex' '-fmodule-name=DTCoreTextExtended' -fpascal-strings -O0 -DSWIFT_PACKAGE '-DDEBUG=1' '-DOBJC_OLD_DISPATCH_PROTOTYPES=1' -fasm-blocks -g '-fobjc-abi-version=2' -fobjc-legacy-dispatch -fprofile-instr-generate -fcoverage-mapping -I/Users/aadityasingh/Library/Developer/Xcode/DerivedData/Chatlio-erkyzdeecsohoaggpwbjdvavzqfv/SourcePackages/checkouts/DTFoundation/Core/include -I/Users/aadityasingh/Library/Developer/Xcode/DerivedData/Chatlio-erkyzdeecsohoaggpwbjdvavzqfv/SourcePackages/checkouts/DTCoreText/Core/include -I/Users/aadityasingh/Library/Developer/Xcode/DerivedData/Chatlio-erkyzdeecsohoaggpwbjdvavzqfv/Build/Products/Debug-iphonesimulator/include -I/Users/aadityasingh/Library/Developer/Xcode/DerivedData/Chatlio-erkyzdeecsohoaggpwbjdvavzqfv/SourcePackages/checkouts/matrix-rich-text-editor-swift/Sources/DTCoreTextExtended/include -I/Users/aadityasingh/Library/Developer/Xcode/DerivedData/Chatlio-erkyzdeecsohoaggpwbjdvavzqfv/Build/Intermediates.noindex/WysiwygComposer.build/Debug-iphonesimulator/DTCoreTextExtended.build/DerivedSources-normal/x86_64 -I/Users/aadityasingh/Library/Developer/Xcode/DerivedData/Chatlio-erkyzdeecsohoaggpwbjdvavzqfv/Build/Intermediates.noindex/WysiwygComposer.build/Debug-iphonesimulator/DTCoreTextExtended.build/DerivedSources/x86_64 -I/Users/aadityasingh/Library/Developer/Xcode/DerivedData/Chatlio-erkyzdeecsohoaggpwbjdvavzqfv/Build/Intermediates.noindex/WysiwygComposer.build/Debug-iphonesimulator/DTCoreTextExtended.build/DerivedSources -F/Users/aadityasingh/Library/Developer/Xcode/DerivedData/Chatlio-erkyzdeecsohoaggpwbjdvavzqfv/Build/Products/Debug-iphonesimulator/PackageFrameworks -F/Users/aadityasingh/Library/Developer/Xcode/DerivedData/Chatlio-erkyzdeecsohoaggpwbjdvavzqfv/Build/Products/Debug-iphonesimulator/PackageFrameworks -F/Users/aadityasingh/Library/Developer/Xcode/DerivedData/Chatlio-erkyzdeecsohoaggpwbjdvavzqfv/Build/Products/Debug-iphonesimulator -iframework /Applications/Xcode.app/Contents/Developer/Platforms/iPhoneSimulator.platform/Developer/Library/Frameworks -iframework /Applications/Xcode.app/Contents/Developer/Platforms/iPhoneSimulator.platform/Developer/SDKs/iPhoneSimulator26.4.sdk/Developer/Library/Frameworks '-fmodule-map-file=/Users/aadityasingh/Library/Developer/Xcode/DerivedData/Chatlio-erkyzdeecsohoaggpwbjdvavzqfv/Build/Intermediates.noindex/GeneratedModuleMaps-iphonesimulator/DTFoundation.modulemap' '-fmodule-map-file=/Users/aadityasingh/Library/Developer/Xcode/DerivedData/Chatlio-erkyzdeecsohoaggpwbjdvavzqfv/Build/Intermediates.noindex/GeneratedModuleMaps-iphonesimulator/DTCoreText.modulemap' -DXcode

WriteAuxiliaryFile /Users/aadityasingh/Library/Developer/Xcode/DerivedData/Chatlio-erkyzdeecsohoaggpwbjdvavzqfv/Build/Intermediates.noindex/WysiwygComposer.build/Debug-iphonesimulator/DTCoreTextExtended.build/Objects-normal/x86_64/DTCoreTextExtended.LinkFileList (in target 'DTCoreTextExtended' from project 'WysiwygComposer')
    cd /Users/aadityasingh/Library/Developer/Xcode/DerivedData/Chatlio-erkyzdeecsohoaggpwbjdvavzqfv/SourcePackages/checkouts/matrix-rich-text-editor-swift
    write-file /Users/aadityasingh/Library/Developer/Xcode/DerivedData/Chatlio-erkyzdeecsohoaggpwbjdvavzqfv/Build/Intermediates.noindex/WysiwygComposer.build/Debug-iphonesimulator/DTCoreTextExtended.build/Objects-normal/x86_64/DTCoreTextExtended.LinkFileList

WriteAuxiliaryFile /Users/aadityasingh/Library/Developer/Xcode/DerivedData/Chatlio-erkyzdeecsohoaggpwbjdvavzqfv/Build/Intermediates.noindex/WysiwygComposer.build/Debug-iphonesimulator/DTCoreTextExtended.build/Objects-normal/arm64/DTCoreTextExtended.LinkFileList (in target 'DTCoreTextExtended' from project 'WysiwygComposer')
    cd /Users/aadityasingh/Library/Developer/Xcode/DerivedData/Chatlio-erkyzdeecsohoaggpwbjdvavzqfv/SourcePackages/checkouts/matrix-rich-text-editor-swift
    write-file /Users/aadityasingh/Library/Developer/Xcode/DerivedData/Chatlio-erkyzdeecsohoaggpwbjdvavzqfv/Build/Intermediates.noindex/WysiwygComposer.build/Debug-iphonesimulator/DTCoreTextExtended.build/Objects-normal/arm64/DTCoreTextExtended.LinkFileList

WriteAuxiliaryFile /Users/aadityasingh/Library/Developer/Xcode/DerivedData/Chatlio-erkyzdeecsohoaggpwbjdvavzqfv/Build/Intermediates.noindex/WysiwygComposer.build/Debug-iphonesimulator/DTCoreTextExtended.build/Objects-normal/arm64/e6072d4f65d7061329687fe24e3d63a7-common-args.resp (in target 'DTCoreTextExtended' from project 'WysiwygComposer')
    cd /Users/aadityasingh/Library/Developer/Xcode/DerivedData/Chatlio-erkyzdeecsohoaggpwbjdvavzqfv/SourcePackages/checkouts/matrix-rich-text-editor-swift
    write-file /Users/aadityasingh/Library/Developer/Xcode/DerivedData/Chatlio-erkyzdeecsohoaggpwbjdvavzqfv/Build/Intermediates.noindex/WysiwygComposer.build/Debug-iphonesimulator/DTCoreTextExtended.build/Objects-normal/arm64/e6072d4f65d7061329687fe24e3d63a7-common-args.resp
-fobjc-arc -fmodules -gmodules '-fmodules-cache-path=/Users/aadityasingh/Library/Developer/Xcode/DerivedData/ModuleCache.noindex' '-fmodule-name=DTCoreTextExtended' -fpascal-strings -O0 -DSWIFT_PACKAGE '-DDEBUG=1' '-DOBJC_OLD_DISPATCH_PROTOTYPES=1' -g '-fobjc-abi-version=2' -fobjc-legacy-dispatch -fprofile-instr-generate -fcoverage-mapping -I/Users/aadityasingh/Library/Developer/Xcode/DerivedData/Chatlio-erkyzdeecsohoaggpwbjdvavzqfv/SourcePackages/checkouts/DTFoundation/Core/include -I/Users/aadityasingh/Library/Developer/Xcode/DerivedData/Chatlio-erkyzdeecsohoaggpwbjdvavzqfv/SourcePackages/checkouts/DTCoreText/Core/include -I/Users/aadityasingh/Library/Developer/Xcode/DerivedData/Chatlio-erkyzdeecsohoaggpwbjdvavzqfv/Build/Products/Debug-iphonesimulator/include -I/Users/aadityasingh/Library/Developer/Xcode/DerivedData/Chatlio-erkyzdeecsohoaggpwbjdvavzqfv/SourcePackages/checkouts/matrix-rich-text-editor-swift/Sources/DTCoreTextExtended/include -I/Users/aadityasingh/Library/Developer/Xcode/DerivedData/Chatlio-erkyzdeecsohoaggpwbjdvavzqfv/Build/Intermediates.noindex/WysiwygComposer.build/Debug-iphonesimulator/DTCoreTextExtended.build/DerivedSources-normal/arm64 -I/Users/aadityasingh/Library/Developer/Xcode/DerivedData/Chatlio-erkyzdeecsohoaggpwbjdvavzqfv/Build/Intermediates.noindex/WysiwygComposer.build/Debug-iphonesimulator/DTCoreTextExtended.build/DerivedSources/arm64 -I/Users/aadityasingh/Library/Developer/Xcode/DerivedData/Chatlio-erkyzdeecsohoaggpwbjdvavzqfv/Build/Intermediates.noindex/WysiwygComposer.build/Debug-iphonesimulator/DTCoreTextExtended.build/DerivedSources -F/Users/aadityasingh/Library/Developer/Xcode/DerivedData/Chatlio-erkyzdeecsohoaggpwbjdvavzqfv/Build/Products/Debug-iphonesimulator/PackageFrameworks -F/Users/aadityasingh/Library/Developer/Xcode/DerivedData/Chatlio-erkyzdeecsohoaggpwbjdvavzqfv/Build/Products/Debug-iphonesimulator/PackageFrameworks -F/Users/aadityasingh/Library/Developer/Xcode/DerivedData/Chatlio-erkyzdeecsohoaggpwbjdvavzqfv/Build/Products/Debug-iphonesimulator -iframework /Applications/Xcode.app/Contents/Developer/Platforms/iPhoneSimulator.platform/Developer/Library/Frameworks -iframework /Applications/Xcode.app/Contents/Developer/Platforms/iPhoneSimulator.platform/Developer/SDKs/iPhoneSimulator26.4.sdk/Developer/Library/Frameworks '-fmodule-map-file=/Users/aadityasingh/Library/Developer/Xcode/DerivedData/Chatlio-erkyzdeecsohoaggpwbjdvavzqfv/Build/Intermediates.noindex/GeneratedModuleMaps-iphonesimulator/DTFoundation.modulemap' '-fmodule-map-file=/Users/aadityasingh/Library/Developer/Xcode/DerivedData/Chatlio-erkyzdeecsohoaggpwbjdvavzqfv/Build/Intermediates.noindex/GeneratedModuleMaps-iphonesimulator/DTCoreText.modulemap' -DXcode

WriteAuxiliaryFile /Users/aadityasingh/Library/Developer/Xcode/DerivedData/Chatlio-erkyzdeecsohoaggpwbjdvavzqfv/Build/Intermediates.noindex/WysiwygComposer.build/Debug-iphonesimulator/DTCoreTextExtended.build/DTCoreTextExtended.modulemap (in target 'DTCoreTextExtended' from project 'WysiwygComposer')
    cd /Users/aadityasingh/Library/Developer/Xcode/DerivedData/Chatlio-erkyzdeecsohoaggpwbjdvavzqfv/SourcePackages/checkouts/matrix-rich-text-editor-swift
    write-file /Users/aadityasingh/Library/Developer/Xcode/DerivedData/Chatlio-erkyzdeecsohoaggpwbjdvavzqfv/Build/Intermediates.noindex/WysiwygComposer.build/Debug-iphonesimulator/DTCoreTextExtended.build/DTCoreTextExtended.modulemap

WriteAuxiliaryFile /Users/aadityasingh/Library/Developer/Xcode/DerivedData/Chatlio-erkyzdeecsohoaggpwbjdvavzqfv/Build/Intermediates.noindex/WysiwygComposer.build/Debug-iphonesimulator/DTCoreTextExtended.build/DTCoreTextExtended.DependencyStaticMetadataFileList (in target 'DTCoreTextExtended' from project 'WysiwygComposer')
    cd /Users/aadityasingh/Library/Developer/Xcode/DerivedData/Chatlio-erkyzdeecsohoaggpwbjdvavzqfv/SourcePackages/checkouts/matrix-rich-text-editor-swift
    write-file /Users/aadityasingh/Library/Developer/Xcode/DerivedData/Chatlio-erkyzdeecsohoaggpwbjdvavzqfv/Build/Intermediates.noindex/WysiwygComposer.build/Debug-iphonesimulator/DTCoreTextExtended.build/DTCoreTextExtended.DependencyStaticMetadataFileList

WriteAuxiliaryFile /Users/aadityasingh/Library/Developer/Xcode/DerivedData/Chatlio-erkyzdeecsohoaggpwbjdvavzqfv/Build/Intermediates.noindex/WysiwygComposer.build/Debug-iphonesimulator/DTCoreTextExtended.build/DTCoreTextExtended.DependencyMetadataFileList (in target 'DTCoreTextExtended' from project 'WysiwygComposer')
    cd /Users/aadityasingh/Library/Developer/Xcode/DerivedData/Chatlio-erkyzdeecsohoaggpwbjdvavzqfv/SourcePackages/checkouts/matrix-rich-text-editor-swift
    write-file /Users/aadityasingh/Library/Developer/Xcode/DerivedData/Chatlio-erkyzdeecsohoaggpwbjdvavzqfv/Build/Intermediates.noindex/WysiwygComposer.build/Debug-iphonesimulator/DTCoreTextExtended.build/DTCoreTextExtended.DependencyMetadataFileList

Copy /Users/aadityasingh/Library/Developer/Xcode/DerivedData/Chatlio-erkyzdeecsohoaggpwbjdvavzqfv/Build/Intermediates.noindex/GeneratedModuleMaps-iphonesimulator/DTFoundation.modulemap /Users/aadityasingh/Library/Developer/Xcode/DerivedData/Chatlio-erkyzdeecsohoaggpwbjdvavzqfv/Build/Intermediates.noindex/DTFoundation.build/Debug-iphonesimulator/DTFoundation.build/DTFoundation.modulemap (in target 'DTFoundation' from project 'DTFoundation')
    cd /Users/aadityasingh/Library/Developer/Xcode/DerivedData/Chatlio-erkyzdeecsohoaggpwbjdvavzqfv/SourcePackages/checkouts/DTFoundation
    builtin-copy -exclude .DS_Store -exclude CVS -exclude .svn -exclude .git -exclude .hg -resolve-src-symlinks /Users/aadityasingh/Library/Developer/Xcode/DerivedData/Chatlio-erkyzdeecsohoaggpwbjdvavzqfv/Build/Intermediates.noindex/DTFoundation.build/Debug-iphonesimulator/DTFoundation.build/DTFoundation.modulemap /Users/aadityasingh/Library/Developer/Xcode/DerivedData/Chatlio-erkyzdeecsohoaggpwbjdvavzqfv/Build/Intermediates.noindex/GeneratedModuleMaps-iphonesimulator

WriteAuxiliaryFile /Users/aadityasingh/Library/Developer/Xcode/DerivedData/Chatlio-erkyzdeecsohoaggpwbjdvavzqfv/Build/Intermediates.noindex/DTCoreText.build/Debug-iphonesimulator/DTCoreText.build/Objects-normal/x86_64/e6072d4f65d7061329687fe24e3d63a7-common-args.resp (in target 'DTCoreText' from project 'DTCoreText')
    cd /Users/aadityasingh/Library/Developer/Xcode/DerivedData/Chatlio-erkyzdeecsohoaggpwbjdvavzqfv/SourcePackages/checkouts/DTCoreText
    write-file /Users/aadityasingh/Library/Developer/Xcode/DerivedData/Chatlio-erkyzdeecsohoaggpwbjdvavzqfv/Build/Intermediates.noindex/DTCoreText.build/Debug-iphonesimulator/DTCoreText.build/Objects-normal/x86_64/e6072d4f65d7061329687fe24e3d63a7-common-args.resp
-fobjc-arc -fmodules -gmodules '-fmodules-cache-path=/Users/aadityasingh/Library/Developer/Xcode/DerivedData/ModuleCache.noindex' '-fmodule-name=DTCoreText' -fpascal-strings -O0 -DSWIFT_PACKAGE '-DDEBUG=1' '-DOBJC_OLD_DISPATCH_PROTOTYPES=1' -fasm-blocks -g '-fobjc-abi-version=2' -fobjc-legacy-dispatch -fprofile-instr-generate -fcoverage-mapping -I/Users/aadityasingh/Library/Developer/Xcode/DerivedData/Chatlio-erkyzdeecsohoaggpwbjdvavzqfv/SourcePackages/checkouts/DTFoundation/Core/include -I/Users/aadityasingh/Library/Developer/Xcode/DerivedData/Chatlio-erkyzdeecsohoaggpwbjdvavzqfv/Build/Products/Debug-iphonesimulator/include -I/Users/aadityasingh/Library/Developer/Xcode/DerivedData/Chatlio-erkyzdeecsohoaggpwbjdvavzqfv/SourcePackages/checkouts/DTCoreText/Core/include -I/Users/aadityasingh/Library/Developer/Xcode/DerivedData/Chatlio-erkyzdeecsohoaggpwbjdvavzqfv/Build/Intermediates.noindex/DTCoreText.build/Debug-iphonesimulator/DTCoreText.build/DerivedSources-normal/x86_64 -I/Users/aadityasingh/Library/Developer/Xcode/DerivedData/Chatlio-erkyzdeecsohoaggpwbjdvavzqfv/Build/Intermediates.noindex/DTCoreText.build/Debug-iphonesimulator/DTCoreText.build/DerivedSources/x86_64 -I/Users/aadityasingh/Library/Developer/Xcode/DerivedData/Chatlio-erkyzdeecsohoaggpwbjdvavzqfv/Build/Intermediates.noindex/DTCoreText.build/Debug-iphonesimulator/DTCoreText.build/DerivedSources -F/Users/aadityasingh/Library/Developer/Xcode/DerivedData/Chatlio-erkyzdeecsohoaggpwbjdvavzqfv/Build/Products/Debug-iphonesimulator/PackageFrameworks -F/Users/aadityasingh/Library/Developer/Xcode/DerivedData/Chatlio-erkyzdeecsohoaggpwbjdvavzqfv/Build/Products/Debug-iphonesimulator -iframework /Applications/Xcode.app/Contents/Developer/Platforms/iPhoneSimulator.platform/Developer/Library/Frameworks -iframework /Applications/Xcode.app/Contents/Developer/Platforms/iPhoneSimulator.platform/Developer/SDKs/iPhoneSimulator26.4.sdk/Developer/Library/Frameworks '-fmodule-map-file=/Users/aadityasingh/Library/Developer/Xcode/DerivedData/Chatlio-erkyzdeecsohoaggpwbjdvavzqfv/Build/Intermediates.noindex/GeneratedModuleMaps-iphonesimulator/DTFoundation.modulemap' -DXcode

WriteAuxiliaryFile /Users/aadityasingh/Library/Developer/Xcode/DerivedData/Chatlio-erkyzdeecsohoaggpwbjdvavzqfv/Build/Intermediates.noindex/DTCoreText.build/Debug-iphonesimulator/DTCoreText.build/Objects-normal/x86_64/DTCoreText.LinkFileList (in target 'DTCoreText' from project 'DTCoreText')
    cd /Users/aadityasingh/Library/Developer/Xcode/DerivedData/Chatlio-erkyzdeecsohoaggpwbjdvavzqfv/SourcePackages/checkouts/DTCoreText
    write-file /Users/aadityasingh/Library/Developer/Xcode/DerivedData/Chatlio-erkyzdeecsohoaggpwbjdvavzqfv/Build/Intermediates.noindex/DTCoreText.build/Debug-iphonesimulator/DTCoreText.build/Objects-normal/x86_64/DTCoreText.LinkFileList

WriteAuxiliaryFile /Users/aadityasingh/Library/Developer/Xcode/DerivedData/Chatlio-erkyzdeecsohoaggpwbjdvavzqfv/Build/Intermediates.noindex/DTCoreText.build/Debug-iphonesimulator/DTCoreText.build/Objects-normal/arm64/e6072d4f65d7061329687fe24e3d63a7-common-args.resp (in target 'DTCoreText' from project 'DTCoreText')
    cd /Users/aadityasingh/Library/Developer/Xcode/DerivedData/Chatlio-erkyzdeecsohoaggpwbjdvavzqfv/SourcePackages/checkouts/DTCoreText
    write-file /Users/aadityasingh/Library/Developer/Xcode/DerivedData/Chatlio-erkyzdeecsohoaggpwbjdvavzqfv/Build/Intermediates.noindex/DTCoreText.build/Debug-iphonesimulator/DTCoreText.build/Objects-normal/arm64/e6072d4f65d7061329687fe24e3d63a7-common-args.resp
-fobjc-arc -fmodules -gmodules '-fmodules-cache-path=/Users/aadityasingh/Library/Developer/Xcode/DerivedData/ModuleCache.noindex' '-fmodule-name=DTCoreText' -fpascal-strings -O0 -DSWIFT_PACKAGE '-DDEBUG=1' '-DOBJC_OLD_DISPATCH_PROTOTYPES=1' -g '-fobjc-abi-version=2' -fobjc-legacy-dispatch -fprofile-instr-generate -fcoverage-mapping -I/Users/aadityasingh/Library/Developer/Xcode/DerivedData/Chatlio-erkyzdeecsohoaggpwbjdvavzqfv/SourcePackages/checkouts/DTFoundation/Core/include -I/Users/aadityasingh/Library/Developer/Xcode/DerivedData/Chatlio-erkyzdeecsohoaggpwbjdvavzqfv/Build/Products/Debug-iphonesimulator/include -I/Users/aadityasingh/Library/Developer/Xcode/DerivedData/Chatlio-erkyzdeecsohoaggpwbjdvavzqfv/SourcePackages/checkouts/DTCoreText/Core/include -I/Users/aadityasingh/Library/Developer/Xcode/DerivedData/Chatlio-erkyzdeecsohoaggpwbjdvavzqfv/Build/Intermediates.noindex/DTCoreText.build/Debug-iphonesimulator/DTCoreText.build/DerivedSources-normal/arm64 -I/Users/aadityasingh/Library/Developer/Xcode/DerivedData/Chatlio-erkyzdeecsohoaggpwbjdvavzqfv/Build/Intermediates.noindex/DTCoreText.build/Debug-iphonesimulator/DTCoreText.build/DerivedSources/arm64 -I/Users/aadityasingh/Library/Developer/Xcode/DerivedData/Chatlio-erkyzdeecsohoaggpwbjdvavzqfv/Build/Intermediates.noindex/DTCoreText.build/Debug-iphonesimulator/DTCoreText.build/DerivedSources -F/Users/aadityasingh/Library/Developer/Xcode/DerivedData/Chatlio-erkyzdeecsohoaggpwbjdvavzqfv/Build/Products/Debug-iphonesimulator/PackageFrameworks -F/Users/aadityasingh/Library/Developer/Xcode/DerivedData/Chatlio-erkyzdeecsohoaggpwbjdvavzqfv/Build/Products/Debug-iphonesimulator -iframework /Applications/Xcode.app/Contents/Developer/Platforms/iPhoneSimulator.platform/Developer/Library/Frameworks -iframework /Applications/Xcode.app/Contents/Developer/Platforms/iPhoneSimulator.platform/Developer/SDKs/iPhoneSimulator26.4.sdk/Developer/Library/Frameworks '-fmodule-map-file=/Users/aadityasingh/Library/Developer/Xcode/DerivedData/Chatlio-erkyzdeecsohoaggpwbjdvavzqfv/Build/Intermediates.noindex/GeneratedModuleMaps-iphonesimulator/DTFoundation.modulemap' -DXcode

WriteAuxiliaryFile /Users/aadityasingh/Library/Developer/Xcode/DerivedData/Chatlio-erkyzdeecsohoaggpwbjdvavzqfv/Build/Intermediates.noindex/DTCoreText.build/Debug-iphonesimulator/DTCoreText.build/Objects-normal/arm64/DTCoreText.LinkFileList (in target 'DTCoreText' from project 'DTCoreText')
    cd /Users/aadityasingh/Library/Developer/Xcode/DerivedData/Chatlio-erkyzdeecsohoaggpwbjdvavzqfv/SourcePackages/checkouts/DTCoreText
    write-file /Users/aadityasingh/Library/Developer/Xcode/DerivedData/Chatlio-erkyzdeecsohoaggpwbjdvavzqfv/Build/Intermediates.noindex/DTCoreText.build/Debug-iphonesimulator/DTCoreText.build/Objects-normal/arm64/DTCoreText.LinkFileList

WriteAuxiliaryFile /Users/aadityasingh/Library/Developer/Xcode/DerivedData/Chatlio-erkyzdeecsohoaggpwbjdvavzqfv/Build/Intermediates.noindex/DTCoreText.build/Debug-iphonesimulator/DTCoreText.build/DerivedSources/resource_bundle_accessor.m (in target 'DTCoreText' from project 'DTCoreText')
    cd /Users/aadityasingh/Library/Developer/Xcode/DerivedData/Chatlio-erkyzdeecsohoaggpwbjdvavzqfv/SourcePackages/checkouts/DTCoreText
    write-file /Users/aadityasingh/Library/Developer/Xcode/DerivedData/Chatlio-erkyzdeecsohoaggpwbjdvavzqfv/Build/Intermediates.noindex/DTCoreText.build/Debug-iphonesimulator/DTCoreText.build/DerivedSources/resource_bundle_accessor.m

WriteAuxiliaryFile /Users/aadityasingh/Library/Developer/Xcode/DerivedData/Chatlio-erkyzdeecsohoaggpwbjdvavzqfv/Build/Intermediates.noindex/DTCoreText.build/Debug-iphonesimulator/DTCoreText.build/DerivedSources/resource_bundle_accessor.h (in target 'DTCoreText' from project 'DTCoreText')
    cd /Users/aadityasingh/Library/Developer/Xcode/DerivedData/Chatlio-erkyzdeecsohoaggpwbjdvavzqfv/SourcePackages/checkouts/DTCoreText
    write-file /Users/aadityasingh/Library/Developer/Xcode/DerivedData/Chatlio-erkyzdeecsohoaggpwbjdvavzqfv/Build/Intermediates.noindex/DTCoreText.build/Debug-iphonesimulator/DTCoreText.build/DerivedSources/resource_bundle_accessor.h

WriteAuxiliaryFile /Users/aadityasingh/Library/Developer/Xcode/DerivedData/Chatlio-erkyzdeecsohoaggpwbjdvavzqfv/Build/Intermediates.noindex/DTCoreText.build/Debug-iphonesimulator/DTCoreText.build/DTCoreText.modulemap (in target 'DTCoreText' from project 'DTCoreText')
    cd /Users/aadityasingh/Library/Developer/Xcode/DerivedData/Chatlio-erkyzdeecsohoaggpwbjdvavzqfv/SourcePackages/checkouts/DTCoreText
    write-file /Users/aadityasingh/Library/Developer/Xcode/DerivedData/Chatlio-erkyzdeecsohoaggpwbjdvavzqfv/Build/Intermediates.noindex/DTCoreText.build/Debug-iphonesimulator/DTCoreText.build/DTCoreText.modulemap

WriteAuxiliaryFile /Users/aadityasingh/Library/Developer/Xcode/DerivedData/Chatlio-erkyzdeecsohoaggpwbjdvavzqfv/Build/Intermediates.noindex/DTCoreText.build/Debug-iphonesimulator/DTCoreText.build/DTCoreText.DependencyStaticMetadataFileList (in target 'DTCoreText' from project 'DTCoreText')
    cd /Users/aadityasingh/Library/Developer/Xcode/DerivedData/Chatlio-erkyzdeecsohoaggpwbjdvavzqfv/SourcePackages/checkouts/DTCoreText
    write-file /Users/aadityasingh/Library/Developer/Xcode/DerivedData/Chatlio-erkyzdeecsohoaggpwbjdvavzqfv/Build/Intermediates.noindex/DTCoreText.build/Debug-iphonesimulator/DTCoreText.build/DTCoreText.DependencyStaticMetadataFileList

WriteAuxiliaryFile /Users/aadityasingh/Library/Developer/Xcode/DerivedData/Chatlio-erkyzdeecsohoaggpwbjdvavzqfv/Build/Intermediates.noindex/DTCoreText.build/Debug-iphonesimulator/DTCoreText.build/DTCoreText.DependencyMetadataFileList (in target 'DTCoreText' from project 'DTCoreText')
    cd /Users/aadityasingh/Library/Developer/Xcode/DerivedData/Chatlio-erkyzdeecsohoaggpwbjdvavzqfv/SourcePackages/checkouts/DTCoreText
    write-file /Users/aadityasingh/Library/Developer/Xcode/DerivedData/Chatlio-erkyzdeecsohoaggpwbjdvavzqfv/Build/Intermediates.noindex/DTCoreText.build/Debug-iphonesimulator/DTCoreText.build/DTCoreText.DependencyMetadataFileList

Copy /Users/aadityasingh/Library/Developer/Xcode/DerivedData/Chatlio-erkyzdeecsohoaggpwbjdvavzqfv/Build/Intermediates.noindex/GeneratedModuleMaps-iphonesimulator/DTCoreTextExtended.modulemap /Users/aadityasingh/Library/Developer/Xcode/DerivedData/Chatlio-erkyzdeecsohoaggpwbjdvavzqfv/Build/Intermediates.noindex/WysiwygComposer.build/Debug-iphonesimulator/DTCoreTextExtended.build/DTCoreTextExtended.modulemap (in target 'DTCoreTextExtended' from project 'WysiwygComposer')
    cd /Users/aadityasingh/Library/Developer/Xcode/DerivedData/Chatlio-erkyzdeecsohoaggpwbjdvavzqfv/SourcePackages/checkouts/matrix-rich-text-editor-swift
    builtin-copy -exclude .DS_Store -exclude CVS -exclude .svn -exclude .git -exclude .hg -resolve-src-symlinks /Users/aadityasingh/Library/Developer/Xcode/DerivedData/Chatlio-erkyzdeecsohoaggpwbjdvavzqfv/Build/Intermediates.noindex/WysiwygComposer.build/Debug-iphonesimulator/DTCoreTextExtended.build/DTCoreTextExtended.modulemap /Users/aadityasingh/Library/Developer/Xcode/DerivedData/Chatlio-erkyzdeecsohoaggpwbjdvavzqfv/Build/Intermediates.noindex/GeneratedModuleMaps-iphonesimulator

WriteAuxiliaryFile /Users/aadityasingh/Library/Developer/Xcode/DerivedData/Chatlio-erkyzdeecsohoaggpwbjdvavzqfv/Build/Intermediates.noindex/DSWaveformImage.build/Debug-iphonesimulator/DSWaveformImageViews.build/Objects-normal/x86_64/DSWaveformImageViews_const_extract_protocols.json (in target 'DSWaveformImageViews' from project 'DSWaveformImage')
    cd /Users/aadityasingh/Library/Developer/Xcode/DerivedData/Chatlio-erkyzdeecsohoaggpwbjdvavzqfv/SourcePackages/checkouts/DSWaveformImage
    write-file /Users/aadityasingh/Library/Developer/Xcode/DerivedData/Chatlio-erkyzdeecsohoaggpwbjdvavzqfv/Build/Intermediates.noindex/DSWaveformImage.build/Debug-iphonesimulator/DSWaveformImageViews.build/Objects-normal/x86_64/DSWaveformImageViews_const_extract_protocols.json

WriteAuxiliaryFile /Users/aadityasingh/Library/Developer/Xcode/DerivedData/Chatlio-erkyzdeecsohoaggpwbjdvavzqfv/Build/Intermediates.noindex/DSWaveformImage.build/Debug-iphonesimulator/DSWaveformImageViews.build/Objects-normal/x86_64/DSWaveformImageViews.SwiftFileList (in target 'DSWaveformImageViews' from project 'DSWaveformImage')
    cd /Users/aadityasingh/Library/Developer/Xcode/DerivedData/Chatlio-erkyzdeecsohoaggpwbjdvavzqfv/SourcePackages/checkouts/DSWaveformImage
    write-file /Users/aadityasingh/Library/Developer/Xcode/DerivedData/Chatlio-erkyzdeecsohoaggpwbjdvavzqfv/Build/Intermediates.noindex/DSWaveformImage.build/Debug-iphonesimulator/DSWaveformImageViews.build/Objects-normal/x86_64/DSWaveformImageViews.SwiftFileList

WriteAuxiliaryFile /Users/aadityasingh/Library/Developer/Xcode/DerivedData/Chatlio-erkyzdeecsohoaggpwbjdvavzqfv/Build/Intermediates.noindex/DSWaveformImage.build/Debug-iphonesimulator/DSWaveformImageViews.build/Objects-normal/x86_64/DSWaveformImageViews.SwiftConstValuesFileList (in target 'DSWaveformImageViews' from project 'DSWaveformImage')
    cd /Users/aadityasingh/Library/Developer/Xcode/DerivedData/Chatlio-erkyzdeecsohoaggpwbjdvavzqfv/SourcePackages/checkouts/DSWaveformImage
    write-file /Users/aadityasingh/Library/Developer/Xcode/DerivedData/Chatlio-erkyzdeecsohoaggpwbjdvavzqfv/Build/Intermediates.noindex/DSWaveformImage.build/Debug-iphonesimulator/DSWaveformImageViews.build/Objects-normal/x86_64/DSWaveformImageViews.SwiftConstValuesFileList

WriteAuxiliaryFile /Users/aadityasingh/Library/Developer/Xcode/DerivedData/Chatlio-erkyzdeecsohoaggpwbjdvavzqfv/Build/Intermediates.noindex/DSWaveformImage.build/Debug-iphonesimulator/DSWaveformImageViews.build/Objects-normal/x86_64/DSWaveformImageViews.LinkFileList (in target 'DSWaveformImageViews' from project 'DSWaveformImage')
    cd /Users/aadityasingh/Library/Developer/Xcode/DerivedData/Chatlio-erkyzdeecsohoaggpwbjdvavzqfv/SourcePackages/checkouts/DSWaveformImage
    write-file /Users/aadityasingh/Library/Developer/Xcode/DerivedData/Chatlio-erkyzdeecsohoaggpwbjdvavzqfv/Build/Intermediates.noindex/DSWaveformImage.build/Debug-iphonesimulator/DSWaveformImageViews.build/Objects-normal/x86_64/DSWaveformImageViews.LinkFileList

WriteAuxiliaryFile /Users/aadityasingh/Library/Developer/Xcode/DerivedData/Chatlio-erkyzdeecsohoaggpwbjdvavzqfv/Build/Intermediates.noindex/DSWaveformImage.build/Debug-iphonesimulator/DSWaveformImageViews.build/Objects-normal/x86_64/DSWaveformImageViews-OutputFileMap.json (in target 'DSWaveformImageViews' from project 'DSWaveformImage')
    cd /Users/aadityasingh/Library/Developer/Xcode/DerivedData/Chatlio-erkyzdeecsohoaggpwbjdvavzqfv/SourcePackages/checkouts/DSWaveformImage
    write-file /Users/aadityasingh/Library/Developer/Xcode/DerivedData/Chatlio-erkyzdeecsohoaggpwbjdvavzqfv/Build/Intermediates.noindex/DSWaveformImage.build/Debug-iphonesimulator/DSWaveformImageViews.build/Objects-normal/x86_64/DSWaveformImageViews-OutputFileMap.json

WriteAuxiliaryFile /Users/aadityasingh/Library/Developer/Xcode/DerivedData/Chatlio-erkyzdeecsohoaggpwbjdvavzqfv/Build/Intermediates.noindex/DSWaveformImage.build/Debug-iphonesimulator/DSWaveformImageViews.build/Objects-normal/arm64/DSWaveformImageViews_const_extract_protocols.json (in target 'DSWaveformImageViews' from project 'DSWaveformImage')
    cd /Users/aadityasingh/Library/Developer/Xcode/DerivedData/Chatlio-erkyzdeecsohoaggpwbjdvavzqfv/SourcePackages/checkouts/DSWaveformImage
    write-file /Users/aadityasingh/Library/Developer/Xcode/DerivedData/Chatlio-erkyzdeecsohoaggpwbjdvavzqfv/Build/Intermediates.noindex/DSWaveformImage.build/Debug-iphonesimulator/DSWaveformImageViews.build/Objects-normal/arm64/DSWaveformImageViews_const_extract_protocols.json

WriteAuxiliaryFile /Users/aadityasingh/Library/Developer/Xcode/DerivedData/Chatlio-erkyzdeecsohoaggpwbjdvavzqfv/Build/Intermediates.noindex/DSWaveformImage.build/Debug-iphonesimulator/DSWaveformImageViews.build/Objects-normal/arm64/DSWaveformImageViews.SwiftFileList (in target 'DSWaveformImageViews' from project 'DSWaveformImage')
    cd /Users/aadityasingh/Library/Developer/Xcode/DerivedData/Chatlio-erkyzdeecsohoaggpwbjdvavzqfv/SourcePackages/checkouts/DSWaveformImage
    write-file /Users/aadityasingh/Library/Developer/Xcode/DerivedData/Chatlio-erkyzdeecsohoaggpwbjdvavzqfv/Build/Intermediates.noindex/DSWaveformImage.build/Debug-iphonesimulator/DSWaveformImageViews.build/Objects-normal/arm64/DSWaveformImageViews.SwiftFileList

WriteAuxiliaryFile /Users/aadityasingh/Library/Developer/Xcode/DerivedData/Chatlio-erkyzdeecsohoaggpwbjdvavzqfv/Build/Intermediates.noindex/DSWaveformImage.build/Debug-iphonesimulator/DSWaveformImageViews.build/Objects-normal/arm64/DSWaveformImageViews.SwiftConstValuesFileList (in target 'DSWaveformImageViews' from project 'DSWaveformImage')
    cd /Users/aadityasingh/Library/Developer/Xcode/DerivedData/Chatlio-erkyzdeecsohoaggpwbjdvavzqfv/SourcePackages/checkouts/DSWaveformImage
    write-file /Users/aadityasingh/Library/Developer/Xcode/DerivedData/Chatlio-erkyzdeecsohoaggpwbjdvavzqfv/Build/Intermediates.noindex/DSWaveformImage.build/Debug-iphonesimulator/DSWaveformImageViews.build/Objects-normal/arm64/DSWaveformImageViews.SwiftConstValuesFileList

WriteAuxiliaryFile /Users/aadityasingh/Library/Developer/Xcode/DerivedData/Chatlio-erkyzdeecsohoaggpwbjdvavzqfv/Build/Intermediates.noindex/DSWaveformImage.build/Debug-iphonesimulator/DSWaveformImageViews.build/Objects-normal/arm64/DSWaveformImageViews.LinkFileList (in target 'DSWaveformImageViews' from project 'DSWaveformImage')
    cd /Users/aadityasingh/Library/Developer/Xcode/DerivedData/Chatlio-erkyzdeecsohoaggpwbjdvavzqfv/SourcePackages/checkouts/DSWaveformImage
    write-file /Users/aadityasingh/Library/Developer/Xcode/DerivedData/Chatlio-erkyzdeecsohoaggpwbjdvavzqfv/Build/Intermediates.noindex/DSWaveformImage.build/Debug-iphonesimulator/DSWaveformImageViews.build/Objects-normal/arm64/DSWaveformImageViews.LinkFileList

WriteAuxiliaryFile /Users/aadityasingh/Library/Developer/Xcode/DerivedData/Chatlio-erkyzdeecsohoaggpwbjdvavzqfv/Build/Intermediates.noindex/DSWaveformImage.build/Debug-iphonesimulator/DSWaveformImageViews.build/Objects-normal/arm64/DSWaveformImageViews-OutputFileMap.json (in target 'DSWaveformImageViews' from project 'DSWaveformImage')
    cd /Users/aadityasingh/Library/Developer/Xcode/DerivedData/Chatlio-erkyzdeecsohoaggpwbjdvavzqfv/SourcePackages/checkouts/DSWaveformImage
    write-file /Users/aadityasingh/Library/Developer/Xcode/DerivedData/Chatlio-erkyzdeecsohoaggpwbjdvavzqfv/Build/Intermediates.noindex/DSWaveformImage.build/Debug-iphonesimulator/DSWaveformImageViews.build/Objects-normal/arm64/DSWaveformImageViews-OutputFileMap.json

Copy /Users/aadityasingh/Library/Developer/Xcode/DerivedData/Chatlio-erkyzdeecsohoaggpwbjdvavzqfv/Build/Intermediates.noindex/GeneratedModuleMaps-iphonesimulator/DTCoreText.modulemap /Users/aadityasingh/Library/Developer/Xcode/DerivedData/Chatlio-erkyzdeecsohoaggpwbjdvavzqfv/Build/Intermediates.noindex/DTCoreText.build/Debug-iphonesimulator/DTCoreText.build/DTCoreText.modulemap (in target 'DTCoreText' from project 'DTCoreText')
    cd /Users/aadityasingh/Library/Developer/Xcode/DerivedData/Chatlio-erkyzdeecsohoaggpwbjdvavzqfv/SourcePackages/checkouts/DTCoreText
    builtin-copy -exclude .DS_Store -exclude CVS -exclude .svn -exclude .git -exclude .hg -resolve-src-symlinks /Users/aadityasingh/Library/Developer/Xcode/DerivedData/Chatlio-erkyzdeecsohoaggpwbjdvavzqfv/Build/Intermediates.noindex/DTCoreText.build/Debug-iphonesimulator/DTCoreText.build/DTCoreText.modulemap /Users/aadityasingh/Library/Developer/Xcode/DerivedData/Chatlio-erkyzdeecsohoaggpwbjdvavzqfv/Build/Intermediates.noindex/GeneratedModuleMaps-iphonesimulator

WriteAuxiliaryFile /Users/aadityasingh/Library/Developer/Xcode/DerivedData/Chatlio-erkyzdeecsohoaggpwbjdvavzqfv/Build/Intermediates.noindex/DSWaveformImage.build/Debug-iphonesimulator/DSWaveformImageViews.build/DSWaveformImageViews.modulemap (in target 'DSWaveformImageViews' from project 'DSWaveformImage')
    cd /Users/aadityasingh/Library/Developer/Xcode/DerivedData/Chatlio-erkyzdeecsohoaggpwbjdvavzqfv/SourcePackages/checkouts/DSWaveformImage
    write-file /Users/aadityasingh/Library/Developer/Xcode/DerivedData/Chatlio-erkyzdeecsohoaggpwbjdvavzqfv/Build/Intermediates.noindex/DSWaveformImage.build/Debug-iphonesimulator/DSWaveformImageViews.build/DSWaveformImageViews.modulemap

WriteAuxiliaryFile /Users/aadityasingh/Library/Developer/Xcode/DerivedData/Chatlio-erkyzdeecsohoaggpwbjdvavzqfv/Build/Intermediates.noindex/DSWaveformImage.build/Debug-iphonesimulator/DSWaveformImageViews.build/DSWaveformImageViews.DependencyStaticMetadataFileList (in target 'DSWaveformImageViews' from project 'DSWaveformImage')
    cd /Users/aadityasingh/Library/Developer/Xcode/DerivedData/Chatlio-erkyzdeecsohoaggpwbjdvavzqfv/SourcePackages/checkouts/DSWaveformImage
    write-file /Users/aadityasingh/Library/Developer/Xcode/DerivedData/Chatlio-erkyzdeecsohoaggpwbjdvavzqfv/Build/Intermediates.noindex/DSWaveformImage.build/Debug-iphonesimulator/DSWaveformImageViews.build/DSWaveformImageViews.DependencyStaticMetadataFileList

WriteAuxiliaryFile /Users/aadityasingh/Library/Developer/Xcode/DerivedData/Chatlio-erkyzdeecsohoaggpwbjdvavzqfv/Build/Intermediates.noindex/DSWaveformImage.build/Debug-iphonesimulator/DSWaveformImageViews.build/DSWaveformImageViews.DependencyMetadataFileList (in target 'DSWaveformImageViews' from project 'DSWaveformImage')
    cd /Users/aadityasingh/Library/Developer/Xcode/DerivedData/Chatlio-erkyzdeecsohoaggpwbjdvavzqfv/SourcePackages/checkouts/DSWaveformImage
    write-file /Users/aadityasingh/Library/Developer/Xcode/DerivedData/Chatlio-erkyzdeecsohoaggpwbjdvavzqfv/Build/Intermediates.noindex/DSWaveformImage.build/Debug-iphonesimulator/DSWaveformImageViews.build/DSWaveformImageViews.DependencyMetadataFileList

WriteAuxiliaryFile /Users/aadityasingh/Library/Developer/Xcode/DerivedData/Chatlio-erkyzdeecsohoaggpwbjdvavzqfv/Build/Intermediates.noindex/DSWaveformImage.build/Debug-iphonesimulator/DSWaveformImage.build/Objects-normal/x86_64/DSWaveformImage.SwiftConstValuesFileList (in target 'DSWaveformImage' from project 'DSWaveformImage')
    cd /Users/aadityasingh/Library/Developer/Xcode/DerivedData/Chatlio-erkyzdeecsohoaggpwbjdvavzqfv/SourcePackages/checkouts/DSWaveformImage
    write-file /Users/aadityasingh/Library/Developer/Xcode/DerivedData/Chatlio-erkyzdeecsohoaggpwbjdvavzqfv/Build/Intermediates.noindex/DSWaveformImage.build/Debug-iphonesimulator/DSWaveformImage.build/Objects-normal/x86_64/DSWaveformImage.SwiftConstValuesFileList

WriteAuxiliaryFile /Users/aadityasingh/Library/Developer/Xcode/DerivedData/Chatlio-erkyzdeecsohoaggpwbjdvavzqfv/Build/Intermediates.noindex/DSWaveformImage.build/Debug-iphonesimulator/DSWaveformImage.build/Objects-normal/x86_64/DSWaveformImage.SwiftFileList (in target 'DSWaveformImage' from project 'DSWaveformImage')
    cd /Users/aadityasingh/Library/Developer/Xcode/DerivedData/Chatlio-erkyzdeecsohoaggpwbjdvavzqfv/SourcePackages/checkouts/DSWaveformImage
    write-file /Users/aadityasingh/Library/Developer/Xcode/DerivedData/Chatlio-erkyzdeecsohoaggpwbjdvavzqfv/Build/Intermediates.noindex/DSWaveformImage.build/Debug-iphonesimulator/DSWaveformImage.build/Objects-normal/x86_64/DSWaveformImage.SwiftFileList

WriteAuxiliaryFile /Users/aadityasingh/Library/Developer/Xcode/DerivedData/Chatlio-erkyzdeecsohoaggpwbjdvavzqfv/Build/Intermediates.noindex/DSWaveformImage.build/Debug-iphonesimulator/DSWaveformImage.build/Objects-normal/x86_64/DSWaveformImage.LinkFileList (in target 'DSWaveformImage' from project 'DSWaveformImage')
    cd /Users/aadityasingh/Library/Developer/Xcode/DerivedData/Chatlio-erkyzdeecsohoaggpwbjdvavzqfv/SourcePackages/checkouts/DSWaveformImage
    write-file /Users/aadityasingh/Library/Developer/Xcode/DerivedData/Chatlio-erkyzdeecsohoaggpwbjdvavzqfv/Build/Intermediates.noindex/DSWaveformImage.build/Debug-iphonesimulator/DSWaveformImage.build/Objects-normal/x86_64/DSWaveformImage.LinkFileList

WriteAuxiliaryFile /Users/aadityasingh/Library/Developer/Xcode/DerivedData/Chatlio-erkyzdeecsohoaggpwbjdvavzqfv/Build/Intermediates.noindex/DSWaveformImage.build/Debug-iphonesimulator/DSWaveformImage.build/Objects-normal/x86_64/DSWaveformImage_const_extract_protocols.json (in target 'DSWaveformImage' from project 'DSWaveformImage')
    cd /Users/aadityasingh/Library/Developer/Xcode/DerivedData/Chatlio-erkyzdeecsohoaggpwbjdvavzqfv/SourcePackages/checkouts/DSWaveformImage
    write-file /Users/aadityasingh/Library/Developer/Xcode/DerivedData/Chatlio-erkyzdeecsohoaggpwbjdvavzqfv/Build/Intermediates.noindex/DSWaveformImage.build/Debug-iphonesimulator/DSWaveformImage.build/Objects-normal/x86_64/DSWaveformImage_const_extract_protocols.json

WriteAuxiliaryFile /Users/aadityasingh/Library/Developer/Xcode/DerivedData/Chatlio-erkyzdeecsohoaggpwbjdvavzqfv/Build/Intermediates.noindex/DSWaveformImage.build/Debug-iphonesimulator/DSWaveformImage.build/Objects-normal/x86_64/DSWaveformImage-OutputFileMap.json (in target 'DSWaveformImage' from project 'DSWaveformImage')
    cd /Users/aadityasingh/Library/Developer/Xcode/DerivedData/Chatlio-erkyzdeecsohoaggpwbjdvavzqfv/SourcePackages/checkouts/DSWaveformImage
    write-file /Users/aadityasingh/Library/Developer/Xcode/DerivedData/Chatlio-erkyzdeecsohoaggpwbjdvavzqfv/Build/Intermediates.noindex/DSWaveformImage.build/Debug-iphonesimulator/DSWaveformImage.build/Objects-normal/x86_64/DSWaveformImage-OutputFileMap.json

WriteAuxiliaryFile /Users/aadityasingh/Library/Developer/Xcode/DerivedData/Chatlio-erkyzdeecsohoaggpwbjdvavzqfv/Build/Intermediates.noindex/DSWaveformImage.build/Debug-iphonesimulator/DSWaveformImage.build/Objects-normal/arm64/DSWaveformImage_const_extract_protocols.json (in target 'DSWaveformImage' from project 'DSWaveformImage')
    cd /Users/aadityasingh/Library/Developer/Xcode/DerivedData/Chatlio-erkyzdeecsohoaggpwbjdvavzqfv/SourcePackages/checkouts/DSWaveformImage
    write-file /Users/aadityasingh/Library/Developer/Xcode/DerivedData/Chatlio-erkyzdeecsohoaggpwbjdvavzqfv/Build/Intermediates.noindex/DSWaveformImage.build/Debug-iphonesimulator/DSWaveformImage.build/Objects-normal/arm64/DSWaveformImage_const_extract_protocols.json

WriteAuxiliaryFile /Users/aadityasingh/Library/Developer/Xcode/DerivedData/Chatlio-erkyzdeecsohoaggpwbjdvavzqfv/Build/Intermediates.noindex/DSWaveformImage.build/Debug-iphonesimulator/DSWaveformImage.build/Objects-normal/arm64/DSWaveformImage.SwiftFileList (in target 'DSWaveformImage' from project 'DSWaveformImage')
    cd /Users/aadityasingh/Library/Developer/Xcode/DerivedData/Chatlio-erkyzdeecsohoaggpwbjdvavzqfv/SourcePackages/checkouts/DSWaveformImage
    write-file /Users/aadityasingh/Library/Developer/Xcode/DerivedData/Chatlio-erkyzdeecsohoaggpwbjdvavzqfv/Build/Intermediates.noindex/DSWaveformImage.build/Debug-iphonesimulator/DSWaveformImage.build/Objects-normal/arm64/DSWaveformImage.SwiftFileList

WriteAuxiliaryFile /Users/aadityasingh/Library/Developer/Xcode/DerivedData/Chatlio-erkyzdeecsohoaggpwbjdvavzqfv/Build/Intermediates.noindex/DSWaveformImage.build/Debug-iphonesimulator/DSWaveformImage.build/Objects-normal/arm64/DSWaveformImage.LinkFileList (in target 'DSWaveformImage' from project 'DSWaveformImage')
    cd /Users/aadityasingh/Library/Developer/Xcode/DerivedData/Chatlio-erkyzdeecsohoaggpwbjdvavzqfv/SourcePackages/checkouts/DSWaveformImage
    write-file /Users/aadityasingh/Library/Developer/Xcode/DerivedData/Chatlio-erkyzdeecsohoaggpwbjdvavzqfv/Build/Intermediates.noindex/DSWaveformImage.build/Debug-iphonesimulator/DSWaveformImage.build/Objects-normal/arm64/DSWaveformImage.LinkFileList

WriteAuxiliaryFile /Users/aadityasingh/Library/Developer/Xcode/DerivedData/Chatlio-erkyzdeecsohoaggpwbjdvavzqfv/Build/Intermediates.noindex/DSWaveformImage.build/Debug-iphonesimulator/DSWaveformImage.build/Objects-normal/arm64/DSWaveformImage.SwiftConstValuesFileList (in target 'DSWaveformImage' from project 'DSWaveformImage')
    cd /Users/aadityasingh/Library/Developer/Xcode/DerivedData/Chatlio-erkyzdeecsohoaggpwbjdvavzqfv/SourcePackages/checkouts/DSWaveformImage
    write-file /Users/aadityasingh/Library/Developer/Xcode/DerivedData/Chatlio-erkyzdeecsohoaggpwbjdvavzqfv/Build/Intermediates.noindex/DSWaveformImage.build/Debug-iphonesimulator/DSWaveformImage.build/Objects-normal/arm64/DSWaveformImage.SwiftConstValuesFileList

Copy /Users/aadityasingh/Library/Developer/Xcode/DerivedData/Chatlio-erkyzdeecsohoaggpwbjdvavzqfv/Build/Intermediates.noindex/GeneratedModuleMaps-iphonesimulator/DSWaveformImageViews.modulemap /Users/aadityasingh/Library/Developer/Xcode/DerivedData/Chatlio-erkyzdeecsohoaggpwbjdvavzqfv/Build/Intermediates.noindex/DSWaveformImage.build/Debug-iphonesimulator/DSWaveformImageViews.build/DSWaveformImageViews.modulemap (in target 'DSWaveformImageViews' from project 'DSWaveformImage')
    cd /Users/aadityasingh/Library/Developer/Xcode/DerivedData/Chatlio-erkyzdeecsohoaggpwbjdvavzqfv/SourcePackages/checkouts/DSWaveformImage
    builtin-copy -exclude .DS_Store -exclude CVS -exclude .svn -exclude .git -exclude .hg -resolve-src-symlinks /Users/aadityasingh/Library/Developer/Xcode/DerivedData/Chatlio-erkyzdeecsohoaggpwbjdvavzqfv/Build/Intermediates.noindex/DSWaveformImage.build/Debug-iphonesimulator/DSWaveformImageViews.build/DSWaveformImageViews.modulemap /Users/aadityasingh/Library/Developer/Xcode/DerivedData/Chatlio-erkyzdeecsohoaggpwbjdvavzqfv/Build/Intermediates.noindex/GeneratedModuleMaps-iphonesimulator

WriteAuxiliaryFile /Users/aadityasingh/Library/Developer/Xcode/DerivedData/Chatlio-erkyzdeecsohoaggpwbjdvavzqfv/Build/Intermediates.noindex/DSWaveformImage.build/Debug-iphonesimulator/DSWaveformImage.build/Objects-normal/arm64/DSWaveformImage-OutputFileMap.json (in target 'DSWaveformImage' from project 'DSWaveformImage')
    cd /Users/aadityasingh/Library/Developer/Xcode/DerivedData/Chatlio-erkyzdeecsohoaggpwbjdvavzqfv/SourcePackages/checkouts/DSWaveformImage
    write-file /Users/aadityasingh/Library/Developer/Xcode/DerivedData/Chatlio-erkyzdeecsohoaggpwbjdvavzqfv/Build/Intermediates.noindex/DSWaveformImage.build/Debug-iphonesimulator/DSWaveformImage.build/Objects-normal/arm64/DSWaveformImage-OutputFileMap.json

WriteAuxiliaryFile /Users/aadityasingh/Library/Developer/Xcode/DerivedData/Chatlio-erkyzdeecsohoaggpwbjdvavzqfv/Build/Intermediates.noindex/DSWaveformImage.build/Debug-iphonesimulator/DSWaveformImage.build/DSWaveformImage.modulemap (in target 'DSWaveformImage' from project 'DSWaveformImage')
    cd /Users/aadityasingh/Library/Developer/Xcode/DerivedData/Chatlio-erkyzdeecsohoaggpwbjdvavzqfv/SourcePackages/checkouts/DSWaveformImage
    write-file /Users/aadityasingh/Library/Developer/Xcode/DerivedData/Chatlio-erkyzdeecsohoaggpwbjdvavzqfv/Build/Intermediates.noindex/DSWaveformImage.build/Debug-iphonesimulator/DSWaveformImage.build/DSWaveformImage.modulemap

WriteAuxiliaryFile /Users/aadityasingh/Library/Developer/Xcode/DerivedData/Chatlio-erkyzdeecsohoaggpwbjdvavzqfv/Build/Intermediates.noindex/DSWaveformImage.build/Debug-iphonesimulator/DSWaveformImage.build/DSWaveformImage.DependencyStaticMetadataFileList (in target 'DSWaveformImage' from project 'DSWaveformImage')
    cd /Users/aadityasingh/Library/Developer/Xcode/DerivedData/Chatlio-erkyzdeecsohoaggpwbjdvavzqfv/SourcePackages/checkouts/DSWaveformImage
    write-file /Users/aadityasingh/Library/Developer/Xcode/DerivedData/Chatlio-erkyzdeecsohoaggpwbjdvavzqfv/Build/Intermediates.noindex/DSWaveformImage.build/Debug-iphonesimulator/DSWaveformImage.build/DSWaveformImage.DependencyStaticMetadataFileList

WriteAuxiliaryFile /Users/aadityasingh/Library/Developer/Xcode/DerivedData/Chatlio-erkyzdeecsohoaggpwbjdvavzqfv/Build/Intermediates.noindex/DSWaveformImage.build/Debug-iphonesimulator/DSWaveformImage.build/DSWaveformImage.DependencyMetadataFileList (in target 'DSWaveformImage' from project 'DSWaveformImage')
    cd /Users/aadityasingh/Library/Developer/Xcode/DerivedData/Chatlio-erkyzdeecsohoaggpwbjdvavzqfv/SourcePackages/checkouts/DSWaveformImage
    write-file /Users/aadityasingh/Library/Developer/Xcode/DerivedData/Chatlio-erkyzdeecsohoaggpwbjdvavzqfv/Build/Intermediates.noindex/DSWaveformImage.build/Debug-iphonesimulator/DSWaveformImage.build/DSWaveformImage.DependencyMetadataFileList

WriteAuxiliaryFile /Users/aadityasingh/Library/Developer/Xcode/DerivedData/Chatlio-erkyzdeecsohoaggpwbjdvavzqfv/Build/Intermediates.noindex/SwiftOGG.build/Debug-iphonesimulator/Copustools.build/Objects-normal/x86_64/7187679823f38a2a940e0043cdf9d637-common-args.resp (in target 'Copustools' from project 'SwiftOGG')
    cd /Users/aadityasingh/Library/Developer/Xcode/DerivedData/Chatlio-erkyzdeecsohoaggpwbjdvavzqfv/SourcePackages/checkouts/swift-ogg
    write-file /Users/aadityasingh/Library/Developer/Xcode/DerivedData/Chatlio-erkyzdeecsohoaggpwbjdvavzqfv/Build/Intermediates.noindex/SwiftOGG.build/Debug-iphonesimulator/Copustools.build/Objects-normal/x86_64/7187679823f38a2a940e0043cdf9d637-common-args.resp
-fmodules -gmodules '-fmodules-cache-path=/Users/aadityasingh/Library/Developer/Xcode/DerivedData/ModuleCache.noindex' '-fmodule-name=Copustools' -fpascal-strings -O0 -DSWIFT_PACKAGE '-DDEBUG=1' -fasm-blocks -g -fprofile-instr-generate -fcoverage-mapping -I/Users/aadityasingh/Library/Developer/Xcode/DerivedData/Chatlio-erkyzdeecsohoaggpwbjdvavzqfv/Build/Products/Debug-iphonesimulator/include -I/Users/aadityasingh/Library/Developer/Xcode/DerivedData/Chatlio-erkyzdeecsohoaggpwbjdvavzqfv/SourcePackages/checkouts/swift-ogg/Sources/SupportingFiles/Dependencies/Copustools/include -I/Users/aadityasingh/Library/Developer/Xcode/DerivedData/Chatlio-erkyzdeecsohoaggpwbjdvavzqfv/Build/Intermediates.noindex/SwiftOGG.build/Debug-iphonesimulator/Copustools.build/DerivedSources-normal/x86_64 -I/Users/aadityasingh/Library/Developer/Xcode/DerivedData/Chatlio-erkyzdeecsohoaggpwbjdvavzqfv/Build/Intermediates.noindex/SwiftOGG.build/Debug-iphonesimulator/Copustools.build/DerivedSources/x86_64 -I/Users/aadityasingh/Library/Developer/Xcode/DerivedData/Chatlio-erkyzdeecsohoaggpwbjdvavzqfv/Build/Intermediates.noindex/SwiftOGG.build/Debug-iphonesimulator/Copustools.build/DerivedSources -F/Users/aadityasingh/Library/Developer/Xcode/DerivedData/Chatlio-erkyzdeecsohoaggpwbjdvavzqfv/Build/Products/Debug-iphonesimulator -iframework /Applications/Xcode.app/Contents/Developer/Platforms/iPhoneSimulator.platform/Developer/Library/Frameworks -iframework /Applications/Xcode.app/Contents/Developer/Platforms/iPhoneSimulator.platform/Developer/SDKs/iPhoneSimulator26.4.sdk/Developer/Library/Frameworks -DXcode

WriteAuxiliaryFile /Users/aadityasingh/Library/Developer/Xcode/DerivedData/Chatlio-erkyzdeecsohoaggpwbjdvavzqfv/Build/Intermediates.noindex/SwiftOGG.build/Debug-iphonesimulator/Copustools.build/Objects-normal/x86_64/Copustools.LinkFileList (in target 'Copustools' from project 'SwiftOGG')
    cd /Users/aadityasingh/Library/Developer/Xcode/DerivedData/Chatlio-erkyzdeecsohoaggpwbjdvavzqfv/SourcePackages/checkouts/swift-ogg
    write-file /Users/aadityasingh/Library/Developer/Xcode/DerivedData/Chatlio-erkyzdeecsohoaggpwbjdvavzqfv/Build/Intermediates.noindex/SwiftOGG.build/Debug-iphonesimulator/Copustools.build/Objects-normal/x86_64/Copustools.LinkFileList

WriteAuxiliaryFile /Users/aadityasingh/Library/Developer/Xcode/DerivedData/Chatlio-erkyzdeecsohoaggpwbjdvavzqfv/Build/Intermediates.noindex/SwiftOGG.build/Debug-iphonesimulator/Copustools.build/Objects-normal/arm64/Copustools.LinkFileList (in target 'Copustools' from project 'SwiftOGG')
    cd /Users/aadityasingh/Library/Developer/Xcode/DerivedData/Chatlio-erkyzdeecsohoaggpwbjdvavzqfv/SourcePackages/checkouts/swift-ogg
    write-file /Users/aadityasingh/Library/Developer/Xcode/DerivedData/Chatlio-erkyzdeecsohoaggpwbjdvavzqfv/Build/Intermediates.noindex/SwiftOGG.build/Debug-iphonesimulator/Copustools.build/Objects-normal/arm64/Copustools.LinkFileList

WriteAuxiliaryFile /Users/aadityasingh/Library/Developer/Xcode/DerivedData/Chatlio-erkyzdeecsohoaggpwbjdvavzqfv/Build/Intermediates.noindex/SwiftOGG.build/Debug-iphonesimulator/Copustools.build/Objects-normal/arm64/7187679823f38a2a940e0043cdf9d637-common-args.resp (in target 'Copustools' from project 'SwiftOGG')
    cd /Users/aadityasingh/Library/Developer/Xcode/DerivedData/Chatlio-erkyzdeecsohoaggpwbjdvavzqfv/SourcePackages/checkouts/swift-ogg
    write-file /Users/aadityasingh/Library/Developer/Xcode/DerivedData/Chatlio-erkyzdeecsohoaggpwbjdvavzqfv/Build/Intermediates.noindex/SwiftOGG.build/Debug-iphonesimulator/Copustools.build/Objects-normal/arm64/7187679823f38a2a940e0043cdf9d637-common-args.resp
-fmodules -gmodules '-fmodules-cache-path=/Users/aadityasingh/Library/Developer/Xcode/DerivedData/ModuleCache.noindex' '-fmodule-name=Copustools' -fpascal-strings -O0 -DSWIFT_PACKAGE '-DDEBUG=1' -g -fprofile-instr-generate -fcoverage-mapping -I/Users/aadityasingh/Library/Developer/Xcode/DerivedData/Chatlio-erkyzdeecsohoaggpwbjdvavzqfv/Build/Products/Debug-iphonesimulator/include -I/Users/aadityasingh/Library/Developer/Xcode/DerivedData/Chatlio-erkyzdeecsohoaggpwbjdvavzqfv/SourcePackages/checkouts/swift-ogg/Sources/SupportingFiles/Dependencies/Copustools/include -I/Users/aadityasingh/Library/Developer/Xcode/DerivedData/Chatlio-erkyzdeecsohoaggpwbjdvavzqfv/Build/Intermediates.noindex/SwiftOGG.build/Debug-iphonesimulator/Copustools.build/DerivedSources-normal/arm64 -I/Users/aadityasingh/Library/Developer/Xcode/DerivedData/Chatlio-erkyzdeecsohoaggpwbjdvavzqfv/Build/Intermediates.noindex/SwiftOGG.build/Debug-iphonesimulator/Copustools.build/DerivedSources/arm64 -I/Users/aadityasingh/Library/Developer/Xcode/DerivedData/Chatlio-erkyzdeecsohoaggpwbjdvavzqfv/Build/Intermediates.noindex/SwiftOGG.build/Debug-iphonesimulator/Copustools.build/DerivedSources -F/Users/aadityasingh/Library/Developer/Xcode/DerivedData/Chatlio-erkyzdeecsohoaggpwbjdvavzqfv/Build/Products/Debug-iphonesimulator -iframework /Applications/Xcode.app/Contents/Developer/Platforms/iPhoneSimulator.platform/Developer/Library/Frameworks -iframework /Applications/Xcode.app/Contents/Developer/Platforms/iPhoneSimulator.platform/Developer/SDKs/iPhoneSimulator26.4.sdk/Developer/Library/Frameworks -DXcode

WriteAuxiliaryFile /Users/aadityasingh/Library/Developer/Xcode/DerivedData/Chatlio-erkyzdeecsohoaggpwbjdvavzqfv/Build/Intermediates.noindex/SwiftOGG.build/Debug-iphonesimulator/Copustools.build/Copustools.DependencyStaticMetadataFileList (in target 'Copustools' from project 'SwiftOGG')
    cd /Users/aadityasingh/Library/Developer/Xcode/DerivedData/Chatlio-erkyzdeecsohoaggpwbjdvavzqfv/SourcePackages/checkouts/swift-ogg
    write-file /Users/aadityasingh/Library/Developer/Xcode/DerivedData/Chatlio-erkyzdeecsohoaggpwbjdvavzqfv/Build/Intermediates.noindex/SwiftOGG.build/Debug-iphonesimulator/Copustools.build/Copustools.DependencyStaticMetadataFileList

WriteAuxiliaryFile /Users/aadityasingh/Library/Developer/Xcode/DerivedData/Chatlio-erkyzdeecsohoaggpwbjdvavzqfv/Build/Intermediates.noindex/SwiftOGG.build/Debug-iphonesimulator/Copustools.build/Copustools.DependencyMetadataFileList (in target 'Copustools' from project 'SwiftOGG')
    cd /Users/aadityasingh/Library/Developer/Xcode/DerivedData/Chatlio-erkyzdeecsohoaggpwbjdvavzqfv/SourcePackages/checkouts/swift-ogg
    write-file /Users/aadityasingh/Library/Developer/Xcode/DerivedData/Chatlio-erkyzdeecsohoaggpwbjdvavzqfv/Build/Intermediates.noindex/SwiftOGG.build/Debug-iphonesimulator/Copustools.build/Copustools.DependencyMetadataFileList

WriteAuxiliaryFile /Users/aadityasingh/Library/Developer/Xcode/DerivedData/Chatlio-erkyzdeecsohoaggpwbjdvavzqfv/Build/Intermediates.noindex/CompoundDesignTokens.build/Debug-iphonesimulator/CompoundDesignTokens_CompoundDesignTokens.build/empty-CompoundDesignTokens_CompoundDesignTokens.plist (in target 'CompoundDesignTokens_CompoundDesignTokens' from project 'CompoundDesignTokens')
    cd /Users/aadityasingh/Library/Developer/Xcode/DerivedData/Chatlio-erkyzdeecsohoaggpwbjdvavzqfv/SourcePackages/checkouts/compound-design-tokens
    write-file /Users/aadityasingh/Library/Developer/Xcode/DerivedData/Chatlio-erkyzdeecsohoaggpwbjdvavzqfv/Build/Intermediates.noindex/CompoundDesignTokens.build/Debug-iphonesimulator/CompoundDesignTokens_CompoundDesignTokens.build/empty-CompoundDesignTokens_CompoundDesignTokens.plist

WriteAuxiliaryFile /Users/aadityasingh/Library/Developer/Xcode/DerivedData/Chatlio-erkyzdeecsohoaggpwbjdvavzqfv/Build/Intermediates.noindex/CompoundDesignTokens.build/Debug-iphonesimulator/CompoundDesignTokens_CompoundDesignTokens.build/CompoundDesignTokens_CompoundDesignTokens.DependencyStaticMetadataFileList (in target 'CompoundDesignTokens_CompoundDesignTokens' from project 'CompoundDesignTokens')
    cd /Users/aadityasingh/Library/Developer/Xcode/DerivedData/Chatlio-erkyzdeecsohoaggpwbjdvavzqfv/SourcePackages/checkouts/compound-design-tokens
    write-file /Users/aadityasingh/Library/Developer/Xcode/DerivedData/Chatlio-erkyzdeecsohoaggpwbjdvavzqfv/Build/Intermediates.noindex/CompoundDesignTokens.build/Debug-iphonesimulator/CompoundDesignTokens_CompoundDesignTokens.build/CompoundDesignTokens_CompoundDesignTokens.DependencyStaticMetadataFileList

WriteAuxiliaryFile /Users/aadityasingh/Library/Developer/Xcode/DerivedData/Chatlio-erkyzdeecsohoaggpwbjdvavzqfv/Build/Intermediates.noindex/CompoundDesignTokens.build/Debug-iphonesimulator/CompoundDesignTokens_CompoundDesignTokens.build/CompoundDesignTokens_CompoundDesignTokens.DependencyMetadataFileList (in target 'CompoundDesignTokens_CompoundDesignTokens' from project 'CompoundDesignTokens')
    cd /Users/aadityasingh/Library/Developer/Xcode/DerivedData/Chatlio-erkyzdeecsohoaggpwbjdvavzqfv/SourcePackages/checkouts/compound-design-tokens
    write-file /Users/aadityasingh/Library/Developer/Xcode/DerivedData/Chatlio-erkyzdeecsohoaggpwbjdvavzqfv/Build/Intermediates.noindex/CompoundDesignTokens.build/Debug-iphonesimulator/CompoundDesignTokens_CompoundDesignTokens.build/CompoundDesignTokens_CompoundDesignTokens.DependencyMetadataFileList

Copy /Users/aadityasingh/Library/Developer/Xcode/DerivedData/Chatlio-erkyzdeecsohoaggpwbjdvavzqfv/Build/Intermediates.noindex/GeneratedModuleMaps-iphonesimulator/DSWaveformImage.modulemap /Users/aadityasingh/Library/Developer/Xcode/DerivedData/Chatlio-erkyzdeecsohoaggpwbjdvavzqfv/Build/Intermediates.noindex/DSWaveformImage.build/Debug-iphonesimulator/DSWaveformImage.build/DSWaveformImage.modulemap (in target 'DSWaveformImage' from project 'DSWaveformImage')
    cd /Users/aadityasingh/Library/Developer/Xcode/DerivedData/Chatlio-erkyzdeecsohoaggpwbjdvavzqfv/SourcePackages/checkouts/DSWaveformImage
    builtin-copy -exclude .DS_Store -exclude CVS -exclude .svn -exclude .git -exclude .hg -resolve-src-symlinks /Users/aadityasingh/Library/Developer/Xcode/DerivedData/Chatlio-erkyzdeecsohoaggpwbjdvavzqfv/Build/Intermediates.noindex/DSWaveformImage.build/Debug-iphonesimulator/DSWaveformImage.build/DSWaveformImage.modulemap /Users/aadityasingh/Library/Developer/Xcode/DerivedData/Chatlio-erkyzdeecsohoaggpwbjdvavzqfv/Build/Intermediates.noindex/GeneratedModuleMaps-iphonesimulator

WriteAuxiliaryFile /Users/aadityasingh/Library/Developer/Xcode/DerivedData/Chatlio-erkyzdeecsohoaggpwbjdvavzqfv/Build/Intermediates.noindex/CompoundDesignTokens.build/Debug-iphonesimulator/CompoundDesignTokens.build/Objects-normal/x86_64/CompoundDesignTokens.LinkFileList (in target 'CompoundDesignTokens' from project 'CompoundDesignTokens')
    cd /Users/aadityasingh/Library/Developer/Xcode/DerivedData/Chatlio-erkyzdeecsohoaggpwbjdvavzqfv/SourcePackages/checkouts/compound-design-tokens
    write-file /Users/aadityasingh/Library/Developer/Xcode/DerivedData/Chatlio-erkyzdeecsohoaggpwbjdvavzqfv/Build/Intermediates.noindex/CompoundDesignTokens.build/Debug-iphonesimulator/CompoundDesignTokens.build/Objects-normal/x86_64/CompoundDesignTokens.LinkFileList

WriteAuxiliaryFile /Users/aadityasingh/Library/Developer/Xcode/DerivedData/Chatlio-erkyzdeecsohoaggpwbjdvavzqfv/Build/Intermediates.noindex/CompoundDesignTokens.build/Debug-iphonesimulator/CompoundDesignTokens.build/Objects-normal/x86_64/CompoundDesignTokens-OutputFileMap.json (in target 'CompoundDesignTokens' from project 'CompoundDesignTokens')
    cd /Users/aadityasingh/Library/Developer/Xcode/DerivedData/Chatlio-erkyzdeecsohoaggpwbjdvavzqfv/SourcePackages/checkouts/compound-design-tokens
    write-file /Users/aadityasingh/Library/Developer/Xcode/DerivedData/Chatlio-erkyzdeecsohoaggpwbjdvavzqfv/Build/Intermediates.noindex/CompoundDesignTokens.build/Debug-iphonesimulator/CompoundDesignTokens.build/Objects-normal/x86_64/CompoundDesignTokens-OutputFileMap.json

WriteAuxiliaryFile /Users/aadityasingh/Library/Developer/Xcode/DerivedData/Chatlio-erkyzdeecsohoaggpwbjdvavzqfv/Build/Intermediates.noindex/CompoundDesignTokens.build/Debug-iphonesimulator/CompoundDesignTokens.build/Objects-normal/x86_64/CompoundDesignTokens.SwiftFileList (in target 'CompoundDesignTokens' from project 'CompoundDesignTokens')
    cd /Users/aadityasingh/Library/Developer/Xcode/DerivedData/Chatlio-erkyzdeecsohoaggpwbjdvavzqfv/SourcePackages/checkouts/compound-design-tokens
    write-file /Users/aadityasingh/Library/Developer/Xcode/DerivedData/Chatlio-erkyzdeecsohoaggpwbjdvavzqfv/Build/Intermediates.noindex/CompoundDesignTokens.build/Debug-iphonesimulator/CompoundDesignTokens.build/Objects-normal/x86_64/CompoundDesignTokens.SwiftFileList

WriteAuxiliaryFile /Users/aadityasingh/Library/Developer/Xcode/DerivedData/Chatlio-erkyzdeecsohoaggpwbjdvavzqfv/Build/Intermediates.noindex/CompoundDesignTokens.build/Debug-iphonesimulator/CompoundDesignTokens.build/Objects-normal/x86_64/CompoundDesignTokens.SwiftConstValuesFileList (in target 'CompoundDesignTokens' from project 'CompoundDesignTokens')
    cd /Users/aadityasingh/Library/Developer/Xcode/DerivedData/Chatlio-erkyzdeecsohoaggpwbjdvavzqfv/SourcePackages/checkouts/compound-design-tokens
    write-file /Users/aadityasingh/Library/Developer/Xcode/DerivedData/Chatlio-erkyzdeecsohoaggpwbjdvavzqfv/Build/Intermediates.noindex/CompoundDesignTokens.build/Debug-iphonesimulator/CompoundDesignTokens.build/Objects-normal/x86_64/CompoundDesignTokens.SwiftConstValuesFileList

WriteAuxiliaryFile /Users/aadityasingh/Library/Developer/Xcode/DerivedData/Chatlio-erkyzdeecsohoaggpwbjdvavzqfv/Build/Intermediates.noindex/CompoundDesignTokens.build/Debug-iphonesimulator/CompoundDesignTokens.build/Objects-normal/x86_64/CompoundDesignTokens_const_extract_protocols.json (in target 'CompoundDesignTokens' from project 'CompoundDesignTokens')
    cd /Users/aadityasingh/Library/Developer/Xcode/DerivedData/Chatlio-erkyzdeecsohoaggpwbjdvavzqfv/SourcePackages/checkouts/compound-design-tokens
    write-file /Users/aadityasingh/Library/Developer/Xcode/DerivedData/Chatlio-erkyzdeecsohoaggpwbjdvavzqfv/Build/Intermediates.noindex/CompoundDesignTokens.build/Debug-iphonesimulator/CompoundDesignTokens.build/Objects-normal/x86_64/CompoundDesignTokens_const_extract_protocols.json

WriteAuxiliaryFile /Users/aadityasingh/Library/Developer/Xcode/DerivedData/Chatlio-erkyzdeecsohoaggpwbjdvavzqfv/Build/Intermediates.noindex/CompoundDesignTokens.build/Debug-iphonesimulator/CompoundDesignTokens.build/Objects-normal/arm64/CompoundDesignTokens_const_extract_protocols.json (in target 'CompoundDesignTokens' from project 'CompoundDesignTokens')
    cd /Users/aadityasingh/Library/Developer/Xcode/DerivedData/Chatlio-erkyzdeecsohoaggpwbjdvavzqfv/SourcePackages/checkouts/compound-design-tokens
    write-file /Users/aadityasingh/Library/Developer/Xcode/DerivedData/Chatlio-erkyzdeecsohoaggpwbjdvavzqfv/Build/Intermediates.noindex/CompoundDesignTokens.build/Debug-iphonesimulator/CompoundDesignTokens.build/Objects-normal/arm64/CompoundDesignTokens_const_extract_protocols.json

WriteAuxiliaryFile /Users/aadityasingh/Library/Developer/Xcode/DerivedData/Chatlio-erkyzdeecsohoaggpwbjdvavzqfv/Build/Intermediates.noindex/CompoundDesignTokens.build/Debug-iphonesimulator/CompoundDesignTokens.build/Objects-normal/arm64/CompoundDesignTokens.SwiftFileList (in target 'CompoundDesignTokens' from project 'CompoundDesignTokens')
    cd /Users/aadityasingh/Library/Developer/Xcode/DerivedData/Chatlio-erkyzdeecsohoaggpwbjdvavzqfv/SourcePackages/checkouts/compound-design-tokens
    write-file /Users/aadityasingh/Library/Developer/Xcode/DerivedData/Chatlio-erkyzdeecsohoaggpwbjdvavzqfv/Build/Intermediates.noindex/CompoundDesignTokens.build/Debug-iphonesimulator/CompoundDesignTokens.build/Objects-normal/arm64/CompoundDesignTokens.SwiftFileList

WriteAuxiliaryFile /Users/aadityasingh/Library/Developer/Xcode/DerivedData/Chatlio-erkyzdeecsohoaggpwbjdvavzqfv/Build/Intermediates.noindex/CompoundDesignTokens.build/Debug-iphonesimulator/CompoundDesignTokens.build/Objects-normal/arm64/CompoundDesignTokens.SwiftConstValuesFileList (in target 'CompoundDesignTokens' from project 'CompoundDesignTokens')
    cd /Users/aadityasingh/Library/Developer/Xcode/DerivedData/Chatlio-erkyzdeecsohoaggpwbjdvavzqfv/SourcePackages/checkouts/compound-design-tokens
    write-file /Users/aadityasingh/Library/Developer/Xcode/DerivedData/Chatlio-erkyzdeecsohoaggpwbjdvavzqfv/Build/Intermediates.noindex/CompoundDesignTokens.build/Debug-iphonesimulator/CompoundDesignTokens.build/Objects-normal/arm64/CompoundDesignTokens.SwiftConstValuesFileList

WriteAuxiliaryFile /Users/aadityasingh/Library/Developer/Xcode/DerivedData/Chatlio-erkyzdeecsohoaggpwbjdvavzqfv/Build/Intermediates.noindex/CompoundDesignTokens.build/Debug-iphonesimulator/CompoundDesignTokens.build/Objects-normal/arm64/CompoundDesignTokens.LinkFileList (in target 'CompoundDesignTokens' from project 'CompoundDesignTokens')
    cd /Users/aadityasingh/Library/Developer/Xcode/DerivedData/Chatlio-erkyzdeecsohoaggpwbjdvavzqfv/SourcePackages/checkouts/compound-design-tokens
    write-file /Users/aadityasingh/Library/Developer/Xcode/DerivedData/Chatlio-erkyzdeecsohoaggpwbjdvavzqfv/Build/Intermediates.noindex/CompoundDesignTokens.build/Debug-iphonesimulator/CompoundDesignTokens.build/Objects-normal/arm64/CompoundDesignTokens.LinkFileList

WriteAuxiliaryFile /Users/aadityasingh/Library/Developer/Xcode/DerivedData/Chatlio-erkyzdeecsohoaggpwbjdvavzqfv/Build/Intermediates.noindex/CompoundDesignTokens.build/Debug-iphonesimulator/CompoundDesignTokens.build/Objects-normal/arm64/CompoundDesignTokens-OutputFileMap.json (in target 'CompoundDesignTokens' from project 'CompoundDesignTokens')
    cd /Users/aadityasingh/Library/Developer/Xcode/DerivedData/Chatlio-erkyzdeecsohoaggpwbjdvavzqfv/SourcePackages/checkouts/compound-design-tokens
    write-file /Users/aadityasingh/Library/Developer/Xcode/DerivedData/Chatlio-erkyzdeecsohoaggpwbjdvavzqfv/Build/Intermediates.noindex/CompoundDesignTokens.build/Debug-iphonesimulator/CompoundDesignTokens.build/Objects-normal/arm64/CompoundDesignTokens-OutputFileMap.json

WriteAuxiliaryFile /Users/aadityasingh/Library/Developer/Xcode/DerivedData/Chatlio-erkyzdeecsohoaggpwbjdvavzqfv/Build/Intermediates.noindex/CompoundDesignTokens.build/Debug-iphonesimulator/CompoundDesignTokens.build/CompoundDesignTokens.modulemap (in target 'CompoundDesignTokens' from project 'CompoundDesignTokens')
    cd /Users/aadityasingh/Library/Developer/Xcode/DerivedData/Chatlio-erkyzdeecsohoaggpwbjdvavzqfv/SourcePackages/checkouts/compound-design-tokens
    write-file /Users/aadityasingh/Library/Developer/Xcode/DerivedData/Chatlio-erkyzdeecsohoaggpwbjdvavzqfv/Build/Intermediates.noindex/CompoundDesignTokens.build/Debug-iphonesimulator/CompoundDesignTokens.build/CompoundDesignTokens.modulemap

WriteAuxiliaryFile /Users/aadityasingh/Library/Developer/Xcode/DerivedData/Chatlio-erkyzdeecsohoaggpwbjdvavzqfv/Build/Intermediates.noindex/CompoundDesignTokens.build/Debug-iphonesimulator/CompoundDesignTokens.build/DerivedSources/resource_bundle_accessor.swift (in target 'CompoundDesignTokens' from project 'CompoundDesignTokens')
    cd /Users/aadityasingh/Library/Developer/Xcode/DerivedData/Chatlio-erkyzdeecsohoaggpwbjdvavzqfv/SourcePackages/checkouts/compound-design-tokens
    write-file /Users/aadityasingh/Library/Developer/Xcode/DerivedData/Chatlio-erkyzdeecsohoaggpwbjdvavzqfv/Build/Intermediates.noindex/CompoundDesignTokens.build/Debug-iphonesimulator/CompoundDesignTokens.build/DerivedSources/resource_bundle_accessor.swift

WriteAuxiliaryFile /Users/aadityasingh/Library/Developer/Xcode/DerivedData/Chatlio-erkyzdeecsohoaggpwbjdvavzqfv/Build/Intermediates.noindex/CompoundDesignTokens.build/Debug-iphonesimulator/CompoundDesignTokens.build/CompoundDesignTokens.DependencyStaticMetadataFileList (in target 'CompoundDesignTokens' from project 'CompoundDesignTokens')
    cd /Users/aadityasingh/Library/Developer/Xcode/DerivedData/Chatlio-erkyzdeecsohoaggpwbjdvavzqfv/SourcePackages/checkouts/compound-design-tokens
    write-file /Users/aadityasingh/Library/Developer/Xcode/DerivedData/Chatlio-erkyzdeecsohoaggpwbjdvavzqfv/Build/Intermediates.noindex/CompoundDesignTokens.build/Debug-iphonesimulator/CompoundDesignTokens.build/CompoundDesignTokens.DependencyStaticMetadataFileList

WriteAuxiliaryFile /Users/aadityasingh/Library/Developer/Xcode/DerivedData/Chatlio-erkyzdeecsohoaggpwbjdvavzqfv/Build/Intermediates.noindex/CompoundDesignTokens.build/Debug-iphonesimulator/CompoundDesignTokens.build/CompoundDesignTokens.DependencyMetadataFileList (in target 'CompoundDesignTokens' from project 'CompoundDesignTokens')
    cd /Users/aadityasingh/Library/Developer/Xcode/DerivedData/Chatlio-erkyzdeecsohoaggpwbjdvavzqfv/SourcePackages/checkouts/compound-design-tokens
    write-file /Users/aadityasingh/Library/Developer/Xcode/DerivedData/Chatlio-erkyzdeecsohoaggpwbjdvavzqfv/Build/Intermediates.noindex/CompoundDesignTokens.build/Debug-iphonesimulator/CompoundDesignTokens.build/CompoundDesignTokens.DependencyMetadataFileList

WriteAuxiliaryFile /Users/aadityasingh/Library/Developer/Xcode/DerivedData/Chatlio-erkyzdeecsohoaggpwbjdvavzqfv/Build/Intermediates.noindex/Compound.build/Debug-iphonesimulator/Compound.build/Objects-normal/x86_64/Compound_const_extract_protocols.json (in target 'Compound' from project 'Compound')
    cd /Users/aadityasingh/Documents/Development/element-x-ios/compound-ios
    write-file /Users/aadityasingh/Library/Developer/Xcode/DerivedData/Chatlio-erkyzdeecsohoaggpwbjdvavzqfv/Build/Intermediates.noindex/Compound.build/Debug-iphonesimulator/Compound.build/Objects-normal/x86_64/Compound_const_extract_protocols.json

WriteAuxiliaryFile /Users/aadityasingh/Library/Developer/Xcode/DerivedData/Chatlio-erkyzdeecsohoaggpwbjdvavzqfv/Build/Intermediates.noindex/Compound.build/Debug-iphonesimulator/Compound.build/Objects-normal/x86_64/Compound.SwiftFileList (in target 'Compound' from project 'Compound')
    cd /Users/aadityasingh/Documents/Development/element-x-ios/compound-ios
    write-file /Users/aadityasingh/Library/Developer/Xcode/DerivedData/Chatlio-erkyzdeecsohoaggpwbjdvavzqfv/Build/Intermediates.noindex/Compound.build/Debug-iphonesimulator/Compound.build/Objects-normal/x86_64/Compound.SwiftFileList

WriteAuxiliaryFile /Users/aadityasingh/Library/Developer/Xcode/DerivedData/Chatlio-erkyzdeecsohoaggpwbjdvavzqfv/Build/Intermediates.noindex/Compound.build/Debug-iphonesimulator/Compound.build/Objects-normal/x86_64/Compound.SwiftConstValuesFileList (in target 'Compound' from project 'Compound')
    cd /Users/aadityasingh/Documents/Development/element-x-ios/compound-ios
    write-file /Users/aadityasingh/Library/Developer/Xcode/DerivedData/Chatlio-erkyzdeecsohoaggpwbjdvavzqfv/Build/Intermediates.noindex/Compound.build/Debug-iphonesimulator/Compound.build/Objects-normal/x86_64/Compound.SwiftConstValuesFileList

WriteAuxiliaryFile /Users/aadityasingh/Library/Developer/Xcode/DerivedData/Chatlio-erkyzdeecsohoaggpwbjdvavzqfv/Build/Intermediates.noindex/Compound.build/Debug-iphonesimulator/Compound.build/Objects-normal/x86_64/Compound.LinkFileList (in target 'Compound' from project 'Compound')
    cd /Users/aadityasingh/Documents/Development/element-x-ios/compound-ios
    write-file /Users/aadityasingh/Library/Developer/Xcode/DerivedData/Chatlio-erkyzdeecsohoaggpwbjdvavzqfv/Build/Intermediates.noindex/Compound.build/Debug-iphonesimulator/Compound.build/Objects-normal/x86_64/Compound.LinkFileList

WriteAuxiliaryFile /Users/aadityasingh/Library/Developer/Xcode/DerivedData/Chatlio-erkyzdeecsohoaggpwbjdvavzqfv/Build/Intermediates.noindex/Compound.build/Debug-iphonesimulator/Compound.build/Objects-normal/x86_64/Compound-OutputFileMap.json (in target 'Compound' from project 'Compound')
    cd /Users/aadityasingh/Documents/Development/element-x-ios/compound-ios
    write-file /Users/aadityasingh/Library/Developer/Xcode/DerivedData/Chatlio-erkyzdeecsohoaggpwbjdvavzqfv/Build/Intermediates.noindex/Compound.build/Debug-iphonesimulator/Compound.build/Objects-normal/x86_64/Compound-OutputFileMap.json

WriteAuxiliaryFile /Users/aadityasingh/Library/Developer/Xcode/DerivedData/Chatlio-erkyzdeecsohoaggpwbjdvavzqfv/Build/Intermediates.noindex/Compound.build/Debug-iphonesimulator/Compound.build/Objects-normal/arm64/Compound_const_extract_protocols.json (in target 'Compound' from project 'Compound')
    cd /Users/aadityasingh/Documents/Development/element-x-ios/compound-ios
    write-file /Users/aadityasingh/Library/Developer/Xcode/DerivedData/Chatlio-erkyzdeecsohoaggpwbjdvavzqfv/Build/Intermediates.noindex/Compound.build/Debug-iphonesimulator/Compound.build/Objects-normal/arm64/Compound_const_extract_protocols.json

WriteAuxiliaryFile /Users/aadityasingh/Library/Developer/Xcode/DerivedData/Chatlio-erkyzdeecsohoaggpwbjdvavzqfv/Build/Intermediates.noindex/Compound.build/Debug-iphonesimulator/Compound.build/Objects-normal/arm64/Compound.SwiftFileList (in target 'Compound' from project 'Compound')
    cd /Users/aadityasingh/Documents/Development/element-x-ios/compound-ios
    write-file /Users/aadityasingh/Library/Developer/Xcode/DerivedData/Chatlio-erkyzdeecsohoaggpwbjdvavzqfv/Build/Intermediates.noindex/Compound.build/Debug-iphonesimulator/Compound.build/Objects-normal/arm64/Compound.SwiftFileList

WriteAuxiliaryFile /Users/aadityasingh/Library/Developer/Xcode/DerivedData/Chatlio-erkyzdeecsohoaggpwbjdvavzqfv/Build/Intermediates.noindex/Compound.build/Debug-iphonesimulator/Compound.build/Objects-normal/arm64/Compound.SwiftConstValuesFileList (in target 'Compound' from project 'Compound')
    cd /Users/aadityasingh/Documents/Development/element-x-ios/compound-ios
    write-file /Users/aadityasingh/Library/Developer/Xcode/DerivedData/Chatlio-erkyzdeecsohoaggpwbjdvavzqfv/Build/Intermediates.noindex/Compound.build/Debug-iphonesimulator/Compound.build/Objects-normal/arm64/Compound.SwiftConstValuesFileList

WriteAuxiliaryFile /Users/aadityasingh/Library/Developer/Xcode/DerivedData/Chatlio-erkyzdeecsohoaggpwbjdvavzqfv/Build/Intermediates.noindex/Compound.build/Debug-iphonesimulator/Compound.build/Objects-normal/arm64/Compound.LinkFileList (in target 'Compound' from project 'Compound')
    cd /Users/aadityasingh/Documents/Development/element-x-ios/compound-ios
    write-file /Users/aadityasingh/Library/Developer/Xcode/DerivedData/Chatlio-erkyzdeecsohoaggpwbjdvavzqfv/Build/Intermediates.noindex/Compound.build/Debug-iphonesimulator/Compound.build/Objects-normal/arm64/Compound.LinkFileList

Copy /Users/aadityasingh/Library/Developer/Xcode/DerivedData/Chatlio-erkyzdeecsohoaggpwbjdvavzqfv/Build/Intermediates.noindex/GeneratedModuleMaps-iphonesimulator/CompoundDesignTokens.modulemap /Users/aadityasingh/Library/Developer/Xcode/DerivedData/Chatlio-erkyzdeecsohoaggpwbjdvavzqfv/Build/Intermediates.noindex/CompoundDesignTokens.build/Debug-iphonesimulator/CompoundDesignTokens.build/CompoundDesignTokens.modulemap (in target 'CompoundDesignTokens' from project 'CompoundDesignTokens')
    cd /Users/aadityasingh/Library/Developer/Xcode/DerivedData/Chatlio-erkyzdeecsohoaggpwbjdvavzqfv/SourcePackages/checkouts/compound-design-tokens
    builtin-copy -exclude .DS_Store -exclude CVS -exclude .svn -exclude .git -exclude .hg -resolve-src-symlinks /Users/aadityasingh/Library/Developer/Xcode/DerivedData/Chatlio-erkyzdeecsohoaggpwbjdvavzqfv/Build/Intermediates.noindex/CompoundDesignTokens.build/Debug-iphonesimulator/CompoundDesignTokens.build/CompoundDesignTokens.modulemap /Users/aadityasingh/Library/Developer/Xcode/DerivedData/Chatlio-erkyzdeecsohoaggpwbjdvavzqfv/Build/Intermediates.noindex/GeneratedModuleMaps-iphonesimulator

WriteAuxiliaryFile /Users/aadityasingh/Library/Developer/Xcode/DerivedData/Chatlio-erkyzdeecsohoaggpwbjdvavzqfv/Build/Intermediates.noindex/Compound.build/Debug-iphonesimulator/Compound.build/Objects-normal/arm64/Compound-OutputFileMap.json (in target 'Compound' from project 'Compound')
    cd /Users/aadityasingh/Documents/Development/element-x-ios/compound-ios
    write-file /Users/aadityasingh/Library/Developer/Xcode/DerivedData/Chatlio-erkyzdeecsohoaggpwbjdvavzqfv/Build/Intermediates.noindex/Compound.build/Debug-iphonesimulator/Compound.build/Objects-normal/arm64/Compound-OutputFileMap.json

WriteAuxiliaryFile /Users/aadityasingh/Library/Developer/Xcode/DerivedData/Chatlio-erkyzdeecsohoaggpwbjdvavzqfv/Build/Intermediates.noindex/Compound.build/Debug-iphonesimulator/Compound.build/Compound.modulemap (in target 'Compound' from project 'Compound')
    cd /Users/aadityasingh/Documents/Development/element-x-ios/compound-ios
    write-file /Users/aadityasingh/Library/Developer/Xcode/DerivedData/Chatlio-erkyzdeecsohoaggpwbjdvavzqfv/Build/Intermediates.noindex/Compound.build/Debug-iphonesimulator/Compound.build/Compound.modulemap

WriteAuxiliaryFile /Users/aadityasingh/Library/Developer/Xcode/DerivedData/Chatlio-erkyzdeecsohoaggpwbjdvavzqfv/Build/Intermediates.noindex/Compound.build/Debug-iphonesimulator/Compound.build/Compound.DependencyStaticMetadataFileList (in target 'Compound' from project 'Compound')
    cd /Users/aadityasingh/Documents/Development/element-x-ios/compound-ios
    write-file /Users/aadityasingh/Library/Developer/Xcode/DerivedData/Chatlio-erkyzdeecsohoaggpwbjdvavzqfv/Build/Intermediates.noindex/Compound.build/Debug-iphonesimulator/Compound.build/Compound.DependencyStaticMetadataFileList

WriteAuxiliaryFile /Users/aadityasingh/Library/Developer/Xcode/DerivedData/Chatlio-erkyzdeecsohoaggpwbjdvavzqfv/Build/Intermediates.noindex/Compound.build/Debug-iphonesimulator/Compound.build/Compound.DependencyMetadataFileList (in target 'Compound' from project 'Compound')
    cd /Users/aadityasingh/Documents/Development/element-x-ios/compound-ios
    write-file /Users/aadityasingh/Library/Developer/Xcode/DerivedData/Chatlio-erkyzdeecsohoaggpwbjdvavzqfv/Build/Intermediates.noindex/Compound.build/Debug-iphonesimulator/Compound.build/Compound.DependencyMetadataFileList

WriteAuxiliaryFile /Users/aadityasingh/Library/Developer/Xcode/DerivedData/Chatlio-erkyzdeecsohoaggpwbjdvavzqfv/Build/Intermediates.noindex/swift-collections.build/Debug-iphonesimulator/Collections.build/Objects-normal/x86_64/Collections_const_extract_protocols.json (in target 'Collections' from project 'swift-collections')
    cd /Users/aadityasingh/Library/Developer/Xcode/DerivedData/Chatlio-erkyzdeecsohoaggpwbjdvavzqfv/SourcePackages/checkouts/swift-collections
    write-file /Users/aadityasingh/Library/Developer/Xcode/DerivedData/Chatlio-erkyzdeecsohoaggpwbjdvavzqfv/Build/Intermediates.noindex/swift-collections.build/Debug-iphonesimulator/Collections.build/Objects-normal/x86_64/Collections_const_extract_protocols.json

WriteAuxiliaryFile /Users/aadityasingh/Library/Developer/Xcode/DerivedData/Chatlio-erkyzdeecsohoaggpwbjdvavzqfv/Build/Intermediates.noindex/swift-collections.build/Debug-iphonesimulator/Collections.build/Objects-normal/x86_64/Collections.SwiftFileList (in target 'Collections' from project 'swift-collections')
    cd /Users/aadityasingh/Library/Developer/Xcode/DerivedData/Chatlio-erkyzdeecsohoaggpwbjdvavzqfv/SourcePackages/checkouts/swift-collections
    write-file /Users/aadityasingh/Library/Developer/Xcode/DerivedData/Chatlio-erkyzdeecsohoaggpwbjdvavzqfv/Build/Intermediates.noindex/swift-collections.build/Debug-iphonesimulator/Collections.build/Objects-normal/x86_64/Collections.SwiftFileList

WriteAuxiliaryFile /Users/aadityasingh/Library/Developer/Xcode/DerivedData/Chatlio-erkyzdeecsohoaggpwbjdvavzqfv/Build/Intermediates.noindex/swift-collections.build/Debug-iphonesimulator/Collections.build/Objects-normal/x86_64/Collections.SwiftConstValuesFileList (in target 'Collections' from project 'swift-collections')
    cd /Users/aadityasingh/Library/Developer/Xcode/DerivedData/Chatlio-erkyzdeecsohoaggpwbjdvavzqfv/SourcePackages/checkouts/swift-collections
    write-file /Users/aadityasingh/Library/Developer/Xcode/DerivedData/Chatlio-erkyzdeecsohoaggpwbjdvavzqfv/Build/Intermediates.noindex/swift-collections.build/Debug-iphonesimulator/Collections.build/Objects-normal/x86_64/Collections.SwiftConstValuesFileList

WriteAuxiliaryFile /Users/aadityasingh/Library/Developer/Xcode/DerivedData/Chatlio-erkyzdeecsohoaggpwbjdvavzqfv/Build/Intermediates.noindex/swift-collections.build/Debug-iphonesimulator/Collections.build/Objects-normal/x86_64/Collections.LinkFileList (in target 'Collections' from project 'swift-collections')
    cd /Users/aadityasingh/Library/Developer/Xcode/DerivedData/Chatlio-erkyzdeecsohoaggpwbjdvavzqfv/SourcePackages/checkouts/swift-collections
    write-file /Users/aadityasingh/Library/Developer/Xcode/DerivedData/Chatlio-erkyzdeecsohoaggpwbjdvavzqfv/Build/Intermediates.noindex/swift-collections.build/Debug-iphonesimulator/Collections.build/Objects-normal/x86_64/Collections.LinkFileList

WriteAuxiliaryFile /Users/aadityasingh/Library/Developer/Xcode/DerivedData/Chatlio-erkyzdeecsohoaggpwbjdvavzqfv/Build/Intermediates.noindex/swift-collections.build/Debug-iphonesimulator/Collections.build/Objects-normal/x86_64/Collections-OutputFileMap.json (in target 'Collections' from project 'swift-collections')
    cd /Users/aadityasingh/Library/Developer/Xcode/DerivedData/Chatlio-erkyzdeecsohoaggpwbjdvavzqfv/SourcePackages/checkouts/swift-collections
    write-file /Users/aadityasingh/Library/Developer/Xcode/DerivedData/Chatlio-erkyzdeecsohoaggpwbjdvavzqfv/Build/Intermediates.noindex/swift-collections.build/Debug-iphonesimulator/Collections.build/Objects-normal/x86_64/Collections-OutputFileMap.json

WriteAuxiliaryFile /Users/aadityasingh/Library/Developer/Xcode/DerivedData/Chatlio-erkyzdeecsohoaggpwbjdvavzqfv/Build/Intermediates.noindex/swift-collections.build/Debug-iphonesimulator/Collections.build/Objects-normal/arm64/Collections_const_extract_protocols.json (in target 'Collections' from project 'swift-collections')
    cd /Users/aadityasingh/Library/Developer/Xcode/DerivedData/Chatlio-erkyzdeecsohoaggpwbjdvavzqfv/SourcePackages/checkouts/swift-collections
    write-file /Users/aadityasingh/Library/Developer/Xcode/DerivedData/Chatlio-erkyzdeecsohoaggpwbjdvavzqfv/Build/Intermediates.noindex/swift-collections.build/Debug-iphonesimulator/Collections.build/Objects-normal/arm64/Collections_const_extract_protocols.json

WriteAuxiliaryFile /Users/aadityasingh/Library/Developer/Xcode/DerivedData/Chatlio-erkyzdeecsohoaggpwbjdvavzqfv/Build/Intermediates.noindex/swift-collections.build/Debug-iphonesimulator/Collections.build/Objects-normal/arm64/Collections.SwiftFileList (in target 'Collections' from project 'swift-collections')
    cd /Users/aadityasingh/Library/Developer/Xcode/DerivedData/Chatlio-erkyzdeecsohoaggpwbjdvavzqfv/SourcePackages/checkouts/swift-collections
    write-file /Users/aadityasingh/Library/Developer/Xcode/DerivedData/Chatlio-erkyzdeecsohoaggpwbjdvavzqfv/Build/Intermediates.noindex/swift-collections.build/Debug-iphonesimulator/Collections.build/Objects-normal/arm64/Collections.SwiftFileList

WriteAuxiliaryFile /Users/aadityasingh/Library/Developer/Xcode/DerivedData/Chatlio-erkyzdeecsohoaggpwbjdvavzqfv/Build/Intermediates.noindex/swift-collections.build/Debug-iphonesimulator/Collections.build/Objects-normal/arm64/Collections.SwiftConstValuesFileList (in target 'Collections' from project 'swift-collections')
    cd /Users/aadityasingh/Library/Developer/Xcode/DerivedData/Chatlio-erkyzdeecsohoaggpwbjdvavzqfv/SourcePackages/checkouts/swift-collections
    write-file /Users/aadityasingh/Library/Developer/Xcode/DerivedData/Chatlio-erkyzdeecsohoaggpwbjdvavzqfv/Build/Intermediates.noindex/swift-collections.build/Debug-iphonesimulator/Collections.build/Objects-normal/arm64/Collections.SwiftConstValuesFileList

WriteAuxiliaryFile /Users/aadityasingh/Library/Developer/Xcode/DerivedData/Chatlio-erkyzdeecsohoaggpwbjdvavzqfv/Build/Intermediates.noindex/swift-collections.build/Debug-iphonesimulator/Collections.build/Objects-normal/arm64/Collections.LinkFileList (in target 'Collections' from project 'swift-collections')
    cd /Users/aadityasingh/Library/Developer/Xcode/DerivedData/Chatlio-erkyzdeecsohoaggpwbjdvavzqfv/SourcePackages/checkouts/swift-collections
    write-file /Users/aadityasingh/Library/Developer/Xcode/DerivedData/Chatlio-erkyzdeecsohoaggpwbjdvavzqfv/Build/Intermediates.noindex/swift-collections.build/Debug-iphonesimulator/Collections.build/Objects-normal/arm64/Collections.LinkFileList

WriteAuxiliaryFile /Users/aadityasingh/Library/Developer/Xcode/DerivedData/Chatlio-erkyzdeecsohoaggpwbjdvavzqfv/Build/Intermediates.noindex/swift-collections.build/Debug-iphonesimulator/Collections.build/Objects-normal/arm64/Collections-OutputFileMap.json (in target 'Collections' from project 'swift-collections')
    cd /Users/aadityasingh/Library/Developer/Xcode/DerivedData/Chatlio-erkyzdeecsohoaggpwbjdvavzqfv/SourcePackages/checkouts/swift-collections
    write-file /Users/aadityasingh/Library/Developer/Xcode/DerivedData/Chatlio-erkyzdeecsohoaggpwbjdvavzqfv/Build/Intermediates.noindex/swift-collections.build/Debug-iphonesimulator/Collections.build/Objects-normal/arm64/Collections-OutputFileMap.json

Copy /Users/aadityasingh/Library/Developer/Xcode/DerivedData/Chatlio-erkyzdeecsohoaggpwbjdvavzqfv/Build/Intermediates.noindex/GeneratedModuleMaps-iphonesimulator/Compound.modulemap /Users/aadityasingh/Library/Developer/Xcode/DerivedData/Chatlio-erkyzdeecsohoaggpwbjdvavzqfv/Build/Intermediates.noindex/Compound.build/Debug-iphonesimulator/Compound.build/Compound.modulemap (in target 'Compound' from project 'Compound')
    cd /Users/aadityasingh/Documents/Development/element-x-ios/compound-ios
    builtin-copy -exclude .DS_Store -exclude CVS -exclude .svn -exclude .git -exclude .hg -resolve-src-symlinks /Users/aadityasingh/Library/Developer/Xcode/DerivedData/Chatlio-erkyzdeecsohoaggpwbjdvavzqfv/Build/Intermediates.noindex/Compound.build/Debug-iphonesimulator/Compound.build/Compound.modulemap /Users/aadityasingh/Library/Developer/Xcode/DerivedData/Chatlio-erkyzdeecsohoaggpwbjdvavzqfv/Build/Intermediates.noindex/GeneratedModuleMaps-iphonesimulator

WriteAuxiliaryFile /Users/aadityasingh/Library/Developer/Xcode/DerivedData/Chatlio-erkyzdeecsohoaggpwbjdvavzqfv/Build/Intermediates.noindex/swift-collections.build/Debug-iphonesimulator/Collections.build/Collections.modulemap (in target 'Collections' from project 'swift-collections')
    cd /Users/aadityasingh/Library/Developer/Xcode/DerivedData/Chatlio-erkyzdeecsohoaggpwbjdvavzqfv/SourcePackages/checkouts/swift-collections
    write-file /Users/aadityasingh/Library/Developer/Xcode/DerivedData/Chatlio-erkyzdeecsohoaggpwbjdvavzqfv/Build/Intermediates.noindex/swift-collections.build/Debug-iphonesimulator/Collections.build/Collections.modulemap

WriteAuxiliaryFile /Users/aadityasingh/Library/Developer/Xcode/DerivedData/Chatlio-erkyzdeecsohoaggpwbjdvavzqfv/Build/Intermediates.noindex/swift-collections.build/Debug-iphonesimulator/Collections.build/Collections.DependencyStaticMetadataFileList (in target 'Collections' from project 'swift-collections')
    cd /Users/aadityasingh/Library/Developer/Xcode/DerivedData/Chatlio-erkyzdeecsohoaggpwbjdvavzqfv/SourcePackages/checkouts/swift-collections
    write-file /Users/aadityasingh/Library/Developer/Xcode/DerivedData/Chatlio-erkyzdeecsohoaggpwbjdvavzqfv/Build/Intermediates.noindex/swift-collections.build/Debug-iphonesimulator/Collections.build/Collections.DependencyStaticMetadataFileList

WriteAuxiliaryFile /Users/aadityasingh/Library/Developer/Xcode/DerivedData/Chatlio-erkyzdeecsohoaggpwbjdvavzqfv/Build/Intermediates.noindex/swift-collections.build/Debug-iphonesimulator/Collections.build/Collections.DependencyMetadataFileList (in target 'Collections' from project 'swift-collections')
    cd /Users/aadityasingh/Library/Developer/Xcode/DerivedData/Chatlio-erkyzdeecsohoaggpwbjdvavzqfv/SourcePackages/checkouts/swift-collections
    write-file /Users/aadityasingh/Library/Developer/Xcode/DerivedData/Chatlio-erkyzdeecsohoaggpwbjdvavzqfv/Build/Intermediates.noindex/swift-collections.build/Debug-iphonesimulator/Collections.build/Collections.DependencyMetadataFileList

WriteAuxiliaryFile /Users/aadityasingh/Library/Developer/Xcode/DerivedData/Chatlio-erkyzdeecsohoaggpwbjdvavzqfv/Build/Intermediates.noindex/swift-collections.build/Debug-iphonesimulator/BitCollections.build/Objects-normal/x86_64/BitCollections_const_extract_protocols.json (in target 'BitCollections' from project 'swift-collections')
    cd /Users/aadityasingh/Library/Developer/Xcode/DerivedData/Chatlio-erkyzdeecsohoaggpwbjdvavzqfv/SourcePackages/checkouts/swift-collections
    write-file /Users/aadityasingh/Library/Developer/Xcode/DerivedData/Chatlio-erkyzdeecsohoaggpwbjdvavzqfv/Build/Intermediates.noindex/swift-collections.build/Debug-iphonesimulator/BitCollections.build/Objects-normal/x86_64/BitCollections_const_extract_protocols.json

WriteAuxiliaryFile /Users/aadityasingh/Library/Developer/Xcode/DerivedData/Chatlio-erkyzdeecsohoaggpwbjdvavzqfv/Build/Intermediates.noindex/swift-collections.build/Debug-iphonesimulator/BitCollections.build/Objects-normal/x86_64/BitCollections.SwiftFileList (in target 'BitCollections' from project 'swift-collections')
    cd /Users/aadityasingh/Library/Developer/Xcode/DerivedData/Chatlio-erkyzdeecsohoaggpwbjdvavzqfv/SourcePackages/checkouts/swift-collections
    write-file /Users/aadityasingh/Library/Developer/Xcode/DerivedData/Chatlio-erkyzdeecsohoaggpwbjdvavzqfv/Build/Intermediates.noindex/swift-collections.build/Debug-iphonesimulator/BitCollections.build/Objects-normal/x86_64/BitCollections.SwiftFileList

WriteAuxiliaryFile /Users/aadityasingh/Library/Developer/Xcode/DerivedData/Chatlio-erkyzdeecsohoaggpwbjdvavzqfv/Build/Intermediates.noindex/swift-collections.build/Debug-iphonesimulator/BitCollections.build/Objects-normal/x86_64/BitCollections.SwiftConstValuesFileList (in target 'BitCollections' from project 'swift-collections')
    cd /Users/aadityasingh/Library/Developer/Xcode/DerivedData/Chatlio-erkyzdeecsohoaggpwbjdvavzqfv/SourcePackages/checkouts/swift-collections
    write-file /Users/aadityasingh/Library/Developer/Xcode/DerivedData/Chatlio-erkyzdeecsohoaggpwbjdvavzqfv/Build/Intermediates.noindex/swift-collections.build/Debug-iphonesimulator/BitCollections.build/Objects-normal/x86_64/BitCollections.SwiftConstValuesFileList

WriteAuxiliaryFile /Users/aadityasingh/Library/Developer/Xcode/DerivedData/Chatlio-erkyzdeecsohoaggpwbjdvavzqfv/Build/Intermediates.noindex/swift-collections.build/Debug-iphonesimulator/BitCollections.build/Objects-normal/x86_64/BitCollections.LinkFileList (in target 'BitCollections' from project 'swift-collections')
    cd /Users/aadityasingh/Library/Developer/Xcode/DerivedData/Chatlio-erkyzdeecsohoaggpwbjdvavzqfv/SourcePackages/checkouts/swift-collections
    write-file /Users/aadityasingh/Library/Developer/Xcode/DerivedData/Chatlio-erkyzdeecsohoaggpwbjdvavzqfv/Build/Intermediates.noindex/swift-collections.build/Debug-iphonesimulator/BitCollections.build/Objects-normal/x86_64/BitCollections.LinkFileList

WriteAuxiliaryFile /Users/aadityasingh/Library/Developer/Xcode/DerivedData/Chatlio-erkyzdeecsohoaggpwbjdvavzqfv/Build/Intermediates.noindex/swift-collections.build/Debug-iphonesimulator/BitCollections.build/Objects-normal/x86_64/BitCollections-OutputFileMap.json (in target 'BitCollections' from project 'swift-collections')
    cd /Users/aadityasingh/Library/Developer/Xcode/DerivedData/Chatlio-erkyzdeecsohoaggpwbjdvavzqfv/SourcePackages/checkouts/swift-collections
    write-file /Users/aadityasingh/Library/Developer/Xcode/DerivedData/Chatlio-erkyzdeecsohoaggpwbjdvavzqfv/Build/Intermediates.noindex/swift-collections.build/Debug-iphonesimulator/BitCollections.build/Objects-normal/x86_64/BitCollections-OutputFileMap.json

WriteAuxiliaryFile /Users/aadityasingh/Library/Developer/Xcode/DerivedData/Chatlio-erkyzdeecsohoaggpwbjdvavzqfv/Build/Intermediates.noindex/swift-collections.build/Debug-iphonesimulator/BitCollections.build/Objects-normal/arm64/BitCollections.SwiftFileList (in target 'BitCollections' from project 'swift-collections')
    cd /Users/aadityasingh/Library/Developer/Xcode/DerivedData/Chatlio-erkyzdeecsohoaggpwbjdvavzqfv/SourcePackages/checkouts/swift-collections
    write-file /Users/aadityasingh/Library/Developer/Xcode/DerivedData/Chatlio-erkyzdeecsohoaggpwbjdvavzqfv/Build/Intermediates.noindex/swift-collections.build/Debug-iphonesimulator/BitCollections.build/Objects-normal/arm64/BitCollections.SwiftFileList

WriteAuxiliaryFile /Users/aadityasingh/Library/Developer/Xcode/DerivedData/Chatlio-erkyzdeecsohoaggpwbjdvavzqfv/Build/Intermediates.noindex/swift-collections.build/Debug-iphonesimulator/BitCollections.build/Objects-normal/arm64/BitCollections_const_extract_protocols.json (in target 'BitCollections' from project 'swift-collections')
    cd /Users/aadityasingh/Library/Developer/Xcode/DerivedData/Chatlio-erkyzdeecsohoaggpwbjdvavzqfv/SourcePackages/checkouts/swift-collections
    write-file /Users/aadityasingh/Library/Developer/Xcode/DerivedData/Chatlio-erkyzdeecsohoaggpwbjdvavzqfv/Build/Intermediates.noindex/swift-collections.build/Debug-iphonesimulator/BitCollections.build/Objects-normal/arm64/BitCollections_const_extract_protocols.json

WriteAuxiliaryFile /Users/aadityasingh/Library/Developer/Xcode/DerivedData/Chatlio-erkyzdeecsohoaggpwbjdvavzqfv/Build/Intermediates.noindex/swift-collections.build/Debug-iphonesimulator/BitCollections.build/Objects-normal/arm64/BitCollections.SwiftConstValuesFileList (in target 'BitCollections' from project 'swift-collections')
    cd /Users/aadityasingh/Library/Developer/Xcode/DerivedData/Chatlio-erkyzdeecsohoaggpwbjdvavzqfv/SourcePackages/checkouts/swift-collections
    write-file /Users/aadityasingh/Library/Developer/Xcode/DerivedData/Chatlio-erkyzdeecsohoaggpwbjdvavzqfv/Build/Intermediates.noindex/swift-collections.build/Debug-iphonesimulator/BitCollections.build/Objects-normal/arm64/BitCollections.SwiftConstValuesFileList

WriteAuxiliaryFile /Users/aadityasingh/Library/Developer/Xcode/DerivedData/Chatlio-erkyzdeecsohoaggpwbjdvavzqfv/Build/Intermediates.noindex/swift-collections.build/Debug-iphonesimulator/BitCollections.build/Objects-normal/arm64/BitCollections.LinkFileList (in target 'BitCollections' from project 'swift-collections')
    cd /Users/aadityasingh/Library/Developer/Xcode/DerivedData/Chatlio-erkyzdeecsohoaggpwbjdvavzqfv/SourcePackages/checkouts/swift-collections
    write-file /Users/aadityasingh/Library/Developer/Xcode/DerivedData/Chatlio-erkyzdeecsohoaggpwbjdvavzqfv/Build/Intermediates.noindex/swift-collections.build/Debug-iphonesimulator/BitCollections.build/Objects-normal/arm64/BitCollections.LinkFileList

Copy /Users/aadityasingh/Library/Developer/Xcode/DerivedData/Chatlio-erkyzdeecsohoaggpwbjdvavzqfv/Build/Intermediates.noindex/GeneratedModuleMaps-iphonesimulator/Collections.modulemap /Users/aadityasingh/Library/Developer/Xcode/DerivedData/Chatlio-erkyzdeecsohoaggpwbjdvavzqfv/Build/Intermediates.noindex/swift-collections.build/Debug-iphonesimulator/Collections.build/Collections.modulemap (in target 'Collections' from project 'swift-collections')
    cd /Users/aadityasingh/Library/Developer/Xcode/DerivedData/Chatlio-erkyzdeecsohoaggpwbjdvavzqfv/SourcePackages/checkouts/swift-collections
    builtin-copy -exclude .DS_Store -exclude CVS -exclude .svn -exclude .git -exclude .hg -resolve-src-symlinks /Users/aadityasingh/Library/Developer/Xcode/DerivedData/Chatlio-erkyzdeecsohoaggpwbjdvavzqfv/Build/Intermediates.noindex/swift-collections.build/Debug-iphonesimulator/Collections.build/Collections.modulemap /Users/aadityasingh/Library/Developer/Xcode/DerivedData/Chatlio-erkyzdeecsohoaggpwbjdvavzqfv/Build/Intermediates.noindex/GeneratedModuleMaps-iphonesimulator

WriteAuxiliaryFile /Users/aadityasingh/Library/Developer/Xcode/DerivedData/Chatlio-erkyzdeecsohoaggpwbjdvavzqfv/Build/Intermediates.noindex/swift-collections.build/Debug-iphonesimulator/BitCollections.build/Objects-normal/arm64/BitCollections-OutputFileMap.json (in target 'BitCollections' from project 'swift-collections')
    cd /Users/aadityasingh/Library/Developer/Xcode/DerivedData/Chatlio-erkyzdeecsohoaggpwbjdvavzqfv/SourcePackages/checkouts/swift-collections
    write-file /Users/aadityasingh/Library/Developer/Xcode/DerivedData/Chatlio-erkyzdeecsohoaggpwbjdvavzqfv/Build/Intermediates.noindex/swift-collections.build/Debug-iphonesimulator/BitCollections.build/Objects-normal/arm64/BitCollections-OutputFileMap.json

WriteAuxiliaryFile /Users/aadityasingh/Library/Developer/Xcode/DerivedData/Chatlio-erkyzdeecsohoaggpwbjdvavzqfv/Build/Intermediates.noindex/swift-collections.build/Debug-iphonesimulator/BitCollections.build/BitCollections.modulemap (in target 'BitCollections' from project 'swift-collections')
    cd /Users/aadityasingh/Library/Developer/Xcode/DerivedData/Chatlio-erkyzdeecsohoaggpwbjdvavzqfv/SourcePackages/checkouts/swift-collections
    write-file /Users/aadityasingh/Library/Developer/Xcode/DerivedData/Chatlio-erkyzdeecsohoaggpwbjdvavzqfv/Build/Intermediates.noindex/swift-collections.build/Debug-iphonesimulator/BitCollections.build/BitCollections.modulemap

WriteAuxiliaryFile /Users/aadityasingh/Library/Developer/Xcode/DerivedData/Chatlio-erkyzdeecsohoaggpwbjdvavzqfv/Build/Intermediates.noindex/swift-collections.build/Debug-iphonesimulator/BitCollections.build/BitCollections.DependencyStaticMetadataFileList (in target 'BitCollections' from project 'swift-collections')
    cd /Users/aadityasingh/Library/Developer/Xcode/DerivedData/Chatlio-erkyzdeecsohoaggpwbjdvavzqfv/SourcePackages/checkouts/swift-collections
    write-file /Users/aadityasingh/Library/Developer/Xcode/DerivedData/Chatlio-erkyzdeecsohoaggpwbjdvavzqfv/Build/Intermediates.noindex/swift-collections.build/Debug-iphonesimulator/BitCollections.build/BitCollections.DependencyStaticMetadataFileList

WriteAuxiliaryFile /Users/aadityasingh/Library/Developer/Xcode/DerivedData/Chatlio-erkyzdeecsohoaggpwbjdvavzqfv/Build/Intermediates.noindex/swift-collections.build/Debug-iphonesimulator/BitCollections.build/BitCollections.DependencyMetadataFileList (in target 'BitCollections' from project 'swift-collections')
    cd /Users/aadityasingh/Library/Developer/Xcode/DerivedData/Chatlio-erkyzdeecsohoaggpwbjdvavzqfv/SourcePackages/checkouts/swift-collections
    write-file /Users/aadityasingh/Library/Developer/Xcode/DerivedData/Chatlio-erkyzdeecsohoaggpwbjdvavzqfv/Build/Intermediates.noindex/swift-collections.build/Debug-iphonesimulator/BitCollections.build/BitCollections.DependencyMetadataFileList

WriteAuxiliaryFile /Users/aadityasingh/Library/Developer/Xcode/DerivedData/Chatlio-erkyzdeecsohoaggpwbjdvavzqfv/Build/Intermediates.noindex/swift-atomics.build/Debug-iphonesimulator/Atomics.build/Objects-normal/x86_64/Atomics_const_extract_protocols.json (in target 'Atomics' from project 'swift-atomics')
    cd /Users/aadityasingh/Library/Developer/Xcode/DerivedData/Chatlio-erkyzdeecsohoaggpwbjdvavzqfv/SourcePackages/checkouts/swift-atomics
    write-file /Users/aadityasingh/Library/Developer/Xcode/DerivedData/Chatlio-erkyzdeecsohoaggpwbjdvavzqfv/Build/Intermediates.noindex/swift-atomics.build/Debug-iphonesimulator/Atomics.build/Objects-normal/x86_64/Atomics_const_extract_protocols.json

WriteAuxiliaryFile /Users/aadityasingh/Library/Developer/Xcode/DerivedData/Chatlio-erkyzdeecsohoaggpwbjdvavzqfv/Build/Intermediates.noindex/swift-atomics.build/Debug-iphonesimulator/Atomics.build/Objects-normal/x86_64/Atomics.SwiftFileList (in target 'Atomics' from project 'swift-atomics')
    cd /Users/aadityasingh/Library/Developer/Xcode/DerivedData/Chatlio-erkyzdeecsohoaggpwbjdvavzqfv/SourcePackages/checkouts/swift-atomics
    write-file /Users/aadityasingh/Library/Developer/Xcode/DerivedData/Chatlio-erkyzdeecsohoaggpwbjdvavzqfv/Build/Intermediates.noindex/swift-atomics.build/Debug-iphonesimulator/Atomics.build/Objects-normal/x86_64/Atomics.SwiftFileList

WriteAuxiliaryFile /Users/aadityasingh/Library/Developer/Xcode/DerivedData/Chatlio-erkyzdeecsohoaggpwbjdvavzqfv/Build/Intermediates.noindex/swift-atomics.build/Debug-iphonesimulator/Atomics.build/Objects-normal/x86_64/Atomics.LinkFileList (in target 'Atomics' from project 'swift-atomics')
    cd /Users/aadityasingh/Library/Developer/Xcode/DerivedData/Chatlio-erkyzdeecsohoaggpwbjdvavzqfv/SourcePackages/checkouts/swift-atomics
    write-file /Users/aadityasingh/Library/Developer/Xcode/DerivedData/Chatlio-erkyzdeecsohoaggpwbjdvavzqfv/Build/Intermediates.noindex/swift-atomics.build/Debug-iphonesimulator/Atomics.build/Objects-normal/x86_64/Atomics.LinkFileList

WriteAuxiliaryFile /Users/aadityasingh/Library/Developer/Xcode/DerivedData/Chatlio-erkyzdeecsohoaggpwbjdvavzqfv/Build/Intermediates.noindex/swift-atomics.build/Debug-iphonesimulator/Atomics.build/Objects-normal/x86_64/Atomics.SwiftConstValuesFileList (in target 'Atomics' from project 'swift-atomics')
    cd /Users/aadityasingh/Library/Developer/Xcode/DerivedData/Chatlio-erkyzdeecsohoaggpwbjdvavzqfv/SourcePackages/checkouts/swift-atomics
    write-file /Users/aadityasingh/Library/Developer/Xcode/DerivedData/Chatlio-erkyzdeecsohoaggpwbjdvavzqfv/Build/Intermediates.noindex/swift-atomics.build/Debug-iphonesimulator/Atomics.build/Objects-normal/x86_64/Atomics.SwiftConstValuesFileList

WriteAuxiliaryFile /Users/aadityasingh/Library/Developer/Xcode/DerivedData/Chatlio-erkyzdeecsohoaggpwbjdvavzqfv/Build/Intermediates.noindex/swift-atomics.build/Debug-iphonesimulator/Atomics.build/Objects-normal/x86_64/Atomics-OutputFileMap.json (in target 'Atomics' from project 'swift-atomics')
    cd /Users/aadityasingh/Library/Developer/Xcode/DerivedData/Chatlio-erkyzdeecsohoaggpwbjdvavzqfv/SourcePackages/checkouts/swift-atomics
    write-file /Users/aadityasingh/Library/Developer/Xcode/DerivedData/Chatlio-erkyzdeecsohoaggpwbjdvavzqfv/Build/Intermediates.noindex/swift-atomics.build/Debug-iphonesimulator/Atomics.build/Objects-normal/x86_64/Atomics-OutputFileMap.json

WriteAuxiliaryFile /Users/aadityasingh/Library/Developer/Xcode/DerivedData/Chatlio-erkyzdeecsohoaggpwbjdvavzqfv/Build/Intermediates.noindex/swift-atomics.build/Debug-iphonesimulator/Atomics.build/Objects-normal/arm64/Atomics_const_extract_protocols.json (in target 'Atomics' from project 'swift-atomics')
    cd /Users/aadityasingh/Library/Developer/Xcode/DerivedData/Chatlio-erkyzdeecsohoaggpwbjdvavzqfv/SourcePackages/checkouts/swift-atomics
    write-file /Users/aadityasingh/Library/Developer/Xcode/DerivedData/Chatlio-erkyzdeecsohoaggpwbjdvavzqfv/Build/Intermediates.noindex/swift-atomics.build/Debug-iphonesimulator/Atomics.build/Objects-normal/arm64/Atomics_const_extract_protocols.json

WriteAuxiliaryFile /Users/aadityasingh/Library/Developer/Xcode/DerivedData/Chatlio-erkyzdeecsohoaggpwbjdvavzqfv/Build/Intermediates.noindex/swift-atomics.build/Debug-iphonesimulator/Atomics.build/Objects-normal/arm64/Atomics.SwiftFileList (in target 'Atomics' from project 'swift-atomics')
    cd /Users/aadityasingh/Library/Developer/Xcode/DerivedData/Chatlio-erkyzdeecsohoaggpwbjdvavzqfv/SourcePackages/checkouts/swift-atomics
    write-file /Users/aadityasingh/Library/Developer/Xcode/DerivedData/Chatlio-erkyzdeecsohoaggpwbjdvavzqfv/Build/Intermediates.noindex/swift-atomics.build/Debug-iphonesimulator/Atomics.build/Objects-normal/arm64/Atomics.SwiftFileList

WriteAuxiliaryFile /Users/aadityasingh/Library/Developer/Xcode/DerivedData/Chatlio-erkyzdeecsohoaggpwbjdvavzqfv/Build/Intermediates.noindex/swift-atomics.build/Debug-iphonesimulator/Atomics.build/Objects-normal/arm64/Atomics.SwiftConstValuesFileList (in target 'Atomics' from project 'swift-atomics')
    cd /Users/aadityasingh/Library/Developer/Xcode/DerivedData/Chatlio-erkyzdeecsohoaggpwbjdvavzqfv/SourcePackages/checkouts/swift-atomics
    write-file /Users/aadityasingh/Library/Developer/Xcode/DerivedData/Chatlio-erkyzdeecsohoaggpwbjdvavzqfv/Build/Intermediates.noindex/swift-atomics.build/Debug-iphonesimulator/Atomics.build/Objects-normal/arm64/Atomics.SwiftConstValuesFileList

Copy /Users/aadityasingh/Library/Developer/Xcode/DerivedData/Chatlio-erkyzdeecsohoaggpwbjdvavzqfv/Build/Intermediates.noindex/GeneratedModuleMaps-iphonesimulator/BitCollections.modulemap /Users/aadityasingh/Library/Developer/Xcode/DerivedData/Chatlio-erkyzdeecsohoaggpwbjdvavzqfv/Build/Intermediates.noindex/swift-collections.build/Debug-iphonesimulator/BitCollections.build/BitCollections.modulemap (in target 'BitCollections' from project 'swift-collections')
    cd /Users/aadityasingh/Library/Developer/Xcode/DerivedData/Chatlio-erkyzdeecsohoaggpwbjdvavzqfv/SourcePackages/checkouts/swift-collections
    builtin-copy -exclude .DS_Store -exclude CVS -exclude .svn -exclude .git -exclude .hg -resolve-src-symlinks /Users/aadityasingh/Library/Developer/Xcode/DerivedData/Chatlio-erkyzdeecsohoaggpwbjdvavzqfv/Build/Intermediates.noindex/swift-collections.build/Debug-iphonesimulator/BitCollections.build/BitCollections.modulemap /Users/aadityasingh/Library/Developer/Xcode/DerivedData/Chatlio-erkyzdeecsohoaggpwbjdvavzqfv/Build/Intermediates.noindex/GeneratedModuleMaps-iphonesimulator

WriteAuxiliaryFile /Users/aadityasingh/Library/Developer/Xcode/DerivedData/Chatlio-erkyzdeecsohoaggpwbjdvavzqfv/Build/Intermediates.noindex/swift-atomics.build/Debug-iphonesimulator/Atomics.build/Objects-normal/arm64/Atomics.LinkFileList (in target 'Atomics' from project 'swift-atomics')
    cd /Users/aadityasingh/Library/Developer/Xcode/DerivedData/Chatlio-erkyzdeecsohoaggpwbjdvavzqfv/SourcePackages/checkouts/swift-atomics
    write-file /Users/aadityasingh/Library/Developer/Xcode/DerivedData/Chatlio-erkyzdeecsohoaggpwbjdvavzqfv/Build/Intermediates.noindex/swift-atomics.build/Debug-iphonesimulator/Atomics.build/Objects-normal/arm64/Atomics.LinkFileList

WriteAuxiliaryFile /Users/aadityasingh/Library/Developer/Xcode/DerivedData/Chatlio-erkyzdeecsohoaggpwbjdvavzqfv/Build/Intermediates.noindex/swift-atomics.build/Debug-iphonesimulator/Atomics.build/Objects-normal/arm64/Atomics-OutputFileMap.json (in target 'Atomics' from project 'swift-atomics')
    cd /Users/aadityasingh/Library/Developer/Xcode/DerivedData/Chatlio-erkyzdeecsohoaggpwbjdvavzqfv/SourcePackages/checkouts/swift-atomics
    write-file /Users/aadityasingh/Library/Developer/Xcode/DerivedData/Chatlio-erkyzdeecsohoaggpwbjdvavzqfv/Build/Intermediates.noindex/swift-atomics.build/Debug-iphonesimulator/Atomics.build/Objects-normal/arm64/Atomics-OutputFileMap.json

WriteAuxiliaryFile /Users/aadityasingh/Library/Developer/Xcode/DerivedData/Chatlio-erkyzdeecsohoaggpwbjdvavzqfv/Build/Intermediates.noindex/swift-atomics.build/Debug-iphonesimulator/Atomics.build/Atomics.modulemap (in target 'Atomics' from project 'swift-atomics')
    cd /Users/aadityasingh/Library/Developer/Xcode/DerivedData/Chatlio-erkyzdeecsohoaggpwbjdvavzqfv/SourcePackages/checkouts/swift-atomics
    write-file /Users/aadityasingh/Library/Developer/Xcode/DerivedData/Chatlio-erkyzdeecsohoaggpwbjdvavzqfv/Build/Intermediates.noindex/swift-atomics.build/Debug-iphonesimulator/Atomics.build/Atomics.modulemap

WriteAuxiliaryFile /Users/aadityasingh/Library/Developer/Xcode/DerivedData/Chatlio-erkyzdeecsohoaggpwbjdvavzqfv/Build/Intermediates.noindex/swift-atomics.build/Debug-iphonesimulator/Atomics.build/Atomics.DependencyStaticMetadataFileList (in target 'Atomics' from project 'swift-atomics')
    cd /Users/aadityasingh/Library/Developer/Xcode/DerivedData/Chatlio-erkyzdeecsohoaggpwbjdvavzqfv/SourcePackages/checkouts/swift-atomics
    write-file /Users/aadityasingh/Library/Developer/Xcode/DerivedData/Chatlio-erkyzdeecsohoaggpwbjdvavzqfv/Build/Intermediates.noindex/swift-atomics.build/Debug-iphonesimulator/Atomics.build/Atomics.DependencyStaticMetadataFileList

WriteAuxiliaryFile /Users/aadityasingh/Library/Developer/Xcode/DerivedData/Chatlio-erkyzdeecsohoaggpwbjdvavzqfv/Build/Intermediates.noindex/swift-atomics.build/Debug-iphonesimulator/Atomics.build/Atomics.DependencyMetadataFileList (in target 'Atomics' from project 'swift-atomics')
    cd /Users/aadityasingh/Library/Developer/Xcode/DerivedData/Chatlio-erkyzdeecsohoaggpwbjdvavzqfv/SourcePackages/checkouts/swift-atomics
    write-file /Users/aadityasingh/Library/Developer/Xcode/DerivedData/Chatlio-erkyzdeecsohoaggpwbjdvavzqfv/Build/Intermediates.noindex/swift-atomics.build/Debug-iphonesimulator/Atomics.build/Atomics.DependencyMetadataFileList

WriteAuxiliaryFile /Users/aadityasingh/Library/Developer/Xcode/DerivedData/Chatlio-erkyzdeecsohoaggpwbjdvavzqfv/Build/Intermediates.noindex/swift-async-algorithms.build/Debug-iphonesimulator/AsyncAlgorithms.build/Objects-normal/x86_64/AsyncAlgorithms_const_extract_protocols.json (in target 'AsyncAlgorithms' from project 'swift-async-algorithms')
    cd /Users/aadityasingh/Library/Developer/Xcode/DerivedData/Chatlio-erkyzdeecsohoaggpwbjdvavzqfv/SourcePackages/checkouts/swift-async-algorithms
    write-file /Users/aadityasingh/Library/Developer/Xcode/DerivedData/Chatlio-erkyzdeecsohoaggpwbjdvavzqfv/Build/Intermediates.noindex/swift-async-algorithms.build/Debug-iphonesimulator/AsyncAlgorithms.build/Objects-normal/x86_64/AsyncAlgorithms_const_extract_protocols.json

WriteAuxiliaryFile /Users/aadityasingh/Library/Developer/Xcode/DerivedData/Chatlio-erkyzdeecsohoaggpwbjdvavzqfv/Build/Intermediates.noindex/swift-async-algorithms.build/Debug-iphonesimulator/AsyncAlgorithms.build/Objects-normal/x86_64/AsyncAlgorithms.LinkFileList (in target 'AsyncAlgorithms' from project 'swift-async-algorithms')
    cd /Users/aadityasingh/Library/Developer/Xcode/DerivedData/Chatlio-erkyzdeecsohoaggpwbjdvavzqfv/SourcePackages/checkouts/swift-async-algorithms
    write-file /Users/aadityasingh/Library/Developer/Xcode/DerivedData/Chatlio-erkyzdeecsohoaggpwbjdvavzqfv/Build/Intermediates.noindex/swift-async-algorithms.build/Debug-iphonesimulator/AsyncAlgorithms.build/Objects-normal/x86_64/AsyncAlgorithms.LinkFileList

WriteAuxiliaryFile /Users/aadityasingh/Library/Developer/Xcode/DerivedData/Chatlio-erkyzdeecsohoaggpwbjdvavzqfv/Build/Intermediates.noindex/swift-async-algorithms.build/Debug-iphonesimulator/AsyncAlgorithms.build/Objects-normal/x86_64/AsyncAlgorithms.SwiftConstValuesFileList (in target 'AsyncAlgorithms' from project 'swift-async-algorithms')
    cd /Users/aadityasingh/Library/Developer/Xcode/DerivedData/Chatlio-erkyzdeecsohoaggpwbjdvavzqfv/SourcePackages/checkouts/swift-async-algorithms
    write-file /Users/aadityasingh/Library/Developer/Xcode/DerivedData/Chatlio-erkyzdeecsohoaggpwbjdvavzqfv/Build/Intermediates.noindex/swift-async-algorithms.build/Debug-iphonesimulator/AsyncAlgorithms.build/Objects-normal/x86_64/AsyncAlgorithms.SwiftConstValuesFileList

WriteAuxiliaryFile /Users/aadityasingh/Library/Developer/Xcode/DerivedData/Chatlio-erkyzdeecsohoaggpwbjdvavzqfv/Build/Intermediates.noindex/swift-async-algorithms.build/Debug-iphonesimulator/AsyncAlgorithms.build/Objects-normal/x86_64/AsyncAlgorithms.SwiftFileList (in target 'AsyncAlgorithms' from project 'swift-async-algorithms')
    cd /Users/aadityasingh/Library/Developer/Xcode/DerivedData/Chatlio-erkyzdeecsohoaggpwbjdvavzqfv/SourcePackages/checkouts/swift-async-algorithms
    write-file /Users/aadityasingh/Library/Developer/Xcode/DerivedData/Chatlio-erkyzdeecsohoaggpwbjdvavzqfv/Build/Intermediates.noindex/swift-async-algorithms.build/Debug-iphonesimulator/AsyncAlgorithms.build/Objects-normal/x86_64/AsyncAlgorithms.SwiftFileList

WriteAuxiliaryFile /Users/aadityasingh/Library/Developer/Xcode/DerivedData/Chatlio-erkyzdeecsohoaggpwbjdvavzqfv/Build/Intermediates.noindex/swift-async-algorithms.build/Debug-iphonesimulator/AsyncAlgorithms.build/Objects-normal/x86_64/AsyncAlgorithms-OutputFileMap.json (in target 'AsyncAlgorithms' from project 'swift-async-algorithms')
    cd /Users/aadityasingh/Library/Developer/Xcode/DerivedData/Chatlio-erkyzdeecsohoaggpwbjdvavzqfv/SourcePackages/checkouts/swift-async-algorithms
    write-file /Users/aadityasingh/Library/Developer/Xcode/DerivedData/Chatlio-erkyzdeecsohoaggpwbjdvavzqfv/Build/Intermediates.noindex/swift-async-algorithms.build/Debug-iphonesimulator/AsyncAlgorithms.build/Objects-normal/x86_64/AsyncAlgorithms-OutputFileMap.json

WriteAuxiliaryFile /Users/aadityasingh/Library/Developer/Xcode/DerivedData/Chatlio-erkyzdeecsohoaggpwbjdvavzqfv/Build/Intermediates.noindex/swift-async-algorithms.build/Debug-iphonesimulator/AsyncAlgorithms.build/Objects-normal/arm64/AsyncAlgorithms.SwiftFileList (in target 'AsyncAlgorithms' from project 'swift-async-algorithms')
    cd /Users/aadityasingh/Library/Developer/Xcode/DerivedData/Chatlio-erkyzdeecsohoaggpwbjdvavzqfv/SourcePackages/checkouts/swift-async-algorithms
    write-file /Users/aadityasingh/Library/Developer/Xcode/DerivedData/Chatlio-erkyzdeecsohoaggpwbjdvavzqfv/Build/Intermediates.noindex/swift-async-algorithms.build/Debug-iphonesimulator/AsyncAlgorithms.build/Objects-normal/arm64/AsyncAlgorithms.SwiftFileList

WriteAuxiliaryFile /Users/aadityasingh/Library/Developer/Xcode/DerivedData/Chatlio-erkyzdeecsohoaggpwbjdvavzqfv/Build/Intermediates.noindex/swift-async-algorithms.build/Debug-iphonesimulator/AsyncAlgorithms.build/Objects-normal/arm64/AsyncAlgorithms_const_extract_protocols.json (in target 'AsyncAlgorithms' from project 'swift-async-algorithms')
    cd /Users/aadityasingh/Library/Developer/Xcode/DerivedData/Chatlio-erkyzdeecsohoaggpwbjdvavzqfv/SourcePackages/checkouts/swift-async-algorithms
    write-file /Users/aadityasingh/Library/Developer/Xcode/DerivedData/Chatlio-erkyzdeecsohoaggpwbjdvavzqfv/Build/Intermediates.noindex/swift-async-algorithms.build/Debug-iphonesimulator/AsyncAlgorithms.build/Objects-normal/arm64/AsyncAlgorithms_const_extract_protocols.json

WriteAuxiliaryFile /Users/aadityasingh/Library/Developer/Xcode/DerivedData/Chatlio-erkyzdeecsohoaggpwbjdvavzqfv/Build/Intermediates.noindex/swift-async-algorithms.build/Debug-iphonesimulator/AsyncAlgorithms.build/Objects-normal/arm64/AsyncAlgorithms.SwiftConstValuesFileList (in target 'AsyncAlgorithms' from project 'swift-async-algorithms')
    cd /Users/aadityasingh/Library/Developer/Xcode/DerivedData/Chatlio-erkyzdeecsohoaggpwbjdvavzqfv/SourcePackages/checkouts/swift-async-algorithms
    write-file /Users/aadityasingh/Library/Developer/Xcode/DerivedData/Chatlio-erkyzdeecsohoaggpwbjdvavzqfv/Build/Intermediates.noindex/swift-async-algorithms.build/Debug-iphonesimulator/AsyncAlgorithms.build/Objects-normal/arm64/AsyncAlgorithms.SwiftConstValuesFileList

Copy /Users/aadityasingh/Library/Developer/Xcode/DerivedData/Chatlio-erkyzdeecsohoaggpwbjdvavzqfv/Build/Intermediates.noindex/GeneratedModuleMaps-iphonesimulator/Atomics.modulemap /Users/aadityasingh/Library/Developer/Xcode/DerivedData/Chatlio-erkyzdeecsohoaggpwbjdvavzqfv/Build/Intermediates.noindex/swift-atomics.build/Debug-iphonesimulator/Atomics.build/Atomics.modulemap (in target 'Atomics' from project 'swift-atomics')
    cd /Users/aadityasingh/Library/Developer/Xcode/DerivedData/Chatlio-erkyzdeecsohoaggpwbjdvavzqfv/SourcePackages/checkouts/swift-atomics
    builtin-copy -exclude .DS_Store -exclude CVS -exclude .svn -exclude .git -exclude .hg -resolve-src-symlinks /Users/aadityasingh/Library/Developer/Xcode/DerivedData/Chatlio-erkyzdeecsohoaggpwbjdvavzqfv/Build/Intermediates.noindex/swift-atomics.build/Debug-iphonesimulator/Atomics.build/Atomics.modulemap /Users/aadityasingh/Library/Developer/Xcode/DerivedData/Chatlio-erkyzdeecsohoaggpwbjdvavzqfv/Build/Intermediates.noindex/GeneratedModuleMaps-iphonesimulator

WriteAuxiliaryFile /Users/aadityasingh/Library/Developer/Xcode/DerivedData/Chatlio-erkyzdeecsohoaggpwbjdvavzqfv/Build/Intermediates.noindex/swift-async-algorithms.build/Debug-iphonesimulator/AsyncAlgorithms.build/Objects-normal/arm64/AsyncAlgorithms.LinkFileList (in target 'AsyncAlgorithms' from project 'swift-async-algorithms')
    cd /Users/aadityasingh/Library/Developer/Xcode/DerivedData/Chatlio-erkyzdeecsohoaggpwbjdvavzqfv/SourcePackages/checkouts/swift-async-algorithms
    write-file /Users/aadityasingh/Library/Developer/Xcode/DerivedData/Chatlio-erkyzdeecsohoaggpwbjdvavzqfv/Build/Intermediates.noindex/swift-async-algorithms.build/Debug-iphonesimulator/AsyncAlgorithms.build/Objects-normal/arm64/AsyncAlgorithms.LinkFileList

WriteAuxiliaryFile /Users/aadityasingh/Library/Developer/Xcode/DerivedData/Chatlio-erkyzdeecsohoaggpwbjdvavzqfv/Build/Intermediates.noindex/swift-async-algorithms.build/Debug-iphonesimulator/AsyncAlgorithms.build/Objects-normal/arm64/AsyncAlgorithms-OutputFileMap.json (in target 'AsyncAlgorithms' from project 'swift-async-algorithms')
    cd /Users/aadityasingh/Library/Developer/Xcode/DerivedData/Chatlio-erkyzdeecsohoaggpwbjdvavzqfv/SourcePackages/checkouts/swift-async-algorithms
    write-file /Users/aadityasingh/Library/Developer/Xcode/DerivedData/Chatlio-erkyzdeecsohoaggpwbjdvavzqfv/Build/Intermediates.noindex/swift-async-algorithms.build/Debug-iphonesimulator/AsyncAlgorithms.build/Objects-normal/arm64/AsyncAlgorithms-OutputFileMap.json

WriteAuxiliaryFile /Users/aadityasingh/Library/Developer/Xcode/DerivedData/Chatlio-erkyzdeecsohoaggpwbjdvavzqfv/Build/Intermediates.noindex/swift-async-algorithms.build/Debug-iphonesimulator/AsyncAlgorithms.build/AsyncAlgorithms.modulemap (in target 'AsyncAlgorithms' from project 'swift-async-algorithms')
    cd /Users/aadityasingh/Library/Developer/Xcode/DerivedData/Chatlio-erkyzdeecsohoaggpwbjdvavzqfv/SourcePackages/checkouts/swift-async-algorithms
    write-file /Users/aadityasingh/Library/Developer/Xcode/DerivedData/Chatlio-erkyzdeecsohoaggpwbjdvavzqfv/Build/Intermediates.noindex/swift-async-algorithms.build/Debug-iphonesimulator/AsyncAlgorithms.build/AsyncAlgorithms.modulemap

WriteAuxiliaryFile /Users/aadityasingh/Library/Developer/Xcode/DerivedData/Chatlio-erkyzdeecsohoaggpwbjdvavzqfv/Build/Intermediates.noindex/swift-async-algorithms.build/Debug-iphonesimulator/AsyncAlgorithms.build/AsyncAlgorithms.DependencyStaticMetadataFileList (in target 'AsyncAlgorithms' from project 'swift-async-algorithms')
    cd /Users/aadityasingh/Library/Developer/Xcode/DerivedData/Chatlio-erkyzdeecsohoaggpwbjdvavzqfv/SourcePackages/checkouts/swift-async-algorithms
    write-file /Users/aadityasingh/Library/Developer/Xcode/DerivedData/Chatlio-erkyzdeecsohoaggpwbjdvavzqfv/Build/Intermediates.noindex/swift-async-algorithms.build/Debug-iphonesimulator/AsyncAlgorithms.build/AsyncAlgorithms.DependencyStaticMetadataFileList

WriteAuxiliaryFile /Users/aadityasingh/Library/Developer/Xcode/DerivedData/Chatlio-erkyzdeecsohoaggpwbjdvavzqfv/Build/Intermediates.noindex/swift-async-algorithms.build/Debug-iphonesimulator/AsyncAlgorithms.build/AsyncAlgorithms.DependencyMetadataFileList (in target 'AsyncAlgorithms' from project 'swift-async-algorithms')
    cd /Users/aadityasingh/Library/Developer/Xcode/DerivedData/Chatlio-erkyzdeecsohoaggpwbjdvavzqfv/SourcePackages/checkouts/swift-async-algorithms
    write-file /Users/aadityasingh/Library/Developer/Xcode/DerivedData/Chatlio-erkyzdeecsohoaggpwbjdvavzqfv/Build/Intermediates.noindex/swift-async-algorithms.build/Debug-iphonesimulator/AsyncAlgorithms.build/AsyncAlgorithms.DependencyMetadataFileList

WriteAuxiliaryFile /Users/aadityasingh/Library/Developer/Xcode/DerivedData/Chatlio-erkyzdeecsohoaggpwbjdvavzqfv/Build/Intermediates.noindex/AnalyticsEvents.build/Debug-iphonesimulator/AnalyticsEvents.build/Objects-normal/x86_64/AnalyticsEvents_const_extract_protocols.json (in target 'AnalyticsEvents' from project 'AnalyticsEvents')
    cd /Users/aadityasingh/Library/Developer/Xcode/DerivedData/Chatlio-erkyzdeecsohoaggpwbjdvavzqfv/SourcePackages/checkouts/matrix-analytics-events
    write-file /Users/aadityasingh/Library/Developer/Xcode/DerivedData/Chatlio-erkyzdeecsohoaggpwbjdvavzqfv/Build/Intermediates.noindex/AnalyticsEvents.build/Debug-iphonesimulator/AnalyticsEvents.build/Objects-normal/x86_64/AnalyticsEvents_const_extract_protocols.json

WriteAuxiliaryFile /Users/aadityasingh/Library/Developer/Xcode/DerivedData/Chatlio-erkyzdeecsohoaggpwbjdvavzqfv/Build/Intermediates.noindex/AnalyticsEvents.build/Debug-iphonesimulator/AnalyticsEvents.build/Objects-normal/x86_64/AnalyticsEvents.SwiftConstValuesFileList (in target 'AnalyticsEvents' from project 'AnalyticsEvents')
    cd /Users/aadityasingh/Library/Developer/Xcode/DerivedData/Chatlio-erkyzdeecsohoaggpwbjdvavzqfv/SourcePackages/checkouts/matrix-analytics-events
    write-file /Users/aadityasingh/Library/Developer/Xcode/DerivedData/Chatlio-erkyzdeecsohoaggpwbjdvavzqfv/Build/Intermediates.noindex/AnalyticsEvents.build/Debug-iphonesimulator/AnalyticsEvents.build/Objects-normal/x86_64/AnalyticsEvents.SwiftConstValuesFileList

WriteAuxiliaryFile /Users/aadityasingh/Library/Developer/Xcode/DerivedData/Chatlio-erkyzdeecsohoaggpwbjdvavzqfv/Build/Intermediates.noindex/AnalyticsEvents.build/Debug-iphonesimulator/AnalyticsEvents.build/Objects-normal/x86_64/AnalyticsEvents.SwiftFileList (in target 'AnalyticsEvents' from project 'AnalyticsEvents')
    cd /Users/aadityasingh/Library/Developer/Xcode/DerivedData/Chatlio-erkyzdeecsohoaggpwbjdvavzqfv/SourcePackages/checkouts/matrix-analytics-events
    write-file /Users/aadityasingh/Library/Developer/Xcode/DerivedData/Chatlio-erkyzdeecsohoaggpwbjdvavzqfv/Build/Intermediates.noindex/AnalyticsEvents.build/Debug-iphonesimulator/AnalyticsEvents.build/Objects-normal/x86_64/AnalyticsEvents.SwiftFileList

WriteAuxiliaryFile /Users/aadityasingh/Library/Developer/Xcode/DerivedData/Chatlio-erkyzdeecsohoaggpwbjdvavzqfv/Build/Intermediates.noindex/AnalyticsEvents.build/Debug-iphonesimulator/AnalyticsEvents.build/Objects-normal/x86_64/AnalyticsEvents.LinkFileList (in target 'AnalyticsEvents' from project 'AnalyticsEvents')
    cd /Users/aadityasingh/Library/Developer/Xcode/DerivedData/Chatlio-erkyzdeecsohoaggpwbjdvavzqfv/SourcePackages/checkouts/matrix-analytics-events
    write-file /Users/aadityasingh/Library/Developer/Xcode/DerivedData/Chatlio-erkyzdeecsohoaggpwbjdvavzqfv/Build/Intermediates.noindex/AnalyticsEvents.build/Debug-iphonesimulator/AnalyticsEvents.build/Objects-normal/x86_64/AnalyticsEvents.LinkFileList

WriteAuxiliaryFile /Users/aadityasingh/Library/Developer/Xcode/DerivedData/Chatlio-erkyzdeecsohoaggpwbjdvavzqfv/Build/Intermediates.noindex/AnalyticsEvents.build/Debug-iphonesimulator/AnalyticsEvents.build/Objects-normal/x86_64/AnalyticsEvents-OutputFileMap.json (in target 'AnalyticsEvents' from project 'AnalyticsEvents')
    cd /Users/aadityasingh/Library/Developer/Xcode/DerivedData/Chatlio-erkyzdeecsohoaggpwbjdvavzqfv/SourcePackages/checkouts/matrix-analytics-events
    write-file /Users/aadityasingh/Library/Developer/Xcode/DerivedData/Chatlio-erkyzdeecsohoaggpwbjdvavzqfv/Build/Intermediates.noindex/AnalyticsEvents.build/Debug-iphonesimulator/AnalyticsEvents.build/Objects-normal/x86_64/AnalyticsEvents-OutputFileMap.json

WriteAuxiliaryFile /Users/aadityasingh/Library/Developer/Xcode/DerivedData/Chatlio-erkyzdeecsohoaggpwbjdvavzqfv/Build/Intermediates.noindex/AnalyticsEvents.build/Debug-iphonesimulator/AnalyticsEvents.build/Objects-normal/arm64/AnalyticsEvents_const_extract_protocols.json (in target 'AnalyticsEvents' from project 'AnalyticsEvents')
    cd /Users/aadityasingh/Library/Developer/Xcode/DerivedData/Chatlio-erkyzdeecsohoaggpwbjdvavzqfv/SourcePackages/checkouts/matrix-analytics-events
    write-file /Users/aadityasingh/Library/Developer/Xcode/DerivedData/Chatlio-erkyzdeecsohoaggpwbjdvavzqfv/Build/Intermediates.noindex/AnalyticsEvents.build/Debug-iphonesimulator/AnalyticsEvents.build/Objects-normal/arm64/AnalyticsEvents_const_extract_protocols.json

WriteAuxiliaryFile /Users/aadityasingh/Library/Developer/Xcode/DerivedData/Chatlio-erkyzdeecsohoaggpwbjdvavzqfv/Build/Intermediates.noindex/AnalyticsEvents.build/Debug-iphonesimulator/AnalyticsEvents.build/Objects-normal/arm64/AnalyticsEvents.SwiftFileList (in target 'AnalyticsEvents' from project 'AnalyticsEvents')
    cd /Users/aadityasingh/Library/Developer/Xcode/DerivedData/Chatlio-erkyzdeecsohoaggpwbjdvavzqfv/SourcePackages/checkouts/matrix-analytics-events
    write-file /Users/aadityasingh/Library/Developer/Xcode/DerivedData/Chatlio-erkyzdeecsohoaggpwbjdvavzqfv/Build/Intermediates.noindex/AnalyticsEvents.build/Debug-iphonesimulator/AnalyticsEvents.build/Objects-normal/arm64/AnalyticsEvents.SwiftFileList

WriteAuxiliaryFile /Users/aadityasingh/Library/Developer/Xcode/DerivedData/Chatlio-erkyzdeecsohoaggpwbjdvavzqfv/Build/Intermediates.noindex/AnalyticsEvents.build/Debug-iphonesimulator/AnalyticsEvents.build/Objects-normal/arm64/AnalyticsEvents.SwiftConstValuesFileList (in target 'AnalyticsEvents' from project 'AnalyticsEvents')
    cd /Users/aadityasingh/Library/Developer/Xcode/DerivedData/Chatlio-erkyzdeecsohoaggpwbjdvavzqfv/SourcePackages/checkouts/matrix-analytics-events
    write-file /Users/aadityasingh/Library/Developer/Xcode/DerivedData/Chatlio-erkyzdeecsohoaggpwbjdvavzqfv/Build/Intermediates.noindex/AnalyticsEvents.build/Debug-iphonesimulator/AnalyticsEvents.build/Objects-normal/arm64/AnalyticsEvents.SwiftConstValuesFileList

WriteAuxiliaryFile /Users/aadityasingh/Library/Developer/Xcode/DerivedData/Chatlio-erkyzdeecsohoaggpwbjdvavzqfv/Build/Intermediates.noindex/AnalyticsEvents.build/Debug-iphonesimulator/AnalyticsEvents.build/Objects-normal/arm64/AnalyticsEvents.LinkFileList (in target 'AnalyticsEvents' from project 'AnalyticsEvents')
    cd /Users/aadityasingh/Library/Developer/Xcode/DerivedData/Chatlio-erkyzdeecsohoaggpwbjdvavzqfv/SourcePackages/checkouts/matrix-analytics-events
    write-file /Users/aadityasingh/Library/Developer/Xcode/DerivedData/Chatlio-erkyzdeecsohoaggpwbjdvavzqfv/Build/Intermediates.noindex/AnalyticsEvents.build/Debug-iphonesimulator/AnalyticsEvents.build/Objects-normal/arm64/AnalyticsEvents.LinkFileList

WriteAuxiliaryFile /Users/aadityasingh/Library/Developer/Xcode/DerivedData/Chatlio-erkyzdeecsohoaggpwbjdvavzqfv/Build/Intermediates.noindex/AnalyticsEvents.build/Debug-iphonesimulator/AnalyticsEvents.build/Objects-normal/arm64/AnalyticsEvents-OutputFileMap.json (in target 'AnalyticsEvents' from project 'AnalyticsEvents')
    cd /Users/aadityasingh/Library/Developer/Xcode/DerivedData/Chatlio-erkyzdeecsohoaggpwbjdvavzqfv/SourcePackages/checkouts/matrix-analytics-events
    write-file /Users/aadityasingh/Library/Developer/Xcode/DerivedData/Chatlio-erkyzdeecsohoaggpwbjdvavzqfv/Build/Intermediates.noindex/AnalyticsEvents.build/Debug-iphonesimulator/AnalyticsEvents.build/Objects-normal/arm64/AnalyticsEvents-OutputFileMap.json

Copy /Users/aadityasingh/Library/Developer/Xcode/DerivedData/Chatlio-erkyzdeecsohoaggpwbjdvavzqfv/Build/Intermediates.noindex/GeneratedModuleMaps-iphonesimulator/AsyncAlgorithms.modulemap /Users/aadityasingh/Library/Developer/Xcode/DerivedData/Chatlio-erkyzdeecsohoaggpwbjdvavzqfv/Build/Intermediates.noindex/swift-async-algorithms.build/Debug-iphonesimulator/AsyncAlgorithms.build/AsyncAlgorithms.modulemap (in target 'AsyncAlgorithms' from project 'swift-async-algorithms')
    cd /Users/aadityasingh/Library/Developer/Xcode/DerivedData/Chatlio-erkyzdeecsohoaggpwbjdvavzqfv/SourcePackages/checkouts/swift-async-algorithms
    builtin-copy -exclude .DS_Store -exclude CVS -exclude .svn -exclude .git -exclude .hg -resolve-src-symlinks /Users/aadityasingh/Library/Developer/Xcode/DerivedData/Chatlio-erkyzdeecsohoaggpwbjdvavzqfv/Build/Intermediates.noindex/swift-async-algorithms.build/Debug-iphonesimulator/AsyncAlgorithms.build/AsyncAlgorithms.modulemap /Users/aadityasingh/Library/Developer/Xcode/DerivedData/Chatlio-erkyzdeecsohoaggpwbjdvavzqfv/Build/Intermediates.noindex/GeneratedModuleMaps-iphonesimulator

WriteAuxiliaryFile /Users/aadityasingh/Library/Developer/Xcode/DerivedData/Chatlio-erkyzdeecsohoaggpwbjdvavzqfv/Build/Intermediates.noindex/AnalyticsEvents.build/Debug-iphonesimulator/AnalyticsEvents.build/AnalyticsEvents.modulemap (in target 'AnalyticsEvents' from project 'AnalyticsEvents')
    cd /Users/aadityasingh/Library/Developer/Xcode/DerivedData/Chatlio-erkyzdeecsohoaggpwbjdvavzqfv/SourcePackages/checkouts/matrix-analytics-events
    write-file /Users/aadityasingh/Library/Developer/Xcode/DerivedData/Chatlio-erkyzdeecsohoaggpwbjdvavzqfv/Build/Intermediates.noindex/AnalyticsEvents.build/Debug-iphonesimulator/AnalyticsEvents.build/AnalyticsEvents.modulemap

WriteAuxiliaryFile /Users/aadityasingh/Library/Developer/Xcode/DerivedData/Chatlio-erkyzdeecsohoaggpwbjdvavzqfv/Build/Intermediates.noindex/AnalyticsEvents.build/Debug-iphonesimulator/AnalyticsEvents.build/AnalyticsEvents.DependencyStaticMetadataFileList (in target 'AnalyticsEvents' from project 'AnalyticsEvents')
    cd /Users/aadityasingh/Library/Developer/Xcode/DerivedData/Chatlio-erkyzdeecsohoaggpwbjdvavzqfv/SourcePackages/checkouts/matrix-analytics-events
    write-file /Users/aadityasingh/Library/Developer/Xcode/DerivedData/Chatlio-erkyzdeecsohoaggpwbjdvavzqfv/Build/Intermediates.noindex/AnalyticsEvents.build/Debug-iphonesimulator/AnalyticsEvents.build/AnalyticsEvents.DependencyStaticMetadataFileList

WriteAuxiliaryFile /Users/aadityasingh/Library/Developer/Xcode/DerivedData/Chatlio-erkyzdeecsohoaggpwbjdvavzqfv/Build/Intermediates.noindex/AnalyticsEvents.build/Debug-iphonesimulator/AnalyticsEvents.build/AnalyticsEvents.DependencyMetadataFileList (in target 'AnalyticsEvents' from project 'AnalyticsEvents')
    cd /Users/aadityasingh/Library/Developer/Xcode/DerivedData/Chatlio-erkyzdeecsohoaggpwbjdvavzqfv/SourcePackages/checkouts/matrix-analytics-events
    write-file /Users/aadityasingh/Library/Developer/Xcode/DerivedData/Chatlio-erkyzdeecsohoaggpwbjdvavzqfv/Build/Intermediates.noindex/AnalyticsEvents.build/Debug-iphonesimulator/AnalyticsEvents.build/AnalyticsEvents.DependencyMetadataFileList

WriteAuxiliaryFile /Users/aadityasingh/Library/Developer/Xcode/DerivedData/Chatlio-erkyzdeecsohoaggpwbjdvavzqfv/Build/Intermediates.noindex/swift-algorithms.build/Debug-iphonesimulator/Algorithms.build/Objects-normal/x86_64/Algorithms.SwiftFileList (in target 'Algorithms' from project 'swift-algorithms')
    cd /Users/aadityasingh/Library/Developer/Xcode/DerivedData/Chatlio-erkyzdeecsohoaggpwbjdvavzqfv/SourcePackages/checkouts/swift-algorithms
    write-file /Users/aadityasingh/Library/Developer/Xcode/DerivedData/Chatlio-erkyzdeecsohoaggpwbjdvavzqfv/Build/Intermediates.noindex/swift-algorithms.build/Debug-iphonesimulator/Algorithms.build/Objects-normal/x86_64/Algorithms.SwiftFileList

WriteAuxiliaryFile /Users/aadityasingh/Library/Developer/Xcode/DerivedData/Chatlio-erkyzdeecsohoaggpwbjdvavzqfv/Build/Intermediates.noindex/swift-algorithms.build/Debug-iphonesimulator/Algorithms.build/Objects-normal/x86_64/Algorithms.SwiftConstValuesFileList (in target 'Algorithms' from project 'swift-algorithms')
    cd /Users/aadityasingh/Library/Developer/Xcode/DerivedData/Chatlio-erkyzdeecsohoaggpwbjdvavzqfv/SourcePackages/checkouts/swift-algorithms
    write-file /Users/aadityasingh/Library/Developer/Xcode/DerivedData/Chatlio-erkyzdeecsohoaggpwbjdvavzqfv/Build/Intermediates.noindex/swift-algorithms.build/Debug-iphonesimulator/Algorithms.build/Objects-normal/x86_64/Algorithms.SwiftConstValuesFileList

WriteAuxiliaryFile /Users/aadityasingh/Library/Developer/Xcode/DerivedData/Chatlio-erkyzdeecsohoaggpwbjdvavzqfv/Build/Intermediates.noindex/swift-algorithms.build/Debug-iphonesimulator/Algorithms.build/Objects-normal/x86_64/Algorithms_const_extract_protocols.json (in target 'Algorithms' from project 'swift-algorithms')
    cd /Users/aadityasingh/Library/Developer/Xcode/DerivedData/Chatlio-erkyzdeecsohoaggpwbjdvavzqfv/SourcePackages/checkouts/swift-algorithms
    write-file /Users/aadityasingh/Library/Developer/Xcode/DerivedData/Chatlio-erkyzdeecsohoaggpwbjdvavzqfv/Build/Intermediates.noindex/swift-algorithms.build/Debug-iphonesimulator/Algorithms.build/Objects-normal/x86_64/Algorithms_const_extract_protocols.json

WriteAuxiliaryFile /Users/aadityasingh/Library/Developer/Xcode/DerivedData/Chatlio-erkyzdeecsohoaggpwbjdvavzqfv/Build/Intermediates.noindex/swift-algorithms.build/Debug-iphonesimulator/Algorithms.build/Objects-normal/x86_64/Algorithms.LinkFileList (in target 'Algorithms' from project 'swift-algorithms')
    cd /Users/aadityasingh/Library/Developer/Xcode/DerivedData/Chatlio-erkyzdeecsohoaggpwbjdvavzqfv/SourcePackages/checkouts/swift-algorithms
    write-file /Users/aadityasingh/Library/Developer/Xcode/DerivedData/Chatlio-erkyzdeecsohoaggpwbjdvavzqfv/Build/Intermediates.noindex/swift-algorithms.build/Debug-iphonesimulator/Algorithms.build/Objects-normal/x86_64/Algorithms.LinkFileList

WriteAuxiliaryFile /Users/aadityasingh/Library/Developer/Xcode/DerivedData/Chatlio-erkyzdeecsohoaggpwbjdvavzqfv/Build/Intermediates.noindex/swift-algorithms.build/Debug-iphonesimulator/Algorithms.build/Objects-normal/x86_64/Algorithms-OutputFileMap.json (in target 'Algorithms' from project 'swift-algorithms')
    cd /Users/aadityasingh/Library/Developer/Xcode/DerivedData/Chatlio-erkyzdeecsohoaggpwbjdvavzqfv/SourcePackages/checkouts/swift-algorithms
    write-file /Users/aadityasingh/Library/Developer/Xcode/DerivedData/Chatlio-erkyzdeecsohoaggpwbjdvavzqfv/Build/Intermediates.noindex/swift-algorithms.build/Debug-iphonesimulator/Algorithms.build/Objects-normal/x86_64/Algorithms-OutputFileMap.json

WriteAuxiliaryFile /Users/aadityasingh/Library/Developer/Xcode/DerivedData/Chatlio-erkyzdeecsohoaggpwbjdvavzqfv/Build/Intermediates.noindex/swift-algorithms.build/Debug-iphonesimulator/Algorithms.build/Objects-normal/arm64/Algorithms.SwiftFileList (in target 'Algorithms' from project 'swift-algorithms')
    cd /Users/aadityasingh/Library/Developer/Xcode/DerivedData/Chatlio-erkyzdeecsohoaggpwbjdvavzqfv/SourcePackages/checkouts/swift-algorithms
    write-file /Users/aadityasingh/Library/Developer/Xcode/DerivedData/Chatlio-erkyzdeecsohoaggpwbjdvavzqfv/Build/Intermediates.noindex/swift-algorithms.build/Debug-iphonesimulator/Algorithms.build/Objects-normal/arm64/Algorithms.SwiftFileList

WriteAuxiliaryFile /Users/aadityasingh/Library/Developer/Xcode/DerivedData/Chatlio-erkyzdeecsohoaggpwbjdvavzqfv/Build/Intermediates.noindex/swift-algorithms.build/Debug-iphonesimulator/Algorithms.build/Objects-normal/arm64/Algorithms_const_extract_protocols.json (in target 'Algorithms' from project 'swift-algorithms')
    cd /Users/aadityasingh/Library/Developer/Xcode/DerivedData/Chatlio-erkyzdeecsohoaggpwbjdvavzqfv/SourcePackages/checkouts/swift-algorithms
    write-file /Users/aadityasingh/Library/Developer/Xcode/DerivedData/Chatlio-erkyzdeecsohoaggpwbjdvavzqfv/Build/Intermediates.noindex/swift-algorithms.build/Debug-iphonesimulator/Algorithms.build/Objects-normal/arm64/Algorithms_const_extract_protocols.json

WriteAuxiliaryFile /Users/aadityasingh/Library/Developer/Xcode/DerivedData/Chatlio-erkyzdeecsohoaggpwbjdvavzqfv/Build/Intermediates.noindex/swift-algorithms.build/Debug-iphonesimulator/Algorithms.build/Objects-normal/arm64/Algorithms.SwiftConstValuesFileList (in target 'Algorithms' from project 'swift-algorithms')
    cd /Users/aadityasingh/Library/Developer/Xcode/DerivedData/Chatlio-erkyzdeecsohoaggpwbjdvavzqfv/SourcePackages/checkouts/swift-algorithms
    write-file /Users/aadityasingh/Library/Developer/Xcode/DerivedData/Chatlio-erkyzdeecsohoaggpwbjdvavzqfv/Build/Intermediates.noindex/swift-algorithms.build/Debug-iphonesimulator/Algorithms.build/Objects-normal/arm64/Algorithms.SwiftConstValuesFileList

WriteAuxiliaryFile /Users/aadityasingh/Library/Developer/Xcode/DerivedData/Chatlio-erkyzdeecsohoaggpwbjdvavzqfv/Build/Intermediates.noindex/swift-algorithms.build/Debug-iphonesimulator/Algorithms.build/Objects-normal/arm64/Algorithms.LinkFileList (in target 'Algorithms' from project 'swift-algorithms')
    cd /Users/aadityasingh/Library/Developer/Xcode/DerivedData/Chatlio-erkyzdeecsohoaggpwbjdvavzqfv/SourcePackages/checkouts/swift-algorithms
    write-file /Users/aadityasingh/Library/Developer/Xcode/DerivedData/Chatlio-erkyzdeecsohoaggpwbjdvavzqfv/Build/Intermediates.noindex/swift-algorithms.build/Debug-iphonesimulator/Algorithms.build/Objects-normal/arm64/Algorithms.LinkFileList

WriteAuxiliaryFile /Users/aadityasingh/Library/Developer/Xcode/DerivedData/Chatlio-erkyzdeecsohoaggpwbjdvavzqfv/Build/Intermediates.noindex/swift-algorithms.build/Debug-iphonesimulator/Algorithms.build/Objects-normal/arm64/Algorithms-OutputFileMap.json (in target 'Algorithms' from project 'swift-algorithms')
    cd /Users/aadityasingh/Library/Developer/Xcode/DerivedData/Chatlio-erkyzdeecsohoaggpwbjdvavzqfv/SourcePackages/checkouts/swift-algorithms
    write-file /Users/aadityasingh/Library/Developer/Xcode/DerivedData/Chatlio-erkyzdeecsohoaggpwbjdvavzqfv/Build/Intermediates.noindex/swift-algorithms.build/Debug-iphonesimulator/Algorithms.build/Objects-normal/arm64/Algorithms-OutputFileMap.json

Copy /Users/aadityasingh/Library/Developer/Xcode/DerivedData/Chatlio-erkyzdeecsohoaggpwbjdvavzqfv/Build/Intermediates.noindex/GeneratedModuleMaps-iphonesimulator/AnalyticsEvents.modulemap /Users/aadityasingh/Library/Developer/Xcode/DerivedData/Chatlio-erkyzdeecsohoaggpwbjdvavzqfv/Build/Intermediates.noindex/AnalyticsEvents.build/Debug-iphonesimulator/AnalyticsEvents.build/AnalyticsEvents.modulemap (in target 'AnalyticsEvents' from project 'AnalyticsEvents')
    cd /Users/aadityasingh/Library/Developer/Xcode/DerivedData/Chatlio-erkyzdeecsohoaggpwbjdvavzqfv/SourcePackages/checkouts/matrix-analytics-events
    builtin-copy -exclude .DS_Store -exclude CVS -exclude .svn -exclude .git -exclude .hg -resolve-src-symlinks /Users/aadityasingh/Library/Developer/Xcode/DerivedData/Chatlio-erkyzdeecsohoaggpwbjdvavzqfv/Build/Intermediates.noindex/AnalyticsEvents.build/Debug-iphonesimulator/AnalyticsEvents.build/AnalyticsEvents.modulemap /Users/aadityasingh/Library/Developer/Xcode/DerivedData/Chatlio-erkyzdeecsohoaggpwbjdvavzqfv/Build/Intermediates.noindex/GeneratedModuleMaps-iphonesimulator

WriteAuxiliaryFile /Users/aadityasingh/Library/Developer/Xcode/DerivedData/Chatlio-erkyzdeecsohoaggpwbjdvavzqfv/Build/Intermediates.noindex/swift-algorithms.build/Debug-iphonesimulator/Algorithms.build/Algorithms.modulemap (in target 'Algorithms' from project 'swift-algorithms')
    cd /Users/aadityasingh/Library/Developer/Xcode/DerivedData/Chatlio-erkyzdeecsohoaggpwbjdvavzqfv/SourcePackages/checkouts/swift-algorithms
    write-file /Users/aadityasingh/Library/Developer/Xcode/DerivedData/Chatlio-erkyzdeecsohoaggpwbjdvavzqfv/Build/Intermediates.noindex/swift-algorithms.build/Debug-iphonesimulator/Algorithms.build/Algorithms.modulemap

WriteAuxiliaryFile /Users/aadityasingh/Library/Developer/Xcode/DerivedData/Chatlio-erkyzdeecsohoaggpwbjdvavzqfv/Build/Intermediates.noindex/swift-algorithms.build/Debug-iphonesimulator/Algorithms.build/Algorithms.DependencyStaticMetadataFileList (in target 'Algorithms' from project 'swift-algorithms')
    cd /Users/aadityasingh/Library/Developer/Xcode/DerivedData/Chatlio-erkyzdeecsohoaggpwbjdvavzqfv/SourcePackages/checkouts/swift-algorithms
    write-file /Users/aadityasingh/Library/Developer/Xcode/DerivedData/Chatlio-erkyzdeecsohoaggpwbjdvavzqfv/Build/Intermediates.noindex/swift-algorithms.build/Debug-iphonesimulator/Algorithms.build/Algorithms.DependencyStaticMetadataFileList

WriteAuxiliaryFile /Users/aadityasingh/Library/Developer/Xcode/DerivedData/Chatlio-erkyzdeecsohoaggpwbjdvavzqfv/Build/Intermediates.noindex/swift-algorithms.build/Debug-iphonesimulator/Algorithms.build/Algorithms.DependencyMetadataFileList (in target 'Algorithms' from project 'swift-algorithms')
    cd /Users/aadityasingh/Library/Developer/Xcode/DerivedData/Chatlio-erkyzdeecsohoaggpwbjdvavzqfv/SourcePackages/checkouts/swift-algorithms
    write-file /Users/aadityasingh/Library/Developer/Xcode/DerivedData/Chatlio-erkyzdeecsohoaggpwbjdvavzqfv/Build/Intermediates.noindex/swift-algorithms.build/Debug-iphonesimulator/Algorithms.build/Algorithms.DependencyMetadataFileList

Copy /Users/aadityasingh/Library/Developer/Xcode/DerivedData/Chatlio-erkyzdeecsohoaggpwbjdvavzqfv/Build/Intermediates.noindex/GeneratedModuleMaps-iphonesimulator/Algorithms.modulemap /Users/aadityasingh/Library/Developer/Xcode/DerivedData/Chatlio-erkyzdeecsohoaggpwbjdvavzqfv/Build/Intermediates.noindex/swift-algorithms.build/Debug-iphonesimulator/Algorithms.build/Algorithms.modulemap (in target 'Algorithms' from project 'swift-algorithms')
    cd /Users/aadityasingh/Library/Developer/Xcode/DerivedData/Chatlio-erkyzdeecsohoaggpwbjdvavzqfv/SourcePackages/checkouts/swift-algorithms
    builtin-copy -exclude .DS_Store -exclude CVS -exclude .svn -exclude .git -exclude .hg -resolve-src-symlinks /Users/aadityasingh/Library/Developer/Xcode/DerivedData/Chatlio-erkyzdeecsohoaggpwbjdvavzqfv/Build/Intermediates.noindex/swift-algorithms.build/Debug-iphonesimulator/Algorithms.build/Algorithms.modulemap /Users/aadityasingh/Library/Developer/Xcode/DerivedData/Chatlio-erkyzdeecsohoaggpwbjdvavzqfv/Build/Intermediates.noindex/GeneratedModuleMaps-iphonesimulator

MkDir /Users/aadityasingh/Library/Developer/Xcode/DerivedData/Chatlio-erkyzdeecsohoaggpwbjdvavzqfv/Build/Products/Debug-iphonesimulator/ShareExtension.appex (in target 'ShareExtension' from project 'Chatlio')
    cd /Users/aadityasingh/Documents/Development/element-x-ios
    /bin/mkdir -p /Users/aadityasingh/Library/Developer/Xcode/DerivedData/Chatlio-erkyzdeecsohoaggpwbjdvavzqfv/Build/Products/Debug-iphonesimulator/ShareExtension.appex

MkDir /Users/aadityasingh/Library/Developer/Xcode/DerivedData/Chatlio-erkyzdeecsohoaggpwbjdvavzqfv/Build/Products/Debug-iphonesimulator/NSE.appex (in target 'NSE' from project 'Chatlio')
    cd /Users/aadityasingh/Documents/Development/element-x-ios
    /bin/mkdir -p /Users/aadityasingh/Library/Developer/Xcode/DerivedData/Chatlio-erkyzdeecsohoaggpwbjdvavzqfv/Build/Products/Debug-iphonesimulator/NSE.appex

MkDir /Users/aadityasingh/Library/Developer/Xcode/DerivedData/Chatlio-erkyzdeecsohoaggpwbjdvavzqfv/Build/Products/Debug-iphonesimulator/CompoundDesignTokens_CompoundDesignTokens.bundle (in target 'CompoundDesignTokens_CompoundDesignTokens' from project 'CompoundDesignTokens')
    cd /Users/aadityasingh/Library/Developer/Xcode/DerivedData/Chatlio-erkyzdeecsohoaggpwbjdvavzqfv/SourcePackages/checkouts/compound-design-tokens
    /bin/mkdir -p /Users/aadityasingh/Library/Developer/Xcode/DerivedData/Chatlio-erkyzdeecsohoaggpwbjdvavzqfv/Build/Products/Debug-iphonesimulator/CompoundDesignTokens_CompoundDesignTokens.bundle

ProcessXCFramework /Users/aadityasingh/Documents/Development/matrix-rust-sdk-local/MatrixSDKFFI.xcframework /Users/aadityasingh/Library/Developer/Xcode/DerivedData/Chatlio-erkyzdeecsohoaggpwbjdvavzqfv/Build/Products/Debug-iphonesimulator/libmatrix_sdk_ffi.a ios simulator
    cd /Users/aadityasingh/Documents/Development/element-x-ios/Chatlio.xcodeproj
    builtin-process-xcframework --xcframework /Users/aadityasingh/Documents/Development/matrix-rust-sdk-local/MatrixSDKFFI.xcframework --platform ios --environment simulator --target-path /Users/aadityasingh/Library/Developer/Xcode/DerivedData/Chatlio-erkyzdeecsohoaggpwbjdvavzqfv/Build/Products/Debug-iphonesimulator

ProcessXCFramework /Users/aadityasingh/Library/Developer/Xcode/DerivedData/Chatlio-erkyzdeecsohoaggpwbjdvavzqfv/SourcePackages/artifacts/matrix-rich-text-editor-swift/WysiwygComposerFFI/WysiwygComposerFFI.xcframework /Users/aadityasingh/Library/Developer/Xcode/DerivedData/Chatlio-erkyzdeecsohoaggpwbjdvavzqfv/Build/Products/Debug-iphonesimulator/libuniffi_wysiwyg_composer.a ios simulator
    cd /Users/aadityasingh/Documents/Development/element-x-ios/Chatlio.xcodeproj
    builtin-process-xcframework --xcframework /Users/aadityasingh/Library/Developer/Xcode/DerivedData/Chatlio-erkyzdeecsohoaggpwbjdvavzqfv/SourcePackages/artifacts/matrix-rich-text-editor-swift/WysiwygComposerFFI/WysiwygComposerFFI.xcframework --platform ios --environment simulator --target-path /Users/aadityasingh/Library/Developer/Xcode/DerivedData/Chatlio-erkyzdeecsohoaggpwbjdvavzqfv/Build/Products/Debug-iphonesimulator

ProcessXCFramework /Users/aadityasingh/Documents/Development/matrix-rust-sdk-local/MatrixSDKFFI.xcframework /Users/aadityasingh/Library/Developer/Xcode/DerivedData/Chatlio-erkyzdeecsohoaggpwbjdvavzqfv/Build/Products/Debug-iphonesimulator/PackageFrameworks/libmatrix_sdk_ffi.a ios simulator
    cd /Users/aadityasingh/Documents/Development/element-x-ios/Chatlio.xcodeproj
    builtin-process-xcframework --xcframework /Users/aadityasingh/Documents/Development/matrix-rust-sdk-local/MatrixSDKFFI.xcframework --platform ios --environment simulator --target-path /Users/aadityasingh/Library/Developer/Xcode/DerivedData/Chatlio-erkyzdeecsohoaggpwbjdvavzqfv/Build/Products/Debug-iphonesimulator/PackageFrameworks

ProcessXCFramework /Users/aadityasingh/Library/Developer/Xcode/DerivedData/Chatlio-erkyzdeecsohoaggpwbjdvavzqfv/SourcePackages/artifacts/ogg-swift/YbridOgg/YbridOgg.xcframework /Users/aadityasingh/Library/Developer/Xcode/DerivedData/Chatlio-erkyzdeecsohoaggpwbjdvavzqfv/Build/Products/Debug-iphonesimulator/YbridOgg.framework ios simulator
    cd /Users/aadityasingh/Documents/Development/element-x-ios/Chatlio.xcodeproj
    builtin-process-xcframework --xcframework /Users/aadityasingh/Library/Developer/Xcode/DerivedData/Chatlio-erkyzdeecsohoaggpwbjdvavzqfv/SourcePackages/artifacts/ogg-swift/YbridOgg/YbridOgg.xcframework --platform ios --environment simulator --target-path /Users/aadityasingh/Library/Developer/Xcode/DerivedData/Chatlio-erkyzdeecsohoaggpwbjdvavzqfv/Build/Products/Debug-iphonesimulator

ProcessXCFramework /Users/aadityasingh/Library/Developer/Xcode/DerivedData/Chatlio-erkyzdeecsohoaggpwbjdvavzqfv/SourcePackages/artifacts/opus-swift/YbridOpus/YbridOpus.xcframework /Users/aadityasingh/Library/Developer/Xcode/DerivedData/Chatlio-erkyzdeecsohoaggpwbjdvavzqfv/Build/Products/Debug-iphonesimulator/YbridOpus.framework ios simulator
    cd /Users/aadityasingh/Documents/Development/element-x-ios/Chatlio.xcodeproj
    builtin-process-xcframework --xcframework /Users/aadityasingh/Library/Developer/Xcode/DerivedData/Chatlio-erkyzdeecsohoaggpwbjdvavzqfv/SourcePackages/artifacts/opus-swift/YbridOpus/YbridOpus.xcframework --platform ios --environment simulator --target-path /Users/aadityasingh/Library/Developer/Xcode/DerivedData/Chatlio-erkyzdeecsohoaggpwbjdvavzqfv/Build/Products/Debug-iphonesimulator

ProcessXCFramework /Users/aadityasingh/Library/Developer/Xcode/DerivedData/Chatlio-erkyzdeecsohoaggpwbjdvavzqfv/SourcePackages/artifacts/sentry-cocoa/Sentry/Sentry.xcframework /Users/aadityasingh/Library/Developer/Xcode/DerivedData/Chatlio-erkyzdeecsohoaggpwbjdvavzqfv/Build/Products/Debug-iphonesimulator/Sentry.framework ios simulator
    cd /Users/aadityasingh/Documents/Development/element-x-ios/Chatlio.xcodeproj
    builtin-process-xcframework --xcframework /Users/aadityasingh/Library/Developer/Xcode/DerivedData/Chatlio-erkyzdeecsohoaggpwbjdvavzqfv/SourcePackages/artifacts/sentry-cocoa/Sentry/Sentry.xcframework --platform ios --environment simulator --target-path /Users/aadityasingh/Library/Developer/Xcode/DerivedData/Chatlio-erkyzdeecsohoaggpwbjdvavzqfv/Build/Products/Debug-iphonesimulator
/Users/aadityasingh/Library/Developer/Xcode/DerivedData/Chatlio-erkyzdeecsohoaggpwbjdvavzqfv/SourcePackages/artifacts/sentry-cocoa/Sentry/Sentry.xcframework:1:1: note: The identity of “Sentry.xcframework” is not recorded in your project.

ProcessXCFramework /Users/aadityasingh/Library/Developer/Xcode/DerivedData/Chatlio-erkyzdeecsohoaggpwbjdvavzqfv/SourcePackages/artifacts/maplibre-gl-native-distribution/MapLibre/MapLibre.xcframework /Users/aadityasingh/Library/Developer/Xcode/DerivedData/Chatlio-erkyzdeecsohoaggpwbjdvavzqfv/Build/Products/Debug-iphonesimulator/MapLibre.framework ios simulator
    cd /Users/aadityasingh/Documents/Development/element-x-ios/Chatlio.xcodeproj
    builtin-process-xcframework --xcframework /Users/aadityasingh/Library/Developer/Xcode/DerivedData/Chatlio-erkyzdeecsohoaggpwbjdvavzqfv/SourcePackages/artifacts/maplibre-gl-native-distribution/MapLibre/MapLibre.xcframework --platform ios --environment simulator --target-path /Users/aadityasingh/Library/Developer/Xcode/DerivedData/Chatlio-erkyzdeecsohoaggpwbjdvavzqfv/Build/Products/Debug-iphonesimulator

ScanDependencies /Users/aadityasingh/Library/Developer/Xcode/DerivedData/Chatlio-erkyzdeecsohoaggpwbjdvavzqfv/Build/Intermediates.noindex/PostHog.build/Debug-iphonesimulator/phlibwebp.build/Objects-normal/x86_64/yuv_sse41.o /Users/aadityasingh/Library/Developer/Xcode/DerivedData/Chatlio-erkyzdeecsohoaggpwbjdvavzqfv/SourcePackages/checkouts/posthog-ios/vendor/libwebp/yuv_sse41.c normal x86_64 c com.apple.compilers.llvm.clang.1_0.compiler (in target 'phlibwebp' from project 'PostHog')
    cd /Users/aadityasingh/Documents/Development/element-x-ios/Chatlio.xcodeproj
    
    Using response file: /Users/aadityasingh/Library/Developer/Xcode/DerivedData/Chatlio-erkyzdeecsohoaggpwbjdvavzqfv/Build/Intermediates.noindex/PostHog.build/Debug-iphonesimulator/phlibwebp.build/Objects-normal/x86_64/7187679823f38a2a940e0043cdf9d637-common-args.resp
    
    builtin-ScanDependencies -o /Users/aadityasingh/Library/Developer/Xcode/DerivedData/Chatlio-erkyzdeecsohoaggpwbjdvavzqfv/Build/Intermediates.noindex/PostHog.build/Debug-iphonesimulator/phlibwebp.build/Objects-normal/x86_64/yuv_sse41.o.scan -- /Applications/Xcode.app/Contents/Developer/Toolchains/XcodeDefault.xctoolchain/usr/bin/clang -x c -ivfsstatcache /Users/aadityasingh/Library/Developer/Xcode/DerivedData/SDKStatCaches.noindex/iphonesimulator26.4-23E252-686eebb5dc1d8ecb277353a59184f4aa.sdkstatcache -target x86_64-apple-ios13.0-simulator -fmessage-length\=0 -fdiagnostics-show-note-include-stack -fmacro-backtrace-limit\=0 -fno-color-diagnostics -fmodules-prune-interval\=86400 -fmodules-prune-after\=345600 -fbuild-session-file\=/Users/aadityasingh/Library/Developer/Xcode/DerivedData/ModuleCache.noindex/Session.modulevalidation -fmodules-validate-once-per-build-session -Wnon-modular-include-in-framework-module -Werror\=non-modular-include-in-framework-module -Wno-trigraphs -Wno-missing-field-initializers -Wno-missing-prototypes -Wno-return-type -Wno-missing-braces -Wparentheses -Wswitch -Wno-unused-function -Wno-unused-label -Wno-unused-parameter -Wno-unused-variable -Wunused-value -Wno-empty-body -Wno-uninitialized -Wno-unknown-pragmas -w -Wno-shadow -Wno-four-char-constants -Wno-conversion -Wno-constant-conversion -Wno-int-conversion -Wno-bool-conversion -Wno-enum-conversion -Wno-float-conversion -Wno-non-literal-null-conversion -Wno-objc-literal-conversion -Wshorten-64-to-32 -Wpointer-sign -Wno-newline-eof -Wno-implicit-fallthrough -isysroot /Applications/Xcode.app/Contents/Developer/Platforms/iPhoneSimulator.platform/Developer/SDKs/iPhoneSimulator26.4.sdk -fstrict-aliasing -Wdeprecated-declarations -Wno-sign-conversion -Wno-infinite-recursion -Wno-comma -Wno-block-capture-autoreleasing -Wno-strict-prototypes -Wno-semicolon-before-method-body -index-store-path /Users/aadityasingh/Library/Developer/Xcode/DerivedData/Chatlio-erkyzdeecsohoaggpwbjdvavzqfv/Index.noindex/DataStore @/Users/aadityasingh/Library/Developer/Xcode/DerivedData/Chatlio-erkyzdeecsohoaggpwbjdvavzqfv/Build/Intermediates.noindex/PostHog.build/Debug-iphonesimulator/phlibwebp.build/Objects-normal/x86_64/7187679823f38a2a940e0043cdf9d637-common-args.resp -MMD -MT dependencies -MF /Users/aadityasingh/Library/Developer/Xcode/DerivedData/Chatlio-erkyzdeecsohoaggpwbjdvavzqfv/Build/Intermediates.noindex/PostHog.build/Debug-iphonesimulator/phlibwebp.build/Objects-normal/x86_64/yuv_sse41.d --serialize-diagnostics /Users/aadityasingh/Library/Developer/Xcode/DerivedData/Chatlio-erkyzdeecsohoaggpwbjdvavzqfv/Build/Intermediates.noindex/PostHog.build/Debug-iphonesimulator/phlibwebp.build/Objects-normal/x86_64/yuv_sse41.dia -c /Users/aadityasingh/Library/Developer/Xcode/DerivedData/Chatlio-erkyzdeecsohoaggpwbjdvavzqfv/SourcePackages/checkouts/posthog-ios/vendor/libwebp/yuv_sse41.c -o /Users/aadityasingh/Library/Developer/Xcode/DerivedData/Chatlio-erkyzdeecsohoaggpwbjdvavzqfv/Build/Intermediates.noindex/PostHog.build/Debug-iphonesimulator/phlibwebp.build/Objects-normal/x86_64/yuv_sse41.o -index-unit-output-path /PostHog.build/Debug-iphonesimulator/phlibwebp.build/Objects-normal/x86_64/yuv_sse41.o

ScanDependencies /Users/aadityasingh/Library/Developer/Xcode/DerivedData/Chatlio-erkyzdeecsohoaggpwbjdvavzqfv/Build/Intermediates.noindex/PostHog.build/Debug-iphonesimulator/phlibwebp.build/Objects-normal/x86_64/yuv_neon.o /Users/aadityasingh/Library/Developer/Xcode/DerivedData/Chatlio-erkyzdeecsohoaggpwbjdvavzqfv/SourcePackages/checkouts/posthog-ios/vendor/libwebp/yuv_neon.c normal x86_64 c com.apple.compilers.llvm.clang.1_0.compiler (in target 'phlibwebp' from project 'PostHog')
    cd /Users/aadityasingh/Documents/Development/element-x-ios/Chatlio.xcodeproj
    
    Using response file: /Users/aadityasingh/Library/Developer/Xcode/DerivedData/Chatlio-erkyzdeecsohoaggpwbjdvavzqfv/Build/Intermediates.noindex/PostHog.build/Debug-iphonesimulator/phlibwebp.build/Objects-normal/x86_64/7187679823f38a2a940e0043cdf9d637-common-args.resp
    
    builtin-ScanDependencies -o /Users/aadityasingh/Library/Developer/Xcode/DerivedData/Chatlio-erkyzdeecsohoaggpwbjdvavzqfv/Build/Intermediates.noindex/PostHog.build/Debug-iphonesimulator/phlibwebp.build/Objects-normal/x86_64/yuv_neon.o.scan -- /Applications/Xcode.app/Contents/Developer/Toolchains/XcodeDefault.xctoolchain/usr/bin/clang -x c -ivfsstatcache /Users/aadityasingh/Library/Developer/Xcode/DerivedData/SDKStatCaches.noindex/iphonesimulator26.4-23E252-686eebb5dc1d8ecb277353a59184f4aa.sdkstatcache -target x86_64-apple-ios13.0-simulator -fmessage-length\=0 -fdiagnostics-show-note-include-stack -fmacro-backtrace-limit\=0 -fno-color-diagnostics -fmodules-prune-interval\=86400 -fmodules-prune-after\=345600 -fbuild-session-file\=/Users/aadityasingh/Library/Developer/Xcode/DerivedData/ModuleCache.noindex/Session.modulevalidation -fmodules-validate-once-per-build-session -Wnon-modular-include-in-framework-module -Werror\=non-modular-include-in-framework-module -Wno-trigraphs -Wno-missing-field-initializers -Wno-missing-prototypes -Wno-return-type -Wno-missing-braces -Wparentheses -Wswitch -Wno-unused-function -Wno-unused-label -Wno-unused-parameter -Wno-unused-variable -Wunused-value -Wno-empty-body -Wno-uninitialized -Wno-unknown-pragmas -w -Wno-shadow -Wno-four-char-constants -Wno-conversion -Wno-constant-conversion -Wno-int-conversion -Wno-bool-conversion -Wno-enum-conversion -Wno-float-conversion -Wno-non-literal-null-conversion -Wno-objc-literal-conversion -Wshorten-64-to-32 -Wpointer-sign -Wno-newline-eof -Wno-implicit-fallthrough -isysroot /Applications/Xcode.app/Contents/Developer/Platforms/iPhoneSimulator.platform/Developer/SDKs/iPhoneSimulator26.4.sdk -fstrict-aliasing -Wdeprecated-declarations -Wno-sign-conversion -Wno-infinite-recursion -Wno-comma -Wno-block-capture-autoreleasing -Wno-strict-prototypes -Wno-semicolon-before-method-body -index-store-path /Users/aadityasingh/Library/Developer/Xcode/DerivedData/Chatlio-erkyzdeecsohoaggpwbjdvavzqfv/Index.noindex/DataStore @/Users/aadityasingh/Library/Developer/Xcode/DerivedData/Chatlio-erkyzdeecsohoaggpwbjdvavzqfv/Build/Intermediates.noindex/PostHog.build/Debug-iphonesimulator/phlibwebp.build/Objects-normal/x86_64/7187679823f38a2a940e0043cdf9d637-common-args.resp -MMD -MT dependencies -MF /Users/aadityasingh/Library/Developer/Xcode/DerivedData/Chatlio-erkyzdeecsohoaggpwbjdvavzqfv/Build/Intermediates.noindex/PostHog.build/Debug-iphonesimulator/phlibwebp.build/Objects-normal/x86_64/yuv_neon.d --serialize-diagnostics /Users/aadityasingh/Library/Developer/Xcode/DerivedData/Chatlio-erkyzdeecsohoaggpwbjdvavzqfv/Build/Intermediates.noindex/PostHog.build/Debug-iphonesimulator/phlibwebp.build/Objects-normal/x86_64/yuv_neon.dia -c /Users/aadityasingh/Library/Developer/Xcode/DerivedData/Chatlio-erkyzdeecsohoaggpwbjdvavzqfv/SourcePackages/checkouts/posthog-ios/vendor/libwebp/yuv_neon.c -o /Users/aadityasingh/Library/Developer/Xcode/DerivedData/Chatlio-erkyzdeecsohoaggpwbjdvavzqfv/Build/Intermediates.noindex/PostHog.build/Debug-iphonesimulator/phlibwebp.build/Objects-normal/x86_64/yuv_neon.o -index-unit-output-path /PostHog.build/Debug-iphonesimulator/phlibwebp.build/Objects-normal/x86_64/yuv_neon.o

ScanDependencies /Users/aadityasingh/Library/Developer/Xcode/DerivedData/Chatlio-erkyzdeecsohoaggpwbjdvavzqfv/Build/Intermediates.noindex/PostHog.build/Debug-iphonesimulator/phlibwebp.build/Objects-normal/x86_64/yuv_sse2.o /Users/aadityasingh/Library/Developer/Xcode/DerivedData/Chatlio-erkyzdeecsohoaggpwbjdvavzqfv/SourcePackages/checkouts/posthog-ios/vendor/libwebp/yuv_sse2.c normal x86_64 c com.apple.compilers.llvm.clang.1_0.compiler (in target 'phlibwebp' from project 'PostHog')
    cd /Users/aadityasingh/Documents/Development/element-x-ios/Chatlio.xcodeproj
    
    Using response file: /Users/aadityasingh/Library/Developer/Xcode/DerivedData/Chatlio-erkyzdeecsohoaggpwbjdvavzqfv/Build/Intermediates.noindex/PostHog.build/Debug-iphonesimulator/phlibwebp.build/Objects-normal/x86_64/7187679823f38a2a940e0043cdf9d637-common-args.resp
    
    builtin-ScanDependencies -o /Users/aadityasingh/Library/Developer/Xcode/DerivedData/Chatlio-erkyzdeecsohoaggpwbjdvavzqfv/Build/Intermediates.noindex/PostHog.build/Debug-iphonesimulator/phlibwebp.build/Objects-normal/x86_64/yuv_sse2.o.scan -- /Applications/Xcode.app/Contents/Developer/Toolchains/XcodeDefault.xctoolchain/usr/bin/clang -x c -ivfsstatcache /Users/aadityasingh/Library/Developer/Xcode/DerivedData/SDKStatCaches.noindex/iphonesimulator26.4-23E252-686eebb5dc1d8ecb277353a59184f4aa.sdkstatcache -target x86_64-apple-ios13.0-simulator -fmessage-length\=0 -fdiagnostics-show-note-include-stack -fmacro-backtrace-limit\=0 -fno-color-diagnostics -fmodules-prune-interval\=86400 -fmodules-prune-after\=345600 -fbuild-session-file\=/Users/aadityasingh/Library/Developer/Xcode/DerivedData/ModuleCache.noindex/Session.modulevalidation -fmodules-validate-once-per-build-session -Wnon-modular-include-in-framework-module -Werror\=non-modular-include-in-framework-module -Wno-trigraphs -Wno-missing-field-initializers -Wno-missing-prototypes -Wno-return-type -Wno-missing-braces -Wparentheses -Wswitch -Wno-unused-function -Wno-unused-label -Wno-unused-parameter -Wno-unused-variable -Wunused-value -Wno-empty-body -Wno-uninitialized -Wno-unknown-pragmas -w -Wno-shadow -Wno-four-char-constants -Wno-conversion -Wno-constant-conversion -Wno-int-conversion -Wno-bool-conversion -Wno-enum-conversion -Wno-float-conversion -Wno-non-literal-null-conversion -Wno-objc-literal-conversion -Wshorten-64-to-32 -Wpointer-sign -Wno-newline-eof -Wno-implicit-fallthrough -isysroot /Applications/Xcode.app/Contents/Developer/Platforms/iPhoneSimulator.platform/Developer/SDKs/iPhoneSimulator26.4.sdk -fstrict-aliasing -Wdeprecated-declarations -Wno-sign-conversion -Wno-infinite-recursion -Wno-comma -Wno-block-capture-autoreleasing -Wno-strict-prototypes -Wno-semicolon-before-method-body -index-store-path /Users/aadityasingh/Library/Developer/Xcode/DerivedData/Chatlio-erkyzdeecsohoaggpwbjdvavzqfv/Index.noindex/DataStore @/Users/aadityasingh/Library/Developer/Xcode/DerivedData/Chatlio-erkyzdeecsohoaggpwbjdvavzqfv/Build/Intermediates.noindex/PostHog.build/Debug-iphonesimulator/phlibwebp.build/Objects-normal/x86_64/7187679823f38a2a940e0043cdf9d637-common-args.resp -MMD -MT dependencies -MF /Users/aadityasingh/Library/Developer/Xcode/DerivedData/Chatlio-erkyzdeecsohoaggpwbjdvavzqfv/Build/Intermediates.noindex/PostHog.build/Debug-iphonesimulator/phlibwebp.build/Objects-normal/x86_64/yuv_sse2.d --serialize-diagnostics /Users/aadityasingh/Library/Developer/Xcode/DerivedData/Chatlio-erkyzdeecsohoaggpwbjdvavzqfv/Build/Intermediates.noindex/PostHog.build/Debug-iphonesimulator/phlibwebp.build/Objects-normal/x86_64/yuv_sse2.dia -c /Users/aadityasingh/Library/Developer/Xcode/DerivedData/Chatlio-erkyzdeecsohoaggpwbjdvavzqfv/SourcePackages/checkouts/posthog-ios/vendor/libwebp/yuv_sse2.c -o /Users/aadityasingh/Library/Developer/Xcode/DerivedData/Chatlio-erkyzdeecsohoaggpwbjdvavzqfv/Build/Intermediates.noindex/PostHog.build/Debug-iphonesimulator/phlibwebp.build/Objects-normal/x86_64/yuv_sse2.o -index-unit-output-path /PostHog.build/Debug-iphonesimulator/phlibwebp.build/Objects-normal/x86_64/yuv_sse2.o

ScanDependencies /Users/aadityasingh/Library/Developer/Xcode/DerivedData/Chatlio-erkyzdeecsohoaggpwbjdvavzqfv/Build/Intermediates.noindex/PostHog.build/Debug-iphonesimulator/phlibwebp.build/Objects-normal/x86_64/yuv.o /Users/aadityasingh/Library/Developer/Xcode/DerivedData/Chatlio-erkyzdeecsohoaggpwbjdvavzqfv/SourcePackages/checkouts/posthog-ios/vendor/libwebp/yuv.c normal x86_64 c com.apple.compilers.llvm.clang.1_0.compiler (in target 'phlibwebp' from project 'PostHog')
    cd /Users/aadityasingh/Documents/Development/element-x-ios/Chatlio.xcodeproj
    
    Using response file: /Users/aadityasingh/Library/Developer/Xcode/DerivedData/Chatlio-erkyzdeecsohoaggpwbjdvavzqfv/Build/Intermediates.noindex/PostHog.build/Debug-iphonesimulator/phlibwebp.build/Objects-normal/x86_64/7187679823f38a2a940e0043cdf9d637-common-args.resp
    
    builtin-ScanDependencies -o /Users/aadityasingh/Library/Developer/Xcode/DerivedData/Chatlio-erkyzdeecsohoaggpwbjdvavzqfv/Build/Intermediates.noindex/PostHog.build/Debug-iphonesimulator/phlibwebp.build/Objects-normal/x86_64/yuv.o.scan -- /Applications/Xcode.app/Contents/Developer/Toolchains/XcodeDefault.xctoolchain/usr/bin/clang -x c -ivfsstatcache /Users/aadityasingh/Library/Developer/Xcode/DerivedData/SDKStatCaches.noindex/iphonesimulator26.4-23E252-686eebb5dc1d8ecb277353a59184f4aa.sdkstatcache -target x86_64-apple-ios13.0-simulator -fmessage-length\=0 -fdiagnostics-show-note-include-stack -fmacro-backtrace-limit\=0 -fno-color-diagnostics -fmodules-prune-interval\=86400 -fmodules-prune-after\=345600 -fbuild-session-file\=/Users/aadityasingh/Library/Developer/Xcode/DerivedData/ModuleCache.noindex/Session.modulevalidation -fmodules-validate-once-per-build-session -Wnon-modular-include-in-framework-module -Werror\=non-modular-include-in-framework-module -Wno-trigraphs -Wno-missing-field-initializers -Wno-missing-prototypes -Wno-return-type -Wno-missing-braces -Wparentheses -Wswitch -Wno-unused-function -Wno-unused-label -Wno-unused-parameter -Wno-unused-variable -Wunused-value -Wno-empty-body -Wno-uninitialized -Wno-unknown-pragmas -w -Wno-shadow -Wno-four-char-constants -Wno-conversion -Wno-constant-conversion -Wno-int-conversion -Wno-bool-conversion -Wno-enum-conversion -Wno-float-conversion -Wno-non-literal-null-conversion -Wno-objc-literal-conversion -Wshorten-64-to-32 -Wpointer-sign -Wno-newline-eof -Wno-implicit-fallthrough -isysroot /Applications/Xcode.app/Contents/Developer/Platforms/iPhoneSimulator.platform/Developer/SDKs/iPhoneSimulator26.4.sdk -fstrict-aliasing -Wdeprecated-declarations -Wno-sign-conversion -Wno-infinite-recursion -Wno-comma -Wno-block-capture-autoreleasing -Wno-strict-prototypes -Wno-semicolon-before-method-body -index-store-path /Users/aadityasingh/Library/Developer/Xcode/DerivedData/Chatlio-erkyzdeecsohoaggpwbjdvavzqfv/Index.noindex/DataStore @/Users/aadityasingh/Library/Developer/Xcode/DerivedData/Chatlio-erkyzdeecsohoaggpwbjdvavzqfv/Build/Intermediates.noindex/PostHog.build/Debug-iphonesimulator/phlibwebp.build/Objects-normal/x86_64/7187679823f38a2a940e0043cdf9d637-common-args.resp -MMD -MT dependencies -MF /Users/aadityasingh/Library/Developer/Xcode/DerivedData/Chatlio-erkyzdeecsohoaggpwbjdvavzqfv/Build/Intermediates.noindex/PostHog.build/Debug-iphonesimulator/phlibwebp.build/Objects-normal/x86_64/yuv.d --serialize-diagnostics /Users/aadityasingh/Library/Developer/Xcode/DerivedData/Chatlio-erkyzdeecsohoaggpwbjdvavzqfv/Build/Intermediates.noindex/PostHog.build/Debug-iphonesimulator/phlibwebp.build/Objects-normal/x86_64/yuv.dia -c /Users/aadityasingh/Library/Developer/Xcode/DerivedData/Chatlio-erkyzdeecsohoaggpwbjdvavzqfv/SourcePackages/checkouts/posthog-ios/vendor/libwebp/yuv.c -o /Users/aadityasingh/Library/Developer/Xcode/DerivedData/Chatlio-erkyzdeecsohoaggpwbjdvavzqfv/Build/Intermediates.noindex/PostHog.build/Debug-iphonesimulator/phlibwebp.build/Objects-normal/x86_64/yuv.o -index-unit-output-path /PostHog.build/Debug-iphonesimulator/phlibwebp.build/Objects-normal/x86_64/yuv.o

ScanDependencies /Users/aadityasingh/Library/Developer/Xcode/DerivedData/Chatlio-erkyzdeecsohoaggpwbjdvavzqfv/Build/Intermediates.noindex/PostHog.build/Debug-iphonesimulator/phlibwebp.build/Objects-normal/x86_64/webp_enc.o /Users/aadityasingh/Library/Developer/Xcode/DerivedData/Chatlio-erkyzdeecsohoaggpwbjdvavzqfv/SourcePackages/checkouts/posthog-ios/vendor/libwebp/webp_enc.c normal x86_64 c com.apple.compilers.llvm.clang.1_0.compiler (in target 'phlibwebp' from project 'PostHog')
    cd /Users/aadityasingh/Documents/Development/element-x-ios/Chatlio.xcodeproj
    
    Using response file: /Users/aadityasingh/Library/Developer/Xcode/DerivedData/Chatlio-erkyzdeecsohoaggpwbjdvavzqfv/Build/Intermediates.noindex/PostHog.build/Debug-iphonesimulator/phlibwebp.build/Objects-normal/x86_64/7187679823f38a2a940e0043cdf9d637-common-args.resp
    
    builtin-ScanDependencies -o /Users/aadityasingh/Library/Developer/Xcode/DerivedData/Chatlio-erkyzdeecsohoaggpwbjdvavzqfv/Build/Intermediates.noindex/PostHog.build/Debug-iphonesimulator/phlibwebp.build/Objects-normal/x86_64/webp_enc.o.scan -- /Applications/Xcode.app/Contents/Developer/Toolchains/XcodeDefault.xctoolchain/usr/bin/clang -x c -ivfsstatcache /Users/aadityasingh/Library/Developer/Xcode/DerivedData/SDKStatCaches.noindex/iphonesimulator26.4-23E252-686eebb5dc1d8ecb277353a59184f4aa.sdkstatcache -target x86_64-apple-ios13.0-simulator -fmessage-length\=0 -fdiagnostics-show-note-include-stack -fmacro-backtrace-limit\=0 -fno-color-diagnostics -fmodules-prune-interval\=86400 -fmodules-prune-after\=345600 -fbuild-session-file\=/Users/aadityasingh/Library/Developer/Xcode/DerivedData/ModuleCache.noindex/Session.modulevalidation -fmodules-validate-once-per-build-session -Wnon-modular-include-in-framework-module -Werror\=non-modular-include-in-framework-module -Wno-trigraphs -Wno-missing-field-initializers -Wno-missing-prototypes -Wno-return-type -Wno-missing-braces -Wparentheses -Wswitch -Wno-unused-function -Wno-unused-label -Wno-unused-parameter -Wno-unused-variable -Wunused-value -Wno-empty-body -Wno-uninitialized -Wno-unknown-pragmas -w -Wno-shadow -Wno-four-char-constants -Wno-conversion -Wno-constant-conversion -Wno-int-conversion -Wno-bool-conversion -Wno-enum-conversion -Wno-float-conversion -Wno-non-literal-null-conversion -Wno-objc-literal-conversion -Wshorten-64-to-32 -Wpointer-sign -Wno-newline-eof -Wno-implicit-fallthrough -isysroot /Applications/Xcode.app/Contents/Developer/Platforms/iPhoneSimulator.platform/Developer/SDKs/iPhoneSimulator26.4.sdk -fstrict-aliasing -Wdeprecated-declarations -Wno-sign-conversion -Wno-infinite-recursion -Wno-comma -Wno-block-capture-autoreleasing -Wno-strict-prototypes -Wno-semicolon-before-method-body -index-store-path /Users/aadityasingh/Library/Developer/Xcode/DerivedData/Chatlio-erkyzdeecsohoaggpwbjdvavzqfv/Index.noindex/DataStore @/Users/aadityasingh/Library/Developer/Xcode/DerivedData/Chatlio-erkyzdeecsohoaggpwbjdvavzqfv/Build/Intermediates.noindex/PostHog.build/Debug-iphonesimulator/phlibwebp.build/Objects-normal/x86_64/7187679823f38a2a940e0043cdf9d637-common-args.resp -MMD -MT dependencies -MF /Users/aadityasingh/Library/Developer/Xcode/DerivedData/Chatlio-erkyzdeecsohoaggpwbjdvavzqfv/Build/Intermediates.noindex/PostHog.build/Debug-iphonesimulator/phlibwebp.build/Objects-normal/x86_64/webp_enc.d --serialize-diagnostics /Users/aadityasingh/Library/Developer/Xcode/DerivedData/Chatlio-erkyzdeecsohoaggpwbjdvavzqfv/Build/Intermediates.noindex/PostHog.build/Debug-iphonesimulator/phlibwebp.build/Objects-normal/x86_64/webp_enc.dia -c /Users/aadityasingh/Library/Developer/Xcode/DerivedData/Chatlio-erkyzdeecsohoaggpwbjdvavzqfv/SourcePackages/checkouts/posthog-ios/vendor/libwebp/webp_enc.c -o /Users/aadityasingh/Library/Developer/Xcode/DerivedData/Chatlio-erkyzdeecsohoaggpwbjdvavzqfv/Build/Intermediates.noindex/PostHog.build/Debug-iphonesimulator/phlibwebp.build/Objects-normal/x86_64/webp_enc.o -index-unit-output-path /PostHog.build/Debug-iphonesimulator/phlibwebp.build/Objects-normal/x86_64/webp_enc.o

ScanDependencies /Users/aadityasingh/Library/Developer/Xcode/DerivedData/Chatlio-erkyzdeecsohoaggpwbjdvavzqfv/Build/Intermediates.noindex/PostHog.build/Debug-iphonesimulator/phlibwebp.build/Objects-normal/x86_64/vp8l_enc.o /Users/aadityasingh/Library/Developer/Xcode/DerivedData/Chatlio-erkyzdeecsohoaggpwbjdvavzqfv/SourcePackages/checkouts/posthog-ios/vendor/libwebp/vp8l_enc.c normal x86_64 c com.apple.compilers.llvm.clang.1_0.compiler (in target 'phlibwebp' from project 'PostHog')
    cd /Users/aadityasingh/Documents/Development/element-x-ios/Chatlio.xcodeproj
    
    Using response file: /Users/aadityasingh/Library/Developer/Xcode/DerivedData/Chatlio-erkyzdeecsohoaggpwbjdvavzqfv/Build/Intermediates.noindex/PostHog.build/Debug-iphonesimulator/phlibwebp.build/Objects-normal/x86_64/7187679823f38a2a940e0043cdf9d637-common-args.resp
    
    builtin-ScanDependencies -o /Users/aadityasingh/Library/Developer/Xcode/DerivedData/Chatlio-erkyzdeecsohoaggpwbjdvavzqfv/Build/Intermediates.noindex/PostHog.build/Debug-iphonesimulator/phlibwebp.build/Objects-normal/x86_64/vp8l_enc.o.scan -- /Applications/Xcode.app/Contents/Developer/Toolchains/XcodeDefault.xctoolchain/usr/bin/clang -x c -ivfsstatcache /Users/aadityasingh/Library/Developer/Xcode/DerivedData/SDKStatCaches.noindex/iphonesimulator26.4-23E252-686eebb5dc1d8ecb277353a59184f4aa.sdkstatcache -target x86_64-apple-ios13.0-simulator -fmessage-length\=0 -fdiagnostics-show-note-include-stack -fmacro-backtrace-limit\=0 -fno-color-diagnostics -fmodules-prune-interval\=86400 -fmodules-prune-after\=345600 -fbuild-session-file\=/Users/aadityasingh/Library/Developer/Xcode/DerivedData/ModuleCache.noindex/Session.modulevalidation -fmodules-validate-once-per-build-session -Wnon-modular-include-in-framework-module -Werror\=non-modular-include-in-framework-module -Wno-trigraphs -Wno-missing-field-initializers -Wno-missing-prototypes -Wno-return-type -Wno-missing-braces -Wparentheses -Wswitch -Wno-unused-function -Wno-unused-label -Wno-unused-parameter -Wno-unused-variable -Wunused-value -Wno-empty-body -Wno-uninitialized -Wno-unknown-pragmas -w -Wno-shadow -Wno-four-char-constants -Wno-conversion -Wno-constant-conversion -Wno-int-conversion -Wno-bool-conversion -Wno-enum-conversion -Wno-float-conversion -Wno-non-literal-null-conversion -Wno-objc-literal-conversion -Wshorten-64-to-32 -Wpointer-sign -Wno-newline-eof -Wno-implicit-fallthrough -isysroot /Applications/Xcode.app/Contents/Developer/Platforms/iPhoneSimulator.platform/Developer/SDKs/iPhoneSimulator26.4.sdk -fstrict-aliasing -Wdeprecated-declarations -Wno-sign-conversion -Wno-infinite-recursion -Wno-comma -Wno-block-capture-autoreleasing -Wno-strict-prototypes -Wno-semicolon-before-method-body -index-store-path /Users/aadityasingh/Library/Developer/Xcode/DerivedData/Chatlio-erkyzdeecsohoaggpwbjdvavzqfv/Index.noindex/DataStore @/Users/aadityasingh/Library/Developer/Xcode/DerivedData/Chatlio-erkyzdeecsohoaggpwbjdvavzqfv/Build/Intermediates.noindex/PostHog.build/Debug-iphonesimulator/phlibwebp.build/Objects-normal/x86_64/7187679823f38a2a940e0043cdf9d637-common-args.resp -MMD -MT dependencies -MF /Users/aadityasingh/Library/Developer/Xcode/DerivedData/Chatlio-erkyzdeecsohoaggpwbjdvavzqfv/Build/Intermediates.noindex/PostHog.build/Debug-iphonesimulator/phlibwebp.build/Objects-normal/x86_64/vp8l_enc.d --serialize-diagnostics /Users/aadityasingh/Library/Developer/Xcode/DerivedData/Chatlio-erkyzdeecsohoaggpwbjdvavzqfv/Build/Intermediates.noindex/PostHog.build/Debug-iphonesimulator/phlibwebp.build/Objects-normal/x86_64/vp8l_enc.dia -c /Users/aadityasingh/Library/Developer/Xcode/DerivedData/Chatlio-erkyzdeecsohoaggpwbjdvavzqfv/SourcePackages/checkouts/posthog-ios/vendor/libwebp/vp8l_enc.c -o /Users/aadityasingh/Library/Developer/Xcode/DerivedData/Chatlio-erkyzdeecsohoaggpwbjdvavzqfv/Build/Intermediates.noindex/PostHog.build/Debug-iphonesimulator/phlibwebp.build/Objects-normal/x86_64/vp8l_enc.o -index-unit-output-path /PostHog.build/Debug-iphonesimulator/phlibwebp.build/Objects-normal/x86_64/vp8l_enc.o

ScanDependencies /Users/aadityasingh/Library/Developer/Xcode/DerivedData/Chatlio-erkyzdeecsohoaggpwbjdvavzqfv/Build/Intermediates.noindex/PostHog.build/Debug-iphonesimulator/phlibwebp.build/Objects-normal/x86_64/utils.o /Users/aadityasingh/Library/Developer/Xcode/DerivedData/Chatlio-erkyzdeecsohoaggpwbjdvavzqfv/SourcePackages/checkouts/posthog-ios/vendor/libwebp/utils.c normal x86_64 c com.apple.compilers.llvm.clang.1_0.compiler (in target 'phlibwebp' from project 'PostHog')
    cd /Users/aadityasingh/Documents/Development/element-x-ios/Chatlio.xcodeproj
    
    Using response file: /Users/aadityasingh/Library/Developer/Xcode/DerivedData/Chatlio-erkyzdeecsohoaggpwbjdvavzqfv/Build/Intermediates.noindex/PostHog.build/Debug-iphonesimulator/phlibwebp.build/Objects-normal/x86_64/7187679823f38a2a940e0043cdf9d637-common-args.resp
    
    builtin-ScanDependencies -o /Users/aadityasingh/Library/Developer/Xcode/DerivedData/Chatlio-erkyzdeecsohoaggpwbjdvavzqfv/Build/Intermediates.noindex/PostHog.build/Debug-iphonesimulator/phlibwebp.build/Objects-normal/x86_64/utils.o.scan -- /Applications/Xcode.app/Contents/Developer/Toolchains/XcodeDefault.xctoolchain/usr/bin/clang -x c -ivfsstatcache /Users/aadityasingh/Library/Developer/Xcode/DerivedData/SDKStatCaches.noindex/iphonesimulator26.4-23E252-686eebb5dc1d8ecb277353a59184f4aa.sdkstatcache -target x86_64-apple-ios13.0-simulator -fmessage-length\=0 -fdiagnostics-show-note-include-stack -fmacro-backtrace-limit\=0 -fno-color-diagnostics -fmodules-prune-interval\=86400 -fmodules-prune-after\=345600 -fbuild-session-file\=/Users/aadityasingh/Library/Developer/Xcode/DerivedData/ModuleCache.noindex/Session.modulevalidation -fmodules-validate-once-per-build-session -Wnon-modular-include-in-framework-module -Werror\=non-modular-include-in-framework-module -Wno-trigraphs -Wno-missing-field-initializers -Wno-missing-prototypes -Wno-return-type -Wno-missing-braces -Wparentheses -Wswitch -Wno-unused-function -Wno-unused-label -Wno-unused-parameter -Wno-unused-variable -Wunused-value -Wno-empty-body -Wno-uninitialized -Wno-unknown-pragmas -w -Wno-shadow -Wno-four-char-constants -Wno-conversion -Wno-constant-conversion -Wno-int-conversion -Wno-bool-conversion -Wno-enum-conversion -Wno-float-conversion -Wno-non-literal-null-conversion -Wno-objc-literal-conversion -Wshorten-64-to-32 -Wpointer-sign -Wno-newline-eof -Wno-implicit-fallthrough -isysroot /Applications/Xcode.app/Contents/Developer/Platforms/iPhoneSimulator.platform/Developer/SDKs/iPhoneSimulator26.4.sdk -fstrict-aliasing -Wdeprecated-declarations -Wno-sign-conversion -Wno-infinite-recursion -Wno-comma -Wno-block-capture-autoreleasing -Wno-strict-prototypes -Wno-semicolon-before-method-body -index-store-path /Users/aadityasingh/Library/Developer/Xcode/DerivedData/Chatlio-erkyzdeecsohoaggpwbjdvavzqfv/Index.noindex/DataStore @/Users/aadityasingh/Library/Developer/Xcode/DerivedData/Chatlio-erkyzdeecsohoaggpwbjdvavzqfv/Build/Intermediates.noindex/PostHog.build/Debug-iphonesimulator/phlibwebp.build/Objects-normal/x86_64/7187679823f38a2a940e0043cdf9d637-common-args.resp -MMD -MT dependencies -MF /Users/aadityasingh/Library/Developer/Xcode/DerivedData/Chatlio-erkyzdeecsohoaggpwbjdvavzqfv/Build/Intermediates.noindex/PostHog.build/Debug-iphonesimulator/phlibwebp.build/Objects-normal/x86_64/utils.d --serialize-diagnostics /Users/aadityasingh/Library/Developer/Xcode/DerivedData/Chatlio-erkyzdeecsohoaggpwbjdvavzqfv/Build/Intermediates.noindex/PostHog.build/Debug-iphonesimulator/phlibwebp.build/Objects-normal/x86_64/utils.dia -c /Users/aadityasingh/Library/Developer/Xcode/DerivedData/Chatlio-erkyzdeecsohoaggpwbjdvavzqfv/SourcePackages/checkouts/posthog-ios/vendor/libwebp/utils.c -o /Users/aadityasingh/Library/Developer/Xcode/DerivedData/Chatlio-erkyzdeecsohoaggpwbjdvavzqfv/Build/Intermediates.noindex/PostHog.build/Debug-iphonesimulator/phlibwebp.build/Objects-normal/x86_64/utils.o -index-unit-output-path /PostHog.build/Debug-iphonesimulator/phlibwebp.build/Objects-normal/x86_64/utils.o

ScanDependencies /Users/aadityasingh/Library/Developer/Xcode/DerivedData/Chatlio-erkyzdeecsohoaggpwbjdvavzqfv/Build/Intermediates.noindex/PostHog.build/Debug-iphonesimulator/phlibwebp.build/Objects-normal/x86_64/upsampling_sse41.o /Users/aadityasingh/Library/Developer/Xcode/DerivedData/Chatlio-erkyzdeecsohoaggpwbjdvavzqfv/SourcePackages/checkouts/posthog-ios/vendor/libwebp/upsampling_sse41.c normal x86_64 c com.apple.compilers.llvm.clang.1_0.compiler (in target 'phlibwebp' from project 'PostHog')
    cd /Users/aadityasingh/Documents/Development/element-x-ios/Chatlio.xcodeproj
    
    Using response file: /Users/aadityasingh/Library/Developer/Xcode/DerivedData/Chatlio-erkyzdeecsohoaggpwbjdvavzqfv/Build/Intermediates.noindex/PostHog.build/Debug-iphonesimulator/phlibwebp.build/Objects-normal/x86_64/7187679823f38a2a940e0043cdf9d637-common-args.resp
    
    builtin-ScanDependencies -o /Users/aadityasingh/Library/Developer/Xcode/DerivedData/Chatlio-erkyzdeecsohoaggpwbjdvavzqfv/Build/Intermediates.noindex/PostHog.build/Debug-iphonesimulator/phlibwebp.build/Objects-normal/x86_64/upsampling_sse41.o.scan -- /Applications/Xcode.app/Contents/Developer/Toolchains/XcodeDefault.xctoolchain/usr/bin/clang -x c -ivfsstatcache /Users/aadityasingh/Library/Developer/Xcode/DerivedData/SDKStatCaches.noindex/iphonesimulator26.4-23E252-686eebb5dc1d8ecb277353a59184f4aa.sdkstatcache -target x86_64-apple-ios13.0-simulator -fmessage-length\=0 -fdiagnostics-show-note-include-stack -fmacro-backtrace-limit\=0 -fno-color-diagnostics -fmodules-prune-interval\=86400 -fmodules-prune-after\=345600 -fbuild-session-file\=/Users/aadityasingh/Library/Developer/Xcode/DerivedData/ModuleCache.noindex/Session.modulevalidation -fmodules-validate-once-per-build-session -Wnon-modular-include-in-framework-module -Werror\=non-modular-include-in-framework-module -Wno-trigraphs -Wno-missing-field-initializers -Wno-missing-prototypes -Wno-return-type -Wno-missing-braces -Wparentheses -Wswitch -Wno-unused-function -Wno-unused-label -Wno-unused-parameter -Wno-unused-variable -Wunused-value -Wno-empty-body -Wno-uninitialized -Wno-unknown-pragmas -w -Wno-shadow -Wno-four-char-constants -Wno-conversion -Wno-constant-conversion -Wno-int-conversion -Wno-bool-conversion -Wno-enum-conversion -Wno-float-conversion -Wno-non-literal-null-conversion -Wno-objc-literal-conversion -Wshorten-64-to-32 -Wpointer-sign -Wno-newline-eof -Wno-implicit-fallthrough -isysroot /Applications/Xcode.app/Contents/Developer/Platforms/iPhoneSimulator.platform/Developer/SDKs/iPhoneSimulator26.4.sdk -fstrict-aliasing -Wdeprecated-declarations -Wno-sign-conversion -Wno-infinite-recursion -Wno-comma -Wno-block-capture-autoreleasing -Wno-strict-prototypes -Wno-semicolon-before-method-body -index-store-path /Users/aadityasingh/Library/Developer/Xcode/DerivedData/Chatlio-erkyzdeecsohoaggpwbjdvavzqfv/Index.noindex/DataStore @/Users/aadityasingh/Library/Developer/Xcode/DerivedData/Chatlio-erkyzdeecsohoaggpwbjdvavzqfv/Build/Intermediates.noindex/PostHog.build/Debug-iphonesimulator/phlibwebp.build/Objects-normal/x86_64/7187679823f38a2a940e0043cdf9d637-common-args.resp -MMD -MT dependencies -MF /Users/aadityasingh/Library/Developer/Xcode/DerivedData/Chatlio-erkyzdeecsohoaggpwbjdvavzqfv/Build/Intermediates.noindex/PostHog.build/Debug-iphonesimulator/phlibwebp.build/Objects-normal/x86_64/upsampling_sse41.d --serialize-diagnostics /Users/aadityasingh/Library/Developer/Xcode/DerivedData/Chatlio-erkyzdeecsohoaggpwbjdvavzqfv/Build/Intermediates.noindex/PostHog.build/Debug-iphonesimulator/phlibwebp.build/Objects-normal/x86_64/upsampling_sse41.dia -c /Users/aadityasingh/Library/Developer/Xcode/DerivedData/Chatlio-erkyzdeecsohoaggpwbjdvavzqfv/SourcePackages/checkouts/posthog-ios/vendor/libwebp/upsampling_sse41.c -o /Users/aadityasingh/Library/Developer/Xcode/DerivedData/Chatlio-erkyzdeecsohoaggpwbjdvavzqfv/Build/Intermediates.noindex/PostHog.build/Debug-iphonesimulator/phlibwebp.build/Objects-normal/x86_64/upsampling_sse41.o -index-unit-output-path /PostHog.build/Debug-iphonesimulator/phlibwebp.build/Objects-normal/x86_64/upsampling_sse41.o

ScanDependencies /Users/aadityasingh/Library/Developer/Xcode/DerivedData/Chatlio-erkyzdeecsohoaggpwbjdvavzqfv/Build/Intermediates.noindex/PostHog.build/Debug-iphonesimulator/phlibwebp.build/Objects-normal/x86_64/upsampling_sse2.o /Users/aadityasingh/Library/Developer/Xcode/DerivedData/Chatlio-erkyzdeecsohoaggpwbjdvavzqfv/SourcePackages/checkouts/posthog-ios/vendor/libwebp/upsampling_sse2.c normal x86_64 c com.apple.compilers.llvm.clang.1_0.compiler (in target 'phlibwebp' from project 'PostHog')
    cd /Users/aadityasingh/Documents/Development/element-x-ios/Chatlio.xcodeproj
    
    Using response file: /Users/aadityasingh/Library/Developer/Xcode/DerivedData/Chatlio-erkyzdeecsohoaggpwbjdvavzqfv/Build/Intermediates.noindex/PostHog.build/Debug-iphonesimulator/phlibwebp.build/Objects-normal/x86_64/7187679823f38a2a940e0043cdf9d637-common-args.resp
    
    builtin-ScanDependencies -o /Users/aadityasingh/Library/Developer/Xcode/DerivedData/Chatlio-erkyzdeecsohoaggpwbjdvavzqfv/Build/Intermediates.noindex/PostHog.build/Debug-iphonesimulator/phlibwebp.build/Objects-normal/x86_64/upsampling_sse2.o.scan -- /Applications/Xcode.app/Contents/Developer/Toolchains/XcodeDefault.xctoolchain/usr/bin/clang -x c -ivfsstatcache /Users/aadityasingh/Library/Developer/Xcode/DerivedData/SDKStatCaches.noindex/iphonesimulator26.4-23E252-686eebb5dc1d8ecb277353a59184f4aa.sdkstatcache -target x86_64-apple-ios13.0-simulator -fmessage-length\=0 -fdiagnostics-show-note-include-stack -fmacro-backtrace-limit\=0 -fno-color-diagnostics -fmodules-prune-interval\=86400 -fmodules-prune-after\=345600 -fbuild-session-file\=/Users/aadityasingh/Library/Developer/Xcode/DerivedData/ModuleCache.noindex/Session.modulevalidation -fmodules-validate-once-per-build-session -Wnon-modular-include-in-framework-module -Werror\=non-modular-include-in-framework-module -Wno-trigraphs -Wno-missing-field-initializers -Wno-missing-prototypes -Wno-return-type -Wno-missing-braces -Wparentheses -Wswitch -Wno-unused-function -Wno-unused-label -Wno-unused-parameter -Wno-unused-variable -Wunused-value -Wno-empty-body -Wno-uninitialized -Wno-unknown-pragmas -w -Wno-shadow -Wno-four-char-constants -Wno-conversion -Wno-constant-conversion -Wno-int-conversion -Wno-bool-conversion -Wno-enum-conversion -Wno-float-conversion -Wno-non-literal-null-conversion -Wno-objc-literal-conversion -Wshorten-64-to-32 -Wpointer-sign -Wno-newline-eof -Wno-implicit-fallthrough -isysroot /Applications/Xcode.app/Contents/Developer/Platforms/iPhoneSimulator.platform/Developer/SDKs/iPhoneSimulator26.4.sdk -fstrict-aliasing -Wdeprecated-declarations -Wno-sign-conversion -Wno-infinite-recursion -Wno-comma -Wno-block-capture-autoreleasing -Wno-strict-prototypes -Wno-semicolon-before-method-body -index-store-path /Users/aadityasingh/Library/Developer/Xcode/DerivedData/Chatlio-erkyzdeecsohoaggpwbjdvavzqfv/Index.noindex/DataStore @/Users/aadityasingh/Library/Developer/Xcode/DerivedData/Chatlio-erkyzdeecsohoaggpwbjdvavzqfv/Build/Intermediates.noindex/PostHog.build/Debug-iphonesimulator/phlibwebp.build/Objects-normal/x86_64/7187679823f38a2a940e0043cdf9d637-common-args.resp -MMD -MT dependencies -MF /Users/aadityasingh/Library/Developer/Xcode/DerivedData/Chatlio-erkyzdeecsohoaggpwbjdvavzqfv/Build/Intermediates.noindex/PostHog.build/Debug-iphonesimulator/phlibwebp.build/Objects-normal/x86_64/upsampling_sse2.d --serialize-diagnostics /Users/aadityasingh/Library/Developer/Xcode/DerivedData/Chatlio-erkyzdeecsohoaggpwbjdvavzqfv/Build/Intermediates.noindex/PostHog.build/Debug-iphonesimulator/phlibwebp.build/Objects-normal/x86_64/upsampling_sse2.dia -c /Users/aadityasingh/Library/Developer/Xcode/DerivedData/Chatlio-erkyzdeecsohoaggpwbjdvavzqfv/SourcePackages/checkouts/posthog-ios/vendor/libwebp/upsampling_sse2.c -o /Users/aadityasingh/Library/Developer/Xcode/DerivedData/Chatlio-erkyzdeecsohoaggpwbjdvavzqfv/Build/Intermediates.noindex/PostHog.build/Debug-iphonesimulator/phlibwebp.build/Objects-normal/x86_64/upsampling_sse2.o -index-unit-output-path /PostHog.build/Debug-iphonesimulator/phlibwebp.build/Objects-normal/x86_64/upsampling_sse2.o

ScanDependencies /Users/aadityasingh/Library/Developer/Xcode/DerivedData/Chatlio-erkyzdeecsohoaggpwbjdvavzqfv/Build/Intermediates.noindex/PostHog.build/Debug-iphonesimulator/phlibwebp.build/Objects-normal/x86_64/upsampling_neon.o /Users/aadityasingh/Library/Developer/Xcode/DerivedData/Chatlio-erkyzdeecsohoaggpwbjdvavzqfv/SourcePackages/checkouts/posthog-ios/vendor/libwebp/upsampling_neon.c normal x86_64 c com.apple.compilers.llvm.clang.1_0.compiler (in target 'phlibwebp' from project 'PostHog')
    cd /Users/aadityasingh/Documents/Development/element-x-ios/Chatlio.xcodeproj
    
    Using response file: /Users/aadityasingh/Library/Developer/Xcode/DerivedData/Chatlio-erkyzdeecsohoaggpwbjdvavzqfv/Build/Intermediates.noindex/PostHog.build/Debug-iphonesimulator/phlibwebp.build/Objects-normal/x86_64/7187679823f38a2a940e0043cdf9d637-common-args.resp
    
    builtin-ScanDependencies -o /Users/aadityasingh/Library/Developer/Xcode/DerivedData/Chatlio-erkyzdeecsohoaggpwbjdvavzqfv/Build/Intermediates.noindex/PostHog.build/Debug-iphonesimulator/phlibwebp.build/Objects-normal/x86_64/upsampling_neon.o.scan -- /Applications/Xcode.app/Contents/Developer/Toolchains/XcodeDefault.xctoolchain/usr/bin/clang -x c -ivfsstatcache /Users/aadityasingh/Library/Developer/Xcode/DerivedData/SDKStatCaches.noindex/iphonesimulator26.4-23E252-686eebb5dc1d8ecb277353a59184f4aa.sdkstatcache -target x86_64-apple-ios13.0-simulator -fmessage-length\=0 -fdiagnostics-show-note-include-stack -fmacro-backtrace-limit\=0 -fno-color-diagnostics -fmodules-prune-interval\=86400 -fmodules-prune-after\=345600 -fbuild-session-file\=/Users/aadityasingh/Library/Developer/Xcode/DerivedData/ModuleCache.noindex/Session.modulevalidation -fmodules-validate-once-per-build-session -Wnon-modular-include-in-framework-module -Werror\=non-modular-include-in-framework-module -Wno-trigraphs -Wno-missing-field-initializers -Wno-missing-prototypes -Wno-return-type -Wno-missing-braces -Wparentheses -Wswitch -Wno-unused-function -Wno-unused-label -Wno-unused-parameter -Wno-unused-variable -Wunused-value -Wno-empty-body -Wno-uninitialized -Wno-unknown-pragmas -w -Wno-shadow -Wno-four-char-constants -Wno-conversion -Wno-constant-conversion -Wno-int-conversion -Wno-bool-conversion -Wno-enum-conversion -Wno-float-conversion -Wno-non-literal-null-conversion -Wno-objc-literal-conversion -Wshorten-64-to-32 -Wpointer-sign -Wno-newline-eof -Wno-implicit-fallthrough -isysroot /Applications/Xcode.app/Contents/Developer/Platforms/iPhoneSimulator.platform/Developer/SDKs/iPhoneSimulator26.4.sdk -fstrict-aliasing -Wdeprecated-declarations -Wno-sign-conversion -Wno-infinite-recursion -Wno-comma -Wno-block-capture-autoreleasing -Wno-strict-prototypes -Wno-semicolon-before-method-body -index-store-path /Users/aadityasingh/Library/Developer/Xcode/DerivedData/Chatlio-erkyzdeecsohoaggpwbjdvavzqfv/Index.noindex/DataStore @/Users/aadityasingh/Library/Developer/Xcode/DerivedData/Chatlio-erkyzdeecsohoaggpwbjdvavzqfv/Build/Intermediates.noindex/PostHog.build/Debug-iphonesimulator/phlibwebp.build/Objects-normal/x86_64/7187679823f38a2a940e0043cdf9d637-common-args.resp -MMD -MT dependencies -MF /Users/aadityasingh/Library/Developer/Xcode/DerivedData/Chatlio-erkyzdeecsohoaggpwbjdvavzqfv/Build/Intermediates.noindex/PostHog.build/Debug-iphonesimulator/phlibwebp.build/Objects-normal/x86_64/upsampling_neon.d --serialize-diagnostics /Users/aadityasingh/Library/Developer/Xcode/DerivedData/Chatlio-erkyzdeecsohoaggpwbjdvavzqfv/Build/Intermediates.noindex/PostHog.build/Debug-iphonesimulator/phlibwebp.build/Objects-normal/x86_64/upsampling_neon.dia -c /Users/aadityasingh/Library/Developer/Xcode/DerivedData/Chatlio-erkyzdeecsohoaggpwbjdvavzqfv/SourcePackages/checkouts/posthog-ios/vendor/libwebp/upsampling_neon.c -o /Users/aadityasingh/Library/Developer/Xcode/DerivedData/Chatlio-erkyzdeecsohoaggpwbjdvavzqfv/Build/Intermediates.noindex/PostHog.build/Debug-iphonesimulator/phlibwebp.build/Objects-normal/x86_64/upsampling_neon.o -index-unit-output-path /PostHog.build/Debug-iphonesimulator/phlibwebp.build/Objects-normal/x86_64/upsampling_neon.o

ScanDependencies /Users/aadityasingh/Library/Developer/Xcode/DerivedData/Chatlio-erkyzdeecsohoaggpwbjdvavzqfv/Build/Intermediates.noindex/PostHog.build/Debug-iphonesimulator/phlibwebp.build/Objects-normal/x86_64/upsampling.o /Users/aadityasingh/Library/Developer/Xcode/DerivedData/Chatlio-erkyzdeecsohoaggpwbjdvavzqfv/SourcePackages/checkouts/posthog-ios/vendor/libwebp/upsampling.c normal x86_64 c com.apple.compilers.llvm.clang.1_0.compiler (in target 'phlibwebp' from project 'PostHog')
    cd /Users/aadityasingh/Documents/Development/element-x-ios/Chatlio.xcodeproj
    
    Using response file: /Users/aadityasingh/Library/Developer/Xcode/DerivedData/Chatlio-erkyzdeecsohoaggpwbjdvavzqfv/Build/Intermediates.noindex/PostHog.build/Debug-iphonesimulator/phlibwebp.build/Objects-normal/x86_64/7187679823f38a2a940e0043cdf9d637-common-args.resp
    
    builtin-ScanDependencies -o /Users/aadityasingh/Library/Developer/Xcode/DerivedData/Chatlio-erkyzdeecsohoaggpwbjdvavzqfv/Build/Intermediates.noindex/PostHog.build/Debug-iphonesimulator/phlibwebp.build/Objects-normal/x86_64/upsampling.o.scan -- /Applications/Xcode.app/Contents/Developer/Toolchains/XcodeDefault.xctoolchain/usr/bin/clang -x c -ivfsstatcache /Users/aadityasingh/Library/Developer/Xcode/DerivedData/SDKStatCaches.noindex/iphonesimulator26.4-23E252-686eebb5dc1d8ecb277353a59184f4aa.sdkstatcache -target x86_64-apple-ios13.0-simulator -fmessage-length\=0 -fdiagnostics-show-note-include-stack -fmacro-backtrace-limit\=0 -fno-color-diagnostics -fmodules-prune-interval\=86400 -fmodules-prune-after\=345600 -fbuild-session-file\=/Users/aadityasingh/Library/Developer/Xcode/DerivedData/ModuleCache.noindex/Session.modulevalidation -fmodules-validate-once-per-build-session -Wnon-modular-include-in-framework-module -Werror\=non-modular-include-in-framework-module -Wno-trigraphs -Wno-missing-field-initializers -Wno-missing-prototypes -Wno-return-type -Wno-missing-braces -Wparentheses -Wswitch -Wno-unused-function -Wno-unused-label -Wno-unused-parameter -Wno-unused-variable -Wunused-value -Wno-empty-body -Wno-uninitialized -Wno-unknown-pragmas -w -Wno-shadow -Wno-four-char-constants -Wno-conversion -Wno-constant-conversion -Wno-int-conversion -Wno-bool-conversion -Wno-enum-conversion -Wno-float-conversion -Wno-non-literal-null-conversion -Wno-objc-literal-conversion -Wshorten-64-to-32 -Wpointer-sign -Wno-newline-eof -Wno-implicit-fallthrough -isysroot /Applications/Xcode.app/Contents/Developer/Platforms/iPhoneSimulator.platform/Developer/SDKs/iPhoneSimulator26.4.sdk -fstrict-aliasing -Wdeprecated-declarations -Wno-sign-conversion -Wno-infinite-recursion -Wno-comma -Wno-block-capture-autoreleasing -Wno-strict-prototypes -Wno-semicolon-before-method-body -index-store-path /Users/aadityasingh/Library/Developer/Xcode/DerivedData/Chatlio-erkyzdeecsohoaggpwbjdvavzqfv/Index.noindex/DataStore @/Users/aadityasingh/Library/Developer/Xcode/DerivedData/Chatlio-erkyzdeecsohoaggpwbjdvavzqfv/Build/Intermediates.noindex/PostHog.build/Debug-iphonesimulator/phlibwebp.build/Objects-normal/x86_64/7187679823f38a2a940e0043cdf9d637-common-args.resp -MMD -MT dependencies -MF /Users/aadityasingh/Library/Developer/Xcode/DerivedData/Chatlio-erkyzdeecsohoaggpwbjdvavzqfv/Build/Intermediates.noindex/PostHog.build/Debug-iphonesimulator/phlibwebp.build/Objects-normal/x86_64/upsampling.d --serialize-diagnostics /Users/aadityasingh/Library/Developer/Xcode/DerivedData/Chatlio-erkyzdeecsohoaggpwbjdvavzqfv/Build/Intermediates.noindex/PostHog.build/Debug-iphonesimulator/phlibwebp.build/Objects-normal/x86_64/upsampling.dia -c /Users/aadityasingh/Library/Developer/Xcode/DerivedData/Chatlio-erkyzdeecsohoaggpwbjdvavzqfv/SourcePackages/checkouts/posthog-ios/vendor/libwebp/upsampling.c -o /Users/aadityasingh/Library/Developer/Xcode/DerivedData/Chatlio-erkyzdeecsohoaggpwbjdvavzqfv/Build/Intermediates.noindex/PostHog.build/Debug-iphonesimulator/phlibwebp.build/Objects-normal/x86_64/upsampling.o -index-unit-output-path /PostHog.build/Debug-iphonesimulator/phlibwebp.build/Objects-normal/x86_64/upsampling.o

ScanDependencies /Users/aadityasingh/Library/Developer/Xcode/DerivedData/Chatlio-erkyzdeecsohoaggpwbjdvavzqfv/Build/Intermediates.noindex/PostHog.build/Debug-iphonesimulator/phlibwebp.build/Objects-normal/x86_64/tree_enc.o /Users/aadityasingh/Library/Developer/Xcode/DerivedData/Chatlio-erkyzdeecsohoaggpwbjdvavzqfv/SourcePackages/checkouts/posthog-ios/vendor/libwebp/tree_enc.c normal x86_64 c com.apple.compilers.llvm.clang.1_0.compiler (in target 'phlibwebp' from project 'PostHog')
    cd /Users/aadityasingh/Documents/Development/element-x-ios/Chatlio.xcodeproj
    
    Using response file: /Users/aadityasingh/Library/Developer/Xcode/DerivedData/Chatlio-erkyzdeecsohoaggpwbjdvavzqfv/Build/Intermediates.noindex/PostHog.build/Debug-iphonesimulator/phlibwebp.build/Objects-normal/x86_64/7187679823f38a2a940e0043cdf9d637-common-args.resp
    
    builtin-ScanDependencies -o /Users/aadityasingh/Library/Developer/Xcode/DerivedData/Chatlio-erkyzdeecsohoaggpwbjdvavzqfv/Build/Intermediates.noindex/PostHog.build/Debug-iphonesimulator/phlibwebp.build/Objects-normal/x86_64/tree_enc.o.scan -- /Applications/Xcode.app/Contents/Developer/Toolchains/XcodeDefault.xctoolchain/usr/bin/clang -x c -ivfsstatcache /Users/aadityasingh/Library/Developer/Xcode/DerivedData/SDKStatCaches.noindex/iphonesimulator26.4-23E252-686eebb5dc1d8ecb277353a59184f4aa.sdkstatcache -target x86_64-apple-ios13.0-simulator -fmessage-length\=0 -fdiagnostics-show-note-include-stack -fmacro-backtrace-limit\=0 -fno-color-diagnostics -fmodules-prune-interval\=86400 -fmodules-prune-after\=345600 -fbuild-session-file\=/Users/aadityasingh/Library/Developer/Xcode/DerivedData/ModuleCache.noindex/Session.modulevalidation -fmodules-validate-once-per-build-session -Wnon-modular-include-in-framework-module -Werror\=non-modular-include-in-framework-module -Wno-trigraphs -Wno-missing-field-initializers -Wno-missing-prototypes -Wno-return-type -Wno-missing-braces -Wparentheses -Wswitch -Wno-unused-function -Wno-unused-label -Wno-unused-parameter -Wno-unused-variable -Wunused-value -Wno-empty-body -Wno-uninitialized -Wno-unknown-pragmas -w -Wno-shadow -Wno-four-char-constants -Wno-conversion -Wno-constant-conversion -Wno-int-conversion -Wno-bool-conversion -Wno-enum-conversion -Wno-float-conversion -Wno-non-literal-null-conversion -Wno-objc-literal-conversion -Wshorten-64-to-32 -Wpointer-sign -Wno-newline-eof -Wno-implicit-fallthrough -isysroot /Applications/Xcode.app/Contents/Developer/Platforms/iPhoneSimulator.platform/Developer/SDKs/iPhoneSimulator26.4.sdk -fstrict-aliasing -Wdeprecated-declarations -Wno-sign-conversion -Wno-infinite-recursion -Wno-comma -Wno-block-capture-autoreleasing -Wno-strict-prototypes -Wno-semicolon-before-method-body -index-store-path /Users/aadityasingh/Library/Developer/Xcode/DerivedData/Chatlio-erkyzdeecsohoaggpwbjdvavzqfv/Index.noindex/DataStore @/Users/aadityasingh/Library/Developer/Xcode/DerivedData/Chatlio-erkyzdeecsohoaggpwbjdvavzqfv/Build/Intermediates.noindex/PostHog.build/Debug-iphonesimulator/phlibwebp.build/Objects-normal/x86_64/7187679823f38a2a940e0043cdf9d637-common-args.resp -MMD -MT dependencies -MF /Users/aadityasingh/Library/Developer/Xcode/DerivedData/Chatlio-erkyzdeecsohoaggpwbjdvavzqfv/Build/Intermediates.noindex/PostHog.build/Debug-iphonesimulator/phlibwebp.build/Objects-normal/x86_64/tree_enc.d --serialize-diagnostics /Users/aadityasingh/Library/Developer/Xcode/DerivedData/Chatlio-erkyzdeecsohoaggpwbjdvavzqfv/Build/Intermediates.noindex/PostHog.build/Debug-iphonesimulator/phlibwebp.build/Objects-normal/x86_64/tree_enc.dia -c /Users/aadityasingh/Library/Developer/Xcode/DerivedData/Chatlio-erkyzdeecsohoaggpwbjdvavzqfv/SourcePackages/checkouts/posthog-ios/vendor/libwebp/tree_enc.c -o /Users/aadityasingh/Library/Developer/Xcode/DerivedData/Chatlio-erkyzdeecsohoaggpwbjdvavzqfv/Build/Intermediates.noindex/PostHog.build/Debug-iphonesimulator/phlibwebp.build/Objects-normal/x86_64/tree_enc.o -index-unit-output-path /PostHog.build/Debug-iphonesimulator/phlibwebp.build/Objects-normal/x86_64/tree_enc.o

ScanDependencies /Users/aadityasingh/Library/Developer/Xcode/DerivedData/Chatlio-erkyzdeecsohoaggpwbjdvavzqfv/Build/Intermediates.noindex/PostHog.build/Debug-iphonesimulator/phlibwebp.build/Objects-normal/x86_64/token_enc.o /Users/aadityasingh/Library/Developer/Xcode/DerivedData/Chatlio-erkyzdeecsohoaggpwbjdvavzqfv/SourcePackages/checkouts/posthog-ios/vendor/libwebp/token_enc.c normal x86_64 c com.apple.compilers.llvm.clang.1_0.compiler (in target 'phlibwebp' from project 'PostHog')
    cd /Users/aadityasingh/Documents/Development/element-x-ios/Chatlio.xcodeproj
    
    Using response file: /Users/aadityasingh/Library/Developer/Xcode/DerivedData/Chatlio-erkyzdeecsohoaggpwbjdvavzqfv/Build/Intermediates.noindex/PostHog.build/Debug-iphonesimulator/phlibwebp.build/Objects-normal/x86_64/7187679823f38a2a940e0043cdf9d637-common-args.resp
    
    builtin-ScanDependencies -o /Users/aadityasingh/Library/Developer/Xcode/DerivedData/Chatlio-erkyzdeecsohoaggpwbjdvavzqfv/Build/Intermediates.noindex/PostHog.build/Debug-iphonesimulator/phlibwebp.build/Objects-normal/x86_64/token_enc.o.scan -- /Applications/Xcode.app/Contents/Developer/Toolchains/XcodeDefault.xctoolchain/usr/bin/clang -x c -ivfsstatcache /Users/aadityasingh/Library/Developer/Xcode/DerivedData/SDKStatCaches.noindex/iphonesimulator26.4-23E252-686eebb5dc1d8ecb277353a59184f4aa.sdkstatcache -target x86_64-apple-ios13.0-simulator -fmessage-length\=0 -fdiagnostics-show-note-include-stack -fmacro-backtrace-limit\=0 -fno-color-diagnostics -fmodules-prune-interval\=86400 -fmodules-prune-after\=345600 -fbuild-session-file\=/Users/aadityasingh/Library/Developer/Xcode/DerivedData/ModuleCache.noindex/Session.modulevalidation -fmodules-validate-once-per-build-session -Wnon-modular-include-in-framework-module -Werror\=non-modular-include-in-framework-module -Wno-trigraphs -Wno-missing-field-initializers -Wno-missing-prototypes -Wno-return-type -Wno-missing-braces -Wparentheses -Wswitch -Wno-unused-function -Wno-unused-label -Wno-unused-parameter -Wno-unused-variable -Wunused-value -Wno-empty-body -Wno-uninitialized -Wno-unknown-pragmas -w -Wno-shadow -Wno-four-char-constants -Wno-conversion -Wno-constant-conversion -Wno-int-conversion -Wno-bool-conversion -Wno-enum-conversion -Wno-float-conversion -Wno-non-literal-null-conversion -Wno-objc-literal-conversion -Wshorten-64-to-32 -Wpointer-sign -Wno-newline-eof -Wno-implicit-fallthrough -isysroot /Applications/Xcode.app/Contents/Developer/Platforms/iPhoneSimulator.platform/Developer/SDKs/iPhoneSimulator26.4.sdk -fstrict-aliasing -Wdeprecated-declarations -Wno-sign-conversion -Wno-infinite-recursion -Wno-comma -Wno-block-capture-autoreleasing -Wno-strict-prototypes -Wno-semicolon-before-method-body -index-store-path /Users/aadityasingh/Library/Developer/Xcode/DerivedData/Chatlio-erkyzdeecsohoaggpwbjdvavzqfv/Index.noindex/DataStore @/Users/aadityasingh/Library/Developer/Xcode/DerivedData/Chatlio-erkyzdeecsohoaggpwbjdvavzqfv/Build/Intermediates.noindex/PostHog.build/Debug-iphonesimulator/phlibwebp.build/Objects-normal/x86_64/7187679823f38a2a940e0043cdf9d637-common-args.resp -MMD -MT dependencies -MF /Users/aadityasingh/Library/Developer/Xcode/DerivedData/Chatlio-erkyzdeecsohoaggpwbjdvavzqfv/Build/Intermediates.noindex/PostHog.build/Debug-iphonesimulator/phlibwebp.build/Objects-normal/x86_64/token_enc.d --serialize-diagnostics /Users/aadityasingh/Library/Developer/Xcode/DerivedData/Chatlio-erkyzdeecsohoaggpwbjdvavzqfv/Build/Intermediates.noindex/PostHog.build/Debug-iphonesimulator/phlibwebp.build/Objects-normal/x86_64/token_enc.dia -c /Users/aadityasingh/Library/Developer/Xcode/DerivedData/Chatlio-erkyzdeecsohoaggpwbjdvavzqfv/SourcePackages/checkouts/posthog-ios/vendor/libwebp/token_enc.c -o /Users/aadityasingh/Library/Developer/Xcode/DerivedData/Chatlio-erkyzdeecsohoaggpwbjdvavzqfv/Build/Intermediates.noindex/PostHog.build/Debug-iphonesimulator/phlibwebp.build/Objects-normal/x86_64/token_enc.o -index-unit-output-path /PostHog.build/Debug-iphonesimulator/phlibwebp.build/Objects-normal/x86_64/token_enc.o

ScanDependencies /Users/aadityasingh/Library/Developer/Xcode/DerivedData/Chatlio-erkyzdeecsohoaggpwbjdvavzqfv/Build/Intermediates.noindex/PostHog.build/Debug-iphonesimulator/phlibwebp.build/Objects-normal/x86_64/thread_utils.o /Users/aadityasingh/Library/Developer/Xcode/DerivedData/Chatlio-erkyzdeecsohoaggpwbjdvavzqfv/SourcePackages/checkouts/posthog-ios/vendor/libwebp/thread_utils.c normal x86_64 c com.apple.compilers.llvm.clang.1_0.compiler (in target 'phlibwebp' from project 'PostHog')
    cd /Users/aadityasingh/Documents/Development/element-x-ios/Chatlio.xcodeproj
    
    Using response file: /Users/aadityasingh/Library/Developer/Xcode/DerivedData/Chatlio-erkyzdeecsohoaggpwbjdvavzqfv/Build/Intermediates.noindex/PostHog.build/Debug-iphonesimulator/phlibwebp.build/Objects-normal/x86_64/7187679823f38a2a940e0043cdf9d637-common-args.resp
    
    builtin-ScanDependencies -o /Users/aadityasingh/Library/Developer/Xcode/DerivedData/Chatlio-erkyzdeecsohoaggpwbjdvavzqfv/Build/Intermediates.noindex/PostHog.build/Debug-iphonesimulator/phlibwebp.build/Objects-normal/x86_64/thread_utils.o.scan -- /Applications/Xcode.app/Contents/Developer/Toolchains/XcodeDefault.xctoolchain/usr/bin/clang -x c -ivfsstatcache /Users/aadityasingh/Library/Developer/Xcode/DerivedData/SDKStatCaches.noindex/iphonesimulator26.4-23E252-686eebb5dc1d8ecb277353a59184f4aa.sdkstatcache -target x86_64-apple-ios13.0-simulator -fmessage-length\=0 -fdiagnostics-show-note-include-stack -fmacro-backtrace-limit\=0 -fno-color-diagnostics -fmodules-prune-interval\=86400 -fmodules-prune-after\=345600 -fbuild-session-file\=/Users/aadityasingh/Library/Developer/Xcode/DerivedData/ModuleCache.noindex/Session.modulevalidation -fmodules-validate-once-per-build-session -Wnon-modular-include-in-framework-module -Werror\=non-modular-include-in-framework-module -Wno-trigraphs -Wno-missing-field-initializers -Wno-missing-prototypes -Wno-return-type -Wno-missing-braces -Wparentheses -Wswitch -Wno-unused-function -Wno-unused-label -Wno-unused-parameter -Wno-unused-variable -Wunused-value -Wno-empty-body -Wno-uninitialized -Wno-unknown-pragmas -w -Wno-shadow -Wno-four-char-constants -Wno-conversion -Wno-constant-conversion -Wno-int-conversion -Wno-bool-conversion -Wno-enum-conversion -Wno-float-conversion -Wno-non-literal-null-conversion -Wno-objc-literal-conversion -Wshorten-64-to-32 -Wpointer-sign -Wno-newline-eof -Wno-implicit-fallthrough -isysroot /Applications/Xcode.app/Contents/Developer/Platforms/iPhoneSimulator.platform/Developer/SDKs/iPhoneSimulator26.4.sdk -fstrict-aliasing -Wdeprecated-declarations -Wno-sign-conversion -Wno-infinite-recursion -Wno-comma -Wno-block-capture-autoreleasing -Wno-strict-prototypes -Wno-semicolon-before-method-body -index-store-path /Users/aadityasingh/Library/Developer/Xcode/DerivedData/Chatlio-erkyzdeecsohoaggpwbjdvavzqfv/Index.noindex/DataStore @/Users/aadityasingh/Library/Developer/Xcode/DerivedData/Chatlio-erkyzdeecsohoaggpwbjdvavzqfv/Build/Intermediates.noindex/PostHog.build/Debug-iphonesimulator/phlibwebp.build/Objects-normal/x86_64/7187679823f38a2a940e0043cdf9d637-common-args.resp -MMD -MT dependencies -MF /Users/aadityasingh/Library/Developer/Xcode/DerivedData/Chatlio-erkyzdeecsohoaggpwbjdvavzqfv/Build/Intermediates.noindex/PostHog.build/Debug-iphonesimulator/phlibwebp.build/Objects-normal/x86_64/thread_utils.d --serialize-diagnostics /Users/aadityasingh/Library/Developer/Xcode/DerivedData/Chatlio-erkyzdeecsohoaggpwbjdvavzqfv/Build/Intermediates.noindex/PostHog.build/Debug-iphonesimulator/phlibwebp.build/Objects-normal/x86_64/thread_utils.dia -c /Users/aadityasingh/Library/Developer/Xcode/DerivedData/Chatlio-erkyzdeecsohoaggpwbjdvavzqfv/SourcePackages/checkouts/posthog-ios/vendor/libwebp/thread_utils.c -o /Users/aadityasingh/Library/Developer/Xcode/DerivedData/Chatlio-erkyzdeecsohoaggpwbjdvavzqfv/Build/Intermediates.noindex/PostHog.build/Debug-iphonesimulator/phlibwebp.build/Objects-normal/x86_64/thread_utils.o -index-unit-output-path /PostHog.build/Debug-iphonesimulator/phlibwebp.build/Objects-normal/x86_64/thread_utils.o

ScanDependencies /Users/aadityasingh/Library/Developer/Xcode/DerivedData/Chatlio-erkyzdeecsohoaggpwbjdvavzqfv/Build/Intermediates.noindex/PostHog.build/Debug-iphonesimulator/phlibwebp.build/Objects-normal/x86_64/syntax_enc.o /Users/aadityasingh/Library/Developer/Xcode/DerivedData/Chatlio-erkyzdeecsohoaggpwbjdvavzqfv/SourcePackages/checkouts/posthog-ios/vendor/libwebp/syntax_enc.c normal x86_64 c com.apple.compilers.llvm.clang.1_0.compiler (in target 'phlibwebp' from project 'PostHog')
    cd /Users/aadityasingh/Documents/Development/element-x-ios/Chatlio.xcodeproj
    
    Using response file: /Users/aadityasingh/Library/Developer/Xcode/DerivedData/Chatlio-erkyzdeecsohoaggpwbjdvavzqfv/Build/Intermediates.noindex/PostHog.build/Debug-iphonesimulator/phlibwebp.build/Objects-normal/x86_64/7187679823f38a2a940e0043cdf9d637-common-args.resp
    
    builtin-ScanDependencies -o /Users/aadityasingh/Library/Developer/Xcode/DerivedData/Chatlio-erkyzdeecsohoaggpwbjdvavzqfv/Build/Intermediates.noindex/PostHog.build/Debug-iphonesimulator/phlibwebp.build/Objects-normal/x86_64/syntax_enc.o.scan -- /Applications/Xcode.app/Contents/Developer/Toolchains/XcodeDefault.xctoolchain/usr/bin/clang -x c -ivfsstatcache /Users/aadityasingh/Library/Developer/Xcode/DerivedData/SDKStatCaches.noindex/iphonesimulator26.4-23E252-686eebb5dc1d8ecb277353a59184f4aa.sdkstatcache -target x86_64-apple-ios13.0-simulator -fmessage-length\=0 -fdiagnostics-show-note-include-stack -fmacro-backtrace-limit\=0 -fno-color-diagnostics -fmodules-prune-interval\=86400 -fmodules-prune-after\=345600 -fbuild-session-file\=/Users/aadityasingh/Library/Developer/Xcode/DerivedData/ModuleCache.noindex/Session.modulevalidation -fmodules-validate-once-per-build-session -Wnon-modular-include-in-framework-module -Werror\=non-modular-include-in-framework-module -Wno-trigraphs -Wno-missing-field-initializers -Wno-missing-prototypes -Wno-return-type -Wno-missing-braces -Wparentheses -Wswitch -Wno-unused-function -Wno-unused-label -Wno-unused-parameter -Wno-unused-variable -Wunused-value -Wno-empty-body -Wno-uninitialized -Wno-unknown-pragmas -w -Wno-shadow -Wno-four-char-constants -Wno-conversion -Wno-constant-conversion -Wno-int-conversion -Wno-bool-conversion -Wno-enum-conversion -Wno-float-conversion -Wno-non-literal-null-conversion -Wno-objc-literal-conversion -Wshorten-64-to-32 -Wpointer-sign -Wno-newline-eof -Wno-implicit-fallthrough -isysroot /Applications/Xcode.app/Contents/Developer/Platforms/iPhoneSimulator.platform/Developer/SDKs/iPhoneSimulator26.4.sdk -fstrict-aliasing -Wdeprecated-declarations -Wno-sign-conversion -Wno-infinite-recursion -Wno-comma -Wno-block-capture-autoreleasing -Wno-strict-prototypes -Wno-semicolon-before-method-body -index-store-path /Users/aadityasingh/Library/Developer/Xcode/DerivedData/Chatlio-erkyzdeecsohoaggpwbjdvavzqfv/Index.noindex/DataStore @/Users/aadityasingh/Library/Developer/Xcode/DerivedData/Chatlio-erkyzdeecsohoaggpwbjdvavzqfv/Build/Intermediates.noindex/PostHog.build/Debug-iphonesimulator/phlibwebp.build/Objects-normal/x86_64/7187679823f38a2a940e0043cdf9d637-common-args.resp -MMD -MT dependencies -MF /Users/aadityasingh/Library/Developer/Xcode/DerivedData/Chatlio-erkyzdeecsohoaggpwbjdvavzqfv/Build/Intermediates.noindex/PostHog.build/Debug-iphonesimulator/phlibwebp.build/Objects-normal/x86_64/syntax_enc.d --serialize-diagnostics /Users/aadityasingh/Library/Developer/Xcode/DerivedData/Chatlio-erkyzdeecsohoaggpwbjdvavzqfv/Build/Intermediates.noindex/PostHog.build/Debug-iphonesimulator/phlibwebp.build/Objects-normal/x86_64/syntax_enc.dia -c /Users/aadityasingh/Library/Developer/Xcode/DerivedData/Chatlio-erkyzdeecsohoaggpwbjdvavzqfv/SourcePackages/checkouts/posthog-ios/vendor/libwebp/syntax_enc.c -o /Users/aadityasingh/Library/Developer/Xcode/DerivedData/Chatlio-erkyzdeecsohoaggpwbjdvavzqfv/Build/Intermediates.noindex/PostHog.build/Debug-iphonesimulator/phlibwebp.build/Objects-normal/x86_64/syntax_enc.o -index-unit-output-path /PostHog.build/Debug-iphonesimulator/phlibwebp.build/Objects-normal/x86_64/syntax_enc.o

ScanDependencies /Users/aadityasingh/Library/Developer/Xcode/DerivedData/Chatlio-erkyzdeecsohoaggpwbjdvavzqfv/Build/Intermediates.noindex/PostHog.build/Debug-iphonesimulator/phlibwebp.build/Objects-normal/x86_64/ssim_sse2.o /Users/aadityasingh/Library/Developer/Xcode/DerivedData/Chatlio-erkyzdeecsohoaggpwbjdvavzqfv/SourcePackages/checkouts/posthog-ios/vendor/libwebp/ssim_sse2.c normal x86_64 c com.apple.compilers.llvm.clang.1_0.compiler (in target 'phlibwebp' from project 'PostHog')
    cd /Users/aadityasingh/Documents/Development/element-x-ios/Chatlio.xcodeproj
    
    Using response file: /Users/aadityasingh/Library/Developer/Xcode/DerivedData/Chatlio-erkyzdeecsohoaggpwbjdvavzqfv/Build/Intermediates.noindex/PostHog.build/Debug-iphonesimulator/phlibwebp.build/Objects-normal/x86_64/7187679823f38a2a940e0043cdf9d637-common-args.resp
    
    builtin-ScanDependencies -o /Users/aadityasingh/Library/Developer/Xcode/DerivedData/Chatlio-erkyzdeecsohoaggpwbjdvavzqfv/Build/Intermediates.noindex/PostHog.build/Debug-iphonesimulator/phlibwebp.build/Objects-normal/x86_64/ssim_sse2.o.scan -- /Applications/Xcode.app/Contents/Developer/Toolchains/XcodeDefault.xctoolchain/usr/bin/clang -x c -ivfsstatcache /Users/aadityasingh/Library/Developer/Xcode/DerivedData/SDKStatCaches.noindex/iphonesimulator26.4-23E252-686eebb5dc1d8ecb277353a59184f4aa.sdkstatcache -target x86_64-apple-ios13.0-simulator -fmessage-length\=0 -fdiagnostics-show-note-include-stack -fmacro-backtrace-limit\=0 -fno-color-diagnostics -fmodules-prune-interval\=86400 -fmodules-prune-after\=345600 -fbuild-session-file\=/Users/aadityasingh/Library/Developer/Xcode/DerivedData/ModuleCache.noindex/Session.modulevalidation -fmodules-validate-once-per-build-session -Wnon-modular-include-in-framework-module -Werror\=non-modular-include-in-framework-module -Wno-trigraphs -Wno-missing-field-initializers -Wno-missing-prototypes -Wno-return-type -Wno-missing-braces -Wparentheses -Wswitch -Wno-unused-function -Wno-unused-label -Wno-unused-parameter -Wno-unused-variable -Wunused-value -Wno-empty-body -Wno-uninitialized -Wno-unknown-pragmas -w -Wno-shadow -Wno-four-char-constants -Wno-conversion -Wno-constant-conversion -Wno-int-conversion -Wno-bool-conversion -Wno-enum-conversion -Wno-float-conversion -Wno-non-literal-null-conversion -Wno-objc-literal-conversion -Wshorten-64-to-32 -Wpointer-sign -Wno-newline-eof -Wno-implicit-fallthrough -isysroot /Applications/Xcode.app/Contents/Developer/Platforms/iPhoneSimulator.platform/Developer/SDKs/iPhoneSimulator26.4.sdk -fstrict-aliasing -Wdeprecated-declarations -Wno-sign-conversion -Wno-infinite-recursion -Wno-comma -Wno-block-capture-autoreleasing -Wno-strict-prototypes -Wno-semicolon-before-method-body -index-store-path /Users/aadityasingh/Library/Developer/Xcode/DerivedData/Chatlio-erkyzdeecsohoaggpwbjdvavzqfv/Index.noindex/DataStore @/Users/aadityasingh/Library/Developer/Xcode/DerivedData/Chatlio-erkyzdeecsohoaggpwbjdvavzqfv/Build/Intermediates.noindex/PostHog.build/Debug-iphonesimulator/phlibwebp.build/Objects-normal/x86_64/7187679823f38a2a940e0043cdf9d637-common-args.resp -MMD -MT dependencies -MF /Users/aadityasingh/Library/Developer/Xcode/DerivedData/Chatlio-erkyzdeecsohoaggpwbjdvavzqfv/Build/Intermediates.noindex/PostHog.build/Debug-iphonesimulator/phlibwebp.build/Objects-normal/x86_64/ssim_sse2.d --serialize-diagnostics /Users/aadityasingh/Library/Developer/Xcode/DerivedData/Chatlio-erkyzdeecsohoaggpwbjdvavzqfv/Build/Intermediates.noindex/PostHog.build/Debug-iphonesimulator/phlibwebp.build/Objects-normal/x86_64/ssim_sse2.dia -c /Users/aadityasingh/Library/Developer/Xcode/DerivedData/Chatlio-erkyzdeecsohoaggpwbjdvavzqfv/SourcePackages/checkouts/posthog-ios/vendor/libwebp/ssim_sse2.c -o /Users/aadityasingh/Library/Developer/Xcode/DerivedData/Chatlio-erkyzdeecsohoaggpwbjdvavzqfv/Build/Intermediates.noindex/PostHog.build/Debug-iphonesimulator/phlibwebp.build/Objects-normal/x86_64/ssim_sse2.o -index-unit-output-path /PostHog.build/Debug-iphonesimulator/phlibwebp.build/Objects-normal/x86_64/ssim_sse2.o

ScanDependencies /Users/aadityasingh/Library/Developer/Xcode/DerivedData/Chatlio-erkyzdeecsohoaggpwbjdvavzqfv/Build/Intermediates.noindex/PostHog.build/Debug-iphonesimulator/phlibwebp.build/Objects-normal/x86_64/ssim.o /Users/aadityasingh/Library/Developer/Xcode/DerivedData/Chatlio-erkyzdeecsohoaggpwbjdvavzqfv/SourcePackages/checkouts/posthog-ios/vendor/libwebp/ssim.c normal x86_64 c com.apple.compilers.llvm.clang.1_0.compiler (in target 'phlibwebp' from project 'PostHog')
    cd /Users/aadityasingh/Documents/Development/element-x-ios/Chatlio.xcodeproj
    
    Using response file: /Users/aadityasingh/Library/Developer/Xcode/DerivedData/Chatlio-erkyzdeecsohoaggpwbjdvavzqfv/Build/Intermediates.noindex/PostHog.build/Debug-iphonesimulator/phlibwebp.build/Objects-normal/x86_64/7187679823f38a2a940e0043cdf9d637-common-args.resp
    
    builtin-ScanDependencies -o /Users/aadityasingh/Library/Developer/Xcode/DerivedData/Chatlio-erkyzdeecsohoaggpwbjdvavzqfv/Build/Intermediates.noindex/PostHog.build/Debug-iphonesimulator/phlibwebp.build/Objects-normal/x86_64/ssim.o.scan -- /Applications/Xcode.app/Contents/Developer/Toolchains/XcodeDefault.xctoolchain/usr/bin/clang -x c -ivfsstatcache /Users/aadityasingh/Library/Developer/Xcode/DerivedData/SDKStatCaches.noindex/iphonesimulator26.4-23E252-686eebb5dc1d8ecb277353a59184f4aa.sdkstatcache -target x86_64-apple-ios13.0-simulator -fmessage-length\=0 -fdiagnostics-show-note-include-stack -fmacro-backtrace-limit\=0 -fno-color-diagnostics -fmodules-prune-interval\=86400 -fmodules-prune-after\=345600 -fbuild-session-file\=/Users/aadityasingh/Library/Developer/Xcode/DerivedData/ModuleCache.noindex/Session.modulevalidation -fmodules-validate-once-per-build-session -Wnon-modular-include-in-framework-module -Werror\=non-modular-include-in-framework-module -Wno-trigraphs -Wno-missing-field-initializers -Wno-missing-prototypes -Wno-return-type -Wno-missing-braces -Wparentheses -Wswitch -Wno-unused-function -Wno-unused-label -Wno-unused-parameter -Wno-unused-variable -Wunused-value -Wno-empty-body -Wno-uninitialized -Wno-unknown-pragmas -w -Wno-shadow -Wno-four-char-constants -Wno-conversion -Wno-constant-conversion -Wno-int-conversion -Wno-bool-conversion -Wno-enum-conversion -Wno-float-conversion -Wno-non-literal-null-conversion -Wno-objc-literal-conversion -Wshorten-64-to-32 -Wpointer-sign -Wno-newline-eof -Wno-implicit-fallthrough -isysroot /Applications/Xcode.app/Contents/Developer/Platforms/iPhoneSimulator.platform/Developer/SDKs/iPhoneSimulator26.4.sdk -fstrict-aliasing -Wdeprecated-declarations -Wno-sign-conversion -Wno-infinite-recursion -Wno-comma -Wno-block-capture-autoreleasing -Wno-strict-prototypes -Wno-semicolon-before-method-body -index-store-path /Users/aadityasingh/Library/Developer/Xcode/DerivedData/Chatlio-erkyzdeecsohoaggpwbjdvavzqfv/Index.noindex/DataStore @/Users/aadityasingh/Library/Developer/Xcode/DerivedData/Chatlio-erkyzdeecsohoaggpwbjdvavzqfv/Build/Intermediates.noindex/PostHog.build/Debug-iphonesimulator/phlibwebp.build/Objects-normal/x86_64/7187679823f38a2a940e0043cdf9d637-common-args.resp -MMD -MT dependencies -MF /Users/aadityasingh/Library/Developer/Xcode/DerivedData/Chatlio-erkyzdeecsohoaggpwbjdvavzqfv/Build/Intermediates.noindex/PostHog.build/Debug-iphonesimulator/phlibwebp.build/Objects-normal/x86_64/ssim.d --serialize-diagnostics /Users/aadityasingh/Library/Developer/Xcode/DerivedData/Chatlio-erkyzdeecsohoaggpwbjdvavzqfv/Build/Intermediates.noindex/PostHog.build/Debug-iphonesimulator/phlibwebp.build/Objects-normal/x86_64/ssim.dia -c /Users/aadityasingh/Library/Developer/Xcode/DerivedData/Chatlio-erkyzdeecsohoaggpwbjdvavzqfv/SourcePackages/checkouts/posthog-ios/vendor/libwebp/ssim.c -o /Users/aadityasingh/Library/Developer/Xcode/DerivedData/Chatlio-erkyzdeecsohoaggpwbjdvavzqfv/Build/Intermediates.noindex/PostHog.build/Debug-iphonesimulator/phlibwebp.build/Objects-normal/x86_64/ssim.o -index-unit-output-path /PostHog.build/Debug-iphonesimulator/phlibwebp.build/Objects-normal/x86_64/ssim.o

PrecompileModule /Users/aadityasingh/Library/Developer/Xcode/DerivedData/Chatlio-erkyzdeecsohoaggpwbjdvavzqfv/Build/Intermediates.noindex/ExplicitPrecompiledModules/_Builtin_stdarg-D3NOBO55SJVBC4UVS76OK0LIW.scan
    cd /
    builtin-precompileModule /Users/aadityasingh/Library/Developer/Xcode/DerivedData/Chatlio-erkyzdeecsohoaggpwbjdvavzqfv/Build/Intermediates.noindex/ExplicitPrecompiledModules/_Builtin_stdarg-D3NOBO55SJVBC4UVS76OK0LIW.scan

PrecompileModule /Users/aadityasingh/Library/Developer/Xcode/DerivedData/Chatlio-erkyzdeecsohoaggpwbjdvavzqfv/Build/Intermediates.noindex/ExplicitPrecompiledModules/_AvailabilityInternal-1TS1VDX2WLKGONIAIEMTSTYG4.scan
    cd /
    builtin-precompileModule /Users/aadityasingh/Library/Developer/Xcode/DerivedData/Chatlio-erkyzdeecsohoaggpwbjdvavzqfv/Build/Intermediates.noindex/ExplicitPrecompiledModules/_AvailabilityInternal-1TS1VDX2WLKGONIAIEMTSTYG4.scan

PrecompileModule /Users/aadityasingh/Library/Developer/Xcode/DerivedData/Chatlio-erkyzdeecsohoaggpwbjdvavzqfv/Build/Intermediates.noindex/ExplicitPrecompiledModules/_Builtin_stddef-1IQWC1XURC30WHMJBEM0HEWJV.scan
    cd /
    builtin-precompileModule /Users/aadityasingh/Library/Developer/Xcode/DerivedData/Chatlio-erkyzdeecsohoaggpwbjdvavzqfv/Build/Intermediates.noindex/ExplicitPrecompiledModules/_Builtin_stddef-1IQWC1XURC30WHMJBEM0HEWJV.scan

PrecompileModule /Users/aadityasingh/Library/Developer/Xcode/DerivedData/Chatlio-erkyzdeecsohoaggpwbjdvavzqfv/Build/Intermediates.noindex/ExplicitPrecompiledModules/ptrcheck-3O8H02SP69H2087AA5MSPPXGH.scan
    cd /
    builtin-precompileModule /Users/aadityasingh/Library/Developer/Xcode/DerivedData/Chatlio-erkyzdeecsohoaggpwbjdvavzqfv/Build/Intermediates.noindex/ExplicitPrecompiledModules/ptrcheck-3O8H02SP69H2087AA5MSPPXGH.scan

PrecompileModule /Users/aadityasingh/Library/Developer/Xcode/DerivedData/Chatlio-erkyzdeecsohoaggpwbjdvavzqfv/Build/Intermediates.noindex/ExplicitPrecompiledModules/_Builtin_stdbool-65KTOBZX2D27B9TR9RLUNE27E.scan
    cd /
    builtin-precompileModule /Users/aadityasingh/Library/Developer/Xcode/DerivedData/Chatlio-erkyzdeecsohoaggpwbjdvavzqfv/Build/Intermediates.noindex/ExplicitPrecompiledModules/_Builtin_stdbool-65KTOBZX2D27B9TR9RLUNE27E.scan

ScanDependencies /Users/aadityasingh/Library/Developer/Xcode/DerivedData/Chatlio-erkyzdeecsohoaggpwbjdvavzqfv/Build/Intermediates.noindex/PostHog.build/Debug-iphonesimulator/phlibwebp.build/Objects-normal/x86_64/sharpyuv_sse2.o /Users/aadityasingh/Library/Developer/Xcode/DerivedData/Chatlio-erkyzdeecsohoaggpwbjdvavzqfv/SourcePackages/checkouts/posthog-ios/vendor/libwebp/sharpyuv_sse2.c normal x86_64 c com.apple.compilers.llvm.clang.1_0.compiler (in target 'phlibwebp' from project 'PostHog')
    cd /Users/aadityasingh/Documents/Development/element-x-ios/Chatlio.xcodeproj
    
    Using response file: /Users/aadityasingh/Library/Developer/Xcode/DerivedData/Chatlio-erkyzdeecsohoaggpwbjdvavzqfv/Build/Intermediates.noindex/PostHog.build/Debug-iphonesimulator/phlibwebp.build/Objects-normal/x86_64/7187679823f38a2a940e0043cdf9d637-common-args.resp
    
    builtin-ScanDependencies -o /Users/aadityasingh/Library/Developer/Xcode/DerivedData/Chatlio-erkyzdeecsohoaggpwbjdvavzqfv/Build/Intermediates.noindex/PostHog.build/Debug-iphonesimulator/phlibwebp.build/Objects-normal/x86_64/sharpyuv_sse2.o.scan -- /Applications/Xcode.app/Contents/Developer/Toolchains/XcodeDefault.xctoolchain/usr/bin/clang -x c -ivfsstatcache /Users/aadityasingh/Library/Developer/Xcode/DerivedData/SDKStatCaches.noindex/iphonesimulator26.4-23E252-686eebb5dc1d8ecb277353a59184f4aa.sdkstatcache -target x86_64-apple-ios13.0-simulator -fmessage-length\=0 -fdiagnostics-show-note-include-stack -fmacro-backtrace-limit\=0 -fno-color-diagnostics -fmodules-prune-interval\=86400 -fmodules-prune-after\=345600 -fbuild-session-file\=/Users/aadityasingh/Library/Developer/Xcode/DerivedData/ModuleCache.noindex/Session.modulevalidation -fmodules-validate-once-per-build-session -Wnon-modular-include-in-framework-module -Werror\=non-modular-include-in-framework-module -Wno-trigraphs -Wno-missing-field-initializers -Wno-missing-prototypes -Wno-return-type -Wno-missing-braces -Wparentheses -Wswitch -Wno-unused-function -Wno-unused-label -Wno-unused-parameter -Wno-unused-variable -Wunused-value -Wno-empty-body -Wno-uninitialized -Wno-unknown-pragmas -w -Wno-shadow -Wno-four-char-constants -Wno-conversion -Wno-constant-conversion -Wno-int-conversion -Wno-bool-conversion -Wno-enum-conversion -Wno-float-conversion -Wno-non-literal-null-conversion -Wno-objc-literal-conversion -Wshorten-64-to-32 -Wpointer-sign -Wno-newline-eof -Wno-implicit-fallthrough -isysroot /Applications/Xcode.app/Contents/Developer/Platforms/iPhoneSimulator.platform/Developer/SDKs/iPhoneSimulator26.4.sdk -fstrict-aliasing -Wdeprecated-declarations -Wno-sign-conversion -Wno-infinite-recursion -Wno-comma -Wno-block-capture-autoreleasing -Wno-strict-prototypes -Wno-semicolon-before-method-body -index-store-path /Users/aadityasingh/Library/Developer/Xcode/DerivedData/Chatlio-erkyzdeecsohoaggpwbjdvavzqfv/Index.noindex/DataStore @/Users/aadityasingh/Library/Developer/Xcode/DerivedData/Chatlio-erkyzdeecsohoaggpwbjdvavzqfv/Build/Intermediates.noindex/PostHog.build/Debug-iphonesimulator/phlibwebp.build/Objects-normal/x86_64/7187679823f38a2a940e0043cdf9d637-common-args.resp -MMD -MT dependencies -MF /Users/aadityasingh/Library/Developer/Xcode/DerivedData/Chatlio-erkyzdeecsohoaggpwbjdvavzqfv/Build/Intermediates.noindex/PostHog.build/Debug-iphonesimulator/phlibwebp.build/Objects-normal/x86_64/sharpyuv_sse2.d --serialize-diagnostics /Users/aadityasingh/Library/Developer/Xcode/DerivedData/Chatlio-erkyzdeecsohoaggpwbjdvavzqfv/Build/Intermediates.noindex/PostHog.build/Debug-iphonesimulator/phlibwebp.build/Objects-normal/x86_64/sharpyuv_sse2.dia -c /Users/aadityasingh/Library/Developer/Xcode/DerivedData/Chatlio-erkyzdeecsohoaggpwbjdvavzqfv/SourcePackages/checkouts/posthog-ios/vendor/libwebp/sharpyuv_sse2.c -o /Users/aadityasingh/Library/Developer/Xcode/DerivedData/Chatlio-erkyzdeecsohoaggpwbjdvavzqfv/Build/Intermediates.noindex/PostHog.build/Debug-iphonesimulator/phlibwebp.build/Objects-normal/x86_64/sharpyuv_sse2.o -index-unit-output-path /PostHog.build/Debug-iphonesimulator/phlibwebp.build/Objects-normal/x86_64/sharpyuv_sse2.o

ScanDependencies /Users/aadityasingh/Library/Developer/Xcode/DerivedData/Chatlio-erkyzdeecsohoaggpwbjdvavzqfv/Build/Intermediates.noindex/PostHog.build/Debug-iphonesimulator/phlibwebp.build/Objects-normal/x86_64/sharpyuv_neon.o /Users/aadityasingh/Library/Developer/Xcode/DerivedData/Chatlio-erkyzdeecsohoaggpwbjdvavzqfv/SourcePackages/checkouts/posthog-ios/vendor/libwebp/sharpyuv_neon.c normal x86_64 c com.apple.compilers.llvm.clang.1_0.compiler (in target 'phlibwebp' from project 'PostHog')
    cd /Users/aadityasingh/Documents/Development/element-x-ios/Chatlio.xcodeproj
    
    Using response file: /Users/aadityasingh/Library/Developer/Xcode/DerivedData/Chatlio-erkyzdeecsohoaggpwbjdvavzqfv/Build/Intermediates.noindex/PostHog.build/Debug-iphonesimulator/phlibwebp.build/Objects-normal/x86_64/7187679823f38a2a940e0043cdf9d637-common-args.resp
    
    builtin-ScanDependencies -o /Users/aadityasingh/Library/Developer/Xcode/DerivedData/Chatlio-erkyzdeecsohoaggpwbjdvavzqfv/Build/Intermediates.noindex/PostHog.build/Debug-iphonesimulator/phlibwebp.build/Objects-normal/x86_64/sharpyuv_neon.o.scan -- /Applications/Xcode.app/Contents/Developer/Toolchains/XcodeDefault.xctoolchain/usr/bin/clang -x c -ivfsstatcache /Users/aadityasingh/Library/Developer/Xcode/DerivedData/SDKStatCaches.noindex/iphonesimulator26.4-23E252-686eebb5dc1d8ecb277353a59184f4aa.sdkstatcache -target x86_64-apple-ios13.0-simulator -fmessage-length\=0 -fdiagnostics-show-note-include-stack -fmacro-backtrace-limit\=0 -fno-color-diagnostics -fmodules-prune-interval\=86400 -fmodules-prune-after\=345600 -fbuild-session-file\=/Users/aadityasingh/Library/Developer/Xcode/DerivedData/ModuleCache.noindex/Session.modulevalidation -fmodules-validate-once-per-build-session -Wnon-modular-include-in-framework-module -Werror\=non-modular-include-in-framework-module -Wno-trigraphs -Wno-missing-field-initializers -Wno-missing-prototypes -Wno-return-type -Wno-missing-braces -Wparentheses -Wswitch -Wno-unused-function -Wno-unused-label -Wno-unused-parameter -Wno-unused-variable -Wunused-value -Wno-empty-body -Wno-uninitialized -Wno-unknown-pragmas -w -Wno-shadow -Wno-four-char-constants -Wno-conversion -Wno-constant-conversion -Wno-int-conversion -Wno-bool-conversion -Wno-enum-conversion -Wno-float-conversion -Wno-non-literal-null-conversion -Wno-objc-literal-conversion -Wshorten-64-to-32 -Wpointer-sign -Wno-newline-eof -Wno-implicit-fallthrough -isysroot /Applications/Xcode.app/Contents/Developer/Platforms/iPhoneSimulator.platform/Developer/SDKs/iPhoneSimulator26.4.sdk -fstrict-aliasing -Wdeprecated-declarations -Wno-sign-conversion -Wno-infinite-recursion -Wno-comma -Wno-block-capture-autoreleasing -Wno-strict-prototypes -Wno-semicolon-before-method-body -index-store-path /Users/aadityasingh/Library/Developer/Xcode/DerivedData/Chatlio-erkyzdeecsohoaggpwbjdvavzqfv/Index.noindex/DataStore @/Users/aadityasingh/Library/Developer/Xcode/DerivedData/Chatlio-erkyzdeecsohoaggpwbjdvavzqfv/Build/Intermediates.noindex/PostHog.build/Debug-iphonesimulator/phlibwebp.build/Objects-normal/x86_64/7187679823f38a2a940e0043cdf9d637-common-args.resp -MMD -MT dependencies -MF /Users/aadityasingh/Library/Developer/Xcode/DerivedData/Chatlio-erkyzdeecsohoaggpwbjdvavzqfv/Build/Intermediates.noindex/PostHog.build/Debug-iphonesimulator/phlibwebp.build/Objects-normal/x86_64/sharpyuv_neon.d --serialize-diagnostics /Users/aadityasingh/Library/Developer/Xcode/DerivedData/Chatlio-erkyzdeecsohoaggpwbjdvavzqfv/Build/Intermediates.noindex/PostHog.build/Debug-iphonesimulator/phlibwebp.build/Objects-normal/x86_64/sharpyuv_neon.dia -c /Users/aadityasingh/Library/Developer/Xcode/DerivedData/Chatlio-erkyzdeecsohoaggpwbjdvavzqfv/SourcePackages/checkouts/posthog-ios/vendor/libwebp/sharpyuv_neon.c -o /Users/aadityasingh/Library/Developer/Xcode/DerivedData/Chatlio-erkyzdeecsohoaggpwbjdvavzqfv/Build/Intermediates.noindex/PostHog.build/Debug-iphonesimulator/phlibwebp.build/Objects-normal/x86_64/sharpyuv_neon.o -index-unit-output-path /PostHog.build/Debug-iphonesimulator/phlibwebp.build/Objects-normal/x86_64/sharpyuv_neon.o

ScanDependencies /Users/aadityasingh/Library/Developer/Xcode/DerivedData/Chatlio-erkyzdeecsohoaggpwbjdvavzqfv/Build/Intermediates.noindex/PostHog.build/Debug-iphonesimulator/phlibwebp.build/Objects-normal/x86_64/sharpyuv_gamma.o /Users/aadityasingh/Library/Developer/Xcode/DerivedData/Chatlio-erkyzdeecsohoaggpwbjdvavzqfv/SourcePackages/checkouts/posthog-ios/vendor/libwebp/sharpyuv_gamma.c normal x86_64 c com.apple.compilers.llvm.clang.1_0.compiler (in target 'phlibwebp' from project 'PostHog')
    cd /Users/aadityasingh/Documents/Development/element-x-ios/Chatlio.xcodeproj
    
    Using response file: /Users/aadityasingh/Library/Developer/Xcode/DerivedData/Chatlio-erkyzdeecsohoaggpwbjdvavzqfv/Build/Intermediates.noindex/PostHog.build/Debug-iphonesimulator/phlibwebp.build/Objects-normal/x86_64/7187679823f38a2a940e0043cdf9d637-common-args.resp
    
    builtin-ScanDependencies -o /Users/aadityasingh/Library/Developer/Xcode/DerivedData/Chatlio-erkyzdeecsohoaggpwbjdvavzqfv/Build/Intermediates.noindex/PostHog.build/Debug-iphonesimulator/phlibwebp.build/Objects-normal/x86_64/sharpyuv_gamma.o.scan -- /Applications/Xcode.app/Contents/Developer/Toolchains/XcodeDefault.xctoolchain/usr/bin/clang -x c -ivfsstatcache /Users/aadityasingh/Library/Developer/Xcode/DerivedData/SDKStatCaches.noindex/iphonesimulator26.4-23E252-686eebb5dc1d8ecb277353a59184f4aa.sdkstatcache -target x86_64-apple-ios13.0-simulator -fmessage-length\=0 -fdiagnostics-show-note-include-stack -fmacro-backtrace-limit\=0 -fno-color-diagnostics -fmodules-prune-interval\=86400 -fmodules-prune-after\=345600 -fbuild-session-file\=/Users/aadityasingh/Library/Developer/Xcode/DerivedData/ModuleCache.noindex/Session.modulevalidation -fmodules-validate-once-per-build-session -Wnon-modular-include-in-framework-module -Werror\=non-modular-include-in-framework-module -Wno-trigraphs -Wno-missing-field-initializers -Wno-missing-prototypes -Wno-return-type -Wno-missing-braces -Wparentheses -Wswitch -Wno-unused-function -Wno-unused-label -Wno-unused-parameter -Wno-unused-variable -Wunused-value -Wno-empty-body -Wno-uninitialized -Wno-unknown-pragmas -w -Wno-shadow -Wno-four-char-constants -Wno-conversion -Wno-constant-conversion -Wno-int-conversion -Wno-bool-conversion -Wno-enum-conversion -Wno-float-conversion -Wno-non-literal-null-conversion -Wno-objc-literal-conversion -Wshorten-64-to-32 -Wpointer-sign -Wno-newline-eof -Wno-implicit-fallthrough -isysroot /Applications/Xcode.app/Contents/Developer/Platforms/iPhoneSimulator.platform/Developer/SDKs/iPhoneSimulator26.4.sdk -fstrict-aliasing -Wdeprecated-declarations -Wno-sign-conversion -Wno-infinite-recursion -Wno-comma -Wno-block-capture-autoreleasing -Wno-strict-prototypes -Wno-semicolon-before-method-body -index-store-path /Users/aadityasingh/Library/Developer/Xcode/DerivedData/Chatlio-erkyzdeecsohoaggpwbjdvavzqfv/Index.noindex/DataStore @/Users/aadityasingh/Library/Developer/Xcode/DerivedData/Chatlio-erkyzdeecsohoaggpwbjdvavzqfv/Build/Intermediates.noindex/PostHog.build/Debug-iphonesimulator/phlibwebp.build/Objects-normal/x86_64/7187679823f38a2a940e0043cdf9d637-common-args.resp -MMD -MT dependencies -MF /Users/aadityasingh/Library/Developer/Xcode/DerivedData/Chatlio-erkyzdeecsohoaggpwbjdvavzqfv/Build/Intermediates.noindex/PostHog.build/Debug-iphonesimulator/phlibwebp.build/Objects-normal/x86_64/sharpyuv_gamma.d --serialize-diagnostics /Users/aadityasingh/Library/Developer/Xcode/DerivedData/Chatlio-erkyzdeecsohoaggpwbjdvavzqfv/Build/Intermediates.noindex/PostHog.build/Debug-iphonesimulator/phlibwebp.build/Objects-normal/x86_64/sharpyuv_gamma.dia -c /Users/aadityasingh/Library/Developer/Xcode/DerivedData/Chatlio-erkyzdeecsohoaggpwbjdvavzqfv/SourcePackages/checkouts/posthog-ios/vendor/libwebp/sharpyuv_gamma.c -o /Users/aadityasingh/Library/Developer/Xcode/DerivedData/Chatlio-erkyzdeecsohoaggpwbjdvavzqfv/Build/Intermediates.noindex/PostHog.build/Debug-iphonesimulator/phlibwebp.build/Objects-normal/x86_64/sharpyuv_gamma.o -index-unit-output-path /PostHog.build/Debug-iphonesimulator/phlibwebp.build/Objects-normal/x86_64/sharpyuv_gamma.o

ScanDependencies /Users/aadityasingh/Library/Developer/Xcode/DerivedData/Chatlio-erkyzdeecsohoaggpwbjdvavzqfv/Build/Intermediates.noindex/PostHog.build/Debug-iphonesimulator/phlibwebp.build/Objects-normal/x86_64/sharpyuv_dsp.o /Users/aadityasingh/Library/Developer/Xcode/DerivedData/Chatlio-erkyzdeecsohoaggpwbjdvavzqfv/SourcePackages/checkouts/posthog-ios/vendor/libwebp/sharpyuv_dsp.c normal x86_64 c com.apple.compilers.llvm.clang.1_0.compiler (in target 'phlibwebp' from project 'PostHog')
    cd /Users/aadityasingh/Documents/Development/element-x-ios/Chatlio.xcodeproj
    
    Using response file: /Users/aadityasingh/Library/Developer/Xcode/DerivedData/Chatlio-erkyzdeecsohoaggpwbjdvavzqfv/Build/Intermediates.noindex/PostHog.build/Debug-iphonesimulator/phlibwebp.build/Objects-normal/x86_64/7187679823f38a2a940e0043cdf9d637-common-args.resp
    
    builtin-ScanDependencies -o /Users/aadityasingh/Library/Developer/Xcode/DerivedData/Chatlio-erkyzdeecsohoaggpwbjdvavzqfv/Build/Intermediates.noindex/PostHog.build/Debug-iphonesimulator/phlibwebp.build/Objects-normal/x86_64/sharpyuv_dsp.o.scan -- /Applications/Xcode.app/Contents/Developer/Toolchains/XcodeDefault.xctoolchain/usr/bin/clang -x c -ivfsstatcache /Users/aadityasingh/Library/Developer/Xcode/DerivedData/SDKStatCaches.noindex/iphonesimulator26.4-23E252-686eebb5dc1d8ecb277353a59184f4aa.sdkstatcache -target x86_64-apple-ios13.0-simulator -fmessage-length\=0 -fdiagnostics-show-note-include-stack -fmacro-backtrace-limit\=0 -fno-color-diagnostics -fmodules-prune-interval\=86400 -fmodules-prune-after\=345600 -fbuild-session-file\=/Users/aadityasingh/Library/Developer/Xcode/DerivedData/ModuleCache.noindex/Session.modulevalidation -fmodules-validate-once-per-build-session -Wnon-modular-include-in-framework-module -Werror\=non-modular-include-in-framework-module -Wno-trigraphs -Wno-missing-field-initializers -Wno-missing-prototypes -Wno-return-type -Wno-missing-braces -Wparentheses -Wswitch -Wno-unused-function -Wno-unused-label -Wno-unused-parameter -Wno-unused-variable -Wunused-value -Wno-empty-body -Wno-uninitialized -Wno-unknown-pragmas -w -Wno-shadow -Wno-four-char-constants -Wno-conversion -Wno-constant-conversion -Wno-int-conversion -Wno-bool-conversion -Wno-enum-conversion -Wno-float-conversion -Wno-non-literal-null-conversion -Wno-objc-literal-conversion -Wshorten-64-to-32 -Wpointer-sign -Wno-newline-eof -Wno-implicit-fallthrough -isysroot /Applications/Xcode.app/Contents/Developer/Platforms/iPhoneSimulator.platform/Developer/SDKs/iPhoneSimulator26.4.sdk -fstrict-aliasing -Wdeprecated-declarations -Wno-sign-conversion -Wno-infinite-recursion -Wno-comma -Wno-block-capture-autoreleasing -Wno-strict-prototypes -Wno-semicolon-before-method-body -index-store-path /Users/aadityasingh/Library/Developer/Xcode/DerivedData/Chatlio-erkyzdeecsohoaggpwbjdvavzqfv/Index.noindex/DataStore @/Users/aadityasingh/Library/Developer/Xcode/DerivedData/Chatlio-erkyzdeecsohoaggpwbjdvavzqfv/Build/Intermediates.noindex/PostHog.build/Debug-iphonesimulator/phlibwebp.build/Objects-normal/x86_64/7187679823f38a2a940e0043cdf9d637-common-args.resp -MMD -MT dependencies -MF /Users/aadityasingh/Library/Developer/Xcode/DerivedData/Chatlio-erkyzdeecsohoaggpwbjdvavzqfv/Build/Intermediates.noindex/PostHog.build/Debug-iphonesimulator/phlibwebp.build/Objects-normal/x86_64/sharpyuv_dsp.d --serialize-diagnostics /Users/aadityasingh/Library/Developer/Xcode/DerivedData/Chatlio-erkyzdeecsohoaggpwbjdvavzqfv/Build/Intermediates.noindex/PostHog.build/Debug-iphonesimulator/phlibwebp.build/Objects-normal/x86_64/sharpyuv_dsp.dia -c /Users/aadityasingh/Library/Developer/Xcode/DerivedData/Chatlio-erkyzdeecsohoaggpwbjdvavzqfv/SourcePackages/checkouts/posthog-ios/vendor/libwebp/sharpyuv_dsp.c -o /Users/aadityasingh/Library/Developer/Xcode/DerivedData/Chatlio-erkyzdeecsohoaggpwbjdvavzqfv/Build/Intermediates.noindex/PostHog.build/Debug-iphonesimulator/phlibwebp.build/Objects-normal/x86_64/sharpyuv_dsp.o -index-unit-output-path /PostHog.build/Debug-iphonesimulator/phlibwebp.build/Objects-normal/x86_64/sharpyuv_dsp.o

ScanDependencies /Users/aadityasingh/Library/Developer/Xcode/DerivedData/Chatlio-erkyzdeecsohoaggpwbjdvavzqfv/Build/Intermediates.noindex/PostHog.build/Debug-iphonesimulator/phlibwebp.build/Objects-normal/x86_64/sharpyuv_csp.o /Users/aadityasingh/Library/Developer/Xcode/DerivedData/Chatlio-erkyzdeecsohoaggpwbjdvavzqfv/SourcePackages/checkouts/posthog-ios/vendor/libwebp/sharpyuv_csp.c normal x86_64 c com.apple.compilers.llvm.clang.1_0.compiler (in target 'phlibwebp' from project 'PostHog')
    cd /Users/aadityasingh/Documents/Development/element-x-ios/Chatlio.xcodeproj
    
    Using response file: /Users/aadityasingh/Library/Developer/Xcode/DerivedData/Chatlio-erkyzdeecsohoaggpwbjdvavzqfv/Build/Intermediates.noindex/PostHog.build/Debug-iphonesimulator/phlibwebp.build/Objects-normal/x86_64/7187679823f38a2a940e0043cdf9d637-common-args.resp
    
    builtin-ScanDependencies -o /Users/aadityasingh/Library/Developer/Xcode/DerivedData/Chatlio-erkyzdeecsohoaggpwbjdvavzqfv/Build/Intermediates.noindex/PostHog.build/Debug-iphonesimulator/phlibwebp.build/Objects-normal/x86_64/sharpyuv_csp.o.scan -- /Applications/Xcode.app/Contents/Developer/Toolchains/XcodeDefault.xctoolchain/usr/bin/clang -x c -ivfsstatcache /Users/aadityasingh/Library/Developer/Xcode/DerivedData/SDKStatCaches.noindex/iphonesimulator26.4-23E252-686eebb5dc1d8ecb277353a59184f4aa.sdkstatcache -target x86_64-apple-ios13.0-simulator -fmessage-length\=0 -fdiagnostics-show-note-include-stack -fmacro-backtrace-limit\=0 -fno-color-diagnostics -fmodules-prune-interval\=86400 -fmodules-prune-after\=345600 -fbuild-session-file\=/Users/aadityasingh/Library/Developer/Xcode/DerivedData/ModuleCache.noindex/Session.modulevalidation -fmodules-validate-once-per-build-session -Wnon-modular-include-in-framework-module -Werror\=non-modular-include-in-framework-module -Wno-trigraphs -Wno-missing-field-initializers -Wno-missing-prototypes -Wno-return-type -Wno-missing-braces -Wparentheses -Wswitch -Wno-unused-function -Wno-unused-label -Wno-unused-parameter -Wno-unused-variable -Wunused-value -Wno-empty-body -Wno-uninitialized -Wno-unknown-pragmas -w -Wno-shadow -Wno-four-char-constants -Wno-conversion -Wno-constant-conversion -Wno-int-conversion -Wno-bool-conversion -Wno-enum-conversion -Wno-float-conversion -Wno-non-literal-null-conversion -Wno-objc-literal-conversion -Wshorten-64-to-32 -Wpointer-sign -Wno-newline-eof -Wno-implicit-fallthrough -isysroot /Applications/Xcode.app/Contents/Developer/Platforms/iPhoneSimulator.platform/Developer/SDKs/iPhoneSimulator26.4.sdk -fstrict-aliasing -Wdeprecated-declarations -Wno-sign-conversion -Wno-infinite-recursion -Wno-comma -Wno-block-capture-autoreleasing -Wno-strict-prototypes -Wno-semicolon-before-method-body -index-store-path /Users/aadityasingh/Library/Developer/Xcode/DerivedData/Chatlio-erkyzdeecsohoaggpwbjdvavzqfv/Index.noindex/DataStore @/Users/aadityasingh/Library/Developer/Xcode/DerivedData/Chatlio-erkyzdeecsohoaggpwbjdvavzqfv/Build/Intermediates.noindex/PostHog.build/Debug-iphonesimulator/phlibwebp.build/Objects-normal/x86_64/7187679823f38a2a940e0043cdf9d637-common-args.resp -MMD -MT dependencies -MF /Users/aadityasingh/Library/Developer/Xcode/DerivedData/Chatlio-erkyzdeecsohoaggpwbjdvavzqfv/Build/Intermediates.noindex/PostHog.build/Debug-iphonesimulator/phlibwebp.build/Objects-normal/x86_64/sharpyuv_csp.d --serialize-diagnostics /Users/aadityasingh/Library/Developer/Xcode/DerivedData/Chatlio-erkyzdeecsohoaggpwbjdvavzqfv/Build/Intermediates.noindex/PostHog.build/Debug-iphonesimulator/phlibwebp.build/Objects-normal/x86_64/sharpyuv_csp.dia -c /Users/aadityasingh/Library/Developer/Xcode/DerivedData/Chatlio-erkyzdeecsohoaggpwbjdvavzqfv/SourcePackages/checkouts/posthog-ios/vendor/libwebp/sharpyuv_csp.c -o /Users/aadityasingh/Library/Developer/Xcode/DerivedData/Chatlio-erkyzdeecsohoaggpwbjdvavzqfv/Build/Intermediates.noindex/PostHog.build/Debug-iphonesimulator/phlibwebp.build/Objects-normal/x86_64/sharpyuv_csp.o -index-unit-output-path /PostHog.build/Debug-iphonesimulator/phlibwebp.build/Objects-normal/x86_64/sharpyuv_csp.o

ScanDependencies /Users/aadityasingh/Library/Developer/Xcode/DerivedData/Chatlio-erkyzdeecsohoaggpwbjdvavzqfv/Build/Intermediates.noindex/PostHog.build/Debug-iphonesimulator/phlibwebp.build/Objects-normal/x86_64/sharpyuv_cpu.o /Users/aadityasingh/Library/Developer/Xcode/DerivedData/Chatlio-erkyzdeecsohoaggpwbjdvavzqfv/SourcePackages/checkouts/posthog-ios/vendor/libwebp/sharpyuv_cpu.c normal x86_64 c com.apple.compilers.llvm.clang.1_0.compiler (in target 'phlibwebp' from project 'PostHog')
    cd /Users/aadityasingh/Documents/Development/element-x-ios/Chatlio.xcodeproj
    
    Using response file: /Users/aadityasingh/Library/Developer/Xcode/DerivedData/Chatlio-erkyzdeecsohoaggpwbjdvavzqfv/Build/Intermediates.noindex/PostHog.build/Debug-iphonesimulator/phlibwebp.build/Objects-normal/x86_64/7187679823f38a2a940e0043cdf9d637-common-args.resp
    
    builtin-ScanDependencies -o /Users/aadityasingh/Library/Developer/Xcode/DerivedData/Chatlio-erkyzdeecsohoaggpwbjdvavzqfv/Build/Intermediates.noindex/PostHog.build/Debug-iphonesimulator/phlibwebp.build/Objects-normal/x86_64/sharpyuv_cpu.o.scan -- /Applications/Xcode.app/Contents/Developer/Toolchains/XcodeDefault.xctoolchain/usr/bin/clang -x c -ivfsstatcache /Users/aadityasingh/Library/Developer/Xcode/DerivedData/SDKStatCaches.noindex/iphonesimulator26.4-23E252-686eebb5dc1d8ecb277353a59184f4aa.sdkstatcache -target x86_64-apple-ios13.0-simulator -fmessage-length\=0 -fdiagnostics-show-note-include-stack -fmacro-backtrace-limit\=0 -fno-color-diagnostics -fmodules-prune-interval\=86400 -fmodules-prune-after\=345600 -fbuild-session-file\=/Users/aadityasingh/Library/Developer/Xcode/DerivedData/ModuleCache.noindex/Session.modulevalidation -fmodules-validate-once-per-build-session -Wnon-modular-include-in-framework-module -Werror\=non-modular-include-in-framework-module -Wno-trigraphs -Wno-missing-field-initializers -Wno-missing-prototypes -Wno-return-type -Wno-missing-braces -Wparentheses -Wswitch -Wno-unused-function -Wno-unused-label -Wno-unused-parameter -Wno-unused-variable -Wunused-value -Wno-empty-body -Wno-uninitialized -Wno-unknown-pragmas -w -Wno-shadow -Wno-four-char-constants -Wno-conversion -Wno-constant-conversion -Wno-int-conversion -Wno-bool-conversion -Wno-enum-conversion -Wno-float-conversion -Wno-non-literal-null-conversion -Wno-objc-literal-conversion -Wshorten-64-to-32 -Wpointer-sign -Wno-newline-eof -Wno-implicit-fallthrough -isysroot /Applications/Xcode.app/Contents/Developer/Platforms/iPhoneSimulator.platform/Developer/SDKs/iPhoneSimulator26.4.sdk -fstrict-aliasing -Wdeprecated-declarations -Wno-sign-conversion -Wno-infinite-recursion -Wno-comma -Wno-block-capture-autoreleasing -Wno-strict-prototypes -Wno-semicolon-before-method-body -index-store-path /Users/aadityasingh/Library/Developer/Xcode/DerivedData/Chatlio-erkyzdeecsohoaggpwbjdvavzqfv/Index.noindex/DataStore @/Users/aadityasingh/Library/Developer/Xcode/DerivedData/Chatlio-erkyzdeecsohoaggpwbjdvavzqfv/Build/Intermediates.noindex/PostHog.build/Debug-iphonesimulator/phlibwebp.build/Objects-normal/x86_64/7187679823f38a2a940e0043cdf9d637-common-args.resp -MMD -MT dependencies -MF /Users/aadityasingh/Library/Developer/Xcode/DerivedData/Chatlio-erkyzdeecsohoaggpwbjdvavzqfv/Build/Intermediates.noindex/PostHog.build/Debug-iphonesimulator/phlibwebp.build/Objects-normal/x86_64/sharpyuv_cpu.d --serialize-diagnostics /Users/aadityasingh/Library/Developer/Xcode/DerivedData/Chatlio-erkyzdeecsohoaggpwbjdvavzqfv/Build/Intermediates.noindex/PostHog.build/Debug-iphonesimulator/phlibwebp.build/Objects-normal/x86_64/sharpyuv_cpu.dia -c /Users/aadityasingh/Library/Developer/Xcode/DerivedData/Chatlio-erkyzdeecsohoaggpwbjdvavzqfv/SourcePackages/checkouts/posthog-ios/vendor/libwebp/sharpyuv_cpu.c -o /Users/aadityasingh/Library/Developer/Xcode/DerivedData/Chatlio-erkyzdeecsohoaggpwbjdvavzqfv/Build/Intermediates.noindex/PostHog.build/Debug-iphonesimulator/phlibwebp.build/Objects-normal/x86_64/sharpyuv_cpu.o -index-unit-output-path /PostHog.build/Debug-iphonesimulator/phlibwebp.build/Objects-normal/x86_64/sharpyuv_cpu.o

ScanDependencies /Users/aadityasingh/Library/Developer/Xcode/DerivedData/Chatlio-erkyzdeecsohoaggpwbjdvavzqfv/Build/Intermediates.noindex/PostHog.build/Debug-iphonesimulator/phlibwebp.build/Objects-normal/x86_64/sharpyuv.o /Users/aadityasingh/Library/Developer/Xcode/DerivedData/Chatlio-erkyzdeecsohoaggpwbjdvavzqfv/SourcePackages/checkouts/posthog-ios/vendor/libwebp/sharpyuv.c normal x86_64 c com.apple.compilers.llvm.clang.1_0.compiler (in target 'phlibwebp' from project 'PostHog')
    cd /Users/aadityasingh/Documents/Development/element-x-ios/Chatlio.xcodeproj
    
    Using response file: /Users/aadityasingh/Library/Developer/Xcode/DerivedData/Chatlio-erkyzdeecsohoaggpwbjdvavzqfv/Build/Intermediates.noindex/PostHog.build/Debug-iphonesimulator/phlibwebp.build/Objects-normal/x86_64/7187679823f38a2a940e0043cdf9d637-common-args.resp
    
    builtin-ScanDependencies -o /Users/aadityasingh/Library/Developer/Xcode/DerivedData/Chatlio-erkyzdeecsohoaggpwbjdvavzqfv/Build/Intermediates.noindex/PostHog.build/Debug-iphonesimulator/phlibwebp.build/Objects-normal/x86_64/sharpyuv.o.scan -- /Applications/Xcode.app/Contents/Developer/Toolchains/XcodeDefault.xctoolchain/usr/bin/clang -x c -ivfsstatcache /Users/aadityasingh/Library/Developer/Xcode/DerivedData/SDKStatCaches.noindex/iphonesimulator26.4-23E252-686eebb5dc1d8ecb277353a59184f4aa.sdkstatcache -target x86_64-apple-ios13.0-simulator -fmessage-length\=0 -fdiagnostics-show-note-include-stack -fmacro-backtrace-limit\=0 -fno-color-diagnostics -fmodules-prune-interval\=86400 -fmodules-prune-after\=345600 -fbuild-session-file\=/Users/aadityasingh/Library/Developer/Xcode/DerivedData/ModuleCache.noindex/Session.modulevalidation -fmodules-validate-once-per-build-session -Wnon-modular-include-in-framework-module -Werror\=non-modular-include-in-framework-module -Wno-trigraphs -Wno-missing-field-initializers -Wno-missing-prototypes -Wno-return-type -Wno-missing-braces -Wparentheses -Wswitch -Wno-unused-function -Wno-unused-label -Wno-unused-parameter -Wno-unused-variable -Wunused-value -Wno-empty-body -Wno-uninitialized -Wno-unknown-pragmas -w -Wno-shadow -Wno-four-char-constants -Wno-conversion -Wno-constant-conversion -Wno-int-conversion -Wno-bool-conversion -Wno-enum-conversion -Wno-float-conversion -Wno-non-literal-null-conversion -Wno-objc-literal-conversion -Wshorten-64-to-32 -Wpointer-sign -Wno-newline-eof -Wno-implicit-fallthrough -isysroot /Applications/Xcode.app/Contents/Developer/Platforms/iPhoneSimulator.platform/Developer/SDKs/iPhoneSimulator26.4.sdk -fstrict-aliasing -Wdeprecated-declarations -Wno-sign-conversion -Wno-infinite-recursion -Wno-comma -Wno-block-capture-autoreleasing -Wno-strict-prototypes -Wno-semicolon-before-method-body -index-store-path /Users/aadityasingh/Library/Developer/Xcode/DerivedData/Chatlio-erkyzdeecsohoaggpwbjdvavzqfv/Index.noindex/DataStore @/Users/aadityasingh/Library/Developer/Xcode/DerivedData/Chatlio-erkyzdeecsohoaggpwbjdvavzqfv/Build/Intermediates.noindex/PostHog.build/Debug-iphonesimulator/phlibwebp.build/Objects-normal/x86_64/7187679823f38a2a940e0043cdf9d637-common-args.resp -MMD -MT dependencies -MF /Users/aadityasingh/Library/Developer/Xcode/DerivedData/Chatlio-erkyzdeecsohoaggpwbjdvavzqfv/Build/Intermediates.noindex/PostHog.build/Debug-iphonesimulator/phlibwebp.build/Objects-normal/x86_64/sharpyuv.d --serialize-diagnostics /Users/aadityasingh/Library/Developer/Xcode/DerivedData/Chatlio-erkyzdeecsohoaggpwbjdvavzqfv/Build/Intermediates.noindex/PostHog.build/Debug-iphonesimulator/phlibwebp.build/Objects-normal/x86_64/sharpyuv.dia -c /Users/aadityasingh/Library/Developer/Xcode/DerivedData/Chatlio-erkyzdeecsohoaggpwbjdvavzqfv/SourcePackages/checkouts/posthog-ios/vendor/libwebp/sharpyuv.c -o /Users/aadityasingh/Library/Developer/Xcode/DerivedData/Chatlio-erkyzdeecsohoaggpwbjdvavzqfv/Build/Intermediates.noindex/PostHog.build/Debug-iphonesimulator/phlibwebp.build/Objects-normal/x86_64/sharpyuv.o -index-unit-output-path /PostHog.build/Debug-iphonesimulator/phlibwebp.build/Objects-normal/x86_64/sharpyuv.o

ScanDependencies /Users/aadityasingh/Library/Developer/Xcode/DerivedData/Chatlio-erkyzdeecsohoaggpwbjdvavzqfv/Build/Intermediates.noindex/PostHog.build/Debug-iphonesimulator/phlibwebp.build/Objects-normal/x86_64/rescaler_utils.o /Users/aadityasingh/Library/Developer/Xcode/DerivedData/Chatlio-erkyzdeecsohoaggpwbjdvavzqfv/SourcePackages/checkouts/posthog-ios/vendor/libwebp/rescaler_utils.c normal x86_64 c com.apple.compilers.llvm.clang.1_0.compiler (in target 'phlibwebp' from project 'PostHog')
    cd /Users/aadityasingh/Documents/Development/element-x-ios/Chatlio.xcodeproj
    
    Using response file: /Users/aadityasingh/Library/Developer/Xcode/DerivedData/Chatlio-erkyzdeecsohoaggpwbjdvavzqfv/Build/Intermediates.noindex/PostHog.build/Debug-iphonesimulator/phlibwebp.build/Objects-normal/x86_64/7187679823f38a2a940e0043cdf9d637-common-args.resp
    
    builtin-ScanDependencies -o /Users/aadityasingh/Library/Developer/Xcode/DerivedData/Chatlio-erkyzdeecsohoaggpwbjdvavzqfv/Build/Intermediates.noindex/PostHog.build/Debug-iphonesimulator/phlibwebp.build/Objects-normal/x86_64/rescaler_utils.o.scan -- /Applications/Xcode.app/Contents/Developer/Toolchains/XcodeDefault.xctoolchain/usr/bin/clang -x c -ivfsstatcache /Users/aadityasingh/Library/Developer/Xcode/DerivedData/SDKStatCaches.noindex/iphonesimulator26.4-23E252-686eebb5dc1d8ecb277353a59184f4aa.sdkstatcache -target x86_64-apple-ios13.0-simulator -fmessage-length\=0 -fdiagnostics-show-note-include-stack -fmacro-backtrace-limit\=0 -fno-color-diagnostics -fmodules-prune-interval\=86400 -fmodules-prune-after\=345600 -fbuild-session-file\=/Users/aadityasingh/Library/Developer/Xcode/DerivedData/ModuleCache.noindex/Session.modulevalidation -fmodules-validate-once-per-build-session -Wnon-modular-include-in-framework-module -Werror\=non-modular-include-in-framework-module -Wno-trigraphs -Wno-missing-field-initializers -Wno-missing-prototypes -Wno-return-type -Wno-missing-braces -Wparentheses -Wswitch -Wno-unused-function -Wno-unused-label -Wno-unused-parameter -Wno-unused-variable -Wunused-value -Wno-empty-body -Wno-uninitialized -Wno-unknown-pragmas -w -Wno-shadow -Wno-four-char-constants -Wno-conversion -Wno-constant-conversion -Wno-int-conversion -Wno-bool-conversion -Wno-enum-conversion -Wno-float-conversion -Wno-non-literal-null-conversion -Wno-objc-literal-conversion -Wshorten-64-to-32 -Wpointer-sign -Wno-newline-eof -Wno-implicit-fallthrough -isysroot /Applications/Xcode.app/Contents/Developer/Platforms/iPhoneSimulator.platform/Developer/SDKs/iPhoneSimulator26.4.sdk -fstrict-aliasing -Wdeprecated-declarations -Wno-sign-conversion -Wno-infinite-recursion -Wno-comma -Wno-block-capture-autoreleasing -Wno-strict-prototypes -Wno-semicolon-before-method-body -index-store-path /Users/aadityasingh/Library/Developer/Xcode/DerivedData/Chatlio-erkyzdeecsohoaggpwbjdvavzqfv/Index.noindex/DataStore @/Users/aadityasingh/Library/Developer/Xcode/DerivedData/Chatlio-erkyzdeecsohoaggpwbjdvavzqfv/Build/Intermediates.noindex/PostHog.build/Debug-iphonesimulator/phlibwebp.build/Objects-normal/x86_64/7187679823f38a2a940e0043cdf9d637-common-args.resp -MMD -MT dependencies -MF /Users/aadityasingh/Library/Developer/Xcode/DerivedData/Chatlio-erkyzdeecsohoaggpwbjdvavzqfv/Build/Intermediates.noindex/PostHog.build/Debug-iphonesimulator/phlibwebp.build/Objects-normal/x86_64/rescaler_utils.d --serialize-diagnostics /Users/aadityasingh/Library/Developer/Xcode/DerivedData/Chatlio-erkyzdeecsohoaggpwbjdvavzqfv/Build/Intermediates.noindex/PostHog.build/Debug-iphonesimulator/phlibwebp.build/Objects-normal/x86_64/rescaler_utils.dia -c /Users/aadityasingh/Library/Developer/Xcode/DerivedData/Chatlio-erkyzdeecsohoaggpwbjdvavzqfv/SourcePackages/checkouts/posthog-ios/vendor/libwebp/rescaler_utils.c -o /Users/aadityasingh/Library/Developer/Xcode/DerivedData/Chatlio-erkyzdeecsohoaggpwbjdvavzqfv/Build/Intermediates.noindex/PostHog.build/Debug-iphonesimulator/phlibwebp.build/Objects-normal/x86_64/rescaler_utils.o -index-unit-output-path /PostHog.build/Debug-iphonesimulator/phlibwebp.build/Objects-normal/x86_64/rescaler_utils.o

ScanDependencies /Users/aadityasingh/Library/Developer/Xcode/DerivedData/Chatlio-erkyzdeecsohoaggpwbjdvavzqfv/Build/Intermediates.noindex/PostHog.build/Debug-iphonesimulator/phlibwebp.build/Objects-normal/x86_64/rescaler_sse2.o /Users/aadityasingh/Library/Developer/Xcode/DerivedData/Chatlio-erkyzdeecsohoaggpwbjdvavzqfv/SourcePackages/checkouts/posthog-ios/vendor/libwebp/rescaler_sse2.c normal x86_64 c com.apple.compilers.llvm.clang.1_0.compiler (in target 'phlibwebp' from project 'PostHog')
    cd /Users/aadityasingh/Documents/Development/element-x-ios/Chatlio.xcodeproj
    
    Using response file: /Users/aadityasingh/Library/Developer/Xcode/DerivedData/Chatlio-erkyzdeecsohoaggpwbjdvavzqfv/Build/Intermediates.noindex/PostHog.build/Debug-iphonesimulator/phlibwebp.build/Objects-normal/x86_64/7187679823f38a2a940e0043cdf9d637-common-args.resp
    
    builtin-ScanDependencies -o /Users/aadityasingh/Library/Developer/Xcode/DerivedData/Chatlio-erkyzdeecsohoaggpwbjdvavzqfv/Build/Intermediates.noindex/PostHog.build/Debug-iphonesimulator/phlibwebp.build/Objects-normal/x86_64/rescaler_sse2.o.scan -- /Applications/Xcode.app/Contents/Developer/Toolchains/XcodeDefault.xctoolchain/usr/bin/clang -x c -ivfsstatcache /Users/aadityasingh/Library/Developer/Xcode/DerivedData/SDKStatCaches.noindex/iphonesimulator26.4-23E252-686eebb5dc1d8ecb277353a59184f4aa.sdkstatcache -target x86_64-apple-ios13.0-simulator -fmessage-length\=0 -fdiagnostics-show-note-include-stack -fmacro-backtrace-limit\=0 -fno-color-diagnostics -fmodules-prune-interval\=86400 -fmodules-prune-after\=345600 -fbuild-session-file\=/Users/aadityasingh/Library/Developer/Xcode/DerivedData/ModuleCache.noindex/Session.modulevalidation -fmodules-validate-once-per-build-session -Wnon-modular-include-in-framework-module -Werror\=non-modular-include-in-framework-module -Wno-trigraphs -Wno-missing-field-initializers -Wno-missing-prototypes -Wno-return-type -Wno-missing-braces -Wparentheses -Wswitch -Wno-unused-function -Wno-unused-label -Wno-unused-parameter -Wno-unused-variable -Wunused-value -Wno-empty-body -Wno-uninitialized -Wno-unknown-pragmas -w -Wno-shadow -Wno-four-char-constants -Wno-conversion -Wno-constant-conversion -Wno-int-conversion -Wno-bool-conversion -Wno-enum-conversion -Wno-float-conversion -Wno-non-literal-null-conversion -Wno-objc-literal-conversion -Wshorten-64-to-32 -Wpointer-sign -Wno-newline-eof -Wno-implicit-fallthrough -isysroot /Applications/Xcode.app/Contents/Developer/Platforms/iPhoneSimulator.platform/Developer/SDKs/iPhoneSimulator26.4.sdk -fstrict-aliasing -Wdeprecated-declarations -Wno-sign-conversion -Wno-infinite-recursion -Wno-comma -Wno-block-capture-autoreleasing -Wno-strict-prototypes -Wno-semicolon-before-method-body -index-store-path /Users/aadityasingh/Library/Developer/Xcode/DerivedData/Chatlio-erkyzdeecsohoaggpwbjdvavzqfv/Index.noindex/DataStore @/Users/aadityasingh/Library/Developer/Xcode/DerivedData/Chatlio-erkyzdeecsohoaggpwbjdvavzqfv/Build/Intermediates.noindex/PostHog.build/Debug-iphonesimulator/phlibwebp.build/Objects-normal/x86_64/7187679823f38a2a940e0043cdf9d637-common-args.resp -MMD -MT dependencies -MF /Users/aadityasingh/Library/Developer/Xcode/DerivedData/Chatlio-erkyzdeecsohoaggpwbjdvavzqfv/Build/Intermediates.noindex/PostHog.build/Debug-iphonesimulator/phlibwebp.build/Objects-normal/x86_64/rescaler_sse2.d --serialize-diagnostics /Users/aadityasingh/Library/Developer/Xcode/DerivedData/Chatlio-erkyzdeecsohoaggpwbjdvavzqfv/Build/Intermediates.noindex/PostHog.build/Debug-iphonesimulator/phlibwebp.build/Objects-normal/x86_64/rescaler_sse2.dia -c /Users/aadityasingh/Library/Developer/Xcode/DerivedData/Chatlio-erkyzdeecsohoaggpwbjdvavzqfv/SourcePackages/checkouts/posthog-ios/vendor/libwebp/rescaler_sse2.c -o /Users/aadityasingh/Library/Developer/Xcode/DerivedData/Chatlio-erkyzdeecsohoaggpwbjdvavzqfv/Build/Intermediates.noindex/PostHog.build/Debug-iphonesimulator/phlibwebp.build/Objects-normal/x86_64/rescaler_sse2.o -index-unit-output-path /PostHog.build/Debug-iphonesimulator/phlibwebp.build/Objects-normal/x86_64/rescaler_sse2.o

PrecompileModule /Users/aadityasingh/Library/Developer/Xcode/DerivedData/Chatlio-erkyzdeecsohoaggpwbjdvavzqfv/Build/Intermediates.noindex/ExplicitPrecompiledModules/_DarwinFoundation1-JSF5MJQZUO1VLDXOS1RIFBSZ.scan
    cd /
    builtin-precompileModule /Users/aadityasingh/Library/Developer/Xcode/DerivedData/Chatlio-erkyzdeecsohoaggpwbjdvavzqfv/Build/Intermediates.noindex/ExplicitPrecompiledModules/_DarwinFoundation1-JSF5MJQZUO1VLDXOS1RIFBSZ.scan

ScanDependencies /Users/aadityasingh/Library/Developer/Xcode/DerivedData/Chatlio-erkyzdeecsohoaggpwbjdvavzqfv/Build/Intermediates.noindex/PostHog.build/Debug-iphonesimulator/phlibwebp.build/Objects-normal/x86_64/rescaler_neon.o /Users/aadityasingh/Library/Developer/Xcode/DerivedData/Chatlio-erkyzdeecsohoaggpwbjdvavzqfv/SourcePackages/checkouts/posthog-ios/vendor/libwebp/rescaler_neon.c normal x86_64 c com.apple.compilers.llvm.clang.1_0.compiler (in target 'phlibwebp' from project 'PostHog')
    cd /Users/aadityasingh/Documents/Development/element-x-ios/Chatlio.xcodeproj
    
    Using response file: /Users/aadityasingh/Library/Developer/Xcode/DerivedData/Chatlio-erkyzdeecsohoaggpwbjdvavzqfv/Build/Intermediates.noindex/PostHog.build/Debug-iphonesimulator/phlibwebp.build/Objects-normal/x86_64/7187679823f38a2a940e0043cdf9d637-common-args.resp
    
    builtin-ScanDependencies -o /Users/aadityasingh/Library/Developer/Xcode/DerivedData/Chatlio-erkyzdeecsohoaggpwbjdvavzqfv/Build/Intermediates.noindex/PostHog.build/Debug-iphonesimulator/phlibwebp.build/Objects-normal/x86_64/rescaler_neon.o.scan -- /Applications/Xcode.app/Contents/Developer/Toolchains/XcodeDefault.xctoolchain/usr/bin/clang -x c -ivfsstatcache /Users/aadityasingh/Library/Developer/Xcode/DerivedData/SDKStatCaches.noindex/iphonesimulator26.4-23E252-686eebb5dc1d8ecb277353a59184f4aa.sdkstatcache -target x86_64-apple-ios13.0-simulator -fmessage-length\=0 -fdiagnostics-show-note-include-stack -fmacro-backtrace-limit\=0 -fno-color-diagnostics -fmodules-prune-interval\=86400 -fmodules-prune-after\=345600 -fbuild-session-file\=/Users/aadityasingh/Library/Developer/Xcode/DerivedData/ModuleCache.noindex/Session.modulevalidation -fmodules-validate-once-per-build-session -Wnon-modular-include-in-framework-module -Werror\=non-modular-include-in-framework-module -Wno-trigraphs -Wno-missing-field-initializers -Wno-missing-prototypes -Wno-return-type -Wno-missing-braces -Wparentheses -Wswitch -Wno-unused-function -Wno-unused-label -Wno-unused-parameter -Wno-unused-variable -Wunused-value -Wno-empty-body -Wno-uninitialized -Wno-unknown-pragmas -w -Wno-shadow -Wno-four-char-constants -Wno-conversion -Wno-constant-conversion -Wno-int-conversion -Wno-bool-conversion -Wno-enum-conversion -Wno-float-conversion -Wno-non-literal-null-conversion -Wno-objc-literal-conversion -Wshorten-64-to-32 -Wpointer-sign -Wno-newline-eof -Wno-implicit-fallthrough -isysroot /Applications/Xcode.app/Contents/Developer/Platforms/iPhoneSimulator.platform/Developer/SDKs/iPhoneSimulator26.4.sdk -fstrict-aliasing -Wdeprecated-declarations -Wno-sign-conversion -Wno-infinite-recursion -Wno-comma -Wno-block-capture-autoreleasing -Wno-strict-prototypes -Wno-semicolon-before-method-body -index-store-path /Users/aadityasingh/Library/Developer/Xcode/DerivedData/Chatlio-erkyzdeecsohoaggpwbjdvavzqfv/Index.noindex/DataStore @/Users/aadityasingh/Library/Developer/Xcode/DerivedData/Chatlio-erkyzdeecsohoaggpwbjdvavzqfv/Build/Intermediates.noindex/PostHog.build/Debug-iphonesimulator/phlibwebp.build/Objects-normal/x86_64/7187679823f38a2a940e0043cdf9d637-common-args.resp -MMD -MT dependencies -MF /Users/aadityasingh/Library/Developer/Xcode/DerivedData/Chatlio-erkyzdeecsohoaggpwbjdvavzqfv/Build/Intermediates.noindex/PostHog.build/Debug-iphonesimulator/phlibwebp.build/Objects-normal/x86_64/rescaler_neon.d --serialize-diagnostics /Users/aadityasingh/Library/Developer/Xcode/DerivedData/Chatlio-erkyzdeecsohoaggpwbjdvavzqfv/Build/Intermediates.noindex/PostHog.build/Debug-iphonesimulator/phlibwebp.build/Objects-normal/x86_64/rescaler_neon.dia -c /Users/aadityasingh/Library/Developer/Xcode/DerivedData/Chatlio-erkyzdeecsohoaggpwbjdvavzqfv/SourcePackages/checkouts/posthog-ios/vendor/libwebp/rescaler_neon.c -o /Users/aadityasingh/Library/Developer/Xcode/DerivedData/Chatlio-erkyzdeecsohoaggpwbjdvavzqfv/Build/Intermediates.noindex/PostHog.build/Debug-iphonesimulator/phlibwebp.build/Objects-normal/x86_64/rescaler_neon.o -index-unit-output-path /PostHog.build/Debug-iphonesimulator/phlibwebp.build/Objects-normal/x86_64/rescaler_neon.o

ScanDependencies /Users/aadityasingh/Library/Developer/Xcode/DerivedData/Chatlio-erkyzdeecsohoaggpwbjdvavzqfv/Build/Intermediates.noindex/PostHog.build/Debug-iphonesimulator/phlibwebp.build/Objects-normal/x86_64/rescaler.o /Users/aadityasingh/Library/Developer/Xcode/DerivedData/Chatlio-erkyzdeecsohoaggpwbjdvavzqfv/SourcePackages/checkouts/posthog-ios/vendor/libwebp/rescaler.c normal x86_64 c com.apple.compilers.llvm.clang.1_0.compiler (in target 'phlibwebp' from project 'PostHog')
    cd /Users/aadityasingh/Documents/Development/element-x-ios/Chatlio.xcodeproj
    
    Using response file: /Users/aadityasingh/Library/Developer/Xcode/DerivedData/Chatlio-erkyzdeecsohoaggpwbjdvavzqfv/Build/Intermediates.noindex/PostHog.build/Debug-iphonesimulator/phlibwebp.build/Objects-normal/x86_64/7187679823f38a2a940e0043cdf9d637-common-args.resp
    
    builtin-ScanDependencies -o /Users/aadityasingh/Library/Developer/Xcode/DerivedData/Chatlio-erkyzdeecsohoaggpwbjdvavzqfv/Build/Intermediates.noindex/PostHog.build/Debug-iphonesimulator/phlibwebp.build/Objects-normal/x86_64/rescaler.o.scan -- /Applications/Xcode.app/Contents/Developer/Toolchains/XcodeDefault.xctoolchain/usr/bin/clang -x c -ivfsstatcache /Users/aadityasingh/Library/Developer/Xcode/DerivedData/SDKStatCaches.noindex/iphonesimulator26.4-23E252-686eebb5dc1d8ecb277353a59184f4aa.sdkstatcache -target x86_64-apple-ios13.0-simulator -fmessage-length\=0 -fdiagnostics-show-note-include-stack -fmacro-backtrace-limit\=0 -fno-color-diagnostics -fmodules-prune-interval\=86400 -fmodules-prune-after\=345600 -fbuild-session-file\=/Users/aadityasingh/Library/Developer/Xcode/DerivedData/ModuleCache.noindex/Session.modulevalidation -fmodules-validate-once-per-build-session -Wnon-modular-include-in-framework-module -Werror\=non-modular-include-in-framework-module -Wno-trigraphs -Wno-missing-field-initializers -Wno-missing-prototypes -Wno-return-type -Wno-missing-braces -Wparentheses -Wswitch -Wno-unused-function -Wno-unused-label -Wno-unused-parameter -Wno-unused-variable -Wunused-value -Wno-empty-body -Wno-uninitialized -Wno-unknown-pragmas -w -Wno-shadow -Wno-four-char-constants -Wno-conversion -Wno-constant-conversion -Wno-int-conversion -Wno-bool-conversion -Wno-enum-conversion -Wno-float-conversion -Wno-non-literal-null-conversion -Wno-objc-literal-conversion -Wshorten-64-to-32 -Wpointer-sign -Wno-newline-eof -Wno-implicit-fallthrough -isysroot /Applications/Xcode.app/Contents/Developer/Platforms/iPhoneSimulator.platform/Developer/SDKs/iPhoneSimulator26.4.sdk -fstrict-aliasing -Wdeprecated-declarations -Wno-sign-conversion -Wno-infinite-recursion -Wno-comma -Wno-block-capture-autoreleasing -Wno-strict-prototypes -Wno-semicolon-before-method-body -index-store-path /Users/aadityasingh/Library/Developer/Xcode/DerivedData/Chatlio-erkyzdeecsohoaggpwbjdvavzqfv/Index.noindex/DataStore @/Users/aadityasingh/Library/Developer/Xcode/DerivedData/Chatlio-erkyzdeecsohoaggpwbjdvavzqfv/Build/Intermediates.noindex/PostHog.build/Debug-iphonesimulator/phlibwebp.build/Objects-normal/x86_64/7187679823f38a2a940e0043cdf9d637-common-args.resp -MMD -MT dependencies -MF /Users/aadityasingh/Library/Developer/Xcode/DerivedData/Chatlio-erkyzdeecsohoaggpwbjdvavzqfv/Build/Intermediates.noindex/PostHog.build/Debug-iphonesimulator/phlibwebp.build/Objects-normal/x86_64/rescaler.d --serialize-diagnostics /Users/aadityasingh/Library/Developer/Xcode/DerivedData/Chatlio-erkyzdeecsohoaggpwbjdvavzqfv/Build/Intermediates.noindex/PostHog.build/Debug-iphonesimulator/phlibwebp.build/Objects-normal/x86_64/rescaler.dia -c /Users/aadityasingh/Library/Developer/Xcode/DerivedData/Chatlio-erkyzdeecsohoaggpwbjdvavzqfv/SourcePackages/checkouts/posthog-ios/vendor/libwebp/rescaler.c -o /Users/aadityasingh/Library/Developer/Xcode/DerivedData/Chatlio-erkyzdeecsohoaggpwbjdvavzqfv/Build/Intermediates.noindex/PostHog.build/Debug-iphonesimulator/phlibwebp.build/Objects-normal/x86_64/rescaler.o -index-unit-output-path /PostHog.build/Debug-iphonesimulator/phlibwebp.build/Objects-normal/x86_64/rescaler.o

PrecompileModule /Users/aadityasingh/Library/Developer/Xcode/DerivedData/Chatlio-erkyzdeecsohoaggpwbjdvavzqfv/Build/Intermediates.noindex/ExplicitPrecompiledModules/_Builtin_float-6158YCSP0XV08ZNHWURPCA5AH.scan
    cd /
    builtin-precompileModule /Users/aadityasingh/Library/Developer/Xcode/DerivedData/Chatlio-erkyzdeecsohoaggpwbjdvavzqfv/Build/Intermediates.noindex/ExplicitPrecompiledModules/_Builtin_float-6158YCSP0XV08ZNHWURPCA5AH.scan

ScanDependencies /Users/aadityasingh/Library/Developer/Xcode/DerivedData/Chatlio-erkyzdeecsohoaggpwbjdvavzqfv/Build/Intermediates.noindex/PostHog.build/Debug-iphonesimulator/phlibwebp.build/Objects-normal/x86_64/random_utils.o /Users/aadityasingh/Library/Developer/Xcode/DerivedData/Chatlio-erkyzdeecsohoaggpwbjdvavzqfv/SourcePackages/checkouts/posthog-ios/vendor/libwebp/random_utils.c normal x86_64 c com.apple.compilers.llvm.clang.1_0.compiler (in target 'phlibwebp' from project 'PostHog')
    cd /Users/aadityasingh/Documents/Development/element-x-ios/Chatlio.xcodeproj
    
    Using response file: /Users/aadityasingh/Library/Developer/Xcode/DerivedData/Chatlio-erkyzdeecsohoaggpwbjdvavzqfv/Build/Intermediates.noindex/PostHog.build/Debug-iphonesimulator/phlibwebp.build/Objects-normal/x86_64/7187679823f38a2a940e0043cdf9d637-common-args.resp
    
    builtin-ScanDependencies -o /Users/aadityasingh/Library/Developer/Xcode/DerivedData/Chatlio-erkyzdeecsohoaggpwbjdvavzqfv/Build/Intermediates.noindex/PostHog.build/Debug-iphonesimulator/phlibwebp.build/Objects-normal/x86_64/random_utils.o.scan -- /Applications/Xcode.app/Contents/Developer/Toolchains/XcodeDefault.xctoolchain/usr/bin/clang -x c -ivfsstatcache /Users/aadityasingh/Library/Developer/Xcode/DerivedData/SDKStatCaches.noindex/iphonesimulator26.4-23E252-686eebb5dc1d8ecb277353a59184f4aa.sdkstatcache -target x86_64-apple-ios13.0-simulator -fmessage-length\=0 -fdiagnostics-show-note-include-stack -fmacro-backtrace-limit\=0 -fno-color-diagnostics -fmodules-prune-interval\=86400 -fmodules-prune-after\=345600 -fbuild-session-file\=/Users/aadityasingh/Library/Developer/Xcode/DerivedData/ModuleCache.noindex/Session.modulevalidation -fmodules-validate-once-per-build-session -Wnon-modular-include-in-framework-module -Werror\=non-modular-include-in-framework-module -Wno-trigraphs -Wno-missing-field-initializers -Wno-missing-prototypes -Wno-return-type -Wno-missing-braces -Wparentheses -Wswitch -Wno-unused-function -Wno-unused-label -Wno-unused-parameter -Wno-unused-variable -Wunused-value -Wno-empty-body -Wno-uninitialized -Wno-unknown-pragmas -w -Wno-shadow -Wno-four-char-constants -Wno-conversion -Wno-constant-conversion -Wno-int-conversion -Wno-bool-conversion -Wno-enum-conversion -Wno-float-conversion -Wno-non-literal-null-conversion -Wno-objc-literal-conversion -Wshorten-64-to-32 -Wpointer-sign -Wno-newline-eof -Wno-implicit-fallthrough -isysroot /Applications/Xcode.app/Contents/Developer/Platforms/iPhoneSimulator.platform/Developer/SDKs/iPhoneSimulator26.4.sdk -fstrict-aliasing -Wdeprecated-declarations -Wno-sign-conversion -Wno-infinite-recursion -Wno-comma -Wno-block-capture-autoreleasing -Wno-strict-prototypes -Wno-semicolon-before-method-body -index-store-path /Users/aadityasingh/Library/Developer/Xcode/DerivedData/Chatlio-erkyzdeecsohoaggpwbjdvavzqfv/Index.noindex/DataStore @/Users/aadityasingh/Library/Developer/Xcode/DerivedData/Chatlio-erkyzdeecsohoaggpwbjdvavzqfv/Build/Intermediates.noindex/PostHog.build/Debug-iphonesimulator/phlibwebp.build/Objects-normal/x86_64/7187679823f38a2a940e0043cdf9d637-common-args.resp -MMD -MT dependencies -MF /Users/aadityasingh/Library/Developer/Xcode/DerivedData/Chatlio-erkyzdeecsohoaggpwbjdvavzqfv/Build/Intermediates.noindex/PostHog.build/Debug-iphonesimulator/phlibwebp.build/Objects-normal/x86_64/random_utils.d --serialize-diagnostics /Users/aadityasingh/Library/Developer/Xcode/DerivedData/Chatlio-erkyzdeecsohoaggpwbjdvavzqfv/Build/Intermediates.noindex/PostHog.build/Debug-iphonesimulator/phlibwebp.build/Objects-normal/x86_64/random_utils.dia -c /Users/aadityasingh/Library/Developer/Xcode/DerivedData/Chatlio-erkyzdeecsohoaggpwbjdvavzqfv/SourcePackages/checkouts/posthog-ios/vendor/libwebp/random_utils.c -o /Users/aadityasingh/Library/Developer/Xcode/DerivedData/Chatlio-erkyzdeecsohoaggpwbjdvavzqfv/Build/Intermediates.noindex/PostHog.build/Debug-iphonesimulator/phlibwebp.build/Objects-normal/x86_64/random_utils.o -index-unit-output-path /PostHog.build/Debug-iphonesimulator/phlibwebp.build/Objects-normal/x86_64/random_utils.o

ScanDependencies /Users/aadityasingh/Library/Developer/Xcode/DerivedData/Chatlio-erkyzdeecsohoaggpwbjdvavzqfv/Build/Intermediates.noindex/PostHog.build/Debug-iphonesimulator/phlibwebp.build/Objects-normal/x86_64/quant_levels_utils.o /Users/aadityasingh/Library/Developer/Xcode/DerivedData/Chatlio-erkyzdeecsohoaggpwbjdvavzqfv/SourcePackages/checkouts/posthog-ios/vendor/libwebp/quant_levels_utils.c normal x86_64 c com.apple.compilers.llvm.clang.1_0.compiler (in target 'phlibwebp' from project 'PostHog')
    cd /Users/aadityasingh/Documents/Development/element-x-ios/Chatlio.xcodeproj
    
    Using response file: /Users/aadityasingh/Library/Developer/Xcode/DerivedData/Chatlio-erkyzdeecsohoaggpwbjdvavzqfv/Build/Intermediates.noindex/PostHog.build/Debug-iphonesimulator/phlibwebp.build/Objects-normal/x86_64/7187679823f38a2a940e0043cdf9d637-common-args.resp
    
    builtin-ScanDependencies -o /Users/aadityasingh/Library/Developer/Xcode/DerivedData/Chatlio-erkyzdeecsohoaggpwbjdvavzqfv/Build/Intermediates.noindex/PostHog.build/Debug-iphonesimulator/phlibwebp.build/Objects-normal/x86_64/quant_levels_utils.o.scan -- /Applications/Xcode.app/Contents/Developer/Toolchains/XcodeDefault.xctoolchain/usr/bin/clang -x c -ivfsstatcache /Users/aadityasingh/Library/Developer/Xcode/DerivedData/SDKStatCaches.noindex/iphonesimulator26.4-23E252-686eebb5dc1d8ecb277353a59184f4aa.sdkstatcache -target x86_64-apple-ios13.0-simulator -fmessage-length\=0 -fdiagnostics-show-note-include-stack -fmacro-backtrace-limit\=0 -fno-color-diagnostics -fmodules-prune-interval\=86400 -fmodules-prune-after\=345600 -fbuild-session-file\=/Users/aadityasingh/Library/Developer/Xcode/DerivedData/ModuleCache.noindex/Session.modulevalidation -fmodules-validate-once-per-build-session -Wnon-modular-include-in-framework-module -Werror\=non-modular-include-in-framework-module -Wno-trigraphs -Wno-missing-field-initializers -Wno-missing-prototypes -Wno-return-type -Wno-missing-braces -Wparentheses -Wswitch -Wno-unused-function -Wno-unused-label -Wno-unused-parameter -Wno-unused-variable -Wunused-value -Wno-empty-body -Wno-uninitialized -Wno-unknown-pragmas -w -Wno-shadow -Wno-four-char-constants -Wno-conversion -Wno-constant-conversion -Wno-int-conversion -Wno-bool-conversion -Wno-enum-conversion -Wno-float-conversion -Wno-non-literal-null-conversion -Wno-objc-literal-conversion -Wshorten-64-to-32 -Wpointer-sign -Wno-newline-eof -Wno-implicit-fallthrough -isysroot /Applications/Xcode.app/Contents/Developer/Platforms/iPhoneSimulator.platform/Developer/SDKs/iPhoneSimulator26.4.sdk -fstrict-aliasing -Wdeprecated-declarations -Wno-sign-conversion -Wno-infinite-recursion -Wno-comma -Wno-block-capture-autoreleasing -Wno-strict-prototypes -Wno-semicolon-before-method-body -index-store-path /Users/aadityasingh/Library/Developer/Xcode/DerivedData/Chatlio-erkyzdeecsohoaggpwbjdvavzqfv/Index.noindex/DataStore @/Users/aadityasingh/Library/Developer/Xcode/DerivedData/Chatlio-erkyzdeecsohoaggpwbjdvavzqfv/Build/Intermediates.noindex/PostHog.build/Debug-iphonesimulator/phlibwebp.build/Objects-normal/x86_64/7187679823f38a2a940e0043cdf9d637-common-args.resp -MMD -MT dependencies -MF /Users/aadityasingh/Library/Developer/Xcode/DerivedData/Chatlio-erkyzdeecsohoaggpwbjdvavzqfv/Build/Intermediates.noindex/PostHog.build/Debug-iphonesimulator/phlibwebp.build/Objects-normal/x86_64/quant_levels_utils.d --serialize-diagnostics /Users/aadityasingh/Library/Developer/Xcode/DerivedData/Chatlio-erkyzdeecsohoaggpwbjdvavzqfv/Build/Intermediates.noindex/PostHog.build/Debug-iphonesimulator/phlibwebp.build/Objects-normal/x86_64/quant_levels_utils.dia -c /Users/aadityasingh/Library/Developer/Xcode/DerivedData/Chatlio-erkyzdeecsohoaggpwbjdvavzqfv/SourcePackages/checkouts/posthog-ios/vendor/libwebp/quant_levels_utils.c -o /Users/aadityasingh/Library/Developer/Xcode/DerivedData/Chatlio-erkyzdeecsohoaggpwbjdvavzqfv/Build/Intermediates.noindex/PostHog.build/Debug-iphonesimulator/phlibwebp.build/Objects-normal/x86_64/quant_levels_utils.o -index-unit-output-path /PostHog.build/Debug-iphonesimulator/phlibwebp.build/Objects-normal/x86_64/quant_levels_utils.o

ScanDependencies /Users/aadityasingh/Library/Developer/Xcode/DerivedData/Chatlio-erkyzdeecsohoaggpwbjdvavzqfv/Build/Intermediates.noindex/PostHog.build/Debug-iphonesimulator/phlibwebp.build/Objects-normal/x86_64/quant_levels_dec_utils.o /Users/aadityasingh/Library/Developer/Xcode/DerivedData/Chatlio-erkyzdeecsohoaggpwbjdvavzqfv/SourcePackages/checkouts/posthog-ios/vendor/libwebp/quant_levels_dec_utils.c normal x86_64 c com.apple.compilers.llvm.clang.1_0.compiler (in target 'phlibwebp' from project 'PostHog')
    cd /Users/aadityasingh/Documents/Development/element-x-ios/Chatlio.xcodeproj
    
    Using response file: /Users/aadityasingh/Library/Developer/Xcode/DerivedData/Chatlio-erkyzdeecsohoaggpwbjdvavzqfv/Build/Intermediates.noindex/PostHog.build/Debug-iphonesimulator/phlibwebp.build/Objects-normal/x86_64/7187679823f38a2a940e0043cdf9d637-common-args.resp
    
    builtin-ScanDependencies -o /Users/aadityasingh/Library/Developer/Xcode/DerivedData/Chatlio-erkyzdeecsohoaggpwbjdvavzqfv/Build/Intermediates.noindex/PostHog.build/Debug-iphonesimulator/phlibwebp.build/Objects-normal/x86_64/quant_levels_dec_utils.o.scan -- /Applications/Xcode.app/Contents/Developer/Toolchains/XcodeDefault.xctoolchain/usr/bin/clang -x c -ivfsstatcache /Users/aadityasingh/Library/Developer/Xcode/DerivedData/SDKStatCaches.noindex/iphonesimulator26.4-23E252-686eebb5dc1d8ecb277353a59184f4aa.sdkstatcache -target x86_64-apple-ios13.0-simulator -fmessage-length\=0 -fdiagnostics-show-note-include-stack -fmacro-backtrace-limit\=0 -fno-color-diagnostics -fmodules-prune-interval\=86400 -fmodules-prune-after\=345600 -fbuild-session-file\=/Users/aadityasingh/Library/Developer/Xcode/DerivedData/ModuleCache.noindex/Session.modulevalidation -fmodules-validate-once-per-build-session -Wnon-modular-include-in-framework-module -Werror\=non-modular-include-in-framework-module -Wno-trigraphs -Wno-missing-field-initializers -Wno-missing-prototypes -Wno-return-type -Wno-missing-braces -Wparentheses -Wswitch -Wno-unused-function -Wno-unused-label -Wno-unused-parameter -Wno-unused-variable -Wunused-value -Wno-empty-body -Wno-uninitialized -Wno-unknown-pragmas -w -Wno-shadow -Wno-four-char-constants -Wno-conversion -Wno-constant-conversion -Wno-int-conversion -Wno-bool-conversion -Wno-enum-conversion -Wno-float-conversion -Wno-non-literal-null-conversion -Wno-objc-literal-conversion -Wshorten-64-to-32 -Wpointer-sign -Wno-newline-eof -Wno-implicit-fallthrough -isysroot /Applications/Xcode.app/Contents/Developer/Platforms/iPhoneSimulator.platform/Developer/SDKs/iPhoneSimulator26.4.sdk -fstrict-aliasing -Wdeprecated-declarations -Wno-sign-conversion -Wno-infinite-recursion -Wno-comma -Wno-block-capture-autoreleasing -Wno-strict-prototypes -Wno-semicolon-before-method-body -index-store-path /Users/aadityasingh/Library/Developer/Xcode/DerivedData/Chatlio-erkyzdeecsohoaggpwbjdvavzqfv/Index.noindex/DataStore @/Users/aadityasingh/Library/Developer/Xcode/DerivedData/Chatlio-erkyzdeecsohoaggpwbjdvavzqfv/Build/Intermediates.noindex/PostHog.build/Debug-iphonesimulator/phlibwebp.build/Objects-normal/x86_64/7187679823f38a2a940e0043cdf9d637-common-args.resp -MMD -MT dependencies -MF /Users/aadityasingh/Library/Developer/Xcode/DerivedData/Chatlio-erkyzdeecsohoaggpwbjdvavzqfv/Build/Intermediates.noindex/PostHog.build/Debug-iphonesimulator/phlibwebp.build/Objects-normal/x86_64/quant_levels_dec_utils.d --serialize-diagnostics /Users/aadityasingh/Library/Developer/Xcode/DerivedData/Chatlio-erkyzdeecsohoaggpwbjdvavzqfv/Build/Intermediates.noindex/PostHog.build/Debug-iphonesimulator/phlibwebp.build/Objects-normal/x86_64/quant_levels_dec_utils.dia -c /Users/aadityasingh/Library/Developer/Xcode/DerivedData/Chatlio-erkyzdeecsohoaggpwbjdvavzqfv/SourcePackages/checkouts/posthog-ios/vendor/libwebp/quant_levels_dec_utils.c -o /Users/aadityasingh/Library/Developer/Xcode/DerivedData/Chatlio-erkyzdeecsohoaggpwbjdvavzqfv/Build/Intermediates.noindex/PostHog.build/Debug-iphonesimulator/phlibwebp.build/Objects-normal/x86_64/quant_levels_dec_utils.o -index-unit-output-path /PostHog.build/Debug-iphonesimulator/phlibwebp.build/Objects-normal/x86_64/quant_levels_dec_utils.o

ScanDependencies /Users/aadityasingh/Library/Developer/Xcode/DerivedData/Chatlio-erkyzdeecsohoaggpwbjdvavzqfv/Build/Intermediates.noindex/PostHog.build/Debug-iphonesimulator/phlibwebp.build/Objects-normal/x86_64/quant_enc.o /Users/aadityasingh/Library/Developer/Xcode/DerivedData/Chatlio-erkyzdeecsohoaggpwbjdvavzqfv/SourcePackages/checkouts/posthog-ios/vendor/libwebp/quant_enc.c normal x86_64 c com.apple.compilers.llvm.clang.1_0.compiler (in target 'phlibwebp' from project 'PostHog')
    cd /Users/aadityasingh/Documents/Development/element-x-ios/Chatlio.xcodeproj
    
    Using response file: /Users/aadityasingh/Library/Developer/Xcode/DerivedData/Chatlio-erkyzdeecsohoaggpwbjdvavzqfv/Build/Intermediates.noindex/PostHog.build/Debug-iphonesimulator/phlibwebp.build/Objects-normal/x86_64/7187679823f38a2a940e0043cdf9d637-common-args.resp
    
    builtin-ScanDependencies -o /Users/aadityasingh/Library/Developer/Xcode/DerivedData/Chatlio-erkyzdeecsohoaggpwbjdvavzqfv/Build/Intermediates.noindex/PostHog.build/Debug-iphonesimulator/phlibwebp.build/Objects-normal/x86_64/quant_enc.o.scan -- /Applications/Xcode.app/Contents/Developer/Toolchains/XcodeDefault.xctoolchain/usr/bin/clang -x c -ivfsstatcache /Users/aadityasingh/Library/Developer/Xcode/DerivedData/SDKStatCaches.noindex/iphonesimulator26.4-23E252-686eebb5dc1d8ecb277353a59184f4aa.sdkstatcache -target x86_64-apple-ios13.0-simulator -fmessage-length\=0 -fdiagnostics-show-note-include-stack -fmacro-backtrace-limit\=0 -fno-color-diagnostics -fmodules-prune-interval\=86400 -fmodules-prune-after\=345600 -fbuild-session-file\=/Users/aadityasingh/Library/Developer/Xcode/DerivedData/ModuleCache.noindex/Session.modulevalidation -fmodules-validate-once-per-build-session -Wnon-modular-include-in-framework-module -Werror\=non-modular-include-in-framework-module -Wno-trigraphs -Wno-missing-field-initializers -Wno-missing-prototypes -Wno-return-type -Wno-missing-braces -Wparentheses -Wswitch -Wno-unused-function -Wno-unused-label -Wno-unused-parameter -Wno-unused-variable -Wunused-value -Wno-empty-body -Wno-uninitialized -Wno-unknown-pragmas -w -Wno-shadow -Wno-four-char-constants -Wno-conversion -Wno-constant-conversion -Wno-int-conversion -Wno-bool-conversion -Wno-enum-conversion -Wno-float-conversion -Wno-non-literal-null-conversion -Wno-objc-literal-conversion -Wshorten-64-to-32 -Wpointer-sign -Wno-newline-eof -Wno-implicit-fallthrough -isysroot /Applications/Xcode.app/Contents/Developer/Platforms/iPhoneSimulator.platform/Developer/SDKs/iPhoneSimulator26.4.sdk -fstrict-aliasing -Wdeprecated-declarations -Wno-sign-conversion -Wno-infinite-recursion -Wno-comma -Wno-block-capture-autoreleasing -Wno-strict-prototypes -Wno-semicolon-before-method-body -index-store-path /Users/aadityasingh/Library/Developer/Xcode/DerivedData/Chatlio-erkyzdeecsohoaggpwbjdvavzqfv/Index.noindex/DataStore @/Users/aadityasingh/Library/Developer/Xcode/DerivedData/Chatlio-erkyzdeecsohoaggpwbjdvavzqfv/Build/Intermediates.noindex/PostHog.build/Debug-iphonesimulator/phlibwebp.build/Objects-normal/x86_64/7187679823f38a2a940e0043cdf9d637-common-args.resp -MMD -MT dependencies -MF /Users/aadityasingh/Library/Developer/Xcode/DerivedData/Chatlio-erkyzdeecsohoaggpwbjdvavzqfv/Build/Intermediates.noindex/PostHog.build/Debug-iphonesimulator/phlibwebp.build/Objects-normal/x86_64/quant_enc.d --serialize-diagnostics /Users/aadityasingh/Library/Developer/Xcode/DerivedData/Chatlio-erkyzdeecsohoaggpwbjdvavzqfv/Build/Intermediates.noindex/PostHog.build/Debug-iphonesimulator/phlibwebp.build/Objects-normal/x86_64/quant_enc.dia -c /Users/aadityasingh/Library/Developer/Xcode/DerivedData/Chatlio-erkyzdeecsohoaggpwbjdvavzqfv/SourcePackages/checkouts/posthog-ios/vendor/libwebp/quant_enc.c -o /Users/aadityasingh/Library/Developer/Xcode/DerivedData/Chatlio-erkyzdeecsohoaggpwbjdvavzqfv/Build/Intermediates.noindex/PostHog.build/Debug-iphonesimulator/phlibwebp.build/Objects-normal/x86_64/quant_enc.o -index-unit-output-path /PostHog.build/Debug-iphonesimulator/phlibwebp.build/Objects-normal/x86_64/quant_enc.o

ScanDependencies /Users/aadityasingh/Library/Developer/Xcode/DerivedData/Chatlio-erkyzdeecsohoaggpwbjdvavzqfv/Build/Intermediates.noindex/PostHog.build/Debug-iphonesimulator/phlibwebp.build/Objects-normal/x86_64/predictor_enc.o /Users/aadityasingh/Library/Developer/Xcode/DerivedData/Chatlio-erkyzdeecsohoaggpwbjdvavzqfv/SourcePackages/checkouts/posthog-ios/vendor/libwebp/predictor_enc.c normal x86_64 c com.apple.compilers.llvm.clang.1_0.compiler (in target 'phlibwebp' from project 'PostHog')
    cd /Users/aadityasingh/Documents/Development/element-x-ios/Chatlio.xcodeproj
    
    Using response file: /Users/aadityasingh/Library/Developer/Xcode/DerivedData/Chatlio-erkyzdeecsohoaggpwbjdvavzqfv/Build/Intermediates.noindex/PostHog.build/Debug-iphonesimulator/phlibwebp.build/Objects-normal/x86_64/7187679823f38a2a940e0043cdf9d637-common-args.resp
    
    builtin-ScanDependencies -o /Users/aadityasingh/Library/Developer/Xcode/DerivedData/Chatlio-erkyzdeecsohoaggpwbjdvavzqfv/Build/Intermediates.noindex/PostHog.build/Debug-iphonesimulator/phlibwebp.build/Objects-normal/x86_64/predictor_enc.o.scan -- /Applications/Xcode.app/Contents/Developer/Toolchains/XcodeDefault.xctoolchain/usr/bin/clang -x c -ivfsstatcache /Users/aadityasingh/Library/Developer/Xcode/DerivedData/SDKStatCaches.noindex/iphonesimulator26.4-23E252-686eebb5dc1d8ecb277353a59184f4aa.sdkstatcache -target x86_64-apple-ios13.0-simulator -fmessage-length\=0 -fdiagnostics-show-note-include-stack -fmacro-backtrace-limit\=0 -fno-color-diagnostics -fmodules-prune-interval\=86400 -fmodules-prune-after\=345600 -fbuild-session-file\=/Users/aadityasingh/Library/Developer/Xcode/DerivedData/ModuleCache.noindex/Session.modulevalidation -fmodules-validate-once-per-build-session -Wnon-modular-include-in-framework-module -Werror\=non-modular-include-in-framework-module -Wno-trigraphs -Wno-missing-field-initializers -Wno-missing-prototypes -Wno-return-type -Wno-missing-braces -Wparentheses -Wswitch -Wno-unused-function -Wno-unused-label -Wno-unused-parameter -Wno-unused-variable -Wunused-value -Wno-empty-body -Wno-uninitialized -Wno-unknown-pragmas -w -Wno-shadow -Wno-four-char-constants -Wno-conversion -Wno-constant-conversion -Wno-int-conversion -Wno-bool-conversion -Wno-enum-conversion -Wno-float-conversion -Wno-non-literal-null-conversion -Wno-objc-literal-conversion -Wshorten-64-to-32 -Wpointer-sign -Wno-newline-eof -Wno-implicit-fallthrough -isysroot /Applications/Xcode.app/Contents/Developer/Platforms/iPhoneSimulator.platform/Developer/SDKs/iPhoneSimulator26.4.sdk -fstrict-aliasing -Wdeprecated-declarations -Wno-sign-conversion -Wno-infinite-recursion -Wno-comma -Wno-block-capture-autoreleasing -Wno-strict-prototypes -Wno-semicolon-before-method-body -index-store-path /Users/aadityasingh/Library/Developer/Xcode/DerivedData/Chatlio-erkyzdeecsohoaggpwbjdvavzqfv/Index.noindex/DataStore @/Users/aadityasingh/Library/Developer/Xcode/DerivedData/Chatlio-erkyzdeecsohoaggpwbjdvavzqfv/Build/Intermediates.noindex/PostHog.build/Debug-iphonesimulator/phlibwebp.build/Objects-normal/x86_64/7187679823f38a2a940e0043cdf9d637-common-args.resp -MMD -MT dependencies -MF /Users/aadityasingh/Library/Developer/Xcode/DerivedData/Chatlio-erkyzdeecsohoaggpwbjdvavzqfv/Build/Intermediates.noindex/PostHog.build/Debug-iphonesimulator/phlibwebp.build/Objects-normal/x86_64/predictor_enc.d --serialize-diagnostics /Users/aadityasingh/Library/Developer/Xcode/DerivedData/Chatlio-erkyzdeecsohoaggpwbjdvavzqfv/Build/Intermediates.noindex/PostHog.build/Debug-iphonesimulator/phlibwebp.build/Objects-normal/x86_64/predictor_enc.dia -c /Users/aadityasingh/Library/Developer/Xcode/DerivedData/Chatlio-erkyzdeecsohoaggpwbjdvavzqfv/SourcePackages/checkouts/posthog-ios/vendor/libwebp/predictor_enc.c -o /Users/aadityasingh/Library/Developer/Xcode/DerivedData/Chatlio-erkyzdeecsohoaggpwbjdvavzqfv/Build/Intermediates.noindex/PostHog.build/Debug-iphonesimulator/phlibwebp.build/Objects-normal/x86_64/predictor_enc.o -index-unit-output-path /PostHog.build/Debug-iphonesimulator/phlibwebp.build/Objects-normal/x86_64/predictor_enc.o

ScanDependencies /Users/aadityasingh/Library/Developer/Xcode/DerivedData/Chatlio-erkyzdeecsohoaggpwbjdvavzqfv/Build/Intermediates.noindex/PostHog.build/Debug-iphonesimulator/phlibwebp.build/Objects-normal/x86_64/picture_tools_enc.o /Users/aadityasingh/Library/Developer/Xcode/DerivedData/Chatlio-erkyzdeecsohoaggpwbjdvavzqfv/SourcePackages/checkouts/posthog-ios/vendor/libwebp/picture_tools_enc.c normal x86_64 c com.apple.compilers.llvm.clang.1_0.compiler (in target 'phlibwebp' from project 'PostHog')
    cd /Users/aadityasingh/Documents/Development/element-x-ios/Chatlio.xcodeproj
    
    Using response file: /Users/aadityasingh/Library/Developer/Xcode/DerivedData/Chatlio-erkyzdeecsohoaggpwbjdvavzqfv/Build/Intermediates.noindex/PostHog.build/Debug-iphonesimulator/phlibwebp.build/Objects-normal/x86_64/7187679823f38a2a940e0043cdf9d637-common-args.resp
    
    builtin-ScanDependencies -o /Users/aadityasingh/Library/Developer/Xcode/DerivedData/Chatlio-erkyzdeecsohoaggpwbjdvavzqfv/Build/Intermediates.noindex/PostHog.build/Debug-iphonesimulator/phlibwebp.build/Objects-normal/x86_64/picture_tools_enc.o.scan -- /Applications/Xcode.app/Contents/Developer/Toolchains/XcodeDefault.xctoolchain/usr/bin/clang -x c -ivfsstatcache /Users/aadityasingh/Library/Developer/Xcode/DerivedData/SDKStatCaches.noindex/iphonesimulator26.4-23E252-686eebb5dc1d8ecb277353a59184f4aa.sdkstatcache -target x86_64-apple-ios13.0-simulator -fmessage-length\=0 -fdiagnostics-show-note-include-stack -fmacro-backtrace-limit\=0 -fno-color-diagnostics -fmodules-prune-interval\=86400 -fmodules-prune-after\=345600 -fbuild-session-file\=/Users/aadityasingh/Library/Developer/Xcode/DerivedData/ModuleCache.noindex/Session.modulevalidation -fmodules-validate-once-per-build-session -Wnon-modular-include-in-framework-module -Werror\=non-modular-include-in-framework-module -Wno-trigraphs -Wno-missing-field-initializers -Wno-missing-prototypes -Wno-return-type -Wno-missing-braces -Wparentheses -Wswitch -Wno-unused-function -Wno-unused-label -Wno-unused-parameter -Wno-unused-variable -Wunused-value -Wno-empty-body -Wno-uninitialized -Wno-unknown-pragmas -w -Wno-shadow -Wno-four-char-constants -Wno-conversion -Wno-constant-conversion -Wno-int-conversion -Wno-bool-conversion -Wno-enum-conversion -Wno-float-conversion -Wno-non-literal-null-conversion -Wno-objc-literal-conversion -Wshorten-64-to-32 -Wpointer-sign -Wno-newline-eof -Wno-implicit-fallthrough -isysroot /Applications/Xcode.app/Contents/Developer/Platforms/iPhoneSimulator.platform/Developer/SDKs/iPhoneSimulator26.4.sdk -fstrict-aliasing -Wdeprecated-declarations -Wno-sign-conversion -Wno-infinite-recursion -Wno-comma -Wno-block-capture-autoreleasing -Wno-strict-prototypes -Wno-semicolon-before-method-body -index-store-path /Users/aadityasingh/Library/Developer/Xcode/DerivedData/Chatlio-erkyzdeecsohoaggpwbjdvavzqfv/Index.noindex/DataStore @/Users/aadityasingh/Library/Developer/Xcode/DerivedData/Chatlio-erkyzdeecsohoaggpwbjdvavzqfv/Build/Intermediates.noindex/PostHog.build/Debug-iphonesimulator/phlibwebp.build/Objects-normal/x86_64/7187679823f38a2a940e0043cdf9d637-common-args.resp -MMD -MT dependencies -MF /Users/aadityasingh/Library/Developer/Xcode/DerivedData/Chatlio-erkyzdeecsohoaggpwbjdvavzqfv/Build/Intermediates.noindex/PostHog.build/Debug-iphonesimulator/phlibwebp.build/Objects-normal/x86_64/picture_tools_enc.d --serialize-diagnostics /Users/aadityasingh/Library/Developer/Xcode/DerivedData/Chatlio-erkyzdeecsohoaggpwbjdvavzqfv/Build/Intermediates.noindex/PostHog.build/Debug-iphonesimulator/phlibwebp.build/Objects-normal/x86_64/picture_tools_enc.dia -c /Users/aadityasingh/Library/Developer/Xcode/DerivedData/Chatlio-erkyzdeecsohoaggpwbjdvavzqfv/SourcePackages/checkouts/posthog-ios/vendor/libwebp/picture_tools_enc.c -o /Users/aadityasingh/Library/Developer/Xcode/DerivedData/Chatlio-erkyzdeecsohoaggpwbjdvavzqfv/Build/Intermediates.noindex/PostHog.build/Debug-iphonesimulator/phlibwebp.build/Objects-normal/x86_64/picture_tools_enc.o -index-unit-output-path /PostHog.build/Debug-iphonesimulator/phlibwebp.build/Objects-normal/x86_64/picture_tools_enc.o

ScanDependencies /Users/aadityasingh/Library/Developer/Xcode/DerivedData/Chatlio-erkyzdeecsohoaggpwbjdvavzqfv/Build/Intermediates.noindex/PostHog.build/Debug-iphonesimulator/phlibwebp.build/Objects-normal/x86_64/picture_rescale_enc.o /Users/aadityasingh/Library/Developer/Xcode/DerivedData/Chatlio-erkyzdeecsohoaggpwbjdvavzqfv/SourcePackages/checkouts/posthog-ios/vendor/libwebp/picture_rescale_enc.c normal x86_64 c com.apple.compilers.llvm.clang.1_0.compiler (in target 'phlibwebp' from project 'PostHog')
    cd /Users/aadityasingh/Documents/Development/element-x-ios/Chatlio.xcodeproj
    
    Using response file: /Users/aadityasingh/Library/Developer/Xcode/DerivedData/Chatlio-erkyzdeecsohoaggpwbjdvavzqfv/Build/Intermediates.noindex/PostHog.build/Debug-iphonesimulator/phlibwebp.build/Objects-normal/x86_64/7187679823f38a2a940e0043cdf9d637-common-args.resp
    
    builtin-ScanDependencies -o /Users/aadityasingh/Library/Developer/Xcode/DerivedData/Chatlio-erkyzdeecsohoaggpwbjdvavzqfv/Build/Intermediates.noindex/PostHog.build/Debug-iphonesimulator/phlibwebp.build/Objects-normal/x86_64/picture_rescale_enc.o.scan -- /Applications/Xcode.app/Contents/Developer/Toolchains/XcodeDefault.xctoolchain/usr/bin/clang -x c -ivfsstatcache /Users/aadityasingh/Library/Developer/Xcode/DerivedData/SDKStatCaches.noindex/iphonesimulator26.4-23E252-686eebb5dc1d8ecb277353a59184f4aa.sdkstatcache -target x86_64-apple-ios13.0-simulator -fmessage-length\=0 -fdiagnostics-show-note-include-stack -fmacro-backtrace-limit\=0 -fno-color-diagnostics -fmodules-prune-interval\=86400 -fmodules-prune-after\=345600 -fbuild-session-file\=/Users/aadityasingh/Library/Developer/Xcode/DerivedData/ModuleCache.noindex/Session.modulevalidation -fmodules-validate-once-per-build-session -Wnon-modular-include-in-framework-module -Werror\=non-modular-include-in-framework-module -Wno-trigraphs -Wno-missing-field-initializers -Wno-missing-prototypes -Wno-return-type -Wno-missing-braces -Wparentheses -Wswitch -Wno-unused-function -Wno-unused-label -Wno-unused-parameter -Wno-unused-variable -Wunused-value -Wno-empty-body -Wno-uninitialized -Wno-unknown-pragmas -w -Wno-shadow -Wno-four-char-constants -Wno-conversion -Wno-constant-conversion -Wno-int-conversion -Wno-bool-conversion -Wno-enum-conversion -Wno-float-conversion -Wno-non-literal-null-conversion -Wno-objc-literal-conversion -Wshorten-64-to-32 -Wpointer-sign -Wno-newline-eof -Wno-implicit-fallthrough -isysroot /Applications/Xcode.app/Contents/Developer/Platforms/iPhoneSimulator.platform/Developer/SDKs/iPhoneSimulator26.4.sdk -fstrict-aliasing -Wdeprecated-declarations -Wno-sign-conversion -Wno-infinite-recursion -Wno-comma -Wno-block-capture-autoreleasing -Wno-strict-prototypes -Wno-semicolon-before-method-body -index-store-path /Users/aadityasingh/Library/Developer/Xcode/DerivedData/Chatlio-erkyzdeecsohoaggpwbjdvavzqfv/Index.noindex/DataStore @/Users/aadityasingh/Library/Developer/Xcode/DerivedData/Chatlio-erkyzdeecsohoaggpwbjdvavzqfv/Build/Intermediates.noindex/PostHog.build/Debug-iphonesimulator/phlibwebp.build/Objects-normal/x86_64/7187679823f38a2a940e0043cdf9d637-common-args.resp -MMD -MT dependencies -MF /Users/aadityasingh/Library/Developer/Xcode/DerivedData/Chatlio-erkyzdeecsohoaggpwbjdvavzqfv/Build/Intermediates.noindex/PostHog.build/Debug-iphonesimulator/phlibwebp.build/Objects-normal/x86_64/picture_rescale_enc.d --serialize-diagnostics /Users/aadityasingh/Library/Developer/Xcode/DerivedData/Chatlio-erkyzdeecsohoaggpwbjdvavzqfv/Build/Intermediates.noindex/PostHog.build/Debug-iphonesimulator/phlibwebp.build/Objects-normal/x86_64/picture_rescale_enc.dia -c /Users/aadityasingh/Library/Developer/Xcode/DerivedData/Chatlio-erkyzdeecsohoaggpwbjdvavzqfv/SourcePackages/checkouts/posthog-ios/vendor/libwebp/picture_rescale_enc.c -o /Users/aadityasingh/Library/Developer/Xcode/DerivedData/Chatlio-erkyzdeecsohoaggpwbjdvavzqfv/Build/Intermediates.noindex/PostHog.build/Debug-iphonesimulator/phlibwebp.build/Objects-normal/x86_64/picture_rescale_enc.o -index-unit-output-path /PostHog.build/Debug-iphonesimulator/phlibwebp.build/Objects-normal/x86_64/picture_rescale_enc.o

ScanDependencies /Users/aadityasingh/Library/Developer/Xcode/DerivedData/Chatlio-erkyzdeecsohoaggpwbjdvavzqfv/Build/Intermediates.noindex/PostHog.build/Debug-iphonesimulator/phlibwebp.build/Objects-normal/x86_64/picture_psnr_enc.o /Users/aadityasingh/Library/Developer/Xcode/DerivedData/Chatlio-erkyzdeecsohoaggpwbjdvavzqfv/SourcePackages/checkouts/posthog-ios/vendor/libwebp/picture_psnr_enc.c normal x86_64 c com.apple.compilers.llvm.clang.1_0.compiler (in target 'phlibwebp' from project 'PostHog')
    cd /Users/aadityasingh/Documents/Development/element-x-ios/Chatlio.xcodeproj
    
    Using response file: /Users/aadityasingh/Library/Developer/Xcode/DerivedData/Chatlio-erkyzdeecsohoaggpwbjdvavzqfv/Build/Intermediates.noindex/PostHog.build/Debug-iphonesimulator/phlibwebp.build/Objects-normal/x86_64/7187679823f38a2a940e0043cdf9d637-common-args.resp
    
    builtin-ScanDependencies -o /Users/aadityasingh/Library/Developer/Xcode/DerivedData/Chatlio-erkyzdeecsohoaggpwbjdvavzqfv/Build/Intermediates.noindex/PostHog.build/Debug-iphonesimulator/phlibwebp.build/Objects-normal/x86_64/picture_psnr_enc.o.scan -- /Applications/Xcode.app/Contents/Developer/Toolchains/XcodeDefault.xctoolchain/usr/bin/clang -x c -ivfsstatcache /Users/aadityasingh/Library/Developer/Xcode/DerivedData/SDKStatCaches.noindex/iphonesimulator26.4-23E252-686eebb5dc1d8ecb277353a59184f4aa.sdkstatcache -target x86_64-apple-ios13.0-simulator -fmessage-length\=0 -fdiagnostics-show-note-include-stack -fmacro-backtrace-limit\=0 -fno-color-diagnostics -fmodules-prune-interval\=86400 -fmodules-prune-after\=345600 -fbuild-session-file\=/Users/aadityasingh/Library/Developer/Xcode/DerivedData/ModuleCache.noindex/Session.modulevalidation -fmodules-validate-once-per-build-session -Wnon-modular-include-in-framework-module -Werror\=non-modular-include-in-framework-module -Wno-trigraphs -Wno-missing-field-initializers -Wno-missing-prototypes -Wno-return-type -Wno-missing-braces -Wparentheses -Wswitch -Wno-unused-function -Wno-unused-label -Wno-unused-parameter -Wno-unused-variable -Wunused-value -Wno-empty-body -Wno-uninitialized -Wno-unknown-pragmas -w -Wno-shadow -Wno-four-char-constants -Wno-conversion -Wno-constant-conversion -Wno-int-conversion -Wno-bool-conversion -Wno-enum-conversion -Wno-float-conversion -Wno-non-literal-null-conversion -Wno-objc-literal-conversion -Wshorten-64-to-32 -Wpointer-sign -Wno-newline-eof -Wno-implicit-fallthrough -isysroot /Applications/Xcode.app/Contents/Developer/Platforms/iPhoneSimulator.platform/Developer/SDKs/iPhoneSimulator26.4.sdk -fstrict-aliasing -Wdeprecated-declarations -Wno-sign-conversion -Wno-infinite-recursion -Wno-comma -Wno-block-capture-autoreleasing -Wno-strict-prototypes -Wno-semicolon-before-method-body -index-store-path /Users/aadityasingh/Library/Developer/Xcode/DerivedData/Chatlio-erkyzdeecsohoaggpwbjdvavzqfv/Index.noindex/DataStore @/Users/aadityasingh/Library/Developer/Xcode/DerivedData/Chatlio-erkyzdeecsohoaggpwbjdvavzqfv/Build/Intermediates.noindex/PostHog.build/Debug-iphonesimulator/phlibwebp.build/Objects-normal/x86_64/7187679823f38a2a940e0043cdf9d637-common-args.resp -MMD -MT dependencies -MF /Users/aadityasingh/Library/Developer/Xcode/DerivedData/Chatlio-erkyzdeecsohoaggpwbjdvavzqfv/Build/Intermediates.noindex/PostHog.build/Debug-iphonesimulator/phlibwebp.build/Objects-normal/x86_64/picture_psnr_enc.d --serialize-diagnostics /Users/aadityasingh/Library/Developer/Xcode/DerivedData/Chatlio-erkyzdeecsohoaggpwbjdvavzqfv/Build/Intermediates.noindex/PostHog.build/Debug-iphonesimulator/phlibwebp.build/Objects-normal/x86_64/picture_psnr_enc.dia -c /Users/aadityasingh/Library/Developer/Xcode/DerivedData/Chatlio-erkyzdeecsohoaggpwbjdvavzqfv/SourcePackages/checkouts/posthog-ios/vendor/libwebp/picture_psnr_enc.c -o /Users/aadityasingh/Library/Developer/Xcode/DerivedData/Chatlio-erkyzdeecsohoaggpwbjdvavzqfv/Build/Intermediates.noindex/PostHog.build/Debug-iphonesimulator/phlibwebp.build/Objects-normal/x86_64/picture_psnr_enc.o -index-unit-output-path /PostHog.build/Debug-iphonesimulator/phlibwebp.build/Objects-normal/x86_64/picture_psnr_enc.o

ScanDependencies /Users/aadityasingh/Library/Developer/Xcode/DerivedData/Chatlio-erkyzdeecsohoaggpwbjdvavzqfv/Build/Intermediates.noindex/PostHog.build/Debug-iphonesimulator/phlibwebp.build/Objects-normal/x86_64/picture_enc.o /Users/aadityasingh/Library/Developer/Xcode/DerivedData/Chatlio-erkyzdeecsohoaggpwbjdvavzqfv/SourcePackages/checkouts/posthog-ios/vendor/libwebp/picture_enc.c normal x86_64 c com.apple.compilers.llvm.clang.1_0.compiler (in target 'phlibwebp' from project 'PostHog')
    cd /Users/aadityasingh/Documents/Development/element-x-ios/Chatlio.xcodeproj
    
    Using response file: /Users/aadityasingh/Library/Developer/Xcode/DerivedData/Chatlio-erkyzdeecsohoaggpwbjdvavzqfv/Build/Intermediates.noindex/PostHog.build/Debug-iphonesimulator/phlibwebp.build/Objects-normal/x86_64/7187679823f38a2a940e0043cdf9d637-common-args.resp
    
    builtin-ScanDependencies -o /Users/aadityasingh/Library/Developer/Xcode/DerivedData/Chatlio-erkyzdeecsohoaggpwbjdvavzqfv/Build/Intermediates.noindex/PostHog.build/Debug-iphonesimulator/phlibwebp.build/Objects-normal/x86_64/picture_enc.o.scan -- /Applications/Xcode.app/Contents/Developer/Toolchains/XcodeDefault.xctoolchain/usr/bin/clang -x c -ivfsstatcache /Users/aadityasingh/Library/Developer/Xcode/DerivedData/SDKStatCaches.noindex/iphonesimulator26.4-23E252-686eebb5dc1d8ecb277353a59184f4aa.sdkstatcache -target x86_64-apple-ios13.0-simulator -fmessage-length\=0 -fdiagnostics-show-note-include-stack -fmacro-backtrace-limit\=0 -fno-color-diagnostics -fmodules-prune-interval\=86400 -fmodules-prune-after\=345600 -fbuild-session-file\=/Users/aadityasingh/Library/Developer/Xcode/DerivedData/ModuleCache.noindex/Session.modulevalidation -fmodules-validate-once-per-build-session -Wnon-modular-include-in-framework-module -Werror\=non-modular-include-in-framework-module -Wno-trigraphs -Wno-missing-field-initializers -Wno-missing-prototypes -Wno-return-type -Wno-missing-braces -Wparentheses -Wswitch -Wno-unused-function -Wno-unused-label -Wno-unused-parameter -Wno-unused-variable -Wunused-value -Wno-empty-body -Wno-uninitialized -Wno-unknown-pragmas -w -Wno-shadow -Wno-four-char-constants -Wno-conversion -Wno-constant-conversion -Wno-int-conversion -Wno-bool-conversion -Wno-enum-conversion -Wno-float-conversion -Wno-non-literal-null-conversion -Wno-objc-literal-conversion -Wshorten-64-to-32 -Wpointer-sign -Wno-newline-eof -Wno-implicit-fallthrough -isysroot /Applications/Xcode.app/Contents/Developer/Platforms/iPhoneSimulator.platform/Developer/SDKs/iPhoneSimulator26.4.sdk -fstrict-aliasing -Wdeprecated-declarations -Wno-sign-conversion -Wno-infinite-recursion -Wno-comma -Wno-block-capture-autoreleasing -Wno-strict-prototypes -Wno-semicolon-before-method-body -index-store-path /Users/aadityasingh/Library/Developer/Xcode/DerivedData/Chatlio-erkyzdeecsohoaggpwbjdvavzqfv/Index.noindex/DataStore @/Users/aadityasingh/Library/Developer/Xcode/DerivedData/Chatlio-erkyzdeecsohoaggpwbjdvavzqfv/Build/Intermediates.noindex/PostHog.build/Debug-iphonesimulator/phlibwebp.build/Objects-normal/x86_64/7187679823f38a2a940e0043cdf9d637-common-args.resp -MMD -MT dependencies -MF /Users/aadityasingh/Library/Developer/Xcode/DerivedData/Chatlio-erkyzdeecsohoaggpwbjdvavzqfv/Build/Intermediates.noindex/PostHog.build/Debug-iphonesimulator/phlibwebp.build/Objects-normal/x86_64/picture_enc.d --serialize-diagnostics /Users/aadityasingh/Library/Developer/Xcode/DerivedData/Chatlio-erkyzdeecsohoaggpwbjdvavzqfv/Build/Intermediates.noindex/PostHog.build/Debug-iphonesimulator/phlibwebp.build/Objects-normal/x86_64/picture_enc.dia -c /Users/aadityasingh/Library/Developer/Xcode/DerivedData/Chatlio-erkyzdeecsohoaggpwbjdvavzqfv/SourcePackages/checkouts/posthog-ios/vendor/libwebp/picture_enc.c -o /Users/aadityasingh/Library/Developer/Xcode/DerivedData/Chatlio-erkyzdeecsohoaggpwbjdvavzqfv/Build/Intermediates.noindex/PostHog.build/Debug-iphonesimulator/phlibwebp.build/Objects-normal/x86_64/picture_enc.o -index-unit-output-path /PostHog.build/Debug-iphonesimulator/phlibwebp.build/Objects-normal/x86_64/picture_enc.o

ScanDependencies /Users/aadityasingh/Library/Developer/Xcode/DerivedData/Chatlio-erkyzdeecsohoaggpwbjdvavzqfv/Build/Intermediates.noindex/PostHog.build/Debug-iphonesimulator/phlibwebp.build/Objects-normal/x86_64/picture_csp_enc.o /Users/aadityasingh/Library/Developer/Xcode/DerivedData/Chatlio-erkyzdeecsohoaggpwbjdvavzqfv/SourcePackages/checkouts/posthog-ios/vendor/libwebp/picture_csp_enc.c normal x86_64 c com.apple.compilers.llvm.clang.1_0.compiler (in target 'phlibwebp' from project 'PostHog')
    cd /Users/aadityasingh/Documents/Development/element-x-ios/Chatlio.xcodeproj
    
    Using response file: /Users/aadityasingh/Library/Developer/Xcode/DerivedData/Chatlio-erkyzdeecsohoaggpwbjdvavzqfv/Build/Intermediates.noindex/PostHog.build/Debug-iphonesimulator/phlibwebp.build/Objects-normal/x86_64/7187679823f38a2a940e0043cdf9d637-common-args.resp
    
    builtin-ScanDependencies -o /Users/aadityasingh/Library/Developer/Xcode/DerivedData/Chatlio-erkyzdeecsohoaggpwbjdvavzqfv/Build/Intermediates.noindex/PostHog.build/Debug-iphonesimulator/phlibwebp.build/Objects-normal/x86_64/picture_csp_enc.o.scan -- /Applications/Xcode.app/Contents/Developer/Toolchains/XcodeDefault.xctoolchain/usr/bin/clang -x c -ivfsstatcache /Users/aadityasingh/Library/Developer/Xcode/DerivedData/SDKStatCaches.noindex/iphonesimulator26.4-23E252-686eebb5dc1d8ecb277353a59184f4aa.sdkstatcache -target x86_64-apple-ios13.0-simulator -fmessage-length\=0 -fdiagnostics-show-note-include-stack -fmacro-backtrace-limit\=0 -fno-color-diagnostics -fmodules-prune-interval\=86400 -fmodules-prune-after\=345600 -fbuild-session-file\=/Users/aadityasingh/Library/Developer/Xcode/DerivedData/ModuleCache.noindex/Session.modulevalidation -fmodules-validate-once-per-build-session -Wnon-modular-include-in-framework-module -Werror\=non-modular-include-in-framework-module -Wno-trigraphs -Wno-missing-field-initializers -Wno-missing-prototypes -Wno-return-type -Wno-missing-braces -Wparentheses -Wswitch -Wno-unused-function -Wno-unused-label -Wno-unused-parameter -Wno-unused-variable -Wunused-value -Wno-empty-body -Wno-uninitialized -Wno-unknown-pragmas -w -Wno-shadow -Wno-four-char-constants -Wno-conversion -Wno-constant-conversion -Wno-int-conversion -Wno-bool-conversion -Wno-enum-conversion -Wno-float-conversion -Wno-non-literal-null-conversion -Wno-objc-literal-conversion -Wshorten-64-to-32 -Wpointer-sign -Wno-newline-eof -Wno-implicit-fallthrough -isysroot /Applications/Xcode.app/Contents/Developer/Platforms/iPhoneSimulator.platform/Developer/SDKs/iPhoneSimulator26.4.sdk -fstrict-aliasing -Wdeprecated-declarations -Wno-sign-conversion -Wno-infinite-recursion -Wno-comma -Wno-block-capture-autoreleasing -Wno-strict-prototypes -Wno-semicolon-before-method-body -index-store-path /Users/aadityasingh/Library/Developer/Xcode/DerivedData/Chatlio-erkyzdeecsohoaggpwbjdvavzqfv/Index.noindex/DataStore @/Users/aadityasingh/Library/Developer/Xcode/DerivedData/Chatlio-erkyzdeecsohoaggpwbjdvavzqfv/Build/Intermediates.noindex/PostHog.build/Debug-iphonesimulator/phlibwebp.build/Objects-normal/x86_64/7187679823f38a2a940e0043cdf9d637-common-args.resp -MMD -MT dependencies -MF /Users/aadityasingh/Library/Developer/Xcode/DerivedData/Chatlio-erkyzdeecsohoaggpwbjdvavzqfv/Build/Intermediates.noindex/PostHog.build/Debug-iphonesimulator/phlibwebp.build/Objects-normal/x86_64/picture_csp_enc.d --serialize-diagnostics /Users/aadityasingh/Library/Developer/Xcode/DerivedData/Chatlio-erkyzdeecsohoaggpwbjdvavzqfv/Build/Intermediates.noindex/PostHog.build/Debug-iphonesimulator/phlibwebp.build/Objects-normal/x86_64/picture_csp_enc.dia -c /Users/aadityasingh/Library/Developer/Xcode/DerivedData/Chatlio-erkyzdeecsohoaggpwbjdvavzqfv/SourcePackages/checkouts/posthog-ios/vendor/libwebp/picture_csp_enc.c -o /Users/aadityasingh/Library/Developer/Xcode/DerivedData/Chatlio-erkyzdeecsohoaggpwbjdvavzqfv/Build/Intermediates.noindex/PostHog.build/Debug-iphonesimulator/phlibwebp.build/Objects-normal/x86_64/picture_csp_enc.o -index-unit-output-path /PostHog.build/Debug-iphonesimulator/phlibwebp.build/Objects-normal/x86_64/picture_csp_enc.o

ScanDependencies /Users/aadityasingh/Library/Developer/Xcode/DerivedData/Chatlio-erkyzdeecsohoaggpwbjdvavzqfv/Build/Intermediates.noindex/PostHog.build/Debug-iphonesimulator/phlibwebp.build/Objects-normal/x86_64/palette.o /Users/aadityasingh/Library/Developer/Xcode/DerivedData/Chatlio-erkyzdeecsohoaggpwbjdvavzqfv/SourcePackages/checkouts/posthog-ios/vendor/libwebp/palette.c normal x86_64 c com.apple.compilers.llvm.clang.1_0.compiler (in target 'phlibwebp' from project 'PostHog')
    cd /Users/aadityasingh/Documents/Development/element-x-ios/Chatlio.xcodeproj
    
    Using response file: /Users/aadityasingh/Library/Developer/Xcode/DerivedData/Chatlio-erkyzdeecsohoaggpwbjdvavzqfv/Build/Intermediates.noindex/PostHog.build/Debug-iphonesimulator/phlibwebp.build/Objects-normal/x86_64/7187679823f38a2a940e0043cdf9d637-common-args.resp
    
    builtin-ScanDependencies -o /Users/aadityasingh/Library/Developer/Xcode/DerivedData/Chatlio-erkyzdeecsohoaggpwbjdvavzqfv/Build/Intermediates.noindex/PostHog.build/Debug-iphonesimulator/phlibwebp.build/Objects-normal/x86_64/palette.o.scan -- /Applications/Xcode.app/Contents/Developer/Toolchains/XcodeDefault.xctoolchain/usr/bin/clang -x c -ivfsstatcache /Users/aadityasingh/Library/Developer/Xcode/DerivedData/SDKStatCaches.noindex/iphonesimulator26.4-23E252-686eebb5dc1d8ecb277353a59184f4aa.sdkstatcache -target x86_64-apple-ios13.0-simulator -fmessage-length\=0 -fdiagnostics-show-note-include-stack -fmacro-backtrace-limit\=0 -fno-color-diagnostics -fmodules-prune-interval\=86400 -fmodules-prune-after\=345600 -fbuild-session-file\=/Users/aadityasingh/Library/Developer/Xcode/DerivedData/ModuleCache.noindex/Session.modulevalidation -fmodules-validate-once-per-build-session -Wnon-modular-include-in-framework-module -Werror\=non-modular-include-in-framework-module -Wno-trigraphs -Wno-missing-field-initializers -Wno-missing-prototypes -Wno-return-type -Wno-missing-braces -Wparentheses -Wswitch -Wno-unused-function -Wno-unused-label -Wno-unused-parameter -Wno-unused-variable -Wunused-value -Wno-empty-body -Wno-uninitialized -Wno-unknown-pragmas -w -Wno-shadow -Wno-four-char-constants -Wno-conversion -Wno-constant-conversion -Wno-int-conversion -Wno-bool-conversion -Wno-enum-conversion -Wno-float-conversion -Wno-non-literal-null-conversion -Wno-objc-literal-conversion -Wshorten-64-to-32 -Wpointer-sign -Wno-newline-eof -Wno-implicit-fallthrough -isysroot /Applications/Xcode.app/Contents/Developer/Platforms/iPhoneSimulator.platform/Developer/SDKs/iPhoneSimulator26.4.sdk -fstrict-aliasing -Wdeprecated-declarations -Wno-sign-conversion -Wno-infinite-recursion -Wno-comma -Wno-block-capture-autoreleasing -Wno-strict-prototypes -Wno-semicolon-before-method-body -index-store-path /Users/aadityasingh/Library/Developer/Xcode/DerivedData/Chatlio-erkyzdeecsohoaggpwbjdvavzqfv/Index.noindex/DataStore @/Users/aadityasingh/Library/Developer/Xcode/DerivedData/Chatlio-erkyzdeecsohoaggpwbjdvavzqfv/Build/Intermediates.noindex/PostHog.build/Debug-iphonesimulator/phlibwebp.build/Objects-normal/x86_64/7187679823f38a2a940e0043cdf9d637-common-args.resp -MMD -MT dependencies -MF /Users/aadityasingh/Library/Developer/Xcode/DerivedData/Chatlio-erkyzdeecsohoaggpwbjdvavzqfv/Build/Intermediates.noindex/PostHog.build/Debug-iphonesimulator/phlibwebp.build/Objects-normal/x86_64/palette.d --serialize-diagnostics /Users/aadityasingh/Library/Developer/Xcode/DerivedData/Chatlio-erkyzdeecsohoaggpwbjdvavzqfv/Build/Intermediates.noindex/PostHog.build/Debug-iphonesimulator/phlibwebp.build/Objects-normal/x86_64/palette.dia -c /Users/aadityasingh/Library/Developer/Xcode/DerivedData/Chatlio-erkyzdeecsohoaggpwbjdvavzqfv/SourcePackages/checkouts/posthog-ios/vendor/libwebp/palette.c -o /Users/aadityasingh/Library/Developer/Xcode/DerivedData/Chatlio-erkyzdeecsohoaggpwbjdvavzqfv/Build/Intermediates.noindex/PostHog.build/Debug-iphonesimulator/phlibwebp.build/Objects-normal/x86_64/palette.o -index-unit-output-path /PostHog.build/Debug-iphonesimulator/phlibwebp.build/Objects-normal/x86_64/palette.o

ScanDependencies /Users/aadityasingh/Library/Developer/Xcode/DerivedData/Chatlio-erkyzdeecsohoaggpwbjdvavzqfv/Build/Intermediates.noindex/PostHog.build/Debug-iphonesimulator/phlibwebp.build/Objects-normal/x86_64/near_lossless_enc.o /Users/aadityasingh/Library/Developer/Xcode/DerivedData/Chatlio-erkyzdeecsohoaggpwbjdvavzqfv/SourcePackages/checkouts/posthog-ios/vendor/libwebp/near_lossless_enc.c normal x86_64 c com.apple.compilers.llvm.clang.1_0.compiler (in target 'phlibwebp' from project 'PostHog')
    cd /Users/aadityasingh/Documents/Development/element-x-ios/Chatlio.xcodeproj
    
    Using response file: /Users/aadityasingh/Library/Developer/Xcode/DerivedData/Chatlio-erkyzdeecsohoaggpwbjdvavzqfv/Build/Intermediates.noindex/PostHog.build/Debug-iphonesimulator/phlibwebp.build/Objects-normal/x86_64/7187679823f38a2a940e0043cdf9d637-common-args.resp
    
    builtin-ScanDependencies -o /Users/aadityasingh/Library/Developer/Xcode/DerivedData/Chatlio-erkyzdeecsohoaggpwbjdvavzqfv/Build/Intermediates.noindex/PostHog.build/Debug-iphonesimulator/phlibwebp.build/Objects-normal/x86_64/near_lossless_enc.o.scan -- /Applications/Xcode.app/Contents/Developer/Toolchains/XcodeDefault.xctoolchain/usr/bin/clang -x c -ivfsstatcache /Users/aadityasingh/Library/Developer/Xcode/DerivedData/SDKStatCaches.noindex/iphonesimulator26.4-23E252-686eebb5dc1d8ecb277353a59184f4aa.sdkstatcache -target x86_64-apple-ios13.0-simulator -fmessage-length\=0 -fdiagnostics-show-note-include-stack -fmacro-backtrace-limit\=0 -fno-color-diagnostics -fmodules-prune-interval\=86400 -fmodules-prune-after\=345600 -fbuild-session-file\=/Users/aadityasingh/Library/Developer/Xcode/DerivedData/ModuleCache.noindex/Session.modulevalidation -fmodules-validate-once-per-build-session -Wnon-modular-include-in-framework-module -Werror\=non-modular-include-in-framework-module -Wno-trigraphs -Wno-missing-field-initializers -Wno-missing-prototypes -Wno-return-type -Wno-missing-braces -Wparentheses -Wswitch -Wno-unused-function -Wno-unused-label -Wno-unused-parameter -Wno-unused-variable -Wunused-value -Wno-empty-body -Wno-uninitialized -Wno-unknown-pragmas -w -Wno-shadow -Wno-four-char-constants -Wno-conversion -Wno-constant-conversion -Wno-int-conversion -Wno-bool-conversion -Wno-enum-conversion -Wno-float-conversion -Wno-non-literal-null-conversion -Wno-objc-literal-conversion -Wshorten-64-to-32 -Wpointer-sign -Wno-newline-eof -Wno-implicit-fallthrough -isysroot /Applications/Xcode.app/Contents/Developer/Platforms/iPhoneSimulator.platform/Developer/SDKs/iPhoneSimulator26.4.sdk -fstrict-aliasing -Wdeprecated-declarations -Wno-sign-conversion -Wno-infinite-recursion -Wno-comma -Wno-block-capture-autoreleasing -Wno-strict-prototypes -Wno-semicolon-before-method-body -index-store-path /Users/aadityasingh/Library/Developer/Xcode/DerivedData/Chatlio-erkyzdeecsohoaggpwbjdvavzqfv/Index.noindex/DataStore @/Users/aadityasingh/Library/Developer/Xcode/DerivedData/Chatlio-erkyzdeecsohoaggpwbjdvavzqfv/Build/Intermediates.noindex/PostHog.build/Debug-iphonesimulator/phlibwebp.build/Objects-normal/x86_64/7187679823f38a2a940e0043cdf9d637-common-args.resp -MMD -MT dependencies -MF /Users/aadityasingh/Library/Developer/Xcode/DerivedData/Chatlio-erkyzdeecsohoaggpwbjdvavzqfv/Build/Intermediates.noindex/PostHog.build/Debug-iphonesimulator/phlibwebp.build/Objects-normal/x86_64/near_lossless_enc.d --serialize-diagnostics /Users/aadityasingh/Library/Developer/Xcode/DerivedData/Chatlio-erkyzdeecsohoaggpwbjdvavzqfv/Build/Intermediates.noindex/PostHog.build/Debug-iphonesimulator/phlibwebp.build/Objects-normal/x86_64/near_lossless_enc.dia -c /Users/aadityasingh/Library/Developer/Xcode/DerivedData/Chatlio-erkyzdeecsohoaggpwbjdvavzqfv/SourcePackages/checkouts/posthog-ios/vendor/libwebp/near_lossless_enc.c -o /Users/aadityasingh/Library/Developer/Xcode/DerivedData/Chatlio-erkyzdeecsohoaggpwbjdvavzqfv/Build/Intermediates.noindex/PostHog.build/Debug-iphonesimulator/phlibwebp.build/Objects-normal/x86_64/near_lossless_enc.o -index-unit-output-path /PostHog.build/Debug-iphonesimulator/phlibwebp.build/Objects-normal/x86_64/near_lossless_enc.o

ScanDependencies /Users/aadityasingh/Library/Developer/Xcode/DerivedData/Chatlio-erkyzdeecsohoaggpwbjdvavzqfv/Build/Intermediates.noindex/PostHog.build/Debug-iphonesimulator/phlibwebp.build/Objects-normal/x86_64/muxread.o /Users/aadityasingh/Library/Developer/Xcode/DerivedData/Chatlio-erkyzdeecsohoaggpwbjdvavzqfv/SourcePackages/checkouts/posthog-ios/vendor/libwebp/muxread.c normal x86_64 c com.apple.compilers.llvm.clang.1_0.compiler (in target 'phlibwebp' from project 'PostHog')
    cd /Users/aadityasingh/Documents/Development/element-x-ios/Chatlio.xcodeproj
    
    Using response file: /Users/aadityasingh/Library/Developer/Xcode/DerivedData/Chatlio-erkyzdeecsohoaggpwbjdvavzqfv/Build/Intermediates.noindex/PostHog.build/Debug-iphonesimulator/phlibwebp.build/Objects-normal/x86_64/7187679823f38a2a940e0043cdf9d637-common-args.resp
    
    builtin-ScanDependencies -o /Users/aadityasingh/Library/Developer/Xcode/DerivedData/Chatlio-erkyzdeecsohoaggpwbjdvavzqfv/Build/Intermediates.noindex/PostHog.build/Debug-iphonesimulator/phlibwebp.build/Objects-normal/x86_64/muxread.o.scan -- /Applications/Xcode.app/Contents/Developer/Toolchains/XcodeDefault.xctoolchain/usr/bin/clang -x c -ivfsstatcache /Users/aadityasingh/Library/Developer/Xcode/DerivedData/SDKStatCaches.noindex/iphonesimulator26.4-23E252-686eebb5dc1d8ecb277353a59184f4aa.sdkstatcache -target x86_64-apple-ios13.0-simulator -fmessage-length\=0 -fdiagnostics-show-note-include-stack -fmacro-backtrace-limit\=0 -fno-color-diagnostics -fmodules-prune-interval\=86400 -fmodules-prune-after\=345600 -fbuild-session-file\=/Users/aadityasingh/Library/Developer/Xcode/DerivedData/ModuleCache.noindex/Session.modulevalidation -fmodules-validate-once-per-build-session -Wnon-modular-include-in-framework-module -Werror\=non-modular-include-in-framework-module -Wno-trigraphs -Wno-missing-field-initializers -Wno-missing-prototypes -Wno-return-type -Wno-missing-braces -Wparentheses -Wswitch -Wno-unused-function -Wno-unused-label -Wno-unused-parameter -Wno-unused-variable -Wunused-value -Wno-empty-body -Wno-uninitialized -Wno-unknown-pragmas -w -Wno-shadow -Wno-four-char-constants -Wno-conversion -Wno-constant-conversion -Wno-int-conversion -Wno-bool-conversion -Wno-enum-conversion -Wno-float-conversion -Wno-non-literal-null-conversion -Wno-objc-literal-conversion -Wshorten-64-to-32 -Wpointer-sign -Wno-newline-eof -Wno-implicit-fallthrough -isysroot /Applications/Xcode.app/Contents/Developer/Platforms/iPhoneSimulator.platform/Developer/SDKs/iPhoneSimulator26.4.sdk -fstrict-aliasing -Wdeprecated-declarations -Wno-sign-conversion -Wno-infinite-recursion -Wno-comma -Wno-block-capture-autoreleasing -Wno-strict-prototypes -Wno-semicolon-before-method-body -index-store-path /Users/aadityasingh/Library/Developer/Xcode/DerivedData/Chatlio-erkyzdeecsohoaggpwbjdvavzqfv/Index.noindex/DataStore @/Users/aadityasingh/Library/Developer/Xcode/DerivedData/Chatlio-erkyzdeecsohoaggpwbjdvavzqfv/Build/Intermediates.noindex/PostHog.build/Debug-iphonesimulator/phlibwebp.build/Objects-normal/x86_64/7187679823f38a2a940e0043cdf9d637-common-args.resp -MMD -MT dependencies -MF /Users/aadityasingh/Library/Developer/Xcode/DerivedData/Chatlio-erkyzdeecsohoaggpwbjdvavzqfv/Build/Intermediates.noindex/PostHog.build/Debug-iphonesimulator/phlibwebp.build/Objects-normal/x86_64/muxread.d --serialize-diagnostics /Users/aadityasingh/Library/Developer/Xcode/DerivedData/Chatlio-erkyzdeecsohoaggpwbjdvavzqfv/Build/Intermediates.noindex/PostHog.build/Debug-iphonesimulator/phlibwebp.build/Objects-normal/x86_64/muxread.dia -c /Users/aadityasingh/Library/Developer/Xcode/DerivedData/Chatlio-erkyzdeecsohoaggpwbjdvavzqfv/SourcePackages/checkouts/posthog-ios/vendor/libwebp/muxread.c -o /Users/aadityasingh/Library/Developer/Xcode/DerivedData/Chatlio-erkyzdeecsohoaggpwbjdvavzqfv/Build/Intermediates.noindex/PostHog.build/Debug-iphonesimulator/phlibwebp.build/Objects-normal/x86_64/muxread.o -index-unit-output-path /PostHog.build/Debug-iphonesimulator/phlibwebp.build/Objects-normal/x86_64/muxread.o

ScanDependencies /Users/aadityasingh/Library/Developer/Xcode/DerivedData/Chatlio-erkyzdeecsohoaggpwbjdvavzqfv/Build/Intermediates.noindex/PostHog.build/Debug-iphonesimulator/phlibwebp.build/Objects-normal/x86_64/muxinternal.o /Users/aadityasingh/Library/Developer/Xcode/DerivedData/Chatlio-erkyzdeecsohoaggpwbjdvavzqfv/SourcePackages/checkouts/posthog-ios/vendor/libwebp/muxinternal.c normal x86_64 c com.apple.compilers.llvm.clang.1_0.compiler (in target 'phlibwebp' from project 'PostHog')
    cd /Users/aadityasingh/Documents/Development/element-x-ios/Chatlio.xcodeproj
    
    Using response file: /Users/aadityasingh/Library/Developer/Xcode/DerivedData/Chatlio-erkyzdeecsohoaggpwbjdvavzqfv/Build/Intermediates.noindex/PostHog.build/Debug-iphonesimulator/phlibwebp.build/Objects-normal/x86_64/7187679823f38a2a940e0043cdf9d637-common-args.resp
    
    builtin-ScanDependencies -o /Users/aadityasingh/Library/Developer/Xcode/DerivedData/Chatlio-erkyzdeecsohoaggpwbjdvavzqfv/Build/Intermediates.noindex/PostHog.build/Debug-iphonesimulator/phlibwebp.build/Objects-normal/x86_64/muxinternal.o.scan -- /Applications/Xcode.app/Contents/Developer/Toolchains/XcodeDefault.xctoolchain/usr/bin/clang -x c -ivfsstatcache /Users/aadityasingh/Library/Developer/Xcode/DerivedData/SDKStatCaches.noindex/iphonesimulator26.4-23E252-686eebb5dc1d8ecb277353a59184f4aa.sdkstatcache -target x86_64-apple-ios13.0-simulator -fmessage-length\=0 -fdiagnostics-show-note-include-stack -fmacro-backtrace-limit\=0 -fno-color-diagnostics -fmodules-prune-interval\=86400 -fmodules-prune-after\=345600 -fbuild-session-file\=/Users/aadityasingh/Library/Developer/Xcode/DerivedData/ModuleCache.noindex/Session.modulevalidation -fmodules-validate-once-per-build-session -Wnon-modular-include-in-framework-module -Werror\=non-modular-include-in-framework-module -Wno-trigraphs -Wno-missing-field-initializers -Wno-missing-prototypes -Wno-return-type -Wno-missing-braces -Wparentheses -Wswitch -Wno-unused-function -Wno-unused-label -Wno-unused-parameter -Wno-unused-variable -Wunused-value -Wno-empty-body -Wno-uninitialized -Wno-unknown-pragmas -w -Wno-shadow -Wno-four-char-constants -Wno-conversion -Wno-constant-conversion -Wno-int-conversion -Wno-bool-conversion -Wno-enum-conversion -Wno-float-conversion -Wno-non-literal-null-conversion -Wno-objc-literal-conversion -Wshorten-64-to-32 -Wpointer-sign -Wno-newline-eof -Wno-implicit-fallthrough -isysroot /Applications/Xcode.app/Contents/Developer/Platforms/iPhoneSimulator.platform/Developer/SDKs/iPhoneSimulator26.4.sdk -fstrict-aliasing -Wdeprecated-declarations -Wno-sign-conversion -Wno-infinite-recursion -Wno-comma -Wno-block-capture-autoreleasing -Wno-strict-prototypes -Wno-semicolon-before-method-body -index-store-path /Users/aadityasingh/Library/Developer/Xcode/DerivedData/Chatlio-erkyzdeecsohoaggpwbjdvavzqfv/Index.noindex/DataStore @/Users/aadityasingh/Library/Developer/Xcode/DerivedData/Chatlio-erkyzdeecsohoaggpwbjdvavzqfv/Build/Intermediates.noindex/PostHog.build/Debug-iphonesimulator/phlibwebp.build/Objects-normal/x86_64/7187679823f38a2a940e0043cdf9d637-common-args.resp -MMD -MT dependencies -MF /Users/aadityasingh/Library/Developer/Xcode/DerivedData/Chatlio-erkyzdeecsohoaggpwbjdvavzqfv/Build/Intermediates.noindex/PostHog.build/Debug-iphonesimulator/phlibwebp.build/Objects-normal/x86_64/muxinternal.d --serialize-diagnostics /Users/aadityasingh/Library/Developer/Xcode/DerivedData/Chatlio-erkyzdeecsohoaggpwbjdvavzqfv/Build/Intermediates.noindex/PostHog.build/Debug-iphonesimulator/phlibwebp.build/Objects-normal/x86_64/muxinternal.dia -c /Users/aadityasingh/Library/Developer/Xcode/DerivedData/Chatlio-erkyzdeecsohoaggpwbjdvavzqfv/SourcePackages/checkouts/posthog-ios/vendor/libwebp/muxinternal.c -o /Users/aadityasingh/Library/Developer/Xcode/DerivedData/Chatlio-erkyzdeecsohoaggpwbjdvavzqfv/Build/Intermediates.noindex/PostHog.build/Debug-iphonesimulator/phlibwebp.build/Objects-normal/x86_64/muxinternal.o -index-unit-output-path /PostHog.build/Debug-iphonesimulator/phlibwebp.build/Objects-normal/x86_64/muxinternal.o

ScanDependencies /Users/aadityasingh/Library/Developer/Xcode/DerivedData/Chatlio-erkyzdeecsohoaggpwbjdvavzqfv/Build/Intermediates.noindex/PostHog.build/Debug-iphonesimulator/phlibwebp.build/Objects-normal/x86_64/muxedit.o /Users/aadityasingh/Library/Developer/Xcode/DerivedData/Chatlio-erkyzdeecsohoaggpwbjdvavzqfv/SourcePackages/checkouts/posthog-ios/vendor/libwebp/muxedit.c normal x86_64 c com.apple.compilers.llvm.clang.1_0.compiler (in target 'phlibwebp' from project 'PostHog')
    cd /Users/aadityasingh/Documents/Development/element-x-ios/Chatlio.xcodeproj
    
    Using response file: /Users/aadityasingh/Library/Developer/Xcode/DerivedData/Chatlio-erkyzdeecsohoaggpwbjdvavzqfv/Build/Intermediates.noindex/PostHog.build/Debug-iphonesimulator/phlibwebp.build/Objects-normal/x86_64/7187679823f38a2a940e0043cdf9d637-common-args.resp
    
    builtin-ScanDependencies -o /Users/aadityasingh/Library/Developer/Xcode/DerivedData/Chatlio-erkyzdeecsohoaggpwbjdvavzqfv/Build/Intermediates.noindex/PostHog.build/Debug-iphonesimulator/phlibwebp.build/Objects-normal/x86_64/muxedit.o.scan -- /Applications/Xcode.app/Contents/Developer/Toolchains/XcodeDefault.xctoolchain/usr/bin/clang -x c -ivfsstatcache /Users/aadityasingh/Library/Developer/Xcode/DerivedData/SDKStatCaches.noindex/iphonesimulator26.4-23E252-686eebb5dc1d8ecb277353a59184f4aa.sdkstatcache -target x86_64-apple-ios13.0-simulator -fmessage-length\=0 -fdiagnostics-show-note-include-stack -fmacro-backtrace-limit\=0 -fno-color-diagnostics -fmodules-prune-interval\=86400 -fmodules-prune-after\=345600 -fbuild-session-file\=/Users/aadityasingh/Library/Developer/Xcode/DerivedData/ModuleCache.noindex/Session.modulevalidation -fmodules-validate-once-per-build-session -Wnon-modular-include-in-framework-module -Werror\=non-modular-include-in-framework-module -Wno-trigraphs -Wno-missing-field-initializers -Wno-missing-prototypes -Wno-return-type -Wno-missing-braces -Wparentheses -Wswitch -Wno-unused-function -Wno-unused-label -Wno-unused-parameter -Wno-unused-variable -Wunused-value -Wno-empty-body -Wno-uninitialized -Wno-unknown-pragmas -w -Wno-shadow -Wno-four-char-constants -Wno-conversion -Wno-constant-conversion -Wno-int-conversion -Wno-bool-conversion -Wno-enum-conversion -Wno-float-conversion -Wno-non-literal-null-conversion -Wno-objc-literal-conversion -Wshorten-64-to-32 -Wpointer-sign -Wno-newline-eof -Wno-implicit-fallthrough -isysroot /Applications/Xcode.app/Contents/Developer/Platforms/iPhoneSimulator.platform/Developer/SDKs/iPhoneSimulator26.4.sdk -fstrict-aliasing -Wdeprecated-declarations -Wno-sign-conversion -Wno-infinite-recursion -Wno-comma -Wno-block-capture-autoreleasing -Wno-strict-prototypes -Wno-semicolon-before-method-body -index-store-path /Users/aadityasingh/Library/Developer/Xcode/DerivedData/Chatlio-erkyzdeecsohoaggpwbjdvavzqfv/Index.noindex/DataStore @/Users/aadityasingh/Library/Developer/Xcode/DerivedData/Chatlio-erkyzdeecsohoaggpwbjdvavzqfv/Build/Intermediates.noindex/PostHog.build/Debug-iphonesimulator/phlibwebp.build/Objects-normal/x86_64/7187679823f38a2a940e0043cdf9d637-common-args.resp -MMD -MT dependencies -MF /Users/aadityasingh/Library/Developer/Xcode/DerivedData/Chatlio-erkyzdeecsohoaggpwbjdvavzqfv/Build/Intermediates.noindex/PostHog.build/Debug-iphonesimulator/phlibwebp.build/Objects-normal/x86_64/muxedit.d --serialize-diagnostics /Users/aadityasingh/Library/Developer/Xcode/DerivedData/Chatlio-erkyzdeecsohoaggpwbjdvavzqfv/Build/Intermediates.noindex/PostHog.build/Debug-iphonesimulator/phlibwebp.build/Objects-normal/x86_64/muxedit.dia -c /Users/aadityasingh/Library/Developer/Xcode/DerivedData/Chatlio-erkyzdeecsohoaggpwbjdvavzqfv/SourcePackages/checkouts/posthog-ios/vendor/libwebp/muxedit.c -o /Users/aadityasingh/Library/Developer/Xcode/DerivedData/Chatlio-erkyzdeecsohoaggpwbjdvavzqfv/Build/Intermediates.noindex/PostHog.build/Debug-iphonesimulator/phlibwebp.build/Objects-normal/x86_64/muxedit.o -index-unit-output-path /PostHog.build/Debug-iphonesimulator/phlibwebp.build/Objects-normal/x86_64/muxedit.o

ScanDependencies /Users/aadityasingh/Library/Developer/Xcode/DerivedData/Chatlio-erkyzdeecsohoaggpwbjdvavzqfv/Build/Intermediates.noindex/PostHog.build/Debug-iphonesimulator/phlibwebp.build/Objects-normal/x86_64/lossless_sse41.o /Users/aadityasingh/Library/Developer/Xcode/DerivedData/Chatlio-erkyzdeecsohoaggpwbjdvavzqfv/SourcePackages/checkouts/posthog-ios/vendor/libwebp/lossless_sse41.c normal x86_64 c com.apple.compilers.llvm.clang.1_0.compiler (in target 'phlibwebp' from project 'PostHog')
    cd /Users/aadityasingh/Documents/Development/element-x-ios/Chatlio.xcodeproj
    
    Using response file: /Users/aadityasingh/Library/Developer/Xcode/DerivedData/Chatlio-erkyzdeecsohoaggpwbjdvavzqfv/Build/Intermediates.noindex/PostHog.build/Debug-iphonesimulator/phlibwebp.build/Objects-normal/x86_64/7187679823f38a2a940e0043cdf9d637-common-args.resp
    
    builtin-ScanDependencies -o /Users/aadityasingh/Library/Developer/Xcode/DerivedData/Chatlio-erkyzdeecsohoaggpwbjdvavzqfv/Build/Intermediates.noindex/PostHog.build/Debug-iphonesimulator/phlibwebp.build/Objects-normal/x86_64/lossless_sse41.o.scan -- /Applications/Xcode.app/Contents/Developer/Toolchains/XcodeDefault.xctoolchain/usr/bin/clang -x c -ivfsstatcache /Users/aadityasingh/Library/Developer/Xcode/DerivedData/SDKStatCaches.noindex/iphonesimulator26.4-23E252-686eebb5dc1d8ecb277353a59184f4aa.sdkstatcache -target x86_64-apple-ios13.0-simulator -fmessage-length\=0 -fdiagnostics-show-note-include-stack -fmacro-backtrace-limit\=0 -fno-color-diagnostics -fmodules-prune-interval\=86400 -fmodules-prune-after\=345600 -fbuild-session-file\=/Users/aadityasingh/Library/Developer/Xcode/DerivedData/ModuleCache.noindex/Session.modulevalidation -fmodules-validate-once-per-build-session -Wnon-modular-include-in-framework-module -Werror\=non-modular-include-in-framework-module -Wno-trigraphs -Wno-missing-field-initializers -Wno-missing-prototypes -Wno-return-type -Wno-missing-braces -Wparentheses -Wswitch -Wno-unused-function -Wno-unused-label -Wno-unused-parameter -Wno-unused-variable -Wunused-value -Wno-empty-body -Wno-uninitialized -Wno-unknown-pragmas -w -Wno-shadow -Wno-four-char-constants -Wno-conversion -Wno-constant-conversion -Wno-int-conversion -Wno-bool-conversion -Wno-enum-conversion -Wno-float-conversion -Wno-non-literal-null-conversion -Wno-objc-literal-conversion -Wshorten-64-to-32 -Wpointer-sign -Wno-newline-eof -Wno-implicit-fallthrough -isysroot /Applications/Xcode.app/Contents/Developer/Platforms/iPhoneSimulator.platform/Developer/SDKs/iPhoneSimulator26.4.sdk -fstrict-aliasing -Wdeprecated-declarations -Wno-sign-conversion -Wno-infinite-recursion -Wno-comma -Wno-block-capture-autoreleasing -Wno-strict-prototypes -Wno-semicolon-before-method-body -index-store-path /Users/aadityasingh/Library/Developer/Xcode/DerivedData/Chatlio-erkyzdeecsohoaggpwbjdvavzqfv/Index.noindex/DataStore @/Users/aadityasingh/Library/Developer/Xcode/DerivedData/Chatlio-erkyzdeecsohoaggpwbjdvavzqfv/Build/Intermediates.noindex/PostHog.build/Debug-iphonesimulator/phlibwebp.build/Objects-normal/x86_64/7187679823f38a2a940e0043cdf9d637-common-args.resp -MMD -MT dependencies -MF /Users/aadityasingh/Library/Developer/Xcode/DerivedData/Chatlio-erkyzdeecsohoaggpwbjdvavzqfv/Build/Intermediates.noindex/PostHog.build/Debug-iphonesimulator/phlibwebp.build/Objects-normal/x86_64/lossless_sse41.d --serialize-diagnostics /Users/aadityasingh/Library/Developer/Xcode/DerivedData/Chatlio-erkyzdeecsohoaggpwbjdvavzqfv/Build/Intermediates.noindex/PostHog.build/Debug-iphonesimulator/phlibwebp.build/Objects-normal/x86_64/lossless_sse41.dia -c /Users/aadityasingh/Library/Developer/Xcode/DerivedData/Chatlio-erkyzdeecsohoaggpwbjdvavzqfv/SourcePackages/checkouts/posthog-ios/vendor/libwebp/lossless_sse41.c -o /Users/aadityasingh/Library/Developer/Xcode/DerivedData/Chatlio-erkyzdeecsohoaggpwbjdvavzqfv/Build/Intermediates.noindex/PostHog.build/Debug-iphonesimulator/phlibwebp.build/Objects-normal/x86_64/lossless_sse41.o -index-unit-output-path /PostHog.build/Debug-iphonesimulator/phlibwebp.build/Objects-normal/x86_64/lossless_sse41.o

ScanDependencies /Users/aadityasingh/Library/Developer/Xcode/DerivedData/Chatlio-erkyzdeecsohoaggpwbjdvavzqfv/Build/Intermediates.noindex/PostHog.build/Debug-iphonesimulator/phlibwebp.build/Objects-normal/x86_64/lossless_sse2.o /Users/aadityasingh/Library/Developer/Xcode/DerivedData/Chatlio-erkyzdeecsohoaggpwbjdvavzqfv/SourcePackages/checkouts/posthog-ios/vendor/libwebp/lossless_sse2.c normal x86_64 c com.apple.compilers.llvm.clang.1_0.compiler (in target 'phlibwebp' from project 'PostHog')
    cd /Users/aadityasingh/Documents/Development/element-x-ios/Chatlio.xcodeproj
    
    Using response file: /Users/aadityasingh/Library/Developer/Xcode/DerivedData/Chatlio-erkyzdeecsohoaggpwbjdvavzqfv/Build/Intermediates.noindex/PostHog.build/Debug-iphonesimulator/phlibwebp.build/Objects-normal/x86_64/7187679823f38a2a940e0043cdf9d637-common-args.resp
    
    builtin-ScanDependencies -o /Users/aadityasingh/Library/Developer/Xcode/DerivedData/Chatlio-erkyzdeecsohoaggpwbjdvavzqfv/Build/Intermediates.noindex/PostHog.build/Debug-iphonesimulator/phlibwebp.build/Objects-normal/x86_64/lossless_sse2.o.scan -- /Applications/Xcode.app/Contents/Developer/Toolchains/XcodeDefault.xctoolchain/usr/bin/clang -x c -ivfsstatcache /Users/aadityasingh/Library/Developer/Xcode/DerivedData/SDKStatCaches.noindex/iphonesimulator26.4-23E252-686eebb5dc1d8ecb277353a59184f4aa.sdkstatcache -target x86_64-apple-ios13.0-simulator -fmessage-length\=0 -fdiagnostics-show-note-include-stack -fmacro-backtrace-limit\=0 -fno-color-diagnostics -fmodules-prune-interval\=86400 -fmodules-prune-after\=345600 -fbuild-session-file\=/Users/aadityasingh/Library/Developer/Xcode/DerivedData/ModuleCache.noindex/Session.modulevalidation -fmodules-validate-once-per-build-session -Wnon-modular-include-in-framework-module -Werror\=non-modular-include-in-framework-module -Wno-trigraphs -Wno-missing-field-initializers -Wno-missing-prototypes -Wno-return-type -Wno-missing-braces -Wparentheses -Wswitch -Wno-unused-function -Wno-unused-label -Wno-unused-parameter -Wno-unused-variable -Wunused-value -Wno-empty-body -Wno-uninitialized -Wno-unknown-pragmas -w -Wno-shadow -Wno-four-char-constants -Wno-conversion -Wno-constant-conversion -Wno-int-conversion -Wno-bool-conversion -Wno-enum-conversion -Wno-float-conversion -Wno-non-literal-null-conversion -Wno-objc-literal-conversion -Wshorten-64-to-32 -Wpointer-sign -Wno-newline-eof -Wno-implicit-fallthrough -isysroot /Applications/Xcode.app/Contents/Developer/Platforms/iPhoneSimulator.platform/Developer/SDKs/iPhoneSimulator26.4.sdk -fstrict-aliasing -Wdeprecated-declarations -Wno-sign-conversion -Wno-infinite-recursion -Wno-comma -Wno-block-capture-autoreleasing -Wno-strict-prototypes -Wno-semicolon-before-method-body -index-store-path /Users/aadityasingh/Library/Developer/Xcode/DerivedData/Chatlio-erkyzdeecsohoaggpwbjdvavzqfv/Index.noindex/DataStore @/Users/aadityasingh/Library/Developer/Xcode/DerivedData/Chatlio-erkyzdeecsohoaggpwbjdvavzqfv/Build/Intermediates.noindex/PostHog.build/Debug-iphonesimulator/phlibwebp.build/Objects-normal/x86_64/7187679823f38a2a940e0043cdf9d637-common-args.resp -MMD -MT dependencies -MF /Users/aadityasingh/Library/Developer/Xcode/DerivedData/Chatlio-erkyzdeecsohoaggpwbjdvavzqfv/Build/Intermediates.noindex/PostHog.build/Debug-iphonesimulator/phlibwebp.build/Objects-normal/x86_64/lossless_sse2.d --serialize-diagnostics /Users/aadityasingh/Library/Developer/Xcode/DerivedData/Chatlio-erkyzdeecsohoaggpwbjdvavzqfv/Build/Intermediates.noindex/PostHog.build/Debug-iphonesimulator/phlibwebp.build/Objects-normal/x86_64/lossless_sse2.dia -c /Users/aadityasingh/Library/Developer/Xcode/DerivedData/Chatlio-erkyzdeecsohoaggpwbjdvavzqfv/SourcePackages/checkouts/posthog-ios/vendor/libwebp/lossless_sse2.c -o /Users/aadityasingh/Library/Developer/Xcode/DerivedData/Chatlio-erkyzdeecsohoaggpwbjdvavzqfv/Build/Intermediates.noindex/PostHog.build/Debug-iphonesimulator/phlibwebp.build/Objects-normal/x86_64/lossless_sse2.o -index-unit-output-path /PostHog.build/Debug-iphonesimulator/phlibwebp.build/Objects-normal/x86_64/lossless_sse2.o

ScanDependencies /Users/aadityasingh/Library/Developer/Xcode/DerivedData/Chatlio-erkyzdeecsohoaggpwbjdvavzqfv/Build/Intermediates.noindex/PostHog.build/Debug-iphonesimulator/phlibwebp.build/Objects-normal/x86_64/lossless_neon.o /Users/aadityasingh/Library/Developer/Xcode/DerivedData/Chatlio-erkyzdeecsohoaggpwbjdvavzqfv/SourcePackages/checkouts/posthog-ios/vendor/libwebp/lossless_neon.c normal x86_64 c com.apple.compilers.llvm.clang.1_0.compiler (in target 'phlibwebp' from project 'PostHog')
    cd /Users/aadityasingh/Documents/Development/element-x-ios/Chatlio.xcodeproj
    
    Using response file: /Users/aadityasingh/Library/Developer/Xcode/DerivedData/Chatlio-erkyzdeecsohoaggpwbjdvavzqfv/Build/Intermediates.noindex/PostHog.build/Debug-iphonesimulator/phlibwebp.build/Objects-normal/x86_64/7187679823f38a2a940e0043cdf9d637-common-args.resp
    
    builtin-ScanDependencies -o /Users/aadityasingh/Library/Developer/Xcode/DerivedData/Chatlio-erkyzdeecsohoaggpwbjdvavzqfv/Build/Intermediates.noindex/PostHog.build/Debug-iphonesimulator/phlibwebp.build/Objects-normal/x86_64/lossless_neon.o.scan -- /Applications/Xcode.app/Contents/Developer/Toolchains/XcodeDefault.xctoolchain/usr/bin/clang -x c -ivfsstatcache /Users/aadityasingh/Library/Developer/Xcode/DerivedData/SDKStatCaches.noindex/iphonesimulator26.4-23E252-686eebb5dc1d8ecb277353a59184f4aa.sdkstatcache -target x86_64-apple-ios13.0-simulator -fmessage-length\=0 -fdiagnostics-show-note-include-stack -fmacro-backtrace-limit\=0 -fno-color-diagnostics -fmodules-prune-interval\=86400 -fmodules-prune-after\=345600 -fbuild-session-file\=/Users/aadityasingh/Library/Developer/Xcode/DerivedData/ModuleCache.noindex/Session.modulevalidation -fmodules-validate-once-per-build-session -Wnon-modular-include-in-framework-module -Werror\=non-modular-include-in-framework-module -Wno-trigraphs -Wno-missing-field-initializers -Wno-missing-prototypes -Wno-return-type -Wno-missing-braces -Wparentheses -Wswitch -Wno-unused-function -Wno-unused-label -Wno-unused-parameter -Wno-unused-variable -Wunused-value -Wno-empty-body -Wno-uninitialized -Wno-unknown-pragmas -w -Wno-shadow -Wno-four-char-constants -Wno-conversion -Wno-constant-conversion -Wno-int-conversion -Wno-bool-conversion -Wno-enum-conversion -Wno-float-conversion -Wno-non-literal-null-conversion -Wno-objc-literal-conversion -Wshorten-64-to-32 -Wpointer-sign -Wno-newline-eof -Wno-implicit-fallthrough -isysroot /Applications/Xcode.app/Contents/Developer/Platforms/iPhoneSimulator.platform/Developer/SDKs/iPhoneSimulator26.4.sdk -fstrict-aliasing -Wdeprecated-declarations -Wno-sign-conversion -Wno-infinite-recursion -Wno-comma -Wno-block-capture-autoreleasing -Wno-strict-prototypes -Wno-semicolon-before-method-body -index-store-path /Users/aadityasingh/Library/Developer/Xcode/DerivedData/Chatlio-erkyzdeecsohoaggpwbjdvavzqfv/Index.noindex/DataStore @/Users/aadityasingh/Library/Developer/Xcode/DerivedData/Chatlio-erkyzdeecsohoaggpwbjdvavzqfv/Build/Intermediates.noindex/PostHog.build/Debug-iphonesimulator/phlibwebp.build/Objects-normal/x86_64/7187679823f38a2a940e0043cdf9d637-common-args.resp -MMD -MT dependencies -MF /Users/aadityasingh/Library/Developer/Xcode/DerivedData/Chatlio-erkyzdeecsohoaggpwbjdvavzqfv/Build/Intermediates.noindex/PostHog.build/Debug-iphonesimulator/phlibwebp.build/Objects-normal/x86_64/lossless_neon.d --serialize-diagnostics /Users/aadityasingh/Library/Developer/Xcode/DerivedData/Chatlio-erkyzdeecsohoaggpwbjdvavzqfv/Build/Intermediates.noindex/PostHog.build/Debug-iphonesimulator/phlibwebp.build/Objects-normal/x86_64/lossless_neon.dia -c /Users/aadityasingh/Library/Developer/Xcode/DerivedData/Chatlio-erkyzdeecsohoaggpwbjdvavzqfv/SourcePackages/checkouts/posthog-ios/vendor/libwebp/lossless_neon.c -o /Users/aadityasingh/Library/Developer/Xcode/DerivedData/Chatlio-erkyzdeecsohoaggpwbjdvavzqfv/Build/Intermediates.noindex/PostHog.build/Debug-iphonesimulator/phlibwebp.build/Objects-normal/x86_64/lossless_neon.o -index-unit-output-path /PostHog.build/Debug-iphonesimulator/phlibwebp.build/Objects-normal/x86_64/lossless_neon.o

ScanDependencies /Users/aadityasingh/Library/Developer/Xcode/DerivedData/Chatlio-erkyzdeecsohoaggpwbjdvavzqfv/Build/Intermediates.noindex/PostHog.build/Debug-iphonesimulator/phlibwebp.build/Objects-normal/x86_64/lossless_enc_sse41.o /Users/aadityasingh/Library/Developer/Xcode/DerivedData/Chatlio-erkyzdeecsohoaggpwbjdvavzqfv/SourcePackages/checkouts/posthog-ios/vendor/libwebp/lossless_enc_sse41.c normal x86_64 c com.apple.compilers.llvm.clang.1_0.compiler (in target 'phlibwebp' from project 'PostHog')
    cd /Users/aadityasingh/Documents/Development/element-x-ios/Chatlio.xcodeproj
    
    Using response file: /Users/aadityasingh/Library/Developer/Xcode/DerivedData/Chatlio-erkyzdeecsohoaggpwbjdvavzqfv/Build/Intermediates.noindex/PostHog.build/Debug-iphonesimulator/phlibwebp.build/Objects-normal/x86_64/7187679823f38a2a940e0043cdf9d637-common-args.resp
    
    builtin-ScanDependencies -o /Users/aadityasingh/Library/Developer/Xcode/DerivedData/Chatlio-erkyzdeecsohoaggpwbjdvavzqfv/Build/Intermediates.noindex/PostHog.build/Debug-iphonesimulator/phlibwebp.build/Objects-normal/x86_64/lossless_enc_sse41.o.scan -- /Applications/Xcode.app/Contents/Developer/Toolchains/XcodeDefault.xctoolchain/usr/bin/clang -x c -ivfsstatcache /Users/aadityasingh/Library/Developer/Xcode/DerivedData/SDKStatCaches.noindex/iphonesimulator26.4-23E252-686eebb5dc1d8ecb277353a59184f4aa.sdkstatcache -target x86_64-apple-ios13.0-simulator -fmessage-length\=0 -fdiagnostics-show-note-include-stack -fmacro-backtrace-limit\=0 -fno-color-diagnostics -fmodules-prune-interval\=86400 -fmodules-prune-after\=345600 -fbuild-session-file\=/Users/aadityasingh/Library/Developer/Xcode/DerivedData/ModuleCache.noindex/Session.modulevalidation -fmodules-validate-once-per-build-session -Wnon-modular-include-in-framework-module -Werror\=non-modular-include-in-framework-module -Wno-trigraphs -Wno-missing-field-initializers -Wno-missing-prototypes -Wno-return-type -Wno-missing-braces -Wparentheses -Wswitch -Wno-unused-function -Wno-unused-label -Wno-unused-parameter -Wno-unused-variable -Wunused-value -Wno-empty-body -Wno-uninitialized -Wno-unknown-pragmas -w -Wno-shadow -Wno-four-char-constants -Wno-conversion -Wno-constant-conversion -Wno-int-conversion -Wno-bool-conversion -Wno-enum-conversion -Wno-float-conversion -Wno-non-literal-null-conversion -Wno-objc-literal-conversion -Wshorten-64-to-32 -Wpointer-sign -Wno-newline-eof -Wno-implicit-fallthrough -isysroot /Applications/Xcode.app/Contents/Developer/Platforms/iPhoneSimulator.platform/Developer/SDKs/iPhoneSimulator26.4.sdk -fstrict-aliasing -Wdeprecated-declarations -Wno-sign-conversion -Wno-infinite-recursion -Wno-comma -Wno-block-capture-autoreleasing -Wno-strict-prototypes -Wno-semicolon-before-method-body -index-store-path /Users/aadityasingh/Library/Developer/Xcode/DerivedData/Chatlio-erkyzdeecsohoaggpwbjdvavzqfv/Index.noindex/DataStore @/Users/aadityasingh/Library/Developer/Xcode/DerivedData/Chatlio-erkyzdeecsohoaggpwbjdvavzqfv/Build/Intermediates.noindex/PostHog.build/Debug-iphonesimulator/phlibwebp.build/Objects-normal/x86_64/7187679823f38a2a940e0043cdf9d637-common-args.resp -MMD -MT dependencies -MF /Users/aadityasingh/Library/Developer/Xcode/DerivedData/Chatlio-erkyzdeecsohoaggpwbjdvavzqfv/Build/Intermediates.noindex/PostHog.build/Debug-iphonesimulator/phlibwebp.build/Objects-normal/x86_64/lossless_enc_sse41.d --serialize-diagnostics /Users/aadityasingh/Library/Developer/Xcode/DerivedData/Chatlio-erkyzdeecsohoaggpwbjdvavzqfv/Build/Intermediates.noindex/PostHog.build/Debug-iphonesimulator/phlibwebp.build/Objects-normal/x86_64/lossless_enc_sse41.dia -c /Users/aadityasingh/Library/Developer/Xcode/DerivedData/Chatlio-erkyzdeecsohoaggpwbjdvavzqfv/SourcePackages/checkouts/posthog-ios/vendor/libwebp/lossless_enc_sse41.c -o /Users/aadityasingh/Library/Developer/Xcode/DerivedData/Chatlio-erkyzdeecsohoaggpwbjdvavzqfv/Build/Intermediates.noindex/PostHog.build/Debug-iphonesimulator/phlibwebp.build/Objects-normal/x86_64/lossless_enc_sse41.o -index-unit-output-path /PostHog.build/Debug-iphonesimulator/phlibwebp.build/Objects-normal/x86_64/lossless_enc_sse41.o

ScanDependencies /Users/aadityasingh/Library/Developer/Xcode/DerivedData/Chatlio-erkyzdeecsohoaggpwbjdvavzqfv/Build/Intermediates.noindex/PostHog.build/Debug-iphonesimulator/phlibwebp.build/Objects-normal/x86_64/lossless_enc_sse2.o /Users/aadityasingh/Library/Developer/Xcode/DerivedData/Chatlio-erkyzdeecsohoaggpwbjdvavzqfv/SourcePackages/checkouts/posthog-ios/vendor/libwebp/lossless_enc_sse2.c normal x86_64 c com.apple.compilers.llvm.clang.1_0.compiler (in target 'phlibwebp' from project 'PostHog')
    cd /Users/aadityasingh/Documents/Development/element-x-ios/Chatlio.xcodeproj
    
    Using response file: /Users/aadityasingh/Library/Developer/Xcode/DerivedData/Chatlio-erkyzdeecsohoaggpwbjdvavzqfv/Build/Intermediates.noindex/PostHog.build/Debug-iphonesimulator/phlibwebp.build/Objects-normal/x86_64/7187679823f38a2a940e0043cdf9d637-common-args.resp
    
    builtin-ScanDependencies -o /Users/aadityasingh/Library/Developer/Xcode/DerivedData/Chatlio-erkyzdeecsohoaggpwbjdvavzqfv/Build/Intermediates.noindex/PostHog.build/Debug-iphonesimulator/phlibwebp.build/Objects-normal/x86_64/lossless_enc_sse2.o.scan -- /Applications/Xcode.app/Contents/Developer/Toolchains/XcodeDefault.xctoolchain/usr/bin/clang -x c -ivfsstatcache /Users/aadityasingh/Library/Developer/Xcode/DerivedData/SDKStatCaches.noindex/iphonesimulator26.4-23E252-686eebb5dc1d8ecb277353a59184f4aa.sdkstatcache -target x86_64-apple-ios13.0-simulator -fmessage-length\=0 -fdiagnostics-show-note-include-stack -fmacro-backtrace-limit\=0 -fno-color-diagnostics -fmodules-prune-interval\=86400 -fmodules-prune-after\=345600 -fbuild-session-file\=/Users/aadityasingh/Library/Developer/Xcode/DerivedData/ModuleCache.noindex/Session.modulevalidation -fmodules-validate-once-per-build-session -Wnon-modular-include-in-framework-module -Werror\=non-modular-include-in-framework-module -Wno-trigraphs -Wno-missing-field-initializers -Wno-missing-prototypes -Wno-return-type -Wno-missing-braces -Wparentheses -Wswitch -Wno-unused-function -Wno-unused-label -Wno-unused-parameter -Wno-unused-variable -Wunused-value -Wno-empty-body -Wno-uninitialized -Wno-unknown-pragmas -w -Wno-shadow -Wno-four-char-constants -Wno-conversion -Wno-constant-conversion -Wno-int-conversion -Wno-bool-conversion -Wno-enum-conversion -Wno-float-conversion -Wno-non-literal-null-conversion -Wno-objc-literal-conversion -Wshorten-64-to-32 -Wpointer-sign -Wno-newline-eof -Wno-implicit-fallthrough -isysroot /Applications/Xcode.app/Contents/Developer/Platforms/iPhoneSimulator.platform/Developer/SDKs/iPhoneSimulator26.4.sdk -fstrict-aliasing -Wdeprecated-declarations -Wno-sign-conversion -Wno-infinite-recursion -Wno-comma -Wno-block-capture-autoreleasing -Wno-strict-prototypes -Wno-semicolon-before-method-body -index-store-path /Users/aadityasingh/Library/Developer/Xcode/DerivedData/Chatlio-erkyzdeecsohoaggpwbjdvavzqfv/Index.noindex/DataStore @/Users/aadityasingh/Library/Developer/Xcode/DerivedData/Chatlio-erkyzdeecsohoaggpwbjdvavzqfv/Build/Intermediates.noindex/PostHog.build/Debug-iphonesimulator/phlibwebp.build/Objects-normal/x86_64/7187679823f38a2a940e0043cdf9d637-common-args.resp -MMD -MT dependencies -MF /Users/aadityasingh/Library/Developer/Xcode/DerivedData/Chatlio-erkyzdeecsohoaggpwbjdvavzqfv/Build/Intermediates.noindex/PostHog.build/Debug-iphonesimulator/phlibwebp.build/Objects-normal/x86_64/lossless_enc_sse2.d --serialize-diagnostics /Users/aadityasingh/Library/Developer/Xcode/DerivedData/Chatlio-erkyzdeecsohoaggpwbjdvavzqfv/Build/Intermediates.noindex/PostHog.build/Debug-iphonesimulator/phlibwebp.build/Objects-normal/x86_64/lossless_enc_sse2.dia -c /Users/aadityasingh/Library/Developer/Xcode/DerivedData/Chatlio-erkyzdeecsohoaggpwbjdvavzqfv/SourcePackages/checkouts/posthog-ios/vendor/libwebp/lossless_enc_sse2.c -o /Users/aadityasingh/Library/Developer/Xcode/DerivedData/Chatlio-erkyzdeecsohoaggpwbjdvavzqfv/Build/Intermediates.noindex/PostHog.build/Debug-iphonesimulator/phlibwebp.build/Objects-normal/x86_64/lossless_enc_sse2.o -index-unit-output-path /PostHog.build/Debug-iphonesimulator/phlibwebp.build/Objects-normal/x86_64/lossless_enc_sse2.o

ScanDependencies /Users/aadityasingh/Library/Developer/Xcode/DerivedData/Chatlio-erkyzdeecsohoaggpwbjdvavzqfv/Build/Intermediates.noindex/PostHog.build/Debug-iphonesimulator/phlibwebp.build/Objects-normal/x86_64/lossless_enc_neon.o /Users/aadityasingh/Library/Developer/Xcode/DerivedData/Chatlio-erkyzdeecsohoaggpwbjdvavzqfv/SourcePackages/checkouts/posthog-ios/vendor/libwebp/lossless_enc_neon.c normal x86_64 c com.apple.compilers.llvm.clang.1_0.compiler (in target 'phlibwebp' from project 'PostHog')
    cd /Users/aadityasingh/Documents/Development/element-x-ios/Chatlio.xcodeproj
    
    Using response file: /Users/aadityasingh/Library/Developer/Xcode/DerivedData/Chatlio-erkyzdeecsohoaggpwbjdvavzqfv/Build/Intermediates.noindex/PostHog.build/Debug-iphonesimulator/phlibwebp.build/Objects-normal/x86_64/7187679823f38a2a940e0043cdf9d637-common-args.resp
    
    builtin-ScanDependencies -o /Users/aadityasingh/Library/Developer/Xcode/DerivedData/Chatlio-erkyzdeecsohoaggpwbjdvavzqfv/Build/Intermediates.noindex/PostHog.build/Debug-iphonesimulator/phlibwebp.build/Objects-normal/x86_64/lossless_enc_neon.o.scan -- /Applications/Xcode.app/Contents/Developer/Toolchains/XcodeDefault.xctoolchain/usr/bin/clang -x c -ivfsstatcache /Users/aadityasingh/Library/Developer/Xcode/DerivedData/SDKStatCaches.noindex/iphonesimulator26.4-23E252-686eebb5dc1d8ecb277353a59184f4aa.sdkstatcache -target x86_64-apple-ios13.0-simulator -fmessage-length\=0 -fdiagnostics-show-note-include-stack -fmacro-backtrace-limit\=0 -fno-color-diagnostics -fmodules-prune-interval\=86400 -fmodules-prune-after\=345600 -fbuild-session-file\=/Users/aadityasingh/Library/Developer/Xcode/DerivedData/ModuleCache.noindex/Session.modulevalidation -fmodules-validate-once-per-build-session -Wnon-modular-include-in-framework-module -Werror\=non-modular-include-in-framework-module -Wno-trigraphs -Wno-missing-field-initializers -Wno-missing-prototypes -Wno-return-type -Wno-missing-braces -Wparentheses -Wswitch -Wno-unused-function -Wno-unused-label -Wno-unused-parameter -Wno-unused-variable -Wunused-value -Wno-empty-body -Wno-uninitialized -Wno-unknown-pragmas -w -Wno-shadow -Wno-four-char-constants -Wno-conversion -Wno-constant-conversion -Wno-int-conversion -Wno-bool-conversion -Wno-enum-conversion -Wno-float-conversion -Wno-non-literal-null-conversion -Wno-objc-literal-conversion -Wshorten-64-to-32 -Wpointer-sign -Wno-newline-eof -Wno-implicit-fallthrough -isysroot /Applications/Xcode.app/Contents/Developer/Platforms/iPhoneSimulator.platform/Developer/SDKs/iPhoneSimulator26.4.sdk -fstrict-aliasing -Wdeprecated-declarations -Wno-sign-conversion -Wno-infinite-recursion -Wno-comma -Wno-block-capture-autoreleasing -Wno-strict-prototypes -Wno-semicolon-before-method-body -index-store-path /Users/aadityasingh/Library/Developer/Xcode/DerivedData/Chatlio-erkyzdeecsohoaggpwbjdvavzqfv/Index.noindex/DataStore @/Users/aadityasingh/Library/Developer/Xcode/DerivedData/Chatlio-erkyzdeecsohoaggpwbjdvavzqfv/Build/Intermediates.noindex/PostHog.build/Debug-iphonesimulator/phlibwebp.build/Objects-normal/x86_64/7187679823f38a2a940e0043cdf9d637-common-args.resp -MMD -MT dependencies -MF /Users/aadityasingh/Library/Developer/Xcode/DerivedData/Chatlio-erkyzdeecsohoaggpwbjdvavzqfv/Build/Intermediates.noindex/PostHog.build/Debug-iphonesimulator/phlibwebp.build/Objects-normal/x86_64/lossless_enc_neon.d --serialize-diagnostics /Users/aadityasingh/Library/Developer/Xcode/DerivedData/Chatlio-erkyzdeecsohoaggpwbjdvavzqfv/Build/Intermediates.noindex/PostHog.build/Debug-iphonesimulator/phlibwebp.build/Objects-normal/x86_64/lossless_enc_neon.dia -c /Users/aadityasingh/Library/Developer/Xcode/DerivedData/Chatlio-erkyzdeecsohoaggpwbjdvavzqfv/SourcePackages/checkouts/posthog-ios/vendor/libwebp/lossless_enc_neon.c -o /Users/aadityasingh/Library/Developer/Xcode/DerivedData/Chatlio-erkyzdeecsohoaggpwbjdvavzqfv/Build/Intermediates.noindex/PostHog.build/Debug-iphonesimulator/phlibwebp.build/Objects-normal/x86_64/lossless_enc_neon.o -index-unit-output-path /PostHog.build/Debug-iphonesimulator/phlibwebp.build/Objects-normal/x86_64/lossless_enc_neon.o

ScanDependencies /Users/aadityasingh/Library/Developer/Xcode/DerivedData/Chatlio-erkyzdeecsohoaggpwbjdvavzqfv/Build/Intermediates.noindex/PostHog.build/Debug-iphonesimulator/phlibwebp.build/Objects-normal/x86_64/lossless_enc.o /Users/aadityasingh/Library/Developer/Xcode/DerivedData/Chatlio-erkyzdeecsohoaggpwbjdvavzqfv/SourcePackages/checkouts/posthog-ios/vendor/libwebp/lossless_enc.c normal x86_64 c com.apple.compilers.llvm.clang.1_0.compiler (in target 'phlibwebp' from project 'PostHog')
    cd /Users/aadityasingh/Documents/Development/element-x-ios/Chatlio.xcodeproj
    
    Using response file: /Users/aadityasingh/Library/Developer/Xcode/DerivedData/Chatlio-erkyzdeecsohoaggpwbjdvavzqfv/Build/Intermediates.noindex/PostHog.build/Debug-iphonesimulator/phlibwebp.build/Objects-normal/x86_64/7187679823f38a2a940e0043cdf9d637-common-args.resp
    
    builtin-ScanDependencies -o /Users/aadityasingh/Library/Developer/Xcode/DerivedData/Chatlio-erkyzdeecsohoaggpwbjdvavzqfv/Build/Intermediates.noindex/PostHog.build/Debug-iphonesimulator/phlibwebp.build/Objects-normal/x86_64/lossless_enc.o.scan -- /Applications/Xcode.app/Contents/Developer/Toolchains/XcodeDefault.xctoolchain/usr/bin/clang -x c -ivfsstatcache /Users/aadityasingh/Library/Developer/Xcode/DerivedData/SDKStatCaches.noindex/iphonesimulator26.4-23E252-686eebb5dc1d8ecb277353a59184f4aa.sdkstatcache -target x86_64-apple-ios13.0-simulator -fmessage-length\=0 -fdiagnostics-show-note-include-stack -fmacro-backtrace-limit\=0 -fno-color-diagnostics -fmodules-prune-interval\=86400 -fmodules-prune-after\=345600 -fbuild-session-file\=/Users/aadityasingh/Library/Developer/Xcode/DerivedData/ModuleCache.noindex/Session.modulevalidation -fmodules-validate-once-per-build-session -Wnon-modular-include-in-framework-module -Werror\=non-modular-include-in-framework-module -Wno-trigraphs -Wno-missing-field-initializers -Wno-missing-prototypes -Wno-return-type -Wno-missing-braces -Wparentheses -Wswitch -Wno-unused-function -Wno-unused-label -Wno-unused-parameter -Wno-unused-variable -Wunused-value -Wno-empty-body -Wno-uninitialized -Wno-unknown-pragmas -w -Wno-shadow -Wno-four-char-constants -Wno-conversion -Wno-constant-conversion -Wno-int-conversion -Wno-bool-conversion -Wno-enum-conversion -Wno-float-conversion -Wno-non-literal-null-conversion -Wno-objc-literal-conversion -Wshorten-64-to-32 -Wpointer-sign -Wno-newline-eof -Wno-implicit-fallthrough -isysroot /Applications/Xcode.app/Contents/Developer/Platforms/iPhoneSimulator.platform/Developer/SDKs/iPhoneSimulator26.4.sdk -fstrict-aliasing -Wdeprecated-declarations -Wno-sign-conversion -Wno-infinite-recursion -Wno-comma -Wno-block-capture-autoreleasing -Wno-strict-prototypes -Wno-semicolon-before-method-body -index-store-path /Users/aadityasingh/Library/Developer/Xcode/DerivedData/Chatlio-erkyzdeecsohoaggpwbjdvavzqfv/Index.noindex/DataStore @/Users/aadityasingh/Library/Developer/Xcode/DerivedData/Chatlio-erkyzdeecsohoaggpwbjdvavzqfv/Build/Intermediates.noindex/PostHog.build/Debug-iphonesimulator/phlibwebp.build/Objects-normal/x86_64/7187679823f38a2a940e0043cdf9d637-common-args.resp -MMD -MT dependencies -MF /Users/aadityasingh/Library/Developer/Xcode/DerivedData/Chatlio-erkyzdeecsohoaggpwbjdvavzqfv/Build/Intermediates.noindex/PostHog.build/Debug-iphonesimulator/phlibwebp.build/Objects-normal/x86_64/lossless_enc.d --serialize-diagnostics /Users/aadityasingh/Library/Developer/Xcode/DerivedData/Chatlio-erkyzdeecsohoaggpwbjdvavzqfv/Build/Intermediates.noindex/PostHog.build/Debug-iphonesimulator/phlibwebp.build/Objects-normal/x86_64/lossless_enc.dia -c /Users/aadityasingh/Library/Developer/Xcode/DerivedData/Chatlio-erkyzdeecsohoaggpwbjdvavzqfv/SourcePackages/checkouts/posthog-ios/vendor/libwebp/lossless_enc.c -o /Users/aadityasingh/Library/Developer/Xcode/DerivedData/Chatlio-erkyzdeecsohoaggpwbjdvavzqfv/Build/Intermediates.noindex/PostHog.build/Debug-iphonesimulator/phlibwebp.build/Objects-normal/x86_64/lossless_enc.o -index-unit-output-path /PostHog.build/Debug-iphonesimulator/phlibwebp.build/Objects-normal/x86_64/lossless_enc.o

ScanDependencies /Users/aadityasingh/Library/Developer/Xcode/DerivedData/Chatlio-erkyzdeecsohoaggpwbjdvavzqfv/Build/Intermediates.noindex/PostHog.build/Debug-iphonesimulator/phlibwebp.build/Objects-normal/x86_64/lossless.o /Users/aadityasingh/Library/Developer/Xcode/DerivedData/Chatlio-erkyzdeecsohoaggpwbjdvavzqfv/SourcePackages/checkouts/posthog-ios/vendor/libwebp/lossless.c normal x86_64 c com.apple.compilers.llvm.clang.1_0.compiler (in target 'phlibwebp' from project 'PostHog')
    cd /Users/aadityasingh/Documents/Development/element-x-ios/Chatlio.xcodeproj
    
    Using response file: /Users/aadityasingh/Library/Developer/Xcode/DerivedData/Chatlio-erkyzdeecsohoaggpwbjdvavzqfv/Build/Intermediates.noindex/PostHog.build/Debug-iphonesimulator/phlibwebp.build/Objects-normal/x86_64/7187679823f38a2a940e0043cdf9d637-common-args.resp
    
    builtin-ScanDependencies -o /Users/aadityasingh/Library/Developer/Xcode/DerivedData/Chatlio-erkyzdeecsohoaggpwbjdvavzqfv/Build/Intermediates.noindex/PostHog.build/Debug-iphonesimulator/phlibwebp.build/Objects-normal/x86_64/lossless.o.scan -- /Applications/Xcode.app/Contents/Developer/Toolchains/XcodeDefault.xctoolchain/usr/bin/clang -x c -ivfsstatcache /Users/aadityasingh/Library/Developer/Xcode/DerivedData/SDKStatCaches.noindex/iphonesimulator26.4-23E252-686eebb5dc1d8ecb277353a59184f4aa.sdkstatcache -target x86_64-apple-ios13.0-simulator -fmessage-length\=0 -fdiagnostics-show-note-include-stack -fmacro-backtrace-limit\=0 -fno-color-diagnostics -fmodules-prune-interval\=86400 -fmodules-prune-after\=345600 -fbuild-session-file\=/Users/aadityasingh/Library/Developer/Xcode/DerivedData/ModuleCache.noindex/Session.modulevalidation -fmodules-validate-once-per-build-session -Wnon-modular-include-in-framework-module -Werror\=non-modular-include-in-framework-module -Wno-trigraphs -Wno-missing-field-initializers -Wno-missing-prototypes -Wno-return-type -Wno-missing-braces -Wparentheses -Wswitch -Wno-unused-function -Wno-unused-label -Wno-unused-parameter -Wno-unused-variable -Wunused-value -Wno-empty-body -Wno-uninitialized -Wno-unknown-pragmas -w -Wno-shadow -Wno-four-char-constants -Wno-conversion -Wno-constant-conversion -Wno-int-conversion -Wno-bool-conversion -Wno-enum-conversion -Wno-float-conversion -Wno-non-literal-null-conversion -Wno-objc-literal-conversion -Wshorten-64-to-32 -Wpointer-sign -Wno-newline-eof -Wno-implicit-fallthrough -isysroot /Applications/Xcode.app/Contents/Developer/Platforms/iPhoneSimulator.platform/Developer/SDKs/iPhoneSimulator26.4.sdk -fstrict-aliasing -Wdeprecated-declarations -Wno-sign-conversion -Wno-infinite-recursion -Wno-comma -Wno-block-capture-autoreleasing -Wno-strict-prototypes -Wno-semicolon-before-method-body -index-store-path /Users/aadityasingh/Library/Developer/Xcode/DerivedData/Chatlio-erkyzdeecsohoaggpwbjdvavzqfv/Index.noindex/DataStore @/Users/aadityasingh/Library/Developer/Xcode/DerivedData/Chatlio-erkyzdeecsohoaggpwbjdvavzqfv/Build/Intermediates.noindex/PostHog.build/Debug-iphonesimulator/phlibwebp.build/Objects-normal/x86_64/7187679823f38a2a940e0043cdf9d637-common-args.resp -MMD -MT dependencies -MF /Users/aadityasingh/Library/Developer/Xcode/DerivedData/Chatlio-erkyzdeecsohoaggpwbjdvavzqfv/Build/Intermediates.noindex/PostHog.build/Debug-iphonesimulator/phlibwebp.build/Objects-normal/x86_64/lossless.d --serialize-diagnostics /Users/aadityasingh/Library/Developer/Xcode/DerivedData/Chatlio-erkyzdeecsohoaggpwbjdvavzqfv/Build/Intermediates.noindex/PostHog.build/Debug-iphonesimulator/phlibwebp.build/Objects-normal/x86_64/lossless.dia -c /Users/aadityasingh/Library/Developer/Xcode/DerivedData/Chatlio-erkyzdeecsohoaggpwbjdvavzqfv/SourcePackages/checkouts/posthog-ios/vendor/libwebp/lossless.c -o /Users/aadityasingh/Library/Developer/Xcode/DerivedData/Chatlio-erkyzdeecsohoaggpwbjdvavzqfv/Build/Intermediates.noindex/PostHog.build/Debug-iphonesimulator/phlibwebp.build/Objects-normal/x86_64/lossless.o -index-unit-output-path /PostHog.build/Debug-iphonesimulator/phlibwebp.build/Objects-normal/x86_64/lossless.o

ScanDependencies /Users/aadityasingh/Library/Developer/Xcode/DerivedData/Chatlio-erkyzdeecsohoaggpwbjdvavzqfv/Build/Intermediates.noindex/PostHog.build/Debug-iphonesimulator/phlibwebp.build/Objects-normal/x86_64/iterator_enc.o /Users/aadityasingh/Library/Developer/Xcode/DerivedData/Chatlio-erkyzdeecsohoaggpwbjdvavzqfv/SourcePackages/checkouts/posthog-ios/vendor/libwebp/iterator_enc.c normal x86_64 c com.apple.compilers.llvm.clang.1_0.compiler (in target 'phlibwebp' from project 'PostHog')
    cd /Users/aadityasingh/Documents/Development/element-x-ios/Chatlio.xcodeproj
    
    Using response file: /Users/aadityasingh/Library/Developer/Xcode/DerivedData/Chatlio-erkyzdeecsohoaggpwbjdvavzqfv/Build/Intermediates.noindex/PostHog.build/Debug-iphonesimulator/phlibwebp.build/Objects-normal/x86_64/7187679823f38a2a940e0043cdf9d637-common-args.resp
    
    builtin-ScanDependencies -o /Users/aadityasingh/Library/Developer/Xcode/DerivedData/Chatlio-erkyzdeecsohoaggpwbjdvavzqfv/Build/Intermediates.noindex/PostHog.build/Debug-iphonesimulator/phlibwebp.build/Objects-normal/x86_64/iterator_enc.o.scan -- /Applications/Xcode.app/Contents/Developer/Toolchains/XcodeDefault.xctoolchain/usr/bin/clang -x c -ivfsstatcache /Users/aadityasingh/Library/Developer/Xcode/DerivedData/SDKStatCaches.noindex/iphonesimulator26.4-23E252-686eebb5dc1d8ecb277353a59184f4aa.sdkstatcache -target x86_64-apple-ios13.0-simulator -fmessage-length\=0 -fdiagnostics-show-note-include-stack -fmacro-backtrace-limit\=0 -fno-color-diagnostics -fmodules-prune-interval\=86400 -fmodules-prune-after\=345600 -fbuild-session-file\=/Users/aadityasingh/Library/Developer/Xcode/DerivedData/ModuleCache.noindex/Session.modulevalidation -fmodules-validate-once-per-build-session -Wnon-modular-include-in-framework-module -Werror\=non-modular-include-in-framework-module -Wno-trigraphs -Wno-missing-field-initializers -Wno-missing-prototypes -Wno-return-type -Wno-missing-braces -Wparentheses -Wswitch -Wno-unused-function -Wno-unused-label -Wno-unused-parameter -Wno-unused-variable -Wunused-value -Wno-empty-body -Wno-uninitialized -Wno-unknown-pragmas -w -Wno-shadow -Wno-four-char-constants -Wno-conversion -Wno-constant-conversion -Wno-int-conversion -Wno-bool-conversion -Wno-enum-conversion -Wno-float-conversion -Wno-non-literal-null-conversion -Wno-objc-literal-conversion -Wshorten-64-to-32 -Wpointer-sign -Wno-newline-eof -Wno-implicit-fallthrough -isysroot /Applications/Xcode.app/Contents/Developer/Platforms/iPhoneSimulator.platform/Developer/SDKs/iPhoneSimulator26.4.sdk -fstrict-aliasing -Wdeprecated-declarations -Wno-sign-conversion -Wno-infinite-recursion -Wno-comma -Wno-block-capture-autoreleasing -Wno-strict-prototypes -Wno-semicolon-before-method-body -index-store-path /Users/aadityasingh/Library/Developer/Xcode/DerivedData/Chatlio-erkyzdeecsohoaggpwbjdvavzqfv/Index.noindex/DataStore @/Users/aadityasingh/Library/Developer/Xcode/DerivedData/Chatlio-erkyzdeecsohoaggpwbjdvavzqfv/Build/Intermediates.noindex/PostHog.build/Debug-iphonesimulator/phlibwebp.build/Objects-normal/x86_64/7187679823f38a2a940e0043cdf9d637-common-args.resp -MMD -MT dependencies -MF /Users/aadityasingh/Library/Developer/Xcode/DerivedData/Chatlio-erkyzdeecsohoaggpwbjdvavzqfv/Build/Intermediates.noindex/PostHog.build/Debug-iphonesimulator/phlibwebp.build/Objects-normal/x86_64/iterator_enc.d --serialize-diagnostics /Users/aadityasingh/Library/Developer/Xcode/DerivedData/Chatlio-erkyzdeecsohoaggpwbjdvavzqfv/Build/Intermediates.noindex/PostHog.build/Debug-iphonesimulator/phlibwebp.build/Objects-normal/x86_64/iterator_enc.dia -c /Users/aadityasingh/Library/Developer/Xcode/DerivedData/Chatlio-erkyzdeecsohoaggpwbjdvavzqfv/SourcePackages/checkouts/posthog-ios/vendor/libwebp/iterator_enc.c -o /Users/aadityasingh/Library/Developer/Xcode/DerivedData/Chatlio-erkyzdeecsohoaggpwbjdvavzqfv/Build/Intermediates.noindex/PostHog.build/Debug-iphonesimulator/phlibwebp.build/Objects-normal/x86_64/iterator_enc.o -index-unit-output-path /PostHog.build/Debug-iphonesimulator/phlibwebp.build/Objects-normal/x86_64/iterator_enc.o

ScanDependencies /Users/aadityasingh/Library/Developer/Xcode/DerivedData/Chatlio-erkyzdeecsohoaggpwbjdvavzqfv/Build/Intermediates.noindex/PostHog.build/Debug-iphonesimulator/phlibwebp.build/Objects-normal/x86_64/huffman_utils.o /Users/aadityasingh/Library/Developer/Xcode/DerivedData/Chatlio-erkyzdeecsohoaggpwbjdvavzqfv/SourcePackages/checkouts/posthog-ios/vendor/libwebp/huffman_utils.c normal x86_64 c com.apple.compilers.llvm.clang.1_0.compiler (in target 'phlibwebp' from project 'PostHog')
    cd /Users/aadityasingh/Documents/Development/element-x-ios/Chatlio.xcodeproj
    
    Using response file: /Users/aadityasingh/Library/Developer/Xcode/DerivedData/Chatlio-erkyzdeecsohoaggpwbjdvavzqfv/Build/Intermediates.noindex/PostHog.build/Debug-iphonesimulator/phlibwebp.build/Objects-normal/x86_64/7187679823f38a2a940e0043cdf9d637-common-args.resp
    
    builtin-ScanDependencies -o /Users/aadityasingh/Library/Developer/Xcode/DerivedData/Chatlio-erkyzdeecsohoaggpwbjdvavzqfv/Build/Intermediates.noindex/PostHog.build/Debug-iphonesimulator/phlibwebp.build/Objects-normal/x86_64/huffman_utils.o.scan -- /Applications/Xcode.app/Contents/Developer/Toolchains/XcodeDefault.xctoolchain/usr/bin/clang -x c -ivfsstatcache /Users/aadityasingh/Library/Developer/Xcode/DerivedData/SDKStatCaches.noindex/iphonesimulator26.4-23E252-686eebb5dc1d8ecb277353a59184f4aa.sdkstatcache -target x86_64-apple-ios13.0-simulator -fmessage-length\=0 -fdiagnostics-show-note-include-stack -fmacro-backtrace-limit\=0 -fno-color-diagnostics -fmodules-prune-interval\=86400 -fmodules-prune-after\=345600 -fbuild-session-file\=/Users/aadityasingh/Library/Developer/Xcode/DerivedData/ModuleCache.noindex/Session.modulevalidation -fmodules-validate-once-per-build-session -Wnon-modular-include-in-framework-module -Werror\=non-modular-include-in-framework-module -Wno-trigraphs -Wno-missing-field-initializers -Wno-missing-prototypes -Wno-return-type -Wno-missing-braces -Wparentheses -Wswitch -Wno-unused-function -Wno-unused-label -Wno-unused-parameter -Wno-unused-variable -Wunused-value -Wno-empty-body -Wno-uninitialized -Wno-unknown-pragmas -w -Wno-shadow -Wno-four-char-constants -Wno-conversion -Wno-constant-conversion -Wno-int-conversion -Wno-bool-conversion -Wno-enum-conversion -Wno-float-conversion -Wno-non-literal-null-conversion -Wno-objc-literal-conversion -Wshorten-64-to-32 -Wpointer-sign -Wno-newline-eof -Wno-implicit-fallthrough -isysroot /Applications/Xcode.app/Contents/Developer/Platforms/iPhoneSimulator.platform/Developer/SDKs/iPhoneSimulator26.4.sdk -fstrict-aliasing -Wdeprecated-declarations -Wno-sign-conversion -Wno-infinite-recursion -Wno-comma -Wno-block-capture-autoreleasing -Wno-strict-prototypes -Wno-semicolon-before-method-body -index-store-path /Users/aadityasingh/Library/Developer/Xcode/DerivedData/Chatlio-erkyzdeecsohoaggpwbjdvavzqfv/Index.noindex/DataStore @/Users/aadityasingh/Library/Developer/Xcode/DerivedData/Chatlio-erkyzdeecsohoaggpwbjdvavzqfv/Build/Intermediates.noindex/PostHog.build/Debug-iphonesimulator/phlibwebp.build/Objects-normal/x86_64/7187679823f38a2a940e0043cdf9d637-common-args.resp -MMD -MT dependencies -MF /Users/aadityasingh/Library/Developer/Xcode/DerivedData/Chatlio-erkyzdeecsohoaggpwbjdvavzqfv/Build/Intermediates.noindex/PostHog.build/Debug-iphonesimulator/phlibwebp.build/Objects-normal/x86_64/huffman_utils.d --serialize-diagnostics /Users/aadityasingh/Library/Developer/Xcode/DerivedData/Chatlio-erkyzdeecsohoaggpwbjdvavzqfv/Build/Intermediates.noindex/PostHog.build/Debug-iphonesimulator/phlibwebp.build/Objects-normal/x86_64/huffman_utils.dia -c /Users/aadityasingh/Library/Developer/Xcode/DerivedData/Chatlio-erkyzdeecsohoaggpwbjdvavzqfv/SourcePackages/checkouts/posthog-ios/vendor/libwebp/huffman_utils.c -o /Users/aadityasingh/Library/Developer/Xcode/DerivedData/Chatlio-erkyzdeecsohoaggpwbjdvavzqfv/Build/Intermediates.noindex/PostHog.build/Debug-iphonesimulator/phlibwebp.build/Objects-normal/x86_64/huffman_utils.o -index-unit-output-path /PostHog.build/Debug-iphonesimulator/phlibwebp.build/Objects-normal/x86_64/huffman_utils.o

PrecompileModule /Users/aadityasingh/Library/Developer/Xcode/DerivedData/Chatlio-erkyzdeecsohoaggpwbjdvavzqfv/Build/Intermediates.noindex/ExplicitPrecompiledModules/_Builtin_limits-59PC8QXFWKFT863WIWPLGI2ZM.scan
    cd /
    builtin-precompileModule /Users/aadityasingh/Library/Developer/Xcode/DerivedData/Chatlio-erkyzdeecsohoaggpwbjdvavzqfv/Build/Intermediates.noindex/ExplicitPrecompiledModules/_Builtin_limits-59PC8QXFWKFT863WIWPLGI2ZM.scan

PrecompileModule /Users/aadityasingh/Library/Developer/Xcode/DerivedData/Chatlio-erkyzdeecsohoaggpwbjdvavzqfv/Build/Intermediates.noindex/ExplicitPrecompiledModules/_DarwinFoundation2-95WUDRTHP94F4DSTDBEB6Y34C.scan
    cd /
    builtin-precompileModule /Users/aadityasingh/Library/Developer/Xcode/DerivedData/Chatlio-erkyzdeecsohoaggpwbjdvavzqfv/Build/Intermediates.noindex/ExplicitPrecompiledModules/_DarwinFoundation2-95WUDRTHP94F4DSTDBEB6Y34C.scan

ScanDependencies /Users/aadityasingh/Library/Developer/Xcode/DerivedData/Chatlio-erkyzdeecsohoaggpwbjdvavzqfv/Build/Intermediates.noindex/PostHog.build/Debug-iphonesimulator/phlibwebp.build/Objects-normal/x86_64/huffman_encode_utils.o /Users/aadityasingh/Library/Developer/Xcode/DerivedData/Chatlio-erkyzdeecsohoaggpwbjdvavzqfv/SourcePackages/checkouts/posthog-ios/vendor/libwebp/huffman_encode_utils.c normal x86_64 c com.apple.compilers.llvm.clang.1_0.compiler (in target 'phlibwebp' from project 'PostHog')
    cd /Users/aadityasingh/Documents/Development/element-x-ios/Chatlio.xcodeproj
    
    Using response file: /Users/aadityasingh/Library/Developer/Xcode/DerivedData/Chatlio-erkyzdeecsohoaggpwbjdvavzqfv/Build/Intermediates.noindex/PostHog.build/Debug-iphonesimulator/phlibwebp.build/Objects-normal/x86_64/7187679823f38a2a940e0043cdf9d637-common-args.resp
    
    builtin-ScanDependencies -o /Users/aadityasingh/Library/Developer/Xcode/DerivedData/Chatlio-erkyzdeecsohoaggpwbjdvavzqfv/Build/Intermediates.noindex/PostHog.build/Debug-iphonesimulator/phlibwebp.build/Objects-normal/x86_64/huffman_encode_utils.o.scan -- /Applications/Xcode.app/Contents/Developer/Toolchains/XcodeDefault.xctoolchain/usr/bin/clang -x c -ivfsstatcache /Users/aadityasingh/Library/Developer/Xcode/DerivedData/SDKStatCaches.noindex/iphonesimulator26.4-23E252-686eebb5dc1d8ecb277353a59184f4aa.sdkstatcache -target x86_64-apple-ios13.0-simulator -fmessage-length\=0 -fdiagnostics-show-note-include-stack -fmacro-backtrace-limit\=0 -fno-color-diagnostics -fmodules-prune-interval\=86400 -fmodules-prune-after\=345600 -fbuild-session-file\=/Users/aadityasingh/Library/Developer/Xcode/DerivedData/ModuleCache.noindex/Session.modulevalidation -fmodules-validate-once-per-build-session -Wnon-modular-include-in-framework-module -Werror\=non-modular-include-in-framework-module -Wno-trigraphs -Wno-missing-field-initializers -Wno-missing-prototypes -Wno-return-type -Wno-missing-braces -Wparentheses -Wswitch -Wno-unused-function -Wno-unused-label -Wno-unused-parameter -Wno-unused-variable -Wunused-value -Wno-empty-body -Wno-uninitialized -Wno-unknown-pragmas -w -Wno-shadow -Wno-four-char-constants -Wno-conversion -Wno-constant-conversion -Wno-int-conversion -Wno-bool-conversion -Wno-enum-conversion -Wno-float-conversion -Wno-non-literal-null-conversion -Wno-objc-literal-conversion -Wshorten-64-to-32 -Wpointer-sign -Wno-newline-eof -Wno-implicit-fallthrough -isysroot /Applications/Xcode.app/Contents/Developer/Platforms/iPhoneSimulator.platform/Developer/SDKs/iPhoneSimulator26.4.sdk -fstrict-aliasing -Wdeprecated-declarations -Wno-sign-conversion -Wno-infinite-recursion -Wno-comma -Wno-block-capture-autoreleasing -Wno-strict-prototypes -Wno-semicolon-before-method-body -index-store-path /Users/aadityasingh/Library/Developer/Xcode/DerivedData/Chatlio-erkyzdeecsohoaggpwbjdvavzqfv/Index.noindex/DataStore @/Users/aadityasingh/Library/Developer/Xcode/DerivedData/Chatlio-erkyzdeecsohoaggpwbjdvavzqfv/Build/Intermediates.noindex/PostHog.build/Debug-iphonesimulator/phlibwebp.build/Objects-normal/x86_64/7187679823f38a2a940e0043cdf9d637-common-args.resp -MMD -MT dependencies -MF /Users/aadityasingh/Library/Developer/Xcode/DerivedData/Chatlio-erkyzdeecsohoaggpwbjdvavzqfv/Build/Intermediates.noindex/PostHog.build/Debug-iphonesimulator/phlibwebp.build/Objects-normal/x86_64/huffman_encode_utils.d --serialize-diagnostics /Users/aadityasingh/Library/Developer/Xcode/DerivedData/Chatlio-erkyzdeecsohoaggpwbjdvavzqfv/Build/Intermediates.noindex/PostHog.build/Debug-iphonesimulator/phlibwebp.build/Objects-normal/x86_64/huffman_encode_utils.dia -c /Users/aadityasingh/Library/Developer/Xcode/DerivedData/Chatlio-erkyzdeecsohoaggpwbjdvavzqfv/SourcePackages/checkouts/posthog-ios/vendor/libwebp/huffman_encode_utils.c -o /Users/aadityasingh/Library/Developer/Xcode/DerivedData/Chatlio-erkyzdeecsohoaggpwbjdvavzqfv/Build/Intermediates.noindex/PostHog.build/Debug-iphonesimulator/phlibwebp.build/Objects-normal/x86_64/huffman_encode_utils.o -index-unit-output-path /PostHog.build/Debug-iphonesimulator/phlibwebp.build/Objects-normal/x86_64/huffman_encode_utils.o

ScanDependencies /Users/aadityasingh/Library/Developer/Xcode/DerivedData/Chatlio-erkyzdeecsohoaggpwbjdvavzqfv/Build/Intermediates.noindex/PostHog.build/Debug-iphonesimulator/phlibwebp.build/Objects-normal/x86_64/histogram_enc.o /Users/aadityasingh/Library/Developer/Xcode/DerivedData/Chatlio-erkyzdeecsohoaggpwbjdvavzqfv/SourcePackages/checkouts/posthog-ios/vendor/libwebp/histogram_enc.c normal x86_64 c com.apple.compilers.llvm.clang.1_0.compiler (in target 'phlibwebp' from project 'PostHog')
    cd /Users/aadityasingh/Documents/Development/element-x-ios/Chatlio.xcodeproj
    
    Using response file: /Users/aadityasingh/Library/Developer/Xcode/DerivedData/Chatlio-erkyzdeecsohoaggpwbjdvavzqfv/Build/Intermediates.noindex/PostHog.build/Debug-iphonesimulator/phlibwebp.build/Objects-normal/x86_64/7187679823f38a2a940e0043cdf9d637-common-args.resp
    
    builtin-ScanDependencies -o /Users/aadityasingh/Library/Developer/Xcode/DerivedData/Chatlio-erkyzdeecsohoaggpwbjdvavzqfv/Build/Intermediates.noindex/PostHog.build/Debug-iphonesimulator/phlibwebp.build/Objects-normal/x86_64/histogram_enc.o.scan -- /Applications/Xcode.app/Contents/Developer/Toolchains/XcodeDefault.xctoolchain/usr/bin/clang -x c -ivfsstatcache /Users/aadityasingh/Library/Developer/Xcode/DerivedData/SDKStatCaches.noindex/iphonesimulator26.4-23E252-686eebb5dc1d8ecb277353a59184f4aa.sdkstatcache -target x86_64-apple-ios13.0-simulator -fmessage-length\=0 -fdiagnostics-show-note-include-stack -fmacro-backtrace-limit\=0 -fno-color-diagnostics -fmodules-prune-interval\=86400 -fmodules-prune-after\=345600 -fbuild-session-file\=/Users/aadityasingh/Library/Developer/Xcode/DerivedData/ModuleCache.noindex/Session.modulevalidation -fmodules-validate-once-per-build-session -Wnon-modular-include-in-framework-module -Werror\=non-modular-include-in-framework-module -Wno-trigraphs -Wno-missing-field-initializers -Wno-missing-prototypes -Wno-return-type -Wno-missing-braces -Wparentheses -Wswitch -Wno-unused-function -Wno-unused-label -Wno-unused-parameter -Wno-unused-variable -Wunused-value -Wno-empty-body -Wno-uninitialized -Wno-unknown-pragmas -w -Wno-shadow -Wno-four-char-constants -Wno-conversion -Wno-constant-conversion -Wno-int-conversion -Wno-bool-conversion -Wno-enum-conversion -Wno-float-conversion -Wno-non-literal-null-conversion -Wno-objc-literal-conversion -Wshorten-64-to-32 -Wpointer-sign -Wno-newline-eof -Wno-implicit-fallthrough -isysroot /Applications/Xcode.app/Contents/Developer/Platforms/iPhoneSimulator.platform/Developer/SDKs/iPhoneSimulator26.4.sdk -fstrict-aliasing -Wdeprecated-declarations -Wno-sign-conversion -Wno-infinite-recursion -Wno-comma -Wno-block-capture-autoreleasing -Wno-strict-prototypes -Wno-semicolon-before-method-body -index-store-path /Users/aadityasingh/Library/Developer/Xcode/DerivedData/Chatlio-erkyzdeecsohoaggpwbjdvavzqfv/Index.noindex/DataStore @/Users/aadityasingh/Library/Developer/Xcode/DerivedData/Chatlio-erkyzdeecsohoaggpwbjdvavzqfv/Build/Intermediates.noindex/PostHog.build/Debug-iphonesimulator/phlibwebp.build/Objects-normal/x86_64/7187679823f38a2a940e0043cdf9d637-common-args.resp -MMD -MT dependencies -MF /Users/aadityasingh/Library/Developer/Xcode/DerivedData/Chatlio-erkyzdeecsohoaggpwbjdvavzqfv/Build/Intermediates.noindex/PostHog.build/Debug-iphonesimulator/phlibwebp.build/Objects-normal/x86_64/histogram_enc.d --serialize-diagnostics /Users/aadityasingh/Library/Developer/Xcode/DerivedData/Chatlio-erkyzdeecsohoaggpwbjdvavzqfv/Build/Intermediates.noindex/PostHog.build/Debug-iphonesimulator/phlibwebp.build/Objects-normal/x86_64/histogram_enc.dia -c /Users/aadityasingh/Library/Developer/Xcode/DerivedData/Chatlio-erkyzdeecsohoaggpwbjdvavzqfv/SourcePackages/checkouts/posthog-ios/vendor/libwebp/histogram_enc.c -o /Users/aadityasingh/Library/Developer/Xcode/DerivedData/Chatlio-erkyzdeecsohoaggpwbjdvavzqfv/Build/Intermediates.noindex/PostHog.build/Debug-iphonesimulator/phlibwebp.build/Objects-normal/x86_64/histogram_enc.o -index-unit-output-path /PostHog.build/Debug-iphonesimulator/phlibwebp.build/Objects-normal/x86_64/histogram_enc.o

ScanDependencies /Users/aadityasingh/Library/Developer/Xcode/DerivedData/Chatlio-erkyzdeecsohoaggpwbjdvavzqfv/Build/Intermediates.noindex/PostHog.build/Debug-iphonesimulator/phlibwebp.build/Objects-normal/x86_64/frame_enc.o /Users/aadityasingh/Library/Developer/Xcode/DerivedData/Chatlio-erkyzdeecsohoaggpwbjdvavzqfv/SourcePackages/checkouts/posthog-ios/vendor/libwebp/frame_enc.c normal x86_64 c com.apple.compilers.llvm.clang.1_0.compiler (in target 'phlibwebp' from project 'PostHog')
    cd /Users/aadityasingh/Documents/Development/element-x-ios/Chatlio.xcodeproj
    
    Using response file: /Users/aadityasingh/Library/Developer/Xcode/DerivedData/Chatlio-erkyzdeecsohoaggpwbjdvavzqfv/Build/Intermediates.noindex/PostHog.build/Debug-iphonesimulator/phlibwebp.build/Objects-normal/x86_64/7187679823f38a2a940e0043cdf9d637-common-args.resp
    
    builtin-ScanDependencies -o /Users/aadityasingh/Library/Developer/Xcode/DerivedData/Chatlio-erkyzdeecsohoaggpwbjdvavzqfv/Build/Intermediates.noindex/PostHog.build/Debug-iphonesimulator/phlibwebp.build/Objects-normal/x86_64/frame_enc.o.scan -- /Applications/Xcode.app/Contents/Developer/Toolchains/XcodeDefault.xctoolchain/usr/bin/clang -x c -ivfsstatcache /Users/aadityasingh/Library/Developer/Xcode/DerivedData/SDKStatCaches.noindex/iphonesimulator26.4-23E252-686eebb5dc1d8ecb277353a59184f4aa.sdkstatcache -target x86_64-apple-ios13.0-simulator -fmessage-length\=0 -fdiagnostics-show-note-include-stack -fmacro-backtrace-limit\=0 -fno-color-diagnostics -fmodules-prune-interval\=86400 -fmodules-prune-after\=345600 -fbuild-session-file\=/Users/aadityasingh/Library/Developer/Xcode/DerivedData/ModuleCache.noindex/Session.modulevalidation -fmodules-validate-once-per-build-session -Wnon-modular-include-in-framework-module -Werror\=non-modular-include-in-framework-module -Wno-trigraphs -Wno-missing-field-initializers -Wno-missing-prototypes -Wno-return-type -Wno-missing-braces -Wparentheses -Wswitch -Wno-unused-function -Wno-unused-label -Wno-unused-parameter -Wno-unused-variable -Wunused-value -Wno-empty-body -Wno-uninitialized -Wno-unknown-pragmas -w -Wno-shadow -Wno-four-char-constants -Wno-conversion -Wno-constant-conversion -Wno-int-conversion -Wno-bool-conversion -Wno-enum-conversion -Wno-float-conversion -Wno-non-literal-null-conversion -Wno-objc-literal-conversion -Wshorten-64-to-32 -Wpointer-sign -Wno-newline-eof -Wno-implicit-fallthrough -isysroot /Applications/Xcode.app/Contents/Developer/Platforms/iPhoneSimulator.platform/Developer/SDKs/iPhoneSimulator26.4.sdk -fstrict-aliasing -Wdeprecated-declarations -Wno-sign-conversion -Wno-infinite-recursion -Wno-comma -Wno-block-capture-autoreleasing -Wno-strict-prototypes -Wno-semicolon-before-method-body -index-store-path /Users/aadityasingh/Library/Developer/Xcode/DerivedData/Chatlio-erkyzdeecsohoaggpwbjdvavzqfv/Index.noindex/DataStore @/Users/aadityasingh/Library/Developer/Xcode/DerivedData/Chatlio-erkyzdeecsohoaggpwbjdvavzqfv/Build/Intermediates.noindex/PostHog.build/Debug-iphonesimulator/phlibwebp.build/Objects-normal/x86_64/7187679823f38a2a940e0043cdf9d637-common-args.resp -MMD -MT dependencies -MF /Users/aadityasingh/Library/Developer/Xcode/DerivedData/Chatlio-erkyzdeecsohoaggpwbjdvavzqfv/Build/Intermediates.noindex/PostHog.build/Debug-iphonesimulator/phlibwebp.build/Objects-normal/x86_64/frame_enc.d --serialize-diagnostics /Users/aadityasingh/Library/Developer/Xcode/DerivedData/Chatlio-erkyzdeecsohoaggpwbjdvavzqfv/Build/Intermediates.noindex/PostHog.build/Debug-iphonesimulator/phlibwebp.build/Objects-normal/x86_64/frame_enc.dia -c /Users/aadityasingh/Library/Developer/Xcode/DerivedData/Chatlio-erkyzdeecsohoaggpwbjdvavzqfv/SourcePackages/checkouts/posthog-ios/vendor/libwebp/frame_enc.c -o /Users/aadityasingh/Library/Developer/Xcode/DerivedData/Chatlio-erkyzdeecsohoaggpwbjdvavzqfv/Build/Intermediates.noindex/PostHog.build/Debug-iphonesimulator/phlibwebp.build/Objects-normal/x86_64/frame_enc.o -index-unit-output-path /PostHog.build/Debug-iphonesimulator/phlibwebp.build/Objects-normal/x86_64/frame_enc.o

ScanDependencies /Users/aadityasingh/Library/Developer/Xcode/DerivedData/Chatlio-erkyzdeecsohoaggpwbjdvavzqfv/Build/Intermediates.noindex/PostHog.build/Debug-iphonesimulator/phlibwebp.build/Objects-normal/x86_64/filters_utils.o /Users/aadityasingh/Library/Developer/Xcode/DerivedData/Chatlio-erkyzdeecsohoaggpwbjdvavzqfv/SourcePackages/checkouts/posthog-ios/vendor/libwebp/filters_utils.c normal x86_64 c com.apple.compilers.llvm.clang.1_0.compiler (in target 'phlibwebp' from project 'PostHog')
    cd /Users/aadityasingh/Documents/Development/element-x-ios/Chatlio.xcodeproj
    
    Using response file: /Users/aadityasingh/Library/Developer/Xcode/DerivedData/Chatlio-erkyzdeecsohoaggpwbjdvavzqfv/Build/Intermediates.noindex/PostHog.build/Debug-iphonesimulator/phlibwebp.build/Objects-normal/x86_64/7187679823f38a2a940e0043cdf9d637-common-args.resp
    
    builtin-ScanDependencies -o /Users/aadityasingh/Library/Developer/Xcode/DerivedData/Chatlio-erkyzdeecsohoaggpwbjdvavzqfv/Build/Intermediates.noindex/PostHog.build/Debug-iphonesimulator/phlibwebp.build/Objects-normal/x86_64/filters_utils.o.scan -- /Applications/Xcode.app/Contents/Developer/Toolchains/XcodeDefault.xctoolchain/usr/bin/clang -x c -ivfsstatcache /Users/aadityasingh/Library/Developer/Xcode/DerivedData/SDKStatCaches.noindex/iphonesimulator26.4-23E252-686eebb5dc1d8ecb277353a59184f4aa.sdkstatcache -target x86_64-apple-ios13.0-simulator -fmessage-length\=0 -fdiagnostics-show-note-include-stack -fmacro-backtrace-limit\=0 -fno-color-diagnostics -fmodules-prune-interval\=86400 -fmodules-prune-after\=345600 -fbuild-session-file\=/Users/aadityasingh/Library/Developer/Xcode/DerivedData/ModuleCache.noindex/Session.modulevalidation -fmodules-validate-once-per-build-session -Wnon-modular-include-in-framework-module -Werror\=non-modular-include-in-framework-module -Wno-trigraphs -Wno-missing-field-initializers -Wno-missing-prototypes -Wno-return-type -Wno-missing-braces -Wparentheses -Wswitch -Wno-unused-function -Wno-unused-label -Wno-unused-parameter -Wno-unused-variable -Wunused-value -Wno-empty-body -Wno-uninitialized -Wno-unknown-pragmas -w -Wno-shadow -Wno-four-char-constants -Wno-conversion -Wno-constant-conversion -Wno-int-conversion -Wno-bool-conversion -Wno-enum-conversion -Wno-float-conversion -Wno-non-literal-null-conversion -Wno-objc-literal-conversion -Wshorten-64-to-32 -Wpointer-sign -Wno-newline-eof -Wno-implicit-fallthrough -isysroot /Applications/Xcode.app/Contents/Developer/Platforms/iPhoneSimulator.platform/Developer/SDKs/iPhoneSimulator26.4.sdk -fstrict-aliasing -Wdeprecated-declarations -Wno-sign-conversion -Wno-infinite-recursion -Wno-comma -Wno-block-capture-autoreleasing -Wno-strict-prototypes -Wno-semicolon-before-method-body -index-store-path /Users/aadityasingh/Library/Developer/Xcode/DerivedData/Chatlio-erkyzdeecsohoaggpwbjdvavzqfv/Index.noindex/DataStore @/Users/aadityasingh/Library/Developer/Xcode/DerivedData/Chatlio-erkyzdeecsohoaggpwbjdvavzqfv/Build/Intermediates.noindex/PostHog.build/Debug-iphonesimulator/phlibwebp.build/Objects-normal/x86_64/7187679823f38a2a940e0043cdf9d637-common-args.resp -MMD -MT dependencies -MF /Users/aadityasingh/Library/Developer/Xcode/DerivedData/Chatlio-erkyzdeecsohoaggpwbjdvavzqfv/Build/Intermediates.noindex/PostHog.build/Debug-iphonesimulator/phlibwebp.build/Objects-normal/x86_64/filters_utils.d --serialize-diagnostics /Users/aadityasingh/Library/Developer/Xcode/DerivedData/Chatlio-erkyzdeecsohoaggpwbjdvavzqfv/Build/Intermediates.noindex/PostHog.build/Debug-iphonesimulator/phlibwebp.build/Objects-normal/x86_64/filters_utils.dia -c /Users/aadityasingh/Library/Developer/Xcode/DerivedData/Chatlio-erkyzdeecsohoaggpwbjdvavzqfv/SourcePackages/checkouts/posthog-ios/vendor/libwebp/filters_utils.c -o /Users/aadityasingh/Library/Developer/Xcode/DerivedData/Chatlio-erkyzdeecsohoaggpwbjdvavzqfv/Build/Intermediates.noindex/PostHog.build/Debug-iphonesimulator/phlibwebp.build/Objects-normal/x86_64/filters_utils.o -index-unit-output-path /PostHog.build/Debug-iphonesimulator/phlibwebp.build/Objects-normal/x86_64/filters_utils.o

ScanDependencies /Users/aadityasingh/Library/Developer/Xcode/DerivedData/Chatlio-erkyzdeecsohoaggpwbjdvavzqfv/Build/Intermediates.noindex/PostHog.build/Debug-iphonesimulator/phlibwebp.build/Objects-normal/x86_64/filters_sse2.o /Users/aadityasingh/Library/Developer/Xcode/DerivedData/Chatlio-erkyzdeecsohoaggpwbjdvavzqfv/SourcePackages/checkouts/posthog-ios/vendor/libwebp/filters_sse2.c normal x86_64 c com.apple.compilers.llvm.clang.1_0.compiler (in target 'phlibwebp' from project 'PostHog')
    cd /Users/aadityasingh/Documents/Development/element-x-ios/Chatlio.xcodeproj
    
    Using response file: /Users/aadityasingh/Library/Developer/Xcode/DerivedData/Chatlio-erkyzdeecsohoaggpwbjdvavzqfv/Build/Intermediates.noindex/PostHog.build/Debug-iphonesimulator/phlibwebp.build/Objects-normal/x86_64/7187679823f38a2a940e0043cdf9d637-common-args.resp
    
    builtin-ScanDependencies -o /Users/aadityasingh/Library/Developer/Xcode/DerivedData/Chatlio-erkyzdeecsohoaggpwbjdvavzqfv/Build/Intermediates.noindex/PostHog.build/Debug-iphonesimulator/phlibwebp.build/Objects-normal/x86_64/filters_sse2.o.scan -- /Applications/Xcode.app/Contents/Developer/Toolchains/XcodeDefault.xctoolchain/usr/bin/clang -x c -ivfsstatcache /Users/aadityasingh/Library/Developer/Xcode/DerivedData/SDKStatCaches.noindex/iphonesimulator26.4-23E252-686eebb5dc1d8ecb277353a59184f4aa.sdkstatcache -target x86_64-apple-ios13.0-simulator -fmessage-length\=0 -fdiagnostics-show-note-include-stack -fmacro-backtrace-limit\=0 -fno-color-diagnostics -fmodules-prune-interval\=86400 -fmodules-prune-after\=345600 -fbuild-session-file\=/Users/aadityasingh/Library/Developer/Xcode/DerivedData/ModuleCache.noindex/Session.modulevalidation -fmodules-validate-once-per-build-session -Wnon-modular-include-in-framework-module -Werror\=non-modular-include-in-framework-module -Wno-trigraphs -Wno-missing-field-initializers -Wno-missing-prototypes -Wno-return-type -Wno-missing-braces -Wparentheses -Wswitch -Wno-unused-function -Wno-unused-label -Wno-unused-parameter -Wno-unused-variable -Wunused-value -Wno-empty-body -Wno-uninitialized -Wno-unknown-pragmas -w -Wno-shadow -Wno-four-char-constants -Wno-conversion -Wno-constant-conversion -Wno-int-conversion -Wno-bool-conversion -Wno-enum-conversion -Wno-float-conversion -Wno-non-literal-null-conversion -Wno-objc-literal-conversion -Wshorten-64-to-32 -Wpointer-sign -Wno-newline-eof -Wno-implicit-fallthrough -isysroot /Applications/Xcode.app/Contents/Developer/Platforms/iPhoneSimulator.platform/Developer/SDKs/iPhoneSimulator26.4.sdk -fstrict-aliasing -Wdeprecated-declarations -Wno-sign-conversion -Wno-infinite-recursion -Wno-comma -Wno-block-capture-autoreleasing -Wno-strict-prototypes -Wno-semicolon-before-method-body -index-store-path /Users/aadityasingh/Library/Developer/Xcode/DerivedData/Chatlio-erkyzdeecsohoaggpwbjdvavzqfv/Index.noindex/DataStore @/Users/aadityasingh/Library/Developer/Xcode/DerivedData/Chatlio-erkyzdeecsohoaggpwbjdvavzqfv/Build/Intermediates.noindex/PostHog.build/Debug-iphonesimulator/phlibwebp.build/Objects-normal/x86_64/7187679823f38a2a940e0043cdf9d637-common-args.resp -MMD -MT dependencies -MF /Users/aadityasingh/Library/Developer/Xcode/DerivedData/Chatlio-erkyzdeecsohoaggpwbjdvavzqfv/Build/Intermediates.noindex/PostHog.build/Debug-iphonesimulator/phlibwebp.build/Objects-normal/x86_64/filters_sse2.d --serialize-diagnostics /Users/aadityasingh/Library/Developer/Xcode/DerivedData/Chatlio-erkyzdeecsohoaggpwbjdvavzqfv/Build/Intermediates.noindex/PostHog.build/Debug-iphonesimulator/phlibwebp.build/Objects-normal/x86_64/filters_sse2.dia -c /Users/aadityasingh/Library/Developer/Xcode/DerivedData/Chatlio-erkyzdeecsohoaggpwbjdvavzqfv/SourcePackages/checkouts/posthog-ios/vendor/libwebp/filters_sse2.c -o /Users/aadityasingh/Library/Developer/Xcode/DerivedData/Chatlio-erkyzdeecsohoaggpwbjdvavzqfv/Build/Intermediates.noindex/PostHog.build/Debug-iphonesimulator/phlibwebp.build/Objects-normal/x86_64/filters_sse2.o -index-unit-output-path /PostHog.build/Debug-iphonesimulator/phlibwebp.build/Objects-normal/x86_64/filters_sse2.o

ScanDependencies /Users/aadityasingh/Library/Developer/Xcode/DerivedData/Chatlio-erkyzdeecsohoaggpwbjdvavzqfv/Build/Intermediates.noindex/PostHog.build/Debug-iphonesimulator/phlibwebp.build/Objects-normal/x86_64/filters_neon.o /Users/aadityasingh/Library/Developer/Xcode/DerivedData/Chatlio-erkyzdeecsohoaggpwbjdvavzqfv/SourcePackages/checkouts/posthog-ios/vendor/libwebp/filters_neon.c normal x86_64 c com.apple.compilers.llvm.clang.1_0.compiler (in target 'phlibwebp' from project 'PostHog')
    cd /Users/aadityasingh/Documents/Development/element-x-ios/Chatlio.xcodeproj
    
    Using response file: /Users/aadityasingh/Library/Developer/Xcode/DerivedData/Chatlio-erkyzdeecsohoaggpwbjdvavzqfv/Build/Intermediates.noindex/PostHog.build/Debug-iphonesimulator/phlibwebp.build/Objects-normal/x86_64/7187679823f38a2a940e0043cdf9d637-common-args.resp
    
    builtin-ScanDependencies -o /Users/aadityasingh/Library/Developer/Xcode/DerivedData/Chatlio-erkyzdeecsohoaggpwbjdvavzqfv/Build/Intermediates.noindex/PostHog.build/Debug-iphonesimulator/phlibwebp.build/Objects-normal/x86_64/filters_neon.o.scan -- /Applications/Xcode.app/Contents/Developer/Toolchains/XcodeDefault.xctoolchain/usr/bin/clang -x c -ivfsstatcache /Users/aadityasingh/Library/Developer/Xcode/DerivedData/SDKStatCaches.noindex/iphonesimulator26.4-23E252-686eebb5dc1d8ecb277353a59184f4aa.sdkstatcache -target x86_64-apple-ios13.0-simulator -fmessage-length\=0 -fdiagnostics-show-note-include-stack -fmacro-backtrace-limit\=0 -fno-color-diagnostics -fmodules-prune-interval\=86400 -fmodules-prune-after\=345600 -fbuild-session-file\=/Users/aadityasingh/Library/Developer/Xcode/DerivedData/ModuleCache.noindex/Session.modulevalidation -fmodules-validate-once-per-build-session -Wnon-modular-include-in-framework-module -Werror\=non-modular-include-in-framework-module -Wno-trigraphs -Wno-missing-field-initializers -Wno-missing-prototypes -Wno-return-type -Wno-missing-braces -Wparentheses -Wswitch -Wno-unused-function -Wno-unused-label -Wno-unused-parameter -Wno-unused-variable -Wunused-value -Wno-empty-body -Wno-uninitialized -Wno-unknown-pragmas -w -Wno-shadow -Wno-four-char-constants -Wno-conversion -Wno-constant-conversion -Wno-int-conversion -Wno-bool-conversion -Wno-enum-conversion -Wno-float-conversion -Wno-non-literal-null-conversion -Wno-objc-literal-conversion -Wshorten-64-to-32 -Wpointer-sign -Wno-newline-eof -Wno-implicit-fallthrough -isysroot /Applications/Xcode.app/Contents/Developer/Platforms/iPhoneSimulator.platform/Developer/SDKs/iPhoneSimulator26.4.sdk -fstrict-aliasing -Wdeprecated-declarations -Wno-sign-conversion -Wno-infinite-recursion -Wno-comma -Wno-block-capture-autoreleasing -Wno-strict-prototypes -Wno-semicolon-before-method-body -index-store-path /Users/aadityasingh/Library/Developer/Xcode/DerivedData/Chatlio-erkyzdeecsohoaggpwbjdvavzqfv/Index.noindex/DataStore @/Users/aadityasingh/Library/Developer/Xcode/DerivedData/Chatlio-erkyzdeecsohoaggpwbjdvavzqfv/Build/Intermediates.noindex/PostHog.build/Debug-iphonesimulator/phlibwebp.build/Objects-normal/x86_64/7187679823f38a2a940e0043cdf9d637-common-args.resp -MMD -MT dependencies -MF /Users/aadityasingh/Library/Developer/Xcode/DerivedData/Chatlio-erkyzdeecsohoaggpwbjdvavzqfv/Build/Intermediates.noindex/PostHog.build/Debug-iphonesimulator/phlibwebp.build/Objects-normal/x86_64/filters_neon.d --serialize-diagnostics /Users/aadityasingh/Library/Developer/Xcode/DerivedData/Chatlio-erkyzdeecsohoaggpwbjdvavzqfv/Build/Intermediates.noindex/PostHog.build/Debug-iphonesimulator/phlibwebp.build/Objects-normal/x86_64/filters_neon.dia -c /Users/aadityasingh/Library/Developer/Xcode/DerivedData/Chatlio-erkyzdeecsohoaggpwbjdvavzqfv/SourcePackages/checkouts/posthog-ios/vendor/libwebp/filters_neon.c -o /Users/aadityasingh/Library/Developer/Xcode/DerivedData/Chatlio-erkyzdeecsohoaggpwbjdvavzqfv/Build/Intermediates.noindex/PostHog.build/Debug-iphonesimulator/phlibwebp.build/Objects-normal/x86_64/filters_neon.o -index-unit-output-path /PostHog.build/Debug-iphonesimulator/phlibwebp.build/Objects-normal/x86_64/filters_neon.o

ScanDependencies /Users/aadityasingh/Library/Developer/Xcode/DerivedData/Chatlio-erkyzdeecsohoaggpwbjdvavzqfv/Build/Intermediates.noindex/PostHog.build/Debug-iphonesimulator/phlibwebp.build/Objects-normal/x86_64/filters.o /Users/aadityasingh/Library/Developer/Xcode/DerivedData/Chatlio-erkyzdeecsohoaggpwbjdvavzqfv/SourcePackages/checkouts/posthog-ios/vendor/libwebp/filters.c normal x86_64 c com.apple.compilers.llvm.clang.1_0.compiler (in target 'phlibwebp' from project 'PostHog')
    cd /Users/aadityasingh/Documents/Development/element-x-ios/Chatlio.xcodeproj
    
    Using response file: /Users/aadityasingh/Library/Developer/Xcode/DerivedData/Chatlio-erkyzdeecsohoaggpwbjdvavzqfv/Build/Intermediates.noindex/PostHog.build/Debug-iphonesimulator/phlibwebp.build/Objects-normal/x86_64/7187679823f38a2a940e0043cdf9d637-common-args.resp
    
    builtin-ScanDependencies -o /Users/aadityasingh/Library/Developer/Xcode/DerivedData/Chatlio-erkyzdeecsohoaggpwbjdvavzqfv/Build/Intermediates.noindex/PostHog.build/Debug-iphonesimulator/phlibwebp.build/Objects-normal/x86_64/filters.o.scan -- /Applications/Xcode.app/Contents/Developer/Toolchains/XcodeDefault.xctoolchain/usr/bin/clang -x c -ivfsstatcache /Users/aadityasingh/Library/Developer/Xcode/DerivedData/SDKStatCaches.noindex/iphonesimulator26.4-23E252-686eebb5dc1d8ecb277353a59184f4aa.sdkstatcache -target x86_64-apple-ios13.0-simulator -fmessage-length\=0 -fdiagnostics-show-note-include-stack -fmacro-backtrace-limit\=0 -fno-color-diagnostics -fmodules-prune-interval\=86400 -fmodules-prune-after\=345600 -fbuild-session-file\=/Users/aadityasingh/Library/Developer/Xcode/DerivedData/ModuleCache.noindex/Session.modulevalidation -fmodules-validate-once-per-build-session -Wnon-modular-include-in-framework-module -Werror\=non-modular-include-in-framework-module -Wno-trigraphs -Wno-missing-field-initializers -Wno-missing-prototypes -Wno-return-type -Wno-missing-braces -Wparentheses -Wswitch -Wno-unused-function -Wno-unused-label -Wno-unused-parameter -Wno-unused-variable -Wunused-value -Wno-empty-body -Wno-uninitialized -Wno-unknown-pragmas -w -Wno-shadow -Wno-four-char-constants -Wno-conversion -Wno-constant-conversion -Wno-int-conversion -Wno-bool-conversion -Wno-enum-conversion -Wno-float-conversion -Wno-non-literal-null-conversion -Wno-objc-literal-conversion -Wshorten-64-to-32 -Wpointer-sign -Wno-newline-eof -Wno-implicit-fallthrough -isysroot /Applications/Xcode.app/Contents/Developer/Platforms/iPhoneSimulator.platform/Developer/SDKs/iPhoneSimulator26.4.sdk -fstrict-aliasing -Wdeprecated-declarations -Wno-sign-conversion -Wno-infinite-recursion -Wno-comma -Wno-block-capture-autoreleasing -Wno-strict-prototypes -Wno-semicolon-before-method-body -index-store-path /Users/aadityasingh/Library/Developer/Xcode/DerivedData/Chatlio-erkyzdeecsohoaggpwbjdvavzqfv/Index.noindex/DataStore @/Users/aadityasingh/Library/Developer/Xcode/DerivedData/Chatlio-erkyzdeecsohoaggpwbjdvavzqfv/Build/Intermediates.noindex/PostHog.build/Debug-iphonesimulator/phlibwebp.build/Objects-normal/x86_64/7187679823f38a2a940e0043cdf9d637-common-args.resp -MMD -MT dependencies -MF /Users/aadityasingh/Library/Developer/Xcode/DerivedData/Chatlio-erkyzdeecsohoaggpwbjdvavzqfv/Build/Intermediates.noindex/PostHog.build/Debug-iphonesimulator/phlibwebp.build/Objects-normal/x86_64/filters.d --serialize-diagnostics /Users/aadityasingh/Library/Developer/Xcode/DerivedData/Chatlio-erkyzdeecsohoaggpwbjdvavzqfv/Build/Intermediates.noindex/PostHog.build/Debug-iphonesimulator/phlibwebp.build/Objects-normal/x86_64/filters.dia -c /Users/aadityasingh/Library/Developer/Xcode/DerivedData/Chatlio-erkyzdeecsohoaggpwbjdvavzqfv/SourcePackages/checkouts/posthog-ios/vendor/libwebp/filters.c -o /Users/aadityasingh/Library/Developer/Xcode/DerivedData/Chatlio-erkyzdeecsohoaggpwbjdvavzqfv/Build/Intermediates.noindex/PostHog.build/Debug-iphonesimulator/phlibwebp.build/Objects-normal/x86_64/filters.o -index-unit-output-path /PostHog.build/Debug-iphonesimulator/phlibwebp.build/Objects-normal/x86_64/filters.o

ScanDependencies /Users/aadityasingh/Library/Developer/Xcode/DerivedData/Chatlio-erkyzdeecsohoaggpwbjdvavzqfv/Build/Intermediates.noindex/PostHog.build/Debug-iphonesimulator/phlibwebp.build/Objects-normal/x86_64/filter_enc.o /Users/aadityasingh/Library/Developer/Xcode/DerivedData/Chatlio-erkyzdeecsohoaggpwbjdvavzqfv/SourcePackages/checkouts/posthog-ios/vendor/libwebp/filter_enc.c normal x86_64 c com.apple.compilers.llvm.clang.1_0.compiler (in target 'phlibwebp' from project 'PostHog')
    cd /Users/aadityasingh/Documents/Development/element-x-ios/Chatlio.xcodeproj
    
    Using response file: /Users/aadityasingh/Library/Developer/Xcode/DerivedData/Chatlio-erkyzdeecsohoaggpwbjdvavzqfv/Build/Intermediates.noindex/PostHog.build/Debug-iphonesimulator/phlibwebp.build/Objects-normal/x86_64/7187679823f38a2a940e0043cdf9d637-common-args.resp
    
    builtin-ScanDependencies -o /Users/aadityasingh/Library/Developer/Xcode/DerivedData/Chatlio-erkyzdeecsohoaggpwbjdvavzqfv/Build/Intermediates.noindex/PostHog.build/Debug-iphonesimulator/phlibwebp.build/Objects-normal/x86_64/filter_enc.o.scan -- /Applications/Xcode.app/Contents/Developer/Toolchains/XcodeDefault.xctoolchain/usr/bin/clang -x c -ivfsstatcache /Users/aadityasingh/Library/Developer/Xcode/DerivedData/SDKStatCaches.noindex/iphonesimulator26.4-23E252-686eebb5dc1d8ecb277353a59184f4aa.sdkstatcache -target x86_64-apple-ios13.0-simulator -fmessage-length\=0 -fdiagnostics-show-note-include-stack -fmacro-backtrace-limit\=0 -fno-color-diagnostics -fmodules-prune-interval\=86400 -fmodules-prune-after\=345600 -fbuild-session-file\=/Users/aadityasingh/Library/Developer/Xcode/DerivedData/ModuleCache.noindex/Session.modulevalidation -fmodules-validate-once-per-build-session -Wnon-modular-include-in-framework-module -Werror\=non-modular-include-in-framework-module -Wno-trigraphs -Wno-missing-field-initializers -Wno-missing-prototypes -Wno-return-type -Wno-missing-braces -Wparentheses -Wswitch -Wno-unused-function -Wno-unused-label -Wno-unused-parameter -Wno-unused-variable -Wunused-value -Wno-empty-body -Wno-uninitialized -Wno-unknown-pragmas -w -Wno-shadow -Wno-four-char-constants -Wno-conversion -Wno-constant-conversion -Wno-int-conversion -Wno-bool-conversion -Wno-enum-conversion -Wno-float-conversion -Wno-non-literal-null-conversion -Wno-objc-literal-conversion -Wshorten-64-to-32 -Wpointer-sign -Wno-newline-eof -Wno-implicit-fallthrough -isysroot /Applications/Xcode.app/Contents/Developer/Platforms/iPhoneSimulator.platform/Developer/SDKs/iPhoneSimulator26.4.sdk -fstrict-aliasing -Wdeprecated-declarations -Wno-sign-conversion -Wno-infinite-recursion -Wno-comma -Wno-block-capture-autoreleasing -Wno-strict-prototypes -Wno-semicolon-before-method-body -index-store-path /Users/aadityasingh/Library/Developer/Xcode/DerivedData/Chatlio-erkyzdeecsohoaggpwbjdvavzqfv/Index.noindex/DataStore @/Users/aadityasingh/Library/Developer/Xcode/DerivedData/Chatlio-erkyzdeecsohoaggpwbjdvavzqfv/Build/Intermediates.noindex/PostHog.build/Debug-iphonesimulator/phlibwebp.build/Objects-normal/x86_64/7187679823f38a2a940e0043cdf9d637-common-args.resp -MMD -MT dependencies -MF /Users/aadityasingh/Library/Developer/Xcode/DerivedData/Chatlio-erkyzdeecsohoaggpwbjdvavzqfv/Build/Intermediates.noindex/PostHog.build/Debug-iphonesimulator/phlibwebp.build/Objects-normal/x86_64/filter_enc.d --serialize-diagnostics /Users/aadityasingh/Library/Developer/Xcode/DerivedData/Chatlio-erkyzdeecsohoaggpwbjdvavzqfv/Build/Intermediates.noindex/PostHog.build/Debug-iphonesimulator/phlibwebp.build/Objects-normal/x86_64/filter_enc.dia -c /Users/aadityasingh/Library/Developer/Xcode/DerivedData/Chatlio-erkyzdeecsohoaggpwbjdvavzqfv/SourcePackages/checkouts/posthog-ios/vendor/libwebp/filter_enc.c -o /Users/aadityasingh/Library/Developer/Xcode/DerivedData/Chatlio-erkyzdeecsohoaggpwbjdvavzqfv/Build/Intermediates.noindex/PostHog.build/Debug-iphonesimulator/phlibwebp.build/Objects-normal/x86_64/filter_enc.o -index-unit-output-path /PostHog.build/Debug-iphonesimulator/phlibwebp.build/Objects-normal/x86_64/filter_enc.o

ScanDependencies /Users/aadityasingh/Library/Developer/Xcode/DerivedData/Chatlio-erkyzdeecsohoaggpwbjdvavzqfv/Build/Intermediates.noindex/PostHog.build/Debug-iphonesimulator/phlibwebp.build/Objects-normal/x86_64/enc_sse41.o /Users/aadityasingh/Library/Developer/Xcode/DerivedData/Chatlio-erkyzdeecsohoaggpwbjdvavzqfv/SourcePackages/checkouts/posthog-ios/vendor/libwebp/enc_sse41.c normal x86_64 c com.apple.compilers.llvm.clang.1_0.compiler (in target 'phlibwebp' from project 'PostHog')
    cd /Users/aadityasingh/Documents/Development/element-x-ios/Chatlio.xcodeproj
    
    Using response file: /Users/aadityasingh/Library/Developer/Xcode/DerivedData/Chatlio-erkyzdeecsohoaggpwbjdvavzqfv/Build/Intermediates.noindex/PostHog.build/Debug-iphonesimulator/phlibwebp.build/Objects-normal/x86_64/7187679823f38a2a940e0043cdf9d637-common-args.resp
    
    builtin-ScanDependencies -o /Users/aadityasingh/Library/Developer/Xcode/DerivedData/Chatlio-erkyzdeecsohoaggpwbjdvavzqfv/Build/Intermediates.noindex/PostHog.build/Debug-iphonesimulator/phlibwebp.build/Objects-normal/x86_64/enc_sse41.o.scan -- /Applications/Xcode.app/Contents/Developer/Toolchains/XcodeDefault.xctoolchain/usr/bin/clang -x c -ivfsstatcache /Users/aadityasingh/Library/Developer/Xcode/DerivedData/SDKStatCaches.noindex/iphonesimulator26.4-23E252-686eebb5dc1d8ecb277353a59184f4aa.sdkstatcache -target x86_64-apple-ios13.0-simulator -fmessage-length\=0 -fdiagnostics-show-note-include-stack -fmacro-backtrace-limit\=0 -fno-color-diagnostics -fmodules-prune-interval\=86400 -fmodules-prune-after\=345600 -fbuild-session-file\=/Users/aadityasingh/Library/Developer/Xcode/DerivedData/ModuleCache.noindex/Session.modulevalidation -fmodules-validate-once-per-build-session -Wnon-modular-include-in-framework-module -Werror\=non-modular-include-in-framework-module -Wno-trigraphs -Wno-missing-field-initializers -Wno-missing-prototypes -Wno-return-type -Wno-missing-braces -Wparentheses -Wswitch -Wno-unused-function -Wno-unused-label -Wno-unused-parameter -Wno-unused-variable -Wunused-value -Wno-empty-body -Wno-uninitialized -Wno-unknown-pragmas -w -Wno-shadow -Wno-four-char-constants -Wno-conversion -Wno-constant-conversion -Wno-int-conversion -Wno-bool-conversion -Wno-enum-conversion -Wno-float-conversion -Wno-non-literal-null-conversion -Wno-objc-literal-conversion -Wshorten-64-to-32 -Wpointer-sign -Wno-newline-eof -Wno-implicit-fallthrough -isysroot /Applications/Xcode.app/Contents/Developer/Platforms/iPhoneSimulator.platform/Developer/SDKs/iPhoneSimulator26.4.sdk -fstrict-aliasing -Wdeprecated-declarations -Wno-sign-conversion -Wno-infinite-recursion -Wno-comma -Wno-block-capture-autoreleasing -Wno-strict-prototypes -Wno-semicolon-before-method-body -index-store-path /Users/aadityasingh/Library/Developer/Xcode/DerivedData/Chatlio-erkyzdeecsohoaggpwbjdvavzqfv/Index.noindex/DataStore @/Users/aadityasingh/Library/Developer/Xcode/DerivedData/Chatlio-erkyzdeecsohoaggpwbjdvavzqfv/Build/Intermediates.noindex/PostHog.build/Debug-iphonesimulator/phlibwebp.build/Objects-normal/x86_64/7187679823f38a2a940e0043cdf9d637-common-args.resp -MMD -MT dependencies -MF /Users/aadityasingh/Library/Developer/Xcode/DerivedData/Chatlio-erkyzdeecsohoaggpwbjdvavzqfv/Build/Intermediates.noindex/PostHog.build/Debug-iphonesimulator/phlibwebp.build/Objects-normal/x86_64/enc_sse41.d --serialize-diagnostics /Users/aadityasingh/Library/Developer/Xcode/DerivedData/Chatlio-erkyzdeecsohoaggpwbjdvavzqfv/Build/Intermediates.noindex/PostHog.build/Debug-iphonesimulator/phlibwebp.build/Objects-normal/x86_64/enc_sse41.dia -c /Users/aadityasingh/Library/Developer/Xcode/DerivedData/Chatlio-erkyzdeecsohoaggpwbjdvavzqfv/SourcePackages/checkouts/posthog-ios/vendor/libwebp/enc_sse41.c -o /Users/aadityasingh/Library/Developer/Xcode/DerivedData/Chatlio-erkyzdeecsohoaggpwbjdvavzqfv/Build/Intermediates.noindex/PostHog.build/Debug-iphonesimulator/phlibwebp.build/Objects-normal/x86_64/enc_sse41.o -index-unit-output-path /PostHog.build/Debug-iphonesimulator/phlibwebp.build/Objects-normal/x86_64/enc_sse41.o

ScanDependencies /Users/aadityasingh/Library/Developer/Xcode/DerivedData/Chatlio-erkyzdeecsohoaggpwbjdvavzqfv/Build/Intermediates.noindex/PostHog.build/Debug-iphonesimulator/phlibwebp.build/Objects-normal/x86_64/enc_sse2.o /Users/aadityasingh/Library/Developer/Xcode/DerivedData/Chatlio-erkyzdeecsohoaggpwbjdvavzqfv/SourcePackages/checkouts/posthog-ios/vendor/libwebp/enc_sse2.c normal x86_64 c com.apple.compilers.llvm.clang.1_0.compiler (in target 'phlibwebp' from project 'PostHog')
    cd /Users/aadityasingh/Documents/Development/element-x-ios/Chatlio.xcodeproj
    
    Using response file: /Users/aadityasingh/Library/Developer/Xcode/DerivedData/Chatlio-erkyzdeecsohoaggpwbjdvavzqfv/Build/Intermediates.noindex/PostHog.build/Debug-iphonesimulator/phlibwebp.build/Objects-normal/x86_64/7187679823f38a2a940e0043cdf9d637-common-args.resp
    
    builtin-ScanDependencies -o /Users/aadityasingh/Library/Developer/Xcode/DerivedData/Chatlio-erkyzdeecsohoaggpwbjdvavzqfv/Build/Intermediates.noindex/PostHog.build/Debug-iphonesimulator/phlibwebp.build/Objects-normal/x86_64/enc_sse2.o.scan -- /Applications/Xcode.app/Contents/Developer/Toolchains/XcodeDefault.xctoolchain/usr/bin/clang -x c -ivfsstatcache /Users/aadityasingh/Library/Developer/Xcode/DerivedData/SDKStatCaches.noindex/iphonesimulator26.4-23E252-686eebb5dc1d8ecb277353a59184f4aa.sdkstatcache -target x86_64-apple-ios13.0-simulator -fmessage-length\=0 -fdiagnostics-show-note-include-stack -fmacro-backtrace-limit\=0 -fno-color-diagnostics -fmodules-prune-interval\=86400 -fmodules-prune-after\=345600 -fbuild-session-file\=/Users/aadityasingh/Library/Developer/Xcode/DerivedData/ModuleCache.noindex/Session.modulevalidation -fmodules-validate-once-per-build-session -Wnon-modular-include-in-framework-module -Werror\=non-modular-include-in-framework-module -Wno-trigraphs -Wno-missing-field-initializers -Wno-missing-prototypes -Wno-return-type -Wno-missing-braces -Wparentheses -Wswitch -Wno-unused-function -Wno-unused-label -Wno-unused-parameter -Wno-unused-variable -Wunused-value -Wno-empty-body -Wno-uninitialized -Wno-unknown-pragmas -w -Wno-shadow -Wno-four-char-constants -Wno-conversion -Wno-constant-conversion -Wno-int-conversion -Wno-bool-conversion -Wno-enum-conversion -Wno-float-conversion -Wno-non-literal-null-conversion -Wno-objc-literal-conversion -Wshorten-64-to-32 -Wpointer-sign -Wno-newline-eof -Wno-implicit-fallthrough -isysroot /Applications/Xcode.app/Contents/Developer/Platforms/iPhoneSimulator.platform/Developer/SDKs/iPhoneSimulator26.4.sdk -fstrict-aliasing -Wdeprecated-declarations -Wno-sign-conversion -Wno-infinite-recursion -Wno-comma -Wno-block-capture-autoreleasing -Wno-strict-prototypes -Wno-semicolon-before-method-body -index-store-path /Users/aadityasingh/Library/Developer/Xcode/DerivedData/Chatlio-erkyzdeecsohoaggpwbjdvavzqfv/Index.noindex/DataStore @/Users/aadityasingh/Library/Developer/Xcode/DerivedData/Chatlio-erkyzdeecsohoaggpwbjdvavzqfv/Build/Intermediates.noindex/PostHog.build/Debug-iphonesimulator/phlibwebp.build/Objects-normal/x86_64/7187679823f38a2a940e0043cdf9d637-common-args.resp -MMD -MT dependencies -MF /Users/aadityasingh/Library/Developer/Xcode/DerivedData/Chatlio-erkyzdeecsohoaggpwbjdvavzqfv/Build/Intermediates.noindex/PostHog.build/Debug-iphonesimulator/phlibwebp.build/Objects-normal/x86_64/enc_sse2.d --serialize-diagnostics /Users/aadityasingh/Library/Developer/Xcode/DerivedData/Chatlio-erkyzdeecsohoaggpwbjdvavzqfv/Build/Intermediates.noindex/PostHog.build/Debug-iphonesimulator/phlibwebp.build/Objects-normal/x86_64/enc_sse2.dia -c /Users/aadityasingh/Library/Developer/Xcode/DerivedData/Chatlio-erkyzdeecsohoaggpwbjdvavzqfv/SourcePackages/checkouts/posthog-ios/vendor/libwebp/enc_sse2.c -o /Users/aadityasingh/Library/Developer/Xcode/DerivedData/Chatlio-erkyzdeecsohoaggpwbjdvavzqfv/Build/Intermediates.noindex/PostHog.build/Debug-iphonesimulator/phlibwebp.build/Objects-normal/x86_64/enc_sse2.o -index-unit-output-path /PostHog.build/Debug-iphonesimulator/phlibwebp.build/Objects-normal/x86_64/enc_sse2.o

ScanDependencies /Users/aadityasingh/Library/Developer/Xcode/DerivedData/Chatlio-erkyzdeecsohoaggpwbjdvavzqfv/Build/Intermediates.noindex/PostHog.build/Debug-iphonesimulator/phlibwebp.build/Objects-normal/x86_64/enc_neon.o /Users/aadityasingh/Library/Developer/Xcode/DerivedData/Chatlio-erkyzdeecsohoaggpwbjdvavzqfv/SourcePackages/checkouts/posthog-ios/vendor/libwebp/enc_neon.c normal x86_64 c com.apple.compilers.llvm.clang.1_0.compiler (in target 'phlibwebp' from project 'PostHog')
    cd /Users/aadityasingh/Documents/Development/element-x-ios/Chatlio.xcodeproj
    
    Using response file: /Users/aadityasingh/Library/Developer/Xcode/DerivedData/Chatlio-erkyzdeecsohoaggpwbjdvavzqfv/Build/Intermediates.noindex/PostHog.build/Debug-iphonesimulator/phlibwebp.build/Objects-normal/x86_64/7187679823f38a2a940e0043cdf9d637-common-args.resp
    
    builtin-ScanDependencies -o /Users/aadityasingh/Library/Developer/Xcode/DerivedData/Chatlio-erkyzdeecsohoaggpwbjdvavzqfv/Build/Intermediates.noindex/PostHog.build/Debug-iphonesimulator/phlibwebp.build/Objects-normal/x86_64/enc_neon.o.scan -- /Applications/Xcode.app/Contents/Developer/Toolchains/XcodeDefault.xctoolchain/usr/bin/clang -x c -ivfsstatcache /Users/aadityasingh/Library/Developer/Xcode/DerivedData/SDKStatCaches.noindex/iphonesimulator26.4-23E252-686eebb5dc1d8ecb277353a59184f4aa.sdkstatcache -target x86_64-apple-ios13.0-simulator -fmessage-length\=0 -fdiagnostics-show-note-include-stack -fmacro-backtrace-limit\=0 -fno-color-diagnostics -fmodules-prune-interval\=86400 -fmodules-prune-after\=345600 -fbuild-session-file\=/Users/aadityasingh/Library/Developer/Xcode/DerivedData/ModuleCache.noindex/Session.modulevalidation -fmodules-validate-once-per-build-session -Wnon-modular-include-in-framework-module -Werror\=non-modular-include-in-framework-module -Wno-trigraphs -Wno-missing-field-initializers -Wno-missing-prototypes -Wno-return-type -Wno-missing-braces -Wparentheses -Wswitch -Wno-unused-function -Wno-unused-label -Wno-unused-parameter -Wno-unused-variable -Wunused-value -Wno-empty-body -Wno-uninitialized -Wno-unknown-pragmas -w -Wno-shadow -Wno-four-char-constants -Wno-conversion -Wno-constant-conversion -Wno-int-conversion -Wno-bool-conversion -Wno-enum-conversion -Wno-float-conversion -Wno-non-literal-null-conversion -Wno-objc-literal-conversion -Wshorten-64-to-32 -Wpointer-sign -Wno-newline-eof -Wno-implicit-fallthrough -isysroot /Applications/Xcode.app/Contents/Developer/Platforms/iPhoneSimulator.platform/Developer/SDKs/iPhoneSimulator26.4.sdk -fstrict-aliasing -Wdeprecated-declarations -Wno-sign-conversion -Wno-infinite-recursion -Wno-comma -Wno-block-capture-autoreleasing -Wno-strict-prototypes -Wno-semicolon-before-method-body -index-store-path /Users/aadityasingh/Library/Developer/Xcode/DerivedData/Chatlio-erkyzdeecsohoaggpwbjdvavzqfv/Index.noindex/DataStore @/Users/aadityasingh/Library/Developer/Xcode/DerivedData/Chatlio-erkyzdeecsohoaggpwbjdvavzqfv/Build/Intermediates.noindex/PostHog.build/Debug-iphonesimulator/phlibwebp.build/Objects-normal/x86_64/7187679823f38a2a940e0043cdf9d637-common-args.resp -MMD -MT dependencies -MF /Users/aadityasingh/Library/Developer/Xcode/DerivedData/Chatlio-erkyzdeecsohoaggpwbjdvavzqfv/Build/Intermediates.noindex/PostHog.build/Debug-iphonesimulator/phlibwebp.build/Objects-normal/x86_64/enc_neon.d --serialize-diagnostics /Users/aadityasingh/Library/Developer/Xcode/DerivedData/Chatlio-erkyzdeecsohoaggpwbjdvavzqfv/Build/Intermediates.noindex/PostHog.build/Debug-iphonesimulator/phlibwebp.build/Objects-normal/x86_64/enc_neon.dia -c /Users/aadityasingh/Library/Developer/Xcode/DerivedData/Chatlio-erkyzdeecsohoaggpwbjdvavzqfv/SourcePackages/checkouts/posthog-ios/vendor/libwebp/enc_neon.c -o /Users/aadityasingh/Library/Developer/Xcode/DerivedData/Chatlio-erkyzdeecsohoaggpwbjdvavzqfv/Build/Intermediates.noindex/PostHog.build/Debug-iphonesimulator/phlibwebp.build/Objects-normal/x86_64/enc_neon.o -index-unit-output-path /PostHog.build/Debug-iphonesimulator/phlibwebp.build/Objects-normal/x86_64/enc_neon.o

ScanDependencies /Users/aadityasingh/Library/Developer/Xcode/DerivedData/Chatlio-erkyzdeecsohoaggpwbjdvavzqfv/Build/Intermediates.noindex/PostHog.build/Debug-iphonesimulator/phlibwebp.build/Objects-normal/x86_64/enc.o /Users/aadityasingh/Library/Developer/Xcode/DerivedData/Chatlio-erkyzdeecsohoaggpwbjdvavzqfv/SourcePackages/checkouts/posthog-ios/vendor/libwebp/enc.c normal x86_64 c com.apple.compilers.llvm.clang.1_0.compiler (in target 'phlibwebp' from project 'PostHog')
    cd /Users/aadityasingh/Documents/Development/element-x-ios/Chatlio.xcodeproj
    
    Using response file: /Users/aadityasingh/Library/Developer/Xcode/DerivedData/Chatlio-erkyzdeecsohoaggpwbjdvavzqfv/Build/Intermediates.noindex/PostHog.build/Debug-iphonesimulator/phlibwebp.build/Objects-normal/x86_64/7187679823f38a2a940e0043cdf9d637-common-args.resp
    
    builtin-ScanDependencies -o /Users/aadityasingh/Library/Developer/Xcode/DerivedData/Chatlio-erkyzdeecsohoaggpwbjdvavzqfv/Build/Intermediates.noindex/PostHog.build/Debug-iphonesimulator/phlibwebp.build/Objects-normal/x86_64/enc.o.scan -- /Applications/Xcode.app/Contents/Developer/Toolchains/XcodeDefault.xctoolchain/usr/bin/clang -x c -ivfsstatcache /Users/aadityasingh/Library/Developer/Xcode/DerivedData/SDKStatCaches.noindex/iphonesimulator26.4-23E252-686eebb5dc1d8ecb277353a59184f4aa.sdkstatcache -target x86_64-apple-ios13.0-simulator -fmessage-length\=0 -fdiagnostics-show-note-include-stack -fmacro-backtrace-limit\=0 -fno-color-diagnostics -fmodules-prune-interval\=86400 -fmodules-prune-after\=345600 -fbuild-session-file\=/Users/aadityasingh/Library/Developer/Xcode/DerivedData/ModuleCache.noindex/Session.modulevalidation -fmodules-validate-once-per-build-session -Wnon-modular-include-in-framework-module -Werror\=non-modular-include-in-framework-module -Wno-trigraphs -Wno-missing-field-initializers -Wno-missing-prototypes -Wno-return-type -Wno-missing-braces -Wparentheses -Wswitch -Wno-unused-function -Wno-unused-label -Wno-unused-parameter -Wno-unused-variable -Wunused-value -Wno-empty-body -Wno-uninitialized -Wno-unknown-pragmas -w -Wno-shadow -Wno-four-char-constants -Wno-conversion -Wno-constant-conversion -Wno-int-conversion -Wno-bool-conversion -Wno-enum-conversion -Wno-float-conversion -Wno-non-literal-null-conversion -Wno-objc-literal-conversion -Wshorten-64-to-32 -Wpointer-sign -Wno-newline-eof -Wno-implicit-fallthrough -isysroot /Applications/Xcode.app/Contents/Developer/Platforms/iPhoneSimulator.platform/Developer/SDKs/iPhoneSimulator26.4.sdk -fstrict-aliasing -Wdeprecated-declarations -Wno-sign-conversion -Wno-infinite-recursion -Wno-comma -Wno-block-capture-autoreleasing -Wno-strict-prototypes -Wno-semicolon-before-method-body -index-store-path /Users/aadityasingh/Library/Developer/Xcode/DerivedData/Chatlio-erkyzdeecsohoaggpwbjdvavzqfv/Index.noindex/DataStore @/Users/aadityasingh/Library/Developer/Xcode/DerivedData/Chatlio-erkyzdeecsohoaggpwbjdvavzqfv/Build/Intermediates.noindex/PostHog.build/Debug-iphonesimulator/phlibwebp.build/Objects-normal/x86_64/7187679823f38a2a940e0043cdf9d637-common-args.resp -MMD -MT dependencies -MF /Users/aadityasingh/Library/Developer/Xcode/DerivedData/Chatlio-erkyzdeecsohoaggpwbjdvavzqfv/Build/Intermediates.noindex/PostHog.build/Debug-iphonesimulator/phlibwebp.build/Objects-normal/x86_64/enc.d --serialize-diagnostics /Users/aadityasingh/Library/Developer/Xcode/DerivedData/Chatlio-erkyzdeecsohoaggpwbjdvavzqfv/Build/Intermediates.noindex/PostHog.build/Debug-iphonesimulator/phlibwebp.build/Objects-normal/x86_64/enc.dia -c /Users/aadityasingh/Library/Developer/Xcode/DerivedData/Chatlio-erkyzdeecsohoaggpwbjdvavzqfv/SourcePackages/checkouts/posthog-ios/vendor/libwebp/enc.c -o /Users/aadityasingh/Library/Developer/Xcode/DerivedData/Chatlio-erkyzdeecsohoaggpwbjdvavzqfv/Build/Intermediates.noindex/PostHog.build/Debug-iphonesimulator/phlibwebp.build/Objects-normal/x86_64/enc.o -index-unit-output-path /PostHog.build/Debug-iphonesimulator/phlibwebp.build/Objects-normal/x86_64/enc.o

ScanDependencies /Users/aadityasingh/Library/Developer/Xcode/DerivedData/Chatlio-erkyzdeecsohoaggpwbjdvavzqfv/Build/Intermediates.noindex/PostHog.build/Debug-iphonesimulator/phlibwebp.build/Objects-normal/x86_64/dec_sse41.o /Users/aadityasingh/Library/Developer/Xcode/DerivedData/Chatlio-erkyzdeecsohoaggpwbjdvavzqfv/SourcePackages/checkouts/posthog-ios/vendor/libwebp/dec_sse41.c normal x86_64 c com.apple.compilers.llvm.clang.1_0.compiler (in target 'phlibwebp' from project 'PostHog')
    cd /Users/aadityasingh/Documents/Development/element-x-ios/Chatlio.xcodeproj
    
    Using response file: /Users/aadityasingh/Library/Developer/Xcode/DerivedData/Chatlio-erkyzdeecsohoaggpwbjdvavzqfv/Build/Intermediates.noindex/PostHog.build/Debug-iphonesimulator/phlibwebp.build/Objects-normal/x86_64/7187679823f38a2a940e0043cdf9d637-common-args.resp
    
    builtin-ScanDependencies -o /Users/aadityasingh/Library/Developer/Xcode/DerivedData/Chatlio-erkyzdeecsohoaggpwbjdvavzqfv/Build/Intermediates.noindex/PostHog.build/Debug-iphonesimulator/phlibwebp.build/Objects-normal/x86_64/dec_sse41.o.scan -- /Applications/Xcode.app/Contents/Developer/Toolchains/XcodeDefault.xctoolchain/usr/bin/clang -x c -ivfsstatcache /Users/aadityasingh/Library/Developer/Xcode/DerivedData/SDKStatCaches.noindex/iphonesimulator26.4-23E252-686eebb5dc1d8ecb277353a59184f4aa.sdkstatcache -target x86_64-apple-ios13.0-simulator -fmessage-length\=0 -fdiagnostics-show-note-include-stack -fmacro-backtrace-limit\=0 -fno-color-diagnostics -fmodules-prune-interval\=86400 -fmodules-prune-after\=345600 -fbuild-session-file\=/Users/aadityasingh/Library/Developer/Xcode/DerivedData/ModuleCache.noindex/Session.modulevalidation -fmodules-validate-once-per-build-session -Wnon-modular-include-in-framework-module -Werror\=non-modular-include-in-framework-module -Wno-trigraphs -Wno-missing-field-initializers -Wno-missing-prototypes -Wno-return-type -Wno-missing-braces -Wparentheses -Wswitch -Wno-unused-function -Wno-unused-label -Wno-unused-parameter -Wno-unused-variable -Wunused-value -Wno-empty-body -Wno-uninitialized -Wno-unknown-pragmas -w -Wno-shadow -Wno-four-char-constants -Wno-conversion -Wno-constant-conversion -Wno-int-conversion -Wno-bool-conversion -Wno-enum-conversion -Wno-float-conversion -Wno-non-literal-null-conversion -Wno-objc-literal-conversion -Wshorten-64-to-32 -Wpointer-sign -Wno-newline-eof -Wno-implicit-fallthrough -isysroot /Applications/Xcode.app/Contents/Developer/Platforms/iPhoneSimulator.platform/Developer/SDKs/iPhoneSimulator26.4.sdk -fstrict-aliasing -Wdeprecated-declarations -Wno-sign-conversion -Wno-infinite-recursion -Wno-comma -Wno-block-capture-autoreleasing -Wno-strict-prototypes -Wno-semicolon-before-method-body -index-store-path /Users/aadityasingh/Library/Developer/Xcode/DerivedData/Chatlio-erkyzdeecsohoaggpwbjdvavzqfv/Index.noindex/DataStore @/Users/aadityasingh/Library/Developer/Xcode/DerivedData/Chatlio-erkyzdeecsohoaggpwbjdvavzqfv/Build/Intermediates.noindex/PostHog.build/Debug-iphonesimulator/phlibwebp.build/Objects-normal/x86_64/7187679823f38a2a940e0043cdf9d637-common-args.resp -MMD -MT dependencies -MF /Users/aadityasingh/Library/Developer/Xcode/DerivedData/Chatlio-erkyzdeecsohoaggpwbjdvavzqfv/Build/Intermediates.noindex/PostHog.build/Debug-iphonesimulator/phlibwebp.build/Objects-normal/x86_64/dec_sse41.d --serialize-diagnostics /Users/aadityasingh/Library/Developer/Xcode/DerivedData/Chatlio-erkyzdeecsohoaggpwbjdvavzqfv/Build/Intermediates.noindex/PostHog.build/Debug-iphonesimulator/phlibwebp.build/Objects-normal/x86_64/dec_sse41.dia -c /Users/aadityasingh/Library/Developer/Xcode/DerivedData/Chatlio-erkyzdeecsohoaggpwbjdvavzqfv/SourcePackages/checkouts/posthog-ios/vendor/libwebp/dec_sse41.c -o /Users/aadityasingh/Library/Developer/Xcode/DerivedData/Chatlio-erkyzdeecsohoaggpwbjdvavzqfv/Build/Intermediates.noindex/PostHog.build/Debug-iphonesimulator/phlibwebp.build/Objects-normal/x86_64/dec_sse41.o -index-unit-output-path /PostHog.build/Debug-iphonesimulator/phlibwebp.build/Objects-normal/x86_64/dec_sse41.o

ScanDependencies /Users/aadityasingh/Library/Developer/Xcode/DerivedData/Chatlio-erkyzdeecsohoaggpwbjdvavzqfv/Build/Intermediates.noindex/PostHog.build/Debug-iphonesimulator/phlibwebp.build/Objects-normal/x86_64/dec_sse2.o /Users/aadityasingh/Library/Developer/Xcode/DerivedData/Chatlio-erkyzdeecsohoaggpwbjdvavzqfv/SourcePackages/checkouts/posthog-ios/vendor/libwebp/dec_sse2.c normal x86_64 c com.apple.compilers.llvm.clang.1_0.compiler (in target 'phlibwebp' from project 'PostHog')
    cd /Users/aadityasingh/Documents/Development/element-x-ios/Chatlio.xcodeproj
    
    Using response file: /Users/aadityasingh/Library/Developer/Xcode/DerivedData/Chatlio-erkyzdeecsohoaggpwbjdvavzqfv/Build/Intermediates.noindex/PostHog.build/Debug-iphonesimulator/phlibwebp.build/Objects-normal/x86_64/7187679823f38a2a940e0043cdf9d637-common-args.resp
    
    builtin-ScanDependencies -o /Users/aadityasingh/Library/Developer/Xcode/DerivedData/Chatlio-erkyzdeecsohoaggpwbjdvavzqfv/Build/Intermediates.noindex/PostHog.build/Debug-iphonesimulator/phlibwebp.build/Objects-normal/x86_64/dec_sse2.o.scan -- /Applications/Xcode.app/Contents/Developer/Toolchains/XcodeDefault.xctoolchain/usr/bin/clang -x c -ivfsstatcache /Users/aadityasingh/Library/Developer/Xcode/DerivedData/SDKStatCaches.noindex/iphonesimulator26.4-23E252-686eebb5dc1d8ecb277353a59184f4aa.sdkstatcache -target x86_64-apple-ios13.0-simulator -fmessage-length\=0 -fdiagnostics-show-note-include-stack -fmacro-backtrace-limit\=0 -fno-color-diagnostics -fmodules-prune-interval\=86400 -fmodules-prune-after\=345600 -fbuild-session-file\=/Users/aadityasingh/Library/Developer/Xcode/DerivedData/ModuleCache.noindex/Session.modulevalidation -fmodules-validate-once-per-build-session -Wnon-modular-include-in-framework-module -Werror\=non-modular-include-in-framework-module -Wno-trigraphs -Wno-missing-field-initializers -Wno-missing-prototypes -Wno-return-type -Wno-missing-braces -Wparentheses -Wswitch -Wno-unused-function -Wno-unused-label -Wno-unused-parameter -Wno-unused-variable -Wunused-value -Wno-empty-body -Wno-uninitialized -Wno-unknown-pragmas -w -Wno-shadow -Wno-four-char-constants -Wno-conversion -Wno-constant-conversion -Wno-int-conversion -Wno-bool-conversion -Wno-enum-conversion -Wno-float-conversion -Wno-non-literal-null-conversion -Wno-objc-literal-conversion -Wshorten-64-to-32 -Wpointer-sign -Wno-newline-eof -Wno-implicit-fallthrough -isysroot /Applications/Xcode.app/Contents/Developer/Platforms/iPhoneSimulator.platform/Developer/SDKs/iPhoneSimulator26.4.sdk -fstrict-aliasing -Wdeprecated-declarations -Wno-sign-conversion -Wno-infinite-recursion -Wno-comma -Wno-block-capture-autoreleasing -Wno-strict-prototypes -Wno-semicolon-before-method-body -index-store-path /Users/aadityasingh/Library/Developer/Xcode/DerivedData/Chatlio-erkyzdeecsohoaggpwbjdvavzqfv/Index.noindex/DataStore @/Users/aadityasingh/Library/Developer/Xcode/DerivedData/Chatlio-erkyzdeecsohoaggpwbjdvavzqfv/Build/Intermediates.noindex/PostHog.build/Debug-iphonesimulator/phlibwebp.build/Objects-normal/x86_64/7187679823f38a2a940e0043cdf9d637-common-args.resp -MMD -MT dependencies -MF /Users/aadityasingh/Library/Developer/Xcode/DerivedData/Chatlio-erkyzdeecsohoaggpwbjdvavzqfv/Build/Intermediates.noindex/PostHog.build/Debug-iphonesimulator/phlibwebp.build/Objects-normal/x86_64/dec_sse2.d --serialize-diagnostics /Users/aadityasingh/Library/Developer/Xcode/DerivedData/Chatlio-erkyzdeecsohoaggpwbjdvavzqfv/Build/Intermediates.noindex/PostHog.build/Debug-iphonesimulator/phlibwebp.build/Objects-normal/x86_64/dec_sse2.dia -c /Users/aadityasingh/Library/Developer/Xcode/DerivedData/Chatlio-erkyzdeecsohoaggpwbjdvavzqfv/SourcePackages/checkouts/posthog-ios/vendor/libwebp/dec_sse2.c -o /Users/aadityasingh/Library/Developer/Xcode/DerivedData/Chatlio-erkyzdeecsohoaggpwbjdvavzqfv/Build/Intermediates.noindex/PostHog.build/Debug-iphonesimulator/phlibwebp.build/Objects-normal/x86_64/dec_sse2.o -index-unit-output-path /PostHog.build/Debug-iphonesimulator/phlibwebp.build/Objects-normal/x86_64/dec_sse2.o

ScanDependencies /Users/aadityasingh/Library/Developer/Xcode/DerivedData/Chatlio-erkyzdeecsohoaggpwbjdvavzqfv/Build/Intermediates.noindex/PostHog.build/Debug-iphonesimulator/phlibwebp.build/Objects-normal/x86_64/dec_neon.o /Users/aadityasingh/Library/Developer/Xcode/DerivedData/Chatlio-erkyzdeecsohoaggpwbjdvavzqfv/SourcePackages/checkouts/posthog-ios/vendor/libwebp/dec_neon.c normal x86_64 c com.apple.compilers.llvm.clang.1_0.compiler (in target 'phlibwebp' from project 'PostHog')
    cd /Users/aadityasingh/Documents/Development/element-x-ios/Chatlio.xcodeproj
    
    Using response file: /Users/aadityasingh/Library/Developer/Xcode/DerivedData/Chatlio-erkyzdeecsohoaggpwbjdvavzqfv/Build/Intermediates.noindex/PostHog.build/Debug-iphonesimulator/phlibwebp.build/Objects-normal/x86_64/7187679823f38a2a940e0043cdf9d637-common-args.resp
    
    builtin-ScanDependencies -o /Users/aadityasingh/Library/Developer/Xcode/DerivedData/Chatlio-erkyzdeecsohoaggpwbjdvavzqfv/Build/Intermediates.noindex/PostHog.build/Debug-iphonesimulator/phlibwebp.build/Objects-normal/x86_64/dec_neon.o.scan -- /Applications/Xcode.app/Contents/Developer/Toolchains/XcodeDefault.xctoolchain/usr/bin/clang -x c -ivfsstatcache /Users/aadityasingh/Library/Developer/Xcode/DerivedData/SDKStatCaches.noindex/iphonesimulator26.4-23E252-686eebb5dc1d8ecb277353a59184f4aa.sdkstatcache -target x86_64-apple-ios13.0-simulator -fmessage-length\=0 -fdiagnostics-show-note-include-stack -fmacro-backtrace-limit\=0 -fno-color-diagnostics -fmodules-prune-interval\=86400 -fmodules-prune-after\=345600 -fbuild-session-file\=/Users/aadityasingh/Library/Developer/Xcode/DerivedData/ModuleCache.noindex/Session.modulevalidation -fmodules-validate-once-per-build-session -Wnon-modular-include-in-framework-module -Werror\=non-modular-include-in-framework-module -Wno-trigraphs -Wno-missing-field-initializers -Wno-missing-prototypes -Wno-return-type -Wno-missing-braces -Wparentheses -Wswitch -Wno-unused-function -Wno-unused-label -Wno-unused-parameter -Wno-unused-variable -Wunused-value -Wno-empty-body -Wno-uninitialized -Wno-unknown-pragmas -w -Wno-shadow -Wno-four-char-constants -Wno-conversion -Wno-constant-conversion -Wno-int-conversion -Wno-bool-conversion -Wno-enum-conversion -Wno-float-conversion -Wno-non-literal-null-conversion -Wno-objc-literal-conversion -Wshorten-64-to-32 -Wpointer-sign -Wno-newline-eof -Wno-implicit-fallthrough -isysroot /Applications/Xcode.app/Contents/Developer/Platforms/iPhoneSimulator.platform/Developer/SDKs/iPhoneSimulator26.4.sdk -fstrict-aliasing -Wdeprecated-declarations -Wno-sign-conversion -Wno-infinite-recursion -Wno-comma -Wno-block-capture-autoreleasing -Wno-strict-prototypes -Wno-semicolon-before-method-body -index-store-path /Users/aadityasingh/Library/Developer/Xcode/DerivedData/Chatlio-erkyzdeecsohoaggpwbjdvavzqfv/Index.noindex/DataStore @/Users/aadityasingh/Library/Developer/Xcode/DerivedData/Chatlio-erkyzdeecsohoaggpwbjdvavzqfv/Build/Intermediates.noindex/PostHog.build/Debug-iphonesimulator/phlibwebp.build/Objects-normal/x86_64/7187679823f38a2a940e0043cdf9d637-common-args.resp -MMD -MT dependencies -MF /Users/aadityasingh/Library/Developer/Xcode/DerivedData/Chatlio-erkyzdeecsohoaggpwbjdvavzqfv/Build/Intermediates.noindex/PostHog.build/Debug-iphonesimulator/phlibwebp.build/Objects-normal/x86_64/dec_neon.d --serialize-diagnostics /Users/aadityasingh/Library/Developer/Xcode/DerivedData/Chatlio-erkyzdeecsohoaggpwbjdvavzqfv/Build/Intermediates.noindex/PostHog.build/Debug-iphonesimulator/phlibwebp.build/Objects-normal/x86_64/dec_neon.dia -c /Users/aadityasingh/Library/Developer/Xcode/DerivedData/Chatlio-erkyzdeecsohoaggpwbjdvavzqfv/SourcePackages/checkouts/posthog-ios/vendor/libwebp/dec_neon.c -o /Users/aadityasingh/Library/Developer/Xcode/DerivedData/Chatlio-erkyzdeecsohoaggpwbjdvavzqfv/Build/Intermediates.noindex/PostHog.build/Debug-iphonesimulator/phlibwebp.build/Objects-normal/x86_64/dec_neon.o -index-unit-output-path /PostHog.build/Debug-iphonesimulator/phlibwebp.build/Objects-normal/x86_64/dec_neon.o

ScanDependencies /Users/aadityasingh/Library/Developer/Xcode/DerivedData/Chatlio-erkyzdeecsohoaggpwbjdvavzqfv/Build/Intermediates.noindex/PostHog.build/Debug-iphonesimulator/phlibwebp.build/Objects-normal/x86_64/dec_clip_tables.o /Users/aadityasingh/Library/Developer/Xcode/DerivedData/Chatlio-erkyzdeecsohoaggpwbjdvavzqfv/SourcePackages/checkouts/posthog-ios/vendor/libwebp/dec_clip_tables.c normal x86_64 c com.apple.compilers.llvm.clang.1_0.compiler (in target 'phlibwebp' from project 'PostHog')
    cd /Users/aadityasingh/Documents/Development/element-x-ios/Chatlio.xcodeproj
    
    Using response file: /Users/aadityasingh/Library/Developer/Xcode/DerivedData/Chatlio-erkyzdeecsohoaggpwbjdvavzqfv/Build/Intermediates.noindex/PostHog.build/Debug-iphonesimulator/phlibwebp.build/Objects-normal/x86_64/7187679823f38a2a940e0043cdf9d637-common-args.resp
    
    builtin-ScanDependencies -o /Users/aadityasingh/Library/Developer/Xcode/DerivedData/Chatlio-erkyzdeecsohoaggpwbjdvavzqfv/Build/Intermediates.noindex/PostHog.build/Debug-iphonesimulator/phlibwebp.build/Objects-normal/x86_64/dec_clip_tables.o.scan -- /Applications/Xcode.app/Contents/Developer/Toolchains/XcodeDefault.xctoolchain/usr/bin/clang -x c -ivfsstatcache /Users/aadityasingh/Library/Developer/Xcode/DerivedData/SDKStatCaches.noindex/iphonesimulator26.4-23E252-686eebb5dc1d8ecb277353a59184f4aa.sdkstatcache -target x86_64-apple-ios13.0-simulator -fmessage-length\=0 -fdiagnostics-show-note-include-stack -fmacro-backtrace-limit\=0 -fno-color-diagnostics -fmodules-prune-interval\=86400 -fmodules-prune-after\=345600 -fbuild-session-file\=/Users/aadityasingh/Library/Developer/Xcode/DerivedData/ModuleCache.noindex/Session.modulevalidation -fmodules-validate-once-per-build-session -Wnon-modular-include-in-framework-module -Werror\=non-modular-include-in-framework-module -Wno-trigraphs -Wno-missing-field-initializers -Wno-missing-prototypes -Wno-return-type -Wno-missing-braces -Wparentheses -Wswitch -Wno-unused-function -Wno-unused-label -Wno-unused-parameter -Wno-unused-variable -Wunused-value -Wno-empty-body -Wno-uninitialized -Wno-unknown-pragmas -w -Wno-shadow -Wno-four-char-constants -Wno-conversion -Wno-constant-conversion -Wno-int-conversion -Wno-bool-conversion -Wno-enum-conversion -Wno-float-conversion -Wno-non-literal-null-conversion -Wno-objc-literal-conversion -Wshorten-64-to-32 -Wpointer-sign -Wno-newline-eof -Wno-implicit-fallthrough -isysroot /Applications/Xcode.app/Contents/Developer/Platforms/iPhoneSimulator.platform/Developer/SDKs/iPhoneSimulator26.4.sdk -fstrict-aliasing -Wdeprecated-declarations -Wno-sign-conversion -Wno-infinite-recursion -Wno-comma -Wno-block-capture-autoreleasing -Wno-strict-prototypes -Wno-semicolon-before-method-body -index-store-path /Users/aadityasingh/Library/Developer/Xcode/DerivedData/Chatlio-erkyzdeecsohoaggpwbjdvavzqfv/Index.noindex/DataStore @/Users/aadityasingh/Library/Developer/Xcode/DerivedData/Chatlio-erkyzdeecsohoaggpwbjdvavzqfv/Build/Intermediates.noindex/PostHog.build/Debug-iphonesimulator/phlibwebp.build/Objects-normal/x86_64/7187679823f38a2a940e0043cdf9d637-common-args.resp -MMD -MT dependencies -MF /Users/aadityasingh/Library/Developer/Xcode/DerivedData/Chatlio-erkyzdeecsohoaggpwbjdvavzqfv/Build/Intermediates.noindex/PostHog.build/Debug-iphonesimulator/phlibwebp.build/Objects-normal/x86_64/dec_clip_tables.d --serialize-diagnostics /Users/aadityasingh/Library/Developer/Xcode/DerivedData/Chatlio-erkyzdeecsohoaggpwbjdvavzqfv/Build/Intermediates.noindex/PostHog.build/Debug-iphonesimulator/phlibwebp.build/Objects-normal/x86_64/dec_clip_tables.dia -c /Users/aadityasingh/Library/Developer/Xcode/DerivedData/Chatlio-erkyzdeecsohoaggpwbjdvavzqfv/SourcePackages/checkouts/posthog-ios/vendor/libwebp/dec_clip_tables.c -o /Users/aadityasingh/Library/Developer/Xcode/DerivedData/Chatlio-erkyzdeecsohoaggpwbjdvavzqfv/Build/Intermediates.noindex/PostHog.build/Debug-iphonesimulator/phlibwebp.build/Objects-normal/x86_64/dec_clip_tables.o -index-unit-output-path /PostHog.build/Debug-iphonesimulator/phlibwebp.build/Objects-normal/x86_64/dec_clip_tables.o

ScanDependencies /Users/aadityasingh/Library/Developer/Xcode/DerivedData/Chatlio-erkyzdeecsohoaggpwbjdvavzqfv/Build/Intermediates.noindex/PostHog.build/Debug-iphonesimulator/phlibwebp.build/Objects-normal/x86_64/dec.o /Users/aadityasingh/Library/Developer/Xcode/DerivedData/Chatlio-erkyzdeecsohoaggpwbjdvavzqfv/SourcePackages/checkouts/posthog-ios/vendor/libwebp/dec.c normal x86_64 c com.apple.compilers.llvm.clang.1_0.compiler (in target 'phlibwebp' from project 'PostHog')
    cd /Users/aadityasingh/Documents/Development/element-x-ios/Chatlio.xcodeproj
    
    Using response file: /Users/aadityasingh/Library/Developer/Xcode/DerivedData/Chatlio-erkyzdeecsohoaggpwbjdvavzqfv/Build/Intermediates.noindex/PostHog.build/Debug-iphonesimulator/phlibwebp.build/Objects-normal/x86_64/7187679823f38a2a940e0043cdf9d637-common-args.resp
    
    builtin-ScanDependencies -o /Users/aadityasingh/Library/Developer/Xcode/DerivedData/Chatlio-erkyzdeecsohoaggpwbjdvavzqfv/Build/Intermediates.noindex/PostHog.build/Debug-iphonesimulator/phlibwebp.build/Objects-normal/x86_64/dec.o.scan -- /Applications/Xcode.app/Contents/Developer/Toolchains/XcodeDefault.xctoolchain/usr/bin/clang -x c -ivfsstatcache /Users/aadityasingh/Library/Developer/Xcode/DerivedData/SDKStatCaches.noindex/iphonesimulator26.4-23E252-686eebb5dc1d8ecb277353a59184f4aa.sdkstatcache -target x86_64-apple-ios13.0-simulator -fmessage-length\=0 -fdiagnostics-show-note-include-stack -fmacro-backtrace-limit\=0 -fno-color-diagnostics -fmodules-prune-interval\=86400 -fmodules-prune-after\=345600 -fbuild-session-file\=/Users/aadityasingh/Library/Developer/Xcode/DerivedData/ModuleCache.noindex/Session.modulevalidation -fmodules-validate-once-per-build-session -Wnon-modular-include-in-framework-module -Werror\=non-modular-include-in-framework-module -Wno-trigraphs -Wno-missing-field-initializers -Wno-missing-prototypes -Wno-return-type -Wno-missing-braces -Wparentheses -Wswitch -Wno-unused-function -Wno-unused-label -Wno-unused-parameter -Wno-unused-variable -Wunused-value -Wno-empty-body -Wno-uninitialized -Wno-unknown-pragmas -w -Wno-shadow -Wno-four-char-constants -Wno-conversion -Wno-constant-conversion -Wno-int-conversion -Wno-bool-conversion -Wno-enum-conversion -Wno-float-conversion -Wno-non-literal-null-conversion -Wno-objc-literal-conversion -Wshorten-64-to-32 -Wpointer-sign -Wno-newline-eof -Wno-implicit-fallthrough -isysroot /Applications/Xcode.app/Contents/Developer/Platforms/iPhoneSimulator.platform/Developer/SDKs/iPhoneSimulator26.4.sdk -fstrict-aliasing -Wdeprecated-declarations -Wno-sign-conversion -Wno-infinite-recursion -Wno-comma -Wno-block-capture-autoreleasing -Wno-strict-prototypes -Wno-semicolon-before-method-body -index-store-path /Users/aadityasingh/Library/Developer/Xcode/DerivedData/Chatlio-erkyzdeecsohoaggpwbjdvavzqfv/Index.noindex/DataStore @/Users/aadityasingh/Library/Developer/Xcode/DerivedData/Chatlio-erkyzdeecsohoaggpwbjdvavzqfv/Build/Intermediates.noindex/PostHog.build/Debug-iphonesimulator/phlibwebp.build/Objects-normal/x86_64/7187679823f38a2a940e0043cdf9d637-common-args.resp -MMD -MT dependencies -MF /Users/aadityasingh/Library/Developer/Xcode/DerivedData/Chatlio-erkyzdeecsohoaggpwbjdvavzqfv/Build/Intermediates.noindex/PostHog.build/Debug-iphonesimulator/phlibwebp.build/Objects-normal/x86_64/dec.d --serialize-diagnostics /Users/aadityasingh/Library/Developer/Xcode/DerivedData/Chatlio-erkyzdeecsohoaggpwbjdvavzqfv/Build/Intermediates.noindex/PostHog.build/Debug-iphonesimulator/phlibwebp.build/Objects-normal/x86_64/dec.dia -c /Users/aadityasingh/Library/Developer/Xcode/DerivedData/Chatlio-erkyzdeecsohoaggpwbjdvavzqfv/SourcePackages/checkouts/posthog-ios/vendor/libwebp/dec.c -o /Users/aadityasingh/Library/Developer/Xcode/DerivedData/Chatlio-erkyzdeecsohoaggpwbjdvavzqfv/Build/Intermediates.noindex/PostHog.build/Debug-iphonesimulator/phlibwebp.build/Objects-normal/x86_64/dec.o -index-unit-output-path /PostHog.build/Debug-iphonesimulator/phlibwebp.build/Objects-normal/x86_64/dec.o

ScanDependencies /Users/aadityasingh/Library/Developer/Xcode/DerivedData/Chatlio-erkyzdeecsohoaggpwbjdvavzqfv/Build/Intermediates.noindex/PostHog.build/Debug-iphonesimulator/phlibwebp.build/Objects-normal/x86_64/cpu.o /Users/aadityasingh/Library/Developer/Xcode/DerivedData/Chatlio-erkyzdeecsohoaggpwbjdvavzqfv/SourcePackages/checkouts/posthog-ios/vendor/libwebp/cpu.c normal x86_64 c com.apple.compilers.llvm.clang.1_0.compiler (in target 'phlibwebp' from project 'PostHog')
    cd /Users/aadityasingh/Documents/Development/element-x-ios/Chatlio.xcodeproj
    
    Using response file: /Users/aadityasingh/Library/Developer/Xcode/DerivedData/Chatlio-erkyzdeecsohoaggpwbjdvavzqfv/Build/Intermediates.noindex/PostHog.build/Debug-iphonesimulator/phlibwebp.build/Objects-normal/x86_64/7187679823f38a2a940e0043cdf9d637-common-args.resp
    
    builtin-ScanDependencies -o /Users/aadityasingh/Library/Developer/Xcode/DerivedData/Chatlio-erkyzdeecsohoaggpwbjdvavzqfv/Build/Intermediates.noindex/PostHog.build/Debug-iphonesimulator/phlibwebp.build/Objects-normal/x86_64/cpu.o.scan -- /Applications/Xcode.app/Contents/Developer/Toolchains/XcodeDefault.xctoolchain/usr/bin/clang -x c -ivfsstatcache /Users/aadityasingh/Library/Developer/Xcode/DerivedData/SDKStatCaches.noindex/iphonesimulator26.4-23E252-686eebb5dc1d8ecb277353a59184f4aa.sdkstatcache -target x86_64-apple-ios13.0-simulator -fmessage-length\=0 -fdiagnostics-show-note-include-stack -fmacro-backtrace-limit\=0 -fno-color-diagnostics -fmodules-prune-interval\=86400 -fmodules-prune-after\=345600 -fbuild-session-file\=/Users/aadityasingh/Library/Developer/Xcode/DerivedData/ModuleCache.noindex/Session.modulevalidation -fmodules-validate-once-per-build-session -Wnon-modular-include-in-framework-module -Werror\=non-modular-include-in-framework-module -Wno-trigraphs -Wno-missing-field-initializers -Wno-missing-prototypes -Wno-return-type -Wno-missing-braces -Wparentheses -Wswitch -Wno-unused-function -Wno-unused-label -Wno-unused-parameter -Wno-unused-variable -Wunused-value -Wno-empty-body -Wno-uninitialized -Wno-unknown-pragmas -w -Wno-shadow -Wno-four-char-constants -Wno-conversion -Wno-constant-conversion -Wno-int-conversion -Wno-bool-conversion -Wno-enum-conversion -Wno-float-conversion -Wno-non-literal-null-conversion -Wno-objc-literal-conversion -Wshorten-64-to-32 -Wpointer-sign -Wno-newline-eof -Wno-implicit-fallthrough -isysroot /Applications/Xcode.app/Contents/Developer/Platforms/iPhoneSimulator.platform/Developer/SDKs/iPhoneSimulator26.4.sdk -fstrict-aliasing -Wdeprecated-declarations -Wno-sign-conversion -Wno-infinite-recursion -Wno-comma -Wno-block-capture-autoreleasing -Wno-strict-prototypes -Wno-semicolon-before-method-body -index-store-path /Users/aadityasingh/Library/Developer/Xcode/DerivedData/Chatlio-erkyzdeecsohoaggpwbjdvavzqfv/Index.noindex/DataStore @/Users/aadityasingh/Library/Developer/Xcode/DerivedData/Chatlio-erkyzdeecsohoaggpwbjdvavzqfv/Build/Intermediates.noindex/PostHog.build/Debug-iphonesimulator/phlibwebp.build/Objects-normal/x86_64/7187679823f38a2a940e0043cdf9d637-common-args.resp -MMD -MT dependencies -MF /Users/aadityasingh/Library/Developer/Xcode/DerivedData/Chatlio-erkyzdeecsohoaggpwbjdvavzqfv/Build/Intermediates.noindex/PostHog.build/Debug-iphonesimulator/phlibwebp.build/Objects-normal/x86_64/cpu.d --serialize-diagnostics /Users/aadityasingh/Library/Developer/Xcode/DerivedData/Chatlio-erkyzdeecsohoaggpwbjdvavzqfv/Build/Intermediates.noindex/PostHog.build/Debug-iphonesimulator/phlibwebp.build/Objects-normal/x86_64/cpu.dia -c /Users/aadityasingh/Library/Developer/Xcode/DerivedData/Chatlio-erkyzdeecsohoaggpwbjdvavzqfv/SourcePackages/checkouts/posthog-ios/vendor/libwebp/cpu.c -o /Users/aadityasingh/Library/Developer/Xcode/DerivedData/Chatlio-erkyzdeecsohoaggpwbjdvavzqfv/Build/Intermediates.noindex/PostHog.build/Debug-iphonesimulator/phlibwebp.build/Objects-normal/x86_64/cpu.o -index-unit-output-path /PostHog.build/Debug-iphonesimulator/phlibwebp.build/Objects-normal/x86_64/cpu.o

ScanDependencies /Users/aadityasingh/Library/Developer/Xcode/DerivedData/Chatlio-erkyzdeecsohoaggpwbjdvavzqfv/Build/Intermediates.noindex/PostHog.build/Debug-iphonesimulator/phlibwebp.build/Objects-normal/x86_64/cost_sse2.o /Users/aadityasingh/Library/Developer/Xcode/DerivedData/Chatlio-erkyzdeecsohoaggpwbjdvavzqfv/SourcePackages/checkouts/posthog-ios/vendor/libwebp/cost_sse2.c normal x86_64 c com.apple.compilers.llvm.clang.1_0.compiler (in target 'phlibwebp' from project 'PostHog')
    cd /Users/aadityasingh/Documents/Development/element-x-ios/Chatlio.xcodeproj
    
    Using response file: /Users/aadityasingh/Library/Developer/Xcode/DerivedData/Chatlio-erkyzdeecsohoaggpwbjdvavzqfv/Build/Intermediates.noindex/PostHog.build/Debug-iphonesimulator/phlibwebp.build/Objects-normal/x86_64/7187679823f38a2a940e0043cdf9d637-common-args.resp
    
    builtin-ScanDependencies -o /Users/aadityasingh/Library/Developer/Xcode/DerivedData/Chatlio-erkyzdeecsohoaggpwbjdvavzqfv/Build/Intermediates.noindex/PostHog.build/Debug-iphonesimulator/phlibwebp.build/Objects-normal/x86_64/cost_sse2.o.scan -- /Applications/Xcode.app/Contents/Developer/Toolchains/XcodeDefault.xctoolchain/usr/bin/clang -x c -ivfsstatcache /Users/aadityasingh/Library/Developer/Xcode/DerivedData/SDKStatCaches.noindex/iphonesimulator26.4-23E252-686eebb5dc1d8ecb277353a59184f4aa.sdkstatcache -target x86_64-apple-ios13.0-simulator -fmessage-length\=0 -fdiagnostics-show-note-include-stack -fmacro-backtrace-limit\=0 -fno-color-diagnostics -fmodules-prune-interval\=86400 -fmodules-prune-after\=345600 -fbuild-session-file\=/Users/aadityasingh/Library/Developer/Xcode/DerivedData/ModuleCache.noindex/Session.modulevalidation -fmodules-validate-once-per-build-session -Wnon-modular-include-in-framework-module -Werror\=non-modular-include-in-framework-module -Wno-trigraphs -Wno-missing-field-initializers -Wno-missing-prototypes -Wno-return-type -Wno-missing-braces -Wparentheses -Wswitch -Wno-unused-function -Wno-unused-label -Wno-unused-parameter -Wno-unused-variable -Wunused-value -Wno-empty-body -Wno-uninitialized -Wno-unknown-pragmas -w -Wno-shadow -Wno-four-char-constants -Wno-conversion -Wno-constant-conversion -Wno-int-conversion -Wno-bool-conversion -Wno-enum-conversion -Wno-float-conversion -Wno-non-literal-null-conversion -Wno-objc-literal-conversion -Wshorten-64-to-32 -Wpointer-sign -Wno-newline-eof -Wno-implicit-fallthrough -isysroot /Applications/Xcode.app/Contents/Developer/Platforms/iPhoneSimulator.platform/Developer/SDKs/iPhoneSimulator26.4.sdk -fstrict-aliasing -Wdeprecated-declarations -Wno-sign-conversion -Wno-infinite-recursion -Wno-comma -Wno-block-capture-autoreleasing -Wno-strict-prototypes -Wno-semicolon-before-method-body -index-store-path /Users/aadityasingh/Library/Developer/Xcode/DerivedData/Chatlio-erkyzdeecsohoaggpwbjdvavzqfv/Index.noindex/DataStore @/Users/aadityasingh/Library/Developer/Xcode/DerivedData/Chatlio-erkyzdeecsohoaggpwbjdvavzqfv/Build/Intermediates.noindex/PostHog.build/Debug-iphonesimulator/phlibwebp.build/Objects-normal/x86_64/7187679823f38a2a940e0043cdf9d637-common-args.resp -MMD -MT dependencies -MF /Users/aadityasingh/Library/Developer/Xcode/DerivedData/Chatlio-erkyzdeecsohoaggpwbjdvavzqfv/Build/Intermediates.noindex/PostHog.build/Debug-iphonesimulator/phlibwebp.build/Objects-normal/x86_64/cost_sse2.d --serialize-diagnostics /Users/aadityasingh/Library/Developer/Xcode/DerivedData/Chatlio-erkyzdeecsohoaggpwbjdvavzqfv/Build/Intermediates.noindex/PostHog.build/Debug-iphonesimulator/phlibwebp.build/Objects-normal/x86_64/cost_sse2.dia -c /Users/aadityasingh/Library/Developer/Xcode/DerivedData/Chatlio-erkyzdeecsohoaggpwbjdvavzqfv/SourcePackages/checkouts/posthog-ios/vendor/libwebp/cost_sse2.c -o /Users/aadityasingh/Library/Developer/Xcode/DerivedData/Chatlio-erkyzdeecsohoaggpwbjdvavzqfv/Build/Intermediates.noindex/PostHog.build/Debug-iphonesimulator/phlibwebp.build/Objects-normal/x86_64/cost_sse2.o -index-unit-output-path /PostHog.build/Debug-iphonesimulator/phlibwebp.build/Objects-normal/x86_64/cost_sse2.o

ScanDependencies /Users/aadityasingh/Library/Developer/Xcode/DerivedData/Chatlio-erkyzdeecsohoaggpwbjdvavzqfv/Build/Intermediates.noindex/PostHog.build/Debug-iphonesimulator/phlibwebp.build/Objects-normal/x86_64/cost_neon.o /Users/aadityasingh/Library/Developer/Xcode/DerivedData/Chatlio-erkyzdeecsohoaggpwbjdvavzqfv/SourcePackages/checkouts/posthog-ios/vendor/libwebp/cost_neon.c normal x86_64 c com.apple.compilers.llvm.clang.1_0.compiler (in target 'phlibwebp' from project 'PostHog')
    cd /Users/aadityasingh/Documents/Development/element-x-ios/Chatlio.xcodeproj
    
    Using response file: /Users/aadityasingh/Library/Developer/Xcode/DerivedData/Chatlio-erkyzdeecsohoaggpwbjdvavzqfv/Build/Intermediates.noindex/PostHog.build/Debug-iphonesimulator/phlibwebp.build/Objects-normal/x86_64/7187679823f38a2a940e0043cdf9d637-common-args.resp
    
    builtin-ScanDependencies -o /Users/aadityasingh/Library/Developer/Xcode/DerivedData/Chatlio-erkyzdeecsohoaggpwbjdvavzqfv/Build/Intermediates.noindex/PostHog.build/Debug-iphonesimulator/phlibwebp.build/Objects-normal/x86_64/cost_neon.o.scan -- /Applications/Xcode.app/Contents/Developer/Toolchains/XcodeDefault.xctoolchain/usr/bin/clang -x c -ivfsstatcache /Users/aadityasingh/Library/Developer/Xcode/DerivedData/SDKStatCaches.noindex/iphonesimulator26.4-23E252-686eebb5dc1d8ecb277353a59184f4aa.sdkstatcache -target x86_64-apple-ios13.0-simulator -fmessage-length\=0 -fdiagnostics-show-note-include-stack -fmacro-backtrace-limit\=0 -fno-color-diagnostics -fmodules-prune-interval\=86400 -fmodules-prune-after\=345600 -fbuild-session-file\=/Users/aadityasingh/Library/Developer/Xcode/DerivedData/ModuleCache.noindex/Session.modulevalidation -fmodules-validate-once-per-build-session -Wnon-modular-include-in-framework-module -Werror\=non-modular-include-in-framework-module -Wno-trigraphs -Wno-missing-field-initializers -Wno-missing-prototypes -Wno-return-type -Wno-missing-braces -Wparentheses -Wswitch -Wno-unused-function -Wno-unused-label -Wno-unused-parameter -Wno-unused-variable -Wunused-value -Wno-empty-body -Wno-uninitialized -Wno-unknown-pragmas -w -Wno-shadow -Wno-four-char-constants -Wno-conversion -Wno-constant-conversion -Wno-int-conversion -Wno-bool-conversion -Wno-enum-conversion -Wno-float-conversion -Wno-non-literal-null-conversion -Wno-objc-literal-conversion -Wshorten-64-to-32 -Wpointer-sign -Wno-newline-eof -Wno-implicit-fallthrough -isysroot /Applications/Xcode.app/Contents/Developer/Platforms/iPhoneSimulator.platform/Developer/SDKs/iPhoneSimulator26.4.sdk -fstrict-aliasing -Wdeprecated-declarations -Wno-sign-conversion -Wno-infinite-recursion -Wno-comma -Wno-block-capture-autoreleasing -Wno-strict-prototypes -Wno-semicolon-before-method-body -index-store-path /Users/aadityasingh/Library/Developer/Xcode/DerivedData/Chatlio-erkyzdeecsohoaggpwbjdvavzqfv/Index.noindex/DataStore @/Users/aadityasingh/Library/Developer/Xcode/DerivedData/Chatlio-erkyzdeecsohoaggpwbjdvavzqfv/Build/Intermediates.noindex/PostHog.build/Debug-iphonesimulator/phlibwebp.build/Objects-normal/x86_64/7187679823f38a2a940e0043cdf9d637-common-args.resp -MMD -MT dependencies -MF /Users/aadityasingh/Library/Developer/Xcode/DerivedData/Chatlio-erkyzdeecsohoaggpwbjdvavzqfv/Build/Intermediates.noindex/PostHog.build/Debug-iphonesimulator/phlibwebp.build/Objects-normal/x86_64/cost_neon.d --serialize-diagnostics /Users/aadityasingh/Library/Developer/Xcode/DerivedData/Chatlio-erkyzdeecsohoaggpwbjdvavzqfv/Build/Intermediates.noindex/PostHog.build/Debug-iphonesimulator/phlibwebp.build/Objects-normal/x86_64/cost_neon.dia -c /Users/aadityasingh/Library/Developer/Xcode/DerivedData/Chatlio-erkyzdeecsohoaggpwbjdvavzqfv/SourcePackages/checkouts/posthog-ios/vendor/libwebp/cost_neon.c -o /Users/aadityasingh/Library/Developer/Xcode/DerivedData/Chatlio-erkyzdeecsohoaggpwbjdvavzqfv/Build/Intermediates.noindex/PostHog.build/Debug-iphonesimulator/phlibwebp.build/Objects-normal/x86_64/cost_neon.o -index-unit-output-path /PostHog.build/Debug-iphonesimulator/phlibwebp.build/Objects-normal/x86_64/cost_neon.o

ScanDependencies /Users/aadityasingh/Library/Developer/Xcode/DerivedData/Chatlio-erkyzdeecsohoaggpwbjdvavzqfv/Build/Intermediates.noindex/PostHog.build/Debug-iphonesimulator/phlibwebp.build/Objects-normal/x86_64/cost_enc.o /Users/aadityasingh/Library/Developer/Xcode/DerivedData/Chatlio-erkyzdeecsohoaggpwbjdvavzqfv/SourcePackages/checkouts/posthog-ios/vendor/libwebp/cost_enc.c normal x86_64 c com.apple.compilers.llvm.clang.1_0.compiler (in target 'phlibwebp' from project 'PostHog')
    cd /Users/aadityasingh/Documents/Development/element-x-ios/Chatlio.xcodeproj
    
    Using response file: /Users/aadityasingh/Library/Developer/Xcode/DerivedData/Chatlio-erkyzdeecsohoaggpwbjdvavzqfv/Build/Intermediates.noindex/PostHog.build/Debug-iphonesimulator/phlibwebp.build/Objects-normal/x86_64/7187679823f38a2a940e0043cdf9d637-common-args.resp
    
    builtin-ScanDependencies -o /Users/aadityasingh/Library/Developer/Xcode/DerivedData/Chatlio-erkyzdeecsohoaggpwbjdvavzqfv/Build/Intermediates.noindex/PostHog.build/Debug-iphonesimulator/phlibwebp.build/Objects-normal/x86_64/cost_enc.o.scan -- /Applications/Xcode.app/Contents/Developer/Toolchains/XcodeDefault.xctoolchain/usr/bin/clang -x c -ivfsstatcache /Users/aadityasingh/Library/Developer/Xcode/DerivedData/SDKStatCaches.noindex/iphonesimulator26.4-23E252-686eebb5dc1d8ecb277353a59184f4aa.sdkstatcache -target x86_64-apple-ios13.0-simulator -fmessage-length\=0 -fdiagnostics-show-note-include-stack -fmacro-backtrace-limit\=0 -fno-color-diagnostics -fmodules-prune-interval\=86400 -fmodules-prune-after\=345600 -fbuild-session-file\=/Users/aadityasingh/Library/Developer/Xcode/DerivedData/ModuleCache.noindex/Session.modulevalidation -fmodules-validate-once-per-build-session -Wnon-modular-include-in-framework-module -Werror\=non-modular-include-in-framework-module -Wno-trigraphs -Wno-missing-field-initializers -Wno-missing-prototypes -Wno-return-type -Wno-missing-braces -Wparentheses -Wswitch -Wno-unused-function -Wno-unused-label -Wno-unused-parameter -Wno-unused-variable -Wunused-value -Wno-empty-body -Wno-uninitialized -Wno-unknown-pragmas -w -Wno-shadow -Wno-four-char-constants -Wno-conversion -Wno-constant-conversion -Wno-int-conversion -Wno-bool-conversion -Wno-enum-conversion -Wno-float-conversion -Wno-non-literal-null-conversion -Wno-objc-literal-conversion -Wshorten-64-to-32 -Wpointer-sign -Wno-newline-eof -Wno-implicit-fallthrough -isysroot /Applications/Xcode.app/Contents/Developer/Platforms/iPhoneSimulator.platform/Developer/SDKs/iPhoneSimulator26.4.sdk -fstrict-aliasing -Wdeprecated-declarations -Wno-sign-conversion -Wno-infinite-recursion -Wno-comma -Wno-block-capture-autoreleasing -Wno-strict-prototypes -Wno-semicolon-before-method-body -index-store-path /Users/aadityasingh/Library/Developer/Xcode/DerivedData/Chatlio-erkyzdeecsohoaggpwbjdvavzqfv/Index.noindex/DataStore @/Users/aadityasingh/Library/Developer/Xcode/DerivedData/Chatlio-erkyzdeecsohoaggpwbjdvavzqfv/Build/Intermediates.noindex/PostHog.build/Debug-iphonesimulator/phlibwebp.build/Objects-normal/x86_64/7187679823f38a2a940e0043cdf9d637-common-args.resp -MMD -MT dependencies -MF /Users/aadityasingh/Library/Developer/Xcode/DerivedData/Chatlio-erkyzdeecsohoaggpwbjdvavzqfv/Build/Intermediates.noindex/PostHog.build/Debug-iphonesimulator/phlibwebp.build/Objects-normal/x86_64/cost_enc.d --serialize-diagnostics /Users/aadityasingh/Library/Developer/Xcode/DerivedData/Chatlio-erkyzdeecsohoaggpwbjdvavzqfv/Build/Intermediates.noindex/PostHog.build/Debug-iphonesimulator/phlibwebp.build/Objects-normal/x86_64/cost_enc.dia -c /Users/aadityasingh/Library/Developer/Xcode/DerivedData/Chatlio-erkyzdeecsohoaggpwbjdvavzqfv/SourcePackages/checkouts/posthog-ios/vendor/libwebp/cost_enc.c -o /Users/aadityasingh/Library/Developer/Xcode/DerivedData/Chatlio-erkyzdeecsohoaggpwbjdvavzqfv/Build/Intermediates.noindex/PostHog.build/Debug-iphonesimulator/phlibwebp.build/Objects-normal/x86_64/cost_enc.o -index-unit-output-path /PostHog.build/Debug-iphonesimulator/phlibwebp.build/Objects-normal/x86_64/cost_enc.o

ScanDependencies /Users/aadityasingh/Library/Developer/Xcode/DerivedData/Chatlio-erkyzdeecsohoaggpwbjdvavzqfv/Build/Intermediates.noindex/PostHog.build/Debug-iphonesimulator/phlibwebp.build/Objects-normal/x86_64/cost.o /Users/aadityasingh/Library/Developer/Xcode/DerivedData/Chatlio-erkyzdeecsohoaggpwbjdvavzqfv/SourcePackages/checkouts/posthog-ios/vendor/libwebp/cost.c normal x86_64 c com.apple.compilers.llvm.clang.1_0.compiler (in target 'phlibwebp' from project 'PostHog')
    cd /Users/aadityasingh/Documents/Development/element-x-ios/Chatlio.xcodeproj
    
    Using response file: /Users/aadityasingh/Library/Developer/Xcode/DerivedData/Chatlio-erkyzdeecsohoaggpwbjdvavzqfv/Build/Intermediates.noindex/PostHog.build/Debug-iphonesimulator/phlibwebp.build/Objects-normal/x86_64/7187679823f38a2a940e0043cdf9d637-common-args.resp
    
    builtin-ScanDependencies -o /Users/aadityasingh/Library/Developer/Xcode/DerivedData/Chatlio-erkyzdeecsohoaggpwbjdvavzqfv/Build/Intermediates.noindex/PostHog.build/Debug-iphonesimulator/phlibwebp.build/Objects-normal/x86_64/cost.o.scan -- /Applications/Xcode.app/Contents/Developer/Toolchains/XcodeDefault.xctoolchain/usr/bin/clang -x c -ivfsstatcache /Users/aadityasingh/Library/Developer/Xcode/DerivedData/SDKStatCaches.noindex/iphonesimulator26.4-23E252-686eebb5dc1d8ecb277353a59184f4aa.sdkstatcache -target x86_64-apple-ios13.0-simulator -fmessage-length\=0 -fdiagnostics-show-note-include-stack -fmacro-backtrace-limit\=0 -fno-color-diagnostics -fmodules-prune-interval\=86400 -fmodules-prune-after\=345600 -fbuild-session-file\=/Users/aadityasingh/Library/Developer/Xcode/DerivedData/ModuleCache.noindex/Session.modulevalidation -fmodules-validate-once-per-build-session -Wnon-modular-include-in-framework-module -Werror\=non-modular-include-in-framework-module -Wno-trigraphs -Wno-missing-field-initializers -Wno-missing-prototypes -Wno-return-type -Wno-missing-braces -Wparentheses -Wswitch -Wno-unused-function -Wno-unused-label -Wno-unused-parameter -Wno-unused-variable -Wunused-value -Wno-empty-body -Wno-uninitialized -Wno-unknown-pragmas -w -Wno-shadow -Wno-four-char-constants -Wno-conversion -Wno-constant-conversion -Wno-int-conversion -Wno-bool-conversion -Wno-enum-conversion -Wno-float-conversion -Wno-non-literal-null-conversion -Wno-objc-literal-conversion -Wshorten-64-to-32 -Wpointer-sign -Wno-newline-eof -Wno-implicit-fallthrough -isysroot /Applications/Xcode.app/Contents/Developer/Platforms/iPhoneSimulator.platform/Developer/SDKs/iPhoneSimulator26.4.sdk -fstrict-aliasing -Wdeprecated-declarations -Wno-sign-conversion -Wno-infinite-recursion -Wno-comma -Wno-block-capture-autoreleasing -Wno-strict-prototypes -Wno-semicolon-before-method-body -index-store-path /Users/aadityasingh/Library/Developer/Xcode/DerivedData/Chatlio-erkyzdeecsohoaggpwbjdvavzqfv/Index.noindex/DataStore @/Users/aadityasingh/Library/Developer/Xcode/DerivedData/Chatlio-erkyzdeecsohoaggpwbjdvavzqfv/Build/Intermediates.noindex/PostHog.build/Debug-iphonesimulator/phlibwebp.build/Objects-normal/x86_64/7187679823f38a2a940e0043cdf9d637-common-args.resp -MMD -MT dependencies -MF /Users/aadityasingh/Library/Developer/Xcode/DerivedData/Chatlio-erkyzdeecsohoaggpwbjdvavzqfv/Build/Intermediates.noindex/PostHog.build/Debug-iphonesimulator/phlibwebp.build/Objects-normal/x86_64/cost.d --serialize-diagnostics /Users/aadityasingh/Library/Developer/Xcode/DerivedData/Chatlio-erkyzdeecsohoaggpwbjdvavzqfv/Build/Intermediates.noindex/PostHog.build/Debug-iphonesimulator/phlibwebp.build/Objects-normal/x86_64/cost.dia -c /Users/aadityasingh/Library/Developer/Xcode/DerivedData/Chatlio-erkyzdeecsohoaggpwbjdvavzqfv/SourcePackages/checkouts/posthog-ios/vendor/libwebp/cost.c -o /Users/aadityasingh/Library/Developer/Xcode/DerivedData/Chatlio-erkyzdeecsohoaggpwbjdvavzqfv/Build/Intermediates.noindex/PostHog.build/Debug-iphonesimulator/phlibwebp.build/Objects-normal/x86_64/cost.o -index-unit-output-path /PostHog.build/Debug-iphonesimulator/phlibwebp.build/Objects-normal/x86_64/cost.o

ScanDependencies /Users/aadityasingh/Library/Developer/Xcode/DerivedData/Chatlio-erkyzdeecsohoaggpwbjdvavzqfv/Build/Intermediates.noindex/PostHog.build/Debug-iphonesimulator/phlibwebp.build/Objects-normal/x86_64/config_enc.o /Users/aadityasingh/Library/Developer/Xcode/DerivedData/Chatlio-erkyzdeecsohoaggpwbjdvavzqfv/SourcePackages/checkouts/posthog-ios/vendor/libwebp/config_enc.c normal x86_64 c com.apple.compilers.llvm.clang.1_0.compiler (in target 'phlibwebp' from project 'PostHog')
    cd /Users/aadityasingh/Documents/Development/element-x-ios/Chatlio.xcodeproj
    
    Using response file: /Users/aadityasingh/Library/Developer/Xcode/DerivedData/Chatlio-erkyzdeecsohoaggpwbjdvavzqfv/Build/Intermediates.noindex/PostHog.build/Debug-iphonesimulator/phlibwebp.build/Objects-normal/x86_64/7187679823f38a2a940e0043cdf9d637-common-args.resp
    
    builtin-ScanDependencies -o /Users/aadityasingh/Library/Developer/Xcode/DerivedData/Chatlio-erkyzdeecsohoaggpwbjdvavzqfv/Build/Intermediates.noindex/PostHog.build/Debug-iphonesimulator/phlibwebp.build/Objects-normal/x86_64/config_enc.o.scan -- /Applications/Xcode.app/Contents/Developer/Toolchains/XcodeDefault.xctoolchain/usr/bin/clang -x c -ivfsstatcache /Users/aadityasingh/Library/Developer/Xcode/DerivedData/SDKStatCaches.noindex/iphonesimulator26.4-23E252-686eebb5dc1d8ecb277353a59184f4aa.sdkstatcache -target x86_64-apple-ios13.0-simulator -fmessage-length\=0 -fdiagnostics-show-note-include-stack -fmacro-backtrace-limit\=0 -fno-color-diagnostics -fmodules-prune-interval\=86400 -fmodules-prune-after\=345600 -fbuild-session-file\=/Users/aadityasingh/Library/Developer/Xcode/DerivedData/ModuleCache.noindex/Session.modulevalidation -fmodules-validate-once-per-build-session -Wnon-modular-include-in-framework-module -Werror\=non-modular-include-in-framework-module -Wno-trigraphs -Wno-missing-field-initializers -Wno-missing-prototypes -Wno-return-type -Wno-missing-braces -Wparentheses -Wswitch -Wno-unused-function -Wno-unused-label -Wno-unused-parameter -Wno-unused-variable -Wunused-value -Wno-empty-body -Wno-uninitialized -Wno-unknown-pragmas -w -Wno-shadow -Wno-four-char-constants -Wno-conversion -Wno-constant-conversion -Wno-int-conversion -Wno-bool-conversion -Wno-enum-conversion -Wno-float-conversion -Wno-non-literal-null-conversion -Wno-objc-literal-conversion -Wshorten-64-to-32 -Wpointer-sign -Wno-newline-eof -Wno-implicit-fallthrough -isysroot /Applications/Xcode.app/Contents/Developer/Platforms/iPhoneSimulator.platform/Developer/SDKs/iPhoneSimulator26.4.sdk -fstrict-aliasing -Wdeprecated-declarations -Wno-sign-conversion -Wno-infinite-recursion -Wno-comma -Wno-block-capture-autoreleasing -Wno-strict-prototypes -Wno-semicolon-before-method-body -index-store-path /Users/aadityasingh/Library/Developer/Xcode/DerivedData/Chatlio-erkyzdeecsohoaggpwbjdvavzqfv/Index.noindex/DataStore @/Users/aadityasingh/Library/Developer/Xcode/DerivedData/Chatlio-erkyzdeecsohoaggpwbjdvavzqfv/Build/Intermediates.noindex/PostHog.build/Debug-iphonesimulator/phlibwebp.build/Objects-normal/x86_64/7187679823f38a2a940e0043cdf9d637-common-args.resp -MMD -MT dependencies -MF /Users/aadityasingh/Library/Developer/Xcode/DerivedData/Chatlio-erkyzdeecsohoaggpwbjdvavzqfv/Build/Intermediates.noindex/PostHog.build/Debug-iphonesimulator/phlibwebp.build/Objects-normal/x86_64/config_enc.d --serialize-diagnostics /Users/aadityasingh/Library/Developer/Xcode/DerivedData/Chatlio-erkyzdeecsohoaggpwbjdvavzqfv/Build/Intermediates.noindex/PostHog.build/Debug-iphonesimulator/phlibwebp.build/Objects-normal/x86_64/config_enc.dia -c /Users/aadityasingh/Library/Developer/Xcode/DerivedData/Chatlio-erkyzdeecsohoaggpwbjdvavzqfv/SourcePackages/checkouts/posthog-ios/vendor/libwebp/config_enc.c -o /Users/aadityasingh/Library/Developer/Xcode/DerivedData/Chatlio-erkyzdeecsohoaggpwbjdvavzqfv/Build/Intermediates.noindex/PostHog.build/Debug-iphonesimulator/phlibwebp.build/Objects-normal/x86_64/config_enc.o -index-unit-output-path /PostHog.build/Debug-iphonesimulator/phlibwebp.build/Objects-normal/x86_64/config_enc.o

ScanDependencies /Users/aadityasingh/Library/Developer/Xcode/DerivedData/Chatlio-erkyzdeecsohoaggpwbjdvavzqfv/Build/Intermediates.noindex/PostHog.build/Debug-iphonesimulator/phlibwebp.build/Objects-normal/x86_64/color_cache_utils.o /Users/aadityasingh/Library/Developer/Xcode/DerivedData/Chatlio-erkyzdeecsohoaggpwbjdvavzqfv/SourcePackages/checkouts/posthog-ios/vendor/libwebp/color_cache_utils.c normal x86_64 c com.apple.compilers.llvm.clang.1_0.compiler (in target 'phlibwebp' from project 'PostHog')
    cd /Users/aadityasingh/Documents/Development/element-x-ios/Chatlio.xcodeproj
    
    Using response file: /Users/aadityasingh/Library/Developer/Xcode/DerivedData/Chatlio-erkyzdeecsohoaggpwbjdvavzqfv/Build/Intermediates.noindex/PostHog.build/Debug-iphonesimulator/phlibwebp.build/Objects-normal/x86_64/7187679823f38a2a940e0043cdf9d637-common-args.resp
    
    builtin-ScanDependencies -o /Users/aadityasingh/Library/Developer/Xcode/DerivedData/Chatlio-erkyzdeecsohoaggpwbjdvavzqfv/Build/Intermediates.noindex/PostHog.build/Debug-iphonesimulator/phlibwebp.build/Objects-normal/x86_64/color_cache_utils.o.scan -- /Applications/Xcode.app/Contents/Developer/Toolchains/XcodeDefault.xctoolchain/usr/bin/clang -x c -ivfsstatcache /Users/aadityasingh/Library/Developer/Xcode/DerivedData/SDKStatCaches.noindex/iphonesimulator26.4-23E252-686eebb5dc1d8ecb277353a59184f4aa.sdkstatcache -target x86_64-apple-ios13.0-simulator -fmessage-length\=0 -fdiagnostics-show-note-include-stack -fmacro-backtrace-limit\=0 -fno-color-diagnostics -fmodules-prune-interval\=86400 -fmodules-prune-after\=345600 -fbuild-session-file\=/Users/aadityasingh/Library/Developer/Xcode/DerivedData/ModuleCache.noindex/Session.modulevalidation -fmodules-validate-once-per-build-session -Wnon-modular-include-in-framework-module -Werror\=non-modular-include-in-framework-module -Wno-trigraphs -Wno-missing-field-initializers -Wno-missing-prototypes -Wno-return-type -Wno-missing-braces -Wparentheses -Wswitch -Wno-unused-function -Wno-unused-label -Wno-unused-parameter -Wno-unused-variable -Wunused-value -Wno-empty-body -Wno-uninitialized -Wno-unknown-pragmas -w -Wno-shadow -Wno-four-char-constants -Wno-conversion -Wno-constant-conversion -Wno-int-conversion -Wno-bool-conversion -Wno-enum-conversion -Wno-float-conversion -Wno-non-literal-null-conversion -Wno-objc-literal-conversion -Wshorten-64-to-32 -Wpointer-sign -Wno-newline-eof -Wno-implicit-fallthrough -isysroot /Applications/Xcode.app/Contents/Developer/Platforms/iPhoneSimulator.platform/Developer/SDKs/iPhoneSimulator26.4.sdk -fstrict-aliasing -Wdeprecated-declarations -Wno-sign-conversion -Wno-infinite-recursion -Wno-comma -Wno-block-capture-autoreleasing -Wno-strict-prototypes -Wno-semicolon-before-method-body -index-store-path /Users/aadityasingh/Library/Developer/Xcode/DerivedData/Chatlio-erkyzdeecsohoaggpwbjdvavzqfv/Index.noindex/DataStore @/Users/aadityasingh/Library/Developer/Xcode/DerivedData/Chatlio-erkyzdeecsohoaggpwbjdvavzqfv/Build/Intermediates.noindex/PostHog.build/Debug-iphonesimulator/phlibwebp.build/Objects-normal/x86_64/7187679823f38a2a940e0043cdf9d637-common-args.resp -MMD -MT dependencies -MF /Users/aadityasingh/Library/Developer/Xcode/DerivedData/Chatlio-erkyzdeecsohoaggpwbjdvavzqfv/Build/Intermediates.noindex/PostHog.build/Debug-iphonesimulator/phlibwebp.build/Objects-normal/x86_64/color_cache_utils.d --serialize-diagnostics /Users/aadityasingh/Library/Developer/Xcode/DerivedData/Chatlio-erkyzdeecsohoaggpwbjdvavzqfv/Build/Intermediates.noindex/PostHog.build/Debug-iphonesimulator/phlibwebp.build/Objects-normal/x86_64/color_cache_utils.dia -c /Users/aadityasingh/Library/Developer/Xcode/DerivedData/Chatlio-erkyzdeecsohoaggpwbjdvavzqfv/SourcePackages/checkouts/posthog-ios/vendor/libwebp/color_cache_utils.c -o /Users/aadityasingh/Library/Developer/Xcode/DerivedData/Chatlio-erkyzdeecsohoaggpwbjdvavzqfv/Build/Intermediates.noindex/PostHog.build/Debug-iphonesimulator/phlibwebp.build/Objects-normal/x86_64/color_cache_utils.o -index-unit-output-path /PostHog.build/Debug-iphonesimulator/phlibwebp.build/Objects-normal/x86_64/color_cache_utils.o

ScanDependencies /Users/aadityasingh/Library/Developer/Xcode/DerivedData/Chatlio-erkyzdeecsohoaggpwbjdvavzqfv/Build/Intermediates.noindex/PostHog.build/Debug-iphonesimulator/phlibwebp.build/Objects-normal/x86_64/bit_writer_utils.o /Users/aadityasingh/Library/Developer/Xcode/DerivedData/Chatlio-erkyzdeecsohoaggpwbjdvavzqfv/SourcePackages/checkouts/posthog-ios/vendor/libwebp/bit_writer_utils.c normal x86_64 c com.apple.compilers.llvm.clang.1_0.compiler (in target 'phlibwebp' from project 'PostHog')
    cd /Users/aadityasingh/Documents/Development/element-x-ios/Chatlio.xcodeproj
    
    Using response file: /Users/aadityasingh/Library/Developer/Xcode/DerivedData/Chatlio-erkyzdeecsohoaggpwbjdvavzqfv/Build/Intermediates.noindex/PostHog.build/Debug-iphonesimulator/phlibwebp.build/Objects-normal/x86_64/7187679823f38a2a940e0043cdf9d637-common-args.resp
    
    builtin-ScanDependencies -o /Users/aadityasingh/Library/Developer/Xcode/DerivedData/Chatlio-erkyzdeecsohoaggpwbjdvavzqfv/Build/Intermediates.noindex/PostHog.build/Debug-iphonesimulator/phlibwebp.build/Objects-normal/x86_64/bit_writer_utils.o.scan -- /Applications/Xcode.app/Contents/Developer/Toolchains/XcodeDefault.xctoolchain/usr/bin/clang -x c -ivfsstatcache /Users/aadityasingh/Library/Developer/Xcode/DerivedData/SDKStatCaches.noindex/iphonesimulator26.4-23E252-686eebb5dc1d8ecb277353a59184f4aa.sdkstatcache -target x86_64-apple-ios13.0-simulator -fmessage-length\=0 -fdiagnostics-show-note-include-stack -fmacro-backtrace-limit\=0 -fno-color-diagnostics -fmodules-prune-interval\=86400 -fmodules-prune-after\=345600 -fbuild-session-file\=/Users/aadityasingh/Library/Developer/Xcode/DerivedData/ModuleCache.noindex/Session.modulevalidation -fmodules-validate-once-per-build-session -Wnon-modular-include-in-framework-module -Werror\=non-modular-include-in-framework-module -Wno-trigraphs -Wno-missing-field-initializers -Wno-missing-prototypes -Wno-return-type -Wno-missing-braces -Wparentheses -Wswitch -Wno-unused-function -Wno-unused-label -Wno-unused-parameter -Wno-unused-variable -Wunused-value -Wno-empty-body -Wno-uninitialized -Wno-unknown-pragmas -w -Wno-shadow -Wno-four-char-constants -Wno-conversion -Wno-constant-conversion -Wno-int-conversion -Wno-bool-conversion -Wno-enum-conversion -Wno-float-conversion -Wno-non-literal-null-conversion -Wno-objc-literal-conversion -Wshorten-64-to-32 -Wpointer-sign -Wno-newline-eof -Wno-implicit-fallthrough -isysroot /Applications/Xcode.app/Contents/Developer/Platforms/iPhoneSimulator.platform/Developer/SDKs/iPhoneSimulator26.4.sdk -fstrict-aliasing -Wdeprecated-declarations -Wno-sign-conversion -Wno-infinite-recursion -Wno-comma -Wno-block-capture-autoreleasing -Wno-strict-prototypes -Wno-semicolon-before-method-body -index-store-path /Users/aadityasingh/Library/Developer/Xcode/DerivedData/Chatlio-erkyzdeecsohoaggpwbjdvavzqfv/Index.noindex/DataStore @/Users/aadityasingh/Library/Developer/Xcode/DerivedData/Chatlio-erkyzdeecsohoaggpwbjdvavzqfv/Build/Intermediates.noindex/PostHog.build/Debug-iphonesimulator/phlibwebp.build/Objects-normal/x86_64/7187679823f38a2a940e0043cdf9d637-common-args.resp -MMD -MT dependencies -MF /Users/aadityasingh/Library/Developer/Xcode/DerivedData/Chatlio-erkyzdeecsohoaggpwbjdvavzqfv/Build/Intermediates.noindex/PostHog.build/Debug-iphonesimulator/phlibwebp.build/Objects-normal/x86_64/bit_writer_utils.d --serialize-diagnostics /Users/aadityasingh/Library/Developer/Xcode/DerivedData/Chatlio-erkyzdeecsohoaggpwbjdvavzqfv/Build/Intermediates.noindex/PostHog.build/Debug-iphonesimulator/phlibwebp.build/Objects-normal/x86_64/bit_writer_utils.dia -c /Users/aadityasingh/Library/Developer/Xcode/DerivedData/Chatlio-erkyzdeecsohoaggpwbjdvavzqfv/SourcePackages/checkouts/posthog-ios/vendor/libwebp/bit_writer_utils.c -o /Users/aadityasingh/Library/Developer/Xcode/DerivedData/Chatlio-erkyzdeecsohoaggpwbjdvavzqfv/Build/Intermediates.noindex/PostHog.build/Debug-iphonesimulator/phlibwebp.build/Objects-normal/x86_64/bit_writer_utils.o -index-unit-output-path /PostHog.build/Debug-iphonesimulator/phlibwebp.build/Objects-normal/x86_64/bit_writer_utils.o

ScanDependencies /Users/aadityasingh/Library/Developer/Xcode/DerivedData/Chatlio-erkyzdeecsohoaggpwbjdvavzqfv/Build/Intermediates.noindex/PostHog.build/Debug-iphonesimulator/phlibwebp.build/Objects-normal/x86_64/bit_reader_utils.o /Users/aadityasingh/Library/Developer/Xcode/DerivedData/Chatlio-erkyzdeecsohoaggpwbjdvavzqfv/SourcePackages/checkouts/posthog-ios/vendor/libwebp/bit_reader_utils.c normal x86_64 c com.apple.compilers.llvm.clang.1_0.compiler (in target 'phlibwebp' from project 'PostHog')
    cd /Users/aadityasingh/Documents/Development/element-x-ios/Chatlio.xcodeproj
    
    Using response file: /Users/aadityasingh/Library/Developer/Xcode/DerivedData/Chatlio-erkyzdeecsohoaggpwbjdvavzqfv/Build/Intermediates.noindex/PostHog.build/Debug-iphonesimulator/phlibwebp.build/Objects-normal/x86_64/7187679823f38a2a940e0043cdf9d637-common-args.resp
    
    builtin-ScanDependencies -o /Users/aadityasingh/Library/Developer/Xcode/DerivedData/Chatlio-erkyzdeecsohoaggpwbjdvavzqfv/Build/Intermediates.noindex/PostHog.build/Debug-iphonesimulator/phlibwebp.build/Objects-normal/x86_64/bit_reader_utils.o.scan -- /Applications/Xcode.app/Contents/Developer/Toolchains/XcodeDefault.xctoolchain/usr/bin/clang -x c -ivfsstatcache /Users/aadityasingh/Library/Developer/Xcode/DerivedData/SDKStatCaches.noindex/iphonesimulator26.4-23E252-686eebb5dc1d8ecb277353a59184f4aa.sdkstatcache -target x86_64-apple-ios13.0-simulator -fmessage-length\=0 -fdiagnostics-show-note-include-stack -fmacro-backtrace-limit\=0 -fno-color-diagnostics -fmodules-prune-interval\=86400 -fmodules-prune-after\=345600 -fbuild-session-file\=/Users/aadityasingh/Library/Developer/Xcode/DerivedData/ModuleCache.noindex/Session.modulevalidation -fmodules-validate-once-per-build-session -Wnon-modular-include-in-framework-module -Werror\=non-modular-include-in-framework-module -Wno-trigraphs -Wno-missing-field-initializers -Wno-missing-prototypes -Wno-return-type -Wno-missing-braces -Wparentheses -Wswitch -Wno-unused-function -Wno-unused-label -Wno-unused-parameter -Wno-unused-variable -Wunused-value -Wno-empty-body -Wno-uninitialized -Wno-unknown-pragmas -w -Wno-shadow -Wno-four-char-constants -Wno-conversion -Wno-constant-conversion -Wno-int-conversion -Wno-bool-conversion -Wno-enum-conversion -Wno-float-conversion -Wno-non-literal-null-conversion -Wno-objc-literal-conversion -Wshorten-64-to-32 -Wpointer-sign -Wno-newline-eof -Wno-implicit-fallthrough -isysroot /Applications/Xcode.app/Contents/Developer/Platforms/iPhoneSimulator.platform/Developer/SDKs/iPhoneSimulator26.4.sdk -fstrict-aliasing -Wdeprecated-declarations -Wno-sign-conversion -Wno-infinite-recursion -Wno-comma -Wno-block-capture-autoreleasing -Wno-strict-prototypes -Wno-semicolon-before-method-body -index-store-path /Users/aadityasingh/Library/Developer/Xcode/DerivedData/Chatlio-erkyzdeecsohoaggpwbjdvavzqfv/Index.noindex/DataStore @/Users/aadityasingh/Library/Developer/Xcode/DerivedData/Chatlio-erkyzdeecsohoaggpwbjdvavzqfv/Build/Intermediates.noindex/PostHog.build/Debug-iphonesimulator/phlibwebp.build/Objects-normal/x86_64/7187679823f38a2a940e0043cdf9d637-common-args.resp -MMD -MT dependencies -MF /Users/aadityasingh/Library/Developer/Xcode/DerivedData/Chatlio-erkyzdeecsohoaggpwbjdvavzqfv/Build/Intermediates.noindex/PostHog.build/Debug-iphonesimulator/phlibwebp.build/Objects-normal/x86_64/bit_reader_utils.d --serialize-diagnostics /Users/aadityasingh/Library/Developer/Xcode/DerivedData/Chatlio-erkyzdeecsohoaggpwbjdvavzqfv/Build/Intermediates.noindex/PostHog.build/Debug-iphonesimulator/phlibwebp.build/Objects-normal/x86_64/bit_reader_utils.dia -c /Users/aadityasingh/Library/Developer/Xcode/DerivedData/Chatlio-erkyzdeecsohoaggpwbjdvavzqfv/SourcePackages/checkouts/posthog-ios/vendor/libwebp/bit_reader_utils.c -o /Users/aadityasingh/Library/Developer/Xcode/DerivedData/Chatlio-erkyzdeecsohoaggpwbjdvavzqfv/Build/Intermediates.noindex/PostHog.build/Debug-iphonesimulator/phlibwebp.build/Objects-normal/x86_64/bit_reader_utils.o -index-unit-output-path /PostHog.build/Debug-iphonesimulator/phlibwebp.build/Objects-normal/x86_64/bit_reader_utils.o

ScanDependencies /Users/aadityasingh/Library/Developer/Xcode/DerivedData/Chatlio-erkyzdeecsohoaggpwbjdvavzqfv/Build/Intermediates.noindex/PostHog.build/Debug-iphonesimulator/phlibwebp.build/Objects-normal/x86_64/backward_references_enc.o /Users/aadityasingh/Library/Developer/Xcode/DerivedData/Chatlio-erkyzdeecsohoaggpwbjdvavzqfv/SourcePackages/checkouts/posthog-ios/vendor/libwebp/backward_references_enc.c normal x86_64 c com.apple.compilers.llvm.clang.1_0.compiler (in target 'phlibwebp' from project 'PostHog')
    cd /Users/aadityasingh/Documents/Development/element-x-ios/Chatlio.xcodeproj
    
    Using response file: /Users/aadityasingh/Library/Developer/Xcode/DerivedData/Chatlio-erkyzdeecsohoaggpwbjdvavzqfv/Build/Intermediates.noindex/PostHog.build/Debug-iphonesimulator/phlibwebp.build/Objects-normal/x86_64/7187679823f38a2a940e0043cdf9d637-common-args.resp
    
    builtin-ScanDependencies -o /Users/aadityasingh/Library/Developer/Xcode/DerivedData/Chatlio-erkyzdeecsohoaggpwbjdvavzqfv/Build/Intermediates.noindex/PostHog.build/Debug-iphonesimulator/phlibwebp.build/Objects-normal/x86_64/backward_references_enc.o.scan -- /Applications/Xcode.app/Contents/Developer/Toolchains/XcodeDefault.xctoolchain/usr/bin/clang -x c -ivfsstatcache /Users/aadityasingh/Library/Developer/Xcode/DerivedData/SDKStatCaches.noindex/iphonesimulator26.4-23E252-686eebb5dc1d8ecb277353a59184f4aa.sdkstatcache -target x86_64-apple-ios13.0-simulator -fmessage-length\=0 -fdiagnostics-show-note-include-stack -fmacro-backtrace-limit\=0 -fno-color-diagnostics -fmodules-prune-interval\=86400 -fmodules-prune-after\=345600 -fbuild-session-file\=/Users/aadityasingh/Library/Developer/Xcode/DerivedData/ModuleCache.noindex/Session.modulevalidation -fmodules-validate-once-per-build-session -Wnon-modular-include-in-framework-module -Werror\=non-modular-include-in-framework-module -Wno-trigraphs -Wno-missing-field-initializers -Wno-missing-prototypes -Wno-return-type -Wno-missing-braces -Wparentheses -Wswitch -Wno-unused-function -Wno-unused-label -Wno-unused-parameter -Wno-unused-variable -Wunused-value -Wno-empty-body -Wno-uninitialized -Wno-unknown-pragmas -w -Wno-shadow -Wno-four-char-constants -Wno-conversion -Wno-constant-conversion -Wno-int-conversion -Wno-bool-conversion -Wno-enum-conversion -Wno-float-conversion -Wno-non-literal-null-conversion -Wno-objc-literal-conversion -Wshorten-64-to-32 -Wpointer-sign -Wno-newline-eof -Wno-implicit-fallthrough -isysroot /Applications/Xcode.app/Contents/Developer/Platforms/iPhoneSimulator.platform/Developer/SDKs/iPhoneSimulator26.4.sdk -fstrict-aliasing -Wdeprecated-declarations -Wno-sign-conversion -Wno-infinite-recursion -Wno-comma -Wno-block-capture-autoreleasing -Wno-strict-prototypes -Wno-semicolon-before-method-body -index-store-path /Users/aadityasingh/Library/Developer/Xcode/DerivedData/Chatlio-erkyzdeecsohoaggpwbjdvavzqfv/Index.noindex/DataStore @/Users/aadityasingh/Library/Developer/Xcode/DerivedData/Chatlio-erkyzdeecsohoaggpwbjdvavzqfv/Build/Intermediates.noindex/PostHog.build/Debug-iphonesimulator/phlibwebp.build/Objects-normal/x86_64/7187679823f38a2a940e0043cdf9d637-common-args.resp -MMD -MT dependencies -MF /Users/aadityasingh/Library/Developer/Xcode/DerivedData/Chatlio-erkyzdeecsohoaggpwbjdvavzqfv/Build/Intermediates.noindex/PostHog.build/Debug-iphonesimulator/phlibwebp.build/Objects-normal/x86_64/backward_references_enc.d --serialize-diagnostics /Users/aadityasingh/Library/Developer/Xcode/DerivedData/Chatlio-erkyzdeecsohoaggpwbjdvavzqfv/Build/Intermediates.noindex/PostHog.build/Debug-iphonesimulator/phlibwebp.build/Objects-normal/x86_64/backward_references_enc.dia -c /Users/aadityasingh/Library/Developer/Xcode/DerivedData/Chatlio-erkyzdeecsohoaggpwbjdvavzqfv/SourcePackages/checkouts/posthog-ios/vendor/libwebp/backward_references_enc.c -o /Users/aadityasingh/Library/Developer/Xcode/DerivedData/Chatlio-erkyzdeecsohoaggpwbjdvavzqfv/Build/Intermediates.noindex/PostHog.build/Debug-iphonesimulator/phlibwebp.build/Objects-normal/x86_64/backward_references_enc.o -index-unit-output-path /PostHog.build/Debug-iphonesimulator/phlibwebp.build/Objects-normal/x86_64/backward_references_enc.o

ScanDependencies /Users/aadityasingh/Library/Developer/Xcode/DerivedData/Chatlio-erkyzdeecsohoaggpwbjdvavzqfv/Build/Intermediates.noindex/PostHog.build/Debug-iphonesimulator/phlibwebp.build/Objects-normal/x86_64/backward_references_cost_enc.o /Users/aadityasingh/Library/Developer/Xcode/DerivedData/Chatlio-erkyzdeecsohoaggpwbjdvavzqfv/SourcePackages/checkouts/posthog-ios/vendor/libwebp/backward_references_cost_enc.c normal x86_64 c com.apple.compilers.llvm.clang.1_0.compiler (in target 'phlibwebp' from project 'PostHog')
    cd /Users/aadityasingh/Documents/Development/element-x-ios/Chatlio.xcodeproj
    
    Using response file: /Users/aadityasingh/Library/Developer/Xcode/DerivedData/Chatlio-erkyzdeecsohoaggpwbjdvavzqfv/Build/Intermediates.noindex/PostHog.build/Debug-iphonesimulator/phlibwebp.build/Objects-normal/x86_64/7187679823f38a2a940e0043cdf9d637-common-args.resp
    
    builtin-ScanDependencies -o /Users/aadityasingh/Library/Developer/Xcode/DerivedData/Chatlio-erkyzdeecsohoaggpwbjdvavzqfv/Build/Intermediates.noindex/PostHog.build/Debug-iphonesimulator/phlibwebp.build/Objects-normal/x86_64/backward_references_cost_enc.o.scan -- /Applications/Xcode.app/Contents/Developer/Toolchains/XcodeDefault.xctoolchain/usr/bin/clang -x c -ivfsstatcache /Users/aadityasingh/Library/Developer/Xcode/DerivedData/SDKStatCaches.noindex/iphonesimulator26.4-23E252-686eebb5dc1d8ecb277353a59184f4aa.sdkstatcache -target x86_64-apple-ios13.0-simulator -fmessage-length\=0 -fdiagnostics-show-note-include-stack -fmacro-backtrace-limit\=0 -fno-color-diagnostics -fmodules-prune-interval\=86400 -fmodules-prune-after\=345600 -fbuild-session-file\=/Users/aadityasingh/Library/Developer/Xcode/DerivedData/ModuleCache.noindex/Session.modulevalidation -fmodules-validate-once-per-build-session -Wnon-modular-include-in-framework-module -Werror\=non-modular-include-in-framework-module -Wno-trigraphs -Wno-missing-field-initializers -Wno-missing-prototypes -Wno-return-type -Wno-missing-braces -Wparentheses -Wswitch -Wno-unused-function -Wno-unused-label -Wno-unused-parameter -Wno-unused-variable -Wunused-value -Wno-empty-body -Wno-uninitialized -Wno-unknown-pragmas -w -Wno-shadow -Wno-four-char-constants -Wno-conversion -Wno-constant-conversion -Wno-int-conversion -Wno-bool-conversion -Wno-enum-conversion -Wno-float-conversion -Wno-non-literal-null-conversion -Wno-objc-literal-conversion -Wshorten-64-to-32 -Wpointer-sign -Wno-newline-eof -Wno-implicit-fallthrough -isysroot /Applications/Xcode.app/Contents/Developer/Platforms/iPhoneSimulator.platform/Developer/SDKs/iPhoneSimulator26.4.sdk -fstrict-aliasing -Wdeprecated-declarations -Wno-sign-conversion -Wno-infinite-recursion -Wno-comma -Wno-block-capture-autoreleasing -Wno-strict-prototypes -Wno-semicolon-before-method-body -index-store-path /Users/aadityasingh/Library/Developer/Xcode/DerivedData/Chatlio-erkyzdeecsohoaggpwbjdvavzqfv/Index.noindex/DataStore @/Users/aadityasingh/Library/Developer/Xcode/DerivedData/Chatlio-erkyzdeecsohoaggpwbjdvavzqfv/Build/Intermediates.noindex/PostHog.build/Debug-iphonesimulator/phlibwebp.build/Objects-normal/x86_64/7187679823f38a2a940e0043cdf9d637-common-args.resp -MMD -MT dependencies -MF /Users/aadityasingh/Library/Developer/Xcode/DerivedData/Chatlio-erkyzdeecsohoaggpwbjdvavzqfv/Build/Intermediates.noindex/PostHog.build/Debug-iphonesimulator/phlibwebp.build/Objects-normal/x86_64/backward_references_cost_enc.d --serialize-diagnostics /Users/aadityasingh/Library/Developer/Xcode/DerivedData/Chatlio-erkyzdeecsohoaggpwbjdvavzqfv/Build/Intermediates.noindex/PostHog.build/Debug-iphonesimulator/phlibwebp.build/Objects-normal/x86_64/backward_references_cost_enc.dia -c /Users/aadityasingh/Library/Developer/Xcode/DerivedData/Chatlio-erkyzdeecsohoaggpwbjdvavzqfv/SourcePackages/checkouts/posthog-ios/vendor/libwebp/backward_references_cost_enc.c -o /Users/aadityasingh/Library/Developer/Xcode/DerivedData/Chatlio-erkyzdeecsohoaggpwbjdvavzqfv/Build/Intermediates.noindex/PostHog.build/Debug-iphonesimulator/phlibwebp.build/Objects-normal/x86_64/backward_references_cost_enc.o -index-unit-output-path /PostHog.build/Debug-iphonesimulator/phlibwebp.build/Objects-normal/x86_64/backward_references_cost_enc.o

ScanDependencies /Users/aadityasingh/Library/Developer/Xcode/DerivedData/Chatlio-erkyzdeecsohoaggpwbjdvavzqfv/Build/Intermediates.noindex/PostHog.build/Debug-iphonesimulator/phlibwebp.build/Objects-normal/x86_64/analysis_enc.o /Users/aadityasingh/Library/Developer/Xcode/DerivedData/Chatlio-erkyzdeecsohoaggpwbjdvavzqfv/SourcePackages/checkouts/posthog-ios/vendor/libwebp/analysis_enc.c normal x86_64 c com.apple.compilers.llvm.clang.1_0.compiler (in target 'phlibwebp' from project 'PostHog')
    cd /Users/aadityasingh/Documents/Development/element-x-ios/Chatlio.xcodeproj
    
    Using response file: /Users/aadityasingh/Library/Developer/Xcode/DerivedData/Chatlio-erkyzdeecsohoaggpwbjdvavzqfv/Build/Intermediates.noindex/PostHog.build/Debug-iphonesimulator/phlibwebp.build/Objects-normal/x86_64/7187679823f38a2a940e0043cdf9d637-common-args.resp
    
    builtin-ScanDependencies -o /Users/aadityasingh/Library/Developer/Xcode/DerivedData/Chatlio-erkyzdeecsohoaggpwbjdvavzqfv/Build/Intermediates.noindex/PostHog.build/Debug-iphonesimulator/phlibwebp.build/Objects-normal/x86_64/analysis_enc.o.scan -- /Applications/Xcode.app/Contents/Developer/Toolchains/XcodeDefault.xctoolchain/usr/bin/clang -x c -ivfsstatcache /Users/aadityasingh/Library/Developer/Xcode/DerivedData/SDKStatCaches.noindex/iphonesimulator26.4-23E252-686eebb5dc1d8ecb277353a59184f4aa.sdkstatcache -target x86_64-apple-ios13.0-simulator -fmessage-length\=0 -fdiagnostics-show-note-include-stack -fmacro-backtrace-limit\=0 -fno-color-diagnostics -fmodules-prune-interval\=86400 -fmodules-prune-after\=345600 -fbuild-session-file\=/Users/aadityasingh/Library/Developer/Xcode/DerivedData/ModuleCache.noindex/Session.modulevalidation -fmodules-validate-once-per-build-session -Wnon-modular-include-in-framework-module -Werror\=non-modular-include-in-framework-module -Wno-trigraphs -Wno-missing-field-initializers -Wno-missing-prototypes -Wno-return-type -Wno-missing-braces -Wparentheses -Wswitch -Wno-unused-function -Wno-unused-label -Wno-unused-parameter -Wno-unused-variable -Wunused-value -Wno-empty-body -Wno-uninitialized -Wno-unknown-pragmas -w -Wno-shadow -Wno-four-char-constants -Wno-conversion -Wno-constant-conversion -Wno-int-conversion -Wno-bool-conversion -Wno-enum-conversion -Wno-float-conversion -Wno-non-literal-null-conversion -Wno-objc-literal-conversion -Wshorten-64-to-32 -Wpointer-sign -Wno-newline-eof -Wno-implicit-fallthrough -isysroot /Applications/Xcode.app/Contents/Developer/Platforms/iPhoneSimulator.platform/Developer/SDKs/iPhoneSimulator26.4.sdk -fstrict-aliasing -Wdeprecated-declarations -Wno-sign-conversion -Wno-infinite-recursion -Wno-comma -Wno-block-capture-autoreleasing -Wno-strict-prototypes -Wno-semicolon-before-method-body -index-store-path /Users/aadityasingh/Library/Developer/Xcode/DerivedData/Chatlio-erkyzdeecsohoaggpwbjdvavzqfv/Index.noindex/DataStore @/Users/aadityasingh/Library/Developer/Xcode/DerivedData/Chatlio-erkyzdeecsohoaggpwbjdvavzqfv/Build/Intermediates.noindex/PostHog.build/Debug-iphonesimulator/phlibwebp.build/Objects-normal/x86_64/7187679823f38a2a940e0043cdf9d637-common-args.resp -MMD -MT dependencies -MF /Users/aadityasingh/Library/Developer/Xcode/DerivedData/Chatlio-erkyzdeecsohoaggpwbjdvavzqfv/Build/Intermediates.noindex/PostHog.build/Debug-iphonesimulator/phlibwebp.build/Objects-normal/x86_64/analysis_enc.d --serialize-diagnostics /Users/aadityasingh/Library/Developer/Xcode/DerivedData/Chatlio-erkyzdeecsohoaggpwbjdvavzqfv/Build/Intermediates.noindex/PostHog.build/Debug-iphonesimulator/phlibwebp.build/Objects-normal/x86_64/analysis_enc.dia -c /Users/aadityasingh/Library/Developer/Xcode/DerivedData/Chatlio-erkyzdeecsohoaggpwbjdvavzqfv/SourcePackages/checkouts/posthog-ios/vendor/libwebp/analysis_enc.c -o /Users/aadityasingh/Library/Developer/Xcode/DerivedData/Chatlio-erkyzdeecsohoaggpwbjdvavzqfv/Build/Intermediates.noindex/PostHog.build/Debug-iphonesimulator/phlibwebp.build/Objects-normal/x86_64/analysis_enc.o -index-unit-output-path /PostHog.build/Debug-iphonesimulator/phlibwebp.build/Objects-normal/x86_64/analysis_enc.o

ScanDependencies /Users/aadityasingh/Library/Developer/Xcode/DerivedData/Chatlio-erkyzdeecsohoaggpwbjdvavzqfv/Build/Intermediates.noindex/PostHog.build/Debug-iphonesimulator/phlibwebp.build/Objects-normal/x86_64/alpha_processing_sse41.o /Users/aadityasingh/Library/Developer/Xcode/DerivedData/Chatlio-erkyzdeecsohoaggpwbjdvavzqfv/SourcePackages/checkouts/posthog-ios/vendor/libwebp/alpha_processing_sse41.c normal x86_64 c com.apple.compilers.llvm.clang.1_0.compiler (in target 'phlibwebp' from project 'PostHog')
    cd /Users/aadityasingh/Documents/Development/element-x-ios/Chatlio.xcodeproj
    
    Using response file: /Users/aadityasingh/Library/Developer/Xcode/DerivedData/Chatlio-erkyzdeecsohoaggpwbjdvavzqfv/Build/Intermediates.noindex/PostHog.build/Debug-iphonesimulator/phlibwebp.build/Objects-normal/x86_64/7187679823f38a2a940e0043cdf9d637-common-args.resp
    
    builtin-ScanDependencies -o /Users/aadityasingh/Library/Developer/Xcode/DerivedData/Chatlio-erkyzdeecsohoaggpwbjdvavzqfv/Build/Intermediates.noindex/PostHog.build/Debug-iphonesimulator/phlibwebp.build/Objects-normal/x86_64/alpha_processing_sse41.o.scan -- /Applications/Xcode.app/Contents/Developer/Toolchains/XcodeDefault.xctoolchain/usr/bin/clang -x c -ivfsstatcache /Users/aadityasingh/Library/Developer/Xcode/DerivedData/SDKStatCaches.noindex/iphonesimulator26.4-23E252-686eebb5dc1d8ecb277353a59184f4aa.sdkstatcache -target x86_64-apple-ios13.0-simulator -fmessage-length\=0 -fdiagnostics-show-note-include-stack -fmacro-backtrace-limit\=0 -fno-color-diagnostics -fmodules-prune-interval\=86400 -fmodules-prune-after\=345600 -fbuild-session-file\=/Users/aadityasingh/Library/Developer/Xcode/DerivedData/ModuleCache.noindex/Session.modulevalidation -fmodules-validate-once-per-build-session -Wnon-modular-include-in-framework-module -Werror\=non-modular-include-in-framework-module -Wno-trigraphs -Wno-missing-field-initializers -Wno-missing-prototypes -Wno-return-type -Wno-missing-braces -Wparentheses -Wswitch -Wno-unused-function -Wno-unused-label -Wno-unused-parameter -Wno-unused-variable -Wunused-value -Wno-empty-body -Wno-uninitialized -Wno-unknown-pragmas -w -Wno-shadow -Wno-four-char-constants -Wno-conversion -Wno-constant-conversion -Wno-int-conversion -Wno-bool-conversion -Wno-enum-conversion -Wno-float-conversion -Wno-non-literal-null-conversion -Wno-objc-literal-conversion -Wshorten-64-to-32 -Wpointer-sign -Wno-newline-eof -Wno-implicit-fallthrough -isysroot /Applications/Xcode.app/Contents/Developer/Platforms/iPhoneSimulator.platform/Developer/SDKs/iPhoneSimulator26.4.sdk -fstrict-aliasing -Wdeprecated-declarations -Wno-sign-conversion -Wno-infinite-recursion -Wno-comma -Wno-block-capture-autoreleasing -Wno-strict-prototypes -Wno-semicolon-before-method-body -index-store-path /Users/aadityasingh/Library/Developer/Xcode/DerivedData/Chatlio-erkyzdeecsohoaggpwbjdvavzqfv/Index.noindex/DataStore @/Users/aadityasingh/Library/Developer/Xcode/DerivedData/Chatlio-erkyzdeecsohoaggpwbjdvavzqfv/Build/Intermediates.noindex/PostHog.build/Debug-iphonesimulator/phlibwebp.build/Objects-normal/x86_64/7187679823f38a2a940e0043cdf9d637-common-args.resp -MMD -MT dependencies -MF /Users/aadityasingh/Library/Developer/Xcode/DerivedData/Chatlio-erkyzdeecsohoaggpwbjdvavzqfv/Build/Intermediates.noindex/PostHog.build/Debug-iphonesimulator/phlibwebp.build/Objects-normal/x86_64/alpha_processing_sse41.d --serialize-diagnostics /Users/aadityasingh/Library/Developer/Xcode/DerivedData/Chatlio-erkyzdeecsohoaggpwbjdvavzqfv/Build/Intermediates.noindex/PostHog.build/Debug-iphonesimulator/phlibwebp.build/Objects-normal/x86_64/alpha_processing_sse41.dia -c /Users/aadityasingh/Library/Developer/Xcode/DerivedData/Chatlio-erkyzdeecsohoaggpwbjdvavzqfv/SourcePackages/checkouts/posthog-ios/vendor/libwebp/alpha_processing_sse41.c -o /Users/aadityasingh/Library/Developer/Xcode/DerivedData/Chatlio-erkyzdeecsohoaggpwbjdvavzqfv/Build/Intermediates.noindex/PostHog.build/Debug-iphonesimulator/phlibwebp.build/Objects-normal/x86_64/alpha_processing_sse41.o -index-unit-output-path /PostHog.build/Debug-iphonesimulator/phlibwebp.build/Objects-normal/x86_64/alpha_processing_sse41.o

ScanDependencies /Users/aadityasingh/Library/Developer/Xcode/DerivedData/Chatlio-erkyzdeecsohoaggpwbjdvavzqfv/Build/Intermediates.noindex/PostHog.build/Debug-iphonesimulator/phlibwebp.build/Objects-normal/x86_64/alpha_processing_sse2.o /Users/aadityasingh/Library/Developer/Xcode/DerivedData/Chatlio-erkyzdeecsohoaggpwbjdvavzqfv/SourcePackages/checkouts/posthog-ios/vendor/libwebp/alpha_processing_sse2.c normal x86_64 c com.apple.compilers.llvm.clang.1_0.compiler (in target 'phlibwebp' from project 'PostHog')
    cd /Users/aadityasingh/Documents/Development/element-x-ios/Chatlio.xcodeproj
    
    Using response file: /Users/aadityasingh/Library/Developer/Xcode/DerivedData/Chatlio-erkyzdeecsohoaggpwbjdvavzqfv/Build/Intermediates.noindex/PostHog.build/Debug-iphonesimulator/phlibwebp.build/Objects-normal/x86_64/7187679823f38a2a940e0043cdf9d637-common-args.resp
    
    builtin-ScanDependencies -o /Users/aadityasingh/Library/Developer/Xcode/DerivedData/Chatlio-erkyzdeecsohoaggpwbjdvavzqfv/Build/Intermediates.noindex/PostHog.build/Debug-iphonesimulator/phlibwebp.build/Objects-normal/x86_64/alpha_processing_sse2.o.scan -- /Applications/Xcode.app/Contents/Developer/Toolchains/XcodeDefault.xctoolchain/usr/bin/clang -x c -ivfsstatcache /Users/aadityasingh/Library/Developer/Xcode/DerivedData/SDKStatCaches.noindex/iphonesimulator26.4-23E252-686eebb5dc1d8ecb277353a59184f4aa.sdkstatcache -target x86_64-apple-ios13.0-simulator -fmessage-length\=0 -fdiagnostics-show-note-include-stack -fmacro-backtrace-limit\=0 -fno-color-diagnostics -fmodules-prune-interval\=86400 -fmodules-prune-after\=345600 -fbuild-session-file\=/Users/aadityasingh/Library/Developer/Xcode/DerivedData/ModuleCache.noindex/Session.modulevalidation -fmodules-validate-once-per-build-session -Wnon-modular-include-in-framework-module -Werror\=non-modular-include-in-framework-module -Wno-trigraphs -Wno-missing-field-initializers -Wno-missing-prototypes -Wno-return-type -Wno-missing-braces -Wparentheses -Wswitch -Wno-unused-function -Wno-unused-label -Wno-unused-parameter -Wno-unused-variable -Wunused-value -Wno-empty-body -Wno-uninitialized -Wno-unknown-pragmas -w -Wno-shadow -Wno-four-char-constants -Wno-conversion -Wno-constant-conversion -Wno-int-conversion -Wno-bool-conversion -Wno-enum-conversion -Wno-float-conversion -Wno-non-literal-null-conversion -Wno-objc-literal-conversion -Wshorten-64-to-32 -Wpointer-sign -Wno-newline-eof -Wno-implicit-fallthrough -isysroot /Applications/Xcode.app/Contents/Developer/Platforms/iPhoneSimulator.platform/Developer/SDKs/iPhoneSimulator26.4.sdk -fstrict-aliasing -Wdeprecated-declarations -Wno-sign-conversion -Wno-infinite-recursion -Wno-comma -Wno-block-capture-autoreleasing -Wno-strict-prototypes -Wno-semicolon-before-method-body -index-store-path /Users/aadityasingh/Library/Developer/Xcode/DerivedData/Chatlio-erkyzdeecsohoaggpwbjdvavzqfv/Index.noindex/DataStore @/Users/aadityasingh/Library/Developer/Xcode/DerivedData/Chatlio-erkyzdeecsohoaggpwbjdvavzqfv/Build/Intermediates.noindex/PostHog.build/Debug-iphonesimulator/phlibwebp.build/Objects-normal/x86_64/7187679823f38a2a940e0043cdf9d637-common-args.resp -MMD -MT dependencies -MF /Users/aadityasingh/Library/Developer/Xcode/DerivedData/Chatlio-erkyzdeecsohoaggpwbjdvavzqfv/Build/Intermediates.noindex/PostHog.build/Debug-iphonesimulator/phlibwebp.build/Objects-normal/x86_64/alpha_processing_sse2.d --serialize-diagnostics /Users/aadityasingh/Library/Developer/Xcode/DerivedData/Chatlio-erkyzdeecsohoaggpwbjdvavzqfv/Build/Intermediates.noindex/PostHog.build/Debug-iphonesimulator/phlibwebp.build/Objects-normal/x86_64/alpha_processing_sse2.dia -c /Users/aadityasingh/Library/Developer/Xcode/DerivedData/Chatlio-erkyzdeecsohoaggpwbjdvavzqfv/SourcePackages/checkouts/posthog-ios/vendor/libwebp/alpha_processing_sse2.c -o /Users/aadityasingh/Library/Developer/Xcode/DerivedData/Chatlio-erkyzdeecsohoaggpwbjdvavzqfv/Build/Intermediates.noindex/PostHog.build/Debug-iphonesimulator/phlibwebp.build/Objects-normal/x86_64/alpha_processing_sse2.o -index-unit-output-path /PostHog.build/Debug-iphonesimulator/phlibwebp.build/Objects-normal/x86_64/alpha_processing_sse2.o

ScanDependencies /Users/aadityasingh/Library/Developer/Xcode/DerivedData/Chatlio-erkyzdeecsohoaggpwbjdvavzqfv/Build/Intermediates.noindex/PostHog.build/Debug-iphonesimulator/phlibwebp.build/Objects-normal/x86_64/alpha_processing_neon.o /Users/aadityasingh/Library/Developer/Xcode/DerivedData/Chatlio-erkyzdeecsohoaggpwbjdvavzqfv/SourcePackages/checkouts/posthog-ios/vendor/libwebp/alpha_processing_neon.c normal x86_64 c com.apple.compilers.llvm.clang.1_0.compiler (in target 'phlibwebp' from project 'PostHog')
    cd /Users/aadityasingh/Documents/Development/element-x-ios/Chatlio.xcodeproj
    
    Using response file: /Users/aadityasingh/Library/Developer/Xcode/DerivedData/Chatlio-erkyzdeecsohoaggpwbjdvavzqfv/Build/Intermediates.noindex/PostHog.build/Debug-iphonesimulator/phlibwebp.build/Objects-normal/x86_64/7187679823f38a2a940e0043cdf9d637-common-args.resp
    
    builtin-ScanDependencies -o /Users/aadityasingh/Library/Developer/Xcode/DerivedData/Chatlio-erkyzdeecsohoaggpwbjdvavzqfv/Build/Intermediates.noindex/PostHog.build/Debug-iphonesimulator/phlibwebp.build/Objects-normal/x86_64/alpha_processing_neon.o.scan -- /Applications/Xcode.app/Contents/Developer/Toolchains/XcodeDefault.xctoolchain/usr/bin/clang -x c -ivfsstatcache /Users/aadityasingh/Library/Developer/Xcode/DerivedData/SDKStatCaches.noindex/iphonesimulator26.4-23E252-686eebb5dc1d8ecb277353a59184f4aa.sdkstatcache -target x86_64-apple-ios13.0-simulator -fmessage-length\=0 -fdiagnostics-show-note-include-stack -fmacro-backtrace-limit\=0 -fno-color-diagnostics -fmodules-prune-interval\=86400 -fmodules-prune-after\=345600 -fbuild-session-file\=/Users/aadityasingh/Library/Developer/Xcode/DerivedData/ModuleCache.noindex/Session.modulevalidation -fmodules-validate-once-per-build-session -Wnon-modular-include-in-framework-module -Werror\=non-modular-include-in-framework-module -Wno-trigraphs -Wno-missing-field-initializers -Wno-missing-prototypes -Wno-return-type -Wno-missing-braces -Wparentheses -Wswitch -Wno-unused-function -Wno-unused-label -Wno-unused-parameter -Wno-unused-variable -Wunused-value -Wno-empty-body -Wno-uninitialized -Wno-unknown-pragmas -w -Wno-shadow -Wno-four-char-constants -Wno-conversion -Wno-constant-conversion -Wno-int-conversion -Wno-bool-conversion -Wno-enum-conversion -Wno-float-conversion -Wno-non-literal-null-conversion -Wno-objc-literal-conversion -Wshorten-64-to-32 -Wpointer-sign -Wno-newline-eof -Wno-implicit-fallthrough -isysroot /Applications/Xcode.app/Contents/Developer/Platforms/iPhoneSimulator.platform/Developer/SDKs/iPhoneSimulator26.4.sdk -fstrict-aliasing -Wdeprecated-declarations -Wno-sign-conversion -Wno-infinite-recursion -Wno-comma -Wno-block-capture-autoreleasing -Wno-strict-prototypes -Wno-semicolon-before-method-body -index-store-path /Users/aadityasingh/Library/Developer/Xcode/DerivedData/Chatlio-erkyzdeecsohoaggpwbjdvavzqfv/Index.noindex/DataStore @/Users/aadityasingh/Library/Developer/Xcode/DerivedData/Chatlio-erkyzdeecsohoaggpwbjdvavzqfv/Build/Intermediates.noindex/PostHog.build/Debug-iphonesimulator/phlibwebp.build/Objects-normal/x86_64/7187679823f38a2a940e0043cdf9d637-common-args.resp -MMD -MT dependencies -MF /Users/aadityasingh/Library/Developer/Xcode/DerivedData/Chatlio-erkyzdeecsohoaggpwbjdvavzqfv/Build/Intermediates.noindex/PostHog.build/Debug-iphonesimulator/phlibwebp.build/Objects-normal/x86_64/alpha_processing_neon.d --serialize-diagnostics /Users/aadityasingh/Library/Developer/Xcode/DerivedData/Chatlio-erkyzdeecsohoaggpwbjdvavzqfv/Build/Intermediates.noindex/PostHog.build/Debug-iphonesimulator/phlibwebp.build/Objects-normal/x86_64/alpha_processing_neon.dia -c /Users/aadityasingh/Library/Developer/Xcode/DerivedData/Chatlio-erkyzdeecsohoaggpwbjdvavzqfv/SourcePackages/checkouts/posthog-ios/vendor/libwebp/alpha_processing_neon.c -o /Users/aadityasingh/Library/Developer/Xcode/DerivedData/Chatlio-erkyzdeecsohoaggpwbjdvavzqfv/Build/Intermediates.noindex/PostHog.build/Debug-iphonesimulator/phlibwebp.build/Objects-normal/x86_64/alpha_processing_neon.o -index-unit-output-path /PostHog.build/Debug-iphonesimulator/phlibwebp.build/Objects-normal/x86_64/alpha_processing_neon.o

ScanDependencies /Users/aadityasingh/Library/Developer/Xcode/DerivedData/Chatlio-erkyzdeecsohoaggpwbjdvavzqfv/Build/Intermediates.noindex/PostHog.build/Debug-iphonesimulator/phlibwebp.build/Objects-normal/x86_64/alpha_processing.o /Users/aadityasingh/Library/Developer/Xcode/DerivedData/Chatlio-erkyzdeecsohoaggpwbjdvavzqfv/SourcePackages/checkouts/posthog-ios/vendor/libwebp/alpha_processing.c normal x86_64 c com.apple.compilers.llvm.clang.1_0.compiler (in target 'phlibwebp' from project 'PostHog')
    cd /Users/aadityasingh/Documents/Development/element-x-ios/Chatlio.xcodeproj
    
    Using response file: /Users/aadityasingh/Library/Developer/Xcode/DerivedData/Chatlio-erkyzdeecsohoaggpwbjdvavzqfv/Build/Intermediates.noindex/PostHog.build/Debug-iphonesimulator/phlibwebp.build/Objects-normal/x86_64/7187679823f38a2a940e0043cdf9d637-common-args.resp
    
    builtin-ScanDependencies -o /Users/aadityasingh/Library/Developer/Xcode/DerivedData/Chatlio-erkyzdeecsohoaggpwbjdvavzqfv/Build/Intermediates.noindex/PostHog.build/Debug-iphonesimulator/phlibwebp.build/Objects-normal/x86_64/alpha_processing.o.scan -- /Applications/Xcode.app/Contents/Developer/Toolchains/XcodeDefault.xctoolchain/usr/bin/clang -x c -ivfsstatcache /Users/aadityasingh/Library/Developer/Xcode/DerivedData/SDKStatCaches.noindex/iphonesimulator26.4-23E252-686eebb5dc1d8ecb277353a59184f4aa.sdkstatcache -target x86_64-apple-ios13.0-simulator -fmessage-length\=0 -fdiagnostics-show-note-include-stack -fmacro-backtrace-limit\=0 -fno-color-diagnostics -fmodules-prune-interval\=86400 -fmodules-prune-after\=345600 -fbuild-session-file\=/Users/aadityasingh/Library/Developer/Xcode/DerivedData/ModuleCache.noindex/Session.modulevalidation -fmodules-validate-once-per-build-session -Wnon-modular-include-in-framework-module -Werror\=non-modular-include-in-framework-module -Wno-trigraphs -Wno-missing-field-initializers -Wno-missing-prototypes -Wno-return-type -Wno-missing-braces -Wparentheses -Wswitch -Wno-unused-function -Wno-unused-label -Wno-unused-parameter -Wno-unused-variable -Wunused-value -Wno-empty-body -Wno-uninitialized -Wno-unknown-pragmas -w -Wno-shadow -Wno-four-char-constants -Wno-conversion -Wno-constant-conversion -Wno-int-conversion -Wno-bool-conversion -Wno-enum-conversion -Wno-float-conversion -Wno-non-literal-null-conversion -Wno-objc-literal-conversion -Wshorten-64-to-32 -Wpointer-sign -Wno-newline-eof -Wno-implicit-fallthrough -isysroot /Applications/Xcode.app/Contents/Developer/Platforms/iPhoneSimulator.platform/Developer/SDKs/iPhoneSimulator26.4.sdk -fstrict-aliasing -Wdeprecated-declarations -Wno-sign-conversion -Wno-infinite-recursion -Wno-comma -Wno-block-capture-autoreleasing -Wno-strict-prototypes -Wno-semicolon-before-method-body -index-store-path /Users/aadityasingh/Library/Developer/Xcode/DerivedData/Chatlio-erkyzdeecsohoaggpwbjdvavzqfv/Index.noindex/DataStore @/Users/aadityasingh/Library/Developer/Xcode/DerivedData/Chatlio-erkyzdeecsohoaggpwbjdvavzqfv/Build/Intermediates.noindex/PostHog.build/Debug-iphonesimulator/phlibwebp.build/Objects-normal/x86_64/7187679823f38a2a940e0043cdf9d637-common-args.resp -MMD -MT dependencies -MF /Users/aadityasingh/Library/Developer/Xcode/DerivedData/Chatlio-erkyzdeecsohoaggpwbjdvavzqfv/Build/Intermediates.noindex/PostHog.build/Debug-iphonesimulator/phlibwebp.build/Objects-normal/x86_64/alpha_processing.d --serialize-diagnostics /Users/aadityasingh/Library/Developer/Xcode/DerivedData/Chatlio-erkyzdeecsohoaggpwbjdvavzqfv/Build/Intermediates.noindex/PostHog.build/Debug-iphonesimulator/phlibwebp.build/Objects-normal/x86_64/alpha_processing.dia -c /Users/aadityasingh/Library/Developer/Xcode/DerivedData/Chatlio-erkyzdeecsohoaggpwbjdvavzqfv/SourcePackages/checkouts/posthog-ios/vendor/libwebp/alpha_processing.c -o /Users/aadityasingh/Library/Developer/Xcode/DerivedData/Chatlio-erkyzdeecsohoaggpwbjdvavzqfv/Build/Intermediates.noindex/PostHog.build/Debug-iphonesimulator/phlibwebp.build/Objects-normal/x86_64/alpha_processing.o -index-unit-output-path /PostHog.build/Debug-iphonesimulator/phlibwebp.build/Objects-normal/x86_64/alpha_processing.o

ScanDependencies /Users/aadityasingh/Library/Developer/Xcode/DerivedData/Chatlio-erkyzdeecsohoaggpwbjdvavzqfv/Build/Intermediates.noindex/PostHog.build/Debug-iphonesimulator/phlibwebp.build/Objects-normal/x86_64/alpha_enc.o /Users/aadityasingh/Library/Developer/Xcode/DerivedData/Chatlio-erkyzdeecsohoaggpwbjdvavzqfv/SourcePackages/checkouts/posthog-ios/vendor/libwebp/alpha_enc.c normal x86_64 c com.apple.compilers.llvm.clang.1_0.compiler (in target 'phlibwebp' from project 'PostHog')
    cd /Users/aadityasingh/Documents/Development/element-x-ios/Chatlio.xcodeproj
    
    Using response file: /Users/aadityasingh/Library/Developer/Xcode/DerivedData/Chatlio-erkyzdeecsohoaggpwbjdvavzqfv/Build/Intermediates.noindex/PostHog.build/Debug-iphonesimulator/phlibwebp.build/Objects-normal/x86_64/7187679823f38a2a940e0043cdf9d637-common-args.resp
    
    builtin-ScanDependencies -o /Users/aadityasingh/Library/Developer/Xcode/DerivedData/Chatlio-erkyzdeecsohoaggpwbjdvavzqfv/Build/Intermediates.noindex/PostHog.build/Debug-iphonesimulator/phlibwebp.build/Objects-normal/x86_64/alpha_enc.o.scan -- /Applications/Xcode.app/Contents/Developer/Toolchains/XcodeDefault.xctoolchain/usr/bin/clang -x c -ivfsstatcache /Users/aadityasingh/Library/Developer/Xcode/DerivedData/SDKStatCaches.noindex/iphonesimulator26.4-23E252-686eebb5dc1d8ecb277353a59184f4aa.sdkstatcache -target x86_64-apple-ios13.0-simulator -fmessage-length\=0 -fdiagnostics-show-note-include-stack -fmacro-backtrace-limit\=0 -fno-color-diagnostics -fmodules-prune-interval\=86400 -fmodules-prune-after\=345600 -fbuild-session-file\=/Users/aadityasingh/Library/Developer/Xcode/DerivedData/ModuleCache.noindex/Session.modulevalidation -fmodules-validate-once-per-build-session -Wnon-modular-include-in-framework-module -Werror\=non-modular-include-in-framework-module -Wno-trigraphs -Wno-missing-field-initializers -Wno-missing-prototypes -Wno-return-type -Wno-missing-braces -Wparentheses -Wswitch -Wno-unused-function -Wno-unused-label -Wno-unused-parameter -Wno-unused-variable -Wunused-value -Wno-empty-body -Wno-uninitialized -Wno-unknown-pragmas -w -Wno-shadow -Wno-four-char-constants -Wno-conversion -Wno-constant-conversion -Wno-int-conversion -Wno-bool-conversion -Wno-enum-conversion -Wno-float-conversion -Wno-non-literal-null-conversion -Wno-objc-literal-conversion -Wshorten-64-to-32 -Wpointer-sign -Wno-newline-eof -Wno-implicit-fallthrough -isysroot /Applications/Xcode.app/Contents/Developer/Platforms/iPhoneSimulator.platform/Developer/SDKs/iPhoneSimulator26.4.sdk -fstrict-aliasing -Wdeprecated-declarations -Wno-sign-conversion -Wno-infinite-recursion -Wno-comma -Wno-block-capture-autoreleasing -Wno-strict-prototypes -Wno-semicolon-before-method-body -index-store-path /Users/aadityasingh/Library/Developer/Xcode/DerivedData/Chatlio-erkyzdeecsohoaggpwbjdvavzqfv/Index.noindex/DataStore @/Users/aadityasingh/Library/Developer/Xcode/DerivedData/Chatlio-erkyzdeecsohoaggpwbjdvavzqfv/Build/Intermediates.noindex/PostHog.build/Debug-iphonesimulator/phlibwebp.build/Objects-normal/x86_64/7187679823f38a2a940e0043cdf9d637-common-args.resp -MMD -MT dependencies -MF /Users/aadityasingh/Library/Developer/Xcode/DerivedData/Chatlio-erkyzdeecsohoaggpwbjdvavzqfv/Build/Intermediates.noindex/PostHog.build/Debug-iphonesimulator/phlibwebp.build/Objects-normal/x86_64/alpha_enc.d --serialize-diagnostics /Users/aadityasingh/Library/Developer/Xcode/DerivedData/Chatlio-erkyzdeecsohoaggpwbjdvavzqfv/Build/Intermediates.noindex/PostHog.build/Debug-iphonesimulator/phlibwebp.build/Objects-normal/x86_64/alpha_enc.dia -c /Users/aadityasingh/Library/Developer/Xcode/DerivedData/Chatlio-erkyzdeecsohoaggpwbjdvavzqfv/SourcePackages/checkouts/posthog-ios/vendor/libwebp/alpha_enc.c -o /Users/aadityasingh/Library/Developer/Xcode/DerivedData/Chatlio-erkyzdeecsohoaggpwbjdvavzqfv/Build/Intermediates.noindex/PostHog.build/Debug-iphonesimulator/phlibwebp.build/Objects-normal/x86_64/alpha_enc.o -index-unit-output-path /PostHog.build/Debug-iphonesimulator/phlibwebp.build/Objects-normal/x86_64/alpha_enc.o

ScanDependencies /Users/aadityasingh/Library/Developer/Xcode/DerivedData/Chatlio-erkyzdeecsohoaggpwbjdvavzqfv/Build/Intermediates.noindex/PostHog.build/Debug-iphonesimulator/phlibwebp.build/Objects-normal/arm64/yuv_sse41.o /Users/aadityasingh/Library/Developer/Xcode/DerivedData/Chatlio-erkyzdeecsohoaggpwbjdvavzqfv/SourcePackages/checkouts/posthog-ios/vendor/libwebp/yuv_sse41.c normal arm64 c com.apple.compilers.llvm.clang.1_0.compiler (in target 'phlibwebp' from project 'PostHog')
    cd /Users/aadityasingh/Documents/Development/element-x-ios/Chatlio.xcodeproj
    
    Using response file: /Users/aadityasingh/Library/Developer/Xcode/DerivedData/Chatlio-erkyzdeecsohoaggpwbjdvavzqfv/Build/Intermediates.noindex/PostHog.build/Debug-iphonesimulator/phlibwebp.build/Objects-normal/arm64/7187679823f38a2a940e0043cdf9d637-common-args.resp
    
    builtin-ScanDependencies -o /Users/aadityasingh/Library/Developer/Xcode/DerivedData/Chatlio-erkyzdeecsohoaggpwbjdvavzqfv/Build/Intermediates.noindex/PostHog.build/Debug-iphonesimulator/phlibwebp.build/Objects-normal/arm64/yuv_sse41.o.scan -- /Applications/Xcode.app/Contents/Developer/Toolchains/XcodeDefault.xctoolchain/usr/bin/clang -x c -ivfsstatcache /Users/aadityasingh/Library/Developer/Xcode/DerivedData/SDKStatCaches.noindex/iphonesimulator26.4-23E252-686eebb5dc1d8ecb277353a59184f4aa.sdkstatcache -target arm64-apple-ios13.0-simulator -fmessage-length\=0 -fdiagnostics-show-note-include-stack -fmacro-backtrace-limit\=0 -fno-color-diagnostics -fmodules-prune-interval\=86400 -fmodules-prune-after\=345600 -fbuild-session-file\=/Users/aadityasingh/Library/Developer/Xcode/DerivedData/ModuleCache.noindex/Session.modulevalidation -fmodules-validate-once-per-build-session -Wnon-modular-include-in-framework-module -Werror\=non-modular-include-in-framework-module -Wno-trigraphs -Wno-missing-field-initializers -Wno-missing-prototypes -Wno-return-type -Wno-missing-braces -Wparentheses -Wswitch -Wno-unused-function -Wno-unused-label -Wno-unused-parameter -Wno-unused-variable -Wunused-value -Wno-empty-body -Wno-uninitialized -Wno-unknown-pragmas -w -Wno-shadow -Wno-four-char-constants -Wno-conversion -Wno-constant-conversion -Wno-int-conversion -Wno-bool-conversion -Wno-enum-conversion -Wno-float-conversion -Wno-non-literal-null-conversion -Wno-objc-literal-conversion -Wshorten-64-to-32 -Wpointer-sign -Wno-newline-eof -Wno-implicit-fallthrough -isysroot /Applications/Xcode.app/Contents/Developer/Platforms/iPhoneSimulator.platform/Developer/SDKs/iPhoneSimulator26.4.sdk -fstrict-aliasing -Wdeprecated-declarations -Wno-sign-conversion -Wno-infinite-recursion -Wno-comma -Wno-block-capture-autoreleasing -Wno-strict-prototypes -Wno-semicolon-before-method-body -index-store-path /Users/aadityasingh/Library/Developer/Xcode/DerivedData/Chatlio-erkyzdeecsohoaggpwbjdvavzqfv/Index.noindex/DataStore @/Users/aadityasingh/Library/Developer/Xcode/DerivedData/Chatlio-erkyzdeecsohoaggpwbjdvavzqfv/Build/Intermediates.noindex/PostHog.build/Debug-iphonesimulator/phlibwebp.build/Objects-normal/arm64/7187679823f38a2a940e0043cdf9d637-common-args.resp -MMD -MT dependencies -MF /Users/aadityasingh/Library/Developer/Xcode/DerivedData/Chatlio-erkyzdeecsohoaggpwbjdvavzqfv/Build/Intermediates.noindex/PostHog.build/Debug-iphonesimulator/phlibwebp.build/Objects-normal/arm64/yuv_sse41.d --serialize-diagnostics /Users/aadityasingh/Library/Developer/Xcode/DerivedData/Chatlio-erkyzdeecsohoaggpwbjdvavzqfv/Build/Intermediates.noindex/PostHog.build/Debug-iphonesimulator/phlibwebp.build/Objects-normal/arm64/yuv_sse41.dia -c /Users/aadityasingh/Library/Developer/Xcode/DerivedData/Chatlio-erkyzdeecsohoaggpwbjdvavzqfv/SourcePackages/checkouts/posthog-ios/vendor/libwebp/yuv_sse41.c -o /Users/aadityasingh/Library/Developer/Xcode/DerivedData/Chatlio-erkyzdeecsohoaggpwbjdvavzqfv/Build/Intermediates.noindex/PostHog.build/Debug-iphonesimulator/phlibwebp.build/Objects-normal/arm64/yuv_sse41.o -index-unit-output-path /PostHog.build/Debug-iphonesimulator/phlibwebp.build/Objects-normal/arm64/yuv_sse41.o

ScanDependencies /Users/aadityasingh/Library/Developer/Xcode/DerivedData/Chatlio-erkyzdeecsohoaggpwbjdvavzqfv/Build/Intermediates.noindex/PostHog.build/Debug-iphonesimulator/phlibwebp.build/Objects-normal/arm64/yuv_sse2.o /Users/aadityasingh/Library/Developer/Xcode/DerivedData/Chatlio-erkyzdeecsohoaggpwbjdvavzqfv/SourcePackages/checkouts/posthog-ios/vendor/libwebp/yuv_sse2.c normal arm64 c com.apple.compilers.llvm.clang.1_0.compiler (in target 'phlibwebp' from project 'PostHog')
    cd /Users/aadityasingh/Documents/Development/element-x-ios/Chatlio.xcodeproj
    
    Using response file: /Users/aadityasingh/Library/Developer/Xcode/DerivedData/Chatlio-erkyzdeecsohoaggpwbjdvavzqfv/Build/Intermediates.noindex/PostHog.build/Debug-iphonesimulator/phlibwebp.build/Objects-normal/arm64/7187679823f38a2a940e0043cdf9d637-common-args.resp
    
    builtin-ScanDependencies -o /Users/aadityasingh/Library/Developer/Xcode/DerivedData/Chatlio-erkyzdeecsohoaggpwbjdvavzqfv/Build/Intermediates.noindex/PostHog.build/Debug-iphonesimulator/phlibwebp.build/Objects-normal/arm64/yuv_sse2.o.scan -- /Applications/Xcode.app/Contents/Developer/Toolchains/XcodeDefault.xctoolchain/usr/bin/clang -x c -ivfsstatcache /Users/aadityasingh/Library/Developer/Xcode/DerivedData/SDKStatCaches.noindex/iphonesimulator26.4-23E252-686eebb5dc1d8ecb277353a59184f4aa.sdkstatcache -target arm64-apple-ios13.0-simulator -fmessage-length\=0 -fdiagnostics-show-note-include-stack -fmacro-backtrace-limit\=0 -fno-color-diagnostics -fmodules-prune-interval\=86400 -fmodules-prune-after\=345600 -fbuild-session-file\=/Users/aadityasingh/Library/Developer/Xcode/DerivedData/ModuleCache.noindex/Session.modulevalidation -fmodules-validate-once-per-build-session -Wnon-modular-include-in-framework-module -Werror\=non-modular-include-in-framework-module -Wno-trigraphs -Wno-missing-field-initializers -Wno-missing-prototypes -Wno-return-type -Wno-missing-braces -Wparentheses -Wswitch -Wno-unused-function -Wno-unused-label -Wno-unused-parameter -Wno-unused-variable -Wunused-value -Wno-empty-body -Wno-uninitialized -Wno-unknown-pragmas -w -Wno-shadow -Wno-four-char-constants -Wno-conversion -Wno-constant-conversion -Wno-int-conversion -Wno-bool-conversion -Wno-enum-conversion -Wno-float-conversion -Wno-non-literal-null-conversion -Wno-objc-literal-conversion -Wshorten-64-to-32 -Wpointer-sign -Wno-newline-eof -Wno-implicit-fallthrough -isysroot /Applications/Xcode.app/Contents/Developer/Platforms/iPhoneSimulator.platform/Developer/SDKs/iPhoneSimulator26.4.sdk -fstrict-aliasing -Wdeprecated-declarations -Wno-sign-conversion -Wno-infinite-recursion -Wno-comma -Wno-block-capture-autoreleasing -Wno-strict-prototypes -Wno-semicolon-before-method-body -index-store-path /Users/aadityasingh/Library/Developer/Xcode/DerivedData/Chatlio-erkyzdeecsohoaggpwbjdvavzqfv/Index.noindex/DataStore @/Users/aadityasingh/Library/Developer/Xcode/DerivedData/Chatlio-erkyzdeecsohoaggpwbjdvavzqfv/Build/Intermediates.noindex/PostHog.build/Debug-iphonesimulator/phlibwebp.build/Objects-normal/arm64/7187679823f38a2a940e0043cdf9d637-common-args.resp -MMD -MT dependencies -MF /Users/aadityasingh/Library/Developer/Xcode/DerivedData/Chatlio-erkyzdeecsohoaggpwbjdvavzqfv/Build/Intermediates.noindex/PostHog.build/Debug-iphonesimulator/phlibwebp.build/Objects-normal/arm64/yuv_sse2.d --serialize-diagnostics /Users/aadityasingh/Library/Developer/Xcode/DerivedData/Chatlio-erkyzdeecsohoaggpwbjdvavzqfv/Build/Intermediates.noindex/PostHog.build/Debug-iphonesimulator/phlibwebp.build/Objects-normal/arm64/yuv_sse2.dia -c /Users/aadityasingh/Library/Developer/Xcode/DerivedData/Chatlio-erkyzdeecsohoaggpwbjdvavzqfv/SourcePackages/checkouts/posthog-ios/vendor/libwebp/yuv_sse2.c -o /Users/aadityasingh/Library/Developer/Xcode/DerivedData/Chatlio-erkyzdeecsohoaggpwbjdvavzqfv/Build/Intermediates.noindex/PostHog.build/Debug-iphonesimulator/phlibwebp.build/Objects-normal/arm64/yuv_sse2.o -index-unit-output-path /PostHog.build/Debug-iphonesimulator/phlibwebp.build/Objects-normal/arm64/yuv_sse2.o

ScanDependencies /Users/aadityasingh/Library/Developer/Xcode/DerivedData/Chatlio-erkyzdeecsohoaggpwbjdvavzqfv/Build/Intermediates.noindex/PostHog.build/Debug-iphonesimulator/phlibwebp.build/Objects-normal/arm64/yuv_neon.o /Users/aadityasingh/Library/Developer/Xcode/DerivedData/Chatlio-erkyzdeecsohoaggpwbjdvavzqfv/SourcePackages/checkouts/posthog-ios/vendor/libwebp/yuv_neon.c normal arm64 c com.apple.compilers.llvm.clang.1_0.compiler (in target 'phlibwebp' from project 'PostHog')
    cd /Users/aadityasingh/Documents/Development/element-x-ios/Chatlio.xcodeproj
    
    Using response file: /Users/aadityasingh/Library/Developer/Xcode/DerivedData/Chatlio-erkyzdeecsohoaggpwbjdvavzqfv/Build/Intermediates.noindex/PostHog.build/Debug-iphonesimulator/phlibwebp.build/Objects-normal/arm64/7187679823f38a2a940e0043cdf9d637-common-args.resp
    
    builtin-ScanDependencies -o /Users/aadityasingh/Library/Developer/Xcode/DerivedData/Chatlio-erkyzdeecsohoaggpwbjdvavzqfv/Build/Intermediates.noindex/PostHog.build/Debug-iphonesimulator/phlibwebp.build/Objects-normal/arm64/yuv_neon.o.scan -- /Applications/Xcode.app/Contents/Developer/Toolchains/XcodeDefault.xctoolchain/usr/bin/clang -x c -ivfsstatcache /Users/aadityasingh/Library/Developer/Xcode/DerivedData/SDKStatCaches.noindex/iphonesimulator26.4-23E252-686eebb5dc1d8ecb277353a59184f4aa.sdkstatcache -target arm64-apple-ios13.0-simulator -fmessage-length\=0 -fdiagnostics-show-note-include-stack -fmacro-backtrace-limit\=0 -fno-color-diagnostics -fmodules-prune-interval\=86400 -fmodules-prune-after\=345600 -fbuild-session-file\=/Users/aadityasingh/Library/Developer/Xcode/DerivedData/ModuleCache.noindex/Session.modulevalidation -fmodules-validate-once-per-build-session -Wnon-modular-include-in-framework-module -Werror\=non-modular-include-in-framework-module -Wno-trigraphs -Wno-missing-field-initializers -Wno-missing-prototypes -Wno-return-type -Wno-missing-braces -Wparentheses -Wswitch -Wno-unused-function -Wno-unused-label -Wno-unused-parameter -Wno-unused-variable -Wunused-value -Wno-empty-body -Wno-uninitialized -Wno-unknown-pragmas -w -Wno-shadow -Wno-four-char-constants -Wno-conversion -Wno-constant-conversion -Wno-int-conversion -Wno-bool-conversion -Wno-enum-conversion -Wno-float-conversion -Wno-non-literal-null-conversion -Wno-objc-literal-conversion -Wshorten-64-to-32 -Wpointer-sign -Wno-newline-eof -Wno-implicit-fallthrough -isysroot /Applications/Xcode.app/Contents/Developer/Platforms/iPhoneSimulator.platform/Developer/SDKs/iPhoneSimulator26.4.sdk -fstrict-aliasing -Wdeprecated-declarations -Wno-sign-conversion -Wno-infinite-recursion -Wno-comma -Wno-block-capture-autoreleasing -Wno-strict-prototypes -Wno-semicolon-before-method-body -index-store-path /Users/aadityasingh/Library/Developer/Xcode/DerivedData/Chatlio-erkyzdeecsohoaggpwbjdvavzqfv/Index.noindex/DataStore @/Users/aadityasingh/Library/Developer/Xcode/DerivedData/Chatlio-erkyzdeecsohoaggpwbjdvavzqfv/Build/Intermediates.noindex/PostHog.build/Debug-iphonesimulator/phlibwebp.build/Objects-normal/arm64/7187679823f38a2a940e0043cdf9d637-common-args.resp -MMD -MT dependencies -MF /Users/aadityasingh/Library/Developer/Xcode/DerivedData/Chatlio-erkyzdeecsohoaggpwbjdvavzqfv/Build/Intermediates.noindex/PostHog.build/Debug-iphonesimulator/phlibwebp.build/Objects-normal/arm64/yuv_neon.d --serialize-diagnostics /Users/aadityasingh/Library/Developer/Xcode/DerivedData/Chatlio-erkyzdeecsohoaggpwbjdvavzqfv/Build/Intermediates.noindex/PostHog.build/Debug-iphonesimulator/phlibwebp.build/Objects-normal/arm64/yuv_neon.dia -c /Users/aadityasingh/Library/Developer/Xcode/DerivedData/Chatlio-erkyzdeecsohoaggpwbjdvavzqfv/SourcePackages/checkouts/posthog-ios/vendor/libwebp/yuv_neon.c -o /Users/aadityasingh/Library/Developer/Xcode/DerivedData/Chatlio-erkyzdeecsohoaggpwbjdvavzqfv/Build/Intermediates.noindex/PostHog.build/Debug-iphonesimulator/phlibwebp.build/Objects-normal/arm64/yuv_neon.o -index-unit-output-path /PostHog.build/Debug-iphonesimulator/phlibwebp.build/Objects-normal/arm64/yuv_neon.o

ScanDependencies /Users/aadityasingh/Library/Developer/Xcode/DerivedData/Chatlio-erkyzdeecsohoaggpwbjdvavzqfv/Build/Intermediates.noindex/PostHog.build/Debug-iphonesimulator/phlibwebp.build/Objects-normal/arm64/yuv.o /Users/aadityasingh/Library/Developer/Xcode/DerivedData/Chatlio-erkyzdeecsohoaggpwbjdvavzqfv/SourcePackages/checkouts/posthog-ios/vendor/libwebp/yuv.c normal arm64 c com.apple.compilers.llvm.clang.1_0.compiler (in target 'phlibwebp' from project 'PostHog')
    cd /Users/aadityasingh/Documents/Development/element-x-ios/Chatlio.xcodeproj
    
    Using response file: /Users/aadityasingh/Library/Developer/Xcode/DerivedData/Chatlio-erkyzdeecsohoaggpwbjdvavzqfv/Build/Intermediates.noindex/PostHog.build/Debug-iphonesimulator/phlibwebp.build/Objects-normal/arm64/7187679823f38a2a940e0043cdf9d637-common-args.resp
    
    builtin-ScanDependencies -o /Users/aadityasingh/Library/Developer/Xcode/DerivedData/Chatlio-erkyzdeecsohoaggpwbjdvavzqfv/Build/Intermediates.noindex/PostHog.build/Debug-iphonesimulator/phlibwebp.build/Objects-normal/arm64/yuv.o.scan -- /Applications/Xcode.app/Contents/Developer/Toolchains/XcodeDefault.xctoolchain/usr/bin/clang -x c -ivfsstatcache /Users/aadityasingh/Library/Developer/Xcode/DerivedData/SDKStatCaches.noindex/iphonesimulator26.4-23E252-686eebb5dc1d8ecb277353a59184f4aa.sdkstatcache -target arm64-apple-ios13.0-simulator -fmessage-length\=0 -fdiagnostics-show-note-include-stack -fmacro-backtrace-limit\=0 -fno-color-diagnostics -fmodules-prune-interval\=86400 -fmodules-prune-after\=345600 -fbuild-session-file\=/Users/aadityasingh/Library/Developer/Xcode/DerivedData/ModuleCache.noindex/Session.modulevalidation -fmodules-validate-once-per-build-session -Wnon-modular-include-in-framework-module -Werror\=non-modular-include-in-framework-module -Wno-trigraphs -Wno-missing-field-initializers -Wno-missing-prototypes -Wno-return-type -Wno-missing-braces -Wparentheses -Wswitch -Wno-unused-function -Wno-unused-label -Wno-unused-parameter -Wno-unused-variable -Wunused-value -Wno-empty-body -Wno-uninitialized -Wno-unknown-pragmas -w -Wno-shadow -Wno-four-char-constants -Wno-conversion -Wno-constant-conversion -Wno-int-conversion -Wno-bool-conversion -Wno-enum-conversion -Wno-float-conversion -Wno-non-literal-null-conversion -Wno-objc-literal-conversion -Wshorten-64-to-32 -Wpointer-sign -Wno-newline-eof -Wno-implicit-fallthrough -isysroot /Applications/Xcode.app/Contents/Developer/Platforms/iPhoneSimulator.platform/Developer/SDKs/iPhoneSimulator26.4.sdk -fstrict-aliasing -Wdeprecated-declarations -Wno-sign-conversion -Wno-infinite-recursion -Wno-comma -Wno-block-capture-autoreleasing -Wno-strict-prototypes -Wno-semicolon-before-method-body -index-store-path /Users/aadityasingh/Library/Developer/Xcode/DerivedData/Chatlio-erkyzdeecsohoaggpwbjdvavzqfv/Index.noindex/DataStore @/Users/aadityasingh/Library/Developer/Xcode/DerivedData/Chatlio-erkyzdeecsohoaggpwbjdvavzqfv/Build/Intermediates.noindex/PostHog.build/Debug-iphonesimulator/phlibwebp.build/Objects-normal/arm64/7187679823f38a2a940e0043cdf9d637-common-args.resp -MMD -MT dependencies -MF /Users/aadityasingh/Library/Developer/Xcode/DerivedData/Chatlio-erkyzdeecsohoaggpwbjdvavzqfv/Build/Intermediates.noindex/PostHog.build/Debug-iphonesimulator/phlibwebp.build/Objects-normal/arm64/yuv.d --serialize-diagnostics /Users/aadityasingh/Library/Developer/Xcode/DerivedData/Chatlio-erkyzdeecsohoaggpwbjdvavzqfv/Build/Intermediates.noindex/PostHog.build/Debug-iphonesimulator/phlibwebp.build/Objects-normal/arm64/yuv.dia -c /Users/aadityasingh/Library/Developer/Xcode/DerivedData/Chatlio-erkyzdeecsohoaggpwbjdvavzqfv/SourcePackages/checkouts/posthog-ios/vendor/libwebp/yuv.c -o /Users/aadityasingh/Library/Developer/Xcode/DerivedData/Chatlio-erkyzdeecsohoaggpwbjdvavzqfv/Build/Intermediates.noindex/PostHog.build/Debug-iphonesimulator/phlibwebp.build/Objects-normal/arm64/yuv.o -index-unit-output-path /PostHog.build/Debug-iphonesimulator/phlibwebp.build/Objects-normal/arm64/yuv.o

ScanDependencies /Users/aadityasingh/Library/Developer/Xcode/DerivedData/Chatlio-erkyzdeecsohoaggpwbjdvavzqfv/Build/Intermediates.noindex/PostHog.build/Debug-iphonesimulator/phlibwebp.build/Objects-normal/arm64/webp_enc.o /Users/aadityasingh/Library/Developer/Xcode/DerivedData/Chatlio-erkyzdeecsohoaggpwbjdvavzqfv/SourcePackages/checkouts/posthog-ios/vendor/libwebp/webp_enc.c normal arm64 c com.apple.compilers.llvm.clang.1_0.compiler (in target 'phlibwebp' from project 'PostHog')
    cd /Users/aadityasingh/Documents/Development/element-x-ios/Chatlio.xcodeproj
    
    Using response file: /Users/aadityasingh/Library/Developer/Xcode/DerivedData/Chatlio-erkyzdeecsohoaggpwbjdvavzqfv/Build/Intermediates.noindex/PostHog.build/Debug-iphonesimulator/phlibwebp.build/Objects-normal/arm64/7187679823f38a2a940e0043cdf9d637-common-args.resp
    
    builtin-ScanDependencies -o /Users/aadityasingh/Library/Developer/Xcode/DerivedData/Chatlio-erkyzdeecsohoaggpwbjdvavzqfv/Build/Intermediates.noindex/PostHog.build/Debug-iphonesimulator/phlibwebp.build/Objects-normal/arm64/webp_enc.o.scan -- /Applications/Xcode.app/Contents/Developer/Toolchains/XcodeDefault.xctoolchain/usr/bin/clang -x c -ivfsstatcache /Users/aadityasingh/Library/Developer/Xcode/DerivedData/SDKStatCaches.noindex/iphonesimulator26.4-23E252-686eebb5dc1d8ecb277353a59184f4aa.sdkstatcache -target arm64-apple-ios13.0-simulator -fmessage-length\=0 -fdiagnostics-show-note-include-stack -fmacro-backtrace-limit\=0 -fno-color-diagnostics -fmodules-prune-interval\=86400 -fmodules-prune-after\=345600 -fbuild-session-file\=/Users/aadityasingh/Library/Developer/Xcode/DerivedData/ModuleCache.noindex/Session.modulevalidation -fmodules-validate-once-per-build-session -Wnon-modular-include-in-framework-module -Werror\=non-modular-include-in-framework-module -Wno-trigraphs -Wno-missing-field-initializers -Wno-missing-prototypes -Wno-return-type -Wno-missing-braces -Wparentheses -Wswitch -Wno-unused-function -Wno-unused-label -Wno-unused-parameter -Wno-unused-variable -Wunused-value -Wno-empty-body -Wno-uninitialized -Wno-unknown-pragmas -w -Wno-shadow -Wno-four-char-constants -Wno-conversion -Wno-constant-conversion -Wno-int-conversion -Wno-bool-conversion -Wno-enum-conversion -Wno-float-conversion -Wno-non-literal-null-conversion -Wno-objc-literal-conversion -Wshorten-64-to-32 -Wpointer-sign -Wno-newline-eof -Wno-implicit-fallthrough -isysroot /Applications/Xcode.app/Contents/Developer/Platforms/iPhoneSimulator.platform/Developer/SDKs/iPhoneSimulator26.4.sdk -fstrict-aliasing -Wdeprecated-declarations -Wno-sign-conversion -Wno-infinite-recursion -Wno-comma -Wno-block-capture-autoreleasing -Wno-strict-prototypes -Wno-semicolon-before-method-body -index-store-path /Users/aadityasingh/Library/Developer/Xcode/DerivedData/Chatlio-erkyzdeecsohoaggpwbjdvavzqfv/Index.noindex/DataStore @/Users/aadityasingh/Library/Developer/Xcode/DerivedData/Chatlio-erkyzdeecsohoaggpwbjdvavzqfv/Build/Intermediates.noindex/PostHog.build/Debug-iphonesimulator/phlibwebp.build/Objects-normal/arm64/7187679823f38a2a940e0043cdf9d637-common-args.resp -MMD -MT dependencies -MF /Users/aadityasingh/Library/Developer/Xcode/DerivedData/Chatlio-erkyzdeecsohoaggpwbjdvavzqfv/Build/Intermediates.noindex/PostHog.build/Debug-iphonesimulator/phlibwebp.build/Objects-normal/arm64/webp_enc.d --serialize-diagnostics /Users/aadityasingh/Library/Developer/Xcode/DerivedData/Chatlio-erkyzdeecsohoaggpwbjdvavzqfv/Build/Intermediates.noindex/PostHog.build/Debug-iphonesimulator/phlibwebp.build/Objects-normal/arm64/webp_enc.dia -c /Users/aadityasingh/Library/Developer/Xcode/DerivedData/Chatlio-erkyzdeecsohoaggpwbjdvavzqfv/SourcePackages/checkouts/posthog-ios/vendor/libwebp/webp_enc.c -o /Users/aadityasingh/Library/Developer/Xcode/DerivedData/Chatlio-erkyzdeecsohoaggpwbjdvavzqfv/Build/Intermediates.noindex/PostHog.build/Debug-iphonesimulator/phlibwebp.build/Objects-normal/arm64/webp_enc.o -index-unit-output-path /PostHog.build/Debug-iphonesimulator/phlibwebp.build/Objects-normal/arm64/webp_enc.o

ScanDependencies /Users/aadityasingh/Library/Developer/Xcode/DerivedData/Chatlio-erkyzdeecsohoaggpwbjdvavzqfv/Build/Intermediates.noindex/PostHog.build/Debug-iphonesimulator/phlibwebp.build/Objects-normal/arm64/vp8l_enc.o /Users/aadityasingh/Library/Developer/Xcode/DerivedData/Chatlio-erkyzdeecsohoaggpwbjdvavzqfv/SourcePackages/checkouts/posthog-ios/vendor/libwebp/vp8l_enc.c normal arm64 c com.apple.compilers.llvm.clang.1_0.compiler (in target 'phlibwebp' from project 'PostHog')
    cd /Users/aadityasingh/Documents/Development/element-x-ios/Chatlio.xcodeproj
    
    Using response file: /Users/aadityasingh/Library/Developer/Xcode/DerivedData/Chatlio-erkyzdeecsohoaggpwbjdvavzqfv/Build/Intermediates.noindex/PostHog.build/Debug-iphonesimulator/phlibwebp.build/Objects-normal/arm64/7187679823f38a2a940e0043cdf9d637-common-args.resp
    
    builtin-ScanDependencies -o /Users/aadityasingh/Library/Developer/Xcode/DerivedData/Chatlio-erkyzdeecsohoaggpwbjdvavzqfv/Build/Intermediates.noindex/PostHog.build/Debug-iphonesimulator/phlibwebp.build/Objects-normal/arm64/vp8l_enc.o.scan -- /Applications/Xcode.app/Contents/Developer/Toolchains/XcodeDefault.xctoolchain/usr/bin/clang -x c -ivfsstatcache /Users/aadityasingh/Library/Developer/Xcode/DerivedData/SDKStatCaches.noindex/iphonesimulator26.4-23E252-686eebb5dc1d8ecb277353a59184f4aa.sdkstatcache -target arm64-apple-ios13.0-simulator -fmessage-length\=0 -fdiagnostics-show-note-include-stack -fmacro-backtrace-limit\=0 -fno-color-diagnostics -fmodules-prune-interval\=86400 -fmodules-prune-after\=345600 -fbuild-session-file\=/Users/aadityasingh/Library/Developer/Xcode/DerivedData/ModuleCache.noindex/Session.modulevalidation -fmodules-validate-once-per-build-session -Wnon-modular-include-in-framework-module -Werror\=non-modular-include-in-framework-module -Wno-trigraphs -Wno-missing-field-initializers -Wno-missing-prototypes -Wno-return-type -Wno-missing-braces -Wparentheses -Wswitch -Wno-unused-function -Wno-unused-label -Wno-unused-parameter -Wno-unused-variable -Wunused-value -Wno-empty-body -Wno-uninitialized -Wno-unknown-pragmas -w -Wno-shadow -Wno-four-char-constants -Wno-conversion -Wno-constant-conversion -Wno-int-conversion -Wno-bool-conversion -Wno-enum-conversion -Wno-float-conversion -Wno-non-literal-null-conversion -Wno-objc-literal-conversion -Wshorten-64-to-32 -Wpointer-sign -Wno-newline-eof -Wno-implicit-fallthrough -isysroot /Applications/Xcode.app/Contents/Developer/Platforms/iPhoneSimulator.platform/Developer/SDKs/iPhoneSimulator26.4.sdk -fstrict-aliasing -Wdeprecated-declarations -Wno-sign-conversion -Wno-infinite-recursion -Wno-comma -Wno-block-capture-autoreleasing -Wno-strict-prototypes -Wno-semicolon-before-method-body -index-store-path /Users/aadityasingh/Library/Developer/Xcode/DerivedData/Chatlio-erkyzdeecsohoaggpwbjdvavzqfv/Index.noindex/DataStore @/Users/aadityasingh/Library/Developer/Xcode/DerivedData/Chatlio-erkyzdeecsohoaggpwbjdvavzqfv/Build/Intermediates.noindex/PostHog.build/Debug-iphonesimulator/phlibwebp.build/Objects-normal/arm64/7187679823f38a2a940e0043cdf9d637-common-args.resp -MMD -MT dependencies -MF /Users/aadityasingh/Library/Developer/Xcode/DerivedData/Chatlio-erkyzdeecsohoaggpwbjdvavzqfv/Build/Intermediates.noindex/PostHog.build/Debug-iphonesimulator/phlibwebp.build/Objects-normal/arm64/vp8l_enc.d --serialize-diagnostics /Users/aadityasingh/Library/Developer/Xcode/DerivedData/Chatlio-erkyzdeecsohoaggpwbjdvavzqfv/Build/Intermediates.noindex/PostHog.build/Debug-iphonesimulator/phlibwebp.build/Objects-normal/arm64/vp8l_enc.dia -c /Users/aadityasingh/Library/Developer/Xcode/DerivedData/Chatlio-erkyzdeecsohoaggpwbjdvavzqfv/SourcePackages/checkouts/posthog-ios/vendor/libwebp/vp8l_enc.c -o /Users/aadityasingh/Library/Developer/Xcode/DerivedData/Chatlio-erkyzdeecsohoaggpwbjdvavzqfv/Build/Intermediates.noindex/PostHog.build/Debug-iphonesimulator/phlibwebp.build/Objects-normal/arm64/vp8l_enc.o -index-unit-output-path /PostHog.build/Debug-iphonesimulator/phlibwebp.build/Objects-normal/arm64/vp8l_enc.o

ScanDependencies /Users/aadityasingh/Library/Developer/Xcode/DerivedData/Chatlio-erkyzdeecsohoaggpwbjdvavzqfv/Build/Intermediates.noindex/PostHog.build/Debug-iphonesimulator/phlibwebp.build/Objects-normal/arm64/utils.o /Users/aadityasingh/Library/Developer/Xcode/DerivedData/Chatlio-erkyzdeecsohoaggpwbjdvavzqfv/SourcePackages/checkouts/posthog-ios/vendor/libwebp/utils.c normal arm64 c com.apple.compilers.llvm.clang.1_0.compiler (in target 'phlibwebp' from project 'PostHog')
    cd /Users/aadityasingh/Documents/Development/element-x-ios/Chatlio.xcodeproj
    
    Using response file: /Users/aadityasingh/Library/Developer/Xcode/DerivedData/Chatlio-erkyzdeecsohoaggpwbjdvavzqfv/Build/Intermediates.noindex/PostHog.build/Debug-iphonesimulator/phlibwebp.build/Objects-normal/arm64/7187679823f38a2a940e0043cdf9d637-common-args.resp
    
    builtin-ScanDependencies -o /Users/aadityasingh/Library/Developer/Xcode/DerivedData/Chatlio-erkyzdeecsohoaggpwbjdvavzqfv/Build/Intermediates.noindex/PostHog.build/Debug-iphonesimulator/phlibwebp.build/Objects-normal/arm64/utils.o.scan -- /Applications/Xcode.app/Contents/Developer/Toolchains/XcodeDefault.xctoolchain/usr/bin/clang -x c -ivfsstatcache /Users/aadityasingh/Library/Developer/Xcode/DerivedData/SDKStatCaches.noindex/iphonesimulator26.4-23E252-686eebb5dc1d8ecb277353a59184f4aa.sdkstatcache -target arm64-apple-ios13.0-simulator -fmessage-length\=0 -fdiagnostics-show-note-include-stack -fmacro-backtrace-limit\=0 -fno-color-diagnostics -fmodules-prune-interval\=86400 -fmodules-prune-after\=345600 -fbuild-session-file\=/Users/aadityasingh/Library/Developer/Xcode/DerivedData/ModuleCache.noindex/Session.modulevalidation -fmodules-validate-once-per-build-session -Wnon-modular-include-in-framework-module -Werror\=non-modular-include-in-framework-module -Wno-trigraphs -Wno-missing-field-initializers -Wno-missing-prototypes -Wno-return-type -Wno-missing-braces -Wparentheses -Wswitch -Wno-unused-function -Wno-unused-label -Wno-unused-parameter -Wno-unused-variable -Wunused-value -Wno-empty-body -Wno-uninitialized -Wno-unknown-pragmas -w -Wno-shadow -Wno-four-char-constants -Wno-conversion -Wno-constant-conversion -Wno-int-conversion -Wno-bool-conversion -Wno-enum-conversion -Wno-float-conversion -Wno-non-literal-null-conversion -Wno-objc-literal-conversion -Wshorten-64-to-32 -Wpointer-sign -Wno-newline-eof -Wno-implicit-fallthrough -isysroot /Applications/Xcode.app/Contents/Developer/Platforms/iPhoneSimulator.platform/Developer/SDKs/iPhoneSimulator26.4.sdk -fstrict-aliasing -Wdeprecated-declarations -Wno-sign-conversion -Wno-infinite-recursion -Wno-comma -Wno-block-capture-autoreleasing -Wno-strict-prototypes -Wno-semicolon-before-method-body -index-store-path /Users/aadityasingh/Library/Developer/Xcode/DerivedData/Chatlio-erkyzdeecsohoaggpwbjdvavzqfv/Index.noindex/DataStore @/Users/aadityasingh/Library/Developer/Xcode/DerivedData/Chatlio-erkyzdeecsohoaggpwbjdvavzqfv/Build/Intermediates.noindex/PostHog.build/Debug-iphonesimulator/phlibwebp.build/Objects-normal/arm64/7187679823f38a2a940e0043cdf9d637-common-args.resp -MMD -MT dependencies -MF /Users/aadityasingh/Library/Developer/Xcode/DerivedData/Chatlio-erkyzdeecsohoaggpwbjdvavzqfv/Build/Intermediates.noindex/PostHog.build/Debug-iphonesimulator/phlibwebp.build/Objects-normal/arm64/utils.d --serialize-diagnostics /Users/aadityasingh/Library/Developer/Xcode/DerivedData/Chatlio-erkyzdeecsohoaggpwbjdvavzqfv/Build/Intermediates.noindex/PostHog.build/Debug-iphonesimulator/phlibwebp.build/Objects-normal/arm64/utils.dia -c /Users/aadityasingh/Library/Developer/Xcode/DerivedData/Chatlio-erkyzdeecsohoaggpwbjdvavzqfv/SourcePackages/checkouts/posthog-ios/vendor/libwebp/utils.c -o /Users/aadityasingh/Library/Developer/Xcode/DerivedData/Chatlio-erkyzdeecsohoaggpwbjdvavzqfv/Build/Intermediates.noindex/PostHog.build/Debug-iphonesimulator/phlibwebp.build/Objects-normal/arm64/utils.o -index-unit-output-path /PostHog.build/Debug-iphonesimulator/phlibwebp.build/Objects-normal/arm64/utils.o

ScanDependencies /Users/aadityasingh/Library/Developer/Xcode/DerivedData/Chatlio-erkyzdeecsohoaggpwbjdvavzqfv/Build/Intermediates.noindex/PostHog.build/Debug-iphonesimulator/phlibwebp.build/Objects-normal/arm64/upsampling_sse41.o /Users/aadityasingh/Library/Developer/Xcode/DerivedData/Chatlio-erkyzdeecsohoaggpwbjdvavzqfv/SourcePackages/checkouts/posthog-ios/vendor/libwebp/upsampling_sse41.c normal arm64 c com.apple.compilers.llvm.clang.1_0.compiler (in target 'phlibwebp' from project 'PostHog')
    cd /Users/aadityasingh/Documents/Development/element-x-ios/Chatlio.xcodeproj
    
    Using response file: /Users/aadityasingh/Library/Developer/Xcode/DerivedData/Chatlio-erkyzdeecsohoaggpwbjdvavzqfv/Build/Intermediates.noindex/PostHog.build/Debug-iphonesimulator/phlibwebp.build/Objects-normal/arm64/7187679823f38a2a940e0043cdf9d637-common-args.resp
    
    builtin-ScanDependencies -o /Users/aadityasingh/Library/Developer/Xcode/DerivedData/Chatlio-erkyzdeecsohoaggpwbjdvavzqfv/Build/Intermediates.noindex/PostHog.build/Debug-iphonesimulator/phlibwebp.build/Objects-normal/arm64/upsampling_sse41.o.scan -- /Applications/Xcode.app/Contents/Developer/Toolchains/XcodeDefault.xctoolchain/usr/bin/clang -x c -ivfsstatcache /Users/aadityasingh/Library/Developer/Xcode/DerivedData/SDKStatCaches.noindex/iphonesimulator26.4-23E252-686eebb5dc1d8ecb277353a59184f4aa.sdkstatcache -target arm64-apple-ios13.0-simulator -fmessage-length\=0 -fdiagnostics-show-note-include-stack -fmacro-backtrace-limit\=0 -fno-color-diagnostics -fmodules-prune-interval\=86400 -fmodules-prune-after\=345600 -fbuild-session-file\=/Users/aadityasingh/Library/Developer/Xcode/DerivedData/ModuleCache.noindex/Session.modulevalidation -fmodules-validate-once-per-build-session -Wnon-modular-include-in-framework-module -Werror\=non-modular-include-in-framework-module -Wno-trigraphs -Wno-missing-field-initializers -Wno-missing-prototypes -Wno-return-type -Wno-missing-braces -Wparentheses -Wswitch -Wno-unused-function -Wno-unused-label -Wno-unused-parameter -Wno-unused-variable -Wunused-value -Wno-empty-body -Wno-uninitialized -Wno-unknown-pragmas -w -Wno-shadow -Wno-four-char-constants -Wno-conversion -Wno-constant-conversion -Wno-int-conversion -Wno-bool-conversion -Wno-enum-conversion -Wno-float-conversion -Wno-non-literal-null-conversion -Wno-objc-literal-conversion -Wshorten-64-to-32 -Wpointer-sign -Wno-newline-eof -Wno-implicit-fallthrough -isysroot /Applications/Xcode.app/Contents/Developer/Platforms/iPhoneSimulator.platform/Developer/SDKs/iPhoneSimulator26.4.sdk -fstrict-aliasing -Wdeprecated-declarations -Wno-sign-conversion -Wno-infinite-recursion -Wno-comma -Wno-block-capture-autoreleasing -Wno-strict-prototypes -Wno-semicolon-before-method-body -index-store-path /Users/aadityasingh/Library/Developer/Xcode/DerivedData/Chatlio-erkyzdeecsohoaggpwbjdvavzqfv/Index.noindex/DataStore @/Users/aadityasingh/Library/Developer/Xcode/DerivedData/Chatlio-erkyzdeecsohoaggpwbjdvavzqfv/Build/Intermediates.noindex/PostHog.build/Debug-iphonesimulator/phlibwebp.build/Objects-normal/arm64/7187679823f38a2a940e0043cdf9d637-common-args.resp -MMD -MT dependencies -MF /Users/aadityasingh/Library/Developer/Xcode/DerivedData/Chatlio-erkyzdeecsohoaggpwbjdvavzqfv/Build/Intermediates.noindex/PostHog.build/Debug-iphonesimulator/phlibwebp.build/Objects-normal/arm64/upsampling_sse41.d --serialize-diagnostics /Users/aadityasingh/Library/Developer/Xcode/DerivedData/Chatlio-erkyzdeecsohoaggpwbjdvavzqfv/Build/Intermediates.noindex/PostHog.build/Debug-iphonesimulator/phlibwebp.build/Objects-normal/arm64/upsampling_sse41.dia -c /Users/aadityasingh/Library/Developer/Xcode/DerivedData/Chatlio-erkyzdeecsohoaggpwbjdvavzqfv/SourcePackages/checkouts/posthog-ios/vendor/libwebp/upsampling_sse41.c -o /Users/aadityasingh/Library/Developer/Xcode/DerivedData/Chatlio-erkyzdeecsohoaggpwbjdvavzqfv/Build/Intermediates.noindex/PostHog.build/Debug-iphonesimulator/phlibwebp.build/Objects-normal/arm64/upsampling_sse41.o -index-unit-output-path /PostHog.build/Debug-iphonesimulator/phlibwebp.build/Objects-normal/arm64/upsampling_sse41.o

ScanDependencies /Users/aadityasingh/Library/Developer/Xcode/DerivedData/Chatlio-erkyzdeecsohoaggpwbjdvavzqfv/Build/Intermediates.noindex/PostHog.build/Debug-iphonesimulator/phlibwebp.build/Objects-normal/arm64/upsampling_sse2.o /Users/aadityasingh/Library/Developer/Xcode/DerivedData/Chatlio-erkyzdeecsohoaggpwbjdvavzqfv/SourcePackages/checkouts/posthog-ios/vendor/libwebp/upsampling_sse2.c normal arm64 c com.apple.compilers.llvm.clang.1_0.compiler (in target 'phlibwebp' from project 'PostHog')
    cd /Users/aadityasingh/Documents/Development/element-x-ios/Chatlio.xcodeproj
    
    Using response file: /Users/aadityasingh/Library/Developer/Xcode/DerivedData/Chatlio-erkyzdeecsohoaggpwbjdvavzqfv/Build/Intermediates.noindex/PostHog.build/Debug-iphonesimulator/phlibwebp.build/Objects-normal/arm64/7187679823f38a2a940e0043cdf9d637-common-args.resp
    
    builtin-ScanDependencies -o /Users/aadityasingh/Library/Developer/Xcode/DerivedData/Chatlio-erkyzdeecsohoaggpwbjdvavzqfv/Build/Intermediates.noindex/PostHog.build/Debug-iphonesimulator/phlibwebp.build/Objects-normal/arm64/upsampling_sse2.o.scan -- /Applications/Xcode.app/Contents/Developer/Toolchains/XcodeDefault.xctoolchain/usr/bin/clang -x c -ivfsstatcache /Users/aadityasingh/Library/Developer/Xcode/DerivedData/SDKStatCaches.noindex/iphonesimulator26.4-23E252-686eebb5dc1d8ecb277353a59184f4aa.sdkstatcache -target arm64-apple-ios13.0-simulator -fmessage-length\=0 -fdiagnostics-show-note-include-stack -fmacro-backtrace-limit\=0 -fno-color-diagnostics -fmodules-prune-interval\=86400 -fmodules-prune-after\=345600 -fbuild-session-file\=/Users/aadityasingh/Library/Developer/Xcode/DerivedData/ModuleCache.noindex/Session.modulevalidation -fmodules-validate-once-per-build-session -Wnon-modular-include-in-framework-module -Werror\=non-modular-include-in-framework-module -Wno-trigraphs -Wno-missing-field-initializers -Wno-missing-prototypes -Wno-return-type -Wno-missing-braces -Wparentheses -Wswitch -Wno-unused-function -Wno-unused-label -Wno-unused-parameter -Wno-unused-variable -Wunused-value -Wno-empty-body -Wno-uninitialized -Wno-unknown-pragmas -w -Wno-shadow -Wno-four-char-constants -Wno-conversion -Wno-constant-conversion -Wno-int-conversion -Wno-bool-conversion -Wno-enum-conversion -Wno-float-conversion -Wno-non-literal-null-conversion -Wno-objc-literal-conversion -Wshorten-64-to-32 -Wpointer-sign -Wno-newline-eof -Wno-implicit-fallthrough -isysroot /Applications/Xcode.app/Contents/Developer/Platforms/iPhoneSimulator.platform/Developer/SDKs/iPhoneSimulator26.4.sdk -fstrict-aliasing -Wdeprecated-declarations -Wno-sign-conversion -Wno-infinite-recursion -Wno-comma -Wno-block-capture-autoreleasing -Wno-strict-prototypes -Wno-semicolon-before-method-body -index-store-path /Users/aadityasingh/Library/Developer/Xcode/DerivedData/Chatlio-erkyzdeecsohoaggpwbjdvavzqfv/Index.noindex/DataStore @/Users/aadityasingh/Library/Developer/Xcode/DerivedData/Chatlio-erkyzdeecsohoaggpwbjdvavzqfv/Build/Intermediates.noindex/PostHog.build/Debug-iphonesimulator/phlibwebp.build/Objects-normal/arm64/7187679823f38a2a940e0043cdf9d637-common-args.resp -MMD -MT dependencies -MF /Users/aadityasingh/Library/Developer/Xcode/DerivedData/Chatlio-erkyzdeecsohoaggpwbjdvavzqfv/Build/Intermediates.noindex/PostHog.build/Debug-iphonesimulator/phlibwebp.build/Objects-normal/arm64/upsampling_sse2.d --serialize-diagnostics /Users/aadityasingh/Library/Developer/Xcode/DerivedData/Chatlio-erkyzdeecsohoaggpwbjdvavzqfv/Build/Intermediates.noindex/PostHog.build/Debug-iphonesimulator/phlibwebp.build/Objects-normal/arm64/upsampling_sse2.dia -c /Users/aadityasingh/Library/Developer/Xcode/DerivedData/Chatlio-erkyzdeecsohoaggpwbjdvavzqfv/SourcePackages/checkouts/posthog-ios/vendor/libwebp/upsampling_sse2.c -o /Users/aadityasingh/Library/Developer/Xcode/DerivedData/Chatlio-erkyzdeecsohoaggpwbjdvavzqfv/Build/Intermediates.noindex/PostHog.build/Debug-iphonesimulator/phlibwebp.build/Objects-normal/arm64/upsampling_sse2.o -index-unit-output-path /PostHog.build/Debug-iphonesimulator/phlibwebp.build/Objects-normal/arm64/upsampling_sse2.o

PrecompileModule /Users/aadityasingh/Library/Developer/Xcode/DerivedData/Chatlio-erkyzdeecsohoaggpwbjdvavzqfv/Build/Intermediates.noindex/ExplicitPrecompiledModules/_Builtin_stdint-ALM3Y5J428H9VK1Y2KQATYPWI.scan
    cd /
    builtin-precompileModule /Users/aadityasingh/Library/Developer/Xcode/DerivedData/Chatlio-erkyzdeecsohoaggpwbjdvavzqfv/Build/Intermediates.noindex/ExplicitPrecompiledModules/_Builtin_stdint-ALM3Y5J428H9VK1Y2KQATYPWI.scan

ScanDependencies /Users/aadityasingh/Library/Developer/Xcode/DerivedData/Chatlio-erkyzdeecsohoaggpwbjdvavzqfv/Build/Intermediates.noindex/PostHog.build/Debug-iphonesimulator/phlibwebp.build/Objects-normal/arm64/upsampling_neon.o /Users/aadityasingh/Library/Developer/Xcode/DerivedData/Chatlio-erkyzdeecsohoaggpwbjdvavzqfv/SourcePackages/checkouts/posthog-ios/vendor/libwebp/upsampling_neon.c normal arm64 c com.apple.compilers.llvm.clang.1_0.compiler (in target 'phlibwebp' from project 'PostHog')
    cd /Users/aadityasingh/Documents/Development/element-x-ios/Chatlio.xcodeproj
    
    Using response file: /Users/aadityasingh/Library/Developer/Xcode/DerivedData/Chatlio-erkyzdeecsohoaggpwbjdvavzqfv/Build/Intermediates.noindex/PostHog.build/Debug-iphonesimulator/phlibwebp.build/Objects-normal/arm64/7187679823f38a2a940e0043cdf9d637-common-args.resp
    
    builtin-ScanDependencies -o /Users/aadityasingh/Library/Developer/Xcode/DerivedData/Chatlio-erkyzdeecsohoaggpwbjdvavzqfv/Build/Intermediates.noindex/PostHog.build/Debug-iphonesimulator/phlibwebp.build/Objects-normal/arm64/upsampling_neon.o.scan -- /Applications/Xcode.app/Contents/Developer/Toolchains/XcodeDefault.xctoolchain/usr/bin/clang -x c -ivfsstatcache /Users/aadityasingh/Library/Developer/Xcode/DerivedData/SDKStatCaches.noindex/iphonesimulator26.4-23E252-686eebb5dc1d8ecb277353a59184f4aa.sdkstatcache -target arm64-apple-ios13.0-simulator -fmessage-length\=0 -fdiagnostics-show-note-include-stack -fmacro-backtrace-limit\=0 -fno-color-diagnostics -fmodules-prune-interval\=86400 -fmodules-prune-after\=345600 -fbuild-session-file\=/Users/aadityasingh/Library/Developer/Xcode/DerivedData/ModuleCache.noindex/Session.modulevalidation -fmodules-validate-once-per-build-session -Wnon-modular-include-in-framework-module -Werror\=non-modular-include-in-framework-module -Wno-trigraphs -Wno-missing-field-initializers -Wno-missing-prototypes -Wno-return-type -Wno-missing-braces -Wparentheses -Wswitch -Wno-unused-function -Wno-unused-label -Wno-unused-parameter -Wno-unused-variable -Wunused-value -Wno-empty-body -Wno-uninitialized -Wno-unknown-pragmas -w -Wno-shadow -Wno-four-char-constants -Wno-conversion -Wno-constant-conversion -Wno-int-conversion -Wno-bool-conversion -Wno-enum-conversion -Wno-float-conversion -Wno-non-literal-null-conversion -Wno-objc-literal-conversion -Wshorten-64-to-32 -Wpointer-sign -Wno-newline-eof -Wno-implicit-fallthrough -isysroot /Applications/Xcode.app/Contents/Developer/Platforms/iPhoneSimulator.platform/Developer/SDKs/iPhoneSimulator26.4.sdk -fstrict-aliasing -Wdeprecated-declarations -Wno-sign-conversion -Wno-infinite-recursion -Wno-comma -Wno-block-capture-autoreleasing -Wno-strict-prototypes -Wno-semicolon-before-method-body -index-store-path /Users/aadityasingh/Library/Developer/Xcode/DerivedData/Chatlio-erkyzdeecsohoaggpwbjdvavzqfv/Index.noindex/DataStore @/Users/aadityasingh/Library/Developer/Xcode/DerivedData/Chatlio-erkyzdeecsohoaggpwbjdvavzqfv/Build/Intermediates.noindex/PostHog.build/Debug-iphonesimulator/phlibwebp.build/Objects-normal/arm64/7187679823f38a2a940e0043cdf9d637-common-args.resp -MMD -MT dependencies -MF /Users/aadityasingh/Library/Developer/Xcode/DerivedData/Chatlio-erkyzdeecsohoaggpwbjdvavzqfv/Build/Intermediates.noindex/PostHog.build/Debug-iphonesimulator/phlibwebp.build/Objects-normal/arm64/upsampling_neon.d --serialize-diagnostics /Users/aadityasingh/Library/Developer/Xcode/DerivedData/Chatlio-erkyzdeecsohoaggpwbjdvavzqfv/Build/Intermediates.noindex/PostHog.build/Debug-iphonesimulator/phlibwebp.build/Objects-normal/arm64/upsampling_neon.dia -c /Users/aadityasingh/Library/Developer/Xcode/DerivedData/Chatlio-erkyzdeecsohoaggpwbjdvavzqfv/SourcePackages/checkouts/posthog-ios/vendor/libwebp/upsampling_neon.c -o /Users/aadityasingh/Library/Developer/Xcode/DerivedData/Chatlio-erkyzdeecsohoaggpwbjdvavzqfv/Build/Intermediates.noindex/PostHog.build/Debug-iphonesimulator/phlibwebp.build/Objects-normal/arm64/upsampling_neon.o -index-unit-output-path /PostHog.build/Debug-iphonesimulator/phlibwebp.build/Objects-normal/arm64/upsampling_neon.o

ScanDependencies /Users/aadityasingh/Library/Developer/Xcode/DerivedData/Chatlio-erkyzdeecsohoaggpwbjdvavzqfv/Build/Intermediates.noindex/PostHog.build/Debug-iphonesimulator/phlibwebp.build/Objects-normal/arm64/upsampling.o /Users/aadityasingh/Library/Developer/Xcode/DerivedData/Chatlio-erkyzdeecsohoaggpwbjdvavzqfv/SourcePackages/checkouts/posthog-ios/vendor/libwebp/upsampling.c normal arm64 c com.apple.compilers.llvm.clang.1_0.compiler (in target 'phlibwebp' from project 'PostHog')
    cd /Users/aadityasingh/Documents/Development/element-x-ios/Chatlio.xcodeproj
    
    Using response file: /Users/aadityasingh/Library/Developer/Xcode/DerivedData/Chatlio-erkyzdeecsohoaggpwbjdvavzqfv/Build/Intermediates.noindex/PostHog.build/Debug-iphonesimulator/phlibwebp.build/Objects-normal/arm64/7187679823f38a2a940e0043cdf9d637-common-args.resp
    
    builtin-ScanDependencies -o /Users/aadityasingh/Library/Developer/Xcode/DerivedData/Chatlio-erkyzdeecsohoaggpwbjdvavzqfv/Build/Intermediates.noindex/PostHog.build/Debug-iphonesimulator/phlibwebp.build/Objects-normal/arm64/upsampling.o.scan -- /Applications/Xcode.app/Contents/Developer/Toolchains/XcodeDefault.xctoolchain/usr/bin/clang -x c -ivfsstatcache /Users/aadityasingh/Library/Developer/Xcode/DerivedData/SDKStatCaches.noindex/iphonesimulator26.4-23E252-686eebb5dc1d8ecb277353a59184f4aa.sdkstatcache -target arm64-apple-ios13.0-simulator -fmessage-length\=0 -fdiagnostics-show-note-include-stack -fmacro-backtrace-limit\=0 -fno-color-diagnostics -fmodules-prune-interval\=86400 -fmodules-prune-after\=345600 -fbuild-session-file\=/Users/aadityasingh/Library/Developer/Xcode/DerivedData/ModuleCache.noindex/Session.modulevalidation -fmodules-validate-once-per-build-session -Wnon-modular-include-in-framework-module -Werror\=non-modular-include-in-framework-module -Wno-trigraphs -Wno-missing-field-initializers -Wno-missing-prototypes -Wno-return-type -Wno-missing-braces -Wparentheses -Wswitch -Wno-unused-function -Wno-unused-label -Wno-unused-parameter -Wno-unused-variable -Wunused-value -Wno-empty-body -Wno-uninitialized -Wno-unknown-pragmas -w -Wno-shadow -Wno-four-char-constants -Wno-conversion -Wno-constant-conversion -Wno-int-conversion -Wno-bool-conversion -Wno-enum-conversion -Wno-float-conversion -Wno-non-literal-null-conversion -Wno-objc-literal-conversion -Wshorten-64-to-32 -Wpointer-sign -Wno-newline-eof -Wno-implicit-fallthrough -isysroot /Applications/Xcode.app/Contents/Developer/Platforms/iPhoneSimulator.platform/Developer/SDKs/iPhoneSimulator26.4.sdk -fstrict-aliasing -Wdeprecated-declarations -Wno-sign-conversion -Wno-infinite-recursion -Wno-comma -Wno-block-capture-autoreleasing -Wno-strict-prototypes -Wno-semicolon-before-method-body -index-store-path /Users/aadityasingh/Library/Developer/Xcode/DerivedData/Chatlio-erkyzdeecsohoaggpwbjdvavzqfv/Index.noindex/DataStore @/Users/aadityasingh/Library/Developer/Xcode/DerivedData/Chatlio-erkyzdeecsohoaggpwbjdvavzqfv/Build/Intermediates.noindex/PostHog.build/Debug-iphonesimulator/phlibwebp.build/Objects-normal/arm64/7187679823f38a2a940e0043cdf9d637-common-args.resp -MMD -MT dependencies -MF /Users/aadityasingh/Library/Developer/Xcode/DerivedData/Chatlio-erkyzdeecsohoaggpwbjdvavzqfv/Build/Intermediates.noindex/PostHog.build/Debug-iphonesimulator/phlibwebp.build/Objects-normal/arm64/upsampling.d --serialize-diagnostics /Users/aadityasingh/Library/Developer/Xcode/DerivedData/Chatlio-erkyzdeecsohoaggpwbjdvavzqfv/Build/Intermediates.noindex/PostHog.build/Debug-iphonesimulator/phlibwebp.build/Objects-normal/arm64/upsampling.dia -c /Users/aadityasingh/Library/Developer/Xcode/DerivedData/Chatlio-erkyzdeecsohoaggpwbjdvavzqfv/SourcePackages/checkouts/posthog-ios/vendor/libwebp/upsampling.c -o /Users/aadityasingh/Library/Developer/Xcode/DerivedData/Chatlio-erkyzdeecsohoaggpwbjdvavzqfv/Build/Intermediates.noindex/PostHog.build/Debug-iphonesimulator/phlibwebp.build/Objects-normal/arm64/upsampling.o -index-unit-output-path /PostHog.build/Debug-iphonesimulator/phlibwebp.build/Objects-normal/arm64/upsampling.o

PrecompileModule /Users/aadityasingh/Library/Developer/Xcode/DerivedData/Chatlio-erkyzdeecsohoaggpwbjdvavzqfv/Build/Intermediates.noindex/ExplicitPrecompiledModules/_DarwinFoundation3-2J37WX793GB9B02ZJYXMO86R4.scan
    cd /
    builtin-precompileModule /Users/aadityasingh/Library/Developer/Xcode/DerivedData/Chatlio-erkyzdeecsohoaggpwbjdvavzqfv/Build/Intermediates.noindex/ExplicitPrecompiledModules/_DarwinFoundation3-2J37WX793GB9B02ZJYXMO86R4.scan

ScanDependencies /Users/aadityasingh/Library/Developer/Xcode/DerivedData/Chatlio-erkyzdeecsohoaggpwbjdvavzqfv/Build/Intermediates.noindex/PostHog.build/Debug-iphonesimulator/phlibwebp.build/Objects-normal/arm64/tree_enc.o /Users/aadityasingh/Library/Developer/Xcode/DerivedData/Chatlio-erkyzdeecsohoaggpwbjdvavzqfv/SourcePackages/checkouts/posthog-ios/vendor/libwebp/tree_enc.c normal arm64 c com.apple.compilers.llvm.clang.1_0.compiler (in target 'phlibwebp' from project 'PostHog')
    cd /Users/aadityasingh/Documents/Development/element-x-ios/Chatlio.xcodeproj
    
    Using response file: /Users/aadityasingh/Library/Developer/Xcode/DerivedData/Chatlio-erkyzdeecsohoaggpwbjdvavzqfv/Build/Intermediates.noindex/PostHog.build/Debug-iphonesimulator/phlibwebp.build/Objects-normal/arm64/7187679823f38a2a940e0043cdf9d637-common-args.resp
    
    builtin-ScanDependencies -o /Users/aadityasingh/Library/Developer/Xcode/DerivedData/Chatlio-erkyzdeecsohoaggpwbjdvavzqfv/Build/Intermediates.noindex/PostHog.build/Debug-iphonesimulator/phlibwebp.build/Objects-normal/arm64/tree_enc.o.scan -- /Applications/Xcode.app/Contents/Developer/Toolchains/XcodeDefault.xctoolchain/usr/bin/clang -x c -ivfsstatcache /Users/aadityasingh/Library/Developer/Xcode/DerivedData/SDKStatCaches.noindex/iphonesimulator26.4-23E252-686eebb5dc1d8ecb277353a59184f4aa.sdkstatcache -target arm64-apple-ios13.0-simulator -fmessage-length\=0 -fdiagnostics-show-note-include-stack -fmacro-backtrace-limit\=0 -fno-color-diagnostics -fmodules-prune-interval\=86400 -fmodules-prune-after\=345600 -fbuild-session-file\=/Users/aadityasingh/Library/Developer/Xcode/DerivedData/ModuleCache.noindex/Session.modulevalidation -fmodules-validate-once-per-build-session -Wnon-modular-include-in-framework-module -Werror\=non-modular-include-in-framework-module -Wno-trigraphs -Wno-missing-field-initializers -Wno-missing-prototypes -Wno-return-type -Wno-missing-braces -Wparentheses -Wswitch -Wno-unused-function -Wno-unused-label -Wno-unused-parameter -Wno-unused-variable -Wunused-value -Wno-empty-body -Wno-uninitialized -Wno-unknown-pragmas -w -Wno-shadow -Wno-four-char-constants -Wno-conversion -Wno-constant-conversion -Wno-int-conversion -Wno-bool-conversion -Wno-enum-conversion -Wno-float-conversion -Wno-non-literal-null-conversion -Wno-objc-literal-conversion -Wshorten-64-to-32 -Wpointer-sign -Wno-newline-eof -Wno-implicit-fallthrough -isysroot /Applications/Xcode.app/Contents/Developer/Platforms/iPhoneSimulator.platform/Developer/SDKs/iPhoneSimulator26.4.sdk -fstrict-aliasing -Wdeprecated-declarations -Wno-sign-conversion -Wno-infinite-recursion -Wno-comma -Wno-block-capture-autoreleasing -Wno-strict-prototypes -Wno-semicolon-before-method-body -index-store-path /Users/aadityasingh/Library/Developer/Xcode/DerivedData/Chatlio-erkyzdeecsohoaggpwbjdvavzqfv/Index.noindex/DataStore @/Users/aadityasingh/Library/Developer/Xcode/DerivedData/Chatlio-erkyzdeecsohoaggpwbjdvavzqfv/Build/Intermediates.noindex/PostHog.build/Debug-iphonesimulator/phlibwebp.build/Objects-normal/arm64/7187679823f38a2a940e0043cdf9d637-common-args.resp -MMD -MT dependencies -MF /Users/aadityasingh/Library/Developer/Xcode/DerivedData/Chatlio-erkyzdeecsohoaggpwbjdvavzqfv/Build/Intermediates.noindex/PostHog.build/Debug-iphonesimulator/phlibwebp.build/Objects-normal/arm64/tree_enc.d --serialize-diagnostics /Users/aadityasingh/Library/Developer/Xcode/DerivedData/Chatlio-erkyzdeecsohoaggpwbjdvavzqfv/Build/Intermediates.noindex/PostHog.build/Debug-iphonesimulator/phlibwebp.build/Objects-normal/arm64/tree_enc.dia -c /Users/aadityasingh/Library/Developer/Xcode/DerivedData/Chatlio-erkyzdeecsohoaggpwbjdvavzqfv/SourcePackages/checkouts/posthog-ios/vendor/libwebp/tree_enc.c -o /Users/aadityasingh/Library/Developer/Xcode/DerivedData/Chatlio-erkyzdeecsohoaggpwbjdvavzqfv/Build/Intermediates.noindex/PostHog.build/Debug-iphonesimulator/phlibwebp.build/Objects-normal/arm64/tree_enc.o -index-unit-output-path /PostHog.build/Debug-iphonesimulator/phlibwebp.build/Objects-normal/arm64/tree_enc.o

ScanDependencies /Users/aadityasingh/Library/Developer/Xcode/DerivedData/Chatlio-erkyzdeecsohoaggpwbjdvavzqfv/Build/Intermediates.noindex/PostHog.build/Debug-iphonesimulator/phlibwebp.build/Objects-normal/arm64/token_enc.o /Users/aadityasingh/Library/Developer/Xcode/DerivedData/Chatlio-erkyzdeecsohoaggpwbjdvavzqfv/SourcePackages/checkouts/posthog-ios/vendor/libwebp/token_enc.c normal arm64 c com.apple.compilers.llvm.clang.1_0.compiler (in target 'phlibwebp' from project 'PostHog')
    cd /Users/aadityasingh/Documents/Development/element-x-ios/Chatlio.xcodeproj
    
    Using response file: /Users/aadityasingh/Library/Developer/Xcode/DerivedData/Chatlio-erkyzdeecsohoaggpwbjdvavzqfv/Build/Intermediates.noindex/PostHog.build/Debug-iphonesimulator/phlibwebp.build/Objects-normal/arm64/7187679823f38a2a940e0043cdf9d637-common-args.resp
    
    builtin-ScanDependencies -o /Users/aadityasingh/Library/Developer/Xcode/DerivedData/Chatlio-erkyzdeecsohoaggpwbjdvavzqfv/Build/Intermediates.noindex/PostHog.build/Debug-iphonesimulator/phlibwebp.build/Objects-normal/arm64/token_enc.o.scan -- /Applications/Xcode.app/Contents/Developer/Toolchains/XcodeDefault.xctoolchain/usr/bin/clang -x c -ivfsstatcache /Users/aadityasingh/Library/Developer/Xcode/DerivedData/SDKStatCaches.noindex/iphonesimulator26.4-23E252-686eebb5dc1d8ecb277353a59184f4aa.sdkstatcache -target arm64-apple-ios13.0-simulator -fmessage-length\=0 -fdiagnostics-show-note-include-stack -fmacro-backtrace-limit\=0 -fno-color-diagnostics -fmodules-prune-interval\=86400 -fmodules-prune-after\=345600 -fbuild-session-file\=/Users/aadityasingh/Library/Developer/Xcode/DerivedData/ModuleCache.noindex/Session.modulevalidation -fmodules-validate-once-per-build-session -Wnon-modular-include-in-framework-module -Werror\=non-modular-include-in-framework-module -Wno-trigraphs -Wno-missing-field-initializers -Wno-missing-prototypes -Wno-return-type -Wno-missing-braces -Wparentheses -Wswitch -Wno-unused-function -Wno-unused-label -Wno-unused-parameter -Wno-unused-variable -Wunused-value -Wno-empty-body -Wno-uninitialized -Wno-unknown-pragmas -w -Wno-shadow -Wno-four-char-constants -Wno-conversion -Wno-constant-conversion -Wno-int-conversion -Wno-bool-conversion -Wno-enum-conversion -Wno-float-conversion -Wno-non-literal-null-conversion -Wno-objc-literal-conversion -Wshorten-64-to-32 -Wpointer-sign -Wno-newline-eof -Wno-implicit-fallthrough -isysroot /Applications/Xcode.app/Contents/Developer/Platforms/iPhoneSimulator.platform/Developer/SDKs/iPhoneSimulator26.4.sdk -fstrict-aliasing -Wdeprecated-declarations -Wno-sign-conversion -Wno-infinite-recursion -Wno-comma -Wno-block-capture-autoreleasing -Wno-strict-prototypes -Wno-semicolon-before-method-body -index-store-path /Users/aadityasingh/Library/Developer/Xcode/DerivedData/Chatlio-erkyzdeecsohoaggpwbjdvavzqfv/Index.noindex/DataStore @/Users/aadityasingh/Library/Developer/Xcode/DerivedData/Chatlio-erkyzdeecsohoaggpwbjdvavzqfv/Build/Intermediates.noindex/PostHog.build/Debug-iphonesimulator/phlibwebp.build/Objects-normal/arm64/7187679823f38a2a940e0043cdf9d637-common-args.resp -MMD -MT dependencies -MF /Users/aadityasingh/Library/Developer/Xcode/DerivedData/Chatlio-erkyzdeecsohoaggpwbjdvavzqfv/Build/Intermediates.noindex/PostHog.build/Debug-iphonesimulator/phlibwebp.build/Objects-normal/arm64/token_enc.d --serialize-diagnostics /Users/aadityasingh/Library/Developer/Xcode/DerivedData/Chatlio-erkyzdeecsohoaggpwbjdvavzqfv/Build/Intermediates.noindex/PostHog.build/Debug-iphonesimulator/phlibwebp.build/Objects-normal/arm64/token_enc.dia -c /Users/aadityasingh/Library/Developer/Xcode/DerivedData/Chatlio-erkyzdeecsohoaggpwbjdvavzqfv/SourcePackages/checkouts/posthog-ios/vendor/libwebp/token_enc.c -o /Users/aadityasingh/Library/Developer/Xcode/DerivedData/Chatlio-erkyzdeecsohoaggpwbjdvavzqfv/Build/Intermediates.noindex/PostHog.build/Debug-iphonesimulator/phlibwebp.build/Objects-normal/arm64/token_enc.o -index-unit-output-path /PostHog.build/Debug-iphonesimulator/phlibwebp.build/Objects-normal/arm64/token_enc.o

ScanDependencies /Users/aadityasingh/Library/Developer/Xcode/DerivedData/Chatlio-erkyzdeecsohoaggpwbjdvavzqfv/Build/Intermediates.noindex/PostHog.build/Debug-iphonesimulator/phlibwebp.build/Objects-normal/arm64/syntax_enc.o /Users/aadityasingh/Library/Developer/Xcode/DerivedData/Chatlio-erkyzdeecsohoaggpwbjdvavzqfv/SourcePackages/checkouts/posthog-ios/vendor/libwebp/syntax_enc.c normal arm64 c com.apple.compilers.llvm.clang.1_0.compiler (in target 'phlibwebp' from project 'PostHog')
    cd /Users/aadityasingh/Documents/Development/element-x-ios/Chatlio.xcodeproj
    
    Using response file: /Users/aadityasingh/Library/Developer/Xcode/DerivedData/Chatlio-erkyzdeecsohoaggpwbjdvavzqfv/Build/Intermediates.noindex/PostHog.build/Debug-iphonesimulator/phlibwebp.build/Objects-normal/arm64/7187679823f38a2a940e0043cdf9d637-common-args.resp
    
    builtin-ScanDependencies -o /Users/aadityasingh/Library/Developer/Xcode/DerivedData/Chatlio-erkyzdeecsohoaggpwbjdvavzqfv/Build/Intermediates.noindex/PostHog.build/Debug-iphonesimulator/phlibwebp.build/Objects-normal/arm64/syntax_enc.o.scan -- /Applications/Xcode.app/Contents/Developer/Toolchains/XcodeDefault.xctoolchain/usr/bin/clang -x c -ivfsstatcache /Users/aadityasingh/Library/Developer/Xcode/DerivedData/SDKStatCaches.noindex/iphonesimulator26.4-23E252-686eebb5dc1d8ecb277353a59184f4aa.sdkstatcache -target arm64-apple-ios13.0-simulator -fmessage-length\=0 -fdiagnostics-show-note-include-stack -fmacro-backtrace-limit\=0 -fno-color-diagnostics -fmodules-prune-interval\=86400 -fmodules-prune-after\=345600 -fbuild-session-file\=/Users/aadityasingh/Library/Developer/Xcode/DerivedData/ModuleCache.noindex/Session.modulevalidation -fmodules-validate-once-per-build-session -Wnon-modular-include-in-framework-module -Werror\=non-modular-include-in-framework-module -Wno-trigraphs -Wno-missing-field-initializers -Wno-missing-prototypes -Wno-return-type -Wno-missing-braces -Wparentheses -Wswitch -Wno-unused-function -Wno-unused-label -Wno-unused-parameter -Wno-unused-variable -Wunused-value -Wno-empty-body -Wno-uninitialized -Wno-unknown-pragmas -w -Wno-shadow -Wno-four-char-constants -Wno-conversion -Wno-constant-conversion -Wno-int-conversion -Wno-bool-conversion -Wno-enum-conversion -Wno-float-conversion -Wno-non-literal-null-conversion -Wno-objc-literal-conversion -Wshorten-64-to-32 -Wpointer-sign -Wno-newline-eof -Wno-implicit-fallthrough -isysroot /Applications/Xcode.app/Contents/Developer/Platforms/iPhoneSimulator.platform/Developer/SDKs/iPhoneSimulator26.4.sdk -fstrict-aliasing -Wdeprecated-declarations -Wno-sign-conversion -Wno-infinite-recursion -Wno-comma -Wno-block-capture-autoreleasing -Wno-strict-prototypes -Wno-semicolon-before-method-body -index-store-path /Users/aadityasingh/Library/Developer/Xcode/DerivedData/Chatlio-erkyzdeecsohoaggpwbjdvavzqfv/Index.noindex/DataStore @/Users/aadityasingh/Library/Developer/Xcode/DerivedData/Chatlio-erkyzdeecsohoaggpwbjdvavzqfv/Build/Intermediates.noindex/PostHog.build/Debug-iphonesimulator/phlibwebp.build/Objects-normal/arm64/7187679823f38a2a940e0043cdf9d637-common-args.resp -MMD -MT dependencies -MF /Users/aadityasingh/Library/Developer/Xcode/DerivedData/Chatlio-erkyzdeecsohoaggpwbjdvavzqfv/Build/Intermediates.noindex/PostHog.build/Debug-iphonesimulator/phlibwebp.build/Objects-normal/arm64/syntax_enc.d --serialize-diagnostics /Users/aadityasingh/Library/Developer/Xcode/DerivedData/Chatlio-erkyzdeecsohoaggpwbjdvavzqfv/Build/Intermediates.noindex/PostHog.build/Debug-iphonesimulator/phlibwebp.build/Objects-normal/arm64/syntax_enc.dia -c /Users/aadityasingh/Library/Developer/Xcode/DerivedData/Chatlio-erkyzdeecsohoaggpwbjdvavzqfv/SourcePackages/checkouts/posthog-ios/vendor/libwebp/syntax_enc.c -o /Users/aadityasingh/Library/Developer/Xcode/DerivedData/Chatlio-erkyzdeecsohoaggpwbjdvavzqfv/Build/Intermediates.noindex/PostHog.build/Debug-iphonesimulator/phlibwebp.build/Objects-normal/arm64/syntax_enc.o -index-unit-output-path /PostHog.build/Debug-iphonesimulator/phlibwebp.build/Objects-normal/arm64/syntax_enc.o

ScanDependencies /Users/aadityasingh/Library/Developer/Xcode/DerivedData/Chatlio-erkyzdeecsohoaggpwbjdvavzqfv/Build/Intermediates.noindex/PostHog.build/Debug-iphonesimulator/phlibwebp.build/Objects-normal/arm64/thread_utils.o /Users/aadityasingh/Library/Developer/Xcode/DerivedData/Chatlio-erkyzdeecsohoaggpwbjdvavzqfv/SourcePackages/checkouts/posthog-ios/vendor/libwebp/thread_utils.c normal arm64 c com.apple.compilers.llvm.clang.1_0.compiler (in target 'phlibwebp' from project 'PostHog')
    cd /Users/aadityasingh/Documents/Development/element-x-ios/Chatlio.xcodeproj
    
    Using response file: /Users/aadityasingh/Library/Developer/Xcode/DerivedData/Chatlio-erkyzdeecsohoaggpwbjdvavzqfv/Build/Intermediates.noindex/PostHog.build/Debug-iphonesimulator/phlibwebp.build/Objects-normal/arm64/7187679823f38a2a940e0043cdf9d637-common-args.resp
    
    builtin-ScanDependencies -o /Users/aadityasingh/Library/Developer/Xcode/DerivedData/Chatlio-erkyzdeecsohoaggpwbjdvavzqfv/Build/Intermediates.noindex/PostHog.build/Debug-iphonesimulator/phlibwebp.build/Objects-normal/arm64/thread_utils.o.scan -- /Applications/Xcode.app/Contents/Developer/Toolchains/XcodeDefault.xctoolchain/usr/bin/clang -x c -ivfsstatcache /Users/aadityasingh/Library/Developer/Xcode/DerivedData/SDKStatCaches.noindex/iphonesimulator26.4-23E252-686eebb5dc1d8ecb277353a59184f4aa.sdkstatcache -target arm64-apple-ios13.0-simulator -fmessage-length\=0 -fdiagnostics-show-note-include-stack -fmacro-backtrace-limit\=0 -fno-color-diagnostics -fmodules-prune-interval\=86400 -fmodules-prune-after\=345600 -fbuild-session-file\=/Users/aadityasingh/Library/Developer/Xcode/DerivedData/ModuleCache.noindex/Session.modulevalidation -fmodules-validate-once-per-build-session -Wnon-modular-include-in-framework-module -Werror\=non-modular-include-in-framework-module -Wno-trigraphs -Wno-missing-field-initializers -Wno-missing-prototypes -Wno-return-type -Wno-missing-braces -Wparentheses -Wswitch -Wno-unused-function -Wno-unused-label -Wno-unused-parameter -Wno-unused-variable -Wunused-value -Wno-empty-body -Wno-uninitialized -Wno-unknown-pragmas -w -Wno-shadow -Wno-four-char-constants -Wno-conversion -Wno-constant-conversion -Wno-int-conversion -Wno-bool-conversion -Wno-enum-conversion -Wno-float-conversion -Wno-non-literal-null-conversion -Wno-objc-literal-conversion -Wshorten-64-to-32 -Wpointer-sign -Wno-newline-eof -Wno-implicit-fallthrough -isysroot /Applications/Xcode.app/Contents/Developer/Platforms/iPhoneSimulator.platform/Developer/SDKs/iPhoneSimulator26.4.sdk -fstrict-aliasing -Wdeprecated-declarations -Wno-sign-conversion -Wno-infinite-recursion -Wno-comma -Wno-block-capture-autoreleasing -Wno-strict-prototypes -Wno-semicolon-before-method-body -index-store-path /Users/aadityasingh/Library/Developer/Xcode/DerivedData/Chatlio-erkyzdeecsohoaggpwbjdvavzqfv/Index.noindex/DataStore @/Users/aadityasingh/Library/Developer/Xcode/DerivedData/Chatlio-erkyzdeecsohoaggpwbjdvavzqfv/Build/Intermediates.noindex/PostHog.build/Debug-iphonesimulator/phlibwebp.build/Objects-normal/arm64/7187679823f38a2a940e0043cdf9d637-common-args.resp -MMD -MT dependencies -MF /Users/aadityasingh/Library/Developer/Xcode/DerivedData/Chatlio-erkyzdeecsohoaggpwbjdvavzqfv/Build/Intermediates.noindex/PostHog.build/Debug-iphonesimulator/phlibwebp.build/Objects-normal/arm64/thread_utils.d --serialize-diagnostics /Users/aadityasingh/Library/Developer/Xcode/DerivedData/Chatlio-erkyzdeecsohoaggpwbjdvavzqfv/Build/Intermediates.noindex/PostHog.build/Debug-iphonesimulator/phlibwebp.build/Objects-normal/arm64/thread_utils.dia -c /Users/aadityasingh/Library/Developer/Xcode/DerivedData/Chatlio-erkyzdeecsohoaggpwbjdvavzqfv/SourcePackages/checkouts/posthog-ios/vendor/libwebp/thread_utils.c -o /Users/aadityasingh/Library/Developer/Xcode/DerivedData/Chatlio-erkyzdeecsohoaggpwbjdvavzqfv/Build/Intermediates.noindex/PostHog.build/Debug-iphonesimulator/phlibwebp.build/Objects-normal/arm64/thread_utils.o -index-unit-output-path /PostHog.build/Debug-iphonesimulator/phlibwebp.build/Objects-normal/arm64/thread_utils.o

ScanDependencies /Users/aadityasingh/Library/Developer/Xcode/DerivedData/Chatlio-erkyzdeecsohoaggpwbjdvavzqfv/Build/Intermediates.noindex/PostHog.build/Debug-iphonesimulator/phlibwebp.build/Objects-normal/arm64/ssim_sse2.o /Users/aadityasingh/Library/Developer/Xcode/DerivedData/Chatlio-erkyzdeecsohoaggpwbjdvavzqfv/SourcePackages/checkouts/posthog-ios/vendor/libwebp/ssim_sse2.c normal arm64 c com.apple.compilers.llvm.clang.1_0.compiler (in target 'phlibwebp' from project 'PostHog')
    cd /Users/aadityasingh/Documents/Development/element-x-ios/Chatlio.xcodeproj
    
    Using response file: /Users/aadityasingh/Library/Developer/Xcode/DerivedData/Chatlio-erkyzdeecsohoaggpwbjdvavzqfv/Build/Intermediates.noindex/PostHog.build/Debug-iphonesimulator/phlibwebp.build/Objects-normal/arm64/7187679823f38a2a940e0043cdf9d637-common-args.resp
    
    builtin-ScanDependencies -o /Users/aadityasingh/Library/Developer/Xcode/DerivedData/Chatlio-erkyzdeecsohoaggpwbjdvavzqfv/Build/Intermediates.noindex/PostHog.build/Debug-iphonesimulator/phlibwebp.build/Objects-normal/arm64/ssim_sse2.o.scan -- /Applications/Xcode.app/Contents/Developer/Toolchains/XcodeDefault.xctoolchain/usr/bin/clang -x c -ivfsstatcache /Users/aadityasingh/Library/Developer/Xcode/DerivedData/SDKStatCaches.noindex/iphonesimulator26.4-23E252-686eebb5dc1d8ecb277353a59184f4aa.sdkstatcache -target arm64-apple-ios13.0-simulator -fmessage-length\=0 -fdiagnostics-show-note-include-stack -fmacro-backtrace-limit\=0 -fno-color-diagnostics -fmodules-prune-interval\=86400 -fmodules-prune-after\=345600 -fbuild-session-file\=/Users/aadityasingh/Library/Developer/Xcode/DerivedData/ModuleCache.noindex/Session.modulevalidation -fmodules-validate-once-per-build-session -Wnon-modular-include-in-framework-module -Werror\=non-modular-include-in-framework-module -Wno-trigraphs -Wno-missing-field-initializers -Wno-missing-prototypes -Wno-return-type -Wno-missing-braces -Wparentheses -Wswitch -Wno-unused-function -Wno-unused-label -Wno-unused-parameter -Wno-unused-variable -Wunused-value -Wno-empty-body -Wno-uninitialized -Wno-unknown-pragmas -w -Wno-shadow -Wno-four-char-constants -Wno-conversion -Wno-constant-conversion -Wno-int-conversion -Wno-bool-conversion -Wno-enum-conversion -Wno-float-conversion -Wno-non-literal-null-conversion -Wno-objc-literal-conversion -Wshorten-64-to-32 -Wpointer-sign -Wno-newline-eof -Wno-implicit-fallthrough -isysroot /Applications/Xcode.app/Contents/Developer/Platforms/iPhoneSimulator.platform/Developer/SDKs/iPhoneSimulator26.4.sdk -fstrict-aliasing -Wdeprecated-declarations -Wno-sign-conversion -Wno-infinite-recursion -Wno-comma -Wno-block-capture-autoreleasing -Wno-strict-prototypes -Wno-semicolon-before-method-body -index-store-path /Users/aadityasingh/Library/Developer/Xcode/DerivedData/Chatlio-erkyzdeecsohoaggpwbjdvavzqfv/Index.noindex/DataStore @/Users/aadityasingh/Library/Developer/Xcode/DerivedData/Chatlio-erkyzdeecsohoaggpwbjdvavzqfv/Build/Intermediates.noindex/PostHog.build/Debug-iphonesimulator/phlibwebp.build/Objects-normal/arm64/7187679823f38a2a940e0043cdf9d637-common-args.resp -MMD -MT dependencies -MF /Users/aadityasingh/Library/Developer/Xcode/DerivedData/Chatlio-erkyzdeecsohoaggpwbjdvavzqfv/Build/Intermediates.noindex/PostHog.build/Debug-iphonesimulator/phlibwebp.build/Objects-normal/arm64/ssim_sse2.d --serialize-diagnostics /Users/aadityasingh/Library/Developer/Xcode/DerivedData/Chatlio-erkyzdeecsohoaggpwbjdvavzqfv/Build/Intermediates.noindex/PostHog.build/Debug-iphonesimulator/phlibwebp.build/Objects-normal/arm64/ssim_sse2.dia -c /Users/aadityasingh/Library/Developer/Xcode/DerivedData/Chatlio-erkyzdeecsohoaggpwbjdvavzqfv/SourcePackages/checkouts/posthog-ios/vendor/libwebp/ssim_sse2.c -o /Users/aadityasingh/Library/Developer/Xcode/DerivedData/Chatlio-erkyzdeecsohoaggpwbjdvavzqfv/Build/Intermediates.noindex/PostHog.build/Debug-iphonesimulator/phlibwebp.build/Objects-normal/arm64/ssim_sse2.o -index-unit-output-path /PostHog.build/Debug-iphonesimulator/phlibwebp.build/Objects-normal/arm64/ssim_sse2.o

ScanDependencies /Users/aadityasingh/Library/Developer/Xcode/DerivedData/Chatlio-erkyzdeecsohoaggpwbjdvavzqfv/Build/Intermediates.noindex/PostHog.build/Debug-iphonesimulator/phlibwebp.build/Objects-normal/arm64/ssim.o /Users/aadityasingh/Library/Developer/Xcode/DerivedData/Chatlio-erkyzdeecsohoaggpwbjdvavzqfv/SourcePackages/checkouts/posthog-ios/vendor/libwebp/ssim.c normal arm64 c com.apple.compilers.llvm.clang.1_0.compiler (in target 'phlibwebp' from project 'PostHog')
    cd /Users/aadityasingh/Documents/Development/element-x-ios/Chatlio.xcodeproj
    
    Using response file: /Users/aadityasingh/Library/Developer/Xcode/DerivedData/Chatlio-erkyzdeecsohoaggpwbjdvavzqfv/Build/Intermediates.noindex/PostHog.build/Debug-iphonesimulator/phlibwebp.build/Objects-normal/arm64/7187679823f38a2a940e0043cdf9d637-common-args.resp
    
    builtin-ScanDependencies -o /Users/aadityasingh/Library/Developer/Xcode/DerivedData/Chatlio-erkyzdeecsohoaggpwbjdvavzqfv/Build/Intermediates.noindex/PostHog.build/Debug-iphonesimulator/phlibwebp.build/Objects-normal/arm64/ssim.o.scan -- /Applications/Xcode.app/Contents/Developer/Toolchains/XcodeDefault.xctoolchain/usr/bin/clang -x c -ivfsstatcache /Users/aadityasingh/Library/Developer/Xcode/DerivedData/SDKStatCaches.noindex/iphonesimulator26.4-23E252-686eebb5dc1d8ecb277353a59184f4aa.sdkstatcache -target arm64-apple-ios13.0-simulator -fmessage-length\=0 -fdiagnostics-show-note-include-stack -fmacro-backtrace-limit\=0 -fno-color-diagnostics -fmodules-prune-interval\=86400 -fmodules-prune-after\=345600 -fbuild-session-file\=/Users/aadityasingh/Library/Developer/Xcode/DerivedData/ModuleCache.noindex/Session.modulevalidation -fmodules-validate-once-per-build-session -Wnon-modular-include-in-framework-module -Werror\=non-modular-include-in-framework-module -Wno-trigraphs -Wno-missing-field-initializers -Wno-missing-prototypes -Wno-return-type -Wno-missing-braces -Wparentheses -Wswitch -Wno-unused-function -Wno-unused-label -Wno-unused-parameter -Wno-unused-variable -Wunused-value -Wno-empty-body -Wno-uninitialized -Wno-unknown-pragmas -w -Wno-shadow -Wno-four-char-constants -Wno-conversion -Wno-constant-conversion -Wno-int-conversion -Wno-bool-conversion -Wno-enum-conversion -Wno-float-conversion -Wno-non-literal-null-conversion -Wno-objc-literal-conversion -Wshorten-64-to-32 -Wpointer-sign -Wno-newline-eof -Wno-implicit-fallthrough -isysroot /Applications/Xcode.app/Contents/Developer/Platforms/iPhoneSimulator.platform/Developer/SDKs/iPhoneSimulator26.4.sdk -fstrict-aliasing -Wdeprecated-declarations -Wno-sign-conversion -Wno-infinite-recursion -Wno-comma -Wno-block-capture-autoreleasing -Wno-strict-prototypes -Wno-semicolon-before-method-body -index-store-path /Users/aadityasingh/Library/Developer/Xcode/DerivedData/Chatlio-erkyzdeecsohoaggpwbjdvavzqfv/Index.noindex/DataStore @/Users/aadityasingh/Library/Developer/Xcode/DerivedData/Chatlio-erkyzdeecsohoaggpwbjdvavzqfv/Build/Intermediates.noindex/PostHog.build/Debug-iphonesimulator/phlibwebp.build/Objects-normal/arm64/7187679823f38a2a940e0043cdf9d637-common-args.resp -MMD -MT dependencies -MF /Users/aadityasingh/Library/Developer/Xcode/DerivedData/Chatlio-erkyzdeecsohoaggpwbjdvavzqfv/Build/Intermediates.noindex/PostHog.build/Debug-iphonesimulator/phlibwebp.build/Objects-normal/arm64/ssim.d --serialize-diagnostics /Users/aadityasingh/Library/Developer/Xcode/DerivedData/Chatlio-erkyzdeecsohoaggpwbjdvavzqfv/Build/Intermediates.noindex/PostHog.build/Debug-iphonesimulator/phlibwebp.build/Objects-normal/arm64/ssim.dia -c /Users/aadityasingh/Library/Developer/Xcode/DerivedData/Chatlio-erkyzdeecsohoaggpwbjdvavzqfv/SourcePackages/checkouts/posthog-ios/vendor/libwebp/ssim.c -o /Users/aadityasingh/Library/Developer/Xcode/DerivedData/Chatlio-erkyzdeecsohoaggpwbjdvavzqfv/Build/Intermediates.noindex/PostHog.build/Debug-iphonesimulator/phlibwebp.build/Objects-normal/arm64/ssim.o -index-unit-output-path /PostHog.build/Debug-iphonesimulator/phlibwebp.build/Objects-normal/arm64/ssim.o

ScanDependencies /Users/aadityasingh/Library/Developer/Xcode/DerivedData/Chatlio-erkyzdeecsohoaggpwbjdvavzqfv/Build/Intermediates.noindex/PostHog.build/Debug-iphonesimulator/phlibwebp.build/Objects-normal/arm64/sharpyuv_sse2.o /Users/aadityasingh/Library/Developer/Xcode/DerivedData/Chatlio-erkyzdeecsohoaggpwbjdvavzqfv/SourcePackages/checkouts/posthog-ios/vendor/libwebp/sharpyuv_sse2.c normal arm64 c com.apple.compilers.llvm.clang.1_0.compiler (in target 'phlibwebp' from project 'PostHog')
    cd /Users/aadityasingh/Documents/Development/element-x-ios/Chatlio.xcodeproj
    
    Using response file: /Users/aadityasingh/Library/Developer/Xcode/DerivedData/Chatlio-erkyzdeecsohoaggpwbjdvavzqfv/Build/Intermediates.noindex/PostHog.build/Debug-iphonesimulator/phlibwebp.build/Objects-normal/arm64/7187679823f38a2a940e0043cdf9d637-common-args.resp
    
    builtin-ScanDependencies -o /Users/aadityasingh/Library/Developer/Xcode/DerivedData/Chatlio-erkyzdeecsohoaggpwbjdvavzqfv/Build/Intermediates.noindex/PostHog.build/Debug-iphonesimulator/phlibwebp.build/Objects-normal/arm64/sharpyuv_sse2.o.scan -- /Applications/Xcode.app/Contents/Developer/Toolchains/XcodeDefault.xctoolchain/usr/bin/clang -x c -ivfsstatcache /Users/aadityasingh/Library/Developer/Xcode/DerivedData/SDKStatCaches.noindex/iphonesimulator26.4-23E252-686eebb5dc1d8ecb277353a59184f4aa.sdkstatcache -target arm64-apple-ios13.0-simulator -fmessage-length\=0 -fdiagnostics-show-note-include-stack -fmacro-backtrace-limit\=0 -fno-color-diagnostics -fmodules-prune-interval\=86400 -fmodules-prune-after\=345600 -fbuild-session-file\=/Users/aadityasingh/Library/Developer/Xcode/DerivedData/ModuleCache.noindex/Session.modulevalidation -fmodules-validate-once-per-build-session -Wnon-modular-include-in-framework-module -Werror\=non-modular-include-in-framework-module -Wno-trigraphs -Wno-missing-field-initializers -Wno-missing-prototypes -Wno-return-type -Wno-missing-braces -Wparentheses -Wswitch -Wno-unused-function -Wno-unused-label -Wno-unused-parameter -Wno-unused-variable -Wunused-value -Wno-empty-body -Wno-uninitialized -Wno-unknown-pragmas -w -Wno-shadow -Wno-four-char-constants -Wno-conversion -Wno-constant-conversion -Wno-int-conversion -Wno-bool-conversion -Wno-enum-conversion -Wno-float-conversion -Wno-non-literal-null-conversion -Wno-objc-literal-conversion -Wshorten-64-to-32 -Wpointer-sign -Wno-newline-eof -Wno-implicit-fallthrough -isysroot /Applications/Xcode.app/Contents/Developer/Platforms/iPhoneSimulator.platform/Developer/SDKs/iPhoneSimulator26.4.sdk -fstrict-aliasing -Wdeprecated-declarations -Wno-sign-conversion -Wno-infinite-recursion -Wno-comma -Wno-block-capture-autoreleasing -Wno-strict-prototypes -Wno-semicolon-before-method-body -index-store-path /Users/aadityasingh/Library/Developer/Xcode/DerivedData/Chatlio-erkyzdeecsohoaggpwbjdvavzqfv/Index.noindex/DataStore @/Users/aadityasingh/Library/Developer/Xcode/DerivedData/Chatlio-erkyzdeecsohoaggpwbjdvavzqfv/Build/Intermediates.noindex/PostHog.build/Debug-iphonesimulator/phlibwebp.build/Objects-normal/arm64/7187679823f38a2a940e0043cdf9d637-common-args.resp -MMD -MT dependencies -MF /Users/aadityasingh/Library/Developer/Xcode/DerivedData/Chatlio-erkyzdeecsohoaggpwbjdvavzqfv/Build/Intermediates.noindex/PostHog.build/Debug-iphonesimulator/phlibwebp.build/Objects-normal/arm64/sharpyuv_sse2.d --serialize-diagnostics /Users/aadityasingh/Library/Developer/Xcode/DerivedData/Chatlio-erkyzdeecsohoaggpwbjdvavzqfv/Build/Intermediates.noindex/PostHog.build/Debug-iphonesimulator/phlibwebp.build/Objects-normal/arm64/sharpyuv_sse2.dia -c /Users/aadityasingh/Library/Developer/Xcode/DerivedData/Chatlio-erkyzdeecsohoaggpwbjdvavzqfv/SourcePackages/checkouts/posthog-ios/vendor/libwebp/sharpyuv_sse2.c -o /Users/aadityasingh/Library/Developer/Xcode/DerivedData/Chatlio-erkyzdeecsohoaggpwbjdvavzqfv/Build/Intermediates.noindex/PostHog.build/Debug-iphonesimulator/phlibwebp.build/Objects-normal/arm64/sharpyuv_sse2.o -index-unit-output-path /PostHog.build/Debug-iphonesimulator/phlibwebp.build/Objects-normal/arm64/sharpyuv_sse2.o

PrecompileModule /Users/aadityasingh/Library/Developer/Xcode/DerivedData/Chatlio-erkyzdeecsohoaggpwbjdvavzqfv/Build/Intermediates.noindex/ExplicitPrecompiledModules/_Builtin_stdarg-7OIOCG9J02IRDQNN4OYOV9TSJ.scan
    cd /
    builtin-precompileModule /Users/aadityasingh/Library/Developer/Xcode/DerivedData/Chatlio-erkyzdeecsohoaggpwbjdvavzqfv/Build/Intermediates.noindex/ExplicitPrecompiledModules/_Builtin_stdarg-7OIOCG9J02IRDQNN4OYOV9TSJ.scan

PrecompileModule /Users/aadityasingh/Library/Developer/Xcode/DerivedData/Chatlio-erkyzdeecsohoaggpwbjdvavzqfv/Build/Intermediates.noindex/ExplicitPrecompiledModules/_Builtin_stdbool-1EQBP0QTLD5RBQ8LEZT4VTDEL.scan
    cd /
    builtin-precompileModule /Users/aadityasingh/Library/Developer/Xcode/DerivedData/Chatlio-erkyzdeecsohoaggpwbjdvavzqfv/Build/Intermediates.noindex/ExplicitPrecompiledModules/_Builtin_stdbool-1EQBP0QTLD5RBQ8LEZT4VTDEL.scan

PrecompileModule /Users/aadityasingh/Library/Developer/Xcode/DerivedData/Chatlio-erkyzdeecsohoaggpwbjdvavzqfv/Build/Intermediates.noindex/ExplicitPrecompiledModules/_Builtin_stddef-8A21W5OW3IW1FSFMFZMN9PUK6.scan
    cd /
    builtin-precompileModule /Users/aadityasingh/Library/Developer/Xcode/DerivedData/Chatlio-erkyzdeecsohoaggpwbjdvavzqfv/Build/Intermediates.noindex/ExplicitPrecompiledModules/_Builtin_stddef-8A21W5OW3IW1FSFMFZMN9PUK6.scan

PrecompileModule /Users/aadityasingh/Library/Developer/Xcode/DerivedData/Chatlio-erkyzdeecsohoaggpwbjdvavzqfv/Build/Intermediates.noindex/ExplicitPrecompiledModules/_AvailabilityInternal-ERYZR12OF4O4ZQLFC0VLQKU3N.scan
    cd /
    builtin-precompileModule /Users/aadityasingh/Library/Developer/Xcode/DerivedData/Chatlio-erkyzdeecsohoaggpwbjdvavzqfv/Build/Intermediates.noindex/ExplicitPrecompiledModules/_AvailabilityInternal-ERYZR12OF4O4ZQLFC0VLQKU3N.scan

PrecompileModule /Users/aadityasingh/Library/Developer/Xcode/DerivedData/Chatlio-erkyzdeecsohoaggpwbjdvavzqfv/Build/Intermediates.noindex/ExplicitPrecompiledModules/ptrcheck-CVVROB47T7ZXUP3Z81QCORPV5.scan
    cd /
    builtin-precompileModule /Users/aadityasingh/Library/Developer/Xcode/DerivedData/Chatlio-erkyzdeecsohoaggpwbjdvavzqfv/Build/Intermediates.noindex/ExplicitPrecompiledModules/ptrcheck-CVVROB47T7ZXUP3Z81QCORPV5.scan

ScanDependencies /Users/aadityasingh/Library/Developer/Xcode/DerivedData/Chatlio-erkyzdeecsohoaggpwbjdvavzqfv/Build/Intermediates.noindex/PostHog.build/Debug-iphonesimulator/phlibwebp.build/Objects-normal/arm64/sharpyuv_neon.o /Users/aadityasingh/Library/Developer/Xcode/DerivedData/Chatlio-erkyzdeecsohoaggpwbjdvavzqfv/SourcePackages/checkouts/posthog-ios/vendor/libwebp/sharpyuv_neon.c normal arm64 c com.apple.compilers.llvm.clang.1_0.compiler (in target 'phlibwebp' from project 'PostHog')
    cd /Users/aadityasingh/Documents/Development/element-x-ios/Chatlio.xcodeproj
    
    Using response file: /Users/aadityasingh/Library/Developer/Xcode/DerivedData/Chatlio-erkyzdeecsohoaggpwbjdvavzqfv/Build/Intermediates.noindex/PostHog.build/Debug-iphonesimulator/phlibwebp.build/Objects-normal/arm64/7187679823f38a2a940e0043cdf9d637-common-args.resp
    
    builtin-ScanDependencies -o /Users/aadityasingh/Library/Developer/Xcode/DerivedData/Chatlio-erkyzdeecsohoaggpwbjdvavzqfv/Build/Intermediates.noindex/PostHog.build/Debug-iphonesimulator/phlibwebp.build/Objects-normal/arm64/sharpyuv_neon.o.scan -- /Applications/Xcode.app/Contents/Developer/Toolchains/XcodeDefault.xctoolchain/usr/bin/clang -x c -ivfsstatcache /Users/aadityasingh/Library/Developer/Xcode/DerivedData/SDKStatCaches.noindex/iphonesimulator26.4-23E252-686eebb5dc1d8ecb277353a59184f4aa.sdkstatcache -target arm64-apple-ios13.0-simulator -fmessage-length\=0 -fdiagnostics-show-note-include-stack -fmacro-backtrace-limit\=0 -fno-color-diagnostics -fmodules-prune-interval\=86400 -fmodules-prune-after\=345600 -fbuild-session-file\=/Users/aadityasingh/Library/Developer/Xcode/DerivedData/ModuleCache.noindex/Session.modulevalidation -fmodules-validate-once-per-build-session -Wnon-modular-include-in-framework-module -Werror\=non-modular-include-in-framework-module -Wno-trigraphs -Wno-missing-field-initializers -Wno-missing-prototypes -Wno-return-type -Wno-missing-braces -Wparentheses -Wswitch -Wno-unused-function -Wno-unused-label -Wno-unused-parameter -Wno-unused-variable -Wunused-value -Wno-empty-body -Wno-uninitialized -Wno-unknown-pragmas -w -Wno-shadow -Wno-four-char-constants -Wno-conversion -Wno-constant-conversion -Wno-int-conversion -Wno-bool-conversion -Wno-enum-conversion -Wno-float-conversion -Wno-non-literal-null-conversion -Wno-objc-literal-conversion -Wshorten-64-to-32 -Wpointer-sign -Wno-newline-eof -Wno-implicit-fallthrough -isysroot /Applications/Xcode.app/Contents/Developer/Platforms/iPhoneSimulator.platform/Developer/SDKs/iPhoneSimulator26.4.sdk -fstrict-aliasing -Wdeprecated-declarations -Wno-sign-conversion -Wno-infinite-recursion -Wno-comma -Wno-block-capture-autoreleasing -Wno-strict-prototypes -Wno-semicolon-before-method-body -index-store-path /Users/aadityasingh/Library/Developer/Xcode/DerivedData/Chatlio-erkyzdeecsohoaggpwbjdvavzqfv/Index.noindex/DataStore @/Users/aadityasingh/Library/Developer/Xcode/DerivedData/Chatlio-erkyzdeecsohoaggpwbjdvavzqfv/Build/Intermediates.noindex/PostHog.build/Debug-iphonesimulator/phlibwebp.build/Objects-normal/arm64/7187679823f38a2a940e0043cdf9d637-common-args.resp -MMD -MT dependencies -MF /Users/aadityasingh/Library/Developer/Xcode/DerivedData/Chatlio-erkyzdeecsohoaggpwbjdvavzqfv/Build/Intermediates.noindex/PostHog.build/Debug-iphonesimulator/phlibwebp.build/Objects-normal/arm64/sharpyuv_neon.d --serialize-diagnostics /Users/aadityasingh/Library/Developer/Xcode/DerivedData/Chatlio-erkyzdeecsohoaggpwbjdvavzqfv/Build/Intermediates.noindex/PostHog.build/Debug-iphonesimulator/phlibwebp.build/Objects-normal/arm64/sharpyuv_neon.dia -c /Users/aadityasingh/Library/Developer/Xcode/DerivedData/Chatlio-erkyzdeecsohoaggpwbjdvavzqfv/SourcePackages/checkouts/posthog-ios/vendor/libwebp/sharpyuv_neon.c -o /Users/aadityasingh/Library/Developer/Xcode/DerivedData/Chatlio-erkyzdeecsohoaggpwbjdvavzqfv/Build/Intermediates.noindex/PostHog.build/Debug-iphonesimulator/phlibwebp.build/Objects-normal/arm64/sharpyuv_neon.o -index-unit-output-path /PostHog.build/Debug-iphonesimulator/phlibwebp.build/Objects-normal/arm64/sharpyuv_neon.o

ScanDependencies /Users/aadityasingh/Library/Developer/Xcode/DerivedData/Chatlio-erkyzdeecsohoaggpwbjdvavzqfv/Build/Intermediates.noindex/PostHog.build/Debug-iphonesimulator/phlibwebp.build/Objects-normal/arm64/sharpyuv_gamma.o /Users/aadityasingh/Library/Developer/Xcode/DerivedData/Chatlio-erkyzdeecsohoaggpwbjdvavzqfv/SourcePackages/checkouts/posthog-ios/vendor/libwebp/sharpyuv_gamma.c normal arm64 c com.apple.compilers.llvm.clang.1_0.compiler (in target 'phlibwebp' from project 'PostHog')
    cd /Users/aadityasingh/Documents/Development/element-x-ios/Chatlio.xcodeproj
    
    Using response file: /Users/aadityasingh/Library/Developer/Xcode/DerivedData/Chatlio-erkyzdeecsohoaggpwbjdvavzqfv/Build/Intermediates.noindex/PostHog.build/Debug-iphonesimulator/phlibwebp.build/Objects-normal/arm64/7187679823f38a2a940e0043cdf9d637-common-args.resp
    
    builtin-ScanDependencies -o /Users/aadityasingh/Library/Developer/Xcode/DerivedData/Chatlio-erkyzdeecsohoaggpwbjdvavzqfv/Build/Intermediates.noindex/PostHog.build/Debug-iphonesimulator/phlibwebp.build/Objects-normal/arm64/sharpyuv_gamma.o.scan -- /Applications/Xcode.app/Contents/Developer/Toolchains/XcodeDefault.xctoolchain/usr/bin/clang -x c -ivfsstatcache /Users/aadityasingh/Library/Developer/Xcode/DerivedData/SDKStatCaches.noindex/iphonesimulator26.4-23E252-686eebb5dc1d8ecb277353a59184f4aa.sdkstatcache -target arm64-apple-ios13.0-simulator -fmessage-length\=0 -fdiagnostics-show-note-include-stack -fmacro-backtrace-limit\=0 -fno-color-diagnostics -fmodules-prune-interval\=86400 -fmodules-prune-after\=345600 -fbuild-session-file\=/Users/aadityasingh/Library/Developer/Xcode/DerivedData/ModuleCache.noindex/Session.modulevalidation -fmodules-validate-once-per-build-session -Wnon-modular-include-in-framework-module -Werror\=non-modular-include-in-framework-module -Wno-trigraphs -Wno-missing-field-initializers -Wno-missing-prototypes -Wno-return-type -Wno-missing-braces -Wparentheses -Wswitch -Wno-unused-function -Wno-unused-label -Wno-unused-parameter -Wno-unused-variable -Wunused-value -Wno-empty-body -Wno-uninitialized -Wno-unknown-pragmas -w -Wno-shadow -Wno-four-char-constants -Wno-conversion -Wno-constant-conversion -Wno-int-conversion -Wno-bool-conversion -Wno-enum-conversion -Wno-float-conversion -Wno-non-literal-null-conversion -Wno-objc-literal-conversion -Wshorten-64-to-32 -Wpointer-sign -Wno-newline-eof -Wno-implicit-fallthrough -isysroot /Applications/Xcode.app/Contents/Developer/Platforms/iPhoneSimulator.platform/Developer/SDKs/iPhoneSimulator26.4.sdk -fstrict-aliasing -Wdeprecated-declarations -Wno-sign-conversion -Wno-infinite-recursion -Wno-comma -Wno-block-capture-autoreleasing -Wno-strict-prototypes -Wno-semicolon-before-method-body -index-store-path /Users/aadityasingh/Library/Developer/Xcode/DerivedData/Chatlio-erkyzdeecsohoaggpwbjdvavzqfv/Index.noindex/DataStore @/Users/aadityasingh/Library/Developer/Xcode/DerivedData/Chatlio-erkyzdeecsohoaggpwbjdvavzqfv/Build/Intermediates.noindex/PostHog.build/Debug-iphonesimulator/phlibwebp.build/Objects-normal/arm64/7187679823f38a2a940e0043cdf9d637-common-args.resp -MMD -MT dependencies -MF /Users/aadityasingh/Library/Developer/Xcode/DerivedData/Chatlio-erkyzdeecsohoaggpwbjdvavzqfv/Build/Intermediates.noindex/PostHog.build/Debug-iphonesimulator/phlibwebp.build/Objects-normal/arm64/sharpyuv_gamma.d --serialize-diagnostics /Users/aadityasingh/Library/Developer/Xcode/DerivedData/Chatlio-erkyzdeecsohoaggpwbjdvavzqfv/Build/Intermediates.noindex/PostHog.build/Debug-iphonesimulator/phlibwebp.build/Objects-normal/arm64/sharpyuv_gamma.dia -c /Users/aadityasingh/Library/Developer/Xcode/DerivedData/Chatlio-erkyzdeecsohoaggpwbjdvavzqfv/SourcePackages/checkouts/posthog-ios/vendor/libwebp/sharpyuv_gamma.c -o /Users/aadityasingh/Library/Developer/Xcode/DerivedData/Chatlio-erkyzdeecsohoaggpwbjdvavzqfv/Build/Intermediates.noindex/PostHog.build/Debug-iphonesimulator/phlibwebp.build/Objects-normal/arm64/sharpyuv_gamma.o -index-unit-output-path /PostHog.build/Debug-iphonesimulator/phlibwebp.build/Objects-normal/arm64/sharpyuv_gamma.o

ScanDependencies /Users/aadityasingh/Library/Developer/Xcode/DerivedData/Chatlio-erkyzdeecsohoaggpwbjdvavzqfv/Build/Intermediates.noindex/PostHog.build/Debug-iphonesimulator/phlibwebp.build/Objects-normal/arm64/sharpyuv_dsp.o /Users/aadityasingh/Library/Developer/Xcode/DerivedData/Chatlio-erkyzdeecsohoaggpwbjdvavzqfv/SourcePackages/checkouts/posthog-ios/vendor/libwebp/sharpyuv_dsp.c normal arm64 c com.apple.compilers.llvm.clang.1_0.compiler (in target 'phlibwebp' from project 'PostHog')
    cd /Users/aadityasingh/Documents/Development/element-x-ios/Chatlio.xcodeproj
    
    Using response file: /Users/aadityasingh/Library/Developer/Xcode/DerivedData/Chatlio-erkyzdeecsohoaggpwbjdvavzqfv/Build/Intermediates.noindex/PostHog.build/Debug-iphonesimulator/phlibwebp.build/Objects-normal/arm64/7187679823f38a2a940e0043cdf9d637-common-args.resp
    
    builtin-ScanDependencies -o /Users/aadityasingh/Library/Developer/Xcode/DerivedData/Chatlio-erkyzdeecsohoaggpwbjdvavzqfv/Build/Intermediates.noindex/PostHog.build/Debug-iphonesimulator/phlibwebp.build/Objects-normal/arm64/sharpyuv_dsp.o.scan -- /Applications/Xcode.app/Contents/Developer/Toolchains/XcodeDefault.xctoolchain/usr/bin/clang -x c -ivfsstatcache /Users/aadityasingh/Library/Developer/Xcode/DerivedData/SDKStatCaches.noindex/iphonesimulator26.4-23E252-686eebb5dc1d8ecb277353a59184f4aa.sdkstatcache -target arm64-apple-ios13.0-simulator -fmessage-length\=0 -fdiagnostics-show-note-include-stack -fmacro-backtrace-limit\=0 -fno-color-diagnostics -fmodules-prune-interval\=86400 -fmodules-prune-after\=345600 -fbuild-session-file\=/Users/aadityasingh/Library/Developer/Xcode/DerivedData/ModuleCache.noindex/Session.modulevalidation -fmodules-validate-once-per-build-session -Wnon-modular-include-in-framework-module -Werror\=non-modular-include-in-framework-module -Wno-trigraphs -Wno-missing-field-initializers -Wno-missing-prototypes -Wno-return-type -Wno-missing-braces -Wparentheses -Wswitch -Wno-unused-function -Wno-unused-label -Wno-unused-parameter -Wno-unused-variable -Wunused-value -Wno-empty-body -Wno-uninitialized -Wno-unknown-pragmas -w -Wno-shadow -Wno-four-char-constants -Wno-conversion -Wno-constant-conversion -Wno-int-conversion -Wno-bool-conversion -Wno-enum-conversion -Wno-float-conversion -Wno-non-literal-null-conversion -Wno-objc-literal-conversion -Wshorten-64-to-32 -Wpointer-sign -Wno-newline-eof -Wno-implicit-fallthrough -isysroot /Applications/Xcode.app/Contents/Developer/Platforms/iPhoneSimulator.platform/Developer/SDKs/iPhoneSimulator26.4.sdk -fstrict-aliasing -Wdeprecated-declarations -Wno-sign-conversion -Wno-infinite-recursion -Wno-comma -Wno-block-capture-autoreleasing -Wno-strict-prototypes -Wno-semicolon-before-method-body -index-store-path /Users/aadityasingh/Library/Developer/Xcode/DerivedData/Chatlio-erkyzdeecsohoaggpwbjdvavzqfv/Index.noindex/DataStore @/Users/aadityasingh/Library/Developer/Xcode/DerivedData/Chatlio-erkyzdeecsohoaggpwbjdvavzqfv/Build/Intermediates.noindex/PostHog.build/Debug-iphonesimulator/phlibwebp.build/Objects-normal/arm64/7187679823f38a2a940e0043cdf9d637-common-args.resp -MMD -MT dependencies -MF /Users/aadityasingh/Library/Developer/Xcode/DerivedData/Chatlio-erkyzdeecsohoaggpwbjdvavzqfv/Build/Intermediates.noindex/PostHog.build/Debug-iphonesimulator/phlibwebp.build/Objects-normal/arm64/sharpyuv_dsp.d --serialize-diagnostics /Users/aadityasingh/Library/Developer/Xcode/DerivedData/Chatlio-erkyzdeecsohoaggpwbjdvavzqfv/Build/Intermediates.noindex/PostHog.build/Debug-iphonesimulator/phlibwebp.build/Objects-normal/arm64/sharpyuv_dsp.dia -c /Users/aadityasingh/Library/Developer/Xcode/DerivedData/Chatlio-erkyzdeecsohoaggpwbjdvavzqfv/SourcePackages/checkouts/posthog-ios/vendor/libwebp/sharpyuv_dsp.c -o /Users/aadityasingh/Library/Developer/Xcode/DerivedData/Chatlio-erkyzdeecsohoaggpwbjdvavzqfv/Build/Intermediates.noindex/PostHog.build/Debug-iphonesimulator/phlibwebp.build/Objects-normal/arm64/sharpyuv_dsp.o -index-unit-output-path /PostHog.build/Debug-iphonesimulator/phlibwebp.build/Objects-normal/arm64/sharpyuv_dsp.o

ScanDependencies /Users/aadityasingh/Library/Developer/Xcode/DerivedData/Chatlio-erkyzdeecsohoaggpwbjdvavzqfv/Build/Intermediates.noindex/PostHog.build/Debug-iphonesimulator/phlibwebp.build/Objects-normal/arm64/sharpyuv_csp.o /Users/aadityasingh/Library/Developer/Xcode/DerivedData/Chatlio-erkyzdeecsohoaggpwbjdvavzqfv/SourcePackages/checkouts/posthog-ios/vendor/libwebp/sharpyuv_csp.c normal arm64 c com.apple.compilers.llvm.clang.1_0.compiler (in target 'phlibwebp' from project 'PostHog')
    cd /Users/aadityasingh/Documents/Development/element-x-ios/Chatlio.xcodeproj
    
    Using response file: /Users/aadityasingh/Library/Developer/Xcode/DerivedData/Chatlio-erkyzdeecsohoaggpwbjdvavzqfv/Build/Intermediates.noindex/PostHog.build/Debug-iphonesimulator/phlibwebp.build/Objects-normal/arm64/7187679823f38a2a940e0043cdf9d637-common-args.resp
    
    builtin-ScanDependencies -o /Users/aadityasingh/Library/Developer/Xcode/DerivedData/Chatlio-erkyzdeecsohoaggpwbjdvavzqfv/Build/Intermediates.noindex/PostHog.build/Debug-iphonesimulator/phlibwebp.build/Objects-normal/arm64/sharpyuv_csp.o.scan -- /Applications/Xcode.app/Contents/Developer/Toolchains/XcodeDefault.xctoolchain/usr/bin/clang -x c -ivfsstatcache /Users/aadityasingh/Library/Developer/Xcode/DerivedData/SDKStatCaches.noindex/iphonesimulator26.4-23E252-686eebb5dc1d8ecb277353a59184f4aa.sdkstatcache -target arm64-apple-ios13.0-simulator -fmessage-length\=0 -fdiagnostics-show-note-include-stack -fmacro-backtrace-limit\=0 -fno-color-diagnostics -fmodules-prune-interval\=86400 -fmodules-prune-after\=345600 -fbuild-session-file\=/Users/aadityasingh/Library/Developer/Xcode/DerivedData/ModuleCache.noindex/Session.modulevalidation -fmodules-validate-once-per-build-session -Wnon-modular-include-in-framework-module -Werror\=non-modular-include-in-framework-module -Wno-trigraphs -Wno-missing-field-initializers -Wno-missing-prototypes -Wno-return-type -Wno-missing-braces -Wparentheses -Wswitch -Wno-unused-function -Wno-unused-label -Wno-unused-parameter -Wno-unused-variable -Wunused-value -Wno-empty-body -Wno-uninitialized -Wno-unknown-pragmas -w -Wno-shadow -Wno-four-char-constants -Wno-conversion -Wno-constant-conversion -Wno-int-conversion -Wno-bool-conversion -Wno-enum-conversion -Wno-float-conversion -Wno-non-literal-null-conversion -Wno-objc-literal-conversion -Wshorten-64-to-32 -Wpointer-sign -Wno-newline-eof -Wno-implicit-fallthrough -isysroot /Applications/Xcode.app/Contents/Developer/Platforms/iPhoneSimulator.platform/Developer/SDKs/iPhoneSimulator26.4.sdk -fstrict-aliasing -Wdeprecated-declarations -Wno-sign-conversion -Wno-infinite-recursion -Wno-comma -Wno-block-capture-autoreleasing -Wno-strict-prototypes -Wno-semicolon-before-method-body -index-store-path /Users/aadityasingh/Library/Developer/Xcode/DerivedData/Chatlio-erkyzdeecsohoaggpwbjdvavzqfv/Index.noindex/DataStore @/Users/aadityasingh/Library/Developer/Xcode/DerivedData/Chatlio-erkyzdeecsohoaggpwbjdvavzqfv/Build/Intermediates.noindex/PostHog.build/Debug-iphonesimulator/phlibwebp.build/Objects-normal/arm64/7187679823f38a2a940e0043cdf9d637-common-args.resp -MMD -MT dependencies -MF /Users/aadityasingh/Library/Developer/Xcode/DerivedData/Chatlio-erkyzdeecsohoaggpwbjdvavzqfv/Build/Intermediates.noindex/PostHog.build/Debug-iphonesimulator/phlibwebp.build/Objects-normal/arm64/sharpyuv_csp.d --serialize-diagnostics /Users/aadityasingh/Library/Developer/Xcode/DerivedData/Chatlio-erkyzdeecsohoaggpwbjdvavzqfv/Build/Intermediates.noindex/PostHog.build/Debug-iphonesimulator/phlibwebp.build/Objects-normal/arm64/sharpyuv_csp.dia -c /Users/aadityasingh/Library/Developer/Xcode/DerivedData/Chatlio-erkyzdeecsohoaggpwbjdvavzqfv/SourcePackages/checkouts/posthog-ios/vendor/libwebp/sharpyuv_csp.c -o /Users/aadityasingh/Library/Developer/Xcode/DerivedData/Chatlio-erkyzdeecsohoaggpwbjdvavzqfv/Build/Intermediates.noindex/PostHog.build/Debug-iphonesimulator/phlibwebp.build/Objects-normal/arm64/sharpyuv_csp.o -index-unit-output-path /PostHog.build/Debug-iphonesimulator/phlibwebp.build/Objects-normal/arm64/sharpyuv_csp.o

ScanDependencies /Users/aadityasingh/Library/Developer/Xcode/DerivedData/Chatlio-erkyzdeecsohoaggpwbjdvavzqfv/Build/Intermediates.noindex/PostHog.build/Debug-iphonesimulator/phlibwebp.build/Objects-normal/arm64/sharpyuv_cpu.o /Users/aadityasingh/Library/Developer/Xcode/DerivedData/Chatlio-erkyzdeecsohoaggpwbjdvavzqfv/SourcePackages/checkouts/posthog-ios/vendor/libwebp/sharpyuv_cpu.c normal arm64 c com.apple.compilers.llvm.clang.1_0.compiler (in target 'phlibwebp' from project 'PostHog')
    cd /Users/aadityasingh/Documents/Development/element-x-ios/Chatlio.xcodeproj
    
    Using response file: /Users/aadityasingh/Library/Developer/Xcode/DerivedData/Chatlio-erkyzdeecsohoaggpwbjdvavzqfv/Build/Intermediates.noindex/PostHog.build/Debug-iphonesimulator/phlibwebp.build/Objects-normal/arm64/7187679823f38a2a940e0043cdf9d637-common-args.resp
    
    builtin-ScanDependencies -o /Users/aadityasingh/Library/Developer/Xcode/DerivedData/Chatlio-erkyzdeecsohoaggpwbjdvavzqfv/Build/Intermediates.noindex/PostHog.build/Debug-iphonesimulator/phlibwebp.build/Objects-normal/arm64/sharpyuv_cpu.o.scan -- /Applications/Xcode.app/Contents/Developer/Toolchains/XcodeDefault.xctoolchain/usr/bin/clang -x c -ivfsstatcache /Users/aadityasingh/Library/Developer/Xcode/DerivedData/SDKStatCaches.noindex/iphonesimulator26.4-23E252-686eebb5dc1d8ecb277353a59184f4aa.sdkstatcache -target arm64-apple-ios13.0-simulator -fmessage-length\=0 -fdiagnostics-show-note-include-stack -fmacro-backtrace-limit\=0 -fno-color-diagnostics -fmodules-prune-interval\=86400 -fmodules-prune-after\=345600 -fbuild-session-file\=/Users/aadityasingh/Library/Developer/Xcode/DerivedData/ModuleCache.noindex/Session.modulevalidation -fmodules-validate-once-per-build-session -Wnon-modular-include-in-framework-module -Werror\=non-modular-include-in-framework-module -Wno-trigraphs -Wno-missing-field-initializers -Wno-missing-prototypes -Wno-return-type -Wno-missing-braces -Wparentheses -Wswitch -Wno-unused-function -Wno-unused-label -Wno-unused-parameter -Wno-unused-variable -Wunused-value -Wno-empty-body -Wno-uninitialized -Wno-unknown-pragmas -w -Wno-shadow -Wno-four-char-constants -Wno-conversion -Wno-constant-conversion -Wno-int-conversion -Wno-bool-conversion -Wno-enum-conversion -Wno-float-conversion -Wno-non-literal-null-conversion -Wno-objc-literal-conversion -Wshorten-64-to-32 -Wpointer-sign -Wno-newline-eof -Wno-implicit-fallthrough -isysroot /Applications/Xcode.app/Contents/Developer/Platforms/iPhoneSimulator.platform/Developer/SDKs/iPhoneSimulator26.4.sdk -fstrict-aliasing -Wdeprecated-declarations -Wno-sign-conversion -Wno-infinite-recursion -Wno-comma -Wno-block-capture-autoreleasing -Wno-strict-prototypes -Wno-semicolon-before-method-body -index-store-path /Users/aadityasingh/Library/Developer/Xcode/DerivedData/Chatlio-erkyzdeecsohoaggpwbjdvavzqfv/Index.noindex/DataStore @/Users/aadityasingh/Library/Developer/Xcode/DerivedData/Chatlio-erkyzdeecsohoaggpwbjdvavzqfv/Build/Intermediates.noindex/PostHog.build/Debug-iphonesimulator/phlibwebp.build/Objects-normal/arm64/7187679823f38a2a940e0043cdf9d637-common-args.resp -MMD -MT dependencies -MF /Users/aadityasingh/Library/Developer/Xcode/DerivedData/Chatlio-erkyzdeecsohoaggpwbjdvavzqfv/Build/Intermediates.noindex/PostHog.build/Debug-iphonesimulator/phlibwebp.build/Objects-normal/arm64/sharpyuv_cpu.d --serialize-diagnostics /Users/aadityasingh/Library/Developer/Xcode/DerivedData/Chatlio-erkyzdeecsohoaggpwbjdvavzqfv/Build/Intermediates.noindex/PostHog.build/Debug-iphonesimulator/phlibwebp.build/Objects-normal/arm64/sharpyuv_cpu.dia -c /Users/aadityasingh/Library/Developer/Xcode/DerivedData/Chatlio-erkyzdeecsohoaggpwbjdvavzqfv/SourcePackages/checkouts/posthog-ios/vendor/libwebp/sharpyuv_cpu.c -o /Users/aadityasingh/Library/Developer/Xcode/DerivedData/Chatlio-erkyzdeecsohoaggpwbjdvavzqfv/Build/Intermediates.noindex/PostHog.build/Debug-iphonesimulator/phlibwebp.build/Objects-normal/arm64/sharpyuv_cpu.o -index-unit-output-path /PostHog.build/Debug-iphonesimulator/phlibwebp.build/Objects-normal/arm64/sharpyuv_cpu.o

ScanDependencies /Users/aadityasingh/Library/Developer/Xcode/DerivedData/Chatlio-erkyzdeecsohoaggpwbjdvavzqfv/Build/Intermediates.noindex/PostHog.build/Debug-iphonesimulator/phlibwebp.build/Objects-normal/arm64/sharpyuv.o /Users/aadityasingh/Library/Developer/Xcode/DerivedData/Chatlio-erkyzdeecsohoaggpwbjdvavzqfv/SourcePackages/checkouts/posthog-ios/vendor/libwebp/sharpyuv.c normal arm64 c com.apple.compilers.llvm.clang.1_0.compiler (in target 'phlibwebp' from project 'PostHog')
    cd /Users/aadityasingh/Documents/Development/element-x-ios/Chatlio.xcodeproj
    
    Using response file: /Users/aadityasingh/Library/Developer/Xcode/DerivedData/Chatlio-erkyzdeecsohoaggpwbjdvavzqfv/Build/Intermediates.noindex/PostHog.build/Debug-iphonesimulator/phlibwebp.build/Objects-normal/arm64/7187679823f38a2a940e0043cdf9d637-common-args.resp
    
    builtin-ScanDependencies -o /Users/aadityasingh/Library/Developer/Xcode/DerivedData/Chatlio-erkyzdeecsohoaggpwbjdvavzqfv/Build/Intermediates.noindex/PostHog.build/Debug-iphonesimulator/phlibwebp.build/Objects-normal/arm64/sharpyuv.o.scan -- /Applications/Xcode.app/Contents/Developer/Toolchains/XcodeDefault.xctoolchain/usr/bin/clang -x c -ivfsstatcache /Users/aadityasingh/Library/Developer/Xcode/DerivedData/SDKStatCaches.noindex/iphonesimulator26.4-23E252-686eebb5dc1d8ecb277353a59184f4aa.sdkstatcache -target arm64-apple-ios13.0-simulator -fmessage-length\=0 -fdiagnostics-show-note-include-stack -fmacro-backtrace-limit\=0 -fno-color-diagnostics -fmodules-prune-interval\=86400 -fmodules-prune-after\=345600 -fbuild-session-file\=/Users/aadityasingh/Library/Developer/Xcode/DerivedData/ModuleCache.noindex/Session.modulevalidation -fmodules-validate-once-per-build-session -Wnon-modular-include-in-framework-module -Werror\=non-modular-include-in-framework-module -Wno-trigraphs -Wno-missing-field-initializers -Wno-missing-prototypes -Wno-return-type -Wno-missing-braces -Wparentheses -Wswitch -Wno-unused-function -Wno-unused-label -Wno-unused-parameter -Wno-unused-variable -Wunused-value -Wno-empty-body -Wno-uninitialized -Wno-unknown-pragmas -w -Wno-shadow -Wno-four-char-constants -Wno-conversion -Wno-constant-conversion -Wno-int-conversion -Wno-bool-conversion -Wno-enum-conversion -Wno-float-conversion -Wno-non-literal-null-conversion -Wno-objc-literal-conversion -Wshorten-64-to-32 -Wpointer-sign -Wno-newline-eof -Wno-implicit-fallthrough -isysroot /Applications/Xcode.app/Contents/Developer/Platforms/iPhoneSimulator.platform/Developer/SDKs/iPhoneSimulator26.4.sdk -fstrict-aliasing -Wdeprecated-declarations -Wno-sign-conversion -Wno-infinite-recursion -Wno-comma -Wno-block-capture-autoreleasing -Wno-strict-prototypes -Wno-semicolon-before-method-body -index-store-path /Users/aadityasingh/Library/Developer/Xcode/DerivedData/Chatlio-erkyzdeecsohoaggpwbjdvavzqfv/Index.noindex/DataStore @/Users/aadityasingh/Library/Developer/Xcode/DerivedData/Chatlio-erkyzdeecsohoaggpwbjdvavzqfv/Build/Intermediates.noindex/PostHog.build/Debug-iphonesimulator/phlibwebp.build/Objects-normal/arm64/7187679823f38a2a940e0043cdf9d637-common-args.resp -MMD -MT dependencies -MF /Users/aadityasingh/Library/Developer/Xcode/DerivedData/Chatlio-erkyzdeecsohoaggpwbjdvavzqfv/Build/Intermediates.noindex/PostHog.build/Debug-iphonesimulator/phlibwebp.build/Objects-normal/arm64/sharpyuv.d --serialize-diagnostics /Users/aadityasingh/Library/Developer/Xcode/DerivedData/Chatlio-erkyzdeecsohoaggpwbjdvavzqfv/Build/Intermediates.noindex/PostHog.build/Debug-iphonesimulator/phlibwebp.build/Objects-normal/arm64/sharpyuv.dia -c /Users/aadityasingh/Library/Developer/Xcode/DerivedData/Chatlio-erkyzdeecsohoaggpwbjdvavzqfv/SourcePackages/checkouts/posthog-ios/vendor/libwebp/sharpyuv.c -o /Users/aadityasingh/Library/Developer/Xcode/DerivedData/Chatlio-erkyzdeecsohoaggpwbjdvavzqfv/Build/Intermediates.noindex/PostHog.build/Debug-iphonesimulator/phlibwebp.build/Objects-normal/arm64/sharpyuv.o -index-unit-output-path /PostHog.build/Debug-iphonesimulator/phlibwebp.build/Objects-normal/arm64/sharpyuv.o

ScanDependencies /Users/aadityasingh/Library/Developer/Xcode/DerivedData/Chatlio-erkyzdeecsohoaggpwbjdvavzqfv/Build/Intermediates.noindex/PostHog.build/Debug-iphonesimulator/phlibwebp.build/Objects-normal/arm64/rescaler_utils.o /Users/aadityasingh/Library/Developer/Xcode/DerivedData/Chatlio-erkyzdeecsohoaggpwbjdvavzqfv/SourcePackages/checkouts/posthog-ios/vendor/libwebp/rescaler_utils.c normal arm64 c com.apple.compilers.llvm.clang.1_0.compiler (in target 'phlibwebp' from project 'PostHog')
    cd /Users/aadityasingh/Documents/Development/element-x-ios/Chatlio.xcodeproj
    
    Using response file: /Users/aadityasingh/Library/Developer/Xcode/DerivedData/Chatlio-erkyzdeecsohoaggpwbjdvavzqfv/Build/Intermediates.noindex/PostHog.build/Debug-iphonesimulator/phlibwebp.build/Objects-normal/arm64/7187679823f38a2a940e0043cdf9d637-common-args.resp
    
    builtin-ScanDependencies -o /Users/aadityasingh/Library/Developer/Xcode/DerivedData/Chatlio-erkyzdeecsohoaggpwbjdvavzqfv/Build/Intermediates.noindex/PostHog.build/Debug-iphonesimulator/phlibwebp.build/Objects-normal/arm64/rescaler_utils.o.scan -- /Applications/Xcode.app/Contents/Developer/Toolchains/XcodeDefault.xctoolchain/usr/bin/clang -x c -ivfsstatcache /Users/aadityasingh/Library/Developer/Xcode/DerivedData/SDKStatCaches.noindex/iphonesimulator26.4-23E252-686eebb5dc1d8ecb277353a59184f4aa.sdkstatcache -target arm64-apple-ios13.0-simulator -fmessage-length\=0 -fdiagnostics-show-note-include-stack -fmacro-backtrace-limit\=0 -fno-color-diagnostics -fmodules-prune-interval\=86400 -fmodules-prune-after\=345600 -fbuild-session-file\=/Users/aadityasingh/Library/Developer/Xcode/DerivedData/ModuleCache.noindex/Session.modulevalidation -fmodules-validate-once-per-build-session -Wnon-modular-include-in-framework-module -Werror\=non-modular-include-in-framework-module -Wno-trigraphs -Wno-missing-field-initializers -Wno-missing-prototypes -Wno-return-type -Wno-missing-braces -Wparentheses -Wswitch -Wno-unused-function -Wno-unused-label -Wno-unused-parameter -Wno-unused-variable -Wunused-value -Wno-empty-body -Wno-uninitialized -Wno-unknown-pragmas -w -Wno-shadow -Wno-four-char-constants -Wno-conversion -Wno-constant-conversion -Wno-int-conversion -Wno-bool-conversion -Wno-enum-conversion -Wno-float-conversion -Wno-non-literal-null-conversion -Wno-objc-literal-conversion -Wshorten-64-to-32 -Wpointer-sign -Wno-newline-eof -Wno-implicit-fallthrough -isysroot /Applications/Xcode.app/Contents/Developer/Platforms/iPhoneSimulator.platform/Developer/SDKs/iPhoneSimulator26.4.sdk -fstrict-aliasing -Wdeprecated-declarations -Wno-sign-conversion -Wno-infinite-recursion -Wno-comma -Wno-block-capture-autoreleasing -Wno-strict-prototypes -Wno-semicolon-before-method-body -index-store-path /Users/aadityasingh/Library/Developer/Xcode/DerivedData/Chatlio-erkyzdeecsohoaggpwbjdvavzqfv/Index.noindex/DataStore @/Users/aadityasingh/Library/Developer/Xcode/DerivedData/Chatlio-erkyzdeecsohoaggpwbjdvavzqfv/Build/Intermediates.noindex/PostHog.build/Debug-iphonesimulator/phlibwebp.build/Objects-normal/arm64/7187679823f38a2a940e0043cdf9d637-common-args.resp -MMD -MT dependencies -MF /Users/aadityasingh/Library/Developer/Xcode/DerivedData/Chatlio-erkyzdeecsohoaggpwbjdvavzqfv/Build/Intermediates.noindex/PostHog.build/Debug-iphonesimulator/phlibwebp.build/Objects-normal/arm64/rescaler_utils.d --serialize-diagnostics /Users/aadityasingh/Library/Developer/Xcode/DerivedData/Chatlio-erkyzdeecsohoaggpwbjdvavzqfv/Build/Intermediates.noindex/PostHog.build/Debug-iphonesimulator/phlibwebp.build/Objects-normal/arm64/rescaler_utils.dia -c /Users/aadityasingh/Library/Developer/Xcode/DerivedData/Chatlio-erkyzdeecsohoaggpwbjdvavzqfv/SourcePackages/checkouts/posthog-ios/vendor/libwebp/rescaler_utils.c -o /Users/aadityasingh/Library/Developer/Xcode/DerivedData/Chatlio-erkyzdeecsohoaggpwbjdvavzqfv/Build/Intermediates.noindex/PostHog.build/Debug-iphonesimulator/phlibwebp.build/Objects-normal/arm64/rescaler_utils.o -index-unit-output-path /PostHog.build/Debug-iphonesimulator/phlibwebp.build/Objects-normal/arm64/rescaler_utils.o

ScanDependencies /Users/aadityasingh/Library/Developer/Xcode/DerivedData/Chatlio-erkyzdeecsohoaggpwbjdvavzqfv/Build/Intermediates.noindex/PostHog.build/Debug-iphonesimulator/phlibwebp.build/Objects-normal/arm64/rescaler_sse2.o /Users/aadityasingh/Library/Developer/Xcode/DerivedData/Chatlio-erkyzdeecsohoaggpwbjdvavzqfv/SourcePackages/checkouts/posthog-ios/vendor/libwebp/rescaler_sse2.c normal arm64 c com.apple.compilers.llvm.clang.1_0.compiler (in target 'phlibwebp' from project 'PostHog')
    cd /Users/aadityasingh/Documents/Development/element-x-ios/Chatlio.xcodeproj
    
    Using response file: /Users/aadityasingh/Library/Developer/Xcode/DerivedData/Chatlio-erkyzdeecsohoaggpwbjdvavzqfv/Build/Intermediates.noindex/PostHog.build/Debug-iphonesimulator/phlibwebp.build/Objects-normal/arm64/7187679823f38a2a940e0043cdf9d637-common-args.resp
    
    builtin-ScanDependencies -o /Users/aadityasingh/Library/Developer/Xcode/DerivedData/Chatlio-erkyzdeecsohoaggpwbjdvavzqfv/Build/Intermediates.noindex/PostHog.build/Debug-iphonesimulator/phlibwebp.build/Objects-normal/arm64/rescaler_sse2.o.scan -- /Applications/Xcode.app/Contents/Developer/Toolchains/XcodeDefault.xctoolchain/usr/bin/clang -x c -ivfsstatcache /Users/aadityasingh/Library/Developer/Xcode/DerivedData/SDKStatCaches.noindex/iphonesimulator26.4-23E252-686eebb5dc1d8ecb277353a59184f4aa.sdkstatcache -target arm64-apple-ios13.0-simulator -fmessage-length\=0 -fdiagnostics-show-note-include-stack -fmacro-backtrace-limit\=0 -fno-color-diagnostics -fmodules-prune-interval\=86400 -fmodules-prune-after\=345600 -fbuild-session-file\=/Users/aadityasingh/Library/Developer/Xcode/DerivedData/ModuleCache.noindex/Session.modulevalidation -fmodules-validate-once-per-build-session -Wnon-modular-include-in-framework-module -Werror\=non-modular-include-in-framework-module -Wno-trigraphs -Wno-missing-field-initializers -Wno-missing-prototypes -Wno-return-type -Wno-missing-braces -Wparentheses -Wswitch -Wno-unused-function -Wno-unused-label -Wno-unused-parameter -Wno-unused-variable -Wunused-value -Wno-empty-body -Wno-uninitialized -Wno-unknown-pragmas -w -Wno-shadow -Wno-four-char-constants -Wno-conversion -Wno-constant-conversion -Wno-int-conversion -Wno-bool-conversion -Wno-enum-conversion -Wno-float-conversion -Wno-non-literal-null-conversion -Wno-objc-literal-conversion -Wshorten-64-to-32 -Wpointer-sign -Wno-newline-eof -Wno-implicit-fallthrough -isysroot /Applications/Xcode.app/Contents/Developer/Platforms/iPhoneSimulator.platform/Developer/SDKs/iPhoneSimulator26.4.sdk -fstrict-aliasing -Wdeprecated-declarations -Wno-sign-conversion -Wno-infinite-recursion -Wno-comma -Wno-block-capture-autoreleasing -Wno-strict-prototypes -Wno-semicolon-before-method-body -index-store-path /Users/aadityasingh/Library/Developer/Xcode/DerivedData/Chatlio-erkyzdeecsohoaggpwbjdvavzqfv/Index.noindex/DataStore @/Users/aadityasingh/Library/Developer/Xcode/DerivedData/Chatlio-erkyzdeecsohoaggpwbjdvavzqfv/Build/Intermediates.noindex/PostHog.build/Debug-iphonesimulator/phlibwebp.build/Objects-normal/arm64/7187679823f38a2a940e0043cdf9d637-common-args.resp -MMD -MT dependencies -MF /Users/aadityasingh/Library/Developer/Xcode/DerivedData/Chatlio-erkyzdeecsohoaggpwbjdvavzqfv/Build/Intermediates.noindex/PostHog.build/Debug-iphonesimulator/phlibwebp.build/Objects-normal/arm64/rescaler_sse2.d --serialize-diagnostics /Users/aadityasingh/Library/Developer/Xcode/DerivedData/Chatlio-erkyzdeecsohoaggpwbjdvavzqfv/Build/Intermediates.noindex/PostHog.build/Debug-iphonesimulator/phlibwebp.build/Objects-normal/arm64/rescaler_sse2.dia -c /Users/aadityasingh/Library/Developer/Xcode/DerivedData/Chatlio-erkyzdeecsohoaggpwbjdvavzqfv/SourcePackages/checkouts/posthog-ios/vendor/libwebp/rescaler_sse2.c -o /Users/aadityasingh/Library/Developer/Xcode/DerivedData/Chatlio-erkyzdeecsohoaggpwbjdvavzqfv/Build/Intermediates.noindex/PostHog.build/Debug-iphonesimulator/phlibwebp.build/Objects-normal/arm64/rescaler_sse2.o -index-unit-output-path /PostHog.build/Debug-iphonesimulator/phlibwebp.build/Objects-normal/arm64/rescaler_sse2.o

ScanDependencies /Users/aadityasingh/Library/Developer/Xcode/DerivedData/Chatlio-erkyzdeecsohoaggpwbjdvavzqfv/Build/Intermediates.noindex/PostHog.build/Debug-iphonesimulator/phlibwebp.build/Objects-normal/arm64/rescaler_neon.o /Users/aadityasingh/Library/Developer/Xcode/DerivedData/Chatlio-erkyzdeecsohoaggpwbjdvavzqfv/SourcePackages/checkouts/posthog-ios/vendor/libwebp/rescaler_neon.c normal arm64 c com.apple.compilers.llvm.clang.1_0.compiler (in target 'phlibwebp' from project 'PostHog')
    cd /Users/aadityasingh/Documents/Development/element-x-ios/Chatlio.xcodeproj
    
    Using response file: /Users/aadityasingh/Library/Developer/Xcode/DerivedData/Chatlio-erkyzdeecsohoaggpwbjdvavzqfv/Build/Intermediates.noindex/PostHog.build/Debug-iphonesimulator/phlibwebp.build/Objects-normal/arm64/7187679823f38a2a940e0043cdf9d637-common-args.resp
    
    builtin-ScanDependencies -o /Users/aadityasingh/Library/Developer/Xcode/DerivedData/Chatlio-erkyzdeecsohoaggpwbjdvavzqfv/Build/Intermediates.noindex/PostHog.build/Debug-iphonesimulator/phlibwebp.build/Objects-normal/arm64/rescaler_neon.o.scan -- /Applications/Xcode.app/Contents/Developer/Toolchains/XcodeDefault.xctoolchain/usr/bin/clang -x c -ivfsstatcache /Users/aadityasingh/Library/Developer/Xcode/DerivedData/SDKStatCaches.noindex/iphonesimulator26.4-23E252-686eebb5dc1d8ecb277353a59184f4aa.sdkstatcache -target arm64-apple-ios13.0-simulator -fmessage-length\=0 -fdiagnostics-show-note-include-stack -fmacro-backtrace-limit\=0 -fno-color-diagnostics -fmodules-prune-interval\=86400 -fmodules-prune-after\=345600 -fbuild-session-file\=/Users/aadityasingh/Library/Developer/Xcode/DerivedData/ModuleCache.noindex/Session.modulevalidation -fmodules-validate-once-per-build-session -Wnon-modular-include-in-framework-module -Werror\=non-modular-include-in-framework-module -Wno-trigraphs -Wno-missing-field-initializers -Wno-missing-prototypes -Wno-return-type -Wno-missing-braces -Wparentheses -Wswitch -Wno-unused-function -Wno-unused-label -Wno-unused-parameter -Wno-unused-variable -Wunused-value -Wno-empty-body -Wno-uninitialized -Wno-unknown-pragmas -w -Wno-shadow -Wno-four-char-constants -Wno-conversion -Wno-constant-conversion -Wno-int-conversion -Wno-bool-conversion -Wno-enum-conversion -Wno-float-conversion -Wno-non-literal-null-conversion -Wno-objc-literal-conversion -Wshorten-64-to-32 -Wpointer-sign -Wno-newline-eof -Wno-implicit-fallthrough -isysroot /Applications/Xcode.app/Contents/Developer/Platforms/iPhoneSimulator.platform/Developer/SDKs/iPhoneSimulator26.4.sdk -fstrict-aliasing -Wdeprecated-declarations -Wno-sign-conversion -Wno-infinite-recursion -Wno-comma -Wno-block-capture-autoreleasing -Wno-strict-prototypes -Wno-semicolon-before-method-body -index-store-path /Users/aadityasingh/Library/Developer/Xcode/DerivedData/Chatlio-erkyzdeecsohoaggpwbjdvavzqfv/Index.noindex/DataStore @/Users/aadityasingh/Library/Developer/Xcode/DerivedData/Chatlio-erkyzdeecsohoaggpwbjdvavzqfv/Build/Intermediates.noindex/PostHog.build/Debug-iphonesimulator/phlibwebp.build/Objects-normal/arm64/7187679823f38a2a940e0043cdf9d637-common-args.resp -MMD -MT dependencies -MF /Users/aadityasingh/Library/Developer/Xcode/DerivedData/Chatlio-erkyzdeecsohoaggpwbjdvavzqfv/Build/Intermediates.noindex/PostHog.build/Debug-iphonesimulator/phlibwebp.build/Objects-normal/arm64/rescaler_neon.d --serialize-diagnostics /Users/aadityasingh/Library/Developer/Xcode/DerivedData/Chatlio-erkyzdeecsohoaggpwbjdvavzqfv/Build/Intermediates.noindex/PostHog.build/Debug-iphonesimulator/phlibwebp.build/Objects-normal/arm64/rescaler_neon.dia -c /Users/aadityasingh/Library/Developer/Xcode/DerivedData/Chatlio-erkyzdeecsohoaggpwbjdvavzqfv/SourcePackages/checkouts/posthog-ios/vendor/libwebp/rescaler_neon.c -o /Users/aadityasingh/Library/Developer/Xcode/DerivedData/Chatlio-erkyzdeecsohoaggpwbjdvavzqfv/Build/Intermediates.noindex/PostHog.build/Debug-iphonesimulator/phlibwebp.build/Objects-normal/arm64/rescaler_neon.o -index-unit-output-path /PostHog.build/Debug-iphonesimulator/phlibwebp.build/Objects-normal/arm64/rescaler_neon.o

ScanDependencies /Users/aadityasingh/Library/Developer/Xcode/DerivedData/Chatlio-erkyzdeecsohoaggpwbjdvavzqfv/Build/Intermediates.noindex/PostHog.build/Debug-iphonesimulator/phlibwebp.build/Objects-normal/arm64/rescaler.o /Users/aadityasingh/Library/Developer/Xcode/DerivedData/Chatlio-erkyzdeecsohoaggpwbjdvavzqfv/SourcePackages/checkouts/posthog-ios/vendor/libwebp/rescaler.c normal arm64 c com.apple.compilers.llvm.clang.1_0.compiler (in target 'phlibwebp' from project 'PostHog')
    cd /Users/aadityasingh/Documents/Development/element-x-ios/Chatlio.xcodeproj
    
    Using response file: /Users/aadityasingh/Library/Developer/Xcode/DerivedData/Chatlio-erkyzdeecsohoaggpwbjdvavzqfv/Build/Intermediates.noindex/PostHog.build/Debug-iphonesimulator/phlibwebp.build/Objects-normal/arm64/7187679823f38a2a940e0043cdf9d637-common-args.resp
    
    builtin-ScanDependencies -o /Users/aadityasingh/Library/Developer/Xcode/DerivedData/Chatlio-erkyzdeecsohoaggpwbjdvavzqfv/Build/Intermediates.noindex/PostHog.build/Debug-iphonesimulator/phlibwebp.build/Objects-normal/arm64/rescaler.o.scan -- /Applications/Xcode.app/Contents/Developer/Toolchains/XcodeDefault.xctoolchain/usr/bin/clang -x c -ivfsstatcache /Users/aadityasingh/Library/Developer/Xcode/DerivedData/SDKStatCaches.noindex/iphonesimulator26.4-23E252-686eebb5dc1d8ecb277353a59184f4aa.sdkstatcache -target arm64-apple-ios13.0-simulator -fmessage-length\=0 -fdiagnostics-show-note-include-stack -fmacro-backtrace-limit\=0 -fno-color-diagnostics -fmodules-prune-interval\=86400 -fmodules-prune-after\=345600 -fbuild-session-file\=/Users/aadityasingh/Library/Developer/Xcode/DerivedData/ModuleCache.noindex/Session.modulevalidation -fmodules-validate-once-per-build-session -Wnon-modular-include-in-framework-module -Werror\=non-modular-include-in-framework-module -Wno-trigraphs -Wno-missing-field-initializers -Wno-missing-prototypes -Wno-return-type -Wno-missing-braces -Wparentheses -Wswitch -Wno-unused-function -Wno-unused-label -Wno-unused-parameter -Wno-unused-variable -Wunused-value -Wno-empty-body -Wno-uninitialized -Wno-unknown-pragmas -w -Wno-shadow -Wno-four-char-constants -Wno-conversion -Wno-constant-conversion -Wno-int-conversion -Wno-bool-conversion -Wno-enum-conversion -Wno-float-conversion -Wno-non-literal-null-conversion -Wno-objc-literal-conversion -Wshorten-64-to-32 -Wpointer-sign -Wno-newline-eof -Wno-implicit-fallthrough -isysroot /Applications/Xcode.app/Contents/Developer/Platforms/iPhoneSimulator.platform/Developer/SDKs/iPhoneSimulator26.4.sdk -fstrict-aliasing -Wdeprecated-declarations -Wno-sign-conversion -Wno-infinite-recursion -Wno-comma -Wno-block-capture-autoreleasing -Wno-strict-prototypes -Wno-semicolon-before-method-body -index-store-path /Users/aadityasingh/Library/Developer/Xcode/DerivedData/Chatlio-erkyzdeecsohoaggpwbjdvavzqfv/Index.noindex/DataStore @/Users/aadityasingh/Library/Developer/Xcode/DerivedData/Chatlio-erkyzdeecsohoaggpwbjdvavzqfv/Build/Intermediates.noindex/PostHog.build/Debug-iphonesimulator/phlibwebp.build/Objects-normal/arm64/7187679823f38a2a940e0043cdf9d637-common-args.resp -MMD -MT dependencies -MF /Users/aadityasingh/Library/Developer/Xcode/DerivedData/Chatlio-erkyzdeecsohoaggpwbjdvavzqfv/Build/Intermediates.noindex/PostHog.build/Debug-iphonesimulator/phlibwebp.build/Objects-normal/arm64/rescaler.d --serialize-diagnostics /Users/aadityasingh/Library/Developer/Xcode/DerivedData/Chatlio-erkyzdeecsohoaggpwbjdvavzqfv/Build/Intermediates.noindex/PostHog.build/Debug-iphonesimulator/phlibwebp.build/Objects-normal/arm64/rescaler.dia -c /Users/aadityasingh/Library/Developer/Xcode/DerivedData/Chatlio-erkyzdeecsohoaggpwbjdvavzqfv/SourcePackages/checkouts/posthog-ios/vendor/libwebp/rescaler.c -o /Users/aadityasingh/Library/Developer/Xcode/DerivedData/Chatlio-erkyzdeecsohoaggpwbjdvavzqfv/Build/Intermediates.noindex/PostHog.build/Debug-iphonesimulator/phlibwebp.build/Objects-normal/arm64/rescaler.o -index-unit-output-path /PostHog.build/Debug-iphonesimulator/phlibwebp.build/Objects-normal/arm64/rescaler.o

ScanDependencies /Users/aadityasingh/Library/Developer/Xcode/DerivedData/Chatlio-erkyzdeecsohoaggpwbjdvavzqfv/Build/Intermediates.noindex/PostHog.build/Debug-iphonesimulator/phlibwebp.build/Objects-normal/arm64/random_utils.o /Users/aadityasingh/Library/Developer/Xcode/DerivedData/Chatlio-erkyzdeecsohoaggpwbjdvavzqfv/SourcePackages/checkouts/posthog-ios/vendor/libwebp/random_utils.c normal arm64 c com.apple.compilers.llvm.clang.1_0.compiler (in target 'phlibwebp' from project 'PostHog')
    cd /Users/aadityasingh/Documents/Development/element-x-ios/Chatlio.xcodeproj
    
    Using response file: /Users/aadityasingh/Library/Developer/Xcode/DerivedData/Chatlio-erkyzdeecsohoaggpwbjdvavzqfv/Build/Intermediates.noindex/PostHog.build/Debug-iphonesimulator/phlibwebp.build/Objects-normal/arm64/7187679823f38a2a940e0043cdf9d637-common-args.resp
    
    builtin-ScanDependencies -o /Users/aadityasingh/Library/Developer/Xcode/DerivedData/Chatlio-erkyzdeecsohoaggpwbjdvavzqfv/Build/Intermediates.noindex/PostHog.build/Debug-iphonesimulator/phlibwebp.build/Objects-normal/arm64/random_utils.o.scan -- /Applications/Xcode.app/Contents/Developer/Toolchains/XcodeDefault.xctoolchain/usr/bin/clang -x c -ivfsstatcache /Users/aadityasingh/Library/Developer/Xcode/DerivedData/SDKStatCaches.noindex/iphonesimulator26.4-23E252-686eebb5dc1d8ecb277353a59184f4aa.sdkstatcache -target arm64-apple-ios13.0-simulator -fmessage-length\=0 -fdiagnostics-show-note-include-stack -fmacro-backtrace-limit\=0 -fno-color-diagnostics -fmodules-prune-interval\=86400 -fmodules-prune-after\=345600 -fbuild-session-file\=/Users/aadityasingh/Library/Developer/Xcode/DerivedData/ModuleCache.noindex/Session.modulevalidation -fmodules-validate-once-per-build-session -Wnon-modular-include-in-framework-module -Werror\=non-modular-include-in-framework-module -Wno-trigraphs -Wno-missing-field-initializers -Wno-missing-prototypes -Wno-return-type -Wno-missing-braces -Wparentheses -Wswitch -Wno-unused-function -Wno-unused-label -Wno-unused-parameter -Wno-unused-variable -Wunused-value -Wno-empty-body -Wno-uninitialized -Wno-unknown-pragmas -w -Wno-shadow -Wno-four-char-constants -Wno-conversion -Wno-constant-conversion -Wno-int-conversion -Wno-bool-conversion -Wno-enum-conversion -Wno-float-conversion -Wno-non-literal-null-conversion -Wno-objc-literal-conversion -Wshorten-64-to-32 -Wpointer-sign -Wno-newline-eof -Wno-implicit-fallthrough -isysroot /Applications/Xcode.app/Contents/Developer/Platforms/iPhoneSimulator.platform/Developer/SDKs/iPhoneSimulator26.4.sdk -fstrict-aliasing -Wdeprecated-declarations -Wno-sign-conversion -Wno-infinite-recursion -Wno-comma -Wno-block-capture-autoreleasing -Wno-strict-prototypes -Wno-semicolon-before-method-body -index-store-path /Users/aadityasingh/Library/Developer/Xcode/DerivedData/Chatlio-erkyzdeecsohoaggpwbjdvavzqfv/Index.noindex/DataStore @/Users/aadityasingh/Library/Developer/Xcode/DerivedData/Chatlio-erkyzdeecsohoaggpwbjdvavzqfv/Build/Intermediates.noindex/PostHog.build/Debug-iphonesimulator/phlibwebp.build/Objects-normal/arm64/7187679823f38a2a940e0043cdf9d637-common-args.resp -MMD -MT dependencies -MF /Users/aadityasingh/Library/Developer/Xcode/DerivedData/Chatlio-erkyzdeecsohoaggpwbjdvavzqfv/Build/Intermediates.noindex/PostHog.build/Debug-iphonesimulator/phlibwebp.build/Objects-normal/arm64/random_utils.d --serialize-diagnostics /Users/aadityasingh/Library/Developer/Xcode/DerivedData/Chatlio-erkyzdeecsohoaggpwbjdvavzqfv/Build/Intermediates.noindex/PostHog.build/Debug-iphonesimulator/phlibwebp.build/Objects-normal/arm64/random_utils.dia -c /Users/aadityasingh/Library/Developer/Xcode/DerivedData/Chatlio-erkyzdeecsohoaggpwbjdvavzqfv/SourcePackages/checkouts/posthog-ios/vendor/libwebp/random_utils.c -o /Users/aadityasingh/Library/Developer/Xcode/DerivedData/Chatlio-erkyzdeecsohoaggpwbjdvavzqfv/Build/Intermediates.noindex/PostHog.build/Debug-iphonesimulator/phlibwebp.build/Objects-normal/arm64/random_utils.o -index-unit-output-path /PostHog.build/Debug-iphonesimulator/phlibwebp.build/Objects-normal/arm64/random_utils.o

ScanDependencies /Users/aadityasingh/Library/Developer/Xcode/DerivedData/Chatlio-erkyzdeecsohoaggpwbjdvavzqfv/Build/Intermediates.noindex/PostHog.build/Debug-iphonesimulator/phlibwebp.build/Objects-normal/arm64/quant_levels_utils.o /Users/aadityasingh/Library/Developer/Xcode/DerivedData/Chatlio-erkyzdeecsohoaggpwbjdvavzqfv/SourcePackages/checkouts/posthog-ios/vendor/libwebp/quant_levels_utils.c normal arm64 c com.apple.compilers.llvm.clang.1_0.compiler (in target 'phlibwebp' from project 'PostHog')
    cd /Users/aadityasingh/Documents/Development/element-x-ios/Chatlio.xcodeproj
    
    Using response file: /Users/aadityasingh/Library/Developer/Xcode/DerivedData/Chatlio-erkyzdeecsohoaggpwbjdvavzqfv/Build/Intermediates.noindex/PostHog.build/Debug-iphonesimulator/phlibwebp.build/Objects-normal/arm64/7187679823f38a2a940e0043cdf9d637-common-args.resp
    
    builtin-ScanDependencies -o /Users/aadityasingh/Library/Developer/Xcode/DerivedData/Chatlio-erkyzdeecsohoaggpwbjdvavzqfv/Build/Intermediates.noindex/PostHog.build/Debug-iphonesimulator/phlibwebp.build/Objects-normal/arm64/quant_levels_utils.o.scan -- /Applications/Xcode.app/Contents/Developer/Toolchains/XcodeDefault.xctoolchain/usr/bin/clang -x c -ivfsstatcache /Users/aadityasingh/Library/Developer/Xcode/DerivedData/SDKStatCaches.noindex/iphonesimulator26.4-23E252-686eebb5dc1d8ecb277353a59184f4aa.sdkstatcache -target arm64-apple-ios13.0-simulator -fmessage-length\=0 -fdiagnostics-show-note-include-stack -fmacro-backtrace-limit\=0 -fno-color-diagnostics -fmodules-prune-interval\=86400 -fmodules-prune-after\=345600 -fbuild-session-file\=/Users/aadityasingh/Library/Developer/Xcode/DerivedData/ModuleCache.noindex/Session.modulevalidation -fmodules-validate-once-per-build-session -Wnon-modular-include-in-framework-module -Werror\=non-modular-include-in-framework-module -Wno-trigraphs -Wno-missing-field-initializers -Wno-missing-prototypes -Wno-return-type -Wno-missing-braces -Wparentheses -Wswitch -Wno-unused-function -Wno-unused-label -Wno-unused-parameter -Wno-unused-variable -Wunused-value -Wno-empty-body -Wno-uninitialized -Wno-unknown-pragmas -w -Wno-shadow -Wno-four-char-constants -Wno-conversion -Wno-constant-conversion -Wno-int-conversion -Wno-bool-conversion -Wno-enum-conversion -Wno-float-conversion -Wno-non-literal-null-conversion -Wno-objc-literal-conversion -Wshorten-64-to-32 -Wpointer-sign -Wno-newline-eof -Wno-implicit-fallthrough -isysroot /Applications/Xcode.app/Contents/Developer/Platforms/iPhoneSimulator.platform/Developer/SDKs/iPhoneSimulator26.4.sdk -fstrict-aliasing -Wdeprecated-declarations -Wno-sign-conversion -Wno-infinite-recursion -Wno-comma -Wno-block-capture-autoreleasing -Wno-strict-prototypes -Wno-semicolon-before-method-body -index-store-path /Users/aadityasingh/Library/Developer/Xcode/DerivedData/Chatlio-erkyzdeecsohoaggpwbjdvavzqfv/Index.noindex/DataStore @/Users/aadityasingh/Library/Developer/Xcode/DerivedData/Chatlio-erkyzdeecsohoaggpwbjdvavzqfv/Build/Intermediates.noindex/PostHog.build/Debug-iphonesimulator/phlibwebp.build/Objects-normal/arm64/7187679823f38a2a940e0043cdf9d637-common-args.resp -MMD -MT dependencies -MF /Users/aadityasingh/Library/Developer/Xcode/DerivedData/Chatlio-erkyzdeecsohoaggpwbjdvavzqfv/Build/Intermediates.noindex/PostHog.build/Debug-iphonesimulator/phlibwebp.build/Objects-normal/arm64/quant_levels_utils.d --serialize-diagnostics /Users/aadityasingh/Library/Developer/Xcode/DerivedData/Chatlio-erkyzdeecsohoaggpwbjdvavzqfv/Build/Intermediates.noindex/PostHog.build/Debug-iphonesimulator/phlibwebp.build/Objects-normal/arm64/quant_levels_utils.dia -c /Users/aadityasingh/Library/Developer/Xcode/DerivedData/Chatlio-erkyzdeecsohoaggpwbjdvavzqfv/SourcePackages/checkouts/posthog-ios/vendor/libwebp/quant_levels_utils.c -o /Users/aadityasingh/Library/Developer/Xcode/DerivedData/Chatlio-erkyzdeecsohoaggpwbjdvavzqfv/Build/Intermediates.noindex/PostHog.build/Debug-iphonesimulator/phlibwebp.build/Objects-normal/arm64/quant_levels_utils.o -index-unit-output-path /PostHog.build/Debug-iphonesimulator/phlibwebp.build/Objects-normal/arm64/quant_levels_utils.o

ScanDependencies /Users/aadityasingh/Library/Developer/Xcode/DerivedData/Chatlio-erkyzdeecsohoaggpwbjdvavzqfv/Build/Intermediates.noindex/PostHog.build/Debug-iphonesimulator/phlibwebp.build/Objects-normal/arm64/quant_levels_dec_utils.o /Users/aadityasingh/Library/Developer/Xcode/DerivedData/Chatlio-erkyzdeecsohoaggpwbjdvavzqfv/SourcePackages/checkouts/posthog-ios/vendor/libwebp/quant_levels_dec_utils.c normal arm64 c com.apple.compilers.llvm.clang.1_0.compiler (in target 'phlibwebp' from project 'PostHog')
    cd /Users/aadityasingh/Documents/Development/element-x-ios/Chatlio.xcodeproj
    
    Using response file: /Users/aadityasingh/Library/Developer/Xcode/DerivedData/Chatlio-erkyzdeecsohoaggpwbjdvavzqfv/Build/Intermediates.noindex/PostHog.build/Debug-iphonesimulator/phlibwebp.build/Objects-normal/arm64/7187679823f38a2a940e0043cdf9d637-common-args.resp
    
    builtin-ScanDependencies -o /Users/aadityasingh/Library/Developer/Xcode/DerivedData/Chatlio-erkyzdeecsohoaggpwbjdvavzqfv/Build/Intermediates.noindex/PostHog.build/Debug-iphonesimulator/phlibwebp.build/Objects-normal/arm64/quant_levels_dec_utils.o.scan -- /Applications/Xcode.app/Contents/Developer/Toolchains/XcodeDefault.xctoolchain/usr/bin/clang -x c -ivfsstatcache /Users/aadityasingh/Library/Developer/Xcode/DerivedData/SDKStatCaches.noindex/iphonesimulator26.4-23E252-686eebb5dc1d8ecb277353a59184f4aa.sdkstatcache -target arm64-apple-ios13.0-simulator -fmessage-length\=0 -fdiagnostics-show-note-include-stack -fmacro-backtrace-limit\=0 -fno-color-diagnostics -fmodules-prune-interval\=86400 -fmodules-prune-after\=345600 -fbuild-session-file\=/Users/aadityasingh/Library/Developer/Xcode/DerivedData/ModuleCache.noindex/Session.modulevalidation -fmodules-validate-once-per-build-session -Wnon-modular-include-in-framework-module -Werror\=non-modular-include-in-framework-module -Wno-trigraphs -Wno-missing-field-initializers -Wno-missing-prototypes -Wno-return-type -Wno-missing-braces -Wparentheses -Wswitch -Wno-unused-function -Wno-unused-label -Wno-unused-parameter -Wno-unused-variable -Wunused-value -Wno-empty-body -Wno-uninitialized -Wno-unknown-pragmas -w -Wno-shadow -Wno-four-char-constants -Wno-conversion -Wno-constant-conversion -Wno-int-conversion -Wno-bool-conversion -Wno-enum-conversion -Wno-float-conversion -Wno-non-literal-null-conversion -Wno-objc-literal-conversion -Wshorten-64-to-32 -Wpointer-sign -Wno-newline-eof -Wno-implicit-fallthrough -isysroot /Applications/Xcode.app/Contents/Developer/Platforms/iPhoneSimulator.platform/Developer/SDKs/iPhoneSimulator26.4.sdk -fstrict-aliasing -Wdeprecated-declarations -Wno-sign-conversion -Wno-infinite-recursion -Wno-comma -Wno-block-capture-autoreleasing -Wno-strict-prototypes -Wno-semicolon-before-method-body -index-store-path /Users/aadityasingh/Library/Developer/Xcode/DerivedData/Chatlio-erkyzdeecsohoaggpwbjdvavzqfv/Index.noindex/DataStore @/Users/aadityasingh/Library/Developer/Xcode/DerivedData/Chatlio-erkyzdeecsohoaggpwbjdvavzqfv/Build/Intermediates.noindex/PostHog.build/Debug-iphonesimulator/phlibwebp.build/Objects-normal/arm64/7187679823f38a2a940e0043cdf9d637-common-args.resp -MMD -MT dependencies -MF /Users/aadityasingh/Library/Developer/Xcode/DerivedData/Chatlio-erkyzdeecsohoaggpwbjdvavzqfv/Build/Intermediates.noindex/PostHog.build/Debug-iphonesimulator/phlibwebp.build/Objects-normal/arm64/quant_levels_dec_utils.d --serialize-diagnostics /Users/aadityasingh/Library/Developer/Xcode/DerivedData/Chatlio-erkyzdeecsohoaggpwbjdvavzqfv/Build/Intermediates.noindex/PostHog.build/Debug-iphonesimulator/phlibwebp.build/Objects-normal/arm64/quant_levels_dec_utils.dia -c /Users/aadityasingh/Library/Developer/Xcode/DerivedData/Chatlio-erkyzdeecsohoaggpwbjdvavzqfv/SourcePackages/checkouts/posthog-ios/vendor/libwebp/quant_levels_dec_utils.c -o /Users/aadityasingh/Library/Developer/Xcode/DerivedData/Chatlio-erkyzdeecsohoaggpwbjdvavzqfv/Build/Intermediates.noindex/PostHog.build/Debug-iphonesimulator/phlibwebp.build/Objects-normal/arm64/quant_levels_dec_utils.o -index-unit-output-path /PostHog.build/Debug-iphonesimulator/phlibwebp.build/Objects-normal/arm64/quant_levels_dec_utils.o

PrecompileModule /Users/aadityasingh/Library/Developer/Xcode/DerivedData/Chatlio-erkyzdeecsohoaggpwbjdvavzqfv/Build/Intermediates.noindex/ExplicitPrecompiledModules/_DarwinFoundation1-CQ3U4S3M8G07362RIU1B5VDWY.scan
    cd /
    builtin-precompileModule /Users/aadityasingh/Library/Developer/Xcode/DerivedData/Chatlio-erkyzdeecsohoaggpwbjdvavzqfv/Build/Intermediates.noindex/ExplicitPrecompiledModules/_DarwinFoundation1-CQ3U4S3M8G07362RIU1B5VDWY.scan

ScanDependencies /Users/aadityasingh/Library/Developer/Xcode/DerivedData/Chatlio-erkyzdeecsohoaggpwbjdvavzqfv/Build/Intermediates.noindex/PostHog.build/Debug-iphonesimulator/phlibwebp.build/Objects-normal/arm64/quant_enc.o /Users/aadityasingh/Library/Developer/Xcode/DerivedData/Chatlio-erkyzdeecsohoaggpwbjdvavzqfv/SourcePackages/checkouts/posthog-ios/vendor/libwebp/quant_enc.c normal arm64 c com.apple.compilers.llvm.clang.1_0.compiler (in target 'phlibwebp' from project 'PostHog')
    cd /Users/aadityasingh/Documents/Development/element-x-ios/Chatlio.xcodeproj
    
    Using response file: /Users/aadityasingh/Library/Developer/Xcode/DerivedData/Chatlio-erkyzdeecsohoaggpwbjdvavzqfv/Build/Intermediates.noindex/PostHog.build/Debug-iphonesimulator/phlibwebp.build/Objects-normal/arm64/7187679823f38a2a940e0043cdf9d637-common-args.resp
    
    builtin-ScanDependencies -o /Users/aadityasingh/Library/Developer/Xcode/DerivedData/Chatlio-erkyzdeecsohoaggpwbjdvavzqfv/Build/Intermediates.noindex/PostHog.build/Debug-iphonesimulator/phlibwebp.build/Objects-normal/arm64/quant_enc.o.scan -- /Applications/Xcode.app/Contents/Developer/Toolchains/XcodeDefault.xctoolchain/usr/bin/clang -x c -ivfsstatcache /Users/aadityasingh/Library/Developer/Xcode/DerivedData/SDKStatCaches.noindex/iphonesimulator26.4-23E252-686eebb5dc1d8ecb277353a59184f4aa.sdkstatcache -target arm64-apple-ios13.0-simulator -fmessage-length\=0 -fdiagnostics-show-note-include-stack -fmacro-backtrace-limit\=0 -fno-color-diagnostics -fmodules-prune-interval\=86400 -fmodules-prune-after\=345600 -fbuild-session-file\=/Users/aadityasingh/Library/Developer/Xcode/DerivedData/ModuleCache.noindex/Session.modulevalidation -fmodules-validate-once-per-build-session -Wnon-modular-include-in-framework-module -Werror\=non-modular-include-in-framework-module -Wno-trigraphs -Wno-missing-field-initializers -Wno-missing-prototypes -Wno-return-type -Wno-missing-braces -Wparentheses -Wswitch -Wno-unused-function -Wno-unused-label -Wno-unused-parameter -Wno-unused-variable -Wunused-value -Wno-empty-body -Wno-uninitialized -Wno-unknown-pragmas -w -Wno-shadow -Wno-four-char-constants -Wno-conversion -Wno-constant-conversion -Wno-int-conversion -Wno-bool-conversion -Wno-enum-conversion -Wno-float-conversion -Wno-non-literal-null-conversion -Wno-objc-literal-conversion -Wshorten-64-to-32 -Wpointer-sign -Wno-newline-eof -Wno-implicit-fallthrough -isysroot /Applications/Xcode.app/Contents/Developer/Platforms/iPhoneSimulator.platform/Developer/SDKs/iPhoneSimulator26.4.sdk -fstrict-aliasing -Wdeprecated-declarations -Wno-sign-conversion -Wno-infinite-recursion -Wno-comma -Wno-block-capture-autoreleasing -Wno-strict-prototypes -Wno-semicolon-before-method-body -index-store-path /Users/aadityasingh/Library/Developer/Xcode/DerivedData/Chatlio-erkyzdeecsohoaggpwbjdvavzqfv/Index.noindex/DataStore @/Users/aadityasingh/Library/Developer/Xcode/DerivedData/Chatlio-erkyzdeecsohoaggpwbjdvavzqfv/Build/Intermediates.noindex/PostHog.build/Debug-iphonesimulator/phlibwebp.build/Objects-normal/arm64/7187679823f38a2a940e0043cdf9d637-common-args.resp -MMD -MT dependencies -MF /Users/aadityasingh/Library/Developer/Xcode/DerivedData/Chatlio-erkyzdeecsohoaggpwbjdvavzqfv/Build/Intermediates.noindex/PostHog.build/Debug-iphonesimulator/phlibwebp.build/Objects-normal/arm64/quant_enc.d --serialize-diagnostics /Users/aadityasingh/Library/Developer/Xcode/DerivedData/Chatlio-erkyzdeecsohoaggpwbjdvavzqfv/Build/Intermediates.noindex/PostHog.build/Debug-iphonesimulator/phlibwebp.build/Objects-normal/arm64/quant_enc.dia -c /Users/aadityasingh/Library/Developer/Xcode/DerivedData/Chatlio-erkyzdeecsohoaggpwbjdvavzqfv/SourcePackages/checkouts/posthog-ios/vendor/libwebp/quant_enc.c -o /Users/aadityasingh/Library/Developer/Xcode/DerivedData/Chatlio-erkyzdeecsohoaggpwbjdvavzqfv/Build/Intermediates.noindex/PostHog.build/Debug-iphonesimulator/phlibwebp.build/Objects-normal/arm64/quant_enc.o -index-unit-output-path /PostHog.build/Debug-iphonesimulator/phlibwebp.build/Objects-normal/arm64/quant_enc.o

ScanDependencies /Users/aadityasingh/Library/Developer/Xcode/DerivedData/Chatlio-erkyzdeecsohoaggpwbjdvavzqfv/Build/Intermediates.noindex/PostHog.build/Debug-iphonesimulator/phlibwebp.build/Objects-normal/arm64/predictor_enc.o /Users/aadityasingh/Library/Developer/Xcode/DerivedData/Chatlio-erkyzdeecsohoaggpwbjdvavzqfv/SourcePackages/checkouts/posthog-ios/vendor/libwebp/predictor_enc.c normal arm64 c com.apple.compilers.llvm.clang.1_0.compiler (in target 'phlibwebp' from project 'PostHog')
    cd /Users/aadityasingh/Documents/Development/element-x-ios/Chatlio.xcodeproj
    
    Using response file: /Users/aadityasingh/Library/Developer/Xcode/DerivedData/Chatlio-erkyzdeecsohoaggpwbjdvavzqfv/Build/Intermediates.noindex/PostHog.build/Debug-iphonesimulator/phlibwebp.build/Objects-normal/arm64/7187679823f38a2a940e0043cdf9d637-common-args.resp
    
    builtin-ScanDependencies -o /Users/aadityasingh/Library/Developer/Xcode/DerivedData/Chatlio-erkyzdeecsohoaggpwbjdvavzqfv/Build/Intermediates.noindex/PostHog.build/Debug-iphonesimulator/phlibwebp.build/Objects-normal/arm64/predictor_enc.o.scan -- /Applications/Xcode.app/Contents/Developer/Toolchains/XcodeDefault.xctoolchain/usr/bin/clang -x c -ivfsstatcache /Users/aadityasingh/Library/Developer/Xcode/DerivedData/SDKStatCaches.noindex/iphonesimulator26.4-23E252-686eebb5dc1d8ecb277353a59184f4aa.sdkstatcache -target arm64-apple-ios13.0-simulator -fmessage-length\=0 -fdiagnostics-show-note-include-stack -fmacro-backtrace-limit\=0 -fno-color-diagnostics -fmodules-prune-interval\=86400 -fmodules-prune-after\=345600 -fbuild-session-file\=/Users/aadityasingh/Library/Developer/Xcode/DerivedData/ModuleCache.noindex/Session.modulevalidation -fmodules-validate-once-per-build-session -Wnon-modular-include-in-framework-module -Werror\=non-modular-include-in-framework-module -Wno-trigraphs -Wno-missing-field-initializers -Wno-missing-prototypes -Wno-return-type -Wno-missing-braces -Wparentheses -Wswitch -Wno-unused-function -Wno-unused-label -Wno-unused-parameter -Wno-unused-variable -Wunused-value -Wno-empty-body -Wno-uninitialized -Wno-unknown-pragmas -w -Wno-shadow -Wno-four-char-constants -Wno-conversion -Wno-constant-conversion -Wno-int-conversion -Wno-bool-conversion -Wno-enum-conversion -Wno-float-conversion -Wno-non-literal-null-conversion -Wno-objc-literal-conversion -Wshorten-64-to-32 -Wpointer-sign -Wno-newline-eof -Wno-implicit-fallthrough -isysroot /Applications/Xcode.app/Contents/Developer/Platforms/iPhoneSimulator.platform/Developer/SDKs/iPhoneSimulator26.4.sdk -fstrict-aliasing -Wdeprecated-declarations -Wno-sign-conversion -Wno-infinite-recursion -Wno-comma -Wno-block-capture-autoreleasing -Wno-strict-prototypes -Wno-semicolon-before-method-body -index-store-path /Users/aadityasingh/Library/Developer/Xcode/DerivedData/Chatlio-erkyzdeecsohoaggpwbjdvavzqfv/Index.noindex/DataStore @/Users/aadityasingh/Library/Developer/Xcode/DerivedData/Chatlio-erkyzdeecsohoaggpwbjdvavzqfv/Build/Intermediates.noindex/PostHog.build/Debug-iphonesimulator/phlibwebp.build/Objects-normal/arm64/7187679823f38a2a940e0043cdf9d637-common-args.resp -MMD -MT dependencies -MF /Users/aadityasingh/Library/Developer/Xcode/DerivedData/Chatlio-erkyzdeecsohoaggpwbjdvavzqfv/Build/Intermediates.noindex/PostHog.build/Debug-iphonesimulator/phlibwebp.build/Objects-normal/arm64/predictor_enc.d --serialize-diagnostics /Users/aadityasingh/Library/Developer/Xcode/DerivedData/Chatlio-erkyzdeecsohoaggpwbjdvavzqfv/Build/Intermediates.noindex/PostHog.build/Debug-iphonesimulator/phlibwebp.build/Objects-normal/arm64/predictor_enc.dia -c /Users/aadityasingh/Library/Developer/Xcode/DerivedData/Chatlio-erkyzdeecsohoaggpwbjdvavzqfv/SourcePackages/checkouts/posthog-ios/vendor/libwebp/predictor_enc.c -o /Users/aadityasingh/Library/Developer/Xcode/DerivedData/Chatlio-erkyzdeecsohoaggpwbjdvavzqfv/Build/Intermediates.noindex/PostHog.build/Debug-iphonesimulator/phlibwebp.build/Objects-normal/arm64/predictor_enc.o -index-unit-output-path /PostHog.build/Debug-iphonesimulator/phlibwebp.build/Objects-normal/arm64/predictor_enc.o

PrecompileModule /Users/aadityasingh/Library/Developer/Xcode/DerivedData/Chatlio-erkyzdeecsohoaggpwbjdvavzqfv/Build/Intermediates.noindex/ExplicitPrecompiledModules/_Builtin_float-F3E1MHPZO5A5QSQLP96DUH9ZA.scan
    cd /
    builtin-precompileModule /Users/aadityasingh/Library/Developer/Xcode/DerivedData/Chatlio-erkyzdeecsohoaggpwbjdvavzqfv/Build/Intermediates.noindex/ExplicitPrecompiledModules/_Builtin_float-F3E1MHPZO5A5QSQLP96DUH9ZA.scan

ScanDependencies /Users/aadityasingh/Library/Developer/Xcode/DerivedData/Chatlio-erkyzdeecsohoaggpwbjdvavzqfv/Build/Intermediates.noindex/PostHog.build/Debug-iphonesimulator/phlibwebp.build/Objects-normal/arm64/picture_tools_enc.o /Users/aadityasingh/Library/Developer/Xcode/DerivedData/Chatlio-erkyzdeecsohoaggpwbjdvavzqfv/SourcePackages/checkouts/posthog-ios/vendor/libwebp/picture_tools_enc.c normal arm64 c com.apple.compilers.llvm.clang.1_0.compiler (in target 'phlibwebp' from project 'PostHog')
    cd /Users/aadityasingh/Documents/Development/element-x-ios/Chatlio.xcodeproj
    
    Using response file: /Users/aadityasingh/Library/Developer/Xcode/DerivedData/Chatlio-erkyzdeecsohoaggpwbjdvavzqfv/Build/Intermediates.noindex/PostHog.build/Debug-iphonesimulator/phlibwebp.build/Objects-normal/arm64/7187679823f38a2a940e0043cdf9d637-common-args.resp
    
    builtin-ScanDependencies -o /Users/aadityasingh/Library/Developer/Xcode/DerivedData/Chatlio-erkyzdeecsohoaggpwbjdvavzqfv/Build/Intermediates.noindex/PostHog.build/Debug-iphonesimulator/phlibwebp.build/Objects-normal/arm64/picture_tools_enc.o.scan -- /Applications/Xcode.app/Contents/Developer/Toolchains/XcodeDefault.xctoolchain/usr/bin/clang -x c -ivfsstatcache /Users/aadityasingh/Library/Developer/Xcode/DerivedData/SDKStatCaches.noindex/iphonesimulator26.4-23E252-686eebb5dc1d8ecb277353a59184f4aa.sdkstatcache -target arm64-apple-ios13.0-simulator -fmessage-length\=0 -fdiagnostics-show-note-include-stack -fmacro-backtrace-limit\=0 -fno-color-diagnostics -fmodules-prune-interval\=86400 -fmodules-prune-after\=345600 -fbuild-session-file\=/Users/aadityasingh/Library/Developer/Xcode/DerivedData/ModuleCache.noindex/Session.modulevalidation -fmodules-validate-once-per-build-session -Wnon-modular-include-in-framework-module -Werror\=non-modular-include-in-framework-module -Wno-trigraphs -Wno-missing-field-initializers -Wno-missing-prototypes -Wno-return-type -Wno-missing-braces -Wparentheses -Wswitch -Wno-unused-function -Wno-unused-label -Wno-unused-parameter -Wno-unused-variable -Wunused-value -Wno-empty-body -Wno-uninitialized -Wno-unknown-pragmas -w -Wno-shadow -Wno-four-char-constants -Wno-conversion -Wno-constant-conversion -Wno-int-conversion -Wno-bool-conversion -Wno-enum-conversion -Wno-float-conversion -Wno-non-literal-null-conversion -Wno-objc-literal-conversion -Wshorten-64-to-32 -Wpointer-sign -Wno-newline-eof -Wno-implicit-fallthrough -isysroot /Applications/Xcode.app/Contents/Developer/Platforms/iPhoneSimulator.platform/Developer/SDKs/iPhoneSimulator26.4.sdk -fstrict-aliasing -Wdeprecated-declarations -Wno-sign-conversion -Wno-infinite-recursion -Wno-comma -Wno-block-capture-autoreleasing -Wno-strict-prototypes -Wno-semicolon-before-method-body -index-store-path /Users/aadityasingh/Library/Developer/Xcode/DerivedData/Chatlio-erkyzdeecsohoaggpwbjdvavzqfv/Index.noindex/DataStore @/Users/aadityasingh/Library/Developer/Xcode/DerivedData/Chatlio-erkyzdeecsohoaggpwbjdvavzqfv/Build/Intermediates.noindex/PostHog.build/Debug-iphonesimulator/phlibwebp.build/Objects-normal/arm64/7187679823f38a2a940e0043cdf9d637-common-args.resp -MMD -MT dependencies -MF /Users/aadityasingh/Library/Developer/Xcode/DerivedData/Chatlio-erkyzdeecsohoaggpwbjdvavzqfv/Build/Intermediates.noindex/PostHog.build/Debug-iphonesimulator/phlibwebp.build/Objects-normal/arm64/picture_tools_enc.d --serialize-diagnostics /Users/aadityasingh/Library/Developer/Xcode/DerivedData/Chatlio-erkyzdeecsohoaggpwbjdvavzqfv/Build/Intermediates.noindex/PostHog.build/Debug-iphonesimulator/phlibwebp.build/Objects-normal/arm64/picture_tools_enc.dia -c /Users/aadityasingh/Library/Developer/Xcode/DerivedData/Chatlio-erkyzdeecsohoaggpwbjdvavzqfv/SourcePackages/checkouts/posthog-ios/vendor/libwebp/picture_tools_enc.c -o /Users/aadityasingh/Library/Developer/Xcode/DerivedData/Chatlio-erkyzdeecsohoaggpwbjdvavzqfv/Build/Intermediates.noindex/PostHog.build/Debug-iphonesimulator/phlibwebp.build/Objects-normal/arm64/picture_tools_enc.o -index-unit-output-path /PostHog.build/Debug-iphonesimulator/phlibwebp.build/Objects-normal/arm64/picture_tools_enc.o

ScanDependencies /Users/aadityasingh/Library/Developer/Xcode/DerivedData/Chatlio-erkyzdeecsohoaggpwbjdvavzqfv/Build/Intermediates.noindex/PostHog.build/Debug-iphonesimulator/phlibwebp.build/Objects-normal/arm64/picture_rescale_enc.o /Users/aadityasingh/Library/Developer/Xcode/DerivedData/Chatlio-erkyzdeecsohoaggpwbjdvavzqfv/SourcePackages/checkouts/posthog-ios/vendor/libwebp/picture_rescale_enc.c normal arm64 c com.apple.compilers.llvm.clang.1_0.compiler (in target 'phlibwebp' from project 'PostHog')
    cd /Users/aadityasingh/Documents/Development/element-x-ios/Chatlio.xcodeproj
    
    Using response file: /Users/aadityasingh/Library/Developer/Xcode/DerivedData/Chatlio-erkyzdeecsohoaggpwbjdvavzqfv/Build/Intermediates.noindex/PostHog.build/Debug-iphonesimulator/phlibwebp.build/Objects-normal/arm64/7187679823f38a2a940e0043cdf9d637-common-args.resp
    
    builtin-ScanDependencies -o /Users/aadityasingh/Library/Developer/Xcode/DerivedData/Chatlio-erkyzdeecsohoaggpwbjdvavzqfv/Build/Intermediates.noindex/PostHog.build/Debug-iphonesimulator/phlibwebp.build/Objects-normal/arm64/picture_rescale_enc.o.scan -- /Applications/Xcode.app/Contents/Developer/Toolchains/XcodeDefault.xctoolchain/usr/bin/clang -x c -ivfsstatcache /Users/aadityasingh/Library/Developer/Xcode/DerivedData/SDKStatCaches.noindex/iphonesimulator26.4-23E252-686eebb5dc1d8ecb277353a59184f4aa.sdkstatcache -target arm64-apple-ios13.0-simulator -fmessage-length\=0 -fdiagnostics-show-note-include-stack -fmacro-backtrace-limit\=0 -fno-color-diagnostics -fmodules-prune-interval\=86400 -fmodules-prune-after\=345600 -fbuild-session-file\=/Users/aadityasingh/Library/Developer/Xcode/DerivedData/ModuleCache.noindex/Session.modulevalidation -fmodules-validate-once-per-build-session -Wnon-modular-include-in-framework-module -Werror\=non-modular-include-in-framework-module -Wno-trigraphs -Wno-missing-field-initializers -Wno-missing-prototypes -Wno-return-type -Wno-missing-braces -Wparentheses -Wswitch -Wno-unused-function -Wno-unused-label -Wno-unused-parameter -Wno-unused-variable -Wunused-value -Wno-empty-body -Wno-uninitialized -Wno-unknown-pragmas -w -Wno-shadow -Wno-four-char-constants -Wno-conversion -Wno-constant-conversion -Wno-int-conversion -Wno-bool-conversion -Wno-enum-conversion -Wno-float-conversion -Wno-non-literal-null-conversion -Wno-objc-literal-conversion -Wshorten-64-to-32 -Wpointer-sign -Wno-newline-eof -Wno-implicit-fallthrough -isysroot /Applications/Xcode.app/Contents/Developer/Platforms/iPhoneSimulator.platform/Developer/SDKs/iPhoneSimulator26.4.sdk -fstrict-aliasing -Wdeprecated-declarations -Wno-sign-conversion -Wno-infinite-recursion -Wno-comma -Wno-block-capture-autoreleasing -Wno-strict-prototypes -Wno-semicolon-before-method-body -index-store-path /Users/aadityasingh/Library/Developer/Xcode/DerivedData/Chatlio-erkyzdeecsohoaggpwbjdvavzqfv/Index.noindex/DataStore @/Users/aadityasingh/Library/Developer/Xcode/DerivedData/Chatlio-erkyzdeecsohoaggpwbjdvavzqfv/Build/Intermediates.noindex/PostHog.build/Debug-iphonesimulator/phlibwebp.build/Objects-normal/arm64/7187679823f38a2a940e0043cdf9d637-common-args.resp -MMD -MT dependencies -MF /Users/aadityasingh/Library/Developer/Xcode/DerivedData/Chatlio-erkyzdeecsohoaggpwbjdvavzqfv/Build/Intermediates.noindex/PostHog.build/Debug-iphonesimulator/phlibwebp.build/Objects-normal/arm64/picture_rescale_enc.d --serialize-diagnostics /Users/aadityasingh/Library/Developer/Xcode/DerivedData/Chatlio-erkyzdeecsohoaggpwbjdvavzqfv/Build/Intermediates.noindex/PostHog.build/Debug-iphonesimulator/phlibwebp.build/Objects-normal/arm64/picture_rescale_enc.dia -c /Users/aadityasingh/Library/Developer/Xcode/DerivedData/Chatlio-erkyzdeecsohoaggpwbjdvavzqfv/SourcePackages/checkouts/posthog-ios/vendor/libwebp/picture_rescale_enc.c -o /Users/aadityasingh/Library/Developer/Xcode/DerivedData/Chatlio-erkyzdeecsohoaggpwbjdvavzqfv/Build/Intermediates.noindex/PostHog.build/Debug-iphonesimulator/phlibwebp.build/Objects-normal/arm64/picture_rescale_enc.o -index-unit-output-path /PostHog.build/Debug-iphonesimulator/phlibwebp.build/Objects-normal/arm64/picture_rescale_enc.o

ScanDependencies /Users/aadityasingh/Library/Developer/Xcode/DerivedData/Chatlio-erkyzdeecsohoaggpwbjdvavzqfv/Build/Intermediates.noindex/PostHog.build/Debug-iphonesimulator/phlibwebp.build/Objects-normal/arm64/picture_psnr_enc.o /Users/aadityasingh/Library/Developer/Xcode/DerivedData/Chatlio-erkyzdeecsohoaggpwbjdvavzqfv/SourcePackages/checkouts/posthog-ios/vendor/libwebp/picture_psnr_enc.c normal arm64 c com.apple.compilers.llvm.clang.1_0.compiler (in target 'phlibwebp' from project 'PostHog')
    cd /Users/aadityasingh/Documents/Development/element-x-ios/Chatlio.xcodeproj
    
    Using response file: /Users/aadityasingh/Library/Developer/Xcode/DerivedData/Chatlio-erkyzdeecsohoaggpwbjdvavzqfv/Build/Intermediates.noindex/PostHog.build/Debug-iphonesimulator/phlibwebp.build/Objects-normal/arm64/7187679823f38a2a940e0043cdf9d637-common-args.resp
    
    builtin-ScanDependencies -o /Users/aadityasingh/Library/Developer/Xcode/DerivedData/Chatlio-erkyzdeecsohoaggpwbjdvavzqfv/Build/Intermediates.noindex/PostHog.build/Debug-iphonesimulator/phlibwebp.build/Objects-normal/arm64/picture_psnr_enc.o.scan -- /Applications/Xcode.app/Contents/Developer/Toolchains/XcodeDefault.xctoolchain/usr/bin/clang -x c -ivfsstatcache /Users/aadityasingh/Library/Developer/Xcode/DerivedData/SDKStatCaches.noindex/iphonesimulator26.4-23E252-686eebb5dc1d8ecb277353a59184f4aa.sdkstatcache -target arm64-apple-ios13.0-simulator -fmessage-length\=0 -fdiagnostics-show-note-include-stack -fmacro-backtrace-limit\=0 -fno-color-diagnostics -fmodules-prune-interval\=86400 -fmodules-prune-after\=345600 -fbuild-session-file\=/Users/aadityasingh/Library/Developer/Xcode/DerivedData/ModuleCache.noindex/Session.modulevalidation -fmodules-validate-once-per-build-session -Wnon-modular-include-in-framework-module -Werror\=non-modular-include-in-framework-module -Wno-trigraphs -Wno-missing-field-initializers -Wno-missing-prototypes -Wno-return-type -Wno-missing-braces -Wparentheses -Wswitch -Wno-unused-function -Wno-unused-label -Wno-unused-parameter -Wno-unused-variable -Wunused-value -Wno-empty-body -Wno-uninitialized -Wno-unknown-pragmas -w -Wno-shadow -Wno-four-char-constants -Wno-conversion -Wno-constant-conversion -Wno-int-conversion -Wno-bool-conversion -Wno-enum-conversion -Wno-float-conversion -Wno-non-literal-null-conversion -Wno-objc-literal-conversion -Wshorten-64-to-32 -Wpointer-sign -Wno-newline-eof -Wno-implicit-fallthrough -isysroot /Applications/Xcode.app/Contents/Developer/Platforms/iPhoneSimulator.platform/Developer/SDKs/iPhoneSimulator26.4.sdk -fstrict-aliasing -Wdeprecated-declarations -Wno-sign-conversion -Wno-infinite-recursion -Wno-comma -Wno-block-capture-autoreleasing -Wno-strict-prototypes -Wno-semicolon-before-method-body -index-store-path /Users/aadityasingh/Library/Developer/Xcode/DerivedData/Chatlio-erkyzdeecsohoaggpwbjdvavzqfv/Index.noindex/DataStore @/Users/aadityasingh/Library/Developer/Xcode/DerivedData/Chatlio-erkyzdeecsohoaggpwbjdvavzqfv/Build/Intermediates.noindex/PostHog.build/Debug-iphonesimulator/phlibwebp.build/Objects-normal/arm64/7187679823f38a2a940e0043cdf9d637-common-args.resp -MMD -MT dependencies -MF /Users/aadityasingh/Library/Developer/Xcode/DerivedData/Chatlio-erkyzdeecsohoaggpwbjdvavzqfv/Build/Intermediates.noindex/PostHog.build/Debug-iphonesimulator/phlibwebp.build/Objects-normal/arm64/picture_psnr_enc.d --serialize-diagnostics /Users/aadityasingh/Library/Developer/Xcode/DerivedData/Chatlio-erkyzdeecsohoaggpwbjdvavzqfv/Build/Intermediates.noindex/PostHog.build/Debug-iphonesimulator/phlibwebp.build/Objects-normal/arm64/picture_psnr_enc.dia -c /Users/aadityasingh/Library/Developer/Xcode/DerivedData/Chatlio-erkyzdeecsohoaggpwbjdvavzqfv/SourcePackages/checkouts/posthog-ios/vendor/libwebp/picture_psnr_enc.c -o /Users/aadityasingh/Library/Developer/Xcode/DerivedData/Chatlio-erkyzdeecsohoaggpwbjdvavzqfv/Build/Intermediates.noindex/PostHog.build/Debug-iphonesimulator/phlibwebp.build/Objects-normal/arm64/picture_psnr_enc.o -index-unit-output-path /PostHog.build/Debug-iphonesimulator/phlibwebp.build/Objects-normal/arm64/picture_psnr_enc.o

PrecompileModule /Users/aadityasingh/Library/Developer/Xcode/DerivedData/Chatlio-erkyzdeecsohoaggpwbjdvavzqfv/Build/Intermediates.noindex/ExplicitPrecompiledModules/_Builtin_intrinsics-9BZLHNHEX29ZBDUCN36F9KM6R.scan
    cd /
    builtin-precompileModule /Users/aadityasingh/Library/Developer/Xcode/DerivedData/Chatlio-erkyzdeecsohoaggpwbjdvavzqfv/Build/Intermediates.noindex/ExplicitPrecompiledModules/_Builtin_intrinsics-9BZLHNHEX29ZBDUCN36F9KM6R.scan

PrecompileModule /Users/aadityasingh/Library/Developer/Xcode/DerivedData/Chatlio-erkyzdeecsohoaggpwbjdvavzqfv/Build/Intermediates.noindex/ExplicitPrecompiledModules/_Builtin_inttypes-8AMW3D87076WGQZLU8B9IR7FK.scan
    cd /
    builtin-precompileModule /Users/aadityasingh/Library/Developer/Xcode/DerivedData/Chatlio-erkyzdeecsohoaggpwbjdvavzqfv/Build/Intermediates.noindex/ExplicitPrecompiledModules/_Builtin_inttypes-8AMW3D87076WGQZLU8B9IR7FK.scan

ScanDependencies /Users/aadityasingh/Library/Developer/Xcode/DerivedData/Chatlio-erkyzdeecsohoaggpwbjdvavzqfv/Build/Intermediates.noindex/PostHog.build/Debug-iphonesimulator/phlibwebp.build/Objects-normal/arm64/picture_enc.o /Users/aadityasingh/Library/Developer/Xcode/DerivedData/Chatlio-erkyzdeecsohoaggpwbjdvavzqfv/SourcePackages/checkouts/posthog-ios/vendor/libwebp/picture_enc.c normal arm64 c com.apple.compilers.llvm.clang.1_0.compiler (in target 'phlibwebp' from project 'PostHog')
    cd /Users/aadityasingh/Documents/Development/element-x-ios/Chatlio.xcodeproj
    
    Using response file: /Users/aadityasingh/Library/Developer/Xcode/DerivedData/Chatlio-erkyzdeecsohoaggpwbjdvavzqfv/Build/Intermediates.noindex/PostHog.build/Debug-iphonesimulator/phlibwebp.build/Objects-normal/arm64/7187679823f38a2a940e0043cdf9d637-common-args.resp
    
    builtin-ScanDependencies -o /Users/aadityasingh/Library/Developer/Xcode/DerivedData/Chatlio-erkyzdeecsohoaggpwbjdvavzqfv/Build/Intermediates.noindex/PostHog.build/Debug-iphonesimulator/phlibwebp.build/Objects-normal/arm64/picture_enc.o.scan -- /Applications/Xcode.app/Contents/Developer/Toolchains/XcodeDefault.xctoolchain/usr/bin/clang -x c -ivfsstatcache /Users/aadityasingh/Library/Developer/Xcode/DerivedData/SDKStatCaches.noindex/iphonesimulator26.4-23E252-686eebb5dc1d8ecb277353a59184f4aa.sdkstatcache -target arm64-apple-ios13.0-simulator -fmessage-length\=0 -fdiagnostics-show-note-include-stack -fmacro-backtrace-limit\=0 -fno-color-diagnostics -fmodules-prune-interval\=86400 -fmodules-prune-after\=345600 -fbuild-session-file\=/Users/aadityasingh/Library/Developer/Xcode/DerivedData/ModuleCache.noindex/Session.modulevalidation -fmodules-validate-once-per-build-session -Wnon-modular-include-in-framework-module -Werror\=non-modular-include-in-framework-module -Wno-trigraphs -Wno-missing-field-initializers -Wno-missing-prototypes -Wno-return-type -Wno-missing-braces -Wparentheses -Wswitch -Wno-unused-function -Wno-unused-label -Wno-unused-parameter -Wno-unused-variable -Wunused-value -Wno-empty-body -Wno-uninitialized -Wno-unknown-pragmas -w -Wno-shadow -Wno-four-char-constants -Wno-conversion -Wno-constant-conversion -Wno-int-conversion -Wno-bool-conversion -Wno-enum-conversion -Wno-float-conversion -Wno-non-literal-null-conversion -Wno-objc-literal-conversion -Wshorten-64-to-32 -Wpointer-sign -Wno-newline-eof -Wno-implicit-fallthrough -isysroot /Applications/Xcode.app/Contents/Developer/Platforms/iPhoneSimulator.platform/Developer/SDKs/iPhoneSimulator26.4.sdk -fstrict-aliasing -Wdeprecated-declarations -Wno-sign-conversion -Wno-infinite-recursion -Wno-comma -Wno-block-capture-autoreleasing -Wno-strict-prototypes -Wno-semicolon-before-method-body -index-store-path /Users/aadityasingh/Library/Developer/Xcode/DerivedData/Chatlio-erkyzdeecsohoaggpwbjdvavzqfv/Index.noindex/DataStore @/Users/aadityasingh/Library/Developer/Xcode/DerivedData/Chatlio-erkyzdeecsohoaggpwbjdvavzqfv/Build/Intermediates.noindex/PostHog.build/Debug-iphonesimulator/phlibwebp.build/Objects-normal/arm64/7187679823f38a2a940e0043cdf9d637-common-args.resp -MMD -MT dependencies -MF /Users/aadityasingh/Library/Developer/Xcode/DerivedData/Chatlio-erkyzdeecsohoaggpwbjdvavzqfv/Build/Intermediates.noindex/PostHog.build/Debug-iphonesimulator/phlibwebp.build/Objects-normal/arm64/picture_enc.d --serialize-diagnostics /Users/aadityasingh/Library/Developer/Xcode/DerivedData/Chatlio-erkyzdeecsohoaggpwbjdvavzqfv/Build/Intermediates.noindex/PostHog.build/Debug-iphonesimulator/phlibwebp.build/Objects-normal/arm64/picture_enc.dia -c /Users/aadityasingh/Library/Developer/Xcode/DerivedData/Chatlio-erkyzdeecsohoaggpwbjdvavzqfv/SourcePackages/checkouts/posthog-ios/vendor/libwebp/picture_enc.c -o /Users/aadityasingh/Library/Developer/Xcode/DerivedData/Chatlio-erkyzdeecsohoaggpwbjdvavzqfv/Build/Intermediates.noindex/PostHog.build/Debug-iphonesimulator/phlibwebp.build/Objects-normal/arm64/picture_enc.o -index-unit-output-path /PostHog.build/Debug-iphonesimulator/phlibwebp.build/Objects-normal/arm64/picture_enc.o

ScanDependencies /Users/aadityasingh/Library/Developer/Xcode/DerivedData/Chatlio-erkyzdeecsohoaggpwbjdvavzqfv/Build/Intermediates.noindex/PostHog.build/Debug-iphonesimulator/phlibwebp.build/Objects-normal/arm64/picture_csp_enc.o /Users/aadityasingh/Library/Developer/Xcode/DerivedData/Chatlio-erkyzdeecsohoaggpwbjdvavzqfv/SourcePackages/checkouts/posthog-ios/vendor/libwebp/picture_csp_enc.c normal arm64 c com.apple.compilers.llvm.clang.1_0.compiler (in target 'phlibwebp' from project 'PostHog')
    cd /Users/aadityasingh/Documents/Development/element-x-ios/Chatlio.xcodeproj
    
    Using response file: /Users/aadityasingh/Library/Developer/Xcode/DerivedData/Chatlio-erkyzdeecsohoaggpwbjdvavzqfv/Build/Intermediates.noindex/PostHog.build/Debug-iphonesimulator/phlibwebp.build/Objects-normal/arm64/7187679823f38a2a940e0043cdf9d637-common-args.resp
    
    builtin-ScanDependencies -o /Users/aadityasingh/Library/Developer/Xcode/DerivedData/Chatlio-erkyzdeecsohoaggpwbjdvavzqfv/Build/Intermediates.noindex/PostHog.build/Debug-iphonesimulator/phlibwebp.build/Objects-normal/arm64/picture_csp_enc.o.scan -- /Applications/Xcode.app/Contents/Developer/Toolchains/XcodeDefault.xctoolchain/usr/bin/clang -x c -ivfsstatcache /Users/aadityasingh/Library/Developer/Xcode/DerivedData/SDKStatCaches.noindex/iphonesimulator26.4-23E252-686eebb5dc1d8ecb277353a59184f4aa.sdkstatcache -target arm64-apple-ios13.0-simulator -fmessage-length\=0 -fdiagnostics-show-note-include-stack -fmacro-backtrace-limit\=0 -fno-color-diagnostics -fmodules-prune-interval\=86400 -fmodules-prune-after\=345600 -fbuild-session-file\=/Users/aadityasingh/Library/Developer/Xcode/DerivedData/ModuleCache.noindex/Session.modulevalidation -fmodules-validate-once-per-build-session -Wnon-modular-include-in-framework-module -Werror\=non-modular-include-in-framework-module -Wno-trigraphs -Wno-missing-field-initializers -Wno-missing-prototypes -Wno-return-type -Wno-missing-braces -Wparentheses -Wswitch -Wno-unused-function -Wno-unused-label -Wno-unused-parameter -Wno-unused-variable -Wunused-value -Wno-empty-body -Wno-uninitialized -Wno-unknown-pragmas -w -Wno-shadow -Wno-four-char-constants -Wno-conversion -Wno-constant-conversion -Wno-int-conversion -Wno-bool-conversion -Wno-enum-conversion -Wno-float-conversion -Wno-non-literal-null-conversion -Wno-objc-literal-conversion -Wshorten-64-to-32 -Wpointer-sign -Wno-newline-eof -Wno-implicit-fallthrough -isysroot /Applications/Xcode.app/Contents/Developer/Platforms/iPhoneSimulator.platform/Developer/SDKs/iPhoneSimulator26.4.sdk -fstrict-aliasing -Wdeprecated-declarations -Wno-sign-conversion -Wno-infinite-recursion -Wno-comma -Wno-block-capture-autoreleasing -Wno-strict-prototypes -Wno-semicolon-before-method-body -index-store-path /Users/aadityasingh/Library/Developer/Xcode/DerivedData/Chatlio-erkyzdeecsohoaggpwbjdvavzqfv/Index.noindex/DataStore @/Users/aadityasingh/Library/Developer/Xcode/DerivedData/Chatlio-erkyzdeecsohoaggpwbjdvavzqfv/Build/Intermediates.noindex/PostHog.build/Debug-iphonesimulator/phlibwebp.build/Objects-normal/arm64/7187679823f38a2a940e0043cdf9d637-common-args.resp -MMD -MT dependencies -MF /Users/aadityasingh/Library/Developer/Xcode/DerivedData/Chatlio-erkyzdeecsohoaggpwbjdvavzqfv/Build/Intermediates.noindex/PostHog.build/Debug-iphonesimulator/phlibwebp.build/Objects-normal/arm64/picture_csp_enc.d --serialize-diagnostics /Users/aadityasingh/Library/Developer/Xcode/DerivedData/Chatlio-erkyzdeecsohoaggpwbjdvavzqfv/Build/Intermediates.noindex/PostHog.build/Debug-iphonesimulator/phlibwebp.build/Objects-normal/arm64/picture_csp_enc.dia -c /Users/aadityasingh/Library/Developer/Xcode/DerivedData/Chatlio-erkyzdeecsohoaggpwbjdvavzqfv/SourcePackages/checkouts/posthog-ios/vendor/libwebp/picture_csp_enc.c -o /Users/aadityasingh/Library/Developer/Xcode/DerivedData/Chatlio-erkyzdeecsohoaggpwbjdvavzqfv/Build/Intermediates.noindex/PostHog.build/Debug-iphonesimulator/phlibwebp.build/Objects-normal/arm64/picture_csp_enc.o -index-unit-output-path /PostHog.build/Debug-iphonesimulator/phlibwebp.build/Objects-normal/arm64/picture_csp_enc.o

ScanDependencies /Users/aadityasingh/Library/Developer/Xcode/DerivedData/Chatlio-erkyzdeecsohoaggpwbjdvavzqfv/Build/Intermediates.noindex/PostHog.build/Debug-iphonesimulator/phlibwebp.build/Objects-normal/arm64/palette.o /Users/aadityasingh/Library/Developer/Xcode/DerivedData/Chatlio-erkyzdeecsohoaggpwbjdvavzqfv/SourcePackages/checkouts/posthog-ios/vendor/libwebp/palette.c normal arm64 c com.apple.compilers.llvm.clang.1_0.compiler (in target 'phlibwebp' from project 'PostHog')
    cd /Users/aadityasingh/Documents/Development/element-x-ios/Chatlio.xcodeproj
    
    Using response file: /Users/aadityasingh/Library/Developer/Xcode/DerivedData/Chatlio-erkyzdeecsohoaggpwbjdvavzqfv/Build/Intermediates.noindex/PostHog.build/Debug-iphonesimulator/phlibwebp.build/Objects-normal/arm64/7187679823f38a2a940e0043cdf9d637-common-args.resp
    
    builtin-ScanDependencies -o /Users/aadityasingh/Library/Developer/Xcode/DerivedData/Chatlio-erkyzdeecsohoaggpwbjdvavzqfv/Build/Intermediates.noindex/PostHog.build/Debug-iphonesimulator/phlibwebp.build/Objects-normal/arm64/palette.o.scan -- /Applications/Xcode.app/Contents/Developer/Toolchains/XcodeDefault.xctoolchain/usr/bin/clang -x c -ivfsstatcache /Users/aadityasingh/Library/Developer/Xcode/DerivedData/SDKStatCaches.noindex/iphonesimulator26.4-23E252-686eebb5dc1d8ecb277353a59184f4aa.sdkstatcache -target arm64-apple-ios13.0-simulator -fmessage-length\=0 -fdiagnostics-show-note-include-stack -fmacro-backtrace-limit\=0 -fno-color-diagnostics -fmodules-prune-interval\=86400 -fmodules-prune-after\=345600 -fbuild-session-file\=/Users/aadityasingh/Library/Developer/Xcode/DerivedData/ModuleCache.noindex/Session.modulevalidation -fmodules-validate-once-per-build-session -Wnon-modular-include-in-framework-module -Werror\=non-modular-include-in-framework-module -Wno-trigraphs -Wno-missing-field-initializers -Wno-missing-prototypes -Wno-return-type -Wno-missing-braces -Wparentheses -Wswitch -Wno-unused-function -Wno-unused-label -Wno-unused-parameter -Wno-unused-variable -Wunused-value -Wno-empty-body -Wno-uninitialized -Wno-unknown-pragmas -w -Wno-shadow -Wno-four-char-constants -Wno-conversion -Wno-constant-conversion -Wno-int-conversion -Wno-bool-conversion -Wno-enum-conversion -Wno-float-conversion -Wno-non-literal-null-conversion -Wno-objc-literal-conversion -Wshorten-64-to-32 -Wpointer-sign -Wno-newline-eof -Wno-implicit-fallthrough -isysroot /Applications/Xcode.app/Contents/Developer/Platforms/iPhoneSimulator.platform/Developer/SDKs/iPhoneSimulator26.4.sdk -fstrict-aliasing -Wdeprecated-declarations -Wno-sign-conversion -Wno-infinite-recursion -Wno-comma -Wno-block-capture-autoreleasing -Wno-strict-prototypes -Wno-semicolon-before-method-body -index-store-path /Users/aadityasingh/Library/Developer/Xcode/DerivedData/Chatlio-erkyzdeecsohoaggpwbjdvavzqfv/Index.noindex/DataStore @/Users/aadityasingh/Library/Developer/Xcode/DerivedData/Chatlio-erkyzdeecsohoaggpwbjdvavzqfv/Build/Intermediates.noindex/PostHog.build/Debug-iphonesimulator/phlibwebp.build/Objects-normal/arm64/7187679823f38a2a940e0043cdf9d637-common-args.resp -MMD -MT dependencies -MF /Users/aadityasingh/Library/Developer/Xcode/DerivedData/Chatlio-erkyzdeecsohoaggpwbjdvavzqfv/Build/Intermediates.noindex/PostHog.build/Debug-iphonesimulator/phlibwebp.build/Objects-normal/arm64/palette.d --serialize-diagnostics /Users/aadityasingh/Library/Developer/Xcode/DerivedData/Chatlio-erkyzdeecsohoaggpwbjdvavzqfv/Build/Intermediates.noindex/PostHog.build/Debug-iphonesimulator/phlibwebp.build/Objects-normal/arm64/palette.dia -c /Users/aadityasingh/Library/Developer/Xcode/DerivedData/Chatlio-erkyzdeecsohoaggpwbjdvavzqfv/SourcePackages/checkouts/posthog-ios/vendor/libwebp/palette.c -o /Users/aadityasingh/Library/Developer/Xcode/DerivedData/Chatlio-erkyzdeecsohoaggpwbjdvavzqfv/Build/Intermediates.noindex/PostHog.build/Debug-iphonesimulator/phlibwebp.build/Objects-normal/arm64/palette.o -index-unit-output-path /PostHog.build/Debug-iphonesimulator/phlibwebp.build/Objects-normal/arm64/palette.o

ScanDependencies /Users/aadityasingh/Library/Developer/Xcode/DerivedData/Chatlio-erkyzdeecsohoaggpwbjdvavzqfv/Build/Intermediates.noindex/PostHog.build/Debug-iphonesimulator/phlibwebp.build/Objects-normal/arm64/near_lossless_enc.o /Users/aadityasingh/Library/Developer/Xcode/DerivedData/Chatlio-erkyzdeecsohoaggpwbjdvavzqfv/SourcePackages/checkouts/posthog-ios/vendor/libwebp/near_lossless_enc.c normal arm64 c com.apple.compilers.llvm.clang.1_0.compiler (in target 'phlibwebp' from project 'PostHog')
    cd /Users/aadityasingh/Documents/Development/element-x-ios/Chatlio.xcodeproj
    
    Using response file: /Users/aadityasingh/Library/Developer/Xcode/DerivedData/Chatlio-erkyzdeecsohoaggpwbjdvavzqfv/Build/Intermediates.noindex/PostHog.build/Debug-iphonesimulator/phlibwebp.build/Objects-normal/arm64/7187679823f38a2a940e0043cdf9d637-common-args.resp
    
    builtin-ScanDependencies -o /Users/aadityasingh/Library/Developer/Xcode/DerivedData/Chatlio-erkyzdeecsohoaggpwbjdvavzqfv/Build/Intermediates.noindex/PostHog.build/Debug-iphonesimulator/phlibwebp.build/Objects-normal/arm64/near_lossless_enc.o.scan -- /Applications/Xcode.app/Contents/Developer/Toolchains/XcodeDefault.xctoolchain/usr/bin/clang -x c -ivfsstatcache /Users/aadityasingh/Library/Developer/Xcode/DerivedData/SDKStatCaches.noindex/iphonesimulator26.4-23E252-686eebb5dc1d8ecb277353a59184f4aa.sdkstatcache -target arm64-apple-ios13.0-simulator -fmessage-length\=0 -fdiagnostics-show-note-include-stack -fmacro-backtrace-limit\=0 -fno-color-diagnostics -fmodules-prune-interval\=86400 -fmodules-prune-after\=345600 -fbuild-session-file\=/Users/aadityasingh/Library/Developer/Xcode/DerivedData/ModuleCache.noindex/Session.modulevalidation -fmodules-validate-once-per-build-session -Wnon-modular-include-in-framework-module -Werror\=non-modular-include-in-framework-module -Wno-trigraphs -Wno-missing-field-initializers -Wno-missing-prototypes -Wno-return-type -Wno-missing-braces -Wparentheses -Wswitch -Wno-unused-function -Wno-unused-label -Wno-unused-parameter -Wno-unused-variable -Wunused-value -Wno-empty-body -Wno-uninitialized -Wno-unknown-pragmas -w -Wno-shadow -Wno-four-char-constants -Wno-conversion -Wno-constant-conversion -Wno-int-conversion -Wno-bool-conversion -Wno-enum-conversion -Wno-float-conversion -Wno-non-literal-null-conversion -Wno-objc-literal-conversion -Wshorten-64-to-32 -Wpointer-sign -Wno-newline-eof -Wno-implicit-fallthrough -isysroot /Applications/Xcode.app/Contents/Developer/Platforms/iPhoneSimulator.platform/Developer/SDKs/iPhoneSimulator26.4.sdk -fstrict-aliasing -Wdeprecated-declarations -Wno-sign-conversion -Wno-infinite-recursion -Wno-comma -Wno-block-capture-autoreleasing -Wno-strict-prototypes -Wno-semicolon-before-method-body -index-store-path /Users/aadityasingh/Library/Developer/Xcode/DerivedData/Chatlio-erkyzdeecsohoaggpwbjdvavzqfv/Index.noindex/DataStore @/Users/aadityasingh/Library/Developer/Xcode/DerivedData/Chatlio-erkyzdeecsohoaggpwbjdvavzqfv/Build/Intermediates.noindex/PostHog.build/Debug-iphonesimulator/phlibwebp.build/Objects-normal/arm64/7187679823f38a2a940e0043cdf9d637-common-args.resp -MMD -MT dependencies -MF /Users/aadityasingh/Library/Developer/Xcode/DerivedData/Chatlio-erkyzdeecsohoaggpwbjdvavzqfv/Build/Intermediates.noindex/PostHog.build/Debug-iphonesimulator/phlibwebp.build/Objects-normal/arm64/near_lossless_enc.d --serialize-diagnostics /Users/aadityasingh/Library/Developer/Xcode/DerivedData/Chatlio-erkyzdeecsohoaggpwbjdvavzqfv/Build/Intermediates.noindex/PostHog.build/Debug-iphonesimulator/phlibwebp.build/Objects-normal/arm64/near_lossless_enc.dia -c /Users/aadityasingh/Library/Developer/Xcode/DerivedData/Chatlio-erkyzdeecsohoaggpwbjdvavzqfv/SourcePackages/checkouts/posthog-ios/vendor/libwebp/near_lossless_enc.c -o /Users/aadityasingh/Library/Developer/Xcode/DerivedData/Chatlio-erkyzdeecsohoaggpwbjdvavzqfv/Build/Intermediates.noindex/PostHog.build/Debug-iphonesimulator/phlibwebp.build/Objects-normal/arm64/near_lossless_enc.o -index-unit-output-path /PostHog.build/Debug-iphonesimulator/phlibwebp.build/Objects-normal/arm64/near_lossless_enc.o

ScanDependencies /Users/aadityasingh/Library/Developer/Xcode/DerivedData/Chatlio-erkyzdeecsohoaggpwbjdvavzqfv/Build/Intermediates.noindex/PostHog.build/Debug-iphonesimulator/phlibwebp.build/Objects-normal/arm64/muxread.o /Users/aadityasingh/Library/Developer/Xcode/DerivedData/Chatlio-erkyzdeecsohoaggpwbjdvavzqfv/SourcePackages/checkouts/posthog-ios/vendor/libwebp/muxread.c normal arm64 c com.apple.compilers.llvm.clang.1_0.compiler (in target 'phlibwebp' from project 'PostHog')
    cd /Users/aadityasingh/Documents/Development/element-x-ios/Chatlio.xcodeproj
    
    Using response file: /Users/aadityasingh/Library/Developer/Xcode/DerivedData/Chatlio-erkyzdeecsohoaggpwbjdvavzqfv/Build/Intermediates.noindex/PostHog.build/Debug-iphonesimulator/phlibwebp.build/Objects-normal/arm64/7187679823f38a2a940e0043cdf9d637-common-args.resp
    
    builtin-ScanDependencies -o /Users/aadityasingh/Library/Developer/Xcode/DerivedData/Chatlio-erkyzdeecsohoaggpwbjdvavzqfv/Build/Intermediates.noindex/PostHog.build/Debug-iphonesimulator/phlibwebp.build/Objects-normal/arm64/muxread.o.scan -- /Applications/Xcode.app/Contents/Developer/Toolchains/XcodeDefault.xctoolchain/usr/bin/clang -x c -ivfsstatcache /Users/aadityasingh/Library/Developer/Xcode/DerivedData/SDKStatCaches.noindex/iphonesimulator26.4-23E252-686eebb5dc1d8ecb277353a59184f4aa.sdkstatcache -target arm64-apple-ios13.0-simulator -fmessage-length\=0 -fdiagnostics-show-note-include-stack -fmacro-backtrace-limit\=0 -fno-color-diagnostics -fmodules-prune-interval\=86400 -fmodules-prune-after\=345600 -fbuild-session-file\=/Users/aadityasingh/Library/Developer/Xcode/DerivedData/ModuleCache.noindex/Session.modulevalidation -fmodules-validate-once-per-build-session -Wnon-modular-include-in-framework-module -Werror\=non-modular-include-in-framework-module -Wno-trigraphs -Wno-missing-field-initializers -Wno-missing-prototypes -Wno-return-type -Wno-missing-braces -Wparentheses -Wswitch -Wno-unused-function -Wno-unused-label -Wno-unused-parameter -Wno-unused-variable -Wunused-value -Wno-empty-body -Wno-uninitialized -Wno-unknown-pragmas -w -Wno-shadow -Wno-four-char-constants -Wno-conversion -Wno-constant-conversion -Wno-int-conversion -Wno-bool-conversion -Wno-enum-conversion -Wno-float-conversion -Wno-non-literal-null-conversion -Wno-objc-literal-conversion -Wshorten-64-to-32 -Wpointer-sign -Wno-newline-eof -Wno-implicit-fallthrough -isysroot /Applications/Xcode.app/Contents/Developer/Platforms/iPhoneSimulator.platform/Developer/SDKs/iPhoneSimulator26.4.sdk -fstrict-aliasing -Wdeprecated-declarations -Wno-sign-conversion -Wno-infinite-recursion -Wno-comma -Wno-block-capture-autoreleasing -Wno-strict-prototypes -Wno-semicolon-before-method-body -index-store-path /Users/aadityasingh/Library/Developer/Xcode/DerivedData/Chatlio-erkyzdeecsohoaggpwbjdvavzqfv/Index.noindex/DataStore @/Users/aadityasingh/Library/Developer/Xcode/DerivedData/Chatlio-erkyzdeecsohoaggpwbjdvavzqfv/Build/Intermediates.noindex/PostHog.build/Debug-iphonesimulator/phlibwebp.build/Objects-normal/arm64/7187679823f38a2a940e0043cdf9d637-common-args.resp -MMD -MT dependencies -MF /Users/aadityasingh/Library/Developer/Xcode/DerivedData/Chatlio-erkyzdeecsohoaggpwbjdvavzqfv/Build/Intermediates.noindex/PostHog.build/Debug-iphonesimulator/phlibwebp.build/Objects-normal/arm64/muxread.d --serialize-diagnostics /Users/aadityasingh/Library/Developer/Xcode/DerivedData/Chatlio-erkyzdeecsohoaggpwbjdvavzqfv/Build/Intermediates.noindex/PostHog.build/Debug-iphonesimulator/phlibwebp.build/Objects-normal/arm64/muxread.dia -c /Users/aadityasingh/Library/Developer/Xcode/DerivedData/Chatlio-erkyzdeecsohoaggpwbjdvavzqfv/SourcePackages/checkouts/posthog-ios/vendor/libwebp/muxread.c -o /Users/aadityasingh/Library/Developer/Xcode/DerivedData/Chatlio-erkyzdeecsohoaggpwbjdvavzqfv/Build/Intermediates.noindex/PostHog.build/Debug-iphonesimulator/phlibwebp.build/Objects-normal/arm64/muxread.o -index-unit-output-path /PostHog.build/Debug-iphonesimulator/phlibwebp.build/Objects-normal/arm64/muxread.o

ScanDependencies /Users/aadityasingh/Library/Developer/Xcode/DerivedData/Chatlio-erkyzdeecsohoaggpwbjdvavzqfv/Build/Intermediates.noindex/PostHog.build/Debug-iphonesimulator/phlibwebp.build/Objects-normal/arm64/muxinternal.o /Users/aadityasingh/Library/Developer/Xcode/DerivedData/Chatlio-erkyzdeecsohoaggpwbjdvavzqfv/SourcePackages/checkouts/posthog-ios/vendor/libwebp/muxinternal.c normal arm64 c com.apple.compilers.llvm.clang.1_0.compiler (in target 'phlibwebp' from project 'PostHog')
    cd /Users/aadityasingh/Documents/Development/element-x-ios/Chatlio.xcodeproj
    
    Using response file: /Users/aadityasingh/Library/Developer/Xcode/DerivedData/Chatlio-erkyzdeecsohoaggpwbjdvavzqfv/Build/Intermediates.noindex/PostHog.build/Debug-iphonesimulator/phlibwebp.build/Objects-normal/arm64/7187679823f38a2a940e0043cdf9d637-common-args.resp
    
    builtin-ScanDependencies -o /Users/aadityasingh/Library/Developer/Xcode/DerivedData/Chatlio-erkyzdeecsohoaggpwbjdvavzqfv/Build/Intermediates.noindex/PostHog.build/Debug-iphonesimulator/phlibwebp.build/Objects-normal/arm64/muxinternal.o.scan -- /Applications/Xcode.app/Contents/Developer/Toolchains/XcodeDefault.xctoolchain/usr/bin/clang -x c -ivfsstatcache /Users/aadityasingh/Library/Developer/Xcode/DerivedData/SDKStatCaches.noindex/iphonesimulator26.4-23E252-686eebb5dc1d8ecb277353a59184f4aa.sdkstatcache -target arm64-apple-ios13.0-simulator -fmessage-length\=0 -fdiagnostics-show-note-include-stack -fmacro-backtrace-limit\=0 -fno-color-diagnostics -fmodules-prune-interval\=86400 -fmodules-prune-after\=345600 -fbuild-session-file\=/Users/aadityasingh/Library/Developer/Xcode/DerivedData/ModuleCache.noindex/Session.modulevalidation -fmodules-validate-once-per-build-session -Wnon-modular-include-in-framework-module -Werror\=non-modular-include-in-framework-module -Wno-trigraphs -Wno-missing-field-initializers -Wno-missing-prototypes -Wno-return-type -Wno-missing-braces -Wparentheses -Wswitch -Wno-unused-function -Wno-unused-label -Wno-unused-parameter -Wno-unused-variable -Wunused-value -Wno-empty-body -Wno-uninitialized -Wno-unknown-pragmas -w -Wno-shadow -Wno-four-char-constants -Wno-conversion -Wno-constant-conversion -Wno-int-conversion -Wno-bool-conversion -Wno-enum-conversion -Wno-float-conversion -Wno-non-literal-null-conversion -Wno-objc-literal-conversion -Wshorten-64-to-32 -Wpointer-sign -Wno-newline-eof -Wno-implicit-fallthrough -isysroot /Applications/Xcode.app/Contents/Developer/Platforms/iPhoneSimulator.platform/Developer/SDKs/iPhoneSimulator26.4.sdk -fstrict-aliasing -Wdeprecated-declarations -Wno-sign-conversion -Wno-infinite-recursion -Wno-comma -Wno-block-capture-autoreleasing -Wno-strict-prototypes -Wno-semicolon-before-method-body -index-store-path /Users/aadityasingh/Library/Developer/Xcode/DerivedData/Chatlio-erkyzdeecsohoaggpwbjdvavzqfv/Index.noindex/DataStore @/Users/aadityasingh/Library/Developer/Xcode/DerivedData/Chatlio-erkyzdeecsohoaggpwbjdvavzqfv/Build/Intermediates.noindex/PostHog.build/Debug-iphonesimulator/phlibwebp.build/Objects-normal/arm64/7187679823f38a2a940e0043cdf9d637-common-args.resp -MMD -MT dependencies -MF /Users/aadityasingh/Library/Developer/Xcode/DerivedData/Chatlio-erkyzdeecsohoaggpwbjdvavzqfv/Build/Intermediates.noindex/PostHog.build/Debug-iphonesimulator/phlibwebp.build/Objects-normal/arm64/muxinternal.d --serialize-diagnostics /Users/aadityasingh/Library/Developer/Xcode/DerivedData/Chatlio-erkyzdeecsohoaggpwbjdvavzqfv/Build/Intermediates.noindex/PostHog.build/Debug-iphonesimulator/phlibwebp.build/Objects-normal/arm64/muxinternal.dia -c /Users/aadityasingh/Library/Developer/Xcode/DerivedData/Chatlio-erkyzdeecsohoaggpwbjdvavzqfv/SourcePackages/checkouts/posthog-ios/vendor/libwebp/muxinternal.c -o /Users/aadityasingh/Library/Developer/Xcode/DerivedData/Chatlio-erkyzdeecsohoaggpwbjdvavzqfv/Build/Intermediates.noindex/PostHog.build/Debug-iphonesimulator/phlibwebp.build/Objects-normal/arm64/muxinternal.o -index-unit-output-path /PostHog.build/Debug-iphonesimulator/phlibwebp.build/Objects-normal/arm64/muxinternal.o

ScanDependencies /Users/aadityasingh/Library/Developer/Xcode/DerivedData/Chatlio-erkyzdeecsohoaggpwbjdvavzqfv/Build/Intermediates.noindex/PostHog.build/Debug-iphonesimulator/phlibwebp.build/Objects-normal/arm64/muxedit.o /Users/aadityasingh/Library/Developer/Xcode/DerivedData/Chatlio-erkyzdeecsohoaggpwbjdvavzqfv/SourcePackages/checkouts/posthog-ios/vendor/libwebp/muxedit.c normal arm64 c com.apple.compilers.llvm.clang.1_0.compiler (in target 'phlibwebp' from project 'PostHog')
    cd /Users/aadityasingh/Documents/Development/element-x-ios/Chatlio.xcodeproj
    
    Using response file: /Users/aadityasingh/Library/Developer/Xcode/DerivedData/Chatlio-erkyzdeecsohoaggpwbjdvavzqfv/Build/Intermediates.noindex/PostHog.build/Debug-iphonesimulator/phlibwebp.build/Objects-normal/arm64/7187679823f38a2a940e0043cdf9d637-common-args.resp
    
    builtin-ScanDependencies -o /Users/aadityasingh/Library/Developer/Xcode/DerivedData/Chatlio-erkyzdeecsohoaggpwbjdvavzqfv/Build/Intermediates.noindex/PostHog.build/Debug-iphonesimulator/phlibwebp.build/Objects-normal/arm64/muxedit.o.scan -- /Applications/Xcode.app/Contents/Developer/Toolchains/XcodeDefault.xctoolchain/usr/bin/clang -x c -ivfsstatcache /Users/aadityasingh/Library/Developer/Xcode/DerivedData/SDKStatCaches.noindex/iphonesimulator26.4-23E252-686eebb5dc1d8ecb277353a59184f4aa.sdkstatcache -target arm64-apple-ios13.0-simulator -fmessage-length\=0 -fdiagnostics-show-note-include-stack -fmacro-backtrace-limit\=0 -fno-color-diagnostics -fmodules-prune-interval\=86400 -fmodules-prune-after\=345600 -fbuild-session-file\=/Users/aadityasingh/Library/Developer/Xcode/DerivedData/ModuleCache.noindex/Session.modulevalidation -fmodules-validate-once-per-build-session -Wnon-modular-include-in-framework-module -Werror\=non-modular-include-in-framework-module -Wno-trigraphs -Wno-missing-field-initializers -Wno-missing-prototypes -Wno-return-type -Wno-missing-braces -Wparentheses -Wswitch -Wno-unused-function -Wno-unused-label -Wno-unused-parameter -Wno-unused-variable -Wunused-value -Wno-empty-body -Wno-uninitialized -Wno-unknown-pragmas -w -Wno-shadow -Wno-four-char-constants -Wno-conversion -Wno-constant-conversion -Wno-int-conversion -Wno-bool-conversion -Wno-enum-conversion -Wno-float-conversion -Wno-non-literal-null-conversion -Wno-objc-literal-conversion -Wshorten-64-to-32 -Wpointer-sign -Wno-newline-eof -Wno-implicit-fallthrough -isysroot /Applications/Xcode.app/Contents/Developer/Platforms/iPhoneSimulator.platform/Developer/SDKs/iPhoneSimulator26.4.sdk -fstrict-aliasing -Wdeprecated-declarations -Wno-sign-conversion -Wno-infinite-recursion -Wno-comma -Wno-block-capture-autoreleasing -Wno-strict-prototypes -Wno-semicolon-before-method-body -index-store-path /Users/aadityasingh/Library/Developer/Xcode/DerivedData/Chatlio-erkyzdeecsohoaggpwbjdvavzqfv/Index.noindex/DataStore @/Users/aadityasingh/Library/Developer/Xcode/DerivedData/Chatlio-erkyzdeecsohoaggpwbjdvavzqfv/Build/Intermediates.noindex/PostHog.build/Debug-iphonesimulator/phlibwebp.build/Objects-normal/arm64/7187679823f38a2a940e0043cdf9d637-common-args.resp -MMD -MT dependencies -MF /Users/aadityasingh/Library/Developer/Xcode/DerivedData/Chatlio-erkyzdeecsohoaggpwbjdvavzqfv/Build/Intermediates.noindex/PostHog.build/Debug-iphonesimulator/phlibwebp.build/Objects-normal/arm64/muxedit.d --serialize-diagnostics /Users/aadityasingh/Library/Developer/Xcode/DerivedData/Chatlio-erkyzdeecsohoaggpwbjdvavzqfv/Build/Intermediates.noindex/PostHog.build/Debug-iphonesimulator/phlibwebp.build/Objects-normal/arm64/muxedit.dia -c /Users/aadityasingh/Library/Developer/Xcode/DerivedData/Chatlio-erkyzdeecsohoaggpwbjdvavzqfv/SourcePackages/checkouts/posthog-ios/vendor/libwebp/muxedit.c -o /Users/aadityasingh/Library/Developer/Xcode/DerivedData/Chatlio-erkyzdeecsohoaggpwbjdvavzqfv/Build/Intermediates.noindex/PostHog.build/Debug-iphonesimulator/phlibwebp.build/Objects-normal/arm64/muxedit.o -index-unit-output-path /PostHog.build/Debug-iphonesimulator/phlibwebp.build/Objects-normal/arm64/muxedit.o

ScanDependencies /Users/aadityasingh/Library/Developer/Xcode/DerivedData/Chatlio-erkyzdeecsohoaggpwbjdvavzqfv/Build/Intermediates.noindex/PostHog.build/Debug-iphonesimulator/phlibwebp.build/Objects-normal/arm64/lossless_sse41.o /Users/aadityasingh/Library/Developer/Xcode/DerivedData/Chatlio-erkyzdeecsohoaggpwbjdvavzqfv/SourcePackages/checkouts/posthog-ios/vendor/libwebp/lossless_sse41.c normal arm64 c com.apple.compilers.llvm.clang.1_0.compiler (in target 'phlibwebp' from project 'PostHog')
    cd /Users/aadityasingh/Documents/Development/element-x-ios/Chatlio.xcodeproj
    
    Using response file: /Users/aadityasingh/Library/Developer/Xcode/DerivedData/Chatlio-erkyzdeecsohoaggpwbjdvavzqfv/Build/Intermediates.noindex/PostHog.build/Debug-iphonesimulator/phlibwebp.build/Objects-normal/arm64/7187679823f38a2a940e0043cdf9d637-common-args.resp
    
    builtin-ScanDependencies -o /Users/aadityasingh/Library/Developer/Xcode/DerivedData/Chatlio-erkyzdeecsohoaggpwbjdvavzqfv/Build/Intermediates.noindex/PostHog.build/Debug-iphonesimulator/phlibwebp.build/Objects-normal/arm64/lossless_sse41.o.scan -- /Applications/Xcode.app/Contents/Developer/Toolchains/XcodeDefault.xctoolchain/usr/bin/clang -x c -ivfsstatcache /Users/aadityasingh/Library/Developer/Xcode/DerivedData/SDKStatCaches.noindex/iphonesimulator26.4-23E252-686eebb5dc1d8ecb277353a59184f4aa.sdkstatcache -target arm64-apple-ios13.0-simulator -fmessage-length\=0 -fdiagnostics-show-note-include-stack -fmacro-backtrace-limit\=0 -fno-color-diagnostics -fmodules-prune-interval\=86400 -fmodules-prune-after\=345600 -fbuild-session-file\=/Users/aadityasingh/Library/Developer/Xcode/DerivedData/ModuleCache.noindex/Session.modulevalidation -fmodules-validate-once-per-build-session -Wnon-modular-include-in-framework-module -Werror\=non-modular-include-in-framework-module -Wno-trigraphs -Wno-missing-field-initializers -Wno-missing-prototypes -Wno-return-type -Wno-missing-braces -Wparentheses -Wswitch -Wno-unused-function -Wno-unused-label -Wno-unused-parameter -Wno-unused-variable -Wunused-value -Wno-empty-body -Wno-uninitialized -Wno-unknown-pragmas -w -Wno-shadow -Wno-four-char-constants -Wno-conversion -Wno-constant-conversion -Wno-int-conversion -Wno-bool-conversion -Wno-enum-conversion -Wno-float-conversion -Wno-non-literal-null-conversion -Wno-objc-literal-conversion -Wshorten-64-to-32 -Wpointer-sign -Wno-newline-eof -Wno-implicit-fallthrough -isysroot /Applications/Xcode.app/Contents/Developer/Platforms/iPhoneSimulator.platform/Developer/SDKs/iPhoneSimulator26.4.sdk -fstrict-aliasing -Wdeprecated-declarations -Wno-sign-conversion -Wno-infinite-recursion -Wno-comma -Wno-block-capture-autoreleasing -Wno-strict-prototypes -Wno-semicolon-before-method-body -index-store-path /Users/aadityasingh/Library/Developer/Xcode/DerivedData/Chatlio-erkyzdeecsohoaggpwbjdvavzqfv/Index.noindex/DataStore @/Users/aadityasingh/Library/Developer/Xcode/DerivedData/Chatlio-erkyzdeecsohoaggpwbjdvavzqfv/Build/Intermediates.noindex/PostHog.build/Debug-iphonesimulator/phlibwebp.build/Objects-normal/arm64/7187679823f38a2a940e0043cdf9d637-common-args.resp -MMD -MT dependencies -MF /Users/aadityasingh/Library/Developer/Xcode/DerivedData/Chatlio-erkyzdeecsohoaggpwbjdvavzqfv/Build/Intermediates.noindex/PostHog.build/Debug-iphonesimulator/phlibwebp.build/Objects-normal/arm64/lossless_sse41.d --serialize-diagnostics /Users/aadityasingh/Library/Developer/Xcode/DerivedData/Chatlio-erkyzdeecsohoaggpwbjdvavzqfv/Build/Intermediates.noindex/PostHog.build/Debug-iphonesimulator/phlibwebp.build/Objects-normal/arm64/lossless_sse41.dia -c /Users/aadityasingh/Library/Developer/Xcode/DerivedData/Chatlio-erkyzdeecsohoaggpwbjdvavzqfv/SourcePackages/checkouts/posthog-ios/vendor/libwebp/lossless_sse41.c -o /Users/aadityasingh/Library/Developer/Xcode/DerivedData/Chatlio-erkyzdeecsohoaggpwbjdvavzqfv/Build/Intermediates.noindex/PostHog.build/Debug-iphonesimulator/phlibwebp.build/Objects-normal/arm64/lossless_sse41.o -index-unit-output-path /PostHog.build/Debug-iphonesimulator/phlibwebp.build/Objects-normal/arm64/lossless_sse41.o

ScanDependencies /Users/aadityasingh/Library/Developer/Xcode/DerivedData/Chatlio-erkyzdeecsohoaggpwbjdvavzqfv/Build/Intermediates.noindex/PostHog.build/Debug-iphonesimulator/phlibwebp.build/Objects-normal/arm64/lossless_sse2.o /Users/aadityasingh/Library/Developer/Xcode/DerivedData/Chatlio-erkyzdeecsohoaggpwbjdvavzqfv/SourcePackages/checkouts/posthog-ios/vendor/libwebp/lossless_sse2.c normal arm64 c com.apple.compilers.llvm.clang.1_0.compiler (in target 'phlibwebp' from project 'PostHog')
    cd /Users/aadityasingh/Documents/Development/element-x-ios/Chatlio.xcodeproj
    
    Using response file: /Users/aadityasingh/Library/Developer/Xcode/DerivedData/Chatlio-erkyzdeecsohoaggpwbjdvavzqfv/Build/Intermediates.noindex/PostHog.build/Debug-iphonesimulator/phlibwebp.build/Objects-normal/arm64/7187679823f38a2a940e0043cdf9d637-common-args.resp
    
    builtin-ScanDependencies -o /Users/aadityasingh/Library/Developer/Xcode/DerivedData/Chatlio-erkyzdeecsohoaggpwbjdvavzqfv/Build/Intermediates.noindex/PostHog.build/Debug-iphonesimulator/phlibwebp.build/Objects-normal/arm64/lossless_sse2.o.scan -- /Applications/Xcode.app/Contents/Developer/Toolchains/XcodeDefault.xctoolchain/usr/bin/clang -x c -ivfsstatcache /Users/aadityasingh/Library/Developer/Xcode/DerivedData/SDKStatCaches.noindex/iphonesimulator26.4-23E252-686eebb5dc1d8ecb277353a59184f4aa.sdkstatcache -target arm64-apple-ios13.0-simulator -fmessage-length\=0 -fdiagnostics-show-note-include-stack -fmacro-backtrace-limit\=0 -fno-color-diagnostics -fmodules-prune-interval\=86400 -fmodules-prune-after\=345600 -fbuild-session-file\=/Users/aadityasingh/Library/Developer/Xcode/DerivedData/ModuleCache.noindex/Session.modulevalidation -fmodules-validate-once-per-build-session -Wnon-modular-include-in-framework-module -Werror\=non-modular-include-in-framework-module -Wno-trigraphs -Wno-missing-field-initializers -Wno-missing-prototypes -Wno-return-type -Wno-missing-braces -Wparentheses -Wswitch -Wno-unused-function -Wno-unused-label -Wno-unused-parameter -Wno-unused-variable -Wunused-value -Wno-empty-body -Wno-uninitialized -Wno-unknown-pragmas -w -Wno-shadow -Wno-four-char-constants -Wno-conversion -Wno-constant-conversion -Wno-int-conversion -Wno-bool-conversion -Wno-enum-conversion -Wno-float-conversion -Wno-non-literal-null-conversion -Wno-objc-literal-conversion -Wshorten-64-to-32 -Wpointer-sign -Wno-newline-eof -Wno-implicit-fallthrough -isysroot /Applications/Xcode.app/Contents/Developer/Platforms/iPhoneSimulator.platform/Developer/SDKs/iPhoneSimulator26.4.sdk -fstrict-aliasing -Wdeprecated-declarations -Wno-sign-conversion -Wno-infinite-recursion -Wno-comma -Wno-block-capture-autoreleasing -Wno-strict-prototypes -Wno-semicolon-before-method-body -index-store-path /Users/aadityasingh/Library/Developer/Xcode/DerivedData/Chatlio-erkyzdeecsohoaggpwbjdvavzqfv/Index.noindex/DataStore @/Users/aadityasingh/Library/Developer/Xcode/DerivedData/Chatlio-erkyzdeecsohoaggpwbjdvavzqfv/Build/Intermediates.noindex/PostHog.build/Debug-iphonesimulator/phlibwebp.build/Objects-normal/arm64/7187679823f38a2a940e0043cdf9d637-common-args.resp -MMD -MT dependencies -MF /Users/aadityasingh/Library/Developer/Xcode/DerivedData/Chatlio-erkyzdeecsohoaggpwbjdvavzqfv/Build/Intermediates.noindex/PostHog.build/Debug-iphonesimulator/phlibwebp.build/Objects-normal/arm64/lossless_sse2.d --serialize-diagnostics /Users/aadityasingh/Library/Developer/Xcode/DerivedData/Chatlio-erkyzdeecsohoaggpwbjdvavzqfv/Build/Intermediates.noindex/PostHog.build/Debug-iphonesimulator/phlibwebp.build/Objects-normal/arm64/lossless_sse2.dia -c /Users/aadityasingh/Library/Developer/Xcode/DerivedData/Chatlio-erkyzdeecsohoaggpwbjdvavzqfv/SourcePackages/checkouts/posthog-ios/vendor/libwebp/lossless_sse2.c -o /Users/aadityasingh/Library/Developer/Xcode/DerivedData/Chatlio-erkyzdeecsohoaggpwbjdvavzqfv/Build/Intermediates.noindex/PostHog.build/Debug-iphonesimulator/phlibwebp.build/Objects-normal/arm64/lossless_sse2.o -index-unit-output-path /PostHog.build/Debug-iphonesimulator/phlibwebp.build/Objects-normal/arm64/lossless_sse2.o

ScanDependencies /Users/aadityasingh/Library/Developer/Xcode/DerivedData/Chatlio-erkyzdeecsohoaggpwbjdvavzqfv/Build/Intermediates.noindex/PostHog.build/Debug-iphonesimulator/phlibwebp.build/Objects-normal/arm64/lossless_neon.o /Users/aadityasingh/Library/Developer/Xcode/DerivedData/Chatlio-erkyzdeecsohoaggpwbjdvavzqfv/SourcePackages/checkouts/posthog-ios/vendor/libwebp/lossless_neon.c normal arm64 c com.apple.compilers.llvm.clang.1_0.compiler (in target 'phlibwebp' from project 'PostHog')
    cd /Users/aadityasingh/Documents/Development/element-x-ios/Chatlio.xcodeproj
    
    Using response file: /Users/aadityasingh/Library/Developer/Xcode/DerivedData/Chatlio-erkyzdeecsohoaggpwbjdvavzqfv/Build/Intermediates.noindex/PostHog.build/Debug-iphonesimulator/phlibwebp.build/Objects-normal/arm64/7187679823f38a2a940e0043cdf9d637-common-args.resp
    
    builtin-ScanDependencies -o /Users/aadityasingh/Library/Developer/Xcode/DerivedData/Chatlio-erkyzdeecsohoaggpwbjdvavzqfv/Build/Intermediates.noindex/PostHog.build/Debug-iphonesimulator/phlibwebp.build/Objects-normal/arm64/lossless_neon.o.scan -- /Applications/Xcode.app/Contents/Developer/Toolchains/XcodeDefault.xctoolchain/usr/bin/clang -x c -ivfsstatcache /Users/aadityasingh/Library/Developer/Xcode/DerivedData/SDKStatCaches.noindex/iphonesimulator26.4-23E252-686eebb5dc1d8ecb277353a59184f4aa.sdkstatcache -target arm64-apple-ios13.0-simulator -fmessage-length\=0 -fdiagnostics-show-note-include-stack -fmacro-backtrace-limit\=0 -fno-color-diagnostics -fmodules-prune-interval\=86400 -fmodules-prune-after\=345600 -fbuild-session-file\=/Users/aadityasingh/Library/Developer/Xcode/DerivedData/ModuleCache.noindex/Session.modulevalidation -fmodules-validate-once-per-build-session -Wnon-modular-include-in-framework-module -Werror\=non-modular-include-in-framework-module -Wno-trigraphs -Wno-missing-field-initializers -Wno-missing-prototypes -Wno-return-type -Wno-missing-braces -Wparentheses -Wswitch -Wno-unused-function -Wno-unused-label -Wno-unused-parameter -Wno-unused-variable -Wunused-value -Wno-empty-body -Wno-uninitialized -Wno-unknown-pragmas -w -Wno-shadow -Wno-four-char-constants -Wno-conversion -Wno-constant-conversion -Wno-int-conversion -Wno-bool-conversion -Wno-enum-conversion -Wno-float-conversion -Wno-non-literal-null-conversion -Wno-objc-literal-conversion -Wshorten-64-to-32 -Wpointer-sign -Wno-newline-eof -Wno-implicit-fallthrough -isysroot /Applications/Xcode.app/Contents/Developer/Platforms/iPhoneSimulator.platform/Developer/SDKs/iPhoneSimulator26.4.sdk -fstrict-aliasing -Wdeprecated-declarations -Wno-sign-conversion -Wno-infinite-recursion -Wno-comma -Wno-block-capture-autoreleasing -Wno-strict-prototypes -Wno-semicolon-before-method-body -index-store-path /Users/aadityasingh/Library/Developer/Xcode/DerivedData/Chatlio-erkyzdeecsohoaggpwbjdvavzqfv/Index.noindex/DataStore @/Users/aadityasingh/Library/Developer/Xcode/DerivedData/Chatlio-erkyzdeecsohoaggpwbjdvavzqfv/Build/Intermediates.noindex/PostHog.build/Debug-iphonesimulator/phlibwebp.build/Objects-normal/arm64/7187679823f38a2a940e0043cdf9d637-common-args.resp -MMD -MT dependencies -MF /Users/aadityasingh/Library/Developer/Xcode/DerivedData/Chatlio-erkyzdeecsohoaggpwbjdvavzqfv/Build/Intermediates.noindex/PostHog.build/Debug-iphonesimulator/phlibwebp.build/Objects-normal/arm64/lossless_neon.d --serialize-diagnostics /Users/aadityasingh/Library/Developer/Xcode/DerivedData/Chatlio-erkyzdeecsohoaggpwbjdvavzqfv/Build/Intermediates.noindex/PostHog.build/Debug-iphonesimulator/phlibwebp.build/Objects-normal/arm64/lossless_neon.dia -c /Users/aadityasingh/Library/Developer/Xcode/DerivedData/Chatlio-erkyzdeecsohoaggpwbjdvavzqfv/SourcePackages/checkouts/posthog-ios/vendor/libwebp/lossless_neon.c -o /Users/aadityasingh/Library/Developer/Xcode/DerivedData/Chatlio-erkyzdeecsohoaggpwbjdvavzqfv/Build/Intermediates.noindex/PostHog.build/Debug-iphonesimulator/phlibwebp.build/Objects-normal/arm64/lossless_neon.o -index-unit-output-path /PostHog.build/Debug-iphonesimulator/phlibwebp.build/Objects-normal/arm64/lossless_neon.o

ScanDependencies /Users/aadityasingh/Library/Developer/Xcode/DerivedData/Chatlio-erkyzdeecsohoaggpwbjdvavzqfv/Build/Intermediates.noindex/PostHog.build/Debug-iphonesimulator/phlibwebp.build/Objects-normal/arm64/lossless_enc_sse41.o /Users/aadityasingh/Library/Developer/Xcode/DerivedData/Chatlio-erkyzdeecsohoaggpwbjdvavzqfv/SourcePackages/checkouts/posthog-ios/vendor/libwebp/lossless_enc_sse41.c normal arm64 c com.apple.compilers.llvm.clang.1_0.compiler (in target 'phlibwebp' from project 'PostHog')
    cd /Users/aadityasingh/Documents/Development/element-x-ios/Chatlio.xcodeproj
    
    Using response file: /Users/aadityasingh/Library/Developer/Xcode/DerivedData/Chatlio-erkyzdeecsohoaggpwbjdvavzqfv/Build/Intermediates.noindex/PostHog.build/Debug-iphonesimulator/phlibwebp.build/Objects-normal/arm64/7187679823f38a2a940e0043cdf9d637-common-args.resp
    
    builtin-ScanDependencies -o /Users/aadityasingh/Library/Developer/Xcode/DerivedData/Chatlio-erkyzdeecsohoaggpwbjdvavzqfv/Build/Intermediates.noindex/PostHog.build/Debug-iphonesimulator/phlibwebp.build/Objects-normal/arm64/lossless_enc_sse41.o.scan -- /Applications/Xcode.app/Contents/Developer/Toolchains/XcodeDefault.xctoolchain/usr/bin/clang -x c -ivfsstatcache /Users/aadityasingh/Library/Developer/Xcode/DerivedData/SDKStatCaches.noindex/iphonesimulator26.4-23E252-686eebb5dc1d8ecb277353a59184f4aa.sdkstatcache -target arm64-apple-ios13.0-simulator -fmessage-length\=0 -fdiagnostics-show-note-include-stack -fmacro-backtrace-limit\=0 -fno-color-diagnostics -fmodules-prune-interval\=86400 -fmodules-prune-after\=345600 -fbuild-session-file\=/Users/aadityasingh/Library/Developer/Xcode/DerivedData/ModuleCache.noindex/Session.modulevalidation -fmodules-validate-once-per-build-session -Wnon-modular-include-in-framework-module -Werror\=non-modular-include-in-framework-module -Wno-trigraphs -Wno-missing-field-initializers -Wno-missing-prototypes -Wno-return-type -Wno-missing-braces -Wparentheses -Wswitch -Wno-unused-function -Wno-unused-label -Wno-unused-parameter -Wno-unused-variable -Wunused-value -Wno-empty-body -Wno-uninitialized -Wno-unknown-pragmas -w -Wno-shadow -Wno-four-char-constants -Wno-conversion -Wno-constant-conversion -Wno-int-conversion -Wno-bool-conversion -Wno-enum-conversion -Wno-float-conversion -Wno-non-literal-null-conversion -Wno-objc-literal-conversion -Wshorten-64-to-32 -Wpointer-sign -Wno-newline-eof -Wno-implicit-fallthrough -isysroot /Applications/Xcode.app/Contents/Developer/Platforms/iPhoneSimulator.platform/Developer/SDKs/iPhoneSimulator26.4.sdk -fstrict-aliasing -Wdeprecated-declarations -Wno-sign-conversion -Wno-infinite-recursion -Wno-comma -Wno-block-capture-autoreleasing -Wno-strict-prototypes -Wno-semicolon-before-method-body -index-store-path /Users/aadityasingh/Library/Developer/Xcode/DerivedData/Chatlio-erkyzdeecsohoaggpwbjdvavzqfv/Index.noindex/DataStore @/Users/aadityasingh/Library/Developer/Xcode/DerivedData/Chatlio-erkyzdeecsohoaggpwbjdvavzqfv/Build/Intermediates.noindex/PostHog.build/Debug-iphonesimulator/phlibwebp.build/Objects-normal/arm64/7187679823f38a2a940e0043cdf9d637-common-args.resp -MMD -MT dependencies -MF /Users/aadityasingh/Library/Developer/Xcode/DerivedData/Chatlio-erkyzdeecsohoaggpwbjdvavzqfv/Build/Intermediates.noindex/PostHog.build/Debug-iphonesimulator/phlibwebp.build/Objects-normal/arm64/lossless_enc_sse41.d --serialize-diagnostics /Users/aadityasingh/Library/Developer/Xcode/DerivedData/Chatlio-erkyzdeecsohoaggpwbjdvavzqfv/Build/Intermediates.noindex/PostHog.build/Debug-iphonesimulator/phlibwebp.build/Objects-normal/arm64/lossless_enc_sse41.dia -c /Users/aadityasingh/Library/Developer/Xcode/DerivedData/Chatlio-erkyzdeecsohoaggpwbjdvavzqfv/SourcePackages/checkouts/posthog-ios/vendor/libwebp/lossless_enc_sse41.c -o /Users/aadityasingh/Library/Developer/Xcode/DerivedData/Chatlio-erkyzdeecsohoaggpwbjdvavzqfv/Build/Intermediates.noindex/PostHog.build/Debug-iphonesimulator/phlibwebp.build/Objects-normal/arm64/lossless_enc_sse41.o -index-unit-output-path /PostHog.build/Debug-iphonesimulator/phlibwebp.build/Objects-normal/arm64/lossless_enc_sse41.o

ScanDependencies /Users/aadityasingh/Library/Developer/Xcode/DerivedData/Chatlio-erkyzdeecsohoaggpwbjdvavzqfv/Build/Intermediates.noindex/PostHog.build/Debug-iphonesimulator/phlibwebp.build/Objects-normal/arm64/lossless_enc_sse2.o /Users/aadityasingh/Library/Developer/Xcode/DerivedData/Chatlio-erkyzdeecsohoaggpwbjdvavzqfv/SourcePackages/checkouts/posthog-ios/vendor/libwebp/lossless_enc_sse2.c normal arm64 c com.apple.compilers.llvm.clang.1_0.compiler (in target 'phlibwebp' from project 'PostHog')
    cd /Users/aadityasingh/Documents/Development/element-x-ios/Chatlio.xcodeproj
    
    Using response file: /Users/aadityasingh/Library/Developer/Xcode/DerivedData/Chatlio-erkyzdeecsohoaggpwbjdvavzqfv/Build/Intermediates.noindex/PostHog.build/Debug-iphonesimulator/phlibwebp.build/Objects-normal/arm64/7187679823f38a2a940e0043cdf9d637-common-args.resp
    
    builtin-ScanDependencies -o /Users/aadityasingh/Library/Developer/Xcode/DerivedData/Chatlio-erkyzdeecsohoaggpwbjdvavzqfv/Build/Intermediates.noindex/PostHog.build/Debug-iphonesimulator/phlibwebp.build/Objects-normal/arm64/lossless_enc_sse2.o.scan -- /Applications/Xcode.app/Contents/Developer/Toolchains/XcodeDefault.xctoolchain/usr/bin/clang -x c -ivfsstatcache /Users/aadityasingh/Library/Developer/Xcode/DerivedData/SDKStatCaches.noindex/iphonesimulator26.4-23E252-686eebb5dc1d8ecb277353a59184f4aa.sdkstatcache -target arm64-apple-ios13.0-simulator -fmessage-length\=0 -fdiagnostics-show-note-include-stack -fmacro-backtrace-limit\=0 -fno-color-diagnostics -fmodules-prune-interval\=86400 -fmodules-prune-after\=345600 -fbuild-session-file\=/Users/aadityasingh/Library/Developer/Xcode/DerivedData/ModuleCache.noindex/Session.modulevalidation -fmodules-validate-once-per-build-session -Wnon-modular-include-in-framework-module -Werror\=non-modular-include-in-framework-module -Wno-trigraphs -Wno-missing-field-initializers -Wno-missing-prototypes -Wno-return-type -Wno-missing-braces -Wparentheses -Wswitch -Wno-unused-function -Wno-unused-label -Wno-unused-parameter -Wno-unused-variable -Wunused-value -Wno-empty-body -Wno-uninitialized -Wno-unknown-pragmas -w -Wno-shadow -Wno-four-char-constants -Wno-conversion -Wno-constant-conversion -Wno-int-conversion -Wno-bool-conversion -Wno-enum-conversion -Wno-float-conversion -Wno-non-literal-null-conversion -Wno-objc-literal-conversion -Wshorten-64-to-32 -Wpointer-sign -Wno-newline-eof -Wno-implicit-fallthrough -isysroot /Applications/Xcode.app/Contents/Developer/Platforms/iPhoneSimulator.platform/Developer/SDKs/iPhoneSimulator26.4.sdk -fstrict-aliasing -Wdeprecated-declarations -Wno-sign-conversion -Wno-infinite-recursion -Wno-comma -Wno-block-capture-autoreleasing -Wno-strict-prototypes -Wno-semicolon-before-method-body -index-store-path /Users/aadityasingh/Library/Developer/Xcode/DerivedData/Chatlio-erkyzdeecsohoaggpwbjdvavzqfv/Index.noindex/DataStore @/Users/aadityasingh/Library/Developer/Xcode/DerivedData/Chatlio-erkyzdeecsohoaggpwbjdvavzqfv/Build/Intermediates.noindex/PostHog.build/Debug-iphonesimulator/phlibwebp.build/Objects-normal/arm64/7187679823f38a2a940e0043cdf9d637-common-args.resp -MMD -MT dependencies -MF /Users/aadityasingh/Library/Developer/Xcode/DerivedData/Chatlio-erkyzdeecsohoaggpwbjdvavzqfv/Build/Intermediates.noindex/PostHog.build/Debug-iphonesimulator/phlibwebp.build/Objects-normal/arm64/lossless_enc_sse2.d --serialize-diagnostics /Users/aadityasingh/Library/Developer/Xcode/DerivedData/Chatlio-erkyzdeecsohoaggpwbjdvavzqfv/Build/Intermediates.noindex/PostHog.build/Debug-iphonesimulator/phlibwebp.build/Objects-normal/arm64/lossless_enc_sse2.dia -c /Users/aadityasingh/Library/Developer/Xcode/DerivedData/Chatlio-erkyzdeecsohoaggpwbjdvavzqfv/SourcePackages/checkouts/posthog-ios/vendor/libwebp/lossless_enc_sse2.c -o /Users/aadityasingh/Library/Developer/Xcode/DerivedData/Chatlio-erkyzdeecsohoaggpwbjdvavzqfv/Build/Intermediates.noindex/PostHog.build/Debug-iphonesimulator/phlibwebp.build/Objects-normal/arm64/lossless_enc_sse2.o -index-unit-output-path /PostHog.build/Debug-iphonesimulator/phlibwebp.build/Objects-normal/arm64/lossless_enc_sse2.o

ScanDependencies /Users/aadityasingh/Library/Developer/Xcode/DerivedData/Chatlio-erkyzdeecsohoaggpwbjdvavzqfv/Build/Intermediates.noindex/PostHog.build/Debug-iphonesimulator/phlibwebp.build/Objects-normal/arm64/lossless_enc_neon.o /Users/aadityasingh/Library/Developer/Xcode/DerivedData/Chatlio-erkyzdeecsohoaggpwbjdvavzqfv/SourcePackages/checkouts/posthog-ios/vendor/libwebp/lossless_enc_neon.c normal arm64 c com.apple.compilers.llvm.clang.1_0.compiler (in target 'phlibwebp' from project 'PostHog')
    cd /Users/aadityasingh/Documents/Development/element-x-ios/Chatlio.xcodeproj
    
    Using response file: /Users/aadityasingh/Library/Developer/Xcode/DerivedData/Chatlio-erkyzdeecsohoaggpwbjdvavzqfv/Build/Intermediates.noindex/PostHog.build/Debug-iphonesimulator/phlibwebp.build/Objects-normal/arm64/7187679823f38a2a940e0043cdf9d637-common-args.resp
    
    builtin-ScanDependencies -o /Users/aadityasingh/Library/Developer/Xcode/DerivedData/Chatlio-erkyzdeecsohoaggpwbjdvavzqfv/Build/Intermediates.noindex/PostHog.build/Debug-iphonesimulator/phlibwebp.build/Objects-normal/arm64/lossless_enc_neon.o.scan -- /Applications/Xcode.app/Contents/Developer/Toolchains/XcodeDefault.xctoolchain/usr/bin/clang -x c -ivfsstatcache /Users/aadityasingh/Library/Developer/Xcode/DerivedData/SDKStatCaches.noindex/iphonesimulator26.4-23E252-686eebb5dc1d8ecb277353a59184f4aa.sdkstatcache -target arm64-apple-ios13.0-simulator -fmessage-length\=0 -fdiagnostics-show-note-include-stack -fmacro-backtrace-limit\=0 -fno-color-diagnostics -fmodules-prune-interval\=86400 -fmodules-prune-after\=345600 -fbuild-session-file\=/Users/aadityasingh/Library/Developer/Xcode/DerivedData/ModuleCache.noindex/Session.modulevalidation -fmodules-validate-once-per-build-session -Wnon-modular-include-in-framework-module -Werror\=non-modular-include-in-framework-module -Wno-trigraphs -Wno-missing-field-initializers -Wno-missing-prototypes -Wno-return-type -Wno-missing-braces -Wparentheses -Wswitch -Wno-unused-function -Wno-unused-label -Wno-unused-parameter -Wno-unused-variable -Wunused-value -Wno-empty-body -Wno-uninitialized -Wno-unknown-pragmas -w -Wno-shadow -Wno-four-char-constants -Wno-conversion -Wno-constant-conversion -Wno-int-conversion -Wno-bool-conversion -Wno-enum-conversion -Wno-float-conversion -Wno-non-literal-null-conversion -Wno-objc-literal-conversion -Wshorten-64-to-32 -Wpointer-sign -Wno-newline-eof -Wno-implicit-fallthrough -isysroot /Applications/Xcode.app/Contents/Developer/Platforms/iPhoneSimulator.platform/Developer/SDKs/iPhoneSimulator26.4.sdk -fstrict-aliasing -Wdeprecated-declarations -Wno-sign-conversion -Wno-infinite-recursion -Wno-comma -Wno-block-capture-autoreleasing -Wno-strict-prototypes -Wno-semicolon-before-method-body -index-store-path /Users/aadityasingh/Library/Developer/Xcode/DerivedData/Chatlio-erkyzdeecsohoaggpwbjdvavzqfv/Index.noindex/DataStore @/Users/aadityasingh/Library/Developer/Xcode/DerivedData/Chatlio-erkyzdeecsohoaggpwbjdvavzqfv/Build/Intermediates.noindex/PostHog.build/Debug-iphonesimulator/phlibwebp.build/Objects-normal/arm64/7187679823f38a2a940e0043cdf9d637-common-args.resp -MMD -MT dependencies -MF /Users/aadityasingh/Library/Developer/Xcode/DerivedData/Chatlio-erkyzdeecsohoaggpwbjdvavzqfv/Build/Intermediates.noindex/PostHog.build/Debug-iphonesimulator/phlibwebp.build/Objects-normal/arm64/lossless_enc_neon.d --serialize-diagnostics /Users/aadityasingh/Library/Developer/Xcode/DerivedData/Chatlio-erkyzdeecsohoaggpwbjdvavzqfv/Build/Intermediates.noindex/PostHog.build/Debug-iphonesimulator/phlibwebp.build/Objects-normal/arm64/lossless_enc_neon.dia -c /Users/aadityasingh/Library/Developer/Xcode/DerivedData/Chatlio-erkyzdeecsohoaggpwbjdvavzqfv/SourcePackages/checkouts/posthog-ios/vendor/libwebp/lossless_enc_neon.c -o /Users/aadityasingh/Library/Developer/Xcode/DerivedData/Chatlio-erkyzdeecsohoaggpwbjdvavzqfv/Build/Intermediates.noindex/PostHog.build/Debug-iphonesimulator/phlibwebp.build/Objects-normal/arm64/lossless_enc_neon.o -index-unit-output-path /PostHog.build/Debug-iphonesimulator/phlibwebp.build/Objects-normal/arm64/lossless_enc_neon.o

ScanDependencies /Users/aadityasingh/Library/Developer/Xcode/DerivedData/Chatlio-erkyzdeecsohoaggpwbjdvavzqfv/Build/Intermediates.noindex/PostHog.build/Debug-iphonesimulator/phlibwebp.build/Objects-normal/arm64/lossless_enc.o /Users/aadityasingh/Library/Developer/Xcode/DerivedData/Chatlio-erkyzdeecsohoaggpwbjdvavzqfv/SourcePackages/checkouts/posthog-ios/vendor/libwebp/lossless_enc.c normal arm64 c com.apple.compilers.llvm.clang.1_0.compiler (in target 'phlibwebp' from project 'PostHog')
    cd /Users/aadityasingh/Documents/Development/element-x-ios/Chatlio.xcodeproj
    
    Using response file: /Users/aadityasingh/Library/Developer/Xcode/DerivedData/Chatlio-erkyzdeecsohoaggpwbjdvavzqfv/Build/Intermediates.noindex/PostHog.build/Debug-iphonesimulator/phlibwebp.build/Objects-normal/arm64/7187679823f38a2a940e0043cdf9d637-common-args.resp
    
    builtin-ScanDependencies -o /Users/aadityasingh/Library/Developer/Xcode/DerivedData/Chatlio-erkyzdeecsohoaggpwbjdvavzqfv/Build/Intermediates.noindex/PostHog.build/Debug-iphonesimulator/phlibwebp.build/Objects-normal/arm64/lossless_enc.o.scan -- /Applications/Xcode.app/Contents/Developer/Toolchains/XcodeDefault.xctoolchain/usr/bin/clang -x c -ivfsstatcache /Users/aadityasingh/Library/Developer/Xcode/DerivedData/SDKStatCaches.noindex/iphonesimulator26.4-23E252-686eebb5dc1d8ecb277353a59184f4aa.sdkstatcache -target arm64-apple-ios13.0-simulator -fmessage-length\=0 -fdiagnostics-show-note-include-stack -fmacro-backtrace-limit\=0 -fno-color-diagnostics -fmodules-prune-interval\=86400 -fmodules-prune-after\=345600 -fbuild-session-file\=/Users/aadityasingh/Library/Developer/Xcode/DerivedData/ModuleCache.noindex/Session.modulevalidation -fmodules-validate-once-per-build-session -Wnon-modular-include-in-framework-module -Werror\=non-modular-include-in-framework-module -Wno-trigraphs -Wno-missing-field-initializers -Wno-missing-prototypes -Wno-return-type -Wno-missing-braces -Wparentheses -Wswitch -Wno-unused-function -Wno-unused-label -Wno-unused-parameter -Wno-unused-variable -Wunused-value -Wno-empty-body -Wno-uninitialized -Wno-unknown-pragmas -w -Wno-shadow -Wno-four-char-constants -Wno-conversion -Wno-constant-conversion -Wno-int-conversion -Wno-bool-conversion -Wno-enum-conversion -Wno-float-conversion -Wno-non-literal-null-conversion -Wno-objc-literal-conversion -Wshorten-64-to-32 -Wpointer-sign -Wno-newline-eof -Wno-implicit-fallthrough -isysroot /Applications/Xcode.app/Contents/Developer/Platforms/iPhoneSimulator.platform/Developer/SDKs/iPhoneSimulator26.4.sdk -fstrict-aliasing -Wdeprecated-declarations -Wno-sign-conversion -Wno-infinite-recursion -Wno-comma -Wno-block-capture-autoreleasing -Wno-strict-prototypes -Wno-semicolon-before-method-body -index-store-path /Users/aadityasingh/Library/Developer/Xcode/DerivedData/Chatlio-erkyzdeecsohoaggpwbjdvavzqfv/Index.noindex/DataStore @/Users/aadityasingh/Library/Developer/Xcode/DerivedData/Chatlio-erkyzdeecsohoaggpwbjdvavzqfv/Build/Intermediates.noindex/PostHog.build/Debug-iphonesimulator/phlibwebp.build/Objects-normal/arm64/7187679823f38a2a940e0043cdf9d637-common-args.resp -MMD -MT dependencies -MF /Users/aadityasingh/Library/Developer/Xcode/DerivedData/Chatlio-erkyzdeecsohoaggpwbjdvavzqfv/Build/Intermediates.noindex/PostHog.build/Debug-iphonesimulator/phlibwebp.build/Objects-normal/arm64/lossless_enc.d --serialize-diagnostics /Users/aadityasingh/Library/Developer/Xcode/DerivedData/Chatlio-erkyzdeecsohoaggpwbjdvavzqfv/Build/Intermediates.noindex/PostHog.build/Debug-iphonesimulator/phlibwebp.build/Objects-normal/arm64/lossless_enc.dia -c /Users/aadityasingh/Library/Developer/Xcode/DerivedData/Chatlio-erkyzdeecsohoaggpwbjdvavzqfv/SourcePackages/checkouts/posthog-ios/vendor/libwebp/lossless_enc.c -o /Users/aadityasingh/Library/Developer/Xcode/DerivedData/Chatlio-erkyzdeecsohoaggpwbjdvavzqfv/Build/Intermediates.noindex/PostHog.build/Debug-iphonesimulator/phlibwebp.build/Objects-normal/arm64/lossless_enc.o -index-unit-output-path /PostHog.build/Debug-iphonesimulator/phlibwebp.build/Objects-normal/arm64/lossless_enc.o

CompileC /Users/aadityasingh/Library/Developer/Xcode/DerivedData/Chatlio-erkyzdeecsohoaggpwbjdvavzqfv/Build/Intermediates.noindex/PostHog.build/Debug-iphonesimulator/phlibwebp.build/Objects-normal/x86_64/yuv_sse41.o /Users/aadityasingh/Library/Developer/Xcode/DerivedData/Chatlio-erkyzdeecsohoaggpwbjdvavzqfv/SourcePackages/checkouts/posthog-ios/vendor/libwebp/yuv_sse41.c normal x86_64 c com.apple.compilers.llvm.clang.1_0.compiler (in target 'phlibwebp' from project 'PostHog')
    cd /Users/aadityasingh/Documents/Development/element-x-ios/Chatlio.xcodeproj
    
    Using response file: /Users/aadityasingh/Library/Developer/Xcode/DerivedData/Chatlio-erkyzdeecsohoaggpwbjdvavzqfv/Build/Intermediates.noindex/PostHog.build/Debug-iphonesimulator/phlibwebp.build/Objects-normal/x86_64/7187679823f38a2a940e0043cdf9d637-common-args.resp
    
    /Applications/Xcode.app/Contents/Developer/Toolchains/XcodeDefault.xctoolchain/usr/bin/clang -x c -ivfsstatcache /Users/aadityasingh/Library/Developer/Xcode/DerivedData/SDKStatCaches.noindex/iphonesimulator26.4-23E252-686eebb5dc1d8ecb277353a59184f4aa.sdkstatcache -target x86_64-apple-ios13.0-simulator -fmessage-length\=0 -fdiagnostics-show-note-include-stack -fmacro-backtrace-limit\=0 -fno-color-diagnostics -fmodules-prune-interval\=86400 -fmodules-prune-after\=345600 -fbuild-session-file\=/Users/aadityasingh/Library/Developer/Xcode/DerivedData/ModuleCache.noindex/Session.modulevalidation -fmodules-validate-once-per-build-session -Wnon-modular-include-in-framework-module -Werror\=non-modular-include-in-framework-module -Wno-trigraphs -Wno-missing-field-initializers -Wno-missing-prototypes -Wno-return-type -Wno-missing-braces -Wparentheses -Wswitch -Wno-unused-function -Wno-unused-label -Wno-unused-parameter -Wno-unused-variable -Wunused-value -Wno-empty-body -Wno-uninitialized -Wno-unknown-pragmas -w -Wno-shadow -Wno-four-char-constants -Wno-conversion -Wno-constant-conversion -Wno-int-conversion -Wno-bool-conversion -Wno-enum-conversion -Wno-float-conversion -Wno-non-literal-null-conversion -Wno-objc-literal-conversion -Wshorten-64-to-32 -Wpointer-sign -Wno-newline-eof -Wno-implicit-fallthrough -isysroot /Applications/Xcode.app/Contents/Developer/Platforms/iPhoneSimulator.platform/Developer/SDKs/iPhoneSimulator26.4.sdk -fstrict-aliasing -Wdeprecated-declarations -Wno-sign-conversion -Wno-infinite-recursion -Wno-comma -Wno-block-capture-autoreleasing -Wno-strict-prototypes -Wno-semicolon-before-method-body -index-store-path /Users/aadityasingh/Library/Developer/Xcode/DerivedData/Chatlio-erkyzdeecsohoaggpwbjdvavzqfv/Index.noindex/DataStore @/Users/aadityasingh/Library/Developer/Xcode/DerivedData/Chatlio-erkyzdeecsohoaggpwbjdvavzqfv/Build/Intermediates.noindex/PostHog.build/Debug-iphonesimulator/phlibwebp.build/Objects-normal/x86_64/7187679823f38a2a940e0043cdf9d637-common-args.resp -MMD -MT dependencies -MF /Users/aadityasingh/Library/Developer/Xcode/DerivedData/Chatlio-erkyzdeecsohoaggpwbjdvavzqfv/Build/Intermediates.noindex/PostHog.build/Debug-iphonesimulator/phlibwebp.build/Objects-normal/x86_64/yuv_sse41.d --serialize-diagnostics /Users/aadityasingh/Library/Developer/Xcode/DerivedData/Chatlio-erkyzdeecsohoaggpwbjdvavzqfv/Build/Intermediates.noindex/PostHog.build/Debug-iphonesimulator/phlibwebp.build/Objects-normal/x86_64/yuv_sse41.dia -c /Users/aadityasingh/Library/Developer/Xcode/DerivedData/Chatlio-erkyzdeecsohoaggpwbjdvavzqfv/SourcePackages/checkouts/posthog-ios/vendor/libwebp/yuv_sse41.c -o /Users/aadityasingh/Library/Developer/Xcode/DerivedData/Chatlio-erkyzdeecsohoaggpwbjdvavzqfv/Build/Intermediates.noindex/PostHog.build/Debug-iphonesimulator/phlibwebp.build/Objects-normal/x86_64/yuv_sse41.o -index-unit-output-path /PostHog.build/Debug-iphonesimulator/phlibwebp.build/Objects-normal/x86_64/yuv_sse41.o

CompileC /Users/aadityasingh/Library/Developer/Xcode/DerivedData/Chatlio-erkyzdeecsohoaggpwbjdvavzqfv/Build/Intermediates.noindex/PostHog.build/Debug-iphonesimulator/phlibwebp.build/Objects-normal/x86_64/yuv_neon.o /Users/aadityasingh/Library/Developer/Xcode/DerivedData/Chatlio-erkyzdeecsohoaggpwbjdvavzqfv/SourcePackages/checkouts/posthog-ios/vendor/libwebp/yuv_neon.c normal x86_64 c com.apple.compilers.llvm.clang.1_0.compiler (in target 'phlibwebp' from project 'PostHog')
    cd /Users/aadityasingh/Documents/Development/element-x-ios/Chatlio.xcodeproj
    
    Using response file: /Users/aadityasingh/Library/Developer/Xcode/DerivedData/Chatlio-erkyzdeecsohoaggpwbjdvavzqfv/Build/Intermediates.noindex/PostHog.build/Debug-iphonesimulator/phlibwebp.build/Objects-normal/x86_64/7187679823f38a2a940e0043cdf9d637-common-args.resp
    
    /Applications/Xcode.app/Contents/Developer/Toolchains/XcodeDefault.xctoolchain/usr/bin/clang -x c -ivfsstatcache /Users/aadityasingh/Library/Developer/Xcode/DerivedData/SDKStatCaches.noindex/iphonesimulator26.4-23E252-686eebb5dc1d8ecb277353a59184f4aa.sdkstatcache -target x86_64-apple-ios13.0-simulator -fmessage-length\=0 -fdiagnostics-show-note-include-stack -fmacro-backtrace-limit\=0 -fno-color-diagnostics -fmodules-prune-interval\=86400 -fmodules-prune-after\=345600 -fbuild-session-file\=/Users/aadityasingh/Library/Developer/Xcode/DerivedData/ModuleCache.noindex/Session.modulevalidation -fmodules-validate-once-per-build-session -Wnon-modular-include-in-framework-module -Werror\=non-modular-include-in-framework-module -Wno-trigraphs -Wno-missing-field-initializers -Wno-missing-prototypes -Wno-return-type -Wno-missing-braces -Wparentheses -Wswitch -Wno-unused-function -Wno-unused-label -Wno-unused-parameter -Wno-unused-variable -Wunused-value -Wno-empty-body -Wno-uninitialized -Wno-unknown-pragmas -w -Wno-shadow -Wno-four-char-constants -Wno-conversion -Wno-constant-conversion -Wno-int-conversion -Wno-bool-conversion -Wno-enum-conversion -Wno-float-conversion -Wno-non-literal-null-conversion -Wno-objc-literal-conversion -Wshorten-64-to-32 -Wpointer-sign -Wno-newline-eof -Wno-implicit-fallthrough -isysroot /Applications/Xcode.app/Contents/Developer/Platforms/iPhoneSimulator.platform/Developer/SDKs/iPhoneSimulator26.4.sdk -fstrict-aliasing -Wdeprecated-declarations -Wno-sign-conversion -Wno-infinite-recursion -Wno-comma -Wno-block-capture-autoreleasing -Wno-strict-prototypes -Wno-semicolon-before-method-body -index-store-path /Users/aadityasingh/Library/Developer/Xcode/DerivedData/Chatlio-erkyzdeecsohoaggpwbjdvavzqfv/Index.noindex/DataStore @/Users/aadityasingh/Library/Developer/Xcode/DerivedData/Chatlio-erkyzdeecsohoaggpwbjdvavzqfv/Build/Intermediates.noindex/PostHog.build/Debug-iphonesimulator/phlibwebp.build/Objects-normal/x86_64/7187679823f38a2a940e0043cdf9d637-common-args.resp -MMD -MT dependencies -MF /Users/aadityasingh/Library/Developer/Xcode/DerivedData/Chatlio-erkyzdeecsohoaggpwbjdvavzqfv/Build/Intermediates.noindex/PostHog.build/Debug-iphonesimulator/phlibwebp.build/Objects-normal/x86_64/yuv_neon.d --serialize-diagnostics /Users/aadityasingh/Library/Developer/Xcode/DerivedData/Chatlio-erkyzdeecsohoaggpwbjdvavzqfv/Build/Intermediates.noindex/PostHog.build/Debug-iphonesimulator/phlibwebp.build/Objects-normal/x86_64/yuv_neon.dia -c /Users/aadityasingh/Library/Developer/Xcode/DerivedData/Chatlio-erkyzdeecsohoaggpwbjdvavzqfv/SourcePackages/checkouts/posthog-ios/vendor/libwebp/yuv_neon.c -o /Users/aadityasingh/Library/Developer/Xcode/DerivedData/Chatlio-erkyzdeecsohoaggpwbjdvavzqfv/Build/Intermediates.noindex/PostHog.build/Debug-iphonesimulator/phlibwebp.build/Objects-normal/x86_64/yuv_neon.o -index-unit-output-path /PostHog.build/Debug-iphonesimulator/phlibwebp.build/Objects-normal/x86_64/yuv_neon.o

CompileC /Users/aadityasingh/Library/Developer/Xcode/DerivedData/Chatlio-erkyzdeecsohoaggpwbjdvavzqfv/Build/Intermediates.noindex/PostHog.build/Debug-iphonesimulator/phlibwebp.build/Objects-normal/x86_64/yuv.o /Users/aadityasingh/Library/Developer/Xcode/DerivedData/Chatlio-erkyzdeecsohoaggpwbjdvavzqfv/SourcePackages/checkouts/posthog-ios/vendor/libwebp/yuv.c normal x86_64 c com.apple.compilers.llvm.clang.1_0.compiler (in target 'phlibwebp' from project 'PostHog')
    cd /Users/aadityasingh/Documents/Development/element-x-ios/Chatlio.xcodeproj
    
    Using response file: /Users/aadityasingh/Library/Developer/Xcode/DerivedData/Chatlio-erkyzdeecsohoaggpwbjdvavzqfv/Build/Intermediates.noindex/PostHog.build/Debug-iphonesimulator/phlibwebp.build/Objects-normal/x86_64/7187679823f38a2a940e0043cdf9d637-common-args.resp
    
    /Applications/Xcode.app/Contents/Developer/Toolchains/XcodeDefault.xctoolchain/usr/bin/clang -x c -ivfsstatcache /Users/aadityasingh/Library/Developer/Xcode/DerivedData/SDKStatCaches.noindex/iphonesimulator26.4-23E252-686eebb5dc1d8ecb277353a59184f4aa.sdkstatcache -target x86_64-apple-ios13.0-simulator -fmessage-length\=0 -fdiagnostics-show-note-include-stack -fmacro-backtrace-limit\=0 -fno-color-diagnostics -fmodules-prune-interval\=86400 -fmodules-prune-after\=345600 -fbuild-session-file\=/Users/aadityasingh/Library/Developer/Xcode/DerivedData/ModuleCache.noindex/Session.modulevalidation -fmodules-validate-once-per-build-session -Wnon-modular-include-in-framework-module -Werror\=non-modular-include-in-framework-module -Wno-trigraphs -Wno-missing-field-initializers -Wno-missing-prototypes -Wno-return-type -Wno-missing-braces -Wparentheses -Wswitch -Wno-unused-function -Wno-unused-label -Wno-unused-parameter -Wno-unused-variable -Wunused-value -Wno-empty-body -Wno-uninitialized -Wno-unknown-pragmas -w -Wno-shadow -Wno-four-char-constants -Wno-conversion -Wno-constant-conversion -Wno-int-conversion -Wno-bool-conversion -Wno-enum-conversion -Wno-float-conversion -Wno-non-literal-null-conversion -Wno-objc-literal-conversion -Wshorten-64-to-32 -Wpointer-sign -Wno-newline-eof -Wno-implicit-fallthrough -isysroot /Applications/Xcode.app/Contents/Developer/Platforms/iPhoneSimulator.platform/Developer/SDKs/iPhoneSimulator26.4.sdk -fstrict-aliasing -Wdeprecated-declarations -Wno-sign-conversion -Wno-infinite-recursion -Wno-comma -Wno-block-capture-autoreleasing -Wno-strict-prototypes -Wno-semicolon-before-method-body -index-store-path /Users/aadityasingh/Library/Developer/Xcode/DerivedData/Chatlio-erkyzdeecsohoaggpwbjdvavzqfv/Index.noindex/DataStore @/Users/aadityasingh/Library/Developer/Xcode/DerivedData/Chatlio-erkyzdeecsohoaggpwbjdvavzqfv/Build/Intermediates.noindex/PostHog.build/Debug-iphonesimulator/phlibwebp.build/Objects-normal/x86_64/7187679823f38a2a940e0043cdf9d637-common-args.resp -MMD -MT dependencies -MF /Users/aadityasingh/Library/Developer/Xcode/DerivedData/Chatlio-erkyzdeecsohoaggpwbjdvavzqfv/Build/Intermediates.noindex/PostHog.build/Debug-iphonesimulator/phlibwebp.build/Objects-normal/x86_64/yuv.d --serialize-diagnostics /Users/aadityasingh/Library/Developer/Xcode/DerivedData/Chatlio-erkyzdeecsohoaggpwbjdvavzqfv/Build/Intermediates.noindex/PostHog.build/Debug-iphonesimulator/phlibwebp.build/Objects-normal/x86_64/yuv.dia -c /Users/aadityasingh/Library/Developer/Xcode/DerivedData/Chatlio-erkyzdeecsohoaggpwbjdvavzqfv/SourcePackages/checkouts/posthog-ios/vendor/libwebp/yuv.c -o /Users/aadityasingh/Library/Developer/Xcode/DerivedData/Chatlio-erkyzdeecsohoaggpwbjdvavzqfv/Build/Intermediates.noindex/PostHog.build/Debug-iphonesimulator/phlibwebp.build/Objects-normal/x86_64/yuv.o -index-unit-output-path /PostHog.build/Debug-iphonesimulator/phlibwebp.build/Objects-normal/x86_64/yuv.o

CompileC /Users/aadityasingh/Library/Developer/Xcode/DerivedData/Chatlio-erkyzdeecsohoaggpwbjdvavzqfv/Build/Intermediates.noindex/PostHog.build/Debug-iphonesimulator/phlibwebp.build/Objects-normal/x86_64/webp_enc.o /Users/aadityasingh/Library/Developer/Xcode/DerivedData/Chatlio-erkyzdeecsohoaggpwbjdvavzqfv/SourcePackages/checkouts/posthog-ios/vendor/libwebp/webp_enc.c normal x86_64 c com.apple.compilers.llvm.clang.1_0.compiler (in target 'phlibwebp' from project 'PostHog')
    cd /Users/aadityasingh/Documents/Development/element-x-ios/Chatlio.xcodeproj
    
    Using response file: /Users/aadityasingh/Library/Developer/Xcode/DerivedData/Chatlio-erkyzdeecsohoaggpwbjdvavzqfv/Build/Intermediates.noindex/PostHog.build/Debug-iphonesimulator/phlibwebp.build/Objects-normal/x86_64/7187679823f38a2a940e0043cdf9d637-common-args.resp
    
    /Applications/Xcode.app/Contents/Developer/Toolchains/XcodeDefault.xctoolchain/usr/bin/clang -x c -ivfsstatcache /Users/aadityasingh/Library/Developer/Xcode/DerivedData/SDKStatCaches.noindex/iphonesimulator26.4-23E252-686eebb5dc1d8ecb277353a59184f4aa.sdkstatcache -target x86_64-apple-ios13.0-simulator -fmessage-length\=0 -fdiagnostics-show-note-include-stack -fmacro-backtrace-limit\=0 -fno-color-diagnostics -fmodules-prune-interval\=86400 -fmodules-prune-after\=345600 -fbuild-session-file\=/Users/aadityasingh/Library/Developer/Xcode/DerivedData/ModuleCache.noindex/Session.modulevalidation -fmodules-validate-once-per-build-session -Wnon-modular-include-in-framework-module -Werror\=non-modular-include-in-framework-module -Wno-trigraphs -Wno-missing-field-initializers -Wno-missing-prototypes -Wno-return-type -Wno-missing-braces -Wparentheses -Wswitch -Wno-unused-function -Wno-unused-label -Wno-unused-parameter -Wno-unused-variable -Wunused-value -Wno-empty-body -Wno-uninitialized -Wno-unknown-pragmas -w -Wno-shadow -Wno-four-char-constants -Wno-conversion -Wno-constant-conversion -Wno-int-conversion -Wno-bool-conversion -Wno-enum-conversion -Wno-float-conversion -Wno-non-literal-null-conversion -Wno-objc-literal-conversion -Wshorten-64-to-32 -Wpointer-sign -Wno-newline-eof -Wno-implicit-fallthrough -isysroot /Applications/Xcode.app/Contents/Developer/Platforms/iPhoneSimulator.platform/Developer/SDKs/iPhoneSimulator26.4.sdk -fstrict-aliasing -Wdeprecated-declarations -Wno-sign-conversion -Wno-infinite-recursion -Wno-comma -Wno-block-capture-autoreleasing -Wno-strict-prototypes -Wno-semicolon-before-method-body -index-store-path /Users/aadityasingh/Library/Developer/Xcode/DerivedData/Chatlio-erkyzdeecsohoaggpwbjdvavzqfv/Index.noindex/DataStore @/Users/aadityasingh/Library/Developer/Xcode/DerivedData/Chatlio-erkyzdeecsohoaggpwbjdvavzqfv/Build/Intermediates.noindex/PostHog.build/Debug-iphonesimulator/phlibwebp.build/Objects-normal/x86_64/7187679823f38a2a940e0043cdf9d637-common-args.resp -MMD -MT dependencies -MF /Users/aadityasingh/Library/Developer/Xcode/DerivedData/Chatlio-erkyzdeecsohoaggpwbjdvavzqfv/Build/Intermediates.noindex/PostHog.build/Debug-iphonesimulator/phlibwebp.build/Objects-normal/x86_64/webp_enc.d --serialize-diagnostics /Users/aadityasingh/Library/Developer/Xcode/DerivedData/Chatlio-erkyzdeecsohoaggpwbjdvavzqfv/Build/Intermediates.noindex/PostHog.build/Debug-iphonesimulator/phlibwebp.build/Objects-normal/x86_64/webp_enc.dia -c /Users/aadityasingh/Library/Developer/Xcode/DerivedData/Chatlio-erkyzdeecsohoaggpwbjdvavzqfv/SourcePackages/checkouts/posthog-ios/vendor/libwebp/webp_enc.c -o /Users/aadityasingh/Library/Developer/Xcode/DerivedData/Chatlio-erkyzdeecsohoaggpwbjdvavzqfv/Build/Intermediates.noindex/PostHog.build/Debug-iphonesimulator/phlibwebp.build/Objects-normal/x86_64/webp_enc.o -index-unit-output-path /PostHog.build/Debug-iphonesimulator/phlibwebp.build/Objects-normal/x86_64/webp_enc.o

CompileC /Users/aadityasingh/Library/Developer/Xcode/DerivedData/Chatlio-erkyzdeecsohoaggpwbjdvavzqfv/Build/Intermediates.noindex/PostHog.build/Debug-iphonesimulator/phlibwebp.build/Objects-normal/x86_64/vp8l_enc.o /Users/aadityasingh/Library/Developer/Xcode/DerivedData/Chatlio-erkyzdeecsohoaggpwbjdvavzqfv/SourcePackages/checkouts/posthog-ios/vendor/libwebp/vp8l_enc.c normal x86_64 c com.apple.compilers.llvm.clang.1_0.compiler (in target 'phlibwebp' from project 'PostHog')
    cd /Users/aadityasingh/Documents/Development/element-x-ios/Chatlio.xcodeproj
    
    Using response file: /Users/aadityasingh/Library/Developer/Xcode/DerivedData/Chatlio-erkyzdeecsohoaggpwbjdvavzqfv/Build/Intermediates.noindex/PostHog.build/Debug-iphonesimulator/phlibwebp.build/Objects-normal/x86_64/7187679823f38a2a940e0043cdf9d637-common-args.resp
    
    /Applications/Xcode.app/Contents/Developer/Toolchains/XcodeDefault.xctoolchain/usr/bin/clang -x c -ivfsstatcache /Users/aadityasingh/Library/Developer/Xcode/DerivedData/SDKStatCaches.noindex/iphonesimulator26.4-23E252-686eebb5dc1d8ecb277353a59184f4aa.sdkstatcache -target x86_64-apple-ios13.0-simulator -fmessage-length\=0 -fdiagnostics-show-note-include-stack -fmacro-backtrace-limit\=0 -fno-color-diagnostics -fmodules-prune-interval\=86400 -fmodules-prune-after\=345600 -fbuild-session-file\=/Users/aadityasingh/Library/Developer/Xcode/DerivedData/ModuleCache.noindex/Session.modulevalidation -fmodules-validate-once-per-build-session -Wnon-modular-include-in-framework-module -Werror\=non-modular-include-in-framework-module -Wno-trigraphs -Wno-missing-field-initializers -Wno-missing-prototypes -Wno-return-type -Wno-missing-braces -Wparentheses -Wswitch -Wno-unused-function -Wno-unused-label -Wno-unused-parameter -Wno-unused-variable -Wunused-value -Wno-empty-body -Wno-uninitialized -Wno-unknown-pragmas -w -Wno-shadow -Wno-four-char-constants -Wno-conversion -Wno-constant-conversion -Wno-int-conversion -Wno-bool-conversion -Wno-enum-conversion -Wno-float-conversion -Wno-non-literal-null-conversion -Wno-objc-literal-conversion -Wshorten-64-to-32 -Wpointer-sign -Wno-newline-eof -Wno-implicit-fallthrough -isysroot /Applications/Xcode.app/Contents/Developer/Platforms/iPhoneSimulator.platform/Developer/SDKs/iPhoneSimulator26.4.sdk -fstrict-aliasing -Wdeprecated-declarations -Wno-sign-conversion -Wno-infinite-recursion -Wno-comma -Wno-block-capture-autoreleasing -Wno-strict-prototypes -Wno-semicolon-before-method-body -index-store-path /Users/aadityasingh/Library/Developer/Xcode/DerivedData/Chatlio-erkyzdeecsohoaggpwbjdvavzqfv/Index.noindex/DataStore @/Users/aadityasingh/Library/Developer/Xcode/DerivedData/Chatlio-erkyzdeecsohoaggpwbjdvavzqfv/Build/Intermediates.noindex/PostHog.build/Debug-iphonesimulator/phlibwebp.build/Objects-normal/x86_64/7187679823f38a2a940e0043cdf9d637-common-args.resp -MMD -MT dependencies -MF /Users/aadityasingh/Library/Developer/Xcode/DerivedData/Chatlio-erkyzdeecsohoaggpwbjdvavzqfv/Build/Intermediates.noindex/PostHog.build/Debug-iphonesimulator/phlibwebp.build/Objects-normal/x86_64/vp8l_enc.d --serialize-diagnostics /Users/aadityasingh/Library/Developer/Xcode/DerivedData/Chatlio-erkyzdeecsohoaggpwbjdvavzqfv/Build/Intermediates.noindex/PostHog.build/Debug-iphonesimulator/phlibwebp.build/Objects-normal/x86_64/vp8l_enc.dia -c /Users/aadityasingh/Library/Developer/Xcode/DerivedData/Chatlio-erkyzdeecsohoaggpwbjdvavzqfv/SourcePackages/checkouts/posthog-ios/vendor/libwebp/vp8l_enc.c -o /Users/aadityasingh/Library/Developer/Xcode/DerivedData/Chatlio-erkyzdeecsohoaggpwbjdvavzqfv/Build/Intermediates.noindex/PostHog.build/Debug-iphonesimulator/phlibwebp.build/Objects-normal/x86_64/vp8l_enc.o -index-unit-output-path /PostHog.build/Debug-iphonesimulator/phlibwebp.build/Objects-normal/x86_64/vp8l_enc.o

CompileC /Users/aadityasingh/Library/Developer/Xcode/DerivedData/Chatlio-erkyzdeecsohoaggpwbjdvavzqfv/Build/Intermediates.noindex/PostHog.build/Debug-iphonesimulator/phlibwebp.build/Objects-normal/x86_64/utils.o /Users/aadityasingh/Library/Developer/Xcode/DerivedData/Chatlio-erkyzdeecsohoaggpwbjdvavzqfv/SourcePackages/checkouts/posthog-ios/vendor/libwebp/utils.c normal x86_64 c com.apple.compilers.llvm.clang.1_0.compiler (in target 'phlibwebp' from project 'PostHog')
    cd /Users/aadityasingh/Documents/Development/element-x-ios/Chatlio.xcodeproj
    
    Using response file: /Users/aadityasingh/Library/Developer/Xcode/DerivedData/Chatlio-erkyzdeecsohoaggpwbjdvavzqfv/Build/Intermediates.noindex/PostHog.build/Debug-iphonesimulator/phlibwebp.build/Objects-normal/x86_64/7187679823f38a2a940e0043cdf9d637-common-args.resp
    
    /Applications/Xcode.app/Contents/Developer/Toolchains/XcodeDefault.xctoolchain/usr/bin/clang -x c -ivfsstatcache /Users/aadityasingh/Library/Developer/Xcode/DerivedData/SDKStatCaches.noindex/iphonesimulator26.4-23E252-686eebb5dc1d8ecb277353a59184f4aa.sdkstatcache -target x86_64-apple-ios13.0-simulator -fmessage-length\=0 -fdiagnostics-show-note-include-stack -fmacro-backtrace-limit\=0 -fno-color-diagnostics -fmodules-prune-interval\=86400 -fmodules-prune-after\=345600 -fbuild-session-file\=/Users/aadityasingh/Library/Developer/Xcode/DerivedData/ModuleCache.noindex/Session.modulevalidation -fmodules-validate-once-per-build-session -Wnon-modular-include-in-framework-module -Werror\=non-modular-include-in-framework-module -Wno-trigraphs -Wno-missing-field-initializers -Wno-missing-prototypes -Wno-return-type -Wno-missing-braces -Wparentheses -Wswitch -Wno-unused-function -Wno-unused-label -Wno-unused-parameter -Wno-unused-variable -Wunused-value -Wno-empty-body -Wno-uninitialized -Wno-unknown-pragmas -w -Wno-shadow -Wno-four-char-constants -Wno-conversion -Wno-constant-conversion -Wno-int-conversion -Wno-bool-conversion -Wno-enum-conversion -Wno-float-conversion -Wno-non-literal-null-conversion -Wno-objc-literal-conversion -Wshorten-64-to-32 -Wpointer-sign -Wno-newline-eof -Wno-implicit-fallthrough -isysroot /Applications/Xcode.app/Contents/Developer/Platforms/iPhoneSimulator.platform/Developer/SDKs/iPhoneSimulator26.4.sdk -fstrict-aliasing -Wdeprecated-declarations -Wno-sign-conversion -Wno-infinite-recursion -Wno-comma -Wno-block-capture-autoreleasing -Wno-strict-prototypes -Wno-semicolon-before-method-body -index-store-path /Users/aadityasingh/Library/Developer/Xcode/DerivedData/Chatlio-erkyzdeecsohoaggpwbjdvavzqfv/Index.noindex/DataStore @/Users/aadityasingh/Library/Developer/Xcode/DerivedData/Chatlio-erkyzdeecsohoaggpwbjdvavzqfv/Build/Intermediates.noindex/PostHog.build/Debug-iphonesimulator/phlibwebp.build/Objects-normal/x86_64/7187679823f38a2a940e0043cdf9d637-common-args.resp -MMD -MT dependencies -MF /Users/aadityasingh/Library/Developer/Xcode/DerivedData/Chatlio-erkyzdeecsohoaggpwbjdvavzqfv/Build/Intermediates.noindex/PostHog.build/Debug-iphonesimulator/phlibwebp.build/Objects-normal/x86_64/utils.d --serialize-diagnostics /Users/aadityasingh/Library/Developer/Xcode/DerivedData/Chatlio-erkyzdeecsohoaggpwbjdvavzqfv/Build/Intermediates.noindex/PostHog.build/Debug-iphonesimulator/phlibwebp.build/Objects-normal/x86_64/utils.dia -c /Users/aadityasingh/Library/Developer/Xcode/DerivedData/Chatlio-erkyzdeecsohoaggpwbjdvavzqfv/SourcePackages/checkouts/posthog-ios/vendor/libwebp/utils.c -o /Users/aadityasingh/Library/Developer/Xcode/DerivedData/Chatlio-erkyzdeecsohoaggpwbjdvavzqfv/Build/Intermediates.noindex/PostHog.build/Debug-iphonesimulator/phlibwebp.build/Objects-normal/x86_64/utils.o -index-unit-output-path /PostHog.build/Debug-iphonesimulator/phlibwebp.build/Objects-normal/x86_64/utils.o

CompileC /Users/aadityasingh/Library/Developer/Xcode/DerivedData/Chatlio-erkyzdeecsohoaggpwbjdvavzqfv/Build/Intermediates.noindex/PostHog.build/Debug-iphonesimulator/phlibwebp.build/Objects-normal/x86_64/upsampling_sse41.o /Users/aadityasingh/Library/Developer/Xcode/DerivedData/Chatlio-erkyzdeecsohoaggpwbjdvavzqfv/SourcePackages/checkouts/posthog-ios/vendor/libwebp/upsampling_sse41.c normal x86_64 c com.apple.compilers.llvm.clang.1_0.compiler (in target 'phlibwebp' from project 'PostHog')
    cd /Users/aadityasingh/Documents/Development/element-x-ios/Chatlio.xcodeproj
    
    Using response file: /Users/aadityasingh/Library/Developer/Xcode/DerivedData/Chatlio-erkyzdeecsohoaggpwbjdvavzqfv/Build/Intermediates.noindex/PostHog.build/Debug-iphonesimulator/phlibwebp.build/Objects-normal/x86_64/7187679823f38a2a940e0043cdf9d637-common-args.resp
    
    /Applications/Xcode.app/Contents/Developer/Toolchains/XcodeDefault.xctoolchain/usr/bin/clang -x c -ivfsstatcache /Users/aadityasingh/Library/Developer/Xcode/DerivedData/SDKStatCaches.noindex/iphonesimulator26.4-23E252-686eebb5dc1d8ecb277353a59184f4aa.sdkstatcache -target x86_64-apple-ios13.0-simulator -fmessage-length\=0 -fdiagnostics-show-note-include-stack -fmacro-backtrace-limit\=0 -fno-color-diagnostics -fmodules-prune-interval\=86400 -fmodules-prune-after\=345600 -fbuild-session-file\=/Users/aadityasingh/Library/Developer/Xcode/DerivedData/ModuleCache.noindex/Session.modulevalidation -fmodules-validate-once-per-build-session -Wnon-modular-include-in-framework-module -Werror\=non-modular-include-in-framework-module -Wno-trigraphs -Wno-missing-field-initializers -Wno-missing-prototypes -Wno-return-type -Wno-missing-braces -Wparentheses -Wswitch -Wno-unused-function -Wno-unused-label -Wno-unused-parameter -Wno-unused-variable -Wunused-value -Wno-empty-body -Wno-uninitialized -Wno-unknown-pragmas -w -Wno-shadow -Wno-four-char-constants -Wno-conversion -Wno-constant-conversion -Wno-int-conversion -Wno-bool-conversion -Wno-enum-conversion -Wno-float-conversion -Wno-non-literal-null-conversion -Wno-objc-literal-conversion -Wshorten-64-to-32 -Wpointer-sign -Wno-newline-eof -Wno-implicit-fallthrough -isysroot /Applications/Xcode.app/Contents/Developer/Platforms/iPhoneSimulator.platform/Developer/SDKs/iPhoneSimulator26.4.sdk -fstrict-aliasing -Wdeprecated-declarations -Wno-sign-conversion -Wno-infinite-recursion -Wno-comma -Wno-block-capture-autoreleasing -Wno-strict-prototypes -Wno-semicolon-before-method-body -index-store-path /Users/aadityasingh/Library/Developer/Xcode/DerivedData/Chatlio-erkyzdeecsohoaggpwbjdvavzqfv/Index.noindex/DataStore @/Users/aadityasingh/Library/Developer/Xcode/DerivedData/Chatlio-erkyzdeecsohoaggpwbjdvavzqfv/Build/Intermediates.noindex/PostHog.build/Debug-iphonesimulator/phlibwebp.build/Objects-normal/x86_64/7187679823f38a2a940e0043cdf9d637-common-args.resp -MMD -MT dependencies -MF /Users/aadityasingh/Library/Developer/Xcode/DerivedData/Chatlio-erkyzdeecsohoaggpwbjdvavzqfv/Build/Intermediates.noindex/PostHog.build/Debug-iphonesimulator/phlibwebp.build/Objects-normal/x86_64/upsampling_sse41.d --serialize-diagnostics /Users/aadityasingh/Library/Developer/Xcode/DerivedData/Chatlio-erkyzdeecsohoaggpwbjdvavzqfv/Build/Intermediates.noindex/PostHog.build/Debug-iphonesimulator/phlibwebp.build/Objects-normal/x86_64/upsampling_sse41.dia -c /Users/aadityasingh/Library/Developer/Xcode/DerivedData/Chatlio-erkyzdeecsohoaggpwbjdvavzqfv/SourcePackages/checkouts/posthog-ios/vendor/libwebp/upsampling_sse41.c -o /Users/aadityasingh/Library/Developer/Xcode/DerivedData/Chatlio-erkyzdeecsohoaggpwbjdvavzqfv/Build/Intermediates.noindex/PostHog.build/Debug-iphonesimulator/phlibwebp.build/Objects-normal/x86_64/upsampling_sse41.o -index-unit-output-path /PostHog.build/Debug-iphonesimulator/phlibwebp.build/Objects-normal/x86_64/upsampling_sse41.o

CompileC /Users/aadityasingh/Library/Developer/Xcode/DerivedData/Chatlio-erkyzdeecsohoaggpwbjdvavzqfv/Build/Intermediates.noindex/PostHog.build/Debug-iphonesimulator/phlibwebp.build/Objects-normal/x86_64/upsampling_neon.o /Users/aadityasingh/Library/Developer/Xcode/DerivedData/Chatlio-erkyzdeecsohoaggpwbjdvavzqfv/SourcePackages/checkouts/posthog-ios/vendor/libwebp/upsampling_neon.c normal x86_64 c com.apple.compilers.llvm.clang.1_0.compiler (in target 'phlibwebp' from project 'PostHog')
    cd /Users/aadityasingh/Documents/Development/element-x-ios/Chatlio.xcodeproj
    
    Using response file: /Users/aadityasingh/Library/Developer/Xcode/DerivedData/Chatlio-erkyzdeecsohoaggpwbjdvavzqfv/Build/Intermediates.noindex/PostHog.build/Debug-iphonesimulator/phlibwebp.build/Objects-normal/x86_64/7187679823f38a2a940e0043cdf9d637-common-args.resp
    
    /Applications/Xcode.app/Contents/Developer/Toolchains/XcodeDefault.xctoolchain/usr/bin/clang -x c -ivfsstatcache /Users/aadityasingh/Library/Developer/Xcode/DerivedData/SDKStatCaches.noindex/iphonesimulator26.4-23E252-686eebb5dc1d8ecb277353a59184f4aa.sdkstatcache -target x86_64-apple-ios13.0-simulator -fmessage-length\=0 -fdiagnostics-show-note-include-stack -fmacro-backtrace-limit\=0 -fno-color-diagnostics -fmodules-prune-interval\=86400 -fmodules-prune-after\=345600 -fbuild-session-file\=/Users/aadityasingh/Library/Developer/Xcode/DerivedData/ModuleCache.noindex/Session.modulevalidation -fmodules-validate-once-per-build-session -Wnon-modular-include-in-framework-module -Werror\=non-modular-include-in-framework-module -Wno-trigraphs -Wno-missing-field-initializers -Wno-missing-prototypes -Wno-return-type -Wno-missing-braces -Wparentheses -Wswitch -Wno-unused-function -Wno-unused-label -Wno-unused-parameter -Wno-unused-variable -Wunused-value -Wno-empty-body -Wno-uninitialized -Wno-unknown-pragmas -w -Wno-shadow -Wno-four-char-constants -Wno-conversion -Wno-constant-conversion -Wno-int-conversion -Wno-bool-conversion -Wno-enum-conversion -Wno-float-conversion -Wno-non-literal-null-conversion -Wno-objc-literal-conversion -Wshorten-64-to-32 -Wpointer-sign -Wno-newline-eof -Wno-implicit-fallthrough -isysroot /Applications/Xcode.app/Contents/Developer/Platforms/iPhoneSimulator.platform/Developer/SDKs/iPhoneSimulator26.4.sdk -fstrict-aliasing -Wdeprecated-declarations -Wno-sign-conversion -Wno-infinite-recursion -Wno-comma -Wno-block-capture-autoreleasing -Wno-strict-prototypes -Wno-semicolon-before-method-body -index-store-path /Users/aadityasingh/Library/Developer/Xcode/DerivedData/Chatlio-erkyzdeecsohoaggpwbjdvavzqfv/Index.noindex/DataStore @/Users/aadityasingh/Library/Developer/Xcode/DerivedData/Chatlio-erkyzdeecsohoaggpwbjdvavzqfv/Build/Intermediates.noindex/PostHog.build/Debug-iphonesimulator/phlibwebp.build/Objects-normal/x86_64/7187679823f38a2a940e0043cdf9d637-common-args.resp -MMD -MT dependencies -MF /Users/aadityasingh/Library/Developer/Xcode/DerivedData/Chatlio-erkyzdeecsohoaggpwbjdvavzqfv/Build/Intermediates.noindex/PostHog.build/Debug-iphonesimulator/phlibwebp.build/Objects-normal/x86_64/upsampling_neon.d --serialize-diagnostics /Users/aadityasingh/Library/Developer/Xcode/DerivedData/Chatlio-erkyzdeecsohoaggpwbjdvavzqfv/Build/Intermediates.noindex/PostHog.build/Debug-iphonesimulator/phlibwebp.build/Objects-normal/x86_64/upsampling_neon.dia -c /Users/aadityasingh/Library/Developer/Xcode/DerivedData/Chatlio-erkyzdeecsohoaggpwbjdvavzqfv/SourcePackages/checkouts/posthog-ios/vendor/libwebp/upsampling_neon.c -o /Users/aadityasingh/Library/Developer/Xcode/DerivedData/Chatlio-erkyzdeecsohoaggpwbjdvavzqfv/Build/Intermediates.noindex/PostHog.build/Debug-iphonesimulator/phlibwebp.build/Objects-normal/x86_64/upsampling_neon.o -index-unit-output-path /PostHog.build/Debug-iphonesimulator/phlibwebp.build/Objects-normal/x86_64/upsampling_neon.o

CompileC /Users/aadityasingh/Library/Developer/Xcode/DerivedData/Chatlio-erkyzdeecsohoaggpwbjdvavzqfv/Build/Intermediates.noindex/PostHog.build/Debug-iphonesimulator/phlibwebp.build/Objects-normal/x86_64/upsampling.o /Users/aadityasingh/Library/Developer/Xcode/DerivedData/Chatlio-erkyzdeecsohoaggpwbjdvavzqfv/SourcePackages/checkouts/posthog-ios/vendor/libwebp/upsampling.c normal x86_64 c com.apple.compilers.llvm.clang.1_0.compiler (in target 'phlibwebp' from project 'PostHog')
    cd /Users/aadityasingh/Documents/Development/element-x-ios/Chatlio.xcodeproj
    
    Using response file: /Users/aadityasingh/Library/Developer/Xcode/DerivedData/Chatlio-erkyzdeecsohoaggpwbjdvavzqfv/Build/Intermediates.noindex/PostHog.build/Debug-iphonesimulator/phlibwebp.build/Objects-normal/x86_64/7187679823f38a2a940e0043cdf9d637-common-args.resp
    
    /Applications/Xcode.app/Contents/Developer/Toolchains/XcodeDefault.xctoolchain/usr/bin/clang -x c -ivfsstatcache /Users/aadityasingh/Library/Developer/Xcode/DerivedData/SDKStatCaches.noindex/iphonesimulator26.4-23E252-686eebb5dc1d8ecb277353a59184f4aa.sdkstatcache -target x86_64-apple-ios13.0-simulator -fmessage-length\=0 -fdiagnostics-show-note-include-stack -fmacro-backtrace-limit\=0 -fno-color-diagnostics -fmodules-prune-interval\=86400 -fmodules-prune-after\=345600 -fbuild-session-file\=/Users/aadityasingh/Library/Developer/Xcode/DerivedData/ModuleCache.noindex/Session.modulevalidation -fmodules-validate-once-per-build-session -Wnon-modular-include-in-framework-module -Werror\=non-modular-include-in-framework-module -Wno-trigraphs -Wno-missing-field-initializers -Wno-missing-prototypes -Wno-return-type -Wno-missing-braces -Wparentheses -Wswitch -Wno-unused-function -Wno-unused-label -Wno-unused-parameter -Wno-unused-variable -Wunused-value -Wno-empty-body -Wno-uninitialized -Wno-unknown-pragmas -w -Wno-shadow -Wno-four-char-constants -Wno-conversion -Wno-constant-conversion -Wno-int-conversion -Wno-bool-conversion -Wno-enum-conversion -Wno-float-conversion -Wno-non-literal-null-conversion -Wno-objc-literal-conversion -Wshorten-64-to-32 -Wpointer-sign -Wno-newline-eof -Wno-implicit-fallthrough -isysroot /Applications/Xcode.app/Contents/Developer/Platforms/iPhoneSimulator.platform/Developer/SDKs/iPhoneSimulator26.4.sdk -fstrict-aliasing -Wdeprecated-declarations -Wno-sign-conversion -Wno-infinite-recursion -Wno-comma -Wno-block-capture-autoreleasing -Wno-strict-prototypes -Wno-semicolon-before-method-body -index-store-path /Users/aadityasingh/Library/Developer/Xcode/DerivedData/Chatlio-erkyzdeecsohoaggpwbjdvavzqfv/Index.noindex/DataStore @/Users/aadityasingh/Library/Developer/Xcode/DerivedData/Chatlio-erkyzdeecsohoaggpwbjdvavzqfv/Build/Intermediates.noindex/PostHog.build/Debug-iphonesimulator/phlibwebp.build/Objects-normal/x86_64/7187679823f38a2a940e0043cdf9d637-common-args.resp -MMD -MT dependencies -MF /Users/aadityasingh/Library/Developer/Xcode/DerivedData/Chatlio-erkyzdeecsohoaggpwbjdvavzqfv/Build/Intermediates.noindex/PostHog.build/Debug-iphonesimulator/phlibwebp.build/Objects-normal/x86_64/upsampling.d --serialize-diagnostics /Users/aadityasingh/Library/Developer/Xcode/DerivedData/Chatlio-erkyzdeecsohoaggpwbjdvavzqfv/Build/Intermediates.noindex/PostHog.build/Debug-iphonesimulator/phlibwebp.build/Objects-normal/x86_64/upsampling.dia -c /Users/aadityasingh/Library/Developer/Xcode/DerivedData/Chatlio-erkyzdeecsohoaggpwbjdvavzqfv/SourcePackages/checkouts/posthog-ios/vendor/libwebp/upsampling.c -o /Users/aadityasingh/Library/Developer/Xcode/DerivedData/Chatlio-erkyzdeecsohoaggpwbjdvavzqfv/Build/Intermediates.noindex/PostHog.build/Debug-iphonesimulator/phlibwebp.build/Objects-normal/x86_64/upsampling.o -index-unit-output-path /PostHog.build/Debug-iphonesimulator/phlibwebp.build/Objects-normal/x86_64/upsampling.o

CompileC /Users/aadityasingh/Library/Developer/Xcode/DerivedData/Chatlio-erkyzdeecsohoaggpwbjdvavzqfv/Build/Intermediates.noindex/PostHog.build/Debug-iphonesimulator/phlibwebp.build/Objects-normal/x86_64/tree_enc.o /Users/aadityasingh/Library/Developer/Xcode/DerivedData/Chatlio-erkyzdeecsohoaggpwbjdvavzqfv/SourcePackages/checkouts/posthog-ios/vendor/libwebp/tree_enc.c normal x86_64 c com.apple.compilers.llvm.clang.1_0.compiler (in target 'phlibwebp' from project 'PostHog')
    cd /Users/aadityasingh/Documents/Development/element-x-ios/Chatlio.xcodeproj
    
    Using response file: /Users/aadityasingh/Library/Developer/Xcode/DerivedData/Chatlio-erkyzdeecsohoaggpwbjdvavzqfv/Build/Intermediates.noindex/PostHog.build/Debug-iphonesimulator/phlibwebp.build/Objects-normal/x86_64/7187679823f38a2a940e0043cdf9d637-common-args.resp
    
    /Applications/Xcode.app/Contents/Developer/Toolchains/XcodeDefault.xctoolchain/usr/bin/clang -x c -ivfsstatcache /Users/aadityasingh/Library/Developer/Xcode/DerivedData/SDKStatCaches.noindex/iphonesimulator26.4-23E252-686eebb5dc1d8ecb277353a59184f4aa.sdkstatcache -target x86_64-apple-ios13.0-simulator -fmessage-length\=0 -fdiagnostics-show-note-include-stack -fmacro-backtrace-limit\=0 -fno-color-diagnostics -fmodules-prune-interval\=86400 -fmodules-prune-after\=345600 -fbuild-session-file\=/Users/aadityasingh/Library/Developer/Xcode/DerivedData/ModuleCache.noindex/Session.modulevalidation -fmodules-validate-once-per-build-session -Wnon-modular-include-in-framework-module -Werror\=non-modular-include-in-framework-module -Wno-trigraphs -Wno-missing-field-initializers -Wno-missing-prototypes -Wno-return-type -Wno-missing-braces -Wparentheses -Wswitch -Wno-unused-function -Wno-unused-label -Wno-unused-parameter -Wno-unused-variable -Wunused-value -Wno-empty-body -Wno-uninitialized -Wno-unknown-pragmas -w -Wno-shadow -Wno-four-char-constants -Wno-conversion -Wno-constant-conversion -Wno-int-conversion -Wno-bool-conversion -Wno-enum-conversion -Wno-float-conversion -Wno-non-literal-null-conversion -Wno-objc-literal-conversion -Wshorten-64-to-32 -Wpointer-sign -Wno-newline-eof -Wno-implicit-fallthrough -isysroot /Applications/Xcode.app/Contents/Developer/Platforms/iPhoneSimulator.platform/Developer/SDKs/iPhoneSimulator26.4.sdk -fstrict-aliasing -Wdeprecated-declarations -Wno-sign-conversion -Wno-infinite-recursion -Wno-comma -Wno-block-capture-autoreleasing -Wno-strict-prototypes -Wno-semicolon-before-method-body -index-store-path /Users/aadityasingh/Library/Developer/Xcode/DerivedData/Chatlio-erkyzdeecsohoaggpwbjdvavzqfv/Index.noindex/DataStore @/Users/aadityasingh/Library/Developer/Xcode/DerivedData/Chatlio-erkyzdeecsohoaggpwbjdvavzqfv/Build/Intermediates.noindex/PostHog.build/Debug-iphonesimulator/phlibwebp.build/Objects-normal/x86_64/7187679823f38a2a940e0043cdf9d637-common-args.resp -MMD -MT dependencies -MF /Users/aadityasingh/Library/Developer/Xcode/DerivedData/Chatlio-erkyzdeecsohoaggpwbjdvavzqfv/Build/Intermediates.noindex/PostHog.build/Debug-iphonesimulator/phlibwebp.build/Objects-normal/x86_64/tree_enc.d --serialize-diagnostics /Users/aadityasingh/Library/Developer/Xcode/DerivedData/Chatlio-erkyzdeecsohoaggpwbjdvavzqfv/Build/Intermediates.noindex/PostHog.build/Debug-iphonesimulator/phlibwebp.build/Objects-normal/x86_64/tree_enc.dia -c /Users/aadityasingh/Library/Developer/Xcode/DerivedData/Chatlio-erkyzdeecsohoaggpwbjdvavzqfv/SourcePackages/checkouts/posthog-ios/vendor/libwebp/tree_enc.c -o /Users/aadityasingh/Library/Developer/Xcode/DerivedData/Chatlio-erkyzdeecsohoaggpwbjdvavzqfv/Build/Intermediates.noindex/PostHog.build/Debug-iphonesimulator/phlibwebp.build/Objects-normal/x86_64/tree_enc.o -index-unit-output-path /PostHog.build/Debug-iphonesimulator/phlibwebp.build/Objects-normal/x86_64/tree_enc.o

CompileC /Users/aadityasingh/Library/Developer/Xcode/DerivedData/Chatlio-erkyzdeecsohoaggpwbjdvavzqfv/Build/Intermediates.noindex/PostHog.build/Debug-iphonesimulator/phlibwebp.build/Objects-normal/x86_64/token_enc.o /Users/aadityasingh/Library/Developer/Xcode/DerivedData/Chatlio-erkyzdeecsohoaggpwbjdvavzqfv/SourcePackages/checkouts/posthog-ios/vendor/libwebp/token_enc.c normal x86_64 c com.apple.compilers.llvm.clang.1_0.compiler (in target 'phlibwebp' from project 'PostHog')
    cd /Users/aadityasingh/Documents/Development/element-x-ios/Chatlio.xcodeproj
    
    Using response file: /Users/aadityasingh/Library/Developer/Xcode/DerivedData/Chatlio-erkyzdeecsohoaggpwbjdvavzqfv/Build/Intermediates.noindex/PostHog.build/Debug-iphonesimulator/phlibwebp.build/Objects-normal/x86_64/7187679823f38a2a940e0043cdf9d637-common-args.resp
    
    /Applications/Xcode.app/Contents/Developer/Toolchains/XcodeDefault.xctoolchain/usr/bin/clang -x c -ivfsstatcache /Users/aadityasingh/Library/Developer/Xcode/DerivedData/SDKStatCaches.noindex/iphonesimulator26.4-23E252-686eebb5dc1d8ecb277353a59184f4aa.sdkstatcache -target x86_64-apple-ios13.0-simulator -fmessage-length\=0 -fdiagnostics-show-note-include-stack -fmacro-backtrace-limit\=0 -fno-color-diagnostics -fmodules-prune-interval\=86400 -fmodules-prune-after\=345600 -fbuild-session-file\=/Users/aadityasingh/Library/Developer/Xcode/DerivedData/ModuleCache.noindex/Session.modulevalidation -fmodules-validate-once-per-build-session -Wnon-modular-include-in-framework-module -Werror\=non-modular-include-in-framework-module -Wno-trigraphs -Wno-missing-field-initializers -Wno-missing-prototypes -Wno-return-type -Wno-missing-braces -Wparentheses -Wswitch -Wno-unused-function -Wno-unused-label -Wno-unused-parameter -Wno-unused-variable -Wunused-value -Wno-empty-body -Wno-uninitialized -Wno-unknown-pragmas -w -Wno-shadow -Wno-four-char-constants -Wno-conversion -Wno-constant-conversion -Wno-int-conversion -Wno-bool-conversion -Wno-enum-conversion -Wno-float-conversion -Wno-non-literal-null-conversion -Wno-objc-literal-conversion -Wshorten-64-to-32 -Wpointer-sign -Wno-newline-eof -Wno-implicit-fallthrough -isysroot /Applications/Xcode.app/Contents/Developer/Platforms/iPhoneSimulator.platform/Developer/SDKs/iPhoneSimulator26.4.sdk -fstrict-aliasing -Wdeprecated-declarations -Wno-sign-conversion -Wno-infinite-recursion -Wno-comma -Wno-block-capture-autoreleasing -Wno-strict-prototypes -Wno-semicolon-before-method-body -index-store-path /Users/aadityasingh/Library/Developer/Xcode/DerivedData/Chatlio-erkyzdeecsohoaggpwbjdvavzqfv/Index.noindex/DataStore @/Users/aadityasingh/Library/Developer/Xcode/DerivedData/Chatlio-erkyzdeecsohoaggpwbjdvavzqfv/Build/Intermediates.noindex/PostHog.build/Debug-iphonesimulator/phlibwebp.build/Objects-normal/x86_64/7187679823f38a2a940e0043cdf9d637-common-args.resp -MMD -MT dependencies -MF /Users/aadityasingh/Library/Developer/Xcode/DerivedData/Chatlio-erkyzdeecsohoaggpwbjdvavzqfv/Build/Intermediates.noindex/PostHog.build/Debug-iphonesimulator/phlibwebp.build/Objects-normal/x86_64/token_enc.d --serialize-diagnostics /Users/aadityasingh/Library/Developer/Xcode/DerivedData/Chatlio-erkyzdeecsohoaggpwbjdvavzqfv/Build/Intermediates.noindex/PostHog.build/Debug-iphonesimulator/phlibwebp.build/Objects-normal/x86_64/token_enc.dia -c /Users/aadityasingh/Library/Developer/Xcode/DerivedData/Chatlio-erkyzdeecsohoaggpwbjdvavzqfv/SourcePackages/checkouts/posthog-ios/vendor/libwebp/token_enc.c -o /Users/aadityasingh/Library/Developer/Xcode/DerivedData/Chatlio-erkyzdeecsohoaggpwbjdvavzqfv/Build/Intermediates.noindex/PostHog.build/Debug-iphonesimulator/phlibwebp.build/Objects-normal/x86_64/token_enc.o -index-unit-output-path /PostHog.build/Debug-iphonesimulator/phlibwebp.build/Objects-normal/x86_64/token_enc.o

CompileC /Users/aadityasingh/Library/Developer/Xcode/DerivedData/Chatlio-erkyzdeecsohoaggpwbjdvavzqfv/Build/Intermediates.noindex/PostHog.build/Debug-iphonesimulator/phlibwebp.build/Objects-normal/x86_64/thread_utils.o /Users/aadityasingh/Library/Developer/Xcode/DerivedData/Chatlio-erkyzdeecsohoaggpwbjdvavzqfv/SourcePackages/checkouts/posthog-ios/vendor/libwebp/thread_utils.c normal x86_64 c com.apple.compilers.llvm.clang.1_0.compiler (in target 'phlibwebp' from project 'PostHog')
    cd /Users/aadityasingh/Documents/Development/element-x-ios/Chatlio.xcodeproj
    
    Using response file: /Users/aadityasingh/Library/Developer/Xcode/DerivedData/Chatlio-erkyzdeecsohoaggpwbjdvavzqfv/Build/Intermediates.noindex/PostHog.build/Debug-iphonesimulator/phlibwebp.build/Objects-normal/x86_64/7187679823f38a2a940e0043cdf9d637-common-args.resp
    
    /Applications/Xcode.app/Contents/Developer/Toolchains/XcodeDefault.xctoolchain/usr/bin/clang -x c -ivfsstatcache /Users/aadityasingh/Library/Developer/Xcode/DerivedData/SDKStatCaches.noindex/iphonesimulator26.4-23E252-686eebb5dc1d8ecb277353a59184f4aa.sdkstatcache -target x86_64-apple-ios13.0-simulator -fmessage-length\=0 -fdiagnostics-show-note-include-stack -fmacro-backtrace-limit\=0 -fno-color-diagnostics -fmodules-prune-interval\=86400 -fmodules-prune-after\=345600 -fbuild-session-file\=/Users/aadityasingh/Library/Developer/Xcode/DerivedData/ModuleCache.noindex/Session.modulevalidation -fmodules-validate-once-per-build-session -Wnon-modular-include-in-framework-module -Werror\=non-modular-include-in-framework-module -Wno-trigraphs -Wno-missing-field-initializers -Wno-missing-prototypes -Wno-return-type -Wno-missing-braces -Wparentheses -Wswitch -Wno-unused-function -Wno-unused-label -Wno-unused-parameter -Wno-unused-variable -Wunused-value -Wno-empty-body -Wno-uninitialized -Wno-unknown-pragmas -w -Wno-shadow -Wno-four-char-constants -Wno-conversion -Wno-constant-conversion -Wno-int-conversion -Wno-bool-conversion -Wno-enum-conversion -Wno-float-conversion -Wno-non-literal-null-conversion -Wno-objc-literal-conversion -Wshorten-64-to-32 -Wpointer-sign -Wno-newline-eof -Wno-implicit-fallthrough -isysroot /Applications/Xcode.app/Contents/Developer/Platforms/iPhoneSimulator.platform/Developer/SDKs/iPhoneSimulator26.4.sdk -fstrict-aliasing -Wdeprecated-declarations -Wno-sign-conversion -Wno-infinite-recursion -Wno-comma -Wno-block-capture-autoreleasing -Wno-strict-prototypes -Wno-semicolon-before-method-body -index-store-path /Users/aadityasingh/Library/Developer/Xcode/DerivedData/Chatlio-erkyzdeecsohoaggpwbjdvavzqfv/Index.noindex/DataStore @/Users/aadityasingh/Library/Developer/Xcode/DerivedData/Chatlio-erkyzdeecsohoaggpwbjdvavzqfv/Build/Intermediates.noindex/PostHog.build/Debug-iphonesimulator/phlibwebp.build/Objects-normal/x86_64/7187679823f38a2a940e0043cdf9d637-common-args.resp -MMD -MT dependencies -MF /Users/aadityasingh/Library/Developer/Xcode/DerivedData/Chatlio-erkyzdeecsohoaggpwbjdvavzqfv/Build/Intermediates.noindex/PostHog.build/Debug-iphonesimulator/phlibwebp.build/Objects-normal/x86_64/thread_utils.d --serialize-diagnostics /Users/aadityasingh/Library/Developer/Xcode/DerivedData/Chatlio-erkyzdeecsohoaggpwbjdvavzqfv/Build/Intermediates.noindex/PostHog.build/Debug-iphonesimulator/phlibwebp.build/Objects-normal/x86_64/thread_utils.dia -c /Users/aadityasingh/Library/Developer/Xcode/DerivedData/Chatlio-erkyzdeecsohoaggpwbjdvavzqfv/SourcePackages/checkouts/posthog-ios/vendor/libwebp/thread_utils.c -o /Users/aadityasingh/Library/Developer/Xcode/DerivedData/Chatlio-erkyzdeecsohoaggpwbjdvavzqfv/Build/Intermediates.noindex/PostHog.build/Debug-iphonesimulator/phlibwebp.build/Objects-normal/x86_64/thread_utils.o -index-unit-output-path /PostHog.build/Debug-iphonesimulator/phlibwebp.build/Objects-normal/x86_64/thread_utils.o

CompileC /Users/aadityasingh/Library/Developer/Xcode/DerivedData/Chatlio-erkyzdeecsohoaggpwbjdvavzqfv/Build/Intermediates.noindex/PostHog.build/Debug-iphonesimulator/phlibwebp.build/Objects-normal/x86_64/syntax_enc.o /Users/aadityasingh/Library/Developer/Xcode/DerivedData/Chatlio-erkyzdeecsohoaggpwbjdvavzqfv/SourcePackages/checkouts/posthog-ios/vendor/libwebp/syntax_enc.c normal x86_64 c com.apple.compilers.llvm.clang.1_0.compiler (in target 'phlibwebp' from project 'PostHog')
    cd /Users/aadityasingh/Documents/Development/element-x-ios/Chatlio.xcodeproj
    
    Using response file: /Users/aadityasingh/Library/Developer/Xcode/DerivedData/Chatlio-erkyzdeecsohoaggpwbjdvavzqfv/Build/Intermediates.noindex/PostHog.build/Debug-iphonesimulator/phlibwebp.build/Objects-normal/x86_64/7187679823f38a2a940e0043cdf9d637-common-args.resp
    
    /Applications/Xcode.app/Contents/Developer/Toolchains/XcodeDefault.xctoolchain/usr/bin/clang -x c -ivfsstatcache /Users/aadityasingh/Library/Developer/Xcode/DerivedData/SDKStatCaches.noindex/iphonesimulator26.4-23E252-686eebb5dc1d8ecb277353a59184f4aa.sdkstatcache -target x86_64-apple-ios13.0-simulator -fmessage-length\=0 -fdiagnostics-show-note-include-stack -fmacro-backtrace-limit\=0 -fno-color-diagnostics -fmodules-prune-interval\=86400 -fmodules-prune-after\=345600 -fbuild-session-file\=/Users/aadityasingh/Library/Developer/Xcode/DerivedData/ModuleCache.noindex/Session.modulevalidation -fmodules-validate-once-per-build-session -Wnon-modular-include-in-framework-module -Werror\=non-modular-include-in-framework-module -Wno-trigraphs -Wno-missing-field-initializers -Wno-missing-prototypes -Wno-return-type -Wno-missing-braces -Wparentheses -Wswitch -Wno-unused-function -Wno-unused-label -Wno-unused-parameter -Wno-unused-variable -Wunused-value -Wno-empty-body -Wno-uninitialized -Wno-unknown-pragmas -w -Wno-shadow -Wno-four-char-constants -Wno-conversion -Wno-constant-conversion -Wno-int-conversion -Wno-bool-conversion -Wno-enum-conversion -Wno-float-conversion -Wno-non-literal-null-conversion -Wno-objc-literal-conversion -Wshorten-64-to-32 -Wpointer-sign -Wno-newline-eof -Wno-implicit-fallthrough -isysroot /Applications/Xcode.app/Contents/Developer/Platforms/iPhoneSimulator.platform/Developer/SDKs/iPhoneSimulator26.4.sdk -fstrict-aliasing -Wdeprecated-declarations -Wno-sign-conversion -Wno-infinite-recursion -Wno-comma -Wno-block-capture-autoreleasing -Wno-strict-prototypes -Wno-semicolon-before-method-body -index-store-path /Users/aadityasingh/Library/Developer/Xcode/DerivedData/Chatlio-erkyzdeecsohoaggpwbjdvavzqfv/Index.noindex/DataStore @/Users/aadityasingh/Library/Developer/Xcode/DerivedData/Chatlio-erkyzdeecsohoaggpwbjdvavzqfv/Build/Intermediates.noindex/PostHog.build/Debug-iphonesimulator/phlibwebp.build/Objects-normal/x86_64/7187679823f38a2a940e0043cdf9d637-common-args.resp -MMD -MT dependencies -MF /Users/aadityasingh/Library/Developer/Xcode/DerivedData/Chatlio-erkyzdeecsohoaggpwbjdvavzqfv/Build/Intermediates.noindex/PostHog.build/Debug-iphonesimulator/phlibwebp.build/Objects-normal/x86_64/syntax_enc.d --serialize-diagnostics /Users/aadityasingh/Library/Developer/Xcode/DerivedData/Chatlio-erkyzdeecsohoaggpwbjdvavzqfv/Build/Intermediates.noindex/PostHog.build/Debug-iphonesimulator/phlibwebp.build/Objects-normal/x86_64/syntax_enc.dia -c /Users/aadityasingh/Library/Developer/Xcode/DerivedData/Chatlio-erkyzdeecsohoaggpwbjdvavzqfv/SourcePackages/checkouts/posthog-ios/vendor/libwebp/syntax_enc.c -o /Users/aadityasingh/Library/Developer/Xcode/DerivedData/Chatlio-erkyzdeecsohoaggpwbjdvavzqfv/Build/Intermediates.noindex/PostHog.build/Debug-iphonesimulator/phlibwebp.build/Objects-normal/x86_64/syntax_enc.o -index-unit-output-path /PostHog.build/Debug-iphonesimulator/phlibwebp.build/Objects-normal/x86_64/syntax_enc.o

CompileC /Users/aadityasingh/Library/Developer/Xcode/DerivedData/Chatlio-erkyzdeecsohoaggpwbjdvavzqfv/Build/Intermediates.noindex/PostHog.build/Debug-iphonesimulator/phlibwebp.build/Objects-normal/x86_64/ssim.o /Users/aadityasingh/Library/Developer/Xcode/DerivedData/Chatlio-erkyzdeecsohoaggpwbjdvavzqfv/SourcePackages/checkouts/posthog-ios/vendor/libwebp/ssim.c normal x86_64 c com.apple.compilers.llvm.clang.1_0.compiler (in target 'phlibwebp' from project 'PostHog')
    cd /Users/aadityasingh/Documents/Development/element-x-ios/Chatlio.xcodeproj
    
    Using response file: /Users/aadityasingh/Library/Developer/Xcode/DerivedData/Chatlio-erkyzdeecsohoaggpwbjdvavzqfv/Build/Intermediates.noindex/PostHog.build/Debug-iphonesimulator/phlibwebp.build/Objects-normal/x86_64/7187679823f38a2a940e0043cdf9d637-common-args.resp
    
    /Applications/Xcode.app/Contents/Developer/Toolchains/XcodeDefault.xctoolchain/usr/bin/clang -x c -ivfsstatcache /Users/aadityasingh/Library/Developer/Xcode/DerivedData/SDKStatCaches.noindex/iphonesimulator26.4-23E252-686eebb5dc1d8ecb277353a59184f4aa.sdkstatcache -target x86_64-apple-ios13.0-simulator -fmessage-length\=0 -fdiagnostics-show-note-include-stack -fmacro-backtrace-limit\=0 -fno-color-diagnostics -fmodules-prune-interval\=86400 -fmodules-prune-after\=345600 -fbuild-session-file\=/Users/aadityasingh/Library/Developer/Xcode/DerivedData/ModuleCache.noindex/Session.modulevalidation -fmodules-validate-once-per-build-session -Wnon-modular-include-in-framework-module -Werror\=non-modular-include-in-framework-module -Wno-trigraphs -Wno-missing-field-initializers -Wno-missing-prototypes -Wno-return-type -Wno-missing-braces -Wparentheses -Wswitch -Wno-unused-function -Wno-unused-label -Wno-unused-parameter -Wno-unused-variable -Wunused-value -Wno-empty-body -Wno-uninitialized -Wno-unknown-pragmas -w -Wno-shadow -Wno-four-char-constants -Wno-conversion -Wno-constant-conversion -Wno-int-conversion -Wno-bool-conversion -Wno-enum-conversion -Wno-float-conversion -Wno-non-literal-null-conversion -Wno-objc-literal-conversion -Wshorten-64-to-32 -Wpointer-sign -Wno-newline-eof -Wno-implicit-fallthrough -isysroot /Applications/Xcode.app/Contents/Developer/Platforms/iPhoneSimulator.platform/Developer/SDKs/iPhoneSimulator26.4.sdk -fstrict-aliasing -Wdeprecated-declarations -Wno-sign-conversion -Wno-infinite-recursion -Wno-comma -Wno-block-capture-autoreleasing -Wno-strict-prototypes -Wno-semicolon-before-method-body -index-store-path /Users/aadityasingh/Library/Developer/Xcode/DerivedData/Chatlio-erkyzdeecsohoaggpwbjdvavzqfv/Index.noindex/DataStore @/Users/aadityasingh/Library/Developer/Xcode/DerivedData/Chatlio-erkyzdeecsohoaggpwbjdvavzqfv/Build/Intermediates.noindex/PostHog.build/Debug-iphonesimulator/phlibwebp.build/Objects-normal/x86_64/7187679823f38a2a940e0043cdf9d637-common-args.resp -MMD -MT dependencies -MF /Users/aadityasingh/Library/Developer/Xcode/DerivedData/Chatlio-erkyzdeecsohoaggpwbjdvavzqfv/Build/Intermediates.noindex/PostHog.build/Debug-iphonesimulator/phlibwebp.build/Objects-normal/x86_64/ssim.d --serialize-diagnostics /Users/aadityasingh/Library/Developer/Xcode/DerivedData/Chatlio-erkyzdeecsohoaggpwbjdvavzqfv/Build/Intermediates.noindex/PostHog.build/Debug-iphonesimulator/phlibwebp.build/Objects-normal/x86_64/ssim.dia -c /Users/aadityasingh/Library/Developer/Xcode/DerivedData/Chatlio-erkyzdeecsohoaggpwbjdvavzqfv/SourcePackages/checkouts/posthog-ios/vendor/libwebp/ssim.c -o /Users/aadityasingh/Library/Developer/Xcode/DerivedData/Chatlio-erkyzdeecsohoaggpwbjdvavzqfv/Build/Intermediates.noindex/PostHog.build/Debug-iphonesimulator/phlibwebp.build/Objects-normal/x86_64/ssim.o -index-unit-output-path /PostHog.build/Debug-iphonesimulator/phlibwebp.build/Objects-normal/x86_64/ssim.o

CompileC /Users/aadityasingh/Library/Developer/Xcode/DerivedData/Chatlio-erkyzdeecsohoaggpwbjdvavzqfv/Build/Intermediates.noindex/PostHog.build/Debug-iphonesimulator/phlibwebp.build/Objects-normal/x86_64/sharpyuv_neon.o /Users/aadityasingh/Library/Developer/Xcode/DerivedData/Chatlio-erkyzdeecsohoaggpwbjdvavzqfv/SourcePackages/checkouts/posthog-ios/vendor/libwebp/sharpyuv_neon.c normal x86_64 c com.apple.compilers.llvm.clang.1_0.compiler (in target 'phlibwebp' from project 'PostHog')
    cd /Users/aadityasingh/Documents/Development/element-x-ios/Chatlio.xcodeproj
    
    Using response file: /Users/aadityasingh/Library/Developer/Xcode/DerivedData/Chatlio-erkyzdeecsohoaggpwbjdvavzqfv/Build/Intermediates.noindex/PostHog.build/Debug-iphonesimulator/phlibwebp.build/Objects-normal/x86_64/7187679823f38a2a940e0043cdf9d637-common-args.resp
    
    /Applications/Xcode.app/Contents/Developer/Toolchains/XcodeDefault.xctoolchain/usr/bin/clang -x c -ivfsstatcache /Users/aadityasingh/Library/Developer/Xcode/DerivedData/SDKStatCaches.noindex/iphonesimulator26.4-23E252-686eebb5dc1d8ecb277353a59184f4aa.sdkstatcache -target x86_64-apple-ios13.0-simulator -fmessage-length\=0 -fdiagnostics-show-note-include-stack -fmacro-backtrace-limit\=0 -fno-color-diagnostics -fmodules-prune-interval\=86400 -fmodules-prune-after\=345600 -fbuild-session-file\=/Users/aadityasingh/Library/Developer/Xcode/DerivedData/ModuleCache.noindex/Session.modulevalidation -fmodules-validate-once-per-build-session -Wnon-modular-include-in-framework-module -Werror\=non-modular-include-in-framework-module -Wno-trigraphs -Wno-missing-field-initializers -Wno-missing-prototypes -Wno-return-type -Wno-missing-braces -Wparentheses -Wswitch -Wno-unused-function -Wno-unused-label -Wno-unused-parameter -Wno-unused-variable -Wunused-value -Wno-empty-body -Wno-uninitialized -Wno-unknown-pragmas -w -Wno-shadow -Wno-four-char-constants -Wno-conversion -Wno-constant-conversion -Wno-int-conversion -Wno-bool-conversion -Wno-enum-conversion -Wno-float-conversion -Wno-non-literal-null-conversion -Wno-objc-literal-conversion -Wshorten-64-to-32 -Wpointer-sign -Wno-newline-eof -Wno-implicit-fallthrough -isysroot /Applications/Xcode.app/Contents/Developer/Platforms/iPhoneSimulator.platform/Developer/SDKs/iPhoneSimulator26.4.sdk -fstrict-aliasing -Wdeprecated-declarations -Wno-sign-conversion -Wno-infinite-recursion -Wno-comma -Wno-block-capture-autoreleasing -Wno-strict-prototypes -Wno-semicolon-before-method-body -index-store-path /Users/aadityasingh/Library/Developer/Xcode/DerivedData/Chatlio-erkyzdeecsohoaggpwbjdvavzqfv/Index.noindex/DataStore @/Users/aadityasingh/Library/Developer/Xcode/DerivedData/Chatlio-erkyzdeecsohoaggpwbjdvavzqfv/Build/Intermediates.noindex/PostHog.build/Debug-iphonesimulator/phlibwebp.build/Objects-normal/x86_64/7187679823f38a2a940e0043cdf9d637-common-args.resp -MMD -MT dependencies -MF /Users/aadityasingh/Library/Developer/Xcode/DerivedData/Chatlio-erkyzdeecsohoaggpwbjdvavzqfv/Build/Intermediates.noindex/PostHog.build/Debug-iphonesimulator/phlibwebp.build/Objects-normal/x86_64/sharpyuv_neon.d --serialize-diagnostics /Users/aadityasingh/Library/Developer/Xcode/DerivedData/Chatlio-erkyzdeecsohoaggpwbjdvavzqfv/Build/Intermediates.noindex/PostHog.build/Debug-iphonesimulator/phlibwebp.build/Objects-normal/x86_64/sharpyuv_neon.dia -c /Users/aadityasingh/Library/Developer/Xcode/DerivedData/Chatlio-erkyzdeecsohoaggpwbjdvavzqfv/SourcePackages/checkouts/posthog-ios/vendor/libwebp/sharpyuv_neon.c -o /Users/aadityasingh/Library/Developer/Xcode/DerivedData/Chatlio-erkyzdeecsohoaggpwbjdvavzqfv/Build/Intermediates.noindex/PostHog.build/Debug-iphonesimulator/phlibwebp.build/Objects-normal/x86_64/sharpyuv_neon.o -index-unit-output-path /PostHog.build/Debug-iphonesimulator/phlibwebp.build/Objects-normal/x86_64/sharpyuv_neon.o

CompileC /Users/aadityasingh/Library/Developer/Xcode/DerivedData/Chatlio-erkyzdeecsohoaggpwbjdvavzqfv/Build/Intermediates.noindex/PostHog.build/Debug-iphonesimulator/phlibwebp.build/Objects-normal/x86_64/sharpyuv_gamma.o /Users/aadityasingh/Library/Developer/Xcode/DerivedData/Chatlio-erkyzdeecsohoaggpwbjdvavzqfv/SourcePackages/checkouts/posthog-ios/vendor/libwebp/sharpyuv_gamma.c normal x86_64 c com.apple.compilers.llvm.clang.1_0.compiler (in target 'phlibwebp' from project 'PostHog')
    cd /Users/aadityasingh/Documents/Development/element-x-ios/Chatlio.xcodeproj
    
    Using response file: /Users/aadityasingh/Library/Developer/Xcode/DerivedData/Chatlio-erkyzdeecsohoaggpwbjdvavzqfv/Build/Intermediates.noindex/PostHog.build/Debug-iphonesimulator/phlibwebp.build/Objects-normal/x86_64/7187679823f38a2a940e0043cdf9d637-common-args.resp
    
    /Applications/Xcode.app/Contents/Developer/Toolchains/XcodeDefault.xctoolchain/usr/bin/clang -x c -ivfsstatcache /Users/aadityasingh/Library/Developer/Xcode/DerivedData/SDKStatCaches.noindex/iphonesimulator26.4-23E252-686eebb5dc1d8ecb277353a59184f4aa.sdkstatcache -target x86_64-apple-ios13.0-simulator -fmessage-length\=0 -fdiagnostics-show-note-include-stack -fmacro-backtrace-limit\=0 -fno-color-diagnostics -fmodules-prune-interval\=86400 -fmodules-prune-after\=345600 -fbuild-session-file\=/Users/aadityasingh/Library/Developer/Xcode/DerivedData/ModuleCache.noindex/Session.modulevalidation -fmodules-validate-once-per-build-session -Wnon-modular-include-in-framework-module -Werror\=non-modular-include-in-framework-module -Wno-trigraphs -Wno-missing-field-initializers -Wno-missing-prototypes -Wno-return-type -Wno-missing-braces -Wparentheses -Wswitch -Wno-unused-function -Wno-unused-label -Wno-unused-parameter -Wno-unused-variable -Wunused-value -Wno-empty-body -Wno-uninitialized -Wno-unknown-pragmas -w -Wno-shadow -Wno-four-char-constants -Wno-conversion -Wno-constant-conversion -Wno-int-conversion -Wno-bool-conversion -Wno-enum-conversion -Wno-float-conversion -Wno-non-literal-null-conversion -Wno-objc-literal-conversion -Wshorten-64-to-32 -Wpointer-sign -Wno-newline-eof -Wno-implicit-fallthrough -isysroot /Applications/Xcode.app/Contents/Developer/Platforms/iPhoneSimulator.platform/Developer/SDKs/iPhoneSimulator26.4.sdk -fstrict-aliasing -Wdeprecated-declarations -Wno-sign-conversion -Wno-infinite-recursion -Wno-comma -Wno-block-capture-autoreleasing -Wno-strict-prototypes -Wno-semicolon-before-method-body -index-store-path /Users/aadityasingh/Library/Developer/Xcode/DerivedData/Chatlio-erkyzdeecsohoaggpwbjdvavzqfv/Index.noindex/DataStore @/Users/aadityasingh/Library/Developer/Xcode/DerivedData/Chatlio-erkyzdeecsohoaggpwbjdvavzqfv/Build/Intermediates.noindex/PostHog.build/Debug-iphonesimulator/phlibwebp.build/Objects-normal/x86_64/7187679823f38a2a940e0043cdf9d637-common-args.resp -MMD -MT dependencies -MF /Users/aadityasingh/Library/Developer/Xcode/DerivedData/Chatlio-erkyzdeecsohoaggpwbjdvavzqfv/Build/Intermediates.noindex/PostHog.build/Debug-iphonesimulator/phlibwebp.build/Objects-normal/x86_64/sharpyuv_gamma.d --serialize-diagnostics /Users/aadityasingh/Library/Developer/Xcode/DerivedData/Chatlio-erkyzdeecsohoaggpwbjdvavzqfv/Build/Intermediates.noindex/PostHog.build/Debug-iphonesimulator/phlibwebp.build/Objects-normal/x86_64/sharpyuv_gamma.dia -c /Users/aadityasingh/Library/Developer/Xcode/DerivedData/Chatlio-erkyzdeecsohoaggpwbjdvavzqfv/SourcePackages/checkouts/posthog-ios/vendor/libwebp/sharpyuv_gamma.c -o /Users/aadityasingh/Library/Developer/Xcode/DerivedData/Chatlio-erkyzdeecsohoaggpwbjdvavzqfv/Build/Intermediates.noindex/PostHog.build/Debug-iphonesimulator/phlibwebp.build/Objects-normal/x86_64/sharpyuv_gamma.o -index-unit-output-path /PostHog.build/Debug-iphonesimulator/phlibwebp.build/Objects-normal/x86_64/sharpyuv_gamma.o

CompileC /Users/aadityasingh/Library/Developer/Xcode/DerivedData/Chatlio-erkyzdeecsohoaggpwbjdvavzqfv/Build/Intermediates.noindex/PostHog.build/Debug-iphonesimulator/phlibwebp.build/Objects-normal/x86_64/sharpyuv_dsp.o /Users/aadityasingh/Library/Developer/Xcode/DerivedData/Chatlio-erkyzdeecsohoaggpwbjdvavzqfv/SourcePackages/checkouts/posthog-ios/vendor/libwebp/sharpyuv_dsp.c normal x86_64 c com.apple.compilers.llvm.clang.1_0.compiler (in target 'phlibwebp' from project 'PostHog')
    cd /Users/aadityasingh/Documents/Development/element-x-ios/Chatlio.xcodeproj
    
    Using response file: /Users/aadityasingh/Library/Developer/Xcode/DerivedData/Chatlio-erkyzdeecsohoaggpwbjdvavzqfv/Build/Intermediates.noindex/PostHog.build/Debug-iphonesimulator/phlibwebp.build/Objects-normal/x86_64/7187679823f38a2a940e0043cdf9d637-common-args.resp
    
    /Applications/Xcode.app/Contents/Developer/Toolchains/XcodeDefault.xctoolchain/usr/bin/clang -x c -ivfsstatcache /Users/aadityasingh/Library/Developer/Xcode/DerivedData/SDKStatCaches.noindex/iphonesimulator26.4-23E252-686eebb5dc1d8ecb277353a59184f4aa.sdkstatcache -target x86_64-apple-ios13.0-simulator -fmessage-length\=0 -fdiagnostics-show-note-include-stack -fmacro-backtrace-limit\=0 -fno-color-diagnostics -fmodules-prune-interval\=86400 -fmodules-prune-after\=345600 -fbuild-session-file\=/Users/aadityasingh/Library/Developer/Xcode/DerivedData/ModuleCache.noindex/Session.modulevalidation -fmodules-validate-once-per-build-session -Wnon-modular-include-in-framework-module -Werror\=non-modular-include-in-framework-module -Wno-trigraphs -Wno-missing-field-initializers -Wno-missing-prototypes -Wno-return-type -Wno-missing-braces -Wparentheses -Wswitch -Wno-unused-function -Wno-unused-label -Wno-unused-parameter -Wno-unused-variable -Wunused-value -Wno-empty-body -Wno-uninitialized -Wno-unknown-pragmas -w -Wno-shadow -Wno-four-char-constants -Wno-conversion -Wno-constant-conversion -Wno-int-conversion -Wno-bool-conversion -Wno-enum-conversion -Wno-float-conversion -Wno-non-literal-null-conversion -Wno-objc-literal-conversion -Wshorten-64-to-32 -Wpointer-sign -Wno-newline-eof -Wno-implicit-fallthrough -isysroot /Applications/Xcode.app/Contents/Developer/Platforms/iPhoneSimulator.platform/Developer/SDKs/iPhoneSimulator26.4.sdk -fstrict-aliasing -Wdeprecated-declarations -Wno-sign-conversion -Wno-infinite-recursion -Wno-comma -Wno-block-capture-autoreleasing -Wno-strict-prototypes -Wno-semicolon-before-method-body -index-store-path /Users/aadityasingh/Library/Developer/Xcode/DerivedData/Chatlio-erkyzdeecsohoaggpwbjdvavzqfv/Index.noindex/DataStore @/Users/aadityasingh/Library/Developer/Xcode/DerivedData/Chatlio-erkyzdeecsohoaggpwbjdvavzqfv/Build/Intermediates.noindex/PostHog.build/Debug-iphonesimulator/phlibwebp.build/Objects-normal/x86_64/7187679823f38a2a940e0043cdf9d637-common-args.resp -MMD -MT dependencies -MF /Users/aadityasingh/Library/Developer/Xcode/DerivedData/Chatlio-erkyzdeecsohoaggpwbjdvavzqfv/Build/Intermediates.noindex/PostHog.build/Debug-iphonesimulator/phlibwebp.build/Objects-normal/x86_64/sharpyuv_dsp.d --serialize-diagnostics /Users/aadityasingh/Library/Developer/Xcode/DerivedData/Chatlio-erkyzdeecsohoaggpwbjdvavzqfv/Build/Intermediates.noindex/PostHog.build/Debug-iphonesimulator/phlibwebp.build/Objects-normal/x86_64/sharpyuv_dsp.dia -c /Users/aadityasingh/Library/Developer/Xcode/DerivedData/Chatlio-erkyzdeecsohoaggpwbjdvavzqfv/SourcePackages/checkouts/posthog-ios/vendor/libwebp/sharpyuv_dsp.c -o /Users/aadityasingh/Library/Developer/Xcode/DerivedData/Chatlio-erkyzdeecsohoaggpwbjdvavzqfv/Build/Intermediates.noindex/PostHog.build/Debug-iphonesimulator/phlibwebp.build/Objects-normal/x86_64/sharpyuv_dsp.o -index-unit-output-path /PostHog.build/Debug-iphonesimulator/phlibwebp.build/Objects-normal/x86_64/sharpyuv_dsp.o

CompileC /Users/aadityasingh/Library/Developer/Xcode/DerivedData/Chatlio-erkyzdeecsohoaggpwbjdvavzqfv/Build/Intermediates.noindex/PostHog.build/Debug-iphonesimulator/phlibwebp.build/Objects-normal/x86_64/sharpyuv_csp.o /Users/aadityasingh/Library/Developer/Xcode/DerivedData/Chatlio-erkyzdeecsohoaggpwbjdvavzqfv/SourcePackages/checkouts/posthog-ios/vendor/libwebp/sharpyuv_csp.c normal x86_64 c com.apple.compilers.llvm.clang.1_0.compiler (in target 'phlibwebp' from project 'PostHog')
    cd /Users/aadityasingh/Documents/Development/element-x-ios/Chatlio.xcodeproj
    
    Using response file: /Users/aadityasingh/Library/Developer/Xcode/DerivedData/Chatlio-erkyzdeecsohoaggpwbjdvavzqfv/Build/Intermediates.noindex/PostHog.build/Debug-iphonesimulator/phlibwebp.build/Objects-normal/x86_64/7187679823f38a2a940e0043cdf9d637-common-args.resp
    
    /Applications/Xcode.app/Contents/Developer/Toolchains/XcodeDefault.xctoolchain/usr/bin/clang -x c -ivfsstatcache /Users/aadityasingh/Library/Developer/Xcode/DerivedData/SDKStatCaches.noindex/iphonesimulator26.4-23E252-686eebb5dc1d8ecb277353a59184f4aa.sdkstatcache -target x86_64-apple-ios13.0-simulator -fmessage-length\=0 -fdiagnostics-show-note-include-stack -fmacro-backtrace-limit\=0 -fno-color-diagnostics -fmodules-prune-interval\=86400 -fmodules-prune-after\=345600 -fbuild-session-file\=/Users/aadityasingh/Library/Developer/Xcode/DerivedData/ModuleCache.noindex/Session.modulevalidation -fmodules-validate-once-per-build-session -Wnon-modular-include-in-framework-module -Werror\=non-modular-include-in-framework-module -Wno-trigraphs -Wno-missing-field-initializers -Wno-missing-prototypes -Wno-return-type -Wno-missing-braces -Wparentheses -Wswitch -Wno-unused-function -Wno-unused-label -Wno-unused-parameter -Wno-unused-variable -Wunused-value -Wno-empty-body -Wno-uninitialized -Wno-unknown-pragmas -w -Wno-shadow -Wno-four-char-constants -Wno-conversion -Wno-constant-conversion -Wno-int-conversion -Wno-bool-conversion -Wno-enum-conversion -Wno-float-conversion -Wno-non-literal-null-conversion -Wno-objc-literal-conversion -Wshorten-64-to-32 -Wpointer-sign -Wno-newline-eof -Wno-implicit-fallthrough -isysroot /Applications/Xcode.app/Contents/Developer/Platforms/iPhoneSimulator.platform/Developer/SDKs/iPhoneSimulator26.4.sdk -fstrict-aliasing -Wdeprecated-declarations -Wno-sign-conversion -Wno-infinite-recursion -Wno-comma -Wno-block-capture-autoreleasing -Wno-strict-prototypes -Wno-semicolon-before-method-body -index-store-path /Users/aadityasingh/Library/Developer/Xcode/DerivedData/Chatlio-erkyzdeecsohoaggpwbjdvavzqfv/Index.noindex/DataStore @/Users/aadityasingh/Library/Developer/Xcode/DerivedData/Chatlio-erkyzdeecsohoaggpwbjdvavzqfv/Build/Intermediates.noindex/PostHog.build/Debug-iphonesimulator/phlibwebp.build/Objects-normal/x86_64/7187679823f38a2a940e0043cdf9d637-common-args.resp -MMD -MT dependencies -MF /Users/aadityasingh/Library/Developer/Xcode/DerivedData/Chatlio-erkyzdeecsohoaggpwbjdvavzqfv/Build/Intermediates.noindex/PostHog.build/Debug-iphonesimulator/phlibwebp.build/Objects-normal/x86_64/sharpyuv_csp.d --serialize-diagnostics /Users/aadityasingh/Library/Developer/Xcode/DerivedData/Chatlio-erkyzdeecsohoaggpwbjdvavzqfv/Build/Intermediates.noindex/PostHog.build/Debug-iphonesimulator/phlibwebp.build/Objects-normal/x86_64/sharpyuv_csp.dia -c /Users/aadityasingh/Library/Developer/Xcode/DerivedData/Chatlio-erkyzdeecsohoaggpwbjdvavzqfv/SourcePackages/checkouts/posthog-ios/vendor/libwebp/sharpyuv_csp.c -o /Users/aadityasingh/Library/Developer/Xcode/DerivedData/Chatlio-erkyzdeecsohoaggpwbjdvavzqfv/Build/Intermediates.noindex/PostHog.build/Debug-iphonesimulator/phlibwebp.build/Objects-normal/x86_64/sharpyuv_csp.o -index-unit-output-path /PostHog.build/Debug-iphonesimulator/phlibwebp.build/Objects-normal/x86_64/sharpyuv_csp.o

CompileC /Users/aadityasingh/Library/Developer/Xcode/DerivedData/Chatlio-erkyzdeecsohoaggpwbjdvavzqfv/Build/Intermediates.noindex/PostHog.build/Debug-iphonesimulator/phlibwebp.build/Objects-normal/x86_64/sharpyuv_cpu.o /Users/aadityasingh/Library/Developer/Xcode/DerivedData/Chatlio-erkyzdeecsohoaggpwbjdvavzqfv/SourcePackages/checkouts/posthog-ios/vendor/libwebp/sharpyuv_cpu.c normal x86_64 c com.apple.compilers.llvm.clang.1_0.compiler (in target 'phlibwebp' from project 'PostHog')
    cd /Users/aadityasingh/Documents/Development/element-x-ios/Chatlio.xcodeproj
    
    Using response file: /Users/aadityasingh/Library/Developer/Xcode/DerivedData/Chatlio-erkyzdeecsohoaggpwbjdvavzqfv/Build/Intermediates.noindex/PostHog.build/Debug-iphonesimulator/phlibwebp.build/Objects-normal/x86_64/7187679823f38a2a940e0043cdf9d637-common-args.resp
    
    /Applications/Xcode.app/Contents/Developer/Toolchains/XcodeDefault.xctoolchain/usr/bin/clang -x c -ivfsstatcache /Users/aadityasingh/Library/Developer/Xcode/DerivedData/SDKStatCaches.noindex/iphonesimulator26.4-23E252-686eebb5dc1d8ecb277353a59184f4aa.sdkstatcache -target x86_64-apple-ios13.0-simulator -fmessage-length\=0 -fdiagnostics-show-note-include-stack -fmacro-backtrace-limit\=0 -fno-color-diagnostics -fmodules-prune-interval\=86400 -fmodules-prune-after\=345600 -fbuild-session-file\=/Users/aadityasingh/Library/Developer/Xcode/DerivedData/ModuleCache.noindex/Session.modulevalidation -fmodules-validate-once-per-build-session -Wnon-modular-include-in-framework-module -Werror\=non-modular-include-in-framework-module -Wno-trigraphs -Wno-missing-field-initializers -Wno-missing-prototypes -Wno-return-type -Wno-missing-braces -Wparentheses -Wswitch -Wno-unused-function -Wno-unused-label -Wno-unused-parameter -Wno-unused-variable -Wunused-value -Wno-empty-body -Wno-uninitialized -Wno-unknown-pragmas -w -Wno-shadow -Wno-four-char-constants -Wno-conversion -Wno-constant-conversion -Wno-int-conversion -Wno-bool-conversion -Wno-enum-conversion -Wno-float-conversion -Wno-non-literal-null-conversion -Wno-objc-literal-conversion -Wshorten-64-to-32 -Wpointer-sign -Wno-newline-eof -Wno-implicit-fallthrough -isysroot /Applications/Xcode.app/Contents/Developer/Platforms/iPhoneSimulator.platform/Developer/SDKs/iPhoneSimulator26.4.sdk -fstrict-aliasing -Wdeprecated-declarations -Wno-sign-conversion -Wno-infinite-recursion -Wno-comma -Wno-block-capture-autoreleasing -Wno-strict-prototypes -Wno-semicolon-before-method-body -index-store-path /Users/aadityasingh/Library/Developer/Xcode/DerivedData/Chatlio-erkyzdeecsohoaggpwbjdvavzqfv/Index.noindex/DataStore @/Users/aadityasingh/Library/Developer/Xcode/DerivedData/Chatlio-erkyzdeecsohoaggpwbjdvavzqfv/Build/Intermediates.noindex/PostHog.build/Debug-iphonesimulator/phlibwebp.build/Objects-normal/x86_64/7187679823f38a2a940e0043cdf9d637-common-args.resp -MMD -MT dependencies -MF /Users/aadityasingh/Library/Developer/Xcode/DerivedData/Chatlio-erkyzdeecsohoaggpwbjdvavzqfv/Build/Intermediates.noindex/PostHog.build/Debug-iphonesimulator/phlibwebp.build/Objects-normal/x86_64/sharpyuv_cpu.d --serialize-diagnostics /Users/aadityasingh/Library/Developer/Xcode/DerivedData/Chatlio-erkyzdeecsohoaggpwbjdvavzqfv/Build/Intermediates.noindex/PostHog.build/Debug-iphonesimulator/phlibwebp.build/Objects-normal/x86_64/sharpyuv_cpu.dia -c /Users/aadityasingh/Library/Developer/Xcode/DerivedData/Chatlio-erkyzdeecsohoaggpwbjdvavzqfv/SourcePackages/checkouts/posthog-ios/vendor/libwebp/sharpyuv_cpu.c -o /Users/aadityasingh/Library/Developer/Xcode/DerivedData/Chatlio-erkyzdeecsohoaggpwbjdvavzqfv/Build/Intermediates.noindex/PostHog.build/Debug-iphonesimulator/phlibwebp.build/Objects-normal/x86_64/sharpyuv_cpu.o -index-unit-output-path /PostHog.build/Debug-iphonesimulator/phlibwebp.build/Objects-normal/x86_64/sharpyuv_cpu.o

CompileC /Users/aadityasingh/Library/Developer/Xcode/DerivedData/Chatlio-erkyzdeecsohoaggpwbjdvavzqfv/Build/Intermediates.noindex/PostHog.build/Debug-iphonesimulator/phlibwebp.build/Objects-normal/x86_64/sharpyuv.o /Users/aadityasingh/Library/Developer/Xcode/DerivedData/Chatlio-erkyzdeecsohoaggpwbjdvavzqfv/SourcePackages/checkouts/posthog-ios/vendor/libwebp/sharpyuv.c normal x86_64 c com.apple.compilers.llvm.clang.1_0.compiler (in target 'phlibwebp' from project 'PostHog')
    cd /Users/aadityasingh/Documents/Development/element-x-ios/Chatlio.xcodeproj
    
    Using response file: /Users/aadityasingh/Library/Developer/Xcode/DerivedData/Chatlio-erkyzdeecsohoaggpwbjdvavzqfv/Build/Intermediates.noindex/PostHog.build/Debug-iphonesimulator/phlibwebp.build/Objects-normal/x86_64/7187679823f38a2a940e0043cdf9d637-common-args.resp
    
    /Applications/Xcode.app/Contents/Developer/Toolchains/XcodeDefault.xctoolchain/usr/bin/clang -x c -ivfsstatcache /Users/aadityasingh/Library/Developer/Xcode/DerivedData/SDKStatCaches.noindex/iphonesimulator26.4-23E252-686eebb5dc1d8ecb277353a59184f4aa.sdkstatcache -target x86_64-apple-ios13.0-simulator -fmessage-length\=0 -fdiagnostics-show-note-include-stack -fmacro-backtrace-limit\=0 -fno-color-diagnostics -fmodules-prune-interval\=86400 -fmodules-prune-after\=345600 -fbuild-session-file\=/Users/aadityasingh/Library/Developer/Xcode/DerivedData/ModuleCache.noindex/Session.modulevalidation -fmodules-validate-once-per-build-session -Wnon-modular-include-in-framework-module -Werror\=non-modular-include-in-framework-module -Wno-trigraphs -Wno-missing-field-initializers -Wno-missing-prototypes -Wno-return-type -Wno-missing-braces -Wparentheses -Wswitch -Wno-unused-function -Wno-unused-label -Wno-unused-parameter -Wno-unused-variable -Wunused-value -Wno-empty-body -Wno-uninitialized -Wno-unknown-pragmas -w -Wno-shadow -Wno-four-char-constants -Wno-conversion -Wno-constant-conversion -Wno-int-conversion -Wno-bool-conversion -Wno-enum-conversion -Wno-float-conversion -Wno-non-literal-null-conversion -Wno-objc-literal-conversion -Wshorten-64-to-32 -Wpointer-sign -Wno-newline-eof -Wno-implicit-fallthrough -isysroot /Applications/Xcode.app/Contents/Developer/Platforms/iPhoneSimulator.platform/Developer/SDKs/iPhoneSimulator26.4.sdk -fstrict-aliasing -Wdeprecated-declarations -Wno-sign-conversion -Wno-infinite-recursion -Wno-comma -Wno-block-capture-autoreleasing -Wno-strict-prototypes -Wno-semicolon-before-method-body -index-store-path /Users/aadityasingh/Library/Developer/Xcode/DerivedData/Chatlio-erkyzdeecsohoaggpwbjdvavzqfv/Index.noindex/DataStore @/Users/aadityasingh/Library/Developer/Xcode/DerivedData/Chatlio-erkyzdeecsohoaggpwbjdvavzqfv/Build/Intermediates.noindex/PostHog.build/Debug-iphonesimulator/phlibwebp.build/Objects-normal/x86_64/7187679823f38a2a940e0043cdf9d637-common-args.resp -MMD -MT dependencies -MF /Users/aadityasingh/Library/Developer/Xcode/DerivedData/Chatlio-erkyzdeecsohoaggpwbjdvavzqfv/Build/Intermediates.noindex/PostHog.build/Debug-iphonesimulator/phlibwebp.build/Objects-normal/x86_64/sharpyuv.d --serialize-diagnostics /Users/aadityasingh/Library/Developer/Xcode/DerivedData/Chatlio-erkyzdeecsohoaggpwbjdvavzqfv/Build/Intermediates.noindex/PostHog.build/Debug-iphonesimulator/phlibwebp.build/Objects-normal/x86_64/sharpyuv.dia -c /Users/aadityasingh/Library/Developer/Xcode/DerivedData/Chatlio-erkyzdeecsohoaggpwbjdvavzqfv/SourcePackages/checkouts/posthog-ios/vendor/libwebp/sharpyuv.c -o /Users/aadityasingh/Library/Developer/Xcode/DerivedData/Chatlio-erkyzdeecsohoaggpwbjdvavzqfv/Build/Intermediates.noindex/PostHog.build/Debug-iphonesimulator/phlibwebp.build/Objects-normal/x86_64/sharpyuv.o -index-unit-output-path /PostHog.build/Debug-iphonesimulator/phlibwebp.build/Objects-normal/x86_64/sharpyuv.o

CompileC /Users/aadityasingh/Library/Developer/Xcode/DerivedData/Chatlio-erkyzdeecsohoaggpwbjdvavzqfv/Build/Intermediates.noindex/PostHog.build/Debug-iphonesimulator/phlibwebp.build/Objects-normal/x86_64/rescaler_utils.o /Users/aadityasingh/Library/Developer/Xcode/DerivedData/Chatlio-erkyzdeecsohoaggpwbjdvavzqfv/SourcePackages/checkouts/posthog-ios/vendor/libwebp/rescaler_utils.c normal x86_64 c com.apple.compilers.llvm.clang.1_0.compiler (in target 'phlibwebp' from project 'PostHog')
    cd /Users/aadityasingh/Documents/Development/element-x-ios/Chatlio.xcodeproj
    
    Using response file: /Users/aadityasingh/Library/Developer/Xcode/DerivedData/Chatlio-erkyzdeecsohoaggpwbjdvavzqfv/Build/Intermediates.noindex/PostHog.build/Debug-iphonesimulator/phlibwebp.build/Objects-normal/x86_64/7187679823f38a2a940e0043cdf9d637-common-args.resp
    
    /Applications/Xcode.app/Contents/Developer/Toolchains/XcodeDefault.xctoolchain/usr/bin/clang -x c -ivfsstatcache /Users/aadityasingh/Library/Developer/Xcode/DerivedData/SDKStatCaches.noindex/iphonesimulator26.4-23E252-686eebb5dc1d8ecb277353a59184f4aa.sdkstatcache -target x86_64-apple-ios13.0-simulator -fmessage-length\=0 -fdiagnostics-show-note-include-stack -fmacro-backtrace-limit\=0 -fno-color-diagnostics -fmodules-prune-interval\=86400 -fmodules-prune-after\=345600 -fbuild-session-file\=/Users/aadityasingh/Library/Developer/Xcode/DerivedData/ModuleCache.noindex/Session.modulevalidation -fmodules-validate-once-per-build-session -Wnon-modular-include-in-framework-module -Werror\=non-modular-include-in-framework-module -Wno-trigraphs -Wno-missing-field-initializers -Wno-missing-prototypes -Wno-return-type -Wno-missing-braces -Wparentheses -Wswitch -Wno-unused-function -Wno-unused-label -Wno-unused-parameter -Wno-unused-variable -Wunused-value -Wno-empty-body -Wno-uninitialized -Wno-unknown-pragmas -w -Wno-shadow -Wno-four-char-constants -Wno-conversion -Wno-constant-conversion -Wno-int-conversion -Wno-bool-conversion -Wno-enum-conversion -Wno-float-conversion -Wno-non-literal-null-conversion -Wno-objc-literal-conversion -Wshorten-64-to-32 -Wpointer-sign -Wno-newline-eof -Wno-implicit-fallthrough -isysroot /Applications/Xcode.app/Contents/Developer/Platforms/iPhoneSimulator.platform/Developer/SDKs/iPhoneSimulator26.4.sdk -fstrict-aliasing -Wdeprecated-declarations -Wno-sign-conversion -Wno-infinite-recursion -Wno-comma -Wno-block-capture-autoreleasing -Wno-strict-prototypes -Wno-semicolon-before-method-body -index-store-path /Users/aadityasingh/Library/Developer/Xcode/DerivedData/Chatlio-erkyzdeecsohoaggpwbjdvavzqfv/Index.noindex/DataStore @/Users/aadityasingh/Library/Developer/Xcode/DerivedData/Chatlio-erkyzdeecsohoaggpwbjdvavzqfv/Build/Intermediates.noindex/PostHog.build/Debug-iphonesimulator/phlibwebp.build/Objects-normal/x86_64/7187679823f38a2a940e0043cdf9d637-common-args.resp -MMD -MT dependencies -MF /Users/aadityasingh/Library/Developer/Xcode/DerivedData/Chatlio-erkyzdeecsohoaggpwbjdvavzqfv/Build/Intermediates.noindex/PostHog.build/Debug-iphonesimulator/phlibwebp.build/Objects-normal/x86_64/rescaler_utils.d --serialize-diagnostics /Users/aadityasingh/Library/Developer/Xcode/DerivedData/Chatlio-erkyzdeecsohoaggpwbjdvavzqfv/Build/Intermediates.noindex/PostHog.build/Debug-iphonesimulator/phlibwebp.build/Objects-normal/x86_64/rescaler_utils.dia -c /Users/aadityasingh/Library/Developer/Xcode/DerivedData/Chatlio-erkyzdeecsohoaggpwbjdvavzqfv/SourcePackages/checkouts/posthog-ios/vendor/libwebp/rescaler_utils.c -o /Users/aadityasingh/Library/Developer/Xcode/DerivedData/Chatlio-erkyzdeecsohoaggpwbjdvavzqfv/Build/Intermediates.noindex/PostHog.build/Debug-iphonesimulator/phlibwebp.build/Objects-normal/x86_64/rescaler_utils.o -index-unit-output-path /PostHog.build/Debug-iphonesimulator/phlibwebp.build/Objects-normal/x86_64/rescaler_utils.o

CompileC /Users/aadityasingh/Library/Developer/Xcode/DerivedData/Chatlio-erkyzdeecsohoaggpwbjdvavzqfv/Build/Intermediates.noindex/PostHog.build/Debug-iphonesimulator/phlibwebp.build/Objects-normal/x86_64/rescaler_neon.o /Users/aadityasingh/Library/Developer/Xcode/DerivedData/Chatlio-erkyzdeecsohoaggpwbjdvavzqfv/SourcePackages/checkouts/posthog-ios/vendor/libwebp/rescaler_neon.c normal x86_64 c com.apple.compilers.llvm.clang.1_0.compiler (in target 'phlibwebp' from project 'PostHog')
    cd /Users/aadityasingh/Documents/Development/element-x-ios/Chatlio.xcodeproj
    
    Using response file: /Users/aadityasingh/Library/Developer/Xcode/DerivedData/Chatlio-erkyzdeecsohoaggpwbjdvavzqfv/Build/Intermediates.noindex/PostHog.build/Debug-iphonesimulator/phlibwebp.build/Objects-normal/x86_64/7187679823f38a2a940e0043cdf9d637-common-args.resp
    
    /Applications/Xcode.app/Contents/Developer/Toolchains/XcodeDefault.xctoolchain/usr/bin/clang -x c -ivfsstatcache /Users/aadityasingh/Library/Developer/Xcode/DerivedData/SDKStatCaches.noindex/iphonesimulator26.4-23E252-686eebb5dc1d8ecb277353a59184f4aa.sdkstatcache -target x86_64-apple-ios13.0-simulator -fmessage-length\=0 -fdiagnostics-show-note-include-stack -fmacro-backtrace-limit\=0 -fno-color-diagnostics -fmodules-prune-interval\=86400 -fmodules-prune-after\=345600 -fbuild-session-file\=/Users/aadityasingh/Library/Developer/Xcode/DerivedData/ModuleCache.noindex/Session.modulevalidation -fmodules-validate-once-per-build-session -Wnon-modular-include-in-framework-module -Werror\=non-modular-include-in-framework-module -Wno-trigraphs -Wno-missing-field-initializers -Wno-missing-prototypes -Wno-return-type -Wno-missing-braces -Wparentheses -Wswitch -Wno-unused-function -Wno-unused-label -Wno-unused-parameter -Wno-unused-variable -Wunused-value -Wno-empty-body -Wno-uninitialized -Wno-unknown-pragmas -w -Wno-shadow -Wno-four-char-constants -Wno-conversion -Wno-constant-conversion -Wno-int-conversion -Wno-bool-conversion -Wno-enum-conversion -Wno-float-conversion -Wno-non-literal-null-conversion -Wno-objc-literal-conversion -Wshorten-64-to-32 -Wpointer-sign -Wno-newline-eof -Wno-implicit-fallthrough -isysroot /Applications/Xcode.app/Contents/Developer/Platforms/iPhoneSimulator.platform/Developer/SDKs/iPhoneSimulator26.4.sdk -fstrict-aliasing -Wdeprecated-declarations -Wno-sign-conversion -Wno-infinite-recursion -Wno-comma -Wno-block-capture-autoreleasing -Wno-strict-prototypes -Wno-semicolon-before-method-body -index-store-path /Users/aadityasingh/Library/Developer/Xcode/DerivedData/Chatlio-erkyzdeecsohoaggpwbjdvavzqfv/Index.noindex/DataStore @/Users/aadityasingh/Library/Developer/Xcode/DerivedData/Chatlio-erkyzdeecsohoaggpwbjdvavzqfv/Build/Intermediates.noindex/PostHog.build/Debug-iphonesimulator/phlibwebp.build/Objects-normal/x86_64/7187679823f38a2a940e0043cdf9d637-common-args.resp -MMD -MT dependencies -MF /Users/aadityasingh/Library/Developer/Xcode/DerivedData/Chatlio-erkyzdeecsohoaggpwbjdvavzqfv/Build/Intermediates.noindex/PostHog.build/Debug-iphonesimulator/phlibwebp.build/Objects-normal/x86_64/rescaler_neon.d --serialize-diagnostics /Users/aadityasingh/Library/Developer/Xcode/DerivedData/Chatlio-erkyzdeecsohoaggpwbjdvavzqfv/Build/Intermediates.noindex/PostHog.build/Debug-iphonesimulator/phlibwebp.build/Objects-normal/x86_64/rescaler_neon.dia -c /Users/aadityasingh/Library/Developer/Xcode/DerivedData/Chatlio-erkyzdeecsohoaggpwbjdvavzqfv/SourcePackages/checkouts/posthog-ios/vendor/libwebp/rescaler_neon.c -o /Users/aadityasingh/Library/Developer/Xcode/DerivedData/Chatlio-erkyzdeecsohoaggpwbjdvavzqfv/Build/Intermediates.noindex/PostHog.build/Debug-iphonesimulator/phlibwebp.build/Objects-normal/x86_64/rescaler_neon.o -index-unit-output-path /PostHog.build/Debug-iphonesimulator/phlibwebp.build/Objects-normal/x86_64/rescaler_neon.o

CompileC /Users/aadityasingh/Library/Developer/Xcode/DerivedData/Chatlio-erkyzdeecsohoaggpwbjdvavzqfv/Build/Intermediates.noindex/PostHog.build/Debug-iphonesimulator/phlibwebp.build/Objects-normal/x86_64/rescaler.o /Users/aadityasingh/Library/Developer/Xcode/DerivedData/Chatlio-erkyzdeecsohoaggpwbjdvavzqfv/SourcePackages/checkouts/posthog-ios/vendor/libwebp/rescaler.c normal x86_64 c com.apple.compilers.llvm.clang.1_0.compiler (in target 'phlibwebp' from project 'PostHog')
    cd /Users/aadityasingh/Documents/Development/element-x-ios/Chatlio.xcodeproj
    
    Using response file: /Users/aadityasingh/Library/Developer/Xcode/DerivedData/Chatlio-erkyzdeecsohoaggpwbjdvavzqfv/Build/Intermediates.noindex/PostHog.build/Debug-iphonesimulator/phlibwebp.build/Objects-normal/x86_64/7187679823f38a2a940e0043cdf9d637-common-args.resp
    
    /Applications/Xcode.app/Contents/Developer/Toolchains/XcodeDefault.xctoolchain/usr/bin/clang -x c -ivfsstatcache /Users/aadityasingh/Library/Developer/Xcode/DerivedData/SDKStatCaches.noindex/iphonesimulator26.4-23E252-686eebb5dc1d8ecb277353a59184f4aa.sdkstatcache -target x86_64-apple-ios13.0-simulator -fmessage-length\=0 -fdiagnostics-show-note-include-stack -fmacro-backtrace-limit\=0 -fno-color-diagnostics -fmodules-prune-interval\=86400 -fmodules-prune-after\=345600 -fbuild-session-file\=/Users/aadityasingh/Library/Developer/Xcode/DerivedData/ModuleCache.noindex/Session.modulevalidation -fmodules-validate-once-per-build-session -Wnon-modular-include-in-framework-module -Werror\=non-modular-include-in-framework-module -Wno-trigraphs -Wno-missing-field-initializers -Wno-missing-prototypes -Wno-return-type -Wno-missing-braces -Wparentheses -Wswitch -Wno-unused-function -Wno-unused-label -Wno-unused-parameter -Wno-unused-variable -Wunused-value -Wno-empty-body -Wno-uninitialized -Wno-unknown-pragmas -w -Wno-shadow -Wno-four-char-constants -Wno-conversion -Wno-constant-conversion -Wno-int-conversion -Wno-bool-conversion -Wno-enum-conversion -Wno-float-conversion -Wno-non-literal-null-conversion -Wno-objc-literal-conversion -Wshorten-64-to-32 -Wpointer-sign -Wno-newline-eof -Wno-implicit-fallthrough -isysroot /Applications/Xcode.app/Contents/Developer/Platforms/iPhoneSimulator.platform/Developer/SDKs/iPhoneSimulator26.4.sdk -fstrict-aliasing -Wdeprecated-declarations -Wno-sign-conversion -Wno-infinite-recursion -Wno-comma -Wno-block-capture-autoreleasing -Wno-strict-prototypes -Wno-semicolon-before-method-body -index-store-path /Users/aadityasingh/Library/Developer/Xcode/DerivedData/Chatlio-erkyzdeecsohoaggpwbjdvavzqfv/Index.noindex/DataStore @/Users/aadityasingh/Library/Developer/Xcode/DerivedData/Chatlio-erkyzdeecsohoaggpwbjdvavzqfv/Build/Intermediates.noindex/PostHog.build/Debug-iphonesimulator/phlibwebp.build/Objects-normal/x86_64/7187679823f38a2a940e0043cdf9d637-common-args.resp -MMD -MT dependencies -MF /Users/aadityasingh/Library/Developer/Xcode/DerivedData/Chatlio-erkyzdeecsohoaggpwbjdvavzqfv/Build/Intermediates.noindex/PostHog.build/Debug-iphonesimulator/phlibwebp.build/Objects-normal/x86_64/rescaler.d --serialize-diagnostics /Users/aadityasingh/Library/Developer/Xcode/DerivedData/Chatlio-erkyzdeecsohoaggpwbjdvavzqfv/Build/Intermediates.noindex/PostHog.build/Debug-iphonesimulator/phlibwebp.build/Objects-normal/x86_64/rescaler.dia -c /Users/aadityasingh/Library/Developer/Xcode/DerivedData/Chatlio-erkyzdeecsohoaggpwbjdvavzqfv/SourcePackages/checkouts/posthog-ios/vendor/libwebp/rescaler.c -o /Users/aadityasingh/Library/Developer/Xcode/DerivedData/Chatlio-erkyzdeecsohoaggpwbjdvavzqfv/Build/Intermediates.noindex/PostHog.build/Debug-iphonesimulator/phlibwebp.build/Objects-normal/x86_64/rescaler.o -index-unit-output-path /PostHog.build/Debug-iphonesimulator/phlibwebp.build/Objects-normal/x86_64/rescaler.o

CompileC /Users/aadityasingh/Library/Developer/Xcode/DerivedData/Chatlio-erkyzdeecsohoaggpwbjdvavzqfv/Build/Intermediates.noindex/PostHog.build/Debug-iphonesimulator/phlibwebp.build/Objects-normal/x86_64/random_utils.o /Users/aadityasingh/Library/Developer/Xcode/DerivedData/Chatlio-erkyzdeecsohoaggpwbjdvavzqfv/SourcePackages/checkouts/posthog-ios/vendor/libwebp/random_utils.c normal x86_64 c com.apple.compilers.llvm.clang.1_0.compiler (in target 'phlibwebp' from project 'PostHog')
    cd /Users/aadityasingh/Documents/Development/element-x-ios/Chatlio.xcodeproj
    
    Using response file: /Users/aadityasingh/Library/Developer/Xcode/DerivedData/Chatlio-erkyzdeecsohoaggpwbjdvavzqfv/Build/Intermediates.noindex/PostHog.build/Debug-iphonesimulator/phlibwebp.build/Objects-normal/x86_64/7187679823f38a2a940e0043cdf9d637-common-args.resp
    
    /Applications/Xcode.app/Contents/Developer/Toolchains/XcodeDefault.xctoolchain/usr/bin/clang -x c -ivfsstatcache /Users/aadityasingh/Library/Developer/Xcode/DerivedData/SDKStatCaches.noindex/iphonesimulator26.4-23E252-686eebb5dc1d8ecb277353a59184f4aa.sdkstatcache -target x86_64-apple-ios13.0-simulator -fmessage-length\=0 -fdiagnostics-show-note-include-stack -fmacro-backtrace-limit\=0 -fno-color-diagnostics -fmodules-prune-interval\=86400 -fmodules-prune-after\=345600 -fbuild-session-file\=/Users/aadityasingh/Library/Developer/Xcode/DerivedData/ModuleCache.noindex/Session.modulevalidation -fmodules-validate-once-per-build-session -Wnon-modular-include-in-framework-module -Werror\=non-modular-include-in-framework-module -Wno-trigraphs -Wno-missing-field-initializers -Wno-missing-prototypes -Wno-return-type -Wno-missing-braces -Wparentheses -Wswitch -Wno-unused-function -Wno-unused-label -Wno-unused-parameter -Wno-unused-variable -Wunused-value -Wno-empty-body -Wno-uninitialized -Wno-unknown-pragmas -w -Wno-shadow -Wno-four-char-constants -Wno-conversion -Wno-constant-conversion -Wno-int-conversion -Wno-bool-conversion -Wno-enum-conversion -Wno-float-conversion -Wno-non-literal-null-conversion -Wno-objc-literal-conversion -Wshorten-64-to-32 -Wpointer-sign -Wno-newline-eof -Wno-implicit-fallthrough -isysroot /Applications/Xcode.app/Contents/Developer/Platforms/iPhoneSimulator.platform/Developer/SDKs/iPhoneSimulator26.4.sdk -fstrict-aliasing -Wdeprecated-declarations -Wno-sign-conversion -Wno-infinite-recursion -Wno-comma -Wno-block-capture-autoreleasing -Wno-strict-prototypes -Wno-semicolon-before-method-body -index-store-path /Users/aadityasingh/Library/Developer/Xcode/DerivedData/Chatlio-erkyzdeecsohoaggpwbjdvavzqfv/Index.noindex/DataStore @/Users/aadityasingh/Library/Developer/Xcode/DerivedData/Chatlio-erkyzdeecsohoaggpwbjdvavzqfv/Build/Intermediates.noindex/PostHog.build/Debug-iphonesimulator/phlibwebp.build/Objects-normal/x86_64/7187679823f38a2a940e0043cdf9d637-common-args.resp -MMD -MT dependencies -MF /Users/aadityasingh/Library/Developer/Xcode/DerivedData/Chatlio-erkyzdeecsohoaggpwbjdvavzqfv/Build/Intermediates.noindex/PostHog.build/Debug-iphonesimulator/phlibwebp.build/Objects-normal/x86_64/random_utils.d --serialize-diagnostics /Users/aadityasingh/Library/Developer/Xcode/DerivedData/Chatlio-erkyzdeecsohoaggpwbjdvavzqfv/Build/Intermediates.noindex/PostHog.build/Debug-iphonesimulator/phlibwebp.build/Objects-normal/x86_64/random_utils.dia -c /Users/aadityasingh/Library/Developer/Xcode/DerivedData/Chatlio-erkyzdeecsohoaggpwbjdvavzqfv/SourcePackages/checkouts/posthog-ios/vendor/libwebp/random_utils.c -o /Users/aadityasingh/Library/Developer/Xcode/DerivedData/Chatlio-erkyzdeecsohoaggpwbjdvavzqfv/Build/Intermediates.noindex/PostHog.build/Debug-iphonesimulator/phlibwebp.build/Objects-normal/x86_64/random_utils.o -index-unit-output-path /PostHog.build/Debug-iphonesimulator/phlibwebp.build/Objects-normal/x86_64/random_utils.o

CompileC /Users/aadityasingh/Library/Developer/Xcode/DerivedData/Chatlio-erkyzdeecsohoaggpwbjdvavzqfv/Build/Intermediates.noindex/PostHog.build/Debug-iphonesimulator/phlibwebp.build/Objects-normal/x86_64/quant_levels_utils.o /Users/aadityasingh/Library/Developer/Xcode/DerivedData/Chatlio-erkyzdeecsohoaggpwbjdvavzqfv/SourcePackages/checkouts/posthog-ios/vendor/libwebp/quant_levels_utils.c normal x86_64 c com.apple.compilers.llvm.clang.1_0.compiler (in target 'phlibwebp' from project 'PostHog')
    cd /Users/aadityasingh/Documents/Development/element-x-ios/Chatlio.xcodeproj
    
    Using response file: /Users/aadityasingh/Library/Developer/Xcode/DerivedData/Chatlio-erkyzdeecsohoaggpwbjdvavzqfv/Build/Intermediates.noindex/PostHog.build/Debug-iphonesimulator/phlibwebp.build/Objects-normal/x86_64/7187679823f38a2a940e0043cdf9d637-common-args.resp
    
    /Applications/Xcode.app/Contents/Developer/Toolchains/XcodeDefault.xctoolchain/usr/bin/clang -x c -ivfsstatcache /Users/aadityasingh/Library/Developer/Xcode/DerivedData/SDKStatCaches.noindex/iphonesimulator26.4-23E252-686eebb5dc1d8ecb277353a59184f4aa.sdkstatcache -target x86_64-apple-ios13.0-simulator -fmessage-length\=0 -fdiagnostics-show-note-include-stack -fmacro-backtrace-limit\=0 -fno-color-diagnostics -fmodules-prune-interval\=86400 -fmodules-prune-after\=345600 -fbuild-session-file\=/Users/aadityasingh/Library/Developer/Xcode/DerivedData/ModuleCache.noindex/Session.modulevalidation -fmodules-validate-once-per-build-session -Wnon-modular-include-in-framework-module -Werror\=non-modular-include-in-framework-module -Wno-trigraphs -Wno-missing-field-initializers -Wno-missing-prototypes -Wno-return-type -Wno-missing-braces -Wparentheses -Wswitch -Wno-unused-function -Wno-unused-label -Wno-unused-parameter -Wno-unused-variable -Wunused-value -Wno-empty-body -Wno-uninitialized -Wno-unknown-pragmas -w -Wno-shadow -Wno-four-char-constants -Wno-conversion -Wno-constant-conversion -Wno-int-conversion -Wno-bool-conversion -Wno-enum-conversion -Wno-float-conversion -Wno-non-literal-null-conversion -Wno-objc-literal-conversion -Wshorten-64-to-32 -Wpointer-sign -Wno-newline-eof -Wno-implicit-fallthrough -isysroot /Applications/Xcode.app/Contents/Developer/Platforms/iPhoneSimulator.platform/Developer/SDKs/iPhoneSimulator26.4.sdk -fstrict-aliasing -Wdeprecated-declarations -Wno-sign-conversion -Wno-infinite-recursion -Wno-comma -Wno-block-capture-autoreleasing -Wno-strict-prototypes -Wno-semicolon-before-method-body -index-store-path /Users/aadityasingh/Library/Developer/Xcode/DerivedData/Chatlio-erkyzdeecsohoaggpwbjdvavzqfv/Index.noindex/DataStore @/Users/aadityasingh/Library/Developer/Xcode/DerivedData/Chatlio-erkyzdeecsohoaggpwbjdvavzqfv/Build/Intermediates.noindex/PostHog.build/Debug-iphonesimulator/phlibwebp.build/Objects-normal/x86_64/7187679823f38a2a940e0043cdf9d637-common-args.resp -MMD -MT dependencies -MF /Users/aadityasingh/Library/Developer/Xcode/DerivedData/Chatlio-erkyzdeecsohoaggpwbjdvavzqfv/Build/Intermediates.noindex/PostHog.build/Debug-iphonesimulator/phlibwebp.build/Objects-normal/x86_64/quant_levels_utils.d --serialize-diagnostics /Users/aadityasingh/Library/Developer/Xcode/DerivedData/Chatlio-erkyzdeecsohoaggpwbjdvavzqfv/Build/Intermediates.noindex/PostHog.build/Debug-iphonesimulator/phlibwebp.build/Objects-normal/x86_64/quant_levels_utils.dia -c /Users/aadityasingh/Library/Developer/Xcode/DerivedData/Chatlio-erkyzdeecsohoaggpwbjdvavzqfv/SourcePackages/checkouts/posthog-ios/vendor/libwebp/quant_levels_utils.c -o /Users/aadityasingh/Library/Developer/Xcode/DerivedData/Chatlio-erkyzdeecsohoaggpwbjdvavzqfv/Build/Intermediates.noindex/PostHog.build/Debug-iphonesimulator/phlibwebp.build/Objects-normal/x86_64/quant_levels_utils.o -index-unit-output-path /PostHog.build/Debug-iphonesimulator/phlibwebp.build/Objects-normal/x86_64/quant_levels_utils.o

CompileC /Users/aadityasingh/Library/Developer/Xcode/DerivedData/Chatlio-erkyzdeecsohoaggpwbjdvavzqfv/Build/Intermediates.noindex/PostHog.build/Debug-iphonesimulator/phlibwebp.build/Objects-normal/x86_64/quant_levels_dec_utils.o /Users/aadityasingh/Library/Developer/Xcode/DerivedData/Chatlio-erkyzdeecsohoaggpwbjdvavzqfv/SourcePackages/checkouts/posthog-ios/vendor/libwebp/quant_levels_dec_utils.c normal x86_64 c com.apple.compilers.llvm.clang.1_0.compiler (in target 'phlibwebp' from project 'PostHog')
    cd /Users/aadityasingh/Documents/Development/element-x-ios/Chatlio.xcodeproj
    
    Using response file: /Users/aadityasingh/Library/Developer/Xcode/DerivedData/Chatlio-erkyzdeecsohoaggpwbjdvavzqfv/Build/Intermediates.noindex/PostHog.build/Debug-iphonesimulator/phlibwebp.build/Objects-normal/x86_64/7187679823f38a2a940e0043cdf9d637-common-args.resp
    
    /Applications/Xcode.app/Contents/Developer/Toolchains/XcodeDefault.xctoolchain/usr/bin/clang -x c -ivfsstatcache /Users/aadityasingh/Library/Developer/Xcode/DerivedData/SDKStatCaches.noindex/iphonesimulator26.4-23E252-686eebb5dc1d8ecb277353a59184f4aa.sdkstatcache -target x86_64-apple-ios13.0-simulator -fmessage-length\=0 -fdiagnostics-show-note-include-stack -fmacro-backtrace-limit\=0 -fno-color-diagnostics -fmodules-prune-interval\=86400 -fmodules-prune-after\=345600 -fbuild-session-file\=/Users/aadityasingh/Library/Developer/Xcode/DerivedData/ModuleCache.noindex/Session.modulevalidation -fmodules-validate-once-per-build-session -Wnon-modular-include-in-framework-module -Werror\=non-modular-include-in-framework-module -Wno-trigraphs -Wno-missing-field-initializers -Wno-missing-prototypes -Wno-return-type -Wno-missing-braces -Wparentheses -Wswitch -Wno-unused-function -Wno-unused-label -Wno-unused-parameter -Wno-unused-variable -Wunused-value -Wno-empty-body -Wno-uninitialized -Wno-unknown-pragmas -w -Wno-shadow -Wno-four-char-constants -Wno-conversion -Wno-constant-conversion -Wno-int-conversion -Wno-bool-conversion -Wno-enum-conversion -Wno-float-conversion -Wno-non-literal-null-conversion -Wno-objc-literal-conversion -Wshorten-64-to-32 -Wpointer-sign -Wno-newline-eof -Wno-implicit-fallthrough -isysroot /Applications/Xcode.app/Contents/Developer/Platforms/iPhoneSimulator.platform/Developer/SDKs/iPhoneSimulator26.4.sdk -fstrict-aliasing -Wdeprecated-declarations -Wno-sign-conversion -Wno-infinite-recursion -Wno-comma -Wno-block-capture-autoreleasing -Wno-strict-prototypes -Wno-semicolon-before-method-body -index-store-path /Users/aadityasingh/Library/Developer/Xcode/DerivedData/Chatlio-erkyzdeecsohoaggpwbjdvavzqfv/Index.noindex/DataStore @/Users/aadityasingh/Library/Developer/Xcode/DerivedData/Chatlio-erkyzdeecsohoaggpwbjdvavzqfv/Build/Intermediates.noindex/PostHog.build/Debug-iphonesimulator/phlibwebp.build/Objects-normal/x86_64/7187679823f38a2a940e0043cdf9d637-common-args.resp -MMD -MT dependencies -MF /Users/aadityasingh/Library/Developer/Xcode/DerivedData/Chatlio-erkyzdeecsohoaggpwbjdvavzqfv/Build/Intermediates.noindex/PostHog.build/Debug-iphonesimulator/phlibwebp.build/Objects-normal/x86_64/quant_levels_dec_utils.d --serialize-diagnostics /Users/aadityasingh/Library/Developer/Xcode/DerivedData/Chatlio-erkyzdeecsohoaggpwbjdvavzqfv/Build/Intermediates.noindex/PostHog.build/Debug-iphonesimulator/phlibwebp.build/Objects-normal/x86_64/quant_levels_dec_utils.dia -c /Users/aadityasingh/Library/Developer/Xcode/DerivedData/Chatlio-erkyzdeecsohoaggpwbjdvavzqfv/SourcePackages/checkouts/posthog-ios/vendor/libwebp/quant_levels_dec_utils.c -o /Users/aadityasingh/Library/Developer/Xcode/DerivedData/Chatlio-erkyzdeecsohoaggpwbjdvavzqfv/Build/Intermediates.noindex/PostHog.build/Debug-iphonesimulator/phlibwebp.build/Objects-normal/x86_64/quant_levels_dec_utils.o -index-unit-output-path /PostHog.build/Debug-iphonesimulator/phlibwebp.build/Objects-normal/x86_64/quant_levels_dec_utils.o

CompileC /Users/aadityasingh/Library/Developer/Xcode/DerivedData/Chatlio-erkyzdeecsohoaggpwbjdvavzqfv/Build/Intermediates.noindex/PostHog.build/Debug-iphonesimulator/phlibwebp.build/Objects-normal/x86_64/quant_enc.o /Users/aadityasingh/Library/Developer/Xcode/DerivedData/Chatlio-erkyzdeecsohoaggpwbjdvavzqfv/SourcePackages/checkouts/posthog-ios/vendor/libwebp/quant_enc.c normal x86_64 c com.apple.compilers.llvm.clang.1_0.compiler (in target 'phlibwebp' from project 'PostHog')
    cd /Users/aadityasingh/Documents/Development/element-x-ios/Chatlio.xcodeproj
    
    Using response file: /Users/aadityasingh/Library/Developer/Xcode/DerivedData/Chatlio-erkyzdeecsohoaggpwbjdvavzqfv/Build/Intermediates.noindex/PostHog.build/Debug-iphonesimulator/phlibwebp.build/Objects-normal/x86_64/7187679823f38a2a940e0043cdf9d637-common-args.resp
    
    /Applications/Xcode.app/Contents/Developer/Toolchains/XcodeDefault.xctoolchain/usr/bin/clang -x c -ivfsstatcache /Users/aadityasingh/Library/Developer/Xcode/DerivedData/SDKStatCaches.noindex/iphonesimulator26.4-23E252-686eebb5dc1d8ecb277353a59184f4aa.sdkstatcache -target x86_64-apple-ios13.0-simulator -fmessage-length\=0 -fdiagnostics-show-note-include-stack -fmacro-backtrace-limit\=0 -fno-color-diagnostics -fmodules-prune-interval\=86400 -fmodules-prune-after\=345600 -fbuild-session-file\=/Users/aadityasingh/Library/Developer/Xcode/DerivedData/ModuleCache.noindex/Session.modulevalidation -fmodules-validate-once-per-build-session -Wnon-modular-include-in-framework-module -Werror\=non-modular-include-in-framework-module -Wno-trigraphs -Wno-missing-field-initializers -Wno-missing-prototypes -Wno-return-type -Wno-missing-braces -Wparentheses -Wswitch -Wno-unused-function -Wno-unused-label -Wno-unused-parameter -Wno-unused-variable -Wunused-value -Wno-empty-body -Wno-uninitialized -Wno-unknown-pragmas -w -Wno-shadow -Wno-four-char-constants -Wno-conversion -Wno-constant-conversion -Wno-int-conversion -Wno-bool-conversion -Wno-enum-conversion -Wno-float-conversion -Wno-non-literal-null-conversion -Wno-objc-literal-conversion -Wshorten-64-to-32 -Wpointer-sign -Wno-newline-eof -Wno-implicit-fallthrough -isysroot /Applications/Xcode.app/Contents/Developer/Platforms/iPhoneSimulator.platform/Developer/SDKs/iPhoneSimulator26.4.sdk -fstrict-aliasing -Wdeprecated-declarations -Wno-sign-conversion -Wno-infinite-recursion -Wno-comma -Wno-block-capture-autoreleasing -Wno-strict-prototypes -Wno-semicolon-before-method-body -index-store-path /Users/aadityasingh/Library/Developer/Xcode/DerivedData/Chatlio-erkyzdeecsohoaggpwbjdvavzqfv/Index.noindex/DataStore @/Users/aadityasingh/Library/Developer/Xcode/DerivedData/Chatlio-erkyzdeecsohoaggpwbjdvavzqfv/Build/Intermediates.noindex/PostHog.build/Debug-iphonesimulator/phlibwebp.build/Objects-normal/x86_64/7187679823f38a2a940e0043cdf9d637-common-args.resp -MMD -MT dependencies -MF /Users/aadityasingh/Library/Developer/Xcode/DerivedData/Chatlio-erkyzdeecsohoaggpwbjdvavzqfv/Build/Intermediates.noindex/PostHog.build/Debug-iphonesimulator/phlibwebp.build/Objects-normal/x86_64/quant_enc.d --serialize-diagnostics /Users/aadityasingh/Library/Developer/Xcode/DerivedData/Chatlio-erkyzdeecsohoaggpwbjdvavzqfv/Build/Intermediates.noindex/PostHog.build/Debug-iphonesimulator/phlibwebp.build/Objects-normal/x86_64/quant_enc.dia -c /Users/aadityasingh/Library/Developer/Xcode/DerivedData/Chatlio-erkyzdeecsohoaggpwbjdvavzqfv/SourcePackages/checkouts/posthog-ios/vendor/libwebp/quant_enc.c -o /Users/aadityasingh/Library/Developer/Xcode/DerivedData/Chatlio-erkyzdeecsohoaggpwbjdvavzqfv/Build/Intermediates.noindex/PostHog.build/Debug-iphonesimulator/phlibwebp.build/Objects-normal/x86_64/quant_enc.o -index-unit-output-path /PostHog.build/Debug-iphonesimulator/phlibwebp.build/Objects-normal/x86_64/quant_enc.o

CompileC /Users/aadityasingh/Library/Developer/Xcode/DerivedData/Chatlio-erkyzdeecsohoaggpwbjdvavzqfv/Build/Intermediates.noindex/PostHog.build/Debug-iphonesimulator/phlibwebp.build/Objects-normal/x86_64/predictor_enc.o /Users/aadityasingh/Library/Developer/Xcode/DerivedData/Chatlio-erkyzdeecsohoaggpwbjdvavzqfv/SourcePackages/checkouts/posthog-ios/vendor/libwebp/predictor_enc.c normal x86_64 c com.apple.compilers.llvm.clang.1_0.compiler (in target 'phlibwebp' from project 'PostHog')
    cd /Users/aadityasingh/Documents/Development/element-x-ios/Chatlio.xcodeproj
    
    Using response file: /Users/aadityasingh/Library/Developer/Xcode/DerivedData/Chatlio-erkyzdeecsohoaggpwbjdvavzqfv/Build/Intermediates.noindex/PostHog.build/Debug-iphonesimulator/phlibwebp.build/Objects-normal/x86_64/7187679823f38a2a940e0043cdf9d637-common-args.resp
    
    /Applications/Xcode.app/Contents/Developer/Toolchains/XcodeDefault.xctoolchain/usr/bin/clang -x c -ivfsstatcache /Users/aadityasingh/Library/Developer/Xcode/DerivedData/SDKStatCaches.noindex/iphonesimulator26.4-23E252-686eebb5dc1d8ecb277353a59184f4aa.sdkstatcache -target x86_64-apple-ios13.0-simulator -fmessage-length\=0 -fdiagnostics-show-note-include-stack -fmacro-backtrace-limit\=0 -fno-color-diagnostics -fmodules-prune-interval\=86400 -fmodules-prune-after\=345600 -fbuild-session-file\=/Users/aadityasingh/Library/Developer/Xcode/DerivedData/ModuleCache.noindex/Session.modulevalidation -fmodules-validate-once-per-build-session -Wnon-modular-include-in-framework-module -Werror\=non-modular-include-in-framework-module -Wno-trigraphs -Wno-missing-field-initializers -Wno-missing-prototypes -Wno-return-type -Wno-missing-braces -Wparentheses -Wswitch -Wno-unused-function -Wno-unused-label -Wno-unused-parameter -Wno-unused-variable -Wunused-value -Wno-empty-body -Wno-uninitialized -Wno-unknown-pragmas -w -Wno-shadow -Wno-four-char-constants -Wno-conversion -Wno-constant-conversion -Wno-int-conversion -Wno-bool-conversion -Wno-enum-conversion -Wno-float-conversion -Wno-non-literal-null-conversion -Wno-objc-literal-conversion -Wshorten-64-to-32 -Wpointer-sign -Wno-newline-eof -Wno-implicit-fallthrough -isysroot /Applications/Xcode.app/Contents/Developer/Platforms/iPhoneSimulator.platform/Developer/SDKs/iPhoneSimulator26.4.sdk -fstrict-aliasing -Wdeprecated-declarations -Wno-sign-conversion -Wno-infinite-recursion -Wno-comma -Wno-block-capture-autoreleasing -Wno-strict-prototypes -Wno-semicolon-before-method-body -index-store-path /Users/aadityasingh/Library/Developer/Xcode/DerivedData/Chatlio-erkyzdeecsohoaggpwbjdvavzqfv/Index.noindex/DataStore @/Users/aadityasingh/Library/Developer/Xcode/DerivedData/Chatlio-erkyzdeecsohoaggpwbjdvavzqfv/Build/Intermediates.noindex/PostHog.build/Debug-iphonesimulator/phlibwebp.build/Objects-normal/x86_64/7187679823f38a2a940e0043cdf9d637-common-args.resp -MMD -MT dependencies -MF /Users/aadityasingh/Library/Developer/Xcode/DerivedData/Chatlio-erkyzdeecsohoaggpwbjdvavzqfv/Build/Intermediates.noindex/PostHog.build/Debug-iphonesimulator/phlibwebp.build/Objects-normal/x86_64/predictor_enc.d --serialize-diagnostics /Users/aadityasingh/Library/Developer/Xcode/DerivedData/Chatlio-erkyzdeecsohoaggpwbjdvavzqfv/Build/Intermediates.noindex/PostHog.build/Debug-iphonesimulator/phlibwebp.build/Objects-normal/x86_64/predictor_enc.dia -c /Users/aadityasingh/Library/Developer/Xcode/DerivedData/Chatlio-erkyzdeecsohoaggpwbjdvavzqfv/SourcePackages/checkouts/posthog-ios/vendor/libwebp/predictor_enc.c -o /Users/aadityasingh/Library/Developer/Xcode/DerivedData/Chatlio-erkyzdeecsohoaggpwbjdvavzqfv/Build/Intermediates.noindex/PostHog.build/Debug-iphonesimulator/phlibwebp.build/Objects-normal/x86_64/predictor_enc.o -index-unit-output-path /PostHog.build/Debug-iphonesimulator/phlibwebp.build/Objects-normal/x86_64/predictor_enc.o

CompileC /Users/aadityasingh/Library/Developer/Xcode/DerivedData/Chatlio-erkyzdeecsohoaggpwbjdvavzqfv/Build/Intermediates.noindex/PostHog.build/Debug-iphonesimulator/phlibwebp.build/Objects-normal/x86_64/picture_tools_enc.o /Users/aadityasingh/Library/Developer/Xcode/DerivedData/Chatlio-erkyzdeecsohoaggpwbjdvavzqfv/SourcePackages/checkouts/posthog-ios/vendor/libwebp/picture_tools_enc.c normal x86_64 c com.apple.compilers.llvm.clang.1_0.compiler (in target 'phlibwebp' from project 'PostHog')
    cd /Users/aadityasingh/Documents/Development/element-x-ios/Chatlio.xcodeproj
    
    Using response file: /Users/aadityasingh/Library/Developer/Xcode/DerivedData/Chatlio-erkyzdeecsohoaggpwbjdvavzqfv/Build/Intermediates.noindex/PostHog.build/Debug-iphonesimulator/phlibwebp.build/Objects-normal/x86_64/7187679823f38a2a940e0043cdf9d637-common-args.resp
    
    /Applications/Xcode.app/Contents/Developer/Toolchains/XcodeDefault.xctoolchain/usr/bin/clang -x c -ivfsstatcache /Users/aadityasingh/Library/Developer/Xcode/DerivedData/SDKStatCaches.noindex/iphonesimulator26.4-23E252-686eebb5dc1d8ecb277353a59184f4aa.sdkstatcache -target x86_64-apple-ios13.0-simulator -fmessage-length\=0 -fdiagnostics-show-note-include-stack -fmacro-backtrace-limit\=0 -fno-color-diagnostics -fmodules-prune-interval\=86400 -fmodules-prune-after\=345600 -fbuild-session-file\=/Users/aadityasingh/Library/Developer/Xcode/DerivedData/ModuleCache.noindex/Session.modulevalidation -fmodules-validate-once-per-build-session -Wnon-modular-include-in-framework-module -Werror\=non-modular-include-in-framework-module -Wno-trigraphs -Wno-missing-field-initializers -Wno-missing-prototypes -Wno-return-type -Wno-missing-braces -Wparentheses -Wswitch -Wno-unused-function -Wno-unused-label -Wno-unused-parameter -Wno-unused-variable -Wunused-value -Wno-empty-body -Wno-uninitialized -Wno-unknown-pragmas -w -Wno-shadow -Wno-four-char-constants -Wno-conversion -Wno-constant-conversion -Wno-int-conversion -Wno-bool-conversion -Wno-enum-conversion -Wno-float-conversion -Wno-non-literal-null-conversion -Wno-objc-literal-conversion -Wshorten-64-to-32 -Wpointer-sign -Wno-newline-eof -Wno-implicit-fallthrough -isysroot /Applications/Xcode.app/Contents/Developer/Platforms/iPhoneSimulator.platform/Developer/SDKs/iPhoneSimulator26.4.sdk -fstrict-aliasing -Wdeprecated-declarations -Wno-sign-conversion -Wno-infinite-recursion -Wno-comma -Wno-block-capture-autoreleasing -Wno-strict-prototypes -Wno-semicolon-before-method-body -index-store-path /Users/aadityasingh/Library/Developer/Xcode/DerivedData/Chatlio-erkyzdeecsohoaggpwbjdvavzqfv/Index.noindex/DataStore @/Users/aadityasingh/Library/Developer/Xcode/DerivedData/Chatlio-erkyzdeecsohoaggpwbjdvavzqfv/Build/Intermediates.noindex/PostHog.build/Debug-iphonesimulator/phlibwebp.build/Objects-normal/x86_64/7187679823f38a2a940e0043cdf9d637-common-args.resp -MMD -MT dependencies -MF /Users/aadityasingh/Library/Developer/Xcode/DerivedData/Chatlio-erkyzdeecsohoaggpwbjdvavzqfv/Build/Intermediates.noindex/PostHog.build/Debug-iphonesimulator/phlibwebp.build/Objects-normal/x86_64/picture_tools_enc.d --serialize-diagnostics /Users/aadityasingh/Library/Developer/Xcode/DerivedData/Chatlio-erkyzdeecsohoaggpwbjdvavzqfv/Build/Intermediates.noindex/PostHog.build/Debug-iphonesimulator/phlibwebp.build/Objects-normal/x86_64/picture_tools_enc.dia -c /Users/aadityasingh/Library/Developer/Xcode/DerivedData/Chatlio-erkyzdeecsohoaggpwbjdvavzqfv/SourcePackages/checkouts/posthog-ios/vendor/libwebp/picture_tools_enc.c -o /Users/aadityasingh/Library/Developer/Xcode/DerivedData/Chatlio-erkyzdeecsohoaggpwbjdvavzqfv/Build/Intermediates.noindex/PostHog.build/Debug-iphonesimulator/phlibwebp.build/Objects-normal/x86_64/picture_tools_enc.o -index-unit-output-path /PostHog.build/Debug-iphonesimulator/phlibwebp.build/Objects-normal/x86_64/picture_tools_enc.o

CompileC /Users/aadityasingh/Library/Developer/Xcode/DerivedData/Chatlio-erkyzdeecsohoaggpwbjdvavzqfv/Build/Intermediates.noindex/PostHog.build/Debug-iphonesimulator/phlibwebp.build/Objects-normal/x86_64/picture_rescale_enc.o /Users/aadityasingh/Library/Developer/Xcode/DerivedData/Chatlio-erkyzdeecsohoaggpwbjdvavzqfv/SourcePackages/checkouts/posthog-ios/vendor/libwebp/picture_rescale_enc.c normal x86_64 c com.apple.compilers.llvm.clang.1_0.compiler (in target 'phlibwebp' from project 'PostHog')
    cd /Users/aadityasingh/Documents/Development/element-x-ios/Chatlio.xcodeproj
    
    Using response file: /Users/aadityasingh/Library/Developer/Xcode/DerivedData/Chatlio-erkyzdeecsohoaggpwbjdvavzqfv/Build/Intermediates.noindex/PostHog.build/Debug-iphonesimulator/phlibwebp.build/Objects-normal/x86_64/7187679823f38a2a940e0043cdf9d637-common-args.resp
    
    /Applications/Xcode.app/Contents/Developer/Toolchains/XcodeDefault.xctoolchain/usr/bin/clang -x c -ivfsstatcache /Users/aadityasingh/Library/Developer/Xcode/DerivedData/SDKStatCaches.noindex/iphonesimulator26.4-23E252-686eebb5dc1d8ecb277353a59184f4aa.sdkstatcache -target x86_64-apple-ios13.0-simulator -fmessage-length\=0 -fdiagnostics-show-note-include-stack -fmacro-backtrace-limit\=0 -fno-color-diagnostics -fmodules-prune-interval\=86400 -fmodules-prune-after\=345600 -fbuild-session-file\=/Users/aadityasingh/Library/Developer/Xcode/DerivedData/ModuleCache.noindex/Session.modulevalidation -fmodules-validate-once-per-build-session -Wnon-modular-include-in-framework-module -Werror\=non-modular-include-in-framework-module -Wno-trigraphs -Wno-missing-field-initializers -Wno-missing-prototypes -Wno-return-type -Wno-missing-braces -Wparentheses -Wswitch -Wno-unused-function -Wno-unused-label -Wno-unused-parameter -Wno-unused-variable -Wunused-value -Wno-empty-body -Wno-uninitialized -Wno-unknown-pragmas -w -Wno-shadow -Wno-four-char-constants -Wno-conversion -Wno-constant-conversion -Wno-int-conversion -Wno-bool-conversion -Wno-enum-conversion -Wno-float-conversion -Wno-non-literal-null-conversion -Wno-objc-literal-conversion -Wshorten-64-to-32 -Wpointer-sign -Wno-newline-eof -Wno-implicit-fallthrough -isysroot /Applications/Xcode.app/Contents/Developer/Platforms/iPhoneSimulator.platform/Developer/SDKs/iPhoneSimulator26.4.sdk -fstrict-aliasing -Wdeprecated-declarations -Wno-sign-conversion -Wno-infinite-recursion -Wno-comma -Wno-block-capture-autoreleasing -Wno-strict-prototypes -Wno-semicolon-before-method-body -index-store-path /Users/aadityasingh/Library/Developer/Xcode/DerivedData/Chatlio-erkyzdeecsohoaggpwbjdvavzqfv/Index.noindex/DataStore @/Users/aadityasingh/Library/Developer/Xcode/DerivedData/Chatlio-erkyzdeecsohoaggpwbjdvavzqfv/Build/Intermediates.noindex/PostHog.build/Debug-iphonesimulator/phlibwebp.build/Objects-normal/x86_64/7187679823f38a2a940e0043cdf9d637-common-args.resp -MMD -MT dependencies -MF /Users/aadityasingh/Library/Developer/Xcode/DerivedData/Chatlio-erkyzdeecsohoaggpwbjdvavzqfv/Build/Intermediates.noindex/PostHog.build/Debug-iphonesimulator/phlibwebp.build/Objects-normal/x86_64/picture_rescale_enc.d --serialize-diagnostics /Users/aadityasingh/Library/Developer/Xcode/DerivedData/Chatlio-erkyzdeecsohoaggpwbjdvavzqfv/Build/Intermediates.noindex/PostHog.build/Debug-iphonesimulator/phlibwebp.build/Objects-normal/x86_64/picture_rescale_enc.dia -c /Users/aadityasingh/Library/Developer/Xcode/DerivedData/Chatlio-erkyzdeecsohoaggpwbjdvavzqfv/SourcePackages/checkouts/posthog-ios/vendor/libwebp/picture_rescale_enc.c -o /Users/aadityasingh/Library/Developer/Xcode/DerivedData/Chatlio-erkyzdeecsohoaggpwbjdvavzqfv/Build/Intermediates.noindex/PostHog.build/Debug-iphonesimulator/phlibwebp.build/Objects-normal/x86_64/picture_rescale_enc.o -index-unit-output-path /PostHog.build/Debug-iphonesimulator/phlibwebp.build/Objects-normal/x86_64/picture_rescale_enc.o

CompileC /Users/aadityasingh/Library/Developer/Xcode/DerivedData/Chatlio-erkyzdeecsohoaggpwbjdvavzqfv/Build/Intermediates.noindex/PostHog.build/Debug-iphonesimulator/phlibwebp.build/Objects-normal/x86_64/picture_psnr_enc.o /Users/aadityasingh/Library/Developer/Xcode/DerivedData/Chatlio-erkyzdeecsohoaggpwbjdvavzqfv/SourcePackages/checkouts/posthog-ios/vendor/libwebp/picture_psnr_enc.c normal x86_64 c com.apple.compilers.llvm.clang.1_0.compiler (in target 'phlibwebp' from project 'PostHog')
    cd /Users/aadityasingh/Documents/Development/element-x-ios/Chatlio.xcodeproj
    
    Using response file: /Users/aadityasingh/Library/Developer/Xcode/DerivedData/Chatlio-erkyzdeecsohoaggpwbjdvavzqfv/Build/Intermediates.noindex/PostHog.build/Debug-iphonesimulator/phlibwebp.build/Objects-normal/x86_64/7187679823f38a2a940e0043cdf9d637-common-args.resp
    
    /Applications/Xcode.app/Contents/Developer/Toolchains/XcodeDefault.xctoolchain/usr/bin/clang -x c -ivfsstatcache /Users/aadityasingh/Library/Developer/Xcode/DerivedData/SDKStatCaches.noindex/iphonesimulator26.4-23E252-686eebb5dc1d8ecb277353a59184f4aa.sdkstatcache -target x86_64-apple-ios13.0-simulator -fmessage-length\=0 -fdiagnostics-show-note-include-stack -fmacro-backtrace-limit\=0 -fno-color-diagnostics -fmodules-prune-interval\=86400 -fmodules-prune-after\=345600 -fbuild-session-file\=/Users/aadityasingh/Library/Developer/Xcode/DerivedData/ModuleCache.noindex/Session.modulevalidation -fmodules-validate-once-per-build-session -Wnon-modular-include-in-framework-module -Werror\=non-modular-include-in-framework-module -Wno-trigraphs -Wno-missing-field-initializers -Wno-missing-prototypes -Wno-return-type -Wno-missing-braces -Wparentheses -Wswitch -Wno-unused-function -Wno-unused-label -Wno-unused-parameter -Wno-unused-variable -Wunused-value -Wno-empty-body -Wno-uninitialized -Wno-unknown-pragmas -w -Wno-shadow -Wno-four-char-constants -Wno-conversion -Wno-constant-conversion -Wno-int-conversion -Wno-bool-conversion -Wno-enum-conversion -Wno-float-conversion -Wno-non-literal-null-conversion -Wno-objc-literal-conversion -Wshorten-64-to-32 -Wpointer-sign -Wno-newline-eof -Wno-implicit-fallthrough -isysroot /Applications/Xcode.app/Contents/Developer/Platforms/iPhoneSimulator.platform/Developer/SDKs/iPhoneSimulator26.4.sdk -fstrict-aliasing -Wdeprecated-declarations -Wno-sign-conversion -Wno-infinite-recursion -Wno-comma -Wno-block-capture-autoreleasing -Wno-strict-prototypes -Wno-semicolon-before-method-body -index-store-path /Users/aadityasingh/Library/Developer/Xcode/DerivedData/Chatlio-erkyzdeecsohoaggpwbjdvavzqfv/Index.noindex/DataStore @/Users/aadityasingh/Library/Developer/Xcode/DerivedData/Chatlio-erkyzdeecsohoaggpwbjdvavzqfv/Build/Intermediates.noindex/PostHog.build/Debug-iphonesimulator/phlibwebp.build/Objects-normal/x86_64/7187679823f38a2a940e0043cdf9d637-common-args.resp -MMD -MT dependencies -MF /Users/aadityasingh/Library/Developer/Xcode/DerivedData/Chatlio-erkyzdeecsohoaggpwbjdvavzqfv/Build/Intermediates.noindex/PostHog.build/Debug-iphonesimulator/phlibwebp.build/Objects-normal/x86_64/picture_psnr_enc.d --serialize-diagnostics /Users/aadityasingh/Library/Developer/Xcode/DerivedData/Chatlio-erkyzdeecsohoaggpwbjdvavzqfv/Build/Intermediates.noindex/PostHog.build/Debug-iphonesimulator/phlibwebp.build/Objects-normal/x86_64/picture_psnr_enc.dia -c /Users/aadityasingh/Library/Developer/Xcode/DerivedData/Chatlio-erkyzdeecsohoaggpwbjdvavzqfv/SourcePackages/checkouts/posthog-ios/vendor/libwebp/picture_psnr_enc.c -o /Users/aadityasingh/Library/Developer/Xcode/DerivedData/Chatlio-erkyzdeecsohoaggpwbjdvavzqfv/Build/Intermediates.noindex/PostHog.build/Debug-iphonesimulator/phlibwebp.build/Objects-normal/x86_64/picture_psnr_enc.o -index-unit-output-path /PostHog.build/Debug-iphonesimulator/phlibwebp.build/Objects-normal/x86_64/picture_psnr_enc.o

CompileC /Users/aadityasingh/Library/Developer/Xcode/DerivedData/Chatlio-erkyzdeecsohoaggpwbjdvavzqfv/Build/Intermediates.noindex/PostHog.build/Debug-iphonesimulator/phlibwebp.build/Objects-normal/x86_64/picture_enc.o /Users/aadityasingh/Library/Developer/Xcode/DerivedData/Chatlio-erkyzdeecsohoaggpwbjdvavzqfv/SourcePackages/checkouts/posthog-ios/vendor/libwebp/picture_enc.c normal x86_64 c com.apple.compilers.llvm.clang.1_0.compiler (in target 'phlibwebp' from project 'PostHog')
    cd /Users/aadityasingh/Documents/Development/element-x-ios/Chatlio.xcodeproj
    
    Using response file: /Users/aadityasingh/Library/Developer/Xcode/DerivedData/Chatlio-erkyzdeecsohoaggpwbjdvavzqfv/Build/Intermediates.noindex/PostHog.build/Debug-iphonesimulator/phlibwebp.build/Objects-normal/x86_64/7187679823f38a2a940e0043cdf9d637-common-args.resp
    
    /Applications/Xcode.app/Contents/Developer/Toolchains/XcodeDefault.xctoolchain/usr/bin/clang -x c -ivfsstatcache /Users/aadityasingh/Library/Developer/Xcode/DerivedData/SDKStatCaches.noindex/iphonesimulator26.4-23E252-686eebb5dc1d8ecb277353a59184f4aa.sdkstatcache -target x86_64-apple-ios13.0-simulator -fmessage-length\=0 -fdiagnostics-show-note-include-stack -fmacro-backtrace-limit\=0 -fno-color-diagnostics -fmodules-prune-interval\=86400 -fmodules-prune-after\=345600 -fbuild-session-file\=/Users/aadityasingh/Library/Developer/Xcode/DerivedData/ModuleCache.noindex/Session.modulevalidation -fmodules-validate-once-per-build-session -Wnon-modular-include-in-framework-module -Werror\=non-modular-include-in-framework-module -Wno-trigraphs -Wno-missing-field-initializers -Wno-missing-prototypes -Wno-return-type -Wno-missing-braces -Wparentheses -Wswitch -Wno-unused-function -Wno-unused-label -Wno-unused-parameter -Wno-unused-variable -Wunused-value -Wno-empty-body -Wno-uninitialized -Wno-unknown-pragmas -w -Wno-shadow -Wno-four-char-constants -Wno-conversion -Wno-constant-conversion -Wno-int-conversion -Wno-bool-conversion -Wno-enum-conversion -Wno-float-conversion -Wno-non-literal-null-conversion -Wno-objc-literal-conversion -Wshorten-64-to-32 -Wpointer-sign -Wno-newline-eof -Wno-implicit-fallthrough -isysroot /Applications/Xcode.app/Contents/Developer/Platforms/iPhoneSimulator.platform/Developer/SDKs/iPhoneSimulator26.4.sdk -fstrict-aliasing -Wdeprecated-declarations -Wno-sign-conversion -Wno-infinite-recursion -Wno-comma -Wno-block-capture-autoreleasing -Wno-strict-prototypes -Wno-semicolon-before-method-body -index-store-path /Users/aadityasingh/Library/Developer/Xcode/DerivedData/Chatlio-erkyzdeecsohoaggpwbjdvavzqfv/Index.noindex/DataStore @/Users/aadityasingh/Library/Developer/Xcode/DerivedData/Chatlio-erkyzdeecsohoaggpwbjdvavzqfv/Build/Intermediates.noindex/PostHog.build/Debug-iphonesimulator/phlibwebp.build/Objects-normal/x86_64/7187679823f38a2a940e0043cdf9d637-common-args.resp -MMD -MT dependencies -MF /Users/aadityasingh/Library/Developer/Xcode/DerivedData/Chatlio-erkyzdeecsohoaggpwbjdvavzqfv/Build/Intermediates.noindex/PostHog.build/Debug-iphonesimulator/phlibwebp.build/Objects-normal/x86_64/picture_enc.d --serialize-diagnostics /Users/aadityasingh/Library/Developer/Xcode/DerivedData/Chatlio-erkyzdeecsohoaggpwbjdvavzqfv/Build/Intermediates.noindex/PostHog.build/Debug-iphonesimulator/phlibwebp.build/Objects-normal/x86_64/picture_enc.dia -c /Users/aadityasingh/Library/Developer/Xcode/DerivedData/Chatlio-erkyzdeecsohoaggpwbjdvavzqfv/SourcePackages/checkouts/posthog-ios/vendor/libwebp/picture_enc.c -o /Users/aadityasingh/Library/Developer/Xcode/DerivedData/Chatlio-erkyzdeecsohoaggpwbjdvavzqfv/Build/Intermediates.noindex/PostHog.build/Debug-iphonesimulator/phlibwebp.build/Objects-normal/x86_64/picture_enc.o -index-unit-output-path /PostHog.build/Debug-iphonesimulator/phlibwebp.build/Objects-normal/x86_64/picture_enc.o

CompileC /Users/aadityasingh/Library/Developer/Xcode/DerivedData/Chatlio-erkyzdeecsohoaggpwbjdvavzqfv/Build/Intermediates.noindex/PostHog.build/Debug-iphonesimulator/phlibwebp.build/Objects-normal/x86_64/picture_csp_enc.o /Users/aadityasingh/Library/Developer/Xcode/DerivedData/Chatlio-erkyzdeecsohoaggpwbjdvavzqfv/SourcePackages/checkouts/posthog-ios/vendor/libwebp/picture_csp_enc.c normal x86_64 c com.apple.compilers.llvm.clang.1_0.compiler (in target 'phlibwebp' from project 'PostHog')
    cd /Users/aadityasingh/Documents/Development/element-x-ios/Chatlio.xcodeproj
    
    Using response file: /Users/aadityasingh/Library/Developer/Xcode/DerivedData/Chatlio-erkyzdeecsohoaggpwbjdvavzqfv/Build/Intermediates.noindex/PostHog.build/Debug-iphonesimulator/phlibwebp.build/Objects-normal/x86_64/7187679823f38a2a940e0043cdf9d637-common-args.resp
    
    /Applications/Xcode.app/Contents/Developer/Toolchains/XcodeDefault.xctoolchain/usr/bin/clang -x c -ivfsstatcache /Users/aadityasingh/Library/Developer/Xcode/DerivedData/SDKStatCaches.noindex/iphonesimulator26.4-23E252-686eebb5dc1d8ecb277353a59184f4aa.sdkstatcache -target x86_64-apple-ios13.0-simulator -fmessage-length\=0 -fdiagnostics-show-note-include-stack -fmacro-backtrace-limit\=0 -fno-color-diagnostics -fmodules-prune-interval\=86400 -fmodules-prune-after\=345600 -fbuild-session-file\=/Users/aadityasingh/Library/Developer/Xcode/DerivedData/ModuleCache.noindex/Session.modulevalidation -fmodules-validate-once-per-build-session -Wnon-modular-include-in-framework-module -Werror\=non-modular-include-in-framework-module -Wno-trigraphs -Wno-missing-field-initializers -Wno-missing-prototypes -Wno-return-type -Wno-missing-braces -Wparentheses -Wswitch -Wno-unused-function -Wno-unused-label -Wno-unused-parameter -Wno-unused-variable -Wunused-value -Wno-empty-body -Wno-uninitialized -Wno-unknown-pragmas -w -Wno-shadow -Wno-four-char-constants -Wno-conversion -Wno-constant-conversion -Wno-int-conversion -Wno-bool-conversion -Wno-enum-conversion -Wno-float-conversion -Wno-non-literal-null-conversion -Wno-objc-literal-conversion -Wshorten-64-to-32 -Wpointer-sign -Wno-newline-eof -Wno-implicit-fallthrough -isysroot /Applications/Xcode.app/Contents/Developer/Platforms/iPhoneSimulator.platform/Developer/SDKs/iPhoneSimulator26.4.sdk -fstrict-aliasing -Wdeprecated-declarations -Wno-sign-conversion -Wno-infinite-recursion -Wno-comma -Wno-block-capture-autoreleasing -Wno-strict-prototypes -Wno-semicolon-before-method-body -index-store-path /Users/aadityasingh/Library/Developer/Xcode/DerivedData/Chatlio-erkyzdeecsohoaggpwbjdvavzqfv/Index.noindex/DataStore @/Users/aadityasingh/Library/Developer/Xcode/DerivedData/Chatlio-erkyzdeecsohoaggpwbjdvavzqfv/Build/Intermediates.noindex/PostHog.build/Debug-iphonesimulator/phlibwebp.build/Objects-normal/x86_64/7187679823f38a2a940e0043cdf9d637-common-args.resp -MMD -MT dependencies -MF /Users/aadityasingh/Library/Developer/Xcode/DerivedData/Chatlio-erkyzdeecsohoaggpwbjdvavzqfv/Build/Intermediates.noindex/PostHog.build/Debug-iphonesimulator/phlibwebp.build/Objects-normal/x86_64/picture_csp_enc.d --serialize-diagnostics /Users/aadityasingh/Library/Developer/Xcode/DerivedData/Chatlio-erkyzdeecsohoaggpwbjdvavzqfv/Build/Intermediates.noindex/PostHog.build/Debug-iphonesimulator/phlibwebp.build/Objects-normal/x86_64/picture_csp_enc.dia -c /Users/aadityasingh/Library/Developer/Xcode/DerivedData/Chatlio-erkyzdeecsohoaggpwbjdvavzqfv/SourcePackages/checkouts/posthog-ios/vendor/libwebp/picture_csp_enc.c -o /Users/aadityasingh/Library/Developer/Xcode/DerivedData/Chatlio-erkyzdeecsohoaggpwbjdvavzqfv/Build/Intermediates.noindex/PostHog.build/Debug-iphonesimulator/phlibwebp.build/Objects-normal/x86_64/picture_csp_enc.o -index-unit-output-path /PostHog.build/Debug-iphonesimulator/phlibwebp.build/Objects-normal/x86_64/picture_csp_enc.o

CompileC /Users/aadityasingh/Library/Developer/Xcode/DerivedData/Chatlio-erkyzdeecsohoaggpwbjdvavzqfv/Build/Intermediates.noindex/PostHog.build/Debug-iphonesimulator/phlibwebp.build/Objects-normal/x86_64/palette.o /Users/aadityasingh/Library/Developer/Xcode/DerivedData/Chatlio-erkyzdeecsohoaggpwbjdvavzqfv/SourcePackages/checkouts/posthog-ios/vendor/libwebp/palette.c normal x86_64 c com.apple.compilers.llvm.clang.1_0.compiler (in target 'phlibwebp' from project 'PostHog')
    cd /Users/aadityasingh/Documents/Development/element-x-ios/Chatlio.xcodeproj
    
    Using response file: /Users/aadityasingh/Library/Developer/Xcode/DerivedData/Chatlio-erkyzdeecsohoaggpwbjdvavzqfv/Build/Intermediates.noindex/PostHog.build/Debug-iphonesimulator/phlibwebp.build/Objects-normal/x86_64/7187679823f38a2a940e0043cdf9d637-common-args.resp
    
    /Applications/Xcode.app/Contents/Developer/Toolchains/XcodeDefault.xctoolchain/usr/bin/clang -x c -ivfsstatcache /Users/aadityasingh/Library/Developer/Xcode/DerivedData/SDKStatCaches.noindex/iphonesimulator26.4-23E252-686eebb5dc1d8ecb277353a59184f4aa.sdkstatcache -target x86_64-apple-ios13.0-simulator -fmessage-length\=0 -fdiagnostics-show-note-include-stack -fmacro-backtrace-limit\=0 -fno-color-diagnostics -fmodules-prune-interval\=86400 -fmodules-prune-after\=345600 -fbuild-session-file\=/Users/aadityasingh/Library/Developer/Xcode/DerivedData/ModuleCache.noindex/Session.modulevalidation -fmodules-validate-once-per-build-session -Wnon-modular-include-in-framework-module -Werror\=non-modular-include-in-framework-module -Wno-trigraphs -Wno-missing-field-initializers -Wno-missing-prototypes -Wno-return-type -Wno-missing-braces -Wparentheses -Wswitch -Wno-unused-function -Wno-unused-label -Wno-unused-parameter -Wno-unused-variable -Wunused-value -Wno-empty-body -Wno-uninitialized -Wno-unknown-pragmas -w -Wno-shadow -Wno-four-char-constants -Wno-conversion -Wno-constant-conversion -Wno-int-conversion -Wno-bool-conversion -Wno-enum-conversion -Wno-float-conversion -Wno-non-literal-null-conversion -Wno-objc-literal-conversion -Wshorten-64-to-32 -Wpointer-sign -Wno-newline-eof -Wno-implicit-fallthrough -isysroot /Applications/Xcode.app/Contents/Developer/Platforms/iPhoneSimulator.platform/Developer/SDKs/iPhoneSimulator26.4.sdk -fstrict-aliasing -Wdeprecated-declarations -Wno-sign-conversion -Wno-infinite-recursion -Wno-comma -Wno-block-capture-autoreleasing -Wno-strict-prototypes -Wno-semicolon-before-method-body -index-store-path /Users/aadityasingh/Library/Developer/Xcode/DerivedData/Chatlio-erkyzdeecsohoaggpwbjdvavzqfv/Index.noindex/DataStore @/Users/aadityasingh/Library/Developer/Xcode/DerivedData/Chatlio-erkyzdeecsohoaggpwbjdvavzqfv/Build/Intermediates.noindex/PostHog.build/Debug-iphonesimulator/phlibwebp.build/Objects-normal/x86_64/7187679823f38a2a940e0043cdf9d637-common-args.resp -MMD -MT dependencies -MF /Users/aadityasingh/Library/Developer/Xcode/DerivedData/Chatlio-erkyzdeecsohoaggpwbjdvavzqfv/Build/Intermediates.noindex/PostHog.build/Debug-iphonesimulator/phlibwebp.build/Objects-normal/x86_64/palette.d --serialize-diagnostics /Users/aadityasingh/Library/Developer/Xcode/DerivedData/Chatlio-erkyzdeecsohoaggpwbjdvavzqfv/Build/Intermediates.noindex/PostHog.build/Debug-iphonesimulator/phlibwebp.build/Objects-normal/x86_64/palette.dia -c /Users/aadityasingh/Library/Developer/Xcode/DerivedData/Chatlio-erkyzdeecsohoaggpwbjdvavzqfv/SourcePackages/checkouts/posthog-ios/vendor/libwebp/palette.c -o /Users/aadityasingh/Library/Developer/Xcode/DerivedData/Chatlio-erkyzdeecsohoaggpwbjdvavzqfv/Build/Intermediates.noindex/PostHog.build/Debug-iphonesimulator/phlibwebp.build/Objects-normal/x86_64/palette.o -index-unit-output-path /PostHog.build/Debug-iphonesimulator/phlibwebp.build/Objects-normal/x86_64/palette.o

CompileC /Users/aadityasingh/Library/Developer/Xcode/DerivedData/Chatlio-erkyzdeecsohoaggpwbjdvavzqfv/Build/Intermediates.noindex/PostHog.build/Debug-iphonesimulator/phlibwebp.build/Objects-normal/x86_64/near_lossless_enc.o /Users/aadityasingh/Library/Developer/Xcode/DerivedData/Chatlio-erkyzdeecsohoaggpwbjdvavzqfv/SourcePackages/checkouts/posthog-ios/vendor/libwebp/near_lossless_enc.c normal x86_64 c com.apple.compilers.llvm.clang.1_0.compiler (in target 'phlibwebp' from project 'PostHog')
    cd /Users/aadityasingh/Documents/Development/element-x-ios/Chatlio.xcodeproj
    
    Using response file: /Users/aadityasingh/Library/Developer/Xcode/DerivedData/Chatlio-erkyzdeecsohoaggpwbjdvavzqfv/Build/Intermediates.noindex/PostHog.build/Debug-iphonesimulator/phlibwebp.build/Objects-normal/x86_64/7187679823f38a2a940e0043cdf9d637-common-args.resp
    
    /Applications/Xcode.app/Contents/Developer/Toolchains/XcodeDefault.xctoolchain/usr/bin/clang -x c -ivfsstatcache /Users/aadityasingh/Library/Developer/Xcode/DerivedData/SDKStatCaches.noindex/iphonesimulator26.4-23E252-686eebb5dc1d8ecb277353a59184f4aa.sdkstatcache -target x86_64-apple-ios13.0-simulator -fmessage-length\=0 -fdiagnostics-show-note-include-stack -fmacro-backtrace-limit\=0 -fno-color-diagnostics -fmodules-prune-interval\=86400 -fmodules-prune-after\=345600 -fbuild-session-file\=/Users/aadityasingh/Library/Developer/Xcode/DerivedData/ModuleCache.noindex/Session.modulevalidation -fmodules-validate-once-per-build-session -Wnon-modular-include-in-framework-module -Werror\=non-modular-include-in-framework-module -Wno-trigraphs -Wno-missing-field-initializers -Wno-missing-prototypes -Wno-return-type -Wno-missing-braces -Wparentheses -Wswitch -Wno-unused-function -Wno-unused-label -Wno-unused-parameter -Wno-unused-variable -Wunused-value -Wno-empty-body -Wno-uninitialized -Wno-unknown-pragmas -w -Wno-shadow -Wno-four-char-constants -Wno-conversion -Wno-constant-conversion -Wno-int-conversion -Wno-bool-conversion -Wno-enum-conversion -Wno-float-conversion -Wno-non-literal-null-conversion -Wno-objc-literal-conversion -Wshorten-64-to-32 -Wpointer-sign -Wno-newline-eof -Wno-implicit-fallthrough -isysroot /Applications/Xcode.app/Contents/Developer/Platforms/iPhoneSimulator.platform/Developer/SDKs/iPhoneSimulator26.4.sdk -fstrict-aliasing -Wdeprecated-declarations -Wno-sign-conversion -Wno-infinite-recursion -Wno-comma -Wno-block-capture-autoreleasing -Wno-strict-prototypes -Wno-semicolon-before-method-body -index-store-path /Users/aadityasingh/Library/Developer/Xcode/DerivedData/Chatlio-erkyzdeecsohoaggpwbjdvavzqfv/Index.noindex/DataStore @/Users/aadityasingh/Library/Developer/Xcode/DerivedData/Chatlio-erkyzdeecsohoaggpwbjdvavzqfv/Build/Intermediates.noindex/PostHog.build/Debug-iphonesimulator/phlibwebp.build/Objects-normal/x86_64/7187679823f38a2a940e0043cdf9d637-common-args.resp -MMD -MT dependencies -MF /Users/aadityasingh/Library/Developer/Xcode/DerivedData/Chatlio-erkyzdeecsohoaggpwbjdvavzqfv/Build/Intermediates.noindex/PostHog.build/Debug-iphonesimulator/phlibwebp.build/Objects-normal/x86_64/near_lossless_enc.d --serialize-diagnostics /Users/aadityasingh/Library/Developer/Xcode/DerivedData/Chatlio-erkyzdeecsohoaggpwbjdvavzqfv/Build/Intermediates.noindex/PostHog.build/Debug-iphonesimulator/phlibwebp.build/Objects-normal/x86_64/near_lossless_enc.dia -c /Users/aadityasingh/Library/Developer/Xcode/DerivedData/Chatlio-erkyzdeecsohoaggpwbjdvavzqfv/SourcePackages/checkouts/posthog-ios/vendor/libwebp/near_lossless_enc.c -o /Users/aadityasingh/Library/Developer/Xcode/DerivedData/Chatlio-erkyzdeecsohoaggpwbjdvavzqfv/Build/Intermediates.noindex/PostHog.build/Debug-iphonesimulator/phlibwebp.build/Objects-normal/x86_64/near_lossless_enc.o -index-unit-output-path /PostHog.build/Debug-iphonesimulator/phlibwebp.build/Objects-normal/x86_64/near_lossless_enc.o

CompileC /Users/aadityasingh/Library/Developer/Xcode/DerivedData/Chatlio-erkyzdeecsohoaggpwbjdvavzqfv/Build/Intermediates.noindex/PostHog.build/Debug-iphonesimulator/phlibwebp.build/Objects-normal/x86_64/muxread.o /Users/aadityasingh/Library/Developer/Xcode/DerivedData/Chatlio-erkyzdeecsohoaggpwbjdvavzqfv/SourcePackages/checkouts/posthog-ios/vendor/libwebp/muxread.c normal x86_64 c com.apple.compilers.llvm.clang.1_0.compiler (in target 'phlibwebp' from project 'PostHog')
    cd /Users/aadityasingh/Documents/Development/element-x-ios/Chatlio.xcodeproj
    
    Using response file: /Users/aadityasingh/Library/Developer/Xcode/DerivedData/Chatlio-erkyzdeecsohoaggpwbjdvavzqfv/Build/Intermediates.noindex/PostHog.build/Debug-iphonesimulator/phlibwebp.build/Objects-normal/x86_64/7187679823f38a2a940e0043cdf9d637-common-args.resp
    
    /Applications/Xcode.app/Contents/Developer/Toolchains/XcodeDefault.xctoolchain/usr/bin/clang -x c -ivfsstatcache /Users/aadityasingh/Library/Developer/Xcode/DerivedData/SDKStatCaches.noindex/iphonesimulator26.4-23E252-686eebb5dc1d8ecb277353a59184f4aa.sdkstatcache -target x86_64-apple-ios13.0-simulator -fmessage-length\=0 -fdiagnostics-show-note-include-stack -fmacro-backtrace-limit\=0 -fno-color-diagnostics -fmodules-prune-interval\=86400 -fmodules-prune-after\=345600 -fbuild-session-file\=/Users/aadityasingh/Library/Developer/Xcode/DerivedData/ModuleCache.noindex/Session.modulevalidation -fmodules-validate-once-per-build-session -Wnon-modular-include-in-framework-module -Werror\=non-modular-include-in-framework-module -Wno-trigraphs -Wno-missing-field-initializers -Wno-missing-prototypes -Wno-return-type -Wno-missing-braces -Wparentheses -Wswitch -Wno-unused-function -Wno-unused-label -Wno-unused-parameter -Wno-unused-variable -Wunused-value -Wno-empty-body -Wno-uninitialized -Wno-unknown-pragmas -w -Wno-shadow -Wno-four-char-constants -Wno-conversion -Wno-constant-conversion -Wno-int-conversion -Wno-bool-conversion -Wno-enum-conversion -Wno-float-conversion -Wno-non-literal-null-conversion -Wno-objc-literal-conversion -Wshorten-64-to-32 -Wpointer-sign -Wno-newline-eof -Wno-implicit-fallthrough -isysroot /Applications/Xcode.app/Contents/Developer/Platforms/iPhoneSimulator.platform/Developer/SDKs/iPhoneSimulator26.4.sdk -fstrict-aliasing -Wdeprecated-declarations -Wno-sign-conversion -Wno-infinite-recursion -Wno-comma -Wno-block-capture-autoreleasing -Wno-strict-prototypes -Wno-semicolon-before-method-body -index-store-path /Users/aadityasingh/Library/Developer/Xcode/DerivedData/Chatlio-erkyzdeecsohoaggpwbjdvavzqfv/Index.noindex/DataStore @/Users/aadityasingh/Library/Developer/Xcode/DerivedData/Chatlio-erkyzdeecsohoaggpwbjdvavzqfv/Build/Intermediates.noindex/PostHog.build/Debug-iphonesimulator/phlibwebp.build/Objects-normal/x86_64/7187679823f38a2a940e0043cdf9d637-common-args.resp -MMD -MT dependencies -MF /Users/aadityasingh/Library/Developer/Xcode/DerivedData/Chatlio-erkyzdeecsohoaggpwbjdvavzqfv/Build/Intermediates.noindex/PostHog.build/Debug-iphonesimulator/phlibwebp.build/Objects-normal/x86_64/muxread.d --serialize-diagnostics /Users/aadityasingh/Library/Developer/Xcode/DerivedData/Chatlio-erkyzdeecsohoaggpwbjdvavzqfv/Build/Intermediates.noindex/PostHog.build/Debug-iphonesimulator/phlibwebp.build/Objects-normal/x86_64/muxread.dia -c /Users/aadityasingh/Library/Developer/Xcode/DerivedData/Chatlio-erkyzdeecsohoaggpwbjdvavzqfv/SourcePackages/checkouts/posthog-ios/vendor/libwebp/muxread.c -o /Users/aadityasingh/Library/Developer/Xcode/DerivedData/Chatlio-erkyzdeecsohoaggpwbjdvavzqfv/Build/Intermediates.noindex/PostHog.build/Debug-iphonesimulator/phlibwebp.build/Objects-normal/x86_64/muxread.o -index-unit-output-path /PostHog.build/Debug-iphonesimulator/phlibwebp.build/Objects-normal/x86_64/muxread.o

CompileC /Users/aadityasingh/Library/Developer/Xcode/DerivedData/Chatlio-erkyzdeecsohoaggpwbjdvavzqfv/Build/Intermediates.noindex/PostHog.build/Debug-iphonesimulator/phlibwebp.build/Objects-normal/x86_64/muxinternal.o /Users/aadityasingh/Library/Developer/Xcode/DerivedData/Chatlio-erkyzdeecsohoaggpwbjdvavzqfv/SourcePackages/checkouts/posthog-ios/vendor/libwebp/muxinternal.c normal x86_64 c com.apple.compilers.llvm.clang.1_0.compiler (in target 'phlibwebp' from project 'PostHog')
    cd /Users/aadityasingh/Documents/Development/element-x-ios/Chatlio.xcodeproj
    
    Using response file: /Users/aadityasingh/Library/Developer/Xcode/DerivedData/Chatlio-erkyzdeecsohoaggpwbjdvavzqfv/Build/Intermediates.noindex/PostHog.build/Debug-iphonesimulator/phlibwebp.build/Objects-normal/x86_64/7187679823f38a2a940e0043cdf9d637-common-args.resp
    
    /Applications/Xcode.app/Contents/Developer/Toolchains/XcodeDefault.xctoolchain/usr/bin/clang -x c -ivfsstatcache /Users/aadityasingh/Library/Developer/Xcode/DerivedData/SDKStatCaches.noindex/iphonesimulator26.4-23E252-686eebb5dc1d8ecb277353a59184f4aa.sdkstatcache -target x86_64-apple-ios13.0-simulator -fmessage-length\=0 -fdiagnostics-show-note-include-stack -fmacro-backtrace-limit\=0 -fno-color-diagnostics -fmodules-prune-interval\=86400 -fmodules-prune-after\=345600 -fbuild-session-file\=/Users/aadityasingh/Library/Developer/Xcode/DerivedData/ModuleCache.noindex/Session.modulevalidation -fmodules-validate-once-per-build-session -Wnon-modular-include-in-framework-module -Werror\=non-modular-include-in-framework-module -Wno-trigraphs -Wno-missing-field-initializers -Wno-missing-prototypes -Wno-return-type -Wno-missing-braces -Wparentheses -Wswitch -Wno-unused-function -Wno-unused-label -Wno-unused-parameter -Wno-unused-variable -Wunused-value -Wno-empty-body -Wno-uninitialized -Wno-unknown-pragmas -w -Wno-shadow -Wno-four-char-constants -Wno-conversion -Wno-constant-conversion -Wno-int-conversion -Wno-bool-conversion -Wno-enum-conversion -Wno-float-conversion -Wno-non-literal-null-conversion -Wno-objc-literal-conversion -Wshorten-64-to-32 -Wpointer-sign -Wno-newline-eof -Wno-implicit-fallthrough -isysroot /Applications/Xcode.app/Contents/Developer/Platforms/iPhoneSimulator.platform/Developer/SDKs/iPhoneSimulator26.4.sdk -fstrict-aliasing -Wdeprecated-declarations -Wno-sign-conversion -Wno-infinite-recursion -Wno-comma -Wno-block-capture-autoreleasing -Wno-strict-prototypes -Wno-semicolon-before-method-body -index-store-path /Users/aadityasingh/Library/Developer/Xcode/DerivedData/Chatlio-erkyzdeecsohoaggpwbjdvavzqfv/Index.noindex/DataStore @/Users/aadityasingh/Library/Developer/Xcode/DerivedData/Chatlio-erkyzdeecsohoaggpwbjdvavzqfv/Build/Intermediates.noindex/PostHog.build/Debug-iphonesimulator/phlibwebp.build/Objects-normal/x86_64/7187679823f38a2a940e0043cdf9d637-common-args.resp -MMD -MT dependencies -MF /Users/aadityasingh/Library/Developer/Xcode/DerivedData/Chatlio-erkyzdeecsohoaggpwbjdvavzqfv/Build/Intermediates.noindex/PostHog.build/Debug-iphonesimulator/phlibwebp.build/Objects-normal/x86_64/muxinternal.d --serialize-diagnostics /Users/aadityasingh/Library/Developer/Xcode/DerivedData/Chatlio-erkyzdeecsohoaggpwbjdvavzqfv/Build/Intermediates.noindex/PostHog.build/Debug-iphonesimulator/phlibwebp.build/Objects-normal/x86_64/muxinternal.dia -c /Users/aadityasingh/Library/Developer/Xcode/DerivedData/Chatlio-erkyzdeecsohoaggpwbjdvavzqfv/SourcePackages/checkouts/posthog-ios/vendor/libwebp/muxinternal.c -o /Users/aadityasingh/Library/Developer/Xcode/DerivedData/Chatlio-erkyzdeecsohoaggpwbjdvavzqfv/Build/Intermediates.noindex/PostHog.build/Debug-iphonesimulator/phlibwebp.build/Objects-normal/x86_64/muxinternal.o -index-unit-output-path /PostHog.build/Debug-iphonesimulator/phlibwebp.build/Objects-normal/x86_64/muxinternal.o

CompileC /Users/aadityasingh/Library/Developer/Xcode/DerivedData/Chatlio-erkyzdeecsohoaggpwbjdvavzqfv/Build/Intermediates.noindex/PostHog.build/Debug-iphonesimulator/phlibwebp.build/Objects-normal/x86_64/muxedit.o /Users/aadityasingh/Library/Developer/Xcode/DerivedData/Chatlio-erkyzdeecsohoaggpwbjdvavzqfv/SourcePackages/checkouts/posthog-ios/vendor/libwebp/muxedit.c normal x86_64 c com.apple.compilers.llvm.clang.1_0.compiler (in target 'phlibwebp' from project 'PostHog')
    cd /Users/aadityasingh/Documents/Development/element-x-ios/Chatlio.xcodeproj
    
    Using response file: /Users/aadityasingh/Library/Developer/Xcode/DerivedData/Chatlio-erkyzdeecsohoaggpwbjdvavzqfv/Build/Intermediates.noindex/PostHog.build/Debug-iphonesimulator/phlibwebp.build/Objects-normal/x86_64/7187679823f38a2a940e0043cdf9d637-common-args.resp
    
    /Applications/Xcode.app/Contents/Developer/Toolchains/XcodeDefault.xctoolchain/usr/bin/clang -x c -ivfsstatcache /Users/aadityasingh/Library/Developer/Xcode/DerivedData/SDKStatCaches.noindex/iphonesimulator26.4-23E252-686eebb5dc1d8ecb277353a59184f4aa.sdkstatcache -target x86_64-apple-ios13.0-simulator -fmessage-length\=0 -fdiagnostics-show-note-include-stack -fmacro-backtrace-limit\=0 -fno-color-diagnostics -fmodules-prune-interval\=86400 -fmodules-prune-after\=345600 -fbuild-session-file\=/Users/aadityasingh/Library/Developer/Xcode/DerivedData/ModuleCache.noindex/Session.modulevalidation -fmodules-validate-once-per-build-session -Wnon-modular-include-in-framework-module -Werror\=non-modular-include-in-framework-module -Wno-trigraphs -Wno-missing-field-initializers -Wno-missing-prototypes -Wno-return-type -Wno-missing-braces -Wparentheses -Wswitch -Wno-unused-function -Wno-unused-label -Wno-unused-parameter -Wno-unused-variable -Wunused-value -Wno-empty-body -Wno-uninitialized -Wno-unknown-pragmas -w -Wno-shadow -Wno-four-char-constants -Wno-conversion -Wno-constant-conversion -Wno-int-conversion -Wno-bool-conversion -Wno-enum-conversion -Wno-float-conversion -Wno-non-literal-null-conversion -Wno-objc-literal-conversion -Wshorten-64-to-32 -Wpointer-sign -Wno-newline-eof -Wno-implicit-fallthrough -isysroot /Applications/Xcode.app/Contents/Developer/Platforms/iPhoneSimulator.platform/Developer/SDKs/iPhoneSimulator26.4.sdk -fstrict-aliasing -Wdeprecated-declarations -Wno-sign-conversion -Wno-infinite-recursion -Wno-comma -Wno-block-capture-autoreleasing -Wno-strict-prototypes -Wno-semicolon-before-method-body -index-store-path /Users/aadityasingh/Library/Developer/Xcode/DerivedData/Chatlio-erkyzdeecsohoaggpwbjdvavzqfv/Index.noindex/DataStore @/Users/aadityasingh/Library/Developer/Xcode/DerivedData/Chatlio-erkyzdeecsohoaggpwbjdvavzqfv/Build/Intermediates.noindex/PostHog.build/Debug-iphonesimulator/phlibwebp.build/Objects-normal/x86_64/7187679823f38a2a940e0043cdf9d637-common-args.resp -MMD -MT dependencies -MF /Users/aadityasingh/Library/Developer/Xcode/DerivedData/Chatlio-erkyzdeecsohoaggpwbjdvavzqfv/Build/Intermediates.noindex/PostHog.build/Debug-iphonesimulator/phlibwebp.build/Objects-normal/x86_64/muxedit.d --serialize-diagnostics /Users/aadityasingh/Library/Developer/Xcode/DerivedData/Chatlio-erkyzdeecsohoaggpwbjdvavzqfv/Build/Intermediates.noindex/PostHog.build/Debug-iphonesimulator/phlibwebp.build/Objects-normal/x86_64/muxedit.dia -c /Users/aadityasingh/Library/Developer/Xcode/DerivedData/Chatlio-erkyzdeecsohoaggpwbjdvavzqfv/SourcePackages/checkouts/posthog-ios/vendor/libwebp/muxedit.c -o /Users/aadityasingh/Library/Developer/Xcode/DerivedData/Chatlio-erkyzdeecsohoaggpwbjdvavzqfv/Build/Intermediates.noindex/PostHog.build/Debug-iphonesimulator/phlibwebp.build/Objects-normal/x86_64/muxedit.o -index-unit-output-path /PostHog.build/Debug-iphonesimulator/phlibwebp.build/Objects-normal/x86_64/muxedit.o

CompileC /Users/aadityasingh/Library/Developer/Xcode/DerivedData/Chatlio-erkyzdeecsohoaggpwbjdvavzqfv/Build/Intermediates.noindex/PostHog.build/Debug-iphonesimulator/phlibwebp.build/Objects-normal/x86_64/lossless_sse41.o /Users/aadityasingh/Library/Developer/Xcode/DerivedData/Chatlio-erkyzdeecsohoaggpwbjdvavzqfv/SourcePackages/checkouts/posthog-ios/vendor/libwebp/lossless_sse41.c normal x86_64 c com.apple.compilers.llvm.clang.1_0.compiler (in target 'phlibwebp' from project 'PostHog')
    cd /Users/aadityasingh/Documents/Development/element-x-ios/Chatlio.xcodeproj
    
    Using response file: /Users/aadityasingh/Library/Developer/Xcode/DerivedData/Chatlio-erkyzdeecsohoaggpwbjdvavzqfv/Build/Intermediates.noindex/PostHog.build/Debug-iphonesimulator/phlibwebp.build/Objects-normal/x86_64/7187679823f38a2a940e0043cdf9d637-common-args.resp
    
    /Applications/Xcode.app/Contents/Developer/Toolchains/XcodeDefault.xctoolchain/usr/bin/clang -x c -ivfsstatcache /Users/aadityasingh/Library/Developer/Xcode/DerivedData/SDKStatCaches.noindex/iphonesimulator26.4-23E252-686eebb5dc1d8ecb277353a59184f4aa.sdkstatcache -target x86_64-apple-ios13.0-simulator -fmessage-length\=0 -fdiagnostics-show-note-include-stack -fmacro-backtrace-limit\=0 -fno-color-diagnostics -fmodules-prune-interval\=86400 -fmodules-prune-after\=345600 -fbuild-session-file\=/Users/aadityasingh/Library/Developer/Xcode/DerivedData/ModuleCache.noindex/Session.modulevalidation -fmodules-validate-once-per-build-session -Wnon-modular-include-in-framework-module -Werror\=non-modular-include-in-framework-module -Wno-trigraphs -Wno-missing-field-initializers -Wno-missing-prototypes -Wno-return-type -Wno-missing-braces -Wparentheses -Wswitch -Wno-unused-function -Wno-unused-label -Wno-unused-parameter -Wno-unused-variable -Wunused-value -Wno-empty-body -Wno-uninitialized -Wno-unknown-pragmas -w -Wno-shadow -Wno-four-char-constants -Wno-conversion -Wno-constant-conversion -Wno-int-conversion -Wno-bool-conversion -Wno-enum-conversion -Wno-float-conversion -Wno-non-literal-null-conversion -Wno-objc-literal-conversion -Wshorten-64-to-32 -Wpointer-sign -Wno-newline-eof -Wno-implicit-fallthrough -isysroot /Applications/Xcode.app/Contents/Developer/Platforms/iPhoneSimulator.platform/Developer/SDKs/iPhoneSimulator26.4.sdk -fstrict-aliasing -Wdeprecated-declarations -Wno-sign-conversion -Wno-infinite-recursion -Wno-comma -Wno-block-capture-autoreleasing -Wno-strict-prototypes -Wno-semicolon-before-method-body -index-store-path /Users/aadityasingh/Library/Developer/Xcode/DerivedData/Chatlio-erkyzdeecsohoaggpwbjdvavzqfv/Index.noindex/DataStore @/Users/aadityasingh/Library/Developer/Xcode/DerivedData/Chatlio-erkyzdeecsohoaggpwbjdvavzqfv/Build/Intermediates.noindex/PostHog.build/Debug-iphonesimulator/phlibwebp.build/Objects-normal/x86_64/7187679823f38a2a940e0043cdf9d637-common-args.resp -MMD -MT dependencies -MF /Users/aadityasingh/Library/Developer/Xcode/DerivedData/Chatlio-erkyzdeecsohoaggpwbjdvavzqfv/Build/Intermediates.noindex/PostHog.build/Debug-iphonesimulator/phlibwebp.build/Objects-normal/x86_64/lossless_sse41.d --serialize-diagnostics /Users/aadityasingh/Library/Developer/Xcode/DerivedData/Chatlio-erkyzdeecsohoaggpwbjdvavzqfv/Build/Intermediates.noindex/PostHog.build/Debug-iphonesimulator/phlibwebp.build/Objects-normal/x86_64/lossless_sse41.dia -c /Users/aadityasingh/Library/Developer/Xcode/DerivedData/Chatlio-erkyzdeecsohoaggpwbjdvavzqfv/SourcePackages/checkouts/posthog-ios/vendor/libwebp/lossless_sse41.c -o /Users/aadityasingh/Library/Developer/Xcode/DerivedData/Chatlio-erkyzdeecsohoaggpwbjdvavzqfv/Build/Intermediates.noindex/PostHog.build/Debug-iphonesimulator/phlibwebp.build/Objects-normal/x86_64/lossless_sse41.o -index-unit-output-path /PostHog.build/Debug-iphonesimulator/phlibwebp.build/Objects-normal/x86_64/lossless_sse41.o

CompileC /Users/aadityasingh/Library/Developer/Xcode/DerivedData/Chatlio-erkyzdeecsohoaggpwbjdvavzqfv/Build/Intermediates.noindex/PostHog.build/Debug-iphonesimulator/phlibwebp.build/Objects-normal/x86_64/lossless_neon.o /Users/aadityasingh/Library/Developer/Xcode/DerivedData/Chatlio-erkyzdeecsohoaggpwbjdvavzqfv/SourcePackages/checkouts/posthog-ios/vendor/libwebp/lossless_neon.c normal x86_64 c com.apple.compilers.llvm.clang.1_0.compiler (in target 'phlibwebp' from project 'PostHog')
    cd /Users/aadityasingh/Documents/Development/element-x-ios/Chatlio.xcodeproj
    
    Using response file: /Users/aadityasingh/Library/Developer/Xcode/DerivedData/Chatlio-erkyzdeecsohoaggpwbjdvavzqfv/Build/Intermediates.noindex/PostHog.build/Debug-iphonesimulator/phlibwebp.build/Objects-normal/x86_64/7187679823f38a2a940e0043cdf9d637-common-args.resp
    
    /Applications/Xcode.app/Contents/Developer/Toolchains/XcodeDefault.xctoolchain/usr/bin/clang -x c -ivfsstatcache /Users/aadityasingh/Library/Developer/Xcode/DerivedData/SDKStatCaches.noindex/iphonesimulator26.4-23E252-686eebb5dc1d8ecb277353a59184f4aa.sdkstatcache -target x86_64-apple-ios13.0-simulator -fmessage-length\=0 -fdiagnostics-show-note-include-stack -fmacro-backtrace-limit\=0 -fno-color-diagnostics -fmodules-prune-interval\=86400 -fmodules-prune-after\=345600 -fbuild-session-file\=/Users/aadityasingh/Library/Developer/Xcode/DerivedData/ModuleCache.noindex/Session.modulevalidation -fmodules-validate-once-per-build-session -Wnon-modular-include-in-framework-module -Werror\=non-modular-include-in-framework-module -Wno-trigraphs -Wno-missing-field-initializers -Wno-missing-prototypes -Wno-return-type -Wno-missing-braces -Wparentheses -Wswitch -Wno-unused-function -Wno-unused-label -Wno-unused-parameter -Wno-unused-variable -Wunused-value -Wno-empty-body -Wno-uninitialized -Wno-unknown-pragmas -w -Wno-shadow -Wno-four-char-constants -Wno-conversion -Wno-constant-conversion -Wno-int-conversion -Wno-bool-conversion -Wno-enum-conversion -Wno-float-conversion -Wno-non-literal-null-conversion -Wno-objc-literal-conversion -Wshorten-64-to-32 -Wpointer-sign -Wno-newline-eof -Wno-implicit-fallthrough -isysroot /Applications/Xcode.app/Contents/Developer/Platforms/iPhoneSimulator.platform/Developer/SDKs/iPhoneSimulator26.4.sdk -fstrict-aliasing -Wdeprecated-declarations -Wno-sign-conversion -Wno-infinite-recursion -Wno-comma -Wno-block-capture-autoreleasing -Wno-strict-prototypes -Wno-semicolon-before-method-body -index-store-path /Users/aadityasingh/Library/Developer/Xcode/DerivedData/Chatlio-erkyzdeecsohoaggpwbjdvavzqfv/Index.noindex/DataStore @/Users/aadityasingh/Library/Developer/Xcode/DerivedData/Chatlio-erkyzdeecsohoaggpwbjdvavzqfv/Build/Intermediates.noindex/PostHog.build/Debug-iphonesimulator/phlibwebp.build/Objects-normal/x86_64/7187679823f38a2a940e0043cdf9d637-common-args.resp -MMD -MT dependencies -MF /Users/aadityasingh/Library/Developer/Xcode/DerivedData/Chatlio-erkyzdeecsohoaggpwbjdvavzqfv/Build/Intermediates.noindex/PostHog.build/Debug-iphonesimulator/phlibwebp.build/Objects-normal/x86_64/lossless_neon.d --serialize-diagnostics /Users/aadityasingh/Library/Developer/Xcode/DerivedData/Chatlio-erkyzdeecsohoaggpwbjdvavzqfv/Build/Intermediates.noindex/PostHog.build/Debug-iphonesimulator/phlibwebp.build/Objects-normal/x86_64/lossless_neon.dia -c /Users/aadityasingh/Library/Developer/Xcode/DerivedData/Chatlio-erkyzdeecsohoaggpwbjdvavzqfv/SourcePackages/checkouts/posthog-ios/vendor/libwebp/lossless_neon.c -o /Users/aadityasingh/Library/Developer/Xcode/DerivedData/Chatlio-erkyzdeecsohoaggpwbjdvavzqfv/Build/Intermediates.noindex/PostHog.build/Debug-iphonesimulator/phlibwebp.build/Objects-normal/x86_64/lossless_neon.o -index-unit-output-path /PostHog.build/Debug-iphonesimulator/phlibwebp.build/Objects-normal/x86_64/lossless_neon.o

CompileC /Users/aadityasingh/Library/Developer/Xcode/DerivedData/Chatlio-erkyzdeecsohoaggpwbjdvavzqfv/Build/Intermediates.noindex/PostHog.build/Debug-iphonesimulator/phlibwebp.build/Objects-normal/x86_64/lossless_enc_sse41.o /Users/aadityasingh/Library/Developer/Xcode/DerivedData/Chatlio-erkyzdeecsohoaggpwbjdvavzqfv/SourcePackages/checkouts/posthog-ios/vendor/libwebp/lossless_enc_sse41.c normal x86_64 c com.apple.compilers.llvm.clang.1_0.compiler (in target 'phlibwebp' from project 'PostHog')
    cd /Users/aadityasingh/Documents/Development/element-x-ios/Chatlio.xcodeproj
    
    Using response file: /Users/aadityasingh/Library/Developer/Xcode/DerivedData/Chatlio-erkyzdeecsohoaggpwbjdvavzqfv/Build/Intermediates.noindex/PostHog.build/Debug-iphonesimulator/phlibwebp.build/Objects-normal/x86_64/7187679823f38a2a940e0043cdf9d637-common-args.resp
    
    /Applications/Xcode.app/Contents/Developer/Toolchains/XcodeDefault.xctoolchain/usr/bin/clang -x c -ivfsstatcache /Users/aadityasingh/Library/Developer/Xcode/DerivedData/SDKStatCaches.noindex/iphonesimulator26.4-23E252-686eebb5dc1d8ecb277353a59184f4aa.sdkstatcache -target x86_64-apple-ios13.0-simulator -fmessage-length\=0 -fdiagnostics-show-note-include-stack -fmacro-backtrace-limit\=0 -fno-color-diagnostics -fmodules-prune-interval\=86400 -fmodules-prune-after\=345600 -fbuild-session-file\=/Users/aadityasingh/Library/Developer/Xcode/DerivedData/ModuleCache.noindex/Session.modulevalidation -fmodules-validate-once-per-build-session -Wnon-modular-include-in-framework-module -Werror\=non-modular-include-in-framework-module -Wno-trigraphs -Wno-missing-field-initializers -Wno-missing-prototypes -Wno-return-type -Wno-missing-braces -Wparentheses -Wswitch -Wno-unused-function -Wno-unused-label -Wno-unused-parameter -Wno-unused-variable -Wunused-value -Wno-empty-body -Wno-uninitialized -Wno-unknown-pragmas -w -Wno-shadow -Wno-four-char-constants -Wno-conversion -Wno-constant-conversion -Wno-int-conversion -Wno-bool-conversion -Wno-enum-conversion -Wno-float-conversion -Wno-non-literal-null-conversion -Wno-objc-literal-conversion -Wshorten-64-to-32 -Wpointer-sign -Wno-newline-eof -Wno-implicit-fallthrough -isysroot /Applications/Xcode.app/Contents/Developer/Platforms/iPhoneSimulator.platform/Developer/SDKs/iPhoneSimulator26.4.sdk -fstrict-aliasing -Wdeprecated-declarations -Wno-sign-conversion -Wno-infinite-recursion -Wno-comma -Wno-block-capture-autoreleasing -Wno-strict-prototypes -Wno-semicolon-before-method-body -index-store-path /Users/aadityasingh/Library/Developer/Xcode/DerivedData/Chatlio-erkyzdeecsohoaggpwbjdvavzqfv/Index.noindex/DataStore @/Users/aadityasingh/Library/Developer/Xcode/DerivedData/Chatlio-erkyzdeecsohoaggpwbjdvavzqfv/Build/Intermediates.noindex/PostHog.build/Debug-iphonesimulator/phlibwebp.build/Objects-normal/x86_64/7187679823f38a2a940e0043cdf9d637-common-args.resp -MMD -MT dependencies -MF /Users/aadityasingh/Library/Developer/Xcode/DerivedData/Chatlio-erkyzdeecsohoaggpwbjdvavzqfv/Build/Intermediates.noindex/PostHog.build/Debug-iphonesimulator/phlibwebp.build/Objects-normal/x86_64/lossless_enc_sse41.d --serialize-diagnostics /Users/aadityasingh/Library/Developer/Xcode/DerivedData/Chatlio-erkyzdeecsohoaggpwbjdvavzqfv/Build/Intermediates.noindex/PostHog.build/Debug-iphonesimulator/phlibwebp.build/Objects-normal/x86_64/lossless_enc_sse41.dia -c /Users/aadityasingh/Library/Developer/Xcode/DerivedData/Chatlio-erkyzdeecsohoaggpwbjdvavzqfv/SourcePackages/checkouts/posthog-ios/vendor/libwebp/lossless_enc_sse41.c -o /Users/aadityasingh/Library/Developer/Xcode/DerivedData/Chatlio-erkyzdeecsohoaggpwbjdvavzqfv/Build/Intermediates.noindex/PostHog.build/Debug-iphonesimulator/phlibwebp.build/Objects-normal/x86_64/lossless_enc_sse41.o -index-unit-output-path /PostHog.build/Debug-iphonesimulator/phlibwebp.build/Objects-normal/x86_64/lossless_enc_sse41.o

CompileC /Users/aadityasingh/Library/Developer/Xcode/DerivedData/Chatlio-erkyzdeecsohoaggpwbjdvavzqfv/Build/Intermediates.noindex/PostHog.build/Debug-iphonesimulator/phlibwebp.build/Objects-normal/x86_64/lossless_enc_neon.o /Users/aadityasingh/Library/Developer/Xcode/DerivedData/Chatlio-erkyzdeecsohoaggpwbjdvavzqfv/SourcePackages/checkouts/posthog-ios/vendor/libwebp/lossless_enc_neon.c normal x86_64 c com.apple.compilers.llvm.clang.1_0.compiler (in target 'phlibwebp' from project 'PostHog')
    cd /Users/aadityasingh/Documents/Development/element-x-ios/Chatlio.xcodeproj
    
    Using response file: /Users/aadityasingh/Library/Developer/Xcode/DerivedData/Chatlio-erkyzdeecsohoaggpwbjdvavzqfv/Build/Intermediates.noindex/PostHog.build/Debug-iphonesimulator/phlibwebp.build/Objects-normal/x86_64/7187679823f38a2a940e0043cdf9d637-common-args.resp
    
    /Applications/Xcode.app/Contents/Developer/Toolchains/XcodeDefault.xctoolchain/usr/bin/clang -x c -ivfsstatcache /Users/aadityasingh/Library/Developer/Xcode/DerivedData/SDKStatCaches.noindex/iphonesimulator26.4-23E252-686eebb5dc1d8ecb277353a59184f4aa.sdkstatcache -target x86_64-apple-ios13.0-simulator -fmessage-length\=0 -fdiagnostics-show-note-include-stack -fmacro-backtrace-limit\=0 -fno-color-diagnostics -fmodules-prune-interval\=86400 -fmodules-prune-after\=345600 -fbuild-session-file\=/Users/aadityasingh/Library/Developer/Xcode/DerivedData/ModuleCache.noindex/Session.modulevalidation -fmodules-validate-once-per-build-session -Wnon-modular-include-in-framework-module -Werror\=non-modular-include-in-framework-module -Wno-trigraphs -Wno-missing-field-initializers -Wno-missing-prototypes -Wno-return-type -Wno-missing-braces -Wparentheses -Wswitch -Wno-unused-function -Wno-unused-label -Wno-unused-parameter -Wno-unused-variable -Wunused-value -Wno-empty-body -Wno-uninitialized -Wno-unknown-pragmas -w -Wno-shadow -Wno-four-char-constants -Wno-conversion -Wno-constant-conversion -Wno-int-conversion -Wno-bool-conversion -Wno-enum-conversion -Wno-float-conversion -Wno-non-literal-null-conversion -Wno-objc-literal-conversion -Wshorten-64-to-32 -Wpointer-sign -Wno-newline-eof -Wno-implicit-fallthrough -isysroot /Applications/Xcode.app/Contents/Developer/Platforms/iPhoneSimulator.platform/Developer/SDKs/iPhoneSimulator26.4.sdk -fstrict-aliasing -Wdeprecated-declarations -Wno-sign-conversion -Wno-infinite-recursion -Wno-comma -Wno-block-capture-autoreleasing -Wno-strict-prototypes -Wno-semicolon-before-method-body -index-store-path /Users/aadityasingh/Library/Developer/Xcode/DerivedData/Chatlio-erkyzdeecsohoaggpwbjdvavzqfv/Index.noindex/DataStore @/Users/aadityasingh/Library/Developer/Xcode/DerivedData/Chatlio-erkyzdeecsohoaggpwbjdvavzqfv/Build/Intermediates.noindex/PostHog.build/Debug-iphonesimulator/phlibwebp.build/Objects-normal/x86_64/7187679823f38a2a940e0043cdf9d637-common-args.resp -MMD -MT dependencies -MF /Users/aadityasingh/Library/Developer/Xcode/DerivedData/Chatlio-erkyzdeecsohoaggpwbjdvavzqfv/Build/Intermediates.noindex/PostHog.build/Debug-iphonesimulator/phlibwebp.build/Objects-normal/x86_64/lossless_enc_neon.d --serialize-diagnostics /Users/aadityasingh/Library/Developer/Xcode/DerivedData/Chatlio-erkyzdeecsohoaggpwbjdvavzqfv/Build/Intermediates.noindex/PostHog.build/Debug-iphonesimulator/phlibwebp.build/Objects-normal/x86_64/lossless_enc_neon.dia -c /Users/aadityasingh/Library/Developer/Xcode/DerivedData/Chatlio-erkyzdeecsohoaggpwbjdvavzqfv/SourcePackages/checkouts/posthog-ios/vendor/libwebp/lossless_enc_neon.c -o /Users/aadityasingh/Library/Developer/Xcode/DerivedData/Chatlio-erkyzdeecsohoaggpwbjdvavzqfv/Build/Intermediates.noindex/PostHog.build/Debug-iphonesimulator/phlibwebp.build/Objects-normal/x86_64/lossless_enc_neon.o -index-unit-output-path /PostHog.build/Debug-iphonesimulator/phlibwebp.build/Objects-normal/x86_64/lossless_enc_neon.o

CompileC /Users/aadityasingh/Library/Developer/Xcode/DerivedData/Chatlio-erkyzdeecsohoaggpwbjdvavzqfv/Build/Intermediates.noindex/PostHog.build/Debug-iphonesimulator/phlibwebp.build/Objects-normal/x86_64/lossless_enc.o /Users/aadityasingh/Library/Developer/Xcode/DerivedData/Chatlio-erkyzdeecsohoaggpwbjdvavzqfv/SourcePackages/checkouts/posthog-ios/vendor/libwebp/lossless_enc.c normal x86_64 c com.apple.compilers.llvm.clang.1_0.compiler (in target 'phlibwebp' from project 'PostHog')
    cd /Users/aadityasingh/Documents/Development/element-x-ios/Chatlio.xcodeproj
    
    Using response file: /Users/aadityasingh/Library/Developer/Xcode/DerivedData/Chatlio-erkyzdeecsohoaggpwbjdvavzqfv/Build/Intermediates.noindex/PostHog.build/Debug-iphonesimulator/phlibwebp.build/Objects-normal/x86_64/7187679823f38a2a940e0043cdf9d637-common-args.resp
    
    /Applications/Xcode.app/Contents/Developer/Toolchains/XcodeDefault.xctoolchain/usr/bin/clang -x c -ivfsstatcache /Users/aadityasingh/Library/Developer/Xcode/DerivedData/SDKStatCaches.noindex/iphonesimulator26.4-23E252-686eebb5dc1d8ecb277353a59184f4aa.sdkstatcache -target x86_64-apple-ios13.0-simulator -fmessage-length\=0 -fdiagnostics-show-note-include-stack -fmacro-backtrace-limit\=0 -fno-color-diagnostics -fmodules-prune-interval\=86400 -fmodules-prune-after\=345600 -fbuild-session-file\=/Users/aadityasingh/Library/Developer/Xcode/DerivedData/ModuleCache.noindex/Session.modulevalidation -fmodules-validate-once-per-build-session -Wnon-modular-include-in-framework-module -Werror\=non-modular-include-in-framework-module -Wno-trigraphs -Wno-missing-field-initializers -Wno-missing-prototypes -Wno-return-type -Wno-missing-braces -Wparentheses -Wswitch -Wno-unused-function -Wno-unused-label -Wno-unused-parameter -Wno-unused-variable -Wunused-value -Wno-empty-body -Wno-uninitialized -Wno-unknown-pragmas -w -Wno-shadow -Wno-four-char-constants -Wno-conversion -Wno-constant-conversion -Wno-int-conversion -Wno-bool-conversion -Wno-enum-conversion -Wno-float-conversion -Wno-non-literal-null-conversion -Wno-objc-literal-conversion -Wshorten-64-to-32 -Wpointer-sign -Wno-newline-eof -Wno-implicit-fallthrough -isysroot /Applications/Xcode.app/Contents/Developer/Platforms/iPhoneSimulator.platform/Developer/SDKs/iPhoneSimulator26.4.sdk -fstrict-aliasing -Wdeprecated-declarations -Wno-sign-conversion -Wno-infinite-recursion -Wno-comma -Wno-block-capture-autoreleasing -Wno-strict-prototypes -Wno-semicolon-before-method-body -index-store-path /Users/aadityasingh/Library/Developer/Xcode/DerivedData/Chatlio-erkyzdeecsohoaggpwbjdvavzqfv/Index.noindex/DataStore @/Users/aadityasingh/Library/Developer/Xcode/DerivedData/Chatlio-erkyzdeecsohoaggpwbjdvavzqfv/Build/Intermediates.noindex/PostHog.build/Debug-iphonesimulator/phlibwebp.build/Objects-normal/x86_64/7187679823f38a2a940e0043cdf9d637-common-args.resp -MMD -MT dependencies -MF /Users/aadityasingh/Library/Developer/Xcode/DerivedData/Chatlio-erkyzdeecsohoaggpwbjdvavzqfv/Build/Intermediates.noindex/PostHog.build/Debug-iphonesimulator/phlibwebp.build/Objects-normal/x86_64/lossless_enc.d --serialize-diagnostics /Users/aadityasingh/Library/Developer/Xcode/DerivedData/Chatlio-erkyzdeecsohoaggpwbjdvavzqfv/Build/Intermediates.noindex/PostHog.build/Debug-iphonesimulator/phlibwebp.build/Objects-normal/x86_64/lossless_enc.dia -c /Users/aadityasingh/Library/Developer/Xcode/DerivedData/Chatlio-erkyzdeecsohoaggpwbjdvavzqfv/SourcePackages/checkouts/posthog-ios/vendor/libwebp/lossless_enc.c -o /Users/aadityasingh/Library/Developer/Xcode/DerivedData/Chatlio-erkyzdeecsohoaggpwbjdvavzqfv/Build/Intermediates.noindex/PostHog.build/Debug-iphonesimulator/phlibwebp.build/Objects-normal/x86_64/lossless_enc.o -index-unit-output-path /PostHog.build/Debug-iphonesimulator/phlibwebp.build/Objects-normal/x86_64/lossless_enc.o

CompileC /Users/aadityasingh/Library/Developer/Xcode/DerivedData/Chatlio-erkyzdeecsohoaggpwbjdvavzqfv/Build/Intermediates.noindex/PostHog.build/Debug-iphonesimulator/phlibwebp.build/Objects-normal/x86_64/lossless.o /Users/aadityasingh/Library/Developer/Xcode/DerivedData/Chatlio-erkyzdeecsohoaggpwbjdvavzqfv/SourcePackages/checkouts/posthog-ios/vendor/libwebp/lossless.c normal x86_64 c com.apple.compilers.llvm.clang.1_0.compiler (in target 'phlibwebp' from project 'PostHog')
    cd /Users/aadityasingh/Documents/Development/element-x-ios/Chatlio.xcodeproj
    
    Using response file: /Users/aadityasingh/Library/Developer/Xcode/DerivedData/Chatlio-erkyzdeecsohoaggpwbjdvavzqfv/Build/Intermediates.noindex/PostHog.build/Debug-iphonesimulator/phlibwebp.build/Objects-normal/x86_64/7187679823f38a2a940e0043cdf9d637-common-args.resp
    
    /Applications/Xcode.app/Contents/Developer/Toolchains/XcodeDefault.xctoolchain/usr/bin/clang -x c -ivfsstatcache /Users/aadityasingh/Library/Developer/Xcode/DerivedData/SDKStatCaches.noindex/iphonesimulator26.4-23E252-686eebb5dc1d8ecb277353a59184f4aa.sdkstatcache -target x86_64-apple-ios13.0-simulator -fmessage-length\=0 -fdiagnostics-show-note-include-stack -fmacro-backtrace-limit\=0 -fno-color-diagnostics -fmodules-prune-interval\=86400 -fmodules-prune-after\=345600 -fbuild-session-file\=/Users/aadityasingh/Library/Developer/Xcode/DerivedData/ModuleCache.noindex/Session.modulevalidation -fmodules-validate-once-per-build-session -Wnon-modular-include-in-framework-module -Werror\=non-modular-include-in-framework-module -Wno-trigraphs -Wno-missing-field-initializers -Wno-missing-prototypes -Wno-return-type -Wno-missing-braces -Wparentheses -Wswitch -Wno-unused-function -Wno-unused-label -Wno-unused-parameter -Wno-unused-variable -Wunused-value -Wno-empty-body -Wno-uninitialized -Wno-unknown-pragmas -w -Wno-shadow -Wno-four-char-constants -Wno-conversion -Wno-constant-conversion -Wno-int-conversion -Wno-bool-conversion -Wno-enum-conversion -Wno-float-conversion -Wno-non-literal-null-conversion -Wno-objc-literal-conversion -Wshorten-64-to-32 -Wpointer-sign -Wno-newline-eof -Wno-implicit-fallthrough -isysroot /Applications/Xcode.app/Contents/Developer/Platforms/iPhoneSimulator.platform/Developer/SDKs/iPhoneSimulator26.4.sdk -fstrict-aliasing -Wdeprecated-declarations -Wno-sign-conversion -Wno-infinite-recursion -Wno-comma -Wno-block-capture-autoreleasing -Wno-strict-prototypes -Wno-semicolon-before-method-body -index-store-path /Users/aadityasingh/Library/Developer/Xcode/DerivedData/Chatlio-erkyzdeecsohoaggpwbjdvavzqfv/Index.noindex/DataStore @/Users/aadityasingh/Library/Developer/Xcode/DerivedData/Chatlio-erkyzdeecsohoaggpwbjdvavzqfv/Build/Intermediates.noindex/PostHog.build/Debug-iphonesimulator/phlibwebp.build/Objects-normal/x86_64/7187679823f38a2a940e0043cdf9d637-common-args.resp -MMD -MT dependencies -MF /Users/aadityasingh/Library/Developer/Xcode/DerivedData/Chatlio-erkyzdeecsohoaggpwbjdvavzqfv/Build/Intermediates.noindex/PostHog.build/Debug-iphonesimulator/phlibwebp.build/Objects-normal/x86_64/lossless.d --serialize-diagnostics /Users/aadityasingh/Library/Developer/Xcode/DerivedData/Chatlio-erkyzdeecsohoaggpwbjdvavzqfv/Build/Intermediates.noindex/PostHog.build/Debug-iphonesimulator/phlibwebp.build/Objects-normal/x86_64/lossless.dia -c /Users/aadityasingh/Library/Developer/Xcode/DerivedData/Chatlio-erkyzdeecsohoaggpwbjdvavzqfv/SourcePackages/checkouts/posthog-ios/vendor/libwebp/lossless.c -o /Users/aadityasingh/Library/Developer/Xcode/DerivedData/Chatlio-erkyzdeecsohoaggpwbjdvavzqfv/Build/Intermediates.noindex/PostHog.build/Debug-iphonesimulator/phlibwebp.build/Objects-normal/x86_64/lossless.o -index-unit-output-path /PostHog.build/Debug-iphonesimulator/phlibwebp.build/Objects-normal/x86_64/lossless.o

CompileC /Users/aadityasingh/Library/Developer/Xcode/DerivedData/Chatlio-erkyzdeecsohoaggpwbjdvavzqfv/Build/Intermediates.noindex/PostHog.build/Debug-iphonesimulator/phlibwebp.build/Objects-normal/x86_64/iterator_enc.o /Users/aadityasingh/Library/Developer/Xcode/DerivedData/Chatlio-erkyzdeecsohoaggpwbjdvavzqfv/SourcePackages/checkouts/posthog-ios/vendor/libwebp/iterator_enc.c normal x86_64 c com.apple.compilers.llvm.clang.1_0.compiler (in target 'phlibwebp' from project 'PostHog')
    cd /Users/aadityasingh/Documents/Development/element-x-ios/Chatlio.xcodeproj
    
    Using response file: /Users/aadityasingh/Library/Developer/Xcode/DerivedData/Chatlio-erkyzdeecsohoaggpwbjdvavzqfv/Build/Intermediates.noindex/PostHog.build/Debug-iphonesimulator/phlibwebp.build/Objects-normal/x86_64/7187679823f38a2a940e0043cdf9d637-common-args.resp
    
    /Applications/Xcode.app/Contents/Developer/Toolchains/XcodeDefault.xctoolchain/usr/bin/clang -x c -ivfsstatcache /Users/aadityasingh/Library/Developer/Xcode/DerivedData/SDKStatCaches.noindex/iphonesimulator26.4-23E252-686eebb5dc1d8ecb277353a59184f4aa.sdkstatcache -target x86_64-apple-ios13.0-simulator -fmessage-length\=0 -fdiagnostics-show-note-include-stack -fmacro-backtrace-limit\=0 -fno-color-diagnostics -fmodules-prune-interval\=86400 -fmodules-prune-after\=345600 -fbuild-session-file\=/Users/aadityasingh/Library/Developer/Xcode/DerivedData/ModuleCache.noindex/Session.modulevalidation -fmodules-validate-once-per-build-session -Wnon-modular-include-in-framework-module -Werror\=non-modular-include-in-framework-module -Wno-trigraphs -Wno-missing-field-initializers -Wno-missing-prototypes -Wno-return-type -Wno-missing-braces -Wparentheses -Wswitch -Wno-unused-function -Wno-unused-label -Wno-unused-parameter -Wno-unused-variable -Wunused-value -Wno-empty-body -Wno-uninitialized -Wno-unknown-pragmas -w -Wno-shadow -Wno-four-char-constants -Wno-conversion -Wno-constant-conversion -Wno-int-conversion -Wno-bool-conversion -Wno-enum-conversion -Wno-float-conversion -Wno-non-literal-null-conversion -Wno-objc-literal-conversion -Wshorten-64-to-32 -Wpointer-sign -Wno-newline-eof -Wno-implicit-fallthrough -isysroot /Applications/Xcode.app/Contents/Developer/Platforms/iPhoneSimulator.platform/Developer/SDKs/iPhoneSimulator26.4.sdk -fstrict-aliasing -Wdeprecated-declarations -Wno-sign-conversion -Wno-infinite-recursion -Wno-comma -Wno-block-capture-autoreleasing -Wno-strict-prototypes -Wno-semicolon-before-method-body -index-store-path /Users/aadityasingh/Library/Developer/Xcode/DerivedData/Chatlio-erkyzdeecsohoaggpwbjdvavzqfv/Index.noindex/DataStore @/Users/aadityasingh/Library/Developer/Xcode/DerivedData/Chatlio-erkyzdeecsohoaggpwbjdvavzqfv/Build/Intermediates.noindex/PostHog.build/Debug-iphonesimulator/phlibwebp.build/Objects-normal/x86_64/7187679823f38a2a940e0043cdf9d637-common-args.resp -MMD -MT dependencies -MF /Users/aadityasingh/Library/Developer/Xcode/DerivedData/Chatlio-erkyzdeecsohoaggpwbjdvavzqfv/Build/Intermediates.noindex/PostHog.build/Debug-iphonesimulator/phlibwebp.build/Objects-normal/x86_64/iterator_enc.d --serialize-diagnostics /Users/aadityasingh/Library/Developer/Xcode/DerivedData/Chatlio-erkyzdeecsohoaggpwbjdvavzqfv/Build/Intermediates.noindex/PostHog.build/Debug-iphonesimulator/phlibwebp.build/Objects-normal/x86_64/iterator_enc.dia -c /Users/aadityasingh/Library/Developer/Xcode/DerivedData/Chatlio-erkyzdeecsohoaggpwbjdvavzqfv/SourcePackages/checkouts/posthog-ios/vendor/libwebp/iterator_enc.c -o /Users/aadityasingh/Library/Developer/Xcode/DerivedData/Chatlio-erkyzdeecsohoaggpwbjdvavzqfv/Build/Intermediates.noindex/PostHog.build/Debug-iphonesimulator/phlibwebp.build/Objects-normal/x86_64/iterator_enc.o -index-unit-output-path /PostHog.build/Debug-iphonesimulator/phlibwebp.build/Objects-normal/x86_64/iterator_enc.o

CompileC /Users/aadityasingh/Library/Developer/Xcode/DerivedData/Chatlio-erkyzdeecsohoaggpwbjdvavzqfv/Build/Intermediates.noindex/PostHog.build/Debug-iphonesimulator/phlibwebp.build/Objects-normal/x86_64/huffman_utils.o /Users/aadityasingh/Library/Developer/Xcode/DerivedData/Chatlio-erkyzdeecsohoaggpwbjdvavzqfv/SourcePackages/checkouts/posthog-ios/vendor/libwebp/huffman_utils.c normal x86_64 c com.apple.compilers.llvm.clang.1_0.compiler (in target 'phlibwebp' from project 'PostHog')
    cd /Users/aadityasingh/Documents/Development/element-x-ios/Chatlio.xcodeproj
    
    Using response file: /Users/aadityasingh/Library/Developer/Xcode/DerivedData/Chatlio-erkyzdeecsohoaggpwbjdvavzqfv/Build/Intermediates.noindex/PostHog.build/Debug-iphonesimulator/phlibwebp.build/Objects-normal/x86_64/7187679823f38a2a940e0043cdf9d637-common-args.resp
    
    /Applications/Xcode.app/Contents/Developer/Toolchains/XcodeDefault.xctoolchain/usr/bin/clang -x c -ivfsstatcache /Users/aadityasingh/Library/Developer/Xcode/DerivedData/SDKStatCaches.noindex/iphonesimulator26.4-23E252-686eebb5dc1d8ecb277353a59184f4aa.sdkstatcache -target x86_64-apple-ios13.0-simulator -fmessage-length\=0 -fdiagnostics-show-note-include-stack -fmacro-backtrace-limit\=0 -fno-color-diagnostics -fmodules-prune-interval\=86400 -fmodules-prune-after\=345600 -fbuild-session-file\=/Users/aadityasingh/Library/Developer/Xcode/DerivedData/ModuleCache.noindex/Session.modulevalidation -fmodules-validate-once-per-build-session -Wnon-modular-include-in-framework-module -Werror\=non-modular-include-in-framework-module -Wno-trigraphs -Wno-missing-field-initializers -Wno-missing-prototypes -Wno-return-type -Wno-missing-braces -Wparentheses -Wswitch -Wno-unused-function -Wno-unused-label -Wno-unused-parameter -Wno-unused-variable -Wunused-value -Wno-empty-body -Wno-uninitialized -Wno-unknown-pragmas -w -Wno-shadow -Wno-four-char-constants -Wno-conversion -Wno-constant-conversion -Wno-int-conversion -Wno-bool-conversion -Wno-enum-conversion -Wno-float-conversion -Wno-non-literal-null-conversion -Wno-objc-literal-conversion -Wshorten-64-to-32 -Wpointer-sign -Wno-newline-eof -Wno-implicit-fallthrough -isysroot /Applications/Xcode.app/Contents/Developer/Platforms/iPhoneSimulator.platform/Developer/SDKs/iPhoneSimulator26.4.sdk -fstrict-aliasing -Wdeprecated-declarations -Wno-sign-conversion -Wno-infinite-recursion -Wno-comma -Wno-block-capture-autoreleasing -Wno-strict-prototypes -Wno-semicolon-before-method-body -index-store-path /Users/aadityasingh/Library/Developer/Xcode/DerivedData/Chatlio-erkyzdeecsohoaggpwbjdvavzqfv/Index.noindex/DataStore @/Users/aadityasingh/Library/Developer/Xcode/DerivedData/Chatlio-erkyzdeecsohoaggpwbjdvavzqfv/Build/Intermediates.noindex/PostHog.build/Debug-iphonesimulator/phlibwebp.build/Objects-normal/x86_64/7187679823f38a2a940e0043cdf9d637-common-args.resp -MMD -MT dependencies -MF /Users/aadityasingh/Library/Developer/Xcode/DerivedData/Chatlio-erkyzdeecsohoaggpwbjdvavzqfv/Build/Intermediates.noindex/PostHog.build/Debug-iphonesimulator/phlibwebp.build/Objects-normal/x86_64/huffman_utils.d --serialize-diagnostics /Users/aadityasingh/Library/Developer/Xcode/DerivedData/Chatlio-erkyzdeecsohoaggpwbjdvavzqfv/Build/Intermediates.noindex/PostHog.build/Debug-iphonesimulator/phlibwebp.build/Objects-normal/x86_64/huffman_utils.dia -c /Users/aadityasingh/Library/Developer/Xcode/DerivedData/Chatlio-erkyzdeecsohoaggpwbjdvavzqfv/SourcePackages/checkouts/posthog-ios/vendor/libwebp/huffman_utils.c -o /Users/aadityasingh/Library/Developer/Xcode/DerivedData/Chatlio-erkyzdeecsohoaggpwbjdvavzqfv/Build/Intermediates.noindex/PostHog.build/Debug-iphonesimulator/phlibwebp.build/Objects-normal/x86_64/huffman_utils.o -index-unit-output-path /PostHog.build/Debug-iphonesimulator/phlibwebp.build/Objects-normal/x86_64/huffman_utils.o

CompileC /Users/aadityasingh/Library/Developer/Xcode/DerivedData/Chatlio-erkyzdeecsohoaggpwbjdvavzqfv/Build/Intermediates.noindex/PostHog.build/Debug-iphonesimulator/phlibwebp.build/Objects-normal/x86_64/huffman_encode_utils.o /Users/aadityasingh/Library/Developer/Xcode/DerivedData/Chatlio-erkyzdeecsohoaggpwbjdvavzqfv/SourcePackages/checkouts/posthog-ios/vendor/libwebp/huffman_encode_utils.c normal x86_64 c com.apple.compilers.llvm.clang.1_0.compiler (in target 'phlibwebp' from project 'PostHog')
    cd /Users/aadityasingh/Documents/Development/element-x-ios/Chatlio.xcodeproj
    
    Using response file: /Users/aadityasingh/Library/Developer/Xcode/DerivedData/Chatlio-erkyzdeecsohoaggpwbjdvavzqfv/Build/Intermediates.noindex/PostHog.build/Debug-iphonesimulator/phlibwebp.build/Objects-normal/x86_64/7187679823f38a2a940e0043cdf9d637-common-args.resp
    
    /Applications/Xcode.app/Contents/Developer/Toolchains/XcodeDefault.xctoolchain/usr/bin/clang -x c -ivfsstatcache /Users/aadityasingh/Library/Developer/Xcode/DerivedData/SDKStatCaches.noindex/iphonesimulator26.4-23E252-686eebb5dc1d8ecb277353a59184f4aa.sdkstatcache -target x86_64-apple-ios13.0-simulator -fmessage-length\=0 -fdiagnostics-show-note-include-stack -fmacro-backtrace-limit\=0 -fno-color-diagnostics -fmodules-prune-interval\=86400 -fmodules-prune-after\=345600 -fbuild-session-file\=/Users/aadityasingh/Library/Developer/Xcode/DerivedData/ModuleCache.noindex/Session.modulevalidation -fmodules-validate-once-per-build-session -Wnon-modular-include-in-framework-module -Werror\=non-modular-include-in-framework-module -Wno-trigraphs -Wno-missing-field-initializers -Wno-missing-prototypes -Wno-return-type -Wno-missing-braces -Wparentheses -Wswitch -Wno-unused-function -Wno-unused-label -Wno-unused-parameter -Wno-unused-variable -Wunused-value -Wno-empty-body -Wno-uninitialized -Wno-unknown-pragmas -w -Wno-shadow -Wno-four-char-constants -Wno-conversion -Wno-constant-conversion -Wno-int-conversion -Wno-bool-conversion -Wno-enum-conversion -Wno-float-conversion -Wno-non-literal-null-conversion -Wno-objc-literal-conversion -Wshorten-64-to-32 -Wpointer-sign -Wno-newline-eof -Wno-implicit-fallthrough -isysroot /Applications/Xcode.app/Contents/Developer/Platforms/iPhoneSimulator.platform/Developer/SDKs/iPhoneSimulator26.4.sdk -fstrict-aliasing -Wdeprecated-declarations -Wno-sign-conversion -Wno-infinite-recursion -Wno-comma -Wno-block-capture-autoreleasing -Wno-strict-prototypes -Wno-semicolon-before-method-body -index-store-path /Users/aadityasingh/Library/Developer/Xcode/DerivedData/Chatlio-erkyzdeecsohoaggpwbjdvavzqfv/Index.noindex/DataStore @/Users/aadityasingh/Library/Developer/Xcode/DerivedData/Chatlio-erkyzdeecsohoaggpwbjdvavzqfv/Build/Intermediates.noindex/PostHog.build/Debug-iphonesimulator/phlibwebp.build/Objects-normal/x86_64/7187679823f38a2a940e0043cdf9d637-common-args.resp -MMD -MT dependencies -MF /Users/aadityasingh/Library/Developer/Xcode/DerivedData/Chatlio-erkyzdeecsohoaggpwbjdvavzqfv/Build/Intermediates.noindex/PostHog.build/Debug-iphonesimulator/phlibwebp.build/Objects-normal/x86_64/huffman_encode_utils.d --serialize-diagnostics /Users/aadityasingh/Library/Developer/Xcode/DerivedData/Chatlio-erkyzdeecsohoaggpwbjdvavzqfv/Build/Intermediates.noindex/PostHog.build/Debug-iphonesimulator/phlibwebp.build/Objects-normal/x86_64/huffman_encode_utils.dia -c /Users/aadityasingh/Library/Developer/Xcode/DerivedData/Chatlio-erkyzdeecsohoaggpwbjdvavzqfv/SourcePackages/checkouts/posthog-ios/vendor/libwebp/huffman_encode_utils.c -o /Users/aadityasingh/Library/Developer/Xcode/DerivedData/Chatlio-erkyzdeecsohoaggpwbjdvavzqfv/Build/Intermediates.noindex/PostHog.build/Debug-iphonesimulator/phlibwebp.build/Objects-normal/x86_64/huffman_encode_utils.o -index-unit-output-path /PostHog.build/Debug-iphonesimulator/phlibwebp.build/Objects-normal/x86_64/huffman_encode_utils.o

CompileC /Users/aadityasingh/Library/Developer/Xcode/DerivedData/Chatlio-erkyzdeecsohoaggpwbjdvavzqfv/Build/Intermediates.noindex/PostHog.build/Debug-iphonesimulator/phlibwebp.build/Objects-normal/x86_64/histogram_enc.o /Users/aadityasingh/Library/Developer/Xcode/DerivedData/Chatlio-erkyzdeecsohoaggpwbjdvavzqfv/SourcePackages/checkouts/posthog-ios/vendor/libwebp/histogram_enc.c normal x86_64 c com.apple.compilers.llvm.clang.1_0.compiler (in target 'phlibwebp' from project 'PostHog')
    cd /Users/aadityasingh/Documents/Development/element-x-ios/Chatlio.xcodeproj
    
    Using response file: /Users/aadityasingh/Library/Developer/Xcode/DerivedData/Chatlio-erkyzdeecsohoaggpwbjdvavzqfv/Build/Intermediates.noindex/PostHog.build/Debug-iphonesimulator/phlibwebp.build/Objects-normal/x86_64/7187679823f38a2a940e0043cdf9d637-common-args.resp
    
    /Applications/Xcode.app/Contents/Developer/Toolchains/XcodeDefault.xctoolchain/usr/bin/clang -x c -ivfsstatcache /Users/aadityasingh/Library/Developer/Xcode/DerivedData/SDKStatCaches.noindex/iphonesimulator26.4-23E252-686eebb5dc1d8ecb277353a59184f4aa.sdkstatcache -target x86_64-apple-ios13.0-simulator -fmessage-length\=0 -fdiagnostics-show-note-include-stack -fmacro-backtrace-limit\=0 -fno-color-diagnostics -fmodules-prune-interval\=86400 -fmodules-prune-after\=345600 -fbuild-session-file\=/Users/aadityasingh/Library/Developer/Xcode/DerivedData/ModuleCache.noindex/Session.modulevalidation -fmodules-validate-once-per-build-session -Wnon-modular-include-in-framework-module -Werror\=non-modular-include-in-framework-module -Wno-trigraphs -Wno-missing-field-initializers -Wno-missing-prototypes -Wno-return-type -Wno-missing-braces -Wparentheses -Wswitch -Wno-unused-function -Wno-unused-label -Wno-unused-parameter -Wno-unused-variable -Wunused-value -Wno-empty-body -Wno-uninitialized -Wno-unknown-pragmas -w -Wno-shadow -Wno-four-char-constants -Wno-conversion -Wno-constant-conversion -Wno-int-conversion -Wno-bool-conversion -Wno-enum-conversion -Wno-float-conversion -Wno-non-literal-null-conversion -Wno-objc-literal-conversion -Wshorten-64-to-32 -Wpointer-sign -Wno-newline-eof -Wno-implicit-fallthrough -isysroot /Applications/Xcode.app/Contents/Developer/Platforms/iPhoneSimulator.platform/Developer/SDKs/iPhoneSimulator26.4.sdk -fstrict-aliasing -Wdeprecated-declarations -Wno-sign-conversion -Wno-infinite-recursion -Wno-comma -Wno-block-capture-autoreleasing -Wno-strict-prototypes -Wno-semicolon-before-method-body -index-store-path /Users/aadityasingh/Library/Developer/Xcode/DerivedData/Chatlio-erkyzdeecsohoaggpwbjdvavzqfv/Index.noindex/DataStore @/Users/aadityasingh/Library/Developer/Xcode/DerivedData/Chatlio-erkyzdeecsohoaggpwbjdvavzqfv/Build/Intermediates.noindex/PostHog.build/Debug-iphonesimulator/phlibwebp.build/Objects-normal/x86_64/7187679823f38a2a940e0043cdf9d637-common-args.resp -MMD -MT dependencies -MF /Users/aadityasingh/Library/Developer/Xcode/DerivedData/Chatlio-erkyzdeecsohoaggpwbjdvavzqfv/Build/Intermediates.noindex/PostHog.build/Debug-iphonesimulator/phlibwebp.build/Objects-normal/x86_64/histogram_enc.d --serialize-diagnostics /Users/aadityasingh/Library/Developer/Xcode/DerivedData/Chatlio-erkyzdeecsohoaggpwbjdvavzqfv/Build/Intermediates.noindex/PostHog.build/Debug-iphonesimulator/phlibwebp.build/Objects-normal/x86_64/histogram_enc.dia -c /Users/aadityasingh/Library/Developer/Xcode/DerivedData/Chatlio-erkyzdeecsohoaggpwbjdvavzqfv/SourcePackages/checkouts/posthog-ios/vendor/libwebp/histogram_enc.c -o /Users/aadityasingh/Library/Developer/Xcode/DerivedData/Chatlio-erkyzdeecsohoaggpwbjdvavzqfv/Build/Intermediates.noindex/PostHog.build/Debug-iphonesimulator/phlibwebp.build/Objects-normal/x86_64/histogram_enc.o -index-unit-output-path /PostHog.build/Debug-iphonesimulator/phlibwebp.build/Objects-normal/x86_64/histogram_enc.o

CompileC /Users/aadityasingh/Library/Developer/Xcode/DerivedData/Chatlio-erkyzdeecsohoaggpwbjdvavzqfv/Build/Intermediates.noindex/PostHog.build/Debug-iphonesimulator/phlibwebp.build/Objects-normal/x86_64/frame_enc.o /Users/aadityasingh/Library/Developer/Xcode/DerivedData/Chatlio-erkyzdeecsohoaggpwbjdvavzqfv/SourcePackages/checkouts/posthog-ios/vendor/libwebp/frame_enc.c normal x86_64 c com.apple.compilers.llvm.clang.1_0.compiler (in target 'phlibwebp' from project 'PostHog')
    cd /Users/aadityasingh/Documents/Development/element-x-ios/Chatlio.xcodeproj
    
    Using response file: /Users/aadityasingh/Library/Developer/Xcode/DerivedData/Chatlio-erkyzdeecsohoaggpwbjdvavzqfv/Build/Intermediates.noindex/PostHog.build/Debug-iphonesimulator/phlibwebp.build/Objects-normal/x86_64/7187679823f38a2a940e0043cdf9d637-common-args.resp
    
    /Applications/Xcode.app/Contents/Developer/Toolchains/XcodeDefault.xctoolchain/usr/bin/clang -x c -ivfsstatcache /Users/aadityasingh/Library/Developer/Xcode/DerivedData/SDKStatCaches.noindex/iphonesimulator26.4-23E252-686eebb5dc1d8ecb277353a59184f4aa.sdkstatcache -target x86_64-apple-ios13.0-simulator -fmessage-length\=0 -fdiagnostics-show-note-include-stack -fmacro-backtrace-limit\=0 -fno-color-diagnostics -fmodules-prune-interval\=86400 -fmodules-prune-after\=345600 -fbuild-session-file\=/Users/aadityasingh/Library/Developer/Xcode/DerivedData/ModuleCache.noindex/Session.modulevalidation -fmodules-validate-once-per-build-session -Wnon-modular-include-in-framework-module -Werror\=non-modular-include-in-framework-module -Wno-trigraphs -Wno-missing-field-initializers -Wno-missing-prototypes -Wno-return-type -Wno-missing-braces -Wparentheses -Wswitch -Wno-unused-function -Wno-unused-label -Wno-unused-parameter -Wno-unused-variable -Wunused-value -Wno-empty-body -Wno-uninitialized -Wno-unknown-pragmas -w -Wno-shadow -Wno-four-char-constants -Wno-conversion -Wno-constant-conversion -Wno-int-conversion -Wno-bool-conversion -Wno-enum-conversion -Wno-float-conversion -Wno-non-literal-null-conversion -Wno-objc-literal-conversion -Wshorten-64-to-32 -Wpointer-sign -Wno-newline-eof -Wno-implicit-fallthrough -isysroot /Applications/Xcode.app/Contents/Developer/Platforms/iPhoneSimulator.platform/Developer/SDKs/iPhoneSimulator26.4.sdk -fstrict-aliasing -Wdeprecated-declarations -Wno-sign-conversion -Wno-infinite-recursion -Wno-comma -Wno-block-capture-autoreleasing -Wno-strict-prototypes -Wno-semicolon-before-method-body -index-store-path /Users/aadityasingh/Library/Developer/Xcode/DerivedData/Chatlio-erkyzdeecsohoaggpwbjdvavzqfv/Index.noindex/DataStore @/Users/aadityasingh/Library/Developer/Xcode/DerivedData/Chatlio-erkyzdeecsohoaggpwbjdvavzqfv/Build/Intermediates.noindex/PostHog.build/Debug-iphonesimulator/phlibwebp.build/Objects-normal/x86_64/7187679823f38a2a940e0043cdf9d637-common-args.resp -MMD -MT dependencies -MF /Users/aadityasingh/Library/Developer/Xcode/DerivedData/Chatlio-erkyzdeecsohoaggpwbjdvavzqfv/Build/Intermediates.noindex/PostHog.build/Debug-iphonesimulator/phlibwebp.build/Objects-normal/x86_64/frame_enc.d --serialize-diagnostics /Users/aadityasingh/Library/Developer/Xcode/DerivedData/Chatlio-erkyzdeecsohoaggpwbjdvavzqfv/Build/Intermediates.noindex/PostHog.build/Debug-iphonesimulator/phlibwebp.build/Objects-normal/x86_64/frame_enc.dia -c /Users/aadityasingh/Library/Developer/Xcode/DerivedData/Chatlio-erkyzdeecsohoaggpwbjdvavzqfv/SourcePackages/checkouts/posthog-ios/vendor/libwebp/frame_enc.c -o /Users/aadityasingh/Library/Developer/Xcode/DerivedData/Chatlio-erkyzdeecsohoaggpwbjdvavzqfv/Build/Intermediates.noindex/PostHog.build/Debug-iphonesimulator/phlibwebp.build/Objects-normal/x86_64/frame_enc.o -index-unit-output-path /PostHog.build/Debug-iphonesimulator/phlibwebp.build/Objects-normal/x86_64/frame_enc.o

CompileC /Users/aadityasingh/Library/Developer/Xcode/DerivedData/Chatlio-erkyzdeecsohoaggpwbjdvavzqfv/Build/Intermediates.noindex/PostHog.build/Debug-iphonesimulator/phlibwebp.build/Objects-normal/x86_64/filters_utils.o /Users/aadityasingh/Library/Developer/Xcode/DerivedData/Chatlio-erkyzdeecsohoaggpwbjdvavzqfv/SourcePackages/checkouts/posthog-ios/vendor/libwebp/filters_utils.c normal x86_64 c com.apple.compilers.llvm.clang.1_0.compiler (in target 'phlibwebp' from project 'PostHog')
    cd /Users/aadityasingh/Documents/Development/element-x-ios/Chatlio.xcodeproj
    
    Using response file: /Users/aadityasingh/Library/Developer/Xcode/DerivedData/Chatlio-erkyzdeecsohoaggpwbjdvavzqfv/Build/Intermediates.noindex/PostHog.build/Debug-iphonesimulator/phlibwebp.build/Objects-normal/x86_64/7187679823f38a2a940e0043cdf9d637-common-args.resp
    
    /Applications/Xcode.app/Contents/Developer/Toolchains/XcodeDefault.xctoolchain/usr/bin/clang -x c -ivfsstatcache /Users/aadityasingh/Library/Developer/Xcode/DerivedData/SDKStatCaches.noindex/iphonesimulator26.4-23E252-686eebb5dc1d8ecb277353a59184f4aa.sdkstatcache -target x86_64-apple-ios13.0-simulator -fmessage-length\=0 -fdiagnostics-show-note-include-stack -fmacro-backtrace-limit\=0 -fno-color-diagnostics -fmodules-prune-interval\=86400 -fmodules-prune-after\=345600 -fbuild-session-file\=/Users/aadityasingh/Library/Developer/Xcode/DerivedData/ModuleCache.noindex/Session.modulevalidation -fmodules-validate-once-per-build-session -Wnon-modular-include-in-framework-module -Werror\=non-modular-include-in-framework-module -Wno-trigraphs -Wno-missing-field-initializers -Wno-missing-prototypes -Wno-return-type -Wno-missing-braces -Wparentheses -Wswitch -Wno-unused-function -Wno-unused-label -Wno-unused-parameter -Wno-unused-variable -Wunused-value -Wno-empty-body -Wno-uninitialized -Wno-unknown-pragmas -w -Wno-shadow -Wno-four-char-constants -Wno-conversion -Wno-constant-conversion -Wno-int-conversion -Wno-bool-conversion -Wno-enum-conversion -Wno-float-conversion -Wno-non-literal-null-conversion -Wno-objc-literal-conversion -Wshorten-64-to-32 -Wpointer-sign -Wno-newline-eof -Wno-implicit-fallthrough -isysroot /Applications/Xcode.app/Contents/Developer/Platforms/iPhoneSimulator.platform/Developer/SDKs/iPhoneSimulator26.4.sdk -fstrict-aliasing -Wdeprecated-declarations -Wno-sign-conversion -Wno-infinite-recursion -Wno-comma -Wno-block-capture-autoreleasing -Wno-strict-prototypes -Wno-semicolon-before-method-body -index-store-path /Users/aadityasingh/Library/Developer/Xcode/DerivedData/Chatlio-erkyzdeecsohoaggpwbjdvavzqfv/Index.noindex/DataStore @/Users/aadityasingh/Library/Developer/Xcode/DerivedData/Chatlio-erkyzdeecsohoaggpwbjdvavzqfv/Build/Intermediates.noindex/PostHog.build/Debug-iphonesimulator/phlibwebp.build/Objects-normal/x86_64/7187679823f38a2a940e0043cdf9d637-common-args.resp -MMD -MT dependencies -MF /Users/aadityasingh/Library/Developer/Xcode/DerivedData/Chatlio-erkyzdeecsohoaggpwbjdvavzqfv/Build/Intermediates.noindex/PostHog.build/Debug-iphonesimulator/phlibwebp.build/Objects-normal/x86_64/filters_utils.d --serialize-diagnostics /Users/aadityasingh/Library/Developer/Xcode/DerivedData/Chatlio-erkyzdeecsohoaggpwbjdvavzqfv/Build/Intermediates.noindex/PostHog.build/Debug-iphonesimulator/phlibwebp.build/Objects-normal/x86_64/filters_utils.dia -c /Users/aadityasingh/Library/Developer/Xcode/DerivedData/Chatlio-erkyzdeecsohoaggpwbjdvavzqfv/SourcePackages/checkouts/posthog-ios/vendor/libwebp/filters_utils.c -o /Users/aadityasingh/Library/Developer/Xcode/DerivedData/Chatlio-erkyzdeecsohoaggpwbjdvavzqfv/Build/Intermediates.noindex/PostHog.build/Debug-iphonesimulator/phlibwebp.build/Objects-normal/x86_64/filters_utils.o -index-unit-output-path /PostHog.build/Debug-iphonesimulator/phlibwebp.build/Objects-normal/x86_64/filters_utils.o

CompileC /Users/aadityasingh/Library/Developer/Xcode/DerivedData/Chatlio-erkyzdeecsohoaggpwbjdvavzqfv/Build/Intermediates.noindex/PostHog.build/Debug-iphonesimulator/phlibwebp.build/Objects-normal/x86_64/filters_neon.o /Users/aadityasingh/Library/Developer/Xcode/DerivedData/Chatlio-erkyzdeecsohoaggpwbjdvavzqfv/SourcePackages/checkouts/posthog-ios/vendor/libwebp/filters_neon.c normal x86_64 c com.apple.compilers.llvm.clang.1_0.compiler (in target 'phlibwebp' from project 'PostHog')
    cd /Users/aadityasingh/Documents/Development/element-x-ios/Chatlio.xcodeproj
    
    Using response file: /Users/aadityasingh/Library/Developer/Xcode/DerivedData/Chatlio-erkyzdeecsohoaggpwbjdvavzqfv/Build/Intermediates.noindex/PostHog.build/Debug-iphonesimulator/phlibwebp.build/Objects-normal/x86_64/7187679823f38a2a940e0043cdf9d637-common-args.resp
    
    /Applications/Xcode.app/Contents/Developer/Toolchains/XcodeDefault.xctoolchain/usr/bin/clang -x c -ivfsstatcache /Users/aadityasingh/Library/Developer/Xcode/DerivedData/SDKStatCaches.noindex/iphonesimulator26.4-23E252-686eebb5dc1d8ecb277353a59184f4aa.sdkstatcache -target x86_64-apple-ios13.0-simulator -fmessage-length\=0 -fdiagnostics-show-note-include-stack -fmacro-backtrace-limit\=0 -fno-color-diagnostics -fmodules-prune-interval\=86400 -fmodules-prune-after\=345600 -fbuild-session-file\=/Users/aadityasingh/Library/Developer/Xcode/DerivedData/ModuleCache.noindex/Session.modulevalidation -fmodules-validate-once-per-build-session -Wnon-modular-include-in-framework-module -Werror\=non-modular-include-in-framework-module -Wno-trigraphs -Wno-missing-field-initializers -Wno-missing-prototypes -Wno-return-type -Wno-missing-braces -Wparentheses -Wswitch -Wno-unused-function -Wno-unused-label -Wno-unused-parameter -Wno-unused-variable -Wunused-value -Wno-empty-body -Wno-uninitialized -Wno-unknown-pragmas -w -Wno-shadow -Wno-four-char-constants -Wno-conversion -Wno-constant-conversion -Wno-int-conversion -Wno-bool-conversion -Wno-enum-conversion -Wno-float-conversion -Wno-non-literal-null-conversion -Wno-objc-literal-conversion -Wshorten-64-to-32 -Wpointer-sign -Wno-newline-eof -Wno-implicit-fallthrough -isysroot /Applications/Xcode.app/Contents/Developer/Platforms/iPhoneSimulator.platform/Developer/SDKs/iPhoneSimulator26.4.sdk -fstrict-aliasing -Wdeprecated-declarations -Wno-sign-conversion -Wno-infinite-recursion -Wno-comma -Wno-block-capture-autoreleasing -Wno-strict-prototypes -Wno-semicolon-before-method-body -index-store-path /Users/aadityasingh/Library/Developer/Xcode/DerivedData/Chatlio-erkyzdeecsohoaggpwbjdvavzqfv/Index.noindex/DataStore @/Users/aadityasingh/Library/Developer/Xcode/DerivedData/Chatlio-erkyzdeecsohoaggpwbjdvavzqfv/Build/Intermediates.noindex/PostHog.build/Debug-iphonesimulator/phlibwebp.build/Objects-normal/x86_64/7187679823f38a2a940e0043cdf9d637-common-args.resp -MMD -MT dependencies -MF /Users/aadityasingh/Library/Developer/Xcode/DerivedData/Chatlio-erkyzdeecsohoaggpwbjdvavzqfv/Build/Intermediates.noindex/PostHog.build/Debug-iphonesimulator/phlibwebp.build/Objects-normal/x86_64/filters_neon.d --serialize-diagnostics /Users/aadityasingh/Library/Developer/Xcode/DerivedData/Chatlio-erkyzdeecsohoaggpwbjdvavzqfv/Build/Intermediates.noindex/PostHog.build/Debug-iphonesimulator/phlibwebp.build/Objects-normal/x86_64/filters_neon.dia -c /Users/aadityasingh/Library/Developer/Xcode/DerivedData/Chatlio-erkyzdeecsohoaggpwbjdvavzqfv/SourcePackages/checkouts/posthog-ios/vendor/libwebp/filters_neon.c -o /Users/aadityasingh/Library/Developer/Xcode/DerivedData/Chatlio-erkyzdeecsohoaggpwbjdvavzqfv/Build/Intermediates.noindex/PostHog.build/Debug-iphonesimulator/phlibwebp.build/Objects-normal/x86_64/filters_neon.o -index-unit-output-path /PostHog.build/Debug-iphonesimulator/phlibwebp.build/Objects-normal/x86_64/filters_neon.o

CompileC /Users/aadityasingh/Library/Developer/Xcode/DerivedData/Chatlio-erkyzdeecsohoaggpwbjdvavzqfv/Build/Intermediates.noindex/PostHog.build/Debug-iphonesimulator/phlibwebp.build/Objects-normal/x86_64/filters.o /Users/aadityasingh/Library/Developer/Xcode/DerivedData/Chatlio-erkyzdeecsohoaggpwbjdvavzqfv/SourcePackages/checkouts/posthog-ios/vendor/libwebp/filters.c normal x86_64 c com.apple.compilers.llvm.clang.1_0.compiler (in target 'phlibwebp' from project 'PostHog')
    cd /Users/aadityasingh/Documents/Development/element-x-ios/Chatlio.xcodeproj
    
    Using response file: /Users/aadityasingh/Library/Developer/Xcode/DerivedData/Chatlio-erkyzdeecsohoaggpwbjdvavzqfv/Build/Intermediates.noindex/PostHog.build/Debug-iphonesimulator/phlibwebp.build/Objects-normal/x86_64/7187679823f38a2a940e0043cdf9d637-common-args.resp
    
    /Applications/Xcode.app/Contents/Developer/Toolchains/XcodeDefault.xctoolchain/usr/bin/clang -x c -ivfsstatcache /Users/aadityasingh/Library/Developer/Xcode/DerivedData/SDKStatCaches.noindex/iphonesimulator26.4-23E252-686eebb5dc1d8ecb277353a59184f4aa.sdkstatcache -target x86_64-apple-ios13.0-simulator -fmessage-length\=0 -fdiagnostics-show-note-include-stack -fmacro-backtrace-limit\=0 -fno-color-diagnostics -fmodules-prune-interval\=86400 -fmodules-prune-after\=345600 -fbuild-session-file\=/Users/aadityasingh/Library/Developer/Xcode/DerivedData/ModuleCache.noindex/Session.modulevalidation -fmodules-validate-once-per-build-session -Wnon-modular-include-in-framework-module -Werror\=non-modular-include-in-framework-module -Wno-trigraphs -Wno-missing-field-initializers -Wno-missing-prototypes -Wno-return-type -Wno-missing-braces -Wparentheses -Wswitch -Wno-unused-function -Wno-unused-label -Wno-unused-parameter -Wno-unused-variable -Wunused-value -Wno-empty-body -Wno-uninitialized -Wno-unknown-pragmas -w -Wno-shadow -Wno-four-char-constants -Wno-conversion -Wno-constant-conversion -Wno-int-conversion -Wno-bool-conversion -Wno-enum-conversion -Wno-float-conversion -Wno-non-literal-null-conversion -Wno-objc-literal-conversion -Wshorten-64-to-32 -Wpointer-sign -Wno-newline-eof -Wno-implicit-fallthrough -isysroot /Applications/Xcode.app/Contents/Developer/Platforms/iPhoneSimulator.platform/Developer/SDKs/iPhoneSimulator26.4.sdk -fstrict-aliasing -Wdeprecated-declarations -Wno-sign-conversion -Wno-infinite-recursion -Wno-comma -Wno-block-capture-autoreleasing -Wno-strict-prototypes -Wno-semicolon-before-method-body -index-store-path /Users/aadityasingh/Library/Developer/Xcode/DerivedData/Chatlio-erkyzdeecsohoaggpwbjdvavzqfv/Index.noindex/DataStore @/Users/aadityasingh/Library/Developer/Xcode/DerivedData/Chatlio-erkyzdeecsohoaggpwbjdvavzqfv/Build/Intermediates.noindex/PostHog.build/Debug-iphonesimulator/phlibwebp.build/Objects-normal/x86_64/7187679823f38a2a940e0043cdf9d637-common-args.resp -MMD -MT dependencies -MF /Users/aadityasingh/Library/Developer/Xcode/DerivedData/Chatlio-erkyzdeecsohoaggpwbjdvavzqfv/Build/Intermediates.noindex/PostHog.build/Debug-iphonesimulator/phlibwebp.build/Objects-normal/x86_64/filters.d --serialize-diagnostics /Users/aadityasingh/Library/Developer/Xcode/DerivedData/Chatlio-erkyzdeecsohoaggpwbjdvavzqfv/Build/Intermediates.noindex/PostHog.build/Debug-iphonesimulator/phlibwebp.build/Objects-normal/x86_64/filters.dia -c /Users/aadityasingh/Library/Developer/Xcode/DerivedData/Chatlio-erkyzdeecsohoaggpwbjdvavzqfv/SourcePackages/checkouts/posthog-ios/vendor/libwebp/filters.c -o /Users/aadityasingh/Library/Developer/Xcode/DerivedData/Chatlio-erkyzdeecsohoaggpwbjdvavzqfv/Build/Intermediates.noindex/PostHog.build/Debug-iphonesimulator/phlibwebp.build/Objects-normal/x86_64/filters.o -index-unit-output-path /PostHog.build/Debug-iphonesimulator/phlibwebp.build/Objects-normal/x86_64/filters.o

CompileC /Users/aadityasingh/Library/Developer/Xcode/DerivedData/Chatlio-erkyzdeecsohoaggpwbjdvavzqfv/Build/Intermediates.noindex/PostHog.build/Debug-iphonesimulator/phlibwebp.build/Objects-normal/x86_64/filter_enc.o /Users/aadityasingh/Library/Developer/Xcode/DerivedData/Chatlio-erkyzdeecsohoaggpwbjdvavzqfv/SourcePackages/checkouts/posthog-ios/vendor/libwebp/filter_enc.c normal x86_64 c com.apple.compilers.llvm.clang.1_0.compiler (in target 'phlibwebp' from project 'PostHog')
    cd /Users/aadityasingh/Documents/Development/element-x-ios/Chatlio.xcodeproj
    
    Using response file: /Users/aadityasingh/Library/Developer/Xcode/DerivedData/Chatlio-erkyzdeecsohoaggpwbjdvavzqfv/Build/Intermediates.noindex/PostHog.build/Debug-iphonesimulator/phlibwebp.build/Objects-normal/x86_64/7187679823f38a2a940e0043cdf9d637-common-args.resp
    
    /Applications/Xcode.app/Contents/Developer/Toolchains/XcodeDefault.xctoolchain/usr/bin/clang -x c -ivfsstatcache /Users/aadityasingh/Library/Developer/Xcode/DerivedData/SDKStatCaches.noindex/iphonesimulator26.4-23E252-686eebb5dc1d8ecb277353a59184f4aa.sdkstatcache -target x86_64-apple-ios13.0-simulator -fmessage-length\=0 -fdiagnostics-show-note-include-stack -fmacro-backtrace-limit\=0 -fno-color-diagnostics -fmodules-prune-interval\=86400 -fmodules-prune-after\=345600 -fbuild-session-file\=/Users/aadityasingh/Library/Developer/Xcode/DerivedData/ModuleCache.noindex/Session.modulevalidation -fmodules-validate-once-per-build-session -Wnon-modular-include-in-framework-module -Werror\=non-modular-include-in-framework-module -Wno-trigraphs -Wno-missing-field-initializers -Wno-missing-prototypes -Wno-return-type -Wno-missing-braces -Wparentheses -Wswitch -Wno-unused-function -Wno-unused-label -Wno-unused-parameter -Wno-unused-variable -Wunused-value -Wno-empty-body -Wno-uninitialized -Wno-unknown-pragmas -w -Wno-shadow -Wno-four-char-constants -Wno-conversion -Wno-constant-conversion -Wno-int-conversion -Wno-bool-conversion -Wno-enum-conversion -Wno-float-conversion -Wno-non-literal-null-conversion -Wno-objc-literal-conversion -Wshorten-64-to-32 -Wpointer-sign -Wno-newline-eof -Wno-implicit-fallthrough -isysroot /Applications/Xcode.app/Contents/Developer/Platforms/iPhoneSimulator.platform/Developer/SDKs/iPhoneSimulator26.4.sdk -fstrict-aliasing -Wdeprecated-declarations -Wno-sign-conversion -Wno-infinite-recursion -Wno-comma -Wno-block-capture-autoreleasing -Wno-strict-prototypes -Wno-semicolon-before-method-body -index-store-path /Users/aadityasingh/Library/Developer/Xcode/DerivedData/Chatlio-erkyzdeecsohoaggpwbjdvavzqfv/Index.noindex/DataStore @/Users/aadityasingh/Library/Developer/Xcode/DerivedData/Chatlio-erkyzdeecsohoaggpwbjdvavzqfv/Build/Intermediates.noindex/PostHog.build/Debug-iphonesimulator/phlibwebp.build/Objects-normal/x86_64/7187679823f38a2a940e0043cdf9d637-common-args.resp -MMD -MT dependencies -MF /Users/aadityasingh/Library/Developer/Xcode/DerivedData/Chatlio-erkyzdeecsohoaggpwbjdvavzqfv/Build/Intermediates.noindex/PostHog.build/Debug-iphonesimulator/phlibwebp.build/Objects-normal/x86_64/filter_enc.d --serialize-diagnostics /Users/aadityasingh/Library/Developer/Xcode/DerivedData/Chatlio-erkyzdeecsohoaggpwbjdvavzqfv/Build/Intermediates.noindex/PostHog.build/Debug-iphonesimulator/phlibwebp.build/Objects-normal/x86_64/filter_enc.dia -c /Users/aadityasingh/Library/Developer/Xcode/DerivedData/Chatlio-erkyzdeecsohoaggpwbjdvavzqfv/SourcePackages/checkouts/posthog-ios/vendor/libwebp/filter_enc.c -o /Users/aadityasingh/Library/Developer/Xcode/DerivedData/Chatlio-erkyzdeecsohoaggpwbjdvavzqfv/Build/Intermediates.noindex/PostHog.build/Debug-iphonesimulator/phlibwebp.build/Objects-normal/x86_64/filter_enc.o -index-unit-output-path /PostHog.build/Debug-iphonesimulator/phlibwebp.build/Objects-normal/x86_64/filter_enc.o

CompileC /Users/aadityasingh/Library/Developer/Xcode/DerivedData/Chatlio-erkyzdeecsohoaggpwbjdvavzqfv/Build/Intermediates.noindex/PostHog.build/Debug-iphonesimulator/phlibwebp.build/Objects-normal/x86_64/enc_sse41.o /Users/aadityasingh/Library/Developer/Xcode/DerivedData/Chatlio-erkyzdeecsohoaggpwbjdvavzqfv/SourcePackages/checkouts/posthog-ios/vendor/libwebp/enc_sse41.c normal x86_64 c com.apple.compilers.llvm.clang.1_0.compiler (in target 'phlibwebp' from project 'PostHog')
    cd /Users/aadityasingh/Documents/Development/element-x-ios/Chatlio.xcodeproj
    
    Using response file: /Users/aadityasingh/Library/Developer/Xcode/DerivedData/Chatlio-erkyzdeecsohoaggpwbjdvavzqfv/Build/Intermediates.noindex/PostHog.build/Debug-iphonesimulator/phlibwebp.build/Objects-normal/x86_64/7187679823f38a2a940e0043cdf9d637-common-args.resp
    
    /Applications/Xcode.app/Contents/Developer/Toolchains/XcodeDefault.xctoolchain/usr/bin/clang -x c -ivfsstatcache /Users/aadityasingh/Library/Developer/Xcode/DerivedData/SDKStatCaches.noindex/iphonesimulator26.4-23E252-686eebb5dc1d8ecb277353a59184f4aa.sdkstatcache -target x86_64-apple-ios13.0-simulator -fmessage-length\=0 -fdiagnostics-show-note-include-stack -fmacro-backtrace-limit\=0 -fno-color-diagnostics -fmodules-prune-interval\=86400 -fmodules-prune-after\=345600 -fbuild-session-file\=/Users/aadityasingh/Library/Developer/Xcode/DerivedData/ModuleCache.noindex/Session.modulevalidation -fmodules-validate-once-per-build-session -Wnon-modular-include-in-framework-module -Werror\=non-modular-include-in-framework-module -Wno-trigraphs -Wno-missing-field-initializers -Wno-missing-prototypes -Wno-return-type -Wno-missing-braces -Wparentheses -Wswitch -Wno-unused-function -Wno-unused-label -Wno-unused-parameter -Wno-unused-variable -Wunused-value -Wno-empty-body -Wno-uninitialized -Wno-unknown-pragmas -w -Wno-shadow -Wno-four-char-constants -Wno-conversion -Wno-constant-conversion -Wno-int-conversion -Wno-bool-conversion -Wno-enum-conversion -Wno-float-conversion -Wno-non-literal-null-conversion -Wno-objc-literal-conversion -Wshorten-64-to-32 -Wpointer-sign -Wno-newline-eof -Wno-implicit-fallthrough -isysroot /Applications/Xcode.app/Contents/Developer/Platforms/iPhoneSimulator.platform/Developer/SDKs/iPhoneSimulator26.4.sdk -fstrict-aliasing -Wdeprecated-declarations -Wno-sign-conversion -Wno-infinite-recursion -Wno-comma -Wno-block-capture-autoreleasing -Wno-strict-prototypes -Wno-semicolon-before-method-body -index-store-path /Users/aadityasingh/Library/Developer/Xcode/DerivedData/Chatlio-erkyzdeecsohoaggpwbjdvavzqfv/Index.noindex/DataStore @/Users/aadityasingh/Library/Developer/Xcode/DerivedData/Chatlio-erkyzdeecsohoaggpwbjdvavzqfv/Build/Intermediates.noindex/PostHog.build/Debug-iphonesimulator/phlibwebp.build/Objects-normal/x86_64/7187679823f38a2a940e0043cdf9d637-common-args.resp -MMD -MT dependencies -MF /Users/aadityasingh/Library/Developer/Xcode/DerivedData/Chatlio-erkyzdeecsohoaggpwbjdvavzqfv/Build/Intermediates.noindex/PostHog.build/Debug-iphonesimulator/phlibwebp.build/Objects-normal/x86_64/enc_sse41.d --serialize-diagnostics /Users/aadityasingh/Library/Developer/Xcode/DerivedData/Chatlio-erkyzdeecsohoaggpwbjdvavzqfv/Build/Intermediates.noindex/PostHog.build/Debug-iphonesimulator/phlibwebp.build/Objects-normal/x86_64/enc_sse41.dia -c /Users/aadityasingh/Library/Developer/Xcode/DerivedData/Chatlio-erkyzdeecsohoaggpwbjdvavzqfv/SourcePackages/checkouts/posthog-ios/vendor/libwebp/enc_sse41.c -o /Users/aadityasingh/Library/Developer/Xcode/DerivedData/Chatlio-erkyzdeecsohoaggpwbjdvavzqfv/Build/Intermediates.noindex/PostHog.build/Debug-iphonesimulator/phlibwebp.build/Objects-normal/x86_64/enc_sse41.o -index-unit-output-path /PostHog.build/Debug-iphonesimulator/phlibwebp.build/Objects-normal/x86_64/enc_sse41.o

CompileC /Users/aadityasingh/Library/Developer/Xcode/DerivedData/Chatlio-erkyzdeecsohoaggpwbjdvavzqfv/Build/Intermediates.noindex/PostHog.build/Debug-iphonesimulator/phlibwebp.build/Objects-normal/x86_64/enc_neon.o /Users/aadityasingh/Library/Developer/Xcode/DerivedData/Chatlio-erkyzdeecsohoaggpwbjdvavzqfv/SourcePackages/checkouts/posthog-ios/vendor/libwebp/enc_neon.c normal x86_64 c com.apple.compilers.llvm.clang.1_0.compiler (in target 'phlibwebp' from project 'PostHog')
    cd /Users/aadityasingh/Documents/Development/element-x-ios/Chatlio.xcodeproj
    
    Using response file: /Users/aadityasingh/Library/Developer/Xcode/DerivedData/Chatlio-erkyzdeecsohoaggpwbjdvavzqfv/Build/Intermediates.noindex/PostHog.build/Debug-iphonesimulator/phlibwebp.build/Objects-normal/x86_64/7187679823f38a2a940e0043cdf9d637-common-args.resp
    
    /Applications/Xcode.app/Contents/Developer/Toolchains/XcodeDefault.xctoolchain/usr/bin/clang -x c -ivfsstatcache /Users/aadityasingh/Library/Developer/Xcode/DerivedData/SDKStatCaches.noindex/iphonesimulator26.4-23E252-686eebb5dc1d8ecb277353a59184f4aa.sdkstatcache -target x86_64-apple-ios13.0-simulator -fmessage-length\=0 -fdiagnostics-show-note-include-stack -fmacro-backtrace-limit\=0 -fno-color-diagnostics -fmodules-prune-interval\=86400 -fmodules-prune-after\=345600 -fbuild-session-file\=/Users/aadityasingh/Library/Developer/Xcode/DerivedData/ModuleCache.noindex/Session.modulevalidation -fmodules-validate-once-per-build-session -Wnon-modular-include-in-framework-module -Werror\=non-modular-include-in-framework-module -Wno-trigraphs -Wno-missing-field-initializers -Wno-missing-prototypes -Wno-return-type -Wno-missing-braces -Wparentheses -Wswitch -Wno-unused-function -Wno-unused-label -Wno-unused-parameter -Wno-unused-variable -Wunused-value -Wno-empty-body -Wno-uninitialized -Wno-unknown-pragmas -w -Wno-shadow -Wno-four-char-constants -Wno-conversion -Wno-constant-conversion -Wno-int-conversion -Wno-bool-conversion -Wno-enum-conversion -Wno-float-conversion -Wno-non-literal-null-conversion -Wno-objc-literal-conversion -Wshorten-64-to-32 -Wpointer-sign -Wno-newline-eof -Wno-implicit-fallthrough -isysroot /Applications/Xcode.app/Contents/Developer/Platforms/iPhoneSimulator.platform/Developer/SDKs/iPhoneSimulator26.4.sdk -fstrict-aliasing -Wdeprecated-declarations -Wno-sign-conversion -Wno-infinite-recursion -Wno-comma -Wno-block-capture-autoreleasing -Wno-strict-prototypes -Wno-semicolon-before-method-body -index-store-path /Users/aadityasingh/Library/Developer/Xcode/DerivedData/Chatlio-erkyzdeecsohoaggpwbjdvavzqfv/Index.noindex/DataStore @/Users/aadityasingh/Library/Developer/Xcode/DerivedData/Chatlio-erkyzdeecsohoaggpwbjdvavzqfv/Build/Intermediates.noindex/PostHog.build/Debug-iphonesimulator/phlibwebp.build/Objects-normal/x86_64/7187679823f38a2a940e0043cdf9d637-common-args.resp -MMD -MT dependencies -MF /Users/aadityasingh/Library/Developer/Xcode/DerivedData/Chatlio-erkyzdeecsohoaggpwbjdvavzqfv/Build/Intermediates.noindex/PostHog.build/Debug-iphonesimulator/phlibwebp.build/Objects-normal/x86_64/enc_neon.d --serialize-diagnostics /Users/aadityasingh/Library/Developer/Xcode/DerivedData/Chatlio-erkyzdeecsohoaggpwbjdvavzqfv/Build/Intermediates.noindex/PostHog.build/Debug-iphonesimulator/phlibwebp.build/Objects-normal/x86_64/enc_neon.dia -c /Users/aadityasingh/Library/Developer/Xcode/DerivedData/Chatlio-erkyzdeecsohoaggpwbjdvavzqfv/SourcePackages/checkouts/posthog-ios/vendor/libwebp/enc_neon.c -o /Users/aadityasingh/Library/Developer/Xcode/DerivedData/Chatlio-erkyzdeecsohoaggpwbjdvavzqfv/Build/Intermediates.noindex/PostHog.build/Debug-iphonesimulator/phlibwebp.build/Objects-normal/x86_64/enc_neon.o -index-unit-output-path /PostHog.build/Debug-iphonesimulator/phlibwebp.build/Objects-normal/x86_64/enc_neon.o

CompileC /Users/aadityasingh/Library/Developer/Xcode/DerivedData/Chatlio-erkyzdeecsohoaggpwbjdvavzqfv/Build/Intermediates.noindex/PostHog.build/Debug-iphonesimulator/phlibwebp.build/Objects-normal/x86_64/enc.o /Users/aadityasingh/Library/Developer/Xcode/DerivedData/Chatlio-erkyzdeecsohoaggpwbjdvavzqfv/SourcePackages/checkouts/posthog-ios/vendor/libwebp/enc.c normal x86_64 c com.apple.compilers.llvm.clang.1_0.compiler (in target 'phlibwebp' from project 'PostHog')
    cd /Users/aadityasingh/Documents/Development/element-x-ios/Chatlio.xcodeproj
    
    Using response file: /Users/aadityasingh/Library/Developer/Xcode/DerivedData/Chatlio-erkyzdeecsohoaggpwbjdvavzqfv/Build/Intermediates.noindex/PostHog.build/Debug-iphonesimulator/phlibwebp.build/Objects-normal/x86_64/7187679823f38a2a940e0043cdf9d637-common-args.resp
    
    /Applications/Xcode.app/Contents/Developer/Toolchains/XcodeDefault.xctoolchain/usr/bin/clang -x c -ivfsstatcache /Users/aadityasingh/Library/Developer/Xcode/DerivedData/SDKStatCaches.noindex/iphonesimulator26.4-23E252-686eebb5dc1d8ecb277353a59184f4aa.sdkstatcache -target x86_64-apple-ios13.0-simulator -fmessage-length\=0 -fdiagnostics-show-note-include-stack -fmacro-backtrace-limit\=0 -fno-color-diagnostics -fmodules-prune-interval\=86400 -fmodules-prune-after\=345600 -fbuild-session-file\=/Users/aadityasingh/Library/Developer/Xcode/DerivedData/ModuleCache.noindex/Session.modulevalidation -fmodules-validate-once-per-build-session -Wnon-modular-include-in-framework-module -Werror\=non-modular-include-in-framework-module -Wno-trigraphs -Wno-missing-field-initializers -Wno-missing-prototypes -Wno-return-type -Wno-missing-braces -Wparentheses -Wswitch -Wno-unused-function -Wno-unused-label -Wno-unused-parameter -Wno-unused-variable -Wunused-value -Wno-empty-body -Wno-uninitialized -Wno-unknown-pragmas -w -Wno-shadow -Wno-four-char-constants -Wno-conversion -Wno-constant-conversion -Wno-int-conversion -Wno-bool-conversion -Wno-enum-conversion -Wno-float-conversion -Wno-non-literal-null-conversion -Wno-objc-literal-conversion -Wshorten-64-to-32 -Wpointer-sign -Wno-newline-eof -Wno-implicit-fallthrough -isysroot /Applications/Xcode.app/Contents/Developer/Platforms/iPhoneSimulator.platform/Developer/SDKs/iPhoneSimulator26.4.sdk -fstrict-aliasing -Wdeprecated-declarations -Wno-sign-conversion -Wno-infinite-recursion -Wno-comma -Wno-block-capture-autoreleasing -Wno-strict-prototypes -Wno-semicolon-before-method-body -index-store-path /Users/aadityasingh/Library/Developer/Xcode/DerivedData/Chatlio-erkyzdeecsohoaggpwbjdvavzqfv/Index.noindex/DataStore @/Users/aadityasingh/Library/Developer/Xcode/DerivedData/Chatlio-erkyzdeecsohoaggpwbjdvavzqfv/Build/Intermediates.noindex/PostHog.build/Debug-iphonesimulator/phlibwebp.build/Objects-normal/x86_64/7187679823f38a2a940e0043cdf9d637-common-args.resp -MMD -MT dependencies -MF /Users/aadityasingh/Library/Developer/Xcode/DerivedData/Chatlio-erkyzdeecsohoaggpwbjdvavzqfv/Build/Intermediates.noindex/PostHog.build/Debug-iphonesimulator/phlibwebp.build/Objects-normal/x86_64/enc.d --serialize-diagnostics /Users/aadityasingh/Library/Developer/Xcode/DerivedData/Chatlio-erkyzdeecsohoaggpwbjdvavzqfv/Build/Intermediates.noindex/PostHog.build/Debug-iphonesimulator/phlibwebp.build/Objects-normal/x86_64/enc.dia -c /Users/aadityasingh/Library/Developer/Xcode/DerivedData/Chatlio-erkyzdeecsohoaggpwbjdvavzqfv/SourcePackages/checkouts/posthog-ios/vendor/libwebp/enc.c -o /Users/aadityasingh/Library/Developer/Xcode/DerivedData/Chatlio-erkyzdeecsohoaggpwbjdvavzqfv/Build/Intermediates.noindex/PostHog.build/Debug-iphonesimulator/phlibwebp.build/Objects-normal/x86_64/enc.o -index-unit-output-path /PostHog.build/Debug-iphonesimulator/phlibwebp.build/Objects-normal/x86_64/enc.o

CompileC /Users/aadityasingh/Library/Developer/Xcode/DerivedData/Chatlio-erkyzdeecsohoaggpwbjdvavzqfv/Build/Intermediates.noindex/PostHog.build/Debug-iphonesimulator/phlibwebp.build/Objects-normal/x86_64/dec_sse41.o /Users/aadityasingh/Library/Developer/Xcode/DerivedData/Chatlio-erkyzdeecsohoaggpwbjdvavzqfv/SourcePackages/checkouts/posthog-ios/vendor/libwebp/dec_sse41.c normal x86_64 c com.apple.compilers.llvm.clang.1_0.compiler (in target 'phlibwebp' from project 'PostHog')
    cd /Users/aadityasingh/Documents/Development/element-x-ios/Chatlio.xcodeproj
    
    Using response file: /Users/aadityasingh/Library/Developer/Xcode/DerivedData/Chatlio-erkyzdeecsohoaggpwbjdvavzqfv/Build/Intermediates.noindex/PostHog.build/Debug-iphonesimulator/phlibwebp.build/Objects-normal/x86_64/7187679823f38a2a940e0043cdf9d637-common-args.resp
    
    /Applications/Xcode.app/Contents/Developer/Toolchains/XcodeDefault.xctoolchain/usr/bin/clang -x c -ivfsstatcache /Users/aadityasingh/Library/Developer/Xcode/DerivedData/SDKStatCaches.noindex/iphonesimulator26.4-23E252-686eebb5dc1d8ecb277353a59184f4aa.sdkstatcache -target x86_64-apple-ios13.0-simulator -fmessage-length\=0 -fdiagnostics-show-note-include-stack -fmacro-backtrace-limit\=0 -fno-color-diagnostics -fmodules-prune-interval\=86400 -fmodules-prune-after\=345600 -fbuild-session-file\=/Users/aadityasingh/Library/Developer/Xcode/DerivedData/ModuleCache.noindex/Session.modulevalidation -fmodules-validate-once-per-build-session -Wnon-modular-include-in-framework-module -Werror\=non-modular-include-in-framework-module -Wno-trigraphs -Wno-missing-field-initializers -Wno-missing-prototypes -Wno-return-type -Wno-missing-braces -Wparentheses -Wswitch -Wno-unused-function -Wno-unused-label -Wno-unused-parameter -Wno-unused-variable -Wunused-value -Wno-empty-body -Wno-uninitialized -Wno-unknown-pragmas -w -Wno-shadow -Wno-four-char-constants -Wno-conversion -Wno-constant-conversion -Wno-int-conversion -Wno-bool-conversion -Wno-enum-conversion -Wno-float-conversion -Wno-non-literal-null-conversion -Wno-objc-literal-conversion -Wshorten-64-to-32 -Wpointer-sign -Wno-newline-eof -Wno-implicit-fallthrough -isysroot /Applications/Xcode.app/Contents/Developer/Platforms/iPhoneSimulator.platform/Developer/SDKs/iPhoneSimulator26.4.sdk -fstrict-aliasing -Wdeprecated-declarations -Wno-sign-conversion -Wno-infinite-recursion -Wno-comma -Wno-block-capture-autoreleasing -Wno-strict-prototypes -Wno-semicolon-before-method-body -index-store-path /Users/aadityasingh/Library/Developer/Xcode/DerivedData/Chatlio-erkyzdeecsohoaggpwbjdvavzqfv/Index.noindex/DataStore @/Users/aadityasingh/Library/Developer/Xcode/DerivedData/Chatlio-erkyzdeecsohoaggpwbjdvavzqfv/Build/Intermediates.noindex/PostHog.build/Debug-iphonesimulator/phlibwebp.build/Objects-normal/x86_64/7187679823f38a2a940e0043cdf9d637-common-args.resp -MMD -MT dependencies -MF /Users/aadityasingh/Library/Developer/Xcode/DerivedData/Chatlio-erkyzdeecsohoaggpwbjdvavzqfv/Build/Intermediates.noindex/PostHog.build/Debug-iphonesimulator/phlibwebp.build/Objects-normal/x86_64/dec_sse41.d --serialize-diagnostics /Users/aadityasingh/Library/Developer/Xcode/DerivedData/Chatlio-erkyzdeecsohoaggpwbjdvavzqfv/Build/Intermediates.noindex/PostHog.build/Debug-iphonesimulator/phlibwebp.build/Objects-normal/x86_64/dec_sse41.dia -c /Users/aadityasingh/Library/Developer/Xcode/DerivedData/Chatlio-erkyzdeecsohoaggpwbjdvavzqfv/SourcePackages/checkouts/posthog-ios/vendor/libwebp/dec_sse41.c -o /Users/aadityasingh/Library/Developer/Xcode/DerivedData/Chatlio-erkyzdeecsohoaggpwbjdvavzqfv/Build/Intermediates.noindex/PostHog.build/Debug-iphonesimulator/phlibwebp.build/Objects-normal/x86_64/dec_sse41.o -index-unit-output-path /PostHog.build/Debug-iphonesimulator/phlibwebp.build/Objects-normal/x86_64/dec_sse41.o

CompileC /Users/aadityasingh/Library/Developer/Xcode/DerivedData/Chatlio-erkyzdeecsohoaggpwbjdvavzqfv/Build/Intermediates.noindex/PostHog.build/Debug-iphonesimulator/phlibwebp.build/Objects-normal/x86_64/dec_neon.o /Users/aadityasingh/Library/Developer/Xcode/DerivedData/Chatlio-erkyzdeecsohoaggpwbjdvavzqfv/SourcePackages/checkouts/posthog-ios/vendor/libwebp/dec_neon.c normal x86_64 c com.apple.compilers.llvm.clang.1_0.compiler (in target 'phlibwebp' from project 'PostHog')
    cd /Users/aadityasingh/Documents/Development/element-x-ios/Chatlio.xcodeproj
    
    Using response file: /Users/aadityasingh/Library/Developer/Xcode/DerivedData/Chatlio-erkyzdeecsohoaggpwbjdvavzqfv/Build/Intermediates.noindex/PostHog.build/Debug-iphonesimulator/phlibwebp.build/Objects-normal/x86_64/7187679823f38a2a940e0043cdf9d637-common-args.resp
    
    /Applications/Xcode.app/Contents/Developer/Toolchains/XcodeDefault.xctoolchain/usr/bin/clang -x c -ivfsstatcache /Users/aadityasingh/Library/Developer/Xcode/DerivedData/SDKStatCaches.noindex/iphonesimulator26.4-23E252-686eebb5dc1d8ecb277353a59184f4aa.sdkstatcache -target x86_64-apple-ios13.0-simulator -fmessage-length\=0 -fdiagnostics-show-note-include-stack -fmacro-backtrace-limit\=0 -fno-color-diagnostics -fmodules-prune-interval\=86400 -fmodules-prune-after\=345600 -fbuild-session-file\=/Users/aadityasingh/Library/Developer/Xcode/DerivedData/ModuleCache.noindex/Session.modulevalidation -fmodules-validate-once-per-build-session -Wnon-modular-include-in-framework-module -Werror\=non-modular-include-in-framework-module -Wno-trigraphs -Wno-missing-field-initializers -Wno-missing-prototypes -Wno-return-type -Wno-missing-braces -Wparentheses -Wswitch -Wno-unused-function -Wno-unused-label -Wno-unused-parameter -Wno-unused-variable -Wunused-value -Wno-empty-body -Wno-uninitialized -Wno-unknown-pragmas -w -Wno-shadow -Wno-four-char-constants -Wno-conversion -Wno-constant-conversion -Wno-int-conversion -Wno-bool-conversion -Wno-enum-conversion -Wno-float-conversion -Wno-non-literal-null-conversion -Wno-objc-literal-conversion -Wshorten-64-to-32 -Wpointer-sign -Wno-newline-eof -Wno-implicit-fallthrough -isysroot /Applications/Xcode.app/Contents/Developer/Platforms/iPhoneSimulator.platform/Developer/SDKs/iPhoneSimulator26.4.sdk -fstrict-aliasing -Wdeprecated-declarations -Wno-sign-conversion -Wno-infinite-recursion -Wno-comma -Wno-block-capture-autoreleasing -Wno-strict-prototypes -Wno-semicolon-before-method-body -index-store-path /Users/aadityasingh/Library/Developer/Xcode/DerivedData/Chatlio-erkyzdeecsohoaggpwbjdvavzqfv/Index.noindex/DataStore @/Users/aadityasingh/Library/Developer/Xcode/DerivedData/Chatlio-erkyzdeecsohoaggpwbjdvavzqfv/Build/Intermediates.noindex/PostHog.build/Debug-iphonesimulator/phlibwebp.build/Objects-normal/x86_64/7187679823f38a2a940e0043cdf9d637-common-args.resp -MMD -MT dependencies -MF /Users/aadityasingh/Library/Developer/Xcode/DerivedData/Chatlio-erkyzdeecsohoaggpwbjdvavzqfv/Build/Intermediates.noindex/PostHog.build/Debug-iphonesimulator/phlibwebp.build/Objects-normal/x86_64/dec_neon.d --serialize-diagnostics /Users/aadityasingh/Library/Developer/Xcode/DerivedData/Chatlio-erkyzdeecsohoaggpwbjdvavzqfv/Build/Intermediates.noindex/PostHog.build/Debug-iphonesimulator/phlibwebp.build/Objects-normal/x86_64/dec_neon.dia -c /Users/aadityasingh/Library/Developer/Xcode/DerivedData/Chatlio-erkyzdeecsohoaggpwbjdvavzqfv/SourcePackages/checkouts/posthog-ios/vendor/libwebp/dec_neon.c -o /Users/aadityasingh/Library/Developer/Xcode/DerivedData/Chatlio-erkyzdeecsohoaggpwbjdvavzqfv/Build/Intermediates.noindex/PostHog.build/Debug-iphonesimulator/phlibwebp.build/Objects-normal/x86_64/dec_neon.o -index-unit-output-path /PostHog.build/Debug-iphonesimulator/phlibwebp.build/Objects-normal/x86_64/dec_neon.o

CompileC /Users/aadityasingh/Library/Developer/Xcode/DerivedData/Chatlio-erkyzdeecsohoaggpwbjdvavzqfv/Build/Intermediates.noindex/PostHog.build/Debug-iphonesimulator/phlibwebp.build/Objects-normal/x86_64/dec_clip_tables.o /Users/aadityasingh/Library/Developer/Xcode/DerivedData/Chatlio-erkyzdeecsohoaggpwbjdvavzqfv/SourcePackages/checkouts/posthog-ios/vendor/libwebp/dec_clip_tables.c normal x86_64 c com.apple.compilers.llvm.clang.1_0.compiler (in target 'phlibwebp' from project 'PostHog')
    cd /Users/aadityasingh/Documents/Development/element-x-ios/Chatlio.xcodeproj
    
    Using response file: /Users/aadityasingh/Library/Developer/Xcode/DerivedData/Chatlio-erkyzdeecsohoaggpwbjdvavzqfv/Build/Intermediates.noindex/PostHog.build/Debug-iphonesimulator/phlibwebp.build/Objects-normal/x86_64/7187679823f38a2a940e0043cdf9d637-common-args.resp
    
    /Applications/Xcode.app/Contents/Developer/Toolchains/XcodeDefault.xctoolchain/usr/bin/clang -x c -ivfsstatcache /Users/aadityasingh/Library/Developer/Xcode/DerivedData/SDKStatCaches.noindex/iphonesimulator26.4-23E252-686eebb5dc1d8ecb277353a59184f4aa.sdkstatcache -target x86_64-apple-ios13.0-simulator -fmessage-length\=0 -fdiagnostics-show-note-include-stack -fmacro-backtrace-limit\=0 -fno-color-diagnostics -fmodules-prune-interval\=86400 -fmodules-prune-after\=345600 -fbuild-session-file\=/Users/aadityasingh/Library/Developer/Xcode/DerivedData/ModuleCache.noindex/Session.modulevalidation -fmodules-validate-once-per-build-session -Wnon-modular-include-in-framework-module -Werror\=non-modular-include-in-framework-module -Wno-trigraphs -Wno-missing-field-initializers -Wno-missing-prototypes -Wno-return-type -Wno-missing-braces -Wparentheses -Wswitch -Wno-unused-function -Wno-unused-label -Wno-unused-parameter -Wno-unused-variable -Wunused-value -Wno-empty-body -Wno-uninitialized -Wno-unknown-pragmas -w -Wno-shadow -Wno-four-char-constants -Wno-conversion -Wno-constant-conversion -Wno-int-conversion -Wno-bool-conversion -Wno-enum-conversion -Wno-float-conversion -Wno-non-literal-null-conversion -Wno-objc-literal-conversion -Wshorten-64-to-32 -Wpointer-sign -Wno-newline-eof -Wno-implicit-fallthrough -isysroot /Applications/Xcode.app/Contents/Developer/Platforms/iPhoneSimulator.platform/Developer/SDKs/iPhoneSimulator26.4.sdk -fstrict-aliasing -Wdeprecated-declarations -Wno-sign-conversion -Wno-infinite-recursion -Wno-comma -Wno-block-capture-autoreleasing -Wno-strict-prototypes -Wno-semicolon-before-method-body -index-store-path /Users/aadityasingh/Library/Developer/Xcode/DerivedData/Chatlio-erkyzdeecsohoaggpwbjdvavzqfv/Index.noindex/DataStore @/Users/aadityasingh/Library/Developer/Xcode/DerivedData/Chatlio-erkyzdeecsohoaggpwbjdvavzqfv/Build/Intermediates.noindex/PostHog.build/Debug-iphonesimulator/phlibwebp.build/Objects-normal/x86_64/7187679823f38a2a940e0043cdf9d637-common-args.resp -MMD -MT dependencies -MF /Users/aadityasingh/Library/Developer/Xcode/DerivedData/Chatlio-erkyzdeecsohoaggpwbjdvavzqfv/Build/Intermediates.noindex/PostHog.build/Debug-iphonesimulator/phlibwebp.build/Objects-normal/x86_64/dec_clip_tables.d --serialize-diagnostics /Users/aadityasingh/Library/Developer/Xcode/DerivedData/Chatlio-erkyzdeecsohoaggpwbjdvavzqfv/Build/Intermediates.noindex/PostHog.build/Debug-iphonesimulator/phlibwebp.build/Objects-normal/x86_64/dec_clip_tables.dia -c /Users/aadityasingh/Library/Developer/Xcode/DerivedData/Chatlio-erkyzdeecsohoaggpwbjdvavzqfv/SourcePackages/checkouts/posthog-ios/vendor/libwebp/dec_clip_tables.c -o /Users/aadityasingh/Library/Developer/Xcode/DerivedData/Chatlio-erkyzdeecsohoaggpwbjdvavzqfv/Build/Intermediates.noindex/PostHog.build/Debug-iphonesimulator/phlibwebp.build/Objects-normal/x86_64/dec_clip_tables.o -index-unit-output-path /PostHog.build/Debug-iphonesimulator/phlibwebp.build/Objects-normal/x86_64/dec_clip_tables.o

CompileC /Users/aadityasingh/Library/Developer/Xcode/DerivedData/Chatlio-erkyzdeecsohoaggpwbjdvavzqfv/Build/Intermediates.noindex/PostHog.build/Debug-iphonesimulator/phlibwebp.build/Objects-normal/x86_64/dec.o /Users/aadityasingh/Library/Developer/Xcode/DerivedData/Chatlio-erkyzdeecsohoaggpwbjdvavzqfv/SourcePackages/checkouts/posthog-ios/vendor/libwebp/dec.c normal x86_64 c com.apple.compilers.llvm.clang.1_0.compiler (in target 'phlibwebp' from project 'PostHog')
    cd /Users/aadityasingh/Documents/Development/element-x-ios/Chatlio.xcodeproj
    
    Using response file: /Users/aadityasingh/Library/Developer/Xcode/DerivedData/Chatlio-erkyzdeecsohoaggpwbjdvavzqfv/Build/Intermediates.noindex/PostHog.build/Debug-iphonesimulator/phlibwebp.build/Objects-normal/x86_64/7187679823f38a2a940e0043cdf9d637-common-args.resp
    
    /Applications/Xcode.app/Contents/Developer/Toolchains/XcodeDefault.xctoolchain/usr/bin/clang -x c -ivfsstatcache /Users/aadityasingh/Library/Developer/Xcode/DerivedData/SDKStatCaches.noindex/iphonesimulator26.4-23E252-686eebb5dc1d8ecb277353a59184f4aa.sdkstatcache -target x86_64-apple-ios13.0-simulator -fmessage-length\=0 -fdiagnostics-show-note-include-stack -fmacro-backtrace-limit\=0 -fno-color-diagnostics -fmodules-prune-interval\=86400 -fmodules-prune-after\=345600 -fbuild-session-file\=/Users/aadityasingh/Library/Developer/Xcode/DerivedData/ModuleCache.noindex/Session.modulevalidation -fmodules-validate-once-per-build-session -Wnon-modular-include-in-framework-module -Werror\=non-modular-include-in-framework-module -Wno-trigraphs -Wno-missing-field-initializers -Wno-missing-prototypes -Wno-return-type -Wno-missing-braces -Wparentheses -Wswitch -Wno-unused-function -Wno-unused-label -Wno-unused-parameter -Wno-unused-variable -Wunused-value -Wno-empty-body -Wno-uninitialized -Wno-unknown-pragmas -w -Wno-shadow -Wno-four-char-constants -Wno-conversion -Wno-constant-conversion -Wno-int-conversion -Wno-bool-conversion -Wno-enum-conversion -Wno-float-conversion -Wno-non-literal-null-conversion -Wno-objc-literal-conversion -Wshorten-64-to-32 -Wpointer-sign -Wno-newline-eof -Wno-implicit-fallthrough -isysroot /Applications/Xcode.app/Contents/Developer/Platforms/iPhoneSimulator.platform/Developer/SDKs/iPhoneSimulator26.4.sdk -fstrict-aliasing -Wdeprecated-declarations -Wno-sign-conversion -Wno-infinite-recursion -Wno-comma -Wno-block-capture-autoreleasing -Wno-strict-prototypes -Wno-semicolon-before-method-body -index-store-path /Users/aadityasingh/Library/Developer/Xcode/DerivedData/Chatlio-erkyzdeecsohoaggpwbjdvavzqfv/Index.noindex/DataStore @/Users/aadityasingh/Library/Developer/Xcode/DerivedData/Chatlio-erkyzdeecsohoaggpwbjdvavzqfv/Build/Intermediates.noindex/PostHog.build/Debug-iphonesimulator/phlibwebp.build/Objects-normal/x86_64/7187679823f38a2a940e0043cdf9d637-common-args.resp -MMD -MT dependencies -MF /Users/aadityasingh/Library/Developer/Xcode/DerivedData/Chatlio-erkyzdeecsohoaggpwbjdvavzqfv/Build/Intermediates.noindex/PostHog.build/Debug-iphonesimulator/phlibwebp.build/Objects-normal/x86_64/dec.d --serialize-diagnostics /Users/aadityasingh/Library/Developer/Xcode/DerivedData/Chatlio-erkyzdeecsohoaggpwbjdvavzqfv/Build/Intermediates.noindex/PostHog.build/Debug-iphonesimulator/phlibwebp.build/Objects-normal/x86_64/dec.dia -c /Users/aadityasingh/Library/Developer/Xcode/DerivedData/Chatlio-erkyzdeecsohoaggpwbjdvavzqfv/SourcePackages/checkouts/posthog-ios/vendor/libwebp/dec.c -o /Users/aadityasingh/Library/Developer/Xcode/DerivedData/Chatlio-erkyzdeecsohoaggpwbjdvavzqfv/Build/Intermediates.noindex/PostHog.build/Debug-iphonesimulator/phlibwebp.build/Objects-normal/x86_64/dec.o -index-unit-output-path /PostHog.build/Debug-iphonesimulator/phlibwebp.build/Objects-normal/x86_64/dec.o

CompileC /Users/aadityasingh/Library/Developer/Xcode/DerivedData/Chatlio-erkyzdeecsohoaggpwbjdvavzqfv/Build/Intermediates.noindex/PostHog.build/Debug-iphonesimulator/phlibwebp.build/Objects-normal/x86_64/cpu.o /Users/aadityasingh/Library/Developer/Xcode/DerivedData/Chatlio-erkyzdeecsohoaggpwbjdvavzqfv/SourcePackages/checkouts/posthog-ios/vendor/libwebp/cpu.c normal x86_64 c com.apple.compilers.llvm.clang.1_0.compiler (in target 'phlibwebp' from project 'PostHog')
    cd /Users/aadityasingh/Documents/Development/element-x-ios/Chatlio.xcodeproj
    
    Using response file: /Users/aadityasingh/Library/Developer/Xcode/DerivedData/Chatlio-erkyzdeecsohoaggpwbjdvavzqfv/Build/Intermediates.noindex/PostHog.build/Debug-iphonesimulator/phlibwebp.build/Objects-normal/x86_64/7187679823f38a2a940e0043cdf9d637-common-args.resp
    
    /Applications/Xcode.app/Contents/Developer/Toolchains/XcodeDefault.xctoolchain/usr/bin/clang -x c -ivfsstatcache /Users/aadityasingh/Library/Developer/Xcode/DerivedData/SDKStatCaches.noindex/iphonesimulator26.4-23E252-686eebb5dc1d8ecb277353a59184f4aa.sdkstatcache -target x86_64-apple-ios13.0-simulator -fmessage-length\=0 -fdiagnostics-show-note-include-stack -fmacro-backtrace-limit\=0 -fno-color-diagnostics -fmodules-prune-interval\=86400 -fmodules-prune-after\=345600 -fbuild-session-file\=/Users/aadityasingh/Library/Developer/Xcode/DerivedData/ModuleCache.noindex/Session.modulevalidation -fmodules-validate-once-per-build-session -Wnon-modular-include-in-framework-module -Werror\=non-modular-include-in-framework-module -Wno-trigraphs -Wno-missing-field-initializers -Wno-missing-prototypes -Wno-return-type -Wno-missing-braces -Wparentheses -Wswitch -Wno-unused-function -Wno-unused-label -Wno-unused-parameter -Wno-unused-variable -Wunused-value -Wno-empty-body -Wno-uninitialized -Wno-unknown-pragmas -w -Wno-shadow -Wno-four-char-constants -Wno-conversion -Wno-constant-conversion -Wno-int-conversion -Wno-bool-conversion -Wno-enum-conversion -Wno-float-conversion -Wno-non-literal-null-conversion -Wno-objc-literal-conversion -Wshorten-64-to-32 -Wpointer-sign -Wno-newline-eof -Wno-implicit-fallthrough -isysroot /Applications/Xcode.app/Contents/Developer/Platforms/iPhoneSimulator.platform/Developer/SDKs/iPhoneSimulator26.4.sdk -fstrict-aliasing -Wdeprecated-declarations -Wno-sign-conversion -Wno-infinite-recursion -Wno-comma -Wno-block-capture-autoreleasing -Wno-strict-prototypes -Wno-semicolon-before-method-body -index-store-path /Users/aadityasingh/Library/Developer/Xcode/DerivedData/Chatlio-erkyzdeecsohoaggpwbjdvavzqfv/Index.noindex/DataStore @/Users/aadityasingh/Library/Developer/Xcode/DerivedData/Chatlio-erkyzdeecsohoaggpwbjdvavzqfv/Build/Intermediates.noindex/PostHog.build/Debug-iphonesimulator/phlibwebp.build/Objects-normal/x86_64/7187679823f38a2a940e0043cdf9d637-common-args.resp -MMD -MT dependencies -MF /Users/aadityasingh/Library/Developer/Xcode/DerivedData/Chatlio-erkyzdeecsohoaggpwbjdvavzqfv/Build/Intermediates.noindex/PostHog.build/Debug-iphonesimulator/phlibwebp.build/Objects-normal/x86_64/cpu.d --serialize-diagnostics /Users/aadityasingh/Library/Developer/Xcode/DerivedData/Chatlio-erkyzdeecsohoaggpwbjdvavzqfv/Build/Intermediates.noindex/PostHog.build/Debug-iphonesimulator/phlibwebp.build/Objects-normal/x86_64/cpu.dia -c /Users/aadityasingh/Library/Developer/Xcode/DerivedData/Chatlio-erkyzdeecsohoaggpwbjdvavzqfv/SourcePackages/checkouts/posthog-ios/vendor/libwebp/cpu.c -o /Users/aadityasingh/Library/Developer/Xcode/DerivedData/Chatlio-erkyzdeecsohoaggpwbjdvavzqfv/Build/Intermediates.noindex/PostHog.build/Debug-iphonesimulator/phlibwebp.build/Objects-normal/x86_64/cpu.o -index-unit-output-path /PostHog.build/Debug-iphonesimulator/phlibwebp.build/Objects-normal/x86_64/cpu.o

CompileC /Users/aadityasingh/Library/Developer/Xcode/DerivedData/Chatlio-erkyzdeecsohoaggpwbjdvavzqfv/Build/Intermediates.noindex/PostHog.build/Debug-iphonesimulator/phlibwebp.build/Objects-normal/x86_64/cost_neon.o /Users/aadityasingh/Library/Developer/Xcode/DerivedData/Chatlio-erkyzdeecsohoaggpwbjdvavzqfv/SourcePackages/checkouts/posthog-ios/vendor/libwebp/cost_neon.c normal x86_64 c com.apple.compilers.llvm.clang.1_0.compiler (in target 'phlibwebp' from project 'PostHog')
    cd /Users/aadityasingh/Documents/Development/element-x-ios/Chatlio.xcodeproj
    
    Using response file: /Users/aadityasingh/Library/Developer/Xcode/DerivedData/Chatlio-erkyzdeecsohoaggpwbjdvavzqfv/Build/Intermediates.noindex/PostHog.build/Debug-iphonesimulator/phlibwebp.build/Objects-normal/x86_64/7187679823f38a2a940e0043cdf9d637-common-args.resp
    
    /Applications/Xcode.app/Contents/Developer/Toolchains/XcodeDefault.xctoolchain/usr/bin/clang -x c -ivfsstatcache /Users/aadityasingh/Library/Developer/Xcode/DerivedData/SDKStatCaches.noindex/iphonesimulator26.4-23E252-686eebb5dc1d8ecb277353a59184f4aa.sdkstatcache -target x86_64-apple-ios13.0-simulator -fmessage-length\=0 -fdiagnostics-show-note-include-stack -fmacro-backtrace-limit\=0 -fno-color-diagnostics -fmodules-prune-interval\=86400 -fmodules-prune-after\=345600 -fbuild-session-file\=/Users/aadityasingh/Library/Developer/Xcode/DerivedData/ModuleCache.noindex/Session.modulevalidation -fmodules-validate-once-per-build-session -Wnon-modular-include-in-framework-module -Werror\=non-modular-include-in-framework-module -Wno-trigraphs -Wno-missing-field-initializers -Wno-missing-prototypes -Wno-return-type -Wno-missing-braces -Wparentheses -Wswitch -Wno-unused-function -Wno-unused-label -Wno-unused-parameter -Wno-unused-variable -Wunused-value -Wno-empty-body -Wno-uninitialized -Wno-unknown-pragmas -w -Wno-shadow -Wno-four-char-constants -Wno-conversion -Wno-constant-conversion -Wno-int-conversion -Wno-bool-conversion -Wno-enum-conversion -Wno-float-conversion -Wno-non-literal-null-conversion -Wno-objc-literal-conversion -Wshorten-64-to-32 -Wpointer-sign -Wno-newline-eof -Wno-implicit-fallthrough -isysroot /Applications/Xcode.app/Contents/Developer/Platforms/iPhoneSimulator.platform/Developer/SDKs/iPhoneSimulator26.4.sdk -fstrict-aliasing -Wdeprecated-declarations -Wno-sign-conversion -Wno-infinite-recursion -Wno-comma -Wno-block-capture-autoreleasing -Wno-strict-prototypes -Wno-semicolon-before-method-body -index-store-path /Users/aadityasingh/Library/Developer/Xcode/DerivedData/Chatlio-erkyzdeecsohoaggpwbjdvavzqfv/Index.noindex/DataStore @/Users/aadityasingh/Library/Developer/Xcode/DerivedData/Chatlio-erkyzdeecsohoaggpwbjdvavzqfv/Build/Intermediates.noindex/PostHog.build/Debug-iphonesimulator/phlibwebp.build/Objects-normal/x86_64/7187679823f38a2a940e0043cdf9d637-common-args.resp -MMD -MT dependencies -MF /Users/aadityasingh/Library/Developer/Xcode/DerivedData/Chatlio-erkyzdeecsohoaggpwbjdvavzqfv/Build/Intermediates.noindex/PostHog.build/Debug-iphonesimulator/phlibwebp.build/Objects-normal/x86_64/cost_neon.d --serialize-diagnostics /Users/aadityasingh/Library/Developer/Xcode/DerivedData/Chatlio-erkyzdeecsohoaggpwbjdvavzqfv/Build/Intermediates.noindex/PostHog.build/Debug-iphonesimulator/phlibwebp.build/Objects-normal/x86_64/cost_neon.dia -c /Users/aadityasingh/Library/Developer/Xcode/DerivedData/Chatlio-erkyzdeecsohoaggpwbjdvavzqfv/SourcePackages/checkouts/posthog-ios/vendor/libwebp/cost_neon.c -o /Users/aadityasingh/Library/Developer/Xcode/DerivedData/Chatlio-erkyzdeecsohoaggpwbjdvavzqfv/Build/Intermediates.noindex/PostHog.build/Debug-iphonesimulator/phlibwebp.build/Objects-normal/x86_64/cost_neon.o -index-unit-output-path /PostHog.build/Debug-iphonesimulator/phlibwebp.build/Objects-normal/x86_64/cost_neon.o

CompileC /Users/aadityasingh/Library/Developer/Xcode/DerivedData/Chatlio-erkyzdeecsohoaggpwbjdvavzqfv/Build/Intermediates.noindex/PostHog.build/Debug-iphonesimulator/phlibwebp.build/Objects-normal/x86_64/cost_enc.o /Users/aadityasingh/Library/Developer/Xcode/DerivedData/Chatlio-erkyzdeecsohoaggpwbjdvavzqfv/SourcePackages/checkouts/posthog-ios/vendor/libwebp/cost_enc.c normal x86_64 c com.apple.compilers.llvm.clang.1_0.compiler (in target 'phlibwebp' from project 'PostHog')
    cd /Users/aadityasingh/Documents/Development/element-x-ios/Chatlio.xcodeproj
    
    Using response file: /Users/aadityasingh/Library/Developer/Xcode/DerivedData/Chatlio-erkyzdeecsohoaggpwbjdvavzqfv/Build/Intermediates.noindex/PostHog.build/Debug-iphonesimulator/phlibwebp.build/Objects-normal/x86_64/7187679823f38a2a940e0043cdf9d637-common-args.resp
    
    /Applications/Xcode.app/Contents/Developer/Toolchains/XcodeDefault.xctoolchain/usr/bin/clang -x c -ivfsstatcache /Users/aadityasingh/Library/Developer/Xcode/DerivedData/SDKStatCaches.noindex/iphonesimulator26.4-23E252-686eebb5dc1d8ecb277353a59184f4aa.sdkstatcache -target x86_64-apple-ios13.0-simulator -fmessage-length\=0 -fdiagnostics-show-note-include-stack -fmacro-backtrace-limit\=0 -fno-color-diagnostics -fmodules-prune-interval\=86400 -fmodules-prune-after\=345600 -fbuild-session-file\=/Users/aadityasingh/Library/Developer/Xcode/DerivedData/ModuleCache.noindex/Session.modulevalidation -fmodules-validate-once-per-build-session -Wnon-modular-include-in-framework-module -Werror\=non-modular-include-in-framework-module -Wno-trigraphs -Wno-missing-field-initializers -Wno-missing-prototypes -Wno-return-type -Wno-missing-braces -Wparentheses -Wswitch -Wno-unused-function -Wno-unused-label -Wno-unused-parameter -Wno-unused-variable -Wunused-value -Wno-empty-body -Wno-uninitialized -Wno-unknown-pragmas -w -Wno-shadow -Wno-four-char-constants -Wno-conversion -Wno-constant-conversion -Wno-int-conversion -Wno-bool-conversion -Wno-enum-conversion -Wno-float-conversion -Wno-non-literal-null-conversion -Wno-objc-literal-conversion -Wshorten-64-to-32 -Wpointer-sign -Wno-newline-eof -Wno-implicit-fallthrough -isysroot /Applications/Xcode.app/Contents/Developer/Platforms/iPhoneSimulator.platform/Developer/SDKs/iPhoneSimulator26.4.sdk -fstrict-aliasing -Wdeprecated-declarations -Wno-sign-conversion -Wno-infinite-recursion -Wno-comma -Wno-block-capture-autoreleasing -Wno-strict-prototypes -Wno-semicolon-before-method-body -index-store-path /Users/aadityasingh/Library/Developer/Xcode/DerivedData/Chatlio-erkyzdeecsohoaggpwbjdvavzqfv/Index.noindex/DataStore @/Users/aadityasingh/Library/Developer/Xcode/DerivedData/Chatlio-erkyzdeecsohoaggpwbjdvavzqfv/Build/Intermediates.noindex/PostHog.build/Debug-iphonesimulator/phlibwebp.build/Objects-normal/x86_64/7187679823f38a2a940e0043cdf9d637-common-args.resp -MMD -MT dependencies -MF /Users/aadityasingh/Library/Developer/Xcode/DerivedData/Chatlio-erkyzdeecsohoaggpwbjdvavzqfv/Build/Intermediates.noindex/PostHog.build/Debug-iphonesimulator/phlibwebp.build/Objects-normal/x86_64/cost_enc.d --serialize-diagnostics /Users/aadityasingh/Library/Developer/Xcode/DerivedData/Chatlio-erkyzdeecsohoaggpwbjdvavzqfv/Build/Intermediates.noindex/PostHog.build/Debug-iphonesimulator/phlibwebp.build/Objects-normal/x86_64/cost_enc.dia -c /Users/aadityasingh/Library/Developer/Xcode/DerivedData/Chatlio-erkyzdeecsohoaggpwbjdvavzqfv/SourcePackages/checkouts/posthog-ios/vendor/libwebp/cost_enc.c -o /Users/aadityasingh/Library/Developer/Xcode/DerivedData/Chatlio-erkyzdeecsohoaggpwbjdvavzqfv/Build/Intermediates.noindex/PostHog.build/Debug-iphonesimulator/phlibwebp.build/Objects-normal/x86_64/cost_enc.o -index-unit-output-path /PostHog.build/Debug-iphonesimulator/phlibwebp.build/Objects-normal/x86_64/cost_enc.o

CompileC /Users/aadityasingh/Library/Developer/Xcode/DerivedData/Chatlio-erkyzdeecsohoaggpwbjdvavzqfv/Build/Intermediates.noindex/PostHog.build/Debug-iphonesimulator/phlibwebp.build/Objects-normal/x86_64/cost.o /Users/aadityasingh/Library/Developer/Xcode/DerivedData/Chatlio-erkyzdeecsohoaggpwbjdvavzqfv/SourcePackages/checkouts/posthog-ios/vendor/libwebp/cost.c normal x86_64 c com.apple.compilers.llvm.clang.1_0.compiler (in target 'phlibwebp' from project 'PostHog')
    cd /Users/aadityasingh/Documents/Development/element-x-ios/Chatlio.xcodeproj
    
    Using response file: /Users/aadityasingh/Library/Developer/Xcode/DerivedData/Chatlio-erkyzdeecsohoaggpwbjdvavzqfv/Build/Intermediates.noindex/PostHog.build/Debug-iphonesimulator/phlibwebp.build/Objects-normal/x86_64/7187679823f38a2a940e0043cdf9d637-common-args.resp
    
    /Applications/Xcode.app/Contents/Developer/Toolchains/XcodeDefault.xctoolchain/usr/bin/clang -x c -ivfsstatcache /Users/aadityasingh/Library/Developer/Xcode/DerivedData/SDKStatCaches.noindex/iphonesimulator26.4-23E252-686eebb5dc1d8ecb277353a59184f4aa.sdkstatcache -target x86_64-apple-ios13.0-simulator -fmessage-length\=0 -fdiagnostics-show-note-include-stack -fmacro-backtrace-limit\=0 -fno-color-diagnostics -fmodules-prune-interval\=86400 -fmodules-prune-after\=345600 -fbuild-session-file\=/Users/aadityasingh/Library/Developer/Xcode/DerivedData/ModuleCache.noindex/Session.modulevalidation -fmodules-validate-once-per-build-session -Wnon-modular-include-in-framework-module -Werror\=non-modular-include-in-framework-module -Wno-trigraphs -Wno-missing-field-initializers -Wno-missing-prototypes -Wno-return-type -Wno-missing-braces -Wparentheses -Wswitch -Wno-unused-function -Wno-unused-label -Wno-unused-parameter -Wno-unused-variable -Wunused-value -Wno-empty-body -Wno-uninitialized -Wno-unknown-pragmas -w -Wno-shadow -Wno-four-char-constants -Wno-conversion -Wno-constant-conversion -Wno-int-conversion -Wno-bool-conversion -Wno-enum-conversion -Wno-float-conversion -Wno-non-literal-null-conversion -Wno-objc-literal-conversion -Wshorten-64-to-32 -Wpointer-sign -Wno-newline-eof -Wno-implicit-fallthrough -isysroot /Applications/Xcode.app/Contents/Developer/Platforms/iPhoneSimulator.platform/Developer/SDKs/iPhoneSimulator26.4.sdk -fstrict-aliasing -Wdeprecated-declarations -Wno-sign-conversion -Wno-infinite-recursion -Wno-comma -Wno-block-capture-autoreleasing -Wno-strict-prototypes -Wno-semicolon-before-method-body -index-store-path /Users/aadityasingh/Library/Developer/Xcode/DerivedData/Chatlio-erkyzdeecsohoaggpwbjdvavzqfv/Index.noindex/DataStore @/Users/aadityasingh/Library/Developer/Xcode/DerivedData/Chatlio-erkyzdeecsohoaggpwbjdvavzqfv/Build/Intermediates.noindex/PostHog.build/Debug-iphonesimulator/phlibwebp.build/Objects-normal/x86_64/7187679823f38a2a940e0043cdf9d637-common-args.resp -MMD -MT dependencies -MF /Users/aadityasingh/Library/Developer/Xcode/DerivedData/Chatlio-erkyzdeecsohoaggpwbjdvavzqfv/Build/Intermediates.noindex/PostHog.build/Debug-iphonesimulator/phlibwebp.build/Objects-normal/x86_64/cost.d --serialize-diagnostics /Users/aadityasingh/Library/Developer/Xcode/DerivedData/Chatlio-erkyzdeecsohoaggpwbjdvavzqfv/Build/Intermediates.noindex/PostHog.build/Debug-iphonesimulator/phlibwebp.build/Objects-normal/x86_64/cost.dia -c /Users/aadityasingh/Library/Developer/Xcode/DerivedData/Chatlio-erkyzdeecsohoaggpwbjdvavzqfv/SourcePackages/checkouts/posthog-ios/vendor/libwebp/cost.c -o /Users/aadityasingh/Library/Developer/Xcode/DerivedData/Chatlio-erkyzdeecsohoaggpwbjdvavzqfv/Build/Intermediates.noindex/PostHog.build/Debug-iphonesimulator/phlibwebp.build/Objects-normal/x86_64/cost.o -index-unit-output-path /PostHog.build/Debug-iphonesimulator/phlibwebp.build/Objects-normal/x86_64/cost.o

CompileC /Users/aadityasingh/Library/Developer/Xcode/DerivedData/Chatlio-erkyzdeecsohoaggpwbjdvavzqfv/Build/Intermediates.noindex/PostHog.build/Debug-iphonesimulator/phlibwebp.build/Objects-normal/x86_64/config_enc.o /Users/aadityasingh/Library/Developer/Xcode/DerivedData/Chatlio-erkyzdeecsohoaggpwbjdvavzqfv/SourcePackages/checkouts/posthog-ios/vendor/libwebp/config_enc.c normal x86_64 c com.apple.compilers.llvm.clang.1_0.compiler (in target 'phlibwebp' from project 'PostHog')
    cd /Users/aadityasingh/Documents/Development/element-x-ios/Chatlio.xcodeproj
    
    Using response file: /Users/aadityasingh/Library/Developer/Xcode/DerivedData/Chatlio-erkyzdeecsohoaggpwbjdvavzqfv/Build/Intermediates.noindex/PostHog.build/Debug-iphonesimulator/phlibwebp.build/Objects-normal/x86_64/7187679823f38a2a940e0043cdf9d637-common-args.resp
    
    /Applications/Xcode.app/Contents/Developer/Toolchains/XcodeDefault.xctoolchain/usr/bin/clang -x c -ivfsstatcache /Users/aadityasingh/Library/Developer/Xcode/DerivedData/SDKStatCaches.noindex/iphonesimulator26.4-23E252-686eebb5dc1d8ecb277353a59184f4aa.sdkstatcache -target x86_64-apple-ios13.0-simulator -fmessage-length\=0 -fdiagnostics-show-note-include-stack -fmacro-backtrace-limit\=0 -fno-color-diagnostics -fmodules-prune-interval\=86400 -fmodules-prune-after\=345600 -fbuild-session-file\=/Users/aadityasingh/Library/Developer/Xcode/DerivedData/ModuleCache.noindex/Session.modulevalidation -fmodules-validate-once-per-build-session -Wnon-modular-include-in-framework-module -Werror\=non-modular-include-in-framework-module -Wno-trigraphs -Wno-missing-field-initializers -Wno-missing-prototypes -Wno-return-type -Wno-missing-braces -Wparentheses -Wswitch -Wno-unused-function -Wno-unused-label -Wno-unused-parameter -Wno-unused-variable -Wunused-value -Wno-empty-body -Wno-uninitialized -Wno-unknown-pragmas -w -Wno-shadow -Wno-four-char-constants -Wno-conversion -Wno-constant-conversion -Wno-int-conversion -Wno-bool-conversion -Wno-enum-conversion -Wno-float-conversion -Wno-non-literal-null-conversion -Wno-objc-literal-conversion -Wshorten-64-to-32 -Wpointer-sign -Wno-newline-eof -Wno-implicit-fallthrough -isysroot /Applications/Xcode.app/Contents/Developer/Platforms/iPhoneSimulator.platform/Developer/SDKs/iPhoneSimulator26.4.sdk -fstrict-aliasing -Wdeprecated-declarations -Wno-sign-conversion -Wno-infinite-recursion -Wno-comma -Wno-block-capture-autoreleasing -Wno-strict-prototypes -Wno-semicolon-before-method-body -index-store-path /Users/aadityasingh/Library/Developer/Xcode/DerivedData/Chatlio-erkyzdeecsohoaggpwbjdvavzqfv/Index.noindex/DataStore @/Users/aadityasingh/Library/Developer/Xcode/DerivedData/Chatlio-erkyzdeecsohoaggpwbjdvavzqfv/Build/Intermediates.noindex/PostHog.build/Debug-iphonesimulator/phlibwebp.build/Objects-normal/x86_64/7187679823f38a2a940e0043cdf9d637-common-args.resp -MMD -MT dependencies -MF /Users/aadityasingh/Library/Developer/Xcode/DerivedData/Chatlio-erkyzdeecsohoaggpwbjdvavzqfv/Build/Intermediates.noindex/PostHog.build/Debug-iphonesimulator/phlibwebp.build/Objects-normal/x86_64/config_enc.d --serialize-diagnostics /Users/aadityasingh/Library/Developer/Xcode/DerivedData/Chatlio-erkyzdeecsohoaggpwbjdvavzqfv/Build/Intermediates.noindex/PostHog.build/Debug-iphonesimulator/phlibwebp.build/Objects-normal/x86_64/config_enc.dia -c /Users/aadityasingh/Library/Developer/Xcode/DerivedData/Chatlio-erkyzdeecsohoaggpwbjdvavzqfv/SourcePackages/checkouts/posthog-ios/vendor/libwebp/config_enc.c -o /Users/aadityasingh/Library/Developer/Xcode/DerivedData/Chatlio-erkyzdeecsohoaggpwbjdvavzqfv/Build/Intermediates.noindex/PostHog.build/Debug-iphonesimulator/phlibwebp.build/Objects-normal/x86_64/config_enc.o -index-unit-output-path /PostHog.build/Debug-iphonesimulator/phlibwebp.build/Objects-normal/x86_64/config_enc.o

CompileC /Users/aadityasingh/Library/Developer/Xcode/DerivedData/Chatlio-erkyzdeecsohoaggpwbjdvavzqfv/Build/Intermediates.noindex/PostHog.build/Debug-iphonesimulator/phlibwebp.build/Objects-normal/x86_64/color_cache_utils.o /Users/aadityasingh/Library/Developer/Xcode/DerivedData/Chatlio-erkyzdeecsohoaggpwbjdvavzqfv/SourcePackages/checkouts/posthog-ios/vendor/libwebp/color_cache_utils.c normal x86_64 c com.apple.compilers.llvm.clang.1_0.compiler (in target 'phlibwebp' from project 'PostHog')
    cd /Users/aadityasingh/Documents/Development/element-x-ios/Chatlio.xcodeproj
    
    Using response file: /Users/aadityasingh/Library/Developer/Xcode/DerivedData/Chatlio-erkyzdeecsohoaggpwbjdvavzqfv/Build/Intermediates.noindex/PostHog.build/Debug-iphonesimulator/phlibwebp.build/Objects-normal/x86_64/7187679823f38a2a940e0043cdf9d637-common-args.resp
    
    /Applications/Xcode.app/Contents/Developer/Toolchains/XcodeDefault.xctoolchain/usr/bin/clang -x c -ivfsstatcache /Users/aadityasingh/Library/Developer/Xcode/DerivedData/SDKStatCaches.noindex/iphonesimulator26.4-23E252-686eebb5dc1d8ecb277353a59184f4aa.sdkstatcache -target x86_64-apple-ios13.0-simulator -fmessage-length\=0 -fdiagnostics-show-note-include-stack -fmacro-backtrace-limit\=0 -fno-color-diagnostics -fmodules-prune-interval\=86400 -fmodules-prune-after\=345600 -fbuild-session-file\=/Users/aadityasingh/Library/Developer/Xcode/DerivedData/ModuleCache.noindex/Session.modulevalidation -fmodules-validate-once-per-build-session -Wnon-modular-include-in-framework-module -Werror\=non-modular-include-in-framework-module -Wno-trigraphs -Wno-missing-field-initializers -Wno-missing-prototypes -Wno-return-type -Wno-missing-braces -Wparentheses -Wswitch -Wno-unused-function -Wno-unused-label -Wno-unused-parameter -Wno-unused-variable -Wunused-value -Wno-empty-body -Wno-uninitialized -Wno-unknown-pragmas -w -Wno-shadow -Wno-four-char-constants -Wno-conversion -Wno-constant-conversion -Wno-int-conversion -Wno-bool-conversion -Wno-enum-conversion -Wno-float-conversion -Wno-non-literal-null-conversion -Wno-objc-literal-conversion -Wshorten-64-to-32 -Wpointer-sign -Wno-newline-eof -Wno-implicit-fallthrough -isysroot /Applications/Xcode.app/Contents/Developer/Platforms/iPhoneSimulator.platform/Developer/SDKs/iPhoneSimulator26.4.sdk -fstrict-aliasing -Wdeprecated-declarations -Wno-sign-conversion -Wno-infinite-recursion -Wno-comma -Wno-block-capture-autoreleasing -Wno-strict-prototypes -Wno-semicolon-before-method-body -index-store-path /Users/aadityasingh/Library/Developer/Xcode/DerivedData/Chatlio-erkyzdeecsohoaggpwbjdvavzqfv/Index.noindex/DataStore @/Users/aadityasingh/Library/Developer/Xcode/DerivedData/Chatlio-erkyzdeecsohoaggpwbjdvavzqfv/Build/Intermediates.noindex/PostHog.build/Debug-iphonesimulator/phlibwebp.build/Objects-normal/x86_64/7187679823f38a2a940e0043cdf9d637-common-args.resp -MMD -MT dependencies -MF /Users/aadityasingh/Library/Developer/Xcode/DerivedData/Chatlio-erkyzdeecsohoaggpwbjdvavzqfv/Build/Intermediates.noindex/PostHog.build/Debug-iphonesimulator/phlibwebp.build/Objects-normal/x86_64/color_cache_utils.d --serialize-diagnostics /Users/aadityasingh/Library/Developer/Xcode/DerivedData/Chatlio-erkyzdeecsohoaggpwbjdvavzqfv/Build/Intermediates.noindex/PostHog.build/Debug-iphonesimulator/phlibwebp.build/Objects-normal/x86_64/color_cache_utils.dia -c /Users/aadityasingh/Library/Developer/Xcode/DerivedData/Chatlio-erkyzdeecsohoaggpwbjdvavzqfv/SourcePackages/checkouts/posthog-ios/vendor/libwebp/color_cache_utils.c -o /Users/aadityasingh/Library/Developer/Xcode/DerivedData/Chatlio-erkyzdeecsohoaggpwbjdvavzqfv/Build/Intermediates.noindex/PostHog.build/Debug-iphonesimulator/phlibwebp.build/Objects-normal/x86_64/color_cache_utils.o -index-unit-output-path /PostHog.build/Debug-iphonesimulator/phlibwebp.build/Objects-normal/x86_64/color_cache_utils.o

CompileC /Users/aadityasingh/Library/Developer/Xcode/DerivedData/Chatlio-erkyzdeecsohoaggpwbjdvavzqfv/Build/Intermediates.noindex/PostHog.build/Debug-iphonesimulator/phlibwebp.build/Objects-normal/x86_64/bit_writer_utils.o /Users/aadityasingh/Library/Developer/Xcode/DerivedData/Chatlio-erkyzdeecsohoaggpwbjdvavzqfv/SourcePackages/checkouts/posthog-ios/vendor/libwebp/bit_writer_utils.c normal x86_64 c com.apple.compilers.llvm.clang.1_0.compiler (in target 'phlibwebp' from project 'PostHog')
    cd /Users/aadityasingh/Documents/Development/element-x-ios/Chatlio.xcodeproj
    
    Using response file: /Users/aadityasingh/Library/Developer/Xcode/DerivedData/Chatlio-erkyzdeecsohoaggpwbjdvavzqfv/Build/Intermediates.noindex/PostHog.build/Debug-iphonesimulator/phlibwebp.build/Objects-normal/x86_64/7187679823f38a2a940e0043cdf9d637-common-args.resp
    
    /Applications/Xcode.app/Contents/Developer/Toolchains/XcodeDefault.xctoolchain/usr/bin/clang -x c -ivfsstatcache /Users/aadityasingh/Library/Developer/Xcode/DerivedData/SDKStatCaches.noindex/iphonesimulator26.4-23E252-686eebb5dc1d8ecb277353a59184f4aa.sdkstatcache -target x86_64-apple-ios13.0-simulator -fmessage-length\=0 -fdiagnostics-show-note-include-stack -fmacro-backtrace-limit\=0 -fno-color-diagnostics -fmodules-prune-interval\=86400 -fmodules-prune-after\=345600 -fbuild-session-file\=/Users/aadityasingh/Library/Developer/Xcode/DerivedData/ModuleCache.noindex/Session.modulevalidation -fmodules-validate-once-per-build-session -Wnon-modular-include-in-framework-module -Werror\=non-modular-include-in-framework-module -Wno-trigraphs -Wno-missing-field-initializers -Wno-missing-prototypes -Wno-return-type -Wno-missing-braces -Wparentheses -Wswitch -Wno-unused-function -Wno-unused-label -Wno-unused-parameter -Wno-unused-variable -Wunused-value -Wno-empty-body -Wno-uninitialized -Wno-unknown-pragmas -w -Wno-shadow -Wno-four-char-constants -Wno-conversion -Wno-constant-conversion -Wno-int-conversion -Wno-bool-conversion -Wno-enum-conversion -Wno-float-conversion -Wno-non-literal-null-conversion -Wno-objc-literal-conversion -Wshorten-64-to-32 -Wpointer-sign -Wno-newline-eof -Wno-implicit-fallthrough -isysroot /Applications/Xcode.app/Contents/Developer/Platforms/iPhoneSimulator.platform/Developer/SDKs/iPhoneSimulator26.4.sdk -fstrict-aliasing -Wdeprecated-declarations -Wno-sign-conversion -Wno-infinite-recursion -Wno-comma -Wno-block-capture-autoreleasing -Wno-strict-prototypes -Wno-semicolon-before-method-body -index-store-path /Users/aadityasingh/Library/Developer/Xcode/DerivedData/Chatlio-erkyzdeecsohoaggpwbjdvavzqfv/Index.noindex/DataStore @/Users/aadityasingh/Library/Developer/Xcode/DerivedData/Chatlio-erkyzdeecsohoaggpwbjdvavzqfv/Build/Intermediates.noindex/PostHog.build/Debug-iphonesimulator/phlibwebp.build/Objects-normal/x86_64/7187679823f38a2a940e0043cdf9d637-common-args.resp -MMD -MT dependencies -MF /Users/aadityasingh/Library/Developer/Xcode/DerivedData/Chatlio-erkyzdeecsohoaggpwbjdvavzqfv/Build/Intermediates.noindex/PostHog.build/Debug-iphonesimulator/phlibwebp.build/Objects-normal/x86_64/bit_writer_utils.d --serialize-diagnostics /Users/aadityasingh/Library/Developer/Xcode/DerivedData/Chatlio-erkyzdeecsohoaggpwbjdvavzqfv/Build/Intermediates.noindex/PostHog.build/Debug-iphonesimulator/phlibwebp.build/Objects-normal/x86_64/bit_writer_utils.dia -c /Users/aadityasingh/Library/Developer/Xcode/DerivedData/Chatlio-erkyzdeecsohoaggpwbjdvavzqfv/SourcePackages/checkouts/posthog-ios/vendor/libwebp/bit_writer_utils.c -o /Users/aadityasingh/Library/Developer/Xcode/DerivedData/Chatlio-erkyzdeecsohoaggpwbjdvavzqfv/Build/Intermediates.noindex/PostHog.build/Debug-iphonesimulator/phlibwebp.build/Objects-normal/x86_64/bit_writer_utils.o -index-unit-output-path /PostHog.build/Debug-iphonesimulator/phlibwebp.build/Objects-normal/x86_64/bit_writer_utils.o

CompileC /Users/aadityasingh/Library/Developer/Xcode/DerivedData/Chatlio-erkyzdeecsohoaggpwbjdvavzqfv/Build/Intermediates.noindex/PostHog.build/Debug-iphonesimulator/phlibwebp.build/Objects-normal/x86_64/bit_reader_utils.o /Users/aadityasingh/Library/Developer/Xcode/DerivedData/Chatlio-erkyzdeecsohoaggpwbjdvavzqfv/SourcePackages/checkouts/posthog-ios/vendor/libwebp/bit_reader_utils.c normal x86_64 c com.apple.compilers.llvm.clang.1_0.compiler (in target 'phlibwebp' from project 'PostHog')
    cd /Users/aadityasingh/Documents/Development/element-x-ios/Chatlio.xcodeproj
    
    Using response file: /Users/aadityasingh/Library/Developer/Xcode/DerivedData/Chatlio-erkyzdeecsohoaggpwbjdvavzqfv/Build/Intermediates.noindex/PostHog.build/Debug-iphonesimulator/phlibwebp.build/Objects-normal/x86_64/7187679823f38a2a940e0043cdf9d637-common-args.resp
    
    /Applications/Xcode.app/Contents/Developer/Toolchains/XcodeDefault.xctoolchain/usr/bin/clang -x c -ivfsstatcache /Users/aadityasingh/Library/Developer/Xcode/DerivedData/SDKStatCaches.noindex/iphonesimulator26.4-23E252-686eebb5dc1d8ecb277353a59184f4aa.sdkstatcache -target x86_64-apple-ios13.0-simulator -fmessage-length\=0 -fdiagnostics-show-note-include-stack -fmacro-backtrace-limit\=0 -fno-color-diagnostics -fmodules-prune-interval\=86400 -fmodules-prune-after\=345600 -fbuild-session-file\=/Users/aadityasingh/Library/Developer/Xcode/DerivedData/ModuleCache.noindex/Session.modulevalidation -fmodules-validate-once-per-build-session -Wnon-modular-include-in-framework-module -Werror\=non-modular-include-in-framework-module -Wno-trigraphs -Wno-missing-field-initializers -Wno-missing-prototypes -Wno-return-type -Wno-missing-braces -Wparentheses -Wswitch -Wno-unused-function -Wno-unused-label -Wno-unused-parameter -Wno-unused-variable -Wunused-value -Wno-empty-body -Wno-uninitialized -Wno-unknown-pragmas -w -Wno-shadow -Wno-four-char-constants -Wno-conversion -Wno-constant-conversion -Wno-int-conversion -Wno-bool-conversion -Wno-enum-conversion -Wno-float-conversion -Wno-non-literal-null-conversion -Wno-objc-literal-conversion -Wshorten-64-to-32 -Wpointer-sign -Wno-newline-eof -Wno-implicit-fallthrough -isysroot /Applications/Xcode.app/Contents/Developer/Platforms/iPhoneSimulator.platform/Developer/SDKs/iPhoneSimulator26.4.sdk -fstrict-aliasing -Wdeprecated-declarations -Wno-sign-conversion -Wno-infinite-recursion -Wno-comma -Wno-block-capture-autoreleasing -Wno-strict-prototypes -Wno-semicolon-before-method-body -index-store-path /Users/aadityasingh/Library/Developer/Xcode/DerivedData/Chatlio-erkyzdeecsohoaggpwbjdvavzqfv/Index.noindex/DataStore @/Users/aadityasingh/Library/Developer/Xcode/DerivedData/Chatlio-erkyzdeecsohoaggpwbjdvavzqfv/Build/Intermediates.noindex/PostHog.build/Debug-iphonesimulator/phlibwebp.build/Objects-normal/x86_64/7187679823f38a2a940e0043cdf9d637-common-args.resp -MMD -MT dependencies -MF /Users/aadityasingh/Library/Developer/Xcode/DerivedData/Chatlio-erkyzdeecsohoaggpwbjdvavzqfv/Build/Intermediates.noindex/PostHog.build/Debug-iphonesimulator/phlibwebp.build/Objects-normal/x86_64/bit_reader_utils.d --serialize-diagnostics /Users/aadityasingh/Library/Developer/Xcode/DerivedData/Chatlio-erkyzdeecsohoaggpwbjdvavzqfv/Build/Intermediates.noindex/PostHog.build/Debug-iphonesimulator/phlibwebp.build/Objects-normal/x86_64/bit_reader_utils.dia -c /Users/aadityasingh/Library/Developer/Xcode/DerivedData/Chatlio-erkyzdeecsohoaggpwbjdvavzqfv/SourcePackages/checkouts/posthog-ios/vendor/libwebp/bit_reader_utils.c -o /Users/aadityasingh/Library/Developer/Xcode/DerivedData/Chatlio-erkyzdeecsohoaggpwbjdvavzqfv/Build/Intermediates.noindex/PostHog.build/Debug-iphonesimulator/phlibwebp.build/Objects-normal/x86_64/bit_reader_utils.o -index-unit-output-path /PostHog.build/Debug-iphonesimulator/phlibwebp.build/Objects-normal/x86_64/bit_reader_utils.o

CompileC /Users/aadityasingh/Library/Developer/Xcode/DerivedData/Chatlio-erkyzdeecsohoaggpwbjdvavzqfv/Build/Intermediates.noindex/PostHog.build/Debug-iphonesimulator/phlibwebp.build/Objects-normal/x86_64/backward_references_enc.o /Users/aadityasingh/Library/Developer/Xcode/DerivedData/Chatlio-erkyzdeecsohoaggpwbjdvavzqfv/SourcePackages/checkouts/posthog-ios/vendor/libwebp/backward_references_enc.c normal x86_64 c com.apple.compilers.llvm.clang.1_0.compiler (in target 'phlibwebp' from project 'PostHog')
    cd /Users/aadityasingh/Documents/Development/element-x-ios/Chatlio.xcodeproj
    
    Using response file: /Users/aadityasingh/Library/Developer/Xcode/DerivedData/Chatlio-erkyzdeecsohoaggpwbjdvavzqfv/Build/Intermediates.noindex/PostHog.build/Debug-iphonesimulator/phlibwebp.build/Objects-normal/x86_64/7187679823f38a2a940e0043cdf9d637-common-args.resp
    
    /Applications/Xcode.app/Contents/Developer/Toolchains/XcodeDefault.xctoolchain/usr/bin/clang -x c -ivfsstatcache /Users/aadityasingh/Library/Developer/Xcode/DerivedData/SDKStatCaches.noindex/iphonesimulator26.4-23E252-686eebb5dc1d8ecb277353a59184f4aa.sdkstatcache -target x86_64-apple-ios13.0-simulator -fmessage-length\=0 -fdiagnostics-show-note-include-stack -fmacro-backtrace-limit\=0 -fno-color-diagnostics -fmodules-prune-interval\=86400 -fmodules-prune-after\=345600 -fbuild-session-file\=/Users/aadityasingh/Library/Developer/Xcode/DerivedData/ModuleCache.noindex/Session.modulevalidation -fmodules-validate-once-per-build-session -Wnon-modular-include-in-framework-module -Werror\=non-modular-include-in-framework-module -Wno-trigraphs -Wno-missing-field-initializers -Wno-missing-prototypes -Wno-return-type -Wno-missing-braces -Wparentheses -Wswitch -Wno-unused-function -Wno-unused-label -Wno-unused-parameter -Wno-unused-variable -Wunused-value -Wno-empty-body -Wno-uninitialized -Wno-unknown-pragmas -w -Wno-shadow -Wno-four-char-constants -Wno-conversion -Wno-constant-conversion -Wno-int-conversion -Wno-bool-conversion -Wno-enum-conversion -Wno-float-conversion -Wno-non-literal-null-conversion -Wno-objc-literal-conversion -Wshorten-64-to-32 -Wpointer-sign -Wno-newline-eof -Wno-implicit-fallthrough -isysroot /Applications/Xcode.app/Contents/Developer/Platforms/iPhoneSimulator.platform/Developer/SDKs/iPhoneSimulator26.4.sdk -fstrict-aliasing -Wdeprecated-declarations -Wno-sign-conversion -Wno-infinite-recursion -Wno-comma -Wno-block-capture-autoreleasing -Wno-strict-prototypes -Wno-semicolon-before-method-body -index-store-path /Users/aadityasingh/Library/Developer/Xcode/DerivedData/Chatlio-erkyzdeecsohoaggpwbjdvavzqfv/Index.noindex/DataStore @/Users/aadityasingh/Library/Developer/Xcode/DerivedData/Chatlio-erkyzdeecsohoaggpwbjdvavzqfv/Build/Intermediates.noindex/PostHog.build/Debug-iphonesimulator/phlibwebp.build/Objects-normal/x86_64/7187679823f38a2a940e0043cdf9d637-common-args.resp -MMD -MT dependencies -MF /Users/aadityasingh/Library/Developer/Xcode/DerivedData/Chatlio-erkyzdeecsohoaggpwbjdvavzqfv/Build/Intermediates.noindex/PostHog.build/Debug-iphonesimulator/phlibwebp.build/Objects-normal/x86_64/backward_references_enc.d --serialize-diagnostics /Users/aadityasingh/Library/Developer/Xcode/DerivedData/Chatlio-erkyzdeecsohoaggpwbjdvavzqfv/Build/Intermediates.noindex/PostHog.build/Debug-iphonesimulator/phlibwebp.build/Objects-normal/x86_64/backward_references_enc.dia -c /Users/aadityasingh/Library/Developer/Xcode/DerivedData/Chatlio-erkyzdeecsohoaggpwbjdvavzqfv/SourcePackages/checkouts/posthog-ios/vendor/libwebp/backward_references_enc.c -o /Users/aadityasingh/Library/Developer/Xcode/DerivedData/Chatlio-erkyzdeecsohoaggpwbjdvavzqfv/Build/Intermediates.noindex/PostHog.build/Debug-iphonesimulator/phlibwebp.build/Objects-normal/x86_64/backward_references_enc.o -index-unit-output-path /PostHog.build/Debug-iphonesimulator/phlibwebp.build/Objects-normal/x86_64/backward_references_enc.o

CompileC /Users/aadityasingh/Library/Developer/Xcode/DerivedData/Chatlio-erkyzdeecsohoaggpwbjdvavzqfv/Build/Intermediates.noindex/PostHog.build/Debug-iphonesimulator/phlibwebp.build/Objects-normal/x86_64/backward_references_cost_enc.o /Users/aadityasingh/Library/Developer/Xcode/DerivedData/Chatlio-erkyzdeecsohoaggpwbjdvavzqfv/SourcePackages/checkouts/posthog-ios/vendor/libwebp/backward_references_cost_enc.c normal x86_64 c com.apple.compilers.llvm.clang.1_0.compiler (in target 'phlibwebp' from project 'PostHog')
    cd /Users/aadityasingh/Documents/Development/element-x-ios/Chatlio.xcodeproj
    
    Using response file: /Users/aadityasingh/Library/Developer/Xcode/DerivedData/Chatlio-erkyzdeecsohoaggpwbjdvavzqfv/Build/Intermediates.noindex/PostHog.build/Debug-iphonesimulator/phlibwebp.build/Objects-normal/x86_64/7187679823f38a2a940e0043cdf9d637-common-args.resp
    
    /Applications/Xcode.app/Contents/Developer/Toolchains/XcodeDefault.xctoolchain/usr/bin/clang -x c -ivfsstatcache /Users/aadityasingh/Library/Developer/Xcode/DerivedData/SDKStatCaches.noindex/iphonesimulator26.4-23E252-686eebb5dc1d8ecb277353a59184f4aa.sdkstatcache -target x86_64-apple-ios13.0-simulator -fmessage-length\=0 -fdiagnostics-show-note-include-stack -fmacro-backtrace-limit\=0 -fno-color-diagnostics -fmodules-prune-interval\=86400 -fmodules-prune-after\=345600 -fbuild-session-file\=/Users/aadityasingh/Library/Developer/Xcode/DerivedData/ModuleCache.noindex/Session.modulevalidation -fmodules-validate-once-per-build-session -Wnon-modular-include-in-framework-module -Werror\=non-modular-include-in-framework-module -Wno-trigraphs -Wno-missing-field-initializers -Wno-missing-prototypes -Wno-return-type -Wno-missing-braces -Wparentheses -Wswitch -Wno-unused-function -Wno-unused-label -Wno-unused-parameter -Wno-unused-variable -Wunused-value -Wno-empty-body -Wno-uninitialized -Wno-unknown-pragmas -w -Wno-shadow -Wno-four-char-constants -Wno-conversion -Wno-constant-conversion -Wno-int-conversion -Wno-bool-conversion -Wno-enum-conversion -Wno-float-conversion -Wno-non-literal-null-conversion -Wno-objc-literal-conversion -Wshorten-64-to-32 -Wpointer-sign -Wno-newline-eof -Wno-implicit-fallthrough -isysroot /Applications/Xcode.app/Contents/Developer/Platforms/iPhoneSimulator.platform/Developer/SDKs/iPhoneSimulator26.4.sdk -fstrict-aliasing -Wdeprecated-declarations -Wno-sign-conversion -Wno-infinite-recursion -Wno-comma -Wno-block-capture-autoreleasing -Wno-strict-prototypes -Wno-semicolon-before-method-body -index-store-path /Users/aadityasingh/Library/Developer/Xcode/DerivedData/Chatlio-erkyzdeecsohoaggpwbjdvavzqfv/Index.noindex/DataStore @/Users/aadityasingh/Library/Developer/Xcode/DerivedData/Chatlio-erkyzdeecsohoaggpwbjdvavzqfv/Build/Intermediates.noindex/PostHog.build/Debug-iphonesimulator/phlibwebp.build/Objects-normal/x86_64/7187679823f38a2a940e0043cdf9d637-common-args.resp -MMD -MT dependencies -MF /Users/aadityasingh/Library/Developer/Xcode/DerivedData/Chatlio-erkyzdeecsohoaggpwbjdvavzqfv/Build/Intermediates.noindex/PostHog.build/Debug-iphonesimulator/phlibwebp.build/Objects-normal/x86_64/backward_references_cost_enc.d --serialize-diagnostics /Users/aadityasingh/Library/Developer/Xcode/DerivedData/Chatlio-erkyzdeecsohoaggpwbjdvavzqfv/Build/Intermediates.noindex/PostHog.build/Debug-iphonesimulator/phlibwebp.build/Objects-normal/x86_64/backward_references_cost_enc.dia -c /Users/aadityasingh/Library/Developer/Xcode/DerivedData/Chatlio-erkyzdeecsohoaggpwbjdvavzqfv/SourcePackages/checkouts/posthog-ios/vendor/libwebp/backward_references_cost_enc.c -o /Users/aadityasingh/Library/Developer/Xcode/DerivedData/Chatlio-erkyzdeecsohoaggpwbjdvavzqfv/Build/Intermediates.noindex/PostHog.build/Debug-iphonesimulator/phlibwebp.build/Objects-normal/x86_64/backward_references_cost_enc.o -index-unit-output-path /PostHog.build/Debug-iphonesimulator/phlibwebp.build/Objects-normal/x86_64/backward_references_cost_enc.o

CompileC /Users/aadityasingh/Library/Developer/Xcode/DerivedData/Chatlio-erkyzdeecsohoaggpwbjdvavzqfv/Build/Intermediates.noindex/PostHog.build/Debug-iphonesimulator/phlibwebp.build/Objects-normal/x86_64/analysis_enc.o /Users/aadityasingh/Library/Developer/Xcode/DerivedData/Chatlio-erkyzdeecsohoaggpwbjdvavzqfv/SourcePackages/checkouts/posthog-ios/vendor/libwebp/analysis_enc.c normal x86_64 c com.apple.compilers.llvm.clang.1_0.compiler (in target 'phlibwebp' from project 'PostHog')
    cd /Users/aadityasingh/Documents/Development/element-x-ios/Chatlio.xcodeproj
    
    Using response file: /Users/aadityasingh/Library/Developer/Xcode/DerivedData/Chatlio-erkyzdeecsohoaggpwbjdvavzqfv/Build/Intermediates.noindex/PostHog.build/Debug-iphonesimulator/phlibwebp.build/Objects-normal/x86_64/7187679823f38a2a940e0043cdf9d637-common-args.resp
    
    /Applications/Xcode.app/Contents/Developer/Toolchains/XcodeDefault.xctoolchain/usr/bin/clang -x c -ivfsstatcache /Users/aadityasingh/Library/Developer/Xcode/DerivedData/SDKStatCaches.noindex/iphonesimulator26.4-23E252-686eebb5dc1d8ecb277353a59184f4aa.sdkstatcache -target x86_64-apple-ios13.0-simulator -fmessage-length\=0 -fdiagnostics-show-note-include-stack -fmacro-backtrace-limit\=0 -fno-color-diagnostics -fmodules-prune-interval\=86400 -fmodules-prune-after\=345600 -fbuild-session-file\=/Users/aadityasingh/Library/Developer/Xcode/DerivedData/ModuleCache.noindex/Session.modulevalidation -fmodules-validate-once-per-build-session -Wnon-modular-include-in-framework-module -Werror\=non-modular-include-in-framework-module -Wno-trigraphs -Wno-missing-field-initializers -Wno-missing-prototypes -Wno-return-type -Wno-missing-braces -Wparentheses -Wswitch -Wno-unused-function -Wno-unused-label -Wno-unused-parameter -Wno-unused-variable -Wunused-value -Wno-empty-body -Wno-uninitialized -Wno-unknown-pragmas -w -Wno-shadow -Wno-four-char-constants -Wno-conversion -Wno-constant-conversion -Wno-int-conversion -Wno-bool-conversion -Wno-enum-conversion -Wno-float-conversion -Wno-non-literal-null-conversion -Wno-objc-literal-conversion -Wshorten-64-to-32 -Wpointer-sign -Wno-newline-eof -Wno-implicit-fallthrough -isysroot /Applications/Xcode.app/Contents/Developer/Platforms/iPhoneSimulator.platform/Developer/SDKs/iPhoneSimulator26.4.sdk -fstrict-aliasing -Wdeprecated-declarations -Wno-sign-conversion -Wno-infinite-recursion -Wno-comma -Wno-block-capture-autoreleasing -Wno-strict-prototypes -Wno-semicolon-before-method-body -index-store-path /Users/aadityasingh/Library/Developer/Xcode/DerivedData/Chatlio-erkyzdeecsohoaggpwbjdvavzqfv/Index.noindex/DataStore @/Users/aadityasingh/Library/Developer/Xcode/DerivedData/Chatlio-erkyzdeecsohoaggpwbjdvavzqfv/Build/Intermediates.noindex/PostHog.build/Debug-iphonesimulator/phlibwebp.build/Objects-normal/x86_64/7187679823f38a2a940e0043cdf9d637-common-args.resp -MMD -MT dependencies -MF /Users/aadityasingh/Library/Developer/Xcode/DerivedData/Chatlio-erkyzdeecsohoaggpwbjdvavzqfv/Build/Intermediates.noindex/PostHog.build/Debug-iphonesimulator/phlibwebp.build/Objects-normal/x86_64/analysis_enc.d --serialize-diagnostics /Users/aadityasingh/Library/Developer/Xcode/DerivedData/Chatlio-erkyzdeecsohoaggpwbjdvavzqfv/Build/Intermediates.noindex/PostHog.build/Debug-iphonesimulator/phlibwebp.build/Objects-normal/x86_64/analysis_enc.dia -c /Users/aadityasingh/Library/Developer/Xcode/DerivedData/Chatlio-erkyzdeecsohoaggpwbjdvavzqfv/SourcePackages/checkouts/posthog-ios/vendor/libwebp/analysis_enc.c -o /Users/aadityasingh/Library/Developer/Xcode/DerivedData/Chatlio-erkyzdeecsohoaggpwbjdvavzqfv/Build/Intermediates.noindex/PostHog.build/Debug-iphonesimulator/phlibwebp.build/Objects-normal/x86_64/analysis_enc.o -index-unit-output-path /PostHog.build/Debug-iphonesimulator/phlibwebp.build/Objects-normal/x86_64/analysis_enc.o

CompileC /Users/aadityasingh/Library/Developer/Xcode/DerivedData/Chatlio-erkyzdeecsohoaggpwbjdvavzqfv/Build/Intermediates.noindex/PostHog.build/Debug-iphonesimulator/phlibwebp.build/Objects-normal/x86_64/alpha_processing_sse41.o /Users/aadityasingh/Library/Developer/Xcode/DerivedData/Chatlio-erkyzdeecsohoaggpwbjdvavzqfv/SourcePackages/checkouts/posthog-ios/vendor/libwebp/alpha_processing_sse41.c normal x86_64 c com.apple.compilers.llvm.clang.1_0.compiler (in target 'phlibwebp' from project 'PostHog')
    cd /Users/aadityasingh/Documents/Development/element-x-ios/Chatlio.xcodeproj
    
    Using response file: /Users/aadityasingh/Library/Developer/Xcode/DerivedData/Chatlio-erkyzdeecsohoaggpwbjdvavzqfv/Build/Intermediates.noindex/PostHog.build/Debug-iphonesimulator/phlibwebp.build/Objects-normal/x86_64/7187679823f38a2a940e0043cdf9d637-common-args.resp
    
    /Applications/Xcode.app/Contents/Developer/Toolchains/XcodeDefault.xctoolchain/usr/bin/clang -x c -ivfsstatcache /Users/aadityasingh/Library/Developer/Xcode/DerivedData/SDKStatCaches.noindex/iphonesimulator26.4-23E252-686eebb5dc1d8ecb277353a59184f4aa.sdkstatcache -target x86_64-apple-ios13.0-simulator -fmessage-length\=0 -fdiagnostics-show-note-include-stack -fmacro-backtrace-limit\=0 -fno-color-diagnostics -fmodules-prune-interval\=86400 -fmodules-prune-after\=345600 -fbuild-session-file\=/Users/aadityasingh/Library/Developer/Xcode/DerivedData/ModuleCache.noindex/Session.modulevalidation -fmodules-validate-once-per-build-session -Wnon-modular-include-in-framework-module -Werror\=non-modular-include-in-framework-module -Wno-trigraphs -Wno-missing-field-initializers -Wno-missing-prototypes -Wno-return-type -Wno-missing-braces -Wparentheses -Wswitch -Wno-unused-function -Wno-unused-label -Wno-unused-parameter -Wno-unused-variable -Wunused-value -Wno-empty-body -Wno-uninitialized -Wno-unknown-pragmas -w -Wno-shadow -Wno-four-char-constants -Wno-conversion -Wno-constant-conversion -Wno-int-conversion -Wno-bool-conversion -Wno-enum-conversion -Wno-float-conversion -Wno-non-literal-null-conversion -Wno-objc-literal-conversion -Wshorten-64-to-32 -Wpointer-sign -Wno-newline-eof -Wno-implicit-fallthrough -isysroot /Applications/Xcode.app/Contents/Developer/Platforms/iPhoneSimulator.platform/Developer/SDKs/iPhoneSimulator26.4.sdk -fstrict-aliasing -Wdeprecated-declarations -Wno-sign-conversion -Wno-infinite-recursion -Wno-comma -Wno-block-capture-autoreleasing -Wno-strict-prototypes -Wno-semicolon-before-method-body -index-store-path /Users/aadityasingh/Library/Developer/Xcode/DerivedData/Chatlio-erkyzdeecsohoaggpwbjdvavzqfv/Index.noindex/DataStore @/Users/aadityasingh/Library/Developer/Xcode/DerivedData/Chatlio-erkyzdeecsohoaggpwbjdvavzqfv/Build/Intermediates.noindex/PostHog.build/Debug-iphonesimulator/phlibwebp.build/Objects-normal/x86_64/7187679823f38a2a940e0043cdf9d637-common-args.resp -MMD -MT dependencies -MF /Users/aadityasingh/Library/Developer/Xcode/DerivedData/Chatlio-erkyzdeecsohoaggpwbjdvavzqfv/Build/Intermediates.noindex/PostHog.build/Debug-iphonesimulator/phlibwebp.build/Objects-normal/x86_64/alpha_processing_sse41.d --serialize-diagnostics /Users/aadityasingh/Library/Developer/Xcode/DerivedData/Chatlio-erkyzdeecsohoaggpwbjdvavzqfv/Build/Intermediates.noindex/PostHog.build/Debug-iphonesimulator/phlibwebp.build/Objects-normal/x86_64/alpha_processing_sse41.dia -c /Users/aadityasingh/Library/Developer/Xcode/DerivedData/Chatlio-erkyzdeecsohoaggpwbjdvavzqfv/SourcePackages/checkouts/posthog-ios/vendor/libwebp/alpha_processing_sse41.c -o /Users/aadityasingh/Library/Developer/Xcode/DerivedData/Chatlio-erkyzdeecsohoaggpwbjdvavzqfv/Build/Intermediates.noindex/PostHog.build/Debug-iphonesimulator/phlibwebp.build/Objects-normal/x86_64/alpha_processing_sse41.o -index-unit-output-path /PostHog.build/Debug-iphonesimulator/phlibwebp.build/Objects-normal/x86_64/alpha_processing_sse41.o

CompileC /Users/aadityasingh/Library/Developer/Xcode/DerivedData/Chatlio-erkyzdeecsohoaggpwbjdvavzqfv/Build/Intermediates.noindex/PostHog.build/Debug-iphonesimulator/phlibwebp.build/Objects-normal/x86_64/alpha_processing_neon.o /Users/aadityasingh/Library/Developer/Xcode/DerivedData/Chatlio-erkyzdeecsohoaggpwbjdvavzqfv/SourcePackages/checkouts/posthog-ios/vendor/libwebp/alpha_processing_neon.c normal x86_64 c com.apple.compilers.llvm.clang.1_0.compiler (in target 'phlibwebp' from project 'PostHog')
    cd /Users/aadityasingh/Documents/Development/element-x-ios/Chatlio.xcodeproj
    
    Using response file: /Users/aadityasingh/Library/Developer/Xcode/DerivedData/Chatlio-erkyzdeecsohoaggpwbjdvavzqfv/Build/Intermediates.noindex/PostHog.build/Debug-iphonesimulator/phlibwebp.build/Objects-normal/x86_64/7187679823f38a2a940e0043cdf9d637-common-args.resp
    
    /Applications/Xcode.app/Contents/Developer/Toolchains/XcodeDefault.xctoolchain/usr/bin/clang -x c -ivfsstatcache /Users/aadityasingh/Library/Developer/Xcode/DerivedData/SDKStatCaches.noindex/iphonesimulator26.4-23E252-686eebb5dc1d8ecb277353a59184f4aa.sdkstatcache -target x86_64-apple-ios13.0-simulator -fmessage-length\=0 -fdiagnostics-show-note-include-stack -fmacro-backtrace-limit\=0 -fno-color-diagnostics -fmodules-prune-interval\=86400 -fmodules-prune-after\=345600 -fbuild-session-file\=/Users/aadityasingh/Library/Developer/Xcode/DerivedData/ModuleCache.noindex/Session.modulevalidation -fmodules-validate-once-per-build-session -Wnon-modular-include-in-framework-module -Werror\=non-modular-include-in-framework-module -Wno-trigraphs -Wno-missing-field-initializers -Wno-missing-prototypes -Wno-return-type -Wno-missing-braces -Wparentheses -Wswitch -Wno-unused-function -Wno-unused-label -Wno-unused-parameter -Wno-unused-variable -Wunused-value -Wno-empty-body -Wno-uninitialized -Wno-unknown-pragmas -w -Wno-shadow -Wno-four-char-constants -Wno-conversion -Wno-constant-conversion -Wno-int-conversion -Wno-bool-conversion -Wno-enum-conversion -Wno-float-conversion -Wno-non-literal-null-conversion -Wno-objc-literal-conversion -Wshorten-64-to-32 -Wpointer-sign -Wno-newline-eof -Wno-implicit-fallthrough -isysroot /Applications/Xcode.app/Contents/Developer/Platforms/iPhoneSimulator.platform/Developer/SDKs/iPhoneSimulator26.4.sdk -fstrict-aliasing -Wdeprecated-declarations -Wno-sign-conversion -Wno-infinite-recursion -Wno-comma -Wno-block-capture-autoreleasing -Wno-strict-prototypes -Wno-semicolon-before-method-body -index-store-path /Users/aadityasingh/Library/Developer/Xcode/DerivedData/Chatlio-erkyzdeecsohoaggpwbjdvavzqfv/Index.noindex/DataStore @/Users/aadityasingh/Library/Developer/Xcode/DerivedData/Chatlio-erkyzdeecsohoaggpwbjdvavzqfv/Build/Intermediates.noindex/PostHog.build/Debug-iphonesimulator/phlibwebp.build/Objects-normal/x86_64/7187679823f38a2a940e0043cdf9d637-common-args.resp -MMD -MT dependencies -MF /Users/aadityasingh/Library/Developer/Xcode/DerivedData/Chatlio-erkyzdeecsohoaggpwbjdvavzqfv/Build/Intermediates.noindex/PostHog.build/Debug-iphonesimulator/phlibwebp.build/Objects-normal/x86_64/alpha_processing_neon.d --serialize-diagnostics /Users/aadityasingh/Library/Developer/Xcode/DerivedData/Chatlio-erkyzdeecsohoaggpwbjdvavzqfv/Build/Intermediates.noindex/PostHog.build/Debug-iphonesimulator/phlibwebp.build/Objects-normal/x86_64/alpha_processing_neon.dia -c /Users/aadityasingh/Library/Developer/Xcode/DerivedData/Chatlio-erkyzdeecsohoaggpwbjdvavzqfv/SourcePackages/checkouts/posthog-ios/vendor/libwebp/alpha_processing_neon.c -o /Users/aadityasingh/Library/Developer/Xcode/DerivedData/Chatlio-erkyzdeecsohoaggpwbjdvavzqfv/Build/Intermediates.noindex/PostHog.build/Debug-iphonesimulator/phlibwebp.build/Objects-normal/x86_64/alpha_processing_neon.o -index-unit-output-path /PostHog.build/Debug-iphonesimulator/phlibwebp.build/Objects-normal/x86_64/alpha_processing_neon.o

CompileC /Users/aadityasingh/Library/Developer/Xcode/DerivedData/Chatlio-erkyzdeecsohoaggpwbjdvavzqfv/Build/Intermediates.noindex/PostHog.build/Debug-iphonesimulator/phlibwebp.build/Objects-normal/x86_64/alpha_processing.o /Users/aadityasingh/Library/Developer/Xcode/DerivedData/Chatlio-erkyzdeecsohoaggpwbjdvavzqfv/SourcePackages/checkouts/posthog-ios/vendor/libwebp/alpha_processing.c normal x86_64 c com.apple.compilers.llvm.clang.1_0.compiler (in target 'phlibwebp' from project 'PostHog')
    cd /Users/aadityasingh/Documents/Development/element-x-ios/Chatlio.xcodeproj
    
    Using response file: /Users/aadityasingh/Library/Developer/Xcode/DerivedData/Chatlio-erkyzdeecsohoaggpwbjdvavzqfv/Build/Intermediates.noindex/PostHog.build/Debug-iphonesimulator/phlibwebp.build/Objects-normal/x86_64/7187679823f38a2a940e0043cdf9d637-common-args.resp
    
    /Applications/Xcode.app/Contents/Developer/Toolchains/XcodeDefault.xctoolchain/usr/bin/clang -x c -ivfsstatcache /Users/aadityasingh/Library/Developer/Xcode/DerivedData/SDKStatCaches.noindex/iphonesimulator26.4-23E252-686eebb5dc1d8ecb277353a59184f4aa.sdkstatcache -target x86_64-apple-ios13.0-simulator -fmessage-length\=0 -fdiagnostics-show-note-include-stack -fmacro-backtrace-limit\=0 -fno-color-diagnostics -fmodules-prune-interval\=86400 -fmodules-prune-after\=345600 -fbuild-session-file\=/Users/aadityasingh/Library/Developer/Xcode/DerivedData/ModuleCache.noindex/Session.modulevalidation -fmodules-validate-once-per-build-session -Wnon-modular-include-in-framework-module -Werror\=non-modular-include-in-framework-module -Wno-trigraphs -Wno-missing-field-initializers -Wno-missing-prototypes -Wno-return-type -Wno-missing-braces -Wparentheses -Wswitch -Wno-unused-function -Wno-unused-label -Wno-unused-parameter -Wno-unused-variable -Wunused-value -Wno-empty-body -Wno-uninitialized -Wno-unknown-pragmas -w -Wno-shadow -Wno-four-char-constants -Wno-conversion -Wno-constant-conversion -Wno-int-conversion -Wno-bool-conversion -Wno-enum-conversion -Wno-float-conversion -Wno-non-literal-null-conversion -Wno-objc-literal-conversion -Wshorten-64-to-32 -Wpointer-sign -Wno-newline-eof -Wno-implicit-fallthrough -isysroot /Applications/Xcode.app/Contents/Developer/Platforms/iPhoneSimulator.platform/Developer/SDKs/iPhoneSimulator26.4.sdk -fstrict-aliasing -Wdeprecated-declarations -Wno-sign-conversion -Wno-infinite-recursion -Wno-comma -Wno-block-capture-autoreleasing -Wno-strict-prototypes -Wno-semicolon-before-method-body -index-store-path /Users/aadityasingh/Library/Developer/Xcode/DerivedData/Chatlio-erkyzdeecsohoaggpwbjdvavzqfv/Index.noindex/DataStore @/Users/aadityasingh/Library/Developer/Xcode/DerivedData/Chatlio-erkyzdeecsohoaggpwbjdvavzqfv/Build/Intermediates.noindex/PostHog.build/Debug-iphonesimulator/phlibwebp.build/Objects-normal/x86_64/7187679823f38a2a940e0043cdf9d637-common-args.resp -MMD -MT dependencies -MF /Users/aadityasingh/Library/Developer/Xcode/DerivedData/Chatlio-erkyzdeecsohoaggpwbjdvavzqfv/Build/Intermediates.noindex/PostHog.build/Debug-iphonesimulator/phlibwebp.build/Objects-normal/x86_64/alpha_processing.d --serialize-diagnostics /Users/aadityasingh/Library/Developer/Xcode/DerivedData/Chatlio-erkyzdeecsohoaggpwbjdvavzqfv/Build/Intermediates.noindex/PostHog.build/Debug-iphonesimulator/phlibwebp.build/Objects-normal/x86_64/alpha_processing.dia -c /Users/aadityasingh/Library/Developer/Xcode/DerivedData/Chatlio-erkyzdeecsohoaggpwbjdvavzqfv/SourcePackages/checkouts/posthog-ios/vendor/libwebp/alpha_processing.c -o /Users/aadityasingh/Library/Developer/Xcode/DerivedData/Chatlio-erkyzdeecsohoaggpwbjdvavzqfv/Build/Intermediates.noindex/PostHog.build/Debug-iphonesimulator/phlibwebp.build/Objects-normal/x86_64/alpha_processing.o -index-unit-output-path /PostHog.build/Debug-iphonesimulator/phlibwebp.build/Objects-normal/x86_64/alpha_processing.o

CompileC /Users/aadityasingh/Library/Developer/Xcode/DerivedData/Chatlio-erkyzdeecsohoaggpwbjdvavzqfv/Build/Intermediates.noindex/PostHog.build/Debug-iphonesimulator/phlibwebp.build/Objects-normal/x86_64/alpha_enc.o /Users/aadityasingh/Library/Developer/Xcode/DerivedData/Chatlio-erkyzdeecsohoaggpwbjdvavzqfv/SourcePackages/checkouts/posthog-ios/vendor/libwebp/alpha_enc.c normal x86_64 c com.apple.compilers.llvm.clang.1_0.compiler (in target 'phlibwebp' from project 'PostHog')
    cd /Users/aadityasingh/Documents/Development/element-x-ios/Chatlio.xcodeproj
    
    Using response file: /Users/aadityasingh/Library/Developer/Xcode/DerivedData/Chatlio-erkyzdeecsohoaggpwbjdvavzqfv/Build/Intermediates.noindex/PostHog.build/Debug-iphonesimulator/phlibwebp.build/Objects-normal/x86_64/7187679823f38a2a940e0043cdf9d637-common-args.resp
    
    /Applications/Xcode.app/Contents/Developer/Toolchains/XcodeDefault.xctoolchain/usr/bin/clang -x c -ivfsstatcache /Users/aadityasingh/Library/Developer/Xcode/DerivedData/SDKStatCaches.noindex/iphonesimulator26.4-23E252-686eebb5dc1d8ecb277353a59184f4aa.sdkstatcache -target x86_64-apple-ios13.0-simulator -fmessage-length\=0 -fdiagnostics-show-note-include-stack -fmacro-backtrace-limit\=0 -fno-color-diagnostics -fmodules-prune-interval\=86400 -fmodules-prune-after\=345600 -fbuild-session-file\=/Users/aadityasingh/Library/Developer/Xcode/DerivedData/ModuleCache.noindex/Session.modulevalidation -fmodules-validate-once-per-build-session -Wnon-modular-include-in-framework-module -Werror\=non-modular-include-in-framework-module -Wno-trigraphs -Wno-missing-field-initializers -Wno-missing-prototypes -Wno-return-type -Wno-missing-braces -Wparentheses -Wswitch -Wno-unused-function -Wno-unused-label -Wno-unused-parameter -Wno-unused-variable -Wunused-value -Wno-empty-body -Wno-uninitialized -Wno-unknown-pragmas -w -Wno-shadow -Wno-four-char-constants -Wno-conversion -Wno-constant-conversion -Wno-int-conversion -Wno-bool-conversion -Wno-enum-conversion -Wno-float-conversion -Wno-non-literal-null-conversion -Wno-objc-literal-conversion -Wshorten-64-to-32 -Wpointer-sign -Wno-newline-eof -Wno-implicit-fallthrough -isysroot /Applications/Xcode.app/Contents/Developer/Platforms/iPhoneSimulator.platform/Developer/SDKs/iPhoneSimulator26.4.sdk -fstrict-aliasing -Wdeprecated-declarations -Wno-sign-conversion -Wno-infinite-recursion -Wno-comma -Wno-block-capture-autoreleasing -Wno-strict-prototypes -Wno-semicolon-before-method-body -index-store-path /Users/aadityasingh/Library/Developer/Xcode/DerivedData/Chatlio-erkyzdeecsohoaggpwbjdvavzqfv/Index.noindex/DataStore @/Users/aadityasingh/Library/Developer/Xcode/DerivedData/Chatlio-erkyzdeecsohoaggpwbjdvavzqfv/Build/Intermediates.noindex/PostHog.build/Debug-iphonesimulator/phlibwebp.build/Objects-normal/x86_64/7187679823f38a2a940e0043cdf9d637-common-args.resp -MMD -MT dependencies -MF /Users/aadityasingh/Library/Developer/Xcode/DerivedData/Chatlio-erkyzdeecsohoaggpwbjdvavzqfv/Build/Intermediates.noindex/PostHog.build/Debug-iphonesimulator/phlibwebp.build/Objects-normal/x86_64/alpha_enc.d --serialize-diagnostics /Users/aadityasingh/Library/Developer/Xcode/DerivedData/Chatlio-erkyzdeecsohoaggpwbjdvavzqfv/Build/Intermediates.noindex/PostHog.build/Debug-iphonesimulator/phlibwebp.build/Objects-normal/x86_64/alpha_enc.dia -c /Users/aadityasingh/Library/Developer/Xcode/DerivedData/Chatlio-erkyzdeecsohoaggpwbjdvavzqfv/SourcePackages/checkouts/posthog-ios/vendor/libwebp/alpha_enc.c -o /Users/aadityasingh/Library/Developer/Xcode/DerivedData/Chatlio-erkyzdeecsohoaggpwbjdvavzqfv/Build/Intermediates.noindex/PostHog.build/Debug-iphonesimulator/phlibwebp.build/Objects-normal/x86_64/alpha_enc.o -index-unit-output-path /PostHog.build/Debug-iphonesimulator/phlibwebp.build/Objects-normal/x86_64/alpha_enc.o

PrecompileModule /Users/aadityasingh/Library/Developer/Xcode/DerivedData/Chatlio-erkyzdeecsohoaggpwbjdvavzqfv/Build/Intermediates.noindex/ExplicitPrecompiledModules/_Builtin_limits-F0X02RYE8F7QM9IZSR8OH9W0Q.scan
    cd /
    builtin-precompileModule /Users/aadityasingh/Library/Developer/Xcode/DerivedData/Chatlio-erkyzdeecsohoaggpwbjdvavzqfv/Build/Intermediates.noindex/ExplicitPrecompiledModules/_Builtin_limits-F0X02RYE8F7QM9IZSR8OH9W0Q.scan

PrecompileModule /Users/aadityasingh/Library/Developer/Xcode/DerivedData/Chatlio-erkyzdeecsohoaggpwbjdvavzqfv/Build/Intermediates.noindex/ExplicitPrecompiledModules/_DarwinFoundation2-9L77PZEEKYZ0DWB5D85B2WZX5.scan
    cd /
    builtin-precompileModule /Users/aadityasingh/Library/Developer/Xcode/DerivedData/Chatlio-erkyzdeecsohoaggpwbjdvavzqfv/Build/Intermediates.noindex/ExplicitPrecompiledModules/_DarwinFoundation2-9L77PZEEKYZ0DWB5D85B2WZX5.scan

ScanDependencies /Users/aadityasingh/Library/Developer/Xcode/DerivedData/Chatlio-erkyzdeecsohoaggpwbjdvavzqfv/Build/Intermediates.noindex/PostHog.build/Debug-iphonesimulator/phlibwebp.build/Objects-normal/arm64/lossless.o /Users/aadityasingh/Library/Developer/Xcode/DerivedData/Chatlio-erkyzdeecsohoaggpwbjdvavzqfv/SourcePackages/checkouts/posthog-ios/vendor/libwebp/lossless.c normal arm64 c com.apple.compilers.llvm.clang.1_0.compiler (in target 'phlibwebp' from project 'PostHog')
    cd /Users/aadityasingh/Documents/Development/element-x-ios/Chatlio.xcodeproj
    
    Using response file: /Users/aadityasingh/Library/Developer/Xcode/DerivedData/Chatlio-erkyzdeecsohoaggpwbjdvavzqfv/Build/Intermediates.noindex/PostHog.build/Debug-iphonesimulator/phlibwebp.build/Objects-normal/arm64/7187679823f38a2a940e0043cdf9d637-common-args.resp
    
    builtin-ScanDependencies -o /Users/aadityasingh/Library/Developer/Xcode/DerivedData/Chatlio-erkyzdeecsohoaggpwbjdvavzqfv/Build/Intermediates.noindex/PostHog.build/Debug-iphonesimulator/phlibwebp.build/Objects-normal/arm64/lossless.o.scan -- /Applications/Xcode.app/Contents/Developer/Toolchains/XcodeDefault.xctoolchain/usr/bin/clang -x c -ivfsstatcache /Users/aadityasingh/Library/Developer/Xcode/DerivedData/SDKStatCaches.noindex/iphonesimulator26.4-23E252-686eebb5dc1d8ecb277353a59184f4aa.sdkstatcache -target arm64-apple-ios13.0-simulator -fmessage-length\=0 -fdiagnostics-show-note-include-stack -fmacro-backtrace-limit\=0 -fno-color-diagnostics -fmodules-prune-interval\=86400 -fmodules-prune-after\=345600 -fbuild-session-file\=/Users/aadityasingh/Library/Developer/Xcode/DerivedData/ModuleCache.noindex/Session.modulevalidation -fmodules-validate-once-per-build-session -Wnon-modular-include-in-framework-module -Werror\=non-modular-include-in-framework-module -Wno-trigraphs -Wno-missing-field-initializers -Wno-missing-prototypes -Wno-return-type -Wno-missing-braces -Wparentheses -Wswitch -Wno-unused-function -Wno-unused-label -Wno-unused-parameter -Wno-unused-variable -Wunused-value -Wno-empty-body -Wno-uninitialized -Wno-unknown-pragmas -w -Wno-shadow -Wno-four-char-constants -Wno-conversion -Wno-constant-conversion -Wno-int-conversion -Wno-bool-conversion -Wno-enum-conversion -Wno-float-conversion -Wno-non-literal-null-conversion -Wno-objc-literal-conversion -Wshorten-64-to-32 -Wpointer-sign -Wno-newline-eof -Wno-implicit-fallthrough -isysroot /Applications/Xcode.app/Contents/Developer/Platforms/iPhoneSimulator.platform/Developer/SDKs/iPhoneSimulator26.4.sdk -fstrict-aliasing -Wdeprecated-declarations -Wno-sign-conversion -Wno-infinite-recursion -Wno-comma -Wno-block-capture-autoreleasing -Wno-strict-prototypes -Wno-semicolon-before-method-body -index-store-path /Users/aadityasingh/Library/Developer/Xcode/DerivedData/Chatlio-erkyzdeecsohoaggpwbjdvavzqfv/Index.noindex/DataStore @/Users/aadityasingh/Library/Developer/Xcode/DerivedData/Chatlio-erkyzdeecsohoaggpwbjdvavzqfv/Build/Intermediates.noindex/PostHog.build/Debug-iphonesimulator/phlibwebp.build/Objects-normal/arm64/7187679823f38a2a940e0043cdf9d637-common-args.resp -MMD -MT dependencies -MF /Users/aadityasingh/Library/Developer/Xcode/DerivedData/Chatlio-erkyzdeecsohoaggpwbjdvavzqfv/Build/Intermediates.noindex/PostHog.build/Debug-iphonesimulator/phlibwebp.build/Objects-normal/arm64/lossless.d --serialize-diagnostics /Users/aadityasingh/Library/Developer/Xcode/DerivedData/Chatlio-erkyzdeecsohoaggpwbjdvavzqfv/Build/Intermediates.noindex/PostHog.build/Debug-iphonesimulator/phlibwebp.build/Objects-normal/arm64/lossless.dia -c /Users/aadityasingh/Library/Developer/Xcode/DerivedData/Chatlio-erkyzdeecsohoaggpwbjdvavzqfv/SourcePackages/checkouts/posthog-ios/vendor/libwebp/lossless.c -o /Users/aadityasingh/Library/Developer/Xcode/DerivedData/Chatlio-erkyzdeecsohoaggpwbjdvavzqfv/Build/Intermediates.noindex/PostHog.build/Debug-iphonesimulator/phlibwebp.build/Objects-normal/arm64/lossless.o -index-unit-output-path /PostHog.build/Debug-iphonesimulator/phlibwebp.build/Objects-normal/arm64/lossless.o

ScanDependencies /Users/aadityasingh/Library/Developer/Xcode/DerivedData/Chatlio-erkyzdeecsohoaggpwbjdvavzqfv/Build/Intermediates.noindex/PostHog.build/Debug-iphonesimulator/phlibwebp.build/Objects-normal/arm64/iterator_enc.o /Users/aadityasingh/Library/Developer/Xcode/DerivedData/Chatlio-erkyzdeecsohoaggpwbjdvavzqfv/SourcePackages/checkouts/posthog-ios/vendor/libwebp/iterator_enc.c normal arm64 c com.apple.compilers.llvm.clang.1_0.compiler (in target 'phlibwebp' from project 'PostHog')
    cd /Users/aadityasingh/Documents/Development/element-x-ios/Chatlio.xcodeproj
    
    Using response file: /Users/aadityasingh/Library/Developer/Xcode/DerivedData/Chatlio-erkyzdeecsohoaggpwbjdvavzqfv/Build/Intermediates.noindex/PostHog.build/Debug-iphonesimulator/phlibwebp.build/Objects-normal/arm64/7187679823f38a2a940e0043cdf9d637-common-args.resp
    
    builtin-ScanDependencies -o /Users/aadityasingh/Library/Developer/Xcode/DerivedData/Chatlio-erkyzdeecsohoaggpwbjdvavzqfv/Build/Intermediates.noindex/PostHog.build/Debug-iphonesimulator/phlibwebp.build/Objects-normal/arm64/iterator_enc.o.scan -- /Applications/Xcode.app/Contents/Developer/Toolchains/XcodeDefault.xctoolchain/usr/bin/clang -x c -ivfsstatcache /Users/aadityasingh/Library/Developer/Xcode/DerivedData/SDKStatCaches.noindex/iphonesimulator26.4-23E252-686eebb5dc1d8ecb277353a59184f4aa.sdkstatcache -target arm64-apple-ios13.0-simulator -fmessage-length\=0 -fdiagnostics-show-note-include-stack -fmacro-backtrace-limit\=0 -fno-color-diagnostics -fmodules-prune-interval\=86400 -fmodules-prune-after\=345600 -fbuild-session-file\=/Users/aadityasingh/Library/Developer/Xcode/DerivedData/ModuleCache.noindex/Session.modulevalidation -fmodules-validate-once-per-build-session -Wnon-modular-include-in-framework-module -Werror\=non-modular-include-in-framework-module -Wno-trigraphs -Wno-missing-field-initializers -Wno-missing-prototypes -Wno-return-type -Wno-missing-braces -Wparentheses -Wswitch -Wno-unused-function -Wno-unused-label -Wno-unused-parameter -Wno-unused-variable -Wunused-value -Wno-empty-body -Wno-uninitialized -Wno-unknown-pragmas -w -Wno-shadow -Wno-four-char-constants -Wno-conversion -Wno-constant-conversion -Wno-int-conversion -Wno-bool-conversion -Wno-enum-conversion -Wno-float-conversion -Wno-non-literal-null-conversion -Wno-objc-literal-conversion -Wshorten-64-to-32 -Wpointer-sign -Wno-newline-eof -Wno-implicit-fallthrough -isysroot /Applications/Xcode.app/Contents/Developer/Platforms/iPhoneSimulator.platform/Developer/SDKs/iPhoneSimulator26.4.sdk -fstrict-aliasing -Wdeprecated-declarations -Wno-sign-conversion -Wno-infinite-recursion -Wno-comma -Wno-block-capture-autoreleasing -Wno-strict-prototypes -Wno-semicolon-before-method-body -index-store-path /Users/aadityasingh/Library/Developer/Xcode/DerivedData/Chatlio-erkyzdeecsohoaggpwbjdvavzqfv/Index.noindex/DataStore @/Users/aadityasingh/Library/Developer/Xcode/DerivedData/Chatlio-erkyzdeecsohoaggpwbjdvavzqfv/Build/Intermediates.noindex/PostHog.build/Debug-iphonesimulator/phlibwebp.build/Objects-normal/arm64/7187679823f38a2a940e0043cdf9d637-common-args.resp -MMD -MT dependencies -MF /Users/aadityasingh/Library/Developer/Xcode/DerivedData/Chatlio-erkyzdeecsohoaggpwbjdvavzqfv/Build/Intermediates.noindex/PostHog.build/Debug-iphonesimulator/phlibwebp.build/Objects-normal/arm64/iterator_enc.d --serialize-diagnostics /Users/aadityasingh/Library/Developer/Xcode/DerivedData/Chatlio-erkyzdeecsohoaggpwbjdvavzqfv/Build/Intermediates.noindex/PostHog.build/Debug-iphonesimulator/phlibwebp.build/Objects-normal/arm64/iterator_enc.dia -c /Users/aadityasingh/Library/Developer/Xcode/DerivedData/Chatlio-erkyzdeecsohoaggpwbjdvavzqfv/SourcePackages/checkouts/posthog-ios/vendor/libwebp/iterator_enc.c -o /Users/aadityasingh/Library/Developer/Xcode/DerivedData/Chatlio-erkyzdeecsohoaggpwbjdvavzqfv/Build/Intermediates.noindex/PostHog.build/Debug-iphonesimulator/phlibwebp.build/Objects-normal/arm64/iterator_enc.o -index-unit-output-path /PostHog.build/Debug-iphonesimulator/phlibwebp.build/Objects-normal/arm64/iterator_enc.o

ScanDependencies /Users/aadityasingh/Library/Developer/Xcode/DerivedData/Chatlio-erkyzdeecsohoaggpwbjdvavzqfv/Build/Intermediates.noindex/PostHog.build/Debug-iphonesimulator/phlibwebp.build/Objects-normal/arm64/huffman_utils.o /Users/aadityasingh/Library/Developer/Xcode/DerivedData/Chatlio-erkyzdeecsohoaggpwbjdvavzqfv/SourcePackages/checkouts/posthog-ios/vendor/libwebp/huffman_utils.c normal arm64 c com.apple.compilers.llvm.clang.1_0.compiler (in target 'phlibwebp' from project 'PostHog')
    cd /Users/aadityasingh/Documents/Development/element-x-ios/Chatlio.xcodeproj
    
    Using response file: /Users/aadityasingh/Library/Developer/Xcode/DerivedData/Chatlio-erkyzdeecsohoaggpwbjdvavzqfv/Build/Intermediates.noindex/PostHog.build/Debug-iphonesimulator/phlibwebp.build/Objects-normal/arm64/7187679823f38a2a940e0043cdf9d637-common-args.resp
    
    builtin-ScanDependencies -o /Users/aadityasingh/Library/Developer/Xcode/DerivedData/Chatlio-erkyzdeecsohoaggpwbjdvavzqfv/Build/Intermediates.noindex/PostHog.build/Debug-iphonesimulator/phlibwebp.build/Objects-normal/arm64/huffman_utils.o.scan -- /Applications/Xcode.app/Contents/Developer/Toolchains/XcodeDefault.xctoolchain/usr/bin/clang -x c -ivfsstatcache /Users/aadityasingh/Library/Developer/Xcode/DerivedData/SDKStatCaches.noindex/iphonesimulator26.4-23E252-686eebb5dc1d8ecb277353a59184f4aa.sdkstatcache -target arm64-apple-ios13.0-simulator -fmessage-length\=0 -fdiagnostics-show-note-include-stack -fmacro-backtrace-limit\=0 -fno-color-diagnostics -fmodules-prune-interval\=86400 -fmodules-prune-after\=345600 -fbuild-session-file\=/Users/aadityasingh/Library/Developer/Xcode/DerivedData/ModuleCache.noindex/Session.modulevalidation -fmodules-validate-once-per-build-session -Wnon-modular-include-in-framework-module -Werror\=non-modular-include-in-framework-module -Wno-trigraphs -Wno-missing-field-initializers -Wno-missing-prototypes -Wno-return-type -Wno-missing-braces -Wparentheses -Wswitch -Wno-unused-function -Wno-unused-label -Wno-unused-parameter -Wno-unused-variable -Wunused-value -Wno-empty-body -Wno-uninitialized -Wno-unknown-pragmas -w -Wno-shadow -Wno-four-char-constants -Wno-conversion -Wno-constant-conversion -Wno-int-conversion -Wno-bool-conversion -Wno-enum-conversion -Wno-float-conversion -Wno-non-literal-null-conversion -Wno-objc-literal-conversion -Wshorten-64-to-32 -Wpointer-sign -Wno-newline-eof -Wno-implicit-fallthrough -isysroot /Applications/Xcode.app/Contents/Developer/Platforms/iPhoneSimulator.platform/Developer/SDKs/iPhoneSimulator26.4.sdk -fstrict-aliasing -Wdeprecated-declarations -Wno-sign-conversion -Wno-infinite-recursion -Wno-comma -Wno-block-capture-autoreleasing -Wno-strict-prototypes -Wno-semicolon-before-method-body -index-store-path /Users/aadityasingh/Library/Developer/Xcode/DerivedData/Chatlio-erkyzdeecsohoaggpwbjdvavzqfv/Index.noindex/DataStore @/Users/aadityasingh/Library/Developer/Xcode/DerivedData/Chatlio-erkyzdeecsohoaggpwbjdvavzqfv/Build/Intermediates.noindex/PostHog.build/Debug-iphonesimulator/phlibwebp.build/Objects-normal/arm64/7187679823f38a2a940e0043cdf9d637-common-args.resp -MMD -MT dependencies -MF /Users/aadityasingh/Library/Developer/Xcode/DerivedData/Chatlio-erkyzdeecsohoaggpwbjdvavzqfv/Build/Intermediates.noindex/PostHog.build/Debug-iphonesimulator/phlibwebp.build/Objects-normal/arm64/huffman_utils.d --serialize-diagnostics /Users/aadityasingh/Library/Developer/Xcode/DerivedData/Chatlio-erkyzdeecsohoaggpwbjdvavzqfv/Build/Intermediates.noindex/PostHog.build/Debug-iphonesimulator/phlibwebp.build/Objects-normal/arm64/huffman_utils.dia -c /Users/aadityasingh/Library/Developer/Xcode/DerivedData/Chatlio-erkyzdeecsohoaggpwbjdvavzqfv/SourcePackages/checkouts/posthog-ios/vendor/libwebp/huffman_utils.c -o /Users/aadityasingh/Library/Developer/Xcode/DerivedData/Chatlio-erkyzdeecsohoaggpwbjdvavzqfv/Build/Intermediates.noindex/PostHog.build/Debug-iphonesimulator/phlibwebp.build/Objects-normal/arm64/huffman_utils.o -index-unit-output-path /PostHog.build/Debug-iphonesimulator/phlibwebp.build/Objects-normal/arm64/huffman_utils.o

ScanDependencies /Users/aadityasingh/Library/Developer/Xcode/DerivedData/Chatlio-erkyzdeecsohoaggpwbjdvavzqfv/Build/Intermediates.noindex/PostHog.build/Debug-iphonesimulator/phlibwebp.build/Objects-normal/arm64/huffman_encode_utils.o /Users/aadityasingh/Library/Developer/Xcode/DerivedData/Chatlio-erkyzdeecsohoaggpwbjdvavzqfv/SourcePackages/checkouts/posthog-ios/vendor/libwebp/huffman_encode_utils.c normal arm64 c com.apple.compilers.llvm.clang.1_0.compiler (in target 'phlibwebp' from project 'PostHog')
    cd /Users/aadityasingh/Documents/Development/element-x-ios/Chatlio.xcodeproj
    
    Using response file: /Users/aadityasingh/Library/Developer/Xcode/DerivedData/Chatlio-erkyzdeecsohoaggpwbjdvavzqfv/Build/Intermediates.noindex/PostHog.build/Debug-iphonesimulator/phlibwebp.build/Objects-normal/arm64/7187679823f38a2a940e0043cdf9d637-common-args.resp
    
    builtin-ScanDependencies -o /Users/aadityasingh/Library/Developer/Xcode/DerivedData/Chatlio-erkyzdeecsohoaggpwbjdvavzqfv/Build/Intermediates.noindex/PostHog.build/Debug-iphonesimulator/phlibwebp.build/Objects-normal/arm64/huffman_encode_utils.o.scan -- /Applications/Xcode.app/Contents/Developer/Toolchains/XcodeDefault.xctoolchain/usr/bin/clang -x c -ivfsstatcache /Users/aadityasingh/Library/Developer/Xcode/DerivedData/SDKStatCaches.noindex/iphonesimulator26.4-23E252-686eebb5dc1d8ecb277353a59184f4aa.sdkstatcache -target arm64-apple-ios13.0-simulator -fmessage-length\=0 -fdiagnostics-show-note-include-stack -fmacro-backtrace-limit\=0 -fno-color-diagnostics -fmodules-prune-interval\=86400 -fmodules-prune-after\=345600 -fbuild-session-file\=/Users/aadityasingh/Library/Developer/Xcode/DerivedData/ModuleCache.noindex/Session.modulevalidation -fmodules-validate-once-per-build-session -Wnon-modular-include-in-framework-module -Werror\=non-modular-include-in-framework-module -Wno-trigraphs -Wno-missing-field-initializers -Wno-missing-prototypes -Wno-return-type -Wno-missing-braces -Wparentheses -Wswitch -Wno-unused-function -Wno-unused-label -Wno-unused-parameter -Wno-unused-variable -Wunused-value -Wno-empty-body -Wno-uninitialized -Wno-unknown-pragmas -w -Wno-shadow -Wno-four-char-constants -Wno-conversion -Wno-constant-conversion -Wno-int-conversion -Wno-bool-conversion -Wno-enum-conversion -Wno-float-conversion -Wno-non-literal-null-conversion -Wno-objc-literal-conversion -Wshorten-64-to-32 -Wpointer-sign -Wno-newline-eof -Wno-implicit-fallthrough -isysroot /Applications/Xcode.app/Contents/Developer/Platforms/iPhoneSimulator.platform/Developer/SDKs/iPhoneSimulator26.4.sdk -fstrict-aliasing -Wdeprecated-declarations -Wno-sign-conversion -Wno-infinite-recursion -Wno-comma -Wno-block-capture-autoreleasing -Wno-strict-prototypes -Wno-semicolon-before-method-body -index-store-path /Users/aadityasingh/Library/Developer/Xcode/DerivedData/Chatlio-erkyzdeecsohoaggpwbjdvavzqfv/Index.noindex/DataStore @/Users/aadityasingh/Library/Developer/Xcode/DerivedData/Chatlio-erkyzdeecsohoaggpwbjdvavzqfv/Build/Intermediates.noindex/PostHog.build/Debug-iphonesimulator/phlibwebp.build/Objects-normal/arm64/7187679823f38a2a940e0043cdf9d637-common-args.resp -MMD -MT dependencies -MF /Users/aadityasingh/Library/Developer/Xcode/DerivedData/Chatlio-erkyzdeecsohoaggpwbjdvavzqfv/Build/Intermediates.noindex/PostHog.build/Debug-iphonesimulator/phlibwebp.build/Objects-normal/arm64/huffman_encode_utils.d --serialize-diagnostics /Users/aadityasingh/Library/Developer/Xcode/DerivedData/Chatlio-erkyzdeecsohoaggpwbjdvavzqfv/Build/Intermediates.noindex/PostHog.build/Debug-iphonesimulator/phlibwebp.build/Objects-normal/arm64/huffman_encode_utils.dia -c /Users/aadityasingh/Library/Developer/Xcode/DerivedData/Chatlio-erkyzdeecsohoaggpwbjdvavzqfv/SourcePackages/checkouts/posthog-ios/vendor/libwebp/huffman_encode_utils.c -o /Users/aadityasingh/Library/Developer/Xcode/DerivedData/Chatlio-erkyzdeecsohoaggpwbjdvavzqfv/Build/Intermediates.noindex/PostHog.build/Debug-iphonesimulator/phlibwebp.build/Objects-normal/arm64/huffman_encode_utils.o -index-unit-output-path /PostHog.build/Debug-iphonesimulator/phlibwebp.build/Objects-normal/arm64/huffman_encode_utils.o

ScanDependencies /Users/aadityasingh/Library/Developer/Xcode/DerivedData/Chatlio-erkyzdeecsohoaggpwbjdvavzqfv/Build/Intermediates.noindex/PostHog.build/Debug-iphonesimulator/phlibwebp.build/Objects-normal/arm64/histogram_enc.o /Users/aadityasingh/Library/Developer/Xcode/DerivedData/Chatlio-erkyzdeecsohoaggpwbjdvavzqfv/SourcePackages/checkouts/posthog-ios/vendor/libwebp/histogram_enc.c normal arm64 c com.apple.compilers.llvm.clang.1_0.compiler (in target 'phlibwebp' from project 'PostHog')
    cd /Users/aadityasingh/Documents/Development/element-x-ios/Chatlio.xcodeproj
    
    Using response file: /Users/aadityasingh/Library/Developer/Xcode/DerivedData/Chatlio-erkyzdeecsohoaggpwbjdvavzqfv/Build/Intermediates.noindex/PostHog.build/Debug-iphonesimulator/phlibwebp.build/Objects-normal/arm64/7187679823f38a2a940e0043cdf9d637-common-args.resp
    
    builtin-ScanDependencies -o /Users/aadityasingh/Library/Developer/Xcode/DerivedData/Chatlio-erkyzdeecsohoaggpwbjdvavzqfv/Build/Intermediates.noindex/PostHog.build/Debug-iphonesimulator/phlibwebp.build/Objects-normal/arm64/histogram_enc.o.scan -- /Applications/Xcode.app/Contents/Developer/Toolchains/XcodeDefault.xctoolchain/usr/bin/clang -x c -ivfsstatcache /Users/aadityasingh/Library/Developer/Xcode/DerivedData/SDKStatCaches.noindex/iphonesimulator26.4-23E252-686eebb5dc1d8ecb277353a59184f4aa.sdkstatcache -target arm64-apple-ios13.0-simulator -fmessage-length\=0 -fdiagnostics-show-note-include-stack -fmacro-backtrace-limit\=0 -fno-color-diagnostics -fmodules-prune-interval\=86400 -fmodules-prune-after\=345600 -fbuild-session-file\=/Users/aadityasingh/Library/Developer/Xcode/DerivedData/ModuleCache.noindex/Session.modulevalidation -fmodules-validate-once-per-build-session -Wnon-modular-include-in-framework-module -Werror\=non-modular-include-in-framework-module -Wno-trigraphs -Wno-missing-field-initializers -Wno-missing-prototypes -Wno-return-type -Wno-missing-braces -Wparentheses -Wswitch -Wno-unused-function -Wno-unused-label -Wno-unused-parameter -Wno-unused-variable -Wunused-value -Wno-empty-body -Wno-uninitialized -Wno-unknown-pragmas -w -Wno-shadow -Wno-four-char-constants -Wno-conversion -Wno-constant-conversion -Wno-int-conversion -Wno-bool-conversion -Wno-enum-conversion -Wno-float-conversion -Wno-non-literal-null-conversion -Wno-objc-literal-conversion -Wshorten-64-to-32 -Wpointer-sign -Wno-newline-eof -Wno-implicit-fallthrough -isysroot /Applications/Xcode.app/Contents/Developer/Platforms/iPhoneSimulator.platform/Developer/SDKs/iPhoneSimulator26.4.sdk -fstrict-aliasing -Wdeprecated-declarations -Wno-sign-conversion -Wno-infinite-recursion -Wno-comma -Wno-block-capture-autoreleasing -Wno-strict-prototypes -Wno-semicolon-before-method-body -index-store-path /Users/aadityasingh/Library/Developer/Xcode/DerivedData/Chatlio-erkyzdeecsohoaggpwbjdvavzqfv/Index.noindex/DataStore @/Users/aadityasingh/Library/Developer/Xcode/DerivedData/Chatlio-erkyzdeecsohoaggpwbjdvavzqfv/Build/Intermediates.noindex/PostHog.build/Debug-iphonesimulator/phlibwebp.build/Objects-normal/arm64/7187679823f38a2a940e0043cdf9d637-common-args.resp -MMD -MT dependencies -MF /Users/aadityasingh/Library/Developer/Xcode/DerivedData/Chatlio-erkyzdeecsohoaggpwbjdvavzqfv/Build/Intermediates.noindex/PostHog.build/Debug-iphonesimulator/phlibwebp.build/Objects-normal/arm64/histogram_enc.d --serialize-diagnostics /Users/aadityasingh/Library/Developer/Xcode/DerivedData/Chatlio-erkyzdeecsohoaggpwbjdvavzqfv/Build/Intermediates.noindex/PostHog.build/Debug-iphonesimulator/phlibwebp.build/Objects-normal/arm64/histogram_enc.dia -c /Users/aadityasingh/Library/Developer/Xcode/DerivedData/Chatlio-erkyzdeecsohoaggpwbjdvavzqfv/SourcePackages/checkouts/posthog-ios/vendor/libwebp/histogram_enc.c -o /Users/aadityasingh/Library/Developer/Xcode/DerivedData/Chatlio-erkyzdeecsohoaggpwbjdvavzqfv/Build/Intermediates.noindex/PostHog.build/Debug-iphonesimulator/phlibwebp.build/Objects-normal/arm64/histogram_enc.o -index-unit-output-path /PostHog.build/Debug-iphonesimulator/phlibwebp.build/Objects-normal/arm64/histogram_enc.o

ScanDependencies /Users/aadityasingh/Library/Developer/Xcode/DerivedData/Chatlio-erkyzdeecsohoaggpwbjdvavzqfv/Build/Intermediates.noindex/PostHog.build/Debug-iphonesimulator/phlibwebp.build/Objects-normal/arm64/frame_enc.o /Users/aadityasingh/Library/Developer/Xcode/DerivedData/Chatlio-erkyzdeecsohoaggpwbjdvavzqfv/SourcePackages/checkouts/posthog-ios/vendor/libwebp/frame_enc.c normal arm64 c com.apple.compilers.llvm.clang.1_0.compiler (in target 'phlibwebp' from project 'PostHog')
    cd /Users/aadityasingh/Documents/Development/element-x-ios/Chatlio.xcodeproj
    
    Using response file: /Users/aadityasingh/Library/Developer/Xcode/DerivedData/Chatlio-erkyzdeecsohoaggpwbjdvavzqfv/Build/Intermediates.noindex/PostHog.build/Debug-iphonesimulator/phlibwebp.build/Objects-normal/arm64/7187679823f38a2a940e0043cdf9d637-common-args.resp
    
    builtin-ScanDependencies -o /Users/aadityasingh/Library/Developer/Xcode/DerivedData/Chatlio-erkyzdeecsohoaggpwbjdvavzqfv/Build/Intermediates.noindex/PostHog.build/Debug-iphonesimulator/phlibwebp.build/Objects-normal/arm64/frame_enc.o.scan -- /Applications/Xcode.app/Contents/Developer/Toolchains/XcodeDefault.xctoolchain/usr/bin/clang -x c -ivfsstatcache /Users/aadityasingh/Library/Developer/Xcode/DerivedData/SDKStatCaches.noindex/iphonesimulator26.4-23E252-686eebb5dc1d8ecb277353a59184f4aa.sdkstatcache -target arm64-apple-ios13.0-simulator -fmessage-length\=0 -fdiagnostics-show-note-include-stack -fmacro-backtrace-limit\=0 -fno-color-diagnostics -fmodules-prune-interval\=86400 -fmodules-prune-after\=345600 -fbuild-session-file\=/Users/aadityasingh/Library/Developer/Xcode/DerivedData/ModuleCache.noindex/Session.modulevalidation -fmodules-validate-once-per-build-session -Wnon-modular-include-in-framework-module -Werror\=non-modular-include-in-framework-module -Wno-trigraphs -Wno-missing-field-initializers -Wno-missing-prototypes -Wno-return-type -Wno-missing-braces -Wparentheses -Wswitch -Wno-unused-function -Wno-unused-label -Wno-unused-parameter -Wno-unused-variable -Wunused-value -Wno-empty-body -Wno-uninitialized -Wno-unknown-pragmas -w -Wno-shadow -Wno-four-char-constants -Wno-conversion -Wno-constant-conversion -Wno-int-conversion -Wno-bool-conversion -Wno-enum-conversion -Wno-float-conversion -Wno-non-literal-null-conversion -Wno-objc-literal-conversion -Wshorten-64-to-32 -Wpointer-sign -Wno-newline-eof -Wno-implicit-fallthrough -isysroot /Applications/Xcode.app/Contents/Developer/Platforms/iPhoneSimulator.platform/Developer/SDKs/iPhoneSimulator26.4.sdk -fstrict-aliasing -Wdeprecated-declarations -Wno-sign-conversion -Wno-infinite-recursion -Wno-comma -Wno-block-capture-autoreleasing -Wno-strict-prototypes -Wno-semicolon-before-method-body -index-store-path /Users/aadityasingh/Library/Developer/Xcode/DerivedData/Chatlio-erkyzdeecsohoaggpwbjdvavzqfv/Index.noindex/DataStore @/Users/aadityasingh/Library/Developer/Xcode/DerivedData/Chatlio-erkyzdeecsohoaggpwbjdvavzqfv/Build/Intermediates.noindex/PostHog.build/Debug-iphonesimulator/phlibwebp.build/Objects-normal/arm64/7187679823f38a2a940e0043cdf9d637-common-args.resp -MMD -MT dependencies -MF /Users/aadityasingh/Library/Developer/Xcode/DerivedData/Chatlio-erkyzdeecsohoaggpwbjdvavzqfv/Build/Intermediates.noindex/PostHog.build/Debug-iphonesimulator/phlibwebp.build/Objects-normal/arm64/frame_enc.d --serialize-diagnostics /Users/aadityasingh/Library/Developer/Xcode/DerivedData/Chatlio-erkyzdeecsohoaggpwbjdvavzqfv/Build/Intermediates.noindex/PostHog.build/Debug-iphonesimulator/phlibwebp.build/Objects-normal/arm64/frame_enc.dia -c /Users/aadityasingh/Library/Developer/Xcode/DerivedData/Chatlio-erkyzdeecsohoaggpwbjdvavzqfv/SourcePackages/checkouts/posthog-ios/vendor/libwebp/frame_enc.c -o /Users/aadityasingh/Library/Developer/Xcode/DerivedData/Chatlio-erkyzdeecsohoaggpwbjdvavzqfv/Build/Intermediates.noindex/PostHog.build/Debug-iphonesimulator/phlibwebp.build/Objects-normal/arm64/frame_enc.o -index-unit-output-path /PostHog.build/Debug-iphonesimulator/phlibwebp.build/Objects-normal/arm64/frame_enc.o

ScanDependencies /Users/aadityasingh/Library/Developer/Xcode/DerivedData/Chatlio-erkyzdeecsohoaggpwbjdvavzqfv/Build/Intermediates.noindex/PostHog.build/Debug-iphonesimulator/phlibwebp.build/Objects-normal/arm64/filters_utils.o /Users/aadityasingh/Library/Developer/Xcode/DerivedData/Chatlio-erkyzdeecsohoaggpwbjdvavzqfv/SourcePackages/checkouts/posthog-ios/vendor/libwebp/filters_utils.c normal arm64 c com.apple.compilers.llvm.clang.1_0.compiler (in target 'phlibwebp' from project 'PostHog')
    cd /Users/aadityasingh/Documents/Development/element-x-ios/Chatlio.xcodeproj
    
    Using response file: /Users/aadityasingh/Library/Developer/Xcode/DerivedData/Chatlio-erkyzdeecsohoaggpwbjdvavzqfv/Build/Intermediates.noindex/PostHog.build/Debug-iphonesimulator/phlibwebp.build/Objects-normal/arm64/7187679823f38a2a940e0043cdf9d637-common-args.resp
    
    builtin-ScanDependencies -o /Users/aadityasingh/Library/Developer/Xcode/DerivedData/Chatlio-erkyzdeecsohoaggpwbjdvavzqfv/Build/Intermediates.noindex/PostHog.build/Debug-iphonesimulator/phlibwebp.build/Objects-normal/arm64/filters_utils.o.scan -- /Applications/Xcode.app/Contents/Developer/Toolchains/XcodeDefault.xctoolchain/usr/bin/clang -x c -ivfsstatcache /Users/aadityasingh/Library/Developer/Xcode/DerivedData/SDKStatCaches.noindex/iphonesimulator26.4-23E252-686eebb5dc1d8ecb277353a59184f4aa.sdkstatcache -target arm64-apple-ios13.0-simulator -fmessage-length\=0 -fdiagnostics-show-note-include-stack -fmacro-backtrace-limit\=0 -fno-color-diagnostics -fmodules-prune-interval\=86400 -fmodules-prune-after\=345600 -fbuild-session-file\=/Users/aadityasingh/Library/Developer/Xcode/DerivedData/ModuleCache.noindex/Session.modulevalidation -fmodules-validate-once-per-build-session -Wnon-modular-include-in-framework-module -Werror\=non-modular-include-in-framework-module -Wno-trigraphs -Wno-missing-field-initializers -Wno-missing-prototypes -Wno-return-type -Wno-missing-braces -Wparentheses -Wswitch -Wno-unused-function -Wno-unused-label -Wno-unused-parameter -Wno-unused-variable -Wunused-value -Wno-empty-body -Wno-uninitialized -Wno-unknown-pragmas -w -Wno-shadow -Wno-four-char-constants -Wno-conversion -Wno-constant-conversion -Wno-int-conversion -Wno-bool-conversion -Wno-enum-conversion -Wno-float-conversion -Wno-non-literal-null-conversion -Wno-objc-literal-conversion -Wshorten-64-to-32 -Wpointer-sign -Wno-newline-eof -Wno-implicit-fallthrough -isysroot /Applications/Xcode.app/Contents/Developer/Platforms/iPhoneSimulator.platform/Developer/SDKs/iPhoneSimulator26.4.sdk -fstrict-aliasing -Wdeprecated-declarations -Wno-sign-conversion -Wno-infinite-recursion -Wno-comma -Wno-block-capture-autoreleasing -Wno-strict-prototypes -Wno-semicolon-before-method-body -index-store-path /Users/aadityasingh/Library/Developer/Xcode/DerivedData/Chatlio-erkyzdeecsohoaggpwbjdvavzqfv/Index.noindex/DataStore @/Users/aadityasingh/Library/Developer/Xcode/DerivedData/Chatlio-erkyzdeecsohoaggpwbjdvavzqfv/Build/Intermediates.noindex/PostHog.build/Debug-iphonesimulator/phlibwebp.build/Objects-normal/arm64/7187679823f38a2a940e0043cdf9d637-common-args.resp -MMD -MT dependencies -MF /Users/aadityasingh/Library/Developer/Xcode/DerivedData/Chatlio-erkyzdeecsohoaggpwbjdvavzqfv/Build/Intermediates.noindex/PostHog.build/Debug-iphonesimulator/phlibwebp.build/Objects-normal/arm64/filters_utils.d --serialize-diagnostics /Users/aadityasingh/Library/Developer/Xcode/DerivedData/Chatlio-erkyzdeecsohoaggpwbjdvavzqfv/Build/Intermediates.noindex/PostHog.build/Debug-iphonesimulator/phlibwebp.build/Objects-normal/arm64/filters_utils.dia -c /Users/aadityasingh/Library/Developer/Xcode/DerivedData/Chatlio-erkyzdeecsohoaggpwbjdvavzqfv/SourcePackages/checkouts/posthog-ios/vendor/libwebp/filters_utils.c -o /Users/aadityasingh/Library/Developer/Xcode/DerivedData/Chatlio-erkyzdeecsohoaggpwbjdvavzqfv/Build/Intermediates.noindex/PostHog.build/Debug-iphonesimulator/phlibwebp.build/Objects-normal/arm64/filters_utils.o -index-unit-output-path /PostHog.build/Debug-iphonesimulator/phlibwebp.build/Objects-normal/arm64/filters_utils.o

ScanDependencies /Users/aadityasingh/Library/Developer/Xcode/DerivedData/Chatlio-erkyzdeecsohoaggpwbjdvavzqfv/Build/Intermediates.noindex/PostHog.build/Debug-iphonesimulator/phlibwebp.build/Objects-normal/arm64/filters_sse2.o /Users/aadityasingh/Library/Developer/Xcode/DerivedData/Chatlio-erkyzdeecsohoaggpwbjdvavzqfv/SourcePackages/checkouts/posthog-ios/vendor/libwebp/filters_sse2.c normal arm64 c com.apple.compilers.llvm.clang.1_0.compiler (in target 'phlibwebp' from project 'PostHog')
    cd /Users/aadityasingh/Documents/Development/element-x-ios/Chatlio.xcodeproj
    
    Using response file: /Users/aadityasingh/Library/Developer/Xcode/DerivedData/Chatlio-erkyzdeecsohoaggpwbjdvavzqfv/Build/Intermediates.noindex/PostHog.build/Debug-iphonesimulator/phlibwebp.build/Objects-normal/arm64/7187679823f38a2a940e0043cdf9d637-common-args.resp
    
    builtin-ScanDependencies -o /Users/aadityasingh/Library/Developer/Xcode/DerivedData/Chatlio-erkyzdeecsohoaggpwbjdvavzqfv/Build/Intermediates.noindex/PostHog.build/Debug-iphonesimulator/phlibwebp.build/Objects-normal/arm64/filters_sse2.o.scan -- /Applications/Xcode.app/Contents/Developer/Toolchains/XcodeDefault.xctoolchain/usr/bin/clang -x c -ivfsstatcache /Users/aadityasingh/Library/Developer/Xcode/DerivedData/SDKStatCaches.noindex/iphonesimulator26.4-23E252-686eebb5dc1d8ecb277353a59184f4aa.sdkstatcache -target arm64-apple-ios13.0-simulator -fmessage-length\=0 -fdiagnostics-show-note-include-stack -fmacro-backtrace-limit\=0 -fno-color-diagnostics -fmodules-prune-interval\=86400 -fmodules-prune-after\=345600 -fbuild-session-file\=/Users/aadityasingh/Library/Developer/Xcode/DerivedData/ModuleCache.noindex/Session.modulevalidation -fmodules-validate-once-per-build-session -Wnon-modular-include-in-framework-module -Werror\=non-modular-include-in-framework-module -Wno-trigraphs -Wno-missing-field-initializers -Wno-missing-prototypes -Wno-return-type -Wno-missing-braces -Wparentheses -Wswitch -Wno-unused-function -Wno-unused-label -Wno-unused-parameter -Wno-unused-variable -Wunused-value -Wno-empty-body -Wno-uninitialized -Wno-unknown-pragmas -w -Wno-shadow -Wno-four-char-constants -Wno-conversion -Wno-constant-conversion -Wno-int-conversion -Wno-bool-conversion -Wno-enum-conversion -Wno-float-conversion -Wno-non-literal-null-conversion -Wno-objc-literal-conversion -Wshorten-64-to-32 -Wpointer-sign -Wno-newline-eof -Wno-implicit-fallthrough -isysroot /Applications/Xcode.app/Contents/Developer/Platforms/iPhoneSimulator.platform/Developer/SDKs/iPhoneSimulator26.4.sdk -fstrict-aliasing -Wdeprecated-declarations -Wno-sign-conversion -Wno-infinite-recursion -Wno-comma -Wno-block-capture-autoreleasing -Wno-strict-prototypes -Wno-semicolon-before-method-body -index-store-path /Users/aadityasingh/Library/Developer/Xcode/DerivedData/Chatlio-erkyzdeecsohoaggpwbjdvavzqfv/Index.noindex/DataStore @/Users/aadityasingh/Library/Developer/Xcode/DerivedData/Chatlio-erkyzdeecsohoaggpwbjdvavzqfv/Build/Intermediates.noindex/PostHog.build/Debug-iphonesimulator/phlibwebp.build/Objects-normal/arm64/7187679823f38a2a940e0043cdf9d637-common-args.resp -MMD -MT dependencies -MF /Users/aadityasingh/Library/Developer/Xcode/DerivedData/Chatlio-erkyzdeecsohoaggpwbjdvavzqfv/Build/Intermediates.noindex/PostHog.build/Debug-iphonesimulator/phlibwebp.build/Objects-normal/arm64/filters_sse2.d --serialize-diagnostics /Users/aadityasingh/Library/Developer/Xcode/DerivedData/Chatlio-erkyzdeecsohoaggpwbjdvavzqfv/Build/Intermediates.noindex/PostHog.build/Debug-iphonesimulator/phlibwebp.build/Objects-normal/arm64/filters_sse2.dia -c /Users/aadityasingh/Library/Developer/Xcode/DerivedData/Chatlio-erkyzdeecsohoaggpwbjdvavzqfv/SourcePackages/checkouts/posthog-ios/vendor/libwebp/filters_sse2.c -o /Users/aadityasingh/Library/Developer/Xcode/DerivedData/Chatlio-erkyzdeecsohoaggpwbjdvavzqfv/Build/Intermediates.noindex/PostHog.build/Debug-iphonesimulator/phlibwebp.build/Objects-normal/arm64/filters_sse2.o -index-unit-output-path /PostHog.build/Debug-iphonesimulator/phlibwebp.build/Objects-normal/arm64/filters_sse2.o

ScanDependencies /Users/aadityasingh/Library/Developer/Xcode/DerivedData/Chatlio-erkyzdeecsohoaggpwbjdvavzqfv/Build/Intermediates.noindex/PostHog.build/Debug-iphonesimulator/phlibwebp.build/Objects-normal/arm64/filters_neon.o /Users/aadityasingh/Library/Developer/Xcode/DerivedData/Chatlio-erkyzdeecsohoaggpwbjdvavzqfv/SourcePackages/checkouts/posthog-ios/vendor/libwebp/filters_neon.c normal arm64 c com.apple.compilers.llvm.clang.1_0.compiler (in target 'phlibwebp' from project 'PostHog')
    cd /Users/aadityasingh/Documents/Development/element-x-ios/Chatlio.xcodeproj
    
    Using response file: /Users/aadityasingh/Library/Developer/Xcode/DerivedData/Chatlio-erkyzdeecsohoaggpwbjdvavzqfv/Build/Intermediates.noindex/PostHog.build/Debug-iphonesimulator/phlibwebp.build/Objects-normal/arm64/7187679823f38a2a940e0043cdf9d637-common-args.resp
    
    builtin-ScanDependencies -o /Users/aadityasingh/Library/Developer/Xcode/DerivedData/Chatlio-erkyzdeecsohoaggpwbjdvavzqfv/Build/Intermediates.noindex/PostHog.build/Debug-iphonesimulator/phlibwebp.build/Objects-normal/arm64/filters_neon.o.scan -- /Applications/Xcode.app/Contents/Developer/Toolchains/XcodeDefault.xctoolchain/usr/bin/clang -x c -ivfsstatcache /Users/aadityasingh/Library/Developer/Xcode/DerivedData/SDKStatCaches.noindex/iphonesimulator26.4-23E252-686eebb5dc1d8ecb277353a59184f4aa.sdkstatcache -target arm64-apple-ios13.0-simulator -fmessage-length\=0 -fdiagnostics-show-note-include-stack -fmacro-backtrace-limit\=0 -fno-color-diagnostics -fmodules-prune-interval\=86400 -fmodules-prune-after\=345600 -fbuild-session-file\=/Users/aadityasingh/Library/Developer/Xcode/DerivedData/ModuleCache.noindex/Session.modulevalidation -fmodules-validate-once-per-build-session -Wnon-modular-include-in-framework-module -Werror\=non-modular-include-in-framework-module -Wno-trigraphs -Wno-missing-field-initializers -Wno-missing-prototypes -Wno-return-type -Wno-missing-braces -Wparentheses -Wswitch -Wno-unused-function -Wno-unused-label -Wno-unused-parameter -Wno-unused-variable -Wunused-value -Wno-empty-body -Wno-uninitialized -Wno-unknown-pragmas -w -Wno-shadow -Wno-four-char-constants -Wno-conversion -Wno-constant-conversion -Wno-int-conversion -Wno-bool-conversion -Wno-enum-conversion -Wno-float-conversion -Wno-non-literal-null-conversion -Wno-objc-literal-conversion -Wshorten-64-to-32 -Wpointer-sign -Wno-newline-eof -Wno-implicit-fallthrough -isysroot /Applications/Xcode.app/Contents/Developer/Platforms/iPhoneSimulator.platform/Developer/SDKs/iPhoneSimulator26.4.sdk -fstrict-aliasing -Wdeprecated-declarations -Wno-sign-conversion -Wno-infinite-recursion -Wno-comma -Wno-block-capture-autoreleasing -Wno-strict-prototypes -Wno-semicolon-before-method-body -index-store-path /Users/aadityasingh/Library/Developer/Xcode/DerivedData/Chatlio-erkyzdeecsohoaggpwbjdvavzqfv/Index.noindex/DataStore @/Users/aadityasingh/Library/Developer/Xcode/DerivedData/Chatlio-erkyzdeecsohoaggpwbjdvavzqfv/Build/Intermediates.noindex/PostHog.build/Debug-iphonesimulator/phlibwebp.build/Objects-normal/arm64/7187679823f38a2a940e0043cdf9d637-common-args.resp -MMD -MT dependencies -MF /Users/aadityasingh/Library/Developer/Xcode/DerivedData/Chatlio-erkyzdeecsohoaggpwbjdvavzqfv/Build/Intermediates.noindex/PostHog.build/Debug-iphonesimulator/phlibwebp.build/Objects-normal/arm64/filters_neon.d --serialize-diagnostics /Users/aadityasingh/Library/Developer/Xcode/DerivedData/Chatlio-erkyzdeecsohoaggpwbjdvavzqfv/Build/Intermediates.noindex/PostHog.build/Debug-iphonesimulator/phlibwebp.build/Objects-normal/arm64/filters_neon.dia -c /Users/aadityasingh/Library/Developer/Xcode/DerivedData/Chatlio-erkyzdeecsohoaggpwbjdvavzqfv/SourcePackages/checkouts/posthog-ios/vendor/libwebp/filters_neon.c -o /Users/aadityasingh/Library/Developer/Xcode/DerivedData/Chatlio-erkyzdeecsohoaggpwbjdvavzqfv/Build/Intermediates.noindex/PostHog.build/Debug-iphonesimulator/phlibwebp.build/Objects-normal/arm64/filters_neon.o -index-unit-output-path /PostHog.build/Debug-iphonesimulator/phlibwebp.build/Objects-normal/arm64/filters_neon.o

ScanDependencies /Users/aadityasingh/Library/Developer/Xcode/DerivedData/Chatlio-erkyzdeecsohoaggpwbjdvavzqfv/Build/Intermediates.noindex/PostHog.build/Debug-iphonesimulator/phlibwebp.build/Objects-normal/arm64/filters.o /Users/aadityasingh/Library/Developer/Xcode/DerivedData/Chatlio-erkyzdeecsohoaggpwbjdvavzqfv/SourcePackages/checkouts/posthog-ios/vendor/libwebp/filters.c normal arm64 c com.apple.compilers.llvm.clang.1_0.compiler (in target 'phlibwebp' from project 'PostHog')
    cd /Users/aadityasingh/Documents/Development/element-x-ios/Chatlio.xcodeproj
    
    Using response file: /Users/aadityasingh/Library/Developer/Xcode/DerivedData/Chatlio-erkyzdeecsohoaggpwbjdvavzqfv/Build/Intermediates.noindex/PostHog.build/Debug-iphonesimulator/phlibwebp.build/Objects-normal/arm64/7187679823f38a2a940e0043cdf9d637-common-args.resp
    
    builtin-ScanDependencies -o /Users/aadityasingh/Library/Developer/Xcode/DerivedData/Chatlio-erkyzdeecsohoaggpwbjdvavzqfv/Build/Intermediates.noindex/PostHog.build/Debug-iphonesimulator/phlibwebp.build/Objects-normal/arm64/filters.o.scan -- /Applications/Xcode.app/Contents/Developer/Toolchains/XcodeDefault.xctoolchain/usr/bin/clang -x c -ivfsstatcache /Users/aadityasingh/Library/Developer/Xcode/DerivedData/SDKStatCaches.noindex/iphonesimulator26.4-23E252-686eebb5dc1d8ecb277353a59184f4aa.sdkstatcache -target arm64-apple-ios13.0-simulator -fmessage-length\=0 -fdiagnostics-show-note-include-stack -fmacro-backtrace-limit\=0 -fno-color-diagnostics -fmodules-prune-interval\=86400 -fmodules-prune-after\=345600 -fbuild-session-file\=/Users/aadityasingh/Library/Developer/Xcode/DerivedData/ModuleCache.noindex/Session.modulevalidation -fmodules-validate-once-per-build-session -Wnon-modular-include-in-framework-module -Werror\=non-modular-include-in-framework-module -Wno-trigraphs -Wno-missing-field-initializers -Wno-missing-prototypes -Wno-return-type -Wno-missing-braces -Wparentheses -Wswitch -Wno-unused-function -Wno-unused-label -Wno-unused-parameter -Wno-unused-variable -Wunused-value -Wno-empty-body -Wno-uninitialized -Wno-unknown-pragmas -w -Wno-shadow -Wno-four-char-constants -Wno-conversion -Wno-constant-conversion -Wno-int-conversion -Wno-bool-conversion -Wno-enum-conversion -Wno-float-conversion -Wno-non-literal-null-conversion -Wno-objc-literal-conversion -Wshorten-64-to-32 -Wpointer-sign -Wno-newline-eof -Wno-implicit-fallthrough -isysroot /Applications/Xcode.app/Contents/Developer/Platforms/iPhoneSimulator.platform/Developer/SDKs/iPhoneSimulator26.4.sdk -fstrict-aliasing -Wdeprecated-declarations -Wno-sign-conversion -Wno-infinite-recursion -Wno-comma -Wno-block-capture-autoreleasing -Wno-strict-prototypes -Wno-semicolon-before-method-body -index-store-path /Users/aadityasingh/Library/Developer/Xcode/DerivedData/Chatlio-erkyzdeecsohoaggpwbjdvavzqfv/Index.noindex/DataStore @/Users/aadityasingh/Library/Developer/Xcode/DerivedData/Chatlio-erkyzdeecsohoaggpwbjdvavzqfv/Build/Intermediates.noindex/PostHog.build/Debug-iphonesimulator/phlibwebp.build/Objects-normal/arm64/7187679823f38a2a940e0043cdf9d637-common-args.resp -MMD -MT dependencies -MF /Users/aadityasingh/Library/Developer/Xcode/DerivedData/Chatlio-erkyzdeecsohoaggpwbjdvavzqfv/Build/Intermediates.noindex/PostHog.build/Debug-iphonesimulator/phlibwebp.build/Objects-normal/arm64/filters.d --serialize-diagnostics /Users/aadityasingh/Library/Developer/Xcode/DerivedData/Chatlio-erkyzdeecsohoaggpwbjdvavzqfv/Build/Intermediates.noindex/PostHog.build/Debug-iphonesimulator/phlibwebp.build/Objects-normal/arm64/filters.dia -c /Users/aadityasingh/Library/Developer/Xcode/DerivedData/Chatlio-erkyzdeecsohoaggpwbjdvavzqfv/SourcePackages/checkouts/posthog-ios/vendor/libwebp/filters.c -o /Users/aadityasingh/Library/Developer/Xcode/DerivedData/Chatlio-erkyzdeecsohoaggpwbjdvavzqfv/Build/Intermediates.noindex/PostHog.build/Debug-iphonesimulator/phlibwebp.build/Objects-normal/arm64/filters.o -index-unit-output-path /PostHog.build/Debug-iphonesimulator/phlibwebp.build/Objects-normal/arm64/filters.o

ScanDependencies /Users/aadityasingh/Library/Developer/Xcode/DerivedData/Chatlio-erkyzdeecsohoaggpwbjdvavzqfv/Build/Intermediates.noindex/PostHog.build/Debug-iphonesimulator/phlibwebp.build/Objects-normal/arm64/filter_enc.o /Users/aadityasingh/Library/Developer/Xcode/DerivedData/Chatlio-erkyzdeecsohoaggpwbjdvavzqfv/SourcePackages/checkouts/posthog-ios/vendor/libwebp/filter_enc.c normal arm64 c com.apple.compilers.llvm.clang.1_0.compiler (in target 'phlibwebp' from project 'PostHog')
    cd /Users/aadityasingh/Documents/Development/element-x-ios/Chatlio.xcodeproj
    
    Using response file: /Users/aadityasingh/Library/Developer/Xcode/DerivedData/Chatlio-erkyzdeecsohoaggpwbjdvavzqfv/Build/Intermediates.noindex/PostHog.build/Debug-iphonesimulator/phlibwebp.build/Objects-normal/arm64/7187679823f38a2a940e0043cdf9d637-common-args.resp
    
    builtin-ScanDependencies -o /Users/aadityasingh/Library/Developer/Xcode/DerivedData/Chatlio-erkyzdeecsohoaggpwbjdvavzqfv/Build/Intermediates.noindex/PostHog.build/Debug-iphonesimulator/phlibwebp.build/Objects-normal/arm64/filter_enc.o.scan -- /Applications/Xcode.app/Contents/Developer/Toolchains/XcodeDefault.xctoolchain/usr/bin/clang -x c -ivfsstatcache /Users/aadityasingh/Library/Developer/Xcode/DerivedData/SDKStatCaches.noindex/iphonesimulator26.4-23E252-686eebb5dc1d8ecb277353a59184f4aa.sdkstatcache -target arm64-apple-ios13.0-simulator -fmessage-length\=0 -fdiagnostics-show-note-include-stack -fmacro-backtrace-limit\=0 -fno-color-diagnostics -fmodules-prune-interval\=86400 -fmodules-prune-after\=345600 -fbuild-session-file\=/Users/aadityasingh/Library/Developer/Xcode/DerivedData/ModuleCache.noindex/Session.modulevalidation -fmodules-validate-once-per-build-session -Wnon-modular-include-in-framework-module -Werror\=non-modular-include-in-framework-module -Wno-trigraphs -Wno-missing-field-initializers -Wno-missing-prototypes -Wno-return-type -Wno-missing-braces -Wparentheses -Wswitch -Wno-unused-function -Wno-unused-label -Wno-unused-parameter -Wno-unused-variable -Wunused-value -Wno-empty-body -Wno-uninitialized -Wno-unknown-pragmas -w -Wno-shadow -Wno-four-char-constants -Wno-conversion -Wno-constant-conversion -Wno-int-conversion -Wno-bool-conversion -Wno-enum-conversion -Wno-float-conversion -Wno-non-literal-null-conversion -Wno-objc-literal-conversion -Wshorten-64-to-32 -Wpointer-sign -Wno-newline-eof -Wno-implicit-fallthrough -isysroot /Applications/Xcode.app/Contents/Developer/Platforms/iPhoneSimulator.platform/Developer/SDKs/iPhoneSimulator26.4.sdk -fstrict-aliasing -Wdeprecated-declarations -Wno-sign-conversion -Wno-infinite-recursion -Wno-comma -Wno-block-capture-autoreleasing -Wno-strict-prototypes -Wno-semicolon-before-method-body -index-store-path /Users/aadityasingh/Library/Developer/Xcode/DerivedData/Chatlio-erkyzdeecsohoaggpwbjdvavzqfv/Index.noindex/DataStore @/Users/aadityasingh/Library/Developer/Xcode/DerivedData/Chatlio-erkyzdeecsohoaggpwbjdvavzqfv/Build/Intermediates.noindex/PostHog.build/Debug-iphonesimulator/phlibwebp.build/Objects-normal/arm64/7187679823f38a2a940e0043cdf9d637-common-args.resp -MMD -MT dependencies -MF /Users/aadityasingh/Library/Developer/Xcode/DerivedData/Chatlio-erkyzdeecsohoaggpwbjdvavzqfv/Build/Intermediates.noindex/PostHog.build/Debug-iphonesimulator/phlibwebp.build/Objects-normal/arm64/filter_enc.d --serialize-diagnostics /Users/aadityasingh/Library/Developer/Xcode/DerivedData/Chatlio-erkyzdeecsohoaggpwbjdvavzqfv/Build/Intermediates.noindex/PostHog.build/Debug-iphonesimulator/phlibwebp.build/Objects-normal/arm64/filter_enc.dia -c /Users/aadityasingh/Library/Developer/Xcode/DerivedData/Chatlio-erkyzdeecsohoaggpwbjdvavzqfv/SourcePackages/checkouts/posthog-ios/vendor/libwebp/filter_enc.c -o /Users/aadityasingh/Library/Developer/Xcode/DerivedData/Chatlio-erkyzdeecsohoaggpwbjdvavzqfv/Build/Intermediates.noindex/PostHog.build/Debug-iphonesimulator/phlibwebp.build/Objects-normal/arm64/filter_enc.o -index-unit-output-path /PostHog.build/Debug-iphonesimulator/phlibwebp.build/Objects-normal/arm64/filter_enc.o

ScanDependencies /Users/aadityasingh/Library/Developer/Xcode/DerivedData/Chatlio-erkyzdeecsohoaggpwbjdvavzqfv/Build/Intermediates.noindex/PostHog.build/Debug-iphonesimulator/phlibwebp.build/Objects-normal/arm64/enc_sse41.o /Users/aadityasingh/Library/Developer/Xcode/DerivedData/Chatlio-erkyzdeecsohoaggpwbjdvavzqfv/SourcePackages/checkouts/posthog-ios/vendor/libwebp/enc_sse41.c normal arm64 c com.apple.compilers.llvm.clang.1_0.compiler (in target 'phlibwebp' from project 'PostHog')
    cd /Users/aadityasingh/Documents/Development/element-x-ios/Chatlio.xcodeproj
    
    Using response file: /Users/aadityasingh/Library/Developer/Xcode/DerivedData/Chatlio-erkyzdeecsohoaggpwbjdvavzqfv/Build/Intermediates.noindex/PostHog.build/Debug-iphonesimulator/phlibwebp.build/Objects-normal/arm64/7187679823f38a2a940e0043cdf9d637-common-args.resp
    
    builtin-ScanDependencies -o /Users/aadityasingh/Library/Developer/Xcode/DerivedData/Chatlio-erkyzdeecsohoaggpwbjdvavzqfv/Build/Intermediates.noindex/PostHog.build/Debug-iphonesimulator/phlibwebp.build/Objects-normal/arm64/enc_sse41.o.scan -- /Applications/Xcode.app/Contents/Developer/Toolchains/XcodeDefault.xctoolchain/usr/bin/clang -x c -ivfsstatcache /Users/aadityasingh/Library/Developer/Xcode/DerivedData/SDKStatCaches.noindex/iphonesimulator26.4-23E252-686eebb5dc1d8ecb277353a59184f4aa.sdkstatcache -target arm64-apple-ios13.0-simulator -fmessage-length\=0 -fdiagnostics-show-note-include-stack -fmacro-backtrace-limit\=0 -fno-color-diagnostics -fmodules-prune-interval\=86400 -fmodules-prune-after\=345600 -fbuild-session-file\=/Users/aadityasingh/Library/Developer/Xcode/DerivedData/ModuleCache.noindex/Session.modulevalidation -fmodules-validate-once-per-build-session -Wnon-modular-include-in-framework-module -Werror\=non-modular-include-in-framework-module -Wno-trigraphs -Wno-missing-field-initializers -Wno-missing-prototypes -Wno-return-type -Wno-missing-braces -Wparentheses -Wswitch -Wno-unused-function -Wno-unused-label -Wno-unused-parameter -Wno-unused-variable -Wunused-value -Wno-empty-body -Wno-uninitialized -Wno-unknown-pragmas -w -Wno-shadow -Wno-four-char-constants -Wno-conversion -Wno-constant-conversion -Wno-int-conversion -Wno-bool-conversion -Wno-enum-conversion -Wno-float-conversion -Wno-non-literal-null-conversion -Wno-objc-literal-conversion -Wshorten-64-to-32 -Wpointer-sign -Wno-newline-eof -Wno-implicit-fallthrough -isysroot /Applications/Xcode.app/Contents/Developer/Platforms/iPhoneSimulator.platform/Developer/SDKs/iPhoneSimulator26.4.sdk -fstrict-aliasing -Wdeprecated-declarations -Wno-sign-conversion -Wno-infinite-recursion -Wno-comma -Wno-block-capture-autoreleasing -Wno-strict-prototypes -Wno-semicolon-before-method-body -index-store-path /Users/aadityasingh/Library/Developer/Xcode/DerivedData/Chatlio-erkyzdeecsohoaggpwbjdvavzqfv/Index.noindex/DataStore @/Users/aadityasingh/Library/Developer/Xcode/DerivedData/Chatlio-erkyzdeecsohoaggpwbjdvavzqfv/Build/Intermediates.noindex/PostHog.build/Debug-iphonesimulator/phlibwebp.build/Objects-normal/arm64/7187679823f38a2a940e0043cdf9d637-common-args.resp -MMD -MT dependencies -MF /Users/aadityasingh/Library/Developer/Xcode/DerivedData/Chatlio-erkyzdeecsohoaggpwbjdvavzqfv/Build/Intermediates.noindex/PostHog.build/Debug-iphonesimulator/phlibwebp.build/Objects-normal/arm64/enc_sse41.d --serialize-diagnostics /Users/aadityasingh/Library/Developer/Xcode/DerivedData/Chatlio-erkyzdeecsohoaggpwbjdvavzqfv/Build/Intermediates.noindex/PostHog.build/Debug-iphonesimulator/phlibwebp.build/Objects-normal/arm64/enc_sse41.dia -c /Users/aadityasingh/Library/Developer/Xcode/DerivedData/Chatlio-erkyzdeecsohoaggpwbjdvavzqfv/SourcePackages/checkouts/posthog-ios/vendor/libwebp/enc_sse41.c -o /Users/aadityasingh/Library/Developer/Xcode/DerivedData/Chatlio-erkyzdeecsohoaggpwbjdvavzqfv/Build/Intermediates.noindex/PostHog.build/Debug-iphonesimulator/phlibwebp.build/Objects-normal/arm64/enc_sse41.o -index-unit-output-path /PostHog.build/Debug-iphonesimulator/phlibwebp.build/Objects-normal/arm64/enc_sse41.o

ScanDependencies /Users/aadityasingh/Library/Developer/Xcode/DerivedData/Chatlio-erkyzdeecsohoaggpwbjdvavzqfv/Build/Intermediates.noindex/PostHog.build/Debug-iphonesimulator/phlibwebp.build/Objects-normal/arm64/enc_sse2.o /Users/aadityasingh/Library/Developer/Xcode/DerivedData/Chatlio-erkyzdeecsohoaggpwbjdvavzqfv/SourcePackages/checkouts/posthog-ios/vendor/libwebp/enc_sse2.c normal arm64 c com.apple.compilers.llvm.clang.1_0.compiler (in target 'phlibwebp' from project 'PostHog')
    cd /Users/aadityasingh/Documents/Development/element-x-ios/Chatlio.xcodeproj
    
    Using response file: /Users/aadityasingh/Library/Developer/Xcode/DerivedData/Chatlio-erkyzdeecsohoaggpwbjdvavzqfv/Build/Intermediates.noindex/PostHog.build/Debug-iphonesimulator/phlibwebp.build/Objects-normal/arm64/7187679823f38a2a940e0043cdf9d637-common-args.resp
    
    builtin-ScanDependencies -o /Users/aadityasingh/Library/Developer/Xcode/DerivedData/Chatlio-erkyzdeecsohoaggpwbjdvavzqfv/Build/Intermediates.noindex/PostHog.build/Debug-iphonesimulator/phlibwebp.build/Objects-normal/arm64/enc_sse2.o.scan -- /Applications/Xcode.app/Contents/Developer/Toolchains/XcodeDefault.xctoolchain/usr/bin/clang -x c -ivfsstatcache /Users/aadityasingh/Library/Developer/Xcode/DerivedData/SDKStatCaches.noindex/iphonesimulator26.4-23E252-686eebb5dc1d8ecb277353a59184f4aa.sdkstatcache -target arm64-apple-ios13.0-simulator -fmessage-length\=0 -fdiagnostics-show-note-include-stack -fmacro-backtrace-limit\=0 -fno-color-diagnostics -fmodules-prune-interval\=86400 -fmodules-prune-after\=345600 -fbuild-session-file\=/Users/aadityasingh/Library/Developer/Xcode/DerivedData/ModuleCache.noindex/Session.modulevalidation -fmodules-validate-once-per-build-session -Wnon-modular-include-in-framework-module -Werror\=non-modular-include-in-framework-module -Wno-trigraphs -Wno-missing-field-initializers -Wno-missing-prototypes -Wno-return-type -Wno-missing-braces -Wparentheses -Wswitch -Wno-unused-function -Wno-unused-label -Wno-unused-parameter -Wno-unused-variable -Wunused-value -Wno-empty-body -Wno-uninitialized -Wno-unknown-pragmas -w -Wno-shadow -Wno-four-char-constants -Wno-conversion -Wno-constant-conversion -Wno-int-conversion -Wno-bool-conversion -Wno-enum-conversion -Wno-float-conversion -Wno-non-literal-null-conversion -Wno-objc-literal-conversion -Wshorten-64-to-32 -Wpointer-sign -Wno-newline-eof -Wno-implicit-fallthrough -isysroot /Applications/Xcode.app/Contents/Developer/Platforms/iPhoneSimulator.platform/Developer/SDKs/iPhoneSimulator26.4.sdk -fstrict-aliasing -Wdeprecated-declarations -Wno-sign-conversion -Wno-infinite-recursion -Wno-comma -Wno-block-capture-autoreleasing -Wno-strict-prototypes -Wno-semicolon-before-method-body -index-store-path /Users/aadityasingh/Library/Developer/Xcode/DerivedData/Chatlio-erkyzdeecsohoaggpwbjdvavzqfv/Index.noindex/DataStore @/Users/aadityasingh/Library/Developer/Xcode/DerivedData/Chatlio-erkyzdeecsohoaggpwbjdvavzqfv/Build/Intermediates.noindex/PostHog.build/Debug-iphonesimulator/phlibwebp.build/Objects-normal/arm64/7187679823f38a2a940e0043cdf9d637-common-args.resp -MMD -MT dependencies -MF /Users/aadityasingh/Library/Developer/Xcode/DerivedData/Chatlio-erkyzdeecsohoaggpwbjdvavzqfv/Build/Intermediates.noindex/PostHog.build/Debug-iphonesimulator/phlibwebp.build/Objects-normal/arm64/enc_sse2.d --serialize-diagnostics /Users/aadityasingh/Library/Developer/Xcode/DerivedData/Chatlio-erkyzdeecsohoaggpwbjdvavzqfv/Build/Intermediates.noindex/PostHog.build/Debug-iphonesimulator/phlibwebp.build/Objects-normal/arm64/enc_sse2.dia -c /Users/aadityasingh/Library/Developer/Xcode/DerivedData/Chatlio-erkyzdeecsohoaggpwbjdvavzqfv/SourcePackages/checkouts/posthog-ios/vendor/libwebp/enc_sse2.c -o /Users/aadityasingh/Library/Developer/Xcode/DerivedData/Chatlio-erkyzdeecsohoaggpwbjdvavzqfv/Build/Intermediates.noindex/PostHog.build/Debug-iphonesimulator/phlibwebp.build/Objects-normal/arm64/enc_sse2.o -index-unit-output-path /PostHog.build/Debug-iphonesimulator/phlibwebp.build/Objects-normal/arm64/enc_sse2.o

ScanDependencies /Users/aadityasingh/Library/Developer/Xcode/DerivedData/Chatlio-erkyzdeecsohoaggpwbjdvavzqfv/Build/Intermediates.noindex/PostHog.build/Debug-iphonesimulator/phlibwebp.build/Objects-normal/arm64/enc_neon.o /Users/aadityasingh/Library/Developer/Xcode/DerivedData/Chatlio-erkyzdeecsohoaggpwbjdvavzqfv/SourcePackages/checkouts/posthog-ios/vendor/libwebp/enc_neon.c normal arm64 c com.apple.compilers.llvm.clang.1_0.compiler (in target 'phlibwebp' from project 'PostHog')
    cd /Users/aadityasingh/Documents/Development/element-x-ios/Chatlio.xcodeproj
    
    Using response file: /Users/aadityasingh/Library/Developer/Xcode/DerivedData/Chatlio-erkyzdeecsohoaggpwbjdvavzqfv/Build/Intermediates.noindex/PostHog.build/Debug-iphonesimulator/phlibwebp.build/Objects-normal/arm64/7187679823f38a2a940e0043cdf9d637-common-args.resp
    
    builtin-ScanDependencies -o /Users/aadityasingh/Library/Developer/Xcode/DerivedData/Chatlio-erkyzdeecsohoaggpwbjdvavzqfv/Build/Intermediates.noindex/PostHog.build/Debug-iphonesimulator/phlibwebp.build/Objects-normal/arm64/enc_neon.o.scan -- /Applications/Xcode.app/Contents/Developer/Toolchains/XcodeDefault.xctoolchain/usr/bin/clang -x c -ivfsstatcache /Users/aadityasingh/Library/Developer/Xcode/DerivedData/SDKStatCaches.noindex/iphonesimulator26.4-23E252-686eebb5dc1d8ecb277353a59184f4aa.sdkstatcache -target arm64-apple-ios13.0-simulator -fmessage-length\=0 -fdiagnostics-show-note-include-stack -fmacro-backtrace-limit\=0 -fno-color-diagnostics -fmodules-prune-interval\=86400 -fmodules-prune-after\=345600 -fbuild-session-file\=/Users/aadityasingh/Library/Developer/Xcode/DerivedData/ModuleCache.noindex/Session.modulevalidation -fmodules-validate-once-per-build-session -Wnon-modular-include-in-framework-module -Werror\=non-modular-include-in-framework-module -Wno-trigraphs -Wno-missing-field-initializers -Wno-missing-prototypes -Wno-return-type -Wno-missing-braces -Wparentheses -Wswitch -Wno-unused-function -Wno-unused-label -Wno-unused-parameter -Wno-unused-variable -Wunused-value -Wno-empty-body -Wno-uninitialized -Wno-unknown-pragmas -w -Wno-shadow -Wno-four-char-constants -Wno-conversion -Wno-constant-conversion -Wno-int-conversion -Wno-bool-conversion -Wno-enum-conversion -Wno-float-conversion -Wno-non-literal-null-conversion -Wno-objc-literal-conversion -Wshorten-64-to-32 -Wpointer-sign -Wno-newline-eof -Wno-implicit-fallthrough -isysroot /Applications/Xcode.app/Contents/Developer/Platforms/iPhoneSimulator.platform/Developer/SDKs/iPhoneSimulator26.4.sdk -fstrict-aliasing -Wdeprecated-declarations -Wno-sign-conversion -Wno-infinite-recursion -Wno-comma -Wno-block-capture-autoreleasing -Wno-strict-prototypes -Wno-semicolon-before-method-body -index-store-path /Users/aadityasingh/Library/Developer/Xcode/DerivedData/Chatlio-erkyzdeecsohoaggpwbjdvavzqfv/Index.noindex/DataStore @/Users/aadityasingh/Library/Developer/Xcode/DerivedData/Chatlio-erkyzdeecsohoaggpwbjdvavzqfv/Build/Intermediates.noindex/PostHog.build/Debug-iphonesimulator/phlibwebp.build/Objects-normal/arm64/7187679823f38a2a940e0043cdf9d637-common-args.resp -MMD -MT dependencies -MF /Users/aadityasingh/Library/Developer/Xcode/DerivedData/Chatlio-erkyzdeecsohoaggpwbjdvavzqfv/Build/Intermediates.noindex/PostHog.build/Debug-iphonesimulator/phlibwebp.build/Objects-normal/arm64/enc_neon.d --serialize-diagnostics /Users/aadityasingh/Library/Developer/Xcode/DerivedData/Chatlio-erkyzdeecsohoaggpwbjdvavzqfv/Build/Intermediates.noindex/PostHog.build/Debug-iphonesimulator/phlibwebp.build/Objects-normal/arm64/enc_neon.dia -c /Users/aadityasingh/Library/Developer/Xcode/DerivedData/Chatlio-erkyzdeecsohoaggpwbjdvavzqfv/SourcePackages/checkouts/posthog-ios/vendor/libwebp/enc_neon.c -o /Users/aadityasingh/Library/Developer/Xcode/DerivedData/Chatlio-erkyzdeecsohoaggpwbjdvavzqfv/Build/Intermediates.noindex/PostHog.build/Debug-iphonesimulator/phlibwebp.build/Objects-normal/arm64/enc_neon.o -index-unit-output-path /PostHog.build/Debug-iphonesimulator/phlibwebp.build/Objects-normal/arm64/enc_neon.o

ScanDependencies /Users/aadityasingh/Library/Developer/Xcode/DerivedData/Chatlio-erkyzdeecsohoaggpwbjdvavzqfv/Build/Intermediates.noindex/PostHog.build/Debug-iphonesimulator/phlibwebp.build/Objects-normal/arm64/enc.o /Users/aadityasingh/Library/Developer/Xcode/DerivedData/Chatlio-erkyzdeecsohoaggpwbjdvavzqfv/SourcePackages/checkouts/posthog-ios/vendor/libwebp/enc.c normal arm64 c com.apple.compilers.llvm.clang.1_0.compiler (in target 'phlibwebp' from project 'PostHog')
    cd /Users/aadityasingh/Documents/Development/element-x-ios/Chatlio.xcodeproj
    
    Using response file: /Users/aadityasingh/Library/Developer/Xcode/DerivedData/Chatlio-erkyzdeecsohoaggpwbjdvavzqfv/Build/Intermediates.noindex/PostHog.build/Debug-iphonesimulator/phlibwebp.build/Objects-normal/arm64/7187679823f38a2a940e0043cdf9d637-common-args.resp
    
    builtin-ScanDependencies -o /Users/aadityasingh/Library/Developer/Xcode/DerivedData/Chatlio-erkyzdeecsohoaggpwbjdvavzqfv/Build/Intermediates.noindex/PostHog.build/Debug-iphonesimulator/phlibwebp.build/Objects-normal/arm64/enc.o.scan -- /Applications/Xcode.app/Contents/Developer/Toolchains/XcodeDefault.xctoolchain/usr/bin/clang -x c -ivfsstatcache /Users/aadityasingh/Library/Developer/Xcode/DerivedData/SDKStatCaches.noindex/iphonesimulator26.4-23E252-686eebb5dc1d8ecb277353a59184f4aa.sdkstatcache -target arm64-apple-ios13.0-simulator -fmessage-length\=0 -fdiagnostics-show-note-include-stack -fmacro-backtrace-limit\=0 -fno-color-diagnostics -fmodules-prune-interval\=86400 -fmodules-prune-after\=345600 -fbuild-session-file\=/Users/aadityasingh/Library/Developer/Xcode/DerivedData/ModuleCache.noindex/Session.modulevalidation -fmodules-validate-once-per-build-session -Wnon-modular-include-in-framework-module -Werror\=non-modular-include-in-framework-module -Wno-trigraphs -Wno-missing-field-initializers -Wno-missing-prototypes -Wno-return-type -Wno-missing-braces -Wparentheses -Wswitch -Wno-unused-function -Wno-unused-label -Wno-unused-parameter -Wno-unused-variable -Wunused-value -Wno-empty-body -Wno-uninitialized -Wno-unknown-pragmas -w -Wno-shadow -Wno-four-char-constants -Wno-conversion -Wno-constant-conversion -Wno-int-conversion -Wno-bool-conversion -Wno-enum-conversion -Wno-float-conversion -Wno-non-literal-null-conversion -Wno-objc-literal-conversion -Wshorten-64-to-32 -Wpointer-sign -Wno-newline-eof -Wno-implicit-fallthrough -isysroot /Applications/Xcode.app/Contents/Developer/Platforms/iPhoneSimulator.platform/Developer/SDKs/iPhoneSimulator26.4.sdk -fstrict-aliasing -Wdeprecated-declarations -Wno-sign-conversion -Wno-infinite-recursion -Wno-comma -Wno-block-capture-autoreleasing -Wno-strict-prototypes -Wno-semicolon-before-method-body -index-store-path /Users/aadityasingh/Library/Developer/Xcode/DerivedData/Chatlio-erkyzdeecsohoaggpwbjdvavzqfv/Index.noindex/DataStore @/Users/aadityasingh/Library/Developer/Xcode/DerivedData/Chatlio-erkyzdeecsohoaggpwbjdvavzqfv/Build/Intermediates.noindex/PostHog.build/Debug-iphonesimulator/phlibwebp.build/Objects-normal/arm64/7187679823f38a2a940e0043cdf9d637-common-args.resp -MMD -MT dependencies -MF /Users/aadityasingh/Library/Developer/Xcode/DerivedData/Chatlio-erkyzdeecsohoaggpwbjdvavzqfv/Build/Intermediates.noindex/PostHog.build/Debug-iphonesimulator/phlibwebp.build/Objects-normal/arm64/enc.d --serialize-diagnostics /Users/aadityasingh/Library/Developer/Xcode/DerivedData/Chatlio-erkyzdeecsohoaggpwbjdvavzqfv/Build/Intermediates.noindex/PostHog.build/Debug-iphonesimulator/phlibwebp.build/Objects-normal/arm64/enc.dia -c /Users/aadityasingh/Library/Developer/Xcode/DerivedData/Chatlio-erkyzdeecsohoaggpwbjdvavzqfv/SourcePackages/checkouts/posthog-ios/vendor/libwebp/enc.c -o /Users/aadityasingh/Library/Developer/Xcode/DerivedData/Chatlio-erkyzdeecsohoaggpwbjdvavzqfv/Build/Intermediates.noindex/PostHog.build/Debug-iphonesimulator/phlibwebp.build/Objects-normal/arm64/enc.o -index-unit-output-path /PostHog.build/Debug-iphonesimulator/phlibwebp.build/Objects-normal/arm64/enc.o

ScanDependencies /Users/aadityasingh/Library/Developer/Xcode/DerivedData/Chatlio-erkyzdeecsohoaggpwbjdvavzqfv/Build/Intermediates.noindex/PostHog.build/Debug-iphonesimulator/phlibwebp.build/Objects-normal/arm64/dec_sse41.o /Users/aadityasingh/Library/Developer/Xcode/DerivedData/Chatlio-erkyzdeecsohoaggpwbjdvavzqfv/SourcePackages/checkouts/posthog-ios/vendor/libwebp/dec_sse41.c normal arm64 c com.apple.compilers.llvm.clang.1_0.compiler (in target 'phlibwebp' from project 'PostHog')
    cd /Users/aadityasingh/Documents/Development/element-x-ios/Chatlio.xcodeproj
    
    Using response file: /Users/aadityasingh/Library/Developer/Xcode/DerivedData/Chatlio-erkyzdeecsohoaggpwbjdvavzqfv/Build/Intermediates.noindex/PostHog.build/Debug-iphonesimulator/phlibwebp.build/Objects-normal/arm64/7187679823f38a2a940e0043cdf9d637-common-args.resp
    
    builtin-ScanDependencies -o /Users/aadityasingh/Library/Developer/Xcode/DerivedData/Chatlio-erkyzdeecsohoaggpwbjdvavzqfv/Build/Intermediates.noindex/PostHog.build/Debug-iphonesimulator/phlibwebp.build/Objects-normal/arm64/dec_sse41.o.scan -- /Applications/Xcode.app/Contents/Developer/Toolchains/XcodeDefault.xctoolchain/usr/bin/clang -x c -ivfsstatcache /Users/aadityasingh/Library/Developer/Xcode/DerivedData/SDKStatCaches.noindex/iphonesimulator26.4-23E252-686eebb5dc1d8ecb277353a59184f4aa.sdkstatcache -target arm64-apple-ios13.0-simulator -fmessage-length\=0 -fdiagnostics-show-note-include-stack -fmacro-backtrace-limit\=0 -fno-color-diagnostics -fmodules-prune-interval\=86400 -fmodules-prune-after\=345600 -fbuild-session-file\=/Users/aadityasingh/Library/Developer/Xcode/DerivedData/ModuleCache.noindex/Session.modulevalidation -fmodules-validate-once-per-build-session -Wnon-modular-include-in-framework-module -Werror\=non-modular-include-in-framework-module -Wno-trigraphs -Wno-missing-field-initializers -Wno-missing-prototypes -Wno-return-type -Wno-missing-braces -Wparentheses -Wswitch -Wno-unused-function -Wno-unused-label -Wno-unused-parameter -Wno-unused-variable -Wunused-value -Wno-empty-body -Wno-uninitialized -Wno-unknown-pragmas -w -Wno-shadow -Wno-four-char-constants -Wno-conversion -Wno-constant-conversion -Wno-int-conversion -Wno-bool-conversion -Wno-enum-conversion -Wno-float-conversion -Wno-non-literal-null-conversion -Wno-objc-literal-conversion -Wshorten-64-to-32 -Wpointer-sign -Wno-newline-eof -Wno-implicit-fallthrough -isysroot /Applications/Xcode.app/Contents/Developer/Platforms/iPhoneSimulator.platform/Developer/SDKs/iPhoneSimulator26.4.sdk -fstrict-aliasing -Wdeprecated-declarations -Wno-sign-conversion -Wno-infinite-recursion -Wno-comma -Wno-block-capture-autoreleasing -Wno-strict-prototypes -Wno-semicolon-before-method-body -index-store-path /Users/aadityasingh/Library/Developer/Xcode/DerivedData/Chatlio-erkyzdeecsohoaggpwbjdvavzqfv/Index.noindex/DataStore @/Users/aadityasingh/Library/Developer/Xcode/DerivedData/Chatlio-erkyzdeecsohoaggpwbjdvavzqfv/Build/Intermediates.noindex/PostHog.build/Debug-iphonesimulator/phlibwebp.build/Objects-normal/arm64/7187679823f38a2a940e0043cdf9d637-common-args.resp -MMD -MT dependencies -MF /Users/aadityasingh/Library/Developer/Xcode/DerivedData/Chatlio-erkyzdeecsohoaggpwbjdvavzqfv/Build/Intermediates.noindex/PostHog.build/Debug-iphonesimulator/phlibwebp.build/Objects-normal/arm64/dec_sse41.d --serialize-diagnostics /Users/aadityasingh/Library/Developer/Xcode/DerivedData/Chatlio-erkyzdeecsohoaggpwbjdvavzqfv/Build/Intermediates.noindex/PostHog.build/Debug-iphonesimulator/phlibwebp.build/Objects-normal/arm64/dec_sse41.dia -c /Users/aadityasingh/Library/Developer/Xcode/DerivedData/Chatlio-erkyzdeecsohoaggpwbjdvavzqfv/SourcePackages/checkouts/posthog-ios/vendor/libwebp/dec_sse41.c -o /Users/aadityasingh/Library/Developer/Xcode/DerivedData/Chatlio-erkyzdeecsohoaggpwbjdvavzqfv/Build/Intermediates.noindex/PostHog.build/Debug-iphonesimulator/phlibwebp.build/Objects-normal/arm64/dec_sse41.o -index-unit-output-path /PostHog.build/Debug-iphonesimulator/phlibwebp.build/Objects-normal/arm64/dec_sse41.o

ScanDependencies /Users/aadityasingh/Library/Developer/Xcode/DerivedData/Chatlio-erkyzdeecsohoaggpwbjdvavzqfv/Build/Intermediates.noindex/PostHog.build/Debug-iphonesimulator/phlibwebp.build/Objects-normal/arm64/dec_sse2.o /Users/aadityasingh/Library/Developer/Xcode/DerivedData/Chatlio-erkyzdeecsohoaggpwbjdvavzqfv/SourcePackages/checkouts/posthog-ios/vendor/libwebp/dec_sse2.c normal arm64 c com.apple.compilers.llvm.clang.1_0.compiler (in target 'phlibwebp' from project 'PostHog')
    cd /Users/aadityasingh/Documents/Development/element-x-ios/Chatlio.xcodeproj
    
    Using response file: /Users/aadityasingh/Library/Developer/Xcode/DerivedData/Chatlio-erkyzdeecsohoaggpwbjdvavzqfv/Build/Intermediates.noindex/PostHog.build/Debug-iphonesimulator/phlibwebp.build/Objects-normal/arm64/7187679823f38a2a940e0043cdf9d637-common-args.resp
    
    builtin-ScanDependencies -o /Users/aadityasingh/Library/Developer/Xcode/DerivedData/Chatlio-erkyzdeecsohoaggpwbjdvavzqfv/Build/Intermediates.noindex/PostHog.build/Debug-iphonesimulator/phlibwebp.build/Objects-normal/arm64/dec_sse2.o.scan -- /Applications/Xcode.app/Contents/Developer/Toolchains/XcodeDefault.xctoolchain/usr/bin/clang -x c -ivfsstatcache /Users/aadityasingh/Library/Developer/Xcode/DerivedData/SDKStatCaches.noindex/iphonesimulator26.4-23E252-686eebb5dc1d8ecb277353a59184f4aa.sdkstatcache -target arm64-apple-ios13.0-simulator -fmessage-length\=0 -fdiagnostics-show-note-include-stack -fmacro-backtrace-limit\=0 -fno-color-diagnostics -fmodules-prune-interval\=86400 -fmodules-prune-after\=345600 -fbuild-session-file\=/Users/aadityasingh/Library/Developer/Xcode/DerivedData/ModuleCache.noindex/Session.modulevalidation -fmodules-validate-once-per-build-session -Wnon-modular-include-in-framework-module -Werror\=non-modular-include-in-framework-module -Wno-trigraphs -Wno-missing-field-initializers -Wno-missing-prototypes -Wno-return-type -Wno-missing-braces -Wparentheses -Wswitch -Wno-unused-function -Wno-unused-label -Wno-unused-parameter -Wno-unused-variable -Wunused-value -Wno-empty-body -Wno-uninitialized -Wno-unknown-pragmas -w -Wno-shadow -Wno-four-char-constants -Wno-conversion -Wno-constant-conversion -Wno-int-conversion -Wno-bool-conversion -Wno-enum-conversion -Wno-float-conversion -Wno-non-literal-null-conversion -Wno-objc-literal-conversion -Wshorten-64-to-32 -Wpointer-sign -Wno-newline-eof -Wno-implicit-fallthrough -isysroot /Applications/Xcode.app/Contents/Developer/Platforms/iPhoneSimulator.platform/Developer/SDKs/iPhoneSimulator26.4.sdk -fstrict-aliasing -Wdeprecated-declarations -Wno-sign-conversion -Wno-infinite-recursion -Wno-comma -Wno-block-capture-autoreleasing -Wno-strict-prototypes -Wno-semicolon-before-method-body -index-store-path /Users/aadityasingh/Library/Developer/Xcode/DerivedData/Chatlio-erkyzdeecsohoaggpwbjdvavzqfv/Index.noindex/DataStore @/Users/aadityasingh/Library/Developer/Xcode/DerivedData/Chatlio-erkyzdeecsohoaggpwbjdvavzqfv/Build/Intermediates.noindex/PostHog.build/Debug-iphonesimulator/phlibwebp.build/Objects-normal/arm64/7187679823f38a2a940e0043cdf9d637-common-args.resp -MMD -MT dependencies -MF /Users/aadityasingh/Library/Developer/Xcode/DerivedData/Chatlio-erkyzdeecsohoaggpwbjdvavzqfv/Build/Intermediates.noindex/PostHog.build/Debug-iphonesimulator/phlibwebp.build/Objects-normal/arm64/dec_sse2.d --serialize-diagnostics /Users/aadityasingh/Library/Developer/Xcode/DerivedData/Chatlio-erkyzdeecsohoaggpwbjdvavzqfv/Build/Intermediates.noindex/PostHog.build/Debug-iphonesimulator/phlibwebp.build/Objects-normal/arm64/dec_sse2.dia -c /Users/aadityasingh/Library/Developer/Xcode/DerivedData/Chatlio-erkyzdeecsohoaggpwbjdvavzqfv/SourcePackages/checkouts/posthog-ios/vendor/libwebp/dec_sse2.c -o /Users/aadityasingh/Library/Developer/Xcode/DerivedData/Chatlio-erkyzdeecsohoaggpwbjdvavzqfv/Build/Intermediates.noindex/PostHog.build/Debug-iphonesimulator/phlibwebp.build/Objects-normal/arm64/dec_sse2.o -index-unit-output-path /PostHog.build/Debug-iphonesimulator/phlibwebp.build/Objects-normal/arm64/dec_sse2.o

ScanDependencies /Users/aadityasingh/Library/Developer/Xcode/DerivedData/Chatlio-erkyzdeecsohoaggpwbjdvavzqfv/Build/Intermediates.noindex/PostHog.build/Debug-iphonesimulator/phlibwebp.build/Objects-normal/arm64/dec_neon.o /Users/aadityasingh/Library/Developer/Xcode/DerivedData/Chatlio-erkyzdeecsohoaggpwbjdvavzqfv/SourcePackages/checkouts/posthog-ios/vendor/libwebp/dec_neon.c normal arm64 c com.apple.compilers.llvm.clang.1_0.compiler (in target 'phlibwebp' from project 'PostHog')
    cd /Users/aadityasingh/Documents/Development/element-x-ios/Chatlio.xcodeproj
    
    Using response file: /Users/aadityasingh/Library/Developer/Xcode/DerivedData/Chatlio-erkyzdeecsohoaggpwbjdvavzqfv/Build/Intermediates.noindex/PostHog.build/Debug-iphonesimulator/phlibwebp.build/Objects-normal/arm64/7187679823f38a2a940e0043cdf9d637-common-args.resp
    
    builtin-ScanDependencies -o /Users/aadityasingh/Library/Developer/Xcode/DerivedData/Chatlio-erkyzdeecsohoaggpwbjdvavzqfv/Build/Intermediates.noindex/PostHog.build/Debug-iphonesimulator/phlibwebp.build/Objects-normal/arm64/dec_neon.o.scan -- /Applications/Xcode.app/Contents/Developer/Toolchains/XcodeDefault.xctoolchain/usr/bin/clang -x c -ivfsstatcache /Users/aadityasingh/Library/Developer/Xcode/DerivedData/SDKStatCaches.noindex/iphonesimulator26.4-23E252-686eebb5dc1d8ecb277353a59184f4aa.sdkstatcache -target arm64-apple-ios13.0-simulator -fmessage-length\=0 -fdiagnostics-show-note-include-stack -fmacro-backtrace-limit\=0 -fno-color-diagnostics -fmodules-prune-interval\=86400 -fmodules-prune-after\=345600 -fbuild-session-file\=/Users/aadityasingh/Library/Developer/Xcode/DerivedData/ModuleCache.noindex/Session.modulevalidation -fmodules-validate-once-per-build-session -Wnon-modular-include-in-framework-module -Werror\=non-modular-include-in-framework-module -Wno-trigraphs -Wno-missing-field-initializers -Wno-missing-prototypes -Wno-return-type -Wno-missing-braces -Wparentheses -Wswitch -Wno-unused-function -Wno-unused-label -Wno-unused-parameter -Wno-unused-variable -Wunused-value -Wno-empty-body -Wno-uninitialized -Wno-unknown-pragmas -w -Wno-shadow -Wno-four-char-constants -Wno-conversion -Wno-constant-conversion -Wno-int-conversion -Wno-bool-conversion -Wno-enum-conversion -Wno-float-conversion -Wno-non-literal-null-conversion -Wno-objc-literal-conversion -Wshorten-64-to-32 -Wpointer-sign -Wno-newline-eof -Wno-implicit-fallthrough -isysroot /Applications/Xcode.app/Contents/Developer/Platforms/iPhoneSimulator.platform/Developer/SDKs/iPhoneSimulator26.4.sdk -fstrict-aliasing -Wdeprecated-declarations -Wno-sign-conversion -Wno-infinite-recursion -Wno-comma -Wno-block-capture-autoreleasing -Wno-strict-prototypes -Wno-semicolon-before-method-body -index-store-path /Users/aadityasingh/Library/Developer/Xcode/DerivedData/Chatlio-erkyzdeecsohoaggpwbjdvavzqfv/Index.noindex/DataStore @/Users/aadityasingh/Library/Developer/Xcode/DerivedData/Chatlio-erkyzdeecsohoaggpwbjdvavzqfv/Build/Intermediates.noindex/PostHog.build/Debug-iphonesimulator/phlibwebp.build/Objects-normal/arm64/7187679823f38a2a940e0043cdf9d637-common-args.resp -MMD -MT dependencies -MF /Users/aadityasingh/Library/Developer/Xcode/DerivedData/Chatlio-erkyzdeecsohoaggpwbjdvavzqfv/Build/Intermediates.noindex/PostHog.build/Debug-iphonesimulator/phlibwebp.build/Objects-normal/arm64/dec_neon.d --serialize-diagnostics /Users/aadityasingh/Library/Developer/Xcode/DerivedData/Chatlio-erkyzdeecsohoaggpwbjdvavzqfv/Build/Intermediates.noindex/PostHog.build/Debug-iphonesimulator/phlibwebp.build/Objects-normal/arm64/dec_neon.dia -c /Users/aadityasingh/Library/Developer/Xcode/DerivedData/Chatlio-erkyzdeecsohoaggpwbjdvavzqfv/SourcePackages/checkouts/posthog-ios/vendor/libwebp/dec_neon.c -o /Users/aadityasingh/Library/Developer/Xcode/DerivedData/Chatlio-erkyzdeecsohoaggpwbjdvavzqfv/Build/Intermediates.noindex/PostHog.build/Debug-iphonesimulator/phlibwebp.build/Objects-normal/arm64/dec_neon.o -index-unit-output-path /PostHog.build/Debug-iphonesimulator/phlibwebp.build/Objects-normal/arm64/dec_neon.o

ScanDependencies /Users/aadityasingh/Library/Developer/Xcode/DerivedData/Chatlio-erkyzdeecsohoaggpwbjdvavzqfv/Build/Intermediates.noindex/PostHog.build/Debug-iphonesimulator/phlibwebp.build/Objects-normal/arm64/dec_clip_tables.o /Users/aadityasingh/Library/Developer/Xcode/DerivedData/Chatlio-erkyzdeecsohoaggpwbjdvavzqfv/SourcePackages/checkouts/posthog-ios/vendor/libwebp/dec_clip_tables.c normal arm64 c com.apple.compilers.llvm.clang.1_0.compiler (in target 'phlibwebp' from project 'PostHog')
    cd /Users/aadityasingh/Documents/Development/element-x-ios/Chatlio.xcodeproj
    
    Using response file: /Users/aadityasingh/Library/Developer/Xcode/DerivedData/Chatlio-erkyzdeecsohoaggpwbjdvavzqfv/Build/Intermediates.noindex/PostHog.build/Debug-iphonesimulator/phlibwebp.build/Objects-normal/arm64/7187679823f38a2a940e0043cdf9d637-common-args.resp
    
    builtin-ScanDependencies -o /Users/aadityasingh/Library/Developer/Xcode/DerivedData/Chatlio-erkyzdeecsohoaggpwbjdvavzqfv/Build/Intermediates.noindex/PostHog.build/Debug-iphonesimulator/phlibwebp.build/Objects-normal/arm64/dec_clip_tables.o.scan -- /Applications/Xcode.app/Contents/Developer/Toolchains/XcodeDefault.xctoolchain/usr/bin/clang -x c -ivfsstatcache /Users/aadityasingh/Library/Developer/Xcode/DerivedData/SDKStatCaches.noindex/iphonesimulator26.4-23E252-686eebb5dc1d8ecb277353a59184f4aa.sdkstatcache -target arm64-apple-ios13.0-simulator -fmessage-length\=0 -fdiagnostics-show-note-include-stack -fmacro-backtrace-limit\=0 -fno-color-diagnostics -fmodules-prune-interval\=86400 -fmodules-prune-after\=345600 -fbuild-session-file\=/Users/aadityasingh/Library/Developer/Xcode/DerivedData/ModuleCache.noindex/Session.modulevalidation -fmodules-validate-once-per-build-session -Wnon-modular-include-in-framework-module -Werror\=non-modular-include-in-framework-module -Wno-trigraphs -Wno-missing-field-initializers -Wno-missing-prototypes -Wno-return-type -Wno-missing-braces -Wparentheses -Wswitch -Wno-unused-function -Wno-unused-label -Wno-unused-parameter -Wno-unused-variable -Wunused-value -Wno-empty-body -Wno-uninitialized -Wno-unknown-pragmas -w -Wno-shadow -Wno-four-char-constants -Wno-conversion -Wno-constant-conversion -Wno-int-conversion -Wno-bool-conversion -Wno-enum-conversion -Wno-float-conversion -Wno-non-literal-null-conversion -Wno-objc-literal-conversion -Wshorten-64-to-32 -Wpointer-sign -Wno-newline-eof -Wno-implicit-fallthrough -isysroot /Applications/Xcode.app/Contents/Developer/Platforms/iPhoneSimulator.platform/Developer/SDKs/iPhoneSimulator26.4.sdk -fstrict-aliasing -Wdeprecated-declarations -Wno-sign-conversion -Wno-infinite-recursion -Wno-comma -Wno-block-capture-autoreleasing -Wno-strict-prototypes -Wno-semicolon-before-method-body -index-store-path /Users/aadityasingh/Library/Developer/Xcode/DerivedData/Chatlio-erkyzdeecsohoaggpwbjdvavzqfv/Index.noindex/DataStore @/Users/aadityasingh/Library/Developer/Xcode/DerivedData/Chatlio-erkyzdeecsohoaggpwbjdvavzqfv/Build/Intermediates.noindex/PostHog.build/Debug-iphonesimulator/phlibwebp.build/Objects-normal/arm64/7187679823f38a2a940e0043cdf9d637-common-args.resp -MMD -MT dependencies -MF /Users/aadityasingh/Library/Developer/Xcode/DerivedData/Chatlio-erkyzdeecsohoaggpwbjdvavzqfv/Build/Intermediates.noindex/PostHog.build/Debug-iphonesimulator/phlibwebp.build/Objects-normal/arm64/dec_clip_tables.d --serialize-diagnostics /Users/aadityasingh/Library/Developer/Xcode/DerivedData/Chatlio-erkyzdeecsohoaggpwbjdvavzqfv/Build/Intermediates.noindex/PostHog.build/Debug-iphonesimulator/phlibwebp.build/Objects-normal/arm64/dec_clip_tables.dia -c /Users/aadityasingh/Library/Developer/Xcode/DerivedData/Chatlio-erkyzdeecsohoaggpwbjdvavzqfv/SourcePackages/checkouts/posthog-ios/vendor/libwebp/dec_clip_tables.c -o /Users/aadityasingh/Library/Developer/Xcode/DerivedData/Chatlio-erkyzdeecsohoaggpwbjdvavzqfv/Build/Intermediates.noindex/PostHog.build/Debug-iphonesimulator/phlibwebp.build/Objects-normal/arm64/dec_clip_tables.o -index-unit-output-path /PostHog.build/Debug-iphonesimulator/phlibwebp.build/Objects-normal/arm64/dec_clip_tables.o

CompileC /Users/aadityasingh/Library/Developer/Xcode/DerivedData/Chatlio-erkyzdeecsohoaggpwbjdvavzqfv/Build/Intermediates.noindex/PostHog.build/Debug-iphonesimulator/phlibwebp.build/Objects-normal/x86_64/yuv_sse2.o /Users/aadityasingh/Library/Developer/Xcode/DerivedData/Chatlio-erkyzdeecsohoaggpwbjdvavzqfv/SourcePackages/checkouts/posthog-ios/vendor/libwebp/yuv_sse2.c normal x86_64 c com.apple.compilers.llvm.clang.1_0.compiler (in target 'phlibwebp' from project 'PostHog')
    cd /Users/aadityasingh/Documents/Development/element-x-ios/Chatlio.xcodeproj
    
    Using response file: /Users/aadityasingh/Library/Developer/Xcode/DerivedData/Chatlio-erkyzdeecsohoaggpwbjdvavzqfv/Build/Intermediates.noindex/PostHog.build/Debug-iphonesimulator/phlibwebp.build/Objects-normal/x86_64/7187679823f38a2a940e0043cdf9d637-common-args.resp
    
    /Applications/Xcode.app/Contents/Developer/Toolchains/XcodeDefault.xctoolchain/usr/bin/clang -x c -ivfsstatcache /Users/aadityasingh/Library/Developer/Xcode/DerivedData/SDKStatCaches.noindex/iphonesimulator26.4-23E252-686eebb5dc1d8ecb277353a59184f4aa.sdkstatcache -target x86_64-apple-ios13.0-simulator -fmessage-length\=0 -fdiagnostics-show-note-include-stack -fmacro-backtrace-limit\=0 -fno-color-diagnostics -fmodules-prune-interval\=86400 -fmodules-prune-after\=345600 -fbuild-session-file\=/Users/aadityasingh/Library/Developer/Xcode/DerivedData/ModuleCache.noindex/Session.modulevalidation -fmodules-validate-once-per-build-session -Wnon-modular-include-in-framework-module -Werror\=non-modular-include-in-framework-module -Wno-trigraphs -Wno-missing-field-initializers -Wno-missing-prototypes -Wno-return-type -Wno-missing-braces -Wparentheses -Wswitch -Wno-unused-function -Wno-unused-label -Wno-unused-parameter -Wno-unused-variable -Wunused-value -Wno-empty-body -Wno-uninitialized -Wno-unknown-pragmas -w -Wno-shadow -Wno-four-char-constants -Wno-conversion -Wno-constant-conversion -Wno-int-conversion -Wno-bool-conversion -Wno-enum-conversion -Wno-float-conversion -Wno-non-literal-null-conversion -Wno-objc-literal-conversion -Wshorten-64-to-32 -Wpointer-sign -Wno-newline-eof -Wno-implicit-fallthrough -isysroot /Applications/Xcode.app/Contents/Developer/Platforms/iPhoneSimulator.platform/Developer/SDKs/iPhoneSimulator26.4.sdk -fstrict-aliasing -Wdeprecated-declarations -Wno-sign-conversion -Wno-infinite-recursion -Wno-comma -Wno-block-capture-autoreleasing -Wno-strict-prototypes -Wno-semicolon-before-method-body -index-store-path /Users/aadityasingh/Library/Developer/Xcode/DerivedData/Chatlio-erkyzdeecsohoaggpwbjdvavzqfv/Index.noindex/DataStore @/Users/aadityasingh/Library/Developer/Xcode/DerivedData/Chatlio-erkyzdeecsohoaggpwbjdvavzqfv/Build/Intermediates.noindex/PostHog.build/Debug-iphonesimulator/phlibwebp.build/Objects-normal/x86_64/7187679823f38a2a940e0043cdf9d637-common-args.resp -MMD -MT dependencies -MF /Users/aadityasingh/Library/Developer/Xcode/DerivedData/Chatlio-erkyzdeecsohoaggpwbjdvavzqfv/Build/Intermediates.noindex/PostHog.build/Debug-iphonesimulator/phlibwebp.build/Objects-normal/x86_64/yuv_sse2.d --serialize-diagnostics /Users/aadityasingh/Library/Developer/Xcode/DerivedData/Chatlio-erkyzdeecsohoaggpwbjdvavzqfv/Build/Intermediates.noindex/PostHog.build/Debug-iphonesimulator/phlibwebp.build/Objects-normal/x86_64/yuv_sse2.dia -c /Users/aadityasingh/Library/Developer/Xcode/DerivedData/Chatlio-erkyzdeecsohoaggpwbjdvavzqfv/SourcePackages/checkouts/posthog-ios/vendor/libwebp/yuv_sse2.c -o /Users/aadityasingh/Library/Developer/Xcode/DerivedData/Chatlio-erkyzdeecsohoaggpwbjdvavzqfv/Build/Intermediates.noindex/PostHog.build/Debug-iphonesimulator/phlibwebp.build/Objects-normal/x86_64/yuv_sse2.o -index-unit-output-path /PostHog.build/Debug-iphonesimulator/phlibwebp.build/Objects-normal/x86_64/yuv_sse2.o

CompileC /Users/aadityasingh/Library/Developer/Xcode/DerivedData/Chatlio-erkyzdeecsohoaggpwbjdvavzqfv/Build/Intermediates.noindex/PostHog.build/Debug-iphonesimulator/phlibwebp.build/Objects-normal/x86_64/upsampling_sse2.o /Users/aadityasingh/Library/Developer/Xcode/DerivedData/Chatlio-erkyzdeecsohoaggpwbjdvavzqfv/SourcePackages/checkouts/posthog-ios/vendor/libwebp/upsampling_sse2.c normal x86_64 c com.apple.compilers.llvm.clang.1_0.compiler (in target 'phlibwebp' from project 'PostHog')
    cd /Users/aadityasingh/Documents/Development/element-x-ios/Chatlio.xcodeproj
    
    Using response file: /Users/aadityasingh/Library/Developer/Xcode/DerivedData/Chatlio-erkyzdeecsohoaggpwbjdvavzqfv/Build/Intermediates.noindex/PostHog.build/Debug-iphonesimulator/phlibwebp.build/Objects-normal/x86_64/7187679823f38a2a940e0043cdf9d637-common-args.resp
    
    /Applications/Xcode.app/Contents/Developer/Toolchains/XcodeDefault.xctoolchain/usr/bin/clang -x c -ivfsstatcache /Users/aadityasingh/Library/Developer/Xcode/DerivedData/SDKStatCaches.noindex/iphonesimulator26.4-23E252-686eebb5dc1d8ecb277353a59184f4aa.sdkstatcache -target x86_64-apple-ios13.0-simulator -fmessage-length\=0 -fdiagnostics-show-note-include-stack -fmacro-backtrace-limit\=0 -fno-color-diagnostics -fmodules-prune-interval\=86400 -fmodules-prune-after\=345600 -fbuild-session-file\=/Users/aadityasingh/Library/Developer/Xcode/DerivedData/ModuleCache.noindex/Session.modulevalidation -fmodules-validate-once-per-build-session -Wnon-modular-include-in-framework-module -Werror\=non-modular-include-in-framework-module -Wno-trigraphs -Wno-missing-field-initializers -Wno-missing-prototypes -Wno-return-type -Wno-missing-braces -Wparentheses -Wswitch -Wno-unused-function -Wno-unused-label -Wno-unused-parameter -Wno-unused-variable -Wunused-value -Wno-empty-body -Wno-uninitialized -Wno-unknown-pragmas -w -Wno-shadow -Wno-four-char-constants -Wno-conversion -Wno-constant-conversion -Wno-int-conversion -Wno-bool-conversion -Wno-enum-conversion -Wno-float-conversion -Wno-non-literal-null-conversion -Wno-objc-literal-conversion -Wshorten-64-to-32 -Wpointer-sign -Wno-newline-eof -Wno-implicit-fallthrough -isysroot /Applications/Xcode.app/Contents/Developer/Platforms/iPhoneSimulator.platform/Developer/SDKs/iPhoneSimulator26.4.sdk -fstrict-aliasing -Wdeprecated-declarations -Wno-sign-conversion -Wno-infinite-recursion -Wno-comma -Wno-block-capture-autoreleasing -Wno-strict-prototypes -Wno-semicolon-before-method-body -index-store-path /Users/aadityasingh/Library/Developer/Xcode/DerivedData/Chatlio-erkyzdeecsohoaggpwbjdvavzqfv/Index.noindex/DataStore @/Users/aadityasingh/Library/Developer/Xcode/DerivedData/Chatlio-erkyzdeecsohoaggpwbjdvavzqfv/Build/Intermediates.noindex/PostHog.build/Debug-iphonesimulator/phlibwebp.build/Objects-normal/x86_64/7187679823f38a2a940e0043cdf9d637-common-args.resp -MMD -MT dependencies -MF /Users/aadityasingh/Library/Developer/Xcode/DerivedData/Chatlio-erkyzdeecsohoaggpwbjdvavzqfv/Build/Intermediates.noindex/PostHog.build/Debug-iphonesimulator/phlibwebp.build/Objects-normal/x86_64/upsampling_sse2.d --serialize-diagnostics /Users/aadityasingh/Library/Developer/Xcode/DerivedData/Chatlio-erkyzdeecsohoaggpwbjdvavzqfv/Build/Intermediates.noindex/PostHog.build/Debug-iphonesimulator/phlibwebp.build/Objects-normal/x86_64/upsampling_sse2.dia -c /Users/aadityasingh/Library/Developer/Xcode/DerivedData/Chatlio-erkyzdeecsohoaggpwbjdvavzqfv/SourcePackages/checkouts/posthog-ios/vendor/libwebp/upsampling_sse2.c -o /Users/aadityasingh/Library/Developer/Xcode/DerivedData/Chatlio-erkyzdeecsohoaggpwbjdvavzqfv/Build/Intermediates.noindex/PostHog.build/Debug-iphonesimulator/phlibwebp.build/Objects-normal/x86_64/upsampling_sse2.o -index-unit-output-path /PostHog.build/Debug-iphonesimulator/phlibwebp.build/Objects-normal/x86_64/upsampling_sse2.o

CompileC /Users/aadityasingh/Library/Developer/Xcode/DerivedData/Chatlio-erkyzdeecsohoaggpwbjdvavzqfv/Build/Intermediates.noindex/PostHog.build/Debug-iphonesimulator/phlibwebp.build/Objects-normal/x86_64/ssim_sse2.o /Users/aadityasingh/Library/Developer/Xcode/DerivedData/Chatlio-erkyzdeecsohoaggpwbjdvavzqfv/SourcePackages/checkouts/posthog-ios/vendor/libwebp/ssim_sse2.c normal x86_64 c com.apple.compilers.llvm.clang.1_0.compiler (in target 'phlibwebp' from project 'PostHog')
    cd /Users/aadityasingh/Documents/Development/element-x-ios/Chatlio.xcodeproj
    
    Using response file: /Users/aadityasingh/Library/Developer/Xcode/DerivedData/Chatlio-erkyzdeecsohoaggpwbjdvavzqfv/Build/Intermediates.noindex/PostHog.build/Debug-iphonesimulator/phlibwebp.build/Objects-normal/x86_64/7187679823f38a2a940e0043cdf9d637-common-args.resp
    
    /Applications/Xcode.app/Contents/Developer/Toolchains/XcodeDefault.xctoolchain/usr/bin/clang -x c -ivfsstatcache /Users/aadityasingh/Library/Developer/Xcode/DerivedData/SDKStatCaches.noindex/iphonesimulator26.4-23E252-686eebb5dc1d8ecb277353a59184f4aa.sdkstatcache -target x86_64-apple-ios13.0-simulator -fmessage-length\=0 -fdiagnostics-show-note-include-stack -fmacro-backtrace-limit\=0 -fno-color-diagnostics -fmodules-prune-interval\=86400 -fmodules-prune-after\=345600 -fbuild-session-file\=/Users/aadityasingh/Library/Developer/Xcode/DerivedData/ModuleCache.noindex/Session.modulevalidation -fmodules-validate-once-per-build-session -Wnon-modular-include-in-framework-module -Werror\=non-modular-include-in-framework-module -Wno-trigraphs -Wno-missing-field-initializers -Wno-missing-prototypes -Wno-return-type -Wno-missing-braces -Wparentheses -Wswitch -Wno-unused-function -Wno-unused-label -Wno-unused-parameter -Wno-unused-variable -Wunused-value -Wno-empty-body -Wno-uninitialized -Wno-unknown-pragmas -w -Wno-shadow -Wno-four-char-constants -Wno-conversion -Wno-constant-conversion -Wno-int-conversion -Wno-bool-conversion -Wno-enum-conversion -Wno-float-conversion -Wno-non-literal-null-conversion -Wno-objc-literal-conversion -Wshorten-64-to-32 -Wpointer-sign -Wno-newline-eof -Wno-implicit-fallthrough -isysroot /Applications/Xcode.app/Contents/Developer/Platforms/iPhoneSimulator.platform/Developer/SDKs/iPhoneSimulator26.4.sdk -fstrict-aliasing -Wdeprecated-declarations -Wno-sign-conversion -Wno-infinite-recursion -Wno-comma -Wno-block-capture-autoreleasing -Wno-strict-prototypes -Wno-semicolon-before-method-body -index-store-path /Users/aadityasingh/Library/Developer/Xcode/DerivedData/Chatlio-erkyzdeecsohoaggpwbjdvavzqfv/Index.noindex/DataStore @/Users/aadityasingh/Library/Developer/Xcode/DerivedData/Chatlio-erkyzdeecsohoaggpwbjdvavzqfv/Build/Intermediates.noindex/PostHog.build/Debug-iphonesimulator/phlibwebp.build/Objects-normal/x86_64/7187679823f38a2a940e0043cdf9d637-common-args.resp -MMD -MT dependencies -MF /Users/aadityasingh/Library/Developer/Xcode/DerivedData/Chatlio-erkyzdeecsohoaggpwbjdvavzqfv/Build/Intermediates.noindex/PostHog.build/Debug-iphonesimulator/phlibwebp.build/Objects-normal/x86_64/ssim_sse2.d --serialize-diagnostics /Users/aadityasingh/Library/Developer/Xcode/DerivedData/Chatlio-erkyzdeecsohoaggpwbjdvavzqfv/Build/Intermediates.noindex/PostHog.build/Debug-iphonesimulator/phlibwebp.build/Objects-normal/x86_64/ssim_sse2.dia -c /Users/aadityasingh/Library/Developer/Xcode/DerivedData/Chatlio-erkyzdeecsohoaggpwbjdvavzqfv/SourcePackages/checkouts/posthog-ios/vendor/libwebp/ssim_sse2.c -o /Users/aadityasingh/Library/Developer/Xcode/DerivedData/Chatlio-erkyzdeecsohoaggpwbjdvavzqfv/Build/Intermediates.noindex/PostHog.build/Debug-iphonesimulator/phlibwebp.build/Objects-normal/x86_64/ssim_sse2.o -index-unit-output-path /PostHog.build/Debug-iphonesimulator/phlibwebp.build/Objects-normal/x86_64/ssim_sse2.o

CompileC /Users/aadityasingh/Library/Developer/Xcode/DerivedData/Chatlio-erkyzdeecsohoaggpwbjdvavzqfv/Build/Intermediates.noindex/PostHog.build/Debug-iphonesimulator/phlibwebp.build/Objects-normal/x86_64/sharpyuv_sse2.o /Users/aadityasingh/Library/Developer/Xcode/DerivedData/Chatlio-erkyzdeecsohoaggpwbjdvavzqfv/SourcePackages/checkouts/posthog-ios/vendor/libwebp/sharpyuv_sse2.c normal x86_64 c com.apple.compilers.llvm.clang.1_0.compiler (in target 'phlibwebp' from project 'PostHog')
    cd /Users/aadityasingh/Documents/Development/element-x-ios/Chatlio.xcodeproj
    
    Using response file: /Users/aadityasingh/Library/Developer/Xcode/DerivedData/Chatlio-erkyzdeecsohoaggpwbjdvavzqfv/Build/Intermediates.noindex/PostHog.build/Debug-iphonesimulator/phlibwebp.build/Objects-normal/x86_64/7187679823f38a2a940e0043cdf9d637-common-args.resp
    
    /Applications/Xcode.app/Contents/Developer/Toolchains/XcodeDefault.xctoolchain/usr/bin/clang -x c -ivfsstatcache /Users/aadityasingh/Library/Developer/Xcode/DerivedData/SDKStatCaches.noindex/iphonesimulator26.4-23E252-686eebb5dc1d8ecb277353a59184f4aa.sdkstatcache -target x86_64-apple-ios13.0-simulator -fmessage-length\=0 -fdiagnostics-show-note-include-stack -fmacro-backtrace-limit\=0 -fno-color-diagnostics -fmodules-prune-interval\=86400 -fmodules-prune-after\=345600 -fbuild-session-file\=/Users/aadityasingh/Library/Developer/Xcode/DerivedData/ModuleCache.noindex/Session.modulevalidation -fmodules-validate-once-per-build-session -Wnon-modular-include-in-framework-module -Werror\=non-modular-include-in-framework-module -Wno-trigraphs -Wno-missing-field-initializers -Wno-missing-prototypes -Wno-return-type -Wno-missing-braces -Wparentheses -Wswitch -Wno-unused-function -Wno-unused-label -Wno-unused-parameter -Wno-unused-variable -Wunused-value -Wno-empty-body -Wno-uninitialized -Wno-unknown-pragmas -w -Wno-shadow -Wno-four-char-constants -Wno-conversion -Wno-constant-conversion -Wno-int-conversion -Wno-bool-conversion -Wno-enum-conversion -Wno-float-conversion -Wno-non-literal-null-conversion -Wno-objc-literal-conversion -Wshorten-64-to-32 -Wpointer-sign -Wno-newline-eof -Wno-implicit-fallthrough -isysroot /Applications/Xcode.app/Contents/Developer/Platforms/iPhoneSimulator.platform/Developer/SDKs/iPhoneSimulator26.4.sdk -fstrict-aliasing -Wdeprecated-declarations -Wno-sign-conversion -Wno-infinite-recursion -Wno-comma -Wno-block-capture-autoreleasing -Wno-strict-prototypes -Wno-semicolon-before-method-body -index-store-path /Users/aadityasingh/Library/Developer/Xcode/DerivedData/Chatlio-erkyzdeecsohoaggpwbjdvavzqfv/Index.noindex/DataStore @/Users/aadityasingh/Library/Developer/Xcode/DerivedData/Chatlio-erkyzdeecsohoaggpwbjdvavzqfv/Build/Intermediates.noindex/PostHog.build/Debug-iphonesimulator/phlibwebp.build/Objects-normal/x86_64/7187679823f38a2a940e0043cdf9d637-common-args.resp -MMD -MT dependencies -MF /Users/aadityasingh/Library/Developer/Xcode/DerivedData/Chatlio-erkyzdeecsohoaggpwbjdvavzqfv/Build/Intermediates.noindex/PostHog.build/Debug-iphonesimulator/phlibwebp.build/Objects-normal/x86_64/sharpyuv_sse2.d --serialize-diagnostics /Users/aadityasingh/Library/Developer/Xcode/DerivedData/Chatlio-erkyzdeecsohoaggpwbjdvavzqfv/Build/Intermediates.noindex/PostHog.build/Debug-iphonesimulator/phlibwebp.build/Objects-normal/x86_64/sharpyuv_sse2.dia -c /Users/aadityasingh/Library/Developer/Xcode/DerivedData/Chatlio-erkyzdeecsohoaggpwbjdvavzqfv/SourcePackages/checkouts/posthog-ios/vendor/libwebp/sharpyuv_sse2.c -o /Users/aadityasingh/Library/Developer/Xcode/DerivedData/Chatlio-erkyzdeecsohoaggpwbjdvavzqfv/Build/Intermediates.noindex/PostHog.build/Debug-iphonesimulator/phlibwebp.build/Objects-normal/x86_64/sharpyuv_sse2.o -index-unit-output-path /PostHog.build/Debug-iphonesimulator/phlibwebp.build/Objects-normal/x86_64/sharpyuv_sse2.o

CompileC /Users/aadityasingh/Library/Developer/Xcode/DerivedData/Chatlio-erkyzdeecsohoaggpwbjdvavzqfv/Build/Intermediates.noindex/PostHog.build/Debug-iphonesimulator/phlibwebp.build/Objects-normal/x86_64/rescaler_sse2.o /Users/aadityasingh/Library/Developer/Xcode/DerivedData/Chatlio-erkyzdeecsohoaggpwbjdvavzqfv/SourcePackages/checkouts/posthog-ios/vendor/libwebp/rescaler_sse2.c normal x86_64 c com.apple.compilers.llvm.clang.1_0.compiler (in target 'phlibwebp' from project 'PostHog')
    cd /Users/aadityasingh/Documents/Development/element-x-ios/Chatlio.xcodeproj
    
    Using response file: /Users/aadityasingh/Library/Developer/Xcode/DerivedData/Chatlio-erkyzdeecsohoaggpwbjdvavzqfv/Build/Intermediates.noindex/PostHog.build/Debug-iphonesimulator/phlibwebp.build/Objects-normal/x86_64/7187679823f38a2a940e0043cdf9d637-common-args.resp
    
    /Applications/Xcode.app/Contents/Developer/Toolchains/XcodeDefault.xctoolchain/usr/bin/clang -x c -ivfsstatcache /Users/aadityasingh/Library/Developer/Xcode/DerivedData/SDKStatCaches.noindex/iphonesimulator26.4-23E252-686eebb5dc1d8ecb277353a59184f4aa.sdkstatcache -target x86_64-apple-ios13.0-simulator -fmessage-length\=0 -fdiagnostics-show-note-include-stack -fmacro-backtrace-limit\=0 -fno-color-diagnostics -fmodules-prune-interval\=86400 -fmodules-prune-after\=345600 -fbuild-session-file\=/Users/aadityasingh/Library/Developer/Xcode/DerivedData/ModuleCache.noindex/Session.modulevalidation -fmodules-validate-once-per-build-session -Wnon-modular-include-in-framework-module -Werror\=non-modular-include-in-framework-module -Wno-trigraphs -Wno-missing-field-initializers -Wno-missing-prototypes -Wno-return-type -Wno-missing-braces -Wparentheses -Wswitch -Wno-unused-function -Wno-unused-label -Wno-unused-parameter -Wno-unused-variable -Wunused-value -Wno-empty-body -Wno-uninitialized -Wno-unknown-pragmas -w -Wno-shadow -Wno-four-char-constants -Wno-conversion -Wno-constant-conversion -Wno-int-conversion -Wno-bool-conversion -Wno-enum-conversion -Wno-float-conversion -Wno-non-literal-null-conversion -Wno-objc-literal-conversion -Wshorten-64-to-32 -Wpointer-sign -Wno-newline-eof -Wno-implicit-fallthrough -isysroot /Applications/Xcode.app/Contents/Developer/Platforms/iPhoneSimulator.platform/Developer/SDKs/iPhoneSimulator26.4.sdk -fstrict-aliasing -Wdeprecated-declarations -Wno-sign-conversion -Wno-infinite-recursion -Wno-comma -Wno-block-capture-autoreleasing -Wno-strict-prototypes -Wno-semicolon-before-method-body -index-store-path /Users/aadityasingh/Library/Developer/Xcode/DerivedData/Chatlio-erkyzdeecsohoaggpwbjdvavzqfv/Index.noindex/DataStore @/Users/aadityasingh/Library/Developer/Xcode/DerivedData/Chatlio-erkyzdeecsohoaggpwbjdvavzqfv/Build/Intermediates.noindex/PostHog.build/Debug-iphonesimulator/phlibwebp.build/Objects-normal/x86_64/7187679823f38a2a940e0043cdf9d637-common-args.resp -MMD -MT dependencies -MF /Users/aadityasingh/Library/Developer/Xcode/DerivedData/Chatlio-erkyzdeecsohoaggpwbjdvavzqfv/Build/Intermediates.noindex/PostHog.build/Debug-iphonesimulator/phlibwebp.build/Objects-normal/x86_64/rescaler_sse2.d --serialize-diagnostics /Users/aadityasingh/Library/Developer/Xcode/DerivedData/Chatlio-erkyzdeecsohoaggpwbjdvavzqfv/Build/Intermediates.noindex/PostHog.build/Debug-iphonesimulator/phlibwebp.build/Objects-normal/x86_64/rescaler_sse2.dia -c /Users/aadityasingh/Library/Developer/Xcode/DerivedData/Chatlio-erkyzdeecsohoaggpwbjdvavzqfv/SourcePackages/checkouts/posthog-ios/vendor/libwebp/rescaler_sse2.c -o /Users/aadityasingh/Library/Developer/Xcode/DerivedData/Chatlio-erkyzdeecsohoaggpwbjdvavzqfv/Build/Intermediates.noindex/PostHog.build/Debug-iphonesimulator/phlibwebp.build/Objects-normal/x86_64/rescaler_sse2.o -index-unit-output-path /PostHog.build/Debug-iphonesimulator/phlibwebp.build/Objects-normal/x86_64/rescaler_sse2.o

CompileC /Users/aadityasingh/Library/Developer/Xcode/DerivedData/Chatlio-erkyzdeecsohoaggpwbjdvavzqfv/Build/Intermediates.noindex/PostHog.build/Debug-iphonesimulator/phlibwebp.build/Objects-normal/x86_64/lossless_sse2.o /Users/aadityasingh/Library/Developer/Xcode/DerivedData/Chatlio-erkyzdeecsohoaggpwbjdvavzqfv/SourcePackages/checkouts/posthog-ios/vendor/libwebp/lossless_sse2.c normal x86_64 c com.apple.compilers.llvm.clang.1_0.compiler (in target 'phlibwebp' from project 'PostHog')
    cd /Users/aadityasingh/Documents/Development/element-x-ios/Chatlio.xcodeproj
    
    Using response file: /Users/aadityasingh/Library/Developer/Xcode/DerivedData/Chatlio-erkyzdeecsohoaggpwbjdvavzqfv/Build/Intermediates.noindex/PostHog.build/Debug-iphonesimulator/phlibwebp.build/Objects-normal/x86_64/7187679823f38a2a940e0043cdf9d637-common-args.resp
    
    /Applications/Xcode.app/Contents/Developer/Toolchains/XcodeDefault.xctoolchain/usr/bin/clang -x c -ivfsstatcache /Users/aadityasingh/Library/Developer/Xcode/DerivedData/SDKStatCaches.noindex/iphonesimulator26.4-23E252-686eebb5dc1d8ecb277353a59184f4aa.sdkstatcache -target x86_64-apple-ios13.0-simulator -fmessage-length\=0 -fdiagnostics-show-note-include-stack -fmacro-backtrace-limit\=0 -fno-color-diagnostics -fmodules-prune-interval\=86400 -fmodules-prune-after\=345600 -fbuild-session-file\=/Users/aadityasingh/Library/Developer/Xcode/DerivedData/ModuleCache.noindex/Session.modulevalidation -fmodules-validate-once-per-build-session -Wnon-modular-include-in-framework-module -Werror\=non-modular-include-in-framework-module -Wno-trigraphs -Wno-missing-field-initializers -Wno-missing-prototypes -Wno-return-type -Wno-missing-braces -Wparentheses -Wswitch -Wno-unused-function -Wno-unused-label -Wno-unused-parameter -Wno-unused-variable -Wunused-value -Wno-empty-body -Wno-uninitialized -Wno-unknown-pragmas -w -Wno-shadow -Wno-four-char-constants -Wno-conversion -Wno-constant-conversion -Wno-int-conversion -Wno-bool-conversion -Wno-enum-conversion -Wno-float-conversion -Wno-non-literal-null-conversion -Wno-objc-literal-conversion -Wshorten-64-to-32 -Wpointer-sign -Wno-newline-eof -Wno-implicit-fallthrough -isysroot /Applications/Xcode.app/Contents/Developer/Platforms/iPhoneSimulator.platform/Developer/SDKs/iPhoneSimulator26.4.sdk -fstrict-aliasing -Wdeprecated-declarations -Wno-sign-conversion -Wno-infinite-recursion -Wno-comma -Wno-block-capture-autoreleasing -Wno-strict-prototypes -Wno-semicolon-before-method-body -index-store-path /Users/aadityasingh/Library/Developer/Xcode/DerivedData/Chatlio-erkyzdeecsohoaggpwbjdvavzqfv/Index.noindex/DataStore @/Users/aadityasingh/Library/Developer/Xcode/DerivedData/Chatlio-erkyzdeecsohoaggpwbjdvavzqfv/Build/Intermediates.noindex/PostHog.build/Debug-iphonesimulator/phlibwebp.build/Objects-normal/x86_64/7187679823f38a2a940e0043cdf9d637-common-args.resp -MMD -MT dependencies -MF /Users/aadityasingh/Library/Developer/Xcode/DerivedData/Chatlio-erkyzdeecsohoaggpwbjdvavzqfv/Build/Intermediates.noindex/PostHog.build/Debug-iphonesimulator/phlibwebp.build/Objects-normal/x86_64/lossless_sse2.d --serialize-diagnostics /Users/aadityasingh/Library/Developer/Xcode/DerivedData/Chatlio-erkyzdeecsohoaggpwbjdvavzqfv/Build/Intermediates.noindex/PostHog.build/Debug-iphonesimulator/phlibwebp.build/Objects-normal/x86_64/lossless_sse2.dia -c /Users/aadityasingh/Library/Developer/Xcode/DerivedData/Chatlio-erkyzdeecsohoaggpwbjdvavzqfv/SourcePackages/checkouts/posthog-ios/vendor/libwebp/lossless_sse2.c -o /Users/aadityasingh/Library/Developer/Xcode/DerivedData/Chatlio-erkyzdeecsohoaggpwbjdvavzqfv/Build/Intermediates.noindex/PostHog.build/Debug-iphonesimulator/phlibwebp.build/Objects-normal/x86_64/lossless_sse2.o -index-unit-output-path /PostHog.build/Debug-iphonesimulator/phlibwebp.build/Objects-normal/x86_64/lossless_sse2.o

CompileC /Users/aadityasingh/Library/Developer/Xcode/DerivedData/Chatlio-erkyzdeecsohoaggpwbjdvavzqfv/Build/Intermediates.noindex/PostHog.build/Debug-iphonesimulator/phlibwebp.build/Objects-normal/x86_64/lossless_enc_sse2.o /Users/aadityasingh/Library/Developer/Xcode/DerivedData/Chatlio-erkyzdeecsohoaggpwbjdvavzqfv/SourcePackages/checkouts/posthog-ios/vendor/libwebp/lossless_enc_sse2.c normal x86_64 c com.apple.compilers.llvm.clang.1_0.compiler (in target 'phlibwebp' from project 'PostHog')
    cd /Users/aadityasingh/Documents/Development/element-x-ios/Chatlio.xcodeproj
    
    Using response file: /Users/aadityasingh/Library/Developer/Xcode/DerivedData/Chatlio-erkyzdeecsohoaggpwbjdvavzqfv/Build/Intermediates.noindex/PostHog.build/Debug-iphonesimulator/phlibwebp.build/Objects-normal/x86_64/7187679823f38a2a940e0043cdf9d637-common-args.resp
    
    /Applications/Xcode.app/Contents/Developer/Toolchains/XcodeDefault.xctoolchain/usr/bin/clang -x c -ivfsstatcache /Users/aadityasingh/Library/Developer/Xcode/DerivedData/SDKStatCaches.noindex/iphonesimulator26.4-23E252-686eebb5dc1d8ecb277353a59184f4aa.sdkstatcache -target x86_64-apple-ios13.0-simulator -fmessage-length\=0 -fdiagnostics-show-note-include-stack -fmacro-backtrace-limit\=0 -fno-color-diagnostics -fmodules-prune-interval\=86400 -fmodules-prune-after\=345600 -fbuild-session-file\=/Users/aadityasingh/Library/Developer/Xcode/DerivedData/ModuleCache.noindex/Session.modulevalidation -fmodules-validate-once-per-build-session -Wnon-modular-include-in-framework-module -Werror\=non-modular-include-in-framework-module -Wno-trigraphs -Wno-missing-field-initializers -Wno-missing-prototypes -Wno-return-type -Wno-missing-braces -Wparentheses -Wswitch -Wno-unused-function -Wno-unused-label -Wno-unused-parameter -Wno-unused-variable -Wunused-value -Wno-empty-body -Wno-uninitialized -Wno-unknown-pragmas -w -Wno-shadow -Wno-four-char-constants -Wno-conversion -Wno-constant-conversion -Wno-int-conversion -Wno-bool-conversion -Wno-enum-conversion -Wno-float-conversion -Wno-non-literal-null-conversion -Wno-objc-literal-conversion -Wshorten-64-to-32 -Wpointer-sign -Wno-newline-eof -Wno-implicit-fallthrough -isysroot /Applications/Xcode.app/Contents/Developer/Platforms/iPhoneSimulator.platform/Developer/SDKs/iPhoneSimulator26.4.sdk -fstrict-aliasing -Wdeprecated-declarations -Wno-sign-conversion -Wno-infinite-recursion -Wno-comma -Wno-block-capture-autoreleasing -Wno-strict-prototypes -Wno-semicolon-before-method-body -index-store-path /Users/aadityasingh/Library/Developer/Xcode/DerivedData/Chatlio-erkyzdeecsohoaggpwbjdvavzqfv/Index.noindex/DataStore @/Users/aadityasingh/Library/Developer/Xcode/DerivedData/Chatlio-erkyzdeecsohoaggpwbjdvavzqfv/Build/Intermediates.noindex/PostHog.build/Debug-iphonesimulator/phlibwebp.build/Objects-normal/x86_64/7187679823f38a2a940e0043cdf9d637-common-args.resp -MMD -MT dependencies -MF /Users/aadityasingh/Library/Developer/Xcode/DerivedData/Chatlio-erkyzdeecsohoaggpwbjdvavzqfv/Build/Intermediates.noindex/PostHog.build/Debug-iphonesimulator/phlibwebp.build/Objects-normal/x86_64/lossless_enc_sse2.d --serialize-diagnostics /Users/aadityasingh/Library/Developer/Xcode/DerivedData/Chatlio-erkyzdeecsohoaggpwbjdvavzqfv/Build/Intermediates.noindex/PostHog.build/Debug-iphonesimulator/phlibwebp.build/Objects-normal/x86_64/lossless_enc_sse2.dia -c /Users/aadityasingh/Library/Developer/Xcode/DerivedData/Chatlio-erkyzdeecsohoaggpwbjdvavzqfv/SourcePackages/checkouts/posthog-ios/vendor/libwebp/lossless_enc_sse2.c -o /Users/aadityasingh/Library/Developer/Xcode/DerivedData/Chatlio-erkyzdeecsohoaggpwbjdvavzqfv/Build/Intermediates.noindex/PostHog.build/Debug-iphonesimulator/phlibwebp.build/Objects-normal/x86_64/lossless_enc_sse2.o -index-unit-output-path /PostHog.build/Debug-iphonesimulator/phlibwebp.build/Objects-normal/x86_64/lossless_enc_sse2.o

CompileC /Users/aadityasingh/Library/Developer/Xcode/DerivedData/Chatlio-erkyzdeecsohoaggpwbjdvavzqfv/Build/Intermediates.noindex/PostHog.build/Debug-iphonesimulator/phlibwebp.build/Objects-normal/x86_64/filters_sse2.o /Users/aadityasingh/Library/Developer/Xcode/DerivedData/Chatlio-erkyzdeecsohoaggpwbjdvavzqfv/SourcePackages/checkouts/posthog-ios/vendor/libwebp/filters_sse2.c normal x86_64 c com.apple.compilers.llvm.clang.1_0.compiler (in target 'phlibwebp' from project 'PostHog')
    cd /Users/aadityasingh/Documents/Development/element-x-ios/Chatlio.xcodeproj
    
    Using response file: /Users/aadityasingh/Library/Developer/Xcode/DerivedData/Chatlio-erkyzdeecsohoaggpwbjdvavzqfv/Build/Intermediates.noindex/PostHog.build/Debug-iphonesimulator/phlibwebp.build/Objects-normal/x86_64/7187679823f38a2a940e0043cdf9d637-common-args.resp
    
    /Applications/Xcode.app/Contents/Developer/Toolchains/XcodeDefault.xctoolchain/usr/bin/clang -x c -ivfsstatcache /Users/aadityasingh/Library/Developer/Xcode/DerivedData/SDKStatCaches.noindex/iphonesimulator26.4-23E252-686eebb5dc1d8ecb277353a59184f4aa.sdkstatcache -target x86_64-apple-ios13.0-simulator -fmessage-length\=0 -fdiagnostics-show-note-include-stack -fmacro-backtrace-limit\=0 -fno-color-diagnostics -fmodules-prune-interval\=86400 -fmodules-prune-after\=345600 -fbuild-session-file\=/Users/aadityasingh/Library/Developer/Xcode/DerivedData/ModuleCache.noindex/Session.modulevalidation -fmodules-validate-once-per-build-session -Wnon-modular-include-in-framework-module -Werror\=non-modular-include-in-framework-module -Wno-trigraphs -Wno-missing-field-initializers -Wno-missing-prototypes -Wno-return-type -Wno-missing-braces -Wparentheses -Wswitch -Wno-unused-function -Wno-unused-label -Wno-unused-parameter -Wno-unused-variable -Wunused-value -Wno-empty-body -Wno-uninitialized -Wno-unknown-pragmas -w -Wno-shadow -Wno-four-char-constants -Wno-conversion -Wno-constant-conversion -Wno-int-conversion -Wno-bool-conversion -Wno-enum-conversion -Wno-float-conversion -Wno-non-literal-null-conversion -Wno-objc-literal-conversion -Wshorten-64-to-32 -Wpointer-sign -Wno-newline-eof -Wno-implicit-fallthrough -isysroot /Applications/Xcode.app/Contents/Developer/Platforms/iPhoneSimulator.platform/Developer/SDKs/iPhoneSimulator26.4.sdk -fstrict-aliasing -Wdeprecated-declarations -Wno-sign-conversion -Wno-infinite-recursion -Wno-comma -Wno-block-capture-autoreleasing -Wno-strict-prototypes -Wno-semicolon-before-method-body -index-store-path /Users/aadityasingh/Library/Developer/Xcode/DerivedData/Chatlio-erkyzdeecsohoaggpwbjdvavzqfv/Index.noindex/DataStore @/Users/aadityasingh/Library/Developer/Xcode/DerivedData/Chatlio-erkyzdeecsohoaggpwbjdvavzqfv/Build/Intermediates.noindex/PostHog.build/Debug-iphonesimulator/phlibwebp.build/Objects-normal/x86_64/7187679823f38a2a940e0043cdf9d637-common-args.resp -MMD -MT dependencies -MF /Users/aadityasingh/Library/Developer/Xcode/DerivedData/Chatlio-erkyzdeecsohoaggpwbjdvavzqfv/Build/Intermediates.noindex/PostHog.build/Debug-iphonesimulator/phlibwebp.build/Objects-normal/x86_64/filters_sse2.d --serialize-diagnostics /Users/aadityasingh/Library/Developer/Xcode/DerivedData/Chatlio-erkyzdeecsohoaggpwbjdvavzqfv/Build/Intermediates.noindex/PostHog.build/Debug-iphonesimulator/phlibwebp.build/Objects-normal/x86_64/filters_sse2.dia -c /Users/aadityasingh/Library/Developer/Xcode/DerivedData/Chatlio-erkyzdeecsohoaggpwbjdvavzqfv/SourcePackages/checkouts/posthog-ios/vendor/libwebp/filters_sse2.c -o /Users/aadityasingh/Library/Developer/Xcode/DerivedData/Chatlio-erkyzdeecsohoaggpwbjdvavzqfv/Build/Intermediates.noindex/PostHog.build/Debug-iphonesimulator/phlibwebp.build/Objects-normal/x86_64/filters_sse2.o -index-unit-output-path /PostHog.build/Debug-iphonesimulator/phlibwebp.build/Objects-normal/x86_64/filters_sse2.o

CompileC /Users/aadityasingh/Library/Developer/Xcode/DerivedData/Chatlio-erkyzdeecsohoaggpwbjdvavzqfv/Build/Intermediates.noindex/PostHog.build/Debug-iphonesimulator/phlibwebp.build/Objects-normal/x86_64/enc_sse2.o /Users/aadityasingh/Library/Developer/Xcode/DerivedData/Chatlio-erkyzdeecsohoaggpwbjdvavzqfv/SourcePackages/checkouts/posthog-ios/vendor/libwebp/enc_sse2.c normal x86_64 c com.apple.compilers.llvm.clang.1_0.compiler (in target 'phlibwebp' from project 'PostHog')
    cd /Users/aadityasingh/Documents/Development/element-x-ios/Chatlio.xcodeproj
    
    Using response file: /Users/aadityasingh/Library/Developer/Xcode/DerivedData/Chatlio-erkyzdeecsohoaggpwbjdvavzqfv/Build/Intermediates.noindex/PostHog.build/Debug-iphonesimulator/phlibwebp.build/Objects-normal/x86_64/7187679823f38a2a940e0043cdf9d637-common-args.resp
    
    /Applications/Xcode.app/Contents/Developer/Toolchains/XcodeDefault.xctoolchain/usr/bin/clang -x c -ivfsstatcache /Users/aadityasingh/Library/Developer/Xcode/DerivedData/SDKStatCaches.noindex/iphonesimulator26.4-23E252-686eebb5dc1d8ecb277353a59184f4aa.sdkstatcache -target x86_64-apple-ios13.0-simulator -fmessage-length\=0 -fdiagnostics-show-note-include-stack -fmacro-backtrace-limit\=0 -fno-color-diagnostics -fmodules-prune-interval\=86400 -fmodules-prune-after\=345600 -fbuild-session-file\=/Users/aadityasingh/Library/Developer/Xcode/DerivedData/ModuleCache.noindex/Session.modulevalidation -fmodules-validate-once-per-build-session -Wnon-modular-include-in-framework-module -Werror\=non-modular-include-in-framework-module -Wno-trigraphs -Wno-missing-field-initializers -Wno-missing-prototypes -Wno-return-type -Wno-missing-braces -Wparentheses -Wswitch -Wno-unused-function -Wno-unused-label -Wno-unused-parameter -Wno-unused-variable -Wunused-value -Wno-empty-body -Wno-uninitialized -Wno-unknown-pragmas -w -Wno-shadow -Wno-four-char-constants -Wno-conversion -Wno-constant-conversion -Wno-int-conversion -Wno-bool-conversion -Wno-enum-conversion -Wno-float-conversion -Wno-non-literal-null-conversion -Wno-objc-literal-conversion -Wshorten-64-to-32 -Wpointer-sign -Wno-newline-eof -Wno-implicit-fallthrough -isysroot /Applications/Xcode.app/Contents/Developer/Platforms/iPhoneSimulator.platform/Developer/SDKs/iPhoneSimulator26.4.sdk -fstrict-aliasing -Wdeprecated-declarations -Wno-sign-conversion -Wno-infinite-recursion -Wno-comma -Wno-block-capture-autoreleasing -Wno-strict-prototypes -Wno-semicolon-before-method-body -index-store-path /Users/aadityasingh/Library/Developer/Xcode/DerivedData/Chatlio-erkyzdeecsohoaggpwbjdvavzqfv/Index.noindex/DataStore @/Users/aadityasingh/Library/Developer/Xcode/DerivedData/Chatlio-erkyzdeecsohoaggpwbjdvavzqfv/Build/Intermediates.noindex/PostHog.build/Debug-iphonesimulator/phlibwebp.build/Objects-normal/x86_64/7187679823f38a2a940e0043cdf9d637-common-args.resp -MMD -MT dependencies -MF /Users/aadityasingh/Library/Developer/Xcode/DerivedData/Chatlio-erkyzdeecsohoaggpwbjdvavzqfv/Build/Intermediates.noindex/PostHog.build/Debug-iphonesimulator/phlibwebp.build/Objects-normal/x86_64/enc_sse2.d --serialize-diagnostics /Users/aadityasingh/Library/Developer/Xcode/DerivedData/Chatlio-erkyzdeecsohoaggpwbjdvavzqfv/Build/Intermediates.noindex/PostHog.build/Debug-iphonesimulator/phlibwebp.build/Objects-normal/x86_64/enc_sse2.dia -c /Users/aadityasingh/Library/Developer/Xcode/DerivedData/Chatlio-erkyzdeecsohoaggpwbjdvavzqfv/SourcePackages/checkouts/posthog-ios/vendor/libwebp/enc_sse2.c -o /Users/aadityasingh/Library/Developer/Xcode/DerivedData/Chatlio-erkyzdeecsohoaggpwbjdvavzqfv/Build/Intermediates.noindex/PostHog.build/Debug-iphonesimulator/phlibwebp.build/Objects-normal/x86_64/enc_sse2.o -index-unit-output-path /PostHog.build/Debug-iphonesimulator/phlibwebp.build/Objects-normal/x86_64/enc_sse2.o

CompileC /Users/aadityasingh/Library/Developer/Xcode/DerivedData/Chatlio-erkyzdeecsohoaggpwbjdvavzqfv/Build/Intermediates.noindex/PostHog.build/Debug-iphonesimulator/phlibwebp.build/Objects-normal/x86_64/dec_sse2.o /Users/aadityasingh/Library/Developer/Xcode/DerivedData/Chatlio-erkyzdeecsohoaggpwbjdvavzqfv/SourcePackages/checkouts/posthog-ios/vendor/libwebp/dec_sse2.c normal x86_64 c com.apple.compilers.llvm.clang.1_0.compiler (in target 'phlibwebp' from project 'PostHog')
    cd /Users/aadityasingh/Documents/Development/element-x-ios/Chatlio.xcodeproj
    
    Using response file: /Users/aadityasingh/Library/Developer/Xcode/DerivedData/Chatlio-erkyzdeecsohoaggpwbjdvavzqfv/Build/Intermediates.noindex/PostHog.build/Debug-iphonesimulator/phlibwebp.build/Objects-normal/x86_64/7187679823f38a2a940e0043cdf9d637-common-args.resp
    
    /Applications/Xcode.app/Contents/Developer/Toolchains/XcodeDefault.xctoolchain/usr/bin/clang -x c -ivfsstatcache /Users/aadityasingh/Library/Developer/Xcode/DerivedData/SDKStatCaches.noindex/iphonesimulator26.4-23E252-686eebb5dc1d8ecb277353a59184f4aa.sdkstatcache -target x86_64-apple-ios13.0-simulator -fmessage-length\=0 -fdiagnostics-show-note-include-stack -fmacro-backtrace-limit\=0 -fno-color-diagnostics -fmodules-prune-interval\=86400 -fmodules-prune-after\=345600 -fbuild-session-file\=/Users/aadityasingh/Library/Developer/Xcode/DerivedData/ModuleCache.noindex/Session.modulevalidation -fmodules-validate-once-per-build-session -Wnon-modular-include-in-framework-module -Werror\=non-modular-include-in-framework-module -Wno-trigraphs -Wno-missing-field-initializers -Wno-missing-prototypes -Wno-return-type -Wno-missing-braces -Wparentheses -Wswitch -Wno-unused-function -Wno-unused-label -Wno-unused-parameter -Wno-unused-variable -Wunused-value -Wno-empty-body -Wno-uninitialized -Wno-unknown-pragmas -w -Wno-shadow -Wno-four-char-constants -Wno-conversion -Wno-constant-conversion -Wno-int-conversion -Wno-bool-conversion -Wno-enum-conversion -Wno-float-conversion -Wno-non-literal-null-conversion -Wno-objc-literal-conversion -Wshorten-64-to-32 -Wpointer-sign -Wno-newline-eof -Wno-implicit-fallthrough -isysroot /Applications/Xcode.app/Contents/Developer/Platforms/iPhoneSimulator.platform/Developer/SDKs/iPhoneSimulator26.4.sdk -fstrict-aliasing -Wdeprecated-declarations -Wno-sign-conversion -Wno-infinite-recursion -Wno-comma -Wno-block-capture-autoreleasing -Wno-strict-prototypes -Wno-semicolon-before-method-body -index-store-path /Users/aadityasingh/Library/Developer/Xcode/DerivedData/Chatlio-erkyzdeecsohoaggpwbjdvavzqfv/Index.noindex/DataStore @/Users/aadityasingh/Library/Developer/Xcode/DerivedData/Chatlio-erkyzdeecsohoaggpwbjdvavzqfv/Build/Intermediates.noindex/PostHog.build/Debug-iphonesimulator/phlibwebp.build/Objects-normal/x86_64/7187679823f38a2a940e0043cdf9d637-common-args.resp -MMD -MT dependencies -MF /Users/aadityasingh/Library/Developer/Xcode/DerivedData/Chatlio-erkyzdeecsohoaggpwbjdvavzqfv/Build/Intermediates.noindex/PostHog.build/Debug-iphonesimulator/phlibwebp.build/Objects-normal/x86_64/dec_sse2.d --serialize-diagnostics /Users/aadityasingh/Library/Developer/Xcode/DerivedData/Chatlio-erkyzdeecsohoaggpwbjdvavzqfv/Build/Intermediates.noindex/PostHog.build/Debug-iphonesimulator/phlibwebp.build/Objects-normal/x86_64/dec_sse2.dia -c /Users/aadityasingh/Library/Developer/Xcode/DerivedData/Chatlio-erkyzdeecsohoaggpwbjdvavzqfv/SourcePackages/checkouts/posthog-ios/vendor/libwebp/dec_sse2.c -o /Users/aadityasingh/Library/Developer/Xcode/DerivedData/Chatlio-erkyzdeecsohoaggpwbjdvavzqfv/Build/Intermediates.noindex/PostHog.build/Debug-iphonesimulator/phlibwebp.build/Objects-normal/x86_64/dec_sse2.o -index-unit-output-path /PostHog.build/Debug-iphonesimulator/phlibwebp.build/Objects-normal/x86_64/dec_sse2.o

CompileC /Users/aadityasingh/Library/Developer/Xcode/DerivedData/Chatlio-erkyzdeecsohoaggpwbjdvavzqfv/Build/Intermediates.noindex/PostHog.build/Debug-iphonesimulator/phlibwebp.build/Objects-normal/x86_64/cost_sse2.o /Users/aadityasingh/Library/Developer/Xcode/DerivedData/Chatlio-erkyzdeecsohoaggpwbjdvavzqfv/SourcePackages/checkouts/posthog-ios/vendor/libwebp/cost_sse2.c normal x86_64 c com.apple.compilers.llvm.clang.1_0.compiler (in target 'phlibwebp' from project 'PostHog')
    cd /Users/aadityasingh/Documents/Development/element-x-ios/Chatlio.xcodeproj
    
    Using response file: /Users/aadityasingh/Library/Developer/Xcode/DerivedData/Chatlio-erkyzdeecsohoaggpwbjdvavzqfv/Build/Intermediates.noindex/PostHog.build/Debug-iphonesimulator/phlibwebp.build/Objects-normal/x86_64/7187679823f38a2a940e0043cdf9d637-common-args.resp
    
    /Applications/Xcode.app/Contents/Developer/Toolchains/XcodeDefault.xctoolchain/usr/bin/clang -x c -ivfsstatcache /Users/aadityasingh/Library/Developer/Xcode/DerivedData/SDKStatCaches.noindex/iphonesimulator26.4-23E252-686eebb5dc1d8ecb277353a59184f4aa.sdkstatcache -target x86_64-apple-ios13.0-simulator -fmessage-length\=0 -fdiagnostics-show-note-include-stack -fmacro-backtrace-limit\=0 -fno-color-diagnostics -fmodules-prune-interval\=86400 -fmodules-prune-after\=345600 -fbuild-session-file\=/Users/aadityasingh/Library/Developer/Xcode/DerivedData/ModuleCache.noindex/Session.modulevalidation -fmodules-validate-once-per-build-session -Wnon-modular-include-in-framework-module -Werror\=non-modular-include-in-framework-module -Wno-trigraphs -Wno-missing-field-initializers -Wno-missing-prototypes -Wno-return-type -Wno-missing-braces -Wparentheses -Wswitch -Wno-unused-function -Wno-unused-label -Wno-unused-parameter -Wno-unused-variable -Wunused-value -Wno-empty-body -Wno-uninitialized -Wno-unknown-pragmas -w -Wno-shadow -Wno-four-char-constants -Wno-conversion -Wno-constant-conversion -Wno-int-conversion -Wno-bool-conversion -Wno-enum-conversion -Wno-float-conversion -Wno-non-literal-null-conversion -Wno-objc-literal-conversion -Wshorten-64-to-32 -Wpointer-sign -Wno-newline-eof -Wno-implicit-fallthrough -isysroot /Applications/Xcode.app/Contents/Developer/Platforms/iPhoneSimulator.platform/Developer/SDKs/iPhoneSimulator26.4.sdk -fstrict-aliasing -Wdeprecated-declarations -Wno-sign-conversion -Wno-infinite-recursion -Wno-comma -Wno-block-capture-autoreleasing -Wno-strict-prototypes -Wno-semicolon-before-method-body -index-store-path /Users/aadityasingh/Library/Developer/Xcode/DerivedData/Chatlio-erkyzdeecsohoaggpwbjdvavzqfv/Index.noindex/DataStore @/Users/aadityasingh/Library/Developer/Xcode/DerivedData/Chatlio-erkyzdeecsohoaggpwbjdvavzqfv/Build/Intermediates.noindex/PostHog.build/Debug-iphonesimulator/phlibwebp.build/Objects-normal/x86_64/7187679823f38a2a940e0043cdf9d637-common-args.resp -MMD -MT dependencies -MF /Users/aadityasingh/Library/Developer/Xcode/DerivedData/Chatlio-erkyzdeecsohoaggpwbjdvavzqfv/Build/Intermediates.noindex/PostHog.build/Debug-iphonesimulator/phlibwebp.build/Objects-normal/x86_64/cost_sse2.d --serialize-diagnostics /Users/aadityasingh/Library/Developer/Xcode/DerivedData/Chatlio-erkyzdeecsohoaggpwbjdvavzqfv/Build/Intermediates.noindex/PostHog.build/Debug-iphonesimulator/phlibwebp.build/Objects-normal/x86_64/cost_sse2.dia -c /Users/aadityasingh/Library/Developer/Xcode/DerivedData/Chatlio-erkyzdeecsohoaggpwbjdvavzqfv/SourcePackages/checkouts/posthog-ios/vendor/libwebp/cost_sse2.c -o /Users/aadityasingh/Library/Developer/Xcode/DerivedData/Chatlio-erkyzdeecsohoaggpwbjdvavzqfv/Build/Intermediates.noindex/PostHog.build/Debug-iphonesimulator/phlibwebp.build/Objects-normal/x86_64/cost_sse2.o -index-unit-output-path /PostHog.build/Debug-iphonesimulator/phlibwebp.build/Objects-normal/x86_64/cost_sse2.o

CompileC /Users/aadityasingh/Library/Developer/Xcode/DerivedData/Chatlio-erkyzdeecsohoaggpwbjdvavzqfv/Build/Intermediates.noindex/PostHog.build/Debug-iphonesimulator/phlibwebp.build/Objects-normal/x86_64/alpha_processing_sse2.o /Users/aadityasingh/Library/Developer/Xcode/DerivedData/Chatlio-erkyzdeecsohoaggpwbjdvavzqfv/SourcePackages/checkouts/posthog-ios/vendor/libwebp/alpha_processing_sse2.c normal x86_64 c com.apple.compilers.llvm.clang.1_0.compiler (in target 'phlibwebp' from project 'PostHog')
    cd /Users/aadityasingh/Documents/Development/element-x-ios/Chatlio.xcodeproj
    
    Using response file: /Users/aadityasingh/Library/Developer/Xcode/DerivedData/Chatlio-erkyzdeecsohoaggpwbjdvavzqfv/Build/Intermediates.noindex/PostHog.build/Debug-iphonesimulator/phlibwebp.build/Objects-normal/x86_64/7187679823f38a2a940e0043cdf9d637-common-args.resp
    
    /Applications/Xcode.app/Contents/Developer/Toolchains/XcodeDefault.xctoolchain/usr/bin/clang -x c -ivfsstatcache /Users/aadityasingh/Library/Developer/Xcode/DerivedData/SDKStatCaches.noindex/iphonesimulator26.4-23E252-686eebb5dc1d8ecb277353a59184f4aa.sdkstatcache -target x86_64-apple-ios13.0-simulator -fmessage-length\=0 -fdiagnostics-show-note-include-stack -fmacro-backtrace-limit\=0 -fno-color-diagnostics -fmodules-prune-interval\=86400 -fmodules-prune-after\=345600 -fbuild-session-file\=/Users/aadityasingh/Library/Developer/Xcode/DerivedData/ModuleCache.noindex/Session.modulevalidation -fmodules-validate-once-per-build-session -Wnon-modular-include-in-framework-module -Werror\=non-modular-include-in-framework-module -Wno-trigraphs -Wno-missing-field-initializers -Wno-missing-prototypes -Wno-return-type -Wno-missing-braces -Wparentheses -Wswitch -Wno-unused-function -Wno-unused-label -Wno-unused-parameter -Wno-unused-variable -Wunused-value -Wno-empty-body -Wno-uninitialized -Wno-unknown-pragmas -w -Wno-shadow -Wno-four-char-constants -Wno-conversion -Wno-constant-conversion -Wno-int-conversion -Wno-bool-conversion -Wno-enum-conversion -Wno-float-conversion -Wno-non-literal-null-conversion -Wno-objc-literal-conversion -Wshorten-64-to-32 -Wpointer-sign -Wno-newline-eof -Wno-implicit-fallthrough -isysroot /Applications/Xcode.app/Contents/Developer/Platforms/iPhoneSimulator.platform/Developer/SDKs/iPhoneSimulator26.4.sdk -fstrict-aliasing -Wdeprecated-declarations -Wno-sign-conversion -Wno-infinite-recursion -Wno-comma -Wno-block-capture-autoreleasing -Wno-strict-prototypes -Wno-semicolon-before-method-body -index-store-path /Users/aadityasingh/Library/Developer/Xcode/DerivedData/Chatlio-erkyzdeecsohoaggpwbjdvavzqfv/Index.noindex/DataStore @/Users/aadityasingh/Library/Developer/Xcode/DerivedData/Chatlio-erkyzdeecsohoaggpwbjdvavzqfv/Build/Intermediates.noindex/PostHog.build/Debug-iphonesimulator/phlibwebp.build/Objects-normal/x86_64/7187679823f38a2a940e0043cdf9d637-common-args.resp -MMD -MT dependencies -MF /Users/aadityasingh/Library/Developer/Xcode/DerivedData/Chatlio-erkyzdeecsohoaggpwbjdvavzqfv/Build/Intermediates.noindex/PostHog.build/Debug-iphonesimulator/phlibwebp.build/Objects-normal/x86_64/alpha_processing_sse2.d --serialize-diagnostics /Users/aadityasingh/Library/Developer/Xcode/DerivedData/Chatlio-erkyzdeecsohoaggpwbjdvavzqfv/Build/Intermediates.noindex/PostHog.build/Debug-iphonesimulator/phlibwebp.build/Objects-normal/x86_64/alpha_processing_sse2.dia -c /Users/aadityasingh/Library/Developer/Xcode/DerivedData/Chatlio-erkyzdeecsohoaggpwbjdvavzqfv/SourcePackages/checkouts/posthog-ios/vendor/libwebp/alpha_processing_sse2.c -o /Users/aadityasingh/Library/Developer/Xcode/DerivedData/Chatlio-erkyzdeecsohoaggpwbjdvavzqfv/Build/Intermediates.noindex/PostHog.build/Debug-iphonesimulator/phlibwebp.build/Objects-normal/x86_64/alpha_processing_sse2.o -index-unit-output-path /PostHog.build/Debug-iphonesimulator/phlibwebp.build/Objects-normal/x86_64/alpha_processing_sse2.o

PrecompileModule /Users/aadityasingh/Library/Developer/Xcode/DerivedData/Chatlio-erkyzdeecsohoaggpwbjdvavzqfv/Build/Intermediates.noindex/ExplicitPrecompiledModules/_Builtin_stdint-9BGJ2S2467W51IWJOQKDHH61Z.scan
    cd /
    builtin-precompileModule /Users/aadityasingh/Library/Developer/Xcode/DerivedData/Chatlio-erkyzdeecsohoaggpwbjdvavzqfv/Build/Intermediates.noindex/ExplicitPrecompiledModules/_Builtin_stdint-9BGJ2S2467W51IWJOQKDHH61Z.scan

ScanDependencies /Users/aadityasingh/Library/Developer/Xcode/DerivedData/Chatlio-erkyzdeecsohoaggpwbjdvavzqfv/Build/Intermediates.noindex/PostHog.build/Debug-iphonesimulator/phlibwebp.build/Objects-normal/arm64/dec.o /Users/aadityasingh/Library/Developer/Xcode/DerivedData/Chatlio-erkyzdeecsohoaggpwbjdvavzqfv/SourcePackages/checkouts/posthog-ios/vendor/libwebp/dec.c normal arm64 c com.apple.compilers.llvm.clang.1_0.compiler (in target 'phlibwebp' from project 'PostHog')
    cd /Users/aadityasingh/Documents/Development/element-x-ios/Chatlio.xcodeproj
    
    Using response file: /Users/aadityasingh/Library/Developer/Xcode/DerivedData/Chatlio-erkyzdeecsohoaggpwbjdvavzqfv/Build/Intermediates.noindex/PostHog.build/Debug-iphonesimulator/phlibwebp.build/Objects-normal/arm64/7187679823f38a2a940e0043cdf9d637-common-args.resp
    
    builtin-ScanDependencies -o /Users/aadityasingh/Library/Developer/Xcode/DerivedData/Chatlio-erkyzdeecsohoaggpwbjdvavzqfv/Build/Intermediates.noindex/PostHog.build/Debug-iphonesimulator/phlibwebp.build/Objects-normal/arm64/dec.o.scan -- /Applications/Xcode.app/Contents/Developer/Toolchains/XcodeDefault.xctoolchain/usr/bin/clang -x c -ivfsstatcache /Users/aadityasingh/Library/Developer/Xcode/DerivedData/SDKStatCaches.noindex/iphonesimulator26.4-23E252-686eebb5dc1d8ecb277353a59184f4aa.sdkstatcache -target arm64-apple-ios13.0-simulator -fmessage-length\=0 -fdiagnostics-show-note-include-stack -fmacro-backtrace-limit\=0 -fno-color-diagnostics -fmodules-prune-interval\=86400 -fmodules-prune-after\=345600 -fbuild-session-file\=/Users/aadityasingh/Library/Developer/Xcode/DerivedData/ModuleCache.noindex/Session.modulevalidation -fmodules-validate-once-per-build-session -Wnon-modular-include-in-framework-module -Werror\=non-modular-include-in-framework-module -Wno-trigraphs -Wno-missing-field-initializers -Wno-missing-prototypes -Wno-return-type -Wno-missing-braces -Wparentheses -Wswitch -Wno-unused-function -Wno-unused-label -Wno-unused-parameter -Wno-unused-variable -Wunused-value -Wno-empty-body -Wno-uninitialized -Wno-unknown-pragmas -w -Wno-shadow -Wno-four-char-constants -Wno-conversion -Wno-constant-conversion -Wno-int-conversion -Wno-bool-conversion -Wno-enum-conversion -Wno-float-conversion -Wno-non-literal-null-conversion -Wno-objc-literal-conversion -Wshorten-64-to-32 -Wpointer-sign -Wno-newline-eof -Wno-implicit-fallthrough -isysroot /Applications/Xcode.app/Contents/Developer/Platforms/iPhoneSimulator.platform/Developer/SDKs/iPhoneSimulator26.4.sdk -fstrict-aliasing -Wdeprecated-declarations -Wno-sign-conversion -Wno-infinite-recursion -Wno-comma -Wno-block-capture-autoreleasing -Wno-strict-prototypes -Wno-semicolon-before-method-body -index-store-path /Users/aadityasingh/Library/Developer/Xcode/DerivedData/Chatlio-erkyzdeecsohoaggpwbjdvavzqfv/Index.noindex/DataStore @/Users/aadityasingh/Library/Developer/Xcode/DerivedData/Chatlio-erkyzdeecsohoaggpwbjdvavzqfv/Build/Intermediates.noindex/PostHog.build/Debug-iphonesimulator/phlibwebp.build/Objects-normal/arm64/7187679823f38a2a940e0043cdf9d637-common-args.resp -MMD -MT dependencies -MF /Users/aadityasingh/Library/Developer/Xcode/DerivedData/Chatlio-erkyzdeecsohoaggpwbjdvavzqfv/Build/Intermediates.noindex/PostHog.build/Debug-iphonesimulator/phlibwebp.build/Objects-normal/arm64/dec.d --serialize-diagnostics /Users/aadityasingh/Library/Developer/Xcode/DerivedData/Chatlio-erkyzdeecsohoaggpwbjdvavzqfv/Build/Intermediates.noindex/PostHog.build/Debug-iphonesimulator/phlibwebp.build/Objects-normal/arm64/dec.dia -c /Users/aadityasingh/Library/Developer/Xcode/DerivedData/Chatlio-erkyzdeecsohoaggpwbjdvavzqfv/SourcePackages/checkouts/posthog-ios/vendor/libwebp/dec.c -o /Users/aadityasingh/Library/Developer/Xcode/DerivedData/Chatlio-erkyzdeecsohoaggpwbjdvavzqfv/Build/Intermediates.noindex/PostHog.build/Debug-iphonesimulator/phlibwebp.build/Objects-normal/arm64/dec.o -index-unit-output-path /PostHog.build/Debug-iphonesimulator/phlibwebp.build/Objects-normal/arm64/dec.o

ScanDependencies /Users/aadityasingh/Library/Developer/Xcode/DerivedData/Chatlio-erkyzdeecsohoaggpwbjdvavzqfv/Build/Intermediates.noindex/PostHog.build/Debug-iphonesimulator/phlibwebp.build/Objects-normal/arm64/cpu.o /Users/aadityasingh/Library/Developer/Xcode/DerivedData/Chatlio-erkyzdeecsohoaggpwbjdvavzqfv/SourcePackages/checkouts/posthog-ios/vendor/libwebp/cpu.c normal arm64 c com.apple.compilers.llvm.clang.1_0.compiler (in target 'phlibwebp' from project 'PostHog')
    cd /Users/aadityasingh/Documents/Development/element-x-ios/Chatlio.xcodeproj
    
    Using response file: /Users/aadityasingh/Library/Developer/Xcode/DerivedData/Chatlio-erkyzdeecsohoaggpwbjdvavzqfv/Build/Intermediates.noindex/PostHog.build/Debug-iphonesimulator/phlibwebp.build/Objects-normal/arm64/7187679823f38a2a940e0043cdf9d637-common-args.resp
    
    builtin-ScanDependencies -o /Users/aadityasingh/Library/Developer/Xcode/DerivedData/Chatlio-erkyzdeecsohoaggpwbjdvavzqfv/Build/Intermediates.noindex/PostHog.build/Debug-iphonesimulator/phlibwebp.build/Objects-normal/arm64/cpu.o.scan -- /Applications/Xcode.app/Contents/Developer/Toolchains/XcodeDefault.xctoolchain/usr/bin/clang -x c -ivfsstatcache /Users/aadityasingh/Library/Developer/Xcode/DerivedData/SDKStatCaches.noindex/iphonesimulator26.4-23E252-686eebb5dc1d8ecb277353a59184f4aa.sdkstatcache -target arm64-apple-ios13.0-simulator -fmessage-length\=0 -fdiagnostics-show-note-include-stack -fmacro-backtrace-limit\=0 -fno-color-diagnostics -fmodules-prune-interval\=86400 -fmodules-prune-after\=345600 -fbuild-session-file\=/Users/aadityasingh/Library/Developer/Xcode/DerivedData/ModuleCache.noindex/Session.modulevalidation -fmodules-validate-once-per-build-session -Wnon-modular-include-in-framework-module -Werror\=non-modular-include-in-framework-module -Wno-trigraphs -Wno-missing-field-initializers -Wno-missing-prototypes -Wno-return-type -Wno-missing-braces -Wparentheses -Wswitch -Wno-unused-function -Wno-unused-label -Wno-unused-parameter -Wno-unused-variable -Wunused-value -Wno-empty-body -Wno-uninitialized -Wno-unknown-pragmas -w -Wno-shadow -Wno-four-char-constants -Wno-conversion -Wno-constant-conversion -Wno-int-conversion -Wno-bool-conversion -Wno-enum-conversion -Wno-float-conversion -Wno-non-literal-null-conversion -Wno-objc-literal-conversion -Wshorten-64-to-32 -Wpointer-sign -Wno-newline-eof -Wno-implicit-fallthrough -isysroot /Applications/Xcode.app/Contents/Developer/Platforms/iPhoneSimulator.platform/Developer/SDKs/iPhoneSimulator26.4.sdk -fstrict-aliasing -Wdeprecated-declarations -Wno-sign-conversion -Wno-infinite-recursion -Wno-comma -Wno-block-capture-autoreleasing -Wno-strict-prototypes -Wno-semicolon-before-method-body -index-store-path /Users/aadityasingh/Library/Developer/Xcode/DerivedData/Chatlio-erkyzdeecsohoaggpwbjdvavzqfv/Index.noindex/DataStore @/Users/aadityasingh/Library/Developer/Xcode/DerivedData/Chatlio-erkyzdeecsohoaggpwbjdvavzqfv/Build/Intermediates.noindex/PostHog.build/Debug-iphonesimulator/phlibwebp.build/Objects-normal/arm64/7187679823f38a2a940e0043cdf9d637-common-args.resp -MMD -MT dependencies -MF /Users/aadityasingh/Library/Developer/Xcode/DerivedData/Chatlio-erkyzdeecsohoaggpwbjdvavzqfv/Build/Intermediates.noindex/PostHog.build/Debug-iphonesimulator/phlibwebp.build/Objects-normal/arm64/cpu.d --serialize-diagnostics /Users/aadityasingh/Library/Developer/Xcode/DerivedData/Chatlio-erkyzdeecsohoaggpwbjdvavzqfv/Build/Intermediates.noindex/PostHog.build/Debug-iphonesimulator/phlibwebp.build/Objects-normal/arm64/cpu.dia -c /Users/aadityasingh/Library/Developer/Xcode/DerivedData/Chatlio-erkyzdeecsohoaggpwbjdvavzqfv/SourcePackages/checkouts/posthog-ios/vendor/libwebp/cpu.c -o /Users/aadityasingh/Library/Developer/Xcode/DerivedData/Chatlio-erkyzdeecsohoaggpwbjdvavzqfv/Build/Intermediates.noindex/PostHog.build/Debug-iphonesimulator/phlibwebp.build/Objects-normal/arm64/cpu.o -index-unit-output-path /PostHog.build/Debug-iphonesimulator/phlibwebp.build/Objects-normal/arm64/cpu.o

ScanDependencies /Users/aadityasingh/Library/Developer/Xcode/DerivedData/Chatlio-erkyzdeecsohoaggpwbjdvavzqfv/Build/Intermediates.noindex/PostHog.build/Debug-iphonesimulator/phlibwebp.build/Objects-normal/arm64/cost_sse2.o /Users/aadityasingh/Library/Developer/Xcode/DerivedData/Chatlio-erkyzdeecsohoaggpwbjdvavzqfv/SourcePackages/checkouts/posthog-ios/vendor/libwebp/cost_sse2.c normal arm64 c com.apple.compilers.llvm.clang.1_0.compiler (in target 'phlibwebp' from project 'PostHog')
    cd /Users/aadityasingh/Documents/Development/element-x-ios/Chatlio.xcodeproj
    
    Using response file: /Users/aadityasingh/Library/Developer/Xcode/DerivedData/Chatlio-erkyzdeecsohoaggpwbjdvavzqfv/Build/Intermediates.noindex/PostHog.build/Debug-iphonesimulator/phlibwebp.build/Objects-normal/arm64/7187679823f38a2a940e0043cdf9d637-common-args.resp
    
    builtin-ScanDependencies -o /Users/aadityasingh/Library/Developer/Xcode/DerivedData/Chatlio-erkyzdeecsohoaggpwbjdvavzqfv/Build/Intermediates.noindex/PostHog.build/Debug-iphonesimulator/phlibwebp.build/Objects-normal/arm64/cost_sse2.o.scan -- /Applications/Xcode.app/Contents/Developer/Toolchains/XcodeDefault.xctoolchain/usr/bin/clang -x c -ivfsstatcache /Users/aadityasingh/Library/Developer/Xcode/DerivedData/SDKStatCaches.noindex/iphonesimulator26.4-23E252-686eebb5dc1d8ecb277353a59184f4aa.sdkstatcache -target arm64-apple-ios13.0-simulator -fmessage-length\=0 -fdiagnostics-show-note-include-stack -fmacro-backtrace-limit\=0 -fno-color-diagnostics -fmodules-prune-interval\=86400 -fmodules-prune-after\=345600 -fbuild-session-file\=/Users/aadityasingh/Library/Developer/Xcode/DerivedData/ModuleCache.noindex/Session.modulevalidation -fmodules-validate-once-per-build-session -Wnon-modular-include-in-framework-module -Werror\=non-modular-include-in-framework-module -Wno-trigraphs -Wno-missing-field-initializers -Wno-missing-prototypes -Wno-return-type -Wno-missing-braces -Wparentheses -Wswitch -Wno-unused-function -Wno-unused-label -Wno-unused-parameter -Wno-unused-variable -Wunused-value -Wno-empty-body -Wno-uninitialized -Wno-unknown-pragmas -w -Wno-shadow -Wno-four-char-constants -Wno-conversion -Wno-constant-conversion -Wno-int-conversion -Wno-bool-conversion -Wno-enum-conversion -Wno-float-conversion -Wno-non-literal-null-conversion -Wno-objc-literal-conversion -Wshorten-64-to-32 -Wpointer-sign -Wno-newline-eof -Wno-implicit-fallthrough -isysroot /Applications/Xcode.app/Contents/Developer/Platforms/iPhoneSimulator.platform/Developer/SDKs/iPhoneSimulator26.4.sdk -fstrict-aliasing -Wdeprecated-declarations -Wno-sign-conversion -Wno-infinite-recursion -Wno-comma -Wno-block-capture-autoreleasing -Wno-strict-prototypes -Wno-semicolon-before-method-body -index-store-path /Users/aadityasingh/Library/Developer/Xcode/DerivedData/Chatlio-erkyzdeecsohoaggpwbjdvavzqfv/Index.noindex/DataStore @/Users/aadityasingh/Library/Developer/Xcode/DerivedData/Chatlio-erkyzdeecsohoaggpwbjdvavzqfv/Build/Intermediates.noindex/PostHog.build/Debug-iphonesimulator/phlibwebp.build/Objects-normal/arm64/7187679823f38a2a940e0043cdf9d637-common-args.resp -MMD -MT dependencies -MF /Users/aadityasingh/Library/Developer/Xcode/DerivedData/Chatlio-erkyzdeecsohoaggpwbjdvavzqfv/Build/Intermediates.noindex/PostHog.build/Debug-iphonesimulator/phlibwebp.build/Objects-normal/arm64/cost_sse2.d --serialize-diagnostics /Users/aadityasingh/Library/Developer/Xcode/DerivedData/Chatlio-erkyzdeecsohoaggpwbjdvavzqfv/Build/Intermediates.noindex/PostHog.build/Debug-iphonesimulator/phlibwebp.build/Objects-normal/arm64/cost_sse2.dia -c /Users/aadityasingh/Library/Developer/Xcode/DerivedData/Chatlio-erkyzdeecsohoaggpwbjdvavzqfv/SourcePackages/checkouts/posthog-ios/vendor/libwebp/cost_sse2.c -o /Users/aadityasingh/Library/Developer/Xcode/DerivedData/Chatlio-erkyzdeecsohoaggpwbjdvavzqfv/Build/Intermediates.noindex/PostHog.build/Debug-iphonesimulator/phlibwebp.build/Objects-normal/arm64/cost_sse2.o -index-unit-output-path /PostHog.build/Debug-iphonesimulator/phlibwebp.build/Objects-normal/arm64/cost_sse2.o

ScanDependencies /Users/aadityasingh/Library/Developer/Xcode/DerivedData/Chatlio-erkyzdeecsohoaggpwbjdvavzqfv/Build/Intermediates.noindex/PostHog.build/Debug-iphonesimulator/phlibwebp.build/Objects-normal/arm64/cost_neon.o /Users/aadityasingh/Library/Developer/Xcode/DerivedData/Chatlio-erkyzdeecsohoaggpwbjdvavzqfv/SourcePackages/checkouts/posthog-ios/vendor/libwebp/cost_neon.c normal arm64 c com.apple.compilers.llvm.clang.1_0.compiler (in target 'phlibwebp' from project 'PostHog')
    cd /Users/aadityasingh/Documents/Development/element-x-ios/Chatlio.xcodeproj
    
    Using response file: /Users/aadityasingh/Library/Developer/Xcode/DerivedData/Chatlio-erkyzdeecsohoaggpwbjdvavzqfv/Build/Intermediates.noindex/PostHog.build/Debug-iphonesimulator/phlibwebp.build/Objects-normal/arm64/7187679823f38a2a940e0043cdf9d637-common-args.resp
    
    builtin-ScanDependencies -o /Users/aadityasingh/Library/Developer/Xcode/DerivedData/Chatlio-erkyzdeecsohoaggpwbjdvavzqfv/Build/Intermediates.noindex/PostHog.build/Debug-iphonesimulator/phlibwebp.build/Objects-normal/arm64/cost_neon.o.scan -- /Applications/Xcode.app/Contents/Developer/Toolchains/XcodeDefault.xctoolchain/usr/bin/clang -x c -ivfsstatcache /Users/aadityasingh/Library/Developer/Xcode/DerivedData/SDKStatCaches.noindex/iphonesimulator26.4-23E252-686eebb5dc1d8ecb277353a59184f4aa.sdkstatcache -target arm64-apple-ios13.0-simulator -fmessage-length\=0 -fdiagnostics-show-note-include-stack -fmacro-backtrace-limit\=0 -fno-color-diagnostics -fmodules-prune-interval\=86400 -fmodules-prune-after\=345600 -fbuild-session-file\=/Users/aadityasingh/Library/Developer/Xcode/DerivedData/ModuleCache.noindex/Session.modulevalidation -fmodules-validate-once-per-build-session -Wnon-modular-include-in-framework-module -Werror\=non-modular-include-in-framework-module -Wno-trigraphs -Wno-missing-field-initializers -Wno-missing-prototypes -Wno-return-type -Wno-missing-braces -Wparentheses -Wswitch -Wno-unused-function -Wno-unused-label -Wno-unused-parameter -Wno-unused-variable -Wunused-value -Wno-empty-body -Wno-uninitialized -Wno-unknown-pragmas -w -Wno-shadow -Wno-four-char-constants -Wno-conversion -Wno-constant-conversion -Wno-int-conversion -Wno-bool-conversion -Wno-enum-conversion -Wno-float-conversion -Wno-non-literal-null-conversion -Wno-objc-literal-conversion -Wshorten-64-to-32 -Wpointer-sign -Wno-newline-eof -Wno-implicit-fallthrough -isysroot /Applications/Xcode.app/Contents/Developer/Platforms/iPhoneSimulator.platform/Developer/SDKs/iPhoneSimulator26.4.sdk -fstrict-aliasing -Wdeprecated-declarations -Wno-sign-conversion -Wno-infinite-recursion -Wno-comma -Wno-block-capture-autoreleasing -Wno-strict-prototypes -Wno-semicolon-before-method-body -index-store-path /Users/aadityasingh/Library/Developer/Xcode/DerivedData/Chatlio-erkyzdeecsohoaggpwbjdvavzqfv/Index.noindex/DataStore @/Users/aadityasingh/Library/Developer/Xcode/DerivedData/Chatlio-erkyzdeecsohoaggpwbjdvavzqfv/Build/Intermediates.noindex/PostHog.build/Debug-iphonesimulator/phlibwebp.build/Objects-normal/arm64/7187679823f38a2a940e0043cdf9d637-common-args.resp -MMD -MT dependencies -MF /Users/aadityasingh/Library/Developer/Xcode/DerivedData/Chatlio-erkyzdeecsohoaggpwbjdvavzqfv/Build/Intermediates.noindex/PostHog.build/Debug-iphonesimulator/phlibwebp.build/Objects-normal/arm64/cost_neon.d --serialize-diagnostics /Users/aadityasingh/Library/Developer/Xcode/DerivedData/Chatlio-erkyzdeecsohoaggpwbjdvavzqfv/Build/Intermediates.noindex/PostHog.build/Debug-iphonesimulator/phlibwebp.build/Objects-normal/arm64/cost_neon.dia -c /Users/aadityasingh/Library/Developer/Xcode/DerivedData/Chatlio-erkyzdeecsohoaggpwbjdvavzqfv/SourcePackages/checkouts/posthog-ios/vendor/libwebp/cost_neon.c -o /Users/aadityasingh/Library/Developer/Xcode/DerivedData/Chatlio-erkyzdeecsohoaggpwbjdvavzqfv/Build/Intermediates.noindex/PostHog.build/Debug-iphonesimulator/phlibwebp.build/Objects-normal/arm64/cost_neon.o -index-unit-output-path /PostHog.build/Debug-iphonesimulator/phlibwebp.build/Objects-normal/arm64/cost_neon.o

ScanDependencies /Users/aadityasingh/Library/Developer/Xcode/DerivedData/Chatlio-erkyzdeecsohoaggpwbjdvavzqfv/Build/Intermediates.noindex/PostHog.build/Debug-iphonesimulator/phlibwebp.build/Objects-normal/arm64/cost_enc.o /Users/aadityasingh/Library/Developer/Xcode/DerivedData/Chatlio-erkyzdeecsohoaggpwbjdvavzqfv/SourcePackages/checkouts/posthog-ios/vendor/libwebp/cost_enc.c normal arm64 c com.apple.compilers.llvm.clang.1_0.compiler (in target 'phlibwebp' from project 'PostHog')
    cd /Users/aadityasingh/Documents/Development/element-x-ios/Chatlio.xcodeproj
    
    Using response file: /Users/aadityasingh/Library/Developer/Xcode/DerivedData/Chatlio-erkyzdeecsohoaggpwbjdvavzqfv/Build/Intermediates.noindex/PostHog.build/Debug-iphonesimulator/phlibwebp.build/Objects-normal/arm64/7187679823f38a2a940e0043cdf9d637-common-args.resp
    
    builtin-ScanDependencies -o /Users/aadityasingh/Library/Developer/Xcode/DerivedData/Chatlio-erkyzdeecsohoaggpwbjdvavzqfv/Build/Intermediates.noindex/PostHog.build/Debug-iphonesimulator/phlibwebp.build/Objects-normal/arm64/cost_enc.o.scan -- /Applications/Xcode.app/Contents/Developer/Toolchains/XcodeDefault.xctoolchain/usr/bin/clang -x c -ivfsstatcache /Users/aadityasingh/Library/Developer/Xcode/DerivedData/SDKStatCaches.noindex/iphonesimulator26.4-23E252-686eebb5dc1d8ecb277353a59184f4aa.sdkstatcache -target arm64-apple-ios13.0-simulator -fmessage-length\=0 -fdiagnostics-show-note-include-stack -fmacro-backtrace-limit\=0 -fno-color-diagnostics -fmodules-prune-interval\=86400 -fmodules-prune-after\=345600 -fbuild-session-file\=/Users/aadityasingh/Library/Developer/Xcode/DerivedData/ModuleCache.noindex/Session.modulevalidation -fmodules-validate-once-per-build-session -Wnon-modular-include-in-framework-module -Werror\=non-modular-include-in-framework-module -Wno-trigraphs -Wno-missing-field-initializers -Wno-missing-prototypes -Wno-return-type -Wno-missing-braces -Wparentheses -Wswitch -Wno-unused-function -Wno-unused-label -Wno-unused-parameter -Wno-unused-variable -Wunused-value -Wno-empty-body -Wno-uninitialized -Wno-unknown-pragmas -w -Wno-shadow -Wno-four-char-constants -Wno-conversion -Wno-constant-conversion -Wno-int-conversion -Wno-bool-conversion -Wno-enum-conversion -Wno-float-conversion -Wno-non-literal-null-conversion -Wno-objc-literal-conversion -Wshorten-64-to-32 -Wpointer-sign -Wno-newline-eof -Wno-implicit-fallthrough -isysroot /Applications/Xcode.app/Contents/Developer/Platforms/iPhoneSimulator.platform/Developer/SDKs/iPhoneSimulator26.4.sdk -fstrict-aliasing -Wdeprecated-declarations -Wno-sign-conversion -Wno-infinite-recursion -Wno-comma -Wno-block-capture-autoreleasing -Wno-strict-prototypes -Wno-semicolon-before-method-body -index-store-path /Users/aadityasingh/Library/Developer/Xcode/DerivedData/Chatlio-erkyzdeecsohoaggpwbjdvavzqfv/Index.noindex/DataStore @/Users/aadityasingh/Library/Developer/Xcode/DerivedData/Chatlio-erkyzdeecsohoaggpwbjdvavzqfv/Build/Intermediates.noindex/PostHog.build/Debug-iphonesimulator/phlibwebp.build/Objects-normal/arm64/7187679823f38a2a940e0043cdf9d637-common-args.resp -MMD -MT dependencies -MF /Users/aadityasingh/Library/Developer/Xcode/DerivedData/Chatlio-erkyzdeecsohoaggpwbjdvavzqfv/Build/Intermediates.noindex/PostHog.build/Debug-iphonesimulator/phlibwebp.build/Objects-normal/arm64/cost_enc.d --serialize-diagnostics /Users/aadityasingh/Library/Developer/Xcode/DerivedData/Chatlio-erkyzdeecsohoaggpwbjdvavzqfv/Build/Intermediates.noindex/PostHog.build/Debug-iphonesimulator/phlibwebp.build/Objects-normal/arm64/cost_enc.dia -c /Users/aadityasingh/Library/Developer/Xcode/DerivedData/Chatlio-erkyzdeecsohoaggpwbjdvavzqfv/SourcePackages/checkouts/posthog-ios/vendor/libwebp/cost_enc.c -o /Users/aadityasingh/Library/Developer/Xcode/DerivedData/Chatlio-erkyzdeecsohoaggpwbjdvavzqfv/Build/Intermediates.noindex/PostHog.build/Debug-iphonesimulator/phlibwebp.build/Objects-normal/arm64/cost_enc.o -index-unit-output-path /PostHog.build/Debug-iphonesimulator/phlibwebp.build/Objects-normal/arm64/cost_enc.o

ScanDependencies /Users/aadityasingh/Library/Developer/Xcode/DerivedData/Chatlio-erkyzdeecsohoaggpwbjdvavzqfv/Build/Intermediates.noindex/PostHog.build/Debug-iphonesimulator/phlibwebp.build/Objects-normal/arm64/cost.o /Users/aadityasingh/Library/Developer/Xcode/DerivedData/Chatlio-erkyzdeecsohoaggpwbjdvavzqfv/SourcePackages/checkouts/posthog-ios/vendor/libwebp/cost.c normal arm64 c com.apple.compilers.llvm.clang.1_0.compiler (in target 'phlibwebp' from project 'PostHog')
    cd /Users/aadityasingh/Documents/Development/element-x-ios/Chatlio.xcodeproj
    
    Using response file: /Users/aadityasingh/Library/Developer/Xcode/DerivedData/Chatlio-erkyzdeecsohoaggpwbjdvavzqfv/Build/Intermediates.noindex/PostHog.build/Debug-iphonesimulator/phlibwebp.build/Objects-normal/arm64/7187679823f38a2a940e0043cdf9d637-common-args.resp
    
    builtin-ScanDependencies -o /Users/aadityasingh/Library/Developer/Xcode/DerivedData/Chatlio-erkyzdeecsohoaggpwbjdvavzqfv/Build/Intermediates.noindex/PostHog.build/Debug-iphonesimulator/phlibwebp.build/Objects-normal/arm64/cost.o.scan -- /Applications/Xcode.app/Contents/Developer/Toolchains/XcodeDefault.xctoolchain/usr/bin/clang -x c -ivfsstatcache /Users/aadityasingh/Library/Developer/Xcode/DerivedData/SDKStatCaches.noindex/iphonesimulator26.4-23E252-686eebb5dc1d8ecb277353a59184f4aa.sdkstatcache -target arm64-apple-ios13.0-simulator -fmessage-length\=0 -fdiagnostics-show-note-include-stack -fmacro-backtrace-limit\=0 -fno-color-diagnostics -fmodules-prune-interval\=86400 -fmodules-prune-after\=345600 -fbuild-session-file\=/Users/aadityasingh/Library/Developer/Xcode/DerivedData/ModuleCache.noindex/Session.modulevalidation -fmodules-validate-once-per-build-session -Wnon-modular-include-in-framework-module -Werror\=non-modular-include-in-framework-module -Wno-trigraphs -Wno-missing-field-initializers -Wno-missing-prototypes -Wno-return-type -Wno-missing-braces -Wparentheses -Wswitch -Wno-unused-function -Wno-unused-label -Wno-unused-parameter -Wno-unused-variable -Wunused-value -Wno-empty-body -Wno-uninitialized -Wno-unknown-pragmas -w -Wno-shadow -Wno-four-char-constants -Wno-conversion -Wno-constant-conversion -Wno-int-conversion -Wno-bool-conversion -Wno-enum-conversion -Wno-float-conversion -Wno-non-literal-null-conversion -Wno-objc-literal-conversion -Wshorten-64-to-32 -Wpointer-sign -Wno-newline-eof -Wno-implicit-fallthrough -isysroot /Applications/Xcode.app/Contents/Developer/Platforms/iPhoneSimulator.platform/Developer/SDKs/iPhoneSimulator26.4.sdk -fstrict-aliasing -Wdeprecated-declarations -Wno-sign-conversion -Wno-infinite-recursion -Wno-comma -Wno-block-capture-autoreleasing -Wno-strict-prototypes -Wno-semicolon-before-method-body -index-store-path /Users/aadityasingh/Library/Developer/Xcode/DerivedData/Chatlio-erkyzdeecsohoaggpwbjdvavzqfv/Index.noindex/DataStore @/Users/aadityasingh/Library/Developer/Xcode/DerivedData/Chatlio-erkyzdeecsohoaggpwbjdvavzqfv/Build/Intermediates.noindex/PostHog.build/Debug-iphonesimulator/phlibwebp.build/Objects-normal/arm64/7187679823f38a2a940e0043cdf9d637-common-args.resp -MMD -MT dependencies -MF /Users/aadityasingh/Library/Developer/Xcode/DerivedData/Chatlio-erkyzdeecsohoaggpwbjdvavzqfv/Build/Intermediates.noindex/PostHog.build/Debug-iphonesimulator/phlibwebp.build/Objects-normal/arm64/cost.d --serialize-diagnostics /Users/aadityasingh/Library/Developer/Xcode/DerivedData/Chatlio-erkyzdeecsohoaggpwbjdvavzqfv/Build/Intermediates.noindex/PostHog.build/Debug-iphonesimulator/phlibwebp.build/Objects-normal/arm64/cost.dia -c /Users/aadityasingh/Library/Developer/Xcode/DerivedData/Chatlio-erkyzdeecsohoaggpwbjdvavzqfv/SourcePackages/checkouts/posthog-ios/vendor/libwebp/cost.c -o /Users/aadityasingh/Library/Developer/Xcode/DerivedData/Chatlio-erkyzdeecsohoaggpwbjdvavzqfv/Build/Intermediates.noindex/PostHog.build/Debug-iphonesimulator/phlibwebp.build/Objects-normal/arm64/cost.o -index-unit-output-path /PostHog.build/Debug-iphonesimulator/phlibwebp.build/Objects-normal/arm64/cost.o

ScanDependencies /Users/aadityasingh/Library/Developer/Xcode/DerivedData/Chatlio-erkyzdeecsohoaggpwbjdvavzqfv/Build/Intermediates.noindex/PostHog.build/Debug-iphonesimulator/phlibwebp.build/Objects-normal/arm64/config_enc.o /Users/aadityasingh/Library/Developer/Xcode/DerivedData/Chatlio-erkyzdeecsohoaggpwbjdvavzqfv/SourcePackages/checkouts/posthog-ios/vendor/libwebp/config_enc.c normal arm64 c com.apple.compilers.llvm.clang.1_0.compiler (in target 'phlibwebp' from project 'PostHog')
    cd /Users/aadityasingh/Documents/Development/element-x-ios/Chatlio.xcodeproj
    
    Using response file: /Users/aadityasingh/Library/Developer/Xcode/DerivedData/Chatlio-erkyzdeecsohoaggpwbjdvavzqfv/Build/Intermediates.noindex/PostHog.build/Debug-iphonesimulator/phlibwebp.build/Objects-normal/arm64/7187679823f38a2a940e0043cdf9d637-common-args.resp
    
    builtin-ScanDependencies -o /Users/aadityasingh/Library/Developer/Xcode/DerivedData/Chatlio-erkyzdeecsohoaggpwbjdvavzqfv/Build/Intermediates.noindex/PostHog.build/Debug-iphonesimulator/phlibwebp.build/Objects-normal/arm64/config_enc.o.scan -- /Applications/Xcode.app/Contents/Developer/Toolchains/XcodeDefault.xctoolchain/usr/bin/clang -x c -ivfsstatcache /Users/aadityasingh/Library/Developer/Xcode/DerivedData/SDKStatCaches.noindex/iphonesimulator26.4-23E252-686eebb5dc1d8ecb277353a59184f4aa.sdkstatcache -target arm64-apple-ios13.0-simulator -fmessage-length\=0 -fdiagnostics-show-note-include-stack -fmacro-backtrace-limit\=0 -fno-color-diagnostics -fmodules-prune-interval\=86400 -fmodules-prune-after\=345600 -fbuild-session-file\=/Users/aadityasingh/Library/Developer/Xcode/DerivedData/ModuleCache.noindex/Session.modulevalidation -fmodules-validate-once-per-build-session -Wnon-modular-include-in-framework-module -Werror\=non-modular-include-in-framework-module -Wno-trigraphs -Wno-missing-field-initializers -Wno-missing-prototypes -Wno-return-type -Wno-missing-braces -Wparentheses -Wswitch -Wno-unused-function -Wno-unused-label -Wno-unused-parameter -Wno-unused-variable -Wunused-value -Wno-empty-body -Wno-uninitialized -Wno-unknown-pragmas -w -Wno-shadow -Wno-four-char-constants -Wno-conversion -Wno-constant-conversion -Wno-int-conversion -Wno-bool-conversion -Wno-enum-conversion -Wno-float-conversion -Wno-non-literal-null-conversion -Wno-objc-literal-conversion -Wshorten-64-to-32 -Wpointer-sign -Wno-newline-eof -Wno-implicit-fallthrough -isysroot /Applications/Xcode.app/Contents/Developer/Platforms/iPhoneSimulator.platform/Developer/SDKs/iPhoneSimulator26.4.sdk -fstrict-aliasing -Wdeprecated-declarations -Wno-sign-conversion -Wno-infinite-recursion -Wno-comma -Wno-block-capture-autoreleasing -Wno-strict-prototypes -Wno-semicolon-before-method-body -index-store-path /Users/aadityasingh/Library/Developer/Xcode/DerivedData/Chatlio-erkyzdeecsohoaggpwbjdvavzqfv/Index.noindex/DataStore @/Users/aadityasingh/Library/Developer/Xcode/DerivedData/Chatlio-erkyzdeecsohoaggpwbjdvavzqfv/Build/Intermediates.noindex/PostHog.build/Debug-iphonesimulator/phlibwebp.build/Objects-normal/arm64/7187679823f38a2a940e0043cdf9d637-common-args.resp -MMD -MT dependencies -MF /Users/aadityasingh/Library/Developer/Xcode/DerivedData/Chatlio-erkyzdeecsohoaggpwbjdvavzqfv/Build/Intermediates.noindex/PostHog.build/Debug-iphonesimulator/phlibwebp.build/Objects-normal/arm64/config_enc.d --serialize-diagnostics /Users/aadityasingh/Library/Developer/Xcode/DerivedData/Chatlio-erkyzdeecsohoaggpwbjdvavzqfv/Build/Intermediates.noindex/PostHog.build/Debug-iphonesimulator/phlibwebp.build/Objects-normal/arm64/config_enc.dia -c /Users/aadityasingh/Library/Developer/Xcode/DerivedData/Chatlio-erkyzdeecsohoaggpwbjdvavzqfv/SourcePackages/checkouts/posthog-ios/vendor/libwebp/config_enc.c -o /Users/aadityasingh/Library/Developer/Xcode/DerivedData/Chatlio-erkyzdeecsohoaggpwbjdvavzqfv/Build/Intermediates.noindex/PostHog.build/Debug-iphonesimulator/phlibwebp.build/Objects-normal/arm64/config_enc.o -index-unit-output-path /PostHog.build/Debug-iphonesimulator/phlibwebp.build/Objects-normal/arm64/config_enc.o

ScanDependencies /Users/aadityasingh/Library/Developer/Xcode/DerivedData/Chatlio-erkyzdeecsohoaggpwbjdvavzqfv/Build/Intermediates.noindex/PostHog.build/Debug-iphonesimulator/phlibwebp.build/Objects-normal/arm64/color_cache_utils.o /Users/aadityasingh/Library/Developer/Xcode/DerivedData/Chatlio-erkyzdeecsohoaggpwbjdvavzqfv/SourcePackages/checkouts/posthog-ios/vendor/libwebp/color_cache_utils.c normal arm64 c com.apple.compilers.llvm.clang.1_0.compiler (in target 'phlibwebp' from project 'PostHog')
    cd /Users/aadityasingh/Documents/Development/element-x-ios/Chatlio.xcodeproj
    
    Using response file: /Users/aadityasingh/Library/Developer/Xcode/DerivedData/Chatlio-erkyzdeecsohoaggpwbjdvavzqfv/Build/Intermediates.noindex/PostHog.build/Debug-iphonesimulator/phlibwebp.build/Objects-normal/arm64/7187679823f38a2a940e0043cdf9d637-common-args.resp
    
    builtin-ScanDependencies -o /Users/aadityasingh/Library/Developer/Xcode/DerivedData/Chatlio-erkyzdeecsohoaggpwbjdvavzqfv/Build/Intermediates.noindex/PostHog.build/Debug-iphonesimulator/phlibwebp.build/Objects-normal/arm64/color_cache_utils.o.scan -- /Applications/Xcode.app/Contents/Developer/Toolchains/XcodeDefault.xctoolchain/usr/bin/clang -x c -ivfsstatcache /Users/aadityasingh/Library/Developer/Xcode/DerivedData/SDKStatCaches.noindex/iphonesimulator26.4-23E252-686eebb5dc1d8ecb277353a59184f4aa.sdkstatcache -target arm64-apple-ios13.0-simulator -fmessage-length\=0 -fdiagnostics-show-note-include-stack -fmacro-backtrace-limit\=0 -fno-color-diagnostics -fmodules-prune-interval\=86400 -fmodules-prune-after\=345600 -fbuild-session-file\=/Users/aadityasingh/Library/Developer/Xcode/DerivedData/ModuleCache.noindex/Session.modulevalidation -fmodules-validate-once-per-build-session -Wnon-modular-include-in-framework-module -Werror\=non-modular-include-in-framework-module -Wno-trigraphs -Wno-missing-field-initializers -Wno-missing-prototypes -Wno-return-type -Wno-missing-braces -Wparentheses -Wswitch -Wno-unused-function -Wno-unused-label -Wno-unused-parameter -Wno-unused-variable -Wunused-value -Wno-empty-body -Wno-uninitialized -Wno-unknown-pragmas -w -Wno-shadow -Wno-four-char-constants -Wno-conversion -Wno-constant-conversion -Wno-int-conversion -Wno-bool-conversion -Wno-enum-conversion -Wno-float-conversion -Wno-non-literal-null-conversion -Wno-objc-literal-conversion -Wshorten-64-to-32 -Wpointer-sign -Wno-newline-eof -Wno-implicit-fallthrough -isysroot /Applications/Xcode.app/Contents/Developer/Platforms/iPhoneSimulator.platform/Developer/SDKs/iPhoneSimulator26.4.sdk -fstrict-aliasing -Wdeprecated-declarations -Wno-sign-conversion -Wno-infinite-recursion -Wno-comma -Wno-block-capture-autoreleasing -Wno-strict-prototypes -Wno-semicolon-before-method-body -index-store-path /Users/aadityasingh/Library/Developer/Xcode/DerivedData/Chatlio-erkyzdeecsohoaggpwbjdvavzqfv/Index.noindex/DataStore @/Users/aadityasingh/Library/Developer/Xcode/DerivedData/Chatlio-erkyzdeecsohoaggpwbjdvavzqfv/Build/Intermediates.noindex/PostHog.build/Debug-iphonesimulator/phlibwebp.build/Objects-normal/arm64/7187679823f38a2a940e0043cdf9d637-common-args.resp -MMD -MT dependencies -MF /Users/aadityasingh/Library/Developer/Xcode/DerivedData/Chatlio-erkyzdeecsohoaggpwbjdvavzqfv/Build/Intermediates.noindex/PostHog.build/Debug-iphonesimulator/phlibwebp.build/Objects-normal/arm64/color_cache_utils.d --serialize-diagnostics /Users/aadityasingh/Library/Developer/Xcode/DerivedData/Chatlio-erkyzdeecsohoaggpwbjdvavzqfv/Build/Intermediates.noindex/PostHog.build/Debug-iphonesimulator/phlibwebp.build/Objects-normal/arm64/color_cache_utils.dia -c /Users/aadityasingh/Library/Developer/Xcode/DerivedData/Chatlio-erkyzdeecsohoaggpwbjdvavzqfv/SourcePackages/checkouts/posthog-ios/vendor/libwebp/color_cache_utils.c -o /Users/aadityasingh/Library/Developer/Xcode/DerivedData/Chatlio-erkyzdeecsohoaggpwbjdvavzqfv/Build/Intermediates.noindex/PostHog.build/Debug-iphonesimulator/phlibwebp.build/Objects-normal/arm64/color_cache_utils.o -index-unit-output-path /PostHog.build/Debug-iphonesimulator/phlibwebp.build/Objects-normal/arm64/color_cache_utils.o

ScanDependencies /Users/aadityasingh/Library/Developer/Xcode/DerivedData/Chatlio-erkyzdeecsohoaggpwbjdvavzqfv/Build/Intermediates.noindex/PostHog.build/Debug-iphonesimulator/phlibwebp.build/Objects-normal/arm64/bit_writer_utils.o /Users/aadityasingh/Library/Developer/Xcode/DerivedData/Chatlio-erkyzdeecsohoaggpwbjdvavzqfv/SourcePackages/checkouts/posthog-ios/vendor/libwebp/bit_writer_utils.c normal arm64 c com.apple.compilers.llvm.clang.1_0.compiler (in target 'phlibwebp' from project 'PostHog')
    cd /Users/aadityasingh/Documents/Development/element-x-ios/Chatlio.xcodeproj
    
    Using response file: /Users/aadityasingh/Library/Developer/Xcode/DerivedData/Chatlio-erkyzdeecsohoaggpwbjdvavzqfv/Build/Intermediates.noindex/PostHog.build/Debug-iphonesimulator/phlibwebp.build/Objects-normal/arm64/7187679823f38a2a940e0043cdf9d637-common-args.resp
    
    builtin-ScanDependencies -o /Users/aadityasingh/Library/Developer/Xcode/DerivedData/Chatlio-erkyzdeecsohoaggpwbjdvavzqfv/Build/Intermediates.noindex/PostHog.build/Debug-iphonesimulator/phlibwebp.build/Objects-normal/arm64/bit_writer_utils.o.scan -- /Applications/Xcode.app/Contents/Developer/Toolchains/XcodeDefault.xctoolchain/usr/bin/clang -x c -ivfsstatcache /Users/aadityasingh/Library/Developer/Xcode/DerivedData/SDKStatCaches.noindex/iphonesimulator26.4-23E252-686eebb5dc1d8ecb277353a59184f4aa.sdkstatcache -target arm64-apple-ios13.0-simulator -fmessage-length\=0 -fdiagnostics-show-note-include-stack -fmacro-backtrace-limit\=0 -fno-color-diagnostics -fmodules-prune-interval\=86400 -fmodules-prune-after\=345600 -fbuild-session-file\=/Users/aadityasingh/Library/Developer/Xcode/DerivedData/ModuleCache.noindex/Session.modulevalidation -fmodules-validate-once-per-build-session -Wnon-modular-include-in-framework-module -Werror\=non-modular-include-in-framework-module -Wno-trigraphs -Wno-missing-field-initializers -Wno-missing-prototypes -Wno-return-type -Wno-missing-braces -Wparentheses -Wswitch -Wno-unused-function -Wno-unused-label -Wno-unused-parameter -Wno-unused-variable -Wunused-value -Wno-empty-body -Wno-uninitialized -Wno-unknown-pragmas -w -Wno-shadow -Wno-four-char-constants -Wno-conversion -Wno-constant-conversion -Wno-int-conversion -Wno-bool-conversion -Wno-enum-conversion -Wno-float-conversion -Wno-non-literal-null-conversion -Wno-objc-literal-conversion -Wshorten-64-to-32 -Wpointer-sign -Wno-newline-eof -Wno-implicit-fallthrough -isysroot /Applications/Xcode.app/Contents/Developer/Platforms/iPhoneSimulator.platform/Developer/SDKs/iPhoneSimulator26.4.sdk -fstrict-aliasing -Wdeprecated-declarations -Wno-sign-conversion -Wno-infinite-recursion -Wno-comma -Wno-block-capture-autoreleasing -Wno-strict-prototypes -Wno-semicolon-before-method-body -index-store-path /Users/aadityasingh/Library/Developer/Xcode/DerivedData/Chatlio-erkyzdeecsohoaggpwbjdvavzqfv/Index.noindex/DataStore @/Users/aadityasingh/Library/Developer/Xcode/DerivedData/Chatlio-erkyzdeecsohoaggpwbjdvavzqfv/Build/Intermediates.noindex/PostHog.build/Debug-iphonesimulator/phlibwebp.build/Objects-normal/arm64/7187679823f38a2a940e0043cdf9d637-common-args.resp -MMD -MT dependencies -MF /Users/aadityasingh/Library/Developer/Xcode/DerivedData/Chatlio-erkyzdeecsohoaggpwbjdvavzqfv/Build/Intermediates.noindex/PostHog.build/Debug-iphonesimulator/phlibwebp.build/Objects-normal/arm64/bit_writer_utils.d --serialize-diagnostics /Users/aadityasingh/Library/Developer/Xcode/DerivedData/Chatlio-erkyzdeecsohoaggpwbjdvavzqfv/Build/Intermediates.noindex/PostHog.build/Debug-iphonesimulator/phlibwebp.build/Objects-normal/arm64/bit_writer_utils.dia -c /Users/aadityasingh/Library/Developer/Xcode/DerivedData/Chatlio-erkyzdeecsohoaggpwbjdvavzqfv/SourcePackages/checkouts/posthog-ios/vendor/libwebp/bit_writer_utils.c -o /Users/aadityasingh/Library/Developer/Xcode/DerivedData/Chatlio-erkyzdeecsohoaggpwbjdvavzqfv/Build/Intermediates.noindex/PostHog.build/Debug-iphonesimulator/phlibwebp.build/Objects-normal/arm64/bit_writer_utils.o -index-unit-output-path /PostHog.build/Debug-iphonesimulator/phlibwebp.build/Objects-normal/arm64/bit_writer_utils.o

ScanDependencies /Users/aadityasingh/Library/Developer/Xcode/DerivedData/Chatlio-erkyzdeecsohoaggpwbjdvavzqfv/Build/Intermediates.noindex/PostHog.build/Debug-iphonesimulator/phlibwebp.build/Objects-normal/arm64/bit_reader_utils.o /Users/aadityasingh/Library/Developer/Xcode/DerivedData/Chatlio-erkyzdeecsohoaggpwbjdvavzqfv/SourcePackages/checkouts/posthog-ios/vendor/libwebp/bit_reader_utils.c normal arm64 c com.apple.compilers.llvm.clang.1_0.compiler (in target 'phlibwebp' from project 'PostHog')
    cd /Users/aadityasingh/Documents/Development/element-x-ios/Chatlio.xcodeproj
    
    Using response file: /Users/aadityasingh/Library/Developer/Xcode/DerivedData/Chatlio-erkyzdeecsohoaggpwbjdvavzqfv/Build/Intermediates.noindex/PostHog.build/Debug-iphonesimulator/phlibwebp.build/Objects-normal/arm64/7187679823f38a2a940e0043cdf9d637-common-args.resp
    
    builtin-ScanDependencies -o /Users/aadityasingh/Library/Developer/Xcode/DerivedData/Chatlio-erkyzdeecsohoaggpwbjdvavzqfv/Build/Intermediates.noindex/PostHog.build/Debug-iphonesimulator/phlibwebp.build/Objects-normal/arm64/bit_reader_utils.o.scan -- /Applications/Xcode.app/Contents/Developer/Toolchains/XcodeDefault.xctoolchain/usr/bin/clang -x c -ivfsstatcache /Users/aadityasingh/Library/Developer/Xcode/DerivedData/SDKStatCaches.noindex/iphonesimulator26.4-23E252-686eebb5dc1d8ecb277353a59184f4aa.sdkstatcache -target arm64-apple-ios13.0-simulator -fmessage-length\=0 -fdiagnostics-show-note-include-stack -fmacro-backtrace-limit\=0 -fno-color-diagnostics -fmodules-prune-interval\=86400 -fmodules-prune-after\=345600 -fbuild-session-file\=/Users/aadityasingh/Library/Developer/Xcode/DerivedData/ModuleCache.noindex/Session.modulevalidation -fmodules-validate-once-per-build-session -Wnon-modular-include-in-framework-module -Werror\=non-modular-include-in-framework-module -Wno-trigraphs -Wno-missing-field-initializers -Wno-missing-prototypes -Wno-return-type -Wno-missing-braces -Wparentheses -Wswitch -Wno-unused-function -Wno-unused-label -Wno-unused-parameter -Wno-unused-variable -Wunused-value -Wno-empty-body -Wno-uninitialized -Wno-unknown-pragmas -w -Wno-shadow -Wno-four-char-constants -Wno-conversion -Wno-constant-conversion -Wno-int-conversion -Wno-bool-conversion -Wno-enum-conversion -Wno-float-conversion -Wno-non-literal-null-conversion -Wno-objc-literal-conversion -Wshorten-64-to-32 -Wpointer-sign -Wno-newline-eof -Wno-implicit-fallthrough -isysroot /Applications/Xcode.app/Contents/Developer/Platforms/iPhoneSimulator.platform/Developer/SDKs/iPhoneSimulator26.4.sdk -fstrict-aliasing -Wdeprecated-declarations -Wno-sign-conversion -Wno-infinite-recursion -Wno-comma -Wno-block-capture-autoreleasing -Wno-strict-prototypes -Wno-semicolon-before-method-body -index-store-path /Users/aadityasingh/Library/Developer/Xcode/DerivedData/Chatlio-erkyzdeecsohoaggpwbjdvavzqfv/Index.noindex/DataStore @/Users/aadityasingh/Library/Developer/Xcode/DerivedData/Chatlio-erkyzdeecsohoaggpwbjdvavzqfv/Build/Intermediates.noindex/PostHog.build/Debug-iphonesimulator/phlibwebp.build/Objects-normal/arm64/7187679823f38a2a940e0043cdf9d637-common-args.resp -MMD -MT dependencies -MF /Users/aadityasingh/Library/Developer/Xcode/DerivedData/Chatlio-erkyzdeecsohoaggpwbjdvavzqfv/Build/Intermediates.noindex/PostHog.build/Debug-iphonesimulator/phlibwebp.build/Objects-normal/arm64/bit_reader_utils.d --serialize-diagnostics /Users/aadityasingh/Library/Developer/Xcode/DerivedData/Chatlio-erkyzdeecsohoaggpwbjdvavzqfv/Build/Intermediates.noindex/PostHog.build/Debug-iphonesimulator/phlibwebp.build/Objects-normal/arm64/bit_reader_utils.dia -c /Users/aadityasingh/Library/Developer/Xcode/DerivedData/Chatlio-erkyzdeecsohoaggpwbjdvavzqfv/SourcePackages/checkouts/posthog-ios/vendor/libwebp/bit_reader_utils.c -o /Users/aadityasingh/Library/Developer/Xcode/DerivedData/Chatlio-erkyzdeecsohoaggpwbjdvavzqfv/Build/Intermediates.noindex/PostHog.build/Debug-iphonesimulator/phlibwebp.build/Objects-normal/arm64/bit_reader_utils.o -index-unit-output-path /PostHog.build/Debug-iphonesimulator/phlibwebp.build/Objects-normal/arm64/bit_reader_utils.o

PrecompileModule /Users/aadityasingh/Library/Developer/Xcode/DerivedData/Chatlio-erkyzdeecsohoaggpwbjdvavzqfv/Build/Intermediates.noindex/ExplicitPrecompiledModules/_Builtin_intrinsics-1UFQAU4OSSA9Z7UH3M0JCFETH.scan
    cd /
    builtin-precompileModule /Users/aadityasingh/Library/Developer/Xcode/DerivedData/Chatlio-erkyzdeecsohoaggpwbjdvavzqfv/Build/Intermediates.noindex/ExplicitPrecompiledModules/_Builtin_intrinsics-1UFQAU4OSSA9Z7UH3M0JCFETH.scan

PrecompileModule /Users/aadityasingh/Library/Developer/Xcode/DerivedData/Chatlio-erkyzdeecsohoaggpwbjdvavzqfv/Build/Intermediates.noindex/ExplicitPrecompiledModules/_DarwinFoundation3-5EYKAHUNEYUQA5LDSC2ZN3PS0.scan
    cd /
    builtin-precompileModule /Users/aadityasingh/Library/Developer/Xcode/DerivedData/Chatlio-erkyzdeecsohoaggpwbjdvavzqfv/Build/Intermediates.noindex/ExplicitPrecompiledModules/_DarwinFoundation3-5EYKAHUNEYUQA5LDSC2ZN3PS0.scan

ScanDependencies /Users/aadityasingh/Library/Developer/Xcode/DerivedData/Chatlio-erkyzdeecsohoaggpwbjdvavzqfv/Build/Intermediates.noindex/PostHog.build/Debug-iphonesimulator/phlibwebp.build/Objects-normal/arm64/backward_references_enc.o /Users/aadityasingh/Library/Developer/Xcode/DerivedData/Chatlio-erkyzdeecsohoaggpwbjdvavzqfv/SourcePackages/checkouts/posthog-ios/vendor/libwebp/backward_references_enc.c normal arm64 c com.apple.compilers.llvm.clang.1_0.compiler (in target 'phlibwebp' from project 'PostHog')
    cd /Users/aadityasingh/Documents/Development/element-x-ios/Chatlio.xcodeproj
    
    Using response file: /Users/aadityasingh/Library/Developer/Xcode/DerivedData/Chatlio-erkyzdeecsohoaggpwbjdvavzqfv/Build/Intermediates.noindex/PostHog.build/Debug-iphonesimulator/phlibwebp.build/Objects-normal/arm64/7187679823f38a2a940e0043cdf9d637-common-args.resp
    
    builtin-ScanDependencies -o /Users/aadityasingh/Library/Developer/Xcode/DerivedData/Chatlio-erkyzdeecsohoaggpwbjdvavzqfv/Build/Intermediates.noindex/PostHog.build/Debug-iphonesimulator/phlibwebp.build/Objects-normal/arm64/backward_references_enc.o.scan -- /Applications/Xcode.app/Contents/Developer/Toolchains/XcodeDefault.xctoolchain/usr/bin/clang -x c -ivfsstatcache /Users/aadityasingh/Library/Developer/Xcode/DerivedData/SDKStatCaches.noindex/iphonesimulator26.4-23E252-686eebb5dc1d8ecb277353a59184f4aa.sdkstatcache -target arm64-apple-ios13.0-simulator -fmessage-length\=0 -fdiagnostics-show-note-include-stack -fmacro-backtrace-limit\=0 -fno-color-diagnostics -fmodules-prune-interval\=86400 -fmodules-prune-after\=345600 -fbuild-session-file\=/Users/aadityasingh/Library/Developer/Xcode/DerivedData/ModuleCache.noindex/Session.modulevalidation -fmodules-validate-once-per-build-session -Wnon-modular-include-in-framework-module -Werror\=non-modular-include-in-framework-module -Wno-trigraphs -Wno-missing-field-initializers -Wno-missing-prototypes -Wno-return-type -Wno-missing-braces -Wparentheses -Wswitch -Wno-unused-function -Wno-unused-label -Wno-unused-parameter -Wno-unused-variable -Wunused-value -Wno-empty-body -Wno-uninitialized -Wno-unknown-pragmas -w -Wno-shadow -Wno-four-char-constants -Wno-conversion -Wno-constant-conversion -Wno-int-conversion -Wno-bool-conversion -Wno-enum-conversion -Wno-float-conversion -Wno-non-literal-null-conversion -Wno-objc-literal-conversion -Wshorten-64-to-32 -Wpointer-sign -Wno-newline-eof -Wno-implicit-fallthrough -isysroot /Applications/Xcode.app/Contents/Developer/Platforms/iPhoneSimulator.platform/Developer/SDKs/iPhoneSimulator26.4.sdk -fstrict-aliasing -Wdeprecated-declarations -Wno-sign-conversion -Wno-infinite-recursion -Wno-comma -Wno-block-capture-autoreleasing -Wno-strict-prototypes -Wno-semicolon-before-method-body -index-store-path /Users/aadityasingh/Library/Developer/Xcode/DerivedData/Chatlio-erkyzdeecsohoaggpwbjdvavzqfv/Index.noindex/DataStore @/Users/aadityasingh/Library/Developer/Xcode/DerivedData/Chatlio-erkyzdeecsohoaggpwbjdvavzqfv/Build/Intermediates.noindex/PostHog.build/Debug-iphonesimulator/phlibwebp.build/Objects-normal/arm64/7187679823f38a2a940e0043cdf9d637-common-args.resp -MMD -MT dependencies -MF /Users/aadityasingh/Library/Developer/Xcode/DerivedData/Chatlio-erkyzdeecsohoaggpwbjdvavzqfv/Build/Intermediates.noindex/PostHog.build/Debug-iphonesimulator/phlibwebp.build/Objects-normal/arm64/backward_references_enc.d --serialize-diagnostics /Users/aadityasingh/Library/Developer/Xcode/DerivedData/Chatlio-erkyzdeecsohoaggpwbjdvavzqfv/Build/Intermediates.noindex/PostHog.build/Debug-iphonesimulator/phlibwebp.build/Objects-normal/arm64/backward_references_enc.dia -c /Users/aadityasingh/Library/Developer/Xcode/DerivedData/Chatlio-erkyzdeecsohoaggpwbjdvavzqfv/SourcePackages/checkouts/posthog-ios/vendor/libwebp/backward_references_enc.c -o /Users/aadityasingh/Library/Developer/Xcode/DerivedData/Chatlio-erkyzdeecsohoaggpwbjdvavzqfv/Build/Intermediates.noindex/PostHog.build/Debug-iphonesimulator/phlibwebp.build/Objects-normal/arm64/backward_references_enc.o -index-unit-output-path /PostHog.build/Debug-iphonesimulator/phlibwebp.build/Objects-normal/arm64/backward_references_enc.o

ScanDependencies /Users/aadityasingh/Library/Developer/Xcode/DerivedData/Chatlio-erkyzdeecsohoaggpwbjdvavzqfv/Build/Intermediates.noindex/PostHog.build/Debug-iphonesimulator/phlibwebp.build/Objects-normal/arm64/backward_references_cost_enc.o /Users/aadityasingh/Library/Developer/Xcode/DerivedData/Chatlio-erkyzdeecsohoaggpwbjdvavzqfv/SourcePackages/checkouts/posthog-ios/vendor/libwebp/backward_references_cost_enc.c normal arm64 c com.apple.compilers.llvm.clang.1_0.compiler (in target 'phlibwebp' from project 'PostHog')
    cd /Users/aadityasingh/Documents/Development/element-x-ios/Chatlio.xcodeproj
    
    Using response file: /Users/aadityasingh/Library/Developer/Xcode/DerivedData/Chatlio-erkyzdeecsohoaggpwbjdvavzqfv/Build/Intermediates.noindex/PostHog.build/Debug-iphonesimulator/phlibwebp.build/Objects-normal/arm64/7187679823f38a2a940e0043cdf9d637-common-args.resp
    
    builtin-ScanDependencies -o /Users/aadityasingh/Library/Developer/Xcode/DerivedData/Chatlio-erkyzdeecsohoaggpwbjdvavzqfv/Build/Intermediates.noindex/PostHog.build/Debug-iphonesimulator/phlibwebp.build/Objects-normal/arm64/backward_references_cost_enc.o.scan -- /Applications/Xcode.app/Contents/Developer/Toolchains/XcodeDefault.xctoolchain/usr/bin/clang -x c -ivfsstatcache /Users/aadityasingh/Library/Developer/Xcode/DerivedData/SDKStatCaches.noindex/iphonesimulator26.4-23E252-686eebb5dc1d8ecb277353a59184f4aa.sdkstatcache -target arm64-apple-ios13.0-simulator -fmessage-length\=0 -fdiagnostics-show-note-include-stack -fmacro-backtrace-limit\=0 -fno-color-diagnostics -fmodules-prune-interval\=86400 -fmodules-prune-after\=345600 -fbuild-session-file\=/Users/aadityasingh/Library/Developer/Xcode/DerivedData/ModuleCache.noindex/Session.modulevalidation -fmodules-validate-once-per-build-session -Wnon-modular-include-in-framework-module -Werror\=non-modular-include-in-framework-module -Wno-trigraphs -Wno-missing-field-initializers -Wno-missing-prototypes -Wno-return-type -Wno-missing-braces -Wparentheses -Wswitch -Wno-unused-function -Wno-unused-label -Wno-unused-parameter -Wno-unused-variable -Wunused-value -Wno-empty-body -Wno-uninitialized -Wno-unknown-pragmas -w -Wno-shadow -Wno-four-char-constants -Wno-conversion -Wno-constant-conversion -Wno-int-conversion -Wno-bool-conversion -Wno-enum-conversion -Wno-float-conversion -Wno-non-literal-null-conversion -Wno-objc-literal-conversion -Wshorten-64-to-32 -Wpointer-sign -Wno-newline-eof -Wno-implicit-fallthrough -isysroot /Applications/Xcode.app/Contents/Developer/Platforms/iPhoneSimulator.platform/Developer/SDKs/iPhoneSimulator26.4.sdk -fstrict-aliasing -Wdeprecated-declarations -Wno-sign-conversion -Wno-infinite-recursion -Wno-comma -Wno-block-capture-autoreleasing -Wno-strict-prototypes -Wno-semicolon-before-method-body -index-store-path /Users/aadityasingh/Library/Developer/Xcode/DerivedData/Chatlio-erkyzdeecsohoaggpwbjdvavzqfv/Index.noindex/DataStore @/Users/aadityasingh/Library/Developer/Xcode/DerivedData/Chatlio-erkyzdeecsohoaggpwbjdvavzqfv/Build/Intermediates.noindex/PostHog.build/Debug-iphonesimulator/phlibwebp.build/Objects-normal/arm64/7187679823f38a2a940e0043cdf9d637-common-args.resp -MMD -MT dependencies -MF /Users/aadityasingh/Library/Developer/Xcode/DerivedData/Chatlio-erkyzdeecsohoaggpwbjdvavzqfv/Build/Intermediates.noindex/PostHog.build/Debug-iphonesimulator/phlibwebp.build/Objects-normal/arm64/backward_references_cost_enc.d --serialize-diagnostics /Users/aadityasingh/Library/Developer/Xcode/DerivedData/Chatlio-erkyzdeecsohoaggpwbjdvavzqfv/Build/Intermediates.noindex/PostHog.build/Debug-iphonesimulator/phlibwebp.build/Objects-normal/arm64/backward_references_cost_enc.dia -c /Users/aadityasingh/Library/Developer/Xcode/DerivedData/Chatlio-erkyzdeecsohoaggpwbjdvavzqfv/SourcePackages/checkouts/posthog-ios/vendor/libwebp/backward_references_cost_enc.c -o /Users/aadityasingh/Library/Developer/Xcode/DerivedData/Chatlio-erkyzdeecsohoaggpwbjdvavzqfv/Build/Intermediates.noindex/PostHog.build/Debug-iphonesimulator/phlibwebp.build/Objects-normal/arm64/backward_references_cost_enc.o -index-unit-output-path /PostHog.build/Debug-iphonesimulator/phlibwebp.build/Objects-normal/arm64/backward_references_cost_enc.o

ScanDependencies /Users/aadityasingh/Library/Developer/Xcode/DerivedData/Chatlio-erkyzdeecsohoaggpwbjdvavzqfv/Build/Intermediates.noindex/PostHog.build/Debug-iphonesimulator/phlibwebp.build/Objects-normal/arm64/analysis_enc.o /Users/aadityasingh/Library/Developer/Xcode/DerivedData/Chatlio-erkyzdeecsohoaggpwbjdvavzqfv/SourcePackages/checkouts/posthog-ios/vendor/libwebp/analysis_enc.c normal arm64 c com.apple.compilers.llvm.clang.1_0.compiler (in target 'phlibwebp' from project 'PostHog')
    cd /Users/aadityasingh/Documents/Development/element-x-ios/Chatlio.xcodeproj
    
    Using response file: /Users/aadityasingh/Library/Developer/Xcode/DerivedData/Chatlio-erkyzdeecsohoaggpwbjdvavzqfv/Build/Intermediates.noindex/PostHog.build/Debug-iphonesimulator/phlibwebp.build/Objects-normal/arm64/7187679823f38a2a940e0043cdf9d637-common-args.resp
    
    builtin-ScanDependencies -o /Users/aadityasingh/Library/Developer/Xcode/DerivedData/Chatlio-erkyzdeecsohoaggpwbjdvavzqfv/Build/Intermediates.noindex/PostHog.build/Debug-iphonesimulator/phlibwebp.build/Objects-normal/arm64/analysis_enc.o.scan -- /Applications/Xcode.app/Contents/Developer/Toolchains/XcodeDefault.xctoolchain/usr/bin/clang -x c -ivfsstatcache /Users/aadityasingh/Library/Developer/Xcode/DerivedData/SDKStatCaches.noindex/iphonesimulator26.4-23E252-686eebb5dc1d8ecb277353a59184f4aa.sdkstatcache -target arm64-apple-ios13.0-simulator -fmessage-length\=0 -fdiagnostics-show-note-include-stack -fmacro-backtrace-limit\=0 -fno-color-diagnostics -fmodules-prune-interval\=86400 -fmodules-prune-after\=345600 -fbuild-session-file\=/Users/aadityasingh/Library/Developer/Xcode/DerivedData/ModuleCache.noindex/Session.modulevalidation -fmodules-validate-once-per-build-session -Wnon-modular-include-in-framework-module -Werror\=non-modular-include-in-framework-module -Wno-trigraphs -Wno-missing-field-initializers -Wno-missing-prototypes -Wno-return-type -Wno-missing-braces -Wparentheses -Wswitch -Wno-unused-function -Wno-unused-label -Wno-unused-parameter -Wno-unused-variable -Wunused-value -Wno-empty-body -Wno-uninitialized -Wno-unknown-pragmas -w -Wno-shadow -Wno-four-char-constants -Wno-conversion -Wno-constant-conversion -Wno-int-conversion -Wno-bool-conversion -Wno-enum-conversion -Wno-float-conversion -Wno-non-literal-null-conversion -Wno-objc-literal-conversion -Wshorten-64-to-32 -Wpointer-sign -Wno-newline-eof -Wno-implicit-fallthrough -isysroot /Applications/Xcode.app/Contents/Developer/Platforms/iPhoneSimulator.platform/Developer/SDKs/iPhoneSimulator26.4.sdk -fstrict-aliasing -Wdeprecated-declarations -Wno-sign-conversion -Wno-infinite-recursion -Wno-comma -Wno-block-capture-autoreleasing -Wno-strict-prototypes -Wno-semicolon-before-method-body -index-store-path /Users/aadityasingh/Library/Developer/Xcode/DerivedData/Chatlio-erkyzdeecsohoaggpwbjdvavzqfv/Index.noindex/DataStore @/Users/aadityasingh/Library/Developer/Xcode/DerivedData/Chatlio-erkyzdeecsohoaggpwbjdvavzqfv/Build/Intermediates.noindex/PostHog.build/Debug-iphonesimulator/phlibwebp.build/Objects-normal/arm64/7187679823f38a2a940e0043cdf9d637-common-args.resp -MMD -MT dependencies -MF /Users/aadityasingh/Library/Developer/Xcode/DerivedData/Chatlio-erkyzdeecsohoaggpwbjdvavzqfv/Build/Intermediates.noindex/PostHog.build/Debug-iphonesimulator/phlibwebp.build/Objects-normal/arm64/analysis_enc.d --serialize-diagnostics /Users/aadityasingh/Library/Developer/Xcode/DerivedData/Chatlio-erkyzdeecsohoaggpwbjdvavzqfv/Build/Intermediates.noindex/PostHog.build/Debug-iphonesimulator/phlibwebp.build/Objects-normal/arm64/analysis_enc.dia -c /Users/aadityasingh/Library/Developer/Xcode/DerivedData/Chatlio-erkyzdeecsohoaggpwbjdvavzqfv/SourcePackages/checkouts/posthog-ios/vendor/libwebp/analysis_enc.c -o /Users/aadityasingh/Library/Developer/Xcode/DerivedData/Chatlio-erkyzdeecsohoaggpwbjdvavzqfv/Build/Intermediates.noindex/PostHog.build/Debug-iphonesimulator/phlibwebp.build/Objects-normal/arm64/analysis_enc.o -index-unit-output-path /PostHog.build/Debug-iphonesimulator/phlibwebp.build/Objects-normal/arm64/analysis_enc.o

ScanDependencies /Users/aadityasingh/Library/Developer/Xcode/DerivedData/Chatlio-erkyzdeecsohoaggpwbjdvavzqfv/Build/Intermediates.noindex/PostHog.build/Debug-iphonesimulator/phlibwebp.build/Objects-normal/arm64/alpha_processing_sse41.o /Users/aadityasingh/Library/Developer/Xcode/DerivedData/Chatlio-erkyzdeecsohoaggpwbjdvavzqfv/SourcePackages/checkouts/posthog-ios/vendor/libwebp/alpha_processing_sse41.c normal arm64 c com.apple.compilers.llvm.clang.1_0.compiler (in target 'phlibwebp' from project 'PostHog')
    cd /Users/aadityasingh/Documents/Development/element-x-ios/Chatlio.xcodeproj
    
    Using response file: /Users/aadityasingh/Library/Developer/Xcode/DerivedData/Chatlio-erkyzdeecsohoaggpwbjdvavzqfv/Build/Intermediates.noindex/PostHog.build/Debug-iphonesimulator/phlibwebp.build/Objects-normal/arm64/7187679823f38a2a940e0043cdf9d637-common-args.resp
    
    builtin-ScanDependencies -o /Users/aadityasingh/Library/Developer/Xcode/DerivedData/Chatlio-erkyzdeecsohoaggpwbjdvavzqfv/Build/Intermediates.noindex/PostHog.build/Debug-iphonesimulator/phlibwebp.build/Objects-normal/arm64/alpha_processing_sse41.o.scan -- /Applications/Xcode.app/Contents/Developer/Toolchains/XcodeDefault.xctoolchain/usr/bin/clang -x c -ivfsstatcache /Users/aadityasingh/Library/Developer/Xcode/DerivedData/SDKStatCaches.noindex/iphonesimulator26.4-23E252-686eebb5dc1d8ecb277353a59184f4aa.sdkstatcache -target arm64-apple-ios13.0-simulator -fmessage-length\=0 -fdiagnostics-show-note-include-stack -fmacro-backtrace-limit\=0 -fno-color-diagnostics -fmodules-prune-interval\=86400 -fmodules-prune-after\=345600 -fbuild-session-file\=/Users/aadityasingh/Library/Developer/Xcode/DerivedData/ModuleCache.noindex/Session.modulevalidation -fmodules-validate-once-per-build-session -Wnon-modular-include-in-framework-module -Werror\=non-modular-include-in-framework-module -Wno-trigraphs -Wno-missing-field-initializers -Wno-missing-prototypes -Wno-return-type -Wno-missing-braces -Wparentheses -Wswitch -Wno-unused-function -Wno-unused-label -Wno-unused-parameter -Wno-unused-variable -Wunused-value -Wno-empty-body -Wno-uninitialized -Wno-unknown-pragmas -w -Wno-shadow -Wno-four-char-constants -Wno-conversion -Wno-constant-conversion -Wno-int-conversion -Wno-bool-conversion -Wno-enum-conversion -Wno-float-conversion -Wno-non-literal-null-conversion -Wno-objc-literal-conversion -Wshorten-64-to-32 -Wpointer-sign -Wno-newline-eof -Wno-implicit-fallthrough -isysroot /Applications/Xcode.app/Contents/Developer/Platforms/iPhoneSimulator.platform/Developer/SDKs/iPhoneSimulator26.4.sdk -fstrict-aliasing -Wdeprecated-declarations -Wno-sign-conversion -Wno-infinite-recursion -Wno-comma -Wno-block-capture-autoreleasing -Wno-strict-prototypes -Wno-semicolon-before-method-body -index-store-path /Users/aadityasingh/Library/Developer/Xcode/DerivedData/Chatlio-erkyzdeecsohoaggpwbjdvavzqfv/Index.noindex/DataStore @/Users/aadityasingh/Library/Developer/Xcode/DerivedData/Chatlio-erkyzdeecsohoaggpwbjdvavzqfv/Build/Intermediates.noindex/PostHog.build/Debug-iphonesimulator/phlibwebp.build/Objects-normal/arm64/7187679823f38a2a940e0043cdf9d637-common-args.resp -MMD -MT dependencies -MF /Users/aadityasingh/Library/Developer/Xcode/DerivedData/Chatlio-erkyzdeecsohoaggpwbjdvavzqfv/Build/Intermediates.noindex/PostHog.build/Debug-iphonesimulator/phlibwebp.build/Objects-normal/arm64/alpha_processing_sse41.d --serialize-diagnostics /Users/aadityasingh/Library/Developer/Xcode/DerivedData/Chatlio-erkyzdeecsohoaggpwbjdvavzqfv/Build/Intermediates.noindex/PostHog.build/Debug-iphonesimulator/phlibwebp.build/Objects-normal/arm64/alpha_processing_sse41.dia -c /Users/aadityasingh/Library/Developer/Xcode/DerivedData/Chatlio-erkyzdeecsohoaggpwbjdvavzqfv/SourcePackages/checkouts/posthog-ios/vendor/libwebp/alpha_processing_sse41.c -o /Users/aadityasingh/Library/Developer/Xcode/DerivedData/Chatlio-erkyzdeecsohoaggpwbjdvavzqfv/Build/Intermediates.noindex/PostHog.build/Debug-iphonesimulator/phlibwebp.build/Objects-normal/arm64/alpha_processing_sse41.o -index-unit-output-path /PostHog.build/Debug-iphonesimulator/phlibwebp.build/Objects-normal/arm64/alpha_processing_sse41.o

ScanDependencies /Users/aadityasingh/Library/Developer/Xcode/DerivedData/Chatlio-erkyzdeecsohoaggpwbjdvavzqfv/Build/Intermediates.noindex/PostHog.build/Debug-iphonesimulator/phlibwebp.build/Objects-normal/arm64/alpha_processing_sse2.o /Users/aadityasingh/Library/Developer/Xcode/DerivedData/Chatlio-erkyzdeecsohoaggpwbjdvavzqfv/SourcePackages/checkouts/posthog-ios/vendor/libwebp/alpha_processing_sse2.c normal arm64 c com.apple.compilers.llvm.clang.1_0.compiler (in target 'phlibwebp' from project 'PostHog')
    cd /Users/aadityasingh/Documents/Development/element-x-ios/Chatlio.xcodeproj
    
    Using response file: /Users/aadityasingh/Library/Developer/Xcode/DerivedData/Chatlio-erkyzdeecsohoaggpwbjdvavzqfv/Build/Intermediates.noindex/PostHog.build/Debug-iphonesimulator/phlibwebp.build/Objects-normal/arm64/7187679823f38a2a940e0043cdf9d637-common-args.resp
    
    builtin-ScanDependencies -o /Users/aadityasingh/Library/Developer/Xcode/DerivedData/Chatlio-erkyzdeecsohoaggpwbjdvavzqfv/Build/Intermediates.noindex/PostHog.build/Debug-iphonesimulator/phlibwebp.build/Objects-normal/arm64/alpha_processing_sse2.o.scan -- /Applications/Xcode.app/Contents/Developer/Toolchains/XcodeDefault.xctoolchain/usr/bin/clang -x c -ivfsstatcache /Users/aadityasingh/Library/Developer/Xcode/DerivedData/SDKStatCaches.noindex/iphonesimulator26.4-23E252-686eebb5dc1d8ecb277353a59184f4aa.sdkstatcache -target arm64-apple-ios13.0-simulator -fmessage-length\=0 -fdiagnostics-show-note-include-stack -fmacro-backtrace-limit\=0 -fno-color-diagnostics -fmodules-prune-interval\=86400 -fmodules-prune-after\=345600 -fbuild-session-file\=/Users/aadityasingh/Library/Developer/Xcode/DerivedData/ModuleCache.noindex/Session.modulevalidation -fmodules-validate-once-per-build-session -Wnon-modular-include-in-framework-module -Werror\=non-modular-include-in-framework-module -Wno-trigraphs -Wno-missing-field-initializers -Wno-missing-prototypes -Wno-return-type -Wno-missing-braces -Wparentheses -Wswitch -Wno-unused-function -Wno-unused-label -Wno-unused-parameter -Wno-unused-variable -Wunused-value -Wno-empty-body -Wno-uninitialized -Wno-unknown-pragmas -w -Wno-shadow -Wno-four-char-constants -Wno-conversion -Wno-constant-conversion -Wno-int-conversion -Wno-bool-conversion -Wno-enum-conversion -Wno-float-conversion -Wno-non-literal-null-conversion -Wno-objc-literal-conversion -Wshorten-64-to-32 -Wpointer-sign -Wno-newline-eof -Wno-implicit-fallthrough -isysroot /Applications/Xcode.app/Contents/Developer/Platforms/iPhoneSimulator.platform/Developer/SDKs/iPhoneSimulator26.4.sdk -fstrict-aliasing -Wdeprecated-declarations -Wno-sign-conversion -Wno-infinite-recursion -Wno-comma -Wno-block-capture-autoreleasing -Wno-strict-prototypes -Wno-semicolon-before-method-body -index-store-path /Users/aadityasingh/Library/Developer/Xcode/DerivedData/Chatlio-erkyzdeecsohoaggpwbjdvavzqfv/Index.noindex/DataStore @/Users/aadityasingh/Library/Developer/Xcode/DerivedData/Chatlio-erkyzdeecsohoaggpwbjdvavzqfv/Build/Intermediates.noindex/PostHog.build/Debug-iphonesimulator/phlibwebp.build/Objects-normal/arm64/7187679823f38a2a940e0043cdf9d637-common-args.resp -MMD -MT dependencies -MF /Users/aadityasingh/Library/Developer/Xcode/DerivedData/Chatlio-erkyzdeecsohoaggpwbjdvavzqfv/Build/Intermediates.noindex/PostHog.build/Debug-iphonesimulator/phlibwebp.build/Objects-normal/arm64/alpha_processing_sse2.d --serialize-diagnostics /Users/aadityasingh/Library/Developer/Xcode/DerivedData/Chatlio-erkyzdeecsohoaggpwbjdvavzqfv/Build/Intermediates.noindex/PostHog.build/Debug-iphonesimulator/phlibwebp.build/Objects-normal/arm64/alpha_processing_sse2.dia -c /Users/aadityasingh/Library/Developer/Xcode/DerivedData/Chatlio-erkyzdeecsohoaggpwbjdvavzqfv/SourcePackages/checkouts/posthog-ios/vendor/libwebp/alpha_processing_sse2.c -o /Users/aadityasingh/Library/Developer/Xcode/DerivedData/Chatlio-erkyzdeecsohoaggpwbjdvavzqfv/Build/Intermediates.noindex/PostHog.build/Debug-iphonesimulator/phlibwebp.build/Objects-normal/arm64/alpha_processing_sse2.o -index-unit-output-path /PostHog.build/Debug-iphonesimulator/phlibwebp.build/Objects-normal/arm64/alpha_processing_sse2.o

ScanDependencies /Users/aadityasingh/Library/Developer/Xcode/DerivedData/Chatlio-erkyzdeecsohoaggpwbjdvavzqfv/Build/Intermediates.noindex/PostHog.build/Debug-iphonesimulator/phlibwebp.build/Objects-normal/arm64/alpha_processing_neon.o /Users/aadityasingh/Library/Developer/Xcode/DerivedData/Chatlio-erkyzdeecsohoaggpwbjdvavzqfv/SourcePackages/checkouts/posthog-ios/vendor/libwebp/alpha_processing_neon.c normal arm64 c com.apple.compilers.llvm.clang.1_0.compiler (in target 'phlibwebp' from project 'PostHog')
    cd /Users/aadityasingh/Documents/Development/element-x-ios/Chatlio.xcodeproj
    
    Using response file: /Users/aadityasingh/Library/Developer/Xcode/DerivedData/Chatlio-erkyzdeecsohoaggpwbjdvavzqfv/Build/Intermediates.noindex/PostHog.build/Debug-iphonesimulator/phlibwebp.build/Objects-normal/arm64/7187679823f38a2a940e0043cdf9d637-common-args.resp
    
    builtin-ScanDependencies -o /Users/aadityasingh/Library/Developer/Xcode/DerivedData/Chatlio-erkyzdeecsohoaggpwbjdvavzqfv/Build/Intermediates.noindex/PostHog.build/Debug-iphonesimulator/phlibwebp.build/Objects-normal/arm64/alpha_processing_neon.o.scan -- /Applications/Xcode.app/Contents/Developer/Toolchains/XcodeDefault.xctoolchain/usr/bin/clang -x c -ivfsstatcache /Users/aadityasingh/Library/Developer/Xcode/DerivedData/SDKStatCaches.noindex/iphonesimulator26.4-23E252-686eebb5dc1d8ecb277353a59184f4aa.sdkstatcache -target arm64-apple-ios13.0-simulator -fmessage-length\=0 -fdiagnostics-show-note-include-stack -fmacro-backtrace-limit\=0 -fno-color-diagnostics -fmodules-prune-interval\=86400 -fmodules-prune-after\=345600 -fbuild-session-file\=/Users/aadityasingh/Library/Developer/Xcode/DerivedData/ModuleCache.noindex/Session.modulevalidation -fmodules-validate-once-per-build-session -Wnon-modular-include-in-framework-module -Werror\=non-modular-include-in-framework-module -Wno-trigraphs -Wno-missing-field-initializers -Wno-missing-prototypes -Wno-return-type -Wno-missing-braces -Wparentheses -Wswitch -Wno-unused-function -Wno-unused-label -Wno-unused-parameter -Wno-unused-variable -Wunused-value -Wno-empty-body -Wno-uninitialized -Wno-unknown-pragmas -w -Wno-shadow -Wno-four-char-constants -Wno-conversion -Wno-constant-conversion -Wno-int-conversion -Wno-bool-conversion -Wno-enum-conversion -Wno-float-conversion -Wno-non-literal-null-conversion -Wno-objc-literal-conversion -Wshorten-64-to-32 -Wpointer-sign -Wno-newline-eof -Wno-implicit-fallthrough -isysroot /Applications/Xcode.app/Contents/Developer/Platforms/iPhoneSimulator.platform/Developer/SDKs/iPhoneSimulator26.4.sdk -fstrict-aliasing -Wdeprecated-declarations -Wno-sign-conversion -Wno-infinite-recursion -Wno-comma -Wno-block-capture-autoreleasing -Wno-strict-prototypes -Wno-semicolon-before-method-body -index-store-path /Users/aadityasingh/Library/Developer/Xcode/DerivedData/Chatlio-erkyzdeecsohoaggpwbjdvavzqfv/Index.noindex/DataStore @/Users/aadityasingh/Library/Developer/Xcode/DerivedData/Chatlio-erkyzdeecsohoaggpwbjdvavzqfv/Build/Intermediates.noindex/PostHog.build/Debug-iphonesimulator/phlibwebp.build/Objects-normal/arm64/7187679823f38a2a940e0043cdf9d637-common-args.resp -MMD -MT dependencies -MF /Users/aadityasingh/Library/Developer/Xcode/DerivedData/Chatlio-erkyzdeecsohoaggpwbjdvavzqfv/Build/Intermediates.noindex/PostHog.build/Debug-iphonesimulator/phlibwebp.build/Objects-normal/arm64/alpha_processing_neon.d --serialize-diagnostics /Users/aadityasingh/Library/Developer/Xcode/DerivedData/Chatlio-erkyzdeecsohoaggpwbjdvavzqfv/Build/Intermediates.noindex/PostHog.build/Debug-iphonesimulator/phlibwebp.build/Objects-normal/arm64/alpha_processing_neon.dia -c /Users/aadityasingh/Library/Developer/Xcode/DerivedData/Chatlio-erkyzdeecsohoaggpwbjdvavzqfv/SourcePackages/checkouts/posthog-ios/vendor/libwebp/alpha_processing_neon.c -o /Users/aadityasingh/Library/Developer/Xcode/DerivedData/Chatlio-erkyzdeecsohoaggpwbjdvavzqfv/Build/Intermediates.noindex/PostHog.build/Debug-iphonesimulator/phlibwebp.build/Objects-normal/arm64/alpha_processing_neon.o -index-unit-output-path /PostHog.build/Debug-iphonesimulator/phlibwebp.build/Objects-normal/arm64/alpha_processing_neon.o

ScanDependencies /Users/aadityasingh/Library/Developer/Xcode/DerivedData/Chatlio-erkyzdeecsohoaggpwbjdvavzqfv/Build/Intermediates.noindex/PostHog.build/Debug-iphonesimulator/phlibwebp.build/Objects-normal/arm64/alpha_processing.o /Users/aadityasingh/Library/Developer/Xcode/DerivedData/Chatlio-erkyzdeecsohoaggpwbjdvavzqfv/SourcePackages/checkouts/posthog-ios/vendor/libwebp/alpha_processing.c normal arm64 c com.apple.compilers.llvm.clang.1_0.compiler (in target 'phlibwebp' from project 'PostHog')
    cd /Users/aadityasingh/Documents/Development/element-x-ios/Chatlio.xcodeproj
    
    Using response file: /Users/aadityasingh/Library/Developer/Xcode/DerivedData/Chatlio-erkyzdeecsohoaggpwbjdvavzqfv/Build/Intermediates.noindex/PostHog.build/Debug-iphonesimulator/phlibwebp.build/Objects-normal/arm64/7187679823f38a2a940e0043cdf9d637-common-args.resp
    
    builtin-ScanDependencies -o /Users/aadityasingh/Library/Developer/Xcode/DerivedData/Chatlio-erkyzdeecsohoaggpwbjdvavzqfv/Build/Intermediates.noindex/PostHog.build/Debug-iphonesimulator/phlibwebp.build/Objects-normal/arm64/alpha_processing.o.scan -- /Applications/Xcode.app/Contents/Developer/Toolchains/XcodeDefault.xctoolchain/usr/bin/clang -x c -ivfsstatcache /Users/aadityasingh/Library/Developer/Xcode/DerivedData/SDKStatCaches.noindex/iphonesimulator26.4-23E252-686eebb5dc1d8ecb277353a59184f4aa.sdkstatcache -target arm64-apple-ios13.0-simulator -fmessage-length\=0 -fdiagnostics-show-note-include-stack -fmacro-backtrace-limit\=0 -fno-color-diagnostics -fmodules-prune-interval\=86400 -fmodules-prune-after\=345600 -fbuild-session-file\=/Users/aadityasingh/Library/Developer/Xcode/DerivedData/ModuleCache.noindex/Session.modulevalidation -fmodules-validate-once-per-build-session -Wnon-modular-include-in-framework-module -Werror\=non-modular-include-in-framework-module -Wno-trigraphs -Wno-missing-field-initializers -Wno-missing-prototypes -Wno-return-type -Wno-missing-braces -Wparentheses -Wswitch -Wno-unused-function -Wno-unused-label -Wno-unused-parameter -Wno-unused-variable -Wunused-value -Wno-empty-body -Wno-uninitialized -Wno-unknown-pragmas -w -Wno-shadow -Wno-four-char-constants -Wno-conversion -Wno-constant-conversion -Wno-int-conversion -Wno-bool-conversion -Wno-enum-conversion -Wno-float-conversion -Wno-non-literal-null-conversion -Wno-objc-literal-conversion -Wshorten-64-to-32 -Wpointer-sign -Wno-newline-eof -Wno-implicit-fallthrough -isysroot /Applications/Xcode.app/Contents/Developer/Platforms/iPhoneSimulator.platform/Developer/SDKs/iPhoneSimulator26.4.sdk -fstrict-aliasing -Wdeprecated-declarations -Wno-sign-conversion -Wno-infinite-recursion -Wno-comma -Wno-block-capture-autoreleasing -Wno-strict-prototypes -Wno-semicolon-before-method-body -index-store-path /Users/aadityasingh/Library/Developer/Xcode/DerivedData/Chatlio-erkyzdeecsohoaggpwbjdvavzqfv/Index.noindex/DataStore @/Users/aadityasingh/Library/Developer/Xcode/DerivedData/Chatlio-erkyzdeecsohoaggpwbjdvavzqfv/Build/Intermediates.noindex/PostHog.build/Debug-iphonesimulator/phlibwebp.build/Objects-normal/arm64/7187679823f38a2a940e0043cdf9d637-common-args.resp -MMD -MT dependencies -MF /Users/aadityasingh/Library/Developer/Xcode/DerivedData/Chatlio-erkyzdeecsohoaggpwbjdvavzqfv/Build/Intermediates.noindex/PostHog.build/Debug-iphonesimulator/phlibwebp.build/Objects-normal/arm64/alpha_processing.d --serialize-diagnostics /Users/aadityasingh/Library/Developer/Xcode/DerivedData/Chatlio-erkyzdeecsohoaggpwbjdvavzqfv/Build/Intermediates.noindex/PostHog.build/Debug-iphonesimulator/phlibwebp.build/Objects-normal/arm64/alpha_processing.dia -c /Users/aadityasingh/Library/Developer/Xcode/DerivedData/Chatlio-erkyzdeecsohoaggpwbjdvavzqfv/SourcePackages/checkouts/posthog-ios/vendor/libwebp/alpha_processing.c -o /Users/aadityasingh/Library/Developer/Xcode/DerivedData/Chatlio-erkyzdeecsohoaggpwbjdvavzqfv/Build/Intermediates.noindex/PostHog.build/Debug-iphonesimulator/phlibwebp.build/Objects-normal/arm64/alpha_processing.o -index-unit-output-path /PostHog.build/Debug-iphonesimulator/phlibwebp.build/Objects-normal/arm64/alpha_processing.o

ScanDependencies /Users/aadityasingh/Library/Developer/Xcode/DerivedData/Chatlio-erkyzdeecsohoaggpwbjdvavzqfv/Build/Intermediates.noindex/PostHog.build/Debug-iphonesimulator/phlibwebp.build/Objects-normal/arm64/alpha_enc.o /Users/aadityasingh/Library/Developer/Xcode/DerivedData/Chatlio-erkyzdeecsohoaggpwbjdvavzqfv/SourcePackages/checkouts/posthog-ios/vendor/libwebp/alpha_enc.c normal arm64 c com.apple.compilers.llvm.clang.1_0.compiler (in target 'phlibwebp' from project 'PostHog')
    cd /Users/aadityasingh/Documents/Development/element-x-ios/Chatlio.xcodeproj
    
    Using response file: /Users/aadityasingh/Library/Developer/Xcode/DerivedData/Chatlio-erkyzdeecsohoaggpwbjdvavzqfv/Build/Intermediates.noindex/PostHog.build/Debug-iphonesimulator/phlibwebp.build/Objects-normal/arm64/7187679823f38a2a940e0043cdf9d637-common-args.resp
    
    builtin-ScanDependencies -o /Users/aadityasingh/Library/Developer/Xcode/DerivedData/Chatlio-erkyzdeecsohoaggpwbjdvavzqfv/Build/Intermediates.noindex/PostHog.build/Debug-iphonesimulator/phlibwebp.build/Objects-normal/arm64/alpha_enc.o.scan -- /Applications/Xcode.app/Contents/Developer/Toolchains/XcodeDefault.xctoolchain/usr/bin/clang -x c -ivfsstatcache /Users/aadityasingh/Library/Developer/Xcode/DerivedData/SDKStatCaches.noindex/iphonesimulator26.4-23E252-686eebb5dc1d8ecb277353a59184f4aa.sdkstatcache -target arm64-apple-ios13.0-simulator -fmessage-length\=0 -fdiagnostics-show-note-include-stack -fmacro-backtrace-limit\=0 -fno-color-diagnostics -fmodules-prune-interval\=86400 -fmodules-prune-after\=345600 -fbuild-session-file\=/Users/aadityasingh/Library/Developer/Xcode/DerivedData/ModuleCache.noindex/Session.modulevalidation -fmodules-validate-once-per-build-session -Wnon-modular-include-in-framework-module -Werror\=non-modular-include-in-framework-module -Wno-trigraphs -Wno-missing-field-initializers -Wno-missing-prototypes -Wno-return-type -Wno-missing-braces -Wparentheses -Wswitch -Wno-unused-function -Wno-unused-label -Wno-unused-parameter -Wno-unused-variable -Wunused-value -Wno-empty-body -Wno-uninitialized -Wno-unknown-pragmas -w -Wno-shadow -Wno-four-char-constants -Wno-conversion -Wno-constant-conversion -Wno-int-conversion -Wno-bool-conversion -Wno-enum-conversion -Wno-float-conversion -Wno-non-literal-null-conversion -Wno-objc-literal-conversion -Wshorten-64-to-32 -Wpointer-sign -Wno-newline-eof -Wno-implicit-fallthrough -isysroot /Applications/Xcode.app/Contents/Developer/Platforms/iPhoneSimulator.platform/Developer/SDKs/iPhoneSimulator26.4.sdk -fstrict-aliasing -Wdeprecated-declarations -Wno-sign-conversion -Wno-infinite-recursion -Wno-comma -Wno-block-capture-autoreleasing -Wno-strict-prototypes -Wno-semicolon-before-method-body -index-store-path /Users/aadityasingh/Library/Developer/Xcode/DerivedData/Chatlio-erkyzdeecsohoaggpwbjdvavzqfv/Index.noindex/DataStore @/Users/aadityasingh/Library/Developer/Xcode/DerivedData/Chatlio-erkyzdeecsohoaggpwbjdvavzqfv/Build/Intermediates.noindex/PostHog.build/Debug-iphonesimulator/phlibwebp.build/Objects-normal/arm64/7187679823f38a2a940e0043cdf9d637-common-args.resp -MMD -MT dependencies -MF /Users/aadityasingh/Library/Developer/Xcode/DerivedData/Chatlio-erkyzdeecsohoaggpwbjdvavzqfv/Build/Intermediates.noindex/PostHog.build/Debug-iphonesimulator/phlibwebp.build/Objects-normal/arm64/alpha_enc.d --serialize-diagnostics /Users/aadityasingh/Library/Developer/Xcode/DerivedData/Chatlio-erkyzdeecsohoaggpwbjdvavzqfv/Build/Intermediates.noindex/PostHog.build/Debug-iphonesimulator/phlibwebp.build/Objects-normal/arm64/alpha_enc.dia -c /Users/aadityasingh/Library/Developer/Xcode/DerivedData/Chatlio-erkyzdeecsohoaggpwbjdvavzqfv/SourcePackages/checkouts/posthog-ios/vendor/libwebp/alpha_enc.c -o /Users/aadityasingh/Library/Developer/Xcode/DerivedData/Chatlio-erkyzdeecsohoaggpwbjdvavzqfv/Build/Intermediates.noindex/PostHog.build/Debug-iphonesimulator/phlibwebp.build/Objects-normal/arm64/alpha_enc.o -index-unit-output-path /PostHog.build/Debug-iphonesimulator/phlibwebp.build/Objects-normal/arm64/alpha_enc.o

WriteAuxiliaryFile /Users/aadityasingh/Library/Developer/Xcode/DerivedData/Chatlio-erkyzdeecsohoaggpwbjdvavzqfv/Build/Intermediates.noindex/WysiwygComposer.build/Debug-iphonesimulator/WysiwygComposer.build/WysiwygComposer.modulemap (in target 'WysiwygComposer' from project 'WysiwygComposer')
    cd /Users/aadityasingh/Library/Developer/Xcode/DerivedData/Chatlio-erkyzdeecsohoaggpwbjdvavzqfv/SourcePackages/checkouts/matrix-rich-text-editor-swift
    write-file /Users/aadityasingh/Library/Developer/Xcode/DerivedData/Chatlio-erkyzdeecsohoaggpwbjdvavzqfv/Build/Intermediates.noindex/WysiwygComposer.build/Debug-iphonesimulator/WysiwygComposer.build/WysiwygComposer.modulemap

WriteAuxiliaryFile /Users/aadityasingh/Library/Developer/Xcode/DerivedData/Chatlio-erkyzdeecsohoaggpwbjdvavzqfv/Build/Intermediates.noindex/WysiwygComposer.build/Debug-iphonesimulator/WysiwygComposer.build/WysiwygComposer.DependencyStaticMetadataFileList (in target 'WysiwygComposer' from project 'WysiwygComposer')
    cd /Users/aadityasingh/Library/Developer/Xcode/DerivedData/Chatlio-erkyzdeecsohoaggpwbjdvavzqfv/SourcePackages/checkouts/matrix-rich-text-editor-swift
    write-file /Users/aadityasingh/Library/Developer/Xcode/DerivedData/Chatlio-erkyzdeecsohoaggpwbjdvavzqfv/Build/Intermediates.noindex/WysiwygComposer.build/Debug-iphonesimulator/WysiwygComposer.build/WysiwygComposer.DependencyStaticMetadataFileList

WriteAuxiliaryFile /Users/aadityasingh/Library/Developer/Xcode/DerivedData/Chatlio-erkyzdeecsohoaggpwbjdvavzqfv/Build/Intermediates.noindex/WysiwygComposer.build/Debug-iphonesimulator/WysiwygComposer.build/WysiwygComposer.DependencyMetadataFileList (in target 'WysiwygComposer' from project 'WysiwygComposer')
    cd /Users/aadityasingh/Library/Developer/Xcode/DerivedData/Chatlio-erkyzdeecsohoaggpwbjdvavzqfv/SourcePackages/checkouts/matrix-rich-text-editor-swift
    write-file /Users/aadityasingh/Library/Developer/Xcode/DerivedData/Chatlio-erkyzdeecsohoaggpwbjdvavzqfv/Build/Intermediates.noindex/WysiwygComposer.build/Debug-iphonesimulator/WysiwygComposer.build/WysiwygComposer.DependencyMetadataFileList

WriteAuxiliaryFile /Users/aadityasingh/Library/Developer/Xcode/DerivedData/Chatlio-erkyzdeecsohoaggpwbjdvavzqfv/Build/Intermediates.noindex/WysiwygComposer.build/Debug-iphonesimulator/WysiwygComposer.build/Objects-normal/x86_64/WysiwygComposer.SwiftFileList (in target 'WysiwygComposer' from project 'WysiwygComposer')
    cd /Users/aadityasingh/Library/Developer/Xcode/DerivedData/Chatlio-erkyzdeecsohoaggpwbjdvavzqfv/SourcePackages/checkouts/matrix-rich-text-editor-swift
    write-file /Users/aadityasingh/Library/Developer/Xcode/DerivedData/Chatlio-erkyzdeecsohoaggpwbjdvavzqfv/Build/Intermediates.noindex/WysiwygComposer.build/Debug-iphonesimulator/WysiwygComposer.build/Objects-normal/x86_64/WysiwygComposer.SwiftFileList

WriteAuxiliaryFile /Users/aadityasingh/Library/Developer/Xcode/DerivedData/Chatlio-erkyzdeecsohoaggpwbjdvavzqfv/Build/Intermediates.noindex/WysiwygComposer.build/Debug-iphonesimulator/WysiwygComposer.build/Objects-normal/x86_64/WysiwygComposer_const_extract_protocols.json (in target 'WysiwygComposer' from project 'WysiwygComposer')
    cd /Users/aadityasingh/Library/Developer/Xcode/DerivedData/Chatlio-erkyzdeecsohoaggpwbjdvavzqfv/SourcePackages/checkouts/matrix-rich-text-editor-swift
    write-file /Users/aadityasingh/Library/Developer/Xcode/DerivedData/Chatlio-erkyzdeecsohoaggpwbjdvavzqfv/Build/Intermediates.noindex/WysiwygComposer.build/Debug-iphonesimulator/WysiwygComposer.build/Objects-normal/x86_64/WysiwygComposer_const_extract_protocols.json

WriteAuxiliaryFile /Users/aadityasingh/Library/Developer/Xcode/DerivedData/Chatlio-erkyzdeecsohoaggpwbjdvavzqfv/Build/Intermediates.noindex/WysiwygComposer.build/Debug-iphonesimulator/WysiwygComposer.build/Objects-normal/x86_64/WysiwygComposer.SwiftConstValuesFileList (in target 'WysiwygComposer' from project 'WysiwygComposer')
    cd /Users/aadityasingh/Library/Developer/Xcode/DerivedData/Chatlio-erkyzdeecsohoaggpwbjdvavzqfv/SourcePackages/checkouts/matrix-rich-text-editor-swift
    write-file /Users/aadityasingh/Library/Developer/Xcode/DerivedData/Chatlio-erkyzdeecsohoaggpwbjdvavzqfv/Build/Intermediates.noindex/WysiwygComposer.build/Debug-iphonesimulator/WysiwygComposer.build/Objects-normal/x86_64/WysiwygComposer.SwiftConstValuesFileList

WriteAuxiliaryFile /Users/aadityasingh/Library/Developer/Xcode/DerivedData/Chatlio-erkyzdeecsohoaggpwbjdvavzqfv/Build/Intermediates.noindex/WysiwygComposer.build/Debug-iphonesimulator/WysiwygComposer.build/Objects-normal/x86_64/WysiwygComposer.LinkFileList (in target 'WysiwygComposer' from project 'WysiwygComposer')
    cd /Users/aadityasingh/Library/Developer/Xcode/DerivedData/Chatlio-erkyzdeecsohoaggpwbjdvavzqfv/SourcePackages/checkouts/matrix-rich-text-editor-swift
    write-file /Users/aadityasingh/Library/Developer/Xcode/DerivedData/Chatlio-erkyzdeecsohoaggpwbjdvavzqfv/Build/Intermediates.noindex/WysiwygComposer.build/Debug-iphonesimulator/WysiwygComposer.build/Objects-normal/x86_64/WysiwygComposer.LinkFileList

WriteAuxiliaryFile /Users/aadityasingh/Library/Developer/Xcode/DerivedData/Chatlio-erkyzdeecsohoaggpwbjdvavzqfv/Build/Intermediates.noindex/WysiwygComposer.build/Debug-iphonesimulator/WysiwygComposer.build/Objects-normal/x86_64/WysiwygComposer-OutputFileMap.json (in target 'WysiwygComposer' from project 'WysiwygComposer')
    cd /Users/aadityasingh/Library/Developer/Xcode/DerivedData/Chatlio-erkyzdeecsohoaggpwbjdvavzqfv/SourcePackages/checkouts/matrix-rich-text-editor-swift
    write-file /Users/aadityasingh/Library/Developer/Xcode/DerivedData/Chatlio-erkyzdeecsohoaggpwbjdvavzqfv/Build/Intermediates.noindex/WysiwygComposer.build/Debug-iphonesimulator/WysiwygComposer.build/Objects-normal/x86_64/WysiwygComposer-OutputFileMap.json

WriteAuxiliaryFile /Users/aadityasingh/Library/Developer/Xcode/DerivedData/Chatlio-erkyzdeecsohoaggpwbjdvavzqfv/Build/Intermediates.noindex/WysiwygComposer.build/Debug-iphonesimulator/WysiwygComposer.build/Objects-normal/arm64/WysiwygComposer_const_extract_protocols.json (in target 'WysiwygComposer' from project 'WysiwygComposer')
    cd /Users/aadityasingh/Library/Developer/Xcode/DerivedData/Chatlio-erkyzdeecsohoaggpwbjdvavzqfv/SourcePackages/checkouts/matrix-rich-text-editor-swift
    write-file /Users/aadityasingh/Library/Developer/Xcode/DerivedData/Chatlio-erkyzdeecsohoaggpwbjdvavzqfv/Build/Intermediates.noindex/WysiwygComposer.build/Debug-iphonesimulator/WysiwygComposer.build/Objects-normal/arm64/WysiwygComposer_const_extract_protocols.json

WriteAuxiliaryFile /Users/aadityasingh/Library/Developer/Xcode/DerivedData/Chatlio-erkyzdeecsohoaggpwbjdvavzqfv/Build/Intermediates.noindex/WysiwygComposer.build/Debug-iphonesimulator/WysiwygComposer.build/Objects-normal/arm64/WysiwygComposer.SwiftFileList (in target 'WysiwygComposer' from project 'WysiwygComposer')
    cd /Users/aadityasingh/Library/Developer/Xcode/DerivedData/Chatlio-erkyzdeecsohoaggpwbjdvavzqfv/SourcePackages/checkouts/matrix-rich-text-editor-swift
    write-file /Users/aadityasingh/Library/Developer/Xcode/DerivedData/Chatlio-erkyzdeecsohoaggpwbjdvavzqfv/Build/Intermediates.noindex/WysiwygComposer.build/Debug-iphonesimulator/WysiwygComposer.build/Objects-normal/arm64/WysiwygComposer.SwiftFileList

WriteAuxiliaryFile /Users/aadityasingh/Library/Developer/Xcode/DerivedData/Chatlio-erkyzdeecsohoaggpwbjdvavzqfv/Build/Intermediates.noindex/WysiwygComposer.build/Debug-iphonesimulator/WysiwygComposer.build/Objects-normal/arm64/WysiwygComposer.SwiftConstValuesFileList (in target 'WysiwygComposer' from project 'WysiwygComposer')
    cd /Users/aadityasingh/Library/Developer/Xcode/DerivedData/Chatlio-erkyzdeecsohoaggpwbjdvavzqfv/SourcePackages/checkouts/matrix-rich-text-editor-swift
    write-file /Users/aadityasingh/Library/Developer/Xcode/DerivedData/Chatlio-erkyzdeecsohoaggpwbjdvavzqfv/Build/Intermediates.noindex/WysiwygComposer.build/Debug-iphonesimulator/WysiwygComposer.build/Objects-normal/arm64/WysiwygComposer.SwiftConstValuesFileList

WriteAuxiliaryFile /Users/aadityasingh/Library/Developer/Xcode/DerivedData/Chatlio-erkyzdeecsohoaggpwbjdvavzqfv/Build/Intermediates.noindex/WysiwygComposer.build/Debug-iphonesimulator/WysiwygComposer.build/Objects-normal/arm64/WysiwygComposer.LinkFileList (in target 'WysiwygComposer' from project 'WysiwygComposer')
    cd /Users/aadityasingh/Library/Developer/Xcode/DerivedData/Chatlio-erkyzdeecsohoaggpwbjdvavzqfv/SourcePackages/checkouts/matrix-rich-text-editor-swift
    write-file /Users/aadityasingh/Library/Developer/Xcode/DerivedData/Chatlio-erkyzdeecsohoaggpwbjdvavzqfv/Build/Intermediates.noindex/WysiwygComposer.build/Debug-iphonesimulator/WysiwygComposer.build/Objects-normal/arm64/WysiwygComposer.LinkFileList

WriteAuxiliaryFile /Users/aadityasingh/Library/Developer/Xcode/DerivedData/Chatlio-erkyzdeecsohoaggpwbjdvavzqfv/Build/Intermediates.noindex/WysiwygComposer.build/Debug-iphonesimulator/WysiwygComposer.build/Objects-normal/arm64/WysiwygComposer-OutputFileMap.json (in target 'WysiwygComposer' from project 'WysiwygComposer')
    cd /Users/aadityasingh/Library/Developer/Xcode/DerivedData/Chatlio-erkyzdeecsohoaggpwbjdvavzqfv/SourcePackages/checkouts/matrix-rich-text-editor-swift
    write-file /Users/aadityasingh/Library/Developer/Xcode/DerivedData/Chatlio-erkyzdeecsohoaggpwbjdvavzqfv/Build/Intermediates.noindex/WysiwygComposer.build/Debug-iphonesimulator/WysiwygComposer.build/Objects-normal/arm64/WysiwygComposer-OutputFileMap.json

Copy /Users/aadityasingh/Library/Developer/Xcode/DerivedData/Chatlio-erkyzdeecsohoaggpwbjdvavzqfv/Build/Intermediates.noindex/GeneratedModuleMaps-iphonesimulator/WysiwygComposer.modulemap /Users/aadityasingh/Library/Developer/Xcode/DerivedData/Chatlio-erkyzdeecsohoaggpwbjdvavzqfv/Build/Intermediates.noindex/WysiwygComposer.build/Debug-iphonesimulator/WysiwygComposer.build/WysiwygComposer.modulemap (in target 'WysiwygComposer' from project 'WysiwygComposer')
    cd /Users/aadityasingh/Library/Developer/Xcode/DerivedData/Chatlio-erkyzdeecsohoaggpwbjdvavzqfv/SourcePackages/checkouts/matrix-rich-text-editor-swift
    builtin-copy -exclude .DS_Store -exclude CVS -exclude .svn -exclude .git -exclude .hg -resolve-src-symlinks /Users/aadityasingh/Library/Developer/Xcode/DerivedData/Chatlio-erkyzdeecsohoaggpwbjdvavzqfv/Build/Intermediates.noindex/WysiwygComposer.build/Debug-iphonesimulator/WysiwygComposer.build/WysiwygComposer.modulemap /Users/aadityasingh/Library/Developer/Xcode/DerivedData/Chatlio-erkyzdeecsohoaggpwbjdvavzqfv/Build/Intermediates.noindex/GeneratedModuleMaps-iphonesimulator

WriteAuxiliaryFile /Users/aadityasingh/Library/Developer/Xcode/DerivedData/Chatlio-erkyzdeecsohoaggpwbjdvavzqfv/Build/Intermediates.noindex/SwiftOGG.build/Debug-iphonesimulator/SwiftOGG.build/SwiftOGG.modulemap (in target 'SwiftOGG' from project 'SwiftOGG')
    cd /Users/aadityasingh/Library/Developer/Xcode/DerivedData/Chatlio-erkyzdeecsohoaggpwbjdvavzqfv/SourcePackages/checkouts/swift-ogg
    write-file /Users/aadityasingh/Library/Developer/Xcode/DerivedData/Chatlio-erkyzdeecsohoaggpwbjdvavzqfv/Build/Intermediates.noindex/SwiftOGG.build/Debug-iphonesimulator/SwiftOGG.build/SwiftOGG.modulemap

WriteAuxiliaryFile /Users/aadityasingh/Library/Developer/Xcode/DerivedData/Chatlio-erkyzdeecsohoaggpwbjdvavzqfv/Build/Intermediates.noindex/SwiftOGG.build/Debug-iphonesimulator/SwiftOGG.build/SwiftOGG.DependencyStaticMetadataFileList (in target 'SwiftOGG' from project 'SwiftOGG')
    cd /Users/aadityasingh/Library/Developer/Xcode/DerivedData/Chatlio-erkyzdeecsohoaggpwbjdvavzqfv/SourcePackages/checkouts/swift-ogg
    write-file /Users/aadityasingh/Library/Developer/Xcode/DerivedData/Chatlio-erkyzdeecsohoaggpwbjdvavzqfv/Build/Intermediates.noindex/SwiftOGG.build/Debug-iphonesimulator/SwiftOGG.build/SwiftOGG.DependencyStaticMetadataFileList

WriteAuxiliaryFile /Users/aadityasingh/Library/Developer/Xcode/DerivedData/Chatlio-erkyzdeecsohoaggpwbjdvavzqfv/Build/Intermediates.noindex/SwiftOGG.build/Debug-iphonesimulator/SwiftOGG.build/SwiftOGG.DependencyMetadataFileList (in target 'SwiftOGG' from project 'SwiftOGG')
    cd /Users/aadityasingh/Library/Developer/Xcode/DerivedData/Chatlio-erkyzdeecsohoaggpwbjdvavzqfv/SourcePackages/checkouts/swift-ogg
    write-file /Users/aadityasingh/Library/Developer/Xcode/DerivedData/Chatlio-erkyzdeecsohoaggpwbjdvavzqfv/Build/Intermediates.noindex/SwiftOGG.build/Debug-iphonesimulator/SwiftOGG.build/SwiftOGG.DependencyMetadataFileList

WriteAuxiliaryFile /Users/aadityasingh/Library/Developer/Xcode/DerivedData/Chatlio-erkyzdeecsohoaggpwbjdvavzqfv/Build/Intermediates.noindex/SwiftOGG.build/Debug-iphonesimulator/SwiftOGG.build/Objects-normal/x86_64/SwiftOGG_const_extract_protocols.json (in target 'SwiftOGG' from project 'SwiftOGG')
    cd /Users/aadityasingh/Library/Developer/Xcode/DerivedData/Chatlio-erkyzdeecsohoaggpwbjdvavzqfv/SourcePackages/checkouts/swift-ogg
    write-file /Users/aadityasingh/Library/Developer/Xcode/DerivedData/Chatlio-erkyzdeecsohoaggpwbjdvavzqfv/Build/Intermediates.noindex/SwiftOGG.build/Debug-iphonesimulator/SwiftOGG.build/Objects-normal/x86_64/SwiftOGG_const_extract_protocols.json

WriteAuxiliaryFile /Users/aadityasingh/Library/Developer/Xcode/DerivedData/Chatlio-erkyzdeecsohoaggpwbjdvavzqfv/Build/Intermediates.noindex/SwiftOGG.build/Debug-iphonesimulator/SwiftOGG.build/Objects-normal/x86_64/SwiftOGG.SwiftConstValuesFileList (in target 'SwiftOGG' from project 'SwiftOGG')
    cd /Users/aadityasingh/Library/Developer/Xcode/DerivedData/Chatlio-erkyzdeecsohoaggpwbjdvavzqfv/SourcePackages/checkouts/swift-ogg
    write-file /Users/aadityasingh/Library/Developer/Xcode/DerivedData/Chatlio-erkyzdeecsohoaggpwbjdvavzqfv/Build/Intermediates.noindex/SwiftOGG.build/Debug-iphonesimulator/SwiftOGG.build/Objects-normal/x86_64/SwiftOGG.SwiftConstValuesFileList

WriteAuxiliaryFile /Users/aadityasingh/Library/Developer/Xcode/DerivedData/Chatlio-erkyzdeecsohoaggpwbjdvavzqfv/Build/Intermediates.noindex/SwiftOGG.build/Debug-iphonesimulator/SwiftOGG.build/Objects-normal/x86_64/SwiftOGG.SwiftFileList (in target 'SwiftOGG' from project 'SwiftOGG')
    cd /Users/aadityasingh/Library/Developer/Xcode/DerivedData/Chatlio-erkyzdeecsohoaggpwbjdvavzqfv/SourcePackages/checkouts/swift-ogg
    write-file /Users/aadityasingh/Library/Developer/Xcode/DerivedData/Chatlio-erkyzdeecsohoaggpwbjdvavzqfv/Build/Intermediates.noindex/SwiftOGG.build/Debug-iphonesimulator/SwiftOGG.build/Objects-normal/x86_64/SwiftOGG.SwiftFileList

WriteAuxiliaryFile /Users/aadityasingh/Library/Developer/Xcode/DerivedData/Chatlio-erkyzdeecsohoaggpwbjdvavzqfv/Build/Intermediates.noindex/SwiftOGG.build/Debug-iphonesimulator/SwiftOGG.build/Objects-normal/x86_64/SwiftOGG.LinkFileList (in target 'SwiftOGG' from project 'SwiftOGG')
    cd /Users/aadityasingh/Library/Developer/Xcode/DerivedData/Chatlio-erkyzdeecsohoaggpwbjdvavzqfv/SourcePackages/checkouts/swift-ogg
    write-file /Users/aadityasingh/Library/Developer/Xcode/DerivedData/Chatlio-erkyzdeecsohoaggpwbjdvavzqfv/Build/Intermediates.noindex/SwiftOGG.build/Debug-iphonesimulator/SwiftOGG.build/Objects-normal/x86_64/SwiftOGG.LinkFileList

WriteAuxiliaryFile /Users/aadityasingh/Library/Developer/Xcode/DerivedData/Chatlio-erkyzdeecsohoaggpwbjdvavzqfv/Build/Intermediates.noindex/SwiftOGG.build/Debug-iphonesimulator/SwiftOGG.build/Objects-normal/x86_64/SwiftOGG-OutputFileMap.json (in target 'SwiftOGG' from project 'SwiftOGG')
    cd /Users/aadityasingh/Library/Developer/Xcode/DerivedData/Chatlio-erkyzdeecsohoaggpwbjdvavzqfv/SourcePackages/checkouts/swift-ogg
    write-file /Users/aadityasingh/Library/Developer/Xcode/DerivedData/Chatlio-erkyzdeecsohoaggpwbjdvavzqfv/Build/Intermediates.noindex/SwiftOGG.build/Debug-iphonesimulator/SwiftOGG.build/Objects-normal/x86_64/SwiftOGG-OutputFileMap.json

WriteAuxiliaryFile /Users/aadityasingh/Library/Developer/Xcode/DerivedData/Chatlio-erkyzdeecsohoaggpwbjdvavzqfv/Build/Intermediates.noindex/SwiftOGG.build/Debug-iphonesimulator/SwiftOGG.build/Objects-normal/arm64/SwiftOGG_const_extract_protocols.json (in target 'SwiftOGG' from project 'SwiftOGG')
    cd /Users/aadityasingh/Library/Developer/Xcode/DerivedData/Chatlio-erkyzdeecsohoaggpwbjdvavzqfv/SourcePackages/checkouts/swift-ogg
    write-file /Users/aadityasingh/Library/Developer/Xcode/DerivedData/Chatlio-erkyzdeecsohoaggpwbjdvavzqfv/Build/Intermediates.noindex/SwiftOGG.build/Debug-iphonesimulator/SwiftOGG.build/Objects-normal/arm64/SwiftOGG_const_extract_protocols.json

WriteAuxiliaryFile /Users/aadityasingh/Library/Developer/Xcode/DerivedData/Chatlio-erkyzdeecsohoaggpwbjdvavzqfv/Build/Intermediates.noindex/SwiftOGG.build/Debug-iphonesimulator/SwiftOGG.build/Objects-normal/arm64/SwiftOGG.SwiftFileList (in target 'SwiftOGG' from project 'SwiftOGG')
    cd /Users/aadityasingh/Library/Developer/Xcode/DerivedData/Chatlio-erkyzdeecsohoaggpwbjdvavzqfv/SourcePackages/checkouts/swift-ogg
    write-file /Users/aadityasingh/Library/Developer/Xcode/DerivedData/Chatlio-erkyzdeecsohoaggpwbjdvavzqfv/Build/Intermediates.noindex/SwiftOGG.build/Debug-iphonesimulator/SwiftOGG.build/Objects-normal/arm64/SwiftOGG.SwiftFileList

WriteAuxiliaryFile /Users/aadityasingh/Library/Developer/Xcode/DerivedData/Chatlio-erkyzdeecsohoaggpwbjdvavzqfv/Build/Intermediates.noindex/SwiftOGG.build/Debug-iphonesimulator/SwiftOGG.build/Objects-normal/arm64/SwiftOGG.SwiftConstValuesFileList (in target 'SwiftOGG' from project 'SwiftOGG')
    cd /Users/aadityasingh/Library/Developer/Xcode/DerivedData/Chatlio-erkyzdeecsohoaggpwbjdvavzqfv/SourcePackages/checkouts/swift-ogg
    write-file /Users/aadityasingh/Library/Developer/Xcode/DerivedData/Chatlio-erkyzdeecsohoaggpwbjdvavzqfv/Build/Intermediates.noindex/SwiftOGG.build/Debug-iphonesimulator/SwiftOGG.build/Objects-normal/arm64/SwiftOGG.SwiftConstValuesFileList

WriteAuxiliaryFile /Users/aadityasingh/Library/Developer/Xcode/DerivedData/Chatlio-erkyzdeecsohoaggpwbjdvavzqfv/Build/Intermediates.noindex/SwiftOGG.build/Debug-iphonesimulator/SwiftOGG.build/Objects-normal/arm64/SwiftOGG.LinkFileList (in target 'SwiftOGG' from project 'SwiftOGG')
    cd /Users/aadityasingh/Library/Developer/Xcode/DerivedData/Chatlio-erkyzdeecsohoaggpwbjdvavzqfv/SourcePackages/checkouts/swift-ogg
    write-file /Users/aadityasingh/Library/Developer/Xcode/DerivedData/Chatlio-erkyzdeecsohoaggpwbjdvavzqfv/Build/Intermediates.noindex/SwiftOGG.build/Debug-iphonesimulator/SwiftOGG.build/Objects-normal/arm64/SwiftOGG.LinkFileList

WriteAuxiliaryFile /Users/aadityasingh/Library/Developer/Xcode/DerivedData/Chatlio-erkyzdeecsohoaggpwbjdvavzqfv/Build/Intermediates.noindex/SwiftOGG.build/Debug-iphonesimulator/SwiftOGG.build/Objects-normal/arm64/SwiftOGG-OutputFileMap.json (in target 'SwiftOGG' from project 'SwiftOGG')
    cd /Users/aadityasingh/Library/Developer/Xcode/DerivedData/Chatlio-erkyzdeecsohoaggpwbjdvavzqfv/SourcePackages/checkouts/swift-ogg
    write-file /Users/aadityasingh/Library/Developer/Xcode/DerivedData/Chatlio-erkyzdeecsohoaggpwbjdvavzqfv/Build/Intermediates.noindex/SwiftOGG.build/Debug-iphonesimulator/SwiftOGG.build/Objects-normal/arm64/SwiftOGG-OutputFileMap.json

Copy /Users/aadityasingh/Library/Developer/Xcode/DerivedData/Chatlio-erkyzdeecsohoaggpwbjdvavzqfv/Build/Intermediates.noindex/GeneratedModuleMaps-iphonesimulator/SwiftOGG.modulemap /Users/aadityasingh/Library/Developer/Xcode/DerivedData/Chatlio-erkyzdeecsohoaggpwbjdvavzqfv/Build/Intermediates.noindex/SwiftOGG.build/Debug-iphonesimulator/SwiftOGG.build/SwiftOGG.modulemap (in target 'SwiftOGG' from project 'SwiftOGG')
    cd /Users/aadityasingh/Library/Developer/Xcode/DerivedData/Chatlio-erkyzdeecsohoaggpwbjdvavzqfv/SourcePackages/checkouts/swift-ogg
    builtin-copy -exclude .DS_Store -exclude CVS -exclude .svn -exclude .git -exclude .hg -resolve-src-symlinks /Users/aadityasingh/Library/Developer/Xcode/DerivedData/Chatlio-erkyzdeecsohoaggpwbjdvavzqfv/Build/Intermediates.noindex/SwiftOGG.build/Debug-iphonesimulator/SwiftOGG.build/SwiftOGG.modulemap /Users/aadityasingh/Library/Developer/Xcode/DerivedData/Chatlio-erkyzdeecsohoaggpwbjdvavzqfv/Build/Intermediates.noindex/GeneratedModuleMaps-iphonesimulator

WriteAuxiliaryFile /Users/aadityasingh/Library/Developer/Xcode/DerivedData/Chatlio-erkyzdeecsohoaggpwbjdvavzqfv/Build/Intermediates.noindex/Sentry.build/Debug-iphonesimulator/SentrySwiftUI.build/SentrySwiftUI.modulemap (in target 'SentrySwiftUI' from project 'Sentry')
    cd /Users/aadityasingh/Library/Developer/Xcode/DerivedData/Chatlio-erkyzdeecsohoaggpwbjdvavzqfv/SourcePackages/checkouts/sentry-cocoa
    write-file /Users/aadityasingh/Library/Developer/Xcode/DerivedData/Chatlio-erkyzdeecsohoaggpwbjdvavzqfv/Build/Intermediates.noindex/Sentry.build/Debug-iphonesimulator/SentrySwiftUI.build/SentrySwiftUI.modulemap

WriteAuxiliaryFile /Users/aadityasingh/Library/Developer/Xcode/DerivedData/Chatlio-erkyzdeecsohoaggpwbjdvavzqfv/Build/Intermediates.noindex/Sentry.build/Debug-iphonesimulator/SentrySwiftUI.build/SentrySwiftUI.DependencyStaticMetadataFileList (in target 'SentrySwiftUI' from project 'Sentry')
    cd /Users/aadityasingh/Library/Developer/Xcode/DerivedData/Chatlio-erkyzdeecsohoaggpwbjdvavzqfv/SourcePackages/checkouts/sentry-cocoa
    write-file /Users/aadityasingh/Library/Developer/Xcode/DerivedData/Chatlio-erkyzdeecsohoaggpwbjdvavzqfv/Build/Intermediates.noindex/Sentry.build/Debug-iphonesimulator/SentrySwiftUI.build/SentrySwiftUI.DependencyStaticMetadataFileList

WriteAuxiliaryFile /Users/aadityasingh/Library/Developer/Xcode/DerivedData/Chatlio-erkyzdeecsohoaggpwbjdvavzqfv/Build/Intermediates.noindex/Sentry.build/Debug-iphonesimulator/SentrySwiftUI.build/SentrySwiftUI.DependencyMetadataFileList (in target 'SentrySwiftUI' from project 'Sentry')
    cd /Users/aadityasingh/Library/Developer/Xcode/DerivedData/Chatlio-erkyzdeecsohoaggpwbjdvavzqfv/SourcePackages/checkouts/sentry-cocoa
    write-file /Users/aadityasingh/Library/Developer/Xcode/DerivedData/Chatlio-erkyzdeecsohoaggpwbjdvavzqfv/Build/Intermediates.noindex/Sentry.build/Debug-iphonesimulator/SentrySwiftUI.build/SentrySwiftUI.DependencyMetadataFileList

WriteAuxiliaryFile /Users/aadityasingh/Library/Developer/Xcode/DerivedData/Chatlio-erkyzdeecsohoaggpwbjdvavzqfv/Build/Intermediates.noindex/Sentry.build/Debug-iphonesimulator/SentrySwiftUI.build/Objects-normal/x86_64/SentrySwiftUI_const_extract_protocols.json (in target 'SentrySwiftUI' from project 'Sentry')
    cd /Users/aadityasingh/Library/Developer/Xcode/DerivedData/Chatlio-erkyzdeecsohoaggpwbjdvavzqfv/SourcePackages/checkouts/sentry-cocoa
    write-file /Users/aadityasingh/Library/Developer/Xcode/DerivedData/Chatlio-erkyzdeecsohoaggpwbjdvavzqfv/Build/Intermediates.noindex/Sentry.build/Debug-iphonesimulator/SentrySwiftUI.build/Objects-normal/x86_64/SentrySwiftUI_const_extract_protocols.json

WriteAuxiliaryFile /Users/aadityasingh/Library/Developer/Xcode/DerivedData/Chatlio-erkyzdeecsohoaggpwbjdvavzqfv/Build/Intermediates.noindex/Sentry.build/Debug-iphonesimulator/SentrySwiftUI.build/Objects-normal/x86_64/SentrySwiftUI.SwiftFileList (in target 'SentrySwiftUI' from project 'Sentry')
    cd /Users/aadityasingh/Library/Developer/Xcode/DerivedData/Chatlio-erkyzdeecsohoaggpwbjdvavzqfv/SourcePackages/checkouts/sentry-cocoa
    write-file /Users/aadityasingh/Library/Developer/Xcode/DerivedData/Chatlio-erkyzdeecsohoaggpwbjdvavzqfv/Build/Intermediates.noindex/Sentry.build/Debug-iphonesimulator/SentrySwiftUI.build/Objects-normal/x86_64/SentrySwiftUI.SwiftFileList

WriteAuxiliaryFile /Users/aadityasingh/Library/Developer/Xcode/DerivedData/Chatlio-erkyzdeecsohoaggpwbjdvavzqfv/Build/Intermediates.noindex/Sentry.build/Debug-iphonesimulator/SentrySwiftUI.build/Objects-normal/x86_64/SentrySwiftUI.SwiftConstValuesFileList (in target 'SentrySwiftUI' from project 'Sentry')
    cd /Users/aadityasingh/Library/Developer/Xcode/DerivedData/Chatlio-erkyzdeecsohoaggpwbjdvavzqfv/SourcePackages/checkouts/sentry-cocoa
    write-file /Users/aadityasingh/Library/Developer/Xcode/DerivedData/Chatlio-erkyzdeecsohoaggpwbjdvavzqfv/Build/Intermediates.noindex/Sentry.build/Debug-iphonesimulator/SentrySwiftUI.build/Objects-normal/x86_64/SentrySwiftUI.SwiftConstValuesFileList

WriteAuxiliaryFile /Users/aadityasingh/Library/Developer/Xcode/DerivedData/Chatlio-erkyzdeecsohoaggpwbjdvavzqfv/Build/Intermediates.noindex/Sentry.build/Debug-iphonesimulator/SentrySwiftUI.build/Objects-normal/x86_64/SentrySwiftUI.LinkFileList (in target 'SentrySwiftUI' from project 'Sentry')
    cd /Users/aadityasingh/Library/Developer/Xcode/DerivedData/Chatlio-erkyzdeecsohoaggpwbjdvavzqfv/SourcePackages/checkouts/sentry-cocoa
    write-file /Users/aadityasingh/Library/Developer/Xcode/DerivedData/Chatlio-erkyzdeecsohoaggpwbjdvavzqfv/Build/Intermediates.noindex/Sentry.build/Debug-iphonesimulator/SentrySwiftUI.build/Objects-normal/x86_64/SentrySwiftUI.LinkFileList

WriteAuxiliaryFile /Users/aadityasingh/Library/Developer/Xcode/DerivedData/Chatlio-erkyzdeecsohoaggpwbjdvavzqfv/Build/Intermediates.noindex/Sentry.build/Debug-iphonesimulator/SentrySwiftUI.build/Objects-normal/x86_64/SentrySwiftUI-OutputFileMap.json (in target 'SentrySwiftUI' from project 'Sentry')
    cd /Users/aadityasingh/Library/Developer/Xcode/DerivedData/Chatlio-erkyzdeecsohoaggpwbjdvavzqfv/SourcePackages/checkouts/sentry-cocoa
    write-file /Users/aadityasingh/Library/Developer/Xcode/DerivedData/Chatlio-erkyzdeecsohoaggpwbjdvavzqfv/Build/Intermediates.noindex/Sentry.build/Debug-iphonesimulator/SentrySwiftUI.build/Objects-normal/x86_64/SentrySwiftUI-OutputFileMap.json

WriteAuxiliaryFile /Users/aadityasingh/Library/Developer/Xcode/DerivedData/Chatlio-erkyzdeecsohoaggpwbjdvavzqfv/Build/Intermediates.noindex/Sentry.build/Debug-iphonesimulator/SentrySwiftUI.build/Objects-normal/arm64/SentrySwiftUI_const_extract_protocols.json (in target 'SentrySwiftUI' from project 'Sentry')
    cd /Users/aadityasingh/Library/Developer/Xcode/DerivedData/Chatlio-erkyzdeecsohoaggpwbjdvavzqfv/SourcePackages/checkouts/sentry-cocoa
    write-file /Users/aadityasingh/Library/Developer/Xcode/DerivedData/Chatlio-erkyzdeecsohoaggpwbjdvavzqfv/Build/Intermediates.noindex/Sentry.build/Debug-iphonesimulator/SentrySwiftUI.build/Objects-normal/arm64/SentrySwiftUI_const_extract_protocols.json

WriteAuxiliaryFile /Users/aadityasingh/Library/Developer/Xcode/DerivedData/Chatlio-erkyzdeecsohoaggpwbjdvavzqfv/Build/Intermediates.noindex/Sentry.build/Debug-iphonesimulator/SentrySwiftUI.build/Objects-normal/arm64/SentrySwiftUI.SwiftFileList (in target 'SentrySwiftUI' from project 'Sentry')
    cd /Users/aadityasingh/Library/Developer/Xcode/DerivedData/Chatlio-erkyzdeecsohoaggpwbjdvavzqfv/SourcePackages/checkouts/sentry-cocoa
    write-file /Users/aadityasingh/Library/Developer/Xcode/DerivedData/Chatlio-erkyzdeecsohoaggpwbjdvavzqfv/Build/Intermediates.noindex/Sentry.build/Debug-iphonesimulator/SentrySwiftUI.build/Objects-normal/arm64/SentrySwiftUI.SwiftFileList

WriteAuxiliaryFile /Users/aadityasingh/Library/Developer/Xcode/DerivedData/Chatlio-erkyzdeecsohoaggpwbjdvavzqfv/Build/Intermediates.noindex/Sentry.build/Debug-iphonesimulator/SentrySwiftUI.build/Objects-normal/arm64/SentrySwiftUI.LinkFileList (in target 'SentrySwiftUI' from project 'Sentry')
    cd /Users/aadityasingh/Library/Developer/Xcode/DerivedData/Chatlio-erkyzdeecsohoaggpwbjdvavzqfv/SourcePackages/checkouts/sentry-cocoa
    write-file /Users/aadityasingh/Library/Developer/Xcode/DerivedData/Chatlio-erkyzdeecsohoaggpwbjdvavzqfv/Build/Intermediates.noindex/Sentry.build/Debug-iphonesimulator/SentrySwiftUI.build/Objects-normal/arm64/SentrySwiftUI.LinkFileList

WriteAuxiliaryFile /Users/aadityasingh/Library/Developer/Xcode/DerivedData/Chatlio-erkyzdeecsohoaggpwbjdvavzqfv/Build/Intermediates.noindex/Sentry.build/Debug-iphonesimulator/SentrySwiftUI.build/Objects-normal/arm64/SentrySwiftUI.SwiftConstValuesFileList (in target 'SentrySwiftUI' from project 'Sentry')
    cd /Users/aadityasingh/Library/Developer/Xcode/DerivedData/Chatlio-erkyzdeecsohoaggpwbjdvavzqfv/SourcePackages/checkouts/sentry-cocoa
    write-file /Users/aadityasingh/Library/Developer/Xcode/DerivedData/Chatlio-erkyzdeecsohoaggpwbjdvavzqfv/Build/Intermediates.noindex/Sentry.build/Debug-iphonesimulator/SentrySwiftUI.build/Objects-normal/arm64/SentrySwiftUI.SwiftConstValuesFileList

WriteAuxiliaryFile /Users/aadityasingh/Library/Developer/Xcode/DerivedData/Chatlio-erkyzdeecsohoaggpwbjdvavzqfv/Build/Intermediates.noindex/Sentry.build/Debug-iphonesimulator/SentrySwiftUI.build/Objects-normal/arm64/SentrySwiftUI-OutputFileMap.json (in target 'SentrySwiftUI' from project 'Sentry')
    cd /Users/aadityasingh/Library/Developer/Xcode/DerivedData/Chatlio-erkyzdeecsohoaggpwbjdvavzqfv/SourcePackages/checkouts/sentry-cocoa
    write-file /Users/aadityasingh/Library/Developer/Xcode/DerivedData/Chatlio-erkyzdeecsohoaggpwbjdvavzqfv/Build/Intermediates.noindex/Sentry.build/Debug-iphonesimulator/SentrySwiftUI.build/Objects-normal/arm64/SentrySwiftUI-OutputFileMap.json

Copy /Users/aadityasingh/Library/Developer/Xcode/DerivedData/Chatlio-erkyzdeecsohoaggpwbjdvavzqfv/Build/Intermediates.noindex/GeneratedModuleMaps-iphonesimulator/SentrySwiftUI.modulemap /Users/aadityasingh/Library/Developer/Xcode/DerivedData/Chatlio-erkyzdeecsohoaggpwbjdvavzqfv/Build/Intermediates.noindex/Sentry.build/Debug-iphonesimulator/SentrySwiftUI.build/SentrySwiftUI.modulemap (in target 'SentrySwiftUI' from project 'Sentry')
    cd /Users/aadityasingh/Library/Developer/Xcode/DerivedData/Chatlio-erkyzdeecsohoaggpwbjdvavzqfv/SourcePackages/checkouts/sentry-cocoa
    builtin-copy -exclude .DS_Store -exclude CVS -exclude .svn -exclude .git -exclude .hg -resolve-src-symlinks /Users/aadityasingh/Library/Developer/Xcode/DerivedData/Chatlio-erkyzdeecsohoaggpwbjdvavzqfv/Build/Intermediates.noindex/Sentry.build/Debug-iphonesimulator/SentrySwiftUI.build/SentrySwiftUI.modulemap /Users/aadityasingh/Library/Developer/Xcode/DerivedData/Chatlio-erkyzdeecsohoaggpwbjdvavzqfv/Build/Intermediates.noindex/GeneratedModuleMaps-iphonesimulator

WriteAuxiliaryFile /Users/aadityasingh/Library/Developer/Xcode/DerivedData/Chatlio-erkyzdeecsohoaggpwbjdvavzqfv/Build/Intermediates.noindex/MatrixRustSDK.build/Debug-iphonesimulator/MatrixRustSDK.build/Objects-normal/x86_64/MatrixRustSDK_const_extract_protocols.json (in target 'MatrixRustSDK' from project 'MatrixRustSDK')
    cd /Users/aadityasingh/Documents/Development/matrix-rust-sdk-local
    write-file /Users/aadityasingh/Library/Developer/Xcode/DerivedData/Chatlio-erkyzdeecsohoaggpwbjdvavzqfv/Build/Intermediates.noindex/MatrixRustSDK.build/Debug-iphonesimulator/MatrixRustSDK.build/Objects-normal/x86_64/MatrixRustSDK_const_extract_protocols.json

WriteAuxiliaryFile /Users/aadityasingh/Library/Developer/Xcode/DerivedData/Chatlio-erkyzdeecsohoaggpwbjdvavzqfv/Build/Intermediates.noindex/MatrixRustSDK.build/Debug-iphonesimulator/MatrixRustSDK.build/Objects-normal/x86_64/MatrixRustSDK.LinkFileList (in target 'MatrixRustSDK' from project 'MatrixRustSDK')
    cd /Users/aadityasingh/Documents/Development/matrix-rust-sdk-local
    write-file /Users/aadityasingh/Library/Developer/Xcode/DerivedData/Chatlio-erkyzdeecsohoaggpwbjdvavzqfv/Build/Intermediates.noindex/MatrixRustSDK.build/Debug-iphonesimulator/MatrixRustSDK.build/Objects-normal/x86_64/MatrixRustSDK.LinkFileList

WriteAuxiliaryFile /Users/aadityasingh/Library/Developer/Xcode/DerivedData/Chatlio-erkyzdeecsohoaggpwbjdvavzqfv/Build/Intermediates.noindex/MatrixRustSDK.build/Debug-iphonesimulator/MatrixRustSDK.build/Objects-normal/x86_64/MatrixRustSDK.SwiftFileList (in target 'MatrixRustSDK' from project 'MatrixRustSDK')
    cd /Users/aadityasingh/Documents/Development/matrix-rust-sdk-local
    write-file /Users/aadityasingh/Library/Developer/Xcode/DerivedData/Chatlio-erkyzdeecsohoaggpwbjdvavzqfv/Build/Intermediates.noindex/MatrixRustSDK.build/Debug-iphonesimulator/MatrixRustSDK.build/Objects-normal/x86_64/MatrixRustSDK.SwiftFileList

WriteAuxiliaryFile /Users/aadityasingh/Library/Developer/Xcode/DerivedData/Chatlio-erkyzdeecsohoaggpwbjdvavzqfv/Build/Intermediates.noindex/MatrixRustSDK.build/Debug-iphonesimulator/MatrixRustSDK.build/Objects-normal/x86_64/MatrixRustSDK.SwiftConstValuesFileList (in target 'MatrixRustSDK' from project 'MatrixRustSDK')
    cd /Users/aadityasingh/Documents/Development/matrix-rust-sdk-local
    write-file /Users/aadityasingh/Library/Developer/Xcode/DerivedData/Chatlio-erkyzdeecsohoaggpwbjdvavzqfv/Build/Intermediates.noindex/MatrixRustSDK.build/Debug-iphonesimulator/MatrixRustSDK.build/Objects-normal/x86_64/MatrixRustSDK.SwiftConstValuesFileList

WriteAuxiliaryFile /Users/aadityasingh/Library/Developer/Xcode/DerivedData/Chatlio-erkyzdeecsohoaggpwbjdvavzqfv/Build/Intermediates.noindex/MatrixRustSDK.build/Debug-iphonesimulator/MatrixRustSDK.build/Objects-normal/x86_64/MatrixRustSDK-OutputFileMap.json (in target 'MatrixRustSDK' from project 'MatrixRustSDK')
    cd /Users/aadityasingh/Documents/Development/matrix-rust-sdk-local
    write-file /Users/aadityasingh/Library/Developer/Xcode/DerivedData/Chatlio-erkyzdeecsohoaggpwbjdvavzqfv/Build/Intermediates.noindex/MatrixRustSDK.build/Debug-iphonesimulator/MatrixRustSDK.build/Objects-normal/x86_64/MatrixRustSDK-OutputFileMap.json

WriteAuxiliaryFile /Users/aadityasingh/Library/Developer/Xcode/DerivedData/Chatlio-erkyzdeecsohoaggpwbjdvavzqfv/Build/Intermediates.noindex/MatrixRustSDK.build/Debug-iphonesimulator/MatrixRustSDK.build/Objects-normal/arm64/MatrixRustSDK.SwiftFileList (in target 'MatrixRustSDK' from project 'MatrixRustSDK')
    cd /Users/aadityasingh/Documents/Development/matrix-rust-sdk-local
    write-file /Users/aadityasingh/Library/Developer/Xcode/DerivedData/Chatlio-erkyzdeecsohoaggpwbjdvavzqfv/Build/Intermediates.noindex/MatrixRustSDK.build/Debug-iphonesimulator/MatrixRustSDK.build/Objects-normal/arm64/MatrixRustSDK.SwiftFileList

WriteAuxiliaryFile /Users/aadityasingh/Library/Developer/Xcode/DerivedData/Chatlio-erkyzdeecsohoaggpwbjdvavzqfv/Build/Intermediates.noindex/MatrixRustSDK.build/Debug-iphonesimulator/MatrixRustSDK.build/Objects-normal/arm64/MatrixRustSDK_const_extract_protocols.json (in target 'MatrixRustSDK' from project 'MatrixRustSDK')
    cd /Users/aadityasingh/Documents/Development/matrix-rust-sdk-local
    write-file /Users/aadityasingh/Library/Developer/Xcode/DerivedData/Chatlio-erkyzdeecsohoaggpwbjdvavzqfv/Build/Intermediates.noindex/MatrixRustSDK.build/Debug-iphonesimulator/MatrixRustSDK.build/Objects-normal/arm64/MatrixRustSDK_const_extract_protocols.json

WriteAuxiliaryFile /Users/aadityasingh/Library/Developer/Xcode/DerivedData/Chatlio-erkyzdeecsohoaggpwbjdvavzqfv/Build/Intermediates.noindex/MatrixRustSDK.build/Debug-iphonesimulator/MatrixRustSDK.build/Objects-normal/arm64/MatrixRustSDK.SwiftConstValuesFileList (in target 'MatrixRustSDK' from project 'MatrixRustSDK')
    cd /Users/aadityasingh/Documents/Development/matrix-rust-sdk-local
    write-file /Users/aadityasingh/Library/Developer/Xcode/DerivedData/Chatlio-erkyzdeecsohoaggpwbjdvavzqfv/Build/Intermediates.noindex/MatrixRustSDK.build/Debug-iphonesimulator/MatrixRustSDK.build/Objects-normal/arm64/MatrixRustSDK.SwiftConstValuesFileList

WriteAuxiliaryFile /Users/aadityasingh/Library/Developer/Xcode/DerivedData/Chatlio-erkyzdeecsohoaggpwbjdvavzqfv/Build/Intermediates.noindex/MatrixRustSDK.build/Debug-iphonesimulator/MatrixRustSDK.build/Objects-normal/arm64/MatrixRustSDK.LinkFileList (in target 'MatrixRustSDK' from project 'MatrixRustSDK')
    cd /Users/aadityasingh/Documents/Development/matrix-rust-sdk-local
    write-file /Users/aadityasingh/Library/Developer/Xcode/DerivedData/Chatlio-erkyzdeecsohoaggpwbjdvavzqfv/Build/Intermediates.noindex/MatrixRustSDK.build/Debug-iphonesimulator/MatrixRustSDK.build/Objects-normal/arm64/MatrixRustSDK.LinkFileList

WriteAuxiliaryFile /Users/aadityasingh/Library/Developer/Xcode/DerivedData/Chatlio-erkyzdeecsohoaggpwbjdvavzqfv/Build/Intermediates.noindex/MatrixRustSDK.build/Debug-iphonesimulator/MatrixRustSDK.build/Objects-normal/arm64/MatrixRustSDK-OutputFileMap.json (in target 'MatrixRustSDK' from project 'MatrixRustSDK')
    cd /Users/aadityasingh/Documents/Development/matrix-rust-sdk-local
    write-file /Users/aadityasingh/Library/Developer/Xcode/DerivedData/Chatlio-erkyzdeecsohoaggpwbjdvavzqfv/Build/Intermediates.noindex/MatrixRustSDK.build/Debug-iphonesimulator/MatrixRustSDK.build/Objects-normal/arm64/MatrixRustSDK-OutputFileMap.json

WriteAuxiliaryFile /Users/aadityasingh/Library/Developer/Xcode/DerivedData/Chatlio-erkyzdeecsohoaggpwbjdvavzqfv/Build/Intermediates.noindex/MatrixRustSDK.build/Debug-iphonesimulator/MatrixRustSDK.build/MatrixRustSDK.modulemap (in target 'MatrixRustSDK' from project 'MatrixRustSDK')
    cd /Users/aadityasingh/Documents/Development/matrix-rust-sdk-local
    write-file /Users/aadityasingh/Library/Developer/Xcode/DerivedData/Chatlio-erkyzdeecsohoaggpwbjdvavzqfv/Build/Intermediates.noindex/MatrixRustSDK.build/Debug-iphonesimulator/MatrixRustSDK.build/MatrixRustSDK.modulemap

WriteAuxiliaryFile /Users/aadityasingh/Library/Developer/Xcode/DerivedData/Chatlio-erkyzdeecsohoaggpwbjdvavzqfv/Build/Intermediates.noindex/MatrixRustSDK.build/Debug-iphonesimulator/MatrixRustSDK.build/MatrixRustSDK.DependencyStaticMetadataFileList (in target 'MatrixRustSDK' from project 'MatrixRustSDK')
    cd /Users/aadityasingh/Documents/Development/matrix-rust-sdk-local
    write-file /Users/aadityasingh/Library/Developer/Xcode/DerivedData/Chatlio-erkyzdeecsohoaggpwbjdvavzqfv/Build/Intermediates.noindex/MatrixRustSDK.build/Debug-iphonesimulator/MatrixRustSDK.build/MatrixRustSDK.DependencyStaticMetadataFileList

WriteAuxiliaryFile /Users/aadityasingh/Library/Developer/Xcode/DerivedData/Chatlio-erkyzdeecsohoaggpwbjdvavzqfv/Build/Intermediates.noindex/MatrixRustSDK.build/Debug-iphonesimulator/MatrixRustSDK.build/MatrixRustSDK.DependencyMetadataFileList (in target 'MatrixRustSDK' from project 'MatrixRustSDK')
    cd /Users/aadityasingh/Documents/Development/matrix-rust-sdk-local
    write-file /Users/aadityasingh/Library/Developer/Xcode/DerivedData/Chatlio-erkyzdeecsohoaggpwbjdvavzqfv/Build/Intermediates.noindex/MatrixRustSDK.build/Debug-iphonesimulator/MatrixRustSDK.build/MatrixRustSDK.DependencyMetadataFileList

WriteAuxiliaryFile /Users/aadityasingh/Library/Developer/Xcode/DerivedData/Chatlio-erkyzdeecsohoaggpwbjdvavzqfv/Build/Intermediates.noindex/MatrixRustSDK.build/Debug-iphonesimulator/MatrixRustSDK\ product.build/empty-MatrixRustSDK.plist (in target 'MatrixRustSDK' from project 'MatrixRustSDK')
    cd /Users/aadityasingh/Documents/Development/matrix-rust-sdk-local
    write-file /Users/aadityasingh/Library/Developer/Xcode/DerivedData/Chatlio-erkyzdeecsohoaggpwbjdvavzqfv/Build/Intermediates.noindex/MatrixRustSDK.build/Debug-iphonesimulator/MatrixRustSDK\ product.build/empty-MatrixRustSDK.plist

WriteAuxiliaryFile /Users/aadityasingh/Library/Developer/Xcode/DerivedData/Chatlio-erkyzdeecsohoaggpwbjdvavzqfv/Build/Intermediates.noindex/MatrixRustSDK.build/Debug-iphonesimulator/MatrixRustSDK\ product.build/Objects-normal/x86_64/MatrixRustSDK.LinkFileList (in target 'MatrixRustSDK' from project 'MatrixRustSDK')
    cd /Users/aadityasingh/Documents/Development/matrix-rust-sdk-local
    write-file /Users/aadityasingh/Library/Developer/Xcode/DerivedData/Chatlio-erkyzdeecsohoaggpwbjdvavzqfv/Build/Intermediates.noindex/MatrixRustSDK.build/Debug-iphonesimulator/MatrixRustSDK\ product.build/Objects-normal/x86_64/MatrixRustSDK.LinkFileList

WriteAuxiliaryFile /Users/aadityasingh/Library/Developer/Xcode/DerivedData/Chatlio-erkyzdeecsohoaggpwbjdvavzqfv/Build/Intermediates.noindex/MatrixRustSDK.build/Debug-iphonesimulator/MatrixRustSDK\ product.build/Objects-normal/arm64/MatrixRustSDK.LinkFileList (in target 'MatrixRustSDK' from project 'MatrixRustSDK')
    cd /Users/aadityasingh/Documents/Development/matrix-rust-sdk-local
    write-file /Users/aadityasingh/Library/Developer/Xcode/DerivedData/Chatlio-erkyzdeecsohoaggpwbjdvavzqfv/Build/Intermediates.noindex/MatrixRustSDK.build/Debug-iphonesimulator/MatrixRustSDK\ product.build/Objects-normal/arm64/MatrixRustSDK.LinkFileList

WriteAuxiliaryFile /Users/aadityasingh/Library/Developer/Xcode/DerivedData/Chatlio-erkyzdeecsohoaggpwbjdvavzqfv/Build/Intermediates.noindex/MatrixRustSDK.build/Debug-iphonesimulator/MatrixRustSDK\ product.build/MatrixRustSDK.DependencyStaticMetadataFileList (in target 'MatrixRustSDK' from project 'MatrixRustSDK')
    cd /Users/aadityasingh/Documents/Development/matrix-rust-sdk-local
    write-file /Users/aadityasingh/Library/Developer/Xcode/DerivedData/Chatlio-erkyzdeecsohoaggpwbjdvavzqfv/Build/Intermediates.noindex/MatrixRustSDK.build/Debug-iphonesimulator/MatrixRustSDK\ product.build/MatrixRustSDK.DependencyStaticMetadataFileList

WriteAuxiliaryFile /Users/aadityasingh/Library/Developer/Xcode/DerivedData/Chatlio-erkyzdeecsohoaggpwbjdvavzqfv/Build/Intermediates.noindex/MatrixRustSDK.build/Debug-iphonesimulator/MatrixRustSDK\ product.build/MatrixRustSDK.DependencyMetadataFileList (in target 'MatrixRustSDK' from project 'MatrixRustSDK')
    cd /Users/aadityasingh/Documents/Development/matrix-rust-sdk-local
    write-file /Users/aadityasingh/Library/Developer/Xcode/DerivedData/Chatlio-erkyzdeecsohoaggpwbjdvavzqfv/Build/Intermediates.noindex/MatrixRustSDK.build/Debug-iphonesimulator/MatrixRustSDK\ product.build/MatrixRustSDK.DependencyMetadataFileList

MkDir /Users/aadityasingh/Library/Developer/Xcode/DerivedData/Chatlio-erkyzdeecsohoaggpwbjdvavzqfv/Build/Products/Debug-iphonesimulator/PackageFrameworks/MatrixRustSDK.framework (in target 'MatrixRustSDK' from project 'MatrixRustSDK')
    cd /Users/aadityasingh/Documents/Development/matrix-rust-sdk-local
    /bin/mkdir -p /Users/aadityasingh/Library/Developer/Xcode/DerivedData/Chatlio-erkyzdeecsohoaggpwbjdvavzqfv/Build/Products/Debug-iphonesimulator/PackageFrameworks/MatrixRustSDK.framework

Copy /Users/aadityasingh/Library/Developer/Xcode/DerivedData/Chatlio-erkyzdeecsohoaggpwbjdvavzqfv/Build/Intermediates.noindex/GeneratedModuleMaps-iphonesimulator/MatrixRustSDK.modulemap /Users/aadityasingh/Library/Developer/Xcode/DerivedData/Chatlio-erkyzdeecsohoaggpwbjdvavzqfv/Build/Intermediates.noindex/MatrixRustSDK.build/Debug-iphonesimulator/MatrixRustSDK.build/MatrixRustSDK.modulemap (in target 'MatrixRustSDK' from project 'MatrixRustSDK')
    cd /Users/aadityasingh/Documents/Development/matrix-rust-sdk-local
    builtin-copy -exclude .DS_Store -exclude CVS -exclude .svn -exclude .git -exclude .hg -resolve-src-symlinks /Users/aadityasingh/Library/Developer/Xcode/DerivedData/Chatlio-erkyzdeecsohoaggpwbjdvavzqfv/Build/Intermediates.noindex/MatrixRustSDK.build/Debug-iphonesimulator/MatrixRustSDK.build/MatrixRustSDK.modulemap /Users/aadityasingh/Library/Developer/Xcode/DerivedData/Chatlio-erkyzdeecsohoaggpwbjdvavzqfv/Build/Intermediates.noindex/GeneratedModuleMaps-iphonesimulator

Ld /Users/aadityasingh/Library/Developer/Xcode/DerivedData/Chatlio-erkyzdeecsohoaggpwbjdvavzqfv/Build/Intermediates.noindex/PostHog.build/Debug-iphonesimulator/phlibwebp.build/Objects-normal/x86_64/Binary/phlibwebp.o normal x86_64 (in target 'phlibwebp' from project 'PostHog')
    cd /Users/aadityasingh/Library/Developer/Xcode/DerivedData/Chatlio-erkyzdeecsohoaggpwbjdvavzqfv/SourcePackages/checkouts/posthog-ios
    /Applications/Xcode.app/Contents/Developer/Toolchains/XcodeDefault.xctoolchain/usr/bin/clang -Xlinker -reproducible -target x86_64-apple-ios13.0-simulator -r -isysroot /Applications/Xcode.app/Contents/Developer/Platforms/iPhoneSimulator.platform/Developer/SDKs/iPhoneSimulator26.4.sdk -O0 -w -F/Users/aadityasingh/Library/Developer/Xcode/DerivedData/Chatlio-erkyzdeecsohoaggpwbjdvavzqfv/Build/Intermediates.noindex/EagerLinkingTBDs/Debug-iphonesimulator -F/Users/aadityasingh/Library/Developer/Xcode/DerivedData/Chatlio-erkyzdeecsohoaggpwbjdvavzqfv/Build/Products/Debug-iphonesimulator -iframework /Applications/Xcode.app/Contents/Developer/Platforms/iPhoneSimulator.platform/Developer/Library/Frameworks -iframework /Applications/Xcode.app/Contents/Developer/Platforms/iPhoneSimulator.platform/Developer/SDKs/iPhoneSimulator26.4.sdk/Developer/Library/Frameworks -filelist /Users/aadityasingh/Library/Developer/Xcode/DerivedData/Chatlio-erkyzdeecsohoaggpwbjdvavzqfv/Build/Intermediates.noindex/PostHog.build/Debug-iphonesimulator/phlibwebp.build/Objects-normal/x86_64/phlibwebp.LinkFileList -nostdlib -Xlinker -object_path_lto -Xlinker /Users/aadityasingh/Library/Developer/Xcode/DerivedData/Chatlio-erkyzdeecsohoaggpwbjdvavzqfv/Build/Intermediates.noindex/PostHog.build/Debug-iphonesimulator/phlibwebp.build/Objects-normal/x86_64/phlibwebp_lto.o -Xlinker -no_deduplicate -Xlinker -objc_abi_version -Xlinker 2 -Xlinker -debug_variant -Xlinker -dependency_info -Xlinker /Users/aadityasingh/Library/Developer/Xcode/DerivedData/Chatlio-erkyzdeecsohoaggpwbjdvavzqfv/Build/Intermediates.noindex/PostHog.build/Debug-iphonesimulator/phlibwebp.build/Objects-normal/x86_64/phlibwebp_dependency_info.dat -o /Users/aadityasingh/Library/Developer/Xcode/DerivedData/Chatlio-erkyzdeecsohoaggpwbjdvavzqfv/Build/Intermediates.noindex/PostHog.build/Debug-iphonesimulator/phlibwebp.build/Objects-normal/x86_64/Binary/phlibwebp.o

WriteAuxiliaryFile /Users/aadityasingh/Library/Developer/Xcode/DerivedData/Chatlio-erkyzdeecsohoaggpwbjdvavzqfv/Build/Intermediates.noindex/Chatlio.build/Debug-iphonesimulator/Chatlio.build/Script-EF56561D6EF0B4E7989E7954.sh (in target 'Chatlio' from project 'Chatlio')
    cd /Users/aadityasingh/Documents/Development/element-x-ios
    write-file /Users/aadityasingh/Library/Developer/Xcode/DerivedData/Chatlio-erkyzdeecsohoaggpwbjdvavzqfv/Build/Intermediates.noindex/Chatlio.build/Debug-iphonesimulator/Chatlio.build/Script-EF56561D6EF0B4E7989E7954.sh

WriteAuxiliaryFile /Users/aadityasingh/Library/Developer/Xcode/DerivedData/Chatlio-erkyzdeecsohoaggpwbjdvavzqfv/Build/Intermediates.noindex/Chatlio.build/Debug-iphonesimulator/Chatlio.build/Script-E6FCCA4375F6A467A3585034.sh (in target 'Chatlio' from project 'Chatlio')
    cd /Users/aadityasingh/Documents/Development/element-x-ios
    write-file /Users/aadityasingh/Library/Developer/Xcode/DerivedData/Chatlio-erkyzdeecsohoaggpwbjdvavzqfv/Build/Intermediates.noindex/Chatlio.build/Debug-iphonesimulator/Chatlio.build/Script-E6FCCA4375F6A467A3585034.sh

WriteAuxiliaryFile /Users/aadityasingh/Library/Developer/Xcode/DerivedData/Chatlio-erkyzdeecsohoaggpwbjdvavzqfv/Build/Intermediates.noindex/Chatlio.build/Debug-iphonesimulator/Chatlio.build/Script-AA642C01FFF0E2F0BE584867.sh (in target 'Chatlio' from project 'Chatlio')
    cd /Users/aadityasingh/Documents/Development/element-x-ios
    write-file /Users/aadityasingh/Library/Developer/Xcode/DerivedData/Chatlio-erkyzdeecsohoaggpwbjdvavzqfv/Build/Intermediates.noindex/Chatlio.build/Debug-iphonesimulator/Chatlio.build/Script-AA642C01FFF0E2F0BE584867.sh

WriteAuxiliaryFile /Users/aadityasingh/Library/Developer/Xcode/DerivedData/Chatlio-erkyzdeecsohoaggpwbjdvavzqfv/Build/Intermediates.noindex/Chatlio.build/Debug-iphonesimulator/Chatlio.build/Script-4509B3BD2350960F9715A4BB.sh (in target 'Chatlio' from project 'Chatlio')
    cd /Users/aadityasingh/Documents/Development/element-x-ios
    write-file /Users/aadityasingh/Library/Developer/Xcode/DerivedData/Chatlio-erkyzdeecsohoaggpwbjdvavzqfv/Build/Intermediates.noindex/Chatlio.build/Debug-iphonesimulator/Chatlio.build/Script-4509B3BD2350960F9715A4BB.sh

WriteAuxiliaryFile /Users/aadityasingh/Library/Developer/Xcode/DerivedData/Chatlio-erkyzdeecsohoaggpwbjdvavzqfv/Build/Intermediates.noindex/Chatlio.build/Debug-iphonesimulator/Chatlio.build/Script-394E58E943052FAC5455F0DB.sh (in target 'Chatlio' from project 'Chatlio')
    cd /Users/aadityasingh/Documents/Development/element-x-ios
    write-file /Users/aadityasingh/Library/Developer/Xcode/DerivedData/Chatlio-erkyzdeecsohoaggpwbjdvavzqfv/Build/Intermediates.noindex/Chatlio.build/Debug-iphonesimulator/Chatlio.build/Script-394E58E943052FAC5455F0DB.sh

WriteAuxiliaryFile /Users/aadityasingh/Library/Developer/Xcode/DerivedData/Chatlio-erkyzdeecsohoaggpwbjdvavzqfv/Build/Intermediates.noindex/Chatlio.build/Debug-iphonesimulator/Chatlio.build/Script-3488E3589D2E2222C1ECAE11.sh (in target 'Chatlio' from project 'Chatlio')
    cd /Users/aadityasingh/Documents/Development/element-x-ios
    write-file /Users/aadityasingh/Library/Developer/Xcode/DerivedData/Chatlio-erkyzdeecsohoaggpwbjdvavzqfv/Build/Intermediates.noindex/Chatlio.build/Debug-iphonesimulator/Chatlio.build/Script-3488E3589D2E2222C1ECAE11.sh

WriteAuxiliaryFile /Users/aadityasingh/Library/Developer/Xcode/DerivedData/Chatlio-erkyzdeecsohoaggpwbjdvavzqfv/Build/Intermediates.noindex/Chatlio.build/Debug-iphonesimulator/Chatlio.build/Objects-normal/x86_64/Chatlio_const_extract_protocols.json (in target 'Chatlio' from project 'Chatlio')
    cd /Users/aadityasingh/Documents/Development/element-x-ios
    write-file /Users/aadityasingh/Library/Developer/Xcode/DerivedData/Chatlio-erkyzdeecsohoaggpwbjdvavzqfv/Build/Intermediates.noindex/Chatlio.build/Debug-iphonesimulator/Chatlio.build/Objects-normal/x86_64/Chatlio_const_extract_protocols.json

WriteAuxiliaryFile /Users/aadityasingh/Library/Developer/Xcode/DerivedData/Chatlio-erkyzdeecsohoaggpwbjdvavzqfv/Build/Intermediates.noindex/Chatlio.build/Debug-iphonesimulator/Chatlio.build/Objects-normal/x86_64/e6072d4f65d7061329687fe24e3d63a7-common-args.resp (in target 'Chatlio' from project 'Chatlio')
    cd /Users/aadityasingh/Documents/Development/element-x-ios
    write-file /Users/aadityasingh/Library/Developer/Xcode/DerivedData/Chatlio-erkyzdeecsohoaggpwbjdvavzqfv/Build/Intermediates.noindex/Chatlio.build/Debug-iphonesimulator/Chatlio.build/Objects-normal/x86_64/e6072d4f65d7061329687fe24e3d63a7-common-args.resp
'-std=gnu11' -fobjc-arc -fobjc-weak -fmodules -gmodules '-fmodules-cache-path=/Users/aadityasingh/Library/Developer/Xcode/DerivedData/ModuleCache.noindex' -fpascal-strings -O0 -fno-common '-DDEBUG=1' '-DOBJC_OLD_DISPATCH_PROTOTYPES=0' -fasm-blocks -g '-fobjc-abi-version=2' -fobjc-legacy-dispatch -fprofile-instr-generate -fcoverage-mapping -iquote /Users/aadityasingh/Library/Developer/Xcode/DerivedData/Chatlio-erkyzdeecsohoaggpwbjdvavzqfv/Build/Intermediates.noindex/Chatlio.build/Debug-iphonesimulator/Chatlio.build/Chatlio-generated-files.hmap -I/Users/aadityasingh/Library/Developer/Xcode/DerivedData/Chatlio-erkyzdeecsohoaggpwbjdvavzqfv/Build/Intermediates.noindex/Chatlio.build/Debug-iphonesimulator/Chatlio.build/Chatlio-own-target-headers.hmap -I/Users/aadityasingh/Library/Developer/Xcode/DerivedData/Chatlio-erkyzdeecsohoaggpwbjdvavzqfv/Build/Intermediates.noindex/Chatlio.build/Debug-iphonesimulator/Chatlio.build/Chatlio-all-non-framework-target-headers.hmap -ivfsoverlay /Users/aadityasingh/Library/Developer/Xcode/DerivedData/Chatlio-erkyzdeecsohoaggpwbjdvavzqfv/Build/Intermediates.noindex/Chatlio.build/Debug-iphonesimulator/Chatlio-c0c2b8f6bf95e401ab7a73c0cdfb87e2-VFS-iphonesimulator/all-product-headers.yaml -iquote /Users/aadityasingh/Library/Developer/Xcode/DerivedData/Chatlio-erkyzdeecsohoaggpwbjdvavzqfv/Build/Intermediates.noindex/Chatlio.build/Debug-iphonesimulator/Chatlio.build/Chatlio-project-headers.hmap -I/Users/aadityasingh/Library/Developer/Xcode/DerivedData/Chatlio-erkyzdeecsohoaggpwbjdvavzqfv/SourcePackages/checkouts/swift-numerics/Sources/_NumericsShims/include -I/Users/aadityasingh/Library/Developer/Xcode/DerivedData/Chatlio-erkyzdeecsohoaggpwbjdvavzqfv/SourcePackages/checkouts/posthog-ios/vendor/libwebp -I/Users/aadityasingh/Library/Developer/Xcode/DerivedData/Chatlio-erkyzdeecsohoaggpwbjdvavzqfv/SourcePackages/checkouts/GZIP/GZIP/Sources -I/Users/aadityasingh/Library/Developer/Xcode/DerivedData/Chatlio-erkyzdeecsohoaggpwbjdvavzqfv/SourcePackages/checkouts/sentry-cocoa/Sources/SentrySwiftUI/SentryInternal -I/Users/aadityasingh/Library/Developer/Xcode/DerivedData/Chatlio-erkyzdeecsohoaggpwbjdvavzqfv/SourcePackages/checkouts/DTFoundation/Core/include -I/Users/aadityasingh/Library/Developer/Xcode/DerivedData/Chatlio-erkyzdeecsohoaggpwbjdvavzqfv/SourcePackages/checkouts/DTCoreText/Core/include -I/Users/aadityasingh/Library/Developer/Xcode/DerivedData/Chatlio-erkyzdeecsohoaggpwbjdvavzqfv/SourcePackages/checkouts/matrix-rich-text-editor-swift/Sources/DTCoreTextExtended/include -I/Users/aadityasingh/Library/Developer/Xcode/DerivedData/Chatlio-erkyzdeecsohoaggpwbjdvavzqfv/SourcePackages/checkouts/swift-ogg/Sources/SupportingFiles/Dependencies/Copustools/include -I/Users/aadityasingh/Library/Developer/Xcode/DerivedData/Chatlio-erkyzdeecsohoaggpwbjdvavzqfv/SourcePackages/checkouts/swift-atomics/Sources/_AtomicsShims/include -I/Users/aadityasingh/Library/Developer/Xcode/DerivedData/Chatlio-erkyzdeecsohoaggpwbjdvavzqfv/Build/Products/Debug-iphonesimulator/include -I/Users/aadityasingh/Library/Developer/Xcode/DerivedData/Chatlio-erkyzdeecsohoaggpwbjdvavzqfv/Build/Intermediates.noindex/Chatlio.build/Debug-iphonesimulator/Chatlio.build/DerivedSources-normal/x86_64 -I/Users/aadityasingh/Library/Developer/Xcode/DerivedData/Chatlio-erkyzdeecsohoaggpwbjdvavzqfv/Build/Intermediates.noindex/Chatlio.build/Debug-iphonesimulator/Chatlio.build/DerivedSources/x86_64 -I/Users/aadityasingh/Library/Developer/Xcode/DerivedData/Chatlio-erkyzdeecsohoaggpwbjdvavzqfv/Build/Intermediates.noindex/Chatlio.build/Debug-iphonesimulator/Chatlio.build/DerivedSources -F/Users/aadityasingh/Library/Developer/Xcode/DerivedData/Chatlio-erkyzdeecsohoaggpwbjdvavzqfv/Build/Products/Debug-iphonesimulator/PackageFrameworks -F/Users/aadityasingh/Library/Developer/Xcode/DerivedData/Chatlio-erkyzdeecsohoaggpwbjdvavzqfv/Build/Products/Debug-iphonesimulator/PackageFrameworks -F/Users/aadityasingh/Library/Developer/Xcode/DerivedData/Chatlio-erkyzdeecsohoaggpwbjdvavzqfv/Build/Products/Debug-iphonesimulator/PackageFrameworks -F/Users/aadityasingh/Library/Developer/Xcode/DerivedData/Chatlio-erkyzdeecsohoaggpwbjdvavzqfv/Build/Products/Debug-iphonesimulator/PackageFrameworks -F/Users/aadityasingh/Library/Developer/Xcode/DerivedData/Chatlio-erkyzdeecsohoaggpwbjdvavzqfv/Build/Products/Debug-iphonesimulator/PackageFrameworks -F/Users/aadityasingh/Library/Developer/Xcode/DerivedData/Chatlio-erkyzdeecsohoaggpwbjdvavzqfv/Build/Products/Debug-iphonesimulator/PackageFrameworks -F/Users/aadityasingh/Library/Developer/Xcode/DerivedData/Chatlio-erkyzdeecsohoaggpwbjdvavzqfv/Build/Products/Debug-iphonesimulator/PackageFrameworks -F/Users/aadityasingh/Library/Developer/Xcode/DerivedData/Chatlio-erkyzdeecsohoaggpwbjdvavzqfv/Build/Products/Debug-iphonesimulator/PackageFrameworks -F/Users/aadityasingh/Library/Developer/Xcode/DerivedData/Chatlio-erkyzdeecsohoaggpwbjdvavzqfv/Build/Products/Debug-iphonesimulator/PackageFrameworks -F/Users/aadityasingh/Library/Developer/Xcode/DerivedData/Chatlio-erkyzdeecsohoaggpwbjdvavzqfv/Build/Products/Debug-iphonesimulator/PackageFrameworks -F/Users/aadityasingh/Library/Developer/Xcode/DerivedData/Chatlio-erkyzdeecsohoaggpwbjdvavzqfv/Build/Products/Debug-iphonesimulator/PackageFrameworks -F/Users/aadityasingh/Library/Developer/Xcode/DerivedData/Chatlio-erkyzdeecsohoaggpwbjdvavzqfv/Build/Products/Debug-iphonesimulator/PackageFrameworks -F/Users/aadityasingh/Library/Developer/Xcode/DerivedData/Chatlio-erkyzdeecsohoaggpwbjdvavzqfv/Build/Products/Debug-iphonesimulator/PackageFrameworks -F/Users/aadityasingh/Library/Developer/Xcode/DerivedData/Chatlio-erkyzdeecsohoaggpwbjdvavzqfv/Build/Products/Debug-iphonesimulator/PackageFrameworks -F/Users/aadityasingh/Library/Developer/Xcode/DerivedData/Chatlio-erkyzdeecsohoaggpwbjdvavzqfv/Build/Products/Debug-iphonesimulator/PackageFrameworks -F/Users/aadityasingh/Library/Developer/Xcode/DerivedData/Chatlio-erkyzdeecsohoaggpwbjdvavzqfv/Build/Products/Debug-iphonesimulator/PackageFrameworks -F/Users/aadityasingh/Library/Developer/Xcode/DerivedData/Chatlio-erkyzdeecsohoaggpwbjdvavzqfv/Build/Products/Debug-iphonesimulator/PackageFrameworks -F/Users/aadityasingh/Library/Developer/Xcode/DerivedData/Chatlio-erkyzdeecsohoaggpwbjdvavzqfv/Build/Products/Debug-iphonesimulator/PackageFrameworks -F/Users/aadityasingh/Library/Developer/Xcode/DerivedData/Chatlio-erkyzdeecsohoaggpwbjdvavzqfv/Build/Products/Debug-iphonesimulator/PackageFrameworks -F/Users/aadityasingh/Library/Developer/Xcode/DerivedData/Chatlio-erkyzdeecsohoaggpwbjdvavzqfv/Build/Products/Debug-iphonesimulator/PackageFrameworks -F/Users/aadityasingh/Library/Developer/Xcode/DerivedData/Chatlio-erkyzdeecsohoaggpwbjdvavzqfv/Build/Products/Debug-iphonesimulator/PackageFrameworks -F/Users/aadityasingh/Library/Developer/Xcode/DerivedData/Chatlio-erkyzdeecsohoaggpwbjdvavzqfv/Build/Products/Debug-iphonesimulator/PackageFrameworks -F/Users/aadityasingh/Library/Developer/Xcode/DerivedData/Chatlio-erkyzdeecsohoaggpwbjdvavzqfv/Build/Products/Debug-iphonesimulator/PackageFrameworks -F/Users/aadityasingh/Library/Developer/Xcode/DerivedData/Chatlio-erkyzdeecsohoaggpwbjdvavzqfv/Build/Products/Debug-iphonesimulator/PackageFrameworks -F/Users/aadityasingh/Library/Developer/Xcode/DerivedData/Chatlio-erkyzdeecsohoaggpwbjdvavzqfv/Build/Products/Debug-iphonesimulator/PackageFrameworks -F/Users/aadityasingh/Library/Developer/Xcode/DerivedData/Chatlio-erkyzdeecsohoaggpwbjdvavzqfv/Build/Products/Debug-iphonesimulator/PackageFrameworks -F/Users/aadityasingh/Library/Developer/Xcode/DerivedData/Chatlio-erkyzdeecsohoaggpwbjdvavzqfv/Build/Products/Debug-iphonesimulator/PackageFrameworks -F/Users/aadityasingh/Library/Developer/Xcode/DerivedData/Chatlio-erkyzdeecsohoaggpwbjdvavzqfv/Build/Products/Debug-iphonesimulator/PackageFrameworks -F/Users/aadityasingh/Library/Developer/Xcode/DerivedData/Chatlio-erkyzdeecsohoaggpwbjdvavzqfv/Build/Products/Debug-iphonesimulator/PackageFrameworks -F/Users/aadityasingh/Library/Developer/Xcode/DerivedData/Chatlio-erkyzdeecsohoaggpwbjdvavzqfv/Build/Products/Debug-iphonesimulator/PackageFrameworks -F/Users/aadityasingh/Library/Developer/Xcode/DerivedData/Chatlio-erkyzdeecsohoaggpwbjdvavzqfv/Build/Products/Debug-iphonesimulator/PackageFrameworks -F/Users/aadityasingh/Library/Developer/Xcode/DerivedData/Chatlio-erkyzdeecsohoaggpwbjdvavzqfv/Build/Products/Debug-iphonesimulator/PackageFrameworks -F/Users/aadityasingh/Library/Developer/Xcode/DerivedData/Chatlio-erkyzdeecsohoaggpwbjdvavzqfv/Build/Products/Debug-iphonesimulator/PackageFrameworks -F/Users/aadityasingh/Library/Developer/Xcode/DerivedData/Chatlio-erkyzdeecsohoaggpwbjdvavzqfv/Build/Products/Debug-iphonesimulator/PackageFrameworks -F/Users/aadityasingh/Library/Developer/Xcode/DerivedData/Chatlio-erkyzdeecsohoaggpwbjdvavzqfv/Build/Products/Debug-iphonesimulator/PackageFrameworks -F/Users/aadityasingh/Library/Developer/Xcode/DerivedData/Chatlio-erkyzdeecsohoaggpwbjdvavzqfv/Build/Products/Debug-iphonesimulator/PackageFrameworks -F/Users/aadityasingh/Library/Developer/Xcode/DerivedData/Chatlio-erkyzdeecsohoaggpwbjdvavzqfv/Build/Products/Debug-iphonesimulator/PackageFrameworks -F/Users/aadityasingh/Library/Developer/Xcode/DerivedData/Chatlio-erkyzdeecsohoaggpwbjdvavzqfv/Build/Products/Debug-iphonesimulator/PackageFrameworks -F/Users/aadityasingh/Library/Developer/Xcode/DerivedData/Chatlio-erkyzdeecsohoaggpwbjdvavzqfv/Build/Products/Debug-iphonesimulator/PackageFrameworks -F/Users/aadityasingh/Library/Developer/Xcode/DerivedData/Chatlio-erkyzdeecsohoaggpwbjdvavzqfv/Build/Products/Debug-iphonesimulator/PackageFrameworks -F/Users/aadityasingh/Library/Developer/Xcode/DerivedData/Chatlio-erkyzdeecsohoaggpwbjdvavzqfv/Build/Products/Debug-iphonesimulator/PackageFrameworks -F/Users/aadityasingh/Library/Developer/Xcode/DerivedData/Chatlio-erkyzdeecsohoaggpwbjdvavzqfv/Build/Products/Debug-iphonesimulator/PackageFrameworks -F/Users/aadityasingh/Library/Developer/Xcode/DerivedData/Chatlio-erkyzdeecsohoaggpwbjdvavzqfv/Build/Products/Debug-iphonesimulator/PackageFrameworks -F/Users/aadityasingh/Library/Developer/Xcode/DerivedData/Chatlio-erkyzdeecsohoaggpwbjdvavzqfv/Build/Products/Debug-iphonesimulator/PackageFrameworks -F/Users/aadityasingh/Library/Developer/Xcode/DerivedData/Chatlio-erkyzdeecsohoaggpwbjdvavzqfv/Build/Products/Debug-iphonesimulator/PackageFrameworks -F/Users/aadityasingh/Library/Developer/Xcode/DerivedData/Chatlio-erkyzdeecsohoaggpwbjdvavzqfv/Build/Products/Debug-iphonesimulator/PackageFrameworks -F/Users/aadityasingh/Library/Developer/Xcode/DerivedData/Chatlio-erkyzdeecsohoaggpwbjdvavzqfv/Build/Products/Debug-iphonesimulator/PackageFrameworks -F/Users/aadityasingh/Library/Developer/Xcode/DerivedData/Chatlio-erkyzdeecsohoaggpwbjdvavzqfv/Build/Products/Debug-iphonesimulator '-fmodule-map-file=/Users/aadityasingh/Library/Developer/Xcode/DerivedData/Chatlio-erkyzdeecsohoaggpwbjdvavzqfv/Build/Intermediates.noindex/GeneratedModuleMaps-iphonesimulator/MatrixRustSDK.modulemap' '-fmodule-map-file=/Users/aadityasingh/Library/Developer/Xcode/DerivedData/Chatlio-erkyzdeecsohoaggpwbjdvavzqfv/Build/Intermediates.noindex/GeneratedModuleMaps-iphonesimulator/CompoundDesignTokens.modulemap' '-fmodule-map-file=/Users/aadityasingh/Library/Developer/Xcode/DerivedData/Chatlio-erkyzdeecsohoaggpwbjdvavzqfv/Build/Intermediates.noindex/GeneratedModuleMaps-iphonesimulator/SwiftUIIntrospect.modulemap' '-fmodule-map-file=/Users/aadityasingh/Library/Developer/Xcode/DerivedData/Chatlio-erkyzdeecsohoaggpwbjdvavzqfv/Build/Intermediates.noindex/GeneratedModuleMaps-iphonesimulator/SFSafeSymbols.modulemap' '-fmodule-map-file=/Users/aadityasingh/Library/Developer/Xcode/DerivedData/Chatlio-erkyzdeecsohoaggpwbjdvavzqfv/Build/Intermediates.noindex/GeneratedModuleMaps-iphonesimulator/Compound.modulemap' '-fmodule-map-file=/Users/aadityasingh/Library/Developer/Xcode/DerivedData/Chatlio-erkyzdeecsohoaggpwbjdvavzqfv/Build/Intermediates.noindex/GeneratedModuleMaps-iphonesimulator/RealModule.modulemap' '-fmodule-map-file=/Users/aadityasingh/Library/Developer/Xcode/DerivedData/Chatlio-erkyzdeecsohoaggpwbjdvavzqfv/Build/Intermediates.noindex/GeneratedModuleMaps-iphonesimulator/Algorithms.modulemap' '-fmodule-map-file=/Users/aadityasingh/Library/Developer/Xcode/DerivedData/Chatlio-erkyzdeecsohoaggpwbjdvavzqfv/Build/Intermediates.noindex/GeneratedModuleMaps-iphonesimulator/AsyncAlgorithms.modulemap' '-fmodule-map-file=/Users/aadityasingh/Library/Developer/Xcode/DerivedData/Chatlio-erkyzdeecsohoaggpwbjdvavzqfv/Build/Intermediates.noindex/GeneratedModuleMaps-iphonesimulator/AnalyticsEvents.modulemap' '-fmodule-map-file=/Users/aadityasingh/Library/Developer/Xcode/DerivedData/Chatlio-erkyzdeecsohoaggpwbjdvavzqfv/Build/Intermediates.noindex/GeneratedModuleMaps-iphonesimulator/_RopeModule.modulemap' '-fmodule-map-file=/Users/aadityasingh/Library/Developer/Xcode/DerivedData/Chatlio-erkyzdeecsohoaggpwbjdvavzqfv/Build/Intermediates.noindex/GeneratedModuleMaps-iphonesimulator/OrderedCollections.modulemap' '-fmodule-map-file=/Users/aadityasingh/Library/Developer/Xcode/DerivedData/Chatlio-erkyzdeecsohoaggpwbjdvavzqfv/Build/Intermediates.noindex/GeneratedModuleMaps-iphonesimulator/HeapModule.modulemap' '-fmodule-map-file=/Users/aadityasingh/Library/Developer/Xcode/DerivedData/Chatlio-erkyzdeecsohoaggpwbjdvavzqfv/Build/Intermediates.noindex/GeneratedModuleMaps-iphonesimulator/HashTreeCollections.modulemap' '-fmodule-map-file=/Users/aadityasingh/Library/Developer/Xcode/DerivedData/Chatlio-erkyzdeecsohoaggpwbjdvavzqfv/Build/Intermediates.noindex/GeneratedModuleMaps-iphonesimulator/DequeModule.modulemap' '-fmodule-map-file=/Users/aadityasingh/Library/Developer/Xcode/DerivedData/Chatlio-erkyzdeecsohoaggpwbjdvavzqfv/Build/Intermediates.noindex/GeneratedModuleMaps-iphonesimulator/BitCollections.modulemap' '-fmodule-map-file=/Users/aadityasingh/Library/Developer/Xcode/DerivedData/Chatlio-erkyzdeecsohoaggpwbjdvavzqfv/Build/Intermediates.noindex/GeneratedModuleMaps-iphonesimulator/InternalCollectionsUtilities.modulemap' '-fmodule-map-file=/Users/aadityasingh/Library/Developer/Xcode/DerivedData/Chatlio-erkyzdeecsohoaggpwbjdvavzqfv/Build/Intermediates.noindex/GeneratedModuleMaps-iphonesimulator/Collections.modulemap' '-fmodule-map-file=/Users/aadityasingh/Library/Developer/Xcode/DerivedData/Chatlio-erkyzdeecsohoaggpwbjdvavzqfv/Build/Intermediates.noindex/GeneratedModuleMaps-iphonesimulator/DeviceKit.modulemap' '-fmodule-map-file=/Users/aadityasingh/Library/Developer/Xcode/DerivedData/Chatlio-erkyzdeecsohoaggpwbjdvavzqfv/Build/Intermediates.noindex/GeneratedModuleMaps-iphonesimulator/EmbeddedElementCall.modulemap' '-fmodule-map-file=/Users/aadityasingh/Library/Developer/Xcode/DerivedData/Chatlio-erkyzdeecsohoaggpwbjdvavzqfv/Build/Intermediates.noindex/GeneratedModuleMaps-iphonesimulator/KeychainAccess.modulemap' '-fmodule-map-file=/Users/aadityasingh/Library/Developer/Xcode/DerivedData/Chatlio-erkyzdeecsohoaggpwbjdvavzqfv/Build/Intermediates.noindex/GeneratedModuleMaps-iphonesimulator/Kingfisher.modulemap' '-fmodule-map-file=/Users/aadityasingh/Library/Developer/Xcode/DerivedData/Chatlio-erkyzdeecsohoaggpwbjdvavzqfv/Build/Intermediates.noindex/GeneratedModuleMaps-iphonesimulator/KZFileWatchers.modulemap' '-fmodule-map-file=/Users/aadityasingh/Library/Developer/Xcode/DerivedData/Chatlio-erkyzdeecsohoaggpwbjdvavzqfv/Build/Intermediates.noindex/GeneratedModuleMaps-iphonesimulator/LoremSwiftum.modulemap' '-fmodule-map-file=/Users/aadityasingh/Library/Developer/Xcode/DerivedData/Chatlio-erkyzdeecsohoaggpwbjdvavzqfv/Build/Intermediates.noindex/GeneratedModuleMaps-iphonesimulator/LRUCache.modulemap' '-fmodule-map-file=/Users/aadityasingh/Library/Developer/Xcode/DerivedData/Chatlio-erkyzdeecsohoaggpwbjdvavzqfv/Build/Intermediates.noindex/GeneratedModuleMaps-iphonesimulator/phlibwebp.modulemap' '-fmodule-map-file=/Users/aadityasingh/Library/Developer/Xcode/DerivedData/Chatlio-erkyzdeecsohoaggpwbjdvavzqfv/Build/Intermediates.noindex/GeneratedModuleMaps-iphonesimulator/PostHog.modulemap' '-fmodule-map-file=/Users/aadityasingh/Library/Developer/Xcode/DerivedData/Chatlio-erkyzdeecsohoaggpwbjdvavzqfv/Build/Intermediates.noindex/GeneratedModuleMaps-iphonesimulator/SwiftState.modulemap' '-fmodule-map-file=/Users/aadityasingh/Library/Developer/Xcode/DerivedData/Chatlio-erkyzdeecsohoaggpwbjdvavzqfv/Build/Intermediates.noindex/GeneratedModuleMaps-iphonesimulator/GZIP.modulemap' '-fmodule-map-file=/Users/aadityasingh/Library/Developer/Xcode/DerivedData/Chatlio-erkyzdeecsohoaggpwbjdvavzqfv/Build/Intermediates.noindex/GeneratedModuleMaps-iphonesimulator/SentryInternal.modulemap' '-fmodule-map-file=/Users/aadityasingh/Library/Developer/Xcode/DerivedData/Chatlio-erkyzdeecsohoaggpwbjdvavzqfv/Build/Intermediates.noindex/GeneratedModuleMaps-iphonesimulator/SentryCppHelper.modulemap' '-fmodule-map-file=/Users/aadityasingh/Library/Developer/Xcode/DerivedData/Chatlio-erkyzdeecsohoaggpwbjdvavzqfv/Build/Intermediates.noindex/GeneratedModuleMaps-iphonesimulator/SentrySwiftUI.modulemap' '-fmodule-map-file=/Users/aadityasingh/Library/Developer/Xcode/DerivedData/Chatlio-erkyzdeecsohoaggpwbjdvavzqfv/Build/Intermediates.noindex/GeneratedModuleMaps-iphonesimulator/Version.modulemap' '-fmodule-map-file=/Users/aadityasingh/Library/Developer/Xcode/DerivedData/Chatlio-erkyzdeecsohoaggpwbjdvavzqfv/Build/Intermediates.noindex/GeneratedModuleMaps-iphonesimulator/Emojibase.modulemap' '-fmodule-map-file=/Users/aadityasingh/Library/Developer/Xcode/DerivedData/Chatlio-erkyzdeecsohoaggpwbjdvavzqfv/Build/Intermediates.noindex/GeneratedModuleMaps-iphonesimulator/DTFoundation.modulemap' '-fmodule-map-file=/Users/aadityasingh/Library/Developer/Xcode/DerivedData/Chatlio-erkyzdeecsohoaggpwbjdvavzqfv/Build/Intermediates.noindex/GeneratedModuleMaps-iphonesimulator/DTCoreText.modulemap' '-fmodule-map-file=/Users/aadityasingh/Library/Developer/Xcode/DerivedData/Chatlio-erkyzdeecsohoaggpwbjdvavzqfv/Build/Intermediates.noindex/GeneratedModuleMaps-iphonesimulator/HTMLParser.modulemap' '-fmodule-map-file=/Users/aadityasingh/Library/Developer/Xcode/DerivedData/Chatlio-erkyzdeecsohoaggpwbjdvavzqfv/Build/Intermediates.noindex/GeneratedModuleMaps-iphonesimulator/DTCoreTextExtended.modulemap' '-fmodule-map-file=/Users/aadityasingh/Library/Developer/Xcode/DerivedData/Chatlio-erkyzdeecsohoaggpwbjdvavzqfv/Build/Intermediates.noindex/GeneratedModuleMaps-iphonesimulator/WysiwygComposer.modulemap' '-fmodule-map-file=/Users/aadityasingh/Library/Developer/Xcode/DerivedData/Chatlio-erkyzdeecsohoaggpwbjdvavzqfv/Build/Intermediates.noindex/GeneratedModuleMaps-iphonesimulator/SwiftOGG.modulemap' '-fmodule-map-file=/Users/aadityasingh/Library/Developer/Xcode/DerivedData/Chatlio-erkyzdeecsohoaggpwbjdvavzqfv/Build/Intermediates.noindex/GeneratedModuleMaps-iphonesimulator/Atomics.modulemap' '-fmodule-map-file=/Users/aadityasingh/Library/Developer/Xcode/DerivedData/Chatlio-erkyzdeecsohoaggpwbjdvavzqfv/Build/Intermediates.noindex/GeneratedModuleMaps-iphonesimulator/SwiftSoup.modulemap' '-fmodule-map-file=/Users/aadityasingh/Library/Developer/Xcode/DerivedData/Chatlio-erkyzdeecsohoaggpwbjdvavzqfv/Build/Intermediates.noindex/GeneratedModuleMaps-iphonesimulator/Flow.modulemap' '-fmodule-map-file=/Users/aadityasingh/Library/Developer/Xcode/DerivedData/Chatlio-erkyzdeecsohoaggpwbjdvavzqfv/Build/Intermediates.noindex/GeneratedModuleMaps-iphonesimulator/DSWaveformImage.modulemap' '-fmodule-map-file=/Users/aadityasingh/Library/Developer/Xcode/DerivedData/Chatlio-erkyzdeecsohoaggpwbjdvavzqfv/Build/Intermediates.noindex/GeneratedModuleMaps-iphonesimulator/DSWaveformImageViews.modulemap'

WriteAuxiliaryFile /Users/aadityasingh/Library/Developer/Xcode/DerivedData/Chatlio-erkyzdeecsohoaggpwbjdvavzqfv/Build/Intermediates.noindex/Chatlio.build/Debug-iphonesimulator/Chatlio.build/Objects-normal/x86_64/Chatlio.SwiftFileList (in target 'Chatlio' from project 'Chatlio')
    cd /Users/aadityasingh/Documents/Development/element-x-ios
    write-file /Users/aadityasingh/Library/Developer/Xcode/DerivedData/Chatlio-erkyzdeecsohoaggpwbjdvavzqfv/Build/Intermediates.noindex/Chatlio.build/Debug-iphonesimulator/Chatlio.build/Objects-normal/x86_64/Chatlio.SwiftFileList

WriteAuxiliaryFile /Users/aadityasingh/Library/Developer/Xcode/DerivedData/Chatlio-erkyzdeecsohoaggpwbjdvavzqfv/Build/Intermediates.noindex/Chatlio.build/Debug-iphonesimulator/Chatlio.build/Objects-normal/x86_64/Chatlio.SwiftConstValuesFileList (in target 'Chatlio' from project 'Chatlio')
    cd /Users/aadityasingh/Documents/Development/element-x-ios
    write-file /Users/aadityasingh/Library/Developer/Xcode/DerivedData/Chatlio-erkyzdeecsohoaggpwbjdvavzqfv/Build/Intermediates.noindex/Chatlio.build/Debug-iphonesimulator/Chatlio.build/Objects-normal/x86_64/Chatlio.SwiftConstValuesFileList

WriteAuxiliaryFile /Users/aadityasingh/Library/Developer/Xcode/DerivedData/Chatlio-erkyzdeecsohoaggpwbjdvavzqfv/Build/Intermediates.noindex/Chatlio.build/Debug-iphonesimulator/Chatlio.build/Objects-normal/x86_64/Chatlio.LinkFileList (in target 'Chatlio' from project 'Chatlio')
    cd /Users/aadityasingh/Documents/Development/element-x-ios
    write-file /Users/aadityasingh/Library/Developer/Xcode/DerivedData/Chatlio-erkyzdeecsohoaggpwbjdvavzqfv/Build/Intermediates.noindex/Chatlio.build/Debug-iphonesimulator/Chatlio.build/Objects-normal/x86_64/Chatlio.LinkFileList

WriteAuxiliaryFile /Users/aadityasingh/Library/Developer/Xcode/DerivedData/Chatlio-erkyzdeecsohoaggpwbjdvavzqfv/Build/Intermediates.noindex/Chatlio.build/Debug-iphonesimulator/Chatlio.build/Objects-normal/x86_64/Chatlio-OutputFileMap.json (in target 'Chatlio' from project 'Chatlio')
    cd /Users/aadityasingh/Documents/Development/element-x-ios
    write-file /Users/aadityasingh/Library/Developer/Xcode/DerivedData/Chatlio-erkyzdeecsohoaggpwbjdvavzqfv/Build/Intermediates.noindex/Chatlio.build/Debug-iphonesimulator/Chatlio.build/Objects-normal/x86_64/Chatlio-OutputFileMap.json

WriteAuxiliaryFile /Users/aadityasingh/Library/Developer/Xcode/DerivedData/Chatlio-erkyzdeecsohoaggpwbjdvavzqfv/Build/Intermediates.noindex/Chatlio.build/Debug-iphonesimulator/Chatlio.build/Objects-normal/arm64/Chatlio_const_extract_protocols.json (in target 'Chatlio' from project 'Chatlio')
    cd /Users/aadityasingh/Documents/Development/element-x-ios
    write-file /Users/aadityasingh/Library/Developer/Xcode/DerivedData/Chatlio-erkyzdeecsohoaggpwbjdvavzqfv/Build/Intermediates.noindex/Chatlio.build/Debug-iphonesimulator/Chatlio.build/Objects-normal/arm64/Chatlio_const_extract_protocols.json

WriteAuxiliaryFile /Users/aadityasingh/Library/Developer/Xcode/DerivedData/Chatlio-erkyzdeecsohoaggpwbjdvavzqfv/Build/Intermediates.noindex/Chatlio.build/Debug-iphonesimulator/Chatlio.build/Objects-normal/arm64/e6072d4f65d7061329687fe24e3d63a7-common-args.resp (in target 'Chatlio' from project 'Chatlio')
    cd /Users/aadityasingh/Documents/Development/element-x-ios
    write-file /Users/aadityasingh/Library/Developer/Xcode/DerivedData/Chatlio-erkyzdeecsohoaggpwbjdvavzqfv/Build/Intermediates.noindex/Chatlio.build/Debug-iphonesimulator/Chatlio.build/Objects-normal/arm64/e6072d4f65d7061329687fe24e3d63a7-common-args.resp
'-std=gnu11' -fobjc-arc -fobjc-weak -fmodules -gmodules '-fmodules-cache-path=/Users/aadityasingh/Library/Developer/Xcode/DerivedData/ModuleCache.noindex' -fpascal-strings -O0 -fno-common '-DDEBUG=1' '-DOBJC_OLD_DISPATCH_PROTOTYPES=0' -g '-fobjc-abi-version=2' -fobjc-legacy-dispatch -fprofile-instr-generate -fcoverage-mapping -iquote /Users/aadityasingh/Library/Developer/Xcode/DerivedData/Chatlio-erkyzdeecsohoaggpwbjdvavzqfv/Build/Intermediates.noindex/Chatlio.build/Debug-iphonesimulator/Chatlio.build/Chatlio-generated-files.hmap -I/Users/aadityasingh/Library/Developer/Xcode/DerivedData/Chatlio-erkyzdeecsohoaggpwbjdvavzqfv/Build/Intermediates.noindex/Chatlio.build/Debug-iphonesimulator/Chatlio.build/Chatlio-own-target-headers.hmap -I/Users/aadityasingh/Library/Developer/Xcode/DerivedData/Chatlio-erkyzdeecsohoaggpwbjdvavzqfv/Build/Intermediates.noindex/Chatlio.build/Debug-iphonesimulator/Chatlio.build/Chatlio-all-non-framework-target-headers.hmap -ivfsoverlay /Users/aadityasingh/Library/Developer/Xcode/DerivedData/Chatlio-erkyzdeecsohoaggpwbjdvavzqfv/Build/Intermediates.noindex/Chatlio.build/Debug-iphonesimulator/Chatlio-c0c2b8f6bf95e401ab7a73c0cdfb87e2-VFS-iphonesimulator/all-product-headers.yaml -iquote /Users/aadityasingh/Library/Developer/Xcode/DerivedData/Chatlio-erkyzdeecsohoaggpwbjdvavzqfv/Build/Intermediates.noindex/Chatlio.build/Debug-iphonesimulator/Chatlio.build/Chatlio-project-headers.hmap -I/Users/aadityasingh/Library/Developer/Xcode/DerivedData/Chatlio-erkyzdeecsohoaggpwbjdvavzqfv/SourcePackages/checkouts/swift-numerics/Sources/_NumericsShims/include -I/Users/aadityasingh/Library/Developer/Xcode/DerivedData/Chatlio-erkyzdeecsohoaggpwbjdvavzqfv/SourcePackages/checkouts/posthog-ios/vendor/libwebp -I/Users/aadityasingh/Library/Developer/Xcode/DerivedData/Chatlio-erkyzdeecsohoaggpwbjdvavzqfv/SourcePackages/checkouts/GZIP/GZIP/Sources -I/Users/aadityasingh/Library/Developer/Xcode/DerivedData/Chatlio-erkyzdeecsohoaggpwbjdvavzqfv/SourcePackages/checkouts/sentry-cocoa/Sources/SentrySwiftUI/SentryInternal -I/Users/aadityasingh/Library/Developer/Xcode/DerivedData/Chatlio-erkyzdeecsohoaggpwbjdvavzqfv/SourcePackages/checkouts/DTFoundation/Core/include -I/Users/aadityasingh/Library/Developer/Xcode/DerivedData/Chatlio-erkyzdeecsohoaggpwbjdvavzqfv/SourcePackages/checkouts/DTCoreText/Core/include -I/Users/aadityasingh/Library/Developer/Xcode/DerivedData/Chatlio-erkyzdeecsohoaggpwbjdvavzqfv/SourcePackages/checkouts/matrix-rich-text-editor-swift/Sources/DTCoreTextExtended/include -I/Users/aadityasingh/Library/Developer/Xcode/DerivedData/Chatlio-erkyzdeecsohoaggpwbjdvavzqfv/SourcePackages/checkouts/swift-ogg/Sources/SupportingFiles/Dependencies/Copustools/include -I/Users/aadityasingh/Library/Developer/Xcode/DerivedData/Chatlio-erkyzdeecsohoaggpwbjdvavzqfv/SourcePackages/checkouts/swift-atomics/Sources/_AtomicsShims/include -I/Users/aadityasingh/Library/Developer/Xcode/DerivedData/Chatlio-erkyzdeecsohoaggpwbjdvavzqfv/Build/Products/Debug-iphonesimulator/include -I/Users/aadityasingh/Library/Developer/Xcode/DerivedData/Chatlio-erkyzdeecsohoaggpwbjdvavzqfv/Build/Intermediates.noindex/Chatlio.build/Debug-iphonesimulator/Chatlio.build/DerivedSources-normal/arm64 -I/Users/aadityasingh/Library/Developer/Xcode/DerivedData/Chatlio-erkyzdeecsohoaggpwbjdvavzqfv/Build/Intermediates.noindex/Chatlio.build/Debug-iphonesimulator/Chatlio.build/DerivedSources/arm64 -I/Users/aadityasingh/Library/Developer/Xcode/DerivedData/Chatlio-erkyzdeecsohoaggpwbjdvavzqfv/Build/Intermediates.noindex/Chatlio.build/Debug-iphonesimulator/Chatlio.build/DerivedSources -F/Users/aadityasingh/Library/Developer/Xcode/DerivedData/Chatlio-erkyzdeecsohoaggpwbjdvavzqfv/Build/Products/Debug-iphonesimulator/PackageFrameworks -F/Users/aadityasingh/Library/Developer/Xcode/DerivedData/Chatlio-erkyzdeecsohoaggpwbjdvavzqfv/Build/Products/Debug-iphonesimulator/PackageFrameworks -F/Users/aadityasingh/Library/Developer/Xcode/DerivedData/Chatlio-erkyzdeecsohoaggpwbjdvavzqfv/Build/Products/Debug-iphonesimulator/PackageFrameworks -F/Users/aadityasingh/Library/Developer/Xcode/DerivedData/Chatlio-erkyzdeecsohoaggpwbjdvavzqfv/Build/Products/Debug-iphonesimulator/PackageFrameworks -F/Users/aadityasingh/Library/Developer/Xcode/DerivedData/Chatlio-erkyzdeecsohoaggpwbjdvavzqfv/Build/Products/Debug-iphonesimulator/PackageFrameworks -F/Users/aadityasingh/Library/Developer/Xcode/DerivedData/Chatlio-erkyzdeecsohoaggpwbjdvavzqfv/Build/Products/Debug-iphonesimulator/PackageFrameworks -F/Users/aadityasingh/Library/Developer/Xcode/DerivedData/Chatlio-erkyzdeecsohoaggpwbjdvavzqfv/Build/Products/Debug-iphonesimulator/PackageFrameworks -F/Users/aadityasingh/Library/Developer/Xcode/DerivedData/Chatlio-erkyzdeecsohoaggpwbjdvavzqfv/Build/Products/Debug-iphonesimulator/PackageFrameworks -F/Users/aadityasingh/Library/Developer/Xcode/DerivedData/Chatlio-erkyzdeecsohoaggpwbjdvavzqfv/Build/Products/Debug-iphonesimulator/PackageFrameworks -F/Users/aadityasingh/Library/Developer/Xcode/DerivedData/Chatlio-erkyzdeecsohoaggpwbjdvavzqfv/Build/Products/Debug-iphonesimulator/PackageFrameworks -F/Users/aadityasingh/Library/Developer/Xcode/DerivedData/Chatlio-erkyzdeecsohoaggpwbjdvavzqfv/Build/Products/Debug-iphonesimulator/PackageFrameworks -F/Users/aadityasingh/Library/Developer/Xcode/DerivedData/Chatlio-erkyzdeecsohoaggpwbjdvavzqfv/Build/Products/Debug-iphonesimulator/PackageFrameworks -F/Users/aadityasingh/Library/Developer/Xcode/DerivedData/Chatlio-erkyzdeecsohoaggpwbjdvavzqfv/Build/Products/Debug-iphonesimulator/PackageFrameworks -F/Users/aadityasingh/Library/Developer/Xcode/DerivedData/Chatlio-erkyzdeecsohoaggpwbjdvavzqfv/Build/Products/Debug-iphonesimulator/PackageFrameworks -F/Users/aadityasingh/Library/Developer/Xcode/DerivedData/Chatlio-erkyzdeecsohoaggpwbjdvavzqfv/Build/Products/Debug-iphonesimulator/PackageFrameworks -F/Users/aadityasingh/Library/Developer/Xcode/DerivedData/Chatlio-erkyzdeecsohoaggpwbjdvavzqfv/Build/Products/Debug-iphonesimulator/PackageFrameworks -F/Users/aadityasingh/Library/Developer/Xcode/DerivedData/Chatlio-erkyzdeecsohoaggpwbjdvavzqfv/Build/Products/Debug-iphonesimulator/PackageFrameworks -F/Users/aadityasingh/Library/Developer/Xcode/DerivedData/Chatlio-erkyzdeecsohoaggpwbjdvavzqfv/Build/Products/Debug-iphonesimulator/PackageFrameworks -F/Users/aadityasingh/Library/Developer/Xcode/DerivedData/Chatlio-erkyzdeecsohoaggpwbjdvavzqfv/Build/Products/Debug-iphonesimulator/PackageFrameworks -F/Users/aadityasingh/Library/Developer/Xcode/DerivedData/Chatlio-erkyzdeecsohoaggpwbjdvavzqfv/Build/Products/Debug-iphonesimulator/PackageFrameworks -F/Users/aadityasingh/Library/Developer/Xcode/DerivedData/Chatlio-erkyzdeecsohoaggpwbjdvavzqfv/Build/Products/Debug-iphonesimulator/PackageFrameworks -F/Users/aadityasingh/Library/Developer/Xcode/DerivedData/Chatlio-erkyzdeecsohoaggpwbjdvavzqfv/Build/Products/Debug-iphonesimulator/PackageFrameworks -F/Users/aadityasingh/Library/Developer/Xcode/DerivedData/Chatlio-erkyzdeecsohoaggpwbjdvavzqfv/Build/Products/Debug-iphonesimulator/PackageFrameworks -F/Users/aadityasingh/Library/Developer/Xcode/DerivedData/Chatlio-erkyzdeecsohoaggpwbjdvavzqfv/Build/Products/Debug-iphonesimulator/PackageFrameworks -F/Users/aadityasingh/Library/Developer/Xcode/DerivedData/Chatlio-erkyzdeecsohoaggpwbjdvavzqfv/Build/Products/Debug-iphonesimulator/PackageFrameworks -F/Users/aadityasingh/Library/Developer/Xcode/DerivedData/Chatlio-erkyzdeecsohoaggpwbjdvavzqfv/Build/Products/Debug-iphonesimulator/PackageFrameworks -F/Users/aadityasingh/Library/Developer/Xcode/DerivedData/Chatlio-erkyzdeecsohoaggpwbjdvavzqfv/Build/Products/Debug-iphonesimulator/PackageFrameworks -F/Users/aadityasingh/Library/Developer/Xcode/DerivedData/Chatlio-erkyzdeecsohoaggpwbjdvavzqfv/Build/Products/Debug-iphonesimulator/PackageFrameworks -F/Users/aadityasingh/Library/Developer/Xcode/DerivedData/Chatlio-erkyzdeecsohoaggpwbjdvavzqfv/Build/Products/Debug-iphonesimulator/PackageFrameworks -F/Users/aadityasingh/Library/Developer/Xcode/DerivedData/Chatlio-erkyzdeecsohoaggpwbjdvavzqfv/Build/Products/Debug-iphonesimulator/PackageFrameworks -F/Users/aadityasingh/Library/Developer/Xcode/DerivedData/Chatlio-erkyzdeecsohoaggpwbjdvavzqfv/Build/Products/Debug-iphonesimulator/PackageFrameworks -F/Users/aadityasingh/Library/Developer/Xcode/DerivedData/Chatlio-erkyzdeecsohoaggpwbjdvavzqfv/Build/Products/Debug-iphonesimulator/PackageFrameworks -F/Users/aadityasingh/Library/Developer/Xcode/DerivedData/Chatlio-erkyzdeecsohoaggpwbjdvavzqfv/Build/Products/Debug-iphonesimulator/PackageFrameworks -F/Users/aadityasingh/Library/Developer/Xcode/DerivedData/Chatlio-erkyzdeecsohoaggpwbjdvavzqfv/Build/Products/Debug-iphonesimulator/PackageFrameworks -F/Users/aadityasingh/Library/Developer/Xcode/DerivedData/Chatlio-erkyzdeecsohoaggpwbjdvavzqfv/Build/Products/Debug-iphonesimulator/PackageFrameworks -F/Users/aadityasingh/Library/Developer/Xcode/DerivedData/Chatlio-erkyzdeecsohoaggpwbjdvavzqfv/Build/Products/Debug-iphonesimulator/PackageFrameworks -F/Users/aadityasingh/Library/Developer/Xcode/DerivedData/Chatlio-erkyzdeecsohoaggpwbjdvavzqfv/Build/Products/Debug-iphonesimulator/PackageFrameworks -F/Users/aadityasingh/Library/Developer/Xcode/DerivedData/Chatlio-erkyzdeecsohoaggpwbjdvavzqfv/Build/Products/Debug-iphonesimulator/PackageFrameworks -F/Users/aadityasingh/Library/Developer/Xcode/DerivedData/Chatlio-erkyzdeecsohoaggpwbjdvavzqfv/Build/Products/Debug-iphonesimulator/PackageFrameworks -F/Users/aadityasingh/Library/Developer/Xcode/DerivedData/Chatlio-erkyzdeecsohoaggpwbjdvavzqfv/Build/Products/Debug-iphonesimulator/PackageFrameworks -F/Users/aadityasingh/Library/Developer/Xcode/DerivedData/Chatlio-erkyzdeecsohoaggpwbjdvavzqfv/Build/Products/Debug-iphonesimulator/PackageFrameworks -F/Users/aadityasingh/Library/Developer/Xcode/DerivedData/Chatlio-erkyzdeecsohoaggpwbjdvavzqfv/Build/Products/Debug-iphonesimulator/PackageFrameworks -F/Users/aadityasingh/Library/Developer/Xcode/DerivedData/Chatlio-erkyzdeecsohoaggpwbjdvavzqfv/Build/Products/Debug-iphonesimulator/PackageFrameworks -F/Users/aadityasingh/Library/Developer/Xcode/DerivedData/Chatlio-erkyzdeecsohoaggpwbjdvavzqfv/Build/Products/Debug-iphonesimulator/PackageFrameworks -F/Users/aadityasingh/Library/Developer/Xcode/DerivedData/Chatlio-erkyzdeecsohoaggpwbjdvavzqfv/Build/Products/Debug-iphonesimulator/PackageFrameworks -F/Users/aadityasingh/Library/Developer/Xcode/DerivedData/Chatlio-erkyzdeecsohoaggpwbjdvavzqfv/Build/Products/Debug-iphonesimulator/PackageFrameworks -F/Users/aadityasingh/Library/Developer/Xcode/DerivedData/Chatlio-erkyzdeecsohoaggpwbjdvavzqfv/Build/Products/Debug-iphonesimulator/PackageFrameworks -F/Users/aadityasingh/Library/Developer/Xcode/DerivedData/Chatlio-erkyzdeecsohoaggpwbjdvavzqfv/Build/Products/Debug-iphonesimulator '-fmodule-map-file=/Users/aadityasingh/Library/Developer/Xcode/DerivedData/Chatlio-erkyzdeecsohoaggpwbjdvavzqfv/Build/Intermediates.noindex/GeneratedModuleMaps-iphonesimulator/MatrixRustSDK.modulemap' '-fmodule-map-file=/Users/aadityasingh/Library/Developer/Xcode/DerivedData/Chatlio-erkyzdeecsohoaggpwbjdvavzqfv/Build/Intermediates.noindex/GeneratedModuleMaps-iphonesimulator/CompoundDesignTokens.modulemap' '-fmodule-map-file=/Users/aadityasingh/Library/Developer/Xcode/DerivedData/Chatlio-erkyzdeecsohoaggpwbjdvavzqfv/Build/Intermediates.noindex/GeneratedModuleMaps-iphonesimulator/SwiftUIIntrospect.modulemap' '-fmodule-map-file=/Users/aadityasingh/Library/Developer/Xcode/DerivedData/Chatlio-erkyzdeecsohoaggpwbjdvavzqfv/Build/Intermediates.noindex/GeneratedModuleMaps-iphonesimulator/SFSafeSymbols.modulemap' '-fmodule-map-file=/Users/aadityasingh/Library/Developer/Xcode/DerivedData/Chatlio-erkyzdeecsohoaggpwbjdvavzqfv/Build/Intermediates.noindex/GeneratedModuleMaps-iphonesimulator/Compound.modulemap' '-fmodule-map-file=/Users/aadityasingh/Library/Developer/Xcode/DerivedData/Chatlio-erkyzdeecsohoaggpwbjdvavzqfv/Build/Intermediates.noindex/GeneratedModuleMaps-iphonesimulator/RealModule.modulemap' '-fmodule-map-file=/Users/aadityasingh/Library/Developer/Xcode/DerivedData/Chatlio-erkyzdeecsohoaggpwbjdvavzqfv/Build/Intermediates.noindex/GeneratedModuleMaps-iphonesimulator/Algorithms.modulemap' '-fmodule-map-file=/Users/aadityasingh/Library/Developer/Xcode/DerivedData/Chatlio-erkyzdeecsohoaggpwbjdvavzqfv/Build/Intermediates.noindex/GeneratedModuleMaps-iphonesimulator/AsyncAlgorithms.modulemap' '-fmodule-map-file=/Users/aadityasingh/Library/Developer/Xcode/DerivedData/Chatlio-erkyzdeecsohoaggpwbjdvavzqfv/Build/Intermediates.noindex/GeneratedModuleMaps-iphonesimulator/AnalyticsEvents.modulemap' '-fmodule-map-file=/Users/aadityasingh/Library/Developer/Xcode/DerivedData/Chatlio-erkyzdeecsohoaggpwbjdvavzqfv/Build/Intermediates.noindex/GeneratedModuleMaps-iphonesimulator/_RopeModule.modulemap' '-fmodule-map-file=/Users/aadityasingh/Library/Developer/Xcode/DerivedData/Chatlio-erkyzdeecsohoaggpwbjdvavzqfv/Build/Intermediates.noindex/GeneratedModuleMaps-iphonesimulator/OrderedCollections.modulemap' '-fmodule-map-file=/Users/aadityasingh/Library/Developer/Xcode/DerivedData/Chatlio-erkyzdeecsohoaggpwbjdvavzqfv/Build/Intermediates.noindex/GeneratedModuleMaps-iphonesimulator/HeapModule.modulemap' '-fmodule-map-file=/Users/aadityasingh/Library/Developer/Xcode/DerivedData/Chatlio-erkyzdeecsohoaggpwbjdvavzqfv/Build/Intermediates.noindex/GeneratedModuleMaps-iphonesimulator/HashTreeCollections.modulemap' '-fmodule-map-file=/Users/aadityasingh/Library/Developer/Xcode/DerivedData/Chatlio-erkyzdeecsohoaggpwbjdvavzqfv/Build/Intermediates.noindex/GeneratedModuleMaps-iphonesimulator/DequeModule.modulemap' '-fmodule-map-file=/Users/aadityasingh/Library/Developer/Xcode/DerivedData/Chatlio-erkyzdeecsohoaggpwbjdvavzqfv/Build/Intermediates.noindex/GeneratedModuleMaps-iphonesimulator/BitCollections.modulemap' '-fmodule-map-file=/Users/aadityasingh/Library/Developer/Xcode/DerivedData/Chatlio-erkyzdeecsohoaggpwbjdvavzqfv/Build/Intermediates.noindex/GeneratedModuleMaps-iphonesimulator/InternalCollectionsUtilities.modulemap' '-fmodule-map-file=/Users/aadityasingh/Library/Developer/Xcode/DerivedData/Chatlio-erkyzdeecsohoaggpwbjdvavzqfv/Build/Intermediates.noindex/GeneratedModuleMaps-iphonesimulator/Collections.modulemap' '-fmodule-map-file=/Users/aadityasingh/Library/Developer/Xcode/DerivedData/Chatlio-erkyzdeecsohoaggpwbjdvavzqfv/Build/Intermediates.noindex/GeneratedModuleMaps-iphonesimulator/DeviceKit.modulemap' '-fmodule-map-file=/Users/aadityasingh/Library/Developer/Xcode/DerivedData/Chatlio-erkyzdeecsohoaggpwbjdvavzqfv/Build/Intermediates.noindex/GeneratedModuleMaps-iphonesimulator/EmbeddedElementCall.modulemap' '-fmodule-map-file=/Users/aadityasingh/Library/Developer/Xcode/DerivedData/Chatlio-erkyzdeecsohoaggpwbjdvavzqfv/Build/Intermediates.noindex/GeneratedModuleMaps-iphonesimulator/KeychainAccess.modulemap' '-fmodule-map-file=/Users/aadityasingh/Library/Developer/Xcode/DerivedData/Chatlio-erkyzdeecsohoaggpwbjdvavzqfv/Build/Intermediates.noindex/GeneratedModuleMaps-iphonesimulator/Kingfisher.modulemap' '-fmodule-map-file=/Users/aadityasingh/Library/Developer/Xcode/DerivedData/Chatlio-erkyzdeecsohoaggpwbjdvavzqfv/Build/Intermediates.noindex/GeneratedModuleMaps-iphonesimulator/KZFileWatchers.modulemap' '-fmodule-map-file=/Users/aadityasingh/Library/Developer/Xcode/DerivedData/Chatlio-erkyzdeecsohoaggpwbjdvavzqfv/Build/Intermediates.noindex/GeneratedModuleMaps-iphonesimulator/LoremSwiftum.modulemap' '-fmodule-map-file=/Users/aadityasingh/Library/Developer/Xcode/DerivedData/Chatlio-erkyzdeecsohoaggpwbjdvavzqfv/Build/Intermediates.noindex/GeneratedModuleMaps-iphonesimulator/LRUCache.modulemap' '-fmodule-map-file=/Users/aadityasingh/Library/Developer/Xcode/DerivedData/Chatlio-erkyzdeecsohoaggpwbjdvavzqfv/Build/Intermediates.noindex/GeneratedModuleMaps-iphonesimulator/phlibwebp.modulemap' '-fmodule-map-file=/Users/aadityasingh/Library/Developer/Xcode/DerivedData/Chatlio-erkyzdeecsohoaggpwbjdvavzqfv/Build/Intermediates.noindex/GeneratedModuleMaps-iphonesimulator/PostHog.modulemap' '-fmodule-map-file=/Users/aadityasingh/Library/Developer/Xcode/DerivedData/Chatlio-erkyzdeecsohoaggpwbjdvavzqfv/Build/Intermediates.noindex/GeneratedModuleMaps-iphonesimulator/SwiftState.modulemap' '-fmodule-map-file=/Users/aadityasingh/Library/Developer/Xcode/DerivedData/Chatlio-erkyzdeecsohoaggpwbjdvavzqfv/Build/Intermediates.noindex/GeneratedModuleMaps-iphonesimulator/GZIP.modulemap' '-fmodule-map-file=/Users/aadityasingh/Library/Developer/Xcode/DerivedData/Chatlio-erkyzdeecsohoaggpwbjdvavzqfv/Build/Intermediates.noindex/GeneratedModuleMaps-iphonesimulator/SentryInternal.modulemap' '-fmodule-map-file=/Users/aadityasingh/Library/Developer/Xcode/DerivedData/Chatlio-erkyzdeecsohoaggpwbjdvavzqfv/Build/Intermediates.noindex/GeneratedModuleMaps-iphonesimulator/SentryCppHelper.modulemap' '-fmodule-map-file=/Users/aadityasingh/Library/Developer/Xcode/DerivedData/Chatlio-erkyzdeecsohoaggpwbjdvavzqfv/Build/Intermediates.noindex/GeneratedModuleMaps-iphonesimulator/SentrySwiftUI.modulemap' '-fmodule-map-file=/Users/aadityasingh/Library/Developer/Xcode/DerivedData/Chatlio-erkyzdeecsohoaggpwbjdvavzqfv/Build/Intermediates.noindex/GeneratedModuleMaps-iphonesimulator/Version.modulemap' '-fmodule-map-file=/Users/aadityasingh/Library/Developer/Xcode/DerivedData/Chatlio-erkyzdeecsohoaggpwbjdvavzqfv/Build/Intermediates.noindex/GeneratedModuleMaps-iphonesimulator/Emojibase.modulemap' '-fmodule-map-file=/Users/aadityasingh/Library/Developer/Xcode/DerivedData/Chatlio-erkyzdeecsohoaggpwbjdvavzqfv/Build/Intermediates.noindex/GeneratedModuleMaps-iphonesimulator/DTFoundation.modulemap' '-fmodule-map-file=/Users/aadityasingh/Library/Developer/Xcode/DerivedData/Chatlio-erkyzdeecsohoaggpwbjdvavzqfv/Build/Intermediates.noindex/GeneratedModuleMaps-iphonesimulator/DTCoreText.modulemap' '-fmodule-map-file=/Users/aadityasingh/Library/Developer/Xcode/DerivedData/Chatlio-erkyzdeecsohoaggpwbjdvavzqfv/Build/Intermediates.noindex/GeneratedModuleMaps-iphonesimulator/HTMLParser.modulemap' '-fmodule-map-file=/Users/aadityasingh/Library/Developer/Xcode/DerivedData/Chatlio-erkyzdeecsohoaggpwbjdvavzqfv/Build/Intermediates.noindex/GeneratedModuleMaps-iphonesimulator/DTCoreTextExtended.modulemap' '-fmodule-map-file=/Users/aadityasingh/Library/Developer/Xcode/DerivedData/Chatlio-erkyzdeecsohoaggpwbjdvavzqfv/Build/Intermediates.noindex/GeneratedModuleMaps-iphonesimulator/WysiwygComposer.modulemap' '-fmodule-map-file=/Users/aadityasingh/Library/Developer/Xcode/DerivedData/Chatlio-erkyzdeecsohoaggpwbjdvavzqfv/Build/Intermediates.noindex/GeneratedModuleMaps-iphonesimulator/SwiftOGG.modulemap' '-fmodule-map-file=/Users/aadityasingh/Library/Developer/Xcode/DerivedData/Chatlio-erkyzdeecsohoaggpwbjdvavzqfv/Build/Intermediates.noindex/GeneratedModuleMaps-iphonesimulator/Atomics.modulemap' '-fmodule-map-file=/Users/aadityasingh/Library/Developer/Xcode/DerivedData/Chatlio-erkyzdeecsohoaggpwbjdvavzqfv/Build/Intermediates.noindex/GeneratedModuleMaps-iphonesimulator/SwiftSoup.modulemap' '-fmodule-map-file=/Users/aadityasingh/Library/Developer/Xcode/DerivedData/Chatlio-erkyzdeecsohoaggpwbjdvavzqfv/Build/Intermediates.noindex/GeneratedModuleMaps-iphonesimulator/Flow.modulemap' '-fmodule-map-file=/Users/aadityasingh/Library/Developer/Xcode/DerivedData/Chatlio-erkyzdeecsohoaggpwbjdvavzqfv/Build/Intermediates.noindex/GeneratedModuleMaps-iphonesimulator/DSWaveformImage.modulemap' '-fmodule-map-file=/Users/aadityasingh/Library/Developer/Xcode/DerivedData/Chatlio-erkyzdeecsohoaggpwbjdvavzqfv/Build/Intermediates.noindex/GeneratedModuleMaps-iphonesimulator/DSWaveformImageViews.modulemap'

WriteAuxiliaryFile /Users/aadityasingh/Library/Developer/Xcode/DerivedData/Chatlio-erkyzdeecsohoaggpwbjdvavzqfv/Build/Intermediates.noindex/Chatlio.build/Debug-iphonesimulator/Chatlio.build/Objects-normal/arm64/Chatlio.SwiftFileList (in target 'Chatlio' from project 'Chatlio')
    cd /Users/aadityasingh/Documents/Development/element-x-ios
    write-file /Users/aadityasingh/Library/Developer/Xcode/DerivedData/Chatlio-erkyzdeecsohoaggpwbjdvavzqfv/Build/Intermediates.noindex/Chatlio.build/Debug-iphonesimulator/Chatlio.build/Objects-normal/arm64/Chatlio.SwiftFileList

WriteAuxiliaryFile /Users/aadityasingh/Library/Developer/Xcode/DerivedData/Chatlio-erkyzdeecsohoaggpwbjdvavzqfv/Build/Intermediates.noindex/Chatlio.build/Debug-iphonesimulator/Chatlio.build/Objects-normal/arm64/Chatlio.SwiftConstValuesFileList (in target 'Chatlio' from project 'Chatlio')
    cd /Users/aadityasingh/Documents/Development/element-x-ios
    write-file /Users/aadityasingh/Library/Developer/Xcode/DerivedData/Chatlio-erkyzdeecsohoaggpwbjdvavzqfv/Build/Intermediates.noindex/Chatlio.build/Debug-iphonesimulator/Chatlio.build/Objects-normal/arm64/Chatlio.SwiftConstValuesFileList

WriteAuxiliaryFile /Users/aadityasingh/Library/Developer/Xcode/DerivedData/Chatlio-erkyzdeecsohoaggpwbjdvavzqfv/Build/Intermediates.noindex/Chatlio.build/Debug-iphonesimulator/Chatlio.build/Objects-normal/arm64/Chatlio.LinkFileList (in target 'Chatlio' from project 'Chatlio')
    cd /Users/aadityasingh/Documents/Development/element-x-ios
    write-file /Users/aadityasingh/Library/Developer/Xcode/DerivedData/Chatlio-erkyzdeecsohoaggpwbjdvavzqfv/Build/Intermediates.noindex/Chatlio.build/Debug-iphonesimulator/Chatlio.build/Objects-normal/arm64/Chatlio.LinkFileList

WriteAuxiliaryFile /Users/aadityasingh/Library/Developer/Xcode/DerivedData/Chatlio-erkyzdeecsohoaggpwbjdvavzqfv/Build/Intermediates.noindex/Chatlio.build/Debug-iphonesimulator/Chatlio.build/Objects-normal/arm64/Chatlio-OutputFileMap.json (in target 'Chatlio' from project 'Chatlio')
    cd /Users/aadityasingh/Documents/Development/element-x-ios
    write-file /Users/aadityasingh/Library/Developer/Xcode/DerivedData/Chatlio-erkyzdeecsohoaggpwbjdvavzqfv/Build/Intermediates.noindex/Chatlio.build/Debug-iphonesimulator/Chatlio.build/Objects-normal/arm64/Chatlio-OutputFileMap.json

WriteAuxiliaryFile /Users/aadityasingh/Library/Developer/Xcode/DerivedData/Chatlio-erkyzdeecsohoaggpwbjdvavzqfv/Build/Intermediates.noindex/Chatlio.build/Debug-iphonesimulator/Chatlio.build/DerivedSources/Entitlements-Simulated.plist (in target 'Chatlio' from project 'Chatlio')
    cd /Users/aadityasingh/Documents/Development/element-x-ios
    write-file /Users/aadityasingh/Library/Developer/Xcode/DerivedData/Chatlio-erkyzdeecsohoaggpwbjdvavzqfv/Build/Intermediates.noindex/Chatlio.build/Debug-iphonesimulator/Chatlio.build/DerivedSources/Entitlements-Simulated.plist

WriteAuxiliaryFile /Users/aadityasingh/Library/Developer/Xcode/DerivedData/Chatlio-erkyzdeecsohoaggpwbjdvavzqfv/Build/Intermediates.noindex/Chatlio.build/Debug-iphonesimulator/Chatlio.build/Chatlio.hmap (in target 'Chatlio' from project 'Chatlio')
    cd /Users/aadityasingh/Documents/Development/element-x-ios
    write-file /Users/aadityasingh/Library/Developer/Xcode/DerivedData/Chatlio-erkyzdeecsohoaggpwbjdvavzqfv/Build/Intermediates.noindex/Chatlio.build/Debug-iphonesimulator/Chatlio.build/Chatlio.hmap

WriteAuxiliaryFile /Users/aadityasingh/Library/Developer/Xcode/DerivedData/Chatlio-erkyzdeecsohoaggpwbjdvavzqfv/Build/Intermediates.noindex/Chatlio.build/Debug-iphonesimulator/Chatlio.build/Chatlio.DependencyStaticMetadataFileList (in target 'Chatlio' from project 'Chatlio')
    cd /Users/aadityasingh/Documents/Development/element-x-ios
    write-file /Users/aadityasingh/Library/Developer/Xcode/DerivedData/Chatlio-erkyzdeecsohoaggpwbjdvavzqfv/Build/Intermediates.noindex/Chatlio.build/Debug-iphonesimulator/Chatlio.build/Chatlio.DependencyStaticMetadataFileList

WriteAuxiliaryFile /Users/aadityasingh/Library/Developer/Xcode/DerivedData/Chatlio-erkyzdeecsohoaggpwbjdvavzqfv/Build/Intermediates.noindex/Chatlio.build/Debug-iphonesimulator/Chatlio.build/Chatlio.DependencyMetadataFileList (in target 'Chatlio' from project 'Chatlio')
    cd /Users/aadityasingh/Documents/Development/element-x-ios
    write-file /Users/aadityasingh/Library/Developer/Xcode/DerivedData/Chatlio-erkyzdeecsohoaggpwbjdvavzqfv/Build/Intermediates.noindex/Chatlio.build/Debug-iphonesimulator/Chatlio.build/Chatlio.DependencyMetadataFileList

WriteAuxiliaryFile /Users/aadityasingh/Library/Developer/Xcode/DerivedData/Chatlio-erkyzdeecsohoaggpwbjdvavzqfv/Build/Intermediates.noindex/Chatlio.build/Debug-iphonesimulator/Chatlio.build/Chatlio-project-headers.hmap (in target 'Chatlio' from project 'Chatlio')
    cd /Users/aadityasingh/Documents/Development/element-x-ios
    write-file /Users/aadityasingh/Library/Developer/Xcode/DerivedData/Chatlio-erkyzdeecsohoaggpwbjdvavzqfv/Build/Intermediates.noindex/Chatlio.build/Debug-iphonesimulator/Chatlio.build/Chatlio-project-headers.hmap

WriteAuxiliaryFile /Users/aadityasingh/Library/Developer/Xcode/DerivedData/Chatlio-erkyzdeecsohoaggpwbjdvavzqfv/Build/Intermediates.noindex/Chatlio.build/Debug-iphonesimulator/Chatlio.build/Chatlio-own-target-headers.hmap (in target 'Chatlio' from project 'Chatlio')
    cd /Users/aadityasingh/Documents/Development/element-x-ios
    write-file /Users/aadityasingh/Library/Developer/Xcode/DerivedData/Chatlio-erkyzdeecsohoaggpwbjdvavzqfv/Build/Intermediates.noindex/Chatlio.build/Debug-iphonesimulator/Chatlio.build/Chatlio-own-target-headers.hmap

WriteAuxiliaryFile /Users/aadityasingh/Library/Developer/Xcode/DerivedData/Chatlio-erkyzdeecsohoaggpwbjdvavzqfv/Build/Intermediates.noindex/Chatlio.build/Debug-iphonesimulator/Chatlio.build/Chatlio-generated-files.hmap (in target 'Chatlio' from project 'Chatlio')
    cd /Users/aadityasingh/Documents/Development/element-x-ios
    write-file /Users/aadityasingh/Library/Developer/Xcode/DerivedData/Chatlio-erkyzdeecsohoaggpwbjdvavzqfv/Build/Intermediates.noindex/Chatlio.build/Debug-iphonesimulator/Chatlio.build/Chatlio-generated-files.hmap

WriteAuxiliaryFile /Users/aadityasingh/Library/Developer/Xcode/DerivedData/Chatlio-erkyzdeecsohoaggpwbjdvavzqfv/Build/Intermediates.noindex/Chatlio.build/Debug-iphonesimulator/Chatlio.build/Chatlio-all-target-headers.hmap (in target 'Chatlio' from project 'Chatlio')
    cd /Users/aadityasingh/Documents/Development/element-x-ios
    write-file /Users/aadityasingh/Library/Developer/Xcode/DerivedData/Chatlio-erkyzdeecsohoaggpwbjdvavzqfv/Build/Intermediates.noindex/Chatlio.build/Debug-iphonesimulator/Chatlio.build/Chatlio-all-target-headers.hmap

WriteAuxiliaryFile /Users/aadityasingh/Library/Developer/Xcode/DerivedData/Chatlio-erkyzdeecsohoaggpwbjdvavzqfv/Build/Intermediates.noindex/Chatlio.build/Debug-iphonesimulator/Chatlio.build/Chatlio-all-non-framework-target-headers.hmap (in target 'Chatlio' from project 'Chatlio')
    cd /Users/aadityasingh/Documents/Development/element-x-ios
    write-file /Users/aadityasingh/Library/Developer/Xcode/DerivedData/Chatlio-erkyzdeecsohoaggpwbjdvavzqfv/Build/Intermediates.noindex/Chatlio.build/Debug-iphonesimulator/Chatlio.build/Chatlio-all-non-framework-target-headers.hmap

WriteAuxiliaryFile /Users/aadityasingh/Library/Developer/Xcode/DerivedData/Chatlio-erkyzdeecsohoaggpwbjdvavzqfv/Build/Intermediates.noindex/Chatlio.build/Debug-iphonesimulator/Chatlio.build/Chatlio-DebugDylibPath-normal-x86_64.txt (in target 'Chatlio' from project 'Chatlio')
    cd /Users/aadityasingh/Documents/Development/element-x-ios
    write-file /Users/aadityasingh/Library/Developer/Xcode/DerivedData/Chatlio-erkyzdeecsohoaggpwbjdvavzqfv/Build/Intermediates.noindex/Chatlio.build/Debug-iphonesimulator/Chatlio.build/Chatlio-DebugDylibPath-normal-x86_64.txt

WriteAuxiliaryFile /Users/aadityasingh/Library/Developer/Xcode/DerivedData/Chatlio-erkyzdeecsohoaggpwbjdvavzqfv/Build/Intermediates.noindex/Chatlio.build/Debug-iphonesimulator/Chatlio.build/Chatlio-DebugDylibPath-normal-arm64.txt (in target 'Chatlio' from project 'Chatlio')
    cd /Users/aadityasingh/Documents/Development/element-x-ios
    write-file /Users/aadityasingh/Library/Developer/Xcode/DerivedData/Chatlio-erkyzdeecsohoaggpwbjdvavzqfv/Build/Intermediates.noindex/Chatlio.build/Debug-iphonesimulator/Chatlio.build/Chatlio-DebugDylibPath-normal-arm64.txt

WriteAuxiliaryFile /Users/aadityasingh/Library/Developer/Xcode/DerivedData/Chatlio-erkyzdeecsohoaggpwbjdvavzqfv/Build/Intermediates.noindex/Chatlio.build/Debug-iphonesimulator/Chatlio.build/Chatlio-DebugDylibInstallName-normal-x86_64.txt (in target 'Chatlio' from project 'Chatlio')
    cd /Users/aadityasingh/Documents/Development/element-x-ios
    write-file /Users/aadityasingh/Library/Developer/Xcode/DerivedData/Chatlio-erkyzdeecsohoaggpwbjdvavzqfv/Build/Intermediates.noindex/Chatlio.build/Debug-iphonesimulator/Chatlio.build/Chatlio-DebugDylibInstallName-normal-x86_64.txt

WriteAuxiliaryFile /Users/aadityasingh/Library/Developer/Xcode/DerivedData/Chatlio-erkyzdeecsohoaggpwbjdvavzqfv/Build/Intermediates.noindex/Chatlio.build/Debug-iphonesimulator/Chatlio.build/Chatlio-DebugDylibInstallName-normal-arm64.txt (in target 'Chatlio' from project 'Chatlio')
    cd /Users/aadityasingh/Documents/Development/element-x-ios
    write-file /Users/aadityasingh/Library/Developer/Xcode/DerivedData/Chatlio-erkyzdeecsohoaggpwbjdvavzqfv/Build/Intermediates.noindex/Chatlio.build/Debug-iphonesimulator/Chatlio.build/Chatlio-DebugDylibInstallName-normal-arm64.txt

MkDir /Users/aadityasingh/Library/Developer/Xcode/DerivedData/Chatlio-erkyzdeecsohoaggpwbjdvavzqfv/Build/Products/Debug-iphonesimulator/Chatlio.app/Frameworks (in target 'Chatlio' from project 'Chatlio')
    cd /Users/aadityasingh/Documents/Development/element-x-ios
    /bin/mkdir -p /Users/aadityasingh/Library/Developer/Xcode/DerivedData/Chatlio-erkyzdeecsohoaggpwbjdvavzqfv/Build/Products/Debug-iphonesimulator/Chatlio.app/Frameworks

MkDir /Users/aadityasingh/Library/Developer/Xcode/DerivedData/Chatlio-erkyzdeecsohoaggpwbjdvavzqfv/Build/Products/Debug-iphonesimulator/Chatlio.app/PlugIns (in target 'Chatlio' from project 'Chatlio')
    cd /Users/aadityasingh/Documents/Development/element-x-ios
    /bin/mkdir -p /Users/aadityasingh/Library/Developer/Xcode/DerivedData/Chatlio-erkyzdeecsohoaggpwbjdvavzqfv/Build/Products/Debug-iphonesimulator/Chatlio.app/PlugIns

MkDir /Users/aadityasingh/Library/Developer/Xcode/DerivedData/Chatlio-erkyzdeecsohoaggpwbjdvavzqfv/Build/Products/Debug-iphonesimulator/Chatlio.app (in target 'Chatlio' from project 'Chatlio')
    cd /Users/aadityasingh/Documents/Development/element-x-ios
    /bin/mkdir -p /Users/aadityasingh/Library/Developer/Xcode/DerivedData/Chatlio-erkyzdeecsohoaggpwbjdvavzqfv/Build/Products/Debug-iphonesimulator/Chatlio.app

PrecompileModule /Users/aadityasingh/Library/Developer/Xcode/DerivedData/Chatlio-erkyzdeecsohoaggpwbjdvavzqfv/Build/Intermediates.noindex/ExplicitPrecompiledModules/_Builtin_inttypes-7TUJAJPZD48CW12IMF2WNWDSW.scan
    cd /
    builtin-precompileModule /Users/aadityasingh/Library/Developer/Xcode/DerivedData/Chatlio-erkyzdeecsohoaggpwbjdvavzqfv/Build/Intermediates.noindex/ExplicitPrecompiledModules/_Builtin_inttypes-7TUJAJPZD48CW12IMF2WNWDSW.scan

ScanDependencies /Users/aadityasingh/Library/Developer/Xcode/DerivedData/Chatlio-erkyzdeecsohoaggpwbjdvavzqfv/Build/Intermediates.noindex/swift-numerics.build/Debug-iphonesimulator/_NumericsShims.build/Objects-normal/x86_64/_NumericsShims.o /Users/aadityasingh/Library/Developer/Xcode/DerivedData/Chatlio-erkyzdeecsohoaggpwbjdvavzqfv/SourcePackages/checkouts/swift-numerics/Sources/_NumericsShims/_NumericsShims.c normal x86_64 c com.apple.compilers.llvm.clang.1_0.compiler (in target '_NumericsShims' from project 'swift-numerics')
    cd /Users/aadityasingh/Documents/Development/element-x-ios/Chatlio.xcodeproj
    
    Using response file: /Users/aadityasingh/Library/Developer/Xcode/DerivedData/Chatlio-erkyzdeecsohoaggpwbjdvavzqfv/Build/Intermediates.noindex/swift-numerics.build/Debug-iphonesimulator/_NumericsShims.build/Objects-normal/x86_64/7187679823f38a2a940e0043cdf9d637-common-args.resp
    
    builtin-ScanDependencies -o /Users/aadityasingh/Library/Developer/Xcode/DerivedData/Chatlio-erkyzdeecsohoaggpwbjdvavzqfv/Build/Intermediates.noindex/swift-numerics.build/Debug-iphonesimulator/_NumericsShims.build/Objects-normal/x86_64/_NumericsShims.o.scan -- /Applications/Xcode.app/Contents/Developer/Toolchains/XcodeDefault.xctoolchain/usr/bin/clang -x c -ivfsstatcache /Users/aadityasingh/Library/Developer/Xcode/DerivedData/SDKStatCaches.noindex/iphonesimulator26.4-23E252-686eebb5dc1d8ecb277353a59184f4aa.sdkstatcache -target x86_64-apple-ios12.0-simulator -fmessage-length\=0 -fdiagnostics-show-note-include-stack -fmacro-backtrace-limit\=0 -fno-color-diagnostics -fmodules-prune-interval\=86400 -fmodules-prune-after\=345600 -fbuild-session-file\=/Users/aadityasingh/Library/Developer/Xcode/DerivedData/ModuleCache.noindex/Session.modulevalidation -fmodules-validate-once-per-build-session -Wnon-modular-include-in-framework-module -Werror\=non-modular-include-in-framework-module -Wno-trigraphs -Wno-missing-field-initializers -Wno-missing-prototypes -Wno-return-type -Wno-missing-braces -Wparentheses -Wswitch -Wno-unused-function -Wno-unused-label -Wno-unused-parameter -Wno-unused-variable -Wunused-value -Wno-empty-body -Wno-uninitialized -Wno-unknown-pragmas -w -Wno-shadow -Wno-four-char-constants -Wno-conversion -Wno-constant-conversion -Wno-int-conversion -Wno-bool-conversion -Wno-enum-conversion -Wno-float-conversion -Wno-non-literal-null-conversion -Wno-objc-literal-conversion -Wshorten-64-to-32 -Wpointer-sign -Wno-newline-eof -Wno-implicit-fallthrough -isysroot /Applications/Xcode.app/Contents/Developer/Platforms/iPhoneSimulator.platform/Developer/SDKs/iPhoneSimulator26.4.sdk -fstrict-aliasing -Wdeprecated-declarations -Wno-sign-conversion -Wno-infinite-recursion -Wno-comma -Wno-block-capture-autoreleasing -Wno-strict-prototypes -Wno-semicolon-before-method-body -index-store-path /Users/aadityasingh/Library/Developer/Xcode/DerivedData/Chatlio-erkyzdeecsohoaggpwbjdvavzqfv/Index.noindex/DataStore @/Users/aadityasingh/Library/Developer/Xcode/DerivedData/Chatlio-erkyzdeecsohoaggpwbjdvavzqfv/Build/Intermediates.noindex/swift-numerics.build/Debug-iphonesimulator/_NumericsShims.build/Objects-normal/x86_64/7187679823f38a2a940e0043cdf9d637-common-args.resp -MMD -MT dependencies -MF /Users/aadityasingh/Library/Developer/Xcode/DerivedData/Chatlio-erkyzdeecsohoaggpwbjdvavzqfv/Build/Intermediates.noindex/swift-numerics.build/Debug-iphonesimulator/_NumericsShims.build/Objects-normal/x86_64/_NumericsShims.d --serialize-diagnostics /Users/aadityasingh/Library/Developer/Xcode/DerivedData/Chatlio-erkyzdeecsohoaggpwbjdvavzqfv/Build/Intermediates.noindex/swift-numerics.build/Debug-iphonesimulator/_NumericsShims.build/Objects-normal/x86_64/_NumericsShims.dia -c /Users/aadityasingh/Library/Developer/Xcode/DerivedData/Chatlio-erkyzdeecsohoaggpwbjdvavzqfv/SourcePackages/checkouts/swift-numerics/Sources/_NumericsShims/_NumericsShims.c -o /Users/aadityasingh/Library/Developer/Xcode/DerivedData/Chatlio-erkyzdeecsohoaggpwbjdvavzqfv/Build/Intermediates.noindex/swift-numerics.build/Debug-iphonesimulator/_NumericsShims.build/Objects-normal/x86_64/_NumericsShims.o -index-unit-output-path /swift-numerics.build/Debug-iphonesimulator/_NumericsShims.build/Objects-normal/x86_64/_NumericsShims.o

ScanDependencies /Users/aadityasingh/Library/Developer/Xcode/DerivedData/Chatlio-erkyzdeecsohoaggpwbjdvavzqfv/Build/Intermediates.noindex/swift-numerics.build/Debug-iphonesimulator/_NumericsShims.build/Objects-normal/arm64/_NumericsShims.o /Users/aadityasingh/Library/Developer/Xcode/DerivedData/Chatlio-erkyzdeecsohoaggpwbjdvavzqfv/SourcePackages/checkouts/swift-numerics/Sources/_NumericsShims/_NumericsShims.c normal arm64 c com.apple.compilers.llvm.clang.1_0.compiler (in target '_NumericsShims' from project 'swift-numerics')
    cd /Users/aadityasingh/Documents/Development/element-x-ios/Chatlio.xcodeproj
    
    Using response file: /Users/aadityasingh/Library/Developer/Xcode/DerivedData/Chatlio-erkyzdeecsohoaggpwbjdvavzqfv/Build/Intermediates.noindex/swift-numerics.build/Debug-iphonesimulator/_NumericsShims.build/Objects-normal/arm64/7187679823f38a2a940e0043cdf9d637-common-args.resp
    
    builtin-ScanDependencies -o /Users/aadityasingh/Library/Developer/Xcode/DerivedData/Chatlio-erkyzdeecsohoaggpwbjdvavzqfv/Build/Intermediates.noindex/swift-numerics.build/Debug-iphonesimulator/_NumericsShims.build/Objects-normal/arm64/_NumericsShims.o.scan -- /Applications/Xcode.app/Contents/Developer/Toolchains/XcodeDefault.xctoolchain/usr/bin/clang -x c -ivfsstatcache /Users/aadityasingh/Library/Developer/Xcode/DerivedData/SDKStatCaches.noindex/iphonesimulator26.4-23E252-686eebb5dc1d8ecb277353a59184f4aa.sdkstatcache -target arm64-apple-ios12.0-simulator -fmessage-length\=0 -fdiagnostics-show-note-include-stack -fmacro-backtrace-limit\=0 -fno-color-diagnostics -fmodules-prune-interval\=86400 -fmodules-prune-after\=345600 -fbuild-session-file\=/Users/aadityasingh/Library/Developer/Xcode/DerivedData/ModuleCache.noindex/Session.modulevalidation -fmodules-validate-once-per-build-session -Wnon-modular-include-in-framework-module -Werror\=non-modular-include-in-framework-module -Wno-trigraphs -Wno-missing-field-initializers -Wno-missing-prototypes -Wno-return-type -Wno-missing-braces -Wparentheses -Wswitch -Wno-unused-function -Wno-unused-label -Wno-unused-parameter -Wno-unused-variable -Wunused-value -Wno-empty-body -Wno-uninitialized -Wno-unknown-pragmas -w -Wno-shadow -Wno-four-char-constants -Wno-conversion -Wno-constant-conversion -Wno-int-conversion -Wno-bool-conversion -Wno-enum-conversion -Wno-float-conversion -Wno-non-literal-null-conversion -Wno-objc-literal-conversion -Wshorten-64-to-32 -Wpointer-sign -Wno-newline-eof -Wno-implicit-fallthrough -isysroot /Applications/Xcode.app/Contents/Developer/Platforms/iPhoneSimulator.platform/Developer/SDKs/iPhoneSimulator26.4.sdk -fstrict-aliasing -Wdeprecated-declarations -Wno-sign-conversion -Wno-infinite-recursion -Wno-comma -Wno-block-capture-autoreleasing -Wno-strict-prototypes -Wno-semicolon-before-method-body -index-store-path /Users/aadityasingh/Library/Developer/Xcode/DerivedData/Chatlio-erkyzdeecsohoaggpwbjdvavzqfv/Index.noindex/DataStore @/Users/aadityasingh/Library/Developer/Xcode/DerivedData/Chatlio-erkyzdeecsohoaggpwbjdvavzqfv/Build/Intermediates.noindex/swift-numerics.build/Debug-iphonesimulator/_NumericsShims.build/Objects-normal/arm64/7187679823f38a2a940e0043cdf9d637-common-args.resp -MMD -MT dependencies -MF /Users/aadityasingh/Library/Developer/Xcode/DerivedData/Chatlio-erkyzdeecsohoaggpwbjdvavzqfv/Build/Intermediates.noindex/swift-numerics.build/Debug-iphonesimulator/_NumericsShims.build/Objects-normal/arm64/_NumericsShims.d --serialize-diagnostics /Users/aadityasingh/Library/Developer/Xcode/DerivedData/Chatlio-erkyzdeecsohoaggpwbjdvavzqfv/Build/Intermediates.noindex/swift-numerics.build/Debug-iphonesimulator/_NumericsShims.build/Objects-normal/arm64/_NumericsShims.dia -c /Users/aadityasingh/Library/Developer/Xcode/DerivedData/Chatlio-erkyzdeecsohoaggpwbjdvavzqfv/SourcePackages/checkouts/swift-numerics/Sources/_NumericsShims/_NumericsShims.c -o /Users/aadityasingh/Library/Developer/Xcode/DerivedData/Chatlio-erkyzdeecsohoaggpwbjdvavzqfv/Build/Intermediates.noindex/swift-numerics.build/Debug-iphonesimulator/_NumericsShims.build/Objects-normal/arm64/_NumericsShims.o -index-unit-output-path /swift-numerics.build/Debug-iphonesimulator/_NumericsShims.build/Objects-normal/arm64/_NumericsShims.o

ScanDependencies /Users/aadityasingh/Library/Developer/Xcode/DerivedData/Chatlio-erkyzdeecsohoaggpwbjdvavzqfv/Build/Intermediates.noindex/swift-atomics.build/Debug-iphonesimulator/_AtomicsShims.build/Objects-normal/x86_64/_AtomicsShims.o /Users/aadityasingh/Library/Developer/Xcode/DerivedData/Chatlio-erkyzdeecsohoaggpwbjdvavzqfv/SourcePackages/checkouts/swift-atomics/Sources/_AtomicsShims/src/_AtomicsShims.c normal x86_64 c com.apple.compilers.llvm.clang.1_0.compiler (in target '_AtomicsShims' from project 'swift-atomics')
    cd /Users/aadityasingh/Documents/Development/element-x-ios/Chatlio.xcodeproj
    
    Using response file: /Users/aadityasingh/Library/Developer/Xcode/DerivedData/Chatlio-erkyzdeecsohoaggpwbjdvavzqfv/Build/Intermediates.noindex/swift-atomics.build/Debug-iphonesimulator/_AtomicsShims.build/Objects-normal/x86_64/7187679823f38a2a940e0043cdf9d637-common-args.resp
    
    builtin-ScanDependencies -o /Users/aadityasingh/Library/Developer/Xcode/DerivedData/Chatlio-erkyzdeecsohoaggpwbjdvavzqfv/Build/Intermediates.noindex/swift-atomics.build/Debug-iphonesimulator/_AtomicsShims.build/Objects-normal/x86_64/_AtomicsShims.o.scan -- /Applications/Xcode.app/Contents/Developer/Toolchains/XcodeDefault.xctoolchain/usr/bin/clang -x c -ivfsstatcache /Users/aadityasingh/Library/Developer/Xcode/DerivedData/SDKStatCaches.noindex/iphonesimulator26.4-23E252-686eebb5dc1d8ecb277353a59184f4aa.sdkstatcache -target x86_64-apple-ios12.0-simulator -fmessage-length\=0 -fdiagnostics-show-note-include-stack -fmacro-backtrace-limit\=0 -fno-color-diagnostics -fmodules-prune-interval\=86400 -fmodules-prune-after\=345600 -fbuild-session-file\=/Users/aadityasingh/Library/Developer/Xcode/DerivedData/ModuleCache.noindex/Session.modulevalidation -fmodules-validate-once-per-build-session -Wnon-modular-include-in-framework-module -Werror\=non-modular-include-in-framework-module -Wno-trigraphs -Wno-missing-field-initializers -Wno-missing-prototypes -Wno-return-type -Wno-missing-braces -Wparentheses -Wswitch -Wno-unused-function -Wno-unused-label -Wno-unused-parameter -Wno-unused-variable -Wunused-value -Wno-empty-body -Wno-uninitialized -Wno-unknown-pragmas -w -Wno-shadow -Wno-four-char-constants -Wno-conversion -Wno-constant-conversion -Wno-int-conversion -Wno-bool-conversion -Wno-enum-conversion -Wno-float-conversion -Wno-non-literal-null-conversion -Wno-objc-literal-conversion -Wshorten-64-to-32 -Wpointer-sign -Wno-newline-eof -Wno-implicit-fallthrough -isysroot /Applications/Xcode.app/Contents/Developer/Platforms/iPhoneSimulator.platform/Developer/SDKs/iPhoneSimulator26.4.sdk -fstrict-aliasing -Wdeprecated-declarations -Wno-sign-conversion -Wno-infinite-recursion -Wno-comma -Wno-block-capture-autoreleasing -Wno-strict-prototypes -Wno-semicolon-before-method-body -index-store-path /Users/aadityasingh/Library/Developer/Xcode/DerivedData/Chatlio-erkyzdeecsohoaggpwbjdvavzqfv/Index.noindex/DataStore @/Users/aadityasingh/Library/Developer/Xcode/DerivedData/Chatlio-erkyzdeecsohoaggpwbjdvavzqfv/Build/Intermediates.noindex/swift-atomics.build/Debug-iphonesimulator/_AtomicsShims.build/Objects-normal/x86_64/7187679823f38a2a940e0043cdf9d637-common-args.resp -MMD -MT dependencies -MF /Users/aadityasingh/Library/Developer/Xcode/DerivedData/Chatlio-erkyzdeecsohoaggpwbjdvavzqfv/Build/Intermediates.noindex/swift-atomics.build/Debug-iphonesimulator/_AtomicsShims.build/Objects-normal/x86_64/_AtomicsShims.d --serialize-diagnostics /Users/aadityasingh/Library/Developer/Xcode/DerivedData/Chatlio-erkyzdeecsohoaggpwbjdvavzqfv/Build/Intermediates.noindex/swift-atomics.build/Debug-iphonesimulator/_AtomicsShims.build/Objects-normal/x86_64/_AtomicsShims.dia -c /Users/aadityasingh/Library/Developer/Xcode/DerivedData/Chatlio-erkyzdeecsohoaggpwbjdvavzqfv/SourcePackages/checkouts/swift-atomics/Sources/_AtomicsShims/src/_AtomicsShims.c -o /Users/aadityasingh/Library/Developer/Xcode/DerivedData/Chatlio-erkyzdeecsohoaggpwbjdvavzqfv/Build/Intermediates.noindex/swift-atomics.build/Debug-iphonesimulator/_AtomicsShims.build/Objects-normal/x86_64/_AtomicsShims.o -index-unit-output-path /swift-atomics.build/Debug-iphonesimulator/_AtomicsShims.build/Objects-normal/x86_64/_AtomicsShims.o

ScanDependencies /Users/aadityasingh/Library/Developer/Xcode/DerivedData/Chatlio-erkyzdeecsohoaggpwbjdvavzqfv/Build/Intermediates.noindex/swift-atomics.build/Debug-iphonesimulator/_AtomicsShims.build/Objects-normal/arm64/_AtomicsShims.o /Users/aadityasingh/Library/Developer/Xcode/DerivedData/Chatlio-erkyzdeecsohoaggpwbjdvavzqfv/SourcePackages/checkouts/swift-atomics/Sources/_AtomicsShims/src/_AtomicsShims.c normal arm64 c com.apple.compilers.llvm.clang.1_0.compiler (in target '_AtomicsShims' from project 'swift-atomics')
    cd /Users/aadityasingh/Documents/Development/element-x-ios/Chatlio.xcodeproj
    
    Using response file: /Users/aadityasingh/Library/Developer/Xcode/DerivedData/Chatlio-erkyzdeecsohoaggpwbjdvavzqfv/Build/Intermediates.noindex/swift-atomics.build/Debug-iphonesimulator/_AtomicsShims.build/Objects-normal/arm64/7187679823f38a2a940e0043cdf9d637-common-args.resp
    
    builtin-ScanDependencies -o /Users/aadityasingh/Library/Developer/Xcode/DerivedData/Chatlio-erkyzdeecsohoaggpwbjdvavzqfv/Build/Intermediates.noindex/swift-atomics.build/Debug-iphonesimulator/_AtomicsShims.build/Objects-normal/arm64/_AtomicsShims.o.scan -- /Applications/Xcode.app/Contents/Developer/Toolchains/XcodeDefault.xctoolchain/usr/bin/clang -x c -ivfsstatcache /Users/aadityasingh/Library/Developer/Xcode/DerivedData/SDKStatCaches.noindex/iphonesimulator26.4-23E252-686eebb5dc1d8ecb277353a59184f4aa.sdkstatcache -target arm64-apple-ios12.0-simulator -fmessage-length\=0 -fdiagnostics-show-note-include-stack -fmacro-backtrace-limit\=0 -fno-color-diagnostics -fmodules-prune-interval\=86400 -fmodules-prune-after\=345600 -fbuild-session-file\=/Users/aadityasingh/Library/Developer/Xcode/DerivedData/ModuleCache.noindex/Session.modulevalidation -fmodules-validate-once-per-build-session -Wnon-modular-include-in-framework-module -Werror\=non-modular-include-in-framework-module -Wno-trigraphs -Wno-missing-field-initializers -Wno-missing-prototypes -Wno-return-type -Wno-missing-braces -Wparentheses -Wswitch -Wno-unused-function -Wno-unused-label -Wno-unused-parameter -Wno-unused-variable -Wunused-value -Wno-empty-body -Wno-uninitialized -Wno-unknown-pragmas -w -Wno-shadow -Wno-four-char-constants -Wno-conversion -Wno-constant-conversion -Wno-int-conversion -Wno-bool-conversion -Wno-enum-conversion -Wno-float-conversion -Wno-non-literal-null-conversion -Wno-objc-literal-conversion -Wshorten-64-to-32 -Wpointer-sign -Wno-newline-eof -Wno-implicit-fallthrough -isysroot /Applications/Xcode.app/Contents/Developer/Platforms/iPhoneSimulator.platform/Developer/SDKs/iPhoneSimulator26.4.sdk -fstrict-aliasing -Wdeprecated-declarations -Wno-sign-conversion -Wno-infinite-recursion -Wno-comma -Wno-block-capture-autoreleasing -Wno-strict-prototypes -Wno-semicolon-before-method-body -index-store-path /Users/aadityasingh/Library/Developer/Xcode/DerivedData/Chatlio-erkyzdeecsohoaggpwbjdvavzqfv/Index.noindex/DataStore @/Users/aadityasingh/Library/Developer/Xcode/DerivedData/Chatlio-erkyzdeecsohoaggpwbjdvavzqfv/Build/Intermediates.noindex/swift-atomics.build/Debug-iphonesimulator/_AtomicsShims.build/Objects-normal/arm64/7187679823f38a2a940e0043cdf9d637-common-args.resp -MMD -MT dependencies -MF /Users/aadityasingh/Library/Developer/Xcode/DerivedData/Chatlio-erkyzdeecsohoaggpwbjdvavzqfv/Build/Intermediates.noindex/swift-atomics.build/Debug-iphonesimulator/_AtomicsShims.build/Objects-normal/arm64/_AtomicsShims.d --serialize-diagnostics /Users/aadityasingh/Library/Developer/Xcode/DerivedData/Chatlio-erkyzdeecsohoaggpwbjdvavzqfv/Build/Intermediates.noindex/swift-atomics.build/Debug-iphonesimulator/_AtomicsShims.build/Objects-normal/arm64/_AtomicsShims.dia -c /Users/aadityasingh/Library/Developer/Xcode/DerivedData/Chatlio-erkyzdeecsohoaggpwbjdvavzqfv/SourcePackages/checkouts/swift-atomics/Sources/_AtomicsShims/src/_AtomicsShims.c -o /Users/aadityasingh/Library/Developer/Xcode/DerivedData/Chatlio-erkyzdeecsohoaggpwbjdvavzqfv/Build/Intermediates.noindex/swift-atomics.build/Debug-iphonesimulator/_AtomicsShims.build/Objects-normal/arm64/_AtomicsShims.o -index-unit-output-path /swift-atomics.build/Debug-iphonesimulator/_AtomicsShims.build/Objects-normal/arm64/_AtomicsShims.o

SwiftDriver Version normal arm64 com.apple.xcode.tools.swift.compiler (in target 'Version' from project 'Version')
    cd /Users/aadityasingh/Documents/Development/element-x-ios/Chatlio.xcodeproj
    builtin-SwiftDriver -- /Applications/Xcode.app/Contents/Developer/Toolchains/XcodeDefault.xctoolchain/usr/bin/swiftc -module-name Version -Onone @/Users/aadityasingh/Library/Developer/Xcode/DerivedData/Chatlio-erkyzdeecsohoaggpwbjdvavzqfv/Build/Intermediates.noindex/Version.build/Debug-iphonesimulator/Version.build/Objects-normal/arm64/Version.SwiftFileList -DSWIFT_PACKAGE -DDEBUG -DSWIFT_MODULE_RESOURCE_BUNDLE_UNAVAILABLE -DXcode -plugin-path /Applications/Xcode.app/Contents/Developer/Toolchains/XcodeDefault.xctoolchain/usr/lib/swift/host/plugins/testing -enable-experimental-feature DebugDescriptionMacro -sdk /Applications/Xcode.app/Contents/Developer/Platforms/iPhoneSimulator.platform/Developer/SDKs/iPhoneSimulator26.4.sdk -target arm64-apple-ios12.0-simulator -g -module-cache-path /Users/aadityasingh/Library/Developer/Xcode/DerivedData/ModuleCache.noindex -Xfrontend -serialize-debugging-options -profile-coverage-mapping -profile-generate -enable-testing -suppress-warnings -index-store-path /Users/aadityasingh/Library/Developer/Xcode/DerivedData/Chatlio-erkyzdeecsohoaggpwbjdvavzqfv/Index.noindex/DataStore -Xcc -D_LIBCPP_HARDENING_MODE\=_LIBCPP_HARDENING_MODE_DEBUG -swift-version 5 -I /Users/aadityasingh/Library/Developer/Xcode/DerivedData/Chatlio-erkyzdeecsohoaggpwbjdvavzqfv/Build/Products/Debug-iphonesimulator -Isystem /Applications/Xcode.app/Contents/Developer/Platforms/iPhoneSimulator.platform/Developer/usr/lib -F /Users/aadityasingh/Library/Developer/Xcode/DerivedData/Chatlio-erkyzdeecsohoaggpwbjdvavzqfv/Build/Products/Debug-iphonesimulator -F /Applications/Xcode.app/Contents/Developer/Platforms/iPhoneSimulator.platform/Developer/Library/Frameworks -F /Applications/Xcode.app/Contents/Developer/Platforms/iPhoneSimulator.platform/Developer/SDKs/iPhoneSimulator26.4.sdk/Developer/Library/Frameworks -c -j12 -enable-batch-mode -incremental -Xcc -ivfsstatcache -Xcc /Users/aadityasingh/Library/Developer/Xcode/DerivedData/SDKStatCaches.noindex/iphonesimulator26.4-23E252-686eebb5dc1d8ecb277353a59184f4aa.sdkstatcache -output-file-map /Users/aadityasingh/Library/Developer/Xcode/DerivedData/Chatlio-erkyzdeecsohoaggpwbjdvavzqfv/Build/Intermediates.noindex/Version.build/Debug-iphonesimulator/Version.build/Objects-normal/arm64/Version-OutputFileMap.json -use-frontend-parseable-output -save-temps -no-color-diagnostics -explicit-module-build -module-cache-path /Users/aadityasingh/Library/Developer/Xcode/DerivedData/Chatlio-erkyzdeecsohoaggpwbjdvavzqfv/Build/Intermediates.noindex/SwiftExplicitPrecompiledModules -clang-scanner-module-cache-path /Users/aadityasingh/Library/Developer/Xcode/DerivedData/ModuleCache.noindex -sdk-module-cache-path /Users/aadityasingh/Library/Developer/Xcode/DerivedData/ModuleCache.noindex -serialize-diagnostics -emit-dependencies -emit-module -emit-module-path /Users/aadityasingh/Library/Developer/Xcode/DerivedData/Chatlio-erkyzdeecsohoaggpwbjdvavzqfv/Build/Intermediates.noindex/Version.build/Debug-iphonesimulator/Version.build/Objects-normal/arm64/Version.swiftmodule -validate-clang-modules-once -clang-build-session-file /Users/aadityasingh/Library/Developer/Xcode/DerivedData/ModuleCache.noindex/Session.modulevalidation -Xcc -I/Users/aadityasingh/Library/Developer/Xcode/DerivedData/Chatlio-erkyzdeecsohoaggpwbjdvavzqfv/Build/Intermediates.noindex/Version.build/Debug-iphonesimulator/Version.build/swift-overrides.hmap -emit-const-values -Xfrontend -const-gather-protocols-file -Xfrontend /Users/aadityasingh/Library/Developer/Xcode/DerivedData/Chatlio-erkyzdeecsohoaggpwbjdvavzqfv/Build/Intermediates.noindex/Version.build/Debug-iphonesimulator/Version.build/Objects-normal/arm64/Version_const_extract_protocols.json -Xcc -I/Users/aadityasingh/Library/Developer/Xcode/DerivedData/Chatlio-erkyzdeecsohoaggpwbjdvavzqfv/Build/Products/Debug-iphonesimulator/include -Xcc -I/Users/aadityasingh/Library/Developer/Xcode/DerivedData/Chatlio-erkyzdeecsohoaggpwbjdvavzqfv/Build/Intermediates.noindex/Version.build/Debug-iphonesimulator/Version.build/DerivedSources-normal/arm64 -Xcc -I/Users/aadityasingh/Library/Developer/Xcode/DerivedData/Chatlio-erkyzdeecsohoaggpwbjdvavzqfv/Build/Intermediates.noindex/Version.build/Debug-iphonesimulator/Version.build/DerivedSources/arm64 -Xcc -I/Users/aadityasingh/Library/Developer/Xcode/DerivedData/Chatlio-erkyzdeecsohoaggpwbjdvavzqfv/Build/Intermediates.noindex/Version.build/Debug-iphonesimulator/Version.build/DerivedSources -Xcc -DSWIFT_PACKAGE -Xcc -DDEBUG\=1 -emit-objc-header -emit-objc-header-path /Users/aadityasingh/Library/Developer/Xcode/DerivedData/Chatlio-erkyzdeecsohoaggpwbjdvavzqfv/Build/Intermediates.noindex/Version.build/Debug-iphonesimulator/Version.build/Objects-normal/arm64/Version-Swift.h -working-directory /Users/aadityasingh/Documents/Development/element-x-ios/Chatlio.xcodeproj -experimental-emit-module-separately -disable-cmo

SwiftDriver Version normal x86_64 com.apple.xcode.tools.swift.compiler (in target 'Version' from project 'Version')
    cd /Users/aadityasingh/Documents/Development/element-x-ios/Chatlio.xcodeproj
    builtin-SwiftDriver -- /Applications/Xcode.app/Contents/Developer/Toolchains/XcodeDefault.xctoolchain/usr/bin/swiftc -module-name Version -Onone @/Users/aadityasingh/Library/Developer/Xcode/DerivedData/Chatlio-erkyzdeecsohoaggpwbjdvavzqfv/Build/Intermediates.noindex/Version.build/Debug-iphonesimulator/Version.build/Objects-normal/x86_64/Version.SwiftFileList -DSWIFT_PACKAGE -DDEBUG -DSWIFT_MODULE_RESOURCE_BUNDLE_UNAVAILABLE -DXcode -plugin-path /Applications/Xcode.app/Contents/Developer/Toolchains/XcodeDefault.xctoolchain/usr/lib/swift/host/plugins/testing -enable-experimental-feature DebugDescriptionMacro -sdk /Applications/Xcode.app/Contents/Developer/Platforms/iPhoneSimulator.platform/Developer/SDKs/iPhoneSimulator26.4.sdk -target x86_64-apple-ios12.0-simulator -g -module-cache-path /Users/aadityasingh/Library/Developer/Xcode/DerivedData/ModuleCache.noindex -Xfrontend -serialize-debugging-options -profile-coverage-mapping -profile-generate -enable-testing -suppress-warnings -index-store-path /Users/aadityasingh/Library/Developer/Xcode/DerivedData/Chatlio-erkyzdeecsohoaggpwbjdvavzqfv/Index.noindex/DataStore -Xcc -D_LIBCPP_HARDENING_MODE\=_LIBCPP_HARDENING_MODE_DEBUG -swift-version 5 -I /Users/aadityasingh/Library/Developer/Xcode/DerivedData/Chatlio-erkyzdeecsohoaggpwbjdvavzqfv/Build/Products/Debug-iphonesimulator -Isystem /Applications/Xcode.app/Contents/Developer/Platforms/iPhoneSimulator.platform/Developer/usr/lib -F /Users/aadityasingh/Library/Developer/Xcode/DerivedData/Chatlio-erkyzdeecsohoaggpwbjdvavzqfv/Build/Products/Debug-iphonesimulator -F /Applications/Xcode.app/Contents/Developer/Platforms/iPhoneSimulator.platform/Developer/Library/Frameworks -F /Applications/Xcode.app/Contents/Developer/Platforms/iPhoneSimulator.platform/Developer/SDKs/iPhoneSimulator26.4.sdk/Developer/Library/Frameworks -c -j12 -enable-batch-mode -incremental -Xcc -ivfsstatcache -Xcc /Users/aadityasingh/Library/Developer/Xcode/DerivedData/SDKStatCaches.noindex/iphonesimulator26.4-23E252-686eebb5dc1d8ecb277353a59184f4aa.sdkstatcache -output-file-map /Users/aadityasingh/Library/Developer/Xcode/DerivedData/Chatlio-erkyzdeecsohoaggpwbjdvavzqfv/Build/Intermediates.noindex/Version.build/Debug-iphonesimulator/Version.build/Objects-normal/x86_64/Version-OutputFileMap.json -use-frontend-parseable-output -save-temps -no-color-diagnostics -explicit-module-build -module-cache-path /Users/aadityasingh/Library/Developer/Xcode/DerivedData/Chatlio-erkyzdeecsohoaggpwbjdvavzqfv/Build/Intermediates.noindex/SwiftExplicitPrecompiledModules -clang-scanner-module-cache-path /Users/aadityasingh/Library/Developer/Xcode/DerivedData/ModuleCache.noindex -sdk-module-cache-path /Users/aadityasingh/Library/Developer/Xcode/DerivedData/ModuleCache.noindex -serialize-diagnostics -emit-dependencies -emit-module -emit-module-path /Users/aadityasingh/Library/Developer/Xcode/DerivedData/Chatlio-erkyzdeecsohoaggpwbjdvavzqfv/Build/Intermediates.noindex/Version.build/Debug-iphonesimulator/Version.build/Objects-normal/x86_64/Version.swiftmodule -validate-clang-modules-once -clang-build-session-file /Users/aadityasingh/Library/Developer/Xcode/DerivedData/ModuleCache.noindex/Session.modulevalidation -Xcc -I/Users/aadityasingh/Library/Developer/Xcode/DerivedData/Chatlio-erkyzdeecsohoaggpwbjdvavzqfv/Build/Intermediates.noindex/Version.build/Debug-iphonesimulator/Version.build/swift-overrides.hmap -emit-const-values -Xfrontend -const-gather-protocols-file -Xfrontend /Users/aadityasingh/Library/Developer/Xcode/DerivedData/Chatlio-erkyzdeecsohoaggpwbjdvavzqfv/Build/Intermediates.noindex/Version.build/Debug-iphonesimulator/Version.build/Objects-normal/x86_64/Version_const_extract_protocols.json -Xcc -I/Users/aadityasingh/Library/Developer/Xcode/DerivedData/Chatlio-erkyzdeecsohoaggpwbjdvavzqfv/Build/Products/Debug-iphonesimulator/include -Xcc -I/Users/aadityasingh/Library/Developer/Xcode/DerivedData/Chatlio-erkyzdeecsohoaggpwbjdvavzqfv/Build/Intermediates.noindex/Version.build/Debug-iphonesimulator/Version.build/DerivedSources-normal/x86_64 -Xcc -I/Users/aadityasingh/Library/Developer/Xcode/DerivedData/Chatlio-erkyzdeecsohoaggpwbjdvavzqfv/Build/Intermediates.noindex/Version.build/Debug-iphonesimulator/Version.build/DerivedSources/x86_64 -Xcc -I/Users/aadityasingh/Library/Developer/Xcode/DerivedData/Chatlio-erkyzdeecsohoaggpwbjdvavzqfv/Build/Intermediates.noindex/Version.build/Debug-iphonesimulator/Version.build/DerivedSources -Xcc -DSWIFT_PACKAGE -Xcc -DDEBUG\=1 -emit-objc-header -emit-objc-header-path /Users/aadityasingh/Library/Developer/Xcode/DerivedData/Chatlio-erkyzdeecsohoaggpwbjdvavzqfv/Build/Intermediates.noindex/Version.build/Debug-iphonesimulator/Version.build/Objects-normal/x86_64/Version-Swift.h -working-directory /Users/aadityasingh/Documents/Development/element-x-ios/Chatlio.xcodeproj -experimental-emit-module-separately -disable-cmo

SwiftDriver SwiftUIIntrospect normal x86_64 com.apple.xcode.tools.swift.compiler (in target 'SwiftUIIntrospect' from project 'swiftui-introspect')
    cd /Users/aadityasingh/Documents/Development/element-x-ios/Chatlio.xcodeproj
    builtin-SwiftDriver -- /Applications/Xcode.app/Contents/Developer/Toolchains/XcodeDefault.xctoolchain/usr/bin/swiftc -module-name SwiftUIIntrospect -Onone @/Users/aadityasingh/Library/Developer/Xcode/DerivedData/Chatlio-erkyzdeecsohoaggpwbjdvavzqfv/Build/Intermediates.noindex/swiftui-introspect.build/Debug-iphonesimulator/SwiftUIIntrospect.build/Objects-normal/x86_64/SwiftUIIntrospect.SwiftFileList -DSWIFT_PACKAGE -DDEBUG -DSWIFT_MODULE_RESOURCE_BUNDLE_UNAVAILABLE -DXcode -enable-upcoming-feature ExistentialAny -enable-upcoming-feature InternalImportsByDefault -plugin-path /Applications/Xcode.app/Contents/Developer/Toolchains/XcodeDefault.xctoolchain/usr/lib/swift/host/plugins/testing -enable-experimental-feature DebugDescriptionMacro -sdk /Applications/Xcode.app/Contents/Developer/Platforms/iPhoneSimulator.platform/Developer/SDKs/iPhoneSimulator26.4.sdk -target x86_64-apple-ios13.0-simulator -g -module-cache-path /Users/aadityasingh/Library/Developer/Xcode/DerivedData/ModuleCache.noindex -Xfrontend -serialize-debugging-options -profile-coverage-mapping -profile-generate -enable-testing -suppress-warnings -index-store-path /Users/aadityasingh/Library/Developer/Xcode/DerivedData/Chatlio-erkyzdeecsohoaggpwbjdvavzqfv/Index.noindex/DataStore -Xcc -D_LIBCPP_HARDENING_MODE\=_LIBCPP_HARDENING_MODE_DEBUG -swift-version 6 -I /Users/aadityasingh/Library/Developer/Xcode/DerivedData/Chatlio-erkyzdeecsohoaggpwbjdvavzqfv/Build/Products/Debug-iphonesimulator -Isystem /Applications/Xcode.app/Contents/Developer/Platforms/iPhoneSimulator.platform/Developer/usr/lib -F /Users/aadityasingh/Library/Developer/Xcode/DerivedData/Chatlio-erkyzdeecsohoaggpwbjdvavzqfv/Build/Products/Debug-iphonesimulator -F /Applications/Xcode.app/Contents/Developer/Platforms/iPhoneSimulator.platform/Developer/Library/Frameworks -F /Applications/Xcode.app/Contents/Developer/Platforms/iPhoneSimulator.platform/Developer/SDKs/iPhoneSimulator26.4.sdk/Developer/Library/Frameworks -c -j12 -enable-batch-mode -incremental -Xcc -ivfsstatcache -Xcc /Users/aadityasingh/Library/Developer/Xcode/DerivedData/SDKStatCaches.noindex/iphonesimulator26.4-23E252-686eebb5dc1d8ecb277353a59184f4aa.sdkstatcache -output-file-map /Users/aadityasingh/Library/Developer/Xcode/DerivedData/Chatlio-erkyzdeecsohoaggpwbjdvavzqfv/Build/Intermediates.noindex/swiftui-introspect.build/Debug-iphonesimulator/SwiftUIIntrospect.build/Objects-normal/x86_64/SwiftUIIntrospect-OutputFileMap.json -use-frontend-parseable-output -save-temps -no-color-diagnostics -explicit-module-build -module-cache-path /Users/aadityasingh/Library/Developer/Xcode/DerivedData/Chatlio-erkyzdeecsohoaggpwbjdvavzqfv/Build/Intermediates.noindex/SwiftExplicitPrecompiledModules -clang-scanner-module-cache-path /Users/aadityasingh/Library/Developer/Xcode/DerivedData/ModuleCache.noindex -sdk-module-cache-path /Users/aadityasingh/Library/Developer/Xcode/DerivedData/ModuleCache.noindex -serialize-diagnostics -emit-dependencies -emit-module -emit-module-path /Users/aadityasingh/Library/Developer/Xcode/DerivedData/Chatlio-erkyzdeecsohoaggpwbjdvavzqfv/Build/Intermediates.noindex/swiftui-introspect.build/Debug-iphonesimulator/SwiftUIIntrospect.build/Objects-normal/x86_64/SwiftUIIntrospect.swiftmodule -user-module-version 26.0.1 -validate-clang-modules-once -clang-build-session-file /Users/aadityasingh/Library/Developer/Xcode/DerivedData/ModuleCache.noindex/Session.modulevalidation -package-name swiftui_introspect -Xcc -I/Users/aadityasingh/Library/Developer/Xcode/DerivedData/Chatlio-erkyzdeecsohoaggpwbjdvavzqfv/Build/Intermediates.noindex/swiftui-introspect.build/Debug-iphonesimulator/SwiftUIIntrospect.build/swift-overrides.hmap -emit-const-values -Xfrontend -const-gather-protocols-file -Xfrontend /Users/aadityasingh/Library/Developer/Xcode/DerivedData/Chatlio-erkyzdeecsohoaggpwbjdvavzqfv/Build/Intermediates.noindex/swiftui-introspect.build/Debug-iphonesimulator/SwiftUIIntrospect.build/Objects-normal/x86_64/SwiftUIIntrospect_const_extract_protocols.json -Xcc -I/Users/aadityasingh/Library/Developer/Xcode/DerivedData/Chatlio-erkyzdeecsohoaggpwbjdvavzqfv/Build/Products/Debug-iphonesimulator/include -Xcc -I/Users/aadityasingh/Library/Developer/Xcode/DerivedData/Chatlio-erkyzdeecsohoaggpwbjdvavzqfv/Build/Intermediates.noindex/swiftui-introspect.build/Debug-iphonesimulator/SwiftUIIntrospect.build/DerivedSources-normal/x86_64 -Xcc -I/Users/aadityasingh/Library/Developer/Xcode/DerivedData/Chatlio-erkyzdeecsohoaggpwbjdvavzqfv/Build/Intermediates.noindex/swiftui-introspect.build/Debug-iphonesimulator/SwiftUIIntrospect.build/DerivedSources/x86_64 -Xcc -I/Users/aadityasingh/Library/Developer/Xcode/DerivedData/Chatlio-erkyzdeecsohoaggpwbjdvavzqfv/Build/Intermediates.noindex/swiftui-introspect.build/Debug-iphonesimulator/SwiftUIIntrospect.build/DerivedSources -Xcc -DSWIFT_PACKAGE -Xcc -DDEBUG\=1 -emit-objc-header -emit-objc-header-path /Users/aadityasingh/Library/Developer/Xcode/DerivedData/Chatlio-erkyzdeecsohoaggpwbjdvavzqfv/Build/Intermediates.noindex/swiftui-introspect.build/Debug-iphonesimulator/SwiftUIIntrospect.build/Objects-normal/x86_64/SwiftUIIntrospect-Swift.h -working-directory /Users/aadityasingh/Documents/Development/element-x-ios/Chatlio.xcodeproj -experimental-emit-module-separately -disable-cmo

SwiftDriver SwiftUIIntrospect normal arm64 com.apple.xcode.tools.swift.compiler (in target 'SwiftUIIntrospect' from project 'swiftui-introspect')
    cd /Users/aadityasingh/Documents/Development/element-x-ios/Chatlio.xcodeproj
    builtin-SwiftDriver -- /Applications/Xcode.app/Contents/Developer/Toolchains/XcodeDefault.xctoolchain/usr/bin/swiftc -module-name SwiftUIIntrospect -Onone @/Users/aadityasingh/Library/Developer/Xcode/DerivedData/Chatlio-erkyzdeecsohoaggpwbjdvavzqfv/Build/Intermediates.noindex/swiftui-introspect.build/Debug-iphonesimulator/SwiftUIIntrospect.build/Objects-normal/arm64/SwiftUIIntrospect.SwiftFileList -DSWIFT_PACKAGE -DDEBUG -DSWIFT_MODULE_RESOURCE_BUNDLE_UNAVAILABLE -DXcode -enable-upcoming-feature ExistentialAny -enable-upcoming-feature InternalImportsByDefault -plugin-path /Applications/Xcode.app/Contents/Developer/Toolchains/XcodeDefault.xctoolchain/usr/lib/swift/host/plugins/testing -enable-experimental-feature DebugDescriptionMacro -sdk /Applications/Xcode.app/Contents/Developer/Platforms/iPhoneSimulator.platform/Developer/SDKs/iPhoneSimulator26.4.sdk -target arm64-apple-ios13.0-simulator -g -module-cache-path /Users/aadityasingh/Library/Developer/Xcode/DerivedData/ModuleCache.noindex -Xfrontend -serialize-debugging-options -profile-coverage-mapping -profile-generate -enable-testing -suppress-warnings -index-store-path /Users/aadityasingh/Library/Developer/Xcode/DerivedData/Chatlio-erkyzdeecsohoaggpwbjdvavzqfv/Index.noindex/DataStore -Xcc -D_LIBCPP_HARDENING_MODE\=_LIBCPP_HARDENING_MODE_DEBUG -swift-version 6 -I /Users/aadityasingh/Library/Developer/Xcode/DerivedData/Chatlio-erkyzdeecsohoaggpwbjdvavzqfv/Build/Products/Debug-iphonesimulator -Isystem /Applications/Xcode.app/Contents/Developer/Platforms/iPhoneSimulator.platform/Developer/usr/lib -F /Users/aadityasingh/Library/Developer/Xcode/DerivedData/Chatlio-erkyzdeecsohoaggpwbjdvavzqfv/Build/Products/Debug-iphonesimulator -F /Applications/Xcode.app/Contents/Developer/Platforms/iPhoneSimulator.platform/Developer/Library/Frameworks -F /Applications/Xcode.app/Contents/Developer/Platforms/iPhoneSimulator.platform/Developer/SDKs/iPhoneSimulator26.4.sdk/Developer/Library/Frameworks -c -j12 -enable-batch-mode -incremental -Xcc -ivfsstatcache -Xcc /Users/aadityasingh/Library/Developer/Xcode/DerivedData/SDKStatCaches.noindex/iphonesimulator26.4-23E252-686eebb5dc1d8ecb277353a59184f4aa.sdkstatcache -output-file-map /Users/aadityasingh/Library/Developer/Xcode/DerivedData/Chatlio-erkyzdeecsohoaggpwbjdvavzqfv/Build/Intermediates.noindex/swiftui-introspect.build/Debug-iphonesimulator/SwiftUIIntrospect.build/Objects-normal/arm64/SwiftUIIntrospect-OutputFileMap.json -use-frontend-parseable-output -save-temps -no-color-diagnostics -explicit-module-build -module-cache-path /Users/aadityasingh/Library/Developer/Xcode/DerivedData/Chatlio-erkyzdeecsohoaggpwbjdvavzqfv/Build/Intermediates.noindex/SwiftExplicitPrecompiledModules -clang-scanner-module-cache-path /Users/aadityasingh/Library/Developer/Xcode/DerivedData/ModuleCache.noindex -sdk-module-cache-path /Users/aadityasingh/Library/Developer/Xcode/DerivedData/ModuleCache.noindex -serialize-diagnostics -emit-dependencies -emit-module -emit-module-path /Users/aadityasingh/Library/Developer/Xcode/DerivedData/Chatlio-erkyzdeecsohoaggpwbjdvavzqfv/Build/Intermediates.noindex/swiftui-introspect.build/Debug-iphonesimulator/SwiftUIIntrospect.build/Objects-normal/arm64/SwiftUIIntrospect.swiftmodule -user-module-version 26.0.1 -validate-clang-modules-once -clang-build-session-file /Users/aadityasingh/Library/Developer/Xcode/DerivedData/ModuleCache.noindex/Session.modulevalidation -package-name swiftui_introspect -Xcc -I/Users/aadityasingh/Library/Developer/Xcode/DerivedData/Chatlio-erkyzdeecsohoaggpwbjdvavzqfv/Build/Intermediates.noindex/swiftui-introspect.build/Debug-iphonesimulator/SwiftUIIntrospect.build/swift-overrides.hmap -emit-const-values -Xfrontend -const-gather-protocols-file -Xfrontend /Users/aadityasingh/Library/Developer/Xcode/DerivedData/Chatlio-erkyzdeecsohoaggpwbjdvavzqfv/Build/Intermediates.noindex/swiftui-introspect.build/Debug-iphonesimulator/SwiftUIIntrospect.build/Objects-normal/arm64/SwiftUIIntrospect_const_extract_protocols.json -Xcc -I/Users/aadityasingh/Library/Developer/Xcode/DerivedData/Chatlio-erkyzdeecsohoaggpwbjdvavzqfv/Build/Products/Debug-iphonesimulator/include -Xcc -I/Users/aadityasingh/Library/Developer/Xcode/DerivedData/Chatlio-erkyzdeecsohoaggpwbjdvavzqfv/Build/Intermediates.noindex/swiftui-introspect.build/Debug-iphonesimulator/SwiftUIIntrospect.build/DerivedSources-normal/arm64 -Xcc -I/Users/aadityasingh/Library/Developer/Xcode/DerivedData/Chatlio-erkyzdeecsohoaggpwbjdvavzqfv/Build/Intermediates.noindex/swiftui-introspect.build/Debug-iphonesimulator/SwiftUIIntrospect.build/DerivedSources/arm64 -Xcc -I/Users/aadityasingh/Library/Developer/Xcode/DerivedData/Chatlio-erkyzdeecsohoaggpwbjdvavzqfv/Build/Intermediates.noindex/swiftui-introspect.build/Debug-iphonesimulator/SwiftUIIntrospect.build/DerivedSources -Xcc -DSWIFT_PACKAGE -Xcc -DDEBUG\=1 -emit-objc-header -emit-objc-header-path /Users/aadityasingh/Library/Developer/Xcode/DerivedData/Chatlio-erkyzdeecsohoaggpwbjdvavzqfv/Build/Intermediates.noindex/swiftui-introspect.build/Debug-iphonesimulator/SwiftUIIntrospect.build/Objects-normal/arm64/SwiftUIIntrospect-Swift.h -working-directory /Users/aadityasingh/Documents/Development/element-x-ios/Chatlio.xcodeproj -experimental-emit-module-separately -disable-cmo

SwiftDriver SwiftState normal arm64 com.apple.xcode.tools.swift.compiler (in target 'SwiftState' from project 'SwiftState')
    cd /Users/aadityasingh/Documents/Development/element-x-ios/Chatlio.xcodeproj
    builtin-SwiftDriver -- /Applications/Xcode.app/Contents/Developer/Toolchains/XcodeDefault.xctoolchain/usr/bin/swiftc -module-name SwiftState -Onone @/Users/aadityasingh/Library/Developer/Xcode/DerivedData/Chatlio-erkyzdeecsohoaggpwbjdvavzqfv/Build/Intermediates.noindex/SwiftState.build/Debug-iphonesimulator/SwiftState.build/Objects-normal/arm64/SwiftState.SwiftFileList -DSWIFT_PACKAGE -DDEBUG -DSWIFT_MODULE_RESOURCE_BUNDLE_UNAVAILABLE -DXcode -plugin-path /Applications/Xcode.app/Contents/Developer/Toolchains/XcodeDefault.xctoolchain/usr/lib/swift/host/plugins/testing -enable-experimental-feature DebugDescriptionMacro -sdk /Applications/Xcode.app/Contents/Developer/Platforms/iPhoneSimulator.platform/Developer/SDKs/iPhoneSimulator26.4.sdk -target arm64-apple-ios12.0-simulator -g -module-cache-path /Users/aadityasingh/Library/Developer/Xcode/DerivedData/ModuleCache.noindex -Xfrontend -serialize-debugging-options -profile-coverage-mapping -profile-generate -enable-testing -suppress-warnings -index-store-path /Users/aadityasingh/Library/Developer/Xcode/DerivedData/Chatlio-erkyzdeecsohoaggpwbjdvavzqfv/Index.noindex/DataStore -Xcc -D_LIBCPP_HARDENING_MODE\=_LIBCPP_HARDENING_MODE_DEBUG -swift-version 5 -I /Users/aadityasingh/Library/Developer/Xcode/DerivedData/Chatlio-erkyzdeecsohoaggpwbjdvavzqfv/Build/Products/Debug-iphonesimulator -Isystem /Applications/Xcode.app/Contents/Developer/Platforms/iPhoneSimulator.platform/Developer/usr/lib -F /Users/aadityasingh/Library/Developer/Xcode/DerivedData/Chatlio-erkyzdeecsohoaggpwbjdvavzqfv/Build/Products/Debug-iphonesimulator -F /Applications/Xcode.app/Contents/Developer/Platforms/iPhoneSimulator.platform/Developer/Library/Frameworks -F /Applications/Xcode.app/Contents/Developer/Platforms/iPhoneSimulator.platform/Developer/SDKs/iPhoneSimulator26.4.sdk/Developer/Library/Frameworks -c -j12 -enable-batch-mode -incremental -Xcc -ivfsstatcache -Xcc /Users/aadityasingh/Library/Developer/Xcode/DerivedData/SDKStatCaches.noindex/iphonesimulator26.4-23E252-686eebb5dc1d8ecb277353a59184f4aa.sdkstatcache -output-file-map /Users/aadityasingh/Library/Developer/Xcode/DerivedData/Chatlio-erkyzdeecsohoaggpwbjdvavzqfv/Build/Intermediates.noindex/SwiftState.build/Debug-iphonesimulator/SwiftState.build/Objects-normal/arm64/SwiftState-OutputFileMap.json -use-frontend-parseable-output -save-temps -no-color-diagnostics -explicit-module-build -module-cache-path /Users/aadityasingh/Library/Developer/Xcode/DerivedData/Chatlio-erkyzdeecsohoaggpwbjdvavzqfv/Build/Intermediates.noindex/SwiftExplicitPrecompiledModules -clang-scanner-module-cache-path /Users/aadityasingh/Library/Developer/Xcode/DerivedData/ModuleCache.noindex -sdk-module-cache-path /Users/aadityasingh/Library/Developer/Xcode/DerivedData/ModuleCache.noindex -serialize-diagnostics -emit-dependencies -emit-module -emit-module-path /Users/aadityasingh/Library/Developer/Xcode/DerivedData/Chatlio-erkyzdeecsohoaggpwbjdvavzqfv/Build/Intermediates.noindex/SwiftState.build/Debug-iphonesimulator/SwiftState.build/Objects-normal/arm64/SwiftState.swiftmodule -validate-clang-modules-once -clang-build-session-file /Users/aadityasingh/Library/Developer/Xcode/DerivedData/ModuleCache.noindex/Session.modulevalidation -Xcc -I/Users/aadityasingh/Library/Developer/Xcode/DerivedData/Chatlio-erkyzdeecsohoaggpwbjdvavzqfv/Build/Intermediates.noindex/SwiftState.build/Debug-iphonesimulator/SwiftState.build/swift-overrides.hmap -emit-const-values -Xfrontend -const-gather-protocols-file -Xfrontend /Users/aadityasingh/Library/Developer/Xcode/DerivedData/Chatlio-erkyzdeecsohoaggpwbjdvavzqfv/Build/Intermediates.noindex/SwiftState.build/Debug-iphonesimulator/SwiftState.build/Objects-normal/arm64/SwiftState_const_extract_protocols.json -Xcc -I/Users/aadityasingh/Library/Developer/Xcode/DerivedData/Chatlio-erkyzdeecsohoaggpwbjdvavzqfv/Build/Products/Debug-iphonesimulator/include -Xcc -I/Users/aadityasingh/Library/Developer/Xcode/DerivedData/Chatlio-erkyzdeecsohoaggpwbjdvavzqfv/Build/Intermediates.noindex/SwiftState.build/Debug-iphonesimulator/SwiftState.build/DerivedSources-normal/arm64 -Xcc -I/Users/aadityasingh/Library/Developer/Xcode/DerivedData/Chatlio-erkyzdeecsohoaggpwbjdvavzqfv/Build/Intermediates.noindex/SwiftState.build/Debug-iphonesimulator/SwiftState.build/DerivedSources/arm64 -Xcc -I/Users/aadityasingh/Library/Developer/Xcode/DerivedData/Chatlio-erkyzdeecsohoaggpwbjdvavzqfv/Build/Intermediates.noindex/SwiftState.build/Debug-iphonesimulator/SwiftState.build/DerivedSources -Xcc -DSWIFT_PACKAGE -Xcc -DDEBUG\=1 -emit-objc-header -emit-objc-header-path /Users/aadityasingh/Library/Developer/Xcode/DerivedData/Chatlio-erkyzdeecsohoaggpwbjdvavzqfv/Build/Intermediates.noindex/SwiftState.build/Debug-iphonesimulator/SwiftState.build/Objects-normal/arm64/SwiftState-Swift.h -working-directory /Users/aadityasingh/Documents/Development/element-x-ios/Chatlio.xcodeproj -experimental-emit-module-separately -disable-cmo

SwiftDriver SwiftState normal x86_64 com.apple.xcode.tools.swift.compiler (in target 'SwiftState' from project 'SwiftState')
    cd /Users/aadityasingh/Documents/Development/element-x-ios/Chatlio.xcodeproj
    builtin-SwiftDriver -- /Applications/Xcode.app/Contents/Developer/Toolchains/XcodeDefault.xctoolchain/usr/bin/swiftc -module-name SwiftState -Onone @/Users/aadityasingh/Library/Developer/Xcode/DerivedData/Chatlio-erkyzdeecsohoaggpwbjdvavzqfv/Build/Intermediates.noindex/SwiftState.build/Debug-iphonesimulator/SwiftState.build/Objects-normal/x86_64/SwiftState.SwiftFileList -DSWIFT_PACKAGE -DDEBUG -DSWIFT_MODULE_RESOURCE_BUNDLE_UNAVAILABLE -DXcode -plugin-path /Applications/Xcode.app/Contents/Developer/Toolchains/XcodeDefault.xctoolchain/usr/lib/swift/host/plugins/testing -enable-experimental-feature DebugDescriptionMacro -sdk /Applications/Xcode.app/Contents/Developer/Platforms/iPhoneSimulator.platform/Developer/SDKs/iPhoneSimulator26.4.sdk -target x86_64-apple-ios12.0-simulator -g -module-cache-path /Users/aadityasingh/Library/Developer/Xcode/DerivedData/ModuleCache.noindex -Xfrontend -serialize-debugging-options -profile-coverage-mapping -profile-generate -enable-testing -suppress-warnings -index-store-path /Users/aadityasingh/Library/Developer/Xcode/DerivedData/Chatlio-erkyzdeecsohoaggpwbjdvavzqfv/Index.noindex/DataStore -Xcc -D_LIBCPP_HARDENING_MODE\=_LIBCPP_HARDENING_MODE_DEBUG -swift-version 5 -I /Users/aadityasingh/Library/Developer/Xcode/DerivedData/Chatlio-erkyzdeecsohoaggpwbjdvavzqfv/Build/Products/Debug-iphonesimulator -Isystem /Applications/Xcode.app/Contents/Developer/Platforms/iPhoneSimulator.platform/Developer/usr/lib -F /Users/aadityasingh/Library/Developer/Xcode/DerivedData/Chatlio-erkyzdeecsohoaggpwbjdvavzqfv/Build/Products/Debug-iphonesimulator -F /Applications/Xcode.app/Contents/Developer/Platforms/iPhoneSimulator.platform/Developer/Library/Frameworks -F /Applications/Xcode.app/Contents/Developer/Platforms/iPhoneSimulator.platform/Developer/SDKs/iPhoneSimulator26.4.sdk/Developer/Library/Frameworks -c -j12 -enable-batch-mode -incremental -Xcc -ivfsstatcache -Xcc /Users/aadityasingh/Library/Developer/Xcode/DerivedData/SDKStatCaches.noindex/iphonesimulator26.4-23E252-686eebb5dc1d8ecb277353a59184f4aa.sdkstatcache -output-file-map /Users/aadityasingh/Library/Developer/Xcode/DerivedData/Chatlio-erkyzdeecsohoaggpwbjdvavzqfv/Build/Intermediates.noindex/SwiftState.build/Debug-iphonesimulator/SwiftState.build/Objects-normal/x86_64/SwiftState-OutputFileMap.json -use-frontend-parseable-output -save-temps -no-color-diagnostics -explicit-module-build -module-cache-path /Users/aadityasingh/Library/Developer/Xcode/DerivedData/Chatlio-erkyzdeecsohoaggpwbjdvavzqfv/Build/Intermediates.noindex/SwiftExplicitPrecompiledModules -clang-scanner-module-cache-path /Users/aadityasingh/Library/Developer/Xcode/DerivedData/ModuleCache.noindex -sdk-module-cache-path /Users/aadityasingh/Library/Developer/Xcode/DerivedData/ModuleCache.noindex -serialize-diagnostics -emit-dependencies -emit-module -emit-module-path /Users/aadityasingh/Library/Developer/Xcode/DerivedData/Chatlio-erkyzdeecsohoaggpwbjdvavzqfv/Build/Intermediates.noindex/SwiftState.build/Debug-iphonesimulator/SwiftState.build/Objects-normal/x86_64/SwiftState.swiftmodule -validate-clang-modules-once -clang-build-session-file /Users/aadityasingh/Library/Developer/Xcode/DerivedData/ModuleCache.noindex/Session.modulevalidation -Xcc -I/Users/aadityasingh/Library/Developer/Xcode/DerivedData/Chatlio-erkyzdeecsohoaggpwbjdvavzqfv/Build/Intermediates.noindex/SwiftState.build/Debug-iphonesimulator/SwiftState.build/swift-overrides.hmap -emit-const-values -Xfrontend -const-gather-protocols-file -Xfrontend /Users/aadityasingh/Library/Developer/Xcode/DerivedData/Chatlio-erkyzdeecsohoaggpwbjdvavzqfv/Build/Intermediates.noindex/SwiftState.build/Debug-iphonesimulator/SwiftState.build/Objects-normal/x86_64/SwiftState_const_extract_protocols.json -Xcc -I/Users/aadityasingh/Library/Developer/Xcode/DerivedData/Chatlio-erkyzdeecsohoaggpwbjdvavzqfv/Build/Products/Debug-iphonesimulator/include -Xcc -I/Users/aadityasingh/Library/Developer/Xcode/DerivedData/Chatlio-erkyzdeecsohoaggpwbjdvavzqfv/Build/Intermediates.noindex/SwiftState.build/Debug-iphonesimulator/SwiftState.build/DerivedSources-normal/x86_64 -Xcc -I/Users/aadityasingh/Library/Developer/Xcode/DerivedData/Chatlio-erkyzdeecsohoaggpwbjdvavzqfv/Build/Intermediates.noindex/SwiftState.build/Debug-iphonesimulator/SwiftState.build/DerivedSources/x86_64 -Xcc -I/Users/aadityasingh/Library/Developer/Xcode/DerivedData/Chatlio-erkyzdeecsohoaggpwbjdvavzqfv/Build/Intermediates.noindex/SwiftState.build/Debug-iphonesimulator/SwiftState.build/DerivedSources -Xcc -DSWIFT_PACKAGE -Xcc -DDEBUG\=1 -emit-objc-header -emit-objc-header-path /Users/aadityasingh/Library/Developer/Xcode/DerivedData/Chatlio-erkyzdeecsohoaggpwbjdvavzqfv/Build/Intermediates.noindex/SwiftState.build/Debug-iphonesimulator/SwiftState.build/Objects-normal/x86_64/SwiftState-Swift.h -working-directory /Users/aadityasingh/Documents/Development/element-x-ios/Chatlio.xcodeproj -experimental-emit-module-separately -disable-cmo

CompileC /Users/aadityasingh/Library/Developer/Xcode/DerivedData/Chatlio-erkyzdeecsohoaggpwbjdvavzqfv/Build/Intermediates.noindex/swift-numerics.build/Debug-iphonesimulator/_NumericsShims.build/Objects-normal/x86_64/_NumericsShims.o /Users/aadityasingh/Library/Developer/Xcode/DerivedData/Chatlio-erkyzdeecsohoaggpwbjdvavzqfv/SourcePackages/checkouts/swift-numerics/Sources/_NumericsShims/_NumericsShims.c normal x86_64 c com.apple.compilers.llvm.clang.1_0.compiler (in target '_NumericsShims' from project 'swift-numerics')
    cd /Users/aadityasingh/Documents/Development/element-x-ios/Chatlio.xcodeproj
    
    Using response file: /Users/aadityasingh/Library/Developer/Xcode/DerivedData/Chatlio-erkyzdeecsohoaggpwbjdvavzqfv/Build/Intermediates.noindex/swift-numerics.build/Debug-iphonesimulator/_NumericsShims.build/Objects-normal/x86_64/7187679823f38a2a940e0043cdf9d637-common-args.resp
    
    /Applications/Xcode.app/Contents/Developer/Toolchains/XcodeDefault.xctoolchain/usr/bin/clang -x c -ivfsstatcache /Users/aadityasingh/Library/Developer/Xcode/DerivedData/SDKStatCaches.noindex/iphonesimulator26.4-23E252-686eebb5dc1d8ecb277353a59184f4aa.sdkstatcache -target x86_64-apple-ios12.0-simulator -fmessage-length\=0 -fdiagnostics-show-note-include-stack -fmacro-backtrace-limit\=0 -fno-color-diagnostics -fmodules-prune-interval\=86400 -fmodules-prune-after\=345600 -fbuild-session-file\=/Users/aadityasingh/Library/Developer/Xcode/DerivedData/ModuleCache.noindex/Session.modulevalidation -fmodules-validate-once-per-build-session -Wnon-modular-include-in-framework-module -Werror\=non-modular-include-in-framework-module -Wno-trigraphs -Wno-missing-field-initializers -Wno-missing-prototypes -Wno-return-type -Wno-missing-braces -Wparentheses -Wswitch -Wno-unused-function -Wno-unused-label -Wno-unused-parameter -Wno-unused-variable -Wunused-value -Wno-empty-body -Wno-uninitialized -Wno-unknown-pragmas -w -Wno-shadow -Wno-four-char-constants -Wno-conversion -Wno-constant-conversion -Wno-int-conversion -Wno-bool-conversion -Wno-enum-conversion -Wno-float-conversion -Wno-non-literal-null-conversion -Wno-objc-literal-conversion -Wshorten-64-to-32 -Wpointer-sign -Wno-newline-eof -Wno-implicit-fallthrough -isysroot /Applications/Xcode.app/Contents/Developer/Platforms/iPhoneSimulator.platform/Developer/SDKs/iPhoneSimulator26.4.sdk -fstrict-aliasing -Wdeprecated-declarations -Wno-sign-conversion -Wno-infinite-recursion -Wno-comma -Wno-block-capture-autoreleasing -Wno-strict-prototypes -Wno-semicolon-before-method-body -index-store-path /Users/aadityasingh/Library/Developer/Xcode/DerivedData/Chatlio-erkyzdeecsohoaggpwbjdvavzqfv/Index.noindex/DataStore @/Users/aadityasingh/Library/Developer/Xcode/DerivedData/Chatlio-erkyzdeecsohoaggpwbjdvavzqfv/Build/Intermediates.noindex/swift-numerics.build/Debug-iphonesimulator/_NumericsShims.build/Objects-normal/x86_64/7187679823f38a2a940e0043cdf9d637-common-args.resp -MMD -MT dependencies -MF /Users/aadityasingh/Library/Developer/Xcode/DerivedData/Chatlio-erkyzdeecsohoaggpwbjdvavzqfv/Build/Intermediates.noindex/swift-numerics.build/Debug-iphonesimulator/_NumericsShims.build/Objects-normal/x86_64/_NumericsShims.d --serialize-diagnostics /Users/aadityasingh/Library/Developer/Xcode/DerivedData/Chatlio-erkyzdeecsohoaggpwbjdvavzqfv/Build/Intermediates.noindex/swift-numerics.build/Debug-iphonesimulator/_NumericsShims.build/Objects-normal/x86_64/_NumericsShims.dia -c /Users/aadityasingh/Library/Developer/Xcode/DerivedData/Chatlio-erkyzdeecsohoaggpwbjdvavzqfv/SourcePackages/checkouts/swift-numerics/Sources/_NumericsShims/_NumericsShims.c -o /Users/aadityasingh/Library/Developer/Xcode/DerivedData/Chatlio-erkyzdeecsohoaggpwbjdvavzqfv/Build/Intermediates.noindex/swift-numerics.build/Debug-iphonesimulator/_NumericsShims.build/Objects-normal/x86_64/_NumericsShims.o -index-unit-output-path /swift-numerics.build/Debug-iphonesimulator/_NumericsShims.build/Objects-normal/x86_64/_NumericsShims.o

CompileC /Users/aadityasingh/Library/Developer/Xcode/DerivedData/Chatlio-erkyzdeecsohoaggpwbjdvavzqfv/Build/Intermediates.noindex/swift-numerics.build/Debug-iphonesimulator/_NumericsShims.build/Objects-normal/arm64/_NumericsShims.o /Users/aadityasingh/Library/Developer/Xcode/DerivedData/Chatlio-erkyzdeecsohoaggpwbjdvavzqfv/SourcePackages/checkouts/swift-numerics/Sources/_NumericsShims/_NumericsShims.c normal arm64 c com.apple.compilers.llvm.clang.1_0.compiler (in target '_NumericsShims' from project 'swift-numerics')
    cd /Users/aadityasingh/Documents/Development/element-x-ios/Chatlio.xcodeproj
    
    Using response file: /Users/aadityasingh/Library/Developer/Xcode/DerivedData/Chatlio-erkyzdeecsohoaggpwbjdvavzqfv/Build/Intermediates.noindex/swift-numerics.build/Debug-iphonesimulator/_NumericsShims.build/Objects-normal/arm64/7187679823f38a2a940e0043cdf9d637-common-args.resp
    
    /Applications/Xcode.app/Contents/Developer/Toolchains/XcodeDefault.xctoolchain/usr/bin/clang -x c -ivfsstatcache /Users/aadityasingh/Library/Developer/Xcode/DerivedData/SDKStatCaches.noindex/iphonesimulator26.4-23E252-686eebb5dc1d8ecb277353a59184f4aa.sdkstatcache -target arm64-apple-ios12.0-simulator -fmessage-length\=0 -fdiagnostics-show-note-include-stack -fmacro-backtrace-limit\=0 -fno-color-diagnostics -fmodules-prune-interval\=86400 -fmodules-prune-after\=345600 -fbuild-session-file\=/Users/aadityasingh/Library/Developer/Xcode/DerivedData/ModuleCache.noindex/Session.modulevalidation -fmodules-validate-once-per-build-session -Wnon-modular-include-in-framework-module -Werror\=non-modular-include-in-framework-module -Wno-trigraphs -Wno-missing-field-initializers -Wno-missing-prototypes -Wno-return-type -Wno-missing-braces -Wparentheses -Wswitch -Wno-unused-function -Wno-unused-label -Wno-unused-parameter -Wno-unused-variable -Wunused-value -Wno-empty-body -Wno-uninitialized -Wno-unknown-pragmas -w -Wno-shadow -Wno-four-char-constants -Wno-conversion -Wno-constant-conversion -Wno-int-conversion -Wno-bool-conversion -Wno-enum-conversion -Wno-float-conversion -Wno-non-literal-null-conversion -Wno-objc-literal-conversion -Wshorten-64-to-32 -Wpointer-sign -Wno-newline-eof -Wno-implicit-fallthrough -isysroot /Applications/Xcode.app/Contents/Developer/Platforms/iPhoneSimulator.platform/Developer/SDKs/iPhoneSimulator26.4.sdk -fstrict-aliasing -Wdeprecated-declarations -Wno-sign-conversion -Wno-infinite-recursion -Wno-comma -Wno-block-capture-autoreleasing -Wno-strict-prototypes -Wno-semicolon-before-method-body -index-store-path /Users/aadityasingh/Library/Developer/Xcode/DerivedData/Chatlio-erkyzdeecsohoaggpwbjdvavzqfv/Index.noindex/DataStore @/Users/aadityasingh/Library/Developer/Xcode/DerivedData/Chatlio-erkyzdeecsohoaggpwbjdvavzqfv/Build/Intermediates.noindex/swift-numerics.build/Debug-iphonesimulator/_NumericsShims.build/Objects-normal/arm64/7187679823f38a2a940e0043cdf9d637-common-args.resp -MMD -MT dependencies -MF /Users/aadityasingh/Library/Developer/Xcode/DerivedData/Chatlio-erkyzdeecsohoaggpwbjdvavzqfv/Build/Intermediates.noindex/swift-numerics.build/Debug-iphonesimulator/_NumericsShims.build/Objects-normal/arm64/_NumericsShims.d --serialize-diagnostics /Users/aadityasingh/Library/Developer/Xcode/DerivedData/Chatlio-erkyzdeecsohoaggpwbjdvavzqfv/Build/Intermediates.noindex/swift-numerics.build/Debug-iphonesimulator/_NumericsShims.build/Objects-normal/arm64/_NumericsShims.dia -c /Users/aadityasingh/Library/Developer/Xcode/DerivedData/Chatlio-erkyzdeecsohoaggpwbjdvavzqfv/SourcePackages/checkouts/swift-numerics/Sources/_NumericsShims/_NumericsShims.c -o /Users/aadityasingh/Library/Developer/Xcode/DerivedData/Chatlio-erkyzdeecsohoaggpwbjdvavzqfv/Build/Intermediates.noindex/swift-numerics.build/Debug-iphonesimulator/_NumericsShims.build/Objects-normal/arm64/_NumericsShims.o -index-unit-output-path /swift-numerics.build/Debug-iphonesimulator/_NumericsShims.build/Objects-normal/arm64/_NumericsShims.o

CompileC /Users/aadityasingh/Library/Developer/Xcode/DerivedData/Chatlio-erkyzdeecsohoaggpwbjdvavzqfv/Build/Intermediates.noindex/PostHog.build/Debug-iphonesimulator/phlibwebp.build/Objects-normal/arm64/yuv_sse41.o /Users/aadityasingh/Library/Developer/Xcode/DerivedData/Chatlio-erkyzdeecsohoaggpwbjdvavzqfv/SourcePackages/checkouts/posthog-ios/vendor/libwebp/yuv_sse41.c normal arm64 c com.apple.compilers.llvm.clang.1_0.compiler (in target 'phlibwebp' from project 'PostHog')
    cd /Users/aadityasingh/Documents/Development/element-x-ios/Chatlio.xcodeproj
    
    Using response file: /Users/aadityasingh/Library/Developer/Xcode/DerivedData/Chatlio-erkyzdeecsohoaggpwbjdvavzqfv/Build/Intermediates.noindex/PostHog.build/Debug-iphonesimulator/phlibwebp.build/Objects-normal/arm64/7187679823f38a2a940e0043cdf9d637-common-args.resp
    
    /Applications/Xcode.app/Contents/Developer/Toolchains/XcodeDefault.xctoolchain/usr/bin/clang -x c -ivfsstatcache /Users/aadityasingh/Library/Developer/Xcode/DerivedData/SDKStatCaches.noindex/iphonesimulator26.4-23E252-686eebb5dc1d8ecb277353a59184f4aa.sdkstatcache -target arm64-apple-ios13.0-simulator -fmessage-length\=0 -fdiagnostics-show-note-include-stack -fmacro-backtrace-limit\=0 -fno-color-diagnostics -fmodules-prune-interval\=86400 -fmodules-prune-after\=345600 -fbuild-session-file\=/Users/aadityasingh/Library/Developer/Xcode/DerivedData/ModuleCache.noindex/Session.modulevalidation -fmodules-validate-once-per-build-session -Wnon-modular-include-in-framework-module -Werror\=non-modular-include-in-framework-module -Wno-trigraphs -Wno-missing-field-initializers -Wno-missing-prototypes -Wno-return-type -Wno-missing-braces -Wparentheses -Wswitch -Wno-unused-function -Wno-unused-label -Wno-unused-parameter -Wno-unused-variable -Wunused-value -Wno-empty-body -Wno-uninitialized -Wno-unknown-pragmas -w -Wno-shadow -Wno-four-char-constants -Wno-conversion -Wno-constant-conversion -Wno-int-conversion -Wno-bool-conversion -Wno-enum-conversion -Wno-float-conversion -Wno-non-literal-null-conversion -Wno-objc-literal-conversion -Wshorten-64-to-32 -Wpointer-sign -Wno-newline-eof -Wno-implicit-fallthrough -isysroot /Applications/Xcode.app/Contents/Developer/Platforms/iPhoneSimulator.platform/Developer/SDKs/iPhoneSimulator26.4.sdk -fstrict-aliasing -Wdeprecated-declarations -Wno-sign-conversion -Wno-infinite-recursion -Wno-comma -Wno-block-capture-autoreleasing -Wno-strict-prototypes -Wno-semicolon-before-method-body -index-store-path /Users/aadityasingh/Library/Developer/Xcode/DerivedData/Chatlio-erkyzdeecsohoaggpwbjdvavzqfv/Index.noindex/DataStore @/Users/aadityasingh/Library/Developer/Xcode/DerivedData/Chatlio-erkyzdeecsohoaggpwbjdvavzqfv/Build/Intermediates.noindex/PostHog.build/Debug-iphonesimulator/phlibwebp.build/Objects-normal/arm64/7187679823f38a2a940e0043cdf9d637-common-args.resp -MMD -MT dependencies -MF /Users/aadityasingh/Library/Developer/Xcode/DerivedData/Chatlio-erkyzdeecsohoaggpwbjdvavzqfv/Build/Intermediates.noindex/PostHog.build/Debug-iphonesimulator/phlibwebp.build/Objects-normal/arm64/yuv_sse41.d --serialize-diagnostics /Users/aadityasingh/Library/Developer/Xcode/DerivedData/Chatlio-erkyzdeecsohoaggpwbjdvavzqfv/Build/Intermediates.noindex/PostHog.build/Debug-iphonesimulator/phlibwebp.build/Objects-normal/arm64/yuv_sse41.dia -c /Users/aadityasingh/Library/Developer/Xcode/DerivedData/Chatlio-erkyzdeecsohoaggpwbjdvavzqfv/SourcePackages/checkouts/posthog-ios/vendor/libwebp/yuv_sse41.c -o /Users/aadityasingh/Library/Developer/Xcode/DerivedData/Chatlio-erkyzdeecsohoaggpwbjdvavzqfv/Build/Intermediates.noindex/PostHog.build/Debug-iphonesimulator/phlibwebp.build/Objects-normal/arm64/yuv_sse41.o -index-unit-output-path /PostHog.build/Debug-iphonesimulator/phlibwebp.build/Objects-normal/arm64/yuv_sse41.o

CompileC /Users/aadityasingh/Library/Developer/Xcode/DerivedData/Chatlio-erkyzdeecsohoaggpwbjdvavzqfv/Build/Intermediates.noindex/PostHog.build/Debug-iphonesimulator/phlibwebp.build/Objects-normal/arm64/yuv_sse2.o /Users/aadityasingh/Library/Developer/Xcode/DerivedData/Chatlio-erkyzdeecsohoaggpwbjdvavzqfv/SourcePackages/checkouts/posthog-ios/vendor/libwebp/yuv_sse2.c normal arm64 c com.apple.compilers.llvm.clang.1_0.compiler (in target 'phlibwebp' from project 'PostHog')
    cd /Users/aadityasingh/Documents/Development/element-x-ios/Chatlio.xcodeproj
    
    Using response file: /Users/aadityasingh/Library/Developer/Xcode/DerivedData/Chatlio-erkyzdeecsohoaggpwbjdvavzqfv/Build/Intermediates.noindex/PostHog.build/Debug-iphonesimulator/phlibwebp.build/Objects-normal/arm64/7187679823f38a2a940e0043cdf9d637-common-args.resp
    
    /Applications/Xcode.app/Contents/Developer/Toolchains/XcodeDefault.xctoolchain/usr/bin/clang -x c -ivfsstatcache /Users/aadityasingh/Library/Developer/Xcode/DerivedData/SDKStatCaches.noindex/iphonesimulator26.4-23E252-686eebb5dc1d8ecb277353a59184f4aa.sdkstatcache -target arm64-apple-ios13.0-simulator -fmessage-length\=0 -fdiagnostics-show-note-include-stack -fmacro-backtrace-limit\=0 -fno-color-diagnostics -fmodules-prune-interval\=86400 -fmodules-prune-after\=345600 -fbuild-session-file\=/Users/aadityasingh/Library/Developer/Xcode/DerivedData/ModuleCache.noindex/Session.modulevalidation -fmodules-validate-once-per-build-session -Wnon-modular-include-in-framework-module -Werror\=non-modular-include-in-framework-module -Wno-trigraphs -Wno-missing-field-initializers -Wno-missing-prototypes -Wno-return-type -Wno-missing-braces -Wparentheses -Wswitch -Wno-unused-function -Wno-unused-label -Wno-unused-parameter -Wno-unused-variable -Wunused-value -Wno-empty-body -Wno-uninitialized -Wno-unknown-pragmas -w -Wno-shadow -Wno-four-char-constants -Wno-conversion -Wno-constant-conversion -Wno-int-conversion -Wno-bool-conversion -Wno-enum-conversion -Wno-float-conversion -Wno-non-literal-null-conversion -Wno-objc-literal-conversion -Wshorten-64-to-32 -Wpointer-sign -Wno-newline-eof -Wno-implicit-fallthrough -isysroot /Applications/Xcode.app/Contents/Developer/Platforms/iPhoneSimulator.platform/Developer/SDKs/iPhoneSimulator26.4.sdk -fstrict-aliasing -Wdeprecated-declarations -Wno-sign-conversion -Wno-infinite-recursion -Wno-comma -Wno-block-capture-autoreleasing -Wno-strict-prototypes -Wno-semicolon-before-method-body -index-store-path /Users/aadityasingh/Library/Developer/Xcode/DerivedData/Chatlio-erkyzdeecsohoaggpwbjdvavzqfv/Index.noindex/DataStore @/Users/aadityasingh/Library/Developer/Xcode/DerivedData/Chatlio-erkyzdeecsohoaggpwbjdvavzqfv/Build/Intermediates.noindex/PostHog.build/Debug-iphonesimulator/phlibwebp.build/Objects-normal/arm64/7187679823f38a2a940e0043cdf9d637-common-args.resp -MMD -MT dependencies -MF /Users/aadityasingh/Library/Developer/Xcode/DerivedData/Chatlio-erkyzdeecsohoaggpwbjdvavzqfv/Build/Intermediates.noindex/PostHog.build/Debug-iphonesimulator/phlibwebp.build/Objects-normal/arm64/yuv_sse2.d --serialize-diagnostics /Users/aadityasingh/Library/Developer/Xcode/DerivedData/Chatlio-erkyzdeecsohoaggpwbjdvavzqfv/Build/Intermediates.noindex/PostHog.build/Debug-iphonesimulator/phlibwebp.build/Objects-normal/arm64/yuv_sse2.dia -c /Users/aadityasingh/Library/Developer/Xcode/DerivedData/Chatlio-erkyzdeecsohoaggpwbjdvavzqfv/SourcePackages/checkouts/posthog-ios/vendor/libwebp/yuv_sse2.c -o /Users/aadityasingh/Library/Developer/Xcode/DerivedData/Chatlio-erkyzdeecsohoaggpwbjdvavzqfv/Build/Intermediates.noindex/PostHog.build/Debug-iphonesimulator/phlibwebp.build/Objects-normal/arm64/yuv_sse2.o -index-unit-output-path /PostHog.build/Debug-iphonesimulator/phlibwebp.build/Objects-normal/arm64/yuv_sse2.o

Ld /Users/aadityasingh/Library/Developer/Xcode/DerivedData/Chatlio-erkyzdeecsohoaggpwbjdvavzqfv/Build/Intermediates.noindex/swift-numerics.build/Debug-iphonesimulator/_NumericsShims.build/Objects-normal/x86_64/Binary/_NumericsShims.o normal x86_64 (in target '_NumericsShims' from project 'swift-numerics')
    cd /Users/aadityasingh/Library/Developer/Xcode/DerivedData/Chatlio-erkyzdeecsohoaggpwbjdvavzqfv/SourcePackages/checkouts/swift-numerics
    /Applications/Xcode.app/Contents/Developer/Toolchains/XcodeDefault.xctoolchain/usr/bin/clang -Xlinker -reproducible -target x86_64-apple-ios12.0-simulator -r -isysroot /Applications/Xcode.app/Contents/Developer/Platforms/iPhoneSimulator.platform/Developer/SDKs/iPhoneSimulator26.4.sdk -O0 -w -F/Users/aadityasingh/Library/Developer/Xcode/DerivedData/Chatlio-erkyzdeecsohoaggpwbjdvavzqfv/Build/Intermediates.noindex/EagerLinkingTBDs/Debug-iphonesimulator -F/Users/aadityasingh/Library/Developer/Xcode/DerivedData/Chatlio-erkyzdeecsohoaggpwbjdvavzqfv/Build/Products/Debug-iphonesimulator -iframework /Applications/Xcode.app/Contents/Developer/Platforms/iPhoneSimulator.platform/Developer/Library/Frameworks -iframework /Applications/Xcode.app/Contents/Developer/Platforms/iPhoneSimulator.platform/Developer/SDKs/iPhoneSimulator26.4.sdk/Developer/Library/Frameworks -filelist /Users/aadityasingh/Library/Developer/Xcode/DerivedData/Chatlio-erkyzdeecsohoaggpwbjdvavzqfv/Build/Intermediates.noindex/swift-numerics.build/Debug-iphonesimulator/_NumericsShims.build/Objects-normal/x86_64/_NumericsShims.LinkFileList -nostdlib -Xlinker -object_path_lto -Xlinker /Users/aadityasingh/Library/Developer/Xcode/DerivedData/Chatlio-erkyzdeecsohoaggpwbjdvavzqfv/Build/Intermediates.noindex/swift-numerics.build/Debug-iphonesimulator/_NumericsShims.build/Objects-normal/x86_64/_NumericsShims_lto.o -Xlinker -no_deduplicate -Xlinker -objc_abi_version -Xlinker 2 -Xlinker -debug_variant -Xlinker -dependency_info -Xlinker /Users/aadityasingh/Library/Developer/Xcode/DerivedData/Chatlio-erkyzdeecsohoaggpwbjdvavzqfv/Build/Intermediates.noindex/swift-numerics.build/Debug-iphonesimulator/_NumericsShims.build/Objects-normal/x86_64/_NumericsShims_dependency_info.dat -o /Users/aadityasingh/Library/Developer/Xcode/DerivedData/Chatlio-erkyzdeecsohoaggpwbjdvavzqfv/Build/Intermediates.noindex/swift-numerics.build/Debug-iphonesimulator/_NumericsShims.build/Objects-normal/x86_64/Binary/_NumericsShims.o

Ld /Users/aadityasingh/Library/Developer/Xcode/DerivedData/Chatlio-erkyzdeecsohoaggpwbjdvavzqfv/Build/Intermediates.noindex/swift-numerics.build/Debug-iphonesimulator/_NumericsShims.build/Objects-normal/arm64/Binary/_NumericsShims.o normal arm64 (in target '_NumericsShims' from project 'swift-numerics')
    cd /Users/aadityasingh/Library/Developer/Xcode/DerivedData/Chatlio-erkyzdeecsohoaggpwbjdvavzqfv/SourcePackages/checkouts/swift-numerics
    /Applications/Xcode.app/Contents/Developer/Toolchains/XcodeDefault.xctoolchain/usr/bin/clang -Xlinker -reproducible -target arm64-apple-ios12.0-simulator -r -isysroot /Applications/Xcode.app/Contents/Developer/Platforms/iPhoneSimulator.platform/Developer/SDKs/iPhoneSimulator26.4.sdk -O0 -w -F/Users/aadityasingh/Library/Developer/Xcode/DerivedData/Chatlio-erkyzdeecsohoaggpwbjdvavzqfv/Build/Intermediates.noindex/EagerLinkingTBDs/Debug-iphonesimulator -F/Users/aadityasingh/Library/Developer/Xcode/DerivedData/Chatlio-erkyzdeecsohoaggpwbjdvavzqfv/Build/Products/Debug-iphonesimulator -iframework /Applications/Xcode.app/Contents/Developer/Platforms/iPhoneSimulator.platform/Developer/Library/Frameworks -iframework /Applications/Xcode.app/Contents/Developer/Platforms/iPhoneSimulator.platform/Developer/SDKs/iPhoneSimulator26.4.sdk/Developer/Library/Frameworks -filelist /Users/aadityasingh/Library/Developer/Xcode/DerivedData/Chatlio-erkyzdeecsohoaggpwbjdvavzqfv/Build/Intermediates.noindex/swift-numerics.build/Debug-iphonesimulator/_NumericsShims.build/Objects-normal/arm64/_NumericsShims.LinkFileList -nostdlib -Xlinker -object_path_lto -Xlinker /Users/aadityasingh/Library/Developer/Xcode/DerivedData/Chatlio-erkyzdeecsohoaggpwbjdvavzqfv/Build/Intermediates.noindex/swift-numerics.build/Debug-iphonesimulator/_NumericsShims.build/Objects-normal/arm64/_NumericsShims_lto.o -Xlinker -no_deduplicate -Xlinker -objc_abi_version -Xlinker 2 -Xlinker -debug_variant -Xlinker -dependency_info -Xlinker /Users/aadityasingh/Library/Developer/Xcode/DerivedData/Chatlio-erkyzdeecsohoaggpwbjdvavzqfv/Build/Intermediates.noindex/swift-numerics.build/Debug-iphonesimulator/_NumericsShims.build/Objects-normal/arm64/_NumericsShims_dependency_info.dat -o /Users/aadityasingh/Library/Developer/Xcode/DerivedData/Chatlio-erkyzdeecsohoaggpwbjdvavzqfv/Build/Intermediates.noindex/swift-numerics.build/Debug-iphonesimulator/_NumericsShims.build/Objects-normal/arm64/Binary/_NumericsShims.o

CompileC /Users/aadityasingh/Library/Developer/Xcode/DerivedData/Chatlio-erkyzdeecsohoaggpwbjdvavzqfv/Build/Intermediates.noindex/PostHog.build/Debug-iphonesimulator/phlibwebp.build/Objects-normal/arm64/yuv.o /Users/aadityasingh/Library/Developer/Xcode/DerivedData/Chatlio-erkyzdeecsohoaggpwbjdvavzqfv/SourcePackages/checkouts/posthog-ios/vendor/libwebp/yuv.c normal arm64 c com.apple.compilers.llvm.clang.1_0.compiler (in target 'phlibwebp' from project 'PostHog')
    cd /Users/aadityasingh/Documents/Development/element-x-ios/Chatlio.xcodeproj
    
    Using response file: /Users/aadityasingh/Library/Developer/Xcode/DerivedData/Chatlio-erkyzdeecsohoaggpwbjdvavzqfv/Build/Intermediates.noindex/PostHog.build/Debug-iphonesimulator/phlibwebp.build/Objects-normal/arm64/7187679823f38a2a940e0043cdf9d637-common-args.resp
    
    /Applications/Xcode.app/Contents/Developer/Toolchains/XcodeDefault.xctoolchain/usr/bin/clang -x c -ivfsstatcache /Users/aadityasingh/Library/Developer/Xcode/DerivedData/SDKStatCaches.noindex/iphonesimulator26.4-23E252-686eebb5dc1d8ecb277353a59184f4aa.sdkstatcache -target arm64-apple-ios13.0-simulator -fmessage-length\=0 -fdiagnostics-show-note-include-stack -fmacro-backtrace-limit\=0 -fno-color-diagnostics -fmodules-prune-interval\=86400 -fmodules-prune-after\=345600 -fbuild-session-file\=/Users/aadityasingh/Library/Developer/Xcode/DerivedData/ModuleCache.noindex/Session.modulevalidation -fmodules-validate-once-per-build-session -Wnon-modular-include-in-framework-module -Werror\=non-modular-include-in-framework-module -Wno-trigraphs -Wno-missing-field-initializers -Wno-missing-prototypes -Wno-return-type -Wno-missing-braces -Wparentheses -Wswitch -Wno-unused-function -Wno-unused-label -Wno-unused-parameter -Wno-unused-variable -Wunused-value -Wno-empty-body -Wno-uninitialized -Wno-unknown-pragmas -w -Wno-shadow -Wno-four-char-constants -Wno-conversion -Wno-constant-conversion -Wno-int-conversion -Wno-bool-conversion -Wno-enum-conversion -Wno-float-conversion -Wno-non-literal-null-conversion -Wno-objc-literal-conversion -Wshorten-64-to-32 -Wpointer-sign -Wno-newline-eof -Wno-implicit-fallthrough -isysroot /Applications/Xcode.app/Contents/Developer/Platforms/iPhoneSimulator.platform/Developer/SDKs/iPhoneSimulator26.4.sdk -fstrict-aliasing -Wdeprecated-declarations -Wno-sign-conversion -Wno-infinite-recursion -Wno-comma -Wno-block-capture-autoreleasing -Wno-strict-prototypes -Wno-semicolon-before-method-body -index-store-path /Users/aadityasingh/Library/Developer/Xcode/DerivedData/Chatlio-erkyzdeecsohoaggpwbjdvavzqfv/Index.noindex/DataStore @/Users/aadityasingh/Library/Developer/Xcode/DerivedData/Chatlio-erkyzdeecsohoaggpwbjdvavzqfv/Build/Intermediates.noindex/PostHog.build/Debug-iphonesimulator/phlibwebp.build/Objects-normal/arm64/7187679823f38a2a940e0043cdf9d637-common-args.resp -MMD -MT dependencies -MF /Users/aadityasingh/Library/Developer/Xcode/DerivedData/Chatlio-erkyzdeecsohoaggpwbjdvavzqfv/Build/Intermediates.noindex/PostHog.build/Debug-iphonesimulator/phlibwebp.build/Objects-normal/arm64/yuv.d --serialize-diagnostics /Users/aadityasingh/Library/Developer/Xcode/DerivedData/Chatlio-erkyzdeecsohoaggpwbjdvavzqfv/Build/Intermediates.noindex/PostHog.build/Debug-iphonesimulator/phlibwebp.build/Objects-normal/arm64/yuv.dia -c /Users/aadityasingh/Library/Developer/Xcode/DerivedData/Chatlio-erkyzdeecsohoaggpwbjdvavzqfv/SourcePackages/checkouts/posthog-ios/vendor/libwebp/yuv.c -o /Users/aadityasingh/Library/Developer/Xcode/DerivedData/Chatlio-erkyzdeecsohoaggpwbjdvavzqfv/Build/Intermediates.noindex/PostHog.build/Debug-iphonesimulator/phlibwebp.build/Objects-normal/arm64/yuv.o -index-unit-output-path /PostHog.build/Debug-iphonesimulator/phlibwebp.build/Objects-normal/arm64/yuv.o

CompileC /Users/aadityasingh/Library/Developer/Xcode/DerivedData/Chatlio-erkyzdeecsohoaggpwbjdvavzqfv/Build/Intermediates.noindex/PostHog.build/Debug-iphonesimulator/phlibwebp.build/Objects-normal/arm64/webp_enc.o /Users/aadityasingh/Library/Developer/Xcode/DerivedData/Chatlio-erkyzdeecsohoaggpwbjdvavzqfv/SourcePackages/checkouts/posthog-ios/vendor/libwebp/webp_enc.c normal arm64 c com.apple.compilers.llvm.clang.1_0.compiler (in target 'phlibwebp' from project 'PostHog')
    cd /Users/aadityasingh/Documents/Development/element-x-ios/Chatlio.xcodeproj
    
    Using response file: /Users/aadityasingh/Library/Developer/Xcode/DerivedData/Chatlio-erkyzdeecsohoaggpwbjdvavzqfv/Build/Intermediates.noindex/PostHog.build/Debug-iphonesimulator/phlibwebp.build/Objects-normal/arm64/7187679823f38a2a940e0043cdf9d637-common-args.resp
    
    /Applications/Xcode.app/Contents/Developer/Toolchains/XcodeDefault.xctoolchain/usr/bin/clang -x c -ivfsstatcache /Users/aadityasingh/Library/Developer/Xcode/DerivedData/SDKStatCaches.noindex/iphonesimulator26.4-23E252-686eebb5dc1d8ecb277353a59184f4aa.sdkstatcache -target arm64-apple-ios13.0-simulator -fmessage-length\=0 -fdiagnostics-show-note-include-stack -fmacro-backtrace-limit\=0 -fno-color-diagnostics -fmodules-prune-interval\=86400 -fmodules-prune-after\=345600 -fbuild-session-file\=/Users/aadityasingh/Library/Developer/Xcode/DerivedData/ModuleCache.noindex/Session.modulevalidation -fmodules-validate-once-per-build-session -Wnon-modular-include-in-framework-module -Werror\=non-modular-include-in-framework-module -Wno-trigraphs -Wno-missing-field-initializers -Wno-missing-prototypes -Wno-return-type -Wno-missing-braces -Wparentheses -Wswitch -Wno-unused-function -Wno-unused-label -Wno-unused-parameter -Wno-unused-variable -Wunused-value -Wno-empty-body -Wno-uninitialized -Wno-unknown-pragmas -w -Wno-shadow -Wno-four-char-constants -Wno-conversion -Wno-constant-conversion -Wno-int-conversion -Wno-bool-conversion -Wno-enum-conversion -Wno-float-conversion -Wno-non-literal-null-conversion -Wno-objc-literal-conversion -Wshorten-64-to-32 -Wpointer-sign -Wno-newline-eof -Wno-implicit-fallthrough -isysroot /Applications/Xcode.app/Contents/Developer/Platforms/iPhoneSimulator.platform/Developer/SDKs/iPhoneSimulator26.4.sdk -fstrict-aliasing -Wdeprecated-declarations -Wno-sign-conversion -Wno-infinite-recursion -Wno-comma -Wno-block-capture-autoreleasing -Wno-strict-prototypes -Wno-semicolon-before-method-body -index-store-path /Users/aadityasingh/Library/Developer/Xcode/DerivedData/Chatlio-erkyzdeecsohoaggpwbjdvavzqfv/Index.noindex/DataStore @/Users/aadityasingh/Library/Developer/Xcode/DerivedData/Chatlio-erkyzdeecsohoaggpwbjdvavzqfv/Build/Intermediates.noindex/PostHog.build/Debug-iphonesimulator/phlibwebp.build/Objects-normal/arm64/7187679823f38a2a940e0043cdf9d637-common-args.resp -MMD -MT dependencies -MF /Users/aadityasingh/Library/Developer/Xcode/DerivedData/Chatlio-erkyzdeecsohoaggpwbjdvavzqfv/Build/Intermediates.noindex/PostHog.build/Debug-iphonesimulator/phlibwebp.build/Objects-normal/arm64/webp_enc.d --serialize-diagnostics /Users/aadityasingh/Library/Developer/Xcode/DerivedData/Chatlio-erkyzdeecsohoaggpwbjdvavzqfv/Build/Intermediates.noindex/PostHog.build/Debug-iphonesimulator/phlibwebp.build/Objects-normal/arm64/webp_enc.dia -c /Users/aadityasingh/Library/Developer/Xcode/DerivedData/Chatlio-erkyzdeecsohoaggpwbjdvavzqfv/SourcePackages/checkouts/posthog-ios/vendor/libwebp/webp_enc.c -o /Users/aadityasingh/Library/Developer/Xcode/DerivedData/Chatlio-erkyzdeecsohoaggpwbjdvavzqfv/Build/Intermediates.noindex/PostHog.build/Debug-iphonesimulator/phlibwebp.build/Objects-normal/arm64/webp_enc.o -index-unit-output-path /PostHog.build/Debug-iphonesimulator/phlibwebp.build/Objects-normal/arm64/webp_enc.o

CompileC /Users/aadityasingh/Library/Developer/Xcode/DerivedData/Chatlio-erkyzdeecsohoaggpwbjdvavzqfv/Build/Intermediates.noindex/PostHog.build/Debug-iphonesimulator/phlibwebp.build/Objects-normal/arm64/vp8l_enc.o /Users/aadityasingh/Library/Developer/Xcode/DerivedData/Chatlio-erkyzdeecsohoaggpwbjdvavzqfv/SourcePackages/checkouts/posthog-ios/vendor/libwebp/vp8l_enc.c normal arm64 c com.apple.compilers.llvm.clang.1_0.compiler (in target 'phlibwebp' from project 'PostHog')
    cd /Users/aadityasingh/Documents/Development/element-x-ios/Chatlio.xcodeproj
    
    Using response file: /Users/aadityasingh/Library/Developer/Xcode/DerivedData/Chatlio-erkyzdeecsohoaggpwbjdvavzqfv/Build/Intermediates.noindex/PostHog.build/Debug-iphonesimulator/phlibwebp.build/Objects-normal/arm64/7187679823f38a2a940e0043cdf9d637-common-args.resp
    
    /Applications/Xcode.app/Contents/Developer/Toolchains/XcodeDefault.xctoolchain/usr/bin/clang -x c -ivfsstatcache /Users/aadityasingh/Library/Developer/Xcode/DerivedData/SDKStatCaches.noindex/iphonesimulator26.4-23E252-686eebb5dc1d8ecb277353a59184f4aa.sdkstatcache -target arm64-apple-ios13.0-simulator -fmessage-length\=0 -fdiagnostics-show-note-include-stack -fmacro-backtrace-limit\=0 -fno-color-diagnostics -fmodules-prune-interval\=86400 -fmodules-prune-after\=345600 -fbuild-session-file\=/Users/aadityasingh/Library/Developer/Xcode/DerivedData/ModuleCache.noindex/Session.modulevalidation -fmodules-validate-once-per-build-session -Wnon-modular-include-in-framework-module -Werror\=non-modular-include-in-framework-module -Wno-trigraphs -Wno-missing-field-initializers -Wno-missing-prototypes -Wno-return-type -Wno-missing-braces -Wparentheses -Wswitch -Wno-unused-function -Wno-unused-label -Wno-unused-parameter -Wno-unused-variable -Wunused-value -Wno-empty-body -Wno-uninitialized -Wno-unknown-pragmas -w -Wno-shadow -Wno-four-char-constants -Wno-conversion -Wno-constant-conversion -Wno-int-conversion -Wno-bool-conversion -Wno-enum-conversion -Wno-float-conversion -Wno-non-literal-null-conversion -Wno-objc-literal-conversion -Wshorten-64-to-32 -Wpointer-sign -Wno-newline-eof -Wno-implicit-fallthrough -isysroot /Applications/Xcode.app/Contents/Developer/Platforms/iPhoneSimulator.platform/Developer/SDKs/iPhoneSimulator26.4.sdk -fstrict-aliasing -Wdeprecated-declarations -Wno-sign-conversion -Wno-infinite-recursion -Wno-comma -Wno-block-capture-autoreleasing -Wno-strict-prototypes -Wno-semicolon-before-method-body -index-store-path /Users/aadityasingh/Library/Developer/Xcode/DerivedData/Chatlio-erkyzdeecsohoaggpwbjdvavzqfv/Index.noindex/DataStore @/Users/aadityasingh/Library/Developer/Xcode/DerivedData/Chatlio-erkyzdeecsohoaggpwbjdvavzqfv/Build/Intermediates.noindex/PostHog.build/Debug-iphonesimulator/phlibwebp.build/Objects-normal/arm64/7187679823f38a2a940e0043cdf9d637-common-args.resp -MMD -MT dependencies -MF /Users/aadityasingh/Library/Developer/Xcode/DerivedData/Chatlio-erkyzdeecsohoaggpwbjdvavzqfv/Build/Intermediates.noindex/PostHog.build/Debug-iphonesimulator/phlibwebp.build/Objects-normal/arm64/vp8l_enc.d --serialize-diagnostics /Users/aadityasingh/Library/Developer/Xcode/DerivedData/Chatlio-erkyzdeecsohoaggpwbjdvavzqfv/Build/Intermediates.noindex/PostHog.build/Debug-iphonesimulator/phlibwebp.build/Objects-normal/arm64/vp8l_enc.dia -c /Users/aadityasingh/Library/Developer/Xcode/DerivedData/Chatlio-erkyzdeecsohoaggpwbjdvavzqfv/SourcePackages/checkouts/posthog-ios/vendor/libwebp/vp8l_enc.c -o /Users/aadityasingh/Library/Developer/Xcode/DerivedData/Chatlio-erkyzdeecsohoaggpwbjdvavzqfv/Build/Intermediates.noindex/PostHog.build/Debug-iphonesimulator/phlibwebp.build/Objects-normal/arm64/vp8l_enc.o -index-unit-output-path /PostHog.build/Debug-iphonesimulator/phlibwebp.build/Objects-normal/arm64/vp8l_enc.o

CompileC /Users/aadityasingh/Library/Developer/Xcode/DerivedData/Chatlio-erkyzdeecsohoaggpwbjdvavzqfv/Build/Intermediates.noindex/PostHog.build/Debug-iphonesimulator/phlibwebp.build/Objects-normal/arm64/utils.o /Users/aadityasingh/Library/Developer/Xcode/DerivedData/Chatlio-erkyzdeecsohoaggpwbjdvavzqfv/SourcePackages/checkouts/posthog-ios/vendor/libwebp/utils.c normal arm64 c com.apple.compilers.llvm.clang.1_0.compiler (in target 'phlibwebp' from project 'PostHog')
    cd /Users/aadityasingh/Documents/Development/element-x-ios/Chatlio.xcodeproj
    
    Using response file: /Users/aadityasingh/Library/Developer/Xcode/DerivedData/Chatlio-erkyzdeecsohoaggpwbjdvavzqfv/Build/Intermediates.noindex/PostHog.build/Debug-iphonesimulator/phlibwebp.build/Objects-normal/arm64/7187679823f38a2a940e0043cdf9d637-common-args.resp
    
    /Applications/Xcode.app/Contents/Developer/Toolchains/XcodeDefault.xctoolchain/usr/bin/clang -x c -ivfsstatcache /Users/aadityasingh/Library/Developer/Xcode/DerivedData/SDKStatCaches.noindex/iphonesimulator26.4-23E252-686eebb5dc1d8ecb277353a59184f4aa.sdkstatcache -target arm64-apple-ios13.0-simulator -fmessage-length\=0 -fdiagnostics-show-note-include-stack -fmacro-backtrace-limit\=0 -fno-color-diagnostics -fmodules-prune-interval\=86400 -fmodules-prune-after\=345600 -fbuild-session-file\=/Users/aadityasingh/Library/Developer/Xcode/DerivedData/ModuleCache.noindex/Session.modulevalidation -fmodules-validate-once-per-build-session -Wnon-modular-include-in-framework-module -Werror\=non-modular-include-in-framework-module -Wno-trigraphs -Wno-missing-field-initializers -Wno-missing-prototypes -Wno-return-type -Wno-missing-braces -Wparentheses -Wswitch -Wno-unused-function -Wno-unused-label -Wno-unused-parameter -Wno-unused-variable -Wunused-value -Wno-empty-body -Wno-uninitialized -Wno-unknown-pragmas -w -Wno-shadow -Wno-four-char-constants -Wno-conversion -Wno-constant-conversion -Wno-int-conversion -Wno-bool-conversion -Wno-enum-conversion -Wno-float-conversion -Wno-non-literal-null-conversion -Wno-objc-literal-conversion -Wshorten-64-to-32 -Wpointer-sign -Wno-newline-eof -Wno-implicit-fallthrough -isysroot /Applications/Xcode.app/Contents/Developer/Platforms/iPhoneSimulator.platform/Developer/SDKs/iPhoneSimulator26.4.sdk -fstrict-aliasing -Wdeprecated-declarations -Wno-sign-conversion -Wno-infinite-recursion -Wno-comma -Wno-block-capture-autoreleasing -Wno-strict-prototypes -Wno-semicolon-before-method-body -index-store-path /Users/aadityasingh/Library/Developer/Xcode/DerivedData/Chatlio-erkyzdeecsohoaggpwbjdvavzqfv/Index.noindex/DataStore @/Users/aadityasingh/Library/Developer/Xcode/DerivedData/Chatlio-erkyzdeecsohoaggpwbjdvavzqfv/Build/Intermediates.noindex/PostHog.build/Debug-iphonesimulator/phlibwebp.build/Objects-normal/arm64/7187679823f38a2a940e0043cdf9d637-common-args.resp -MMD -MT dependencies -MF /Users/aadityasingh/Library/Developer/Xcode/DerivedData/Chatlio-erkyzdeecsohoaggpwbjdvavzqfv/Build/Intermediates.noindex/PostHog.build/Debug-iphonesimulator/phlibwebp.build/Objects-normal/arm64/utils.d --serialize-diagnostics /Users/aadityasingh/Library/Developer/Xcode/DerivedData/Chatlio-erkyzdeecsohoaggpwbjdvavzqfv/Build/Intermediates.noindex/PostHog.build/Debug-iphonesimulator/phlibwebp.build/Objects-normal/arm64/utils.dia -c /Users/aadityasingh/Library/Developer/Xcode/DerivedData/Chatlio-erkyzdeecsohoaggpwbjdvavzqfv/SourcePackages/checkouts/posthog-ios/vendor/libwebp/utils.c -o /Users/aadityasingh/Library/Developer/Xcode/DerivedData/Chatlio-erkyzdeecsohoaggpwbjdvavzqfv/Build/Intermediates.noindex/PostHog.build/Debug-iphonesimulator/phlibwebp.build/Objects-normal/arm64/utils.o -index-unit-output-path /PostHog.build/Debug-iphonesimulator/phlibwebp.build/Objects-normal/arm64/utils.o

CompileC /Users/aadityasingh/Library/Developer/Xcode/DerivedData/Chatlio-erkyzdeecsohoaggpwbjdvavzqfv/Build/Intermediates.noindex/PostHog.build/Debug-iphonesimulator/phlibwebp.build/Objects-normal/arm64/upsampling_sse41.o /Users/aadityasingh/Library/Developer/Xcode/DerivedData/Chatlio-erkyzdeecsohoaggpwbjdvavzqfv/SourcePackages/checkouts/posthog-ios/vendor/libwebp/upsampling_sse41.c normal arm64 c com.apple.compilers.llvm.clang.1_0.compiler (in target 'phlibwebp' from project 'PostHog')
    cd /Users/aadityasingh/Documents/Development/element-x-ios/Chatlio.xcodeproj
    
    Using response file: /Users/aadityasingh/Library/Developer/Xcode/DerivedData/Chatlio-erkyzdeecsohoaggpwbjdvavzqfv/Build/Intermediates.noindex/PostHog.build/Debug-iphonesimulator/phlibwebp.build/Objects-normal/arm64/7187679823f38a2a940e0043cdf9d637-common-args.resp
    
    /Applications/Xcode.app/Contents/Developer/Toolchains/XcodeDefault.xctoolchain/usr/bin/clang -x c -ivfsstatcache /Users/aadityasingh/Library/Developer/Xcode/DerivedData/SDKStatCaches.noindex/iphonesimulator26.4-23E252-686eebb5dc1d8ecb277353a59184f4aa.sdkstatcache -target arm64-apple-ios13.0-simulator -fmessage-length\=0 -fdiagnostics-show-note-include-stack -fmacro-backtrace-limit\=0 -fno-color-diagnostics -fmodules-prune-interval\=86400 -fmodules-prune-after\=345600 -fbuild-session-file\=/Users/aadityasingh/Library/Developer/Xcode/DerivedData/ModuleCache.noindex/Session.modulevalidation -fmodules-validate-once-per-build-session -Wnon-modular-include-in-framework-module -Werror\=non-modular-include-in-framework-module -Wno-trigraphs -Wno-missing-field-initializers -Wno-missing-prototypes -Wno-return-type -Wno-missing-braces -Wparentheses -Wswitch -Wno-unused-function -Wno-unused-label -Wno-unused-parameter -Wno-unused-variable -Wunused-value -Wno-empty-body -Wno-uninitialized -Wno-unknown-pragmas -w -Wno-shadow -Wno-four-char-constants -Wno-conversion -Wno-constant-conversion -Wno-int-conversion -Wno-bool-conversion -Wno-enum-conversion -Wno-float-conversion -Wno-non-literal-null-conversion -Wno-objc-literal-conversion -Wshorten-64-to-32 -Wpointer-sign -Wno-newline-eof -Wno-implicit-fallthrough -isysroot /Applications/Xcode.app/Contents/Developer/Platforms/iPhoneSimulator.platform/Developer/SDKs/iPhoneSimulator26.4.sdk -fstrict-aliasing -Wdeprecated-declarations -Wno-sign-conversion -Wno-infinite-recursion -Wno-comma -Wno-block-capture-autoreleasing -Wno-strict-prototypes -Wno-semicolon-before-method-body -index-store-path /Users/aadityasingh/Library/Developer/Xcode/DerivedData/Chatlio-erkyzdeecsohoaggpwbjdvavzqfv/Index.noindex/DataStore @/Users/aadityasingh/Library/Developer/Xcode/DerivedData/Chatlio-erkyzdeecsohoaggpwbjdvavzqfv/Build/Intermediates.noindex/PostHog.build/Debug-iphonesimulator/phlibwebp.build/Objects-normal/arm64/7187679823f38a2a940e0043cdf9d637-common-args.resp -MMD -MT dependencies -MF /Users/aadityasingh/Library/Developer/Xcode/DerivedData/Chatlio-erkyzdeecsohoaggpwbjdvavzqfv/Build/Intermediates.noindex/PostHog.build/Debug-iphonesimulator/phlibwebp.build/Objects-normal/arm64/upsampling_sse41.d --serialize-diagnostics /Users/aadityasingh/Library/Developer/Xcode/DerivedData/Chatlio-erkyzdeecsohoaggpwbjdvavzqfv/Build/Intermediates.noindex/PostHog.build/Debug-iphonesimulator/phlibwebp.build/Objects-normal/arm64/upsampling_sse41.dia -c /Users/aadityasingh/Library/Developer/Xcode/DerivedData/Chatlio-erkyzdeecsohoaggpwbjdvavzqfv/SourcePackages/checkouts/posthog-ios/vendor/libwebp/upsampling_sse41.c -o /Users/aadityasingh/Library/Developer/Xcode/DerivedData/Chatlio-erkyzdeecsohoaggpwbjdvavzqfv/Build/Intermediates.noindex/PostHog.build/Debug-iphonesimulator/phlibwebp.build/Objects-normal/arm64/upsampling_sse41.o -index-unit-output-path /PostHog.build/Debug-iphonesimulator/phlibwebp.build/Objects-normal/arm64/upsampling_sse41.o

CompileC /Users/aadityasingh/Library/Developer/Xcode/DerivedData/Chatlio-erkyzdeecsohoaggpwbjdvavzqfv/Build/Intermediates.noindex/PostHog.build/Debug-iphonesimulator/phlibwebp.build/Objects-normal/arm64/yuv_neon.o /Users/aadityasingh/Library/Developer/Xcode/DerivedData/Chatlio-erkyzdeecsohoaggpwbjdvavzqfv/SourcePackages/checkouts/posthog-ios/vendor/libwebp/yuv_neon.c normal arm64 c com.apple.compilers.llvm.clang.1_0.compiler (in target 'phlibwebp' from project 'PostHog')
    cd /Users/aadityasingh/Documents/Development/element-x-ios/Chatlio.xcodeproj
    
    Using response file: /Users/aadityasingh/Library/Developer/Xcode/DerivedData/Chatlio-erkyzdeecsohoaggpwbjdvavzqfv/Build/Intermediates.noindex/PostHog.build/Debug-iphonesimulator/phlibwebp.build/Objects-normal/arm64/7187679823f38a2a940e0043cdf9d637-common-args.resp
    
    /Applications/Xcode.app/Contents/Developer/Toolchains/XcodeDefault.xctoolchain/usr/bin/clang -x c -ivfsstatcache /Users/aadityasingh/Library/Developer/Xcode/DerivedData/SDKStatCaches.noindex/iphonesimulator26.4-23E252-686eebb5dc1d8ecb277353a59184f4aa.sdkstatcache -target arm64-apple-ios13.0-simulator -fmessage-length\=0 -fdiagnostics-show-note-include-stack -fmacro-backtrace-limit\=0 -fno-color-diagnostics -fmodules-prune-interval\=86400 -fmodules-prune-after\=345600 -fbuild-session-file\=/Users/aadityasingh/Library/Developer/Xcode/DerivedData/ModuleCache.noindex/Session.modulevalidation -fmodules-validate-once-per-build-session -Wnon-modular-include-in-framework-module -Werror\=non-modular-include-in-framework-module -Wno-trigraphs -Wno-missing-field-initializers -Wno-missing-prototypes -Wno-return-type -Wno-missing-braces -Wparentheses -Wswitch -Wno-unused-function -Wno-unused-label -Wno-unused-parameter -Wno-unused-variable -Wunused-value -Wno-empty-body -Wno-uninitialized -Wno-unknown-pragmas -w -Wno-shadow -Wno-four-char-constants -Wno-conversion -Wno-constant-conversion -Wno-int-conversion -Wno-bool-conversion -Wno-enum-conversion -Wno-float-conversion -Wno-non-literal-null-conversion -Wno-objc-literal-conversion -Wshorten-64-to-32 -Wpointer-sign -Wno-newline-eof -Wno-implicit-fallthrough -isysroot /Applications/Xcode.app/Contents/Developer/Platforms/iPhoneSimulator.platform/Developer/SDKs/iPhoneSimulator26.4.sdk -fstrict-aliasing -Wdeprecated-declarations -Wno-sign-conversion -Wno-infinite-recursion -Wno-comma -Wno-block-capture-autoreleasing -Wno-strict-prototypes -Wno-semicolon-before-method-body -index-store-path /Users/aadityasingh/Library/Developer/Xcode/DerivedData/Chatlio-erkyzdeecsohoaggpwbjdvavzqfv/Index.noindex/DataStore @/Users/aadityasingh/Library/Developer/Xcode/DerivedData/Chatlio-erkyzdeecsohoaggpwbjdvavzqfv/Build/Intermediates.noindex/PostHog.build/Debug-iphonesimulator/phlibwebp.build/Objects-normal/arm64/7187679823f38a2a940e0043cdf9d637-common-args.resp -MMD -MT dependencies -MF /Users/aadityasingh/Library/Developer/Xcode/DerivedData/Chatlio-erkyzdeecsohoaggpwbjdvavzqfv/Build/Intermediates.noindex/PostHog.build/Debug-iphonesimulator/phlibwebp.build/Objects-normal/arm64/yuv_neon.d --serialize-diagnostics /Users/aadityasingh/Library/Developer/Xcode/DerivedData/Chatlio-erkyzdeecsohoaggpwbjdvavzqfv/Build/Intermediates.noindex/PostHog.build/Debug-iphonesimulator/phlibwebp.build/Objects-normal/arm64/yuv_neon.dia -c /Users/aadityasingh/Library/Developer/Xcode/DerivedData/Chatlio-erkyzdeecsohoaggpwbjdvavzqfv/SourcePackages/checkouts/posthog-ios/vendor/libwebp/yuv_neon.c -o /Users/aadityasingh/Library/Developer/Xcode/DerivedData/Chatlio-erkyzdeecsohoaggpwbjdvavzqfv/Build/Intermediates.noindex/PostHog.build/Debug-iphonesimulator/phlibwebp.build/Objects-normal/arm64/yuv_neon.o -index-unit-output-path /PostHog.build/Debug-iphonesimulator/phlibwebp.build/Objects-normal/arm64/yuv_neon.o

CreateUniversalBinary /Users/aadityasingh/Library/Developer/Xcode/DerivedData/Chatlio-erkyzdeecsohoaggpwbjdvavzqfv/Build/Products/Debug-iphonesimulator/_NumericsShims.o normal arm64\ x86_64 (in target '_NumericsShims' from project 'swift-numerics')
    cd /Users/aadityasingh/Library/Developer/Xcode/DerivedData/Chatlio-erkyzdeecsohoaggpwbjdvavzqfv/SourcePackages/checkouts/swift-numerics
    /Applications/Xcode.app/Contents/Developer/Toolchains/XcodeDefault.xctoolchain/usr/bin/lipo -create /Users/aadityasingh/Library/Developer/Xcode/DerivedData/Chatlio-erkyzdeecsohoaggpwbjdvavzqfv/Build/Intermediates.noindex/swift-numerics.build/Debug-iphonesimulator/_NumericsShims.build/Objects-normal/arm64/Binary/_NumericsShims.o /Users/aadityasingh/Library/Developer/Xcode/DerivedData/Chatlio-erkyzdeecsohoaggpwbjdvavzqfv/Build/Intermediates.noindex/swift-numerics.build/Debug-iphonesimulator/_NumericsShims.build/Objects-normal/x86_64/Binary/_NumericsShims.o -output /Users/aadityasingh/Library/Developer/Xcode/DerivedData/Chatlio-erkyzdeecsohoaggpwbjdvavzqfv/Build/Products/Debug-iphonesimulator/_NumericsShims.o

CompileC /Users/aadityasingh/Library/Developer/Xcode/DerivedData/Chatlio-erkyzdeecsohoaggpwbjdvavzqfv/Build/Intermediates.noindex/PostHog.build/Debug-iphonesimulator/phlibwebp.build/Objects-normal/arm64/upsampling_sse2.o /Users/aadityasingh/Library/Developer/Xcode/DerivedData/Chatlio-erkyzdeecsohoaggpwbjdvavzqfv/SourcePackages/checkouts/posthog-ios/vendor/libwebp/upsampling_sse2.c normal arm64 c com.apple.compilers.llvm.clang.1_0.compiler (in target 'phlibwebp' from project 'PostHog')
    cd /Users/aadityasingh/Documents/Development/element-x-ios/Chatlio.xcodeproj
    
    Using response file: /Users/aadityasingh/Library/Developer/Xcode/DerivedData/Chatlio-erkyzdeecsohoaggpwbjdvavzqfv/Build/Intermediates.noindex/PostHog.build/Debug-iphonesimulator/phlibwebp.build/Objects-normal/arm64/7187679823f38a2a940e0043cdf9d637-common-args.resp
    
    /Applications/Xcode.app/Contents/Developer/Toolchains/XcodeDefault.xctoolchain/usr/bin/clang -x c -ivfsstatcache /Users/aadityasingh/Library/Developer/Xcode/DerivedData/SDKStatCaches.noindex/iphonesimulator26.4-23E252-686eebb5dc1d8ecb277353a59184f4aa.sdkstatcache -target arm64-apple-ios13.0-simulator -fmessage-length\=0 -fdiagnostics-show-note-include-stack -fmacro-backtrace-limit\=0 -fno-color-diagnostics -fmodules-prune-interval\=86400 -fmodules-prune-after\=345600 -fbuild-session-file\=/Users/aadityasingh/Library/Developer/Xcode/DerivedData/ModuleCache.noindex/Session.modulevalidation -fmodules-validate-once-per-build-session -Wnon-modular-include-in-framework-module -Werror\=non-modular-include-in-framework-module -Wno-trigraphs -Wno-missing-field-initializers -Wno-missing-prototypes -Wno-return-type -Wno-missing-braces -Wparentheses -Wswitch -Wno-unused-function -Wno-unused-label -Wno-unused-parameter -Wno-unused-variable -Wunused-value -Wno-empty-body -Wno-uninitialized -Wno-unknown-pragmas -w -Wno-shadow -Wno-four-char-constants -Wno-conversion -Wno-constant-conversion -Wno-int-conversion -Wno-bool-conversion -Wno-enum-conversion -Wno-float-conversion -Wno-non-literal-null-conversion -Wno-objc-literal-conversion -Wshorten-64-to-32 -Wpointer-sign -Wno-newline-eof -Wno-implicit-fallthrough -isysroot /Applications/Xcode.app/Contents/Developer/Platforms/iPhoneSimulator.platform/Developer/SDKs/iPhoneSimulator26.4.sdk -fstrict-aliasing -Wdeprecated-declarations -Wno-sign-conversion -Wno-infinite-recursion -Wno-comma -Wno-block-capture-autoreleasing -Wno-strict-prototypes -Wno-semicolon-before-method-body -index-store-path /Users/aadityasingh/Library/Developer/Xcode/DerivedData/Chatlio-erkyzdeecsohoaggpwbjdvavzqfv/Index.noindex/DataStore @/Users/aadityasingh/Library/Developer/Xcode/DerivedData/Chatlio-erkyzdeecsohoaggpwbjdvavzqfv/Build/Intermediates.noindex/PostHog.build/Debug-iphonesimulator/phlibwebp.build/Objects-normal/arm64/7187679823f38a2a940e0043cdf9d637-common-args.resp -MMD -MT dependencies -MF /Users/aadityasingh/Library/Developer/Xcode/DerivedData/Chatlio-erkyzdeecsohoaggpwbjdvavzqfv/Build/Intermediates.noindex/PostHog.build/Debug-iphonesimulator/phlibwebp.build/Objects-normal/arm64/upsampling_sse2.d --serialize-diagnostics /Users/aadityasingh/Library/Developer/Xcode/DerivedData/Chatlio-erkyzdeecsohoaggpwbjdvavzqfv/Build/Intermediates.noindex/PostHog.build/Debug-iphonesimulator/phlibwebp.build/Objects-normal/arm64/upsampling_sse2.dia -c /Users/aadityasingh/Library/Developer/Xcode/DerivedData/Chatlio-erkyzdeecsohoaggpwbjdvavzqfv/SourcePackages/checkouts/posthog-ios/vendor/libwebp/upsampling_sse2.c -o /Users/aadityasingh/Library/Developer/Xcode/DerivedData/Chatlio-erkyzdeecsohoaggpwbjdvavzqfv/Build/Intermediates.noindex/PostHog.build/Debug-iphonesimulator/phlibwebp.build/Objects-normal/arm64/upsampling_sse2.o -index-unit-output-path /PostHog.build/Debug-iphonesimulator/phlibwebp.build/Objects-normal/arm64/upsampling_sse2.o

CompileC /Users/aadityasingh/Library/Developer/Xcode/DerivedData/Chatlio-erkyzdeecsohoaggpwbjdvavzqfv/Build/Intermediates.noindex/PostHog.build/Debug-iphonesimulator/phlibwebp.build/Objects-normal/arm64/upsampling_neon.o /Users/aadityasingh/Library/Developer/Xcode/DerivedData/Chatlio-erkyzdeecsohoaggpwbjdvavzqfv/SourcePackages/checkouts/posthog-ios/vendor/libwebp/upsampling_neon.c normal arm64 c com.apple.compilers.llvm.clang.1_0.compiler (in target 'phlibwebp' from project 'PostHog')
    cd /Users/aadityasingh/Documents/Development/element-x-ios/Chatlio.xcodeproj
    
    Using response file: /Users/aadityasingh/Library/Developer/Xcode/DerivedData/Chatlio-erkyzdeecsohoaggpwbjdvavzqfv/Build/Intermediates.noindex/PostHog.build/Debug-iphonesimulator/phlibwebp.build/Objects-normal/arm64/7187679823f38a2a940e0043cdf9d637-common-args.resp
    
    /Applications/Xcode.app/Contents/Developer/Toolchains/XcodeDefault.xctoolchain/usr/bin/clang -x c -ivfsstatcache /Users/aadityasingh/Library/Developer/Xcode/DerivedData/SDKStatCaches.noindex/iphonesimulator26.4-23E252-686eebb5dc1d8ecb277353a59184f4aa.sdkstatcache -target arm64-apple-ios13.0-simulator -fmessage-length\=0 -fdiagnostics-show-note-include-stack -fmacro-backtrace-limit\=0 -fno-color-diagnostics -fmodules-prune-interval\=86400 -fmodules-prune-after\=345600 -fbuild-session-file\=/Users/aadityasingh/Library/Developer/Xcode/DerivedData/ModuleCache.noindex/Session.modulevalidation -fmodules-validate-once-per-build-session -Wnon-modular-include-in-framework-module -Werror\=non-modular-include-in-framework-module -Wno-trigraphs -Wno-missing-field-initializers -Wno-missing-prototypes -Wno-return-type -Wno-missing-braces -Wparentheses -Wswitch -Wno-unused-function -Wno-unused-label -Wno-unused-parameter -Wno-unused-variable -Wunused-value -Wno-empty-body -Wno-uninitialized -Wno-unknown-pragmas -w -Wno-shadow -Wno-four-char-constants -Wno-conversion -Wno-constant-conversion -Wno-int-conversion -Wno-bool-conversion -Wno-enum-conversion -Wno-float-conversion -Wno-non-literal-null-conversion -Wno-objc-literal-conversion -Wshorten-64-to-32 -Wpointer-sign -Wno-newline-eof -Wno-implicit-fallthrough -isysroot /Applications/Xcode.app/Contents/Developer/Platforms/iPhoneSimulator.platform/Developer/SDKs/iPhoneSimulator26.4.sdk -fstrict-aliasing -Wdeprecated-declarations -Wno-sign-conversion -Wno-infinite-recursion -Wno-comma -Wno-block-capture-autoreleasing -Wno-strict-prototypes -Wno-semicolon-before-method-body -index-store-path /Users/aadityasingh/Library/Developer/Xcode/DerivedData/Chatlio-erkyzdeecsohoaggpwbjdvavzqfv/Index.noindex/DataStore @/Users/aadityasingh/Library/Developer/Xcode/DerivedData/Chatlio-erkyzdeecsohoaggpwbjdvavzqfv/Build/Intermediates.noindex/PostHog.build/Debug-iphonesimulator/phlibwebp.build/Objects-normal/arm64/7187679823f38a2a940e0043cdf9d637-common-args.resp -MMD -MT dependencies -MF /Users/aadityasingh/Library/Developer/Xcode/DerivedData/Chatlio-erkyzdeecsohoaggpwbjdvavzqfv/Build/Intermediates.noindex/PostHog.build/Debug-iphonesimulator/phlibwebp.build/Objects-normal/arm64/upsampling_neon.d --serialize-diagnostics /Users/aadityasingh/Library/Developer/Xcode/DerivedData/Chatlio-erkyzdeecsohoaggpwbjdvavzqfv/Build/Intermediates.noindex/PostHog.build/Debug-iphonesimulator/phlibwebp.build/Objects-normal/arm64/upsampling_neon.dia -c /Users/aadityasingh/Library/Developer/Xcode/DerivedData/Chatlio-erkyzdeecsohoaggpwbjdvavzqfv/SourcePackages/checkouts/posthog-ios/vendor/libwebp/upsampling_neon.c -o /Users/aadityasingh/Library/Developer/Xcode/DerivedData/Chatlio-erkyzdeecsohoaggpwbjdvavzqfv/Build/Intermediates.noindex/PostHog.build/Debug-iphonesimulator/phlibwebp.build/Objects-normal/arm64/upsampling_neon.o -index-unit-output-path /PostHog.build/Debug-iphonesimulator/phlibwebp.build/Objects-normal/arm64/upsampling_neon.o

CompileC /Users/aadityasingh/Library/Developer/Xcode/DerivedData/Chatlio-erkyzdeecsohoaggpwbjdvavzqfv/Build/Intermediates.noindex/PostHog.build/Debug-iphonesimulator/phlibwebp.build/Objects-normal/arm64/upsampling.o /Users/aadityasingh/Library/Developer/Xcode/DerivedData/Chatlio-erkyzdeecsohoaggpwbjdvavzqfv/SourcePackages/checkouts/posthog-ios/vendor/libwebp/upsampling.c normal arm64 c com.apple.compilers.llvm.clang.1_0.compiler (in target 'phlibwebp' from project 'PostHog')
    cd /Users/aadityasingh/Documents/Development/element-x-ios/Chatlio.xcodeproj
    
    Using response file: /Users/aadityasingh/Library/Developer/Xcode/DerivedData/Chatlio-erkyzdeecsohoaggpwbjdvavzqfv/Build/Intermediates.noindex/PostHog.build/Debug-iphonesimulator/phlibwebp.build/Objects-normal/arm64/7187679823f38a2a940e0043cdf9d637-common-args.resp
    
    /Applications/Xcode.app/Contents/Developer/Toolchains/XcodeDefault.xctoolchain/usr/bin/clang -x c -ivfsstatcache /Users/aadityasingh/Library/Developer/Xcode/DerivedData/SDKStatCaches.noindex/iphonesimulator26.4-23E252-686eebb5dc1d8ecb277353a59184f4aa.sdkstatcache -target arm64-apple-ios13.0-simulator -fmessage-length\=0 -fdiagnostics-show-note-include-stack -fmacro-backtrace-limit\=0 -fno-color-diagnostics -fmodules-prune-interval\=86400 -fmodules-prune-after\=345600 -fbuild-session-file\=/Users/aadityasingh/Library/Developer/Xcode/DerivedData/ModuleCache.noindex/Session.modulevalidation -fmodules-validate-once-per-build-session -Wnon-modular-include-in-framework-module -Werror\=non-modular-include-in-framework-module -Wno-trigraphs -Wno-missing-field-initializers -Wno-missing-prototypes -Wno-return-type -Wno-missing-braces -Wparentheses -Wswitch -Wno-unused-function -Wno-unused-label -Wno-unused-parameter -Wno-unused-variable -Wunused-value -Wno-empty-body -Wno-uninitialized -Wno-unknown-pragmas -w -Wno-shadow -Wno-four-char-constants -Wno-conversion -Wno-constant-conversion -Wno-int-conversion -Wno-bool-conversion -Wno-enum-conversion -Wno-float-conversion -Wno-non-literal-null-conversion -Wno-objc-literal-conversion -Wshorten-64-to-32 -Wpointer-sign -Wno-newline-eof -Wno-implicit-fallthrough -isysroot /Applications/Xcode.app/Contents/Developer/Platforms/iPhoneSimulator.platform/Developer/SDKs/iPhoneSimulator26.4.sdk -fstrict-aliasing -Wdeprecated-declarations -Wno-sign-conversion -Wno-infinite-recursion -Wno-comma -Wno-block-capture-autoreleasing -Wno-strict-prototypes -Wno-semicolon-before-method-body -index-store-path /Users/aadityasingh/Library/Developer/Xcode/DerivedData/Chatlio-erkyzdeecsohoaggpwbjdvavzqfv/Index.noindex/DataStore @/Users/aadityasingh/Library/Developer/Xcode/DerivedData/Chatlio-erkyzdeecsohoaggpwbjdvavzqfv/Build/Intermediates.noindex/PostHog.build/Debug-iphonesimulator/phlibwebp.build/Objects-normal/arm64/7187679823f38a2a940e0043cdf9d637-common-args.resp -MMD -MT dependencies -MF /Users/aadityasingh/Library/Developer/Xcode/DerivedData/Chatlio-erkyzdeecsohoaggpwbjdvavzqfv/Build/Intermediates.noindex/PostHog.build/Debug-iphonesimulator/phlibwebp.build/Objects-normal/arm64/upsampling.d --serialize-diagnostics /Users/aadityasingh/Library/Developer/Xcode/DerivedData/Chatlio-erkyzdeecsohoaggpwbjdvavzqfv/Build/Intermediates.noindex/PostHog.build/Debug-iphonesimulator/phlibwebp.build/Objects-normal/arm64/upsampling.dia -c /Users/aadityasingh/Library/Developer/Xcode/DerivedData/Chatlio-erkyzdeecsohoaggpwbjdvavzqfv/SourcePackages/checkouts/posthog-ios/vendor/libwebp/upsampling.c -o /Users/aadityasingh/Library/Developer/Xcode/DerivedData/Chatlio-erkyzdeecsohoaggpwbjdvavzqfv/Build/Intermediates.noindex/PostHog.build/Debug-iphonesimulator/phlibwebp.build/Objects-normal/arm64/upsampling.o -index-unit-output-path /PostHog.build/Debug-iphonesimulator/phlibwebp.build/Objects-normal/arm64/upsampling.o

CompileC /Users/aadityasingh/Library/Developer/Xcode/DerivedData/Chatlio-erkyzdeecsohoaggpwbjdvavzqfv/Build/Intermediates.noindex/PostHog.build/Debug-iphonesimulator/phlibwebp.build/Objects-normal/arm64/tree_enc.o /Users/aadityasingh/Library/Developer/Xcode/DerivedData/Chatlio-erkyzdeecsohoaggpwbjdvavzqfv/SourcePackages/checkouts/posthog-ios/vendor/libwebp/tree_enc.c normal arm64 c com.apple.compilers.llvm.clang.1_0.compiler (in target 'phlibwebp' from project 'PostHog')
    cd /Users/aadityasingh/Documents/Development/element-x-ios/Chatlio.xcodeproj
    
    Using response file: /Users/aadityasingh/Library/Developer/Xcode/DerivedData/Chatlio-erkyzdeecsohoaggpwbjdvavzqfv/Build/Intermediates.noindex/PostHog.build/Debug-iphonesimulator/phlibwebp.build/Objects-normal/arm64/7187679823f38a2a940e0043cdf9d637-common-args.resp
    
    /Applications/Xcode.app/Contents/Developer/Toolchains/XcodeDefault.xctoolchain/usr/bin/clang -x c -ivfsstatcache /Users/aadityasingh/Library/Developer/Xcode/DerivedData/SDKStatCaches.noindex/iphonesimulator26.4-23E252-686eebb5dc1d8ecb277353a59184f4aa.sdkstatcache -target arm64-apple-ios13.0-simulator -fmessage-length\=0 -fdiagnostics-show-note-include-stack -fmacro-backtrace-limit\=0 -fno-color-diagnostics -fmodules-prune-interval\=86400 -fmodules-prune-after\=345600 -fbuild-session-file\=/Users/aadityasingh/Library/Developer/Xcode/DerivedData/ModuleCache.noindex/Session.modulevalidation -fmodules-validate-once-per-build-session -Wnon-modular-include-in-framework-module -Werror\=non-modular-include-in-framework-module -Wno-trigraphs -Wno-missing-field-initializers -Wno-missing-prototypes -Wno-return-type -Wno-missing-braces -Wparentheses -Wswitch -Wno-unused-function -Wno-unused-label -Wno-unused-parameter -Wno-unused-variable -Wunused-value -Wno-empty-body -Wno-uninitialized -Wno-unknown-pragmas -w -Wno-shadow -Wno-four-char-constants -Wno-conversion -Wno-constant-conversion -Wno-int-conversion -Wno-bool-conversion -Wno-enum-conversion -Wno-float-conversion -Wno-non-literal-null-conversion -Wno-objc-literal-conversion -Wshorten-64-to-32 -Wpointer-sign -Wno-newline-eof -Wno-implicit-fallthrough -isysroot /Applications/Xcode.app/Contents/Developer/Platforms/iPhoneSimulator.platform/Developer/SDKs/iPhoneSimulator26.4.sdk -fstrict-aliasing -Wdeprecated-declarations -Wno-sign-conversion -Wno-infinite-recursion -Wno-comma -Wno-block-capture-autoreleasing -Wno-strict-prototypes -Wno-semicolon-before-method-body -index-store-path /Users/aadityasingh/Library/Developer/Xcode/DerivedData/Chatlio-erkyzdeecsohoaggpwbjdvavzqfv/Index.noindex/DataStore @/Users/aadityasingh/Library/Developer/Xcode/DerivedData/Chatlio-erkyzdeecsohoaggpwbjdvavzqfv/Build/Intermediates.noindex/PostHog.build/Debug-iphonesimulator/phlibwebp.build/Objects-normal/arm64/7187679823f38a2a940e0043cdf9d637-common-args.resp -MMD -MT dependencies -MF /Users/aadityasingh/Library/Developer/Xcode/DerivedData/Chatlio-erkyzdeecsohoaggpwbjdvavzqfv/Build/Intermediates.noindex/PostHog.build/Debug-iphonesimulator/phlibwebp.build/Objects-normal/arm64/tree_enc.d --serialize-diagnostics /Users/aadityasingh/Library/Developer/Xcode/DerivedData/Chatlio-erkyzdeecsohoaggpwbjdvavzqfv/Build/Intermediates.noindex/PostHog.build/Debug-iphonesimulator/phlibwebp.build/Objects-normal/arm64/tree_enc.dia -c /Users/aadityasingh/Library/Developer/Xcode/DerivedData/Chatlio-erkyzdeecsohoaggpwbjdvavzqfv/SourcePackages/checkouts/posthog-ios/vendor/libwebp/tree_enc.c -o /Users/aadityasingh/Library/Developer/Xcode/DerivedData/Chatlio-erkyzdeecsohoaggpwbjdvavzqfv/Build/Intermediates.noindex/PostHog.build/Debug-iphonesimulator/phlibwebp.build/Objects-normal/arm64/tree_enc.o -index-unit-output-path /PostHog.build/Debug-iphonesimulator/phlibwebp.build/Objects-normal/arm64/tree_enc.o

CompileC /Users/aadityasingh/Library/Developer/Xcode/DerivedData/Chatlio-erkyzdeecsohoaggpwbjdvavzqfv/Build/Intermediates.noindex/PostHog.build/Debug-iphonesimulator/phlibwebp.build/Objects-normal/arm64/token_enc.o /Users/aadityasingh/Library/Developer/Xcode/DerivedData/Chatlio-erkyzdeecsohoaggpwbjdvavzqfv/SourcePackages/checkouts/posthog-ios/vendor/libwebp/token_enc.c normal arm64 c com.apple.compilers.llvm.clang.1_0.compiler (in target 'phlibwebp' from project 'PostHog')
    cd /Users/aadityasingh/Documents/Development/element-x-ios/Chatlio.xcodeproj
    
    Using response file: /Users/aadityasingh/Library/Developer/Xcode/DerivedData/Chatlio-erkyzdeecsohoaggpwbjdvavzqfv/Build/Intermediates.noindex/PostHog.build/Debug-iphonesimulator/phlibwebp.build/Objects-normal/arm64/7187679823f38a2a940e0043cdf9d637-common-args.resp
    
    /Applications/Xcode.app/Contents/Developer/Toolchains/XcodeDefault.xctoolchain/usr/bin/clang -x c -ivfsstatcache /Users/aadityasingh/Library/Developer/Xcode/DerivedData/SDKStatCaches.noindex/iphonesimulator26.4-23E252-686eebb5dc1d8ecb277353a59184f4aa.sdkstatcache -target arm64-apple-ios13.0-simulator -fmessage-length\=0 -fdiagnostics-show-note-include-stack -fmacro-backtrace-limit\=0 -fno-color-diagnostics -fmodules-prune-interval\=86400 -fmodules-prune-after\=345600 -fbuild-session-file\=/Users/aadityasingh/Library/Developer/Xcode/DerivedData/ModuleCache.noindex/Session.modulevalidation -fmodules-validate-once-per-build-session -Wnon-modular-include-in-framework-module -Werror\=non-modular-include-in-framework-module -Wno-trigraphs -Wno-missing-field-initializers -Wno-missing-prototypes -Wno-return-type -Wno-missing-braces -Wparentheses -Wswitch -Wno-unused-function -Wno-unused-label -Wno-unused-parameter -Wno-unused-variable -Wunused-value -Wno-empty-body -Wno-uninitialized -Wno-unknown-pragmas -w -Wno-shadow -Wno-four-char-constants -Wno-conversion -Wno-constant-conversion -Wno-int-conversion -Wno-bool-conversion -Wno-enum-conversion -Wno-float-conversion -Wno-non-literal-null-conversion -Wno-objc-literal-conversion -Wshorten-64-to-32 -Wpointer-sign -Wno-newline-eof -Wno-implicit-fallthrough -isysroot /Applications/Xcode.app/Contents/Developer/Platforms/iPhoneSimulator.platform/Developer/SDKs/iPhoneSimulator26.4.sdk -fstrict-aliasing -Wdeprecated-declarations -Wno-sign-conversion -Wno-infinite-recursion -Wno-comma -Wno-block-capture-autoreleasing -Wno-strict-prototypes -Wno-semicolon-before-method-body -index-store-path /Users/aadityasingh/Library/Developer/Xcode/DerivedData/Chatlio-erkyzdeecsohoaggpwbjdvavzqfv/Index.noindex/DataStore @/Users/aadityasingh/Library/Developer/Xcode/DerivedData/Chatlio-erkyzdeecsohoaggpwbjdvavzqfv/Build/Intermediates.noindex/PostHog.build/Debug-iphonesimulator/phlibwebp.build/Objects-normal/arm64/7187679823f38a2a940e0043cdf9d637-common-args.resp -MMD -MT dependencies -MF /Users/aadityasingh/Library/Developer/Xcode/DerivedData/Chatlio-erkyzdeecsohoaggpwbjdvavzqfv/Build/Intermediates.noindex/PostHog.build/Debug-iphonesimulator/phlibwebp.build/Objects-normal/arm64/token_enc.d --serialize-diagnostics /Users/aadityasingh/Library/Developer/Xcode/DerivedData/Chatlio-erkyzdeecsohoaggpwbjdvavzqfv/Build/Intermediates.noindex/PostHog.build/Debug-iphonesimulator/phlibwebp.build/Objects-normal/arm64/token_enc.dia -c /Users/aadityasingh/Library/Developer/Xcode/DerivedData/Chatlio-erkyzdeecsohoaggpwbjdvavzqfv/SourcePackages/checkouts/posthog-ios/vendor/libwebp/token_enc.c -o /Users/aadityasingh/Library/Developer/Xcode/DerivedData/Chatlio-erkyzdeecsohoaggpwbjdvavzqfv/Build/Intermediates.noindex/PostHog.build/Debug-iphonesimulator/phlibwebp.build/Objects-normal/arm64/token_enc.o -index-unit-output-path /PostHog.build/Debug-iphonesimulator/phlibwebp.build/Objects-normal/arm64/token_enc.o

CompileC /Users/aadityasingh/Library/Developer/Xcode/DerivedData/Chatlio-erkyzdeecsohoaggpwbjdvavzqfv/Build/Intermediates.noindex/PostHog.build/Debug-iphonesimulator/phlibwebp.build/Objects-normal/arm64/thread_utils.o /Users/aadityasingh/Library/Developer/Xcode/DerivedData/Chatlio-erkyzdeecsohoaggpwbjdvavzqfv/SourcePackages/checkouts/posthog-ios/vendor/libwebp/thread_utils.c normal arm64 c com.apple.compilers.llvm.clang.1_0.compiler (in target 'phlibwebp' from project 'PostHog')
    cd /Users/aadityasingh/Documents/Development/element-x-ios/Chatlio.xcodeproj
    
    Using response file: /Users/aadityasingh/Library/Developer/Xcode/DerivedData/Chatlio-erkyzdeecsohoaggpwbjdvavzqfv/Build/Intermediates.noindex/PostHog.build/Debug-iphonesimulator/phlibwebp.build/Objects-normal/arm64/7187679823f38a2a940e0043cdf9d637-common-args.resp
    
    /Applications/Xcode.app/Contents/Developer/Toolchains/XcodeDefault.xctoolchain/usr/bin/clang -x c -ivfsstatcache /Users/aadityasingh/Library/Developer/Xcode/DerivedData/SDKStatCaches.noindex/iphonesimulator26.4-23E252-686eebb5dc1d8ecb277353a59184f4aa.sdkstatcache -target arm64-apple-ios13.0-simulator -fmessage-length\=0 -fdiagnostics-show-note-include-stack -fmacro-backtrace-limit\=0 -fno-color-diagnostics -fmodules-prune-interval\=86400 -fmodules-prune-after\=345600 -fbuild-session-file\=/Users/aadityasingh/Library/Developer/Xcode/DerivedData/ModuleCache.noindex/Session.modulevalidation -fmodules-validate-once-per-build-session -Wnon-modular-include-in-framework-module -Werror\=non-modular-include-in-framework-module -Wno-trigraphs -Wno-missing-field-initializers -Wno-missing-prototypes -Wno-return-type -Wno-missing-braces -Wparentheses -Wswitch -Wno-unused-function -Wno-unused-label -Wno-unused-parameter -Wno-unused-variable -Wunused-value -Wno-empty-body -Wno-uninitialized -Wno-unknown-pragmas -w -Wno-shadow -Wno-four-char-constants -Wno-conversion -Wno-constant-conversion -Wno-int-conversion -Wno-bool-conversion -Wno-enum-conversion -Wno-float-conversion -Wno-non-literal-null-conversion -Wno-objc-literal-conversion -Wshorten-64-to-32 -Wpointer-sign -Wno-newline-eof -Wno-implicit-fallthrough -isysroot /Applications/Xcode.app/Contents/Developer/Platforms/iPhoneSimulator.platform/Developer/SDKs/iPhoneSimulator26.4.sdk -fstrict-aliasing -Wdeprecated-declarations -Wno-sign-conversion -Wno-infinite-recursion -Wno-comma -Wno-block-capture-autoreleasing -Wno-strict-prototypes -Wno-semicolon-before-method-body -index-store-path /Users/aadityasingh/Library/Developer/Xcode/DerivedData/Chatlio-erkyzdeecsohoaggpwbjdvavzqfv/Index.noindex/DataStore @/Users/aadityasingh/Library/Developer/Xcode/DerivedData/Chatlio-erkyzdeecsohoaggpwbjdvavzqfv/Build/Intermediates.noindex/PostHog.build/Debug-iphonesimulator/phlibwebp.build/Objects-normal/arm64/7187679823f38a2a940e0043cdf9d637-common-args.resp -MMD -MT dependencies -MF /Users/aadityasingh/Library/Developer/Xcode/DerivedData/Chatlio-erkyzdeecsohoaggpwbjdvavzqfv/Build/Intermediates.noindex/PostHog.build/Debug-iphonesimulator/phlibwebp.build/Objects-normal/arm64/thread_utils.d --serialize-diagnostics /Users/aadityasingh/Library/Developer/Xcode/DerivedData/Chatlio-erkyzdeecsohoaggpwbjdvavzqfv/Build/Intermediates.noindex/PostHog.build/Debug-iphonesimulator/phlibwebp.build/Objects-normal/arm64/thread_utils.dia -c /Users/aadityasingh/Library/Developer/Xcode/DerivedData/Chatlio-erkyzdeecsohoaggpwbjdvavzqfv/SourcePackages/checkouts/posthog-ios/vendor/libwebp/thread_utils.c -o /Users/aadityasingh/Library/Developer/Xcode/DerivedData/Chatlio-erkyzdeecsohoaggpwbjdvavzqfv/Build/Intermediates.noindex/PostHog.build/Debug-iphonesimulator/phlibwebp.build/Objects-normal/arm64/thread_utils.o -index-unit-output-path /PostHog.build/Debug-iphonesimulator/phlibwebp.build/Objects-normal/arm64/thread_utils.o

CompileC /Users/aadityasingh/Library/Developer/Xcode/DerivedData/Chatlio-erkyzdeecsohoaggpwbjdvavzqfv/Build/Intermediates.noindex/PostHog.build/Debug-iphonesimulator/phlibwebp.build/Objects-normal/arm64/syntax_enc.o /Users/aadityasingh/Library/Developer/Xcode/DerivedData/Chatlio-erkyzdeecsohoaggpwbjdvavzqfv/SourcePackages/checkouts/posthog-ios/vendor/libwebp/syntax_enc.c normal arm64 c com.apple.compilers.llvm.clang.1_0.compiler (in target 'phlibwebp' from project 'PostHog')
    cd /Users/aadityasingh/Documents/Development/element-x-ios/Chatlio.xcodeproj
    
    Using response file: /Users/aadityasingh/Library/Developer/Xcode/DerivedData/Chatlio-erkyzdeecsohoaggpwbjdvavzqfv/Build/Intermediates.noindex/PostHog.build/Debug-iphonesimulator/phlibwebp.build/Objects-normal/arm64/7187679823f38a2a940e0043cdf9d637-common-args.resp
    
    /Applications/Xcode.app/Contents/Developer/Toolchains/XcodeDefault.xctoolchain/usr/bin/clang -x c -ivfsstatcache /Users/aadityasingh/Library/Developer/Xcode/DerivedData/SDKStatCaches.noindex/iphonesimulator26.4-23E252-686eebb5dc1d8ecb277353a59184f4aa.sdkstatcache -target arm64-apple-ios13.0-simulator -fmessage-length\=0 -fdiagnostics-show-note-include-stack -fmacro-backtrace-limit\=0 -fno-color-diagnostics -fmodules-prune-interval\=86400 -fmodules-prune-after\=345600 -fbuild-session-file\=/Users/aadityasingh/Library/Developer/Xcode/DerivedData/ModuleCache.noindex/Session.modulevalidation -fmodules-validate-once-per-build-session -Wnon-modular-include-in-framework-module -Werror\=non-modular-include-in-framework-module -Wno-trigraphs -Wno-missing-field-initializers -Wno-missing-prototypes -Wno-return-type -Wno-missing-braces -Wparentheses -Wswitch -Wno-unused-function -Wno-unused-label -Wno-unused-parameter -Wno-unused-variable -Wunused-value -Wno-empty-body -Wno-uninitialized -Wno-unknown-pragmas -w -Wno-shadow -Wno-four-char-constants -Wno-conversion -Wno-constant-conversion -Wno-int-conversion -Wno-bool-conversion -Wno-enum-conversion -Wno-float-conversion -Wno-non-literal-null-conversion -Wno-objc-literal-conversion -Wshorten-64-to-32 -Wpointer-sign -Wno-newline-eof -Wno-implicit-fallthrough -isysroot /Applications/Xcode.app/Contents/Developer/Platforms/iPhoneSimulator.platform/Developer/SDKs/iPhoneSimulator26.4.sdk -fstrict-aliasing -Wdeprecated-declarations -Wno-sign-conversion -Wno-infinite-recursion -Wno-comma -Wno-block-capture-autoreleasing -Wno-strict-prototypes -Wno-semicolon-before-method-body -index-store-path /Users/aadityasingh/Library/Developer/Xcode/DerivedData/Chatlio-erkyzdeecsohoaggpwbjdvavzqfv/Index.noindex/DataStore @/Users/aadityasingh/Library/Developer/Xcode/DerivedData/Chatlio-erkyzdeecsohoaggpwbjdvavzqfv/Build/Intermediates.noindex/PostHog.build/Debug-iphonesimulator/phlibwebp.build/Objects-normal/arm64/7187679823f38a2a940e0043cdf9d637-common-args.resp -MMD -MT dependencies -MF /Users/aadityasingh/Library/Developer/Xcode/DerivedData/Chatlio-erkyzdeecsohoaggpwbjdvavzqfv/Build/Intermediates.noindex/PostHog.build/Debug-iphonesimulator/phlibwebp.build/Objects-normal/arm64/syntax_enc.d --serialize-diagnostics /Users/aadityasingh/Library/Developer/Xcode/DerivedData/Chatlio-erkyzdeecsohoaggpwbjdvavzqfv/Build/Intermediates.noindex/PostHog.build/Debug-iphonesimulator/phlibwebp.build/Objects-normal/arm64/syntax_enc.dia -c /Users/aadityasingh/Library/Developer/Xcode/DerivedData/Chatlio-erkyzdeecsohoaggpwbjdvavzqfv/SourcePackages/checkouts/posthog-ios/vendor/libwebp/syntax_enc.c -o /Users/aadityasingh/Library/Developer/Xcode/DerivedData/Chatlio-erkyzdeecsohoaggpwbjdvavzqfv/Build/Intermediates.noindex/PostHog.build/Debug-iphonesimulator/phlibwebp.build/Objects-normal/arm64/syntax_enc.o -index-unit-output-path /PostHog.build/Debug-iphonesimulator/phlibwebp.build/Objects-normal/arm64/syntax_enc.o

CompileC /Users/aadityasingh/Library/Developer/Xcode/DerivedData/Chatlio-erkyzdeecsohoaggpwbjdvavzqfv/Build/Intermediates.noindex/PostHog.build/Debug-iphonesimulator/phlibwebp.build/Objects-normal/arm64/ssim_sse2.o /Users/aadityasingh/Library/Developer/Xcode/DerivedData/Chatlio-erkyzdeecsohoaggpwbjdvavzqfv/SourcePackages/checkouts/posthog-ios/vendor/libwebp/ssim_sse2.c normal arm64 c com.apple.compilers.llvm.clang.1_0.compiler (in target 'phlibwebp' from project 'PostHog')
    cd /Users/aadityasingh/Documents/Development/element-x-ios/Chatlio.xcodeproj
    
    Using response file: /Users/aadityasingh/Library/Developer/Xcode/DerivedData/Chatlio-erkyzdeecsohoaggpwbjdvavzqfv/Build/Intermediates.noindex/PostHog.build/Debug-iphonesimulator/phlibwebp.build/Objects-normal/arm64/7187679823f38a2a940e0043cdf9d637-common-args.resp
    
    /Applications/Xcode.app/Contents/Developer/Toolchains/XcodeDefault.xctoolchain/usr/bin/clang -x c -ivfsstatcache /Users/aadityasingh/Library/Developer/Xcode/DerivedData/SDKStatCaches.noindex/iphonesimulator26.4-23E252-686eebb5dc1d8ecb277353a59184f4aa.sdkstatcache -target arm64-apple-ios13.0-simulator -fmessage-length\=0 -fdiagnostics-show-note-include-stack -fmacro-backtrace-limit\=0 -fno-color-diagnostics -fmodules-prune-interval\=86400 -fmodules-prune-after\=345600 -fbuild-session-file\=/Users/aadityasingh/Library/Developer/Xcode/DerivedData/ModuleCache.noindex/Session.modulevalidation -fmodules-validate-once-per-build-session -Wnon-modular-include-in-framework-module -Werror\=non-modular-include-in-framework-module -Wno-trigraphs -Wno-missing-field-initializers -Wno-missing-prototypes -Wno-return-type -Wno-missing-braces -Wparentheses -Wswitch -Wno-unused-function -Wno-unused-label -Wno-unused-parameter -Wno-unused-variable -Wunused-value -Wno-empty-body -Wno-uninitialized -Wno-unknown-pragmas -w -Wno-shadow -Wno-four-char-constants -Wno-conversion -Wno-constant-conversion -Wno-int-conversion -Wno-bool-conversion -Wno-enum-conversion -Wno-float-conversion -Wno-non-literal-null-conversion -Wno-objc-literal-conversion -Wshorten-64-to-32 -Wpointer-sign -Wno-newline-eof -Wno-implicit-fallthrough -isysroot /Applications/Xcode.app/Contents/Developer/Platforms/iPhoneSimulator.platform/Developer/SDKs/iPhoneSimulator26.4.sdk -fstrict-aliasing -Wdeprecated-declarations -Wno-sign-conversion -Wno-infinite-recursion -Wno-comma -Wno-block-capture-autoreleasing -Wno-strict-prototypes -Wno-semicolon-before-method-body -index-store-path /Users/aadityasingh/Library/Developer/Xcode/DerivedData/Chatlio-erkyzdeecsohoaggpwbjdvavzqfv/Index.noindex/DataStore @/Users/aadityasingh/Library/Developer/Xcode/DerivedData/Chatlio-erkyzdeecsohoaggpwbjdvavzqfv/Build/Intermediates.noindex/PostHog.build/Debug-iphonesimulator/phlibwebp.build/Objects-normal/arm64/7187679823f38a2a940e0043cdf9d637-common-args.resp -MMD -MT dependencies -MF /Users/aadityasingh/Library/Developer/Xcode/DerivedData/Chatlio-erkyzdeecsohoaggpwbjdvavzqfv/Build/Intermediates.noindex/PostHog.build/Debug-iphonesimulator/phlibwebp.build/Objects-normal/arm64/ssim_sse2.d --serialize-diagnostics /Users/aadityasingh/Library/Developer/Xcode/DerivedData/Chatlio-erkyzdeecsohoaggpwbjdvavzqfv/Build/Intermediates.noindex/PostHog.build/Debug-iphonesimulator/phlibwebp.build/Objects-normal/arm64/ssim_sse2.dia -c /Users/aadityasingh/Library/Developer/Xcode/DerivedData/Chatlio-erkyzdeecsohoaggpwbjdvavzqfv/SourcePackages/checkouts/posthog-ios/vendor/libwebp/ssim_sse2.c -o /Users/aadityasingh/Library/Developer/Xcode/DerivedData/Chatlio-erkyzdeecsohoaggpwbjdvavzqfv/Build/Intermediates.noindex/PostHog.build/Debug-iphonesimulator/phlibwebp.build/Objects-normal/arm64/ssim_sse2.o -index-unit-output-path /PostHog.build/Debug-iphonesimulator/phlibwebp.build/Objects-normal/arm64/ssim_sse2.o

CompileC /Users/aadityasingh/Library/Developer/Xcode/DerivedData/Chatlio-erkyzdeecsohoaggpwbjdvavzqfv/Build/Intermediates.noindex/PostHog.build/Debug-iphonesimulator/phlibwebp.build/Objects-normal/arm64/ssim.o /Users/aadityasingh/Library/Developer/Xcode/DerivedData/Chatlio-erkyzdeecsohoaggpwbjdvavzqfv/SourcePackages/checkouts/posthog-ios/vendor/libwebp/ssim.c normal arm64 c com.apple.compilers.llvm.clang.1_0.compiler (in target 'phlibwebp' from project 'PostHog')
    cd /Users/aadityasingh/Documents/Development/element-x-ios/Chatlio.xcodeproj
    
    Using response file: /Users/aadityasingh/Library/Developer/Xcode/DerivedData/Chatlio-erkyzdeecsohoaggpwbjdvavzqfv/Build/Intermediates.noindex/PostHog.build/Debug-iphonesimulator/phlibwebp.build/Objects-normal/arm64/7187679823f38a2a940e0043cdf9d637-common-args.resp
    
    /Applications/Xcode.app/Contents/Developer/Toolchains/XcodeDefault.xctoolchain/usr/bin/clang -x c -ivfsstatcache /Users/aadityasingh/Library/Developer/Xcode/DerivedData/SDKStatCaches.noindex/iphonesimulator26.4-23E252-686eebb5dc1d8ecb277353a59184f4aa.sdkstatcache -target arm64-apple-ios13.0-simulator -fmessage-length\=0 -fdiagnostics-show-note-include-stack -fmacro-backtrace-limit\=0 -fno-color-diagnostics -fmodules-prune-interval\=86400 -fmodules-prune-after\=345600 -fbuild-session-file\=/Users/aadityasingh/Library/Developer/Xcode/DerivedData/ModuleCache.noindex/Session.modulevalidation -fmodules-validate-once-per-build-session -Wnon-modular-include-in-framework-module -Werror\=non-modular-include-in-framework-module -Wno-trigraphs -Wno-missing-field-initializers -Wno-missing-prototypes -Wno-return-type -Wno-missing-braces -Wparentheses -Wswitch -Wno-unused-function -Wno-unused-label -Wno-unused-parameter -Wno-unused-variable -Wunused-value -Wno-empty-body -Wno-uninitialized -Wno-unknown-pragmas -w -Wno-shadow -Wno-four-char-constants -Wno-conversion -Wno-constant-conversion -Wno-int-conversion -Wno-bool-conversion -Wno-enum-conversion -Wno-float-conversion -Wno-non-literal-null-conversion -Wno-objc-literal-conversion -Wshorten-64-to-32 -Wpointer-sign -Wno-newline-eof -Wno-implicit-fallthrough -isysroot /Applications/Xcode.app/Contents/Developer/Platforms/iPhoneSimulator.platform/Developer/SDKs/iPhoneSimulator26.4.sdk -fstrict-aliasing -Wdeprecated-declarations -Wno-sign-conversion -Wno-infinite-recursion -Wno-comma -Wno-block-capture-autoreleasing -Wno-strict-prototypes -Wno-semicolon-before-method-body -index-store-path /Users/aadityasingh/Library/Developer/Xcode/DerivedData/Chatlio-erkyzdeecsohoaggpwbjdvavzqfv/Index.noindex/DataStore @/Users/aadityasingh/Library/Developer/Xcode/DerivedData/Chatlio-erkyzdeecsohoaggpwbjdvavzqfv/Build/Intermediates.noindex/PostHog.build/Debug-iphonesimulator/phlibwebp.build/Objects-normal/arm64/7187679823f38a2a940e0043cdf9d637-common-args.resp -MMD -MT dependencies -MF /Users/aadityasingh/Library/Developer/Xcode/DerivedData/Chatlio-erkyzdeecsohoaggpwbjdvavzqfv/Build/Intermediates.noindex/PostHog.build/Debug-iphonesimulator/phlibwebp.build/Objects-normal/arm64/ssim.d --serialize-diagnostics /Users/aadityasingh/Library/Developer/Xcode/DerivedData/Chatlio-erkyzdeecsohoaggpwbjdvavzqfv/Build/Intermediates.noindex/PostHog.build/Debug-iphonesimulator/phlibwebp.build/Objects-normal/arm64/ssim.dia -c /Users/aadityasingh/Library/Developer/Xcode/DerivedData/Chatlio-erkyzdeecsohoaggpwbjdvavzqfv/SourcePackages/checkouts/posthog-ios/vendor/libwebp/ssim.c -o /Users/aadityasingh/Library/Developer/Xcode/DerivedData/Chatlio-erkyzdeecsohoaggpwbjdvavzqfv/Build/Intermediates.noindex/PostHog.build/Debug-iphonesimulator/phlibwebp.build/Objects-normal/arm64/ssim.o -index-unit-output-path /PostHog.build/Debug-iphonesimulator/phlibwebp.build/Objects-normal/arm64/ssim.o

CompileC /Users/aadityasingh/Library/Developer/Xcode/DerivedData/Chatlio-erkyzdeecsohoaggpwbjdvavzqfv/Build/Intermediates.noindex/PostHog.build/Debug-iphonesimulator/phlibwebp.build/Objects-normal/arm64/sharpyuv_sse2.o /Users/aadityasingh/Library/Developer/Xcode/DerivedData/Chatlio-erkyzdeecsohoaggpwbjdvavzqfv/SourcePackages/checkouts/posthog-ios/vendor/libwebp/sharpyuv_sse2.c normal arm64 c com.apple.compilers.llvm.clang.1_0.compiler (in target 'phlibwebp' from project 'PostHog')
    cd /Users/aadityasingh/Documents/Development/element-x-ios/Chatlio.xcodeproj
    
    Using response file: /Users/aadityasingh/Library/Developer/Xcode/DerivedData/Chatlio-erkyzdeecsohoaggpwbjdvavzqfv/Build/Intermediates.noindex/PostHog.build/Debug-iphonesimulator/phlibwebp.build/Objects-normal/arm64/7187679823f38a2a940e0043cdf9d637-common-args.resp
    
    /Applications/Xcode.app/Contents/Developer/Toolchains/XcodeDefault.xctoolchain/usr/bin/clang -x c -ivfsstatcache /Users/aadityasingh/Library/Developer/Xcode/DerivedData/SDKStatCaches.noindex/iphonesimulator26.4-23E252-686eebb5dc1d8ecb277353a59184f4aa.sdkstatcache -target arm64-apple-ios13.0-simulator -fmessage-length\=0 -fdiagnostics-show-note-include-stack -fmacro-backtrace-limit\=0 -fno-color-diagnostics -fmodules-prune-interval\=86400 -fmodules-prune-after\=345600 -fbuild-session-file\=/Users/aadityasingh/Library/Developer/Xcode/DerivedData/ModuleCache.noindex/Session.modulevalidation -fmodules-validate-once-per-build-session -Wnon-modular-include-in-framework-module -Werror\=non-modular-include-in-framework-module -Wno-trigraphs -Wno-missing-field-initializers -Wno-missing-prototypes -Wno-return-type -Wno-missing-braces -Wparentheses -Wswitch -Wno-unused-function -Wno-unused-label -Wno-unused-parameter -Wno-unused-variable -Wunused-value -Wno-empty-body -Wno-uninitialized -Wno-unknown-pragmas -w -Wno-shadow -Wno-four-char-constants -Wno-conversion -Wno-constant-conversion -Wno-int-conversion -Wno-bool-conversion -Wno-enum-conversion -Wno-float-conversion -Wno-non-literal-null-conversion -Wno-objc-literal-conversion -Wshorten-64-to-32 -Wpointer-sign -Wno-newline-eof -Wno-implicit-fallthrough -isysroot /Applications/Xcode.app/Contents/Developer/Platforms/iPhoneSimulator.platform/Developer/SDKs/iPhoneSimulator26.4.sdk -fstrict-aliasing -Wdeprecated-declarations -Wno-sign-conversion -Wno-infinite-recursion -Wno-comma -Wno-block-capture-autoreleasing -Wno-strict-prototypes -Wno-semicolon-before-method-body -index-store-path /Users/aadityasingh/Library/Developer/Xcode/DerivedData/Chatlio-erkyzdeecsohoaggpwbjdvavzqfv/Index.noindex/DataStore @/Users/aadityasingh/Library/Developer/Xcode/DerivedData/Chatlio-erkyzdeecsohoaggpwbjdvavzqfv/Build/Intermediates.noindex/PostHog.build/Debug-iphonesimulator/phlibwebp.build/Objects-normal/arm64/7187679823f38a2a940e0043cdf9d637-common-args.resp -MMD -MT dependencies -MF /Users/aadityasingh/Library/Developer/Xcode/DerivedData/Chatlio-erkyzdeecsohoaggpwbjdvavzqfv/Build/Intermediates.noindex/PostHog.build/Debug-iphonesimulator/phlibwebp.build/Objects-normal/arm64/sharpyuv_sse2.d --serialize-diagnostics /Users/aadityasingh/Library/Developer/Xcode/DerivedData/Chatlio-erkyzdeecsohoaggpwbjdvavzqfv/Build/Intermediates.noindex/PostHog.build/Debug-iphonesimulator/phlibwebp.build/Objects-normal/arm64/sharpyuv_sse2.dia -c /Users/aadityasingh/Library/Developer/Xcode/DerivedData/Chatlio-erkyzdeecsohoaggpwbjdvavzqfv/SourcePackages/checkouts/posthog-ios/vendor/libwebp/sharpyuv_sse2.c -o /Users/aadityasingh/Library/Developer/Xcode/DerivedData/Chatlio-erkyzdeecsohoaggpwbjdvavzqfv/Build/Intermediates.noindex/PostHog.build/Debug-iphonesimulator/phlibwebp.build/Objects-normal/arm64/sharpyuv_sse2.o -index-unit-output-path /PostHog.build/Debug-iphonesimulator/phlibwebp.build/Objects-normal/arm64/sharpyuv_sse2.o

CompileC /Users/aadityasingh/Library/Developer/Xcode/DerivedData/Chatlio-erkyzdeecsohoaggpwbjdvavzqfv/Build/Intermediates.noindex/PostHog.build/Debug-iphonesimulator/phlibwebp.build/Objects-normal/arm64/sharpyuv_neon.o /Users/aadityasingh/Library/Developer/Xcode/DerivedData/Chatlio-erkyzdeecsohoaggpwbjdvavzqfv/SourcePackages/checkouts/posthog-ios/vendor/libwebp/sharpyuv_neon.c normal arm64 c com.apple.compilers.llvm.clang.1_0.compiler (in target 'phlibwebp' from project 'PostHog')
    cd /Users/aadityasingh/Documents/Development/element-x-ios/Chatlio.xcodeproj
    
    Using response file: /Users/aadityasingh/Library/Developer/Xcode/DerivedData/Chatlio-erkyzdeecsohoaggpwbjdvavzqfv/Build/Intermediates.noindex/PostHog.build/Debug-iphonesimulator/phlibwebp.build/Objects-normal/arm64/7187679823f38a2a940e0043cdf9d637-common-args.resp
    
    /Applications/Xcode.app/Contents/Developer/Toolchains/XcodeDefault.xctoolchain/usr/bin/clang -x c -ivfsstatcache /Users/aadityasingh/Library/Developer/Xcode/DerivedData/SDKStatCaches.noindex/iphonesimulator26.4-23E252-686eebb5dc1d8ecb277353a59184f4aa.sdkstatcache -target arm64-apple-ios13.0-simulator -fmessage-length\=0 -fdiagnostics-show-note-include-stack -fmacro-backtrace-limit\=0 -fno-color-diagnostics -fmodules-prune-interval\=86400 -fmodules-prune-after\=345600 -fbuild-session-file\=/Users/aadityasingh/Library/Developer/Xcode/DerivedData/ModuleCache.noindex/Session.modulevalidation -fmodules-validate-once-per-build-session -Wnon-modular-include-in-framework-module -Werror\=non-modular-include-in-framework-module -Wno-trigraphs -Wno-missing-field-initializers -Wno-missing-prototypes -Wno-return-type -Wno-missing-braces -Wparentheses -Wswitch -Wno-unused-function -Wno-unused-label -Wno-unused-parameter -Wno-unused-variable -Wunused-value -Wno-empty-body -Wno-uninitialized -Wno-unknown-pragmas -w -Wno-shadow -Wno-four-char-constants -Wno-conversion -Wno-constant-conversion -Wno-int-conversion -Wno-bool-conversion -Wno-enum-conversion -Wno-float-conversion -Wno-non-literal-null-conversion -Wno-objc-literal-conversion -Wshorten-64-to-32 -Wpointer-sign -Wno-newline-eof -Wno-implicit-fallthrough -isysroot /Applications/Xcode.app/Contents/Developer/Platforms/iPhoneSimulator.platform/Developer/SDKs/iPhoneSimulator26.4.sdk -fstrict-aliasing -Wdeprecated-declarations -Wno-sign-conversion -Wno-infinite-recursion -Wno-comma -Wno-block-capture-autoreleasing -Wno-strict-prototypes -Wno-semicolon-before-method-body -index-store-path /Users/aadityasingh/Library/Developer/Xcode/DerivedData/Chatlio-erkyzdeecsohoaggpwbjdvavzqfv/Index.noindex/DataStore @/Users/aadityasingh/Library/Developer/Xcode/DerivedData/Chatlio-erkyzdeecsohoaggpwbjdvavzqfv/Build/Intermediates.noindex/PostHog.build/Debug-iphonesimulator/phlibwebp.build/Objects-normal/arm64/7187679823f38a2a940e0043cdf9d637-common-args.resp -MMD -MT dependencies -MF /Users/aadityasingh/Library/Developer/Xcode/DerivedData/Chatlio-erkyzdeecsohoaggpwbjdvavzqfv/Build/Intermediates.noindex/PostHog.build/Debug-iphonesimulator/phlibwebp.build/Objects-normal/arm64/sharpyuv_neon.d --serialize-diagnostics /Users/aadityasingh/Library/Developer/Xcode/DerivedData/Chatlio-erkyzdeecsohoaggpwbjdvavzqfv/Build/Intermediates.noindex/PostHog.build/Debug-iphonesimulator/phlibwebp.build/Objects-normal/arm64/sharpyuv_neon.dia -c /Users/aadityasingh/Library/Developer/Xcode/DerivedData/Chatlio-erkyzdeecsohoaggpwbjdvavzqfv/SourcePackages/checkouts/posthog-ios/vendor/libwebp/sharpyuv_neon.c -o /Users/aadityasingh/Library/Developer/Xcode/DerivedData/Chatlio-erkyzdeecsohoaggpwbjdvavzqfv/Build/Intermediates.noindex/PostHog.build/Debug-iphonesimulator/phlibwebp.build/Objects-normal/arm64/sharpyuv_neon.o -index-unit-output-path /PostHog.build/Debug-iphonesimulator/phlibwebp.build/Objects-normal/arm64/sharpyuv_neon.o

CompileC /Users/aadityasingh/Library/Developer/Xcode/DerivedData/Chatlio-erkyzdeecsohoaggpwbjdvavzqfv/Build/Intermediates.noindex/PostHog.build/Debug-iphonesimulator/phlibwebp.build/Objects-normal/arm64/sharpyuv_gamma.o /Users/aadityasingh/Library/Developer/Xcode/DerivedData/Chatlio-erkyzdeecsohoaggpwbjdvavzqfv/SourcePackages/checkouts/posthog-ios/vendor/libwebp/sharpyuv_gamma.c normal arm64 c com.apple.compilers.llvm.clang.1_0.compiler (in target 'phlibwebp' from project 'PostHog')
    cd /Users/aadityasingh/Documents/Development/element-x-ios/Chatlio.xcodeproj
    
    Using response file: /Users/aadityasingh/Library/Developer/Xcode/DerivedData/Chatlio-erkyzdeecsohoaggpwbjdvavzqfv/Build/Intermediates.noindex/PostHog.build/Debug-iphonesimulator/phlibwebp.build/Objects-normal/arm64/7187679823f38a2a940e0043cdf9d637-common-args.resp
    
    /Applications/Xcode.app/Contents/Developer/Toolchains/XcodeDefault.xctoolchain/usr/bin/clang -x c -ivfsstatcache /Users/aadityasingh/Library/Developer/Xcode/DerivedData/SDKStatCaches.noindex/iphonesimulator26.4-23E252-686eebb5dc1d8ecb277353a59184f4aa.sdkstatcache -target arm64-apple-ios13.0-simulator -fmessage-length\=0 -fdiagnostics-show-note-include-stack -fmacro-backtrace-limit\=0 -fno-color-diagnostics -fmodules-prune-interval\=86400 -fmodules-prune-after\=345600 -fbuild-session-file\=/Users/aadityasingh/Library/Developer/Xcode/DerivedData/ModuleCache.noindex/Session.modulevalidation -fmodules-validate-once-per-build-session -Wnon-modular-include-in-framework-module -Werror\=non-modular-include-in-framework-module -Wno-trigraphs -Wno-missing-field-initializers -Wno-missing-prototypes -Wno-return-type -Wno-missing-braces -Wparentheses -Wswitch -Wno-unused-function -Wno-unused-label -Wno-unused-parameter -Wno-unused-variable -Wunused-value -Wno-empty-body -Wno-uninitialized -Wno-unknown-pragmas -w -Wno-shadow -Wno-four-char-constants -Wno-conversion -Wno-constant-conversion -Wno-int-conversion -Wno-bool-conversion -Wno-enum-conversion -Wno-float-conversion -Wno-non-literal-null-conversion -Wno-objc-literal-conversion -Wshorten-64-to-32 -Wpointer-sign -Wno-newline-eof -Wno-implicit-fallthrough -isysroot /Applications/Xcode.app/Contents/Developer/Platforms/iPhoneSimulator.platform/Developer/SDKs/iPhoneSimulator26.4.sdk -fstrict-aliasing -Wdeprecated-declarations -Wno-sign-conversion -Wno-infinite-recursion -Wno-comma -Wno-block-capture-autoreleasing -Wno-strict-prototypes -Wno-semicolon-before-method-body -index-store-path /Users/aadityasingh/Library/Developer/Xcode/DerivedData/Chatlio-erkyzdeecsohoaggpwbjdvavzqfv/Index.noindex/DataStore @/Users/aadityasingh/Library/Developer/Xcode/DerivedData/Chatlio-erkyzdeecsohoaggpwbjdvavzqfv/Build/Intermediates.noindex/PostHog.build/Debug-iphonesimulator/phlibwebp.build/Objects-normal/arm64/7187679823f38a2a940e0043cdf9d637-common-args.resp -MMD -MT dependencies -MF /Users/aadityasingh/Library/Developer/Xcode/DerivedData/Chatlio-erkyzdeecsohoaggpwbjdvavzqfv/Build/Intermediates.noindex/PostHog.build/Debug-iphonesimulator/phlibwebp.build/Objects-normal/arm64/sharpyuv_gamma.d --serialize-diagnostics /Users/aadityasingh/Library/Developer/Xcode/DerivedData/Chatlio-erkyzdeecsohoaggpwbjdvavzqfv/Build/Intermediates.noindex/PostHog.build/Debug-iphonesimulator/phlibwebp.build/Objects-normal/arm64/sharpyuv_gamma.dia -c /Users/aadityasingh/Library/Developer/Xcode/DerivedData/Chatlio-erkyzdeecsohoaggpwbjdvavzqfv/SourcePackages/checkouts/posthog-ios/vendor/libwebp/sharpyuv_gamma.c -o /Users/aadityasingh/Library/Developer/Xcode/DerivedData/Chatlio-erkyzdeecsohoaggpwbjdvavzqfv/Build/Intermediates.noindex/PostHog.build/Debug-iphonesimulator/phlibwebp.build/Objects-normal/arm64/sharpyuv_gamma.o -index-unit-output-path /PostHog.build/Debug-iphonesimulator/phlibwebp.build/Objects-normal/arm64/sharpyuv_gamma.o

CompileC /Users/aadityasingh/Library/Developer/Xcode/DerivedData/Chatlio-erkyzdeecsohoaggpwbjdvavzqfv/Build/Intermediates.noindex/PostHog.build/Debug-iphonesimulator/phlibwebp.build/Objects-normal/arm64/sharpyuv_dsp.o /Users/aadityasingh/Library/Developer/Xcode/DerivedData/Chatlio-erkyzdeecsohoaggpwbjdvavzqfv/SourcePackages/checkouts/posthog-ios/vendor/libwebp/sharpyuv_dsp.c normal arm64 c com.apple.compilers.llvm.clang.1_0.compiler (in target 'phlibwebp' from project 'PostHog')
    cd /Users/aadityasingh/Documents/Development/element-x-ios/Chatlio.xcodeproj
    
    Using response file: /Users/aadityasingh/Library/Developer/Xcode/DerivedData/Chatlio-erkyzdeecsohoaggpwbjdvavzqfv/Build/Intermediates.noindex/PostHog.build/Debug-iphonesimulator/phlibwebp.build/Objects-normal/arm64/7187679823f38a2a940e0043cdf9d637-common-args.resp
    
    /Applications/Xcode.app/Contents/Developer/Toolchains/XcodeDefault.xctoolchain/usr/bin/clang -x c -ivfsstatcache /Users/aadityasingh/Library/Developer/Xcode/DerivedData/SDKStatCaches.noindex/iphonesimulator26.4-23E252-686eebb5dc1d8ecb277353a59184f4aa.sdkstatcache -target arm64-apple-ios13.0-simulator -fmessage-length\=0 -fdiagnostics-show-note-include-stack -fmacro-backtrace-limit\=0 -fno-color-diagnostics -fmodules-prune-interval\=86400 -fmodules-prune-after\=345600 -fbuild-session-file\=/Users/aadityasingh/Library/Developer/Xcode/DerivedData/ModuleCache.noindex/Session.modulevalidation -fmodules-validate-once-per-build-session -Wnon-modular-include-in-framework-module -Werror\=non-modular-include-in-framework-module -Wno-trigraphs -Wno-missing-field-initializers -Wno-missing-prototypes -Wno-return-type -Wno-missing-braces -Wparentheses -Wswitch -Wno-unused-function -Wno-unused-label -Wno-unused-parameter -Wno-unused-variable -Wunused-value -Wno-empty-body -Wno-uninitialized -Wno-unknown-pragmas -w -Wno-shadow -Wno-four-char-constants -Wno-conversion -Wno-constant-conversion -Wno-int-conversion -Wno-bool-conversion -Wno-enum-conversion -Wno-float-conversion -Wno-non-literal-null-conversion -Wno-objc-literal-conversion -Wshorten-64-to-32 -Wpointer-sign -Wno-newline-eof -Wno-implicit-fallthrough -isysroot /Applications/Xcode.app/Contents/Developer/Platforms/iPhoneSimulator.platform/Developer/SDKs/iPhoneSimulator26.4.sdk -fstrict-aliasing -Wdeprecated-declarations -Wno-sign-conversion -Wno-infinite-recursion -Wno-comma -Wno-block-capture-autoreleasing -Wno-strict-prototypes -Wno-semicolon-before-method-body -index-store-path /Users/aadityasingh/Library/Developer/Xcode/DerivedData/Chatlio-erkyzdeecsohoaggpwbjdvavzqfv/Index.noindex/DataStore @/Users/aadityasingh/Library/Developer/Xcode/DerivedData/Chatlio-erkyzdeecsohoaggpwbjdvavzqfv/Build/Intermediates.noindex/PostHog.build/Debug-iphonesimulator/phlibwebp.build/Objects-normal/arm64/7187679823f38a2a940e0043cdf9d637-common-args.resp -MMD -MT dependencies -MF /Users/aadityasingh/Library/Developer/Xcode/DerivedData/Chatlio-erkyzdeecsohoaggpwbjdvavzqfv/Build/Intermediates.noindex/PostHog.build/Debug-iphonesimulator/phlibwebp.build/Objects-normal/arm64/sharpyuv_dsp.d --serialize-diagnostics /Users/aadityasingh/Library/Developer/Xcode/DerivedData/Chatlio-erkyzdeecsohoaggpwbjdvavzqfv/Build/Intermediates.noindex/PostHog.build/Debug-iphonesimulator/phlibwebp.build/Objects-normal/arm64/sharpyuv_dsp.dia -c /Users/aadityasingh/Library/Developer/Xcode/DerivedData/Chatlio-erkyzdeecsohoaggpwbjdvavzqfv/SourcePackages/checkouts/posthog-ios/vendor/libwebp/sharpyuv_dsp.c -o /Users/aadityasingh/Library/Developer/Xcode/DerivedData/Chatlio-erkyzdeecsohoaggpwbjdvavzqfv/Build/Intermediates.noindex/PostHog.build/Debug-iphonesimulator/phlibwebp.build/Objects-normal/arm64/sharpyuv_dsp.o -index-unit-output-path /PostHog.build/Debug-iphonesimulator/phlibwebp.build/Objects-normal/arm64/sharpyuv_dsp.o

CompileC /Users/aadityasingh/Library/Developer/Xcode/DerivedData/Chatlio-erkyzdeecsohoaggpwbjdvavzqfv/Build/Intermediates.noindex/PostHog.build/Debug-iphonesimulator/phlibwebp.build/Objects-normal/arm64/sharpyuv_csp.o /Users/aadityasingh/Library/Developer/Xcode/DerivedData/Chatlio-erkyzdeecsohoaggpwbjdvavzqfv/SourcePackages/checkouts/posthog-ios/vendor/libwebp/sharpyuv_csp.c normal arm64 c com.apple.compilers.llvm.clang.1_0.compiler (in target 'phlibwebp' from project 'PostHog')
    cd /Users/aadityasingh/Documents/Development/element-x-ios/Chatlio.xcodeproj
    
    Using response file: /Users/aadityasingh/Library/Developer/Xcode/DerivedData/Chatlio-erkyzdeecsohoaggpwbjdvavzqfv/Build/Intermediates.noindex/PostHog.build/Debug-iphonesimulator/phlibwebp.build/Objects-normal/arm64/7187679823f38a2a940e0043cdf9d637-common-args.resp
    
    /Applications/Xcode.app/Contents/Developer/Toolchains/XcodeDefault.xctoolchain/usr/bin/clang -x c -ivfsstatcache /Users/aadityasingh/Library/Developer/Xcode/DerivedData/SDKStatCaches.noindex/iphonesimulator26.4-23E252-686eebb5dc1d8ecb277353a59184f4aa.sdkstatcache -target arm64-apple-ios13.0-simulator -fmessage-length\=0 -fdiagnostics-show-note-include-stack -fmacro-backtrace-limit\=0 -fno-color-diagnostics -fmodules-prune-interval\=86400 -fmodules-prune-after\=345600 -fbuild-session-file\=/Users/aadityasingh/Library/Developer/Xcode/DerivedData/ModuleCache.noindex/Session.modulevalidation -fmodules-validate-once-per-build-session -Wnon-modular-include-in-framework-module -Werror\=non-modular-include-in-framework-module -Wno-trigraphs -Wno-missing-field-initializers -Wno-missing-prototypes -Wno-return-type -Wno-missing-braces -Wparentheses -Wswitch -Wno-unused-function -Wno-unused-label -Wno-unused-parameter -Wno-unused-variable -Wunused-value -Wno-empty-body -Wno-uninitialized -Wno-unknown-pragmas -w -Wno-shadow -Wno-four-char-constants -Wno-conversion -Wno-constant-conversion -Wno-int-conversion -Wno-bool-conversion -Wno-enum-conversion -Wno-float-conversion -Wno-non-literal-null-conversion -Wno-objc-literal-conversion -Wshorten-64-to-32 -Wpointer-sign -Wno-newline-eof -Wno-implicit-fallthrough -isysroot /Applications/Xcode.app/Contents/Developer/Platforms/iPhoneSimulator.platform/Developer/SDKs/iPhoneSimulator26.4.sdk -fstrict-aliasing -Wdeprecated-declarations -Wno-sign-conversion -Wno-infinite-recursion -Wno-comma -Wno-block-capture-autoreleasing -Wno-strict-prototypes -Wno-semicolon-before-method-body -index-store-path /Users/aadityasingh/Library/Developer/Xcode/DerivedData/Chatlio-erkyzdeecsohoaggpwbjdvavzqfv/Index.noindex/DataStore @/Users/aadityasingh/Library/Developer/Xcode/DerivedData/Chatlio-erkyzdeecsohoaggpwbjdvavzqfv/Build/Intermediates.noindex/PostHog.build/Debug-iphonesimulator/phlibwebp.build/Objects-normal/arm64/7187679823f38a2a940e0043cdf9d637-common-args.resp -MMD -MT dependencies -MF /Users/aadityasingh/Library/Developer/Xcode/DerivedData/Chatlio-erkyzdeecsohoaggpwbjdvavzqfv/Build/Intermediates.noindex/PostHog.build/Debug-iphonesimulator/phlibwebp.build/Objects-normal/arm64/sharpyuv_csp.d --serialize-diagnostics /Users/aadityasingh/Library/Developer/Xcode/DerivedData/Chatlio-erkyzdeecsohoaggpwbjdvavzqfv/Build/Intermediates.noindex/PostHog.build/Debug-iphonesimulator/phlibwebp.build/Objects-normal/arm64/sharpyuv_csp.dia -c /Users/aadityasingh/Library/Developer/Xcode/DerivedData/Chatlio-erkyzdeecsohoaggpwbjdvavzqfv/SourcePackages/checkouts/posthog-ios/vendor/libwebp/sharpyuv_csp.c -o /Users/aadityasingh/Library/Developer/Xcode/DerivedData/Chatlio-erkyzdeecsohoaggpwbjdvavzqfv/Build/Intermediates.noindex/PostHog.build/Debug-iphonesimulator/phlibwebp.build/Objects-normal/arm64/sharpyuv_csp.o -index-unit-output-path /PostHog.build/Debug-iphonesimulator/phlibwebp.build/Objects-normal/arm64/sharpyuv_csp.o

CompileC /Users/aadityasingh/Library/Developer/Xcode/DerivedData/Chatlio-erkyzdeecsohoaggpwbjdvavzqfv/Build/Intermediates.noindex/PostHog.build/Debug-iphonesimulator/phlibwebp.build/Objects-normal/arm64/sharpyuv_cpu.o /Users/aadityasingh/Library/Developer/Xcode/DerivedData/Chatlio-erkyzdeecsohoaggpwbjdvavzqfv/SourcePackages/checkouts/posthog-ios/vendor/libwebp/sharpyuv_cpu.c normal arm64 c com.apple.compilers.llvm.clang.1_0.compiler (in target 'phlibwebp' from project 'PostHog')
    cd /Users/aadityasingh/Documents/Development/element-x-ios/Chatlio.xcodeproj
    
    Using response file: /Users/aadityasingh/Library/Developer/Xcode/DerivedData/Chatlio-erkyzdeecsohoaggpwbjdvavzqfv/Build/Intermediates.noindex/PostHog.build/Debug-iphonesimulator/phlibwebp.build/Objects-normal/arm64/7187679823f38a2a940e0043cdf9d637-common-args.resp
    
    /Applications/Xcode.app/Contents/Developer/Toolchains/XcodeDefault.xctoolchain/usr/bin/clang -x c -ivfsstatcache /Users/aadityasingh/Library/Developer/Xcode/DerivedData/SDKStatCaches.noindex/iphonesimulator26.4-23E252-686eebb5dc1d8ecb277353a59184f4aa.sdkstatcache -target arm64-apple-ios13.0-simulator -fmessage-length\=0 -fdiagnostics-show-note-include-stack -fmacro-backtrace-limit\=0 -fno-color-diagnostics -fmodules-prune-interval\=86400 -fmodules-prune-after\=345600 -fbuild-session-file\=/Users/aadityasingh/Library/Developer/Xcode/DerivedData/ModuleCache.noindex/Session.modulevalidation -fmodules-validate-once-per-build-session -Wnon-modular-include-in-framework-module -Werror\=non-modular-include-in-framework-module -Wno-trigraphs -Wno-missing-field-initializers -Wno-missing-prototypes -Wno-return-type -Wno-missing-braces -Wparentheses -Wswitch -Wno-unused-function -Wno-unused-label -Wno-unused-parameter -Wno-unused-variable -Wunused-value -Wno-empty-body -Wno-uninitialized -Wno-unknown-pragmas -w -Wno-shadow -Wno-four-char-constants -Wno-conversion -Wno-constant-conversion -Wno-int-conversion -Wno-bool-conversion -Wno-enum-conversion -Wno-float-conversion -Wno-non-literal-null-conversion -Wno-objc-literal-conversion -Wshorten-64-to-32 -Wpointer-sign -Wno-newline-eof -Wno-implicit-fallthrough -isysroot /Applications/Xcode.app/Contents/Developer/Platforms/iPhoneSimulator.platform/Developer/SDKs/iPhoneSimulator26.4.sdk -fstrict-aliasing -Wdeprecated-declarations -Wno-sign-conversion -Wno-infinite-recursion -Wno-comma -Wno-block-capture-autoreleasing -Wno-strict-prototypes -Wno-semicolon-before-method-body -index-store-path /Users/aadityasingh/Library/Developer/Xcode/DerivedData/Chatlio-erkyzdeecsohoaggpwbjdvavzqfv/Index.noindex/DataStore @/Users/aadityasingh/Library/Developer/Xcode/DerivedData/Chatlio-erkyzdeecsohoaggpwbjdvavzqfv/Build/Intermediates.noindex/PostHog.build/Debug-iphonesimulator/phlibwebp.build/Objects-normal/arm64/7187679823f38a2a940e0043cdf9d637-common-args.resp -MMD -MT dependencies -MF /Users/aadityasingh/Library/Developer/Xcode/DerivedData/Chatlio-erkyzdeecsohoaggpwbjdvavzqfv/Build/Intermediates.noindex/PostHog.build/Debug-iphonesimulator/phlibwebp.build/Objects-normal/arm64/sharpyuv_cpu.d --serialize-diagnostics /Users/aadityasingh/Library/Developer/Xcode/DerivedData/Chatlio-erkyzdeecsohoaggpwbjdvavzqfv/Build/Intermediates.noindex/PostHog.build/Debug-iphonesimulator/phlibwebp.build/Objects-normal/arm64/sharpyuv_cpu.dia -c /Users/aadityasingh/Library/Developer/Xcode/DerivedData/Chatlio-erkyzdeecsohoaggpwbjdvavzqfv/SourcePackages/checkouts/posthog-ios/vendor/libwebp/sharpyuv_cpu.c -o /Users/aadityasingh/Library/Developer/Xcode/DerivedData/Chatlio-erkyzdeecsohoaggpwbjdvavzqfv/Build/Intermediates.noindex/PostHog.build/Debug-iphonesimulator/phlibwebp.build/Objects-normal/arm64/sharpyuv_cpu.o -index-unit-output-path /PostHog.build/Debug-iphonesimulator/phlibwebp.build/Objects-normal/arm64/sharpyuv_cpu.o

CompileC /Users/aadityasingh/Library/Developer/Xcode/DerivedData/Chatlio-erkyzdeecsohoaggpwbjdvavzqfv/Build/Intermediates.noindex/PostHog.build/Debug-iphonesimulator/phlibwebp.build/Objects-normal/arm64/sharpyuv.o /Users/aadityasingh/Library/Developer/Xcode/DerivedData/Chatlio-erkyzdeecsohoaggpwbjdvavzqfv/SourcePackages/checkouts/posthog-ios/vendor/libwebp/sharpyuv.c normal arm64 c com.apple.compilers.llvm.clang.1_0.compiler (in target 'phlibwebp' from project 'PostHog')
    cd /Users/aadityasingh/Documents/Development/element-x-ios/Chatlio.xcodeproj
    
    Using response file: /Users/aadityasingh/Library/Developer/Xcode/DerivedData/Chatlio-erkyzdeecsohoaggpwbjdvavzqfv/Build/Intermediates.noindex/PostHog.build/Debug-iphonesimulator/phlibwebp.build/Objects-normal/arm64/7187679823f38a2a940e0043cdf9d637-common-args.resp
    
    /Applications/Xcode.app/Contents/Developer/Toolchains/XcodeDefault.xctoolchain/usr/bin/clang -x c -ivfsstatcache /Users/aadityasingh/Library/Developer/Xcode/DerivedData/SDKStatCaches.noindex/iphonesimulator26.4-23E252-686eebb5dc1d8ecb277353a59184f4aa.sdkstatcache -target arm64-apple-ios13.0-simulator -fmessage-length\=0 -fdiagnostics-show-note-include-stack -fmacro-backtrace-limit\=0 -fno-color-diagnostics -fmodules-prune-interval\=86400 -fmodules-prune-after\=345600 -fbuild-session-file\=/Users/aadityasingh/Library/Developer/Xcode/DerivedData/ModuleCache.noindex/Session.modulevalidation -fmodules-validate-once-per-build-session -Wnon-modular-include-in-framework-module -Werror\=non-modular-include-in-framework-module -Wno-trigraphs -Wno-missing-field-initializers -Wno-missing-prototypes -Wno-return-type -Wno-missing-braces -Wparentheses -Wswitch -Wno-unused-function -Wno-unused-label -Wno-unused-parameter -Wno-unused-variable -Wunused-value -Wno-empty-body -Wno-uninitialized -Wno-unknown-pragmas -w -Wno-shadow -Wno-four-char-constants -Wno-conversion -Wno-constant-conversion -Wno-int-conversion -Wno-bool-conversion -Wno-enum-conversion -Wno-float-conversion -Wno-non-literal-null-conversion -Wno-objc-literal-conversion -Wshorten-64-to-32 -Wpointer-sign -Wno-newline-eof -Wno-implicit-fallthrough -isysroot /Applications/Xcode.app/Contents/Developer/Platforms/iPhoneSimulator.platform/Developer/SDKs/iPhoneSimulator26.4.sdk -fstrict-aliasing -Wdeprecated-declarations -Wno-sign-conversion -Wno-infinite-recursion -Wno-comma -Wno-block-capture-autoreleasing -Wno-strict-prototypes -Wno-semicolon-before-method-body -index-store-path /Users/aadityasingh/Library/Developer/Xcode/DerivedData/Chatlio-erkyzdeecsohoaggpwbjdvavzqfv/Index.noindex/DataStore @/Users/aadityasingh/Library/Developer/Xcode/DerivedData/Chatlio-erkyzdeecsohoaggpwbjdvavzqfv/Build/Intermediates.noindex/PostHog.build/Debug-iphonesimulator/phlibwebp.build/Objects-normal/arm64/7187679823f38a2a940e0043cdf9d637-common-args.resp -MMD -MT dependencies -MF /Users/aadityasingh/Library/Developer/Xcode/DerivedData/Chatlio-erkyzdeecsohoaggpwbjdvavzqfv/Build/Intermediates.noindex/PostHog.build/Debug-iphonesimulator/phlibwebp.build/Objects-normal/arm64/sharpyuv.d --serialize-diagnostics /Users/aadityasingh/Library/Developer/Xcode/DerivedData/Chatlio-erkyzdeecsohoaggpwbjdvavzqfv/Build/Intermediates.noindex/PostHog.build/Debug-iphonesimulator/phlibwebp.build/Objects-normal/arm64/sharpyuv.dia -c /Users/aadityasingh/Library/Developer/Xcode/DerivedData/Chatlio-erkyzdeecsohoaggpwbjdvavzqfv/SourcePackages/checkouts/posthog-ios/vendor/libwebp/sharpyuv.c -o /Users/aadityasingh/Library/Developer/Xcode/DerivedData/Chatlio-erkyzdeecsohoaggpwbjdvavzqfv/Build/Intermediates.noindex/PostHog.build/Debug-iphonesimulator/phlibwebp.build/Objects-normal/arm64/sharpyuv.o -index-unit-output-path /PostHog.build/Debug-iphonesimulator/phlibwebp.build/Objects-normal/arm64/sharpyuv.o

CompileC /Users/aadityasingh/Library/Developer/Xcode/DerivedData/Chatlio-erkyzdeecsohoaggpwbjdvavzqfv/Build/Intermediates.noindex/PostHog.build/Debug-iphonesimulator/phlibwebp.build/Objects-normal/arm64/rescaler_utils.o /Users/aadityasingh/Library/Developer/Xcode/DerivedData/Chatlio-erkyzdeecsohoaggpwbjdvavzqfv/SourcePackages/checkouts/posthog-ios/vendor/libwebp/rescaler_utils.c normal arm64 c com.apple.compilers.llvm.clang.1_0.compiler (in target 'phlibwebp' from project 'PostHog')
    cd /Users/aadityasingh/Documents/Development/element-x-ios/Chatlio.xcodeproj
    
    Using response file: /Users/aadityasingh/Library/Developer/Xcode/DerivedData/Chatlio-erkyzdeecsohoaggpwbjdvavzqfv/Build/Intermediates.noindex/PostHog.build/Debug-iphonesimulator/phlibwebp.build/Objects-normal/arm64/7187679823f38a2a940e0043cdf9d637-common-args.resp
    
    /Applications/Xcode.app/Contents/Developer/Toolchains/XcodeDefault.xctoolchain/usr/bin/clang -x c -ivfsstatcache /Users/aadityasingh/Library/Developer/Xcode/DerivedData/SDKStatCaches.noindex/iphonesimulator26.4-23E252-686eebb5dc1d8ecb277353a59184f4aa.sdkstatcache -target arm64-apple-ios13.0-simulator -fmessage-length\=0 -fdiagnostics-show-note-include-stack -fmacro-backtrace-limit\=0 -fno-color-diagnostics -fmodules-prune-interval\=86400 -fmodules-prune-after\=345600 -fbuild-session-file\=/Users/aadityasingh/Library/Developer/Xcode/DerivedData/ModuleCache.noindex/Session.modulevalidation -fmodules-validate-once-per-build-session -Wnon-modular-include-in-framework-module -Werror\=non-modular-include-in-framework-module -Wno-trigraphs -Wno-missing-field-initializers -Wno-missing-prototypes -Wno-return-type -Wno-missing-braces -Wparentheses -Wswitch -Wno-unused-function -Wno-unused-label -Wno-unused-parameter -Wno-unused-variable -Wunused-value -Wno-empty-body -Wno-uninitialized -Wno-unknown-pragmas -w -Wno-shadow -Wno-four-char-constants -Wno-conversion -Wno-constant-conversion -Wno-int-conversion -Wno-bool-conversion -Wno-enum-conversion -Wno-float-conversion -Wno-non-literal-null-conversion -Wno-objc-literal-conversion -Wshorten-64-to-32 -Wpointer-sign -Wno-newline-eof -Wno-implicit-fallthrough -isysroot /Applications/Xcode.app/Contents/Developer/Platforms/iPhoneSimulator.platform/Developer/SDKs/iPhoneSimulator26.4.sdk -fstrict-aliasing -Wdeprecated-declarations -Wno-sign-conversion -Wno-infinite-recursion -Wno-comma -Wno-block-capture-autoreleasing -Wno-strict-prototypes -Wno-semicolon-before-method-body -index-store-path /Users/aadityasingh/Library/Developer/Xcode/DerivedData/Chatlio-erkyzdeecsohoaggpwbjdvavzqfv/Index.noindex/DataStore @/Users/aadityasingh/Library/Developer/Xcode/DerivedData/Chatlio-erkyzdeecsohoaggpwbjdvavzqfv/Build/Intermediates.noindex/PostHog.build/Debug-iphonesimulator/phlibwebp.build/Objects-normal/arm64/7187679823f38a2a940e0043cdf9d637-common-args.resp -MMD -MT dependencies -MF /Users/aadityasingh/Library/Developer/Xcode/DerivedData/Chatlio-erkyzdeecsohoaggpwbjdvavzqfv/Build/Intermediates.noindex/PostHog.build/Debug-iphonesimulator/phlibwebp.build/Objects-normal/arm64/rescaler_utils.d --serialize-diagnostics /Users/aadityasingh/Library/Developer/Xcode/DerivedData/Chatlio-erkyzdeecsohoaggpwbjdvavzqfv/Build/Intermediates.noindex/PostHog.build/Debug-iphonesimulator/phlibwebp.build/Objects-normal/arm64/rescaler_utils.dia -c /Users/aadityasingh/Library/Developer/Xcode/DerivedData/Chatlio-erkyzdeecsohoaggpwbjdvavzqfv/SourcePackages/checkouts/posthog-ios/vendor/libwebp/rescaler_utils.c -o /Users/aadityasingh/Library/Developer/Xcode/DerivedData/Chatlio-erkyzdeecsohoaggpwbjdvavzqfv/Build/Intermediates.noindex/PostHog.build/Debug-iphonesimulator/phlibwebp.build/Objects-normal/arm64/rescaler_utils.o -index-unit-output-path /PostHog.build/Debug-iphonesimulator/phlibwebp.build/Objects-normal/arm64/rescaler_utils.o

CompileC /Users/aadityasingh/Library/Developer/Xcode/DerivedData/Chatlio-erkyzdeecsohoaggpwbjdvavzqfv/Build/Intermediates.noindex/PostHog.build/Debug-iphonesimulator/phlibwebp.build/Objects-normal/arm64/rescaler_sse2.o /Users/aadityasingh/Library/Developer/Xcode/DerivedData/Chatlio-erkyzdeecsohoaggpwbjdvavzqfv/SourcePackages/checkouts/posthog-ios/vendor/libwebp/rescaler_sse2.c normal arm64 c com.apple.compilers.llvm.clang.1_0.compiler (in target 'phlibwebp' from project 'PostHog')
    cd /Users/aadityasingh/Documents/Development/element-x-ios/Chatlio.xcodeproj
    
    Using response file: /Users/aadityasingh/Library/Developer/Xcode/DerivedData/Chatlio-erkyzdeecsohoaggpwbjdvavzqfv/Build/Intermediates.noindex/PostHog.build/Debug-iphonesimulator/phlibwebp.build/Objects-normal/arm64/7187679823f38a2a940e0043cdf9d637-common-args.resp
    
    /Applications/Xcode.app/Contents/Developer/Toolchains/XcodeDefault.xctoolchain/usr/bin/clang -x c -ivfsstatcache /Users/aadityasingh/Library/Developer/Xcode/DerivedData/SDKStatCaches.noindex/iphonesimulator26.4-23E252-686eebb5dc1d8ecb277353a59184f4aa.sdkstatcache -target arm64-apple-ios13.0-simulator -fmessage-length\=0 -fdiagnostics-show-note-include-stack -fmacro-backtrace-limit\=0 -fno-color-diagnostics -fmodules-prune-interval\=86400 -fmodules-prune-after\=345600 -fbuild-session-file\=/Users/aadityasingh/Library/Developer/Xcode/DerivedData/ModuleCache.noindex/Session.modulevalidation -fmodules-validate-once-per-build-session -Wnon-modular-include-in-framework-module -Werror\=non-modular-include-in-framework-module -Wno-trigraphs -Wno-missing-field-initializers -Wno-missing-prototypes -Wno-return-type -Wno-missing-braces -Wparentheses -Wswitch -Wno-unused-function -Wno-unused-label -Wno-unused-parameter -Wno-unused-variable -Wunused-value -Wno-empty-body -Wno-uninitialized -Wno-unknown-pragmas -w -Wno-shadow -Wno-four-char-constants -Wno-conversion -Wno-constant-conversion -Wno-int-conversion -Wno-bool-conversion -Wno-enum-conversion -Wno-float-conversion -Wno-non-literal-null-conversion -Wno-objc-literal-conversion -Wshorten-64-to-32 -Wpointer-sign -Wno-newline-eof -Wno-implicit-fallthrough -isysroot /Applications/Xcode.app/Contents/Developer/Platforms/iPhoneSimulator.platform/Developer/SDKs/iPhoneSimulator26.4.sdk -fstrict-aliasing -Wdeprecated-declarations -Wno-sign-conversion -Wno-infinite-recursion -Wno-comma -Wno-block-capture-autoreleasing -Wno-strict-prototypes -Wno-semicolon-before-method-body -index-store-path /Users/aadityasingh/Library/Developer/Xcode/DerivedData/Chatlio-erkyzdeecsohoaggpwbjdvavzqfv/Index.noindex/DataStore @/Users/aadityasingh/Library/Developer/Xcode/DerivedData/Chatlio-erkyzdeecsohoaggpwbjdvavzqfv/Build/Intermediates.noindex/PostHog.build/Debug-iphonesimulator/phlibwebp.build/Objects-normal/arm64/7187679823f38a2a940e0043cdf9d637-common-args.resp -MMD -MT dependencies -MF /Users/aadityasingh/Library/Developer/Xcode/DerivedData/Chatlio-erkyzdeecsohoaggpwbjdvavzqfv/Build/Intermediates.noindex/PostHog.build/Debug-iphonesimulator/phlibwebp.build/Objects-normal/arm64/rescaler_sse2.d --serialize-diagnostics /Users/aadityasingh/Library/Developer/Xcode/DerivedData/Chatlio-erkyzdeecsohoaggpwbjdvavzqfv/Build/Intermediates.noindex/PostHog.build/Debug-iphonesimulator/phlibwebp.build/Objects-normal/arm64/rescaler_sse2.dia -c /Users/aadityasingh/Library/Developer/Xcode/DerivedData/Chatlio-erkyzdeecsohoaggpwbjdvavzqfv/SourcePackages/checkouts/posthog-ios/vendor/libwebp/rescaler_sse2.c -o /Users/aadityasingh/Library/Developer/Xcode/DerivedData/Chatlio-erkyzdeecsohoaggpwbjdvavzqfv/Build/Intermediates.noindex/PostHog.build/Debug-iphonesimulator/phlibwebp.build/Objects-normal/arm64/rescaler_sse2.o -index-unit-output-path /PostHog.build/Debug-iphonesimulator/phlibwebp.build/Objects-normal/arm64/rescaler_sse2.o

CompileC /Users/aadityasingh/Library/Developer/Xcode/DerivedData/Chatlio-erkyzdeecsohoaggpwbjdvavzqfv/Build/Intermediates.noindex/PostHog.build/Debug-iphonesimulator/phlibwebp.build/Objects-normal/arm64/rescaler_neon.o /Users/aadityasingh/Library/Developer/Xcode/DerivedData/Chatlio-erkyzdeecsohoaggpwbjdvavzqfv/SourcePackages/checkouts/posthog-ios/vendor/libwebp/rescaler_neon.c normal arm64 c com.apple.compilers.llvm.clang.1_0.compiler (in target 'phlibwebp' from project 'PostHog')
    cd /Users/aadityasingh/Documents/Development/element-x-ios/Chatlio.xcodeproj
    
    Using response file: /Users/aadityasingh/Library/Developer/Xcode/DerivedData/Chatlio-erkyzdeecsohoaggpwbjdvavzqfv/Build/Intermediates.noindex/PostHog.build/Debug-iphonesimulator/phlibwebp.build/Objects-normal/arm64/7187679823f38a2a940e0043cdf9d637-common-args.resp
    
    /Applications/Xcode.app/Contents/Developer/Toolchains/XcodeDefault.xctoolchain/usr/bin/clang -x c -ivfsstatcache /Users/aadityasingh/Library/Developer/Xcode/DerivedData/SDKStatCaches.noindex/iphonesimulator26.4-23E252-686eebb5dc1d8ecb277353a59184f4aa.sdkstatcache -target arm64-apple-ios13.0-simulator -fmessage-length\=0 -fdiagnostics-show-note-include-stack -fmacro-backtrace-limit\=0 -fno-color-diagnostics -fmodules-prune-interval\=86400 -fmodules-prune-after\=345600 -fbuild-session-file\=/Users/aadityasingh/Library/Developer/Xcode/DerivedData/ModuleCache.noindex/Session.modulevalidation -fmodules-validate-once-per-build-session -Wnon-modular-include-in-framework-module -Werror\=non-modular-include-in-framework-module -Wno-trigraphs -Wno-missing-field-initializers -Wno-missing-prototypes -Wno-return-type -Wno-missing-braces -Wparentheses -Wswitch -Wno-unused-function -Wno-unused-label -Wno-unused-parameter -Wno-unused-variable -Wunused-value -Wno-empty-body -Wno-uninitialized -Wno-unknown-pragmas -w -Wno-shadow -Wno-four-char-constants -Wno-conversion -Wno-constant-conversion -Wno-int-conversion -Wno-bool-conversion -Wno-enum-conversion -Wno-float-conversion -Wno-non-literal-null-conversion -Wno-objc-literal-conversion -Wshorten-64-to-32 -Wpointer-sign -Wno-newline-eof -Wno-implicit-fallthrough -isysroot /Applications/Xcode.app/Contents/Developer/Platforms/iPhoneSimulator.platform/Developer/SDKs/iPhoneSimulator26.4.sdk -fstrict-aliasing -Wdeprecated-declarations -Wno-sign-conversion -Wno-infinite-recursion -Wno-comma -Wno-block-capture-autoreleasing -Wno-strict-prototypes -Wno-semicolon-before-method-body -index-store-path /Users/aadityasingh/Library/Developer/Xcode/DerivedData/Chatlio-erkyzdeecsohoaggpwbjdvavzqfv/Index.noindex/DataStore @/Users/aadityasingh/Library/Developer/Xcode/DerivedData/Chatlio-erkyzdeecsohoaggpwbjdvavzqfv/Build/Intermediates.noindex/PostHog.build/Debug-iphonesimulator/phlibwebp.build/Objects-normal/arm64/7187679823f38a2a940e0043cdf9d637-common-args.resp -MMD -MT dependencies -MF /Users/aadityasingh/Library/Developer/Xcode/DerivedData/Chatlio-erkyzdeecsohoaggpwbjdvavzqfv/Build/Intermediates.noindex/PostHog.build/Debug-iphonesimulator/phlibwebp.build/Objects-normal/arm64/rescaler_neon.d --serialize-diagnostics /Users/aadityasingh/Library/Developer/Xcode/DerivedData/Chatlio-erkyzdeecsohoaggpwbjdvavzqfv/Build/Intermediates.noindex/PostHog.build/Debug-iphonesimulator/phlibwebp.build/Objects-normal/arm64/rescaler_neon.dia -c /Users/aadityasingh/Library/Developer/Xcode/DerivedData/Chatlio-erkyzdeecsohoaggpwbjdvavzqfv/SourcePackages/checkouts/posthog-ios/vendor/libwebp/rescaler_neon.c -o /Users/aadityasingh/Library/Developer/Xcode/DerivedData/Chatlio-erkyzdeecsohoaggpwbjdvavzqfv/Build/Intermediates.noindex/PostHog.build/Debug-iphonesimulator/phlibwebp.build/Objects-normal/arm64/rescaler_neon.o -index-unit-output-path /PostHog.build/Debug-iphonesimulator/phlibwebp.build/Objects-normal/arm64/rescaler_neon.o

CompileC /Users/aadityasingh/Library/Developer/Xcode/DerivedData/Chatlio-erkyzdeecsohoaggpwbjdvavzqfv/Build/Intermediates.noindex/PostHog.build/Debug-iphonesimulator/phlibwebp.build/Objects-normal/arm64/rescaler.o /Users/aadityasingh/Library/Developer/Xcode/DerivedData/Chatlio-erkyzdeecsohoaggpwbjdvavzqfv/SourcePackages/checkouts/posthog-ios/vendor/libwebp/rescaler.c normal arm64 c com.apple.compilers.llvm.clang.1_0.compiler (in target 'phlibwebp' from project 'PostHog')
    cd /Users/aadityasingh/Documents/Development/element-x-ios/Chatlio.xcodeproj
    
    Using response file: /Users/aadityasingh/Library/Developer/Xcode/DerivedData/Chatlio-erkyzdeecsohoaggpwbjdvavzqfv/Build/Intermediates.noindex/PostHog.build/Debug-iphonesimulator/phlibwebp.build/Objects-normal/arm64/7187679823f38a2a940e0043cdf9d637-common-args.resp
    
    /Applications/Xcode.app/Contents/Developer/Toolchains/XcodeDefault.xctoolchain/usr/bin/clang -x c -ivfsstatcache /Users/aadityasingh/Library/Developer/Xcode/DerivedData/SDKStatCaches.noindex/iphonesimulator26.4-23E252-686eebb5dc1d8ecb277353a59184f4aa.sdkstatcache -target arm64-apple-ios13.0-simulator -fmessage-length\=0 -fdiagnostics-show-note-include-stack -fmacro-backtrace-limit\=0 -fno-color-diagnostics -fmodules-prune-interval\=86400 -fmodules-prune-after\=345600 -fbuild-session-file\=/Users/aadityasingh/Library/Developer/Xcode/DerivedData/ModuleCache.noindex/Session.modulevalidation -fmodules-validate-once-per-build-session -Wnon-modular-include-in-framework-module -Werror\=non-modular-include-in-framework-module -Wno-trigraphs -Wno-missing-field-initializers -Wno-missing-prototypes -Wno-return-type -Wno-missing-braces -Wparentheses -Wswitch -Wno-unused-function -Wno-unused-label -Wno-unused-parameter -Wno-unused-variable -Wunused-value -Wno-empty-body -Wno-uninitialized -Wno-unknown-pragmas -w -Wno-shadow -Wno-four-char-constants -Wno-conversion -Wno-constant-conversion -Wno-int-conversion -Wno-bool-conversion -Wno-enum-conversion -Wno-float-conversion -Wno-non-literal-null-conversion -Wno-objc-literal-conversion -Wshorten-64-to-32 -Wpointer-sign -Wno-newline-eof -Wno-implicit-fallthrough -isysroot /Applications/Xcode.app/Contents/Developer/Platforms/iPhoneSimulator.platform/Developer/SDKs/iPhoneSimulator26.4.sdk -fstrict-aliasing -Wdeprecated-declarations -Wno-sign-conversion -Wno-infinite-recursion -Wno-comma -Wno-block-capture-autoreleasing -Wno-strict-prototypes -Wno-semicolon-before-method-body -index-store-path /Users/aadityasingh/Library/Developer/Xcode/DerivedData/Chatlio-erkyzdeecsohoaggpwbjdvavzqfv/Index.noindex/DataStore @/Users/aadityasingh/Library/Developer/Xcode/DerivedData/Chatlio-erkyzdeecsohoaggpwbjdvavzqfv/Build/Intermediates.noindex/PostHog.build/Debug-iphonesimulator/phlibwebp.build/Objects-normal/arm64/7187679823f38a2a940e0043cdf9d637-common-args.resp -MMD -MT dependencies -MF /Users/aadityasingh/Library/Developer/Xcode/DerivedData/Chatlio-erkyzdeecsohoaggpwbjdvavzqfv/Build/Intermediates.noindex/PostHog.build/Debug-iphonesimulator/phlibwebp.build/Objects-normal/arm64/rescaler.d --serialize-diagnostics /Users/aadityasingh/Library/Developer/Xcode/DerivedData/Chatlio-erkyzdeecsohoaggpwbjdvavzqfv/Build/Intermediates.noindex/PostHog.build/Debug-iphonesimulator/phlibwebp.build/Objects-normal/arm64/rescaler.dia -c /Users/aadityasingh/Library/Developer/Xcode/DerivedData/Chatlio-erkyzdeecsohoaggpwbjdvavzqfv/SourcePackages/checkouts/posthog-ios/vendor/libwebp/rescaler.c -o /Users/aadityasingh/Library/Developer/Xcode/DerivedData/Chatlio-erkyzdeecsohoaggpwbjdvavzqfv/Build/Intermediates.noindex/PostHog.build/Debug-iphonesimulator/phlibwebp.build/Objects-normal/arm64/rescaler.o -index-unit-output-path /PostHog.build/Debug-iphonesimulator/phlibwebp.build/Objects-normal/arm64/rescaler.o

CompileC /Users/aadityasingh/Library/Developer/Xcode/DerivedData/Chatlio-erkyzdeecsohoaggpwbjdvavzqfv/Build/Intermediates.noindex/PostHog.build/Debug-iphonesimulator/phlibwebp.build/Objects-normal/arm64/random_utils.o /Users/aadityasingh/Library/Developer/Xcode/DerivedData/Chatlio-erkyzdeecsohoaggpwbjdvavzqfv/SourcePackages/checkouts/posthog-ios/vendor/libwebp/random_utils.c normal arm64 c com.apple.compilers.llvm.clang.1_0.compiler (in target 'phlibwebp' from project 'PostHog')
    cd /Users/aadityasingh/Documents/Development/element-x-ios/Chatlio.xcodeproj
    
    Using response file: /Users/aadityasingh/Library/Developer/Xcode/DerivedData/Chatlio-erkyzdeecsohoaggpwbjdvavzqfv/Build/Intermediates.noindex/PostHog.build/Debug-iphonesimulator/phlibwebp.build/Objects-normal/arm64/7187679823f38a2a940e0043cdf9d637-common-args.resp
    
    /Applications/Xcode.app/Contents/Developer/Toolchains/XcodeDefault.xctoolchain/usr/bin/clang -x c -ivfsstatcache /Users/aadityasingh/Library/Developer/Xcode/DerivedData/SDKStatCaches.noindex/iphonesimulator26.4-23E252-686eebb5dc1d8ecb277353a59184f4aa.sdkstatcache -target arm64-apple-ios13.0-simulator -fmessage-length\=0 -fdiagnostics-show-note-include-stack -fmacro-backtrace-limit\=0 -fno-color-diagnostics -fmodules-prune-interval\=86400 -fmodules-prune-after\=345600 -fbuild-session-file\=/Users/aadityasingh/Library/Developer/Xcode/DerivedData/ModuleCache.noindex/Session.modulevalidation -fmodules-validate-once-per-build-session -Wnon-modular-include-in-framework-module -Werror\=non-modular-include-in-framework-module -Wno-trigraphs -Wno-missing-field-initializers -Wno-missing-prototypes -Wno-return-type -Wno-missing-braces -Wparentheses -Wswitch -Wno-unused-function -Wno-unused-label -Wno-unused-parameter -Wno-unused-variable -Wunused-value -Wno-empty-body -Wno-uninitialized -Wno-unknown-pragmas -w -Wno-shadow -Wno-four-char-constants -Wno-conversion -Wno-constant-conversion -Wno-int-conversion -Wno-bool-conversion -Wno-enum-conversion -Wno-float-conversion -Wno-non-literal-null-conversion -Wno-objc-literal-conversion -Wshorten-64-to-32 -Wpointer-sign -Wno-newline-eof -Wno-implicit-fallthrough -isysroot /Applications/Xcode.app/Contents/Developer/Platforms/iPhoneSimulator.platform/Developer/SDKs/iPhoneSimulator26.4.sdk -fstrict-aliasing -Wdeprecated-declarations -Wno-sign-conversion -Wno-infinite-recursion -Wno-comma -Wno-block-capture-autoreleasing -Wno-strict-prototypes -Wno-semicolon-before-method-body -index-store-path /Users/aadityasingh/Library/Developer/Xcode/DerivedData/Chatlio-erkyzdeecsohoaggpwbjdvavzqfv/Index.noindex/DataStore @/Users/aadityasingh/Library/Developer/Xcode/DerivedData/Chatlio-erkyzdeecsohoaggpwbjdvavzqfv/Build/Intermediates.noindex/PostHog.build/Debug-iphonesimulator/phlibwebp.build/Objects-normal/arm64/7187679823f38a2a940e0043cdf9d637-common-args.resp -MMD -MT dependencies -MF /Users/aadityasingh/Library/Developer/Xcode/DerivedData/Chatlio-erkyzdeecsohoaggpwbjdvavzqfv/Build/Intermediates.noindex/PostHog.build/Debug-iphonesimulator/phlibwebp.build/Objects-normal/arm64/random_utils.d --serialize-diagnostics /Users/aadityasingh/Library/Developer/Xcode/DerivedData/Chatlio-erkyzdeecsohoaggpwbjdvavzqfv/Build/Intermediates.noindex/PostHog.build/Debug-iphonesimulator/phlibwebp.build/Objects-normal/arm64/random_utils.dia -c /Users/aadityasingh/Library/Developer/Xcode/DerivedData/Chatlio-erkyzdeecsohoaggpwbjdvavzqfv/SourcePackages/checkouts/posthog-ios/vendor/libwebp/random_utils.c -o /Users/aadityasingh/Library/Developer/Xcode/DerivedData/Chatlio-erkyzdeecsohoaggpwbjdvavzqfv/Build/Intermediates.noindex/PostHog.build/Debug-iphonesimulator/phlibwebp.build/Objects-normal/arm64/random_utils.o -index-unit-output-path /PostHog.build/Debug-iphonesimulator/phlibwebp.build/Objects-normal/arm64/random_utils.o

CompileC /Users/aadityasingh/Library/Developer/Xcode/DerivedData/Chatlio-erkyzdeecsohoaggpwbjdvavzqfv/Build/Intermediates.noindex/PostHog.build/Debug-iphonesimulator/phlibwebp.build/Objects-normal/arm64/quant_levels_utils.o /Users/aadityasingh/Library/Developer/Xcode/DerivedData/Chatlio-erkyzdeecsohoaggpwbjdvavzqfv/SourcePackages/checkouts/posthog-ios/vendor/libwebp/quant_levels_utils.c normal arm64 c com.apple.compilers.llvm.clang.1_0.compiler (in target 'phlibwebp' from project 'PostHog')
    cd /Users/aadityasingh/Documents/Development/element-x-ios/Chatlio.xcodeproj
    
    Using response file: /Users/aadityasingh/Library/Developer/Xcode/DerivedData/Chatlio-erkyzdeecsohoaggpwbjdvavzqfv/Build/Intermediates.noindex/PostHog.build/Debug-iphonesimulator/phlibwebp.build/Objects-normal/arm64/7187679823f38a2a940e0043cdf9d637-common-args.resp
    
    /Applications/Xcode.app/Contents/Developer/Toolchains/XcodeDefault.xctoolchain/usr/bin/clang -x c -ivfsstatcache /Users/aadityasingh/Library/Developer/Xcode/DerivedData/SDKStatCaches.noindex/iphonesimulator26.4-23E252-686eebb5dc1d8ecb277353a59184f4aa.sdkstatcache -target arm64-apple-ios13.0-simulator -fmessage-length\=0 -fdiagnostics-show-note-include-stack -fmacro-backtrace-limit\=0 -fno-color-diagnostics -fmodules-prune-interval\=86400 -fmodules-prune-after\=345600 -fbuild-session-file\=/Users/aadityasingh/Library/Developer/Xcode/DerivedData/ModuleCache.noindex/Session.modulevalidation -fmodules-validate-once-per-build-session -Wnon-modular-include-in-framework-module -Werror\=non-modular-include-in-framework-module -Wno-trigraphs -Wno-missing-field-initializers -Wno-missing-prototypes -Wno-return-type -Wno-missing-braces -Wparentheses -Wswitch -Wno-unused-function -Wno-unused-label -Wno-unused-parameter -Wno-unused-variable -Wunused-value -Wno-empty-body -Wno-uninitialized -Wno-unknown-pragmas -w -Wno-shadow -Wno-four-char-constants -Wno-conversion -Wno-constant-conversion -Wno-int-conversion -Wno-bool-conversion -Wno-enum-conversion -Wno-float-conversion -Wno-non-literal-null-conversion -Wno-objc-literal-conversion -Wshorten-64-to-32 -Wpointer-sign -Wno-newline-eof -Wno-implicit-fallthrough -isysroot /Applications/Xcode.app/Contents/Developer/Platforms/iPhoneSimulator.platform/Developer/SDKs/iPhoneSimulator26.4.sdk -fstrict-aliasing -Wdeprecated-declarations -Wno-sign-conversion -Wno-infinite-recursion -Wno-comma -Wno-block-capture-autoreleasing -Wno-strict-prototypes -Wno-semicolon-before-method-body -index-store-path /Users/aadityasingh/Library/Developer/Xcode/DerivedData/Chatlio-erkyzdeecsohoaggpwbjdvavzqfv/Index.noindex/DataStore @/Users/aadityasingh/Library/Developer/Xcode/DerivedData/Chatlio-erkyzdeecsohoaggpwbjdvavzqfv/Build/Intermediates.noindex/PostHog.build/Debug-iphonesimulator/phlibwebp.build/Objects-normal/arm64/7187679823f38a2a940e0043cdf9d637-common-args.resp -MMD -MT dependencies -MF /Users/aadityasingh/Library/Developer/Xcode/DerivedData/Chatlio-erkyzdeecsohoaggpwbjdvavzqfv/Build/Intermediates.noindex/PostHog.build/Debug-iphonesimulator/phlibwebp.build/Objects-normal/arm64/quant_levels_utils.d --serialize-diagnostics /Users/aadityasingh/Library/Developer/Xcode/DerivedData/Chatlio-erkyzdeecsohoaggpwbjdvavzqfv/Build/Intermediates.noindex/PostHog.build/Debug-iphonesimulator/phlibwebp.build/Objects-normal/arm64/quant_levels_utils.dia -c /Users/aadityasingh/Library/Developer/Xcode/DerivedData/Chatlio-erkyzdeecsohoaggpwbjdvavzqfv/SourcePackages/checkouts/posthog-ios/vendor/libwebp/quant_levels_utils.c -o /Users/aadityasingh/Library/Developer/Xcode/DerivedData/Chatlio-erkyzdeecsohoaggpwbjdvavzqfv/Build/Intermediates.noindex/PostHog.build/Debug-iphonesimulator/phlibwebp.build/Objects-normal/arm64/quant_levels_utils.o -index-unit-output-path /PostHog.build/Debug-iphonesimulator/phlibwebp.build/Objects-normal/arm64/quant_levels_utils.o

CompileC /Users/aadityasingh/Library/Developer/Xcode/DerivedData/Chatlio-erkyzdeecsohoaggpwbjdvavzqfv/Build/Intermediates.noindex/PostHog.build/Debug-iphonesimulator/phlibwebp.build/Objects-normal/arm64/quant_levels_dec_utils.o /Users/aadityasingh/Library/Developer/Xcode/DerivedData/Chatlio-erkyzdeecsohoaggpwbjdvavzqfv/SourcePackages/checkouts/posthog-ios/vendor/libwebp/quant_levels_dec_utils.c normal arm64 c com.apple.compilers.llvm.clang.1_0.compiler (in target 'phlibwebp' from project 'PostHog')
    cd /Users/aadityasingh/Documents/Development/element-x-ios/Chatlio.xcodeproj
    
    Using response file: /Users/aadityasingh/Library/Developer/Xcode/DerivedData/Chatlio-erkyzdeecsohoaggpwbjdvavzqfv/Build/Intermediates.noindex/PostHog.build/Debug-iphonesimulator/phlibwebp.build/Objects-normal/arm64/7187679823f38a2a940e0043cdf9d637-common-args.resp
    
    /Applications/Xcode.app/Contents/Developer/Toolchains/XcodeDefault.xctoolchain/usr/bin/clang -x c -ivfsstatcache /Users/aadityasingh/Library/Developer/Xcode/DerivedData/SDKStatCaches.noindex/iphonesimulator26.4-23E252-686eebb5dc1d8ecb277353a59184f4aa.sdkstatcache -target arm64-apple-ios13.0-simulator -fmessage-length\=0 -fdiagnostics-show-note-include-stack -fmacro-backtrace-limit\=0 -fno-color-diagnostics -fmodules-prune-interval\=86400 -fmodules-prune-after\=345600 -fbuild-session-file\=/Users/aadityasingh/Library/Developer/Xcode/DerivedData/ModuleCache.noindex/Session.modulevalidation -fmodules-validate-once-per-build-session -Wnon-modular-include-in-framework-module -Werror\=non-modular-include-in-framework-module -Wno-trigraphs -Wno-missing-field-initializers -Wno-missing-prototypes -Wno-return-type -Wno-missing-braces -Wparentheses -Wswitch -Wno-unused-function -Wno-unused-label -Wno-unused-parameter -Wno-unused-variable -Wunused-value -Wno-empty-body -Wno-uninitialized -Wno-unknown-pragmas -w -Wno-shadow -Wno-four-char-constants -Wno-conversion -Wno-constant-conversion -Wno-int-conversion -Wno-bool-conversion -Wno-enum-conversion -Wno-float-conversion -Wno-non-literal-null-conversion -Wno-objc-literal-conversion -Wshorten-64-to-32 -Wpointer-sign -Wno-newline-eof -Wno-implicit-fallthrough -isysroot /Applications/Xcode.app/Contents/Developer/Platforms/iPhoneSimulator.platform/Developer/SDKs/iPhoneSimulator26.4.sdk -fstrict-aliasing -Wdeprecated-declarations -Wno-sign-conversion -Wno-infinite-recursion -Wno-comma -Wno-block-capture-autoreleasing -Wno-strict-prototypes -Wno-semicolon-before-method-body -index-store-path /Users/aadityasingh/Library/Developer/Xcode/DerivedData/Chatlio-erkyzdeecsohoaggpwbjdvavzqfv/Index.noindex/DataStore @/Users/aadityasingh/Library/Developer/Xcode/DerivedData/Chatlio-erkyzdeecsohoaggpwbjdvavzqfv/Build/Intermediates.noindex/PostHog.build/Debug-iphonesimulator/phlibwebp.build/Objects-normal/arm64/7187679823f38a2a940e0043cdf9d637-common-args.resp -MMD -MT dependencies -MF /Users/aadityasingh/Library/Developer/Xcode/DerivedData/Chatlio-erkyzdeecsohoaggpwbjdvavzqfv/Build/Intermediates.noindex/PostHog.build/Debug-iphonesimulator/phlibwebp.build/Objects-normal/arm64/quant_levels_dec_utils.d --serialize-diagnostics /Users/aadityasingh/Library/Developer/Xcode/DerivedData/Chatlio-erkyzdeecsohoaggpwbjdvavzqfv/Build/Intermediates.noindex/PostHog.build/Debug-iphonesimulator/phlibwebp.build/Objects-normal/arm64/quant_levels_dec_utils.dia -c /Users/aadityasingh/Library/Developer/Xcode/DerivedData/Chatlio-erkyzdeecsohoaggpwbjdvavzqfv/SourcePackages/checkouts/posthog-ios/vendor/libwebp/quant_levels_dec_utils.c -o /Users/aadityasingh/Library/Developer/Xcode/DerivedData/Chatlio-erkyzdeecsohoaggpwbjdvavzqfv/Build/Intermediates.noindex/PostHog.build/Debug-iphonesimulator/phlibwebp.build/Objects-normal/arm64/quant_levels_dec_utils.o -index-unit-output-path /PostHog.build/Debug-iphonesimulator/phlibwebp.build/Objects-normal/arm64/quant_levels_dec_utils.o

CompileC /Users/aadityasingh/Library/Developer/Xcode/DerivedData/Chatlio-erkyzdeecsohoaggpwbjdvavzqfv/Build/Intermediates.noindex/PostHog.build/Debug-iphonesimulator/phlibwebp.build/Objects-normal/arm64/quant_enc.o /Users/aadityasingh/Library/Developer/Xcode/DerivedData/Chatlio-erkyzdeecsohoaggpwbjdvavzqfv/SourcePackages/checkouts/posthog-ios/vendor/libwebp/quant_enc.c normal arm64 c com.apple.compilers.llvm.clang.1_0.compiler (in target 'phlibwebp' from project 'PostHog')
    cd /Users/aadityasingh/Documents/Development/element-x-ios/Chatlio.xcodeproj
    
    Using response file: /Users/aadityasingh/Library/Developer/Xcode/DerivedData/Chatlio-erkyzdeecsohoaggpwbjdvavzqfv/Build/Intermediates.noindex/PostHog.build/Debug-iphonesimulator/phlibwebp.build/Objects-normal/arm64/7187679823f38a2a940e0043cdf9d637-common-args.resp
    
    /Applications/Xcode.app/Contents/Developer/Toolchains/XcodeDefault.xctoolchain/usr/bin/clang -x c -ivfsstatcache /Users/aadityasingh/Library/Developer/Xcode/DerivedData/SDKStatCaches.noindex/iphonesimulator26.4-23E252-686eebb5dc1d8ecb277353a59184f4aa.sdkstatcache -target arm64-apple-ios13.0-simulator -fmessage-length\=0 -fdiagnostics-show-note-include-stack -fmacro-backtrace-limit\=0 -fno-color-diagnostics -fmodules-prune-interval\=86400 -fmodules-prune-after\=345600 -fbuild-session-file\=/Users/aadityasingh/Library/Developer/Xcode/DerivedData/ModuleCache.noindex/Session.modulevalidation -fmodules-validate-once-per-build-session -Wnon-modular-include-in-framework-module -Werror\=non-modular-include-in-framework-module -Wno-trigraphs -Wno-missing-field-initializers -Wno-missing-prototypes -Wno-return-type -Wno-missing-braces -Wparentheses -Wswitch -Wno-unused-function -Wno-unused-label -Wno-unused-parameter -Wno-unused-variable -Wunused-value -Wno-empty-body -Wno-uninitialized -Wno-unknown-pragmas -w -Wno-shadow -Wno-four-char-constants -Wno-conversion -Wno-constant-conversion -Wno-int-conversion -Wno-bool-conversion -Wno-enum-conversion -Wno-float-conversion -Wno-non-literal-null-conversion -Wno-objc-literal-conversion -Wshorten-64-to-32 -Wpointer-sign -Wno-newline-eof -Wno-implicit-fallthrough -isysroot /Applications/Xcode.app/Contents/Developer/Platforms/iPhoneSimulator.platform/Developer/SDKs/iPhoneSimulator26.4.sdk -fstrict-aliasing -Wdeprecated-declarations -Wno-sign-conversion -Wno-infinite-recursion -Wno-comma -Wno-block-capture-autoreleasing -Wno-strict-prototypes -Wno-semicolon-before-method-body -index-store-path /Users/aadityasingh/Library/Developer/Xcode/DerivedData/Chatlio-erkyzdeecsohoaggpwbjdvavzqfv/Index.noindex/DataStore @/Users/aadityasingh/Library/Developer/Xcode/DerivedData/Chatlio-erkyzdeecsohoaggpwbjdvavzqfv/Build/Intermediates.noindex/PostHog.build/Debug-iphonesimulator/phlibwebp.build/Objects-normal/arm64/7187679823f38a2a940e0043cdf9d637-common-args.resp -MMD -MT dependencies -MF /Users/aadityasingh/Library/Developer/Xcode/DerivedData/Chatlio-erkyzdeecsohoaggpwbjdvavzqfv/Build/Intermediates.noindex/PostHog.build/Debug-iphonesimulator/phlibwebp.build/Objects-normal/arm64/quant_enc.d --serialize-diagnostics /Users/aadityasingh/Library/Developer/Xcode/DerivedData/Chatlio-erkyzdeecsohoaggpwbjdvavzqfv/Build/Intermediates.noindex/PostHog.build/Debug-iphonesimulator/phlibwebp.build/Objects-normal/arm64/quant_enc.dia -c /Users/aadityasingh/Library/Developer/Xcode/DerivedData/Chatlio-erkyzdeecsohoaggpwbjdvavzqfv/SourcePackages/checkouts/posthog-ios/vendor/libwebp/quant_enc.c -o /Users/aadityasingh/Library/Developer/Xcode/DerivedData/Chatlio-erkyzdeecsohoaggpwbjdvavzqfv/Build/Intermediates.noindex/PostHog.build/Debug-iphonesimulator/phlibwebp.build/Objects-normal/arm64/quant_enc.o -index-unit-output-path /PostHog.build/Debug-iphonesimulator/phlibwebp.build/Objects-normal/arm64/quant_enc.o

CompileC /Users/aadityasingh/Library/Developer/Xcode/DerivedData/Chatlio-erkyzdeecsohoaggpwbjdvavzqfv/Build/Intermediates.noindex/PostHog.build/Debug-iphonesimulator/phlibwebp.build/Objects-normal/arm64/predictor_enc.o /Users/aadityasingh/Library/Developer/Xcode/DerivedData/Chatlio-erkyzdeecsohoaggpwbjdvavzqfv/SourcePackages/checkouts/posthog-ios/vendor/libwebp/predictor_enc.c normal arm64 c com.apple.compilers.llvm.clang.1_0.compiler (in target 'phlibwebp' from project 'PostHog')
    cd /Users/aadityasingh/Documents/Development/element-x-ios/Chatlio.xcodeproj
    
    Using response file: /Users/aadityasingh/Library/Developer/Xcode/DerivedData/Chatlio-erkyzdeecsohoaggpwbjdvavzqfv/Build/Intermediates.noindex/PostHog.build/Debug-iphonesimulator/phlibwebp.build/Objects-normal/arm64/7187679823f38a2a940e0043cdf9d637-common-args.resp
    
    /Applications/Xcode.app/Contents/Developer/Toolchains/XcodeDefault.xctoolchain/usr/bin/clang -x c -ivfsstatcache /Users/aadityasingh/Library/Developer/Xcode/DerivedData/SDKStatCaches.noindex/iphonesimulator26.4-23E252-686eebb5dc1d8ecb277353a59184f4aa.sdkstatcache -target arm64-apple-ios13.0-simulator -fmessage-length\=0 -fdiagnostics-show-note-include-stack -fmacro-backtrace-limit\=0 -fno-color-diagnostics -fmodules-prune-interval\=86400 -fmodules-prune-after\=345600 -fbuild-session-file\=/Users/aadityasingh/Library/Developer/Xcode/DerivedData/ModuleCache.noindex/Session.modulevalidation -fmodules-validate-once-per-build-session -Wnon-modular-include-in-framework-module -Werror\=non-modular-include-in-framework-module -Wno-trigraphs -Wno-missing-field-initializers -Wno-missing-prototypes -Wno-return-type -Wno-missing-braces -Wparentheses -Wswitch -Wno-unused-function -Wno-unused-label -Wno-unused-parameter -Wno-unused-variable -Wunused-value -Wno-empty-body -Wno-uninitialized -Wno-unknown-pragmas -w -Wno-shadow -Wno-four-char-constants -Wno-conversion -Wno-constant-conversion -Wno-int-conversion -Wno-bool-conversion -Wno-enum-conversion -Wno-float-conversion -Wno-non-literal-null-conversion -Wno-objc-literal-conversion -Wshorten-64-to-32 -Wpointer-sign -Wno-newline-eof -Wno-implicit-fallthrough -isysroot /Applications/Xcode.app/Contents/Developer/Platforms/iPhoneSimulator.platform/Developer/SDKs/iPhoneSimulator26.4.sdk -fstrict-aliasing -Wdeprecated-declarations -Wno-sign-conversion -Wno-infinite-recursion -Wno-comma -Wno-block-capture-autoreleasing -Wno-strict-prototypes -Wno-semicolon-before-method-body -index-store-path /Users/aadityasingh/Library/Developer/Xcode/DerivedData/Chatlio-erkyzdeecsohoaggpwbjdvavzqfv/Index.noindex/DataStore @/Users/aadityasingh/Library/Developer/Xcode/DerivedData/Chatlio-erkyzdeecsohoaggpwbjdvavzqfv/Build/Intermediates.noindex/PostHog.build/Debug-iphonesimulator/phlibwebp.build/Objects-normal/arm64/7187679823f38a2a940e0043cdf9d637-common-args.resp -MMD -MT dependencies -MF /Users/aadityasingh/Library/Developer/Xcode/DerivedData/Chatlio-erkyzdeecsohoaggpwbjdvavzqfv/Build/Intermediates.noindex/PostHog.build/Debug-iphonesimulator/phlibwebp.build/Objects-normal/arm64/predictor_enc.d --serialize-diagnostics /Users/aadityasingh/Library/Developer/Xcode/DerivedData/Chatlio-erkyzdeecsohoaggpwbjdvavzqfv/Build/Intermediates.noindex/PostHog.build/Debug-iphonesimulator/phlibwebp.build/Objects-normal/arm64/predictor_enc.dia -c /Users/aadityasingh/Library/Developer/Xcode/DerivedData/Chatlio-erkyzdeecsohoaggpwbjdvavzqfv/SourcePackages/checkouts/posthog-ios/vendor/libwebp/predictor_enc.c -o /Users/aadityasingh/Library/Developer/Xcode/DerivedData/Chatlio-erkyzdeecsohoaggpwbjdvavzqfv/Build/Intermediates.noindex/PostHog.build/Debug-iphonesimulator/phlibwebp.build/Objects-normal/arm64/predictor_enc.o -index-unit-output-path /PostHog.build/Debug-iphonesimulator/phlibwebp.build/Objects-normal/arm64/predictor_enc.o

CompileC /Users/aadityasingh/Library/Developer/Xcode/DerivedData/Chatlio-erkyzdeecsohoaggpwbjdvavzqfv/Build/Intermediates.noindex/PostHog.build/Debug-iphonesimulator/phlibwebp.build/Objects-normal/arm64/picture_tools_enc.o /Users/aadityasingh/Library/Developer/Xcode/DerivedData/Chatlio-erkyzdeecsohoaggpwbjdvavzqfv/SourcePackages/checkouts/posthog-ios/vendor/libwebp/picture_tools_enc.c normal arm64 c com.apple.compilers.llvm.clang.1_0.compiler (in target 'phlibwebp' from project 'PostHog')
    cd /Users/aadityasingh/Documents/Development/element-x-ios/Chatlio.xcodeproj
    
    Using response file: /Users/aadityasingh/Library/Developer/Xcode/DerivedData/Chatlio-erkyzdeecsohoaggpwbjdvavzqfv/Build/Intermediates.noindex/PostHog.build/Debug-iphonesimulator/phlibwebp.build/Objects-normal/arm64/7187679823f38a2a940e0043cdf9d637-common-args.resp
    
    /Applications/Xcode.app/Contents/Developer/Toolchains/XcodeDefault.xctoolchain/usr/bin/clang -x c -ivfsstatcache /Users/aadityasingh/Library/Developer/Xcode/DerivedData/SDKStatCaches.noindex/iphonesimulator26.4-23E252-686eebb5dc1d8ecb277353a59184f4aa.sdkstatcache -target arm64-apple-ios13.0-simulator -fmessage-length\=0 -fdiagnostics-show-note-include-stack -fmacro-backtrace-limit\=0 -fno-color-diagnostics -fmodules-prune-interval\=86400 -fmodules-prune-after\=345600 -fbuild-session-file\=/Users/aadityasingh/Library/Developer/Xcode/DerivedData/ModuleCache.noindex/Session.modulevalidation -fmodules-validate-once-per-build-session -Wnon-modular-include-in-framework-module -Werror\=non-modular-include-in-framework-module -Wno-trigraphs -Wno-missing-field-initializers -Wno-missing-prototypes -Wno-return-type -Wno-missing-braces -Wparentheses -Wswitch -Wno-unused-function -Wno-unused-label -Wno-unused-parameter -Wno-unused-variable -Wunused-value -Wno-empty-body -Wno-uninitialized -Wno-unknown-pragmas -w -Wno-shadow -Wno-four-char-constants -Wno-conversion -Wno-constant-conversion -Wno-int-conversion -Wno-bool-conversion -Wno-enum-conversion -Wno-float-conversion -Wno-non-literal-null-conversion -Wno-objc-literal-conversion -Wshorten-64-to-32 -Wpointer-sign -Wno-newline-eof -Wno-implicit-fallthrough -isysroot /Applications/Xcode.app/Contents/Developer/Platforms/iPhoneSimulator.platform/Developer/SDKs/iPhoneSimulator26.4.sdk -fstrict-aliasing -Wdeprecated-declarations -Wno-sign-conversion -Wno-infinite-recursion -Wno-comma -Wno-block-capture-autoreleasing -Wno-strict-prototypes -Wno-semicolon-before-method-body -index-store-path /Users/aadityasingh/Library/Developer/Xcode/DerivedData/Chatlio-erkyzdeecsohoaggpwbjdvavzqfv/Index.noindex/DataStore @/Users/aadityasingh/Library/Developer/Xcode/DerivedData/Chatlio-erkyzdeecsohoaggpwbjdvavzqfv/Build/Intermediates.noindex/PostHog.build/Debug-iphonesimulator/phlibwebp.build/Objects-normal/arm64/7187679823f38a2a940e0043cdf9d637-common-args.resp -MMD -MT dependencies -MF /Users/aadityasingh/Library/Developer/Xcode/DerivedData/Chatlio-erkyzdeecsohoaggpwbjdvavzqfv/Build/Intermediates.noindex/PostHog.build/Debug-iphonesimulator/phlibwebp.build/Objects-normal/arm64/picture_tools_enc.d --serialize-diagnostics /Users/aadityasingh/Library/Developer/Xcode/DerivedData/Chatlio-erkyzdeecsohoaggpwbjdvavzqfv/Build/Intermediates.noindex/PostHog.build/Debug-iphonesimulator/phlibwebp.build/Objects-normal/arm64/picture_tools_enc.dia -c /Users/aadityasingh/Library/Developer/Xcode/DerivedData/Chatlio-erkyzdeecsohoaggpwbjdvavzqfv/SourcePackages/checkouts/posthog-ios/vendor/libwebp/picture_tools_enc.c -o /Users/aadityasingh/Library/Developer/Xcode/DerivedData/Chatlio-erkyzdeecsohoaggpwbjdvavzqfv/Build/Intermediates.noindex/PostHog.build/Debug-iphonesimulator/phlibwebp.build/Objects-normal/arm64/picture_tools_enc.o -index-unit-output-path /PostHog.build/Debug-iphonesimulator/phlibwebp.build/Objects-normal/arm64/picture_tools_enc.o

CompileC /Users/aadityasingh/Library/Developer/Xcode/DerivedData/Chatlio-erkyzdeecsohoaggpwbjdvavzqfv/Build/Intermediates.noindex/PostHog.build/Debug-iphonesimulator/phlibwebp.build/Objects-normal/arm64/picture_rescale_enc.o /Users/aadityasingh/Library/Developer/Xcode/DerivedData/Chatlio-erkyzdeecsohoaggpwbjdvavzqfv/SourcePackages/checkouts/posthog-ios/vendor/libwebp/picture_rescale_enc.c normal arm64 c com.apple.compilers.llvm.clang.1_0.compiler (in target 'phlibwebp' from project 'PostHog')
    cd /Users/aadityasingh/Documents/Development/element-x-ios/Chatlio.xcodeproj
    
    Using response file: /Users/aadityasingh/Library/Developer/Xcode/DerivedData/Chatlio-erkyzdeecsohoaggpwbjdvavzqfv/Build/Intermediates.noindex/PostHog.build/Debug-iphonesimulator/phlibwebp.build/Objects-normal/arm64/7187679823f38a2a940e0043cdf9d637-common-args.resp
    
    /Applications/Xcode.app/Contents/Developer/Toolchains/XcodeDefault.xctoolchain/usr/bin/clang -x c -ivfsstatcache /Users/aadityasingh/Library/Developer/Xcode/DerivedData/SDKStatCaches.noindex/iphonesimulator26.4-23E252-686eebb5dc1d8ecb277353a59184f4aa.sdkstatcache -target arm64-apple-ios13.0-simulator -fmessage-length\=0 -fdiagnostics-show-note-include-stack -fmacro-backtrace-limit\=0 -fno-color-diagnostics -fmodules-prune-interval\=86400 -fmodules-prune-after\=345600 -fbuild-session-file\=/Users/aadityasingh/Library/Developer/Xcode/DerivedData/ModuleCache.noindex/Session.modulevalidation -fmodules-validate-once-per-build-session -Wnon-modular-include-in-framework-module -Werror\=non-modular-include-in-framework-module -Wno-trigraphs -Wno-missing-field-initializers -Wno-missing-prototypes -Wno-return-type -Wno-missing-braces -Wparentheses -Wswitch -Wno-unused-function -Wno-unused-label -Wno-unused-parameter -Wno-unused-variable -Wunused-value -Wno-empty-body -Wno-uninitialized -Wno-unknown-pragmas -w -Wno-shadow -Wno-four-char-constants -Wno-conversion -Wno-constant-conversion -Wno-int-conversion -Wno-bool-conversion -Wno-enum-conversion -Wno-float-conversion -Wno-non-literal-null-conversion -Wno-objc-literal-conversion -Wshorten-64-to-32 -Wpointer-sign -Wno-newline-eof -Wno-implicit-fallthrough -isysroot /Applications/Xcode.app/Contents/Developer/Platforms/iPhoneSimulator.platform/Developer/SDKs/iPhoneSimulator26.4.sdk -fstrict-aliasing -Wdeprecated-declarations -Wno-sign-conversion -Wno-infinite-recursion -Wno-comma -Wno-block-capture-autoreleasing -Wno-strict-prototypes -Wno-semicolon-before-method-body -index-store-path /Users/aadityasingh/Library/Developer/Xcode/DerivedData/Chatlio-erkyzdeecsohoaggpwbjdvavzqfv/Index.noindex/DataStore @/Users/aadityasingh/Library/Developer/Xcode/DerivedData/Chatlio-erkyzdeecsohoaggpwbjdvavzqfv/Build/Intermediates.noindex/PostHog.build/Debug-iphonesimulator/phlibwebp.build/Objects-normal/arm64/7187679823f38a2a940e0043cdf9d637-common-args.resp -MMD -MT dependencies -MF /Users/aadityasingh/Library/Developer/Xcode/DerivedData/Chatlio-erkyzdeecsohoaggpwbjdvavzqfv/Build/Intermediates.noindex/PostHog.build/Debug-iphonesimulator/phlibwebp.build/Objects-normal/arm64/picture_rescale_enc.d --serialize-diagnostics /Users/aadityasingh/Library/Developer/Xcode/DerivedData/Chatlio-erkyzdeecsohoaggpwbjdvavzqfv/Build/Intermediates.noindex/PostHog.build/Debug-iphonesimulator/phlibwebp.build/Objects-normal/arm64/picture_rescale_enc.dia -c /Users/aadityasingh/Library/Developer/Xcode/DerivedData/Chatlio-erkyzdeecsohoaggpwbjdvavzqfv/SourcePackages/checkouts/posthog-ios/vendor/libwebp/picture_rescale_enc.c -o /Users/aadityasingh/Library/Developer/Xcode/DerivedData/Chatlio-erkyzdeecsohoaggpwbjdvavzqfv/Build/Intermediates.noindex/PostHog.build/Debug-iphonesimulator/phlibwebp.build/Objects-normal/arm64/picture_rescale_enc.o -index-unit-output-path /PostHog.build/Debug-iphonesimulator/phlibwebp.build/Objects-normal/arm64/picture_rescale_enc.o

CompileC /Users/aadityasingh/Library/Developer/Xcode/DerivedData/Chatlio-erkyzdeecsohoaggpwbjdvavzqfv/Build/Intermediates.noindex/PostHog.build/Debug-iphonesimulator/phlibwebp.build/Objects-normal/arm64/picture_psnr_enc.o /Users/aadityasingh/Library/Developer/Xcode/DerivedData/Chatlio-erkyzdeecsohoaggpwbjdvavzqfv/SourcePackages/checkouts/posthog-ios/vendor/libwebp/picture_psnr_enc.c normal arm64 c com.apple.compilers.llvm.clang.1_0.compiler (in target 'phlibwebp' from project 'PostHog')
    cd /Users/aadityasingh/Documents/Development/element-x-ios/Chatlio.xcodeproj
    
    Using response file: /Users/aadityasingh/Library/Developer/Xcode/DerivedData/Chatlio-erkyzdeecsohoaggpwbjdvavzqfv/Build/Intermediates.noindex/PostHog.build/Debug-iphonesimulator/phlibwebp.build/Objects-normal/arm64/7187679823f38a2a940e0043cdf9d637-common-args.resp
    
    /Applications/Xcode.app/Contents/Developer/Toolchains/XcodeDefault.xctoolchain/usr/bin/clang -x c -ivfsstatcache /Users/aadityasingh/Library/Developer/Xcode/DerivedData/SDKStatCaches.noindex/iphonesimulator26.4-23E252-686eebb5dc1d8ecb277353a59184f4aa.sdkstatcache -target arm64-apple-ios13.0-simulator -fmessage-length\=0 -fdiagnostics-show-note-include-stack -fmacro-backtrace-limit\=0 -fno-color-diagnostics -fmodules-prune-interval\=86400 -fmodules-prune-after\=345600 -fbuild-session-file\=/Users/aadityasingh/Library/Developer/Xcode/DerivedData/ModuleCache.noindex/Session.modulevalidation -fmodules-validate-once-per-build-session -Wnon-modular-include-in-framework-module -Werror\=non-modular-include-in-framework-module -Wno-trigraphs -Wno-missing-field-initializers -Wno-missing-prototypes -Wno-return-type -Wno-missing-braces -Wparentheses -Wswitch -Wno-unused-function -Wno-unused-label -Wno-unused-parameter -Wno-unused-variable -Wunused-value -Wno-empty-body -Wno-uninitialized -Wno-unknown-pragmas -w -Wno-shadow -Wno-four-char-constants -Wno-conversion -Wno-constant-conversion -Wno-int-conversion -Wno-bool-conversion -Wno-enum-conversion -Wno-float-conversion -Wno-non-literal-null-conversion -Wno-objc-literal-conversion -Wshorten-64-to-32 -Wpointer-sign -Wno-newline-eof -Wno-implicit-fallthrough -isysroot /Applications/Xcode.app/Contents/Developer/Platforms/iPhoneSimulator.platform/Developer/SDKs/iPhoneSimulator26.4.sdk -fstrict-aliasing -Wdeprecated-declarations -Wno-sign-conversion -Wno-infinite-recursion -Wno-comma -Wno-block-capture-autoreleasing -Wno-strict-prototypes -Wno-semicolon-before-method-body -index-store-path /Users/aadityasingh/Library/Developer/Xcode/DerivedData/Chatlio-erkyzdeecsohoaggpwbjdvavzqfv/Index.noindex/DataStore @/Users/aadityasingh/Library/Developer/Xcode/DerivedData/Chatlio-erkyzdeecsohoaggpwbjdvavzqfv/Build/Intermediates.noindex/PostHog.build/Debug-iphonesimulator/phlibwebp.build/Objects-normal/arm64/7187679823f38a2a940e0043cdf9d637-common-args.resp -MMD -MT dependencies -MF /Users/aadityasingh/Library/Developer/Xcode/DerivedData/Chatlio-erkyzdeecsohoaggpwbjdvavzqfv/Build/Intermediates.noindex/PostHog.build/Debug-iphonesimulator/phlibwebp.build/Objects-normal/arm64/picture_psnr_enc.d --serialize-diagnostics /Users/aadityasingh/Library/Developer/Xcode/DerivedData/Chatlio-erkyzdeecsohoaggpwbjdvavzqfv/Build/Intermediates.noindex/PostHog.build/Debug-iphonesimulator/phlibwebp.build/Objects-normal/arm64/picture_psnr_enc.dia -c /Users/aadityasingh/Library/Developer/Xcode/DerivedData/Chatlio-erkyzdeecsohoaggpwbjdvavzqfv/SourcePackages/checkouts/posthog-ios/vendor/libwebp/picture_psnr_enc.c -o /Users/aadityasingh/Library/Developer/Xcode/DerivedData/Chatlio-erkyzdeecsohoaggpwbjdvavzqfv/Build/Intermediates.noindex/PostHog.build/Debug-iphonesimulator/phlibwebp.build/Objects-normal/arm64/picture_psnr_enc.o -index-unit-output-path /PostHog.build/Debug-iphonesimulator/phlibwebp.build/Objects-normal/arm64/picture_psnr_enc.o

CompileC /Users/aadityasingh/Library/Developer/Xcode/DerivedData/Chatlio-erkyzdeecsohoaggpwbjdvavzqfv/Build/Intermediates.noindex/PostHog.build/Debug-iphonesimulator/phlibwebp.build/Objects-normal/arm64/picture_enc.o /Users/aadityasingh/Library/Developer/Xcode/DerivedData/Chatlio-erkyzdeecsohoaggpwbjdvavzqfv/SourcePackages/checkouts/posthog-ios/vendor/libwebp/picture_enc.c normal arm64 c com.apple.compilers.llvm.clang.1_0.compiler (in target 'phlibwebp' from project 'PostHog')
    cd /Users/aadityasingh/Documents/Development/element-x-ios/Chatlio.xcodeproj
    
    Using response file: /Users/aadityasingh/Library/Developer/Xcode/DerivedData/Chatlio-erkyzdeecsohoaggpwbjdvavzqfv/Build/Intermediates.noindex/PostHog.build/Debug-iphonesimulator/phlibwebp.build/Objects-normal/arm64/7187679823f38a2a940e0043cdf9d637-common-args.resp
    
    /Applications/Xcode.app/Contents/Developer/Toolchains/XcodeDefault.xctoolchain/usr/bin/clang -x c -ivfsstatcache /Users/aadityasingh/Library/Developer/Xcode/DerivedData/SDKStatCaches.noindex/iphonesimulator26.4-23E252-686eebb5dc1d8ecb277353a59184f4aa.sdkstatcache -target arm64-apple-ios13.0-simulator -fmessage-length\=0 -fdiagnostics-show-note-include-stack -fmacro-backtrace-limit\=0 -fno-color-diagnostics -fmodules-prune-interval\=86400 -fmodules-prune-after\=345600 -fbuild-session-file\=/Users/aadityasingh/Library/Developer/Xcode/DerivedData/ModuleCache.noindex/Session.modulevalidation -fmodules-validate-once-per-build-session -Wnon-modular-include-in-framework-module -Werror\=non-modular-include-in-framework-module -Wno-trigraphs -Wno-missing-field-initializers -Wno-missing-prototypes -Wno-return-type -Wno-missing-braces -Wparentheses -Wswitch -Wno-unused-function -Wno-unused-label -Wno-unused-parameter -Wno-unused-variable -Wunused-value -Wno-empty-body -Wno-uninitialized -Wno-unknown-pragmas -w -Wno-shadow -Wno-four-char-constants -Wno-conversion -Wno-constant-conversion -Wno-int-conversion -Wno-bool-conversion -Wno-enum-conversion -Wno-float-conversion -Wno-non-literal-null-conversion -Wno-objc-literal-conversion -Wshorten-64-to-32 -Wpointer-sign -Wno-newline-eof -Wno-implicit-fallthrough -isysroot /Applications/Xcode.app/Contents/Developer/Platforms/iPhoneSimulator.platform/Developer/SDKs/iPhoneSimulator26.4.sdk -fstrict-aliasing -Wdeprecated-declarations -Wno-sign-conversion -Wno-infinite-recursion -Wno-comma -Wno-block-capture-autoreleasing -Wno-strict-prototypes -Wno-semicolon-before-method-body -index-store-path /Users/aadityasingh/Library/Developer/Xcode/DerivedData/Chatlio-erkyzdeecsohoaggpwbjdvavzqfv/Index.noindex/DataStore @/Users/aadityasingh/Library/Developer/Xcode/DerivedData/Chatlio-erkyzdeecsohoaggpwbjdvavzqfv/Build/Intermediates.noindex/PostHog.build/Debug-iphonesimulator/phlibwebp.build/Objects-normal/arm64/7187679823f38a2a940e0043cdf9d637-common-args.resp -MMD -MT dependencies -MF /Users/aadityasingh/Library/Developer/Xcode/DerivedData/Chatlio-erkyzdeecsohoaggpwbjdvavzqfv/Build/Intermediates.noindex/PostHog.build/Debug-iphonesimulator/phlibwebp.build/Objects-normal/arm64/picture_enc.d --serialize-diagnostics /Users/aadityasingh/Library/Developer/Xcode/DerivedData/Chatlio-erkyzdeecsohoaggpwbjdvavzqfv/Build/Intermediates.noindex/PostHog.build/Debug-iphonesimulator/phlibwebp.build/Objects-normal/arm64/picture_enc.dia -c /Users/aadityasingh/Library/Developer/Xcode/DerivedData/Chatlio-erkyzdeecsohoaggpwbjdvavzqfv/SourcePackages/checkouts/posthog-ios/vendor/libwebp/picture_enc.c -o /Users/aadityasingh/Library/Developer/Xcode/DerivedData/Chatlio-erkyzdeecsohoaggpwbjdvavzqfv/Build/Intermediates.noindex/PostHog.build/Debug-iphonesimulator/phlibwebp.build/Objects-normal/arm64/picture_enc.o -index-unit-output-path /PostHog.build/Debug-iphonesimulator/phlibwebp.build/Objects-normal/arm64/picture_enc.o

CompileC /Users/aadityasingh/Library/Developer/Xcode/DerivedData/Chatlio-erkyzdeecsohoaggpwbjdvavzqfv/Build/Intermediates.noindex/PostHog.build/Debug-iphonesimulator/phlibwebp.build/Objects-normal/arm64/picture_csp_enc.o /Users/aadityasingh/Library/Developer/Xcode/DerivedData/Chatlio-erkyzdeecsohoaggpwbjdvavzqfv/SourcePackages/checkouts/posthog-ios/vendor/libwebp/picture_csp_enc.c normal arm64 c com.apple.compilers.llvm.clang.1_0.compiler (in target 'phlibwebp' from project 'PostHog')
    cd /Users/aadityasingh/Documents/Development/element-x-ios/Chatlio.xcodeproj
    
    Using response file: /Users/aadityasingh/Library/Developer/Xcode/DerivedData/Chatlio-erkyzdeecsohoaggpwbjdvavzqfv/Build/Intermediates.noindex/PostHog.build/Debug-iphonesimulator/phlibwebp.build/Objects-normal/arm64/7187679823f38a2a940e0043cdf9d637-common-args.resp
    
    /Applications/Xcode.app/Contents/Developer/Toolchains/XcodeDefault.xctoolchain/usr/bin/clang -x c -ivfsstatcache /Users/aadityasingh/Library/Developer/Xcode/DerivedData/SDKStatCaches.noindex/iphonesimulator26.4-23E252-686eebb5dc1d8ecb277353a59184f4aa.sdkstatcache -target arm64-apple-ios13.0-simulator -fmessage-length\=0 -fdiagnostics-show-note-include-stack -fmacro-backtrace-limit\=0 -fno-color-diagnostics -fmodules-prune-interval\=86400 -fmodules-prune-after\=345600 -fbuild-session-file\=/Users/aadityasingh/Library/Developer/Xcode/DerivedData/ModuleCache.noindex/Session.modulevalidation -fmodules-validate-once-per-build-session -Wnon-modular-include-in-framework-module -Werror\=non-modular-include-in-framework-module -Wno-trigraphs -Wno-missing-field-initializers -Wno-missing-prototypes -Wno-return-type -Wno-missing-braces -Wparentheses -Wswitch -Wno-unused-function -Wno-unused-label -Wno-unused-parameter -Wno-unused-variable -Wunused-value -Wno-empty-body -Wno-uninitialized -Wno-unknown-pragmas -w -Wno-shadow -Wno-four-char-constants -Wno-conversion -Wno-constant-conversion -Wno-int-conversion -Wno-bool-conversion -Wno-enum-conversion -Wno-float-conversion -Wno-non-literal-null-conversion -Wno-objc-literal-conversion -Wshorten-64-to-32 -Wpointer-sign -Wno-newline-eof -Wno-implicit-fallthrough -isysroot /Applications/Xcode.app/Contents/Developer/Platforms/iPhoneSimulator.platform/Developer/SDKs/iPhoneSimulator26.4.sdk -fstrict-aliasing -Wdeprecated-declarations -Wno-sign-conversion -Wno-infinite-recursion -Wno-comma -Wno-block-capture-autoreleasing -Wno-strict-prototypes -Wno-semicolon-before-method-body -index-store-path /Users/aadityasingh/Library/Developer/Xcode/DerivedData/Chatlio-erkyzdeecsohoaggpwbjdvavzqfv/Index.noindex/DataStore @/Users/aadityasingh/Library/Developer/Xcode/DerivedData/Chatlio-erkyzdeecsohoaggpwbjdvavzqfv/Build/Intermediates.noindex/PostHog.build/Debug-iphonesimulator/phlibwebp.build/Objects-normal/arm64/7187679823f38a2a940e0043cdf9d637-common-args.resp -MMD -MT dependencies -MF /Users/aadityasingh/Library/Developer/Xcode/DerivedData/Chatlio-erkyzdeecsohoaggpwbjdvavzqfv/Build/Intermediates.noindex/PostHog.build/Debug-iphonesimulator/phlibwebp.build/Objects-normal/arm64/picture_csp_enc.d --serialize-diagnostics /Users/aadityasingh/Library/Developer/Xcode/DerivedData/Chatlio-erkyzdeecsohoaggpwbjdvavzqfv/Build/Intermediates.noindex/PostHog.build/Debug-iphonesimulator/phlibwebp.build/Objects-normal/arm64/picture_csp_enc.dia -c /Users/aadityasingh/Library/Developer/Xcode/DerivedData/Chatlio-erkyzdeecsohoaggpwbjdvavzqfv/SourcePackages/checkouts/posthog-ios/vendor/libwebp/picture_csp_enc.c -o /Users/aadityasingh/Library/Developer/Xcode/DerivedData/Chatlio-erkyzdeecsohoaggpwbjdvavzqfv/Build/Intermediates.noindex/PostHog.build/Debug-iphonesimulator/phlibwebp.build/Objects-normal/arm64/picture_csp_enc.o -index-unit-output-path /PostHog.build/Debug-iphonesimulator/phlibwebp.build/Objects-normal/arm64/picture_csp_enc.o

CompileC /Users/aadityasingh/Library/Developer/Xcode/DerivedData/Chatlio-erkyzdeecsohoaggpwbjdvavzqfv/Build/Intermediates.noindex/PostHog.build/Debug-iphonesimulator/phlibwebp.build/Objects-normal/arm64/palette.o /Users/aadityasingh/Library/Developer/Xcode/DerivedData/Chatlio-erkyzdeecsohoaggpwbjdvavzqfv/SourcePackages/checkouts/posthog-ios/vendor/libwebp/palette.c normal arm64 c com.apple.compilers.llvm.clang.1_0.compiler (in target 'phlibwebp' from project 'PostHog')
    cd /Users/aadityasingh/Documents/Development/element-x-ios/Chatlio.xcodeproj
    
    Using response file: /Users/aadityasingh/Library/Developer/Xcode/DerivedData/Chatlio-erkyzdeecsohoaggpwbjdvavzqfv/Build/Intermediates.noindex/PostHog.build/Debug-iphonesimulator/phlibwebp.build/Objects-normal/arm64/7187679823f38a2a940e0043cdf9d637-common-args.resp
    
    /Applications/Xcode.app/Contents/Developer/Toolchains/XcodeDefault.xctoolchain/usr/bin/clang -x c -ivfsstatcache /Users/aadityasingh/Library/Developer/Xcode/DerivedData/SDKStatCaches.noindex/iphonesimulator26.4-23E252-686eebb5dc1d8ecb277353a59184f4aa.sdkstatcache -target arm64-apple-ios13.0-simulator -fmessage-length\=0 -fdiagnostics-show-note-include-stack -fmacro-backtrace-limit\=0 -fno-color-diagnostics -fmodules-prune-interval\=86400 -fmodules-prune-after\=345600 -fbuild-session-file\=/Users/aadityasingh/Library/Developer/Xcode/DerivedData/ModuleCache.noindex/Session.modulevalidation -fmodules-validate-once-per-build-session -Wnon-modular-include-in-framework-module -Werror\=non-modular-include-in-framework-module -Wno-trigraphs -Wno-missing-field-initializers -Wno-missing-prototypes -Wno-return-type -Wno-missing-braces -Wparentheses -Wswitch -Wno-unused-function -Wno-unused-label -Wno-unused-parameter -Wno-unused-variable -Wunused-value -Wno-empty-body -Wno-uninitialized -Wno-unknown-pragmas -w -Wno-shadow -Wno-four-char-constants -Wno-conversion -Wno-constant-conversion -Wno-int-conversion -Wno-bool-conversion -Wno-enum-conversion -Wno-float-conversion -Wno-non-literal-null-conversion -Wno-objc-literal-conversion -Wshorten-64-to-32 -Wpointer-sign -Wno-newline-eof -Wno-implicit-fallthrough -isysroot /Applications/Xcode.app/Contents/Developer/Platforms/iPhoneSimulator.platform/Developer/SDKs/iPhoneSimulator26.4.sdk -fstrict-aliasing -Wdeprecated-declarations -Wno-sign-conversion -Wno-infinite-recursion -Wno-comma -Wno-block-capture-autoreleasing -Wno-strict-prototypes -Wno-semicolon-before-method-body -index-store-path /Users/aadityasingh/Library/Developer/Xcode/DerivedData/Chatlio-erkyzdeecsohoaggpwbjdvavzqfv/Index.noindex/DataStore @/Users/aadityasingh/Library/Developer/Xcode/DerivedData/Chatlio-erkyzdeecsohoaggpwbjdvavzqfv/Build/Intermediates.noindex/PostHog.build/Debug-iphonesimulator/phlibwebp.build/Objects-normal/arm64/7187679823f38a2a940e0043cdf9d637-common-args.resp -MMD -MT dependencies -MF /Users/aadityasingh/Library/Developer/Xcode/DerivedData/Chatlio-erkyzdeecsohoaggpwbjdvavzqfv/Build/Intermediates.noindex/PostHog.build/Debug-iphonesimulator/phlibwebp.build/Objects-normal/arm64/palette.d --serialize-diagnostics /Users/aadityasingh/Library/Developer/Xcode/DerivedData/Chatlio-erkyzdeecsohoaggpwbjdvavzqfv/Build/Intermediates.noindex/PostHog.build/Debug-iphonesimulator/phlibwebp.build/Objects-normal/arm64/palette.dia -c /Users/aadityasingh/Library/Developer/Xcode/DerivedData/Chatlio-erkyzdeecsohoaggpwbjdvavzqfv/SourcePackages/checkouts/posthog-ios/vendor/libwebp/palette.c -o /Users/aadityasingh/Library/Developer/Xcode/DerivedData/Chatlio-erkyzdeecsohoaggpwbjdvavzqfv/Build/Intermediates.noindex/PostHog.build/Debug-iphonesimulator/phlibwebp.build/Objects-normal/arm64/palette.o -index-unit-output-path /PostHog.build/Debug-iphonesimulator/phlibwebp.build/Objects-normal/arm64/palette.o

CompileC /Users/aadityasingh/Library/Developer/Xcode/DerivedData/Chatlio-erkyzdeecsohoaggpwbjdvavzqfv/Build/Intermediates.noindex/PostHog.build/Debug-iphonesimulator/phlibwebp.build/Objects-normal/arm64/near_lossless_enc.o /Users/aadityasingh/Library/Developer/Xcode/DerivedData/Chatlio-erkyzdeecsohoaggpwbjdvavzqfv/SourcePackages/checkouts/posthog-ios/vendor/libwebp/near_lossless_enc.c normal arm64 c com.apple.compilers.llvm.clang.1_0.compiler (in target 'phlibwebp' from project 'PostHog')
    cd /Users/aadityasingh/Documents/Development/element-x-ios/Chatlio.xcodeproj
    
    Using response file: /Users/aadityasingh/Library/Developer/Xcode/DerivedData/Chatlio-erkyzdeecsohoaggpwbjdvavzqfv/Build/Intermediates.noindex/PostHog.build/Debug-iphonesimulator/phlibwebp.build/Objects-normal/arm64/7187679823f38a2a940e0043cdf9d637-common-args.resp
    
    /Applications/Xcode.app/Contents/Developer/Toolchains/XcodeDefault.xctoolchain/usr/bin/clang -x c -ivfsstatcache /Users/aadityasingh/Library/Developer/Xcode/DerivedData/SDKStatCaches.noindex/iphonesimulator26.4-23E252-686eebb5dc1d8ecb277353a59184f4aa.sdkstatcache -target arm64-apple-ios13.0-simulator -fmessage-length\=0 -fdiagnostics-show-note-include-stack -fmacro-backtrace-limit\=0 -fno-color-diagnostics -fmodules-prune-interval\=86400 -fmodules-prune-after\=345600 -fbuild-session-file\=/Users/aadityasingh/Library/Developer/Xcode/DerivedData/ModuleCache.noindex/Session.modulevalidation -fmodules-validate-once-per-build-session -Wnon-modular-include-in-framework-module -Werror\=non-modular-include-in-framework-module -Wno-trigraphs -Wno-missing-field-initializers -Wno-missing-prototypes -Wno-return-type -Wno-missing-braces -Wparentheses -Wswitch -Wno-unused-function -Wno-unused-label -Wno-unused-parameter -Wno-unused-variable -Wunused-value -Wno-empty-body -Wno-uninitialized -Wno-unknown-pragmas -w -Wno-shadow -Wno-four-char-constants -Wno-conversion -Wno-constant-conversion -Wno-int-conversion -Wno-bool-conversion -Wno-enum-conversion -Wno-float-conversion -Wno-non-literal-null-conversion -Wno-objc-literal-conversion -Wshorten-64-to-32 -Wpointer-sign -Wno-newline-eof -Wno-implicit-fallthrough -isysroot /Applications/Xcode.app/Contents/Developer/Platforms/iPhoneSimulator.platform/Developer/SDKs/iPhoneSimulator26.4.sdk -fstrict-aliasing -Wdeprecated-declarations -Wno-sign-conversion -Wno-infinite-recursion -Wno-comma -Wno-block-capture-autoreleasing -Wno-strict-prototypes -Wno-semicolon-before-method-body -index-store-path /Users/aadityasingh/Library/Developer/Xcode/DerivedData/Chatlio-erkyzdeecsohoaggpwbjdvavzqfv/Index.noindex/DataStore @/Users/aadityasingh/Library/Developer/Xcode/DerivedData/Chatlio-erkyzdeecsohoaggpwbjdvavzqfv/Build/Intermediates.noindex/PostHog.build/Debug-iphonesimulator/phlibwebp.build/Objects-normal/arm64/7187679823f38a2a940e0043cdf9d637-common-args.resp -MMD -MT dependencies -MF /Users/aadityasingh/Library/Developer/Xcode/DerivedData/Chatlio-erkyzdeecsohoaggpwbjdvavzqfv/Build/Intermediates.noindex/PostHog.build/Debug-iphonesimulator/phlibwebp.build/Objects-normal/arm64/near_lossless_enc.d --serialize-diagnostics /Users/aadityasingh/Library/Developer/Xcode/DerivedData/Chatlio-erkyzdeecsohoaggpwbjdvavzqfv/Build/Intermediates.noindex/PostHog.build/Debug-iphonesimulator/phlibwebp.build/Objects-normal/arm64/near_lossless_enc.dia -c /Users/aadityasingh/Library/Developer/Xcode/DerivedData/Chatlio-erkyzdeecsohoaggpwbjdvavzqfv/SourcePackages/checkouts/posthog-ios/vendor/libwebp/near_lossless_enc.c -o /Users/aadityasingh/Library/Developer/Xcode/DerivedData/Chatlio-erkyzdeecsohoaggpwbjdvavzqfv/Build/Intermediates.noindex/PostHog.build/Debug-iphonesimulator/phlibwebp.build/Objects-normal/arm64/near_lossless_enc.o -index-unit-output-path /PostHog.build/Debug-iphonesimulator/phlibwebp.build/Objects-normal/arm64/near_lossless_enc.o

CompileC /Users/aadityasingh/Library/Developer/Xcode/DerivedData/Chatlio-erkyzdeecsohoaggpwbjdvavzqfv/Build/Intermediates.noindex/PostHog.build/Debug-iphonesimulator/phlibwebp.build/Objects-normal/arm64/muxread.o /Users/aadityasingh/Library/Developer/Xcode/DerivedData/Chatlio-erkyzdeecsohoaggpwbjdvavzqfv/SourcePackages/checkouts/posthog-ios/vendor/libwebp/muxread.c normal arm64 c com.apple.compilers.llvm.clang.1_0.compiler (in target 'phlibwebp' from project 'PostHog')
    cd /Users/aadityasingh/Documents/Development/element-x-ios/Chatlio.xcodeproj
    
    Using response file: /Users/aadityasingh/Library/Developer/Xcode/DerivedData/Chatlio-erkyzdeecsohoaggpwbjdvavzqfv/Build/Intermediates.noindex/PostHog.build/Debug-iphonesimulator/phlibwebp.build/Objects-normal/arm64/7187679823f38a2a940e0043cdf9d637-common-args.resp
    
    /Applications/Xcode.app/Contents/Developer/Toolchains/XcodeDefault.xctoolchain/usr/bin/clang -x c -ivfsstatcache /Users/aadityasingh/Library/Developer/Xcode/DerivedData/SDKStatCaches.noindex/iphonesimulator26.4-23E252-686eebb5dc1d8ecb277353a59184f4aa.sdkstatcache -target arm64-apple-ios13.0-simulator -fmessage-length\=0 -fdiagnostics-show-note-include-stack -fmacro-backtrace-limit\=0 -fno-color-diagnostics -fmodules-prune-interval\=86400 -fmodules-prune-after\=345600 -fbuild-session-file\=/Users/aadityasingh/Library/Developer/Xcode/DerivedData/ModuleCache.noindex/Session.modulevalidation -fmodules-validate-once-per-build-session -Wnon-modular-include-in-framework-module -Werror\=non-modular-include-in-framework-module -Wno-trigraphs -Wno-missing-field-initializers -Wno-missing-prototypes -Wno-return-type -Wno-missing-braces -Wparentheses -Wswitch -Wno-unused-function -Wno-unused-label -Wno-unused-parameter -Wno-unused-variable -Wunused-value -Wno-empty-body -Wno-uninitialized -Wno-unknown-pragmas -w -Wno-shadow -Wno-four-char-constants -Wno-conversion -Wno-constant-conversion -Wno-int-conversion -Wno-bool-conversion -Wno-enum-conversion -Wno-float-conversion -Wno-non-literal-null-conversion -Wno-objc-literal-conversion -Wshorten-64-to-32 -Wpointer-sign -Wno-newline-eof -Wno-implicit-fallthrough -isysroot /Applications/Xcode.app/Contents/Developer/Platforms/iPhoneSimulator.platform/Developer/SDKs/iPhoneSimulator26.4.sdk -fstrict-aliasing -Wdeprecated-declarations -Wno-sign-conversion -Wno-infinite-recursion -Wno-comma -Wno-block-capture-autoreleasing -Wno-strict-prototypes -Wno-semicolon-before-method-body -index-store-path /Users/aadityasingh/Library/Developer/Xcode/DerivedData/Chatlio-erkyzdeecsohoaggpwbjdvavzqfv/Index.noindex/DataStore @/Users/aadityasingh/Library/Developer/Xcode/DerivedData/Chatlio-erkyzdeecsohoaggpwbjdvavzqfv/Build/Intermediates.noindex/PostHog.build/Debug-iphonesimulator/phlibwebp.build/Objects-normal/arm64/7187679823f38a2a940e0043cdf9d637-common-args.resp -MMD -MT dependencies -MF /Users/aadityasingh/Library/Developer/Xcode/DerivedData/Chatlio-erkyzdeecsohoaggpwbjdvavzqfv/Build/Intermediates.noindex/PostHog.build/Debug-iphonesimulator/phlibwebp.build/Objects-normal/arm64/muxread.d --serialize-diagnostics /Users/aadityasingh/Library/Developer/Xcode/DerivedData/Chatlio-erkyzdeecsohoaggpwbjdvavzqfv/Build/Intermediates.noindex/PostHog.build/Debug-iphonesimulator/phlibwebp.build/Objects-normal/arm64/muxread.dia -c /Users/aadityasingh/Library/Developer/Xcode/DerivedData/Chatlio-erkyzdeecsohoaggpwbjdvavzqfv/SourcePackages/checkouts/posthog-ios/vendor/libwebp/muxread.c -o /Users/aadityasingh/Library/Developer/Xcode/DerivedData/Chatlio-erkyzdeecsohoaggpwbjdvavzqfv/Build/Intermediates.noindex/PostHog.build/Debug-iphonesimulator/phlibwebp.build/Objects-normal/arm64/muxread.o -index-unit-output-path /PostHog.build/Debug-iphonesimulator/phlibwebp.build/Objects-normal/arm64/muxread.o

CompileC /Users/aadityasingh/Library/Developer/Xcode/DerivedData/Chatlio-erkyzdeecsohoaggpwbjdvavzqfv/Build/Intermediates.noindex/PostHog.build/Debug-iphonesimulator/phlibwebp.build/Objects-normal/arm64/muxinternal.o /Users/aadityasingh/Library/Developer/Xcode/DerivedData/Chatlio-erkyzdeecsohoaggpwbjdvavzqfv/SourcePackages/checkouts/posthog-ios/vendor/libwebp/muxinternal.c normal arm64 c com.apple.compilers.llvm.clang.1_0.compiler (in target 'phlibwebp' from project 'PostHog')
    cd /Users/aadityasingh/Documents/Development/element-x-ios/Chatlio.xcodeproj
    
    Using response file: /Users/aadityasingh/Library/Developer/Xcode/DerivedData/Chatlio-erkyzdeecsohoaggpwbjdvavzqfv/Build/Intermediates.noindex/PostHog.build/Debug-iphonesimulator/phlibwebp.build/Objects-normal/arm64/7187679823f38a2a940e0043cdf9d637-common-args.resp
    
    /Applications/Xcode.app/Contents/Developer/Toolchains/XcodeDefault.xctoolchain/usr/bin/clang -x c -ivfsstatcache /Users/aadityasingh/Library/Developer/Xcode/DerivedData/SDKStatCaches.noindex/iphonesimulator26.4-23E252-686eebb5dc1d8ecb277353a59184f4aa.sdkstatcache -target arm64-apple-ios13.0-simulator -fmessage-length\=0 -fdiagnostics-show-note-include-stack -fmacro-backtrace-limit\=0 -fno-color-diagnostics -fmodules-prune-interval\=86400 -fmodules-prune-after\=345600 -fbuild-session-file\=/Users/aadityasingh/Library/Developer/Xcode/DerivedData/ModuleCache.noindex/Session.modulevalidation -fmodules-validate-once-per-build-session -Wnon-modular-include-in-framework-module -Werror\=non-modular-include-in-framework-module -Wno-trigraphs -Wno-missing-field-initializers -Wno-missing-prototypes -Wno-return-type -Wno-missing-braces -Wparentheses -Wswitch -Wno-unused-function -Wno-unused-label -Wno-unused-parameter -Wno-unused-variable -Wunused-value -Wno-empty-body -Wno-uninitialized -Wno-unknown-pragmas -w -Wno-shadow -Wno-four-char-constants -Wno-conversion -Wno-constant-conversion -Wno-int-conversion -Wno-bool-conversion -Wno-enum-conversion -Wno-float-conversion -Wno-non-literal-null-conversion -Wno-objc-literal-conversion -Wshorten-64-to-32 -Wpointer-sign -Wno-newline-eof -Wno-implicit-fallthrough -isysroot /Applications/Xcode.app/Contents/Developer/Platforms/iPhoneSimulator.platform/Developer/SDKs/iPhoneSimulator26.4.sdk -fstrict-aliasing -Wdeprecated-declarations -Wno-sign-conversion -Wno-infinite-recursion -Wno-comma -Wno-block-capture-autoreleasing -Wno-strict-prototypes -Wno-semicolon-before-method-body -index-store-path /Users/aadityasingh/Library/Developer/Xcode/DerivedData/Chatlio-erkyzdeecsohoaggpwbjdvavzqfv/Index.noindex/DataStore @/Users/aadityasingh/Library/Developer/Xcode/DerivedData/Chatlio-erkyzdeecsohoaggpwbjdvavzqfv/Build/Intermediates.noindex/PostHog.build/Debug-iphonesimulator/phlibwebp.build/Objects-normal/arm64/7187679823f38a2a940e0043cdf9d637-common-args.resp -MMD -MT dependencies -MF /Users/aadityasingh/Library/Developer/Xcode/DerivedData/Chatlio-erkyzdeecsohoaggpwbjdvavzqfv/Build/Intermediates.noindex/PostHog.build/Debug-iphonesimulator/phlibwebp.build/Objects-normal/arm64/muxinternal.d --serialize-diagnostics /Users/aadityasingh/Library/Developer/Xcode/DerivedData/Chatlio-erkyzdeecsohoaggpwbjdvavzqfv/Build/Intermediates.noindex/PostHog.build/Debug-iphonesimulator/phlibwebp.build/Objects-normal/arm64/muxinternal.dia -c /Users/aadityasingh/Library/Developer/Xcode/DerivedData/Chatlio-erkyzdeecsohoaggpwbjdvavzqfv/SourcePackages/checkouts/posthog-ios/vendor/libwebp/muxinternal.c -o /Users/aadityasingh/Library/Developer/Xcode/DerivedData/Chatlio-erkyzdeecsohoaggpwbjdvavzqfv/Build/Intermediates.noindex/PostHog.build/Debug-iphonesimulator/phlibwebp.build/Objects-normal/arm64/muxinternal.o -index-unit-output-path /PostHog.build/Debug-iphonesimulator/phlibwebp.build/Objects-normal/arm64/muxinternal.o

CompileC /Users/aadityasingh/Library/Developer/Xcode/DerivedData/Chatlio-erkyzdeecsohoaggpwbjdvavzqfv/Build/Intermediates.noindex/PostHog.build/Debug-iphonesimulator/phlibwebp.build/Objects-normal/arm64/muxedit.o /Users/aadityasingh/Library/Developer/Xcode/DerivedData/Chatlio-erkyzdeecsohoaggpwbjdvavzqfv/SourcePackages/checkouts/posthog-ios/vendor/libwebp/muxedit.c normal arm64 c com.apple.compilers.llvm.clang.1_0.compiler (in target 'phlibwebp' from project 'PostHog')
    cd /Users/aadityasingh/Documents/Development/element-x-ios/Chatlio.xcodeproj
    
    Using response file: /Users/aadityasingh/Library/Developer/Xcode/DerivedData/Chatlio-erkyzdeecsohoaggpwbjdvavzqfv/Build/Intermediates.noindex/PostHog.build/Debug-iphonesimulator/phlibwebp.build/Objects-normal/arm64/7187679823f38a2a940e0043cdf9d637-common-args.resp
    
    /Applications/Xcode.app/Contents/Developer/Toolchains/XcodeDefault.xctoolchain/usr/bin/clang -x c -ivfsstatcache /Users/aadityasingh/Library/Developer/Xcode/DerivedData/SDKStatCaches.noindex/iphonesimulator26.4-23E252-686eebb5dc1d8ecb277353a59184f4aa.sdkstatcache -target arm64-apple-ios13.0-simulator -fmessage-length\=0 -fdiagnostics-show-note-include-stack -fmacro-backtrace-limit\=0 -fno-color-diagnostics -fmodules-prune-interval\=86400 -fmodules-prune-after\=345600 -fbuild-session-file\=/Users/aadityasingh/Library/Developer/Xcode/DerivedData/ModuleCache.noindex/Session.modulevalidation -fmodules-validate-once-per-build-session -Wnon-modular-include-in-framework-module -Werror\=non-modular-include-in-framework-module -Wno-trigraphs -Wno-missing-field-initializers -Wno-missing-prototypes -Wno-return-type -Wno-missing-braces -Wparentheses -Wswitch -Wno-unused-function -Wno-unused-label -Wno-unused-parameter -Wno-unused-variable -Wunused-value -Wno-empty-body -Wno-uninitialized -Wno-unknown-pragmas -w -Wno-shadow -Wno-four-char-constants -Wno-conversion -Wno-constant-conversion -Wno-int-conversion -Wno-bool-conversion -Wno-enum-conversion -Wno-float-conversion -Wno-non-literal-null-conversion -Wno-objc-literal-conversion -Wshorten-64-to-32 -Wpointer-sign -Wno-newline-eof -Wno-implicit-fallthrough -isysroot /Applications/Xcode.app/Contents/Developer/Platforms/iPhoneSimulator.platform/Developer/SDKs/iPhoneSimulator26.4.sdk -fstrict-aliasing -Wdeprecated-declarations -Wno-sign-conversion -Wno-infinite-recursion -Wno-comma -Wno-block-capture-autoreleasing -Wno-strict-prototypes -Wno-semicolon-before-method-body -index-store-path /Users/aadityasingh/Library/Developer/Xcode/DerivedData/Chatlio-erkyzdeecsohoaggpwbjdvavzqfv/Index.noindex/DataStore @/Users/aadityasingh/Library/Developer/Xcode/DerivedData/Chatlio-erkyzdeecsohoaggpwbjdvavzqfv/Build/Intermediates.noindex/PostHog.build/Debug-iphonesimulator/phlibwebp.build/Objects-normal/arm64/7187679823f38a2a940e0043cdf9d637-common-args.resp -MMD -MT dependencies -MF /Users/aadityasingh/Library/Developer/Xcode/DerivedData/Chatlio-erkyzdeecsohoaggpwbjdvavzqfv/Build/Intermediates.noindex/PostHog.build/Debug-iphonesimulator/phlibwebp.build/Objects-normal/arm64/muxedit.d --serialize-diagnostics /Users/aadityasingh/Library/Developer/Xcode/DerivedData/Chatlio-erkyzdeecsohoaggpwbjdvavzqfv/Build/Intermediates.noindex/PostHog.build/Debug-iphonesimulator/phlibwebp.build/Objects-normal/arm64/muxedit.dia -c /Users/aadityasingh/Library/Developer/Xcode/DerivedData/Chatlio-erkyzdeecsohoaggpwbjdvavzqfv/SourcePackages/checkouts/posthog-ios/vendor/libwebp/muxedit.c -o /Users/aadityasingh/Library/Developer/Xcode/DerivedData/Chatlio-erkyzdeecsohoaggpwbjdvavzqfv/Build/Intermediates.noindex/PostHog.build/Debug-iphonesimulator/phlibwebp.build/Objects-normal/arm64/muxedit.o -index-unit-output-path /PostHog.build/Debug-iphonesimulator/phlibwebp.build/Objects-normal/arm64/muxedit.o

CompileC /Users/aadityasingh/Library/Developer/Xcode/DerivedData/Chatlio-erkyzdeecsohoaggpwbjdvavzqfv/Build/Intermediates.noindex/PostHog.build/Debug-iphonesimulator/phlibwebp.build/Objects-normal/arm64/lossless_sse41.o /Users/aadityasingh/Library/Developer/Xcode/DerivedData/Chatlio-erkyzdeecsohoaggpwbjdvavzqfv/SourcePackages/checkouts/posthog-ios/vendor/libwebp/lossless_sse41.c normal arm64 c com.apple.compilers.llvm.clang.1_0.compiler (in target 'phlibwebp' from project 'PostHog')
    cd /Users/aadityasingh/Documents/Development/element-x-ios/Chatlio.xcodeproj
    
    Using response file: /Users/aadityasingh/Library/Developer/Xcode/DerivedData/Chatlio-erkyzdeecsohoaggpwbjdvavzqfv/Build/Intermediates.noindex/PostHog.build/Debug-iphonesimulator/phlibwebp.build/Objects-normal/arm64/7187679823f38a2a940e0043cdf9d637-common-args.resp
    
    /Applications/Xcode.app/Contents/Developer/Toolchains/XcodeDefault.xctoolchain/usr/bin/clang -x c -ivfsstatcache /Users/aadityasingh/Library/Developer/Xcode/DerivedData/SDKStatCaches.noindex/iphonesimulator26.4-23E252-686eebb5dc1d8ecb277353a59184f4aa.sdkstatcache -target arm64-apple-ios13.0-simulator -fmessage-length\=0 -fdiagnostics-show-note-include-stack -fmacro-backtrace-limit\=0 -fno-color-diagnostics -fmodules-prune-interval\=86400 -fmodules-prune-after\=345600 -fbuild-session-file\=/Users/aadityasingh/Library/Developer/Xcode/DerivedData/ModuleCache.noindex/Session.modulevalidation -fmodules-validate-once-per-build-session -Wnon-modular-include-in-framework-module -Werror\=non-modular-include-in-framework-module -Wno-trigraphs -Wno-missing-field-initializers -Wno-missing-prototypes -Wno-return-type -Wno-missing-braces -Wparentheses -Wswitch -Wno-unused-function -Wno-unused-label -Wno-unused-parameter -Wno-unused-variable -Wunused-value -Wno-empty-body -Wno-uninitialized -Wno-unknown-pragmas -w -Wno-shadow -Wno-four-char-constants -Wno-conversion -Wno-constant-conversion -Wno-int-conversion -Wno-bool-conversion -Wno-enum-conversion -Wno-float-conversion -Wno-non-literal-null-conversion -Wno-objc-literal-conversion -Wshorten-64-to-32 -Wpointer-sign -Wno-newline-eof -Wno-implicit-fallthrough -isysroot /Applications/Xcode.app/Contents/Developer/Platforms/iPhoneSimulator.platform/Developer/SDKs/iPhoneSimulator26.4.sdk -fstrict-aliasing -Wdeprecated-declarations -Wno-sign-conversion -Wno-infinite-recursion -Wno-comma -Wno-block-capture-autoreleasing -Wno-strict-prototypes -Wno-semicolon-before-method-body -index-store-path /Users/aadityasingh/Library/Developer/Xcode/DerivedData/Chatlio-erkyzdeecsohoaggpwbjdvavzqfv/Index.noindex/DataStore @/Users/aadityasingh/Library/Developer/Xcode/DerivedData/Chatlio-erkyzdeecsohoaggpwbjdvavzqfv/Build/Intermediates.noindex/PostHog.build/Debug-iphonesimulator/phlibwebp.build/Objects-normal/arm64/7187679823f38a2a940e0043cdf9d637-common-args.resp -MMD -MT dependencies -MF /Users/aadityasingh/Library/Developer/Xcode/DerivedData/Chatlio-erkyzdeecsohoaggpwbjdvavzqfv/Build/Intermediates.noindex/PostHog.build/Debug-iphonesimulator/phlibwebp.build/Objects-normal/arm64/lossless_sse41.d --serialize-diagnostics /Users/aadityasingh/Library/Developer/Xcode/DerivedData/Chatlio-erkyzdeecsohoaggpwbjdvavzqfv/Build/Intermediates.noindex/PostHog.build/Debug-iphonesimulator/phlibwebp.build/Objects-normal/arm64/lossless_sse41.dia -c /Users/aadityasingh/Library/Developer/Xcode/DerivedData/Chatlio-erkyzdeecsohoaggpwbjdvavzqfv/SourcePackages/checkouts/posthog-ios/vendor/libwebp/lossless_sse41.c -o /Users/aadityasingh/Library/Developer/Xcode/DerivedData/Chatlio-erkyzdeecsohoaggpwbjdvavzqfv/Build/Intermediates.noindex/PostHog.build/Debug-iphonesimulator/phlibwebp.build/Objects-normal/arm64/lossless_sse41.o -index-unit-output-path /PostHog.build/Debug-iphonesimulator/phlibwebp.build/Objects-normal/arm64/lossless_sse41.o

CompileC /Users/aadityasingh/Library/Developer/Xcode/DerivedData/Chatlio-erkyzdeecsohoaggpwbjdvavzqfv/Build/Intermediates.noindex/PostHog.build/Debug-iphonesimulator/phlibwebp.build/Objects-normal/arm64/lossless_sse2.o /Users/aadityasingh/Library/Developer/Xcode/DerivedData/Chatlio-erkyzdeecsohoaggpwbjdvavzqfv/SourcePackages/checkouts/posthog-ios/vendor/libwebp/lossless_sse2.c normal arm64 c com.apple.compilers.llvm.clang.1_0.compiler (in target 'phlibwebp' from project 'PostHog')
    cd /Users/aadityasingh/Documents/Development/element-x-ios/Chatlio.xcodeproj
    
    Using response file: /Users/aadityasingh/Library/Developer/Xcode/DerivedData/Chatlio-erkyzdeecsohoaggpwbjdvavzqfv/Build/Intermediates.noindex/PostHog.build/Debug-iphonesimulator/phlibwebp.build/Objects-normal/arm64/7187679823f38a2a940e0043cdf9d637-common-args.resp
    
    /Applications/Xcode.app/Contents/Developer/Toolchains/XcodeDefault.xctoolchain/usr/bin/clang -x c -ivfsstatcache /Users/aadityasingh/Library/Developer/Xcode/DerivedData/SDKStatCaches.noindex/iphonesimulator26.4-23E252-686eebb5dc1d8ecb277353a59184f4aa.sdkstatcache -target arm64-apple-ios13.0-simulator -fmessage-length\=0 -fdiagnostics-show-note-include-stack -fmacro-backtrace-limit\=0 -fno-color-diagnostics -fmodules-prune-interval\=86400 -fmodules-prune-after\=345600 -fbuild-session-file\=/Users/aadityasingh/Library/Developer/Xcode/DerivedData/ModuleCache.noindex/Session.modulevalidation -fmodules-validate-once-per-build-session -Wnon-modular-include-in-framework-module -Werror\=non-modular-include-in-framework-module -Wno-trigraphs -Wno-missing-field-initializers -Wno-missing-prototypes -Wno-return-type -Wno-missing-braces -Wparentheses -Wswitch -Wno-unused-function -Wno-unused-label -Wno-unused-parameter -Wno-unused-variable -Wunused-value -Wno-empty-body -Wno-uninitialized -Wno-unknown-pragmas -w -Wno-shadow -Wno-four-char-constants -Wno-conversion -Wno-constant-conversion -Wno-int-conversion -Wno-bool-conversion -Wno-enum-conversion -Wno-float-conversion -Wno-non-literal-null-conversion -Wno-objc-literal-conversion -Wshorten-64-to-32 -Wpointer-sign -Wno-newline-eof -Wno-implicit-fallthrough -isysroot /Applications/Xcode.app/Contents/Developer/Platforms/iPhoneSimulator.platform/Developer/SDKs/iPhoneSimulator26.4.sdk -fstrict-aliasing -Wdeprecated-declarations -Wno-sign-conversion -Wno-infinite-recursion -Wno-comma -Wno-block-capture-autoreleasing -Wno-strict-prototypes -Wno-semicolon-before-method-body -index-store-path /Users/aadityasingh/Library/Developer/Xcode/DerivedData/Chatlio-erkyzdeecsohoaggpwbjdvavzqfv/Index.noindex/DataStore @/Users/aadityasingh/Library/Developer/Xcode/DerivedData/Chatlio-erkyzdeecsohoaggpwbjdvavzqfv/Build/Intermediates.noindex/PostHog.build/Debug-iphonesimulator/phlibwebp.build/Objects-normal/arm64/7187679823f38a2a940e0043cdf9d637-common-args.resp -MMD -MT dependencies -MF /Users/aadityasingh/Library/Developer/Xcode/DerivedData/Chatlio-erkyzdeecsohoaggpwbjdvavzqfv/Build/Intermediates.noindex/PostHog.build/Debug-iphonesimulator/phlibwebp.build/Objects-normal/arm64/lossless_sse2.d --serialize-diagnostics /Users/aadityasingh/Library/Developer/Xcode/DerivedData/Chatlio-erkyzdeecsohoaggpwbjdvavzqfv/Build/Intermediates.noindex/PostHog.build/Debug-iphonesimulator/phlibwebp.build/Objects-normal/arm64/lossless_sse2.dia -c /Users/aadityasingh/Library/Developer/Xcode/DerivedData/Chatlio-erkyzdeecsohoaggpwbjdvavzqfv/SourcePackages/checkouts/posthog-ios/vendor/libwebp/lossless_sse2.c -o /Users/aadityasingh/Library/Developer/Xcode/DerivedData/Chatlio-erkyzdeecsohoaggpwbjdvavzqfv/Build/Intermediates.noindex/PostHog.build/Debug-iphonesimulator/phlibwebp.build/Objects-normal/arm64/lossless_sse2.o -index-unit-output-path /PostHog.build/Debug-iphonesimulator/phlibwebp.build/Objects-normal/arm64/lossless_sse2.o

SwiftExplicitDependencyGeneratePcm x86_64 /Users/aadityasingh/Library/Developer/Xcode/DerivedData/ModuleCache.noindex/_Builtin_stdarg-5SP0TF6V9Y99UCCZB1HEONUO6.pcm

SwiftExplicitDependencyGeneratePcm x86_64 /Users/aadityasingh/Library/Developer/Xcode/DerivedData/ModuleCache.noindex/_Builtin_stdbool-BS1OY4WFNTCXN4NE8157B2V7Z.pcm

SwiftExplicitDependencyGeneratePcm arm64 /Users/aadityasingh/Library/Developer/Xcode/DerivedData/ModuleCache.noindex/SwiftShims-8WI1T4SWE6RGJVGU7CH3KQ386.pcm

SwiftExplicitDependencyGeneratePcm arm64 /Users/aadityasingh/Library/Developer/Xcode/DerivedData/ModuleCache.noindex/_Builtin_stddef-1BHFXLMD86457EM78W08ZMPJO.pcm

SwiftExplicitDependencyGeneratePcm x86_64 /Users/aadityasingh/Library/Developer/Xcode/DerivedData/ModuleCache.noindex/ptrcheck-1NWZR19RTLZUULIHNYNMAZOEX.pcm

SwiftExplicitDependencyGeneratePcm arm64 /Users/aadityasingh/Library/Developer/Xcode/DerivedData/ModuleCache.noindex/_Builtin_float-BWVGKDD5NIHGR0DIC2VFKQLY9.pcm

SwiftExplicitDependencyGeneratePcm x86_64 /Users/aadityasingh/Library/Developer/Xcode/DerivedData/ModuleCache.noindex/_Builtin_stddef-59H2EOR9AFUCR9GQRBBY235WA.pcm

SwiftExplicitDependencyGeneratePcm x86_64 /Users/aadityasingh/Library/Developer/Xcode/DerivedData/ModuleCache.noindex/_SwiftConcurrencyShims-1OKRAWDV0VLXHI3NJL6EL4E3F.pcm

SwiftExplicitDependencyGeneratePcm arm64 /Users/aadityasingh/Library/Developer/Xcode/DerivedData/ModuleCache.noindex/_SwiftConcurrencyShims-9GD4RV712LZG37G3PBK6CGDPZ.pcm

SwiftExplicitDependencyGeneratePcm arm64 /Users/aadityasingh/Library/Developer/Xcode/DerivedData/ModuleCache.noindex/_Builtin_stdarg-33LOF9278WC50YA0QWVO93S4V.pcm

SwiftExplicitDependencyGeneratePcm x86_64 /Users/aadityasingh/Library/Developer/Xcode/DerivedData/ModuleCache.noindex/SwiftShims-6Z0VSZK40Z5U647O7YFHBKXTF.pcm

SwiftExplicitDependencyGeneratePcm arm64 /Users/aadityasingh/Library/Developer/Xcode/DerivedData/ModuleCache.noindex/_Builtin_stdbool-688ANWQDT6SZHOVSSQXHJRWX5.pcm

SwiftExplicitDependencyGeneratePcm arm64 /Users/aadityasingh/Library/Developer/Xcode/DerivedData/ModuleCache.noindex/ptrcheck-13HL9CIDVZVG238LXGHGP3UQG.pcm

SwiftExplicitDependencyGeneratePcm x86_64 /Users/aadityasingh/Library/Developer/Xcode/DerivedData/ModuleCache.noindex/_Builtin_float-BFYR582WH3LVKWUI0J7M3GY0Y.pcm

SwiftExplicitDependencyGeneratePcm arm64 /Users/aadityasingh/Library/Developer/Xcode/DerivedData/ModuleCache.noindex/_AvailabilityInternal-10BKYZ8F4HI07N3Z293L6FGZX.pcm

SwiftExplicitDependencyGeneratePcm x86_64 /Users/aadityasingh/Library/Developer/Xcode/DerivedData/ModuleCache.noindex/_AvailabilityInternal-609FA3S9MP2L6JOEW6DIIXDSN.pcm

CompileC /Users/aadityasingh/Library/Developer/Xcode/DerivedData/Chatlio-erkyzdeecsohoaggpwbjdvavzqfv/Build/Intermediates.noindex/PostHog.build/Debug-iphonesimulator/phlibwebp.build/Objects-normal/arm64/lossless_neon.o /Users/aadityasingh/Library/Developer/Xcode/DerivedData/Chatlio-erkyzdeecsohoaggpwbjdvavzqfv/SourcePackages/checkouts/posthog-ios/vendor/libwebp/lossless_neon.c normal arm64 c com.apple.compilers.llvm.clang.1_0.compiler (in target 'phlibwebp' from project 'PostHog')
    cd /Users/aadityasingh/Documents/Development/element-x-ios/Chatlio.xcodeproj
    
    Using response file: /Users/aadityasingh/Library/Developer/Xcode/DerivedData/Chatlio-erkyzdeecsohoaggpwbjdvavzqfv/Build/Intermediates.noindex/PostHog.build/Debug-iphonesimulator/phlibwebp.build/Objects-normal/arm64/7187679823f38a2a940e0043cdf9d637-common-args.resp
    
    /Applications/Xcode.app/Contents/Developer/Toolchains/XcodeDefault.xctoolchain/usr/bin/clang -x c -ivfsstatcache /Users/aadityasingh/Library/Developer/Xcode/DerivedData/SDKStatCaches.noindex/iphonesimulator26.4-23E252-686eebb5dc1d8ecb277353a59184f4aa.sdkstatcache -target arm64-apple-ios13.0-simulator -fmessage-length\=0 -fdiagnostics-show-note-include-stack -fmacro-backtrace-limit\=0 -fno-color-diagnostics -fmodules-prune-interval\=86400 -fmodules-prune-after\=345600 -fbuild-session-file\=/Users/aadityasingh/Library/Developer/Xcode/DerivedData/ModuleCache.noindex/Session.modulevalidation -fmodules-validate-once-per-build-session -Wnon-modular-include-in-framework-module -Werror\=non-modular-include-in-framework-module -Wno-trigraphs -Wno-missing-field-initializers -Wno-missing-prototypes -Wno-return-type -Wno-missing-braces -Wparentheses -Wswitch -Wno-unused-function -Wno-unused-label -Wno-unused-parameter -Wno-unused-variable -Wunused-value -Wno-empty-body -Wno-uninitialized -Wno-unknown-pragmas -w -Wno-shadow -Wno-four-char-constants -Wno-conversion -Wno-constant-conversion -Wno-int-conversion -Wno-bool-conversion -Wno-enum-conversion -Wno-float-conversion -Wno-non-literal-null-conversion -Wno-objc-literal-conversion -Wshorten-64-to-32 -Wpointer-sign -Wno-newline-eof -Wno-implicit-fallthrough -isysroot /Applications/Xcode.app/Contents/Developer/Platforms/iPhoneSimulator.platform/Developer/SDKs/iPhoneSimulator26.4.sdk -fstrict-aliasing -Wdeprecated-declarations -Wno-sign-conversion -Wno-infinite-recursion -Wno-comma -Wno-block-capture-autoreleasing -Wno-strict-prototypes -Wno-semicolon-before-method-body -index-store-path /Users/aadityasingh/Library/Developer/Xcode/DerivedData/Chatlio-erkyzdeecsohoaggpwbjdvavzqfv/Index.noindex/DataStore @/Users/aadityasingh/Library/Developer/Xcode/DerivedData/Chatlio-erkyzdeecsohoaggpwbjdvavzqfv/Build/Intermediates.noindex/PostHog.build/Debug-iphonesimulator/phlibwebp.build/Objects-normal/arm64/7187679823f38a2a940e0043cdf9d637-common-args.resp -MMD -MT dependencies -MF /Users/aadityasingh/Library/Developer/Xcode/DerivedData/Chatlio-erkyzdeecsohoaggpwbjdvavzqfv/Build/Intermediates.noindex/PostHog.build/Debug-iphonesimulator/phlibwebp.build/Objects-normal/arm64/lossless_neon.d --serialize-diagnostics /Users/aadityasingh/Library/Developer/Xcode/DerivedData/Chatlio-erkyzdeecsohoaggpwbjdvavzqfv/Build/Intermediates.noindex/PostHog.build/Debug-iphonesimulator/phlibwebp.build/Objects-normal/arm64/lossless_neon.dia -c /Users/aadityasingh/Library/Developer/Xcode/DerivedData/Chatlio-erkyzdeecsohoaggpwbjdvavzqfv/SourcePackages/checkouts/posthog-ios/vendor/libwebp/lossless_neon.c -o /Users/aadityasingh/Library/Developer/Xcode/DerivedData/Chatlio-erkyzdeecsohoaggpwbjdvavzqfv/Build/Intermediates.noindex/PostHog.build/Debug-iphonesimulator/phlibwebp.build/Objects-normal/arm64/lossless_neon.o -index-unit-output-path /PostHog.build/Debug-iphonesimulator/phlibwebp.build/Objects-normal/arm64/lossless_neon.o

CompileC /Users/aadityasingh/Library/Developer/Xcode/DerivedData/Chatlio-erkyzdeecsohoaggpwbjdvavzqfv/Build/Intermediates.noindex/PostHog.build/Debug-iphonesimulator/phlibwebp.build/Objects-normal/arm64/lossless_enc_sse41.o /Users/aadityasingh/Library/Developer/Xcode/DerivedData/Chatlio-erkyzdeecsohoaggpwbjdvavzqfv/SourcePackages/checkouts/posthog-ios/vendor/libwebp/lossless_enc_sse41.c normal arm64 c com.apple.compilers.llvm.clang.1_0.compiler (in target 'phlibwebp' from project 'PostHog')
    cd /Users/aadityasingh/Documents/Development/element-x-ios/Chatlio.xcodeproj
    
    Using response file: /Users/aadityasingh/Library/Developer/Xcode/DerivedData/Chatlio-erkyzdeecsohoaggpwbjdvavzqfv/Build/Intermediates.noindex/PostHog.build/Debug-iphonesimulator/phlibwebp.build/Objects-normal/arm64/7187679823f38a2a940e0043cdf9d637-common-args.resp
    
    /Applications/Xcode.app/Contents/Developer/Toolchains/XcodeDefault.xctoolchain/usr/bin/clang -x c -ivfsstatcache /Users/aadityasingh/Library/Developer/Xcode/DerivedData/SDKStatCaches.noindex/iphonesimulator26.4-23E252-686eebb5dc1d8ecb277353a59184f4aa.sdkstatcache -target arm64-apple-ios13.0-simulator -fmessage-length\=0 -fdiagnostics-show-note-include-stack -fmacro-backtrace-limit\=0 -fno-color-diagnostics -fmodules-prune-interval\=86400 -fmodules-prune-after\=345600 -fbuild-session-file\=/Users/aadityasingh/Library/Developer/Xcode/DerivedData/ModuleCache.noindex/Session.modulevalidation -fmodules-validate-once-per-build-session -Wnon-modular-include-in-framework-module -Werror\=non-modular-include-in-framework-module -Wno-trigraphs -Wno-missing-field-initializers -Wno-missing-prototypes -Wno-return-type -Wno-missing-braces -Wparentheses -Wswitch -Wno-unused-function -Wno-unused-label -Wno-unused-parameter -Wno-unused-variable -Wunused-value -Wno-empty-body -Wno-uninitialized -Wno-unknown-pragmas -w -Wno-shadow -Wno-four-char-constants -Wno-conversion -Wno-constant-conversion -Wno-int-conversion -Wno-bool-conversion -Wno-enum-conversion -Wno-float-conversion -Wno-non-literal-null-conversion -Wno-objc-literal-conversion -Wshorten-64-to-32 -Wpointer-sign -Wno-newline-eof -Wno-implicit-fallthrough -isysroot /Applications/Xcode.app/Contents/Developer/Platforms/iPhoneSimulator.platform/Developer/SDKs/iPhoneSimulator26.4.sdk -fstrict-aliasing -Wdeprecated-declarations -Wno-sign-conversion -Wno-infinite-recursion -Wno-comma -Wno-block-capture-autoreleasing -Wno-strict-prototypes -Wno-semicolon-before-method-body -index-store-path /Users/aadityasingh/Library/Developer/Xcode/DerivedData/Chatlio-erkyzdeecsohoaggpwbjdvavzqfv/Index.noindex/DataStore @/Users/aadityasingh/Library/Developer/Xcode/DerivedData/Chatlio-erkyzdeecsohoaggpwbjdvavzqfv/Build/Intermediates.noindex/PostHog.build/Debug-iphonesimulator/phlibwebp.build/Objects-normal/arm64/7187679823f38a2a940e0043cdf9d637-common-args.resp -MMD -MT dependencies -MF /Users/aadityasingh/Library/Developer/Xcode/DerivedData/Chatlio-erkyzdeecsohoaggpwbjdvavzqfv/Build/Intermediates.noindex/PostHog.build/Debug-iphonesimulator/phlibwebp.build/Objects-normal/arm64/lossless_enc_sse41.d --serialize-diagnostics /Users/aadityasingh/Library/Developer/Xcode/DerivedData/Chatlio-erkyzdeecsohoaggpwbjdvavzqfv/Build/Intermediates.noindex/PostHog.build/Debug-iphonesimulator/phlibwebp.build/Objects-normal/arm64/lossless_enc_sse41.dia -c /Users/aadityasingh/Library/Developer/Xcode/DerivedData/Chatlio-erkyzdeecsohoaggpwbjdvavzqfv/SourcePackages/checkouts/posthog-ios/vendor/libwebp/lossless_enc_sse41.c -o /Users/aadityasingh/Library/Developer/Xcode/DerivedData/Chatlio-erkyzdeecsohoaggpwbjdvavzqfv/Build/Intermediates.noindex/PostHog.build/Debug-iphonesimulator/phlibwebp.build/Objects-normal/arm64/lossless_enc_sse41.o -index-unit-output-path /PostHog.build/Debug-iphonesimulator/phlibwebp.build/Objects-normal/arm64/lossless_enc_sse41.o

CompileC /Users/aadityasingh/Library/Developer/Xcode/DerivedData/Chatlio-erkyzdeecsohoaggpwbjdvavzqfv/Build/Intermediates.noindex/PostHog.build/Debug-iphonesimulator/phlibwebp.build/Objects-normal/arm64/lossless_enc_sse2.o /Users/aadityasingh/Library/Developer/Xcode/DerivedData/Chatlio-erkyzdeecsohoaggpwbjdvavzqfv/SourcePackages/checkouts/posthog-ios/vendor/libwebp/lossless_enc_sse2.c normal arm64 c com.apple.compilers.llvm.clang.1_0.compiler (in target 'phlibwebp' from project 'PostHog')
    cd /Users/aadityasingh/Documents/Development/element-x-ios/Chatlio.xcodeproj
    
    Using response file: /Users/aadityasingh/Library/Developer/Xcode/DerivedData/Chatlio-erkyzdeecsohoaggpwbjdvavzqfv/Build/Intermediates.noindex/PostHog.build/Debug-iphonesimulator/phlibwebp.build/Objects-normal/arm64/7187679823f38a2a940e0043cdf9d637-common-args.resp
    
    /Applications/Xcode.app/Contents/Developer/Toolchains/XcodeDefault.xctoolchain/usr/bin/clang -x c -ivfsstatcache /Users/aadityasingh/Library/Developer/Xcode/DerivedData/SDKStatCaches.noindex/iphonesimulator26.4-23E252-686eebb5dc1d8ecb277353a59184f4aa.sdkstatcache -target arm64-apple-ios13.0-simulator -fmessage-length\=0 -fdiagnostics-show-note-include-stack -fmacro-backtrace-limit\=0 -fno-color-diagnostics -fmodules-prune-interval\=86400 -fmodules-prune-after\=345600 -fbuild-session-file\=/Users/aadityasingh/Library/Developer/Xcode/DerivedData/ModuleCache.noindex/Session.modulevalidation -fmodules-validate-once-per-build-session -Wnon-modular-include-in-framework-module -Werror\=non-modular-include-in-framework-module -Wno-trigraphs -Wno-missing-field-initializers -Wno-missing-prototypes -Wno-return-type -Wno-missing-braces -Wparentheses -Wswitch -Wno-unused-function -Wno-unused-label -Wno-unused-parameter -Wno-unused-variable -Wunused-value -Wno-empty-body -Wno-uninitialized -Wno-unknown-pragmas -w -Wno-shadow -Wno-four-char-constants -Wno-conversion -Wno-constant-conversion -Wno-int-conversion -Wno-bool-conversion -Wno-enum-conversion -Wno-float-conversion -Wno-non-literal-null-conversion -Wno-objc-literal-conversion -Wshorten-64-to-32 -Wpointer-sign -Wno-newline-eof -Wno-implicit-fallthrough -isysroot /Applications/Xcode.app/Contents/Developer/Platforms/iPhoneSimulator.platform/Developer/SDKs/iPhoneSimulator26.4.sdk -fstrict-aliasing -Wdeprecated-declarations -Wno-sign-conversion -Wno-infinite-recursion -Wno-comma -Wno-block-capture-autoreleasing -Wno-strict-prototypes -Wno-semicolon-before-method-body -index-store-path /Users/aadityasingh/Library/Developer/Xcode/DerivedData/Chatlio-erkyzdeecsohoaggpwbjdvavzqfv/Index.noindex/DataStore @/Users/aadityasingh/Library/Developer/Xcode/DerivedData/Chatlio-erkyzdeecsohoaggpwbjdvavzqfv/Build/Intermediates.noindex/PostHog.build/Debug-iphonesimulator/phlibwebp.build/Objects-normal/arm64/7187679823f38a2a940e0043cdf9d637-common-args.resp -MMD -MT dependencies -MF /Users/aadityasingh/Library/Developer/Xcode/DerivedData/Chatlio-erkyzdeecsohoaggpwbjdvavzqfv/Build/Intermediates.noindex/PostHog.build/Debug-iphonesimulator/phlibwebp.build/Objects-normal/arm64/lossless_enc_sse2.d --serialize-diagnostics /Users/aadityasingh/Library/Developer/Xcode/DerivedData/Chatlio-erkyzdeecsohoaggpwbjdvavzqfv/Build/Intermediates.noindex/PostHog.build/Debug-iphonesimulator/phlibwebp.build/Objects-normal/arm64/lossless_enc_sse2.dia -c /Users/aadityasingh/Library/Developer/Xcode/DerivedData/Chatlio-erkyzdeecsohoaggpwbjdvavzqfv/SourcePackages/checkouts/posthog-ios/vendor/libwebp/lossless_enc_sse2.c -o /Users/aadityasingh/Library/Developer/Xcode/DerivedData/Chatlio-erkyzdeecsohoaggpwbjdvavzqfv/Build/Intermediates.noindex/PostHog.build/Debug-iphonesimulator/phlibwebp.build/Objects-normal/arm64/lossless_enc_sse2.o -index-unit-output-path /PostHog.build/Debug-iphonesimulator/phlibwebp.build/Objects-normal/arm64/lossless_enc_sse2.o

CompileC /Users/aadityasingh/Library/Developer/Xcode/DerivedData/Chatlio-erkyzdeecsohoaggpwbjdvavzqfv/Build/Intermediates.noindex/PostHog.build/Debug-iphonesimulator/phlibwebp.build/Objects-normal/arm64/lossless_enc_neon.o /Users/aadityasingh/Library/Developer/Xcode/DerivedData/Chatlio-erkyzdeecsohoaggpwbjdvavzqfv/SourcePackages/checkouts/posthog-ios/vendor/libwebp/lossless_enc_neon.c normal arm64 c com.apple.compilers.llvm.clang.1_0.compiler (in target 'phlibwebp' from project 'PostHog')
    cd /Users/aadityasingh/Documents/Development/element-x-ios/Chatlio.xcodeproj
    
    Using response file: /Users/aadityasingh/Library/Developer/Xcode/DerivedData/Chatlio-erkyzdeecsohoaggpwbjdvavzqfv/Build/Intermediates.noindex/PostHog.build/Debug-iphonesimulator/phlibwebp.build/Objects-normal/arm64/7187679823f38a2a940e0043cdf9d637-common-args.resp
    
    /Applications/Xcode.app/Contents/Developer/Toolchains/XcodeDefault.xctoolchain/usr/bin/clang -x c -ivfsstatcache /Users/aadityasingh/Library/Developer/Xcode/DerivedData/SDKStatCaches.noindex/iphonesimulator26.4-23E252-686eebb5dc1d8ecb277353a59184f4aa.sdkstatcache -target arm64-apple-ios13.0-simulator -fmessage-length\=0 -fdiagnostics-show-note-include-stack -fmacro-backtrace-limit\=0 -fno-color-diagnostics -fmodules-prune-interval\=86400 -fmodules-prune-after\=345600 -fbuild-session-file\=/Users/aadityasingh/Library/Developer/Xcode/DerivedData/ModuleCache.noindex/Session.modulevalidation -fmodules-validate-once-per-build-session -Wnon-modular-include-in-framework-module -Werror\=non-modular-include-in-framework-module -Wno-trigraphs -Wno-missing-field-initializers -Wno-missing-prototypes -Wno-return-type -Wno-missing-braces -Wparentheses -Wswitch -Wno-unused-function -Wno-unused-label -Wno-unused-parameter -Wno-unused-variable -Wunused-value -Wno-empty-body -Wno-uninitialized -Wno-unknown-pragmas -w -Wno-shadow -Wno-four-char-constants -Wno-conversion -Wno-constant-conversion -Wno-int-conversion -Wno-bool-conversion -Wno-enum-conversion -Wno-float-conversion -Wno-non-literal-null-conversion -Wno-objc-literal-conversion -Wshorten-64-to-32 -Wpointer-sign -Wno-newline-eof -Wno-implicit-fallthrough -isysroot /Applications/Xcode.app/Contents/Developer/Platforms/iPhoneSimulator.platform/Developer/SDKs/iPhoneSimulator26.4.sdk -fstrict-aliasing -Wdeprecated-declarations -Wno-sign-conversion -Wno-infinite-recursion -Wno-comma -Wno-block-capture-autoreleasing -Wno-strict-prototypes -Wno-semicolon-before-method-body -index-store-path /Users/aadityasingh/Library/Developer/Xcode/DerivedData/Chatlio-erkyzdeecsohoaggpwbjdvavzqfv/Index.noindex/DataStore @/Users/aadityasingh/Library/Developer/Xcode/DerivedData/Chatlio-erkyzdeecsohoaggpwbjdvavzqfv/Build/Intermediates.noindex/PostHog.build/Debug-iphonesimulator/phlibwebp.build/Objects-normal/arm64/7187679823f38a2a940e0043cdf9d637-common-args.resp -MMD -MT dependencies -MF /Users/aadityasingh/Library/Developer/Xcode/DerivedData/Chatlio-erkyzdeecsohoaggpwbjdvavzqfv/Build/Intermediates.noindex/PostHog.build/Debug-iphonesimulator/phlibwebp.build/Objects-normal/arm64/lossless_enc_neon.d --serialize-diagnostics /Users/aadityasingh/Library/Developer/Xcode/DerivedData/Chatlio-erkyzdeecsohoaggpwbjdvavzqfv/Build/Intermediates.noindex/PostHog.build/Debug-iphonesimulator/phlibwebp.build/Objects-normal/arm64/lossless_enc_neon.dia -c /Users/aadityasingh/Library/Developer/Xcode/DerivedData/Chatlio-erkyzdeecsohoaggpwbjdvavzqfv/SourcePackages/checkouts/posthog-ios/vendor/libwebp/lossless_enc_neon.c -o /Users/aadityasingh/Library/Developer/Xcode/DerivedData/Chatlio-erkyzdeecsohoaggpwbjdvavzqfv/Build/Intermediates.noindex/PostHog.build/Debug-iphonesimulator/phlibwebp.build/Objects-normal/arm64/lossless_enc_neon.o -index-unit-output-path /PostHog.build/Debug-iphonesimulator/phlibwebp.build/Objects-normal/arm64/lossless_enc_neon.o

CompileC /Users/aadityasingh/Library/Developer/Xcode/DerivedData/Chatlio-erkyzdeecsohoaggpwbjdvavzqfv/Build/Intermediates.noindex/PostHog.build/Debug-iphonesimulator/phlibwebp.build/Objects-normal/arm64/lossless_enc.o /Users/aadityasingh/Library/Developer/Xcode/DerivedData/Chatlio-erkyzdeecsohoaggpwbjdvavzqfv/SourcePackages/checkouts/posthog-ios/vendor/libwebp/lossless_enc.c normal arm64 c com.apple.compilers.llvm.clang.1_0.compiler (in target 'phlibwebp' from project 'PostHog')
    cd /Users/aadityasingh/Documents/Development/element-x-ios/Chatlio.xcodeproj
    
    Using response file: /Users/aadityasingh/Library/Developer/Xcode/DerivedData/Chatlio-erkyzdeecsohoaggpwbjdvavzqfv/Build/Intermediates.noindex/PostHog.build/Debug-iphonesimulator/phlibwebp.build/Objects-normal/arm64/7187679823f38a2a940e0043cdf9d637-common-args.resp
    
    /Applications/Xcode.app/Contents/Developer/Toolchains/XcodeDefault.xctoolchain/usr/bin/clang -x c -ivfsstatcache /Users/aadityasingh/Library/Developer/Xcode/DerivedData/SDKStatCaches.noindex/iphonesimulator26.4-23E252-686eebb5dc1d8ecb277353a59184f4aa.sdkstatcache -target arm64-apple-ios13.0-simulator -fmessage-length\=0 -fdiagnostics-show-note-include-stack -fmacro-backtrace-limit\=0 -fno-color-diagnostics -fmodules-prune-interval\=86400 -fmodules-prune-after\=345600 -fbuild-session-file\=/Users/aadityasingh/Library/Developer/Xcode/DerivedData/ModuleCache.noindex/Session.modulevalidation -fmodules-validate-once-per-build-session -Wnon-modular-include-in-framework-module -Werror\=non-modular-include-in-framework-module -Wno-trigraphs -Wno-missing-field-initializers -Wno-missing-prototypes -Wno-return-type -Wno-missing-braces -Wparentheses -Wswitch -Wno-unused-function -Wno-unused-label -Wno-unused-parameter -Wno-unused-variable -Wunused-value -Wno-empty-body -Wno-uninitialized -Wno-unknown-pragmas -w -Wno-shadow -Wno-four-char-constants -Wno-conversion -Wno-constant-conversion -Wno-int-conversion -Wno-bool-conversion -Wno-enum-conversion -Wno-float-conversion -Wno-non-literal-null-conversion -Wno-objc-literal-conversion -Wshorten-64-to-32 -Wpointer-sign -Wno-newline-eof -Wno-implicit-fallthrough -isysroot /Applications/Xcode.app/Contents/Developer/Platforms/iPhoneSimulator.platform/Developer/SDKs/iPhoneSimulator26.4.sdk -fstrict-aliasing -Wdeprecated-declarations -Wno-sign-conversion -Wno-infinite-recursion -Wno-comma -Wno-block-capture-autoreleasing -Wno-strict-prototypes -Wno-semicolon-before-method-body -index-store-path /Users/aadityasingh/Library/Developer/Xcode/DerivedData/Chatlio-erkyzdeecsohoaggpwbjdvavzqfv/Index.noindex/DataStore @/Users/aadityasingh/Library/Developer/Xcode/DerivedData/Chatlio-erkyzdeecsohoaggpwbjdvavzqfv/Build/Intermediates.noindex/PostHog.build/Debug-iphonesimulator/phlibwebp.build/Objects-normal/arm64/7187679823f38a2a940e0043cdf9d637-common-args.resp -MMD -MT dependencies -MF /Users/aadityasingh/Library/Developer/Xcode/DerivedData/Chatlio-erkyzdeecsohoaggpwbjdvavzqfv/Build/Intermediates.noindex/PostHog.build/Debug-iphonesimulator/phlibwebp.build/Objects-normal/arm64/lossless_enc.d --serialize-diagnostics /Users/aadityasingh/Library/Developer/Xcode/DerivedData/Chatlio-erkyzdeecsohoaggpwbjdvavzqfv/Build/Intermediates.noindex/PostHog.build/Debug-iphonesimulator/phlibwebp.build/Objects-normal/arm64/lossless_enc.dia -c /Users/aadityasingh/Library/Developer/Xcode/DerivedData/Chatlio-erkyzdeecsohoaggpwbjdvavzqfv/SourcePackages/checkouts/posthog-ios/vendor/libwebp/lossless_enc.c -o /Users/aadityasingh/Library/Developer/Xcode/DerivedData/Chatlio-erkyzdeecsohoaggpwbjdvavzqfv/Build/Intermediates.noindex/PostHog.build/Debug-iphonesimulator/phlibwebp.build/Objects-normal/arm64/lossless_enc.o -index-unit-output-path /PostHog.build/Debug-iphonesimulator/phlibwebp.build/Objects-normal/arm64/lossless_enc.o

CompileC /Users/aadityasingh/Library/Developer/Xcode/DerivedData/Chatlio-erkyzdeecsohoaggpwbjdvavzqfv/Build/Intermediates.noindex/PostHog.build/Debug-iphonesimulator/phlibwebp.build/Objects-normal/arm64/lossless.o /Users/aadityasingh/Library/Developer/Xcode/DerivedData/Chatlio-erkyzdeecsohoaggpwbjdvavzqfv/SourcePackages/checkouts/posthog-ios/vendor/libwebp/lossless.c normal arm64 c com.apple.compilers.llvm.clang.1_0.compiler (in target 'phlibwebp' from project 'PostHog')
    cd /Users/aadityasingh/Documents/Development/element-x-ios/Chatlio.xcodeproj
    
    Using response file: /Users/aadityasingh/Library/Developer/Xcode/DerivedData/Chatlio-erkyzdeecsohoaggpwbjdvavzqfv/Build/Intermediates.noindex/PostHog.build/Debug-iphonesimulator/phlibwebp.build/Objects-normal/arm64/7187679823f38a2a940e0043cdf9d637-common-args.resp
    
    /Applications/Xcode.app/Contents/Developer/Toolchains/XcodeDefault.xctoolchain/usr/bin/clang -x c -ivfsstatcache /Users/aadityasingh/Library/Developer/Xcode/DerivedData/SDKStatCaches.noindex/iphonesimulator26.4-23E252-686eebb5dc1d8ecb277353a59184f4aa.sdkstatcache -target arm64-apple-ios13.0-simulator -fmessage-length\=0 -fdiagnostics-show-note-include-stack -fmacro-backtrace-limit\=0 -fno-color-diagnostics -fmodules-prune-interval\=86400 -fmodules-prune-after\=345600 -fbuild-session-file\=/Users/aadityasingh/Library/Developer/Xcode/DerivedData/ModuleCache.noindex/Session.modulevalidation -fmodules-validate-once-per-build-session -Wnon-modular-include-in-framework-module -Werror\=non-modular-include-in-framework-module -Wno-trigraphs -Wno-missing-field-initializers -Wno-missing-prototypes -Wno-return-type -Wno-missing-braces -Wparentheses -Wswitch -Wno-unused-function -Wno-unused-label -Wno-unused-parameter -Wno-unused-variable -Wunused-value -Wno-empty-body -Wno-uninitialized -Wno-unknown-pragmas -w -Wno-shadow -Wno-four-char-constants -Wno-conversion -Wno-constant-conversion -Wno-int-conversion -Wno-bool-conversion -Wno-enum-conversion -Wno-float-conversion -Wno-non-literal-null-conversion -Wno-objc-literal-conversion -Wshorten-64-to-32 -Wpointer-sign -Wno-newline-eof -Wno-implicit-fallthrough -isysroot /Applications/Xcode.app/Contents/Developer/Platforms/iPhoneSimulator.platform/Developer/SDKs/iPhoneSimulator26.4.sdk -fstrict-aliasing -Wdeprecated-declarations -Wno-sign-conversion -Wno-infinite-recursion -Wno-comma -Wno-block-capture-autoreleasing -Wno-strict-prototypes -Wno-semicolon-before-method-body -index-store-path /Users/aadityasingh/Library/Developer/Xcode/DerivedData/Chatlio-erkyzdeecsohoaggpwbjdvavzqfv/Index.noindex/DataStore @/Users/aadityasingh/Library/Developer/Xcode/DerivedData/Chatlio-erkyzdeecsohoaggpwbjdvavzqfv/Build/Intermediates.noindex/PostHog.build/Debug-iphonesimulator/phlibwebp.build/Objects-normal/arm64/7187679823f38a2a940e0043cdf9d637-common-args.resp -MMD -MT dependencies -MF /Users/aadityasingh/Library/Developer/Xcode/DerivedData/Chatlio-erkyzdeecsohoaggpwbjdvavzqfv/Build/Intermediates.noindex/PostHog.build/Debug-iphonesimulator/phlibwebp.build/Objects-normal/arm64/lossless.d --serialize-diagnostics /Users/aadityasingh/Library/Developer/Xcode/DerivedData/Chatlio-erkyzdeecsohoaggpwbjdvavzqfv/Build/Intermediates.noindex/PostHog.build/Debug-iphonesimulator/phlibwebp.build/Objects-normal/arm64/lossless.dia -c /Users/aadityasingh/Library/Developer/Xcode/DerivedData/Chatlio-erkyzdeecsohoaggpwbjdvavzqfv/SourcePackages/checkouts/posthog-ios/vendor/libwebp/lossless.c -o /Users/aadityasingh/Library/Developer/Xcode/DerivedData/Chatlio-erkyzdeecsohoaggpwbjdvavzqfv/Build/Intermediates.noindex/PostHog.build/Debug-iphonesimulator/phlibwebp.build/Objects-normal/arm64/lossless.o -index-unit-output-path /PostHog.build/Debug-iphonesimulator/phlibwebp.build/Objects-normal/arm64/lossless.o

SwiftExplicitDependencyGeneratePcm x86_64 /Users/aadityasingh/Library/Developer/Xcode/DerivedData/ModuleCache.noindex/ptrauth-BJU46DV2MTJWEXHBOFT1NI3BS.pcm

CompileC /Users/aadityasingh/Library/Developer/Xcode/DerivedData/Chatlio-erkyzdeecsohoaggpwbjdvavzqfv/Build/Intermediates.noindex/PostHog.build/Debug-iphonesimulator/phlibwebp.build/Objects-normal/arm64/iterator_enc.o /Users/aadityasingh/Library/Developer/Xcode/DerivedData/Chatlio-erkyzdeecsohoaggpwbjdvavzqfv/SourcePackages/checkouts/posthog-ios/vendor/libwebp/iterator_enc.c normal arm64 c com.apple.compilers.llvm.clang.1_0.compiler (in target 'phlibwebp' from project 'PostHog')
    cd /Users/aadityasingh/Documents/Development/element-x-ios/Chatlio.xcodeproj
    
    Using response file: /Users/aadityasingh/Library/Developer/Xcode/DerivedData/Chatlio-erkyzdeecsohoaggpwbjdvavzqfv/Build/Intermediates.noindex/PostHog.build/Debug-iphonesimulator/phlibwebp.build/Objects-normal/arm64/7187679823f38a2a940e0043cdf9d637-common-args.resp
    
    /Applications/Xcode.app/Contents/Developer/Toolchains/XcodeDefault.xctoolchain/usr/bin/clang -x c -ivfsstatcache /Users/aadityasingh/Library/Developer/Xcode/DerivedData/SDKStatCaches.noindex/iphonesimulator26.4-23E252-686eebb5dc1d8ecb277353a59184f4aa.sdkstatcache -target arm64-apple-ios13.0-simulator -fmessage-length\=0 -fdiagnostics-show-note-include-stack -fmacro-backtrace-limit\=0 -fno-color-diagnostics -fmodules-prune-interval\=86400 -fmodules-prune-after\=345600 -fbuild-session-file\=/Users/aadityasingh/Library/Developer/Xcode/DerivedData/ModuleCache.noindex/Session.modulevalidation -fmodules-validate-once-per-build-session -Wnon-modular-include-in-framework-module -Werror\=non-modular-include-in-framework-module -Wno-trigraphs -Wno-missing-field-initializers -Wno-missing-prototypes -Wno-return-type -Wno-missing-braces -Wparentheses -Wswitch -Wno-unused-function -Wno-unused-label -Wno-unused-parameter -Wno-unused-variable -Wunused-value -Wno-empty-body -Wno-uninitialized -Wno-unknown-pragmas -w -Wno-shadow -Wno-four-char-constants -Wno-conversion -Wno-constant-conversion -Wno-int-conversion -Wno-bool-conversion -Wno-enum-conversion -Wno-float-conversion -Wno-non-literal-null-conversion -Wno-objc-literal-conversion -Wshorten-64-to-32 -Wpointer-sign -Wno-newline-eof -Wno-implicit-fallthrough -isysroot /Applications/Xcode.app/Contents/Developer/Platforms/iPhoneSimulator.platform/Developer/SDKs/iPhoneSimulator26.4.sdk -fstrict-aliasing -Wdeprecated-declarations -Wno-sign-conversion -Wno-infinite-recursion -Wno-comma -Wno-block-capture-autoreleasing -Wno-strict-prototypes -Wno-semicolon-before-method-body -index-store-path /Users/aadityasingh/Library/Developer/Xcode/DerivedData/Chatlio-erkyzdeecsohoaggpwbjdvavzqfv/Index.noindex/DataStore @/Users/aadityasingh/Library/Developer/Xcode/DerivedData/Chatlio-erkyzdeecsohoaggpwbjdvavzqfv/Build/Intermediates.noindex/PostHog.build/Debug-iphonesimulator/phlibwebp.build/Objects-normal/arm64/7187679823f38a2a940e0043cdf9d637-common-args.resp -MMD -MT dependencies -MF /Users/aadityasingh/Library/Developer/Xcode/DerivedData/Chatlio-erkyzdeecsohoaggpwbjdvavzqfv/Build/Intermediates.noindex/PostHog.build/Debug-iphonesimulator/phlibwebp.build/Objects-normal/arm64/iterator_enc.d --serialize-diagnostics /Users/aadityasingh/Library/Developer/Xcode/DerivedData/Chatlio-erkyzdeecsohoaggpwbjdvavzqfv/Build/Intermediates.noindex/PostHog.build/Debug-iphonesimulator/phlibwebp.build/Objects-normal/arm64/iterator_enc.dia -c /Users/aadityasingh/Library/Developer/Xcode/DerivedData/Chatlio-erkyzdeecsohoaggpwbjdvavzqfv/SourcePackages/checkouts/posthog-ios/vendor/libwebp/iterator_enc.c -o /Users/aadityasingh/Library/Developer/Xcode/DerivedData/Chatlio-erkyzdeecsohoaggpwbjdvavzqfv/Build/Intermediates.noindex/PostHog.build/Debug-iphonesimulator/phlibwebp.build/Objects-normal/arm64/iterator_enc.o -index-unit-output-path /PostHog.build/Debug-iphonesimulator/phlibwebp.build/Objects-normal/arm64/iterator_enc.o

CompileC /Users/aadityasingh/Library/Developer/Xcode/DerivedData/Chatlio-erkyzdeecsohoaggpwbjdvavzqfv/Build/Intermediates.noindex/PostHog.build/Debug-iphonesimulator/phlibwebp.build/Objects-normal/arm64/huffman_utils.o /Users/aadityasingh/Library/Developer/Xcode/DerivedData/Chatlio-erkyzdeecsohoaggpwbjdvavzqfv/SourcePackages/checkouts/posthog-ios/vendor/libwebp/huffman_utils.c normal arm64 c com.apple.compilers.llvm.clang.1_0.compiler (in target 'phlibwebp' from project 'PostHog')
    cd /Users/aadityasingh/Documents/Development/element-x-ios/Chatlio.xcodeproj
    
    Using response file: /Users/aadityasingh/Library/Developer/Xcode/DerivedData/Chatlio-erkyzdeecsohoaggpwbjdvavzqfv/Build/Intermediates.noindex/PostHog.build/Debug-iphonesimulator/phlibwebp.build/Objects-normal/arm64/7187679823f38a2a940e0043cdf9d637-common-args.resp
    
    /Applications/Xcode.app/Contents/Developer/Toolchains/XcodeDefault.xctoolchain/usr/bin/clang -x c -ivfsstatcache /Users/aadityasingh/Library/Developer/Xcode/DerivedData/SDKStatCaches.noindex/iphonesimulator26.4-23E252-686eebb5dc1d8ecb277353a59184f4aa.sdkstatcache -target arm64-apple-ios13.0-simulator -fmessage-length\=0 -fdiagnostics-show-note-include-stack -fmacro-backtrace-limit\=0 -fno-color-diagnostics -fmodules-prune-interval\=86400 -fmodules-prune-after\=345600 -fbuild-session-file\=/Users/aadityasingh/Library/Developer/Xcode/DerivedData/ModuleCache.noindex/Session.modulevalidation -fmodules-validate-once-per-build-session -Wnon-modular-include-in-framework-module -Werror\=non-modular-include-in-framework-module -Wno-trigraphs -Wno-missing-field-initializers -Wno-missing-prototypes -Wno-return-type -Wno-missing-braces -Wparentheses -Wswitch -Wno-unused-function -Wno-unused-label -Wno-unused-parameter -Wno-unused-variable -Wunused-value -Wno-empty-body -Wno-uninitialized -Wno-unknown-pragmas -w -Wno-shadow -Wno-four-char-constants -Wno-conversion -Wno-constant-conversion -Wno-int-conversion -Wno-bool-conversion -Wno-enum-conversion -Wno-float-conversion -Wno-non-literal-null-conversion -Wno-objc-literal-conversion -Wshorten-64-to-32 -Wpointer-sign -Wno-newline-eof -Wno-implicit-fallthrough -isysroot /Applications/Xcode.app/Contents/Developer/Platforms/iPhoneSimulator.platform/Developer/SDKs/iPhoneSimulator26.4.sdk -fstrict-aliasing -Wdeprecated-declarations -Wno-sign-conversion -Wno-infinite-recursion -Wno-comma -Wno-block-capture-autoreleasing -Wno-strict-prototypes -Wno-semicolon-before-method-body -index-store-path /Users/aadityasingh/Library/Developer/Xcode/DerivedData/Chatlio-erkyzdeecsohoaggpwbjdvavzqfv/Index.noindex/DataStore @/Users/aadityasingh/Library/Developer/Xcode/DerivedData/Chatlio-erkyzdeecsohoaggpwbjdvavzqfv/Build/Intermediates.noindex/PostHog.build/Debug-iphonesimulator/phlibwebp.build/Objects-normal/arm64/7187679823f38a2a940e0043cdf9d637-common-args.resp -MMD -MT dependencies -MF /Users/aadityasingh/Library/Developer/Xcode/DerivedData/Chatlio-erkyzdeecsohoaggpwbjdvavzqfv/Build/Intermediates.noindex/PostHog.build/Debug-iphonesimulator/phlibwebp.build/Objects-normal/arm64/huffman_utils.d --serialize-diagnostics /Users/aadityasingh/Library/Developer/Xcode/DerivedData/Chatlio-erkyzdeecsohoaggpwbjdvavzqfv/Build/Intermediates.noindex/PostHog.build/Debug-iphonesimulator/phlibwebp.build/Objects-normal/arm64/huffman_utils.dia -c /Users/aadityasingh/Library/Developer/Xcode/DerivedData/Chatlio-erkyzdeecsohoaggpwbjdvavzqfv/SourcePackages/checkouts/posthog-ios/vendor/libwebp/huffman_utils.c -o /Users/aadityasingh/Library/Developer/Xcode/DerivedData/Chatlio-erkyzdeecsohoaggpwbjdvavzqfv/Build/Intermediates.noindex/PostHog.build/Debug-iphonesimulator/phlibwebp.build/Objects-normal/arm64/huffman_utils.o -index-unit-output-path /PostHog.build/Debug-iphonesimulator/phlibwebp.build/Objects-normal/arm64/huffman_utils.o

CompileC /Users/aadityasingh/Library/Developer/Xcode/DerivedData/Chatlio-erkyzdeecsohoaggpwbjdvavzqfv/Build/Intermediates.noindex/PostHog.build/Debug-iphonesimulator/phlibwebp.build/Objects-normal/arm64/huffman_encode_utils.o /Users/aadityasingh/Library/Developer/Xcode/DerivedData/Chatlio-erkyzdeecsohoaggpwbjdvavzqfv/SourcePackages/checkouts/posthog-ios/vendor/libwebp/huffman_encode_utils.c normal arm64 c com.apple.compilers.llvm.clang.1_0.compiler (in target 'phlibwebp' from project 'PostHog')
    cd /Users/aadityasingh/Documents/Development/element-x-ios/Chatlio.xcodeproj
    
    Using response file: /Users/aadityasingh/Library/Developer/Xcode/DerivedData/Chatlio-erkyzdeecsohoaggpwbjdvavzqfv/Build/Intermediates.noindex/PostHog.build/Debug-iphonesimulator/phlibwebp.build/Objects-normal/arm64/7187679823f38a2a940e0043cdf9d637-common-args.resp
    
    /Applications/Xcode.app/Contents/Developer/Toolchains/XcodeDefault.xctoolchain/usr/bin/clang -x c -ivfsstatcache /Users/aadityasingh/Library/Developer/Xcode/DerivedData/SDKStatCaches.noindex/iphonesimulator26.4-23E252-686eebb5dc1d8ecb277353a59184f4aa.sdkstatcache -target arm64-apple-ios13.0-simulator -fmessage-length\=0 -fdiagnostics-show-note-include-stack -fmacro-backtrace-limit\=0 -fno-color-diagnostics -fmodules-prune-interval\=86400 -fmodules-prune-after\=345600 -fbuild-session-file\=/Users/aadityasingh/Library/Developer/Xcode/DerivedData/ModuleCache.noindex/Session.modulevalidation -fmodules-validate-once-per-build-session -Wnon-modular-include-in-framework-module -Werror\=non-modular-include-in-framework-module -Wno-trigraphs -Wno-missing-field-initializers -Wno-missing-prototypes -Wno-return-type -Wno-missing-braces -Wparentheses -Wswitch -Wno-unused-function -Wno-unused-label -Wno-unused-parameter -Wno-unused-variable -Wunused-value -Wno-empty-body -Wno-uninitialized -Wno-unknown-pragmas -w -Wno-shadow -Wno-four-char-constants -Wno-conversion -Wno-constant-conversion -Wno-int-conversion -Wno-bool-conversion -Wno-enum-conversion -Wno-float-conversion -Wno-non-literal-null-conversion -Wno-objc-literal-conversion -Wshorten-64-to-32 -Wpointer-sign -Wno-newline-eof -Wno-implicit-fallthrough -isysroot /Applications/Xcode.app/Contents/Developer/Platforms/iPhoneSimulator.platform/Developer/SDKs/iPhoneSimulator26.4.sdk -fstrict-aliasing -Wdeprecated-declarations -Wno-sign-conversion -Wno-infinite-recursion -Wno-comma -Wno-block-capture-autoreleasing -Wno-strict-prototypes -Wno-semicolon-before-method-body -index-store-path /Users/aadityasingh/Library/Developer/Xcode/DerivedData/Chatlio-erkyzdeecsohoaggpwbjdvavzqfv/Index.noindex/DataStore @/Users/aadityasingh/Library/Developer/Xcode/DerivedData/Chatlio-erkyzdeecsohoaggpwbjdvavzqfv/Build/Intermediates.noindex/PostHog.build/Debug-iphonesimulator/phlibwebp.build/Objects-normal/arm64/7187679823f38a2a940e0043cdf9d637-common-args.resp -MMD -MT dependencies -MF /Users/aadityasingh/Library/Developer/Xcode/DerivedData/Chatlio-erkyzdeecsohoaggpwbjdvavzqfv/Build/Intermediates.noindex/PostHog.build/Debug-iphonesimulator/phlibwebp.build/Objects-normal/arm64/huffman_encode_utils.d --serialize-diagnostics /Users/aadityasingh/Library/Developer/Xcode/DerivedData/Chatlio-erkyzdeecsohoaggpwbjdvavzqfv/Build/Intermediates.noindex/PostHog.build/Debug-iphonesimulator/phlibwebp.build/Objects-normal/arm64/huffman_encode_utils.dia -c /Users/aadityasingh/Library/Developer/Xcode/DerivedData/Chatlio-erkyzdeecsohoaggpwbjdvavzqfv/SourcePackages/checkouts/posthog-ios/vendor/libwebp/huffman_encode_utils.c -o /Users/aadityasingh/Library/Developer/Xcode/DerivedData/Chatlio-erkyzdeecsohoaggpwbjdvavzqfv/Build/Intermediates.noindex/PostHog.build/Debug-iphonesimulator/phlibwebp.build/Objects-normal/arm64/huffman_encode_utils.o -index-unit-output-path /PostHog.build/Debug-iphonesimulator/phlibwebp.build/Objects-normal/arm64/huffman_encode_utils.o

SwiftExplicitDependencyGeneratePcm arm64 /Users/aadityasingh/Library/Developer/Xcode/DerivedData/ModuleCache.noindex/ptrauth-DREFXF21HT4BV1SYET78EP623.pcm

SwiftExplicitDependencyGeneratePcm arm64 /Users/aadityasingh/Library/Developer/Xcode/DerivedData/ModuleCache.noindex/_DarwinFoundation1-2PS9WMNQRNKR4GFRKYQFF545E.pcm

SwiftExplicitDependencyGeneratePcm x86_64 /Users/aadityasingh/Library/Developer/Xcode/DerivedData/ModuleCache.noindex/_DarwinFoundation1-PV6I6ZMSUY88V9UL7VKGPJPM.pcm

CompileC /Users/aadityasingh/Library/Developer/Xcode/DerivedData/Chatlio-erkyzdeecsohoaggpwbjdvavzqfv/Build/Intermediates.noindex/PostHog.build/Debug-iphonesimulator/phlibwebp.build/Objects-normal/arm64/histogram_enc.o /Users/aadityasingh/Library/Developer/Xcode/DerivedData/Chatlio-erkyzdeecsohoaggpwbjdvavzqfv/SourcePackages/checkouts/posthog-ios/vendor/libwebp/histogram_enc.c normal arm64 c com.apple.compilers.llvm.clang.1_0.compiler (in target 'phlibwebp' from project 'PostHog')
    cd /Users/aadityasingh/Documents/Development/element-x-ios/Chatlio.xcodeproj
    
    Using response file: /Users/aadityasingh/Library/Developer/Xcode/DerivedData/Chatlio-erkyzdeecsohoaggpwbjdvavzqfv/Build/Intermediates.noindex/PostHog.build/Debug-iphonesimulator/phlibwebp.build/Objects-normal/arm64/7187679823f38a2a940e0043cdf9d637-common-args.resp
    
    /Applications/Xcode.app/Contents/Developer/Toolchains/XcodeDefault.xctoolchain/usr/bin/clang -x c -ivfsstatcache /Users/aadityasingh/Library/Developer/Xcode/DerivedData/SDKStatCaches.noindex/iphonesimulator26.4-23E252-686eebb5dc1d8ecb277353a59184f4aa.sdkstatcache -target arm64-apple-ios13.0-simulator -fmessage-length\=0 -fdiagnostics-show-note-include-stack -fmacro-backtrace-limit\=0 -fno-color-diagnostics -fmodules-prune-interval\=86400 -fmodules-prune-after\=345600 -fbuild-session-file\=/Users/aadityasingh/Library/Developer/Xcode/DerivedData/ModuleCache.noindex/Session.modulevalidation -fmodules-validate-once-per-build-session -Wnon-modular-include-in-framework-module -Werror\=non-modular-include-in-framework-module -Wno-trigraphs -Wno-missing-field-initializers -Wno-missing-prototypes -Wno-return-type -Wno-missing-braces -Wparentheses -Wswitch -Wno-unused-function -Wno-unused-label -Wno-unused-parameter -Wno-unused-variable -Wunused-value -Wno-empty-body -Wno-uninitialized -Wno-unknown-pragmas -w -Wno-shadow -Wno-four-char-constants -Wno-conversion -Wno-constant-conversion -Wno-int-conversion -Wno-bool-conversion -Wno-enum-conversion -Wno-float-conversion -Wno-non-literal-null-conversion -Wno-objc-literal-conversion -Wshorten-64-to-32 -Wpointer-sign -Wno-newline-eof -Wno-implicit-fallthrough -isysroot /Applications/Xcode.app/Contents/Developer/Platforms/iPhoneSimulator.platform/Developer/SDKs/iPhoneSimulator26.4.sdk -fstrict-aliasing -Wdeprecated-declarations -Wno-sign-conversion -Wno-infinite-recursion -Wno-comma -Wno-block-capture-autoreleasing -Wno-strict-prototypes -Wno-semicolon-before-method-body -index-store-path /Users/aadityasingh/Library/Developer/Xcode/DerivedData/Chatlio-erkyzdeecsohoaggpwbjdvavzqfv/Index.noindex/DataStore @/Users/aadityasingh/Library/Developer/Xcode/DerivedData/Chatlio-erkyzdeecsohoaggpwbjdvavzqfv/Build/Intermediates.noindex/PostHog.build/Debug-iphonesimulator/phlibwebp.build/Objects-normal/arm64/7187679823f38a2a940e0043cdf9d637-common-args.resp -MMD -MT dependencies -MF /Users/aadityasingh/Library/Developer/Xcode/DerivedData/Chatlio-erkyzdeecsohoaggpwbjdvavzqfv/Build/Intermediates.noindex/PostHog.build/Debug-iphonesimulator/phlibwebp.build/Objects-normal/arm64/histogram_enc.d --serialize-diagnostics /Users/aadityasingh/Library/Developer/Xcode/DerivedData/Chatlio-erkyzdeecsohoaggpwbjdvavzqfv/Build/Intermediates.noindex/PostHog.build/Debug-iphonesimulator/phlibwebp.build/Objects-normal/arm64/histogram_enc.dia -c /Users/aadityasingh/Library/Developer/Xcode/DerivedData/Chatlio-erkyzdeecsohoaggpwbjdvavzqfv/SourcePackages/checkouts/posthog-ios/vendor/libwebp/histogram_enc.c -o /Users/aadityasingh/Library/Developer/Xcode/DerivedData/Chatlio-erkyzdeecsohoaggpwbjdvavzqfv/Build/Intermediates.noindex/PostHog.build/Debug-iphonesimulator/phlibwebp.build/Objects-normal/arm64/histogram_enc.o -index-unit-output-path /PostHog.build/Debug-iphonesimulator/phlibwebp.build/Objects-normal/arm64/histogram_enc.o

CompileC /Users/aadityasingh/Library/Developer/Xcode/DerivedData/Chatlio-erkyzdeecsohoaggpwbjdvavzqfv/Build/Intermediates.noindex/PostHog.build/Debug-iphonesimulator/phlibwebp.build/Objects-normal/arm64/frame_enc.o /Users/aadityasingh/Library/Developer/Xcode/DerivedData/Chatlio-erkyzdeecsohoaggpwbjdvavzqfv/SourcePackages/checkouts/posthog-ios/vendor/libwebp/frame_enc.c normal arm64 c com.apple.compilers.llvm.clang.1_0.compiler (in target 'phlibwebp' from project 'PostHog')
    cd /Users/aadityasingh/Documents/Development/element-x-ios/Chatlio.xcodeproj
    
    Using response file: /Users/aadityasingh/Library/Developer/Xcode/DerivedData/Chatlio-erkyzdeecsohoaggpwbjdvavzqfv/Build/Intermediates.noindex/PostHog.build/Debug-iphonesimulator/phlibwebp.build/Objects-normal/arm64/7187679823f38a2a940e0043cdf9d637-common-args.resp
    
    /Applications/Xcode.app/Contents/Developer/Toolchains/XcodeDefault.xctoolchain/usr/bin/clang -x c -ivfsstatcache /Users/aadityasingh/Library/Developer/Xcode/DerivedData/SDKStatCaches.noindex/iphonesimulator26.4-23E252-686eebb5dc1d8ecb277353a59184f4aa.sdkstatcache -target arm64-apple-ios13.0-simulator -fmessage-length\=0 -fdiagnostics-show-note-include-stack -fmacro-backtrace-limit\=0 -fno-color-diagnostics -fmodules-prune-interval\=86400 -fmodules-prune-after\=345600 -fbuild-session-file\=/Users/aadityasingh/Library/Developer/Xcode/DerivedData/ModuleCache.noindex/Session.modulevalidation -fmodules-validate-once-per-build-session -Wnon-modular-include-in-framework-module -Werror\=non-modular-include-in-framework-module -Wno-trigraphs -Wno-missing-field-initializers -Wno-missing-prototypes -Wno-return-type -Wno-missing-braces -Wparentheses -Wswitch -Wno-unused-function -Wno-unused-label -Wno-unused-parameter -Wno-unused-variable -Wunused-value -Wno-empty-body -Wno-uninitialized -Wno-unknown-pragmas -w -Wno-shadow -Wno-four-char-constants -Wno-conversion -Wno-constant-conversion -Wno-int-conversion -Wno-bool-conversion -Wno-enum-conversion -Wno-float-conversion -Wno-non-literal-null-conversion -Wno-objc-literal-conversion -Wshorten-64-to-32 -Wpointer-sign -Wno-newline-eof -Wno-implicit-fallthrough -isysroot /Applications/Xcode.app/Contents/Developer/Platforms/iPhoneSimulator.platform/Developer/SDKs/iPhoneSimulator26.4.sdk -fstrict-aliasing -Wdeprecated-declarations -Wno-sign-conversion -Wno-infinite-recursion -Wno-comma -Wno-block-capture-autoreleasing -Wno-strict-prototypes -Wno-semicolon-before-method-body -index-store-path /Users/aadityasingh/Library/Developer/Xcode/DerivedData/Chatlio-erkyzdeecsohoaggpwbjdvavzqfv/Index.noindex/DataStore @/Users/aadityasingh/Library/Developer/Xcode/DerivedData/Chatlio-erkyzdeecsohoaggpwbjdvavzqfv/Build/Intermediates.noindex/PostHog.build/Debug-iphonesimulator/phlibwebp.build/Objects-normal/arm64/7187679823f38a2a940e0043cdf9d637-common-args.resp -MMD -MT dependencies -MF /Users/aadityasingh/Library/Developer/Xcode/DerivedData/Chatlio-erkyzdeecsohoaggpwbjdvavzqfv/Build/Intermediates.noindex/PostHog.build/Debug-iphonesimulator/phlibwebp.build/Objects-normal/arm64/frame_enc.d --serialize-diagnostics /Users/aadityasingh/Library/Developer/Xcode/DerivedData/Chatlio-erkyzdeecsohoaggpwbjdvavzqfv/Build/Intermediates.noindex/PostHog.build/Debug-iphonesimulator/phlibwebp.build/Objects-normal/arm64/frame_enc.dia -c /Users/aadityasingh/Library/Developer/Xcode/DerivedData/Chatlio-erkyzdeecsohoaggpwbjdvavzqfv/SourcePackages/checkouts/posthog-ios/vendor/libwebp/frame_enc.c -o /Users/aadityasingh/Library/Developer/Xcode/DerivedData/Chatlio-erkyzdeecsohoaggpwbjdvavzqfv/Build/Intermediates.noindex/PostHog.build/Debug-iphonesimulator/phlibwebp.build/Objects-normal/arm64/frame_enc.o -index-unit-output-path /PostHog.build/Debug-iphonesimulator/phlibwebp.build/Objects-normal/arm64/frame_enc.o

CompileC /Users/aadityasingh/Library/Developer/Xcode/DerivedData/Chatlio-erkyzdeecsohoaggpwbjdvavzqfv/Build/Intermediates.noindex/PostHog.build/Debug-iphonesimulator/phlibwebp.build/Objects-normal/arm64/filters_utils.o /Users/aadityasingh/Library/Developer/Xcode/DerivedData/Chatlio-erkyzdeecsohoaggpwbjdvavzqfv/SourcePackages/checkouts/posthog-ios/vendor/libwebp/filters_utils.c normal arm64 c com.apple.compilers.llvm.clang.1_0.compiler (in target 'phlibwebp' from project 'PostHog')
    cd /Users/aadityasingh/Documents/Development/element-x-ios/Chatlio.xcodeproj
    
    Using response file: /Users/aadityasingh/Library/Developer/Xcode/DerivedData/Chatlio-erkyzdeecsohoaggpwbjdvavzqfv/Build/Intermediates.noindex/PostHog.build/Debug-iphonesimulator/phlibwebp.build/Objects-normal/arm64/7187679823f38a2a940e0043cdf9d637-common-args.resp
    
    /Applications/Xcode.app/Contents/Developer/Toolchains/XcodeDefault.xctoolchain/usr/bin/clang -x c -ivfsstatcache /Users/aadityasingh/Library/Developer/Xcode/DerivedData/SDKStatCaches.noindex/iphonesimulator26.4-23E252-686eebb5dc1d8ecb277353a59184f4aa.sdkstatcache -target arm64-apple-ios13.0-simulator -fmessage-length\=0 -fdiagnostics-show-note-include-stack -fmacro-backtrace-limit\=0 -fno-color-diagnostics -fmodules-prune-interval\=86400 -fmodules-prune-after\=345600 -fbuild-session-file\=/Users/aadityasingh/Library/Developer/Xcode/DerivedData/ModuleCache.noindex/Session.modulevalidation -fmodules-validate-once-per-build-session -Wnon-modular-include-in-framework-module -Werror\=non-modular-include-in-framework-module -Wno-trigraphs -Wno-missing-field-initializers -Wno-missing-prototypes -Wno-return-type -Wno-missing-braces -Wparentheses -Wswitch -Wno-unused-function -Wno-unused-label -Wno-unused-parameter -Wno-unused-variable -Wunused-value -Wno-empty-body -Wno-uninitialized -Wno-unknown-pragmas -w -Wno-shadow -Wno-four-char-constants -Wno-conversion -Wno-constant-conversion -Wno-int-conversion -Wno-bool-conversion -Wno-enum-conversion -Wno-float-conversion -Wno-non-literal-null-conversion -Wno-objc-literal-conversion -Wshorten-64-to-32 -Wpointer-sign -Wno-newline-eof -Wno-implicit-fallthrough -isysroot /Applications/Xcode.app/Contents/Developer/Platforms/iPhoneSimulator.platform/Developer/SDKs/iPhoneSimulator26.4.sdk -fstrict-aliasing -Wdeprecated-declarations -Wno-sign-conversion -Wno-infinite-recursion -Wno-comma -Wno-block-capture-autoreleasing -Wno-strict-prototypes -Wno-semicolon-before-method-body -index-store-path /Users/aadityasingh/Library/Developer/Xcode/DerivedData/Chatlio-erkyzdeecsohoaggpwbjdvavzqfv/Index.noindex/DataStore @/Users/aadityasingh/Library/Developer/Xcode/DerivedData/Chatlio-erkyzdeecsohoaggpwbjdvavzqfv/Build/Intermediates.noindex/PostHog.build/Debug-iphonesimulator/phlibwebp.build/Objects-normal/arm64/7187679823f38a2a940e0043cdf9d637-common-args.resp -MMD -MT dependencies -MF /Users/aadityasingh/Library/Developer/Xcode/DerivedData/Chatlio-erkyzdeecsohoaggpwbjdvavzqfv/Build/Intermediates.noindex/PostHog.build/Debug-iphonesimulator/phlibwebp.build/Objects-normal/arm64/filters_utils.d --serialize-diagnostics /Users/aadityasingh/Library/Developer/Xcode/DerivedData/Chatlio-erkyzdeecsohoaggpwbjdvavzqfv/Build/Intermediates.noindex/PostHog.build/Debug-iphonesimulator/phlibwebp.build/Objects-normal/arm64/filters_utils.dia -c /Users/aadityasingh/Library/Developer/Xcode/DerivedData/Chatlio-erkyzdeecsohoaggpwbjdvavzqfv/SourcePackages/checkouts/posthog-ios/vendor/libwebp/filters_utils.c -o /Users/aadityasingh/Library/Developer/Xcode/DerivedData/Chatlio-erkyzdeecsohoaggpwbjdvavzqfv/Build/Intermediates.noindex/PostHog.build/Debug-iphonesimulator/phlibwebp.build/Objects-normal/arm64/filters_utils.o -index-unit-output-path /PostHog.build/Debug-iphonesimulator/phlibwebp.build/Objects-normal/arm64/filters_utils.o

CompileC /Users/aadityasingh/Library/Developer/Xcode/DerivedData/Chatlio-erkyzdeecsohoaggpwbjdvavzqfv/Build/Intermediates.noindex/PostHog.build/Debug-iphonesimulator/phlibwebp.build/Objects-normal/arm64/filters_sse2.o /Users/aadityasingh/Library/Developer/Xcode/DerivedData/Chatlio-erkyzdeecsohoaggpwbjdvavzqfv/SourcePackages/checkouts/posthog-ios/vendor/libwebp/filters_sse2.c normal arm64 c com.apple.compilers.llvm.clang.1_0.compiler (in target 'phlibwebp' from project 'PostHog')
    cd /Users/aadityasingh/Documents/Development/element-x-ios/Chatlio.xcodeproj
    
    Using response file: /Users/aadityasingh/Library/Developer/Xcode/DerivedData/Chatlio-erkyzdeecsohoaggpwbjdvavzqfv/Build/Intermediates.noindex/PostHog.build/Debug-iphonesimulator/phlibwebp.build/Objects-normal/arm64/7187679823f38a2a940e0043cdf9d637-common-args.resp
    
    /Applications/Xcode.app/Contents/Developer/Toolchains/XcodeDefault.xctoolchain/usr/bin/clang -x c -ivfsstatcache /Users/aadityasingh/Library/Developer/Xcode/DerivedData/SDKStatCaches.noindex/iphonesimulator26.4-23E252-686eebb5dc1d8ecb277353a59184f4aa.sdkstatcache -target arm64-apple-ios13.0-simulator -fmessage-length\=0 -fdiagnostics-show-note-include-stack -fmacro-backtrace-limit\=0 -fno-color-diagnostics -fmodules-prune-interval\=86400 -fmodules-prune-after\=345600 -fbuild-session-file\=/Users/aadityasingh/Library/Developer/Xcode/DerivedData/ModuleCache.noindex/Session.modulevalidation -fmodules-validate-once-per-build-session -Wnon-modular-include-in-framework-module -Werror\=non-modular-include-in-framework-module -Wno-trigraphs -Wno-missing-field-initializers -Wno-missing-prototypes -Wno-return-type -Wno-missing-braces -Wparentheses -Wswitch -Wno-unused-function -Wno-unused-label -Wno-unused-parameter -Wno-unused-variable -Wunused-value -Wno-empty-body -Wno-uninitialized -Wno-unknown-pragmas -w -Wno-shadow -Wno-four-char-constants -Wno-conversion -Wno-constant-conversion -Wno-int-conversion -Wno-bool-conversion -Wno-enum-conversion -Wno-float-conversion -Wno-non-literal-null-conversion -Wno-objc-literal-conversion -Wshorten-64-to-32 -Wpointer-sign -Wno-newline-eof -Wno-implicit-fallthrough -isysroot /Applications/Xcode.app/Contents/Developer/Platforms/iPhoneSimulator.platform/Developer/SDKs/iPhoneSimulator26.4.sdk -fstrict-aliasing -Wdeprecated-declarations -Wno-sign-conversion -Wno-infinite-recursion -Wno-comma -Wno-block-capture-autoreleasing -Wno-strict-prototypes -Wno-semicolon-before-method-body -index-store-path /Users/aadityasingh/Library/Developer/Xcode/DerivedData/Chatlio-erkyzdeecsohoaggpwbjdvavzqfv/Index.noindex/DataStore @/Users/aadityasingh/Library/Developer/Xcode/DerivedData/Chatlio-erkyzdeecsohoaggpwbjdvavzqfv/Build/Intermediates.noindex/PostHog.build/Debug-iphonesimulator/phlibwebp.build/Objects-normal/arm64/7187679823f38a2a940e0043cdf9d637-common-args.resp -MMD -MT dependencies -MF /Users/aadityasingh/Library/Developer/Xcode/DerivedData/Chatlio-erkyzdeecsohoaggpwbjdvavzqfv/Build/Intermediates.noindex/PostHog.build/Debug-iphonesimulator/phlibwebp.build/Objects-normal/arm64/filters_sse2.d --serialize-diagnostics /Users/aadityasingh/Library/Developer/Xcode/DerivedData/Chatlio-erkyzdeecsohoaggpwbjdvavzqfv/Build/Intermediates.noindex/PostHog.build/Debug-iphonesimulator/phlibwebp.build/Objects-normal/arm64/filters_sse2.dia -c /Users/aadityasingh/Library/Developer/Xcode/DerivedData/Chatlio-erkyzdeecsohoaggpwbjdvavzqfv/SourcePackages/checkouts/posthog-ios/vendor/libwebp/filters_sse2.c -o /Users/aadityasingh/Library/Developer/Xcode/DerivedData/Chatlio-erkyzdeecsohoaggpwbjdvavzqfv/Build/Intermediates.noindex/PostHog.build/Debug-iphonesimulator/phlibwebp.build/Objects-normal/arm64/filters_sse2.o -index-unit-output-path /PostHog.build/Debug-iphonesimulator/phlibwebp.build/Objects-normal/arm64/filters_sse2.o

CompileC /Users/aadityasingh/Library/Developer/Xcode/DerivedData/Chatlio-erkyzdeecsohoaggpwbjdvavzqfv/Build/Intermediates.noindex/PostHog.build/Debug-iphonesimulator/phlibwebp.build/Objects-normal/arm64/filters_neon.o /Users/aadityasingh/Library/Developer/Xcode/DerivedData/Chatlio-erkyzdeecsohoaggpwbjdvavzqfv/SourcePackages/checkouts/posthog-ios/vendor/libwebp/filters_neon.c normal arm64 c com.apple.compilers.llvm.clang.1_0.compiler (in target 'phlibwebp' from project 'PostHog')
    cd /Users/aadityasingh/Documents/Development/element-x-ios/Chatlio.xcodeproj
    
    Using response file: /Users/aadityasingh/Library/Developer/Xcode/DerivedData/Chatlio-erkyzdeecsohoaggpwbjdvavzqfv/Build/Intermediates.noindex/PostHog.build/Debug-iphonesimulator/phlibwebp.build/Objects-normal/arm64/7187679823f38a2a940e0043cdf9d637-common-args.resp
    
    /Applications/Xcode.app/Contents/Developer/Toolchains/XcodeDefault.xctoolchain/usr/bin/clang -x c -ivfsstatcache /Users/aadityasingh/Library/Developer/Xcode/DerivedData/SDKStatCaches.noindex/iphonesimulator26.4-23E252-686eebb5dc1d8ecb277353a59184f4aa.sdkstatcache -target arm64-apple-ios13.0-simulator -fmessage-length\=0 -fdiagnostics-show-note-include-stack -fmacro-backtrace-limit\=0 -fno-color-diagnostics -fmodules-prune-interval\=86400 -fmodules-prune-after\=345600 -fbuild-session-file\=/Users/aadityasingh/Library/Developer/Xcode/DerivedData/ModuleCache.noindex/Session.modulevalidation -fmodules-validate-once-per-build-session -Wnon-modular-include-in-framework-module -Werror\=non-modular-include-in-framework-module -Wno-trigraphs -Wno-missing-field-initializers -Wno-missing-prototypes -Wno-return-type -Wno-missing-braces -Wparentheses -Wswitch -Wno-unused-function -Wno-unused-label -Wno-unused-parameter -Wno-unused-variable -Wunused-value -Wno-empty-body -Wno-uninitialized -Wno-unknown-pragmas -w -Wno-shadow -Wno-four-char-constants -Wno-conversion -Wno-constant-conversion -Wno-int-conversion -Wno-bool-conversion -Wno-enum-conversion -Wno-float-conversion -Wno-non-literal-null-conversion -Wno-objc-literal-conversion -Wshorten-64-to-32 -Wpointer-sign -Wno-newline-eof -Wno-implicit-fallthrough -isysroot /Applications/Xcode.app/Contents/Developer/Platforms/iPhoneSimulator.platform/Developer/SDKs/iPhoneSimulator26.4.sdk -fstrict-aliasing -Wdeprecated-declarations -Wno-sign-conversion -Wno-infinite-recursion -Wno-comma -Wno-block-capture-autoreleasing -Wno-strict-prototypes -Wno-semicolon-before-method-body -index-store-path /Users/aadityasingh/Library/Developer/Xcode/DerivedData/Chatlio-erkyzdeecsohoaggpwbjdvavzqfv/Index.noindex/DataStore @/Users/aadityasingh/Library/Developer/Xcode/DerivedData/Chatlio-erkyzdeecsohoaggpwbjdvavzqfv/Build/Intermediates.noindex/PostHog.build/Debug-iphonesimulator/phlibwebp.build/Objects-normal/arm64/7187679823f38a2a940e0043cdf9d637-common-args.resp -MMD -MT dependencies -MF /Users/aadityasingh/Library/Developer/Xcode/DerivedData/Chatlio-erkyzdeecsohoaggpwbjdvavzqfv/Build/Intermediates.noindex/PostHog.build/Debug-iphonesimulator/phlibwebp.build/Objects-normal/arm64/filters_neon.d --serialize-diagnostics /Users/aadityasingh/Library/Developer/Xcode/DerivedData/Chatlio-erkyzdeecsohoaggpwbjdvavzqfv/Build/Intermediates.noindex/PostHog.build/Debug-iphonesimulator/phlibwebp.build/Objects-normal/arm64/filters_neon.dia -c /Users/aadityasingh/Library/Developer/Xcode/DerivedData/Chatlio-erkyzdeecsohoaggpwbjdvavzqfv/SourcePackages/checkouts/posthog-ios/vendor/libwebp/filters_neon.c -o /Users/aadityasingh/Library/Developer/Xcode/DerivedData/Chatlio-erkyzdeecsohoaggpwbjdvavzqfv/Build/Intermediates.noindex/PostHog.build/Debug-iphonesimulator/phlibwebp.build/Objects-normal/arm64/filters_neon.o -index-unit-output-path /PostHog.build/Debug-iphonesimulator/phlibwebp.build/Objects-normal/arm64/filters_neon.o

CompileC /Users/aadityasingh/Library/Developer/Xcode/DerivedData/Chatlio-erkyzdeecsohoaggpwbjdvavzqfv/Build/Intermediates.noindex/PostHog.build/Debug-iphonesimulator/phlibwebp.build/Objects-normal/arm64/filters.o /Users/aadityasingh/Library/Developer/Xcode/DerivedData/Chatlio-erkyzdeecsohoaggpwbjdvavzqfv/SourcePackages/checkouts/posthog-ios/vendor/libwebp/filters.c normal arm64 c com.apple.compilers.llvm.clang.1_0.compiler (in target 'phlibwebp' from project 'PostHog')
    cd /Users/aadityasingh/Documents/Development/element-x-ios/Chatlio.xcodeproj
    
    Using response file: /Users/aadityasingh/Library/Developer/Xcode/DerivedData/Chatlio-erkyzdeecsohoaggpwbjdvavzqfv/Build/Intermediates.noindex/PostHog.build/Debug-iphonesimulator/phlibwebp.build/Objects-normal/arm64/7187679823f38a2a940e0043cdf9d637-common-args.resp
    
    /Applications/Xcode.app/Contents/Developer/Toolchains/XcodeDefault.xctoolchain/usr/bin/clang -x c -ivfsstatcache /Users/aadityasingh/Library/Developer/Xcode/DerivedData/SDKStatCaches.noindex/iphonesimulator26.4-23E252-686eebb5dc1d8ecb277353a59184f4aa.sdkstatcache -target arm64-apple-ios13.0-simulator -fmessage-length\=0 -fdiagnostics-show-note-include-stack -fmacro-backtrace-limit\=0 -fno-color-diagnostics -fmodules-prune-interval\=86400 -fmodules-prune-after\=345600 -fbuild-session-file\=/Users/aadityasingh/Library/Developer/Xcode/DerivedData/ModuleCache.noindex/Session.modulevalidation -fmodules-validate-once-per-build-session -Wnon-modular-include-in-framework-module -Werror\=non-modular-include-in-framework-module -Wno-trigraphs -Wno-missing-field-initializers -Wno-missing-prototypes -Wno-return-type -Wno-missing-braces -Wparentheses -Wswitch -Wno-unused-function -Wno-unused-label -Wno-unused-parameter -Wno-unused-variable -Wunused-value -Wno-empty-body -Wno-uninitialized -Wno-unknown-pragmas -w -Wno-shadow -Wno-four-char-constants -Wno-conversion -Wno-constant-conversion -Wno-int-conversion -Wno-bool-conversion -Wno-enum-conversion -Wno-float-conversion -Wno-non-literal-null-conversion -Wno-objc-literal-conversion -Wshorten-64-to-32 -Wpointer-sign -Wno-newline-eof -Wno-implicit-fallthrough -isysroot /Applications/Xcode.app/Contents/Developer/Platforms/iPhoneSimulator.platform/Developer/SDKs/iPhoneSimulator26.4.sdk -fstrict-aliasing -Wdeprecated-declarations -Wno-sign-conversion -Wno-infinite-recursion -Wno-comma -Wno-block-capture-autoreleasing -Wno-strict-prototypes -Wno-semicolon-before-method-body -index-store-path /Users/aadityasingh/Library/Developer/Xcode/DerivedData/Chatlio-erkyzdeecsohoaggpwbjdvavzqfv/Index.noindex/DataStore @/Users/aadityasingh/Library/Developer/Xcode/DerivedData/Chatlio-erkyzdeecsohoaggpwbjdvavzqfv/Build/Intermediates.noindex/PostHog.build/Debug-iphonesimulator/phlibwebp.build/Objects-normal/arm64/7187679823f38a2a940e0043cdf9d637-common-args.resp -MMD -MT dependencies -MF /Users/aadityasingh/Library/Developer/Xcode/DerivedData/Chatlio-erkyzdeecsohoaggpwbjdvavzqfv/Build/Intermediates.noindex/PostHog.build/Debug-iphonesimulator/phlibwebp.build/Objects-normal/arm64/filters.d --serialize-diagnostics /Users/aadityasingh/Library/Developer/Xcode/DerivedData/Chatlio-erkyzdeecsohoaggpwbjdvavzqfv/Build/Intermediates.noindex/PostHog.build/Debug-iphonesimulator/phlibwebp.build/Objects-normal/arm64/filters.dia -c /Users/aadityasingh/Library/Developer/Xcode/DerivedData/Chatlio-erkyzdeecsohoaggpwbjdvavzqfv/SourcePackages/checkouts/posthog-ios/vendor/libwebp/filters.c -o /Users/aadityasingh/Library/Developer/Xcode/DerivedData/Chatlio-erkyzdeecsohoaggpwbjdvavzqfv/Build/Intermediates.noindex/PostHog.build/Debug-iphonesimulator/phlibwebp.build/Objects-normal/arm64/filters.o -index-unit-output-path /PostHog.build/Debug-iphonesimulator/phlibwebp.build/Objects-normal/arm64/filters.o

CompileC /Users/aadityasingh/Library/Developer/Xcode/DerivedData/Chatlio-erkyzdeecsohoaggpwbjdvavzqfv/Build/Intermediates.noindex/PostHog.build/Debug-iphonesimulator/phlibwebp.build/Objects-normal/arm64/filter_enc.o /Users/aadityasingh/Library/Developer/Xcode/DerivedData/Chatlio-erkyzdeecsohoaggpwbjdvavzqfv/SourcePackages/checkouts/posthog-ios/vendor/libwebp/filter_enc.c normal arm64 c com.apple.compilers.llvm.clang.1_0.compiler (in target 'phlibwebp' from project 'PostHog')
    cd /Users/aadityasingh/Documents/Development/element-x-ios/Chatlio.xcodeproj
    
    Using response file: /Users/aadityasingh/Library/Developer/Xcode/DerivedData/Chatlio-erkyzdeecsohoaggpwbjdvavzqfv/Build/Intermediates.noindex/PostHog.build/Debug-iphonesimulator/phlibwebp.build/Objects-normal/arm64/7187679823f38a2a940e0043cdf9d637-common-args.resp
    
    /Applications/Xcode.app/Contents/Developer/Toolchains/XcodeDefault.xctoolchain/usr/bin/clang -x c -ivfsstatcache /Users/aadityasingh/Library/Developer/Xcode/DerivedData/SDKStatCaches.noindex/iphonesimulator26.4-23E252-686eebb5dc1d8ecb277353a59184f4aa.sdkstatcache -target arm64-apple-ios13.0-simulator -fmessage-length\=0 -fdiagnostics-show-note-include-stack -fmacro-backtrace-limit\=0 -fno-color-diagnostics -fmodules-prune-interval\=86400 -fmodules-prune-after\=345600 -fbuild-session-file\=/Users/aadityasingh/Library/Developer/Xcode/DerivedData/ModuleCache.noindex/Session.modulevalidation -fmodules-validate-once-per-build-session -Wnon-modular-include-in-framework-module -Werror\=non-modular-include-in-framework-module -Wno-trigraphs -Wno-missing-field-initializers -Wno-missing-prototypes -Wno-return-type -Wno-missing-braces -Wparentheses -Wswitch -Wno-unused-function -Wno-unused-label -Wno-unused-parameter -Wno-unused-variable -Wunused-value -Wno-empty-body -Wno-uninitialized -Wno-unknown-pragmas -w -Wno-shadow -Wno-four-char-constants -Wno-conversion -Wno-constant-conversion -Wno-int-conversion -Wno-bool-conversion -Wno-enum-conversion -Wno-float-conversion -Wno-non-literal-null-conversion -Wno-objc-literal-conversion -Wshorten-64-to-32 -Wpointer-sign -Wno-newline-eof -Wno-implicit-fallthrough -isysroot /Applications/Xcode.app/Contents/Developer/Platforms/iPhoneSimulator.platform/Developer/SDKs/iPhoneSimulator26.4.sdk -fstrict-aliasing -Wdeprecated-declarations -Wno-sign-conversion -Wno-infinite-recursion -Wno-comma -Wno-block-capture-autoreleasing -Wno-strict-prototypes -Wno-semicolon-before-method-body -index-store-path /Users/aadityasingh/Library/Developer/Xcode/DerivedData/Chatlio-erkyzdeecsohoaggpwbjdvavzqfv/Index.noindex/DataStore @/Users/aadityasingh/Library/Developer/Xcode/DerivedData/Chatlio-erkyzdeecsohoaggpwbjdvavzqfv/Build/Intermediates.noindex/PostHog.build/Debug-iphonesimulator/phlibwebp.build/Objects-normal/arm64/7187679823f38a2a940e0043cdf9d637-common-args.resp -MMD -MT dependencies -MF /Users/aadityasingh/Library/Developer/Xcode/DerivedData/Chatlio-erkyzdeecsohoaggpwbjdvavzqfv/Build/Intermediates.noindex/PostHog.build/Debug-iphonesimulator/phlibwebp.build/Objects-normal/arm64/filter_enc.d --serialize-diagnostics /Users/aadityasingh/Library/Developer/Xcode/DerivedData/Chatlio-erkyzdeecsohoaggpwbjdvavzqfv/Build/Intermediates.noindex/PostHog.build/Debug-iphonesimulator/phlibwebp.build/Objects-normal/arm64/filter_enc.dia -c /Users/aadityasingh/Library/Developer/Xcode/DerivedData/Chatlio-erkyzdeecsohoaggpwbjdvavzqfv/SourcePackages/checkouts/posthog-ios/vendor/libwebp/filter_enc.c -o /Users/aadityasingh/Library/Developer/Xcode/DerivedData/Chatlio-erkyzdeecsohoaggpwbjdvavzqfv/Build/Intermediates.noindex/PostHog.build/Debug-iphonesimulator/phlibwebp.build/Objects-normal/arm64/filter_enc.o -index-unit-output-path /PostHog.build/Debug-iphonesimulator/phlibwebp.build/Objects-normal/arm64/filter_enc.o

CompileC /Users/aadityasingh/Library/Developer/Xcode/DerivedData/Chatlio-erkyzdeecsohoaggpwbjdvavzqfv/Build/Intermediates.noindex/PostHog.build/Debug-iphonesimulator/phlibwebp.build/Objects-normal/arm64/enc_sse41.o /Users/aadityasingh/Library/Developer/Xcode/DerivedData/Chatlio-erkyzdeecsohoaggpwbjdvavzqfv/SourcePackages/checkouts/posthog-ios/vendor/libwebp/enc_sse41.c normal arm64 c com.apple.compilers.llvm.clang.1_0.compiler (in target 'phlibwebp' from project 'PostHog')
    cd /Users/aadityasingh/Documents/Development/element-x-ios/Chatlio.xcodeproj
    
    Using response file: /Users/aadityasingh/Library/Developer/Xcode/DerivedData/Chatlio-erkyzdeecsohoaggpwbjdvavzqfv/Build/Intermediates.noindex/PostHog.build/Debug-iphonesimulator/phlibwebp.build/Objects-normal/arm64/7187679823f38a2a940e0043cdf9d637-common-args.resp
    
    /Applications/Xcode.app/Contents/Developer/Toolchains/XcodeDefault.xctoolchain/usr/bin/clang -x c -ivfsstatcache /Users/aadityasingh/Library/Developer/Xcode/DerivedData/SDKStatCaches.noindex/iphonesimulator26.4-23E252-686eebb5dc1d8ecb277353a59184f4aa.sdkstatcache -target arm64-apple-ios13.0-simulator -fmessage-length\=0 -fdiagnostics-show-note-include-stack -fmacro-backtrace-limit\=0 -fno-color-diagnostics -fmodules-prune-interval\=86400 -fmodules-prune-after\=345600 -fbuild-session-file\=/Users/aadityasingh/Library/Developer/Xcode/DerivedData/ModuleCache.noindex/Session.modulevalidation -fmodules-validate-once-per-build-session -Wnon-modular-include-in-framework-module -Werror\=non-modular-include-in-framework-module -Wno-trigraphs -Wno-missing-field-initializers -Wno-missing-prototypes -Wno-return-type -Wno-missing-braces -Wparentheses -Wswitch -Wno-unused-function -Wno-unused-label -Wno-unused-parameter -Wno-unused-variable -Wunused-value -Wno-empty-body -Wno-uninitialized -Wno-unknown-pragmas -w -Wno-shadow -Wno-four-char-constants -Wno-conversion -Wno-constant-conversion -Wno-int-conversion -Wno-bool-conversion -Wno-enum-conversion -Wno-float-conversion -Wno-non-literal-null-conversion -Wno-objc-literal-conversion -Wshorten-64-to-32 -Wpointer-sign -Wno-newline-eof -Wno-implicit-fallthrough -isysroot /Applications/Xcode.app/Contents/Developer/Platforms/iPhoneSimulator.platform/Developer/SDKs/iPhoneSimulator26.4.sdk -fstrict-aliasing -Wdeprecated-declarations -Wno-sign-conversion -Wno-infinite-recursion -Wno-comma -Wno-block-capture-autoreleasing -Wno-strict-prototypes -Wno-semicolon-before-method-body -index-store-path /Users/aadityasingh/Library/Developer/Xcode/DerivedData/Chatlio-erkyzdeecsohoaggpwbjdvavzqfv/Index.noindex/DataStore @/Users/aadityasingh/Library/Developer/Xcode/DerivedData/Chatlio-erkyzdeecsohoaggpwbjdvavzqfv/Build/Intermediates.noindex/PostHog.build/Debug-iphonesimulator/phlibwebp.build/Objects-normal/arm64/7187679823f38a2a940e0043cdf9d637-common-args.resp -MMD -MT dependencies -MF /Users/aadityasingh/Library/Developer/Xcode/DerivedData/Chatlio-erkyzdeecsohoaggpwbjdvavzqfv/Build/Intermediates.noindex/PostHog.build/Debug-iphonesimulator/phlibwebp.build/Objects-normal/arm64/enc_sse41.d --serialize-diagnostics /Users/aadityasingh/Library/Developer/Xcode/DerivedData/Chatlio-erkyzdeecsohoaggpwbjdvavzqfv/Build/Intermediates.noindex/PostHog.build/Debug-iphonesimulator/phlibwebp.build/Objects-normal/arm64/enc_sse41.dia -c /Users/aadityasingh/Library/Developer/Xcode/DerivedData/Chatlio-erkyzdeecsohoaggpwbjdvavzqfv/SourcePackages/checkouts/posthog-ios/vendor/libwebp/enc_sse41.c -o /Users/aadityasingh/Library/Developer/Xcode/DerivedData/Chatlio-erkyzdeecsohoaggpwbjdvavzqfv/Build/Intermediates.noindex/PostHog.build/Debug-iphonesimulator/phlibwebp.build/Objects-normal/arm64/enc_sse41.o -index-unit-output-path /PostHog.build/Debug-iphonesimulator/phlibwebp.build/Objects-normal/arm64/enc_sse41.o

CompileC /Users/aadityasingh/Library/Developer/Xcode/DerivedData/Chatlio-erkyzdeecsohoaggpwbjdvavzqfv/Build/Intermediates.noindex/PostHog.build/Debug-iphonesimulator/phlibwebp.build/Objects-normal/arm64/enc_sse2.o /Users/aadityasingh/Library/Developer/Xcode/DerivedData/Chatlio-erkyzdeecsohoaggpwbjdvavzqfv/SourcePackages/checkouts/posthog-ios/vendor/libwebp/enc_sse2.c normal arm64 c com.apple.compilers.llvm.clang.1_0.compiler (in target 'phlibwebp' from project 'PostHog')
    cd /Users/aadityasingh/Documents/Development/element-x-ios/Chatlio.xcodeproj
    
    Using response file: /Users/aadityasingh/Library/Developer/Xcode/DerivedData/Chatlio-erkyzdeecsohoaggpwbjdvavzqfv/Build/Intermediates.noindex/PostHog.build/Debug-iphonesimulator/phlibwebp.build/Objects-normal/arm64/7187679823f38a2a940e0043cdf9d637-common-args.resp
    
    /Applications/Xcode.app/Contents/Developer/Toolchains/XcodeDefault.xctoolchain/usr/bin/clang -x c -ivfsstatcache /Users/aadityasingh/Library/Developer/Xcode/DerivedData/SDKStatCaches.noindex/iphonesimulator26.4-23E252-686eebb5dc1d8ecb277353a59184f4aa.sdkstatcache -target arm64-apple-ios13.0-simulator -fmessage-length\=0 -fdiagnostics-show-note-include-stack -fmacro-backtrace-limit\=0 -fno-color-diagnostics -fmodules-prune-interval\=86400 -fmodules-prune-after\=345600 -fbuild-session-file\=/Users/aadityasingh/Library/Developer/Xcode/DerivedData/ModuleCache.noindex/Session.modulevalidation -fmodules-validate-once-per-build-session -Wnon-modular-include-in-framework-module -Werror\=non-modular-include-in-framework-module -Wno-trigraphs -Wno-missing-field-initializers -Wno-missing-prototypes -Wno-return-type -Wno-missing-braces -Wparentheses -Wswitch -Wno-unused-function -Wno-unused-label -Wno-unused-parameter -Wno-unused-variable -Wunused-value -Wno-empty-body -Wno-uninitialized -Wno-unknown-pragmas -w -Wno-shadow -Wno-four-char-constants -Wno-conversion -Wno-constant-conversion -Wno-int-conversion -Wno-bool-conversion -Wno-enum-conversion -Wno-float-conversion -Wno-non-literal-null-conversion -Wno-objc-literal-conversion -Wshorten-64-to-32 -Wpointer-sign -Wno-newline-eof -Wno-implicit-fallthrough -isysroot /Applications/Xcode.app/Contents/Developer/Platforms/iPhoneSimulator.platform/Developer/SDKs/iPhoneSimulator26.4.sdk -fstrict-aliasing -Wdeprecated-declarations -Wno-sign-conversion -Wno-infinite-recursion -Wno-comma -Wno-block-capture-autoreleasing -Wno-strict-prototypes -Wno-semicolon-before-method-body -index-store-path /Users/aadityasingh/Library/Developer/Xcode/DerivedData/Chatlio-erkyzdeecsohoaggpwbjdvavzqfv/Index.noindex/DataStore @/Users/aadityasingh/Library/Developer/Xcode/DerivedData/Chatlio-erkyzdeecsohoaggpwbjdvavzqfv/Build/Intermediates.noindex/PostHog.build/Debug-iphonesimulator/phlibwebp.build/Objects-normal/arm64/7187679823f38a2a940e0043cdf9d637-common-args.resp -MMD -MT dependencies -MF /Users/aadityasingh/Library/Developer/Xcode/DerivedData/Chatlio-erkyzdeecsohoaggpwbjdvavzqfv/Build/Intermediates.noindex/PostHog.build/Debug-iphonesimulator/phlibwebp.build/Objects-normal/arm64/enc_sse2.d --serialize-diagnostics /Users/aadityasingh/Library/Developer/Xcode/DerivedData/Chatlio-erkyzdeecsohoaggpwbjdvavzqfv/Build/Intermediates.noindex/PostHog.build/Debug-iphonesimulator/phlibwebp.build/Objects-normal/arm64/enc_sse2.dia -c /Users/aadityasingh/Library/Developer/Xcode/DerivedData/Chatlio-erkyzdeecsohoaggpwbjdvavzqfv/SourcePackages/checkouts/posthog-ios/vendor/libwebp/enc_sse2.c -o /Users/aadityasingh/Library/Developer/Xcode/DerivedData/Chatlio-erkyzdeecsohoaggpwbjdvavzqfv/Build/Intermediates.noindex/PostHog.build/Debug-iphonesimulator/phlibwebp.build/Objects-normal/arm64/enc_sse2.o -index-unit-output-path /PostHog.build/Debug-iphonesimulator/phlibwebp.build/Objects-normal/arm64/enc_sse2.o

CompileC /Users/aadityasingh/Library/Developer/Xcode/DerivedData/Chatlio-erkyzdeecsohoaggpwbjdvavzqfv/Build/Intermediates.noindex/PostHog.build/Debug-iphonesimulator/phlibwebp.build/Objects-normal/arm64/enc_neon.o /Users/aadityasingh/Library/Developer/Xcode/DerivedData/Chatlio-erkyzdeecsohoaggpwbjdvavzqfv/SourcePackages/checkouts/posthog-ios/vendor/libwebp/enc_neon.c normal arm64 c com.apple.compilers.llvm.clang.1_0.compiler (in target 'phlibwebp' from project 'PostHog')
    cd /Users/aadityasingh/Documents/Development/element-x-ios/Chatlio.xcodeproj
    
    Using response file: /Users/aadityasingh/Library/Developer/Xcode/DerivedData/Chatlio-erkyzdeecsohoaggpwbjdvavzqfv/Build/Intermediates.noindex/PostHog.build/Debug-iphonesimulator/phlibwebp.build/Objects-normal/arm64/7187679823f38a2a940e0043cdf9d637-common-args.resp
    
    /Applications/Xcode.app/Contents/Developer/Toolchains/XcodeDefault.xctoolchain/usr/bin/clang -x c -ivfsstatcache /Users/aadityasingh/Library/Developer/Xcode/DerivedData/SDKStatCaches.noindex/iphonesimulator26.4-23E252-686eebb5dc1d8ecb277353a59184f4aa.sdkstatcache -target arm64-apple-ios13.0-simulator -fmessage-length\=0 -fdiagnostics-show-note-include-stack -fmacro-backtrace-limit\=0 -fno-color-diagnostics -fmodules-prune-interval\=86400 -fmodules-prune-after\=345600 -fbuild-session-file\=/Users/aadityasingh/Library/Developer/Xcode/DerivedData/ModuleCache.noindex/Session.modulevalidation -fmodules-validate-once-per-build-session -Wnon-modular-include-in-framework-module -Werror\=non-modular-include-in-framework-module -Wno-trigraphs -Wno-missing-field-initializers -Wno-missing-prototypes -Wno-return-type -Wno-missing-braces -Wparentheses -Wswitch -Wno-unused-function -Wno-unused-label -Wno-unused-parameter -Wno-unused-variable -Wunused-value -Wno-empty-body -Wno-uninitialized -Wno-unknown-pragmas -w -Wno-shadow -Wno-four-char-constants -Wno-conversion -Wno-constant-conversion -Wno-int-conversion -Wno-bool-conversion -Wno-enum-conversion -Wno-float-conversion -Wno-non-literal-null-conversion -Wno-objc-literal-conversion -Wshorten-64-to-32 -Wpointer-sign -Wno-newline-eof -Wno-implicit-fallthrough -isysroot /Applications/Xcode.app/Contents/Developer/Platforms/iPhoneSimulator.platform/Developer/SDKs/iPhoneSimulator26.4.sdk -fstrict-aliasing -Wdeprecated-declarations -Wno-sign-conversion -Wno-infinite-recursion -Wno-comma -Wno-block-capture-autoreleasing -Wno-strict-prototypes -Wno-semicolon-before-method-body -index-store-path /Users/aadityasingh/Library/Developer/Xcode/DerivedData/Chatlio-erkyzdeecsohoaggpwbjdvavzqfv/Index.noindex/DataStore @/Users/aadityasingh/Library/Developer/Xcode/DerivedData/Chatlio-erkyzdeecsohoaggpwbjdvavzqfv/Build/Intermediates.noindex/PostHog.build/Debug-iphonesimulator/phlibwebp.build/Objects-normal/arm64/7187679823f38a2a940e0043cdf9d637-common-args.resp -MMD -MT dependencies -MF /Users/aadityasingh/Library/Developer/Xcode/DerivedData/Chatlio-erkyzdeecsohoaggpwbjdvavzqfv/Build/Intermediates.noindex/PostHog.build/Debug-iphonesimulator/phlibwebp.build/Objects-normal/arm64/enc_neon.d --serialize-diagnostics /Users/aadityasingh/Library/Developer/Xcode/DerivedData/Chatlio-erkyzdeecsohoaggpwbjdvavzqfv/Build/Intermediates.noindex/PostHog.build/Debug-iphonesimulator/phlibwebp.build/Objects-normal/arm64/enc_neon.dia -c /Users/aadityasingh/Library/Developer/Xcode/DerivedData/Chatlio-erkyzdeecsohoaggpwbjdvavzqfv/SourcePackages/checkouts/posthog-ios/vendor/libwebp/enc_neon.c -o /Users/aadityasingh/Library/Developer/Xcode/DerivedData/Chatlio-erkyzdeecsohoaggpwbjdvavzqfv/Build/Intermediates.noindex/PostHog.build/Debug-iphonesimulator/phlibwebp.build/Objects-normal/arm64/enc_neon.o -index-unit-output-path /PostHog.build/Debug-iphonesimulator/phlibwebp.build/Objects-normal/arm64/enc_neon.o

CompileC /Users/aadityasingh/Library/Developer/Xcode/DerivedData/Chatlio-erkyzdeecsohoaggpwbjdvavzqfv/Build/Intermediates.noindex/PostHog.build/Debug-iphonesimulator/phlibwebp.build/Objects-normal/arm64/enc.o /Users/aadityasingh/Library/Developer/Xcode/DerivedData/Chatlio-erkyzdeecsohoaggpwbjdvavzqfv/SourcePackages/checkouts/posthog-ios/vendor/libwebp/enc.c normal arm64 c com.apple.compilers.llvm.clang.1_0.compiler (in target 'phlibwebp' from project 'PostHog')
    cd /Users/aadityasingh/Documents/Development/element-x-ios/Chatlio.xcodeproj
    
    Using response file: /Users/aadityasingh/Library/Developer/Xcode/DerivedData/Chatlio-erkyzdeecsohoaggpwbjdvavzqfv/Build/Intermediates.noindex/PostHog.build/Debug-iphonesimulator/phlibwebp.build/Objects-normal/arm64/7187679823f38a2a940e0043cdf9d637-common-args.resp
    
    /Applications/Xcode.app/Contents/Developer/Toolchains/XcodeDefault.xctoolchain/usr/bin/clang -x c -ivfsstatcache /Users/aadityasingh/Library/Developer/Xcode/DerivedData/SDKStatCaches.noindex/iphonesimulator26.4-23E252-686eebb5dc1d8ecb277353a59184f4aa.sdkstatcache -target arm64-apple-ios13.0-simulator -fmessage-length\=0 -fdiagnostics-show-note-include-stack -fmacro-backtrace-limit\=0 -fno-color-diagnostics -fmodules-prune-interval\=86400 -fmodules-prune-after\=345600 -fbuild-session-file\=/Users/aadityasingh/Library/Developer/Xcode/DerivedData/ModuleCache.noindex/Session.modulevalidation -fmodules-validate-once-per-build-session -Wnon-modular-include-in-framework-module -Werror\=non-modular-include-in-framework-module -Wno-trigraphs -Wno-missing-field-initializers -Wno-missing-prototypes -Wno-return-type -Wno-missing-braces -Wparentheses -Wswitch -Wno-unused-function -Wno-unused-label -Wno-unused-parameter -Wno-unused-variable -Wunused-value -Wno-empty-body -Wno-uninitialized -Wno-unknown-pragmas -w -Wno-shadow -Wno-four-char-constants -Wno-conversion -Wno-constant-conversion -Wno-int-conversion -Wno-bool-conversion -Wno-enum-conversion -Wno-float-conversion -Wno-non-literal-null-conversion -Wno-objc-literal-conversion -Wshorten-64-to-32 -Wpointer-sign -Wno-newline-eof -Wno-implicit-fallthrough -isysroot /Applications/Xcode.app/Contents/Developer/Platforms/iPhoneSimulator.platform/Developer/SDKs/iPhoneSimulator26.4.sdk -fstrict-aliasing -Wdeprecated-declarations -Wno-sign-conversion -Wno-infinite-recursion -Wno-comma -Wno-block-capture-autoreleasing -Wno-strict-prototypes -Wno-semicolon-before-method-body -index-store-path /Users/aadityasingh/Library/Developer/Xcode/DerivedData/Chatlio-erkyzdeecsohoaggpwbjdvavzqfv/Index.noindex/DataStore @/Users/aadityasingh/Library/Developer/Xcode/DerivedData/Chatlio-erkyzdeecsohoaggpwbjdvavzqfv/Build/Intermediates.noindex/PostHog.build/Debug-iphonesimulator/phlibwebp.build/Objects-normal/arm64/7187679823f38a2a940e0043cdf9d637-common-args.resp -MMD -MT dependencies -MF /Users/aadityasingh/Library/Developer/Xcode/DerivedData/Chatlio-erkyzdeecsohoaggpwbjdvavzqfv/Build/Intermediates.noindex/PostHog.build/Debug-iphonesimulator/phlibwebp.build/Objects-normal/arm64/enc.d --serialize-diagnostics /Users/aadityasingh/Library/Developer/Xcode/DerivedData/Chatlio-erkyzdeecsohoaggpwbjdvavzqfv/Build/Intermediates.noindex/PostHog.build/Debug-iphonesimulator/phlibwebp.build/Objects-normal/arm64/enc.dia -c /Users/aadityasingh/Library/Developer/Xcode/DerivedData/Chatlio-erkyzdeecsohoaggpwbjdvavzqfv/SourcePackages/checkouts/posthog-ios/vendor/libwebp/enc.c -o /Users/aadityasingh/Library/Developer/Xcode/DerivedData/Chatlio-erkyzdeecsohoaggpwbjdvavzqfv/Build/Intermediates.noindex/PostHog.build/Debug-iphonesimulator/phlibwebp.build/Objects-normal/arm64/enc.o -index-unit-output-path /PostHog.build/Debug-iphonesimulator/phlibwebp.build/Objects-normal/arm64/enc.o

CompileC /Users/aadityasingh/Library/Developer/Xcode/DerivedData/Chatlio-erkyzdeecsohoaggpwbjdvavzqfv/Build/Intermediates.noindex/PostHog.build/Debug-iphonesimulator/phlibwebp.build/Objects-normal/arm64/dec_sse41.o /Users/aadityasingh/Library/Developer/Xcode/DerivedData/Chatlio-erkyzdeecsohoaggpwbjdvavzqfv/SourcePackages/checkouts/posthog-ios/vendor/libwebp/dec_sse41.c normal arm64 c com.apple.compilers.llvm.clang.1_0.compiler (in target 'phlibwebp' from project 'PostHog')
    cd /Users/aadityasingh/Documents/Development/element-x-ios/Chatlio.xcodeproj
    
    Using response file: /Users/aadityasingh/Library/Developer/Xcode/DerivedData/Chatlio-erkyzdeecsohoaggpwbjdvavzqfv/Build/Intermediates.noindex/PostHog.build/Debug-iphonesimulator/phlibwebp.build/Objects-normal/arm64/7187679823f38a2a940e0043cdf9d637-common-args.resp
    
    /Applications/Xcode.app/Contents/Developer/Toolchains/XcodeDefault.xctoolchain/usr/bin/clang -x c -ivfsstatcache /Users/aadityasingh/Library/Developer/Xcode/DerivedData/SDKStatCaches.noindex/iphonesimulator26.4-23E252-686eebb5dc1d8ecb277353a59184f4aa.sdkstatcache -target arm64-apple-ios13.0-simulator -fmessage-length\=0 -fdiagnostics-show-note-include-stack -fmacro-backtrace-limit\=0 -fno-color-diagnostics -fmodules-prune-interval\=86400 -fmodules-prune-after\=345600 -fbuild-session-file\=/Users/aadityasingh/Library/Developer/Xcode/DerivedData/ModuleCache.noindex/Session.modulevalidation -fmodules-validate-once-per-build-session -Wnon-modular-include-in-framework-module -Werror\=non-modular-include-in-framework-module -Wno-trigraphs -Wno-missing-field-initializers -Wno-missing-prototypes -Wno-return-type -Wno-missing-braces -Wparentheses -Wswitch -Wno-unused-function -Wno-unused-label -Wno-unused-parameter -Wno-unused-variable -Wunused-value -Wno-empty-body -Wno-uninitialized -Wno-unknown-pragmas -w -Wno-shadow -Wno-four-char-constants -Wno-conversion -Wno-constant-conversion -Wno-int-conversion -Wno-bool-conversion -Wno-enum-conversion -Wno-float-conversion -Wno-non-literal-null-conversion -Wno-objc-literal-conversion -Wshorten-64-to-32 -Wpointer-sign -Wno-newline-eof -Wno-implicit-fallthrough -isysroot /Applications/Xcode.app/Contents/Developer/Platforms/iPhoneSimulator.platform/Developer/SDKs/iPhoneSimulator26.4.sdk -fstrict-aliasing -Wdeprecated-declarations -Wno-sign-conversion -Wno-infinite-recursion -Wno-comma -Wno-block-capture-autoreleasing -Wno-strict-prototypes -Wno-semicolon-before-method-body -index-store-path /Users/aadityasingh/Library/Developer/Xcode/DerivedData/Chatlio-erkyzdeecsohoaggpwbjdvavzqfv/Index.noindex/DataStore @/Users/aadityasingh/Library/Developer/Xcode/DerivedData/Chatlio-erkyzdeecsohoaggpwbjdvavzqfv/Build/Intermediates.noindex/PostHog.build/Debug-iphonesimulator/phlibwebp.build/Objects-normal/arm64/7187679823f38a2a940e0043cdf9d637-common-args.resp -MMD -MT dependencies -MF /Users/aadityasingh/Library/Developer/Xcode/DerivedData/Chatlio-erkyzdeecsohoaggpwbjdvavzqfv/Build/Intermediates.noindex/PostHog.build/Debug-iphonesimulator/phlibwebp.build/Objects-normal/arm64/dec_sse41.d --serialize-diagnostics /Users/aadityasingh/Library/Developer/Xcode/DerivedData/Chatlio-erkyzdeecsohoaggpwbjdvavzqfv/Build/Intermediates.noindex/PostHog.build/Debug-iphonesimulator/phlibwebp.build/Objects-normal/arm64/dec_sse41.dia -c /Users/aadityasingh/Library/Developer/Xcode/DerivedData/Chatlio-erkyzdeecsohoaggpwbjdvavzqfv/SourcePackages/checkouts/posthog-ios/vendor/libwebp/dec_sse41.c -o /Users/aadityasingh/Library/Developer/Xcode/DerivedData/Chatlio-erkyzdeecsohoaggpwbjdvavzqfv/Build/Intermediates.noindex/PostHog.build/Debug-iphonesimulator/phlibwebp.build/Objects-normal/arm64/dec_sse41.o -index-unit-output-path /PostHog.build/Debug-iphonesimulator/phlibwebp.build/Objects-normal/arm64/dec_sse41.o

CompileC /Users/aadityasingh/Library/Developer/Xcode/DerivedData/Chatlio-erkyzdeecsohoaggpwbjdvavzqfv/Build/Intermediates.noindex/PostHog.build/Debug-iphonesimulator/phlibwebp.build/Objects-normal/arm64/dec_sse2.o /Users/aadityasingh/Library/Developer/Xcode/DerivedData/Chatlio-erkyzdeecsohoaggpwbjdvavzqfv/SourcePackages/checkouts/posthog-ios/vendor/libwebp/dec_sse2.c normal arm64 c com.apple.compilers.llvm.clang.1_0.compiler (in target 'phlibwebp' from project 'PostHog')
    cd /Users/aadityasingh/Documents/Development/element-x-ios/Chatlio.xcodeproj
    
    Using response file: /Users/aadityasingh/Library/Developer/Xcode/DerivedData/Chatlio-erkyzdeecsohoaggpwbjdvavzqfv/Build/Intermediates.noindex/PostHog.build/Debug-iphonesimulator/phlibwebp.build/Objects-normal/arm64/7187679823f38a2a940e0043cdf9d637-common-args.resp
    
    /Applications/Xcode.app/Contents/Developer/Toolchains/XcodeDefault.xctoolchain/usr/bin/clang -x c -ivfsstatcache /Users/aadityasingh/Library/Developer/Xcode/DerivedData/SDKStatCaches.noindex/iphonesimulator26.4-23E252-686eebb5dc1d8ecb277353a59184f4aa.sdkstatcache -target arm64-apple-ios13.0-simulator -fmessage-length\=0 -fdiagnostics-show-note-include-stack -fmacro-backtrace-limit\=0 -fno-color-diagnostics -fmodules-prune-interval\=86400 -fmodules-prune-after\=345600 -fbuild-session-file\=/Users/aadityasingh/Library/Developer/Xcode/DerivedData/ModuleCache.noindex/Session.modulevalidation -fmodules-validate-once-per-build-session -Wnon-modular-include-in-framework-module -Werror\=non-modular-include-in-framework-module -Wno-trigraphs -Wno-missing-field-initializers -Wno-missing-prototypes -Wno-return-type -Wno-missing-braces -Wparentheses -Wswitch -Wno-unused-function -Wno-unused-label -Wno-unused-parameter -Wno-unused-variable -Wunused-value -Wno-empty-body -Wno-uninitialized -Wno-unknown-pragmas -w -Wno-shadow -Wno-four-char-constants -Wno-conversion -Wno-constant-conversion -Wno-int-conversion -Wno-bool-conversion -Wno-enum-conversion -Wno-float-conversion -Wno-non-literal-null-conversion -Wno-objc-literal-conversion -Wshorten-64-to-32 -Wpointer-sign -Wno-newline-eof -Wno-implicit-fallthrough -isysroot /Applications/Xcode.app/Contents/Developer/Platforms/iPhoneSimulator.platform/Developer/SDKs/iPhoneSimulator26.4.sdk -fstrict-aliasing -Wdeprecated-declarations -Wno-sign-conversion -Wno-infinite-recursion -Wno-comma -Wno-block-capture-autoreleasing -Wno-strict-prototypes -Wno-semicolon-before-method-body -index-store-path /Users/aadityasingh/Library/Developer/Xcode/DerivedData/Chatlio-erkyzdeecsohoaggpwbjdvavzqfv/Index.noindex/DataStore @/Users/aadityasingh/Library/Developer/Xcode/DerivedData/Chatlio-erkyzdeecsohoaggpwbjdvavzqfv/Build/Intermediates.noindex/PostHog.build/Debug-iphonesimulator/phlibwebp.build/Objects-normal/arm64/7187679823f38a2a940e0043cdf9d637-common-args.resp -MMD -MT dependencies -MF /Users/aadityasingh/Library/Developer/Xcode/DerivedData/Chatlio-erkyzdeecsohoaggpwbjdvavzqfv/Build/Intermediates.noindex/PostHog.build/Debug-iphonesimulator/phlibwebp.build/Objects-normal/arm64/dec_sse2.d --serialize-diagnostics /Users/aadityasingh/Library/Developer/Xcode/DerivedData/Chatlio-erkyzdeecsohoaggpwbjdvavzqfv/Build/Intermediates.noindex/PostHog.build/Debug-iphonesimulator/phlibwebp.build/Objects-normal/arm64/dec_sse2.dia -c /Users/aadityasingh/Library/Developer/Xcode/DerivedData/Chatlio-erkyzdeecsohoaggpwbjdvavzqfv/SourcePackages/checkouts/posthog-ios/vendor/libwebp/dec_sse2.c -o /Users/aadityasingh/Library/Developer/Xcode/DerivedData/Chatlio-erkyzdeecsohoaggpwbjdvavzqfv/Build/Intermediates.noindex/PostHog.build/Debug-iphonesimulator/phlibwebp.build/Objects-normal/arm64/dec_sse2.o -index-unit-output-path /PostHog.build/Debug-iphonesimulator/phlibwebp.build/Objects-normal/arm64/dec_sse2.o

SwiftExplicitDependencyGeneratePcm x86_64 /Users/aadityasingh/Library/Developer/Xcode/DerivedData/ModuleCache.noindex/_Builtin_limits-F3ZHQU3LHXJ183IDHF2BNL193.pcm

SwiftExplicitDependencyGeneratePcm x86_64 /Users/aadityasingh/Library/Developer/Xcode/DerivedData/ModuleCache.noindex/_DarwinFoundation2-2Y7WBL0KT00XF1I2PE1T1GA2S.pcm

CompileC /Users/aadityasingh/Library/Developer/Xcode/DerivedData/Chatlio-erkyzdeecsohoaggpwbjdvavzqfv/Build/Intermediates.noindex/PostHog.build/Debug-iphonesimulator/phlibwebp.build/Objects-normal/arm64/dec_neon.o /Users/aadityasingh/Library/Developer/Xcode/DerivedData/Chatlio-erkyzdeecsohoaggpwbjdvavzqfv/SourcePackages/checkouts/posthog-ios/vendor/libwebp/dec_neon.c normal arm64 c com.apple.compilers.llvm.clang.1_0.compiler (in target 'phlibwebp' from project 'PostHog')
    cd /Users/aadityasingh/Documents/Development/element-x-ios/Chatlio.xcodeproj
    
    Using response file: /Users/aadityasingh/Library/Developer/Xcode/DerivedData/Chatlio-erkyzdeecsohoaggpwbjdvavzqfv/Build/Intermediates.noindex/PostHog.build/Debug-iphonesimulator/phlibwebp.build/Objects-normal/arm64/7187679823f38a2a940e0043cdf9d637-common-args.resp
    
    /Applications/Xcode.app/Contents/Developer/Toolchains/XcodeDefault.xctoolchain/usr/bin/clang -x c -ivfsstatcache /Users/aadityasingh/Library/Developer/Xcode/DerivedData/SDKStatCaches.noindex/iphonesimulator26.4-23E252-686eebb5dc1d8ecb277353a59184f4aa.sdkstatcache -target arm64-apple-ios13.0-simulator -fmessage-length\=0 -fdiagnostics-show-note-include-stack -fmacro-backtrace-limit\=0 -fno-color-diagnostics -fmodules-prune-interval\=86400 -fmodules-prune-after\=345600 -fbuild-session-file\=/Users/aadityasingh/Library/Developer/Xcode/DerivedData/ModuleCache.noindex/Session.modulevalidation -fmodules-validate-once-per-build-session -Wnon-modular-include-in-framework-module -Werror\=non-modular-include-in-framework-module -Wno-trigraphs -Wno-missing-field-initializers -Wno-missing-prototypes -Wno-return-type -Wno-missing-braces -Wparentheses -Wswitch -Wno-unused-function -Wno-unused-label -Wno-unused-parameter -Wno-unused-variable -Wunused-value -Wno-empty-body -Wno-uninitialized -Wno-unknown-pragmas -w -Wno-shadow -Wno-four-char-constants -Wno-conversion -Wno-constant-conversion -Wno-int-conversion -Wno-bool-conversion -Wno-enum-conversion -Wno-float-conversion -Wno-non-literal-null-conversion -Wno-objc-literal-conversion -Wshorten-64-to-32 -Wpointer-sign -Wno-newline-eof -Wno-implicit-fallthrough -isysroot /Applications/Xcode.app/Contents/Developer/Platforms/iPhoneSimulator.platform/Developer/SDKs/iPhoneSimulator26.4.sdk -fstrict-aliasing -Wdeprecated-declarations -Wno-sign-conversion -Wno-infinite-recursion -Wno-comma -Wno-block-capture-autoreleasing -Wno-strict-prototypes -Wno-semicolon-before-method-body -index-store-path /Users/aadityasingh/Library/Developer/Xcode/DerivedData/Chatlio-erkyzdeecsohoaggpwbjdvavzqfv/Index.noindex/DataStore @/Users/aadityasingh/Library/Developer/Xcode/DerivedData/Chatlio-erkyzdeecsohoaggpwbjdvavzqfv/Build/Intermediates.noindex/PostHog.build/Debug-iphonesimulator/phlibwebp.build/Objects-normal/arm64/7187679823f38a2a940e0043cdf9d637-common-args.resp -MMD -MT dependencies -MF /Users/aadityasingh/Library/Developer/Xcode/DerivedData/Chatlio-erkyzdeecsohoaggpwbjdvavzqfv/Build/Intermediates.noindex/PostHog.build/Debug-iphonesimulator/phlibwebp.build/Objects-normal/arm64/dec_neon.d --serialize-diagnostics /Users/aadityasingh/Library/Developer/Xcode/DerivedData/Chatlio-erkyzdeecsohoaggpwbjdvavzqfv/Build/Intermediates.noindex/PostHog.build/Debug-iphonesimulator/phlibwebp.build/Objects-normal/arm64/dec_neon.dia -c /Users/aadityasingh/Library/Developer/Xcode/DerivedData/Chatlio-erkyzdeecsohoaggpwbjdvavzqfv/SourcePackages/checkouts/posthog-ios/vendor/libwebp/dec_neon.c -o /Users/aadityasingh/Library/Developer/Xcode/DerivedData/Chatlio-erkyzdeecsohoaggpwbjdvavzqfv/Build/Intermediates.noindex/PostHog.build/Debug-iphonesimulator/phlibwebp.build/Objects-normal/arm64/dec_neon.o -index-unit-output-path /PostHog.build/Debug-iphonesimulator/phlibwebp.build/Objects-normal/arm64/dec_neon.o

CompileC /Users/aadityasingh/Library/Developer/Xcode/DerivedData/Chatlio-erkyzdeecsohoaggpwbjdvavzqfv/Build/Intermediates.noindex/PostHog.build/Debug-iphonesimulator/phlibwebp.build/Objects-normal/arm64/dec_clip_tables.o /Users/aadityasingh/Library/Developer/Xcode/DerivedData/Chatlio-erkyzdeecsohoaggpwbjdvavzqfv/SourcePackages/checkouts/posthog-ios/vendor/libwebp/dec_clip_tables.c normal arm64 c com.apple.compilers.llvm.clang.1_0.compiler (in target 'phlibwebp' from project 'PostHog')
    cd /Users/aadityasingh/Documents/Development/element-x-ios/Chatlio.xcodeproj
    
    Using response file: /Users/aadityasingh/Library/Developer/Xcode/DerivedData/Chatlio-erkyzdeecsohoaggpwbjdvavzqfv/Build/Intermediates.noindex/PostHog.build/Debug-iphonesimulator/phlibwebp.build/Objects-normal/arm64/7187679823f38a2a940e0043cdf9d637-common-args.resp
    
    /Applications/Xcode.app/Contents/Developer/Toolchains/XcodeDefault.xctoolchain/usr/bin/clang -x c -ivfsstatcache /Users/aadityasingh/Library/Developer/Xcode/DerivedData/SDKStatCaches.noindex/iphonesimulator26.4-23E252-686eebb5dc1d8ecb277353a59184f4aa.sdkstatcache -target arm64-apple-ios13.0-simulator -fmessage-length\=0 -fdiagnostics-show-note-include-stack -fmacro-backtrace-limit\=0 -fno-color-diagnostics -fmodules-prune-interval\=86400 -fmodules-prune-after\=345600 -fbuild-session-file\=/Users/aadityasingh/Library/Developer/Xcode/DerivedData/ModuleCache.noindex/Session.modulevalidation -fmodules-validate-once-per-build-session -Wnon-modular-include-in-framework-module -Werror\=non-modular-include-in-framework-module -Wno-trigraphs -Wno-missing-field-initializers -Wno-missing-prototypes -Wno-return-type -Wno-missing-braces -Wparentheses -Wswitch -Wno-unused-function -Wno-unused-label -Wno-unused-parameter -Wno-unused-variable -Wunused-value -Wno-empty-body -Wno-uninitialized -Wno-unknown-pragmas -w -Wno-shadow -Wno-four-char-constants -Wno-conversion -Wno-constant-conversion -Wno-int-conversion -Wno-bool-conversion -Wno-enum-conversion -Wno-float-conversion -Wno-non-literal-null-conversion -Wno-objc-literal-conversion -Wshorten-64-to-32 -Wpointer-sign -Wno-newline-eof -Wno-implicit-fallthrough -isysroot /Applications/Xcode.app/Contents/Developer/Platforms/iPhoneSimulator.platform/Developer/SDKs/iPhoneSimulator26.4.sdk -fstrict-aliasing -Wdeprecated-declarations -Wno-sign-conversion -Wno-infinite-recursion -Wno-comma -Wno-block-capture-autoreleasing -Wno-strict-prototypes -Wno-semicolon-before-method-body -index-store-path /Users/aadityasingh/Library/Developer/Xcode/DerivedData/Chatlio-erkyzdeecsohoaggpwbjdvavzqfv/Index.noindex/DataStore @/Users/aadityasingh/Library/Developer/Xcode/DerivedData/Chatlio-erkyzdeecsohoaggpwbjdvavzqfv/Build/Intermediates.noindex/PostHog.build/Debug-iphonesimulator/phlibwebp.build/Objects-normal/arm64/7187679823f38a2a940e0043cdf9d637-common-args.resp -MMD -MT dependencies -MF /Users/aadityasingh/Library/Developer/Xcode/DerivedData/Chatlio-erkyzdeecsohoaggpwbjdvavzqfv/Build/Intermediates.noindex/PostHog.build/Debug-iphonesimulator/phlibwebp.build/Objects-normal/arm64/dec_clip_tables.d --serialize-diagnostics /Users/aadityasingh/Library/Developer/Xcode/DerivedData/Chatlio-erkyzdeecsohoaggpwbjdvavzqfv/Build/Intermediates.noindex/PostHog.build/Debug-iphonesimulator/phlibwebp.build/Objects-normal/arm64/dec_clip_tables.dia -c /Users/aadityasingh/Library/Developer/Xcode/DerivedData/Chatlio-erkyzdeecsohoaggpwbjdvavzqfv/SourcePackages/checkouts/posthog-ios/vendor/libwebp/dec_clip_tables.c -o /Users/aadityasingh/Library/Developer/Xcode/DerivedData/Chatlio-erkyzdeecsohoaggpwbjdvavzqfv/Build/Intermediates.noindex/PostHog.build/Debug-iphonesimulator/phlibwebp.build/Objects-normal/arm64/dec_clip_tables.o -index-unit-output-path /PostHog.build/Debug-iphonesimulator/phlibwebp.build/Objects-normal/arm64/dec_clip_tables.o

CompileC /Users/aadityasingh/Library/Developer/Xcode/DerivedData/Chatlio-erkyzdeecsohoaggpwbjdvavzqfv/Build/Intermediates.noindex/PostHog.build/Debug-iphonesimulator/phlibwebp.build/Objects-normal/arm64/dec.o /Users/aadityasingh/Library/Developer/Xcode/DerivedData/Chatlio-erkyzdeecsohoaggpwbjdvavzqfv/SourcePackages/checkouts/posthog-ios/vendor/libwebp/dec.c normal arm64 c com.apple.compilers.llvm.clang.1_0.compiler (in target 'phlibwebp' from project 'PostHog')
    cd /Users/aadityasingh/Documents/Development/element-x-ios/Chatlio.xcodeproj
    
    Using response file: /Users/aadityasingh/Library/Developer/Xcode/DerivedData/Chatlio-erkyzdeecsohoaggpwbjdvavzqfv/Build/Intermediates.noindex/PostHog.build/Debug-iphonesimulator/phlibwebp.build/Objects-normal/arm64/7187679823f38a2a940e0043cdf9d637-common-args.resp
    
    /Applications/Xcode.app/Contents/Developer/Toolchains/XcodeDefault.xctoolchain/usr/bin/clang -x c -ivfsstatcache /Users/aadityasingh/Library/Developer/Xcode/DerivedData/SDKStatCaches.noindex/iphonesimulator26.4-23E252-686eebb5dc1d8ecb277353a59184f4aa.sdkstatcache -target arm64-apple-ios13.0-simulator -fmessage-length\=0 -fdiagnostics-show-note-include-stack -fmacro-backtrace-limit\=0 -fno-color-diagnostics -fmodules-prune-interval\=86400 -fmodules-prune-after\=345600 -fbuild-session-file\=/Users/aadityasingh/Library/Developer/Xcode/DerivedData/ModuleCache.noindex/Session.modulevalidation -fmodules-validate-once-per-build-session -Wnon-modular-include-in-framework-module -Werror\=non-modular-include-in-framework-module -Wno-trigraphs -Wno-missing-field-initializers -Wno-missing-prototypes -Wno-return-type -Wno-missing-braces -Wparentheses -Wswitch -Wno-unused-function -Wno-unused-label -Wno-unused-parameter -Wno-unused-variable -Wunused-value -Wno-empty-body -Wno-uninitialized -Wno-unknown-pragmas -w -Wno-shadow -Wno-four-char-constants -Wno-conversion -Wno-constant-conversion -Wno-int-conversion -Wno-bool-conversion -Wno-enum-conversion -Wno-float-conversion -Wno-non-literal-null-conversion -Wno-objc-literal-conversion -Wshorten-64-to-32 -Wpointer-sign -Wno-newline-eof -Wno-implicit-fallthrough -isysroot /Applications/Xcode.app/Contents/Developer/Platforms/iPhoneSimulator.platform/Developer/SDKs/iPhoneSimulator26.4.sdk -fstrict-aliasing -Wdeprecated-declarations -Wno-sign-conversion -Wno-infinite-recursion -Wno-comma -Wno-block-capture-autoreleasing -Wno-strict-prototypes -Wno-semicolon-before-method-body -index-store-path /Users/aadityasingh/Library/Developer/Xcode/DerivedData/Chatlio-erkyzdeecsohoaggpwbjdvavzqfv/Index.noindex/DataStore @/Users/aadityasingh/Library/Developer/Xcode/DerivedData/Chatlio-erkyzdeecsohoaggpwbjdvavzqfv/Build/Intermediates.noindex/PostHog.build/Debug-iphonesimulator/phlibwebp.build/Objects-normal/arm64/7187679823f38a2a940e0043cdf9d637-common-args.resp -MMD -MT dependencies -MF /Users/aadityasingh/Library/Developer/Xcode/DerivedData/Chatlio-erkyzdeecsohoaggpwbjdvavzqfv/Build/Intermediates.noindex/PostHog.build/Debug-iphonesimulator/phlibwebp.build/Objects-normal/arm64/dec.d --serialize-diagnostics /Users/aadityasingh/Library/Developer/Xcode/DerivedData/Chatlio-erkyzdeecsohoaggpwbjdvavzqfv/Build/Intermediates.noindex/PostHog.build/Debug-iphonesimulator/phlibwebp.build/Objects-normal/arm64/dec.dia -c /Users/aadityasingh/Library/Developer/Xcode/DerivedData/Chatlio-erkyzdeecsohoaggpwbjdvavzqfv/SourcePackages/checkouts/posthog-ios/vendor/libwebp/dec.c -o /Users/aadityasingh/Library/Developer/Xcode/DerivedData/Chatlio-erkyzdeecsohoaggpwbjdvavzqfv/Build/Intermediates.noindex/PostHog.build/Debug-iphonesimulator/phlibwebp.build/Objects-normal/arm64/dec.o -index-unit-output-path /PostHog.build/Debug-iphonesimulator/phlibwebp.build/Objects-normal/arm64/dec.o

CompileC /Users/aadityasingh/Library/Developer/Xcode/DerivedData/Chatlio-erkyzdeecsohoaggpwbjdvavzqfv/Build/Intermediates.noindex/PostHog.build/Debug-iphonesimulator/phlibwebp.build/Objects-normal/arm64/cpu.o /Users/aadityasingh/Library/Developer/Xcode/DerivedData/Chatlio-erkyzdeecsohoaggpwbjdvavzqfv/SourcePackages/checkouts/posthog-ios/vendor/libwebp/cpu.c normal arm64 c com.apple.compilers.llvm.clang.1_0.compiler (in target 'phlibwebp' from project 'PostHog')
    cd /Users/aadityasingh/Documents/Development/element-x-ios/Chatlio.xcodeproj
    
    Using response file: /Users/aadityasingh/Library/Developer/Xcode/DerivedData/Chatlio-erkyzdeecsohoaggpwbjdvavzqfv/Build/Intermediates.noindex/PostHog.build/Debug-iphonesimulator/phlibwebp.build/Objects-normal/arm64/7187679823f38a2a940e0043cdf9d637-common-args.resp
    
    /Applications/Xcode.app/Contents/Developer/Toolchains/XcodeDefault.xctoolchain/usr/bin/clang -x c -ivfsstatcache /Users/aadityasingh/Library/Developer/Xcode/DerivedData/SDKStatCaches.noindex/iphonesimulator26.4-23E252-686eebb5dc1d8ecb277353a59184f4aa.sdkstatcache -target arm64-apple-ios13.0-simulator -fmessage-length\=0 -fdiagnostics-show-note-include-stack -fmacro-backtrace-limit\=0 -fno-color-diagnostics -fmodules-prune-interval\=86400 -fmodules-prune-after\=345600 -fbuild-session-file\=/Users/aadityasingh/Library/Developer/Xcode/DerivedData/ModuleCache.noindex/Session.modulevalidation -fmodules-validate-once-per-build-session -Wnon-modular-include-in-framework-module -Werror\=non-modular-include-in-framework-module -Wno-trigraphs -Wno-missing-field-initializers -Wno-missing-prototypes -Wno-return-type -Wno-missing-braces -Wparentheses -Wswitch -Wno-unused-function -Wno-unused-label -Wno-unused-parameter -Wno-unused-variable -Wunused-value -Wno-empty-body -Wno-uninitialized -Wno-unknown-pragmas -w -Wno-shadow -Wno-four-char-constants -Wno-conversion -Wno-constant-conversion -Wno-int-conversion -Wno-bool-conversion -Wno-enum-conversion -Wno-float-conversion -Wno-non-literal-null-conversion -Wno-objc-literal-conversion -Wshorten-64-to-32 -Wpointer-sign -Wno-newline-eof -Wno-implicit-fallthrough -isysroot /Applications/Xcode.app/Contents/Developer/Platforms/iPhoneSimulator.platform/Developer/SDKs/iPhoneSimulator26.4.sdk -fstrict-aliasing -Wdeprecated-declarations -Wno-sign-conversion -Wno-infinite-recursion -Wno-comma -Wno-block-capture-autoreleasing -Wno-strict-prototypes -Wno-semicolon-before-method-body -index-store-path /Users/aadityasingh/Library/Developer/Xcode/DerivedData/Chatlio-erkyzdeecsohoaggpwbjdvavzqfv/Index.noindex/DataStore @/Users/aadityasingh/Library/Developer/Xcode/DerivedData/Chatlio-erkyzdeecsohoaggpwbjdvavzqfv/Build/Intermediates.noindex/PostHog.build/Debug-iphonesimulator/phlibwebp.build/Objects-normal/arm64/7187679823f38a2a940e0043cdf9d637-common-args.resp -MMD -MT dependencies -MF /Users/aadityasingh/Library/Developer/Xcode/DerivedData/Chatlio-erkyzdeecsohoaggpwbjdvavzqfv/Build/Intermediates.noindex/PostHog.build/Debug-iphonesimulator/phlibwebp.build/Objects-normal/arm64/cpu.d --serialize-diagnostics /Users/aadityasingh/Library/Developer/Xcode/DerivedData/Chatlio-erkyzdeecsohoaggpwbjdvavzqfv/Build/Intermediates.noindex/PostHog.build/Debug-iphonesimulator/phlibwebp.build/Objects-normal/arm64/cpu.dia -c /Users/aadityasingh/Library/Developer/Xcode/DerivedData/Chatlio-erkyzdeecsohoaggpwbjdvavzqfv/SourcePackages/checkouts/posthog-ios/vendor/libwebp/cpu.c -o /Users/aadityasingh/Library/Developer/Xcode/DerivedData/Chatlio-erkyzdeecsohoaggpwbjdvavzqfv/Build/Intermediates.noindex/PostHog.build/Debug-iphonesimulator/phlibwebp.build/Objects-normal/arm64/cpu.o -index-unit-output-path /PostHog.build/Debug-iphonesimulator/phlibwebp.build/Objects-normal/arm64/cpu.o

SwiftExplicitDependencyGeneratePcm arm64 /Users/aadityasingh/Library/Developer/Xcode/DerivedData/ModuleCache.noindex/_DarwinFoundation2-4BLQEDSO25VNOSP5L0WL5HKIK.pcm

SwiftExplicitDependencyGeneratePcm arm64 /Users/aadityasingh/Library/Developer/Xcode/DerivedData/ModuleCache.noindex/_Builtin_limits-CYSW7E1OT1VNEYFKMCS5I5HV5.pcm

CompileC /Users/aadityasingh/Library/Developer/Xcode/DerivedData/Chatlio-erkyzdeecsohoaggpwbjdvavzqfv/Build/Intermediates.noindex/PostHog.build/Debug-iphonesimulator/phlibwebp.build/Objects-normal/arm64/cost_sse2.o /Users/aadityasingh/Library/Developer/Xcode/DerivedData/Chatlio-erkyzdeecsohoaggpwbjdvavzqfv/SourcePackages/checkouts/posthog-ios/vendor/libwebp/cost_sse2.c normal arm64 c com.apple.compilers.llvm.clang.1_0.compiler (in target 'phlibwebp' from project 'PostHog')
    cd /Users/aadityasingh/Documents/Development/element-x-ios/Chatlio.xcodeproj
    
    Using response file: /Users/aadityasingh/Library/Developer/Xcode/DerivedData/Chatlio-erkyzdeecsohoaggpwbjdvavzqfv/Build/Intermediates.noindex/PostHog.build/Debug-iphonesimulator/phlibwebp.build/Objects-normal/arm64/7187679823f38a2a940e0043cdf9d637-common-args.resp
    
    /Applications/Xcode.app/Contents/Developer/Toolchains/XcodeDefault.xctoolchain/usr/bin/clang -x c -ivfsstatcache /Users/aadityasingh/Library/Developer/Xcode/DerivedData/SDKStatCaches.noindex/iphonesimulator26.4-23E252-686eebb5dc1d8ecb277353a59184f4aa.sdkstatcache -target arm64-apple-ios13.0-simulator -fmessage-length\=0 -fdiagnostics-show-note-include-stack -fmacro-backtrace-limit\=0 -fno-color-diagnostics -fmodules-prune-interval\=86400 -fmodules-prune-after\=345600 -fbuild-session-file\=/Users/aadityasingh/Library/Developer/Xcode/DerivedData/ModuleCache.noindex/Session.modulevalidation -fmodules-validate-once-per-build-session -Wnon-modular-include-in-framework-module -Werror\=non-modular-include-in-framework-module -Wno-trigraphs -Wno-missing-field-initializers -Wno-missing-prototypes -Wno-return-type -Wno-missing-braces -Wparentheses -Wswitch -Wno-unused-function -Wno-unused-label -Wno-unused-parameter -Wno-unused-variable -Wunused-value -Wno-empty-body -Wno-uninitialized -Wno-unknown-pragmas -w -Wno-shadow -Wno-four-char-constants -Wno-conversion -Wno-constant-conversion -Wno-int-conversion -Wno-bool-conversion -Wno-enum-conversion -Wno-float-conversion -Wno-non-literal-null-conversion -Wno-objc-literal-conversion -Wshorten-64-to-32 -Wpointer-sign -Wno-newline-eof -Wno-implicit-fallthrough -isysroot /Applications/Xcode.app/Contents/Developer/Platforms/iPhoneSimulator.platform/Developer/SDKs/iPhoneSimulator26.4.sdk -fstrict-aliasing -Wdeprecated-declarations -Wno-sign-conversion -Wno-infinite-recursion -Wno-comma -Wno-block-capture-autoreleasing -Wno-strict-prototypes -Wno-semicolon-before-method-body -index-store-path /Users/aadityasingh/Library/Developer/Xcode/DerivedData/Chatlio-erkyzdeecsohoaggpwbjdvavzqfv/Index.noindex/DataStore @/Users/aadityasingh/Library/Developer/Xcode/DerivedData/Chatlio-erkyzdeecsohoaggpwbjdvavzqfv/Build/Intermediates.noindex/PostHog.build/Debug-iphonesimulator/phlibwebp.build/Objects-normal/arm64/7187679823f38a2a940e0043cdf9d637-common-args.resp -MMD -MT dependencies -MF /Users/aadityasingh/Library/Developer/Xcode/DerivedData/Chatlio-erkyzdeecsohoaggpwbjdvavzqfv/Build/Intermediates.noindex/PostHog.build/Debug-iphonesimulator/phlibwebp.build/Objects-normal/arm64/cost_sse2.d --serialize-diagnostics /Users/aadityasingh/Library/Developer/Xcode/DerivedData/Chatlio-erkyzdeecsohoaggpwbjdvavzqfv/Build/Intermediates.noindex/PostHog.build/Debug-iphonesimulator/phlibwebp.build/Objects-normal/arm64/cost_sse2.dia -c /Users/aadityasingh/Library/Developer/Xcode/DerivedData/Chatlio-erkyzdeecsohoaggpwbjdvavzqfv/SourcePackages/checkouts/posthog-ios/vendor/libwebp/cost_sse2.c -o /Users/aadityasingh/Library/Developer/Xcode/DerivedData/Chatlio-erkyzdeecsohoaggpwbjdvavzqfv/Build/Intermediates.noindex/PostHog.build/Debug-iphonesimulator/phlibwebp.build/Objects-normal/arm64/cost_sse2.o -index-unit-output-path /PostHog.build/Debug-iphonesimulator/phlibwebp.build/Objects-normal/arm64/cost_sse2.o

CompileC /Users/aadityasingh/Library/Developer/Xcode/DerivedData/Chatlio-erkyzdeecsohoaggpwbjdvavzqfv/Build/Intermediates.noindex/PostHog.build/Debug-iphonesimulator/phlibwebp.build/Objects-normal/arm64/cost_neon.o /Users/aadityasingh/Library/Developer/Xcode/DerivedData/Chatlio-erkyzdeecsohoaggpwbjdvavzqfv/SourcePackages/checkouts/posthog-ios/vendor/libwebp/cost_neon.c normal arm64 c com.apple.compilers.llvm.clang.1_0.compiler (in target 'phlibwebp' from project 'PostHog')
    cd /Users/aadityasingh/Documents/Development/element-x-ios/Chatlio.xcodeproj
    
    Using response file: /Users/aadityasingh/Library/Developer/Xcode/DerivedData/Chatlio-erkyzdeecsohoaggpwbjdvavzqfv/Build/Intermediates.noindex/PostHog.build/Debug-iphonesimulator/phlibwebp.build/Objects-normal/arm64/7187679823f38a2a940e0043cdf9d637-common-args.resp
    
    /Applications/Xcode.app/Contents/Developer/Toolchains/XcodeDefault.xctoolchain/usr/bin/clang -x c -ivfsstatcache /Users/aadityasingh/Library/Developer/Xcode/DerivedData/SDKStatCaches.noindex/iphonesimulator26.4-23E252-686eebb5dc1d8ecb277353a59184f4aa.sdkstatcache -target arm64-apple-ios13.0-simulator -fmessage-length\=0 -fdiagnostics-show-note-include-stack -fmacro-backtrace-limit\=0 -fno-color-diagnostics -fmodules-prune-interval\=86400 -fmodules-prune-after\=345600 -fbuild-session-file\=/Users/aadityasingh/Library/Developer/Xcode/DerivedData/ModuleCache.noindex/Session.modulevalidation -fmodules-validate-once-per-build-session -Wnon-modular-include-in-framework-module -Werror\=non-modular-include-in-framework-module -Wno-trigraphs -Wno-missing-field-initializers -Wno-missing-prototypes -Wno-return-type -Wno-missing-braces -Wparentheses -Wswitch -Wno-unused-function -Wno-unused-label -Wno-unused-parameter -Wno-unused-variable -Wunused-value -Wno-empty-body -Wno-uninitialized -Wno-unknown-pragmas -w -Wno-shadow -Wno-four-char-constants -Wno-conversion -Wno-constant-conversion -Wno-int-conversion -Wno-bool-conversion -Wno-enum-conversion -Wno-float-conversion -Wno-non-literal-null-conversion -Wno-objc-literal-conversion -Wshorten-64-to-32 -Wpointer-sign -Wno-newline-eof -Wno-implicit-fallthrough -isysroot /Applications/Xcode.app/Contents/Developer/Platforms/iPhoneSimulator.platform/Developer/SDKs/iPhoneSimulator26.4.sdk -fstrict-aliasing -Wdeprecated-declarations -Wno-sign-conversion -Wno-infinite-recursion -Wno-comma -Wno-block-capture-autoreleasing -Wno-strict-prototypes -Wno-semicolon-before-method-body -index-store-path /Users/aadityasingh/Library/Developer/Xcode/DerivedData/Chatlio-erkyzdeecsohoaggpwbjdvavzqfv/Index.noindex/DataStore @/Users/aadityasingh/Library/Developer/Xcode/DerivedData/Chatlio-erkyzdeecsohoaggpwbjdvavzqfv/Build/Intermediates.noindex/PostHog.build/Debug-iphonesimulator/phlibwebp.build/Objects-normal/arm64/7187679823f38a2a940e0043cdf9d637-common-args.resp -MMD -MT dependencies -MF /Users/aadityasingh/Library/Developer/Xcode/DerivedData/Chatlio-erkyzdeecsohoaggpwbjdvavzqfv/Build/Intermediates.noindex/PostHog.build/Debug-iphonesimulator/phlibwebp.build/Objects-normal/arm64/cost_neon.d --serialize-diagnostics /Users/aadityasingh/Library/Developer/Xcode/DerivedData/Chatlio-erkyzdeecsohoaggpwbjdvavzqfv/Build/Intermediates.noindex/PostHog.build/Debug-iphonesimulator/phlibwebp.build/Objects-normal/arm64/cost_neon.dia -c /Users/aadityasingh/Library/Developer/Xcode/DerivedData/Chatlio-erkyzdeecsohoaggpwbjdvavzqfv/SourcePackages/checkouts/posthog-ios/vendor/libwebp/cost_neon.c -o /Users/aadityasingh/Library/Developer/Xcode/DerivedData/Chatlio-erkyzdeecsohoaggpwbjdvavzqfv/Build/Intermediates.noindex/PostHog.build/Debug-iphonesimulator/phlibwebp.build/Objects-normal/arm64/cost_neon.o -index-unit-output-path /PostHog.build/Debug-iphonesimulator/phlibwebp.build/Objects-normal/arm64/cost_neon.o

CompileC /Users/aadityasingh/Library/Developer/Xcode/DerivedData/Chatlio-erkyzdeecsohoaggpwbjdvavzqfv/Build/Intermediates.noindex/PostHog.build/Debug-iphonesimulator/phlibwebp.build/Objects-normal/arm64/cost_enc.o /Users/aadityasingh/Library/Developer/Xcode/DerivedData/Chatlio-erkyzdeecsohoaggpwbjdvavzqfv/SourcePackages/checkouts/posthog-ios/vendor/libwebp/cost_enc.c normal arm64 c com.apple.compilers.llvm.clang.1_0.compiler (in target 'phlibwebp' from project 'PostHog')
    cd /Users/aadityasingh/Documents/Development/element-x-ios/Chatlio.xcodeproj
    
    Using response file: /Users/aadityasingh/Library/Developer/Xcode/DerivedData/Chatlio-erkyzdeecsohoaggpwbjdvavzqfv/Build/Intermediates.noindex/PostHog.build/Debug-iphonesimulator/phlibwebp.build/Objects-normal/arm64/7187679823f38a2a940e0043cdf9d637-common-args.resp
    
    /Applications/Xcode.app/Contents/Developer/Toolchains/XcodeDefault.xctoolchain/usr/bin/clang -x c -ivfsstatcache /Users/aadityasingh/Library/Developer/Xcode/DerivedData/SDKStatCaches.noindex/iphonesimulator26.4-23E252-686eebb5dc1d8ecb277353a59184f4aa.sdkstatcache -target arm64-apple-ios13.0-simulator -fmessage-length\=0 -fdiagnostics-show-note-include-stack -fmacro-backtrace-limit\=0 -fno-color-diagnostics -fmodules-prune-interval\=86400 -fmodules-prune-after\=345600 -fbuild-session-file\=/Users/aadityasingh/Library/Developer/Xcode/DerivedData/ModuleCache.noindex/Session.modulevalidation -fmodules-validate-once-per-build-session -Wnon-modular-include-in-framework-module -Werror\=non-modular-include-in-framework-module -Wno-trigraphs -Wno-missing-field-initializers -Wno-missing-prototypes -Wno-return-type -Wno-missing-braces -Wparentheses -Wswitch -Wno-unused-function -Wno-unused-label -Wno-unused-parameter -Wno-unused-variable -Wunused-value -Wno-empty-body -Wno-uninitialized -Wno-unknown-pragmas -w -Wno-shadow -Wno-four-char-constants -Wno-conversion -Wno-constant-conversion -Wno-int-conversion -Wno-bool-conversion -Wno-enum-conversion -Wno-float-conversion -Wno-non-literal-null-conversion -Wno-objc-literal-conversion -Wshorten-64-to-32 -Wpointer-sign -Wno-newline-eof -Wno-implicit-fallthrough -isysroot /Applications/Xcode.app/Contents/Developer/Platforms/iPhoneSimulator.platform/Developer/SDKs/iPhoneSimulator26.4.sdk -fstrict-aliasing -Wdeprecated-declarations -Wno-sign-conversion -Wno-infinite-recursion -Wno-comma -Wno-block-capture-autoreleasing -Wno-strict-prototypes -Wno-semicolon-before-method-body -index-store-path /Users/aadityasingh/Library/Developer/Xcode/DerivedData/Chatlio-erkyzdeecsohoaggpwbjdvavzqfv/Index.noindex/DataStore @/Users/aadityasingh/Library/Developer/Xcode/DerivedData/Chatlio-erkyzdeecsohoaggpwbjdvavzqfv/Build/Intermediates.noindex/PostHog.build/Debug-iphonesimulator/phlibwebp.build/Objects-normal/arm64/7187679823f38a2a940e0043cdf9d637-common-args.resp -MMD -MT dependencies -MF /Users/aadityasingh/Library/Developer/Xcode/DerivedData/Chatlio-erkyzdeecsohoaggpwbjdvavzqfv/Build/Intermediates.noindex/PostHog.build/Debug-iphonesimulator/phlibwebp.build/Objects-normal/arm64/cost_enc.d --serialize-diagnostics /Users/aadityasingh/Library/Developer/Xcode/DerivedData/Chatlio-erkyzdeecsohoaggpwbjdvavzqfv/Build/Intermediates.noindex/PostHog.build/Debug-iphonesimulator/phlibwebp.build/Objects-normal/arm64/cost_enc.dia -c /Users/aadityasingh/Library/Developer/Xcode/DerivedData/Chatlio-erkyzdeecsohoaggpwbjdvavzqfv/SourcePackages/checkouts/posthog-ios/vendor/libwebp/cost_enc.c -o /Users/aadityasingh/Library/Developer/Xcode/DerivedData/Chatlio-erkyzdeecsohoaggpwbjdvavzqfv/Build/Intermediates.noindex/PostHog.build/Debug-iphonesimulator/phlibwebp.build/Objects-normal/arm64/cost_enc.o -index-unit-output-path /PostHog.build/Debug-iphonesimulator/phlibwebp.build/Objects-normal/arm64/cost_enc.o

CompileC /Users/aadityasingh/Library/Developer/Xcode/DerivedData/Chatlio-erkyzdeecsohoaggpwbjdvavzqfv/Build/Intermediates.noindex/PostHog.build/Debug-iphonesimulator/phlibwebp.build/Objects-normal/arm64/cost.o /Users/aadityasingh/Library/Developer/Xcode/DerivedData/Chatlio-erkyzdeecsohoaggpwbjdvavzqfv/SourcePackages/checkouts/posthog-ios/vendor/libwebp/cost.c normal arm64 c com.apple.compilers.llvm.clang.1_0.compiler (in target 'phlibwebp' from project 'PostHog')
    cd /Users/aadityasingh/Documents/Development/element-x-ios/Chatlio.xcodeproj
    
    Using response file: /Users/aadityasingh/Library/Developer/Xcode/DerivedData/Chatlio-erkyzdeecsohoaggpwbjdvavzqfv/Build/Intermediates.noindex/PostHog.build/Debug-iphonesimulator/phlibwebp.build/Objects-normal/arm64/7187679823f38a2a940e0043cdf9d637-common-args.resp
    
    /Applications/Xcode.app/Contents/Developer/Toolchains/XcodeDefault.xctoolchain/usr/bin/clang -x c -ivfsstatcache /Users/aadityasingh/Library/Developer/Xcode/DerivedData/SDKStatCaches.noindex/iphonesimulator26.4-23E252-686eebb5dc1d8ecb277353a59184f4aa.sdkstatcache -target arm64-apple-ios13.0-simulator -fmessage-length\=0 -fdiagnostics-show-note-include-stack -fmacro-backtrace-limit\=0 -fno-color-diagnostics -fmodules-prune-interval\=86400 -fmodules-prune-after\=345600 -fbuild-session-file\=/Users/aadityasingh/Library/Developer/Xcode/DerivedData/ModuleCache.noindex/Session.modulevalidation -fmodules-validate-once-per-build-session -Wnon-modular-include-in-framework-module -Werror\=non-modular-include-in-framework-module -Wno-trigraphs -Wno-missing-field-initializers -Wno-missing-prototypes -Wno-return-type -Wno-missing-braces -Wparentheses -Wswitch -Wno-unused-function -Wno-unused-label -Wno-unused-parameter -Wno-unused-variable -Wunused-value -Wno-empty-body -Wno-uninitialized -Wno-unknown-pragmas -w -Wno-shadow -Wno-four-char-constants -Wno-conversion -Wno-constant-conversion -Wno-int-conversion -Wno-bool-conversion -Wno-enum-conversion -Wno-float-conversion -Wno-non-literal-null-conversion -Wno-objc-literal-conversion -Wshorten-64-to-32 -Wpointer-sign -Wno-newline-eof -Wno-implicit-fallthrough -isysroot /Applications/Xcode.app/Contents/Developer/Platforms/iPhoneSimulator.platform/Developer/SDKs/iPhoneSimulator26.4.sdk -fstrict-aliasing -Wdeprecated-declarations -Wno-sign-conversion -Wno-infinite-recursion -Wno-comma -Wno-block-capture-autoreleasing -Wno-strict-prototypes -Wno-semicolon-before-method-body -index-store-path /Users/aadityasingh/Library/Developer/Xcode/DerivedData/Chatlio-erkyzdeecsohoaggpwbjdvavzqfv/Index.noindex/DataStore @/Users/aadityasingh/Library/Developer/Xcode/DerivedData/Chatlio-erkyzdeecsohoaggpwbjdvavzqfv/Build/Intermediates.noindex/PostHog.build/Debug-iphonesimulator/phlibwebp.build/Objects-normal/arm64/7187679823f38a2a940e0043cdf9d637-common-args.resp -MMD -MT dependencies -MF /Users/aadityasingh/Library/Developer/Xcode/DerivedData/Chatlio-erkyzdeecsohoaggpwbjdvavzqfv/Build/Intermediates.noindex/PostHog.build/Debug-iphonesimulator/phlibwebp.build/Objects-normal/arm64/cost.d --serialize-diagnostics /Users/aadityasingh/Library/Developer/Xcode/DerivedData/Chatlio-erkyzdeecsohoaggpwbjdvavzqfv/Build/Intermediates.noindex/PostHog.build/Debug-iphonesimulator/phlibwebp.build/Objects-normal/arm64/cost.dia -c /Users/aadityasingh/Library/Developer/Xcode/DerivedData/Chatlio-erkyzdeecsohoaggpwbjdvavzqfv/SourcePackages/checkouts/posthog-ios/vendor/libwebp/cost.c -o /Users/aadityasingh/Library/Developer/Xcode/DerivedData/Chatlio-erkyzdeecsohoaggpwbjdvavzqfv/Build/Intermediates.noindex/PostHog.build/Debug-iphonesimulator/phlibwebp.build/Objects-normal/arm64/cost.o -index-unit-output-path /PostHog.build/Debug-iphonesimulator/phlibwebp.build/Objects-normal/arm64/cost.o

CompileC /Users/aadityasingh/Library/Developer/Xcode/DerivedData/Chatlio-erkyzdeecsohoaggpwbjdvavzqfv/Build/Intermediates.noindex/PostHog.build/Debug-iphonesimulator/phlibwebp.build/Objects-normal/arm64/config_enc.o /Users/aadityasingh/Library/Developer/Xcode/DerivedData/Chatlio-erkyzdeecsohoaggpwbjdvavzqfv/SourcePackages/checkouts/posthog-ios/vendor/libwebp/config_enc.c normal arm64 c com.apple.compilers.llvm.clang.1_0.compiler (in target 'phlibwebp' from project 'PostHog')
    cd /Users/aadityasingh/Documents/Development/element-x-ios/Chatlio.xcodeproj
    
    Using response file: /Users/aadityasingh/Library/Developer/Xcode/DerivedData/Chatlio-erkyzdeecsohoaggpwbjdvavzqfv/Build/Intermediates.noindex/PostHog.build/Debug-iphonesimulator/phlibwebp.build/Objects-normal/arm64/7187679823f38a2a940e0043cdf9d637-common-args.resp
    
    /Applications/Xcode.app/Contents/Developer/Toolchains/XcodeDefault.xctoolchain/usr/bin/clang -x c -ivfsstatcache /Users/aadityasingh/Library/Developer/Xcode/DerivedData/SDKStatCaches.noindex/iphonesimulator26.4-23E252-686eebb5dc1d8ecb277353a59184f4aa.sdkstatcache -target arm64-apple-ios13.0-simulator -fmessage-length\=0 -fdiagnostics-show-note-include-stack -fmacro-backtrace-limit\=0 -fno-color-diagnostics -fmodules-prune-interval\=86400 -fmodules-prune-after\=345600 -fbuild-session-file\=/Users/aadityasingh/Library/Developer/Xcode/DerivedData/ModuleCache.noindex/Session.modulevalidation -fmodules-validate-once-per-build-session -Wnon-modular-include-in-framework-module -Werror\=non-modular-include-in-framework-module -Wno-trigraphs -Wno-missing-field-initializers -Wno-missing-prototypes -Wno-return-type -Wno-missing-braces -Wparentheses -Wswitch -Wno-unused-function -Wno-unused-label -Wno-unused-parameter -Wno-unused-variable -Wunused-value -Wno-empty-body -Wno-uninitialized -Wno-unknown-pragmas -w -Wno-shadow -Wno-four-char-constants -Wno-conversion -Wno-constant-conversion -Wno-int-conversion -Wno-bool-conversion -Wno-enum-conversion -Wno-float-conversion -Wno-non-literal-null-conversion -Wno-objc-literal-conversion -Wshorten-64-to-32 -Wpointer-sign -Wno-newline-eof -Wno-implicit-fallthrough -isysroot /Applications/Xcode.app/Contents/Developer/Platforms/iPhoneSimulator.platform/Developer/SDKs/iPhoneSimulator26.4.sdk -fstrict-aliasing -Wdeprecated-declarations -Wno-sign-conversion -Wno-infinite-recursion -Wno-comma -Wno-block-capture-autoreleasing -Wno-strict-prototypes -Wno-semicolon-before-method-body -index-store-path /Users/aadityasingh/Library/Developer/Xcode/DerivedData/Chatlio-erkyzdeecsohoaggpwbjdvavzqfv/Index.noindex/DataStore @/Users/aadityasingh/Library/Developer/Xcode/DerivedData/Chatlio-erkyzdeecsohoaggpwbjdvavzqfv/Build/Intermediates.noindex/PostHog.build/Debug-iphonesimulator/phlibwebp.build/Objects-normal/arm64/7187679823f38a2a940e0043cdf9d637-common-args.resp -MMD -MT dependencies -MF /Users/aadityasingh/Library/Developer/Xcode/DerivedData/Chatlio-erkyzdeecsohoaggpwbjdvavzqfv/Build/Intermediates.noindex/PostHog.build/Debug-iphonesimulator/phlibwebp.build/Objects-normal/arm64/config_enc.d --serialize-diagnostics /Users/aadityasingh/Library/Developer/Xcode/DerivedData/Chatlio-erkyzdeecsohoaggpwbjdvavzqfv/Build/Intermediates.noindex/PostHog.build/Debug-iphonesimulator/phlibwebp.build/Objects-normal/arm64/config_enc.dia -c /Users/aadityasingh/Library/Developer/Xcode/DerivedData/Chatlio-erkyzdeecsohoaggpwbjdvavzqfv/SourcePackages/checkouts/posthog-ios/vendor/libwebp/config_enc.c -o /Users/aadityasingh/Library/Developer/Xcode/DerivedData/Chatlio-erkyzdeecsohoaggpwbjdvavzqfv/Build/Intermediates.noindex/PostHog.build/Debug-iphonesimulator/phlibwebp.build/Objects-normal/arm64/config_enc.o -index-unit-output-path /PostHog.build/Debug-iphonesimulator/phlibwebp.build/Objects-normal/arm64/config_enc.o

CompileC /Users/aadityasingh/Library/Developer/Xcode/DerivedData/Chatlio-erkyzdeecsohoaggpwbjdvavzqfv/Build/Intermediates.noindex/PostHog.build/Debug-iphonesimulator/phlibwebp.build/Objects-normal/arm64/color_cache_utils.o /Users/aadityasingh/Library/Developer/Xcode/DerivedData/Chatlio-erkyzdeecsohoaggpwbjdvavzqfv/SourcePackages/checkouts/posthog-ios/vendor/libwebp/color_cache_utils.c normal arm64 c com.apple.compilers.llvm.clang.1_0.compiler (in target 'phlibwebp' from project 'PostHog')
    cd /Users/aadityasingh/Documents/Development/element-x-ios/Chatlio.xcodeproj
    
    Using response file: /Users/aadityasingh/Library/Developer/Xcode/DerivedData/Chatlio-erkyzdeecsohoaggpwbjdvavzqfv/Build/Intermediates.noindex/PostHog.build/Debug-iphonesimulator/phlibwebp.build/Objects-normal/arm64/7187679823f38a2a940e0043cdf9d637-common-args.resp
    
    /Applications/Xcode.app/Contents/Developer/Toolchains/XcodeDefault.xctoolchain/usr/bin/clang -x c -ivfsstatcache /Users/aadityasingh/Library/Developer/Xcode/DerivedData/SDKStatCaches.noindex/iphonesimulator26.4-23E252-686eebb5dc1d8ecb277353a59184f4aa.sdkstatcache -target arm64-apple-ios13.0-simulator -fmessage-length\=0 -fdiagnostics-show-note-include-stack -fmacro-backtrace-limit\=0 -fno-color-diagnostics -fmodules-prune-interval\=86400 -fmodules-prune-after\=345600 -fbuild-session-file\=/Users/aadityasingh/Library/Developer/Xcode/DerivedData/ModuleCache.noindex/Session.modulevalidation -fmodules-validate-once-per-build-session -Wnon-modular-include-in-framework-module -Werror\=non-modular-include-in-framework-module -Wno-trigraphs -Wno-missing-field-initializers -Wno-missing-prototypes -Wno-return-type -Wno-missing-braces -Wparentheses -Wswitch -Wno-unused-function -Wno-unused-label -Wno-unused-parameter -Wno-unused-variable -Wunused-value -Wno-empty-body -Wno-uninitialized -Wno-unknown-pragmas -w -Wno-shadow -Wno-four-char-constants -Wno-conversion -Wno-constant-conversion -Wno-int-conversion -Wno-bool-conversion -Wno-enum-conversion -Wno-float-conversion -Wno-non-literal-null-conversion -Wno-objc-literal-conversion -Wshorten-64-to-32 -Wpointer-sign -Wno-newline-eof -Wno-implicit-fallthrough -isysroot /Applications/Xcode.app/Contents/Developer/Platforms/iPhoneSimulator.platform/Developer/SDKs/iPhoneSimulator26.4.sdk -fstrict-aliasing -Wdeprecated-declarations -Wno-sign-conversion -Wno-infinite-recursion -Wno-comma -Wno-block-capture-autoreleasing -Wno-strict-prototypes -Wno-semicolon-before-method-body -index-store-path /Users/aadityasingh/Library/Developer/Xcode/DerivedData/Chatlio-erkyzdeecsohoaggpwbjdvavzqfv/Index.noindex/DataStore @/Users/aadityasingh/Library/Developer/Xcode/DerivedData/Chatlio-erkyzdeecsohoaggpwbjdvavzqfv/Build/Intermediates.noindex/PostHog.build/Debug-iphonesimulator/phlibwebp.build/Objects-normal/arm64/7187679823f38a2a940e0043cdf9d637-common-args.resp -MMD -MT dependencies -MF /Users/aadityasingh/Library/Developer/Xcode/DerivedData/Chatlio-erkyzdeecsohoaggpwbjdvavzqfv/Build/Intermediates.noindex/PostHog.build/Debug-iphonesimulator/phlibwebp.build/Objects-normal/arm64/color_cache_utils.d --serialize-diagnostics /Users/aadityasingh/Library/Developer/Xcode/DerivedData/Chatlio-erkyzdeecsohoaggpwbjdvavzqfv/Build/Intermediates.noindex/PostHog.build/Debug-iphonesimulator/phlibwebp.build/Objects-normal/arm64/color_cache_utils.dia -c /Users/aadityasingh/Library/Developer/Xcode/DerivedData/Chatlio-erkyzdeecsohoaggpwbjdvavzqfv/SourcePackages/checkouts/posthog-ios/vendor/libwebp/color_cache_utils.c -o /Users/aadityasingh/Library/Developer/Xcode/DerivedData/Chatlio-erkyzdeecsohoaggpwbjdvavzqfv/Build/Intermediates.noindex/PostHog.build/Debug-iphonesimulator/phlibwebp.build/Objects-normal/arm64/color_cache_utils.o -index-unit-output-path /PostHog.build/Debug-iphonesimulator/phlibwebp.build/Objects-normal/arm64/color_cache_utils.o

CompileC /Users/aadityasingh/Library/Developer/Xcode/DerivedData/Chatlio-erkyzdeecsohoaggpwbjdvavzqfv/Build/Intermediates.noindex/PostHog.build/Debug-iphonesimulator/phlibwebp.build/Objects-normal/arm64/bit_writer_utils.o /Users/aadityasingh/Library/Developer/Xcode/DerivedData/Chatlio-erkyzdeecsohoaggpwbjdvavzqfv/SourcePackages/checkouts/posthog-ios/vendor/libwebp/bit_writer_utils.c normal arm64 c com.apple.compilers.llvm.clang.1_0.compiler (in target 'phlibwebp' from project 'PostHog')
    cd /Users/aadityasingh/Documents/Development/element-x-ios/Chatlio.xcodeproj
    
    Using response file: /Users/aadityasingh/Library/Developer/Xcode/DerivedData/Chatlio-erkyzdeecsohoaggpwbjdvavzqfv/Build/Intermediates.noindex/PostHog.build/Debug-iphonesimulator/phlibwebp.build/Objects-normal/arm64/7187679823f38a2a940e0043cdf9d637-common-args.resp
    
    /Applications/Xcode.app/Contents/Developer/Toolchains/XcodeDefault.xctoolchain/usr/bin/clang -x c -ivfsstatcache /Users/aadityasingh/Library/Developer/Xcode/DerivedData/SDKStatCaches.noindex/iphonesimulator26.4-23E252-686eebb5dc1d8ecb277353a59184f4aa.sdkstatcache -target arm64-apple-ios13.0-simulator -fmessage-length\=0 -fdiagnostics-show-note-include-stack -fmacro-backtrace-limit\=0 -fno-color-diagnostics -fmodules-prune-interval\=86400 -fmodules-prune-after\=345600 -fbuild-session-file\=/Users/aadityasingh/Library/Developer/Xcode/DerivedData/ModuleCache.noindex/Session.modulevalidation -fmodules-validate-once-per-build-session -Wnon-modular-include-in-framework-module -Werror\=non-modular-include-in-framework-module -Wno-trigraphs -Wno-missing-field-initializers -Wno-missing-prototypes -Wno-return-type -Wno-missing-braces -Wparentheses -Wswitch -Wno-unused-function -Wno-unused-label -Wno-unused-parameter -Wno-unused-variable -Wunused-value -Wno-empty-body -Wno-uninitialized -Wno-unknown-pragmas -w -Wno-shadow -Wno-four-char-constants -Wno-conversion -Wno-constant-conversion -Wno-int-conversion -Wno-bool-conversion -Wno-enum-conversion -Wno-float-conversion -Wno-non-literal-null-conversion -Wno-objc-literal-conversion -Wshorten-64-to-32 -Wpointer-sign -Wno-newline-eof -Wno-implicit-fallthrough -isysroot /Applications/Xcode.app/Contents/Developer/Platforms/iPhoneSimulator.platform/Developer/SDKs/iPhoneSimulator26.4.sdk -fstrict-aliasing -Wdeprecated-declarations -Wno-sign-conversion -Wno-infinite-recursion -Wno-comma -Wno-block-capture-autoreleasing -Wno-strict-prototypes -Wno-semicolon-before-method-body -index-store-path /Users/aadityasingh/Library/Developer/Xcode/DerivedData/Chatlio-erkyzdeecsohoaggpwbjdvavzqfv/Index.noindex/DataStore @/Users/aadityasingh/Library/Developer/Xcode/DerivedData/Chatlio-erkyzdeecsohoaggpwbjdvavzqfv/Build/Intermediates.noindex/PostHog.build/Debug-iphonesimulator/phlibwebp.build/Objects-normal/arm64/7187679823f38a2a940e0043cdf9d637-common-args.resp -MMD -MT dependencies -MF /Users/aadityasingh/Library/Developer/Xcode/DerivedData/Chatlio-erkyzdeecsohoaggpwbjdvavzqfv/Build/Intermediates.noindex/PostHog.build/Debug-iphonesimulator/phlibwebp.build/Objects-normal/arm64/bit_writer_utils.d --serialize-diagnostics /Users/aadityasingh/Library/Developer/Xcode/DerivedData/Chatlio-erkyzdeecsohoaggpwbjdvavzqfv/Build/Intermediates.noindex/PostHog.build/Debug-iphonesimulator/phlibwebp.build/Objects-normal/arm64/bit_writer_utils.dia -c /Users/aadityasingh/Library/Developer/Xcode/DerivedData/Chatlio-erkyzdeecsohoaggpwbjdvavzqfv/SourcePackages/checkouts/posthog-ios/vendor/libwebp/bit_writer_utils.c -o /Users/aadityasingh/Library/Developer/Xcode/DerivedData/Chatlio-erkyzdeecsohoaggpwbjdvavzqfv/Build/Intermediates.noindex/PostHog.build/Debug-iphonesimulator/phlibwebp.build/Objects-normal/arm64/bit_writer_utils.o -index-unit-output-path /PostHog.build/Debug-iphonesimulator/phlibwebp.build/Objects-normal/arm64/bit_writer_utils.o

CompileC /Users/aadityasingh/Library/Developer/Xcode/DerivedData/Chatlio-erkyzdeecsohoaggpwbjdvavzqfv/Build/Intermediates.noindex/PostHog.build/Debug-iphonesimulator/phlibwebp.build/Objects-normal/arm64/bit_reader_utils.o /Users/aadityasingh/Library/Developer/Xcode/DerivedData/Chatlio-erkyzdeecsohoaggpwbjdvavzqfv/SourcePackages/checkouts/posthog-ios/vendor/libwebp/bit_reader_utils.c normal arm64 c com.apple.compilers.llvm.clang.1_0.compiler (in target 'phlibwebp' from project 'PostHog')
    cd /Users/aadityasingh/Documents/Development/element-x-ios/Chatlio.xcodeproj
    
    Using response file: /Users/aadityasingh/Library/Developer/Xcode/DerivedData/Chatlio-erkyzdeecsohoaggpwbjdvavzqfv/Build/Intermediates.noindex/PostHog.build/Debug-iphonesimulator/phlibwebp.build/Objects-normal/arm64/7187679823f38a2a940e0043cdf9d637-common-args.resp
    
    /Applications/Xcode.app/Contents/Developer/Toolchains/XcodeDefault.xctoolchain/usr/bin/clang -x c -ivfsstatcache /Users/aadityasingh/Library/Developer/Xcode/DerivedData/SDKStatCaches.noindex/iphonesimulator26.4-23E252-686eebb5dc1d8ecb277353a59184f4aa.sdkstatcache -target arm64-apple-ios13.0-simulator -fmessage-length\=0 -fdiagnostics-show-note-include-stack -fmacro-backtrace-limit\=0 -fno-color-diagnostics -fmodules-prune-interval\=86400 -fmodules-prune-after\=345600 -fbuild-session-file\=/Users/aadityasingh/Library/Developer/Xcode/DerivedData/ModuleCache.noindex/Session.modulevalidation -fmodules-validate-once-per-build-session -Wnon-modular-include-in-framework-module -Werror\=non-modular-include-in-framework-module -Wno-trigraphs -Wno-missing-field-initializers -Wno-missing-prototypes -Wno-return-type -Wno-missing-braces -Wparentheses -Wswitch -Wno-unused-function -Wno-unused-label -Wno-unused-parameter -Wno-unused-variable -Wunused-value -Wno-empty-body -Wno-uninitialized -Wno-unknown-pragmas -w -Wno-shadow -Wno-four-char-constants -Wno-conversion -Wno-constant-conversion -Wno-int-conversion -Wno-bool-conversion -Wno-enum-conversion -Wno-float-conversion -Wno-non-literal-null-conversion -Wno-objc-literal-conversion -Wshorten-64-to-32 -Wpointer-sign -Wno-newline-eof -Wno-implicit-fallthrough -isysroot /Applications/Xcode.app/Contents/Developer/Platforms/iPhoneSimulator.platform/Developer/SDKs/iPhoneSimulator26.4.sdk -fstrict-aliasing -Wdeprecated-declarations -Wno-sign-conversion -Wno-infinite-recursion -Wno-comma -Wno-block-capture-autoreleasing -Wno-strict-prototypes -Wno-semicolon-before-method-body -index-store-path /Users/aadityasingh/Library/Developer/Xcode/DerivedData/Chatlio-erkyzdeecsohoaggpwbjdvavzqfv/Index.noindex/DataStore @/Users/aadityasingh/Library/Developer/Xcode/DerivedData/Chatlio-erkyzdeecsohoaggpwbjdvavzqfv/Build/Intermediates.noindex/PostHog.build/Debug-iphonesimulator/phlibwebp.build/Objects-normal/arm64/7187679823f38a2a940e0043cdf9d637-common-args.resp -MMD -MT dependencies -MF /Users/aadityasingh/Library/Developer/Xcode/DerivedData/Chatlio-erkyzdeecsohoaggpwbjdvavzqfv/Build/Intermediates.noindex/PostHog.build/Debug-iphonesimulator/phlibwebp.build/Objects-normal/arm64/bit_reader_utils.d --serialize-diagnostics /Users/aadityasingh/Library/Developer/Xcode/DerivedData/Chatlio-erkyzdeecsohoaggpwbjdvavzqfv/Build/Intermediates.noindex/PostHog.build/Debug-iphonesimulator/phlibwebp.build/Objects-normal/arm64/bit_reader_utils.dia -c /Users/aadityasingh/Library/Developer/Xcode/DerivedData/Chatlio-erkyzdeecsohoaggpwbjdvavzqfv/SourcePackages/checkouts/posthog-ios/vendor/libwebp/bit_reader_utils.c -o /Users/aadityasingh/Library/Developer/Xcode/DerivedData/Chatlio-erkyzdeecsohoaggpwbjdvavzqfv/Build/Intermediates.noindex/PostHog.build/Debug-iphonesimulator/phlibwebp.build/Objects-normal/arm64/bit_reader_utils.o -index-unit-output-path /PostHog.build/Debug-iphonesimulator/phlibwebp.build/Objects-normal/arm64/bit_reader_utils.o

CompileC /Users/aadityasingh/Library/Developer/Xcode/DerivedData/Chatlio-erkyzdeecsohoaggpwbjdvavzqfv/Build/Intermediates.noindex/PostHog.build/Debug-iphonesimulator/phlibwebp.build/Objects-normal/arm64/backward_references_enc.o /Users/aadityasingh/Library/Developer/Xcode/DerivedData/Chatlio-erkyzdeecsohoaggpwbjdvavzqfv/SourcePackages/checkouts/posthog-ios/vendor/libwebp/backward_references_enc.c normal arm64 c com.apple.compilers.llvm.clang.1_0.compiler (in target 'phlibwebp' from project 'PostHog')
    cd /Users/aadityasingh/Documents/Development/element-x-ios/Chatlio.xcodeproj
    
    Using response file: /Users/aadityasingh/Library/Developer/Xcode/DerivedData/Chatlio-erkyzdeecsohoaggpwbjdvavzqfv/Build/Intermediates.noindex/PostHog.build/Debug-iphonesimulator/phlibwebp.build/Objects-normal/arm64/7187679823f38a2a940e0043cdf9d637-common-args.resp
    
    /Applications/Xcode.app/Contents/Developer/Toolchains/XcodeDefault.xctoolchain/usr/bin/clang -x c -ivfsstatcache /Users/aadityasingh/Library/Developer/Xcode/DerivedData/SDKStatCaches.noindex/iphonesimulator26.4-23E252-686eebb5dc1d8ecb277353a59184f4aa.sdkstatcache -target arm64-apple-ios13.0-simulator -fmessage-length\=0 -fdiagnostics-show-note-include-stack -fmacro-backtrace-limit\=0 -fno-color-diagnostics -fmodules-prune-interval\=86400 -fmodules-prune-after\=345600 -fbuild-session-file\=/Users/aadityasingh/Library/Developer/Xcode/DerivedData/ModuleCache.noindex/Session.modulevalidation -fmodules-validate-once-per-build-session -Wnon-modular-include-in-framework-module -Werror\=non-modular-include-in-framework-module -Wno-trigraphs -Wno-missing-field-initializers -Wno-missing-prototypes -Wno-return-type -Wno-missing-braces -Wparentheses -Wswitch -Wno-unused-function -Wno-unused-label -Wno-unused-parameter -Wno-unused-variable -Wunused-value -Wno-empty-body -Wno-uninitialized -Wno-unknown-pragmas -w -Wno-shadow -Wno-four-char-constants -Wno-conversion -Wno-constant-conversion -Wno-int-conversion -Wno-bool-conversion -Wno-enum-conversion -Wno-float-conversion -Wno-non-literal-null-conversion -Wno-objc-literal-conversion -Wshorten-64-to-32 -Wpointer-sign -Wno-newline-eof -Wno-implicit-fallthrough -isysroot /Applications/Xcode.app/Contents/Developer/Platforms/iPhoneSimulator.platform/Developer/SDKs/iPhoneSimulator26.4.sdk -fstrict-aliasing -Wdeprecated-declarations -Wno-sign-conversion -Wno-infinite-recursion -Wno-comma -Wno-block-capture-autoreleasing -Wno-strict-prototypes -Wno-semicolon-before-method-body -index-store-path /Users/aadityasingh/Library/Developer/Xcode/DerivedData/Chatlio-erkyzdeecsohoaggpwbjdvavzqfv/Index.noindex/DataStore @/Users/aadityasingh/Library/Developer/Xcode/DerivedData/Chatlio-erkyzdeecsohoaggpwbjdvavzqfv/Build/Intermediates.noindex/PostHog.build/Debug-iphonesimulator/phlibwebp.build/Objects-normal/arm64/7187679823f38a2a940e0043cdf9d637-common-args.resp -MMD -MT dependencies -MF /Users/aadityasingh/Library/Developer/Xcode/DerivedData/Chatlio-erkyzdeecsohoaggpwbjdvavzqfv/Build/Intermediates.noindex/PostHog.build/Debug-iphonesimulator/phlibwebp.build/Objects-normal/arm64/backward_references_enc.d --serialize-diagnostics /Users/aadityasingh/Library/Developer/Xcode/DerivedData/Chatlio-erkyzdeecsohoaggpwbjdvavzqfv/Build/Intermediates.noindex/PostHog.build/Debug-iphonesimulator/phlibwebp.build/Objects-normal/arm64/backward_references_enc.dia -c /Users/aadityasingh/Library/Developer/Xcode/DerivedData/Chatlio-erkyzdeecsohoaggpwbjdvavzqfv/SourcePackages/checkouts/posthog-ios/vendor/libwebp/backward_references_enc.c -o /Users/aadityasingh/Library/Developer/Xcode/DerivedData/Chatlio-erkyzdeecsohoaggpwbjdvavzqfv/Build/Intermediates.noindex/PostHog.build/Debug-iphonesimulator/phlibwebp.build/Objects-normal/arm64/backward_references_enc.o -index-unit-output-path /PostHog.build/Debug-iphonesimulator/phlibwebp.build/Objects-normal/arm64/backward_references_enc.o

CompileC /Users/aadityasingh/Library/Developer/Xcode/DerivedData/Chatlio-erkyzdeecsohoaggpwbjdvavzqfv/Build/Intermediates.noindex/PostHog.build/Debug-iphonesimulator/phlibwebp.build/Objects-normal/arm64/backward_references_cost_enc.o /Users/aadityasingh/Library/Developer/Xcode/DerivedData/Chatlio-erkyzdeecsohoaggpwbjdvavzqfv/SourcePackages/checkouts/posthog-ios/vendor/libwebp/backward_references_cost_enc.c normal arm64 c com.apple.compilers.llvm.clang.1_0.compiler (in target 'phlibwebp' from project 'PostHog')
    cd /Users/aadityasingh/Documents/Development/element-x-ios/Chatlio.xcodeproj
    
    Using response file: /Users/aadityasingh/Library/Developer/Xcode/DerivedData/Chatlio-erkyzdeecsohoaggpwbjdvavzqfv/Build/Intermediates.noindex/PostHog.build/Debug-iphonesimulator/phlibwebp.build/Objects-normal/arm64/7187679823f38a2a940e0043cdf9d637-common-args.resp
    
    /Applications/Xcode.app/Contents/Developer/Toolchains/XcodeDefault.xctoolchain/usr/bin/clang -x c -ivfsstatcache /Users/aadityasingh/Library/Developer/Xcode/DerivedData/SDKStatCaches.noindex/iphonesimulator26.4-23E252-686eebb5dc1d8ecb277353a59184f4aa.sdkstatcache -target arm64-apple-ios13.0-simulator -fmessage-length\=0 -fdiagnostics-show-note-include-stack -fmacro-backtrace-limit\=0 -fno-color-diagnostics -fmodules-prune-interval\=86400 -fmodules-prune-after\=345600 -fbuild-session-file\=/Users/aadityasingh/Library/Developer/Xcode/DerivedData/ModuleCache.noindex/Session.modulevalidation -fmodules-validate-once-per-build-session -Wnon-modular-include-in-framework-module -Werror\=non-modular-include-in-framework-module -Wno-trigraphs -Wno-missing-field-initializers -Wno-missing-prototypes -Wno-return-type -Wno-missing-braces -Wparentheses -Wswitch -Wno-unused-function -Wno-unused-label -Wno-unused-parameter -Wno-unused-variable -Wunused-value -Wno-empty-body -Wno-uninitialized -Wno-unknown-pragmas -w -Wno-shadow -Wno-four-char-constants -Wno-conversion -Wno-constant-conversion -Wno-int-conversion -Wno-bool-conversion -Wno-enum-conversion -Wno-float-conversion -Wno-non-literal-null-conversion -Wno-objc-literal-conversion -Wshorten-64-to-32 -Wpointer-sign -Wno-newline-eof -Wno-implicit-fallthrough -isysroot /Applications/Xcode.app/Contents/Developer/Platforms/iPhoneSimulator.platform/Developer/SDKs/iPhoneSimulator26.4.sdk -fstrict-aliasing -Wdeprecated-declarations -Wno-sign-conversion -Wno-infinite-recursion -Wno-comma -Wno-block-capture-autoreleasing -Wno-strict-prototypes -Wno-semicolon-before-method-body -index-store-path /Users/aadityasingh/Library/Developer/Xcode/DerivedData/Chatlio-erkyzdeecsohoaggpwbjdvavzqfv/Index.noindex/DataStore @/Users/aadityasingh/Library/Developer/Xcode/DerivedData/Chatlio-erkyzdeecsohoaggpwbjdvavzqfv/Build/Intermediates.noindex/PostHog.build/Debug-iphonesimulator/phlibwebp.build/Objects-normal/arm64/7187679823f38a2a940e0043cdf9d637-common-args.resp -MMD -MT dependencies -MF /Users/aadityasingh/Library/Developer/Xcode/DerivedData/Chatlio-erkyzdeecsohoaggpwbjdvavzqfv/Build/Intermediates.noindex/PostHog.build/Debug-iphonesimulator/phlibwebp.build/Objects-normal/arm64/backward_references_cost_enc.d --serialize-diagnostics /Users/aadityasingh/Library/Developer/Xcode/DerivedData/Chatlio-erkyzdeecsohoaggpwbjdvavzqfv/Build/Intermediates.noindex/PostHog.build/Debug-iphonesimulator/phlibwebp.build/Objects-normal/arm64/backward_references_cost_enc.dia -c /Users/aadityasingh/Library/Developer/Xcode/DerivedData/Chatlio-erkyzdeecsohoaggpwbjdvavzqfv/SourcePackages/checkouts/posthog-ios/vendor/libwebp/backward_references_cost_enc.c -o /Users/aadityasingh/Library/Developer/Xcode/DerivedData/Chatlio-erkyzdeecsohoaggpwbjdvavzqfv/Build/Intermediates.noindex/PostHog.build/Debug-iphonesimulator/phlibwebp.build/Objects-normal/arm64/backward_references_cost_enc.o -index-unit-output-path /PostHog.build/Debug-iphonesimulator/phlibwebp.build/Objects-normal/arm64/backward_references_cost_enc.o

CompileC /Users/aadityasingh/Library/Developer/Xcode/DerivedData/Chatlio-erkyzdeecsohoaggpwbjdvavzqfv/Build/Intermediates.noindex/PostHog.build/Debug-iphonesimulator/phlibwebp.build/Objects-normal/arm64/analysis_enc.o /Users/aadityasingh/Library/Developer/Xcode/DerivedData/Chatlio-erkyzdeecsohoaggpwbjdvavzqfv/SourcePackages/checkouts/posthog-ios/vendor/libwebp/analysis_enc.c normal arm64 c com.apple.compilers.llvm.clang.1_0.compiler (in target 'phlibwebp' from project 'PostHog')
    cd /Users/aadityasingh/Documents/Development/element-x-ios/Chatlio.xcodeproj
    
    Using response file: /Users/aadityasingh/Library/Developer/Xcode/DerivedData/Chatlio-erkyzdeecsohoaggpwbjdvavzqfv/Build/Intermediates.noindex/PostHog.build/Debug-iphonesimulator/phlibwebp.build/Objects-normal/arm64/7187679823f38a2a940e0043cdf9d637-common-args.resp
    
    /Applications/Xcode.app/Contents/Developer/Toolchains/XcodeDefault.xctoolchain/usr/bin/clang -x c -ivfsstatcache /Users/aadityasingh/Library/Developer/Xcode/DerivedData/SDKStatCaches.noindex/iphonesimulator26.4-23E252-686eebb5dc1d8ecb277353a59184f4aa.sdkstatcache -target arm64-apple-ios13.0-simulator -fmessage-length\=0 -fdiagnostics-show-note-include-stack -fmacro-backtrace-limit\=0 -fno-color-diagnostics -fmodules-prune-interval\=86400 -fmodules-prune-after\=345600 -fbuild-session-file\=/Users/aadityasingh/Library/Developer/Xcode/DerivedData/ModuleCache.noindex/Session.modulevalidation -fmodules-validate-once-per-build-session -Wnon-modular-include-in-framework-module -Werror\=non-modular-include-in-framework-module -Wno-trigraphs -Wno-missing-field-initializers -Wno-missing-prototypes -Wno-return-type -Wno-missing-braces -Wparentheses -Wswitch -Wno-unused-function -Wno-unused-label -Wno-unused-parameter -Wno-unused-variable -Wunused-value -Wno-empty-body -Wno-uninitialized -Wno-unknown-pragmas -w -Wno-shadow -Wno-four-char-constants -Wno-conversion -Wno-constant-conversion -Wno-int-conversion -Wno-bool-conversion -Wno-enum-conversion -Wno-float-conversion -Wno-non-literal-null-conversion -Wno-objc-literal-conversion -Wshorten-64-to-32 -Wpointer-sign -Wno-newline-eof -Wno-implicit-fallthrough -isysroot /Applications/Xcode.app/Contents/Developer/Platforms/iPhoneSimulator.platform/Developer/SDKs/iPhoneSimulator26.4.sdk -fstrict-aliasing -Wdeprecated-declarations -Wno-sign-conversion -Wno-infinite-recursion -Wno-comma -Wno-block-capture-autoreleasing -Wno-strict-prototypes -Wno-semicolon-before-method-body -index-store-path /Users/aadityasingh/Library/Developer/Xcode/DerivedData/Chatlio-erkyzdeecsohoaggpwbjdvavzqfv/Index.noindex/DataStore @/Users/aadityasingh/Library/Developer/Xcode/DerivedData/Chatlio-erkyzdeecsohoaggpwbjdvavzqfv/Build/Intermediates.noindex/PostHog.build/Debug-iphonesimulator/phlibwebp.build/Objects-normal/arm64/7187679823f38a2a940e0043cdf9d637-common-args.resp -MMD -MT dependencies -MF /Users/aadityasingh/Library/Developer/Xcode/DerivedData/Chatlio-erkyzdeecsohoaggpwbjdvavzqfv/Build/Intermediates.noindex/PostHog.build/Debug-iphonesimulator/phlibwebp.build/Objects-normal/arm64/analysis_enc.d --serialize-diagnostics /Users/aadityasingh/Library/Developer/Xcode/DerivedData/Chatlio-erkyzdeecsohoaggpwbjdvavzqfv/Build/Intermediates.noindex/PostHog.build/Debug-iphonesimulator/phlibwebp.build/Objects-normal/arm64/analysis_enc.dia -c /Users/aadityasingh/Library/Developer/Xcode/DerivedData/Chatlio-erkyzdeecsohoaggpwbjdvavzqfv/SourcePackages/checkouts/posthog-ios/vendor/libwebp/analysis_enc.c -o /Users/aadityasingh/Library/Developer/Xcode/DerivedData/Chatlio-erkyzdeecsohoaggpwbjdvavzqfv/Build/Intermediates.noindex/PostHog.build/Debug-iphonesimulator/phlibwebp.build/Objects-normal/arm64/analysis_enc.o -index-unit-output-path /PostHog.build/Debug-iphonesimulator/phlibwebp.build/Objects-normal/arm64/analysis_enc.o

SwiftExplicitDependencyGeneratePcm x86_64 /Users/aadityasingh/Library/Developer/Xcode/DerivedData/ModuleCache.noindex/_Builtin_stdint-53TX5QDSLMH1ZVCFNW2OZRWGV.pcm

SwiftExplicitDependencyGeneratePcm x86_64 /Users/aadityasingh/Library/Developer/Xcode/DerivedData/ModuleCache.noindex/sys_types-4UL71MDC6XB265KPFPLO57ELW.pcm

CompileC /Users/aadityasingh/Library/Developer/Xcode/DerivedData/Chatlio-erkyzdeecsohoaggpwbjdvavzqfv/Build/Intermediates.noindex/PostHog.build/Debug-iphonesimulator/phlibwebp.build/Objects-normal/arm64/alpha_processing_sse41.o /Users/aadityasingh/Library/Developer/Xcode/DerivedData/Chatlio-erkyzdeecsohoaggpwbjdvavzqfv/SourcePackages/checkouts/posthog-ios/vendor/libwebp/alpha_processing_sse41.c normal arm64 c com.apple.compilers.llvm.clang.1_0.compiler (in target 'phlibwebp' from project 'PostHog')
    cd /Users/aadityasingh/Documents/Development/element-x-ios/Chatlio.xcodeproj
    
    Using response file: /Users/aadityasingh/Library/Developer/Xcode/DerivedData/Chatlio-erkyzdeecsohoaggpwbjdvavzqfv/Build/Intermediates.noindex/PostHog.build/Debug-iphonesimulator/phlibwebp.build/Objects-normal/arm64/7187679823f38a2a940e0043cdf9d637-common-args.resp
    
    /Applications/Xcode.app/Contents/Developer/Toolchains/XcodeDefault.xctoolchain/usr/bin/clang -x c -ivfsstatcache /Users/aadityasingh/Library/Developer/Xcode/DerivedData/SDKStatCaches.noindex/iphonesimulator26.4-23E252-686eebb5dc1d8ecb277353a59184f4aa.sdkstatcache -target arm64-apple-ios13.0-simulator -fmessage-length\=0 -fdiagnostics-show-note-include-stack -fmacro-backtrace-limit\=0 -fno-color-diagnostics -fmodules-prune-interval\=86400 -fmodules-prune-after\=345600 -fbuild-session-file\=/Users/aadityasingh/Library/Developer/Xcode/DerivedData/ModuleCache.noindex/Session.modulevalidation -fmodules-validate-once-per-build-session -Wnon-modular-include-in-framework-module -Werror\=non-modular-include-in-framework-module -Wno-trigraphs -Wno-missing-field-initializers -Wno-missing-prototypes -Wno-return-type -Wno-missing-braces -Wparentheses -Wswitch -Wno-unused-function -Wno-unused-label -Wno-unused-parameter -Wno-unused-variable -Wunused-value -Wno-empty-body -Wno-uninitialized -Wno-unknown-pragmas -w -Wno-shadow -Wno-four-char-constants -Wno-conversion -Wno-constant-conversion -Wno-int-conversion -Wno-bool-conversion -Wno-enum-conversion -Wno-float-conversion -Wno-non-literal-null-conversion -Wno-objc-literal-conversion -Wshorten-64-to-32 -Wpointer-sign -Wno-newline-eof -Wno-implicit-fallthrough -isysroot /Applications/Xcode.app/Contents/Developer/Platforms/iPhoneSimulator.platform/Developer/SDKs/iPhoneSimulator26.4.sdk -fstrict-aliasing -Wdeprecated-declarations -Wno-sign-conversion -Wno-infinite-recursion -Wno-comma -Wno-block-capture-autoreleasing -Wno-strict-prototypes -Wno-semicolon-before-method-body -index-store-path /Users/aadityasingh/Library/Developer/Xcode/DerivedData/Chatlio-erkyzdeecsohoaggpwbjdvavzqfv/Index.noindex/DataStore @/Users/aadityasingh/Library/Developer/Xcode/DerivedData/Chatlio-erkyzdeecsohoaggpwbjdvavzqfv/Build/Intermediates.noindex/PostHog.build/Debug-iphonesimulator/phlibwebp.build/Objects-normal/arm64/7187679823f38a2a940e0043cdf9d637-common-args.resp -MMD -MT dependencies -MF /Users/aadityasingh/Library/Developer/Xcode/DerivedData/Chatlio-erkyzdeecsohoaggpwbjdvavzqfv/Build/Intermediates.noindex/PostHog.build/Debug-iphonesimulator/phlibwebp.build/Objects-normal/arm64/alpha_processing_sse41.d --serialize-diagnostics /Users/aadityasingh/Library/Developer/Xcode/DerivedData/Chatlio-erkyzdeecsohoaggpwbjdvavzqfv/Build/Intermediates.noindex/PostHog.build/Debug-iphonesimulator/phlibwebp.build/Objects-normal/arm64/alpha_processing_sse41.dia -c /Users/aadityasingh/Library/Developer/Xcode/DerivedData/Chatlio-erkyzdeecsohoaggpwbjdvavzqfv/SourcePackages/checkouts/posthog-ios/vendor/libwebp/alpha_processing_sse41.c -o /Users/aadityasingh/Library/Developer/Xcode/DerivedData/Chatlio-erkyzdeecsohoaggpwbjdvavzqfv/Build/Intermediates.noindex/PostHog.build/Debug-iphonesimulator/phlibwebp.build/Objects-normal/arm64/alpha_processing_sse41.o -index-unit-output-path /PostHog.build/Debug-iphonesimulator/phlibwebp.build/Objects-normal/arm64/alpha_processing_sse41.o

CompileC /Users/aadityasingh/Library/Developer/Xcode/DerivedData/Chatlio-erkyzdeecsohoaggpwbjdvavzqfv/Build/Intermediates.noindex/PostHog.build/Debug-iphonesimulator/phlibwebp.build/Objects-normal/arm64/alpha_processing_sse2.o /Users/aadityasingh/Library/Developer/Xcode/DerivedData/Chatlio-erkyzdeecsohoaggpwbjdvavzqfv/SourcePackages/checkouts/posthog-ios/vendor/libwebp/alpha_processing_sse2.c normal arm64 c com.apple.compilers.llvm.clang.1_0.compiler (in target 'phlibwebp' from project 'PostHog')
    cd /Users/aadityasingh/Documents/Development/element-x-ios/Chatlio.xcodeproj
    
    Using response file: /Users/aadityasingh/Library/Developer/Xcode/DerivedData/Chatlio-erkyzdeecsohoaggpwbjdvavzqfv/Build/Intermediates.noindex/PostHog.build/Debug-iphonesimulator/phlibwebp.build/Objects-normal/arm64/7187679823f38a2a940e0043cdf9d637-common-args.resp
    
    /Applications/Xcode.app/Contents/Developer/Toolchains/XcodeDefault.xctoolchain/usr/bin/clang -x c -ivfsstatcache /Users/aadityasingh/Library/Developer/Xcode/DerivedData/SDKStatCaches.noindex/iphonesimulator26.4-23E252-686eebb5dc1d8ecb277353a59184f4aa.sdkstatcache -target arm64-apple-ios13.0-simulator -fmessage-length\=0 -fdiagnostics-show-note-include-stack -fmacro-backtrace-limit\=0 -fno-color-diagnostics -fmodules-prune-interval\=86400 -fmodules-prune-after\=345600 -fbuild-session-file\=/Users/aadityasingh/Library/Developer/Xcode/DerivedData/ModuleCache.noindex/Session.modulevalidation -fmodules-validate-once-per-build-session -Wnon-modular-include-in-framework-module -Werror\=non-modular-include-in-framework-module -Wno-trigraphs -Wno-missing-field-initializers -Wno-missing-prototypes -Wno-return-type -Wno-missing-braces -Wparentheses -Wswitch -Wno-unused-function -Wno-unused-label -Wno-unused-parameter -Wno-unused-variable -Wunused-value -Wno-empty-body -Wno-uninitialized -Wno-unknown-pragmas -w -Wno-shadow -Wno-four-char-constants -Wno-conversion -Wno-constant-conversion -Wno-int-conversion -Wno-bool-conversion -Wno-enum-conversion -Wno-float-conversion -Wno-non-literal-null-conversion -Wno-objc-literal-conversion -Wshorten-64-to-32 -Wpointer-sign -Wno-newline-eof -Wno-implicit-fallthrough -isysroot /Applications/Xcode.app/Contents/Developer/Platforms/iPhoneSimulator.platform/Developer/SDKs/iPhoneSimulator26.4.sdk -fstrict-aliasing -Wdeprecated-declarations -Wno-sign-conversion -Wno-infinite-recursion -Wno-comma -Wno-block-capture-autoreleasing -Wno-strict-prototypes -Wno-semicolon-before-method-body -index-store-path /Users/aadityasingh/Library/Developer/Xcode/DerivedData/Chatlio-erkyzdeecsohoaggpwbjdvavzqfv/Index.noindex/DataStore @/Users/aadityasingh/Library/Developer/Xcode/DerivedData/Chatlio-erkyzdeecsohoaggpwbjdvavzqfv/Build/Intermediates.noindex/PostHog.build/Debug-iphonesimulator/phlibwebp.build/Objects-normal/arm64/7187679823f38a2a940e0043cdf9d637-common-args.resp -MMD -MT dependencies -MF /Users/aadityasingh/Library/Developer/Xcode/DerivedData/Chatlio-erkyzdeecsohoaggpwbjdvavzqfv/Build/Intermediates.noindex/PostHog.build/Debug-iphonesimulator/phlibwebp.build/Objects-normal/arm64/alpha_processing_sse2.d --serialize-diagnostics /Users/aadityasingh/Library/Developer/Xcode/DerivedData/Chatlio-erkyzdeecsohoaggpwbjdvavzqfv/Build/Intermediates.noindex/PostHog.build/Debug-iphonesimulator/phlibwebp.build/Objects-normal/arm64/alpha_processing_sse2.dia -c /Users/aadityasingh/Library/Developer/Xcode/DerivedData/Chatlio-erkyzdeecsohoaggpwbjdvavzqfv/SourcePackages/checkouts/posthog-ios/vendor/libwebp/alpha_processing_sse2.c -o /Users/aadityasingh/Library/Developer/Xcode/DerivedData/Chatlio-erkyzdeecsohoaggpwbjdvavzqfv/Build/Intermediates.noindex/PostHog.build/Debug-iphonesimulator/phlibwebp.build/Objects-normal/arm64/alpha_processing_sse2.o -index-unit-output-path /PostHog.build/Debug-iphonesimulator/phlibwebp.build/Objects-normal/arm64/alpha_processing_sse2.o

CompileC /Users/aadityasingh/Library/Developer/Xcode/DerivedData/Chatlio-erkyzdeecsohoaggpwbjdvavzqfv/Build/Intermediates.noindex/PostHog.build/Debug-iphonesimulator/phlibwebp.build/Objects-normal/arm64/alpha_processing_neon.o /Users/aadityasingh/Library/Developer/Xcode/DerivedData/Chatlio-erkyzdeecsohoaggpwbjdvavzqfv/SourcePackages/checkouts/posthog-ios/vendor/libwebp/alpha_processing_neon.c normal arm64 c com.apple.compilers.llvm.clang.1_0.compiler (in target 'phlibwebp' from project 'PostHog')
    cd /Users/aadityasingh/Documents/Development/element-x-ios/Chatlio.xcodeproj
    
    Using response file: /Users/aadityasingh/Library/Developer/Xcode/DerivedData/Chatlio-erkyzdeecsohoaggpwbjdvavzqfv/Build/Intermediates.noindex/PostHog.build/Debug-iphonesimulator/phlibwebp.build/Objects-normal/arm64/7187679823f38a2a940e0043cdf9d637-common-args.resp
    
    /Applications/Xcode.app/Contents/Developer/Toolchains/XcodeDefault.xctoolchain/usr/bin/clang -x c -ivfsstatcache /Users/aadityasingh/Library/Developer/Xcode/DerivedData/SDKStatCaches.noindex/iphonesimulator26.4-23E252-686eebb5dc1d8ecb277353a59184f4aa.sdkstatcache -target arm64-apple-ios13.0-simulator -fmessage-length\=0 -fdiagnostics-show-note-include-stack -fmacro-backtrace-limit\=0 -fno-color-diagnostics -fmodules-prune-interval\=86400 -fmodules-prune-after\=345600 -fbuild-session-file\=/Users/aadityasingh/Library/Developer/Xcode/DerivedData/ModuleCache.noindex/Session.modulevalidation -fmodules-validate-once-per-build-session -Wnon-modular-include-in-framework-module -Werror\=non-modular-include-in-framework-module -Wno-trigraphs -Wno-missing-field-initializers -Wno-missing-prototypes -Wno-return-type -Wno-missing-braces -Wparentheses -Wswitch -Wno-unused-function -Wno-unused-label -Wno-unused-parameter -Wno-unused-variable -Wunused-value -Wno-empty-body -Wno-uninitialized -Wno-unknown-pragmas -w -Wno-shadow -Wno-four-char-constants -Wno-conversion -Wno-constant-conversion -Wno-int-conversion -Wno-bool-conversion -Wno-enum-conversion -Wno-float-conversion -Wno-non-literal-null-conversion -Wno-objc-literal-conversion -Wshorten-64-to-32 -Wpointer-sign -Wno-newline-eof -Wno-implicit-fallthrough -isysroot /Applications/Xcode.app/Contents/Developer/Platforms/iPhoneSimulator.platform/Developer/SDKs/iPhoneSimulator26.4.sdk -fstrict-aliasing -Wdeprecated-declarations -Wno-sign-conversion -Wno-infinite-recursion -Wno-comma -Wno-block-capture-autoreleasing -Wno-strict-prototypes -Wno-semicolon-before-method-body -index-store-path /Users/aadityasingh/Library/Developer/Xcode/DerivedData/Chatlio-erkyzdeecsohoaggpwbjdvavzqfv/Index.noindex/DataStore @/Users/aadityasingh/Library/Developer/Xcode/DerivedData/Chatlio-erkyzdeecsohoaggpwbjdvavzqfv/Build/Intermediates.noindex/PostHog.build/Debug-iphonesimulator/phlibwebp.build/Objects-normal/arm64/7187679823f38a2a940e0043cdf9d637-common-args.resp -MMD -MT dependencies -MF /Users/aadityasingh/Library/Developer/Xcode/DerivedData/Chatlio-erkyzdeecsohoaggpwbjdvavzqfv/Build/Intermediates.noindex/PostHog.build/Debug-iphonesimulator/phlibwebp.build/Objects-normal/arm64/alpha_processing_neon.d --serialize-diagnostics /Users/aadityasingh/Library/Developer/Xcode/DerivedData/Chatlio-erkyzdeecsohoaggpwbjdvavzqfv/Build/Intermediates.noindex/PostHog.build/Debug-iphonesimulator/phlibwebp.build/Objects-normal/arm64/alpha_processing_neon.dia -c /Users/aadityasingh/Library/Developer/Xcode/DerivedData/Chatlio-erkyzdeecsohoaggpwbjdvavzqfv/SourcePackages/checkouts/posthog-ios/vendor/libwebp/alpha_processing_neon.c -o /Users/aadityasingh/Library/Developer/Xcode/DerivedData/Chatlio-erkyzdeecsohoaggpwbjdvavzqfv/Build/Intermediates.noindex/PostHog.build/Debug-iphonesimulator/phlibwebp.build/Objects-normal/arm64/alpha_processing_neon.o -index-unit-output-path /PostHog.build/Debug-iphonesimulator/phlibwebp.build/Objects-normal/arm64/alpha_processing_neon.o

SwiftExplicitDependencyGeneratePcm arm64 /Users/aadityasingh/Library/Developer/Xcode/DerivedData/ModuleCache.noindex/_Builtin_stdint-5GL0X79T9ZNH1L0DY7Y7JMYK.pcm

SwiftExplicitDependencyGeneratePcm arm64 /Users/aadityasingh/Library/Developer/Xcode/DerivedData/ModuleCache.noindex/sys_types-A221YHB0S2D15BDSB2ALGZFF7.pcm

CompileC /Users/aadityasingh/Library/Developer/Xcode/DerivedData/Chatlio-erkyzdeecsohoaggpwbjdvavzqfv/Build/Intermediates.noindex/PostHog.build/Debug-iphonesimulator/phlibwebp.build/Objects-normal/arm64/alpha_processing.o /Users/aadityasingh/Library/Developer/Xcode/DerivedData/Chatlio-erkyzdeecsohoaggpwbjdvavzqfv/SourcePackages/checkouts/posthog-ios/vendor/libwebp/alpha_processing.c normal arm64 c com.apple.compilers.llvm.clang.1_0.compiler (in target 'phlibwebp' from project 'PostHog')
    cd /Users/aadityasingh/Documents/Development/element-x-ios/Chatlio.xcodeproj
    
    Using response file: /Users/aadityasingh/Library/Developer/Xcode/DerivedData/Chatlio-erkyzdeecsohoaggpwbjdvavzqfv/Build/Intermediates.noindex/PostHog.build/Debug-iphonesimulator/phlibwebp.build/Objects-normal/arm64/7187679823f38a2a940e0043cdf9d637-common-args.resp
    
    /Applications/Xcode.app/Contents/Developer/Toolchains/XcodeDefault.xctoolchain/usr/bin/clang -x c -ivfsstatcache /Users/aadityasingh/Library/Developer/Xcode/DerivedData/SDKStatCaches.noindex/iphonesimulator26.4-23E252-686eebb5dc1d8ecb277353a59184f4aa.sdkstatcache -target arm64-apple-ios13.0-simulator -fmessage-length\=0 -fdiagnostics-show-note-include-stack -fmacro-backtrace-limit\=0 -fno-color-diagnostics -fmodules-prune-interval\=86400 -fmodules-prune-after\=345600 -fbuild-session-file\=/Users/aadityasingh/Library/Developer/Xcode/DerivedData/ModuleCache.noindex/Session.modulevalidation -fmodules-validate-once-per-build-session -Wnon-modular-include-in-framework-module -Werror\=non-modular-include-in-framework-module -Wno-trigraphs -Wno-missing-field-initializers -Wno-missing-prototypes -Wno-return-type -Wno-missing-braces -Wparentheses -Wswitch -Wno-unused-function -Wno-unused-label -Wno-unused-parameter -Wno-unused-variable -Wunused-value -Wno-empty-body -Wno-uninitialized -Wno-unknown-pragmas -w -Wno-shadow -Wno-four-char-constants -Wno-conversion -Wno-constant-conversion -Wno-int-conversion -Wno-bool-conversion -Wno-enum-conversion -Wno-float-conversion -Wno-non-literal-null-conversion -Wno-objc-literal-conversion -Wshorten-64-to-32 -Wpointer-sign -Wno-newline-eof -Wno-implicit-fallthrough -isysroot /Applications/Xcode.app/Contents/Developer/Platforms/iPhoneSimulator.platform/Developer/SDKs/iPhoneSimulator26.4.sdk -fstrict-aliasing -Wdeprecated-declarations -Wno-sign-conversion -Wno-infinite-recursion -Wno-comma -Wno-block-capture-autoreleasing -Wno-strict-prototypes -Wno-semicolon-before-method-body -index-store-path /Users/aadityasingh/Library/Developer/Xcode/DerivedData/Chatlio-erkyzdeecsohoaggpwbjdvavzqfv/Index.noindex/DataStore @/Users/aadityasingh/Library/Developer/Xcode/DerivedData/Chatlio-erkyzdeecsohoaggpwbjdvavzqfv/Build/Intermediates.noindex/PostHog.build/Debug-iphonesimulator/phlibwebp.build/Objects-normal/arm64/7187679823f38a2a940e0043cdf9d637-common-args.resp -MMD -MT dependencies -MF /Users/aadityasingh/Library/Developer/Xcode/DerivedData/Chatlio-erkyzdeecsohoaggpwbjdvavzqfv/Build/Intermediates.noindex/PostHog.build/Debug-iphonesimulator/phlibwebp.build/Objects-normal/arm64/alpha_processing.d --serialize-diagnostics /Users/aadityasingh/Library/Developer/Xcode/DerivedData/Chatlio-erkyzdeecsohoaggpwbjdvavzqfv/Build/Intermediates.noindex/PostHog.build/Debug-iphonesimulator/phlibwebp.build/Objects-normal/arm64/alpha_processing.dia -c /Users/aadityasingh/Library/Developer/Xcode/DerivedData/Chatlio-erkyzdeecsohoaggpwbjdvavzqfv/SourcePackages/checkouts/posthog-ios/vendor/libwebp/alpha_processing.c -o /Users/aadityasingh/Library/Developer/Xcode/DerivedData/Chatlio-erkyzdeecsohoaggpwbjdvavzqfv/Build/Intermediates.noindex/PostHog.build/Debug-iphonesimulator/phlibwebp.build/Objects-normal/arm64/alpha_processing.o -index-unit-output-path /PostHog.build/Debug-iphonesimulator/phlibwebp.build/Objects-normal/arm64/alpha_processing.o

CompileC /Users/aadityasingh/Library/Developer/Xcode/DerivedData/Chatlio-erkyzdeecsohoaggpwbjdvavzqfv/Build/Intermediates.noindex/PostHog.build/Debug-iphonesimulator/phlibwebp.build/Objects-normal/arm64/alpha_enc.o /Users/aadityasingh/Library/Developer/Xcode/DerivedData/Chatlio-erkyzdeecsohoaggpwbjdvavzqfv/SourcePackages/checkouts/posthog-ios/vendor/libwebp/alpha_enc.c normal arm64 c com.apple.compilers.llvm.clang.1_0.compiler (in target 'phlibwebp' from project 'PostHog')
    cd /Users/aadityasingh/Documents/Development/element-x-ios/Chatlio.xcodeproj
    
    Using response file: /Users/aadityasingh/Library/Developer/Xcode/DerivedData/Chatlio-erkyzdeecsohoaggpwbjdvavzqfv/Build/Intermediates.noindex/PostHog.build/Debug-iphonesimulator/phlibwebp.build/Objects-normal/arm64/7187679823f38a2a940e0043cdf9d637-common-args.resp
    
    /Applications/Xcode.app/Contents/Developer/Toolchains/XcodeDefault.xctoolchain/usr/bin/clang -x c -ivfsstatcache /Users/aadityasingh/Library/Developer/Xcode/DerivedData/SDKStatCaches.noindex/iphonesimulator26.4-23E252-686eebb5dc1d8ecb277353a59184f4aa.sdkstatcache -target arm64-apple-ios13.0-simulator -fmessage-length\=0 -fdiagnostics-show-note-include-stack -fmacro-backtrace-limit\=0 -fno-color-diagnostics -fmodules-prune-interval\=86400 -fmodules-prune-after\=345600 -fbuild-session-file\=/Users/aadityasingh/Library/Developer/Xcode/DerivedData/ModuleCache.noindex/Session.modulevalidation -fmodules-validate-once-per-build-session -Wnon-modular-include-in-framework-module -Werror\=non-modular-include-in-framework-module -Wno-trigraphs -Wno-missing-field-initializers -Wno-missing-prototypes -Wno-return-type -Wno-missing-braces -Wparentheses -Wswitch -Wno-unused-function -Wno-unused-label -Wno-unused-parameter -Wno-unused-variable -Wunused-value -Wno-empty-body -Wno-uninitialized -Wno-unknown-pragmas -w -Wno-shadow -Wno-four-char-constants -Wno-conversion -Wno-constant-conversion -Wno-int-conversion -Wno-bool-conversion -Wno-enum-conversion -Wno-float-conversion -Wno-non-literal-null-conversion -Wno-objc-literal-conversion -Wshorten-64-to-32 -Wpointer-sign -Wno-newline-eof -Wno-implicit-fallthrough -isysroot /Applications/Xcode.app/Contents/Developer/Platforms/iPhoneSimulator.platform/Developer/SDKs/iPhoneSimulator26.4.sdk -fstrict-aliasing -Wdeprecated-declarations -Wno-sign-conversion -Wno-infinite-recursion -Wno-comma -Wno-block-capture-autoreleasing -Wno-strict-prototypes -Wno-semicolon-before-method-body -index-store-path /Users/aadityasingh/Library/Developer/Xcode/DerivedData/Chatlio-erkyzdeecsohoaggpwbjdvavzqfv/Index.noindex/DataStore @/Users/aadityasingh/Library/Developer/Xcode/DerivedData/Chatlio-erkyzdeecsohoaggpwbjdvavzqfv/Build/Intermediates.noindex/PostHog.build/Debug-iphonesimulator/phlibwebp.build/Objects-normal/arm64/7187679823f38a2a940e0043cdf9d637-common-args.resp -MMD -MT dependencies -MF /Users/aadityasingh/Library/Developer/Xcode/DerivedData/Chatlio-erkyzdeecsohoaggpwbjdvavzqfv/Build/Intermediates.noindex/PostHog.build/Debug-iphonesimulator/phlibwebp.build/Objects-normal/arm64/alpha_enc.d --serialize-diagnostics /Users/aadityasingh/Library/Developer/Xcode/DerivedData/Chatlio-erkyzdeecsohoaggpwbjdvavzqfv/Build/Intermediates.noindex/PostHog.build/Debug-iphonesimulator/phlibwebp.build/Objects-normal/arm64/alpha_enc.dia -c /Users/aadityasingh/Library/Developer/Xcode/DerivedData/Chatlio-erkyzdeecsohoaggpwbjdvavzqfv/SourcePackages/checkouts/posthog-ios/vendor/libwebp/alpha_enc.c -o /Users/aadityasingh/Library/Developer/Xcode/DerivedData/Chatlio-erkyzdeecsohoaggpwbjdvavzqfv/Build/Intermediates.noindex/PostHog.build/Debug-iphonesimulator/phlibwebp.build/Objects-normal/arm64/alpha_enc.o -index-unit-output-path /PostHog.build/Debug-iphonesimulator/phlibwebp.build/Objects-normal/arm64/alpha_enc.o

PrecompileModule /Users/aadityasingh/Library/Developer/Xcode/DerivedData/Chatlio-erkyzdeecsohoaggpwbjdvavzqfv/Build/Intermediates.noindex/ExplicitPrecompiledModules/_Builtin_stdarg-56RHKXYQEVISDO6IHWVT1I7WT.scan
    cd /
    builtin-precompileModule /Users/aadityasingh/Library/Developer/Xcode/DerivedData/Chatlio-erkyzdeecsohoaggpwbjdvavzqfv/Build/Intermediates.noindex/ExplicitPrecompiledModules/_Builtin_stdarg-56RHKXYQEVISDO6IHWVT1I7WT.scan

PrecompileModule /Users/aadityasingh/Library/Developer/Xcode/DerivedData/Chatlio-erkyzdeecsohoaggpwbjdvavzqfv/Build/Intermediates.noindex/ExplicitPrecompiledModules/ptrcheck-6HRQC6GK1BUP3JZ81B2V9MSAM.scan
    cd /
    builtin-precompileModule /Users/aadityasingh/Library/Developer/Xcode/DerivedData/Chatlio-erkyzdeecsohoaggpwbjdvavzqfv/Build/Intermediates.noindex/ExplicitPrecompiledModules/ptrcheck-6HRQC6GK1BUP3JZ81B2V9MSAM.scan

PrecompileModule /Users/aadityasingh/Library/Developer/Xcode/DerivedData/Chatlio-erkyzdeecsohoaggpwbjdvavzqfv/Build/Intermediates.noindex/ExplicitPrecompiledModules/_Builtin_stdbool-7B3O89I1DPKGXIYIXDTGNCB0O.scan
    cd /
    builtin-precompileModule /Users/aadityasingh/Library/Developer/Xcode/DerivedData/Chatlio-erkyzdeecsohoaggpwbjdvavzqfv/Build/Intermediates.noindex/ExplicitPrecompiledModules/_Builtin_stdbool-7B3O89I1DPKGXIYIXDTGNCB0O.scan

PrecompileModule /Users/aadityasingh/Library/Developer/Xcode/DerivedData/Chatlio-erkyzdeecsohoaggpwbjdvavzqfv/Build/Intermediates.noindex/ExplicitPrecompiledModules/_Builtin_stddef-DP7U3F9HPWCJ372JPSBTXNPTN.scan
    cd /
    builtin-precompileModule /Users/aadityasingh/Library/Developer/Xcode/DerivedData/Chatlio-erkyzdeecsohoaggpwbjdvavzqfv/Build/Intermediates.noindex/ExplicitPrecompiledModules/_Builtin_stddef-DP7U3F9HPWCJ372JPSBTXNPTN.scan

PrecompileModule /Users/aadityasingh/Library/Developer/Xcode/DerivedData/Chatlio-erkyzdeecsohoaggpwbjdvavzqfv/Build/Intermediates.noindex/ExplicitPrecompiledModules/_Builtin_stdarg-DQQSNJHCYBZVLNL6FMSEM4MHA.scan
    cd /
    builtin-precompileModule /Users/aadityasingh/Library/Developer/Xcode/DerivedData/Chatlio-erkyzdeecsohoaggpwbjdvavzqfv/Build/Intermediates.noindex/ExplicitPrecompiledModules/_Builtin_stdarg-DQQSNJHCYBZVLNL6FMSEM4MHA.scan

PrecompileModule /Users/aadityasingh/Library/Developer/Xcode/DerivedData/Chatlio-erkyzdeecsohoaggpwbjdvavzqfv/Build/Intermediates.noindex/ExplicitPrecompiledModules/ptrcheck-1DLAL0GZYESVLEDOYCRHNFYI9.scan
    cd /
    builtin-precompileModule /Users/aadityasingh/Library/Developer/Xcode/DerivedData/Chatlio-erkyzdeecsohoaggpwbjdvavzqfv/Build/Intermediates.noindex/ExplicitPrecompiledModules/ptrcheck-1DLAL0GZYESVLEDOYCRHNFYI9.scan

PrecompileModule /Users/aadityasingh/Library/Developer/Xcode/DerivedData/Chatlio-erkyzdeecsohoaggpwbjdvavzqfv/Build/Intermediates.noindex/ExplicitPrecompiledModules/_AvailabilityInternal-EG4TLRGLYB3JESRDV3UYPI0WN.scan
    cd /
    builtin-precompileModule /Users/aadityasingh/Library/Developer/Xcode/DerivedData/Chatlio-erkyzdeecsohoaggpwbjdvavzqfv/Build/Intermediates.noindex/ExplicitPrecompiledModules/_AvailabilityInternal-EG4TLRGLYB3JESRDV3UYPI0WN.scan

SwiftExplicitDependencyGeneratePcm x86_64 /Users/aadityasingh/Library/Developer/Xcode/DerivedData/ModuleCache.noindex/_DarwinFoundation3-74MBBEBGWIMBHCQP5KRI5KYF8.pcm

PrecompileModule /Users/aadityasingh/Library/Developer/Xcode/DerivedData/Chatlio-erkyzdeecsohoaggpwbjdvavzqfv/Build/Intermediates.noindex/ExplicitPrecompiledModules/_Builtin_stddef-6RA4UK7LZCGRU9BLUF8BQNG16.scan
    cd /
    builtin-precompileModule /Users/aadityasingh/Library/Developer/Xcode/DerivedData/Chatlio-erkyzdeecsohoaggpwbjdvavzqfv/Build/Intermediates.noindex/ExplicitPrecompiledModules/_Builtin_stddef-6RA4UK7LZCGRU9BLUF8BQNG16.scan

PrecompileModule /Users/aadityasingh/Library/Developer/Xcode/DerivedData/Chatlio-erkyzdeecsohoaggpwbjdvavzqfv/Build/Intermediates.noindex/ExplicitPrecompiledModules/_AvailabilityInternal-AOP8FECOUWS0V67X3IJ5TS4R5.scan
    cd /
    builtin-precompileModule /Users/aadityasingh/Library/Developer/Xcode/DerivedData/Chatlio-erkyzdeecsohoaggpwbjdvavzqfv/Build/Intermediates.noindex/ExplicitPrecompiledModules/_AvailabilityInternal-AOP8FECOUWS0V67X3IJ5TS4R5.scan

PrecompileModule /Users/aadityasingh/Library/Developer/Xcode/DerivedData/Chatlio-erkyzdeecsohoaggpwbjdvavzqfv/Build/Intermediates.noindex/ExplicitPrecompiledModules/_Builtin_stdbool-9NII1LT7338QG2UCD7L6370GE.scan
    cd /
    builtin-precompileModule /Users/aadityasingh/Library/Developer/Xcode/DerivedData/Chatlio-erkyzdeecsohoaggpwbjdvavzqfv/Build/Intermediates.noindex/ExplicitPrecompiledModules/_Builtin_stdbool-9NII1LT7338QG2UCD7L6370GE.scan

SwiftDriver SwiftOGG normal x86_64 com.apple.xcode.tools.swift.compiler (in target 'SwiftOGG' from project 'SwiftOGG')
    cd /Users/aadityasingh/Documents/Development/element-x-ios/Chatlio.xcodeproj
    builtin-SwiftDriver -- /Applications/Xcode.app/Contents/Developer/Toolchains/XcodeDefault.xctoolchain/usr/bin/swiftc -module-name SwiftOGG -Onone @/Users/aadityasingh/Library/Developer/Xcode/DerivedData/Chatlio-erkyzdeecsohoaggpwbjdvavzqfv/Build/Intermediates.noindex/SwiftOGG.build/Debug-iphonesimulator/SwiftOGG.build/Objects-normal/x86_64/SwiftOGG.SwiftFileList -DSWIFT_PACKAGE -DDEBUG -DSWIFT_MODULE_RESOURCE_BUNDLE_UNAVAILABLE -DXcode -plugin-path /Applications/Xcode.app/Contents/Developer/Toolchains/XcodeDefault.xctoolchain/usr/lib/swift/host/plugins/testing -enable-experimental-feature DebugDescriptionMacro -sdk /Applications/Xcode.app/Contents/Developer/Platforms/iPhoneSimulator.platform/Developer/SDKs/iPhoneSimulator26.4.sdk -target x86_64-apple-ios12.0-simulator -g -module-cache-path /Users/aadityasingh/Library/Developer/Xcode/DerivedData/ModuleCache.noindex -Xfrontend -serialize-debugging-options -profile-coverage-mapping -profile-generate -enable-testing -suppress-warnings -index-store-path /Users/aadityasingh/Library/Developer/Xcode/DerivedData/Chatlio-erkyzdeecsohoaggpwbjdvavzqfv/Index.noindex/DataStore -Xcc -D_LIBCPP_HARDENING_MODE\=_LIBCPP_HARDENING_MODE_DEBUG -swift-version 5 -I /Users/aadityasingh/Library/Developer/Xcode/DerivedData/Chatlio-erkyzdeecsohoaggpwbjdvavzqfv/Build/Products/Debug-iphonesimulator -Isystem /Applications/Xcode.app/Contents/Developer/Platforms/iPhoneSimulator.platform/Developer/usr/lib -F /Users/aadityasingh/Library/Developer/Xcode/DerivedData/Chatlio-erkyzdeecsohoaggpwbjdvavzqfv/Build/Products/Debug-iphonesimulator/PackageFrameworks -F /Users/aadityasingh/Library/Developer/Xcode/DerivedData/Chatlio-erkyzdeecsohoaggpwbjdvavzqfv/Build/Products/Debug-iphonesimulator -F /Applications/Xcode.app/Contents/Developer/Platforms/iPhoneSimulator.platform/Developer/Library/Frameworks -F /Applications/Xcode.app/Contents/Developer/Platforms/iPhoneSimulator.platform/Developer/SDKs/iPhoneSimulator26.4.sdk/Developer/Library/Frameworks -c -j12 -enable-batch-mode -incremental -Xcc -ivfsstatcache -Xcc /Users/aadityasingh/Library/Developer/Xcode/DerivedData/SDKStatCaches.noindex/iphonesimulator26.4-23E252-686eebb5dc1d8ecb277353a59184f4aa.sdkstatcache -output-file-map /Users/aadityasingh/Library/Developer/Xcode/DerivedData/Chatlio-erkyzdeecsohoaggpwbjdvavzqfv/Build/Intermediates.noindex/SwiftOGG.build/Debug-iphonesimulator/SwiftOGG.build/Objects-normal/x86_64/SwiftOGG-OutputFileMap.json -use-frontend-parseable-output -save-temps -no-color-diagnostics -explicit-module-build -module-cache-path /Users/aadityasingh/Library/Developer/Xcode/DerivedData/Chatlio-erkyzdeecsohoaggpwbjdvavzqfv/Build/Intermediates.noindex/SwiftExplicitPrecompiledModules -clang-scanner-module-cache-path /Users/aadityasingh/Library/Developer/Xcode/DerivedData/ModuleCache.noindex -sdk-module-cache-path /Users/aadityasingh/Library/Developer/Xcode/DerivedData/ModuleCache.noindex -serialize-diagnostics -emit-dependencies -emit-module -emit-module-path /Users/aadityasingh/Library/Developer/Xcode/DerivedData/Chatlio-erkyzdeecsohoaggpwbjdvavzqfv/Build/Intermediates.noindex/SwiftOGG.build/Debug-iphonesimulator/SwiftOGG.build/Objects-normal/x86_64/SwiftOGG.swiftmodule -validate-clang-modules-once -clang-build-session-file /Users/aadityasingh/Library/Developer/Xcode/DerivedData/ModuleCache.noindex/Session.modulevalidation -Xcc -I/Users/aadityasingh/Library/Developer/Xcode/DerivedData/Chatlio-erkyzdeecsohoaggpwbjdvavzqfv/Build/Intermediates.noindex/SwiftOGG.build/Debug-iphonesimulator/SwiftOGG.build/swift-overrides.hmap -emit-const-values -Xfrontend -const-gather-protocols-file -Xfrontend /Users/aadityasingh/Library/Developer/Xcode/DerivedData/Chatlio-erkyzdeecsohoaggpwbjdvavzqfv/Build/Intermediates.noindex/SwiftOGG.build/Debug-iphonesimulator/SwiftOGG.build/Objects-normal/x86_64/SwiftOGG_const_extract_protocols.json -Xcc -I/Users/aadityasingh/Library/Developer/Xcode/DerivedData/Chatlio-erkyzdeecsohoaggpwbjdvavzqfv/SourcePackages/checkouts/swift-ogg/Sources/SupportingFiles/Dependencies/Copustools/include -Xcc -I/Users/aadityasingh/Library/Developer/Xcode/DerivedData/Chatlio-erkyzdeecsohoaggpwbjdvavzqfv/Build/Products/Debug-iphonesimulator/include -Xcc -I/Users/aadityasingh/Library/Developer/Xcode/DerivedData/Chatlio-erkyzdeecsohoaggpwbjdvavzqfv/Build/Intermediates.noindex/SwiftOGG.build/Debug-iphonesimulator/SwiftOGG.build/DerivedSources-normal/x86_64 -Xcc -I/Users/aadityasingh/Library/Developer/Xcode/DerivedData/Chatlio-erkyzdeecsohoaggpwbjdvavzqfv/Build/Intermediates.noindex/SwiftOGG.build/Debug-iphonesimulator/SwiftOGG.build/DerivedSources/x86_64 -Xcc -I/Users/aadityasingh/Library/Developer/Xcode/DerivedData/Chatlio-erkyzdeecsohoaggpwbjdvavzqfv/Build/Intermediates.noindex/SwiftOGG.build/Debug-iphonesimulator/SwiftOGG.build/DerivedSources -Xcc -DSWIFT_PACKAGE -Xcc -DDEBUG\=1 -emit-objc-header -emit-objc-header-path /Users/aadityasingh/Library/Developer/Xcode/DerivedData/Chatlio-erkyzdeecsohoaggpwbjdvavzqfv/Build/Intermediates.noindex/SwiftOGG.build/Debug-iphonesimulator/SwiftOGG.build/Objects-normal/x86_64/SwiftOGG-Swift.h -working-directory /Users/aadityasingh/Documents/Development/element-x-ios/Chatlio.xcodeproj -experimental-emit-module-separately -disable-cmo

SwiftDriver SwiftOGG normal arm64 com.apple.xcode.tools.swift.compiler (in target 'SwiftOGG' from project 'SwiftOGG')
    cd /Users/aadityasingh/Documents/Development/element-x-ios/Chatlio.xcodeproj
    builtin-SwiftDriver -- /Applications/Xcode.app/Contents/Developer/Toolchains/XcodeDefault.xctoolchain/usr/bin/swiftc -module-name SwiftOGG -Onone @/Users/aadityasingh/Library/Developer/Xcode/DerivedData/Chatlio-erkyzdeecsohoaggpwbjdvavzqfv/Build/Intermediates.noindex/SwiftOGG.build/Debug-iphonesimulator/SwiftOGG.build/Objects-normal/arm64/SwiftOGG.SwiftFileList -DSWIFT_PACKAGE -DDEBUG -DSWIFT_MODULE_RESOURCE_BUNDLE_UNAVAILABLE -DXcode -plugin-path /Applications/Xcode.app/Contents/Developer/Toolchains/XcodeDefault.xctoolchain/usr/lib/swift/host/plugins/testing -enable-experimental-feature DebugDescriptionMacro -sdk /Applications/Xcode.app/Contents/Developer/Platforms/iPhoneSimulator.platform/Developer/SDKs/iPhoneSimulator26.4.sdk -target arm64-apple-ios12.0-simulator -g -module-cache-path /Users/aadityasingh/Library/Developer/Xcode/DerivedData/ModuleCache.noindex -Xfrontend -serialize-debugging-options -profile-coverage-mapping -profile-generate -enable-testing -suppress-warnings -index-store-path /Users/aadityasingh/Library/Developer/Xcode/DerivedData/Chatlio-erkyzdeecsohoaggpwbjdvavzqfv/Index.noindex/DataStore -Xcc -D_LIBCPP_HARDENING_MODE\=_LIBCPP_HARDENING_MODE_DEBUG -swift-version 5 -I /Users/aadityasingh/Library/Developer/Xcode/DerivedData/Chatlio-erkyzdeecsohoaggpwbjdvavzqfv/Build/Products/Debug-iphonesimulator -Isystem /Applications/Xcode.app/Contents/Developer/Platforms/iPhoneSimulator.platform/Developer/usr/lib -F /Users/aadityasingh/Library/Developer/Xcode/DerivedData/Chatlio-erkyzdeecsohoaggpwbjdvavzqfv/Build/Products/Debug-iphonesimulator/PackageFrameworks -F /Users/aadityasingh/Library/Developer/Xcode/DerivedData/Chatlio-erkyzdeecsohoaggpwbjdvavzqfv/Build/Products/Debug-iphonesimulator -F /Applications/Xcode.app/Contents/Developer/Platforms/iPhoneSimulator.platform/Developer/Library/Frameworks -F /Applications/Xcode.app/Contents/Developer/Platforms/iPhoneSimulator.platform/Developer/SDKs/iPhoneSimulator26.4.sdk/Developer/Library/Frameworks -c -j12 -enable-batch-mode -incremental -Xcc -ivfsstatcache -Xcc /Users/aadityasingh/Library/Developer/Xcode/DerivedData/SDKStatCaches.noindex/iphonesimulator26.4-23E252-686eebb5dc1d8ecb277353a59184f4aa.sdkstatcache -output-file-map /Users/aadityasingh/Library/Developer/Xcode/DerivedData/Chatlio-erkyzdeecsohoaggpwbjdvavzqfv/Build/Intermediates.noindex/SwiftOGG.build/Debug-iphonesimulator/SwiftOGG.build/Objects-normal/arm64/SwiftOGG-OutputFileMap.json -use-frontend-parseable-output -save-temps -no-color-diagnostics -explicit-module-build -module-cache-path /Users/aadityasingh/Library/Developer/Xcode/DerivedData/Chatlio-erkyzdeecsohoaggpwbjdvavzqfv/Build/Intermediates.noindex/SwiftExplicitPrecompiledModules -clang-scanner-module-cache-path /Users/aadityasingh/Library/Developer/Xcode/DerivedData/ModuleCache.noindex -sdk-module-cache-path /Users/aadityasingh/Library/Developer/Xcode/DerivedData/ModuleCache.noindex -serialize-diagnostics -emit-dependencies -emit-module -emit-module-path /Users/aadityasingh/Library/Developer/Xcode/DerivedData/Chatlio-erkyzdeecsohoaggpwbjdvavzqfv/Build/Intermediates.noindex/SwiftOGG.build/Debug-iphonesimulator/SwiftOGG.build/Objects-normal/arm64/SwiftOGG.swiftmodule -validate-clang-modules-once -clang-build-session-file /Users/aadityasingh/Library/Developer/Xcode/DerivedData/ModuleCache.noindex/Session.modulevalidation -Xcc -I/Users/aadityasingh/Library/Developer/Xcode/DerivedData/Chatlio-erkyzdeecsohoaggpwbjdvavzqfv/Build/Intermediates.noindex/SwiftOGG.build/Debug-iphonesimulator/SwiftOGG.build/swift-overrides.hmap -emit-const-values -Xfrontend -const-gather-protocols-file -Xfrontend /Users/aadityasingh/Library/Developer/Xcode/DerivedData/Chatlio-erkyzdeecsohoaggpwbjdvavzqfv/Build/Intermediates.noindex/SwiftOGG.build/Debug-iphonesimulator/SwiftOGG.build/Objects-normal/arm64/SwiftOGG_const_extract_protocols.json -Xcc -I/Users/aadityasingh/Library/Developer/Xcode/DerivedData/Chatlio-erkyzdeecsohoaggpwbjdvavzqfv/SourcePackages/checkouts/swift-ogg/Sources/SupportingFiles/Dependencies/Copustools/include -Xcc -I/Users/aadityasingh/Library/Developer/Xcode/DerivedData/Chatlio-erkyzdeecsohoaggpwbjdvavzqfv/Build/Products/Debug-iphonesimulator/include -Xcc -I/Users/aadityasingh/Library/Developer/Xcode/DerivedData/Chatlio-erkyzdeecsohoaggpwbjdvavzqfv/Build/Intermediates.noindex/SwiftOGG.build/Debug-iphonesimulator/SwiftOGG.build/DerivedSources-normal/arm64 -Xcc -I/Users/aadityasingh/Library/Developer/Xcode/DerivedData/Chatlio-erkyzdeecsohoaggpwbjdvavzqfv/Build/Intermediates.noindex/SwiftOGG.build/Debug-iphonesimulator/SwiftOGG.build/DerivedSources/arm64 -Xcc -I/Users/aadityasingh/Library/Developer/Xcode/DerivedData/Chatlio-erkyzdeecsohoaggpwbjdvavzqfv/Build/Intermediates.noindex/SwiftOGG.build/Debug-iphonesimulator/SwiftOGG.build/DerivedSources -Xcc -DSWIFT_PACKAGE -Xcc -DDEBUG\=1 -emit-objc-header -emit-objc-header-path /Users/aadityasingh/Library/Developer/Xcode/DerivedData/Chatlio-erkyzdeecsohoaggpwbjdvavzqfv/Build/Intermediates.noindex/SwiftOGG.build/Debug-iphonesimulator/SwiftOGG.build/Objects-normal/arm64/SwiftOGG-Swift.h -working-directory /Users/aadityasingh/Documents/Development/element-x-ios/Chatlio.xcodeproj -experimental-emit-module-separately -disable-cmo

PrecompileModule /Users/aadityasingh/Library/Developer/Xcode/DerivedData/Chatlio-erkyzdeecsohoaggpwbjdvavzqfv/Build/Intermediates.noindex/ExplicitPrecompiledModules/_DarwinFoundation1-144JBO8GVSOCPW5QWOEQMYWYX.scan
    cd /
    builtin-precompileModule /Users/aadityasingh/Library/Developer/Xcode/DerivedData/Chatlio-erkyzdeecsohoaggpwbjdvavzqfv/Build/Intermediates.noindex/ExplicitPrecompiledModules/_DarwinFoundation1-144JBO8GVSOCPW5QWOEQMYWYX.scan

RegisterExecutionPolicyException /Users/aadityasingh/Library/Developer/Xcode/DerivedData/Chatlio-erkyzdeecsohoaggpwbjdvavzqfv/Build/Products/Debug-iphonesimulator/_NumericsShims.o (in target '_NumericsShims' from project 'swift-numerics')
    cd /Users/aadityasingh/Library/Developer/Xcode/DerivedData/Chatlio-erkyzdeecsohoaggpwbjdvavzqfv/SourcePackages/checkouts/swift-numerics
    builtin-RegisterExecutionPolicyException /Users/aadityasingh/Library/Developer/Xcode/DerivedData/Chatlio-erkyzdeecsohoaggpwbjdvavzqfv/Build/Products/Debug-iphonesimulator/_NumericsShims.o

SwiftDriver SentrySwiftUI normal arm64 com.apple.xcode.tools.swift.compiler (in target 'SentrySwiftUI' from project 'Sentry')
    cd /Users/aadityasingh/Documents/Development/element-x-ios/Chatlio.xcodeproj
    builtin-SwiftDriver -- /Applications/Xcode.app/Contents/Developer/Toolchains/XcodeDefault.xctoolchain/usr/bin/swiftc -module-name SentrySwiftUI -Onone @/Users/aadityasingh/Library/Developer/Xcode/DerivedData/Chatlio-erkyzdeecsohoaggpwbjdvavzqfv/Build/Intermediates.noindex/Sentry.build/Debug-iphonesimulator/SentrySwiftUI.build/Objects-normal/arm64/SentrySwiftUI.SwiftFileList -DSWIFT_PACKAGE -DDEBUG -DSWIFT_MODULE_RESOURCE_BUNDLE_UNAVAILABLE -Xcc -fmodule-map-file\=/Users/aadityasingh/Library/Developer/Xcode/DerivedData/Chatlio-erkyzdeecsohoaggpwbjdvavzqfv/Build/Intermediates.noindex/GeneratedModuleMaps-iphonesimulator/SentryInternal.modulemap -DXcode -plugin-path /Applications/Xcode.app/Contents/Developer/Toolchains/XcodeDefault.xctoolchain/usr/lib/swift/host/plugins/testing -enable-experimental-feature DebugDescriptionMacro -sdk /Applications/Xcode.app/Contents/Developer/Platforms/iPhoneSimulator.platform/Developer/SDKs/iPhoneSimulator26.4.sdk -target arm64-apple-ios15.0-simulator -g -module-cache-path /Users/aadityasingh/Library/Developer/Xcode/DerivedData/ModuleCache.noindex -Xfrontend -serialize-debugging-options -profile-coverage-mapping -profile-generate -enable-testing -suppress-warnings -index-store-path /Users/aadityasingh/Library/Developer/Xcode/DerivedData/Chatlio-erkyzdeecsohoaggpwbjdvavzqfv/Index.noindex/DataStore -Xcc -D_LIBCPP_HARDENING_MODE\=_LIBCPP_HARDENING_MODE_DEBUG -swift-version 5 -I /Users/aadityasingh/Library/Developer/Xcode/DerivedData/Chatlio-erkyzdeecsohoaggpwbjdvavzqfv/Build/Products/Debug-iphonesimulator -Isystem /Applications/Xcode.app/Contents/Developer/Platforms/iPhoneSimulator.platform/Developer/usr/lib -F /Users/aadityasingh/Library/Developer/Xcode/DerivedData/Chatlio-erkyzdeecsohoaggpwbjdvavzqfv/Build/Products/Debug-iphonesimulator/PackageFrameworks -F /Users/aadityasingh/Library/Developer/Xcode/DerivedData/Chatlio-erkyzdeecsohoaggpwbjdvavzqfv/Build/Products/Debug-iphonesimulator -F /Applications/Xcode.app/Contents/Developer/Platforms/iPhoneSimulator.platform/Developer/Library/Frameworks -F /Applications/Xcode.app/Contents/Developer/Platforms/iPhoneSimulator.platform/Developer/SDKs/iPhoneSimulator26.4.sdk/Developer/Library/Frameworks -c -j12 -enable-batch-mode -incremental -Xcc -ivfsstatcache -Xcc /Users/aadityasingh/Library/Developer/Xcode/DerivedData/SDKStatCaches.noindex/iphonesimulator26.4-23E252-686eebb5dc1d8ecb277353a59184f4aa.sdkstatcache -output-file-map /Users/aadityasingh/Library/Developer/Xcode/DerivedData/Chatlio-erkyzdeecsohoaggpwbjdvavzqfv/Build/Intermediates.noindex/Sentry.build/Debug-iphonesimulator/SentrySwiftUI.build/Objects-normal/arm64/SentrySwiftUI-OutputFileMap.json -use-frontend-parseable-output -save-temps -no-color-diagnostics -explicit-module-build -module-cache-path /Users/aadityasingh/Library/Developer/Xcode/DerivedData/Chatlio-erkyzdeecsohoaggpwbjdvavzqfv/Build/Intermediates.noindex/SwiftExplicitPrecompiledModules -clang-scanner-module-cache-path /Users/aadityasingh/Library/Developer/Xcode/DerivedData/ModuleCache.noindex -sdk-module-cache-path /Users/aadityasingh/Library/Developer/Xcode/DerivedData/ModuleCache.noindex -serialize-diagnostics -emit-dependencies -emit-module -emit-module-path /Users/aadityasingh/Library/Developer/Xcode/DerivedData/Chatlio-erkyzdeecsohoaggpwbjdvavzqfv/Build/Intermediates.noindex/Sentry.build/Debug-iphonesimulator/SentrySwiftUI.build/Objects-normal/arm64/SentrySwiftUI.swiftmodule -user-module-version 9.2.0 -validate-clang-modules-once -clang-build-session-file /Users/aadityasingh/Library/Developer/Xcode/DerivedData/ModuleCache.noindex/Session.modulevalidation -package-name sentry_cocoa -Xcc -I/Users/aadityasingh/Library/Developer/Xcode/DerivedData/Chatlio-erkyzdeecsohoaggpwbjdvavzqfv/Build/Intermediates.noindex/Sentry.build/Debug-iphonesimulator/SentrySwiftUI.build/swift-overrides.hmap -emit-const-values -Xfrontend -const-gather-protocols-file -Xfrontend /Users/aadityasingh/Library/Developer/Xcode/DerivedData/Chatlio-erkyzdeecsohoaggpwbjdvavzqfv/Build/Intermediates.noindex/Sentry.build/Debug-iphonesimulator/SentrySwiftUI.build/Objects-normal/arm64/SentrySwiftUI_const_extract_protocols.json -Xcc -I/Users/aadityasingh/Library/Developer/Xcode/DerivedData/Chatlio-erkyzdeecsohoaggpwbjdvavzqfv/SourcePackages/checkouts/sentry-cocoa/Sources/SentrySwiftUI/SentryInternal -Xcc -I/Users/aadityasingh/Library/Developer/Xcode/DerivedData/Chatlio-erkyzdeecsohoaggpwbjdvavzqfv/Build/Products/Debug-iphonesimulator/include -Xcc -I/Users/aadityasingh/Library/Developer/Xcode/DerivedData/Chatlio-erkyzdeecsohoaggpwbjdvavzqfv/Build/Intermediates.noindex/Sentry.build/Debug-iphonesimulator/SentrySwiftUI.build/DerivedSources-normal/arm64 -Xcc -I/Users/aadityasingh/Library/Developer/Xcode/DerivedData/Chatlio-erkyzdeecsohoaggpwbjdvavzqfv/Build/Intermediates.noindex/Sentry.build/Debug-iphonesimulator/SentrySwiftUI.build/DerivedSources/arm64 -Xcc -I/Users/aadityasingh/Library/Developer/Xcode/DerivedData/Chatlio-erkyzdeecsohoaggpwbjdvavzqfv/Build/Intermediates.noindex/Sentry.build/Debug-iphonesimulator/SentrySwiftUI.build/DerivedSources -Xcc -DSWIFT_PACKAGE -Xcc -DDEBUG\=1 -emit-objc-header -emit-objc-header-path /Users/aadityasingh/Library/Developer/Xcode/DerivedData/Chatlio-erkyzdeecsohoaggpwbjdvavzqfv/Build/Intermediates.noindex/Sentry.build/Debug-iphonesimulator/SentrySwiftUI.build/Objects-normal/arm64/SentrySwiftUI-Swift.h -working-directory /Users/aadityasingh/Documents/Development/element-x-ios/Chatlio.xcodeproj -experimental-emit-module-separately -disable-cmo

SwiftDriver SentrySwiftUI normal x86_64 com.apple.xcode.tools.swift.compiler (in target 'SentrySwiftUI' from project 'Sentry')
    cd /Users/aadityasingh/Documents/Development/element-x-ios/Chatlio.xcodeproj
    builtin-SwiftDriver -- /Applications/Xcode.app/Contents/Developer/Toolchains/XcodeDefault.xctoolchain/usr/bin/swiftc -module-name SentrySwiftUI -Onone @/Users/aadityasingh/Library/Developer/Xcode/DerivedData/Chatlio-erkyzdeecsohoaggpwbjdvavzqfv/Build/Intermediates.noindex/Sentry.build/Debug-iphonesimulator/SentrySwiftUI.build/Objects-normal/x86_64/SentrySwiftUI.SwiftFileList -DSWIFT_PACKAGE -DDEBUG -DSWIFT_MODULE_RESOURCE_BUNDLE_UNAVAILABLE -Xcc -fmodule-map-file\=/Users/aadityasingh/Library/Developer/Xcode/DerivedData/Chatlio-erkyzdeecsohoaggpwbjdvavzqfv/Build/Intermediates.noindex/GeneratedModuleMaps-iphonesimulator/SentryInternal.modulemap -DXcode -plugin-path /Applications/Xcode.app/Contents/Developer/Toolchains/XcodeDefault.xctoolchain/usr/lib/swift/host/plugins/testing -enable-experimental-feature DebugDescriptionMacro -sdk /Applications/Xcode.app/Contents/Developer/Platforms/iPhoneSimulator.platform/Developer/SDKs/iPhoneSimulator26.4.sdk -target x86_64-apple-ios15.0-simulator -g -module-cache-path /Users/aadityasingh/Library/Developer/Xcode/DerivedData/ModuleCache.noindex -Xfrontend -serialize-debugging-options -profile-coverage-mapping -profile-generate -enable-testing -suppress-warnings -index-store-path /Users/aadityasingh/Library/Developer/Xcode/DerivedData/Chatlio-erkyzdeecsohoaggpwbjdvavzqfv/Index.noindex/DataStore -Xcc -D_LIBCPP_HARDENING_MODE\=_LIBCPP_HARDENING_MODE_DEBUG -swift-version 5 -I /Users/aadityasingh/Library/Developer/Xcode/DerivedData/Chatlio-erkyzdeecsohoaggpwbjdvavzqfv/Build/Products/Debug-iphonesimulator -Isystem /Applications/Xcode.app/Contents/Developer/Platforms/iPhoneSimulator.platform/Developer/usr/lib -F /Users/aadityasingh/Library/Developer/Xcode/DerivedData/Chatlio-erkyzdeecsohoaggpwbjdvavzqfv/Build/Products/Debug-iphonesimulator/PackageFrameworks -F /Users/aadityasingh/Library/Developer/Xcode/DerivedData/Chatlio-erkyzdeecsohoaggpwbjdvavzqfv/Build/Products/Debug-iphonesimulator -F /Applications/Xcode.app/Contents/Developer/Platforms/iPhoneSimulator.platform/Developer/Library/Frameworks -F /Applications/Xcode.app/Contents/Developer/Platforms/iPhoneSimulator.platform/Developer/SDKs/iPhoneSimulator26.4.sdk/Developer/Library/Frameworks -c -j12 -enable-batch-mode -incremental -Xcc -ivfsstatcache -Xcc /Users/aadityasingh/Library/Developer/Xcode/DerivedData/SDKStatCaches.noindex/iphonesimulator26.4-23E252-686eebb5dc1d8ecb277353a59184f4aa.sdkstatcache -output-file-map /Users/aadityasingh/Library/Developer/Xcode/DerivedData/Chatlio-erkyzdeecsohoaggpwbjdvavzqfv/Build/Intermediates.noindex/Sentry.build/Debug-iphonesimulator/SentrySwiftUI.build/Objects-normal/x86_64/SentrySwiftUI-OutputFileMap.json -use-frontend-parseable-output -save-temps -no-color-diagnostics -explicit-module-build -module-cache-path /Users/aadityasingh/Library/Developer/Xcode/DerivedData/Chatlio-erkyzdeecsohoaggpwbjdvavzqfv/Build/Intermediates.noindex/SwiftExplicitPrecompiledModules -clang-scanner-module-cache-path /Users/aadityasingh/Library/Developer/Xcode/DerivedData/ModuleCache.noindex -sdk-module-cache-path /Users/aadityasingh/Library/Developer/Xcode/DerivedData/ModuleCache.noindex -serialize-diagnostics -emit-dependencies -emit-module -emit-module-path /Users/aadityasingh/Library/Developer/Xcode/DerivedData/Chatlio-erkyzdeecsohoaggpwbjdvavzqfv/Build/Intermediates.noindex/Sentry.build/Debug-iphonesimulator/SentrySwiftUI.build/Objects-normal/x86_64/SentrySwiftUI.swiftmodule -user-module-version 9.2.0 -validate-clang-modules-once -clang-build-session-file /Users/aadityasingh/Library/Developer/Xcode/DerivedData/ModuleCache.noindex/Session.modulevalidation -package-name sentry_cocoa -Xcc -I/Users/aadityasingh/Library/Developer/Xcode/DerivedData/Chatlio-erkyzdeecsohoaggpwbjdvavzqfv/Build/Intermediates.noindex/Sentry.build/Debug-iphonesimulator/SentrySwiftUI.build/swift-overrides.hmap -emit-const-values -Xfrontend -const-gather-protocols-file -Xfrontend /Users/aadityasingh/Library/Developer/Xcode/DerivedData/Chatlio-erkyzdeecsohoaggpwbjdvavzqfv/Build/Intermediates.noindex/Sentry.build/Debug-iphonesimulator/SentrySwiftUI.build/Objects-normal/x86_64/SentrySwiftUI_const_extract_protocols.json -Xcc -I/Users/aadityasingh/Library/Developer/Xcode/DerivedData/Chatlio-erkyzdeecsohoaggpwbjdvavzqfv/SourcePackages/checkouts/sentry-cocoa/Sources/SentrySwiftUI/SentryInternal -Xcc -I/Users/aadityasingh/Library/Developer/Xcode/DerivedData/Chatlio-erkyzdeecsohoaggpwbjdvavzqfv/Build/Products/Debug-iphonesimulator/include -Xcc -I/Users/aadityasingh/Library/Developer/Xcode/DerivedData/Chatlio-erkyzdeecsohoaggpwbjdvavzqfv/Build/Intermediates.noindex/Sentry.build/Debug-iphonesimulator/SentrySwiftUI.build/DerivedSources-normal/x86_64 -Xcc -I/Users/aadityasingh/Library/Developer/Xcode/DerivedData/Chatlio-erkyzdeecsohoaggpwbjdvavzqfv/Build/Intermediates.noindex/Sentry.build/Debug-iphonesimulator/SentrySwiftUI.build/DerivedSources/x86_64 -Xcc -I/Users/aadityasingh/Library/Developer/Xcode/DerivedData/Chatlio-erkyzdeecsohoaggpwbjdvavzqfv/Build/Intermediates.noindex/Sentry.build/Debug-iphonesimulator/SentrySwiftUI.build/DerivedSources -Xcc -DSWIFT_PACKAGE -Xcc -DDEBUG\=1 -emit-objc-header -emit-objc-header-path /Users/aadityasingh/Library/Developer/Xcode/DerivedData/Chatlio-erkyzdeecsohoaggpwbjdvavzqfv/Build/Intermediates.noindex/Sentry.build/Debug-iphonesimulator/SentrySwiftUI.build/Objects-normal/x86_64/SentrySwiftUI-Swift.h -working-directory /Users/aadityasingh/Documents/Development/element-x-ios/Chatlio.xcodeproj -experimental-emit-module-separately -disable-cmo

Ld /Users/aadityasingh/Library/Developer/Xcode/DerivedData/Chatlio-erkyzdeecsohoaggpwbjdvavzqfv/Build/Intermediates.noindex/PostHog.build/Debug-iphonesimulator/phlibwebp.build/Objects-normal/arm64/Binary/phlibwebp.o normal arm64 (in target 'phlibwebp' from project 'PostHog')
    cd /Users/aadityasingh/Library/Developer/Xcode/DerivedData/Chatlio-erkyzdeecsohoaggpwbjdvavzqfv/SourcePackages/checkouts/posthog-ios
    /Applications/Xcode.app/Contents/Developer/Toolchains/XcodeDefault.xctoolchain/usr/bin/clang -Xlinker -reproducible -target arm64-apple-ios13.0-simulator -r -isysroot /Applications/Xcode.app/Contents/Developer/Platforms/iPhoneSimulator.platform/Developer/SDKs/iPhoneSimulator26.4.sdk -O0 -w -F/Users/aadityasingh/Library/Developer/Xcode/DerivedData/Chatlio-erkyzdeecsohoaggpwbjdvavzqfv/Build/Intermediates.noindex/EagerLinkingTBDs/Debug-iphonesimulator -F/Users/aadityasingh/Library/Developer/Xcode/DerivedData/Chatlio-erkyzdeecsohoaggpwbjdvavzqfv/Build/Products/Debug-iphonesimulator -iframework /Applications/Xcode.app/Contents/Developer/Platforms/iPhoneSimulator.platform/Developer/Library/Frameworks -iframework /Applications/Xcode.app/Contents/Developer/Platforms/iPhoneSimulator.platform/Developer/SDKs/iPhoneSimulator26.4.sdk/Developer/Library/Frameworks -filelist /Users/aadityasingh/Library/Developer/Xcode/DerivedData/Chatlio-erkyzdeecsohoaggpwbjdvavzqfv/Build/Intermediates.noindex/PostHog.build/Debug-iphonesimulator/phlibwebp.build/Objects-normal/arm64/phlibwebp.LinkFileList -nostdlib -Xlinker -object_path_lto -Xlinker /Users/aadityasingh/Library/Developer/Xcode/DerivedData/Chatlio-erkyzdeecsohoaggpwbjdvavzqfv/Build/Intermediates.noindex/PostHog.build/Debug-iphonesimulator/phlibwebp.build/Objects-normal/arm64/phlibwebp_lto.o -Xlinker -no_deduplicate -Xlinker -objc_abi_version -Xlinker 2 -Xlinker -debug_variant -Xlinker -dependency_info -Xlinker /Users/aadityasingh/Library/Developer/Xcode/DerivedData/Chatlio-erkyzdeecsohoaggpwbjdvavzqfv/Build/Intermediates.noindex/PostHog.build/Debug-iphonesimulator/phlibwebp.build/Objects-normal/arm64/phlibwebp_dependency_info.dat -o /Users/aadityasingh/Library/Developer/Xcode/DerivedData/Chatlio-erkyzdeecsohoaggpwbjdvavzqfv/Build/Intermediates.noindex/PostHog.build/Debug-iphonesimulator/phlibwebp.build/Objects-normal/arm64/Binary/phlibwebp.o

PrecompileModule /Users/aadityasingh/Library/Developer/Xcode/DerivedData/Chatlio-erkyzdeecsohoaggpwbjdvavzqfv/Build/Intermediates.noindex/ExplicitPrecompiledModules/_DarwinFoundation1-94WK4CJVXZXZ9M4W55HPE9GHF.scan
    cd /
    builtin-precompileModule /Users/aadityasingh/Library/Developer/Xcode/DerivedData/Chatlio-erkyzdeecsohoaggpwbjdvavzqfv/Build/Intermediates.noindex/ExplicitPrecompiledModules/_DarwinFoundation1-94WK4CJVXZXZ9M4W55HPE9GHF.scan

ScanDependencies /Users/aadityasingh/Library/Developer/Xcode/DerivedData/Chatlio-erkyzdeecsohoaggpwbjdvavzqfv/Build/Intermediates.noindex/Sentry.build/Debug-iphonesimulator/SentryInternal.build/Objects-normal/x86_64/SentryInternal.o /Users/aadityasingh/Library/Developer/Xcode/DerivedData/Chatlio-erkyzdeecsohoaggpwbjdvavzqfv/SourcePackages/checkouts/sentry-cocoa/Sources/SentrySwiftUI/SentryInternal/SentryInternal.m normal x86_64 objective-c com.apple.compilers.llvm.clang.1_0.compiler (in target 'SentryInternal' from project 'Sentry')
    cd /Users/aadityasingh/Documents/Development/element-x-ios/Chatlio.xcodeproj
    
    Using response file: /Users/aadityasingh/Library/Developer/Xcode/DerivedData/Chatlio-erkyzdeecsohoaggpwbjdvavzqfv/Build/Intermediates.noindex/Sentry.build/Debug-iphonesimulator/SentryInternal.build/Objects-normal/x86_64/e6072d4f65d7061329687fe24e3d63a7-common-args.resp
    
    builtin-ScanDependencies -o /Users/aadityasingh/Library/Developer/Xcode/DerivedData/Chatlio-erkyzdeecsohoaggpwbjdvavzqfv/Build/Intermediates.noindex/Sentry.build/Debug-iphonesimulator/SentryInternal.build/Objects-normal/x86_64/SentryInternal.o.scan -- /Applications/Xcode.app/Contents/Developer/Toolchains/XcodeDefault.xctoolchain/usr/bin/clang -x objective-c -ivfsstatcache /Users/aadityasingh/Library/Developer/Xcode/DerivedData/SDKStatCaches.noindex/iphonesimulator26.4-23E252-686eebb5dc1d8ecb277353a59184f4aa.sdkstatcache -target x86_64-apple-ios15.0-simulator -fmessage-length\=0 -fdiagnostics-show-note-include-stack -fmacro-backtrace-limit\=0 -fno-color-diagnostics -fmodules-prune-interval\=86400 -fmodules-prune-after\=345600 -fbuild-session-file\=/Users/aadityasingh/Library/Developer/Xcode/DerivedData/ModuleCache.noindex/Session.modulevalidation -fmodules-validate-once-per-build-session -Wnon-modular-include-in-framework-module -Werror\=non-modular-include-in-framework-module -Wno-trigraphs -Wno-missing-field-initializers -Wno-missing-prototypes -Wno-return-type -Wno-implicit-atomic-properties -Wno-objc-interface-ivars -Wno-arc-repeated-use-of-weak -Wno-missing-braces -Wparentheses -Wswitch -Wno-unused-function -Wno-unused-label -Wno-unused-parameter -Wno-unused-variable -Wunused-value -Wno-empty-body -Wno-uninitialized -Wno-unknown-pragmas -w -Wno-shadow -Wno-four-char-constants -Wno-conversion -Wno-constant-conversion -Wno-int-conversion -Wno-bool-conversion -Wno-enum-conversion -Wno-float-conversion -Wno-non-literal-null-conversion -Wno-objc-literal-conversion -Wshorten-64-to-32 -Wpointer-sign -Wno-newline-eof -Wno-selector -Wno-strict-selector-match -Wno-undeclared-selector -Wno-deprecated-implementations -Wno-implicit-fallthrough -isysroot /Applications/Xcode.app/Contents/Developer/Platforms/iPhoneSimulator.platform/Developer/SDKs/iPhoneSimulator26.4.sdk -fstrict-aliasing -Wprotocol -Wdeprecated-declarations -Wno-sign-conversion -Wno-infinite-recursion -Wno-comma -Wno-block-capture-autoreleasing -Wno-strict-prototypes -Wno-semicolon-before-method-body -index-store-path /Users/aadityasingh/Library/Developer/Xcode/DerivedData/Chatlio-erkyzdeecsohoaggpwbjdvavzqfv/Index.noindex/DataStore @/Users/aadityasingh/Library/Developer/Xcode/DerivedData/Chatlio-erkyzdeecsohoaggpwbjdvavzqfv/Build/Intermediates.noindex/Sentry.build/Debug-iphonesimulator/SentryInternal.build/Objects-normal/x86_64/e6072d4f65d7061329687fe24e3d63a7-common-args.resp -MMD -MT dependencies -MF /Users/aadityasingh/Library/Developer/Xcode/DerivedData/Chatlio-erkyzdeecsohoaggpwbjdvavzqfv/Build/Intermediates.noindex/Sentry.build/Debug-iphonesimulator/SentryInternal.build/Objects-normal/x86_64/SentryInternal.d --serialize-diagnostics /Users/aadityasingh/Library/Developer/Xcode/DerivedData/Chatlio-erkyzdeecsohoaggpwbjdvavzqfv/Build/Intermediates.noindex/Sentry.build/Debug-iphonesimulator/SentryInternal.build/Objects-normal/x86_64/SentryInternal.dia -c /Users/aadityasingh/Library/Developer/Xcode/DerivedData/Chatlio-erkyzdeecsohoaggpwbjdvavzqfv/SourcePackages/checkouts/sentry-cocoa/Sources/SentrySwiftUI/SentryInternal/SentryInternal.m -o /Users/aadityasingh/Library/Developer/Xcode/DerivedData/Chatlio-erkyzdeecsohoaggpwbjdvavzqfv/Build/Intermediates.noindex/Sentry.build/Debug-iphonesimulator/SentryInternal.build/Objects-normal/x86_64/SentryInternal.o -index-unit-output-path /Sentry.build/Debug-iphonesimulator/SentryInternal.build/Objects-normal/x86_64/SentryInternal.o

SwiftExplicitDependencyGeneratePcm arm64 /Users/aadityasingh/Library/Developer/Xcode/DerivedData/ModuleCache.noindex/_DarwinFoundation3-58SA2FCM8J7GZXRN3R5WRE45O.pcm

PrecompileModule /Users/aadityasingh/Library/Developer/Xcode/DerivedData/Chatlio-erkyzdeecsohoaggpwbjdvavzqfv/Build/Intermediates.noindex/ExplicitPrecompiledModules/_DarwinFoundation2-8MTEJSRS8XF5HOJOOYBDJQ8JN.scan
    cd /
    builtin-precompileModule /Users/aadityasingh/Library/Developer/Xcode/DerivedData/Chatlio-erkyzdeecsohoaggpwbjdvavzqfv/Build/Intermediates.noindex/ExplicitPrecompiledModules/_DarwinFoundation2-8MTEJSRS8XF5HOJOOYBDJQ8JN.scan

CompileC /Users/aadityasingh/Library/Developer/Xcode/DerivedData/Chatlio-erkyzdeecsohoaggpwbjdvavzqfv/Build/Intermediates.noindex/Sentry.build/Debug-iphonesimulator/SentryInternal.build/Objects-normal/x86_64/SentryInternal.o /Users/aadityasingh/Library/Developer/Xcode/DerivedData/Chatlio-erkyzdeecsohoaggpwbjdvavzqfv/SourcePackages/checkouts/sentry-cocoa/Sources/SentrySwiftUI/SentryInternal/SentryInternal.m normal x86_64 objective-c com.apple.compilers.llvm.clang.1_0.compiler (in target 'SentryInternal' from project 'Sentry')
    cd /Users/aadityasingh/Documents/Development/element-x-ios/Chatlio.xcodeproj
    
    Using response file: /Users/aadityasingh/Library/Developer/Xcode/DerivedData/Chatlio-erkyzdeecsohoaggpwbjdvavzqfv/Build/Intermediates.noindex/Sentry.build/Debug-iphonesimulator/SentryInternal.build/Objects-normal/x86_64/e6072d4f65d7061329687fe24e3d63a7-common-args.resp
    
    /Applications/Xcode.app/Contents/Developer/Toolchains/XcodeDefault.xctoolchain/usr/bin/clang -x objective-c -ivfsstatcache /Users/aadityasingh/Library/Developer/Xcode/DerivedData/SDKStatCaches.noindex/iphonesimulator26.4-23E252-686eebb5dc1d8ecb277353a59184f4aa.sdkstatcache -target x86_64-apple-ios15.0-simulator -fmessage-length\=0 -fdiagnostics-show-note-include-stack -fmacro-backtrace-limit\=0 -fno-color-diagnostics -fmodules-prune-interval\=86400 -fmodules-prune-after\=345600 -fbuild-session-file\=/Users/aadityasingh/Library/Developer/Xcode/DerivedData/ModuleCache.noindex/Session.modulevalidation -fmodules-validate-once-per-build-session -Wnon-modular-include-in-framework-module -Werror\=non-modular-include-in-framework-module -Wno-trigraphs -Wno-missing-field-initializers -Wno-missing-prototypes -Wno-return-type -Wno-implicit-atomic-properties -Wno-objc-interface-ivars -Wno-arc-repeated-use-of-weak -Wno-missing-braces -Wparentheses -Wswitch -Wno-unused-function -Wno-unused-label -Wno-unused-parameter -Wno-unused-variable -Wunused-value -Wno-empty-body -Wno-uninitialized -Wno-unknown-pragmas -w -Wno-shadow -Wno-four-char-constants -Wno-conversion -Wno-constant-conversion -Wno-int-conversion -Wno-bool-conversion -Wno-enum-conversion -Wno-float-conversion -Wno-non-literal-null-conversion -Wno-objc-literal-conversion -Wshorten-64-to-32 -Wpointer-sign -Wno-newline-eof -Wno-selector -Wno-strict-selector-match -Wno-undeclared-selector -Wno-deprecated-implementations -Wno-implicit-fallthrough -isysroot /Applications/Xcode.app/Contents/Developer/Platforms/iPhoneSimulator.platform/Developer/SDKs/iPhoneSimulator26.4.sdk -fstrict-aliasing -Wprotocol -Wdeprecated-declarations -Wno-sign-conversion -Wno-infinite-recursion -Wno-comma -Wno-block-capture-autoreleasing -Wno-strict-prototypes -Wno-semicolon-before-method-body -index-store-path /Users/aadityasingh/Library/Developer/Xcode/DerivedData/Chatlio-erkyzdeecsohoaggpwbjdvavzqfv/Index.noindex/DataStore @/Users/aadityasingh/Library/Developer/Xcode/DerivedData/Chatlio-erkyzdeecsohoaggpwbjdvavzqfv/Build/Intermediates.noindex/Sentry.build/Debug-iphonesimulator/SentryInternal.build/Objects-normal/x86_64/e6072d4f65d7061329687fe24e3d63a7-common-args.resp -MMD -MT dependencies -MF /Users/aadityasingh/Library/Developer/Xcode/DerivedData/Chatlio-erkyzdeecsohoaggpwbjdvavzqfv/Build/Intermediates.noindex/Sentry.build/Debug-iphonesimulator/SentryInternal.build/Objects-normal/x86_64/SentryInternal.d --serialize-diagnostics /Users/aadityasingh/Library/Developer/Xcode/DerivedData/Chatlio-erkyzdeecsohoaggpwbjdvavzqfv/Build/Intermediates.noindex/Sentry.build/Debug-iphonesimulator/SentryInternal.build/Objects-normal/x86_64/SentryInternal.dia -c /Users/aadityasingh/Library/Developer/Xcode/DerivedData/Chatlio-erkyzdeecsohoaggpwbjdvavzqfv/SourcePackages/checkouts/sentry-cocoa/Sources/SentrySwiftUI/SentryInternal/SentryInternal.m -o /Users/aadityasingh/Library/Developer/Xcode/DerivedData/Chatlio-erkyzdeecsohoaggpwbjdvavzqfv/Build/Intermediates.noindex/Sentry.build/Debug-iphonesimulator/SentryInternal.build/Objects-normal/x86_64/SentryInternal.o -index-unit-output-path /Sentry.build/Debug-iphonesimulator/SentryInternal.build/Objects-normal/x86_64/SentryInternal.o

PrecompileModule /Users/aadityasingh/Library/Developer/Xcode/DerivedData/Chatlio-erkyzdeecsohoaggpwbjdvavzqfv/Build/Intermediates.noindex/ExplicitPrecompiledModules/_DarwinFoundation2-8NAFKHWESLIE1KUIKCUS7YVNB.scan
    cd /
    builtin-precompileModule /Users/aadityasingh/Library/Developer/Xcode/DerivedData/Chatlio-erkyzdeecsohoaggpwbjdvavzqfv/Build/Intermediates.noindex/ExplicitPrecompiledModules/_DarwinFoundation2-8NAFKHWESLIE1KUIKCUS7YVNB.scan

CreateUniversalBinary /Users/aadityasingh/Library/Developer/Xcode/DerivedData/Chatlio-erkyzdeecsohoaggpwbjdvavzqfv/Build/Products/Debug-iphonesimulator/phlibwebp.o normal arm64\ x86_64 (in target 'phlibwebp' from project 'PostHog')
    cd /Users/aadityasingh/Library/Developer/Xcode/DerivedData/Chatlio-erkyzdeecsohoaggpwbjdvavzqfv/SourcePackages/checkouts/posthog-ios
    /Applications/Xcode.app/Contents/Developer/Toolchains/XcodeDefault.xctoolchain/usr/bin/lipo -create /Users/aadityasingh/Library/Developer/Xcode/DerivedData/Chatlio-erkyzdeecsohoaggpwbjdvavzqfv/Build/Intermediates.noindex/PostHog.build/Debug-iphonesimulator/phlibwebp.build/Objects-normal/arm64/Binary/phlibwebp.o /Users/aadityasingh/Library/Developer/Xcode/DerivedData/Chatlio-erkyzdeecsohoaggpwbjdvavzqfv/Build/Intermediates.noindex/PostHog.build/Debug-iphonesimulator/phlibwebp.build/Objects-normal/x86_64/Binary/phlibwebp.o -output /Users/aadityasingh/Library/Developer/Xcode/DerivedData/Chatlio-erkyzdeecsohoaggpwbjdvavzqfv/Build/Products/Debug-iphonesimulator/phlibwebp.o

Ld /Users/aadityasingh/Library/Developer/Xcode/DerivedData/Chatlio-erkyzdeecsohoaggpwbjdvavzqfv/Build/Intermediates.noindex/Sentry.build/Debug-iphonesimulator/SentryInternal.build/Objects-normal/x86_64/Binary/SentryInternal.o normal x86_64 (in target 'SentryInternal' from project 'Sentry')
    cd /Users/aadityasingh/Library/Developer/Xcode/DerivedData/Chatlio-erkyzdeecsohoaggpwbjdvavzqfv/SourcePackages/checkouts/sentry-cocoa
    /Applications/Xcode.app/Contents/Developer/Toolchains/XcodeDefault.xctoolchain/usr/bin/clang -Xlinker -reproducible -target x86_64-apple-ios15.0-simulator -r -isysroot /Applications/Xcode.app/Contents/Developer/Platforms/iPhoneSimulator.platform/Developer/SDKs/iPhoneSimulator26.4.sdk -O0 -w -F/Users/aadityasingh/Library/Developer/Xcode/DerivedData/Chatlio-erkyzdeecsohoaggpwbjdvavzqfv/Build/Intermediates.noindex/EagerLinkingTBDs/Debug-iphonesimulator -F/Users/aadityasingh/Library/Developer/Xcode/DerivedData/Chatlio-erkyzdeecsohoaggpwbjdvavzqfv/Build/Products/Debug-iphonesimulator -iframework /Applications/Xcode.app/Contents/Developer/Platforms/iPhoneSimulator.platform/Developer/Library/Frameworks -iframework /Applications/Xcode.app/Contents/Developer/Platforms/iPhoneSimulator.platform/Developer/SDKs/iPhoneSimulator26.4.sdk/Developer/Library/Frameworks -filelist /Users/aadityasingh/Library/Developer/Xcode/DerivedData/Chatlio-erkyzdeecsohoaggpwbjdvavzqfv/Build/Intermediates.noindex/Sentry.build/Debug-iphonesimulator/SentryInternal.build/Objects-normal/x86_64/SentryInternal.LinkFileList -nostdlib -Xlinker -object_path_lto -Xlinker /Users/aadityasingh/Library/Developer/Xcode/DerivedData/Chatlio-erkyzdeecsohoaggpwbjdvavzqfv/Build/Intermediates.noindex/Sentry.build/Debug-iphonesimulator/SentryInternal.build/Objects-normal/x86_64/SentryInternal_lto.o -Xlinker -no_deduplicate -Xlinker -objc_abi_version -Xlinker 2 -Xlinker -debug_variant -Xlinker -dependency_info -Xlinker /Users/aadityasingh/Library/Developer/Xcode/DerivedData/Chatlio-erkyzdeecsohoaggpwbjdvavzqfv/Build/Intermediates.noindex/Sentry.build/Debug-iphonesimulator/SentryInternal.build/Objects-normal/x86_64/SentryInternal_dependency_info.dat -fobjc-arc -fobjc-link-runtime -o /Users/aadityasingh/Library/Developer/Xcode/DerivedData/Chatlio-erkyzdeecsohoaggpwbjdvavzqfv/Build/Intermediates.noindex/Sentry.build/Debug-iphonesimulator/SentryInternal.build/Objects-normal/x86_64/Binary/SentryInternal.o

ScanDependencies /Users/aadityasingh/Library/Developer/Xcode/DerivedData/Chatlio-erkyzdeecsohoaggpwbjdvavzqfv/Build/Intermediates.noindex/Sentry.build/Debug-iphonesimulator/SentryInternal.build/Objects-normal/arm64/SentryInternal.o /Users/aadityasingh/Library/Developer/Xcode/DerivedData/Chatlio-erkyzdeecsohoaggpwbjdvavzqfv/SourcePackages/checkouts/sentry-cocoa/Sources/SentrySwiftUI/SentryInternal/SentryInternal.m normal arm64 objective-c com.apple.compilers.llvm.clang.1_0.compiler (in target 'SentryInternal' from project 'Sentry')
    cd /Users/aadityasingh/Documents/Development/element-x-ios/Chatlio.xcodeproj
    
    Using response file: /Users/aadityasingh/Library/Developer/Xcode/DerivedData/Chatlio-erkyzdeecsohoaggpwbjdvavzqfv/Build/Intermediates.noindex/Sentry.build/Debug-iphonesimulator/SentryInternal.build/Objects-normal/arm64/e6072d4f65d7061329687fe24e3d63a7-common-args.resp
    
    builtin-ScanDependencies -o /Users/aadityasingh/Library/Developer/Xcode/DerivedData/Chatlio-erkyzdeecsohoaggpwbjdvavzqfv/Build/Intermediates.noindex/Sentry.build/Debug-iphonesimulator/SentryInternal.build/Objects-normal/arm64/SentryInternal.o.scan -- /Applications/Xcode.app/Contents/Developer/Toolchains/XcodeDefault.xctoolchain/usr/bin/clang -x objective-c -ivfsstatcache /Users/aadityasingh/Library/Developer/Xcode/DerivedData/SDKStatCaches.noindex/iphonesimulator26.4-23E252-686eebb5dc1d8ecb277353a59184f4aa.sdkstatcache -target arm64-apple-ios15.0-simulator -fmessage-length\=0 -fdiagnostics-show-note-include-stack -fmacro-backtrace-limit\=0 -fno-color-diagnostics -fmodules-prune-interval\=86400 -fmodules-prune-after\=345600 -fbuild-session-file\=/Users/aadityasingh/Library/Developer/Xcode/DerivedData/ModuleCache.noindex/Session.modulevalidation -fmodules-validate-once-per-build-session -Wnon-modular-include-in-framework-module -Werror\=non-modular-include-in-framework-module -Wno-trigraphs -Wno-missing-field-initializers -Wno-missing-prototypes -Wno-return-type -Wno-implicit-atomic-properties -Wno-objc-interface-ivars -Wno-arc-repeated-use-of-weak -Wno-missing-braces -Wparentheses -Wswitch -Wno-unused-function -Wno-unused-label -Wno-unused-parameter -Wno-unused-variable -Wunused-value -Wno-empty-body -Wno-uninitialized -Wno-unknown-pragmas -w -Wno-shadow -Wno-four-char-constants -Wno-conversion -Wno-constant-conversion -Wno-int-conversion -Wno-bool-conversion -Wno-enum-conversion -Wno-float-conversion -Wno-non-literal-null-conversion -Wno-objc-literal-conversion -Wshorten-64-to-32 -Wpointer-sign -Wno-newline-eof -Wno-selector -Wno-strict-selector-match -Wno-undeclared-selector -Wno-deprecated-implementations -Wno-implicit-fallthrough -isysroot /Applications/Xcode.app/Contents/Developer/Platforms/iPhoneSimulator.platform/Developer/SDKs/iPhoneSimulator26.4.sdk -fstrict-aliasing -Wprotocol -Wdeprecated-declarations -Wno-sign-conversion -Wno-infinite-recursion -Wno-comma -Wno-block-capture-autoreleasing -Wno-strict-prototypes -Wno-semicolon-before-method-body -index-store-path /Users/aadityasingh/Library/Developer/Xcode/DerivedData/Chatlio-erkyzdeecsohoaggpwbjdvavzqfv/Index.noindex/DataStore @/Users/aadityasingh/Library/Developer/Xcode/DerivedData/Chatlio-erkyzdeecsohoaggpwbjdvavzqfv/Build/Intermediates.noindex/Sentry.build/Debug-iphonesimulator/SentryInternal.build/Objects-normal/arm64/e6072d4f65d7061329687fe24e3d63a7-common-args.resp -MMD -MT dependencies -MF /Users/aadityasingh/Library/Developer/Xcode/DerivedData/Chatlio-erkyzdeecsohoaggpwbjdvavzqfv/Build/Intermediates.noindex/Sentry.build/Debug-iphonesimulator/SentryInternal.build/Objects-normal/arm64/SentryInternal.d --serialize-diagnostics /Users/aadityasingh/Library/Developer/Xcode/DerivedData/Chatlio-erkyzdeecsohoaggpwbjdvavzqfv/Build/Intermediates.noindex/Sentry.build/Debug-iphonesimulator/SentryInternal.build/Objects-normal/arm64/SentryInternal.dia -c /Users/aadityasingh/Library/Developer/Xcode/DerivedData/Chatlio-erkyzdeecsohoaggpwbjdvavzqfv/SourcePackages/checkouts/sentry-cocoa/Sources/SentrySwiftUI/SentryInternal/SentryInternal.m -o /Users/aadityasingh/Library/Developer/Xcode/DerivedData/Chatlio-erkyzdeecsohoaggpwbjdvavzqfv/Build/Intermediates.noindex/Sentry.build/Debug-iphonesimulator/SentryInternal.build/Objects-normal/arm64/SentryInternal.o -index-unit-output-path /Sentry.build/Debug-iphonesimulator/SentryInternal.build/Objects-normal/arm64/SentryInternal.o

PrecompileModule /Users/aadityasingh/Library/Developer/Xcode/DerivedData/Chatlio-erkyzdeecsohoaggpwbjdvavzqfv/Build/Intermediates.noindex/ExplicitPrecompiledModules/_Builtin_stdint-4C6FUB1R7GYQIOKR7J6G8SEMG.scan
    cd /
    builtin-precompileModule /Users/aadityasingh/Library/Developer/Xcode/DerivedData/Chatlio-erkyzdeecsohoaggpwbjdvavzqfv/Build/Intermediates.noindex/ExplicitPrecompiledModules/_Builtin_stdint-4C6FUB1R7GYQIOKR7J6G8SEMG.scan

CompileC /Users/aadityasingh/Library/Developer/Xcode/DerivedData/Chatlio-erkyzdeecsohoaggpwbjdvavzqfv/Build/Intermediates.noindex/Sentry.build/Debug-iphonesimulator/SentryInternal.build/Objects-normal/arm64/SentryInternal.o /Users/aadityasingh/Library/Developer/Xcode/DerivedData/Chatlio-erkyzdeecsohoaggpwbjdvavzqfv/SourcePackages/checkouts/sentry-cocoa/Sources/SentrySwiftUI/SentryInternal/SentryInternal.m normal arm64 objective-c com.apple.compilers.llvm.clang.1_0.compiler (in target 'SentryInternal' from project 'Sentry')
    cd /Users/aadityasingh/Documents/Development/element-x-ios/Chatlio.xcodeproj
    
    Using response file: /Users/aadityasingh/Library/Developer/Xcode/DerivedData/Chatlio-erkyzdeecsohoaggpwbjdvavzqfv/Build/Intermediates.noindex/Sentry.build/Debug-iphonesimulator/SentryInternal.build/Objects-normal/arm64/e6072d4f65d7061329687fe24e3d63a7-common-args.resp
    
    /Applications/Xcode.app/Contents/Developer/Toolchains/XcodeDefault.xctoolchain/usr/bin/clang -x objective-c -ivfsstatcache /Users/aadityasingh/Library/Developer/Xcode/DerivedData/SDKStatCaches.noindex/iphonesimulator26.4-23E252-686eebb5dc1d8ecb277353a59184f4aa.sdkstatcache -target arm64-apple-ios15.0-simulator -fmessage-length\=0 -fdiagnostics-show-note-include-stack -fmacro-backtrace-limit\=0 -fno-color-diagnostics -fmodules-prune-interval\=86400 -fmodules-prune-after\=345600 -fbuild-session-file\=/Users/aadityasingh/Library/Developer/Xcode/DerivedData/ModuleCache.noindex/Session.modulevalidation -fmodules-validate-once-per-build-session -Wnon-modular-include-in-framework-module -Werror\=non-modular-include-in-framework-module -Wno-trigraphs -Wno-missing-field-initializers -Wno-missing-prototypes -Wno-return-type -Wno-implicit-atomic-properties -Wno-objc-interface-ivars -Wno-arc-repeated-use-of-weak -Wno-missing-braces -Wparentheses -Wswitch -Wno-unused-function -Wno-unused-label -Wno-unused-parameter -Wno-unused-variable -Wunused-value -Wno-empty-body -Wno-uninitialized -Wno-unknown-pragmas -w -Wno-shadow -Wno-four-char-constants -Wno-conversion -Wno-constant-conversion -Wno-int-conversion -Wno-bool-conversion -Wno-enum-conversion -Wno-float-conversion -Wno-non-literal-null-conversion -Wno-objc-literal-conversion -Wshorten-64-to-32 -Wpointer-sign -Wno-newline-eof -Wno-selector -Wno-strict-selector-match -Wno-undeclared-selector -Wno-deprecated-implementations -Wno-implicit-fallthrough -isysroot /Applications/Xcode.app/Contents/Developer/Platforms/iPhoneSimulator.platform/Developer/SDKs/iPhoneSimulator26.4.sdk -fstrict-aliasing -Wprotocol -Wdeprecated-declarations -Wno-sign-conversion -Wno-infinite-recursion -Wno-comma -Wno-block-capture-autoreleasing -Wno-strict-prototypes -Wno-semicolon-before-method-body -index-store-path /Users/aadityasingh/Library/Developer/Xcode/DerivedData/Chatlio-erkyzdeecsohoaggpwbjdvavzqfv/Index.noindex/DataStore @/Users/aadityasingh/Library/Developer/Xcode/DerivedData/Chatlio-erkyzdeecsohoaggpwbjdvavzqfv/Build/Intermediates.noindex/Sentry.build/Debug-iphonesimulator/SentryInternal.build/Objects-normal/arm64/e6072d4f65d7061329687fe24e3d63a7-common-args.resp -MMD -MT dependencies -MF /Users/aadityasingh/Library/Developer/Xcode/DerivedData/Chatlio-erkyzdeecsohoaggpwbjdvavzqfv/Build/Intermediates.noindex/Sentry.build/Debug-iphonesimulator/SentryInternal.build/Objects-normal/arm64/SentryInternal.d --serialize-diagnostics /Users/aadityasingh/Library/Developer/Xcode/DerivedData/Chatlio-erkyzdeecsohoaggpwbjdvavzqfv/Build/Intermediates.noindex/Sentry.build/Debug-iphonesimulator/SentryInternal.build/Objects-normal/arm64/SentryInternal.dia -c /Users/aadityasingh/Library/Developer/Xcode/DerivedData/Chatlio-erkyzdeecsohoaggpwbjdvavzqfv/SourcePackages/checkouts/sentry-cocoa/Sources/SentrySwiftUI/SentryInternal/SentryInternal.m -o /Users/aadityasingh/Library/Developer/Xcode/DerivedData/Chatlio-erkyzdeecsohoaggpwbjdvavzqfv/Build/Intermediates.noindex/Sentry.build/Debug-iphonesimulator/SentryInternal.build/Objects-normal/arm64/SentryInternal.o -index-unit-output-path /Sentry.build/Debug-iphonesimulator/SentryInternal.build/Objects-normal/arm64/SentryInternal.o

Ld /Users/aadityasingh/Library/Developer/Xcode/DerivedData/Chatlio-erkyzdeecsohoaggpwbjdvavzqfv/Build/Intermediates.noindex/Sentry.build/Debug-iphonesimulator/SentryInternal.build/Objects-normal/arm64/Binary/SentryInternal.o normal arm64 (in target 'SentryInternal' from project 'Sentry')
    cd /Users/aadityasingh/Library/Developer/Xcode/DerivedData/Chatlio-erkyzdeecsohoaggpwbjdvavzqfv/SourcePackages/checkouts/sentry-cocoa
    /Applications/Xcode.app/Contents/Developer/Toolchains/XcodeDefault.xctoolchain/usr/bin/clang -Xlinker -reproducible -target arm64-apple-ios15.0-simulator -r -isysroot /Applications/Xcode.app/Contents/Developer/Platforms/iPhoneSimulator.platform/Developer/SDKs/iPhoneSimulator26.4.sdk -O0 -w -F/Users/aadityasingh/Library/Developer/Xcode/DerivedData/Chatlio-erkyzdeecsohoaggpwbjdvavzqfv/Build/Intermediates.noindex/EagerLinkingTBDs/Debug-iphonesimulator -F/Users/aadityasingh/Library/Developer/Xcode/DerivedData/Chatlio-erkyzdeecsohoaggpwbjdvavzqfv/Build/Products/Debug-iphonesimulator -iframework /Applications/Xcode.app/Contents/Developer/Platforms/iPhoneSimulator.platform/Developer/Library/Frameworks -iframework /Applications/Xcode.app/Contents/Developer/Platforms/iPhoneSimulator.platform/Developer/SDKs/iPhoneSimulator26.4.sdk/Developer/Library/Frameworks -filelist /Users/aadityasingh/Library/Developer/Xcode/DerivedData/Chatlio-erkyzdeecsohoaggpwbjdvavzqfv/Build/Intermediates.noindex/Sentry.build/Debug-iphonesimulator/SentryInternal.build/Objects-normal/arm64/SentryInternal.LinkFileList -nostdlib -Xlinker -object_path_lto -Xlinker /Users/aadityasingh/Library/Developer/Xcode/DerivedData/Chatlio-erkyzdeecsohoaggpwbjdvavzqfv/Build/Intermediates.noindex/Sentry.build/Debug-iphonesimulator/SentryInternal.build/Objects-normal/arm64/SentryInternal_lto.o -Xlinker -no_deduplicate -Xlinker -objc_abi_version -Xlinker 2 -Xlinker -debug_variant -Xlinker -dependency_info -Xlinker /Users/aadityasingh/Library/Developer/Xcode/DerivedData/Chatlio-erkyzdeecsohoaggpwbjdvavzqfv/Build/Intermediates.noindex/Sentry.build/Debug-iphonesimulator/SentryInternal.build/Objects-normal/arm64/SentryInternal_dependency_info.dat -fobjc-arc -fobjc-link-runtime -o /Users/aadityasingh/Library/Developer/Xcode/DerivedData/Chatlio-erkyzdeecsohoaggpwbjdvavzqfv/Build/Intermediates.noindex/Sentry.build/Debug-iphonesimulator/SentryInternal.build/Objects-normal/arm64/Binary/SentryInternal.o

CompileC /Users/aadityasingh/Library/Developer/Xcode/DerivedData/Chatlio-erkyzdeecsohoaggpwbjdvavzqfv/Build/Intermediates.noindex/swift-atomics.build/Debug-iphonesimulator/_AtomicsShims.build/Objects-normal/x86_64/_AtomicsShims.o /Users/aadityasingh/Library/Developer/Xcode/DerivedData/Chatlio-erkyzdeecsohoaggpwbjdvavzqfv/SourcePackages/checkouts/swift-atomics/Sources/_AtomicsShims/src/_AtomicsShims.c normal x86_64 c com.apple.compilers.llvm.clang.1_0.compiler (in target '_AtomicsShims' from project 'swift-atomics')
    cd /Users/aadityasingh/Documents/Development/element-x-ios/Chatlio.xcodeproj
    
    Using response file: /Users/aadityasingh/Library/Developer/Xcode/DerivedData/Chatlio-erkyzdeecsohoaggpwbjdvavzqfv/Build/Intermediates.noindex/swift-atomics.build/Debug-iphonesimulator/_AtomicsShims.build/Objects-normal/x86_64/7187679823f38a2a940e0043cdf9d637-common-args.resp
    
    /Applications/Xcode.app/Contents/Developer/Toolchains/XcodeDefault.xctoolchain/usr/bin/clang -x c -ivfsstatcache /Users/aadityasingh/Library/Developer/Xcode/DerivedData/SDKStatCaches.noindex/iphonesimulator26.4-23E252-686eebb5dc1d8ecb277353a59184f4aa.sdkstatcache -target x86_64-apple-ios12.0-simulator -fmessage-length\=0 -fdiagnostics-show-note-include-stack -fmacro-backtrace-limit\=0 -fno-color-diagnostics -fmodules-prune-interval\=86400 -fmodules-prune-after\=345600 -fbuild-session-file\=/Users/aadityasingh/Library/Developer/Xcode/DerivedData/ModuleCache.noindex/Session.modulevalidation -fmodules-validate-once-per-build-session -Wnon-modular-include-in-framework-module -Werror\=non-modular-include-in-framework-module -Wno-trigraphs -Wno-missing-field-initializers -Wno-missing-prototypes -Wno-return-type -Wno-missing-braces -Wparentheses -Wswitch -Wno-unused-function -Wno-unused-label -Wno-unused-parameter -Wno-unused-variable -Wunused-value -Wno-empty-body -Wno-uninitialized -Wno-unknown-pragmas -w -Wno-shadow -Wno-four-char-constants -Wno-conversion -Wno-constant-conversion -Wno-int-conversion -Wno-bool-conversion -Wno-enum-conversion -Wno-float-conversion -Wno-non-literal-null-conversion -Wno-objc-literal-conversion -Wshorten-64-to-32 -Wpointer-sign -Wno-newline-eof -Wno-implicit-fallthrough -isysroot /Applications/Xcode.app/Contents/Developer/Platforms/iPhoneSimulator.platform/Developer/SDKs/iPhoneSimulator26.4.sdk -fstrict-aliasing -Wdeprecated-declarations -Wno-sign-conversion -Wno-infinite-recursion -Wno-comma -Wno-block-capture-autoreleasing -Wno-strict-prototypes -Wno-semicolon-before-method-body -index-store-path /Users/aadityasingh/Library/Developer/Xcode/DerivedData/Chatlio-erkyzdeecsohoaggpwbjdvavzqfv/Index.noindex/DataStore @/Users/aadityasingh/Library/Developer/Xcode/DerivedData/Chatlio-erkyzdeecsohoaggpwbjdvavzqfv/Build/Intermediates.noindex/swift-atomics.build/Debug-iphonesimulator/_AtomicsShims.build/Objects-normal/x86_64/7187679823f38a2a940e0043cdf9d637-common-args.resp -MMD -MT dependencies -MF /Users/aadityasingh/Library/Developer/Xcode/DerivedData/Chatlio-erkyzdeecsohoaggpwbjdvavzqfv/Build/Intermediates.noindex/swift-atomics.build/Debug-iphonesimulator/_AtomicsShims.build/Objects-normal/x86_64/_AtomicsShims.d --serialize-diagnostics /Users/aadityasingh/Library/Developer/Xcode/DerivedData/Chatlio-erkyzdeecsohoaggpwbjdvavzqfv/Build/Intermediates.noindex/swift-atomics.build/Debug-iphonesimulator/_AtomicsShims.build/Objects-normal/x86_64/_AtomicsShims.dia -c /Users/aadityasingh/Library/Developer/Xcode/DerivedData/Chatlio-erkyzdeecsohoaggpwbjdvavzqfv/SourcePackages/checkouts/swift-atomics/Sources/_AtomicsShims/src/_AtomicsShims.c -o /Users/aadityasingh/Library/Developer/Xcode/DerivedData/Chatlio-erkyzdeecsohoaggpwbjdvavzqfv/Build/Intermediates.noindex/swift-atomics.build/Debug-iphonesimulator/_AtomicsShims.build/Objects-normal/x86_64/_AtomicsShims.o -index-unit-output-path /swift-atomics.build/Debug-iphonesimulator/_AtomicsShims.build/Objects-normal/x86_64/_AtomicsShims.o

SwiftExplicitDependencyGeneratePcm x86_64 /Users/aadityasingh/Library/Developer/Xcode/DerivedData/ModuleCache.noindex/_Builtin_inttypes-MOAQSYXKG1Q496MF4SPRMMIV.pcm

PrecompileModule /Users/aadityasingh/Library/Developer/Xcode/DerivedData/Chatlio-erkyzdeecsohoaggpwbjdvavzqfv/Build/Intermediates.noindex/ExplicitPrecompiledModules/_Builtin_stdint-CGTGWA8454YTNHSXOYPWOES05.scan
    cd /
    builtin-precompileModule /Users/aadityasingh/Library/Developer/Xcode/DerivedData/Chatlio-erkyzdeecsohoaggpwbjdvavzqfv/Build/Intermediates.noindex/ExplicitPrecompiledModules/_Builtin_stdint-CGTGWA8454YTNHSXOYPWOES05.scan

Ld /Users/aadityasingh/Library/Developer/Xcode/DerivedData/Chatlio-erkyzdeecsohoaggpwbjdvavzqfv/Build/Intermediates.noindex/swift-atomics.build/Debug-iphonesimulator/_AtomicsShims.build/Objects-normal/x86_64/Binary/_AtomicsShims.o normal x86_64 (in target '_AtomicsShims' from project 'swift-atomics')
    cd /Users/aadityasingh/Library/Developer/Xcode/DerivedData/Chatlio-erkyzdeecsohoaggpwbjdvavzqfv/SourcePackages/checkouts/swift-atomics
    /Applications/Xcode.app/Contents/Developer/Toolchains/XcodeDefault.xctoolchain/usr/bin/clang -Xlinker -reproducible -target x86_64-apple-ios12.0-simulator -r -isysroot /Applications/Xcode.app/Contents/Developer/Platforms/iPhoneSimulator.platform/Developer/SDKs/iPhoneSimulator26.4.sdk -O0 -w -F/Users/aadityasingh/Library/Developer/Xcode/DerivedData/Chatlio-erkyzdeecsohoaggpwbjdvavzqfv/Build/Intermediates.noindex/EagerLinkingTBDs/Debug-iphonesimulator -F/Users/aadityasingh/Library/Developer/Xcode/DerivedData/Chatlio-erkyzdeecsohoaggpwbjdvavzqfv/Build/Products/Debug-iphonesimulator -iframework /Applications/Xcode.app/Contents/Developer/Platforms/iPhoneSimulator.platform/Developer/Library/Frameworks -iframework /Applications/Xcode.app/Contents/Developer/Platforms/iPhoneSimulator.platform/Developer/SDKs/iPhoneSimulator26.4.sdk/Developer/Library/Frameworks -filelist /Users/aadityasingh/Library/Developer/Xcode/DerivedData/Chatlio-erkyzdeecsohoaggpwbjdvavzqfv/Build/Intermediates.noindex/swift-atomics.build/Debug-iphonesimulator/_AtomicsShims.build/Objects-normal/x86_64/_AtomicsShims.LinkFileList -nostdlib -Xlinker -object_path_lto -Xlinker /Users/aadityasingh/Library/Developer/Xcode/DerivedData/Chatlio-erkyzdeecsohoaggpwbjdvavzqfv/Build/Intermediates.noindex/swift-atomics.build/Debug-iphonesimulator/_AtomicsShims.build/Objects-normal/x86_64/_AtomicsShims_lto.o -Xlinker -no_deduplicate -Xlinker -objc_abi_version -Xlinker 2 -Xlinker -debug_variant -Xlinker -dependency_info -Xlinker /Users/aadityasingh/Library/Developer/Xcode/DerivedData/Chatlio-erkyzdeecsohoaggpwbjdvavzqfv/Build/Intermediates.noindex/swift-atomics.build/Debug-iphonesimulator/_AtomicsShims.build/Objects-normal/x86_64/_AtomicsShims_dependency_info.dat -o /Users/aadityasingh/Library/Developer/Xcode/DerivedData/Chatlio-erkyzdeecsohoaggpwbjdvavzqfv/Build/Intermediates.noindex/swift-atomics.build/Debug-iphonesimulator/_AtomicsShims.build/Objects-normal/x86_64/Binary/_AtomicsShims.o

RegisterExecutionPolicyException /Users/aadityasingh/Library/Developer/Xcode/DerivedData/Chatlio-erkyzdeecsohoaggpwbjdvavzqfv/Build/Products/Debug-iphonesimulator/phlibwebp.o (in target 'phlibwebp' from project 'PostHog')
    cd /Users/aadityasingh/Library/Developer/Xcode/DerivedData/Chatlio-erkyzdeecsohoaggpwbjdvavzqfv/SourcePackages/checkouts/posthog-ios
    builtin-RegisterExecutionPolicyException /Users/aadityasingh/Library/Developer/Xcode/DerivedData/Chatlio-erkyzdeecsohoaggpwbjdvavzqfv/Build/Products/Debug-iphonesimulator/phlibwebp.o

CreateUniversalBinary /Users/aadityasingh/Library/Developer/Xcode/DerivedData/Chatlio-erkyzdeecsohoaggpwbjdvavzqfv/Build/Products/Debug-iphonesimulator/SentryInternal.o normal arm64\ x86_64 (in target 'SentryInternal' from project 'Sentry')
    cd /Users/aadityasingh/Library/Developer/Xcode/DerivedData/Chatlio-erkyzdeecsohoaggpwbjdvavzqfv/SourcePackages/checkouts/sentry-cocoa
    /Applications/Xcode.app/Contents/Developer/Toolchains/XcodeDefault.xctoolchain/usr/bin/lipo -create /Users/aadityasingh/Library/Developer/Xcode/DerivedData/Chatlio-erkyzdeecsohoaggpwbjdvavzqfv/Build/Intermediates.noindex/Sentry.build/Debug-iphonesimulator/SentryInternal.build/Objects-normal/arm64/Binary/SentryInternal.o /Users/aadityasingh/Library/Developer/Xcode/DerivedData/Chatlio-erkyzdeecsohoaggpwbjdvavzqfv/Build/Intermediates.noindex/Sentry.build/Debug-iphonesimulator/SentryInternal.build/Objects-normal/x86_64/Binary/SentryInternal.o -output /Users/aadityasingh/Library/Developer/Xcode/DerivedData/Chatlio-erkyzdeecsohoaggpwbjdvavzqfv/Build/Products/Debug-iphonesimulator/SentryInternal.o

SwiftDriver SentryCppHelper normal arm64 com.apple.xcode.tools.swift.compiler (in target 'SentryCppHelper' from project 'Sentry')
    cd /Users/aadityasingh/Documents/Development/element-x-ios/Chatlio.xcodeproj
    builtin-SwiftDriver -- /Applications/Xcode.app/Contents/Developer/Toolchains/XcodeDefault.xctoolchain/usr/bin/swiftc -module-name SentryCppHelper -Onone @/Users/aadityasingh/Library/Developer/Xcode/DerivedData/Chatlio-erkyzdeecsohoaggpwbjdvavzqfv/Build/Intermediates.noindex/Sentry.build/Debug-iphonesimulator/SentryCppHelper.build/Objects-normal/arm64/SentryCppHelper.SwiftFileList -DSWIFT_PACKAGE -DDEBUG -DSWIFT_MODULE_RESOURCE_BUNDLE_UNAVAILABLE -DXcode -plugin-path /Applications/Xcode.app/Contents/Developer/Toolchains/XcodeDefault.xctoolchain/usr/lib/swift/host/plugins/testing -enable-experimental-feature DebugDescriptionMacro -sdk /Applications/Xcode.app/Contents/Developer/Platforms/iPhoneSimulator.platform/Developer/SDKs/iPhoneSimulator26.4.sdk -target arm64-apple-ios15.0-simulator -g -module-cache-path /Users/aadityasingh/Library/Developer/Xcode/DerivedData/ModuleCache.noindex -Xfrontend -serialize-debugging-options -profile-coverage-mapping -profile-generate -enable-testing -suppress-warnings -index-store-path /Users/aadityasingh/Library/Developer/Xcode/DerivedData/Chatlio-erkyzdeecsohoaggpwbjdvavzqfv/Index.noindex/DataStore -Xcc -D_LIBCPP_HARDENING_MODE\=_LIBCPP_HARDENING_MODE_DEBUG -swift-version 5 -I /Users/aadityasingh/Library/Developer/Xcode/DerivedData/Chatlio-erkyzdeecsohoaggpwbjdvavzqfv/Build/Products/Debug-iphonesimulator -Isystem /Applications/Xcode.app/Contents/Developer/Platforms/iPhoneSimulator.platform/Developer/usr/lib -F /Users/aadityasingh/Library/Developer/Xcode/DerivedData/Chatlio-erkyzdeecsohoaggpwbjdvavzqfv/Build/Products/Debug-iphonesimulator -F /Applications/Xcode.app/Contents/Developer/Platforms/iPhoneSimulator.platform/Developer/Library/Frameworks -F /Applications/Xcode.app/Contents/Developer/Platforms/iPhoneSimulator.platform/Developer/SDKs/iPhoneSimulator26.4.sdk/Developer/Library/Frameworks -parse-as-library -c -j12 -enable-batch-mode -incremental -Xcc -ivfsstatcache -Xcc /Users/aadityasingh/Library/Developer/Xcode/DerivedData/SDKStatCaches.noindex/iphonesimulator26.4-23E252-686eebb5dc1d8ecb277353a59184f4aa.sdkstatcache -output-file-map /Users/aadityasingh/Library/Developer/Xcode/DerivedData/Chatlio-erkyzdeecsohoaggpwbjdvavzqfv/Build/Intermediates.noindex/Sentry.build/Debug-iphonesimulator/SentryCppHelper.build/Objects-normal/arm64/SentryCppHelper-OutputFileMap.json -use-frontend-parseable-output -save-temps -no-color-diagnostics -explicit-module-build -module-cache-path /Users/aadityasingh/Library/Developer/Xcode/DerivedData/Chatlio-erkyzdeecsohoaggpwbjdvavzqfv/Build/Intermediates.noindex/SwiftExplicitPrecompiledModules -clang-scanner-module-cache-path /Users/aadityasingh/Library/Developer/Xcode/DerivedData/ModuleCache.noindex -sdk-module-cache-path /Users/aadityasingh/Library/Developer/Xcode/DerivedData/ModuleCache.noindex -serialize-diagnostics -emit-dependencies -emit-module -emit-module-path /Users/aadityasingh/Library/Developer/Xcode/DerivedData/Chatlio-erkyzdeecsohoaggpwbjdvavzqfv/Build/Intermediates.noindex/Sentry.build/Debug-iphonesimulator/SentryCppHelper.build/Objects-normal/arm64/SentryCppHelper.swiftmodule -user-module-version 9.2.0 -validate-clang-modules-once -clang-build-session-file /Users/aadityasingh/Library/Developer/Xcode/DerivedData/ModuleCache.noindex/Session.modulevalidation -package-name sentry_cocoa -Xcc -I/Users/aadityasingh/Library/Developer/Xcode/DerivedData/Chatlio-erkyzdeecsohoaggpwbjdvavzqfv/Build/Intermediates.noindex/Sentry.build/Debug-iphonesimulator/SentryCppHelper.build/swift-overrides.hmap -emit-const-values -Xfrontend -const-gather-protocols-file -Xfrontend /Users/aadityasingh/Library/Developer/Xcode/DerivedData/Chatlio-erkyzdeecsohoaggpwbjdvavzqfv/Build/Intermediates.noindex/Sentry.build/Debug-iphonesimulator/SentryCppHelper.build/Objects-normal/arm64/SentryCppHelper_const_extract_protocols.json -Xcc -I/Users/aadityasingh/Library/Developer/Xcode/DerivedData/Chatlio-erkyzdeecsohoaggpwbjdvavzqfv/Build/Products/Debug-iphonesimulator/include -Xcc -I/Users/aadityasingh/Library/Developer/Xcode/DerivedData/Chatlio-erkyzdeecsohoaggpwbjdvavzqfv/Build/Intermediates.noindex/Sentry.build/Debug-iphonesimulator/SentryCppHelper.build/DerivedSources-normal/arm64 -Xcc -I/Users/aadityasingh/Library/Developer/Xcode/DerivedData/Chatlio-erkyzdeecsohoaggpwbjdvavzqfv/Build/Intermediates.noindex/Sentry.build/Debug-iphonesimulator/SentryCppHelper.build/DerivedSources/arm64 -Xcc -I/Users/aadityasingh/Library/Developer/Xcode/DerivedData/Chatlio-erkyzdeecsohoaggpwbjdvavzqfv/Build/Intermediates.noindex/Sentry.build/Debug-iphonesimulator/SentryCppHelper.build/DerivedSources -Xcc -DSWIFT_PACKAGE -Xcc -DDEBUG\=1 -emit-objc-header -emit-objc-header-path /Users/aadityasingh/Library/Developer/Xcode/DerivedData/Chatlio-erkyzdeecsohoaggpwbjdvavzqfv/Build/Intermediates.noindex/Sentry.build/Debug-iphonesimulator/SentryCppHelper.build/Objects-normal/arm64/SentryCppHelper-Swift.h -working-directory /Users/aadityasingh/Documents/Development/element-x-ios/Chatlio.xcodeproj -experimental-emit-module-separately -disable-cmo

SwiftDriver SentryCppHelper normal x86_64 com.apple.xcode.tools.swift.compiler (in target 'SentryCppHelper' from project 'Sentry')
    cd /Users/aadityasingh/Documents/Development/element-x-ios/Chatlio.xcodeproj
    builtin-SwiftDriver -- /Applications/Xcode.app/Contents/Developer/Toolchains/XcodeDefault.xctoolchain/usr/bin/swiftc -module-name SentryCppHelper -Onone @/Users/aadityasingh/Library/Developer/Xcode/DerivedData/Chatlio-erkyzdeecsohoaggpwbjdvavzqfv/Build/Intermediates.noindex/Sentry.build/Debug-iphonesimulator/SentryCppHelper.build/Objects-normal/x86_64/SentryCppHelper.SwiftFileList -DSWIFT_PACKAGE -DDEBUG -DSWIFT_MODULE_RESOURCE_BUNDLE_UNAVAILABLE -DXcode -plugin-path /Applications/Xcode.app/Contents/Developer/Toolchains/XcodeDefault.xctoolchain/usr/lib/swift/host/plugins/testing -enable-experimental-feature DebugDescriptionMacro -sdk /Applications/Xcode.app/Contents/Developer/Platforms/iPhoneSimulator.platform/Developer/SDKs/iPhoneSimulator26.4.sdk -target x86_64-apple-ios15.0-simulator -g -module-cache-path /Users/aadityasingh/Library/Developer/Xcode/DerivedData/ModuleCache.noindex -Xfrontend -serialize-debugging-options -profile-coverage-mapping -profile-generate -enable-testing -suppress-warnings -index-store-path /Users/aadityasingh/Library/Developer/Xcode/DerivedData/Chatlio-erkyzdeecsohoaggpwbjdvavzqfv/Index.noindex/DataStore -Xcc -D_LIBCPP_HARDENING_MODE\=_LIBCPP_HARDENING_MODE_DEBUG -swift-version 5 -I /Users/aadityasingh/Library/Developer/Xcode/DerivedData/Chatlio-erkyzdeecsohoaggpwbjdvavzqfv/Build/Products/Debug-iphonesimulator -Isystem /Applications/Xcode.app/Contents/Developer/Platforms/iPhoneSimulator.platform/Developer/usr/lib -F /Users/aadityasingh/Library/Developer/Xcode/DerivedData/Chatlio-erkyzdeecsohoaggpwbjdvavzqfv/Build/Products/Debug-iphonesimulator -F /Applications/Xcode.app/Contents/Developer/Platforms/iPhoneSimulator.platform/Developer/Library/Frameworks -F /Applications/Xcode.app/Contents/Developer/Platforms/iPhoneSimulator.platform/Developer/SDKs/iPhoneSimulator26.4.sdk/Developer/Library/Frameworks -parse-as-library -c -j12 -enable-batch-mode -incremental -Xcc -ivfsstatcache -Xcc /Users/aadityasingh/Library/Developer/Xcode/DerivedData/SDKStatCaches.noindex/iphonesimulator26.4-23E252-686eebb5dc1d8ecb277353a59184f4aa.sdkstatcache -output-file-map /Users/aadityasingh/Library/Developer/Xcode/DerivedData/Chatlio-erkyzdeecsohoaggpwbjdvavzqfv/Build/Intermediates.noindex/Sentry.build/Debug-iphonesimulator/SentryCppHelper.build/Objects-normal/x86_64/SentryCppHelper-OutputFileMap.json -use-frontend-parseable-output -save-temps -no-color-diagnostics -explicit-module-build -module-cache-path /Users/aadityasingh/Library/Developer/Xcode/DerivedData/Chatlio-erkyzdeecsohoaggpwbjdvavzqfv/Build/Intermediates.noindex/SwiftExplicitPrecompiledModules -clang-scanner-module-cache-path /Users/aadityasingh/Library/Developer/Xcode/DerivedData/ModuleCache.noindex -sdk-module-cache-path /Users/aadityasingh/Library/Developer/Xcode/DerivedData/ModuleCache.noindex -serialize-diagnostics -emit-dependencies -emit-module -emit-module-path /Users/aadityasingh/Library/Developer/Xcode/DerivedData/Chatlio-erkyzdeecsohoaggpwbjdvavzqfv/Build/Intermediates.noindex/Sentry.build/Debug-iphonesimulator/SentryCppHelper.build/Objects-normal/x86_64/SentryCppHelper.swiftmodule -user-module-version 9.2.0 -validate-clang-modules-once -clang-build-session-file /Users/aadityasingh/Library/Developer/Xcode/DerivedData/ModuleCache.noindex/Session.modulevalidation -package-name sentry_cocoa -Xcc -I/Users/aadityasingh/Library/Developer/Xcode/DerivedData/Chatlio-erkyzdeecsohoaggpwbjdvavzqfv/Build/Intermediates.noindex/Sentry.build/Debug-iphonesimulator/SentryCppHelper.build/swift-overrides.hmap -emit-const-values -Xfrontend -const-gather-protocols-file -Xfrontend /Users/aadityasingh/Library/Developer/Xcode/DerivedData/Chatlio-erkyzdeecsohoaggpwbjdvavzqfv/Build/Intermediates.noindex/Sentry.build/Debug-iphonesimulator/SentryCppHelper.build/Objects-normal/x86_64/SentryCppHelper_const_extract_protocols.json -Xcc -I/Users/aadityasingh/Library/Developer/Xcode/DerivedData/Chatlio-erkyzdeecsohoaggpwbjdvavzqfv/Build/Products/Debug-iphonesimulator/include -Xcc -I/Users/aadityasingh/Library/Developer/Xcode/DerivedData/Chatlio-erkyzdeecsohoaggpwbjdvavzqfv/Build/Intermediates.noindex/Sentry.build/Debug-iphonesimulator/SentryCppHelper.build/DerivedSources-normal/x86_64 -Xcc -I/Users/aadityasingh/Library/Developer/Xcode/DerivedData/Chatlio-erkyzdeecsohoaggpwbjdvavzqfv/Build/Intermediates.noindex/Sentry.build/Debug-iphonesimulator/SentryCppHelper.build/DerivedSources/x86_64 -Xcc -I/Users/aadityasingh/Library/Developer/Xcode/DerivedData/Chatlio-erkyzdeecsohoaggpwbjdvavzqfv/Build/Intermediates.noindex/Sentry.build/Debug-iphonesimulator/SentryCppHelper.build/DerivedSources -Xcc -DSWIFT_PACKAGE -Xcc -DDEBUG\=1 -emit-objc-header -emit-objc-header-path /Users/aadityasingh/Library/Developer/Xcode/DerivedData/Chatlio-erkyzdeecsohoaggpwbjdvavzqfv/Build/Intermediates.noindex/Sentry.build/Debug-iphonesimulator/SentryCppHelper.build/Objects-normal/x86_64/SentryCppHelper-Swift.h -working-directory /Users/aadityasingh/Documents/Development/element-x-ios/Chatlio.xcodeproj -experimental-emit-module-separately -disable-cmo

CompileC /Users/aadityasingh/Library/Developer/Xcode/DerivedData/Chatlio-erkyzdeecsohoaggpwbjdvavzqfv/Build/Intermediates.noindex/swift-atomics.build/Debug-iphonesimulator/_AtomicsShims.build/Objects-normal/arm64/_AtomicsShims.o /Users/aadityasingh/Library/Developer/Xcode/DerivedData/Chatlio-erkyzdeecsohoaggpwbjdvavzqfv/SourcePackages/checkouts/swift-atomics/Sources/_AtomicsShims/src/_AtomicsShims.c normal arm64 c com.apple.compilers.llvm.clang.1_0.compiler (in target '_AtomicsShims' from project 'swift-atomics')
    cd /Users/aadityasingh/Documents/Development/element-x-ios/Chatlio.xcodeproj
    
    Using response file: /Users/aadityasingh/Library/Developer/Xcode/DerivedData/Chatlio-erkyzdeecsohoaggpwbjdvavzqfv/Build/Intermediates.noindex/swift-atomics.build/Debug-iphonesimulator/_AtomicsShims.build/Objects-normal/arm64/7187679823f38a2a940e0043cdf9d637-common-args.resp
    
    /Applications/Xcode.app/Contents/Developer/Toolchains/XcodeDefault.xctoolchain/usr/bin/clang -x c -ivfsstatcache /Users/aadityasingh/Library/Developer/Xcode/DerivedData/SDKStatCaches.noindex/iphonesimulator26.4-23E252-686eebb5dc1d8ecb277353a59184f4aa.sdkstatcache -target arm64-apple-ios12.0-simulator -fmessage-length\=0 -fdiagnostics-show-note-include-stack -fmacro-backtrace-limit\=0 -fno-color-diagnostics -fmodules-prune-interval\=86400 -fmodules-prune-after\=345600 -fbuild-session-file\=/Users/aadityasingh/Library/Developer/Xcode/DerivedData/ModuleCache.noindex/Session.modulevalidation -fmodules-validate-once-per-build-session -Wnon-modular-include-in-framework-module -Werror\=non-modular-include-in-framework-module -Wno-trigraphs -Wno-missing-field-initializers -Wno-missing-prototypes -Wno-return-type -Wno-missing-braces -Wparentheses -Wswitch -Wno-unused-function -Wno-unused-label -Wno-unused-parameter -Wno-unused-variable -Wunused-value -Wno-empty-body -Wno-uninitialized -Wno-unknown-pragmas -w -Wno-shadow -Wno-four-char-constants -Wno-conversion -Wno-constant-conversion -Wno-int-conversion -Wno-bool-conversion -Wno-enum-conversion -Wno-float-conversion -Wno-non-literal-null-conversion -Wno-objc-literal-conversion -Wshorten-64-to-32 -Wpointer-sign -Wno-newline-eof -Wno-implicit-fallthrough -isysroot /Applications/Xcode.app/Contents/Developer/Platforms/iPhoneSimulator.platform/Developer/SDKs/iPhoneSimulator26.4.sdk -fstrict-aliasing -Wdeprecated-declarations -Wno-sign-conversion -Wno-infinite-recursion -Wno-comma -Wno-block-capture-autoreleasing -Wno-strict-prototypes -Wno-semicolon-before-method-body -index-store-path /Users/aadityasingh/Library/Developer/Xcode/DerivedData/Chatlio-erkyzdeecsohoaggpwbjdvavzqfv/Index.noindex/DataStore @/Users/aadityasingh/Library/Developer/Xcode/DerivedData/Chatlio-erkyzdeecsohoaggpwbjdvavzqfv/Build/Intermediates.noindex/swift-atomics.build/Debug-iphonesimulator/_AtomicsShims.build/Objects-normal/arm64/7187679823f38a2a940e0043cdf9d637-common-args.resp -MMD -MT dependencies -MF /Users/aadityasingh/Library/Developer/Xcode/DerivedData/Chatlio-erkyzdeecsohoaggpwbjdvavzqfv/Build/Intermediates.noindex/swift-atomics.build/Debug-iphonesimulator/_AtomicsShims.build/Objects-normal/arm64/_AtomicsShims.d --serialize-diagnostics /Users/aadityasingh/Library/Developer/Xcode/DerivedData/Chatlio-erkyzdeecsohoaggpwbjdvavzqfv/Build/Intermediates.noindex/swift-atomics.build/Debug-iphonesimulator/_AtomicsShims.build/Objects-normal/arm64/_AtomicsShims.dia -c /Users/aadityasingh/Library/Developer/Xcode/DerivedData/Chatlio-erkyzdeecsohoaggpwbjdvavzqfv/SourcePackages/checkouts/swift-atomics/Sources/_AtomicsShims/src/_AtomicsShims.c -o /Users/aadityasingh/Library/Developer/Xcode/DerivedData/Chatlio-erkyzdeecsohoaggpwbjdvavzqfv/Build/Intermediates.noindex/swift-atomics.build/Debug-iphonesimulator/_AtomicsShims.build/Objects-normal/arm64/_AtomicsShims.o -index-unit-output-path /swift-atomics.build/Debug-iphonesimulator/_AtomicsShims.build/Objects-normal/arm64/_AtomicsShims.o

SwiftDriver SFSafeSymbols normal x86_64 com.apple.xcode.tools.swift.compiler (in target 'SFSafeSymbols' from project 'SFSafeSymbols')
    cd /Users/aadityasingh/Documents/Development/element-x-ios/Chatlio.xcodeproj
    builtin-SwiftDriver -- /Applications/Xcode.app/Contents/Developer/Toolchains/XcodeDefault.xctoolchain/usr/bin/swiftc -module-name SFSafeSymbols -Onone @/Users/aadityasingh/Library/Developer/Xcode/DerivedData/Chatlio-erkyzdeecsohoaggpwbjdvavzqfv/Build/Intermediates.noindex/SFSafeSymbols.build/Debug-iphonesimulator/SFSafeSymbols.build/Objects-normal/x86_64/SFSafeSymbols.SwiftFileList -DSWIFT_PACKAGE -DDEBUG -DSWIFT_MODULE_RESOURCE_BUNDLE_UNAVAILABLE -DXcode -plugin-path /Applications/Xcode.app/Contents/Developer/Toolchains/XcodeDefault.xctoolchain/usr/lib/swift/host/plugins/testing -enable-experimental-feature DebugDescriptionMacro -sdk /Applications/Xcode.app/Contents/Developer/Platforms/iPhoneSimulator.platform/Developer/SDKs/iPhoneSimulator26.4.sdk -target x86_64-apple-ios12.0-simulator -g -module-cache-path /Users/aadityasingh/Library/Developer/Xcode/DerivedData/ModuleCache.noindex -Xfrontend -serialize-debugging-options -profile-coverage-mapping -profile-generate -enable-testing -suppress-warnings -index-store-path /Users/aadityasingh/Library/Developer/Xcode/DerivedData/Chatlio-erkyzdeecsohoaggpwbjdvavzqfv/Index.noindex/DataStore -Xcc -D_LIBCPP_HARDENING_MODE\=_LIBCPP_HARDENING_MODE_DEBUG -swift-version 5 -I /Users/aadityasingh/Library/Developer/Xcode/DerivedData/Chatlio-erkyzdeecsohoaggpwbjdvavzqfv/Build/Products/Debug-iphonesimulator -Isystem /Applications/Xcode.app/Contents/Developer/Platforms/iPhoneSimulator.platform/Developer/usr/lib -F /Users/aadityasingh/Library/Developer/Xcode/DerivedData/Chatlio-erkyzdeecsohoaggpwbjdvavzqfv/Build/Products/Debug-iphonesimulator -F /Applications/Xcode.app/Contents/Developer/Platforms/iPhoneSimulator.platform/Developer/Library/Frameworks -F /Applications/Xcode.app/Contents/Developer/Platforms/iPhoneSimulator.platform/Developer/SDKs/iPhoneSimulator26.4.sdk/Developer/Library/Frameworks -c -j12 -enable-batch-mode -incremental -Xcc -ivfsstatcache -Xcc /Users/aadityasingh/Library/Developer/Xcode/DerivedData/SDKStatCaches.noindex/iphonesimulator26.4-23E252-686eebb5dc1d8ecb277353a59184f4aa.sdkstatcache -output-file-map /Users/aadityasingh/Library/Developer/Xcode/DerivedData/Chatlio-erkyzdeecsohoaggpwbjdvavzqfv/Build/Intermediates.noindex/SFSafeSymbols.build/Debug-iphonesimulator/SFSafeSymbols.build/Objects-normal/x86_64/SFSafeSymbols-OutputFileMap.json -use-frontend-parseable-output -save-temps -no-color-diagnostics -explicit-module-build -module-cache-path /Users/aadityasingh/Library/Developer/Xcode/DerivedData/Chatlio-erkyzdeecsohoaggpwbjdvavzqfv/Build/Intermediates.noindex/SwiftExplicitPrecompiledModules -clang-scanner-module-cache-path /Users/aadityasingh/Library/Developer/Xcode/DerivedData/ModuleCache.noindex -sdk-module-cache-path /Users/aadityasingh/Library/Developer/Xcode/DerivedData/ModuleCache.noindex -serialize-diagnostics -emit-dependencies -emit-module -emit-module-path /Users/aadityasingh/Library/Developer/Xcode/DerivedData/Chatlio-erkyzdeecsohoaggpwbjdvavzqfv/Build/Intermediates.noindex/SFSafeSymbols.build/Debug-iphonesimulator/SFSafeSymbols.build/Objects-normal/x86_64/SFSafeSymbols.swiftmodule -validate-clang-modules-once -clang-build-session-file /Users/aadityasingh/Library/Developer/Xcode/DerivedData/ModuleCache.noindex/Session.modulevalidation -package-name sfsafesymbols -Xcc -I/Users/aadityasingh/Library/Developer/Xcode/DerivedData/Chatlio-erkyzdeecsohoaggpwbjdvavzqfv/Build/Intermediates.noindex/SFSafeSymbols.build/Debug-iphonesimulator/SFSafeSymbols.build/swift-overrides.hmap -emit-const-values -Xfrontend -const-gather-protocols-file -Xfrontend /Users/aadityasingh/Library/Developer/Xcode/DerivedData/Chatlio-erkyzdeecsohoaggpwbjdvavzqfv/Build/Intermediates.noindex/SFSafeSymbols.build/Debug-iphonesimulator/SFSafeSymbols.build/Objects-normal/x86_64/SFSafeSymbols_const_extract_protocols.json -Xcc -I/Users/aadityasingh/Library/Developer/Xcode/DerivedData/Chatlio-erkyzdeecsohoaggpwbjdvavzqfv/Build/Products/Debug-iphonesimulator/include -Xcc -I/Users/aadityasingh/Library/Developer/Xcode/DerivedData/Chatlio-erkyzdeecsohoaggpwbjdvavzqfv/Build/Intermediates.noindex/SFSafeSymbols.build/Debug-iphonesimulator/SFSafeSymbols.build/DerivedSources-normal/x86_64 -Xcc -I/Users/aadityasingh/Library/Developer/Xcode/DerivedData/Chatlio-erkyzdeecsohoaggpwbjdvavzqfv/Build/Intermediates.noindex/SFSafeSymbols.build/Debug-iphonesimulator/SFSafeSymbols.build/DerivedSources/x86_64 -Xcc -I/Users/aadityasingh/Library/Developer/Xcode/DerivedData/Chatlio-erkyzdeecsohoaggpwbjdvavzqfv/Build/Intermediates.noindex/SFSafeSymbols.build/Debug-iphonesimulator/SFSafeSymbols.build/DerivedSources -Xcc -DSWIFT_PACKAGE -Xcc -DDEBUG\=1 -emit-objc-header -emit-objc-header-path /Users/aadityasingh/Library/Developer/Xcode/DerivedData/Chatlio-erkyzdeecsohoaggpwbjdvavzqfv/Build/Intermediates.noindex/SFSafeSymbols.build/Debug-iphonesimulator/SFSafeSymbols.build/Objects-normal/x86_64/SFSafeSymbols-Swift.h -working-directory /Users/aadityasingh/Documents/Development/element-x-ios/Chatlio.xcodeproj -experimental-emit-module-separately -disable-cmo

SwiftDriver SFSafeSymbols normal arm64 com.apple.xcode.tools.swift.compiler (in target 'SFSafeSymbols' from project 'SFSafeSymbols')
    cd /Users/aadityasingh/Documents/Development/element-x-ios/Chatlio.xcodeproj
    builtin-SwiftDriver -- /Applications/Xcode.app/Contents/Developer/Toolchains/XcodeDefault.xctoolchain/usr/bin/swiftc -module-name SFSafeSymbols -Onone @/Users/aadityasingh/Library/Developer/Xcode/DerivedData/Chatlio-erkyzdeecsohoaggpwbjdvavzqfv/Build/Intermediates.noindex/SFSafeSymbols.build/Debug-iphonesimulator/SFSafeSymbols.build/Objects-normal/arm64/SFSafeSymbols.SwiftFileList -DSWIFT_PACKAGE -DDEBUG -DSWIFT_MODULE_RESOURCE_BUNDLE_UNAVAILABLE -DXcode -plugin-path /Applications/Xcode.app/Contents/Developer/Toolchains/XcodeDefault.xctoolchain/usr/lib/swift/host/plugins/testing -enable-experimental-feature DebugDescriptionMacro -sdk /Applications/Xcode.app/Contents/Developer/Platforms/iPhoneSimulator.platform/Developer/SDKs/iPhoneSimulator26.4.sdk -target arm64-apple-ios12.0-simulator -g -module-cache-path /Users/aadityasingh/Library/Developer/Xcode/DerivedData/ModuleCache.noindex -Xfrontend -serialize-debugging-options -profile-coverage-mapping -profile-generate -enable-testing -suppress-warnings -index-store-path /Users/aadityasingh/Library/Developer/Xcode/DerivedData/Chatlio-erkyzdeecsohoaggpwbjdvavzqfv/Index.noindex/DataStore -Xcc -D_LIBCPP_HARDENING_MODE\=_LIBCPP_HARDENING_MODE_DEBUG -swift-version 5 -I /Users/aadityasingh/Library/Developer/Xcode/DerivedData/Chatlio-erkyzdeecsohoaggpwbjdvavzqfv/Build/Products/Debug-iphonesimulator -Isystem /Applications/Xcode.app/Contents/Developer/Platforms/iPhoneSimulator.platform/Developer/usr/lib -F /Users/aadityasingh/Library/Developer/Xcode/DerivedData/Chatlio-erkyzdeecsohoaggpwbjdvavzqfv/Build/Products/Debug-iphonesimulator -F /Applications/Xcode.app/Contents/Developer/Platforms/iPhoneSimulator.platform/Developer/Library/Frameworks -F /Applications/Xcode.app/Contents/Developer/Platforms/iPhoneSimulator.platform/Developer/SDKs/iPhoneSimulator26.4.sdk/Developer/Library/Frameworks -c -j12 -enable-batch-mode -incremental -Xcc -ivfsstatcache -Xcc /Users/aadityasingh/Library/Developer/Xcode/DerivedData/SDKStatCaches.noindex/iphonesimulator26.4-23E252-686eebb5dc1d8ecb277353a59184f4aa.sdkstatcache -output-file-map /Users/aadityasingh/Library/Developer/Xcode/DerivedData/Chatlio-erkyzdeecsohoaggpwbjdvavzqfv/Build/Intermediates.noindex/SFSafeSymbols.build/Debug-iphonesimulator/SFSafeSymbols.build/Objects-normal/arm64/SFSafeSymbols-OutputFileMap.json -use-frontend-parseable-output -save-temps -no-color-diagnostics -explicit-module-build -module-cache-path /Users/aadityasingh/Library/Developer/Xcode/DerivedData/Chatlio-erkyzdeecsohoaggpwbjdvavzqfv/Build/Intermediates.noindex/SwiftExplicitPrecompiledModules -clang-scanner-module-cache-path /Users/aadityasingh/Library/Developer/Xcode/DerivedData/ModuleCache.noindex -sdk-module-cache-path /Users/aadityasingh/Library/Developer/Xcode/DerivedData/ModuleCache.noindex -serialize-diagnostics -emit-dependencies -emit-module -emit-module-path /Users/aadityasingh/Library/Developer/Xcode/DerivedData/Chatlio-erkyzdeecsohoaggpwbjdvavzqfv/Build/Intermediates.noindex/SFSafeSymbols.build/Debug-iphonesimulator/SFSafeSymbols.build/Objects-normal/arm64/SFSafeSymbols.swiftmodule -validate-clang-modules-once -clang-build-session-file /Users/aadityasingh/Library/Developer/Xcode/DerivedData/ModuleCache.noindex/Session.modulevalidation -package-name sfsafesymbols -Xcc -I/Users/aadityasingh/Library/Developer/Xcode/DerivedData/Chatlio-erkyzdeecsohoaggpwbjdvavzqfv/Build/Intermediates.noindex/SFSafeSymbols.build/Debug-iphonesimulator/SFSafeSymbols.build/swift-overrides.hmap -emit-const-values -Xfrontend -const-gather-protocols-file -Xfrontend /Users/aadityasingh/Library/Developer/Xcode/DerivedData/Chatlio-erkyzdeecsohoaggpwbjdvavzqfv/Build/Intermediates.noindex/SFSafeSymbols.build/Debug-iphonesimulator/SFSafeSymbols.build/Objects-normal/arm64/SFSafeSymbols_const_extract_protocols.json -Xcc -I/Users/aadityasingh/Library/Developer/Xcode/DerivedData/Chatlio-erkyzdeecsohoaggpwbjdvavzqfv/Build/Products/Debug-iphonesimulator/include -Xcc -I/Users/aadityasingh/Library/Developer/Xcode/DerivedData/Chatlio-erkyzdeecsohoaggpwbjdvavzqfv/Build/Intermediates.noindex/SFSafeSymbols.build/Debug-iphonesimulator/SFSafeSymbols.build/DerivedSources-normal/arm64 -Xcc -I/Users/aadityasingh/Library/Developer/Xcode/DerivedData/Chatlio-erkyzdeecsohoaggpwbjdvavzqfv/Build/Intermediates.noindex/SFSafeSymbols.build/Debug-iphonesimulator/SFSafeSymbols.build/DerivedSources/arm64 -Xcc -I/Users/aadityasingh/Library/Developer/Xcode/DerivedData/Chatlio-erkyzdeecsohoaggpwbjdvavzqfv/Build/Intermediates.noindex/SFSafeSymbols.build/Debug-iphonesimulator/SFSafeSymbols.build/DerivedSources -Xcc -DSWIFT_PACKAGE -Xcc -DDEBUG\=1 -emit-objc-header -emit-objc-header-path /Users/aadityasingh/Library/Developer/Xcode/DerivedData/Chatlio-erkyzdeecsohoaggpwbjdvavzqfv/Build/Intermediates.noindex/SFSafeSymbols.build/Debug-iphonesimulator/SFSafeSymbols.build/Objects-normal/arm64/SFSafeSymbols-Swift.h -working-directory /Users/aadityasingh/Documents/Development/element-x-ios/Chatlio.xcodeproj -experimental-emit-module-separately -disable-cmo

SwiftExplicitDependencyGeneratePcm arm64 /Users/aadityasingh/Library/Developer/Xcode/DerivedData/ModuleCache.noindex/_Builtin_inttypes-2AAJRIQ37O2L5DTZRS49T3KLI.pcm

Ld /Users/aadityasingh/Library/Developer/Xcode/DerivedData/Chatlio-erkyzdeecsohoaggpwbjdvavzqfv/Build/Intermediates.noindex/swift-atomics.build/Debug-iphonesimulator/_AtomicsShims.build/Objects-normal/arm64/Binary/_AtomicsShims.o normal arm64 (in target '_AtomicsShims' from project 'swift-atomics')
    cd /Users/aadityasingh/Library/Developer/Xcode/DerivedData/Chatlio-erkyzdeecsohoaggpwbjdvavzqfv/SourcePackages/checkouts/swift-atomics
    /Applications/Xcode.app/Contents/Developer/Toolchains/XcodeDefault.xctoolchain/usr/bin/clang -Xlinker -reproducible -target arm64-apple-ios12.0-simulator -r -isysroot /Applications/Xcode.app/Contents/Developer/Platforms/iPhoneSimulator.platform/Developer/SDKs/iPhoneSimulator26.4.sdk -O0 -w -F/Users/aadityasingh/Library/Developer/Xcode/DerivedData/Chatlio-erkyzdeecsohoaggpwbjdvavzqfv/Build/Intermediates.noindex/EagerLinkingTBDs/Debug-iphonesimulator -F/Users/aadityasingh/Library/Developer/Xcode/DerivedData/Chatlio-erkyzdeecsohoaggpwbjdvavzqfv/Build/Products/Debug-iphonesimulator -iframework /Applications/Xcode.app/Contents/Developer/Platforms/iPhoneSimulator.platform/Developer/Library/Frameworks -iframework /Applications/Xcode.app/Contents/Developer/Platforms/iPhoneSimulator.platform/Developer/SDKs/iPhoneSimulator26.4.sdk/Developer/Library/Frameworks -filelist /Users/aadityasingh/Library/Developer/Xcode/DerivedData/Chatlio-erkyzdeecsohoaggpwbjdvavzqfv/Build/Intermediates.noindex/swift-atomics.build/Debug-iphonesimulator/_AtomicsShims.build/Objects-normal/arm64/_AtomicsShims.LinkFileList -nostdlib -Xlinker -object_path_lto -Xlinker /Users/aadityasingh/Library/Developer/Xcode/DerivedData/Chatlio-erkyzdeecsohoaggpwbjdvavzqfv/Build/Intermediates.noindex/swift-atomics.build/Debug-iphonesimulator/_AtomicsShims.build/Objects-normal/arm64/_AtomicsShims_lto.o -Xlinker -no_deduplicate -Xlinker -objc_abi_version -Xlinker 2 -Xlinker -debug_variant -Xlinker -dependency_info -Xlinker /Users/aadityasingh/Library/Developer/Xcode/DerivedData/Chatlio-erkyzdeecsohoaggpwbjdvavzqfv/Build/Intermediates.noindex/swift-atomics.build/Debug-iphonesimulator/_AtomicsShims.build/Objects-normal/arm64/_AtomicsShims_dependency_info.dat -o /Users/aadityasingh/Library/Developer/Xcode/DerivedData/Chatlio-erkyzdeecsohoaggpwbjdvavzqfv/Build/Intermediates.noindex/swift-atomics.build/Debug-iphonesimulator/_AtomicsShims.build/Objects-normal/arm64/Binary/_AtomicsShims.o

SwiftExplicitDependencyGeneratePcm x86_64 /Users/aadityasingh/Library/Developer/Xcode/DerivedData/ModuleCache.noindex/Darwin-8BHFARXAW4V5F1NHGKSMYW7PM.pcm

SwiftExplicitDependencyGeneratePcm arm64 /Users/aadityasingh/Library/Developer/Xcode/DerivedData/ModuleCache.noindex/Darwin-A6363XZF173DDA9WZB543ZS6O.pcm

CreateUniversalBinary /Users/aadityasingh/Library/Developer/Xcode/DerivedData/Chatlio-erkyzdeecsohoaggpwbjdvavzqfv/Build/Products/Debug-iphonesimulator/_AtomicsShims.o normal arm64\ x86_64 (in target '_AtomicsShims' from project 'swift-atomics')
    cd /Users/aadityasingh/Library/Developer/Xcode/DerivedData/Chatlio-erkyzdeecsohoaggpwbjdvavzqfv/SourcePackages/checkouts/swift-atomics
    /Applications/Xcode.app/Contents/Developer/Toolchains/XcodeDefault.xctoolchain/usr/bin/lipo -create /Users/aadityasingh/Library/Developer/Xcode/DerivedData/Chatlio-erkyzdeecsohoaggpwbjdvavzqfv/Build/Intermediates.noindex/swift-atomics.build/Debug-iphonesimulator/_AtomicsShims.build/Objects-normal/arm64/Binary/_AtomicsShims.o /Users/aadityasingh/Library/Developer/Xcode/DerivedData/Chatlio-erkyzdeecsohoaggpwbjdvavzqfv/Build/Intermediates.noindex/swift-atomics.build/Debug-iphonesimulator/_AtomicsShims.build/Objects-normal/x86_64/Binary/_AtomicsShims.o -output /Users/aadityasingh/Library/Developer/Xcode/DerivedData/Chatlio-erkyzdeecsohoaggpwbjdvavzqfv/Build/Products/Debug-iphonesimulator/_AtomicsShims.o

SwiftEmitModule normal x86_64 Emitting\ module\ for\ SentryCppHelper (in target 'SentryCppHelper' from project 'Sentry')

SwiftCompile normal x86_64 /Users/aadityasingh/Library/Developer/Xcode/DerivedData/Chatlio-erkyzdeecsohoaggpwbjdvavzqfv/SourcePackages/checkouts/sentry-cocoa/Sources/SentryCppHelper/SentryCppHelper.swift (in target 'SentryCppHelper' from project 'Sentry')
    cd /Users/aadityasingh/Documents/Development/element-x-ios/Chatlio.xcodeproj
    

SwiftEmitModule normal arm64 Emitting\ module\ for\ SentryCppHelper (in target 'SentryCppHelper' from project 'Sentry')

SwiftCompile normal arm64 /Users/aadityasingh/Library/Developer/Xcode/DerivedData/Chatlio-erkyzdeecsohoaggpwbjdvavzqfv/SourcePackages/checkouts/sentry-cocoa/Sources/SentryCppHelper/SentryCppHelper.swift (in target 'SentryCppHelper' from project 'Sentry')
    cd /Users/aadityasingh/Documents/Development/element-x-ios/Chatlio.xcodeproj
    

SwiftCompile normal arm64 Compiling\ SentryCppHelper.swift /Users/aadityasingh/Library/Developer/Xcode/DerivedData/Chatlio-erkyzdeecsohoaggpwbjdvavzqfv/SourcePackages/checkouts/sentry-cocoa/Sources/SentryCppHelper/SentryCppHelper.swift (in target 'SentryCppHelper' from project 'Sentry')

SwiftCompile normal arm64 /Users/aadityasingh/Library/Developer/Xcode/DerivedData/Chatlio-erkyzdeecsohoaggpwbjdvavzqfv/SourcePackages/checkouts/sentry-cocoa/Sources/SentryCppHelper/SentryCppHelper.swift (in target 'SentryCppHelper' from project 'Sentry')
    cd /Users/aadityasingh/Documents/Development/element-x-ios/Chatlio.xcodeproj
    

SwiftDriverJobDiscovery normal x86_64 Emitting module for SentryCppHelper (in target 'SentryCppHelper' from project 'Sentry')

SwiftDriver\ Compilation\ Requirements SentryCppHelper normal x86_64 com.apple.xcode.tools.swift.compiler (in target 'SentryCppHelper' from project 'Sentry')
    cd /Users/aadityasingh/Documents/Development/element-x-ios/Chatlio.xcodeproj
    builtin-Swift-Compilation-Requirements -- /Applications/Xcode.app/Contents/Developer/Toolchains/XcodeDefault.xctoolchain/usr/bin/swiftc -module-name SentryCppHelper -Onone @/Users/aadityasingh/Library/Developer/Xcode/DerivedData/Chatlio-erkyzdeecsohoaggpwbjdvavzqfv/Build/Intermediates.noindex/Sentry.build/Debug-iphonesimulator/SentryCppHelper.build/Objects-normal/x86_64/SentryCppHelper.SwiftFileList -DSWIFT_PACKAGE -DDEBUG -DSWIFT_MODULE_RESOURCE_BUNDLE_UNAVAILABLE -DXcode -plugin-path /Applications/Xcode.app/Contents/Developer/Toolchains/XcodeDefault.xctoolchain/usr/lib/swift/host/plugins/testing -enable-experimental-feature DebugDescriptionMacro -sdk /Applications/Xcode.app/Contents/Developer/Platforms/iPhoneSimulator.platform/Developer/SDKs/iPhoneSimulator26.4.sdk -target x86_64-apple-ios15.0-simulator -g -module-cache-path /Users/aadityasingh/Library/Developer/Xcode/DerivedData/ModuleCache.noindex -Xfrontend -serialize-debugging-options -profile-coverage-mapping -profile-generate -enable-testing -suppress-warnings -index-store-path /Users/aadityasingh/Library/Developer/Xcode/DerivedData/Chatlio-erkyzdeecsohoaggpwbjdvavzqfv/Index.noindex/DataStore -Xcc -D_LIBCPP_HARDENING_MODE\=_LIBCPP_HARDENING_MODE_DEBUG -swift-version 5 -I /Users/aadityasingh/Library/Developer/Xcode/DerivedData/Chatlio-erkyzdeecsohoaggpwbjdvavzqfv/Build/Products/Debug-iphonesimulator -Isystem /Applications/Xcode.app/Contents/Developer/Platforms/iPhoneSimulator.platform/Developer/usr/lib -F /Users/aadityasingh/Library/Developer/Xcode/DerivedData/Chatlio-erkyzdeecsohoaggpwbjdvavzqfv/Build/Products/Debug-iphonesimulator -F /Applications/Xcode.app/Contents/Developer/Platforms/iPhoneSimulator.platform/Developer/Library/Frameworks -F /Applications/Xcode.app/Contents/Developer/Platforms/iPhoneSimulator.platform/Developer/SDKs/iPhoneSimulator26.4.sdk/Developer/Library/Frameworks -parse-as-library -c -j12 -enable-batch-mode -incremental -Xcc -ivfsstatcache -Xcc /Users/aadityasingh/Library/Developer/Xcode/DerivedData/SDKStatCaches.noindex/iphonesimulator26.4-23E252-686eebb5dc1d8ecb277353a59184f4aa.sdkstatcache -output-file-map /Users/aadityasingh/Library/Developer/Xcode/DerivedData/Chatlio-erkyzdeecsohoaggpwbjdvavzqfv/Build/Intermediates.noindex/Sentry.build/Debug-iphonesimulator/SentryCppHelper.build/Objects-normal/x86_64/SentryCppHelper-OutputFileMap.json -use-frontend-parseable-output -save-temps -no-color-diagnostics -explicit-module-build -module-cache-path /Users/aadityasingh/Library/Developer/Xcode/DerivedData/Chatlio-erkyzdeecsohoaggpwbjdvavzqfv/Build/Intermediates.noindex/SwiftExplicitPrecompiledModules -clang-scanner-module-cache-path /Users/aadityasingh/Library/Developer/Xcode/DerivedData/ModuleCache.noindex -sdk-module-cache-path /Users/aadityasingh/Library/Developer/Xcode/DerivedData/ModuleCache.noindex -serialize-diagnostics -emit-dependencies -emit-module -emit-module-path /Users/aadityasingh/Library/Developer/Xcode/DerivedData/Chatlio-erkyzdeecsohoaggpwbjdvavzqfv/Build/Intermediates.noindex/Sentry.build/Debug-iphonesimulator/SentryCppHelper.build/Objects-normal/x86_64/SentryCppHelper.swiftmodule -user-module-version 9.2.0 -validate-clang-modules-once -clang-build-session-file /Users/aadityasingh/Library/Developer/Xcode/DerivedData/ModuleCache.noindex/Session.modulevalidation -package-name sentry_cocoa -Xcc -I/Users/aadityasingh/Library/Developer/Xcode/DerivedData/Chatlio-erkyzdeecsohoaggpwbjdvavzqfv/Build/Intermediates.noindex/Sentry.build/Debug-iphonesimulator/SentryCppHelper.build/swift-overrides.hmap -emit-const-values -Xfrontend -const-gather-protocols-file -Xfrontend /Users/aadityasingh/Library/Developer/Xcode/DerivedData/Chatlio-erkyzdeecsohoaggpwbjdvavzqfv/Build/Intermediates.noindex/Sentry.build/Debug-iphonesimulator/SentryCppHelper.build/Objects-normal/x86_64/SentryCppHelper_const_extract_protocols.json -Xcc -I/Users/aadityasingh/Library/Developer/Xcode/DerivedData/Chatlio-erkyzdeecsohoaggpwbjdvavzqfv/Build/Products/Debug-iphonesimulator/include -Xcc -I/Users/aadityasingh/Library/Developer/Xcode/DerivedData/Chatlio-erkyzdeecsohoaggpwbjdvavzqfv/Build/Intermediates.noindex/Sentry.build/Debug-iphonesimulator/SentryCppHelper.build/DerivedSources-normal/x86_64 -Xcc -I/Users/aadityasingh/Library/Developer/Xcode/DerivedData/Chatlio-erkyzdeecsohoaggpwbjdvavzqfv/Build/Intermediates.noindex/Sentry.build/Debug-iphonesimulator/SentryCppHelper.build/DerivedSources/x86_64 -Xcc -I/Users/aadityasingh/Library/Developer/Xcode/DerivedData/Chatlio-erkyzdeecsohoaggpwbjdvavzqfv/Build/Intermediates.noindex/Sentry.build/Debug-iphonesimulator/SentryCppHelper.build/DerivedSources -Xcc -DSWIFT_PACKAGE -Xcc -DDEBUG\=1 -emit-objc-header -emit-objc-header-path /Users/aadityasingh/Library/Developer/Xcode/DerivedData/Chatlio-erkyzdeecsohoaggpwbjdvavzqfv/Build/Intermediates.noindex/Sentry.build/Debug-iphonesimulator/SentryCppHelper.build/Objects-normal/x86_64/SentryCppHelper-Swift.h -working-directory /Users/aadityasingh/Documents/Development/element-x-ios/Chatlio.xcodeproj -experimental-emit-module-separately -disable-cmo

SwiftDriverJobDiscovery normal arm64 Emitting module for SentryCppHelper (in target 'SentryCppHelper' from project 'Sentry')

SwiftDriver\ Compilation\ Requirements SentryCppHelper normal arm64 com.apple.xcode.tools.swift.compiler (in target 'SentryCppHelper' from project 'Sentry')
    cd /Users/aadityasingh/Documents/Development/element-x-ios/Chatlio.xcodeproj
    builtin-Swift-Compilation-Requirements -- /Applications/Xcode.app/Contents/Developer/Toolchains/XcodeDefault.xctoolchain/usr/bin/swiftc -module-name SentryCppHelper -Onone @/Users/aadityasingh/Library/Developer/Xcode/DerivedData/Chatlio-erkyzdeecsohoaggpwbjdvavzqfv/Build/Intermediates.noindex/Sentry.build/Debug-iphonesimulator/SentryCppHelper.build/Objects-normal/arm64/SentryCppHelper.SwiftFileList -DSWIFT_PACKAGE -DDEBUG -DSWIFT_MODULE_RESOURCE_BUNDLE_UNAVAILABLE -DXcode -plugin-path /Applications/Xcode.app/Contents/Developer/Toolchains/XcodeDefault.xctoolchain/usr/lib/swift/host/plugins/testing -enable-experimental-feature DebugDescriptionMacro -sdk /Applications/Xcode.app/Contents/Developer/Platforms/iPhoneSimulator.platform/Developer/SDKs/iPhoneSimulator26.4.sdk -target arm64-apple-ios15.0-simulator -g -module-cache-path /Users/aadityasingh/Library/Developer/Xcode/DerivedData/ModuleCache.noindex -Xfrontend -serialize-debugging-options -profile-coverage-mapping -profile-generate -enable-testing -suppress-warnings -index-store-path /Users/aadityasingh/Library/Developer/Xcode/DerivedData/Chatlio-erkyzdeecsohoaggpwbjdvavzqfv/Index.noindex/DataStore -Xcc -D_LIBCPP_HARDENING_MODE\=_LIBCPP_HARDENING_MODE_DEBUG -swift-version 5 -I /Users/aadityasingh/Library/Developer/Xcode/DerivedData/Chatlio-erkyzdeecsohoaggpwbjdvavzqfv/Build/Products/Debug-iphonesimulator -Isystem /Applications/Xcode.app/Contents/Developer/Platforms/iPhoneSimulator.platform/Developer/usr/lib -F /Users/aadityasingh/Library/Developer/Xcode/DerivedData/Chatlio-erkyzdeecsohoaggpwbjdvavzqfv/Build/Products/Debug-iphonesimulator -F /Applications/Xcode.app/Contents/Developer/Platforms/iPhoneSimulator.platform/Developer/Library/Frameworks -F /Applications/Xcode.app/Contents/Developer/Platforms/iPhoneSimulator.platform/Developer/SDKs/iPhoneSimulator26.4.sdk/Developer/Library/Frameworks -parse-as-library -c -j12 -enable-batch-mode -incremental -Xcc -ivfsstatcache -Xcc /Users/aadityasingh/Library/Developer/Xcode/DerivedData/SDKStatCaches.noindex/iphonesimulator26.4-23E252-686eebb5dc1d8ecb277353a59184f4aa.sdkstatcache -output-file-map /Users/aadityasingh/Library/Developer/Xcode/DerivedData/Chatlio-erkyzdeecsohoaggpwbjdvavzqfv/Build/Intermediates.noindex/Sentry.build/Debug-iphonesimulator/SentryCppHelper.build/Objects-normal/arm64/SentryCppHelper-OutputFileMap.json -use-frontend-parseable-output -save-temps -no-color-diagnostics -explicit-module-build -module-cache-path /Users/aadityasingh/Library/Developer/Xcode/DerivedData/Chatlio-erkyzdeecsohoaggpwbjdvavzqfv/Build/Intermediates.noindex/SwiftExplicitPrecompiledModules -clang-scanner-module-cache-path /Users/aadityasingh/Library/Developer/Xcode/DerivedData/ModuleCache.noindex -sdk-module-cache-path /Users/aadityasingh/Library/Developer/Xcode/DerivedData/ModuleCache.noindex -serialize-diagnostics -emit-dependencies -emit-module -emit-module-path /Users/aadityasingh/Library/Developer/Xcode/DerivedData/Chatlio-erkyzdeecsohoaggpwbjdvavzqfv/Build/Intermediates.noindex/Sentry.build/Debug-iphonesimulator/SentryCppHelper.build/Objects-normal/arm64/SentryCppHelper.swiftmodule -user-module-version 9.2.0 -validate-clang-modules-once -clang-build-session-file /Users/aadityasingh/Library/Developer/Xcode/DerivedData/ModuleCache.noindex/Session.modulevalidation -package-name sentry_cocoa -Xcc -I/Users/aadityasingh/Library/Developer/Xcode/DerivedData/Chatlio-erkyzdeecsohoaggpwbjdvavzqfv/Build/Intermediates.noindex/Sentry.build/Debug-iphonesimulator/SentryCppHelper.build/swift-overrides.hmap -emit-const-values -Xfrontend -const-gather-protocols-file -Xfrontend /Users/aadityasingh/Library/Developer/Xcode/DerivedData/Chatlio-erkyzdeecsohoaggpwbjdvavzqfv/Build/Intermediates.noindex/Sentry.build/Debug-iphonesimulator/SentryCppHelper.build/Objects-normal/arm64/SentryCppHelper_const_extract_protocols.json -Xcc -I/Users/aadityasingh/Library/Developer/Xcode/DerivedData/Chatlio-erkyzdeecsohoaggpwbjdvavzqfv/Build/Products/Debug-iphonesimulator/include -Xcc -I/Users/aadityasingh/Library/Developer/Xcode/DerivedData/Chatlio-erkyzdeecsohoaggpwbjdvavzqfv/Build/Intermediates.noindex/Sentry.build/Debug-iphonesimulator/SentryCppHelper.build/DerivedSources-normal/arm64 -Xcc -I/Users/aadityasingh/Library/Developer/Xcode/DerivedData/Chatlio-erkyzdeecsohoaggpwbjdvavzqfv/Build/Intermediates.noindex/Sentry.build/Debug-iphonesimulator/SentryCppHelper.build/DerivedSources/arm64 -Xcc -I/Users/aadityasingh/Library/Developer/Xcode/DerivedData/Chatlio-erkyzdeecsohoaggpwbjdvavzqfv/Build/Intermediates.noindex/Sentry.build/Debug-iphonesimulator/SentryCppHelper.build/DerivedSources -Xcc -DSWIFT_PACKAGE -Xcc -DDEBUG\=1 -emit-objc-header -emit-objc-header-path /Users/aadityasingh/Library/Developer/Xcode/DerivedData/Chatlio-erkyzdeecsohoaggpwbjdvavzqfv/Build/Intermediates.noindex/Sentry.build/Debug-iphonesimulator/SentryCppHelper.build/Objects-normal/arm64/SentryCppHelper-Swift.h -working-directory /Users/aadityasingh/Documents/Development/element-x-ios/Chatlio.xcodeproj -experimental-emit-module-separately -disable-cmo

Copy /Users/aadityasingh/Library/Developer/Xcode/DerivedData/Chatlio-erkyzdeecsohoaggpwbjdvavzqfv/Build/Products/Debug-iphonesimulator/SentryCppHelper.swiftmodule/x86_64-apple-ios-simulator.swiftmodule /Users/aadityasingh/Library/Developer/Xcode/DerivedData/Chatlio-erkyzdeecsohoaggpwbjdvavzqfv/Build/Intermediates.noindex/Sentry.build/Debug-iphonesimulator/SentryCppHelper.build/Objects-normal/x86_64/SentryCppHelper.swiftmodule (in target 'SentryCppHelper' from project 'Sentry')
    cd /Users/aadityasingh/Library/Developer/Xcode/DerivedData/Chatlio-erkyzdeecsohoaggpwbjdvavzqfv/SourcePackages/checkouts/sentry-cocoa
    builtin-copy -exclude .DS_Store -exclude CVS -exclude .svn -exclude .git -exclude .hg -resolve-src-symlinks -rename /Users/aadityasingh/Library/Developer/Xcode/DerivedData/Chatlio-erkyzdeecsohoaggpwbjdvavzqfv/Build/Intermediates.noindex/Sentry.build/Debug-iphonesimulator/SentryCppHelper.build/Objects-normal/x86_64/SentryCppHelper.swiftmodule /Users/aadityasingh/Library/Developer/Xcode/DerivedData/Chatlio-erkyzdeecsohoaggpwbjdvavzqfv/Build/Products/Debug-iphonesimulator/SentryCppHelper.swiftmodule/x86_64-apple-ios-simulator.swiftmodule

SwiftMergeGeneratedHeaders /Users/aadityasingh/Library/Developer/Xcode/DerivedData/Chatlio-erkyzdeecsohoaggpwbjdvavzqfv/Build/Intermediates.noindex/GeneratedModuleMaps-iphonesimulator/SentryCppHelper-Swift.h /Users/aadityasingh/Library/Developer/Xcode/DerivedData/Chatlio-erkyzdeecsohoaggpwbjdvavzqfv/Build/Intermediates.noindex/Sentry.build/Debug-iphonesimulator/SentryCppHelper.build/Objects-normal/arm64/SentryCppHelper-Swift.h /Users/aadityasingh/Library/Developer/Xcode/DerivedData/Chatlio-erkyzdeecsohoaggpwbjdvavzqfv/Build/Intermediates.noindex/Sentry.build/Debug-iphonesimulator/SentryCppHelper.build/Objects-normal/x86_64/SentryCppHelper-Swift.h (in target 'SentryCppHelper' from project 'Sentry')
    cd /Users/aadityasingh/Library/Developer/Xcode/DerivedData/Chatlio-erkyzdeecsohoaggpwbjdvavzqfv/SourcePackages/checkouts/sentry-cocoa
    builtin-swiftHeaderTool -arch arm64 /Users/aadityasingh/Library/Developer/Xcode/DerivedData/Chatlio-erkyzdeecsohoaggpwbjdvavzqfv/Build/Intermediates.noindex/Sentry.build/Debug-iphonesimulator/SentryCppHelper.build/Objects-normal/arm64/SentryCppHelper-Swift.h -arch x86_64 /Users/aadityasingh/Library/Developer/Xcode/DerivedData/Chatlio-erkyzdeecsohoaggpwbjdvavzqfv/Build/Intermediates.noindex/Sentry.build/Debug-iphonesimulator/SentryCppHelper.build/Objects-normal/x86_64/SentryCppHelper-Swift.h -o /Users/aadityasingh/Library/Developer/Xcode/DerivedData/Chatlio-erkyzdeecsohoaggpwbjdvavzqfv/Build/Intermediates.noindex/GeneratedModuleMaps-iphonesimulator/SentryCppHelper-Swift.h

Copy /Users/aadityasingh/Library/Developer/Xcode/DerivedData/Chatlio-erkyzdeecsohoaggpwbjdvavzqfv/Build/Products/Debug-iphonesimulator/SentryCppHelper.swiftmodule/x86_64-apple-ios-simulator.swiftdoc /Users/aadityasingh/Library/Developer/Xcode/DerivedData/Chatlio-erkyzdeecsohoaggpwbjdvavzqfv/Build/Intermediates.noindex/Sentry.build/Debug-iphonesimulator/SentryCppHelper.build/Objects-normal/x86_64/SentryCppHelper.swiftdoc (in target 'SentryCppHelper' from project 'Sentry')
    cd /Users/aadityasingh/Library/Developer/Xcode/DerivedData/Chatlio-erkyzdeecsohoaggpwbjdvavzqfv/SourcePackages/checkouts/sentry-cocoa
    builtin-copy -exclude .DS_Store -exclude CVS -exclude .svn -exclude .git -exclude .hg -resolve-src-symlinks -rename /Users/aadityasingh/Library/Developer/Xcode/DerivedData/Chatlio-erkyzdeecsohoaggpwbjdvavzqfv/Build/Intermediates.noindex/Sentry.build/Debug-iphonesimulator/SentryCppHelper.build/Objects-normal/x86_64/SentryCppHelper.swiftdoc /Users/aadityasingh/Library/Developer/Xcode/DerivedData/Chatlio-erkyzdeecsohoaggpwbjdvavzqfv/Build/Products/Debug-iphonesimulator/SentryCppHelper.swiftmodule/x86_64-apple-ios-simulator.swiftdoc

Copy /Users/aadityasingh/Library/Developer/Xcode/DerivedData/Chatlio-erkyzdeecsohoaggpwbjdvavzqfv/Build/Products/Debug-iphonesimulator/SentryCppHelper.swiftmodule/x86_64-apple-ios-simulator.abi.json /Users/aadityasingh/Library/Developer/Xcode/DerivedData/Chatlio-erkyzdeecsohoaggpwbjdvavzqfv/Build/Intermediates.noindex/Sentry.build/Debug-iphonesimulator/SentryCppHelper.build/Objects-normal/x86_64/SentryCppHelper.abi.json (in target 'SentryCppHelper' from project 'Sentry')
    cd /Users/aadityasingh/Library/Developer/Xcode/DerivedData/Chatlio-erkyzdeecsohoaggpwbjdvavzqfv/SourcePackages/checkouts/sentry-cocoa
    builtin-copy -exclude .DS_Store -exclude CVS -exclude .svn -exclude .git -exclude .hg -resolve-src-symlinks -rename /Users/aadityasingh/Library/Developer/Xcode/DerivedData/Chatlio-erkyzdeecsohoaggpwbjdvavzqfv/Build/Intermediates.noindex/Sentry.build/Debug-iphonesimulator/SentryCppHelper.build/Objects-normal/x86_64/SentryCppHelper.abi.json /Users/aadityasingh/Library/Developer/Xcode/DerivedData/Chatlio-erkyzdeecsohoaggpwbjdvavzqfv/Build/Products/Debug-iphonesimulator/SentryCppHelper.swiftmodule/x86_64-apple-ios-simulator.abi.json

Copy /Users/aadityasingh/Library/Developer/Xcode/DerivedData/Chatlio-erkyzdeecsohoaggpwbjdvavzqfv/Build/Products/Debug-iphonesimulator/SentryCppHelper.swiftmodule/arm64-apple-ios-simulator.swiftmodule /Users/aadityasingh/Library/Developer/Xcode/DerivedData/Chatlio-erkyzdeecsohoaggpwbjdvavzqfv/Build/Intermediates.noindex/Sentry.build/Debug-iphonesimulator/SentryCppHelper.build/Objects-normal/arm64/SentryCppHelper.swiftmodule (in target 'SentryCppHelper' from project 'Sentry')
    cd /Users/aadityasingh/Library/Developer/Xcode/DerivedData/Chatlio-erkyzdeecsohoaggpwbjdvavzqfv/SourcePackages/checkouts/sentry-cocoa
    builtin-copy -exclude .DS_Store -exclude CVS -exclude .svn -exclude .git -exclude .hg -resolve-src-symlinks -rename /Users/aadityasingh/Library/Developer/Xcode/DerivedData/Chatlio-erkyzdeecsohoaggpwbjdvavzqfv/Build/Intermediates.noindex/Sentry.build/Debug-iphonesimulator/SentryCppHelper.build/Objects-normal/arm64/SentryCppHelper.swiftmodule /Users/aadityasingh/Library/Developer/Xcode/DerivedData/Chatlio-erkyzdeecsohoaggpwbjdvavzqfv/Build/Products/Debug-iphonesimulator/SentryCppHelper.swiftmodule/arm64-apple-ios-simulator.swiftmodule

Copy /Users/aadityasingh/Library/Developer/Xcode/DerivedData/Chatlio-erkyzdeecsohoaggpwbjdvavzqfv/Build/Products/Debug-iphonesimulator/SentryCppHelper.swiftmodule/arm64-apple-ios-simulator.swiftdoc /Users/aadityasingh/Library/Developer/Xcode/DerivedData/Chatlio-erkyzdeecsohoaggpwbjdvavzqfv/Build/Intermediates.noindex/Sentry.build/Debug-iphonesimulator/SentryCppHelper.build/Objects-normal/arm64/SentryCppHelper.swiftdoc (in target 'SentryCppHelper' from project 'Sentry')
    cd /Users/aadityasingh/Library/Developer/Xcode/DerivedData/Chatlio-erkyzdeecsohoaggpwbjdvavzqfv/SourcePackages/checkouts/sentry-cocoa
    builtin-copy -exclude .DS_Store -exclude CVS -exclude .svn -exclude .git -exclude .hg -resolve-src-symlinks -rename /Users/aadityasingh/Library/Developer/Xcode/DerivedData/Chatlio-erkyzdeecsohoaggpwbjdvavzqfv/Build/Intermediates.noindex/Sentry.build/Debug-iphonesimulator/SentryCppHelper.build/Objects-normal/arm64/SentryCppHelper.swiftdoc /Users/aadityasingh/Library/Developer/Xcode/DerivedData/Chatlio-erkyzdeecsohoaggpwbjdvavzqfv/Build/Products/Debug-iphonesimulator/SentryCppHelper.swiftmodule/arm64-apple-ios-simulator.swiftdoc

Copy /Users/aadityasingh/Library/Developer/Xcode/DerivedData/Chatlio-erkyzdeecsohoaggpwbjdvavzqfv/Build/Products/Debug-iphonesimulator/SentryCppHelper.swiftmodule/arm64-apple-ios-simulator.abi.json /Users/aadityasingh/Library/Developer/Xcode/DerivedData/Chatlio-erkyzdeecsohoaggpwbjdvavzqfv/Build/Intermediates.noindex/Sentry.build/Debug-iphonesimulator/SentryCppHelper.build/Objects-normal/arm64/SentryCppHelper.abi.json (in target 'SentryCppHelper' from project 'Sentry')
    cd /Users/aadityasingh/Library/Developer/Xcode/DerivedData/Chatlio-erkyzdeecsohoaggpwbjdvavzqfv/SourcePackages/checkouts/sentry-cocoa
    builtin-copy -exclude .DS_Store -exclude CVS -exclude .svn -exclude .git -exclude .hg -resolve-src-symlinks -rename /Users/aadityasingh/Library/Developer/Xcode/DerivedData/Chatlio-erkyzdeecsohoaggpwbjdvavzqfv/Build/Intermediates.noindex/Sentry.build/Debug-iphonesimulator/SentryCppHelper.build/Objects-normal/arm64/SentryCppHelper.abi.json /Users/aadityasingh/Library/Developer/Xcode/DerivedData/Chatlio-erkyzdeecsohoaggpwbjdvavzqfv/Build/Products/Debug-iphonesimulator/SentryCppHelper.swiftmodule/arm64-apple-ios-simulator.abi.json

Copy /Users/aadityasingh/Library/Developer/Xcode/DerivedData/Chatlio-erkyzdeecsohoaggpwbjdvavzqfv/Build/Products/Debug-iphonesimulator/SentryCppHelper.swiftmodule/Project/x86_64-apple-ios-simulator.swiftsourceinfo /Users/aadityasingh/Library/Developer/Xcode/DerivedData/Chatlio-erkyzdeecsohoaggpwbjdvavzqfv/Build/Intermediates.noindex/Sentry.build/Debug-iphonesimulator/SentryCppHelper.build/Objects-normal/x86_64/SentryCppHelper.swiftsourceinfo (in target 'SentryCppHelper' from project 'Sentry')
    cd /Users/aadityasingh/Library/Developer/Xcode/DerivedData/Chatlio-erkyzdeecsohoaggpwbjdvavzqfv/SourcePackages/checkouts/sentry-cocoa
    builtin-copy -exclude .DS_Store -exclude CVS -exclude .svn -exclude .git -exclude .hg -resolve-src-symlinks -rename /Users/aadityasingh/Library/Developer/Xcode/DerivedData/Chatlio-erkyzdeecsohoaggpwbjdvavzqfv/Build/Intermediates.noindex/Sentry.build/Debug-iphonesimulator/SentryCppHelper.build/Objects-normal/x86_64/SentryCppHelper.swiftsourceinfo /Users/aadityasingh/Library/Developer/Xcode/DerivedData/Chatlio-erkyzdeecsohoaggpwbjdvavzqfv/Build/Products/Debug-iphonesimulator/SentryCppHelper.swiftmodule/Project/x86_64-apple-ios-simulator.swiftsourceinfo

Copy /Users/aadityasingh/Library/Developer/Xcode/DerivedData/Chatlio-erkyzdeecsohoaggpwbjdvavzqfv/Build/Products/Debug-iphonesimulator/SentryCppHelper.swiftmodule/Project/arm64-apple-ios-simulator.swiftsourceinfo /Users/aadityasingh/Library/Developer/Xcode/DerivedData/Chatlio-erkyzdeecsohoaggpwbjdvavzqfv/Build/Intermediates.noindex/Sentry.build/Debug-iphonesimulator/SentryCppHelper.build/Objects-normal/arm64/SentryCppHelper.swiftsourceinfo (in target 'SentryCppHelper' from project 'Sentry')
    cd /Users/aadityasingh/Library/Developer/Xcode/DerivedData/Chatlio-erkyzdeecsohoaggpwbjdvavzqfv/SourcePackages/checkouts/sentry-cocoa
    builtin-copy -exclude .DS_Store -exclude CVS -exclude .svn -exclude .git -exclude .hg -resolve-src-symlinks -rename /Users/aadityasingh/Library/Developer/Xcode/DerivedData/Chatlio-erkyzdeecsohoaggpwbjdvavzqfv/Build/Intermediates.noindex/Sentry.build/Debug-iphonesimulator/SentryCppHelper.build/Objects-normal/arm64/SentryCppHelper.swiftsourceinfo /Users/aadityasingh/Library/Developer/Xcode/DerivedData/Chatlio-erkyzdeecsohoaggpwbjdvavzqfv/Build/Products/Debug-iphonesimulator/SentryCppHelper.swiftmodule/Project/arm64-apple-ios-simulator.swiftsourceinfo

SwiftCompile normal x86_64 Compiling\ SentryCppHelper.swift /Users/aadityasingh/Library/Developer/Xcode/DerivedData/Chatlio-erkyzdeecsohoaggpwbjdvavzqfv/SourcePackages/checkouts/sentry-cocoa/Sources/SentryCppHelper/SentryCppHelper.swift (in target 'SentryCppHelper' from project 'Sentry')

SwiftCompile normal x86_64 /Users/aadityasingh/Library/Developer/Xcode/DerivedData/Chatlio-erkyzdeecsohoaggpwbjdvavzqfv/SourcePackages/checkouts/sentry-cocoa/Sources/SentryCppHelper/SentryCppHelper.swift (in target 'SentryCppHelper' from project 'Sentry')
    cd /Users/aadityasingh/Documents/Development/element-x-ios/Chatlio.xcodeproj
    

SwiftExplicitDependencyGeneratePcm arm64 /Users/aadityasingh/Library/Developer/Xcode/DerivedData/ModuleCache.noindex/_AvailabilityInternal-9RBN3P3AVV2HMG88WZHVVYGBZ.pcm

SwiftExplicitDependencyGeneratePcm arm64 /Users/aadityasingh/Library/Developer/Xcode/DerivedData/ModuleCache.noindex/_Builtin_stddef-43XYJIFWQ95DTWYWM5F47ZXNP.pcm

SwiftExplicitDependencyGeneratePcm arm64 /Users/aadityasingh/Library/Developer/Xcode/DerivedData/ModuleCache.noindex/ptrauth-5F8D3CWSMPNX9UY1BZB5QWU35.pcm

SwiftExplicitDependencyGeneratePcm arm64 /Users/aadityasingh/Library/Developer/Xcode/DerivedData/ModuleCache.noindex/ptrcheck-BU02J6UEZXQRU9TO75P5F9XG.pcm

SwiftExplicitDependencyGeneratePcm arm64 /Users/aadityasingh/Library/Developer/Xcode/DerivedData/ModuleCache.noindex/_Builtin_stdarg-EJGN6AZ6S2I7EJJZ5W743QVH2.pcm

SwiftExplicitDependencyGeneratePcm arm64 /Users/aadityasingh/Library/Developer/Xcode/DerivedData/ModuleCache.noindex/DeveloperToolsSupport-6UG0G0NJ3K82XHSDGL0OPDK61.pcm

SwiftExplicitDependencyGeneratePcm arm64 /Users/aadityasingh/Library/Developer/Xcode/DerivedData/ModuleCache.noindex/_SwiftConcurrencyShims-824C6JN0W56W24MY6OO96BNVB.pcm

SwiftExplicitDependencyGeneratePcm arm64 /Users/aadityasingh/Library/Developer/Xcode/DerivedData/ModuleCache.noindex/SwiftShims-3I3FQVKX9CKLQ3YY3XLIBAA4D.pcm

SwiftExplicitDependencyGeneratePcm arm64 /Users/aadityasingh/Library/Developer/Xcode/DerivedData/ModuleCache.noindex/_Builtin_float-1OJJ28DYIUIGULYUNMZN2GF08.pcm

SwiftExplicitDependencyGeneratePcm arm64 /Users/aadityasingh/Library/Developer/Xcode/DerivedData/ModuleCache.noindex/_Builtin_stdbool-9LXIIMINJUH7BLEJQET9RFIRT.pcm

ProcessInfoPlistFile /Users/aadityasingh/Library/Developer/Xcode/DerivedData/Chatlio-erkyzdeecsohoaggpwbjdvavzqfv/Build/Products/Debug-iphonesimulator/PostHog_PostHog.bundle/Info.plist /Users/aadityasingh/Library/Developer/Xcode/DerivedData/Chatlio-erkyzdeecsohoaggpwbjdvavzqfv/Build/Intermediates.noindex/PostHog.build/Debug-iphonesimulator/PostHog_PostHog.build/empty-PostHog_PostHog.plist (in target 'PostHog_PostHog' from project 'PostHog')
    cd /Users/aadityasingh/Library/Developer/Xcode/DerivedData/Chatlio-erkyzdeecsohoaggpwbjdvavzqfv/SourcePackages/checkouts/posthog-ios
    builtin-infoPlistUtility /Users/aadityasingh/Library/Developer/Xcode/DerivedData/Chatlio-erkyzdeecsohoaggpwbjdvavzqfv/Build/Intermediates.noindex/PostHog.build/Debug-iphonesimulator/PostHog_PostHog.build/empty-PostHog_PostHog.plist -producttype com.apple.product-type.bundle -expandbuildsettings -format binary -platform iphonesimulator -o /Users/aadityasingh/Library/Developer/Xcode/DerivedData/Chatlio-erkyzdeecsohoaggpwbjdvavzqfv/Build/Products/Debug-iphonesimulator/PostHog_PostHog.bundle/Info.plist

CpResource /Users/aadityasingh/Library/Developer/Xcode/DerivedData/Chatlio-erkyzdeecsohoaggpwbjdvavzqfv/Build/Products/Debug-iphonesimulator/PostHog_PostHog.bundle/PrivacyInfo.xcprivacy /Users/aadityasingh/Library/Developer/Xcode/DerivedData/Chatlio-erkyzdeecsohoaggpwbjdvavzqfv/SourcePackages/checkouts/posthog-ios/PostHog/Resources/PrivacyInfo.xcprivacy (in target 'PostHog_PostHog' from project 'PostHog')
    cd /Users/aadityasingh/Library/Developer/Xcode/DerivedData/Chatlio-erkyzdeecsohoaggpwbjdvavzqfv/SourcePackages/checkouts/posthog-ios
    builtin-copy -exclude .DS_Store -exclude CVS -exclude .svn -exclude .git -exclude .hg -resolve-src-symlinks /Users/aadityasingh/Library/Developer/Xcode/DerivedData/Chatlio-erkyzdeecsohoaggpwbjdvavzqfv/SourcePackages/checkouts/posthog-ios/PostHog/Resources/PrivacyInfo.xcprivacy /Users/aadityasingh/Library/Developer/Xcode/DerivedData/Chatlio-erkyzdeecsohoaggpwbjdvavzqfv/Build/Products/Debug-iphonesimulator/PostHog_PostHog.bundle

SwiftDriver RealModule normal arm64 com.apple.xcode.tools.swift.compiler (in target 'RealModule' from project 'swift-numerics')
    cd /Users/aadityasingh/Documents/Development/element-x-ios/Chatlio.xcodeproj
    builtin-SwiftDriver -- /Applications/Xcode.app/Contents/Developer/Toolchains/XcodeDefault.xctoolchain/usr/bin/swiftc -module-name RealModule -Onone @/Users/aadityasingh/Library/Developer/Xcode/DerivedData/Chatlio-erkyzdeecsohoaggpwbjdvavzqfv/Build/Intermediates.noindex/swift-numerics.build/Debug-iphonesimulator/RealModule.build/Objects-normal/arm64/RealModule.SwiftFileList -DSWIFT_PACKAGE -DDEBUG -DSWIFT_MODULE_RESOURCE_BUNDLE_UNAVAILABLE -DXcode -plugin-path /Applications/Xcode.app/Contents/Developer/Toolchains/XcodeDefault.xctoolchain/usr/lib/swift/host/plugins/testing -enable-experimental-feature DebugDescriptionMacro -sdk /Applications/Xcode.app/Contents/Developer/Platforms/iPhoneSimulator.platform/Developer/SDKs/iPhoneSimulator26.4.sdk -target arm64-apple-ios12.0-simulator -g -module-cache-path /Users/aadityasingh/Library/Developer/Xcode/DerivedData/ModuleCache.noindex -Xfrontend -serialize-debugging-options -profile-coverage-mapping -profile-generate -enable-testing -suppress-warnings -index-store-path /Users/aadityasingh/Library/Developer/Xcode/DerivedData/Chatlio-erkyzdeecsohoaggpwbjdvavzqfv/Index.noindex/DataStore -Xcc -D_LIBCPP_HARDENING_MODE\=_LIBCPP_HARDENING_MODE_DEBUG -swift-version 5 -I /Users/aadityasingh/Library/Developer/Xcode/DerivedData/Chatlio-erkyzdeecsohoaggpwbjdvavzqfv/Build/Products/Debug-iphonesimulator -Isystem /Applications/Xcode.app/Contents/Developer/Platforms/iPhoneSimulator.platform/Developer/usr/lib -F /Users/aadityasingh/Library/Developer/Xcode/DerivedData/Chatlio-erkyzdeecsohoaggpwbjdvavzqfv/Build/Products/Debug-iphonesimulator/PackageFrameworks -F /Users/aadityasingh/Library/Developer/Xcode/DerivedData/Chatlio-erkyzdeecsohoaggpwbjdvavzqfv/Build/Products/Debug-iphonesimulator -F /Applications/Xcode.app/Contents/Developer/Platforms/iPhoneSimulator.platform/Developer/Library/Frameworks -F /Applications/Xcode.app/Contents/Developer/Platforms/iPhoneSimulator.platform/Developer/SDKs/iPhoneSimulator26.4.sdk/Developer/Library/Frameworks -c -j12 -enable-batch-mode -incremental -Xcc -ivfsstatcache -Xcc /Users/aadityasingh/Library/Developer/Xcode/DerivedData/SDKStatCaches.noindex/iphonesimulator26.4-23E252-686eebb5dc1d8ecb277353a59184f4aa.sdkstatcache -output-file-map /Users/aadityasingh/Library/Developer/Xcode/DerivedData/Chatlio-erkyzdeecsohoaggpwbjdvavzqfv/Build/Intermediates.noindex/swift-numerics.build/Debug-iphonesimulator/RealModule.build/Objects-normal/arm64/RealModule-OutputFileMap.json -use-frontend-parseable-output -save-temps -no-color-diagnostics -explicit-module-build -module-cache-path /Users/aadityasingh/Library/Developer/Xcode/DerivedData/Chatlio-erkyzdeecsohoaggpwbjdvavzqfv/Build/Intermediates.noindex/SwiftExplicitPrecompiledModules -clang-scanner-module-cache-path /Users/aadityasingh/Library/Developer/Xcode/DerivedData/ModuleCache.noindex -sdk-module-cache-path /Users/aadityasingh/Library/Developer/Xcode/DerivedData/ModuleCache.noindex -serialize-diagnostics -emit-dependencies -emit-module -emit-module-path /Users/aadityasingh/Library/Developer/Xcode/DerivedData/Chatlio-erkyzdeecsohoaggpwbjdvavzqfv/Build/Intermediates.noindex/swift-numerics.build/Debug-iphonesimulator/RealModule.build/Objects-normal/arm64/RealModule.swiftmodule -validate-clang-modules-once -clang-build-session-file /Users/aadityasingh/Library/Developer/Xcode/DerivedData/ModuleCache.noindex/Session.modulevalidation -package-name swift_numerics -Xcc -I/Users/aadityasingh/Library/Developer/Xcode/DerivedData/Chatlio-erkyzdeecsohoaggpwbjdvavzqfv/Build/Intermediates.noindex/swift-numerics.build/Debug-iphonesimulator/RealModule.build/swift-overrides.hmap -emit-const-values -Xfrontend -const-gather-protocols-file -Xfrontend /Users/aadityasingh/Library/Developer/Xcode/DerivedData/Chatlio-erkyzdeecsohoaggpwbjdvavzqfv/Build/Intermediates.noindex/swift-numerics.build/Debug-iphonesimulator/RealModule.build/Objects-normal/arm64/RealModule_const_extract_protocols.json -Xcc -I/Users/aadityasingh/Library/Developer/Xcode/DerivedData/Chatlio-erkyzdeecsohoaggpwbjdvavzqfv/SourcePackages/checkouts/swift-numerics/Sources/_NumericsShims/include -Xcc -I/Users/aadityasingh/Library/Developer/Xcode/DerivedData/Chatlio-erkyzdeecsohoaggpwbjdvavzqfv/Build/Products/Debug-iphonesimulator/include -Xcc -I/Users/aadityasingh/Library/Developer/Xcode/DerivedData/Chatlio-erkyzdeecsohoaggpwbjdvavzqfv/Build/Intermediates.noindex/swift-numerics.build/Debug-iphonesimulator/RealModule.build/DerivedSources-normal/arm64 -Xcc -I/Users/aadityasingh/Library/Developer/Xcode/DerivedData/Chatlio-erkyzdeecsohoaggpwbjdvavzqfv/Build/Intermediates.noindex/swift-numerics.build/Debug-iphonesimulator/RealModule.build/DerivedSources/arm64 -Xcc -I/Users/aadityasingh/Library/Developer/Xcode/DerivedData/Chatlio-erkyzdeecsohoaggpwbjdvavzqfv/Build/Intermediates.noindex/swift-numerics.build/Debug-iphonesimulator/RealModule.build/DerivedSources -Xcc -DSWIFT_PACKAGE -Xcc -DDEBUG\=1 -emit-objc-header -emit-objc-header-path /Users/aadityasingh/Library/Developer/Xcode/DerivedData/Chatlio-erkyzdeecsohoaggpwbjdvavzqfv/Build/Intermediates.noindex/swift-numerics.build/Debug-iphonesimulator/RealModule.build/Objects-normal/arm64/RealModule-Swift.h -working-directory /Users/aadityasingh/Documents/Development/element-x-ios/Chatlio.xcodeproj -experimental-emit-module-separately -disable-cmo

SwiftDriver RealModule normal x86_64 com.apple.xcode.tools.swift.compiler (in target 'RealModule' from project 'swift-numerics')
    cd /Users/aadityasingh/Documents/Development/element-x-ios/Chatlio.xcodeproj
    builtin-SwiftDriver -- /Applications/Xcode.app/Contents/Developer/Toolchains/XcodeDefault.xctoolchain/usr/bin/swiftc -module-name RealModule -Onone @/Users/aadityasingh/Library/Developer/Xcode/DerivedData/Chatlio-erkyzdeecsohoaggpwbjdvavzqfv/Build/Intermediates.noindex/swift-numerics.build/Debug-iphonesimulator/RealModule.build/Objects-normal/x86_64/RealModule.SwiftFileList -DSWIFT_PACKAGE -DDEBUG -DSWIFT_MODULE_RESOURCE_BUNDLE_UNAVAILABLE -DXcode -plugin-path /Applications/Xcode.app/Contents/Developer/Toolchains/XcodeDefault.xctoolchain/usr/lib/swift/host/plugins/testing -enable-experimental-feature DebugDescriptionMacro -sdk /Applications/Xcode.app/Contents/Developer/Platforms/iPhoneSimulator.platform/Developer/SDKs/iPhoneSimulator26.4.sdk -target x86_64-apple-ios12.0-simulator -g -module-cache-path /Users/aadityasingh/Library/Developer/Xcode/DerivedData/ModuleCache.noindex -Xfrontend -serialize-debugging-options -profile-coverage-mapping -profile-generate -enable-testing -suppress-warnings -index-store-path /Users/aadityasingh/Library/Developer/Xcode/DerivedData/Chatlio-erkyzdeecsohoaggpwbjdvavzqfv/Index.noindex/DataStore -Xcc -D_LIBCPP_HARDENING_MODE\=_LIBCPP_HARDENING_MODE_DEBUG -swift-version 5 -I /Users/aadityasingh/Library/Developer/Xcode/DerivedData/Chatlio-erkyzdeecsohoaggpwbjdvavzqfv/Build/Products/Debug-iphonesimulator -Isystem /Applications/Xcode.app/Contents/Developer/Platforms/iPhoneSimulator.platform/Developer/usr/lib -F /Users/aadityasingh/Library/Developer/Xcode/DerivedData/Chatlio-erkyzdeecsohoaggpwbjdvavzqfv/Build/Products/Debug-iphonesimulator/PackageFrameworks -F /Users/aadityasingh/Library/Developer/Xcode/DerivedData/Chatlio-erkyzdeecsohoaggpwbjdvavzqfv/Build/Products/Debug-iphonesimulator -F /Applications/Xcode.app/Contents/Developer/Platforms/iPhoneSimulator.platform/Developer/Library/Frameworks -F /Applications/Xcode.app/Contents/Developer/Platforms/iPhoneSimulator.platform/Developer/SDKs/iPhoneSimulator26.4.sdk/Developer/Library/Frameworks -c -j12 -enable-batch-mode -incremental -Xcc -ivfsstatcache -Xcc /Users/aadityasingh/Library/Developer/Xcode/DerivedData/SDKStatCaches.noindex/iphonesimulator26.4-23E252-686eebb5dc1d8ecb277353a59184f4aa.sdkstatcache -output-file-map /Users/aadityasingh/Library/Developer/Xcode/DerivedData/Chatlio-erkyzdeecsohoaggpwbjdvavzqfv/Build/Intermediates.noindex/swift-numerics.build/Debug-iphonesimulator/RealModule.build/Objects-normal/x86_64/RealModule-OutputFileMap.json -use-frontend-parseable-output -save-temps -no-color-diagnostics -explicit-module-build -module-cache-path /Users/aadityasingh/Library/Developer/Xcode/DerivedData/Chatlio-erkyzdeecsohoaggpwbjdvavzqfv/Build/Intermediates.noindex/SwiftExplicitPrecompiledModules -clang-scanner-module-cache-path /Users/aadityasingh/Library/Developer/Xcode/DerivedData/ModuleCache.noindex -sdk-module-cache-path /Users/aadityasingh/Library/Developer/Xcode/DerivedData/ModuleCache.noindex -serialize-diagnostics -emit-dependencies -emit-module -emit-module-path /Users/aadityasingh/Library/Developer/Xcode/DerivedData/Chatlio-erkyzdeecsohoaggpwbjdvavzqfv/Build/Intermediates.noindex/swift-numerics.build/Debug-iphonesimulator/RealModule.build/Objects-normal/x86_64/RealModule.swiftmodule -validate-clang-modules-once -clang-build-session-file /Users/aadityasingh/Library/Developer/Xcode/DerivedData/ModuleCache.noindex/Session.modulevalidation -package-name swift_numerics -Xcc -I/Users/aadityasingh/Library/Developer/Xcode/DerivedData/Chatlio-erkyzdeecsohoaggpwbjdvavzqfv/Build/Intermediates.noindex/swift-numerics.build/Debug-iphonesimulator/RealModule.build/swift-overrides.hmap -emit-const-values -Xfrontend -const-gather-protocols-file -Xfrontend /Users/aadityasingh/Library/Developer/Xcode/DerivedData/Chatlio-erkyzdeecsohoaggpwbjdvavzqfv/Build/Intermediates.noindex/swift-numerics.build/Debug-iphonesimulator/RealModule.build/Objects-normal/x86_64/RealModule_const_extract_protocols.json -Xcc -I/Users/aadityasingh/Library/Developer/Xcode/DerivedData/Chatlio-erkyzdeecsohoaggpwbjdvavzqfv/SourcePackages/checkouts/swift-numerics/Sources/_NumericsShims/include -Xcc -I/Users/aadityasingh/Library/Developer/Xcode/DerivedData/Chatlio-erkyzdeecsohoaggpwbjdvavzqfv/Build/Products/Debug-iphonesimulator/include -Xcc -I/Users/aadityasingh/Library/Developer/Xcode/DerivedData/Chatlio-erkyzdeecsohoaggpwbjdvavzqfv/Build/Intermediates.noindex/swift-numerics.build/Debug-iphonesimulator/RealModule.build/DerivedSources-normal/x86_64 -Xcc -I/Users/aadityasingh/Library/Developer/Xcode/DerivedData/Chatlio-erkyzdeecsohoaggpwbjdvavzqfv/Build/Intermediates.noindex/swift-numerics.build/Debug-iphonesimulator/RealModule.build/DerivedSources/x86_64 -Xcc -I/Users/aadityasingh/Library/Developer/Xcode/DerivedData/Chatlio-erkyzdeecsohoaggpwbjdvavzqfv/Build/Intermediates.noindex/swift-numerics.build/Debug-iphonesimulator/RealModule.build/DerivedSources -Xcc -DSWIFT_PACKAGE -Xcc -DDEBUG\=1 -emit-objc-header -emit-objc-header-path /Users/aadityasingh/Library/Developer/Xcode/DerivedData/Chatlio-erkyzdeecsohoaggpwbjdvavzqfv/Build/Intermediates.noindex/swift-numerics.build/Debug-iphonesimulator/RealModule.build/Objects-normal/x86_64/RealModule-Swift.h -working-directory /Users/aadityasingh/Documents/Development/element-x-ios/Chatlio.xcodeproj -experimental-emit-module-separately -disable-cmo

SwiftDriver PostHog normal x86_64 com.apple.xcode.tools.swift.compiler (in target 'PostHog' from project 'PostHog')
    cd /Users/aadityasingh/Documents/Development/element-x-ios/Chatlio.xcodeproj
    builtin-SwiftDriver -- /Applications/Xcode.app/Contents/Developer/Toolchains/XcodeDefault.xctoolchain/usr/bin/swiftc -module-name PostHog -Onone @/Users/aadityasingh/Library/Developer/Xcode/DerivedData/Chatlio-erkyzdeecsohoaggpwbjdvavzqfv/Build/Intermediates.noindex/PostHog.build/Debug-iphonesimulator/PostHog.build/Objects-normal/x86_64/PostHog.SwiftFileList -DSWIFT_PACKAGE -DDEBUG -DSWIFT_MODULE_RESOURCE_BUNDLE_AVAILABLE -Xcc -fmodule-map-file\=/Users/aadityasingh/Library/Developer/Xcode/DerivedData/Chatlio-erkyzdeecsohoaggpwbjdvavzqfv/Build/Intermediates.noindex/GeneratedModuleMaps-iphonesimulator/phlibwebp.modulemap -DXcode -plugin-path /Applications/Xcode.app/Contents/Developer/Toolchains/XcodeDefault.xctoolchain/usr/lib/swift/host/plugins/testing -enable-experimental-feature DebugDescriptionMacro -sdk /Applications/Xcode.app/Contents/Developer/Platforms/iPhoneSimulator.platform/Developer/SDKs/iPhoneSimulator26.4.sdk -target x86_64-apple-ios13.0-simulator -g -module-cache-path /Users/aadityasingh/Library/Developer/Xcode/DerivedData/ModuleCache.noindex -Xfrontend -serialize-debugging-options -profile-coverage-mapping -profile-generate -enable-testing -suppress-warnings -index-store-path /Users/aadityasingh/Library/Developer/Xcode/DerivedData/Chatlio-erkyzdeecsohoaggpwbjdvavzqfv/Index.noindex/DataStore -Xcc -D_LIBCPP_HARDENING_MODE\=_LIBCPP_HARDENING_MODE_DEBUG -swift-version 5 -I /Users/aadityasingh/Library/Developer/Xcode/DerivedData/Chatlio-erkyzdeecsohoaggpwbjdvavzqfv/Build/Products/Debug-iphonesimulator -Isystem /Applications/Xcode.app/Contents/Developer/Platforms/iPhoneSimulator.platform/Developer/usr/lib -F /Users/aadityasingh/Library/Developer/Xcode/DerivedData/Chatlio-erkyzdeecsohoaggpwbjdvavzqfv/Build/Products/Debug-iphonesimulator/PackageFrameworks -F /Users/aadityasingh/Library/Developer/Xcode/DerivedData/Chatlio-erkyzdeecsohoaggpwbjdvavzqfv/Build/Products/Debug-iphonesimulator -F /Applications/Xcode.app/Contents/Developer/Platforms/iPhoneSimulator.platform/Developer/Library/Frameworks -F /Applications/Xcode.app/Contents/Developer/Platforms/iPhoneSimulator.platform/Developer/SDKs/iPhoneSimulator26.4.sdk/Developer/Library/Frameworks -c -j12 -enable-batch-mode -incremental -Xcc -ivfsstatcache -Xcc /Users/aadityasingh/Library/Developer/Xcode/DerivedData/SDKStatCaches.noindex/iphonesimulator26.4-23E252-686eebb5dc1d8ecb277353a59184f4aa.sdkstatcache -output-file-map /Users/aadityasingh/Library/Developer/Xcode/DerivedData/Chatlio-erkyzdeecsohoaggpwbjdvavzqfv/Build/Intermediates.noindex/PostHog.build/Debug-iphonesimulator/PostHog.build/Objects-normal/x86_64/PostHog-OutputFileMap.json -use-frontend-parseable-output -save-temps -no-color-diagnostics -explicit-module-build -module-cache-path /Users/aadityasingh/Library/Developer/Xcode/DerivedData/Chatlio-erkyzdeecsohoaggpwbjdvavzqfv/Build/Intermediates.noindex/SwiftExplicitPrecompiledModules -clang-scanner-module-cache-path /Users/aadityasingh/Library/Developer/Xcode/DerivedData/ModuleCache.noindex -sdk-module-cache-path /Users/aadityasingh/Library/Developer/Xcode/DerivedData/ModuleCache.noindex -serialize-diagnostics -emit-dependencies -emit-module -emit-module-path /Users/aadityasingh/Library/Developer/Xcode/DerivedData/Chatlio-erkyzdeecsohoaggpwbjdvavzqfv/Build/Intermediates.noindex/PostHog.build/Debug-iphonesimulator/PostHog.build/Objects-normal/x86_64/PostHog.swiftmodule -validate-clang-modules-once -clang-build-session-file /Users/aadityasingh/Library/Developer/Xcode/DerivedData/ModuleCache.noindex/Session.modulevalidation -Xcc -I/Users/aadityasingh/Library/Developer/Xcode/DerivedData/Chatlio-erkyzdeecsohoaggpwbjdvavzqfv/Build/Intermediates.noindex/PostHog.build/Debug-iphonesimulator/PostHog.build/swift-overrides.hmap -emit-const-values -Xfrontend -const-gather-protocols-file -Xfrontend /Users/aadityasingh/Library/Developer/Xcode/DerivedData/Chatlio-erkyzdeecsohoaggpwbjdvavzqfv/Build/Intermediates.noindex/PostHog.build/Debug-iphonesimulator/PostHog.build/Objects-normal/x86_64/PostHog_const_extract_protocols.json -Xcc -I/Users/aadityasingh/Library/Developer/Xcode/DerivedData/Chatlio-erkyzdeecsohoaggpwbjdvavzqfv/SourcePackages/checkouts/posthog-ios/vendor/libwebp -Xcc -I/Users/aadityasingh/Library/Developer/Xcode/DerivedData/Chatlio-erkyzdeecsohoaggpwbjdvavzqfv/Build/Products/Debug-iphonesimulator/include -Xcc -I/Users/aadityasingh/Library/Developer/Xcode/DerivedData/Chatlio-erkyzdeecsohoaggpwbjdvavzqfv/Build/Intermediates.noindex/PostHog.build/Debug-iphonesimulator/PostHog.build/DerivedSources-normal/x86_64 -Xcc -I/Users/aadityasingh/Library/Developer/Xcode/DerivedData/Chatlio-erkyzdeecsohoaggpwbjdvavzqfv/Build/Intermediates.noindex/PostHog.build/Debug-iphonesimulator/PostHog.build/DerivedSources/x86_64 -Xcc -I/Users/aadityasingh/Library/Developer/Xcode/DerivedData/Chatlio-erkyzdeecsohoaggpwbjdvavzqfv/Build/Intermediates.noindex/PostHog.build/Debug-iphonesimulator/PostHog.build/DerivedSources -Xcc -DSWIFT_PACKAGE -Xcc -DDEBUG\=1 -emit-objc-header -emit-objc-header-path /Users/aadityasingh/Library/Developer/Xcode/DerivedData/Chatlio-erkyzdeecsohoaggpwbjdvavzqfv/Build/Intermediates.noindex/PostHog.build/Debug-iphonesimulator/PostHog.build/Objects-normal/x86_64/PostHog-Swift.h -working-directory /Users/aadityasingh/Documents/Development/element-x-ios/Chatlio.xcodeproj -experimental-emit-module-separately -disable-cmo

SwiftDriver PostHog normal arm64 com.apple.xcode.tools.swift.compiler (in target 'PostHog' from project 'PostHog')
    cd /Users/aadityasingh/Documents/Development/element-x-ios/Chatlio.xcodeproj
    builtin-SwiftDriver -- /Applications/Xcode.app/Contents/Developer/Toolchains/XcodeDefault.xctoolchain/usr/bin/swiftc -module-name PostHog -Onone @/Users/aadityasingh/Library/Developer/Xcode/DerivedData/Chatlio-erkyzdeecsohoaggpwbjdvavzqfv/Build/Intermediates.noindex/PostHog.build/Debug-iphonesimulator/PostHog.build/Objects-normal/arm64/PostHog.SwiftFileList -DSWIFT_PACKAGE -DDEBUG -DSWIFT_MODULE_RESOURCE_BUNDLE_AVAILABLE -Xcc -fmodule-map-file\=/Users/aadityasingh/Library/Developer/Xcode/DerivedData/Chatlio-erkyzdeecsohoaggpwbjdvavzqfv/Build/Intermediates.noindex/GeneratedModuleMaps-iphonesimulator/phlibwebp.modulemap -DXcode -plugin-path /Applications/Xcode.app/Contents/Developer/Toolchains/XcodeDefault.xctoolchain/usr/lib/swift/host/plugins/testing -enable-experimental-feature DebugDescriptionMacro -sdk /Applications/Xcode.app/Contents/Developer/Platforms/iPhoneSimulator.platform/Developer/SDKs/iPhoneSimulator26.4.sdk -target arm64-apple-ios13.0-simulator -g -module-cache-path /Users/aadityasingh/Library/Developer/Xcode/DerivedData/ModuleCache.noindex -Xfrontend -serialize-debugging-options -profile-coverage-mapping -profile-generate -enable-testing -suppress-warnings -index-store-path /Users/aadityasingh/Library/Developer/Xcode/DerivedData/Chatlio-erkyzdeecsohoaggpwbjdvavzqfv/Index.noindex/DataStore -Xcc -D_LIBCPP_HARDENING_MODE\=_LIBCPP_HARDENING_MODE_DEBUG -swift-version 5 -I /Users/aadityasingh/Library/Developer/Xcode/DerivedData/Chatlio-erkyzdeecsohoaggpwbjdvavzqfv/Build/Products/Debug-iphonesimulator -Isystem /Applications/Xcode.app/Contents/Developer/Platforms/iPhoneSimulator.platform/Developer/usr/lib -F /Users/aadityasingh/Library/Developer/Xcode/DerivedData/Chatlio-erkyzdeecsohoaggpwbjdvavzqfv/Build/Products/Debug-iphonesimulator/PackageFrameworks -F /Users/aadityasingh/Library/Developer/Xcode/DerivedData/Chatlio-erkyzdeecsohoaggpwbjdvavzqfv/Build/Products/Debug-iphonesimulator -F /Applications/Xcode.app/Contents/Developer/Platforms/iPhoneSimulator.platform/Developer/Library/Frameworks -F /Applications/Xcode.app/Contents/Developer/Platforms/iPhoneSimulator.platform/Developer/SDKs/iPhoneSimulator26.4.sdk/Developer/Library/Frameworks -c -j12 -enable-batch-mode -incremental -Xcc -ivfsstatcache -Xcc /Users/aadityasingh/Library/Developer/Xcode/DerivedData/SDKStatCaches.noindex/iphonesimulator26.4-23E252-686eebb5dc1d8ecb277353a59184f4aa.sdkstatcache -output-file-map /Users/aadityasingh/Library/Developer/Xcode/DerivedData/Chatlio-erkyzdeecsohoaggpwbjdvavzqfv/Build/Intermediates.noindex/PostHog.build/Debug-iphonesimulator/PostHog.build/Objects-normal/arm64/PostHog-OutputFileMap.json -use-frontend-parseable-output -save-temps -no-color-diagnostics -explicit-module-build -module-cache-path /Users/aadityasingh/Library/Developer/Xcode/DerivedData/Chatlio-erkyzdeecsohoaggpwbjdvavzqfv/Build/Intermediates.noindex/SwiftExplicitPrecompiledModules -clang-scanner-module-cache-path /Users/aadityasingh/Library/Developer/Xcode/DerivedData/ModuleCache.noindex -sdk-module-cache-path /Users/aadityasingh/Library/Developer/Xcode/DerivedData/ModuleCache.noindex -serialize-diagnostics -emit-dependencies -emit-module -emit-module-path /Users/aadityasingh/Library/Developer/Xcode/DerivedData/Chatlio-erkyzdeecsohoaggpwbjdvavzqfv/Build/Intermediates.noindex/PostHog.build/Debug-iphonesimulator/PostHog.build/Objects-normal/arm64/PostHog.swiftmodule -validate-clang-modules-once -clang-build-session-file /Users/aadityasingh/Library/Developer/Xcode/DerivedData/ModuleCache.noindex/Session.modulevalidation -Xcc -I/Users/aadityasingh/Library/Developer/Xcode/DerivedData/Chatlio-erkyzdeecsohoaggpwbjdvavzqfv/Build/Intermediates.noindex/PostHog.build/Debug-iphonesimulator/PostHog.build/swift-overrides.hmap -emit-const-values -Xfrontend -const-gather-protocols-file -Xfrontend /Users/aadityasingh/Library/Developer/Xcode/DerivedData/Chatlio-erkyzdeecsohoaggpwbjdvavzqfv/Build/Intermediates.noindex/PostHog.build/Debug-iphonesimulator/PostHog.build/Objects-normal/arm64/PostHog_const_extract_protocols.json -Xcc -I/Users/aadityasingh/Library/Developer/Xcode/DerivedData/Chatlio-erkyzdeecsohoaggpwbjdvavzqfv/SourcePackages/checkouts/posthog-ios/vendor/libwebp -Xcc -I/Users/aadityasingh/Library/Developer/Xcode/DerivedData/Chatlio-erkyzdeecsohoaggpwbjdvavzqfv/Build/Products/Debug-iphonesimulator/include -Xcc -I/Users/aadityasingh/Library/Developer/Xcode/DerivedData/Chatlio-erkyzdeecsohoaggpwbjdvavzqfv/Build/Intermediates.noindex/PostHog.build/Debug-iphonesimulator/PostHog.build/DerivedSources-normal/arm64 -Xcc -I/Users/aadityasingh/Library/Developer/Xcode/DerivedData/Chatlio-erkyzdeecsohoaggpwbjdvavzqfv/Build/Intermediates.noindex/PostHog.build/Debug-iphonesimulator/PostHog.build/DerivedSources/arm64 -Xcc -I/Users/aadityasingh/Library/Developer/Xcode/DerivedData/Chatlio-erkyzdeecsohoaggpwbjdvavzqfv/Build/Intermediates.noindex/PostHog.build/Debug-iphonesimulator/PostHog.build/DerivedSources -Xcc -DSWIFT_PACKAGE -Xcc -DDEBUG\=1 -emit-objc-header -emit-objc-header-path /Users/aadityasingh/Library/Developer/Xcode/DerivedData/Chatlio-erkyzdeecsohoaggpwbjdvavzqfv/Build/Intermediates.noindex/PostHog.build/Debug-iphonesimulator/PostHog.build/Objects-normal/arm64/PostHog-Swift.h -working-directory /Users/aadityasingh/Documents/Development/element-x-ios/Chatlio.xcodeproj -experimental-emit-module-separately -disable-cmo

SwiftDriver MatrixRustSDK normal arm64 com.apple.xcode.tools.swift.compiler (in target 'MatrixRustSDK' from project 'MatrixRustSDK')
    cd /Users/aadityasingh/Documents/Development/element-x-ios/Chatlio.xcodeproj
    builtin-SwiftDriver -- /Applications/Xcode.app/Contents/Developer/Toolchains/XcodeDefault.xctoolchain/usr/bin/swiftc -module-name MatrixRustSDK -Onone @/Users/aadityasingh/Library/Developer/Xcode/DerivedData/Chatlio-erkyzdeecsohoaggpwbjdvavzqfv/Build/Intermediates.noindex/MatrixRustSDK.build/Debug-iphonesimulator/MatrixRustSDK.build/Objects-normal/arm64/MatrixRustSDK.SwiftFileList -DSWIFT_PACKAGE -DDEBUG -DSWIFT_MODULE_RESOURCE_BUNDLE_UNAVAILABLE -DXcode -plugin-path /Applications/Xcode.app/Contents/Developer/Toolchains/XcodeDefault.xctoolchain/usr/lib/swift/host/plugins/testing -enable-experimental-feature DebugDescriptionMacro -sdk /Applications/Xcode.app/Contents/Developer/Platforms/iPhoneSimulator.platform/Developer/SDKs/iPhoneSimulator26.4.sdk -target arm64-apple-ios16.0-simulator -g -module-cache-path /Users/aadityasingh/Library/Developer/Xcode/DerivedData/ModuleCache.noindex -Xfrontend -serialize-debugging-options -profile-coverage-mapping -profile-generate -enable-testing -index-store-path /Users/aadityasingh/Library/Developer/Xcode/DerivedData/Chatlio-erkyzdeecsohoaggpwbjdvavzqfv/Index.noindex/DataStore -Xcc -D_LIBCPP_HARDENING_MODE\=_LIBCPP_HARDENING_MODE_DEBUG -swift-version 5 -I /Users/aadityasingh/Library/Developer/Xcode/DerivedData/Chatlio-erkyzdeecsohoaggpwbjdvavzqfv/Build/Products/Debug-iphonesimulator -Isystem /Applications/Xcode.app/Contents/Developer/Platforms/iPhoneSimulator.platform/Developer/usr/lib -F /Users/aadityasingh/Library/Developer/Xcode/DerivedData/Chatlio-erkyzdeecsohoaggpwbjdvavzqfv/Build/Products/Debug-iphonesimulator -F /Applications/Xcode.app/Contents/Developer/Platforms/iPhoneSimulator.platform/Developer/Library/Frameworks -F /Applications/Xcode.app/Contents/Developer/Platforms/iPhoneSimulator.platform/Developer/SDKs/iPhoneSimulator26.4.sdk/Developer/Library/Frameworks -c -j12 -enable-batch-mode -incremental -Xcc -ivfsstatcache -Xcc /Users/aadityasingh/Library/Developer/Xcode/DerivedData/SDKStatCaches.noindex/iphonesimulator26.4-23E252-686eebb5dc1d8ecb277353a59184f4aa.sdkstatcache -output-file-map /Users/aadityasingh/Library/Developer/Xcode/DerivedData/Chatlio-erkyzdeecsohoaggpwbjdvavzqfv/Build/Intermediates.noindex/MatrixRustSDK.build/Debug-iphonesimulator/MatrixRustSDK.build/Objects-normal/arm64/MatrixRustSDK-OutputFileMap.json -use-frontend-parseable-output -save-temps -no-color-diagnostics -explicit-module-build -module-cache-path /Users/aadityasingh/Library/Developer/Xcode/DerivedData/Chatlio-erkyzdeecsohoaggpwbjdvavzqfv/Build/Intermediates.noindex/SwiftExplicitPrecompiledModules -clang-scanner-module-cache-path /Users/aadityasingh/Library/Developer/Xcode/DerivedData/ModuleCache.noindex -sdk-module-cache-path /Users/aadityasingh/Library/Developer/Xcode/DerivedData/ModuleCache.noindex -serialize-diagnostics -emit-dependencies -emit-module -emit-module-path /Users/aadityasingh/Library/Developer/Xcode/DerivedData/Chatlio-erkyzdeecsohoaggpwbjdvavzqfv/Build/Intermediates.noindex/MatrixRustSDK.build/Debug-iphonesimulator/MatrixRustSDK.build/Objects-normal/arm64/MatrixRustSDK.swiftmodule -validate-clang-modules-once -clang-build-session-file /Users/aadityasingh/Library/Developer/Xcode/DerivedData/ModuleCache.noindex/Session.modulevalidation -package-name matrix_rust_sdk_local -Xcc -I/Users/aadityasingh/Library/Developer/Xcode/DerivedData/Chatlio-erkyzdeecsohoaggpwbjdvavzqfv/Build/Intermediates.noindex/MatrixRustSDK.build/Debug-iphonesimulator/MatrixRustSDK.build/swift-overrides.hmap -emit-const-values -Xfrontend -const-gather-protocols-file -Xfrontend /Users/aadityasingh/Library/Developer/Xcode/DerivedData/Chatlio-erkyzdeecsohoaggpwbjdvavzqfv/Build/Intermediates.noindex/MatrixRustSDK.build/Debug-iphonesimulator/MatrixRustSDK.build/Objects-normal/arm64/MatrixRustSDK_const_extract_protocols.json -Xcc -I/Users/aadityasingh/Library/Developer/Xcode/DerivedData/Chatlio-erkyzdeecsohoaggpwbjdvavzqfv/Build/Products/Debug-iphonesimulator/include -Xcc -I/Users/aadityasingh/Library/Developer/Xcode/DerivedData/Chatlio-erkyzdeecsohoaggpwbjdvavzqfv/Build/Intermediates.noindex/MatrixRustSDK.build/Debug-iphonesimulator/MatrixRustSDK.build/DerivedSources-normal/arm64 -Xcc -I/Users/aadityasingh/Library/Developer/Xcode/DerivedData/Chatlio-erkyzdeecsohoaggpwbjdvavzqfv/Build/Intermediates.noindex/MatrixRustSDK.build/Debug-iphonesimulator/MatrixRustSDK.build/DerivedSources/arm64 -Xcc -I/Users/aadityasingh/Library/Developer/Xcode/DerivedData/Chatlio-erkyzdeecsohoaggpwbjdvavzqfv/Build/Intermediates.noindex/MatrixRustSDK.build/Debug-iphonesimulator/MatrixRustSDK.build/DerivedSources -Xcc -DSWIFT_PACKAGE -Xcc -DDEBUG\=1 -emit-objc-header -emit-objc-header-path /Users/aadityasingh/Library/Developer/Xcode/DerivedData/Chatlio-erkyzdeecsohoaggpwbjdvavzqfv/Build/Intermediates.noindex/MatrixRustSDK.build/Debug-iphonesimulator/MatrixRustSDK.build/Objects-normal/arm64/MatrixRustSDK-Swift.h -working-directory /Users/aadityasingh/Documents/Development/element-x-ios/Chatlio.xcodeproj -experimental-emit-module-separately -disable-cmo

SwiftDriver MatrixRustSDK normal x86_64 com.apple.xcode.tools.swift.compiler (in target 'MatrixRustSDK' from project 'MatrixRustSDK')
    cd /Users/aadityasingh/Documents/Development/element-x-ios/Chatlio.xcodeproj
    builtin-SwiftDriver -- /Applications/Xcode.app/Contents/Developer/Toolchains/XcodeDefault.xctoolchain/usr/bin/swiftc -module-name MatrixRustSDK -Onone @/Users/aadityasingh/Library/Developer/Xcode/DerivedData/Chatlio-erkyzdeecsohoaggpwbjdvavzqfv/Build/Intermediates.noindex/MatrixRustSDK.build/Debug-iphonesimulator/MatrixRustSDK.build/Objects-normal/x86_64/MatrixRustSDK.SwiftFileList -DSWIFT_PACKAGE -DDEBUG -DSWIFT_MODULE_RESOURCE_BUNDLE_UNAVAILABLE -DXcode -plugin-path /Applications/Xcode.app/Contents/Developer/Toolchains/XcodeDefault.xctoolchain/usr/lib/swift/host/plugins/testing -enable-experimental-feature DebugDescriptionMacro -sdk /Applications/Xcode.app/Contents/Developer/Platforms/iPhoneSimulator.platform/Developer/SDKs/iPhoneSimulator26.4.sdk -target x86_64-apple-ios16.0-simulator -g -module-cache-path /Users/aadityasingh/Library/Developer/Xcode/DerivedData/ModuleCache.noindex -Xfrontend -serialize-debugging-options -profile-coverage-mapping -profile-generate -enable-testing -index-store-path /Users/aadityasingh/Library/Developer/Xcode/DerivedData/Chatlio-erkyzdeecsohoaggpwbjdvavzqfv/Index.noindex/DataStore -Xcc -D_LIBCPP_HARDENING_MODE\=_LIBCPP_HARDENING_MODE_DEBUG -swift-version 5 -I /Users/aadityasingh/Library/Developer/Xcode/DerivedData/Chatlio-erkyzdeecsohoaggpwbjdvavzqfv/Build/Products/Debug-iphonesimulator -Isystem /Applications/Xcode.app/Contents/Developer/Platforms/iPhoneSimulator.platform/Developer/usr/lib -F /Users/aadityasingh/Library/Developer/Xcode/DerivedData/Chatlio-erkyzdeecsohoaggpwbjdvavzqfv/Build/Products/Debug-iphonesimulator -F /Applications/Xcode.app/Contents/Developer/Platforms/iPhoneSimulator.platform/Developer/Library/Frameworks -F /Applications/Xcode.app/Contents/Developer/Platforms/iPhoneSimulator.platform/Developer/SDKs/iPhoneSimulator26.4.sdk/Developer/Library/Frameworks -c -j12 -enable-batch-mode -incremental -Xcc -ivfsstatcache -Xcc /Users/aadityasingh/Library/Developer/Xcode/DerivedData/SDKStatCaches.noindex/iphonesimulator26.4-23E252-686eebb5dc1d8ecb277353a59184f4aa.sdkstatcache -output-file-map /Users/aadityasingh/Library/Developer/Xcode/DerivedData/Chatlio-erkyzdeecsohoaggpwbjdvavzqfv/Build/Intermediates.noindex/MatrixRustSDK.build/Debug-iphonesimulator/MatrixRustSDK.build/Objects-normal/x86_64/MatrixRustSDK-OutputFileMap.json -use-frontend-parseable-output -save-temps -no-color-diagnostics -explicit-module-build -module-cache-path /Users/aadityasingh/Library/Developer/Xcode/DerivedData/Chatlio-erkyzdeecsohoaggpwbjdvavzqfv/Build/Intermediates.noindex/SwiftExplicitPrecompiledModules -clang-scanner-module-cache-path /Users/aadityasingh/Library/Developer/Xcode/DerivedData/ModuleCache.noindex -sdk-module-cache-path /Users/aadityasingh/Library/Developer/Xcode/DerivedData/ModuleCache.noindex -serialize-diagnostics -emit-dependencies -emit-module -emit-module-path /Users/aadityasingh/Library/Developer/Xcode/DerivedData/Chatlio-erkyzdeecsohoaggpwbjdvavzqfv/Build/Intermediates.noindex/MatrixRustSDK.build/Debug-iphonesimulator/MatrixRustSDK.build/Objects-normal/x86_64/MatrixRustSDK.swiftmodule -validate-clang-modules-once -clang-build-session-file /Users/aadityasingh/Library/Developer/Xcode/DerivedData/ModuleCache.noindex/Session.modulevalidation -package-name matrix_rust_sdk_local -Xcc -I/Users/aadityasingh/Library/Developer/Xcode/DerivedData/Chatlio-erkyzdeecsohoaggpwbjdvavzqfv/Build/Intermediates.noindex/MatrixRustSDK.build/Debug-iphonesimulator/MatrixRustSDK.build/swift-overrides.hmap -emit-const-values -Xfrontend -const-gather-protocols-file -Xfrontend /Users/aadityasingh/Library/Developer/Xcode/DerivedData/Chatlio-erkyzdeecsohoaggpwbjdvavzqfv/Build/Intermediates.noindex/MatrixRustSDK.build/Debug-iphonesimulator/MatrixRustSDK.build/Objects-normal/x86_64/MatrixRustSDK_const_extract_protocols.json -Xcc -I/Users/aadityasingh/Library/Developer/Xcode/DerivedData/Chatlio-erkyzdeecsohoaggpwbjdvavzqfv/Build/Products/Debug-iphonesimulator/include -Xcc -I/Users/aadityasingh/Library/Developer/Xcode/DerivedData/Chatlio-erkyzdeecsohoaggpwbjdvavzqfv/Build/Intermediates.noindex/MatrixRustSDK.build/Debug-iphonesimulator/MatrixRustSDK.build/DerivedSources-normal/x86_64 -Xcc -I/Users/aadityasingh/Library/Developer/Xcode/DerivedData/Chatlio-erkyzdeecsohoaggpwbjdvavzqfv/Build/Intermediates.noindex/MatrixRustSDK.build/Debug-iphonesimulator/MatrixRustSDK.build/DerivedSources/x86_64 -Xcc -I/Users/aadityasingh/Library/Developer/Xcode/DerivedData/Chatlio-erkyzdeecsohoaggpwbjdvavzqfv/Build/Intermediates.noindex/MatrixRustSDK.build/Debug-iphonesimulator/MatrixRustSDK.build/DerivedSources -Xcc -DSWIFT_PACKAGE -Xcc -DDEBUG\=1 -emit-objc-header -emit-objc-header-path /Users/aadityasingh/Library/Developer/Xcode/DerivedData/Chatlio-erkyzdeecsohoaggpwbjdvavzqfv/Build/Intermediates.noindex/MatrixRustSDK.build/Debug-iphonesimulator/MatrixRustSDK.build/Objects-normal/x86_64/MatrixRustSDK-Swift.h -working-directory /Users/aadityasingh/Documents/Development/element-x-ios/Chatlio.xcodeproj -experimental-emit-module-separately -disable-cmo

SwiftDriver LoremSwiftum normal arm64 com.apple.xcode.tools.swift.compiler (in target 'LoremSwiftum' from project 'LoremSwiftum')
    cd /Users/aadityasingh/Documents/Development/element-x-ios/Chatlio.xcodeproj
    builtin-SwiftDriver -- /Applications/Xcode.app/Contents/Developer/Toolchains/XcodeDefault.xctoolchain/usr/bin/swiftc -module-name LoremSwiftum -Onone @/Users/aadityasingh/Library/Developer/Xcode/DerivedData/Chatlio-erkyzdeecsohoaggpwbjdvavzqfv/Build/Intermediates.noindex/LoremSwiftum.build/Debug-iphonesimulator/LoremSwiftum.build/Objects-normal/arm64/LoremSwiftum.SwiftFileList -DSWIFT_PACKAGE -DDEBUG -DSWIFT_MODULE_RESOURCE_BUNDLE_UNAVAILABLE -DXcode -plugin-path /Applications/Xcode.app/Contents/Developer/Toolchains/XcodeDefault.xctoolchain/usr/lib/swift/host/plugins/testing -enable-experimental-feature DebugDescriptionMacro -sdk /Applications/Xcode.app/Contents/Developer/Platforms/iPhoneSimulator.platform/Developer/SDKs/iPhoneSimulator26.4.sdk -target arm64-apple-ios12.0-simulator -g -module-cache-path /Users/aadityasingh/Library/Developer/Xcode/DerivedData/ModuleCache.noindex -Xfrontend -serialize-debugging-options -profile-coverage-mapping -profile-generate -enable-testing -suppress-warnings -index-store-path /Users/aadityasingh/Library/Developer/Xcode/DerivedData/Chatlio-erkyzdeecsohoaggpwbjdvavzqfv/Index.noindex/DataStore -Xcc -D_LIBCPP_HARDENING_MODE\=_LIBCPP_HARDENING_MODE_DEBUG -swift-version 5 -I /Users/aadityasingh/Library/Developer/Xcode/DerivedData/Chatlio-erkyzdeecsohoaggpwbjdvavzqfv/Build/Products/Debug-iphonesimulator -Isystem /Applications/Xcode.app/Contents/Developer/Platforms/iPhoneSimulator.platform/Developer/usr/lib -F /Users/aadityasingh/Library/Developer/Xcode/DerivedData/Chatlio-erkyzdeecsohoaggpwbjdvavzqfv/Build/Products/Debug-iphonesimulator -F /Applications/Xcode.app/Contents/Developer/Platforms/iPhoneSimulator.platform/Developer/Library/Frameworks -F /Applications/Xcode.app/Contents/Developer/Platforms/iPhoneSimulator.platform/Developer/SDKs/iPhoneSimulator26.4.sdk/Developer/Library/Frameworks -parse-as-library -c -j12 -enable-batch-mode -incremental -Xcc -ivfsstatcache -Xcc /Users/aadityasingh/Library/Developer/Xcode/DerivedData/SDKStatCaches.noindex/iphonesimulator26.4-23E252-686eebb5dc1d8ecb277353a59184f4aa.sdkstatcache -output-file-map /Users/aadityasingh/Library/Developer/Xcode/DerivedData/Chatlio-erkyzdeecsohoaggpwbjdvavzqfv/Build/Intermediates.noindex/LoremSwiftum.build/Debug-iphonesimulator/LoremSwiftum.build/Objects-normal/arm64/LoremSwiftum-OutputFileMap.json -use-frontend-parseable-output -save-temps -no-color-diagnostics -explicit-module-build -module-cache-path /Users/aadityasingh/Library/Developer/Xcode/DerivedData/Chatlio-erkyzdeecsohoaggpwbjdvavzqfv/Build/Intermediates.noindex/SwiftExplicitPrecompiledModules -clang-scanner-module-cache-path /Users/aadityasingh/Library/Developer/Xcode/DerivedData/ModuleCache.noindex -sdk-module-cache-path /Users/aadityasingh/Library/Developer/Xcode/DerivedData/ModuleCache.noindex -serialize-diagnostics -emit-dependencies -emit-module -emit-module-path /Users/aadityasingh/Library/Developer/Xcode/DerivedData/Chatlio-erkyzdeecsohoaggpwbjdvavzqfv/Build/Intermediates.noindex/LoremSwiftum.build/Debug-iphonesimulator/LoremSwiftum.build/Objects-normal/arm64/LoremSwiftum.swiftmodule -validate-clang-modules-once -clang-build-session-file /Users/aadityasingh/Library/Developer/Xcode/DerivedData/ModuleCache.noindex/Session.modulevalidation -Xcc -I/Users/aadityasingh/Library/Developer/Xcode/DerivedData/Chatlio-erkyzdeecsohoaggpwbjdvavzqfv/Build/Intermediates.noindex/LoremSwiftum.build/Debug-iphonesimulator/LoremSwiftum.build/swift-overrides.hmap -emit-const-values -Xfrontend -const-gather-protocols-file -Xfrontend /Users/aadityasingh/Library/Developer/Xcode/DerivedData/Chatlio-erkyzdeecsohoaggpwbjdvavzqfv/Build/Intermediates.noindex/LoremSwiftum.build/Debug-iphonesimulator/LoremSwiftum.build/Objects-normal/arm64/LoremSwiftum_const_extract_protocols.json -Xcc -I/Users/aadityasingh/Library/Developer/Xcode/DerivedData/Chatlio-erkyzdeecsohoaggpwbjdvavzqfv/Build/Products/Debug-iphonesimulator/include -Xcc -I/Users/aadityasingh/Library/Developer/Xcode/DerivedData/Chatlio-erkyzdeecsohoaggpwbjdvavzqfv/Build/Intermediates.noindex/LoremSwiftum.build/Debug-iphonesimulator/LoremSwiftum.build/DerivedSources-normal/arm64 -Xcc -I/Users/aadityasingh/Library/Developer/Xcode/DerivedData/Chatlio-erkyzdeecsohoaggpwbjdvavzqfv/Build/Intermediates.noindex/LoremSwiftum.build/Debug-iphonesimulator/LoremSwiftum.build/DerivedSources/arm64 -Xcc -I/Users/aadityasingh/Library/Developer/Xcode/DerivedData/Chatlio-erkyzdeecsohoaggpwbjdvavzqfv/Build/Intermediates.noindex/LoremSwiftum.build/Debug-iphonesimulator/LoremSwiftum.build/DerivedSources -Xcc -DSWIFT_PACKAGE -Xcc -DDEBUG\=1 -emit-objc-header -emit-objc-header-path /Users/aadityasingh/Library/Developer/Xcode/DerivedData/Chatlio-erkyzdeecsohoaggpwbjdvavzqfv/Build/Intermediates.noindex/LoremSwiftum.build/Debug-iphonesimulator/LoremSwiftum.build/Objects-normal/arm64/LoremSwiftum-Swift.h -working-directory /Users/aadityasingh/Documents/Development/element-x-ios/Chatlio.xcodeproj -experimental-emit-module-separately -disable-cmo

SwiftDriver LoremSwiftum normal x86_64 com.apple.xcode.tools.swift.compiler (in target 'LoremSwiftum' from project 'LoremSwiftum')
    cd /Users/aadityasingh/Documents/Development/element-x-ios/Chatlio.xcodeproj
    builtin-SwiftDriver -- /Applications/Xcode.app/Contents/Developer/Toolchains/XcodeDefault.xctoolchain/usr/bin/swiftc -module-name LoremSwiftum -Onone @/Users/aadityasingh/Library/Developer/Xcode/DerivedData/Chatlio-erkyzdeecsohoaggpwbjdvavzqfv/Build/Intermediates.noindex/LoremSwiftum.build/Debug-iphonesimulator/LoremSwiftum.build/Objects-normal/x86_64/LoremSwiftum.SwiftFileList -DSWIFT_PACKAGE -DDEBUG -DSWIFT_MODULE_RESOURCE_BUNDLE_UNAVAILABLE -DXcode -plugin-path /Applications/Xcode.app/Contents/Developer/Toolchains/XcodeDefault.xctoolchain/usr/lib/swift/host/plugins/testing -enable-experimental-feature DebugDescriptionMacro -sdk /Applications/Xcode.app/Contents/Developer/Platforms/iPhoneSimulator.platform/Developer/SDKs/iPhoneSimulator26.4.sdk -target x86_64-apple-ios12.0-simulator -g -module-cache-path /Users/aadityasingh/Library/Developer/Xcode/DerivedData/ModuleCache.noindex -Xfrontend -serialize-debugging-options -profile-coverage-mapping -profile-generate -enable-testing -suppress-warnings -index-store-path /Users/aadityasingh/Library/Developer/Xcode/DerivedData/Chatlio-erkyzdeecsohoaggpwbjdvavzqfv/Index.noindex/DataStore -Xcc -D_LIBCPP_HARDENING_MODE\=_LIBCPP_HARDENING_MODE_DEBUG -swift-version 5 -I /Users/aadityasingh/Library/Developer/Xcode/DerivedData/Chatlio-erkyzdeecsohoaggpwbjdvavzqfv/Build/Products/Debug-iphonesimulator -Isystem /Applications/Xcode.app/Contents/Developer/Platforms/iPhoneSimulator.platform/Developer/usr/lib -F /Users/aadityasingh/Library/Developer/Xcode/DerivedData/Chatlio-erkyzdeecsohoaggpwbjdvavzqfv/Build/Products/Debug-iphonesimulator -F /Applications/Xcode.app/Contents/Developer/Platforms/iPhoneSimulator.platform/Developer/Library/Frameworks -F /Applications/Xcode.app/Contents/Developer/Platforms/iPhoneSimulator.platform/Developer/SDKs/iPhoneSimulator26.4.sdk/Developer/Library/Frameworks -parse-as-library -c -j12 -enable-batch-mode -incremental -Xcc -ivfsstatcache -Xcc /Users/aadityasingh/Library/Developer/Xcode/DerivedData/SDKStatCaches.noindex/iphonesimulator26.4-23E252-686eebb5dc1d8ecb277353a59184f4aa.sdkstatcache -output-file-map /Users/aadityasingh/Library/Developer/Xcode/DerivedData/Chatlio-erkyzdeecsohoaggpwbjdvavzqfv/Build/Intermediates.noindex/LoremSwiftum.build/Debug-iphonesimulator/LoremSwiftum.build/Objects-normal/x86_64/LoremSwiftum-OutputFileMap.json -use-frontend-parseable-output -save-temps -no-color-diagnostics -explicit-module-build -module-cache-path /Users/aadityasingh/Library/Developer/Xcode/DerivedData/Chatlio-erkyzdeecsohoaggpwbjdvavzqfv/Build/Intermediates.noindex/SwiftExplicitPrecompiledModules -clang-scanner-module-cache-path /Users/aadityasingh/Library/Developer/Xcode/DerivedData/ModuleCache.noindex -sdk-module-cache-path /Users/aadityasingh/Library/Developer/Xcode/DerivedData/ModuleCache.noindex -serialize-diagnostics -emit-dependencies -emit-module -emit-module-path /Users/aadityasingh/Library/Developer/Xcode/DerivedData/Chatlio-erkyzdeecsohoaggpwbjdvavzqfv/Build/Intermediates.noindex/LoremSwiftum.build/Debug-iphonesimulator/LoremSwiftum.build/Objects-normal/x86_64/LoremSwiftum.swiftmodule -validate-clang-modules-once -clang-build-session-file /Users/aadityasingh/Library/Developer/Xcode/DerivedData/ModuleCache.noindex/Session.modulevalidation -Xcc -I/Users/aadityasingh/Library/Developer/Xcode/DerivedData/Chatlio-erkyzdeecsohoaggpwbjdvavzqfv/Build/Intermediates.noindex/LoremSwiftum.build/Debug-iphonesimulator/LoremSwiftum.build/swift-overrides.hmap -emit-const-values -Xfrontend -const-gather-protocols-file -Xfrontend /Users/aadityasingh/Library/Developer/Xcode/DerivedData/Chatlio-erkyzdeecsohoaggpwbjdvavzqfv/Build/Intermediates.noindex/LoremSwiftum.build/Debug-iphonesimulator/LoremSwiftum.build/Objects-normal/x86_64/LoremSwiftum_const_extract_protocols.json -Xcc -I/Users/aadityasingh/Library/Developer/Xcode/DerivedData/Chatlio-erkyzdeecsohoaggpwbjdvavzqfv/Build/Products/Debug-iphonesimulator/include -Xcc -I/Users/aadityasingh/Library/Developer/Xcode/DerivedData/Chatlio-erkyzdeecsohoaggpwbjdvavzqfv/Build/Intermediates.noindex/LoremSwiftum.build/Debug-iphonesimulator/LoremSwiftum.build/DerivedSources-normal/x86_64 -Xcc -I/Users/aadityasingh/Library/Developer/Xcode/DerivedData/Chatlio-erkyzdeecsohoaggpwbjdvavzqfv/Build/Intermediates.noindex/LoremSwiftum.build/Debug-iphonesimulator/LoremSwiftum.build/DerivedSources/x86_64 -Xcc -I/Users/aadityasingh/Library/Developer/Xcode/DerivedData/Chatlio-erkyzdeecsohoaggpwbjdvavzqfv/Build/Intermediates.noindex/LoremSwiftum.build/Debug-iphonesimulator/LoremSwiftum.build/DerivedSources -Xcc -DSWIFT_PACKAGE -Xcc -DDEBUG\=1 -emit-objc-header -emit-objc-header-path /Users/aadityasingh/Library/Developer/Xcode/DerivedData/Chatlio-erkyzdeecsohoaggpwbjdvavzqfv/Build/Intermediates.noindex/LoremSwiftum.build/Debug-iphonesimulator/LoremSwiftum.build/Objects-normal/x86_64/LoremSwiftum-Swift.h -working-directory /Users/aadityasingh/Documents/Development/element-x-ios/Chatlio.xcodeproj -experimental-emit-module-separately -disable-cmo

SwiftEmitModule normal x86_64 Emitting\ module\ for\ SwiftState (in target 'SwiftState' from project 'SwiftState')

EmitSwiftModule normal x86_64 (in target 'SwiftState' from project 'SwiftState')
    cd /Users/aadityasingh/Documents/Development/element-x-ios/Chatlio.xcodeproj
    

SwiftDriverJobDiscovery normal arm64 Compiling SentryCppHelper.swift (in target 'SentryCppHelper' from project 'Sentry')

SwiftEmitModule normal arm64 Emitting\ module\ for\ SwiftState (in target 'SwiftState' from project 'SwiftState')

EmitSwiftModule normal arm64 (in target 'SwiftState' from project 'SwiftState')
    cd /Users/aadityasingh/Documents/Development/element-x-ios/Chatlio.xcodeproj
    

SwiftDriverJobDiscovery normal x86_64 Compiling SentryCppHelper.swift (in target 'SentryCppHelper' from project 'Sentry')

SwiftDriver LRUCache normal x86_64 com.apple.xcode.tools.swift.compiler (in target 'LRUCache' from project 'LRUCache')
    cd /Users/aadityasingh/Documents/Development/element-x-ios/Chatlio.xcodeproj
    builtin-SwiftDriver -- /Applications/Xcode.app/Contents/Developer/Toolchains/XcodeDefault.xctoolchain/usr/bin/swiftc -module-name LRUCache -Onone @/Users/aadityasingh/Library/Developer/Xcode/DerivedData/Chatlio-erkyzdeecsohoaggpwbjdvavzqfv/Build/Intermediates.noindex/LRUCache.build/Debug-iphonesimulator/LRUCache.build/Objects-normal/x86_64/LRUCache.SwiftFileList -DSWIFT_PACKAGE -DDEBUG -DSWIFT_MODULE_RESOURCE_BUNDLE_UNAVAILABLE -DXcode -plugin-path /Applications/Xcode.app/Contents/Developer/Toolchains/XcodeDefault.xctoolchain/usr/lib/swift/host/plugins/testing -enable-experimental-feature DebugDescriptionMacro -sdk /Applications/Xcode.app/Contents/Developer/Platforms/iPhoneSimulator.platform/Developer/SDKs/iPhoneSimulator26.4.sdk -target x86_64-apple-ios13.0-simulator -g -module-cache-path /Users/aadityasingh/Library/Developer/Xcode/DerivedData/ModuleCache.noindex -Xfrontend -serialize-debugging-options -profile-coverage-mapping -profile-generate -enable-testing -suppress-warnings -index-store-path /Users/aadityasingh/Library/Developer/Xcode/DerivedData/Chatlio-erkyzdeecsohoaggpwbjdvavzqfv/Index.noindex/DataStore -Xcc -D_LIBCPP_HARDENING_MODE\=_LIBCPP_HARDENING_MODE_DEBUG -swift-version 5 -I /Users/aadityasingh/Library/Developer/Xcode/DerivedData/Chatlio-erkyzdeecsohoaggpwbjdvavzqfv/Build/Products/Debug-iphonesimulator -Isystem /Applications/Xcode.app/Contents/Developer/Platforms/iPhoneSimulator.platform/Developer/usr/lib -F /Users/aadityasingh/Library/Developer/Xcode/DerivedData/Chatlio-erkyzdeecsohoaggpwbjdvavzqfv/Build/Products/Debug-iphonesimulator -F /Applications/Xcode.app/Contents/Developer/Platforms/iPhoneSimulator.platform/Developer/Library/Frameworks -F /Applications/Xcode.app/Contents/Developer/Platforms/iPhoneSimulator.platform/Developer/SDKs/iPhoneSimulator26.4.sdk/Developer/Library/Frameworks -parse-as-library -c -j12 -enable-batch-mode -incremental -Xcc -ivfsstatcache -Xcc /Users/aadityasingh/Library/Developer/Xcode/DerivedData/SDKStatCaches.noindex/iphonesimulator26.4-23E252-686eebb5dc1d8ecb277353a59184f4aa.sdkstatcache -output-file-map /Users/aadityasingh/Library/Developer/Xcode/DerivedData/Chatlio-erkyzdeecsohoaggpwbjdvavzqfv/Build/Intermediates.noindex/LRUCache.build/Debug-iphonesimulator/LRUCache.build/Objects-normal/x86_64/LRUCache-OutputFileMap.json -use-frontend-parseable-output -save-temps -no-color-diagnostics -explicit-module-build -module-cache-path /Users/aadityasingh/Library/Developer/Xcode/DerivedData/Chatlio-erkyzdeecsohoaggpwbjdvavzqfv/Build/Intermediates.noindex/SwiftExplicitPrecompiledModules -clang-scanner-module-cache-path /Users/aadityasingh/Library/Developer/Xcode/DerivedData/ModuleCache.noindex -sdk-module-cache-path /Users/aadityasingh/Library/Developer/Xcode/DerivedData/ModuleCache.noindex -serialize-diagnostics -emit-dependencies -emit-module -emit-module-path /Users/aadityasingh/Library/Developer/Xcode/DerivedData/Chatlio-erkyzdeecsohoaggpwbjdvavzqfv/Build/Intermediates.noindex/LRUCache.build/Debug-iphonesimulator/LRUCache.build/Objects-normal/x86_64/LRUCache.swiftmodule -validate-clang-modules-once -clang-build-session-file /Users/aadityasingh/Library/Developer/Xcode/DerivedData/ModuleCache.noindex/Session.modulevalidation -Xcc -I/Users/aadityasingh/Library/Developer/Xcode/DerivedData/Chatlio-erkyzdeecsohoaggpwbjdvavzqfv/Build/Intermediates.noindex/LRUCache.build/Debug-iphonesimulator/LRUCache.build/swift-overrides.hmap -emit-const-values -Xfrontend -const-gather-protocols-file -Xfrontend /Users/aadityasingh/Library/Developer/Xcode/DerivedData/Chatlio-erkyzdeecsohoaggpwbjdvavzqfv/Build/Intermediates.noindex/LRUCache.build/Debug-iphonesimulator/LRUCache.build/Objects-normal/x86_64/LRUCache_const_extract_protocols.json -Xcc -I/Users/aadityasingh/Library/Developer/Xcode/DerivedData/Chatlio-erkyzdeecsohoaggpwbjdvavzqfv/Build/Products/Debug-iphonesimulator/include -Xcc -I/Users/aadityasingh/Library/Developer/Xcode/DerivedData/Chatlio-erkyzdeecsohoaggpwbjdvavzqfv/Build/Intermediates.noindex/LRUCache.build/Debug-iphonesimulator/LRUCache.build/DerivedSources-normal/x86_64 -Xcc -I/Users/aadityasingh/Library/Developer/Xcode/DerivedData/Chatlio-erkyzdeecsohoaggpwbjdvavzqfv/Build/Intermediates.noindex/LRUCache.build/Debug-iphonesimulator/LRUCache.build/DerivedSources/x86_64 -Xcc -I/Users/aadityasingh/Library/Developer/Xcode/DerivedData/Chatlio-erkyzdeecsohoaggpwbjdvavzqfv/Build/Intermediates.noindex/LRUCache.build/Debug-iphonesimulator/LRUCache.build/DerivedSources -Xcc -DSWIFT_PACKAGE -Xcc -DDEBUG\=1 -emit-objc-header -emit-objc-header-path /Users/aadityasingh/Library/Developer/Xcode/DerivedData/Chatlio-erkyzdeecsohoaggpwbjdvavzqfv/Build/Intermediates.noindex/LRUCache.build/Debug-iphonesimulator/LRUCache.build/Objects-normal/x86_64/LRUCache-Swift.h -working-directory /Users/aadityasingh/Documents/Development/element-x-ios/Chatlio.xcodeproj -experimental-emit-module-separately -disable-cmo

SwiftDriverJobDiscovery normal x86_64 Emitting module for SwiftState (in target 'SwiftState' from project 'SwiftState')

SwiftDriver\ Compilation\ Requirements SwiftState normal x86_64 com.apple.xcode.tools.swift.compiler (in target 'SwiftState' from project 'SwiftState')
    cd /Users/aadityasingh/Documents/Development/element-x-ios/Chatlio.xcodeproj
    builtin-Swift-Compilation-Requirements -- /Applications/Xcode.app/Contents/Developer/Toolchains/XcodeDefault.xctoolchain/usr/bin/swiftc -module-name SwiftState -Onone @/Users/aadityasingh/Library/Developer/Xcode/DerivedData/Chatlio-erkyzdeecsohoaggpwbjdvavzqfv/Build/Intermediates.noindex/SwiftState.build/Debug-iphonesimulator/SwiftState.build/Objects-normal/x86_64/SwiftState.SwiftFileList -DSWIFT_PACKAGE -DDEBUG -DSWIFT_MODULE_RESOURCE_BUNDLE_UNAVAILABLE -DXcode -plugin-path /Applications/Xcode.app/Contents/Developer/Toolchains/XcodeDefault.xctoolchain/usr/lib/swift/host/plugins/testing -enable-experimental-feature DebugDescriptionMacro -sdk /Applications/Xcode.app/Contents/Developer/Platforms/iPhoneSimulator.platform/Developer/SDKs/iPhoneSimulator26.4.sdk -target x86_64-apple-ios12.0-simulator -g -module-cache-path /Users/aadityasingh/Library/Developer/Xcode/DerivedData/ModuleCache.noindex -Xfrontend -serialize-debugging-options -profile-coverage-mapping -profile-generate -enable-testing -suppress-warnings -index-store-path /Users/aadityasingh/Library/Developer/Xcode/DerivedData/Chatlio-erkyzdeecsohoaggpwbjdvavzqfv/Index.noindex/DataStore -Xcc -D_LIBCPP_HARDENING_MODE\=_LIBCPP_HARDENING_MODE_DEBUG -swift-version 5 -I /Users/aadityasingh/Library/Developer/Xcode/DerivedData/Chatlio-erkyzdeecsohoaggpwbjdvavzqfv/Build/Products/Debug-iphonesimulator -Isystem /Applications/Xcode.app/Contents/Developer/Platforms/iPhoneSimulator.platform/Developer/usr/lib -F /Users/aadityasingh/Library/Developer/Xcode/DerivedData/Chatlio-erkyzdeecsohoaggpwbjdvavzqfv/Build/Products/Debug-iphonesimulator -F /Applications/Xcode.app/Contents/Developer/Platforms/iPhoneSimulator.platform/Developer/Library/Frameworks -F /Applications/Xcode.app/Contents/Developer/Platforms/iPhoneSimulator.platform/Developer/SDKs/iPhoneSimulator26.4.sdk/Developer/Library/Frameworks -c -j12 -enable-batch-mode -incremental -Xcc -ivfsstatcache -Xcc /Users/aadityasingh/Library/Developer/Xcode/DerivedData/SDKStatCaches.noindex/iphonesimulator26.4-23E252-686eebb5dc1d8ecb277353a59184f4aa.sdkstatcache -output-file-map /Users/aadityasingh/Library/Developer/Xcode/DerivedData/Chatlio-erkyzdeecsohoaggpwbjdvavzqfv/Build/Intermediates.noindex/SwiftState.build/Debug-iphonesimulator/SwiftState.build/Objects-normal/x86_64/SwiftState-OutputFileMap.json -use-frontend-parseable-output -save-temps -no-color-diagnostics -explicit-module-build -module-cache-path /Users/aadityasingh/Library/Developer/Xcode/DerivedData/Chatlio-erkyzdeecsohoaggpwbjdvavzqfv/Build/Intermediates.noindex/SwiftExplicitPrecompiledModules -clang-scanner-module-cache-path /Users/aadityasingh/Library/Developer/Xcode/DerivedData/ModuleCache.noindex -sdk-module-cache-path /Users/aadityasingh/Library/Developer/Xcode/DerivedData/ModuleCache.noindex -serialize-diagnostics -emit-dependencies -emit-module -emit-module-path /Users/aadityasingh/Library/Developer/Xcode/DerivedData/Chatlio-erkyzdeecsohoaggpwbjdvavzqfv/Build/Intermediates.noindex/SwiftState.build/Debug-iphonesimulator/SwiftState.build/Objects-normal/x86_64/SwiftState.swiftmodule -validate-clang-modules-once -clang-build-session-file /Users/aadityasingh/Library/Developer/Xcode/DerivedData/ModuleCache.noindex/Session.modulevalidation -Xcc -I/Users/aadityasingh/Library/Developer/Xcode/DerivedData/Chatlio-erkyzdeecsohoaggpwbjdvavzqfv/Build/Intermediates.noindex/SwiftState.build/Debug-iphonesimulator/SwiftState.build/swift-overrides.hmap -emit-const-values -Xfrontend -const-gather-protocols-file -Xfrontend /Users/aadityasingh/Library/Developer/Xcode/DerivedData/Chatlio-erkyzdeecsohoaggpwbjdvavzqfv/Build/Intermediates.noindex/SwiftState.build/Debug-iphonesimulator/SwiftState.build/Objects-normal/x86_64/SwiftState_const_extract_protocols.json -Xcc -I/Users/aadityasingh/Library/Developer/Xcode/DerivedData/Chatlio-erkyzdeecsohoaggpwbjdvavzqfv/Build/Products/Debug-iphonesimulator/include -Xcc -I/Users/aadityasingh/Library/Developer/Xcode/DerivedData/Chatlio-erkyzdeecsohoaggpwbjdvavzqfv/Build/Intermediates.noindex/SwiftState.build/Debug-iphonesimulator/SwiftState.build/DerivedSources-normal/x86_64 -Xcc -I/Users/aadityasingh/Library/Developer/Xcode/DerivedData/Chatlio-erkyzdeecsohoaggpwbjdvavzqfv/Build/Intermediates.noindex/SwiftState.build/Debug-iphonesimulator/SwiftState.build/DerivedSources/x86_64 -Xcc -I/Users/aadityasingh/Library/Developer/Xcode/DerivedData/Chatlio-erkyzdeecsohoaggpwbjdvavzqfv/Build/Intermediates.noindex/SwiftState.build/Debug-iphonesimulator/SwiftState.build/DerivedSources -Xcc -DSWIFT_PACKAGE -Xcc -DDEBUG\=1 -emit-objc-header -emit-objc-header-path /Users/aadityasingh/Library/Developer/Xcode/DerivedData/Chatlio-erkyzdeecsohoaggpwbjdvavzqfv/Build/Intermediates.noindex/SwiftState.build/Debug-iphonesimulator/SwiftState.build/Objects-normal/x86_64/SwiftState-Swift.h -working-directory /Users/aadityasingh/Documents/Development/element-x-ios/Chatlio.xcodeproj -experimental-emit-module-separately -disable-cmo

SwiftDriverJobDiscovery normal arm64 Emitting module for SwiftState (in target 'SwiftState' from project 'SwiftState')

SwiftDriver\ Compilation\ Requirements SwiftState normal arm64 com.apple.xcode.tools.swift.compiler (in target 'SwiftState' from project 'SwiftState')
    cd /Users/aadityasingh/Documents/Development/element-x-ios/Chatlio.xcodeproj
    builtin-Swift-Compilation-Requirements -- /Applications/Xcode.app/Contents/Developer/Toolchains/XcodeDefault.xctoolchain/usr/bin/swiftc -module-name SwiftState -Onone @/Users/aadityasingh/Library/Developer/Xcode/DerivedData/Chatlio-erkyzdeecsohoaggpwbjdvavzqfv/Build/Intermediates.noindex/SwiftState.build/Debug-iphonesimulator/SwiftState.build/Objects-normal/arm64/SwiftState.SwiftFileList -DSWIFT_PACKAGE -DDEBUG -DSWIFT_MODULE_RESOURCE_BUNDLE_UNAVAILABLE -DXcode -plugin-path /Applications/Xcode.app/Contents/Developer/Toolchains/XcodeDefault.xctoolchain/usr/lib/swift/host/plugins/testing -enable-experimental-feature DebugDescriptionMacro -sdk /Applications/Xcode.app/Contents/Developer/Platforms/iPhoneSimulator.platform/Developer/SDKs/iPhoneSimulator26.4.sdk -target arm64-apple-ios12.0-simulator -g -module-cache-path /Users/aadityasingh/Library/Developer/Xcode/DerivedData/ModuleCache.noindex -Xfrontend -serialize-debugging-options -profile-coverage-mapping -profile-generate -enable-testing -suppress-warnings -index-store-path /Users/aadityasingh/Library/Developer/Xcode/DerivedData/Chatlio-erkyzdeecsohoaggpwbjdvavzqfv/Index.noindex/DataStore -Xcc -D_LIBCPP_HARDENING_MODE\=_LIBCPP_HARDENING_MODE_DEBUG -swift-version 5 -I /Users/aadityasingh/Library/Developer/Xcode/DerivedData/Chatlio-erkyzdeecsohoaggpwbjdvavzqfv/Build/Products/Debug-iphonesimulator -Isystem /Applications/Xcode.app/Contents/Developer/Platforms/iPhoneSimulator.platform/Developer/usr/lib -F /Users/aadityasingh/Library/Developer/Xcode/DerivedData/Chatlio-erkyzdeecsohoaggpwbjdvavzqfv/Build/Products/Debug-iphonesimulator -F /Applications/Xcode.app/Contents/Developer/Platforms/iPhoneSimulator.platform/Developer/Library/Frameworks -F /Applications/Xcode.app/Contents/Developer/Platforms/iPhoneSimulator.platform/Developer/SDKs/iPhoneSimulator26.4.sdk/Developer/Library/Frameworks -c -j12 -enable-batch-mode -incremental -Xcc -ivfsstatcache -Xcc /Users/aadityasingh/Library/Developer/Xcode/DerivedData/SDKStatCaches.noindex/iphonesimulator26.4-23E252-686eebb5dc1d8ecb277353a59184f4aa.sdkstatcache -output-file-map /Users/aadityasingh/Library/Developer/Xcode/DerivedData/Chatlio-erkyzdeecsohoaggpwbjdvavzqfv/Build/Intermediates.noindex/SwiftState.build/Debug-iphonesimulator/SwiftState.build/Objects-normal/arm64/SwiftState-OutputFileMap.json -use-frontend-parseable-output -save-temps -no-color-diagnostics -explicit-module-build -module-cache-path /Users/aadityasingh/Library/Developer/Xcode/DerivedData/Chatlio-erkyzdeecsohoaggpwbjdvavzqfv/Build/Intermediates.noindex/SwiftExplicitPrecompiledModules -clang-scanner-module-cache-path /Users/aadityasingh/Library/Developer/Xcode/DerivedData/ModuleCache.noindex -sdk-module-cache-path /Users/aadityasingh/Library/Developer/Xcode/DerivedData/ModuleCache.noindex -serialize-diagnostics -emit-dependencies -emit-module -emit-module-path /Users/aadityasingh/Library/Developer/Xcode/DerivedData/Chatlio-erkyzdeecsohoaggpwbjdvavzqfv/Build/Intermediates.noindex/SwiftState.build/Debug-iphonesimulator/SwiftState.build/Objects-normal/arm64/SwiftState.swiftmodule -validate-clang-modules-once -clang-build-session-file /Users/aadityasingh/Library/Developer/Xcode/DerivedData/ModuleCache.noindex/Session.modulevalidation -Xcc -I/Users/aadityasingh/Library/Developer/Xcode/DerivedData/Chatlio-erkyzdeecsohoaggpwbjdvavzqfv/Build/Intermediates.noindex/SwiftState.build/Debug-iphonesimulator/SwiftState.build/swift-overrides.hmap -emit-const-values -Xfrontend -const-gather-protocols-file -Xfrontend /Users/aadityasingh/Library/Developer/Xcode/DerivedData/Chatlio-erkyzdeecsohoaggpwbjdvavzqfv/Build/Intermediates.noindex/SwiftState.build/Debug-iphonesimulator/SwiftState.build/Objects-normal/arm64/SwiftState_const_extract_protocols.json -Xcc -I/Users/aadityasingh/Library/Developer/Xcode/DerivedData/Chatlio-erkyzdeecsohoaggpwbjdvavzqfv/Build/Products/Debug-iphonesimulator/include -Xcc -I/Users/aadityasingh/Library/Developer/Xcode/DerivedData/Chatlio-erkyzdeecsohoaggpwbjdvavzqfv/Build/Intermediates.noindex/SwiftState.build/Debug-iphonesimulator/SwiftState.build/DerivedSources-normal/arm64 -Xcc -I/Users/aadityasingh/Library/Developer/Xcode/DerivedData/Chatlio-erkyzdeecsohoaggpwbjdvavzqfv/Build/Intermediates.noindex/SwiftState.build/Debug-iphonesimulator/SwiftState.build/DerivedSources/arm64 -Xcc -I/Users/aadityasingh/Library/Developer/Xcode/DerivedData/Chatlio-erkyzdeecsohoaggpwbjdvavzqfv/Build/Intermediates.noindex/SwiftState.build/Debug-iphonesimulator/SwiftState.build/DerivedSources -Xcc -DSWIFT_PACKAGE -Xcc -DDEBUG\=1 -emit-objc-header -emit-objc-header-path /Users/aadityasingh/Library/Developer/Xcode/DerivedData/Chatlio-erkyzdeecsohoaggpwbjdvavzqfv/Build/Intermediates.noindex/SwiftState.build/Debug-iphonesimulator/SwiftState.build/Objects-normal/arm64/SwiftState-Swift.h -working-directory /Users/aadityasingh/Documents/Development/element-x-ios/Chatlio.xcodeproj -experimental-emit-module-separately -disable-cmo

Copy /Users/aadityasingh/Library/Developer/Xcode/DerivedData/Chatlio-erkyzdeecsohoaggpwbjdvavzqfv/Build/Products/Debug-iphonesimulator/SwiftState.swiftmodule/x86_64-apple-ios-simulator.swiftmodule /Users/aadityasingh/Library/Developer/Xcode/DerivedData/Chatlio-erkyzdeecsohoaggpwbjdvavzqfv/Build/Intermediates.noindex/SwiftState.build/Debug-iphonesimulator/SwiftState.build/Objects-normal/x86_64/SwiftState.swiftmodule (in target 'SwiftState' from project 'SwiftState')
    cd /Users/aadityasingh/Library/Developer/Xcode/DerivedData/Chatlio-erkyzdeecsohoaggpwbjdvavzqfv/SourcePackages/checkouts/SwiftState
    builtin-copy -exclude .DS_Store -exclude CVS -exclude .svn -exclude .git -exclude .hg -resolve-src-symlinks -rename /Users/aadityasingh/Library/Developer/Xcode/DerivedData/Chatlio-erkyzdeecsohoaggpwbjdvavzqfv/Build/Intermediates.noindex/SwiftState.build/Debug-iphonesimulator/SwiftState.build/Objects-normal/x86_64/SwiftState.swiftmodule /Users/aadityasingh/Library/Developer/Xcode/DerivedData/Chatlio-erkyzdeecsohoaggpwbjdvavzqfv/Build/Products/Debug-iphonesimulator/SwiftState.swiftmodule/x86_64-apple-ios-simulator.swiftmodule

SwiftMergeGeneratedHeaders /Users/aadityasingh/Library/Developer/Xcode/DerivedData/Chatlio-erkyzdeecsohoaggpwbjdvavzqfv/Build/Intermediates.noindex/GeneratedModuleMaps-iphonesimulator/SwiftState-Swift.h /Users/aadityasingh/Library/Developer/Xcode/DerivedData/Chatlio-erkyzdeecsohoaggpwbjdvavzqfv/Build/Intermediates.noindex/SwiftState.build/Debug-iphonesimulator/SwiftState.build/Objects-normal/arm64/SwiftState-Swift.h /Users/aadityasingh/Library/Developer/Xcode/DerivedData/Chatlio-erkyzdeecsohoaggpwbjdvavzqfv/Build/Intermediates.noindex/SwiftState.build/Debug-iphonesimulator/SwiftState.build/Objects-normal/x86_64/SwiftState-Swift.h (in target 'SwiftState' from project 'SwiftState')
    cd /Users/aadityasingh/Library/Developer/Xcode/DerivedData/Chatlio-erkyzdeecsohoaggpwbjdvavzqfv/SourcePackages/checkouts/SwiftState
    builtin-swiftHeaderTool -arch arm64 /Users/aadityasingh/Library/Developer/Xcode/DerivedData/Chatlio-erkyzdeecsohoaggpwbjdvavzqfv/Build/Intermediates.noindex/SwiftState.build/Debug-iphonesimulator/SwiftState.build/Objects-normal/arm64/SwiftState-Swift.h -arch x86_64 /Users/aadityasingh/Library/Developer/Xcode/DerivedData/Chatlio-erkyzdeecsohoaggpwbjdvavzqfv/Build/Intermediates.noindex/SwiftState.build/Debug-iphonesimulator/SwiftState.build/Objects-normal/x86_64/SwiftState-Swift.h -o /Users/aadityasingh/Library/Developer/Xcode/DerivedData/Chatlio-erkyzdeecsohoaggpwbjdvavzqfv/Build/Intermediates.noindex/GeneratedModuleMaps-iphonesimulator/SwiftState-Swift.h

Copy /Users/aadityasingh/Library/Developer/Xcode/DerivedData/Chatlio-erkyzdeecsohoaggpwbjdvavzqfv/Build/Products/Debug-iphonesimulator/SwiftState.swiftmodule/x86_64-apple-ios-simulator.swiftdoc /Users/aadityasingh/Library/Developer/Xcode/DerivedData/Chatlio-erkyzdeecsohoaggpwbjdvavzqfv/Build/Intermediates.noindex/SwiftState.build/Debug-iphonesimulator/SwiftState.build/Objects-normal/x86_64/SwiftState.swiftdoc (in target 'SwiftState' from project 'SwiftState')
    cd /Users/aadityasingh/Library/Developer/Xcode/DerivedData/Chatlio-erkyzdeecsohoaggpwbjdvavzqfv/SourcePackages/checkouts/SwiftState
    builtin-copy -exclude .DS_Store -exclude CVS -exclude .svn -exclude .git -exclude .hg -resolve-src-symlinks -rename /Users/aadityasingh/Library/Developer/Xcode/DerivedData/Chatlio-erkyzdeecsohoaggpwbjdvavzqfv/Build/Intermediates.noindex/SwiftState.build/Debug-iphonesimulator/SwiftState.build/Objects-normal/x86_64/SwiftState.swiftdoc /Users/aadityasingh/Library/Developer/Xcode/DerivedData/Chatlio-erkyzdeecsohoaggpwbjdvavzqfv/Build/Products/Debug-iphonesimulator/SwiftState.swiftmodule/x86_64-apple-ios-simulator.swiftdoc

Copy /Users/aadityasingh/Library/Developer/Xcode/DerivedData/Chatlio-erkyzdeecsohoaggpwbjdvavzqfv/Build/Products/Debug-iphonesimulator/SwiftState.swiftmodule/x86_64-apple-ios-simulator.abi.json /Users/aadityasingh/Library/Developer/Xcode/DerivedData/Chatlio-erkyzdeecsohoaggpwbjdvavzqfv/Build/Intermediates.noindex/SwiftState.build/Debug-iphonesimulator/SwiftState.build/Objects-normal/x86_64/SwiftState.abi.json (in target 'SwiftState' from project 'SwiftState')
    cd /Users/aadityasingh/Library/Developer/Xcode/DerivedData/Chatlio-erkyzdeecsohoaggpwbjdvavzqfv/SourcePackages/checkouts/SwiftState
    builtin-copy -exclude .DS_Store -exclude CVS -exclude .svn -exclude .git -exclude .hg -resolve-src-symlinks -rename /Users/aadityasingh/Library/Developer/Xcode/DerivedData/Chatlio-erkyzdeecsohoaggpwbjdvavzqfv/Build/Intermediates.noindex/SwiftState.build/Debug-iphonesimulator/SwiftState.build/Objects-normal/x86_64/SwiftState.abi.json /Users/aadityasingh/Library/Developer/Xcode/DerivedData/Chatlio-erkyzdeecsohoaggpwbjdvavzqfv/Build/Products/Debug-iphonesimulator/SwiftState.swiftmodule/x86_64-apple-ios-simulator.abi.json

Copy /Users/aadityasingh/Library/Developer/Xcode/DerivedData/Chatlio-erkyzdeecsohoaggpwbjdvavzqfv/Build/Products/Debug-iphonesimulator/SwiftState.swiftmodule/arm64-apple-ios-simulator.swiftmodule /Users/aadityasingh/Library/Developer/Xcode/DerivedData/Chatlio-erkyzdeecsohoaggpwbjdvavzqfv/Build/Intermediates.noindex/SwiftState.build/Debug-iphonesimulator/SwiftState.build/Objects-normal/arm64/SwiftState.swiftmodule (in target 'SwiftState' from project 'SwiftState')
    cd /Users/aadityasingh/Library/Developer/Xcode/DerivedData/Chatlio-erkyzdeecsohoaggpwbjdvavzqfv/SourcePackages/checkouts/SwiftState
    builtin-copy -exclude .DS_Store -exclude CVS -exclude .svn -exclude .git -exclude .hg -resolve-src-symlinks -rename /Users/aadityasingh/Library/Developer/Xcode/DerivedData/Chatlio-erkyzdeecsohoaggpwbjdvavzqfv/Build/Intermediates.noindex/SwiftState.build/Debug-iphonesimulator/SwiftState.build/Objects-normal/arm64/SwiftState.swiftmodule /Users/aadityasingh/Library/Developer/Xcode/DerivedData/Chatlio-erkyzdeecsohoaggpwbjdvavzqfv/Build/Products/Debug-iphonesimulator/SwiftState.swiftmodule/arm64-apple-ios-simulator.swiftmodule

Copy /Users/aadityasingh/Library/Developer/Xcode/DerivedData/Chatlio-erkyzdeecsohoaggpwbjdvavzqfv/Build/Products/Debug-iphonesimulator/SwiftState.swiftmodule/arm64-apple-ios-simulator.swiftdoc /Users/aadityasingh/Library/Developer/Xcode/DerivedData/Chatlio-erkyzdeecsohoaggpwbjdvavzqfv/Build/Intermediates.noindex/SwiftState.build/Debug-iphonesimulator/SwiftState.build/Objects-normal/arm64/SwiftState.swiftdoc (in target 'SwiftState' from project 'SwiftState')
    cd /Users/aadityasingh/Library/Developer/Xcode/DerivedData/Chatlio-erkyzdeecsohoaggpwbjdvavzqfv/SourcePackages/checkouts/SwiftState
    builtin-copy -exclude .DS_Store -exclude CVS -exclude .svn -exclude .git -exclude .hg -resolve-src-symlinks -rename /Users/aadityasingh/Library/Developer/Xcode/DerivedData/Chatlio-erkyzdeecsohoaggpwbjdvavzqfv/Build/Intermediates.noindex/SwiftState.build/Debug-iphonesimulator/SwiftState.build/Objects-normal/arm64/SwiftState.swiftdoc /Users/aadityasingh/Library/Developer/Xcode/DerivedData/Chatlio-erkyzdeecsohoaggpwbjdvavzqfv/Build/Products/Debug-iphonesimulator/SwiftState.swiftmodule/arm64-apple-ios-simulator.swiftdoc

Copy /Users/aadityasingh/Library/Developer/Xcode/DerivedData/Chatlio-erkyzdeecsohoaggpwbjdvavzqfv/Build/Products/Debug-iphonesimulator/SwiftState.swiftmodule/arm64-apple-ios-simulator.abi.json /Users/aadityasingh/Library/Developer/Xcode/DerivedData/Chatlio-erkyzdeecsohoaggpwbjdvavzqfv/Build/Intermediates.noindex/SwiftState.build/Debug-iphonesimulator/SwiftState.build/Objects-normal/arm64/SwiftState.abi.json (in target 'SwiftState' from project 'SwiftState')
    cd /Users/aadityasingh/Library/Developer/Xcode/DerivedData/Chatlio-erkyzdeecsohoaggpwbjdvavzqfv/SourcePackages/checkouts/SwiftState
    builtin-copy -exclude .DS_Store -exclude CVS -exclude .svn -exclude .git -exclude .hg -resolve-src-symlinks -rename /Users/aadityasingh/Library/Developer/Xcode/DerivedData/Chatlio-erkyzdeecsohoaggpwbjdvavzqfv/Build/Intermediates.noindex/SwiftState.build/Debug-iphonesimulator/SwiftState.build/Objects-normal/arm64/SwiftState.abi.json /Users/aadityasingh/Library/Developer/Xcode/DerivedData/Chatlio-erkyzdeecsohoaggpwbjdvavzqfv/Build/Products/Debug-iphonesimulator/SwiftState.swiftmodule/arm64-apple-ios-simulator.abi.json

Copy /Users/aadityasingh/Library/Developer/Xcode/DerivedData/Chatlio-erkyzdeecsohoaggpwbjdvavzqfv/Build/Products/Debug-iphonesimulator/SwiftState.swiftmodule/Project/x86_64-apple-ios-simulator.swiftsourceinfo /Users/aadityasingh/Library/Developer/Xcode/DerivedData/Chatlio-erkyzdeecsohoaggpwbjdvavzqfv/Build/Intermediates.noindex/SwiftState.build/Debug-iphonesimulator/SwiftState.build/Objects-normal/x86_64/SwiftState.swiftsourceinfo (in target 'SwiftState' from project 'SwiftState')
    cd /Users/aadityasingh/Library/Developer/Xcode/DerivedData/Chatlio-erkyzdeecsohoaggpwbjdvavzqfv/SourcePackages/checkouts/SwiftState
    builtin-copy -exclude .DS_Store -exclude CVS -exclude .svn -exclude .git -exclude .hg -resolve-src-symlinks -rename /Users/aadityasingh/Library/Developer/Xcode/DerivedData/Chatlio-erkyzdeecsohoaggpwbjdvavzqfv/Build/Intermediates.noindex/SwiftState.build/Debug-iphonesimulator/SwiftState.build/Objects-normal/x86_64/SwiftState.swiftsourceinfo /Users/aadityasingh/Library/Developer/Xcode/DerivedData/Chatlio-erkyzdeecsohoaggpwbjdvavzqfv/Build/Products/Debug-iphonesimulator/SwiftState.swiftmodule/Project/x86_64-apple-ios-simulator.swiftsourceinfo

Copy /Users/aadityasingh/Library/Developer/Xcode/DerivedData/Chatlio-erkyzdeecsohoaggpwbjdvavzqfv/Build/Products/Debug-iphonesimulator/SwiftState.swiftmodule/Project/arm64-apple-ios-simulator.swiftsourceinfo /Users/aadityasingh/Library/Developer/Xcode/DerivedData/Chatlio-erkyzdeecsohoaggpwbjdvavzqfv/Build/Intermediates.noindex/SwiftState.build/Debug-iphonesimulator/SwiftState.build/Objects-normal/arm64/SwiftState.swiftsourceinfo (in target 'SwiftState' from project 'SwiftState')
    cd /Users/aadityasingh/Library/Developer/Xcode/DerivedData/Chatlio-erkyzdeecsohoaggpwbjdvavzqfv/SourcePackages/checkouts/SwiftState
    builtin-copy -exclude .DS_Store -exclude CVS -exclude .svn -exclude .git -exclude .hg -resolve-src-symlinks -rename /Users/aadityasingh/Library/Developer/Xcode/DerivedData/Chatlio-erkyzdeecsohoaggpwbjdvavzqfv/Build/Intermediates.noindex/SwiftState.build/Debug-iphonesimulator/SwiftState.build/Objects-normal/arm64/SwiftState.swiftsourceinfo /Users/aadityasingh/Library/Developer/Xcode/DerivedData/Chatlio-erkyzdeecsohoaggpwbjdvavzqfv/Build/Products/Debug-iphonesimulator/SwiftState.swiftmodule/Project/arm64-apple-ios-simulator.swiftsourceinfo

SwiftDriver LRUCache normal arm64 com.apple.xcode.tools.swift.compiler (in target 'LRUCache' from project 'LRUCache')
    cd /Users/aadityasingh/Documents/Development/element-x-ios/Chatlio.xcodeproj
    builtin-SwiftDriver -- /Applications/Xcode.app/Contents/Developer/Toolchains/XcodeDefault.xctoolchain/usr/bin/swiftc -module-name LRUCache -Onone @/Users/aadityasingh/Library/Developer/Xcode/DerivedData/Chatlio-erkyzdeecsohoaggpwbjdvavzqfv/Build/Intermediates.noindex/LRUCache.build/Debug-iphonesimulator/LRUCache.build/Objects-normal/arm64/LRUCache.SwiftFileList -DSWIFT_PACKAGE -DDEBUG -DSWIFT_MODULE_RESOURCE_BUNDLE_UNAVAILABLE -DXcode -plugin-path /Applications/Xcode.app/Contents/Developer/Toolchains/XcodeDefault.xctoolchain/usr/lib/swift/host/plugins/testing -enable-experimental-feature DebugDescriptionMacro -sdk /Applications/Xcode.app/Contents/Developer/Platforms/iPhoneSimulator.platform/Developer/SDKs/iPhoneSimulator26.4.sdk -target arm64-apple-ios13.0-simulator -g -module-cache-path /Users/aadityasingh/Library/Developer/Xcode/DerivedData/ModuleCache.noindex -Xfrontend -serialize-debugging-options -profile-coverage-mapping -profile-generate -enable-testing -suppress-warnings -index-store-path /Users/aadityasingh/Library/Developer/Xcode/DerivedData/Chatlio-erkyzdeecsohoaggpwbjdvavzqfv/Index.noindex/DataStore -Xcc -D_LIBCPP_HARDENING_MODE\=_LIBCPP_HARDENING_MODE_DEBUG -swift-version 5 -I /Users/aadityasingh/Library/Developer/Xcode/DerivedData/Chatlio-erkyzdeecsohoaggpwbjdvavzqfv/Build/Products/Debug-iphonesimulator -Isystem /Applications/Xcode.app/Contents/Developer/Platforms/iPhoneSimulator.platform/Developer/usr/lib -F /Users/aadityasingh/Library/Developer/Xcode/DerivedData/Chatlio-erkyzdeecsohoaggpwbjdvavzqfv/Build/Products/Debug-iphonesimulator -F /Applications/Xcode.app/Contents/Developer/Platforms/iPhoneSimulator.platform/Developer/Library/Frameworks -F /Applications/Xcode.app/Contents/Developer/Platforms/iPhoneSimulator.platform/Developer/SDKs/iPhoneSimulator26.4.sdk/Developer/Library/Frameworks -parse-as-library -c -j12 -enable-batch-mode -incremental -Xcc -ivfsstatcache -Xcc /Users/aadityasingh/Library/Developer/Xcode/DerivedData/SDKStatCaches.noindex/iphonesimulator26.4-23E252-686eebb5dc1d8ecb277353a59184f4aa.sdkstatcache -output-file-map /Users/aadityasingh/Library/Developer/Xcode/DerivedData/Chatlio-erkyzdeecsohoaggpwbjdvavzqfv/Build/Intermediates.noindex/LRUCache.build/Debug-iphonesimulator/LRUCache.build/Objects-normal/arm64/LRUCache-OutputFileMap.json -use-frontend-parseable-output -save-temps -no-color-diagnostics -explicit-module-build -module-cache-path /Users/aadityasingh/Library/Developer/Xcode/DerivedData/Chatlio-erkyzdeecsohoaggpwbjdvavzqfv/Build/Intermediates.noindex/SwiftExplicitPrecompiledModules -clang-scanner-module-cache-path /Users/aadityasingh/Library/Developer/Xcode/DerivedData/ModuleCache.noindex -sdk-module-cache-path /Users/aadityasingh/Library/Developer/Xcode/DerivedData/ModuleCache.noindex -serialize-diagnostics -emit-dependencies -emit-module -emit-module-path /Users/aadityasingh/Library/Developer/Xcode/DerivedData/Chatlio-erkyzdeecsohoaggpwbjdvavzqfv/Build/Intermediates.noindex/LRUCache.build/Debug-iphonesimulator/LRUCache.build/Objects-normal/arm64/LRUCache.swiftmodule -validate-clang-modules-once -clang-build-session-file /Users/aadityasingh/Library/Developer/Xcode/DerivedData/ModuleCache.noindex/Session.modulevalidation -Xcc -I/Users/aadityasingh/Library/Developer/Xcode/DerivedData/Chatlio-erkyzdeecsohoaggpwbjdvavzqfv/Build/Intermediates.noindex/LRUCache.build/Debug-iphonesimulator/LRUCache.build/swift-overrides.hmap -emit-const-values -Xfrontend -const-gather-protocols-file -Xfrontend /Users/aadityasingh/Library/Developer/Xcode/DerivedData/Chatlio-erkyzdeecsohoaggpwbjdvavzqfv/Build/Intermediates.noindex/LRUCache.build/Debug-iphonesimulator/LRUCache.build/Objects-normal/arm64/LRUCache_const_extract_protocols.json -Xcc -I/Users/aadityasingh/Library/Developer/Xcode/DerivedData/Chatlio-erkyzdeecsohoaggpwbjdvavzqfv/Build/Products/Debug-iphonesimulator/include -Xcc -I/Users/aadityasingh/Library/Developer/Xcode/DerivedData/Chatlio-erkyzdeecsohoaggpwbjdvavzqfv/Build/Intermediates.noindex/LRUCache.build/Debug-iphonesimulator/LRUCache.build/DerivedSources-normal/arm64 -Xcc -I/Users/aadityasingh/Library/Developer/Xcode/DerivedData/Chatlio-erkyzdeecsohoaggpwbjdvavzqfv/Build/Intermediates.noindex/LRUCache.build/Debug-iphonesimulator/LRUCache.build/DerivedSources/arm64 -Xcc -I/Users/aadityasingh/Library/Developer/Xcode/DerivedData/Chatlio-erkyzdeecsohoaggpwbjdvavzqfv/Build/Intermediates.noindex/LRUCache.build/Debug-iphonesimulator/LRUCache.build/DerivedSources -Xcc -DSWIFT_PACKAGE -Xcc -DDEBUG\=1 -emit-objc-header -emit-objc-header-path /Users/aadityasingh/Library/Developer/Xcode/DerivedData/Chatlio-erkyzdeecsohoaggpwbjdvavzqfv/Build/Intermediates.noindex/LRUCache.build/Debug-iphonesimulator/LRUCache.build/Objects-normal/arm64/LRUCache-Swift.h -working-directory /Users/aadityasingh/Documents/Development/element-x-ios/Chatlio.xcodeproj -experimental-emit-module-separately -disable-cmo

SwiftDriver Kingfisher normal x86_64 com.apple.xcode.tools.swift.compiler (in target 'Kingfisher' from project 'Kingfisher')
    cd /Users/aadityasingh/Documents/Development/element-x-ios/Chatlio.xcodeproj
    builtin-SwiftDriver -- /Applications/Xcode.app/Contents/Developer/Toolchains/XcodeDefault.xctoolchain/usr/bin/swiftc -module-name Kingfisher -Onone @/Users/aadityasingh/Library/Developer/Xcode/DerivedData/Chatlio-erkyzdeecsohoaggpwbjdvavzqfv/Build/Intermediates.noindex/Kingfisher.build/Debug-iphonesimulator/Kingfisher.build/Objects-normal/x86_64/Kingfisher.SwiftFileList -DSWIFT_PACKAGE -DDEBUG -DSWIFT_MODULE_RESOURCE_BUNDLE_AVAILABLE -DXcode -plugin-path /Applications/Xcode.app/Contents/Developer/Toolchains/XcodeDefault.xctoolchain/usr/lib/swift/host/plugins/testing -enable-experimental-feature DebugDescriptionMacro -sdk /Applications/Xcode.app/Contents/Developer/Platforms/iPhoneSimulator.platform/Developer/SDKs/iPhoneSimulator26.4.sdk -target x86_64-apple-ios13.0-simulator -g -module-cache-path /Users/aadityasingh/Library/Developer/Xcode/DerivedData/ModuleCache.noindex -Xfrontend -serialize-debugging-options -profile-coverage-mapping -profile-generate -enable-testing -suppress-warnings -index-store-path /Users/aadityasingh/Library/Developer/Xcode/DerivedData/Chatlio-erkyzdeecsohoaggpwbjdvavzqfv/Index.noindex/DataStore -Xcc -D_LIBCPP_HARDENING_MODE\=_LIBCPP_HARDENING_MODE_DEBUG -swift-version 5 -I /Users/aadityasingh/Library/Developer/Xcode/DerivedData/Chatlio-erkyzdeecsohoaggpwbjdvavzqfv/Build/Products/Debug-iphonesimulator -Isystem /Applications/Xcode.app/Contents/Developer/Platforms/iPhoneSimulator.platform/Developer/usr/lib -F /Users/aadityasingh/Library/Developer/Xcode/DerivedData/Chatlio-erkyzdeecsohoaggpwbjdvavzqfv/Build/Products/Debug-iphonesimulator -F /Applications/Xcode.app/Contents/Developer/Platforms/iPhoneSimulator.platform/Developer/Library/Frameworks -F /Applications/Xcode.app/Contents/Developer/Platforms/iPhoneSimulator.platform/Developer/SDKs/iPhoneSimulator26.4.sdk/Developer/Library/Frameworks -c -j12 -enable-batch-mode -incremental -Xcc -ivfsstatcache -Xcc /Users/aadityasingh/Library/Developer/Xcode/DerivedData/SDKStatCaches.noindex/iphonesimulator26.4-23E252-686eebb5dc1d8ecb277353a59184f4aa.sdkstatcache -output-file-map /Users/aadityasingh/Library/Developer/Xcode/DerivedData/Chatlio-erkyzdeecsohoaggpwbjdvavzqfv/Build/Intermediates.noindex/Kingfisher.build/Debug-iphonesimulator/Kingfisher.build/Objects-normal/x86_64/Kingfisher-OutputFileMap.json -use-frontend-parseable-output -save-temps -no-color-diagnostics -explicit-module-build -module-cache-path /Users/aadityasingh/Library/Developer/Xcode/DerivedData/Chatlio-erkyzdeecsohoaggpwbjdvavzqfv/Build/Intermediates.noindex/SwiftExplicitPrecompiledModules -clang-scanner-module-cache-path /Users/aadityasingh/Library/Developer/Xcode/DerivedData/ModuleCache.noindex -sdk-module-cache-path /Users/aadityasingh/Library/Developer/Xcode/DerivedData/ModuleCache.noindex -serialize-diagnostics -emit-dependencies -emit-module -emit-module-path /Users/aadityasingh/Library/Developer/Xcode/DerivedData/Chatlio-erkyzdeecsohoaggpwbjdvavzqfv/Build/Intermediates.noindex/Kingfisher.build/Debug-iphonesimulator/Kingfisher.build/Objects-normal/x86_64/Kingfisher.swiftmodule -validate-clang-modules-once -clang-build-session-file /Users/aadityasingh/Library/Developer/Xcode/DerivedData/ModuleCache.noindex/Session.modulevalidation -package-name kingfisher -Xcc -I/Users/aadityasingh/Library/Developer/Xcode/DerivedData/Chatlio-erkyzdeecsohoaggpwbjdvavzqfv/Build/Intermediates.noindex/Kingfisher.build/Debug-iphonesimulator/Kingfisher.build/swift-overrides.hmap -emit-const-values -Xfrontend -const-gather-protocols-file -Xfrontend /Users/aadityasingh/Library/Developer/Xcode/DerivedData/Chatlio-erkyzdeecsohoaggpwbjdvavzqfv/Build/Intermediates.noindex/Kingfisher.build/Debug-iphonesimulator/Kingfisher.build/Objects-normal/x86_64/Kingfisher_const_extract_protocols.json -Xcc -I/Users/aadityasingh/Library/Developer/Xcode/DerivedData/Chatlio-erkyzdeecsohoaggpwbjdvavzqfv/Build/Products/Debug-iphonesimulator/include -Xcc -I/Users/aadityasingh/Library/Developer/Xcode/DerivedData/Chatlio-erkyzdeecsohoaggpwbjdvavzqfv/Build/Intermediates.noindex/Kingfisher.build/Debug-iphonesimulator/Kingfisher.build/DerivedSources-normal/x86_64 -Xcc -I/Users/aadityasingh/Library/Developer/Xcode/DerivedData/Chatlio-erkyzdeecsohoaggpwbjdvavzqfv/Build/Intermediates.noindex/Kingfisher.build/Debug-iphonesimulator/Kingfisher.build/DerivedSources/x86_64 -Xcc -I/Users/aadityasingh/Library/Developer/Xcode/DerivedData/Chatlio-erkyzdeecsohoaggpwbjdvavzqfv/Build/Intermediates.noindex/Kingfisher.build/Debug-iphonesimulator/Kingfisher.build/DerivedSources -Xcc -DSWIFT_PACKAGE -Xcc -DDEBUG\=1 -emit-objc-header -emit-objc-header-path /Users/aadityasingh/Library/Developer/Xcode/DerivedData/Chatlio-erkyzdeecsohoaggpwbjdvavzqfv/Build/Intermediates.noindex/Kingfisher.build/Debug-iphonesimulator/Kingfisher.build/Objects-normal/x86_64/Kingfisher-Swift.h -working-directory /Users/aadityasingh/Documents/Development/element-x-ios/Chatlio.xcodeproj -experimental-emit-module-separately -disable-cmo

SwiftDriver Kingfisher normal arm64 com.apple.xcode.tools.swift.compiler (in target 'Kingfisher' from project 'Kingfisher')
    cd /Users/aadityasingh/Documents/Development/element-x-ios/Chatlio.xcodeproj
    builtin-SwiftDriver -- /Applications/Xcode.app/Contents/Developer/Toolchains/XcodeDefault.xctoolchain/usr/bin/swiftc -module-name Kingfisher -Onone @/Users/aadityasingh/Library/Developer/Xcode/DerivedData/Chatlio-erkyzdeecsohoaggpwbjdvavzqfv/Build/Intermediates.noindex/Kingfisher.build/Debug-iphonesimulator/Kingfisher.build/Objects-normal/arm64/Kingfisher.SwiftFileList -DSWIFT_PACKAGE -DDEBUG -DSWIFT_MODULE_RESOURCE_BUNDLE_AVAILABLE -DXcode -plugin-path /Applications/Xcode.app/Contents/Developer/Toolchains/XcodeDefault.xctoolchain/usr/lib/swift/host/plugins/testing -enable-experimental-feature DebugDescriptionMacro -sdk /Applications/Xcode.app/Contents/Developer/Platforms/iPhoneSimulator.platform/Developer/SDKs/iPhoneSimulator26.4.sdk -target arm64-apple-ios13.0-simulator -g -module-cache-path /Users/aadityasingh/Library/Developer/Xcode/DerivedData/ModuleCache.noindex -Xfrontend -serialize-debugging-options -profile-coverage-mapping -profile-generate -enable-testing -suppress-warnings -index-store-path /Users/aadityasingh/Library/Developer/Xcode/DerivedData/Chatlio-erkyzdeecsohoaggpwbjdvavzqfv/Index.noindex/DataStore -Xcc -D_LIBCPP_HARDENING_MODE\=_LIBCPP_HARDENING_MODE_DEBUG -swift-version 5 -I /Users/aadityasingh/Library/Developer/Xcode/DerivedData/Chatlio-erkyzdeecsohoaggpwbjdvavzqfv/Build/Products/Debug-iphonesimulator -Isystem /Applications/Xcode.app/Contents/Developer/Platforms/iPhoneSimulator.platform/Developer/usr/lib -F /Users/aadityasingh/Library/Developer/Xcode/DerivedData/Chatlio-erkyzdeecsohoaggpwbjdvavzqfv/Build/Products/Debug-iphonesimulator -F /Applications/Xcode.app/Contents/Developer/Platforms/iPhoneSimulator.platform/Developer/Library/Frameworks -F /Applications/Xcode.app/Contents/Developer/Platforms/iPhoneSimulator.platform/Developer/SDKs/iPhoneSimulator26.4.sdk/Developer/Library/Frameworks -c -j12 -enable-batch-mode -incremental -Xcc -ivfsstatcache -Xcc /Users/aadityasingh/Library/Developer/Xcode/DerivedData/SDKStatCaches.noindex/iphonesimulator26.4-23E252-686eebb5dc1d8ecb277353a59184f4aa.sdkstatcache -output-file-map /Users/aadityasingh/Library/Developer/Xcode/DerivedData/Chatlio-erkyzdeecsohoaggpwbjdvavzqfv/Build/Intermediates.noindex/Kingfisher.build/Debug-iphonesimulator/Kingfisher.build/Objects-normal/arm64/Kingfisher-OutputFileMap.json -use-frontend-parseable-output -save-temps -no-color-diagnostics -explicit-module-build -module-cache-path /Users/aadityasingh/Library/Developer/Xcode/DerivedData/Chatlio-erkyzdeecsohoaggpwbjdvavzqfv/Build/Intermediates.noindex/SwiftExplicitPrecompiledModules -clang-scanner-module-cache-path /Users/aadityasingh/Library/Developer/Xcode/DerivedData/ModuleCache.noindex -sdk-module-cache-path /Users/aadityasingh/Library/Developer/Xcode/DerivedData/ModuleCache.noindex -serialize-diagnostics -emit-dependencies -emit-module -emit-module-path /Users/aadityasingh/Library/Developer/Xcode/DerivedData/Chatlio-erkyzdeecsohoaggpwbjdvavzqfv/Build/Intermediates.noindex/Kingfisher.build/Debug-iphonesimulator/Kingfisher.build/Objects-normal/arm64/Kingfisher.swiftmodule -validate-clang-modules-once -clang-build-session-file /Users/aadityasingh/Library/Developer/Xcode/DerivedData/ModuleCache.noindex/Session.modulevalidation -package-name kingfisher -Xcc -I/Users/aadityasingh/Library/Developer/Xcode/DerivedData/Chatlio-erkyzdeecsohoaggpwbjdvavzqfv/Build/Intermediates.noindex/Kingfisher.build/Debug-iphonesimulator/Kingfisher.build/swift-overrides.hmap -emit-const-values -Xfrontend -const-gather-protocols-file -Xfrontend /Users/aadityasingh/Library/Developer/Xcode/DerivedData/Chatlio-erkyzdeecsohoaggpwbjdvavzqfv/Build/Intermediates.noindex/Kingfisher.build/Debug-iphonesimulator/Kingfisher.build/Objects-normal/arm64/Kingfisher_const_extract_protocols.json -Xcc -I/Users/aadityasingh/Library/Developer/Xcode/DerivedData/Chatlio-erkyzdeecsohoaggpwbjdvavzqfv/Build/Products/Debug-iphonesimulator/include -Xcc -I/Users/aadityasingh/Library/Developer/Xcode/DerivedData/Chatlio-erkyzdeecsohoaggpwbjdvavzqfv/Build/Intermediates.noindex/Kingfisher.build/Debug-iphonesimulator/Kingfisher.build/DerivedSources-normal/arm64 -Xcc -I/Users/aadityasingh/Library/Developer/Xcode/DerivedData/Chatlio-erkyzdeecsohoaggpwbjdvavzqfv/Build/Intermediates.noindex/Kingfisher.build/Debug-iphonesimulator/Kingfisher.build/DerivedSources/arm64 -Xcc -I/Users/aadityasingh/Library/Developer/Xcode/DerivedData/Chatlio-erkyzdeecsohoaggpwbjdvavzqfv/Build/Intermediates.noindex/Kingfisher.build/Debug-iphonesimulator/Kingfisher.build/DerivedSources -Xcc -DSWIFT_PACKAGE -Xcc -DDEBUG\=1 -emit-objc-header -emit-objc-header-path /Users/aadityasingh/Library/Developer/Xcode/DerivedData/Chatlio-erkyzdeecsohoaggpwbjdvavzqfv/Build/Intermediates.noindex/Kingfisher.build/Debug-iphonesimulator/Kingfisher.build/Objects-normal/arm64/Kingfisher-Swift.h -working-directory /Users/aadityasingh/Documents/Development/element-x-ios/Chatlio.xcodeproj -experimental-emit-module-separately -disable-cmo

SwiftDriver KeychainAccess normal arm64 com.apple.xcode.tools.swift.compiler (in target 'KeychainAccess' from project 'KeychainAccess')
    cd /Users/aadityasingh/Documents/Development/element-x-ios/Chatlio.xcodeproj
    builtin-SwiftDriver -- /Applications/Xcode.app/Contents/Developer/Toolchains/XcodeDefault.xctoolchain/usr/bin/swiftc -module-name KeychainAccess -Onone @/Users/aadityasingh/Library/Developer/Xcode/DerivedData/Chatlio-erkyzdeecsohoaggpwbjdvavzqfv/Build/Intermediates.noindex/KeychainAccess.build/Debug-iphonesimulator/KeychainAccess.build/Objects-normal/arm64/KeychainAccess.SwiftFileList -DSWIFT_PACKAGE -DDEBUG -DSWIFT_MODULE_RESOURCE_BUNDLE_UNAVAILABLE -DXcode -plugin-path /Applications/Xcode.app/Contents/Developer/Toolchains/XcodeDefault.xctoolchain/usr/lib/swift/host/plugins/testing -enable-experimental-feature DebugDescriptionMacro -sdk /Applications/Xcode.app/Contents/Developer/Platforms/iPhoneSimulator.platform/Developer/SDKs/iPhoneSimulator26.4.sdk -target arm64-apple-ios12.0-simulator -g -module-cache-path /Users/aadityasingh/Library/Developer/Xcode/DerivedData/ModuleCache.noindex -Xfrontend -serialize-debugging-options -profile-coverage-mapping -profile-generate -enable-testing -suppress-warnings -index-store-path /Users/aadityasingh/Library/Developer/Xcode/DerivedData/Chatlio-erkyzdeecsohoaggpwbjdvavzqfv/Index.noindex/DataStore -Xcc -D_LIBCPP_HARDENING_MODE\=_LIBCPP_HARDENING_MODE_DEBUG -swift-version 5 -I /Users/aadityasingh/Library/Developer/Xcode/DerivedData/Chatlio-erkyzdeecsohoaggpwbjdvavzqfv/Build/Products/Debug-iphonesimulator -Isystem /Applications/Xcode.app/Contents/Developer/Platforms/iPhoneSimulator.platform/Developer/usr/lib -F /Users/aadityasingh/Library/Developer/Xcode/DerivedData/Chatlio-erkyzdeecsohoaggpwbjdvavzqfv/Build/Products/Debug-iphonesimulator -F /Applications/Xcode.app/Contents/Developer/Platforms/iPhoneSimulator.platform/Developer/Library/Frameworks -F /Applications/Xcode.app/Contents/Developer/Platforms/iPhoneSimulator.platform/Developer/SDKs/iPhoneSimulator26.4.sdk/Developer/Library/Frameworks -parse-as-library -c -j12 -enable-batch-mode -incremental -Xcc -ivfsstatcache -Xcc /Users/aadityasingh/Library/Developer/Xcode/DerivedData/SDKStatCaches.noindex/iphonesimulator26.4-23E252-686eebb5dc1d8ecb277353a59184f4aa.sdkstatcache -output-file-map /Users/aadityasingh/Library/Developer/Xcode/DerivedData/Chatlio-erkyzdeecsohoaggpwbjdvavzqfv/Build/Intermediates.noindex/KeychainAccess.build/Debug-iphonesimulator/KeychainAccess.build/Objects-normal/arm64/KeychainAccess-OutputFileMap.json -use-frontend-parseable-output -save-temps -no-color-diagnostics -explicit-module-build -module-cache-path /Users/aadityasingh/Library/Developer/Xcode/DerivedData/Chatlio-erkyzdeecsohoaggpwbjdvavzqfv/Build/Intermediates.noindex/SwiftExplicitPrecompiledModules -clang-scanner-module-cache-path /Users/aadityasingh/Library/Developer/Xcode/DerivedData/ModuleCache.noindex -sdk-module-cache-path /Users/aadityasingh/Library/Developer/Xcode/DerivedData/ModuleCache.noindex -serialize-diagnostics -emit-dependencies -emit-module -emit-module-path /Users/aadityasingh/Library/Developer/Xcode/DerivedData/Chatlio-erkyzdeecsohoaggpwbjdvavzqfv/Build/Intermediates.noindex/KeychainAccess.build/Debug-iphonesimulator/KeychainAccess.build/Objects-normal/arm64/KeychainAccess.swiftmodule -validate-clang-modules-once -clang-build-session-file /Users/aadityasingh/Library/Developer/Xcode/DerivedData/ModuleCache.noindex/Session.modulevalidation -Xcc -I/Users/aadityasingh/Library/Developer/Xcode/DerivedData/Chatlio-erkyzdeecsohoaggpwbjdvavzqfv/Build/Intermediates.noindex/KeychainAccess.build/Debug-iphonesimulator/KeychainAccess.build/swift-overrides.hmap -emit-const-values -Xfrontend -const-gather-protocols-file -Xfrontend /Users/aadityasingh/Library/Developer/Xcode/DerivedData/Chatlio-erkyzdeecsohoaggpwbjdvavzqfv/Build/Intermediates.noindex/KeychainAccess.build/Debug-iphonesimulator/KeychainAccess.build/Objects-normal/arm64/KeychainAccess_const_extract_protocols.json -Xcc -I/Users/aadityasingh/Library/Developer/Xcode/DerivedData/Chatlio-erkyzdeecsohoaggpwbjdvavzqfv/Build/Products/Debug-iphonesimulator/include -Xcc -I/Users/aadityasingh/Library/Developer/Xcode/DerivedData/Chatlio-erkyzdeecsohoaggpwbjdvavzqfv/Build/Intermediates.noindex/KeychainAccess.build/Debug-iphonesimulator/KeychainAccess.build/DerivedSources-normal/arm64 -Xcc -I/Users/aadityasingh/Library/Developer/Xcode/DerivedData/Chatlio-erkyzdeecsohoaggpwbjdvavzqfv/Build/Intermediates.noindex/KeychainAccess.build/Debug-iphonesimulator/KeychainAccess.build/DerivedSources/arm64 -Xcc -I/Users/aadityasingh/Library/Developer/Xcode/DerivedData/Chatlio-erkyzdeecsohoaggpwbjdvavzqfv/Build/Intermediates.noindex/KeychainAccess.build/Debug-iphonesimulator/KeychainAccess.build/DerivedSources -Xcc -DSWIFT_PACKAGE -Xcc -DDEBUG\=1 -emit-objc-header -emit-objc-header-path /Users/aadityasingh/Library/Developer/Xcode/DerivedData/Chatlio-erkyzdeecsohoaggpwbjdvavzqfv/Build/Intermediates.noindex/KeychainAccess.build/Debug-iphonesimulator/KeychainAccess.build/Objects-normal/arm64/KeychainAccess-Swift.h -working-directory /Users/aadityasingh/Documents/Development/element-x-ios/Chatlio.xcodeproj -experimental-emit-module-separately -disable-cmo

SwiftDriver KeychainAccess normal x86_64 com.apple.xcode.tools.swift.compiler (in target 'KeychainAccess' from project 'KeychainAccess')
    cd /Users/aadityasingh/Documents/Development/element-x-ios/Chatlio.xcodeproj
    builtin-SwiftDriver -- /Applications/Xcode.app/Contents/Developer/Toolchains/XcodeDefault.xctoolchain/usr/bin/swiftc -module-name KeychainAccess -Onone @/Users/aadityasingh/Library/Developer/Xcode/DerivedData/Chatlio-erkyzdeecsohoaggpwbjdvavzqfv/Build/Intermediates.noindex/KeychainAccess.build/Debug-iphonesimulator/KeychainAccess.build/Objects-normal/x86_64/KeychainAccess.SwiftFileList -DSWIFT_PACKAGE -DDEBUG -DSWIFT_MODULE_RESOURCE_BUNDLE_UNAVAILABLE -DXcode -plugin-path /Applications/Xcode.app/Contents/Developer/Toolchains/XcodeDefault.xctoolchain/usr/lib/swift/host/plugins/testing -enable-experimental-feature DebugDescriptionMacro -sdk /Applications/Xcode.app/Contents/Developer/Platforms/iPhoneSimulator.platform/Developer/SDKs/iPhoneSimulator26.4.sdk -target x86_64-apple-ios12.0-simulator -g -module-cache-path /Users/aadityasingh/Library/Developer/Xcode/DerivedData/ModuleCache.noindex -Xfrontend -serialize-debugging-options -profile-coverage-mapping -profile-generate -enable-testing -suppress-warnings -index-store-path /Users/aadityasingh/Library/Developer/Xcode/DerivedData/Chatlio-erkyzdeecsohoaggpwbjdvavzqfv/Index.noindex/DataStore -Xcc -D_LIBCPP_HARDENING_MODE\=_LIBCPP_HARDENING_MODE_DEBUG -swift-version 5 -I /Users/aadityasingh/Library/Developer/Xcode/DerivedData/Chatlio-erkyzdeecsohoaggpwbjdvavzqfv/Build/Products/Debug-iphonesimulator -Isystem /Applications/Xcode.app/Contents/Developer/Platforms/iPhoneSimulator.platform/Developer/usr/lib -F /Users/aadityasingh/Library/Developer/Xcode/DerivedData/Chatlio-erkyzdeecsohoaggpwbjdvavzqfv/Build/Products/Debug-iphonesimulator -F /Applications/Xcode.app/Contents/Developer/Platforms/iPhoneSimulator.platform/Developer/Library/Frameworks -F /Applications/Xcode.app/Contents/Developer/Platforms/iPhoneSimulator.platform/Developer/SDKs/iPhoneSimulator26.4.sdk/Developer/Library/Frameworks -parse-as-library -c -j12 -enable-batch-mode -incremental -Xcc -ivfsstatcache -Xcc /Users/aadityasingh/Library/Developer/Xcode/DerivedData/SDKStatCaches.noindex/iphonesimulator26.4-23E252-686eebb5dc1d8ecb277353a59184f4aa.sdkstatcache -output-file-map /Users/aadityasingh/Library/Developer/Xcode/DerivedData/Chatlio-erkyzdeecsohoaggpwbjdvavzqfv/Build/Intermediates.noindex/KeychainAccess.build/Debug-iphonesimulator/KeychainAccess.build/Objects-normal/x86_64/KeychainAccess-OutputFileMap.json -use-frontend-parseable-output -save-temps -no-color-diagnostics -explicit-module-build -module-cache-path /Users/aadityasingh/Library/Developer/Xcode/DerivedData/Chatlio-erkyzdeecsohoaggpwbjdvavzqfv/Build/Intermediates.noindex/SwiftExplicitPrecompiledModules -clang-scanner-module-cache-path /Users/aadityasingh/Library/Developer/Xcode/DerivedData/ModuleCache.noindex -sdk-module-cache-path /Users/aadityasingh/Library/Developer/Xcode/DerivedData/ModuleCache.noindex -serialize-diagnostics -emit-dependencies -emit-module -emit-module-path /Users/aadityasingh/Library/Developer/Xcode/DerivedData/Chatlio-erkyzdeecsohoaggpwbjdvavzqfv/Build/Intermediates.noindex/KeychainAccess.build/Debug-iphonesimulator/KeychainAccess.build/Objects-normal/x86_64/KeychainAccess.swiftmodule -validate-clang-modules-once -clang-build-session-file /Users/aadityasingh/Library/Developer/Xcode/DerivedData/ModuleCache.noindex/Session.modulevalidation -Xcc -I/Users/aadityasingh/Library/Developer/Xcode/DerivedData/Chatlio-erkyzdeecsohoaggpwbjdvavzqfv/Build/Intermediates.noindex/KeychainAccess.build/Debug-iphonesimulator/KeychainAccess.build/swift-overrides.hmap -emit-const-values -Xfrontend -const-gather-protocols-file -Xfrontend /Users/aadityasingh/Library/Developer/Xcode/DerivedData/Chatlio-erkyzdeecsohoaggpwbjdvavzqfv/Build/Intermediates.noindex/KeychainAccess.build/Debug-iphonesimulator/KeychainAccess.build/Objects-normal/x86_64/KeychainAccess_const_extract_protocols.json -Xcc -I/Users/aadityasingh/Library/Developer/Xcode/DerivedData/Chatlio-erkyzdeecsohoaggpwbjdvavzqfv/Build/Products/Debug-iphonesimulator/include -Xcc -I/Users/aadityasingh/Library/Developer/Xcode/DerivedData/Chatlio-erkyzdeecsohoaggpwbjdvavzqfv/Build/Intermediates.noindex/KeychainAccess.build/Debug-iphonesimulator/KeychainAccess.build/DerivedSources-normal/x86_64 -Xcc -I/Users/aadityasingh/Library/Developer/Xcode/DerivedData/Chatlio-erkyzdeecsohoaggpwbjdvavzqfv/Build/Intermediates.noindex/KeychainAccess.build/Debug-iphonesimulator/KeychainAccess.build/DerivedSources/x86_64 -Xcc -I/Users/aadityasingh/Library/Developer/Xcode/DerivedData/Chatlio-erkyzdeecsohoaggpwbjdvavzqfv/Build/Intermediates.noindex/KeychainAccess.build/Debug-iphonesimulator/KeychainAccess.build/DerivedSources -Xcc -DSWIFT_PACKAGE -Xcc -DDEBUG\=1 -emit-objc-header -emit-objc-header-path /Users/aadityasingh/Library/Developer/Xcode/DerivedData/Chatlio-erkyzdeecsohoaggpwbjdvavzqfv/Build/Intermediates.noindex/KeychainAccess.build/Debug-iphonesimulator/KeychainAccess.build/Objects-normal/x86_64/KeychainAccess-Swift.h -working-directory /Users/aadityasingh/Documents/Development/element-x-ios/Chatlio.xcodeproj -experimental-emit-module-separately -disable-cmo

SwiftExplicitDependencyGeneratePcm arm64 /Users/aadityasingh/Library/Developer/Xcode/DerivedData/ModuleCache.noindex/_Builtin_intrinsics-BDAGOG4HLHV87BYD24ELBNYWO.pcm

SwiftExplicitDependencyGeneratePcm arm64 /Users/aadityasingh/Library/Developer/Xcode/DerivedData/ModuleCache.noindex/CommonCrypto-CVQ3MVUPM3FLLF1Z1Q28Q6ODX.pcm

SwiftExplicitDependencyGeneratePcm x86_64 /Users/aadityasingh/Library/Developer/Xcode/DerivedData/ModuleCache.noindex/_Builtin_float-2PGKJSPJGDQ7VNXQICL56WVT4.pcm

SwiftExplicitDependencyGeneratePcm x86_64 /Users/aadityasingh/Library/Developer/Xcode/DerivedData/Chatlio-erkyzdeecsohoaggpwbjdvavzqfv/Build/Intermediates.noindex/SwiftExplicitPrecompiledModules/matrix_sdk_commonFFI-8H7QBK8JM7A3WEPTOV49UBY7O.pcm

SwiftExplicitDependencyGeneratePcm x86_64 /Users/aadityasingh/Library/Developer/Xcode/DerivedData/ModuleCache.noindex/MachO-4WX7RI28Q3DMZ4KRW2J29IWU.pcm

SwiftExplicitDependencyGeneratePcm arm64 /Users/aadityasingh/Library/Developer/Xcode/DerivedData/ModuleCache.noindex/DeveloperToolsSupport-AQGWBF3M2HPHIQ28D2H1PCX9.pcm

SwiftExplicitDependencyGeneratePcm x86_64 /Users/aadityasingh/Library/Developer/Xcode/DerivedData/ModuleCache.noindex/DeveloperToolsSupport-BWT84RFQZNFHYYE5KAL7LD2Q2.pcm

SwiftExplicitDependencyGeneratePcm arm64 /Users/aadityasingh/Library/Developer/Xcode/DerivedData/ModuleCache.noindex/ExtensionFoundation-7UZ7D91UI2Y01A5RFX4FTSDZ1.pcm

SwiftExplicitDependencyGeneratePcm x86_64 /Users/aadityasingh/Library/Developer/Xcode/DerivedData/ModuleCache.noindex/_Builtin_stdarg-672SPCIXVH87UL0ETPBVQFJ3V.pcm

SwiftExplicitDependencyGeneratePcm arm64 /Users/aadityasingh/Library/Developer/Xcode/DerivedData/Chatlio-erkyzdeecsohoaggpwbjdvavzqfv/Build/Intermediates.noindex/SwiftExplicitPrecompiledModules/matrix_sdk_ffiFFI-2DQTGY33AN8EA0DOKDGRL9IY4.pcm

SwiftExplicitDependencyGeneratePcm x86_64 /Users/aadityasingh/Library/Developer/Xcode/DerivedData/ModuleCache.noindex/ptrauth-OMX016I5J6GSMKLFFXLMI905.pcm

SwiftExplicitDependencyGeneratePcm x86_64 /Users/aadityasingh/Library/Developer/Xcode/DerivedData/ModuleCache.noindex/CommonCrypto-4060Q9M89M9IFWIK15FOBHRVP.pcm

SwiftExplicitDependencyGeneratePcm x86_64 /Users/aadityasingh/Library/Developer/Xcode/DerivedData/ModuleCache.noindex/_Builtin_stdbool-A9YQLI59OCY7H488ICP01XB7S.pcm

SwiftExplicitDependencyGeneratePcm x86_64 /Users/aadityasingh/Library/Developer/Xcode/DerivedData/Chatlio-erkyzdeecsohoaggpwbjdvavzqfv/Build/Intermediates.noindex/SwiftExplicitPrecompiledModules/Copustools-92LVVKRCC2KUKBNAA15YHEVN.pcm

SwiftExplicitDependencyGeneratePcm x86_64 /Users/aadityasingh/Library/Developer/Xcode/DerivedData/Chatlio-erkyzdeecsohoaggpwbjdvavzqfv/Build/Intermediates.noindex/SwiftExplicitPrecompiledModules/_NumericsShims-89RA8K8GPURB3DEI5TXL22HEJ.pcm

SwiftExplicitDependencyGeneratePcm x86_64 /Users/aadityasingh/Library/Developer/Xcode/DerivedData/Chatlio-erkyzdeecsohoaggpwbjdvavzqfv/Build/Intermediates.noindex/SwiftExplicitPrecompiledModules/matrix_sdk_uiFFI-6F327FBPHWXM0076JTQQU50F9.pcm

SwiftExplicitDependencyGeneratePcm x86_64 /Users/aadityasingh/Library/Developer/Xcode/DerivedData/ModuleCache.noindex/_AvailabilityInternal-E2L76CHB8NGYK17MQN0GZNRAT.pcm

SwiftExplicitDependencyGeneratePcm x86_64 /Users/aadityasingh/Library/Developer/Xcode/DerivedData/ModuleCache.noindex/SwiftShims-CKJ8PZY5289XL7EJZDMIOJWSM.pcm

SwiftExplicitDependencyGeneratePcm arm64 /Users/aadityasingh/Library/Developer/Xcode/DerivedData/Chatlio-erkyzdeecsohoaggpwbjdvavzqfv/Build/Intermediates.noindex/SwiftExplicitPrecompiledModules/matrix_sdk_baseFFI-2GFT56CY90MZVNFF42CME2X4V.pcm

SwiftExplicitDependencyGeneratePcm x86_64 /Users/aadityasingh/Library/Developer/Xcode/DerivedData/ModuleCache.noindex/ptrcheck-9R3U3J49WVJKO5WVOEBW697OI.pcm

SwiftEmitModule normal x86_64 Emitting\ module\ for\ RealModule (in target 'RealModule' from project 'swift-numerics')

EmitSwiftModule normal x86_64 (in target 'RealModule' from project 'swift-numerics')
    cd /Users/aadityasingh/Documents/Development/element-x-ios/Chatlio.xcodeproj
    

SwiftExplicitDependencyGeneratePcm x86_64 /Users/aadityasingh/Library/Developer/Xcode/DerivedData/ModuleCache.noindex/_SwiftConcurrencyShims-ATUHJIL4UDXHB813CDWJC12AC.pcm

SwiftExplicitDependencyGeneratePcm arm64 /Users/aadityasingh/Library/Developer/Xcode/DerivedData/Chatlio-erkyzdeecsohoaggpwbjdvavzqfv/Build/Intermediates.noindex/SwiftExplicitPrecompiledModules/_NumericsShims-7EEB0HJHVA41X5CXSW8YVM9GD.pcm

SwiftExplicitDependencyGeneratePcm x86_64 /Users/aadityasingh/Library/Developer/Xcode/DerivedData/ModuleCache.noindex/ObjectiveC-E10688P8YIF5KYEI59M8PJB9L.pcm

SwiftExplicitDependencyGeneratePcm x86_64 /Users/aadityasingh/Library/Developer/Xcode/DerivedData/ModuleCache.noindex/DeveloperToolsSupport-CDBKDTZ8NCIIA3X9BZGQ49HEJ.pcm

SwiftExplicitDependencyGeneratePcm x86_64 /Users/aadityasingh/Library/Developer/Xcode/DerivedData/Chatlio-erkyzdeecsohoaggpwbjdvavzqfv/Build/Intermediates.noindex/SwiftExplicitPrecompiledModules/matrix_sdk_cryptoFFI-APEAZKGMD7W9DGIJ4YBE0YPK5.pcm

SwiftExplicitDependencyGeneratePcm x86_64 /Users/aadityasingh/Library/Developer/Xcode/DerivedData/ModuleCache.noindex/_Builtin_intrinsics-6L2CNPYMRJIUMHWMIB8NDXVNS.pcm

SwiftExplicitDependencyGeneratePcm arm64 /Users/aadityasingh/Library/Developer/Xcode/DerivedData/ModuleCache.noindex/_DarwinFoundation1-D10WNDQ94C7H3SCQBRRXJWPY7.pcm

SwiftExplicitDependencyGeneratePcm arm64 /Users/aadityasingh/Library/Developer/Xcode/DerivedData/Chatlio-erkyzdeecsohoaggpwbjdvavzqfv/Build/Intermediates.noindex/SwiftExplicitPrecompiledModules/Copustools-3QBR2PCBT8OKEFN9N9J508H8N.pcm

SwiftEmitModule normal arm64 Emitting\ module\ for\ RealModule (in target 'RealModule' from project 'swift-numerics')

EmitSwiftModule normal arm64 (in target 'RealModule' from project 'swift-numerics')
    cd /Users/aadityasingh/Documents/Development/element-x-ios/Chatlio.xcodeproj
    

SwiftExplicitDependencyGeneratePcm arm64 /Users/aadityasingh/Library/Developer/Xcode/DerivedData/ModuleCache.noindex/_Builtin_stdatomic-BCMLOX3XGHQQR29CJJNGE4TDL.pcm

SwiftExplicitDependencyGeneratePcm arm64 /Users/aadityasingh/Library/Developer/Xcode/DerivedData/ModuleCache.noindex/ObjectiveC-5X0NH6IGWTNB64FD5KUNXOSUR.pcm

SwiftExplicitDependencyGeneratePcm x86_64 /Users/aadityasingh/Library/Developer/Xcode/DerivedData/ModuleCache.noindex/os_object-EJXQNED04ST5CWZ7453YFVT0H.pcm

SwiftExplicitDependencyGeneratePcm x86_64 /Users/aadityasingh/Library/Developer/Xcode/DerivedData/Chatlio-erkyzdeecsohoaggpwbjdvavzqfv/Build/Intermediates.noindex/SwiftExplicitPrecompiledModules/matrix_sdkFFI-40RQ4D0HWV4TQA42ENJHRYR4O.pcm

SwiftExplicitDependencyGeneratePcm arm64 /Users/aadityasingh/Library/Developer/Xcode/DerivedData/Chatlio-erkyzdeecsohoaggpwbjdvavzqfv/Build/Intermediates.noindex/SwiftExplicitPrecompiledModules/matrix_sdk_commonFFI-D52SDQH32MFSGM4JC7ZA5KL0B.pcm

SwiftExplicitDependencyGeneratePcm arm64 /Users/aadityasingh/Library/Developer/Xcode/DerivedData/ModuleCache.noindex/_Builtin_limits-ER8SFU9M38LQODQVEAGFUP59Q.pcm

SwiftExplicitDependencyGeneratePcm x86_64 /Users/aadityasingh/Library/Developer/Xcode/DerivedData/ModuleCache.noindex/os_workgroup-3FXVDILOOYDRJDC0DHFWNKNMR.pcm

SwiftExplicitDependencyGeneratePcm arm64 /Users/aadityasingh/Library/Developer/Xcode/DerivedData/ModuleCache.noindex/os_object-DQ5BTCNPN24U16YMYU37B1LZG.pcm

SwiftExplicitDependencyGeneratePcm arm64 /Users/aadityasingh/Library/Developer/Xcode/DerivedData/ModuleCache.noindex/_Builtin_tgmath-8BEMLHVXGIC9FYOTQ9Y5ZKARG.pcm

SwiftExplicitDependencyGeneratePcm x86_64 /Users/aadityasingh/Library/Developer/Xcode/DerivedData/Chatlio-erkyzdeecsohoaggpwbjdvavzqfv/Build/Intermediates.noindex/SwiftExplicitPrecompiledModules/matrix_sdk_baseFFI-ESTKTKRR37KHADQRO79GBF75O.pcm

SwiftExplicitDependencyGeneratePcm x86_64 /Users/aadityasingh/Library/Developer/Xcode/DerivedData/ModuleCache.noindex/_Builtin_tgmath-BSMST0NKDKPT4KDC5J2IQE8G0.pcm

SwiftExplicitDependencyGeneratePcm x86_64 /Users/aadityasingh/Library/Developer/Xcode/DerivedData/ModuleCache.noindex/_DarwinFoundation1-CP0NRQ0YFTPQG13N3S3COZ29U.pcm

SwiftExplicitDependencyGeneratePcm x86_64 /Users/aadityasingh/Library/Developer/Xcode/DerivedData/ModuleCache.noindex/Dispatch-8ZY70T5ELHBDMW2SIQVTEDC7S.pcm

SwiftExplicitDependencyGeneratePcm x86_64 /Users/aadityasingh/Library/Developer/Xcode/DerivedData/ModuleCache.noindex/ExtensionFoundation-FWTNNNIHD639WY99R4C8ZO1Y.pcm

SwiftExplicitDependencyGeneratePcm x86_64 /Users/aadityasingh/Library/Developer/Xcode/DerivedData/Chatlio-erkyzdeecsohoaggpwbjdvavzqfv/Build/Intermediates.noindex/SwiftExplicitPrecompiledModules/matrix_sdk_ffiFFI-C3BC9ICQV6L5RGDK93CNQ2B03.pcm

SwiftExplicitDependencyGeneratePcm arm64 /Users/aadityasingh/Library/Developer/Xcode/DerivedData/ModuleCache.noindex/os_workgroup-Z68GWIS9QRVERP6UVHKW2H78.pcm

SwiftExplicitDependencyGeneratePcm arm64 /Users/aadityasingh/Library/Developer/Xcode/DerivedData/Chatlio-erkyzdeecsohoaggpwbjdvavzqfv/Build/Intermediates.noindex/SwiftExplicitPrecompiledModules/matrix_sdkFFI-EHOFCJOOBBQ7276GOX7YOFKXB.pcm

SwiftExplicitDependencyGeneratePcm arm64 /Users/aadityasingh/Library/Developer/Xcode/DerivedData/Chatlio-erkyzdeecsohoaggpwbjdvavzqfv/Build/Intermediates.noindex/SwiftExplicitPrecompiledModules/matrix_sdk_uiFFI-4DLGO15NLHWJ1LSFKYMR7EICV.pcm

SwiftExplicitDependencyGeneratePcm x86_64 /Users/aadityasingh/Library/Developer/Xcode/DerivedData/ModuleCache.noindex/_Builtin_limits-27656HCKDZ2W7OMN7SUWGUR09.pcm

SwiftExplicitDependencyGeneratePcm x86_64 /Users/aadityasingh/Library/Developer/Xcode/DerivedData/ModuleCache.noindex/dnssd-53RU7UE20FFSX3SCOJZECRN9H.pcm

SwiftExplicitDependencyGeneratePcm x86_64 /Users/aadityasingh/Library/Developer/Xcode/DerivedData/ModuleCache.noindex/XPC-D0R6CEJ9NDG3WUOH9HQPVGFX7.pcm

SwiftExplicitDependencyGeneratePcm x86_64 /Users/aadityasingh/Library/Developer/Xcode/DerivedData/ModuleCache.noindex/_Builtin_stddef-B24XNYF4YH3R1H0YN42602QDI.pcm

SwiftDriverJobDiscovery normal x86_64 Emitting module for RealModule (in target 'RealModule' from project 'swift-numerics')

SwiftDriver\ Compilation\ Requirements RealModule normal x86_64 com.apple.xcode.tools.swift.compiler (in target 'RealModule' from project 'swift-numerics')
    cd /Users/aadityasingh/Documents/Development/element-x-ios/Chatlio.xcodeproj
    builtin-Swift-Compilation-Requirements -- /Applications/Xcode.app/Contents/Developer/Toolchains/XcodeDefault.xctoolchain/usr/bin/swiftc -module-name RealModule -Onone @/Users/aadityasingh/Library/Developer/Xcode/DerivedData/Chatlio-erkyzdeecsohoaggpwbjdvavzqfv/Build/Intermediates.noindex/swift-numerics.build/Debug-iphonesimulator/RealModule.build/Objects-normal/x86_64/RealModule.SwiftFileList -DSWIFT_PACKAGE -DDEBUG -DSWIFT_MODULE_RESOURCE_BUNDLE_UNAVAILABLE -DXcode -plugin-path /Applications/Xcode.app/Contents/Developer/Toolchains/XcodeDefault.xctoolchain/usr/lib/swift/host/plugins/testing -enable-experimental-feature DebugDescriptionMacro -sdk /Applications/Xcode.app/Contents/Developer/Platforms/iPhoneSimulator.platform/Developer/SDKs/iPhoneSimulator26.4.sdk -target x86_64-apple-ios12.0-simulator -g -module-cache-path /Users/aadityasingh/Library/Developer/Xcode/DerivedData/ModuleCache.noindex -Xfrontend -serialize-debugging-options -profile-coverage-mapping -profile-generate -enable-testing -suppress-warnings -index-store-path /Users/aadityasingh/Library/Developer/Xcode/DerivedData/Chatlio-erkyzdeecsohoaggpwbjdvavzqfv/Index.noindex/DataStore -Xcc -D_LIBCPP_HARDENING_MODE\=_LIBCPP_HARDENING_MODE_DEBUG -swift-version 5 -I /Users/aadityasingh/Library/Developer/Xcode/DerivedData/Chatlio-erkyzdeecsohoaggpwbjdvavzqfv/Build/Products/Debug-iphonesimulator -Isystem /Applications/Xcode.app/Contents/Developer/Platforms/iPhoneSimulator.platform/Developer/usr/lib -F /Users/aadityasingh/Library/Developer/Xcode/DerivedData/Chatlio-erkyzdeecsohoaggpwbjdvavzqfv/Build/Products/Debug-iphonesimulator/PackageFrameworks -F /Users/aadityasingh/Library/Developer/Xcode/DerivedData/Chatlio-erkyzdeecsohoaggpwbjdvavzqfv/Build/Products/Debug-iphonesimulator -F /Applications/Xcode.app/Contents/Developer/Platforms/iPhoneSimulator.platform/Developer/Library/Frameworks -F /Applications/Xcode.app/Contents/Developer/Platforms/iPhoneSimulator.platform/Developer/SDKs/iPhoneSimulator26.4.sdk/Developer/Library/Frameworks -c -j12 -enable-batch-mode -incremental -Xcc -ivfsstatcache -Xcc /Users/aadityasingh/Library/Developer/Xcode/DerivedData/SDKStatCaches.noindex/iphonesimulator26.4-23E252-686eebb5dc1d8ecb277353a59184f4aa.sdkstatcache -output-file-map /Users/aadityasingh/Library/Developer/Xcode/DerivedData/Chatlio-erkyzdeecsohoaggpwbjdvavzqfv/Build/Intermediates.noindex/swift-numerics.build/Debug-iphonesimulator/RealModule.build/Objects-normal/x86_64/RealModule-OutputFileMap.json -use-frontend-parseable-output -save-temps -no-color-diagnostics -explicit-module-build -module-cache-path /Users/aadityasingh/Library/Developer/Xcode/DerivedData/Chatlio-erkyzdeecsohoaggpwbjdvavzqfv/Build/Intermediates.noindex/SwiftExplicitPrecompiledModules -clang-scanner-module-cache-path /Users/aadityasingh/Library/Developer/Xcode/DerivedData/ModuleCache.noindex -sdk-module-cache-path /Users/aadityasingh/Library/Developer/Xcode/DerivedData/ModuleCache.noindex -serialize-diagnostics -emit-dependencies -emit-module -emit-module-path /Users/aadityasingh/Library/Developer/Xcode/DerivedData/Chatlio-erkyzdeecsohoaggpwbjdvavzqfv/Build/Intermediates.noindex/swift-numerics.build/Debug-iphonesimulator/RealModule.build/Objects-normal/x86_64/RealModule.swiftmodule -validate-clang-modules-once -clang-build-session-file /Users/aadityasingh/Library/Developer/Xcode/DerivedData/ModuleCache.noindex/Session.modulevalidation -package-name swift_numerics -Xcc -I/Users/aadityasingh/Library/Developer/Xcode/DerivedData/Chatlio-erkyzdeecsohoaggpwbjdvavzqfv/Build/Intermediates.noindex/swift-numerics.build/Debug-iphonesimulator/RealModule.build/swift-overrides.hmap -emit-const-values -Xfrontend -const-gather-protocols-file -Xfrontend /Users/aadityasingh/Library/Developer/Xcode/DerivedData/Chatlio-erkyzdeecsohoaggpwbjdvavzqfv/Build/Intermediates.noindex/swift-numerics.build/Debug-iphonesimulator/RealModule.build/Objects-normal/x86_64/RealModule_const_extract_protocols.json -Xcc -I/Users/aadityasingh/Library/Developer/Xcode/DerivedData/Chatlio-erkyzdeecsohoaggpwbjdvavzqfv/SourcePackages/checkouts/swift-numerics/Sources/_NumericsShims/include -Xcc -I/Users/aadityasingh/Library/Developer/Xcode/DerivedData/Chatlio-erkyzdeecsohoaggpwbjdvavzqfv/Build/Products/Debug-iphonesimulator/include -Xcc -I/Users/aadityasingh/Library/Developer/Xcode/DerivedData/Chatlio-erkyzdeecsohoaggpwbjdvavzqfv/Build/Intermediates.noindex/swift-numerics.build/Debug-iphonesimulator/RealModule.build/DerivedSources-normal/x86_64 -Xcc -I/Users/aadityasingh/Library/Developer/Xcode/DerivedData/Chatlio-erkyzdeecsohoaggpwbjdvavzqfv/Build/Intermediates.noindex/swift-numerics.build/Debug-iphonesimulator/RealModule.build/DerivedSources/x86_64 -Xcc -I/Users/aadityasingh/Library/Developer/Xcode/DerivedData/Chatlio-erkyzdeecsohoaggpwbjdvavzqfv/Build/Intermediates.noindex/swift-numerics.build/Debug-iphonesimulator/RealModule.build/DerivedSources -Xcc -DSWIFT_PACKAGE -Xcc -DDEBUG\=1 -emit-objc-header -emit-objc-header-path /Users/aadityasingh/Library/Developer/Xcode/DerivedData/Chatlio-erkyzdeecsohoaggpwbjdvavzqfv/Build/Intermediates.noindex/swift-numerics.build/Debug-iphonesimulator/RealModule.build/Objects-normal/x86_64/RealModule-Swift.h -working-directory /Users/aadityasingh/Documents/Development/element-x-ios/Chatlio.xcodeproj -experimental-emit-module-separately -disable-cmo

SwiftExplicitDependencyGeneratePcm x86_64 /Users/aadityasingh/Library/Developer/Xcode/DerivedData/ModuleCache.noindex/CoreFoundation-NGECE87IMLFRGRNEKRKR3CM6.pcm

Copy /Users/aadityasingh/Library/Developer/Xcode/DerivedData/Chatlio-erkyzdeecsohoaggpwbjdvavzqfv/Build/Products/Debug-iphonesimulator/RealModule.swiftmodule/x86_64-apple-ios-simulator.swiftmodule /Users/aadityasingh/Library/Developer/Xcode/DerivedData/Chatlio-erkyzdeecsohoaggpwbjdvavzqfv/Build/Intermediates.noindex/swift-numerics.build/Debug-iphonesimulator/RealModule.build/Objects-normal/x86_64/RealModule.swiftmodule (in target 'RealModule' from project 'swift-numerics')
    cd /Users/aadityasingh/Library/Developer/Xcode/DerivedData/Chatlio-erkyzdeecsohoaggpwbjdvavzqfv/SourcePackages/checkouts/swift-numerics
    builtin-copy -exclude .DS_Store -exclude CVS -exclude .svn -exclude .git -exclude .hg -resolve-src-symlinks -rename /Users/aadityasingh/Library/Developer/Xcode/DerivedData/Chatlio-erkyzdeecsohoaggpwbjdvavzqfv/Build/Intermediates.noindex/swift-numerics.build/Debug-iphonesimulator/RealModule.build/Objects-normal/x86_64/RealModule.swiftmodule /Users/aadityasingh/Library/Developer/Xcode/DerivedData/Chatlio-erkyzdeecsohoaggpwbjdvavzqfv/Build/Products/Debug-iphonesimulator/RealModule.swiftmodule/x86_64-apple-ios-simulator.swiftmodule

Copy /Users/aadityasingh/Library/Developer/Xcode/DerivedData/Chatlio-erkyzdeecsohoaggpwbjdvavzqfv/Build/Products/Debug-iphonesimulator/RealModule.swiftmodule/x86_64-apple-ios-simulator.swiftdoc /Users/aadityasingh/Library/Developer/Xcode/DerivedData/Chatlio-erkyzdeecsohoaggpwbjdvavzqfv/Build/Intermediates.noindex/swift-numerics.build/Debug-iphonesimulator/RealModule.build/Objects-normal/x86_64/RealModule.swiftdoc (in target 'RealModule' from project 'swift-numerics')
    cd /Users/aadityasingh/Library/Developer/Xcode/DerivedData/Chatlio-erkyzdeecsohoaggpwbjdvavzqfv/SourcePackages/checkouts/swift-numerics
    builtin-copy -exclude .DS_Store -exclude CVS -exclude .svn -exclude .git -exclude .hg -resolve-src-symlinks -rename /Users/aadityasingh/Library/Developer/Xcode/DerivedData/Chatlio-erkyzdeecsohoaggpwbjdvavzqfv/Build/Intermediates.noindex/swift-numerics.build/Debug-iphonesimulator/RealModule.build/Objects-normal/x86_64/RealModule.swiftdoc /Users/aadityasingh/Library/Developer/Xcode/DerivedData/Chatlio-erkyzdeecsohoaggpwbjdvavzqfv/Build/Products/Debug-iphonesimulator/RealModule.swiftmodule/x86_64-apple-ios-simulator.swiftdoc

SwiftDriverJobDiscovery normal arm64 Emitting module for RealModule (in target 'RealModule' from project 'swift-numerics')

SwiftDriver\ Compilation\ Requirements RealModule normal arm64 com.apple.xcode.tools.swift.compiler (in target 'RealModule' from project 'swift-numerics')
    cd /Users/aadityasingh/Documents/Development/element-x-ios/Chatlio.xcodeproj
    builtin-Swift-Compilation-Requirements -- /Applications/Xcode.app/Contents/Developer/Toolchains/XcodeDefault.xctoolchain/usr/bin/swiftc -module-name RealModule -Onone @/Users/aadityasingh/Library/Developer/Xcode/DerivedData/Chatlio-erkyzdeecsohoaggpwbjdvavzqfv/Build/Intermediates.noindex/swift-numerics.build/Debug-iphonesimulator/RealModule.build/Objects-normal/arm64/RealModule.SwiftFileList -DSWIFT_PACKAGE -DDEBUG -DSWIFT_MODULE_RESOURCE_BUNDLE_UNAVAILABLE -DXcode -plugin-path /Applications/Xcode.app/Contents/Developer/Toolchains/XcodeDefault.xctoolchain/usr/lib/swift/host/plugins/testing -enable-experimental-feature DebugDescriptionMacro -sdk /Applications/Xcode.app/Contents/Developer/Platforms/iPhoneSimulator.platform/Developer/SDKs/iPhoneSimulator26.4.sdk -target arm64-apple-ios12.0-simulator -g -module-cache-path /Users/aadityasingh/Library/Developer/Xcode/DerivedData/ModuleCache.noindex -Xfrontend -serialize-debugging-options -profile-coverage-mapping -profile-generate -enable-testing -suppress-warnings -index-store-path /Users/aadityasingh/Library/Developer/Xcode/DerivedData/Chatlio-erkyzdeecsohoaggpwbjdvavzqfv/Index.noindex/DataStore -Xcc -D_LIBCPP_HARDENING_MODE\=_LIBCPP_HARDENING_MODE_DEBUG -swift-version 5 -I /Users/aadityasingh/Library/Developer/Xcode/DerivedData/Chatlio-erkyzdeecsohoaggpwbjdvavzqfv/Build/Products/Debug-iphonesimulator -Isystem /Applications/Xcode.app/Contents/Developer/Platforms/iPhoneSimulator.platform/Developer/usr/lib -F /Users/aadityasingh/Library/Developer/Xcode/DerivedData/Chatlio-erkyzdeecsohoaggpwbjdvavzqfv/Build/Products/Debug-iphonesimulator/PackageFrameworks -F /Users/aadityasingh/Library/Developer/Xcode/DerivedData/Chatlio-erkyzdeecsohoaggpwbjdvavzqfv/Build/Products/Debug-iphonesimulator -F /Applications/Xcode.app/Contents/Developer/Platforms/iPhoneSimulator.platform/Developer/Library/Frameworks -F /Applications/Xcode.app/Contents/Developer/Platforms/iPhoneSimulator.platform/Developer/SDKs/iPhoneSimulator26.4.sdk/Developer/Library/Frameworks -c -j12 -enable-batch-mode -incremental -Xcc -ivfsstatcache -Xcc /Users/aadityasingh/Library/Developer/Xcode/DerivedData/SDKStatCaches.noindex/iphonesimulator26.4-23E252-686eebb5dc1d8ecb277353a59184f4aa.sdkstatcache -output-file-map /Users/aadityasingh/Library/Developer/Xcode/DerivedData/Chatlio-erkyzdeecsohoaggpwbjdvavzqfv/Build/Intermediates.noindex/swift-numerics.build/Debug-iphonesimulator/RealModule.build/Objects-normal/arm64/RealModule-OutputFileMap.json -use-frontend-parseable-output -save-temps -no-color-diagnostics -explicit-module-build -module-cache-path /Users/aadityasingh/Library/Developer/Xcode/DerivedData/Chatlio-erkyzdeecsohoaggpwbjdvavzqfv/Build/Intermediates.noindex/SwiftExplicitPrecompiledModules -clang-scanner-module-cache-path /Users/aadityasingh/Library/Developer/Xcode/DerivedData/ModuleCache.noindex -sdk-module-cache-path /Users/aadityasingh/Library/Developer/Xcode/DerivedData/ModuleCache.noindex -serialize-diagnostics -emit-dependencies -emit-module -emit-module-path /Users/aadityasingh/Library/Developer/Xcode/DerivedData/Chatlio-erkyzdeecsohoaggpwbjdvavzqfv/Build/Intermediates.noindex/swift-numerics.build/Debug-iphonesimulator/RealModule.build/Objects-normal/arm64/RealModule.swiftmodule -validate-clang-modules-once -clang-build-session-file /Users/aadityasingh/Library/Developer/Xcode/DerivedData/ModuleCache.noindex/Session.modulevalidation -package-name swift_numerics -Xcc -I/Users/aadityasingh/Library/Developer/Xcode/DerivedData/Chatlio-erkyzdeecsohoaggpwbjdvavzqfv/Build/Intermediates.noindex/swift-numerics.build/Debug-iphonesimulator/RealModule.build/swift-overrides.hmap -emit-const-values -Xfrontend -const-gather-protocols-file -Xfrontend /Users/aadityasingh/Library/Developer/Xcode/DerivedData/Chatlio-erkyzdeecsohoaggpwbjdvavzqfv/Build/Intermediates.noindex/swift-numerics.build/Debug-iphonesimulator/RealModule.build/Objects-normal/arm64/RealModule_const_extract_protocols.json -Xcc -I/Users/aadityasingh/Library/Developer/Xcode/DerivedData/Chatlio-erkyzdeecsohoaggpwbjdvavzqfv/SourcePackages/checkouts/swift-numerics/Sources/_NumericsShims/include -Xcc -I/Users/aadityasingh/Library/Developer/Xcode/DerivedData/Chatlio-erkyzdeecsohoaggpwbjdvavzqfv/Build/Products/Debug-iphonesimulator/include -Xcc -I/Users/aadityasingh/Library/Developer/Xcode/DerivedData/Chatlio-erkyzdeecsohoaggpwbjdvavzqfv/Build/Intermediates.noindex/swift-numerics.build/Debug-iphonesimulator/RealModule.build/DerivedSources-normal/arm64 -Xcc -I/Users/aadityasingh/Library/Developer/Xcode/DerivedData/Chatlio-erkyzdeecsohoaggpwbjdvavzqfv/Build/Intermediates.noindex/swift-numerics.build/Debug-iphonesimulator/RealModule.build/DerivedSources/arm64 -Xcc -I/Users/aadityasingh/Library/Developer/Xcode/DerivedData/Chatlio-erkyzdeecsohoaggpwbjdvavzqfv/Build/Intermediates.noindex/swift-numerics.build/Debug-iphonesimulator/RealModule.build/DerivedSources -Xcc -DSWIFT_PACKAGE -Xcc -DDEBUG\=1 -emit-objc-header -emit-objc-header-path /Users/aadityasingh/Library/Developer/Xcode/DerivedData/Chatlio-erkyzdeecsohoaggpwbjdvavzqfv/Build/Intermediates.noindex/swift-numerics.build/Debug-iphonesimulator/RealModule.build/Objects-normal/arm64/RealModule-Swift.h -working-directory /Users/aadityasingh/Documents/Development/element-x-ios/Chatlio.xcodeproj -experimental-emit-module-separately -disable-cmo

Copy /Users/aadityasingh/Library/Developer/Xcode/DerivedData/Chatlio-erkyzdeecsohoaggpwbjdvavzqfv/Build/Products/Debug-iphonesimulator/RealModule.swiftmodule/x86_64-apple-ios-simulator.abi.json /Users/aadityasingh/Library/Developer/Xcode/DerivedData/Chatlio-erkyzdeecsohoaggpwbjdvavzqfv/Build/Intermediates.noindex/swift-numerics.build/Debug-iphonesimulator/RealModule.build/Objects-normal/x86_64/RealModule.abi.json (in target 'RealModule' from project 'swift-numerics')
    cd /Users/aadityasingh/Library/Developer/Xcode/DerivedData/Chatlio-erkyzdeecsohoaggpwbjdvavzqfv/SourcePackages/checkouts/swift-numerics
    builtin-copy -exclude .DS_Store -exclude CVS -exclude .svn -exclude .git -exclude .hg -resolve-src-symlinks -rename /Users/aadityasingh/Library/Developer/Xcode/DerivedData/Chatlio-erkyzdeecsohoaggpwbjdvavzqfv/Build/Intermediates.noindex/swift-numerics.build/Debug-iphonesimulator/RealModule.build/Objects-normal/x86_64/RealModule.abi.json /Users/aadityasingh/Library/Developer/Xcode/DerivedData/Chatlio-erkyzdeecsohoaggpwbjdvavzqfv/Build/Products/Debug-iphonesimulator/RealModule.swiftmodule/x86_64-apple-ios-simulator.abi.json

Copy /Users/aadityasingh/Library/Developer/Xcode/DerivedData/Chatlio-erkyzdeecsohoaggpwbjdvavzqfv/Build/Products/Debug-iphonesimulator/RealModule.swiftmodule/Project/x86_64-apple-ios-simulator.swiftsourceinfo /Users/aadityasingh/Library/Developer/Xcode/DerivedData/Chatlio-erkyzdeecsohoaggpwbjdvavzqfv/Build/Intermediates.noindex/swift-numerics.build/Debug-iphonesimulator/RealModule.build/Objects-normal/x86_64/RealModule.swiftsourceinfo (in target 'RealModule' from project 'swift-numerics')
    cd /Users/aadityasingh/Library/Developer/Xcode/DerivedData/Chatlio-erkyzdeecsohoaggpwbjdvavzqfv/SourcePackages/checkouts/swift-numerics
    builtin-copy -exclude .DS_Store -exclude CVS -exclude .svn -exclude .git -exclude .hg -resolve-src-symlinks -rename /Users/aadityasingh/Library/Developer/Xcode/DerivedData/Chatlio-erkyzdeecsohoaggpwbjdvavzqfv/Build/Intermediates.noindex/swift-numerics.build/Debug-iphonesimulator/RealModule.build/Objects-normal/x86_64/RealModule.swiftsourceinfo /Users/aadityasingh/Library/Developer/Xcode/DerivedData/Chatlio-erkyzdeecsohoaggpwbjdvavzqfv/Build/Products/Debug-iphonesimulator/RealModule.swiftmodule/Project/x86_64-apple-ios-simulator.swiftsourceinfo

SwiftExplicitDependencyGeneratePcm arm64 /Users/aadityasingh/Library/Developer/Xcode/DerivedData/ModuleCache.noindex/MachO-B9LEOGF3DJM6ET0OI5KN44G4A.pcm

Copy /Users/aadityasingh/Library/Developer/Xcode/DerivedData/Chatlio-erkyzdeecsohoaggpwbjdvavzqfv/Build/Products/Debug-iphonesimulator/RealModule.swiftmodule/arm64-apple-ios-simulator.swiftmodule /Users/aadityasingh/Library/Developer/Xcode/DerivedData/Chatlio-erkyzdeecsohoaggpwbjdvavzqfv/Build/Intermediates.noindex/swift-numerics.build/Debug-iphonesimulator/RealModule.build/Objects-normal/arm64/RealModule.swiftmodule (in target 'RealModule' from project 'swift-numerics')
    cd /Users/aadityasingh/Library/Developer/Xcode/DerivedData/Chatlio-erkyzdeecsohoaggpwbjdvavzqfv/SourcePackages/checkouts/swift-numerics
    builtin-copy -exclude .DS_Store -exclude CVS -exclude .svn -exclude .git -exclude .hg -resolve-src-symlinks -rename /Users/aadityasingh/Library/Developer/Xcode/DerivedData/Chatlio-erkyzdeecsohoaggpwbjdvavzqfv/Build/Intermediates.noindex/swift-numerics.build/Debug-iphonesimulator/RealModule.build/Objects-normal/arm64/RealModule.swiftmodule /Users/aadityasingh/Library/Developer/Xcode/DerivedData/Chatlio-erkyzdeecsohoaggpwbjdvavzqfv/Build/Products/Debug-iphonesimulator/RealModule.swiftmodule/arm64-apple-ios-simulator.swiftmodule

SwiftMergeGeneratedHeaders /Users/aadityasingh/Library/Developer/Xcode/DerivedData/Chatlio-erkyzdeecsohoaggpwbjdvavzqfv/Build/Intermediates.noindex/GeneratedModuleMaps-iphonesimulator/RealModule-Swift.h /Users/aadityasingh/Library/Developer/Xcode/DerivedData/Chatlio-erkyzdeecsohoaggpwbjdvavzqfv/Build/Intermediates.noindex/swift-numerics.build/Debug-iphonesimulator/RealModule.build/Objects-normal/arm64/RealModule-Swift.h /Users/aadityasingh/Library/Developer/Xcode/DerivedData/Chatlio-erkyzdeecsohoaggpwbjdvavzqfv/Build/Intermediates.noindex/swift-numerics.build/Debug-iphonesimulator/RealModule.build/Objects-normal/x86_64/RealModule-Swift.h (in target 'RealModule' from project 'swift-numerics')
    cd /Users/aadityasingh/Library/Developer/Xcode/DerivedData/Chatlio-erkyzdeecsohoaggpwbjdvavzqfv/SourcePackages/checkouts/swift-numerics
    builtin-swiftHeaderTool -arch arm64 /Users/aadityasingh/Library/Developer/Xcode/DerivedData/Chatlio-erkyzdeecsohoaggpwbjdvavzqfv/Build/Intermediates.noindex/swift-numerics.build/Debug-iphonesimulator/RealModule.build/Objects-normal/arm64/RealModule-Swift.h -arch x86_64 /Users/aadityasingh/Library/Developer/Xcode/DerivedData/Chatlio-erkyzdeecsohoaggpwbjdvavzqfv/Build/Intermediates.noindex/swift-numerics.build/Debug-iphonesimulator/RealModule.build/Objects-normal/x86_64/RealModule-Swift.h -o /Users/aadityasingh/Library/Developer/Xcode/DerivedData/Chatlio-erkyzdeecsohoaggpwbjdvavzqfv/Build/Intermediates.noindex/GeneratedModuleMaps-iphonesimulator/RealModule-Swift.h

Copy /Users/aadityasingh/Library/Developer/Xcode/DerivedData/Chatlio-erkyzdeecsohoaggpwbjdvavzqfv/Build/Products/Debug-iphonesimulator/RealModule.swiftmodule/arm64-apple-ios-simulator.swiftdoc /Users/aadityasingh/Library/Developer/Xcode/DerivedData/Chatlio-erkyzdeecsohoaggpwbjdvavzqfv/Build/Intermediates.noindex/swift-numerics.build/Debug-iphonesimulator/RealModule.build/Objects-normal/arm64/RealModule.swiftdoc (in target 'RealModule' from project 'swift-numerics')
    cd /Users/aadityasingh/Library/Developer/Xcode/DerivedData/Chatlio-erkyzdeecsohoaggpwbjdvavzqfv/SourcePackages/checkouts/swift-numerics
    builtin-copy -exclude .DS_Store -exclude CVS -exclude .svn -exclude .git -exclude .hg -resolve-src-symlinks -rename /Users/aadityasingh/Library/Developer/Xcode/DerivedData/Chatlio-erkyzdeecsohoaggpwbjdvavzqfv/Build/Intermediates.noindex/swift-numerics.build/Debug-iphonesimulator/RealModule.build/Objects-normal/arm64/RealModule.swiftdoc /Users/aadityasingh/Library/Developer/Xcode/DerivedData/Chatlio-erkyzdeecsohoaggpwbjdvavzqfv/Build/Products/Debug-iphonesimulator/RealModule.swiftmodule/arm64-apple-ios-simulator.swiftdoc

Copy /Users/aadityasingh/Library/Developer/Xcode/DerivedData/Chatlio-erkyzdeecsohoaggpwbjdvavzqfv/Build/Products/Debug-iphonesimulator/RealModule.swiftmodule/arm64-apple-ios-simulator.abi.json /Users/aadityasingh/Library/Developer/Xcode/DerivedData/Chatlio-erkyzdeecsohoaggpwbjdvavzqfv/Build/Intermediates.noindex/swift-numerics.build/Debug-iphonesimulator/RealModule.build/Objects-normal/arm64/RealModule.abi.json (in target 'RealModule' from project 'swift-numerics')
    cd /Users/aadityasingh/Library/Developer/Xcode/DerivedData/Chatlio-erkyzdeecsohoaggpwbjdvavzqfv/SourcePackages/checkouts/swift-numerics
    builtin-copy -exclude .DS_Store -exclude CVS -exclude .svn -exclude .git -exclude .hg -resolve-src-symlinks -rename /Users/aadityasingh/Library/Developer/Xcode/DerivedData/Chatlio-erkyzdeecsohoaggpwbjdvavzqfv/Build/Intermediates.noindex/swift-numerics.build/Debug-iphonesimulator/RealModule.build/Objects-normal/arm64/RealModule.abi.json /Users/aadityasingh/Library/Developer/Xcode/DerivedData/Chatlio-erkyzdeecsohoaggpwbjdvavzqfv/Build/Products/Debug-iphonesimulator/RealModule.swiftmodule/arm64-apple-ios-simulator.abi.json

Copy /Users/aadityasingh/Library/Developer/Xcode/DerivedData/Chatlio-erkyzdeecsohoaggpwbjdvavzqfv/Build/Products/Debug-iphonesimulator/RealModule.swiftmodule/Project/arm64-apple-ios-simulator.swiftsourceinfo /Users/aadityasingh/Library/Developer/Xcode/DerivedData/Chatlio-erkyzdeecsohoaggpwbjdvavzqfv/Build/Intermediates.noindex/swift-numerics.build/Debug-iphonesimulator/RealModule.build/Objects-normal/arm64/RealModule.swiftsourceinfo (in target 'RealModule' from project 'swift-numerics')
    cd /Users/aadityasingh/Library/Developer/Xcode/DerivedData/Chatlio-erkyzdeecsohoaggpwbjdvavzqfv/SourcePackages/checkouts/swift-numerics
    builtin-copy -exclude .DS_Store -exclude CVS -exclude .svn -exclude .git -exclude .hg -resolve-src-symlinks -rename /Users/aadityasingh/Library/Developer/Xcode/DerivedData/Chatlio-erkyzdeecsohoaggpwbjdvavzqfv/Build/Intermediates.noindex/swift-numerics.build/Debug-iphonesimulator/RealModule.build/Objects-normal/arm64/RealModule.swiftsourceinfo /Users/aadityasingh/Library/Developer/Xcode/DerivedData/Chatlio-erkyzdeecsohoaggpwbjdvavzqfv/Build/Products/Debug-iphonesimulator/RealModule.swiftmodule/Project/arm64-apple-ios-simulator.swiftsourceinfo

SwiftExplicitDependencyGeneratePcm arm64 /Users/aadityasingh/Library/Developer/Xcode/DerivedData/ModuleCache.noindex/_DarwinFoundation2-CLFXJV9MEWVXZGFXIB9EV0ED8.pcm

SwiftExplicitDependencyGeneratePcm arm64 /Users/aadityasingh/Library/Developer/Xcode/DerivedData/ModuleCache.noindex/simd-4BC7CJSB51P1VST09NTQLD4XT.pcm

SwiftExplicitDependencyGeneratePcm arm64 /Users/aadityasingh/Library/Developer/Xcode/DerivedData/ModuleCache.noindex/Dispatch-D4GE3FBJHDA1OUILW6M6KAILQ.pcm

SwiftExplicitDependencyGeneratePcm x86_64 /Users/aadityasingh/Library/Developer/Xcode/DerivedData/ModuleCache.noindex/_Builtin_stdatomic-7FDFDM2VYXC3E48I48QKNPUF9.pcm

SwiftExplicitDependencyGeneratePcm x86_64 /Users/aadityasingh/Library/Developer/Xcode/DerivedData/ModuleCache.noindex/_DarwinFoundation2-DH5OTSHRILVDDBUCAVVJATA6H.pcm

SwiftExplicitDependencyGeneratePcm arm64 /Users/aadityasingh/Library/Developer/Xcode/DerivedData/Chatlio-erkyzdeecsohoaggpwbjdvavzqfv/Build/Intermediates.noindex/SwiftExplicitPrecompiledModules/matrix_sdk_cryptoFFI-6CBY419FFAOXBTJW2TJ3QY5Z5.pcm

SwiftExplicitDependencyGeneratePcm x86_64 /Users/aadityasingh/Library/Developer/Xcode/DerivedData/ModuleCache.noindex/os-AR1GJVQV1UAO5GGJIDEVZ7RV9.pcm

SwiftCompile normal arm64 Compiling\ Transition.swift /Users/aadityasingh/Library/Developer/Xcode/DerivedData/Chatlio-erkyzdeecsohoaggpwbjdvavzqfv/SourcePackages/checkouts/SwiftState/Sources/Transition.swift (in target 'SwiftState' from project 'SwiftState')

SwiftCompile normal arm64 /Users/aadityasingh/Library/Developer/Xcode/DerivedData/Chatlio-erkyzdeecsohoaggpwbjdvavzqfv/SourcePackages/checkouts/SwiftState/Sources/Transition.swift (in target 'SwiftState' from project 'SwiftState')
    cd /Users/aadityasingh/Documents/Development/element-x-ios/Chatlio.xcodeproj
    

SwiftExplicitDependencyGeneratePcm arm64 /Users/aadityasingh/Library/Developer/Xcode/DerivedData/ModuleCache.noindex/dnssd-F39T4NCUSYVNVQPC4BH1OY0ED.pcm

SwiftExplicitDependencyGeneratePcm x86_64 /Users/aadityasingh/Library/Developer/Xcode/DerivedData/ModuleCache.noindex/CFNetwork-9NOUH5URNC9J2TXQNC6Q085K0.pcm

SwiftExplicitDependencyGeneratePcm arm64 /Users/aadityasingh/Library/Developer/Xcode/DerivedData/ModuleCache.noindex/_Builtin_stdint-5A9LAZC2FJNACU4I690A5EWJ6.pcm

SwiftExplicitDependencyGeneratePcm arm64 /Users/aadityasingh/Library/Developer/Xcode/DerivedData/ModuleCache.noindex/_Builtin_tgmath-XSBD6KAY67DEWMEOU4NP1ANN.pcm

SwiftExplicitDependencyGeneratePcm x86_64 /Users/aadityasingh/Library/Developer/Xcode/DerivedData/ModuleCache.noindex/_Builtin_stdint-APOR7KKVDKPFOKOABHP98WWSB.pcm

SwiftExplicitDependencyGeneratePcm x86_64 /Users/aadityasingh/Library/Developer/Xcode/DerivedData/ModuleCache.noindex/CoreGraphics-8EEBRTTYCC16T9MT2JIDLC6JB.pcm

SwiftExplicitDependencyGeneratePcm x86_64 /Users/aadityasingh/Library/Developer/Xcode/DerivedData/ModuleCache.noindex/CoreAudioTypes-2JOXXFEKKY2V53PCCHM89BIVD.pcm

SwiftExplicitDependencyGeneratePcm x86_64 /Users/aadityasingh/Library/Developer/Xcode/DerivedData/ModuleCache.noindex/Security-6SHV8I61VGSEP67XN20MID58R.pcm

SwiftExplicitDependencyGeneratePcm arm64 /Users/aadityasingh/Library/Developer/Xcode/DerivedData/ModuleCache.noindex/sys_types-B7LHD535XPYMFYMFFSWCFYDLB.pcm

SwiftExplicitDependencyGeneratePcm arm64 /Users/aadityasingh/Library/Developer/Xcode/DerivedData/ModuleCache.noindex/XPC-9YLVUAMDXLW2MSQVS48QMQLHY.pcm

SwiftExplicitDependencyGeneratePcm arm64 /Users/aadityasingh/Library/Developer/Xcode/DerivedData/ModuleCache.noindex/CoreFoundation-7739DMJB4L57451AAUHKW7ONE.pcm

SwiftExplicitDependencyGeneratePcm x86_64 /Users/aadityasingh/Library/Developer/Xcode/DerivedData/ModuleCache.noindex/_Builtin_tgmath-CU6OPZR83ETN1905MQ0Z52FIK.pcm

SwiftExplicitDependencyGeneratePcm x86_64 /Users/aadityasingh/Library/Developer/Xcode/DerivedData/ModuleCache.noindex/simd-9GS6GL5O5T9ACMUSRBNIPWTUC.pcm

SwiftExplicitDependencyGeneratePcm arm64 /Users/aadityasingh/Library/Developer/Xcode/DerivedData/ModuleCache.noindex/_DarwinFoundation3-6OXC0G3LTMOBR97V1646EX05F.pcm

SwiftExplicitDependencyGeneratePcm x86_64 /Users/aadityasingh/Library/Developer/Xcode/DerivedData/ModuleCache.noindex/SystemConfiguration-6O3JDR80E84UB1YBDQYVD4TMP.pcm

SwiftExplicitDependencyGeneratePcm arm64 /Users/aadityasingh/Library/Developer/Xcode/DerivedData/ModuleCache.noindex/_Builtin_intrinsics-8BIACE5KYO1FEXJEXDZP4WRAY.pcm

SwiftExplicitDependencyGeneratePcm x86_64 /Users/aadityasingh/Library/Developer/Xcode/DerivedData/ModuleCache.noindex/CoreAudio-B4MM07V1S8COZZSMNHZ4I6P1H.pcm

SwiftExplicitDependencyGeneratePcm x86_64 /Users/aadityasingh/Library/Developer/Xcode/DerivedData/ModuleCache.noindex/_Builtin_stdatomic-C8C4ME0AZMA27CY5RZL6DHZNJ.pcm

SwiftExplicitDependencyGeneratePcm x86_64 /Users/aadityasingh/Library/Developer/Xcode/DerivedData/ModuleCache.noindex/_DarwinFoundation3-9THIS3RKOCAHPLVIM9U6AZJND.pcm

SwiftDriverJobDiscovery normal arm64 Compiling Transition.swift (in target 'SwiftState' from project 'SwiftState')

SwiftExplicitDependencyGeneratePcm x86_64 /Users/aadityasingh/Library/Developer/Xcode/DerivedData/ModuleCache.noindex/zlib-H8AR1JRAMPZ3T0UXCCOL4KKO.pcm

SwiftExplicitDependencyGeneratePcm arm64 /Users/aadityasingh/Library/Developer/Xcode/DerivedData/ModuleCache.noindex/os-QXFJ9RUKABM2T5711UIML968.pcm

SwiftExplicitDependencyGeneratePcm x86_64 /Users/aadityasingh/Library/Developer/Xcode/DerivedData/ModuleCache.noindex/Foundation-DAMGRTMXBZQXE28QVJMZA0PH2.pcm

SwiftExplicitDependencyGeneratePcm x86_64 /Users/aadityasingh/Library/Developer/Xcode/DerivedData/ModuleCache.noindex/CoreText-190UQ0IFQNLPTSLZHCOETSHUF.pcm

SwiftExplicitDependencyGeneratePcm x86_64 /Users/aadityasingh/Library/Developer/Xcode/DerivedData/ModuleCache.noindex/ImageIO-8UVA3VW3CSMOFIP0LJ9W0082M.pcm

SwiftExplicitDependencyGeneratePcm arm64 /Users/aadityasingh/Library/Developer/Xcode/DerivedData/ModuleCache.noindex/_Builtin_inttypes-3ZMZ48T5K4WRG25CJPILKBILU.pcm

SwiftExplicitDependencyGeneratePcm arm64 /Users/aadityasingh/Library/Developer/Xcode/DerivedData/Chatlio-erkyzdeecsohoaggpwbjdvavzqfv/Build/Intermediates.noindex/SwiftExplicitPrecompiledModules/phlibwebp-7221DPD2FYVWWRRPF0KGJFGG8.pcm

SwiftExplicitDependencyGeneratePcm arm64 /Users/aadityasingh/Library/Developer/Xcode/DerivedData/ModuleCache.noindex/zlib-BUTB2Y1KE9UOY86E9D66FOJSC.pcm

SwiftExplicitDependencyGeneratePcm x86_64 /Users/aadityasingh/Library/Developer/Xcode/DerivedData/Chatlio-erkyzdeecsohoaggpwbjdvavzqfv/Build/Intermediates.noindex/SwiftExplicitPrecompiledModules/phlibwebp-AV3KG7K0V1IO3KALZH030X0W1.pcm

SwiftExplicitDependencyGeneratePcm arm64 /Users/aadityasingh/Library/Developer/Xcode/DerivedData/ModuleCache.noindex/_Builtin_stdatomic-YHIK879DUI7Q2R9HHMRSQEGT.pcm

SwiftExplicitDependencyGeneratePcm x86_64 /Users/aadityasingh/Library/Developer/Xcode/DerivedData/ModuleCache.noindex/_Builtin_intrinsics-EJEYPGH1FCHBZ0LQ96NXKX4A7.pcm

SwiftExplicitDependencyGeneratePcm arm64 /Users/aadityasingh/Library/Developer/Xcode/DerivedData/ModuleCache.noindex/CoreAudioTypes-6FDZZ12E3LNMFS99ZSO7K56YQ.pcm

SwiftExplicitDependencyGeneratePcm arm64 /Users/aadityasingh/Library/Developer/Xcode/DerivedData/ModuleCache.noindex/Darwin-B90V38L3PLWCQ716HWIKC4RIA.pcm

SwiftExplicitDependencyGeneratePcm arm64 /Users/aadityasingh/Library/Developer/Xcode/DerivedData/ModuleCache.noindex/CoreServices-228GRMTM5NZFSBB94XX5D2A28.pcm

SwiftExplicitDependencyGeneratePcm arm64 /Users/aadityasingh/Library/Developer/Xcode/DerivedData/ModuleCache.noindex/SystemConfiguration-74BI64HLGJE1RDNJ8BTC9D31V.pcm

SwiftExplicitDependencyGeneratePcm arm64 /Users/aadityasingh/Library/Developer/Xcode/DerivedData/ModuleCache.noindex/Security-D0JTM8WKY1CFSK57AHIS8PAYC.pcm

SwiftExplicitDependencyGeneratePcm arm64 /Users/aadityasingh/Library/Developer/Xcode/DerivedData/ModuleCache.noindex/CoreGraphics-CGAJS1SK35P5G3E0V4FCASKOD.pcm

SwiftExplicitDependencyGeneratePcm x86_64 /Users/aadityasingh/Library/Developer/Xcode/DerivedData/ModuleCache.noindex/_Builtin_inttypes-6VR4Q3QIWKZAJEBKHXCCNNHKO.pcm

SwiftExplicitDependencyGeneratePcm arm64 /Users/aadityasingh/Library/Developer/Xcode/DerivedData/ModuleCache.noindex/CoreAudio-97DZA9DCNF4PRCSGJDPCXDLOV.pcm

SwiftExplicitDependencyGeneratePcm arm64 /Users/aadityasingh/Library/Developer/Xcode/DerivedData/ModuleCache.noindex/CFNetwork-8E1A6MBG8MR7FVBZEI5CFBLPI.pcm

SwiftExplicitDependencyGeneratePcm arm64 /Users/aadityasingh/Library/Developer/Xcode/DerivedData/ModuleCache.noindex/simd-55TT8RT631JSB9KN71CRHBVD.pcm

SwiftExplicitDependencyGeneratePcm arm64 /Users/aadityasingh/Library/Developer/Xcode/DerivedData/ModuleCache.noindex/MobileCoreServices-6EIL9MI1K00CQ7P4R6FN393TP.pcm

SwiftExplicitDependencyGeneratePcm x86_64 /Users/aadityasingh/Library/Developer/Xcode/DerivedData/ModuleCache.noindex/Darwin-5WJA3ZCCDA7742IOA6YG08SEY.pcm

SwiftExplicitDependencyGeneratePcm x86_64 /Users/aadityasingh/Library/Developer/Xcode/DerivedData/ModuleCache.noindex/CoreServices-2OUR51KM5HM4T52JSYZPR83DV.pcm

SwiftExplicitDependencyGeneratePcm x86_64 /Users/aadityasingh/Library/Developer/Xcode/DerivedData/ModuleCache.noindex/sys_types-7KWVQ4U65LXWRVW7HOBW5ZPPE.pcm

SwiftCompile normal x86_64 Compiling\ _HandlerInfo.swift /Users/aadityasingh/Library/Developer/Xcode/DerivedData/Chatlio-erkyzdeecsohoaggpwbjdvavzqfv/SourcePackages/checkouts/SwiftState/Sources/_HandlerInfo.swift (in target 'SwiftState' from project 'SwiftState')

SwiftCompile normal x86_64 /Users/aadityasingh/Library/Developer/Xcode/DerivedData/Chatlio-erkyzdeecsohoaggpwbjdvavzqfv/SourcePackages/checkouts/SwiftState/Sources/_HandlerInfo.swift (in target 'SwiftState' from project 'SwiftState')
    cd /Users/aadityasingh/Documents/Development/element-x-ios/Chatlio.xcodeproj
    

SwiftExplicitDependencyGeneratePcm arm64 /Users/aadityasingh/Library/Developer/Xcode/DerivedData/ModuleCache.noindex/Spatial-EN3K485P6N2ZTJ0BBUOFV6QQD.pcm

SwiftExplicitDependencyGeneratePcm arm64 /Users/aadityasingh/Library/Developer/Xcode/DerivedData/ModuleCache.noindex/ImageIO-9LLWCAJM29ECPUF7WZ4SLZQE9.pcm

SwiftExplicitDependencyGeneratePcm arm64 /Users/aadityasingh/Library/Developer/Xcode/DerivedData/ModuleCache.noindex/CoreText-E14989S6QJOYADKHN2RHMVXNA.pcm

SwiftExplicitDependencyGeneratePcm arm64 /Users/aadityasingh/Library/Developer/Xcode/DerivedData/ModuleCache.noindex/Foundation-6S46JUFTBOG4ZGMDF4AFHDVA8.pcm

SwiftCompile normal arm64 Compiling\ RouteChain.swift /Users/aadityasingh/Library/Developer/Xcode/DerivedData/Chatlio-erkyzdeecsohoaggpwbjdvavzqfv/SourcePackages/checkouts/SwiftState/Sources/RouteChain.swift (in target 'SwiftState' from project 'SwiftState')

SwiftCompile normal arm64 /Users/aadityasingh/Library/Developer/Xcode/DerivedData/Chatlio-erkyzdeecsohoaggpwbjdvavzqfv/SourcePackages/checkouts/SwiftState/Sources/RouteChain.swift (in target 'SwiftState' from project 'SwiftState')
    cd /Users/aadityasingh/Documents/Development/element-x-ios/Chatlio.xcodeproj
    

SwiftExplicitDependencyGeneratePcm x86_64 /Users/aadityasingh/Library/Developer/Xcode/DerivedData/ModuleCache.noindex/MobileCoreServices-DTD3QFOGIKKQ98LHHL3F6YOCU.pcm

SwiftDriverJobDiscovery normal x86_64 Compiling _HandlerInfo.swift (in target 'SwiftState' from project 'SwiftState')

SwiftCompile normal arm64 Compiling\ _HandlerInfo.swift /Users/aadityasingh/Library/Developer/Xcode/DerivedData/Chatlio-erkyzdeecsohoaggpwbjdvavzqfv/SourcePackages/checkouts/SwiftState/Sources/_HandlerInfo.swift (in target 'SwiftState' from project 'SwiftState')

SwiftCompile normal arm64 /Users/aadityasingh/Library/Developer/Xcode/DerivedData/Chatlio-erkyzdeecsohoaggpwbjdvavzqfv/SourcePackages/checkouts/SwiftState/Sources/_HandlerInfo.swift (in target 'SwiftState' from project 'SwiftState')
    cd /Users/aadityasingh/Documents/Development/element-x-ios/Chatlio.xcodeproj
    

SwiftCompile normal x86_64 Compiling\ Machine.swift,\ Route.swift /Users/aadityasingh/Library/Developer/Xcode/DerivedData/Chatlio-erkyzdeecsohoaggpwbjdvavzqfv/SourcePackages/checkouts/SwiftState/Sources/Machine.swift /Users/aadityasingh/Library/Developer/Xcode/DerivedData/Chatlio-erkyzdeecsohoaggpwbjdvavzqfv/SourcePackages/checkouts/SwiftState/Sources/Route.swift (in target 'SwiftState' from project 'SwiftState')
SwiftCompile normal x86_64 /Users/aadityasingh/Library/Developer/Xcode/DerivedData/Chatlio-erkyzdeecsohoaggpwbjdvavzqfv/SourcePackages/checkouts/SwiftState/Sources/Machine.swift (in target 'SwiftState' from project 'SwiftState')
    cd /Users/aadityasingh/Documents/Development/element-x-ios/Chatlio.xcodeproj
    

SwiftCompile normal x86_64 /Users/aadityasingh/Library/Developer/Xcode/DerivedData/Chatlio-erkyzdeecsohoaggpwbjdvavzqfv/SourcePackages/checkouts/SwiftState/Sources/Route.swift (in target 'SwiftState' from project 'SwiftState')
    cd /Users/aadityasingh/Documents/Development/element-x-ios/Chatlio.xcodeproj
    

SwiftCompile normal arm64 Compiling\ _Random.swift /Users/aadityasingh/Library/Developer/Xcode/DerivedData/Chatlio-erkyzdeecsohoaggpwbjdvavzqfv/SourcePackages/checkouts/SwiftState/Sources/_Random.swift (in target 'SwiftState' from project 'SwiftState')

SwiftCompile normal arm64 /Users/aadityasingh/Library/Developer/Xcode/DerivedData/Chatlio-erkyzdeecsohoaggpwbjdvavzqfv/SourcePackages/checkouts/SwiftState/Sources/_Random.swift (in target 'SwiftState' from project 'SwiftState')
    cd /Users/aadityasingh/Documents/Development/element-x-ios/Chatlio.xcodeproj
    

SwiftEmitModule normal x86_64 Emitting\ module\ for\ Version (in target 'Version' from project 'Version')

EmitSwiftModule normal x86_64 (in target 'Version' from project 'Version')
    cd /Users/aadityasingh/Documents/Development/element-x-ios/Chatlio.xcodeproj
    

SwiftEmitModule normal x86_64 Emitting\ module\ for\ MatrixRustSDK (in target 'MatrixRustSDK' from project 'MatrixRustSDK')
EmitSwiftModule normal x86_64 (in target 'MatrixRustSDK' from project 'MatrixRustSDK')
    cd /Users/aadityasingh/Documents/Development/element-x-ios/Chatlio.xcodeproj
    

SwiftDriverJobDiscovery normal arm64 Compiling RouteChain.swift (in target 'SwiftState' from project 'SwiftState')

SwiftEmitModule normal x86_64 Emitting\ module\ for\ LoremSwiftum (in target 'LoremSwiftum' from project 'LoremSwiftum')

SwiftCompile normal x86_64 /Users/aadityasingh/Library/Developer/Xcode/DerivedData/Chatlio-erkyzdeecsohoaggpwbjdvavzqfv/SourcePackages/checkouts/LoremSwiftum/Sources/LoremSwiftum.swift (in target 'LoremSwiftum' from project 'LoremSwiftum')
    cd /Users/aadityasingh/Documents/Development/element-x-ios/Chatlio.xcodeproj
    

SwiftExplicitDependencyGeneratePcm x86_64 /Users/aadityasingh/Library/Developer/Xcode/DerivedData/ModuleCache.noindex/RelevanceKit-8PTTPZR5KKFH8S3GX7HK8ZTOT.pcm

SwiftExplicitDependencyGeneratePcm x86_64 /Users/aadityasingh/Library/Developer/Xcode/DerivedData/ModuleCache.noindex/FileProvider-9XY1ONV02SXFXHBFXHU94L8SH.pcm

SwiftDriverJobDiscovery normal arm64 Compiling _HandlerInfo.swift (in target 'SwiftState' from project 'SwiftState')

SwiftExplicitDependencyGeneratePcm x86_64 /Users/aadityasingh/Library/Developer/Xcode/DerivedData/ModuleCache.noindex/Symbols-2Z9BUTB7XZEVLF81UCAE5N2OU.pcm

SwiftExplicitDependencyGeneratePcm x86_64 /Users/aadityasingh/Library/Developer/Xcode/DerivedData/ModuleCache.noindex/UniformTypeIdentifiers-9HON5VLY81UP5YJDM55UO46XU.pcm

SwiftExplicitDependencyGeneratePcm x86_64 /Users/aadityasingh/Library/Developer/Xcode/DerivedData/ModuleCache.noindex/Accessibility-BSPUMF9BOC1S7UY5319O5OICV.pcm

SwiftExplicitDependencyGeneratePcm x86_64 /Users/aadityasingh/Library/Developer/Xcode/DerivedData/ModuleCache.noindex/Network-795IMJW46SMHXUXCB8CH3B9PO.pcm

SwiftDriverJobDiscovery normal x86_64 Emitting module for Version (in target 'Version' from project 'Version')

SwiftDriver\ Compilation\ Requirements Version normal x86_64 com.apple.xcode.tools.swift.compiler (in target 'Version' from project 'Version')
    cd /Users/aadityasingh/Documents/Development/element-x-ios/Chatlio.xcodeproj
    builtin-Swift-Compilation-Requirements -- /Applications/Xcode.app/Contents/Developer/Toolchains/XcodeDefault.xctoolchain/usr/bin/swiftc -module-name Version -Onone @/Users/aadityasingh/Library/Developer/Xcode/DerivedData/Chatlio-erkyzdeecsohoaggpwbjdvavzqfv/Build/Intermediates.noindex/Version.build/Debug-iphonesimulator/Version.build/Objects-normal/x86_64/Version.SwiftFileList -DSWIFT_PACKAGE -DDEBUG -DSWIFT_MODULE_RESOURCE_BUNDLE_UNAVAILABLE -DXcode -plugin-path /Applications/Xcode.app/Contents/Developer/Toolchains/XcodeDefault.xctoolchain/usr/lib/swift/host/plugins/testing -enable-experimental-feature DebugDescriptionMacro -sdk /Applications/Xcode.app/Contents/Developer/Platforms/iPhoneSimulator.platform/Developer/SDKs/iPhoneSimulator26.4.sdk -target x86_64-apple-ios12.0-simulator -g -module-cache-path /Users/aadityasingh/Library/Developer/Xcode/DerivedData/ModuleCache.noindex -Xfrontend -serialize-debugging-options -profile-coverage-mapping -profile-generate -enable-testing -suppress-warnings -index-store-path /Users/aadityasingh/Library/Developer/Xcode/DerivedData/Chatlio-erkyzdeecsohoaggpwbjdvavzqfv/Index.noindex/DataStore -Xcc -D_LIBCPP_HARDENING_MODE\=_LIBCPP_HARDENING_MODE_DEBUG -swift-version 5 -I /Users/aadityasingh/Library/Developer/Xcode/DerivedData/Chatlio-erkyzdeecsohoaggpwbjdvavzqfv/Build/Products/Debug-iphonesimulator -Isystem /Applications/Xcode.app/Contents/Developer/Platforms/iPhoneSimulator.platform/Developer/usr/lib -F /Users/aadityasingh/Library/Developer/Xcode/DerivedData/Chatlio-erkyzdeecsohoaggpwbjdvavzqfv/Build/Products/Debug-iphonesimulator -F /Applications/Xcode.app/Contents/Developer/Platforms/iPhoneSimulator.platform/Developer/Library/Frameworks -F /Applications/Xcode.app/Contents/Developer/Platforms/iPhoneSimulator.platform/Developer/SDKs/iPhoneSimulator26.4.sdk/Developer/Library/Frameworks -c -j12 -enable-batch-mode -incremental -Xcc -ivfsstatcache -Xcc /Users/aadityasingh/Library/Developer/Xcode/DerivedData/SDKStatCaches.noindex/iphonesimulator26.4-23E252-686eebb5dc1d8ecb277353a59184f4aa.sdkstatcache -output-file-map /Users/aadityasingh/Library/Developer/Xcode/DerivedData/Chatlio-erkyzdeecsohoaggpwbjdvavzqfv/Build/Intermediates.noindex/Version.build/Debug-iphonesimulator/Version.build/Objects-normal/x86_64/Version-OutputFileMap.json -use-frontend-parseable-output -save-temps -no-color-diagnostics -explicit-module-build -module-cache-path /Users/aadityasingh/Library/Developer/Xcode/DerivedData/Chatlio-erkyzdeecsohoaggpwbjdvavzqfv/Build/Intermediates.noindex/SwiftExplicitPrecompiledModules -clang-scanner-module-cache-path /Users/aadityasingh/Library/Developer/Xcode/DerivedData/ModuleCache.noindex -sdk-module-cache-path /Users/aadityasingh/Library/Developer/Xcode/DerivedData/ModuleCache.noindex -serialize-diagnostics -emit-dependencies -emit-module -emit-module-path /Users/aadityasingh/Library/Developer/Xcode/DerivedData/Chatlio-erkyzdeecsohoaggpwbjdvavzqfv/Build/Intermediates.noindex/Version.build/Debug-iphonesimulator/Version.build/Objects-normal/x86_64/Version.swiftmodule -validate-clang-modules-once -clang-build-session-file /Users/aadityasingh/Library/Developer/Xcode/DerivedData/ModuleCache.noindex/Session.modulevalidation -Xcc -I/Users/aadityasingh/Library/Developer/Xcode/DerivedData/Chatlio-erkyzdeecsohoaggpwbjdvavzqfv/Build/Intermediates.noindex/Version.build/Debug-iphonesimulator/Version.build/swift-overrides.hmap -emit-const-values -Xfrontend -const-gather-protocols-file -Xfrontend /Users/aadityasingh/Library/Developer/Xcode/DerivedData/Chatlio-erkyzdeecsohoaggpwbjdvavzqfv/Build/Intermediates.noindex/Version.build/Debug-iphonesimulator/Version.build/Objects-normal/x86_64/Version_const_extract_protocols.json -Xcc -I/Users/aadityasingh/Library/Developer/Xcode/DerivedData/Chatlio-erkyzdeecsohoaggpwbjdvavzqfv/Build/Products/Debug-iphonesimulator/include -Xcc -I/Users/aadityasingh/Library/Developer/Xcode/DerivedData/Chatlio-erkyzdeecsohoaggpwbjdvavzqfv/Build/Intermediates.noindex/Version.build/Debug-iphonesimulator/Version.build/DerivedSources-normal/x86_64 -Xcc -I/Users/aadityasingh/Library/Developer/Xcode/DerivedData/Chatlio-erkyzdeecsohoaggpwbjdvavzqfv/Build/Intermediates.noindex/Version.build/Debug-iphonesimulator/Version.build/DerivedSources/x86_64 -Xcc -I/Users/aadityasingh/Library/Developer/Xcode/DerivedData/Chatlio-erkyzdeecsohoaggpwbjdvavzqfv/Build/Intermediates.noindex/Version.build/Debug-iphonesimulator/Version.build/DerivedSources -Xcc -DSWIFT_PACKAGE -Xcc -DDEBUG\=1 -emit-objc-header -emit-objc-header-path /Users/aadityasingh/Library/Developer/Xcode/DerivedData/Chatlio-erkyzdeecsohoaggpwbjdvavzqfv/Build/Intermediates.noindex/Version.build/Debug-iphonesimulator/Version.build/Objects-normal/x86_64/Version-Swift.h -working-directory /Users/aadityasingh/Documents/Development/element-x-ios/Chatlio.xcodeproj -experimental-emit-module-separately -disable-cmo

SwiftExplicitDependencyGeneratePcm x86_64 /Users/aadityasingh/Library/Developer/Xcode/DerivedData/ModuleCache.noindex/_LocationEssentials-D2UYJOISPQ8RYAAJ1220MI1CB.pcm

SwiftExplicitDependencyGeneratePcm x86_64 /Users/aadityasingh/Library/Developer/Xcode/DerivedData/ModuleCache.noindex/CoreMIDI-8EUWK8XNBCMXZ88LWXTXVE4JD.pcm

Copy /Users/aadityasingh/Library/Developer/Xcode/DerivedData/Chatlio-erkyzdeecsohoaggpwbjdvavzqfv/Build/Products/Debug-iphonesimulator/Version.swiftmodule/x86_64-apple-ios-simulator.swiftmodule /Users/aadityasingh/Library/Developer/Xcode/DerivedData/Chatlio-erkyzdeecsohoaggpwbjdvavzqfv/Build/Intermediates.noindex/Version.build/Debug-iphonesimulator/Version.build/Objects-normal/x86_64/Version.swiftmodule (in target 'Version' from project 'Version')
    cd /Users/aadityasingh/Library/Developer/Xcode/DerivedData/Chatlio-erkyzdeecsohoaggpwbjdvavzqfv/SourcePackages/checkouts/Version
    builtin-copy -exclude .DS_Store -exclude CVS -exclude .svn -exclude .git -exclude .hg -resolve-src-symlinks -rename /Users/aadityasingh/Library/Developer/Xcode/DerivedData/Chatlio-erkyzdeecsohoaggpwbjdvavzqfv/Build/Intermediates.noindex/Version.build/Debug-iphonesimulator/Version.build/Objects-normal/x86_64/Version.swiftmodule /Users/aadityasingh/Library/Developer/Xcode/DerivedData/Chatlio-erkyzdeecsohoaggpwbjdvavzqfv/Build/Products/Debug-iphonesimulator/Version.swiftmodule/x86_64-apple-ios-simulator.swiftmodule

Copy /Users/aadityasingh/Library/Developer/Xcode/DerivedData/Chatlio-erkyzdeecsohoaggpwbjdvavzqfv/Build/Products/Debug-iphonesimulator/Version.swiftmodule/x86_64-apple-ios-simulator.swiftdoc /Users/aadityasingh/Library/Developer/Xcode/DerivedData/Chatlio-erkyzdeecsohoaggpwbjdvavzqfv/Build/Intermediates.noindex/Version.build/Debug-iphonesimulator/Version.build/Objects-normal/x86_64/Version.swiftdoc (in target 'Version' from project 'Version')
    cd /Users/aadityasingh/Library/Developer/Xcode/DerivedData/Chatlio-erkyzdeecsohoaggpwbjdvavzqfv/SourcePackages/checkouts/Version
    builtin-copy -exclude .DS_Store -exclude CVS -exclude .svn -exclude .git -exclude .hg -resolve-src-symlinks -rename /Users/aadityasingh/Library/Developer/Xcode/DerivedData/Chatlio-erkyzdeecsohoaggpwbjdvavzqfv/Build/Intermediates.noindex/Version.build/Debug-iphonesimulator/Version.build/Objects-normal/x86_64/Version.swiftdoc /Users/aadityasingh/Library/Developer/Xcode/DerivedData/Chatlio-erkyzdeecsohoaggpwbjdvavzqfv/Build/Products/Debug-iphonesimulator/Version.swiftmodule/x86_64-apple-ios-simulator.swiftdoc

Copy /Users/aadityasingh/Library/Developer/Xcode/DerivedData/Chatlio-erkyzdeecsohoaggpwbjdvavzqfv/Build/Products/Debug-iphonesimulator/Version.swiftmodule/x86_64-apple-ios-simulator.abi.json /Users/aadityasingh/Library/Developer/Xcode/DerivedData/Chatlio-erkyzdeecsohoaggpwbjdvavzqfv/Build/Intermediates.noindex/Version.build/Debug-iphonesimulator/Version.build/Objects-normal/x86_64/Version.abi.json (in target 'Version' from project 'Version')
    cd /Users/aadityasingh/Library/Developer/Xcode/DerivedData/Chatlio-erkyzdeecsohoaggpwbjdvavzqfv/SourcePackages/checkouts/Version
    builtin-copy -exclude .DS_Store -exclude CVS -exclude .svn -exclude .git -exclude .hg -resolve-src-symlinks -rename /Users/aadityasingh/Library/Developer/Xcode/DerivedData/Chatlio-erkyzdeecsohoaggpwbjdvavzqfv/Build/Intermediates.noindex/Version.build/Debug-iphonesimulator/Version.build/Objects-normal/x86_64/Version.abi.json /Users/aadityasingh/Library/Developer/Xcode/DerivedData/Chatlio-erkyzdeecsohoaggpwbjdvavzqfv/Build/Products/Debug-iphonesimulator/Version.swiftmodule/x86_64-apple-ios-simulator.abi.json

SwiftDriverJobDiscovery normal x86_64 Emitting module for LoremSwiftum (in target 'LoremSwiftum' from project 'LoremSwiftum')

Copy /Users/aadityasingh/Library/Developer/Xcode/DerivedData/Chatlio-erkyzdeecsohoaggpwbjdvavzqfv/Build/Products/Debug-iphonesimulator/Version.swiftmodule/Project/x86_64-apple-ios-simulator.swiftsourceinfo /Users/aadityasingh/Library/Developer/Xcode/DerivedData/Chatlio-erkyzdeecsohoaggpwbjdvavzqfv/Build/Intermediates.noindex/Version.build/Debug-iphonesimulator/Version.build/Objects-normal/x86_64/Version.swiftsourceinfo (in target 'Version' from project 'Version')
    cd /Users/aadityasingh/Library/Developer/Xcode/DerivedData/Chatlio-erkyzdeecsohoaggpwbjdvavzqfv/SourcePackages/checkouts/Version
    builtin-copy -exclude .DS_Store -exclude CVS -exclude .svn -exclude .git -exclude .hg -resolve-src-symlinks -rename /Users/aadityasingh/Library/Developer/Xcode/DerivedData/Chatlio-erkyzdeecsohoaggpwbjdvavzqfv/Build/Intermediates.noindex/Version.build/Debug-iphonesimulator/Version.build/Objects-normal/x86_64/Version.swiftsourceinfo /Users/aadityasingh/Library/Developer/Xcode/DerivedData/Chatlio-erkyzdeecsohoaggpwbjdvavzqfv/Build/Products/Debug-iphonesimulator/Version.swiftmodule/Project/x86_64-apple-ios-simulator.swiftsourceinfo

SwiftDriver\ Compilation\ Requirements LoremSwiftum normal x86_64 com.apple.xcode.tools.swift.compiler (in target 'LoremSwiftum' from project 'LoremSwiftum')
    cd /Users/aadityasingh/Documents/Development/element-x-ios/Chatlio.xcodeproj
    builtin-Swift-Compilation-Requirements -- /Applications/Xcode.app/Contents/Developer/Toolchains/XcodeDefault.xctoolchain/usr/bin/swiftc -module-name LoremSwiftum -Onone @/Users/aadityasingh/Library/Developer/Xcode/DerivedData/Chatlio-erkyzdeecsohoaggpwbjdvavzqfv/Build/Intermediates.noindex/LoremSwiftum.build/Debug-iphonesimulator/LoremSwiftum.build/Objects-normal/x86_64/LoremSwiftum.SwiftFileList -DSWIFT_PACKAGE -DDEBUG -DSWIFT_MODULE_RESOURCE_BUNDLE_UNAVAILABLE -DXcode -plugin-path /Applications/Xcode.app/Contents/Developer/Toolchains/XcodeDefault.xctoolchain/usr/lib/swift/host/plugins/testing -enable-experimental-feature DebugDescriptionMacro -sdk /Applications/Xcode.app/Contents/Developer/Platforms/iPhoneSimulator.platform/Developer/SDKs/iPhoneSimulator26.4.sdk -target x86_64-apple-ios12.0-simulator -g -module-cache-path /Users/aadityasingh/Library/Developer/Xcode/DerivedData/ModuleCache.noindex -Xfrontend -serialize-debugging-options -profile-coverage-mapping -profile-generate -enable-testing -suppress-warnings -index-store-path /Users/aadityasingh/Library/Developer/Xcode/DerivedData/Chatlio-erkyzdeecsohoaggpwbjdvavzqfv/Index.noindex/DataStore -Xcc -D_LIBCPP_HARDENING_MODE\=_LIBCPP_HARDENING_MODE_DEBUG -swift-version 5 -I /Users/aadityasingh/Library/Developer/Xcode/DerivedData/Chatlio-erkyzdeecsohoaggpwbjdvavzqfv/Build/Products/Debug-iphonesimulator -Isystem /Applications/Xcode.app/Contents/Developer/Platforms/iPhoneSimulator.platform/Developer/usr/lib -F /Users/aadityasingh/Library/Developer/Xcode/DerivedData/Chatlio-erkyzdeecsohoaggpwbjdvavzqfv/Build/Products/Debug-iphonesimulator -F /Applications/Xcode.app/Contents/Developer/Platforms/iPhoneSimulator.platform/Developer/Library/Frameworks -F /Applications/Xcode.app/Contents/Developer/Platforms/iPhoneSimulator.platform/Developer/SDKs/iPhoneSimulator26.4.sdk/Developer/Library/Frameworks -parse-as-library -c -j12 -enable-batch-mode -incremental -Xcc -ivfsstatcache -Xcc /Users/aadityasingh/Library/Developer/Xcode/DerivedData/SDKStatCaches.noindex/iphonesimulator26.4-23E252-686eebb5dc1d8ecb277353a59184f4aa.sdkstatcache -output-file-map /Users/aadityasingh/Library/Developer/Xcode/DerivedData/Chatlio-erkyzdeecsohoaggpwbjdvavzqfv/Build/Intermediates.noindex/LoremSwiftum.build/Debug-iphonesimulator/LoremSwiftum.build/Objects-normal/x86_64/LoremSwiftum-OutputFileMap.json -use-frontend-parseable-output -save-temps -no-color-diagnostics -explicit-module-build -module-cache-path /Users/aadityasingh/Library/Developer/Xcode/DerivedData/Chatlio-erkyzdeecsohoaggpwbjdvavzqfv/Build/Intermediates.noindex/SwiftExplicitPrecompiledModules -clang-scanner-module-cache-path /Users/aadityasingh/Library/Developer/Xcode/DerivedData/ModuleCache.noindex -sdk-module-cache-path /Users/aadityasingh/Library/Developer/Xcode/DerivedData/ModuleCache.noindex -serialize-diagnostics -emit-dependencies -emit-module -emit-module-path /Users/aadityasingh/Library/Developer/Xcode/DerivedData/Chatlio-erkyzdeecsohoaggpwbjdvavzqfv/Build/Intermediates.noindex/LoremSwiftum.build/Debug-iphonesimulator/LoremSwiftum.build/Objects-normal/x86_64/LoremSwiftum.swiftmodule -validate-clang-modules-once -clang-build-session-file /Users/aadityasingh/Library/Developer/Xcode/DerivedData/ModuleCache.noindex/Session.modulevalidation -Xcc -I/Users/aadityasingh/Library/Developer/Xcode/DerivedData/Chatlio-erkyzdeecsohoaggpwbjdvavzqfv/Build/Intermediates.noindex/LoremSwiftum.build/Debug-iphonesimulator/LoremSwiftum.build/swift-overrides.hmap -emit-const-values -Xfrontend -const-gather-protocols-file -Xfrontend /Users/aadityasingh/Library/Developer/Xcode/DerivedData/Chatlio-erkyzdeecsohoaggpwbjdvavzqfv/Build/Intermediates.noindex/LoremSwiftum.build/Debug-iphonesimulator/LoremSwiftum.build/Objects-normal/x86_64/LoremSwiftum_const_extract_protocols.json -Xcc -I/Users/aadityasingh/Library/Developer/Xcode/DerivedData/Chatlio-erkyzdeecsohoaggpwbjdvavzqfv/Build/Products/Debug-iphonesimulator/include -Xcc -I/Users/aadityasingh/Library/Developer/Xcode/DerivedData/Chatlio-erkyzdeecsohoaggpwbjdvavzqfv/Build/Intermediates.noindex/LoremSwiftum.build/Debug-iphonesimulator/LoremSwiftum.build/DerivedSources-normal/x86_64 -Xcc -I/Users/aadityasingh/Library/Developer/Xcode/DerivedData/Chatlio-erkyzdeecsohoaggpwbjdvavzqfv/Build/Intermediates.noindex/LoremSwiftum.build/Debug-iphonesimulator/LoremSwiftum.build/DerivedSources/x86_64 -Xcc -I/Users/aadityasingh/Library/Developer/Xcode/DerivedData/Chatlio-erkyzdeecsohoaggpwbjdvavzqfv/Build/Intermediates.noindex/LoremSwiftum.build/Debug-iphonesimulator/LoremSwiftum.build/DerivedSources -Xcc -DSWIFT_PACKAGE -Xcc -DDEBUG\=1 -emit-objc-header -emit-objc-header-path /Users/aadityasingh/Library/Developer/Xcode/DerivedData/Chatlio-erkyzdeecsohoaggpwbjdvavzqfv/Build/Intermediates.noindex/LoremSwiftum.build/Debug-iphonesimulator/LoremSwiftum.build/Objects-normal/x86_64/LoremSwiftum-Swift.h -working-directory /Users/aadityasingh/Documents/Development/element-x-ios/Chatlio.xcodeproj -experimental-emit-module-separately -disable-cmo

SwiftExplicitDependencyGeneratePcm x86_64 /Users/aadityasingh/Library/Developer/Xcode/DerivedData/ModuleCache.noindex/UserNotifications-89ENEF4V45GGLTSNHK7AE76VH.pcm

SwiftExplicitDependencyGeneratePcm arm64 /Users/aadityasingh/Library/Developer/Xcode/DerivedData/ModuleCache.noindex/MachO-DXSLIYCSB65KVAYIN0DHZJW4V.pcm

Copy /Users/aadityasingh/Library/Developer/Xcode/DerivedData/Chatlio-erkyzdeecsohoaggpwbjdvavzqfv/Build/Products/Debug-iphonesimulator/LoremSwiftum.swiftmodule/x86_64-apple-ios-simulator.swiftmodule /Users/aadityasingh/Library/Developer/Xcode/DerivedData/Chatlio-erkyzdeecsohoaggpwbjdvavzqfv/Build/Intermediates.noindex/LoremSwiftum.build/Debug-iphonesimulator/LoremSwiftum.build/Objects-normal/x86_64/LoremSwiftum.swiftmodule (in target 'LoremSwiftum' from project 'LoremSwiftum')
    cd /Users/aadityasingh/Library/Developer/Xcode/DerivedData/Chatlio-erkyzdeecsohoaggpwbjdvavzqfv/SourcePackages/checkouts/LoremSwiftum
    builtin-copy -exclude .DS_Store -exclude CVS -exclude .svn -exclude .git -exclude .hg -resolve-src-symlinks -rename /Users/aadityasingh/Library/Developer/Xcode/DerivedData/Chatlio-erkyzdeecsohoaggpwbjdvavzqfv/Build/Intermediates.noindex/LoremSwiftum.build/Debug-iphonesimulator/LoremSwiftum.build/Objects-normal/x86_64/LoremSwiftum.swiftmodule /Users/aadityasingh/Library/Developer/Xcode/DerivedData/Chatlio-erkyzdeecsohoaggpwbjdvavzqfv/Build/Products/Debug-iphonesimulator/LoremSwiftum.swiftmodule/x86_64-apple-ios-simulator.swiftmodule

Copy /Users/aadityasingh/Library/Developer/Xcode/DerivedData/Chatlio-erkyzdeecsohoaggpwbjdvavzqfv/Build/Products/Debug-iphonesimulator/LoremSwiftum.swiftmodule/x86_64-apple-ios-simulator.swiftdoc /Users/aadityasingh/Library/Developer/Xcode/DerivedData/Chatlio-erkyzdeecsohoaggpwbjdvavzqfv/Build/Intermediates.noindex/LoremSwiftum.build/Debug-iphonesimulator/LoremSwiftum.build/Objects-normal/x86_64/LoremSwiftum.swiftdoc (in target 'LoremSwiftum' from project 'LoremSwiftum')
    cd /Users/aadityasingh/Library/Developer/Xcode/DerivedData/Chatlio-erkyzdeecsohoaggpwbjdvavzqfv/SourcePackages/checkouts/LoremSwiftum
    builtin-copy -exclude .DS_Store -exclude CVS -exclude .svn -exclude .git -exclude .hg -resolve-src-symlinks -rename /Users/aadityasingh/Library/Developer/Xcode/DerivedData/Chatlio-erkyzdeecsohoaggpwbjdvavzqfv/Build/Intermediates.noindex/LoremSwiftum.build/Debug-iphonesimulator/LoremSwiftum.build/Objects-normal/x86_64/LoremSwiftum.swiftdoc /Users/aadityasingh/Library/Developer/Xcode/DerivedData/Chatlio-erkyzdeecsohoaggpwbjdvavzqfv/Build/Products/Debug-iphonesimulator/LoremSwiftum.swiftmodule/x86_64-apple-ios-simulator.swiftdoc

Copy /Users/aadityasingh/Library/Developer/Xcode/DerivedData/Chatlio-erkyzdeecsohoaggpwbjdvavzqfv/Build/Products/Debug-iphonesimulator/LoremSwiftum.swiftmodule/x86_64-apple-ios-simulator.abi.json /Users/aadityasingh/Library/Developer/Xcode/DerivedData/Chatlio-erkyzdeecsohoaggpwbjdvavzqfv/Build/Intermediates.noindex/LoremSwiftum.build/Debug-iphonesimulator/LoremSwiftum.build/Objects-normal/x86_64/LoremSwiftum.abi.json (in target 'LoremSwiftum' from project 'LoremSwiftum')
    cd /Users/aadityasingh/Library/Developer/Xcode/DerivedData/Chatlio-erkyzdeecsohoaggpwbjdvavzqfv/SourcePackages/checkouts/LoremSwiftum
    builtin-copy -exclude .DS_Store -exclude CVS -exclude .svn -exclude .git -exclude .hg -resolve-src-symlinks -rename /Users/aadityasingh/Library/Developer/Xcode/DerivedData/Chatlio-erkyzdeecsohoaggpwbjdvavzqfv/Build/Intermediates.noindex/LoremSwiftum.build/Debug-iphonesimulator/LoremSwiftum.build/Objects-normal/x86_64/LoremSwiftum.abi.json /Users/aadityasingh/Library/Developer/Xcode/DerivedData/Chatlio-erkyzdeecsohoaggpwbjdvavzqfv/Build/Products/Debug-iphonesimulator/LoremSwiftum.swiftmodule/x86_64-apple-ios-simulator.abi.json

Copy /Users/aadityasingh/Library/Developer/Xcode/DerivedData/Chatlio-erkyzdeecsohoaggpwbjdvavzqfv/Build/Products/Debug-iphonesimulator/LoremSwiftum.swiftmodule/Project/x86_64-apple-ios-simulator.swiftsourceinfo /Users/aadityasingh/Library/Developer/Xcode/DerivedData/Chatlio-erkyzdeecsohoaggpwbjdvavzqfv/Build/Intermediates.noindex/LoremSwiftum.build/Debug-iphonesimulator/LoremSwiftum.build/Objects-normal/x86_64/LoremSwiftum.swiftsourceinfo (in target 'LoremSwiftum' from project 'LoremSwiftum')
    cd /Users/aadityasingh/Library/Developer/Xcode/DerivedData/Chatlio-erkyzdeecsohoaggpwbjdvavzqfv/SourcePackages/checkouts/LoremSwiftum
    builtin-copy -exclude .DS_Store -exclude CVS -exclude .svn -exclude .git -exclude .hg -resolve-src-symlinks -rename /Users/aadityasingh/Library/Developer/Xcode/DerivedData/Chatlio-erkyzdeecsohoaggpwbjdvavzqfv/Build/Intermediates.noindex/LoremSwiftum.build/Debug-iphonesimulator/LoremSwiftum.build/Objects-normal/x86_64/LoremSwiftum.swiftsourceinfo /Users/aadityasingh/Library/Developer/Xcode/DerivedData/Chatlio-erkyzdeecsohoaggpwbjdvavzqfv/Build/Products/Debug-iphonesimulator/LoremSwiftum.swiftmodule/Project/x86_64-apple-ios-simulator.swiftsourceinfo

SwiftExplicitDependencyGeneratePcm arm64 /Users/aadityasingh/Library/Developer/Xcode/DerivedData/ModuleCache.noindex/ObjectiveC-DP62SKSRA7TLWGI4RXKDE0L10.pcm

SwiftExplicitDependencyGeneratePcm x86_64 /Users/aadityasingh/Library/Developer/Xcode/DerivedData/ModuleCache.noindex/ObjectiveC-29J1TTOTRYZ3XIFIYVENAQSBL.pcm

SwiftExplicitDependencyGeneratePcm x86_64 /Users/aadityasingh/Library/Developer/Xcode/DerivedData/ModuleCache.noindex/MachO-QIX36RSWLUTRS0YIWAIM0YOO.pcm

SwiftExplicitDependencyGeneratePcm x86_64 /Users/aadityasingh/Library/Developer/Xcode/DerivedData/ModuleCache.noindex/CoreLocation-CSWQEEL2YWWX8H1F2DSRWMRAL.pcm

SwiftExplicitDependencyGeneratePcm x86_64 /Users/aadityasingh/Library/Developer/Xcode/DerivedData/ModuleCache.noindex/Spatial-592ZWXL70QG37Y26FRY3ILVSP.pcm

SwiftExplicitDependencyGeneratePcm x86_64 /Users/aadityasingh/Library/Developer/Xcode/DerivedData/ModuleCache.noindex/IOSurface-D9BQH9Z3T0EC2O5Q20DT2IYST.pcm

SwiftExplicitDependencyGeneratePcm x86_64 /Users/aadityasingh/Library/Developer/Xcode/DerivedData/ModuleCache.noindex/MetricKit-7LLE9E1RM7JI2ZC0UROHI6AW0.pcm

SwiftExplicitDependencyGeneratePcm x86_64 /Users/aadityasingh/Library/Developer/Xcode/DerivedData/ModuleCache.noindex/CoreData-6DXZQ5HF8IIOSS5AN4XORGDME.pcm

SwiftExplicitDependencyGeneratePcm arm64 /Users/aadityasingh/Library/Developer/Xcode/DerivedData/ModuleCache.noindex/os_object-5NHM4HPJXHMOMFE0AZ3U8BRAD.pcm

SwiftExplicitDependencyGeneratePcm x86_64 /Users/aadityasingh/Library/Developer/Xcode/DerivedData/ModuleCache.noindex/UIUtilities-5I12XLBPGC86YHQI9X5DOQYQ2.pcm

SwiftExplicitDependencyGeneratePcm x86_64 /Users/aadityasingh/Library/Developer/Xcode/DerivedData/ModuleCache.noindex/simd-A41OHEY1EZH2UK8KJELLZAJ0H.pcm

SwiftExplicitDependencyGeneratePcm x86_64 /Users/aadityasingh/Library/Developer/Xcode/DerivedData/ModuleCache.noindex/DataDetection-8C1R0AMUWZ2H81AC6MD0ZQRNO.pcm

SwiftDriverJobDiscovery normal arm64 Compiling _Random.swift (in target 'SwiftState' from project 'SwiftState')

SwiftExplicitDependencyGeneratePcm x86_64 /Users/aadityasingh/Library/Developer/Xcode/DerivedData/ModuleCache.noindex/CoreSpotlight-7TMKFSXZZ4JOAOKKPXUE5I1LR.pcm

SwiftEmitModule normal arm64 Emitting\ module\ for\ Version (in target 'Version' from project 'Version')

EmitSwiftModule normal arm64 (in target 'Version' from project 'Version')
    cd /Users/aadityasingh/Documents/Development/element-x-ios/Chatlio.xcodeproj
    

SwiftEmitModule normal arm64 Emitting\ module\ for\ MatrixRustSDK (in target 'MatrixRustSDK' from project 'MatrixRustSDK')
EmitSwiftModule normal arm64 (in target 'MatrixRustSDK' from project 'MatrixRustSDK')
    cd /Users/aadityasingh/Documents/Development/element-x-ios/Chatlio.xcodeproj
    

SwiftEmitModule normal arm64 Emitting\ module\ for\ LoremSwiftum (in target 'LoremSwiftum' from project 'LoremSwiftum')

SwiftCompile normal arm64 /Users/aadityasingh/Library/Developer/Xcode/DerivedData/Chatlio-erkyzdeecsohoaggpwbjdvavzqfv/SourcePackages/checkouts/LoremSwiftum/Sources/LoremSwiftum.swift (in target 'LoremSwiftum' from project 'LoremSwiftum')
    cd /Users/aadityasingh/Documents/Development/element-x-ios/Chatlio.xcodeproj
    

SwiftExplicitDependencyGeneratePcm arm64 /Users/aadityasingh/Library/Developer/Xcode/DerivedData/ModuleCache.noindex/CoreData-C3KH9QFU02V7K0MV9Z6TUS0GS.pcm

SwiftExplicitDependencyGeneratePcm arm64 /Users/aadityasingh/Library/Developer/Xcode/DerivedData/ModuleCache.noindex/OpenGLES-9LF3FMKC0KXX4NFDO6NK7AKB9.pcm

SwiftExplicitDependencyGeneratePcm arm64 /Users/aadityasingh/Library/Developer/Xcode/DerivedData/ModuleCache.noindex/UIUtilities-5NZHBL2AEFY3IH6Y0GXEF0W7V.pcm

SwiftExplicitDependencyGeneratePcm x86_64 /Users/aadityasingh/Library/Developer/Xcode/DerivedData/ModuleCache.noindex/MediaAccessibility-81Q3ZJZMEZ182EIRKYEW1YGHP.pcm

SwiftExplicitDependencyGeneratePcm arm64 /Users/aadityasingh/Library/Developer/Xcode/DerivedData/ModuleCache.noindex/Accessibility-A3FZKLBI931BK7XDLI34CGFJ9.pcm

SwiftExplicitDependencyGeneratePcm arm64 /Users/aadityasingh/Library/Developer/Xcode/DerivedData/ModuleCache.noindex/CoreMIDI-BYEGX6V3DC9C16OLK1PMTYZT0.pcm

SwiftExplicitDependencyGeneratePcm arm64 /Users/aadityasingh/Library/Developer/Xcode/DerivedData/ModuleCache.noindex/IOSurface-8DGXX28CQGZA1TWTBE8ID3TVX.pcm

SwiftDriverJobDiscovery normal arm64 Emitting module for Version (in target 'Version' from project 'Version')

SwiftExplicitDependencyGeneratePcm arm64 /Users/aadityasingh/Library/Developer/Xcode/DerivedData/ModuleCache.noindex/UniformTypeIdentifiers-50HD2E5VAHNMY56V040BRK19.pcm

SwiftDriver\ Compilation\ Requirements Version normal arm64 com.apple.xcode.tools.swift.compiler (in target 'Version' from project 'Version')
    cd /Users/aadityasingh/Documents/Development/element-x-ios/Chatlio.xcodeproj
    builtin-Swift-Compilation-Requirements -- /Applications/Xcode.app/Contents/Developer/Toolchains/XcodeDefault.xctoolchain/usr/bin/swiftc -module-name Version -Onone @/Users/aadityasingh/Library/Developer/Xcode/DerivedData/Chatlio-erkyzdeecsohoaggpwbjdvavzqfv/Build/Intermediates.noindex/Version.build/Debug-iphonesimulator/Version.build/Objects-normal/arm64/Version.SwiftFileList -DSWIFT_PACKAGE -DDEBUG -DSWIFT_MODULE_RESOURCE_BUNDLE_UNAVAILABLE -DXcode -plugin-path /Applications/Xcode.app/Contents/Developer/Toolchains/XcodeDefault.xctoolchain/usr/lib/swift/host/plugins/testing -enable-experimental-feature DebugDescriptionMacro -sdk /Applications/Xcode.app/Contents/Developer/Platforms/iPhoneSimulator.platform/Developer/SDKs/iPhoneSimulator26.4.sdk -target arm64-apple-ios12.0-simulator -g -module-cache-path /Users/aadityasingh/Library/Developer/Xcode/DerivedData/ModuleCache.noindex -Xfrontend -serialize-debugging-options -profile-coverage-mapping -profile-generate -enable-testing -suppress-warnings -index-store-path /Users/aadityasingh/Library/Developer/Xcode/DerivedData/Chatlio-erkyzdeecsohoaggpwbjdvavzqfv/Index.noindex/DataStore -Xcc -D_LIBCPP_HARDENING_MODE\=_LIBCPP_HARDENING_MODE_DEBUG -swift-version 5 -I /Users/aadityasingh/Library/Developer/Xcode/DerivedData/Chatlio-erkyzdeecsohoaggpwbjdvavzqfv/Build/Products/Debug-iphonesimulator -Isystem /Applications/Xcode.app/Contents/Developer/Platforms/iPhoneSimulator.platform/Developer/usr/lib -F /Users/aadityasingh/Library/Developer/Xcode/DerivedData/Chatlio-erkyzdeecsohoaggpwbjdvavzqfv/Build/Products/Debug-iphonesimulator -F /Applications/Xcode.app/Contents/Developer/Platforms/iPhoneSimulator.platform/Developer/Library/Frameworks -F /Applications/Xcode.app/Contents/Developer/Platforms/iPhoneSimulator.platform/Developer/SDKs/iPhoneSimulator26.4.sdk/Developer/Library/Frameworks -c -j12 -enable-batch-mode -incremental -Xcc -ivfsstatcache -Xcc /Users/aadityasingh/Library/Developer/Xcode/DerivedData/SDKStatCaches.noindex/iphonesimulator26.4-23E252-686eebb5dc1d8ecb277353a59184f4aa.sdkstatcache -output-file-map /Users/aadityasingh/Library/Developer/Xcode/DerivedData/Chatlio-erkyzdeecsohoaggpwbjdvavzqfv/Build/Intermediates.noindex/Version.build/Debug-iphonesimulator/Version.build/Objects-normal/arm64/Version-OutputFileMap.json -use-frontend-parseable-output -save-temps -no-color-diagnostics -explicit-module-build -module-cache-path /Users/aadityasingh/Library/Developer/Xcode/DerivedData/Chatlio-erkyzdeecsohoaggpwbjdvavzqfv/Build/Intermediates.noindex/SwiftExplicitPrecompiledModules -clang-scanner-module-cache-path /Users/aadityasingh/Library/Developer/Xcode/DerivedData/ModuleCache.noindex -sdk-module-cache-path /Users/aadityasingh/Library/Developer/Xcode/DerivedData/ModuleCache.noindex -serialize-diagnostics -emit-dependencies -emit-module -emit-module-path /Users/aadityasingh/Library/Developer/Xcode/DerivedData/Chatlio-erkyzdeecsohoaggpwbjdvavzqfv/Build/Intermediates.noindex/Version.build/Debug-iphonesimulator/Version.build/Objects-normal/arm64/Version.swiftmodule -validate-clang-modules-once -clang-build-session-file /Users/aadityasingh/Library/Developer/Xcode/DerivedData/ModuleCache.noindex/Session.modulevalidation -Xcc -I/Users/aadityasingh/Library/Developer/Xcode/DerivedData/Chatlio-erkyzdeecsohoaggpwbjdvavzqfv/Build/Intermediates.noindex/Version.build/Debug-iphonesimulator/Version.build/swift-overrides.hmap -emit-const-values -Xfrontend -const-gather-protocols-file -Xfrontend /Users/aadityasingh/Library/Developer/Xcode/DerivedData/Chatlio-erkyzdeecsohoaggpwbjdvavzqfv/Build/Intermediates.noindex/Version.build/Debug-iphonesimulator/Version.build/Objects-normal/arm64/Version_const_extract_protocols.json -Xcc -I/Users/aadityasingh/Library/Developer/Xcode/DerivedData/Chatlio-erkyzdeecsohoaggpwbjdvavzqfv/Build/Products/Debug-iphonesimulator/include -Xcc -I/Users/aadityasingh/Library/Developer/Xcode/DerivedData/Chatlio-erkyzdeecsohoaggpwbjdvavzqfv/Build/Intermediates.noindex/Version.build/Debug-iphonesimulator/Version.build/DerivedSources-normal/arm64 -Xcc -I/Users/aadityasingh/Library/Developer/Xcode/DerivedData/Chatlio-erkyzdeecsohoaggpwbjdvavzqfv/Build/Intermediates.noindex/Version.build/Debug-iphonesimulator/Version.build/DerivedSources/arm64 -Xcc -I/Users/aadityasingh/Library/Developer/Xcode/DerivedData/Chatlio-erkyzdeecsohoaggpwbjdvavzqfv/Build/Intermediates.noindex/Version.build/Debug-iphonesimulator/Version.build/DerivedSources -Xcc -DSWIFT_PACKAGE -Xcc -DDEBUG\=1 -emit-objc-header -emit-objc-header-path /Users/aadityasingh/Library/Developer/Xcode/DerivedData/Chatlio-erkyzdeecsohoaggpwbjdvavzqfv/Build/Intermediates.noindex/Version.build/Debug-iphonesimulator/Version.build/Objects-normal/arm64/Version-Swift.h -working-directory /Users/aadityasingh/Documents/Development/element-x-ios/Chatlio.xcodeproj -experimental-emit-module-separately -disable-cmo

SwiftExplicitDependencyGeneratePcm arm64 /Users/aadityasingh/Library/Developer/Xcode/DerivedData/ModuleCache.noindex/UserNotifications-95UL8JL8P3WUZVITBRAW55T26.pcm

SwiftMergeGeneratedHeaders /Users/aadityasingh/Library/Developer/Xcode/DerivedData/Chatlio-erkyzdeecsohoaggpwbjdvavzqfv/Build/Intermediates.noindex/GeneratedModuleMaps-iphonesimulator/Version-Swift.h /Users/aadityasingh/Library/Developer/Xcode/DerivedData/Chatlio-erkyzdeecsohoaggpwbjdvavzqfv/Build/Intermediates.noindex/Version.build/Debug-iphonesimulator/Version.build/Objects-normal/arm64/Version-Swift.h /Users/aadityasingh/Library/Developer/Xcode/DerivedData/Chatlio-erkyzdeecsohoaggpwbjdvavzqfv/Build/Intermediates.noindex/Version.build/Debug-iphonesimulator/Version.build/Objects-normal/x86_64/Version-Swift.h (in target 'Version' from project 'Version')
    cd /Users/aadityasingh/Library/Developer/Xcode/DerivedData/Chatlio-erkyzdeecsohoaggpwbjdvavzqfv/SourcePackages/checkouts/Version
    builtin-swiftHeaderTool -arch arm64 /Users/aadityasingh/Library/Developer/Xcode/DerivedData/Chatlio-erkyzdeecsohoaggpwbjdvavzqfv/Build/Intermediates.noindex/Version.build/Debug-iphonesimulator/Version.build/Objects-normal/arm64/Version-Swift.h -arch x86_64 /Users/aadityasingh/Library/Developer/Xcode/DerivedData/Chatlio-erkyzdeecsohoaggpwbjdvavzqfv/Build/Intermediates.noindex/Version.build/Debug-iphonesimulator/Version.build/Objects-normal/x86_64/Version-Swift.h -o /Users/aadityasingh/Library/Developer/Xcode/DerivedData/Chatlio-erkyzdeecsohoaggpwbjdvavzqfv/Build/Intermediates.noindex/GeneratedModuleMaps-iphonesimulator/Version-Swift.h

Copy /Users/aadityasingh/Library/Developer/Xcode/DerivedData/Chatlio-erkyzdeecsohoaggpwbjdvavzqfv/Build/Products/Debug-iphonesimulator/Version.swiftmodule/arm64-apple-ios-simulator.swiftmodule /Users/aadityasingh/Library/Developer/Xcode/DerivedData/Chatlio-erkyzdeecsohoaggpwbjdvavzqfv/Build/Intermediates.noindex/Version.build/Debug-iphonesimulator/Version.build/Objects-normal/arm64/Version.swiftmodule (in target 'Version' from project 'Version')
    cd /Users/aadityasingh/Library/Developer/Xcode/DerivedData/Chatlio-erkyzdeecsohoaggpwbjdvavzqfv/SourcePackages/checkouts/Version
    builtin-copy -exclude .DS_Store -exclude CVS -exclude .svn -exclude .git -exclude .hg -resolve-src-symlinks -rename /Users/aadityasingh/Library/Developer/Xcode/DerivedData/Chatlio-erkyzdeecsohoaggpwbjdvavzqfv/Build/Intermediates.noindex/Version.build/Debug-iphonesimulator/Version.build/Objects-normal/arm64/Version.swiftmodule /Users/aadityasingh/Library/Developer/Xcode/DerivedData/Chatlio-erkyzdeecsohoaggpwbjdvavzqfv/Build/Products/Debug-iphonesimulator/Version.swiftmodule/arm64-apple-ios-simulator.swiftmodule

Copy /Users/aadityasingh/Library/Developer/Xcode/DerivedData/Chatlio-erkyzdeecsohoaggpwbjdvavzqfv/Build/Products/Debug-iphonesimulator/Version.swiftmodule/arm64-apple-ios-simulator.swiftdoc /Users/aadityasingh/Library/Developer/Xcode/DerivedData/Chatlio-erkyzdeecsohoaggpwbjdvavzqfv/Build/Intermediates.noindex/Version.build/Debug-iphonesimulator/Version.build/Objects-normal/arm64/Version.swiftdoc (in target 'Version' from project 'Version')
    cd /Users/aadityasingh/Library/Developer/Xcode/DerivedData/Chatlio-erkyzdeecsohoaggpwbjdvavzqfv/SourcePackages/checkouts/Version
    builtin-copy -exclude .DS_Store -exclude CVS -exclude .svn -exclude .git -exclude .hg -resolve-src-symlinks -rename /Users/aadityasingh/Library/Developer/Xcode/DerivedData/Chatlio-erkyzdeecsohoaggpwbjdvavzqfv/Build/Intermediates.noindex/Version.build/Debug-iphonesimulator/Version.build/Objects-normal/arm64/Version.swiftdoc /Users/aadityasingh/Library/Developer/Xcode/DerivedData/Chatlio-erkyzdeecsohoaggpwbjdvavzqfv/Build/Products/Debug-iphonesimulator/Version.swiftmodule/arm64-apple-ios-simulator.swiftdoc

Copy /Users/aadityasingh/Library/Developer/Xcode/DerivedData/Chatlio-erkyzdeecsohoaggpwbjdvavzqfv/Build/Products/Debug-iphonesimulator/Version.swiftmodule/arm64-apple-ios-simulator.abi.json /Users/aadityasingh/Library/Developer/Xcode/DerivedData/Chatlio-erkyzdeecsohoaggpwbjdvavzqfv/Build/Intermediates.noindex/Version.build/Debug-iphonesimulator/Version.build/Objects-normal/arm64/Version.abi.json (in target 'Version' from project 'Version')
    cd /Users/aadityasingh/Library/Developer/Xcode/DerivedData/Chatlio-erkyzdeecsohoaggpwbjdvavzqfv/SourcePackages/checkouts/Version
    builtin-copy -exclude .DS_Store -exclude CVS -exclude .svn -exclude .git -exclude .hg -resolve-src-symlinks -rename /Users/aadityasingh/Library/Developer/Xcode/DerivedData/Chatlio-erkyzdeecsohoaggpwbjdvavzqfv/Build/Intermediates.noindex/Version.build/Debug-iphonesimulator/Version.build/Objects-normal/arm64/Version.abi.json /Users/aadityasingh/Library/Developer/Xcode/DerivedData/Chatlio-erkyzdeecsohoaggpwbjdvavzqfv/Build/Products/Debug-iphonesimulator/Version.swiftmodule/arm64-apple-ios-simulator.abi.json

Copy /Users/aadityasingh/Library/Developer/Xcode/DerivedData/Chatlio-erkyzdeecsohoaggpwbjdvavzqfv/Build/Products/Debug-iphonesimulator/Version.swiftmodule/Project/arm64-apple-ios-simulator.swiftsourceinfo /Users/aadityasingh/Library/Developer/Xcode/DerivedData/Chatlio-erkyzdeecsohoaggpwbjdvavzqfv/Build/Intermediates.noindex/Version.build/Debug-iphonesimulator/Version.build/Objects-normal/arm64/Version.swiftsourceinfo (in target 'Version' from project 'Version')
    cd /Users/aadityasingh/Library/Developer/Xcode/DerivedData/Chatlio-erkyzdeecsohoaggpwbjdvavzqfv/SourcePackages/checkouts/Version
    builtin-copy -exclude .DS_Store -exclude CVS -exclude .svn -exclude .git -exclude .hg -resolve-src-symlinks -rename /Users/aadityasingh/Library/Developer/Xcode/DerivedData/Chatlio-erkyzdeecsohoaggpwbjdvavzqfv/Build/Intermediates.noindex/Version.build/Debug-iphonesimulator/Version.build/Objects-normal/arm64/Version.swiftsourceinfo /Users/aadityasingh/Library/Developer/Xcode/DerivedData/Chatlio-erkyzdeecsohoaggpwbjdvavzqfv/Build/Products/Debug-iphonesimulator/Version.swiftmodule/Project/arm64-apple-ios-simulator.swiftsourceinfo

SwiftDriverJobDiscovery normal arm64 Emitting module for LoremSwiftum (in target 'LoremSwiftum' from project 'LoremSwiftum')

SwiftExplicitDependencyGeneratePcm arm64 /Users/aadityasingh/Library/Developer/Xcode/DerivedData/ModuleCache.noindex/Symbols-5CQ5OMEV5UVCNA8B5Q84YM0FN.pcm

SwiftExplicitDependencyGeneratePcm arm64 /Users/aadityasingh/Library/Developer/Xcode/DerivedData/ModuleCache.noindex/FileProvider-10LD19SNHBNEGTN93M20L4NV3.pcm

SwiftExplicitDependencyGeneratePcm arm64 /Users/aadityasingh/Library/Developer/Xcode/DerivedData/ModuleCache.noindex/OSLog-6X4RYEHPSNX59BMZAF23PLWMU.pcm

SwiftDriver\ Compilation\ Requirements LoremSwiftum normal arm64 com.apple.xcode.tools.swift.compiler (in target 'LoremSwiftum' from project 'LoremSwiftum')
    cd /Users/aadityasingh/Documents/Development/element-x-ios/Chatlio.xcodeproj
    builtin-Swift-Compilation-Requirements -- /Applications/Xcode.app/Contents/Developer/Toolchains/XcodeDefault.xctoolchain/usr/bin/swiftc -module-name LoremSwiftum -Onone @/Users/aadityasingh/Library/Developer/Xcode/DerivedData/Chatlio-erkyzdeecsohoaggpwbjdvavzqfv/Build/Intermediates.noindex/LoremSwiftum.build/Debug-iphonesimulator/LoremSwiftum.build/Objects-normal/arm64/LoremSwiftum.SwiftFileList -DSWIFT_PACKAGE -DDEBUG -DSWIFT_MODULE_RESOURCE_BUNDLE_UNAVAILABLE -DXcode -plugin-path /Applications/Xcode.app/Contents/Developer/Toolchains/XcodeDefault.xctoolchain/usr/lib/swift/host/plugins/testing -enable-experimental-feature DebugDescriptionMacro -sdk /Applications/Xcode.app/Contents/Developer/Platforms/iPhoneSimulator.platform/Developer/SDKs/iPhoneSimulator26.4.sdk -target arm64-apple-ios12.0-simulator -g -module-cache-path /Users/aadityasingh/Library/Developer/Xcode/DerivedData/ModuleCache.noindex -Xfrontend -serialize-debugging-options -profile-coverage-mapping -profile-generate -enable-testing -suppress-warnings -index-store-path /Users/aadityasingh/Library/Developer/Xcode/DerivedData/Chatlio-erkyzdeecsohoaggpwbjdvavzqfv/Index.noindex/DataStore -Xcc -D_LIBCPP_HARDENING_MODE\=_LIBCPP_HARDENING_MODE_DEBUG -swift-version 5 -I /Users/aadityasingh/Library/Developer/Xcode/DerivedData/Chatlio-erkyzdeecsohoaggpwbjdvavzqfv/Build/Products/Debug-iphonesimulator -Isystem /Applications/Xcode.app/Contents/Developer/Platforms/iPhoneSimulator.platform/Developer/usr/lib -F /Users/aadityasingh/Library/Developer/Xcode/DerivedData/Chatlio-erkyzdeecsohoaggpwbjdvavzqfv/Build/Products/Debug-iphonesimulator -F /Applications/Xcode.app/Contents/Developer/Platforms/iPhoneSimulator.platform/Developer/Library/Frameworks -F /Applications/Xcode.app/Contents/Developer/Platforms/iPhoneSimulator.platform/Developer/SDKs/iPhoneSimulator26.4.sdk/Developer/Library/Frameworks -parse-as-library -c -j12 -enable-batch-mode -incremental -Xcc -ivfsstatcache -Xcc /Users/aadityasingh/Library/Developer/Xcode/DerivedData/SDKStatCaches.noindex/iphonesimulator26.4-23E252-686eebb5dc1d8ecb277353a59184f4aa.sdkstatcache -output-file-map /Users/aadityasingh/Library/Developer/Xcode/DerivedData/Chatlio-erkyzdeecsohoaggpwbjdvavzqfv/Build/Intermediates.noindex/LoremSwiftum.build/Debug-iphonesimulator/LoremSwiftum.build/Objects-normal/arm64/LoremSwiftum-OutputFileMap.json -use-frontend-parseable-output -save-temps -no-color-diagnostics -explicit-module-build -module-cache-path /Users/aadityasingh/Library/Developer/Xcode/DerivedData/Chatlio-erkyzdeecsohoaggpwbjdvavzqfv/Build/Intermediates.noindex/SwiftExplicitPrecompiledModules -clang-scanner-module-cache-path /Users/aadityasingh/Library/Developer/Xcode/DerivedData/ModuleCache.noindex -sdk-module-cache-path /Users/aadityasingh/Library/Developer/Xcode/DerivedData/ModuleCache.noindex -serialize-diagnostics -emit-dependencies -emit-module -emit-module-path /Users/aadityasingh/Library/Developer/Xcode/DerivedData/Chatlio-erkyzdeecsohoaggpwbjdvavzqfv/Build/Intermediates.noindex/LoremSwiftum.build/Debug-iphonesimulator/LoremSwiftum.build/Objects-normal/arm64/LoremSwiftum.swiftmodule -validate-clang-modules-once -clang-build-session-file /Users/aadityasingh/Library/Developer/Xcode/DerivedData/ModuleCache.noindex/Session.modulevalidation -Xcc -I/Users/aadityasingh/Library/Developer/Xcode/DerivedData/Chatlio-erkyzdeecsohoaggpwbjdvavzqfv/Build/Intermediates.noindex/LoremSwiftum.build/Debug-iphonesimulator/LoremSwiftum.build/swift-overrides.hmap -emit-const-values -Xfrontend -const-gather-protocols-file -Xfrontend /Users/aadityasingh/Library/Developer/Xcode/DerivedData/Chatlio-erkyzdeecsohoaggpwbjdvavzqfv/Build/Intermediates.noindex/LoremSwiftum.build/Debug-iphonesimulator/LoremSwiftum.build/Objects-normal/arm64/LoremSwiftum_const_extract_protocols.json -Xcc -I/Users/aadityasingh/Library/Developer/Xcode/DerivedData/Chatlio-erkyzdeecsohoaggpwbjdvavzqfv/Build/Products/Debug-iphonesimulator/include -Xcc -I/Users/aadityasingh/Library/Developer/Xcode/DerivedData/Chatlio-erkyzdeecsohoaggpwbjdvavzqfv/Build/Intermediates.noindex/LoremSwiftum.build/Debug-iphonesimulator/LoremSwiftum.build/DerivedSources-normal/arm64 -Xcc -I/Users/aadityasingh/Library/Developer/Xcode/DerivedData/Chatlio-erkyzdeecsohoaggpwbjdvavzqfv/Build/Intermediates.noindex/LoremSwiftum.build/Debug-iphonesimulator/LoremSwiftum.build/DerivedSources/arm64 -Xcc -I/Users/aadityasingh/Library/Developer/Xcode/DerivedData/Chatlio-erkyzdeecsohoaggpwbjdvavzqfv/Build/Intermediates.noindex/LoremSwiftum.build/Debug-iphonesimulator/LoremSwiftum.build/DerivedSources -Xcc -DSWIFT_PACKAGE -Xcc -DDEBUG\=1 -emit-objc-header -emit-objc-header-path /Users/aadityasingh/Library/Developer/Xcode/DerivedData/Chatlio-erkyzdeecsohoaggpwbjdvavzqfv/Build/Intermediates.noindex/LoremSwiftum.build/Debug-iphonesimulator/LoremSwiftum.build/Objects-normal/arm64/LoremSwiftum-Swift.h -working-directory /Users/aadityasingh/Documents/Development/element-x-ios/Chatlio.xcodeproj -experimental-emit-module-separately -disable-cmo

SwiftExplicitDependencyGeneratePcm arm64 /Users/aadityasingh/Library/Developer/Xcode/DerivedData/ModuleCache.noindex/RelevanceKit-9LFL7R44QWV42L376ANICVN83.pcm

SwiftMergeGeneratedHeaders /Users/aadityasingh/Library/Developer/Xcode/DerivedData/Chatlio-erkyzdeecsohoaggpwbjdvavzqfv/Build/Intermediates.noindex/GeneratedModuleMaps-iphonesimulator/LoremSwiftum-Swift.h /Users/aadityasingh/Library/Developer/Xcode/DerivedData/Chatlio-erkyzdeecsohoaggpwbjdvavzqfv/Build/Intermediates.noindex/LoremSwiftum.build/Debug-iphonesimulator/LoremSwiftum.build/Objects-normal/arm64/LoremSwiftum-Swift.h /Users/aadityasingh/Library/Developer/Xcode/DerivedData/Chatlio-erkyzdeecsohoaggpwbjdvavzqfv/Build/Intermediates.noindex/LoremSwiftum.build/Debug-iphonesimulator/LoremSwiftum.build/Objects-normal/x86_64/LoremSwiftum-Swift.h (in target 'LoremSwiftum' from project 'LoremSwiftum')
    cd /Users/aadityasingh/Library/Developer/Xcode/DerivedData/Chatlio-erkyzdeecsohoaggpwbjdvavzqfv/SourcePackages/checkouts/LoremSwiftum
    builtin-swiftHeaderTool -arch arm64 /Users/aadityasingh/Library/Developer/Xcode/DerivedData/Chatlio-erkyzdeecsohoaggpwbjdvavzqfv/Build/Intermediates.noindex/LoremSwiftum.build/Debug-iphonesimulator/LoremSwiftum.build/Objects-normal/arm64/LoremSwiftum-Swift.h -arch x86_64 /Users/aadityasingh/Library/Developer/Xcode/DerivedData/Chatlio-erkyzdeecsohoaggpwbjdvavzqfv/Build/Intermediates.noindex/LoremSwiftum.build/Debug-iphonesimulator/LoremSwiftum.build/Objects-normal/x86_64/LoremSwiftum-Swift.h -o /Users/aadityasingh/Library/Developer/Xcode/DerivedData/Chatlio-erkyzdeecsohoaggpwbjdvavzqfv/Build/Intermediates.noindex/GeneratedModuleMaps-iphonesimulator/LoremSwiftum-Swift.h

SwiftDriverJobDiscovery normal x86_64 Compiling Machine.swift, Route.swift (in target 'SwiftState' from project 'SwiftState')

Copy /Users/aadityasingh/Library/Developer/Xcode/DerivedData/Chatlio-erkyzdeecsohoaggpwbjdvavzqfv/Build/Products/Debug-iphonesimulator/LoremSwiftum.swiftmodule/arm64-apple-ios-simulator.swiftmodule /Users/aadityasingh/Library/Developer/Xcode/DerivedData/Chatlio-erkyzdeecsohoaggpwbjdvavzqfv/Build/Intermediates.noindex/LoremSwiftum.build/Debug-iphonesimulator/LoremSwiftum.build/Objects-normal/arm64/LoremSwiftum.swiftmodule (in target 'LoremSwiftum' from project 'LoremSwiftum')
    cd /Users/aadityasingh/Library/Developer/Xcode/DerivedData/Chatlio-erkyzdeecsohoaggpwbjdvavzqfv/SourcePackages/checkouts/LoremSwiftum
    builtin-copy -exclude .DS_Store -exclude CVS -exclude .svn -exclude .git -exclude .hg -resolve-src-symlinks -rename /Users/aadityasingh/Library/Developer/Xcode/DerivedData/Chatlio-erkyzdeecsohoaggpwbjdvavzqfv/Build/Intermediates.noindex/LoremSwiftum.build/Debug-iphonesimulator/LoremSwiftum.build/Objects-normal/arm64/LoremSwiftum.swiftmodule /Users/aadityasingh/Library/Developer/Xcode/DerivedData/Chatlio-erkyzdeecsohoaggpwbjdvavzqfv/Build/Products/Debug-iphonesimulator/LoremSwiftum.swiftmodule/arm64-apple-ios-simulator.swiftmodule

Copy /Users/aadityasingh/Library/Developer/Xcode/DerivedData/Chatlio-erkyzdeecsohoaggpwbjdvavzqfv/Build/Products/Debug-iphonesimulator/LoremSwiftum.swiftmodule/arm64-apple-ios-simulator.swiftdoc /Users/aadityasingh/Library/Developer/Xcode/DerivedData/Chatlio-erkyzdeecsohoaggpwbjdvavzqfv/Build/Intermediates.noindex/LoremSwiftum.build/Debug-iphonesimulator/LoremSwiftum.build/Objects-normal/arm64/LoremSwiftum.swiftdoc (in target 'LoremSwiftum' from project 'LoremSwiftum')
    cd /Users/aadityasingh/Library/Developer/Xcode/DerivedData/Chatlio-erkyzdeecsohoaggpwbjdvavzqfv/SourcePackages/checkouts/LoremSwiftum
    builtin-copy -exclude .DS_Store -exclude CVS -exclude .svn -exclude .git -exclude .hg -resolve-src-symlinks -rename /Users/aadityasingh/Library/Developer/Xcode/DerivedData/Chatlio-erkyzdeecsohoaggpwbjdvavzqfv/Build/Intermediates.noindex/LoremSwiftum.build/Debug-iphonesimulator/LoremSwiftum.build/Objects-normal/arm64/LoremSwiftum.swiftdoc /Users/aadityasingh/Library/Developer/Xcode/DerivedData/Chatlio-erkyzdeecsohoaggpwbjdvavzqfv/Build/Products/Debug-iphonesimulator/LoremSwiftum.swiftmodule/arm64-apple-ios-simulator.swiftdoc

Copy /Users/aadityasingh/Library/Developer/Xcode/DerivedData/Chatlio-erkyzdeecsohoaggpwbjdvavzqfv/Build/Products/Debug-iphonesimulator/LoremSwiftum.swiftmodule/arm64-apple-ios-simulator.abi.json /Users/aadityasingh/Library/Developer/Xcode/DerivedData/Chatlio-erkyzdeecsohoaggpwbjdvavzqfv/Build/Intermediates.noindex/LoremSwiftum.build/Debug-iphonesimulator/LoremSwiftum.build/Objects-normal/arm64/LoremSwiftum.abi.json (in target 'LoremSwiftum' from project 'LoremSwiftum')
    cd /Users/aadityasingh/Library/Developer/Xcode/DerivedData/Chatlio-erkyzdeecsohoaggpwbjdvavzqfv/SourcePackages/checkouts/LoremSwiftum
    builtin-copy -exclude .DS_Store -exclude CVS -exclude .svn -exclude .git -exclude .hg -resolve-src-symlinks -rename /Users/aadityasingh/Library/Developer/Xcode/DerivedData/Chatlio-erkyzdeecsohoaggpwbjdvavzqfv/Build/Intermediates.noindex/LoremSwiftum.build/Debug-iphonesimulator/LoremSwiftum.build/Objects-normal/arm64/LoremSwiftum.abi.json /Users/aadityasingh/Library/Developer/Xcode/DerivedData/Chatlio-erkyzdeecsohoaggpwbjdvavzqfv/Build/Products/Debug-iphonesimulator/LoremSwiftum.swiftmodule/arm64-apple-ios-simulator.abi.json

Copy /Users/aadityasingh/Library/Developer/Xcode/DerivedData/Chatlio-erkyzdeecsohoaggpwbjdvavzqfv/Build/Products/Debug-iphonesimulator/LoremSwiftum.swiftmodule/Project/arm64-apple-ios-simulator.swiftsourceinfo /Users/aadityasingh/Library/Developer/Xcode/DerivedData/Chatlio-erkyzdeecsohoaggpwbjdvavzqfv/Build/Intermediates.noindex/LoremSwiftum.build/Debug-iphonesimulator/LoremSwiftum.build/Objects-normal/arm64/LoremSwiftum.swiftsourceinfo (in target 'LoremSwiftum' from project 'LoremSwiftum')
    cd /Users/aadityasingh/Library/Developer/Xcode/DerivedData/Chatlio-erkyzdeecsohoaggpwbjdvavzqfv/SourcePackages/checkouts/LoremSwiftum
    builtin-copy -exclude .DS_Store -exclude CVS -exclude .svn -exclude .git -exclude .hg -resolve-src-symlinks -rename /Users/aadityasingh/Library/Developer/Xcode/DerivedData/Chatlio-erkyzdeecsohoaggpwbjdvavzqfv/Build/Intermediates.noindex/LoremSwiftum.build/Debug-iphonesimulator/LoremSwiftum.build/Objects-normal/arm64/LoremSwiftum.swiftsourceinfo /Users/aadityasingh/Library/Developer/Xcode/DerivedData/Chatlio-erkyzdeecsohoaggpwbjdvavzqfv/Build/Products/Debug-iphonesimulator/LoremSwiftum.swiftmodule/Project/arm64-apple-ios-simulator.swiftsourceinfo

SwiftExplicitDependencyGeneratePcm x86_64 /Users/aadityasingh/Library/Developer/Xcode/DerivedData/ModuleCache.noindex/Metal-6751TBC9EB4HNSDSGX5KKB9U4.pcm

SwiftExplicitDependencyGeneratePcm arm64 /Users/aadityasingh/Library/Developer/Xcode/DerivedData/ModuleCache.noindex/Spatial-DP5HISDVDFR7MLV4B05MHBHRM.pcm

SwiftExplicitDependencyGeneratePcm arm64 /Users/aadityasingh/Library/Developer/Xcode/DerivedData/ModuleCache.noindex/DataDetection-1H9B6RW2SMS0IYQMXK5D0BLCI.pcm

SwiftExplicitDependencyGeneratePcm arm64 /Users/aadityasingh/Library/Developer/Xcode/DerivedData/ModuleCache.noindex/CoreSpotlight-5KZOECE2616D93FH5P7EJS2ZP.pcm

SwiftExplicitDependencyGeneratePcm arm64 /Users/aadityasingh/Library/Developer/Xcode/DerivedData/ModuleCache.noindex/AudioToolbox-6WKPUA7J7UKREPNX5DG6YL121.pcm

SwiftExplicitDependencyGeneratePcm arm64 /Users/aadityasingh/Library/Developer/Xcode/DerivedData/ModuleCache.noindex/MetricKit-17DCAP555V6F720WWP6MBB5BW.pcm

SwiftExplicitDependencyGeneratePcm arm64 /Users/aadityasingh/Library/Developer/Xcode/DerivedData/ModuleCache.noindex/LocalAuthentication-862UGX6EXHVX3255UIIXM8SKO.pcm

SwiftExplicitDependencyGeneratePcm arm64 /Users/aadityasingh/Library/Developer/Xcode/DerivedData/ModuleCache.noindex/AppIntents-79YE1RGPQ61R73TLBAXE8JKEI.pcm

SwiftExplicitDependencyGeneratePcm x86_64 /Users/aadityasingh/Library/Developer/Xcode/DerivedData/ModuleCache.noindex/AppIntents-KTBTMMZ9OXPRXSW35XPDIOY8.pcm

SwiftExplicitDependencyGeneratePcm x86_64 /Users/aadityasingh/Library/Developer/Xcode/DerivedData/ModuleCache.noindex/AudioToolbox-AQT6OGGLEUPGP0ALWYIZ3LQJK.pcm

SwiftExplicitDependencyGeneratePcm x86_64 /Users/aadityasingh/Library/Developer/Xcode/DerivedData/ModuleCache.noindex/LocalAuthentication-E6DVI18QTDYROQLQI181LOH5U.pcm

SwiftExplicitDependencyGeneratePcm arm64 /Users/aadityasingh/Library/Developer/Xcode/DerivedData/ModuleCache.noindex/CoreTransferable-7QG4DL4V3RSFX3A0O59WQWL9G.pcm

SwiftExplicitDependencyGeneratePcm x86_64 /Users/aadityasingh/Library/Developer/Xcode/DerivedData/ModuleCache.noindex/OpenGLES-4WHRVT1WC2DS92PGRYCA74NVQ.pcm

SwiftExplicitDependencyGeneratePcm arm64 /Users/aadityasingh/Library/Developer/Xcode/DerivedData/ModuleCache.noindex/os_workgroup-E8SWYHYCZC3J4KH1B4HJEMSNL.pcm

SwiftExplicitDependencyGeneratePcm arm64 /Users/aadityasingh/Library/Developer/Xcode/DerivedData/ModuleCache.noindex/Network-45OP6DGT1OH204JCKPOSGT9TY.pcm

SwiftEmitModule normal arm64 Emitting\ module\ for\ KeychainAccess (in target 'KeychainAccess' from project 'KeychainAccess')

SwiftCompile normal arm64 /Users/aadityasingh/Library/Developer/Xcode/DerivedData/Chatlio-erkyzdeecsohoaggpwbjdvavzqfv/SourcePackages/checkouts/KeychainAccess/Lib/KeychainAccess/Keychain.swift (in target 'KeychainAccess' from project 'KeychainAccess')
    cd /Users/aadityasingh/Documents/Development/element-x-ios/Chatlio.xcodeproj
    

SwiftExplicitDependencyGeneratePcm x86_64 /Users/aadityasingh/Library/Developer/Xcode/DerivedData/ModuleCache.noindex/AVRouting-3LGBBWVJRFYPPV9M8GCH40MAX.pcm

SwiftExplicitDependencyGeneratePcm x86_64 /Users/aadityasingh/Library/Developer/Xcode/DerivedData/ModuleCache.noindex/CoreTransferable-3BPTQUQC5ZZ9BXW9NW9HZOTOE.pcm

SwiftExplicitDependencyGeneratePcm x86_64 /Users/aadityasingh/Library/Developer/Xcode/DerivedData/ModuleCache.noindex/os_object-8MI8JCVQSYC5DQ0E2OSGGIJ53.pcm

SwiftExplicitDependencyGeneratePcm arm64 /Users/aadityasingh/Library/Developer/Xcode/DerivedData/ModuleCache.noindex/Dispatch-CQ40JJQIHDOU39KYXVR6O6TTC.pcm

SwiftEmitModule normal x86_64 Emitting\ module\ for\ KeychainAccess (in target 'KeychainAccess' from project 'KeychainAccess')

SwiftCompile normal x86_64 /Users/aadityasingh/Library/Developer/Xcode/DerivedData/Chatlio-erkyzdeecsohoaggpwbjdvavzqfv/SourcePackages/checkouts/KeychainAccess/Lib/KeychainAccess/Keychain.swift (in target 'KeychainAccess' from project 'KeychainAccess')
    cd /Users/aadityasingh/Documents/Development/element-x-ios/Chatlio.xcodeproj
    

SwiftExplicitDependencyGeneratePcm x86_64 /Users/aadityasingh/Library/Developer/Xcode/DerivedData/ModuleCache.noindex/CoreVideo-6UDWGEHF9I17F6E9OW7MC8F0U.pcm

SwiftExplicitDependencyGeneratePcm arm64 /Users/aadityasingh/Library/Developer/Xcode/DerivedData/ModuleCache.noindex/_LocationEssentials-8WBJFYC27ED5KQ3K50MCHYV9R.pcm

SwiftExplicitDependencyGeneratePcm x86_64 /Users/aadityasingh/Library/Developer/Xcode/DerivedData/ModuleCache.noindex/OSLog-14GBN6OJCKKQ9EZZIOOSMF1J6.pcm

SwiftExplicitDependencyGeneratePcm arm64 /Users/aadityasingh/Library/Developer/Xcode/DerivedData/ModuleCache.noindex/AVRouting-6F8U1U5MYEHNQA21Q31W09X6K.pcm

SwiftExplicitDependencyGeneratePcm x86_64 /Users/aadityasingh/Library/Developer/Xcode/DerivedData/ModuleCache.noindex/Spatial-3S4IYXVIW0A4X61WS79XE7OPE.pcm

SwiftExplicitDependencyGeneratePcm arm64 /Users/aadityasingh/Library/Developer/Xcode/DerivedData/ModuleCache.noindex/MediaAccessibility-BP1HROLP1ZJRJC6XINNYB2R88.pcm

SwiftExplicitDependencyGeneratePcm x86_64 /Users/aadityasingh/Library/Developer/Xcode/DerivedData/ModuleCache.noindex/os_workgroup-9AX9I0TL9FPJVCP3MUAWTGCSI.pcm

SwiftExplicitDependencyGeneratePcm arm64 /Users/aadityasingh/Library/Developer/Xcode/DerivedData/ModuleCache.noindex/Metal-1UV9C7VP206LDN25TQYO9RQV1.pcm

SwiftExplicitDependencyGeneratePcm arm64 /Users/aadityasingh/Library/Developer/Xcode/DerivedData/ModuleCache.noindex/CoreFoundation-5IK1YQDHB8WYWO80ZREC6E1J8.pcm

SwiftExplicitDependencyGeneratePcm arm64 /Users/aadityasingh/Library/Developer/Xcode/DerivedData/ModuleCache.noindex/CoreLocation-BQVCWGHX2VZKK2L1GE2IBUS6F.pcm

SwiftExplicitDependencyGeneratePcm arm64 /Users/aadityasingh/Library/Developer/Xcode/DerivedData/ModuleCache.noindex/dnssd-72IRJR9XEQWIC9HXLB6YO8TKM.pcm

SwiftExplicitDependencyGeneratePcm arm64 /Users/aadityasingh/Library/Developer/Xcode/DerivedData/ModuleCache.noindex/XPC-DAMFJ2R2OVK0GNFG1O9AIDPU5.pcm

SwiftExplicitDependencyGeneratePcm x86_64 /Users/aadityasingh/Library/Developer/Xcode/DerivedData/ModuleCache.noindex/CoreImage-1LSOD2WL6UYXQF3UQDT48GK1T.pcm

SwiftExplicitDependencyGeneratePcm x86_64 /Users/aadityasingh/Library/Developer/Xcode/DerivedData/ModuleCache.noindex/Accelerate-159TY82QDRGWAXEI4JHI8B7TD.pcm

SwiftExplicitDependencyGeneratePcm x86_64 /Users/aadityasingh/Library/Developer/Xcode/DerivedData/ModuleCache.noindex/Dispatch-BCV7HHDZ2NX51QMD1NTZ9744A.pcm

SwiftExplicitDependencyGeneratePcm x86_64 /Users/aadityasingh/Library/Developer/Xcode/DerivedData/ModuleCache.noindex/QuartzCore-DEYUQJJXLR07YU7NBJB4JZOCW.pcm

SwiftExplicitDependencyGeneratePcm x86_64 /Users/aadityasingh/Library/Developer/Xcode/DerivedData/ModuleCache.noindex/CoreMedia-7DR3ACM1IWMC6LY1W3XM4ITBO.pcm

SwiftExplicitDependencyGeneratePcm arm64 /Users/aadityasingh/Library/Developer/Xcode/DerivedData/ModuleCache.noindex/os-1DME2WU84Y8M2PLZBTOB0UKZD.pcm

SwiftExplicitDependencyGeneratePcm arm64 /Users/aadityasingh/Library/Developer/Xcode/DerivedData/ModuleCache.noindex/Security-9ZKVU6L1TF4HHVIJMR4CZJT08.pcm

SwiftExplicitDependencyGeneratePcm arm64 /Users/aadityasingh/Library/Developer/Xcode/DerivedData/ModuleCache.noindex/CoreGraphics-ADGIQDE56NYEHKDL7VOVRRBEZ.pcm

SwiftExplicitDependencyGeneratePcm arm64 /Users/aadityasingh/Library/Developer/Xcode/DerivedData/ModuleCache.noindex/CoreAudioTypes-99ODMZ7S2Z5YTQV38CMTS7F2P.pcm

SwiftExplicitDependencyGeneratePcm arm64 /Users/aadityasingh/Library/Developer/Xcode/DerivedData/ModuleCache.noindex/CFNetwork-83AMNJMHE66LRPBEEAJ0OS44R.pcm

SwiftExplicitDependencyGeneratePcm x86_64 /Users/aadityasingh/Library/Developer/Xcode/DerivedData/ModuleCache.noindex/CoreFoundation-CS3BJJZKO83TZ98D0XJON452N.pcm

SwiftExplicitDependencyGeneratePcm x86_64 /Users/aadityasingh/Library/Developer/Xcode/DerivedData/ModuleCache.noindex/UIKit-1CCWS70DF02DE2XT30RJL75PH.pcm

SwiftExplicitDependencyGeneratePcm x86_64 /Users/aadityasingh/Library/Developer/Xcode/DerivedData/ModuleCache.noindex/XPC-5LO2ODDA0EFPH0XX8AON9M872.pcm

SwiftExplicitDependencyGeneratePcm x86_64 /Users/aadityasingh/Library/Developer/Xcode/DerivedData/ModuleCache.noindex/AVFAudio-D59RBB36Z6ZTZXVHOTRJTRELA.pcm

SwiftExplicitDependencyGeneratePcm arm64 /Users/aadityasingh/Library/Developer/Xcode/DerivedData/ModuleCache.noindex/CoreAudio-1RAEKLJL6ZWN8GXC43E0UU7KI.pcm

SwiftExplicitDependencyGeneratePcm arm64 /Users/aadityasingh/Library/Developer/Xcode/DerivedData/ModuleCache.noindex/CoreVideo-3OYGLS4DDUY956JBWOHNU7MJ2.pcm

SwiftExplicitDependencyGeneratePcm arm64 /Users/aadityasingh/Library/Developer/Xcode/DerivedData/ModuleCache.noindex/Foundation-DBTUJH01NA1X9AEVKQH677OA3.pcm

SwiftExplicitDependencyGeneratePcm arm64 /Users/aadityasingh/Library/Developer/Xcode/DerivedData/ModuleCache.noindex/ImageIO-DXN3Y4XTAEZD92PGBG67CRXDI.pcm

SwiftExplicitDependencyGeneratePcm x86_64 /Users/aadityasingh/Library/Developer/Xcode/DerivedData/ModuleCache.noindex/os-AI39X4VX0DATBC5PHOG0ZP6YG.pcm

SwiftDriverJobDiscovery normal arm64 Emitting module for KeychainAccess (in target 'KeychainAccess' from project 'KeychainAccess')

SwiftDriver\ Compilation\ Requirements KeychainAccess normal arm64 com.apple.xcode.tools.swift.compiler (in target 'KeychainAccess' from project 'KeychainAccess')
    cd /Users/aadityasingh/Documents/Development/element-x-ios/Chatlio.xcodeproj
    builtin-Swift-Compilation-Requirements -- /Applications/Xcode.app/Contents/Developer/Toolchains/XcodeDefault.xctoolchain/usr/bin/swiftc -module-name KeychainAccess -Onone @/Users/aadityasingh/Library/Developer/Xcode/DerivedData/Chatlio-erkyzdeecsohoaggpwbjdvavzqfv/Build/Intermediates.noindex/KeychainAccess.build/Debug-iphonesimulator/KeychainAccess.build/Objects-normal/arm64/KeychainAccess.SwiftFileList -DSWIFT_PACKAGE -DDEBUG -DSWIFT_MODULE_RESOURCE_BUNDLE_UNAVAILABLE -DXcode -plugin-path /Applications/Xcode.app/Contents/Developer/Toolchains/XcodeDefault.xctoolchain/usr/lib/swift/host/plugins/testing -enable-experimental-feature DebugDescriptionMacro -sdk /Applications/Xcode.app/Contents/Developer/Platforms/iPhoneSimulator.platform/Developer/SDKs/iPhoneSimulator26.4.sdk -target arm64-apple-ios12.0-simulator -g -module-cache-path /Users/aadityasingh/Library/Developer/Xcode/DerivedData/ModuleCache.noindex -Xfrontend -serialize-debugging-options -profile-coverage-mapping -profile-generate -enable-testing -suppress-warnings -index-store-path /Users/aadityasingh/Library/Developer/Xcode/DerivedData/Chatlio-erkyzdeecsohoaggpwbjdvavzqfv/Index.noindex/DataStore -Xcc -D_LIBCPP_HARDENING_MODE\=_LIBCPP_HARDENING_MODE_DEBUG -swift-version 5 -I /Users/aadityasingh/Library/Developer/Xcode/DerivedData/Chatlio-erkyzdeecsohoaggpwbjdvavzqfv/Build/Products/Debug-iphonesimulator -Isystem /Applications/Xcode.app/Contents/Developer/Platforms/iPhoneSimulator.platform/Developer/usr/lib -F /Users/aadityasingh/Library/Developer/Xcode/DerivedData/Chatlio-erkyzdeecsohoaggpwbjdvavzqfv/Build/Products/Debug-iphonesimulator -F /Applications/Xcode.app/Contents/Developer/Platforms/iPhoneSimulator.platform/Developer/Library/Frameworks -F /Applications/Xcode.app/Contents/Developer/Platforms/iPhoneSimulator.platform/Developer/SDKs/iPhoneSimulator26.4.sdk/Developer/Library/Frameworks -parse-as-library -c -j12 -enable-batch-mode -incremental -Xcc -ivfsstatcache -Xcc /Users/aadityasingh/Library/Developer/Xcode/DerivedData/SDKStatCaches.noindex/iphonesimulator26.4-23E252-686eebb5dc1d8ecb277353a59184f4aa.sdkstatcache -output-file-map /Users/aadityasingh/Library/Developer/Xcode/DerivedData/Chatlio-erkyzdeecsohoaggpwbjdvavzqfv/Build/Intermediates.noindex/KeychainAccess.build/Debug-iphonesimulator/KeychainAccess.build/Objects-normal/arm64/KeychainAccess-OutputFileMap.json -use-frontend-parseable-output -save-temps -no-color-diagnostics -explicit-module-build -module-cache-path /Users/aadityasingh/Library/Developer/Xcode/DerivedData/Chatlio-erkyzdeecsohoaggpwbjdvavzqfv/Build/Intermediates.noindex/SwiftExplicitPrecompiledModules -clang-scanner-module-cache-path /Users/aadityasingh/Library/Developer/Xcode/DerivedData/ModuleCache.noindex -sdk-module-cache-path /Users/aadityasingh/Library/Developer/Xcode/DerivedData/ModuleCache.noindex -serialize-diagnostics -emit-dependencies -emit-module -emit-module-path /Users/aadityasingh/Library/Developer/Xcode/DerivedData/Chatlio-erkyzdeecsohoaggpwbjdvavzqfv/Build/Intermediates.noindex/KeychainAccess.build/Debug-iphonesimulator/KeychainAccess.build/Objects-normal/arm64/KeychainAccess.swiftmodule -validate-clang-modules-once -clang-build-session-file /Users/aadityasingh/Library/Developer/Xcode/DerivedData/ModuleCache.noindex/Session.modulevalidation -Xcc -I/Users/aadityasingh/Library/Developer/Xcode/DerivedData/Chatlio-erkyzdeecsohoaggpwbjdvavzqfv/Build/Intermediates.noindex/KeychainAccess.build/Debug-iphonesimulator/KeychainAccess.build/swift-overrides.hmap -emit-const-values -Xfrontend -const-gather-protocols-file -Xfrontend /Users/aadityasingh/Library/Developer/Xcode/DerivedData/Chatlio-erkyzdeecsohoaggpwbjdvavzqfv/Build/Intermediates.noindex/KeychainAccess.build/Debug-iphonesimulator/KeychainAccess.build/Objects-normal/arm64/KeychainAccess_const_extract_protocols.json -Xcc -I/Users/aadityasingh/Library/Developer/Xcode/DerivedData/Chatlio-erkyzdeecsohoaggpwbjdvavzqfv/Build/Products/Debug-iphonesimulator/include -Xcc -I/Users/aadityasingh/Library/Developer/Xcode/DerivedData/Chatlio-erkyzdeecsohoaggpwbjdvavzqfv/Build/Intermediates.noindex/KeychainAccess.build/Debug-iphonesimulator/KeychainAccess.build/DerivedSources-normal/arm64 -Xcc -I/Users/aadityasingh/Library/Developer/Xcode/DerivedData/Chatlio-erkyzdeecsohoaggpwbjdvavzqfv/Build/Intermediates.noindex/KeychainAccess.build/Debug-iphonesimulator/KeychainAccess.build/DerivedSources/arm64 -Xcc -I/Users/aadityasingh/Library/Developer/Xcode/DerivedData/Chatlio-erkyzdeecsohoaggpwbjdvavzqfv/Build/Intermediates.noindex/KeychainAccess.build/Debug-iphonesimulator/KeychainAccess.build/DerivedSources -Xcc -DSWIFT_PACKAGE -Xcc -DDEBUG\=1 -emit-objc-header -emit-objc-header-path /Users/aadityasingh/Library/Developer/Xcode/DerivedData/Chatlio-erkyzdeecsohoaggpwbjdvavzqfv/Build/Intermediates.noindex/KeychainAccess.build/Debug-iphonesimulator/KeychainAccess.build/Objects-normal/arm64/KeychainAccess-Swift.h -working-directory /Users/aadityasingh/Documents/Development/element-x-ios/Chatlio.xcodeproj -experimental-emit-module-separately -disable-cmo

SwiftExplicitDependencyGeneratePcm x86_64 /Users/aadityasingh/Library/Developer/Xcode/DerivedData/ModuleCache.noindex/MediaToolbox-9WIA9JBIVFPKVU5HYB4D60QHE.pcm

SwiftExplicitDependencyGeneratePcm x86_64 /Users/aadityasingh/Library/Developer/Xcode/DerivedData/ModuleCache.noindex/dnssd-AA61WM9UW3FUMEGO52Z4KKP2R.pcm

Copy /Users/aadityasingh/Library/Developer/Xcode/DerivedData/Chatlio-erkyzdeecsohoaggpwbjdvavzqfv/Build/Products/Debug-iphonesimulator/KeychainAccess.swiftmodule/arm64-apple-ios-simulator.swiftmodule /Users/aadityasingh/Library/Developer/Xcode/DerivedData/Chatlio-erkyzdeecsohoaggpwbjdvavzqfv/Build/Intermediates.noindex/KeychainAccess.build/Debug-iphonesimulator/KeychainAccess.build/Objects-normal/arm64/KeychainAccess.swiftmodule (in target 'KeychainAccess' from project 'KeychainAccess')
    cd /Users/aadityasingh/Library/Developer/Xcode/DerivedData/Chatlio-erkyzdeecsohoaggpwbjdvavzqfv/SourcePackages/checkouts/KeychainAccess
    builtin-copy -exclude .DS_Store -exclude CVS -exclude .svn -exclude .git -exclude .hg -resolve-src-symlinks -rename /Users/aadityasingh/Library/Developer/Xcode/DerivedData/Chatlio-erkyzdeecsohoaggpwbjdvavzqfv/Build/Intermediates.noindex/KeychainAccess.build/Debug-iphonesimulator/KeychainAccess.build/Objects-normal/arm64/KeychainAccess.swiftmodule /Users/aadityasingh/Library/Developer/Xcode/DerivedData/Chatlio-erkyzdeecsohoaggpwbjdvavzqfv/Build/Products/Debug-iphonesimulator/KeychainAccess.swiftmodule/arm64-apple-ios-simulator.swiftmodule

SwiftDriverJobDiscovery normal x86_64 Emitting module for KeychainAccess (in target 'KeychainAccess' from project 'KeychainAccess')

SwiftDriver\ Compilation\ Requirements KeychainAccess normal x86_64 com.apple.xcode.tools.swift.compiler (in target 'KeychainAccess' from project 'KeychainAccess')
    cd /Users/aadityasingh/Documents/Development/element-x-ios/Chatlio.xcodeproj
    builtin-Swift-Compilation-Requirements -- /Applications/Xcode.app/Contents/Developer/Toolchains/XcodeDefault.xctoolchain/usr/bin/swiftc -module-name KeychainAccess -Onone @/Users/aadityasingh/Library/Developer/Xcode/DerivedData/Chatlio-erkyzdeecsohoaggpwbjdvavzqfv/Build/Intermediates.noindex/KeychainAccess.build/Debug-iphonesimulator/KeychainAccess.build/Objects-normal/x86_64/KeychainAccess.SwiftFileList -DSWIFT_PACKAGE -DDEBUG -DSWIFT_MODULE_RESOURCE_BUNDLE_UNAVAILABLE -DXcode -plugin-path /Applications/Xcode.app/Contents/Developer/Toolchains/XcodeDefault.xctoolchain/usr/lib/swift/host/plugins/testing -enable-experimental-feature DebugDescriptionMacro -sdk /Applications/Xcode.app/Contents/Developer/Platforms/iPhoneSimulator.platform/Developer/SDKs/iPhoneSimulator26.4.sdk -target x86_64-apple-ios12.0-simulator -g -module-cache-path /Users/aadityasingh/Library/Developer/Xcode/DerivedData/ModuleCache.noindex -Xfrontend -serialize-debugging-options -profile-coverage-mapping -profile-generate -enable-testing -suppress-warnings -index-store-path /Users/aadityasingh/Library/Developer/Xcode/DerivedData/Chatlio-erkyzdeecsohoaggpwbjdvavzqfv/Index.noindex/DataStore -Xcc -D_LIBCPP_HARDENING_MODE\=_LIBCPP_HARDENING_MODE_DEBUG -swift-version 5 -I /Users/aadityasingh/Library/Developer/Xcode/DerivedData/Chatlio-erkyzdeecsohoaggpwbjdvavzqfv/Build/Products/Debug-iphonesimulator -Isystem /Applications/Xcode.app/Contents/Developer/Platforms/iPhoneSimulator.platform/Developer/usr/lib -F /Users/aadityasingh/Library/Developer/Xcode/DerivedData/Chatlio-erkyzdeecsohoaggpwbjdvavzqfv/Build/Products/Debug-iphonesimulator -F /Applications/Xcode.app/Contents/Developer/Platforms/iPhoneSimulator.platform/Developer/Library/Frameworks -F /Applications/Xcode.app/Contents/Developer/Platforms/iPhoneSimulator.platform/Developer/SDKs/iPhoneSimulator26.4.sdk/Developer/Library/Frameworks -parse-as-library -c -j12 -enable-batch-mode -incremental -Xcc -ivfsstatcache -Xcc /Users/aadityasingh/Library/Developer/Xcode/DerivedData/SDKStatCaches.noindex/iphonesimulator26.4-23E252-686eebb5dc1d8ecb277353a59184f4aa.sdkstatcache -output-file-map /Users/aadityasingh/Library/Developer/Xcode/DerivedData/Chatlio-erkyzdeecsohoaggpwbjdvavzqfv/Build/Intermediates.noindex/KeychainAccess.build/Debug-iphonesimulator/KeychainAccess.build/Objects-normal/x86_64/KeychainAccess-OutputFileMap.json -use-frontend-parseable-output -save-temps -no-color-diagnostics -explicit-module-build -module-cache-path /Users/aadityasingh/Library/Developer/Xcode/DerivedData/Chatlio-erkyzdeecsohoaggpwbjdvavzqfv/Build/Intermediates.noindex/SwiftExplicitPrecompiledModules -clang-scanner-module-cache-path /Users/aadityasingh/Library/Developer/Xcode/DerivedData/ModuleCache.noindex -sdk-module-cache-path /Users/aadityasingh/Library/Developer/Xcode/DerivedData/ModuleCache.noindex -serialize-diagnostics -emit-dependencies -emit-module -emit-module-path /Users/aadityasingh/Library/Developer/Xcode/DerivedData/Chatlio-erkyzdeecsohoaggpwbjdvavzqfv/Build/Intermediates.noindex/KeychainAccess.build/Debug-iphonesimulator/KeychainAccess.build/Objects-normal/x86_64/KeychainAccess.swiftmodule -validate-clang-modules-once -clang-build-session-file /Users/aadityasingh/Library/Developer/Xcode/DerivedData/ModuleCache.noindex/Session.modulevalidation -Xcc -I/Users/aadityasingh/Library/Developer/Xcode/DerivedData/Chatlio-erkyzdeecsohoaggpwbjdvavzqfv/Build/Intermediates.noindex/KeychainAccess.build/Debug-iphonesimulator/KeychainAccess.build/swift-overrides.hmap -emit-const-values -Xfrontend -const-gather-protocols-file -Xfrontend /Users/aadityasingh/Library/Developer/Xcode/DerivedData/Chatlio-erkyzdeecsohoaggpwbjdvavzqfv/Build/Intermediates.noindex/KeychainAccess.build/Debug-iphonesimulator/KeychainAccess.build/Objects-normal/x86_64/KeychainAccess_const_extract_protocols.json -Xcc -I/Users/aadityasingh/Library/Developer/Xcode/DerivedData/Chatlio-erkyzdeecsohoaggpwbjdvavzqfv/Build/Products/Debug-iphonesimulator/include -Xcc -I/Users/aadityasingh/Library/Developer/Xcode/DerivedData/Chatlio-erkyzdeecsohoaggpwbjdvavzqfv/Build/Intermediates.noindex/KeychainAccess.build/Debug-iphonesimulator/KeychainAccess.build/DerivedSources-normal/x86_64 -Xcc -I/Users/aadityasingh/Library/Developer/Xcode/DerivedData/Chatlio-erkyzdeecsohoaggpwbjdvavzqfv/Build/Intermediates.noindex/KeychainAccess.build/Debug-iphonesimulator/KeychainAccess.build/DerivedSources/x86_64 -Xcc -I/Users/aadityasingh/Library/Developer/Xcode/DerivedData/Chatlio-erkyzdeecsohoaggpwbjdvavzqfv/Build/Intermediates.noindex/KeychainAccess.build/Debug-iphonesimulator/KeychainAccess.build/DerivedSources -Xcc -DSWIFT_PACKAGE -Xcc -DDEBUG\=1 -emit-objc-header -emit-objc-header-path /Users/aadityasingh/Library/Developer/Xcode/DerivedData/Chatlio-erkyzdeecsohoaggpwbjdvavzqfv/Build/Intermediates.noindex/KeychainAccess.build/Debug-iphonesimulator/KeychainAccess.build/Objects-normal/x86_64/KeychainAccess-Swift.h -working-directory /Users/aadityasingh/Documents/Development/element-x-ios/Chatlio.xcodeproj -experimental-emit-module-separately -disable-cmo

Copy /Users/aadityasingh/Library/Developer/Xcode/DerivedData/Chatlio-erkyzdeecsohoaggpwbjdvavzqfv/Build/Products/Debug-iphonesimulator/KeychainAccess.swiftmodule/arm64-apple-ios-simulator.swiftdoc /Users/aadityasingh/Library/Developer/Xcode/DerivedData/Chatlio-erkyzdeecsohoaggpwbjdvavzqfv/Build/Intermediates.noindex/KeychainAccess.build/Debug-iphonesimulator/KeychainAccess.build/Objects-normal/arm64/KeychainAccess.swiftdoc (in target 'KeychainAccess' from project 'KeychainAccess')
    cd /Users/aadityasingh/Library/Developer/Xcode/DerivedData/Chatlio-erkyzdeecsohoaggpwbjdvavzqfv/SourcePackages/checkouts/KeychainAccess
    builtin-copy -exclude .DS_Store -exclude CVS -exclude .svn -exclude .git -exclude .hg -resolve-src-symlinks -rename /Users/aadityasingh/Library/Developer/Xcode/DerivedData/Chatlio-erkyzdeecsohoaggpwbjdvavzqfv/Build/Intermediates.noindex/KeychainAccess.build/Debug-iphonesimulator/KeychainAccess.build/Objects-normal/arm64/KeychainAccess.swiftdoc /Users/aadityasingh/Library/Developer/Xcode/DerivedData/Chatlio-erkyzdeecsohoaggpwbjdvavzqfv/Build/Products/Debug-iphonesimulator/KeychainAccess.swiftmodule/arm64-apple-ios-simulator.swiftdoc

SwiftMergeGeneratedHeaders /Users/aadityasingh/Library/Developer/Xcode/DerivedData/Chatlio-erkyzdeecsohoaggpwbjdvavzqfv/Build/Intermediates.noindex/GeneratedModuleMaps-iphonesimulator/KeychainAccess-Swift.h /Users/aadityasingh/Library/Developer/Xcode/DerivedData/Chatlio-erkyzdeecsohoaggpwbjdvavzqfv/Build/Intermediates.noindex/KeychainAccess.build/Debug-iphonesimulator/KeychainAccess.build/Objects-normal/arm64/KeychainAccess-Swift.h /Users/aadityasingh/Library/Developer/Xcode/DerivedData/Chatlio-erkyzdeecsohoaggpwbjdvavzqfv/Build/Intermediates.noindex/KeychainAccess.build/Debug-iphonesimulator/KeychainAccess.build/Objects-normal/x86_64/KeychainAccess-Swift.h (in target 'KeychainAccess' from project 'KeychainAccess')
    cd /Users/aadityasingh/Library/Developer/Xcode/DerivedData/Chatlio-erkyzdeecsohoaggpwbjdvavzqfv/SourcePackages/checkouts/KeychainAccess
    builtin-swiftHeaderTool -arch arm64 /Users/aadityasingh/Library/Developer/Xcode/DerivedData/Chatlio-erkyzdeecsohoaggpwbjdvavzqfv/Build/Intermediates.noindex/KeychainAccess.build/Debug-iphonesimulator/KeychainAccess.build/Objects-normal/arm64/KeychainAccess-Swift.h -arch x86_64 /Users/aadityasingh/Library/Developer/Xcode/DerivedData/Chatlio-erkyzdeecsohoaggpwbjdvavzqfv/Build/Intermediates.noindex/KeychainAccess.build/Debug-iphonesimulator/KeychainAccess.build/Objects-normal/x86_64/KeychainAccess-Swift.h -o /Users/aadityasingh/Library/Developer/Xcode/DerivedData/Chatlio-erkyzdeecsohoaggpwbjdvavzqfv/Build/Intermediates.noindex/GeneratedModuleMaps-iphonesimulator/KeychainAccess-Swift.h

Copy /Users/aadityasingh/Library/Developer/Xcode/DerivedData/Chatlio-erkyzdeecsohoaggpwbjdvavzqfv/Build/Products/Debug-iphonesimulator/KeychainAccess.swiftmodule/x86_64-apple-ios-simulator.swiftmodule /Users/aadityasingh/Library/Developer/Xcode/DerivedData/Chatlio-erkyzdeecsohoaggpwbjdvavzqfv/Build/Intermediates.noindex/KeychainAccess.build/Debug-iphonesimulator/KeychainAccess.build/Objects-normal/x86_64/KeychainAccess.swiftmodule (in target 'KeychainAccess' from project 'KeychainAccess')
    cd /Users/aadityasingh/Library/Developer/Xcode/DerivedData/Chatlio-erkyzdeecsohoaggpwbjdvavzqfv/SourcePackages/checkouts/KeychainAccess
    builtin-copy -exclude .DS_Store -exclude CVS -exclude .svn -exclude .git -exclude .hg -resolve-src-symlinks -rename /Users/aadityasingh/Library/Developer/Xcode/DerivedData/Chatlio-erkyzdeecsohoaggpwbjdvavzqfv/Build/Intermediates.noindex/KeychainAccess.build/Debug-iphonesimulator/KeychainAccess.build/Objects-normal/x86_64/KeychainAccess.swiftmodule /Users/aadityasingh/Library/Developer/Xcode/DerivedData/Chatlio-erkyzdeecsohoaggpwbjdvavzqfv/Build/Products/Debug-iphonesimulator/KeychainAccess.swiftmodule/x86_64-apple-ios-simulator.swiftmodule

Copy /Users/aadityasingh/Library/Developer/Xcode/DerivedData/Chatlio-erkyzdeecsohoaggpwbjdvavzqfv/Build/Products/Debug-iphonesimulator/KeychainAccess.swiftmodule/x86_64-apple-ios-simulator.swiftdoc /Users/aadityasingh/Library/Developer/Xcode/DerivedData/Chatlio-erkyzdeecsohoaggpwbjdvavzqfv/Build/Intermediates.noindex/KeychainAccess.build/Debug-iphonesimulator/KeychainAccess.build/Objects-normal/x86_64/KeychainAccess.swiftdoc (in target 'KeychainAccess' from project 'KeychainAccess')
    cd /Users/aadityasingh/Library/Developer/Xcode/DerivedData/Chatlio-erkyzdeecsohoaggpwbjdvavzqfv/SourcePackages/checkouts/KeychainAccess
    builtin-copy -exclude .DS_Store -exclude CVS -exclude .svn -exclude .git -exclude .hg -resolve-src-symlinks -rename /Users/aadityasingh/Library/Developer/Xcode/DerivedData/Chatlio-erkyzdeecsohoaggpwbjdvavzqfv/Build/Intermediates.noindex/KeychainAccess.build/Debug-iphonesimulator/KeychainAccess.build/Objects-normal/x86_64/KeychainAccess.swiftdoc /Users/aadityasingh/Library/Developer/Xcode/DerivedData/Chatlio-erkyzdeecsohoaggpwbjdvavzqfv/Build/Products/Debug-iphonesimulator/KeychainAccess.swiftmodule/x86_64-apple-ios-simulator.swiftdoc

Copy /Users/aadityasingh/Library/Developer/Xcode/DerivedData/Chatlio-erkyzdeecsohoaggpwbjdvavzqfv/Build/Products/Debug-iphonesimulator/KeychainAccess.swiftmodule/x86_64-apple-ios-simulator.abi.json /Users/aadityasingh/Library/Developer/Xcode/DerivedData/Chatlio-erkyzdeecsohoaggpwbjdvavzqfv/Build/Intermediates.noindex/KeychainAccess.build/Debug-iphonesimulator/KeychainAccess.build/Objects-normal/x86_64/KeychainAccess.abi.json (in target 'KeychainAccess' from project 'KeychainAccess')
    cd /Users/aadityasingh/Library/Developer/Xcode/DerivedData/Chatlio-erkyzdeecsohoaggpwbjdvavzqfv/SourcePackages/checkouts/KeychainAccess
    builtin-copy -exclude .DS_Store -exclude CVS -exclude .svn -exclude .git -exclude .hg -resolve-src-symlinks -rename /Users/aadityasingh/Library/Developer/Xcode/DerivedData/Chatlio-erkyzdeecsohoaggpwbjdvavzqfv/Build/Intermediates.noindex/KeychainAccess.build/Debug-iphonesimulator/KeychainAccess.build/Objects-normal/x86_64/KeychainAccess.abi.json /Users/aadityasingh/Library/Developer/Xcode/DerivedData/Chatlio-erkyzdeecsohoaggpwbjdvavzqfv/Build/Products/Debug-iphonesimulator/KeychainAccess.swiftmodule/x86_64-apple-ios-simulator.abi.json

Copy /Users/aadityasingh/Library/Developer/Xcode/DerivedData/Chatlio-erkyzdeecsohoaggpwbjdvavzqfv/Build/Products/Debug-iphonesimulator/KeychainAccess.swiftmodule/arm64-apple-ios-simulator.abi.json /Users/aadityasingh/Library/Developer/Xcode/DerivedData/Chatlio-erkyzdeecsohoaggpwbjdvavzqfv/Build/Intermediates.noindex/KeychainAccess.build/Debug-iphonesimulator/KeychainAccess.build/Objects-normal/arm64/KeychainAccess.abi.json (in target 'KeychainAccess' from project 'KeychainAccess')
    cd /Users/aadityasingh/Library/Developer/Xcode/DerivedData/Chatlio-erkyzdeecsohoaggpwbjdvavzqfv/SourcePackages/checkouts/KeychainAccess
    builtin-copy -exclude .DS_Store -exclude CVS -exclude .svn -exclude .git -exclude .hg -resolve-src-symlinks -rename /Users/aadityasingh/Library/Developer/Xcode/DerivedData/Chatlio-erkyzdeecsohoaggpwbjdvavzqfv/Build/Intermediates.noindex/KeychainAccess.build/Debug-iphonesimulator/KeychainAccess.build/Objects-normal/arm64/KeychainAccess.abi.json /Users/aadityasingh/Library/Developer/Xcode/DerivedData/Chatlio-erkyzdeecsohoaggpwbjdvavzqfv/Build/Products/Debug-iphonesimulator/KeychainAccess.swiftmodule/arm64-apple-ios-simulator.abi.json

Copy /Users/aadityasingh/Library/Developer/Xcode/DerivedData/Chatlio-erkyzdeecsohoaggpwbjdvavzqfv/Build/Products/Debug-iphonesimulator/KeychainAccess.swiftmodule/Project/x86_64-apple-ios-simulator.swiftsourceinfo /Users/aadityasingh/Library/Developer/Xcode/DerivedData/Chatlio-erkyzdeecsohoaggpwbjdvavzqfv/Build/Intermediates.noindex/KeychainAccess.build/Debug-iphonesimulator/KeychainAccess.build/Objects-normal/x86_64/KeychainAccess.swiftsourceinfo (in target 'KeychainAccess' from project 'KeychainAccess')
    cd /Users/aadityasingh/Library/Developer/Xcode/DerivedData/Chatlio-erkyzdeecsohoaggpwbjdvavzqfv/SourcePackages/checkouts/KeychainAccess
    builtin-copy -exclude .DS_Store -exclude CVS -exclude .svn -exclude .git -exclude .hg -resolve-src-symlinks -rename /Users/aadityasingh/Library/Developer/Xcode/DerivedData/Chatlio-erkyzdeecsohoaggpwbjdvavzqfv/Build/Intermediates.noindex/KeychainAccess.build/Debug-iphonesimulator/KeychainAccess.build/Objects-normal/x86_64/KeychainAccess.swiftsourceinfo /Users/aadityasingh/Library/Developer/Xcode/DerivedData/Chatlio-erkyzdeecsohoaggpwbjdvavzqfv/Build/Products/Debug-iphonesimulator/KeychainAccess.swiftmodule/Project/x86_64-apple-ios-simulator.swiftsourceinfo

Copy /Users/aadityasingh/Library/Developer/Xcode/DerivedData/Chatlio-erkyzdeecsohoaggpwbjdvavzqfv/Build/Products/Debug-iphonesimulator/KeychainAccess.swiftmodule/Project/arm64-apple-ios-simulator.swiftsourceinfo /Users/aadityasingh/Library/Developer/Xcode/DerivedData/Chatlio-erkyzdeecsohoaggpwbjdvavzqfv/Build/Intermediates.noindex/KeychainAccess.build/Debug-iphonesimulator/KeychainAccess.build/Objects-normal/arm64/KeychainAccess.swiftsourceinfo (in target 'KeychainAccess' from project 'KeychainAccess')
    cd /Users/aadityasingh/Library/Developer/Xcode/DerivedData/Chatlio-erkyzdeecsohoaggpwbjdvavzqfv/SourcePackages/checkouts/KeychainAccess
    builtin-copy -exclude .DS_Store -exclude CVS -exclude .svn -exclude .git -exclude .hg -resolve-src-symlinks -rename /Users/aadityasingh/Library/Developer/Xcode/DerivedData/Chatlio-erkyzdeecsohoaggpwbjdvavzqfv/Build/Intermediates.noindex/KeychainAccess.build/Debug-iphonesimulator/KeychainAccess.build/Objects-normal/arm64/KeychainAccess.swiftsourceinfo /Users/aadityasingh/Library/Developer/Xcode/DerivedData/Chatlio-erkyzdeecsohoaggpwbjdvavzqfv/Build/Products/Debug-iphonesimulator/KeychainAccess.swiftmodule/Project/arm64-apple-ios-simulator.swiftsourceinfo

SwiftExplicitDependencyGeneratePcm x86_64 /Users/aadityasingh/Library/Developer/Xcode/DerivedData/ModuleCache.noindex/CFNetwork-DN11AAPRU9QQCVHS22FU7CTLC.pcm

SwiftExplicitDependencyGeneratePcm x86_64 /Users/aadityasingh/Library/Developer/Xcode/DerivedData/ModuleCache.noindex/CoreAudioTypes-3A031DLL34WPIC6BQLWID5R0F.pcm

SwiftExplicitDependencyGeneratePcm arm64 /Users/aadityasingh/Library/Developer/Xcode/DerivedData/ModuleCache.noindex/CoreImage-3UQ57RGZW7838BVPUGIW2YZ4B.pcm

SwiftExplicitDependencyGeneratePcm arm64 /Users/aadityasingh/Library/Developer/Xcode/DerivedData/ModuleCache.noindex/Accelerate-8V9DAKETFUFUFJUVBGJL1XWZ3.pcm

SwiftExplicitDependencyGeneratePcm arm64 /Users/aadityasingh/Library/Developer/Xcode/DerivedData/ModuleCache.noindex/CoreMedia-BHBO2FAMX3YSCETN1YZAFJLF5.pcm

SwiftExplicitDependencyGeneratePcm arm64 /Users/aadityasingh/Library/Developer/Xcode/DerivedData/ModuleCache.noindex/QuartzCore-C4NFZSHD57XR8X1WNUZ6O8A86.pcm

SwiftExplicitDependencyGeneratePcm x86_64 /Users/aadityasingh/Library/Developer/Xcode/DerivedData/ModuleCache.noindex/AVFoundation-9E2089WVBF4NZ0TC9YLEYM29X.pcm

SwiftExplicitDependencyGeneratePcm x86_64 /Users/aadityasingh/Library/Developer/Xcode/DerivedData/ModuleCache.noindex/Security-E6HH2YQ6IWDO1UU7ON410NLYA.pcm

SwiftExplicitDependencyGeneratePcm x86_64 /Users/aadityasingh/Library/Developer/Xcode/DerivedData/ModuleCache.noindex/CoreAudio-43MMH4NP27FJ4I38BWFIN4OY6.pcm

SwiftExplicitDependencyGeneratePcm x86_64 /Users/aadityasingh/Library/Developer/Xcode/DerivedData/ModuleCache.noindex/SwiftUICore-D2PUO0LKRK3D85YBSW9TXVAE5.pcm

SwiftExplicitDependencyGeneratePcm x86_64 /Users/aadityasingh/Library/Developer/Xcode/DerivedData/ModuleCache.noindex/CoreGraphics-CANNGMCC1LMR5HBTZCHRFSGOL.pcm

SwiftExplicitDependencyGeneratePcm arm64 /Users/aadityasingh/Library/Developer/Xcode/DerivedData/ModuleCache.noindex/CoreText-4BLXZHJ0MP4PZ5DL63DLSXZBK.pcm

SwiftExplicitDependencyGeneratePcm arm64 /Users/aadityasingh/Library/Developer/Xcode/DerivedData/ModuleCache.noindex/SwiftUICore-1GWATXMBL5IFBOEVH5MTDCJA4.pcm

SwiftExplicitDependencyGeneratePcm x86_64 /Users/aadityasingh/Library/Developer/Xcode/DerivedData/ModuleCache.noindex/Foundation-F67IBCAOZES31AKN7WZ2WZSZ.pcm

SwiftExplicitDependencyGeneratePcm arm64 /Users/aadityasingh/Library/Developer/Xcode/DerivedData/ModuleCache.noindex/UIKit-EC83Z5VU3TZTQ2X7BQ38GQHLP.pcm

SwiftExplicitDependencyGeneratePcm arm64 /Users/aadityasingh/Library/Developer/Xcode/DerivedData/ModuleCache.noindex/AVFAudio-5HNEYW6O9S72X2R6TUP8EU1TH.pcm

SwiftExplicitDependencyGeneratePcm x86_64 /Users/aadityasingh/Library/Developer/Xcode/DerivedData/ModuleCache.noindex/CoreText-5VQCEW0DEZPXX9RE01GHSGH32.pcm

SwiftExplicitDependencyGeneratePcm arm64 /Users/aadityasingh/Library/Developer/Xcode/DerivedData/ModuleCache.noindex/Accessibility-ENXIJEZXKD9ZE9I3ODYASGB9P.pcm

SwiftExplicitDependencyGeneratePcm arm64 /Users/aadityasingh/Library/Developer/Xcode/DerivedData/ModuleCache.noindex/_LocationEssentials-4K5EW82WXKPGXD3XCSG73LY7Z.pcm

SwiftExplicitDependencyGeneratePcm arm64 /Users/aadityasingh/Library/Developer/Xcode/DerivedData/ModuleCache.noindex/UniformTypeIdentifiers-CTLBFSVRBC6HBCRCFCOFKV3VB.pcm

SwiftExplicitDependencyGeneratePcm arm64 /Users/aadityasingh/Library/Developer/Xcode/DerivedData/ModuleCache.noindex/CoreData-2IEBC17QZF0UFK3698ZTOVYJG.pcm

SwiftExplicitDependencyGeneratePcm x86_64 /Users/aadityasingh/Library/Developer/Xcode/DerivedData/ModuleCache.noindex/ImageIO-4OVYLPF4D66NUAFXJ0IBSYU59.pcm

SwiftExplicitDependencyGeneratePcm arm64 /Users/aadityasingh/Library/Developer/Xcode/DerivedData/ModuleCache.noindex/CoreLocation-2MS4FPOA0MNGE1MOAFVVVBTTB.pcm

SwiftExplicitDependencyGeneratePcm arm64 /Users/aadityasingh/Library/Developer/Xcode/DerivedData/ModuleCache.noindex/Symbols-CXVB18M1DOCEZ7VCHCGH6DZ23.pcm

SwiftExplicitDependencyGeneratePcm arm64 /Users/aadityasingh/Library/Developer/Xcode/DerivedData/ModuleCache.noindex/UIUtilities-1RGVCWHS2SCY55ZGKAJ9W4L8N.pcm

SwiftExplicitDependencyGeneratePcm arm64 /Users/aadityasingh/Library/Developer/Xcode/DerivedData/ModuleCache.noindex/Network-1X6YZSKAJTYUFRGWXIDDOPPEQ.pcm

SwiftExplicitDependencyGeneratePcm arm64 /Users/aadityasingh/Library/Developer/Xcode/DerivedData/ModuleCache.noindex/IOSurface-7PPZNRVSYN5BPVMS17454HKYS.pcm

SwiftExplicitDependencyGeneratePcm arm64 /Users/aadityasingh/Library/Developer/Xcode/DerivedData/ModuleCache.noindex/OSLog-2LWH1X8M4JJTNKW0PH2LSOD3S.pcm

SwiftExplicitDependencyGeneratePcm x86_64 /Users/aadityasingh/Library/Developer/Xcode/DerivedData/ModuleCache.noindex/Photos-6OKDSYO9WQDYNMQM23U2WT95B.pcm

SwiftExplicitDependencyGeneratePcm arm64 /Users/aadityasingh/Library/Developer/Xcode/DerivedData/ModuleCache.noindex/CoreMIDI-3YAD9DMCH64S2V34W50WUABNE.pcm

SwiftExplicitDependencyGeneratePcm arm64 /Users/aadityasingh/Library/Developer/Xcode/DerivedData/ModuleCache.noindex/DataDetection-ALOV8WWBSKDL1483KG8Y6VHD0.pcm

SwiftExplicitDependencyGeneratePcm arm64 /Users/aadityasingh/Library/Developer/Xcode/DerivedData/ModuleCache.noindex/UserNotifications-1G8R79K91HZ1PPKZESFKYXFLA.pcm

SwiftExplicitDependencyGeneratePcm arm64 /Users/aadityasingh/Library/Developer/Xcode/DerivedData/ModuleCache.noindex/MediaAccessibility-RG0LQXTEGJDE83YT3SMNGN07.pcm

SwiftExplicitDependencyGeneratePcm x86_64 /Users/aadityasingh/Library/Developer/Xcode/DerivedData/ModuleCache.noindex/CoreData-JCSBZFT9TLY6ATPD6V9PKZKY.pcm

SwiftExplicitDependencyGeneratePcm x86_64 /Users/aadityasingh/Library/Developer/Xcode/DerivedData/ModuleCache.noindex/FileProvider-7OG542JOO36AY9NDVRUMVCMVW.pcm

SwiftEmitModule normal x86_64 Emitting\ module\ for\ LRUCache (in target 'LRUCache' from project 'LRUCache')

SwiftCompile normal x86_64 /Users/aadityasingh/Library/Developer/Xcode/DerivedData/Chatlio-erkyzdeecsohoaggpwbjdvavzqfv/SourcePackages/checkouts/LRUCache/Sources/LRUCache.swift (in target 'LRUCache' from project 'LRUCache')
    cd /Users/aadityasingh/Documents/Development/element-x-ios/Chatlio.xcodeproj
    

SwiftExplicitDependencyGeneratePcm x86_64 /Users/aadityasingh/Library/Developer/Xcode/DerivedData/ModuleCache.noindex/PDFKit-64AACV1PD77JGTVYEAB1Z1884.pcm

SwiftExplicitDependencyGeneratePcm x86_64 /Users/aadityasingh/Library/Developer/Xcode/DerivedData/Chatlio-erkyzdeecsohoaggpwbjdvavzqfv/Build/Intermediates.noindex/SwiftExplicitPrecompiledModules/YbridOgg-2SPULI1Y4KSM214OQTJCQ989W.pcm

SwiftExplicitDependencyGeneratePcm x86_64 /Users/aadityasingh/Library/Developer/Xcode/DerivedData/ModuleCache.noindex/WebKit-2H53A8G4YKAVPPYRIT4AZQ33L.pcm

SwiftExplicitDependencyGeneratePcm x86_64 /Users/aadityasingh/Library/Developer/Xcode/DerivedData/ModuleCache.noindex/IOSurface-7NJTV04QL87G84SOB5SA6JTI.pcm

SwiftExplicitDependencyGeneratePcm x86_64 /Users/aadityasingh/Library/Developer/Xcode/DerivedData/Chatlio-erkyzdeecsohoaggpwbjdvavzqfv/Build/Intermediates.noindex/SwiftExplicitPrecompiledModules/Sentry-95A1EQ1OVXUQGO1YL8PL5ZBLF.pcm

SwiftExplicitDependencyGeneratePcm x86_64 /Users/aadityasingh/Library/Developer/Xcode/DerivedData/ModuleCache.noindex/Symbols-AIN57TVARDRB7AE0OV730M73Y.pcm

SwiftExplicitDependencyGeneratePcm x86_64 /Users/aadityasingh/Library/Developer/Xcode/DerivedData/ModuleCache.noindex/CoreMIDI-1LS1KJ5NUAK2QTB0X5DSQUGUT.pcm

SwiftExplicitDependencyGeneratePcm x86_64 /Users/aadityasingh/Library/Developer/Xcode/DerivedData/ModuleCache.noindex/PhotosUI-BKY556ELG3BYK5M1DHU0T7Q7U.pcm

SwiftExplicitDependencyGeneratePcm x86_64 /Users/aadityasingh/Library/Developer/Xcode/DerivedData/ModuleCache.noindex/SwiftUI-7GUXJ1ZCN89Q054YC52LCT8M9.pcm

SwiftExplicitDependencyGeneratePcm x86_64 /Users/aadityasingh/Library/Developer/Xcode/DerivedData/ModuleCache.noindex/MediaAccessibility-9QNZTG67MHWW6NXXDBHOY0P9N.pcm

SwiftExplicitDependencyGeneratePcm x86_64 /Users/aadityasingh/Library/Developer/Xcode/DerivedData/ModuleCache.noindex/Metal-8PBI9KAPOS71145OOLECH846U.pcm

SwiftExplicitDependencyGeneratePcm arm64 /Users/aadityasingh/Library/Developer/Xcode/DerivedData/ModuleCache.noindex/AVRouting-D9W1PTN0USUFRF2C8DK8FRFJZ.pcm

SwiftExplicitDependencyGeneratePcm x86_64 /Users/aadityasingh/Library/Developer/Xcode/DerivedData/ModuleCache.noindex/OSLog-DR2A1VZLJ7I2RV8CZB97AVJ4R.pcm

SwiftDriverJobDiscovery normal x86_64 Emitting module for LRUCache (in target 'LRUCache' from project 'LRUCache')

SwiftDriver\ Compilation\ Requirements LRUCache normal x86_64 com.apple.xcode.tools.swift.compiler (in target 'LRUCache' from project 'LRUCache')
    cd /Users/aadityasingh/Documents/Development/element-x-ios/Chatlio.xcodeproj
    builtin-Swift-Compilation-Requirements -- /Applications/Xcode.app/Contents/Developer/Toolchains/XcodeDefault.xctoolchain/usr/bin/swiftc -module-name LRUCache -Onone @/Users/aadityasingh/Library/Developer/Xcode/DerivedData/Chatlio-erkyzdeecsohoaggpwbjdvavzqfv/Build/Intermediates.noindex/LRUCache.build/Debug-iphonesimulator/LRUCache.build/Objects-normal/x86_64/LRUCache.SwiftFileList -DSWIFT_PACKAGE -DDEBUG -DSWIFT_MODULE_RESOURCE_BUNDLE_UNAVAILABLE -DXcode -plugin-path /Applications/Xcode.app/Contents/Developer/Toolchains/XcodeDefault.xctoolchain/usr/lib/swift/host/plugins/testing -enable-experimental-feature DebugDescriptionMacro -sdk /Applications/Xcode.app/Contents/Developer/Platforms/iPhoneSimulator.platform/Developer/SDKs/iPhoneSimulator26.4.sdk -target x86_64-apple-ios13.0-simulator -g -module-cache-path /Users/aadityasingh/Library/Developer/Xcode/DerivedData/ModuleCache.noindex -Xfrontend -serialize-debugging-options -profile-coverage-mapping -profile-generate -enable-testing -suppress-warnings -index-store-path /Users/aadityasingh/Library/Developer/Xcode/DerivedData/Chatlio-erkyzdeecsohoaggpwbjdvavzqfv/Index.noindex/DataStore -Xcc -D_LIBCPP_HARDENING_MODE\=_LIBCPP_HARDENING_MODE_DEBUG -swift-version 5 -I /Users/aadityasingh/Library/Developer/Xcode/DerivedData/Chatlio-erkyzdeecsohoaggpwbjdvavzqfv/Build/Products/Debug-iphonesimulator -Isystem /Applications/Xcode.app/Contents/Developer/Platforms/iPhoneSimulator.platform/Developer/usr/lib -F /Users/aadityasingh/Library/Developer/Xcode/DerivedData/Chatlio-erkyzdeecsohoaggpwbjdvavzqfv/Build/Products/Debug-iphonesimulator -F /Applications/Xcode.app/Contents/Developer/Platforms/iPhoneSimulator.platform/Developer/Library/Frameworks -F /Applications/Xcode.app/Contents/Developer/Platforms/iPhoneSimulator.platform/Developer/SDKs/iPhoneSimulator26.4.sdk/Developer/Library/Frameworks -parse-as-library -c -j12 -enable-batch-mode -incremental -Xcc -ivfsstatcache -Xcc /Users/aadityasingh/Library/Developer/Xcode/DerivedData/SDKStatCaches.noindex/iphonesimulator26.4-23E252-686eebb5dc1d8ecb277353a59184f4aa.sdkstatcache -output-file-map /Users/aadityasingh/Library/Developer/Xcode/DerivedData/Chatlio-erkyzdeecsohoaggpwbjdvavzqfv/Build/Intermediates.noindex/LRUCache.build/Debug-iphonesimulator/LRUCache.build/Objects-normal/x86_64/LRUCache-OutputFileMap.json -use-frontend-parseable-output -save-temps -no-color-diagnostics -explicit-module-build -module-cache-path /Users/aadityasingh/Library/Developer/Xcode/DerivedData/Chatlio-erkyzdeecsohoaggpwbjdvavzqfv/Build/Intermediates.noindex/SwiftExplicitPrecompiledModules -clang-scanner-module-cache-path /Users/aadityasingh/Library/Developer/Xcode/DerivedData/ModuleCache.noindex -sdk-module-cache-path /Users/aadityasingh/Library/Developer/Xcode/DerivedData/ModuleCache.noindex -serialize-diagnostics -emit-dependencies -emit-module -emit-module-path /Users/aadityasingh/Library/Developer/Xcode/DerivedData/Chatlio-erkyzdeecsohoaggpwbjdvavzqfv/Build/Intermediates.noindex/LRUCache.build/Debug-iphonesimulator/LRUCache.build/Objects-normal/x86_64/LRUCache.swiftmodule -validate-clang-modules-once -clang-build-session-file /Users/aadityasingh/Library/Developer/Xcode/DerivedData/ModuleCache.noindex/Session.modulevalidation -Xcc -I/Users/aadityasingh/Library/Developer/Xcode/DerivedData/Chatlio-erkyzdeecsohoaggpwbjdvavzqfv/Build/Intermediates.noindex/LRUCache.build/Debug-iphonesimulator/LRUCache.build/swift-overrides.hmap -emit-const-values -Xfrontend -const-gather-protocols-file -Xfrontend /Users/aadityasingh/Library/Developer/Xcode/DerivedData/Chatlio-erkyzdeecsohoaggpwbjdvavzqfv/Build/Intermediates.noindex/LRUCache.build/Debug-iphonesimulator/LRUCache.build/Objects-normal/x86_64/LRUCache_const_extract_protocols.json -Xcc -I/Users/aadityasingh/Library/Developer/Xcode/DerivedData/Chatlio-erkyzdeecsohoaggpwbjdvavzqfv/Build/Products/Debug-iphonesimulator/include -Xcc -I/Users/aadityasingh/Library/Developer/Xcode/DerivedData/Chatlio-erkyzdeecsohoaggpwbjdvavzqfv/Build/Intermediates.noindex/LRUCache.build/Debug-iphonesimulator/LRUCache.build/DerivedSources-normal/x86_64 -Xcc -I/Users/aadityasingh/Library/Developer/Xcode/DerivedData/Chatlio-erkyzdeecsohoaggpwbjdvavzqfv/Build/Intermediates.noindex/LRUCache.build/Debug-iphonesimulator/LRUCache.build/DerivedSources/x86_64 -Xcc -I/Users/aadityasingh/Library/Developer/Xcode/DerivedData/Chatlio-erkyzdeecsohoaggpwbjdvavzqfv/Build/Intermediates.noindex/LRUCache.build/Debug-iphonesimulator/LRUCache.build/DerivedSources -Xcc -DSWIFT_PACKAGE -Xcc -DDEBUG\=1 -emit-objc-header -emit-objc-header-path /Users/aadityasingh/Library/Developer/Xcode/DerivedData/Chatlio-erkyzdeecsohoaggpwbjdvavzqfv/Build/Intermediates.noindex/LRUCache.build/Debug-iphonesimulator/LRUCache.build/Objects-normal/x86_64/LRUCache-Swift.h -working-directory /Users/aadityasingh/Documents/Development/element-x-ios/Chatlio.xcodeproj -experimental-emit-module-separately -disable-cmo

SwiftExplicitDependencyGeneratePcm x86_64 /Users/aadityasingh/Library/Developer/Xcode/DerivedData/ModuleCache.noindex/Network-4X0PAQMECCZF5IRYG7H8AHKME.pcm

Copy /Users/aadityasingh/Library/Developer/Xcode/DerivedData/Chatlio-erkyzdeecsohoaggpwbjdvavzqfv/Build/Products/Debug-iphonesimulator/LRUCache.swiftmodule/x86_64-apple-ios-simulator.swiftmodule /Users/aadityasingh/Library/Developer/Xcode/DerivedData/Chatlio-erkyzdeecsohoaggpwbjdvavzqfv/Build/Intermediates.noindex/LRUCache.build/Debug-iphonesimulator/LRUCache.build/Objects-normal/x86_64/LRUCache.swiftmodule (in target 'LRUCache' from project 'LRUCache')
    cd /Users/aadityasingh/Library/Developer/Xcode/DerivedData/Chatlio-erkyzdeecsohoaggpwbjdvavzqfv/SourcePackages/checkouts/LRUCache
    builtin-copy -exclude .DS_Store -exclude CVS -exclude .svn -exclude .git -exclude .hg -resolve-src-symlinks -rename /Users/aadityasingh/Library/Developer/Xcode/DerivedData/Chatlio-erkyzdeecsohoaggpwbjdvavzqfv/Build/Intermediates.noindex/LRUCache.build/Debug-iphonesimulator/LRUCache.build/Objects-normal/x86_64/LRUCache.swiftmodule /Users/aadityasingh/Library/Developer/Xcode/DerivedData/Chatlio-erkyzdeecsohoaggpwbjdvavzqfv/Build/Products/Debug-iphonesimulator/LRUCache.swiftmodule/x86_64-apple-ios-simulator.swiftmodule

SwiftEmitModule normal x86_64 Emitting\ module\ for\ SFSafeSymbols (in target 'SFSafeSymbols' from project 'SFSafeSymbols')
EmitSwiftModule normal x86_64 (in target 'SFSafeSymbols' from project 'SFSafeSymbols')
    cd /Users/aadityasingh/Documents/Development/element-x-ios/Chatlio.xcodeproj
    

Copy /Users/aadityasingh/Library/Developer/Xcode/DerivedData/Chatlio-erkyzdeecsohoaggpwbjdvavzqfv/Build/Products/Debug-iphonesimulator/LRUCache.swiftmodule/x86_64-apple-ios-simulator.swiftdoc /Users/aadityasingh/Library/Developer/Xcode/DerivedData/Chatlio-erkyzdeecsohoaggpwbjdvavzqfv/Build/Intermediates.noindex/LRUCache.build/Debug-iphonesimulator/LRUCache.build/Objects-normal/x86_64/LRUCache.swiftdoc (in target 'LRUCache' from project 'LRUCache')
    cd /Users/aadityasingh/Library/Developer/Xcode/DerivedData/Chatlio-erkyzdeecsohoaggpwbjdvavzqfv/SourcePackages/checkouts/LRUCache
    builtin-copy -exclude .DS_Store -exclude CVS -exclude .svn -exclude .git -exclude .hg -resolve-src-symlinks -rename /Users/aadityasingh/Library/Developer/Xcode/DerivedData/Chatlio-erkyzdeecsohoaggpwbjdvavzqfv/Build/Intermediates.noindex/LRUCache.build/Debug-iphonesimulator/LRUCache.build/Objects-normal/x86_64/LRUCache.swiftdoc /Users/aadityasingh/Library/Developer/Xcode/DerivedData/Chatlio-erkyzdeecsohoaggpwbjdvavzqfv/Build/Products/Debug-iphonesimulator/LRUCache.swiftmodule/x86_64-apple-ios-simulator.swiftdoc

Copy /Users/aadityasingh/Library/Developer/Xcode/DerivedData/Chatlio-erkyzdeecsohoaggpwbjdvavzqfv/Build/Products/Debug-iphonesimulator/LRUCache.swiftmodule/x86_64-apple-ios-simulator.abi.json /Users/aadityasingh/Library/Developer/Xcode/DerivedData/Chatlio-erkyzdeecsohoaggpwbjdvavzqfv/Build/Intermediates.noindex/LRUCache.build/Debug-iphonesimulator/LRUCache.build/Objects-normal/x86_64/LRUCache.abi.json (in target 'LRUCache' from project 'LRUCache')
    cd /Users/aadityasingh/Library/Developer/Xcode/DerivedData/Chatlio-erkyzdeecsohoaggpwbjdvavzqfv/SourcePackages/checkouts/LRUCache
    builtin-copy -exclude .DS_Store -exclude CVS -exclude .svn -exclude .git -exclude .hg -resolve-src-symlinks -rename /Users/aadityasingh/Library/Developer/Xcode/DerivedData/Chatlio-erkyzdeecsohoaggpwbjdvavzqfv/Build/Intermediates.noindex/LRUCache.build/Debug-iphonesimulator/LRUCache.build/Objects-normal/x86_64/LRUCache.abi.json /Users/aadityasingh/Library/Developer/Xcode/DerivedData/Chatlio-erkyzdeecsohoaggpwbjdvavzqfv/Build/Products/Debug-iphonesimulator/LRUCache.swiftmodule/x86_64-apple-ios-simulator.abi.json

Copy /Users/aadityasingh/Library/Developer/Xcode/DerivedData/Chatlio-erkyzdeecsohoaggpwbjdvavzqfv/Build/Products/Debug-iphonesimulator/LRUCache.swiftmodule/Project/x86_64-apple-ios-simulator.swiftsourceinfo /Users/aadityasingh/Library/Developer/Xcode/DerivedData/Chatlio-erkyzdeecsohoaggpwbjdvavzqfv/Build/Intermediates.noindex/LRUCache.build/Debug-iphonesimulator/LRUCache.build/Objects-normal/x86_64/LRUCache.swiftsourceinfo (in target 'LRUCache' from project 'LRUCache')
    cd /Users/aadityasingh/Library/Developer/Xcode/DerivedData/Chatlio-erkyzdeecsohoaggpwbjdvavzqfv/SourcePackages/checkouts/LRUCache
    builtin-copy -exclude .DS_Store -exclude CVS -exclude .svn -exclude .git -exclude .hg -resolve-src-symlinks -rename /Users/aadityasingh/Library/Developer/Xcode/DerivedData/Chatlio-erkyzdeecsohoaggpwbjdvavzqfv/Build/Intermediates.noindex/LRUCache.build/Debug-iphonesimulator/LRUCache.build/Objects-normal/x86_64/LRUCache.swiftsourceinfo /Users/aadityasingh/Library/Developer/Xcode/DerivedData/Chatlio-erkyzdeecsohoaggpwbjdvavzqfv/Build/Products/Debug-iphonesimulator/LRUCache.swiftmodule/Project/x86_64-apple-ios-simulator.swiftsourceinfo

SwiftExplicitDependencyGeneratePcm x86_64 /Users/aadityasingh/Library/Developer/Xcode/DerivedData/ModuleCache.noindex/AudioToolbox-AL2AJ4PUX26U7Z6TN61VJTEQ6.pcm

SwiftExplicitDependencyCompileModuleFromInterface x86_64 /Users/aadityasingh/Library/Developer/Xcode/DerivedData/Chatlio-erkyzdeecsohoaggpwbjdvavzqfv/Build/Intermediates.noindex/SwiftExplicitPrecompiledModules/Sentry-648KIHU80EMJ.swiftmodule

SwiftExplicitDependencyGeneratePcm x86_64 /Users/aadityasingh/Library/Developer/Xcode/DerivedData/ModuleCache.noindex/UIUtilities-XMYQAH4HEEMVINYB9E3X3Z1G.pcm

SwiftExplicitDependencyGeneratePcm x86_64 /Users/aadityasingh/Library/Developer/Xcode/DerivedData/ModuleCache.noindex/OpenGLES-EKOOFXI2ZBVN2D4BPULDLCF7L.pcm

SwiftEmitModule normal x86_64 Emitting\ module\ for\ PostHog (in target 'PostHog' from project 'PostHog')

EmitSwiftModule normal x86_64 (in target 'PostHog' from project 'PostHog')
    cd /Users/aadityasingh/Documents/Development/element-x-ios/Chatlio.xcodeproj
    

SwiftExplicitDependencyGeneratePcm x86_64 /Users/aadityasingh/Library/Developer/Xcode/DerivedData/ModuleCache.noindex/MapKit-74QHM1HUY0GUZ142MZRZLB9UI.pcm

SwiftExplicitDependencyGeneratePcm arm64 /Users/aadityasingh/Library/Developer/Xcode/DerivedData/ModuleCache.noindex/Metal-71MJ4MXAYW4M8Y9YD1W8J4SR8.pcm

SwiftExplicitDependencyGeneratePcm x86_64 /Users/aadityasingh/Library/Developer/Xcode/DerivedData/ModuleCache.noindex/_LocationEssentials-33DV7NVOTQBLZOPU8VO2FLPKE.pcm

SwiftExplicitDependencyGeneratePcm x86_64 /Users/aadityasingh/Library/Developer/Xcode/DerivedData/Chatlio-erkyzdeecsohoaggpwbjdvavzqfv/Build/Intermediates.noindex/SwiftExplicitPrecompiledModules/YbridOpus-E37RDHR1KYNZ4FSYMPWHM06L5.pcm

SwiftExplicitDependencyGeneratePcm x86_64 /Users/aadityasingh/Library/Developer/Xcode/DerivedData/ModuleCache.noindex/DataDetection-5LTRUXILL0EWUC57Z0A80TJ4U.pcm

SwiftExplicitDependencyGeneratePcm x86_64 /Users/aadityasingh/Library/Developer/Xcode/DerivedData/ModuleCache.noindex/UserNotifications-50ZMDFP4QFIC3CQNWBW29IBW6.pcm

SwiftExplicitDependencyGeneratePcm x86_64 /Users/aadityasingh/Library/Developer/Xcode/DerivedData/ModuleCache.noindex/CoreLocation-5QR2Q9PJBZCAW4LVUKO4C7SHT.pcm

SwiftExplicitDependencyGeneratePcm arm64 /Users/aadityasingh/Library/Developer/Xcode/DerivedData/ModuleCache.noindex/AudioToolbox-5IXPRKWKJ4H3QB9RX5SGYNUKO.pcm

SwiftExplicitDependencyGeneratePcm x86_64 /Users/aadityasingh/Library/Developer/Xcode/DerivedData/ModuleCache.noindex/CarPlay-AIP73I02R6LFBVWVNHHUY632S.pcm

SwiftExplicitDependencyGeneratePcm x86_64 /Users/aadityasingh/Library/Developer/Xcode/DerivedData/ModuleCache.noindex/UniformTypeIdentifiers-3LFZLEMXJD3034YV33W416OE0.pcm

SwiftEmitModule normal x86_64 Emitting\ module\ for\ SwiftOGG (in target 'SwiftOGG' from project 'SwiftOGG')

EmitSwiftModule normal x86_64 (in target 'SwiftOGG' from project 'SwiftOGG')
    cd /Users/aadityasingh/Documents/Development/element-x-ios/Chatlio.xcodeproj
    

SwiftEmitModule normal arm64 Emitting\ module\ for\ LRUCache (in target 'LRUCache' from project 'LRUCache')

SwiftCompile normal arm64 /Users/aadityasingh/Library/Developer/Xcode/DerivedData/Chatlio-erkyzdeecsohoaggpwbjdvavzqfv/SourcePackages/checkouts/LRUCache/Sources/LRUCache.swift (in target 'LRUCache' from project 'LRUCache')
    cd /Users/aadityasingh/Documents/Development/element-x-ios/Chatlio.xcodeproj
    

SwiftExplicitDependencyGeneratePcm arm64 /Users/aadityasingh/Library/Developer/Xcode/DerivedData/ModuleCache.noindex/SwiftUI-7YCWZSDCS1KN5WQAFB3XAXD0Q.pcm

SwiftExplicitDependencyGeneratePcm arm64 /Users/aadityasingh/Library/Developer/Xcode/DerivedData/ModuleCache.noindex/WebKit-9SRIV37FN9X6Z3C1XE17A1VIC.pcm

SwiftExplicitDependencyGeneratePcm arm64 /Users/aadityasingh/Library/Developer/Xcode/DerivedData/Chatlio-erkyzdeecsohoaggpwbjdvavzqfv/Build/Intermediates.noindex/SwiftExplicitPrecompiledModules/YbridOgg-BIQ9XCDJWYG0U2TD3GP2TO15W.pcm

SwiftExplicitDependencyGeneratePcm arm64 /Users/aadityasingh/Library/Developer/Xcode/DerivedData/Chatlio-erkyzdeecsohoaggpwbjdvavzqfv/Build/Intermediates.noindex/SwiftExplicitPrecompiledModules/Sentry-5DI5E5GP0GF1ZXEOWFU260WA1.pcm

SwiftEmitModule normal arm64 Emitting\ module\ for\ SFSafeSymbols (in target 'SFSafeSymbols' from project 'SFSafeSymbols')
EmitSwiftModule normal arm64 (in target 'SFSafeSymbols' from project 'SFSafeSymbols')
    cd /Users/aadityasingh/Documents/Development/element-x-ios/Chatlio.xcodeproj
    

SwiftExplicitDependencyGeneratePcm arm64 /Users/aadityasingh/Library/Developer/Xcode/DerivedData/Chatlio-erkyzdeecsohoaggpwbjdvavzqfv/Build/Intermediates.noindex/SwiftExplicitPrecompiledModules/YbridOpus-VSUPEEXWNEVKFFHA6CGCC2BY.pcm

SwiftExplicitDependencyGeneratePcm arm64 /Users/aadityasingh/Library/Developer/Xcode/DerivedData/ModuleCache.noindex/MapKit-VKP0SB3IDNS2U0MAKBRJ5ZF4.pcm

SwiftExplicitDependencyGeneratePcm x86_64 /Users/aadityasingh/Library/Developer/Xcode/DerivedData/ModuleCache.noindex/CoreVideo-9K8CI842VUMXNWR4ZINFQRQDF.pcm

SwiftDriverJobDiscovery normal arm64 Emitting module for LRUCache (in target 'LRUCache' from project 'LRUCache')

SwiftDriver\ Compilation\ Requirements LRUCache normal arm64 com.apple.xcode.tools.swift.compiler (in target 'LRUCache' from project 'LRUCache')
    cd /Users/aadityasingh/Documents/Development/element-x-ios/Chatlio.xcodeproj
    builtin-Swift-Compilation-Requirements -- /Applications/Xcode.app/Contents/Developer/Toolchains/XcodeDefault.xctoolchain/usr/bin/swiftc -module-name LRUCache -Onone @/Users/aadityasingh/Library/Developer/Xcode/DerivedData/Chatlio-erkyzdeecsohoaggpwbjdvavzqfv/Build/Intermediates.noindex/LRUCache.build/Debug-iphonesimulator/LRUCache.build/Objects-normal/arm64/LRUCache.SwiftFileList -DSWIFT_PACKAGE -DDEBUG -DSWIFT_MODULE_RESOURCE_BUNDLE_UNAVAILABLE -DXcode -plugin-path /Applications/Xcode.app/Contents/Developer/Toolchains/XcodeDefault.xctoolchain/usr/lib/swift/host/plugins/testing -enable-experimental-feature DebugDescriptionMacro -sdk /Applications/Xcode.app/Contents/Developer/Platforms/iPhoneSimulator.platform/Developer/SDKs/iPhoneSimulator26.4.sdk -target arm64-apple-ios13.0-simulator -g -module-cache-path /Users/aadityasingh/Library/Developer/Xcode/DerivedData/ModuleCache.noindex -Xfrontend -serialize-debugging-options -profile-coverage-mapping -profile-generate -enable-testing -suppress-warnings -index-store-path /Users/aadityasingh/Library/Developer/Xcode/DerivedData/Chatlio-erkyzdeecsohoaggpwbjdvavzqfv/Index.noindex/DataStore -Xcc -D_LIBCPP_HARDENING_MODE\=_LIBCPP_HARDENING_MODE_DEBUG -swift-version 5 -I /Users/aadityasingh/Library/Developer/Xcode/DerivedData/Chatlio-erkyzdeecsohoaggpwbjdvavzqfv/Build/Products/Debug-iphonesimulator -Isystem /Applications/Xcode.app/Contents/Developer/Platforms/iPhoneSimulator.platform/Developer/usr/lib -F /Users/aadityasingh/Library/Developer/Xcode/DerivedData/Chatlio-erkyzdeecsohoaggpwbjdvavzqfv/Build/Products/Debug-iphonesimulator -F /Applications/Xcode.app/Contents/Developer/Platforms/iPhoneSimulator.platform/Developer/Library/Frameworks -F /Applications/Xcode.app/Contents/Developer/Platforms/iPhoneSimulator.platform/Developer/SDKs/iPhoneSimulator26.4.sdk/Developer/Library/Frameworks -parse-as-library -c -j12 -enable-batch-mode -incremental -Xcc -ivfsstatcache -Xcc /Users/aadityasingh/Library/Developer/Xcode/DerivedData/SDKStatCaches.noindex/iphonesimulator26.4-23E252-686eebb5dc1d8ecb277353a59184f4aa.sdkstatcache -output-file-map /Users/aadityasingh/Library/Developer/Xcode/DerivedData/Chatlio-erkyzdeecsohoaggpwbjdvavzqfv/Build/Intermediates.noindex/LRUCache.build/Debug-iphonesimulator/LRUCache.build/Objects-normal/arm64/LRUCache-OutputFileMap.json -use-frontend-parseable-output -save-temps -no-color-diagnostics -explicit-module-build -module-cache-path /Users/aadityasingh/Library/Developer/Xcode/DerivedData/Chatlio-erkyzdeecsohoaggpwbjdvavzqfv/Build/Intermediates.noindex/SwiftExplicitPrecompiledModules -clang-scanner-module-cache-path /Users/aadityasingh/Library/Developer/Xcode/DerivedData/ModuleCache.noindex -sdk-module-cache-path /Users/aadityasingh/Library/Developer/Xcode/DerivedData/ModuleCache.noindex -serialize-diagnostics -emit-dependencies -emit-module -emit-module-path /Users/aadityasingh/Library/Developer/Xcode/DerivedData/Chatlio-erkyzdeecsohoaggpwbjdvavzqfv/Build/Intermediates.noindex/LRUCache.build/Debug-iphonesimulator/LRUCache.build/Objects-normal/arm64/LRUCache.swiftmodule -validate-clang-modules-once -clang-build-session-file /Users/aadityasingh/Library/Developer/Xcode/DerivedData/ModuleCache.noindex/Session.modulevalidation -Xcc -I/Users/aadityasingh/Library/Developer/Xcode/DerivedData/Chatlio-erkyzdeecsohoaggpwbjdvavzqfv/Build/Intermediates.noindex/LRUCache.build/Debug-iphonesimulator/LRUCache.build/swift-overrides.hmap -emit-const-values -Xfrontend -const-gather-protocols-file -Xfrontend /Users/aadityasingh/Library/Developer/Xcode/DerivedData/Chatlio-erkyzdeecsohoaggpwbjdvavzqfv/Build/Intermediates.noindex/LRUCache.build/Debug-iphonesimulator/LRUCache.build/Objects-normal/arm64/LRUCache_const_extract_protocols.json -Xcc -I/Users/aadityasingh/Library/Developer/Xcode/DerivedData/Chatlio-erkyzdeecsohoaggpwbjdvavzqfv/Build/Products/Debug-iphonesimulator/include -Xcc -I/Users/aadityasingh/Library/Developer/Xcode/DerivedData/Chatlio-erkyzdeecsohoaggpwbjdvavzqfv/Build/Intermediates.noindex/LRUCache.build/Debug-iphonesimulator/LRUCache.build/DerivedSources-normal/arm64 -Xcc -I/Users/aadityasingh/Library/Developer/Xcode/DerivedData/Chatlio-erkyzdeecsohoaggpwbjdvavzqfv/Build/Intermediates.noindex/LRUCache.build/Debug-iphonesimulator/LRUCache.build/DerivedSources/arm64 -Xcc -I/Users/aadityasingh/Library/Developer/Xcode/DerivedData/Chatlio-erkyzdeecsohoaggpwbjdvavzqfv/Build/Intermediates.noindex/LRUCache.build/Debug-iphonesimulator/LRUCache.build/DerivedSources -Xcc -DSWIFT_PACKAGE -Xcc -DDEBUG\=1 -emit-objc-header -emit-objc-header-path /Users/aadityasingh/Library/Developer/Xcode/DerivedData/Chatlio-erkyzdeecsohoaggpwbjdvavzqfv/Build/Intermediates.noindex/LRUCache.build/Debug-iphonesimulator/LRUCache.build/Objects-normal/arm64/LRUCache-Swift.h -working-directory /Users/aadityasingh/Documents/Development/element-x-ios/Chatlio.xcodeproj -experimental-emit-module-separately -disable-cmo

SwiftExplicitDependencyGeneratePcm x86_64 /Users/aadityasingh/Library/Developer/Xcode/DerivedData/ModuleCache.noindex/CoreTransferable-B4YVDW9A780W4O771UAJ0ODEI.pcm

SwiftMergeGeneratedHeaders /Users/aadityasingh/Library/Developer/Xcode/DerivedData/Chatlio-erkyzdeecsohoaggpwbjdvavzqfv/Build/Intermediates.noindex/GeneratedModuleMaps-iphonesimulator/LRUCache-Swift.h /Users/aadityasingh/Library/Developer/Xcode/DerivedData/Chatlio-erkyzdeecsohoaggpwbjdvavzqfv/Build/Intermediates.noindex/LRUCache.build/Debug-iphonesimulator/LRUCache.build/Objects-normal/arm64/LRUCache-Swift.h /Users/aadityasingh/Library/Developer/Xcode/DerivedData/Chatlio-erkyzdeecsohoaggpwbjdvavzqfv/Build/Intermediates.noindex/LRUCache.build/Debug-iphonesimulator/LRUCache.build/Objects-normal/x86_64/LRUCache-Swift.h (in target 'LRUCache' from project 'LRUCache')
    cd /Users/aadityasingh/Library/Developer/Xcode/DerivedData/Chatlio-erkyzdeecsohoaggpwbjdvavzqfv/SourcePackages/checkouts/LRUCache
    builtin-swiftHeaderTool -arch arm64 /Users/aadityasingh/Library/Developer/Xcode/DerivedData/Chatlio-erkyzdeecsohoaggpwbjdvavzqfv/Build/Intermediates.noindex/LRUCache.build/Debug-iphonesimulator/LRUCache.build/Objects-normal/arm64/LRUCache-Swift.h -arch x86_64 /Users/aadityasingh/Library/Developer/Xcode/DerivedData/Chatlio-erkyzdeecsohoaggpwbjdvavzqfv/Build/Intermediates.noindex/LRUCache.build/Debug-iphonesimulator/LRUCache.build/Objects-normal/x86_64/LRUCache-Swift.h -o /Users/aadityasingh/Library/Developer/Xcode/DerivedData/Chatlio-erkyzdeecsohoaggpwbjdvavzqfv/Build/Intermediates.noindex/GeneratedModuleMaps-iphonesimulator/LRUCache-Swift.h

Copy /Users/aadityasingh/Library/Developer/Xcode/DerivedData/Chatlio-erkyzdeecsohoaggpwbjdvavzqfv/Build/Products/Debug-iphonesimulator/LRUCache.swiftmodule/arm64-apple-ios-simulator.swiftmodule /Users/aadityasingh/Library/Developer/Xcode/DerivedData/Chatlio-erkyzdeecsohoaggpwbjdvavzqfv/Build/Intermediates.noindex/LRUCache.build/Debug-iphonesimulator/LRUCache.build/Objects-normal/arm64/LRUCache.swiftmodule (in target 'LRUCache' from project 'LRUCache')
    cd /Users/aadityasingh/Library/Developer/Xcode/DerivedData/Chatlio-erkyzdeecsohoaggpwbjdvavzqfv/SourcePackages/checkouts/LRUCache
    builtin-copy -exclude .DS_Store -exclude CVS -exclude .svn -exclude .git -exclude .hg -resolve-src-symlinks -rename /Users/aadityasingh/Library/Developer/Xcode/DerivedData/Chatlio-erkyzdeecsohoaggpwbjdvavzqfv/Build/Intermediates.noindex/LRUCache.build/Debug-iphonesimulator/LRUCache.build/Objects-normal/arm64/LRUCache.swiftmodule /Users/aadityasingh/Library/Developer/Xcode/DerivedData/Chatlio-erkyzdeecsohoaggpwbjdvavzqfv/Build/Products/Debug-iphonesimulator/LRUCache.swiftmodule/arm64-apple-ios-simulator.swiftmodule

Copy /Users/aadityasingh/Library/Developer/Xcode/DerivedData/Chatlio-erkyzdeecsohoaggpwbjdvavzqfv/Build/Products/Debug-iphonesimulator/LRUCache.swiftmodule/arm64-apple-ios-simulator.swiftdoc /Users/aadityasingh/Library/Developer/Xcode/DerivedData/Chatlio-erkyzdeecsohoaggpwbjdvavzqfv/Build/Intermediates.noindex/LRUCache.build/Debug-iphonesimulator/LRUCache.build/Objects-normal/arm64/LRUCache.swiftdoc (in target 'LRUCache' from project 'LRUCache')
    cd /Users/aadityasingh/Library/Developer/Xcode/DerivedData/Chatlio-erkyzdeecsohoaggpwbjdvavzqfv/SourcePackages/checkouts/LRUCache
    builtin-copy -exclude .DS_Store -exclude CVS -exclude .svn -exclude .git -exclude .hg -resolve-src-symlinks -rename /Users/aadityasingh/Library/Developer/Xcode/DerivedData/Chatlio-erkyzdeecsohoaggpwbjdvavzqfv/Build/Intermediates.noindex/LRUCache.build/Debug-iphonesimulator/LRUCache.build/Objects-normal/arm64/LRUCache.swiftdoc /Users/aadityasingh/Library/Developer/Xcode/DerivedData/Chatlio-erkyzdeecsohoaggpwbjdvavzqfv/Build/Products/Debug-iphonesimulator/LRUCache.swiftmodule/arm64-apple-ios-simulator.swiftdoc

Copy /Users/aadityasingh/Library/Developer/Xcode/DerivedData/Chatlio-erkyzdeecsohoaggpwbjdvavzqfv/Build/Products/Debug-iphonesimulator/LRUCache.swiftmodule/arm64-apple-ios-simulator.abi.json /Users/aadityasingh/Library/Developer/Xcode/DerivedData/Chatlio-erkyzdeecsohoaggpwbjdvavzqfv/Build/Intermediates.noindex/LRUCache.build/Debug-iphonesimulator/LRUCache.build/Objects-normal/arm64/LRUCache.abi.json (in target 'LRUCache' from project 'LRUCache')
    cd /Users/aadityasingh/Library/Developer/Xcode/DerivedData/Chatlio-erkyzdeecsohoaggpwbjdvavzqfv/SourcePackages/checkouts/LRUCache
    builtin-copy -exclude .DS_Store -exclude CVS -exclude .svn -exclude .git -exclude .hg -resolve-src-symlinks -rename /Users/aadityasingh/Library/Developer/Xcode/DerivedData/Chatlio-erkyzdeecsohoaggpwbjdvavzqfv/Build/Intermediates.noindex/LRUCache.build/Debug-iphonesimulator/LRUCache.build/Objects-normal/arm64/LRUCache.abi.json /Users/aadityasingh/Library/Developer/Xcode/DerivedData/Chatlio-erkyzdeecsohoaggpwbjdvavzqfv/Build/Products/Debug-iphonesimulator/LRUCache.swiftmodule/arm64-apple-ios-simulator.abi.json

Copy /Users/aadityasingh/Library/Developer/Xcode/DerivedData/Chatlio-erkyzdeecsohoaggpwbjdvavzqfv/Build/Products/Debug-iphonesimulator/LRUCache.swiftmodule/Project/arm64-apple-ios-simulator.swiftsourceinfo /Users/aadityasingh/Library/Developer/Xcode/DerivedData/Chatlio-erkyzdeecsohoaggpwbjdvavzqfv/Build/Intermediates.noindex/LRUCache.build/Debug-iphonesimulator/LRUCache.build/Objects-normal/arm64/LRUCache.swiftsourceinfo (in target 'LRUCache' from project 'LRUCache')
    cd /Users/aadityasingh/Library/Developer/Xcode/DerivedData/Chatlio-erkyzdeecsohoaggpwbjdvavzqfv/SourcePackages/checkouts/LRUCache
    builtin-copy -exclude .DS_Store -exclude CVS -exclude .svn -exclude .git -exclude .hg -resolve-src-symlinks -rename /Users/aadityasingh/Library/Developer/Xcode/DerivedData/Chatlio-erkyzdeecsohoaggpwbjdvavzqfv/Build/Intermediates.noindex/LRUCache.build/Debug-iphonesimulator/LRUCache.build/Objects-normal/arm64/LRUCache.swiftsourceinfo /Users/aadityasingh/Library/Developer/Xcode/DerivedData/Chatlio-erkyzdeecsohoaggpwbjdvavzqfv/Build/Products/Debug-iphonesimulator/LRUCache.swiftmodule/Project/arm64-apple-ios-simulator.swiftsourceinfo

SwiftExplicitDependencyGeneratePcm arm64 /Users/aadityasingh/Library/Developer/Xcode/DerivedData/ModuleCache.noindex/FileProvider-EOZH03523TEO854IU2ULB7DM5.pcm

SwiftExplicitDependencyGeneratePcm arm64 /Users/aadityasingh/Library/Developer/Xcode/DerivedData/ModuleCache.noindex/MediaToolbox-3SZXN49OYTMTNHIZLKT76HQEF.pcm

SwiftDriverJobDiscovery normal x86_64 Emitting module for SwiftOGG (in target 'SwiftOGG' from project 'SwiftOGG')

SwiftDriver\ Compilation\ Requirements SwiftOGG normal x86_64 com.apple.xcode.tools.swift.compiler (in target 'SwiftOGG' from project 'SwiftOGG')
    cd /Users/aadityasingh/Documents/Development/element-x-ios/Chatlio.xcodeproj
    builtin-Swift-Compilation-Requirements -- /Applications/Xcode.app/Contents/Developer/Toolchains/XcodeDefault.xctoolchain/usr/bin/swiftc -module-name SwiftOGG -Onone @/Users/aadityasingh/Library/Developer/Xcode/DerivedData/Chatlio-erkyzdeecsohoaggpwbjdvavzqfv/Build/Intermediates.noindex/SwiftOGG.build/Debug-iphonesimulator/SwiftOGG.build/Objects-normal/x86_64/SwiftOGG.SwiftFileList -DSWIFT_PACKAGE -DDEBUG -DSWIFT_MODULE_RESOURCE_BUNDLE_UNAVAILABLE -DXcode -plugin-path /Applications/Xcode.app/Contents/Developer/Toolchains/XcodeDefault.xctoolchain/usr/lib/swift/host/plugins/testing -enable-experimental-feature DebugDescriptionMacro -sdk /Applications/Xcode.app/Contents/Developer/Platforms/iPhoneSimulator.platform/Developer/SDKs/iPhoneSimulator26.4.sdk -target x86_64-apple-ios12.0-simulator -g -module-cache-path /Users/aadityasingh/Library/Developer/Xcode/DerivedData/ModuleCache.noindex -Xfrontend -serialize-debugging-options -profile-coverage-mapping -profile-generate -enable-testing -suppress-warnings -index-store-path /Users/aadityasingh/Library/Developer/Xcode/DerivedData/Chatlio-erkyzdeecsohoaggpwbjdvavzqfv/Index.noindex/DataStore -Xcc -D_LIBCPP_HARDENING_MODE\=_LIBCPP_HARDENING_MODE_DEBUG -swift-version 5 -I /Users/aadityasingh/Library/Developer/Xcode/DerivedData/Chatlio-erkyzdeecsohoaggpwbjdvavzqfv/Build/Products/Debug-iphonesimulator -Isystem /Applications/Xcode.app/Contents/Developer/Platforms/iPhoneSimulator.platform/Developer/usr/lib -F /Users/aadityasingh/Library/Developer/Xcode/DerivedData/Chatlio-erkyzdeecsohoaggpwbjdvavzqfv/Build/Products/Debug-iphonesimulator/PackageFrameworks -F /Users/aadityasingh/Library/Developer/Xcode/DerivedData/Chatlio-erkyzdeecsohoaggpwbjdvavzqfv/Build/Products/Debug-iphonesimulator -F /Applications/Xcode.app/Contents/Developer/Platforms/iPhoneSimulator.platform/Developer/Library/Frameworks -F /Applications/Xcode.app/Contents/Developer/Platforms/iPhoneSimulator.platform/Developer/SDKs/iPhoneSimulator26.4.sdk/Developer/Library/Frameworks -c -j12 -enable-batch-mode -incremental -Xcc -ivfsstatcache -Xcc /Users/aadityasingh/Library/Developer/Xcode/DerivedData/SDKStatCaches.noindex/iphonesimulator26.4-23E252-686eebb5dc1d8ecb277353a59184f4aa.sdkstatcache -output-file-map /Users/aadityasingh/Library/Developer/Xcode/DerivedData/Chatlio-erkyzdeecsohoaggpwbjdvavzqfv/Build/Intermediates.noindex/SwiftOGG.build/Debug-iphonesimulator/SwiftOGG.build/Objects-normal/x86_64/SwiftOGG-OutputFileMap.json -use-frontend-parseable-output -save-temps -no-color-diagnostics -explicit-module-build -module-cache-path /Users/aadityasingh/Library/Developer/Xcode/DerivedData/Chatlio-erkyzdeecsohoaggpwbjdvavzqfv/Build/Intermediates.noindex/SwiftExplicitPrecompiledModules -clang-scanner-module-cache-path /Users/aadityasingh/Library/Developer/Xcode/DerivedData/ModuleCache.noindex -sdk-module-cache-path /Users/aadityasingh/Library/Developer/Xcode/DerivedData/ModuleCache.noindex -serialize-diagnostics -emit-dependencies -emit-module -emit-module-path /Users/aadityasingh/Library/Developer/Xcode/DerivedData/Chatlio-erkyzdeecsohoaggpwbjdvavzqfv/Build/Intermediates.noindex/SwiftOGG.build/Debug-iphonesimulator/SwiftOGG.build/Objects-normal/x86_64/SwiftOGG.swiftmodule -validate-clang-modules-once -clang-build-session-file /Users/aadityasingh/Library/Developer/Xcode/DerivedData/ModuleCache.noindex/Session.modulevalidation -Xcc -I/Users/aadityasingh/Library/Developer/Xcode/DerivedData/Chatlio-erkyzdeecsohoaggpwbjdvavzqfv/Build/Intermediates.noindex/SwiftOGG.build/Debug-iphonesimulator/SwiftOGG.build/swift-overrides.hmap -emit-const-values -Xfrontend -const-gather-protocols-file -Xfrontend /Users/aadityasingh/Library/Developer/Xcode/DerivedData/Chatlio-erkyzdeecsohoaggpwbjdvavzqfv/Build/Intermediates.noindex/SwiftOGG.build/Debug-iphonesimulator/SwiftOGG.build/Objects-normal/x86_64/SwiftOGG_const_extract_protocols.json -Xcc -I/Users/aadityasingh/Library/Developer/Xcode/DerivedData/Chatlio-erkyzdeecsohoaggpwbjdvavzqfv/SourcePackages/checkouts/swift-ogg/Sources/SupportingFiles/Dependencies/Copustools/include -Xcc -I/Users/aadityasingh/Library/Developer/Xcode/DerivedData/Chatlio-erkyzdeecsohoaggpwbjdvavzqfv/Build/Products/Debug-iphonesimulator/include -Xcc -I/Users/aadityasingh/Library/Developer/Xcode/DerivedData/Chatlio-erkyzdeecsohoaggpwbjdvavzqfv/Build/Intermediates.noindex/SwiftOGG.build/Debug-iphonesimulator/SwiftOGG.build/DerivedSources-normal/x86_64 -Xcc -I/Users/aadityasingh/Library/Developer/Xcode/DerivedData/Chatlio-erkyzdeecsohoaggpwbjdvavzqfv/Build/Intermediates.noindex/SwiftOGG.build/Debug-iphonesimulator/SwiftOGG.build/DerivedSources/x86_64 -Xcc -I/Users/aadityasingh/Library/Developer/Xcode/DerivedData/Chatlio-erkyzdeecsohoaggpwbjdvavzqfv/Build/Intermediates.noindex/SwiftOGG.build/Debug-iphonesimulator/SwiftOGG.build/DerivedSources -Xcc -DSWIFT_PACKAGE -Xcc -DDEBUG\=1 -emit-objc-header -emit-objc-header-path /Users/aadityasingh/Library/Developer/Xcode/DerivedData/Chatlio-erkyzdeecsohoaggpwbjdvavzqfv/Build/Intermediates.noindex/SwiftOGG.build/Debug-iphonesimulator/SwiftOGG.build/Objects-normal/x86_64/SwiftOGG-Swift.h -working-directory /Users/aadityasingh/Documents/Development/element-x-ios/Chatlio.xcodeproj -experimental-emit-module-separately -disable-cmo

SwiftExplicitDependencyGeneratePcm x86_64 /Users/aadityasingh/Library/Developer/Xcode/DerivedData/ModuleCache.noindex/CoreMedia-8HYIZPDOKFWB1XVLJYHRF89N8.pcm

Copy /Users/aadityasingh/Library/Developer/Xcode/DerivedData/Chatlio-erkyzdeecsohoaggpwbjdvavzqfv/Build/Products/Debug-iphonesimulator/SwiftOGG.swiftmodule/x86_64-apple-ios-simulator.swiftmodule /Users/aadityasingh/Library/Developer/Xcode/DerivedData/Chatlio-erkyzdeecsohoaggpwbjdvavzqfv/Build/Intermediates.noindex/SwiftOGG.build/Debug-iphonesimulator/SwiftOGG.build/Objects-normal/x86_64/SwiftOGG.swiftmodule (in target 'SwiftOGG' from project 'SwiftOGG')
    cd /Users/aadityasingh/Library/Developer/Xcode/DerivedData/Chatlio-erkyzdeecsohoaggpwbjdvavzqfv/SourcePackages/checkouts/swift-ogg
    builtin-copy -exclude .DS_Store -exclude CVS -exclude .svn -exclude .git -exclude .hg -resolve-src-symlinks -rename /Users/aadityasingh/Library/Developer/Xcode/DerivedData/Chatlio-erkyzdeecsohoaggpwbjdvavzqfv/Build/Intermediates.noindex/SwiftOGG.build/Debug-iphonesimulator/SwiftOGG.build/Objects-normal/x86_64/SwiftOGG.swiftmodule /Users/aadityasingh/Library/Developer/Xcode/DerivedData/Chatlio-erkyzdeecsohoaggpwbjdvavzqfv/Build/Products/Debug-iphonesimulator/SwiftOGG.swiftmodule/x86_64-apple-ios-simulator.swiftmodule

Copy /Users/aadityasingh/Library/Developer/Xcode/DerivedData/Chatlio-erkyzdeecsohoaggpwbjdvavzqfv/Build/Products/Debug-iphonesimulator/SwiftOGG.swiftmodule/x86_64-apple-ios-simulator.swiftdoc /Users/aadityasingh/Library/Developer/Xcode/DerivedData/Chatlio-erkyzdeecsohoaggpwbjdvavzqfv/Build/Intermediates.noindex/SwiftOGG.build/Debug-iphonesimulator/SwiftOGG.build/Objects-normal/x86_64/SwiftOGG.swiftdoc (in target 'SwiftOGG' from project 'SwiftOGG')
    cd /Users/aadityasingh/Library/Developer/Xcode/DerivedData/Chatlio-erkyzdeecsohoaggpwbjdvavzqfv/SourcePackages/checkouts/swift-ogg
    builtin-copy -exclude .DS_Store -exclude CVS -exclude .svn -exclude .git -exclude .hg -resolve-src-symlinks -rename /Users/aadityasingh/Library/Developer/Xcode/DerivedData/Chatlio-erkyzdeecsohoaggpwbjdvavzqfv/Build/Intermediates.noindex/SwiftOGG.build/Debug-iphonesimulator/SwiftOGG.build/Objects-normal/x86_64/SwiftOGG.swiftdoc /Users/aadityasingh/Library/Developer/Xcode/DerivedData/Chatlio-erkyzdeecsohoaggpwbjdvavzqfv/Build/Products/Debug-iphonesimulator/SwiftOGG.swiftmodule/x86_64-apple-ios-simulator.swiftdoc

Copy /Users/aadityasingh/Library/Developer/Xcode/DerivedData/Chatlio-erkyzdeecsohoaggpwbjdvavzqfv/Build/Products/Debug-iphonesimulator/SwiftOGG.swiftmodule/x86_64-apple-ios-simulator.abi.json /Users/aadityasingh/Library/Developer/Xcode/DerivedData/Chatlio-erkyzdeecsohoaggpwbjdvavzqfv/Build/Intermediates.noindex/SwiftOGG.build/Debug-iphonesimulator/SwiftOGG.build/Objects-normal/x86_64/SwiftOGG.abi.json (in target 'SwiftOGG' from project 'SwiftOGG')
    cd /Users/aadityasingh/Library/Developer/Xcode/DerivedData/Chatlio-erkyzdeecsohoaggpwbjdvavzqfv/SourcePackages/checkouts/swift-ogg
    builtin-copy -exclude .DS_Store -exclude CVS -exclude .svn -exclude .git -exclude .hg -resolve-src-symlinks -rename /Users/aadityasingh/Library/Developer/Xcode/DerivedData/Chatlio-erkyzdeecsohoaggpwbjdvavzqfv/Build/Intermediates.noindex/SwiftOGG.build/Debug-iphonesimulator/SwiftOGG.build/Objects-normal/x86_64/SwiftOGG.abi.json /Users/aadityasingh/Library/Developer/Xcode/DerivedData/Chatlio-erkyzdeecsohoaggpwbjdvavzqfv/Build/Products/Debug-iphonesimulator/SwiftOGG.swiftmodule/x86_64-apple-ios-simulator.abi.json

Copy /Users/aadityasingh/Library/Developer/Xcode/DerivedData/Chatlio-erkyzdeecsohoaggpwbjdvavzqfv/Build/Products/Debug-iphonesimulator/SwiftOGG.swiftmodule/Project/x86_64-apple-ios-simulator.swiftsourceinfo /Users/aadityasingh/Library/Developer/Xcode/DerivedData/Chatlio-erkyzdeecsohoaggpwbjdvavzqfv/Build/Intermediates.noindex/SwiftOGG.build/Debug-iphonesimulator/SwiftOGG.build/Objects-normal/x86_64/SwiftOGG.swiftsourceinfo (in target 'SwiftOGG' from project 'SwiftOGG')
    cd /Users/aadityasingh/Library/Developer/Xcode/DerivedData/Chatlio-erkyzdeecsohoaggpwbjdvavzqfv/SourcePackages/checkouts/swift-ogg
    builtin-copy -exclude .DS_Store -exclude CVS -exclude .svn -exclude .git -exclude .hg -resolve-src-symlinks -rename /Users/aadityasingh/Library/Developer/Xcode/DerivedData/Chatlio-erkyzdeecsohoaggpwbjdvavzqfv/Build/Intermediates.noindex/SwiftOGG.build/Debug-iphonesimulator/SwiftOGG.build/Objects-normal/x86_64/SwiftOGG.swiftsourceinfo /Users/aadityasingh/Library/Developer/Xcode/DerivedData/Chatlio-erkyzdeecsohoaggpwbjdvavzqfv/Build/Products/Debug-iphonesimulator/SwiftOGG.swiftmodule/Project/x86_64-apple-ios-simulator.swiftsourceinfo

SwiftExplicitDependencyGeneratePcm x86_64 /Users/aadityasingh/Library/Developer/Xcode/DerivedData/ModuleCache.noindex/QuartzCore-E47PWRSOOM9O25NZ4X2OJE3WD.pcm

SwiftExplicitDependencyGeneratePcm arm64 /Users/aadityasingh/Library/Developer/Xcode/DerivedData/Chatlio-erkyzdeecsohoaggpwbjdvavzqfv/Build/Intermediates.noindex/SwiftExplicitPrecompiledModules/SentryInternal-D7BI7J2KASSCRPFHT2SO65UP5.pcm

SwiftExplicitDependencyGeneratePcm x86_64 /Users/aadityasingh/Library/Developer/Xcode/DerivedData/ModuleCache.noindex/AVRouting-AED3S9IS7ICQUD00JB39EVPZX.pcm

SwiftExplicitDependencyGeneratePcm x86_64 /Users/aadityasingh/Library/Developer/Xcode/DerivedData/Chatlio-erkyzdeecsohoaggpwbjdvavzqfv/Build/Intermediates.noindex/SwiftExplicitPrecompiledModules/SentryInternal-6B9AYRKQPG2TVIP5TYWQFJTFS.pcm

SwiftExplicitDependencyGeneratePcm arm64 /Users/aadityasingh/Library/Developer/Xcode/DerivedData/ModuleCache.noindex/CarPlay-92Y3R065CSZNIS580A7823W22.pcm

SwiftExplicitDependencyGeneratePcm arm64 /Users/aadityasingh/Library/Developer/Xcode/DerivedData/ModuleCache.noindex/PDFKit-6VODKBYPCX8OSCK5AYQ9DNVTY.pcm

SwiftExplicitDependencyGeneratePcm x86_64 /Users/aadityasingh/Library/Developer/Xcode/DerivedData/ModuleCache.noindex/AVKit-BNLG8955LYOLWXA7J9JLGOSZT.pcm

SwiftExplicitDependencyGeneratePcm x86_64 /Users/aadityasingh/Library/Developer/Xcode/DerivedData/ModuleCache.noindex/Accessibility-6JBJ2W05QAHL8INDBIXYV4VU9.pcm

SwiftExplicitDependencyGeneratePcm x86_64 /Users/aadityasingh/Library/Developer/Xcode/DerivedData/ModuleCache.noindex/SwiftUICore-1ZVI6CWK6J0SO1LMH344U3X7G.pcm

SwiftExplicitDependencyGeneratePcm x86_64 /Users/aadityasingh/Library/Developer/Xcode/DerivedData/ModuleCache.noindex/AVFAudio-89B92YQ9HRD11HBKA2RMK2NUM.pcm

SwiftExplicitDependencyGeneratePcm x86_64 /Users/aadityasingh/Library/Developer/Xcode/DerivedData/ModuleCache.noindex/MediaToolbox-94DTUSSC8VEIYMBDBBRZFQYZT.pcm

SwiftExplicitDependencyGeneratePcm arm64 /Users/aadityasingh/Library/Developer/Xcode/DerivedData/ModuleCache.noindex/AVFoundation-D5H68ZSKAD8MWP3MZRNLINY11.pcm

SwiftExplicitDependencyGeneratePcm arm64 /Users/aadityasingh/Library/Developer/Xcode/DerivedData/ModuleCache.noindex/CoreTransferable-AMZUFZ770CPWEG0O9O5BY15DD.pcm

SwiftExplicitDependencyGeneratePcm x86_64 /Users/aadityasingh/Library/Developer/Xcode/DerivedData/ModuleCache.noindex/CoreImage-2FMLNGDOPOKWJZEYPEBDGP3O0.pcm

SwiftEmitModule normal x86_64 Emitting\ module\ for\ Kingfisher (in target 'Kingfisher' from project 'Kingfisher')

EmitSwiftModule normal x86_64 (in target 'Kingfisher' from project 'Kingfisher')
    cd /Users/aadityasingh/Documents/Development/element-x-ios/Chatlio.xcodeproj
    

SwiftExplicitDependencyGeneratePcm arm64 /Users/aadityasingh/Library/Developer/Xcode/DerivedData/ModuleCache.noindex/OpenGLES-9PJT0W5LF03Q883UL8FOGZFVJ.pcm

SwiftCompile normal arm64 Compiling\ Version+Codable.swift /Users/aadityasingh/Library/Developer/Xcode/DerivedData/Chatlio-erkyzdeecsohoaggpwbjdvavzqfv/SourcePackages/checkouts/Version/Sources/Version+Codable.swift (in target 'Version' from project 'Version')

SwiftCompile normal arm64 /Users/aadityasingh/Library/Developer/Xcode/DerivedData/Chatlio-erkyzdeecsohoaggpwbjdvavzqfv/SourcePackages/checkouts/Version/Sources/Version+Codable.swift (in target 'Version' from project 'Version')
    cd /Users/aadityasingh/Documents/Development/element-x-ios/Chatlio.xcodeproj
    

SwiftExplicitDependencyGeneratePcm x86_64 /Users/aadityasingh/Library/Developer/Xcode/DerivedData/ModuleCache.noindex/AVFoundation-6R2GFS7OL8DC1LWYMIGFKVDQQ.pcm

SwiftCompile normal arm64 Compiling\ Version.swift /Users/aadityasingh/Library/Developer/Xcode/DerivedData/Chatlio-erkyzdeecsohoaggpwbjdvavzqfv/SourcePackages/checkouts/Version/Sources/Version.swift (in target 'Version' from project 'Version')

SwiftCompile normal arm64 /Users/aadityasingh/Library/Developer/Xcode/DerivedData/Chatlio-erkyzdeecsohoaggpwbjdvavzqfv/SourcePackages/checkouts/Version/Sources/Version.swift (in target 'Version' from project 'Version')
    cd /Users/aadityasingh/Documents/Development/element-x-ios/Chatlio.xcodeproj
    

SwiftExplicitDependencyGeneratePcm x86_64 /Users/aadityasingh/Library/Developer/Xcode/DerivedData/ModuleCache.noindex/UIKit-8X74G9O5JB52QHTZ0YX0YJLKE.pcm

SwiftExplicitDependencyGeneratePcm arm64 /Users/aadityasingh/Library/Developer/Xcode/DerivedData/ModuleCache.noindex/CoreVideo-1XYRI9XBHIU66YC7TGGL4WEAM.pcm

SwiftDriverJobDiscovery normal arm64 Compiling Version+Codable.swift (in target 'Version' from project 'Version')

SwiftCompile normal arm64 Compiling\ Version+Comparable.swift /Users/aadityasingh/Library/Developer/Xcode/DerivedData/Chatlio-erkyzdeecsohoaggpwbjdvavzqfv/SourcePackages/checkouts/Version/Sources/Version+Comparable.swift (in target 'Version' from project 'Version')

SwiftCompile normal arm64 /Users/aadityasingh/Library/Developer/Xcode/DerivedData/Chatlio-erkyzdeecsohoaggpwbjdvavzqfv/SourcePackages/checkouts/Version/Sources/Version+Comparable.swift (in target 'Version' from project 'Version')
    cd /Users/aadityasingh/Documents/Development/element-x-ios/Chatlio.xcodeproj
    

SwiftExplicitDependencyGeneratePcm arm64 /Users/aadityasingh/Library/Developer/Xcode/DerivedData/ModuleCache.noindex/CoreMedia-8OA47Z3C26S14ZJGH8MJIHM5T.pcm

SwiftDriverJobDiscovery normal arm64 Compiling Version.swift (in target 'Version' from project 'Version')

SwiftExplicitDependencyGeneratePcm arm64 /Users/aadityasingh/Library/Developer/Xcode/DerivedData/ModuleCache.noindex/QuartzCore-26UA8B8WFWXNX0DQUGFD0STEG.pcm

SwiftEmitModule normal x86_64 Emitting\ module\ for\ SentrySwiftUI (in target 'SentrySwiftUI' from project 'Sentry')

EmitSwiftModule normal x86_64 (in target 'SentrySwiftUI' from project 'Sentry')
    cd /Users/aadityasingh/Documents/Development/element-x-ios/Chatlio.xcodeproj
    

SwiftEmitModule normal arm64 Emitting\ module\ for\ SwiftOGG (in target 'SwiftOGG' from project 'SwiftOGG')

EmitSwiftModule normal arm64 (in target 'SwiftOGG' from project 'SwiftOGG')
    cd /Users/aadityasingh/Documents/Development/element-x-ios/Chatlio.xcodeproj
    

SwiftDriverJobDiscovery normal x86_64 Emitting module for PostHog (in target 'PostHog' from project 'PostHog')

SwiftDriver\ Compilation\ Requirements PostHog normal x86_64 com.apple.xcode.tools.swift.compiler (in target 'PostHog' from project 'PostHog')
    cd /Users/aadityasingh/Documents/Development/element-x-ios/Chatlio.xcodeproj
    builtin-Swift-Compilation-Requirements -- /Applications/Xcode.app/Contents/Developer/Toolchains/XcodeDefault.xctoolchain/usr/bin/swiftc -module-name PostHog -Onone @/Users/aadityasingh/Library/Developer/Xcode/DerivedData/Chatlio-erkyzdeecsohoaggpwbjdvavzqfv/Build/Intermediates.noindex/PostHog.build/Debug-iphonesimulator/PostHog.build/Objects-normal/x86_64/PostHog.SwiftFileList -DSWIFT_PACKAGE -DDEBUG -DSWIFT_MODULE_RESOURCE_BUNDLE_AVAILABLE -Xcc -fmodule-map-file\=/Users/aadityasingh/Library/Developer/Xcode/DerivedData/Chatlio-erkyzdeecsohoaggpwbjdvavzqfv/Build/Intermediates.noindex/GeneratedModuleMaps-iphonesimulator/phlibwebp.modulemap -DXcode -plugin-path /Applications/Xcode.app/Contents/Developer/Toolchains/XcodeDefault.xctoolchain/usr/lib/swift/host/plugins/testing -enable-experimental-feature DebugDescriptionMacro -sdk /Applications/Xcode.app/Contents/Developer/Platforms/iPhoneSimulator.platform/Developer/SDKs/iPhoneSimulator26.4.sdk -target x86_64-apple-ios13.0-simulator -g -module-cache-path /Users/aadityasingh/Library/Developer/Xcode/DerivedData/ModuleCache.noindex -Xfrontend -serialize-debugging-options -profile-coverage-mapping -profile-generate -enable-testing -suppress-warnings -index-store-path /Users/aadityasingh/Library/Developer/Xcode/DerivedData/Chatlio-erkyzdeecsohoaggpwbjdvavzqfv/Index.noindex/DataStore -Xcc -D_LIBCPP_HARDENING_MODE\=_LIBCPP_HARDENING_MODE_DEBUG -swift-version 5 -I /Users/aadityasingh/Library/Developer/Xcode/DerivedData/Chatlio-erkyzdeecsohoaggpwbjdvavzqfv/Build/Products/Debug-iphonesimulator -Isystem /Applications/Xcode.app/Contents/Developer/Platforms/iPhoneSimulator.platform/Developer/usr/lib -F /Users/aadityasingh/Library/Developer/Xcode/DerivedData/Chatlio-erkyzdeecsohoaggpwbjdvavzqfv/Build/Products/Debug-iphonesimulator/PackageFrameworks -F /Users/aadityasingh/Library/Developer/Xcode/DerivedData/Chatlio-erkyzdeecsohoaggpwbjdvavzqfv/Build/Products/Debug-iphonesimulator -F /Applications/Xcode.app/Contents/Developer/Platforms/iPhoneSimulator.platform/Developer/Library/Frameworks -F /Applications/Xcode.app/Contents/Developer/Platforms/iPhoneSimulator.platform/Developer/SDKs/iPhoneSimulator26.4.sdk/Developer/Library/Frameworks -c -j12 -enable-batch-mode -incremental -Xcc -ivfsstatcache -Xcc /Users/aadityasingh/Library/Developer/Xcode/DerivedData/SDKStatCaches.noindex/iphonesimulator26.4-23E252-686eebb5dc1d8ecb277353a59184f4aa.sdkstatcache -output-file-map /Users/aadityasingh/Library/Developer/Xcode/DerivedData/Chatlio-erkyzdeecsohoaggpwbjdvavzqfv/Build/Intermediates.noindex/PostHog.build/Debug-iphonesimulator/PostHog.build/Objects-normal/x86_64/PostHog-OutputFileMap.json -use-frontend-parseable-output -save-temps -no-color-diagnostics -explicit-module-build -module-cache-path /Users/aadityasingh/Library/Developer/Xcode/DerivedData/Chatlio-erkyzdeecsohoaggpwbjdvavzqfv/Build/Intermediates.noindex/SwiftExplicitPrecompiledModules -clang-scanner-module-cache-path /Users/aadityasingh/Library/Developer/Xcode/DerivedData/ModuleCache.noindex -sdk-module-cache-path /Users/aadityasingh/Library/Developer/Xcode/DerivedData/ModuleCache.noindex -serialize-diagnostics -emit-dependencies -emit-module -emit-module-path /Users/aadityasingh/Library/Developer/Xcode/DerivedData/Chatlio-erkyzdeecsohoaggpwbjdvavzqfv/Build/Intermediates.noindex/PostHog.build/Debug-iphonesimulator/PostHog.build/Objects-normal/x86_64/PostHog.swiftmodule -validate-clang-modules-once -clang-build-session-file /Users/aadityasingh/Library/Developer/Xcode/DerivedData/ModuleCache.noindex/Session.modulevalidation -Xcc -I/Users/aadityasingh/Library/Developer/Xcode/DerivedData/Chatlio-erkyzdeecsohoaggpwbjdvavzqfv/Build/Intermediates.noindex/PostHog.build/Debug-iphonesimulator/PostHog.build/swift-overrides.hmap -emit-const-values -Xfrontend -const-gather-protocols-file -Xfrontend /Users/aadityasingh/Library/Developer/Xcode/DerivedData/Chatlio-erkyzdeecsohoaggpwbjdvavzqfv/Build/Intermediates.noindex/PostHog.build/Debug-iphonesimulator/PostHog.build/Objects-normal/x86_64/PostHog_const_extract_protocols.json -Xcc -I/Users/aadityasingh/Library/Developer/Xcode/DerivedData/Chatlio-erkyzdeecsohoaggpwbjdvavzqfv/SourcePackages/checkouts/posthog-ios/vendor/libwebp -Xcc -I/Users/aadityasingh/Library/Developer/Xcode/DerivedData/Chatlio-erkyzdeecsohoaggpwbjdvavzqfv/Build/Products/Debug-iphonesimulator/include -Xcc -I/Users/aadityasingh/Library/Developer/Xcode/DerivedData/Chatlio-erkyzdeecsohoaggpwbjdvavzqfv/Build/Intermediates.noindex/PostHog.build/Debug-iphonesimulator/PostHog.build/DerivedSources-normal/x86_64 -Xcc -I/Users/aadityasingh/Library/Developer/Xcode/DerivedData/Chatlio-erkyzdeecsohoaggpwbjdvavzqfv/Build/Intermediates.noindex/PostHog.build/Debug-iphonesimulator/PostHog.build/DerivedSources/x86_64 -Xcc -I/Users/aadityasingh/Library/Developer/Xcode/DerivedData/Chatlio-erkyzdeecsohoaggpwbjdvavzqfv/Build/Intermediates.noindex/PostHog.build/Debug-iphonesimulator/PostHog.build/DerivedSources -Xcc -DSWIFT_PACKAGE -Xcc -DDEBUG\=1 -emit-objc-header -emit-objc-header-path /Users/aadityasingh/Library/Developer/Xcode/DerivedData/Chatlio-erkyzdeecsohoaggpwbjdvavzqfv/Build/Intermediates.noindex/PostHog.build/Debug-iphonesimulator/PostHog.build/Objects-normal/x86_64/PostHog-Swift.h -working-directory /Users/aadityasingh/Documents/Development/element-x-ios/Chatlio.xcodeproj -experimental-emit-module-separately -disable-cmo

SwiftDriverJobDiscovery normal arm64 Compiling Version+Comparable.swift (in target 'Version' from project 'Version')

SwiftExplicitDependencyGeneratePcm arm64 /Users/aadityasingh/Library/Developer/Xcode/DerivedData/ModuleCache.noindex/AVKit-1R4DL1V0E8HCMMVQRGV2F6KI6.pcm

Copy /Users/aadityasingh/Library/Developer/Xcode/DerivedData/Chatlio-erkyzdeecsohoaggpwbjdvavzqfv/Build/Products/Debug-iphonesimulator/PostHog.swiftmodule/x86_64-apple-ios-simulator.swiftmodule /Users/aadityasingh/Library/Developer/Xcode/DerivedData/Chatlio-erkyzdeecsohoaggpwbjdvavzqfv/Build/Intermediates.noindex/PostHog.build/Debug-iphonesimulator/PostHog.build/Objects-normal/x86_64/PostHog.swiftmodule (in target 'PostHog' from project 'PostHog')
    cd /Users/aadityasingh/Library/Developer/Xcode/DerivedData/Chatlio-erkyzdeecsohoaggpwbjdvavzqfv/SourcePackages/checkouts/posthog-ios
    builtin-copy -exclude .DS_Store -exclude CVS -exclude .svn -exclude .git -exclude .hg -resolve-src-symlinks -rename /Users/aadityasingh/Library/Developer/Xcode/DerivedData/Chatlio-erkyzdeecsohoaggpwbjdvavzqfv/Build/Intermediates.noindex/PostHog.build/Debug-iphonesimulator/PostHog.build/Objects-normal/x86_64/PostHog.swiftmodule /Users/aadityasingh/Library/Developer/Xcode/DerivedData/Chatlio-erkyzdeecsohoaggpwbjdvavzqfv/Build/Products/Debug-iphonesimulator/PostHog.swiftmodule/x86_64-apple-ios-simulator.swiftmodule

Copy /Users/aadityasingh/Library/Developer/Xcode/DerivedData/Chatlio-erkyzdeecsohoaggpwbjdvavzqfv/Build/Products/Debug-iphonesimulator/PostHog.swiftmodule/x86_64-apple-ios-simulator.swiftdoc /Users/aadityasingh/Library/Developer/Xcode/DerivedData/Chatlio-erkyzdeecsohoaggpwbjdvavzqfv/Build/Intermediates.noindex/PostHog.build/Debug-iphonesimulator/PostHog.build/Objects-normal/x86_64/PostHog.swiftdoc (in target 'PostHog' from project 'PostHog')
    cd /Users/aadityasingh/Library/Developer/Xcode/DerivedData/Chatlio-erkyzdeecsohoaggpwbjdvavzqfv/SourcePackages/checkouts/posthog-ios
    builtin-copy -exclude .DS_Store -exclude CVS -exclude .svn -exclude .git -exclude .hg -resolve-src-symlinks -rename /Users/aadityasingh/Library/Developer/Xcode/DerivedData/Chatlio-erkyzdeecsohoaggpwbjdvavzqfv/Build/Intermediates.noindex/PostHog.build/Debug-iphonesimulator/PostHog.build/Objects-normal/x86_64/PostHog.swiftdoc /Users/aadityasingh/Library/Developer/Xcode/DerivedData/Chatlio-erkyzdeecsohoaggpwbjdvavzqfv/Build/Products/Debug-iphonesimulator/PostHog.swiftmodule/x86_64-apple-ios-simulator.swiftdoc

Copy /Users/aadityasingh/Library/Developer/Xcode/DerivedData/Chatlio-erkyzdeecsohoaggpwbjdvavzqfv/Build/Products/Debug-iphonesimulator/PostHog.swiftmodule/x86_64-apple-ios-simulator.abi.json /Users/aadityasingh/Library/Developer/Xcode/DerivedData/Chatlio-erkyzdeecsohoaggpwbjdvavzqfv/Build/Intermediates.noindex/PostHog.build/Debug-iphonesimulator/PostHog.build/Objects-normal/x86_64/PostHog.abi.json (in target 'PostHog' from project 'PostHog')
    cd /Users/aadityasingh/Library/Developer/Xcode/DerivedData/Chatlio-erkyzdeecsohoaggpwbjdvavzqfv/SourcePackages/checkouts/posthog-ios
    builtin-copy -exclude .DS_Store -exclude CVS -exclude .svn -exclude .git -exclude .hg -resolve-src-symlinks -rename /Users/aadityasingh/Library/Developer/Xcode/DerivedData/Chatlio-erkyzdeecsohoaggpwbjdvavzqfv/Build/Intermediates.noindex/PostHog.build/Debug-iphonesimulator/PostHog.build/Objects-normal/x86_64/PostHog.abi.json /Users/aadityasingh/Library/Developer/Xcode/DerivedData/Chatlio-erkyzdeecsohoaggpwbjdvavzqfv/Build/Products/Debug-iphonesimulator/PostHog.swiftmodule/x86_64-apple-ios-simulator.abi.json

Copy /Users/aadityasingh/Library/Developer/Xcode/DerivedData/Chatlio-erkyzdeecsohoaggpwbjdvavzqfv/Build/Products/Debug-iphonesimulator/PostHog.swiftmodule/Project/x86_64-apple-ios-simulator.swiftsourceinfo /Users/aadityasingh/Library/Developer/Xcode/DerivedData/Chatlio-erkyzdeecsohoaggpwbjdvavzqfv/Build/Intermediates.noindex/PostHog.build/Debug-iphonesimulator/PostHog.build/Objects-normal/x86_64/PostHog.swiftsourceinfo (in target 'PostHog' from project 'PostHog')
    cd /Users/aadityasingh/Library/Developer/Xcode/DerivedData/Chatlio-erkyzdeecsohoaggpwbjdvavzqfv/SourcePackages/checkouts/posthog-ios
    builtin-copy -exclude .DS_Store -exclude CVS -exclude .svn -exclude .git -exclude .hg -resolve-src-symlinks -rename /Users/aadityasingh/Library/Developer/Xcode/DerivedData/Chatlio-erkyzdeecsohoaggpwbjdvavzqfv/Build/Intermediates.noindex/PostHog.build/Debug-iphonesimulator/PostHog.build/Objects-normal/x86_64/PostHog.swiftsourceinfo /Users/aadityasingh/Library/Developer/Xcode/DerivedData/Chatlio-erkyzdeecsohoaggpwbjdvavzqfv/Build/Products/Debug-iphonesimulator/PostHog.swiftmodule/Project/x86_64-apple-ios-simulator.swiftsourceinfo

SwiftExplicitDependencyGeneratePcm arm64 /Users/aadityasingh/Library/Developer/Xcode/DerivedData/ModuleCache.noindex/SwiftUICore-6IEAZGQ8RA1CD5D1QN73GO4K0.pcm

SwiftExplicitDependencyGeneratePcm arm64 /Users/aadityasingh/Library/Developer/Xcode/DerivedData/ModuleCache.noindex/CoreImage-5CF383RK4Y8HTZYPLK5M3DNK6.pcm

SwiftExplicitDependencyGeneratePcm arm64 /Users/aadityasingh/Library/Developer/Xcode/DerivedData/ModuleCache.noindex/Photos-2C0QC1EE0IN475O2395YKJDX5.pcm

SwiftExplicitDependencyGeneratePcm arm64 /Users/aadityasingh/Library/Developer/Xcode/DerivedData/ModuleCache.noindex/AVFAudio-CSXXX98C8I2G9JYR312VHYDMD.pcm

SwiftExplicitDependencyGeneratePcm arm64 /Users/aadityasingh/Library/Developer/Xcode/DerivedData/ModuleCache.noindex/MediaToolbox-7WBKJ852D0ZP0IESFMZD61J45.pcm

SwiftDriverJobDiscovery normal x86_64 Emitting module for SentrySwiftUI (in target 'SentrySwiftUI' from project 'Sentry')

SwiftDriver\ Compilation\ Requirements SentrySwiftUI normal x86_64 com.apple.xcode.tools.swift.compiler (in target 'SentrySwiftUI' from project 'Sentry')
    cd /Users/aadityasingh/Documents/Development/element-x-ios/Chatlio.xcodeproj
    builtin-Swift-Compilation-Requirements -- /Applications/Xcode.app/Contents/Developer/Toolchains/XcodeDefault.xctoolchain/usr/bin/swiftc -module-name SentrySwiftUI -Onone @/Users/aadityasingh/Library/Developer/Xcode/DerivedData/Chatlio-erkyzdeecsohoaggpwbjdvavzqfv/Build/Intermediates.noindex/Sentry.build/Debug-iphonesimulator/SentrySwiftUI.build/Objects-normal/x86_64/SentrySwiftUI.SwiftFileList -DSWIFT_PACKAGE -DDEBUG -DSWIFT_MODULE_RESOURCE_BUNDLE_UNAVAILABLE -Xcc -fmodule-map-file\=/Users/aadityasingh/Library/Developer/Xcode/DerivedData/Chatlio-erkyzdeecsohoaggpwbjdvavzqfv/Build/Intermediates.noindex/GeneratedModuleMaps-iphonesimulator/SentryInternal.modulemap -DXcode -plugin-path /Applications/Xcode.app/Contents/Developer/Toolchains/XcodeDefault.xctoolchain/usr/lib/swift/host/plugins/testing -enable-experimental-feature DebugDescriptionMacro -sdk /Applications/Xcode.app/Contents/Developer/Platforms/iPhoneSimulator.platform/Developer/SDKs/iPhoneSimulator26.4.sdk -target x86_64-apple-ios15.0-simulator -g -module-cache-path /Users/aadityasingh/Library/Developer/Xcode/DerivedData/ModuleCache.noindex -Xfrontend -serialize-debugging-options -profile-coverage-mapping -profile-generate -enable-testing -suppress-warnings -index-store-path /Users/aadityasingh/Library/Developer/Xcode/DerivedData/Chatlio-erkyzdeecsohoaggpwbjdvavzqfv/Index.noindex/DataStore -Xcc -D_LIBCPP_HARDENING_MODE\=_LIBCPP_HARDENING_MODE_DEBUG -swift-version 5 -I /Users/aadityasingh/Library/Developer/Xcode/DerivedData/Chatlio-erkyzdeecsohoaggpwbjdvavzqfv/Build/Products/Debug-iphonesimulator -Isystem /Applications/Xcode.app/Contents/Developer/Platforms/iPhoneSimulator.platform/Developer/usr/lib -F /Users/aadityasingh/Library/Developer/Xcode/DerivedData/Chatlio-erkyzdeecsohoaggpwbjdvavzqfv/Build/Products/Debug-iphonesimulator/PackageFrameworks -F /Users/aadityasingh/Library/Developer/Xcode/DerivedData/Chatlio-erkyzdeecsohoaggpwbjdvavzqfv/Build/Products/Debug-iphonesimulator -F /Applications/Xcode.app/Contents/Developer/Platforms/iPhoneSimulator.platform/Developer/Library/Frameworks -F /Applications/Xcode.app/Contents/Developer/Platforms/iPhoneSimulator.platform/Developer/SDKs/iPhoneSimulator26.4.sdk/Developer/Library/Frameworks -c -j12 -enable-batch-mode -incremental -Xcc -ivfsstatcache -Xcc /Users/aadityasingh/Library/Developer/Xcode/DerivedData/SDKStatCaches.noindex/iphonesimulator26.4-23E252-686eebb5dc1d8ecb277353a59184f4aa.sdkstatcache -output-file-map /Users/aadityasingh/Library/Developer/Xcode/DerivedData/Chatlio-erkyzdeecsohoaggpwbjdvavzqfv/Build/Intermediates.noindex/Sentry.build/Debug-iphonesimulator/SentrySwiftUI.build/Objects-normal/x86_64/SentrySwiftUI-OutputFileMap.json -use-frontend-parseable-output -save-temps -no-color-diagnostics -explicit-module-build -module-cache-path /Users/aadityasingh/Library/Developer/Xcode/DerivedData/Chatlio-erkyzdeecsohoaggpwbjdvavzqfv/Build/Intermediates.noindex/SwiftExplicitPrecompiledModules -clang-scanner-module-cache-path /Users/aadityasingh/Library/Developer/Xcode/DerivedData/ModuleCache.noindex -sdk-module-cache-path /Users/aadityasingh/Library/Developer/Xcode/DerivedData/ModuleCache.noindex -serialize-diagnostics -emit-dependencies -emit-module -emit-module-path /Users/aadityasingh/Library/Developer/Xcode/DerivedData/Chatlio-erkyzdeecsohoaggpwbjdvavzqfv/Build/Intermediates.noindex/Sentry.build/Debug-iphonesimulator/SentrySwiftUI.build/Objects-normal/x86_64/SentrySwiftUI.swiftmodule -user-module-version 9.2.0 -validate-clang-modules-once -clang-build-session-file /Users/aadityasingh/Library/Developer/Xcode/DerivedData/ModuleCache.noindex/Session.modulevalidation -package-name sentry_cocoa -Xcc -I/Users/aadityasingh/Library/Developer/Xcode/DerivedData/Chatlio-erkyzdeecsohoaggpwbjdvavzqfv/Build/Intermediates.noindex/Sentry.build/Debug-iphonesimulator/SentrySwiftUI.build/swift-overrides.hmap -emit-const-values -Xfrontend -const-gather-protocols-file -Xfrontend /Users/aadityasingh/Library/Developer/Xcode/DerivedData/Chatlio-erkyzdeecsohoaggpwbjdvavzqfv/Build/Intermediates.noindex/Sentry.build/Debug-iphonesimulator/SentrySwiftUI.build/Objects-normal/x86_64/SentrySwiftUI_const_extract_protocols.json -Xcc -I/Users/aadityasingh/Library/Developer/Xcode/DerivedData/Chatlio-erkyzdeecsohoaggpwbjdvavzqfv/SourcePackages/checkouts/sentry-cocoa/Sources/SentrySwiftUI/SentryInternal -Xcc -I/Users/aadityasingh/Library/Developer/Xcode/DerivedData/Chatlio-erkyzdeecsohoaggpwbjdvavzqfv/Build/Products/Debug-iphonesimulator/include -Xcc -I/Users/aadityasingh/Library/Developer/Xcode/DerivedData/Chatlio-erkyzdeecsohoaggpwbjdvavzqfv/Build/Intermediates.noindex/Sentry.build/Debug-iphonesimulator/SentrySwiftUI.build/DerivedSources-normal/x86_64 -Xcc -I/Users/aadityasingh/Library/Developer/Xcode/DerivedData/Chatlio-erkyzdeecsohoaggpwbjdvavzqfv/Build/Intermediates.noindex/Sentry.build/Debug-iphonesimulator/SentrySwiftUI.build/DerivedSources/x86_64 -Xcc -I/Users/aadityasingh/Library/Developer/Xcode/DerivedData/Chatlio-erkyzdeecsohoaggpwbjdvavzqfv/Build/Intermediates.noindex/Sentry.build/Debug-iphonesimulator/SentrySwiftUI.build/DerivedSources -Xcc -DSWIFT_PACKAGE -Xcc -DDEBUG\=1 -emit-objc-header -emit-objc-header-path /Users/aadityasingh/Library/Developer/Xcode/DerivedData/Chatlio-erkyzdeecsohoaggpwbjdvavzqfv/Build/Intermediates.noindex/Sentry.build/Debug-iphonesimulator/SentrySwiftUI.build/Objects-normal/x86_64/SentrySwiftUI-Swift.h -working-directory /Users/aadityasingh/Documents/Development/element-x-ios/Chatlio.xcodeproj -experimental-emit-module-separately -disable-cmo

SwiftExplicitDependencyCompileModuleFromInterface arm64 /Users/aadityasingh/Library/Developer/Xcode/DerivedData/Chatlio-erkyzdeecsohoaggpwbjdvavzqfv/Build/Intermediates.noindex/SwiftExplicitPrecompiledModules/Sentry-1LQ8285FBOQF0.swiftmodule

Copy /Users/aadityasingh/Library/Developer/Xcode/DerivedData/Chatlio-erkyzdeecsohoaggpwbjdvavzqfv/Build/Products/Debug-iphonesimulator/SentrySwiftUI.swiftmodule/x86_64-apple-ios-simulator.swiftmodule /Users/aadityasingh/Library/Developer/Xcode/DerivedData/Chatlio-erkyzdeecsohoaggpwbjdvavzqfv/Build/Intermediates.noindex/Sentry.build/Debug-iphonesimulator/SentrySwiftUI.build/Objects-normal/x86_64/SentrySwiftUI.swiftmodule (in target 'SentrySwiftUI' from project 'Sentry')
    cd /Users/aadityasingh/Library/Developer/Xcode/DerivedData/Chatlio-erkyzdeecsohoaggpwbjdvavzqfv/SourcePackages/checkouts/sentry-cocoa
    builtin-copy -exclude .DS_Store -exclude CVS -exclude .svn -exclude .git -exclude .hg -resolve-src-symlinks -rename /Users/aadityasingh/Library/Developer/Xcode/DerivedData/Chatlio-erkyzdeecsohoaggpwbjdvavzqfv/Build/Intermediates.noindex/Sentry.build/Debug-iphonesimulator/SentrySwiftUI.build/Objects-normal/x86_64/SentrySwiftUI.swiftmodule /Users/aadityasingh/Library/Developer/Xcode/DerivedData/Chatlio-erkyzdeecsohoaggpwbjdvavzqfv/Build/Products/Debug-iphonesimulator/SentrySwiftUI.swiftmodule/x86_64-apple-ios-simulator.swiftmodule

Copy /Users/aadityasingh/Library/Developer/Xcode/DerivedData/Chatlio-erkyzdeecsohoaggpwbjdvavzqfv/Build/Products/Debug-iphonesimulator/SentrySwiftUI.swiftmodule/x86_64-apple-ios-simulator.swiftdoc /Users/aadityasingh/Library/Developer/Xcode/DerivedData/Chatlio-erkyzdeecsohoaggpwbjdvavzqfv/Build/Intermediates.noindex/Sentry.build/Debug-iphonesimulator/SentrySwiftUI.build/Objects-normal/x86_64/SentrySwiftUI.swiftdoc (in target 'SentrySwiftUI' from project 'Sentry')
    cd /Users/aadityasingh/Library/Developer/Xcode/DerivedData/Chatlio-erkyzdeecsohoaggpwbjdvavzqfv/SourcePackages/checkouts/sentry-cocoa
    builtin-copy -exclude .DS_Store -exclude CVS -exclude .svn -exclude .git -exclude .hg -resolve-src-symlinks -rename /Users/aadityasingh/Library/Developer/Xcode/DerivedData/Chatlio-erkyzdeecsohoaggpwbjdvavzqfv/Build/Intermediates.noindex/Sentry.build/Debug-iphonesimulator/SentrySwiftUI.build/Objects-normal/x86_64/SentrySwiftUI.swiftdoc /Users/aadityasingh/Library/Developer/Xcode/DerivedData/Chatlio-erkyzdeecsohoaggpwbjdvavzqfv/Build/Products/Debug-iphonesimulator/SentrySwiftUI.swiftmodule/x86_64-apple-ios-simulator.swiftdoc

Copy /Users/aadityasingh/Library/Developer/Xcode/DerivedData/Chatlio-erkyzdeecsohoaggpwbjdvavzqfv/Build/Products/Debug-iphonesimulator/SentrySwiftUI.swiftmodule/x86_64-apple-ios-simulator.abi.json /Users/aadityasingh/Library/Developer/Xcode/DerivedData/Chatlio-erkyzdeecsohoaggpwbjdvavzqfv/Build/Intermediates.noindex/Sentry.build/Debug-iphonesimulator/SentrySwiftUI.build/Objects-normal/x86_64/SentrySwiftUI.abi.json (in target 'SentrySwiftUI' from project 'Sentry')
    cd /Users/aadityasingh/Library/Developer/Xcode/DerivedData/Chatlio-erkyzdeecsohoaggpwbjdvavzqfv/SourcePackages/checkouts/sentry-cocoa
    builtin-copy -exclude .DS_Store -exclude CVS -exclude .svn -exclude .git -exclude .hg -resolve-src-symlinks -rename /Users/aadityasingh/Library/Developer/Xcode/DerivedData/Chatlio-erkyzdeecsohoaggpwbjdvavzqfv/Build/Intermediates.noindex/Sentry.build/Debug-iphonesimulator/SentrySwiftUI.build/Objects-normal/x86_64/SentrySwiftUI.abi.json /Users/aadityasingh/Library/Developer/Xcode/DerivedData/Chatlio-erkyzdeecsohoaggpwbjdvavzqfv/Build/Products/Debug-iphonesimulator/SentrySwiftUI.swiftmodule/x86_64-apple-ios-simulator.abi.json

Copy /Users/aadityasingh/Library/Developer/Xcode/DerivedData/Chatlio-erkyzdeecsohoaggpwbjdvavzqfv/Build/Products/Debug-iphonesimulator/SentrySwiftUI.swiftmodule/Project/x86_64-apple-ios-simulator.swiftsourceinfo /Users/aadityasingh/Library/Developer/Xcode/DerivedData/Chatlio-erkyzdeecsohoaggpwbjdvavzqfv/Build/Intermediates.noindex/Sentry.build/Debug-iphonesimulator/SentrySwiftUI.build/Objects-normal/x86_64/SentrySwiftUI.swiftsourceinfo (in target 'SentrySwiftUI' from project 'Sentry')
    cd /Users/aadityasingh/Library/Developer/Xcode/DerivedData/Chatlio-erkyzdeecsohoaggpwbjdvavzqfv/SourcePackages/checkouts/sentry-cocoa
    builtin-copy -exclude .DS_Store -exclude CVS -exclude .svn -exclude .git -exclude .hg -resolve-src-symlinks -rename /Users/aadityasingh/Library/Developer/Xcode/DerivedData/Chatlio-erkyzdeecsohoaggpwbjdvavzqfv/Build/Intermediates.noindex/Sentry.build/Debug-iphonesimulator/SentrySwiftUI.build/Objects-normal/x86_64/SentrySwiftUI.swiftsourceinfo /Users/aadityasingh/Library/Developer/Xcode/DerivedData/Chatlio-erkyzdeecsohoaggpwbjdvavzqfv/Build/Products/Debug-iphonesimulator/SentrySwiftUI.swiftmodule/Project/x86_64-apple-ios-simulator.swiftsourceinfo

SwiftExplicitDependencyGeneratePcm arm64 /Users/aadityasingh/Library/Developer/Xcode/DerivedData/ModuleCache.noindex/UIKit-1JTR64P2FG58B72W3LKTFU0DV.pcm

SwiftExplicitDependencyGeneratePcm arm64 /Users/aadityasingh/Library/Developer/Xcode/DerivedData/ModuleCache.noindex/PhotosUI-DZT4Q7T30UPJKEVHK3QHD2GSJ.pcm

SwiftCompile normal arm64 Compiling\ Version+Range.swift /Users/aadityasingh/Library/Developer/Xcode/DerivedData/Chatlio-erkyzdeecsohoaggpwbjdvavzqfv/SourcePackages/checkouts/Version/Sources/Version+Range.swift (in target 'Version' from project 'Version')

SwiftCompile normal arm64 /Users/aadityasingh/Library/Developer/Xcode/DerivedData/Chatlio-erkyzdeecsohoaggpwbjdvavzqfv/SourcePackages/checkouts/Version/Sources/Version+Range.swift (in target 'Version' from project 'Version')
    cd /Users/aadityasingh/Documents/Development/element-x-ios/Chatlio.xcodeproj
    

SwiftCompile normal arm64 Compiling\ Version+Foundation.swift /Users/aadityasingh/Library/Developer/Xcode/DerivedData/Chatlio-erkyzdeecsohoaggpwbjdvavzqfv/SourcePackages/checkouts/Version/Sources/Version+Foundation.swift (in target 'Version' from project 'Version')

SwiftCompile normal arm64 /Users/aadityasingh/Library/Developer/Xcode/DerivedData/Chatlio-erkyzdeecsohoaggpwbjdvavzqfv/SourcePackages/checkouts/Version/Sources/Version+Foundation.swift (in target 'Version' from project 'Version')
    cd /Users/aadityasingh/Documents/Development/element-x-ios/Chatlio.xcodeproj
    

SwiftDriverJobDiscovery normal arm64 Emitting module for SwiftOGG (in target 'SwiftOGG' from project 'SwiftOGG')

SwiftDriver\ Compilation\ Requirements SwiftOGG normal arm64 com.apple.xcode.tools.swift.compiler (in target 'SwiftOGG' from project 'SwiftOGG')
    cd /Users/aadityasingh/Documents/Development/element-x-ios/Chatlio.xcodeproj
    builtin-Swift-Compilation-Requirements -- /Applications/Xcode.app/Contents/Developer/Toolchains/XcodeDefault.xctoolchain/usr/bin/swiftc -module-name SwiftOGG -Onone @/Users/aadityasingh/Library/Developer/Xcode/DerivedData/Chatlio-erkyzdeecsohoaggpwbjdvavzqfv/Build/Intermediates.noindex/SwiftOGG.build/Debug-iphonesimulator/SwiftOGG.build/Objects-normal/arm64/SwiftOGG.SwiftFileList -DSWIFT_PACKAGE -DDEBUG -DSWIFT_MODULE_RESOURCE_BUNDLE_UNAVAILABLE -DXcode -plugin-path /Applications/Xcode.app/Contents/Developer/Toolchains/XcodeDefault.xctoolchain/usr/lib/swift/host/plugins/testing -enable-experimental-feature DebugDescriptionMacro -sdk /Applications/Xcode.app/Contents/Developer/Platforms/iPhoneSimulator.platform/Developer/SDKs/iPhoneSimulator26.4.sdk -target arm64-apple-ios12.0-simulator -g -module-cache-path /Users/aadityasingh/Library/Developer/Xcode/DerivedData/ModuleCache.noindex -Xfrontend -serialize-debugging-options -profile-coverage-mapping -profile-generate -enable-testing -suppress-warnings -index-store-path /Users/aadityasingh/Library/Developer/Xcode/DerivedData/Chatlio-erkyzdeecsohoaggpwbjdvavzqfv/Index.noindex/DataStore -Xcc -D_LIBCPP_HARDENING_MODE\=_LIBCPP_HARDENING_MODE_DEBUG -swift-version 5 -I /Users/aadityasingh/Library/Developer/Xcode/DerivedData/Chatlio-erkyzdeecsohoaggpwbjdvavzqfv/Build/Products/Debug-iphonesimulator -Isystem /Applications/Xcode.app/Contents/Developer/Platforms/iPhoneSimulator.platform/Developer/usr/lib -F /Users/aadityasingh/Library/Developer/Xcode/DerivedData/Chatlio-erkyzdeecsohoaggpwbjdvavzqfv/Build/Products/Debug-iphonesimulator/PackageFrameworks -F /Users/aadityasingh/Library/Developer/Xcode/DerivedData/Chatlio-erkyzdeecsohoaggpwbjdvavzqfv/Build/Products/Debug-iphonesimulator -F /Applications/Xcode.app/Contents/Developer/Platforms/iPhoneSimulator.platform/Developer/Library/Frameworks -F /Applications/Xcode.app/Contents/Developer/Platforms/iPhoneSimulator.platform/Developer/SDKs/iPhoneSimulator26.4.sdk/Developer/Library/Frameworks -c -j12 -enable-batch-mode -incremental -Xcc -ivfsstatcache -Xcc /Users/aadityasingh/Library/Developer/Xcode/DerivedData/SDKStatCaches.noindex/iphonesimulator26.4-23E252-686eebb5dc1d8ecb277353a59184f4aa.sdkstatcache -output-file-map /Users/aadityasingh/Library/Developer/Xcode/DerivedData/Chatlio-erkyzdeecsohoaggpwbjdvavzqfv/Build/Intermediates.noindex/SwiftOGG.build/Debug-iphonesimulator/SwiftOGG.build/Objects-normal/arm64/SwiftOGG-OutputFileMap.json -use-frontend-parseable-output -save-temps -no-color-diagnostics -explicit-module-build -module-cache-path /Users/aadityasingh/Library/Developer/Xcode/DerivedData/Chatlio-erkyzdeecsohoaggpwbjdvavzqfv/Build/Intermediates.noindex/SwiftExplicitPrecompiledModules -clang-scanner-module-cache-path /Users/aadityasingh/Library/Developer/Xcode/DerivedData/ModuleCache.noindex -sdk-module-cache-path /Users/aadityasingh/Library/Developer/Xcode/DerivedData/ModuleCache.noindex -serialize-diagnostics -emit-dependencies -emit-module -emit-module-path /Users/aadityasingh/Library/Developer/Xcode/DerivedData/Chatlio-erkyzdeecsohoaggpwbjdvavzqfv/Build/Intermediates.noindex/SwiftOGG.build/Debug-iphonesimulator/SwiftOGG.build/Objects-normal/arm64/SwiftOGG.swiftmodule -validate-clang-modules-once -clang-build-session-file /Users/aadityasingh/Library/Developer/Xcode/DerivedData/ModuleCache.noindex/Session.modulevalidation -Xcc -I/Users/aadityasingh/Library/Developer/Xcode/DerivedData/Chatlio-erkyzdeecsohoaggpwbjdvavzqfv/Build/Intermediates.noindex/SwiftOGG.build/Debug-iphonesimulator/SwiftOGG.build/swift-overrides.hmap -emit-const-values -Xfrontend -const-gather-protocols-file -Xfrontend /Users/aadityasingh/Library/Developer/Xcode/DerivedData/Chatlio-erkyzdeecsohoaggpwbjdvavzqfv/Build/Intermediates.noindex/SwiftOGG.build/Debug-iphonesimulator/SwiftOGG.build/Objects-normal/arm64/SwiftOGG_const_extract_protocols.json -Xcc -I/Users/aadityasingh/Library/Developer/Xcode/DerivedData/Chatlio-erkyzdeecsohoaggpwbjdvavzqfv/SourcePackages/checkouts/swift-ogg/Sources/SupportingFiles/Dependencies/Copustools/include -Xcc -I/Users/aadityasingh/Library/Developer/Xcode/DerivedData/Chatlio-erkyzdeecsohoaggpwbjdvavzqfv/Build/Products/Debug-iphonesimulator/include -Xcc -I/Users/aadityasingh/Library/Developer/Xcode/DerivedData/Chatlio-erkyzdeecsohoaggpwbjdvavzqfv/Build/Intermediates.noindex/SwiftOGG.build/Debug-iphonesimulator/SwiftOGG.build/DerivedSources-normal/arm64 -Xcc -I/Users/aadityasingh/Library/Developer/Xcode/DerivedData/Chatlio-erkyzdeecsohoaggpwbjdvavzqfv/Build/Intermediates.noindex/SwiftOGG.build/Debug-iphonesimulator/SwiftOGG.build/DerivedSources/arm64 -Xcc -I/Users/aadityasingh/Library/Developer/Xcode/DerivedData/Chatlio-erkyzdeecsohoaggpwbjdvavzqfv/Build/Intermediates.noindex/SwiftOGG.build/Debug-iphonesimulator/SwiftOGG.build/DerivedSources -Xcc -DSWIFT_PACKAGE -Xcc -DDEBUG\=1 -emit-objc-header -emit-objc-header-path /Users/aadityasingh/Library/Developer/Xcode/DerivedData/Chatlio-erkyzdeecsohoaggpwbjdvavzqfv/Build/Intermediates.noindex/SwiftOGG.build/Debug-iphonesimulator/SwiftOGG.build/Objects-normal/arm64/SwiftOGG-Swift.h -working-directory /Users/aadityasingh/Documents/Development/element-x-ios/Chatlio.xcodeproj -experimental-emit-module-separately -disable-cmo

SwiftExplicitDependencyGeneratePcm arm64 /Users/aadityasingh/Library/Developer/Xcode/DerivedData/ModuleCache.noindex/AVFoundation-9PD1M5O7Q8M6NV69BENLJHT4F.pcm

SwiftMergeGeneratedHeaders /Users/aadityasingh/Library/Developer/Xcode/DerivedData/Chatlio-erkyzdeecsohoaggpwbjdvavzqfv/Build/Intermediates.noindex/GeneratedModuleMaps-iphonesimulator/SwiftOGG-Swift.h /Users/aadityasingh/Library/Developer/Xcode/DerivedData/Chatlio-erkyzdeecsohoaggpwbjdvavzqfv/Build/Intermediates.noindex/SwiftOGG.build/Debug-iphonesimulator/SwiftOGG.build/Objects-normal/arm64/SwiftOGG-Swift.h /Users/aadityasingh/Library/Developer/Xcode/DerivedData/Chatlio-erkyzdeecsohoaggpwbjdvavzqfv/Build/Intermediates.noindex/SwiftOGG.build/Debug-iphonesimulator/SwiftOGG.build/Objects-normal/x86_64/SwiftOGG-Swift.h (in target 'SwiftOGG' from project 'SwiftOGG')
    cd /Users/aadityasingh/Library/Developer/Xcode/DerivedData/Chatlio-erkyzdeecsohoaggpwbjdvavzqfv/SourcePackages/checkouts/swift-ogg
    builtin-swiftHeaderTool -arch arm64 /Users/aadityasingh/Library/Developer/Xcode/DerivedData/Chatlio-erkyzdeecsohoaggpwbjdvavzqfv/Build/Intermediates.noindex/SwiftOGG.build/Debug-iphonesimulator/SwiftOGG.build/Objects-normal/arm64/SwiftOGG-Swift.h -arch x86_64 /Users/aadityasingh/Library/Developer/Xcode/DerivedData/Chatlio-erkyzdeecsohoaggpwbjdvavzqfv/Build/Intermediates.noindex/SwiftOGG.build/Debug-iphonesimulator/SwiftOGG.build/Objects-normal/x86_64/SwiftOGG-Swift.h -o /Users/aadityasingh/Library/Developer/Xcode/DerivedData/Chatlio-erkyzdeecsohoaggpwbjdvavzqfv/Build/Intermediates.noindex/GeneratedModuleMaps-iphonesimulator/SwiftOGG-Swift.h

SwiftDriverJobDiscovery normal arm64 Compiling Version+Range.swift (in target 'Version' from project 'Version')

Copy /Users/aadityasingh/Library/Developer/Xcode/DerivedData/Chatlio-erkyzdeecsohoaggpwbjdvavzqfv/Build/Products/Debug-iphonesimulator/SwiftOGG.swiftmodule/arm64-apple-ios-simulator.swiftmodule /Users/aadityasingh/Library/Developer/Xcode/DerivedData/Chatlio-erkyzdeecsohoaggpwbjdvavzqfv/Build/Intermediates.noindex/SwiftOGG.build/Debug-iphonesimulator/SwiftOGG.build/Objects-normal/arm64/SwiftOGG.swiftmodule (in target 'SwiftOGG' from project 'SwiftOGG')
    cd /Users/aadityasingh/Library/Developer/Xcode/DerivedData/Chatlio-erkyzdeecsohoaggpwbjdvavzqfv/SourcePackages/checkouts/swift-ogg
    builtin-copy -exclude .DS_Store -exclude CVS -exclude .svn -exclude .git -exclude .hg -resolve-src-symlinks -rename /Users/aadityasingh/Library/Developer/Xcode/DerivedData/Chatlio-erkyzdeecsohoaggpwbjdvavzqfv/Build/Intermediates.noindex/SwiftOGG.build/Debug-iphonesimulator/SwiftOGG.build/Objects-normal/arm64/SwiftOGG.swiftmodule /Users/aadityasingh/Library/Developer/Xcode/DerivedData/Chatlio-erkyzdeecsohoaggpwbjdvavzqfv/Build/Products/Debug-iphonesimulator/SwiftOGG.swiftmodule/arm64-apple-ios-simulator.swiftmodule

Copy /Users/aadityasingh/Library/Developer/Xcode/DerivedData/Chatlio-erkyzdeecsohoaggpwbjdvavzqfv/Build/Products/Debug-iphonesimulator/SwiftOGG.swiftmodule/arm64-apple-ios-simulator.swiftdoc /Users/aadityasingh/Library/Developer/Xcode/DerivedData/Chatlio-erkyzdeecsohoaggpwbjdvavzqfv/Build/Intermediates.noindex/SwiftOGG.build/Debug-iphonesimulator/SwiftOGG.build/Objects-normal/arm64/SwiftOGG.swiftdoc (in target 'SwiftOGG' from project 'SwiftOGG')
    cd /Users/aadityasingh/Library/Developer/Xcode/DerivedData/Chatlio-erkyzdeecsohoaggpwbjdvavzqfv/SourcePackages/checkouts/swift-ogg
    builtin-copy -exclude .DS_Store -exclude CVS -exclude .svn -exclude .git -exclude .hg -resolve-src-symlinks -rename /Users/aadityasingh/Library/Developer/Xcode/DerivedData/Chatlio-erkyzdeecsohoaggpwbjdvavzqfv/Build/Intermediates.noindex/SwiftOGG.build/Debug-iphonesimulator/SwiftOGG.build/Objects-normal/arm64/SwiftOGG.swiftdoc /Users/aadityasingh/Library/Developer/Xcode/DerivedData/Chatlio-erkyzdeecsohoaggpwbjdvavzqfv/Build/Products/Debug-iphonesimulator/SwiftOGG.swiftmodule/arm64-apple-ios-simulator.swiftdoc

Copy /Users/aadityasingh/Library/Developer/Xcode/DerivedData/Chatlio-erkyzdeecsohoaggpwbjdvavzqfv/Build/Products/Debug-iphonesimulator/SwiftOGG.swiftmodule/arm64-apple-ios-simulator.abi.json /Users/aadityasingh/Library/Developer/Xcode/DerivedData/Chatlio-erkyzdeecsohoaggpwbjdvavzqfv/Build/Intermediates.noindex/SwiftOGG.build/Debug-iphonesimulator/SwiftOGG.build/Objects-normal/arm64/SwiftOGG.abi.json (in target 'SwiftOGG' from project 'SwiftOGG')
    cd /Users/aadityasingh/Library/Developer/Xcode/DerivedData/Chatlio-erkyzdeecsohoaggpwbjdvavzqfv/SourcePackages/checkouts/swift-ogg
    builtin-copy -exclude .DS_Store -exclude CVS -exclude .svn -exclude .git -exclude .hg -resolve-src-symlinks -rename /Users/aadityasingh/Library/Developer/Xcode/DerivedData/Chatlio-erkyzdeecsohoaggpwbjdvavzqfv/Build/Intermediates.noindex/SwiftOGG.build/Debug-iphonesimulator/SwiftOGG.build/Objects-normal/arm64/SwiftOGG.abi.json /Users/aadityasingh/Library/Developer/Xcode/DerivedData/Chatlio-erkyzdeecsohoaggpwbjdvavzqfv/Build/Products/Debug-iphonesimulator/SwiftOGG.swiftmodule/arm64-apple-ios-simulator.abi.json

Copy /Users/aadityasingh/Library/Developer/Xcode/DerivedData/Chatlio-erkyzdeecsohoaggpwbjdvavzqfv/Build/Products/Debug-iphonesimulator/SwiftOGG.swiftmodule/Project/arm64-apple-ios-simulator.swiftsourceinfo /Users/aadityasingh/Library/Developer/Xcode/DerivedData/Chatlio-erkyzdeecsohoaggpwbjdvavzqfv/Build/Intermediates.noindex/SwiftOGG.build/Debug-iphonesimulator/SwiftOGG.build/Objects-normal/arm64/SwiftOGG.swiftsourceinfo (in target 'SwiftOGG' from project 'SwiftOGG')
    cd /Users/aadityasingh/Library/Developer/Xcode/DerivedData/Chatlio-erkyzdeecsohoaggpwbjdvavzqfv/SourcePackages/checkouts/swift-ogg
    builtin-copy -exclude .DS_Store -exclude CVS -exclude .svn -exclude .git -exclude .hg -resolve-src-symlinks -rename /Users/aadityasingh/Library/Developer/Xcode/DerivedData/Chatlio-erkyzdeecsohoaggpwbjdvavzqfv/Build/Intermediates.noindex/SwiftOGG.build/Debug-iphonesimulator/SwiftOGG.build/Objects-normal/arm64/SwiftOGG.swiftsourceinfo /Users/aadityasingh/Library/Developer/Xcode/DerivedData/Chatlio-erkyzdeecsohoaggpwbjdvavzqfv/Build/Products/Debug-iphonesimulator/SwiftOGG.swiftmodule/Project/arm64-apple-ios-simulator.swiftsourceinfo

SwiftEmitModule normal arm64 Emitting\ module\ for\ PostHog (in target 'PostHog' from project 'PostHog')

EmitSwiftModule normal arm64 (in target 'PostHog' from project 'PostHog')
    cd /Users/aadityasingh/Documents/Development/element-x-ios/Chatlio.xcodeproj
    

SwiftEmitModule normal arm64 Emitting\ module\ for\ Kingfisher (in target 'Kingfisher' from project 'Kingfisher')

EmitSwiftModule normal arm64 (in target 'Kingfisher' from project 'Kingfisher')
    cd /Users/aadityasingh/Documents/Development/element-x-ios/Chatlio.xcodeproj
    

SwiftDriverJobDiscovery normal x86_64 Emitting module for Kingfisher (in target 'Kingfisher' from project 'Kingfisher')

SwiftCompile normal x86_64 Compiling\ Version+Foundation.swift /Users/aadityasingh/Library/Developer/Xcode/DerivedData/Chatlio-erkyzdeecsohoaggpwbjdvavzqfv/SourcePackages/checkouts/Version/Sources/Version+Foundation.swift (in target 'Version' from project 'Version')

SwiftCompile normal x86_64 /Users/aadityasingh/Library/Developer/Xcode/DerivedData/Chatlio-erkyzdeecsohoaggpwbjdvavzqfv/SourcePackages/checkouts/Version/Sources/Version+Foundation.swift (in target 'Version' from project 'Version')
    cd /Users/aadityasingh/Documents/Development/element-x-ios/Chatlio.xcodeproj
    

SwiftDriver\ Compilation\ Requirements Kingfisher normal x86_64 com.apple.xcode.tools.swift.compiler (in target 'Kingfisher' from project 'Kingfisher')
    cd /Users/aadityasingh/Documents/Development/element-x-ios/Chatlio.xcodeproj
    builtin-Swift-Compilation-Requirements -- /Applications/Xcode.app/Contents/Developer/Toolchains/XcodeDefault.xctoolchain/usr/bin/swiftc -module-name Kingfisher -Onone @/Users/aadityasingh/Library/Developer/Xcode/DerivedData/Chatlio-erkyzdeecsohoaggpwbjdvavzqfv/Build/Intermediates.noindex/Kingfisher.build/Debug-iphonesimulator/Kingfisher.build/Objects-normal/x86_64/Kingfisher.SwiftFileList -DSWIFT_PACKAGE -DDEBUG -DSWIFT_MODULE_RESOURCE_BUNDLE_AVAILABLE -DXcode -plugin-path /Applications/Xcode.app/Contents/Developer/Toolchains/XcodeDefault.xctoolchain/usr/lib/swift/host/plugins/testing -enable-experimental-feature DebugDescriptionMacro -sdk /Applications/Xcode.app/Contents/Developer/Platforms/iPhoneSimulator.platform/Developer/SDKs/iPhoneSimulator26.4.sdk -target x86_64-apple-ios13.0-simulator -g -module-cache-path /Users/aadityasingh/Library/Developer/Xcode/DerivedData/ModuleCache.noindex -Xfrontend -serialize-debugging-options -profile-coverage-mapping -profile-generate -enable-testing -suppress-warnings -index-store-path /Users/aadityasingh/Library/Developer/Xcode/DerivedData/Chatlio-erkyzdeecsohoaggpwbjdvavzqfv/Index.noindex/DataStore -Xcc -D_LIBCPP_HARDENING_MODE\=_LIBCPP_HARDENING_MODE_DEBUG -swift-version 5 -I /Users/aadityasingh/Library/Developer/Xcode/DerivedData/Chatlio-erkyzdeecsohoaggpwbjdvavzqfv/Build/Products/Debug-iphonesimulator -Isystem /Applications/Xcode.app/Contents/Developer/Platforms/iPhoneSimulator.platform/Developer/usr/lib -F /Users/aadityasingh/Library/Developer/Xcode/DerivedData/Chatlio-erkyzdeecsohoaggpwbjdvavzqfv/Build/Products/Debug-iphonesimulator -F /Applications/Xcode.app/Contents/Developer/Platforms/iPhoneSimulator.platform/Developer/Library/Frameworks -F /Applications/Xcode.app/Contents/Developer/Platforms/iPhoneSimulator.platform/Developer/SDKs/iPhoneSimulator26.4.sdk/Developer/Library/Frameworks -c -j12 -enable-batch-mode -incremental -Xcc -ivfsstatcache -Xcc /Users/aadityasingh/Library/Developer/Xcode/DerivedData/SDKStatCaches.noindex/iphonesimulator26.4-23E252-686eebb5dc1d8ecb277353a59184f4aa.sdkstatcache -output-file-map /Users/aadityasingh/Library/Developer/Xcode/DerivedData/Chatlio-erkyzdeecsohoaggpwbjdvavzqfv/Build/Intermediates.noindex/Kingfisher.build/Debug-iphonesimulator/Kingfisher.build/Objects-normal/x86_64/Kingfisher-OutputFileMap.json -use-frontend-parseable-output -save-temps -no-color-diagnostics -explicit-module-build -module-cache-path /Users/aadityasingh/Library/Developer/Xcode/DerivedData/Chatlio-erkyzdeecsohoaggpwbjdvavzqfv/Build/Intermediates.noindex/SwiftExplicitPrecompiledModules -clang-scanner-module-cache-path /Users/aadityasingh/Library/Developer/Xcode/DerivedData/ModuleCache.noindex -sdk-module-cache-path /Users/aadityasingh/Library/Developer/Xcode/DerivedData/ModuleCache.noindex -serialize-diagnostics -emit-dependencies -emit-module -emit-module-path /Users/aadityasingh/Library/Developer/Xcode/DerivedData/Chatlio-erkyzdeecsohoaggpwbjdvavzqfv/Build/Intermediates.noindex/Kingfisher.build/Debug-iphonesimulator/Kingfisher.build/Objects-normal/x86_64/Kingfisher.swiftmodule -validate-clang-modules-once -clang-build-session-file /Users/aadityasingh/Library/Developer/Xcode/DerivedData/ModuleCache.noindex/Session.modulevalidation -package-name kingfisher -Xcc -I/Users/aadityasingh/Library/Developer/Xcode/DerivedData/Chatlio-erkyzdeecsohoaggpwbjdvavzqfv/Build/Intermediates.noindex/Kingfisher.build/Debug-iphonesimulator/Kingfisher.build/swift-overrides.hmap -emit-const-values -Xfrontend -const-gather-protocols-file -Xfrontend /Users/aadityasingh/Library/Developer/Xcode/DerivedData/Chatlio-erkyzdeecsohoaggpwbjdvavzqfv/Build/Intermediates.noindex/Kingfisher.build/Debug-iphonesimulator/Kingfisher.build/Objects-normal/x86_64/Kingfisher_const_extract_protocols.json -Xcc -I/Users/aadityasingh/Library/Developer/Xcode/DerivedData/Chatlio-erkyzdeecsohoaggpwbjdvavzqfv/Build/Products/Debug-iphonesimulator/include -Xcc -I/Users/aadityasingh/Library/Developer/Xcode/DerivedData/Chatlio-erkyzdeecsohoaggpwbjdvavzqfv/Build/Intermediates.noindex/Kingfisher.build/Debug-iphonesimulator/Kingfisher.build/DerivedSources-normal/x86_64 -Xcc -I/Users/aadityasingh/Library/Developer/Xcode/DerivedData/Chatlio-erkyzdeecsohoaggpwbjdvavzqfv/Build/Intermediates.noindex/Kingfisher.build/Debug-iphonesimulator/Kingfisher.build/DerivedSources/x86_64 -Xcc -I/Users/aadityasingh/Library/Developer/Xcode/DerivedData/Chatlio-erkyzdeecsohoaggpwbjdvavzqfv/Build/Intermediates.noindex/Kingfisher.build/Debug-iphonesimulator/Kingfisher.build/DerivedSources -Xcc -DSWIFT_PACKAGE -Xcc -DDEBUG\=1 -emit-objc-header -emit-objc-header-path /Users/aadityasingh/Library/Developer/Xcode/DerivedData/Chatlio-erkyzdeecsohoaggpwbjdvavzqfv/Build/Intermediates.noindex/Kingfisher.build/Debug-iphonesimulator/Kingfisher.build/Objects-normal/x86_64/Kingfisher-Swift.h -working-directory /Users/aadityasingh/Documents/Development/element-x-ios/Chatlio.xcodeproj -experimental-emit-module-separately -disable-cmo

SwiftExplicitDependencyGeneratePcm x86_64 /Users/aadityasingh/Library/Developer/Xcode/DerivedData/ModuleCache.noindex/WebKit-28XCN9OQPXEWG8VVZWI9FU172.pcm

Copy /Users/aadityasingh/Library/Developer/Xcode/DerivedData/Chatlio-erkyzdeecsohoaggpwbjdvavzqfv/Build/Products/Debug-iphonesimulator/Kingfisher.swiftmodule/x86_64-apple-ios-simulator.swiftmodule /Users/aadityasingh/Library/Developer/Xcode/DerivedData/Chatlio-erkyzdeecsohoaggpwbjdvavzqfv/Build/Intermediates.noindex/Kingfisher.build/Debug-iphonesimulator/Kingfisher.build/Objects-normal/x86_64/Kingfisher.swiftmodule (in target 'Kingfisher' from project 'Kingfisher')
    cd /Users/aadityasingh/Library/Developer/Xcode/DerivedData/Chatlio-erkyzdeecsohoaggpwbjdvavzqfv/SourcePackages/checkouts/Kingfisher
    builtin-copy -exclude .DS_Store -exclude CVS -exclude .svn -exclude .git -exclude .hg -resolve-src-symlinks -rename /Users/aadityasingh/Library/Developer/Xcode/DerivedData/Chatlio-erkyzdeecsohoaggpwbjdvavzqfv/Build/Intermediates.noindex/Kingfisher.build/Debug-iphonesimulator/Kingfisher.build/Objects-normal/x86_64/Kingfisher.swiftmodule /Users/aadityasingh/Library/Developer/Xcode/DerivedData/Chatlio-erkyzdeecsohoaggpwbjdvavzqfv/Build/Products/Debug-iphonesimulator/Kingfisher.swiftmodule/x86_64-apple-ios-simulator.swiftmodule

Copy /Users/aadityasingh/Library/Developer/Xcode/DerivedData/Chatlio-erkyzdeecsohoaggpwbjdvavzqfv/Build/Products/Debug-iphonesimulator/Kingfisher.swiftmodule/x86_64-apple-ios-simulator.swiftdoc /Users/aadityasingh/Library/Developer/Xcode/DerivedData/Chatlio-erkyzdeecsohoaggpwbjdvavzqfv/Build/Intermediates.noindex/Kingfisher.build/Debug-iphonesimulator/Kingfisher.build/Objects-normal/x86_64/Kingfisher.swiftdoc (in target 'Kingfisher' from project 'Kingfisher')
    cd /Users/aadityasingh/Library/Developer/Xcode/DerivedData/Chatlio-erkyzdeecsohoaggpwbjdvavzqfv/SourcePackages/checkouts/Kingfisher
    builtin-copy -exclude .DS_Store -exclude CVS -exclude .svn -exclude .git -exclude .hg -resolve-src-symlinks -rename /Users/aadityasingh/Library/Developer/Xcode/DerivedData/Chatlio-erkyzdeecsohoaggpwbjdvavzqfv/Build/Intermediates.noindex/Kingfisher.build/Debug-iphonesimulator/Kingfisher.build/Objects-normal/x86_64/Kingfisher.swiftdoc /Users/aadityasingh/Library/Developer/Xcode/DerivedData/Chatlio-erkyzdeecsohoaggpwbjdvavzqfv/Build/Products/Debug-iphonesimulator/Kingfisher.swiftmodule/x86_64-apple-ios-simulator.swiftdoc

Copy /Users/aadityasingh/Library/Developer/Xcode/DerivedData/Chatlio-erkyzdeecsohoaggpwbjdvavzqfv/Build/Products/Debug-iphonesimulator/Kingfisher.swiftmodule/x86_64-apple-ios-simulator.abi.json /Users/aadityasingh/Library/Developer/Xcode/DerivedData/Chatlio-erkyzdeecsohoaggpwbjdvavzqfv/Build/Intermediates.noindex/Kingfisher.build/Debug-iphonesimulator/Kingfisher.build/Objects-normal/x86_64/Kingfisher.abi.json (in target 'Kingfisher' from project 'Kingfisher')
    cd /Users/aadityasingh/Library/Developer/Xcode/DerivedData/Chatlio-erkyzdeecsohoaggpwbjdvavzqfv/SourcePackages/checkouts/Kingfisher
    builtin-copy -exclude .DS_Store -exclude CVS -exclude .svn -exclude .git -exclude .hg -resolve-src-symlinks -rename /Users/aadityasingh/Library/Developer/Xcode/DerivedData/Chatlio-erkyzdeecsohoaggpwbjdvavzqfv/Build/Intermediates.noindex/Kingfisher.build/Debug-iphonesimulator/Kingfisher.build/Objects-normal/x86_64/Kingfisher.abi.json /Users/aadityasingh/Library/Developer/Xcode/DerivedData/Chatlio-erkyzdeecsohoaggpwbjdvavzqfv/Build/Products/Debug-iphonesimulator/Kingfisher.swiftmodule/x86_64-apple-ios-simulator.abi.json

Copy /Users/aadityasingh/Library/Developer/Xcode/DerivedData/Chatlio-erkyzdeecsohoaggpwbjdvavzqfv/Build/Products/Debug-iphonesimulator/Kingfisher.swiftmodule/Project/x86_64-apple-ios-simulator.swiftsourceinfo /Users/aadityasingh/Library/Developer/Xcode/DerivedData/Chatlio-erkyzdeecsohoaggpwbjdvavzqfv/Build/Intermediates.noindex/Kingfisher.build/Debug-iphonesimulator/Kingfisher.build/Objects-normal/x86_64/Kingfisher.swiftsourceinfo (in target 'Kingfisher' from project 'Kingfisher')
    cd /Users/aadityasingh/Library/Developer/Xcode/DerivedData/Chatlio-erkyzdeecsohoaggpwbjdvavzqfv/SourcePackages/checkouts/Kingfisher
    builtin-copy -exclude .DS_Store -exclude CVS -exclude .svn -exclude .git -exclude .hg -resolve-src-symlinks -rename /Users/aadityasingh/Library/Developer/Xcode/DerivedData/Chatlio-erkyzdeecsohoaggpwbjdvavzqfv/Build/Intermediates.noindex/Kingfisher.build/Debug-iphonesimulator/Kingfisher.build/Objects-normal/x86_64/Kingfisher.swiftsourceinfo /Users/aadityasingh/Library/Developer/Xcode/DerivedData/Chatlio-erkyzdeecsohoaggpwbjdvavzqfv/Build/Products/Debug-iphonesimulator/Kingfisher.swiftmodule/Project/x86_64-apple-ios-simulator.swiftsourceinfo

SwiftExplicitDependencyGeneratePcm x86_64 /Users/aadityasingh/Library/Developer/Xcode/DerivedData/ModuleCache.noindex/AVKit-A8Y1DJKIH486RX6PPBEDMU0IM.pcm

SwiftExplicitDependencyGeneratePcm x86_64 /Users/aadityasingh/Library/Developer/Xcode/DerivedData/ModuleCache.noindex/SwiftUI-4UDL4YPOU0FPL31W76055SC11.pcm

SwiftExplicitDependencyGeneratePcm x86_64 /Users/aadityasingh/Library/Developer/Xcode/DerivedData/ModuleCache.noindex/MapKit-DB5KCB6MVAKL2L2O2CJIJJ4XK.pcm

SwiftDriverJobDiscovery normal x86_64 Emitting module for MatrixRustSDK (in target 'MatrixRustSDK' from project 'MatrixRustSDK')

SwiftDriver\ Compilation\ Requirements MatrixRustSDK normal x86_64 com.apple.xcode.tools.swift.compiler (in target 'MatrixRustSDK' from project 'MatrixRustSDK')
    cd /Users/aadityasingh/Documents/Development/element-x-ios/Chatlio.xcodeproj
    builtin-Swift-Compilation-Requirements -- /Applications/Xcode.app/Contents/Developer/Toolchains/XcodeDefault.xctoolchain/usr/bin/swiftc -module-name MatrixRustSDK -Onone @/Users/aadityasingh/Library/Developer/Xcode/DerivedData/Chatlio-erkyzdeecsohoaggpwbjdvavzqfv/Build/Intermediates.noindex/MatrixRustSDK.build/Debug-iphonesimulator/MatrixRustSDK.build/Objects-normal/x86_64/MatrixRustSDK.SwiftFileList -DSWIFT_PACKAGE -DDEBUG -DSWIFT_MODULE_RESOURCE_BUNDLE_UNAVAILABLE -DXcode -plugin-path /Applications/Xcode.app/Contents/Developer/Toolchains/XcodeDefault.xctoolchain/usr/lib/swift/host/plugins/testing -enable-experimental-feature DebugDescriptionMacro -sdk /Applications/Xcode.app/Contents/Developer/Platforms/iPhoneSimulator.platform/Developer/SDKs/iPhoneSimulator26.4.sdk -target x86_64-apple-ios16.0-simulator -g -module-cache-path /Users/aadityasingh/Library/Developer/Xcode/DerivedData/ModuleCache.noindex -Xfrontend -serialize-debugging-options -profile-coverage-mapping -profile-generate -enable-testing -index-store-path /Users/aadityasingh/Library/Developer/Xcode/DerivedData/Chatlio-erkyzdeecsohoaggpwbjdvavzqfv/Index.noindex/DataStore -Xcc -D_LIBCPP_HARDENING_MODE\=_LIBCPP_HARDENING_MODE_DEBUG -swift-version 5 -I /Users/aadityasingh/Library/Developer/Xcode/DerivedData/Chatlio-erkyzdeecsohoaggpwbjdvavzqfv/Build/Products/Debug-iphonesimulator -Isystem /Applications/Xcode.app/Contents/Developer/Platforms/iPhoneSimulator.platform/Developer/usr/lib -F /Users/aadityasingh/Library/Developer/Xcode/DerivedData/Chatlio-erkyzdeecsohoaggpwbjdvavzqfv/Build/Products/Debug-iphonesimulator -F /Applications/Xcode.app/Contents/Developer/Platforms/iPhoneSimulator.platform/Developer/Library/Frameworks -F /Applications/Xcode.app/Contents/Developer/Platforms/iPhoneSimulator.platform/Developer/SDKs/iPhoneSimulator26.4.sdk/Developer/Library/Frameworks -c -j12 -enable-batch-mode -incremental -Xcc -ivfsstatcache -Xcc /Users/aadityasingh/Library/Developer/Xcode/DerivedData/SDKStatCaches.noindex/iphonesimulator26.4-23E252-686eebb5dc1d8ecb277353a59184f4aa.sdkstatcache -output-file-map /Users/aadityasingh/Library/Developer/Xcode/DerivedData/Chatlio-erkyzdeecsohoaggpwbjdvavzqfv/Build/Intermediates.noindex/MatrixRustSDK.build/Debug-iphonesimulator/MatrixRustSDK.build/Objects-normal/x86_64/MatrixRustSDK-OutputFileMap.json -use-frontend-parseable-output -save-temps -no-color-diagnostics -explicit-module-build -module-cache-path /Users/aadityasingh/Library/Developer/Xcode/DerivedData/Chatlio-erkyzdeecsohoaggpwbjdvavzqfv/Build/Intermediates.noindex/SwiftExplicitPrecompiledModules -clang-scanner-module-cache-path /Users/aadityasingh/Library/Developer/Xcode/DerivedData/ModuleCache.noindex -sdk-module-cache-path /Users/aadityasingh/Library/Developer/Xcode/DerivedData/ModuleCache.noindex -serialize-diagnostics -emit-dependencies -emit-module -emit-module-path /Users/aadityasingh/Library/Developer/Xcode/DerivedData/Chatlio-erkyzdeecsohoaggpwbjdvavzqfv/Build/Intermediates.noindex/MatrixRustSDK.build/Debug-iphonesimulator/MatrixRustSDK.build/Objects-normal/x86_64/MatrixRustSDK.swiftmodule -validate-clang-modules-once -clang-build-session-file /Users/aadityasingh/Library/Developer/Xcode/DerivedData/ModuleCache.noindex/Session.modulevalidation -package-name matrix_rust_sdk_local -Xcc -I/Users/aadityasingh/Library/Developer/Xcode/DerivedData/Chatlio-erkyzdeecsohoaggpwbjdvavzqfv/Build/Intermediates.noindex/MatrixRustSDK.build/Debug-iphonesimulator/MatrixRustSDK.build/swift-overrides.hmap -emit-const-values -Xfrontend -const-gather-protocols-file -Xfrontend /Users/aadityasingh/Library/Developer/Xcode/DerivedData/Chatlio-erkyzdeecsohoaggpwbjdvavzqfv/Build/Intermediates.noindex/MatrixRustSDK.build/Debug-iphonesimulator/MatrixRustSDK.build/Objects-normal/x86_64/MatrixRustSDK_const_extract_protocols.json -Xcc -I/Users/aadityasingh/Library/Developer/Xcode/DerivedData/Chatlio-erkyzdeecsohoaggpwbjdvavzqfv/Build/Products/Debug-iphonesimulator/include -Xcc -I/Users/aadityasingh/Library/Developer/Xcode/DerivedData/Chatlio-erkyzdeecsohoaggpwbjdvavzqfv/Build/Intermediates.noindex/MatrixRustSDK.build/Debug-iphonesimulator/MatrixRustSDK.build/DerivedSources-normal/x86_64 -Xcc -I/Users/aadityasingh/Library/Developer/Xcode/DerivedData/Chatlio-erkyzdeecsohoaggpwbjdvavzqfv/Build/Intermediates.noindex/MatrixRustSDK.build/Debug-iphonesimulator/MatrixRustSDK.build/DerivedSources/x86_64 -Xcc -I/Users/aadityasingh/Library/Developer/Xcode/DerivedData/Chatlio-erkyzdeecsohoaggpwbjdvavzqfv/Build/Intermediates.noindex/MatrixRustSDK.build/Debug-iphonesimulator/MatrixRustSDK.build/DerivedSources -Xcc -DSWIFT_PACKAGE -Xcc -DDEBUG\=1 -emit-objc-header -emit-objc-header-path /Users/aadityasingh/Library/Developer/Xcode/DerivedData/Chatlio-erkyzdeecsohoaggpwbjdvavzqfv/Build/Intermediates.noindex/MatrixRustSDK.build/Debug-iphonesimulator/MatrixRustSDK.build/Objects-normal/x86_64/MatrixRustSDK-Swift.h -working-directory /Users/aadityasingh/Documents/Development/element-x-ios/Chatlio.xcodeproj -experimental-emit-module-separately -disable-cmo

SwiftCompile normal x86_64 Compiling\ Version.swift /Users/aadityasingh/Library/Developer/Xcode/DerivedData/Chatlio-erkyzdeecsohoaggpwbjdvavzqfv/SourcePackages/checkouts/Version/Sources/Version.swift (in target 'Version' from project 'Version')

SwiftCompile normal x86_64 /Users/aadityasingh/Library/Developer/Xcode/DerivedData/Chatlio-erkyzdeecsohoaggpwbjdvavzqfv/SourcePackages/checkouts/Version/Sources/Version.swift (in target 'Version' from project 'Version')
    cd /Users/aadityasingh/Documents/Development/element-x-ios/Chatlio.xcodeproj
    

Copy /Users/aadityasingh/Library/Developer/Xcode/DerivedData/Chatlio-erkyzdeecsohoaggpwbjdvavzqfv/Build/Products/Debug-iphonesimulator/MatrixRustSDK.swiftmodule/x86_64-apple-ios-simulator.swiftmodule /Users/aadityasingh/Library/Developer/Xcode/DerivedData/Chatlio-erkyzdeecsohoaggpwbjdvavzqfv/Build/Intermediates.noindex/MatrixRustSDK.build/Debug-iphonesimulator/MatrixRustSDK.build/Objects-normal/x86_64/MatrixRustSDK.swiftmodule (in target 'MatrixRustSDK' from project 'MatrixRustSDK')
    cd /Users/aadityasingh/Documents/Development/matrix-rust-sdk-local
    builtin-copy -exclude .DS_Store -exclude CVS -exclude .svn -exclude .git -exclude .hg -resolve-src-symlinks -rename /Users/aadityasingh/Library/Developer/Xcode/DerivedData/Chatlio-erkyzdeecsohoaggpwbjdvavzqfv/Build/Intermediates.noindex/MatrixRustSDK.build/Debug-iphonesimulator/MatrixRustSDK.build/Objects-normal/x86_64/MatrixRustSDK.swiftmodule /Users/aadityasingh/Library/Developer/Xcode/DerivedData/Chatlio-erkyzdeecsohoaggpwbjdvavzqfv/Build/Products/Debug-iphonesimulator/MatrixRustSDK.swiftmodule/x86_64-apple-ios-simulator.swiftmodule

Copy /Users/aadityasingh/Library/Developer/Xcode/DerivedData/Chatlio-erkyzdeecsohoaggpwbjdvavzqfv/Build/Products/Debug-iphonesimulator/MatrixRustSDK.swiftmodule/x86_64-apple-ios-simulator.swiftdoc /Users/aadityasingh/Library/Developer/Xcode/DerivedData/Chatlio-erkyzdeecsohoaggpwbjdvavzqfv/Build/Intermediates.noindex/MatrixRustSDK.build/Debug-iphonesimulator/MatrixRustSDK.build/Objects-normal/x86_64/MatrixRustSDK.swiftdoc (in target 'MatrixRustSDK' from project 'MatrixRustSDK')
    cd /Users/aadityasingh/Documents/Development/matrix-rust-sdk-local
    builtin-copy -exclude .DS_Store -exclude CVS -exclude .svn -exclude .git -exclude .hg -resolve-src-symlinks -rename /Users/aadityasingh/Library/Developer/Xcode/DerivedData/Chatlio-erkyzdeecsohoaggpwbjdvavzqfv/Build/Intermediates.noindex/MatrixRustSDK.build/Debug-iphonesimulator/MatrixRustSDK.build/Objects-normal/x86_64/MatrixRustSDK.swiftdoc /Users/aadityasingh/Library/Developer/Xcode/DerivedData/Chatlio-erkyzdeecsohoaggpwbjdvavzqfv/Build/Products/Debug-iphonesimulator/MatrixRustSDK.swiftmodule/x86_64-apple-ios-simulator.swiftdoc

Copy /Users/aadityasingh/Library/Developer/Xcode/DerivedData/Chatlio-erkyzdeecsohoaggpwbjdvavzqfv/Build/Products/Debug-iphonesimulator/MatrixRustSDK.swiftmodule/x86_64-apple-ios-simulator.abi.json /Users/aadityasingh/Library/Developer/Xcode/DerivedData/Chatlio-erkyzdeecsohoaggpwbjdvavzqfv/Build/Intermediates.noindex/MatrixRustSDK.build/Debug-iphonesimulator/MatrixRustSDK.build/Objects-normal/x86_64/MatrixRustSDK.abi.json (in target 'MatrixRustSDK' from project 'MatrixRustSDK')
    cd /Users/aadityasingh/Documents/Development/matrix-rust-sdk-local
    builtin-copy -exclude .DS_Store -exclude CVS -exclude .svn -exclude .git -exclude .hg -resolve-src-symlinks -rename /Users/aadityasingh/Library/Developer/Xcode/DerivedData/Chatlio-erkyzdeecsohoaggpwbjdvavzqfv/Build/Intermediates.noindex/MatrixRustSDK.build/Debug-iphonesimulator/MatrixRustSDK.build/Objects-normal/x86_64/MatrixRustSDK.abi.json /Users/aadityasingh/Library/Developer/Xcode/DerivedData/Chatlio-erkyzdeecsohoaggpwbjdvavzqfv/Build/Products/Debug-iphonesimulator/MatrixRustSDK.swiftmodule/x86_64-apple-ios-simulator.abi.json

Copy /Users/aadityasingh/Library/Developer/Xcode/DerivedData/Chatlio-erkyzdeecsohoaggpwbjdvavzqfv/Build/Products/Debug-iphonesimulator/MatrixRustSDK.swiftmodule/Project/x86_64-apple-ios-simulator.swiftsourceinfo /Users/aadityasingh/Library/Developer/Xcode/DerivedData/Chatlio-erkyzdeecsohoaggpwbjdvavzqfv/Build/Intermediates.noindex/MatrixRustSDK.build/Debug-iphonesimulator/MatrixRustSDK.build/Objects-normal/x86_64/MatrixRustSDK.swiftsourceinfo (in target 'MatrixRustSDK' from project 'MatrixRustSDK')
    cd /Users/aadityasingh/Documents/Development/matrix-rust-sdk-local
    builtin-copy -exclude .DS_Store -exclude CVS -exclude .svn -exclude .git -exclude .hg -resolve-src-symlinks -rename /Users/aadityasingh/Library/Developer/Xcode/DerivedData/Chatlio-erkyzdeecsohoaggpwbjdvavzqfv/Build/Intermediates.noindex/MatrixRustSDK.build/Debug-iphonesimulator/MatrixRustSDK.build/Objects-normal/x86_64/MatrixRustSDK.swiftsourceinfo /Users/aadityasingh/Library/Developer/Xcode/DerivedData/Chatlio-erkyzdeecsohoaggpwbjdvavzqfv/Build/Products/Debug-iphonesimulator/MatrixRustSDK.swiftmodule/Project/x86_64-apple-ios-simulator.swiftsourceinfo

SwiftCompile normal x86_64 Compiling\ Version+Comparable.swift /Users/aadityasingh/Library/Developer/Xcode/DerivedData/Chatlio-erkyzdeecsohoaggpwbjdvavzqfv/SourcePackages/checkouts/Version/Sources/Version+Comparable.swift (in target 'Version' from project 'Version')

SwiftCompile normal x86_64 /Users/aadityasingh/Library/Developer/Xcode/DerivedData/Chatlio-erkyzdeecsohoaggpwbjdvavzqfv/SourcePackages/checkouts/Version/Sources/Version+Comparable.swift (in target 'Version' from project 'Version')
    cd /Users/aadityasingh/Documents/Development/element-x-ios/Chatlio.xcodeproj
    

SwiftCompile normal x86_64 Compiling\ Version+Codable.swift /Users/aadityasingh/Library/Developer/Xcode/DerivedData/Chatlio-erkyzdeecsohoaggpwbjdvavzqfv/SourcePackages/checkouts/Version/Sources/Version+Codable.swift (in target 'Version' from project 'Version')

SwiftCompile normal x86_64 /Users/aadityasingh/Library/Developer/Xcode/DerivedData/Chatlio-erkyzdeecsohoaggpwbjdvavzqfv/SourcePackages/checkouts/Version/Sources/Version+Codable.swift (in target 'Version' from project 'Version')
    cd /Users/aadityasingh/Documents/Development/element-x-ios/Chatlio.xcodeproj
    

SwiftDriverJobDiscovery normal arm64 Emitting module for MatrixRustSDK (in target 'MatrixRustSDK' from project 'MatrixRustSDK')

SwiftDriver\ Compilation\ Requirements MatrixRustSDK normal arm64 com.apple.xcode.tools.swift.compiler (in target 'MatrixRustSDK' from project 'MatrixRustSDK')
    cd /Users/aadityasingh/Documents/Development/element-x-ios/Chatlio.xcodeproj
    builtin-Swift-Compilation-Requirements -- /Applications/Xcode.app/Contents/Developer/Toolchains/XcodeDefault.xctoolchain/usr/bin/swiftc -module-name MatrixRustSDK -Onone @/Users/aadityasingh/Library/Developer/Xcode/DerivedData/Chatlio-erkyzdeecsohoaggpwbjdvavzqfv/Build/Intermediates.noindex/MatrixRustSDK.build/Debug-iphonesimulator/MatrixRustSDK.build/Objects-normal/arm64/MatrixRustSDK.SwiftFileList -DSWIFT_PACKAGE -DDEBUG -DSWIFT_MODULE_RESOURCE_BUNDLE_UNAVAILABLE -DXcode -plugin-path /Applications/Xcode.app/Contents/Developer/Toolchains/XcodeDefault.xctoolchain/usr/lib/swift/host/plugins/testing -enable-experimental-feature DebugDescriptionMacro -sdk /Applications/Xcode.app/Contents/Developer/Platforms/iPhoneSimulator.platform/Developer/SDKs/iPhoneSimulator26.4.sdk -target arm64-apple-ios16.0-simulator -g -module-cache-path /Users/aadityasingh/Library/Developer/Xcode/DerivedData/ModuleCache.noindex -Xfrontend -serialize-debugging-options -profile-coverage-mapping -profile-generate -enable-testing -index-store-path /Users/aadityasingh/Library/Developer/Xcode/DerivedData/Chatlio-erkyzdeecsohoaggpwbjdvavzqfv/Index.noindex/DataStore -Xcc -D_LIBCPP_HARDENING_MODE\=_LIBCPP_HARDENING_MODE_DEBUG -swift-version 5 -I /Users/aadityasingh/Library/Developer/Xcode/DerivedData/Chatlio-erkyzdeecsohoaggpwbjdvavzqfv/Build/Products/Debug-iphonesimulator -Isystem /Applications/Xcode.app/Contents/Developer/Platforms/iPhoneSimulator.platform/Developer/usr/lib -F /Users/aadityasingh/Library/Developer/Xcode/DerivedData/Chatlio-erkyzdeecsohoaggpwbjdvavzqfv/Build/Products/Debug-iphonesimulator -F /Applications/Xcode.app/Contents/Developer/Platforms/iPhoneSimulator.platform/Developer/Library/Frameworks -F /Applications/Xcode.app/Contents/Developer/Platforms/iPhoneSimulator.platform/Developer/SDKs/iPhoneSimulator26.4.sdk/Developer/Library/Frameworks -c -j12 -enable-batch-mode -incremental -Xcc -ivfsstatcache -Xcc /Users/aadityasingh/Library/Developer/Xcode/DerivedData/SDKStatCaches.noindex/iphonesimulator26.4-23E252-686eebb5dc1d8ecb277353a59184f4aa.sdkstatcache -output-file-map /Users/aadityasingh/Library/Developer/Xcode/DerivedData/Chatlio-erkyzdeecsohoaggpwbjdvavzqfv/Build/Intermediates.noindex/MatrixRustSDK.build/Debug-iphonesimulator/MatrixRustSDK.build/Objects-normal/arm64/MatrixRustSDK-OutputFileMap.json -use-frontend-parseable-output -save-temps -no-color-diagnostics -explicit-module-build -module-cache-path /Users/aadityasingh/Library/Developer/Xcode/DerivedData/Chatlio-erkyzdeecsohoaggpwbjdvavzqfv/Build/Intermediates.noindex/SwiftExplicitPrecompiledModules -clang-scanner-module-cache-path /Users/aadityasingh/Library/Developer/Xcode/DerivedData/ModuleCache.noindex -sdk-module-cache-path /Users/aadityasingh/Library/Developer/Xcode/DerivedData/ModuleCache.noindex -serialize-diagnostics -emit-dependencies -emit-module -emit-module-path /Users/aadityasingh/Library/Developer/Xcode/DerivedData/Chatlio-erkyzdeecsohoaggpwbjdvavzqfv/Build/Intermediates.noindex/MatrixRustSDK.build/Debug-iphonesimulator/MatrixRustSDK.build/Objects-normal/arm64/MatrixRustSDK.swiftmodule -validate-clang-modules-once -clang-build-session-file /Users/aadityasingh/Library/Developer/Xcode/DerivedData/ModuleCache.noindex/Session.modulevalidation -package-name matrix_rust_sdk_local -Xcc -I/Users/aadityasingh/Library/Developer/Xcode/DerivedData/Chatlio-erkyzdeecsohoaggpwbjdvavzqfv/Build/Intermediates.noindex/MatrixRustSDK.build/Debug-iphonesimulator/MatrixRustSDK.build/swift-overrides.hmap -emit-const-values -Xfrontend -const-gather-protocols-file -Xfrontend /Users/aadityasingh/Library/Developer/Xcode/DerivedData/Chatlio-erkyzdeecsohoaggpwbjdvavzqfv/Build/Intermediates.noindex/MatrixRustSDK.build/Debug-iphonesimulator/MatrixRustSDK.build/Objects-normal/arm64/MatrixRustSDK_const_extract_protocols.json -Xcc -I/Users/aadityasingh/Library/Developer/Xcode/DerivedData/Chatlio-erkyzdeecsohoaggpwbjdvavzqfv/Build/Products/Debug-iphonesimulator/include -Xcc -I/Users/aadityasingh/Library/Developer/Xcode/DerivedData/Chatlio-erkyzdeecsohoaggpwbjdvavzqfv/Build/Intermediates.noindex/MatrixRustSDK.build/Debug-iphonesimulator/MatrixRustSDK.build/DerivedSources-normal/arm64 -Xcc -I/Users/aadityasingh/Library/Developer/Xcode/DerivedData/Chatlio-erkyzdeecsohoaggpwbjdvavzqfv/Build/Intermediates.noindex/MatrixRustSDK.build/Debug-iphonesimulator/MatrixRustSDK.build/DerivedSources/arm64 -Xcc -I/Users/aadityasingh/Library/Developer/Xcode/DerivedData/Chatlio-erkyzdeecsohoaggpwbjdvavzqfv/Build/Intermediates.noindex/MatrixRustSDK.build/Debug-iphonesimulator/MatrixRustSDK.build/DerivedSources -Xcc -DSWIFT_PACKAGE -Xcc -DDEBUG\=1 -emit-objc-header -emit-objc-header-path /Users/aadityasingh/Library/Developer/Xcode/DerivedData/Chatlio-erkyzdeecsohoaggpwbjdvavzqfv/Build/Intermediates.noindex/MatrixRustSDK.build/Debug-iphonesimulator/MatrixRustSDK.build/Objects-normal/arm64/MatrixRustSDK-Swift.h -working-directory /Users/aadityasingh/Documents/Development/element-x-ios/Chatlio.xcodeproj -experimental-emit-module-separately -disable-cmo

SwiftEmitModule normal x86_64 Emitting\ module\ for\ SwiftUIIntrospect (in target 'SwiftUIIntrospect' from project 'swiftui-introspect')

EmitSwiftModule normal x86_64 (in target 'SwiftUIIntrospect' from project 'swiftui-introspect')
    cd /Users/aadityasingh/Documents/Development/element-x-ios/Chatlio.xcodeproj
    

SwiftMergeGeneratedHeaders /Users/aadityasingh/Library/Developer/Xcode/DerivedData/Chatlio-erkyzdeecsohoaggpwbjdvavzqfv/Build/Intermediates.noindex/GeneratedModuleMaps-iphonesimulator/MatrixRustSDK-Swift.h /Users/aadityasingh/Library/Developer/Xcode/DerivedData/Chatlio-erkyzdeecsohoaggpwbjdvavzqfv/Build/Intermediates.noindex/MatrixRustSDK.build/Debug-iphonesimulator/MatrixRustSDK.build/Objects-normal/arm64/MatrixRustSDK-Swift.h /Users/aadityasingh/Library/Developer/Xcode/DerivedData/Chatlio-erkyzdeecsohoaggpwbjdvavzqfv/Build/Intermediates.noindex/MatrixRustSDK.build/Debug-iphonesimulator/MatrixRustSDK.build/Objects-normal/x86_64/MatrixRustSDK-Swift.h (in target 'MatrixRustSDK' from project 'MatrixRustSDK')
    cd /Users/aadityasingh/Documents/Development/matrix-rust-sdk-local
    builtin-swiftHeaderTool -arch arm64 /Users/aadityasingh/Library/Developer/Xcode/DerivedData/Chatlio-erkyzdeecsohoaggpwbjdvavzqfv/Build/Intermediates.noindex/MatrixRustSDK.build/Debug-iphonesimulator/MatrixRustSDK.build/Objects-normal/arm64/MatrixRustSDK-Swift.h -arch x86_64 /Users/aadityasingh/Library/Developer/Xcode/DerivedData/Chatlio-erkyzdeecsohoaggpwbjdvavzqfv/Build/Intermediates.noindex/MatrixRustSDK.build/Debug-iphonesimulator/MatrixRustSDK.build/Objects-normal/x86_64/MatrixRustSDK-Swift.h -o /Users/aadityasingh/Library/Developer/Xcode/DerivedData/Chatlio-erkyzdeecsohoaggpwbjdvavzqfv/Build/Intermediates.noindex/GeneratedModuleMaps-iphonesimulator/MatrixRustSDK-Swift.h

SwiftDriverJobDiscovery normal x86_64 Compiling Version+Comparable.swift (in target 'Version' from project 'Version')

Copy /Users/aadityasingh/Library/Developer/Xcode/DerivedData/Chatlio-erkyzdeecsohoaggpwbjdvavzqfv/Build/Products/Debug-iphonesimulator/MatrixRustSDK.swiftmodule/arm64-apple-ios-simulator.swiftmodule /Users/aadityasingh/Library/Developer/Xcode/DerivedData/Chatlio-erkyzdeecsohoaggpwbjdvavzqfv/Build/Intermediates.noindex/MatrixRustSDK.build/Debug-iphonesimulator/MatrixRustSDK.build/Objects-normal/arm64/MatrixRustSDK.swiftmodule (in target 'MatrixRustSDK' from project 'MatrixRustSDK')
    cd /Users/aadityasingh/Documents/Development/matrix-rust-sdk-local
    builtin-copy -exclude .DS_Store -exclude CVS -exclude .svn -exclude .git -exclude .hg -resolve-src-symlinks -rename /Users/aadityasingh/Library/Developer/Xcode/DerivedData/Chatlio-erkyzdeecsohoaggpwbjdvavzqfv/Build/Intermediates.noindex/MatrixRustSDK.build/Debug-iphonesimulator/MatrixRustSDK.build/Objects-normal/arm64/MatrixRustSDK.swiftmodule /Users/aadityasingh/Library/Developer/Xcode/DerivedData/Chatlio-erkyzdeecsohoaggpwbjdvavzqfv/Build/Products/Debug-iphonesimulator/MatrixRustSDK.swiftmodule/arm64-apple-ios-simulator.swiftmodule

Copy /Users/aadityasingh/Library/Developer/Xcode/DerivedData/Chatlio-erkyzdeecsohoaggpwbjdvavzqfv/Build/Products/Debug-iphonesimulator/MatrixRustSDK.swiftmodule/arm64-apple-ios-simulator.swiftdoc /Users/aadityasingh/Library/Developer/Xcode/DerivedData/Chatlio-erkyzdeecsohoaggpwbjdvavzqfv/Build/Intermediates.noindex/MatrixRustSDK.build/Debug-iphonesimulator/MatrixRustSDK.build/Objects-normal/arm64/MatrixRustSDK.swiftdoc (in target 'MatrixRustSDK' from project 'MatrixRustSDK')
    cd /Users/aadityasingh/Documents/Development/matrix-rust-sdk-local
    builtin-copy -exclude .DS_Store -exclude CVS -exclude .svn -exclude .git -exclude .hg -resolve-src-symlinks -rename /Users/aadityasingh/Library/Developer/Xcode/DerivedData/Chatlio-erkyzdeecsohoaggpwbjdvavzqfv/Build/Intermediates.noindex/MatrixRustSDK.build/Debug-iphonesimulator/MatrixRustSDK.build/Objects-normal/arm64/MatrixRustSDK.swiftdoc /Users/aadityasingh/Library/Developer/Xcode/DerivedData/Chatlio-erkyzdeecsohoaggpwbjdvavzqfv/Build/Products/Debug-iphonesimulator/MatrixRustSDK.swiftmodule/arm64-apple-ios-simulator.swiftdoc

Copy /Users/aadityasingh/Library/Developer/Xcode/DerivedData/Chatlio-erkyzdeecsohoaggpwbjdvavzqfv/Build/Products/Debug-iphonesimulator/MatrixRustSDK.swiftmodule/arm64-apple-ios-simulator.abi.json /Users/aadityasingh/Library/Developer/Xcode/DerivedData/Chatlio-erkyzdeecsohoaggpwbjdvavzqfv/Build/Intermediates.noindex/MatrixRustSDK.build/Debug-iphonesimulator/MatrixRustSDK.build/Objects-normal/arm64/MatrixRustSDK.abi.json (in target 'MatrixRustSDK' from project 'MatrixRustSDK')
    cd /Users/aadityasingh/Documents/Development/matrix-rust-sdk-local
    builtin-copy -exclude .DS_Store -exclude CVS -exclude .svn -exclude .git -exclude .hg -resolve-src-symlinks -rename /Users/aadityasingh/Library/Developer/Xcode/DerivedData/Chatlio-erkyzdeecsohoaggpwbjdvavzqfv/Build/Intermediates.noindex/MatrixRustSDK.build/Debug-iphonesimulator/MatrixRustSDK.build/Objects-normal/arm64/MatrixRustSDK.abi.json /Users/aadityasingh/Library/Developer/Xcode/DerivedData/Chatlio-erkyzdeecsohoaggpwbjdvavzqfv/Build/Products/Debug-iphonesimulator/MatrixRustSDK.swiftmodule/arm64-apple-ios-simulator.abi.json

Copy /Users/aadityasingh/Library/Developer/Xcode/DerivedData/Chatlio-erkyzdeecsohoaggpwbjdvavzqfv/Build/Products/Debug-iphonesimulator/MatrixRustSDK.swiftmodule/Project/arm64-apple-ios-simulator.swiftsourceinfo /Users/aadityasingh/Library/Developer/Xcode/DerivedData/Chatlio-erkyzdeecsohoaggpwbjdvavzqfv/Build/Intermediates.noindex/MatrixRustSDK.build/Debug-iphonesimulator/MatrixRustSDK.build/Objects-normal/arm64/MatrixRustSDK.swiftsourceinfo (in target 'MatrixRustSDK' from project 'MatrixRustSDK')
    cd /Users/aadityasingh/Documents/Development/matrix-rust-sdk-local
    builtin-copy -exclude .DS_Store -exclude CVS -exclude .svn -exclude .git -exclude .hg -resolve-src-symlinks -rename /Users/aadityasingh/Library/Developer/Xcode/DerivedData/Chatlio-erkyzdeecsohoaggpwbjdvavzqfv/Build/Intermediates.noindex/MatrixRustSDK.build/Debug-iphonesimulator/MatrixRustSDK.build/Objects-normal/arm64/MatrixRustSDK.swiftsourceinfo /Users/aadityasingh/Library/Developer/Xcode/DerivedData/Chatlio-erkyzdeecsohoaggpwbjdvavzqfv/Build/Products/Debug-iphonesimulator/MatrixRustSDK.swiftmodule/Project/arm64-apple-ios-simulator.swiftsourceinfo

SwiftCompile normal x86_64 Compiling\ Version+Range.swift /Users/aadityasingh/Library/Developer/Xcode/DerivedData/Chatlio-erkyzdeecsohoaggpwbjdvavzqfv/SourcePackages/checkouts/Version/Sources/Version+Range.swift (in target 'Version' from project 'Version')

SwiftCompile normal x86_64 /Users/aadityasingh/Library/Developer/Xcode/DerivedData/Chatlio-erkyzdeecsohoaggpwbjdvavzqfv/SourcePackages/checkouts/Version/Sources/Version+Range.swift (in target 'Version' from project 'Version')
    cd /Users/aadityasingh/Documents/Development/element-x-ios/Chatlio.xcodeproj
    

SwiftDriverJobDiscovery normal x86_64 Compiling Version.swift (in target 'Version' from project 'Version')

SwiftCompile normal x86_64 Compiling\ Toggle.swift,\ ToggleWithButtonStyle.swift,\ ToggleWithCheckboxStyle.swift,\ ToggleWithSwitchStyle.swift,\ VideoPlayer.swift /Users/aadityasingh/Library/Developer/Xcode/DerivedData/Chatlio-erkyzdeecsohoaggpwbjdvavzqfv/SourcePackages/checkouts/SwiftUI-Introspect/Sources/ViewTypes/Toggle.swift /Users/aadityasingh/Library/Developer/Xcode/DerivedData/Chatlio-erkyzdeecsohoaggpwbjdvavzqfv/SourcePackages/checkouts/SwiftUI-Introspect/Sources/ViewTypes/ToggleWithButtonStyle.swift /Users/aadityasingh/Library/Developer/Xcode/DerivedData/Chatlio-erkyzdeecsohoaggpwbjdvavzqfv/SourcePackages/checkouts/SwiftUI-Introspect/Sources/ViewTypes/ToggleWithCheckboxStyle.swift /Users/aadityasingh/Library/Developer/Xcode/DerivedData/Chatlio-erkyzdeecsohoaggpwbjdvavzqfv/SourcePackages/checkouts/SwiftUI-Introspect/Sources/ViewTypes/ToggleWithSwitchStyle.swift /Users/aadityasingh/Library/Developer/Xcode/DerivedData/Chatlio-erkyzdeecsohoaggpwbjdvavzqfv/SourcePackages/checkouts/SwiftUI-Introspect/Sources/ViewTypes/VideoPlayer.swift (in target 'SwiftUIIntrospect' from project 'swiftui-introspect')
SwiftCompile normal x86_64 /Users/aadityasingh/Library/Developer/Xcode/DerivedData/Chatlio-erkyzdeecsohoaggpwbjdvavzqfv/SourcePackages/checkouts/SwiftUI-Introspect/Sources/ViewTypes/Toggle.swift (in target 'SwiftUIIntrospect' from project 'swiftui-introspect')
    cd /Users/aadityasingh/Documents/Development/element-x-ios/Chatlio.xcodeproj
    

SwiftCompile normal x86_64 /Users/aadityasingh/Library/Developer/Xcode/DerivedData/Chatlio-erkyzdeecsohoaggpwbjdvavzqfv/SourcePackages/checkouts/SwiftUI-Introspect/Sources/ViewTypes/ToggleWithButtonStyle.swift (in target 'SwiftUIIntrospect' from project 'swiftui-introspect')
    cd /Users/aadityasingh/Documents/Development/element-x-ios/Chatlio.xcodeproj
    

SwiftCompile normal x86_64 /Users/aadityasingh/Library/Developer/Xcode/DerivedData/Chatlio-erkyzdeecsohoaggpwbjdvavzqfv/SourcePackages/checkouts/SwiftUI-Introspect/Sources/ViewTypes/ToggleWithCheckboxStyle.swift (in target 'SwiftUIIntrospect' from project 'swiftui-introspect')
    cd /Users/aadityasingh/Documents/Development/element-x-ios/Chatlio.xcodeproj
    

SwiftCompile normal x86_64 /Users/aadityasingh/Library/Developer/Xcode/DerivedData/Chatlio-erkyzdeecsohoaggpwbjdvavzqfv/SourcePackages/checkouts/SwiftUI-Introspect/Sources/ViewTypes/ToggleWithSwitchStyle.swift (in target 'SwiftUIIntrospect' from project 'swiftui-introspect')
    cd /Users/aadityasingh/Documents/Development/element-x-ios/Chatlio.xcodeproj
    

SwiftCompile normal x86_64 /Users/aadityasingh/Library/Developer/Xcode/DerivedData/Chatlio-erkyzdeecsohoaggpwbjdvavzqfv/SourcePackages/checkouts/SwiftUI-Introspect/Sources/ViewTypes/VideoPlayer.swift (in target 'SwiftUIIntrospect' from project 'swiftui-introspect')
    cd /Users/aadityasingh/Documents/Development/element-x-ios/Chatlio.xcodeproj
    

SwiftDriverJobDiscovery normal x86_64 Compiling Version+Codable.swift (in target 'Version' from project 'Version')

SwiftExplicitDependencyGeneratePcm arm64 /Users/aadityasingh/Library/Developer/Xcode/DerivedData/ModuleCache.noindex/SwiftUI-DVF7OW3Y90WY4U22NJ4NSRX39.pcm

SwiftExplicitDependencyGeneratePcm arm64 /Users/aadityasingh/Library/Developer/Xcode/DerivedData/ModuleCache.noindex/AVKit-4JLZ14SGNWHLTYQDLOTBTP2Y2.pcm

SwiftExplicitDependencyGeneratePcm arm64 /Users/aadityasingh/Library/Developer/Xcode/DerivedData/ModuleCache.noindex/WebKit-63X14RJPZYU2E5H3WBS4ECVP0.pcm

SwiftDriverJobDiscovery normal arm64 Compiling Version+Foundation.swift (in target 'Version' from project 'Version')

SwiftExplicitDependencyGeneratePcm arm64 /Users/aadityasingh/Library/Developer/Xcode/DerivedData/ModuleCache.noindex/MapKit-D23RT0AKMHU7ADLOPOC1GBYB.pcm

SwiftDriver\ Compilation Version normal arm64 com.apple.xcode.tools.swift.compiler (in target 'Version' from project 'Version')
    cd /Users/aadityasingh/Documents/Development/element-x-ios/Chatlio.xcodeproj
    builtin-Swift-Compilation -- /Applications/Xcode.app/Contents/Developer/Toolchains/XcodeDefault.xctoolchain/usr/bin/swiftc -module-name Version -Onone @/Users/aadityasingh/Library/Developer/Xcode/DerivedData/Chatlio-erkyzdeecsohoaggpwbjdvavzqfv/Build/Intermediates.noindex/Version.build/Debug-iphonesimulator/Version.build/Objects-normal/arm64/Version.SwiftFileList -DSWIFT_PACKAGE -DDEBUG -DSWIFT_MODULE_RESOURCE_BUNDLE_UNAVAILABLE -DXcode -plugin-path /Applications/Xcode.app/Contents/Developer/Toolchains/XcodeDefault.xctoolchain/usr/lib/swift/host/plugins/testing -enable-experimental-feature DebugDescriptionMacro -sdk /Applications/Xcode.app/Contents/Developer/Platforms/iPhoneSimulator.platform/Developer/SDKs/iPhoneSimulator26.4.sdk -target arm64-apple-ios12.0-simulator -g -module-cache-path /Users/aadityasingh/Library/Developer/Xcode/DerivedData/ModuleCache.noindex -Xfrontend -serialize-debugging-options -profile-coverage-mapping -profile-generate -enable-testing -suppress-warnings -index-store-path /Users/aadityasingh/Library/Developer/Xcode/DerivedData/Chatlio-erkyzdeecsohoaggpwbjdvavzqfv/Index.noindex/DataStore -Xcc -D_LIBCPP_HARDENING_MODE\=_LIBCPP_HARDENING_MODE_DEBUG -swift-version 5 -I /Users/aadityasingh/Library/Developer/Xcode/DerivedData/Chatlio-erkyzdeecsohoaggpwbjdvavzqfv/Build/Products/Debug-iphonesimulator -Isystem /Applications/Xcode.app/Contents/Developer/Platforms/iPhoneSimulator.platform/Developer/usr/lib -F /Users/aadityasingh/Library/Developer/Xcode/DerivedData/Chatlio-erkyzdeecsohoaggpwbjdvavzqfv/Build/Products/Debug-iphonesimulator -F /Applications/Xcode.app/Contents/Developer/Platforms/iPhoneSimulator.platform/Developer/Library/Frameworks -F /Applications/Xcode.app/Contents/Developer/Platforms/iPhoneSimulator.platform/Developer/SDKs/iPhoneSimulator26.4.sdk/Developer/Library/Frameworks -c -j12 -enable-batch-mode -incremental -Xcc -ivfsstatcache -Xcc /Users/aadityasingh/Library/Developer/Xcode/DerivedData/SDKStatCaches.noindex/iphonesimulator26.4-23E252-686eebb5dc1d8ecb277353a59184f4aa.sdkstatcache -output-file-map /Users/aadityasingh/Library/Developer/Xcode/DerivedData/Chatlio-erkyzdeecsohoaggpwbjdvavzqfv/Build/Intermediates.noindex/Version.build/Debug-iphonesimulator/Version.build/Objects-normal/arm64/Version-OutputFileMap.json -use-frontend-parseable-output -save-temps -no-color-diagnostics -explicit-module-build -module-cache-path /Users/aadityasingh/Library/Developer/Xcode/DerivedData/Chatlio-erkyzdeecsohoaggpwbjdvavzqfv/Build/Intermediates.noindex/SwiftExplicitPrecompiledModules -clang-scanner-module-cache-path /Users/aadityasingh/Library/Developer/Xcode/DerivedData/ModuleCache.noindex -sdk-module-cache-path /Users/aadityasingh/Library/Developer/Xcode/DerivedData/ModuleCache.noindex -serialize-diagnostics -emit-dependencies -emit-module -emit-module-path /Users/aadityasingh/Library/Developer/Xcode/DerivedData/Chatlio-erkyzdeecsohoaggpwbjdvavzqfv/Build/Intermediates.noindex/Version.build/Debug-iphonesimulator/Version.build/Objects-normal/arm64/Version.swiftmodule -validate-clang-modules-once -clang-build-session-file /Users/aadityasingh/Library/Developer/Xcode/DerivedData/ModuleCache.noindex/Session.modulevalidation -Xcc -I/Users/aadityasingh/Library/Developer/Xcode/DerivedData/Chatlio-erkyzdeecsohoaggpwbjdvavzqfv/Build/Intermediates.noindex/Version.build/Debug-iphonesimulator/Version.build/swift-overrides.hmap -emit-const-values -Xfrontend -const-gather-protocols-file -Xfrontend /Users/aadityasingh/Library/Developer/Xcode/DerivedData/Chatlio-erkyzdeecsohoaggpwbjdvavzqfv/Build/Intermediates.noindex/Version.build/Debug-iphonesimulator/Version.build/Objects-normal/arm64/Version_const_extract_protocols.json -Xcc -I/Users/aadityasingh/Library/Developer/Xcode/DerivedData/Chatlio-erkyzdeecsohoaggpwbjdvavzqfv/Build/Products/Debug-iphonesimulator/include -Xcc -I/Users/aadityasingh/Library/Developer/Xcode/DerivedData/Chatlio-erkyzdeecsohoaggpwbjdvavzqfv/Build/Intermediates.noindex/Version.build/Debug-iphonesimulator/Version.build/DerivedSources-normal/arm64 -Xcc -I/Users/aadityasingh/Library/Developer/Xcode/DerivedData/Chatlio-erkyzdeecsohoaggpwbjdvavzqfv/Build/Intermediates.noindex/Version.build/Debug-iphonesimulator/Version.build/DerivedSources/arm64 -Xcc -I/Users/aadityasingh/Library/Developer/Xcode/DerivedData/Chatlio-erkyzdeecsohoaggpwbjdvavzqfv/Build/Intermediates.noindex/Version.build/Debug-iphonesimulator/Version.build/DerivedSources -Xcc -DSWIFT_PACKAGE -Xcc -DDEBUG\=1 -emit-objc-header -emit-objc-header-path /Users/aadityasingh/Library/Developer/Xcode/DerivedData/Chatlio-erkyzdeecsohoaggpwbjdvavzqfv/Build/Intermediates.noindex/Version.build/Debug-iphonesimulator/Version.build/Objects-normal/arm64/Version-Swift.h -working-directory /Users/aadityasingh/Documents/Development/element-x-ios/Chatlio.xcodeproj -experimental-emit-module-separately -disable-cmo

SwiftDriverJobDiscovery normal x86_64 Compiling Version+Range.swift (in target 'Version' from project 'Version')

SwiftCompile normal x86_64 Compiling\ View.swift,\ ViewController.swift,\ WebView.swift,\ Window.swift,\ Weak.swift /Users/aadityasingh/Library/Developer/Xcode/DerivedData/Chatlio-erkyzdeecsohoaggpwbjdvavzqfv/SourcePackages/checkouts/SwiftUI-Introspect/Sources/ViewTypes/View.swift /Users/aadityasingh/Library/Developer/Xcode/DerivedData/Chatlio-erkyzdeecsohoaggpwbjdvavzqfv/SourcePackages/checkouts/SwiftUI-Introspect/Sources/ViewTypes/ViewController.swift /Users/aadityasingh/Library/Developer/Xcode/DerivedData/Chatlio-erkyzdeecsohoaggpwbjdvavzqfv/SourcePackages/checkouts/SwiftUI-Introspect/Sources/ViewTypes/WebView.swift /Users/aadityasingh/Library/Developer/Xcode/DerivedData/Chatlio-erkyzdeecsohoaggpwbjdvavzqfv/SourcePackages/checkouts/SwiftUI-Introspect/Sources/ViewTypes/Window.swift /Users/aadityasingh/Library/Developer/Xcode/DerivedData/Chatlio-erkyzdeecsohoaggpwbjdvavzqfv/SourcePackages/checkouts/SwiftUI-Introspect/Sources/Weak.swift (in target 'SwiftUIIntrospect' from project 'swiftui-introspect')

SwiftCompile normal x86_64 /Users/aadityasingh/Library/Developer/Xcode/DerivedData/Chatlio-erkyzdeecsohoaggpwbjdvavzqfv/SourcePackages/checkouts/SwiftUI-Introspect/Sources/ViewTypes/View.swift (in target 'SwiftUIIntrospect' from project 'swiftui-introspect')
    cd /Users/aadityasingh/Documents/Development/element-x-ios/Chatlio.xcodeproj
    

SwiftCompile normal x86_64 /Users/aadityasingh/Library/Developer/Xcode/DerivedData/Chatlio-erkyzdeecsohoaggpwbjdvavzqfv/SourcePackages/checkouts/SwiftUI-Introspect/Sources/ViewTypes/ViewController.swift (in target 'SwiftUIIntrospect' from project 'swiftui-introspect')
    cd /Users/aadityasingh/Documents/Development/element-x-ios/Chatlio.xcodeproj
    

SwiftCompile normal x86_64 /Users/aadityasingh/Library/Developer/Xcode/DerivedData/Chatlio-erkyzdeecsohoaggpwbjdvavzqfv/SourcePackages/checkouts/SwiftUI-Introspect/Sources/ViewTypes/WebView.swift (in target 'SwiftUIIntrospect' from project 'swiftui-introspect')
    cd /Users/aadityasingh/Documents/Development/element-x-ios/Chatlio.xcodeproj
    

SwiftCompile normal x86_64 /Users/aadityasingh/Library/Developer/Xcode/DerivedData/Chatlio-erkyzdeecsohoaggpwbjdvavzqfv/SourcePackages/checkouts/SwiftUI-Introspect/Sources/ViewTypes/Window.swift (in target 'SwiftUIIntrospect' from project 'swiftui-introspect')
    cd /Users/aadityasingh/Documents/Development/element-x-ios/Chatlio.xcodeproj
    

SwiftCompile normal x86_64 /Users/aadityasingh/Library/Developer/Xcode/DerivedData/Chatlio-erkyzdeecsohoaggpwbjdvavzqfv/SourcePackages/checkouts/SwiftUI-Introspect/Sources/Weak.swift (in target 'SwiftUIIntrospect' from project 'swiftui-introspect')
    cd /Users/aadityasingh/Documents/Development/element-x-ios/Chatlio.xcodeproj
    

SwiftCompile normal x86_64 Compiling\ PageControl.swift,\ PickerWithMenuStyle.swift,\ PickerWithSegmentedStyle.swift,\ PickerWithWheelStyle.swift,\ Popover.swift /Users/aadityasingh/Library/Developer/Xcode/DerivedData/Chatlio-erkyzdeecsohoaggpwbjdvavzqfv/SourcePackages/checkouts/SwiftUI-Introspect/Sources/ViewTypes/PageControl.swift /Users/aadityasingh/Library/Developer/Xcode/DerivedData/Chatlio-erkyzdeecsohoaggpwbjdvavzqfv/SourcePackages/checkouts/SwiftUI-Introspect/Sources/ViewTypes/PickerWithMenuStyle.swift /Users/aadityasingh/Library/Developer/Xcode/DerivedData/Chatlio-erkyzdeecsohoaggpwbjdvavzqfv/SourcePackages/checkouts/SwiftUI-Introspect/Sources/ViewTypes/PickerWithSegmentedStyle.swift /Users/aadityasingh/Library/Developer/Xcode/DerivedData/Chatlio-erkyzdeecsohoaggpwbjdvavzqfv/SourcePackages/checkouts/SwiftUI-Introspect/Sources/ViewTypes/PickerWithWheelStyle.swift /Users/aadityasingh/Library/Developer/Xcode/DerivedData/Chatlio-erkyzdeecsohoaggpwbjdvavzqfv/SourcePackages/checkouts/SwiftUI-Introspect/Sources/ViewTypes/Popover.swift (in target 'SwiftUIIntrospect' from project 'swiftui-introspect')

SwiftCompile normal x86_64 /Users/aadityasingh/Library/Developer/Xcode/DerivedData/Chatlio-erkyzdeecsohoaggpwbjdvavzqfv/SourcePackages/checkouts/SwiftUI-Introspect/Sources/ViewTypes/PageControl.swift (in target 'SwiftUIIntrospect' from project 'swiftui-introspect')
    cd /Users/aadityasingh/Documents/Development/element-x-ios/Chatlio.xcodeproj
    

SwiftCompile normal x86_64 /Users/aadityasingh/Library/Developer/Xcode/DerivedData/Chatlio-erkyzdeecsohoaggpwbjdvavzqfv/SourcePackages/checkouts/SwiftUI-Introspect/Sources/ViewTypes/PickerWithMenuStyle.swift (in target 'SwiftUIIntrospect' from project 'swiftui-introspect')
    cd /Users/aadityasingh/Documents/Development/element-x-ios/Chatlio.xcodeproj
    

SwiftCompile normal x86_64 /Users/aadityasingh/Library/Developer/Xcode/DerivedData/Chatlio-erkyzdeecsohoaggpwbjdvavzqfv/SourcePackages/checkouts/SwiftUI-Introspect/Sources/ViewTypes/PickerWithSegmentedStyle.swift (in target 'SwiftUIIntrospect' from project 'swiftui-introspect')
    cd /Users/aadityasingh/Documents/Development/element-x-ios/Chatlio.xcodeproj
    

SwiftCompile normal x86_64 /Users/aadityasingh/Library/Developer/Xcode/DerivedData/Chatlio-erkyzdeecsohoaggpwbjdvavzqfv/SourcePackages/checkouts/SwiftUI-Introspect/Sources/ViewTypes/PickerWithWheelStyle.swift (in target 'SwiftUIIntrospect' from project 'swiftui-introspect')
    cd /Users/aadityasingh/Documents/Development/element-x-ios/Chatlio.xcodeproj
    

SwiftCompile normal x86_64 /Users/aadityasingh/Library/Developer/Xcode/DerivedData/Chatlio-erkyzdeecsohoaggpwbjdvavzqfv/SourcePackages/checkouts/SwiftUI-Introspect/Sources/ViewTypes/Popover.swift (in target 'SwiftUIIntrospect' from project 'swiftui-introspect')
    cd /Users/aadityasingh/Documents/Development/element-x-ios/Chatlio.xcodeproj
    

SwiftCompile normal x86_64 Compiling\ Form.swift,\ FormWithGroupedStyle.swift,\ FullScreenCover.swift,\ List.swift,\ ListCell.swift /Users/aadityasingh/Library/Developer/Xcode/DerivedData/Chatlio-erkyzdeecsohoaggpwbjdvavzqfv/SourcePackages/checkouts/SwiftUI-Introspect/Sources/ViewTypes/Form.swift /Users/aadityasingh/Library/Developer/Xcode/DerivedData/Chatlio-erkyzdeecsohoaggpwbjdvavzqfv/SourcePackages/checkouts/SwiftUI-Introspect/Sources/ViewTypes/FormWithGroupedStyle.swift /Users/aadityasingh/Library/Developer/Xcode/DerivedData/Chatlio-erkyzdeecsohoaggpwbjdvavzqfv/SourcePackages/checkouts/SwiftUI-Introspect/Sources/ViewTypes/FullScreenCover.swift /Users/aadityasingh/Library/Developer/Xcode/DerivedData/Chatlio-erkyzdeecsohoaggpwbjdvavzqfv/SourcePackages/checkouts/SwiftUI-Introspect/Sources/ViewTypes/List.swift /Users/aadityasingh/Library/Developer/Xcode/DerivedData/Chatlio-erkyzdeecsohoaggpwbjdvavzqfv/SourcePackages/checkouts/SwiftUI-Introspect/Sources/ViewTypes/ListCell.swift (in target 'SwiftUIIntrospect' from project 'swiftui-introspect')

SwiftCompile normal x86_64 /Users/aadityasingh/Library/Developer/Xcode/DerivedData/Chatlio-erkyzdeecsohoaggpwbjdvavzqfv/SourcePackages/checkouts/SwiftUI-Introspect/Sources/ViewTypes/Form.swift (in target 'SwiftUIIntrospect' from project 'swiftui-introspect')
    cd /Users/aadityasingh/Documents/Development/element-x-ios/Chatlio.xcodeproj
    

SwiftCompile normal x86_64 /Users/aadityasingh/Library/Developer/Xcode/DerivedData/Chatlio-erkyzdeecsohoaggpwbjdvavzqfv/SourcePackages/checkouts/SwiftUI-Introspect/Sources/ViewTypes/FormWithGroupedStyle.swift (in target 'SwiftUIIntrospect' from project 'swiftui-introspect')
    cd /Users/aadityasingh/Documents/Development/element-x-ios/Chatlio.xcodeproj
    

SwiftCompile normal x86_64 /Users/aadityasingh/Library/Developer/Xcode/DerivedData/Chatlio-erkyzdeecsohoaggpwbjdvavzqfv/SourcePackages/checkouts/SwiftUI-Introspect/Sources/ViewTypes/FullScreenCover.swift (in target 'SwiftUIIntrospect' from project 'swiftui-introspect')
    cd /Users/aadityasingh/Documents/Development/element-x-ios/Chatlio.xcodeproj
    

SwiftCompile normal x86_64 /Users/aadityasingh/Library/Developer/Xcode/DerivedData/Chatlio-erkyzdeecsohoaggpwbjdvavzqfv/SourcePackages/checkouts/SwiftUI-Introspect/Sources/ViewTypes/List.swift (in target 'SwiftUIIntrospect' from project 'swiftui-introspect')
    cd /Users/aadityasingh/Documents/Development/element-x-ios/Chatlio.xcodeproj
    

SwiftCompile normal x86_64 /Users/aadityasingh/Library/Developer/Xcode/DerivedData/Chatlio-erkyzdeecsohoaggpwbjdvavzqfv/SourcePackages/checkouts/SwiftUI-Introspect/Sources/ViewTypes/ListCell.swift (in target 'SwiftUIIntrospect' from project 'swiftui-introspect')
    cd /Users/aadityasingh/Documents/Development/element-x-ios/Chatlio.xcodeproj
    

SwiftCompile normal x86_64 Compiling\ PlatformViewVersion.swift,\ Utils.swift,\ Button.swift,\ ColorPicker.swift,\ DatePicker.swift /Users/aadityasingh/Library/Developer/Xcode/DerivedData/Chatlio-erkyzdeecsohoaggpwbjdvavzqfv/SourcePackages/checkouts/SwiftUI-Introspect/Sources/PlatformViewVersion.swift /Users/aadityasingh/Library/Developer/Xcode/DerivedData/Chatlio-erkyzdeecsohoaggpwbjdvavzqfv/SourcePackages/checkouts/SwiftUI-Introspect/Sources/Utils.swift /Users/aadityasingh/Library/Developer/Xcode/DerivedData/Chatlio-erkyzdeecsohoaggpwbjdvavzqfv/SourcePackages/checkouts/SwiftUI-Introspect/Sources/ViewTypes/Button.swift /Users/aadityasingh/Library/Developer/Xcode/DerivedData/Chatlio-erkyzdeecsohoaggpwbjdvavzqfv/SourcePackages/checkouts/SwiftUI-Introspect/Sources/ViewTypes/ColorPicker.swift /Users/aadityasingh/Library/Developer/Xcode/DerivedData/Chatlio-erkyzdeecsohoaggpwbjdvavzqfv/SourcePackages/checkouts/SwiftUI-Introspect/Sources/ViewTypes/DatePicker.swift (in target 'SwiftUIIntrospect' from project 'swiftui-introspect')

SwiftCompile normal x86_64 /Users/aadityasingh/Library/Developer/Xcode/DerivedData/Chatlio-erkyzdeecsohoaggpwbjdvavzqfv/SourcePackages/checkouts/SwiftUI-Introspect/Sources/PlatformViewVersion.swift (in target 'SwiftUIIntrospect' from project 'swiftui-introspect')
    cd /Users/aadityasingh/Documents/Development/element-x-ios/Chatlio.xcodeproj
    

SwiftCompile normal x86_64 /Users/aadityasingh/Library/Developer/Xcode/DerivedData/Chatlio-erkyzdeecsohoaggpwbjdvavzqfv/SourcePackages/checkouts/SwiftUI-Introspect/Sources/Utils.swift (in target 'SwiftUIIntrospect' from project 'swiftui-introspect')
    cd /Users/aadityasingh/Documents/Development/element-x-ios/Chatlio.xcodeproj
    

SwiftCompile normal x86_64 /Users/aadityasingh/Library/Developer/Xcode/DerivedData/Chatlio-erkyzdeecsohoaggpwbjdvavzqfv/SourcePackages/checkouts/SwiftUI-Introspect/Sources/ViewTypes/Button.swift (in target 'SwiftUIIntrospect' from project 'swiftui-introspect')
    cd /Users/aadityasingh/Documents/Development/element-x-ios/Chatlio.xcodeproj
    

SwiftCompile normal x86_64 /Users/aadityasingh/Library/Developer/Xcode/DerivedData/Chatlio-erkyzdeecsohoaggpwbjdvavzqfv/SourcePackages/checkouts/SwiftUI-Introspect/Sources/ViewTypes/ColorPicker.swift (in target 'SwiftUIIntrospect' from project 'swiftui-introspect')
    cd /Users/aadityasingh/Documents/Development/element-x-ios/Chatlio.xcodeproj
    

SwiftCompile normal x86_64 /Users/aadityasingh/Library/Developer/Xcode/DerivedData/Chatlio-erkyzdeecsohoaggpwbjdvavzqfv/SourcePackages/checkouts/SwiftUI-Introspect/Sources/ViewTypes/DatePicker.swift (in target 'SwiftUIIntrospect' from project 'swiftui-introspect')
    cd /Users/aadityasingh/Documents/Development/element-x-ios/Chatlio.xcodeproj
    

SwiftDriverJobDiscovery normal arm64 Emitting module for Kingfisher (in target 'Kingfisher' from project 'Kingfisher')

SwiftDriver\ Compilation\ Requirements Kingfisher normal arm64 com.apple.xcode.tools.swift.compiler (in target 'Kingfisher' from project 'Kingfisher')
    cd /Users/aadityasingh/Documents/Development/element-x-ios/Chatlio.xcodeproj
    builtin-Swift-Compilation-Requirements -- /Applications/Xcode.app/Contents/Developer/Toolchains/XcodeDefault.xctoolchain/usr/bin/swiftc -module-name Kingfisher -Onone @/Users/aadityasingh/Library/Developer/Xcode/DerivedData/Chatlio-erkyzdeecsohoaggpwbjdvavzqfv/Build/Intermediates.noindex/Kingfisher.build/Debug-iphonesimulator/Kingfisher.build/Objects-normal/arm64/Kingfisher.SwiftFileList -DSWIFT_PACKAGE -DDEBUG -DSWIFT_MODULE_RESOURCE_BUNDLE_AVAILABLE -DXcode -plugin-path /Applications/Xcode.app/Contents/Developer/Toolchains/XcodeDefault.xctoolchain/usr/lib/swift/host/plugins/testing -enable-experimental-feature DebugDescriptionMacro -sdk /Applications/Xcode.app/Contents/Developer/Platforms/iPhoneSimulator.platform/Developer/SDKs/iPhoneSimulator26.4.sdk -target arm64-apple-ios13.0-simulator -g -module-cache-path /Users/aadityasingh/Library/Developer/Xcode/DerivedData/ModuleCache.noindex -Xfrontend -serialize-debugging-options -profile-coverage-mapping -profile-generate -enable-testing -suppress-warnings -index-store-path /Users/aadityasingh/Library/Developer/Xcode/DerivedData/Chatlio-erkyzdeecsohoaggpwbjdvavzqfv/Index.noindex/DataStore -Xcc -D_LIBCPP_HARDENING_MODE\=_LIBCPP_HARDENING_MODE_DEBUG -swift-version 5 -I /Users/aadityasingh/Library/Developer/Xcode/DerivedData/Chatlio-erkyzdeecsohoaggpwbjdvavzqfv/Build/Products/Debug-iphonesimulator -Isystem /Applications/Xcode.app/Contents/Developer/Platforms/iPhoneSimulator.platform/Developer/usr/lib -F /Users/aadityasingh/Library/Developer/Xcode/DerivedData/Chatlio-erkyzdeecsohoaggpwbjdvavzqfv/Build/Products/Debug-iphonesimulator -F /Applications/Xcode.app/Contents/Developer/Platforms/iPhoneSimulator.platform/Developer/Library/Frameworks -F /Applications/Xcode.app/Contents/Developer/Platforms/iPhoneSimulator.platform/Developer/SDKs/iPhoneSimulator26.4.sdk/Developer/Library/Frameworks -c -j12 -enable-batch-mode -incremental -Xcc -ivfsstatcache -Xcc /Users/aadityasingh/Library/Developer/Xcode/DerivedData/SDKStatCaches.noindex/iphonesimulator26.4-23E252-686eebb5dc1d8ecb277353a59184f4aa.sdkstatcache -output-file-map /Users/aadityasingh/Library/Developer/Xcode/DerivedData/Chatlio-erkyzdeecsohoaggpwbjdvavzqfv/Build/Intermediates.noindex/Kingfisher.build/Debug-iphonesimulator/Kingfisher.build/Objects-normal/arm64/Kingfisher-OutputFileMap.json -use-frontend-parseable-output -save-temps -no-color-diagnostics -explicit-module-build -module-cache-path /Users/aadityasingh/Library/Developer/Xcode/DerivedData/Chatlio-erkyzdeecsohoaggpwbjdvavzqfv/Build/Intermediates.noindex/SwiftExplicitPrecompiledModules -clang-scanner-module-cache-path /Users/aadityasingh/Library/Developer/Xcode/DerivedData/ModuleCache.noindex -sdk-module-cache-path /Users/aadityasingh/Library/Developer/Xcode/DerivedData/ModuleCache.noindex -serialize-diagnostics -emit-dependencies -emit-module -emit-module-path /Users/aadityasingh/Library/Developer/Xcode/DerivedData/Chatlio-erkyzdeecsohoaggpwbjdvavzqfv/Build/Intermediates.noindex/Kingfisher.build/Debug-iphonesimulator/Kingfisher.build/Objects-normal/arm64/Kingfisher.swiftmodule -validate-clang-modules-once -clang-build-session-file /Users/aadityasingh/Library/Developer/Xcode/DerivedData/ModuleCache.noindex/Session.modulevalidation -package-name kingfisher -Xcc -I/Users/aadityasingh/Library/Developer/Xcode/DerivedData/Chatlio-erkyzdeecsohoaggpwbjdvavzqfv/Build/Intermediates.noindex/Kingfisher.build/Debug-iphonesimulator/Kingfisher.build/swift-overrides.hmap -emit-const-values -Xfrontend -const-gather-protocols-file -Xfrontend /Users/aadityasingh/Library/Developer/Xcode/DerivedData/Chatlio-erkyzdeecsohoaggpwbjdvavzqfv/Build/Intermediates.noindex/Kingfisher.build/Debug-iphonesimulator/Kingfisher.build/Objects-normal/arm64/Kingfisher_const_extract_protocols.json -Xcc -I/Users/aadityasingh/Library/Developer/Xcode/DerivedData/Chatlio-erkyzdeecsohoaggpwbjdvavzqfv/Build/Products/Debug-iphonesimulator/include -Xcc -I/Users/aadityasingh/Library/Developer/Xcode/DerivedData/Chatlio-erkyzdeecsohoaggpwbjdvavzqfv/Build/Intermediates.noindex/Kingfisher.build/Debug-iphonesimulator/Kingfisher.build/DerivedSources-normal/arm64 -Xcc -I/Users/aadityasingh/Library/Developer/Xcode/DerivedData/Chatlio-erkyzdeecsohoaggpwbjdvavzqfv/Build/Intermediates.noindex/Kingfisher.build/Debug-iphonesimulator/Kingfisher.build/DerivedSources/arm64 -Xcc -I/Users/aadityasingh/Library/Developer/Xcode/DerivedData/Chatlio-erkyzdeecsohoaggpwbjdvavzqfv/Build/Intermediates.noindex/Kingfisher.build/Debug-iphonesimulator/Kingfisher.build/DerivedSources -Xcc -DSWIFT_PACKAGE -Xcc -DDEBUG\=1 -emit-objc-header -emit-objc-header-path /Users/aadityasingh/Library/Developer/Xcode/DerivedData/Chatlio-erkyzdeecsohoaggpwbjdvavzqfv/Build/Intermediates.noindex/Kingfisher.build/Debug-iphonesimulator/Kingfisher.build/Objects-normal/arm64/Kingfisher-Swift.h -working-directory /Users/aadityasingh/Documents/Development/element-x-ios/Chatlio.xcodeproj -experimental-emit-module-separately -disable-cmo

SwiftEmitModule normal arm64 Emitting\ module\ for\ SwiftUIIntrospect (in target 'SwiftUIIntrospect' from project 'swiftui-introspect')

EmitSwiftModule normal arm64 (in target 'SwiftUIIntrospect' from project 'swiftui-introspect')
    cd /Users/aadityasingh/Documents/Development/element-x-ios/Chatlio.xcodeproj
    

SwiftMergeGeneratedHeaders /Users/aadityasingh/Library/Developer/Xcode/DerivedData/Chatlio-erkyzdeecsohoaggpwbjdvavzqfv/Build/Intermediates.noindex/GeneratedModuleMaps-iphonesimulator/Kingfisher-Swift.h /Users/aadityasingh/Library/Developer/Xcode/DerivedData/Chatlio-erkyzdeecsohoaggpwbjdvavzqfv/Build/Intermediates.noindex/Kingfisher.build/Debug-iphonesimulator/Kingfisher.build/Objects-normal/arm64/Kingfisher-Swift.h /Users/aadityasingh/Library/Developer/Xcode/DerivedData/Chatlio-erkyzdeecsohoaggpwbjdvavzqfv/Build/Intermediates.noindex/Kingfisher.build/Debug-iphonesimulator/Kingfisher.build/Objects-normal/x86_64/Kingfisher-Swift.h (in target 'Kingfisher' from project 'Kingfisher')
    cd /Users/aadityasingh/Library/Developer/Xcode/DerivedData/Chatlio-erkyzdeecsohoaggpwbjdvavzqfv/SourcePackages/checkouts/Kingfisher
    builtin-swiftHeaderTool -arch arm64 /Users/aadityasingh/Library/Developer/Xcode/DerivedData/Chatlio-erkyzdeecsohoaggpwbjdvavzqfv/Build/Intermediates.noindex/Kingfisher.build/Debug-iphonesimulator/Kingfisher.build/Objects-normal/arm64/Kingfisher-Swift.h -arch x86_64 /Users/aadityasingh/Library/Developer/Xcode/DerivedData/Chatlio-erkyzdeecsohoaggpwbjdvavzqfv/Build/Intermediates.noindex/Kingfisher.build/Debug-iphonesimulator/Kingfisher.build/Objects-normal/x86_64/Kingfisher-Swift.h -o /Users/aadityasingh/Library/Developer/Xcode/DerivedData/Chatlio-erkyzdeecsohoaggpwbjdvavzqfv/Build/Intermediates.noindex/GeneratedModuleMaps-iphonesimulator/Kingfisher-Swift.h

SwiftEmitModule normal arm64 Emitting\ module\ for\ SentrySwiftUI (in target 'SentrySwiftUI' from project 'Sentry')

EmitSwiftModule normal arm64 (in target 'SentrySwiftUI' from project 'Sentry')
    cd /Users/aadityasingh/Documents/Development/element-x-ios/Chatlio.xcodeproj
    

Copy /Users/aadityasingh/Library/Developer/Xcode/DerivedData/Chatlio-erkyzdeecsohoaggpwbjdvavzqfv/Build/Products/Debug-iphonesimulator/Kingfisher.swiftmodule/arm64-apple-ios-simulator.swiftmodule /Users/aadityasingh/Library/Developer/Xcode/DerivedData/Chatlio-erkyzdeecsohoaggpwbjdvavzqfv/Build/Intermediates.noindex/Kingfisher.build/Debug-iphonesimulator/Kingfisher.build/Objects-normal/arm64/Kingfisher.swiftmodule (in target 'Kingfisher' from project 'Kingfisher')
    cd /Users/aadityasingh/Library/Developer/Xcode/DerivedData/Chatlio-erkyzdeecsohoaggpwbjdvavzqfv/SourcePackages/checkouts/Kingfisher
    builtin-copy -exclude .DS_Store -exclude CVS -exclude .svn -exclude .git -exclude .hg -resolve-src-symlinks -rename /Users/aadityasingh/Library/Developer/Xcode/DerivedData/Chatlio-erkyzdeecsohoaggpwbjdvavzqfv/Build/Intermediates.noindex/Kingfisher.build/Debug-iphonesimulator/Kingfisher.build/Objects-normal/arm64/Kingfisher.swiftmodule /Users/aadityasingh/Library/Developer/Xcode/DerivedData/Chatlio-erkyzdeecsohoaggpwbjdvavzqfv/Build/Products/Debug-iphonesimulator/Kingfisher.swiftmodule/arm64-apple-ios-simulator.swiftmodule

SwiftDriverJobDiscovery normal x86_64 Compiling Version+Foundation.swift (in target 'Version' from project 'Version')

Copy /Users/aadityasingh/Library/Developer/Xcode/DerivedData/Chatlio-erkyzdeecsohoaggpwbjdvavzqfv/Build/Products/Debug-iphonesimulator/Kingfisher.swiftmodule/arm64-apple-ios-simulator.swiftdoc /Users/aadityasingh/Library/Developer/Xcode/DerivedData/Chatlio-erkyzdeecsohoaggpwbjdvavzqfv/Build/Intermediates.noindex/Kingfisher.build/Debug-iphonesimulator/Kingfisher.build/Objects-normal/arm64/Kingfisher.swiftdoc (in target 'Kingfisher' from project 'Kingfisher')
    cd /Users/aadityasingh/Library/Developer/Xcode/DerivedData/Chatlio-erkyzdeecsohoaggpwbjdvavzqfv/SourcePackages/checkouts/Kingfisher
    builtin-copy -exclude .DS_Store -exclude CVS -exclude .svn -exclude .git -exclude .hg -resolve-src-symlinks -rename /Users/aadityasingh/Library/Developer/Xcode/DerivedData/Chatlio-erkyzdeecsohoaggpwbjdvavzqfv/Build/Intermediates.noindex/Kingfisher.build/Debug-iphonesimulator/Kingfisher.build/Objects-normal/arm64/Kingfisher.swiftdoc /Users/aadityasingh/Library/Developer/Xcode/DerivedData/Chatlio-erkyzdeecsohoaggpwbjdvavzqfv/Build/Products/Debug-iphonesimulator/Kingfisher.swiftmodule/arm64-apple-ios-simulator.swiftdoc

Copy /Users/aadityasingh/Library/Developer/Xcode/DerivedData/Chatlio-erkyzdeecsohoaggpwbjdvavzqfv/Build/Products/Debug-iphonesimulator/Kingfisher.swiftmodule/arm64-apple-ios-simulator.abi.json /Users/aadityasingh/Library/Developer/Xcode/DerivedData/Chatlio-erkyzdeecsohoaggpwbjdvavzqfv/Build/Intermediates.noindex/Kingfisher.build/Debug-iphonesimulator/Kingfisher.build/Objects-normal/arm64/Kingfisher.abi.json (in target 'Kingfisher' from project 'Kingfisher')
    cd /Users/aadityasingh/Library/Developer/Xcode/DerivedData/Chatlio-erkyzdeecsohoaggpwbjdvavzqfv/SourcePackages/checkouts/Kingfisher
    builtin-copy -exclude .DS_Store -exclude CVS -exclude .svn -exclude .git -exclude .hg -resolve-src-symlinks -rename /Users/aadityasingh/Library/Developer/Xcode/DerivedData/Chatlio-erkyzdeecsohoaggpwbjdvavzqfv/Build/Intermediates.noindex/Kingfisher.build/Debug-iphonesimulator/Kingfisher.build/Objects-normal/arm64/Kingfisher.abi.json /Users/aadityasingh/Library/Developer/Xcode/DerivedData/Chatlio-erkyzdeecsohoaggpwbjdvavzqfv/Build/Products/Debug-iphonesimulator/Kingfisher.swiftmodule/arm64-apple-ios-simulator.abi.json

Copy /Users/aadityasingh/Library/Developer/Xcode/DerivedData/Chatlio-erkyzdeecsohoaggpwbjdvavzqfv/Build/Products/Debug-iphonesimulator/Kingfisher.swiftmodule/Project/arm64-apple-ios-simulator.swiftsourceinfo /Users/aadityasingh/Library/Developer/Xcode/DerivedData/Chatlio-erkyzdeecsohoaggpwbjdvavzqfv/Build/Intermediates.noindex/Kingfisher.build/Debug-iphonesimulator/Kingfisher.build/Objects-normal/arm64/Kingfisher.swiftsourceinfo (in target 'Kingfisher' from project 'Kingfisher')
    cd /Users/aadityasingh/Library/Developer/Xcode/DerivedData/Chatlio-erkyzdeecsohoaggpwbjdvavzqfv/SourcePackages/checkouts/Kingfisher
    builtin-copy -exclude .DS_Store -exclude CVS -exclude .svn -exclude .git -exclude .hg -resolve-src-symlinks -rename /Users/aadityasingh/Library/Developer/Xcode/DerivedData/Chatlio-erkyzdeecsohoaggpwbjdvavzqfv/Build/Intermediates.noindex/Kingfisher.build/Debug-iphonesimulator/Kingfisher.build/Objects-normal/arm64/Kingfisher.swiftsourceinfo /Users/aadityasingh/Library/Developer/Xcode/DerivedData/Chatlio-erkyzdeecsohoaggpwbjdvavzqfv/Build/Products/Debug-iphonesimulator/Kingfisher.swiftmodule/Project/arm64-apple-ios-simulator.swiftsourceinfo

SwiftDriver\ Compilation Version normal x86_64 com.apple.xcode.tools.swift.compiler (in target 'Version' from project 'Version')
    cd /Users/aadityasingh/Documents/Development/element-x-ios/Chatlio.xcodeproj
    builtin-Swift-Compilation -- /Applications/Xcode.app/Contents/Developer/Toolchains/XcodeDefault.xctoolchain/usr/bin/swiftc -module-name Version -Onone @/Users/aadityasingh/Library/Developer/Xcode/DerivedData/Chatlio-erkyzdeecsohoaggpwbjdvavzqfv/Build/Intermediates.noindex/Version.build/Debug-iphonesimulator/Version.build/Objects-normal/x86_64/Version.SwiftFileList -DSWIFT_PACKAGE -DDEBUG -DSWIFT_MODULE_RESOURCE_BUNDLE_UNAVAILABLE -DXcode -plugin-path /Applications/Xcode.app/Contents/Developer/Toolchains/XcodeDefault.xctoolchain/usr/lib/swift/host/plugins/testing -enable-experimental-feature DebugDescriptionMacro -sdk /Applications/Xcode.app/Contents/Developer/Platforms/iPhoneSimulator.platform/Developer/SDKs/iPhoneSimulator26.4.sdk -target x86_64-apple-ios12.0-simulator -g -module-cache-path /Users/aadityasingh/Library/Developer/Xcode/DerivedData/ModuleCache.noindex -Xfrontend -serialize-debugging-options -profile-coverage-mapping -profile-generate -enable-testing -suppress-warnings -index-store-path /Users/aadityasingh/Library/Developer/Xcode/DerivedData/Chatlio-erkyzdeecsohoaggpwbjdvavzqfv/Index.noindex/DataStore -Xcc -D_LIBCPP_HARDENING_MODE\=_LIBCPP_HARDENING_MODE_DEBUG -swift-version 5 -I /Users/aadityasingh/Library/Developer/Xcode/DerivedData/Chatlio-erkyzdeecsohoaggpwbjdvavzqfv/Build/Products/Debug-iphonesimulator -Isystem /Applications/Xcode.app/Contents/Developer/Platforms/iPhoneSimulator.platform/Developer/usr/lib -F /Users/aadityasingh/Library/Developer/Xcode/DerivedData/Chatlio-erkyzdeecsohoaggpwbjdvavzqfv/Build/Products/Debug-iphonesimulator -F /Applications/Xcode.app/Contents/Developer/Platforms/iPhoneSimulator.platform/Developer/Library/Frameworks -F /Applications/Xcode.app/Contents/Developer/Platforms/iPhoneSimulator.platform/Developer/SDKs/iPhoneSimulator26.4.sdk/Developer/Library/Frameworks -c -j12 -enable-batch-mode -incremental -Xcc -ivfsstatcache -Xcc /Users/aadityasingh/Library/Developer/Xcode/DerivedData/SDKStatCaches.noindex/iphonesimulator26.4-23E252-686eebb5dc1d8ecb277353a59184f4aa.sdkstatcache -output-file-map /Users/aadityasingh/Library/Developer/Xcode/DerivedData/Chatlio-erkyzdeecsohoaggpwbjdvavzqfv/Build/Intermediates.noindex/Version.build/Debug-iphonesimulator/Version.build/Objects-normal/x86_64/Version-OutputFileMap.json -use-frontend-parseable-output -save-temps -no-color-diagnostics -explicit-module-build -module-cache-path /Users/aadityasingh/Library/Developer/Xcode/DerivedData/Chatlio-erkyzdeecsohoaggpwbjdvavzqfv/Build/Intermediates.noindex/SwiftExplicitPrecompiledModules -clang-scanner-module-cache-path /Users/aadityasingh/Library/Developer/Xcode/DerivedData/ModuleCache.noindex -sdk-module-cache-path /Users/aadityasingh/Library/Developer/Xcode/DerivedData/ModuleCache.noindex -serialize-diagnostics -emit-dependencies -emit-module -emit-module-path /Users/aadityasingh/Library/Developer/Xcode/DerivedData/Chatlio-erkyzdeecsohoaggpwbjdvavzqfv/Build/Intermediates.noindex/Version.build/Debug-iphonesimulator/Version.build/Objects-normal/x86_64/Version.swiftmodule -validate-clang-modules-once -clang-build-session-file /Users/aadityasingh/Library/Developer/Xcode/DerivedData/ModuleCache.noindex/Session.modulevalidation -Xcc -I/Users/aadityasingh/Library/Developer/Xcode/DerivedData/Chatlio-erkyzdeecsohoaggpwbjdvavzqfv/Build/Intermediates.noindex/Version.build/Debug-iphonesimulator/Version.build/swift-overrides.hmap -emit-const-values -Xfrontend -const-gather-protocols-file -Xfrontend /Users/aadityasingh/Library/Developer/Xcode/DerivedData/Chatlio-erkyzdeecsohoaggpwbjdvavzqfv/Build/Intermediates.noindex/Version.build/Debug-iphonesimulator/Version.build/Objects-normal/x86_64/Version_const_extract_protocols.json -Xcc -I/Users/aadityasingh/Library/Developer/Xcode/DerivedData/Chatlio-erkyzdeecsohoaggpwbjdvavzqfv/Build/Products/Debug-iphonesimulator/include -Xcc -I/Users/aadityasingh/Library/Developer/Xcode/DerivedData/Chatlio-erkyzdeecsohoaggpwbjdvavzqfv/Build/Intermediates.noindex/Version.build/Debug-iphonesimulator/Version.build/DerivedSources-normal/x86_64 -Xcc -I/Users/aadityasingh/Library/Developer/Xcode/DerivedData/Chatlio-erkyzdeecsohoaggpwbjdvavzqfv/Build/Intermediates.noindex/Version.build/Debug-iphonesimulator/Version.build/DerivedSources/x86_64 -Xcc -I/Users/aadityasingh/Library/Developer/Xcode/DerivedData/Chatlio-erkyzdeecsohoaggpwbjdvavzqfv/Build/Intermediates.noindex/Version.build/Debug-iphonesimulator/Version.build/DerivedSources -Xcc -DSWIFT_PACKAGE -Xcc -DDEBUG\=1 -emit-objc-header -emit-objc-header-path /Users/aadityasingh/Library/Developer/Xcode/DerivedData/Chatlio-erkyzdeecsohoaggpwbjdvavzqfv/Build/Intermediates.noindex/Version.build/Debug-iphonesimulator/Version.build/Objects-normal/x86_64/Version-Swift.h -working-directory /Users/aadityasingh/Documents/Development/element-x-ios/Chatlio.xcodeproj -experimental-emit-module-separately -disable-cmo

SwiftCompile normal arm64 Compiling\ DatePickerWithCompactStyle.swift,\ DatePickerWithFieldStyle.swift,\ DatePickerWithGraphicalStyle.swift,\ DatePickerWithStepperFieldStyle.swift,\ DatePickerWithWheelStyle.swift /Users/aadityasingh/Library/Developer/Xcode/DerivedData/Chatlio-erkyzdeecsohoaggpwbjdvavzqfv/SourcePackages/checkouts/SwiftUI-Introspect/Sources/ViewTypes/DatePickerWithCompactStyle.swift /Users/aadityasingh/Library/Developer/Xcode/DerivedData/Chatlio-erkyzdeecsohoaggpwbjdvavzqfv/SourcePackages/checkouts/SwiftUI-Introspect/Sources/ViewTypes/DatePickerWithFieldStyle.swift /Users/aadityasingh/Library/Developer/Xcode/DerivedData/Chatlio-erkyzdeecsohoaggpwbjdvavzqfv/SourcePackages/checkouts/SwiftUI-Introspect/Sources/ViewTypes/DatePickerWithGraphicalStyle.swift /Users/aadityasingh/Library/Developer/Xcode/DerivedData/Chatlio-erkyzdeecsohoaggpwbjdvavzqfv/SourcePackages/checkouts/SwiftUI-Introspect/Sources/ViewTypes/DatePickerWithStepperFieldStyle.swift /Users/aadityasingh/Library/Developer/Xcode/DerivedData/Chatlio-erkyzdeecsohoaggpwbjdvavzqfv/SourcePackages/checkouts/SwiftUI-Introspect/Sources/ViewTypes/DatePickerWithWheelStyle.swift (in target 'SwiftUIIntrospect' from project 'swiftui-introspect')

SwiftCompile normal arm64 /Users/aadityasingh/Library/Developer/Xcode/DerivedData/Chatlio-erkyzdeecsohoaggpwbjdvavzqfv/SourcePackages/checkouts/SwiftUI-Introspect/Sources/ViewTypes/DatePickerWithCompactStyle.swift (in target 'SwiftUIIntrospect' from project 'swiftui-introspect')
    cd /Users/aadityasingh/Documents/Development/element-x-ios/Chatlio.xcodeproj
    

SwiftCompile normal arm64 /Users/aadityasingh/Library/Developer/Xcode/DerivedData/Chatlio-erkyzdeecsohoaggpwbjdvavzqfv/SourcePackages/checkouts/SwiftUI-Introspect/Sources/ViewTypes/DatePickerWithFieldStyle.swift (in target 'SwiftUIIntrospect' from project 'swiftui-introspect')
    cd /Users/aadityasingh/Documents/Development/element-x-ios/Chatlio.xcodeproj
    

SwiftCompile normal arm64 /Users/aadityasingh/Library/Developer/Xcode/DerivedData/Chatlio-erkyzdeecsohoaggpwbjdvavzqfv/SourcePackages/checkouts/SwiftUI-Introspect/Sources/ViewTypes/DatePickerWithGraphicalStyle.swift (in target 'SwiftUIIntrospect' from project 'swiftui-introspect')
    cd /Users/aadityasingh/Documents/Development/element-x-ios/Chatlio.xcodeproj
    

SwiftCompile normal arm64 /Users/aadityasingh/Library/Developer/Xcode/DerivedData/Chatlio-erkyzdeecsohoaggpwbjdvavzqfv/SourcePackages/checkouts/SwiftUI-Introspect/Sources/ViewTypes/DatePickerWithStepperFieldStyle.swift (in target 'SwiftUIIntrospect' from project 'swiftui-introspect')
    cd /Users/aadityasingh/Documents/Development/element-x-ios/Chatlio.xcodeproj
    

SwiftCompile normal arm64 /Users/aadityasingh/Library/Developer/Xcode/DerivedData/Chatlio-erkyzdeecsohoaggpwbjdvavzqfv/SourcePackages/checkouts/SwiftUI-Introspect/Sources/ViewTypes/DatePickerWithWheelStyle.swift (in target 'SwiftUIIntrospect' from project 'swiftui-introspect')
    cd /Users/aadityasingh/Documents/Development/element-x-ios/Chatlio.xcodeproj
    

SwiftCompile normal arm64 Compiling\ View.swift,\ ViewController.swift,\ WebView.swift,\ Window.swift,\ Weak.swift /Users/aadityasingh/Library/Developer/Xcode/DerivedData/Chatlio-erkyzdeecsohoaggpwbjdvavzqfv/SourcePackages/checkouts/SwiftUI-Introspect/Sources/ViewTypes/View.swift /Users/aadityasingh/Library/Developer/Xcode/DerivedData/Chatlio-erkyzdeecsohoaggpwbjdvavzqfv/SourcePackages/checkouts/SwiftUI-Introspect/Sources/ViewTypes/ViewController.swift /Users/aadityasingh/Library/Developer/Xcode/DerivedData/Chatlio-erkyzdeecsohoaggpwbjdvavzqfv/SourcePackages/checkouts/SwiftUI-Introspect/Sources/ViewTypes/WebView.swift /Users/aadityasingh/Library/Developer/Xcode/DerivedData/Chatlio-erkyzdeecsohoaggpwbjdvavzqfv/SourcePackages/checkouts/SwiftUI-Introspect/Sources/ViewTypes/Window.swift /Users/aadityasingh/Library/Developer/Xcode/DerivedData/Chatlio-erkyzdeecsohoaggpwbjdvavzqfv/SourcePackages/checkouts/SwiftUI-Introspect/Sources/Weak.swift (in target 'SwiftUIIntrospect' from project 'swiftui-introspect')

SwiftCompile normal arm64 /Users/aadityasingh/Library/Developer/Xcode/DerivedData/Chatlio-erkyzdeecsohoaggpwbjdvavzqfv/SourcePackages/checkouts/SwiftUI-Introspect/Sources/ViewTypes/View.swift (in target 'SwiftUIIntrospect' from project 'swiftui-introspect')
    cd /Users/aadityasingh/Documents/Development/element-x-ios/Chatlio.xcodeproj
    

SwiftCompile normal arm64 /Users/aadityasingh/Library/Developer/Xcode/DerivedData/Chatlio-erkyzdeecsohoaggpwbjdvavzqfv/SourcePackages/checkouts/SwiftUI-Introspect/Sources/ViewTypes/ViewController.swift (in target 'SwiftUIIntrospect' from project 'swiftui-introspect')
    cd /Users/aadityasingh/Documents/Development/element-x-ios/Chatlio.xcodeproj
    

SwiftCompile normal arm64 /Users/aadityasingh/Library/Developer/Xcode/DerivedData/Chatlio-erkyzdeecsohoaggpwbjdvavzqfv/SourcePackages/checkouts/SwiftUI-Introspect/Sources/ViewTypes/WebView.swift (in target 'SwiftUIIntrospect' from project 'swiftui-introspect')
    cd /Users/aadityasingh/Documents/Development/element-x-ios/Chatlio.xcodeproj
    

SwiftCompile normal arm64 /Users/aadityasingh/Library/Developer/Xcode/DerivedData/Chatlio-erkyzdeecsohoaggpwbjdvavzqfv/SourcePackages/checkouts/SwiftUI-Introspect/Sources/ViewTypes/Window.swift (in target 'SwiftUIIntrospect' from project 'swiftui-introspect')
    cd /Users/aadityasingh/Documents/Development/element-x-ios/Chatlio.xcodeproj
    

SwiftCompile normal arm64 /Users/aadityasingh/Library/Developer/Xcode/DerivedData/Chatlio-erkyzdeecsohoaggpwbjdvavzqfv/SourcePackages/checkouts/SwiftUI-Introspect/Sources/Weak.swift (in target 'SwiftUIIntrospect' from project 'swiftui-introspect')
    cd /Users/aadityasingh/Documents/Development/element-x-ios/Chatlio.xcodeproj
    

SwiftDriverJobDiscovery normal arm64 Emitting module for SentrySwiftUI (in target 'SentrySwiftUI' from project 'Sentry')

SwiftDriver\ Compilation\ Requirements SentrySwiftUI normal arm64 com.apple.xcode.tools.swift.compiler (in target 'SentrySwiftUI' from project 'Sentry')
    cd /Users/aadityasingh/Documents/Development/element-x-ios/Chatlio.xcodeproj
    builtin-Swift-Compilation-Requirements -- /Applications/Xcode.app/Contents/Developer/Toolchains/XcodeDefault.xctoolchain/usr/bin/swiftc -module-name SentrySwiftUI -Onone @/Users/aadityasingh/Library/Developer/Xcode/DerivedData/Chatlio-erkyzdeecsohoaggpwbjdvavzqfv/Build/Intermediates.noindex/Sentry.build/Debug-iphonesimulator/SentrySwiftUI.build/Objects-normal/arm64/SentrySwiftUI.SwiftFileList -DSWIFT_PACKAGE -DDEBUG -DSWIFT_MODULE_RESOURCE_BUNDLE_UNAVAILABLE -Xcc -fmodule-map-file\=/Users/aadityasingh/Library/Developer/Xcode/DerivedData/Chatlio-erkyzdeecsohoaggpwbjdvavzqfv/Build/Intermediates.noindex/GeneratedModuleMaps-iphonesimulator/SentryInternal.modulemap -DXcode -plugin-path /Applications/Xcode.app/Contents/Developer/Toolchains/XcodeDefault.xctoolchain/usr/lib/swift/host/plugins/testing -enable-experimental-feature DebugDescriptionMacro -sdk /Applications/Xcode.app/Contents/Developer/Platforms/iPhoneSimulator.platform/Developer/SDKs/iPhoneSimulator26.4.sdk -target arm64-apple-ios15.0-simulator -g -module-cache-path /Users/aadityasingh/Library/Developer/Xcode/DerivedData/ModuleCache.noindex -Xfrontend -serialize-debugging-options -profile-coverage-mapping -profile-generate -enable-testing -suppress-warnings -index-store-path /Users/aadityasingh/Library/Developer/Xcode/DerivedData/Chatlio-erkyzdeecsohoaggpwbjdvavzqfv/Index.noindex/DataStore -Xcc -D_LIBCPP_HARDENING_MODE\=_LIBCPP_HARDENING_MODE_DEBUG -swift-version 5 -I /Users/aadityasingh/Library/Developer/Xcode/DerivedData/Chatlio-erkyzdeecsohoaggpwbjdvavzqfv/Build/Products/Debug-iphonesimulator -Isystem /Applications/Xcode.app/Contents/Developer/Platforms/iPhoneSimulator.platform/Developer/usr/lib -F /Users/aadityasingh/Library/Developer/Xcode/DerivedData/Chatlio-erkyzdeecsohoaggpwbjdvavzqfv/Build/Products/Debug-iphonesimulator/PackageFrameworks -F /Users/aadityasingh/Library/Developer/Xcode/DerivedData/Chatlio-erkyzdeecsohoaggpwbjdvavzqfv/Build/Products/Debug-iphonesimulator -F /Applications/Xcode.app/Contents/Developer/Platforms/iPhoneSimulator.platform/Developer/Library/Frameworks -F /Applications/Xcode.app/Contents/Developer/Platforms/iPhoneSimulator.platform/Developer/SDKs/iPhoneSimulator26.4.sdk/Developer/Library/Frameworks -c -j12 -enable-batch-mode -incremental -Xcc -ivfsstatcache -Xcc /Users/aadityasingh/Library/Developer/Xcode/DerivedData/SDKStatCaches.noindex/iphonesimulator26.4-23E252-686eebb5dc1d8ecb277353a59184f4aa.sdkstatcache -output-file-map /Users/aadityasingh/Library/Developer/Xcode/DerivedData/Chatlio-erkyzdeecsohoaggpwbjdvavzqfv/Build/Intermediates.noindex/Sentry.build/Debug-iphonesimulator/SentrySwiftUI.build/Objects-normal/arm64/SentrySwiftUI-OutputFileMap.json -use-frontend-parseable-output -save-temps -no-color-diagnostics -explicit-module-build -module-cache-path /Users/aadityasingh/Library/Developer/Xcode/DerivedData/Chatlio-erkyzdeecsohoaggpwbjdvavzqfv/Build/Intermediates.noindex/SwiftExplicitPrecompiledModules -clang-scanner-module-cache-path /Users/aadityasingh/Library/Developer/Xcode/DerivedData/ModuleCache.noindex -sdk-module-cache-path /Users/aadityasingh/Library/Developer/Xcode/DerivedData/ModuleCache.noindex -serialize-diagnostics -emit-dependencies -emit-module -emit-module-path /Users/aadityasingh/Library/Developer/Xcode/DerivedData/Chatlio-erkyzdeecsohoaggpwbjdvavzqfv/Build/Intermediates.noindex/Sentry.build/Debug-iphonesimulator/SentrySwiftUI.build/Objects-normal/arm64/SentrySwiftUI.swiftmodule -user-module-version 9.2.0 -validate-clang-modules-once -clang-build-session-file /Users/aadityasingh/Library/Developer/Xcode/DerivedData/ModuleCache.noindex/Session.modulevalidation -package-name sentry_cocoa -Xcc -I/Users/aadityasingh/Library/Developer/Xcode/DerivedData/Chatlio-erkyzdeecsohoaggpwbjdvavzqfv/Build/Intermediates.noindex/Sentry.build/Debug-iphonesimulator/SentrySwiftUI.build/swift-overrides.hmap -emit-const-values -Xfrontend -const-gather-protocols-file -Xfrontend /Users/aadityasingh/Library/Developer/Xcode/DerivedData/Chatlio-erkyzdeecsohoaggpwbjdvavzqfv/Build/Intermediates.noindex/Sentry.build/Debug-iphonesimulator/SentrySwiftUI.build/Objects-normal/arm64/SentrySwiftUI_const_extract_protocols.json -Xcc -I/Users/aadityasingh/Library/Developer/Xcode/DerivedData/Chatlio-erkyzdeecsohoaggpwbjdvavzqfv/SourcePackages/checkouts/sentry-cocoa/Sources/SentrySwiftUI/SentryInternal -Xcc -I/Users/aadityasingh/Library/Developer/Xcode/DerivedData/Chatlio-erkyzdeecsohoaggpwbjdvavzqfv/Build/Products/Debug-iphonesimulator/include -Xcc -I/Users/aadityasingh/Library/Developer/Xcode/DerivedData/Chatlio-erkyzdeecsohoaggpwbjdvavzqfv/Build/Intermediates.noindex/Sentry.build/Debug-iphonesimulator/SentrySwiftUI.build/DerivedSources-normal/arm64 -Xcc -I/Users/aadityasingh/Library/Developer/Xcode/DerivedData/Chatlio-erkyzdeecsohoaggpwbjdvavzqfv/Build/Intermediates.noindex/Sentry.build/Debug-iphonesimulator/SentrySwiftUI.build/DerivedSources/arm64 -Xcc -I/Users/aadityasingh/Library/Developer/Xcode/DerivedData/Chatlio-erkyzdeecsohoaggpwbjdvavzqfv/Build/Intermediates.noindex/Sentry.build/Debug-iphonesimulator/SentrySwiftUI.build/DerivedSources -Xcc -DSWIFT_PACKAGE -Xcc -DDEBUG\=1 -emit-objc-header -emit-objc-header-path /Users/aadityasingh/Library/Developer/Xcode/DerivedData/Chatlio-erkyzdeecsohoaggpwbjdvavzqfv/Build/Intermediates.noindex/Sentry.build/Debug-iphonesimulator/SentrySwiftUI.build/Objects-normal/arm64/SentrySwiftUI-Swift.h -working-directory /Users/aadityasingh/Documents/Development/element-x-ios/Chatlio.xcodeproj -experimental-emit-module-separately -disable-cmo

SwiftDriverJobDiscovery normal arm64 Emitting module for PostHog (in target 'PostHog' from project 'PostHog')

SwiftDriver\ Compilation\ Requirements PostHog normal arm64 com.apple.xcode.tools.swift.compiler (in target 'PostHog' from project 'PostHog')
    cd /Users/aadityasingh/Documents/Development/element-x-ios/Chatlio.xcodeproj
    builtin-Swift-Compilation-Requirements -- /Applications/Xcode.app/Contents/Developer/Toolchains/XcodeDefault.xctoolchain/usr/bin/swiftc -module-name PostHog -Onone @/Users/aadityasingh/Library/Developer/Xcode/DerivedData/Chatlio-erkyzdeecsohoaggpwbjdvavzqfv/Build/Intermediates.noindex/PostHog.build/Debug-iphonesimulator/PostHog.build/Objects-normal/arm64/PostHog.SwiftFileList -DSWIFT_PACKAGE -DDEBUG -DSWIFT_MODULE_RESOURCE_BUNDLE_AVAILABLE -Xcc -fmodule-map-file\=/Users/aadityasingh/Library/Developer/Xcode/DerivedData/Chatlio-erkyzdeecsohoaggpwbjdvavzqfv/Build/Intermediates.noindex/GeneratedModuleMaps-iphonesimulator/phlibwebp.modulemap -DXcode -plugin-path /Applications/Xcode.app/Contents/Developer/Toolchains/XcodeDefault.xctoolchain/usr/lib/swift/host/plugins/testing -enable-experimental-feature DebugDescriptionMacro -sdk /Applications/Xcode.app/Contents/Developer/Platforms/iPhoneSimulator.platform/Developer/SDKs/iPhoneSimulator26.4.sdk -target arm64-apple-ios13.0-simulator -g -module-cache-path /Users/aadityasingh/Library/Developer/Xcode/DerivedData/ModuleCache.noindex -Xfrontend -serialize-debugging-options -profile-coverage-mapping -profile-generate -enable-testing -suppress-warnings -index-store-path /Users/aadityasingh/Library/Developer/Xcode/DerivedData/Chatlio-erkyzdeecsohoaggpwbjdvavzqfv/Index.noindex/DataStore -Xcc -D_LIBCPP_HARDENING_MODE\=_LIBCPP_HARDENING_MODE_DEBUG -swift-version 5 -I /Users/aadityasingh/Library/Developer/Xcode/DerivedData/Chatlio-erkyzdeecsohoaggpwbjdvavzqfv/Build/Products/Debug-iphonesimulator -Isystem /Applications/Xcode.app/Contents/Developer/Platforms/iPhoneSimulator.platform/Developer/usr/lib -F /Users/aadityasingh/Library/Developer/Xcode/DerivedData/Chatlio-erkyzdeecsohoaggpwbjdvavzqfv/Build/Products/Debug-iphonesimulator/PackageFrameworks -F /Users/aadityasingh/Library/Developer/Xcode/DerivedData/Chatlio-erkyzdeecsohoaggpwbjdvavzqfv/Build/Products/Debug-iphonesimulator -F /Applications/Xcode.app/Contents/Developer/Platforms/iPhoneSimulator.platform/Developer/Library/Frameworks -F /Applications/Xcode.app/Contents/Developer/Platforms/iPhoneSimulator.platform/Developer/SDKs/iPhoneSimulator26.4.sdk/Developer/Library/Frameworks -c -j12 -enable-batch-mode -incremental -Xcc -ivfsstatcache -Xcc /Users/aadityasingh/Library/Developer/Xcode/DerivedData/SDKStatCaches.noindex/iphonesimulator26.4-23E252-686eebb5dc1d8ecb277353a59184f4aa.sdkstatcache -output-file-map /Users/aadityasingh/Library/Developer/Xcode/DerivedData/Chatlio-erkyzdeecsohoaggpwbjdvavzqfv/Build/Intermediates.noindex/PostHog.build/Debug-iphonesimulator/PostHog.build/Objects-normal/arm64/PostHog-OutputFileMap.json -use-frontend-parseable-output -save-temps -no-color-diagnostics -explicit-module-build -module-cache-path /Users/aadityasingh/Library/Developer/Xcode/DerivedData/Chatlio-erkyzdeecsohoaggpwbjdvavzqfv/Build/Intermediates.noindex/SwiftExplicitPrecompiledModules -clang-scanner-module-cache-path /Users/aadityasingh/Library/Developer/Xcode/DerivedData/ModuleCache.noindex -sdk-module-cache-path /Users/aadityasingh/Library/Developer/Xcode/DerivedData/ModuleCache.noindex -serialize-diagnostics -emit-dependencies -emit-module -emit-module-path /Users/aadityasingh/Library/Developer/Xcode/DerivedData/Chatlio-erkyzdeecsohoaggpwbjdvavzqfv/Build/Intermediates.noindex/PostHog.build/Debug-iphonesimulator/PostHog.build/Objects-normal/arm64/PostHog.swiftmodule -validate-clang-modules-once -clang-build-session-file /Users/aadityasingh/Library/Developer/Xcode/DerivedData/ModuleCache.noindex/Session.modulevalidation -Xcc -I/Users/aadityasingh/Library/Developer/Xcode/DerivedData/Chatlio-erkyzdeecsohoaggpwbjdvavzqfv/Build/Intermediates.noindex/PostHog.build/Debug-iphonesimulator/PostHog.build/swift-overrides.hmap -emit-const-values -Xfrontend -const-gather-protocols-file -Xfrontend /Users/aadityasingh/Library/Developer/Xcode/DerivedData/Chatlio-erkyzdeecsohoaggpwbjdvavzqfv/Build/Intermediates.noindex/PostHog.build/Debug-iphonesimulator/PostHog.build/Objects-normal/arm64/PostHog_const_extract_protocols.json -Xcc -I/Users/aadityasingh/Library/Developer/Xcode/DerivedData/Chatlio-erkyzdeecsohoaggpwbjdvavzqfv/SourcePackages/checkouts/posthog-ios/vendor/libwebp -Xcc -I/Users/aadityasingh/Library/Developer/Xcode/DerivedData/Chatlio-erkyzdeecsohoaggpwbjdvavzqfv/Build/Products/Debug-iphonesimulator/include -Xcc -I/Users/aadityasingh/Library/Developer/Xcode/DerivedData/Chatlio-erkyzdeecsohoaggpwbjdvavzqfv/Build/Intermediates.noindex/PostHog.build/Debug-iphonesimulator/PostHog.build/DerivedSources-normal/arm64 -Xcc -I/Users/aadityasingh/Library/Developer/Xcode/DerivedData/Chatlio-erkyzdeecsohoaggpwbjdvavzqfv/Build/Intermediates.noindex/PostHog.build/Debug-iphonesimulator/PostHog.build/DerivedSources/arm64 -Xcc -I/Users/aadityasingh/Library/Developer/Xcode/DerivedData/Chatlio-erkyzdeecsohoaggpwbjdvavzqfv/Build/Intermediates.noindex/PostHog.build/Debug-iphonesimulator/PostHog.build/DerivedSources -Xcc -DSWIFT_PACKAGE -Xcc -DDEBUG\=1 -emit-objc-header -emit-objc-header-path /Users/aadityasingh/Library/Developer/Xcode/DerivedData/Chatlio-erkyzdeecsohoaggpwbjdvavzqfv/Build/Intermediates.noindex/PostHog.build/Debug-iphonesimulator/PostHog.build/Objects-normal/arm64/PostHog-Swift.h -working-directory /Users/aadityasingh/Documents/Development/element-x-ios/Chatlio.xcodeproj -experimental-emit-module-separately -disable-cmo

SwiftMergeGeneratedHeaders /Users/aadityasingh/Library/Developer/Xcode/DerivedData/Chatlio-erkyzdeecsohoaggpwbjdvavzqfv/Build/Intermediates.noindex/GeneratedModuleMaps-iphonesimulator/SentrySwiftUI-Swift.h /Users/aadityasingh/Library/Developer/Xcode/DerivedData/Chatlio-erkyzdeecsohoaggpwbjdvavzqfv/Build/Intermediates.noindex/Sentry.build/Debug-iphonesimulator/SentrySwiftUI.build/Objects-normal/arm64/SentrySwiftUI-Swift.h /Users/aadityasingh/Library/Developer/Xcode/DerivedData/Chatlio-erkyzdeecsohoaggpwbjdvavzqfv/Build/Intermediates.noindex/Sentry.build/Debug-iphonesimulator/SentrySwiftUI.build/Objects-normal/x86_64/SentrySwiftUI-Swift.h (in target 'SentrySwiftUI' from project 'Sentry')
    cd /Users/aadityasingh/Library/Developer/Xcode/DerivedData/Chatlio-erkyzdeecsohoaggpwbjdvavzqfv/SourcePackages/checkouts/sentry-cocoa
    builtin-swiftHeaderTool -arch arm64 /Users/aadityasingh/Library/Developer/Xcode/DerivedData/Chatlio-erkyzdeecsohoaggpwbjdvavzqfv/Build/Intermediates.noindex/Sentry.build/Debug-iphonesimulator/SentrySwiftUI.build/Objects-normal/arm64/SentrySwiftUI-Swift.h -arch x86_64 /Users/aadityasingh/Library/Developer/Xcode/DerivedData/Chatlio-erkyzdeecsohoaggpwbjdvavzqfv/Build/Intermediates.noindex/Sentry.build/Debug-iphonesimulator/SentrySwiftUI.build/Objects-normal/x86_64/SentrySwiftUI-Swift.h -o /Users/aadityasingh/Library/Developer/Xcode/DerivedData/Chatlio-erkyzdeecsohoaggpwbjdvavzqfv/Build/Intermediates.noindex/GeneratedModuleMaps-iphonesimulator/SentrySwiftUI-Swift.h

Copy /Users/aadityasingh/Library/Developer/Xcode/DerivedData/Chatlio-erkyzdeecsohoaggpwbjdvavzqfv/Build/Products/Debug-iphonesimulator/SentrySwiftUI.swiftmodule/arm64-apple-ios-simulator.swiftmodule /Users/aadityasingh/Library/Developer/Xcode/DerivedData/Chatlio-erkyzdeecsohoaggpwbjdvavzqfv/Build/Intermediates.noindex/Sentry.build/Debug-iphonesimulator/SentrySwiftUI.build/Objects-normal/arm64/SentrySwiftUI.swiftmodule (in target 'SentrySwiftUI' from project 'Sentry')
    cd /Users/aadityasingh/Library/Developer/Xcode/DerivedData/Chatlio-erkyzdeecsohoaggpwbjdvavzqfv/SourcePackages/checkouts/sentry-cocoa
    builtin-copy -exclude .DS_Store -exclude CVS -exclude .svn -exclude .git -exclude .hg -resolve-src-symlinks -rename /Users/aadityasingh/Library/Developer/Xcode/DerivedData/Chatlio-erkyzdeecsohoaggpwbjdvavzqfv/Build/Intermediates.noindex/Sentry.build/Debug-iphonesimulator/SentrySwiftUI.build/Objects-normal/arm64/SentrySwiftUI.swiftmodule /Users/aadityasingh/Library/Developer/Xcode/DerivedData/Chatlio-erkyzdeecsohoaggpwbjdvavzqfv/Build/Products/Debug-iphonesimulator/SentrySwiftUI.swiftmodule/arm64-apple-ios-simulator.swiftmodule

Copy /Users/aadityasingh/Library/Developer/Xcode/DerivedData/Chatlio-erkyzdeecsohoaggpwbjdvavzqfv/Build/Products/Debug-iphonesimulator/SentrySwiftUI.swiftmodule/arm64-apple-ios-simulator.swiftdoc /Users/aadityasingh/Library/Developer/Xcode/DerivedData/Chatlio-erkyzdeecsohoaggpwbjdvavzqfv/Build/Intermediates.noindex/Sentry.build/Debug-iphonesimulator/SentrySwiftUI.build/Objects-normal/arm64/SentrySwiftUI.swiftdoc (in target 'SentrySwiftUI' from project 'Sentry')
    cd /Users/aadityasingh/Library/Developer/Xcode/DerivedData/Chatlio-erkyzdeecsohoaggpwbjdvavzqfv/SourcePackages/checkouts/sentry-cocoa
    builtin-copy -exclude .DS_Store -exclude CVS -exclude .svn -exclude .git -exclude .hg -resolve-src-symlinks -rename /Users/aadityasingh/Library/Developer/Xcode/DerivedData/Chatlio-erkyzdeecsohoaggpwbjdvavzqfv/Build/Intermediates.noindex/Sentry.build/Debug-iphonesimulator/SentrySwiftUI.build/Objects-normal/arm64/SentrySwiftUI.swiftdoc /Users/aadityasingh/Library/Developer/Xcode/DerivedData/Chatlio-erkyzdeecsohoaggpwbjdvavzqfv/Build/Products/Debug-iphonesimulator/SentrySwiftUI.swiftmodule/arm64-apple-ios-simulator.swiftdoc

Copy /Users/aadityasingh/Library/Developer/Xcode/DerivedData/Chatlio-erkyzdeecsohoaggpwbjdvavzqfv/Build/Products/Debug-iphonesimulator/SentrySwiftUI.swiftmodule/arm64-apple-ios-simulator.abi.json /Users/aadityasingh/Library/Developer/Xcode/DerivedData/Chatlio-erkyzdeecsohoaggpwbjdvavzqfv/Build/Intermediates.noindex/Sentry.build/Debug-iphonesimulator/SentrySwiftUI.build/Objects-normal/arm64/SentrySwiftUI.abi.json (in target 'SentrySwiftUI' from project 'Sentry')
    cd /Users/aadityasingh/Library/Developer/Xcode/DerivedData/Chatlio-erkyzdeecsohoaggpwbjdvavzqfv/SourcePackages/checkouts/sentry-cocoa
    builtin-copy -exclude .DS_Store -exclude CVS -exclude .svn -exclude .git -exclude .hg -resolve-src-symlinks -rename /Users/aadityasingh/Library/Developer/Xcode/DerivedData/Chatlio-erkyzdeecsohoaggpwbjdvavzqfv/Build/Intermediates.noindex/Sentry.build/Debug-iphonesimulator/SentrySwiftUI.build/Objects-normal/arm64/SentrySwiftUI.abi.json /Users/aadityasingh/Library/Developer/Xcode/DerivedData/Chatlio-erkyzdeecsohoaggpwbjdvavzqfv/Build/Products/Debug-iphonesimulator/SentrySwiftUI.swiftmodule/arm64-apple-ios-simulator.abi.json

Copy /Users/aadityasingh/Library/Developer/Xcode/DerivedData/Chatlio-erkyzdeecsohoaggpwbjdvavzqfv/Build/Products/Debug-iphonesimulator/SentrySwiftUI.swiftmodule/Project/arm64-apple-ios-simulator.swiftsourceinfo /Users/aadityasingh/Library/Developer/Xcode/DerivedData/Chatlio-erkyzdeecsohoaggpwbjdvavzqfv/Build/Intermediates.noindex/Sentry.build/Debug-iphonesimulator/SentrySwiftUI.build/Objects-normal/arm64/SentrySwiftUI.swiftsourceinfo (in target 'SentrySwiftUI' from project 'Sentry')
    cd /Users/aadityasingh/Library/Developer/Xcode/DerivedData/Chatlio-erkyzdeecsohoaggpwbjdvavzqfv/SourcePackages/checkouts/sentry-cocoa
    builtin-copy -exclude .DS_Store -exclude CVS -exclude .svn -exclude .git -exclude .hg -resolve-src-symlinks -rename /Users/aadityasingh/Library/Developer/Xcode/DerivedData/Chatlio-erkyzdeecsohoaggpwbjdvavzqfv/Build/Intermediates.noindex/Sentry.build/Debug-iphonesimulator/SentrySwiftUI.build/Objects-normal/arm64/SentrySwiftUI.swiftsourceinfo /Users/aadityasingh/Library/Developer/Xcode/DerivedData/Chatlio-erkyzdeecsohoaggpwbjdvavzqfv/Build/Products/Debug-iphonesimulator/SentrySwiftUI.swiftmodule/Project/arm64-apple-ios-simulator.swiftsourceinfo

SwiftMergeGeneratedHeaders /Users/aadityasingh/Library/Developer/Xcode/DerivedData/Chatlio-erkyzdeecsohoaggpwbjdvavzqfv/Build/Intermediates.noindex/GeneratedModuleMaps-iphonesimulator/PostHog-Swift.h /Users/aadityasingh/Library/Developer/Xcode/DerivedData/Chatlio-erkyzdeecsohoaggpwbjdvavzqfv/Build/Intermediates.noindex/PostHog.build/Debug-iphonesimulator/PostHog.build/Objects-normal/arm64/PostHog-Swift.h /Users/aadityasingh/Library/Developer/Xcode/DerivedData/Chatlio-erkyzdeecsohoaggpwbjdvavzqfv/Build/Intermediates.noindex/PostHog.build/Debug-iphonesimulator/PostHog.build/Objects-normal/x86_64/PostHog-Swift.h (in target 'PostHog' from project 'PostHog')
    cd /Users/aadityasingh/Library/Developer/Xcode/DerivedData/Chatlio-erkyzdeecsohoaggpwbjdvavzqfv/SourcePackages/checkouts/posthog-ios
    builtin-swiftHeaderTool -arch arm64 /Users/aadityasingh/Library/Developer/Xcode/DerivedData/Chatlio-erkyzdeecsohoaggpwbjdvavzqfv/Build/Intermediates.noindex/PostHog.build/Debug-iphonesimulator/PostHog.build/Objects-normal/arm64/PostHog-Swift.h -arch x86_64 /Users/aadityasingh/Library/Developer/Xcode/DerivedData/Chatlio-erkyzdeecsohoaggpwbjdvavzqfv/Build/Intermediates.noindex/PostHog.build/Debug-iphonesimulator/PostHog.build/Objects-normal/x86_64/PostHog-Swift.h -o /Users/aadityasingh/Library/Developer/Xcode/DerivedData/Chatlio-erkyzdeecsohoaggpwbjdvavzqfv/Build/Intermediates.noindex/GeneratedModuleMaps-iphonesimulator/PostHog-Swift.h

Copy /Users/aadityasingh/Library/Developer/Xcode/DerivedData/Chatlio-erkyzdeecsohoaggpwbjdvavzqfv/Build/Products/Debug-iphonesimulator/PostHog.swiftmodule/arm64-apple-ios-simulator.swiftmodule /Users/aadityasingh/Library/Developer/Xcode/DerivedData/Chatlio-erkyzdeecsohoaggpwbjdvavzqfv/Build/Intermediates.noindex/PostHog.build/Debug-iphonesimulator/PostHog.build/Objects-normal/arm64/PostHog.swiftmodule (in target 'PostHog' from project 'PostHog')
    cd /Users/aadityasingh/Library/Developer/Xcode/DerivedData/Chatlio-erkyzdeecsohoaggpwbjdvavzqfv/SourcePackages/checkouts/posthog-ios
    builtin-copy -exclude .DS_Store -exclude CVS -exclude .svn -exclude .git -exclude .hg -resolve-src-symlinks -rename /Users/aadityasingh/Library/Developer/Xcode/DerivedData/Chatlio-erkyzdeecsohoaggpwbjdvavzqfv/Build/Intermediates.noindex/PostHog.build/Debug-iphonesimulator/PostHog.build/Objects-normal/arm64/PostHog.swiftmodule /Users/aadityasingh/Library/Developer/Xcode/DerivedData/Chatlio-erkyzdeecsohoaggpwbjdvavzqfv/Build/Products/Debug-iphonesimulator/PostHog.swiftmodule/arm64-apple-ios-simulator.swiftmodule

Copy /Users/aadityasingh/Library/Developer/Xcode/DerivedData/Chatlio-erkyzdeecsohoaggpwbjdvavzqfv/Build/Products/Debug-iphonesimulator/PostHog.swiftmodule/arm64-apple-ios-simulator.swiftdoc /Users/aadityasingh/Library/Developer/Xcode/DerivedData/Chatlio-erkyzdeecsohoaggpwbjdvavzqfv/Build/Intermediates.noindex/PostHog.build/Debug-iphonesimulator/PostHog.build/Objects-normal/arm64/PostHog.swiftdoc (in target 'PostHog' from project 'PostHog')
    cd /Users/aadityasingh/Library/Developer/Xcode/DerivedData/Chatlio-erkyzdeecsohoaggpwbjdvavzqfv/SourcePackages/checkouts/posthog-ios
    builtin-copy -exclude .DS_Store -exclude CVS -exclude .svn -exclude .git -exclude .hg -resolve-src-symlinks -rename /Users/aadityasingh/Library/Developer/Xcode/DerivedData/Chatlio-erkyzdeecsohoaggpwbjdvavzqfv/Build/Intermediates.noindex/PostHog.build/Debug-iphonesimulator/PostHog.build/Objects-normal/arm64/PostHog.swiftdoc /Users/aadityasingh/Library/Developer/Xcode/DerivedData/Chatlio-erkyzdeecsohoaggpwbjdvavzqfv/Build/Products/Debug-iphonesimulator/PostHog.swiftmodule/arm64-apple-ios-simulator.swiftdoc

Copy /Users/aadityasingh/Library/Developer/Xcode/DerivedData/Chatlio-erkyzdeecsohoaggpwbjdvavzqfv/Build/Products/Debug-iphonesimulator/PostHog.swiftmodule/arm64-apple-ios-simulator.abi.json /Users/aadityasingh/Library/Developer/Xcode/DerivedData/Chatlio-erkyzdeecsohoaggpwbjdvavzqfv/Build/Intermediates.noindex/PostHog.build/Debug-iphonesimulator/PostHog.build/Objects-normal/arm64/PostHog.abi.json (in target 'PostHog' from project 'PostHog')
    cd /Users/aadityasingh/Library/Developer/Xcode/DerivedData/Chatlio-erkyzdeecsohoaggpwbjdvavzqfv/SourcePackages/checkouts/posthog-ios
    builtin-copy -exclude .DS_Store -exclude CVS -exclude .svn -exclude .git -exclude .hg -resolve-src-symlinks -rename /Users/aadityasingh/Library/Developer/Xcode/DerivedData/Chatlio-erkyzdeecsohoaggpwbjdvavzqfv/Build/Intermediates.noindex/PostHog.build/Debug-iphonesimulator/PostHog.build/Objects-normal/arm64/PostHog.abi.json /Users/aadityasingh/Library/Developer/Xcode/DerivedData/Chatlio-erkyzdeecsohoaggpwbjdvavzqfv/Build/Products/Debug-iphonesimulator/PostHog.swiftmodule/arm64-apple-ios-simulator.abi.json

Copy /Users/aadityasingh/Library/Developer/Xcode/DerivedData/Chatlio-erkyzdeecsohoaggpwbjdvavzqfv/Build/Products/Debug-iphonesimulator/PostHog.swiftmodule/Project/arm64-apple-ios-simulator.swiftsourceinfo /Users/aadityasingh/Library/Developer/Xcode/DerivedData/Chatlio-erkyzdeecsohoaggpwbjdvavzqfv/Build/Intermediates.noindex/PostHog.build/Debug-iphonesimulator/PostHog.build/Objects-normal/arm64/PostHog.swiftsourceinfo (in target 'PostHog' from project 'PostHog')
    cd /Users/aadityasingh/Library/Developer/Xcode/DerivedData/Chatlio-erkyzdeecsohoaggpwbjdvavzqfv/SourcePackages/checkouts/posthog-ios
    builtin-copy -exclude .DS_Store -exclude CVS -exclude .svn -exclude .git -exclude .hg -resolve-src-symlinks -rename /Users/aadityasingh/Library/Developer/Xcode/DerivedData/Chatlio-erkyzdeecsohoaggpwbjdvavzqfv/Build/Intermediates.noindex/PostHog.build/Debug-iphonesimulator/PostHog.build/Objects-normal/arm64/PostHog.swiftsourceinfo /Users/aadityasingh/Library/Developer/Xcode/DerivedData/Chatlio-erkyzdeecsohoaggpwbjdvavzqfv/Build/Products/Debug-iphonesimulator/PostHog.swiftmodule/Project/arm64-apple-ios-simulator.swiftsourceinfo

SwiftCompile normal arm64 Compiling\ ProgressViewWithCircularStyle.swift,\ ProgressViewWithLinearStyle.swift,\ ScrollView.swift,\ SearchField.swift,\ SecureField.swift /Users/aadityasingh/Library/Developer/Xcode/DerivedData/Chatlio-erkyzdeecsohoaggpwbjdvavzqfv/SourcePackages/checkouts/SwiftUI-Introspect/Sources/ViewTypes/ProgressViewWithCircularStyle.swift /Users/aadityasingh/Library/Developer/Xcode/DerivedData/Chatlio-erkyzdeecsohoaggpwbjdvavzqfv/SourcePackages/checkouts/SwiftUI-Introspect/Sources/ViewTypes/ProgressViewWithLinearStyle.swift /Users/aadityasingh/Library/Developer/Xcode/DerivedData/Chatlio-erkyzdeecsohoaggpwbjdvavzqfv/SourcePackages/checkouts/SwiftUI-Introspect/Sources/ViewTypes/ScrollView.swift /Users/aadityasingh/Library/Developer/Xcode/DerivedData/Chatlio-erkyzdeecsohoaggpwbjdvavzqfv/SourcePackages/checkouts/SwiftUI-Introspect/Sources/ViewTypes/SearchField.swift /Users/aadityasingh/Library/Developer/Xcode/DerivedData/Chatlio-erkyzdeecsohoaggpwbjdvavzqfv/SourcePackages/checkouts/SwiftUI-Introspect/Sources/ViewTypes/SecureField.swift (in target 'SwiftUIIntrospect' from project 'swiftui-introspect')

SwiftCompile normal arm64 /Users/aadityasingh/Library/Developer/Xcode/DerivedData/Chatlio-erkyzdeecsohoaggpwbjdvavzqfv/SourcePackages/checkouts/SwiftUI-Introspect/Sources/ViewTypes/ProgressViewWithCircularStyle.swift (in target 'SwiftUIIntrospect' from project 'swiftui-introspect')
    cd /Users/aadityasingh/Documents/Development/element-x-ios/Chatlio.xcodeproj
    

SwiftCompile normal arm64 /Users/aadityasingh/Library/Developer/Xcode/DerivedData/Chatlio-erkyzdeecsohoaggpwbjdvavzqfv/SourcePackages/checkouts/SwiftUI-Introspect/Sources/ViewTypes/ProgressViewWithLinearStyle.swift (in target 'SwiftUIIntrospect' from project 'swiftui-introspect')
    cd /Users/aadityasingh/Documents/Development/element-x-ios/Chatlio.xcodeproj
    

SwiftCompile normal arm64 /Users/aadityasingh/Library/Developer/Xcode/DerivedData/Chatlio-erkyzdeecsohoaggpwbjdvavzqfv/SourcePackages/checkouts/SwiftUI-Introspect/Sources/ViewTypes/ScrollView.swift (in target 'SwiftUIIntrospect' from project 'swiftui-introspect')
    cd /Users/aadityasingh/Documents/Development/element-x-ios/Chatlio.xcodeproj
    

SwiftCompile normal arm64 /Users/aadityasingh/Library/Developer/Xcode/DerivedData/Chatlio-erkyzdeecsohoaggpwbjdvavzqfv/SourcePackages/checkouts/SwiftUI-Introspect/Sources/ViewTypes/SearchField.swift (in target 'SwiftUIIntrospect' from project 'swiftui-introspect')
    cd /Users/aadityasingh/Documents/Development/element-x-ios/Chatlio.xcodeproj
    

SwiftCompile normal arm64 /Users/aadityasingh/Library/Developer/Xcode/DerivedData/Chatlio-erkyzdeecsohoaggpwbjdvavzqfv/SourcePackages/checkouts/SwiftUI-Introspect/Sources/ViewTypes/SecureField.swift (in target 'SwiftUIIntrospect' from project 'swiftui-introspect')
    cd /Users/aadityasingh/Documents/Development/element-x-ios/Chatlio.xcodeproj
    

SwiftCompile normal arm64 Compiling\ Introspect.swift,\ IntrospectableViewType.swift,\ IntrospectionSelector.swift,\ IntrospectionView.swift,\ PlatformVersion.swift,\ PlatformView.swift /Users/aadityasingh/Library/Developer/Xcode/DerivedData/Chatlio-erkyzdeecsohoaggpwbjdvavzqfv/SourcePackages/checkouts/SwiftUI-Introspect/Sources/Introspect.swift /Users/aadityasingh/Library/Developer/Xcode/DerivedData/Chatlio-erkyzdeecsohoaggpwbjdvavzqfv/SourcePackages/checkouts/SwiftUI-Introspect/Sources/IntrospectableViewType.swift /Users/aadityasingh/Library/Developer/Xcode/DerivedData/Chatlio-erkyzdeecsohoaggpwbjdvavzqfv/SourcePackages/checkouts/SwiftUI-Introspect/Sources/IntrospectionSelector.swift /Users/aadityasingh/Library/Developer/Xcode/DerivedData/Chatlio-erkyzdeecsohoaggpwbjdvavzqfv/SourcePackages/checkouts/SwiftUI-Introspect/Sources/IntrospectionView.swift /Users/aadityasingh/Library/Developer/Xcode/DerivedData/Chatlio-erkyzdeecsohoaggpwbjdvavzqfv/SourcePackages/checkouts/SwiftUI-Introspect/Sources/PlatformVersion.swift /Users/aadityasingh/Library/Developer/Xcode/DerivedData/Chatlio-erkyzdeecsohoaggpwbjdvavzqfv/SourcePackages/checkouts/SwiftUI-Introspect/Sources/PlatformView.swift (in target 'SwiftUIIntrospect' from project 'swiftui-introspect')

SwiftCompile normal arm64 /Users/aadityasingh/Library/Developer/Xcode/DerivedData/Chatlio-erkyzdeecsohoaggpwbjdvavzqfv/SourcePackages/checkouts/SwiftUI-Introspect/Sources/Introspect.swift (in target 'SwiftUIIntrospect' from project 'swiftui-introspect')
    cd /Users/aadityasingh/Documents/Development/element-x-ios/Chatlio.xcodeproj
    

SwiftCompile normal arm64 /Users/aadityasingh/Library/Developer/Xcode/DerivedData/Chatlio-erkyzdeecsohoaggpwbjdvavzqfv/SourcePackages/checkouts/SwiftUI-Introspect/Sources/IntrospectableViewType.swift (in target 'SwiftUIIntrospect' from project 'swiftui-introspect')
    cd /Users/aadityasingh/Documents/Development/element-x-ios/Chatlio.xcodeproj
    

SwiftCompile normal arm64 /Users/aadityasingh/Library/Developer/Xcode/DerivedData/Chatlio-erkyzdeecsohoaggpwbjdvavzqfv/SourcePackages/checkouts/SwiftUI-Introspect/Sources/IntrospectionSelector.swift (in target 'SwiftUIIntrospect' from project 'swiftui-introspect')
    cd /Users/aadityasingh/Documents/Development/element-x-ios/Chatlio.xcodeproj
    

SwiftCompile normal arm64 /Users/aadityasingh/Library/Developer/Xcode/DerivedData/Chatlio-erkyzdeecsohoaggpwbjdvavzqfv/SourcePackages/checkouts/SwiftUI-Introspect/Sources/IntrospectionView.swift (in target 'SwiftUIIntrospect' from project 'swiftui-introspect')
    cd /Users/aadityasingh/Documents/Development/element-x-ios/Chatlio.xcodeproj
    

SwiftCompile normal arm64 /Users/aadityasingh/Library/Developer/Xcode/DerivedData/Chatlio-erkyzdeecsohoaggpwbjdvavzqfv/SourcePackages/checkouts/SwiftUI-Introspect/Sources/PlatformVersion.swift (in target 'SwiftUIIntrospect' from project 'swiftui-introspect')
    cd /Users/aadityasingh/Documents/Development/element-x-ios/Chatlio.xcodeproj
    

SwiftCompile normal arm64 /Users/aadityasingh/Library/Developer/Xcode/DerivedData/Chatlio-erkyzdeecsohoaggpwbjdvavzqfv/SourcePackages/checkouts/SwiftUI-Introspect/Sources/PlatformView.swift (in target 'SwiftUIIntrospect' from project 'swiftui-introspect')
    cd /Users/aadityasingh/Documents/Development/element-x-ios/Chatlio.xcodeproj
    

SwiftDriverJobDiscovery normal x86_64 Emitting module for SwiftUIIntrospect (in target 'SwiftUIIntrospect' from project 'swiftui-introspect')

SwiftDriver\ Compilation\ Requirements SwiftUIIntrospect normal x86_64 com.apple.xcode.tools.swift.compiler (in target 'SwiftUIIntrospect' from project 'swiftui-introspect')
    cd /Users/aadityasingh/Documents/Development/element-x-ios/Chatlio.xcodeproj
    builtin-Swift-Compilation-Requirements -- /Applications/Xcode.app/Contents/Developer/Toolchains/XcodeDefault.xctoolchain/usr/bin/swiftc -module-name SwiftUIIntrospect -Onone @/Users/aadityasingh/Library/Developer/Xcode/DerivedData/Chatlio-erkyzdeecsohoaggpwbjdvavzqfv/Build/Intermediates.noindex/swiftui-introspect.build/Debug-iphonesimulator/SwiftUIIntrospect.build/Objects-normal/x86_64/SwiftUIIntrospect.SwiftFileList -DSWIFT_PACKAGE -DDEBUG -DSWIFT_MODULE_RESOURCE_BUNDLE_UNAVAILABLE -DXcode -enable-upcoming-feature ExistentialAny -enable-upcoming-feature InternalImportsByDefault -plugin-path /Applications/Xcode.app/Contents/Developer/Toolchains/XcodeDefault.xctoolchain/usr/lib/swift/host/plugins/testing -enable-experimental-feature DebugDescriptionMacro -sdk /Applications/Xcode.app/Contents/Developer/Platforms/iPhoneSimulator.platform/Developer/SDKs/iPhoneSimulator26.4.sdk -target x86_64-apple-ios13.0-simulator -g -module-cache-path /Users/aadityasingh/Library/Developer/Xcode/DerivedData/ModuleCache.noindex -Xfrontend -serialize-debugging-options -profile-coverage-mapping -profile-generate -enable-testing -suppress-warnings -index-store-path /Users/aadityasingh/Library/Developer/Xcode/DerivedData/Chatlio-erkyzdeecsohoaggpwbjdvavzqfv/Index.noindex/DataStore -Xcc -D_LIBCPP_HARDENING_MODE\=_LIBCPP_HARDENING_MODE_DEBUG -swift-version 6 -I /Users/aadityasingh/Library/Developer/Xcode/DerivedData/Chatlio-erkyzdeecsohoaggpwbjdvavzqfv/Build/Products/Debug-iphonesimulator -Isystem /Applications/Xcode.app/Contents/Developer/Platforms/iPhoneSimulator.platform/Developer/usr/lib -F /Users/aadityasingh/Library/Developer/Xcode/DerivedData/Chatlio-erkyzdeecsohoaggpwbjdvavzqfv/Build/Products/Debug-iphonesimulator -F /Applications/Xcode.app/Contents/Developer/Platforms/iPhoneSimulator.platform/Developer/Library/Frameworks -F /Applications/Xcode.app/Contents/Developer/Platforms/iPhoneSimulator.platform/Developer/SDKs/iPhoneSimulator26.4.sdk/Developer/Library/Frameworks -c -j12 -enable-batch-mode -incremental -Xcc -ivfsstatcache -Xcc /Users/aadityasingh/Library/Developer/Xcode/DerivedData/SDKStatCaches.noindex/iphonesimulator26.4-23E252-686eebb5dc1d8ecb277353a59184f4aa.sdkstatcache -output-file-map /Users/aadityasingh/Library/Developer/Xcode/DerivedData/Chatlio-erkyzdeecsohoaggpwbjdvavzqfv/Build/Intermediates.noindex/swiftui-introspect.build/Debug-iphonesimulator/SwiftUIIntrospect.build/Objects-normal/x86_64/SwiftUIIntrospect-OutputFileMap.json -use-frontend-parseable-output -save-temps -no-color-diagnostics -explicit-module-build -module-cache-path /Users/aadityasingh/Library/Developer/Xcode/DerivedData/Chatlio-erkyzdeecsohoaggpwbjdvavzqfv/Build/Intermediates.noindex/SwiftExplicitPrecompiledModules -clang-scanner-module-cache-path /Users/aadityasingh/Library/Developer/Xcode/DerivedData/ModuleCache.noindex -sdk-module-cache-path /Users/aadityasingh/Library/Developer/Xcode/DerivedData/ModuleCache.noindex -serialize-diagnostics -emit-dependencies -emit-module -emit-module-path /Users/aadityasingh/Library/Developer/Xcode/DerivedData/Chatlio-erkyzdeecsohoaggpwbjdvavzqfv/Build/Intermediates.noindex/swiftui-introspect.build/Debug-iphonesimulator/SwiftUIIntrospect.build/Objects-normal/x86_64/SwiftUIIntrospect.swiftmodule -user-module-version 26.0.1 -validate-clang-modules-once -clang-build-session-file /Users/aadityasingh/Library/Developer/Xcode/DerivedData/ModuleCache.noindex/Session.modulevalidation -package-name swiftui_introspect -Xcc -I/Users/aadityasingh/Library/Developer/Xcode/DerivedData/Chatlio-erkyzdeecsohoaggpwbjdvavzqfv/Build/Intermediates.noindex/swiftui-introspect.build/Debug-iphonesimulator/SwiftUIIntrospect.build/swift-overrides.hmap -emit-const-values -Xfrontend -const-gather-protocols-file -Xfrontend /Users/aadityasingh/Library/Developer/Xcode/DerivedData/Chatlio-erkyzdeecsohoaggpwbjdvavzqfv/Build/Intermediates.noindex/swiftui-introspect.build/Debug-iphonesimulator/SwiftUIIntrospect.build/Objects-normal/x86_64/SwiftUIIntrospect_const_extract_protocols.json -Xcc -I/Users/aadityasingh/Library/Developer/Xcode/DerivedData/Chatlio-erkyzdeecsohoaggpwbjdvavzqfv/Build/Products/Debug-iphonesimulator/include -Xcc -I/Users/aadityasingh/Library/Developer/Xcode/DerivedData/Chatlio-erkyzdeecsohoaggpwbjdvavzqfv/Build/Intermediates.noindex/swiftui-introspect.build/Debug-iphonesimulator/SwiftUIIntrospect.build/DerivedSources-normal/x86_64 -Xcc -I/Users/aadityasingh/Library/Developer/Xcode/DerivedData/Chatlio-erkyzdeecsohoaggpwbjdvavzqfv/Build/Intermediates.noindex/swiftui-introspect.build/Debug-iphonesimulator/SwiftUIIntrospect.build/DerivedSources/x86_64 -Xcc -I/Users/aadityasingh/Library/Developer/Xcode/DerivedData/Chatlio-erkyzdeecsohoaggpwbjdvavzqfv/Build/Intermediates.noindex/swiftui-introspect.build/Debug-iphonesimulator/SwiftUIIntrospect.build/DerivedSources -Xcc -DSWIFT_PACKAGE -Xcc -DDEBUG\=1 -emit-objc-header -emit-objc-header-path /Users/aadityasingh/Library/Developer/Xcode/DerivedData/Chatlio-erkyzdeecsohoaggpwbjdvavzqfv/Build/Intermediates.noindex/swiftui-introspect.build/Debug-iphonesimulator/SwiftUIIntrospect.build/Objects-normal/x86_64/SwiftUIIntrospect-Swift.h -working-directory /Users/aadityasingh/Documents/Development/element-x-ios/Chatlio.xcodeproj -experimental-emit-module-separately -disable-cmo

SwiftDriverJobDiscovery normal arm64 Emitting module for SwiftUIIntrospect (in target 'SwiftUIIntrospect' from project 'swiftui-introspect')

SwiftCompile normal arm64 Compiling\ Map.swift,\ NavigationSplitView.swift,\ NavigationStack.swift,\ NavigationViewWithColumnsStyle.swift,\ NavigationViewWithStackStyle.swift /Users/aadityasingh/Library/Developer/Xcode/DerivedData/Chatlio-erkyzdeecsohoaggpwbjdvavzqfv/SourcePackages/checkouts/SwiftUI-Introspect/Sources/ViewTypes/Map.swift /Users/aadityasingh/Library/Developer/Xcode/DerivedData/Chatlio-erkyzdeecsohoaggpwbjdvavzqfv/SourcePackages/checkouts/SwiftUI-Introspect/Sources/ViewTypes/NavigationSplitView.swift /Users/aadityasingh/Library/Developer/Xcode/DerivedData/Chatlio-erkyzdeecsohoaggpwbjdvavzqfv/SourcePackages/checkouts/SwiftUI-Introspect/Sources/ViewTypes/NavigationStack.swift /Users/aadityasingh/Library/Developer/Xcode/DerivedData/Chatlio-erkyzdeecsohoaggpwbjdvavzqfv/SourcePackages/checkouts/SwiftUI-Introspect/Sources/ViewTypes/NavigationViewWithColumnsStyle.swift /Users/aadityasingh/Library/Developer/Xcode/DerivedData/Chatlio-erkyzdeecsohoaggpwbjdvavzqfv/SourcePackages/checkouts/SwiftUI-Introspect/Sources/ViewTypes/NavigationViewWithStackStyle.swift (in target 'SwiftUIIntrospect' from project 'swiftui-introspect')

SwiftCompile normal arm64 /Users/aadityasingh/Library/Developer/Xcode/DerivedData/Chatlio-erkyzdeecsohoaggpwbjdvavzqfv/SourcePackages/checkouts/SwiftUI-Introspect/Sources/ViewTypes/Map.swift (in target 'SwiftUIIntrospect' from project 'swiftui-introspect')
    cd /Users/aadityasingh/Documents/Development/element-x-ios/Chatlio.xcodeproj
    

SwiftCompile normal arm64 /Users/aadityasingh/Library/Developer/Xcode/DerivedData/Chatlio-erkyzdeecsohoaggpwbjdvavzqfv/SourcePackages/checkouts/SwiftUI-Introspect/Sources/ViewTypes/NavigationSplitView.swift (in target 'SwiftUIIntrospect' from project 'swiftui-introspect')
    cd /Users/aadityasingh/Documents/Development/element-x-ios/Chatlio.xcodeproj
    

SwiftCompile normal arm64 /Users/aadityasingh/Library/Developer/Xcode/DerivedData/Chatlio-erkyzdeecsohoaggpwbjdvavzqfv/SourcePackages/checkouts/SwiftUI-Introspect/Sources/ViewTypes/NavigationStack.swift (in target 'SwiftUIIntrospect' from project 'swiftui-introspect')
    cd /Users/aadityasingh/Documents/Development/element-x-ios/Chatlio.xcodeproj
    

SwiftCompile normal arm64 /Users/aadityasingh/Library/Developer/Xcode/DerivedData/Chatlio-erkyzdeecsohoaggpwbjdvavzqfv/SourcePackages/checkouts/SwiftUI-Introspect/Sources/ViewTypes/NavigationViewWithColumnsStyle.swift (in target 'SwiftUIIntrospect' from project 'swiftui-introspect')
    cd /Users/aadityasingh/Documents/Development/element-x-ios/Chatlio.xcodeproj
    

SwiftCompile normal arm64 /Users/aadityasingh/Library/Developer/Xcode/DerivedData/Chatlio-erkyzdeecsohoaggpwbjdvavzqfv/SourcePackages/checkouts/SwiftUI-Introspect/Sources/ViewTypes/NavigationViewWithStackStyle.swift (in target 'SwiftUIIntrospect' from project 'swiftui-introspect')
    cd /Users/aadityasingh/Documents/Development/element-x-ios/Chatlio.xcodeproj
    

SwiftDriver\ Compilation\ Requirements SwiftUIIntrospect normal arm64 com.apple.xcode.tools.swift.compiler (in target 'SwiftUIIntrospect' from project 'swiftui-introspect')
    cd /Users/aadityasingh/Documents/Development/element-x-ios/Chatlio.xcodeproj
    builtin-Swift-Compilation-Requirements -- /Applications/Xcode.app/Contents/Developer/Toolchains/XcodeDefault.xctoolchain/usr/bin/swiftc -module-name SwiftUIIntrospect -Onone @/Users/aadityasingh/Library/Developer/Xcode/DerivedData/Chatlio-erkyzdeecsohoaggpwbjdvavzqfv/Build/Intermediates.noindex/swiftui-introspect.build/Debug-iphonesimulator/SwiftUIIntrospect.build/Objects-normal/arm64/SwiftUIIntrospect.SwiftFileList -DSWIFT_PACKAGE -DDEBUG -DSWIFT_MODULE_RESOURCE_BUNDLE_UNAVAILABLE -DXcode -enable-upcoming-feature ExistentialAny -enable-upcoming-feature InternalImportsByDefault -plugin-path /Applications/Xcode.app/Contents/Developer/Toolchains/XcodeDefault.xctoolchain/usr/lib/swift/host/plugins/testing -enable-experimental-feature DebugDescriptionMacro -sdk /Applications/Xcode.app/Contents/Developer/Platforms/iPhoneSimulator.platform/Developer/SDKs/iPhoneSimulator26.4.sdk -target arm64-apple-ios13.0-simulator -g -module-cache-path /Users/aadityasingh/Library/Developer/Xcode/DerivedData/ModuleCache.noindex -Xfrontend -serialize-debugging-options -profile-coverage-mapping -profile-generate -enable-testing -suppress-warnings -index-store-path /Users/aadityasingh/Library/Developer/Xcode/DerivedData/Chatlio-erkyzdeecsohoaggpwbjdvavzqfv/Index.noindex/DataStore -Xcc -D_LIBCPP_HARDENING_MODE\=_LIBCPP_HARDENING_MODE_DEBUG -swift-version 6 -I /Users/aadityasingh/Library/Developer/Xcode/DerivedData/Chatlio-erkyzdeecsohoaggpwbjdvavzqfv/Build/Products/Debug-iphonesimulator -Isystem /Applications/Xcode.app/Contents/Developer/Platforms/iPhoneSimulator.platform/Developer/usr/lib -F /Users/aadityasingh/Library/Developer/Xcode/DerivedData/Chatlio-erkyzdeecsohoaggpwbjdvavzqfv/Build/Products/Debug-iphonesimulator -F /Applications/Xcode.app/Contents/Developer/Platforms/iPhoneSimulator.platform/Developer/Library/Frameworks -F /Applications/Xcode.app/Contents/Developer/Platforms/iPhoneSimulator.platform/Developer/SDKs/iPhoneSimulator26.4.sdk/Developer/Library/Frameworks -c -j12 -enable-batch-mode -incremental -Xcc -ivfsstatcache -Xcc /Users/aadityasingh/Library/Developer/Xcode/DerivedData/SDKStatCaches.noindex/iphonesimulator26.4-23E252-686eebb5dc1d8ecb277353a59184f4aa.sdkstatcache -output-file-map /Users/aadityasingh/Library/Developer/Xcode/DerivedData/Chatlio-erkyzdeecsohoaggpwbjdvavzqfv/Build/Intermediates.noindex/swiftui-introspect.build/Debug-iphonesimulator/SwiftUIIntrospect.build/Objects-normal/arm64/SwiftUIIntrospect-OutputFileMap.json -use-frontend-parseable-output -save-temps -no-color-diagnostics -explicit-module-build -module-cache-path /Users/aadityasingh/Library/Developer/Xcode/DerivedData/Chatlio-erkyzdeecsohoaggpwbjdvavzqfv/Build/Intermediates.noindex/SwiftExplicitPrecompiledModules -clang-scanner-module-cache-path /Users/aadityasingh/Library/Developer/Xcode/DerivedData/ModuleCache.noindex -sdk-module-cache-path /Users/aadityasingh/Library/Developer/Xcode/DerivedData/ModuleCache.noindex -serialize-diagnostics -emit-dependencies -emit-module -emit-module-path /Users/aadityasingh/Library/Developer/Xcode/DerivedData/Chatlio-erkyzdeecsohoaggpwbjdvavzqfv/Build/Intermediates.noindex/swiftui-introspect.build/Debug-iphonesimulator/SwiftUIIntrospect.build/Objects-normal/arm64/SwiftUIIntrospect.swiftmodule -user-module-version 26.0.1 -validate-clang-modules-once -clang-build-session-file /Users/aadityasingh/Library/Developer/Xcode/DerivedData/ModuleCache.noindex/Session.modulevalidation -package-name swiftui_introspect -Xcc -I/Users/aadityasingh/Library/Developer/Xcode/DerivedData/Chatlio-erkyzdeecsohoaggpwbjdvavzqfv/Build/Intermediates.noindex/swiftui-introspect.build/Debug-iphonesimulator/SwiftUIIntrospect.build/swift-overrides.hmap -emit-const-values -Xfrontend -const-gather-protocols-file -Xfrontend /Users/aadityasingh/Library/Developer/Xcode/DerivedData/Chatlio-erkyzdeecsohoaggpwbjdvavzqfv/Build/Intermediates.noindex/swiftui-introspect.build/Debug-iphonesimulator/SwiftUIIntrospect.build/Objects-normal/arm64/SwiftUIIntrospect_const_extract_protocols.json -Xcc -I/Users/aadityasingh/Library/Developer/Xcode/DerivedData/Chatlio-erkyzdeecsohoaggpwbjdvavzqfv/Build/Products/Debug-iphonesimulator/include -Xcc -I/Users/aadityasingh/Library/Developer/Xcode/DerivedData/Chatlio-erkyzdeecsohoaggpwbjdvavzqfv/Build/Intermediates.noindex/swiftui-introspect.build/Debug-iphonesimulator/SwiftUIIntrospect.build/DerivedSources-normal/arm64 -Xcc -I/Users/aadityasingh/Library/Developer/Xcode/DerivedData/Chatlio-erkyzdeecsohoaggpwbjdvavzqfv/Build/Intermediates.noindex/swiftui-introspect.build/Debug-iphonesimulator/SwiftUIIntrospect.build/DerivedSources/arm64 -Xcc -I/Users/aadityasingh/Library/Developer/Xcode/DerivedData/Chatlio-erkyzdeecsohoaggpwbjdvavzqfv/Build/Intermediates.noindex/swiftui-introspect.build/Debug-iphonesimulator/SwiftUIIntrospect.build/DerivedSources -Xcc -DSWIFT_PACKAGE -Xcc -DDEBUG\=1 -emit-objc-header -emit-objc-header-path /Users/aadityasingh/Library/Developer/Xcode/DerivedData/Chatlio-erkyzdeecsohoaggpwbjdvavzqfv/Build/Intermediates.noindex/swiftui-introspect.build/Debug-iphonesimulator/SwiftUIIntrospect.build/Objects-normal/arm64/SwiftUIIntrospect-Swift.h -working-directory /Users/aadityasingh/Documents/Development/element-x-ios/Chatlio.xcodeproj -experimental-emit-module-separately -disable-cmo

SwiftDriverJobDiscovery normal x86_64 Emitting module for SFSafeSymbols (in target 'SFSafeSymbols' from project 'SFSafeSymbols')

Copy /Users/aadityasingh/Library/Developer/Xcode/DerivedData/Chatlio-erkyzdeecsohoaggpwbjdvavzqfv/Build/Products/Debug-iphonesimulator/SwiftUIIntrospect.swiftmodule/x86_64-apple-ios-simulator.swiftmodule /Users/aadityasingh/Library/Developer/Xcode/DerivedData/Chatlio-erkyzdeecsohoaggpwbjdvavzqfv/Build/Intermediates.noindex/swiftui-introspect.build/Debug-iphonesimulator/SwiftUIIntrospect.build/Objects-normal/x86_64/SwiftUIIntrospect.swiftmodule (in target 'SwiftUIIntrospect' from project 'swiftui-introspect')
    cd /Users/aadityasingh/Library/Developer/Xcode/DerivedData/Chatlio-erkyzdeecsohoaggpwbjdvavzqfv/SourcePackages/checkouts/SwiftUI-Introspect
    builtin-copy -exclude .DS_Store -exclude CVS -exclude .svn -exclude .git -exclude .hg -resolve-src-symlinks -rename /Users/aadityasingh/Library/Developer/Xcode/DerivedData/Chatlio-erkyzdeecsohoaggpwbjdvavzqfv/Build/Intermediates.noindex/swiftui-introspect.build/Debug-iphonesimulator/SwiftUIIntrospect.build/Objects-normal/x86_64/SwiftUIIntrospect.swiftmodule /Users/aadityasingh/Library/Developer/Xcode/DerivedData/Chatlio-erkyzdeecsohoaggpwbjdvavzqfv/Build/Products/Debug-iphonesimulator/SwiftUIIntrospect.swiftmodule/x86_64-apple-ios-simulator.swiftmodule

SwiftMergeGeneratedHeaders /Users/aadityasingh/Library/Developer/Xcode/DerivedData/Chatlio-erkyzdeecsohoaggpwbjdvavzqfv/Build/Intermediates.noindex/GeneratedModuleMaps-iphonesimulator/SwiftUIIntrospect-Swift.h /Users/aadityasingh/Library/Developer/Xcode/DerivedData/Chatlio-erkyzdeecsohoaggpwbjdvavzqfv/Build/Intermediates.noindex/swiftui-introspect.build/Debug-iphonesimulator/SwiftUIIntrospect.build/Objects-normal/arm64/SwiftUIIntrospect-Swift.h /Users/aadityasingh/Library/Developer/Xcode/DerivedData/Chatlio-erkyzdeecsohoaggpwbjdvavzqfv/Build/Intermediates.noindex/swiftui-introspect.build/Debug-iphonesimulator/SwiftUIIntrospect.build/Objects-normal/x86_64/SwiftUIIntrospect-Swift.h (in target 'SwiftUIIntrospect' from project 'swiftui-introspect')
    cd /Users/aadityasingh/Library/Developer/Xcode/DerivedData/Chatlio-erkyzdeecsohoaggpwbjdvavzqfv/SourcePackages/checkouts/SwiftUI-Introspect
    builtin-swiftHeaderTool -arch arm64 /Users/aadityasingh/Library/Developer/Xcode/DerivedData/Chatlio-erkyzdeecsohoaggpwbjdvavzqfv/Build/Intermediates.noindex/swiftui-introspect.build/Debug-iphonesimulator/SwiftUIIntrospect.build/Objects-normal/arm64/SwiftUIIntrospect-Swift.h -arch x86_64 /Users/aadityasingh/Library/Developer/Xcode/DerivedData/Chatlio-erkyzdeecsohoaggpwbjdvavzqfv/Build/Intermediates.noindex/swiftui-introspect.build/Debug-iphonesimulator/SwiftUIIntrospect.build/Objects-normal/x86_64/SwiftUIIntrospect-Swift.h -o /Users/aadityasingh/Library/Developer/Xcode/DerivedData/Chatlio-erkyzdeecsohoaggpwbjdvavzqfv/Build/Intermediates.noindex/GeneratedModuleMaps-iphonesimulator/SwiftUIIntrospect-Swift.h

Copy /Users/aadityasingh/Library/Developer/Xcode/DerivedData/Chatlio-erkyzdeecsohoaggpwbjdvavzqfv/Build/Products/Debug-iphonesimulator/SwiftUIIntrospect.swiftmodule/x86_64-apple-ios-simulator.swiftdoc /Users/aadityasingh/Library/Developer/Xcode/DerivedData/Chatlio-erkyzdeecsohoaggpwbjdvavzqfv/Build/Intermediates.noindex/swiftui-introspect.build/Debug-iphonesimulator/SwiftUIIntrospect.build/Objects-normal/x86_64/SwiftUIIntrospect.swiftdoc (in target 'SwiftUIIntrospect' from project 'swiftui-introspect')
    cd /Users/aadityasingh/Library/Developer/Xcode/DerivedData/Chatlio-erkyzdeecsohoaggpwbjdvavzqfv/SourcePackages/checkouts/SwiftUI-Introspect
    builtin-copy -exclude .DS_Store -exclude CVS -exclude .svn -exclude .git -exclude .hg -resolve-src-symlinks -rename /Users/aadityasingh/Library/Developer/Xcode/DerivedData/Chatlio-erkyzdeecsohoaggpwbjdvavzqfv/Build/Intermediates.noindex/swiftui-introspect.build/Debug-iphonesimulator/SwiftUIIntrospect.build/Objects-normal/x86_64/SwiftUIIntrospect.swiftdoc /Users/aadityasingh/Library/Developer/Xcode/DerivedData/Chatlio-erkyzdeecsohoaggpwbjdvavzqfv/Build/Products/Debug-iphonesimulator/SwiftUIIntrospect.swiftmodule/x86_64-apple-ios-simulator.swiftdoc

Copy /Users/aadityasingh/Library/Developer/Xcode/DerivedData/Chatlio-erkyzdeecsohoaggpwbjdvavzqfv/Build/Products/Debug-iphonesimulator/SwiftUIIntrospect.swiftmodule/x86_64-apple-ios-simulator.abi.json /Users/aadityasingh/Library/Developer/Xcode/DerivedData/Chatlio-erkyzdeecsohoaggpwbjdvavzqfv/Build/Intermediates.noindex/swiftui-introspect.build/Debug-iphonesimulator/SwiftUIIntrospect.build/Objects-normal/x86_64/SwiftUIIntrospect.abi.json (in target 'SwiftUIIntrospect' from project 'swiftui-introspect')
    cd /Users/aadityasingh/Library/Developer/Xcode/DerivedData/Chatlio-erkyzdeecsohoaggpwbjdvavzqfv/SourcePackages/checkouts/SwiftUI-Introspect
    builtin-copy -exclude .DS_Store -exclude CVS -exclude .svn -exclude .git -exclude .hg -resolve-src-symlinks -rename /Users/aadityasingh/Library/Developer/Xcode/DerivedData/Chatlio-erkyzdeecsohoaggpwbjdvavzqfv/Build/Intermediates.noindex/swiftui-introspect.build/Debug-iphonesimulator/SwiftUIIntrospect.build/Objects-normal/x86_64/SwiftUIIntrospect.abi.json /Users/aadityasingh/Library/Developer/Xcode/DerivedData/Chatlio-erkyzdeecsohoaggpwbjdvavzqfv/Build/Products/Debug-iphonesimulator/SwiftUIIntrospect.swiftmodule/x86_64-apple-ios-simulator.abi.json

Copy /Users/aadityasingh/Library/Developer/Xcode/DerivedData/Chatlio-erkyzdeecsohoaggpwbjdvavzqfv/Build/Products/Debug-iphonesimulator/SwiftUIIntrospect.swiftmodule/arm64-apple-ios-simulator.swiftmodule /Users/aadityasingh/Library/Developer/Xcode/DerivedData/Chatlio-erkyzdeecsohoaggpwbjdvavzqfv/Build/Intermediates.noindex/swiftui-introspect.build/Debug-iphonesimulator/SwiftUIIntrospect.build/Objects-normal/arm64/SwiftUIIntrospect.swiftmodule (in target 'SwiftUIIntrospect' from project 'swiftui-introspect')
    cd /Users/aadityasingh/Library/Developer/Xcode/DerivedData/Chatlio-erkyzdeecsohoaggpwbjdvavzqfv/SourcePackages/checkouts/SwiftUI-Introspect
    builtin-copy -exclude .DS_Store -exclude CVS -exclude .svn -exclude .git -exclude .hg -resolve-src-symlinks -rename /Users/aadityasingh/Library/Developer/Xcode/DerivedData/Chatlio-erkyzdeecsohoaggpwbjdvavzqfv/Build/Intermediates.noindex/swiftui-introspect.build/Debug-iphonesimulator/SwiftUIIntrospect.build/Objects-normal/arm64/SwiftUIIntrospect.swiftmodule /Users/aadityasingh/Library/Developer/Xcode/DerivedData/Chatlio-erkyzdeecsohoaggpwbjdvavzqfv/Build/Products/Debug-iphonesimulator/SwiftUIIntrospect.swiftmodule/arm64-apple-ios-simulator.swiftmodule

Copy /Users/aadityasingh/Library/Developer/Xcode/DerivedData/Chatlio-erkyzdeecsohoaggpwbjdvavzqfv/Build/Products/Debug-iphonesimulator/SwiftUIIntrospect.swiftmodule/arm64-apple-ios-simulator.swiftdoc /Users/aadityasingh/Library/Developer/Xcode/DerivedData/Chatlio-erkyzdeecsohoaggpwbjdvavzqfv/Build/Intermediates.noindex/swiftui-introspect.build/Debug-iphonesimulator/SwiftUIIntrospect.build/Objects-normal/arm64/SwiftUIIntrospect.swiftdoc (in target 'SwiftUIIntrospect' from project 'swiftui-introspect')
    cd /Users/aadityasingh/Library/Developer/Xcode/DerivedData/Chatlio-erkyzdeecsohoaggpwbjdvavzqfv/SourcePackages/checkouts/SwiftUI-Introspect
    builtin-copy -exclude .DS_Store -exclude CVS -exclude .svn -exclude .git -exclude .hg -resolve-src-symlinks -rename /Users/aadityasingh/Library/Developer/Xcode/DerivedData/Chatlio-erkyzdeecsohoaggpwbjdvavzqfv/Build/Intermediates.noindex/swiftui-introspect.build/Debug-iphonesimulator/SwiftUIIntrospect.build/Objects-normal/arm64/SwiftUIIntrospect.swiftdoc /Users/aadityasingh/Library/Developer/Xcode/DerivedData/Chatlio-erkyzdeecsohoaggpwbjdvavzqfv/Build/Products/Debug-iphonesimulator/SwiftUIIntrospect.swiftmodule/arm64-apple-ios-simulator.swiftdoc

Copy /Users/aadityasingh/Library/Developer/Xcode/DerivedData/Chatlio-erkyzdeecsohoaggpwbjdvavzqfv/Build/Products/Debug-iphonesimulator/SwiftUIIntrospect.swiftmodule/arm64-apple-ios-simulator.abi.json /Users/aadityasingh/Library/Developer/Xcode/DerivedData/Chatlio-erkyzdeecsohoaggpwbjdvavzqfv/Build/Intermediates.noindex/swiftui-introspect.build/Debug-iphonesimulator/SwiftUIIntrospect.build/Objects-normal/arm64/SwiftUIIntrospect.abi.json (in target 'SwiftUIIntrospect' from project 'swiftui-introspect')
    cd /Users/aadityasingh/Library/Developer/Xcode/DerivedData/Chatlio-erkyzdeecsohoaggpwbjdvavzqfv/SourcePackages/checkouts/SwiftUI-Introspect
    builtin-copy -exclude .DS_Store -exclude CVS -exclude .svn -exclude .git -exclude .hg -resolve-src-symlinks -rename /Users/aadityasingh/Library/Developer/Xcode/DerivedData/Chatlio-erkyzdeecsohoaggpwbjdvavzqfv/Build/Intermediates.noindex/swiftui-introspect.build/Debug-iphonesimulator/SwiftUIIntrospect.build/Objects-normal/arm64/SwiftUIIntrospect.abi.json /Users/aadityasingh/Library/Developer/Xcode/DerivedData/Chatlio-erkyzdeecsohoaggpwbjdvavzqfv/Build/Products/Debug-iphonesimulator/SwiftUIIntrospect.swiftmodule/arm64-apple-ios-simulator.abi.json

Copy /Users/aadityasingh/Library/Developer/Xcode/DerivedData/Chatlio-erkyzdeecsohoaggpwbjdvavzqfv/Build/Products/Debug-iphonesimulator/SwiftUIIntrospect.swiftmodule/Project/x86_64-apple-ios-simulator.swiftsourceinfo /Users/aadityasingh/Library/Developer/Xcode/DerivedData/Chatlio-erkyzdeecsohoaggpwbjdvavzqfv/Build/Intermediates.noindex/swiftui-introspect.build/Debug-iphonesimulator/SwiftUIIntrospect.build/Objects-normal/x86_64/SwiftUIIntrospect.swiftsourceinfo (in target 'SwiftUIIntrospect' from project 'swiftui-introspect')
    cd /Users/aadityasingh/Library/Developer/Xcode/DerivedData/Chatlio-erkyzdeecsohoaggpwbjdvavzqfv/SourcePackages/checkouts/SwiftUI-Introspect
    builtin-copy -exclude .DS_Store -exclude CVS -exclude .svn -exclude .git -exclude .hg -resolve-src-symlinks -rename /Users/aadityasingh/Library/Developer/Xcode/DerivedData/Chatlio-erkyzdeecsohoaggpwbjdvavzqfv/Build/Intermediates.noindex/swiftui-introspect.build/Debug-iphonesimulator/SwiftUIIntrospect.build/Objects-normal/x86_64/SwiftUIIntrospect.swiftsourceinfo /Users/aadityasingh/Library/Developer/Xcode/DerivedData/Chatlio-erkyzdeecsohoaggpwbjdvavzqfv/Build/Products/Debug-iphonesimulator/SwiftUIIntrospect.swiftmodule/Project/x86_64-apple-ios-simulator.swiftsourceinfo

Copy /Users/aadityasingh/Library/Developer/Xcode/DerivedData/Chatlio-erkyzdeecsohoaggpwbjdvavzqfv/Build/Products/Debug-iphonesimulator/SwiftUIIntrospect.swiftmodule/Project/arm64-apple-ios-simulator.swiftsourceinfo /Users/aadityasingh/Library/Developer/Xcode/DerivedData/Chatlio-erkyzdeecsohoaggpwbjdvavzqfv/Build/Intermediates.noindex/swiftui-introspect.build/Debug-iphonesimulator/SwiftUIIntrospect.build/Objects-normal/arm64/SwiftUIIntrospect.swiftsourceinfo (in target 'SwiftUIIntrospect' from project 'swiftui-introspect')
    cd /Users/aadityasingh/Library/Developer/Xcode/DerivedData/Chatlio-erkyzdeecsohoaggpwbjdvavzqfv/SourcePackages/checkouts/SwiftUI-Introspect
    builtin-copy -exclude .DS_Store -exclude CVS -exclude .svn -exclude .git -exclude .hg -resolve-src-symlinks -rename /Users/aadityasingh/Library/Developer/Xcode/DerivedData/Chatlio-erkyzdeecsohoaggpwbjdvavzqfv/Build/Intermediates.noindex/swiftui-introspect.build/Debug-iphonesimulator/SwiftUIIntrospect.build/Objects-normal/arm64/SwiftUIIntrospect.swiftsourceinfo /Users/aadityasingh/Library/Developer/Xcode/DerivedData/Chatlio-erkyzdeecsohoaggpwbjdvavzqfv/Build/Products/Debug-iphonesimulator/SwiftUIIntrospect.swiftmodule/Project/arm64-apple-ios-simulator.swiftsourceinfo

SwiftDriver\ Compilation\ Requirements SFSafeSymbols normal x86_64 com.apple.xcode.tools.swift.compiler (in target 'SFSafeSymbols' from project 'SFSafeSymbols')
    cd /Users/aadityasingh/Documents/Development/element-x-ios/Chatlio.xcodeproj
    builtin-Swift-Compilation-Requirements -- /Applications/Xcode.app/Contents/Developer/Toolchains/XcodeDefault.xctoolchain/usr/bin/swiftc -module-name SFSafeSymbols -Onone @/Users/aadityasingh/Library/Developer/Xcode/DerivedData/Chatlio-erkyzdeecsohoaggpwbjdvavzqfv/Build/Intermediates.noindex/SFSafeSymbols.build/Debug-iphonesimulator/SFSafeSymbols.build/Objects-normal/x86_64/SFSafeSymbols.SwiftFileList -DSWIFT_PACKAGE -DDEBUG -DSWIFT_MODULE_RESOURCE_BUNDLE_UNAVAILABLE -DXcode -plugin-path /Applications/Xcode.app/Contents/Developer/Toolchains/XcodeDefault.xctoolchain/usr/lib/swift/host/plugins/testing -enable-experimental-feature DebugDescriptionMacro -sdk /Applications/Xcode.app/Contents/Developer/Platforms/iPhoneSimulator.platform/Developer/SDKs/iPhoneSimulator26.4.sdk -target x86_64-apple-ios12.0-simulator -g -module-cache-path /Users/aadityasingh/Library/Developer/Xcode/DerivedData/ModuleCache.noindex -Xfrontend -serialize-debugging-options -profile-coverage-mapping -profile-generate -enable-testing -suppress-warnings -index-store-path /Users/aadityasingh/Library/Developer/Xcode/DerivedData/Chatlio-erkyzdeecsohoaggpwbjdvavzqfv/Index.noindex/DataStore -Xcc -D_LIBCPP_HARDENING_MODE\=_LIBCPP_HARDENING_MODE_DEBUG -swift-version 5 -I /Users/aadityasingh/Library/Developer/Xcode/DerivedData/Chatlio-erkyzdeecsohoaggpwbjdvavzqfv/Build/Products/Debug-iphonesimulator -Isystem /Applications/Xcode.app/Contents/Developer/Platforms/iPhoneSimulator.platform/Developer/usr/lib -F /Users/aadityasingh/Library/Developer/Xcode/DerivedData/Chatlio-erkyzdeecsohoaggpwbjdvavzqfv/Build/Products/Debug-iphonesimulator -F /Applications/Xcode.app/Contents/Developer/Platforms/iPhoneSimulator.platform/Developer/Library/Frameworks -F /Applications/Xcode.app/Contents/Developer/Platforms/iPhoneSimulator.platform/Developer/SDKs/iPhoneSimulator26.4.sdk/Developer/Library/Frameworks -c -j12 -enable-batch-mode -incremental -Xcc -ivfsstatcache -Xcc /Users/aadityasingh/Library/Developer/Xcode/DerivedData/SDKStatCaches.noindex/iphonesimulator26.4-23E252-686eebb5dc1d8ecb277353a59184f4aa.sdkstatcache -output-file-map /Users/aadityasingh/Library/Developer/Xcode/DerivedData/Chatlio-erkyzdeecsohoaggpwbjdvavzqfv/Build/Intermediates.noindex/SFSafeSymbols.build/Debug-iphonesimulator/SFSafeSymbols.build/Objects-normal/x86_64/SFSafeSymbols-OutputFileMap.json -use-frontend-parseable-output -save-temps -no-color-diagnostics -explicit-module-build -module-cache-path /Users/aadityasingh/Library/Developer/Xcode/DerivedData/Chatlio-erkyzdeecsohoaggpwbjdvavzqfv/Build/Intermediates.noindex/SwiftExplicitPrecompiledModules -clang-scanner-module-cache-path /Users/aadityasingh/Library/Developer/Xcode/DerivedData/ModuleCache.noindex -sdk-module-cache-path /Users/aadityasingh/Library/Developer/Xcode/DerivedData/ModuleCache.noindex -serialize-diagnostics -emit-dependencies -emit-module -emit-module-path /Users/aadityasingh/Library/Developer/Xcode/DerivedData/Chatlio-erkyzdeecsohoaggpwbjdvavzqfv/Build/Intermediates.noindex/SFSafeSymbols.build/Debug-iphonesimulator/SFSafeSymbols.build/Objects-normal/x86_64/SFSafeSymbols.swiftmodule -validate-clang-modules-once -clang-build-session-file /Users/aadityasingh/Library/Developer/Xcode/DerivedData/ModuleCache.noindex/Session.modulevalidation -package-name sfsafesymbols -Xcc -I/Users/aadityasingh/Library/Developer/Xcode/DerivedData/Chatlio-erkyzdeecsohoaggpwbjdvavzqfv/Build/Intermediates.noindex/SFSafeSymbols.build/Debug-iphonesimulator/SFSafeSymbols.build/swift-overrides.hmap -emit-const-values -Xfrontend -const-gather-protocols-file -Xfrontend /Users/aadityasingh/Library/Developer/Xcode/DerivedData/Chatlio-erkyzdeecsohoaggpwbjdvavzqfv/Build/Intermediates.noindex/SFSafeSymbols.build/Debug-iphonesimulator/SFSafeSymbols.build/Objects-normal/x86_64/SFSafeSymbols_const_extract_protocols.json -Xcc -I/Users/aadityasingh/Library/Developer/Xcode/DerivedData/Chatlio-erkyzdeecsohoaggpwbjdvavzqfv/Build/Products/Debug-iphonesimulator/include -Xcc -I/Users/aadityasingh/Library/Developer/Xcode/DerivedData/Chatlio-erkyzdeecsohoaggpwbjdvavzqfv/Build/Intermediates.noindex/SFSafeSymbols.build/Debug-iphonesimulator/SFSafeSymbols.build/DerivedSources-normal/x86_64 -Xcc -I/Users/aadityasingh/Library/Developer/Xcode/DerivedData/Chatlio-erkyzdeecsohoaggpwbjdvavzqfv/Build/Intermediates.noindex/SFSafeSymbols.build/Debug-iphonesimulator/SFSafeSymbols.build/DerivedSources/x86_64 -Xcc -I/Users/aadityasingh/Library/Developer/Xcode/DerivedData/Chatlio-erkyzdeecsohoaggpwbjdvavzqfv/Build/Intermediates.noindex/SFSafeSymbols.build/Debug-iphonesimulator/SFSafeSymbols.build/DerivedSources -Xcc -DSWIFT_PACKAGE -Xcc -DDEBUG\=1 -emit-objc-header -emit-objc-header-path /Users/aadityasingh/Library/Developer/Xcode/DerivedData/Chatlio-erkyzdeecsohoaggpwbjdvavzqfv/Build/Intermediates.noindex/SFSafeSymbols.build/Debug-iphonesimulator/SFSafeSymbols.build/Objects-normal/x86_64/SFSafeSymbols-Swift.h -working-directory /Users/aadityasingh/Documents/Development/element-x-ios/Chatlio.xcodeproj -experimental-emit-module-separately -disable-cmo

SwiftCompile normal x86_64 Compiling\ Sheet.swift,\ SignInWithAppleButton.swift,\ Slider.swift,\ Stepper.swift,\ TabView.swift /Users/aadityasingh/Library/Developer/Xcode/DerivedData/Chatlio-erkyzdeecsohoaggpwbjdvavzqfv/SourcePackages/checkouts/SwiftUI-Introspect/Sources/ViewTypes/Sheet.swift /Users/aadityasingh/Library/Developer/Xcode/DerivedData/Chatlio-erkyzdeecsohoaggpwbjdvavzqfv/SourcePackages/checkouts/SwiftUI-Introspect/Sources/ViewTypes/SignInWithAppleButton.swift /Users/aadityasingh/Library/Developer/Xcode/DerivedData/Chatlio-erkyzdeecsohoaggpwbjdvavzqfv/SourcePackages/checkouts/SwiftUI-Introspect/Sources/ViewTypes/Slider.swift /Users/aadityasingh/Library/Developer/Xcode/DerivedData/Chatlio-erkyzdeecsohoaggpwbjdvavzqfv/SourcePackages/checkouts/SwiftUI-Introspect/Sources/ViewTypes/Stepper.swift /Users/aadityasingh/Library/Developer/Xcode/DerivedData/Chatlio-erkyzdeecsohoaggpwbjdvavzqfv/SourcePackages/checkouts/SwiftUI-Introspect/Sources/ViewTypes/TabView.swift (in target 'SwiftUIIntrospect' from project 'swiftui-introspect')

SwiftCompile normal x86_64 /Users/aadityasingh/Library/Developer/Xcode/DerivedData/Chatlio-erkyzdeecsohoaggpwbjdvavzqfv/SourcePackages/checkouts/SwiftUI-Introspect/Sources/ViewTypes/Sheet.swift (in target 'SwiftUIIntrospect' from project 'swiftui-introspect')
    cd /Users/aadityasingh/Documents/Development/element-x-ios/Chatlio.xcodeproj
    

SwiftCompile normal x86_64 /Users/aadityasingh/Library/Developer/Xcode/DerivedData/Chatlio-erkyzdeecsohoaggpwbjdvavzqfv/SourcePackages/checkouts/SwiftUI-Introspect/Sources/ViewTypes/SignInWithAppleButton.swift (in target 'SwiftUIIntrospect' from project 'swiftui-introspect')
    cd /Users/aadityasingh/Documents/Development/element-x-ios/Chatlio.xcodeproj
    

SwiftCompile normal x86_64 /Users/aadityasingh/Library/Developer/Xcode/DerivedData/Chatlio-erkyzdeecsohoaggpwbjdvavzqfv/SourcePackages/checkouts/SwiftUI-Introspect/Sources/ViewTypes/Slider.swift (in target 'SwiftUIIntrospect' from project 'swiftui-introspect')
    cd /Users/aadityasingh/Documents/Development/element-x-ios/Chatlio.xcodeproj
    

SwiftCompile normal x86_64 /Users/aadityasingh/Library/Developer/Xcode/DerivedData/Chatlio-erkyzdeecsohoaggpwbjdvavzqfv/SourcePackages/checkouts/SwiftUI-Introspect/Sources/ViewTypes/Stepper.swift (in target 'SwiftUIIntrospect' from project 'swiftui-introspect')
    cd /Users/aadityasingh/Documents/Development/element-x-ios/Chatlio.xcodeproj
    

SwiftCompile normal x86_64 /Users/aadityasingh/Library/Developer/Xcode/DerivedData/Chatlio-erkyzdeecsohoaggpwbjdvavzqfv/SourcePackages/checkouts/SwiftUI-Introspect/Sources/ViewTypes/TabView.swift (in target 'SwiftUIIntrospect' from project 'swiftui-introspect')
    cd /Users/aadityasingh/Documents/Development/element-x-ios/Chatlio.xcodeproj
    

SwiftDriverJobDiscovery normal arm64 Emitting module for SFSafeSymbols (in target 'SFSafeSymbols' from project 'SFSafeSymbols')

Copy /Users/aadityasingh/Library/Developer/Xcode/DerivedData/Chatlio-erkyzdeecsohoaggpwbjdvavzqfv/Build/Products/Debug-iphonesimulator/SFSafeSymbols.swiftmodule/x86_64-apple-ios-simulator.swiftmodule /Users/aadityasingh/Library/Developer/Xcode/DerivedData/Chatlio-erkyzdeecsohoaggpwbjdvavzqfv/Build/Intermediates.noindex/SFSafeSymbols.build/Debug-iphonesimulator/SFSafeSymbols.build/Objects-normal/x86_64/SFSafeSymbols.swiftmodule (in target 'SFSafeSymbols' from project 'SFSafeSymbols')
    cd /Users/aadityasingh/Library/Developer/Xcode/DerivedData/Chatlio-erkyzdeecsohoaggpwbjdvavzqfv/SourcePackages/checkouts/SFSafeSymbols
    builtin-copy -exclude .DS_Store -exclude CVS -exclude .svn -exclude .git -exclude .hg -resolve-src-symlinks -rename /Users/aadityasingh/Library/Developer/Xcode/DerivedData/Chatlio-erkyzdeecsohoaggpwbjdvavzqfv/Build/Intermediates.noindex/SFSafeSymbols.build/Debug-iphonesimulator/SFSafeSymbols.build/Objects-normal/x86_64/SFSafeSymbols.swiftmodule /Users/aadityasingh/Library/Developer/Xcode/DerivedData/Chatlio-erkyzdeecsohoaggpwbjdvavzqfv/Build/Products/Debug-iphonesimulator/SFSafeSymbols.swiftmodule/x86_64-apple-ios-simulator.swiftmodule

SwiftDriver\ Compilation\ Requirements SFSafeSymbols normal arm64 com.apple.xcode.tools.swift.compiler (in target 'SFSafeSymbols' from project 'SFSafeSymbols')
    cd /Users/aadityasingh/Documents/Development/element-x-ios/Chatlio.xcodeproj
    builtin-Swift-Compilation-Requirements -- /Applications/Xcode.app/Contents/Developer/Toolchains/XcodeDefault.xctoolchain/usr/bin/swiftc -module-name SFSafeSymbols -Onone @/Users/aadityasingh/Library/Developer/Xcode/DerivedData/Chatlio-erkyzdeecsohoaggpwbjdvavzqfv/Build/Intermediates.noindex/SFSafeSymbols.build/Debug-iphonesimulator/SFSafeSymbols.build/Objects-normal/arm64/SFSafeSymbols.SwiftFileList -DSWIFT_PACKAGE -DDEBUG -DSWIFT_MODULE_RESOURCE_BUNDLE_UNAVAILABLE -DXcode -plugin-path /Applications/Xcode.app/Contents/Developer/Toolchains/XcodeDefault.xctoolchain/usr/lib/swift/host/plugins/testing -enable-experimental-feature DebugDescriptionMacro -sdk /Applications/Xcode.app/Contents/Developer/Platforms/iPhoneSimulator.platform/Developer/SDKs/iPhoneSimulator26.4.sdk -target arm64-apple-ios12.0-simulator -g -module-cache-path /Users/aadityasingh/Library/Developer/Xcode/DerivedData/ModuleCache.noindex -Xfrontend -serialize-debugging-options -profile-coverage-mapping -profile-generate -enable-testing -suppress-warnings -index-store-path /Users/aadityasingh/Library/Developer/Xcode/DerivedData/Chatlio-erkyzdeecsohoaggpwbjdvavzqfv/Index.noindex/DataStore -Xcc -D_LIBCPP_HARDENING_MODE\=_LIBCPP_HARDENING_MODE_DEBUG -swift-version 5 -I /Users/aadityasingh/Library/Developer/Xcode/DerivedData/Chatlio-erkyzdeecsohoaggpwbjdvavzqfv/Build/Products/Debug-iphonesimulator -Isystem /Applications/Xcode.app/Contents/Developer/Platforms/iPhoneSimulator.platform/Developer/usr/lib -F /Users/aadityasingh/Library/Developer/Xcode/DerivedData/Chatlio-erkyzdeecsohoaggpwbjdvavzqfv/Build/Products/Debug-iphonesimulator -F /Applications/Xcode.app/Contents/Developer/Platforms/iPhoneSimulator.platform/Developer/Library/Frameworks -F /Applications/Xcode.app/Contents/Developer/Platforms/iPhoneSimulator.platform/Developer/SDKs/iPhoneSimulator26.4.sdk/Developer/Library/Frameworks -c -j12 -enable-batch-mode -incremental -Xcc -ivfsstatcache -Xcc /Users/aadityasingh/Library/Developer/Xcode/DerivedData/SDKStatCaches.noindex/iphonesimulator26.4-23E252-686eebb5dc1d8ecb277353a59184f4aa.sdkstatcache -output-file-map /Users/aadityasingh/Library/Developer/Xcode/DerivedData/Chatlio-erkyzdeecsohoaggpwbjdvavzqfv/Build/Intermediates.noindex/SFSafeSymbols.build/Debug-iphonesimulator/SFSafeSymbols.build/Objects-normal/arm64/SFSafeSymbols-OutputFileMap.json -use-frontend-parseable-output -save-temps -no-color-diagnostics -explicit-module-build -module-cache-path /Users/aadityasingh/Library/Developer/Xcode/DerivedData/Chatlio-erkyzdeecsohoaggpwbjdvavzqfv/Build/Intermediates.noindex/SwiftExplicitPrecompiledModules -clang-scanner-module-cache-path /Users/aadityasingh/Library/Developer/Xcode/DerivedData/ModuleCache.noindex -sdk-module-cache-path /Users/aadityasingh/Library/Developer/Xcode/DerivedData/ModuleCache.noindex -serialize-diagnostics -emit-dependencies -emit-module -emit-module-path /Users/aadityasingh/Library/Developer/Xcode/DerivedData/Chatlio-erkyzdeecsohoaggpwbjdvavzqfv/Build/Intermediates.noindex/SFSafeSymbols.build/Debug-iphonesimulator/SFSafeSymbols.build/Objects-normal/arm64/SFSafeSymbols.swiftmodule -validate-clang-modules-once -clang-build-session-file /Users/aadityasingh/Library/Developer/Xcode/DerivedData/ModuleCache.noindex/Session.modulevalidation -package-name sfsafesymbols -Xcc -I/Users/aadityasingh/Library/Developer/Xcode/DerivedData/Chatlio-erkyzdeecsohoaggpwbjdvavzqfv/Build/Intermediates.noindex/SFSafeSymbols.build/Debug-iphonesimulator/SFSafeSymbols.build/swift-overrides.hmap -emit-const-values -Xfrontend -const-gather-protocols-file -Xfrontend /Users/aadityasingh/Library/Developer/Xcode/DerivedData/Chatlio-erkyzdeecsohoaggpwbjdvavzqfv/Build/Intermediates.noindex/SFSafeSymbols.build/Debug-iphonesimulator/SFSafeSymbols.build/Objects-normal/arm64/SFSafeSymbols_const_extract_protocols.json -Xcc -I/Users/aadityasingh/Library/Developer/Xcode/DerivedData/Chatlio-erkyzdeecsohoaggpwbjdvavzqfv/Build/Products/Debug-iphonesimulator/include -Xcc -I/Users/aadityasingh/Library/Developer/Xcode/DerivedData/Chatlio-erkyzdeecsohoaggpwbjdvavzqfv/Build/Intermediates.noindex/SFSafeSymbols.build/Debug-iphonesimulator/SFSafeSymbols.build/DerivedSources-normal/arm64 -Xcc -I/Users/aadityasingh/Library/Developer/Xcode/DerivedData/Chatlio-erkyzdeecsohoaggpwbjdvavzqfv/Build/Intermediates.noindex/SFSafeSymbols.build/Debug-iphonesimulator/SFSafeSymbols.build/DerivedSources/arm64 -Xcc -I/Users/aadityasingh/Library/Developer/Xcode/DerivedData/Chatlio-erkyzdeecsohoaggpwbjdvavzqfv/Build/Intermediates.noindex/SFSafeSymbols.build/Debug-iphonesimulator/SFSafeSymbols.build/DerivedSources -Xcc -DSWIFT_PACKAGE -Xcc -DDEBUG\=1 -emit-objc-header -emit-objc-header-path /Users/aadityasingh/Library/Developer/Xcode/DerivedData/Chatlio-erkyzdeecsohoaggpwbjdvavzqfv/Build/Intermediates.noindex/SFSafeSymbols.build/Debug-iphonesimulator/SFSafeSymbols.build/Objects-normal/arm64/SFSafeSymbols-Swift.h -working-directory /Users/aadityasingh/Documents/Development/element-x-ios/Chatlio.xcodeproj -experimental-emit-module-separately -disable-cmo

Copy /Users/aadityasingh/Library/Developer/Xcode/DerivedData/Chatlio-erkyzdeecsohoaggpwbjdvavzqfv/Build/Products/Debug-iphonesimulator/SFSafeSymbols.swiftmodule/x86_64-apple-ios-simulator.swiftdoc /Users/aadityasingh/Library/Developer/Xcode/DerivedData/Chatlio-erkyzdeecsohoaggpwbjdvavzqfv/Build/Intermediates.noindex/SFSafeSymbols.build/Debug-iphonesimulator/SFSafeSymbols.build/Objects-normal/x86_64/SFSafeSymbols.swiftdoc (in target 'SFSafeSymbols' from project 'SFSafeSymbols')
    cd /Users/aadityasingh/Library/Developer/Xcode/DerivedData/Chatlio-erkyzdeecsohoaggpwbjdvavzqfv/SourcePackages/checkouts/SFSafeSymbols
    builtin-copy -exclude .DS_Store -exclude CVS -exclude .svn -exclude .git -exclude .hg -resolve-src-symlinks -rename /Users/aadityasingh/Library/Developer/Xcode/DerivedData/Chatlio-erkyzdeecsohoaggpwbjdvavzqfv/Build/Intermediates.noindex/SFSafeSymbols.build/Debug-iphonesimulator/SFSafeSymbols.build/Objects-normal/x86_64/SFSafeSymbols.swiftdoc /Users/aadityasingh/Library/Developer/Xcode/DerivedData/Chatlio-erkyzdeecsohoaggpwbjdvavzqfv/Build/Products/Debug-iphonesimulator/SFSafeSymbols.swiftmodule/x86_64-apple-ios-simulator.swiftdoc

SwiftMergeGeneratedHeaders /Users/aadityasingh/Library/Developer/Xcode/DerivedData/Chatlio-erkyzdeecsohoaggpwbjdvavzqfv/Build/Intermediates.noindex/GeneratedModuleMaps-iphonesimulator/SFSafeSymbols-Swift.h /Users/aadityasingh/Library/Developer/Xcode/DerivedData/Chatlio-erkyzdeecsohoaggpwbjdvavzqfv/Build/Intermediates.noindex/SFSafeSymbols.build/Debug-iphonesimulator/SFSafeSymbols.build/Objects-normal/arm64/SFSafeSymbols-Swift.h /Users/aadityasingh/Library/Developer/Xcode/DerivedData/Chatlio-erkyzdeecsohoaggpwbjdvavzqfv/Build/Intermediates.noindex/SFSafeSymbols.build/Debug-iphonesimulator/SFSafeSymbols.build/Objects-normal/x86_64/SFSafeSymbols-Swift.h (in target 'SFSafeSymbols' from project 'SFSafeSymbols')
    cd /Users/aadityasingh/Library/Developer/Xcode/DerivedData/Chatlio-erkyzdeecsohoaggpwbjdvavzqfv/SourcePackages/checkouts/SFSafeSymbols
    builtin-swiftHeaderTool -arch arm64 /Users/aadityasingh/Library/Developer/Xcode/DerivedData/Chatlio-erkyzdeecsohoaggpwbjdvavzqfv/Build/Intermediates.noindex/SFSafeSymbols.build/Debug-iphonesimulator/SFSafeSymbols.build/Objects-normal/arm64/SFSafeSymbols-Swift.h -arch x86_64 /Users/aadityasingh/Library/Developer/Xcode/DerivedData/Chatlio-erkyzdeecsohoaggpwbjdvavzqfv/Build/Intermediates.noindex/SFSafeSymbols.build/Debug-iphonesimulator/SFSafeSymbols.build/Objects-normal/x86_64/SFSafeSymbols-Swift.h -o /Users/aadityasingh/Library/Developer/Xcode/DerivedData/Chatlio-erkyzdeecsohoaggpwbjdvavzqfv/Build/Intermediates.noindex/GeneratedModuleMaps-iphonesimulator/SFSafeSymbols-Swift.h

Copy /Users/aadityasingh/Library/Developer/Xcode/DerivedData/Chatlio-erkyzdeecsohoaggpwbjdvavzqfv/Build/Products/Debug-iphonesimulator/SFSafeSymbols.swiftmodule/x86_64-apple-ios-simulator.abi.json /Users/aadityasingh/Library/Developer/Xcode/DerivedData/Chatlio-erkyzdeecsohoaggpwbjdvavzqfv/Build/Intermediates.noindex/SFSafeSymbols.build/Debug-iphonesimulator/SFSafeSymbols.build/Objects-normal/x86_64/SFSafeSymbols.abi.json (in target 'SFSafeSymbols' from project 'SFSafeSymbols')
    cd /Users/aadityasingh/Library/Developer/Xcode/DerivedData/Chatlio-erkyzdeecsohoaggpwbjdvavzqfv/SourcePackages/checkouts/SFSafeSymbols
    builtin-copy -exclude .DS_Store -exclude CVS -exclude .svn -exclude .git -exclude .hg -resolve-src-symlinks -rename /Users/aadityasingh/Library/Developer/Xcode/DerivedData/Chatlio-erkyzdeecsohoaggpwbjdvavzqfv/Build/Intermediates.noindex/SFSafeSymbols.build/Debug-iphonesimulator/SFSafeSymbols.build/Objects-normal/x86_64/SFSafeSymbols.abi.json /Users/aadityasingh/Library/Developer/Xcode/DerivedData/Chatlio-erkyzdeecsohoaggpwbjdvavzqfv/Build/Products/Debug-iphonesimulator/SFSafeSymbols.swiftmodule/x86_64-apple-ios-simulator.abi.json

Copy /Users/aadityasingh/Library/Developer/Xcode/DerivedData/Chatlio-erkyzdeecsohoaggpwbjdvavzqfv/Build/Products/Debug-iphonesimulator/SFSafeSymbols.swiftmodule/arm64-apple-ios-simulator.swiftmodule /Users/aadityasingh/Library/Developer/Xcode/DerivedData/Chatlio-erkyzdeecsohoaggpwbjdvavzqfv/Build/Intermediates.noindex/SFSafeSymbols.build/Debug-iphonesimulator/SFSafeSymbols.build/Objects-normal/arm64/SFSafeSymbols.swiftmodule (in target 'SFSafeSymbols' from project 'SFSafeSymbols')
    cd /Users/aadityasingh/Library/Developer/Xcode/DerivedData/Chatlio-erkyzdeecsohoaggpwbjdvavzqfv/SourcePackages/checkouts/SFSafeSymbols
    builtin-copy -exclude .DS_Store -exclude CVS -exclude .svn -exclude .git -exclude .hg -resolve-src-symlinks -rename /Users/aadityasingh/Library/Developer/Xcode/DerivedData/Chatlio-erkyzdeecsohoaggpwbjdvavzqfv/Build/Intermediates.noindex/SFSafeSymbols.build/Debug-iphonesimulator/SFSafeSymbols.build/Objects-normal/arm64/SFSafeSymbols.swiftmodule /Users/aadityasingh/Library/Developer/Xcode/DerivedData/Chatlio-erkyzdeecsohoaggpwbjdvavzqfv/Build/Products/Debug-iphonesimulator/SFSafeSymbols.swiftmodule/arm64-apple-ios-simulator.swiftmodule

Copy /Users/aadityasingh/Library/Developer/Xcode/DerivedData/Chatlio-erkyzdeecsohoaggpwbjdvavzqfv/Build/Products/Debug-iphonesimulator/SFSafeSymbols.swiftmodule/arm64-apple-ios-simulator.swiftdoc /Users/aadityasingh/Library/Developer/Xcode/DerivedData/Chatlio-erkyzdeecsohoaggpwbjdvavzqfv/Build/Intermediates.noindex/SFSafeSymbols.build/Debug-iphonesimulator/SFSafeSymbols.build/Objects-normal/arm64/SFSafeSymbols.swiftdoc (in target 'SFSafeSymbols' from project 'SFSafeSymbols')
    cd /Users/aadityasingh/Library/Developer/Xcode/DerivedData/Chatlio-erkyzdeecsohoaggpwbjdvavzqfv/SourcePackages/checkouts/SFSafeSymbols
    builtin-copy -exclude .DS_Store -exclude CVS -exclude .svn -exclude .git -exclude .hg -resolve-src-symlinks -rename /Users/aadityasingh/Library/Developer/Xcode/DerivedData/Chatlio-erkyzdeecsohoaggpwbjdvavzqfv/Build/Intermediates.noindex/SFSafeSymbols.build/Debug-iphonesimulator/SFSafeSymbols.build/Objects-normal/arm64/SFSafeSymbols.swiftdoc /Users/aadityasingh/Library/Developer/Xcode/DerivedData/Chatlio-erkyzdeecsohoaggpwbjdvavzqfv/Build/Products/Debug-iphonesimulator/SFSafeSymbols.swiftmodule/arm64-apple-ios-simulator.swiftdoc

Copy /Users/aadityasingh/Library/Developer/Xcode/DerivedData/Chatlio-erkyzdeecsohoaggpwbjdvavzqfv/Build/Products/Debug-iphonesimulator/SFSafeSymbols.swiftmodule/arm64-apple-ios-simulator.abi.json /Users/aadityasingh/Library/Developer/Xcode/DerivedData/Chatlio-erkyzdeecsohoaggpwbjdvavzqfv/Build/Intermediates.noindex/SFSafeSymbols.build/Debug-iphonesimulator/SFSafeSymbols.build/Objects-normal/arm64/SFSafeSymbols.abi.json (in target 'SFSafeSymbols' from project 'SFSafeSymbols')
    cd /Users/aadityasingh/Library/Developer/Xcode/DerivedData/Chatlio-erkyzdeecsohoaggpwbjdvavzqfv/SourcePackages/checkouts/SFSafeSymbols
    builtin-copy -exclude .DS_Store -exclude CVS -exclude .svn -exclude .git -exclude .hg -resolve-src-symlinks -rename /Users/aadityasingh/Library/Developer/Xcode/DerivedData/Chatlio-erkyzdeecsohoaggpwbjdvavzqfv/Build/Intermediates.noindex/SFSafeSymbols.build/Debug-iphonesimulator/SFSafeSymbols.build/Objects-normal/arm64/SFSafeSymbols.abi.json /Users/aadityasingh/Library/Developer/Xcode/DerivedData/Chatlio-erkyzdeecsohoaggpwbjdvavzqfv/Build/Products/Debug-iphonesimulator/SFSafeSymbols.swiftmodule/arm64-apple-ios-simulator.abi.json

Copy /Users/aadityasingh/Library/Developer/Xcode/DerivedData/Chatlio-erkyzdeecsohoaggpwbjdvavzqfv/Build/Products/Debug-iphonesimulator/SFSafeSymbols.swiftmodule/Project/x86_64-apple-ios-simulator.swiftsourceinfo /Users/aadityasingh/Library/Developer/Xcode/DerivedData/Chatlio-erkyzdeecsohoaggpwbjdvavzqfv/Build/Intermediates.noindex/SFSafeSymbols.build/Debug-iphonesimulator/SFSafeSymbols.build/Objects-normal/x86_64/SFSafeSymbols.swiftsourceinfo (in target 'SFSafeSymbols' from project 'SFSafeSymbols')
    cd /Users/aadityasingh/Library/Developer/Xcode/DerivedData/Chatlio-erkyzdeecsohoaggpwbjdvavzqfv/SourcePackages/checkouts/SFSafeSymbols
    builtin-copy -exclude .DS_Store -exclude CVS -exclude .svn -exclude .git -exclude .hg -resolve-src-symlinks -rename /Users/aadityasingh/Library/Developer/Xcode/DerivedData/Chatlio-erkyzdeecsohoaggpwbjdvavzqfv/Build/Intermediates.noindex/SFSafeSymbols.build/Debug-iphonesimulator/SFSafeSymbols.build/Objects-normal/x86_64/SFSafeSymbols.swiftsourceinfo /Users/aadityasingh/Library/Developer/Xcode/DerivedData/Chatlio-erkyzdeecsohoaggpwbjdvavzqfv/Build/Products/Debug-iphonesimulator/SFSafeSymbols.swiftmodule/Project/x86_64-apple-ios-simulator.swiftsourceinfo

Copy /Users/aadityasingh/Library/Developer/Xcode/DerivedData/Chatlio-erkyzdeecsohoaggpwbjdvavzqfv/Build/Products/Debug-iphonesimulator/SFSafeSymbols.swiftmodule/Project/arm64-apple-ios-simulator.swiftsourceinfo /Users/aadityasingh/Library/Developer/Xcode/DerivedData/Chatlio-erkyzdeecsohoaggpwbjdvavzqfv/Build/Intermediates.noindex/SFSafeSymbols.build/Debug-iphonesimulator/SFSafeSymbols.build/Objects-normal/arm64/SFSafeSymbols.swiftsourceinfo (in target 'SFSafeSymbols' from project 'SFSafeSymbols')
    cd /Users/aadityasingh/Library/Developer/Xcode/DerivedData/Chatlio-erkyzdeecsohoaggpwbjdvavzqfv/SourcePackages/checkouts/SFSafeSymbols
    builtin-copy -exclude .DS_Store -exclude CVS -exclude .svn -exclude .git -exclude .hg -resolve-src-symlinks -rename /Users/aadityasingh/Library/Developer/Xcode/DerivedData/Chatlio-erkyzdeecsohoaggpwbjdvavzqfv/Build/Intermediates.noindex/SFSafeSymbols.build/Debug-iphonesimulator/SFSafeSymbols.build/Objects-normal/arm64/SFSafeSymbols.swiftsourceinfo /Users/aadityasingh/Library/Developer/Xcode/DerivedData/Chatlio-erkyzdeecsohoaggpwbjdvavzqfv/Build/Products/Debug-iphonesimulator/SFSafeSymbols.swiftmodule/Project/arm64-apple-ios-simulator.swiftsourceinfo

SwiftCompile normal x86_64 Compiling\ Introspect.swift,\ IntrospectableViewType.swift,\ IntrospectionSelector.swift,\ IntrospectionView.swift,\ PlatformVersion.swift,\ PlatformView.swift /Users/aadityasingh/Library/Developer/Xcode/DerivedData/Chatlio-erkyzdeecsohoaggpwbjdvavzqfv/SourcePackages/checkouts/SwiftUI-Introspect/Sources/Introspect.swift /Users/aadityasingh/Library/Developer/Xcode/DerivedData/Chatlio-erkyzdeecsohoaggpwbjdvavzqfv/SourcePackages/checkouts/SwiftUI-Introspect/Sources/IntrospectableViewType.swift /Users/aadityasingh/Library/Developer/Xcode/DerivedData/Chatlio-erkyzdeecsohoaggpwbjdvavzqfv/SourcePackages/checkouts/SwiftUI-Introspect/Sources/IntrospectionSelector.swift /Users/aadityasingh/Library/Developer/Xcode/DerivedData/Chatlio-erkyzdeecsohoaggpwbjdvavzqfv/SourcePackages/checkouts/SwiftUI-Introspect/Sources/IntrospectionView.swift /Users/aadityasingh/Library/Developer/Xcode/DerivedData/Chatlio-erkyzdeecsohoaggpwbjdvavzqfv/SourcePackages/checkouts/SwiftUI-Introspect/Sources/PlatformVersion.swift /Users/aadityasingh/Library/Developer/Xcode/DerivedData/Chatlio-erkyzdeecsohoaggpwbjdvavzqfv/SourcePackages/checkouts/SwiftUI-Introspect/Sources/PlatformView.swift (in target 'SwiftUIIntrospect' from project 'swiftui-introspect')

SwiftCompile normal x86_64 /Users/aadityasingh/Library/Developer/Xcode/DerivedData/Chatlio-erkyzdeecsohoaggpwbjdvavzqfv/SourcePackages/checkouts/SwiftUI-Introspect/Sources/Introspect.swift (in target 'SwiftUIIntrospect' from project 'swiftui-introspect')
    cd /Users/aadityasingh/Documents/Development/element-x-ios/Chatlio.xcodeproj
    

SwiftCompile normal x86_64 /Users/aadityasingh/Library/Developer/Xcode/DerivedData/Chatlio-erkyzdeecsohoaggpwbjdvavzqfv/SourcePackages/checkouts/SwiftUI-Introspect/Sources/IntrospectableViewType.swift (in target 'SwiftUIIntrospect' from project 'swiftui-introspect')
    cd /Users/aadityasingh/Documents/Development/element-x-ios/Chatlio.xcodeproj
    

SwiftCompile normal x86_64 /Users/aadityasingh/Library/Developer/Xcode/DerivedData/Chatlio-erkyzdeecsohoaggpwbjdvavzqfv/SourcePackages/checkouts/SwiftUI-Introspect/Sources/IntrospectionSelector.swift (in target 'SwiftUIIntrospect' from project 'swiftui-introspect')
    cd /Users/aadityasingh/Documents/Development/element-x-ios/Chatlio.xcodeproj
    

SwiftCompile normal x86_64 /Users/aadityasingh/Library/Developer/Xcode/DerivedData/Chatlio-erkyzdeecsohoaggpwbjdvavzqfv/SourcePackages/checkouts/SwiftUI-Introspect/Sources/IntrospectionView.swift (in target 'SwiftUIIntrospect' from project 'swiftui-introspect')
    cd /Users/aadityasingh/Documents/Development/element-x-ios/Chatlio.xcodeproj
    

SwiftCompile normal x86_64 /Users/aadityasingh/Library/Developer/Xcode/DerivedData/Chatlio-erkyzdeecsohoaggpwbjdvavzqfv/SourcePackages/checkouts/SwiftUI-Introspect/Sources/PlatformVersion.swift (in target 'SwiftUIIntrospect' from project 'swiftui-introspect')
    cd /Users/aadityasingh/Documents/Development/element-x-ios/Chatlio.xcodeproj
    

SwiftCompile normal x86_64 /Users/aadityasingh/Library/Developer/Xcode/DerivedData/Chatlio-erkyzdeecsohoaggpwbjdvavzqfv/SourcePackages/checkouts/SwiftUI-Introspect/Sources/PlatformView.swift (in target 'SwiftUIIntrospect' from project 'swiftui-introspect')
    cd /Users/aadityasingh/Documents/Development/element-x-ios/Chatlio.xcodeproj
    

SwiftCompile normal arm64 Compiling\ ListWithBorderedStyle.swift,\ ListWithGroupedStyle.swift,\ ListWithInsetGroupedStyle.swift,\ ListWithInsetStyle.swift,\ ListWithSidebarStyle.swift /Users/aadityasingh/Library/Developer/Xcode/DerivedData/Chatlio-erkyzdeecsohoaggpwbjdvavzqfv/SourcePackages/checkouts/SwiftUI-Introspect/Sources/ViewTypes/ListWithBorderedStyle.swift /Users/aadityasingh/Library/Developer/Xcode/DerivedData/Chatlio-erkyzdeecsohoaggpwbjdvavzqfv/SourcePackages/checkouts/SwiftUI-Introspect/Sources/ViewTypes/ListWithGroupedStyle.swift /Users/aadityasingh/Library/Developer/Xcode/DerivedData/Chatlio-erkyzdeecsohoaggpwbjdvavzqfv/SourcePackages/checkouts/SwiftUI-Introspect/Sources/ViewTypes/ListWithInsetGroupedStyle.swift /Users/aadityasingh/Library/Developer/Xcode/DerivedData/Chatlio-erkyzdeecsohoaggpwbjdvavzqfv/SourcePackages/checkouts/SwiftUI-Introspect/Sources/ViewTypes/ListWithInsetStyle.swift /Users/aadityasingh/Library/Developer/Xcode/DerivedData/Chatlio-erkyzdeecsohoaggpwbjdvavzqfv/SourcePackages/checkouts/SwiftUI-Introspect/Sources/ViewTypes/ListWithSidebarStyle.swift (in target 'SwiftUIIntrospect' from project 'swiftui-introspect')

SwiftCompile normal arm64 /Users/aadityasingh/Library/Developer/Xcode/DerivedData/Chatlio-erkyzdeecsohoaggpwbjdvavzqfv/SourcePackages/checkouts/SwiftUI-Introspect/Sources/ViewTypes/ListWithBorderedStyle.swift (in target 'SwiftUIIntrospect' from project 'swiftui-introspect')
    cd /Users/aadityasingh/Documents/Development/element-x-ios/Chatlio.xcodeproj
    

SwiftCompile normal arm64 /Users/aadityasingh/Library/Developer/Xcode/DerivedData/Chatlio-erkyzdeecsohoaggpwbjdvavzqfv/SourcePackages/checkouts/SwiftUI-Introspect/Sources/ViewTypes/ListWithGroupedStyle.swift (in target 'SwiftUIIntrospect' from project 'swiftui-introspect')
    cd /Users/aadityasingh/Documents/Development/element-x-ios/Chatlio.xcodeproj
    

SwiftCompile normal arm64 /Users/aadityasingh/Library/Developer/Xcode/DerivedData/Chatlio-erkyzdeecsohoaggpwbjdvavzqfv/SourcePackages/checkouts/SwiftUI-Introspect/Sources/ViewTypes/ListWithInsetGroupedStyle.swift (in target 'SwiftUIIntrospect' from project 'swiftui-introspect')
    cd /Users/aadityasingh/Documents/Development/element-x-ios/Chatlio.xcodeproj
    

SwiftCompile normal arm64 /Users/aadityasingh/Library/Developer/Xcode/DerivedData/Chatlio-erkyzdeecsohoaggpwbjdvavzqfv/SourcePackages/checkouts/SwiftUI-Introspect/Sources/ViewTypes/ListWithInsetStyle.swift (in target 'SwiftUIIntrospect' from project 'swiftui-introspect')
    cd /Users/aadityasingh/Documents/Development/element-x-ios/Chatlio.xcodeproj
    

SwiftCompile normal arm64 /Users/aadityasingh/Library/Developer/Xcode/DerivedData/Chatlio-erkyzdeecsohoaggpwbjdvavzqfv/SourcePackages/checkouts/SwiftUI-Introspect/Sources/ViewTypes/ListWithSidebarStyle.swift (in target 'SwiftUIIntrospect' from project 'swiftui-introspect')
    cd /Users/aadityasingh/Documents/Development/element-x-ios/Chatlio.xcodeproj
    

SwiftDriverJobDiscovery normal x86_64 Compiling Form.swift, FormWithGroupedStyle.swift, FullScreenCover.swift, List.swift, ListCell.swift (in target 'SwiftUIIntrospect' from project 'swiftui-introspect')

SwiftCompile normal x86_64 Compiling\ DatePickerWithCompactStyle.swift,\ DatePickerWithFieldStyle.swift,\ DatePickerWithGraphicalStyle.swift,\ DatePickerWithStepperFieldStyle.swift,\ DatePickerWithWheelStyle.swift /Users/aadityasingh/Library/Developer/Xcode/DerivedData/Chatlio-erkyzdeecsohoaggpwbjdvavzqfv/SourcePackages/checkouts/SwiftUI-Introspect/Sources/ViewTypes/DatePickerWithCompactStyle.swift /Users/aadityasingh/Library/Developer/Xcode/DerivedData/Chatlio-erkyzdeecsohoaggpwbjdvavzqfv/SourcePackages/checkouts/SwiftUI-Introspect/Sources/ViewTypes/DatePickerWithFieldStyle.swift /Users/aadityasingh/Library/Developer/Xcode/DerivedData/Chatlio-erkyzdeecsohoaggpwbjdvavzqfv/SourcePackages/checkouts/SwiftUI-Introspect/Sources/ViewTypes/DatePickerWithGraphicalStyle.swift /Users/aadityasingh/Library/Developer/Xcode/DerivedData/Chatlio-erkyzdeecsohoaggpwbjdvavzqfv/SourcePackages/checkouts/SwiftUI-Introspect/Sources/ViewTypes/DatePickerWithStepperFieldStyle.swift /Users/aadityasingh/Library/Developer/Xcode/DerivedData/Chatlio-erkyzdeecsohoaggpwbjdvavzqfv/SourcePackages/checkouts/SwiftUI-Introspect/Sources/ViewTypes/DatePickerWithWheelStyle.swift (in target 'SwiftUIIntrospect' from project 'swiftui-introspect')

SwiftCompile normal x86_64 /Users/aadityasingh/Library/Developer/Xcode/DerivedData/Chatlio-erkyzdeecsohoaggpwbjdvavzqfv/SourcePackages/checkouts/SwiftUI-Introspect/Sources/ViewTypes/DatePickerWithCompactStyle.swift (in target 'SwiftUIIntrospect' from project 'swiftui-introspect')
    cd /Users/aadityasingh/Documents/Development/element-x-ios/Chatlio.xcodeproj
    

SwiftCompile normal x86_64 /Users/aadityasingh/Library/Developer/Xcode/DerivedData/Chatlio-erkyzdeecsohoaggpwbjdvavzqfv/SourcePackages/checkouts/SwiftUI-Introspect/Sources/ViewTypes/DatePickerWithFieldStyle.swift (in target 'SwiftUIIntrospect' from project 'swiftui-introspect')
    cd /Users/aadityasingh/Documents/Development/element-x-ios/Chatlio.xcodeproj
    

SwiftCompile normal x86_64 /Users/aadityasingh/Library/Developer/Xcode/DerivedData/Chatlio-erkyzdeecsohoaggpwbjdvavzqfv/SourcePackages/checkouts/SwiftUI-Introspect/Sources/ViewTypes/DatePickerWithGraphicalStyle.swift (in target 'SwiftUIIntrospect' from project 'swiftui-introspect')
    cd /Users/aadityasingh/Documents/Development/element-x-ios/Chatlio.xcodeproj
    

SwiftCompile normal x86_64 /Users/aadityasingh/Library/Developer/Xcode/DerivedData/Chatlio-erkyzdeecsohoaggpwbjdvavzqfv/SourcePackages/checkouts/SwiftUI-Introspect/Sources/ViewTypes/DatePickerWithStepperFieldStyle.swift (in target 'SwiftUIIntrospect' from project 'swiftui-introspect')
    cd /Users/aadityasingh/Documents/Development/element-x-ios/Chatlio.xcodeproj
    

SwiftCompile normal x86_64 /Users/aadityasingh/Library/Developer/Xcode/DerivedData/Chatlio-erkyzdeecsohoaggpwbjdvavzqfv/SourcePackages/checkouts/SwiftUI-Introspect/Sources/ViewTypes/DatePickerWithWheelStyle.swift (in target 'SwiftUIIntrospect' from project 'swiftui-introspect')
    cd /Users/aadityasingh/Documents/Development/element-x-ios/Chatlio.xcodeproj
    

SwiftDriverJobDiscovery normal x86_64 Compiling PageControl.swift, PickerWithMenuStyle.swift, PickerWithSegmentedStyle.swift, PickerWithWheelStyle.swift, Popover.swift (in target 'SwiftUIIntrospect' from project 'swiftui-introspect')

SwiftCompile normal x86_64 Compiling\ ProgressViewWithCircularStyle.swift,\ ProgressViewWithLinearStyle.swift,\ ScrollView.swift,\ SearchField.swift,\ SecureField.swift /Users/aadityasingh/Library/Developer/Xcode/DerivedData/Chatlio-erkyzdeecsohoaggpwbjdvavzqfv/SourcePackages/checkouts/SwiftUI-Introspect/Sources/ViewTypes/ProgressViewWithCircularStyle.swift /Users/aadityasingh/Library/Developer/Xcode/DerivedData/Chatlio-erkyzdeecsohoaggpwbjdvavzqfv/SourcePackages/checkouts/SwiftUI-Introspect/Sources/ViewTypes/ProgressViewWithLinearStyle.swift /Users/aadityasingh/Library/Developer/Xcode/DerivedData/Chatlio-erkyzdeecsohoaggpwbjdvavzqfv/SourcePackages/checkouts/SwiftUI-Introspect/Sources/ViewTypes/ScrollView.swift /Users/aadityasingh/Library/Developer/Xcode/DerivedData/Chatlio-erkyzdeecsohoaggpwbjdvavzqfv/SourcePackages/checkouts/SwiftUI-Introspect/Sources/ViewTypes/SearchField.swift /Users/aadityasingh/Library/Developer/Xcode/DerivedData/Chatlio-erkyzdeecsohoaggpwbjdvavzqfv/SourcePackages/checkouts/SwiftUI-Introspect/Sources/ViewTypes/SecureField.swift (in target 'SwiftUIIntrospect' from project 'swiftui-introspect')
SwiftCompile normal x86_64 /Users/aadityasingh/Library/Developer/Xcode/DerivedData/Chatlio-erkyzdeecsohoaggpwbjdvavzqfv/SourcePackages/checkouts/SwiftUI-Introspect/Sources/ViewTypes/ProgressViewWithCircularStyle.swift (in target 'SwiftUIIntrospect' from project 'swiftui-introspect')
    cd /Users/aadityasingh/Documents/Development/element-x-ios/Chatlio.xcodeproj
    

SwiftCompile normal x86_64 /Users/aadityasingh/Library/Developer/Xcode/DerivedData/Chatlio-erkyzdeecsohoaggpwbjdvavzqfv/SourcePackages/checkouts/SwiftUI-Introspect/Sources/ViewTypes/ProgressViewWithLinearStyle.swift (in target 'SwiftUIIntrospect' from project 'swiftui-introspect')
    cd /Users/aadityasingh/Documents/Development/element-x-ios/Chatlio.xcodeproj
    

SwiftCompile normal x86_64 /Users/aadityasingh/Library/Developer/Xcode/DerivedData/Chatlio-erkyzdeecsohoaggpwbjdvavzqfv/SourcePackages/checkouts/SwiftUI-Introspect/Sources/ViewTypes/ScrollView.swift (in target 'SwiftUIIntrospect' from project 'swiftui-introspect')
    cd /Users/aadityasingh/Documents/Development/element-x-ios/Chatlio.xcodeproj
    

SwiftCompile normal x86_64 /Users/aadityasingh/Library/Developer/Xcode/DerivedData/Chatlio-erkyzdeecsohoaggpwbjdvavzqfv/SourcePackages/checkouts/SwiftUI-Introspect/Sources/ViewTypes/SearchField.swift (in target 'SwiftUIIntrospect' from project 'swiftui-introspect')
    cd /Users/aadityasingh/Documents/Development/element-x-ios/Chatlio.xcodeproj
    

SwiftCompile normal x86_64 /Users/aadityasingh/Library/Developer/Xcode/DerivedData/Chatlio-erkyzdeecsohoaggpwbjdvavzqfv/SourcePackages/checkouts/SwiftUI-Introspect/Sources/ViewTypes/SecureField.swift (in target 'SwiftUIIntrospect' from project 'swiftui-introspect')
    cd /Users/aadityasingh/Documents/Development/element-x-ios/Chatlio.xcodeproj
    

SwiftDriverJobDiscovery normal x86_64 Compiling PlatformViewVersion.swift, Utils.swift, Button.swift, ColorPicker.swift, DatePicker.swift (in target 'SwiftUIIntrospect' from project 'swiftui-introspect')

SwiftCompile normal x86_64 Compiling\ ListWithBorderedStyle.swift,\ ListWithGroupedStyle.swift,\ ListWithInsetGroupedStyle.swift,\ ListWithInsetStyle.swift,\ ListWithSidebarStyle.swift /Users/aadityasingh/Library/Developer/Xcode/DerivedData/Chatlio-erkyzdeecsohoaggpwbjdvavzqfv/SourcePackages/checkouts/SwiftUI-Introspect/Sources/ViewTypes/ListWithBorderedStyle.swift /Users/aadityasingh/Library/Developer/Xcode/DerivedData/Chatlio-erkyzdeecsohoaggpwbjdvavzqfv/SourcePackages/checkouts/SwiftUI-Introspect/Sources/ViewTypes/ListWithGroupedStyle.swift /Users/aadityasingh/Library/Developer/Xcode/DerivedData/Chatlio-erkyzdeecsohoaggpwbjdvavzqfv/SourcePackages/checkouts/SwiftUI-Introspect/Sources/ViewTypes/ListWithInsetGroupedStyle.swift /Users/aadityasingh/Library/Developer/Xcode/DerivedData/Chatlio-erkyzdeecsohoaggpwbjdvavzqfv/SourcePackages/checkouts/SwiftUI-Introspect/Sources/ViewTypes/ListWithInsetStyle.swift /Users/aadityasingh/Library/Developer/Xcode/DerivedData/Chatlio-erkyzdeecsohoaggpwbjdvavzqfv/SourcePackages/checkouts/SwiftUI-Introspect/Sources/ViewTypes/ListWithSidebarStyle.swift (in target 'SwiftUIIntrospect' from project 'swiftui-introspect')

SwiftCompile normal x86_64 /Users/aadityasingh/Library/Developer/Xcode/DerivedData/Chatlio-erkyzdeecsohoaggpwbjdvavzqfv/SourcePackages/checkouts/SwiftUI-Introspect/Sources/ViewTypes/ListWithBorderedStyle.swift (in target 'SwiftUIIntrospect' from project 'swiftui-introspect')
    cd /Users/aadityasingh/Documents/Development/element-x-ios/Chatlio.xcodeproj
    

SwiftCompile normal x86_64 /Users/aadityasingh/Library/Developer/Xcode/DerivedData/Chatlio-erkyzdeecsohoaggpwbjdvavzqfv/SourcePackages/checkouts/SwiftUI-Introspect/Sources/ViewTypes/ListWithGroupedStyle.swift (in target 'SwiftUIIntrospect' from project 'swiftui-introspect')
    cd /Users/aadityasingh/Documents/Development/element-x-ios/Chatlio.xcodeproj
    

SwiftCompile normal x86_64 /Users/aadityasingh/Library/Developer/Xcode/DerivedData/Chatlio-erkyzdeecsohoaggpwbjdvavzqfv/SourcePackages/checkouts/SwiftUI-Introspect/Sources/ViewTypes/ListWithInsetGroupedStyle.swift (in target 'SwiftUIIntrospect' from project 'swiftui-introspect')
    cd /Users/aadityasingh/Documents/Development/element-x-ios/Chatlio.xcodeproj
    

SwiftCompile normal x86_64 /Users/aadityasingh/Library/Developer/Xcode/DerivedData/Chatlio-erkyzdeecsohoaggpwbjdvavzqfv/SourcePackages/checkouts/SwiftUI-Introspect/Sources/ViewTypes/ListWithInsetStyle.swift (in target 'SwiftUIIntrospect' from project 'swiftui-introspect')
    cd /Users/aadityasingh/Documents/Development/element-x-ios/Chatlio.xcodeproj
    

SwiftCompile normal x86_64 /Users/aadityasingh/Library/Developer/Xcode/DerivedData/Chatlio-erkyzdeecsohoaggpwbjdvavzqfv/SourcePackages/checkouts/SwiftUI-Introspect/Sources/ViewTypes/ListWithSidebarStyle.swift (in target 'SwiftUIIntrospect' from project 'swiftui-introspect')
    cd /Users/aadityasingh/Documents/Development/element-x-ios/Chatlio.xcodeproj
    

SwiftDriverJobDiscovery normal x86_64 Compiling View.swift, ViewController.swift, WebView.swift, Window.swift, Weak.swift (in target 'SwiftUIIntrospect' from project 'swiftui-introspect')

SwiftCompile normal arm64 Compiling\ PlatformViewVersion.swift,\ Utils.swift,\ Button.swift,\ ColorPicker.swift,\ DatePicker.swift /Users/aadityasingh/Library/Developer/Xcode/DerivedData/Chatlio-erkyzdeecsohoaggpwbjdvavzqfv/SourcePackages/checkouts/SwiftUI-Introspect/Sources/PlatformViewVersion.swift /Users/aadityasingh/Library/Developer/Xcode/DerivedData/Chatlio-erkyzdeecsohoaggpwbjdvavzqfv/SourcePackages/checkouts/SwiftUI-Introspect/Sources/Utils.swift /Users/aadityasingh/Library/Developer/Xcode/DerivedData/Chatlio-erkyzdeecsohoaggpwbjdvavzqfv/SourcePackages/checkouts/SwiftUI-Introspect/Sources/ViewTypes/Button.swift /Users/aadityasingh/Library/Developer/Xcode/DerivedData/Chatlio-erkyzdeecsohoaggpwbjdvavzqfv/SourcePackages/checkouts/SwiftUI-Introspect/Sources/ViewTypes/ColorPicker.swift /Users/aadityasingh/Library/Developer/Xcode/DerivedData/Chatlio-erkyzdeecsohoaggpwbjdvavzqfv/SourcePackages/checkouts/SwiftUI-Introspect/Sources/ViewTypes/DatePicker.swift (in target 'SwiftUIIntrospect' from project 'swiftui-introspect')
SwiftCompile normal arm64 /Users/aadityasingh/Library/Developer/Xcode/DerivedData/Chatlio-erkyzdeecsohoaggpwbjdvavzqfv/SourcePackages/checkouts/SwiftUI-Introspect/Sources/PlatformViewVersion.swift (in target 'SwiftUIIntrospect' from project 'swiftui-introspect')
    cd /Users/aadityasingh/Documents/Development/element-x-ios/Chatlio.xcodeproj
    

SwiftCompile normal arm64 /Users/aadityasingh/Library/Developer/Xcode/DerivedData/Chatlio-erkyzdeecsohoaggpwbjdvavzqfv/SourcePackages/checkouts/SwiftUI-Introspect/Sources/Utils.swift (in target 'SwiftUIIntrospect' from project 'swiftui-introspect')
    cd /Users/aadityasingh/Documents/Development/element-x-ios/Chatlio.xcodeproj
    

SwiftCompile normal arm64 /Users/aadityasingh/Library/Developer/Xcode/DerivedData/Chatlio-erkyzdeecsohoaggpwbjdvavzqfv/SourcePackages/checkouts/SwiftUI-Introspect/Sources/ViewTypes/Button.swift (in target 'SwiftUIIntrospect' from project 'swiftui-introspect')
    cd /Users/aadityasingh/Documents/Development/element-x-ios/Chatlio.xcodeproj
    

SwiftCompile normal arm64 /Users/aadityasingh/Library/Developer/Xcode/DerivedData/Chatlio-erkyzdeecsohoaggpwbjdvavzqfv/SourcePackages/checkouts/SwiftUI-Introspect/Sources/ViewTypes/ColorPicker.swift (in target 'SwiftUIIntrospect' from project 'swiftui-introspect')
    cd /Users/aadityasingh/Documents/Development/element-x-ios/Chatlio.xcodeproj
    

SwiftCompile normal arm64 /Users/aadityasingh/Library/Developer/Xcode/DerivedData/Chatlio-erkyzdeecsohoaggpwbjdvavzqfv/SourcePackages/checkouts/SwiftUI-Introspect/Sources/ViewTypes/DatePicker.swift (in target 'SwiftUIIntrospect' from project 'swiftui-introspect')
    cd /Users/aadityasingh/Documents/Development/element-x-ios/Chatlio.xcodeproj
    

SwiftDriverJobDiscovery normal arm64 Compiling ProgressViewWithCircularStyle.swift, ProgressViewWithLinearStyle.swift, ScrollView.swift, SearchField.swift, SecureField.swift (in target 'SwiftUIIntrospect' from project 'swiftui-introspect')

SwiftCompile normal arm64 Compiling\ TabViewWithPageStyle.swift,\ Table.swift,\ TextEditor.swift,\ TextField.swift,\ TextFieldWithVerticalAxis.swift /Users/aadityasingh/Library/Developer/Xcode/DerivedData/Chatlio-erkyzdeecsohoaggpwbjdvavzqfv/SourcePackages/checkouts/SwiftUI-Introspect/Sources/ViewTypes/TabViewWithPageStyle.swift /Users/aadityasingh/Library/Developer/Xcode/DerivedData/Chatlio-erkyzdeecsohoaggpwbjdvavzqfv/SourcePackages/checkouts/SwiftUI-Introspect/Sources/ViewTypes/Table.swift /Users/aadityasingh/Library/Developer/Xcode/DerivedData/Chatlio-erkyzdeecsohoaggpwbjdvavzqfv/SourcePackages/checkouts/SwiftUI-Introspect/Sources/ViewTypes/TextEditor.swift /Users/aadityasingh/Library/Developer/Xcode/DerivedData/Chatlio-erkyzdeecsohoaggpwbjdvavzqfv/SourcePackages/checkouts/SwiftUI-Introspect/Sources/ViewTypes/TextField.swift /Users/aadityasingh/Library/Developer/Xcode/DerivedData/Chatlio-erkyzdeecsohoaggpwbjdvavzqfv/SourcePackages/checkouts/SwiftUI-Introspect/Sources/ViewTypes/TextFieldWithVerticalAxis.swift (in target 'SwiftUIIntrospect' from project 'swiftui-introspect')

SwiftCompile normal arm64 /Users/aadityasingh/Library/Developer/Xcode/DerivedData/Chatlio-erkyzdeecsohoaggpwbjdvavzqfv/SourcePackages/checkouts/SwiftUI-Introspect/Sources/ViewTypes/TabViewWithPageStyle.swift (in target 'SwiftUIIntrospect' from project 'swiftui-introspect')
    cd /Users/aadityasingh/Documents/Development/element-x-ios/Chatlio.xcodeproj
    

SwiftCompile normal arm64 /Users/aadityasingh/Library/Developer/Xcode/DerivedData/Chatlio-erkyzdeecsohoaggpwbjdvavzqfv/SourcePackages/checkouts/SwiftUI-Introspect/Sources/ViewTypes/Table.swift (in target 'SwiftUIIntrospect' from project 'swiftui-introspect')
    cd /Users/aadityasingh/Documents/Development/element-x-ios/Chatlio.xcodeproj
    

SwiftCompile normal arm64 /Users/aadityasingh/Library/Developer/Xcode/DerivedData/Chatlio-erkyzdeecsohoaggpwbjdvavzqfv/SourcePackages/checkouts/SwiftUI-Introspect/Sources/ViewTypes/TextEditor.swift (in target 'SwiftUIIntrospect' from project 'swiftui-introspect')
    cd /Users/aadityasingh/Documents/Development/element-x-ios/Chatlio.xcodeproj
    

SwiftCompile normal arm64 /Users/aadityasingh/Library/Developer/Xcode/DerivedData/Chatlio-erkyzdeecsohoaggpwbjdvavzqfv/SourcePackages/checkouts/SwiftUI-Introspect/Sources/ViewTypes/TextField.swift (in target 'SwiftUIIntrospect' from project 'swiftui-introspect')
    cd /Users/aadityasingh/Documents/Development/element-x-ios/Chatlio.xcodeproj
    

SwiftCompile normal arm64 /Users/aadityasingh/Library/Developer/Xcode/DerivedData/Chatlio-erkyzdeecsohoaggpwbjdvavzqfv/SourcePackages/checkouts/SwiftUI-Introspect/Sources/ViewTypes/TextFieldWithVerticalAxis.swift (in target 'SwiftUIIntrospect' from project 'swiftui-introspect')
    cd /Users/aadityasingh/Documents/Development/element-x-ios/Chatlio.xcodeproj
    

SwiftDriverJobDiscovery normal arm64 Compiling DatePickerWithCompactStyle.swift, DatePickerWithFieldStyle.swift, DatePickerWithGraphicalStyle.swift, DatePickerWithStepperFieldStyle.swift, DatePickerWithWheelStyle.swift (in target 'SwiftUIIntrospect' from project 'swiftui-introspect')

SwiftCompile normal arm64 Compiling\ Form.swift,\ FormWithGroupedStyle.swift,\ FullScreenCover.swift,\ List.swift,\ ListCell.swift /Users/aadityasingh/Library/Developer/Xcode/DerivedData/Chatlio-erkyzdeecsohoaggpwbjdvavzqfv/SourcePackages/checkouts/SwiftUI-Introspect/Sources/ViewTypes/Form.swift /Users/aadityasingh/Library/Developer/Xcode/DerivedData/Chatlio-erkyzdeecsohoaggpwbjdvavzqfv/SourcePackages/checkouts/SwiftUI-Introspect/Sources/ViewTypes/FormWithGroupedStyle.swift /Users/aadityasingh/Library/Developer/Xcode/DerivedData/Chatlio-erkyzdeecsohoaggpwbjdvavzqfv/SourcePackages/checkouts/SwiftUI-Introspect/Sources/ViewTypes/FullScreenCover.swift /Users/aadityasingh/Library/Developer/Xcode/DerivedData/Chatlio-erkyzdeecsohoaggpwbjdvavzqfv/SourcePackages/checkouts/SwiftUI-Introspect/Sources/ViewTypes/List.swift /Users/aadityasingh/Library/Developer/Xcode/DerivedData/Chatlio-erkyzdeecsohoaggpwbjdvavzqfv/SourcePackages/checkouts/SwiftUI-Introspect/Sources/ViewTypes/ListCell.swift (in target 'SwiftUIIntrospect' from project 'swiftui-introspect')
SwiftCompile normal arm64 /Users/aadityasingh/Library/Developer/Xcode/DerivedData/Chatlio-erkyzdeecsohoaggpwbjdvavzqfv/SourcePackages/checkouts/SwiftUI-Introspect/Sources/ViewTypes/Form.swift (in target 'SwiftUIIntrospect' from project 'swiftui-introspect')
    cd /Users/aadityasingh/Documents/Development/element-x-ios/Chatlio.xcodeproj
    

SwiftCompile normal arm64 /Users/aadityasingh/Library/Developer/Xcode/DerivedData/Chatlio-erkyzdeecsohoaggpwbjdvavzqfv/SourcePackages/checkouts/SwiftUI-Introspect/Sources/ViewTypes/FormWithGroupedStyle.swift (in target 'SwiftUIIntrospect' from project 'swiftui-introspect')
    cd /Users/aadityasingh/Documents/Development/element-x-ios/Chatlio.xcodeproj
    

SwiftCompile normal arm64 /Users/aadityasingh/Library/Developer/Xcode/DerivedData/Chatlio-erkyzdeecsohoaggpwbjdvavzqfv/SourcePackages/checkouts/SwiftUI-Introspect/Sources/ViewTypes/FullScreenCover.swift (in target 'SwiftUIIntrospect' from project 'swiftui-introspect')
    cd /Users/aadityasingh/Documents/Development/element-x-ios/Chatlio.xcodeproj
    

SwiftCompile normal arm64 /Users/aadityasingh/Library/Developer/Xcode/DerivedData/Chatlio-erkyzdeecsohoaggpwbjdvavzqfv/SourcePackages/checkouts/SwiftUI-Introspect/Sources/ViewTypes/List.swift (in target 'SwiftUIIntrospect' from project 'swiftui-introspect')
    cd /Users/aadityasingh/Documents/Development/element-x-ios/Chatlio.xcodeproj
    

SwiftCompile normal arm64 /Users/aadityasingh/Library/Developer/Xcode/DerivedData/Chatlio-erkyzdeecsohoaggpwbjdvavzqfv/SourcePackages/checkouts/SwiftUI-Introspect/Sources/ViewTypes/ListCell.swift (in target 'SwiftUIIntrospect' from project 'swiftui-introspect')
    cd /Users/aadityasingh/Documents/Development/element-x-ios/Chatlio.xcodeproj
    

SwiftDriverJobDiscovery normal arm64 Compiling Map.swift, NavigationSplitView.swift, NavigationStack.swift, NavigationViewWithColumnsStyle.swift, NavigationViewWithStackStyle.swift (in target 'SwiftUIIntrospect' from project 'swiftui-introspect')

SwiftCompile normal arm64 Compiling\ Sheet.swift,\ SignInWithAppleButton.swift,\ Slider.swift,\ Stepper.swift,\ TabView.swift /Users/aadityasingh/Library/Developer/Xcode/DerivedData/Chatlio-erkyzdeecsohoaggpwbjdvavzqfv/SourcePackages/checkouts/SwiftUI-Introspect/Sources/ViewTypes/Sheet.swift /Users/aadityasingh/Library/Developer/Xcode/DerivedData/Chatlio-erkyzdeecsohoaggpwbjdvavzqfv/SourcePackages/checkouts/SwiftUI-Introspect/Sources/ViewTypes/SignInWithAppleButton.swift /Users/aadityasingh/Library/Developer/Xcode/DerivedData/Chatlio-erkyzdeecsohoaggpwbjdvavzqfv/SourcePackages/checkouts/SwiftUI-Introspect/Sources/ViewTypes/Slider.swift /Users/aadityasingh/Library/Developer/Xcode/DerivedData/Chatlio-erkyzdeecsohoaggpwbjdvavzqfv/SourcePackages/checkouts/SwiftUI-Introspect/Sources/ViewTypes/Stepper.swift /Users/aadityasingh/Library/Developer/Xcode/DerivedData/Chatlio-erkyzdeecsohoaggpwbjdvavzqfv/SourcePackages/checkouts/SwiftUI-Introspect/Sources/ViewTypes/TabView.swift (in target 'SwiftUIIntrospect' from project 'swiftui-introspect')

SwiftCompile normal arm64 /Users/aadityasingh/Library/Developer/Xcode/DerivedData/Chatlio-erkyzdeecsohoaggpwbjdvavzqfv/SourcePackages/checkouts/SwiftUI-Introspect/Sources/ViewTypes/Sheet.swift (in target 'SwiftUIIntrospect' from project 'swiftui-introspect')
    cd /Users/aadityasingh/Documents/Development/element-x-ios/Chatlio.xcodeproj
    

SwiftCompile normal arm64 /Users/aadityasingh/Library/Developer/Xcode/DerivedData/Chatlio-erkyzdeecsohoaggpwbjdvavzqfv/SourcePackages/checkouts/SwiftUI-Introspect/Sources/ViewTypes/SignInWithAppleButton.swift (in target 'SwiftUIIntrospect' from project 'swiftui-introspect')
    cd /Users/aadityasingh/Documents/Development/element-x-ios/Chatlio.xcodeproj
    

SwiftCompile normal arm64 /Users/aadityasingh/Library/Developer/Xcode/DerivedData/Chatlio-erkyzdeecsohoaggpwbjdvavzqfv/SourcePackages/checkouts/SwiftUI-Introspect/Sources/ViewTypes/Slider.swift (in target 'SwiftUIIntrospect' from project 'swiftui-introspect')
    cd /Users/aadityasingh/Documents/Development/element-x-ios/Chatlio.xcodeproj
    

SwiftCompile normal arm64 /Users/aadityasingh/Library/Developer/Xcode/DerivedData/Chatlio-erkyzdeecsohoaggpwbjdvavzqfv/SourcePackages/checkouts/SwiftUI-Introspect/Sources/ViewTypes/Stepper.swift (in target 'SwiftUIIntrospect' from project 'swiftui-introspect')
    cd /Users/aadityasingh/Documents/Development/element-x-ios/Chatlio.xcodeproj
    

SwiftCompile normal arm64 /Users/aadityasingh/Library/Developer/Xcode/DerivedData/Chatlio-erkyzdeecsohoaggpwbjdvavzqfv/SourcePackages/checkouts/SwiftUI-Introspect/Sources/ViewTypes/TabView.swift (in target 'SwiftUIIntrospect' from project 'swiftui-introspect')
    cd /Users/aadityasingh/Documents/Development/element-x-ios/Chatlio.xcodeproj
    

SwiftDriverJobDiscovery normal arm64 Compiling View.swift, ViewController.swift, WebView.swift, Window.swift, Weak.swift (in target 'SwiftUIIntrospect' from project 'swiftui-introspect')

SwiftCompile normal arm64 Compiling\ Toggle.swift,\ ToggleWithButtonStyle.swift,\ ToggleWithCheckboxStyle.swift,\ ToggleWithSwitchStyle.swift,\ VideoPlayer.swift /Users/aadityasingh/Library/Developer/Xcode/DerivedData/Chatlio-erkyzdeecsohoaggpwbjdvavzqfv/SourcePackages/checkouts/SwiftUI-Introspect/Sources/ViewTypes/Toggle.swift /Users/aadityasingh/Library/Developer/Xcode/DerivedData/Chatlio-erkyzdeecsohoaggpwbjdvavzqfv/SourcePackages/checkouts/SwiftUI-Introspect/Sources/ViewTypes/ToggleWithButtonStyle.swift /Users/aadityasingh/Library/Developer/Xcode/DerivedData/Chatlio-erkyzdeecsohoaggpwbjdvavzqfv/SourcePackages/checkouts/SwiftUI-Introspect/Sources/ViewTypes/ToggleWithCheckboxStyle.swift /Users/aadityasingh/Library/Developer/Xcode/DerivedData/Chatlio-erkyzdeecsohoaggpwbjdvavzqfv/SourcePackages/checkouts/SwiftUI-Introspect/Sources/ViewTypes/ToggleWithSwitchStyle.swift /Users/aadityasingh/Library/Developer/Xcode/DerivedData/Chatlio-erkyzdeecsohoaggpwbjdvavzqfv/SourcePackages/checkouts/SwiftUI-Introspect/Sources/ViewTypes/VideoPlayer.swift (in target 'SwiftUIIntrospect' from project 'swiftui-introspect')
SwiftCompile normal arm64 /Users/aadityasingh/Library/Developer/Xcode/DerivedData/Chatlio-erkyzdeecsohoaggpwbjdvavzqfv/SourcePackages/checkouts/SwiftUI-Introspect/Sources/ViewTypes/Toggle.swift (in target 'SwiftUIIntrospect' from project 'swiftui-introspect')
    cd /Users/aadityasingh/Documents/Development/element-x-ios/Chatlio.xcodeproj
    

SwiftCompile normal arm64 /Users/aadityasingh/Library/Developer/Xcode/DerivedData/Chatlio-erkyzdeecsohoaggpwbjdvavzqfv/SourcePackages/checkouts/SwiftUI-Introspect/Sources/ViewTypes/ToggleWithButtonStyle.swift (in target 'SwiftUIIntrospect' from project 'swiftui-introspect')
    cd /Users/aadityasingh/Documents/Development/element-x-ios/Chatlio.xcodeproj
    

SwiftCompile normal arm64 /Users/aadityasingh/Library/Developer/Xcode/DerivedData/Chatlio-erkyzdeecsohoaggpwbjdvavzqfv/SourcePackages/checkouts/SwiftUI-Introspect/Sources/ViewTypes/ToggleWithCheckboxStyle.swift (in target 'SwiftUIIntrospect' from project 'swiftui-introspect')
    cd /Users/aadityasingh/Documents/Development/element-x-ios/Chatlio.xcodeproj
    

SwiftCompile normal arm64 /Users/aadityasingh/Library/Developer/Xcode/DerivedData/Chatlio-erkyzdeecsohoaggpwbjdvavzqfv/SourcePackages/checkouts/SwiftUI-Introspect/Sources/ViewTypes/ToggleWithSwitchStyle.swift (in target 'SwiftUIIntrospect' from project 'swiftui-introspect')
    cd /Users/aadityasingh/Documents/Development/element-x-ios/Chatlio.xcodeproj
    

SwiftCompile normal arm64 /Users/aadityasingh/Library/Developer/Xcode/DerivedData/Chatlio-erkyzdeecsohoaggpwbjdvavzqfv/SourcePackages/checkouts/SwiftUI-Introspect/Sources/ViewTypes/VideoPlayer.swift (in target 'SwiftUIIntrospect' from project 'swiftui-introspect')
    cd /Users/aadityasingh/Documents/Development/element-x-ios/Chatlio.xcodeproj
    

SwiftDriverJobDiscovery normal arm64 Compiling Introspect.swift, IntrospectableViewType.swift, IntrospectionSelector.swift, IntrospectionView.swift, PlatformVersion.swift, PlatformView.swift (in target 'SwiftUIIntrospect' from project 'swiftui-introspect')

SwiftCompile normal arm64 Compiling\ PageControl.swift,\ PickerWithMenuStyle.swift,\ PickerWithSegmentedStyle.swift,\ PickerWithWheelStyle.swift,\ Popover.swift /Users/aadityasingh/Library/Developer/Xcode/DerivedData/Chatlio-erkyzdeecsohoaggpwbjdvavzqfv/SourcePackages/checkouts/SwiftUI-Introspect/Sources/ViewTypes/PageControl.swift /Users/aadityasingh/Library/Developer/Xcode/DerivedData/Chatlio-erkyzdeecsohoaggpwbjdvavzqfv/SourcePackages/checkouts/SwiftUI-Introspect/Sources/ViewTypes/PickerWithMenuStyle.swift /Users/aadityasingh/Library/Developer/Xcode/DerivedData/Chatlio-erkyzdeecsohoaggpwbjdvavzqfv/SourcePackages/checkouts/SwiftUI-Introspect/Sources/ViewTypes/PickerWithSegmentedStyle.swift /Users/aadityasingh/Library/Developer/Xcode/DerivedData/Chatlio-erkyzdeecsohoaggpwbjdvavzqfv/SourcePackages/checkouts/SwiftUI-Introspect/Sources/ViewTypes/PickerWithWheelStyle.swift /Users/aadityasingh/Library/Developer/Xcode/DerivedData/Chatlio-erkyzdeecsohoaggpwbjdvavzqfv/SourcePackages/checkouts/SwiftUI-Introspect/Sources/ViewTypes/Popover.swift (in target 'SwiftUIIntrospect' from project 'swiftui-introspect')

SwiftCompile normal arm64 /Users/aadityasingh/Library/Developer/Xcode/DerivedData/Chatlio-erkyzdeecsohoaggpwbjdvavzqfv/SourcePackages/checkouts/SwiftUI-Introspect/Sources/ViewTypes/PageControl.swift (in target 'SwiftUIIntrospect' from project 'swiftui-introspect')
    cd /Users/aadityasingh/Documents/Development/element-x-ios/Chatlio.xcodeproj
    

SwiftCompile normal arm64 /Users/aadityasingh/Library/Developer/Xcode/DerivedData/Chatlio-erkyzdeecsohoaggpwbjdvavzqfv/SourcePackages/checkouts/SwiftUI-Introspect/Sources/ViewTypes/PickerWithMenuStyle.swift (in target 'SwiftUIIntrospect' from project 'swiftui-introspect')
    cd /Users/aadityasingh/Documents/Development/element-x-ios/Chatlio.xcodeproj
    

SwiftCompile normal arm64 /Users/aadityasingh/Library/Developer/Xcode/DerivedData/Chatlio-erkyzdeecsohoaggpwbjdvavzqfv/SourcePackages/checkouts/SwiftUI-Introspect/Sources/ViewTypes/PickerWithSegmentedStyle.swift (in target 'SwiftUIIntrospect' from project 'swiftui-introspect')
    cd /Users/aadityasingh/Documents/Development/element-x-ios/Chatlio.xcodeproj
    

SwiftCompile normal arm64 /Users/aadityasingh/Library/Developer/Xcode/DerivedData/Chatlio-erkyzdeecsohoaggpwbjdvavzqfv/SourcePackages/checkouts/SwiftUI-Introspect/Sources/ViewTypes/PickerWithWheelStyle.swift (in target 'SwiftUIIntrospect' from project 'swiftui-introspect')
    cd /Users/aadityasingh/Documents/Development/element-x-ios/Chatlio.xcodeproj
    

SwiftCompile normal arm64 /Users/aadityasingh/Library/Developer/Xcode/DerivedData/Chatlio-erkyzdeecsohoaggpwbjdvavzqfv/SourcePackages/checkouts/SwiftUI-Introspect/Sources/ViewTypes/Popover.swift (in target 'SwiftUIIntrospect' from project 'swiftui-introspect')
    cd /Users/aadityasingh/Documents/Development/element-x-ios/Chatlio.xcodeproj
    

SwiftDriverJobDiscovery normal x86_64 Compiling Sheet.swift, SignInWithAppleButton.swift, Slider.swift, Stepper.swift, TabView.swift (in target 'SwiftUIIntrospect' from project 'swiftui-introspect')

SwiftCompile normal x86_64 Compiling\ TabViewWithPageStyle.swift,\ Table.swift,\ TextEditor.swift,\ TextField.swift,\ TextFieldWithVerticalAxis.swift /Users/aadityasingh/Library/Developer/Xcode/DerivedData/Chatlio-erkyzdeecsohoaggpwbjdvavzqfv/SourcePackages/checkouts/SwiftUI-Introspect/Sources/ViewTypes/TabViewWithPageStyle.swift /Users/aadityasingh/Library/Developer/Xcode/DerivedData/Chatlio-erkyzdeecsohoaggpwbjdvavzqfv/SourcePackages/checkouts/SwiftUI-Introspect/Sources/ViewTypes/Table.swift /Users/aadityasingh/Library/Developer/Xcode/DerivedData/Chatlio-erkyzdeecsohoaggpwbjdvavzqfv/SourcePackages/checkouts/SwiftUI-Introspect/Sources/ViewTypes/TextEditor.swift /Users/aadityasingh/Library/Developer/Xcode/DerivedData/Chatlio-erkyzdeecsohoaggpwbjdvavzqfv/SourcePackages/checkouts/SwiftUI-Introspect/Sources/ViewTypes/TextField.swift /Users/aadityasingh/Library/Developer/Xcode/DerivedData/Chatlio-erkyzdeecsohoaggpwbjdvavzqfv/SourcePackages/checkouts/SwiftUI-Introspect/Sources/ViewTypes/TextFieldWithVerticalAxis.swift (in target 'SwiftUIIntrospect' from project 'swiftui-introspect')

SwiftCompile normal x86_64 /Users/aadityasingh/Library/Developer/Xcode/DerivedData/Chatlio-erkyzdeecsohoaggpwbjdvavzqfv/SourcePackages/checkouts/SwiftUI-Introspect/Sources/ViewTypes/TabViewWithPageStyle.swift (in target 'SwiftUIIntrospect' from project 'swiftui-introspect')
    cd /Users/aadityasingh/Documents/Development/element-x-ios/Chatlio.xcodeproj
    

SwiftCompile normal x86_64 /Users/aadityasingh/Library/Developer/Xcode/DerivedData/Chatlio-erkyzdeecsohoaggpwbjdvavzqfv/SourcePackages/checkouts/SwiftUI-Introspect/Sources/ViewTypes/Table.swift (in target 'SwiftUIIntrospect' from project 'swiftui-introspect')
    cd /Users/aadityasingh/Documents/Development/element-x-ios/Chatlio.xcodeproj
    

SwiftCompile normal x86_64 /Users/aadityasingh/Library/Developer/Xcode/DerivedData/Chatlio-erkyzdeecsohoaggpwbjdvavzqfv/SourcePackages/checkouts/SwiftUI-Introspect/Sources/ViewTypes/TextEditor.swift (in target 'SwiftUIIntrospect' from project 'swiftui-introspect')
    cd /Users/aadityasingh/Documents/Development/element-x-ios/Chatlio.xcodeproj
    

SwiftCompile normal x86_64 /Users/aadityasingh/Library/Developer/Xcode/DerivedData/Chatlio-erkyzdeecsohoaggpwbjdvavzqfv/SourcePackages/checkouts/SwiftUI-Introspect/Sources/ViewTypes/TextField.swift (in target 'SwiftUIIntrospect' from project 'swiftui-introspect')
    cd /Users/aadityasingh/Documents/Development/element-x-ios/Chatlio.xcodeproj
    

SwiftCompile normal x86_64 /Users/aadityasingh/Library/Developer/Xcode/DerivedData/Chatlio-erkyzdeecsohoaggpwbjdvavzqfv/SourcePackages/checkouts/SwiftUI-Introspect/Sources/ViewTypes/TextFieldWithVerticalAxis.swift (in target 'SwiftUIIntrospect' from project 'swiftui-introspect')
    cd /Users/aadityasingh/Documents/Development/element-x-ios/Chatlio.xcodeproj
    

SwiftDriverJobDiscovery normal x86_64 Compiling Introspect.swift, IntrospectableViewType.swift, IntrospectionSelector.swift, IntrospectionView.swift, PlatformVersion.swift, PlatformView.swift (in target 'SwiftUIIntrospect' from project 'swiftui-introspect')

SwiftCompile normal x86_64 Compiling\ Map.swift,\ NavigationSplitView.swift,\ NavigationStack.swift,\ NavigationViewWithColumnsStyle.swift,\ NavigationViewWithStackStyle.swift /Users/aadityasingh/Library/Developer/Xcode/DerivedData/Chatlio-erkyzdeecsohoaggpwbjdvavzqfv/SourcePackages/checkouts/SwiftUI-Introspect/Sources/ViewTypes/Map.swift /Users/aadityasingh/Library/Developer/Xcode/DerivedData/Chatlio-erkyzdeecsohoaggpwbjdvavzqfv/SourcePackages/checkouts/SwiftUI-Introspect/Sources/ViewTypes/NavigationSplitView.swift /Users/aadityasingh/Library/Developer/Xcode/DerivedData/Chatlio-erkyzdeecsohoaggpwbjdvavzqfv/SourcePackages/checkouts/SwiftUI-Introspect/Sources/ViewTypes/NavigationStack.swift /Users/aadityasingh/Library/Developer/Xcode/DerivedData/Chatlio-erkyzdeecsohoaggpwbjdvavzqfv/SourcePackages/checkouts/SwiftUI-Introspect/Sources/ViewTypes/NavigationViewWithColumnsStyle.swift /Users/aadityasingh/Library/Developer/Xcode/DerivedData/Chatlio-erkyzdeecsohoaggpwbjdvavzqfv/SourcePackages/checkouts/SwiftUI-Introspect/Sources/ViewTypes/NavigationViewWithStackStyle.swift (in target 'SwiftUIIntrospect' from project 'swiftui-introspect')
SwiftCompile normal x86_64 /Users/aadityasingh/Library/Developer/Xcode/DerivedData/Chatlio-erkyzdeecsohoaggpwbjdvavzqfv/SourcePackages/checkouts/SwiftUI-Introspect/Sources/ViewTypes/Map.swift (in target 'SwiftUIIntrospect' from project 'swiftui-introspect')
    cd /Users/aadityasingh/Documents/Development/element-x-ios/Chatlio.xcodeproj
    

SwiftCompile normal x86_64 /Users/aadityasingh/Library/Developer/Xcode/DerivedData/Chatlio-erkyzdeecsohoaggpwbjdvavzqfv/SourcePackages/checkouts/SwiftUI-Introspect/Sources/ViewTypes/NavigationSplitView.swift (in target 'SwiftUIIntrospect' from project 'swiftui-introspect')
    cd /Users/aadityasingh/Documents/Development/element-x-ios/Chatlio.xcodeproj
    

SwiftCompile normal x86_64 /Users/aadityasingh/Library/Developer/Xcode/DerivedData/Chatlio-erkyzdeecsohoaggpwbjdvavzqfv/SourcePackages/checkouts/SwiftUI-Introspect/Sources/ViewTypes/NavigationStack.swift (in target 'SwiftUIIntrospect' from project 'swiftui-introspect')
    cd /Users/aadityasingh/Documents/Development/element-x-ios/Chatlio.xcodeproj
    

SwiftCompile normal x86_64 /Users/aadityasingh/Library/Developer/Xcode/DerivedData/Chatlio-erkyzdeecsohoaggpwbjdvavzqfv/SourcePackages/checkouts/SwiftUI-Introspect/Sources/ViewTypes/NavigationViewWithColumnsStyle.swift (in target 'SwiftUIIntrospect' from project 'swiftui-introspect')
    cd /Users/aadityasingh/Documents/Development/element-x-ios/Chatlio.xcodeproj
    

SwiftCompile normal x86_64 /Users/aadityasingh/Library/Developer/Xcode/DerivedData/Chatlio-erkyzdeecsohoaggpwbjdvavzqfv/SourcePackages/checkouts/SwiftUI-Introspect/Sources/ViewTypes/NavigationViewWithStackStyle.swift (in target 'SwiftUIIntrospect' from project 'swiftui-introspect')
    cd /Users/aadityasingh/Documents/Development/element-x-ios/Chatlio.xcodeproj
    

SwiftDriverJobDiscovery normal x86_64 Compiling DatePickerWithCompactStyle.swift, DatePickerWithFieldStyle.swift, DatePickerWithGraphicalStyle.swift, DatePickerWithStepperFieldStyle.swift, DatePickerWithWheelStyle.swift (in target 'SwiftUIIntrospect' from project 'swiftui-introspect')

SwiftDriverJobDiscovery normal arm64 Compiling ListWithBorderedStyle.swift, ListWithGroupedStyle.swift, ListWithInsetGroupedStyle.swift, ListWithInsetStyle.swift, ListWithSidebarStyle.swift (in target 'SwiftUIIntrospect' from project 'swiftui-introspect')

SwiftCompile normal arm64 Compiling\ _RouteMappingID.swift /Users/aadityasingh/Library/Developer/Xcode/DerivedData/Chatlio-erkyzdeecsohoaggpwbjdvavzqfv/SourcePackages/checkouts/SwiftState/Sources/_RouteMappingID.swift (in target 'SwiftState' from project 'SwiftState')

SwiftCompile normal arm64 /Users/aadityasingh/Library/Developer/Xcode/DerivedData/Chatlio-erkyzdeecsohoaggpwbjdvavzqfv/SourcePackages/checkouts/SwiftState/Sources/_RouteMappingID.swift (in target 'SwiftState' from project 'SwiftState')
    cd /Users/aadityasingh/Documents/Development/element-x-ios/Chatlio.xcodeproj
    

SwiftDriverJobDiscovery normal arm64 Compiling _RouteMappingID.swift (in target 'SwiftState' from project 'SwiftState')

SwiftCompile normal x86_64 Compiling\ StateType.swift /Users/aadityasingh/Library/Developer/Xcode/DerivedData/Chatlio-erkyzdeecsohoaggpwbjdvavzqfv/SourcePackages/checkouts/SwiftState/Sources/StateType.swift (in target 'SwiftState' from project 'SwiftState')

SwiftCompile normal x86_64 /Users/aadityasingh/Library/Developer/Xcode/DerivedData/Chatlio-erkyzdeecsohoaggpwbjdvavzqfv/SourcePackages/checkouts/SwiftState/Sources/StateType.swift (in target 'SwiftState' from project 'SwiftState')
    cd /Users/aadityasingh/Documents/Development/element-x-ios/Chatlio.xcodeproj
    

SwiftDriverJobDiscovery normal x86_64 Compiling Toggle.swift, ToggleWithButtonStyle.swift, ToggleWithCheckboxStyle.swift, ToggleWithSwitchStyle.swift, VideoPlayer.swift (in target 'SwiftUIIntrospect' from project 'swiftui-introspect')

SwiftCompile normal x86_64 Compiling\ _HandlerID.swift /Users/aadityasingh/Library/Developer/Xcode/DerivedData/Chatlio-erkyzdeecsohoaggpwbjdvavzqfv/SourcePackages/checkouts/SwiftState/Sources/_HandlerID.swift (in target 'SwiftState' from project 'SwiftState')

SwiftCompile normal x86_64 /Users/aadityasingh/Library/Developer/Xcode/DerivedData/Chatlio-erkyzdeecsohoaggpwbjdvavzqfv/SourcePackages/checkouts/SwiftState/Sources/_HandlerID.swift (in target 'SwiftState' from project 'SwiftState')
    cd /Users/aadityasingh/Documents/Development/element-x-ios/Chatlio.xcodeproj
    

SwiftCompile normal x86_64 Compiling\ _Random.swift /Users/aadityasingh/Library/Developer/Xcode/DerivedData/Chatlio-erkyzdeecsohoaggpwbjdvavzqfv/SourcePackages/checkouts/SwiftState/Sources/_Random.swift (in target 'SwiftState' from project 'SwiftState')

SwiftCompile normal x86_64 /Users/aadityasingh/Library/Developer/Xcode/DerivedData/Chatlio-erkyzdeecsohoaggpwbjdvavzqfv/SourcePackages/checkouts/SwiftState/Sources/_Random.swift (in target 'SwiftState' from project 'SwiftState')
    cd /Users/aadityasingh/Documents/Development/element-x-ios/Chatlio.xcodeproj
    

SwiftDriverJobDiscovery normal x86_64 Compiling ListWithBorderedStyle.swift, ListWithGroupedStyle.swift, ListWithInsetGroupedStyle.swift, ListWithInsetStyle.swift, ListWithSidebarStyle.swift (in target 'SwiftUIIntrospect' from project 'swiftui-introspect')

SwiftCompile normal arm64 Compiling\ Machine.swift,\ Route.swift /Users/aadityasingh/Library/Developer/Xcode/DerivedData/Chatlio-erkyzdeecsohoaggpwbjdvavzqfv/SourcePackages/checkouts/SwiftState/Sources/Machine.swift /Users/aadityasingh/Library/Developer/Xcode/DerivedData/Chatlio-erkyzdeecsohoaggpwbjdvavzqfv/SourcePackages/checkouts/SwiftState/Sources/Route.swift (in target 'SwiftState' from project 'SwiftState')

SwiftCompile normal arm64 /Users/aadityasingh/Library/Developer/Xcode/DerivedData/Chatlio-erkyzdeecsohoaggpwbjdvavzqfv/SourcePackages/checkouts/SwiftState/Sources/Machine.swift (in target 'SwiftState' from project 'SwiftState')
    cd /Users/aadityasingh/Documents/Development/element-x-ios/Chatlio.xcodeproj
    

SwiftCompile normal arm64 /Users/aadityasingh/Library/Developer/Xcode/DerivedData/Chatlio-erkyzdeecsohoaggpwbjdvavzqfv/SourcePackages/checkouts/SwiftState/Sources/Route.swift (in target 'SwiftState' from project 'SwiftState')
    cd /Users/aadityasingh/Documents/Development/element-x-ios/Chatlio.xcodeproj
    

SwiftDriverJobDiscovery normal x86_64 Compiling ProgressViewWithCircularStyle.swift, ProgressViewWithLinearStyle.swift, ScrollView.swift, SearchField.swift, SecureField.swift (in target 'SwiftUIIntrospect' from project 'swiftui-introspect')

SwiftCompile normal x86_64 Compiling\ Transition.swift /Users/aadityasingh/Library/Developer/Xcode/DerivedData/Chatlio-erkyzdeecsohoaggpwbjdvavzqfv/SourcePackages/checkouts/SwiftState/Sources/Transition.swift (in target 'SwiftState' from project 'SwiftState')

SwiftCompile normal x86_64 /Users/aadityasingh/Library/Developer/Xcode/DerivedData/Chatlio-erkyzdeecsohoaggpwbjdvavzqfv/SourcePackages/checkouts/SwiftState/Sources/Transition.swift (in target 'SwiftState' from project 'SwiftState')
    cd /Users/aadityasingh/Documents/Development/element-x-ios/Chatlio.xcodeproj
    

SwiftDriverJobDiscovery normal x86_64 Compiling StateType.swift (in target 'SwiftState' from project 'SwiftState')

SwiftCompile normal arm64 Compiling\ _RouteID.swift /Users/aadityasingh/Library/Developer/Xcode/DerivedData/Chatlio-erkyzdeecsohoaggpwbjdvavzqfv/SourcePackages/checkouts/SwiftState/Sources/_RouteID.swift (in target 'SwiftState' from project 'SwiftState')

SwiftCompile normal arm64 /Users/aadityasingh/Library/Developer/Xcode/DerivedData/Chatlio-erkyzdeecsohoaggpwbjdvavzqfv/SourcePackages/checkouts/SwiftState/Sources/_RouteID.swift (in target 'SwiftState' from project 'SwiftState')
    cd /Users/aadityasingh/Documents/Development/element-x-ios/Chatlio.xcodeproj
    

SwiftDriverJobDiscovery normal x86_64 Compiling _HandlerID.swift (in target 'SwiftState' from project 'SwiftState')

SwiftCompile normal arm64 Compiling\ _HandlerID.swift /Users/aadityasingh/Library/Developer/Xcode/DerivedData/Chatlio-erkyzdeecsohoaggpwbjdvavzqfv/SourcePackages/checkouts/SwiftState/Sources/_HandlerID.swift (in target 'SwiftState' from project 'SwiftState')

SwiftCompile normal arm64 /Users/aadityasingh/Library/Developer/Xcode/DerivedData/Chatlio-erkyzdeecsohoaggpwbjdvavzqfv/SourcePackages/checkouts/SwiftState/Sources/_HandlerID.swift (in target 'SwiftState' from project 'SwiftState')
    cd /Users/aadityasingh/Documents/Development/element-x-ios/Chatlio.xcodeproj
    

SwiftDriverJobDiscovery normal arm64 Compiling TabViewWithPageStyle.swift, Table.swift, TextEditor.swift, TextField.swift, TextFieldWithVerticalAxis.swift (in target 'SwiftUIIntrospect' from project 'swiftui-introspect')

SwiftCompile normal arm64 Compiling\ Disposable.swift,\ EventType.swift /Users/aadityasingh/Library/Developer/Xcode/DerivedData/Chatlio-erkyzdeecsohoaggpwbjdvavzqfv/SourcePackages/checkouts/SwiftState/Sources/Disposable.swift /Users/aadityasingh/Library/Developer/Xcode/DerivedData/Chatlio-erkyzdeecsohoaggpwbjdvavzqfv/SourcePackages/checkouts/SwiftState/Sources/EventType.swift (in target 'SwiftState' from project 'SwiftState')

SwiftCompile normal arm64 /Users/aadityasingh/Library/Developer/Xcode/DerivedData/Chatlio-erkyzdeecsohoaggpwbjdvavzqfv/SourcePackages/checkouts/SwiftState/Sources/Disposable.swift (in target 'SwiftState' from project 'SwiftState')
    cd /Users/aadityasingh/Documents/Development/element-x-ios/Chatlio.xcodeproj
    

SwiftCompile normal arm64 /Users/aadityasingh/Library/Developer/Xcode/DerivedData/Chatlio-erkyzdeecsohoaggpwbjdvavzqfv/SourcePackages/checkouts/SwiftState/Sources/EventType.swift (in target 'SwiftState' from project 'SwiftState')
    cd /Users/aadityasingh/Documents/Development/element-x-ios/Chatlio.xcodeproj
    

SwiftDriverJobDiscovery normal arm64 Compiling PlatformViewVersion.swift, Utils.swift, Button.swift, ColorPicker.swift, DatePicker.swift (in target 'SwiftUIIntrospect' from project 'swiftui-introspect')

SwiftCompile normal arm64 Compiling\ StateType.swift /Users/aadityasingh/Library/Developer/Xcode/DerivedData/Chatlio-erkyzdeecsohoaggpwbjdvavzqfv/SourcePackages/checkouts/SwiftState/Sources/StateType.swift (in target 'SwiftState' from project 'SwiftState')

SwiftCompile normal arm64 /Users/aadityasingh/Library/Developer/Xcode/DerivedData/Chatlio-erkyzdeecsohoaggpwbjdvavzqfv/SourcePackages/checkouts/SwiftState/Sources/StateType.swift (in target 'SwiftState' from project 'SwiftState')
    cd /Users/aadityasingh/Documents/Development/element-x-ios/Chatlio.xcodeproj
    

SwiftDriverJobDiscovery normal arm64 Compiling _RouteID.swift (in target 'SwiftState' from project 'SwiftState')

SwiftCompile normal arm64 Compiling\ StateMachine.swift /Users/aadityasingh/Library/Developer/Xcode/DerivedData/Chatlio-erkyzdeecsohoaggpwbjdvavzqfv/SourcePackages/checkouts/SwiftState/Sources/StateMachine.swift (in target 'SwiftState' from project 'SwiftState')

SwiftCompile normal arm64 /Users/aadityasingh/Library/Developer/Xcode/DerivedData/Chatlio-erkyzdeecsohoaggpwbjdvavzqfv/SourcePackages/checkouts/SwiftState/Sources/StateMachine.swift (in target 'SwiftState' from project 'SwiftState')
    cd /Users/aadityasingh/Documents/Development/element-x-ios/Chatlio.xcodeproj
    

SwiftDriverJobDiscovery normal x86_64 Compiling _Random.swift (in target 'SwiftState' from project 'SwiftState')

SwiftCompile normal x86_64 Compiling\ TransitionChain.swift /Users/aadityasingh/Library/Developer/Xcode/DerivedData/Chatlio-erkyzdeecsohoaggpwbjdvavzqfv/SourcePackages/checkouts/SwiftState/Sources/TransitionChain.swift (in target 'SwiftState' from project 'SwiftState')

SwiftCompile normal x86_64 /Users/aadityasingh/Library/Developer/Xcode/DerivedData/Chatlio-erkyzdeecsohoaggpwbjdvavzqfv/SourcePackages/checkouts/SwiftState/Sources/TransitionChain.swift (in target 'SwiftState' from project 'SwiftState')
    cd /Users/aadityasingh/Documents/Development/element-x-ios/Chatlio.xcodeproj
    

SwiftDriverJobDiscovery normal x86_64 Compiling Transition.swift (in target 'SwiftState' from project 'SwiftState')

SwiftCompile normal x86_64 Compiling\ _RouteID.swift /Users/aadityasingh/Library/Developer/Xcode/DerivedData/Chatlio-erkyzdeecsohoaggpwbjdvavzqfv/SourcePackages/checkouts/SwiftState/Sources/_RouteID.swift (in target 'SwiftState' from project 'SwiftState')

SwiftCompile normal x86_64 /Users/aadityasingh/Library/Developer/Xcode/DerivedData/Chatlio-erkyzdeecsohoaggpwbjdvavzqfv/SourcePackages/checkouts/SwiftState/Sources/_RouteID.swift (in target 'SwiftState' from project 'SwiftState')
    cd /Users/aadityasingh/Documents/Development/element-x-ios/Chatlio.xcodeproj
    

SwiftDriverJobDiscovery normal arm64 Compiling Sheet.swift, SignInWithAppleButton.swift, Slider.swift, Stepper.swift, TabView.swift (in target 'SwiftUIIntrospect' from project 'swiftui-introspect')

SwiftCompile normal x86_64 Compiling\ _RouteMappingID.swift /Users/aadityasingh/Library/Developer/Xcode/DerivedData/Chatlio-erkyzdeecsohoaggpwbjdvavzqfv/SourcePackages/checkouts/SwiftState/Sources/_RouteMappingID.swift (in target 'SwiftState' from project 'SwiftState')

SwiftCompile normal x86_64 /Users/aadityasingh/Library/Developer/Xcode/DerivedData/Chatlio-erkyzdeecsohoaggpwbjdvavzqfv/SourcePackages/checkouts/SwiftState/Sources/_RouteMappingID.swift (in target 'SwiftState' from project 'SwiftState')
    cd /Users/aadityasingh/Documents/Development/element-x-ios/Chatlio.xcodeproj
    

SwiftDriverJobDiscovery normal arm64 Compiling _HandlerID.swift (in target 'SwiftState' from project 'SwiftState')

SwiftCompile normal x86_64 Compiling\ RouteChain.swift /Users/aadityasingh/Library/Developer/Xcode/DerivedData/Chatlio-erkyzdeecsohoaggpwbjdvavzqfv/SourcePackages/checkouts/SwiftState/Sources/RouteChain.swift (in target 'SwiftState' from project 'SwiftState')

SwiftCompile normal x86_64 /Users/aadityasingh/Library/Developer/Xcode/DerivedData/Chatlio-erkyzdeecsohoaggpwbjdvavzqfv/SourcePackages/checkouts/SwiftState/Sources/RouteChain.swift (in target 'SwiftState' from project 'SwiftState')
    cd /Users/aadityasingh/Documents/Development/element-x-ios/Chatlio.xcodeproj
    

SwiftDriverJobDiscovery normal x86_64 Compiling _RouteID.swift (in target 'SwiftState' from project 'SwiftState')

SwiftCompile normal x86_64 Compiling\ StateMachine.swift /Users/aadityasingh/Library/Developer/Xcode/DerivedData/Chatlio-erkyzdeecsohoaggpwbjdvavzqfv/SourcePackages/checkouts/SwiftState/Sources/StateMachine.swift (in target 'SwiftState' from project 'SwiftState')

SwiftCompile normal x86_64 /Users/aadityasingh/Library/Developer/Xcode/DerivedData/Chatlio-erkyzdeecsohoaggpwbjdvavzqfv/SourcePackages/checkouts/SwiftState/Sources/StateMachine.swift (in target 'SwiftState' from project 'SwiftState')
    cd /Users/aadityasingh/Documents/Development/element-x-ios/Chatlio.xcodeproj
    

SwiftDriverJobDiscovery normal arm64 Compiling Form.swift, FormWithGroupedStyle.swift, FullScreenCover.swift, List.swift, ListCell.swift (in target 'SwiftUIIntrospect' from project 'swiftui-introspect')

SwiftCompile normal x86_64 Compiling\ Disposable.swift,\ EventType.swift /Users/aadityasingh/Library/Developer/Xcode/DerivedData/Chatlio-erkyzdeecsohoaggpwbjdvavzqfv/SourcePackages/checkouts/SwiftState/Sources/Disposable.swift /Users/aadityasingh/Library/Developer/Xcode/DerivedData/Chatlio-erkyzdeecsohoaggpwbjdvavzqfv/SourcePackages/checkouts/SwiftState/Sources/EventType.swift (in target 'SwiftState' from project 'SwiftState')

SwiftCompile normal x86_64 /Users/aadityasingh/Library/Developer/Xcode/DerivedData/Chatlio-erkyzdeecsohoaggpwbjdvavzqfv/SourcePackages/checkouts/SwiftState/Sources/Disposable.swift (in target 'SwiftState' from project 'SwiftState')
    cd /Users/aadityasingh/Documents/Development/element-x-ios/Chatlio.xcodeproj
    

SwiftCompile normal x86_64 /Users/aadityasingh/Library/Developer/Xcode/DerivedData/Chatlio-erkyzdeecsohoaggpwbjdvavzqfv/SourcePackages/checkouts/SwiftState/Sources/EventType.swift (in target 'SwiftState' from project 'SwiftState')
    cd /Users/aadityasingh/Documents/Development/element-x-ios/Chatlio.xcodeproj
    

SwiftCompile normal arm64 Compiling\ TransitionChain.swift /Users/aadityasingh/Library/Developer/Xcode/DerivedData/Chatlio-erkyzdeecsohoaggpwbjdvavzqfv/SourcePackages/checkouts/SwiftState/Sources/TransitionChain.swift (in target 'SwiftState' from project 'SwiftState')

SwiftCompile normal arm64 /Users/aadityasingh/Library/Developer/Xcode/DerivedData/Chatlio-erkyzdeecsohoaggpwbjdvavzqfv/SourcePackages/checkouts/SwiftState/Sources/TransitionChain.swift (in target 'SwiftState' from project 'SwiftState')
    cd /Users/aadityasingh/Documents/Development/element-x-ios/Chatlio.xcodeproj
    

SwiftDriverJobDiscovery normal arm64 Compiling StateType.swift (in target 'SwiftState' from project 'SwiftState')

SwiftDriverJobDiscovery normal arm64 Compiling Disposable.swift, EventType.swift (in target 'SwiftState' from project 'SwiftState')

SwiftDriverJobDiscovery normal arm64 Compiling PageControl.swift, PickerWithMenuStyle.swift, PickerWithSegmentedStyle.swift, PickerWithWheelStyle.swift, Popover.swift (in target 'SwiftUIIntrospect' from project 'swiftui-introspect')

SwiftCompile normal arm64 Compiling\ OGGDecoder.swift /Users/aadityasingh/Library/Developer/Xcode/DerivedData/Chatlio-erkyzdeecsohoaggpwbjdvavzqfv/SourcePackages/checkouts/swift-ogg/Sources/SwiftOgg/OGGDecoder.swift (in target 'SwiftOGG' from project 'SwiftOGG')
SwiftCompile normal arm64 /Users/aadityasingh/Library/Developer/Xcode/DerivedData/Chatlio-erkyzdeecsohoaggpwbjdvavzqfv/SourcePackages/checkouts/swift-ogg/Sources/SwiftOgg/OGGDecoder.swift (in target 'SwiftOGG' from project 'SwiftOGG')
    cd /Users/aadityasingh/Documents/Development/element-x-ios/Chatlio.xcodeproj
    

SwiftDriverJobDiscovery normal x86_64 Compiling TransitionChain.swift (in target 'SwiftState' from project 'SwiftState')

SwiftCompile normal x86_64 Compiling\ OGGEncoder.swift /Users/aadityasingh/Library/Developer/Xcode/DerivedData/Chatlio-erkyzdeecsohoaggpwbjdvavzqfv/SourcePackages/checkouts/swift-ogg/Sources/SwiftOgg/OGGEncoder.swift (in target 'SwiftOGG' from project 'SwiftOGG')
SwiftCompile normal x86_64 /Users/aadityasingh/Library/Developer/Xcode/DerivedData/Chatlio-erkyzdeecsohoaggpwbjdvavzqfv/SourcePackages/checkouts/swift-ogg/Sources/SwiftOgg/OGGEncoder.swift (in target 'SwiftOGG' from project 'SwiftOGG')
    cd /Users/aadityasingh/Documents/Development/element-x-ios/Chatlio.xcodeproj
    

SwiftCompile normal arm64 Compiling\ OpusError.swift /Users/aadityasingh/Library/Developer/Xcode/DerivedData/Chatlio-erkyzdeecsohoaggpwbjdvavzqfv/SourcePackages/checkouts/swift-ogg/Sources/SwiftOgg/OpusError.swift (in target 'SwiftOGG' from project 'SwiftOGG')

SwiftCompile normal arm64 /Users/aadityasingh/Library/Developer/Xcode/DerivedData/Chatlio-erkyzdeecsohoaggpwbjdvavzqfv/SourcePackages/checkouts/swift-ogg/Sources/SwiftOgg/OpusError.swift (in target 'SwiftOGG' from project 'SwiftOGG')
    cd /Users/aadityasingh/Documents/Development/element-x-ios/Chatlio.xcodeproj
    

SwiftDriverJobDiscovery normal x86_64 Compiling _RouteMappingID.swift (in target 'SwiftState' from project 'SwiftState')

SwiftCompile normal x86_64 Compiling\ OpusError.swift /Users/aadityasingh/Library/Developer/Xcode/DerivedData/Chatlio-erkyzdeecsohoaggpwbjdvavzqfv/SourcePackages/checkouts/swift-ogg/Sources/SwiftOgg/OpusError.swift (in target 'SwiftOGG' from project 'SwiftOGG')

SwiftCompile normal x86_64 /Users/aadityasingh/Library/Developer/Xcode/DerivedData/Chatlio-erkyzdeecsohoaggpwbjdvavzqfv/SourcePackages/checkouts/swift-ogg/Sources/SwiftOgg/OpusError.swift (in target 'SwiftOGG' from project 'SwiftOGG')
    cd /Users/aadityasingh/Documents/Development/element-x-ios/Chatlio.xcodeproj
    

SwiftDriverJobDiscovery normal x86_64 Compiling RouteChain.swift (in target 'SwiftState' from project 'SwiftState')

SwiftCompile normal x86_64 Compiling\ OGGConverter.swift /Users/aadityasingh/Library/Developer/Xcode/DerivedData/Chatlio-erkyzdeecsohoaggpwbjdvavzqfv/SourcePackages/checkouts/swift-ogg/Sources/SwiftOgg/OGGConverter.swift (in target 'SwiftOGG' from project 'SwiftOGG')

SwiftCompile normal x86_64 /Users/aadityasingh/Library/Developer/Xcode/DerivedData/Chatlio-erkyzdeecsohoaggpwbjdvavzqfv/SourcePackages/checkouts/swift-ogg/Sources/SwiftOgg/OGGConverter.swift (in target 'SwiftOGG' from project 'SwiftOGG')
    cd /Users/aadityasingh/Documents/Development/element-x-ios/Chatlio.xcodeproj
    

SwiftDriverJobDiscovery normal arm64 Compiling TransitionChain.swift (in target 'SwiftState' from project 'SwiftState')

SwiftCompile normal arm64 Compiling\ OGGConverter.swift /Users/aadityasingh/Library/Developer/Xcode/DerivedData/Chatlio-erkyzdeecsohoaggpwbjdvavzqfv/SourcePackages/checkouts/swift-ogg/Sources/SwiftOgg/OGGConverter.swift (in target 'SwiftOGG' from project 'SwiftOGG')

SwiftCompile normal arm64 /Users/aadityasingh/Library/Developer/Xcode/DerivedData/Chatlio-erkyzdeecsohoaggpwbjdvavzqfv/SourcePackages/checkouts/swift-ogg/Sources/SwiftOgg/OGGConverter.swift (in target 'SwiftOGG' from project 'SwiftOGG')
    cd /Users/aadityasingh/Documents/Development/element-x-ios/Chatlio.xcodeproj
    

SwiftDriverJobDiscovery normal x86_64 Compiling Disposable.swift, EventType.swift (in target 'SwiftState' from project 'SwiftState')

SwiftCompile normal x86_64 Compiling\ OGGDecoder.swift /Users/aadityasingh/Library/Developer/Xcode/DerivedData/Chatlio-erkyzdeecsohoaggpwbjdvavzqfv/SourcePackages/checkouts/swift-ogg/Sources/SwiftOgg/OGGDecoder.swift (in target 'SwiftOGG' from project 'SwiftOGG')

SwiftCompile normal x86_64 /Users/aadityasingh/Library/Developer/Xcode/DerivedData/Chatlio-erkyzdeecsohoaggpwbjdvavzqfv/SourcePackages/checkouts/swift-ogg/Sources/SwiftOgg/OGGDecoder.swift (in target 'SwiftOGG' from project 'SwiftOGG')
    cd /Users/aadityasingh/Documents/Development/element-x-ios/Chatlio.xcodeproj
    

SwiftDriverJobDiscovery normal x86_64 Compiling TabViewWithPageStyle.swift, Table.swift, TextEditor.swift, TextField.swift, TextFieldWithVerticalAxis.swift (in target 'SwiftUIIntrospect' from project 'swiftui-introspect')

SwiftCompile normal arm64 Compiling\ OGGEncoder.swift /Users/aadityasingh/Library/Developer/Xcode/DerivedData/Chatlio-erkyzdeecsohoaggpwbjdvavzqfv/SourcePackages/checkouts/swift-ogg/Sources/SwiftOgg/OGGEncoder.swift (in target 'SwiftOGG' from project 'SwiftOGG')
SwiftCompile normal arm64 /Users/aadityasingh/Library/Developer/Xcode/DerivedData/Chatlio-erkyzdeecsohoaggpwbjdvavzqfv/SourcePackages/checkouts/swift-ogg/Sources/SwiftOgg/OGGEncoder.swift (in target 'SwiftOGG' from project 'SwiftOGG')
    cd /Users/aadityasingh/Documents/Development/element-x-ios/Chatlio.xcodeproj
    

SwiftDriverJobDiscovery normal arm64 Compiling Machine.swift, Route.swift (in target 'SwiftState' from project 'SwiftState')

SwiftDriverJobDiscovery normal arm64 Compiling StateMachine.swift (in target 'SwiftState' from project 'SwiftState')

SwiftCompile normal arm64 Compiling\ SentryTracedView.swift /Users/aadityasingh/Library/Developer/Xcode/DerivedData/Chatlio-erkyzdeecsohoaggpwbjdvavzqfv/SourcePackages/checkouts/sentry-cocoa/Sources/SentrySwiftUI/SentryTracedView.swift (in target 'SentrySwiftUI' from project 'Sentry')

SwiftCompile normal arm64 /Users/aadityasingh/Library/Developer/Xcode/DerivedData/Chatlio-erkyzdeecsohoaggpwbjdvavzqfv/SourcePackages/checkouts/sentry-cocoa/Sources/SentrySwiftUI/SentryTracedView.swift (in target 'SentrySwiftUI' from project 'Sentry')
    cd /Users/aadityasingh/Documents/Development/element-x-ios/Chatlio.xcodeproj
    

SwiftDriver\ Compilation SwiftState normal arm64 com.apple.xcode.tools.swift.compiler (in target 'SwiftState' from project 'SwiftState')
    cd /Users/aadityasingh/Documents/Development/element-x-ios/Chatlio.xcodeproj
    builtin-Swift-Compilation -- /Applications/Xcode.app/Contents/Developer/Toolchains/XcodeDefault.xctoolchain/usr/bin/swiftc -module-name SwiftState -Onone @/Users/aadityasingh/Library/Developer/Xcode/DerivedData/Chatlio-erkyzdeecsohoaggpwbjdvavzqfv/Build/Intermediates.noindex/SwiftState.build/Debug-iphonesimulator/SwiftState.build/Objects-normal/arm64/SwiftState.SwiftFileList -DSWIFT_PACKAGE -DDEBUG -DSWIFT_MODULE_RESOURCE_BUNDLE_UNAVAILABLE -DXcode -plugin-path /Applications/Xcode.app/Contents/Developer/Toolchains/XcodeDefault.xctoolchain/usr/lib/swift/host/plugins/testing -enable-experimental-feature DebugDescriptionMacro -sdk /Applications/Xcode.app/Contents/Developer/Platforms/iPhoneSimulator.platform/Developer/SDKs/iPhoneSimulator26.4.sdk -target arm64-apple-ios12.0-simulator -g -module-cache-path /Users/aadityasingh/Library/Developer/Xcode/DerivedData/ModuleCache.noindex -Xfrontend -serialize-debugging-options -profile-coverage-mapping -profile-generate -enable-testing -suppress-warnings -index-store-path /Users/aadityasingh/Library/Developer/Xcode/DerivedData/Chatlio-erkyzdeecsohoaggpwbjdvavzqfv/Index.noindex/DataStore -Xcc -D_LIBCPP_HARDENING_MODE\=_LIBCPP_HARDENING_MODE_DEBUG -swift-version 5 -I /Users/aadityasingh/Library/Developer/Xcode/DerivedData/Chatlio-erkyzdeecsohoaggpwbjdvavzqfv/Build/Products/Debug-iphonesimulator -Isystem /Applications/Xcode.app/Contents/Developer/Platforms/iPhoneSimulator.platform/Developer/usr/lib -F /Users/aadityasingh/Library/Developer/Xcode/DerivedData/Chatlio-erkyzdeecsohoaggpwbjdvavzqfv/Build/Products/Debug-iphonesimulator -F /Applications/Xcode.app/Contents/Developer/Platforms/iPhoneSimulator.platform/Developer/Library/Frameworks -F /Applications/Xcode.app/Contents/Developer/Platforms/iPhoneSimulator.platform/Developer/SDKs/iPhoneSimulator26.4.sdk/Developer/Library/Frameworks -c -j12 -enable-batch-mode -incremental -Xcc -ivfsstatcache -Xcc /Users/aadityasingh/Library/Developer/Xcode/DerivedData/SDKStatCaches.noindex/iphonesimulator26.4-23E252-686eebb5dc1d8ecb277353a59184f4aa.sdkstatcache -output-file-map /Users/aadityasingh/Library/Developer/Xcode/DerivedData/Chatlio-erkyzdeecsohoaggpwbjdvavzqfv/Build/Intermediates.noindex/SwiftState.build/Debug-iphonesimulator/SwiftState.build/Objects-normal/arm64/SwiftState-OutputFileMap.json -use-frontend-parseable-output -save-temps -no-color-diagnostics -explicit-module-build -module-cache-path /Users/aadityasingh/Library/Developer/Xcode/DerivedData/Chatlio-erkyzdeecsohoaggpwbjdvavzqfv/Build/Intermediates.noindex/SwiftExplicitPrecompiledModules -clang-scanner-module-cache-path /Users/aadityasingh/Library/Developer/Xcode/DerivedData/ModuleCache.noindex -sdk-module-cache-path /Users/aadityasingh/Library/Developer/Xcode/DerivedData/ModuleCache.noindex -serialize-diagnostics -emit-dependencies -emit-module -emit-module-path /Users/aadityasingh/Library/Developer/Xcode/DerivedData/Chatlio-erkyzdeecsohoaggpwbjdvavzqfv/Build/Intermediates.noindex/SwiftState.build/Debug-iphonesimulator/SwiftState.build/Objects-normal/arm64/SwiftState.swiftmodule -validate-clang-modules-once -clang-build-session-file /Users/aadityasingh/Library/Developer/Xcode/DerivedData/ModuleCache.noindex/Session.modulevalidation -Xcc -I/Users/aadityasingh/Library/Developer/Xcode/DerivedData/Chatlio-erkyzdeecsohoaggpwbjdvavzqfv/Build/Intermediates.noindex/SwiftState.build/Debug-iphonesimulator/SwiftState.build/swift-overrides.hmap -emit-const-values -Xfrontend -const-gather-protocols-file -Xfrontend /Users/aadityasingh/Library/Developer/Xcode/DerivedData/Chatlio-erkyzdeecsohoaggpwbjdvavzqfv/Build/Intermediates.noindex/SwiftState.build/Debug-iphonesimulator/SwiftState.build/Objects-normal/arm64/SwiftState_const_extract_protocols.json -Xcc -I/Users/aadityasingh/Library/Developer/Xcode/DerivedData/Chatlio-erkyzdeecsohoaggpwbjdvavzqfv/Build/Products/Debug-iphonesimulator/include -Xcc -I/Users/aadityasingh/Library/Developer/Xcode/DerivedData/Chatlio-erkyzdeecsohoaggpwbjdvavzqfv/Build/Intermediates.noindex/SwiftState.build/Debug-iphonesimulator/SwiftState.build/DerivedSources-normal/arm64 -Xcc -I/Users/aadityasingh/Library/Developer/Xcode/DerivedData/Chatlio-erkyzdeecsohoaggpwbjdvavzqfv/Build/Intermediates.noindex/SwiftState.build/Debug-iphonesimulator/SwiftState.build/DerivedSources/arm64 -Xcc -I/Users/aadityasingh/Library/Developer/Xcode/DerivedData/Chatlio-erkyzdeecsohoaggpwbjdvavzqfv/Build/Intermediates.noindex/SwiftState.build/Debug-iphonesimulator/SwiftState.build/DerivedSources -Xcc -DSWIFT_PACKAGE -Xcc -DDEBUG\=1 -emit-objc-header -emit-objc-header-path /Users/aadityasingh/Library/Developer/Xcode/DerivedData/Chatlio-erkyzdeecsohoaggpwbjdvavzqfv/Build/Intermediates.noindex/SwiftState.build/Debug-iphonesimulator/SwiftState.build/Objects-normal/arm64/SwiftState-Swift.h -working-directory /Users/aadityasingh/Documents/Development/element-x-ios/Chatlio.xcodeproj -experimental-emit-module-separately -disable-cmo

SwiftDriverJobDiscovery normal x86_64 Compiling StateMachine.swift (in target 'SwiftState' from project 'SwiftState')

SwiftDriver\ Compilation SwiftState normal x86_64 com.apple.xcode.tools.swift.compiler (in target 'SwiftState' from project 'SwiftState')
    cd /Users/aadityasingh/Documents/Development/element-x-ios/Chatlio.xcodeproj
    builtin-Swift-Compilation -- /Applications/Xcode.app/Contents/Developer/Toolchains/XcodeDefault.xctoolchain/usr/bin/swiftc -module-name SwiftState -Onone @/Users/aadityasingh/Library/Developer/Xcode/DerivedData/Chatlio-erkyzdeecsohoaggpwbjdvavzqfv/Build/Intermediates.noindex/SwiftState.build/Debug-iphonesimulator/SwiftState.build/Objects-normal/x86_64/SwiftState.SwiftFileList -DSWIFT_PACKAGE -DDEBUG -DSWIFT_MODULE_RESOURCE_BUNDLE_UNAVAILABLE -DXcode -plugin-path /Applications/Xcode.app/Contents/Developer/Toolchains/XcodeDefault.xctoolchain/usr/lib/swift/host/plugins/testing -enable-experimental-feature DebugDescriptionMacro -sdk /Applications/Xcode.app/Contents/Developer/Platforms/iPhoneSimulator.platform/Developer/SDKs/iPhoneSimulator26.4.sdk -target x86_64-apple-ios12.0-simulator -g -module-cache-path /Users/aadityasingh/Library/Developer/Xcode/DerivedData/ModuleCache.noindex -Xfrontend -serialize-debugging-options -profile-coverage-mapping -profile-generate -enable-testing -suppress-warnings -index-store-path /Users/aadityasingh/Library/Developer/Xcode/DerivedData/Chatlio-erkyzdeecsohoaggpwbjdvavzqfv/Index.noindex/DataStore -Xcc -D_LIBCPP_HARDENING_MODE\=_LIBCPP_HARDENING_MODE_DEBUG -swift-version 5 -I /Users/aadityasingh/Library/Developer/Xcode/DerivedData/Chatlio-erkyzdeecsohoaggpwbjdvavzqfv/Build/Products/Debug-iphonesimulator -Isystem /Applications/Xcode.app/Contents/Developer/Platforms/iPhoneSimulator.platform/Developer/usr/lib -F /Users/aadityasingh/Library/Developer/Xcode/DerivedData/Chatlio-erkyzdeecsohoaggpwbjdvavzqfv/Build/Products/Debug-iphonesimulator -F /Applications/Xcode.app/Contents/Developer/Platforms/iPhoneSimulator.platform/Developer/Library/Frameworks -F /Applications/Xcode.app/Contents/Developer/Platforms/iPhoneSimulator.platform/Developer/SDKs/iPhoneSimulator26.4.sdk/Developer/Library/Frameworks -c -j12 -enable-batch-mode -incremental -Xcc -ivfsstatcache -Xcc /Users/aadityasingh/Library/Developer/Xcode/DerivedData/SDKStatCaches.noindex/iphonesimulator26.4-23E252-686eebb5dc1d8ecb277353a59184f4aa.sdkstatcache -output-file-map /Users/aadityasingh/Library/Developer/Xcode/DerivedData/Chatlio-erkyzdeecsohoaggpwbjdvavzqfv/Build/Intermediates.noindex/SwiftState.build/Debug-iphonesimulator/SwiftState.build/Objects-normal/x86_64/SwiftState-OutputFileMap.json -use-frontend-parseable-output -save-temps -no-color-diagnostics -explicit-module-build -module-cache-path /Users/aadityasingh/Library/Developer/Xcode/DerivedData/Chatlio-erkyzdeecsohoaggpwbjdvavzqfv/Build/Intermediates.noindex/SwiftExplicitPrecompiledModules -clang-scanner-module-cache-path /Users/aadityasingh/Library/Developer/Xcode/DerivedData/ModuleCache.noindex -sdk-module-cache-path /Users/aadityasingh/Library/Developer/Xcode/DerivedData/ModuleCache.noindex -serialize-diagnostics -emit-dependencies -emit-module -emit-module-path /Users/aadityasingh/Library/Developer/Xcode/DerivedData/Chatlio-erkyzdeecsohoaggpwbjdvavzqfv/Build/Intermediates.noindex/SwiftState.build/Debug-iphonesimulator/SwiftState.build/Objects-normal/x86_64/SwiftState.swiftmodule -validate-clang-modules-once -clang-build-session-file /Users/aadityasingh/Library/Developer/Xcode/DerivedData/ModuleCache.noindex/Session.modulevalidation -Xcc -I/Users/aadityasingh/Library/Developer/Xcode/DerivedData/Chatlio-erkyzdeecsohoaggpwbjdvavzqfv/Build/Intermediates.noindex/SwiftState.build/Debug-iphonesimulator/SwiftState.build/swift-overrides.hmap -emit-const-values -Xfrontend -const-gather-protocols-file -Xfrontend /Users/aadityasingh/Library/Developer/Xcode/DerivedData/Chatlio-erkyzdeecsohoaggpwbjdvavzqfv/Build/Intermediates.noindex/SwiftState.build/Debug-iphonesimulator/SwiftState.build/Objects-normal/x86_64/SwiftState_const_extract_protocols.json -Xcc -I/Users/aadityasingh/Library/Developer/Xcode/DerivedData/Chatlio-erkyzdeecsohoaggpwbjdvavzqfv/Build/Products/Debug-iphonesimulator/include -Xcc -I/Users/aadityasingh/Library/Developer/Xcode/DerivedData/Chatlio-erkyzdeecsohoaggpwbjdvavzqfv/Build/Intermediates.noindex/SwiftState.build/Debug-iphonesimulator/SwiftState.build/DerivedSources-normal/x86_64 -Xcc -I/Users/aadityasingh/Library/Developer/Xcode/DerivedData/Chatlio-erkyzdeecsohoaggpwbjdvavzqfv/Build/Intermediates.noindex/SwiftState.build/Debug-iphonesimulator/SwiftState.build/DerivedSources/x86_64 -Xcc -I/Users/aadityasingh/Library/Developer/Xcode/DerivedData/Chatlio-erkyzdeecsohoaggpwbjdvavzqfv/Build/Intermediates.noindex/SwiftState.build/Debug-iphonesimulator/SwiftState.build/DerivedSources -Xcc -DSWIFT_PACKAGE -Xcc -DDEBUG\=1 -emit-objc-header -emit-objc-header-path /Users/aadityasingh/Library/Developer/Xcode/DerivedData/Chatlio-erkyzdeecsohoaggpwbjdvavzqfv/Build/Intermediates.noindex/SwiftState.build/Debug-iphonesimulator/SwiftState.build/Objects-normal/x86_64/SwiftState-Swift.h -working-directory /Users/aadityasingh/Documents/Development/element-x-ios/Chatlio.xcodeproj -experimental-emit-module-separately -disable-cmo

SwiftCompile normal arm64 Compiling\ SentryReplayView.swift /Users/aadityasingh/Library/Developer/Xcode/DerivedData/Chatlio-erkyzdeecsohoaggpwbjdvavzqfv/SourcePackages/checkouts/sentry-cocoa/Sources/SentrySwiftUI/SentryReplayView.swift (in target 'SentrySwiftUI' from project 'Sentry')

SwiftCompile normal arm64 /Users/aadityasingh/Library/Developer/Xcode/DerivedData/Chatlio-erkyzdeecsohoaggpwbjdvavzqfv/SourcePackages/checkouts/sentry-cocoa/Sources/SentrySwiftUI/SentryReplayView.swift (in target 'SentrySwiftUI' from project 'Sentry')
    cd /Users/aadityasingh/Documents/Development/element-x-ios/Chatlio.xcodeproj
    

SwiftCompile normal x86_64 Compiling\ SentryTraceOrigin.swift /Users/aadityasingh/Library/Developer/Xcode/DerivedData/Chatlio-erkyzdeecsohoaggpwbjdvavzqfv/SourcePackages/checkouts/sentry-cocoa/Sources/SentrySwiftUI/SentryTraceOrigin.swift (in target 'SentrySwiftUI' from project 'Sentry')

SwiftCompile normal x86_64 /Users/aadityasingh/Library/Developer/Xcode/DerivedData/Chatlio-erkyzdeecsohoaggpwbjdvavzqfv/SourcePackages/checkouts/sentry-cocoa/Sources/SentrySwiftUI/SentryTraceOrigin.swift (in target 'SentrySwiftUI' from project 'Sentry')
    cd /Users/aadityasingh/Documents/Development/element-x-ios/Chatlio.xcodeproj
    

SwiftDriverJobDiscovery normal arm64 Compiling Toggle.swift, ToggleWithButtonStyle.swift, ToggleWithCheckboxStyle.swift, ToggleWithSwitchStyle.swift, VideoPlayer.swift (in target 'SwiftUIIntrospect' from project 'swiftui-introspect')

SwiftDriver\ Compilation SwiftUIIntrospect normal arm64 com.apple.xcode.tools.swift.compiler (in target 'SwiftUIIntrospect' from project 'swiftui-introspect')
    cd /Users/aadityasingh/Documents/Development/element-x-ios/Chatlio.xcodeproj
    builtin-Swift-Compilation -- /Applications/Xcode.app/Contents/Developer/Toolchains/XcodeDefault.xctoolchain/usr/bin/swiftc -module-name SwiftUIIntrospect -Onone @/Users/aadityasingh/Library/Developer/Xcode/DerivedData/Chatlio-erkyzdeecsohoaggpwbjdvavzqfv/Build/Intermediates.noindex/swiftui-introspect.build/Debug-iphonesimulator/SwiftUIIntrospect.build/Objects-normal/arm64/SwiftUIIntrospect.SwiftFileList -DSWIFT_PACKAGE -DDEBUG -DSWIFT_MODULE_RESOURCE_BUNDLE_UNAVAILABLE -DXcode -enable-upcoming-feature ExistentialAny -enable-upcoming-feature InternalImportsByDefault -plugin-path /Applications/Xcode.app/Contents/Developer/Toolchains/XcodeDefault.xctoolchain/usr/lib/swift/host/plugins/testing -enable-experimental-feature DebugDescriptionMacro -sdk /Applications/Xcode.app/Contents/Developer/Platforms/iPhoneSimulator.platform/Developer/SDKs/iPhoneSimulator26.4.sdk -target arm64-apple-ios13.0-simulator -g -module-cache-path /Users/aadityasingh/Library/Developer/Xcode/DerivedData/ModuleCache.noindex -Xfrontend -serialize-debugging-options -profile-coverage-mapping -profile-generate -enable-testing -suppress-warnings -index-store-path /Users/aadityasingh/Library/Developer/Xcode/DerivedData/Chatlio-erkyzdeecsohoaggpwbjdvavzqfv/Index.noindex/DataStore -Xcc -D_LIBCPP_HARDENING_MODE\=_LIBCPP_HARDENING_MODE_DEBUG -swift-version 6 -I /Users/aadityasingh/Library/Developer/Xcode/DerivedData/Chatlio-erkyzdeecsohoaggpwbjdvavzqfv/Build/Products/Debug-iphonesimulator -Isystem /Applications/Xcode.app/Contents/Developer/Platforms/iPhoneSimulator.platform/Developer/usr/lib -F /Users/aadityasingh/Library/Developer/Xcode/DerivedData/Chatlio-erkyzdeecsohoaggpwbjdvavzqfv/Build/Products/Debug-iphonesimulator -F /Applications/Xcode.app/Contents/Developer/Platforms/iPhoneSimulator.platform/Developer/Library/Frameworks -F /Applications/Xcode.app/Contents/Developer/Platforms/iPhoneSimulator.platform/Developer/SDKs/iPhoneSimulator26.4.sdk/Developer/Library/Frameworks -c -j12 -enable-batch-mode -incremental -Xcc -ivfsstatcache -Xcc /Users/aadityasingh/Library/Developer/Xcode/DerivedData/SDKStatCaches.noindex/iphonesimulator26.4-23E252-686eebb5dc1d8ecb277353a59184f4aa.sdkstatcache -output-file-map /Users/aadityasingh/Library/Developer/Xcode/DerivedData/Chatlio-erkyzdeecsohoaggpwbjdvavzqfv/Build/Intermediates.noindex/swiftui-introspect.build/Debug-iphonesimulator/SwiftUIIntrospect.build/Objects-normal/arm64/SwiftUIIntrospect-OutputFileMap.json -use-frontend-parseable-output -save-temps -no-color-diagnostics -explicit-module-build -module-cache-path /Users/aadityasingh/Library/Developer/Xcode/DerivedData/Chatlio-erkyzdeecsohoaggpwbjdvavzqfv/Build/Intermediates.noindex/SwiftExplicitPrecompiledModules -clang-scanner-module-cache-path /Users/aadityasingh/Library/Developer/Xcode/DerivedData/ModuleCache.noindex -sdk-module-cache-path /Users/aadityasingh/Library/Developer/Xcode/DerivedData/ModuleCache.noindex -serialize-diagnostics -emit-dependencies -emit-module -emit-module-path /Users/aadityasingh/Library/Developer/Xcode/DerivedData/Chatlio-erkyzdeecsohoaggpwbjdvavzqfv/Build/Intermediates.noindex/swiftui-introspect.build/Debug-iphonesimulator/SwiftUIIntrospect.build/Objects-normal/arm64/SwiftUIIntrospect.swiftmodule -user-module-version 26.0.1 -validate-clang-modules-once -clang-build-session-file /Users/aadityasingh/Library/Developer/Xcode/DerivedData/ModuleCache.noindex/Session.modulevalidation -package-name swiftui_introspect -Xcc -I/Users/aadityasingh/Library/Developer/Xcode/DerivedData/Chatlio-erkyzdeecsohoaggpwbjdvavzqfv/Build/Intermediates.noindex/swiftui-introspect.build/Debug-iphonesimulator/SwiftUIIntrospect.build/swift-overrides.hmap -emit-const-values -Xfrontend -const-gather-protocols-file -Xfrontend /Users/aadityasingh/Library/Developer/Xcode/DerivedData/Chatlio-erkyzdeecsohoaggpwbjdvavzqfv/Build/Intermediates.noindex/swiftui-introspect.build/Debug-iphonesimulator/SwiftUIIntrospect.build/Objects-normal/arm64/SwiftUIIntrospect_const_extract_protocols.json -Xcc -I/Users/aadityasingh/Library/Developer/Xcode/DerivedData/Chatlio-erkyzdeecsohoaggpwbjdvavzqfv/Build/Products/Debug-iphonesimulator/include -Xcc -I/Users/aadityasingh/Library/Developer/Xcode/DerivedData/Chatlio-erkyzdeecsohoaggpwbjdvavzqfv/Build/Intermediates.noindex/swiftui-introspect.build/Debug-iphonesimulator/SwiftUIIntrospect.build/DerivedSources-normal/arm64 -Xcc -I/Users/aadityasingh/Library/Developer/Xcode/DerivedData/Chatlio-erkyzdeecsohoaggpwbjdvavzqfv/Build/Intermediates.noindex/swiftui-introspect.build/Debug-iphonesimulator/SwiftUIIntrospect.build/DerivedSources/arm64 -Xcc -I/Users/aadityasingh/Library/Developer/Xcode/DerivedData/Chatlio-erkyzdeecsohoaggpwbjdvavzqfv/Build/Intermediates.noindex/swiftui-introspect.build/Debug-iphonesimulator/SwiftUIIntrospect.build/DerivedSources -Xcc -DSWIFT_PACKAGE -Xcc -DDEBUG\=1 -emit-objc-header -emit-objc-header-path /Users/aadityasingh/Library/Developer/Xcode/DerivedData/Chatlio-erkyzdeecsohoaggpwbjdvavzqfv/Build/Intermediates.noindex/swiftui-introspect.build/Debug-iphonesimulator/SwiftUIIntrospect.build/Objects-normal/arm64/SwiftUIIntrospect-Swift.h -working-directory /Users/aadityasingh/Documents/Development/element-x-ios/Chatlio.xcodeproj -experimental-emit-module-separately -disable-cmo

SwiftDriverJobDiscovery normal x86_64 Compiling OGGConverter.swift (in target 'SwiftOGG' from project 'SwiftOGG')

SwiftCompile normal arm64 Compiling\ SentryTraceOrigin.swift /Users/aadityasingh/Library/Developer/Xcode/DerivedData/Chatlio-erkyzdeecsohoaggpwbjdvavzqfv/SourcePackages/checkouts/sentry-cocoa/Sources/SentrySwiftUI/SentryTraceOrigin.swift (in target 'SentrySwiftUI' from project 'Sentry')

SwiftCompile normal arm64 /Users/aadityasingh/Library/Developer/Xcode/DerivedData/Chatlio-erkyzdeecsohoaggpwbjdvavzqfv/SourcePackages/checkouts/sentry-cocoa/Sources/SentrySwiftUI/SentryTraceOrigin.swift (in target 'SentrySwiftUI' from project 'Sentry')
    cd /Users/aadityasingh/Documents/Development/element-x-ios/Chatlio.xcodeproj
    

SwiftDriverJobDiscovery normal x86_64 Compiling Map.swift, NavigationSplitView.swift, NavigationStack.swift, NavigationViewWithColumnsStyle.swift, NavigationViewWithStackStyle.swift (in target 'SwiftUIIntrospect' from project 'swiftui-introspect')

SwiftCompile normal arm64 Compiling\ SentryReplayMaskPreview.swift /Users/aadityasingh/Library/Developer/Xcode/DerivedData/Chatlio-erkyzdeecsohoaggpwbjdvavzqfv/SourcePackages/checkouts/sentry-cocoa/Sources/SentrySwiftUI/Preview/SentryReplayMaskPreview.swift (in target 'SentrySwiftUI' from project 'Sentry')

SwiftCompile normal arm64 /Users/aadityasingh/Library/Developer/Xcode/DerivedData/Chatlio-erkyzdeecsohoaggpwbjdvavzqfv/SourcePackages/checkouts/sentry-cocoa/Sources/SentrySwiftUI/Preview/SentryReplayMaskPreview.swift (in target 'SentrySwiftUI' from project 'Sentry')
    cd /Users/aadityasingh/Documents/Development/element-x-ios/Chatlio.xcodeproj
    

SwiftDriver\ Compilation SwiftUIIntrospect normal x86_64 com.apple.xcode.tools.swift.compiler (in target 'SwiftUIIntrospect' from project 'swiftui-introspect')
    cd /Users/aadityasingh/Documents/Development/element-x-ios/Chatlio.xcodeproj
    builtin-Swift-Compilation -- /Applications/Xcode.app/Contents/Developer/Toolchains/XcodeDefault.xctoolchain/usr/bin/swiftc -module-name SwiftUIIntrospect -Onone @/Users/aadityasingh/Library/Developer/Xcode/DerivedData/Chatlio-erkyzdeecsohoaggpwbjdvavzqfv/Build/Intermediates.noindex/swiftui-introspect.build/Debug-iphonesimulator/SwiftUIIntrospect.build/Objects-normal/x86_64/SwiftUIIntrospect.SwiftFileList -DSWIFT_PACKAGE -DDEBUG -DSWIFT_MODULE_RESOURCE_BUNDLE_UNAVAILABLE -DXcode -enable-upcoming-feature ExistentialAny -enable-upcoming-feature InternalImportsByDefault -plugin-path /Applications/Xcode.app/Contents/Developer/Toolchains/XcodeDefault.xctoolchain/usr/lib/swift/host/plugins/testing -enable-experimental-feature DebugDescriptionMacro -sdk /Applications/Xcode.app/Contents/Developer/Platforms/iPhoneSimulator.platform/Developer/SDKs/iPhoneSimulator26.4.sdk -target x86_64-apple-ios13.0-simulator -g -module-cache-path /Users/aadityasingh/Library/Developer/Xcode/DerivedData/ModuleCache.noindex -Xfrontend -serialize-debugging-options -profile-coverage-mapping -profile-generate -enable-testing -suppress-warnings -index-store-path /Users/aadityasingh/Library/Developer/Xcode/DerivedData/Chatlio-erkyzdeecsohoaggpwbjdvavzqfv/Index.noindex/DataStore -Xcc -D_LIBCPP_HARDENING_MODE\=_LIBCPP_HARDENING_MODE_DEBUG -swift-version 6 -I /Users/aadityasingh/Library/Developer/Xcode/DerivedData/Chatlio-erkyzdeecsohoaggpwbjdvavzqfv/Build/Products/Debug-iphonesimulator -Isystem /Applications/Xcode.app/Contents/Developer/Platforms/iPhoneSimulator.platform/Developer/usr/lib -F /Users/aadityasingh/Library/Developer/Xcode/DerivedData/Chatlio-erkyzdeecsohoaggpwbjdvavzqfv/Build/Products/Debug-iphonesimulator -F /Applications/Xcode.app/Contents/Developer/Platforms/iPhoneSimulator.platform/Developer/Library/Frameworks -F /Applications/Xcode.app/Contents/Developer/Platforms/iPhoneSimulator.platform/Developer/SDKs/iPhoneSimulator26.4.sdk/Developer/Library/Frameworks -c -j12 -enable-batch-mode -incremental -Xcc -ivfsstatcache -Xcc /Users/aadityasingh/Library/Developer/Xcode/DerivedData/SDKStatCaches.noindex/iphonesimulator26.4-23E252-686eebb5dc1d8ecb277353a59184f4aa.sdkstatcache -output-file-map /Users/aadityasingh/Library/Developer/Xcode/DerivedData/Chatlio-erkyzdeecsohoaggpwbjdvavzqfv/Build/Intermediates.noindex/swiftui-introspect.build/Debug-iphonesimulator/SwiftUIIntrospect.build/Objects-normal/x86_64/SwiftUIIntrospect-OutputFileMap.json -use-frontend-parseable-output -save-temps -no-color-diagnostics -explicit-module-build -module-cache-path /Users/aadityasingh/Library/Developer/Xcode/DerivedData/Chatlio-erkyzdeecsohoaggpwbjdvavzqfv/Build/Intermediates.noindex/SwiftExplicitPrecompiledModules -clang-scanner-module-cache-path /Users/aadityasingh/Library/Developer/Xcode/DerivedData/ModuleCache.noindex -sdk-module-cache-path /Users/aadityasingh/Library/Developer/Xcode/DerivedData/ModuleCache.noindex -serialize-diagnostics -emit-dependencies -emit-module -emit-module-path /Users/aadityasingh/Library/Developer/Xcode/DerivedData/Chatlio-erkyzdeecsohoaggpwbjdvavzqfv/Build/Intermediates.noindex/swiftui-introspect.build/Debug-iphonesimulator/SwiftUIIntrospect.build/Objects-normal/x86_64/SwiftUIIntrospect.swiftmodule -user-module-version 26.0.1 -validate-clang-modules-once -clang-build-session-file /Users/aadityasingh/Library/Developer/Xcode/DerivedData/ModuleCache.noindex/Session.modulevalidation -package-name swiftui_introspect -Xcc -I/Users/aadityasingh/Library/Developer/Xcode/DerivedData/Chatlio-erkyzdeecsohoaggpwbjdvavzqfv/Build/Intermediates.noindex/swiftui-introspect.build/Debug-iphonesimulator/SwiftUIIntrospect.build/swift-overrides.hmap -emit-const-values -Xfrontend -const-gather-protocols-file -Xfrontend /Users/aadityasingh/Library/Developer/Xcode/DerivedData/Chatlio-erkyzdeecsohoaggpwbjdvavzqfv/Build/Intermediates.noindex/swiftui-introspect.build/Debug-iphonesimulator/SwiftUIIntrospect.build/Objects-normal/x86_64/SwiftUIIntrospect_const_extract_protocols.json -Xcc -I/Users/aadityasingh/Library/Developer/Xcode/DerivedData/Chatlio-erkyzdeecsohoaggpwbjdvavzqfv/Build/Products/Debug-iphonesimulator/include -Xcc -I/Users/aadityasingh/Library/Developer/Xcode/DerivedData/Chatlio-erkyzdeecsohoaggpwbjdvavzqfv/Build/Intermediates.noindex/swiftui-introspect.build/Debug-iphonesimulator/SwiftUIIntrospect.build/DerivedSources-normal/x86_64 -Xcc -I/Users/aadityasingh/Library/Developer/Xcode/DerivedData/Chatlio-erkyzdeecsohoaggpwbjdvavzqfv/Build/Intermediates.noindex/swiftui-introspect.build/Debug-iphonesimulator/SwiftUIIntrospect.build/DerivedSources/x86_64 -Xcc -I/Users/aadityasingh/Library/Developer/Xcode/DerivedData/Chatlio-erkyzdeecsohoaggpwbjdvavzqfv/Build/Intermediates.noindex/swiftui-introspect.build/Debug-iphonesimulator/SwiftUIIntrospect.build/DerivedSources -Xcc -DSWIFT_PACKAGE -Xcc -DDEBUG\=1 -emit-objc-header -emit-objc-header-path /Users/aadityasingh/Library/Developer/Xcode/DerivedData/Chatlio-erkyzdeecsohoaggpwbjdvavzqfv/Build/Intermediates.noindex/swiftui-introspect.build/Debug-iphonesimulator/SwiftUIIntrospect.build/Objects-normal/x86_64/SwiftUIIntrospect-Swift.h -working-directory /Users/aadityasingh/Documents/Development/element-x-ios/Chatlio.xcodeproj -experimental-emit-module-separately -disable-cmo

SwiftDriverJobDiscovery normal arm64 Compiling OGGConverter.swift (in target 'SwiftOGG' from project 'SwiftOGG')

SwiftCompile normal arm64 Compiling\ SentryReplayMaskPreviewUIView.swift /Users/aadityasingh/Library/Developer/Xcode/DerivedData/Chatlio-erkyzdeecsohoaggpwbjdvavzqfv/SourcePackages/checkouts/sentry-cocoa/Sources/SentrySwiftUI/Preview/SentryReplayMaskPreviewUIView.swift (in target 'SentrySwiftUI' from project 'Sentry')

SwiftCompile normal arm64 /Users/aadityasingh/Library/Developer/Xcode/DerivedData/Chatlio-erkyzdeecsohoaggpwbjdvavzqfv/SourcePackages/checkouts/sentry-cocoa/Sources/SentrySwiftUI/Preview/SentryReplayMaskPreviewUIView.swift (in target 'SentrySwiftUI' from project 'Sentry')
    cd /Users/aadityasingh/Documents/Development/element-x-ios/Chatlio.xcodeproj
    

SwiftCompile normal arm64 Compiling\ PreviewRedactOptions.swift /Users/aadityasingh/Library/Developer/Xcode/DerivedData/Chatlio-erkyzdeecsohoaggpwbjdvavzqfv/SourcePackages/checkouts/sentry-cocoa/Sources/SentrySwiftUI/Preview/PreviewRedactOptions.swift (in target 'SentrySwiftUI' from project 'Sentry')

SwiftCompile normal arm64 /Users/aadityasingh/Library/Developer/Xcode/DerivedData/Chatlio-erkyzdeecsohoaggpwbjdvavzqfv/SourcePackages/checkouts/sentry-cocoa/Sources/SentrySwiftUI/Preview/PreviewRedactOptions.swift (in target 'SentrySwiftUI' from project 'Sentry')
    cd /Users/aadityasingh/Documents/Development/element-x-ios/Chatlio.xcodeproj
    

SwiftDriverJobDiscovery normal x86_64 Compiling SentryTraceOrigin.swift (in target 'SentrySwiftUI' from project 'Sentry')

SwiftCompile normal x86_64 Compiling\ PreviewRedactOptions.swift /Users/aadityasingh/Library/Developer/Xcode/DerivedData/Chatlio-erkyzdeecsohoaggpwbjdvavzqfv/SourcePackages/checkouts/sentry-cocoa/Sources/SentrySwiftUI/Preview/PreviewRedactOptions.swift (in target 'SentrySwiftUI' from project 'Sentry')

SwiftCompile normal x86_64 /Users/aadityasingh/Library/Developer/Xcode/DerivedData/Chatlio-erkyzdeecsohoaggpwbjdvavzqfv/SourcePackages/checkouts/sentry-cocoa/Sources/SentrySwiftUI/Preview/PreviewRedactOptions.swift (in target 'SentrySwiftUI' from project 'Sentry')
    cd /Users/aadityasingh/Documents/Development/element-x-ios/Chatlio.xcodeproj
    

SwiftDriverJobDiscovery normal arm64 Compiling SentryTraceOrigin.swift (in target 'SentrySwiftUI' from project 'Sentry')

SwiftCompile normal x86_64 Compiling\ SentryReplayMaskPreviewUIView.swift /Users/aadityasingh/Library/Developer/Xcode/DerivedData/Chatlio-erkyzdeecsohoaggpwbjdvavzqfv/SourcePackages/checkouts/sentry-cocoa/Sources/SentrySwiftUI/Preview/SentryReplayMaskPreviewUIView.swift (in target 'SentrySwiftUI' from project 'Sentry')

SwiftCompile normal x86_64 /Users/aadityasingh/Library/Developer/Xcode/DerivedData/Chatlio-erkyzdeecsohoaggpwbjdvavzqfv/SourcePackages/checkouts/sentry-cocoa/Sources/SentrySwiftUI/Preview/SentryReplayMaskPreviewUIView.swift (in target 'SentrySwiftUI' from project 'Sentry')
    cd /Users/aadityasingh/Documents/Development/element-x-ios/Chatlio.xcodeproj
    

SwiftDriverJobDiscovery normal arm64 Compiling OpusError.swift (in target 'SwiftOGG' from project 'SwiftOGG')

SwiftCompile normal x86_64 Compiling\ SentryTracedView.swift /Users/aadityasingh/Library/Developer/Xcode/DerivedData/Chatlio-erkyzdeecsohoaggpwbjdvavzqfv/SourcePackages/checkouts/sentry-cocoa/Sources/SentrySwiftUI/SentryTracedView.swift (in target 'SentrySwiftUI' from project 'Sentry')

SwiftCompile normal x86_64 /Users/aadityasingh/Library/Developer/Xcode/DerivedData/Chatlio-erkyzdeecsohoaggpwbjdvavzqfv/SourcePackages/checkouts/sentry-cocoa/Sources/SentrySwiftUI/SentryTracedView.swift (in target 'SentrySwiftUI' from project 'Sentry')
    cd /Users/aadityasingh/Documents/Development/element-x-ios/Chatlio.xcodeproj
    

SwiftDriverJobDiscovery normal x86_64 Compiling OpusError.swift (in target 'SwiftOGG' from project 'SwiftOGG')

SwiftCompile normal x86_64 Compiling\ SentrySpanOperation.swift /Users/aadityasingh/Library/Developer/Xcode/DerivedData/Chatlio-erkyzdeecsohoaggpwbjdvavzqfv/SourcePackages/checkouts/sentry-cocoa/Sources/SentrySwiftUI/SentrySpanOperation.swift (in target 'SentrySwiftUI' from project 'Sentry')

SwiftCompile normal x86_64 /Users/aadityasingh/Library/Developer/Xcode/DerivedData/Chatlio-erkyzdeecsohoaggpwbjdvavzqfv/SourcePackages/checkouts/sentry-cocoa/Sources/SentrySwiftUI/SentrySpanOperation.swift (in target 'SentrySwiftUI' from project 'Sentry')
    cd /Users/aadityasingh/Documents/Development/element-x-ios/Chatlio.xcodeproj
    

SwiftDriverJobDiscovery normal arm64 Compiling PreviewRedactOptions.swift (in target 'SentrySwiftUI' from project 'Sentry')

SwiftCompile normal x86_64 Compiling\ SentryReplayMaskPreview.swift /Users/aadityasingh/Library/Developer/Xcode/DerivedData/Chatlio-erkyzdeecsohoaggpwbjdvavzqfv/SourcePackages/checkouts/sentry-cocoa/Sources/SentrySwiftUI/Preview/SentryReplayMaskPreview.swift (in target 'SentrySwiftUI' from project 'Sentry')

SwiftCompile normal x86_64 /Users/aadityasingh/Library/Developer/Xcode/DerivedData/Chatlio-erkyzdeecsohoaggpwbjdvavzqfv/SourcePackages/checkouts/sentry-cocoa/Sources/SentrySwiftUI/Preview/SentryReplayMaskPreview.swift (in target 'SentrySwiftUI' from project 'Sentry')
    cd /Users/aadityasingh/Documents/Development/element-x-ios/Chatlio.xcodeproj
    

SwiftDriverJobDiscovery normal arm64 Compiling SentryReplayView.swift (in target 'SentrySwiftUI' from project 'Sentry')

SwiftCompile normal arm64 Compiling\ SentrySpanOperation.swift /Users/aadityasingh/Library/Developer/Xcode/DerivedData/Chatlio-erkyzdeecsohoaggpwbjdvavzqfv/SourcePackages/checkouts/sentry-cocoa/Sources/SentrySwiftUI/SentrySpanOperation.swift (in target 'SentrySwiftUI' from project 'Sentry')

SwiftCompile normal arm64 /Users/aadityasingh/Library/Developer/Xcode/DerivedData/Chatlio-erkyzdeecsohoaggpwbjdvavzqfv/SourcePackages/checkouts/sentry-cocoa/Sources/SentrySwiftUI/SentrySpanOperation.swift (in target 'SentrySwiftUI' from project 'Sentry')
    cd /Users/aadityasingh/Documents/Development/element-x-ios/Chatlio.xcodeproj
    

SwiftDriverJobDiscovery normal x86_64 Compiling PreviewRedactOptions.swift (in target 'SentrySwiftUI' from project 'Sentry')

SwiftCompile normal x86_64 Compiling\ SentryReplayView.swift /Users/aadityasingh/Library/Developer/Xcode/DerivedData/Chatlio-erkyzdeecsohoaggpwbjdvavzqfv/SourcePackages/checkouts/sentry-cocoa/Sources/SentrySwiftUI/SentryReplayView.swift (in target 'SentrySwiftUI' from project 'Sentry')

SwiftCompile normal x86_64 /Users/aadityasingh/Library/Developer/Xcode/DerivedData/Chatlio-erkyzdeecsohoaggpwbjdvavzqfv/SourcePackages/checkouts/sentry-cocoa/Sources/SentrySwiftUI/SentryReplayView.swift (in target 'SentrySwiftUI' from project 'Sentry')
    cd /Users/aadityasingh/Documents/Development/element-x-ios/Chatlio.xcodeproj
    

SwiftDriverJobDiscovery normal arm64 Compiling SentryTracedView.swift (in target 'SentrySwiftUI' from project 'Sentry')

SwiftDriverJobDiscovery normal x86_64 Compiling SentrySpanOperation.swift (in target 'SentrySwiftUI' from project 'Sentry')

SwiftDriver\ Compilation SentryCppHelper normal x86_64 com.apple.xcode.tools.swift.compiler (in target 'SentryCppHelper' from project 'Sentry')
    cd /Users/aadityasingh/Documents/Development/element-x-ios/Chatlio.xcodeproj
    builtin-Swift-Compilation -- /Applications/Xcode.app/Contents/Developer/Toolchains/XcodeDefault.xctoolchain/usr/bin/swiftc -module-name SentryCppHelper -Onone @/Users/aadityasingh/Library/Developer/Xcode/DerivedData/Chatlio-erkyzdeecsohoaggpwbjdvavzqfv/Build/Intermediates.noindex/Sentry.build/Debug-iphonesimulator/SentryCppHelper.build/Objects-normal/x86_64/SentryCppHelper.SwiftFileList -DSWIFT_PACKAGE -DDEBUG -DSWIFT_MODULE_RESOURCE_BUNDLE_UNAVAILABLE -DXcode -plugin-path /Applications/Xcode.app/Contents/Developer/Toolchains/XcodeDefault.xctoolchain/usr/lib/swift/host/plugins/testing -enable-experimental-feature DebugDescriptionMacro -sdk /Applications/Xcode.app/Contents/Developer/Platforms/iPhoneSimulator.platform/Developer/SDKs/iPhoneSimulator26.4.sdk -target x86_64-apple-ios15.0-simulator -g -module-cache-path /Users/aadityasingh/Library/Developer/Xcode/DerivedData/ModuleCache.noindex -Xfrontend -serialize-debugging-options -profile-coverage-mapping -profile-generate -enable-testing -suppress-warnings -index-store-path /Users/aadityasingh/Library/Developer/Xcode/DerivedData/Chatlio-erkyzdeecsohoaggpwbjdvavzqfv/Index.noindex/DataStore -Xcc -D_LIBCPP_HARDENING_MODE\=_LIBCPP_HARDENING_MODE_DEBUG -swift-version 5 -I /Users/aadityasingh/Library/Developer/Xcode/DerivedData/Chatlio-erkyzdeecsohoaggpwbjdvavzqfv/Build/Products/Debug-iphonesimulator -Isystem /Applications/Xcode.app/Contents/Developer/Platforms/iPhoneSimulator.platform/Developer/usr/lib -F /Users/aadityasingh/Library/Developer/Xcode/DerivedData/Chatlio-erkyzdeecsohoaggpwbjdvavzqfv/Build/Products/Debug-iphonesimulator -F /Applications/Xcode.app/Contents/Developer/Platforms/iPhoneSimulator.platform/Developer/Library/Frameworks -F /Applications/Xcode.app/Contents/Developer/Platforms/iPhoneSimulator.platform/Developer/SDKs/iPhoneSimulator26.4.sdk/Developer/Library/Frameworks -parse-as-library -c -j12 -enable-batch-mode -incremental -Xcc -ivfsstatcache -Xcc /Users/aadityasingh/Library/Developer/Xcode/DerivedData/SDKStatCaches.noindex/iphonesimulator26.4-23E252-686eebb5dc1d8ecb277353a59184f4aa.sdkstatcache -output-file-map /Users/aadityasingh/Library/Developer/Xcode/DerivedData/Chatlio-erkyzdeecsohoaggpwbjdvavzqfv/Build/Intermediates.noindex/Sentry.build/Debug-iphonesimulator/SentryCppHelper.build/Objects-normal/x86_64/SentryCppHelper-OutputFileMap.json -use-frontend-parseable-output -save-temps -no-color-diagnostics -explicit-module-build -module-cache-path /Users/aadityasingh/Library/Developer/Xcode/DerivedData/Chatlio-erkyzdeecsohoaggpwbjdvavzqfv/Build/Intermediates.noindex/SwiftExplicitPrecompiledModules -clang-scanner-module-cache-path /Users/aadityasingh/Library/Developer/Xcode/DerivedData/ModuleCache.noindex -sdk-module-cache-path /Users/aadityasingh/Library/Developer/Xcode/DerivedData/ModuleCache.noindex -serialize-diagnostics -emit-dependencies -emit-module -emit-module-path /Users/aadityasingh/Library/Developer/Xcode/DerivedData/Chatlio-erkyzdeecsohoaggpwbjdvavzqfv/Build/Intermediates.noindex/Sentry.build/Debug-iphonesimulator/SentryCppHelper.build/Objects-normal/x86_64/SentryCppHelper.swiftmodule -user-module-version 9.2.0 -validate-clang-modules-once -clang-build-session-file /Users/aadityasingh/Library/Developer/Xcode/DerivedData/ModuleCache.noindex/Session.modulevalidation -package-name sentry_cocoa -Xcc -I/Users/aadityasingh/Library/Developer/Xcode/DerivedData/Chatlio-erkyzdeecsohoaggpwbjdvavzqfv/Build/Intermediates.noindex/Sentry.build/Debug-iphonesimulator/SentryCppHelper.build/swift-overrides.hmap -emit-const-values -Xfrontend -const-gather-protocols-file -Xfrontend /Users/aadityasingh/Library/Developer/Xcode/DerivedData/Chatlio-erkyzdeecsohoaggpwbjdvavzqfv/Build/Intermediates.noindex/Sentry.build/Debug-iphonesimulator/SentryCppHelper.build/Objects-normal/x86_64/SentryCppHelper_const_extract_protocols.json -Xcc -I/Users/aadityasingh/Library/Developer/Xcode/DerivedData/Chatlio-erkyzdeecsohoaggpwbjdvavzqfv/Build/Products/Debug-iphonesimulator/include -Xcc -I/Users/aadityasingh/Library/Developer/Xcode/DerivedData/Chatlio-erkyzdeecsohoaggpwbjdvavzqfv/Build/Intermediates.noindex/Sentry.build/Debug-iphonesimulator/SentryCppHelper.build/DerivedSources-normal/x86_64 -Xcc -I/Users/aadityasingh/Library/Developer/Xcode/DerivedData/Chatlio-erkyzdeecsohoaggpwbjdvavzqfv/Build/Intermediates.noindex/Sentry.build/Debug-iphonesimulator/SentryCppHelper.build/DerivedSources/x86_64 -Xcc -I/Users/aadityasingh/Library/Developer/Xcode/DerivedData/Chatlio-erkyzdeecsohoaggpwbjdvavzqfv/Build/Intermediates.noindex/Sentry.build/Debug-iphonesimulator/SentryCppHelper.build/DerivedSources -Xcc -DSWIFT_PACKAGE -Xcc -DDEBUG\=1 -emit-objc-header -emit-objc-header-path /Users/aadityasingh/Library/Developer/Xcode/DerivedData/Chatlio-erkyzdeecsohoaggpwbjdvavzqfv/Build/Intermediates.noindex/Sentry.build/Debug-iphonesimulator/SentryCppHelper.build/Objects-normal/x86_64/SentryCppHelper-Swift.h -working-directory /Users/aadityasingh/Documents/Development/element-x-ios/Chatlio.xcodeproj -experimental-emit-module-separately -disable-cmo

Ld /Users/aadityasingh/Library/Developer/Xcode/DerivedData/Chatlio-erkyzdeecsohoaggpwbjdvavzqfv/Build/Intermediates.noindex/Sentry.build/Debug-iphonesimulator/SentryCppHelper.build/Objects-normal/x86_64/Binary/SentryCppHelper.o normal x86_64 (in target 'SentryCppHelper' from project 'Sentry')
    cd /Users/aadityasingh/Library/Developer/Xcode/DerivedData/Chatlio-erkyzdeecsohoaggpwbjdvavzqfv/SourcePackages/checkouts/sentry-cocoa
    /Applications/Xcode.app/Contents/Developer/Toolchains/XcodeDefault.xctoolchain/usr/bin/clang -Xlinker -reproducible -target x86_64-apple-ios15.0-simulator -r -isysroot /Applications/Xcode.app/Contents/Developer/Platforms/iPhoneSimulator.platform/Developer/SDKs/iPhoneSimulator26.4.sdk -O0 -w -F/Users/aadityasingh/Library/Developer/Xcode/DerivedData/Chatlio-erkyzdeecsohoaggpwbjdvavzqfv/Build/Intermediates.noindex/EagerLinkingTBDs/Debug-iphonesimulator -F/Users/aadityasingh/Library/Developer/Xcode/DerivedData/Chatlio-erkyzdeecsohoaggpwbjdvavzqfv/Build/Products/Debug-iphonesimulator -iframework /Applications/Xcode.app/Contents/Developer/Platforms/iPhoneSimulator.platform/Developer/Library/Frameworks -iframework /Applications/Xcode.app/Contents/Developer/Platforms/iPhoneSimulator.platform/Developer/SDKs/iPhoneSimulator26.4.sdk/Developer/Library/Frameworks -filelist /Users/aadityasingh/Library/Developer/Xcode/DerivedData/Chatlio-erkyzdeecsohoaggpwbjdvavzqfv/Build/Intermediates.noindex/Sentry.build/Debug-iphonesimulator/SentryCppHelper.build/Objects-normal/x86_64/SentryCppHelper.LinkFileList -nostdlib -Xlinker -object_path_lto -Xlinker /Users/aadityasingh/Library/Developer/Xcode/DerivedData/Chatlio-erkyzdeecsohoaggpwbjdvavzqfv/Build/Intermediates.noindex/Sentry.build/Debug-iphonesimulator/SentryCppHelper.build/Objects-normal/x86_64/SentryCppHelper_lto.o -Xlinker -no_deduplicate -Xlinker -objc_abi_version -Xlinker 2 -Xlinker -debug_variant -Xlinker -dependency_info -Xlinker /Users/aadityasingh/Library/Developer/Xcode/DerivedData/Chatlio-erkyzdeecsohoaggpwbjdvavzqfv/Build/Intermediates.noindex/Sentry.build/Debug-iphonesimulator/SentryCppHelper.build/Objects-normal/x86_64/SentryCppHelper_dependency_info.dat -fobjc-link-runtime -L/Applications/Xcode.app/Contents/Developer/Toolchains/XcodeDefault.xctoolchain/usr/lib/swift/iphonesimulator -L/usr/lib/swift -Xlinker -add_ast_path -Xlinker /Users/aadityasingh/Library/Developer/Xcode/DerivedData/Chatlio-erkyzdeecsohoaggpwbjdvavzqfv/Build/Intermediates.noindex/Sentry.build/Debug-iphonesimulator/SentryCppHelper.build/Objects-normal/x86_64/SentryCppHelper.swiftmodule @/Users/aadityasingh/Library/Developer/Xcode/DerivedData/Chatlio-erkyzdeecsohoaggpwbjdvavzqfv/Build/Intermediates.noindex/Sentry.build/Debug-iphonesimulator/SentryCppHelper.build/Objects-normal/x86_64/SentryCppHelper-linker-args.resp -o /Users/aadityasingh/Library/Developer/Xcode/DerivedData/Chatlio-erkyzdeecsohoaggpwbjdvavzqfv/Build/Intermediates.noindex/Sentry.build/Debug-iphonesimulator/SentryCppHelper.build/Objects-normal/x86_64/Binary/SentryCppHelper.o

SwiftDriverJobDiscovery normal arm64 Compiling SentryReplayMaskPreview.swift (in target 'SentrySwiftUI' from project 'Sentry')

SwiftDriver\ Compilation SentryCppHelper normal arm64 com.apple.xcode.tools.swift.compiler (in target 'SentryCppHelper' from project 'Sentry')
    cd /Users/aadityasingh/Documents/Development/element-x-ios/Chatlio.xcodeproj
    builtin-Swift-Compilation -- /Applications/Xcode.app/Contents/Developer/Toolchains/XcodeDefault.xctoolchain/usr/bin/swiftc -module-name SentryCppHelper -Onone @/Users/aadityasingh/Library/Developer/Xcode/DerivedData/Chatlio-erkyzdeecsohoaggpwbjdvavzqfv/Build/Intermediates.noindex/Sentry.build/Debug-iphonesimulator/SentryCppHelper.build/Objects-normal/arm64/SentryCppHelper.SwiftFileList -DSWIFT_PACKAGE -DDEBUG -DSWIFT_MODULE_RESOURCE_BUNDLE_UNAVAILABLE -DXcode -plugin-path /Applications/Xcode.app/Contents/Developer/Toolchains/XcodeDefault.xctoolchain/usr/lib/swift/host/plugins/testing -enable-experimental-feature DebugDescriptionMacro -sdk /Applications/Xcode.app/Contents/Developer/Platforms/iPhoneSimulator.platform/Developer/SDKs/iPhoneSimulator26.4.sdk -target arm64-apple-ios15.0-simulator -g -module-cache-path /Users/aadityasingh/Library/Developer/Xcode/DerivedData/ModuleCache.noindex -Xfrontend -serialize-debugging-options -profile-coverage-mapping -profile-generate -enable-testing -suppress-warnings -index-store-path /Users/aadityasingh/Library/Developer/Xcode/DerivedData/Chatlio-erkyzdeecsohoaggpwbjdvavzqfv/Index.noindex/DataStore -Xcc -D_LIBCPP_HARDENING_MODE\=_LIBCPP_HARDENING_MODE_DEBUG -swift-version 5 -I /Users/aadityasingh/Library/Developer/Xcode/DerivedData/Chatlio-erkyzdeecsohoaggpwbjdvavzqfv/Build/Products/Debug-iphonesimulator -Isystem /Applications/Xcode.app/Contents/Developer/Platforms/iPhoneSimulator.platform/Developer/usr/lib -F /Users/aadityasingh/Library/Developer/Xcode/DerivedData/Chatlio-erkyzdeecsohoaggpwbjdvavzqfv/Build/Products/Debug-iphonesimulator -F /Applications/Xcode.app/Contents/Developer/Platforms/iPhoneSimulator.platform/Developer/Library/Frameworks -F /Applications/Xcode.app/Contents/Developer/Platforms/iPhoneSimulator.platform/Developer/SDKs/iPhoneSimulator26.4.sdk/Developer/Library/Frameworks -parse-as-library -c -j12 -enable-batch-mode -incremental -Xcc -ivfsstatcache -Xcc /Users/aadityasingh/Library/Developer/Xcode/DerivedData/SDKStatCaches.noindex/iphonesimulator26.4-23E252-686eebb5dc1d8ecb277353a59184f4aa.sdkstatcache -output-file-map /Users/aadityasingh/Library/Developer/Xcode/DerivedData/Chatlio-erkyzdeecsohoaggpwbjdvavzqfv/Build/Intermediates.noindex/Sentry.build/Debug-iphonesimulator/SentryCppHelper.build/Objects-normal/arm64/SentryCppHelper-OutputFileMap.json -use-frontend-parseable-output -save-temps -no-color-diagnostics -explicit-module-build -module-cache-path /Users/aadityasingh/Library/Developer/Xcode/DerivedData/Chatlio-erkyzdeecsohoaggpwbjdvavzqfv/Build/Intermediates.noindex/SwiftExplicitPrecompiledModules -clang-scanner-module-cache-path /Users/aadityasingh/Library/Developer/Xcode/DerivedData/ModuleCache.noindex -sdk-module-cache-path /Users/aadityasingh/Library/Developer/Xcode/DerivedData/ModuleCache.noindex -serialize-diagnostics -emit-dependencies -emit-module -emit-module-path /Users/aadityasingh/Library/Developer/Xcode/DerivedData/Chatlio-erkyzdeecsohoaggpwbjdvavzqfv/Build/Intermediates.noindex/Sentry.build/Debug-iphonesimulator/SentryCppHelper.build/Objects-normal/arm64/SentryCppHelper.swiftmodule -user-module-version 9.2.0 -validate-clang-modules-once -clang-build-session-file /Users/aadityasingh/Library/Developer/Xcode/DerivedData/ModuleCache.noindex/Session.modulevalidation -package-name sentry_cocoa -Xcc -I/Users/aadityasingh/Library/Developer/Xcode/DerivedData/Chatlio-erkyzdeecsohoaggpwbjdvavzqfv/Build/Intermediates.noindex/Sentry.build/Debug-iphonesimulator/SentryCppHelper.build/swift-overrides.hmap -emit-const-values -Xfrontend -const-gather-protocols-file -Xfrontend /Users/aadityasingh/Library/Developer/Xcode/DerivedData/Chatlio-erkyzdeecsohoaggpwbjdvavzqfv/Build/Intermediates.noindex/Sentry.build/Debug-iphonesimulator/SentryCppHelper.build/Objects-normal/arm64/SentryCppHelper_const_extract_protocols.json -Xcc -I/Users/aadityasingh/Library/Developer/Xcode/DerivedData/Chatlio-erkyzdeecsohoaggpwbjdvavzqfv/Build/Products/Debug-iphonesimulator/include -Xcc -I/Users/aadityasingh/Library/Developer/Xcode/DerivedData/Chatlio-erkyzdeecsohoaggpwbjdvavzqfv/Build/Intermediates.noindex/Sentry.build/Debug-iphonesimulator/SentryCppHelper.build/DerivedSources-normal/arm64 -Xcc -I/Users/aadityasingh/Library/Developer/Xcode/DerivedData/Chatlio-erkyzdeecsohoaggpwbjdvavzqfv/Build/Intermediates.noindex/Sentry.build/Debug-iphonesimulator/SentryCppHelper.build/DerivedSources/arm64 -Xcc -I/Users/aadityasingh/Library/Developer/Xcode/DerivedData/Chatlio-erkyzdeecsohoaggpwbjdvavzqfv/Build/Intermediates.noindex/Sentry.build/Debug-iphonesimulator/SentryCppHelper.build/DerivedSources -Xcc -DSWIFT_PACKAGE -Xcc -DDEBUG\=1 -emit-objc-header -emit-objc-header-path /Users/aadityasingh/Library/Developer/Xcode/DerivedData/Chatlio-erkyzdeecsohoaggpwbjdvavzqfv/Build/Intermediates.noindex/Sentry.build/Debug-iphonesimulator/SentryCppHelper.build/Objects-normal/arm64/SentryCppHelper-Swift.h -working-directory /Users/aadityasingh/Documents/Development/element-x-ios/Chatlio.xcodeproj -experimental-emit-module-separately -disable-cmo

Ld /Users/aadityasingh/Library/Developer/Xcode/DerivedData/Chatlio-erkyzdeecsohoaggpwbjdvavzqfv/Build/Intermediates.noindex/Sentry.build/Debug-iphonesimulator/SentryCppHelper.build/Objects-normal/arm64/Binary/SentryCppHelper.o normal arm64 (in target 'SentryCppHelper' from project 'Sentry')
    cd /Users/aadityasingh/Library/Developer/Xcode/DerivedData/Chatlio-erkyzdeecsohoaggpwbjdvavzqfv/SourcePackages/checkouts/sentry-cocoa
    /Applications/Xcode.app/Contents/Developer/Toolchains/XcodeDefault.xctoolchain/usr/bin/clang -Xlinker -reproducible -target arm64-apple-ios15.0-simulator -r -isysroot /Applications/Xcode.app/Contents/Developer/Platforms/iPhoneSimulator.platform/Developer/SDKs/iPhoneSimulator26.4.sdk -O0 -w -F/Users/aadityasingh/Library/Developer/Xcode/DerivedData/Chatlio-erkyzdeecsohoaggpwbjdvavzqfv/Build/Intermediates.noindex/EagerLinkingTBDs/Debug-iphonesimulator -F/Users/aadityasingh/Library/Developer/Xcode/DerivedData/Chatlio-erkyzdeecsohoaggpwbjdvavzqfv/Build/Products/Debug-iphonesimulator -iframework /Applications/Xcode.app/Contents/Developer/Platforms/iPhoneSimulator.platform/Developer/Library/Frameworks -iframework /Applications/Xcode.app/Contents/Developer/Platforms/iPhoneSimulator.platform/Developer/SDKs/iPhoneSimulator26.4.sdk/Developer/Library/Frameworks -filelist /Users/aadityasingh/Library/Developer/Xcode/DerivedData/Chatlio-erkyzdeecsohoaggpwbjdvavzqfv/Build/Intermediates.noindex/Sentry.build/Debug-iphonesimulator/SentryCppHelper.build/Objects-normal/arm64/SentryCppHelper.LinkFileList -nostdlib -Xlinker -object_path_lto -Xlinker /Users/aadityasingh/Library/Developer/Xcode/DerivedData/Chatlio-erkyzdeecsohoaggpwbjdvavzqfv/Build/Intermediates.noindex/Sentry.build/Debug-iphonesimulator/SentryCppHelper.build/Objects-normal/arm64/SentryCppHelper_lto.o -Xlinker -no_deduplicate -Xlinker -objc_abi_version -Xlinker 2 -Xlinker -debug_variant -Xlinker -dependency_info -Xlinker /Users/aadityasingh/Library/Developer/Xcode/DerivedData/Chatlio-erkyzdeecsohoaggpwbjdvavzqfv/Build/Intermediates.noindex/Sentry.build/Debug-iphonesimulator/SentryCppHelper.build/Objects-normal/arm64/SentryCppHelper_dependency_info.dat -fobjc-link-runtime -L/Applications/Xcode.app/Contents/Developer/Toolchains/XcodeDefault.xctoolchain/usr/lib/swift/iphonesimulator -L/usr/lib/swift -Xlinker -add_ast_path -Xlinker /Users/aadityasingh/Library/Developer/Xcode/DerivedData/Chatlio-erkyzdeecsohoaggpwbjdvavzqfv/Build/Intermediates.noindex/Sentry.build/Debug-iphonesimulator/SentryCppHelper.build/Objects-normal/arm64/SentryCppHelper.swiftmodule @/Users/aadityasingh/Library/Developer/Xcode/DerivedData/Chatlio-erkyzdeecsohoaggpwbjdvavzqfv/Build/Intermediates.noindex/Sentry.build/Debug-iphonesimulator/SentryCppHelper.build/Objects-normal/arm64/SentryCppHelper-linker-args.resp -o /Users/aadityasingh/Library/Developer/Xcode/DerivedData/Chatlio-erkyzdeecsohoaggpwbjdvavzqfv/Build/Intermediates.noindex/Sentry.build/Debug-iphonesimulator/SentryCppHelper.build/Objects-normal/arm64/Binary/SentryCppHelper.o

SwiftCompile normal arm64 Compiling\ Label+SFSymbol.swift,\ MenuBarExtra+SFSymbol.swift,\ Tab+SFSymbol.swift,\ UIApplicationShortcutIcon+SFSymbol.swift,\ UIImage+SFSymbol.swift /Users/aadityasingh/Library/Developer/Xcode/DerivedData/Chatlio-erkyzdeecsohoaggpwbjdvavzqfv/SourcePackages/checkouts/SFSafeSymbols/Sources/SFSafeSymbols/Initializers/SwiftUI/Label+SFSymbol.swift /Users/aadityasingh/Library/Developer/Xcode/DerivedData/Chatlio-erkyzdeecsohoaggpwbjdvavzqfv/SourcePackages/checkouts/SFSafeSymbols/Sources/SFSafeSymbols/Initializers/SwiftUI/MenuBarExtra+SFSymbol.swift /Users/aadityasingh/Library/Developer/Xcode/DerivedData/Chatlio-erkyzdeecsohoaggpwbjdvavzqfv/SourcePackages/checkouts/SFSafeSymbols/Sources/SFSafeSymbols/Initializers/SwiftUI/Tab+SFSymbol.swift /Users/aadityasingh/Library/Developer/Xcode/DerivedData/Chatlio-erkyzdeecsohoaggpwbjdvavzqfv/SourcePackages/checkouts/SFSafeSymbols/Sources/SFSafeSymbols/Initializers/UIKit/UIApplicationShortcutIcon+SFSymbol.swift /Users/aadityasingh/Library/Developer/Xcode/DerivedData/Chatlio-erkyzdeecsohoaggpwbjdvavzqfv/SourcePackages/checkouts/SFSafeSymbols/Sources/SFSafeSymbols/Initializers/UIKit/UIImage+SFSymbol.swift (in target 'SFSafeSymbols' from project 'SFSafeSymbols')

SwiftCompile normal arm64 /Users/aadityasingh/Library/Developer/Xcode/DerivedData/Chatlio-erkyzdeecsohoaggpwbjdvavzqfv/SourcePackages/checkouts/SFSafeSymbols/Sources/SFSafeSymbols/Initializers/SwiftUI/Label+SFSymbol.swift (in target 'SFSafeSymbols' from project 'SFSafeSymbols')
    cd /Users/aadityasingh/Documents/Development/element-x-ios/Chatlio.xcodeproj
    

SwiftCompile normal arm64 /Users/aadityasingh/Library/Developer/Xcode/DerivedData/Chatlio-erkyzdeecsohoaggpwbjdvavzqfv/SourcePackages/checkouts/SFSafeSymbols/Sources/SFSafeSymbols/Initializers/SwiftUI/MenuBarExtra+SFSymbol.swift (in target 'SFSafeSymbols' from project 'SFSafeSymbols')
    cd /Users/aadityasingh/Documents/Development/element-x-ios/Chatlio.xcodeproj
    

SwiftCompile normal arm64 /Users/aadityasingh/Library/Developer/Xcode/DerivedData/Chatlio-erkyzdeecsohoaggpwbjdvavzqfv/SourcePackages/checkouts/SFSafeSymbols/Sources/SFSafeSymbols/Initializers/SwiftUI/Tab+SFSymbol.swift (in target 'SFSafeSymbols' from project 'SFSafeSymbols')
    cd /Users/aadityasingh/Documents/Development/element-x-ios/Chatlio.xcodeproj
    

SwiftCompile normal arm64 /Users/aadityasingh/Library/Developer/Xcode/DerivedData/Chatlio-erkyzdeecsohoaggpwbjdvavzqfv/SourcePackages/checkouts/SFSafeSymbols/Sources/SFSafeSymbols/Initializers/UIKit/UIApplicationShortcutIcon+SFSymbol.swift (in target 'SFSafeSymbols' from project 'SFSafeSymbols')
    cd /Users/aadityasingh/Documents/Development/element-x-ios/Chatlio.xcodeproj
    

SwiftCompile normal arm64 /Users/aadityasingh/Library/Developer/Xcode/DerivedData/Chatlio-erkyzdeecsohoaggpwbjdvavzqfv/SourcePackages/checkouts/SFSafeSymbols/Sources/SFSafeSymbols/Initializers/UIKit/UIImage+SFSymbol.swift (in target 'SFSafeSymbols' from project 'SFSafeSymbols')
    cd /Users/aadityasingh/Documents/Development/element-x-ios/Chatlio.xcodeproj
    

SwiftCompile normal arm64 Compiling\ SFSymbol+4.1.swift,\ SFSymbol+4.2.swift,\ SFSymbol+5.0.swift,\ SFSymbol+5.1.swift,\ SFSymbol+5.2.swift /Users/aadityasingh/Library/Developer/Xcode/DerivedData/Chatlio-erkyzdeecsohoaggpwbjdvavzqfv/SourcePackages/checkouts/SFSafeSymbols/Sources/SFSafeSymbols/Symbols/SFSymbol+4.1.swift /Users/aadityasingh/Library/Developer/Xcode/DerivedData/Chatlio-erkyzdeecsohoaggpwbjdvavzqfv/SourcePackages/checkouts/SFSafeSymbols/Sources/SFSafeSymbols/Symbols/SFSymbol+4.2.swift /Users/aadityasingh/Library/Developer/Xcode/DerivedData/Chatlio-erkyzdeecsohoaggpwbjdvavzqfv/SourcePackages/checkouts/SFSafeSymbols/Sources/SFSafeSymbols/Symbols/SFSymbol+5.0.swift /Users/aadityasingh/Library/Developer/Xcode/DerivedData/Chatlio-erkyzdeecsohoaggpwbjdvavzqfv/SourcePackages/checkouts/SFSafeSymbols/Sources/SFSafeSymbols/Symbols/SFSymbol+5.1.swift /Users/aadityasingh/Library/Developer/Xcode/DerivedData/Chatlio-erkyzdeecsohoaggpwbjdvavzqfv/SourcePackages/checkouts/SFSafeSymbols/Sources/SFSafeSymbols/Symbols/SFSymbol+5.2.swift (in target 'SFSafeSymbols' from project 'SFSafeSymbols')
SwiftCompile normal arm64 /Users/aadityasingh/Library/Developer/Xcode/DerivedData/Chatlio-erkyzdeecsohoaggpwbjdvavzqfv/SourcePackages/checkouts/SFSafeSymbols/Sources/SFSafeSymbols/Symbols/SFSymbol+4.1.swift (in target 'SFSafeSymbols' from project 'SFSafeSymbols')
    cd /Users/aadityasingh/Documents/Development/element-x-ios/Chatlio.xcodeproj
    

SwiftCompile normal arm64 /Users/aadityasingh/Library/Developer/Xcode/DerivedData/Chatlio-erkyzdeecsohoaggpwbjdvavzqfv/SourcePackages/checkouts/SFSafeSymbols/Sources/SFSafeSymbols/Symbols/SFSymbol+4.2.swift (in target 'SFSafeSymbols' from project 'SFSafeSymbols')
    cd /Users/aadityasingh/Documents/Development/element-x-ios/Chatlio.xcodeproj
    

SwiftCompile normal arm64 /Users/aadityasingh/Library/Developer/Xcode/DerivedData/Chatlio-erkyzdeecsohoaggpwbjdvavzqfv/SourcePackages/checkouts/SFSafeSymbols/Sources/SFSafeSymbols/Symbols/SFSymbol+5.0.swift (in target 'SFSafeSymbols' from project 'SFSafeSymbols')
    cd /Users/aadityasingh/Documents/Development/element-x-ios/Chatlio.xcodeproj
    

SwiftCompile normal arm64 /Users/aadityasingh/Library/Developer/Xcode/DerivedData/Chatlio-erkyzdeecsohoaggpwbjdvavzqfv/SourcePackages/checkouts/SFSafeSymbols/Sources/SFSafeSymbols/Symbols/SFSymbol+5.1.swift (in target 'SFSafeSymbols' from project 'SFSafeSymbols')
    cd /Users/aadityasingh/Documents/Development/element-x-ios/Chatlio.xcodeproj
    

SwiftCompile normal arm64 /Users/aadityasingh/Library/Developer/Xcode/DerivedData/Chatlio-erkyzdeecsohoaggpwbjdvavzqfv/SourcePackages/checkouts/SFSafeSymbols/Sources/SFSafeSymbols/Symbols/SFSymbol+5.2.swift (in target 'SFSafeSymbols' from project 'SFSafeSymbols')
    cd /Users/aadityasingh/Documents/Development/element-x-ios/Chatlio.xcodeproj
    

SwiftDriverJobDiscovery normal arm64 Compiling SentryReplayMaskPreviewUIView.swift (in target 'SentrySwiftUI' from project 'Sentry')

SwiftCompile normal arm64 Compiling\ DisplayRepresentationImage+SFSymbol.swift,\ NSImage+SFSymbol.swift,\ Button+SFSymbol.swift,\ ContentUnavailableView+SFSymbol.swift,\ Image+SFSymbol.swift /Users/aadityasingh/Library/Developer/Xcode/DerivedData/Chatlio-erkyzdeecsohoaggpwbjdvavzqfv/SourcePackages/checkouts/SFSafeSymbols/Sources/SFSafeSymbols/Initializers/AppIntents/DisplayRepresentationImage+SFSymbol.swift /Users/aadityasingh/Library/Developer/Xcode/DerivedData/Chatlio-erkyzdeecsohoaggpwbjdvavzqfv/SourcePackages/checkouts/SFSafeSymbols/Sources/SFSafeSymbols/Initializers/AppKit/NSImage+SFSymbol.swift /Users/aadityasingh/Library/Developer/Xcode/DerivedData/Chatlio-erkyzdeecsohoaggpwbjdvavzqfv/SourcePackages/checkouts/SFSafeSymbols/Sources/SFSafeSymbols/Initializers/SwiftUI/Button+SFSymbol.swift /Users/aadityasingh/Library/Developer/Xcode/DerivedData/Chatlio-erkyzdeecsohoaggpwbjdvavzqfv/SourcePackages/checkouts/SFSafeSymbols/Sources/SFSafeSymbols/Initializers/SwiftUI/ContentUnavailableView+SFSymbol.swift /Users/aadityasingh/Library/Developer/Xcode/DerivedData/Chatlio-erkyzdeecsohoaggpwbjdvavzqfv/SourcePackages/checkouts/SFSafeSymbols/Sources/SFSafeSymbols/Initializers/SwiftUI/Image+SFSymbol.swift (in target 'SFSafeSymbols' from project 'SFSafeSymbols')

SwiftCompile normal arm64 /Users/aadityasingh/Library/Developer/Xcode/DerivedData/Chatlio-erkyzdeecsohoaggpwbjdvavzqfv/SourcePackages/checkouts/SFSafeSymbols/Sources/SFSafeSymbols/Initializers/AppIntents/DisplayRepresentationImage+SFSymbol.swift (in target 'SFSafeSymbols' from project 'SFSafeSymbols')
    cd /Users/aadityasingh/Documents/Development/element-x-ios/Chatlio.xcodeproj
    

SwiftCompile normal arm64 /Users/aadityasingh/Library/Developer/Xcode/DerivedData/Chatlio-erkyzdeecsohoaggpwbjdvavzqfv/SourcePackages/checkouts/SFSafeSymbols/Sources/SFSafeSymbols/Initializers/AppKit/NSImage+SFSymbol.swift (in target 'SFSafeSymbols' from project 'SFSafeSymbols')
    cd /Users/aadityasingh/Documents/Development/element-x-ios/Chatlio.xcodeproj
    

SwiftCompile normal arm64 /Users/aadityasingh/Library/Developer/Xcode/DerivedData/Chatlio-erkyzdeecsohoaggpwbjdvavzqfv/SourcePackages/checkouts/SFSafeSymbols/Sources/SFSafeSymbols/Initializers/SwiftUI/Button+SFSymbol.swift (in target 'SFSafeSymbols' from project 'SFSafeSymbols')
    cd /Users/aadityasingh/Documents/Development/element-x-ios/Chatlio.xcodeproj
    

SwiftCompile normal arm64 /Users/aadityasingh/Library/Developer/Xcode/DerivedData/Chatlio-erkyzdeecsohoaggpwbjdvavzqfv/SourcePackages/checkouts/SFSafeSymbols/Sources/SFSafeSymbols/Initializers/SwiftUI/ContentUnavailableView+SFSymbol.swift (in target 'SFSafeSymbols' from project 'SFSafeSymbols')
    cd /Users/aadityasingh/Documents/Development/element-x-ios/Chatlio.xcodeproj
    

SwiftCompile normal arm64 /Users/aadityasingh/Library/Developer/Xcode/DerivedData/Chatlio-erkyzdeecsohoaggpwbjdvavzqfv/SourcePackages/checkouts/SFSafeSymbols/Sources/SFSafeSymbols/Initializers/SwiftUI/Image+SFSymbol.swift (in target 'SFSafeSymbols' from project 'SFSafeSymbols')
    cd /Users/aadityasingh/Documents/Development/element-x-ios/Chatlio.xcodeproj
    

CreateUniversalBinary /Users/aadityasingh/Library/Developer/Xcode/DerivedData/Chatlio-erkyzdeecsohoaggpwbjdvavzqfv/Build/Products/Debug-iphonesimulator/SentryCppHelper.o normal arm64\ x86_64 (in target 'SentryCppHelper' from project 'Sentry')
    cd /Users/aadityasingh/Library/Developer/Xcode/DerivedData/Chatlio-erkyzdeecsohoaggpwbjdvavzqfv/SourcePackages/checkouts/sentry-cocoa
    /Applications/Xcode.app/Contents/Developer/Toolchains/XcodeDefault.xctoolchain/usr/bin/lipo -create /Users/aadityasingh/Library/Developer/Xcode/DerivedData/Chatlio-erkyzdeecsohoaggpwbjdvavzqfv/Build/Intermediates.noindex/Sentry.build/Debug-iphonesimulator/SentryCppHelper.build/Objects-normal/arm64/Binary/SentryCppHelper.o /Users/aadityasingh/Library/Developer/Xcode/DerivedData/Chatlio-erkyzdeecsohoaggpwbjdvavzqfv/Build/Intermediates.noindex/Sentry.build/Debug-iphonesimulator/SentryCppHelper.build/Objects-normal/x86_64/Binary/SentryCppHelper.o -output /Users/aadityasingh/Library/Developer/Xcode/DerivedData/Chatlio-erkyzdeecsohoaggpwbjdvavzqfv/Build/Products/Debug-iphonesimulator/SentryCppHelper.o

SwiftDriverJobDiscovery normal arm64 Compiling SentrySpanOperation.swift (in target 'SentrySwiftUI' from project 'Sentry')

SwiftDriver\ Compilation SentrySwiftUI normal arm64 com.apple.xcode.tools.swift.compiler (in target 'SentrySwiftUI' from project 'Sentry')
    cd /Users/aadityasingh/Documents/Development/element-x-ios/Chatlio.xcodeproj
    builtin-Swift-Compilation -- /Applications/Xcode.app/Contents/Developer/Toolchains/XcodeDefault.xctoolchain/usr/bin/swiftc -module-name SentrySwiftUI -Onone @/Users/aadityasingh/Library/Developer/Xcode/DerivedData/Chatlio-erkyzdeecsohoaggpwbjdvavzqfv/Build/Intermediates.noindex/Sentry.build/Debug-iphonesimulator/SentrySwiftUI.build/Objects-normal/arm64/SentrySwiftUI.SwiftFileList -DSWIFT_PACKAGE -DDEBUG -DSWIFT_MODULE_RESOURCE_BUNDLE_UNAVAILABLE -Xcc -fmodule-map-file\=/Users/aadityasingh/Library/Developer/Xcode/DerivedData/Chatlio-erkyzdeecsohoaggpwbjdvavzqfv/Build/Intermediates.noindex/GeneratedModuleMaps-iphonesimulator/SentryInternal.modulemap -DXcode -plugin-path /Applications/Xcode.app/Contents/Developer/Toolchains/XcodeDefault.xctoolchain/usr/lib/swift/host/plugins/testing -enable-experimental-feature DebugDescriptionMacro -sdk /Applications/Xcode.app/Contents/Developer/Platforms/iPhoneSimulator.platform/Developer/SDKs/iPhoneSimulator26.4.sdk -target arm64-apple-ios15.0-simulator -g -module-cache-path /Users/aadityasingh/Library/Developer/Xcode/DerivedData/ModuleCache.noindex -Xfrontend -serialize-debugging-options -profile-coverage-mapping -profile-generate -enable-testing -suppress-warnings -index-store-path /Users/aadityasingh/Library/Developer/Xcode/DerivedData/Chatlio-erkyzdeecsohoaggpwbjdvavzqfv/Index.noindex/DataStore -Xcc -D_LIBCPP_HARDENING_MODE\=_LIBCPP_HARDENING_MODE_DEBUG -swift-version 5 -I /Users/aadityasingh/Library/Developer/Xcode/DerivedData/Chatlio-erkyzdeecsohoaggpwbjdvavzqfv/Build/Products/Debug-iphonesimulator -Isystem /Applications/Xcode.app/Contents/Developer/Platforms/iPhoneSimulator.platform/Developer/usr/lib -F /Users/aadityasingh/Library/Developer/Xcode/DerivedData/Chatlio-erkyzdeecsohoaggpwbjdvavzqfv/Build/Products/Debug-iphonesimulator/PackageFrameworks -F /Users/aadityasingh/Library/Developer/Xcode/DerivedData/Chatlio-erkyzdeecsohoaggpwbjdvavzqfv/Build/Products/Debug-iphonesimulator -F /Applications/Xcode.app/Contents/Developer/Platforms/iPhoneSimulator.platform/Developer/Library/Frameworks -F /Applications/Xcode.app/Contents/Developer/Platforms/iPhoneSimulator.platform/Developer/SDKs/iPhoneSimulator26.4.sdk/Developer/Library/Frameworks -c -j12 -enable-batch-mode -incremental -Xcc -ivfsstatcache -Xcc /Users/aadityasingh/Library/Developer/Xcode/DerivedData/SDKStatCaches.noindex/iphonesimulator26.4-23E252-686eebb5dc1d8ecb277353a59184f4aa.sdkstatcache -output-file-map /Users/aadityasingh/Library/Developer/Xcode/DerivedData/Chatlio-erkyzdeecsohoaggpwbjdvavzqfv/Build/Intermediates.noindex/Sentry.build/Debug-iphonesimulator/SentrySwiftUI.build/Objects-normal/arm64/SentrySwiftUI-OutputFileMap.json -use-frontend-parseable-output -save-temps -no-color-diagnostics -explicit-module-build -module-cache-path /Users/aadityasingh/Library/Developer/Xcode/DerivedData/Chatlio-erkyzdeecsohoaggpwbjdvavzqfv/Build/Intermediates.noindex/SwiftExplicitPrecompiledModules -clang-scanner-module-cache-path /Users/aadityasingh/Library/Developer/Xcode/DerivedData/ModuleCache.noindex -sdk-module-cache-path /Users/aadityasingh/Library/Developer/Xcode/DerivedData/ModuleCache.noindex -serialize-diagnostics -emit-dependencies -emit-module -emit-module-path /Users/aadityasingh/Library/Developer/Xcode/DerivedData/Chatlio-erkyzdeecsohoaggpwbjdvavzqfv/Build/Intermediates.noindex/Sentry.build/Debug-iphonesimulator/SentrySwiftUI.build/Objects-normal/arm64/SentrySwiftUI.swiftmodule -user-module-version 9.2.0 -validate-clang-modules-once -clang-build-session-file /Users/aadityasingh/Library/Developer/Xcode/DerivedData/ModuleCache.noindex/Session.modulevalidation -package-name sentry_cocoa -Xcc -I/Users/aadityasingh/Library/Developer/Xcode/DerivedData/Chatlio-erkyzdeecsohoaggpwbjdvavzqfv/Build/Intermediates.noindex/Sentry.build/Debug-iphonesimulator/SentrySwiftUI.build/swift-overrides.hmap -emit-const-values -Xfrontend -const-gather-protocols-file -Xfrontend /Users/aadityasingh/Library/Developer/Xcode/DerivedData/Chatlio-erkyzdeecsohoaggpwbjdvavzqfv/Build/Intermediates.noindex/Sentry.build/Debug-iphonesimulator/SentrySwiftUI.build/Objects-normal/arm64/SentrySwiftUI_const_extract_protocols.json -Xcc -I/Users/aadityasingh/Library/Developer/Xcode/DerivedData/Chatlio-erkyzdeecsohoaggpwbjdvavzqfv/SourcePackages/checkouts/sentry-cocoa/Sources/SentrySwiftUI/SentryInternal -Xcc -I/Users/aadityasingh/Library/Developer/Xcode/DerivedData/Chatlio-erkyzdeecsohoaggpwbjdvavzqfv/Build/Products/Debug-iphonesimulator/include -Xcc -I/Users/aadityasingh/Library/Developer/Xcode/DerivedData/Chatlio-erkyzdeecsohoaggpwbjdvavzqfv/Build/Intermediates.noindex/Sentry.build/Debug-iphonesimulator/SentrySwiftUI.build/DerivedSources-normal/arm64 -Xcc -I/Users/aadityasingh/Library/Developer/Xcode/DerivedData/Chatlio-erkyzdeecsohoaggpwbjdvavzqfv/Build/Intermediates.noindex/Sentry.build/Debug-iphonesimulator/SentrySwiftUI.build/DerivedSources/arm64 -Xcc -I/Users/aadityasingh/Library/Developer/Xcode/DerivedData/Chatlio-erkyzdeecsohoaggpwbjdvavzqfv/Build/Intermediates.noindex/Sentry.build/Debug-iphonesimulator/SentrySwiftUI.build/DerivedSources -Xcc -DSWIFT_PACKAGE -Xcc -DDEBUG\=1 -emit-objc-header -emit-objc-header-path /Users/aadityasingh/Library/Developer/Xcode/DerivedData/Chatlio-erkyzdeecsohoaggpwbjdvavzqfv/Build/Intermediates.noindex/Sentry.build/Debug-iphonesimulator/SentrySwiftUI.build/Objects-normal/arm64/SentrySwiftUI-Swift.h -working-directory /Users/aadityasingh/Documents/Development/element-x-ios/Chatlio.xcodeproj -experimental-emit-module-separately -disable-cmo

SwiftCompile normal x86_64 Compiling\ SFSymbol+3.0.swift,\ SFSymbol+3.1.swift,\ SFSymbol+3.2.swift,\ SFSymbol+3.3.swift,\ SFSymbol+4.0.swift /Users/aadityasingh/Library/Developer/Xcode/DerivedData/Chatlio-erkyzdeecsohoaggpwbjdvavzqfv/SourcePackages/checkouts/SFSafeSymbols/Sources/SFSafeSymbols/Symbols/SFSymbol+3.0.swift /Users/aadityasingh/Library/Developer/Xcode/DerivedData/Chatlio-erkyzdeecsohoaggpwbjdvavzqfv/SourcePackages/checkouts/SFSafeSymbols/Sources/SFSafeSymbols/Symbols/SFSymbol+3.1.swift /Users/aadityasingh/Library/Developer/Xcode/DerivedData/Chatlio-erkyzdeecsohoaggpwbjdvavzqfv/SourcePackages/checkouts/SFSafeSymbols/Sources/SFSafeSymbols/Symbols/SFSymbol+3.2.swift /Users/aadityasingh/Library/Developer/Xcode/DerivedData/Chatlio-erkyzdeecsohoaggpwbjdvavzqfv/SourcePackages/checkouts/SFSafeSymbols/Sources/SFSafeSymbols/Symbols/SFSymbol+3.3.swift /Users/aadityasingh/Library/Developer/Xcode/DerivedData/Chatlio-erkyzdeecsohoaggpwbjdvavzqfv/SourcePackages/checkouts/SFSafeSymbols/Sources/SFSafeSymbols/Symbols/SFSymbol+4.0.swift (in target 'SFSafeSymbols' from project 'SFSafeSymbols')
SwiftCompile normal x86_64 /Users/aadityasingh/Library/Developer/Xcode/DerivedData/Chatlio-erkyzdeecsohoaggpwbjdvavzqfv/SourcePackages/checkouts/SFSafeSymbols/Sources/SFSafeSymbols/Symbols/SFSymbol+3.0.swift (in target 'SFSafeSymbols' from project 'SFSafeSymbols')
    cd /Users/aadityasingh/Documents/Development/element-x-ios/Chatlio.xcodeproj
    

SwiftCompile normal x86_64 /Users/aadityasingh/Library/Developer/Xcode/DerivedData/Chatlio-erkyzdeecsohoaggpwbjdvavzqfv/SourcePackages/checkouts/SFSafeSymbols/Sources/SFSafeSymbols/Symbols/SFSymbol+3.1.swift (in target 'SFSafeSymbols' from project 'SFSafeSymbols')
    cd /Users/aadityasingh/Documents/Development/element-x-ios/Chatlio.xcodeproj
    

SwiftCompile normal x86_64 /Users/aadityasingh/Library/Developer/Xcode/DerivedData/Chatlio-erkyzdeecsohoaggpwbjdvavzqfv/SourcePackages/checkouts/SFSafeSymbols/Sources/SFSafeSymbols/Symbols/SFSymbol+3.2.swift (in target 'SFSafeSymbols' from project 'SFSafeSymbols')
    cd /Users/aadityasingh/Documents/Development/element-x-ios/Chatlio.xcodeproj
    

SwiftCompile normal x86_64 /Users/aadityasingh/Library/Developer/Xcode/DerivedData/Chatlio-erkyzdeecsohoaggpwbjdvavzqfv/SourcePackages/checkouts/SFSafeSymbols/Sources/SFSafeSymbols/Symbols/SFSymbol+3.3.swift (in target 'SFSafeSymbols' from project 'SFSafeSymbols')
    cd /Users/aadityasingh/Documents/Development/element-x-ios/Chatlio.xcodeproj
    

SwiftCompile normal x86_64 /Users/aadityasingh/Library/Developer/Xcode/DerivedData/Chatlio-erkyzdeecsohoaggpwbjdvavzqfv/SourcePackages/checkouts/SFSafeSymbols/Sources/SFSafeSymbols/Symbols/SFSymbol+4.0.swift (in target 'SFSafeSymbols' from project 'SFSafeSymbols')
    cd /Users/aadityasingh/Documents/Development/element-x-ios/Chatlio.xcodeproj
    

SwiftCompile normal x86_64 Compiling\ SFSymbol+AllSymbols+7.0.swift,\ SFSymbol+AllSymbols.swift,\ SFSymbol.swift,\ SymbolLocalizations.swift,\ SymbolWithLocalizations.swift /Users/aadityasingh/Library/Developer/Xcode/DerivedData/Chatlio-erkyzdeecsohoaggpwbjdvavzqfv/SourcePackages/checkouts/SFSafeSymbols/Sources/SFSafeSymbols/Symbols/SFSymbol+AllSymbols+7.0.swift /Users/aadityasingh/Library/Developer/Xcode/DerivedData/Chatlio-erkyzdeecsohoaggpwbjdvavzqfv/SourcePackages/checkouts/SFSafeSymbols/Sources/SFSafeSymbols/Symbols/SFSymbol+AllSymbols.swift /Users/aadityasingh/Library/Developer/Xcode/DerivedData/Chatlio-erkyzdeecsohoaggpwbjdvavzqfv/SourcePackages/checkouts/SFSafeSymbols/Sources/SFSafeSymbols/Symbols/SFSymbol.swift /Users/aadityasingh/Library/Developer/Xcode/DerivedData/Chatlio-erkyzdeecsohoaggpwbjdvavzqfv/SourcePackages/checkouts/SFSafeSymbols/Sources/SFSafeSymbols/Symbols/SymbolLocalizations.swift /Users/aadityasingh/Library/Developer/Xcode/DerivedData/Chatlio-erkyzdeecsohoaggpwbjdvavzqfv/SourcePackages/checkouts/SFSafeSymbols/Sources/SFSafeSymbols/Symbols/SymbolWithLocalizations.swift (in target 'SFSafeSymbols' from project 'SFSafeSymbols')
SwiftCompile normal x86_64 /Users/aadityasingh/Library/Developer/Xcode/DerivedData/Chatlio-erkyzdeecsohoaggpwbjdvavzqfv/SourcePackages/checkouts/SFSafeSymbols/Sources/SFSafeSymbols/Symbols/SFSymbol+AllSymbols+7.0.swift (in target 'SFSafeSymbols' from project 'SFSafeSymbols')
    cd /Users/aadityasingh/Documents/Development/element-x-ios/Chatlio.xcodeproj
    

SwiftCompile normal x86_64 /Users/aadityasingh/Library/Developer/Xcode/DerivedData/Chatlio-erkyzdeecsohoaggpwbjdvavzqfv/SourcePackages/checkouts/SFSafeSymbols/Sources/SFSafeSymbols/Symbols/SFSymbol+AllSymbols.swift (in target 'SFSafeSymbols' from project 'SFSafeSymbols')
    cd /Users/aadityasingh/Documents/Development/element-x-ios/Chatlio.xcodeproj
    

SwiftCompile normal x86_64 /Users/aadityasingh/Library/Developer/Xcode/DerivedData/Chatlio-erkyzdeecsohoaggpwbjdvavzqfv/SourcePackages/checkouts/SFSafeSymbols/Sources/SFSafeSymbols/Symbols/SFSymbol.swift (in target 'SFSafeSymbols' from project 'SFSafeSymbols')
    cd /Users/aadityasingh/Documents/Development/element-x-ios/Chatlio.xcodeproj
    

SwiftCompile normal x86_64 /Users/aadityasingh/Library/Developer/Xcode/DerivedData/Chatlio-erkyzdeecsohoaggpwbjdvavzqfv/SourcePackages/checkouts/SFSafeSymbols/Sources/SFSafeSymbols/Symbols/SymbolLocalizations.swift (in target 'SFSafeSymbols' from project 'SFSafeSymbols')
    cd /Users/aadityasingh/Documents/Development/element-x-ios/Chatlio.xcodeproj
    

SwiftCompile normal x86_64 /Users/aadityasingh/Library/Developer/Xcode/DerivedData/Chatlio-erkyzdeecsohoaggpwbjdvavzqfv/SourcePackages/checkouts/SFSafeSymbols/Sources/SFSafeSymbols/Symbols/SymbolWithLocalizations.swift (in target 'SFSafeSymbols' from project 'SFSafeSymbols')
    cd /Users/aadityasingh/Documents/Development/element-x-ios/Chatlio.xcodeproj
    

SwiftDriverJobDiscovery normal arm64 Compiling OGGDecoder.swift (in target 'SwiftOGG' from project 'SwiftOGG')

SwiftCompile normal arm64 Compiling\ SFSymbol+1.0.swift,\ SFSymbol+1.1.swift,\ SFSymbol+2.0.swift,\ SFSymbol+2.1.swift,\ SFSymbol+2.2.swift /Users/aadityasingh/Library/Developer/Xcode/DerivedData/Chatlio-erkyzdeecsohoaggpwbjdvavzqfv/SourcePackages/checkouts/SFSafeSymbols/Sources/SFSafeSymbols/Symbols/SFSymbol+1.0.swift /Users/aadityasingh/Library/Developer/Xcode/DerivedData/Chatlio-erkyzdeecsohoaggpwbjdvavzqfv/SourcePackages/checkouts/SFSafeSymbols/Sources/SFSafeSymbols/Symbols/SFSymbol+1.1.swift /Users/aadityasingh/Library/Developer/Xcode/DerivedData/Chatlio-erkyzdeecsohoaggpwbjdvavzqfv/SourcePackages/checkouts/SFSafeSymbols/Sources/SFSafeSymbols/Symbols/SFSymbol+2.0.swift /Users/aadityasingh/Library/Developer/Xcode/DerivedData/Chatlio-erkyzdeecsohoaggpwbjdvavzqfv/SourcePackages/checkouts/SFSafeSymbols/Sources/SFSafeSymbols/Symbols/SFSymbol+2.1.swift /Users/aadityasingh/Library/Developer/Xcode/DerivedData/Chatlio-erkyzdeecsohoaggpwbjdvavzqfv/SourcePackages/checkouts/SFSafeSymbols/Sources/SFSafeSymbols/Symbols/SFSymbol+2.2.swift (in target 'SFSafeSymbols' from project 'SFSafeSymbols')
SwiftCompile normal arm64 /Users/aadityasingh/Library/Developer/Xcode/DerivedData/Chatlio-erkyzdeecsohoaggpwbjdvavzqfv/SourcePackages/checkouts/SFSafeSymbols/Sources/SFSafeSymbols/Symbols/SFSymbol+1.0.swift (in target 'SFSafeSymbols' from project 'SFSafeSymbols')
    cd /Users/aadityasingh/Documents/Development/element-x-ios/Chatlio.xcodeproj
    

SwiftCompile normal arm64 /Users/aadityasingh/Library/Developer/Xcode/DerivedData/Chatlio-erkyzdeecsohoaggpwbjdvavzqfv/SourcePackages/checkouts/SFSafeSymbols/Sources/SFSafeSymbols/Symbols/SFSymbol+1.1.swift (in target 'SFSafeSymbols' from project 'SFSafeSymbols')
    cd /Users/aadityasingh/Documents/Development/element-x-ios/Chatlio.xcodeproj
    

SwiftCompile normal arm64 /Users/aadityasingh/Library/Developer/Xcode/DerivedData/Chatlio-erkyzdeecsohoaggpwbjdvavzqfv/SourcePackages/checkouts/SFSafeSymbols/Sources/SFSafeSymbols/Symbols/SFSymbol+2.0.swift (in target 'SFSafeSymbols' from project 'SFSafeSymbols')
    cd /Users/aadityasingh/Documents/Development/element-x-ios/Chatlio.xcodeproj
    

SwiftCompile normal arm64 /Users/aadityasingh/Library/Developer/Xcode/DerivedData/Chatlio-erkyzdeecsohoaggpwbjdvavzqfv/SourcePackages/checkouts/SFSafeSymbols/Sources/SFSafeSymbols/Symbols/SFSymbol+2.1.swift (in target 'SFSafeSymbols' from project 'SFSafeSymbols')
    cd /Users/aadityasingh/Documents/Development/element-x-ios/Chatlio.xcodeproj
    

SwiftCompile normal arm64 /Users/aadityasingh/Library/Developer/Xcode/DerivedData/Chatlio-erkyzdeecsohoaggpwbjdvavzqfv/SourcePackages/checkouts/SFSafeSymbols/Sources/SFSafeSymbols/Symbols/SFSymbol+2.2.swift (in target 'SFSafeSymbols' from project 'SFSafeSymbols')
    cd /Users/aadityasingh/Documents/Development/element-x-ios/Chatlio.xcodeproj
    

SwiftDriverJobDiscovery normal x86_64 Compiling SentryReplayMaskPreviewUIView.swift (in target 'SentrySwiftUI' from project 'Sentry')

SwiftCompile normal x86_64 Compiling\ DisplayRepresentationImage+SFSymbol.swift,\ NSImage+SFSymbol.swift,\ Button+SFSymbol.swift,\ ContentUnavailableView+SFSymbol.swift,\ Image+SFSymbol.swift /Users/aadityasingh/Library/Developer/Xcode/DerivedData/Chatlio-erkyzdeecsohoaggpwbjdvavzqfv/SourcePackages/checkouts/SFSafeSymbols/Sources/SFSafeSymbols/Initializers/AppIntents/DisplayRepresentationImage+SFSymbol.swift /Users/aadityasingh/Library/Developer/Xcode/DerivedData/Chatlio-erkyzdeecsohoaggpwbjdvavzqfv/SourcePackages/checkouts/SFSafeSymbols/Sources/SFSafeSymbols/Initializers/AppKit/NSImage+SFSymbol.swift /Users/aadityasingh/Library/Developer/Xcode/DerivedData/Chatlio-erkyzdeecsohoaggpwbjdvavzqfv/SourcePackages/checkouts/SFSafeSymbols/Sources/SFSafeSymbols/Initializers/SwiftUI/Button+SFSymbol.swift /Users/aadityasingh/Library/Developer/Xcode/DerivedData/Chatlio-erkyzdeecsohoaggpwbjdvavzqfv/SourcePackages/checkouts/SFSafeSymbols/Sources/SFSafeSymbols/Initializers/SwiftUI/ContentUnavailableView+SFSymbol.swift /Users/aadityasingh/Library/Developer/Xcode/DerivedData/Chatlio-erkyzdeecsohoaggpwbjdvavzqfv/SourcePackages/checkouts/SFSafeSymbols/Sources/SFSafeSymbols/Initializers/SwiftUI/Image+SFSymbol.swift (in target 'SFSafeSymbols' from project 'SFSafeSymbols')

SwiftCompile normal x86_64 /Users/aadityasingh/Library/Developer/Xcode/DerivedData/Chatlio-erkyzdeecsohoaggpwbjdvavzqfv/SourcePackages/checkouts/SFSafeSymbols/Sources/SFSafeSymbols/Initializers/AppIntents/DisplayRepresentationImage+SFSymbol.swift (in target 'SFSafeSymbols' from project 'SFSafeSymbols')
    cd /Users/aadityasingh/Documents/Development/element-x-ios/Chatlio.xcodeproj
    

SwiftCompile normal x86_64 /Users/aadityasingh/Library/Developer/Xcode/DerivedData/Chatlio-erkyzdeecsohoaggpwbjdvavzqfv/SourcePackages/checkouts/SFSafeSymbols/Sources/SFSafeSymbols/Initializers/AppKit/NSImage+SFSymbol.swift (in target 'SFSafeSymbols' from project 'SFSafeSymbols')
    cd /Users/aadityasingh/Documents/Development/element-x-ios/Chatlio.xcodeproj
    

SwiftCompile normal x86_64 /Users/aadityasingh/Library/Developer/Xcode/DerivedData/Chatlio-erkyzdeecsohoaggpwbjdvavzqfv/SourcePackages/checkouts/SFSafeSymbols/Sources/SFSafeSymbols/Initializers/SwiftUI/Button+SFSymbol.swift (in target 'SFSafeSymbols' from project 'SFSafeSymbols')
    cd /Users/aadityasingh/Documents/Development/element-x-ios/Chatlio.xcodeproj
    

SwiftCompile normal x86_64 /Users/aadityasingh/Library/Developer/Xcode/DerivedData/Chatlio-erkyzdeecsohoaggpwbjdvavzqfv/SourcePackages/checkouts/SFSafeSymbols/Sources/SFSafeSymbols/Initializers/SwiftUI/ContentUnavailableView+SFSymbol.swift (in target 'SFSafeSymbols' from project 'SFSafeSymbols')
    cd /Users/aadityasingh/Documents/Development/element-x-ios/Chatlio.xcodeproj
    

SwiftCompile normal x86_64 /Users/aadityasingh/Library/Developer/Xcode/DerivedData/Chatlio-erkyzdeecsohoaggpwbjdvavzqfv/SourcePackages/checkouts/SFSafeSymbols/Sources/SFSafeSymbols/Initializers/SwiftUI/Image+SFSymbol.swift (in target 'SFSafeSymbols' from project 'SFSafeSymbols')
    cd /Users/aadityasingh/Documents/Development/element-x-ios/Chatlio.xcodeproj
    

SwiftDriverJobDiscovery normal x86_64 Compiling OGGDecoder.swift (in target 'SwiftOGG' from project 'SwiftOGG')

SwiftCompile normal arm64 Compiling\ SFSymbol+AllSymbols+7.0.swift,\ SFSymbol+AllSymbols.swift,\ SFSymbol.swift,\ SymbolLocalizations.swift,\ SymbolWithLocalizations.swift /Users/aadityasingh/Library/Developer/Xcode/DerivedData/Chatlio-erkyzdeecsohoaggpwbjdvavzqfv/SourcePackages/checkouts/SFSafeSymbols/Sources/SFSafeSymbols/Symbols/SFSymbol+AllSymbols+7.0.swift /Users/aadityasingh/Library/Developer/Xcode/DerivedData/Chatlio-erkyzdeecsohoaggpwbjdvavzqfv/SourcePackages/checkouts/SFSafeSymbols/Sources/SFSafeSymbols/Symbols/SFSymbol+AllSymbols.swift /Users/aadityasingh/Library/Developer/Xcode/DerivedData/Chatlio-erkyzdeecsohoaggpwbjdvavzqfv/SourcePackages/checkouts/SFSafeSymbols/Sources/SFSafeSymbols/Symbols/SFSymbol.swift /Users/aadityasingh/Library/Developer/Xcode/DerivedData/Chatlio-erkyzdeecsohoaggpwbjdvavzqfv/SourcePackages/checkouts/SFSafeSymbols/Sources/SFSafeSymbols/Symbols/SymbolLocalizations.swift /Users/aadityasingh/Library/Developer/Xcode/DerivedData/Chatlio-erkyzdeecsohoaggpwbjdvavzqfv/SourcePackages/checkouts/SFSafeSymbols/Sources/SFSafeSymbols/Symbols/SymbolWithLocalizations.swift (in target 'SFSafeSymbols' from project 'SFSafeSymbols')

SwiftCompile normal arm64 /Users/aadityasingh/Library/Developer/Xcode/DerivedData/Chatlio-erkyzdeecsohoaggpwbjdvavzqfv/SourcePackages/checkouts/SFSafeSymbols/Sources/SFSafeSymbols/Symbols/SFSymbol+AllSymbols+7.0.swift (in target 'SFSafeSymbols' from project 'SFSafeSymbols')
    cd /Users/aadityasingh/Documents/Development/element-x-ios/Chatlio.xcodeproj
    

SwiftCompile normal arm64 /Users/aadityasingh/Library/Developer/Xcode/DerivedData/Chatlio-erkyzdeecsohoaggpwbjdvavzqfv/SourcePackages/checkouts/SFSafeSymbols/Sources/SFSafeSymbols/Symbols/SFSymbol+AllSymbols.swift (in target 'SFSafeSymbols' from project 'SFSafeSymbols')
    cd /Users/aadityasingh/Documents/Development/element-x-ios/Chatlio.xcodeproj
    

SwiftCompile normal arm64 /Users/aadityasingh/Library/Developer/Xcode/DerivedData/Chatlio-erkyzdeecsohoaggpwbjdvavzqfv/SourcePackages/checkouts/SFSafeSymbols/Sources/SFSafeSymbols/Symbols/SFSymbol.swift (in target 'SFSafeSymbols' from project 'SFSafeSymbols')
    cd /Users/aadityasingh/Documents/Development/element-x-ios/Chatlio.xcodeproj
    

SwiftCompile normal arm64 /Users/aadityasingh/Library/Developer/Xcode/DerivedData/Chatlio-erkyzdeecsohoaggpwbjdvavzqfv/SourcePackages/checkouts/SFSafeSymbols/Sources/SFSafeSymbols/Symbols/SymbolLocalizations.swift (in target 'SFSafeSymbols' from project 'SFSafeSymbols')
    cd /Users/aadityasingh/Documents/Development/element-x-ios/Chatlio.xcodeproj
    

SwiftCompile normal arm64 /Users/aadityasingh/Library/Developer/Xcode/DerivedData/Chatlio-erkyzdeecsohoaggpwbjdvavzqfv/SourcePackages/checkouts/SFSafeSymbols/Sources/SFSafeSymbols/Symbols/SymbolWithLocalizations.swift (in target 'SFSafeSymbols' from project 'SFSafeSymbols')
    cd /Users/aadityasingh/Documents/Development/element-x-ios/Chatlio.xcodeproj
    

SwiftDriverJobDiscovery normal x86_64 Compiling SentryReplayView.swift (in target 'SentrySwiftUI' from project 'Sentry')

SwiftCompile normal x86_64 Compiling\ SFSymbol+5.3.swift,\ SFSymbol+5.4.swift,\ SFSymbol+6.0.swift,\ SFSymbol+6.1.swift,\ SFSymbol+6.2.swift /Users/aadityasingh/Library/Developer/Xcode/DerivedData/Chatlio-erkyzdeecsohoaggpwbjdvavzqfv/SourcePackages/checkouts/SFSafeSymbols/Sources/SFSafeSymbols/Symbols/SFSymbol+5.3.swift /Users/aadityasingh/Library/Developer/Xcode/DerivedData/Chatlio-erkyzdeecsohoaggpwbjdvavzqfv/SourcePackages/checkouts/SFSafeSymbols/Sources/SFSafeSymbols/Symbols/SFSymbol+5.4.swift /Users/aadityasingh/Library/Developer/Xcode/DerivedData/Chatlio-erkyzdeecsohoaggpwbjdvavzqfv/SourcePackages/checkouts/SFSafeSymbols/Sources/SFSafeSymbols/Symbols/SFSymbol+6.0.swift /Users/aadityasingh/Library/Developer/Xcode/DerivedData/Chatlio-erkyzdeecsohoaggpwbjdvavzqfv/SourcePackages/checkouts/SFSafeSymbols/Sources/SFSafeSymbols/Symbols/SFSymbol+6.1.swift /Users/aadityasingh/Library/Developer/Xcode/DerivedData/Chatlio-erkyzdeecsohoaggpwbjdvavzqfv/SourcePackages/checkouts/SFSafeSymbols/Sources/SFSafeSymbols/Symbols/SFSymbol+6.2.swift (in target 'SFSafeSymbols' from project 'SFSafeSymbols')

SwiftCompile normal x86_64 /Users/aadityasingh/Library/Developer/Xcode/DerivedData/Chatlio-erkyzdeecsohoaggpwbjdvavzqfv/SourcePackages/checkouts/SFSafeSymbols/Sources/SFSafeSymbols/Symbols/SFSymbol+5.3.swift (in target 'SFSafeSymbols' from project 'SFSafeSymbols')
    cd /Users/aadityasingh/Documents/Development/element-x-ios/Chatlio.xcodeproj
    

SwiftCompile normal x86_64 /Users/aadityasingh/Library/Developer/Xcode/DerivedData/Chatlio-erkyzdeecsohoaggpwbjdvavzqfv/SourcePackages/checkouts/SFSafeSymbols/Sources/SFSafeSymbols/Symbols/SFSymbol+5.4.swift (in target 'SFSafeSymbols' from project 'SFSafeSymbols')
    cd /Users/aadityasingh/Documents/Development/element-x-ios/Chatlio.xcodeproj
    

SwiftCompile normal x86_64 /Users/aadityasingh/Library/Developer/Xcode/DerivedData/Chatlio-erkyzdeecsohoaggpwbjdvavzqfv/SourcePackages/checkouts/SFSafeSymbols/Sources/SFSafeSymbols/Symbols/SFSymbol+6.0.swift (in target 'SFSafeSymbols' from project 'SFSafeSymbols')
    cd /Users/aadityasingh/Documents/Development/element-x-ios/Chatlio.xcodeproj
    

SwiftCompile normal x86_64 /Users/aadityasingh/Library/Developer/Xcode/DerivedData/Chatlio-erkyzdeecsohoaggpwbjdvavzqfv/SourcePackages/checkouts/SFSafeSymbols/Sources/SFSafeSymbols/Symbols/SFSymbol+6.1.swift (in target 'SFSafeSymbols' from project 'SFSafeSymbols')
    cd /Users/aadityasingh/Documents/Development/element-x-ios/Chatlio.xcodeproj
    

SwiftCompile normal x86_64 /Users/aadityasingh/Library/Developer/Xcode/DerivedData/Chatlio-erkyzdeecsohoaggpwbjdvavzqfv/SourcePackages/checkouts/SFSafeSymbols/Sources/SFSafeSymbols/Symbols/SFSymbol+6.2.swift (in target 'SFSafeSymbols' from project 'SFSafeSymbols')
    cd /Users/aadityasingh/Documents/Development/element-x-ios/Chatlio.xcodeproj
    

SwiftDriverJobDiscovery normal x86_64 Compiling SentryReplayMaskPreview.swift (in target 'SentrySwiftUI' from project 'Sentry')

SwiftCompile normal x86_64 Compiling\ SFSymbol+4.1.swift,\ SFSymbol+4.2.swift,\ SFSymbol+5.0.swift,\ SFSymbol+5.1.swift,\ SFSymbol+5.2.swift /Users/aadityasingh/Library/Developer/Xcode/DerivedData/Chatlio-erkyzdeecsohoaggpwbjdvavzqfv/SourcePackages/checkouts/SFSafeSymbols/Sources/SFSafeSymbols/Symbols/SFSymbol+4.1.swift /Users/aadityasingh/Library/Developer/Xcode/DerivedData/Chatlio-erkyzdeecsohoaggpwbjdvavzqfv/SourcePackages/checkouts/SFSafeSymbols/Sources/SFSafeSymbols/Symbols/SFSymbol+4.2.swift /Users/aadityasingh/Library/Developer/Xcode/DerivedData/Chatlio-erkyzdeecsohoaggpwbjdvavzqfv/SourcePackages/checkouts/SFSafeSymbols/Sources/SFSafeSymbols/Symbols/SFSymbol+5.0.swift /Users/aadityasingh/Library/Developer/Xcode/DerivedData/Chatlio-erkyzdeecsohoaggpwbjdvavzqfv/SourcePackages/checkouts/SFSafeSymbols/Sources/SFSafeSymbols/Symbols/SFSymbol+5.1.swift /Users/aadityasingh/Library/Developer/Xcode/DerivedData/Chatlio-erkyzdeecsohoaggpwbjdvavzqfv/SourcePackages/checkouts/SFSafeSymbols/Sources/SFSafeSymbols/Symbols/SFSymbol+5.2.swift (in target 'SFSafeSymbols' from project 'SFSafeSymbols')

SwiftCompile normal x86_64 /Users/aadityasingh/Library/Developer/Xcode/DerivedData/Chatlio-erkyzdeecsohoaggpwbjdvavzqfv/SourcePackages/checkouts/SFSafeSymbols/Sources/SFSafeSymbols/Symbols/SFSymbol+4.1.swift (in target 'SFSafeSymbols' from project 'SFSafeSymbols')
    cd /Users/aadityasingh/Documents/Development/element-x-ios/Chatlio.xcodeproj
    

SwiftCompile normal x86_64 /Users/aadityasingh/Library/Developer/Xcode/DerivedData/Chatlio-erkyzdeecsohoaggpwbjdvavzqfv/SourcePackages/checkouts/SFSafeSymbols/Sources/SFSafeSymbols/Symbols/SFSymbol+4.2.swift (in target 'SFSafeSymbols' from project 'SFSafeSymbols')
    cd /Users/aadityasingh/Documents/Development/element-x-ios/Chatlio.xcodeproj
    

SwiftCompile normal x86_64 /Users/aadityasingh/Library/Developer/Xcode/DerivedData/Chatlio-erkyzdeecsohoaggpwbjdvavzqfv/SourcePackages/checkouts/SFSafeSymbols/Sources/SFSafeSymbols/Symbols/SFSymbol+5.0.swift (in target 'SFSafeSymbols' from project 'SFSafeSymbols')
    cd /Users/aadityasingh/Documents/Development/element-x-ios/Chatlio.xcodeproj
    

SwiftCompile normal x86_64 /Users/aadityasingh/Library/Developer/Xcode/DerivedData/Chatlio-erkyzdeecsohoaggpwbjdvavzqfv/SourcePackages/checkouts/SFSafeSymbols/Sources/SFSafeSymbols/Symbols/SFSymbol+5.1.swift (in target 'SFSafeSymbols' from project 'SFSafeSymbols')
    cd /Users/aadityasingh/Documents/Development/element-x-ios/Chatlio.xcodeproj
    

SwiftCompile normal x86_64 /Users/aadityasingh/Library/Developer/Xcode/DerivedData/Chatlio-erkyzdeecsohoaggpwbjdvavzqfv/SourcePackages/checkouts/SFSafeSymbols/Sources/SFSafeSymbols/Symbols/SFSymbol+5.2.swift (in target 'SFSafeSymbols' from project 'SFSafeSymbols')
    cd /Users/aadityasingh/Documents/Development/element-x-ios/Chatlio.xcodeproj
    

SwiftDriverJobDiscovery normal x86_64 Compiling SentryTracedView.swift (in target 'SentrySwiftUI' from project 'Sentry')

SwiftDriver\ Compilation SentrySwiftUI normal x86_64 com.apple.xcode.tools.swift.compiler (in target 'SentrySwiftUI' from project 'Sentry')
    cd /Users/aadityasingh/Documents/Development/element-x-ios/Chatlio.xcodeproj
    builtin-Swift-Compilation -- /Applications/Xcode.app/Contents/Developer/Toolchains/XcodeDefault.xctoolchain/usr/bin/swiftc -module-name SentrySwiftUI -Onone @/Users/aadityasingh/Library/Developer/Xcode/DerivedData/Chatlio-erkyzdeecsohoaggpwbjdvavzqfv/Build/Intermediates.noindex/Sentry.build/Debug-iphonesimulator/SentrySwiftUI.build/Objects-normal/x86_64/SentrySwiftUI.SwiftFileList -DSWIFT_PACKAGE -DDEBUG -DSWIFT_MODULE_RESOURCE_BUNDLE_UNAVAILABLE -Xcc -fmodule-map-file\=/Users/aadityasingh/Library/Developer/Xcode/DerivedData/Chatlio-erkyzdeecsohoaggpwbjdvavzqfv/Build/Intermediates.noindex/GeneratedModuleMaps-iphonesimulator/SentryInternal.modulemap -DXcode -plugin-path /Applications/Xcode.app/Contents/Developer/Toolchains/XcodeDefault.xctoolchain/usr/lib/swift/host/plugins/testing -enable-experimental-feature DebugDescriptionMacro -sdk /Applications/Xcode.app/Contents/Developer/Platforms/iPhoneSimulator.platform/Developer/SDKs/iPhoneSimulator26.4.sdk -target x86_64-apple-ios15.0-simulator -g -module-cache-path /Users/aadityasingh/Library/Developer/Xcode/DerivedData/ModuleCache.noindex -Xfrontend -serialize-debugging-options -profile-coverage-mapping -profile-generate -enable-testing -suppress-warnings -index-store-path /Users/aadityasingh/Library/Developer/Xcode/DerivedData/Chatlio-erkyzdeecsohoaggpwbjdvavzqfv/Index.noindex/DataStore -Xcc -D_LIBCPP_HARDENING_MODE\=_LIBCPP_HARDENING_MODE_DEBUG -swift-version 5 -I /Users/aadityasingh/Library/Developer/Xcode/DerivedData/Chatlio-erkyzdeecsohoaggpwbjdvavzqfv/Build/Products/Debug-iphonesimulator -Isystem /Applications/Xcode.app/Contents/Developer/Platforms/iPhoneSimulator.platform/Developer/usr/lib -F /Users/aadityasingh/Library/Developer/Xcode/DerivedData/Chatlio-erkyzdeecsohoaggpwbjdvavzqfv/Build/Products/Debug-iphonesimulator/PackageFrameworks -F /Users/aadityasingh/Library/Developer/Xcode/DerivedData/Chatlio-erkyzdeecsohoaggpwbjdvavzqfv/Build/Products/Debug-iphonesimulator -F /Applications/Xcode.app/Contents/Developer/Platforms/iPhoneSimulator.platform/Developer/Library/Frameworks -F /Applications/Xcode.app/Contents/Developer/Platforms/iPhoneSimulator.platform/Developer/SDKs/iPhoneSimulator26.4.sdk/Developer/Library/Frameworks -c -j12 -enable-batch-mode -incremental -Xcc -ivfsstatcache -Xcc /Users/aadityasingh/Library/Developer/Xcode/DerivedData/SDKStatCaches.noindex/iphonesimulator26.4-23E252-686eebb5dc1d8ecb277353a59184f4aa.sdkstatcache -output-file-map /Users/aadityasingh/Library/Developer/Xcode/DerivedData/Chatlio-erkyzdeecsohoaggpwbjdvavzqfv/Build/Intermediates.noindex/Sentry.build/Debug-iphonesimulator/SentrySwiftUI.build/Objects-normal/x86_64/SentrySwiftUI-OutputFileMap.json -use-frontend-parseable-output -save-temps -no-color-diagnostics -explicit-module-build -module-cache-path /Users/aadityasingh/Library/Developer/Xcode/DerivedData/Chatlio-erkyzdeecsohoaggpwbjdvavzqfv/Build/Intermediates.noindex/SwiftExplicitPrecompiledModules -clang-scanner-module-cache-path /Users/aadityasingh/Library/Developer/Xcode/DerivedData/ModuleCache.noindex -sdk-module-cache-path /Users/aadityasingh/Library/Developer/Xcode/DerivedData/ModuleCache.noindex -serialize-diagnostics -emit-dependencies -emit-module -emit-module-path /Users/aadityasingh/Library/Developer/Xcode/DerivedData/Chatlio-erkyzdeecsohoaggpwbjdvavzqfv/Build/Intermediates.noindex/Sentry.build/Debug-iphonesimulator/SentrySwiftUI.build/Objects-normal/x86_64/SentrySwiftUI.swiftmodule -user-module-version 9.2.0 -validate-clang-modules-once -clang-build-session-file /Users/aadityasingh/Library/Developer/Xcode/DerivedData/ModuleCache.noindex/Session.modulevalidation -package-name sentry_cocoa -Xcc -I/Users/aadityasingh/Library/Developer/Xcode/DerivedData/Chatlio-erkyzdeecsohoaggpwbjdvavzqfv/Build/Intermediates.noindex/Sentry.build/Debug-iphonesimulator/SentrySwiftUI.build/swift-overrides.hmap -emit-const-values -Xfrontend -const-gather-protocols-file -Xfrontend /Users/aadityasingh/Library/Developer/Xcode/DerivedData/Chatlio-erkyzdeecsohoaggpwbjdvavzqfv/Build/Intermediates.noindex/Sentry.build/Debug-iphonesimulator/SentrySwiftUI.build/Objects-normal/x86_64/SentrySwiftUI_const_extract_protocols.json -Xcc -I/Users/aadityasingh/Library/Developer/Xcode/DerivedData/Chatlio-erkyzdeecsohoaggpwbjdvavzqfv/SourcePackages/checkouts/sentry-cocoa/Sources/SentrySwiftUI/SentryInternal -Xcc -I/Users/aadityasingh/Library/Developer/Xcode/DerivedData/Chatlio-erkyzdeecsohoaggpwbjdvavzqfv/Build/Products/Debug-iphonesimulator/include -Xcc -I/Users/aadityasingh/Library/Developer/Xcode/DerivedData/Chatlio-erkyzdeecsohoaggpwbjdvavzqfv/Build/Intermediates.noindex/Sentry.build/Debug-iphonesimulator/SentrySwiftUI.build/DerivedSources-normal/x86_64 -Xcc -I/Users/aadityasingh/Library/Developer/Xcode/DerivedData/Chatlio-erkyzdeecsohoaggpwbjdvavzqfv/Build/Intermediates.noindex/Sentry.build/Debug-iphonesimulator/SentrySwiftUI.build/DerivedSources/x86_64 -Xcc -I/Users/aadityasingh/Library/Developer/Xcode/DerivedData/Chatlio-erkyzdeecsohoaggpwbjdvavzqfv/Build/Intermediates.noindex/Sentry.build/Debug-iphonesimulator/SentrySwiftUI.build/DerivedSources -Xcc -DSWIFT_PACKAGE -Xcc -DDEBUG\=1 -emit-objc-header -emit-objc-header-path /Users/aadityasingh/Library/Developer/Xcode/DerivedData/Chatlio-erkyzdeecsohoaggpwbjdvavzqfv/Build/Intermediates.noindex/Sentry.build/Debug-iphonesimulator/SentrySwiftUI.build/Objects-normal/x86_64/SentrySwiftUI-Swift.h -working-directory /Users/aadityasingh/Documents/Development/element-x-ios/Chatlio.xcodeproj -experimental-emit-module-separately -disable-cmo

SwiftDriverJobDiscovery normal arm64 Compiling Label+SFSymbol.swift, MenuBarExtra+SFSymbol.swift, Tab+SFSymbol.swift, UIApplicationShortcutIcon+SFSymbol.swift, UIImage+SFSymbol.swift (in target 'SFSafeSymbols' from project 'SFSafeSymbols')

SwiftCompile normal x86_64 Compiling\ SFSymbol+1.0.swift,\ SFSymbol+1.1.swift,\ SFSymbol+2.0.swift,\ SFSymbol+2.1.swift,\ SFSymbol+2.2.swift /Users/aadityasingh/Library/Developer/Xcode/DerivedData/Chatlio-erkyzdeecsohoaggpwbjdvavzqfv/SourcePackages/checkouts/SFSafeSymbols/Sources/SFSafeSymbols/Symbols/SFSymbol+1.0.swift /Users/aadityasingh/Library/Developer/Xcode/DerivedData/Chatlio-erkyzdeecsohoaggpwbjdvavzqfv/SourcePackages/checkouts/SFSafeSymbols/Sources/SFSafeSymbols/Symbols/SFSymbol+1.1.swift /Users/aadityasingh/Library/Developer/Xcode/DerivedData/Chatlio-erkyzdeecsohoaggpwbjdvavzqfv/SourcePackages/checkouts/SFSafeSymbols/Sources/SFSafeSymbols/Symbols/SFSymbol+2.0.swift /Users/aadityasingh/Library/Developer/Xcode/DerivedData/Chatlio-erkyzdeecsohoaggpwbjdvavzqfv/SourcePackages/checkouts/SFSafeSymbols/Sources/SFSafeSymbols/Symbols/SFSymbol+2.1.swift /Users/aadityasingh/Library/Developer/Xcode/DerivedData/Chatlio-erkyzdeecsohoaggpwbjdvavzqfv/SourcePackages/checkouts/SFSafeSymbols/Sources/SFSafeSymbols/Symbols/SFSymbol+2.2.swift (in target 'SFSafeSymbols' from project 'SFSafeSymbols')
SwiftCompile normal x86_64 /Users/aadityasingh/Library/Developer/Xcode/DerivedData/Chatlio-erkyzdeecsohoaggpwbjdvavzqfv/SourcePackages/checkouts/SFSafeSymbols/Sources/SFSafeSymbols/Symbols/SFSymbol+1.0.swift (in target 'SFSafeSymbols' from project 'SFSafeSymbols')
    cd /Users/aadityasingh/Documents/Development/element-x-ios/Chatlio.xcodeproj
    

SwiftCompile normal x86_64 /Users/aadityasingh/Library/Developer/Xcode/DerivedData/Chatlio-erkyzdeecsohoaggpwbjdvavzqfv/SourcePackages/checkouts/SFSafeSymbols/Sources/SFSafeSymbols/Symbols/SFSymbol+1.1.swift (in target 'SFSafeSymbols' from project 'SFSafeSymbols')
    cd /Users/aadityasingh/Documents/Development/element-x-ios/Chatlio.xcodeproj
    

SwiftCompile normal x86_64 /Users/aadityasingh/Library/Developer/Xcode/DerivedData/Chatlio-erkyzdeecsohoaggpwbjdvavzqfv/SourcePackages/checkouts/SFSafeSymbols/Sources/SFSafeSymbols/Symbols/SFSymbol+2.0.swift (in target 'SFSafeSymbols' from project 'SFSafeSymbols')
    cd /Users/aadityasingh/Documents/Development/element-x-ios/Chatlio.xcodeproj
    

SwiftCompile normal x86_64 /Users/aadityasingh/Library/Developer/Xcode/DerivedData/Chatlio-erkyzdeecsohoaggpwbjdvavzqfv/SourcePackages/checkouts/SFSafeSymbols/Sources/SFSafeSymbols/Symbols/SFSymbol+2.1.swift (in target 'SFSafeSymbols' from project 'SFSafeSymbols')
    cd /Users/aadityasingh/Documents/Development/element-x-ios/Chatlio.xcodeproj
    

SwiftCompile normal x86_64 /Users/aadityasingh/Library/Developer/Xcode/DerivedData/Chatlio-erkyzdeecsohoaggpwbjdvavzqfv/SourcePackages/checkouts/SFSafeSymbols/Sources/SFSafeSymbols/Symbols/SFSymbol+2.2.swift (in target 'SFSafeSymbols' from project 'SFSafeSymbols')
    cd /Users/aadityasingh/Documents/Development/element-x-ios/Chatlio.xcodeproj
    

SwiftCompile normal x86_64 Compiling\ SFSymbol+AllSymbols+5.0.swift,\ SFSymbol+AllSymbols+5.1.swift,\ SFSymbol+AllSymbols+5.2.swift,\ SFSymbol+AllSymbols+5.3.swift,\ SFSymbol+AllSymbols+5.4.swift /Users/aadityasingh/Library/Developer/Xcode/DerivedData/Chatlio-erkyzdeecsohoaggpwbjdvavzqfv/SourcePackages/checkouts/SFSafeSymbols/Sources/SFSafeSymbols/Symbols/SFSymbol+AllSymbols+5.0.swift /Users/aadityasingh/Library/Developer/Xcode/DerivedData/Chatlio-erkyzdeecsohoaggpwbjdvavzqfv/SourcePackages/checkouts/SFSafeSymbols/Sources/SFSafeSymbols/Symbols/SFSymbol+AllSymbols+5.1.swift /Users/aadityasingh/Library/Developer/Xcode/DerivedData/Chatlio-erkyzdeecsohoaggpwbjdvavzqfv/SourcePackages/checkouts/SFSafeSymbols/Sources/SFSafeSymbols/Symbols/SFSymbol+AllSymbols+5.2.swift /Users/aadityasingh/Library/Developer/Xcode/DerivedData/Chatlio-erkyzdeecsohoaggpwbjdvavzqfv/SourcePackages/checkouts/SFSafeSymbols/Sources/SFSafeSymbols/Symbols/SFSymbol+AllSymbols+5.3.swift /Users/aadityasingh/Library/Developer/Xcode/DerivedData/Chatlio-erkyzdeecsohoaggpwbjdvavzqfv/SourcePackages/checkouts/SFSafeSymbols/Sources/SFSafeSymbols/Symbols/SFSymbol+AllSymbols+5.4.swift (in target 'SFSafeSymbols' from project 'SFSafeSymbols')

SwiftCompile normal x86_64 /Users/aadityasingh/Library/Developer/Xcode/DerivedData/Chatlio-erkyzdeecsohoaggpwbjdvavzqfv/SourcePackages/checkouts/SFSafeSymbols/Sources/SFSafeSymbols/Symbols/SFSymbol+AllSymbols+5.0.swift (in target 'SFSafeSymbols' from project 'SFSafeSymbols')
    cd /Users/aadityasingh/Documents/Development/element-x-ios/Chatlio.xcodeproj
    

SwiftCompile normal x86_64 /Users/aadityasingh/Library/Developer/Xcode/DerivedData/Chatlio-erkyzdeecsohoaggpwbjdvavzqfv/SourcePackages/checkouts/SFSafeSymbols/Sources/SFSafeSymbols/Symbols/SFSymbol+AllSymbols+5.1.swift (in target 'SFSafeSymbols' from project 'SFSafeSymbols')
    cd /Users/aadityasingh/Documents/Development/element-x-ios/Chatlio.xcodeproj
    

SwiftCompile normal x86_64 /Users/aadityasingh/Library/Developer/Xcode/DerivedData/Chatlio-erkyzdeecsohoaggpwbjdvavzqfv/SourcePackages/checkouts/SFSafeSymbols/Sources/SFSafeSymbols/Symbols/SFSymbol+AllSymbols+5.2.swift (in target 'SFSafeSymbols' from project 'SFSafeSymbols')
    cd /Users/aadityasingh/Documents/Development/element-x-ios/Chatlio.xcodeproj
    

SwiftCompile normal x86_64 /Users/aadityasingh/Library/Developer/Xcode/DerivedData/Chatlio-erkyzdeecsohoaggpwbjdvavzqfv/SourcePackages/checkouts/SFSafeSymbols/Sources/SFSafeSymbols/Symbols/SFSymbol+AllSymbols+5.3.swift (in target 'SFSafeSymbols' from project 'SFSafeSymbols')
    cd /Users/aadityasingh/Documents/Development/element-x-ios/Chatlio.xcodeproj
    

SwiftCompile normal x86_64 /Users/aadityasingh/Library/Developer/Xcode/DerivedData/Chatlio-erkyzdeecsohoaggpwbjdvavzqfv/SourcePackages/checkouts/SFSafeSymbols/Sources/SFSafeSymbols/Symbols/SFSymbol+AllSymbols+5.4.swift (in target 'SFSafeSymbols' from project 'SFSafeSymbols')
    cd /Users/aadityasingh/Documents/Development/element-x-ios/Chatlio.xcodeproj
    

SwiftDriverJobDiscovery normal x86_64 Compiling OGGEncoder.swift (in target 'SwiftOGG' from project 'SwiftOGG')

SwiftDriver\ Compilation SwiftOGG normal x86_64 com.apple.xcode.tools.swift.compiler (in target 'SwiftOGG' from project 'SwiftOGG')
    cd /Users/aadityasingh/Documents/Development/element-x-ios/Chatlio.xcodeproj
    builtin-Swift-Compilation -- /Applications/Xcode.app/Contents/Developer/Toolchains/XcodeDefault.xctoolchain/usr/bin/swiftc -module-name SwiftOGG -Onone @/Users/aadityasingh/Library/Developer/Xcode/DerivedData/Chatlio-erkyzdeecsohoaggpwbjdvavzqfv/Build/Intermediates.noindex/SwiftOGG.build/Debug-iphonesimulator/SwiftOGG.build/Objects-normal/x86_64/SwiftOGG.SwiftFileList -DSWIFT_PACKAGE -DDEBUG -DSWIFT_MODULE_RESOURCE_BUNDLE_UNAVAILABLE -DXcode -plugin-path /Applications/Xcode.app/Contents/Developer/Toolchains/XcodeDefault.xctoolchain/usr/lib/swift/host/plugins/testing -enable-experimental-feature DebugDescriptionMacro -sdk /Applications/Xcode.app/Contents/Developer/Platforms/iPhoneSimulator.platform/Developer/SDKs/iPhoneSimulator26.4.sdk -target x86_64-apple-ios12.0-simulator -g -module-cache-path /Users/aadityasingh/Library/Developer/Xcode/DerivedData/ModuleCache.noindex -Xfrontend -serialize-debugging-options -profile-coverage-mapping -profile-generate -enable-testing -suppress-warnings -index-store-path /Users/aadityasingh/Library/Developer/Xcode/DerivedData/Chatlio-erkyzdeecsohoaggpwbjdvavzqfv/Index.noindex/DataStore -Xcc -D_LIBCPP_HARDENING_MODE\=_LIBCPP_HARDENING_MODE_DEBUG -swift-version 5 -I /Users/aadityasingh/Library/Developer/Xcode/DerivedData/Chatlio-erkyzdeecsohoaggpwbjdvavzqfv/Build/Products/Debug-iphonesimulator -Isystem /Applications/Xcode.app/Contents/Developer/Platforms/iPhoneSimulator.platform/Developer/usr/lib -F /Users/aadityasingh/Library/Developer/Xcode/DerivedData/Chatlio-erkyzdeecsohoaggpwbjdvavzqfv/Build/Products/Debug-iphonesimulator/PackageFrameworks -F /Users/aadityasingh/Library/Developer/Xcode/DerivedData/Chatlio-erkyzdeecsohoaggpwbjdvavzqfv/Build/Products/Debug-iphonesimulator -F /Applications/Xcode.app/Contents/Developer/Platforms/iPhoneSimulator.platform/Developer/Library/Frameworks -F /Applications/Xcode.app/Contents/Developer/Platforms/iPhoneSimulator.platform/Developer/SDKs/iPhoneSimulator26.4.sdk/Developer/Library/Frameworks -c -j12 -enable-batch-mode -incremental -Xcc -ivfsstatcache -Xcc /Users/aadityasingh/Library/Developer/Xcode/DerivedData/SDKStatCaches.noindex/iphonesimulator26.4-23E252-686eebb5dc1d8ecb277353a59184f4aa.sdkstatcache -output-file-map /Users/aadityasingh/Library/Developer/Xcode/DerivedData/Chatlio-erkyzdeecsohoaggpwbjdvavzqfv/Build/Intermediates.noindex/SwiftOGG.build/Debug-iphonesimulator/SwiftOGG.build/Objects-normal/x86_64/SwiftOGG-OutputFileMap.json -use-frontend-parseable-output -save-temps -no-color-diagnostics -explicit-module-build -module-cache-path /Users/aadityasingh/Library/Developer/Xcode/DerivedData/Chatlio-erkyzdeecsohoaggpwbjdvavzqfv/Build/Intermediates.noindex/SwiftExplicitPrecompiledModules -clang-scanner-module-cache-path /Users/aadityasingh/Library/Developer/Xcode/DerivedData/ModuleCache.noindex -sdk-module-cache-path /Users/aadityasingh/Library/Developer/Xcode/DerivedData/ModuleCache.noindex -serialize-diagnostics -emit-dependencies -emit-module -emit-module-path /Users/aadityasingh/Library/Developer/Xcode/DerivedData/Chatlio-erkyzdeecsohoaggpwbjdvavzqfv/Build/Intermediates.noindex/SwiftOGG.build/Debug-iphonesimulator/SwiftOGG.build/Objects-normal/x86_64/SwiftOGG.swiftmodule -validate-clang-modules-once -clang-build-session-file /Users/aadityasingh/Library/Developer/Xcode/DerivedData/ModuleCache.noindex/Session.modulevalidation -Xcc -I/Users/aadityasingh/Library/Developer/Xcode/DerivedData/Chatlio-erkyzdeecsohoaggpwbjdvavzqfv/Build/Intermediates.noindex/SwiftOGG.build/Debug-iphonesimulator/SwiftOGG.build/swift-overrides.hmap -emit-const-values -Xfrontend -const-gather-protocols-file -Xfrontend /Users/aadityasingh/Library/Developer/Xcode/DerivedData/Chatlio-erkyzdeecsohoaggpwbjdvavzqfv/Build/Intermediates.noindex/SwiftOGG.build/Debug-iphonesimulator/SwiftOGG.build/Objects-normal/x86_64/SwiftOGG_const_extract_protocols.json -Xcc -I/Users/aadityasingh/Library/Developer/Xcode/DerivedData/Chatlio-erkyzdeecsohoaggpwbjdvavzqfv/SourcePackages/checkouts/swift-ogg/Sources/SupportingFiles/Dependencies/Copustools/include -Xcc -I/Users/aadityasingh/Library/Developer/Xcode/DerivedData/Chatlio-erkyzdeecsohoaggpwbjdvavzqfv/Build/Products/Debug-iphonesimulator/include -Xcc -I/Users/aadityasingh/Library/Developer/Xcode/DerivedData/Chatlio-erkyzdeecsohoaggpwbjdvavzqfv/Build/Intermediates.noindex/SwiftOGG.build/Debug-iphonesimulator/SwiftOGG.build/DerivedSources-normal/x86_64 -Xcc -I/Users/aadityasingh/Library/Developer/Xcode/DerivedData/Chatlio-erkyzdeecsohoaggpwbjdvavzqfv/Build/Intermediates.noindex/SwiftOGG.build/Debug-iphonesimulator/SwiftOGG.build/DerivedSources/x86_64 -Xcc -I/Users/aadityasingh/Library/Developer/Xcode/DerivedData/Chatlio-erkyzdeecsohoaggpwbjdvavzqfv/Build/Intermediates.noindex/SwiftOGG.build/Debug-iphonesimulator/SwiftOGG.build/DerivedSources -Xcc -DSWIFT_PACKAGE -Xcc -DDEBUG\=1 -emit-objc-header -emit-objc-header-path /Users/aadityasingh/Library/Developer/Xcode/DerivedData/Chatlio-erkyzdeecsohoaggpwbjdvavzqfv/Build/Intermediates.noindex/SwiftOGG.build/Debug-iphonesimulator/SwiftOGG.build/Objects-normal/x86_64/SwiftOGG-Swift.h -working-directory /Users/aadityasingh/Documents/Development/element-x-ios/Chatlio.xcodeproj -experimental-emit-module-separately -disable-cmo

SwiftDriverJobDiscovery normal arm64 Compiling OGGEncoder.swift (in target 'SwiftOGG' from project 'SwiftOGG')

SwiftCompile normal arm64 Compiling\ SFSymbol+AllSymbols+2.0.swift,\ SFSymbol+AllSymbols+2.1.swift,\ SFSymbol+AllSymbols+2.2.swift,\ SFSymbol+AllSymbols+3.0.swift,\ SFSymbol+AllSymbols+3.1.swift /Users/aadityasingh/Library/Developer/Xcode/DerivedData/Chatlio-erkyzdeecsohoaggpwbjdvavzqfv/SourcePackages/checkouts/SFSafeSymbols/Sources/SFSafeSymbols/Symbols/SFSymbol+AllSymbols+2.0.swift /Users/aadityasingh/Library/Developer/Xcode/DerivedData/Chatlio-erkyzdeecsohoaggpwbjdvavzqfv/SourcePackages/checkouts/SFSafeSymbols/Sources/SFSafeSymbols/Symbols/SFSymbol+AllSymbols+2.1.swift /Users/aadityasingh/Library/Developer/Xcode/DerivedData/Chatlio-erkyzdeecsohoaggpwbjdvavzqfv/SourcePackages/checkouts/SFSafeSymbols/Sources/SFSafeSymbols/Symbols/SFSymbol+AllSymbols+2.2.swift /Users/aadityasingh/Library/Developer/Xcode/DerivedData/Chatlio-erkyzdeecsohoaggpwbjdvavzqfv/SourcePackages/checkouts/SFSafeSymbols/Sources/SFSafeSymbols/Symbols/SFSymbol+AllSymbols+3.0.swift /Users/aadityasingh/Library/Developer/Xcode/DerivedData/Chatlio-erkyzdeecsohoaggpwbjdvavzqfv/SourcePackages/checkouts/SFSafeSymbols/Sources/SFSafeSymbols/Symbols/SFSymbol+AllSymbols+3.1.swift (in target 'SFSafeSymbols' from project 'SFSafeSymbols')

SwiftCompile normal arm64 /Users/aadityasingh/Library/Developer/Xcode/DerivedData/Chatlio-erkyzdeecsohoaggpwbjdvavzqfv/SourcePackages/checkouts/SFSafeSymbols/Sources/SFSafeSymbols/Symbols/SFSymbol+AllSymbols+2.0.swift (in target 'SFSafeSymbols' from project 'SFSafeSymbols')
    cd /Users/aadityasingh/Documents/Development/element-x-ios/Chatlio.xcodeproj
    

SwiftCompile normal arm64 /Users/aadityasingh/Library/Developer/Xcode/DerivedData/Chatlio-erkyzdeecsohoaggpwbjdvavzqfv/SourcePackages/checkouts/SFSafeSymbols/Sources/SFSafeSymbols/Symbols/SFSymbol+AllSymbols+2.1.swift (in target 'SFSafeSymbols' from project 'SFSafeSymbols')
    cd /Users/aadityasingh/Documents/Development/element-x-ios/Chatlio.xcodeproj
    

SwiftCompile normal arm64 /Users/aadityasingh/Library/Developer/Xcode/DerivedData/Chatlio-erkyzdeecsohoaggpwbjdvavzqfv/SourcePackages/checkouts/SFSafeSymbols/Sources/SFSafeSymbols/Symbols/SFSymbol+AllSymbols+2.2.swift (in target 'SFSafeSymbols' from project 'SFSafeSymbols')
    cd /Users/aadityasingh/Documents/Development/element-x-ios/Chatlio.xcodeproj
    

SwiftCompile normal arm64 /Users/aadityasingh/Library/Developer/Xcode/DerivedData/Chatlio-erkyzdeecsohoaggpwbjdvavzqfv/SourcePackages/checkouts/SFSafeSymbols/Sources/SFSafeSymbols/Symbols/SFSymbol+AllSymbols+3.0.swift (in target 'SFSafeSymbols' from project 'SFSafeSymbols')
    cd /Users/aadityasingh/Documents/Development/element-x-ios/Chatlio.xcodeproj
    

SwiftCompile normal arm64 /Users/aadityasingh/Library/Developer/Xcode/DerivedData/Chatlio-erkyzdeecsohoaggpwbjdvavzqfv/SourcePackages/checkouts/SFSafeSymbols/Sources/SFSafeSymbols/Symbols/SFSymbol+AllSymbols+3.1.swift (in target 'SFSafeSymbols' from project 'SFSafeSymbols')
    cd /Users/aadityasingh/Documents/Development/element-x-ios/Chatlio.xcodeproj
    

SwiftDriver\ Compilation SwiftOGG normal arm64 com.apple.xcode.tools.swift.compiler (in target 'SwiftOGG' from project 'SwiftOGG')
    cd /Users/aadityasingh/Documents/Development/element-x-ios/Chatlio.xcodeproj
    builtin-Swift-Compilation -- /Applications/Xcode.app/Contents/Developer/Toolchains/XcodeDefault.xctoolchain/usr/bin/swiftc -module-name SwiftOGG -Onone @/Users/aadityasingh/Library/Developer/Xcode/DerivedData/Chatlio-erkyzdeecsohoaggpwbjdvavzqfv/Build/Intermediates.noindex/SwiftOGG.build/Debug-iphonesimulator/SwiftOGG.build/Objects-normal/arm64/SwiftOGG.SwiftFileList -DSWIFT_PACKAGE -DDEBUG -DSWIFT_MODULE_RESOURCE_BUNDLE_UNAVAILABLE -DXcode -plugin-path /Applications/Xcode.app/Contents/Developer/Toolchains/XcodeDefault.xctoolchain/usr/lib/swift/host/plugins/testing -enable-experimental-feature DebugDescriptionMacro -sdk /Applications/Xcode.app/Contents/Developer/Platforms/iPhoneSimulator.platform/Developer/SDKs/iPhoneSimulator26.4.sdk -target arm64-apple-ios12.0-simulator -g -module-cache-path /Users/aadityasingh/Library/Developer/Xcode/DerivedData/ModuleCache.noindex -Xfrontend -serialize-debugging-options -profile-coverage-mapping -profile-generate -enable-testing -suppress-warnings -index-store-path /Users/aadityasingh/Library/Developer/Xcode/DerivedData/Chatlio-erkyzdeecsohoaggpwbjdvavzqfv/Index.noindex/DataStore -Xcc -D_LIBCPP_HARDENING_MODE\=_LIBCPP_HARDENING_MODE_DEBUG -swift-version 5 -I /Users/aadityasingh/Library/Developer/Xcode/DerivedData/Chatlio-erkyzdeecsohoaggpwbjdvavzqfv/Build/Products/Debug-iphonesimulator -Isystem /Applications/Xcode.app/Contents/Developer/Platforms/iPhoneSimulator.platform/Developer/usr/lib -F /Users/aadityasingh/Library/Developer/Xcode/DerivedData/Chatlio-erkyzdeecsohoaggpwbjdvavzqfv/Build/Products/Debug-iphonesimulator/PackageFrameworks -F /Users/aadityasingh/Library/Developer/Xcode/DerivedData/Chatlio-erkyzdeecsohoaggpwbjdvavzqfv/Build/Products/Debug-iphonesimulator -F /Applications/Xcode.app/Contents/Developer/Platforms/iPhoneSimulator.platform/Developer/Library/Frameworks -F /Applications/Xcode.app/Contents/Developer/Platforms/iPhoneSimulator.platform/Developer/SDKs/iPhoneSimulator26.4.sdk/Developer/Library/Frameworks -c -j12 -enable-batch-mode -incremental -Xcc -ivfsstatcache -Xcc /Users/aadityasingh/Library/Developer/Xcode/DerivedData/SDKStatCaches.noindex/iphonesimulator26.4-23E252-686eebb5dc1d8ecb277353a59184f4aa.sdkstatcache -output-file-map /Users/aadityasingh/Library/Developer/Xcode/DerivedData/Chatlio-erkyzdeecsohoaggpwbjdvavzqfv/Build/Intermediates.noindex/SwiftOGG.build/Debug-iphonesimulator/SwiftOGG.build/Objects-normal/arm64/SwiftOGG-OutputFileMap.json -use-frontend-parseable-output -save-temps -no-color-diagnostics -explicit-module-build -module-cache-path /Users/aadityasingh/Library/Developer/Xcode/DerivedData/Chatlio-erkyzdeecsohoaggpwbjdvavzqfv/Build/Intermediates.noindex/SwiftExplicitPrecompiledModules -clang-scanner-module-cache-path /Users/aadityasingh/Library/Developer/Xcode/DerivedData/ModuleCache.noindex -sdk-module-cache-path /Users/aadityasingh/Library/Developer/Xcode/DerivedData/ModuleCache.noindex -serialize-diagnostics -emit-dependencies -emit-module -emit-module-path /Users/aadityasingh/Library/Developer/Xcode/DerivedData/Chatlio-erkyzdeecsohoaggpwbjdvavzqfv/Build/Intermediates.noindex/SwiftOGG.build/Debug-iphonesimulator/SwiftOGG.build/Objects-normal/arm64/SwiftOGG.swiftmodule -validate-clang-modules-once -clang-build-session-file /Users/aadityasingh/Library/Developer/Xcode/DerivedData/ModuleCache.noindex/Session.modulevalidation -Xcc -I/Users/aadityasingh/Library/Developer/Xcode/DerivedData/Chatlio-erkyzdeecsohoaggpwbjdvavzqfv/Build/Intermediates.noindex/SwiftOGG.build/Debug-iphonesimulator/SwiftOGG.build/swift-overrides.hmap -emit-const-values -Xfrontend -const-gather-protocols-file -Xfrontend /Users/aadityasingh/Library/Developer/Xcode/DerivedData/Chatlio-erkyzdeecsohoaggpwbjdvavzqfv/Build/Intermediates.noindex/SwiftOGG.build/Debug-iphonesimulator/SwiftOGG.build/Objects-normal/arm64/SwiftOGG_const_extract_protocols.json -Xcc -I/Users/aadityasingh/Library/Developer/Xcode/DerivedData/Chatlio-erkyzdeecsohoaggpwbjdvavzqfv/SourcePackages/checkouts/swift-ogg/Sources/SupportingFiles/Dependencies/Copustools/include -Xcc -I/Users/aadityasingh/Library/Developer/Xcode/DerivedData/Chatlio-erkyzdeecsohoaggpwbjdvavzqfv/Build/Products/Debug-iphonesimulator/include -Xcc -I/Users/aadityasingh/Library/Developer/Xcode/DerivedData/Chatlio-erkyzdeecsohoaggpwbjdvavzqfv/Build/Intermediates.noindex/SwiftOGG.build/Debug-iphonesimulator/SwiftOGG.build/DerivedSources-normal/arm64 -Xcc -I/Users/aadityasingh/Library/Developer/Xcode/DerivedData/Chatlio-erkyzdeecsohoaggpwbjdvavzqfv/Build/Intermediates.noindex/SwiftOGG.build/Debug-iphonesimulator/SwiftOGG.build/DerivedSources/arm64 -Xcc -I/Users/aadityasingh/Library/Developer/Xcode/DerivedData/Chatlio-erkyzdeecsohoaggpwbjdvavzqfv/Build/Intermediates.noindex/SwiftOGG.build/Debug-iphonesimulator/SwiftOGG.build/DerivedSources -Xcc -DSWIFT_PACKAGE -Xcc -DDEBUG\=1 -emit-objc-header -emit-objc-header-path /Users/aadityasingh/Library/Developer/Xcode/DerivedData/Chatlio-erkyzdeecsohoaggpwbjdvavzqfv/Build/Intermediates.noindex/SwiftOGG.build/Debug-iphonesimulator/SwiftOGG.build/Objects-normal/arm64/SwiftOGG-Swift.h -working-directory /Users/aadityasingh/Documents/Development/element-x-ios/Chatlio.xcodeproj -experimental-emit-module-separately -disable-cmo

SwiftDriverJobDiscovery normal arm64 Compiling DisplayRepresentationImage+SFSymbol.swift, NSImage+SFSymbol.swift, Button+SFSymbol.swift, ContentUnavailableView+SFSymbol.swift, Image+SFSymbol.swift (in target 'SFSafeSymbols' from project 'SFSafeSymbols')

SwiftCompile normal arm64 Compiling\ SFSymbol+AllSymbols+3.2.swift,\ SFSymbol+AllSymbols+3.3.swift,\ SFSymbol+AllSymbols+4.0.swift,\ SFSymbol+AllSymbols+4.1.swift,\ SFSymbol+AllSymbols+4.2.swift /Users/aadityasingh/Library/Developer/Xcode/DerivedData/Chatlio-erkyzdeecsohoaggpwbjdvavzqfv/SourcePackages/checkouts/SFSafeSymbols/Sources/SFSafeSymbols/Symbols/SFSymbol+AllSymbols+3.2.swift /Users/aadityasingh/Library/Developer/Xcode/DerivedData/Chatlio-erkyzdeecsohoaggpwbjdvavzqfv/SourcePackages/checkouts/SFSafeSymbols/Sources/SFSafeSymbols/Symbols/SFSymbol+AllSymbols+3.3.swift /Users/aadityasingh/Library/Developer/Xcode/DerivedData/Chatlio-erkyzdeecsohoaggpwbjdvavzqfv/SourcePackages/checkouts/SFSafeSymbols/Sources/SFSafeSymbols/Symbols/SFSymbol+AllSymbols+4.0.swift /Users/aadityasingh/Library/Developer/Xcode/DerivedData/Chatlio-erkyzdeecsohoaggpwbjdvavzqfv/SourcePackages/checkouts/SFSafeSymbols/Sources/SFSafeSymbols/Symbols/SFSymbol+AllSymbols+4.1.swift /Users/aadityasingh/Library/Developer/Xcode/DerivedData/Chatlio-erkyzdeecsohoaggpwbjdvavzqfv/SourcePackages/checkouts/SFSafeSymbols/Sources/SFSafeSymbols/Symbols/SFSymbol+AllSymbols+4.2.swift (in target 'SFSafeSymbols' from project 'SFSafeSymbols')

SwiftCompile normal arm64 /Users/aadityasingh/Library/Developer/Xcode/DerivedData/Chatlio-erkyzdeecsohoaggpwbjdvavzqfv/SourcePackages/checkouts/SFSafeSymbols/Sources/SFSafeSymbols/Symbols/SFSymbol+AllSymbols+3.2.swift (in target 'SFSafeSymbols' from project 'SFSafeSymbols')
    cd /Users/aadityasingh/Documents/Development/element-x-ios/Chatlio.xcodeproj
    

SwiftCompile normal arm64 /Users/aadityasingh/Library/Developer/Xcode/DerivedData/Chatlio-erkyzdeecsohoaggpwbjdvavzqfv/SourcePackages/checkouts/SFSafeSymbols/Sources/SFSafeSymbols/Symbols/SFSymbol+AllSymbols+3.3.swift (in target 'SFSafeSymbols' from project 'SFSafeSymbols')
    cd /Users/aadityasingh/Documents/Development/element-x-ios/Chatlio.xcodeproj
    

SwiftCompile normal arm64 /Users/aadityasingh/Library/Developer/Xcode/DerivedData/Chatlio-erkyzdeecsohoaggpwbjdvavzqfv/SourcePackages/checkouts/SFSafeSymbols/Sources/SFSafeSymbols/Symbols/SFSymbol+AllSymbols+4.0.swift (in target 'SFSafeSymbols' from project 'SFSafeSymbols')
    cd /Users/aadityasingh/Documents/Development/element-x-ios/Chatlio.xcodeproj
    

SwiftCompile normal arm64 /Users/aadityasingh/Library/Developer/Xcode/DerivedData/Chatlio-erkyzdeecsohoaggpwbjdvavzqfv/SourcePackages/checkouts/SFSafeSymbols/Sources/SFSafeSymbols/Symbols/SFSymbol+AllSymbols+4.1.swift (in target 'SFSafeSymbols' from project 'SFSafeSymbols')
    cd /Users/aadityasingh/Documents/Development/element-x-ios/Chatlio.xcodeproj
    

SwiftCompile normal arm64 /Users/aadityasingh/Library/Developer/Xcode/DerivedData/Chatlio-erkyzdeecsohoaggpwbjdvavzqfv/SourcePackages/checkouts/SFSafeSymbols/Sources/SFSafeSymbols/Symbols/SFSymbol+AllSymbols+4.2.swift (in target 'SFSafeSymbols' from project 'SFSafeSymbols')
    cd /Users/aadityasingh/Documents/Development/element-x-ios/Chatlio.xcodeproj
    

SwiftDriverJobDiscovery normal x86_64 Compiling DisplayRepresentationImage+SFSymbol.swift, NSImage+SFSymbol.swift, Button+SFSymbol.swift, ContentUnavailableView+SFSymbol.swift, Image+SFSymbol.swift (in target 'SFSafeSymbols' from project 'SFSafeSymbols')

SwiftCompile normal x86_64 Compiling\ SFSymbol+6.3.swift,\ SFSymbol+6.4.swift,\ SFSymbol+7.0.swift,\ SFSymbol+AllSymbols+1.0.swift,\ SFSymbol+AllSymbols+1.1.swift /Users/aadityasingh/Library/Developer/Xcode/DerivedData/Chatlio-erkyzdeecsohoaggpwbjdvavzqfv/SourcePackages/checkouts/SFSafeSymbols/Sources/SFSafeSymbols/Symbols/SFSymbol+6.3.swift /Users/aadityasingh/Library/Developer/Xcode/DerivedData/Chatlio-erkyzdeecsohoaggpwbjdvavzqfv/SourcePackages/checkouts/SFSafeSymbols/Sources/SFSafeSymbols/Symbols/SFSymbol+6.4.swift /Users/aadityasingh/Library/Developer/Xcode/DerivedData/Chatlio-erkyzdeecsohoaggpwbjdvavzqfv/SourcePackages/checkouts/SFSafeSymbols/Sources/SFSafeSymbols/Symbols/SFSymbol+7.0.swift /Users/aadityasingh/Library/Developer/Xcode/DerivedData/Chatlio-erkyzdeecsohoaggpwbjdvavzqfv/SourcePackages/checkouts/SFSafeSymbols/Sources/SFSafeSymbols/Symbols/SFSymbol+AllSymbols+1.0.swift /Users/aadityasingh/Library/Developer/Xcode/DerivedData/Chatlio-erkyzdeecsohoaggpwbjdvavzqfv/SourcePackages/checkouts/SFSafeSymbols/Sources/SFSafeSymbols/Symbols/SFSymbol+AllSymbols+1.1.swift (in target 'SFSafeSymbols' from project 'SFSafeSymbols')
SwiftCompile normal x86_64 /Users/aadityasingh/Library/Developer/Xcode/DerivedData/Chatlio-erkyzdeecsohoaggpwbjdvavzqfv/SourcePackages/checkouts/SFSafeSymbols/Sources/SFSafeSymbols/Symbols/SFSymbol+6.3.swift (in target 'SFSafeSymbols' from project 'SFSafeSymbols')
    cd /Users/aadityasingh/Documents/Development/element-x-ios/Chatlio.xcodeproj
    

SwiftCompile normal x86_64 /Users/aadityasingh/Library/Developer/Xcode/DerivedData/Chatlio-erkyzdeecsohoaggpwbjdvavzqfv/SourcePackages/checkouts/SFSafeSymbols/Sources/SFSafeSymbols/Symbols/SFSymbol+6.4.swift (in target 'SFSafeSymbols' from project 'SFSafeSymbols')
    cd /Users/aadityasingh/Documents/Development/element-x-ios/Chatlio.xcodeproj
    

SwiftCompile normal x86_64 /Users/aadityasingh/Library/Developer/Xcode/DerivedData/Chatlio-erkyzdeecsohoaggpwbjdvavzqfv/SourcePackages/checkouts/SFSafeSymbols/Sources/SFSafeSymbols/Symbols/SFSymbol+7.0.swift (in target 'SFSafeSymbols' from project 'SFSafeSymbols')
    cd /Users/aadityasingh/Documents/Development/element-x-ios/Chatlio.xcodeproj
    

SwiftCompile normal x86_64 /Users/aadityasingh/Library/Developer/Xcode/DerivedData/Chatlio-erkyzdeecsohoaggpwbjdvavzqfv/SourcePackages/checkouts/SFSafeSymbols/Sources/SFSafeSymbols/Symbols/SFSymbol+AllSymbols+1.0.swift (in target 'SFSafeSymbols' from project 'SFSafeSymbols')
    cd /Users/aadityasingh/Documents/Development/element-x-ios/Chatlio.xcodeproj
    

SwiftCompile normal x86_64 /Users/aadityasingh/Library/Developer/Xcode/DerivedData/Chatlio-erkyzdeecsohoaggpwbjdvavzqfv/SourcePackages/checkouts/SFSafeSymbols/Sources/SFSafeSymbols/Symbols/SFSymbol+AllSymbols+1.1.swift (in target 'SFSafeSymbols' from project 'SFSafeSymbols')
    cd /Users/aadityasingh/Documents/Development/element-x-ios/Chatlio.xcodeproj
    

SwiftCompile normal x86_64 Compiling\ Label+SFSymbol.swift,\ MenuBarExtra+SFSymbol.swift,\ Tab+SFSymbol.swift,\ UIApplicationShortcutIcon+SFSymbol.swift,\ UIImage+SFSymbol.swift /Users/aadityasingh/Library/Developer/Xcode/DerivedData/Chatlio-erkyzdeecsohoaggpwbjdvavzqfv/SourcePackages/checkouts/SFSafeSymbols/Sources/SFSafeSymbols/Initializers/SwiftUI/Label+SFSymbol.swift /Users/aadityasingh/Library/Developer/Xcode/DerivedData/Chatlio-erkyzdeecsohoaggpwbjdvavzqfv/SourcePackages/checkouts/SFSafeSymbols/Sources/SFSafeSymbols/Initializers/SwiftUI/MenuBarExtra+SFSymbol.swift /Users/aadityasingh/Library/Developer/Xcode/DerivedData/Chatlio-erkyzdeecsohoaggpwbjdvavzqfv/SourcePackages/checkouts/SFSafeSymbols/Sources/SFSafeSymbols/Initializers/SwiftUI/Tab+SFSymbol.swift /Users/aadityasingh/Library/Developer/Xcode/DerivedData/Chatlio-erkyzdeecsohoaggpwbjdvavzqfv/SourcePackages/checkouts/SFSafeSymbols/Sources/SFSafeSymbols/Initializers/UIKit/UIApplicationShortcutIcon+SFSymbol.swift /Users/aadityasingh/Library/Developer/Xcode/DerivedData/Chatlio-erkyzdeecsohoaggpwbjdvavzqfv/SourcePackages/checkouts/SFSafeSymbols/Sources/SFSafeSymbols/Initializers/UIKit/UIImage+SFSymbol.swift (in target 'SFSafeSymbols' from project 'SFSafeSymbols')

SwiftCompile normal x86_64 /Users/aadityasingh/Library/Developer/Xcode/DerivedData/Chatlio-erkyzdeecsohoaggpwbjdvavzqfv/SourcePackages/checkouts/SFSafeSymbols/Sources/SFSafeSymbols/Initializers/SwiftUI/Label+SFSymbol.swift (in target 'SFSafeSymbols' from project 'SFSafeSymbols')
    cd /Users/aadityasingh/Documents/Development/element-x-ios/Chatlio.xcodeproj
    

SwiftCompile normal x86_64 /Users/aadityasingh/Library/Developer/Xcode/DerivedData/Chatlio-erkyzdeecsohoaggpwbjdvavzqfv/SourcePackages/checkouts/SFSafeSymbols/Sources/SFSafeSymbols/Initializers/SwiftUI/MenuBarExtra+SFSymbol.swift (in target 'SFSafeSymbols' from project 'SFSafeSymbols')
    cd /Users/aadityasingh/Documents/Development/element-x-ios/Chatlio.xcodeproj
    

SwiftCompile normal x86_64 /Users/aadityasingh/Library/Developer/Xcode/DerivedData/Chatlio-erkyzdeecsohoaggpwbjdvavzqfv/SourcePackages/checkouts/SFSafeSymbols/Sources/SFSafeSymbols/Initializers/SwiftUI/Tab+SFSymbol.swift (in target 'SFSafeSymbols' from project 'SFSafeSymbols')
    cd /Users/aadityasingh/Documents/Development/element-x-ios/Chatlio.xcodeproj
    

SwiftCompile normal x86_64 /Users/aadityasingh/Library/Developer/Xcode/DerivedData/Chatlio-erkyzdeecsohoaggpwbjdvavzqfv/SourcePackages/checkouts/SFSafeSymbols/Sources/SFSafeSymbols/Initializers/UIKit/UIApplicationShortcutIcon+SFSymbol.swift (in target 'SFSafeSymbols' from project 'SFSafeSymbols')
    cd /Users/aadityasingh/Documents/Development/element-x-ios/Chatlio.xcodeproj
    

SwiftCompile normal x86_64 /Users/aadityasingh/Library/Developer/Xcode/DerivedData/Chatlio-erkyzdeecsohoaggpwbjdvavzqfv/SourcePackages/checkouts/SFSafeSymbols/Sources/SFSafeSymbols/Initializers/UIKit/UIImage+SFSymbol.swift (in target 'SFSafeSymbols' from project 'SFSafeSymbols')
    cd /Users/aadityasingh/Documents/Development/element-x-ios/Chatlio.xcodeproj
    

SwiftDriverJobDiscovery normal arm64 Compiling SFSymbol+4.1.swift, SFSymbol+4.2.swift, SFSymbol+5.0.swift, SFSymbol+5.1.swift, SFSymbol+5.2.swift (in target 'SFSafeSymbols' from project 'SFSafeSymbols')

SwiftCompile normal x86_64 Compiling\ SFSymbol+AllSymbols+2.0.swift,\ SFSymbol+AllSymbols+2.1.swift,\ SFSymbol+AllSymbols+2.2.swift,\ SFSymbol+AllSymbols+3.0.swift,\ SFSymbol+AllSymbols+3.1.swift /Users/aadityasingh/Library/Developer/Xcode/DerivedData/Chatlio-erkyzdeecsohoaggpwbjdvavzqfv/SourcePackages/checkouts/SFSafeSymbols/Sources/SFSafeSymbols/Symbols/SFSymbol+AllSymbols+2.0.swift /Users/aadityasingh/Library/Developer/Xcode/DerivedData/Chatlio-erkyzdeecsohoaggpwbjdvavzqfv/SourcePackages/checkouts/SFSafeSymbols/Sources/SFSafeSymbols/Symbols/SFSymbol+AllSymbols+2.1.swift /Users/aadityasingh/Library/Developer/Xcode/DerivedData/Chatlio-erkyzdeecsohoaggpwbjdvavzqfv/SourcePackages/checkouts/SFSafeSymbols/Sources/SFSafeSymbols/Symbols/SFSymbol+AllSymbols+2.2.swift /Users/aadityasingh/Library/Developer/Xcode/DerivedData/Chatlio-erkyzdeecsohoaggpwbjdvavzqfv/SourcePackages/checkouts/SFSafeSymbols/Sources/SFSafeSymbols/Symbols/SFSymbol+AllSymbols+3.0.swift /Users/aadityasingh/Library/Developer/Xcode/DerivedData/Chatlio-erkyzdeecsohoaggpwbjdvavzqfv/SourcePackages/checkouts/SFSafeSymbols/Sources/SFSafeSymbols/Symbols/SFSymbol+AllSymbols+3.1.swift (in target 'SFSafeSymbols' from project 'SFSafeSymbols')

SwiftCompile normal x86_64 /Users/aadityasingh/Library/Developer/Xcode/DerivedData/Chatlio-erkyzdeecsohoaggpwbjdvavzqfv/SourcePackages/checkouts/SFSafeSymbols/Sources/SFSafeSymbols/Symbols/SFSymbol+AllSymbols+2.0.swift (in target 'SFSafeSymbols' from project 'SFSafeSymbols')
    cd /Users/aadityasingh/Documents/Development/element-x-ios/Chatlio.xcodeproj
    

SwiftCompile normal x86_64 /Users/aadityasingh/Library/Developer/Xcode/DerivedData/Chatlio-erkyzdeecsohoaggpwbjdvavzqfv/SourcePackages/checkouts/SFSafeSymbols/Sources/SFSafeSymbols/Symbols/SFSymbol+AllSymbols+2.1.swift (in target 'SFSafeSymbols' from project 'SFSafeSymbols')
    cd /Users/aadityasingh/Documents/Development/element-x-ios/Chatlio.xcodeproj
    

SwiftCompile normal x86_64 /Users/aadityasingh/Library/Developer/Xcode/DerivedData/Chatlio-erkyzdeecsohoaggpwbjdvavzqfv/SourcePackages/checkouts/SFSafeSymbols/Sources/SFSafeSymbols/Symbols/SFSymbol+AllSymbols+2.2.swift (in target 'SFSafeSymbols' from project 'SFSafeSymbols')
    cd /Users/aadityasingh/Documents/Development/element-x-ios/Chatlio.xcodeproj
    

SwiftCompile normal x86_64 /Users/aadityasingh/Library/Developer/Xcode/DerivedData/Chatlio-erkyzdeecsohoaggpwbjdvavzqfv/SourcePackages/checkouts/SFSafeSymbols/Sources/SFSafeSymbols/Symbols/SFSymbol+AllSymbols+3.0.swift (in target 'SFSafeSymbols' from project 'SFSafeSymbols')
    cd /Users/aadityasingh/Documents/Development/element-x-ios/Chatlio.xcodeproj
    

SwiftCompile normal x86_64 /Users/aadityasingh/Library/Developer/Xcode/DerivedData/Chatlio-erkyzdeecsohoaggpwbjdvavzqfv/SourcePackages/checkouts/SFSafeSymbols/Sources/SFSafeSymbols/Symbols/SFSymbol+AllSymbols+3.1.swift (in target 'SFSafeSymbols' from project 'SFSafeSymbols')
    cd /Users/aadityasingh/Documents/Development/element-x-ios/Chatlio.xcodeproj
    

SwiftDriverJobDiscovery normal x86_64 Compiling SFSymbol+3.0.swift, SFSymbol+3.1.swift, SFSymbol+3.2.swift, SFSymbol+3.3.swift, SFSymbol+4.0.swift (in target 'SFSafeSymbols' from project 'SFSafeSymbols')

SwiftCompile normal x86_64 Compiling\ SFSymbol+AllSymbols+6.0.swift,\ SFSymbol+AllSymbols+6.1.swift,\ SFSymbol+AllSymbols+6.2.swift,\ SFSymbol+AllSymbols+6.3.swift,\ SFSymbol+AllSymbols+6.4.swift /Users/aadityasingh/Library/Developer/Xcode/DerivedData/Chatlio-erkyzdeecsohoaggpwbjdvavzqfv/SourcePackages/checkouts/SFSafeSymbols/Sources/SFSafeSymbols/Symbols/SFSymbol+AllSymbols+6.0.swift /Users/aadityasingh/Library/Developer/Xcode/DerivedData/Chatlio-erkyzdeecsohoaggpwbjdvavzqfv/SourcePackages/checkouts/SFSafeSymbols/Sources/SFSafeSymbols/Symbols/SFSymbol+AllSymbols+6.1.swift /Users/aadityasingh/Library/Developer/Xcode/DerivedData/Chatlio-erkyzdeecsohoaggpwbjdvavzqfv/SourcePackages/checkouts/SFSafeSymbols/Sources/SFSafeSymbols/Symbols/SFSymbol+AllSymbols+6.2.swift /Users/aadityasingh/Library/Developer/Xcode/DerivedData/Chatlio-erkyzdeecsohoaggpwbjdvavzqfv/SourcePackages/checkouts/SFSafeSymbols/Sources/SFSafeSymbols/Symbols/SFSymbol+AllSymbols+6.3.swift /Users/aadityasingh/Library/Developer/Xcode/DerivedData/Chatlio-erkyzdeecsohoaggpwbjdvavzqfv/SourcePackages/checkouts/SFSafeSymbols/Sources/SFSafeSymbols/Symbols/SFSymbol+AllSymbols+6.4.swift (in target 'SFSafeSymbols' from project 'SFSafeSymbols')

SwiftCompile normal x86_64 /Users/aadityasingh/Library/Developer/Xcode/DerivedData/Chatlio-erkyzdeecsohoaggpwbjdvavzqfv/SourcePackages/checkouts/SFSafeSymbols/Sources/SFSafeSymbols/Symbols/SFSymbol+AllSymbols+6.0.swift (in target 'SFSafeSymbols' from project 'SFSafeSymbols')
    cd /Users/aadityasingh/Documents/Development/element-x-ios/Chatlio.xcodeproj
    

SwiftCompile normal x86_64 /Users/aadityasingh/Library/Developer/Xcode/DerivedData/Chatlio-erkyzdeecsohoaggpwbjdvavzqfv/SourcePackages/checkouts/SFSafeSymbols/Sources/SFSafeSymbols/Symbols/SFSymbol+AllSymbols+6.1.swift (in target 'SFSafeSymbols' from project 'SFSafeSymbols')
    cd /Users/aadityasingh/Documents/Development/element-x-ios/Chatlio.xcodeproj
    

SwiftCompile normal x86_64 /Users/aadityasingh/Library/Developer/Xcode/DerivedData/Chatlio-erkyzdeecsohoaggpwbjdvavzqfv/SourcePackages/checkouts/SFSafeSymbols/Sources/SFSafeSymbols/Symbols/SFSymbol+AllSymbols+6.2.swift (in target 'SFSafeSymbols' from project 'SFSafeSymbols')
    cd /Users/aadityasingh/Documents/Development/element-x-ios/Chatlio.xcodeproj
    

SwiftCompile normal x86_64 /Users/aadityasingh/Library/Developer/Xcode/DerivedData/Chatlio-erkyzdeecsohoaggpwbjdvavzqfv/SourcePackages/checkouts/SFSafeSymbols/Sources/SFSafeSymbols/Symbols/SFSymbol+AllSymbols+6.3.swift (in target 'SFSafeSymbols' from project 'SFSafeSymbols')
    cd /Users/aadityasingh/Documents/Development/element-x-ios/Chatlio.xcodeproj
    

SwiftCompile normal x86_64 /Users/aadityasingh/Library/Developer/Xcode/DerivedData/Chatlio-erkyzdeecsohoaggpwbjdvavzqfv/SourcePackages/checkouts/SFSafeSymbols/Sources/SFSafeSymbols/Symbols/SFSymbol+AllSymbols+6.4.swift (in target 'SFSafeSymbols' from project 'SFSafeSymbols')
    cd /Users/aadityasingh/Documents/Development/element-x-ios/Chatlio.xcodeproj
    

SwiftDriverJobDiscovery normal arm64 Compiling SFSymbol+AllSymbols+7.0.swift, SFSymbol+AllSymbols.swift, SFSymbol.swift, SymbolLocalizations.swift, SymbolWithLocalizations.swift (in target 'SFSafeSymbols' from project 'SFSafeSymbols')

SwiftCompile normal arm64 Compiling\ SFSymbol+6.3.swift,\ SFSymbol+6.4.swift,\ SFSymbol+7.0.swift,\ SFSymbol+AllSymbols+1.0.swift,\ SFSymbol+AllSymbols+1.1.swift /Users/aadityasingh/Library/Developer/Xcode/DerivedData/Chatlio-erkyzdeecsohoaggpwbjdvavzqfv/SourcePackages/checkouts/SFSafeSymbols/Sources/SFSafeSymbols/Symbols/SFSymbol+6.3.swift /Users/aadityasingh/Library/Developer/Xcode/DerivedData/Chatlio-erkyzdeecsohoaggpwbjdvavzqfv/SourcePackages/checkouts/SFSafeSymbols/Sources/SFSafeSymbols/Symbols/SFSymbol+6.4.swift /Users/aadityasingh/Library/Developer/Xcode/DerivedData/Chatlio-erkyzdeecsohoaggpwbjdvavzqfv/SourcePackages/checkouts/SFSafeSymbols/Sources/SFSafeSymbols/Symbols/SFSymbol+7.0.swift /Users/aadityasingh/Library/Developer/Xcode/DerivedData/Chatlio-erkyzdeecsohoaggpwbjdvavzqfv/SourcePackages/checkouts/SFSafeSymbols/Sources/SFSafeSymbols/Symbols/SFSymbol+AllSymbols+1.0.swift /Users/aadityasingh/Library/Developer/Xcode/DerivedData/Chatlio-erkyzdeecsohoaggpwbjdvavzqfv/SourcePackages/checkouts/SFSafeSymbols/Sources/SFSafeSymbols/Symbols/SFSymbol+AllSymbols+1.1.swift (in target 'SFSafeSymbols' from project 'SFSafeSymbols')

SwiftCompile normal arm64 /Users/aadityasingh/Library/Developer/Xcode/DerivedData/Chatlio-erkyzdeecsohoaggpwbjdvavzqfv/SourcePackages/checkouts/SFSafeSymbols/Sources/SFSafeSymbols/Symbols/SFSymbol+6.3.swift (in target 'SFSafeSymbols' from project 'SFSafeSymbols')
    cd /Users/aadityasingh/Documents/Development/element-x-ios/Chatlio.xcodeproj
    

SwiftCompile normal arm64 /Users/aadityasingh/Library/Developer/Xcode/DerivedData/Chatlio-erkyzdeecsohoaggpwbjdvavzqfv/SourcePackages/checkouts/SFSafeSymbols/Sources/SFSafeSymbols/Symbols/SFSymbol+6.4.swift (in target 'SFSafeSymbols' from project 'SFSafeSymbols')
    cd /Users/aadityasingh/Documents/Development/element-x-ios/Chatlio.xcodeproj
    

SwiftCompile normal arm64 /Users/aadityasingh/Library/Developer/Xcode/DerivedData/Chatlio-erkyzdeecsohoaggpwbjdvavzqfv/SourcePackages/checkouts/SFSafeSymbols/Sources/SFSafeSymbols/Symbols/SFSymbol+7.0.swift (in target 'SFSafeSymbols' from project 'SFSafeSymbols')
    cd /Users/aadityasingh/Documents/Development/element-x-ios/Chatlio.xcodeproj
    

SwiftCompile normal arm64 /Users/aadityasingh/Library/Developer/Xcode/DerivedData/Chatlio-erkyzdeecsohoaggpwbjdvavzqfv/SourcePackages/checkouts/SFSafeSymbols/Sources/SFSafeSymbols/Symbols/SFSymbol+AllSymbols+1.0.swift (in target 'SFSafeSymbols' from project 'SFSafeSymbols')
    cd /Users/aadityasingh/Documents/Development/element-x-ios/Chatlio.xcodeproj
    

SwiftCompile normal arm64 /Users/aadityasingh/Library/Developer/Xcode/DerivedData/Chatlio-erkyzdeecsohoaggpwbjdvavzqfv/SourcePackages/checkouts/SFSafeSymbols/Sources/SFSafeSymbols/Symbols/SFSymbol+AllSymbols+1.1.swift (in target 'SFSafeSymbols' from project 'SFSafeSymbols')
    cd /Users/aadityasingh/Documents/Development/element-x-ios/Chatlio.xcodeproj
    

SwiftDriverJobDiscovery normal x86_64 Compiling SFSymbol+4.1.swift, SFSymbol+4.2.swift, SFSymbol+5.0.swift, SFSymbol+5.1.swift, SFSymbol+5.2.swift (in target 'SFSafeSymbols' from project 'SFSafeSymbols')

SwiftCompile normal arm64 Compiling\ SFSymbol+AllSymbols+5.0.swift,\ SFSymbol+AllSymbols+5.1.swift,\ SFSymbol+AllSymbols+5.2.swift,\ SFSymbol+AllSymbols+5.3.swift,\ SFSymbol+AllSymbols+5.4.swift /Users/aadityasingh/Library/Developer/Xcode/DerivedData/Chatlio-erkyzdeecsohoaggpwbjdvavzqfv/SourcePackages/checkouts/SFSafeSymbols/Sources/SFSafeSymbols/Symbols/SFSymbol+AllSymbols+5.0.swift /Users/aadityasingh/Library/Developer/Xcode/DerivedData/Chatlio-erkyzdeecsohoaggpwbjdvavzqfv/SourcePackages/checkouts/SFSafeSymbols/Sources/SFSafeSymbols/Symbols/SFSymbol+AllSymbols+5.1.swift /Users/aadityasingh/Library/Developer/Xcode/DerivedData/Chatlio-erkyzdeecsohoaggpwbjdvavzqfv/SourcePackages/checkouts/SFSafeSymbols/Sources/SFSafeSymbols/Symbols/SFSymbol+AllSymbols+5.2.swift /Users/aadityasingh/Library/Developer/Xcode/DerivedData/Chatlio-erkyzdeecsohoaggpwbjdvavzqfv/SourcePackages/checkouts/SFSafeSymbols/Sources/SFSafeSymbols/Symbols/SFSymbol+AllSymbols+5.3.swift /Users/aadityasingh/Library/Developer/Xcode/DerivedData/Chatlio-erkyzdeecsohoaggpwbjdvavzqfv/SourcePackages/checkouts/SFSafeSymbols/Sources/SFSafeSymbols/Symbols/SFSymbol+AllSymbols+5.4.swift (in target 'SFSafeSymbols' from project 'SFSafeSymbols')

SwiftCompile normal arm64 /Users/aadityasingh/Library/Developer/Xcode/DerivedData/Chatlio-erkyzdeecsohoaggpwbjdvavzqfv/SourcePackages/checkouts/SFSafeSymbols/Sources/SFSafeSymbols/Symbols/SFSymbol+AllSymbols+5.0.swift (in target 'SFSafeSymbols' from project 'SFSafeSymbols')
    cd /Users/aadityasingh/Documents/Development/element-x-ios/Chatlio.xcodeproj
    

SwiftCompile normal arm64 /Users/aadityasingh/Library/Developer/Xcode/DerivedData/Chatlio-erkyzdeecsohoaggpwbjdvavzqfv/SourcePackages/checkouts/SFSafeSymbols/Sources/SFSafeSymbols/Symbols/SFSymbol+AllSymbols+5.1.swift (in target 'SFSafeSymbols' from project 'SFSafeSymbols')
    cd /Users/aadityasingh/Documents/Development/element-x-ios/Chatlio.xcodeproj
    

SwiftCompile normal arm64 /Users/aadityasingh/Library/Developer/Xcode/DerivedData/Chatlio-erkyzdeecsohoaggpwbjdvavzqfv/SourcePackages/checkouts/SFSafeSymbols/Sources/SFSafeSymbols/Symbols/SFSymbol+AllSymbols+5.2.swift (in target 'SFSafeSymbols' from project 'SFSafeSymbols')
    cd /Users/aadityasingh/Documents/Development/element-x-ios/Chatlio.xcodeproj
    

SwiftCompile normal arm64 /Users/aadityasingh/Library/Developer/Xcode/DerivedData/Chatlio-erkyzdeecsohoaggpwbjdvavzqfv/SourcePackages/checkouts/SFSafeSymbols/Sources/SFSafeSymbols/Symbols/SFSymbol+AllSymbols+5.3.swift (in target 'SFSafeSymbols' from project 'SFSafeSymbols')
    cd /Users/aadityasingh/Documents/Development/element-x-ios/Chatlio.xcodeproj
    

SwiftCompile normal arm64 /Users/aadityasingh/Library/Developer/Xcode/DerivedData/Chatlio-erkyzdeecsohoaggpwbjdvavzqfv/SourcePackages/checkouts/SFSafeSymbols/Sources/SFSafeSymbols/Symbols/SFSymbol+AllSymbols+5.4.swift (in target 'SFSafeSymbols' from project 'SFSafeSymbols')
    cd /Users/aadityasingh/Documents/Development/element-x-ios/Chatlio.xcodeproj
    

SwiftDriverJobDiscovery normal x86_64 Compiling SFSymbol+AllSymbols+7.0.swift, SFSymbol+AllSymbols.swift, SFSymbol.swift, SymbolLocalizations.swift, SymbolWithLocalizations.swift (in target 'SFSafeSymbols' from project 'SFSafeSymbols')

SwiftCompile normal x86_64 Compiling\ SFSymbol+AllSymbols+3.2.swift,\ SFSymbol+AllSymbols+3.3.swift,\ SFSymbol+AllSymbols+4.0.swift,\ SFSymbol+AllSymbols+4.1.swift,\ SFSymbol+AllSymbols+4.2.swift /Users/aadityasingh/Library/Developer/Xcode/DerivedData/Chatlio-erkyzdeecsohoaggpwbjdvavzqfv/SourcePackages/checkouts/SFSafeSymbols/Sources/SFSafeSymbols/Symbols/SFSymbol+AllSymbols+3.2.swift /Users/aadityasingh/Library/Developer/Xcode/DerivedData/Chatlio-erkyzdeecsohoaggpwbjdvavzqfv/SourcePackages/checkouts/SFSafeSymbols/Sources/SFSafeSymbols/Symbols/SFSymbol+AllSymbols+3.3.swift /Users/aadityasingh/Library/Developer/Xcode/DerivedData/Chatlio-erkyzdeecsohoaggpwbjdvavzqfv/SourcePackages/checkouts/SFSafeSymbols/Sources/SFSafeSymbols/Symbols/SFSymbol+AllSymbols+4.0.swift /Users/aadityasingh/Library/Developer/Xcode/DerivedData/Chatlio-erkyzdeecsohoaggpwbjdvavzqfv/SourcePackages/checkouts/SFSafeSymbols/Sources/SFSafeSymbols/Symbols/SFSymbol+AllSymbols+4.1.swift /Users/aadityasingh/Library/Developer/Xcode/DerivedData/Chatlio-erkyzdeecsohoaggpwbjdvavzqfv/SourcePackages/checkouts/SFSafeSymbols/Sources/SFSafeSymbols/Symbols/SFSymbol+AllSymbols+4.2.swift (in target 'SFSafeSymbols' from project 'SFSafeSymbols')

SwiftCompile normal x86_64 /Users/aadityasingh/Library/Developer/Xcode/DerivedData/Chatlio-erkyzdeecsohoaggpwbjdvavzqfv/SourcePackages/checkouts/SFSafeSymbols/Sources/SFSafeSymbols/Symbols/SFSymbol+AllSymbols+3.2.swift (in target 'SFSafeSymbols' from project 'SFSafeSymbols')
    cd /Users/aadityasingh/Documents/Development/element-x-ios/Chatlio.xcodeproj
    

SwiftCompile normal x86_64 /Users/aadityasingh/Library/Developer/Xcode/DerivedData/Chatlio-erkyzdeecsohoaggpwbjdvavzqfv/SourcePackages/checkouts/SFSafeSymbols/Sources/SFSafeSymbols/Symbols/SFSymbol+AllSymbols+3.3.swift (in target 'SFSafeSymbols' from project 'SFSafeSymbols')
    cd /Users/aadityasingh/Documents/Development/element-x-ios/Chatlio.xcodeproj
    

SwiftCompile normal x86_64 /Users/aadityasingh/Library/Developer/Xcode/DerivedData/Chatlio-erkyzdeecsohoaggpwbjdvavzqfv/SourcePackages/checkouts/SFSafeSymbols/Sources/SFSafeSymbols/Symbols/SFSymbol+AllSymbols+4.0.swift (in target 'SFSafeSymbols' from project 'SFSafeSymbols')
    cd /Users/aadityasingh/Documents/Development/element-x-ios/Chatlio.xcodeproj
    

SwiftCompile normal x86_64 /Users/aadityasingh/Library/Developer/Xcode/DerivedData/Chatlio-erkyzdeecsohoaggpwbjdvavzqfv/SourcePackages/checkouts/SFSafeSymbols/Sources/SFSafeSymbols/Symbols/SFSymbol+AllSymbols+4.1.swift (in target 'SFSafeSymbols' from project 'SFSafeSymbols')
    cd /Users/aadityasingh/Documents/Development/element-x-ios/Chatlio.xcodeproj
    

SwiftCompile normal x86_64 /Users/aadityasingh/Library/Developer/Xcode/DerivedData/Chatlio-erkyzdeecsohoaggpwbjdvavzqfv/SourcePackages/checkouts/SFSafeSymbols/Sources/SFSafeSymbols/Symbols/SFSymbol+AllSymbols+4.2.swift (in target 'SFSafeSymbols' from project 'SFSafeSymbols')
    cd /Users/aadityasingh/Documents/Development/element-x-ios/Chatlio.xcodeproj
    

SwiftDriverJobDiscovery normal x86_64 Compiling SFSymbol+5.3.swift, SFSymbol+5.4.swift, SFSymbol+6.0.swift, SFSymbol+6.1.swift, SFSymbol+6.2.swift (in target 'SFSafeSymbols' from project 'SFSafeSymbols')

SwiftCompile normal arm64 Compiling\ SFSymbol+5.3.swift,\ SFSymbol+5.4.swift,\ SFSymbol+6.0.swift,\ SFSymbol+6.1.swift,\ SFSymbol+6.2.swift /Users/aadityasingh/Library/Developer/Xcode/DerivedData/Chatlio-erkyzdeecsohoaggpwbjdvavzqfv/SourcePackages/checkouts/SFSafeSymbols/Sources/SFSafeSymbols/Symbols/SFSymbol+5.3.swift /Users/aadityasingh/Library/Developer/Xcode/DerivedData/Chatlio-erkyzdeecsohoaggpwbjdvavzqfv/SourcePackages/checkouts/SFSafeSymbols/Sources/SFSafeSymbols/Symbols/SFSymbol+5.4.swift /Users/aadityasingh/Library/Developer/Xcode/DerivedData/Chatlio-erkyzdeecsohoaggpwbjdvavzqfv/SourcePackages/checkouts/SFSafeSymbols/Sources/SFSafeSymbols/Symbols/SFSymbol+6.0.swift /Users/aadityasingh/Library/Developer/Xcode/DerivedData/Chatlio-erkyzdeecsohoaggpwbjdvavzqfv/SourcePackages/checkouts/SFSafeSymbols/Sources/SFSafeSymbols/Symbols/SFSymbol+6.1.swift /Users/aadityasingh/Library/Developer/Xcode/DerivedData/Chatlio-erkyzdeecsohoaggpwbjdvavzqfv/SourcePackages/checkouts/SFSafeSymbols/Sources/SFSafeSymbols/Symbols/SFSymbol+6.2.swift (in target 'SFSafeSymbols' from project 'SFSafeSymbols')

SwiftCompile normal arm64 /Users/aadityasingh/Library/Developer/Xcode/DerivedData/Chatlio-erkyzdeecsohoaggpwbjdvavzqfv/SourcePackages/checkouts/SFSafeSymbols/Sources/SFSafeSymbols/Symbols/SFSymbol+5.3.swift (in target 'SFSafeSymbols' from project 'SFSafeSymbols')
    cd /Users/aadityasingh/Documents/Development/element-x-ios/Chatlio.xcodeproj
    

SwiftCompile normal arm64 /Users/aadityasingh/Library/Developer/Xcode/DerivedData/Chatlio-erkyzdeecsohoaggpwbjdvavzqfv/SourcePackages/checkouts/SFSafeSymbols/Sources/SFSafeSymbols/Symbols/SFSymbol+5.4.swift (in target 'SFSafeSymbols' from project 'SFSafeSymbols')
    cd /Users/aadityasingh/Documents/Development/element-x-ios/Chatlio.xcodeproj
    

SwiftCompile normal arm64 /Users/aadityasingh/Library/Developer/Xcode/DerivedData/Chatlio-erkyzdeecsohoaggpwbjdvavzqfv/SourcePackages/checkouts/SFSafeSymbols/Sources/SFSafeSymbols/Symbols/SFSymbol+6.0.swift (in target 'SFSafeSymbols' from project 'SFSafeSymbols')
    cd /Users/aadityasingh/Documents/Development/element-x-ios/Chatlio.xcodeproj
    

SwiftCompile normal arm64 /Users/aadityasingh/Library/Developer/Xcode/DerivedData/Chatlio-erkyzdeecsohoaggpwbjdvavzqfv/SourcePackages/checkouts/SFSafeSymbols/Sources/SFSafeSymbols/Symbols/SFSymbol+6.1.swift (in target 'SFSafeSymbols' from project 'SFSafeSymbols')
    cd /Users/aadityasingh/Documents/Development/element-x-ios/Chatlio.xcodeproj
    

SwiftCompile normal arm64 /Users/aadityasingh/Library/Developer/Xcode/DerivedData/Chatlio-erkyzdeecsohoaggpwbjdvavzqfv/SourcePackages/checkouts/SFSafeSymbols/Sources/SFSafeSymbols/Symbols/SFSymbol+6.2.swift (in target 'SFSafeSymbols' from project 'SFSafeSymbols')
    cd /Users/aadityasingh/Documents/Development/element-x-ios/Chatlio.xcodeproj
    

SwiftDriverJobDiscovery normal x86_64 Compiling Label+SFSymbol.swift, MenuBarExtra+SFSymbol.swift, Tab+SFSymbol.swift, UIApplicationShortcutIcon+SFSymbol.swift, UIImage+SFSymbol.swift (in target 'SFSafeSymbols' from project 'SFSafeSymbols')

SwiftCompile normal arm64 Compiling\ SFSymbol+3.0.swift,\ SFSymbol+3.1.swift,\ SFSymbol+3.2.swift,\ SFSymbol+3.3.swift,\ SFSymbol+4.0.swift /Users/aadityasingh/Library/Developer/Xcode/DerivedData/Chatlio-erkyzdeecsohoaggpwbjdvavzqfv/SourcePackages/checkouts/SFSafeSymbols/Sources/SFSafeSymbols/Symbols/SFSymbol+3.0.swift /Users/aadityasingh/Library/Developer/Xcode/DerivedData/Chatlio-erkyzdeecsohoaggpwbjdvavzqfv/SourcePackages/checkouts/SFSafeSymbols/Sources/SFSafeSymbols/Symbols/SFSymbol+3.1.swift /Users/aadityasingh/Library/Developer/Xcode/DerivedData/Chatlio-erkyzdeecsohoaggpwbjdvavzqfv/SourcePackages/checkouts/SFSafeSymbols/Sources/SFSafeSymbols/Symbols/SFSymbol+3.2.swift /Users/aadityasingh/Library/Developer/Xcode/DerivedData/Chatlio-erkyzdeecsohoaggpwbjdvavzqfv/SourcePackages/checkouts/SFSafeSymbols/Sources/SFSafeSymbols/Symbols/SFSymbol+3.3.swift /Users/aadityasingh/Library/Developer/Xcode/DerivedData/Chatlio-erkyzdeecsohoaggpwbjdvavzqfv/SourcePackages/checkouts/SFSafeSymbols/Sources/SFSafeSymbols/Symbols/SFSymbol+4.0.swift (in target 'SFSafeSymbols' from project 'SFSafeSymbols')

SwiftCompile normal arm64 /Users/aadityasingh/Library/Developer/Xcode/DerivedData/Chatlio-erkyzdeecsohoaggpwbjdvavzqfv/SourcePackages/checkouts/SFSafeSymbols/Sources/SFSafeSymbols/Symbols/SFSymbol+3.0.swift (in target 'SFSafeSymbols' from project 'SFSafeSymbols')
    cd /Users/aadityasingh/Documents/Development/element-x-ios/Chatlio.xcodeproj
    

SwiftCompile normal arm64 /Users/aadityasingh/Library/Developer/Xcode/DerivedData/Chatlio-erkyzdeecsohoaggpwbjdvavzqfv/SourcePackages/checkouts/SFSafeSymbols/Sources/SFSafeSymbols/Symbols/SFSymbol+3.1.swift (in target 'SFSafeSymbols' from project 'SFSafeSymbols')
    cd /Users/aadityasingh/Documents/Development/element-x-ios/Chatlio.xcodeproj
    

SwiftCompile normal arm64 /Users/aadityasingh/Library/Developer/Xcode/DerivedData/Chatlio-erkyzdeecsohoaggpwbjdvavzqfv/SourcePackages/checkouts/SFSafeSymbols/Sources/SFSafeSymbols/Symbols/SFSymbol+3.2.swift (in target 'SFSafeSymbols' from project 'SFSafeSymbols')
    cd /Users/aadityasingh/Documents/Development/element-x-ios/Chatlio.xcodeproj
    

SwiftCompile normal arm64 /Users/aadityasingh/Library/Developer/Xcode/DerivedData/Chatlio-erkyzdeecsohoaggpwbjdvavzqfv/SourcePackages/checkouts/SFSafeSymbols/Sources/SFSafeSymbols/Symbols/SFSymbol+3.3.swift (in target 'SFSafeSymbols' from project 'SFSafeSymbols')
    cd /Users/aadityasingh/Documents/Development/element-x-ios/Chatlio.xcodeproj
    

SwiftCompile normal arm64 /Users/aadityasingh/Library/Developer/Xcode/DerivedData/Chatlio-erkyzdeecsohoaggpwbjdvavzqfv/SourcePackages/checkouts/SFSafeSymbols/Sources/SFSafeSymbols/Symbols/SFSymbol+4.0.swift (in target 'SFSafeSymbols' from project 'SFSafeSymbols')
    cd /Users/aadityasingh/Documents/Development/element-x-ios/Chatlio.xcodeproj
    

SwiftDriverJobDiscovery normal x86_64 Compiling SFSymbol+AllSymbols+5.0.swift, SFSymbol+AllSymbols+5.1.swift, SFSymbol+AllSymbols+5.2.swift, SFSymbol+AllSymbols+5.3.swift, SFSymbol+AllSymbols+5.4.swift (in target 'SFSafeSymbols' from project 'SFSafeSymbols')

SwiftCompile normal arm64 Compiling\ SFSymbol+AllSymbols+6.0.swift,\ SFSymbol+AllSymbols+6.1.swift,\ SFSymbol+AllSymbols+6.2.swift,\ SFSymbol+AllSymbols+6.3.swift,\ SFSymbol+AllSymbols+6.4.swift /Users/aadityasingh/Library/Developer/Xcode/DerivedData/Chatlio-erkyzdeecsohoaggpwbjdvavzqfv/SourcePackages/checkouts/SFSafeSymbols/Sources/SFSafeSymbols/Symbols/SFSymbol+AllSymbols+6.0.swift /Users/aadityasingh/Library/Developer/Xcode/DerivedData/Chatlio-erkyzdeecsohoaggpwbjdvavzqfv/SourcePackages/checkouts/SFSafeSymbols/Sources/SFSafeSymbols/Symbols/SFSymbol+AllSymbols+6.1.swift /Users/aadityasingh/Library/Developer/Xcode/DerivedData/Chatlio-erkyzdeecsohoaggpwbjdvavzqfv/SourcePackages/checkouts/SFSafeSymbols/Sources/SFSafeSymbols/Symbols/SFSymbol+AllSymbols+6.2.swift /Users/aadityasingh/Library/Developer/Xcode/DerivedData/Chatlio-erkyzdeecsohoaggpwbjdvavzqfv/SourcePackages/checkouts/SFSafeSymbols/Sources/SFSafeSymbols/Symbols/SFSymbol+AllSymbols+6.3.swift /Users/aadityasingh/Library/Developer/Xcode/DerivedData/Chatlio-erkyzdeecsohoaggpwbjdvavzqfv/SourcePackages/checkouts/SFSafeSymbols/Sources/SFSafeSymbols/Symbols/SFSymbol+AllSymbols+6.4.swift (in target 'SFSafeSymbols' from project 'SFSafeSymbols')

SwiftCompile normal arm64 /Users/aadityasingh/Library/Developer/Xcode/DerivedData/Chatlio-erkyzdeecsohoaggpwbjdvavzqfv/SourcePackages/checkouts/SFSafeSymbols/Sources/SFSafeSymbols/Symbols/SFSymbol+AllSymbols+6.0.swift (in target 'SFSafeSymbols' from project 'SFSafeSymbols')
    cd /Users/aadityasingh/Documents/Development/element-x-ios/Chatlio.xcodeproj
    

SwiftCompile normal arm64 /Users/aadityasingh/Library/Developer/Xcode/DerivedData/Chatlio-erkyzdeecsohoaggpwbjdvavzqfv/SourcePackages/checkouts/SFSafeSymbols/Sources/SFSafeSymbols/Symbols/SFSymbol+AllSymbols+6.1.swift (in target 'SFSafeSymbols' from project 'SFSafeSymbols')
    cd /Users/aadityasingh/Documents/Development/element-x-ios/Chatlio.xcodeproj
    

SwiftCompile normal arm64 /Users/aadityasingh/Library/Developer/Xcode/DerivedData/Chatlio-erkyzdeecsohoaggpwbjdvavzqfv/SourcePackages/checkouts/SFSafeSymbols/Sources/SFSafeSymbols/Symbols/SFSymbol+AllSymbols+6.2.swift (in target 'SFSafeSymbols' from project 'SFSafeSymbols')
    cd /Users/aadityasingh/Documents/Development/element-x-ios/Chatlio.xcodeproj
    

SwiftCompile normal arm64 /Users/aadityasingh/Library/Developer/Xcode/DerivedData/Chatlio-erkyzdeecsohoaggpwbjdvavzqfv/SourcePackages/checkouts/SFSafeSymbols/Sources/SFSafeSymbols/Symbols/SFSymbol+AllSymbols+6.3.swift (in target 'SFSafeSymbols' from project 'SFSafeSymbols')
    cd /Users/aadityasingh/Documents/Development/element-x-ios/Chatlio.xcodeproj
    

SwiftCompile normal arm64 /Users/aadityasingh/Library/Developer/Xcode/DerivedData/Chatlio-erkyzdeecsohoaggpwbjdvavzqfv/SourcePackages/checkouts/SFSafeSymbols/Sources/SFSafeSymbols/Symbols/SFSymbol+AllSymbols+6.4.swift (in target 'SFSafeSymbols' from project 'SFSafeSymbols')
    cd /Users/aadityasingh/Documents/Development/element-x-ios/Chatlio.xcodeproj
    

SwiftDriverJobDiscovery normal arm64 Compiling SFSymbol+AllSymbols+3.2.swift, SFSymbol+AllSymbols+3.3.swift, SFSymbol+AllSymbols+4.0.swift, SFSymbol+AllSymbols+4.1.swift, SFSymbol+AllSymbols+4.2.swift (in target 'SFSafeSymbols' from project 'SFSafeSymbols')

SwiftCompile normal x86_64 Compiling\ RelaxedArithmetic.swift /Users/aadityasingh/Library/Developer/Xcode/DerivedData/Chatlio-erkyzdeecsohoaggpwbjdvavzqfv/SourcePackages/checkouts/swift-numerics/Sources/RealModule/RelaxedArithmetic.swift (in target 'RealModule' from project 'swift-numerics')

SwiftCompile normal x86_64 /Users/aadityasingh/Library/Developer/Xcode/DerivedData/Chatlio-erkyzdeecsohoaggpwbjdvavzqfv/SourcePackages/checkouts/swift-numerics/Sources/RealModule/RelaxedArithmetic.swift (in target 'RealModule' from project 'swift-numerics')
    cd /Users/aadityasingh/Documents/Development/element-x-ios/Chatlio.xcodeproj
    

SwiftDriverJobDiscovery normal arm64 Compiling SFSymbol+AllSymbols+2.0.swift, SFSymbol+AllSymbols+2.1.swift, SFSymbol+AllSymbols+2.2.swift, SFSymbol+AllSymbols+3.0.swift, SFSymbol+AllSymbols+3.1.swift (in target 'SFSafeSymbols' from project 'SFSafeSymbols')

SwiftCompile normal arm64 Compiling\ RealFunctions.swift /Users/aadityasingh/Library/Developer/Xcode/DerivedData/Chatlio-erkyzdeecsohoaggpwbjdvavzqfv/SourcePackages/checkouts/swift-numerics/Sources/RealModule/RealFunctions.swift (in target 'RealModule' from project 'swift-numerics')

SwiftCompile normal arm64 /Users/aadityasingh/Library/Developer/Xcode/DerivedData/Chatlio-erkyzdeecsohoaggpwbjdvavzqfv/SourcePackages/checkouts/swift-numerics/Sources/RealModule/RealFunctions.swift (in target 'RealModule' from project 'swift-numerics')
    cd /Users/aadityasingh/Documents/Development/element-x-ios/Chatlio.xcodeproj
    

SwiftCompile normal arm64 Compiling\ Float16+Real.swift /Users/aadityasingh/Library/Developer/Xcode/DerivedData/Chatlio-erkyzdeecsohoaggpwbjdvavzqfv/SourcePackages/checkouts/swift-numerics/Sources/RealModule/Float16+Real.swift (in target 'RealModule' from project 'swift-numerics')

SwiftCompile normal arm64 /Users/aadityasingh/Library/Developer/Xcode/DerivedData/Chatlio-erkyzdeecsohoaggpwbjdvavzqfv/SourcePackages/checkouts/swift-numerics/Sources/RealModule/Float16+Real.swift (in target 'RealModule' from project 'swift-numerics')
    cd /Users/aadityasingh/Documents/Development/element-x-ios/Chatlio.xcodeproj
    

SwiftCompile normal x86_64 Compiling\ Double+Real.swift /Users/aadityasingh/Library/Developer/Xcode/DerivedData/Chatlio-erkyzdeecsohoaggpwbjdvavzqfv/SourcePackages/checkouts/swift-numerics/Sources/RealModule/Double+Real.swift (in target 'RealModule' from project 'swift-numerics')

SwiftCompile normal x86_64 /Users/aadityasingh/Library/Developer/Xcode/DerivedData/Chatlio-erkyzdeecsohoaggpwbjdvavzqfv/SourcePackages/checkouts/swift-numerics/Sources/RealModule/Double+Real.swift (in target 'RealModule' from project 'swift-numerics')
    cd /Users/aadityasingh/Documents/Development/element-x-ios/Chatlio.xcodeproj
    

SwiftDriverJobDiscovery normal arm64 Compiling SFSymbol+1.0.swift, SFSymbol+1.1.swift, SFSymbol+2.0.swift, SFSymbol+2.1.swift, SFSymbol+2.2.swift (in target 'SFSafeSymbols' from project 'SFSafeSymbols')

SwiftDriverJobDiscovery normal arm64 Compiling SFSymbol+5.3.swift, SFSymbol+5.4.swift, SFSymbol+6.0.swift, SFSymbol+6.1.swift, SFSymbol+6.2.swift (in target 'SFSafeSymbols' from project 'SFSafeSymbols')

SwiftDriverJobDiscovery normal x86_64 Compiling SFSymbol+1.0.swift, SFSymbol+1.1.swift, SFSymbol+2.0.swift, SFSymbol+2.1.swift, SFSymbol+2.2.swift (in target 'SFSafeSymbols' from project 'SFSafeSymbols')

SwiftCompile normal arm64 Compiling\ Double+Real.swift /Users/aadityasingh/Library/Developer/Xcode/DerivedData/Chatlio-erkyzdeecsohoaggpwbjdvavzqfv/SourcePackages/checkouts/swift-numerics/Sources/RealModule/Double+Real.swift (in target 'RealModule' from project 'swift-numerics')

SwiftCompile normal arm64 /Users/aadityasingh/Library/Developer/Xcode/DerivedData/Chatlio-erkyzdeecsohoaggpwbjdvavzqfv/SourcePackages/checkouts/swift-numerics/Sources/RealModule/Double+Real.swift (in target 'RealModule' from project 'swift-numerics')
    cd /Users/aadityasingh/Documents/Development/element-x-ios/Chatlio.xcodeproj
    

SwiftDriverJobDiscovery normal arm64 Compiling RealFunctions.swift (in target 'RealModule' from project 'swift-numerics')

SwiftDriverJobDiscovery normal x86_64 Compiling RelaxedArithmetic.swift (in target 'RealModule' from project 'swift-numerics')

SwiftCompile normal arm64 Compiling\ AugmentedArithmetic.swift /Users/aadityasingh/Library/Developer/Xcode/DerivedData/Chatlio-erkyzdeecsohoaggpwbjdvavzqfv/SourcePackages/checkouts/swift-numerics/Sources/RealModule/AugmentedArithmetic.swift (in target 'RealModule' from project 'swift-numerics')

SwiftCompile normal arm64 /Users/aadityasingh/Library/Developer/Xcode/DerivedData/Chatlio-erkyzdeecsohoaggpwbjdvavzqfv/SourcePackages/checkouts/swift-numerics/Sources/RealModule/AugmentedArithmetic.swift (in target 'RealModule' from project 'swift-numerics')
    cd /Users/aadityasingh/Documents/Development/element-x-ios/Chatlio.xcodeproj
    

SwiftDriverJobDiscovery normal arm64 Compiling Float16+Real.swift (in target 'RealModule' from project 'swift-numerics')

SwiftCompile normal x86_64 Compiling\ ElementaryFunctions.swift /Users/aadityasingh/Library/Developer/Xcode/DerivedData/Chatlio-erkyzdeecsohoaggpwbjdvavzqfv/SourcePackages/checkouts/swift-numerics/Sources/RealModule/ElementaryFunctions.swift (in target 'RealModule' from project 'swift-numerics')

SwiftCompile normal x86_64 /Users/aadityasingh/Library/Developer/Xcode/DerivedData/Chatlio-erkyzdeecsohoaggpwbjdvavzqfv/SourcePackages/checkouts/swift-numerics/Sources/RealModule/ElementaryFunctions.swift (in target 'RealModule' from project 'swift-numerics')
    cd /Users/aadityasingh/Documents/Development/element-x-ios/Chatlio.xcodeproj
    

SwiftCompile normal x86_64 Compiling\ Float+Real.swift /Users/aadityasingh/Library/Developer/Xcode/DerivedData/Chatlio-erkyzdeecsohoaggpwbjdvavzqfv/SourcePackages/checkouts/swift-numerics/Sources/RealModule/Float+Real.swift (in target 'RealModule' from project 'swift-numerics')

SwiftCompile normal x86_64 /Users/aadityasingh/Library/Developer/Xcode/DerivedData/Chatlio-erkyzdeecsohoaggpwbjdvavzqfv/SourcePackages/checkouts/swift-numerics/Sources/RealModule/Float+Real.swift (in target 'RealModule' from project 'swift-numerics')
    cd /Users/aadityasingh/Documents/Development/element-x-ios/Chatlio.xcodeproj
    

SwiftDriverJobDiscovery normal x86_64 Compiling Double+Real.swift (in target 'RealModule' from project 'swift-numerics')

SwiftCompile normal arm64 Compiling\ Float80+Real.swift /Users/aadityasingh/Library/Developer/Xcode/DerivedData/Chatlio-erkyzdeecsohoaggpwbjdvavzqfv/SourcePackages/checkouts/swift-numerics/Sources/RealModule/Float80+Real.swift (in target 'RealModule' from project 'swift-numerics')

SwiftCompile normal arm64 /Users/aadityasingh/Library/Developer/Xcode/DerivedData/Chatlio-erkyzdeecsohoaggpwbjdvavzqfv/SourcePackages/checkouts/swift-numerics/Sources/RealModule/Float80+Real.swift (in target 'RealModule' from project 'swift-numerics')
    cd /Users/aadityasingh/Documents/Development/element-x-ios/Chatlio.xcodeproj
    

SwiftDriverJobDiscovery normal arm64 Compiling AugmentedArithmetic.swift (in target 'RealModule' from project 'swift-numerics')

SwiftCompile normal arm64 Compiling\ AlgebraicField.swift /Users/aadityasingh/Library/Developer/Xcode/DerivedData/Chatlio-erkyzdeecsohoaggpwbjdvavzqfv/SourcePackages/checkouts/swift-numerics/Sources/RealModule/AlgebraicField.swift (in target 'RealModule' from project 'swift-numerics')

SwiftCompile normal arm64 /Users/aadityasingh/Library/Developer/Xcode/DerivedData/Chatlio-erkyzdeecsohoaggpwbjdvavzqfv/SourcePackages/checkouts/swift-numerics/Sources/RealModule/AlgebraicField.swift (in target 'RealModule' from project 'swift-numerics')
    cd /Users/aadityasingh/Documents/Development/element-x-ios/Chatlio.xcodeproj
    

SwiftDriverJobDiscovery normal x86_64 Compiling ElementaryFunctions.swift (in target 'RealModule' from project 'swift-numerics')

SwiftCompile normal x86_64 Compiling\ Float80+Real.swift /Users/aadityasingh/Library/Developer/Xcode/DerivedData/Chatlio-erkyzdeecsohoaggpwbjdvavzqfv/SourcePackages/checkouts/swift-numerics/Sources/RealModule/Float80+Real.swift (in target 'RealModule' from project 'swift-numerics')

SwiftCompile normal x86_64 /Users/aadityasingh/Library/Developer/Xcode/DerivedData/Chatlio-erkyzdeecsohoaggpwbjdvavzqfv/SourcePackages/checkouts/swift-numerics/Sources/RealModule/Float80+Real.swift (in target 'RealModule' from project 'swift-numerics')
    cd /Users/aadityasingh/Documents/Development/element-x-ios/Chatlio.xcodeproj
    

SwiftDriverJobDiscovery normal arm64 Compiling Double+Real.swift (in target 'RealModule' from project 'swift-numerics')

SwiftCompile normal arm64 Compiling\ RelaxedArithmetic.swift /Users/aadityasingh/Library/Developer/Xcode/DerivedData/Chatlio-erkyzdeecsohoaggpwbjdvavzqfv/SourcePackages/checkouts/swift-numerics/Sources/RealModule/RelaxedArithmetic.swift (in target 'RealModule' from project 'swift-numerics')

SwiftCompile normal arm64 /Users/aadityasingh/Library/Developer/Xcode/DerivedData/Chatlio-erkyzdeecsohoaggpwbjdvavzqfv/SourcePackages/checkouts/swift-numerics/Sources/RealModule/RelaxedArithmetic.swift (in target 'RealModule' from project 'swift-numerics')
    cd /Users/aadityasingh/Documents/Development/element-x-ios/Chatlio.xcodeproj
    

SwiftDriverJobDiscovery normal arm64 Compiling Float80+Real.swift (in target 'RealModule' from project 'swift-numerics')

SwiftCompile normal x86_64 Compiling\ Float16+Real.swift /Users/aadityasingh/Library/Developer/Xcode/DerivedData/Chatlio-erkyzdeecsohoaggpwbjdvavzqfv/SourcePackages/checkouts/swift-numerics/Sources/RealModule/Float16+Real.swift (in target 'RealModule' from project 'swift-numerics')

SwiftCompile normal x86_64 /Users/aadityasingh/Library/Developer/Xcode/DerivedData/Chatlio-erkyzdeecsohoaggpwbjdvavzqfv/SourcePackages/checkouts/swift-numerics/Sources/RealModule/Float16+Real.swift (in target 'RealModule' from project 'swift-numerics')
    cd /Users/aadityasingh/Documents/Development/element-x-ios/Chatlio.xcodeproj
    

SwiftDriverJobDiscovery normal arm64 Compiling AlgebraicField.swift (in target 'RealModule' from project 'swift-numerics')

SwiftDriverJobDiscovery normal x86_64 Compiling Float+Real.swift (in target 'RealModule' from project 'swift-numerics')

SwiftCompile normal arm64 Compiling\ ElementaryFunctions.swift /Users/aadityasingh/Library/Developer/Xcode/DerivedData/Chatlio-erkyzdeecsohoaggpwbjdvavzqfv/SourcePackages/checkouts/swift-numerics/Sources/RealModule/ElementaryFunctions.swift (in target 'RealModule' from project 'swift-numerics')

SwiftCompile normal arm64 /Users/aadityasingh/Library/Developer/Xcode/DerivedData/Chatlio-erkyzdeecsohoaggpwbjdvavzqfv/SourcePackages/checkouts/swift-numerics/Sources/RealModule/ElementaryFunctions.swift (in target 'RealModule' from project 'swift-numerics')
    cd /Users/aadityasingh/Documents/Development/element-x-ios/Chatlio.xcodeproj
    

SwiftDriverJobDiscovery normal arm64 Compiling RelaxedArithmetic.swift (in target 'RealModule' from project 'swift-numerics')

SwiftCompile normal x86_64 Compiling\ AlgebraicField.swift /Users/aadityasingh/Library/Developer/Xcode/DerivedData/Chatlio-erkyzdeecsohoaggpwbjdvavzqfv/SourcePackages/checkouts/swift-numerics/Sources/RealModule/AlgebraicField.swift (in target 'RealModule' from project 'swift-numerics')

SwiftCompile normal x86_64 /Users/aadityasingh/Library/Developer/Xcode/DerivedData/Chatlio-erkyzdeecsohoaggpwbjdvavzqfv/SourcePackages/checkouts/swift-numerics/Sources/RealModule/AlgebraicField.swift (in target 'RealModule' from project 'swift-numerics')
    cd /Users/aadityasingh/Documents/Development/element-x-ios/Chatlio.xcodeproj
    

SwiftDriverJobDiscovery normal arm64 Compiling ElementaryFunctions.swift (in target 'RealModule' from project 'swift-numerics')

SwiftCompile normal arm64 Compiling\ ApproximateEquality.swift /Users/aadityasingh/Library/Developer/Xcode/DerivedData/Chatlio-erkyzdeecsohoaggpwbjdvavzqfv/SourcePackages/checkouts/swift-numerics/Sources/RealModule/ApproximateEquality.swift (in target 'RealModule' from project 'swift-numerics')

SwiftCompile normal arm64 /Users/aadityasingh/Library/Developer/Xcode/DerivedData/Chatlio-erkyzdeecsohoaggpwbjdvavzqfv/SourcePackages/checkouts/swift-numerics/Sources/RealModule/ApproximateEquality.swift (in target 'RealModule' from project 'swift-numerics')
    cd /Users/aadityasingh/Documents/Development/element-x-ios/Chatlio.xcodeproj
    

SwiftCompile normal x86_64 Compiling\ AugmentedArithmetic.swift /Users/aadityasingh/Library/Developer/Xcode/DerivedData/Chatlio-erkyzdeecsohoaggpwbjdvavzqfv/SourcePackages/checkouts/swift-numerics/Sources/RealModule/AugmentedArithmetic.swift (in target 'RealModule' from project 'swift-numerics')

SwiftCompile normal x86_64 /Users/aadityasingh/Library/Developer/Xcode/DerivedData/Chatlio-erkyzdeecsohoaggpwbjdvavzqfv/SourcePackages/checkouts/swift-numerics/Sources/RealModule/AugmentedArithmetic.swift (in target 'RealModule' from project 'swift-numerics')
    cd /Users/aadityasingh/Documents/Development/element-x-ios/Chatlio.xcodeproj
    

SwiftDriverJobDiscovery normal x86_64 Compiling Float80+Real.swift (in target 'RealModule' from project 'swift-numerics')

SwiftCompile normal x86_64 Compiling\ Real.swift /Users/aadityasingh/Library/Developer/Xcode/DerivedData/Chatlio-erkyzdeecsohoaggpwbjdvavzqfv/SourcePackages/checkouts/swift-numerics/Sources/RealModule/Real.swift (in target 'RealModule' from project 'swift-numerics')

SwiftCompile normal x86_64 /Users/aadityasingh/Library/Developer/Xcode/DerivedData/Chatlio-erkyzdeecsohoaggpwbjdvavzqfv/SourcePackages/checkouts/swift-numerics/Sources/RealModule/Real.swift (in target 'RealModule' from project 'swift-numerics')
    cd /Users/aadityasingh/Documents/Development/element-x-ios/Chatlio.xcodeproj
    

SwiftDriverJobDiscovery normal x86_64 Compiling Float16+Real.swift (in target 'RealModule' from project 'swift-numerics')

SwiftCompile normal x86_64 Compiling\ RealFunctions.swift /Users/aadityasingh/Library/Developer/Xcode/DerivedData/Chatlio-erkyzdeecsohoaggpwbjdvavzqfv/SourcePackages/checkouts/swift-numerics/Sources/RealModule/RealFunctions.swift (in target 'RealModule' from project 'swift-numerics')

SwiftCompile normal x86_64 /Users/aadityasingh/Library/Developer/Xcode/DerivedData/Chatlio-erkyzdeecsohoaggpwbjdvavzqfv/SourcePackages/checkouts/swift-numerics/Sources/RealModule/RealFunctions.swift (in target 'RealModule' from project 'swift-numerics')
    cd /Users/aadityasingh/Documents/Development/element-x-ios/Chatlio.xcodeproj
    

SwiftDriverJobDiscovery normal x86_64 Compiling AlgebraicField.swift (in target 'RealModule' from project 'swift-numerics')

SwiftCompile normal x86_64 Compiling\ ApproximateEquality.swift /Users/aadityasingh/Library/Developer/Xcode/DerivedData/Chatlio-erkyzdeecsohoaggpwbjdvavzqfv/SourcePackages/checkouts/swift-numerics/Sources/RealModule/ApproximateEquality.swift (in target 'RealModule' from project 'swift-numerics')

SwiftCompile normal x86_64 /Users/aadityasingh/Library/Developer/Xcode/DerivedData/Chatlio-erkyzdeecsohoaggpwbjdvavzqfv/SourcePackages/checkouts/swift-numerics/Sources/RealModule/ApproximateEquality.swift (in target 'RealModule' from project 'swift-numerics')
    cd /Users/aadityasingh/Documents/Development/element-x-ios/Chatlio.xcodeproj
    

SwiftDriverJobDiscovery normal x86_64 Compiling AugmentedArithmetic.swift (in target 'RealModule' from project 'swift-numerics')

SwiftCompile normal arm64 Compiling\ Float+Real.swift /Users/aadityasingh/Library/Developer/Xcode/DerivedData/Chatlio-erkyzdeecsohoaggpwbjdvavzqfv/SourcePackages/checkouts/swift-numerics/Sources/RealModule/Float+Real.swift (in target 'RealModule' from project 'swift-numerics')

SwiftCompile normal arm64 /Users/aadityasingh/Library/Developer/Xcode/DerivedData/Chatlio-erkyzdeecsohoaggpwbjdvavzqfv/SourcePackages/checkouts/swift-numerics/Sources/RealModule/Float+Real.swift (in target 'RealModule' from project 'swift-numerics')
    cd /Users/aadityasingh/Documents/Development/element-x-ios/Chatlio.xcodeproj
    

SwiftDriverJobDiscovery normal arm64 Compiling ApproximateEquality.swift (in target 'RealModule' from project 'swift-numerics')

SwiftCompile normal arm64 Compiling\ Real.swift /Users/aadityasingh/Library/Developer/Xcode/DerivedData/Chatlio-erkyzdeecsohoaggpwbjdvavzqfv/SourcePackages/checkouts/swift-numerics/Sources/RealModule/Real.swift (in target 'RealModule' from project 'swift-numerics')

SwiftCompile normal arm64 /Users/aadityasingh/Library/Developer/Xcode/DerivedData/Chatlio-erkyzdeecsohoaggpwbjdvavzqfv/SourcePackages/checkouts/swift-numerics/Sources/RealModule/Real.swift (in target 'RealModule' from project 'swift-numerics')
    cd /Users/aadityasingh/Documents/Development/element-x-ios/Chatlio.xcodeproj
    

SwiftDriverJobDiscovery normal x86_64 Compiling RealFunctions.swift (in target 'RealModule' from project 'swift-numerics')

SwiftDriverJobDiscovery normal arm64 Compiling SFSymbol+3.0.swift, SFSymbol+3.1.swift, SFSymbol+3.2.swift, SFSymbol+3.3.swift, SFSymbol+4.0.swift (in target 'SFSafeSymbols' from project 'SFSafeSymbols')

SwiftCompile normal x86_64 Compiling\ FileUtils.swift,\ Hedgelog.swift,\ Reachability.swift,\ ReadWriteLock.swift,\ TimeBasedEpochGenerator.swift,\ UIApplication+.swift,\ UIImage+WebP.swift,\ UIWindow+.swift,\ UUIDUtils.swift /Users/aadityasingh/Library/Developer/Xcode/DerivedData/Chatlio-erkyzdeecsohoaggpwbjdvavzqfv/SourcePackages/checkouts/posthog-ios/PostHog/Utils/FileUtils.swift /Users/aadityasingh/Library/Developer/Xcode/DerivedData/Chatlio-erkyzdeecsohoaggpwbjdvavzqfv/SourcePackages/checkouts/posthog-ios/PostHog/Utils/Hedgelog.swift /Users/aadityasingh/Library/Developer/Xcode/DerivedData/Chatlio-erkyzdeecsohoaggpwbjdvavzqfv/SourcePackages/checkouts/posthog-ios/PostHog/Utils/Reachability.swift /Users/aadityasingh/Library/Developer/Xcode/DerivedData/Chatlio-erkyzdeecsohoaggpwbjdvavzqfv/SourcePackages/checkouts/posthog-ios/PostHog/Utils/ReadWriteLock.swift /Users/aadityasingh/Library/Developer/Xcode/DerivedData/Chatlio-erkyzdeecsohoaggpwbjdvavzqfv/SourcePackages/checkouts/posthog-ios/PostHog/Utils/TimeBasedEpochGenerator.swift /Users/aadityasingh/Library/Developer/Xcode/DerivedData/Chatlio-erkyzdeecsohoaggpwbjdvavzqfv/SourcePackages/checkouts/posthog-ios/PostHog/Utils/UIApplication+.swift /Users/aadityasingh/Library/Developer/Xcode/DerivedData/Chatlio-erkyzdeecsohoaggpwbjdvavzqfv/SourcePackages/checkouts/posthog-ios/PostHog/Utils/UIImage+WebP.swift /Users/aadityasingh/Library/Developer/Xcode/DerivedData/Chatlio-erkyzdeecsohoaggpwbjdvavzqfv/SourcePackages/checkouts/posthog-ios/PostHog/Utils/UIWindow+.swift /Users/aadityasingh/Library/Developer/Xcode/DerivedData/Chatlio-erkyzdeecsohoaggpwbjdvavzqfv/SourcePackages/checkouts/posthog-ios/PostHog/Utils/UUIDUtils.swift (in target 'PostHog' from project 'PostHog')

SwiftCompile normal x86_64 /Users/aadityasingh/Library/Developer/Xcode/DerivedData/Chatlio-erkyzdeecsohoaggpwbjdvavzqfv/SourcePackages/checkouts/posthog-ios/PostHog/Utils/FileUtils.swift (in target 'PostHog' from project 'PostHog')
    cd /Users/aadityasingh/Documents/Development/element-x-ios/Chatlio.xcodeproj
    

SwiftCompile normal x86_64 /Users/aadityasingh/Library/Developer/Xcode/DerivedData/Chatlio-erkyzdeecsohoaggpwbjdvavzqfv/SourcePackages/checkouts/posthog-ios/PostHog/Utils/Hedgelog.swift (in target 'PostHog' from project 'PostHog')
    cd /Users/aadityasingh/Documents/Development/element-x-ios/Chatlio.xcodeproj
    

SwiftCompile normal x86_64 /Users/aadityasingh/Library/Developer/Xcode/DerivedData/Chatlio-erkyzdeecsohoaggpwbjdvavzqfv/SourcePackages/checkouts/posthog-ios/PostHog/Utils/Reachability.swift (in target 'PostHog' from project 'PostHog')
    cd /Users/aadityasingh/Documents/Development/element-x-ios/Chatlio.xcodeproj
    

SwiftCompile normal x86_64 /Users/aadityasingh/Library/Developer/Xcode/DerivedData/Chatlio-erkyzdeecsohoaggpwbjdvavzqfv/SourcePackages/checkouts/posthog-ios/PostHog/Utils/ReadWriteLock.swift (in target 'PostHog' from project 'PostHog')
    cd /Users/aadityasingh/Documents/Development/element-x-ios/Chatlio.xcodeproj
    

SwiftCompile normal x86_64 /Users/aadityasingh/Library/Developer/Xcode/DerivedData/Chatlio-erkyzdeecsohoaggpwbjdvavzqfv/SourcePackages/checkouts/posthog-ios/PostHog/Utils/TimeBasedEpochGenerator.swift (in target 'PostHog' from project 'PostHog')
    cd /Users/aadityasingh/Documents/Development/element-x-ios/Chatlio.xcodeproj
    

SwiftCompile normal x86_64 /Users/aadityasingh/Library/Developer/Xcode/DerivedData/Chatlio-erkyzdeecsohoaggpwbjdvavzqfv/SourcePackages/checkouts/posthog-ios/PostHog/Utils/UIApplication+.swift (in target 'PostHog' from project 'PostHog')
    cd /Users/aadityasingh/Documents/Development/element-x-ios/Chatlio.xcodeproj
    

SwiftCompile normal x86_64 /Users/aadityasingh/Library/Developer/Xcode/DerivedData/Chatlio-erkyzdeecsohoaggpwbjdvavzqfv/SourcePackages/checkouts/posthog-ios/PostHog/Utils/UIImage+WebP.swift (in target 'PostHog' from project 'PostHog')
    cd /Users/aadityasingh/Documents/Development/element-x-ios/Chatlio.xcodeproj
    

SwiftCompile normal x86_64 /Users/aadityasingh/Library/Developer/Xcode/DerivedData/Chatlio-erkyzdeecsohoaggpwbjdvavzqfv/SourcePackages/checkouts/posthog-ios/PostHog/Utils/UIWindow+.swift (in target 'PostHog' from project 'PostHog')
    cd /Users/aadityasingh/Documents/Development/element-x-ios/Chatlio.xcodeproj
    

SwiftCompile normal x86_64 /Users/aadityasingh/Library/Developer/Xcode/DerivedData/Chatlio-erkyzdeecsohoaggpwbjdvavzqfv/SourcePackages/checkouts/posthog-ios/PostHog/Utils/UUIDUtils.swift (in target 'PostHog' from project 'PostHog')
    cd /Users/aadityasingh/Documents/Development/element-x-ios/Chatlio.xcodeproj
    

SwiftCompile normal x86_64 Compiling\ PostHogSessionReplayNetworkPlugin.swift,\ URLSessionExtension.swift,\ URLSessionInterceptor.swift,\ URLSessionSwizzler.swift,\ PostHogSessionReplayPlugin.swift,\ PostHogReplayIntegration.swift,\ PostHogSessionReplayConfig.swift,\ PostHogSessionReplayConsoleLogConfig.swift,\ RRStyle.swift /Users/aadityasingh/Library/Developer/Xcode/DerivedData/Chatlio-erkyzdeecsohoaggpwbjdvavzqfv/SourcePackages/checkouts/posthog-ios/PostHog/Replay/Plugins/Network/PostHogSessionReplayNetworkPlugin.swift /Users/aadityasingh/Library/Developer/Xcode/DerivedData/Chatlio-erkyzdeecsohoaggpwbjdvavzqfv/SourcePackages/checkouts/posthog-ios/PostHog/Replay/Plugins/Network/URLSessionExtension.swift /Users/aadityasingh/Library/Developer/Xcode/DerivedData/Chatlio-erkyzdeecsohoaggpwbjdvavzqfv/SourcePackages/checkouts/posthog-ios/PostHog/Replay/Plugins/Network/URLSessionInterceptor.swift /Users/aadityasingh/Library/Developer/Xcode/DerivedData/Chatlio-erkyzdeecsohoaggpwbjdvavzqfv/SourcePackages/checkouts/posthog-ios/PostHog/Replay/Plugins/Network/URLSessionSwizzler.swift /Users/aadityasingh/Library/Developer/Xcode/DerivedData/Chatlio-erkyzdeecsohoaggpwbjdvavzqfv/SourcePackages/checkouts/posthog-ios/PostHog/Replay/Plugins/PostHogSessionReplayPlugin.swift /Users/aadityasingh/Library/Developer/Xcode/DerivedData/Chatlio-erkyzdeecsohoaggpwbjdvavzqfv/SourcePackages/checkouts/posthog-ios/PostHog/Replay/PostHogReplayIntegration.swift /Users/aadityasingh/Library/Developer/Xcode/DerivedData/Chatlio-erkyzdeecsohoaggpwbjdvavzqfv/SourcePackages/checkouts/posthog-ios/PostHog/Replay/PostHogSessionReplayConfig.swift /Users/aadityasingh/Library/Developer/Xcode/DerivedData/Chatlio-erkyzdeecsohoaggpwbjdvavzqfv/SourcePackages/checkouts/posthog-ios/PostHog/Replay/PostHogSessionReplayConsoleLogConfig.swift /Users/aadityasingh/Library/Developer/Xcode/DerivedData/Chatlio-erkyzdeecsohoaggpwbjdvavzqfv/SourcePackages/checkouts/posthog-ios/PostHog/Replay/RRStyle.swift (in target 'PostHog' from project 'PostHog')

SwiftCompile normal x86_64 /Users/aadityasingh/Library/Developer/Xcode/DerivedData/Chatlio-erkyzdeecsohoaggpwbjdvavzqfv/SourcePackages/checkouts/posthog-ios/PostHog/Replay/Plugins/Network/PostHogSessionReplayNetworkPlugin.swift (in target 'PostHog' from project 'PostHog')
    cd /Users/aadityasingh/Documents/Development/element-x-ios/Chatlio.xcodeproj
    

SwiftCompile normal x86_64 /Users/aadityasingh/Library/Developer/Xcode/DerivedData/Chatlio-erkyzdeecsohoaggpwbjdvavzqfv/SourcePackages/checkouts/posthog-ios/PostHog/Replay/Plugins/Network/URLSessionExtension.swift (in target 'PostHog' from project 'PostHog')
    cd /Users/aadityasingh/Documents/Development/element-x-ios/Chatlio.xcodeproj
    

SwiftCompile normal x86_64 /Users/aadityasingh/Library/Developer/Xcode/DerivedData/Chatlio-erkyzdeecsohoaggpwbjdvavzqfv/SourcePackages/checkouts/posthog-ios/PostHog/Replay/Plugins/Network/URLSessionInterceptor.swift (in target 'PostHog' from project 'PostHog')
    cd /Users/aadityasingh/Documents/Development/element-x-ios/Chatlio.xcodeproj
    

SwiftCompile normal x86_64 /Users/aadityasingh/Library/Developer/Xcode/DerivedData/Chatlio-erkyzdeecsohoaggpwbjdvavzqfv/SourcePackages/checkouts/posthog-ios/PostHog/Replay/Plugins/Network/URLSessionSwizzler.swift (in target 'PostHog' from project 'PostHog')
    cd /Users/aadityasingh/Documents/Development/element-x-ios/Chatlio.xcodeproj
    

SwiftCompile normal x86_64 /Users/aadityasingh/Library/Developer/Xcode/DerivedData/Chatlio-erkyzdeecsohoaggpwbjdvavzqfv/SourcePackages/checkouts/posthog-ios/PostHog/Replay/Plugins/PostHogSessionReplayPlugin.swift (in target 'PostHog' from project 'PostHog')
    cd /Users/aadityasingh/Documents/Development/element-x-ios/Chatlio.xcodeproj
    

SwiftCompile normal x86_64 /Users/aadityasingh/Library/Developer/Xcode/DerivedData/Chatlio-erkyzdeecsohoaggpwbjdvavzqfv/SourcePackages/checkouts/posthog-ios/PostHog/Replay/PostHogReplayIntegration.swift (in target 'PostHog' from project 'PostHog')
    cd /Users/aadityasingh/Documents/Development/element-x-ios/Chatlio.xcodeproj
    

SwiftCompile normal x86_64 /Users/aadityasingh/Library/Developer/Xcode/DerivedData/Chatlio-erkyzdeecsohoaggpwbjdvavzqfv/SourcePackages/checkouts/posthog-ios/PostHog/Replay/PostHogSessionReplayConfig.swift (in target 'PostHog' from project 'PostHog')
    cd /Users/aadityasingh/Documents/Development/element-x-ios/Chatlio.xcodeproj
    

SwiftCompile normal x86_64 /Users/aadityasingh/Library/Developer/Xcode/DerivedData/Chatlio-erkyzdeecsohoaggpwbjdvavzqfv/SourcePackages/checkouts/posthog-ios/PostHog/Replay/PostHogSessionReplayConsoleLogConfig.swift (in target 'PostHog' from project 'PostHog')
    cd /Users/aadityasingh/Documents/Development/element-x-ios/Chatlio.xcodeproj
    

SwiftCompile normal x86_64 /Users/aadityasingh/Library/Developer/Xcode/DerivedData/Chatlio-erkyzdeecsohoaggpwbjdvavzqfv/SourcePackages/checkouts/posthog-ios/PostHog/Replay/RRStyle.swift (in target 'PostHog' from project 'PostHog')
    cd /Users/aadityasingh/Documents/Development/element-x-ios/Chatlio.xcodeproj
    

SwiftDriverJobDiscovery normal x86_64 Compiling Real.swift (in target 'RealModule' from project 'swift-numerics')

SwiftDriverJobDiscovery normal x86_64 Compiling ApproximateEquality.swift (in target 'RealModule' from project 'swift-numerics')

SwiftDriver\ Compilation RealModule normal x86_64 com.apple.xcode.tools.swift.compiler (in target 'RealModule' from project 'swift-numerics')
    cd /Users/aadityasingh/Documents/Development/element-x-ios/Chatlio.xcodeproj
    builtin-Swift-Compilation -- /Applications/Xcode.app/Contents/Developer/Toolchains/XcodeDefault.xctoolchain/usr/bin/swiftc -module-name RealModule -Onone @/Users/aadityasingh/Library/Developer/Xcode/DerivedData/Chatlio-erkyzdeecsohoaggpwbjdvavzqfv/Build/Intermediates.noindex/swift-numerics.build/Debug-iphonesimulator/RealModule.build/Objects-normal/x86_64/RealModule.SwiftFileList -DSWIFT_PACKAGE -DDEBUG -DSWIFT_MODULE_RESOURCE_BUNDLE_UNAVAILABLE -DXcode -plugin-path /Applications/Xcode.app/Contents/Developer/Toolchains/XcodeDefault.xctoolchain/usr/lib/swift/host/plugins/testing -enable-experimental-feature DebugDescriptionMacro -sdk /Applications/Xcode.app/Contents/Developer/Platforms/iPhoneSimulator.platform/Developer/SDKs/iPhoneSimulator26.4.sdk -target x86_64-apple-ios12.0-simulator -g -module-cache-path /Users/aadityasingh/Library/Developer/Xcode/DerivedData/ModuleCache.noindex -Xfrontend -serialize-debugging-options -profile-coverage-mapping -profile-generate -enable-testing -suppress-warnings -index-store-path /Users/aadityasingh/Library/Developer/Xcode/DerivedData/Chatlio-erkyzdeecsohoaggpwbjdvavzqfv/Index.noindex/DataStore -Xcc -D_LIBCPP_HARDENING_MODE\=_LIBCPP_HARDENING_MODE_DEBUG -swift-version 5 -I /Users/aadityasingh/Library/Developer/Xcode/DerivedData/Chatlio-erkyzdeecsohoaggpwbjdvavzqfv/Build/Products/Debug-iphonesimulator -Isystem /Applications/Xcode.app/Contents/Developer/Platforms/iPhoneSimulator.platform/Developer/usr/lib -F /Users/aadityasingh/Library/Developer/Xcode/DerivedData/Chatlio-erkyzdeecsohoaggpwbjdvavzqfv/Build/Products/Debug-iphonesimulator/PackageFrameworks -F /Users/aadityasingh/Library/Developer/Xcode/DerivedData/Chatlio-erkyzdeecsohoaggpwbjdvavzqfv/Build/Products/Debug-iphonesimulator -F /Applications/Xcode.app/Contents/Developer/Platforms/iPhoneSimulator.platform/Developer/Library/Frameworks -F /Applications/Xcode.app/Contents/Developer/Platforms/iPhoneSimulator.platform/Developer/SDKs/iPhoneSimulator26.4.sdk/Developer/Library/Frameworks -c -j12 -enable-batch-mode -incremental -Xcc -ivfsstatcache -Xcc /Users/aadityasingh/Library/Developer/Xcode/DerivedData/SDKStatCaches.noindex/iphonesimulator26.4-23E252-686eebb5dc1d8ecb277353a59184f4aa.sdkstatcache -output-file-map /Users/aadityasingh/Library/Developer/Xcode/DerivedData/Chatlio-erkyzdeecsohoaggpwbjdvavzqfv/Build/Intermediates.noindex/swift-numerics.build/Debug-iphonesimulator/RealModule.build/Objects-normal/x86_64/RealModule-OutputFileMap.json -use-frontend-parseable-output -save-temps -no-color-diagnostics -explicit-module-build -module-cache-path /Users/aadityasingh/Library/Developer/Xcode/DerivedData/Chatlio-erkyzdeecsohoaggpwbjdvavzqfv/Build/Intermediates.noindex/SwiftExplicitPrecompiledModules -clang-scanner-module-cache-path /Users/aadityasingh/Library/Developer/Xcode/DerivedData/ModuleCache.noindex -sdk-module-cache-path /Users/aadityasingh/Library/Developer/Xcode/DerivedData/ModuleCache.noindex -serialize-diagnostics -emit-dependencies -emit-module -emit-module-path /Users/aadityasingh/Library/Developer/Xcode/DerivedData/Chatlio-erkyzdeecsohoaggpwbjdvavzqfv/Build/Intermediates.noindex/swift-numerics.build/Debug-iphonesimulator/RealModule.build/Objects-normal/x86_64/RealModule.swiftmodule -validate-clang-modules-once -clang-build-session-file /Users/aadityasingh/Library/Developer/Xcode/DerivedData/ModuleCache.noindex/Session.modulevalidation -package-name swift_numerics -Xcc -I/Users/aadityasingh/Library/Developer/Xcode/DerivedData/Chatlio-erkyzdeecsohoaggpwbjdvavzqfv/Build/Intermediates.noindex/swift-numerics.build/Debug-iphonesimulator/RealModule.build/swift-overrides.hmap -emit-const-values -Xfrontend -const-gather-protocols-file -Xfrontend /Users/aadityasingh/Library/Developer/Xcode/DerivedData/Chatlio-erkyzdeecsohoaggpwbjdvavzqfv/Build/Intermediates.noindex/swift-numerics.build/Debug-iphonesimulator/RealModule.build/Objects-normal/x86_64/RealModule_const_extract_protocols.json -Xcc -I/Users/aadityasingh/Library/Developer/Xcode/DerivedData/Chatlio-erkyzdeecsohoaggpwbjdvavzqfv/SourcePackages/checkouts/swift-numerics/Sources/_NumericsShims/include -Xcc -I/Users/aadityasingh/Library/Developer/Xcode/DerivedData/Chatlio-erkyzdeecsohoaggpwbjdvavzqfv/Build/Products/Debug-iphonesimulator/include -Xcc -I/Users/aadityasingh/Library/Developer/Xcode/DerivedData/Chatlio-erkyzdeecsohoaggpwbjdvavzqfv/Build/Intermediates.noindex/swift-numerics.build/Debug-iphonesimulator/RealModule.build/DerivedSources-normal/x86_64 -Xcc -I/Users/aadityasingh/Library/Developer/Xcode/DerivedData/Chatlio-erkyzdeecsohoaggpwbjdvavzqfv/Build/Intermediates.noindex/swift-numerics.build/Debug-iphonesimulator/RealModule.build/DerivedSources/x86_64 -Xcc -I/Users/aadityasingh/Library/Developer/Xcode/DerivedData/Chatlio-erkyzdeecsohoaggpwbjdvavzqfv/Build/Intermediates.noindex/swift-numerics.build/Debug-iphonesimulator/RealModule.build/DerivedSources -Xcc -DSWIFT_PACKAGE -Xcc -DDEBUG\=1 -emit-objc-header -emit-objc-header-path /Users/aadityasingh/Library/Developer/Xcode/DerivedData/Chatlio-erkyzdeecsohoaggpwbjdvavzqfv/Build/Intermediates.noindex/swift-numerics.build/Debug-iphonesimulator/RealModule.build/Objects-normal/x86_64/RealModule-Swift.h -working-directory /Users/aadityasingh/Documents/Development/element-x-ios/Chatlio.xcodeproj -experimental-emit-module-separately -disable-cmo

SwiftCompile normal x86_64 Compiling\ Date+Util.swift,\ Float+Util.swift,\ MethodSwizzler.swift,\ NetworkSample.swift,\ Optional+Util.swift,\ PostHogConsoleLogInterceptor.swift,\ PostHogLogEntry.swift,\ PostHogLogLevel.swift,\ PostHogSessionReplayConsoleLogsPlugin.swift /Users/aadityasingh/Library/Developer/Xcode/DerivedData/Chatlio-erkyzdeecsohoaggpwbjdvavzqfv/SourcePackages/checkouts/posthog-ios/PostHog/Replay/Date+Util.swift /Users/aadityasingh/Library/Developer/Xcode/DerivedData/Chatlio-erkyzdeecsohoaggpwbjdvavzqfv/SourcePackages/checkouts/posthog-ios/PostHog/Replay/Float+Util.swift /Users/aadityasingh/Library/Developer/Xcode/DerivedData/Chatlio-erkyzdeecsohoaggpwbjdvavzqfv/SourcePackages/checkouts/posthog-ios/PostHog/Replay/MethodSwizzler.swift /Users/aadityasingh/Library/Developer/Xcode/DerivedData/Chatlio-erkyzdeecsohoaggpwbjdvavzqfv/SourcePackages/checkouts/posthog-ios/PostHog/Replay/NetworkSample.swift /Users/aadityasingh/Library/Developer/Xcode/DerivedData/Chatlio-erkyzdeecsohoaggpwbjdvavzqfv/SourcePackages/checkouts/posthog-ios/PostHog/Replay/Optional+Util.swift /Users/aadityasingh/Library/Developer/Xcode/DerivedData/Chatlio-erkyzdeecsohoaggpwbjdvavzqfv/SourcePackages/checkouts/posthog-ios/PostHog/Replay/Plugins/Console\ Logs/PostHogConsoleLogInterceptor.swift /Users/aadityasingh/Library/Developer/Xcode/DerivedData/Chatlio-erkyzdeecsohoaggpwbjdvavzqfv/SourcePackages/checkouts/posthog-ios/PostHog/Replay/Plugins/Console\ Logs/PostHogLogEntry.swift /Users/aadityasingh/Library/Developer/Xcode/DerivedData/Chatlio-erkyzdeecsohoaggpwbjdvavzqfv/SourcePackages/checkouts/posthog-ios/PostHog/Replay/Plugins/Console\ Logs/PostHogLogLevel.swift /Users/aadityasingh/Library/Developer/Xcode/DerivedData/Chatlio-erkyzdeecsohoaggpwbjdvavzqfv/SourcePackages/checkouts/posthog-ios/PostHog/Replay/Plugins/Console\ Logs/PostHogSessionReplayConsoleLogsPlugin.swift (in target 'PostHog' from project 'PostHog')

SwiftCompile normal x86_64 /Users/aadityasingh/Library/Developer/Xcode/DerivedData/Chatlio-erkyzdeecsohoaggpwbjdvavzqfv/SourcePackages/checkouts/posthog-ios/PostHog/Replay/Date+Util.swift (in target 'PostHog' from project 'PostHog')
    cd /Users/aadityasingh/Documents/Development/element-x-ios/Chatlio.xcodeproj
    

SwiftCompile normal x86_64 /Users/aadityasingh/Library/Developer/Xcode/DerivedData/Chatlio-erkyzdeecsohoaggpwbjdvavzqfv/SourcePackages/checkouts/posthog-ios/PostHog/Replay/Float+Util.swift (in target 'PostHog' from project 'PostHog')
    cd /Users/aadityasingh/Documents/Development/element-x-ios/Chatlio.xcodeproj
    

SwiftCompile normal x86_64 /Users/aadityasingh/Library/Developer/Xcode/DerivedData/Chatlio-erkyzdeecsohoaggpwbjdvavzqfv/SourcePackages/checkouts/posthog-ios/PostHog/Replay/MethodSwizzler.swift (in target 'PostHog' from project 'PostHog')
    cd /Users/aadityasingh/Documents/Development/element-x-ios/Chatlio.xcodeproj
    

SwiftCompile normal x86_64 /Users/aadityasingh/Library/Developer/Xcode/DerivedData/Chatlio-erkyzdeecsohoaggpwbjdvavzqfv/SourcePackages/checkouts/posthog-ios/PostHog/Replay/NetworkSample.swift (in target 'PostHog' from project 'PostHog')
    cd /Users/aadityasingh/Documents/Development/element-x-ios/Chatlio.xcodeproj
    

SwiftCompile normal x86_64 /Users/aadityasingh/Library/Developer/Xcode/DerivedData/Chatlio-erkyzdeecsohoaggpwbjdvavzqfv/SourcePackages/checkouts/posthog-ios/PostHog/Replay/Optional+Util.swift (in target 'PostHog' from project 'PostHog')
    cd /Users/aadityasingh/Documents/Development/element-x-ios/Chatlio.xcodeproj
    

SwiftCompile normal x86_64 /Users/aadityasingh/Library/Developer/Xcode/DerivedData/Chatlio-erkyzdeecsohoaggpwbjdvavzqfv/SourcePackages/checkouts/posthog-ios/PostHog/Replay/Plugins/Console\ Logs/PostHogConsoleLogInterceptor.swift (in target 'PostHog' from project 'PostHog')
    cd /Users/aadityasingh/Documents/Development/element-x-ios/Chatlio.xcodeproj
    

SwiftCompile normal x86_64 /Users/aadityasingh/Library/Developer/Xcode/DerivedData/Chatlio-erkyzdeecsohoaggpwbjdvavzqfv/SourcePackages/checkouts/posthog-ios/PostHog/Replay/Plugins/Console\ Logs/PostHogLogEntry.swift (in target 'PostHog' from project 'PostHog')
    cd /Users/aadityasingh/Documents/Development/element-x-ios/Chatlio.xcodeproj
    

SwiftCompile normal x86_64 /Users/aadityasingh/Library/Developer/Xcode/DerivedData/Chatlio-erkyzdeecsohoaggpwbjdvavzqfv/SourcePackages/checkouts/posthog-ios/PostHog/Replay/Plugins/Console\ Logs/PostHogLogLevel.swift (in target 'PostHog' from project 'PostHog')
    cd /Users/aadityasingh/Documents/Development/element-x-ios/Chatlio.xcodeproj
    

SwiftCompile normal x86_64 /Users/aadityasingh/Library/Developer/Xcode/DerivedData/Chatlio-erkyzdeecsohoaggpwbjdvavzqfv/SourcePackages/checkouts/posthog-ios/PostHog/Replay/Plugins/Console\ Logs/PostHogSessionReplayConsoleLogsPlugin.swift (in target 'PostHog' from project 'PostHog')
    cd /Users/aadityasingh/Documents/Development/element-x-ios/Chatlio.xcodeproj
    

SwiftCompile normal arm64 Compiling\ Date+Util.swift,\ Float+Util.swift,\ MethodSwizzler.swift,\ NetworkSample.swift,\ Optional+Util.swift,\ PostHogConsoleLogInterceptor.swift,\ PostHogLogEntry.swift,\ PostHogLogLevel.swift,\ PostHogSessionReplayConsoleLogsPlugin.swift /Users/aadityasingh/Library/Developer/Xcode/DerivedData/Chatlio-erkyzdeecsohoaggpwbjdvavzqfv/SourcePackages/checkouts/posthog-ios/PostHog/Replay/Date+Util.swift /Users/aadityasingh/Library/Developer/Xcode/DerivedData/Chatlio-erkyzdeecsohoaggpwbjdvavzqfv/SourcePackages/checkouts/posthog-ios/PostHog/Replay/Float+Util.swift /Users/aadityasingh/Library/Developer/Xcode/DerivedData/Chatlio-erkyzdeecsohoaggpwbjdvavzqfv/SourcePackages/checkouts/posthog-ios/PostHog/Replay/MethodSwizzler.swift /Users/aadityasingh/Library/Developer/Xcode/DerivedData/Chatlio-erkyzdeecsohoaggpwbjdvavzqfv/SourcePackages/checkouts/posthog-ios/PostHog/Replay/NetworkSample.swift /Users/aadityasingh/Library/Developer/Xcode/DerivedData/Chatlio-erkyzdeecsohoaggpwbjdvavzqfv/SourcePackages/checkouts/posthog-ios/PostHog/Replay/Optional+Util.swift /Users/aadityasingh/Library/Developer/Xcode/DerivedData/Chatlio-erkyzdeecsohoaggpwbjdvavzqfv/SourcePackages/checkouts/posthog-ios/PostHog/Replay/Plugins/Console\ Logs/PostHogConsoleLogInterceptor.swift /Users/aadityasingh/Library/Developer/Xcode/DerivedData/Chatlio-erkyzdeecsohoaggpwbjdvavzqfv/SourcePackages/checkouts/posthog-ios/PostHog/Replay/Plugins/Console\ Logs/PostHogLogEntry.swift /Users/aadityasingh/Library/Developer/Xcode/DerivedData/Chatlio-erkyzdeecsohoaggpwbjdvavzqfv/SourcePackages/checkouts/posthog-ios/PostHog/Replay/Plugins/Console\ Logs/PostHogLogLevel.swift /Users/aadityasingh/Library/Developer/Xcode/DerivedData/Chatlio-erkyzdeecsohoaggpwbjdvavzqfv/SourcePackages/checkouts/posthog-ios/PostHog/Replay/Plugins/Console\ Logs/PostHogSessionReplayConsoleLogsPlugin.swift (in target 'PostHog' from project 'PostHog')

SwiftCompile normal arm64 /Users/aadityasingh/Library/Developer/Xcode/DerivedData/Chatlio-erkyzdeecsohoaggpwbjdvavzqfv/SourcePackages/checkouts/posthog-ios/PostHog/Replay/Date+Util.swift (in target 'PostHog' from project 'PostHog')
    cd /Users/aadityasingh/Documents/Development/element-x-ios/Chatlio.xcodeproj
    

SwiftCompile normal arm64 /Users/aadityasingh/Library/Developer/Xcode/DerivedData/Chatlio-erkyzdeecsohoaggpwbjdvavzqfv/SourcePackages/checkouts/posthog-ios/PostHog/Replay/Float+Util.swift (in target 'PostHog' from project 'PostHog')
    cd /Users/aadityasingh/Documents/Development/element-x-ios/Chatlio.xcodeproj
    

SwiftCompile normal arm64 /Users/aadityasingh/Library/Developer/Xcode/DerivedData/Chatlio-erkyzdeecsohoaggpwbjdvavzqfv/SourcePackages/checkouts/posthog-ios/PostHog/Replay/MethodSwizzler.swift (in target 'PostHog' from project 'PostHog')
    cd /Users/aadityasingh/Documents/Development/element-x-ios/Chatlio.xcodeproj
    

SwiftCompile normal arm64 /Users/aadityasingh/Library/Developer/Xcode/DerivedData/Chatlio-erkyzdeecsohoaggpwbjdvavzqfv/SourcePackages/checkouts/posthog-ios/PostHog/Replay/NetworkSample.swift (in target 'PostHog' from project 'PostHog')
    cd /Users/aadityasingh/Documents/Development/element-x-ios/Chatlio.xcodeproj
    

SwiftCompile normal arm64 /Users/aadityasingh/Library/Developer/Xcode/DerivedData/Chatlio-erkyzdeecsohoaggpwbjdvavzqfv/SourcePackages/checkouts/posthog-ios/PostHog/Replay/Optional+Util.swift (in target 'PostHog' from project 'PostHog')
    cd /Users/aadityasingh/Documents/Development/element-x-ios/Chatlio.xcodeproj
    

SwiftCompile normal arm64 /Users/aadityasingh/Library/Developer/Xcode/DerivedData/Chatlio-erkyzdeecsohoaggpwbjdvavzqfv/SourcePackages/checkouts/posthog-ios/PostHog/Replay/Plugins/Console\ Logs/PostHogConsoleLogInterceptor.swift (in target 'PostHog' from project 'PostHog')
    cd /Users/aadityasingh/Documents/Development/element-x-ios/Chatlio.xcodeproj
    

SwiftCompile normal arm64 /Users/aadityasingh/Library/Developer/Xcode/DerivedData/Chatlio-erkyzdeecsohoaggpwbjdvavzqfv/SourcePackages/checkouts/posthog-ios/PostHog/Replay/Plugins/Console\ Logs/PostHogLogEntry.swift (in target 'PostHog' from project 'PostHog')
    cd /Users/aadityasingh/Documents/Development/element-x-ios/Chatlio.xcodeproj
    

SwiftCompile normal arm64 /Users/aadityasingh/Library/Developer/Xcode/DerivedData/Chatlio-erkyzdeecsohoaggpwbjdvavzqfv/SourcePackages/checkouts/posthog-ios/PostHog/Replay/Plugins/Console\ Logs/PostHogLogLevel.swift (in target 'PostHog' from project 'PostHog')
    cd /Users/aadityasingh/Documents/Development/element-x-ios/Chatlio.xcodeproj
    

SwiftCompile normal arm64 /Users/aadityasingh/Library/Developer/Xcode/DerivedData/Chatlio-erkyzdeecsohoaggpwbjdvavzqfv/SourcePackages/checkouts/posthog-ios/PostHog/Replay/Plugins/Console\ Logs/PostHogSessionReplayConsoleLogsPlugin.swift (in target 'PostHog' from project 'PostHog')
    cd /Users/aadityasingh/Documents/Development/element-x-ios/Chatlio.xcodeproj
    

SwiftDriverJobDiscovery normal arm64 Compiling Float+Real.swift (in target 'RealModule' from project 'swift-numerics')

SwiftCompile normal arm64 Compiling\ resource_bundle_accessor.swift,\ ApplicationLifecyclePublisher.swift,\ PostHogAppLifeCycleIntegration.swift,\ ApplicationViewLayoutPublisher.swift,\ AutocaptureEventProcessing.swift,\ ForwardingPickerViewDelegate.swift,\ PostHogAutocaptureEventTracker.swift,\ PostHogAutocaptureIntegration.swift,\ View+PostHogLabel.swift,\ UIView+PostHogLabel.swift /Users/aadityasingh/Library/Developer/Xcode/DerivedData/Chatlio-erkyzdeecsohoaggpwbjdvavzqfv/Build/Intermediates.noindex/PostHog.build/Debug-iphonesimulator/PostHog.build/DerivedSources/resource_bundle_accessor.swift /Users/aadityasingh/Library/Developer/Xcode/DerivedData/Chatlio-erkyzdeecsohoaggpwbjdvavzqfv/SourcePackages/checkouts/posthog-ios/PostHog/App\ Life\ Cycle/ApplicationLifecyclePublisher.swift /Users/aadityasingh/Library/Developer/Xcode/DerivedData/Chatlio-erkyzdeecsohoaggpwbjdvavzqfv/SourcePackages/checkouts/posthog-ios/PostHog/App\ Life\ Cycle/PostHogAppLifeCycleIntegration.swift /Users/aadityasingh/Library/Developer/Xcode/DerivedData/Chatlio-erkyzdeecsohoaggpwbjdvavzqfv/SourcePackages/checkouts/posthog-ios/PostHog/ApplicationViewLayoutPublisher.swift /Users/aadityasingh/Library/Developer/Xcode/DerivedData/Chatlio-erkyzdeecsohoaggpwbjdvavzqfv/SourcePackages/checkouts/posthog-ios/PostHog/Autocapture/AutocaptureEventProcessing.swift /Users/aadityasingh/Library/Developer/Xcode/DerivedData/Chatlio-erkyzdeecsohoaggpwbjdvavzqfv/SourcePackages/checkouts/posthog-ios/PostHog/Autocapture/ForwardingPickerViewDelegate.swift /Users/aadityasingh/Library/Developer/Xcode/DerivedData/Chatlio-erkyzdeecsohoaggpwbjdvavzqfv/SourcePackages/checkouts/posthog-ios/PostHog/Autocapture/PostHogAutocaptureEventTracker.swift /Users/aadityasingh/Library/Developer/Xcode/DerivedData/Chatlio-erkyzdeecsohoaggpwbjdvavzqfv/SourcePackages/checkouts/posthog-ios/PostHog/Autocapture/PostHogAutocaptureIntegration.swift /Users/aadityasingh/Library/Developer/Xcode/DerivedData/Chatlio-erkyzdeecsohoaggpwbjdvavzqfv/SourcePackages/checkouts/posthog-ios/PostHog/Autocapture/SwiftUI/View+PostHogLabel.swift /Users/aadityasingh/Library/Developer/Xcode/DerivedData/Chatlio-erkyzdeecsohoaggpwbjdvavzqfv/SourcePackages/checkouts/posthog-ios/PostHog/Autocapture/UIView+PostHogLabel.swift (in target 'PostHog' from project 'PostHog')

SwiftCompile normal arm64 /Users/aadityasingh/Library/Developer/Xcode/DerivedData/Chatlio-erkyzdeecsohoaggpwbjdvavzqfv/Build/Intermediates.noindex/PostHog.build/Debug-iphonesimulator/PostHog.build/DerivedSources/resource_bundle_accessor.swift (in target 'PostHog' from project 'PostHog')
    cd /Users/aadityasingh/Documents/Development/element-x-ios/Chatlio.xcodeproj
    

SwiftCompile normal arm64 /Users/aadityasingh/Library/Developer/Xcode/DerivedData/Chatlio-erkyzdeecsohoaggpwbjdvavzqfv/SourcePackages/checkouts/posthog-ios/PostHog/App\ Life\ Cycle/ApplicationLifecyclePublisher.swift (in target 'PostHog' from project 'PostHog')
    cd /Users/aadityasingh/Documents/Development/element-x-ios/Chatlio.xcodeproj
    

SwiftCompile normal arm64 /Users/aadityasingh/Library/Developer/Xcode/DerivedData/Chatlio-erkyzdeecsohoaggpwbjdvavzqfv/SourcePackages/checkouts/posthog-ios/PostHog/App\ Life\ Cycle/PostHogAppLifeCycleIntegration.swift (in target 'PostHog' from project 'PostHog')
    cd /Users/aadityasingh/Documents/Development/element-x-ios/Chatlio.xcodeproj
    

SwiftCompile normal arm64 /Users/aadityasingh/Library/Developer/Xcode/DerivedData/Chatlio-erkyzdeecsohoaggpwbjdvavzqfv/SourcePackages/checkouts/posthog-ios/PostHog/ApplicationViewLayoutPublisher.swift (in target 'PostHog' from project 'PostHog')
    cd /Users/aadityasingh/Documents/Development/element-x-ios/Chatlio.xcodeproj
    

SwiftCompile normal arm64 /Users/aadityasingh/Library/Developer/Xcode/DerivedData/Chatlio-erkyzdeecsohoaggpwbjdvavzqfv/SourcePackages/checkouts/posthog-ios/PostHog/Autocapture/AutocaptureEventProcessing.swift (in target 'PostHog' from project 'PostHog')
    cd /Users/aadityasingh/Documents/Development/element-x-ios/Chatlio.xcodeproj
    

SwiftCompile normal arm64 /Users/aadityasingh/Library/Developer/Xcode/DerivedData/Chatlio-erkyzdeecsohoaggpwbjdvavzqfv/SourcePackages/checkouts/posthog-ios/PostHog/Autocapture/ForwardingPickerViewDelegate.swift (in target 'PostHog' from project 'PostHog')
    cd /Users/aadityasingh/Documents/Development/element-x-ios/Chatlio.xcodeproj
    

SwiftCompile normal arm64 /Users/aadityasingh/Library/Developer/Xcode/DerivedData/Chatlio-erkyzdeecsohoaggpwbjdvavzqfv/SourcePackages/checkouts/posthog-ios/PostHog/Autocapture/PostHogAutocaptureEventTracker.swift (in target 'PostHog' from project 'PostHog')
    cd /Users/aadityasingh/Documents/Development/element-x-ios/Chatlio.xcodeproj
    

SwiftCompile normal arm64 /Users/aadityasingh/Library/Developer/Xcode/DerivedData/Chatlio-erkyzdeecsohoaggpwbjdvavzqfv/SourcePackages/checkouts/posthog-ios/PostHog/Autocapture/PostHogAutocaptureIntegration.swift (in target 'PostHog' from project 'PostHog')
    cd /Users/aadityasingh/Documents/Development/element-x-ios/Chatlio.xcodeproj
    

SwiftCompile normal arm64 /Users/aadityasingh/Library/Developer/Xcode/DerivedData/Chatlio-erkyzdeecsohoaggpwbjdvavzqfv/SourcePackages/checkouts/posthog-ios/PostHog/Autocapture/SwiftUI/View+PostHogLabel.swift (in target 'PostHog' from project 'PostHog')
    cd /Users/aadityasingh/Documents/Development/element-x-ios/Chatlio.xcodeproj
    

SwiftCompile normal arm64 /Users/aadityasingh/Library/Developer/Xcode/DerivedData/Chatlio-erkyzdeecsohoaggpwbjdvavzqfv/SourcePackages/checkouts/posthog-ios/PostHog/Autocapture/UIView+PostHogLabel.swift (in target 'PostHog' from project 'PostHog')
    cd /Users/aadityasingh/Documents/Development/element-x-ios/Chatlio.xcodeproj
    

SwiftDriverJobDiscovery normal arm64 Compiling Real.swift (in target 'RealModule' from project 'swift-numerics')

SwiftDriver\ Compilation RealModule normal arm64 com.apple.xcode.tools.swift.compiler (in target 'RealModule' from project 'swift-numerics')
    cd /Users/aadityasingh/Documents/Development/element-x-ios/Chatlio.xcodeproj
    builtin-Swift-Compilation -- /Applications/Xcode.app/Contents/Developer/Toolchains/XcodeDefault.xctoolchain/usr/bin/swiftc -module-name RealModule -Onone @/Users/aadityasingh/Library/Developer/Xcode/DerivedData/Chatlio-erkyzdeecsohoaggpwbjdvavzqfv/Build/Intermediates.noindex/swift-numerics.build/Debug-iphonesimulator/RealModule.build/Objects-normal/arm64/RealModule.SwiftFileList -DSWIFT_PACKAGE -DDEBUG -DSWIFT_MODULE_RESOURCE_BUNDLE_UNAVAILABLE -DXcode -plugin-path /Applications/Xcode.app/Contents/Developer/Toolchains/XcodeDefault.xctoolchain/usr/lib/swift/host/plugins/testing -enable-experimental-feature DebugDescriptionMacro -sdk /Applications/Xcode.app/Contents/Developer/Platforms/iPhoneSimulator.platform/Developer/SDKs/iPhoneSimulator26.4.sdk -target arm64-apple-ios12.0-simulator -g -module-cache-path /Users/aadityasingh/Library/Developer/Xcode/DerivedData/ModuleCache.noindex -Xfrontend -serialize-debugging-options -profile-coverage-mapping -profile-generate -enable-testing -suppress-warnings -index-store-path /Users/aadityasingh/Library/Developer/Xcode/DerivedData/Chatlio-erkyzdeecsohoaggpwbjdvavzqfv/Index.noindex/DataStore -Xcc -D_LIBCPP_HARDENING_MODE\=_LIBCPP_HARDENING_MODE_DEBUG -swift-version 5 -I /Users/aadityasingh/Library/Developer/Xcode/DerivedData/Chatlio-erkyzdeecsohoaggpwbjdvavzqfv/Build/Products/Debug-iphonesimulator -Isystem /Applications/Xcode.app/Contents/Developer/Platforms/iPhoneSimulator.platform/Developer/usr/lib -F /Users/aadityasingh/Library/Developer/Xcode/DerivedData/Chatlio-erkyzdeecsohoaggpwbjdvavzqfv/Build/Products/Debug-iphonesimulator/PackageFrameworks -F /Users/aadityasingh/Library/Developer/Xcode/DerivedData/Chatlio-erkyzdeecsohoaggpwbjdvavzqfv/Build/Products/Debug-iphonesimulator -F /Applications/Xcode.app/Contents/Developer/Platforms/iPhoneSimulator.platform/Developer/Library/Frameworks -F /Applications/Xcode.app/Contents/Developer/Platforms/iPhoneSimulator.platform/Developer/SDKs/iPhoneSimulator26.4.sdk/Developer/Library/Frameworks -c -j12 -enable-batch-mode -incremental -Xcc -ivfsstatcache -Xcc /Users/aadityasingh/Library/Developer/Xcode/DerivedData/SDKStatCaches.noindex/iphonesimulator26.4-23E252-686eebb5dc1d8ecb277353a59184f4aa.sdkstatcache -output-file-map /Users/aadityasingh/Library/Developer/Xcode/DerivedData/Chatlio-erkyzdeecsohoaggpwbjdvavzqfv/Build/Intermediates.noindex/swift-numerics.build/Debug-iphonesimulator/RealModule.build/Objects-normal/arm64/RealModule-OutputFileMap.json -use-frontend-parseable-output -save-temps -no-color-diagnostics -explicit-module-build -module-cache-path /Users/aadityasingh/Library/Developer/Xcode/DerivedData/Chatlio-erkyzdeecsohoaggpwbjdvavzqfv/Build/Intermediates.noindex/SwiftExplicitPrecompiledModules -clang-scanner-module-cache-path /Users/aadityasingh/Library/Developer/Xcode/DerivedData/ModuleCache.noindex -sdk-module-cache-path /Users/aadityasingh/Library/Developer/Xcode/DerivedData/ModuleCache.noindex -serialize-diagnostics -emit-dependencies -emit-module -emit-module-path /Users/aadityasingh/Library/Developer/Xcode/DerivedData/Chatlio-erkyzdeecsohoaggpwbjdvavzqfv/Build/Intermediates.noindex/swift-numerics.build/Debug-iphonesimulator/RealModule.build/Objects-normal/arm64/RealModule.swiftmodule -validate-clang-modules-once -clang-build-session-file /Users/aadityasingh/Library/Developer/Xcode/DerivedData/ModuleCache.noindex/Session.modulevalidation -package-name swift_numerics -Xcc -I/Users/aadityasingh/Library/Developer/Xcode/DerivedData/Chatlio-erkyzdeecsohoaggpwbjdvavzqfv/Build/Intermediates.noindex/swift-numerics.build/Debug-iphonesimulator/RealModule.build/swift-overrides.hmap -emit-const-values -Xfrontend -const-gather-protocols-file -Xfrontend /Users/aadityasingh/Library/Developer/Xcode/DerivedData/Chatlio-erkyzdeecsohoaggpwbjdvavzqfv/Build/Intermediates.noindex/swift-numerics.build/Debug-iphonesimulator/RealModule.build/Objects-normal/arm64/RealModule_const_extract_protocols.json -Xcc -I/Users/aadityasingh/Library/Developer/Xcode/DerivedData/Chatlio-erkyzdeecsohoaggpwbjdvavzqfv/SourcePackages/checkouts/swift-numerics/Sources/_NumericsShims/include -Xcc -I/Users/aadityasingh/Library/Developer/Xcode/DerivedData/Chatlio-erkyzdeecsohoaggpwbjdvavzqfv/Build/Products/Debug-iphonesimulator/include -Xcc -I/Users/aadityasingh/Library/Developer/Xcode/DerivedData/Chatlio-erkyzdeecsohoaggpwbjdvavzqfv/Build/Intermediates.noindex/swift-numerics.build/Debug-iphonesimulator/RealModule.build/DerivedSources-normal/arm64 -Xcc -I/Users/aadityasingh/Library/Developer/Xcode/DerivedData/Chatlio-erkyzdeecsohoaggpwbjdvavzqfv/Build/Intermediates.noindex/swift-numerics.build/Debug-iphonesimulator/RealModule.build/DerivedSources/arm64 -Xcc -I/Users/aadityasingh/Library/Developer/Xcode/DerivedData/Chatlio-erkyzdeecsohoaggpwbjdvavzqfv/Build/Intermediates.noindex/swift-numerics.build/Debug-iphonesimulator/RealModule.build/DerivedSources -Xcc -DSWIFT_PACKAGE -Xcc -DDEBUG\=1 -emit-objc-header -emit-objc-header-path /Users/aadityasingh/Library/Developer/Xcode/DerivedData/Chatlio-erkyzdeecsohoaggpwbjdvavzqfv/Build/Intermediates.noindex/swift-numerics.build/Debug-iphonesimulator/RealModule.build/Objects-normal/arm64/RealModule-Swift.h -working-directory /Users/aadityasingh/Documents/Development/element-x-ios/Chatlio.xcodeproj -experimental-emit-module-separately -disable-cmo

SwiftCompile normal x86_64 Compiling\ PostHogSurveysDefaultDelegate.swift,\ QuestionHeader.swift,\ QuestionTypes.swift,\ SurveyDisplayController.swift,\ SurveySheet.swift,\ SurveysRootView.swift,\ SurveysWindow.swift,\ EdgeBorder.swift,\ EmojiRating.swift /Users/aadityasingh/Library/Developer/Xcode/DerivedData/Chatlio-erkyzdeecsohoaggpwbjdvavzqfv/SourcePackages/checkouts/posthog-ios/PostHog/Surveys/PostHogSurveysDefaultDelegate.swift /Users/aadityasingh/Library/Developer/Xcode/DerivedData/Chatlio-erkyzdeecsohoaggpwbjdvavzqfv/SourcePackages/checkouts/posthog-ios/PostHog/Surveys/QuestionHeader.swift /Users/aadityasingh/Library/Developer/Xcode/DerivedData/Chatlio-erkyzdeecsohoaggpwbjdvavzqfv/SourcePackages/checkouts/posthog-ios/PostHog/Surveys/QuestionTypes.swift /Users/aadityasingh/Library/Developer/Xcode/DerivedData/Chatlio-erkyzdeecsohoaggpwbjdvavzqfv/SourcePackages/checkouts/posthog-ios/PostHog/Surveys/SurveyDisplayController.swift /Users/aadityasingh/Library/Developer/Xcode/DerivedData/Chatlio-erkyzdeecsohoaggpwbjdvavzqfv/SourcePackages/checkouts/posthog-ios/PostHog/Surveys/SurveySheet.swift /Users/aadityasingh/Library/Developer/Xcode/DerivedData/Chatlio-erkyzdeecsohoaggpwbjdvavzqfv/SourcePackages/checkouts/posthog-ios/PostHog/Surveys/SurveysRootView.swift /Users/aadityasingh/Library/Developer/Xcode/DerivedData/Chatlio-erkyzdeecsohoaggpwbjdvavzqfv/SourcePackages/checkouts/posthog-ios/PostHog/Surveys/SurveysWindow.swift /Users/aadityasingh/Library/Developer/Xcode/DerivedData/Chatlio-erkyzdeecsohoaggpwbjdvavzqfv/SourcePackages/checkouts/posthog-ios/PostHog/Surveys/Utils/EdgeBorder.swift /Users/aadityasingh/Library/Developer/Xcode/DerivedData/Chatlio-erkyzdeecsohoaggpwbjdvavzqfv/SourcePackages/checkouts/posthog-ios/PostHog/Surveys/Utils/EmojiRating.swift (in target 'PostHog' from project 'PostHog')

SwiftCompile normal x86_64 /Users/aadityasingh/Library/Developer/Xcode/DerivedData/Chatlio-erkyzdeecsohoaggpwbjdvavzqfv/SourcePackages/checkouts/posthog-ios/PostHog/Surveys/PostHogSurveysDefaultDelegate.swift (in target 'PostHog' from project 'PostHog')
    cd /Users/aadityasingh/Documents/Development/element-x-ios/Chatlio.xcodeproj
    

SwiftCompile normal x86_64 /Users/aadityasingh/Library/Developer/Xcode/DerivedData/Chatlio-erkyzdeecsohoaggpwbjdvavzqfv/SourcePackages/checkouts/posthog-ios/PostHog/Surveys/QuestionHeader.swift (in target 'PostHog' from project 'PostHog')
    cd /Users/aadityasingh/Documents/Development/element-x-ios/Chatlio.xcodeproj
    

SwiftCompile normal x86_64 /Users/aadityasingh/Library/Developer/Xcode/DerivedData/Chatlio-erkyzdeecsohoaggpwbjdvavzqfv/SourcePackages/checkouts/posthog-ios/PostHog/Surveys/QuestionTypes.swift (in target 'PostHog' from project 'PostHog')
    cd /Users/aadityasingh/Documents/Development/element-x-ios/Chatlio.xcodeproj
    

SwiftCompile normal x86_64 /Users/aadityasingh/Library/Developer/Xcode/DerivedData/Chatlio-erkyzdeecsohoaggpwbjdvavzqfv/SourcePackages/checkouts/posthog-ios/PostHog/Surveys/SurveyDisplayController.swift (in target 'PostHog' from project 'PostHog')
    cd /Users/aadityasingh/Documents/Development/element-x-ios/Chatlio.xcodeproj
    

SwiftCompile normal x86_64 /Users/aadityasingh/Library/Developer/Xcode/DerivedData/Chatlio-erkyzdeecsohoaggpwbjdvavzqfv/SourcePackages/checkouts/posthog-ios/PostHog/Surveys/SurveySheet.swift (in target 'PostHog' from project 'PostHog')
    cd /Users/aadityasingh/Documents/Development/element-x-ios/Chatlio.xcodeproj
    

SwiftCompile normal x86_64 /Users/aadityasingh/Library/Developer/Xcode/DerivedData/Chatlio-erkyzdeecsohoaggpwbjdvavzqfv/SourcePackages/checkouts/posthog-ios/PostHog/Surveys/SurveysRootView.swift (in target 'PostHog' from project 'PostHog')
    cd /Users/aadityasingh/Documents/Development/element-x-ios/Chatlio.xcodeproj
    

SwiftCompile normal x86_64 /Users/aadityasingh/Library/Developer/Xcode/DerivedData/Chatlio-erkyzdeecsohoaggpwbjdvavzqfv/SourcePackages/checkouts/posthog-ios/PostHog/Surveys/SurveysWindow.swift (in target 'PostHog' from project 'PostHog')
    cd /Users/aadityasingh/Documents/Development/element-x-ios/Chatlio.xcodeproj
    

SwiftCompile normal x86_64 /Users/aadityasingh/Library/Developer/Xcode/DerivedData/Chatlio-erkyzdeecsohoaggpwbjdvavzqfv/SourcePackages/checkouts/posthog-ios/PostHog/Surveys/Utils/EdgeBorder.swift (in target 'PostHog' from project 'PostHog')
    cd /Users/aadityasingh/Documents/Development/element-x-ios/Chatlio.xcodeproj
    

SwiftCompile normal x86_64 /Users/aadityasingh/Library/Developer/Xcode/DerivedData/Chatlio-erkyzdeecsohoaggpwbjdvavzqfv/SourcePackages/checkouts/posthog-ios/PostHog/Surveys/Utils/EmojiRating.swift (in target 'PostHog' from project 'PostHog')
    cd /Users/aadityasingh/Documents/Development/element-x-ios/Chatlio.xcodeproj
    

SwiftDriverJobDiscovery normal x86_64 Compiling SFSymbol+AllSymbols+3.2.swift, SFSymbol+AllSymbols+3.3.swift, SFSymbol+AllSymbols+4.0.swift, SFSymbol+AllSymbols+4.1.swift, SFSymbol+AllSymbols+4.2.swift (in target 'SFSafeSymbols' from project 'SFSafeSymbols')

SwiftCompile normal x86_64 Compiling\ BottomSection.swift,\ ConfirmationMessage.swift,\ PostHogDisplaySurvey.swift,\ PostHogDisplaySurveyAppearance.swift,\ PostHogDisplaySurveyQuestion.swift,\ PostHogNextSurveyQuestion.swift,\ PostHogSurveyResponse.swift,\ PostHogSurveyIntegration.swift,\ PostHogSurveysConfig.swift /Users/aadityasingh/Library/Developer/Xcode/DerivedData/Chatlio-erkyzdeecsohoaggpwbjdvavzqfv/SourcePackages/checkouts/posthog-ios/PostHog/Surveys/BottomSection.swift /Users/aadityasingh/Library/Developer/Xcode/DerivedData/Chatlio-erkyzdeecsohoaggpwbjdvavzqfv/SourcePackages/checkouts/posthog-ios/PostHog/Surveys/ConfirmationMessage.swift /Users/aadityasingh/Library/Developer/Xcode/DerivedData/Chatlio-erkyzdeecsohoaggpwbjdvavzqfv/SourcePackages/checkouts/posthog-ios/PostHog/Surveys/Models/PostHogDisplaySurvey.swift /Users/aadityasingh/Library/Developer/Xcode/DerivedData/Chatlio-erkyzdeecsohoaggpwbjdvavzqfv/SourcePackages/checkouts/posthog-ios/PostHog/Surveys/Models/PostHogDisplaySurveyAppearance.swift /Users/aadityasingh/Library/Developer/Xcode/DerivedData/Chatlio-erkyzdeecsohoaggpwbjdvavzqfv/SourcePackages/checkouts/posthog-ios/PostHog/Surveys/Models/PostHogDisplaySurveyQuestion.swift /Users/aadityasingh/Library/Developer/Xcode/DerivedData/Chatlio-erkyzdeecsohoaggpwbjdvavzqfv/SourcePackages/checkouts/posthog-ios/PostHog/Surveys/Models/PostHogNextSurveyQuestion.swift /Users/aadityasingh/Library/Developer/Xcode/DerivedData/Chatlio-erkyzdeecsohoaggpwbjdvavzqfv/SourcePackages/checkouts/posthog-ios/PostHog/Surveys/Models/PostHogSurveyResponse.swift /Users/aadityasingh/Library/Developer/Xcode/DerivedData/Chatlio-erkyzdeecsohoaggpwbjdvavzqfv/SourcePackages/checkouts/posthog-ios/PostHog/Surveys/PostHogSurveyIntegration.swift /Users/aadityasingh/Library/Developer/Xcode/DerivedData/Chatlio-erkyzdeecsohoaggpwbjdvavzqfv/SourcePackages/checkouts/posthog-ios/PostHog/Surveys/PostHogSurveysConfig.swift (in target 'PostHog' from project 'PostHog')

SwiftCompile normal x86_64 /Users/aadityasingh/Library/Developer/Xcode/DerivedData/Chatlio-erkyzdeecsohoaggpwbjdvavzqfv/SourcePackages/checkouts/posthog-ios/PostHog/Surveys/BottomSection.swift (in target 'PostHog' from project 'PostHog')
    cd /Users/aadityasingh/Documents/Development/element-x-ios/Chatlio.xcodeproj
    

SwiftCompile normal x86_64 /Users/aadityasingh/Library/Developer/Xcode/DerivedData/Chatlio-erkyzdeecsohoaggpwbjdvavzqfv/SourcePackages/checkouts/posthog-ios/PostHog/Surveys/ConfirmationMessage.swift (in target 'PostHog' from project 'PostHog')
    cd /Users/aadityasingh/Documents/Development/element-x-ios/Chatlio.xcodeproj
    

SwiftCompile normal x86_64 /Users/aadityasingh/Library/Developer/Xcode/DerivedData/Chatlio-erkyzdeecsohoaggpwbjdvavzqfv/SourcePackages/checkouts/posthog-ios/PostHog/Surveys/Models/PostHogDisplaySurvey.swift (in target 'PostHog' from project 'PostHog')
    cd /Users/aadityasingh/Documents/Development/element-x-ios/Chatlio.xcodeproj
    

SwiftCompile normal x86_64 /Users/aadityasingh/Library/Developer/Xcode/DerivedData/Chatlio-erkyzdeecsohoaggpwbjdvavzqfv/SourcePackages/checkouts/posthog-ios/PostHog/Surveys/Models/PostHogDisplaySurveyAppearance.swift (in target 'PostHog' from project 'PostHog')
    cd /Users/aadityasingh/Documents/Development/element-x-ios/Chatlio.xcodeproj
    

SwiftCompile normal x86_64 /Users/aadityasingh/Library/Developer/Xcode/DerivedData/Chatlio-erkyzdeecsohoaggpwbjdvavzqfv/SourcePackages/checkouts/posthog-ios/PostHog/Surveys/Models/PostHogDisplaySurveyQuestion.swift (in target 'PostHog' from project 'PostHog')
    cd /Users/aadityasingh/Documents/Development/element-x-ios/Chatlio.xcodeproj
    

SwiftCompile normal x86_64 /Users/aadityasingh/Library/Developer/Xcode/DerivedData/Chatlio-erkyzdeecsohoaggpwbjdvavzqfv/SourcePackages/checkouts/posthog-ios/PostHog/Surveys/Models/PostHogNextSurveyQuestion.swift (in target 'PostHog' from project 'PostHog')
    cd /Users/aadityasingh/Documents/Development/element-x-ios/Chatlio.xcodeproj
    

SwiftCompile normal x86_64 /Users/aadityasingh/Library/Developer/Xcode/DerivedData/Chatlio-erkyzdeecsohoaggpwbjdvavzqfv/SourcePackages/checkouts/posthog-ios/PostHog/Surveys/Models/PostHogSurveyResponse.swift (in target 'PostHog' from project 'PostHog')
    cd /Users/aadityasingh/Documents/Development/element-x-ios/Chatlio.xcodeproj
    

SwiftCompile normal x86_64 /Users/aadityasingh/Library/Developer/Xcode/DerivedData/Chatlio-erkyzdeecsohoaggpwbjdvavzqfv/SourcePackages/checkouts/posthog-ios/PostHog/Surveys/PostHogSurveyIntegration.swift (in target 'PostHog' from project 'PostHog')
    cd /Users/aadityasingh/Documents/Development/element-x-ios/Chatlio.xcodeproj
    

SwiftCompile normal x86_64 /Users/aadityasingh/Library/Developer/Xcode/DerivedData/Chatlio-erkyzdeecsohoaggpwbjdvavzqfv/SourcePackages/checkouts/posthog-ios/PostHog/Surveys/PostHogSurveysConfig.swift (in target 'PostHog' from project 'PostHog')
    cd /Users/aadityasingh/Documents/Development/element-x-ios/Chatlio.xcodeproj
    

SwiftDriverJobDiscovery normal arm64 Compiling SFSymbol+AllSymbols+5.0.swift, SFSymbol+AllSymbols+5.1.swift, SFSymbol+AllSymbols+5.2.swift, SFSymbol+AllSymbols+5.3.swift, SFSymbol+AllSymbols+5.4.swift (in target 'SFSafeSymbols' from project 'SFSafeSymbols')

SwiftDriverJobDiscovery normal x86_64 Compiling Date+Util.swift, Float+Util.swift, MethodSwizzler.swift, NetworkSample.swift, Optional+Util.swift, PostHogConsoleLogInterceptor.swift, PostHogLogEntry.swift, PostHogLogLevel.swift, PostHogSessionReplayConsoleLogsPlugin.swift (in target 'PostHog' from project 'PostHog')

SwiftCompile normal arm64 Compiling\ DI.swift,\ PostHogEvent.swift,\ PostHogSurvey+Display.swift,\ PostHogSurvey.swift,\ PostHogSurveyAppearance.swift,\ PostHogSurveyConditions.swift,\ PostHogSurveyEnums.swift,\ PostHogSurveyQuestion.swift,\ PostHogApi.swift,\ PostHogBatchUploadInfo.swift /Users/aadityasingh/Library/Developer/Xcode/DerivedData/Chatlio-erkyzdeecsohoaggpwbjdvavzqfv/SourcePackages/checkouts/posthog-ios/PostHog/DI.swift /Users/aadityasingh/Library/Developer/Xcode/DerivedData/Chatlio-erkyzdeecsohoaggpwbjdvavzqfv/SourcePackages/checkouts/posthog-ios/PostHog/Models/PostHogEvent.swift /Users/aadityasingh/Library/Developer/Xcode/DerivedData/Chatlio-erkyzdeecsohoaggpwbjdvavzqfv/SourcePackages/checkouts/posthog-ios/PostHog/Models/Surveys/PostHogSurvey+Display.swift /Users/aadityasingh/Library/Developer/Xcode/DerivedData/Chatlio-erkyzdeecsohoaggpwbjdvavzqfv/SourcePackages/checkouts/posthog-ios/PostHog/Models/Surveys/PostHogSurvey.swift /Users/aadityasingh/Library/Developer/Xcode/DerivedData/Chatlio-erkyzdeecsohoaggpwbjdvavzqfv/SourcePackages/checkouts/posthog-ios/PostHog/Models/Surveys/PostHogSurveyAppearance.swift /Users/aadityasingh/Library/Developer/Xcode/DerivedData/Chatlio-erkyzdeecsohoaggpwbjdvavzqfv/SourcePackages/checkouts/posthog-ios/PostHog/Models/Surveys/PostHogSurveyConditions.swift /Users/aadityasingh/Library/Developer/Xcode/DerivedData/Chatlio-erkyzdeecsohoaggpwbjdvavzqfv/SourcePackages/checkouts/posthog-ios/PostHog/Models/Surveys/PostHogSurveyEnums.swift /Users/aadityasingh/Library/Developer/Xcode/DerivedData/Chatlio-erkyzdeecsohoaggpwbjdvavzqfv/SourcePackages/checkouts/posthog-ios/PostHog/Models/Surveys/PostHogSurveyQuestion.swift /Users/aadityasingh/Library/Developer/Xcode/DerivedData/Chatlio-erkyzdeecsohoaggpwbjdvavzqfv/SourcePackages/checkouts/posthog-ios/PostHog/PostHogApi.swift /Users/aadityasingh/Library/Developer/Xcode/DerivedData/Chatlio-erkyzdeecsohoaggpwbjdvavzqfv/SourcePackages/checkouts/posthog-ios/PostHog/PostHogBatchUploadInfo.swift (in target 'PostHog' from project 'PostHog')

SwiftCompile normal arm64 /Users/aadityasingh/Library/Developer/Xcode/DerivedData/Chatlio-erkyzdeecsohoaggpwbjdvavzqfv/SourcePackages/checkouts/posthog-ios/PostHog/DI.swift (in target 'PostHog' from project 'PostHog')
    cd /Users/aadityasingh/Documents/Development/element-x-ios/Chatlio.xcodeproj
    

SwiftCompile normal arm64 /Users/aadityasingh/Library/Developer/Xcode/DerivedData/Chatlio-erkyzdeecsohoaggpwbjdvavzqfv/SourcePackages/checkouts/posthog-ios/PostHog/Models/PostHogEvent.swift (in target 'PostHog' from project 'PostHog')
    cd /Users/aadityasingh/Documents/Development/element-x-ios/Chatlio.xcodeproj
    

SwiftCompile normal arm64 /Users/aadityasingh/Library/Developer/Xcode/DerivedData/Chatlio-erkyzdeecsohoaggpwbjdvavzqfv/SourcePackages/checkouts/posthog-ios/PostHog/Models/Surveys/PostHogSurvey+Display.swift (in target 'PostHog' from project 'PostHog')
    cd /Users/aadityasingh/Documents/Development/element-x-ios/Chatlio.xcodeproj
    

SwiftCompile normal arm64 /Users/aadityasingh/Library/Developer/Xcode/DerivedData/Chatlio-erkyzdeecsohoaggpwbjdvavzqfv/SourcePackages/checkouts/posthog-ios/PostHog/Models/Surveys/PostHogSurvey.swift (in target 'PostHog' from project 'PostHog')
    cd /Users/aadityasingh/Documents/Development/element-x-ios/Chatlio.xcodeproj
    

SwiftCompile normal arm64 /Users/aadityasingh/Library/Developer/Xcode/DerivedData/Chatlio-erkyzdeecsohoaggpwbjdvavzqfv/SourcePackages/checkouts/posthog-ios/PostHog/Models/Surveys/PostHogSurveyAppearance.swift (in target 'PostHog' from project 'PostHog')
    cd /Users/aadityasingh/Documents/Development/element-x-ios/Chatlio.xcodeproj
    

SwiftCompile normal arm64 /Users/aadityasingh/Library/Developer/Xcode/DerivedData/Chatlio-erkyzdeecsohoaggpwbjdvavzqfv/SourcePackages/checkouts/posthog-ios/PostHog/Models/Surveys/PostHogSurveyConditions.swift (in target 'PostHog' from project 'PostHog')
    cd /Users/aadityasingh/Documents/Development/element-x-ios/Chatlio.xcodeproj
    

SwiftCompile normal arm64 /Users/aadityasingh/Library/Developer/Xcode/DerivedData/Chatlio-erkyzdeecsohoaggpwbjdvavzqfv/SourcePackages/checkouts/posthog-ios/PostHog/Models/Surveys/PostHogSurveyEnums.swift (in target 'PostHog' from project 'PostHog')
    cd /Users/aadityasingh/Documents/Development/element-x-ios/Chatlio.xcodeproj
    

SwiftCompile normal arm64 /Users/aadityasingh/Library/Developer/Xcode/DerivedData/Chatlio-erkyzdeecsohoaggpwbjdvavzqfv/SourcePackages/checkouts/posthog-ios/PostHog/Models/Surveys/PostHogSurveyQuestion.swift (in target 'PostHog' from project 'PostHog')
    cd /Users/aadityasingh/Documents/Development/element-x-ios/Chatlio.xcodeproj
    

SwiftCompile normal arm64 /Users/aadityasingh/Library/Developer/Xcode/DerivedData/Chatlio-erkyzdeecsohoaggpwbjdvavzqfv/SourcePackages/checkouts/posthog-ios/PostHog/PostHogApi.swift (in target 'PostHog' from project 'PostHog')
    cd /Users/aadityasingh/Documents/Development/element-x-ios/Chatlio.xcodeproj
    

SwiftCompile normal arm64 /Users/aadityasingh/Library/Developer/Xcode/DerivedData/Chatlio-erkyzdeecsohoaggpwbjdvavzqfv/SourcePackages/checkouts/posthog-ios/PostHog/PostHogBatchUploadInfo.swift (in target 'PostHog' from project 'PostHog')
    cd /Users/aadityasingh/Documents/Development/element-x-ios/Chatlio.xcodeproj
    

SwiftCompile normal x86_64 Compiling\ MultipleChoiceOptions.swift,\ NumberRating.swift,\ Resources.swift,\ SegmentedControl.swift,\ Survey+Util.swift,\ SurveyButton.swift,\ SurveyPresentationDetentsRepresentable.swift,\ SwiftUI+Util.swift,\ PostHogMaskViewModifier.swift /Users/aadityasingh/Library/Developer/Xcode/DerivedData/Chatlio-erkyzdeecsohoaggpwbjdvavzqfv/SourcePackages/checkouts/posthog-ios/PostHog/Surveys/Utils/MultipleChoiceOptions.swift /Users/aadityasingh/Library/Developer/Xcode/DerivedData/Chatlio-erkyzdeecsohoaggpwbjdvavzqfv/SourcePackages/checkouts/posthog-ios/PostHog/Surveys/Utils/NumberRating.swift /Users/aadityasingh/Library/Developer/Xcode/DerivedData/Chatlio-erkyzdeecsohoaggpwbjdvavzqfv/SourcePackages/checkouts/posthog-ios/PostHog/Surveys/Utils/Resources.swift /Users/aadityasingh/Library/Developer/Xcode/DerivedData/Chatlio-erkyzdeecsohoaggpwbjdvavzqfv/SourcePackages/checkouts/posthog-ios/PostHog/Surveys/Utils/SegmentedControl.swift /Users/aadityasingh/Library/Developer/Xcode/DerivedData/Chatlio-erkyzdeecsohoaggpwbjdvavzqfv/SourcePackages/checkouts/posthog-ios/PostHog/Surveys/Utils/Survey+Util.swift /Users/aadityasingh/Library/Developer/Xcode/DerivedData/Chatlio-erkyzdeecsohoaggpwbjdvavzqfv/SourcePackages/checkouts/posthog-ios/PostHog/Surveys/Utils/SurveyButton.swift /Users/aadityasingh/Library/Developer/Xcode/DerivedData/Chatlio-erkyzdeecsohoaggpwbjdvavzqfv/SourcePackages/checkouts/posthog-ios/PostHog/Surveys/Utils/SurveyPresentationDetentsRepresentable.swift /Users/aadityasingh/Library/Developer/Xcode/DerivedData/Chatlio-erkyzdeecsohoaggpwbjdvavzqfv/SourcePackages/checkouts/posthog-ios/PostHog/Surveys/Utils/SwiftUI+Util.swift /Users/aadityasingh/Library/Developer/Xcode/DerivedData/Chatlio-erkyzdeecsohoaggpwbjdvavzqfv/SourcePackages/checkouts/posthog-ios/PostHog/SwiftUI/PostHogMaskViewModifier.swift (in target 'PostHog' from project 'PostHog')

SwiftCompile normal x86_64 /Users/aadityasingh/Library/Developer/Xcode/DerivedData/Chatlio-erkyzdeecsohoaggpwbjdvavzqfv/SourcePackages/checkouts/posthog-ios/PostHog/Surveys/Utils/MultipleChoiceOptions.swift (in target 'PostHog' from project 'PostHog')
    cd /Users/aadityasingh/Documents/Development/element-x-ios/Chatlio.xcodeproj
    

SwiftCompile normal x86_64 /Users/aadityasingh/Library/Developer/Xcode/DerivedData/Chatlio-erkyzdeecsohoaggpwbjdvavzqfv/SourcePackages/checkouts/posthog-ios/PostHog/Surveys/Utils/NumberRating.swift (in target 'PostHog' from project 'PostHog')
    cd /Users/aadityasingh/Documents/Development/element-x-ios/Chatlio.xcodeproj
    

SwiftCompile normal x86_64 /Users/aadityasingh/Library/Developer/Xcode/DerivedData/Chatlio-erkyzdeecsohoaggpwbjdvavzqfv/SourcePackages/checkouts/posthog-ios/PostHog/Surveys/Utils/Resources.swift (in target 'PostHog' from project 'PostHog')
    cd /Users/aadityasingh/Documents/Development/element-x-ios/Chatlio.xcodeproj
    

SwiftCompile normal x86_64 /Users/aadityasingh/Library/Developer/Xcode/DerivedData/Chatlio-erkyzdeecsohoaggpwbjdvavzqfv/SourcePackages/checkouts/posthog-ios/PostHog/Surveys/Utils/SegmentedControl.swift (in target 'PostHog' from project 'PostHog')
    cd /Users/aadityasingh/Documents/Development/element-x-ios/Chatlio.xcodeproj
    

SwiftCompile normal x86_64 /Users/aadityasingh/Library/Developer/Xcode/DerivedData/Chatlio-erkyzdeecsohoaggpwbjdvavzqfv/SourcePackages/checkouts/posthog-ios/PostHog/Surveys/Utils/Survey+Util.swift (in target 'PostHog' from project 'PostHog')
    cd /Users/aadityasingh/Documents/Development/element-x-ios/Chatlio.xcodeproj
    

SwiftCompile normal x86_64 /Users/aadityasingh/Library/Developer/Xcode/DerivedData/Chatlio-erkyzdeecsohoaggpwbjdvavzqfv/SourcePackages/checkouts/posthog-ios/PostHog/Surveys/Utils/SurveyButton.swift (in target 'PostHog' from project 'PostHog')
    cd /Users/aadityasingh/Documents/Development/element-x-ios/Chatlio.xcodeproj
    

SwiftCompile normal x86_64 /Users/aadityasingh/Library/Developer/Xcode/DerivedData/Chatlio-erkyzdeecsohoaggpwbjdvavzqfv/SourcePackages/checkouts/posthog-ios/PostHog/Surveys/Utils/SurveyPresentationDetentsRepresentable.swift (in target 'PostHog' from project 'PostHog')
    cd /Users/aadityasingh/Documents/Development/element-x-ios/Chatlio.xcodeproj
    

SwiftCompile normal x86_64 /Users/aadityasingh/Library/Developer/Xcode/DerivedData/Chatlio-erkyzdeecsohoaggpwbjdvavzqfv/SourcePackages/checkouts/posthog-ios/PostHog/Surveys/Utils/SwiftUI+Util.swift (in target 'PostHog' from project 'PostHog')
    cd /Users/aadityasingh/Documents/Development/element-x-ios/Chatlio.xcodeproj
    

SwiftCompile normal x86_64 /Users/aadityasingh/Library/Developer/Xcode/DerivedData/Chatlio-erkyzdeecsohoaggpwbjdvavzqfv/SourcePackages/checkouts/posthog-ios/PostHog/SwiftUI/PostHogMaskViewModifier.swift (in target 'PostHog' from project 'PostHog')
    cd /Users/aadityasingh/Documents/Development/element-x-ios/Chatlio.xcodeproj
    

SwiftDriverJobDiscovery normal arm64 Compiling Date+Util.swift, Float+Util.swift, MethodSwizzler.swift, NetworkSample.swift, Optional+Util.swift, PostHogConsoleLogInterceptor.swift, PostHogLogEntry.swift, PostHogLogLevel.swift, PostHogSessionReplayConsoleLogsPlugin.swift (in target 'PostHog' from project 'PostHog')

SwiftCompile normal x86_64 Compiling\ resource_bundle_accessor.swift,\ ApplicationLifecyclePublisher.swift,\ PostHogAppLifeCycleIntegration.swift,\ ApplicationViewLayoutPublisher.swift,\ AutocaptureEventProcessing.swift,\ ForwardingPickerViewDelegate.swift,\ PostHogAutocaptureEventTracker.swift,\ PostHogAutocaptureIntegration.swift,\ View+PostHogLabel.swift,\ UIView+PostHogLabel.swift /Users/aadityasingh/Library/Developer/Xcode/DerivedData/Chatlio-erkyzdeecsohoaggpwbjdvavzqfv/Build/Intermediates.noindex/PostHog.build/Debug-iphonesimulator/PostHog.build/DerivedSources/resource_bundle_accessor.swift /Users/aadityasingh/Library/Developer/Xcode/DerivedData/Chatlio-erkyzdeecsohoaggpwbjdvavzqfv/SourcePackages/checkouts/posthog-ios/PostHog/App\ Life\ Cycle/ApplicationLifecyclePublisher.swift /Users/aadityasingh/Library/Developer/Xcode/DerivedData/Chatlio-erkyzdeecsohoaggpwbjdvavzqfv/SourcePackages/checkouts/posthog-ios/PostHog/App\ Life\ Cycle/PostHogAppLifeCycleIntegration.swift /Users/aadityasingh/Library/Developer/Xcode/DerivedData/Chatlio-erkyzdeecsohoaggpwbjdvavzqfv/SourcePackages/checkouts/posthog-ios/PostHog/ApplicationViewLayoutPublisher.swift /Users/aadityasingh/Library/Developer/Xcode/DerivedData/Chatlio-erkyzdeecsohoaggpwbjdvavzqfv/SourcePackages/checkouts/posthog-ios/PostHog/Autocapture/AutocaptureEventProcessing.swift /Users/aadityasingh/Library/Developer/Xcode/DerivedData/Chatlio-erkyzdeecsohoaggpwbjdvavzqfv/SourcePackages/checkouts/posthog-ios/PostHog/Autocapture/ForwardingPickerViewDelegate.swift /Users/aadityasingh/Library/Developer/Xcode/DerivedData/Chatlio-erkyzdeecsohoaggpwbjdvavzqfv/SourcePackages/checkouts/posthog-ios/PostHog/Autocapture/PostHogAutocaptureEventTracker.swift /Users/aadityasingh/Library/Developer/Xcode/DerivedData/Chatlio-erkyzdeecsohoaggpwbjdvavzqfv/SourcePackages/checkouts/posthog-ios/PostHog/Autocapture/PostHogAutocaptureIntegration.swift /Users/aadityasingh/Library/Developer/Xcode/DerivedData/Chatlio-erkyzdeecsohoaggpwbjdvavzqfv/SourcePackages/checkouts/posthog-ios/PostHog/Autocapture/SwiftUI/View+PostHogLabel.swift /Users/aadityasingh/Library/Developer/Xcode/DerivedData/Chatlio-erkyzdeecsohoaggpwbjdvavzqfv/SourcePackages/checkouts/posthog-ios/PostHog/Autocapture/UIView+PostHogLabel.swift (in target 'PostHog' from project 'PostHog')

SwiftCompile normal x86_64 /Users/aadityasingh/Library/Developer/Xcode/DerivedData/Chatlio-erkyzdeecsohoaggpwbjdvavzqfv/Build/Intermediates.noindex/PostHog.build/Debug-iphonesimulator/PostHog.build/DerivedSources/resource_bundle_accessor.swift (in target 'PostHog' from project 'PostHog')
    cd /Users/aadityasingh/Documents/Development/element-x-ios/Chatlio.xcodeproj
    

SwiftCompile normal x86_64 /Users/aadityasingh/Library/Developer/Xcode/DerivedData/Chatlio-erkyzdeecsohoaggpwbjdvavzqfv/SourcePackages/checkouts/posthog-ios/PostHog/App\ Life\ Cycle/ApplicationLifecyclePublisher.swift (in target 'PostHog' from project 'PostHog')
    cd /Users/aadityasingh/Documents/Development/element-x-ios/Chatlio.xcodeproj
    

SwiftCompile normal x86_64 /Users/aadityasingh/Library/Developer/Xcode/DerivedData/Chatlio-erkyzdeecsohoaggpwbjdvavzqfv/SourcePackages/checkouts/posthog-ios/PostHog/App\ Life\ Cycle/PostHogAppLifeCycleIntegration.swift (in target 'PostHog' from project 'PostHog')
    cd /Users/aadityasingh/Documents/Development/element-x-ios/Chatlio.xcodeproj
    

SwiftCompile normal x86_64 /Users/aadityasingh/Library/Developer/Xcode/DerivedData/Chatlio-erkyzdeecsohoaggpwbjdvavzqfv/SourcePackages/checkouts/posthog-ios/PostHog/ApplicationViewLayoutPublisher.swift (in target 'PostHog' from project 'PostHog')
    cd /Users/aadityasingh/Documents/Development/element-x-ios/Chatlio.xcodeproj
    

SwiftCompile normal x86_64 /Users/aadityasingh/Library/Developer/Xcode/DerivedData/Chatlio-erkyzdeecsohoaggpwbjdvavzqfv/SourcePackages/checkouts/posthog-ios/PostHog/Autocapture/AutocaptureEventProcessing.swift (in target 'PostHog' from project 'PostHog')
    cd /Users/aadityasingh/Documents/Development/element-x-ios/Chatlio.xcodeproj
    

SwiftCompile normal x86_64 /Users/aadityasingh/Library/Developer/Xcode/DerivedData/Chatlio-erkyzdeecsohoaggpwbjdvavzqfv/SourcePackages/checkouts/posthog-ios/PostHog/Autocapture/ForwardingPickerViewDelegate.swift (in target 'PostHog' from project 'PostHog')
    cd /Users/aadityasingh/Documents/Development/element-x-ios/Chatlio.xcodeproj
    

SwiftCompile normal x86_64 /Users/aadityasingh/Library/Developer/Xcode/DerivedData/Chatlio-erkyzdeecsohoaggpwbjdvavzqfv/SourcePackages/checkouts/posthog-ios/PostHog/Autocapture/PostHogAutocaptureEventTracker.swift (in target 'PostHog' from project 'PostHog')
    cd /Users/aadityasingh/Documents/Development/element-x-ios/Chatlio.xcodeproj
    

SwiftCompile normal x86_64 /Users/aadityasingh/Library/Developer/Xcode/DerivedData/Chatlio-erkyzdeecsohoaggpwbjdvavzqfv/SourcePackages/checkouts/posthog-ios/PostHog/Autocapture/PostHogAutocaptureIntegration.swift (in target 'PostHog' from project 'PostHog')
    cd /Users/aadityasingh/Documents/Development/element-x-ios/Chatlio.xcodeproj
    

SwiftCompile normal x86_64 /Users/aadityasingh/Library/Developer/Xcode/DerivedData/Chatlio-erkyzdeecsohoaggpwbjdvavzqfv/SourcePackages/checkouts/posthog-ios/PostHog/Autocapture/SwiftUI/View+PostHogLabel.swift (in target 'PostHog' from project 'PostHog')
    cd /Users/aadityasingh/Documents/Development/element-x-ios/Chatlio.xcodeproj
    

SwiftCompile normal x86_64 /Users/aadityasingh/Library/Developer/Xcode/DerivedData/Chatlio-erkyzdeecsohoaggpwbjdvavzqfv/SourcePackages/checkouts/posthog-ios/PostHog/Autocapture/UIView+PostHogLabel.swift (in target 'PostHog' from project 'PostHog')
    cd /Users/aadityasingh/Documents/Development/element-x-ios/Chatlio.xcodeproj
    

SwiftDriverJobDiscovery normal arm64 Compiling resource_bundle_accessor.swift, ApplicationLifecyclePublisher.swift, PostHogAppLifeCycleIntegration.swift, ApplicationViewLayoutPublisher.swift, AutocaptureEventProcessing.swift, ForwardingPickerViewDelegate.swift, PostHogAutocaptureEventTracker.swift, PostHogAutocaptureIntegration.swift, View+PostHogLabel.swift, UIView+PostHogLabel.swift (in target 'PostHog' from project 'PostHog')

SwiftCompile normal arm64 Compiling\ PostHogRemoteConfig.swift,\ PostHogSDK.swift,\ PostHogSessionManager.swift,\ PostHogStorage.swift,\ PostHogStorageManager.swift,\ PostHogSwizzler.swift,\ PostHogVersion.swift,\ ApplicationEventPublisher.swift,\ CGColor+Util.swift,\ CGSize+Util.swift /Users/aadityasingh/Library/Developer/Xcode/DerivedData/Chatlio-erkyzdeecsohoaggpwbjdvavzqfv/SourcePackages/checkouts/posthog-ios/PostHog/PostHogRemoteConfig.swift /Users/aadityasingh/Library/Developer/Xcode/DerivedData/Chatlio-erkyzdeecsohoaggpwbjdvavzqfv/SourcePackages/checkouts/posthog-ios/PostHog/PostHogSDK.swift /Users/aadityasingh/Library/Developer/Xcode/DerivedData/Chatlio-erkyzdeecsohoaggpwbjdvavzqfv/SourcePackages/checkouts/posthog-ios/PostHog/PostHogSessionManager.swift /Users/aadityasingh/Library/Developer/Xcode/DerivedData/Chatlio-erkyzdeecsohoaggpwbjdvavzqfv/SourcePackages/checkouts/posthog-ios/PostHog/PostHogStorage.swift /Users/aadityasingh/Library/Developer/Xcode/DerivedData/Chatlio-erkyzdeecsohoaggpwbjdvavzqfv/SourcePackages/checkouts/posthog-ios/PostHog/PostHogStorageManager.swift /Users/aadityasingh/Library/Developer/Xcode/DerivedData/Chatlio-erkyzdeecsohoaggpwbjdvavzqfv/SourcePackages/checkouts/posthog-ios/PostHog/PostHogSwizzler.swift /Users/aadityasingh/Library/Developer/Xcode/DerivedData/Chatlio-erkyzdeecsohoaggpwbjdvavzqfv/SourcePackages/checkouts/posthog-ios/PostHog/PostHogVersion.swift /Users/aadityasingh/Library/Developer/Xcode/DerivedData/Chatlio-erkyzdeecsohoaggpwbjdvavzqfv/SourcePackages/checkouts/posthog-ios/PostHog/Replay/ApplicationEventPublisher.swift /Users/aadityasingh/Library/Developer/Xcode/DerivedData/Chatlio-erkyzdeecsohoaggpwbjdvavzqfv/SourcePackages/checkouts/posthog-ios/PostHog/Replay/CGColor+Util.swift /Users/aadityasingh/Library/Developer/Xcode/DerivedData/Chatlio-erkyzdeecsohoaggpwbjdvavzqfv/SourcePackages/checkouts/posthog-ios/PostHog/Replay/CGSize+Util.swift (in target 'PostHog' from project 'PostHog')

SwiftCompile normal arm64 /Users/aadityasingh/Library/Developer/Xcode/DerivedData/Chatlio-erkyzdeecsohoaggpwbjdvavzqfv/SourcePackages/checkouts/posthog-ios/PostHog/PostHogRemoteConfig.swift (in target 'PostHog' from project 'PostHog')
    cd /Users/aadityasingh/Documents/Development/element-x-ios/Chatlio.xcodeproj
    

SwiftCompile normal arm64 /Users/aadityasingh/Library/Developer/Xcode/DerivedData/Chatlio-erkyzdeecsohoaggpwbjdvavzqfv/SourcePackages/checkouts/posthog-ios/PostHog/PostHogSDK.swift (in target 'PostHog' from project 'PostHog')
    cd /Users/aadityasingh/Documents/Development/element-x-ios/Chatlio.xcodeproj
    

SwiftCompile normal arm64 /Users/aadityasingh/Library/Developer/Xcode/DerivedData/Chatlio-erkyzdeecsohoaggpwbjdvavzqfv/SourcePackages/checkouts/posthog-ios/PostHog/PostHogSessionManager.swift (in target 'PostHog' from project 'PostHog')
    cd /Users/aadityasingh/Documents/Development/element-x-ios/Chatlio.xcodeproj
    

SwiftCompile normal arm64 /Users/aadityasingh/Library/Developer/Xcode/DerivedData/Chatlio-erkyzdeecsohoaggpwbjdvavzqfv/SourcePackages/checkouts/posthog-ios/PostHog/PostHogStorage.swift (in target 'PostHog' from project 'PostHog')
    cd /Users/aadityasingh/Documents/Development/element-x-ios/Chatlio.xcodeproj
    

SwiftCompile normal arm64 /Users/aadityasingh/Library/Developer/Xcode/DerivedData/Chatlio-erkyzdeecsohoaggpwbjdvavzqfv/SourcePackages/checkouts/posthog-ios/PostHog/PostHogStorageManager.swift (in target 'PostHog' from project 'PostHog')
    cd /Users/aadityasingh/Documents/Development/element-x-ios/Chatlio.xcodeproj
    

SwiftCompile normal arm64 /Users/aadityasingh/Library/Developer/Xcode/DerivedData/Chatlio-erkyzdeecsohoaggpwbjdvavzqfv/SourcePackages/checkouts/posthog-ios/PostHog/PostHogSwizzler.swift (in target 'PostHog' from project 'PostHog')
    cd /Users/aadityasingh/Documents/Development/element-x-ios/Chatlio.xcodeproj
    

SwiftCompile normal arm64 /Users/aadityasingh/Library/Developer/Xcode/DerivedData/Chatlio-erkyzdeecsohoaggpwbjdvavzqfv/SourcePackages/checkouts/posthog-ios/PostHog/PostHogVersion.swift (in target 'PostHog' from project 'PostHog')
    cd /Users/aadityasingh/Documents/Development/element-x-ios/Chatlio.xcodeproj
    

SwiftCompile normal arm64 /Users/aadityasingh/Library/Developer/Xcode/DerivedData/Chatlio-erkyzdeecsohoaggpwbjdvavzqfv/SourcePackages/checkouts/posthog-ios/PostHog/Replay/ApplicationEventPublisher.swift (in target 'PostHog' from project 'PostHog')
    cd /Users/aadityasingh/Documents/Development/element-x-ios/Chatlio.xcodeproj
    

SwiftCompile normal arm64 /Users/aadityasingh/Library/Developer/Xcode/DerivedData/Chatlio-erkyzdeecsohoaggpwbjdvavzqfv/SourcePackages/checkouts/posthog-ios/PostHog/Replay/CGColor+Util.swift (in target 'PostHog' from project 'PostHog')
    cd /Users/aadityasingh/Documents/Development/element-x-ios/Chatlio.xcodeproj
    

SwiftCompile normal arm64 /Users/aadityasingh/Library/Developer/Xcode/DerivedData/Chatlio-erkyzdeecsohoaggpwbjdvavzqfv/SourcePackages/checkouts/posthog-ios/PostHog/Replay/CGSize+Util.swift (in target 'PostHog' from project 'PostHog')
    cd /Users/aadityasingh/Documents/Development/element-x-ios/Chatlio.xcodeproj
    

SwiftDriverJobDiscovery normal x86_64 Compiling SFSymbol+AllSymbols+6.0.swift, SFSymbol+AllSymbols+6.1.swift, SFSymbol+AllSymbols+6.2.swift, SFSymbol+AllSymbols+6.3.swift, SFSymbol+AllSymbols+6.4.swift (in target 'SFSafeSymbols' from project 'SFSafeSymbols')

SwiftCompile normal arm64 Compiling\ PostHogConfig.swift,\ PostHogConsumerPayload.swift,\ PostHogContext.swift,\ PostHogExtensions.swift,\ PostHogFileBackedQueue.swift,\ PostHogIntegration.swift,\ PostHogLegacyQueue.swift,\ PostHogPersonProfiles.swift,\ PostHogPropertiesSanitizer.swift,\ PostHogQueue.swift /Users/aadityasingh/Library/Developer/Xcode/DerivedData/Chatlio-erkyzdeecsohoaggpwbjdvavzqfv/SourcePackages/checkouts/posthog-ios/PostHog/PostHogConfig.swift /Users/aadityasingh/Library/Developer/Xcode/DerivedData/Chatlio-erkyzdeecsohoaggpwbjdvavzqfv/SourcePackages/checkouts/posthog-ios/PostHog/PostHogConsumerPayload.swift /Users/aadityasingh/Library/Developer/Xcode/DerivedData/Chatlio-erkyzdeecsohoaggpwbjdvavzqfv/SourcePackages/checkouts/posthog-ios/PostHog/PostHogContext.swift /Users/aadityasingh/Library/Developer/Xcode/DerivedData/Chatlio-erkyzdeecsohoaggpwbjdvavzqfv/SourcePackages/checkouts/posthog-ios/PostHog/PostHogExtensions.swift /Users/aadityasingh/Library/Developer/Xcode/DerivedData/Chatlio-erkyzdeecsohoaggpwbjdvavzqfv/SourcePackages/checkouts/posthog-ios/PostHog/PostHogFileBackedQueue.swift /Users/aadityasingh/Library/Developer/Xcode/DerivedData/Chatlio-erkyzdeecsohoaggpwbjdvavzqfv/SourcePackages/checkouts/posthog-ios/PostHog/PostHogIntegration.swift /Users/aadityasingh/Library/Developer/Xcode/DerivedData/Chatlio-erkyzdeecsohoaggpwbjdvavzqfv/SourcePackages/checkouts/posthog-ios/PostHog/PostHogLegacyQueue.swift /Users/aadityasingh/Library/Developer/Xcode/DerivedData/Chatlio-erkyzdeecsohoaggpwbjdvavzqfv/SourcePackages/checkouts/posthog-ios/PostHog/PostHogPersonProfiles.swift /Users/aadityasingh/Library/Developer/Xcode/DerivedData/Chatlio-erkyzdeecsohoaggpwbjdvavzqfv/SourcePackages/checkouts/posthog-ios/PostHog/PostHogPropertiesSanitizer.swift /Users/aadityasingh/Library/Developer/Xcode/DerivedData/Chatlio-erkyzdeecsohoaggpwbjdvavzqfv/SourcePackages/checkouts/posthog-ios/PostHog/PostHogQueue.swift (in target 'PostHog' from project 'PostHog')

SwiftCompile normal arm64 /Users/aadityasingh/Library/Developer/Xcode/DerivedData/Chatlio-erkyzdeecsohoaggpwbjdvavzqfv/SourcePackages/checkouts/posthog-ios/PostHog/PostHogConfig.swift (in target 'PostHog' from project 'PostHog')
    cd /Users/aadityasingh/Documents/Development/element-x-ios/Chatlio.xcodeproj
    

SwiftCompile normal arm64 /Users/aadityasingh/Library/Developer/Xcode/DerivedData/Chatlio-erkyzdeecsohoaggpwbjdvavzqfv/SourcePackages/checkouts/posthog-ios/PostHog/PostHogConsumerPayload.swift (in target 'PostHog' from project 'PostHog')
    cd /Users/aadityasingh/Documents/Development/element-x-ios/Chatlio.xcodeproj
    

SwiftCompile normal arm64 /Users/aadityasingh/Library/Developer/Xcode/DerivedData/Chatlio-erkyzdeecsohoaggpwbjdvavzqfv/SourcePackages/checkouts/posthog-ios/PostHog/PostHogContext.swift (in target 'PostHog' from project 'PostHog')
    cd /Users/aadityasingh/Documents/Development/element-x-ios/Chatlio.xcodeproj
    

SwiftCompile normal arm64 /Users/aadityasingh/Library/Developer/Xcode/DerivedData/Chatlio-erkyzdeecsohoaggpwbjdvavzqfv/SourcePackages/checkouts/posthog-ios/PostHog/PostHogExtensions.swift (in target 'PostHog' from project 'PostHog')
    cd /Users/aadityasingh/Documents/Development/element-x-ios/Chatlio.xcodeproj
    

SwiftCompile normal arm64 /Users/aadityasingh/Library/Developer/Xcode/DerivedData/Chatlio-erkyzdeecsohoaggpwbjdvavzqfv/SourcePackages/checkouts/posthog-ios/PostHog/PostHogFileBackedQueue.swift (in target 'PostHog' from project 'PostHog')
    cd /Users/aadityasingh/Documents/Development/element-x-ios/Chatlio.xcodeproj
    

SwiftCompile normal arm64 /Users/aadityasingh/Library/Developer/Xcode/DerivedData/Chatlio-erkyzdeecsohoaggpwbjdvavzqfv/SourcePackages/checkouts/posthog-ios/PostHog/PostHogIntegration.swift (in target 'PostHog' from project 'PostHog')
    cd /Users/aadityasingh/Documents/Development/element-x-ios/Chatlio.xcodeproj
    

SwiftCompile normal arm64 /Users/aadityasingh/Library/Developer/Xcode/DerivedData/Chatlio-erkyzdeecsohoaggpwbjdvavzqfv/SourcePackages/checkouts/posthog-ios/PostHog/PostHogLegacyQueue.swift (in target 'PostHog' from project 'PostHog')
    cd /Users/aadityasingh/Documents/Development/element-x-ios/Chatlio.xcodeproj
    

SwiftCompile normal arm64 /Users/aadityasingh/Library/Developer/Xcode/DerivedData/Chatlio-erkyzdeecsohoaggpwbjdvavzqfv/SourcePackages/checkouts/posthog-ios/PostHog/PostHogPersonProfiles.swift (in target 'PostHog' from project 'PostHog')
    cd /Users/aadityasingh/Documents/Development/element-x-ios/Chatlio.xcodeproj
    

SwiftCompile normal arm64 /Users/aadityasingh/Library/Developer/Xcode/DerivedData/Chatlio-erkyzdeecsohoaggpwbjdvavzqfv/SourcePackages/checkouts/posthog-ios/PostHog/PostHogPropertiesSanitizer.swift (in target 'PostHog' from project 'PostHog')
    cd /Users/aadityasingh/Documents/Development/element-x-ios/Chatlio.xcodeproj
    

SwiftCompile normal arm64 /Users/aadityasingh/Library/Developer/Xcode/DerivedData/Chatlio-erkyzdeecsohoaggpwbjdvavzqfv/SourcePackages/checkouts/posthog-ios/PostHog/PostHogQueue.swift (in target 'PostHog' from project 'PostHog')
    cd /Users/aadityasingh/Documents/Development/element-x-ios/Chatlio.xcodeproj
    

SwiftDriverJobDiscovery normal arm64 Compiling SFSymbol+AllSymbols+6.0.swift, SFSymbol+AllSymbols+6.1.swift, SFSymbol+AllSymbols+6.2.swift, SFSymbol+AllSymbols+6.3.swift, SFSymbol+AllSymbols+6.4.swift (in target 'SFSafeSymbols' from project 'SFSafeSymbols')

SwiftCompile normal x86_64 Compiling\ PostHogConfig.swift,\ PostHogConsumerPayload.swift,\ PostHogContext.swift,\ PostHogExtensions.swift,\ PostHogFileBackedQueue.swift,\ PostHogIntegration.swift,\ PostHogLegacyQueue.swift,\ PostHogPersonProfiles.swift,\ PostHogPropertiesSanitizer.swift,\ PostHogQueue.swift /Users/aadityasingh/Library/Developer/Xcode/DerivedData/Chatlio-erkyzdeecsohoaggpwbjdvavzqfv/SourcePackages/checkouts/posthog-ios/PostHog/PostHogConfig.swift /Users/aadityasingh/Library/Developer/Xcode/DerivedData/Chatlio-erkyzdeecsohoaggpwbjdvavzqfv/SourcePackages/checkouts/posthog-ios/PostHog/PostHogConsumerPayload.swift /Users/aadityasingh/Library/Developer/Xcode/DerivedData/Chatlio-erkyzdeecsohoaggpwbjdvavzqfv/SourcePackages/checkouts/posthog-ios/PostHog/PostHogContext.swift /Users/aadityasingh/Library/Developer/Xcode/DerivedData/Chatlio-erkyzdeecsohoaggpwbjdvavzqfv/SourcePackages/checkouts/posthog-ios/PostHog/PostHogExtensions.swift /Users/aadityasingh/Library/Developer/Xcode/DerivedData/Chatlio-erkyzdeecsohoaggpwbjdvavzqfv/SourcePackages/checkouts/posthog-ios/PostHog/PostHogFileBackedQueue.swift /Users/aadityasingh/Library/Developer/Xcode/DerivedData/Chatlio-erkyzdeecsohoaggpwbjdvavzqfv/SourcePackages/checkouts/posthog-ios/PostHog/PostHogIntegration.swift /Users/aadityasingh/Library/Developer/Xcode/DerivedData/Chatlio-erkyzdeecsohoaggpwbjdvavzqfv/SourcePackages/checkouts/posthog-ios/PostHog/PostHogLegacyQueue.swift /Users/aadityasingh/Library/Developer/Xcode/DerivedData/Chatlio-erkyzdeecsohoaggpwbjdvavzqfv/SourcePackages/checkouts/posthog-ios/PostHog/PostHogPersonProfiles.swift /Users/aadityasingh/Library/Developer/Xcode/DerivedData/Chatlio-erkyzdeecsohoaggpwbjdvavzqfv/SourcePackages/checkouts/posthog-ios/PostHog/PostHogPropertiesSanitizer.swift /Users/aadityasingh/Library/Developer/Xcode/DerivedData/Chatlio-erkyzdeecsohoaggpwbjdvavzqfv/SourcePackages/checkouts/posthog-ios/PostHog/PostHogQueue.swift (in target 'PostHog' from project 'PostHog')

SwiftCompile normal x86_64 /Users/aadityasingh/Library/Developer/Xcode/DerivedData/Chatlio-erkyzdeecsohoaggpwbjdvavzqfv/SourcePackages/checkouts/posthog-ios/PostHog/PostHogConfig.swift (in target 'PostHog' from project 'PostHog')
    cd /Users/aadityasingh/Documents/Development/element-x-ios/Chatlio.xcodeproj
    

SwiftCompile normal x86_64 /Users/aadityasingh/Library/Developer/Xcode/DerivedData/Chatlio-erkyzdeecsohoaggpwbjdvavzqfv/SourcePackages/checkouts/posthog-ios/PostHog/PostHogConsumerPayload.swift (in target 'PostHog' from project 'PostHog')
    cd /Users/aadityasingh/Documents/Development/element-x-ios/Chatlio.xcodeproj
    

SwiftCompile normal x86_64 /Users/aadityasingh/Library/Developer/Xcode/DerivedData/Chatlio-erkyzdeecsohoaggpwbjdvavzqfv/SourcePackages/checkouts/posthog-ios/PostHog/PostHogContext.swift (in target 'PostHog' from project 'PostHog')
    cd /Users/aadityasingh/Documents/Development/element-x-ios/Chatlio.xcodeproj
    

SwiftCompile normal x86_64 /Users/aadityasingh/Library/Developer/Xcode/DerivedData/Chatlio-erkyzdeecsohoaggpwbjdvavzqfv/SourcePackages/checkouts/posthog-ios/PostHog/PostHogExtensions.swift (in target 'PostHog' from project 'PostHog')
    cd /Users/aadityasingh/Documents/Development/element-x-ios/Chatlio.xcodeproj
    

SwiftCompile normal x86_64 /Users/aadityasingh/Library/Developer/Xcode/DerivedData/Chatlio-erkyzdeecsohoaggpwbjdvavzqfv/SourcePackages/checkouts/posthog-ios/PostHog/PostHogFileBackedQueue.swift (in target 'PostHog' from project 'PostHog')
    cd /Users/aadityasingh/Documents/Development/element-x-ios/Chatlio.xcodeproj
    

SwiftCompile normal x86_64 /Users/aadityasingh/Library/Developer/Xcode/DerivedData/Chatlio-erkyzdeecsohoaggpwbjdvavzqfv/SourcePackages/checkouts/posthog-ios/PostHog/PostHogIntegration.swift (in target 'PostHog' from project 'PostHog')
    cd /Users/aadityasingh/Documents/Development/element-x-ios/Chatlio.xcodeproj
    

SwiftCompile normal x86_64 /Users/aadityasingh/Library/Developer/Xcode/DerivedData/Chatlio-erkyzdeecsohoaggpwbjdvavzqfv/SourcePackages/checkouts/posthog-ios/PostHog/PostHogLegacyQueue.swift (in target 'PostHog' from project 'PostHog')
    cd /Users/aadityasingh/Documents/Development/element-x-ios/Chatlio.xcodeproj
    

SwiftCompile normal x86_64 /Users/aadityasingh/Library/Developer/Xcode/DerivedData/Chatlio-erkyzdeecsohoaggpwbjdvavzqfv/SourcePackages/checkouts/posthog-ios/PostHog/PostHogPersonProfiles.swift (in target 'PostHog' from project 'PostHog')
    cd /Users/aadityasingh/Documents/Development/element-x-ios/Chatlio.xcodeproj
    

SwiftCompile normal x86_64 /Users/aadityasingh/Library/Developer/Xcode/DerivedData/Chatlio-erkyzdeecsohoaggpwbjdvavzqfv/SourcePackages/checkouts/posthog-ios/PostHog/PostHogPropertiesSanitizer.swift (in target 'PostHog' from project 'PostHog')
    cd /Users/aadityasingh/Documents/Development/element-x-ios/Chatlio.xcodeproj
    

SwiftCompile normal x86_64 /Users/aadityasingh/Library/Developer/Xcode/DerivedData/Chatlio-erkyzdeecsohoaggpwbjdvavzqfv/SourcePackages/checkouts/posthog-ios/PostHog/PostHogQueue.swift (in target 'PostHog' from project 'PostHog')
    cd /Users/aadityasingh/Documents/Development/element-x-ios/Chatlio.xcodeproj
    

SwiftCompile normal arm64 Compiling\ PostHogSurveysDefaultDelegate.swift,\ QuestionHeader.swift,\ QuestionTypes.swift,\ SurveyDisplayController.swift,\ SurveySheet.swift,\ SurveysRootView.swift,\ SurveysWindow.swift,\ EdgeBorder.swift,\ EmojiRating.swift /Users/aadityasingh/Library/Developer/Xcode/DerivedData/Chatlio-erkyzdeecsohoaggpwbjdvavzqfv/SourcePackages/checkouts/posthog-ios/PostHog/Surveys/PostHogSurveysDefaultDelegate.swift /Users/aadityasingh/Library/Developer/Xcode/DerivedData/Chatlio-erkyzdeecsohoaggpwbjdvavzqfv/SourcePackages/checkouts/posthog-ios/PostHog/Surveys/QuestionHeader.swift /Users/aadityasingh/Library/Developer/Xcode/DerivedData/Chatlio-erkyzdeecsohoaggpwbjdvavzqfv/SourcePackages/checkouts/posthog-ios/PostHog/Surveys/QuestionTypes.swift /Users/aadityasingh/Library/Developer/Xcode/DerivedData/Chatlio-erkyzdeecsohoaggpwbjdvavzqfv/SourcePackages/checkouts/posthog-ios/PostHog/Surveys/SurveyDisplayController.swift /Users/aadityasingh/Library/Developer/Xcode/DerivedData/Chatlio-erkyzdeecsohoaggpwbjdvavzqfv/SourcePackages/checkouts/posthog-ios/PostHog/Surveys/SurveySheet.swift /Users/aadityasingh/Library/Developer/Xcode/DerivedData/Chatlio-erkyzdeecsohoaggpwbjdvavzqfv/SourcePackages/checkouts/posthog-ios/PostHog/Surveys/SurveysRootView.swift /Users/aadityasingh/Library/Developer/Xcode/DerivedData/Chatlio-erkyzdeecsohoaggpwbjdvavzqfv/SourcePackages/checkouts/posthog-ios/PostHog/Surveys/SurveysWindow.swift /Users/aadityasingh/Library/Developer/Xcode/DerivedData/Chatlio-erkyzdeecsohoaggpwbjdvavzqfv/SourcePackages/checkouts/posthog-ios/PostHog/Surveys/Utils/EdgeBorder.swift /Users/aadityasingh/Library/Developer/Xcode/DerivedData/Chatlio-erkyzdeecsohoaggpwbjdvavzqfv/SourcePackages/checkouts/posthog-ios/PostHog/Surveys/Utils/EmojiRating.swift (in target 'PostHog' from project 'PostHog')
SwiftCompile normal arm64 /Users/aadityasingh/Library/Developer/Xcode/DerivedData/Chatlio-erkyzdeecsohoaggpwbjdvavzqfv/SourcePackages/checkouts/posthog-ios/PostHog/Surveys/PostHogSurveysDefaultDelegate.swift (in target 'PostHog' from project 'PostHog')
    cd /Users/aadityasingh/Documents/Development/element-x-ios/Chatlio.xcodeproj
    

SwiftCompile normal arm64 /Users/aadityasingh/Library/Developer/Xcode/DerivedData/Chatlio-erkyzdeecsohoaggpwbjdvavzqfv/SourcePackages/checkouts/posthog-ios/PostHog/Surveys/QuestionHeader.swift (in target 'PostHog' from project 'PostHog')
    cd /Users/aadityasingh/Documents/Development/element-x-ios/Chatlio.xcodeproj
    

SwiftCompile normal arm64 /Users/aadityasingh/Library/Developer/Xcode/DerivedData/Chatlio-erkyzdeecsohoaggpwbjdvavzqfv/SourcePackages/checkouts/posthog-ios/PostHog/Surveys/QuestionTypes.swift (in target 'PostHog' from project 'PostHog')
    cd /Users/aadityasingh/Documents/Development/element-x-ios/Chatlio.xcodeproj
    

SwiftCompile normal arm64 /Users/aadityasingh/Library/Developer/Xcode/DerivedData/Chatlio-erkyzdeecsohoaggpwbjdvavzqfv/SourcePackages/checkouts/posthog-ios/PostHog/Surveys/SurveyDisplayController.swift (in target 'PostHog' from project 'PostHog')
    cd /Users/aadityasingh/Documents/Development/element-x-ios/Chatlio.xcodeproj
    

SwiftCompile normal arm64 /Users/aadityasingh/Library/Developer/Xcode/DerivedData/Chatlio-erkyzdeecsohoaggpwbjdvavzqfv/SourcePackages/checkouts/posthog-ios/PostHog/Surveys/SurveySheet.swift (in target 'PostHog' from project 'PostHog')
    cd /Users/aadityasingh/Documents/Development/element-x-ios/Chatlio.xcodeproj
    

SwiftCompile normal arm64 /Users/aadityasingh/Library/Developer/Xcode/DerivedData/Chatlio-erkyzdeecsohoaggpwbjdvavzqfv/SourcePackages/checkouts/posthog-ios/PostHog/Surveys/SurveysRootView.swift (in target 'PostHog' from project 'PostHog')
    cd /Users/aadityasingh/Documents/Development/element-x-ios/Chatlio.xcodeproj
    

SwiftCompile normal arm64 /Users/aadityasingh/Library/Developer/Xcode/DerivedData/Chatlio-erkyzdeecsohoaggpwbjdvavzqfv/SourcePackages/checkouts/posthog-ios/PostHog/Surveys/SurveysWindow.swift (in target 'PostHog' from project 'PostHog')
    cd /Users/aadityasingh/Documents/Development/element-x-ios/Chatlio.xcodeproj
    

SwiftCompile normal arm64 /Users/aadityasingh/Library/Developer/Xcode/DerivedData/Chatlio-erkyzdeecsohoaggpwbjdvavzqfv/SourcePackages/checkouts/posthog-ios/PostHog/Surveys/Utils/EdgeBorder.swift (in target 'PostHog' from project 'PostHog')
    cd /Users/aadityasingh/Documents/Development/element-x-ios/Chatlio.xcodeproj
    

SwiftCompile normal arm64 /Users/aadityasingh/Library/Developer/Xcode/DerivedData/Chatlio-erkyzdeecsohoaggpwbjdvavzqfv/SourcePackages/checkouts/posthog-ios/PostHog/Surveys/Utils/EmojiRating.swift (in target 'PostHog' from project 'PostHog')
    cd /Users/aadityasingh/Documents/Development/element-x-ios/Chatlio.xcodeproj
    

SwiftDriverJobDiscovery normal x86_64 Compiling SFSymbol+AllSymbols+2.0.swift, SFSymbol+AllSymbols+2.1.swift, SFSymbol+AllSymbols+2.2.swift, SFSymbol+AllSymbols+3.0.swift, SFSymbol+AllSymbols+3.1.swift (in target 'SFSafeSymbols' from project 'SFSafeSymbols')

SwiftDriverJobDiscovery normal x86_64 Compiling FileUtils.swift, Hedgelog.swift, Reachability.swift, ReadWriteLock.swift, TimeBasedEpochGenerator.swift, UIApplication+.swift, UIImage+WebP.swift, UIWindow+.swift, UUIDUtils.swift (in target 'PostHog' from project 'PostHog')

SwiftCompile normal x86_64 Compiling\ DI.swift,\ PostHogEvent.swift,\ PostHogSurvey+Display.swift,\ PostHogSurvey.swift,\ PostHogSurveyAppearance.swift,\ PostHogSurveyConditions.swift,\ PostHogSurveyEnums.swift,\ PostHogSurveyQuestion.swift,\ PostHogApi.swift,\ PostHogBatchUploadInfo.swift /Users/aadityasingh/Library/Developer/Xcode/DerivedData/Chatlio-erkyzdeecsohoaggpwbjdvavzqfv/SourcePackages/checkouts/posthog-ios/PostHog/DI.swift /Users/aadityasingh/Library/Developer/Xcode/DerivedData/Chatlio-erkyzdeecsohoaggpwbjdvavzqfv/SourcePackages/checkouts/posthog-ios/PostHog/Models/PostHogEvent.swift /Users/aadityasingh/Library/Developer/Xcode/DerivedData/Chatlio-erkyzdeecsohoaggpwbjdvavzqfv/SourcePackages/checkouts/posthog-ios/PostHog/Models/Surveys/PostHogSurvey+Display.swift /Users/aadityasingh/Library/Developer/Xcode/DerivedData/Chatlio-erkyzdeecsohoaggpwbjdvavzqfv/SourcePackages/checkouts/posthog-ios/PostHog/Models/Surveys/PostHogSurvey.swift /Users/aadityasingh/Library/Developer/Xcode/DerivedData/Chatlio-erkyzdeecsohoaggpwbjdvavzqfv/SourcePackages/checkouts/posthog-ios/PostHog/Models/Surveys/PostHogSurveyAppearance.swift /Users/aadityasingh/Library/Developer/Xcode/DerivedData/Chatlio-erkyzdeecsohoaggpwbjdvavzqfv/SourcePackages/checkouts/posthog-ios/PostHog/Models/Surveys/PostHogSurveyConditions.swift /Users/aadityasingh/Library/Developer/Xcode/DerivedData/Chatlio-erkyzdeecsohoaggpwbjdvavzqfv/SourcePackages/checkouts/posthog-ios/PostHog/Models/Surveys/PostHogSurveyEnums.swift /Users/aadityasingh/Library/Developer/Xcode/DerivedData/Chatlio-erkyzdeecsohoaggpwbjdvavzqfv/SourcePackages/checkouts/posthog-ios/PostHog/Models/Surveys/PostHogSurveyQuestion.swift /Users/aadityasingh/Library/Developer/Xcode/DerivedData/Chatlio-erkyzdeecsohoaggpwbjdvavzqfv/SourcePackages/checkouts/posthog-ios/PostHog/PostHogApi.swift /Users/aadityasingh/Library/Developer/Xcode/DerivedData/Chatlio-erkyzdeecsohoaggpwbjdvavzqfv/SourcePackages/checkouts/posthog-ios/PostHog/PostHogBatchUploadInfo.swift (in target 'PostHog' from project 'PostHog')

SwiftCompile normal x86_64 /Users/aadityasingh/Library/Developer/Xcode/DerivedData/Chatlio-erkyzdeecsohoaggpwbjdvavzqfv/SourcePackages/checkouts/posthog-ios/PostHog/DI.swift (in target 'PostHog' from project 'PostHog')
    cd /Users/aadityasingh/Documents/Development/element-x-ios/Chatlio.xcodeproj
    

SwiftCompile normal x86_64 /Users/aadityasingh/Library/Developer/Xcode/DerivedData/Chatlio-erkyzdeecsohoaggpwbjdvavzqfv/SourcePackages/checkouts/posthog-ios/PostHog/Models/PostHogEvent.swift (in target 'PostHog' from project 'PostHog')
    cd /Users/aadityasingh/Documents/Development/element-x-ios/Chatlio.xcodeproj
    

SwiftCompile normal x86_64 /Users/aadityasingh/Library/Developer/Xcode/DerivedData/Chatlio-erkyzdeecsohoaggpwbjdvavzqfv/SourcePackages/checkouts/posthog-ios/PostHog/Models/Surveys/PostHogSurvey+Display.swift (in target 'PostHog' from project 'PostHog')
    cd /Users/aadityasingh/Documents/Development/element-x-ios/Chatlio.xcodeproj
    

SwiftCompile normal x86_64 /Users/aadityasingh/Library/Developer/Xcode/DerivedData/Chatlio-erkyzdeecsohoaggpwbjdvavzqfv/SourcePackages/checkouts/posthog-ios/PostHog/Models/Surveys/PostHogSurvey.swift (in target 'PostHog' from project 'PostHog')
    cd /Users/aadityasingh/Documents/Development/element-x-ios/Chatlio.xcodeproj
    

SwiftCompile normal x86_64 /Users/aadityasingh/Library/Developer/Xcode/DerivedData/Chatlio-erkyzdeecsohoaggpwbjdvavzqfv/SourcePackages/checkouts/posthog-ios/PostHog/Models/Surveys/PostHogSurveyAppearance.swift (in target 'PostHog' from project 'PostHog')
    cd /Users/aadityasingh/Documents/Development/element-x-ios/Chatlio.xcodeproj
    

SwiftCompile normal x86_64 /Users/aadityasingh/Library/Developer/Xcode/DerivedData/Chatlio-erkyzdeecsohoaggpwbjdvavzqfv/SourcePackages/checkouts/posthog-ios/PostHog/Models/Surveys/PostHogSurveyConditions.swift (in target 'PostHog' from project 'PostHog')
    cd /Users/aadityasingh/Documents/Development/element-x-ios/Chatlio.xcodeproj
    

SwiftCompile normal x86_64 /Users/aadityasingh/Library/Developer/Xcode/DerivedData/Chatlio-erkyzdeecsohoaggpwbjdvavzqfv/SourcePackages/checkouts/posthog-ios/PostHog/Models/Surveys/PostHogSurveyEnums.swift (in target 'PostHog' from project 'PostHog')
    cd /Users/aadityasingh/Documents/Development/element-x-ios/Chatlio.xcodeproj
    

SwiftCompile normal x86_64 /Users/aadityasingh/Library/Developer/Xcode/DerivedData/Chatlio-erkyzdeecsohoaggpwbjdvavzqfv/SourcePackages/checkouts/posthog-ios/PostHog/Models/Surveys/PostHogSurveyQuestion.swift (in target 'PostHog' from project 'PostHog')
    cd /Users/aadityasingh/Documents/Development/element-x-ios/Chatlio.xcodeproj
    

SwiftCompile normal x86_64 /Users/aadityasingh/Library/Developer/Xcode/DerivedData/Chatlio-erkyzdeecsohoaggpwbjdvavzqfv/SourcePackages/checkouts/posthog-ios/PostHog/PostHogApi.swift (in target 'PostHog' from project 'PostHog')
    cd /Users/aadityasingh/Documents/Development/element-x-ios/Chatlio.xcodeproj
    

SwiftCompile normal x86_64 /Users/aadityasingh/Library/Developer/Xcode/DerivedData/Chatlio-erkyzdeecsohoaggpwbjdvavzqfv/SourcePackages/checkouts/posthog-ios/PostHog/PostHogBatchUploadInfo.swift (in target 'PostHog' from project 'PostHog')
    cd /Users/aadityasingh/Documents/Development/element-x-ios/Chatlio.xcodeproj
    

SwiftDriverJobDiscovery normal x86_64 Compiling PostHogSessionReplayNetworkPlugin.swift, URLSessionExtension.swift, URLSessionInterceptor.swift, URLSessionSwizzler.swift, PostHogSessionReplayPlugin.swift, PostHogReplayIntegration.swift, PostHogSessionReplayConfig.swift, PostHogSessionReplayConsoleLogConfig.swift, RRStyle.swift (in target 'PostHog' from project 'PostHog')

SwiftCompile normal arm64 Compiling\ FileUtils.swift,\ Hedgelog.swift,\ Reachability.swift,\ ReadWriteLock.swift,\ TimeBasedEpochGenerator.swift,\ UIApplication+.swift,\ UIImage+WebP.swift,\ UIWindow+.swift,\ UUIDUtils.swift /Users/aadityasingh/Library/Developer/Xcode/DerivedData/Chatlio-erkyzdeecsohoaggpwbjdvavzqfv/SourcePackages/checkouts/posthog-ios/PostHog/Utils/FileUtils.swift /Users/aadityasingh/Library/Developer/Xcode/DerivedData/Chatlio-erkyzdeecsohoaggpwbjdvavzqfv/SourcePackages/checkouts/posthog-ios/PostHog/Utils/Hedgelog.swift /Users/aadityasingh/Library/Developer/Xcode/DerivedData/Chatlio-erkyzdeecsohoaggpwbjdvavzqfv/SourcePackages/checkouts/posthog-ios/PostHog/Utils/Reachability.swift /Users/aadityasingh/Library/Developer/Xcode/DerivedData/Chatlio-erkyzdeecsohoaggpwbjdvavzqfv/SourcePackages/checkouts/posthog-ios/PostHog/Utils/ReadWriteLock.swift /Users/aadityasingh/Library/Developer/Xcode/DerivedData/Chatlio-erkyzdeecsohoaggpwbjdvavzqfv/SourcePackages/checkouts/posthog-ios/PostHog/Utils/TimeBasedEpochGenerator.swift /Users/aadityasingh/Library/Developer/Xcode/DerivedData/Chatlio-erkyzdeecsohoaggpwbjdvavzqfv/SourcePackages/checkouts/posthog-ios/PostHog/Utils/UIApplication+.swift /Users/aadityasingh/Library/Developer/Xcode/DerivedData/Chatlio-erkyzdeecsohoaggpwbjdvavzqfv/SourcePackages/checkouts/posthog-ios/PostHog/Utils/UIImage+WebP.swift /Users/aadityasingh/Library/Developer/Xcode/DerivedData/Chatlio-erkyzdeecsohoaggpwbjdvavzqfv/SourcePackages/checkouts/posthog-ios/PostHog/Utils/UIWindow+.swift /Users/aadityasingh/Library/Developer/Xcode/DerivedData/Chatlio-erkyzdeecsohoaggpwbjdvavzqfv/SourcePackages/checkouts/posthog-ios/PostHog/Utils/UUIDUtils.swift (in target 'PostHog' from project 'PostHog')
SwiftCompile normal arm64 /Users/aadityasingh/Library/Developer/Xcode/DerivedData/Chatlio-erkyzdeecsohoaggpwbjdvavzqfv/SourcePackages/checkouts/posthog-ios/PostHog/Utils/FileUtils.swift (in target 'PostHog' from project 'PostHog')
    cd /Users/aadityasingh/Documents/Development/element-x-ios/Chatlio.xcodeproj
    

SwiftCompile normal arm64 /Users/aadityasingh/Library/Developer/Xcode/DerivedData/Chatlio-erkyzdeecsohoaggpwbjdvavzqfv/SourcePackages/checkouts/posthog-ios/PostHog/Utils/Hedgelog.swift (in target 'PostHog' from project 'PostHog')
    cd /Users/aadityasingh/Documents/Development/element-x-ios/Chatlio.xcodeproj
    

SwiftCompile normal arm64 /Users/aadityasingh/Library/Developer/Xcode/DerivedData/Chatlio-erkyzdeecsohoaggpwbjdvavzqfv/SourcePackages/checkouts/posthog-ios/PostHog/Utils/Reachability.swift (in target 'PostHog' from project 'PostHog')
    cd /Users/aadityasingh/Documents/Development/element-x-ios/Chatlio.xcodeproj
    

SwiftCompile normal arm64 /Users/aadityasingh/Library/Developer/Xcode/DerivedData/Chatlio-erkyzdeecsohoaggpwbjdvavzqfv/SourcePackages/checkouts/posthog-ios/PostHog/Utils/ReadWriteLock.swift (in target 'PostHog' from project 'PostHog')
    cd /Users/aadityasingh/Documents/Development/element-x-ios/Chatlio.xcodeproj
    

SwiftCompile normal arm64 /Users/aadityasingh/Library/Developer/Xcode/DerivedData/Chatlio-erkyzdeecsohoaggpwbjdvavzqfv/SourcePackages/checkouts/posthog-ios/PostHog/Utils/TimeBasedEpochGenerator.swift (in target 'PostHog' from project 'PostHog')
    cd /Users/aadityasingh/Documents/Development/element-x-ios/Chatlio.xcodeproj
    

SwiftCompile normal arm64 /Users/aadityasingh/Library/Developer/Xcode/DerivedData/Chatlio-erkyzdeecsohoaggpwbjdvavzqfv/SourcePackages/checkouts/posthog-ios/PostHog/Utils/UIApplication+.swift (in target 'PostHog' from project 'PostHog')
    cd /Users/aadityasingh/Documents/Development/element-x-ios/Chatlio.xcodeproj
    

SwiftCompile normal arm64 /Users/aadityasingh/Library/Developer/Xcode/DerivedData/Chatlio-erkyzdeecsohoaggpwbjdvavzqfv/SourcePackages/checkouts/posthog-ios/PostHog/Utils/UIImage+WebP.swift (in target 'PostHog' from project 'PostHog')
    cd /Users/aadityasingh/Documents/Development/element-x-ios/Chatlio.xcodeproj
    

SwiftCompile normal arm64 /Users/aadityasingh/Library/Developer/Xcode/DerivedData/Chatlio-erkyzdeecsohoaggpwbjdvavzqfv/SourcePackages/checkouts/posthog-ios/PostHog/Utils/UIWindow+.swift (in target 'PostHog' from project 'PostHog')
    cd /Users/aadityasingh/Documents/Development/element-x-ios/Chatlio.xcodeproj
    

SwiftCompile normal arm64 /Users/aadityasingh/Library/Developer/Xcode/DerivedData/Chatlio-erkyzdeecsohoaggpwbjdvavzqfv/SourcePackages/checkouts/posthog-ios/PostHog/Utils/UUIDUtils.swift (in target 'PostHog' from project 'PostHog')
    cd /Users/aadityasingh/Documents/Development/element-x-ios/Chatlio.xcodeproj
    

SwiftDriverJobDiscovery normal x86_64 Compiling PostHogSurveysDefaultDelegate.swift, QuestionHeader.swift, QuestionTypes.swift, SurveyDisplayController.swift, SurveySheet.swift, SurveysRootView.swift, SurveysWindow.swift, EdgeBorder.swift, EmojiRating.swift (in target 'PostHog' from project 'PostHog')

SwiftCompile normal arm64 Compiling\ PostHogNoMaskViewModifier.swift,\ PostHogSwiftUIViewModifiers.swift,\ PostHogTagViewModifier.swift,\ UIViewController.swift,\ AssociatedKeys.swift,\ Data+Gzip.swift,\ DateUtils.swift,\ DictUtils.swift,\ Errors.swift /Users/aadityasingh/Library/Developer/Xcode/DerivedData/Chatlio-erkyzdeecsohoaggpwbjdvavzqfv/SourcePackages/checkouts/posthog-ios/PostHog/SwiftUI/PostHogNoMaskViewModifier.swift /Users/aadityasingh/Library/Developer/Xcode/DerivedData/Chatlio-erkyzdeecsohoaggpwbjdvavzqfv/SourcePackages/checkouts/posthog-ios/PostHog/SwiftUI/PostHogSwiftUIViewModifiers.swift /Users/aadityasingh/Library/Developer/Xcode/DerivedData/Chatlio-erkyzdeecsohoaggpwbjdvavzqfv/SourcePackages/checkouts/posthog-ios/PostHog/SwiftUI/PostHogTagViewModifier.swift /Users/aadityasingh/Library/Developer/Xcode/DerivedData/Chatlio-erkyzdeecsohoaggpwbjdvavzqfv/SourcePackages/checkouts/posthog-ios/PostHog/UIViewController.swift /Users/aadityasingh/Library/Developer/Xcode/DerivedData/Chatlio-erkyzdeecsohoaggpwbjdvavzqfv/SourcePackages/checkouts/posthog-ios/PostHog/Utils/AssociatedKeys.swift /Users/aadityasingh/Library/Developer/Xcode/DerivedData/Chatlio-erkyzdeecsohoaggpwbjdvavzqfv/SourcePackages/checkouts/posthog-ios/PostHog/Utils/Data+Gzip.swift /Users/aadityasingh/Library/Developer/Xcode/DerivedData/Chatlio-erkyzdeecsohoaggpwbjdvavzqfv/SourcePackages/checkouts/posthog-ios/PostHog/Utils/DateUtils.swift /Users/aadityasingh/Library/Developer/Xcode/DerivedData/Chatlio-erkyzdeecsohoaggpwbjdvavzqfv/SourcePackages/checkouts/posthog-ios/PostHog/Utils/DictUtils.swift /Users/aadityasingh/Library/Developer/Xcode/DerivedData/Chatlio-erkyzdeecsohoaggpwbjdvavzqfv/SourcePackages/checkouts/posthog-ios/PostHog/Utils/Errors.swift (in target 'PostHog' from project 'PostHog')
SwiftCompile normal arm64 /Users/aadityasingh/Library/Developer/Xcode/DerivedData/Chatlio-erkyzdeecsohoaggpwbjdvavzqfv/SourcePackages/checkouts/posthog-ios/PostHog/SwiftUI/PostHogNoMaskViewModifier.swift (in target 'PostHog' from project 'PostHog')
    cd /Users/aadityasingh/Documents/Development/element-x-ios/Chatlio.xcodeproj
    

SwiftCompile normal arm64 /Users/aadityasingh/Library/Developer/Xcode/DerivedData/Chatlio-erkyzdeecsohoaggpwbjdvavzqfv/SourcePackages/checkouts/posthog-ios/PostHog/SwiftUI/PostHogSwiftUIViewModifiers.swift (in target 'PostHog' from project 'PostHog')
    cd /Users/aadityasingh/Documents/Development/element-x-ios/Chatlio.xcodeproj
    

SwiftCompile normal arm64 /Users/aadityasingh/Library/Developer/Xcode/DerivedData/Chatlio-erkyzdeecsohoaggpwbjdvavzqfv/SourcePackages/checkouts/posthog-ios/PostHog/SwiftUI/PostHogTagViewModifier.swift (in target 'PostHog' from project 'PostHog')
    cd /Users/aadityasingh/Documents/Development/element-x-ios/Chatlio.xcodeproj
    

SwiftCompile normal arm64 /Users/aadityasingh/Library/Developer/Xcode/DerivedData/Chatlio-erkyzdeecsohoaggpwbjdvavzqfv/SourcePackages/checkouts/posthog-ios/PostHog/UIViewController.swift (in target 'PostHog' from project 'PostHog')
    cd /Users/aadityasingh/Documents/Development/element-x-ios/Chatlio.xcodeproj
    

SwiftCompile normal arm64 /Users/aadityasingh/Library/Developer/Xcode/DerivedData/Chatlio-erkyzdeecsohoaggpwbjdvavzqfv/SourcePackages/checkouts/posthog-ios/PostHog/Utils/AssociatedKeys.swift (in target 'PostHog' from project 'PostHog')
    cd /Users/aadityasingh/Documents/Development/element-x-ios/Chatlio.xcodeproj
    

SwiftCompile normal arm64 /Users/aadityasingh/Library/Developer/Xcode/DerivedData/Chatlio-erkyzdeecsohoaggpwbjdvavzqfv/SourcePackages/checkouts/posthog-ios/PostHog/Utils/Data+Gzip.swift (in target 'PostHog' from project 'PostHog')
    cd /Users/aadityasingh/Documents/Development/element-x-ios/Chatlio.xcodeproj
    

SwiftCompile normal arm64 /Users/aadityasingh/Library/Developer/Xcode/DerivedData/Chatlio-erkyzdeecsohoaggpwbjdvavzqfv/SourcePackages/checkouts/posthog-ios/PostHog/Utils/DateUtils.swift (in target 'PostHog' from project 'PostHog')
    cd /Users/aadityasingh/Documents/Development/element-x-ios/Chatlio.xcodeproj
    

SwiftCompile normal arm64 /Users/aadityasingh/Library/Developer/Xcode/DerivedData/Chatlio-erkyzdeecsohoaggpwbjdvavzqfv/SourcePackages/checkouts/posthog-ios/PostHog/Utils/DictUtils.swift (in target 'PostHog' from project 'PostHog')
    cd /Users/aadityasingh/Documents/Development/element-x-ios/Chatlio.xcodeproj
    

SwiftCompile normal arm64 /Users/aadityasingh/Library/Developer/Xcode/DerivedData/Chatlio-erkyzdeecsohoaggpwbjdvavzqfv/SourcePackages/checkouts/posthog-ios/PostHog/Utils/Errors.swift (in target 'PostHog' from project 'PostHog')
    cd /Users/aadityasingh/Documents/Development/element-x-ios/Chatlio.xcodeproj
    

SwiftDriverJobDiscovery normal x86_64 Compiling BottomSection.swift, ConfirmationMessage.swift, PostHogDisplaySurvey.swift, PostHogDisplaySurveyAppearance.swift, PostHogDisplaySurveyQuestion.swift, PostHogNextSurveyQuestion.swift, PostHogSurveyResponse.swift, PostHogSurveyIntegration.swift, PostHogSurveysConfig.swift (in target 'PostHog' from project 'PostHog')

SwiftCompile normal arm64 Compiling\ RRWireframe.swift,\ String+Util.swift,\ UIColor+Util.swift,\ UIImage+Util.swift,\ UITextInputTraits+Util.swift,\ UIView+Util.swift,\ ViewTreeSnapshotStatus.swift,\ ApplicationScreenViewPublisher.swift,\ PostHogScreenViewIntegration.swift /Users/aadityasingh/Library/Developer/Xcode/DerivedData/Chatlio-erkyzdeecsohoaggpwbjdvavzqfv/SourcePackages/checkouts/posthog-ios/PostHog/Replay/RRWireframe.swift /Users/aadityasingh/Library/Developer/Xcode/DerivedData/Chatlio-erkyzdeecsohoaggpwbjdvavzqfv/SourcePackages/checkouts/posthog-ios/PostHog/Replay/String+Util.swift /Users/aadityasingh/Library/Developer/Xcode/DerivedData/Chatlio-erkyzdeecsohoaggpwbjdvavzqfv/SourcePackages/checkouts/posthog-ios/PostHog/Replay/UIColor+Util.swift /Users/aadityasingh/Library/Developer/Xcode/DerivedData/Chatlio-erkyzdeecsohoaggpwbjdvavzqfv/SourcePackages/checkouts/posthog-ios/PostHog/Replay/UIImage+Util.swift /Users/aadityasingh/Library/Developer/Xcode/DerivedData/Chatlio-erkyzdeecsohoaggpwbjdvavzqfv/SourcePackages/checkouts/posthog-ios/PostHog/Replay/UITextInputTraits+Util.swift /Users/aadityasingh/Library/Developer/Xcode/DerivedData/Chatlio-erkyzdeecsohoaggpwbjdvavzqfv/SourcePackages/checkouts/posthog-ios/PostHog/Replay/UIView+Util.swift /Users/aadityasingh/Library/Developer/Xcode/DerivedData/Chatlio-erkyzdeecsohoaggpwbjdvavzqfv/SourcePackages/checkouts/posthog-ios/PostHog/Replay/ViewTreeSnapshotStatus.swift /Users/aadityasingh/Library/Developer/Xcode/DerivedData/Chatlio-erkyzdeecsohoaggpwbjdvavzqfv/SourcePackages/checkouts/posthog-ios/PostHog/Screen\ Views/ApplicationScreenViewPublisher.swift /Users/aadityasingh/Library/Developer/Xcode/DerivedData/Chatlio-erkyzdeecsohoaggpwbjdvavzqfv/SourcePackages/checkouts/posthog-ios/PostHog/Screen\ Views/PostHogScreenViewIntegration.swift (in target 'PostHog' from project 'PostHog')

SwiftCompile normal arm64 /Users/aadityasingh/Library/Developer/Xcode/DerivedData/Chatlio-erkyzdeecsohoaggpwbjdvavzqfv/SourcePackages/checkouts/posthog-ios/PostHog/Replay/RRWireframe.swift (in target 'PostHog' from project 'PostHog')
    cd /Users/aadityasingh/Documents/Development/element-x-ios/Chatlio.xcodeproj
    

SwiftCompile normal arm64 /Users/aadityasingh/Library/Developer/Xcode/DerivedData/Chatlio-erkyzdeecsohoaggpwbjdvavzqfv/SourcePackages/checkouts/posthog-ios/PostHog/Replay/String+Util.swift (in target 'PostHog' from project 'PostHog')
    cd /Users/aadityasingh/Documents/Development/element-x-ios/Chatlio.xcodeproj
    

SwiftCompile normal arm64 /Users/aadityasingh/Library/Developer/Xcode/DerivedData/Chatlio-erkyzdeecsohoaggpwbjdvavzqfv/SourcePackages/checkouts/posthog-ios/PostHog/Replay/UIColor+Util.swift (in target 'PostHog' from project 'PostHog')
    cd /Users/aadityasingh/Documents/Development/element-x-ios/Chatlio.xcodeproj
    

SwiftCompile normal arm64 /Users/aadityasingh/Library/Developer/Xcode/DerivedData/Chatlio-erkyzdeecsohoaggpwbjdvavzqfv/SourcePackages/checkouts/posthog-ios/PostHog/Replay/UIImage+Util.swift (in target 'PostHog' from project 'PostHog')
    cd /Users/aadityasingh/Documents/Development/element-x-ios/Chatlio.xcodeproj
    

SwiftCompile normal arm64 /Users/aadityasingh/Library/Developer/Xcode/DerivedData/Chatlio-erkyzdeecsohoaggpwbjdvavzqfv/SourcePackages/checkouts/posthog-ios/PostHog/Replay/UITextInputTraits+Util.swift (in target 'PostHog' from project 'PostHog')
    cd /Users/aadityasingh/Documents/Development/element-x-ios/Chatlio.xcodeproj
    

SwiftCompile normal arm64 /Users/aadityasingh/Library/Developer/Xcode/DerivedData/Chatlio-erkyzdeecsohoaggpwbjdvavzqfv/SourcePackages/checkouts/posthog-ios/PostHog/Replay/UIView+Util.swift (in target 'PostHog' from project 'PostHog')
    cd /Users/aadityasingh/Documents/Development/element-x-ios/Chatlio.xcodeproj
    

SwiftCompile normal arm64 /Users/aadityasingh/Library/Developer/Xcode/DerivedData/Chatlio-erkyzdeecsohoaggpwbjdvavzqfv/SourcePackages/checkouts/posthog-ios/PostHog/Replay/ViewTreeSnapshotStatus.swift (in target 'PostHog' from project 'PostHog')
    cd /Users/aadityasingh/Documents/Development/element-x-ios/Chatlio.xcodeproj
    

SwiftCompile normal arm64 /Users/aadityasingh/Library/Developer/Xcode/DerivedData/Chatlio-erkyzdeecsohoaggpwbjdvavzqfv/SourcePackages/checkouts/posthog-ios/PostHog/Screen\ Views/ApplicationScreenViewPublisher.swift (in target 'PostHog' from project 'PostHog')
    cd /Users/aadityasingh/Documents/Development/element-x-ios/Chatlio.xcodeproj
    

SwiftCompile normal arm64 /Users/aadityasingh/Library/Developer/Xcode/DerivedData/Chatlio-erkyzdeecsohoaggpwbjdvavzqfv/SourcePackages/checkouts/posthog-ios/PostHog/Screen\ Views/PostHogScreenViewIntegration.swift (in target 'PostHog' from project 'PostHog')
    cd /Users/aadityasingh/Documents/Development/element-x-ios/Chatlio.xcodeproj
    

SwiftDriverJobDiscovery normal arm64 Compiling DI.swift, PostHogEvent.swift, PostHogSurvey+Display.swift, PostHogSurvey.swift, PostHogSurveyAppearance.swift, PostHogSurveyConditions.swift, PostHogSurveyEnums.swift, PostHogSurveyQuestion.swift, PostHogApi.swift, PostHogBatchUploadInfo.swift (in target 'PostHog' from project 'PostHog')

SwiftCompile normal x86_64 Compiling\ RRWireframe.swift,\ String+Util.swift,\ UIColor+Util.swift,\ UIImage+Util.swift,\ UITextInputTraits+Util.swift,\ UIView+Util.swift,\ ViewTreeSnapshotStatus.swift,\ ApplicationScreenViewPublisher.swift,\ PostHogScreenViewIntegration.swift /Users/aadityasingh/Library/Developer/Xcode/DerivedData/Chatlio-erkyzdeecsohoaggpwbjdvavzqfv/SourcePackages/checkouts/posthog-ios/PostHog/Replay/RRWireframe.swift /Users/aadityasingh/Library/Developer/Xcode/DerivedData/Chatlio-erkyzdeecsohoaggpwbjdvavzqfv/SourcePackages/checkouts/posthog-ios/PostHog/Replay/String+Util.swift /Users/aadityasingh/Library/Developer/Xcode/DerivedData/Chatlio-erkyzdeecsohoaggpwbjdvavzqfv/SourcePackages/checkouts/posthog-ios/PostHog/Replay/UIColor+Util.swift /Users/aadityasingh/Library/Developer/Xcode/DerivedData/Chatlio-erkyzdeecsohoaggpwbjdvavzqfv/SourcePackages/checkouts/posthog-ios/PostHog/Replay/UIImage+Util.swift /Users/aadityasingh/Library/Developer/Xcode/DerivedData/Chatlio-erkyzdeecsohoaggpwbjdvavzqfv/SourcePackages/checkouts/posthog-ios/PostHog/Replay/UITextInputTraits+Util.swift /Users/aadityasingh/Library/Developer/Xcode/DerivedData/Chatlio-erkyzdeecsohoaggpwbjdvavzqfv/SourcePackages/checkouts/posthog-ios/PostHog/Replay/UIView+Util.swift /Users/aadityasingh/Library/Developer/Xcode/DerivedData/Chatlio-erkyzdeecsohoaggpwbjdvavzqfv/SourcePackages/checkouts/posthog-ios/PostHog/Replay/ViewTreeSnapshotStatus.swift /Users/aadityasingh/Library/Developer/Xcode/DerivedData/Chatlio-erkyzdeecsohoaggpwbjdvavzqfv/SourcePackages/checkouts/posthog-ios/PostHog/Screen\ Views/ApplicationScreenViewPublisher.swift /Users/aadityasingh/Library/Developer/Xcode/DerivedData/Chatlio-erkyzdeecsohoaggpwbjdvavzqfv/SourcePackages/checkouts/posthog-ios/PostHog/Screen\ Views/PostHogScreenViewIntegration.swift (in target 'PostHog' from project 'PostHog')

SwiftCompile normal x86_64 /Users/aadityasingh/Library/Developer/Xcode/DerivedData/Chatlio-erkyzdeecsohoaggpwbjdvavzqfv/SourcePackages/checkouts/posthog-ios/PostHog/Replay/RRWireframe.swift (in target 'PostHog' from project 'PostHog')
    cd /Users/aadityasingh/Documents/Development/element-x-ios/Chatlio.xcodeproj
    

SwiftCompile normal x86_64 /Users/aadityasingh/Library/Developer/Xcode/DerivedData/Chatlio-erkyzdeecsohoaggpwbjdvavzqfv/SourcePackages/checkouts/posthog-ios/PostHog/Replay/String+Util.swift (in target 'PostHog' from project 'PostHog')
    cd /Users/aadityasingh/Documents/Development/element-x-ios/Chatlio.xcodeproj
    

SwiftCompile normal x86_64 /Users/aadityasingh/Library/Developer/Xcode/DerivedData/Chatlio-erkyzdeecsohoaggpwbjdvavzqfv/SourcePackages/checkouts/posthog-ios/PostHog/Replay/UIColor+Util.swift (in target 'PostHog' from project 'PostHog')
    cd /Users/aadityasingh/Documents/Development/element-x-ios/Chatlio.xcodeproj
    

SwiftCompile normal x86_64 /Users/aadityasingh/Library/Developer/Xcode/DerivedData/Chatlio-erkyzdeecsohoaggpwbjdvavzqfv/SourcePackages/checkouts/posthog-ios/PostHog/Replay/UIImage+Util.swift (in target 'PostHog' from project 'PostHog')
    cd /Users/aadityasingh/Documents/Development/element-x-ios/Chatlio.xcodeproj
    

SwiftCompile normal x86_64 /Users/aadityasingh/Library/Developer/Xcode/DerivedData/Chatlio-erkyzdeecsohoaggpwbjdvavzqfv/SourcePackages/checkouts/posthog-ios/PostHog/Replay/UITextInputTraits+Util.swift (in target 'PostHog' from project 'PostHog')
    cd /Users/aadityasingh/Documents/Development/element-x-ios/Chatlio.xcodeproj
    

SwiftCompile normal x86_64 /Users/aadityasingh/Library/Developer/Xcode/DerivedData/Chatlio-erkyzdeecsohoaggpwbjdvavzqfv/SourcePackages/checkouts/posthog-ios/PostHog/Replay/UIView+Util.swift (in target 'PostHog' from project 'PostHog')
    cd /Users/aadityasingh/Documents/Development/element-x-ios/Chatlio.xcodeproj
    

SwiftCompile normal x86_64 /Users/aadityasingh/Library/Developer/Xcode/DerivedData/Chatlio-erkyzdeecsohoaggpwbjdvavzqfv/SourcePackages/checkouts/posthog-ios/PostHog/Replay/ViewTreeSnapshotStatus.swift (in target 'PostHog' from project 'PostHog')
    cd /Users/aadityasingh/Documents/Development/element-x-ios/Chatlio.xcodeproj
    

SwiftCompile normal x86_64 /Users/aadityasingh/Library/Developer/Xcode/DerivedData/Chatlio-erkyzdeecsohoaggpwbjdvavzqfv/SourcePackages/checkouts/posthog-ios/PostHog/Screen\ Views/ApplicationScreenViewPublisher.swift (in target 'PostHog' from project 'PostHog')
    cd /Users/aadityasingh/Documents/Development/element-x-ios/Chatlio.xcodeproj
    

SwiftCompile normal x86_64 /Users/aadityasingh/Library/Developer/Xcode/DerivedData/Chatlio-erkyzdeecsohoaggpwbjdvavzqfv/SourcePackages/checkouts/posthog-ios/PostHog/Screen\ Views/PostHogScreenViewIntegration.swift (in target 'PostHog' from project 'PostHog')
    cd /Users/aadityasingh/Documents/Development/element-x-ios/Chatlio.xcodeproj
    

SwiftDriverJobDiscovery normal x86_64 Compiling resource_bundle_accessor.swift, ApplicationLifecyclePublisher.swift, PostHogAppLifeCycleIntegration.swift, ApplicationViewLayoutPublisher.swift, AutocaptureEventProcessing.swift, ForwardingPickerViewDelegate.swift, PostHogAutocaptureEventTracker.swift, PostHogAutocaptureIntegration.swift, View+PostHogLabel.swift, UIView+PostHogLabel.swift (in target 'PostHog' from project 'PostHog')

SwiftCompile normal arm64 Compiling\ MultipleChoiceOptions.swift,\ NumberRating.swift,\ Resources.swift,\ SegmentedControl.swift,\ Survey+Util.swift,\ SurveyButton.swift,\ SurveyPresentationDetentsRepresentable.swift,\ SwiftUI+Util.swift,\ PostHogMaskViewModifier.swift /Users/aadityasingh/Library/Developer/Xcode/DerivedData/Chatlio-erkyzdeecsohoaggpwbjdvavzqfv/SourcePackages/checkouts/posthog-ios/PostHog/Surveys/Utils/MultipleChoiceOptions.swift /Users/aadityasingh/Library/Developer/Xcode/DerivedData/Chatlio-erkyzdeecsohoaggpwbjdvavzqfv/SourcePackages/checkouts/posthog-ios/PostHog/Surveys/Utils/NumberRating.swift /Users/aadityasingh/Library/Developer/Xcode/DerivedData/Chatlio-erkyzdeecsohoaggpwbjdvavzqfv/SourcePackages/checkouts/posthog-ios/PostHog/Surveys/Utils/Resources.swift /Users/aadityasingh/Library/Developer/Xcode/DerivedData/Chatlio-erkyzdeecsohoaggpwbjdvavzqfv/SourcePackages/checkouts/posthog-ios/PostHog/Surveys/Utils/SegmentedControl.swift /Users/aadityasingh/Library/Developer/Xcode/DerivedData/Chatlio-erkyzdeecsohoaggpwbjdvavzqfv/SourcePackages/checkouts/posthog-ios/PostHog/Surveys/Utils/Survey+Util.swift /Users/aadityasingh/Library/Developer/Xcode/DerivedData/Chatlio-erkyzdeecsohoaggpwbjdvavzqfv/SourcePackages/checkouts/posthog-ios/PostHog/Surveys/Utils/SurveyButton.swift /Users/aadityasingh/Library/Developer/Xcode/DerivedData/Chatlio-erkyzdeecsohoaggpwbjdvavzqfv/SourcePackages/checkouts/posthog-ios/PostHog/Surveys/Utils/SurveyPresentationDetentsRepresentable.swift /Users/aadityasingh/Library/Developer/Xcode/DerivedData/Chatlio-erkyzdeecsohoaggpwbjdvavzqfv/SourcePackages/checkouts/posthog-ios/PostHog/Surveys/Utils/SwiftUI+Util.swift /Users/aadityasingh/Library/Developer/Xcode/DerivedData/Chatlio-erkyzdeecsohoaggpwbjdvavzqfv/SourcePackages/checkouts/posthog-ios/PostHog/SwiftUI/PostHogMaskViewModifier.swift (in target 'PostHog' from project 'PostHog')
SwiftCompile normal arm64 /Users/aadityasingh/Library/Developer/Xcode/DerivedData/Chatlio-erkyzdeecsohoaggpwbjdvavzqfv/SourcePackages/checkouts/posthog-ios/PostHog/Surveys/Utils/MultipleChoiceOptions.swift (in target 'PostHog' from project 'PostHog')
    cd /Users/aadityasingh/Documents/Development/element-x-ios/Chatlio.xcodeproj
    

SwiftCompile normal arm64 /Users/aadityasingh/Library/Developer/Xcode/DerivedData/Chatlio-erkyzdeecsohoaggpwbjdvavzqfv/SourcePackages/checkouts/posthog-ios/PostHog/Surveys/Utils/NumberRating.swift (in target 'PostHog' from project 'PostHog')
    cd /Users/aadityasingh/Documents/Development/element-x-ios/Chatlio.xcodeproj
    

SwiftCompile normal arm64 /Users/aadityasingh/Library/Developer/Xcode/DerivedData/Chatlio-erkyzdeecsohoaggpwbjdvavzqfv/SourcePackages/checkouts/posthog-ios/PostHog/Surveys/Utils/Resources.swift (in target 'PostHog' from project 'PostHog')
    cd /Users/aadityasingh/Documents/Development/element-x-ios/Chatlio.xcodeproj
    

SwiftCompile normal arm64 /Users/aadityasingh/Library/Developer/Xcode/DerivedData/Chatlio-erkyzdeecsohoaggpwbjdvavzqfv/SourcePackages/checkouts/posthog-ios/PostHog/Surveys/Utils/SegmentedControl.swift (in target 'PostHog' from project 'PostHog')
    cd /Users/aadityasingh/Documents/Development/element-x-ios/Chatlio.xcodeproj
    

SwiftCompile normal arm64 /Users/aadityasingh/Library/Developer/Xcode/DerivedData/Chatlio-erkyzdeecsohoaggpwbjdvavzqfv/SourcePackages/checkouts/posthog-ios/PostHog/Surveys/Utils/Survey+Util.swift (in target 'PostHog' from project 'PostHog')
    cd /Users/aadityasingh/Documents/Development/element-x-ios/Chatlio.xcodeproj
    

SwiftCompile normal arm64 /Users/aadityasingh/Library/Developer/Xcode/DerivedData/Chatlio-erkyzdeecsohoaggpwbjdvavzqfv/SourcePackages/checkouts/posthog-ios/PostHog/Surveys/Utils/SurveyButton.swift (in target 'PostHog' from project 'PostHog')
    cd /Users/aadityasingh/Documents/Development/element-x-ios/Chatlio.xcodeproj
    

SwiftCompile normal arm64 /Users/aadityasingh/Library/Developer/Xcode/DerivedData/Chatlio-erkyzdeecsohoaggpwbjdvavzqfv/SourcePackages/checkouts/posthog-ios/PostHog/Surveys/Utils/SurveyPresentationDetentsRepresentable.swift (in target 'PostHog' from project 'PostHog')
    cd /Users/aadityasingh/Documents/Development/element-x-ios/Chatlio.xcodeproj
    

SwiftCompile normal arm64 /Users/aadityasingh/Library/Developer/Xcode/DerivedData/Chatlio-erkyzdeecsohoaggpwbjdvavzqfv/SourcePackages/checkouts/posthog-ios/PostHog/Surveys/Utils/SwiftUI+Util.swift (in target 'PostHog' from project 'PostHog')
    cd /Users/aadityasingh/Documents/Development/element-x-ios/Chatlio.xcodeproj
    

SwiftCompile normal arm64 /Users/aadityasingh/Library/Developer/Xcode/DerivedData/Chatlio-erkyzdeecsohoaggpwbjdvavzqfv/SourcePackages/checkouts/posthog-ios/PostHog/SwiftUI/PostHogMaskViewModifier.swift (in target 'PostHog' from project 'PostHog')
    cd /Users/aadityasingh/Documents/Development/element-x-ios/Chatlio.xcodeproj
    

SwiftDriverJobDiscovery normal x86_64 Compiling PostHogConfig.swift, PostHogConsumerPayload.swift, PostHogContext.swift, PostHogExtensions.swift, PostHogFileBackedQueue.swift, PostHogIntegration.swift, PostHogLegacyQueue.swift, PostHogPersonProfiles.swift, PostHogPropertiesSanitizer.swift, PostHogQueue.swift (in target 'PostHog' from project 'PostHog')

SwiftCompile normal x86_64 Compiling\ PostHogRemoteConfig.swift,\ PostHogSDK.swift,\ PostHogSessionManager.swift,\ PostHogStorage.swift,\ PostHogStorageManager.swift,\ PostHogSwizzler.swift,\ PostHogVersion.swift,\ ApplicationEventPublisher.swift,\ CGColor+Util.swift,\ CGSize+Util.swift /Users/aadityasingh/Library/Developer/Xcode/DerivedData/Chatlio-erkyzdeecsohoaggpwbjdvavzqfv/SourcePackages/checkouts/posthog-ios/PostHog/PostHogRemoteConfig.swift /Users/aadityasingh/Library/Developer/Xcode/DerivedData/Chatlio-erkyzdeecsohoaggpwbjdvavzqfv/SourcePackages/checkouts/posthog-ios/PostHog/PostHogSDK.swift /Users/aadityasingh/Library/Developer/Xcode/DerivedData/Chatlio-erkyzdeecsohoaggpwbjdvavzqfv/SourcePackages/checkouts/posthog-ios/PostHog/PostHogSessionManager.swift /Users/aadityasingh/Library/Developer/Xcode/DerivedData/Chatlio-erkyzdeecsohoaggpwbjdvavzqfv/SourcePackages/checkouts/posthog-ios/PostHog/PostHogStorage.swift /Users/aadityasingh/Library/Developer/Xcode/DerivedData/Chatlio-erkyzdeecsohoaggpwbjdvavzqfv/SourcePackages/checkouts/posthog-ios/PostHog/PostHogStorageManager.swift /Users/aadityasingh/Library/Developer/Xcode/DerivedData/Chatlio-erkyzdeecsohoaggpwbjdvavzqfv/SourcePackages/checkouts/posthog-ios/PostHog/PostHogSwizzler.swift /Users/aadityasingh/Library/Developer/Xcode/DerivedData/Chatlio-erkyzdeecsohoaggpwbjdvavzqfv/SourcePackages/checkouts/posthog-ios/PostHog/PostHogVersion.swift /Users/aadityasingh/Library/Developer/Xcode/DerivedData/Chatlio-erkyzdeecsohoaggpwbjdvavzqfv/SourcePackages/checkouts/posthog-ios/PostHog/Replay/ApplicationEventPublisher.swift /Users/aadityasingh/Library/Developer/Xcode/DerivedData/Chatlio-erkyzdeecsohoaggpwbjdvavzqfv/SourcePackages/checkouts/posthog-ios/PostHog/Replay/CGColor+Util.swift /Users/aadityasingh/Library/Developer/Xcode/DerivedData/Chatlio-erkyzdeecsohoaggpwbjdvavzqfv/SourcePackages/checkouts/posthog-ios/PostHog/Replay/CGSize+Util.swift (in target 'PostHog' from project 'PostHog')

SwiftCompile normal x86_64 /Users/aadityasingh/Library/Developer/Xcode/DerivedData/Chatlio-erkyzdeecsohoaggpwbjdvavzqfv/SourcePackages/checkouts/posthog-ios/PostHog/PostHogRemoteConfig.swift (in target 'PostHog' from project 'PostHog')
    cd /Users/aadityasingh/Documents/Development/element-x-ios/Chatlio.xcodeproj
    

SwiftCompile normal x86_64 /Users/aadityasingh/Library/Developer/Xcode/DerivedData/Chatlio-erkyzdeecsohoaggpwbjdvavzqfv/SourcePackages/checkouts/posthog-ios/PostHog/PostHogSDK.swift (in target 'PostHog' from project 'PostHog')
    cd /Users/aadityasingh/Documents/Development/element-x-ios/Chatlio.xcodeproj
    

SwiftCompile normal x86_64 /Users/aadityasingh/Library/Developer/Xcode/DerivedData/Chatlio-erkyzdeecsohoaggpwbjdvavzqfv/SourcePackages/checkouts/posthog-ios/PostHog/PostHogSessionManager.swift (in target 'PostHog' from project 'PostHog')
    cd /Users/aadityasingh/Documents/Development/element-x-ios/Chatlio.xcodeproj
    

SwiftCompile normal x86_64 /Users/aadityasingh/Library/Developer/Xcode/DerivedData/Chatlio-erkyzdeecsohoaggpwbjdvavzqfv/SourcePackages/checkouts/posthog-ios/PostHog/PostHogStorage.swift (in target 'PostHog' from project 'PostHog')
    cd /Users/aadityasingh/Documents/Development/element-x-ios/Chatlio.xcodeproj
    

SwiftCompile normal x86_64 /Users/aadityasingh/Library/Developer/Xcode/DerivedData/Chatlio-erkyzdeecsohoaggpwbjdvavzqfv/SourcePackages/checkouts/posthog-ios/PostHog/PostHogStorageManager.swift (in target 'PostHog' from project 'PostHog')
    cd /Users/aadityasingh/Documents/Development/element-x-ios/Chatlio.xcodeproj
    

SwiftCompile normal x86_64 /Users/aadityasingh/Library/Developer/Xcode/DerivedData/Chatlio-erkyzdeecsohoaggpwbjdvavzqfv/SourcePackages/checkouts/posthog-ios/PostHog/PostHogSwizzler.swift (in target 'PostHog' from project 'PostHog')
    cd /Users/aadityasingh/Documents/Development/element-x-ios/Chatlio.xcodeproj
    

SwiftCompile normal x86_64 /Users/aadityasingh/Library/Developer/Xcode/DerivedData/Chatlio-erkyzdeecsohoaggpwbjdvavzqfv/SourcePackages/checkouts/posthog-ios/PostHog/PostHogVersion.swift (in target 'PostHog' from project 'PostHog')
    cd /Users/aadityasingh/Documents/Development/element-x-ios/Chatlio.xcodeproj
    

SwiftCompile normal x86_64 /Users/aadityasingh/Library/Developer/Xcode/DerivedData/Chatlio-erkyzdeecsohoaggpwbjdvavzqfv/SourcePackages/checkouts/posthog-ios/PostHog/Replay/ApplicationEventPublisher.swift (in target 'PostHog' from project 'PostHog')
    cd /Users/aadityasingh/Documents/Development/element-x-ios/Chatlio.xcodeproj
    

SwiftCompile normal x86_64 /Users/aadityasingh/Library/Developer/Xcode/DerivedData/Chatlio-erkyzdeecsohoaggpwbjdvavzqfv/SourcePackages/checkouts/posthog-ios/PostHog/Replay/CGColor+Util.swift (in target 'PostHog' from project 'PostHog')
    cd /Users/aadityasingh/Documents/Development/element-x-ios/Chatlio.xcodeproj
    

SwiftCompile normal x86_64 /Users/aadityasingh/Library/Developer/Xcode/DerivedData/Chatlio-erkyzdeecsohoaggpwbjdvavzqfv/SourcePackages/checkouts/posthog-ios/PostHog/Replay/CGSize+Util.swift (in target 'PostHog' from project 'PostHog')
    cd /Users/aadityasingh/Documents/Development/element-x-ios/Chatlio.xcodeproj
    

SwiftDriverJobDiscovery normal arm64 Compiling PostHogConfig.swift, PostHogConsumerPayload.swift, PostHogContext.swift, PostHogExtensions.swift, PostHogFileBackedQueue.swift, PostHogIntegration.swift, PostHogLegacyQueue.swift, PostHogPersonProfiles.swift, PostHogPropertiesSanitizer.swift, PostHogQueue.swift (in target 'PostHog' from project 'PostHog')

SwiftCompile normal arm64 Compiling\ BottomSection.swift,\ ConfirmationMessage.swift,\ PostHogDisplaySurvey.swift,\ PostHogDisplaySurveyAppearance.swift,\ PostHogDisplaySurveyQuestion.swift,\ PostHogNextSurveyQuestion.swift,\ PostHogSurveyResponse.swift,\ PostHogSurveyIntegration.swift,\ PostHogSurveysConfig.swift /Users/aadityasingh/Library/Developer/Xcode/DerivedData/Chatlio-erkyzdeecsohoaggpwbjdvavzqfv/SourcePackages/checkouts/posthog-ios/PostHog/Surveys/BottomSection.swift /Users/aadityasingh/Library/Developer/Xcode/DerivedData/Chatlio-erkyzdeecsohoaggpwbjdvavzqfv/SourcePackages/checkouts/posthog-ios/PostHog/Surveys/ConfirmationMessage.swift /Users/aadityasingh/Library/Developer/Xcode/DerivedData/Chatlio-erkyzdeecsohoaggpwbjdvavzqfv/SourcePackages/checkouts/posthog-ios/PostHog/Surveys/Models/PostHogDisplaySurvey.swift /Users/aadityasingh/Library/Developer/Xcode/DerivedData/Chatlio-erkyzdeecsohoaggpwbjdvavzqfv/SourcePackages/checkouts/posthog-ios/PostHog/Surveys/Models/PostHogDisplaySurveyAppearance.swift /Users/aadityasingh/Library/Developer/Xcode/DerivedData/Chatlio-erkyzdeecsohoaggpwbjdvavzqfv/SourcePackages/checkouts/posthog-ios/PostHog/Surveys/Models/PostHogDisplaySurveyQuestion.swift /Users/aadityasingh/Library/Developer/Xcode/DerivedData/Chatlio-erkyzdeecsohoaggpwbjdvavzqfv/SourcePackages/checkouts/posthog-ios/PostHog/Surveys/Models/PostHogNextSurveyQuestion.swift /Users/aadityasingh/Library/Developer/Xcode/DerivedData/Chatlio-erkyzdeecsohoaggpwbjdvavzqfv/SourcePackages/checkouts/posthog-ios/PostHog/Surveys/Models/PostHogSurveyResponse.swift /Users/aadityasingh/Library/Developer/Xcode/DerivedData/Chatlio-erkyzdeecsohoaggpwbjdvavzqfv/SourcePackages/checkouts/posthog-ios/PostHog/Surveys/PostHogSurveyIntegration.swift /Users/aadityasingh/Library/Developer/Xcode/DerivedData/Chatlio-erkyzdeecsohoaggpwbjdvavzqfv/SourcePackages/checkouts/posthog-ios/PostHog/Surveys/PostHogSurveysConfig.swift (in target 'PostHog' from project 'PostHog')

SwiftCompile normal arm64 /Users/aadityasingh/Library/Developer/Xcode/DerivedData/Chatlio-erkyzdeecsohoaggpwbjdvavzqfv/SourcePackages/checkouts/posthog-ios/PostHog/Surveys/BottomSection.swift (in target 'PostHog' from project 'PostHog')
    cd /Users/aadityasingh/Documents/Development/element-x-ios/Chatlio.xcodeproj
    

SwiftCompile normal arm64 /Users/aadityasingh/Library/Developer/Xcode/DerivedData/Chatlio-erkyzdeecsohoaggpwbjdvavzqfv/SourcePackages/checkouts/posthog-ios/PostHog/Surveys/ConfirmationMessage.swift (in target 'PostHog' from project 'PostHog')
    cd /Users/aadityasingh/Documents/Development/element-x-ios/Chatlio.xcodeproj
    

SwiftCompile normal arm64 /Users/aadityasingh/Library/Developer/Xcode/DerivedData/Chatlio-erkyzdeecsohoaggpwbjdvavzqfv/SourcePackages/checkouts/posthog-ios/PostHog/Surveys/Models/PostHogDisplaySurvey.swift (in target 'PostHog' from project 'PostHog')
    cd /Users/aadityasingh/Documents/Development/element-x-ios/Chatlio.xcodeproj
    

SwiftCompile normal arm64 /Users/aadityasingh/Library/Developer/Xcode/DerivedData/Chatlio-erkyzdeecsohoaggpwbjdvavzqfv/SourcePackages/checkouts/posthog-ios/PostHog/Surveys/Models/PostHogDisplaySurveyAppearance.swift (in target 'PostHog' from project 'PostHog')
    cd /Users/aadityasingh/Documents/Development/element-x-ios/Chatlio.xcodeproj
    

SwiftCompile normal arm64 /Users/aadityasingh/Library/Developer/Xcode/DerivedData/Chatlio-erkyzdeecsohoaggpwbjdvavzqfv/SourcePackages/checkouts/posthog-ios/PostHog/Surveys/Models/PostHogDisplaySurveyQuestion.swift (in target 'PostHog' from project 'PostHog')
    cd /Users/aadityasingh/Documents/Development/element-x-ios/Chatlio.xcodeproj
    

SwiftCompile normal arm64 /Users/aadityasingh/Library/Developer/Xcode/DerivedData/Chatlio-erkyzdeecsohoaggpwbjdvavzqfv/SourcePackages/checkouts/posthog-ios/PostHog/Surveys/Models/PostHogNextSurveyQuestion.swift (in target 'PostHog' from project 'PostHog')
    cd /Users/aadityasingh/Documents/Development/element-x-ios/Chatlio.xcodeproj
    

SwiftCompile normal arm64 /Users/aadityasingh/Library/Developer/Xcode/DerivedData/Chatlio-erkyzdeecsohoaggpwbjdvavzqfv/SourcePackages/checkouts/posthog-ios/PostHog/Surveys/Models/PostHogSurveyResponse.swift (in target 'PostHog' from project 'PostHog')
    cd /Users/aadityasingh/Documents/Development/element-x-ios/Chatlio.xcodeproj
    

SwiftCompile normal arm64 /Users/aadityasingh/Library/Developer/Xcode/DerivedData/Chatlio-erkyzdeecsohoaggpwbjdvavzqfv/SourcePackages/checkouts/posthog-ios/PostHog/Surveys/PostHogSurveyIntegration.swift (in target 'PostHog' from project 'PostHog')
    cd /Users/aadityasingh/Documents/Development/element-x-ios/Chatlio.xcodeproj
    

SwiftCompile normal arm64 /Users/aadityasingh/Library/Developer/Xcode/DerivedData/Chatlio-erkyzdeecsohoaggpwbjdvavzqfv/SourcePackages/checkouts/posthog-ios/PostHog/Surveys/PostHogSurveysConfig.swift (in target 'PostHog' from project 'PostHog')
    cd /Users/aadityasingh/Documents/Development/element-x-ios/Chatlio.xcodeproj
    

SwiftDriverJobDiscovery normal arm64 Compiling RRWireframe.swift, String+Util.swift, UIColor+Util.swift, UIImage+Util.swift, UITextInputTraits+Util.swift, UIView+Util.swift, ViewTreeSnapshotStatus.swift, ApplicationScreenViewPublisher.swift, PostHogScreenViewIntegration.swift (in target 'PostHog' from project 'PostHog')

SwiftCompile normal x86_64 Compiling\ PostHogNoMaskViewModifier.swift,\ PostHogSwiftUIViewModifiers.swift,\ PostHogTagViewModifier.swift,\ UIViewController.swift,\ AssociatedKeys.swift,\ Data+Gzip.swift,\ DateUtils.swift,\ DictUtils.swift,\ Errors.swift /Users/aadityasingh/Library/Developer/Xcode/DerivedData/Chatlio-erkyzdeecsohoaggpwbjdvavzqfv/SourcePackages/checkouts/posthog-ios/PostHog/SwiftUI/PostHogNoMaskViewModifier.swift /Users/aadityasingh/Library/Developer/Xcode/DerivedData/Chatlio-erkyzdeecsohoaggpwbjdvavzqfv/SourcePackages/checkouts/posthog-ios/PostHog/SwiftUI/PostHogSwiftUIViewModifiers.swift /Users/aadityasingh/Library/Developer/Xcode/DerivedData/Chatlio-erkyzdeecsohoaggpwbjdvavzqfv/SourcePackages/checkouts/posthog-ios/PostHog/SwiftUI/PostHogTagViewModifier.swift /Users/aadityasingh/Library/Developer/Xcode/DerivedData/Chatlio-erkyzdeecsohoaggpwbjdvavzqfv/SourcePackages/checkouts/posthog-ios/PostHog/UIViewController.swift /Users/aadityasingh/Library/Developer/Xcode/DerivedData/Chatlio-erkyzdeecsohoaggpwbjdvavzqfv/SourcePackages/checkouts/posthog-ios/PostHog/Utils/AssociatedKeys.swift /Users/aadityasingh/Library/Developer/Xcode/DerivedData/Chatlio-erkyzdeecsohoaggpwbjdvavzqfv/SourcePackages/checkouts/posthog-ios/PostHog/Utils/Data+Gzip.swift /Users/aadityasingh/Library/Developer/Xcode/DerivedData/Chatlio-erkyzdeecsohoaggpwbjdvavzqfv/SourcePackages/checkouts/posthog-ios/PostHog/Utils/DateUtils.swift /Users/aadityasingh/Library/Developer/Xcode/DerivedData/Chatlio-erkyzdeecsohoaggpwbjdvavzqfv/SourcePackages/checkouts/posthog-ios/PostHog/Utils/DictUtils.swift /Users/aadityasingh/Library/Developer/Xcode/DerivedData/Chatlio-erkyzdeecsohoaggpwbjdvavzqfv/SourcePackages/checkouts/posthog-ios/PostHog/Utils/Errors.swift (in target 'PostHog' from project 'PostHog')

SwiftCompile normal x86_64 /Users/aadityasingh/Library/Developer/Xcode/DerivedData/Chatlio-erkyzdeecsohoaggpwbjdvavzqfv/SourcePackages/checkouts/posthog-ios/PostHog/SwiftUI/PostHogNoMaskViewModifier.swift (in target 'PostHog' from project 'PostHog')
    cd /Users/aadityasingh/Documents/Development/element-x-ios/Chatlio.xcodeproj
    

SwiftCompile normal x86_64 /Users/aadityasingh/Library/Developer/Xcode/DerivedData/Chatlio-erkyzdeecsohoaggpwbjdvavzqfv/SourcePackages/checkouts/posthog-ios/PostHog/SwiftUI/PostHogSwiftUIViewModifiers.swift (in target 'PostHog' from project 'PostHog')
    cd /Users/aadityasingh/Documents/Development/element-x-ios/Chatlio.xcodeproj
    

SwiftCompile normal x86_64 /Users/aadityasingh/Library/Developer/Xcode/DerivedData/Chatlio-erkyzdeecsohoaggpwbjdvavzqfv/SourcePackages/checkouts/posthog-ios/PostHog/SwiftUI/PostHogTagViewModifier.swift (in target 'PostHog' from project 'PostHog')
    cd /Users/aadityasingh/Documents/Development/element-x-ios/Chatlio.xcodeproj
    

SwiftCompile normal x86_64 /Users/aadityasingh/Library/Developer/Xcode/DerivedData/Chatlio-erkyzdeecsohoaggpwbjdvavzqfv/SourcePackages/checkouts/posthog-ios/PostHog/UIViewController.swift (in target 'PostHog' from project 'PostHog')
    cd /Users/aadityasingh/Documents/Development/element-x-ios/Chatlio.xcodeproj
    

SwiftCompile normal x86_64 /Users/aadityasingh/Library/Developer/Xcode/DerivedData/Chatlio-erkyzdeecsohoaggpwbjdvavzqfv/SourcePackages/checkouts/posthog-ios/PostHog/Utils/AssociatedKeys.swift (in target 'PostHog' from project 'PostHog')
    cd /Users/aadityasingh/Documents/Development/element-x-ios/Chatlio.xcodeproj
    

SwiftCompile normal x86_64 /Users/aadityasingh/Library/Developer/Xcode/DerivedData/Chatlio-erkyzdeecsohoaggpwbjdvavzqfv/SourcePackages/checkouts/posthog-ios/PostHog/Utils/Data+Gzip.swift (in target 'PostHog' from project 'PostHog')
    cd /Users/aadityasingh/Documents/Development/element-x-ios/Chatlio.xcodeproj
    

SwiftCompile normal x86_64 /Users/aadityasingh/Library/Developer/Xcode/DerivedData/Chatlio-erkyzdeecsohoaggpwbjdvavzqfv/SourcePackages/checkouts/posthog-ios/PostHog/Utils/DateUtils.swift (in target 'PostHog' from project 'PostHog')
    cd /Users/aadityasingh/Documents/Development/element-x-ios/Chatlio.xcodeproj
    

SwiftCompile normal x86_64 /Users/aadityasingh/Library/Developer/Xcode/DerivedData/Chatlio-erkyzdeecsohoaggpwbjdvavzqfv/SourcePackages/checkouts/posthog-ios/PostHog/Utils/DictUtils.swift (in target 'PostHog' from project 'PostHog')
    cd /Users/aadityasingh/Documents/Development/element-x-ios/Chatlio.xcodeproj
    

SwiftCompile normal x86_64 /Users/aadityasingh/Library/Developer/Xcode/DerivedData/Chatlio-erkyzdeecsohoaggpwbjdvavzqfv/SourcePackages/checkouts/posthog-ios/PostHog/Utils/Errors.swift (in target 'PostHog' from project 'PostHog')
    cd /Users/aadityasingh/Documents/Development/element-x-ios/Chatlio.xcodeproj
    

SwiftDriverJobDiscovery normal x86_64 Compiling MultipleChoiceOptions.swift, NumberRating.swift, Resources.swift, SegmentedControl.swift, Survey+Util.swift, SurveyButton.swift, SurveyPresentationDetentsRepresentable.swift, SwiftUI+Util.swift, PostHogMaskViewModifier.swift (in target 'PostHog' from project 'PostHog')

SwiftCompile normal arm64 Compiling\ PostHogSessionReplayNetworkPlugin.swift,\ URLSessionExtension.swift,\ URLSessionInterceptor.swift,\ URLSessionSwizzler.swift,\ PostHogSessionReplayPlugin.swift,\ PostHogReplayIntegration.swift,\ PostHogSessionReplayConfig.swift,\ PostHogSessionReplayConsoleLogConfig.swift,\ RRStyle.swift /Users/aadityasingh/Library/Developer/Xcode/DerivedData/Chatlio-erkyzdeecsohoaggpwbjdvavzqfv/SourcePackages/checkouts/posthog-ios/PostHog/Replay/Plugins/Network/PostHogSessionReplayNetworkPlugin.swift /Users/aadityasingh/Library/Developer/Xcode/DerivedData/Chatlio-erkyzdeecsohoaggpwbjdvavzqfv/SourcePackages/checkouts/posthog-ios/PostHog/Replay/Plugins/Network/URLSessionExtension.swift /Users/aadityasingh/Library/Developer/Xcode/DerivedData/Chatlio-erkyzdeecsohoaggpwbjdvavzqfv/SourcePackages/checkouts/posthog-ios/PostHog/Replay/Plugins/Network/URLSessionInterceptor.swift /Users/aadityasingh/Library/Developer/Xcode/DerivedData/Chatlio-erkyzdeecsohoaggpwbjdvavzqfv/SourcePackages/checkouts/posthog-ios/PostHog/Replay/Plugins/Network/URLSessionSwizzler.swift /Users/aadityasingh/Library/Developer/Xcode/DerivedData/Chatlio-erkyzdeecsohoaggpwbjdvavzqfv/SourcePackages/checkouts/posthog-ios/PostHog/Replay/Plugins/PostHogSessionReplayPlugin.swift /Users/aadityasingh/Library/Developer/Xcode/DerivedData/Chatlio-erkyzdeecsohoaggpwbjdvavzqfv/SourcePackages/checkouts/posthog-ios/PostHog/Replay/PostHogReplayIntegration.swift /Users/aadityasingh/Library/Developer/Xcode/DerivedData/Chatlio-erkyzdeecsohoaggpwbjdvavzqfv/SourcePackages/checkouts/posthog-ios/PostHog/Replay/PostHogSessionReplayConfig.swift /Users/aadityasingh/Library/Developer/Xcode/DerivedData/Chatlio-erkyzdeecsohoaggpwbjdvavzqfv/SourcePackages/checkouts/posthog-ios/PostHog/Replay/PostHogSessionReplayConsoleLogConfig.swift /Users/aadityasingh/Library/Developer/Xcode/DerivedData/Chatlio-erkyzdeecsohoaggpwbjdvavzqfv/SourcePackages/checkouts/posthog-ios/PostHog/Replay/RRStyle.swift (in target 'PostHog' from project 'PostHog')

SwiftCompile normal arm64 /Users/aadityasingh/Library/Developer/Xcode/DerivedData/Chatlio-erkyzdeecsohoaggpwbjdvavzqfv/SourcePackages/checkouts/posthog-ios/PostHog/Replay/Plugins/Network/PostHogSessionReplayNetworkPlugin.swift (in target 'PostHog' from project 'PostHog')
    cd /Users/aadityasingh/Documents/Development/element-x-ios/Chatlio.xcodeproj
    

SwiftCompile normal arm64 /Users/aadityasingh/Library/Developer/Xcode/DerivedData/Chatlio-erkyzdeecsohoaggpwbjdvavzqfv/SourcePackages/checkouts/posthog-ios/PostHog/Replay/Plugins/Network/URLSessionExtension.swift (in target 'PostHog' from project 'PostHog')
    cd /Users/aadityasingh/Documents/Development/element-x-ios/Chatlio.xcodeproj
    

SwiftCompile normal arm64 /Users/aadityasingh/Library/Developer/Xcode/DerivedData/Chatlio-erkyzdeecsohoaggpwbjdvavzqfv/SourcePackages/checkouts/posthog-ios/PostHog/Replay/Plugins/Network/URLSessionInterceptor.swift (in target 'PostHog' from project 'PostHog')
    cd /Users/aadityasingh/Documents/Development/element-x-ios/Chatlio.xcodeproj
    

SwiftCompile normal arm64 /Users/aadityasingh/Library/Developer/Xcode/DerivedData/Chatlio-erkyzdeecsohoaggpwbjdvavzqfv/SourcePackages/checkouts/posthog-ios/PostHog/Replay/Plugins/Network/URLSessionSwizzler.swift (in target 'PostHog' from project 'PostHog')
    cd /Users/aadityasingh/Documents/Development/element-x-ios/Chatlio.xcodeproj
    

SwiftCompile normal arm64 /Users/aadityasingh/Library/Developer/Xcode/DerivedData/Chatlio-erkyzdeecsohoaggpwbjdvavzqfv/SourcePackages/checkouts/posthog-ios/PostHog/Replay/Plugins/PostHogSessionReplayPlugin.swift (in target 'PostHog' from project 'PostHog')
    cd /Users/aadityasingh/Documents/Development/element-x-ios/Chatlio.xcodeproj
    

SwiftCompile normal arm64 /Users/aadityasingh/Library/Developer/Xcode/DerivedData/Chatlio-erkyzdeecsohoaggpwbjdvavzqfv/SourcePackages/checkouts/posthog-ios/PostHog/Replay/PostHogReplayIntegration.swift (in target 'PostHog' from project 'PostHog')
    cd /Users/aadityasingh/Documents/Development/element-x-ios/Chatlio.xcodeproj
    

SwiftCompile normal arm64 /Users/aadityasingh/Library/Developer/Xcode/DerivedData/Chatlio-erkyzdeecsohoaggpwbjdvavzqfv/SourcePackages/checkouts/posthog-ios/PostHog/Replay/PostHogSessionReplayConfig.swift (in target 'PostHog' from project 'PostHog')
    cd /Users/aadityasingh/Documents/Development/element-x-ios/Chatlio.xcodeproj
    

SwiftCompile normal arm64 /Users/aadityasingh/Library/Developer/Xcode/DerivedData/Chatlio-erkyzdeecsohoaggpwbjdvavzqfv/SourcePackages/checkouts/posthog-ios/PostHog/Replay/PostHogSessionReplayConsoleLogConfig.swift (in target 'PostHog' from project 'PostHog')
    cd /Users/aadityasingh/Documents/Development/element-x-ios/Chatlio.xcodeproj
    

SwiftCompile normal arm64 /Users/aadityasingh/Library/Developer/Xcode/DerivedData/Chatlio-erkyzdeecsohoaggpwbjdvavzqfv/SourcePackages/checkouts/posthog-ios/PostHog/Replay/RRStyle.swift (in target 'PostHog' from project 'PostHog')
    cd /Users/aadityasingh/Documents/Development/element-x-ios/Chatlio.xcodeproj
    

SwiftDriverJobDiscovery normal arm64 Compiling PostHogRemoteConfig.swift, PostHogSDK.swift, PostHogSessionManager.swift, PostHogStorage.swift, PostHogStorageManager.swift, PostHogSwizzler.swift, PostHogVersion.swift, ApplicationEventPublisher.swift, CGColor+Util.swift, CGSize+Util.swift (in target 'PostHog' from project 'PostHog')

SwiftDriverJobDiscovery normal x86_64 Compiling RRWireframe.swift, String+Util.swift, UIColor+Util.swift, UIImage+Util.swift, UITextInputTraits+Util.swift, UIView+Util.swift, ViewTreeSnapshotStatus.swift, ApplicationScreenViewPublisher.swift, PostHogScreenViewIntegration.swift (in target 'PostHog' from project 'PostHog')

SwiftCompile normal x86_64 Compiling\ matrix_sdk_ui.swift /Users/aadityasingh/Documents/Development/matrix-rust-sdk-local/Sources/MatrixRustSDK/matrix_sdk_ui.swift (in target 'MatrixRustSDK' from project 'MatrixRustSDK')

SwiftCompile normal x86_64 /Users/aadityasingh/Documents/Development/matrix-rust-sdk-local/Sources/MatrixRustSDK/matrix_sdk_ui.swift (in target 'MatrixRustSDK' from project 'MatrixRustSDK')
    cd /Users/aadityasingh/Documents/Development/element-x-ios/Chatlio.xcodeproj
    

SwiftCompile normal x86_64 Compiling\ matrix_sdk_base.swift /Users/aadityasingh/Documents/Development/matrix-rust-sdk-local/Sources/MatrixRustSDK/matrix_sdk_base.swift (in target 'MatrixRustSDK' from project 'MatrixRustSDK')

SwiftCompile normal x86_64 /Users/aadityasingh/Documents/Development/matrix-rust-sdk-local/Sources/MatrixRustSDK/matrix_sdk_base.swift (in target 'MatrixRustSDK' from project 'MatrixRustSDK')
    cd /Users/aadityasingh/Documents/Development/element-x-ios/Chatlio.xcodeproj
    

SwiftDriverJobDiscovery normal arm64 Compiling SFSymbol+6.3.swift, SFSymbol+6.4.swift, SFSymbol+7.0.swift, SFSymbol+AllSymbols+1.0.swift, SFSymbol+AllSymbols+1.1.swift (in target 'SFSafeSymbols' from project 'SFSafeSymbols')

SwiftCompile normal arm64 Compiling\ matrix_sdk_common.swift /Users/aadityasingh/Documents/Development/matrix-rust-sdk-local/Sources/MatrixRustSDK/matrix_sdk_common.swift (in target 'MatrixRustSDK' from project 'MatrixRustSDK')

SwiftCompile normal arm64 /Users/aadityasingh/Documents/Development/matrix-rust-sdk-local/Sources/MatrixRustSDK/matrix_sdk_common.swift (in target 'MatrixRustSDK' from project 'MatrixRustSDK')
    cd /Users/aadityasingh/Documents/Development/element-x-ios/Chatlio.xcodeproj
    

SwiftDriverJobDiscovery normal x86_64 Compiling SFSymbol+6.3.swift, SFSymbol+6.4.swift, SFSymbol+7.0.swift, SFSymbol+AllSymbols+1.0.swift, SFSymbol+AllSymbols+1.1.swift (in target 'SFSafeSymbols' from project 'SFSafeSymbols')

SwiftDriver\ Compilation SFSafeSymbols normal x86_64 com.apple.xcode.tools.swift.compiler (in target 'SFSafeSymbols' from project 'SFSafeSymbols')
    cd /Users/aadityasingh/Documents/Development/element-x-ios/Chatlio.xcodeproj
    builtin-Swift-Compilation -- /Applications/Xcode.app/Contents/Developer/Toolchains/XcodeDefault.xctoolchain/usr/bin/swiftc -module-name SFSafeSymbols -Onone @/Users/aadityasingh/Library/Developer/Xcode/DerivedData/Chatlio-erkyzdeecsohoaggpwbjdvavzqfv/Build/Intermediates.noindex/SFSafeSymbols.build/Debug-iphonesimulator/SFSafeSymbols.build/Objects-normal/x86_64/SFSafeSymbols.SwiftFileList -DSWIFT_PACKAGE -DDEBUG -DSWIFT_MODULE_RESOURCE_BUNDLE_UNAVAILABLE -DXcode -plugin-path /Applications/Xcode.app/Contents/Developer/Toolchains/XcodeDefault.xctoolchain/usr/lib/swift/host/plugins/testing -enable-experimental-feature DebugDescriptionMacro -sdk /Applications/Xcode.app/Contents/Developer/Platforms/iPhoneSimulator.platform/Developer/SDKs/iPhoneSimulator26.4.sdk -target x86_64-apple-ios12.0-simulator -g -module-cache-path /Users/aadityasingh/Library/Developer/Xcode/DerivedData/ModuleCache.noindex -Xfrontend -serialize-debugging-options -profile-coverage-mapping -profile-generate -enable-testing -suppress-warnings -index-store-path /Users/aadityasingh/Library/Developer/Xcode/DerivedData/Chatlio-erkyzdeecsohoaggpwbjdvavzqfv/Index.noindex/DataStore -Xcc -D_LIBCPP_HARDENING_MODE\=_LIBCPP_HARDENING_MODE_DEBUG -swift-version 5 -I /Users/aadityasingh/Library/Developer/Xcode/DerivedData/Chatlio-erkyzdeecsohoaggpwbjdvavzqfv/Build/Products/Debug-iphonesimulator -Isystem /Applications/Xcode.app/Contents/Developer/Platforms/iPhoneSimulator.platform/Developer/usr/lib -F /Users/aadityasingh/Library/Developer/Xcode/DerivedData/Chatlio-erkyzdeecsohoaggpwbjdvavzqfv/Build/Products/Debug-iphonesimulator -F /Applications/Xcode.app/Contents/Developer/Platforms/iPhoneSimulator.platform/Developer/Library/Frameworks -F /Applications/Xcode.app/Contents/Developer/Platforms/iPhoneSimulator.platform/Developer/SDKs/iPhoneSimulator26.4.sdk/Developer/Library/Frameworks -c -j12 -enable-batch-mode -incremental -Xcc -ivfsstatcache -Xcc /Users/aadityasingh/Library/Developer/Xcode/DerivedData/SDKStatCaches.noindex/iphonesimulator26.4-23E252-686eebb5dc1d8ecb277353a59184f4aa.sdkstatcache -output-file-map /Users/aadityasingh/Library/Developer/Xcode/DerivedData/Chatlio-erkyzdeecsohoaggpwbjdvavzqfv/Build/Intermediates.noindex/SFSafeSymbols.build/Debug-iphonesimulator/SFSafeSymbols.build/Objects-normal/x86_64/SFSafeSymbols-OutputFileMap.json -use-frontend-parseable-output -save-temps -no-color-diagnostics -explicit-module-build -module-cache-path /Users/aadityasingh/Library/Developer/Xcode/DerivedData/Chatlio-erkyzdeecsohoaggpwbjdvavzqfv/Build/Intermediates.noindex/SwiftExplicitPrecompiledModules -clang-scanner-module-cache-path /Users/aadityasingh/Library/Developer/Xcode/DerivedData/ModuleCache.noindex -sdk-module-cache-path /Users/aadityasingh/Library/Developer/Xcode/DerivedData/ModuleCache.noindex -serialize-diagnostics -emit-dependencies -emit-module -emit-module-path /Users/aadityasingh/Library/Developer/Xcode/DerivedData/Chatlio-erkyzdeecsohoaggpwbjdvavzqfv/Build/Intermediates.noindex/SFSafeSymbols.build/Debug-iphonesimulator/SFSafeSymbols.build/Objects-normal/x86_64/SFSafeSymbols.swiftmodule -validate-clang-modules-once -clang-build-session-file /Users/aadityasingh/Library/Developer/Xcode/DerivedData/ModuleCache.noindex/Session.modulevalidation -package-name sfsafesymbols -Xcc -I/Users/aadityasingh/Library/Developer/Xcode/DerivedData/Chatlio-erkyzdeecsohoaggpwbjdvavzqfv/Build/Intermediates.noindex/SFSafeSymbols.build/Debug-iphonesimulator/SFSafeSymbols.build/swift-overrides.hmap -emit-const-values -Xfrontend -const-gather-protocols-file -Xfrontend /Users/aadityasingh/Library/Developer/Xcode/DerivedData/Chatlio-erkyzdeecsohoaggpwbjdvavzqfv/Build/Intermediates.noindex/SFSafeSymbols.build/Debug-iphonesimulator/SFSafeSymbols.build/Objects-normal/x86_64/SFSafeSymbols_const_extract_protocols.json -Xcc -I/Users/aadityasingh/Library/Developer/Xcode/DerivedData/Chatlio-erkyzdeecsohoaggpwbjdvavzqfv/Build/Products/Debug-iphonesimulator/include -Xcc -I/Users/aadityasingh/Library/Developer/Xcode/DerivedData/Chatlio-erkyzdeecsohoaggpwbjdvavzqfv/Build/Intermediates.noindex/SFSafeSymbols.build/Debug-iphonesimulator/SFSafeSymbols.build/DerivedSources-normal/x86_64 -Xcc -I/Users/aadityasingh/Library/Developer/Xcode/DerivedData/Chatlio-erkyzdeecsohoaggpwbjdvavzqfv/Build/Intermediates.noindex/SFSafeSymbols.build/Debug-iphonesimulator/SFSafeSymbols.build/DerivedSources/x86_64 -Xcc -I/Users/aadityasingh/Library/Developer/Xcode/DerivedData/Chatlio-erkyzdeecsohoaggpwbjdvavzqfv/Build/Intermediates.noindex/SFSafeSymbols.build/Debug-iphonesimulator/SFSafeSymbols.build/DerivedSources -Xcc -DSWIFT_PACKAGE -Xcc -DDEBUG\=1 -emit-objc-header -emit-objc-header-path /Users/aadityasingh/Library/Developer/Xcode/DerivedData/Chatlio-erkyzdeecsohoaggpwbjdvavzqfv/Build/Intermediates.noindex/SFSafeSymbols.build/Debug-iphonesimulator/SFSafeSymbols.build/Objects-normal/x86_64/SFSafeSymbols-Swift.h -working-directory /Users/aadityasingh/Documents/Development/element-x-ios/Chatlio.xcodeproj -experimental-emit-module-separately -disable-cmo

SwiftDriverJobDiscovery normal x86_64 Compiling DI.swift, PostHogEvent.swift, PostHogSurvey+Display.swift, PostHogSurvey.swift, PostHogSurveyAppearance.swift, PostHogSurveyConditions.swift, PostHogSurveyEnums.swift, PostHogSurveyQuestion.swift, PostHogApi.swift, PostHogBatchUploadInfo.swift (in target 'PostHog' from project 'PostHog')

SwiftDriver\ Compilation SFSafeSymbols normal arm64 com.apple.xcode.tools.swift.compiler (in target 'SFSafeSymbols' from project 'SFSafeSymbols')
    cd /Users/aadityasingh/Documents/Development/element-x-ios/Chatlio.xcodeproj
    builtin-Swift-Compilation -- /Applications/Xcode.app/Contents/Developer/Toolchains/XcodeDefault.xctoolchain/usr/bin/swiftc -module-name SFSafeSymbols -Onone @/Users/aadityasingh/Library/Developer/Xcode/DerivedData/Chatlio-erkyzdeecsohoaggpwbjdvavzqfv/Build/Intermediates.noindex/SFSafeSymbols.build/Debug-iphonesimulator/SFSafeSymbols.build/Objects-normal/arm64/SFSafeSymbols.SwiftFileList -DSWIFT_PACKAGE -DDEBUG -DSWIFT_MODULE_RESOURCE_BUNDLE_UNAVAILABLE -DXcode -plugin-path /Applications/Xcode.app/Contents/Developer/Toolchains/XcodeDefault.xctoolchain/usr/lib/swift/host/plugins/testing -enable-experimental-feature DebugDescriptionMacro -sdk /Applications/Xcode.app/Contents/Developer/Platforms/iPhoneSimulator.platform/Developer/SDKs/iPhoneSimulator26.4.sdk -target arm64-apple-ios12.0-simulator -g -module-cache-path /Users/aadityasingh/Library/Developer/Xcode/DerivedData/ModuleCache.noindex -Xfrontend -serialize-debugging-options -profile-coverage-mapping -profile-generate -enable-testing -suppress-warnings -index-store-path /Users/aadityasingh/Library/Developer/Xcode/DerivedData/Chatlio-erkyzdeecsohoaggpwbjdvavzqfv/Index.noindex/DataStore -Xcc -D_LIBCPP_HARDENING_MODE\=_LIBCPP_HARDENING_MODE_DEBUG -swift-version 5 -I /Users/aadityasingh/Library/Developer/Xcode/DerivedData/Chatlio-erkyzdeecsohoaggpwbjdvavzqfv/Build/Products/Debug-iphonesimulator -Isystem /Applications/Xcode.app/Contents/Developer/Platforms/iPhoneSimulator.platform/Developer/usr/lib -F /Users/aadityasingh/Library/Developer/Xcode/DerivedData/Chatlio-erkyzdeecsohoaggpwbjdvavzqfv/Build/Products/Debug-iphonesimulator -F /Applications/Xcode.app/Contents/Developer/Platforms/iPhoneSimulator.platform/Developer/Library/Frameworks -F /Applications/Xcode.app/Contents/Developer/Platforms/iPhoneSimulator.platform/Developer/SDKs/iPhoneSimulator26.4.sdk/Developer/Library/Frameworks -c -j12 -enable-batch-mode -incremental -Xcc -ivfsstatcache -Xcc /Users/aadityasingh/Library/Developer/Xcode/DerivedData/SDKStatCaches.noindex/iphonesimulator26.4-23E252-686eebb5dc1d8ecb277353a59184f4aa.sdkstatcache -output-file-map /Users/aadityasingh/Library/Developer/Xcode/DerivedData/Chatlio-erkyzdeecsohoaggpwbjdvavzqfv/Build/Intermediates.noindex/SFSafeSymbols.build/Debug-iphonesimulator/SFSafeSymbols.build/Objects-normal/arm64/SFSafeSymbols-OutputFileMap.json -use-frontend-parseable-output -save-temps -no-color-diagnostics -explicit-module-build -module-cache-path /Users/aadityasingh/Library/Developer/Xcode/DerivedData/Chatlio-erkyzdeecsohoaggpwbjdvavzqfv/Build/Intermediates.noindex/SwiftExplicitPrecompiledModules -clang-scanner-module-cache-path /Users/aadityasingh/Library/Developer/Xcode/DerivedData/ModuleCache.noindex -sdk-module-cache-path /Users/aadityasingh/Library/Developer/Xcode/DerivedData/ModuleCache.noindex -serialize-diagnostics -emit-dependencies -emit-module -emit-module-path /Users/aadityasingh/Library/Developer/Xcode/DerivedData/Chatlio-erkyzdeecsohoaggpwbjdvavzqfv/Build/Intermediates.noindex/SFSafeSymbols.build/Debug-iphonesimulator/SFSafeSymbols.build/Objects-normal/arm64/SFSafeSymbols.swiftmodule -validate-clang-modules-once -clang-build-session-file /Users/aadityasingh/Library/Developer/Xcode/DerivedData/ModuleCache.noindex/Session.modulevalidation -package-name sfsafesymbols -Xcc -I/Users/aadityasingh/Library/Developer/Xcode/DerivedData/Chatlio-erkyzdeecsohoaggpwbjdvavzqfv/Build/Intermediates.noindex/SFSafeSymbols.build/Debug-iphonesimulator/SFSafeSymbols.build/swift-overrides.hmap -emit-const-values -Xfrontend -const-gather-protocols-file -Xfrontend /Users/aadityasingh/Library/Developer/Xcode/DerivedData/Chatlio-erkyzdeecsohoaggpwbjdvavzqfv/Build/Intermediates.noindex/SFSafeSymbols.build/Debug-iphonesimulator/SFSafeSymbols.build/Objects-normal/arm64/SFSafeSymbols_const_extract_protocols.json -Xcc -I/Users/aadityasingh/Library/Developer/Xcode/DerivedData/Chatlio-erkyzdeecsohoaggpwbjdvavzqfv/Build/Products/Debug-iphonesimulator/include -Xcc -I/Users/aadityasingh/Library/Developer/Xcode/DerivedData/Chatlio-erkyzdeecsohoaggpwbjdvavzqfv/Build/Intermediates.noindex/SFSafeSymbols.build/Debug-iphonesimulator/SFSafeSymbols.build/DerivedSources-normal/arm64 -Xcc -I/Users/aadityasingh/Library/Developer/Xcode/DerivedData/Chatlio-erkyzdeecsohoaggpwbjdvavzqfv/Build/Intermediates.noindex/SFSafeSymbols.build/Debug-iphonesimulator/SFSafeSymbols.build/DerivedSources/arm64 -Xcc -I/Users/aadityasingh/Library/Developer/Xcode/DerivedData/Chatlio-erkyzdeecsohoaggpwbjdvavzqfv/Build/Intermediates.noindex/SFSafeSymbols.build/Debug-iphonesimulator/SFSafeSymbols.build/DerivedSources -Xcc -DSWIFT_PACKAGE -Xcc -DDEBUG\=1 -emit-objc-header -emit-objc-header-path /Users/aadityasingh/Library/Developer/Xcode/DerivedData/Chatlio-erkyzdeecsohoaggpwbjdvavzqfv/Build/Intermediates.noindex/SFSafeSymbols.build/Debug-iphonesimulator/SFSafeSymbols.build/Objects-normal/arm64/SFSafeSymbols-Swift.h -working-directory /Users/aadityasingh/Documents/Development/element-x-ios/Chatlio.xcodeproj -experimental-emit-module-separately -disable-cmo

SwiftCompile normal x86_64 Compiling\ matrix_sdk_common.swift /Users/aadityasingh/Documents/Development/matrix-rust-sdk-local/Sources/MatrixRustSDK/matrix_sdk_common.swift (in target 'MatrixRustSDK' from project 'MatrixRustSDK')

SwiftCompile normal x86_64 /Users/aadityasingh/Documents/Development/matrix-rust-sdk-local/Sources/MatrixRustSDK/matrix_sdk_common.swift (in target 'MatrixRustSDK' from project 'MatrixRustSDK')
    cd /Users/aadityasingh/Documents/Development/element-x-ios/Chatlio.xcodeproj
    

SwiftCompile normal x86_64 Compiling\ matrix_sdk.swift /Users/aadityasingh/Documents/Development/matrix-rust-sdk-local/Sources/MatrixRustSDK/matrix_sdk.swift (in target 'MatrixRustSDK' from project 'MatrixRustSDK')

SwiftCompile normal x86_64 /Users/aadityasingh/Documents/Development/matrix-rust-sdk-local/Sources/MatrixRustSDK/matrix_sdk.swift (in target 'MatrixRustSDK' from project 'MatrixRustSDK')
    cd /Users/aadityasingh/Documents/Development/element-x-ios/Chatlio.xcodeproj
    

SwiftDriverJobDiscovery normal arm64 Compiling PostHogSurveysDefaultDelegate.swift, QuestionHeader.swift, QuestionTypes.swift, SurveyDisplayController.swift, SurveySheet.swift, SurveysRootView.swift, SurveysWindow.swift, EdgeBorder.swift, EmojiRating.swift (in target 'PostHog' from project 'PostHog')

SwiftCompile normal arm64 Compiling\ matrix_sdk_ffi.swift /Users/aadityasingh/Documents/Development/matrix-rust-sdk-local/Sources/MatrixRustSDK/matrix_sdk_ffi.swift (in target 'MatrixRustSDK' from project 'MatrixRustSDK')
SwiftCompile normal arm64 /Users/aadityasingh/Documents/Development/matrix-rust-sdk-local/Sources/MatrixRustSDK/matrix_sdk_ffi.swift (in target 'MatrixRustSDK' from project 'MatrixRustSDK')
    cd /Users/aadityasingh/Documents/Development/element-x-ios/Chatlio.xcodeproj
    

SwiftDriverJobDiscovery normal arm64 Compiling FileUtils.swift, Hedgelog.swift, Reachability.swift, ReadWriteLock.swift, TimeBasedEpochGenerator.swift, UIApplication+.swift, UIImage+WebP.swift, UIWindow+.swift, UUIDUtils.swift (in target 'PostHog' from project 'PostHog')

SwiftCompile normal x86_64 Compiling\ matrix_sdk_ffi.swift /Users/aadityasingh/Documents/Development/matrix-rust-sdk-local/Sources/MatrixRustSDK/matrix_sdk_ffi.swift (in target 'MatrixRustSDK' from project 'MatrixRustSDK')
SwiftCompile normal x86_64 /Users/aadityasingh/Documents/Development/matrix-rust-sdk-local/Sources/MatrixRustSDK/matrix_sdk_ffi.swift (in target 'MatrixRustSDK' from project 'MatrixRustSDK')
    cd /Users/aadityasingh/Documents/Development/element-x-ios/Chatlio.xcodeproj
    

SwiftDriverJobDiscovery normal arm64 Compiling PostHogNoMaskViewModifier.swift, PostHogSwiftUIViewModifiers.swift, PostHogTagViewModifier.swift, UIViewController.swift, AssociatedKeys.swift, Data+Gzip.swift, DateUtils.swift, DictUtils.swift, Errors.swift (in target 'PostHog' from project 'PostHog')

SwiftDriverJobDiscovery normal arm64 Compiling matrix_sdk_common.swift (in target 'MatrixRustSDK' from project 'MatrixRustSDK')

SwiftCompile normal arm64 Compiling\ matrix_sdk_ui.swift /Users/aadityasingh/Documents/Development/matrix-rust-sdk-local/Sources/MatrixRustSDK/matrix_sdk_ui.swift (in target 'MatrixRustSDK' from project 'MatrixRustSDK')

SwiftCompile normal arm64 /Users/aadityasingh/Documents/Development/matrix-rust-sdk-local/Sources/MatrixRustSDK/matrix_sdk_ui.swift (in target 'MatrixRustSDK' from project 'MatrixRustSDK')
    cd /Users/aadityasingh/Documents/Development/element-x-ios/Chatlio.xcodeproj
    

SwiftCompile normal arm64 Compiling\ matrix_sdk_crypto.swift /Users/aadityasingh/Documents/Development/matrix-rust-sdk-local/Sources/MatrixRustSDK/matrix_sdk_crypto.swift (in target 'MatrixRustSDK' from project 'MatrixRustSDK')

SwiftCompile normal arm64 /Users/aadityasingh/Documents/Development/matrix-rust-sdk-local/Sources/MatrixRustSDK/matrix_sdk_crypto.swift (in target 'MatrixRustSDK' from project 'MatrixRustSDK')
    cd /Users/aadityasingh/Documents/Development/element-x-ios/Chatlio.xcodeproj
    

SwiftDriverJobDiscovery normal x86_64 Compiling matrix_sdk_ui.swift (in target 'MatrixRustSDK' from project 'MatrixRustSDK')

SwiftCompile normal arm64 Compiling\ matrix_sdk_base.swift /Users/aadityasingh/Documents/Development/matrix-rust-sdk-local/Sources/MatrixRustSDK/matrix_sdk_base.swift (in target 'MatrixRustSDK' from project 'MatrixRustSDK')

SwiftCompile normal arm64 /Users/aadityasingh/Documents/Development/matrix-rust-sdk-local/Sources/MatrixRustSDK/matrix_sdk_base.swift (in target 'MatrixRustSDK' from project 'MatrixRustSDK')
    cd /Users/aadityasingh/Documents/Development/element-x-ios/Chatlio.xcodeproj
    

SwiftDriverJobDiscovery normal x86_64 Compiling matrix_sdk_base.swift (in target 'MatrixRustSDK' from project 'MatrixRustSDK')

SwiftCompile normal x86_64 Compiling\ matrix_sdk_crypto.swift /Users/aadityasingh/Documents/Development/matrix-rust-sdk-local/Sources/MatrixRustSDK/matrix_sdk_crypto.swift (in target 'MatrixRustSDK' from project 'MatrixRustSDK')

SwiftCompile normal x86_64 /Users/aadityasingh/Documents/Development/matrix-rust-sdk-local/Sources/MatrixRustSDK/matrix_sdk_crypto.swift (in target 'MatrixRustSDK' from project 'MatrixRustSDK')
    cd /Users/aadityasingh/Documents/Development/element-x-ios/Chatlio.xcodeproj
    

SwiftDriverJobDiscovery normal x86_64 Compiling matrix_sdk_common.swift (in target 'MatrixRustSDK' from project 'MatrixRustSDK')

SwiftCompile normal arm64 Compiling\ matrix_sdk.swift /Users/aadityasingh/Documents/Development/matrix-rust-sdk-local/Sources/MatrixRustSDK/matrix_sdk.swift (in target 'MatrixRustSDK' from project 'MatrixRustSDK')

SwiftCompile normal arm64 /Users/aadityasingh/Documents/Development/matrix-rust-sdk-local/Sources/MatrixRustSDK/matrix_sdk.swift (in target 'MatrixRustSDK' from project 'MatrixRustSDK')
    cd /Users/aadityasingh/Documents/Development/element-x-ios/Chatlio.xcodeproj
    

SwiftDriverJobDiscovery normal x86_64 Compiling PostHogRemoteConfig.swift, PostHogSDK.swift, PostHogSessionManager.swift, PostHogStorage.swift, PostHogStorageManager.swift, PostHogSwizzler.swift, PostHogVersion.swift, ApplicationEventPublisher.swift, CGColor+Util.swift, CGSize+Util.swift (in target 'PostHog' from project 'PostHog')

SwiftDriverJobDiscovery normal x86_64 Compiling PostHogNoMaskViewModifier.swift, PostHogSwiftUIViewModifiers.swift, PostHogTagViewModifier.swift, UIViewController.swift, AssociatedKeys.swift, Data+Gzip.swift, DateUtils.swift, DictUtils.swift, Errors.swift (in target 'PostHog' from project 'PostHog')

SwiftCompile normal arm64 Compiling\ LoremSwiftum.swift /Users/aadityasingh/Library/Developer/Xcode/DerivedData/Chatlio-erkyzdeecsohoaggpwbjdvavzqfv/SourcePackages/checkouts/LoremSwiftum/Sources/LoremSwiftum.swift (in target 'LoremSwiftum' from project 'LoremSwiftum')

SwiftCompile normal arm64 /Users/aadityasingh/Library/Developer/Xcode/DerivedData/Chatlio-erkyzdeecsohoaggpwbjdvavzqfv/SourcePackages/checkouts/LoremSwiftum/Sources/LoremSwiftum.swift (in target 'LoremSwiftum' from project 'LoremSwiftum')
    cd /Users/aadityasingh/Documents/Development/element-x-ios/Chatlio.xcodeproj
    

SwiftDriverJobDiscovery normal x86_64 Compiling matrix_sdk.swift (in target 'MatrixRustSDK' from project 'MatrixRustSDK')

SwiftDriver\ Compilation PostHog normal x86_64 com.apple.xcode.tools.swift.compiler (in target 'PostHog' from project 'PostHog')
    cd /Users/aadityasingh/Documents/Development/element-x-ios/Chatlio.xcodeproj
    builtin-Swift-Compilation -- /Applications/Xcode.app/Contents/Developer/Toolchains/XcodeDefault.xctoolchain/usr/bin/swiftc -module-name PostHog -Onone @/Users/aadityasingh/Library/Developer/Xcode/DerivedData/Chatlio-erkyzdeecsohoaggpwbjdvavzqfv/Build/Intermediates.noindex/PostHog.build/Debug-iphonesimulator/PostHog.build/Objects-normal/x86_64/PostHog.SwiftFileList -DSWIFT_PACKAGE -DDEBUG -DSWIFT_MODULE_RESOURCE_BUNDLE_AVAILABLE -Xcc -fmodule-map-file\=/Users/aadityasingh/Library/Developer/Xcode/DerivedData/Chatlio-erkyzdeecsohoaggpwbjdvavzqfv/Build/Intermediates.noindex/GeneratedModuleMaps-iphonesimulator/phlibwebp.modulemap -DXcode -plugin-path /Applications/Xcode.app/Contents/Developer/Toolchains/XcodeDefault.xctoolchain/usr/lib/swift/host/plugins/testing -enable-experimental-feature DebugDescriptionMacro -sdk /Applications/Xcode.app/Contents/Developer/Platforms/iPhoneSimulator.platform/Developer/SDKs/iPhoneSimulator26.4.sdk -target x86_64-apple-ios13.0-simulator -g -module-cache-path /Users/aadityasingh/Library/Developer/Xcode/DerivedData/ModuleCache.noindex -Xfrontend -serialize-debugging-options -profile-coverage-mapping -profile-generate -enable-testing -suppress-warnings -index-store-path /Users/aadityasingh/Library/Developer/Xcode/DerivedData/Chatlio-erkyzdeecsohoaggpwbjdvavzqfv/Index.noindex/DataStore -Xcc -D_LIBCPP_HARDENING_MODE\=_LIBCPP_HARDENING_MODE_DEBUG -swift-version 5 -I /Users/aadityasingh/Library/Developer/Xcode/DerivedData/Chatlio-erkyzdeecsohoaggpwbjdvavzqfv/Build/Products/Debug-iphonesimulator -Isystem /Applications/Xcode.app/Contents/Developer/Platforms/iPhoneSimulator.platform/Developer/usr/lib -F /Users/aadityasingh/Library/Developer/Xcode/DerivedData/Chatlio-erkyzdeecsohoaggpwbjdvavzqfv/Build/Products/Debug-iphonesimulator/PackageFrameworks -F /Users/aadityasingh/Library/Developer/Xcode/DerivedData/Chatlio-erkyzdeecsohoaggpwbjdvavzqfv/Build/Products/Debug-iphonesimulator -F /Applications/Xcode.app/Contents/Developer/Platforms/iPhoneSimulator.platform/Developer/Library/Frameworks -F /Applications/Xcode.app/Contents/Developer/Platforms/iPhoneSimulator.platform/Developer/SDKs/iPhoneSimulator26.4.sdk/Developer/Library/Frameworks -c -j12 -enable-batch-mode -incremental -Xcc -ivfsstatcache -Xcc /Users/aadityasingh/Library/Developer/Xcode/DerivedData/SDKStatCaches.noindex/iphonesimulator26.4-23E252-686eebb5dc1d8ecb277353a59184f4aa.sdkstatcache -output-file-map /Users/aadityasingh/Library/Developer/Xcode/DerivedData/Chatlio-erkyzdeecsohoaggpwbjdvavzqfv/Build/Intermediates.noindex/PostHog.build/Debug-iphonesimulator/PostHog.build/Objects-normal/x86_64/PostHog-OutputFileMap.json -use-frontend-parseable-output -save-temps -no-color-diagnostics -explicit-module-build -module-cache-path /Users/aadityasingh/Library/Developer/Xcode/DerivedData/Chatlio-erkyzdeecsohoaggpwbjdvavzqfv/Build/Intermediates.noindex/SwiftExplicitPrecompiledModules -clang-scanner-module-cache-path /Users/aadityasingh/Library/Developer/Xcode/DerivedData/ModuleCache.noindex -sdk-module-cache-path /Users/aadityasingh/Library/Developer/Xcode/DerivedData/ModuleCache.noindex -serialize-diagnostics -emit-dependencies -emit-module -emit-module-path /Users/aadityasingh/Library/Developer/Xcode/DerivedData/Chatlio-erkyzdeecsohoaggpwbjdvavzqfv/Build/Intermediates.noindex/PostHog.build/Debug-iphonesimulator/PostHog.build/Objects-normal/x86_64/PostHog.swiftmodule -validate-clang-modules-once -clang-build-session-file /Users/aadityasingh/Library/Developer/Xcode/DerivedData/ModuleCache.noindex/Session.modulevalidation -Xcc -I/Users/aadityasingh/Library/Developer/Xcode/DerivedData/Chatlio-erkyzdeecsohoaggpwbjdvavzqfv/Build/Intermediates.noindex/PostHog.build/Debug-iphonesimulator/PostHog.build/swift-overrides.hmap -emit-const-values -Xfrontend -const-gather-protocols-file -Xfrontend /Users/aadityasingh/Library/Developer/Xcode/DerivedData/Chatlio-erkyzdeecsohoaggpwbjdvavzqfv/Build/Intermediates.noindex/PostHog.build/Debug-iphonesimulator/PostHog.build/Objects-normal/x86_64/PostHog_const_extract_protocols.json -Xcc -I/Users/aadityasingh/Library/Developer/Xcode/DerivedData/Chatlio-erkyzdeecsohoaggpwbjdvavzqfv/SourcePackages/checkouts/posthog-ios/vendor/libwebp -Xcc -I/Users/aadityasingh/Library/Developer/Xcode/DerivedData/Chatlio-erkyzdeecsohoaggpwbjdvavzqfv/Build/Products/Debug-iphonesimulator/include -Xcc -I/Users/aadityasingh/Library/Developer/Xcode/DerivedData/Chatlio-erkyzdeecsohoaggpwbjdvavzqfv/Build/Intermediates.noindex/PostHog.build/Debug-iphonesimulator/PostHog.build/DerivedSources-normal/x86_64 -Xcc -I/Users/aadityasingh/Library/Developer/Xcode/DerivedData/Chatlio-erkyzdeecsohoaggpwbjdvavzqfv/Build/Intermediates.noindex/PostHog.build/Debug-iphonesimulator/PostHog.build/DerivedSources/x86_64 -Xcc -I/Users/aadityasingh/Library/Developer/Xcode/DerivedData/Chatlio-erkyzdeecsohoaggpwbjdvavzqfv/Build/Intermediates.noindex/PostHog.build/Debug-iphonesimulator/PostHog.build/DerivedSources -Xcc -DSWIFT_PACKAGE -Xcc -DDEBUG\=1 -emit-objc-header -emit-objc-header-path /Users/aadityasingh/Library/Developer/Xcode/DerivedData/Chatlio-erkyzdeecsohoaggpwbjdvavzqfv/Build/Intermediates.noindex/PostHog.build/Debug-iphonesimulator/PostHog.build/Objects-normal/x86_64/PostHog-Swift.h -working-directory /Users/aadityasingh/Documents/Development/element-x-ios/Chatlio.xcodeproj -experimental-emit-module-separately -disable-cmo

SwiftCompile normal x86_64 Compiling\ LoremSwiftum.swift /Users/aadityasingh/Library/Developer/Xcode/DerivedData/Chatlio-erkyzdeecsohoaggpwbjdvavzqfv/SourcePackages/checkouts/LoremSwiftum/Sources/LoremSwiftum.swift (in target 'LoremSwiftum' from project 'LoremSwiftum')

SwiftCompile normal x86_64 /Users/aadityasingh/Library/Developer/Xcode/DerivedData/Chatlio-erkyzdeecsohoaggpwbjdvavzqfv/SourcePackages/checkouts/LoremSwiftum/Sources/LoremSwiftum.swift (in target 'LoremSwiftum' from project 'LoremSwiftum')
    cd /Users/aadityasingh/Documents/Development/element-x-ios/Chatlio.xcodeproj
    

SwiftDriverJobDiscovery normal arm64 Compiling BottomSection.swift, ConfirmationMessage.swift, PostHogDisplaySurvey.swift, PostHogDisplaySurveyAppearance.swift, PostHogDisplaySurveyQuestion.swift, PostHogNextSurveyQuestion.swift, PostHogSurveyResponse.swift, PostHogSurveyIntegration.swift, PostHogSurveysConfig.swift (in target 'PostHog' from project 'PostHog')

SwiftCompile normal x86_64 Compiling\ LRUCache.swift /Users/aadityasingh/Library/Developer/Xcode/DerivedData/Chatlio-erkyzdeecsohoaggpwbjdvavzqfv/SourcePackages/checkouts/LRUCache/Sources/LRUCache.swift (in target 'LRUCache' from project 'LRUCache')

SwiftCompile normal x86_64 /Users/aadityasingh/Library/Developer/Xcode/DerivedData/Chatlio-erkyzdeecsohoaggpwbjdvavzqfv/SourcePackages/checkouts/LRUCache/Sources/LRUCache.swift (in target 'LRUCache' from project 'LRUCache')
    cd /Users/aadityasingh/Documents/Development/element-x-ios/Chatlio.xcodeproj
    

SwiftDriverJobDiscovery normal arm64 Compiling matrix_sdk_ui.swift (in target 'MatrixRustSDK' from project 'MatrixRustSDK')

SwiftCompile normal arm64 Compiling\ LRUCache.swift /Users/aadityasingh/Library/Developer/Xcode/DerivedData/Chatlio-erkyzdeecsohoaggpwbjdvavzqfv/SourcePackages/checkouts/LRUCache/Sources/LRUCache.swift (in target 'LRUCache' from project 'LRUCache')

SwiftCompile normal arm64 /Users/aadityasingh/Library/Developer/Xcode/DerivedData/Chatlio-erkyzdeecsohoaggpwbjdvavzqfv/SourcePackages/checkouts/LRUCache/Sources/LRUCache.swift (in target 'LRUCache' from project 'LRUCache')
    cd /Users/aadityasingh/Documents/Development/element-x-ios/Chatlio.xcodeproj
    

SwiftDriverJobDiscovery normal x86_64 Compiling LoremSwiftum.swift (in target 'LoremSwiftum' from project 'LoremSwiftum')

ProcessInfoPlistFile /Users/aadityasingh/Library/Developer/Xcode/DerivedData/Chatlio-erkyzdeecsohoaggpwbjdvavzqfv/Build/Products/Debug-iphonesimulator/Kingfisher_Kingfisher.bundle/Info.plist /Users/aadityasingh/Library/Developer/Xcode/DerivedData/Chatlio-erkyzdeecsohoaggpwbjdvavzqfv/Build/Intermediates.noindex/Kingfisher.build/Debug-iphonesimulator/Kingfisher_Kingfisher.build/empty-Kingfisher_Kingfisher.plist (in target 'Kingfisher_Kingfisher' from project 'Kingfisher')
    cd /Users/aadityasingh/Library/Developer/Xcode/DerivedData/Chatlio-erkyzdeecsohoaggpwbjdvavzqfv/SourcePackages/checkouts/Kingfisher
    builtin-infoPlistUtility /Users/aadityasingh/Library/Developer/Xcode/DerivedData/Chatlio-erkyzdeecsohoaggpwbjdvavzqfv/Build/Intermediates.noindex/Kingfisher.build/Debug-iphonesimulator/Kingfisher_Kingfisher.build/empty-Kingfisher_Kingfisher.plist -producttype com.apple.product-type.bundle -expandbuildsettings -format binary -platform iphonesimulator -o /Users/aadityasingh/Library/Developer/Xcode/DerivedData/Chatlio-erkyzdeecsohoaggpwbjdvavzqfv/Build/Products/Debug-iphonesimulator/Kingfisher_Kingfisher.bundle/Info.plist

SwiftDriver\ Compilation LoremSwiftum normal x86_64 com.apple.xcode.tools.swift.compiler (in target 'LoremSwiftum' from project 'LoremSwiftum')
    cd /Users/aadityasingh/Documents/Development/element-x-ios/Chatlio.xcodeproj
    builtin-Swift-Compilation -- /Applications/Xcode.app/Contents/Developer/Toolchains/XcodeDefault.xctoolchain/usr/bin/swiftc -module-name LoremSwiftum -Onone @/Users/aadityasingh/Library/Developer/Xcode/DerivedData/Chatlio-erkyzdeecsohoaggpwbjdvavzqfv/Build/Intermediates.noindex/LoremSwiftum.build/Debug-iphonesimulator/LoremSwiftum.build/Objects-normal/x86_64/LoremSwiftum.SwiftFileList -DSWIFT_PACKAGE -DDEBUG -DSWIFT_MODULE_RESOURCE_BUNDLE_UNAVAILABLE -DXcode -plugin-path /Applications/Xcode.app/Contents/Developer/Toolchains/XcodeDefault.xctoolchain/usr/lib/swift/host/plugins/testing -enable-experimental-feature DebugDescriptionMacro -sdk /Applications/Xcode.app/Contents/Developer/Platforms/iPhoneSimulator.platform/Developer/SDKs/iPhoneSimulator26.4.sdk -target x86_64-apple-ios12.0-simulator -g -module-cache-path /Users/aadityasingh/Library/Developer/Xcode/DerivedData/ModuleCache.noindex -Xfrontend -serialize-debugging-options -profile-coverage-mapping -profile-generate -enable-testing -suppress-warnings -index-store-path /Users/aadityasingh/Library/Developer/Xcode/DerivedData/Chatlio-erkyzdeecsohoaggpwbjdvavzqfv/Index.noindex/DataStore -Xcc -D_LIBCPP_HARDENING_MODE\=_LIBCPP_HARDENING_MODE_DEBUG -swift-version 5 -I /Users/aadityasingh/Library/Developer/Xcode/DerivedData/Chatlio-erkyzdeecsohoaggpwbjdvavzqfv/Build/Products/Debug-iphonesimulator -Isystem /Applications/Xcode.app/Contents/Developer/Platforms/iPhoneSimulator.platform/Developer/usr/lib -F /Users/aadityasingh/Library/Developer/Xcode/DerivedData/Chatlio-erkyzdeecsohoaggpwbjdvavzqfv/Build/Products/Debug-iphonesimulator -F /Applications/Xcode.app/Contents/Developer/Platforms/iPhoneSimulator.platform/Developer/Library/Frameworks -F /Applications/Xcode.app/Contents/Developer/Platforms/iPhoneSimulator.platform/Developer/SDKs/iPhoneSimulator26.4.sdk/Developer/Library/Frameworks -parse-as-library -c -j12 -enable-batch-mode -incremental -Xcc -ivfsstatcache -Xcc /Users/aadityasingh/Library/Developer/Xcode/DerivedData/SDKStatCaches.noindex/iphonesimulator26.4-23E252-686eebb5dc1d8ecb277353a59184f4aa.sdkstatcache -output-file-map /Users/aadityasingh/Library/Developer/Xcode/DerivedData/Chatlio-erkyzdeecsohoaggpwbjdvavzqfv/Build/Intermediates.noindex/LoremSwiftum.build/Debug-iphonesimulator/LoremSwiftum.build/Objects-normal/x86_64/LoremSwiftum-OutputFileMap.json -use-frontend-parseable-output -save-temps -no-color-diagnostics -explicit-module-build -module-cache-path /Users/aadityasingh/Library/Developer/Xcode/DerivedData/Chatlio-erkyzdeecsohoaggpwbjdvavzqfv/Build/Intermediates.noindex/SwiftExplicitPrecompiledModules -clang-scanner-module-cache-path /Users/aadityasingh/Library/Developer/Xcode/DerivedData/ModuleCache.noindex -sdk-module-cache-path /Users/aadityasingh/Library/Developer/Xcode/DerivedData/ModuleCache.noindex -serialize-diagnostics -emit-dependencies -emit-module -emit-module-path /Users/aadityasingh/Library/Developer/Xcode/DerivedData/Chatlio-erkyzdeecsohoaggpwbjdvavzqfv/Build/Intermediates.noindex/LoremSwiftum.build/Debug-iphonesimulator/LoremSwiftum.build/Objects-normal/x86_64/LoremSwiftum.swiftmodule -validate-clang-modules-once -clang-build-session-file /Users/aadityasingh/Library/Developer/Xcode/DerivedData/ModuleCache.noindex/Session.modulevalidation -Xcc -I/Users/aadityasingh/Library/Developer/Xcode/DerivedData/Chatlio-erkyzdeecsohoaggpwbjdvavzqfv/Build/Intermediates.noindex/LoremSwiftum.build/Debug-iphonesimulator/LoremSwiftum.build/swift-overrides.hmap -emit-const-values -Xfrontend -const-gather-protocols-file -Xfrontend /Users/aadityasingh/Library/Developer/Xcode/DerivedData/Chatlio-erkyzdeecsohoaggpwbjdvavzqfv/Build/Intermediates.noindex/LoremSwiftum.build/Debug-iphonesimulator/LoremSwiftum.build/Objects-normal/x86_64/LoremSwiftum_const_extract_protocols.json -Xcc -I/Users/aadityasingh/Library/Developer/Xcode/DerivedData/Chatlio-erkyzdeecsohoaggpwbjdvavzqfv/Build/Products/Debug-iphonesimulator/include -Xcc -I/Users/aadityasingh/Library/Developer/Xcode/DerivedData/Chatlio-erkyzdeecsohoaggpwbjdvavzqfv/Build/Intermediates.noindex/LoremSwiftum.build/Debug-iphonesimulator/LoremSwiftum.build/DerivedSources-normal/x86_64 -Xcc -I/Users/aadityasingh/Library/Developer/Xcode/DerivedData/Chatlio-erkyzdeecsohoaggpwbjdvavzqfv/Build/Intermediates.noindex/LoremSwiftum.build/Debug-iphonesimulator/LoremSwiftum.build/DerivedSources/x86_64 -Xcc -I/Users/aadityasingh/Library/Developer/Xcode/DerivedData/Chatlio-erkyzdeecsohoaggpwbjdvavzqfv/Build/Intermediates.noindex/LoremSwiftum.build/Debug-iphonesimulator/LoremSwiftum.build/DerivedSources -Xcc -DSWIFT_PACKAGE -Xcc -DDEBUG\=1 -emit-objc-header -emit-objc-header-path /Users/aadityasingh/Library/Developer/Xcode/DerivedData/Chatlio-erkyzdeecsohoaggpwbjdvavzqfv/Build/Intermediates.noindex/LoremSwiftum.build/Debug-iphonesimulator/LoremSwiftum.build/Objects-normal/x86_64/LoremSwiftum-Swift.h -working-directory /Users/aadityasingh/Documents/Development/element-x-ios/Chatlio.xcodeproj -experimental-emit-module-separately -disable-cmo

SwiftDriverJobDiscovery normal arm64 Compiling LoremSwiftum.swift (in target 'LoremSwiftum' from project 'LoremSwiftum')

CpResource /Users/aadityasingh/Library/Developer/Xcode/DerivedData/Chatlio-erkyzdeecsohoaggpwbjdvavzqfv/Build/Products/Debug-iphonesimulator/Kingfisher_Kingfisher.bundle/PrivacyInfo.xcprivacy /Users/aadityasingh/Library/Developer/Xcode/DerivedData/Chatlio-erkyzdeecsohoaggpwbjdvavzqfv/SourcePackages/checkouts/Kingfisher/Sources/PrivacyInfo.xcprivacy (in target 'Kingfisher_Kingfisher' from project 'Kingfisher')
    cd /Users/aadityasingh/Library/Developer/Xcode/DerivedData/Chatlio-erkyzdeecsohoaggpwbjdvavzqfv/SourcePackages/checkouts/Kingfisher
    builtin-copy -exclude .DS_Store -exclude CVS -exclude .svn -exclude .git -exclude .hg -resolve-src-symlinks /Users/aadityasingh/Library/Developer/Xcode/DerivedData/Chatlio-erkyzdeecsohoaggpwbjdvavzqfv/SourcePackages/checkouts/Kingfisher/Sources/PrivacyInfo.xcprivacy /Users/aadityasingh/Library/Developer/Xcode/DerivedData/Chatlio-erkyzdeecsohoaggpwbjdvavzqfv/Build/Products/Debug-iphonesimulator/Kingfisher_Kingfisher.bundle

SwiftDriver\ Compilation LoremSwiftum normal arm64 com.apple.xcode.tools.swift.compiler (in target 'LoremSwiftum' from project 'LoremSwiftum')
    cd /Users/aadityasingh/Documents/Development/element-x-ios/Chatlio.xcodeproj
    builtin-Swift-Compilation -- /Applications/Xcode.app/Contents/Developer/Toolchains/XcodeDefault.xctoolchain/usr/bin/swiftc -module-name LoremSwiftum -Onone @/Users/aadityasingh/Library/Developer/Xcode/DerivedData/Chatlio-erkyzdeecsohoaggpwbjdvavzqfv/Build/Intermediates.noindex/LoremSwiftum.build/Debug-iphonesimulator/LoremSwiftum.build/Objects-normal/arm64/LoremSwiftum.SwiftFileList -DSWIFT_PACKAGE -DDEBUG -DSWIFT_MODULE_RESOURCE_BUNDLE_UNAVAILABLE -DXcode -plugin-path /Applications/Xcode.app/Contents/Developer/Toolchains/XcodeDefault.xctoolchain/usr/lib/swift/host/plugins/testing -enable-experimental-feature DebugDescriptionMacro -sdk /Applications/Xcode.app/Contents/Developer/Platforms/iPhoneSimulator.platform/Developer/SDKs/iPhoneSimulator26.4.sdk -target arm64-apple-ios12.0-simulator -g -module-cache-path /Users/aadityasingh/Library/Developer/Xcode/DerivedData/ModuleCache.noindex -Xfrontend -serialize-debugging-options -profile-coverage-mapping -profile-generate -enable-testing -suppress-warnings -index-store-path /Users/aadityasingh/Library/Developer/Xcode/DerivedData/Chatlio-erkyzdeecsohoaggpwbjdvavzqfv/Index.noindex/DataStore -Xcc -D_LIBCPP_HARDENING_MODE\=_LIBCPP_HARDENING_MODE_DEBUG -swift-version 5 -I /Users/aadityasingh/Library/Developer/Xcode/DerivedData/Chatlio-erkyzdeecsohoaggpwbjdvavzqfv/Build/Products/Debug-iphonesimulator -Isystem /Applications/Xcode.app/Contents/Developer/Platforms/iPhoneSimulator.platform/Developer/usr/lib -F /Users/aadityasingh/Library/Developer/Xcode/DerivedData/Chatlio-erkyzdeecsohoaggpwbjdvavzqfv/Build/Products/Debug-iphonesimulator -F /Applications/Xcode.app/Contents/Developer/Platforms/iPhoneSimulator.platform/Developer/Library/Frameworks -F /Applications/Xcode.app/Contents/Developer/Platforms/iPhoneSimulator.platform/Developer/SDKs/iPhoneSimulator26.4.sdk/Developer/Library/Frameworks -parse-as-library -c -j12 -enable-batch-mode -incremental -Xcc -ivfsstatcache -Xcc /Users/aadityasingh/Library/Developer/Xcode/DerivedData/SDKStatCaches.noindex/iphonesimulator26.4-23E252-686eebb5dc1d8ecb277353a59184f4aa.sdkstatcache -output-file-map /Users/aadityasingh/Library/Developer/Xcode/DerivedData/Chatlio-erkyzdeecsohoaggpwbjdvavzqfv/Build/Intermediates.noindex/LoremSwiftum.build/Debug-iphonesimulator/LoremSwiftum.build/Objects-normal/arm64/LoremSwiftum-OutputFileMap.json -use-frontend-parseable-output -save-temps -no-color-diagnostics -explicit-module-build -module-cache-path /Users/aadityasingh/Library/Developer/Xcode/DerivedData/Chatlio-erkyzdeecsohoaggpwbjdvavzqfv/Build/Intermediates.noindex/SwiftExplicitPrecompiledModules -clang-scanner-module-cache-path /Users/aadityasingh/Library/Developer/Xcode/DerivedData/ModuleCache.noindex -sdk-module-cache-path /Users/aadityasingh/Library/Developer/Xcode/DerivedData/ModuleCache.noindex -serialize-diagnostics -emit-dependencies -emit-module -emit-module-path /Users/aadityasingh/Library/Developer/Xcode/DerivedData/Chatlio-erkyzdeecsohoaggpwbjdvavzqfv/Build/Intermediates.noindex/LoremSwiftum.build/Debug-iphonesimulator/LoremSwiftum.build/Objects-normal/arm64/LoremSwiftum.swiftmodule -validate-clang-modules-once -clang-build-session-file /Users/aadityasingh/Library/Developer/Xcode/DerivedData/ModuleCache.noindex/Session.modulevalidation -Xcc -I/Users/aadityasingh/Library/Developer/Xcode/DerivedData/Chatlio-erkyzdeecsohoaggpwbjdvavzqfv/Build/Intermediates.noindex/LoremSwiftum.build/Debug-iphonesimulator/LoremSwiftum.build/swift-overrides.hmap -emit-const-values -Xfrontend -const-gather-protocols-file -Xfrontend /Users/aadityasingh/Library/Developer/Xcode/DerivedData/Chatlio-erkyzdeecsohoaggpwbjdvavzqfv/Build/Intermediates.noindex/LoremSwiftum.build/Debug-iphonesimulator/LoremSwiftum.build/Objects-normal/arm64/LoremSwiftum_const_extract_protocols.json -Xcc -I/Users/aadityasingh/Library/Developer/Xcode/DerivedData/Chatlio-erkyzdeecsohoaggpwbjdvavzqfv/Build/Products/Debug-iphonesimulator/include -Xcc -I/Users/aadityasingh/Library/Developer/Xcode/DerivedData/Chatlio-erkyzdeecsohoaggpwbjdvavzqfv/Build/Intermediates.noindex/LoremSwiftum.build/Debug-iphonesimulator/LoremSwiftum.build/DerivedSources-normal/arm64 -Xcc -I/Users/aadityasingh/Library/Developer/Xcode/DerivedData/Chatlio-erkyzdeecsohoaggpwbjdvavzqfv/Build/Intermediates.noindex/LoremSwiftum.build/Debug-iphonesimulator/LoremSwiftum.build/DerivedSources/arm64 -Xcc -I/Users/aadityasingh/Library/Developer/Xcode/DerivedData/Chatlio-erkyzdeecsohoaggpwbjdvavzqfv/Build/Intermediates.noindex/LoremSwiftum.build/Debug-iphonesimulator/LoremSwiftum.build/DerivedSources -Xcc -DSWIFT_PACKAGE -Xcc -DDEBUG\=1 -emit-objc-header -emit-objc-header-path /Users/aadityasingh/Library/Developer/Xcode/DerivedData/Chatlio-erkyzdeecsohoaggpwbjdvavzqfv/Build/Intermediates.noindex/LoremSwiftum.build/Debug-iphonesimulator/LoremSwiftum.build/Objects-normal/arm64/LoremSwiftum-Swift.h -working-directory /Users/aadityasingh/Documents/Development/element-x-ios/Chatlio.xcodeproj -experimental-emit-module-separately -disable-cmo

SwiftCompile normal arm64 Compiling\ Runtime.swift,\ SizeExtensions.swift,\ String+SHA256.swift,\ AnimatedImageView.swift,\ Indicator.swift /Users/aadityasingh/Library/Developer/Xcode/DerivedData/Chatlio-erkyzdeecsohoaggpwbjdvavzqfv/SourcePackages/checkouts/Kingfisher/Sources/Utility/Runtime.swift /Users/aadityasingh/Library/Developer/Xcode/DerivedData/Chatlio-erkyzdeecsohoaggpwbjdvavzqfv/SourcePackages/checkouts/Kingfisher/Sources/Utility/SizeExtensions.swift /Users/aadityasingh/Library/Developer/Xcode/DerivedData/Chatlio-erkyzdeecsohoaggpwbjdvavzqfv/SourcePackages/checkouts/Kingfisher/Sources/Utility/String+SHA256.swift /Users/aadityasingh/Library/Developer/Xcode/DerivedData/Chatlio-erkyzdeecsohoaggpwbjdvavzqfv/SourcePackages/checkouts/Kingfisher/Sources/Views/AnimatedImageView.swift /Users/aadityasingh/Library/Developer/Xcode/DerivedData/Chatlio-erkyzdeecsohoaggpwbjdvavzqfv/SourcePackages/checkouts/Kingfisher/Sources/Views/Indicator.swift (in target 'Kingfisher' from project 'Kingfisher')

SwiftCompile normal arm64 /Users/aadityasingh/Library/Developer/Xcode/DerivedData/Chatlio-erkyzdeecsohoaggpwbjdvavzqfv/SourcePackages/checkouts/Kingfisher/Sources/Utility/Runtime.swift (in target 'Kingfisher' from project 'Kingfisher')
    cd /Users/aadityasingh/Documents/Development/element-x-ios/Chatlio.xcodeproj
    

SwiftCompile normal arm64 /Users/aadityasingh/Library/Developer/Xcode/DerivedData/Chatlio-erkyzdeecsohoaggpwbjdvavzqfv/SourcePackages/checkouts/Kingfisher/Sources/Utility/SizeExtensions.swift (in target 'Kingfisher' from project 'Kingfisher')
    cd /Users/aadityasingh/Documents/Development/element-x-ios/Chatlio.xcodeproj
    

SwiftCompile normal arm64 /Users/aadityasingh/Library/Developer/Xcode/DerivedData/Chatlio-erkyzdeecsohoaggpwbjdvavzqfv/SourcePackages/checkouts/Kingfisher/Sources/Utility/String+SHA256.swift (in target 'Kingfisher' from project 'Kingfisher')
    cd /Users/aadityasingh/Documents/Development/element-x-ios/Chatlio.xcodeproj
    

SwiftCompile normal arm64 /Users/aadityasingh/Library/Developer/Xcode/DerivedData/Chatlio-erkyzdeecsohoaggpwbjdvavzqfv/SourcePackages/checkouts/Kingfisher/Sources/Views/AnimatedImageView.swift (in target 'Kingfisher' from project 'Kingfisher')
    cd /Users/aadityasingh/Documents/Development/element-x-ios/Chatlio.xcodeproj
    

SwiftCompile normal arm64 /Users/aadityasingh/Library/Developer/Xcode/DerivedData/Chatlio-erkyzdeecsohoaggpwbjdvavzqfv/SourcePackages/checkouts/Kingfisher/Sources/Views/Indicator.swift (in target 'Kingfisher' from project 'Kingfisher')
    cd /Users/aadityasingh/Documents/Development/element-x-ios/Chatlio.xcodeproj
    

SwiftCompile normal x86_64 Compiling\ KingfisherManager+LivePhoto.swift,\ KingfisherManager.swift,\ KingfisherOptionsInfo.swift,\ Filter.swift,\ GIFAnimatedImage.swift,\ GraphicsContext.swift /Users/aadityasingh/Library/Developer/Xcode/DerivedData/Chatlio-erkyzdeecsohoaggpwbjdvavzqfv/SourcePackages/checkouts/Kingfisher/Sources/General/KingfisherManager+LivePhoto.swift /Users/aadityasingh/Library/Developer/Xcode/DerivedData/Chatlio-erkyzdeecsohoaggpwbjdvavzqfv/SourcePackages/checkouts/Kingfisher/Sources/General/KingfisherManager.swift /Users/aadityasingh/Library/Developer/Xcode/DerivedData/Chatlio-erkyzdeecsohoaggpwbjdvavzqfv/SourcePackages/checkouts/Kingfisher/Sources/General/KingfisherOptionsInfo.swift /Users/aadityasingh/Library/Developer/Xcode/DerivedData/Chatlio-erkyzdeecsohoaggpwbjdvavzqfv/SourcePackages/checkouts/Kingfisher/Sources/Image/Filter.swift /Users/aadityasingh/Library/Developer/Xcode/DerivedData/Chatlio-erkyzdeecsohoaggpwbjdvavzqfv/SourcePackages/checkouts/Kingfisher/Sources/Image/GIFAnimatedImage.swift /Users/aadityasingh/Library/Developer/Xcode/DerivedData/Chatlio-erkyzdeecsohoaggpwbjdvavzqfv/SourcePackages/checkouts/Kingfisher/Sources/Image/GraphicsContext.swift (in target 'Kingfisher' from project 'Kingfisher')

SwiftCompile normal x86_64 /Users/aadityasingh/Library/Developer/Xcode/DerivedData/Chatlio-erkyzdeecsohoaggpwbjdvavzqfv/SourcePackages/checkouts/Kingfisher/Sources/General/KingfisherManager+LivePhoto.swift (in target 'Kingfisher' from project 'Kingfisher')
    cd /Users/aadityasingh/Documents/Development/element-x-ios/Chatlio.xcodeproj
    

SwiftCompile normal x86_64 /Users/aadityasingh/Library/Developer/Xcode/DerivedData/Chatlio-erkyzdeecsohoaggpwbjdvavzqfv/SourcePackages/checkouts/Kingfisher/Sources/General/KingfisherManager.swift (in target 'Kingfisher' from project 'Kingfisher')
    cd /Users/aadityasingh/Documents/Development/element-x-ios/Chatlio.xcodeproj
    

SwiftCompile normal x86_64 /Users/aadityasingh/Library/Developer/Xcode/DerivedData/Chatlio-erkyzdeecsohoaggpwbjdvavzqfv/SourcePackages/checkouts/Kingfisher/Sources/General/KingfisherOptionsInfo.swift (in target 'Kingfisher' from project 'Kingfisher')
    cd /Users/aadityasingh/Documents/Development/element-x-ios/Chatlio.xcodeproj
    

SwiftCompile normal x86_64 /Users/aadityasingh/Library/Developer/Xcode/DerivedData/Chatlio-erkyzdeecsohoaggpwbjdvavzqfv/SourcePackages/checkouts/Kingfisher/Sources/Image/Filter.swift (in target 'Kingfisher' from project 'Kingfisher')
    cd /Users/aadityasingh/Documents/Development/element-x-ios/Chatlio.xcodeproj
    

SwiftCompile normal x86_64 /Users/aadityasingh/Library/Developer/Xcode/DerivedData/Chatlio-erkyzdeecsohoaggpwbjdvavzqfv/SourcePackages/checkouts/Kingfisher/Sources/Image/GIFAnimatedImage.swift (in target 'Kingfisher' from project 'Kingfisher')
    cd /Users/aadityasingh/Documents/Development/element-x-ios/Chatlio.xcodeproj
    

SwiftCompile normal x86_64 /Users/aadityasingh/Library/Developer/Xcode/DerivedData/Chatlio-erkyzdeecsohoaggpwbjdvavzqfv/SourcePackages/checkouts/Kingfisher/Sources/Image/GraphicsContext.swift (in target 'Kingfisher' from project 'Kingfisher')
    cd /Users/aadityasingh/Documents/Development/element-x-ios/Chatlio.xcodeproj
    

SwiftDriverJobDiscovery normal arm64 Compiling matrix_sdk_base.swift (in target 'MatrixRustSDK' from project 'MatrixRustSDK')

SwiftCompile normal x86_64 Compiling\ Storage.swift,\ CPListItem+Kingfisher.swift,\ HasImageComponent+Kingfisher.swift,\ ImageView+Kingfisher.swift,\ NSButton+Kingfisher.swift,\ NSTextAttachment+Kingfisher.swift /Users/aadityasingh/Library/Developer/Xcode/DerivedData/Chatlio-erkyzdeecsohoaggpwbjdvavzqfv/SourcePackages/checkouts/Kingfisher/Sources/Cache/Storage.swift /Users/aadityasingh/Library/Developer/Xcode/DerivedData/Chatlio-erkyzdeecsohoaggpwbjdvavzqfv/SourcePackages/checkouts/Kingfisher/Sources/Extensions/CPListItem+Kingfisher.swift /Users/aadityasingh/Library/Developer/Xcode/DerivedData/Chatlio-erkyzdeecsohoaggpwbjdvavzqfv/SourcePackages/checkouts/Kingfisher/Sources/Extensions/HasImageComponent+Kingfisher.swift /Users/aadityasingh/Library/Developer/Xcode/DerivedData/Chatlio-erkyzdeecsohoaggpwbjdvavzqfv/SourcePackages/checkouts/Kingfisher/Sources/Extensions/ImageView+Kingfisher.swift /Users/aadityasingh/Library/Developer/Xcode/DerivedData/Chatlio-erkyzdeecsohoaggpwbjdvavzqfv/SourcePackages/checkouts/Kingfisher/Sources/Extensions/NSButton+Kingfisher.swift /Users/aadityasingh/Library/Developer/Xcode/DerivedData/Chatlio-erkyzdeecsohoaggpwbjdvavzqfv/SourcePackages/checkouts/Kingfisher/Sources/Extensions/NSTextAttachment+Kingfisher.swift (in target 'Kingfisher' from project 'Kingfisher')

SwiftCompile normal x86_64 /Users/aadityasingh/Library/Developer/Xcode/DerivedData/Chatlio-erkyzdeecsohoaggpwbjdvavzqfv/SourcePackages/checkouts/Kingfisher/Sources/Cache/Storage.swift (in target 'Kingfisher' from project 'Kingfisher')
    cd /Users/aadityasingh/Documents/Development/element-x-ios/Chatlio.xcodeproj
    

SwiftCompile normal x86_64 /Users/aadityasingh/Library/Developer/Xcode/DerivedData/Chatlio-erkyzdeecsohoaggpwbjdvavzqfv/SourcePackages/checkouts/Kingfisher/Sources/Extensions/CPListItem+Kingfisher.swift (in target 'Kingfisher' from project 'Kingfisher')
    cd /Users/aadityasingh/Documents/Development/element-x-ios/Chatlio.xcodeproj
    

SwiftCompile normal x86_64 /Users/aadityasingh/Library/Developer/Xcode/DerivedData/Chatlio-erkyzdeecsohoaggpwbjdvavzqfv/SourcePackages/checkouts/Kingfisher/Sources/Extensions/HasImageComponent+Kingfisher.swift (in target 'Kingfisher' from project 'Kingfisher')
    cd /Users/aadityasingh/Documents/Development/element-x-ios/Chatlio.xcodeproj
    

SwiftCompile normal x86_64 /Users/aadityasingh/Library/Developer/Xcode/DerivedData/Chatlio-erkyzdeecsohoaggpwbjdvavzqfv/SourcePackages/checkouts/Kingfisher/Sources/Extensions/ImageView+Kingfisher.swift (in target 'Kingfisher' from project 'Kingfisher')
    cd /Users/aadityasingh/Documents/Development/element-x-ios/Chatlio.xcodeproj
    

SwiftCompile normal x86_64 /Users/aadityasingh/Library/Developer/Xcode/DerivedData/Chatlio-erkyzdeecsohoaggpwbjdvavzqfv/SourcePackages/checkouts/Kingfisher/Sources/Extensions/NSButton+Kingfisher.swift (in target 'Kingfisher' from project 'Kingfisher')
    cd /Users/aadityasingh/Documents/Development/element-x-ios/Chatlio.xcodeproj
    

SwiftCompile normal x86_64 /Users/aadityasingh/Library/Developer/Xcode/DerivedData/Chatlio-erkyzdeecsohoaggpwbjdvavzqfv/SourcePackages/checkouts/Kingfisher/Sources/Extensions/NSTextAttachment+Kingfisher.swift (in target 'Kingfisher' from project 'Kingfisher')
    cd /Users/aadityasingh/Documents/Development/element-x-ios/Chatlio.xcodeproj
    

SwiftCompile normal arm64 Compiling\ KingfisherManager+LivePhoto.swift,\ KingfisherManager.swift,\ KingfisherOptionsInfo.swift,\ Filter.swift,\ GIFAnimatedImage.swift,\ GraphicsContext.swift /Users/aadityasingh/Library/Developer/Xcode/DerivedData/Chatlio-erkyzdeecsohoaggpwbjdvavzqfv/SourcePackages/checkouts/Kingfisher/Sources/General/KingfisherManager+LivePhoto.swift /Users/aadityasingh/Library/Developer/Xcode/DerivedData/Chatlio-erkyzdeecsohoaggpwbjdvavzqfv/SourcePackages/checkouts/Kingfisher/Sources/General/KingfisherManager.swift /Users/aadityasingh/Library/Developer/Xcode/DerivedData/Chatlio-erkyzdeecsohoaggpwbjdvavzqfv/SourcePackages/checkouts/Kingfisher/Sources/General/KingfisherOptionsInfo.swift /Users/aadityasingh/Library/Developer/Xcode/DerivedData/Chatlio-erkyzdeecsohoaggpwbjdvavzqfv/SourcePackages/checkouts/Kingfisher/Sources/Image/Filter.swift /Users/aadityasingh/Library/Developer/Xcode/DerivedData/Chatlio-erkyzdeecsohoaggpwbjdvavzqfv/SourcePackages/checkouts/Kingfisher/Sources/Image/GIFAnimatedImage.swift /Users/aadityasingh/Library/Developer/Xcode/DerivedData/Chatlio-erkyzdeecsohoaggpwbjdvavzqfv/SourcePackages/checkouts/Kingfisher/Sources/Image/GraphicsContext.swift (in target 'Kingfisher' from project 'Kingfisher')

SwiftCompile normal arm64 /Users/aadityasingh/Library/Developer/Xcode/DerivedData/Chatlio-erkyzdeecsohoaggpwbjdvavzqfv/SourcePackages/checkouts/Kingfisher/Sources/General/KingfisherManager+LivePhoto.swift (in target 'Kingfisher' from project 'Kingfisher')
    cd /Users/aadityasingh/Documents/Development/element-x-ios/Chatlio.xcodeproj
    

SwiftCompile normal arm64 /Users/aadityasingh/Library/Developer/Xcode/DerivedData/Chatlio-erkyzdeecsohoaggpwbjdvavzqfv/SourcePackages/checkouts/Kingfisher/Sources/General/KingfisherManager.swift (in target 'Kingfisher' from project 'Kingfisher')
    cd /Users/aadityasingh/Documents/Development/element-x-ios/Chatlio.xcodeproj
    

SwiftCompile normal arm64 /Users/aadityasingh/Library/Developer/Xcode/DerivedData/Chatlio-erkyzdeecsohoaggpwbjdvavzqfv/SourcePackages/checkouts/Kingfisher/Sources/General/KingfisherOptionsInfo.swift (in target 'Kingfisher' from project 'Kingfisher')
    cd /Users/aadityasingh/Documents/Development/element-x-ios/Chatlio.xcodeproj
    

SwiftCompile normal arm64 /Users/aadityasingh/Library/Developer/Xcode/DerivedData/Chatlio-erkyzdeecsohoaggpwbjdvavzqfv/SourcePackages/checkouts/Kingfisher/Sources/Image/Filter.swift (in target 'Kingfisher' from project 'Kingfisher')
    cd /Users/aadityasingh/Documents/Development/element-x-ios/Chatlio.xcodeproj
    

SwiftCompile normal arm64 /Users/aadityasingh/Library/Developer/Xcode/DerivedData/Chatlio-erkyzdeecsohoaggpwbjdvavzqfv/SourcePackages/checkouts/Kingfisher/Sources/Image/GIFAnimatedImage.swift (in target 'Kingfisher' from project 'Kingfisher')
    cd /Users/aadityasingh/Documents/Development/element-x-ios/Chatlio.xcodeproj
    

SwiftCompile normal arm64 /Users/aadityasingh/Library/Developer/Xcode/DerivedData/Chatlio-erkyzdeecsohoaggpwbjdvavzqfv/SourcePackages/checkouts/Kingfisher/Sources/Image/GraphicsContext.swift (in target 'Kingfisher' from project 'Kingfisher')
    cd /Users/aadityasingh/Documents/Development/element-x-ios/Chatlio.xcodeproj
    

SwiftDriverJobDiscovery normal x86_64 Compiling matrix_sdk_crypto.swift (in target 'MatrixRustSDK' from project 'MatrixRustSDK')

SwiftCompile normal x86_64 Compiling\ KFImage.swift,\ KFImageOptions.swift,\ KFImageProtocol.swift,\ KFImageRenderer.swift,\ Box.swift /Users/aadityasingh/Library/Developer/Xcode/DerivedData/Chatlio-erkyzdeecsohoaggpwbjdvavzqfv/SourcePackages/checkouts/Kingfisher/Sources/SwiftUI/KFImage.swift /Users/aadityasingh/Library/Developer/Xcode/DerivedData/Chatlio-erkyzdeecsohoaggpwbjdvavzqfv/SourcePackages/checkouts/Kingfisher/Sources/SwiftUI/KFImageOptions.swift /Users/aadityasingh/Library/Developer/Xcode/DerivedData/Chatlio-erkyzdeecsohoaggpwbjdvavzqfv/SourcePackages/checkouts/Kingfisher/Sources/SwiftUI/KFImageProtocol.swift /Users/aadityasingh/Library/Developer/Xcode/DerivedData/Chatlio-erkyzdeecsohoaggpwbjdvavzqfv/SourcePackages/checkouts/Kingfisher/Sources/SwiftUI/KFImageRenderer.swift /Users/aadityasingh/Library/Developer/Xcode/DerivedData/Chatlio-erkyzdeecsohoaggpwbjdvavzqfv/SourcePackages/checkouts/Kingfisher/Sources/Utility/Box.swift (in target 'Kingfisher' from project 'Kingfisher')

SwiftCompile normal x86_64 /Users/aadityasingh/Library/Developer/Xcode/DerivedData/Chatlio-erkyzdeecsohoaggpwbjdvavzqfv/SourcePackages/checkouts/Kingfisher/Sources/SwiftUI/KFImage.swift (in target 'Kingfisher' from project 'Kingfisher')
    cd /Users/aadityasingh/Documents/Development/element-x-ios/Chatlio.xcodeproj
    

SwiftCompile normal x86_64 /Users/aadityasingh/Library/Developer/Xcode/DerivedData/Chatlio-erkyzdeecsohoaggpwbjdvavzqfv/SourcePackages/checkouts/Kingfisher/Sources/SwiftUI/KFImageOptions.swift (in target 'Kingfisher' from project 'Kingfisher')
    cd /Users/aadityasingh/Documents/Development/element-x-ios/Chatlio.xcodeproj
    

SwiftCompile normal x86_64 /Users/aadityasingh/Library/Developer/Xcode/DerivedData/Chatlio-erkyzdeecsohoaggpwbjdvavzqfv/SourcePackages/checkouts/Kingfisher/Sources/SwiftUI/KFImageProtocol.swift (in target 'Kingfisher' from project 'Kingfisher')
    cd /Users/aadityasingh/Documents/Development/element-x-ios/Chatlio.xcodeproj
    

SwiftCompile normal x86_64 /Users/aadityasingh/Library/Developer/Xcode/DerivedData/Chatlio-erkyzdeecsohoaggpwbjdvavzqfv/SourcePackages/checkouts/Kingfisher/Sources/SwiftUI/KFImageRenderer.swift (in target 'Kingfisher' from project 'Kingfisher')
    cd /Users/aadityasingh/Documents/Development/element-x-ios/Chatlio.xcodeproj
    

SwiftCompile normal x86_64 /Users/aadityasingh/Library/Developer/Xcode/DerivedData/Chatlio-erkyzdeecsohoaggpwbjdvavzqfv/SourcePackages/checkouts/Kingfisher/Sources/Utility/Box.swift (in target 'Kingfisher' from project 'Kingfisher')
    cd /Users/aadityasingh/Documents/Development/element-x-ios/Chatlio.xcodeproj
    

SwiftDriverJobDiscovery normal arm64 Compiling matrix_sdk_crypto.swift (in target 'MatrixRustSDK' from project 'MatrixRustSDK')

SwiftCompile normal x86_64 Compiling\ Image.swift,\ ImageDrawing.swift,\ ImageFormat.swift,\ ImageProcessor.swift,\ ImageProgressive.swift,\ ImageTransition.swift /Users/aadityasingh/Library/Developer/Xcode/DerivedData/Chatlio-erkyzdeecsohoaggpwbjdvavzqfv/SourcePackages/checkouts/Kingfisher/Sources/Image/Image.swift /Users/aadityasingh/Library/Developer/Xcode/DerivedData/Chatlio-erkyzdeecsohoaggpwbjdvavzqfv/SourcePackages/checkouts/Kingfisher/Sources/Image/ImageDrawing.swift /Users/aadityasingh/Library/Developer/Xcode/DerivedData/Chatlio-erkyzdeecsohoaggpwbjdvavzqfv/SourcePackages/checkouts/Kingfisher/Sources/Image/ImageFormat.swift /Users/aadityasingh/Library/Developer/Xcode/DerivedData/Chatlio-erkyzdeecsohoaggpwbjdvavzqfv/SourcePackages/checkouts/Kingfisher/Sources/Image/ImageProcessor.swift /Users/aadityasingh/Library/Developer/Xcode/DerivedData/Chatlio-erkyzdeecsohoaggpwbjdvavzqfv/SourcePackages/checkouts/Kingfisher/Sources/Image/ImageProgressive.swift /Users/aadityasingh/Library/Developer/Xcode/DerivedData/Chatlio-erkyzdeecsohoaggpwbjdvavzqfv/SourcePackages/checkouts/Kingfisher/Sources/Image/ImageTransition.swift (in target 'Kingfisher' from project 'Kingfisher')

SwiftCompile normal x86_64 /Users/aadityasingh/Library/Developer/Xcode/DerivedData/Chatlio-erkyzdeecsohoaggpwbjdvavzqfv/SourcePackages/checkouts/Kingfisher/Sources/Image/Image.swift (in target 'Kingfisher' from project 'Kingfisher')
    cd /Users/aadityasingh/Documents/Development/element-x-ios/Chatlio.xcodeproj
    

SwiftCompile normal x86_64 /Users/aadityasingh/Library/Developer/Xcode/DerivedData/Chatlio-erkyzdeecsohoaggpwbjdvavzqfv/SourcePackages/checkouts/Kingfisher/Sources/Image/ImageDrawing.swift (in target 'Kingfisher' from project 'Kingfisher')
    cd /Users/aadityasingh/Documents/Development/element-x-ios/Chatlio.xcodeproj
    

SwiftCompile normal x86_64 /Users/aadityasingh/Library/Developer/Xcode/DerivedData/Chatlio-erkyzdeecsohoaggpwbjdvavzqfv/SourcePackages/checkouts/Kingfisher/Sources/Image/ImageFormat.swift (in target 'Kingfisher' from project 'Kingfisher')
    cd /Users/aadityasingh/Documents/Development/element-x-ios/Chatlio.xcodeproj
    

SwiftCompile normal x86_64 /Users/aadityasingh/Library/Developer/Xcode/DerivedData/Chatlio-erkyzdeecsohoaggpwbjdvavzqfv/SourcePackages/checkouts/Kingfisher/Sources/Image/ImageProcessor.swift (in target 'Kingfisher' from project 'Kingfisher')
    cd /Users/aadityasingh/Documents/Development/element-x-ios/Chatlio.xcodeproj
    

SwiftCompile normal x86_64 /Users/aadityasingh/Library/Developer/Xcode/DerivedData/Chatlio-erkyzdeecsohoaggpwbjdvavzqfv/SourcePackages/checkouts/Kingfisher/Sources/Image/ImageProgressive.swift (in target 'Kingfisher' from project 'Kingfisher')
    cd /Users/aadityasingh/Documents/Development/element-x-ios/Chatlio.xcodeproj
    

SwiftCompile normal x86_64 /Users/aadityasingh/Library/Developer/Xcode/DerivedData/Chatlio-erkyzdeecsohoaggpwbjdvavzqfv/SourcePackages/checkouts/Kingfisher/Sources/Image/ImageTransition.swift (in target 'Kingfisher' from project 'Kingfisher')
    cd /Users/aadityasingh/Documents/Development/element-x-ios/Chatlio.xcodeproj
    

SwiftDriverJobDiscovery normal arm64 Compiling PostHogSessionReplayNetworkPlugin.swift, URLSessionExtension.swift, URLSessionInterceptor.swift, URLSessionSwizzler.swift, PostHogSessionReplayPlugin.swift, PostHogReplayIntegration.swift, PostHogSessionReplayConfig.swift, PostHogSessionReplayConsoleLogConfig.swift, RRStyle.swift (in target 'PostHog' from project 'PostHog')

SwiftCompile normal x86_64 Compiling\ CallbackQueue.swift,\ Delegate.swift,\ DisplayLink.swift,\ ExtensionHelpers.swift,\ Result.swift /Users/aadityasingh/Library/Developer/Xcode/DerivedData/Chatlio-erkyzdeecsohoaggpwbjdvavzqfv/SourcePackages/checkouts/Kingfisher/Sources/Utility/CallbackQueue.swift /Users/aadityasingh/Library/Developer/Xcode/DerivedData/Chatlio-erkyzdeecsohoaggpwbjdvavzqfv/SourcePackages/checkouts/Kingfisher/Sources/Utility/Delegate.swift /Users/aadityasingh/Library/Developer/Xcode/DerivedData/Chatlio-erkyzdeecsohoaggpwbjdvavzqfv/SourcePackages/checkouts/Kingfisher/Sources/Utility/DisplayLink.swift /Users/aadityasingh/Library/Developer/Xcode/DerivedData/Chatlio-erkyzdeecsohoaggpwbjdvavzqfv/SourcePackages/checkouts/Kingfisher/Sources/Utility/ExtensionHelpers.swift /Users/aadityasingh/Library/Developer/Xcode/DerivedData/Chatlio-erkyzdeecsohoaggpwbjdvavzqfv/SourcePackages/checkouts/Kingfisher/Sources/Utility/Result.swift (in target 'Kingfisher' from project 'Kingfisher')

SwiftCompile normal x86_64 /Users/aadityasingh/Library/Developer/Xcode/DerivedData/Chatlio-erkyzdeecsohoaggpwbjdvavzqfv/SourcePackages/checkouts/Kingfisher/Sources/Utility/CallbackQueue.swift (in target 'Kingfisher' from project 'Kingfisher')
    cd /Users/aadityasingh/Documents/Development/element-x-ios/Chatlio.xcodeproj
    

SwiftCompile normal x86_64 /Users/aadityasingh/Library/Developer/Xcode/DerivedData/Chatlio-erkyzdeecsohoaggpwbjdvavzqfv/SourcePackages/checkouts/Kingfisher/Sources/Utility/Delegate.swift (in target 'Kingfisher' from project 'Kingfisher')
    cd /Users/aadityasingh/Documents/Development/element-x-ios/Chatlio.xcodeproj
    

SwiftCompile normal x86_64 /Users/aadityasingh/Library/Developer/Xcode/DerivedData/Chatlio-erkyzdeecsohoaggpwbjdvavzqfv/SourcePackages/checkouts/Kingfisher/Sources/Utility/DisplayLink.swift (in target 'Kingfisher' from project 'Kingfisher')
    cd /Users/aadityasingh/Documents/Development/element-x-ios/Chatlio.xcodeproj
    

SwiftCompile normal x86_64 /Users/aadityasingh/Library/Developer/Xcode/DerivedData/Chatlio-erkyzdeecsohoaggpwbjdvavzqfv/SourcePackages/checkouts/Kingfisher/Sources/Utility/ExtensionHelpers.swift (in target 'Kingfisher' from project 'Kingfisher')
    cd /Users/aadityasingh/Documents/Development/element-x-ios/Chatlio.xcodeproj
    

SwiftCompile normal x86_64 /Users/aadityasingh/Library/Developer/Xcode/DerivedData/Chatlio-erkyzdeecsohoaggpwbjdvavzqfv/SourcePackages/checkouts/Kingfisher/Sources/Utility/Result.swift (in target 'Kingfisher' from project 'Kingfisher')
    cd /Users/aadityasingh/Documents/Development/element-x-ios/Chatlio.xcodeproj
    

SwiftDriverJobDiscovery normal arm64 Compiling LRUCache.swift (in target 'LRUCache' from project 'LRUCache')

SwiftCompile normal arm64 Compiling\ KFImage.swift,\ KFImageOptions.swift,\ KFImageProtocol.swift,\ KFImageRenderer.swift,\ Box.swift /Users/aadityasingh/Library/Developer/Xcode/DerivedData/Chatlio-erkyzdeecsohoaggpwbjdvavzqfv/SourcePackages/checkouts/Kingfisher/Sources/SwiftUI/KFImage.swift /Users/aadityasingh/Library/Developer/Xcode/DerivedData/Chatlio-erkyzdeecsohoaggpwbjdvavzqfv/SourcePackages/checkouts/Kingfisher/Sources/SwiftUI/KFImageOptions.swift /Users/aadityasingh/Library/Developer/Xcode/DerivedData/Chatlio-erkyzdeecsohoaggpwbjdvavzqfv/SourcePackages/checkouts/Kingfisher/Sources/SwiftUI/KFImageProtocol.swift /Users/aadityasingh/Library/Developer/Xcode/DerivedData/Chatlio-erkyzdeecsohoaggpwbjdvavzqfv/SourcePackages/checkouts/Kingfisher/Sources/SwiftUI/KFImageRenderer.swift /Users/aadityasingh/Library/Developer/Xcode/DerivedData/Chatlio-erkyzdeecsohoaggpwbjdvavzqfv/SourcePackages/checkouts/Kingfisher/Sources/Utility/Box.swift (in target 'Kingfisher' from project 'Kingfisher')

SwiftCompile normal arm64 /Users/aadityasingh/Library/Developer/Xcode/DerivedData/Chatlio-erkyzdeecsohoaggpwbjdvavzqfv/SourcePackages/checkouts/Kingfisher/Sources/SwiftUI/KFImage.swift (in target 'Kingfisher' from project 'Kingfisher')
    cd /Users/aadityasingh/Documents/Development/element-x-ios/Chatlio.xcodeproj
    

SwiftCompile normal arm64 /Users/aadityasingh/Library/Developer/Xcode/DerivedData/Chatlio-erkyzdeecsohoaggpwbjdvavzqfv/SourcePackages/checkouts/Kingfisher/Sources/SwiftUI/KFImageOptions.swift (in target 'Kingfisher' from project 'Kingfisher')
    cd /Users/aadityasingh/Documents/Development/element-x-ios/Chatlio.xcodeproj
    

SwiftCompile normal arm64 /Users/aadityasingh/Library/Developer/Xcode/DerivedData/Chatlio-erkyzdeecsohoaggpwbjdvavzqfv/SourcePackages/checkouts/Kingfisher/Sources/SwiftUI/KFImageProtocol.swift (in target 'Kingfisher' from project 'Kingfisher')
    cd /Users/aadityasingh/Documents/Development/element-x-ios/Chatlio.xcodeproj
    

SwiftCompile normal arm64 /Users/aadityasingh/Library/Developer/Xcode/DerivedData/Chatlio-erkyzdeecsohoaggpwbjdvavzqfv/SourcePackages/checkouts/Kingfisher/Sources/SwiftUI/KFImageRenderer.swift (in target 'Kingfisher' from project 'Kingfisher')
    cd /Users/aadityasingh/Documents/Development/element-x-ios/Chatlio.xcodeproj
    

SwiftCompile normal arm64 /Users/aadityasingh/Library/Developer/Xcode/DerivedData/Chatlio-erkyzdeecsohoaggpwbjdvavzqfv/SourcePackages/checkouts/Kingfisher/Sources/Utility/Box.swift (in target 'Kingfisher' from project 'Kingfisher')
    cd /Users/aadityasingh/Documents/Development/element-x-ios/Chatlio.xcodeproj
    

SwiftDriverJobDiscovery normal x86_64 Compiling LRUCache.swift (in target 'LRUCache' from project 'LRUCache')

SwiftDriver\ Compilation LRUCache normal x86_64 com.apple.xcode.tools.swift.compiler (in target 'LRUCache' from project 'LRUCache')
    cd /Users/aadityasingh/Documents/Development/element-x-ios/Chatlio.xcodeproj
    builtin-Swift-Compilation -- /Applications/Xcode.app/Contents/Developer/Toolchains/XcodeDefault.xctoolchain/usr/bin/swiftc -module-name LRUCache -Onone @/Users/aadityasingh/Library/Developer/Xcode/DerivedData/Chatlio-erkyzdeecsohoaggpwbjdvavzqfv/Build/Intermediates.noindex/LRUCache.build/Debug-iphonesimulator/LRUCache.build/Objects-normal/x86_64/LRUCache.SwiftFileList -DSWIFT_PACKAGE -DDEBUG -DSWIFT_MODULE_RESOURCE_BUNDLE_UNAVAILABLE -DXcode -plugin-path /Applications/Xcode.app/Contents/Developer/Toolchains/XcodeDefault.xctoolchain/usr/lib/swift/host/plugins/testing -enable-experimental-feature DebugDescriptionMacro -sdk /Applications/Xcode.app/Contents/Developer/Platforms/iPhoneSimulator.platform/Developer/SDKs/iPhoneSimulator26.4.sdk -target x86_64-apple-ios13.0-simulator -g -module-cache-path /Users/aadityasingh/Library/Developer/Xcode/DerivedData/ModuleCache.noindex -Xfrontend -serialize-debugging-options -profile-coverage-mapping -profile-generate -enable-testing -suppress-warnings -index-store-path /Users/aadityasingh/Library/Developer/Xcode/DerivedData/Chatlio-erkyzdeecsohoaggpwbjdvavzqfv/Index.noindex/DataStore -Xcc -D_LIBCPP_HARDENING_MODE\=_LIBCPP_HARDENING_MODE_DEBUG -swift-version 5 -I /Users/aadityasingh/Library/Developer/Xcode/DerivedData/Chatlio-erkyzdeecsohoaggpwbjdvavzqfv/Build/Products/Debug-iphonesimulator -Isystem /Applications/Xcode.app/Contents/Developer/Platforms/iPhoneSimulator.platform/Developer/usr/lib -F /Users/aadityasingh/Library/Developer/Xcode/DerivedData/Chatlio-erkyzdeecsohoaggpwbjdvavzqfv/Build/Products/Debug-iphonesimulator -F /Applications/Xcode.app/Contents/Developer/Platforms/iPhoneSimulator.platform/Developer/Library/Frameworks -F /Applications/Xcode.app/Contents/Developer/Platforms/iPhoneSimulator.platform/Developer/SDKs/iPhoneSimulator26.4.sdk/Developer/Library/Frameworks -parse-as-library -c -j12 -enable-batch-mode -incremental -Xcc -ivfsstatcache -Xcc /Users/aadityasingh/Library/Developer/Xcode/DerivedData/SDKStatCaches.noindex/iphonesimulator26.4-23E252-686eebb5dc1d8ecb277353a59184f4aa.sdkstatcache -output-file-map /Users/aadityasingh/Library/Developer/Xcode/DerivedData/Chatlio-erkyzdeecsohoaggpwbjdvavzqfv/Build/Intermediates.noindex/LRUCache.build/Debug-iphonesimulator/LRUCache.build/Objects-normal/x86_64/LRUCache-OutputFileMap.json -use-frontend-parseable-output -save-temps -no-color-diagnostics -explicit-module-build -module-cache-path /Users/aadityasingh/Library/Developer/Xcode/DerivedData/Chatlio-erkyzdeecsohoaggpwbjdvavzqfv/Build/Intermediates.noindex/SwiftExplicitPrecompiledModules -clang-scanner-module-cache-path /Users/aadityasingh/Library/Developer/Xcode/DerivedData/ModuleCache.noindex -sdk-module-cache-path /Users/aadityasingh/Library/Developer/Xcode/DerivedData/ModuleCache.noindex -serialize-diagnostics -emit-dependencies -emit-module -emit-module-path /Users/aadityasingh/Library/Developer/Xcode/DerivedData/Chatlio-erkyzdeecsohoaggpwbjdvavzqfv/Build/Intermediates.noindex/LRUCache.build/Debug-iphonesimulator/LRUCache.build/Objects-normal/x86_64/LRUCache.swiftmodule -validate-clang-modules-once -clang-build-session-file /Users/aadityasingh/Library/Developer/Xcode/DerivedData/ModuleCache.noindex/Session.modulevalidation -Xcc -I/Users/aadityasingh/Library/Developer/Xcode/DerivedData/Chatlio-erkyzdeecsohoaggpwbjdvavzqfv/Build/Intermediates.noindex/LRUCache.build/Debug-iphonesimulator/LRUCache.build/swift-overrides.hmap -emit-const-values -Xfrontend -const-gather-protocols-file -Xfrontend /Users/aadityasingh/Library/Developer/Xcode/DerivedData/Chatlio-erkyzdeecsohoaggpwbjdvavzqfv/Build/Intermediates.noindex/LRUCache.build/Debug-iphonesimulator/LRUCache.build/Objects-normal/x86_64/LRUCache_const_extract_protocols.json -Xcc -I/Users/aadityasingh/Library/Developer/Xcode/DerivedData/Chatlio-erkyzdeecsohoaggpwbjdvavzqfv/Build/Products/Debug-iphonesimulator/include -Xcc -I/Users/aadityasingh/Library/Developer/Xcode/DerivedData/Chatlio-erkyzdeecsohoaggpwbjdvavzqfv/Build/Intermediates.noindex/LRUCache.build/Debug-iphonesimulator/LRUCache.build/DerivedSources-normal/x86_64 -Xcc -I/Users/aadityasingh/Library/Developer/Xcode/DerivedData/Chatlio-erkyzdeecsohoaggpwbjdvavzqfv/Build/Intermediates.noindex/LRUCache.build/Debug-iphonesimulator/LRUCache.build/DerivedSources/x86_64 -Xcc -I/Users/aadityasingh/Library/Developer/Xcode/DerivedData/Chatlio-erkyzdeecsohoaggpwbjdvavzqfv/Build/Intermediates.noindex/LRUCache.build/Debug-iphonesimulator/LRUCache.build/DerivedSources -Xcc -DSWIFT_PACKAGE -Xcc -DDEBUG\=1 -emit-objc-header -emit-objc-header-path /Users/aadityasingh/Library/Developer/Xcode/DerivedData/Chatlio-erkyzdeecsohoaggpwbjdvavzqfv/Build/Intermediates.noindex/LRUCache.build/Debug-iphonesimulator/LRUCache.build/Objects-normal/x86_64/LRUCache-Swift.h -working-directory /Users/aadityasingh/Documents/Development/element-x-ios/Chatlio.xcodeproj -experimental-emit-module-separately -disable-cmo

SwiftDriverJobDiscovery normal arm64 Compiling MultipleChoiceOptions.swift, NumberRating.swift, Resources.swift, SegmentedControl.swift, Survey+Util.swift, SurveyButton.swift, SurveyPresentationDetentsRepresentable.swift, SwiftUI+Util.swift, PostHogMaskViewModifier.swift (in target 'PostHog' from project 'PostHog')

SwiftDriver\ Compilation LRUCache normal arm64 com.apple.xcode.tools.swift.compiler (in target 'LRUCache' from project 'LRUCache')
    cd /Users/aadityasingh/Documents/Development/element-x-ios/Chatlio.xcodeproj
    builtin-Swift-Compilation -- /Applications/Xcode.app/Contents/Developer/Toolchains/XcodeDefault.xctoolchain/usr/bin/swiftc -module-name LRUCache -Onone @/Users/aadityasingh/Library/Developer/Xcode/DerivedData/Chatlio-erkyzdeecsohoaggpwbjdvavzqfv/Build/Intermediates.noindex/LRUCache.build/Debug-iphonesimulator/LRUCache.build/Objects-normal/arm64/LRUCache.SwiftFileList -DSWIFT_PACKAGE -DDEBUG -DSWIFT_MODULE_RESOURCE_BUNDLE_UNAVAILABLE -DXcode -plugin-path /Applications/Xcode.app/Contents/Developer/Toolchains/XcodeDefault.xctoolchain/usr/lib/swift/host/plugins/testing -enable-experimental-feature DebugDescriptionMacro -sdk /Applications/Xcode.app/Contents/Developer/Platforms/iPhoneSimulator.platform/Developer/SDKs/iPhoneSimulator26.4.sdk -target arm64-apple-ios13.0-simulator -g -module-cache-path /Users/aadityasingh/Library/Developer/Xcode/DerivedData/ModuleCache.noindex -Xfrontend -serialize-debugging-options -profile-coverage-mapping -profile-generate -enable-testing -suppress-warnings -index-store-path /Users/aadityasingh/Library/Developer/Xcode/DerivedData/Chatlio-erkyzdeecsohoaggpwbjdvavzqfv/Index.noindex/DataStore -Xcc -D_LIBCPP_HARDENING_MODE\=_LIBCPP_HARDENING_MODE_DEBUG -swift-version 5 -I /Users/aadityasingh/Library/Developer/Xcode/DerivedData/Chatlio-erkyzdeecsohoaggpwbjdvavzqfv/Build/Products/Debug-iphonesimulator -Isystem /Applications/Xcode.app/Contents/Developer/Platforms/iPhoneSimulator.platform/Developer/usr/lib -F /Users/aadityasingh/Library/Developer/Xcode/DerivedData/Chatlio-erkyzdeecsohoaggpwbjdvavzqfv/Build/Products/Debug-iphonesimulator -F /Applications/Xcode.app/Contents/Developer/Platforms/iPhoneSimulator.platform/Developer/Library/Frameworks -F /Applications/Xcode.app/Contents/Developer/Platforms/iPhoneSimulator.platform/Developer/SDKs/iPhoneSimulator26.4.sdk/Developer/Library/Frameworks -parse-as-library -c -j12 -enable-batch-mode -incremental -Xcc -ivfsstatcache -Xcc /Users/aadityasingh/Library/Developer/Xcode/DerivedData/SDKStatCaches.noindex/iphonesimulator26.4-23E252-686eebb5dc1d8ecb277353a59184f4aa.sdkstatcache -output-file-map /Users/aadityasingh/Library/Developer/Xcode/DerivedData/Chatlio-erkyzdeecsohoaggpwbjdvavzqfv/Build/Intermediates.noindex/LRUCache.build/Debug-iphonesimulator/LRUCache.build/Objects-normal/arm64/LRUCache-OutputFileMap.json -use-frontend-parseable-output -save-temps -no-color-diagnostics -explicit-module-build -module-cache-path /Users/aadityasingh/Library/Developer/Xcode/DerivedData/Chatlio-erkyzdeecsohoaggpwbjdvavzqfv/Build/Intermediates.noindex/SwiftExplicitPrecompiledModules -clang-scanner-module-cache-path /Users/aadityasingh/Library/Developer/Xcode/DerivedData/ModuleCache.noindex -sdk-module-cache-path /Users/aadityasingh/Library/Developer/Xcode/DerivedData/ModuleCache.noindex -serialize-diagnostics -emit-dependencies -emit-module -emit-module-path /Users/aadityasingh/Library/Developer/Xcode/DerivedData/Chatlio-erkyzdeecsohoaggpwbjdvavzqfv/Build/Intermediates.noindex/LRUCache.build/Debug-iphonesimulator/LRUCache.build/Objects-normal/arm64/LRUCache.swiftmodule -validate-clang-modules-once -clang-build-session-file /Users/aadityasingh/Library/Developer/Xcode/DerivedData/ModuleCache.noindex/Session.modulevalidation -Xcc -I/Users/aadityasingh/Library/Developer/Xcode/DerivedData/Chatlio-erkyzdeecsohoaggpwbjdvavzqfv/Build/Intermediates.noindex/LRUCache.build/Debug-iphonesimulator/LRUCache.build/swift-overrides.hmap -emit-const-values -Xfrontend -const-gather-protocols-file -Xfrontend /Users/aadityasingh/Library/Developer/Xcode/DerivedData/Chatlio-erkyzdeecsohoaggpwbjdvavzqfv/Build/Intermediates.noindex/LRUCache.build/Debug-iphonesimulator/LRUCache.build/Objects-normal/arm64/LRUCache_const_extract_protocols.json -Xcc -I/Users/aadityasingh/Library/Developer/Xcode/DerivedData/Chatlio-erkyzdeecsohoaggpwbjdvavzqfv/Build/Products/Debug-iphonesimulator/include -Xcc -I/Users/aadityasingh/Library/Developer/Xcode/DerivedData/Chatlio-erkyzdeecsohoaggpwbjdvavzqfv/Build/Intermediates.noindex/LRUCache.build/Debug-iphonesimulator/LRUCache.build/DerivedSources-normal/arm64 -Xcc -I/Users/aadityasingh/Library/Developer/Xcode/DerivedData/Chatlio-erkyzdeecsohoaggpwbjdvavzqfv/Build/Intermediates.noindex/LRUCache.build/Debug-iphonesimulator/LRUCache.build/DerivedSources/arm64 -Xcc -I/Users/aadityasingh/Library/Developer/Xcode/DerivedData/Chatlio-erkyzdeecsohoaggpwbjdvavzqfv/Build/Intermediates.noindex/LRUCache.build/Debug-iphonesimulator/LRUCache.build/DerivedSources -Xcc -DSWIFT_PACKAGE -Xcc -DDEBUG\=1 -emit-objc-header -emit-objc-header-path /Users/aadityasingh/Library/Developer/Xcode/DerivedData/Chatlio-erkyzdeecsohoaggpwbjdvavzqfv/Build/Intermediates.noindex/LRUCache.build/Debug-iphonesimulator/LRUCache.build/Objects-normal/arm64/LRUCache-Swift.h -working-directory /Users/aadityasingh/Documents/Development/element-x-ios/Chatlio.xcodeproj -experimental-emit-module-separately -disable-cmo

SwiftCompile normal x86_64 Compiling\ RetryStrategy.swift,\ SessionDataTask.swift,\ SessionDelegate.swift,\ ImageBinder.swift,\ ImageContext.swift,\ KFAnimatedImage.swift /Users/aadityasingh/Library/Developer/Xcode/DerivedData/Chatlio-erkyzdeecsohoaggpwbjdvavzqfv/SourcePackages/checkouts/Kingfisher/Sources/Networking/RetryStrategy.swift /Users/aadityasingh/Library/Developer/Xcode/DerivedData/Chatlio-erkyzdeecsohoaggpwbjdvavzqfv/SourcePackages/checkouts/Kingfisher/Sources/Networking/SessionDataTask.swift /Users/aadityasingh/Library/Developer/Xcode/DerivedData/Chatlio-erkyzdeecsohoaggpwbjdvavzqfv/SourcePackages/checkouts/Kingfisher/Sources/Networking/SessionDelegate.swift /Users/aadityasingh/Library/Developer/Xcode/DerivedData/Chatlio-erkyzdeecsohoaggpwbjdvavzqfv/SourcePackages/checkouts/Kingfisher/Sources/SwiftUI/ImageBinder.swift /Users/aadityasingh/Library/Developer/Xcode/DerivedData/Chatlio-erkyzdeecsohoaggpwbjdvavzqfv/SourcePackages/checkouts/Kingfisher/Sources/SwiftUI/ImageContext.swift /Users/aadityasingh/Library/Developer/Xcode/DerivedData/Chatlio-erkyzdeecsohoaggpwbjdvavzqfv/SourcePackages/checkouts/Kingfisher/Sources/SwiftUI/KFAnimatedImage.swift (in target 'Kingfisher' from project 'Kingfisher')

SwiftCompile normal x86_64 /Users/aadityasingh/Library/Developer/Xcode/DerivedData/Chatlio-erkyzdeecsohoaggpwbjdvavzqfv/SourcePackages/checkouts/Kingfisher/Sources/Networking/RetryStrategy.swift (in target 'Kingfisher' from project 'Kingfisher')
    cd /Users/aadityasingh/Documents/Development/element-x-ios/Chatlio.xcodeproj
    

SwiftCompile normal x86_64 /Users/aadityasingh/Library/Developer/Xcode/DerivedData/Chatlio-erkyzdeecsohoaggpwbjdvavzqfv/SourcePackages/checkouts/Kingfisher/Sources/Networking/SessionDataTask.swift (in target 'Kingfisher' from project 'Kingfisher')
    cd /Users/aadityasingh/Documents/Development/element-x-ios/Chatlio.xcodeproj
    

SwiftCompile normal x86_64 /Users/aadityasingh/Library/Developer/Xcode/DerivedData/Chatlio-erkyzdeecsohoaggpwbjdvavzqfv/SourcePackages/checkouts/Kingfisher/Sources/Networking/SessionDelegate.swift (in target 'Kingfisher' from project 'Kingfisher')
    cd /Users/aadityasingh/Documents/Development/element-x-ios/Chatlio.xcodeproj
    

SwiftCompile normal x86_64 /Users/aadityasingh/Library/Developer/Xcode/DerivedData/Chatlio-erkyzdeecsohoaggpwbjdvavzqfv/SourcePackages/checkouts/Kingfisher/Sources/SwiftUI/ImageBinder.swift (in target 'Kingfisher' from project 'Kingfisher')
    cd /Users/aadityasingh/Documents/Development/element-x-ios/Chatlio.xcodeproj
    

SwiftCompile normal x86_64 /Users/aadityasingh/Library/Developer/Xcode/DerivedData/Chatlio-erkyzdeecsohoaggpwbjdvavzqfv/SourcePackages/checkouts/Kingfisher/Sources/SwiftUI/ImageContext.swift (in target 'Kingfisher' from project 'Kingfisher')
    cd /Users/aadityasingh/Documents/Development/element-x-ios/Chatlio.xcodeproj
    

SwiftCompile normal x86_64 /Users/aadityasingh/Library/Developer/Xcode/DerivedData/Chatlio-erkyzdeecsohoaggpwbjdvavzqfv/SourcePackages/checkouts/Kingfisher/Sources/SwiftUI/KFAnimatedImage.swift (in target 'Kingfisher' from project 'Kingfisher')
    cd /Users/aadityasingh/Documents/Development/element-x-ios/Chatlio.xcodeproj
    

SwiftDriver\ Compilation PostHog normal arm64 com.apple.xcode.tools.swift.compiler (in target 'PostHog' from project 'PostHog')
    cd /Users/aadityasingh/Documents/Development/element-x-ios/Chatlio.xcodeproj
    builtin-Swift-Compilation -- /Applications/Xcode.app/Contents/Developer/Toolchains/XcodeDefault.xctoolchain/usr/bin/swiftc -module-name PostHog -Onone @/Users/aadityasingh/Library/Developer/Xcode/DerivedData/Chatlio-erkyzdeecsohoaggpwbjdvavzqfv/Build/Intermediates.noindex/PostHog.build/Debug-iphonesimulator/PostHog.build/Objects-normal/arm64/PostHog.SwiftFileList -DSWIFT_PACKAGE -DDEBUG -DSWIFT_MODULE_RESOURCE_BUNDLE_AVAILABLE -Xcc -fmodule-map-file\=/Users/aadityasingh/Library/Developer/Xcode/DerivedData/Chatlio-erkyzdeecsohoaggpwbjdvavzqfv/Build/Intermediates.noindex/GeneratedModuleMaps-iphonesimulator/phlibwebp.modulemap -DXcode -plugin-path /Applications/Xcode.app/Contents/Developer/Toolchains/XcodeDefault.xctoolchain/usr/lib/swift/host/plugins/testing -enable-experimental-feature DebugDescriptionMacro -sdk /Applications/Xcode.app/Contents/Developer/Platforms/iPhoneSimulator.platform/Developer/SDKs/iPhoneSimulator26.4.sdk -target arm64-apple-ios13.0-simulator -g -module-cache-path /Users/aadityasingh/Library/Developer/Xcode/DerivedData/ModuleCache.noindex -Xfrontend -serialize-debugging-options -profile-coverage-mapping -profile-generate -enable-testing -suppress-warnings -index-store-path /Users/aadityasingh/Library/Developer/Xcode/DerivedData/Chatlio-erkyzdeecsohoaggpwbjdvavzqfv/Index.noindex/DataStore -Xcc -D_LIBCPP_HARDENING_MODE\=_LIBCPP_HARDENING_MODE_DEBUG -swift-version 5 -I /Users/aadityasingh/Library/Developer/Xcode/DerivedData/Chatlio-erkyzdeecsohoaggpwbjdvavzqfv/Build/Products/Debug-iphonesimulator -Isystem /Applications/Xcode.app/Contents/Developer/Platforms/iPhoneSimulator.platform/Developer/usr/lib -F /Users/aadityasingh/Library/Developer/Xcode/DerivedData/Chatlio-erkyzdeecsohoaggpwbjdvavzqfv/Build/Products/Debug-iphonesimulator/PackageFrameworks -F /Users/aadityasingh/Library/Developer/Xcode/DerivedData/Chatlio-erkyzdeecsohoaggpwbjdvavzqfv/Build/Products/Debug-iphonesimulator -F /Applications/Xcode.app/Contents/Developer/Platforms/iPhoneSimulator.platform/Developer/Library/Frameworks -F /Applications/Xcode.app/Contents/Developer/Platforms/iPhoneSimulator.platform/Developer/SDKs/iPhoneSimulator26.4.sdk/Developer/Library/Frameworks -c -j12 -enable-batch-mode -incremental -Xcc -ivfsstatcache -Xcc /Users/aadityasingh/Library/Developer/Xcode/DerivedData/SDKStatCaches.noindex/iphonesimulator26.4-23E252-686eebb5dc1d8ecb277353a59184f4aa.sdkstatcache -output-file-map /Users/aadityasingh/Library/Developer/Xcode/DerivedData/Chatlio-erkyzdeecsohoaggpwbjdvavzqfv/Build/Intermediates.noindex/PostHog.build/Debug-iphonesimulator/PostHog.build/Objects-normal/arm64/PostHog-OutputFileMap.json -use-frontend-parseable-output -save-temps -no-color-diagnostics -explicit-module-build -module-cache-path /Users/aadityasingh/Library/Developer/Xcode/DerivedData/Chatlio-erkyzdeecsohoaggpwbjdvavzqfv/Build/Intermediates.noindex/SwiftExplicitPrecompiledModules -clang-scanner-module-cache-path /Users/aadityasingh/Library/Developer/Xcode/DerivedData/ModuleCache.noindex -sdk-module-cache-path /Users/aadityasingh/Library/Developer/Xcode/DerivedData/ModuleCache.noindex -serialize-diagnostics -emit-dependencies -emit-module -emit-module-path /Users/aadityasingh/Library/Developer/Xcode/DerivedData/Chatlio-erkyzdeecsohoaggpwbjdvavzqfv/Build/Intermediates.noindex/PostHog.build/Debug-iphonesimulator/PostHog.build/Objects-normal/arm64/PostHog.swiftmodule -validate-clang-modules-once -clang-build-session-file /Users/aadityasingh/Library/Developer/Xcode/DerivedData/ModuleCache.noindex/Session.modulevalidation -Xcc -I/Users/aadityasingh/Library/Developer/Xcode/DerivedData/Chatlio-erkyzdeecsohoaggpwbjdvavzqfv/Build/Intermediates.noindex/PostHog.build/Debug-iphonesimulator/PostHog.build/swift-overrides.hmap -emit-const-values -Xfrontend -const-gather-protocols-file -Xfrontend /Users/aadityasingh/Library/Developer/Xcode/DerivedData/Chatlio-erkyzdeecsohoaggpwbjdvavzqfv/Build/Intermediates.noindex/PostHog.build/Debug-iphonesimulator/PostHog.build/Objects-normal/arm64/PostHog_const_extract_protocols.json -Xcc -I/Users/aadityasingh/Library/Developer/Xcode/DerivedData/Chatlio-erkyzdeecsohoaggpwbjdvavzqfv/SourcePackages/checkouts/posthog-ios/vendor/libwebp -Xcc -I/Users/aadityasingh/Library/Developer/Xcode/DerivedData/Chatlio-erkyzdeecsohoaggpwbjdvavzqfv/Build/Products/Debug-iphonesimulator/include -Xcc -I/Users/aadityasingh/Library/Developer/Xcode/DerivedData/Chatlio-erkyzdeecsohoaggpwbjdvavzqfv/Build/Intermediates.noindex/PostHog.build/Debug-iphonesimulator/PostHog.build/DerivedSources-normal/arm64 -Xcc -I/Users/aadityasingh/Library/Developer/Xcode/DerivedData/Chatlio-erkyzdeecsohoaggpwbjdvavzqfv/Build/Intermediates.noindex/PostHog.build/Debug-iphonesimulator/PostHog.build/DerivedSources/arm64 -Xcc -I/Users/aadityasingh/Library/Developer/Xcode/DerivedData/Chatlio-erkyzdeecsohoaggpwbjdvavzqfv/Build/Intermediates.noindex/PostHog.build/Debug-iphonesimulator/PostHog.build/DerivedSources -Xcc -DSWIFT_PACKAGE -Xcc -DDEBUG\=1 -emit-objc-header -emit-objc-header-path /Users/aadityasingh/Library/Developer/Xcode/DerivedData/Chatlio-erkyzdeecsohoaggpwbjdvavzqfv/Build/Intermediates.noindex/PostHog.build/Debug-iphonesimulator/PostHog.build/Objects-normal/arm64/PostHog-Swift.h -working-directory /Users/aadityasingh/Documents/Development/element-x-ios/Chatlio.xcodeproj -experimental-emit-module-separately -disable-cmo

SwiftDriverJobDiscovery normal x86_64 Compiling KFImage.swift, KFImageOptions.swift, KFImageProtocol.swift, KFImageRenderer.swift, Box.swift (in target 'Kingfisher' from project 'Kingfisher')

SwiftCompile normal x86_64 Compiling\ PHLivePhotoView+Kingfisher.swift,\ UIButton+Kingfisher.swift,\ AVAssetImageDataProvider.swift,\ ImageDataProvider.swift,\ LivePhotoSource.swift,\ PHPickerResultImageDataProvider.swift /Users/aadityasingh/Library/Developer/Xcode/DerivedData/Chatlio-erkyzdeecsohoaggpwbjdvavzqfv/SourcePackages/checkouts/Kingfisher/Sources/Extensions/PHLivePhotoView+Kingfisher.swift /Users/aadityasingh/Library/Developer/Xcode/DerivedData/Chatlio-erkyzdeecsohoaggpwbjdvavzqfv/SourcePackages/checkouts/Kingfisher/Sources/Extensions/UIButton+Kingfisher.swift /Users/aadityasingh/Library/Developer/Xcode/DerivedData/Chatlio-erkyzdeecsohoaggpwbjdvavzqfv/SourcePackages/checkouts/Kingfisher/Sources/General/ImageSource/AVAssetImageDataProvider.swift /Users/aadityasingh/Library/Developer/Xcode/DerivedData/Chatlio-erkyzdeecsohoaggpwbjdvavzqfv/SourcePackages/checkouts/Kingfisher/Sources/General/ImageSource/ImageDataProvider.swift /Users/aadityasingh/Library/Developer/Xcode/DerivedData/Chatlio-erkyzdeecsohoaggpwbjdvavzqfv/SourcePackages/checkouts/Kingfisher/Sources/General/ImageSource/LivePhotoSource.swift /Users/aadityasingh/Library/Developer/Xcode/DerivedData/Chatlio-erkyzdeecsohoaggpwbjdvavzqfv/SourcePackages/checkouts/Kingfisher/Sources/General/ImageSource/PHPickerResultImageDataProvider.swift (in target 'Kingfisher' from project 'Kingfisher')

SwiftCompile normal x86_64 /Users/aadityasingh/Library/Developer/Xcode/DerivedData/Chatlio-erkyzdeecsohoaggpwbjdvavzqfv/SourcePackages/checkouts/Kingfisher/Sources/Extensions/PHLivePhotoView+Kingfisher.swift (in target 'Kingfisher' from project 'Kingfisher')
    cd /Users/aadityasingh/Documents/Development/element-x-ios/Chatlio.xcodeproj
    

SwiftCompile normal x86_64 /Users/aadityasingh/Library/Developer/Xcode/DerivedData/Chatlio-erkyzdeecsohoaggpwbjdvavzqfv/SourcePackages/checkouts/Kingfisher/Sources/Extensions/UIButton+Kingfisher.swift (in target 'Kingfisher' from project 'Kingfisher')
    cd /Users/aadityasingh/Documents/Development/element-x-ios/Chatlio.xcodeproj
    

SwiftCompile normal x86_64 /Users/aadityasingh/Library/Developer/Xcode/DerivedData/Chatlio-erkyzdeecsohoaggpwbjdvavzqfv/SourcePackages/checkouts/Kingfisher/Sources/General/ImageSource/AVAssetImageDataProvider.swift (in target 'Kingfisher' from project 'Kingfisher')
    cd /Users/aadityasingh/Documents/Development/element-x-ios/Chatlio.xcodeproj
    

SwiftCompile normal x86_64 /Users/aadityasingh/Library/Developer/Xcode/DerivedData/Chatlio-erkyzdeecsohoaggpwbjdvavzqfv/SourcePackages/checkouts/Kingfisher/Sources/General/ImageSource/ImageDataProvider.swift (in target 'Kingfisher' from project 'Kingfisher')
    cd /Users/aadityasingh/Documents/Development/element-x-ios/Chatlio.xcodeproj
    

SwiftCompile normal x86_64 /Users/aadityasingh/Library/Developer/Xcode/DerivedData/Chatlio-erkyzdeecsohoaggpwbjdvavzqfv/SourcePackages/checkouts/Kingfisher/Sources/General/ImageSource/LivePhotoSource.swift (in target 'Kingfisher' from project 'Kingfisher')
    cd /Users/aadityasingh/Documents/Development/element-x-ios/Chatlio.xcodeproj
    

SwiftCompile normal x86_64 /Users/aadityasingh/Library/Developer/Xcode/DerivedData/Chatlio-erkyzdeecsohoaggpwbjdvavzqfv/SourcePackages/checkouts/Kingfisher/Sources/General/ImageSource/PHPickerResultImageDataProvider.swift (in target 'Kingfisher' from project 'Kingfisher')
    cd /Users/aadityasingh/Documents/Development/element-x-ios/Chatlio.xcodeproj
    

SwiftCompile normal arm64 Compiling\ resource_bundle_accessor.swift,\ CacheSerializer.swift,\ DiskStorage.swift,\ FormatIndicatedCacheSerializer.swift,\ ImageCache.swift,\ MemoryStorage.swift /Users/aadityasingh/Library/Developer/Xcode/DerivedData/Chatlio-erkyzdeecsohoaggpwbjdvavzqfv/Build/Intermediates.noindex/Kingfisher.build/Debug-iphonesimulator/Kingfisher.build/DerivedSources/resource_bundle_accessor.swift /Users/aadityasingh/Library/Developer/Xcode/DerivedData/Chatlio-erkyzdeecsohoaggpwbjdvavzqfv/SourcePackages/checkouts/Kingfisher/Sources/Cache/CacheSerializer.swift /Users/aadityasingh/Library/Developer/Xcode/DerivedData/Chatlio-erkyzdeecsohoaggpwbjdvavzqfv/SourcePackages/checkouts/Kingfisher/Sources/Cache/DiskStorage.swift /Users/aadityasingh/Library/Developer/Xcode/DerivedData/Chatlio-erkyzdeecsohoaggpwbjdvavzqfv/SourcePackages/checkouts/Kingfisher/Sources/Cache/FormatIndicatedCacheSerializer.swift /Users/aadityasingh/Library/Developer/Xcode/DerivedData/Chatlio-erkyzdeecsohoaggpwbjdvavzqfv/SourcePackages/checkouts/Kingfisher/Sources/Cache/ImageCache.swift /Users/aadityasingh/Library/Developer/Xcode/DerivedData/Chatlio-erkyzdeecsohoaggpwbjdvavzqfv/SourcePackages/checkouts/Kingfisher/Sources/Cache/MemoryStorage.swift (in target 'Kingfisher' from project 'Kingfisher')

SwiftCompile normal arm64 /Users/aadityasingh/Library/Developer/Xcode/DerivedData/Chatlio-erkyzdeecsohoaggpwbjdvavzqfv/Build/Intermediates.noindex/Kingfisher.build/Debug-iphonesimulator/Kingfisher.build/DerivedSources/resource_bundle_accessor.swift (in target 'Kingfisher' from project 'Kingfisher')
    cd /Users/aadityasingh/Documents/Development/element-x-ios/Chatlio.xcodeproj
    

SwiftCompile normal arm64 /Users/aadityasingh/Library/Developer/Xcode/DerivedData/Chatlio-erkyzdeecsohoaggpwbjdvavzqfv/SourcePackages/checkouts/Kingfisher/Sources/Cache/CacheSerializer.swift (in target 'Kingfisher' from project 'Kingfisher')
    cd /Users/aadityasingh/Documents/Development/element-x-ios/Chatlio.xcodeproj
    

SwiftCompile normal arm64 /Users/aadityasingh/Library/Developer/Xcode/DerivedData/Chatlio-erkyzdeecsohoaggpwbjdvavzqfv/SourcePackages/checkouts/Kingfisher/Sources/Cache/DiskStorage.swift (in target 'Kingfisher' from project 'Kingfisher')
    cd /Users/aadityasingh/Documents/Development/element-x-ios/Chatlio.xcodeproj
    

SwiftCompile normal arm64 /Users/aadityasingh/Library/Developer/Xcode/DerivedData/Chatlio-erkyzdeecsohoaggpwbjdvavzqfv/SourcePackages/checkouts/Kingfisher/Sources/Cache/FormatIndicatedCacheSerializer.swift (in target 'Kingfisher' from project 'Kingfisher')
    cd /Users/aadityasingh/Documents/Development/element-x-ios/Chatlio.xcodeproj
    

SwiftCompile normal arm64 /Users/aadityasingh/Library/Developer/Xcode/DerivedData/Chatlio-erkyzdeecsohoaggpwbjdvavzqfv/SourcePackages/checkouts/Kingfisher/Sources/Cache/ImageCache.swift (in target 'Kingfisher' from project 'Kingfisher')
    cd /Users/aadityasingh/Documents/Development/element-x-ios/Chatlio.xcodeproj
    

SwiftCompile normal arm64 /Users/aadityasingh/Library/Developer/Xcode/DerivedData/Chatlio-erkyzdeecsohoaggpwbjdvavzqfv/SourcePackages/checkouts/Kingfisher/Sources/Cache/MemoryStorage.swift (in target 'Kingfisher' from project 'Kingfisher')
    cd /Users/aadityasingh/Documents/Development/element-x-ios/Chatlio.xcodeproj
    

SwiftDriverJobDiscovery normal arm64 Compiling matrix_sdk.swift (in target 'MatrixRustSDK' from project 'MatrixRustSDK')

SwiftCompile normal arm64 Compiling\ CallbackQueue.swift,\ Delegate.swift,\ DisplayLink.swift,\ ExtensionHelpers.swift,\ Result.swift /Users/aadityasingh/Library/Developer/Xcode/DerivedData/Chatlio-erkyzdeecsohoaggpwbjdvavzqfv/SourcePackages/checkouts/Kingfisher/Sources/Utility/CallbackQueue.swift /Users/aadityasingh/Library/Developer/Xcode/DerivedData/Chatlio-erkyzdeecsohoaggpwbjdvavzqfv/SourcePackages/checkouts/Kingfisher/Sources/Utility/Delegate.swift /Users/aadityasingh/Library/Developer/Xcode/DerivedData/Chatlio-erkyzdeecsohoaggpwbjdvavzqfv/SourcePackages/checkouts/Kingfisher/Sources/Utility/DisplayLink.swift /Users/aadityasingh/Library/Developer/Xcode/DerivedData/Chatlio-erkyzdeecsohoaggpwbjdvavzqfv/SourcePackages/checkouts/Kingfisher/Sources/Utility/ExtensionHelpers.swift /Users/aadityasingh/Library/Developer/Xcode/DerivedData/Chatlio-erkyzdeecsohoaggpwbjdvavzqfv/SourcePackages/checkouts/Kingfisher/Sources/Utility/Result.swift (in target 'Kingfisher' from project 'Kingfisher')

SwiftCompile normal arm64 /Users/aadityasingh/Library/Developer/Xcode/DerivedData/Chatlio-erkyzdeecsohoaggpwbjdvavzqfv/SourcePackages/checkouts/Kingfisher/Sources/Utility/CallbackQueue.swift (in target 'Kingfisher' from project 'Kingfisher')
    cd /Users/aadityasingh/Documents/Development/element-x-ios/Chatlio.xcodeproj
    

SwiftCompile normal arm64 /Users/aadityasingh/Library/Developer/Xcode/DerivedData/Chatlio-erkyzdeecsohoaggpwbjdvavzqfv/SourcePackages/checkouts/Kingfisher/Sources/Utility/Delegate.swift (in target 'Kingfisher' from project 'Kingfisher')
    cd /Users/aadityasingh/Documents/Development/element-x-ios/Chatlio.xcodeproj
    

SwiftCompile normal arm64 /Users/aadityasingh/Library/Developer/Xcode/DerivedData/Chatlio-erkyzdeecsohoaggpwbjdvavzqfv/SourcePackages/checkouts/Kingfisher/Sources/Utility/DisplayLink.swift (in target 'Kingfisher' from project 'Kingfisher')
    cd /Users/aadityasingh/Documents/Development/element-x-ios/Chatlio.xcodeproj
    

SwiftCompile normal arm64 /Users/aadityasingh/Library/Developer/Xcode/DerivedData/Chatlio-erkyzdeecsohoaggpwbjdvavzqfv/SourcePackages/checkouts/Kingfisher/Sources/Utility/ExtensionHelpers.swift (in target 'Kingfisher' from project 'Kingfisher')
    cd /Users/aadityasingh/Documents/Development/element-x-ios/Chatlio.xcodeproj
    

SwiftCompile normal arm64 /Users/aadityasingh/Library/Developer/Xcode/DerivedData/Chatlio-erkyzdeecsohoaggpwbjdvavzqfv/SourcePackages/checkouts/Kingfisher/Sources/Utility/Result.swift (in target 'Kingfisher' from project 'Kingfisher')
    cd /Users/aadityasingh/Documents/Development/element-x-ios/Chatlio.xcodeproj
    

SwiftDriverJobDiscovery normal x86_64 Compiling CallbackQueue.swift, Delegate.swift, DisplayLink.swift, ExtensionHelpers.swift, Result.swift (in target 'Kingfisher' from project 'Kingfisher')

SwiftCompile normal arm64 Compiling\ Image.swift,\ ImageDrawing.swift,\ ImageFormat.swift,\ ImageProcessor.swift,\ ImageProgressive.swift,\ ImageTransition.swift /Users/aadityasingh/Library/Developer/Xcode/DerivedData/Chatlio-erkyzdeecsohoaggpwbjdvavzqfv/SourcePackages/checkouts/Kingfisher/Sources/Image/Image.swift /Users/aadityasingh/Library/Developer/Xcode/DerivedData/Chatlio-erkyzdeecsohoaggpwbjdvavzqfv/SourcePackages/checkouts/Kingfisher/Sources/Image/ImageDrawing.swift /Users/aadityasingh/Library/Developer/Xcode/DerivedData/Chatlio-erkyzdeecsohoaggpwbjdvavzqfv/SourcePackages/checkouts/Kingfisher/Sources/Image/ImageFormat.swift /Users/aadityasingh/Library/Developer/Xcode/DerivedData/Chatlio-erkyzdeecsohoaggpwbjdvavzqfv/SourcePackages/checkouts/Kingfisher/Sources/Image/ImageProcessor.swift /Users/aadityasingh/Library/Developer/Xcode/DerivedData/Chatlio-erkyzdeecsohoaggpwbjdvavzqfv/SourcePackages/checkouts/Kingfisher/Sources/Image/ImageProgressive.swift /Users/aadityasingh/Library/Developer/Xcode/DerivedData/Chatlio-erkyzdeecsohoaggpwbjdvavzqfv/SourcePackages/checkouts/Kingfisher/Sources/Image/ImageTransition.swift (in target 'Kingfisher' from project 'Kingfisher')

SwiftCompile normal arm64 /Users/aadityasingh/Library/Developer/Xcode/DerivedData/Chatlio-erkyzdeecsohoaggpwbjdvavzqfv/SourcePackages/checkouts/Kingfisher/Sources/Image/Image.swift (in target 'Kingfisher' from project 'Kingfisher')
    cd /Users/aadityasingh/Documents/Development/element-x-ios/Chatlio.xcodeproj
    

SwiftCompile normal arm64 /Users/aadityasingh/Library/Developer/Xcode/DerivedData/Chatlio-erkyzdeecsohoaggpwbjdvavzqfv/SourcePackages/checkouts/Kingfisher/Sources/Image/ImageDrawing.swift (in target 'Kingfisher' from project 'Kingfisher')
    cd /Users/aadityasingh/Documents/Development/element-x-ios/Chatlio.xcodeproj
    

SwiftCompile normal arm64 /Users/aadityasingh/Library/Developer/Xcode/DerivedData/Chatlio-erkyzdeecsohoaggpwbjdvavzqfv/SourcePackages/checkouts/Kingfisher/Sources/Image/ImageFormat.swift (in target 'Kingfisher' from project 'Kingfisher')
    cd /Users/aadityasingh/Documents/Development/element-x-ios/Chatlio.xcodeproj
    

SwiftCompile normal arm64 /Users/aadityasingh/Library/Developer/Xcode/DerivedData/Chatlio-erkyzdeecsohoaggpwbjdvavzqfv/SourcePackages/checkouts/Kingfisher/Sources/Image/ImageProcessor.swift (in target 'Kingfisher' from project 'Kingfisher')
    cd /Users/aadityasingh/Documents/Development/element-x-ios/Chatlio.xcodeproj
    

SwiftCompile normal arm64 /Users/aadityasingh/Library/Developer/Xcode/DerivedData/Chatlio-erkyzdeecsohoaggpwbjdvavzqfv/SourcePackages/checkouts/Kingfisher/Sources/Image/ImageProgressive.swift (in target 'Kingfisher' from project 'Kingfisher')
    cd /Users/aadityasingh/Documents/Development/element-x-ios/Chatlio.xcodeproj
    

SwiftCompile normal arm64 /Users/aadityasingh/Library/Developer/Xcode/DerivedData/Chatlio-erkyzdeecsohoaggpwbjdvavzqfv/SourcePackages/checkouts/Kingfisher/Sources/Image/ImageTransition.swift (in target 'Kingfisher' from project 'Kingfisher')
    cd /Users/aadityasingh/Documents/Development/element-x-ios/Chatlio.xcodeproj
    

SwiftDriverJobDiscovery normal arm64 Compiling KFImage.swift, KFImageOptions.swift, KFImageProtocol.swift, KFImageRenderer.swift, Box.swift (in target 'Kingfisher' from project 'Kingfisher')

SwiftCompile normal arm64 Compiling\ Resource.swift,\ Source.swift,\ KF.swift,\ KFOptionsSetter.swift,\ Kingfisher.swift,\ KingfisherError.swift /Users/aadityasingh/Library/Developer/Xcode/DerivedData/Chatlio-erkyzdeecsohoaggpwbjdvavzqfv/SourcePackages/checkouts/Kingfisher/Sources/General/ImageSource/Resource.swift /Users/aadityasingh/Library/Developer/Xcode/DerivedData/Chatlio-erkyzdeecsohoaggpwbjdvavzqfv/SourcePackages/checkouts/Kingfisher/Sources/General/ImageSource/Source.swift /Users/aadityasingh/Library/Developer/Xcode/DerivedData/Chatlio-erkyzdeecsohoaggpwbjdvavzqfv/SourcePackages/checkouts/Kingfisher/Sources/General/KF.swift /Users/aadityasingh/Library/Developer/Xcode/DerivedData/Chatlio-erkyzdeecsohoaggpwbjdvavzqfv/SourcePackages/checkouts/Kingfisher/Sources/General/KFOptionsSetter.swift /Users/aadityasingh/Library/Developer/Xcode/DerivedData/Chatlio-erkyzdeecsohoaggpwbjdvavzqfv/SourcePackages/checkouts/Kingfisher/Sources/General/Kingfisher.swift /Users/aadityasingh/Library/Developer/Xcode/DerivedData/Chatlio-erkyzdeecsohoaggpwbjdvavzqfv/SourcePackages/checkouts/Kingfisher/Sources/General/KingfisherError.swift (in target 'Kingfisher' from project 'Kingfisher')

SwiftCompile normal arm64 /Users/aadityasingh/Library/Developer/Xcode/DerivedData/Chatlio-erkyzdeecsohoaggpwbjdvavzqfv/SourcePackages/checkouts/Kingfisher/Sources/General/ImageSource/Resource.swift (in target 'Kingfisher' from project 'Kingfisher')
    cd /Users/aadityasingh/Documents/Development/element-x-ios/Chatlio.xcodeproj
    

SwiftCompile normal arm64 /Users/aadityasingh/Library/Developer/Xcode/DerivedData/Chatlio-erkyzdeecsohoaggpwbjdvavzqfv/SourcePackages/checkouts/Kingfisher/Sources/General/ImageSource/Source.swift (in target 'Kingfisher' from project 'Kingfisher')
    cd /Users/aadityasingh/Documents/Development/element-x-ios/Chatlio.xcodeproj
    

SwiftCompile normal arm64 /Users/aadityasingh/Library/Developer/Xcode/DerivedData/Chatlio-erkyzdeecsohoaggpwbjdvavzqfv/SourcePackages/checkouts/Kingfisher/Sources/General/KF.swift (in target 'Kingfisher' from project 'Kingfisher')
    cd /Users/aadityasingh/Documents/Development/element-x-ios/Chatlio.xcodeproj
    

SwiftCompile normal arm64 /Users/aadityasingh/Library/Developer/Xcode/DerivedData/Chatlio-erkyzdeecsohoaggpwbjdvavzqfv/SourcePackages/checkouts/Kingfisher/Sources/General/KFOptionsSetter.swift (in target 'Kingfisher' from project 'Kingfisher')
    cd /Users/aadityasingh/Documents/Development/element-x-ios/Chatlio.xcodeproj
    

SwiftCompile normal arm64 /Users/aadityasingh/Library/Developer/Xcode/DerivedData/Chatlio-erkyzdeecsohoaggpwbjdvavzqfv/SourcePackages/checkouts/Kingfisher/Sources/General/Kingfisher.swift (in target 'Kingfisher' from project 'Kingfisher')
    cd /Users/aadityasingh/Documents/Development/element-x-ios/Chatlio.xcodeproj
    

SwiftCompile normal arm64 /Users/aadityasingh/Library/Developer/Xcode/DerivedData/Chatlio-erkyzdeecsohoaggpwbjdvavzqfv/SourcePackages/checkouts/Kingfisher/Sources/General/KingfisherError.swift (in target 'Kingfisher' from project 'Kingfisher')
    cd /Users/aadityasingh/Documents/Development/element-x-ios/Chatlio.xcodeproj
    

SwiftDriverJobDiscovery normal arm64 Compiling Runtime.swift, SizeExtensions.swift, String+SHA256.swift, AnimatedImageView.swift, Indicator.swift (in target 'Kingfisher' from project 'Kingfisher')

SwiftCompile normal arm64 Compiling\ PHLivePhotoView+Kingfisher.swift,\ UIButton+Kingfisher.swift,\ AVAssetImageDataProvider.swift,\ ImageDataProvider.swift,\ LivePhotoSource.swift,\ PHPickerResultImageDataProvider.swift /Users/aadityasingh/Library/Developer/Xcode/DerivedData/Chatlio-erkyzdeecsohoaggpwbjdvavzqfv/SourcePackages/checkouts/Kingfisher/Sources/Extensions/PHLivePhotoView+Kingfisher.swift /Users/aadityasingh/Library/Developer/Xcode/DerivedData/Chatlio-erkyzdeecsohoaggpwbjdvavzqfv/SourcePackages/checkouts/Kingfisher/Sources/Extensions/UIButton+Kingfisher.swift /Users/aadityasingh/Library/Developer/Xcode/DerivedData/Chatlio-erkyzdeecsohoaggpwbjdvavzqfv/SourcePackages/checkouts/Kingfisher/Sources/General/ImageSource/AVAssetImageDataProvider.swift /Users/aadityasingh/Library/Developer/Xcode/DerivedData/Chatlio-erkyzdeecsohoaggpwbjdvavzqfv/SourcePackages/checkouts/Kingfisher/Sources/General/ImageSource/ImageDataProvider.swift /Users/aadityasingh/Library/Developer/Xcode/DerivedData/Chatlio-erkyzdeecsohoaggpwbjdvavzqfv/SourcePackages/checkouts/Kingfisher/Sources/General/ImageSource/LivePhotoSource.swift /Users/aadityasingh/Library/Developer/Xcode/DerivedData/Chatlio-erkyzdeecsohoaggpwbjdvavzqfv/SourcePackages/checkouts/Kingfisher/Sources/General/ImageSource/PHPickerResultImageDataProvider.swift (in target 'Kingfisher' from project 'Kingfisher')

SwiftCompile normal arm64 /Users/aadityasingh/Library/Developer/Xcode/DerivedData/Chatlio-erkyzdeecsohoaggpwbjdvavzqfv/SourcePackages/checkouts/Kingfisher/Sources/Extensions/PHLivePhotoView+Kingfisher.swift (in target 'Kingfisher' from project 'Kingfisher')
    cd /Users/aadityasingh/Documents/Development/element-x-ios/Chatlio.xcodeproj
    

SwiftCompile normal arm64 /Users/aadityasingh/Library/Developer/Xcode/DerivedData/Chatlio-erkyzdeecsohoaggpwbjdvavzqfv/SourcePackages/checkouts/Kingfisher/Sources/Extensions/UIButton+Kingfisher.swift (in target 'Kingfisher' from project 'Kingfisher')
    cd /Users/aadityasingh/Documents/Development/element-x-ios/Chatlio.xcodeproj
    

SwiftCompile normal arm64 /Users/aadityasingh/Library/Developer/Xcode/DerivedData/Chatlio-erkyzdeecsohoaggpwbjdvavzqfv/SourcePackages/checkouts/Kingfisher/Sources/General/ImageSource/AVAssetImageDataProvider.swift (in target 'Kingfisher' from project 'Kingfisher')
    cd /Users/aadityasingh/Documents/Development/element-x-ios/Chatlio.xcodeproj
    

SwiftCompile normal arm64 /Users/aadityasingh/Library/Developer/Xcode/DerivedData/Chatlio-erkyzdeecsohoaggpwbjdvavzqfv/SourcePackages/checkouts/Kingfisher/Sources/General/ImageSource/ImageDataProvider.swift (in target 'Kingfisher' from project 'Kingfisher')
    cd /Users/aadityasingh/Documents/Development/element-x-ios/Chatlio.xcodeproj
    

SwiftCompile normal arm64 /Users/aadityasingh/Library/Developer/Xcode/DerivedData/Chatlio-erkyzdeecsohoaggpwbjdvavzqfv/SourcePackages/checkouts/Kingfisher/Sources/General/ImageSource/LivePhotoSource.swift (in target 'Kingfisher' from project 'Kingfisher')
    cd /Users/aadityasingh/Documents/Development/element-x-ios/Chatlio.xcodeproj
    

SwiftCompile normal arm64 /Users/aadityasingh/Library/Developer/Xcode/DerivedData/Chatlio-erkyzdeecsohoaggpwbjdvavzqfv/SourcePackages/checkouts/Kingfisher/Sources/General/ImageSource/PHPickerResultImageDataProvider.swift (in target 'Kingfisher' from project 'Kingfisher')
    cd /Users/aadityasingh/Documents/Development/element-x-ios/Chatlio.xcodeproj
    

SwiftDriverJobDiscovery normal arm64 Compiling CallbackQueue.swift, Delegate.swift, DisplayLink.swift, ExtensionHelpers.swift, Result.swift (in target 'Kingfisher' from project 'Kingfisher')

SwiftCompile normal x86_64 Compiling\ ImageModifier.swift,\ ImagePrefetcher.swift,\ NetworkMetrics.swift,\ NetworkMonitor.swift,\ RedirectHandler.swift,\ RequestModifier.swift /Users/aadityasingh/Library/Developer/Xcode/DerivedData/Chatlio-erkyzdeecsohoaggpwbjdvavzqfv/SourcePackages/checkouts/Kingfisher/Sources/Networking/ImageModifier.swift /Users/aadityasingh/Library/Developer/Xcode/DerivedData/Chatlio-erkyzdeecsohoaggpwbjdvavzqfv/SourcePackages/checkouts/Kingfisher/Sources/Networking/ImagePrefetcher.swift /Users/aadityasingh/Library/Developer/Xcode/DerivedData/Chatlio-erkyzdeecsohoaggpwbjdvavzqfv/SourcePackages/checkouts/Kingfisher/Sources/Networking/NetworkMetrics.swift /Users/aadityasingh/Library/Developer/Xcode/DerivedData/Chatlio-erkyzdeecsohoaggpwbjdvavzqfv/SourcePackages/checkouts/Kingfisher/Sources/Networking/NetworkMonitor.swift /Users/aadityasingh/Library/Developer/Xcode/DerivedData/Chatlio-erkyzdeecsohoaggpwbjdvavzqfv/SourcePackages/checkouts/Kingfisher/Sources/Networking/RedirectHandler.swift /Users/aadityasingh/Library/Developer/Xcode/DerivedData/Chatlio-erkyzdeecsohoaggpwbjdvavzqfv/SourcePackages/checkouts/Kingfisher/Sources/Networking/RequestModifier.swift (in target 'Kingfisher' from project 'Kingfisher')

SwiftCompile normal x86_64 /Users/aadityasingh/Library/Developer/Xcode/DerivedData/Chatlio-erkyzdeecsohoaggpwbjdvavzqfv/SourcePackages/checkouts/Kingfisher/Sources/Networking/ImageModifier.swift (in target 'Kingfisher' from project 'Kingfisher')
    cd /Users/aadityasingh/Documents/Development/element-x-ios/Chatlio.xcodeproj
    

SwiftCompile normal x86_64 /Users/aadityasingh/Library/Developer/Xcode/DerivedData/Chatlio-erkyzdeecsohoaggpwbjdvavzqfv/SourcePackages/checkouts/Kingfisher/Sources/Networking/ImagePrefetcher.swift (in target 'Kingfisher' from project 'Kingfisher')
    cd /Users/aadityasingh/Documents/Development/element-x-ios/Chatlio.xcodeproj
    

SwiftCompile normal x86_64 /Users/aadityasingh/Library/Developer/Xcode/DerivedData/Chatlio-erkyzdeecsohoaggpwbjdvavzqfv/SourcePackages/checkouts/Kingfisher/Sources/Networking/NetworkMetrics.swift (in target 'Kingfisher' from project 'Kingfisher')
    cd /Users/aadityasingh/Documents/Development/element-x-ios/Chatlio.xcodeproj
    

SwiftCompile normal x86_64 /Users/aadityasingh/Library/Developer/Xcode/DerivedData/Chatlio-erkyzdeecsohoaggpwbjdvavzqfv/SourcePackages/checkouts/Kingfisher/Sources/Networking/NetworkMonitor.swift (in target 'Kingfisher' from project 'Kingfisher')
    cd /Users/aadityasingh/Documents/Development/element-x-ios/Chatlio.xcodeproj
    

SwiftCompile normal x86_64 /Users/aadityasingh/Library/Developer/Xcode/DerivedData/Chatlio-erkyzdeecsohoaggpwbjdvavzqfv/SourcePackages/checkouts/Kingfisher/Sources/Networking/RedirectHandler.swift (in target 'Kingfisher' from project 'Kingfisher')
    cd /Users/aadityasingh/Documents/Development/element-x-ios/Chatlio.xcodeproj
    

SwiftCompile normal x86_64 /Users/aadityasingh/Library/Developer/Xcode/DerivedData/Chatlio-erkyzdeecsohoaggpwbjdvavzqfv/SourcePackages/checkouts/Kingfisher/Sources/Networking/RequestModifier.swift (in target 'Kingfisher' from project 'Kingfisher')
    cd /Users/aadityasingh/Documents/Development/element-x-ios/Chatlio.xcodeproj
    

SwiftDriverJobDiscovery normal x86_64 Compiling Storage.swift, CPListItem+Kingfisher.swift, HasImageComponent+Kingfisher.swift, ImageView+Kingfisher.swift, NSButton+Kingfisher.swift, NSTextAttachment+Kingfisher.swift (in target 'Kingfisher' from project 'Kingfisher')

SwiftCompile normal arm64 Compiling\ Placeholder.swift,\ AuthenticationChallengeResponsable.swift,\ ImageDataProcessor.swift,\ ImageDownloader+LivePhoto.swift,\ ImageDownloader.swift,\ ImageDownloaderDelegate.swift /Users/aadityasingh/Library/Developer/Xcode/DerivedData/Chatlio-erkyzdeecsohoaggpwbjdvavzqfv/SourcePackages/checkouts/Kingfisher/Sources/Image/Placeholder.swift /Users/aadityasingh/Library/Developer/Xcode/DerivedData/Chatlio-erkyzdeecsohoaggpwbjdvavzqfv/SourcePackages/checkouts/Kingfisher/Sources/Networking/AuthenticationChallengeResponsable.swift /Users/aadityasingh/Library/Developer/Xcode/DerivedData/Chatlio-erkyzdeecsohoaggpwbjdvavzqfv/SourcePackages/checkouts/Kingfisher/Sources/Networking/ImageDataProcessor.swift /Users/aadityasingh/Library/Developer/Xcode/DerivedData/Chatlio-erkyzdeecsohoaggpwbjdvavzqfv/SourcePackages/checkouts/Kingfisher/Sources/Networking/ImageDownloader+LivePhoto.swift /Users/aadityasingh/Library/Developer/Xcode/DerivedData/Chatlio-erkyzdeecsohoaggpwbjdvavzqfv/SourcePackages/checkouts/Kingfisher/Sources/Networking/ImageDownloader.swift /Users/aadityasingh/Library/Developer/Xcode/DerivedData/Chatlio-erkyzdeecsohoaggpwbjdvavzqfv/SourcePackages/checkouts/Kingfisher/Sources/Networking/ImageDownloaderDelegate.swift (in target 'Kingfisher' from project 'Kingfisher')

SwiftCompile normal arm64 /Users/aadityasingh/Library/Developer/Xcode/DerivedData/Chatlio-erkyzdeecsohoaggpwbjdvavzqfv/SourcePackages/checkouts/Kingfisher/Sources/Image/Placeholder.swift (in target 'Kingfisher' from project 'Kingfisher')
    cd /Users/aadityasingh/Documents/Development/element-x-ios/Chatlio.xcodeproj
    

SwiftCompile normal arm64 /Users/aadityasingh/Library/Developer/Xcode/DerivedData/Chatlio-erkyzdeecsohoaggpwbjdvavzqfv/SourcePackages/checkouts/Kingfisher/Sources/Networking/AuthenticationChallengeResponsable.swift (in target 'Kingfisher' from project 'Kingfisher')
    cd /Users/aadityasingh/Documents/Development/element-x-ios/Chatlio.xcodeproj
    

SwiftCompile normal arm64 /Users/aadityasingh/Library/Developer/Xcode/DerivedData/Chatlio-erkyzdeecsohoaggpwbjdvavzqfv/SourcePackages/checkouts/Kingfisher/Sources/Networking/ImageDataProcessor.swift (in target 'Kingfisher' from project 'Kingfisher')
    cd /Users/aadityasingh/Documents/Development/element-x-ios/Chatlio.xcodeproj
    

SwiftCompile normal arm64 /Users/aadityasingh/Library/Developer/Xcode/DerivedData/Chatlio-erkyzdeecsohoaggpwbjdvavzqfv/SourcePackages/checkouts/Kingfisher/Sources/Networking/ImageDownloader+LivePhoto.swift (in target 'Kingfisher' from project 'Kingfisher')
    cd /Users/aadityasingh/Documents/Development/element-x-ios/Chatlio.xcodeproj
    

SwiftCompile normal arm64 /Users/aadityasingh/Library/Developer/Xcode/DerivedData/Chatlio-erkyzdeecsohoaggpwbjdvavzqfv/SourcePackages/checkouts/Kingfisher/Sources/Networking/ImageDownloader.swift (in target 'Kingfisher' from project 'Kingfisher')
    cd /Users/aadityasingh/Documents/Development/element-x-ios/Chatlio.xcodeproj
    

SwiftCompile normal arm64 /Users/aadityasingh/Library/Developer/Xcode/DerivedData/Chatlio-erkyzdeecsohoaggpwbjdvavzqfv/SourcePackages/checkouts/Kingfisher/Sources/Networking/ImageDownloaderDelegate.swift (in target 'Kingfisher' from project 'Kingfisher')
    cd /Users/aadityasingh/Documents/Development/element-x-ios/Chatlio.xcodeproj
    

SwiftDriverJobDiscovery normal x86_64 Compiling KingfisherManager+LivePhoto.swift, KingfisherManager.swift, KingfisherOptionsInfo.swift, Filter.swift, GIFAnimatedImage.swift, GraphicsContext.swift (in target 'Kingfisher' from project 'Kingfisher')

SwiftCompile normal arm64 Compiling\ RetryStrategy.swift,\ SessionDataTask.swift,\ SessionDelegate.swift,\ ImageBinder.swift,\ ImageContext.swift,\ KFAnimatedImage.swift /Users/aadityasingh/Library/Developer/Xcode/DerivedData/Chatlio-erkyzdeecsohoaggpwbjdvavzqfv/SourcePackages/checkouts/Kingfisher/Sources/Networking/RetryStrategy.swift /Users/aadityasingh/Library/Developer/Xcode/DerivedData/Chatlio-erkyzdeecsohoaggpwbjdvavzqfv/SourcePackages/checkouts/Kingfisher/Sources/Networking/SessionDataTask.swift /Users/aadityasingh/Library/Developer/Xcode/DerivedData/Chatlio-erkyzdeecsohoaggpwbjdvavzqfv/SourcePackages/checkouts/Kingfisher/Sources/Networking/SessionDelegate.swift /Users/aadityasingh/Library/Developer/Xcode/DerivedData/Chatlio-erkyzdeecsohoaggpwbjdvavzqfv/SourcePackages/checkouts/Kingfisher/Sources/SwiftUI/ImageBinder.swift /Users/aadityasingh/Library/Developer/Xcode/DerivedData/Chatlio-erkyzdeecsohoaggpwbjdvavzqfv/SourcePackages/checkouts/Kingfisher/Sources/SwiftUI/ImageContext.swift /Users/aadityasingh/Library/Developer/Xcode/DerivedData/Chatlio-erkyzdeecsohoaggpwbjdvavzqfv/SourcePackages/checkouts/Kingfisher/Sources/SwiftUI/KFAnimatedImage.swift (in target 'Kingfisher' from project 'Kingfisher')

SwiftCompile normal arm64 /Users/aadityasingh/Library/Developer/Xcode/DerivedData/Chatlio-erkyzdeecsohoaggpwbjdvavzqfv/SourcePackages/checkouts/Kingfisher/Sources/Networking/RetryStrategy.swift (in target 'Kingfisher' from project 'Kingfisher')
    cd /Users/aadityasingh/Documents/Development/element-x-ios/Chatlio.xcodeproj
    

SwiftCompile normal arm64 /Users/aadityasingh/Library/Developer/Xcode/DerivedData/Chatlio-erkyzdeecsohoaggpwbjdvavzqfv/SourcePackages/checkouts/Kingfisher/Sources/Networking/SessionDataTask.swift (in target 'Kingfisher' from project 'Kingfisher')
    cd /Users/aadityasingh/Documents/Development/element-x-ios/Chatlio.xcodeproj
    

SwiftCompile normal arm64 /Users/aadityasingh/Library/Developer/Xcode/DerivedData/Chatlio-erkyzdeecsohoaggpwbjdvavzqfv/SourcePackages/checkouts/Kingfisher/Sources/Networking/SessionDelegate.swift (in target 'Kingfisher' from project 'Kingfisher')
    cd /Users/aadityasingh/Documents/Development/element-x-ios/Chatlio.xcodeproj
    

SwiftCompile normal arm64 /Users/aadityasingh/Library/Developer/Xcode/DerivedData/Chatlio-erkyzdeecsohoaggpwbjdvavzqfv/SourcePackages/checkouts/Kingfisher/Sources/SwiftUI/ImageBinder.swift (in target 'Kingfisher' from project 'Kingfisher')
    cd /Users/aadityasingh/Documents/Development/element-x-ios/Chatlio.xcodeproj
    

SwiftCompile normal arm64 /Users/aadityasingh/Library/Developer/Xcode/DerivedData/Chatlio-erkyzdeecsohoaggpwbjdvavzqfv/SourcePackages/checkouts/Kingfisher/Sources/SwiftUI/ImageContext.swift (in target 'Kingfisher' from project 'Kingfisher')
    cd /Users/aadityasingh/Documents/Development/element-x-ios/Chatlio.xcodeproj
    

SwiftCompile normal arm64 /Users/aadityasingh/Library/Developer/Xcode/DerivedData/Chatlio-erkyzdeecsohoaggpwbjdvavzqfv/SourcePackages/checkouts/Kingfisher/Sources/SwiftUI/KFAnimatedImage.swift (in target 'Kingfisher' from project 'Kingfisher')
    cd /Users/aadityasingh/Documents/Development/element-x-ios/Chatlio.xcodeproj
    

SwiftDriverJobDiscovery normal x86_64 Compiling RetryStrategy.swift, SessionDataTask.swift, SessionDelegate.swift, ImageBinder.swift, ImageContext.swift, KFAnimatedImage.swift (in target 'Kingfisher' from project 'Kingfisher')

SwiftCompile normal x86_64 Compiling\ Runtime.swift,\ SizeExtensions.swift,\ String+SHA256.swift,\ AnimatedImageView.swift,\ Indicator.swift /Users/aadityasingh/Library/Developer/Xcode/DerivedData/Chatlio-erkyzdeecsohoaggpwbjdvavzqfv/SourcePackages/checkouts/Kingfisher/Sources/Utility/Runtime.swift /Users/aadityasingh/Library/Developer/Xcode/DerivedData/Chatlio-erkyzdeecsohoaggpwbjdvavzqfv/SourcePackages/checkouts/Kingfisher/Sources/Utility/SizeExtensions.swift /Users/aadityasingh/Library/Developer/Xcode/DerivedData/Chatlio-erkyzdeecsohoaggpwbjdvavzqfv/SourcePackages/checkouts/Kingfisher/Sources/Utility/String+SHA256.swift /Users/aadityasingh/Library/Developer/Xcode/DerivedData/Chatlio-erkyzdeecsohoaggpwbjdvavzqfv/SourcePackages/checkouts/Kingfisher/Sources/Views/AnimatedImageView.swift /Users/aadityasingh/Library/Developer/Xcode/DerivedData/Chatlio-erkyzdeecsohoaggpwbjdvavzqfv/SourcePackages/checkouts/Kingfisher/Sources/Views/Indicator.swift (in target 'Kingfisher' from project 'Kingfisher')

SwiftCompile normal x86_64 /Users/aadityasingh/Library/Developer/Xcode/DerivedData/Chatlio-erkyzdeecsohoaggpwbjdvavzqfv/SourcePackages/checkouts/Kingfisher/Sources/Utility/Runtime.swift (in target 'Kingfisher' from project 'Kingfisher')
    cd /Users/aadityasingh/Documents/Development/element-x-ios/Chatlio.xcodeproj
    

SwiftCompile normal x86_64 /Users/aadityasingh/Library/Developer/Xcode/DerivedData/Chatlio-erkyzdeecsohoaggpwbjdvavzqfv/SourcePackages/checkouts/Kingfisher/Sources/Utility/SizeExtensions.swift (in target 'Kingfisher' from project 'Kingfisher')
    cd /Users/aadityasingh/Documents/Development/element-x-ios/Chatlio.xcodeproj
    

SwiftCompile normal x86_64 /Users/aadityasingh/Library/Developer/Xcode/DerivedData/Chatlio-erkyzdeecsohoaggpwbjdvavzqfv/SourcePackages/checkouts/Kingfisher/Sources/Utility/String+SHA256.swift (in target 'Kingfisher' from project 'Kingfisher')
    cd /Users/aadityasingh/Documents/Development/element-x-ios/Chatlio.xcodeproj
    

SwiftCompile normal x86_64 /Users/aadityasingh/Library/Developer/Xcode/DerivedData/Chatlio-erkyzdeecsohoaggpwbjdvavzqfv/SourcePackages/checkouts/Kingfisher/Sources/Views/AnimatedImageView.swift (in target 'Kingfisher' from project 'Kingfisher')
    cd /Users/aadityasingh/Documents/Development/element-x-ios/Chatlio.xcodeproj
    

SwiftCompile normal x86_64 /Users/aadityasingh/Library/Developer/Xcode/DerivedData/Chatlio-erkyzdeecsohoaggpwbjdvavzqfv/SourcePackages/checkouts/Kingfisher/Sources/Views/Indicator.swift (in target 'Kingfisher' from project 'Kingfisher')
    cd /Users/aadityasingh/Documents/Development/element-x-ios/Chatlio.xcodeproj
    

SwiftDriverJobDiscovery normal arm64 Compiling KingfisherManager+LivePhoto.swift, KingfisherManager.swift, KingfisherOptionsInfo.swift, Filter.swift, GIFAnimatedImage.swift, GraphicsContext.swift (in target 'Kingfisher' from project 'Kingfisher')

SwiftCompile normal x86_64 Compiling\ Resource.swift,\ Source.swift,\ KF.swift,\ KFOptionsSetter.swift,\ Kingfisher.swift,\ KingfisherError.swift /Users/aadityasingh/Library/Developer/Xcode/DerivedData/Chatlio-erkyzdeecsohoaggpwbjdvavzqfv/SourcePackages/checkouts/Kingfisher/Sources/General/ImageSource/Resource.swift /Users/aadityasingh/Library/Developer/Xcode/DerivedData/Chatlio-erkyzdeecsohoaggpwbjdvavzqfv/SourcePackages/checkouts/Kingfisher/Sources/General/ImageSource/Source.swift /Users/aadityasingh/Library/Developer/Xcode/DerivedData/Chatlio-erkyzdeecsohoaggpwbjdvavzqfv/SourcePackages/checkouts/Kingfisher/Sources/General/KF.swift /Users/aadityasingh/Library/Developer/Xcode/DerivedData/Chatlio-erkyzdeecsohoaggpwbjdvavzqfv/SourcePackages/checkouts/Kingfisher/Sources/General/KFOptionsSetter.swift /Users/aadityasingh/Library/Developer/Xcode/DerivedData/Chatlio-erkyzdeecsohoaggpwbjdvavzqfv/SourcePackages/checkouts/Kingfisher/Sources/General/Kingfisher.swift /Users/aadityasingh/Library/Developer/Xcode/DerivedData/Chatlio-erkyzdeecsohoaggpwbjdvavzqfv/SourcePackages/checkouts/Kingfisher/Sources/General/KingfisherError.swift (in target 'Kingfisher' from project 'Kingfisher')

SwiftCompile normal x86_64 /Users/aadityasingh/Library/Developer/Xcode/DerivedData/Chatlio-erkyzdeecsohoaggpwbjdvavzqfv/SourcePackages/checkouts/Kingfisher/Sources/General/ImageSource/Resource.swift (in target 'Kingfisher' from project 'Kingfisher')
    cd /Users/aadityasingh/Documents/Development/element-x-ios/Chatlio.xcodeproj
    

SwiftCompile normal x86_64 /Users/aadityasingh/Library/Developer/Xcode/DerivedData/Chatlio-erkyzdeecsohoaggpwbjdvavzqfv/SourcePackages/checkouts/Kingfisher/Sources/General/ImageSource/Source.swift (in target 'Kingfisher' from project 'Kingfisher')
    cd /Users/aadityasingh/Documents/Development/element-x-ios/Chatlio.xcodeproj
    

SwiftCompile normal x86_64 /Users/aadityasingh/Library/Developer/Xcode/DerivedData/Chatlio-erkyzdeecsohoaggpwbjdvavzqfv/SourcePackages/checkouts/Kingfisher/Sources/General/KF.swift (in target 'Kingfisher' from project 'Kingfisher')
    cd /Users/aadityasingh/Documents/Development/element-x-ios/Chatlio.xcodeproj
    

SwiftCompile normal x86_64 /Users/aadityasingh/Library/Developer/Xcode/DerivedData/Chatlio-erkyzdeecsohoaggpwbjdvavzqfv/SourcePackages/checkouts/Kingfisher/Sources/General/KFOptionsSetter.swift (in target 'Kingfisher' from project 'Kingfisher')
    cd /Users/aadityasingh/Documents/Development/element-x-ios/Chatlio.xcodeproj
    

SwiftCompile normal x86_64 /Users/aadityasingh/Library/Developer/Xcode/DerivedData/Chatlio-erkyzdeecsohoaggpwbjdvavzqfv/SourcePackages/checkouts/Kingfisher/Sources/General/Kingfisher.swift (in target 'Kingfisher' from project 'Kingfisher')
    cd /Users/aadityasingh/Documents/Development/element-x-ios/Chatlio.xcodeproj
    

SwiftCompile normal x86_64 /Users/aadityasingh/Library/Developer/Xcode/DerivedData/Chatlio-erkyzdeecsohoaggpwbjdvavzqfv/SourcePackages/checkouts/Kingfisher/Sources/General/KingfisherError.swift (in target 'Kingfisher' from project 'Kingfisher')
    cd /Users/aadityasingh/Documents/Development/element-x-ios/Chatlio.xcodeproj
    

SwiftDriverJobDiscovery normal x86_64 Compiling PHLivePhotoView+Kingfisher.swift, UIButton+Kingfisher.swift, AVAssetImageDataProvider.swift, ImageDataProvider.swift, LivePhotoSource.swift, PHPickerResultImageDataProvider.swift (in target 'Kingfisher' from project 'Kingfisher')

SwiftCompile normal x86_64 Compiling\ Placeholder.swift,\ AuthenticationChallengeResponsable.swift,\ ImageDataProcessor.swift,\ ImageDownloader+LivePhoto.swift,\ ImageDownloader.swift,\ ImageDownloaderDelegate.swift /Users/aadityasingh/Library/Developer/Xcode/DerivedData/Chatlio-erkyzdeecsohoaggpwbjdvavzqfv/SourcePackages/checkouts/Kingfisher/Sources/Image/Placeholder.swift /Users/aadityasingh/Library/Developer/Xcode/DerivedData/Chatlio-erkyzdeecsohoaggpwbjdvavzqfv/SourcePackages/checkouts/Kingfisher/Sources/Networking/AuthenticationChallengeResponsable.swift /Users/aadityasingh/Library/Developer/Xcode/DerivedData/Chatlio-erkyzdeecsohoaggpwbjdvavzqfv/SourcePackages/checkouts/Kingfisher/Sources/Networking/ImageDataProcessor.swift /Users/aadityasingh/Library/Developer/Xcode/DerivedData/Chatlio-erkyzdeecsohoaggpwbjdvavzqfv/SourcePackages/checkouts/Kingfisher/Sources/Networking/ImageDownloader+LivePhoto.swift /Users/aadityasingh/Library/Developer/Xcode/DerivedData/Chatlio-erkyzdeecsohoaggpwbjdvavzqfv/SourcePackages/checkouts/Kingfisher/Sources/Networking/ImageDownloader.swift /Users/aadityasingh/Library/Developer/Xcode/DerivedData/Chatlio-erkyzdeecsohoaggpwbjdvavzqfv/SourcePackages/checkouts/Kingfisher/Sources/Networking/ImageDownloaderDelegate.swift (in target 'Kingfisher' from project 'Kingfisher')

SwiftCompile normal x86_64 /Users/aadityasingh/Library/Developer/Xcode/DerivedData/Chatlio-erkyzdeecsohoaggpwbjdvavzqfv/SourcePackages/checkouts/Kingfisher/Sources/Image/Placeholder.swift (in target 'Kingfisher' from project 'Kingfisher')
    cd /Users/aadityasingh/Documents/Development/element-x-ios/Chatlio.xcodeproj
    

SwiftCompile normal x86_64 /Users/aadityasingh/Library/Developer/Xcode/DerivedData/Chatlio-erkyzdeecsohoaggpwbjdvavzqfv/SourcePackages/checkouts/Kingfisher/Sources/Networking/AuthenticationChallengeResponsable.swift (in target 'Kingfisher' from project 'Kingfisher')
    cd /Users/aadityasingh/Documents/Development/element-x-ios/Chatlio.xcodeproj
    

SwiftCompile normal x86_64 /Users/aadityasingh/Library/Developer/Xcode/DerivedData/Chatlio-erkyzdeecsohoaggpwbjdvavzqfv/SourcePackages/checkouts/Kingfisher/Sources/Networking/ImageDataProcessor.swift (in target 'Kingfisher' from project 'Kingfisher')
    cd /Users/aadityasingh/Documents/Development/element-x-ios/Chatlio.xcodeproj
    

SwiftCompile normal x86_64 /Users/aadityasingh/Library/Developer/Xcode/DerivedData/Chatlio-erkyzdeecsohoaggpwbjdvavzqfv/SourcePackages/checkouts/Kingfisher/Sources/Networking/ImageDownloader+LivePhoto.swift (in target 'Kingfisher' from project 'Kingfisher')
    cd /Users/aadityasingh/Documents/Development/element-x-ios/Chatlio.xcodeproj
    

SwiftCompile normal x86_64 /Users/aadityasingh/Library/Developer/Xcode/DerivedData/Chatlio-erkyzdeecsohoaggpwbjdvavzqfv/SourcePackages/checkouts/Kingfisher/Sources/Networking/ImageDownloader.swift (in target 'Kingfisher' from project 'Kingfisher')
    cd /Users/aadityasingh/Documents/Development/element-x-ios/Chatlio.xcodeproj
    

SwiftCompile normal x86_64 /Users/aadityasingh/Library/Developer/Xcode/DerivedData/Chatlio-erkyzdeecsohoaggpwbjdvavzqfv/SourcePackages/checkouts/Kingfisher/Sources/Networking/ImageDownloaderDelegate.swift (in target 'Kingfisher' from project 'Kingfisher')
    cd /Users/aadityasingh/Documents/Development/element-x-ios/Chatlio.xcodeproj
    

SwiftDriverJobDiscovery normal x86_64 Compiling Image.swift, ImageDrawing.swift, ImageFormat.swift, ImageProcessor.swift, ImageProgressive.swift, ImageTransition.swift (in target 'Kingfisher' from project 'Kingfisher')

SwiftCompile normal arm64 Compiling\ Storage.swift,\ CPListItem+Kingfisher.swift,\ HasImageComponent+Kingfisher.swift,\ ImageView+Kingfisher.swift,\ NSButton+Kingfisher.swift,\ NSTextAttachment+Kingfisher.swift /Users/aadityasingh/Library/Developer/Xcode/DerivedData/Chatlio-erkyzdeecsohoaggpwbjdvavzqfv/SourcePackages/checkouts/Kingfisher/Sources/Cache/Storage.swift /Users/aadityasingh/Library/Developer/Xcode/DerivedData/Chatlio-erkyzdeecsohoaggpwbjdvavzqfv/SourcePackages/checkouts/Kingfisher/Sources/Extensions/CPListItem+Kingfisher.swift /Users/aadityasingh/Library/Developer/Xcode/DerivedData/Chatlio-erkyzdeecsohoaggpwbjdvavzqfv/SourcePackages/checkouts/Kingfisher/Sources/Extensions/HasImageComponent+Kingfisher.swift /Users/aadityasingh/Library/Developer/Xcode/DerivedData/Chatlio-erkyzdeecsohoaggpwbjdvavzqfv/SourcePackages/checkouts/Kingfisher/Sources/Extensions/ImageView+Kingfisher.swift /Users/aadityasingh/Library/Developer/Xcode/DerivedData/Chatlio-erkyzdeecsohoaggpwbjdvavzqfv/SourcePackages/checkouts/Kingfisher/Sources/Extensions/NSButton+Kingfisher.swift /Users/aadityasingh/Library/Developer/Xcode/DerivedData/Chatlio-erkyzdeecsohoaggpwbjdvavzqfv/SourcePackages/checkouts/Kingfisher/Sources/Extensions/NSTextAttachment+Kingfisher.swift (in target 'Kingfisher' from project 'Kingfisher')

SwiftCompile normal arm64 /Users/aadityasingh/Library/Developer/Xcode/DerivedData/Chatlio-erkyzdeecsohoaggpwbjdvavzqfv/SourcePackages/checkouts/Kingfisher/Sources/Cache/Storage.swift (in target 'Kingfisher' from project 'Kingfisher')
    cd /Users/aadityasingh/Documents/Development/element-x-ios/Chatlio.xcodeproj
    

SwiftCompile normal arm64 /Users/aadityasingh/Library/Developer/Xcode/DerivedData/Chatlio-erkyzdeecsohoaggpwbjdvavzqfv/SourcePackages/checkouts/Kingfisher/Sources/Extensions/CPListItem+Kingfisher.swift (in target 'Kingfisher' from project 'Kingfisher')
    cd /Users/aadityasingh/Documents/Development/element-x-ios/Chatlio.xcodeproj
    

SwiftCompile normal arm64 /Users/aadityasingh/Library/Developer/Xcode/DerivedData/Chatlio-erkyzdeecsohoaggpwbjdvavzqfv/SourcePackages/checkouts/Kingfisher/Sources/Extensions/HasImageComponent+Kingfisher.swift (in target 'Kingfisher' from project 'Kingfisher')
    cd /Users/aadityasingh/Documents/Development/element-x-ios/Chatlio.xcodeproj
    

SwiftCompile normal arm64 /Users/aadityasingh/Library/Developer/Xcode/DerivedData/Chatlio-erkyzdeecsohoaggpwbjdvavzqfv/SourcePackages/checkouts/Kingfisher/Sources/Extensions/ImageView+Kingfisher.swift (in target 'Kingfisher' from project 'Kingfisher')
    cd /Users/aadityasingh/Documents/Development/element-x-ios/Chatlio.xcodeproj
    

SwiftCompile normal arm64 /Users/aadityasingh/Library/Developer/Xcode/DerivedData/Chatlio-erkyzdeecsohoaggpwbjdvavzqfv/SourcePackages/checkouts/Kingfisher/Sources/Extensions/NSButton+Kingfisher.swift (in target 'Kingfisher' from project 'Kingfisher')
    cd /Users/aadityasingh/Documents/Development/element-x-ios/Chatlio.xcodeproj
    

SwiftCompile normal arm64 /Users/aadityasingh/Library/Developer/Xcode/DerivedData/Chatlio-erkyzdeecsohoaggpwbjdvavzqfv/SourcePackages/checkouts/Kingfisher/Sources/Extensions/NSTextAttachment+Kingfisher.swift (in target 'Kingfisher' from project 'Kingfisher')
    cd /Users/aadityasingh/Documents/Development/element-x-ios/Chatlio.xcodeproj
    

SwiftDriverJobDiscovery normal x86_64 Compiling ImageModifier.swift, ImagePrefetcher.swift, NetworkMetrics.swift, NetworkMonitor.swift, RedirectHandler.swift, RequestModifier.swift (in target 'Kingfisher' from project 'Kingfisher')

SwiftCompile normal x86_64 Compiling\ resource_bundle_accessor.swift,\ CacheSerializer.swift,\ DiskStorage.swift,\ FormatIndicatedCacheSerializer.swift,\ ImageCache.swift,\ MemoryStorage.swift /Users/aadityasingh/Library/Developer/Xcode/DerivedData/Chatlio-erkyzdeecsohoaggpwbjdvavzqfv/Build/Intermediates.noindex/Kingfisher.build/Debug-iphonesimulator/Kingfisher.build/DerivedSources/resource_bundle_accessor.swift /Users/aadityasingh/Library/Developer/Xcode/DerivedData/Chatlio-erkyzdeecsohoaggpwbjdvavzqfv/SourcePackages/checkouts/Kingfisher/Sources/Cache/CacheSerializer.swift /Users/aadityasingh/Library/Developer/Xcode/DerivedData/Chatlio-erkyzdeecsohoaggpwbjdvavzqfv/SourcePackages/checkouts/Kingfisher/Sources/Cache/DiskStorage.swift /Users/aadityasingh/Library/Developer/Xcode/DerivedData/Chatlio-erkyzdeecsohoaggpwbjdvavzqfv/SourcePackages/checkouts/Kingfisher/Sources/Cache/FormatIndicatedCacheSerializer.swift /Users/aadityasingh/Library/Developer/Xcode/DerivedData/Chatlio-erkyzdeecsohoaggpwbjdvavzqfv/SourcePackages/checkouts/Kingfisher/Sources/Cache/ImageCache.swift /Users/aadityasingh/Library/Developer/Xcode/DerivedData/Chatlio-erkyzdeecsohoaggpwbjdvavzqfv/SourcePackages/checkouts/Kingfisher/Sources/Cache/MemoryStorage.swift (in target 'Kingfisher' from project 'Kingfisher')

SwiftCompile normal x86_64 /Users/aadityasingh/Library/Developer/Xcode/DerivedData/Chatlio-erkyzdeecsohoaggpwbjdvavzqfv/Build/Intermediates.noindex/Kingfisher.build/Debug-iphonesimulator/Kingfisher.build/DerivedSources/resource_bundle_accessor.swift (in target 'Kingfisher' from project 'Kingfisher')
    cd /Users/aadityasingh/Documents/Development/element-x-ios/Chatlio.xcodeproj
    

SwiftCompile normal x86_64 /Users/aadityasingh/Library/Developer/Xcode/DerivedData/Chatlio-erkyzdeecsohoaggpwbjdvavzqfv/SourcePackages/checkouts/Kingfisher/Sources/Cache/CacheSerializer.swift (in target 'Kingfisher' from project 'Kingfisher')
    cd /Users/aadityasingh/Documents/Development/element-x-ios/Chatlio.xcodeproj
    

SwiftCompile normal x86_64 /Users/aadityasingh/Library/Developer/Xcode/DerivedData/Chatlio-erkyzdeecsohoaggpwbjdvavzqfv/SourcePackages/checkouts/Kingfisher/Sources/Cache/DiskStorage.swift (in target 'Kingfisher' from project 'Kingfisher')
    cd /Users/aadityasingh/Documents/Development/element-x-ios/Chatlio.xcodeproj
    

SwiftCompile normal x86_64 /Users/aadityasingh/Library/Developer/Xcode/DerivedData/Chatlio-erkyzdeecsohoaggpwbjdvavzqfv/SourcePackages/checkouts/Kingfisher/Sources/Cache/FormatIndicatedCacheSerializer.swift (in target 'Kingfisher' from project 'Kingfisher')
    cd /Users/aadityasingh/Documents/Development/element-x-ios/Chatlio.xcodeproj
    

SwiftCompile normal x86_64 /Users/aadityasingh/Library/Developer/Xcode/DerivedData/Chatlio-erkyzdeecsohoaggpwbjdvavzqfv/SourcePackages/checkouts/Kingfisher/Sources/Cache/ImageCache.swift (in target 'Kingfisher' from project 'Kingfisher')
    cd /Users/aadityasingh/Documents/Development/element-x-ios/Chatlio.xcodeproj
    

SwiftCompile normal x86_64 /Users/aadityasingh/Library/Developer/Xcode/DerivedData/Chatlio-erkyzdeecsohoaggpwbjdvavzqfv/SourcePackages/checkouts/Kingfisher/Sources/Cache/MemoryStorage.swift (in target 'Kingfisher' from project 'Kingfisher')
    cd /Users/aadityasingh/Documents/Development/element-x-ios/Chatlio.xcodeproj
    

SwiftDriverJobDiscovery normal arm64 Compiling Resource.swift, Source.swift, KF.swift, KFOptionsSetter.swift, Kingfisher.swift, KingfisherError.swift (in target 'Kingfisher' from project 'Kingfisher')

SwiftCompile normal arm64 Compiling\ ImageModifier.swift,\ ImagePrefetcher.swift,\ NetworkMetrics.swift,\ NetworkMonitor.swift,\ RedirectHandler.swift,\ RequestModifier.swift /Users/aadityasingh/Library/Developer/Xcode/DerivedData/Chatlio-erkyzdeecsohoaggpwbjdvavzqfv/SourcePackages/checkouts/Kingfisher/Sources/Networking/ImageModifier.swift /Users/aadityasingh/Library/Developer/Xcode/DerivedData/Chatlio-erkyzdeecsohoaggpwbjdvavzqfv/SourcePackages/checkouts/Kingfisher/Sources/Networking/ImagePrefetcher.swift /Users/aadityasingh/Library/Developer/Xcode/DerivedData/Chatlio-erkyzdeecsohoaggpwbjdvavzqfv/SourcePackages/checkouts/Kingfisher/Sources/Networking/NetworkMetrics.swift /Users/aadityasingh/Library/Developer/Xcode/DerivedData/Chatlio-erkyzdeecsohoaggpwbjdvavzqfv/SourcePackages/checkouts/Kingfisher/Sources/Networking/NetworkMonitor.swift /Users/aadityasingh/Library/Developer/Xcode/DerivedData/Chatlio-erkyzdeecsohoaggpwbjdvavzqfv/SourcePackages/checkouts/Kingfisher/Sources/Networking/RedirectHandler.swift /Users/aadityasingh/Library/Developer/Xcode/DerivedData/Chatlio-erkyzdeecsohoaggpwbjdvavzqfv/SourcePackages/checkouts/Kingfisher/Sources/Networking/RequestModifier.swift (in target 'Kingfisher' from project 'Kingfisher')

SwiftCompile normal arm64 /Users/aadityasingh/Library/Developer/Xcode/DerivedData/Chatlio-erkyzdeecsohoaggpwbjdvavzqfv/SourcePackages/checkouts/Kingfisher/Sources/Networking/ImageModifier.swift (in target 'Kingfisher' from project 'Kingfisher')
    cd /Users/aadityasingh/Documents/Development/element-x-ios/Chatlio.xcodeproj
    

SwiftCompile normal arm64 /Users/aadityasingh/Library/Developer/Xcode/DerivedData/Chatlio-erkyzdeecsohoaggpwbjdvavzqfv/SourcePackages/checkouts/Kingfisher/Sources/Networking/ImagePrefetcher.swift (in target 'Kingfisher' from project 'Kingfisher')
    cd /Users/aadityasingh/Documents/Development/element-x-ios/Chatlio.xcodeproj
    

SwiftCompile normal arm64 /Users/aadityasingh/Library/Developer/Xcode/DerivedData/Chatlio-erkyzdeecsohoaggpwbjdvavzqfv/SourcePackages/checkouts/Kingfisher/Sources/Networking/NetworkMetrics.swift (in target 'Kingfisher' from project 'Kingfisher')
    cd /Users/aadityasingh/Documents/Development/element-x-ios/Chatlio.xcodeproj
    

SwiftCompile normal arm64 /Users/aadityasingh/Library/Developer/Xcode/DerivedData/Chatlio-erkyzdeecsohoaggpwbjdvavzqfv/SourcePackages/checkouts/Kingfisher/Sources/Networking/NetworkMonitor.swift (in target 'Kingfisher' from project 'Kingfisher')
    cd /Users/aadityasingh/Documents/Development/element-x-ios/Chatlio.xcodeproj
    

SwiftCompile normal arm64 /Users/aadityasingh/Library/Developer/Xcode/DerivedData/Chatlio-erkyzdeecsohoaggpwbjdvavzqfv/SourcePackages/checkouts/Kingfisher/Sources/Networking/RedirectHandler.swift (in target 'Kingfisher' from project 'Kingfisher')
    cd /Users/aadityasingh/Documents/Development/element-x-ios/Chatlio.xcodeproj
    

SwiftCompile normal arm64 /Users/aadityasingh/Library/Developer/Xcode/DerivedData/Chatlio-erkyzdeecsohoaggpwbjdvavzqfv/SourcePackages/checkouts/Kingfisher/Sources/Networking/RequestModifier.swift (in target 'Kingfisher' from project 'Kingfisher')
    cd /Users/aadityasingh/Documents/Development/element-x-ios/Chatlio.xcodeproj
    

SwiftDriverJobDiscovery normal arm64 Compiling PHLivePhotoView+Kingfisher.swift, UIButton+Kingfisher.swift, AVAssetImageDataProvider.swift, ImageDataProvider.swift, LivePhotoSource.swift, PHPickerResultImageDataProvider.swift (in target 'Kingfisher' from project 'Kingfisher')

SwiftCompile normal x86_64 Compiling\ Keychain.swift /Users/aadityasingh/Library/Developer/Xcode/DerivedData/Chatlio-erkyzdeecsohoaggpwbjdvavzqfv/SourcePackages/checkouts/KeychainAccess/Lib/KeychainAccess/Keychain.swift (in target 'KeychainAccess' from project 'KeychainAccess')

SwiftCompile normal x86_64 /Users/aadityasingh/Library/Developer/Xcode/DerivedData/Chatlio-erkyzdeecsohoaggpwbjdvavzqfv/SourcePackages/checkouts/KeychainAccess/Lib/KeychainAccess/Keychain.swift (in target 'KeychainAccess' from project 'KeychainAccess')
    cd /Users/aadityasingh/Documents/Development/element-x-ios/Chatlio.xcodeproj
    

SwiftDriverJobDiscovery normal arm64 Compiling resource_bundle_accessor.swift, CacheSerializer.swift, DiskStorage.swift, FormatIndicatedCacheSerializer.swift, ImageCache.swift, MemoryStorage.swift (in target 'Kingfisher' from project 'Kingfisher')

SwiftDriverJobDiscovery normal arm64 Compiling Image.swift, ImageDrawing.swift, ImageFormat.swift, ImageProcessor.swift, ImageProgressive.swift, ImageTransition.swift (in target 'Kingfisher' from project 'Kingfisher')

SwiftCompile normal arm64 Compiling\ Keychain.swift /Users/aadityasingh/Library/Developer/Xcode/DerivedData/Chatlio-erkyzdeecsohoaggpwbjdvavzqfv/SourcePackages/checkouts/KeychainAccess/Lib/KeychainAccess/Keychain.swift (in target 'KeychainAccess' from project 'KeychainAccess')

SwiftCompile normal arm64 /Users/aadityasingh/Library/Developer/Xcode/DerivedData/Chatlio-erkyzdeecsohoaggpwbjdvavzqfv/SourcePackages/checkouts/KeychainAccess/Lib/KeychainAccess/Keychain.swift (in target 'KeychainAccess' from project 'KeychainAccess')
    cd /Users/aadityasingh/Documents/Development/element-x-ios/Chatlio.xcodeproj
    

SwiftDriverJobDiscovery normal arm64 Compiling Placeholder.swift, AuthenticationChallengeResponsable.swift, ImageDataProcessor.swift, ImageDownloader+LivePhoto.swift, ImageDownloader.swift, ImageDownloaderDelegate.swift (in target 'Kingfisher' from project 'Kingfisher')

Ld /Users/aadityasingh/Library/Developer/Xcode/DerivedData/Chatlio-erkyzdeecsohoaggpwbjdvavzqfv/Build/Intermediates.noindex/Version.build/Debug-iphonesimulator/Version.build/Objects-normal/x86_64/Binary/Version.o normal x86_64 (in target 'Version' from project 'Version')
    cd /Users/aadityasingh/Library/Developer/Xcode/DerivedData/Chatlio-erkyzdeecsohoaggpwbjdvavzqfv/SourcePackages/checkouts/Version
    /Applications/Xcode.app/Contents/Developer/Toolchains/XcodeDefault.xctoolchain/usr/bin/clang -Xlinker -reproducible -target x86_64-apple-ios12.0-simulator -r -isysroot /Applications/Xcode.app/Contents/Developer/Platforms/iPhoneSimulator.platform/Developer/SDKs/iPhoneSimulator26.4.sdk -O0 -w -F/Users/aadityasingh/Library/Developer/Xcode/DerivedData/Chatlio-erkyzdeecsohoaggpwbjdvavzqfv/Build/Intermediates.noindex/EagerLinkingTBDs/Debug-iphonesimulator -F/Users/aadityasingh/Library/Developer/Xcode/DerivedData/Chatlio-erkyzdeecsohoaggpwbjdvavzqfv/Build/Products/Debug-iphonesimulator -iframework /Applications/Xcode.app/Contents/Developer/Platforms/iPhoneSimulator.platform/Developer/Library/Frameworks -iframework /Applications/Xcode.app/Contents/Developer/Platforms/iPhoneSimulator.platform/Developer/SDKs/iPhoneSimulator26.4.sdk/Developer/Library/Frameworks -filelist /Users/aadityasingh/Library/Developer/Xcode/DerivedData/Chatlio-erkyzdeecsohoaggpwbjdvavzqfv/Build/Intermediates.noindex/Version.build/Debug-iphonesimulator/Version.build/Objects-normal/x86_64/Version.LinkFileList -nostdlib -Xlinker -object_path_lto -Xlinker /Users/aadityasingh/Library/Developer/Xcode/DerivedData/Chatlio-erkyzdeecsohoaggpwbjdvavzqfv/Build/Intermediates.noindex/Version.build/Debug-iphonesimulator/Version.build/Objects-normal/x86_64/Version_lto.o -Xlinker -no_deduplicate -Xlinker -objc_abi_version -Xlinker 2 -Xlinker -debug_variant -Xlinker -dependency_info -Xlinker /Users/aadityasingh/Library/Developer/Xcode/DerivedData/Chatlio-erkyzdeecsohoaggpwbjdvavzqfv/Build/Intermediates.noindex/Version.build/Debug-iphonesimulator/Version.build/Objects-normal/x86_64/Version_dependency_info.dat -fobjc-link-runtime -L/Applications/Xcode.app/Contents/Developer/Toolchains/XcodeDefault.xctoolchain/usr/lib/swift/iphonesimulator -L/usr/lib/swift -Xlinker -add_ast_path -Xlinker /Users/aadityasingh/Library/Developer/Xcode/DerivedData/Chatlio-erkyzdeecsohoaggpwbjdvavzqfv/Build/Intermediates.noindex/Version.build/Debug-iphonesimulator/Version.build/Objects-normal/x86_64/Version.swiftmodule @/Users/aadityasingh/Library/Developer/Xcode/DerivedData/Chatlio-erkyzdeecsohoaggpwbjdvavzqfv/Build/Intermediates.noindex/Version.build/Debug-iphonesimulator/Version.build/Objects-normal/x86_64/Version-linker-args.resp -o /Users/aadityasingh/Library/Developer/Xcode/DerivedData/Chatlio-erkyzdeecsohoaggpwbjdvavzqfv/Build/Intermediates.noindex/Version.build/Debug-iphonesimulator/Version.build/Objects-normal/x86_64/Binary/Version.o

Ld /Users/aadityasingh/Library/Developer/Xcode/DerivedData/Chatlio-erkyzdeecsohoaggpwbjdvavzqfv/Build/Intermediates.noindex/Version.build/Debug-iphonesimulator/Version.build/Objects-normal/arm64/Binary/Version.o normal arm64 (in target 'Version' from project 'Version')
    cd /Users/aadityasingh/Library/Developer/Xcode/DerivedData/Chatlio-erkyzdeecsohoaggpwbjdvavzqfv/SourcePackages/checkouts/Version
    /Applications/Xcode.app/Contents/Developer/Toolchains/XcodeDefault.xctoolchain/usr/bin/clang -Xlinker -reproducible -target arm64-apple-ios12.0-simulator -r -isysroot /Applications/Xcode.app/Contents/Developer/Platforms/iPhoneSimulator.platform/Developer/SDKs/iPhoneSimulator26.4.sdk -O0 -w -F/Users/aadityasingh/Library/Developer/Xcode/DerivedData/Chatlio-erkyzdeecsohoaggpwbjdvavzqfv/Build/Intermediates.noindex/EagerLinkingTBDs/Debug-iphonesimulator -F/Users/aadityasingh/Library/Developer/Xcode/DerivedData/Chatlio-erkyzdeecsohoaggpwbjdvavzqfv/Build/Products/Debug-iphonesimulator -iframework /Applications/Xcode.app/Contents/Developer/Platforms/iPhoneSimulator.platform/Developer/Library/Frameworks -iframework /Applications/Xcode.app/Contents/Developer/Platforms/iPhoneSimulator.platform/Developer/SDKs/iPhoneSimulator26.4.sdk/Developer/Library/Frameworks -filelist /Users/aadityasingh/Library/Developer/Xcode/DerivedData/Chatlio-erkyzdeecsohoaggpwbjdvavzqfv/Build/Intermediates.noindex/Version.build/Debug-iphonesimulator/Version.build/Objects-normal/arm64/Version.LinkFileList -nostdlib -Xlinker -object_path_lto -Xlinker /Users/aadityasingh/Library/Developer/Xcode/DerivedData/Chatlio-erkyzdeecsohoaggpwbjdvavzqfv/Build/Intermediates.noindex/Version.build/Debug-iphonesimulator/Version.build/Objects-normal/arm64/Version_lto.o -Xlinker -no_deduplicate -Xlinker -objc_abi_version -Xlinker 2 -Xlinker -debug_variant -Xlinker -dependency_info -Xlinker /Users/aadityasingh/Library/Developer/Xcode/DerivedData/Chatlio-erkyzdeecsohoaggpwbjdvavzqfv/Build/Intermediates.noindex/Version.build/Debug-iphonesimulator/Version.build/Objects-normal/arm64/Version_dependency_info.dat -fobjc-link-runtime -L/Applications/Xcode.app/Contents/Developer/Toolchains/XcodeDefault.xctoolchain/usr/lib/swift/iphonesimulator -L/usr/lib/swift -Xlinker -add_ast_path -Xlinker /Users/aadityasingh/Library/Developer/Xcode/DerivedData/Chatlio-erkyzdeecsohoaggpwbjdvavzqfv/Build/Intermediates.noindex/Version.build/Debug-iphonesimulator/Version.build/Objects-normal/arm64/Version.swiftmodule @/Users/aadityasingh/Library/Developer/Xcode/DerivedData/Chatlio-erkyzdeecsohoaggpwbjdvavzqfv/Build/Intermediates.noindex/Version.build/Debug-iphonesimulator/Version.build/Objects-normal/arm64/Version-linker-args.resp -o /Users/aadityasingh/Library/Developer/Xcode/DerivedData/Chatlio-erkyzdeecsohoaggpwbjdvavzqfv/Build/Intermediates.noindex/Version.build/Debug-iphonesimulator/Version.build/Objects-normal/arm64/Binary/Version.o

SwiftDriverJobDiscovery normal x86_64 Compiling Resource.swift, Source.swift, KF.swift, KFOptionsSetter.swift, Kingfisher.swift, KingfisherError.swift (in target 'Kingfisher' from project 'Kingfisher')

Ld /Users/aadityasingh/Library/Developer/Xcode/DerivedData/Chatlio-erkyzdeecsohoaggpwbjdvavzqfv/Build/Intermediates.noindex/swiftui-introspect.build/Debug-iphonesimulator/SwiftUIIntrospect.build/Objects-normal/x86_64/Binary/SwiftUIIntrospect.o normal x86_64 (in target 'SwiftUIIntrospect' from project 'swiftui-introspect')
    cd /Users/aadityasingh/Library/Developer/Xcode/DerivedData/Chatlio-erkyzdeecsohoaggpwbjdvavzqfv/SourcePackages/checkouts/SwiftUI-Introspect
    /Applications/Xcode.app/Contents/Developer/Toolchains/XcodeDefault.xctoolchain/usr/bin/clang -Xlinker -reproducible -target x86_64-apple-ios13.0-simulator -r -isysroot /Applications/Xcode.app/Contents/Developer/Platforms/iPhoneSimulator.platform/Developer/SDKs/iPhoneSimulator26.4.sdk -O0 -w -F/Users/aadityasingh/Library/Developer/Xcode/DerivedData/Chatlio-erkyzdeecsohoaggpwbjdvavzqfv/Build/Intermediates.noindex/EagerLinkingTBDs/Debug-iphonesimulator -F/Users/aadityasingh/Library/Developer/Xcode/DerivedData/Chatlio-erkyzdeecsohoaggpwbjdvavzqfv/Build/Products/Debug-iphonesimulator -iframework /Applications/Xcode.app/Contents/Developer/Platforms/iPhoneSimulator.platform/Developer/Library/Frameworks -iframework /Applications/Xcode.app/Contents/Developer/Platforms/iPhoneSimulator.platform/Developer/SDKs/iPhoneSimulator26.4.sdk/Developer/Library/Frameworks -filelist /Users/aadityasingh/Library/Developer/Xcode/DerivedData/Chatlio-erkyzdeecsohoaggpwbjdvavzqfv/Build/Intermediates.noindex/swiftui-introspect.build/Debug-iphonesimulator/SwiftUIIntrospect.build/Objects-normal/x86_64/SwiftUIIntrospect.LinkFileList -nostdlib -Xlinker -object_path_lto -Xlinker /Users/aadityasingh/Library/Developer/Xcode/DerivedData/Chatlio-erkyzdeecsohoaggpwbjdvavzqfv/Build/Intermediates.noindex/swiftui-introspect.build/Debug-iphonesimulator/SwiftUIIntrospect.build/Objects-normal/x86_64/SwiftUIIntrospect_lto.o -Xlinker -no_deduplicate -Xlinker -objc_abi_version -Xlinker 2 -Xlinker -debug_variant -Xlinker -dependency_info -Xlinker /Users/aadityasingh/Library/Developer/Xcode/DerivedData/Chatlio-erkyzdeecsohoaggpwbjdvavzqfv/Build/Intermediates.noindex/swiftui-introspect.build/Debug-iphonesimulator/SwiftUIIntrospect.build/Objects-normal/x86_64/SwiftUIIntrospect_dependency_info.dat -fobjc-link-runtime -L/Applications/Xcode.app/Contents/Developer/Toolchains/XcodeDefault.xctoolchain/usr/lib/swift/iphonesimulator -L/usr/lib/swift -Xlinker -add_ast_path -Xlinker /Users/aadityasingh/Library/Developer/Xcode/DerivedData/Chatlio-erkyzdeecsohoaggpwbjdvavzqfv/Build/Intermediates.noindex/swiftui-introspect.build/Debug-iphonesimulator/SwiftUIIntrospect.build/Objects-normal/x86_64/SwiftUIIntrospect.swiftmodule @/Users/aadityasingh/Library/Developer/Xcode/DerivedData/Chatlio-erkyzdeecsohoaggpwbjdvavzqfv/Build/Intermediates.noindex/swiftui-introspect.build/Debug-iphonesimulator/SwiftUIIntrospect.build/Objects-normal/x86_64/SwiftUIIntrospect-linker-args.resp -o /Users/aadityasingh/Library/Developer/Xcode/DerivedData/Chatlio-erkyzdeecsohoaggpwbjdvavzqfv/Build/Intermediates.noindex/swiftui-introspect.build/Debug-iphonesimulator/SwiftUIIntrospect.build/Objects-normal/x86_64/Binary/SwiftUIIntrospect.o

SwiftDriverJobDiscovery normal arm64 Compiling RetryStrategy.swift, SessionDataTask.swift, SessionDelegate.swift, ImageBinder.swift, ImageContext.swift, KFAnimatedImage.swift (in target 'Kingfisher' from project 'Kingfisher')

Ld /Users/aadityasingh/Library/Developer/Xcode/DerivedData/Chatlio-erkyzdeecsohoaggpwbjdvavzqfv/Build/Intermediates.noindex/swiftui-introspect.build/Debug-iphonesimulator/SwiftUIIntrospect.build/Objects-normal/arm64/Binary/SwiftUIIntrospect.o normal arm64 (in target 'SwiftUIIntrospect' from project 'swiftui-introspect')
    cd /Users/aadityasingh/Library/Developer/Xcode/DerivedData/Chatlio-erkyzdeecsohoaggpwbjdvavzqfv/SourcePackages/checkouts/SwiftUI-Introspect
    /Applications/Xcode.app/Contents/Developer/Toolchains/XcodeDefault.xctoolchain/usr/bin/clang -Xlinker -reproducible -target arm64-apple-ios13.0-simulator -r -isysroot /Applications/Xcode.app/Contents/Developer/Platforms/iPhoneSimulator.platform/Developer/SDKs/iPhoneSimulator26.4.sdk -O0 -w -F/Users/aadityasingh/Library/Developer/Xcode/DerivedData/Chatlio-erkyzdeecsohoaggpwbjdvavzqfv/Build/Intermediates.noindex/EagerLinkingTBDs/Debug-iphonesimulator -F/Users/aadityasingh/Library/Developer/Xcode/DerivedData/Chatlio-erkyzdeecsohoaggpwbjdvavzqfv/Build/Products/Debug-iphonesimulator -iframework /Applications/Xcode.app/Contents/Developer/Platforms/iPhoneSimulator.platform/Developer/Library/Frameworks -iframework /Applications/Xcode.app/Contents/Developer/Platforms/iPhoneSimulator.platform/Developer/SDKs/iPhoneSimulator26.4.sdk/Developer/Library/Frameworks -filelist /Users/aadityasingh/Library/Developer/Xcode/DerivedData/Chatlio-erkyzdeecsohoaggpwbjdvavzqfv/Build/Intermediates.noindex/swiftui-introspect.build/Debug-iphonesimulator/SwiftUIIntrospect.build/Objects-normal/arm64/SwiftUIIntrospect.LinkFileList -nostdlib -Xlinker -object_path_lto -Xlinker /Users/aadityasingh/Library/Developer/Xcode/DerivedData/Chatlio-erkyzdeecsohoaggpwbjdvavzqfv/Build/Intermediates.noindex/swiftui-introspect.build/Debug-iphonesimulator/SwiftUIIntrospect.build/Objects-normal/arm64/SwiftUIIntrospect_lto.o -Xlinker -no_deduplicate -Xlinker -objc_abi_version -Xlinker 2 -Xlinker -debug_variant -Xlinker -dependency_info -Xlinker /Users/aadityasingh/Library/Developer/Xcode/DerivedData/Chatlio-erkyzdeecsohoaggpwbjdvavzqfv/Build/Intermediates.noindex/swiftui-introspect.build/Debug-iphonesimulator/SwiftUIIntrospect.build/Objects-normal/arm64/SwiftUIIntrospect_dependency_info.dat -fobjc-link-runtime -L/Applications/Xcode.app/Contents/Developer/Toolchains/XcodeDefault.xctoolchain/usr/lib/swift/iphonesimulator -L/usr/lib/swift -Xlinker -add_ast_path -Xlinker /Users/aadityasingh/Library/Developer/Xcode/DerivedData/Chatlio-erkyzdeecsohoaggpwbjdvavzqfv/Build/Intermediates.noindex/swiftui-introspect.build/Debug-iphonesimulator/SwiftUIIntrospect.build/Objects-normal/arm64/SwiftUIIntrospect.swiftmodule @/Users/aadityasingh/Library/Developer/Xcode/DerivedData/Chatlio-erkyzdeecsohoaggpwbjdvavzqfv/Build/Intermediates.noindex/swiftui-introspect.build/Debug-iphonesimulator/SwiftUIIntrospect.build/Objects-normal/arm64/SwiftUIIntrospect-linker-args.resp -o /Users/aadityasingh/Library/Developer/Xcode/DerivedData/Chatlio-erkyzdeecsohoaggpwbjdvavzqfv/Build/Intermediates.noindex/swiftui-introspect.build/Debug-iphonesimulator/SwiftUIIntrospect.build/Objects-normal/arm64/Binary/SwiftUIIntrospect.o

SwiftDriverJobDiscovery normal x86_64 Compiling Runtime.swift, SizeExtensions.swift, String+SHA256.swift, AnimatedImageView.swift, Indicator.swift (in target 'Kingfisher' from project 'Kingfisher')

Ld /Users/aadityasingh/Library/Developer/Xcode/DerivedData/Chatlio-erkyzdeecsohoaggpwbjdvavzqfv/Build/Intermediates.noindex/SwiftState.build/Debug-iphonesimulator/SwiftState.build/Objects-normal/x86_64/Binary/SwiftState.o normal x86_64 (in target 'SwiftState' from project 'SwiftState')
    cd /Users/aadityasingh/Library/Developer/Xcode/DerivedData/Chatlio-erkyzdeecsohoaggpwbjdvavzqfv/SourcePackages/checkouts/SwiftState
    /Applications/Xcode.app/Contents/Developer/Toolchains/XcodeDefault.xctoolchain/usr/bin/clang -Xlinker -reproducible -target x86_64-apple-ios12.0-simulator -r -isysroot /Applications/Xcode.app/Contents/Developer/Platforms/iPhoneSimulator.platform/Developer/SDKs/iPhoneSimulator26.4.sdk -O0 -w -F/Users/aadityasingh/Library/Developer/Xcode/DerivedData/Chatlio-erkyzdeecsohoaggpwbjdvavzqfv/Build/Intermediates.noindex/EagerLinkingTBDs/Debug-iphonesimulator -F/Users/aadityasingh/Library/Developer/Xcode/DerivedData/Chatlio-erkyzdeecsohoaggpwbjdvavzqfv/Build/Products/Debug-iphonesimulator -iframework /Applications/Xcode.app/Contents/Developer/Platforms/iPhoneSimulator.platform/Developer/Library/Frameworks -iframework /Applications/Xcode.app/Contents/Developer/Platforms/iPhoneSimulator.platform/Developer/SDKs/iPhoneSimulator26.4.sdk/Developer/Library/Frameworks -filelist /Users/aadityasingh/Library/Developer/Xcode/DerivedData/Chatlio-erkyzdeecsohoaggpwbjdvavzqfv/Build/Intermediates.noindex/SwiftState.build/Debug-iphonesimulator/SwiftState.build/Objects-normal/x86_64/SwiftState.LinkFileList -nostdlib -Xlinker -object_path_lto -Xlinker /Users/aadityasingh/Library/Developer/Xcode/DerivedData/Chatlio-erkyzdeecsohoaggpwbjdvavzqfv/Build/Intermediates.noindex/SwiftState.build/Debug-iphonesimulator/SwiftState.build/Objects-normal/x86_64/SwiftState_lto.o -Xlinker -no_deduplicate -Xlinker -objc_abi_version -Xlinker 2 -Xlinker -debug_variant -Xlinker -dependency_info -Xlinker /Users/aadityasingh/Library/Developer/Xcode/DerivedData/Chatlio-erkyzdeecsohoaggpwbjdvavzqfv/Build/Intermediates.noindex/SwiftState.build/Debug-iphonesimulator/SwiftState.build/Objects-normal/x86_64/SwiftState_dependency_info.dat -fobjc-link-runtime -L/Applications/Xcode.app/Contents/Developer/Toolchains/XcodeDefault.xctoolchain/usr/lib/swift/iphonesimulator -L/usr/lib/swift -Xlinker -add_ast_path -Xlinker /Users/aadityasingh/Library/Developer/Xcode/DerivedData/Chatlio-erkyzdeecsohoaggpwbjdvavzqfv/Build/Intermediates.noindex/SwiftState.build/Debug-iphonesimulator/SwiftState.build/Objects-normal/x86_64/SwiftState.swiftmodule @/Users/aadityasingh/Library/Developer/Xcode/DerivedData/Chatlio-erkyzdeecsohoaggpwbjdvavzqfv/Build/Intermediates.noindex/SwiftState.build/Debug-iphonesimulator/SwiftState.build/Objects-normal/x86_64/SwiftState-linker-args.resp -o /Users/aadityasingh/Library/Developer/Xcode/DerivedData/Chatlio-erkyzdeecsohoaggpwbjdvavzqfv/Build/Intermediates.noindex/SwiftState.build/Debug-iphonesimulator/SwiftState.build/Objects-normal/x86_64/Binary/SwiftState.o

Ld /Users/aadityasingh/Library/Developer/Xcode/DerivedData/Chatlio-erkyzdeecsohoaggpwbjdvavzqfv/Build/Intermediates.noindex/SwiftState.build/Debug-iphonesimulator/SwiftState.build/Objects-normal/arm64/Binary/SwiftState.o normal arm64 (in target 'SwiftState' from project 'SwiftState')
    cd /Users/aadityasingh/Library/Developer/Xcode/DerivedData/Chatlio-erkyzdeecsohoaggpwbjdvavzqfv/SourcePackages/checkouts/SwiftState
    /Applications/Xcode.app/Contents/Developer/Toolchains/XcodeDefault.xctoolchain/usr/bin/clang -Xlinker -reproducible -target arm64-apple-ios12.0-simulator -r -isysroot /Applications/Xcode.app/Contents/Developer/Platforms/iPhoneSimulator.platform/Developer/SDKs/iPhoneSimulator26.4.sdk -O0 -w -F/Users/aadityasingh/Library/Developer/Xcode/DerivedData/Chatlio-erkyzdeecsohoaggpwbjdvavzqfv/Build/Intermediates.noindex/EagerLinkingTBDs/Debug-iphonesimulator -F/Users/aadityasingh/Library/Developer/Xcode/DerivedData/Chatlio-erkyzdeecsohoaggpwbjdvavzqfv/Build/Products/Debug-iphonesimulator -iframework /Applications/Xcode.app/Contents/Developer/Platforms/iPhoneSimulator.platform/Developer/Library/Frameworks -iframework /Applications/Xcode.app/Contents/Developer/Platforms/iPhoneSimulator.platform/Developer/SDKs/iPhoneSimulator26.4.sdk/Developer/Library/Frameworks -filelist /Users/aadityasingh/Library/Developer/Xcode/DerivedData/Chatlio-erkyzdeecsohoaggpwbjdvavzqfv/Build/Intermediates.noindex/SwiftState.build/Debug-iphonesimulator/SwiftState.build/Objects-normal/arm64/SwiftState.LinkFileList -nostdlib -Xlinker -object_path_lto -Xlinker /Users/aadityasingh/Library/Developer/Xcode/DerivedData/Chatlio-erkyzdeecsohoaggpwbjdvavzqfv/Build/Intermediates.noindex/SwiftState.build/Debug-iphonesimulator/SwiftState.build/Objects-normal/arm64/SwiftState_lto.o -Xlinker -no_deduplicate -Xlinker -objc_abi_version -Xlinker 2 -Xlinker -debug_variant -Xlinker -dependency_info -Xlinker /Users/aadityasingh/Library/Developer/Xcode/DerivedData/Chatlio-erkyzdeecsohoaggpwbjdvavzqfv/Build/Intermediates.noindex/SwiftState.build/Debug-iphonesimulator/SwiftState.build/Objects-normal/arm64/SwiftState_dependency_info.dat -fobjc-link-runtime -L/Applications/Xcode.app/Contents/Developer/Toolchains/XcodeDefault.xctoolchain/usr/lib/swift/iphonesimulator -L/usr/lib/swift -Xlinker -add_ast_path -Xlinker /Users/aadityasingh/Library/Developer/Xcode/DerivedData/Chatlio-erkyzdeecsohoaggpwbjdvavzqfv/Build/Intermediates.noindex/SwiftState.build/Debug-iphonesimulator/SwiftState.build/Objects-normal/arm64/SwiftState.swiftmodule @/Users/aadityasingh/Library/Developer/Xcode/DerivedData/Chatlio-erkyzdeecsohoaggpwbjdvavzqfv/Build/Intermediates.noindex/SwiftState.build/Debug-iphonesimulator/SwiftState.build/Objects-normal/arm64/SwiftState-linker-args.resp -o /Users/aadityasingh/Library/Developer/Xcode/DerivedData/Chatlio-erkyzdeecsohoaggpwbjdvavzqfv/Build/Intermediates.noindex/SwiftState.build/Debug-iphonesimulator/SwiftState.build/Objects-normal/arm64/Binary/SwiftState.o

CreateUniversalBinary /Users/aadityasingh/Library/Developer/Xcode/DerivedData/Chatlio-erkyzdeecsohoaggpwbjdvavzqfv/Build/Products/Debug-iphonesimulator/Version.o normal arm64\ x86_64 (in target 'Version' from project 'Version')
    cd /Users/aadityasingh/Library/Developer/Xcode/DerivedData/Chatlio-erkyzdeecsohoaggpwbjdvavzqfv/SourcePackages/checkouts/Version
    /Applications/Xcode.app/Contents/Developer/Toolchains/XcodeDefault.xctoolchain/usr/bin/lipo -create /Users/aadityasingh/Library/Developer/Xcode/DerivedData/Chatlio-erkyzdeecsohoaggpwbjdvavzqfv/Build/Intermediates.noindex/Version.build/Debug-iphonesimulator/Version.build/Objects-normal/arm64/Binary/Version.o /Users/aadityasingh/Library/Developer/Xcode/DerivedData/Chatlio-erkyzdeecsohoaggpwbjdvavzqfv/Build/Intermediates.noindex/Version.build/Debug-iphonesimulator/Version.build/Objects-normal/x86_64/Binary/Version.o -output /Users/aadityasingh/Library/Developer/Xcode/DerivedData/Chatlio-erkyzdeecsohoaggpwbjdvavzqfv/Build/Products/Debug-iphonesimulator/Version.o

Ld /Users/aadityasingh/Library/Developer/Xcode/DerivedData/Chatlio-erkyzdeecsohoaggpwbjdvavzqfv/Build/Intermediates.noindex/SFSafeSymbols.build/Debug-iphonesimulator/SFSafeSymbols.build/Objects-normal/x86_64/Binary/SFSafeSymbols.o normal x86_64 (in target 'SFSafeSymbols' from project 'SFSafeSymbols')
    cd /Users/aadityasingh/Library/Developer/Xcode/DerivedData/Chatlio-erkyzdeecsohoaggpwbjdvavzqfv/SourcePackages/checkouts/SFSafeSymbols
    /Applications/Xcode.app/Contents/Developer/Toolchains/XcodeDefault.xctoolchain/usr/bin/clang -Xlinker -reproducible -target x86_64-apple-ios12.0-simulator -r -isysroot /Applications/Xcode.app/Contents/Developer/Platforms/iPhoneSimulator.platform/Developer/SDKs/iPhoneSimulator26.4.sdk -O0 -w -F/Users/aadityasingh/Library/Developer/Xcode/DerivedData/Chatlio-erkyzdeecsohoaggpwbjdvavzqfv/Build/Intermediates.noindex/EagerLinkingTBDs/Debug-iphonesimulator -F/Users/aadityasingh/Library/Developer/Xcode/DerivedData/Chatlio-erkyzdeecsohoaggpwbjdvavzqfv/Build/Products/Debug-iphonesimulator -iframework /Applications/Xcode.app/Contents/Developer/Platforms/iPhoneSimulator.platform/Developer/Library/Frameworks -iframework /Applications/Xcode.app/Contents/Developer/Platforms/iPhoneSimulator.platform/Developer/SDKs/iPhoneSimulator26.4.sdk/Developer/Library/Frameworks -filelist /Users/aadityasingh/Library/Developer/Xcode/DerivedData/Chatlio-erkyzdeecsohoaggpwbjdvavzqfv/Build/Intermediates.noindex/SFSafeSymbols.build/Debug-iphonesimulator/SFSafeSymbols.build/Objects-normal/x86_64/SFSafeSymbols.LinkFileList -nostdlib -Xlinker -object_path_lto -Xlinker /Users/aadityasingh/Library/Developer/Xcode/DerivedData/Chatlio-erkyzdeecsohoaggpwbjdvavzqfv/Build/Intermediates.noindex/SFSafeSymbols.build/Debug-iphonesimulator/SFSafeSymbols.build/Objects-normal/x86_64/SFSafeSymbols_lto.o -Xlinker -no_deduplicate -Xlinker -objc_abi_version -Xlinker 2 -Xlinker -debug_variant -Xlinker -dependency_info -Xlinker /Users/aadityasingh/Library/Developer/Xcode/DerivedData/Chatlio-erkyzdeecsohoaggpwbjdvavzqfv/Build/Intermediates.noindex/SFSafeSymbols.build/Debug-iphonesimulator/SFSafeSymbols.build/Objects-normal/x86_64/SFSafeSymbols_dependency_info.dat -fobjc-link-runtime -L/Applications/Xcode.app/Contents/Developer/Toolchains/XcodeDefault.xctoolchain/usr/lib/swift/iphonesimulator -L/usr/lib/swift -Xlinker -add_ast_path -Xlinker /Users/aadityasingh/Library/Developer/Xcode/DerivedData/Chatlio-erkyzdeecsohoaggpwbjdvavzqfv/Build/Intermediates.noindex/SFSafeSymbols.build/Debug-iphonesimulator/SFSafeSymbols.build/Objects-normal/x86_64/SFSafeSymbols.swiftmodule @/Users/aadityasingh/Library/Developer/Xcode/DerivedData/Chatlio-erkyzdeecsohoaggpwbjdvavzqfv/Build/Intermediates.noindex/SFSafeSymbols.build/Debug-iphonesimulator/SFSafeSymbols.build/Objects-normal/x86_64/SFSafeSymbols-linker-args.resp -o /Users/aadityasingh/Library/Developer/Xcode/DerivedData/Chatlio-erkyzdeecsohoaggpwbjdvavzqfv/Build/Intermediates.noindex/SFSafeSymbols.build/Debug-iphonesimulator/SFSafeSymbols.build/Objects-normal/x86_64/Binary/SFSafeSymbols.o

SwiftDriverJobDiscovery normal arm64 Compiling Storage.swift, CPListItem+Kingfisher.swift, HasImageComponent+Kingfisher.swift, ImageView+Kingfisher.swift, NSButton+Kingfisher.swift, NSTextAttachment+Kingfisher.swift (in target 'Kingfisher' from project 'Kingfisher')

Ld /Users/aadityasingh/Library/Developer/Xcode/DerivedData/Chatlio-erkyzdeecsohoaggpwbjdvavzqfv/Build/Intermediates.noindex/SFSafeSymbols.build/Debug-iphonesimulator/SFSafeSymbols.build/Objects-normal/arm64/Binary/SFSafeSymbols.o normal arm64 (in target 'SFSafeSymbols' from project 'SFSafeSymbols')
    cd /Users/aadityasingh/Library/Developer/Xcode/DerivedData/Chatlio-erkyzdeecsohoaggpwbjdvavzqfv/SourcePackages/checkouts/SFSafeSymbols
    /Applications/Xcode.app/Contents/Developer/Toolchains/XcodeDefault.xctoolchain/usr/bin/clang -Xlinker -reproducible -target arm64-apple-ios12.0-simulator -r -isysroot /Applications/Xcode.app/Contents/Developer/Platforms/iPhoneSimulator.platform/Developer/SDKs/iPhoneSimulator26.4.sdk -O0 -w -F/Users/aadityasingh/Library/Developer/Xcode/DerivedData/Chatlio-erkyzdeecsohoaggpwbjdvavzqfv/Build/Intermediates.noindex/EagerLinkingTBDs/Debug-iphonesimulator -F/Users/aadityasingh/Library/Developer/Xcode/DerivedData/Chatlio-erkyzdeecsohoaggpwbjdvavzqfv/Build/Products/Debug-iphonesimulator -iframework /Applications/Xcode.app/Contents/Developer/Platforms/iPhoneSimulator.platform/Developer/Library/Frameworks -iframework /Applications/Xcode.app/Contents/Developer/Platforms/iPhoneSimulator.platform/Developer/SDKs/iPhoneSimulator26.4.sdk/Developer/Library/Frameworks -filelist /Users/aadityasingh/Library/Developer/Xcode/DerivedData/Chatlio-erkyzdeecsohoaggpwbjdvavzqfv/Build/Intermediates.noindex/SFSafeSymbols.build/Debug-iphonesimulator/SFSafeSymbols.build/Objects-normal/arm64/SFSafeSymbols.LinkFileList -nostdlib -Xlinker -object_path_lto -Xlinker /Users/aadityasingh/Library/Developer/Xcode/DerivedData/Chatlio-erkyzdeecsohoaggpwbjdvavzqfv/Build/Intermediates.noindex/SFSafeSymbols.build/Debug-iphonesimulator/SFSafeSymbols.build/Objects-normal/arm64/SFSafeSymbols_lto.o -Xlinker -no_deduplicate -Xlinker -objc_abi_version -Xlinker 2 -Xlinker -debug_variant -Xlinker -dependency_info -Xlinker /Users/aadityasingh/Library/Developer/Xcode/DerivedData/Chatlio-erkyzdeecsohoaggpwbjdvavzqfv/Build/Intermediates.noindex/SFSafeSymbols.build/Debug-iphonesimulator/SFSafeSymbols.build/Objects-normal/arm64/SFSafeSymbols_dependency_info.dat -fobjc-link-runtime -L/Applications/Xcode.app/Contents/Developer/Toolchains/XcodeDefault.xctoolchain/usr/lib/swift/iphonesimulator -L/usr/lib/swift -Xlinker -add_ast_path -Xlinker /Users/aadityasingh/Library/Developer/Xcode/DerivedData/Chatlio-erkyzdeecsohoaggpwbjdvavzqfv/Build/Intermediates.noindex/SFSafeSymbols.build/Debug-iphonesimulator/SFSafeSymbols.build/Objects-normal/arm64/SFSafeSymbols.swiftmodule @/Users/aadityasingh/Library/Developer/Xcode/DerivedData/Chatlio-erkyzdeecsohoaggpwbjdvavzqfv/Build/Intermediates.noindex/SFSafeSymbols.build/Debug-iphonesimulator/SFSafeSymbols.build/Objects-normal/arm64/SFSafeSymbols-linker-args.resp -o /Users/aadityasingh/Library/Developer/Xcode/DerivedData/Chatlio-erkyzdeecsohoaggpwbjdvavzqfv/Build/Intermediates.noindex/SFSafeSymbols.build/Debug-iphonesimulator/SFSafeSymbols.build/Objects-normal/arm64/Binary/SFSafeSymbols.o

Ld /Users/aadityasingh/Library/Developer/Xcode/DerivedData/Chatlio-erkyzdeecsohoaggpwbjdvavzqfv/Build/Intermediates.noindex/swift-numerics.build/Debug-iphonesimulator/RealModule.build/Objects-normal/x86_64/Binary/RealModule.o normal x86_64 (in target 'RealModule' from project 'swift-numerics')
    cd /Users/aadityasingh/Library/Developer/Xcode/DerivedData/Chatlio-erkyzdeecsohoaggpwbjdvavzqfv/SourcePackages/checkouts/swift-numerics
    /Applications/Xcode.app/Contents/Developer/Toolchains/XcodeDefault.xctoolchain/usr/bin/clang -Xlinker -reproducible -target x86_64-apple-ios12.0-simulator -r -isysroot /Applications/Xcode.app/Contents/Developer/Platforms/iPhoneSimulator.platform/Developer/SDKs/iPhoneSimulator26.4.sdk -O0 -w -F/Users/aadityasingh/Library/Developer/Xcode/DerivedData/Chatlio-erkyzdeecsohoaggpwbjdvavzqfv/Build/Intermediates.noindex/EagerLinkingTBDs/Debug-iphonesimulator -F/Users/aadityasingh/Library/Developer/Xcode/DerivedData/Chatlio-erkyzdeecsohoaggpwbjdvavzqfv/Build/Products/Debug-iphonesimulator/PackageFrameworks -F/Users/aadityasingh/Library/Developer/Xcode/DerivedData/Chatlio-erkyzdeecsohoaggpwbjdvavzqfv/Build/Products/Debug-iphonesimulator -iframework /Applications/Xcode.app/Contents/Developer/Platforms/iPhoneSimulator.platform/Developer/Library/Frameworks -iframework /Applications/Xcode.app/Contents/Developer/Platforms/iPhoneSimulator.platform/Developer/SDKs/iPhoneSimulator26.4.sdk/Developer/Library/Frameworks -filelist /Users/aadityasingh/Library/Developer/Xcode/DerivedData/Chatlio-erkyzdeecsohoaggpwbjdvavzqfv/Build/Intermediates.noindex/swift-numerics.build/Debug-iphonesimulator/RealModule.build/Objects-normal/x86_64/RealModule.LinkFileList -nostdlib -Xlinker -object_path_lto -Xlinker /Users/aadityasingh/Library/Developer/Xcode/DerivedData/Chatlio-erkyzdeecsohoaggpwbjdvavzqfv/Build/Intermediates.noindex/swift-numerics.build/Debug-iphonesimulator/RealModule.build/Objects-normal/x86_64/RealModule_lto.o -Xlinker -no_deduplicate -Xlinker -objc_abi_version -Xlinker 2 -Xlinker -debug_variant -Xlinker -dependency_info -Xlinker /Users/aadityasingh/Library/Developer/Xcode/DerivedData/Chatlio-erkyzdeecsohoaggpwbjdvavzqfv/Build/Intermediates.noindex/swift-numerics.build/Debug-iphonesimulator/RealModule.build/Objects-normal/x86_64/RealModule_dependency_info.dat -fobjc-link-runtime -L/Applications/Xcode.app/Contents/Developer/Toolchains/XcodeDefault.xctoolchain/usr/lib/swift/iphonesimulator -L/usr/lib/swift -Xlinker -add_ast_path -Xlinker /Users/aadityasingh/Library/Developer/Xcode/DerivedData/Chatlio-erkyzdeecsohoaggpwbjdvavzqfv/Build/Intermediates.noindex/swift-numerics.build/Debug-iphonesimulator/RealModule.build/Objects-normal/x86_64/RealModule.swiftmodule @/Users/aadityasingh/Library/Developer/Xcode/DerivedData/Chatlio-erkyzdeecsohoaggpwbjdvavzqfv/Build/Intermediates.noindex/swift-numerics.build/Debug-iphonesimulator/RealModule.build/Objects-normal/x86_64/RealModule-linker-args.resp -o /Users/aadityasingh/Library/Developer/Xcode/DerivedData/Chatlio-erkyzdeecsohoaggpwbjdvavzqfv/Build/Intermediates.noindex/swift-numerics.build/Debug-iphonesimulator/RealModule.build/Objects-normal/x86_64/Binary/RealModule.o

Ld /Users/aadityasingh/Library/Developer/Xcode/DerivedData/Chatlio-erkyzdeecsohoaggpwbjdvavzqfv/Build/Intermediates.noindex/swift-numerics.build/Debug-iphonesimulator/RealModule.build/Objects-normal/arm64/Binary/RealModule.o normal arm64 (in target 'RealModule' from project 'swift-numerics')
    cd /Users/aadityasingh/Library/Developer/Xcode/DerivedData/Chatlio-erkyzdeecsohoaggpwbjdvavzqfv/SourcePackages/checkouts/swift-numerics
    /Applications/Xcode.app/Contents/Developer/Toolchains/XcodeDefault.xctoolchain/usr/bin/clang -Xlinker -reproducible -target arm64-apple-ios12.0-simulator -r -isysroot /Applications/Xcode.app/Contents/Developer/Platforms/iPhoneSimulator.platform/Developer/SDKs/iPhoneSimulator26.4.sdk -O0 -w -F/Users/aadityasingh/Library/Developer/Xcode/DerivedData/Chatlio-erkyzdeecsohoaggpwbjdvavzqfv/Build/Intermediates.noindex/EagerLinkingTBDs/Debug-iphonesimulator -F/Users/aadityasingh/Library/Developer/Xcode/DerivedData/Chatlio-erkyzdeecsohoaggpwbjdvavzqfv/Build/Products/Debug-iphonesimulator/PackageFrameworks -F/Users/aadityasingh/Library/Developer/Xcode/DerivedData/Chatlio-erkyzdeecsohoaggpwbjdvavzqfv/Build/Products/Debug-iphonesimulator -iframework /Applications/Xcode.app/Contents/Developer/Platforms/iPhoneSimulator.platform/Developer/Library/Frameworks -iframework /Applications/Xcode.app/Contents/Developer/Platforms/iPhoneSimulator.platform/Developer/SDKs/iPhoneSimulator26.4.sdk/Developer/Library/Frameworks -filelist /Users/aadityasingh/Library/Developer/Xcode/DerivedData/Chatlio-erkyzdeecsohoaggpwbjdvavzqfv/Build/Intermediates.noindex/swift-numerics.build/Debug-iphonesimulator/RealModule.build/Objects-normal/arm64/RealModule.LinkFileList -nostdlib -Xlinker -object_path_lto -Xlinker /Users/aadityasingh/Library/Developer/Xcode/DerivedData/Chatlio-erkyzdeecsohoaggpwbjdvavzqfv/Build/Intermediates.noindex/swift-numerics.build/Debug-iphonesimulator/RealModule.build/Objects-normal/arm64/RealModule_lto.o -Xlinker -no_deduplicate -Xlinker -objc_abi_version -Xlinker 2 -Xlinker -debug_variant -Xlinker -dependency_info -Xlinker /Users/aadityasingh/Library/Developer/Xcode/DerivedData/Chatlio-erkyzdeecsohoaggpwbjdvavzqfv/Build/Intermediates.noindex/swift-numerics.build/Debug-iphonesimulator/RealModule.build/Objects-normal/arm64/RealModule_dependency_info.dat -fobjc-link-runtime -L/Applications/Xcode.app/Contents/Developer/Toolchains/XcodeDefault.xctoolchain/usr/lib/swift/iphonesimulator -L/usr/lib/swift -Xlinker -add_ast_path -Xlinker /Users/aadityasingh/Library/Developer/Xcode/DerivedData/Chatlio-erkyzdeecsohoaggpwbjdvavzqfv/Build/Intermediates.noindex/swift-numerics.build/Debug-iphonesimulator/RealModule.build/Objects-normal/arm64/RealModule.swiftmodule @/Users/aadityasingh/Library/Developer/Xcode/DerivedData/Chatlio-erkyzdeecsohoaggpwbjdvavzqfv/Build/Intermediates.noindex/swift-numerics.build/Debug-iphonesimulator/RealModule.build/Objects-normal/arm64/RealModule-linker-args.resp -o /Users/aadityasingh/Library/Developer/Xcode/DerivedData/Chatlio-erkyzdeecsohoaggpwbjdvavzqfv/Build/Intermediates.noindex/swift-numerics.build/Debug-iphonesimulator/RealModule.build/Objects-normal/arm64/Binary/RealModule.o

CreateUniversalBinary /Users/aadityasingh/Library/Developer/Xcode/DerivedData/Chatlio-erkyzdeecsohoaggpwbjdvavzqfv/Build/Products/Debug-iphonesimulator/SwiftState.o normal arm64\ x86_64 (in target 'SwiftState' from project 'SwiftState')
    cd /Users/aadityasingh/Library/Developer/Xcode/DerivedData/Chatlio-erkyzdeecsohoaggpwbjdvavzqfv/SourcePackages/checkouts/SwiftState
    /Applications/Xcode.app/Contents/Developer/Toolchains/XcodeDefault.xctoolchain/usr/bin/lipo -create /Users/aadityasingh/Library/Developer/Xcode/DerivedData/Chatlio-erkyzdeecsohoaggpwbjdvavzqfv/Build/Intermediates.noindex/SwiftState.build/Debug-iphonesimulator/SwiftState.build/Objects-normal/arm64/Binary/SwiftState.o /Users/aadityasingh/Library/Developer/Xcode/DerivedData/Chatlio-erkyzdeecsohoaggpwbjdvavzqfv/Build/Intermediates.noindex/SwiftState.build/Debug-iphonesimulator/SwiftState.build/Objects-normal/x86_64/Binary/SwiftState.o -output /Users/aadityasingh/Library/Developer/Xcode/DerivedData/Chatlio-erkyzdeecsohoaggpwbjdvavzqfv/Build/Products/Debug-iphonesimulator/SwiftState.o

CreateUniversalBinary /Users/aadityasingh/Library/Developer/Xcode/DerivedData/Chatlio-erkyzdeecsohoaggpwbjdvavzqfv/Build/Products/Debug-iphonesimulator/SwiftUIIntrospect.o normal arm64\ x86_64 (in target 'SwiftUIIntrospect' from project 'swiftui-introspect')
    cd /Users/aadityasingh/Library/Developer/Xcode/DerivedData/Chatlio-erkyzdeecsohoaggpwbjdvavzqfv/SourcePackages/checkouts/SwiftUI-Introspect
    /Applications/Xcode.app/Contents/Developer/Toolchains/XcodeDefault.xctoolchain/usr/bin/lipo -create /Users/aadityasingh/Library/Developer/Xcode/DerivedData/Chatlio-erkyzdeecsohoaggpwbjdvavzqfv/Build/Intermediates.noindex/swiftui-introspect.build/Debug-iphonesimulator/SwiftUIIntrospect.build/Objects-normal/arm64/Binary/SwiftUIIntrospect.o /Users/aadityasingh/Library/Developer/Xcode/DerivedData/Chatlio-erkyzdeecsohoaggpwbjdvavzqfv/Build/Intermediates.noindex/swiftui-introspect.build/Debug-iphonesimulator/SwiftUIIntrospect.build/Objects-normal/x86_64/Binary/SwiftUIIntrospect.o -output /Users/aadityasingh/Library/Developer/Xcode/DerivedData/Chatlio-erkyzdeecsohoaggpwbjdvavzqfv/Build/Products/Debug-iphonesimulator/SwiftUIIntrospect.o

Ld /Users/aadityasingh/Library/Developer/Xcode/DerivedData/Chatlio-erkyzdeecsohoaggpwbjdvavzqfv/Build/Intermediates.noindex/LoremSwiftum.build/Debug-iphonesimulator/LoremSwiftum.build/Objects-normal/x86_64/Binary/LoremSwiftum.o normal x86_64 (in target 'LoremSwiftum' from project 'LoremSwiftum')
    cd /Users/aadityasingh/Library/Developer/Xcode/DerivedData/Chatlio-erkyzdeecsohoaggpwbjdvavzqfv/SourcePackages/checkouts/LoremSwiftum
    /Applications/Xcode.app/Contents/Developer/Toolchains/XcodeDefault.xctoolchain/usr/bin/clang -Xlinker -reproducible -target x86_64-apple-ios12.0-simulator -r -isysroot /Applications/Xcode.app/Contents/Developer/Platforms/iPhoneSimulator.platform/Developer/SDKs/iPhoneSimulator26.4.sdk -O0 -w -F/Users/aadityasingh/Library/Developer/Xcode/DerivedData/Chatlio-erkyzdeecsohoaggpwbjdvavzqfv/Build/Intermediates.noindex/EagerLinkingTBDs/Debug-iphonesimulator -F/Users/aadityasingh/Library/Developer/Xcode/DerivedData/Chatlio-erkyzdeecsohoaggpwbjdvavzqfv/Build/Products/Debug-iphonesimulator -iframework /Applications/Xcode.app/Contents/Developer/Platforms/iPhoneSimulator.platform/Developer/Library/Frameworks -iframework /Applications/Xcode.app/Contents/Developer/Platforms/iPhoneSimulator.platform/Developer/SDKs/iPhoneSimulator26.4.sdk/Developer/Library/Frameworks -filelist /Users/aadityasingh/Library/Developer/Xcode/DerivedData/Chatlio-erkyzdeecsohoaggpwbjdvavzqfv/Build/Intermediates.noindex/LoremSwiftum.build/Debug-iphonesimulator/LoremSwiftum.build/Objects-normal/x86_64/LoremSwiftum.LinkFileList -nostdlib -Xlinker -object_path_lto -Xlinker /Users/aadityasingh/Library/Developer/Xcode/DerivedData/Chatlio-erkyzdeecsohoaggpwbjdvavzqfv/Build/Intermediates.noindex/LoremSwiftum.build/Debug-iphonesimulator/LoremSwiftum.build/Objects-normal/x86_64/LoremSwiftum_lto.o -Xlinker -no_deduplicate -Xlinker -objc_abi_version -Xlinker 2 -Xlinker -debug_variant -Xlinker -dependency_info -Xlinker /Users/aadityasingh/Library/Developer/Xcode/DerivedData/Chatlio-erkyzdeecsohoaggpwbjdvavzqfv/Build/Intermediates.noindex/LoremSwiftum.build/Debug-iphonesimulator/LoremSwiftum.build/Objects-normal/x86_64/LoremSwiftum_dependency_info.dat -fobjc-link-runtime -L/Applications/Xcode.app/Contents/Developer/Toolchains/XcodeDefault.xctoolchain/usr/lib/swift/iphonesimulator -L/usr/lib/swift -Xlinker -add_ast_path -Xlinker /Users/aadityasingh/Library/Developer/Xcode/DerivedData/Chatlio-erkyzdeecsohoaggpwbjdvavzqfv/Build/Intermediates.noindex/LoremSwiftum.build/Debug-iphonesimulator/LoremSwiftum.build/Objects-normal/x86_64/LoremSwiftum.swiftmodule @/Users/aadityasingh/Library/Developer/Xcode/DerivedData/Chatlio-erkyzdeecsohoaggpwbjdvavzqfv/Build/Intermediates.noindex/LoremSwiftum.build/Debug-iphonesimulator/LoremSwiftum.build/Objects-normal/x86_64/LoremSwiftum-linker-args.resp -o /Users/aadityasingh/Library/Developer/Xcode/DerivedData/Chatlio-erkyzdeecsohoaggpwbjdvavzqfv/Build/Intermediates.noindex/LoremSwiftum.build/Debug-iphonesimulator/LoremSwiftum.build/Objects-normal/x86_64/Binary/LoremSwiftum.o

Ld /Users/aadityasingh/Library/Developer/Xcode/DerivedData/Chatlio-erkyzdeecsohoaggpwbjdvavzqfv/Build/Intermediates.noindex/LoremSwiftum.build/Debug-iphonesimulator/LoremSwiftum.build/Objects-normal/arm64/Binary/LoremSwiftum.o normal arm64 (in target 'LoremSwiftum' from project 'LoremSwiftum')
    cd /Users/aadityasingh/Library/Developer/Xcode/DerivedData/Chatlio-erkyzdeecsohoaggpwbjdvavzqfv/SourcePackages/checkouts/LoremSwiftum
    /Applications/Xcode.app/Contents/Developer/Toolchains/XcodeDefault.xctoolchain/usr/bin/clang -Xlinker -reproducible -target arm64-apple-ios12.0-simulator -r -isysroot /Applications/Xcode.app/Contents/Developer/Platforms/iPhoneSimulator.platform/Developer/SDKs/iPhoneSimulator26.4.sdk -O0 -w -F/Users/aadityasingh/Library/Developer/Xcode/DerivedData/Chatlio-erkyzdeecsohoaggpwbjdvavzqfv/Build/Intermediates.noindex/EagerLinkingTBDs/Debug-iphonesimulator -F/Users/aadityasingh/Library/Developer/Xcode/DerivedData/Chatlio-erkyzdeecsohoaggpwbjdvavzqfv/Build/Products/Debug-iphonesimulator -iframework /Applications/Xcode.app/Contents/Developer/Platforms/iPhoneSimulator.platform/Developer/Library/Frameworks -iframework /Applications/Xcode.app/Contents/Developer/Platforms/iPhoneSimulator.platform/Developer/SDKs/iPhoneSimulator26.4.sdk/Developer/Library/Frameworks -filelist /Users/aadityasingh/Library/Developer/Xcode/DerivedData/Chatlio-erkyzdeecsohoaggpwbjdvavzqfv/Build/Intermediates.noindex/LoremSwiftum.build/Debug-iphonesimulator/LoremSwiftum.build/Objects-normal/arm64/LoremSwiftum.LinkFileList -nostdlib -Xlinker -object_path_lto -Xlinker /Users/aadityasingh/Library/Developer/Xcode/DerivedData/Chatlio-erkyzdeecsohoaggpwbjdvavzqfv/Build/Intermediates.noindex/LoremSwiftum.build/Debug-iphonesimulator/LoremSwiftum.build/Objects-normal/arm64/LoremSwiftum_lto.o -Xlinker -no_deduplicate -Xlinker -objc_abi_version -Xlinker 2 -Xlinker -debug_variant -Xlinker -dependency_info -Xlinker /Users/aadityasingh/Library/Developer/Xcode/DerivedData/Chatlio-erkyzdeecsohoaggpwbjdvavzqfv/Build/Intermediates.noindex/LoremSwiftum.build/Debug-iphonesimulator/LoremSwiftum.build/Objects-normal/arm64/LoremSwiftum_dependency_info.dat -fobjc-link-runtime -L/Applications/Xcode.app/Contents/Developer/Toolchains/XcodeDefault.xctoolchain/usr/lib/swift/iphonesimulator -L/usr/lib/swift -Xlinker -add_ast_path -Xlinker /Users/aadityasingh/Library/Developer/Xcode/DerivedData/Chatlio-erkyzdeecsohoaggpwbjdvavzqfv/Build/Intermediates.noindex/LoremSwiftum.build/Debug-iphonesimulator/LoremSwiftum.build/Objects-normal/arm64/LoremSwiftum.swiftmodule @/Users/aadityasingh/Library/Developer/Xcode/DerivedData/Chatlio-erkyzdeecsohoaggpwbjdvavzqfv/Build/Intermediates.noindex/LoremSwiftum.build/Debug-iphonesimulator/LoremSwiftum.build/Objects-normal/arm64/LoremSwiftum-linker-args.resp -o /Users/aadityasingh/Library/Developer/Xcode/DerivedData/Chatlio-erkyzdeecsohoaggpwbjdvavzqfv/Build/Intermediates.noindex/LoremSwiftum.build/Debug-iphonesimulator/LoremSwiftum.build/Objects-normal/arm64/Binary/LoremSwiftum.o

Ld /Users/aadityasingh/Library/Developer/Xcode/DerivedData/Chatlio-erkyzdeecsohoaggpwbjdvavzqfv/Build/Intermediates.noindex/LRUCache.build/Debug-iphonesimulator/LRUCache.build/Objects-normal/x86_64/Binary/LRUCache.o normal x86_64 (in target 'LRUCache' from project 'LRUCache')
    cd /Users/aadityasingh/Library/Developer/Xcode/DerivedData/Chatlio-erkyzdeecsohoaggpwbjdvavzqfv/SourcePackages/checkouts/LRUCache
    /Applications/Xcode.app/Contents/Developer/Toolchains/XcodeDefault.xctoolchain/usr/bin/clang -Xlinker -reproducible -target x86_64-apple-ios13.0-simulator -r -isysroot /Applications/Xcode.app/Contents/Developer/Platforms/iPhoneSimulator.platform/Developer/SDKs/iPhoneSimulator26.4.sdk -O0 -w -F/Users/aadityasingh/Library/Developer/Xcode/DerivedData/Chatlio-erkyzdeecsohoaggpwbjdvavzqfv/Build/Intermediates.noindex/EagerLinkingTBDs/Debug-iphonesimulator -F/Users/aadityasingh/Library/Developer/Xcode/DerivedData/Chatlio-erkyzdeecsohoaggpwbjdvavzqfv/Build/Products/Debug-iphonesimulator -iframework /Applications/Xcode.app/Contents/Developer/Platforms/iPhoneSimulator.platform/Developer/Library/Frameworks -iframework /Applications/Xcode.app/Contents/Developer/Platforms/iPhoneSimulator.platform/Developer/SDKs/iPhoneSimulator26.4.sdk/Developer/Library/Frameworks -filelist /Users/aadityasingh/Library/Developer/Xcode/DerivedData/Chatlio-erkyzdeecsohoaggpwbjdvavzqfv/Build/Intermediates.noindex/LRUCache.build/Debug-iphonesimulator/LRUCache.build/Objects-normal/x86_64/LRUCache.LinkFileList -nostdlib -Xlinker -object_path_lto -Xlinker /Users/aadityasingh/Library/Developer/Xcode/DerivedData/Chatlio-erkyzdeecsohoaggpwbjdvavzqfv/Build/Intermediates.noindex/LRUCache.build/Debug-iphonesimulator/LRUCache.build/Objects-normal/x86_64/LRUCache_lto.o -Xlinker -no_deduplicate -Xlinker -objc_abi_version -Xlinker 2 -Xlinker -debug_variant -Xlinker -dependency_info -Xlinker /Users/aadityasingh/Library/Developer/Xcode/DerivedData/Chatlio-erkyzdeecsohoaggpwbjdvavzqfv/Build/Intermediates.noindex/LRUCache.build/Debug-iphonesimulator/LRUCache.build/Objects-normal/x86_64/LRUCache_dependency_info.dat -fobjc-link-runtime -L/Applications/Xcode.app/Contents/Developer/Toolchains/XcodeDefault.xctoolchain/usr/lib/swift/iphonesimulator -L/usr/lib/swift -Xlinker -add_ast_path -Xlinker /Users/aadityasingh/Library/Developer/Xcode/DerivedData/Chatlio-erkyzdeecsohoaggpwbjdvavzqfv/Build/Intermediates.noindex/LRUCache.build/Debug-iphonesimulator/LRUCache.build/Objects-normal/x86_64/LRUCache.swiftmodule @/Users/aadityasingh/Library/Developer/Xcode/DerivedData/Chatlio-erkyzdeecsohoaggpwbjdvavzqfv/Build/Intermediates.noindex/LRUCache.build/Debug-iphonesimulator/LRUCache.build/Objects-normal/x86_64/LRUCache-linker-args.resp -o /Users/aadityasingh/Library/Developer/Xcode/DerivedData/Chatlio-erkyzdeecsohoaggpwbjdvavzqfv/Build/Intermediates.noindex/LRUCache.build/Debug-iphonesimulator/LRUCache.build/Objects-normal/x86_64/Binary/LRUCache.o

CreateUniversalBinary /Users/aadityasingh/Library/Developer/Xcode/DerivedData/Chatlio-erkyzdeecsohoaggpwbjdvavzqfv/Build/Products/Debug-iphonesimulator/RealModule.o normal arm64\ x86_64 (in target 'RealModule' from project 'swift-numerics')
    cd /Users/aadityasingh/Library/Developer/Xcode/DerivedData/Chatlio-erkyzdeecsohoaggpwbjdvavzqfv/SourcePackages/checkouts/swift-numerics
    /Applications/Xcode.app/Contents/Developer/Toolchains/XcodeDefault.xctoolchain/usr/bin/lipo -create /Users/aadityasingh/Library/Developer/Xcode/DerivedData/Chatlio-erkyzdeecsohoaggpwbjdvavzqfv/Build/Intermediates.noindex/swift-numerics.build/Debug-iphonesimulator/RealModule.build/Objects-normal/arm64/Binary/RealModule.o /Users/aadityasingh/Library/Developer/Xcode/DerivedData/Chatlio-erkyzdeecsohoaggpwbjdvavzqfv/Build/Intermediates.noindex/swift-numerics.build/Debug-iphonesimulator/RealModule.build/Objects-normal/x86_64/Binary/RealModule.o -output /Users/aadityasingh/Library/Developer/Xcode/DerivedData/Chatlio-erkyzdeecsohoaggpwbjdvavzqfv/Build/Products/Debug-iphonesimulator/RealModule.o

Ld /Users/aadityasingh/Library/Developer/Xcode/DerivedData/Chatlio-erkyzdeecsohoaggpwbjdvavzqfv/Build/Intermediates.noindex/LRUCache.build/Debug-iphonesimulator/LRUCache.build/Objects-normal/arm64/Binary/LRUCache.o normal arm64 (in target 'LRUCache' from project 'LRUCache')
    cd /Users/aadityasingh/Library/Developer/Xcode/DerivedData/Chatlio-erkyzdeecsohoaggpwbjdvavzqfv/SourcePackages/checkouts/LRUCache
    /Applications/Xcode.app/Contents/Developer/Toolchains/XcodeDefault.xctoolchain/usr/bin/clang -Xlinker -reproducible -target arm64-apple-ios13.0-simulator -r -isysroot /Applications/Xcode.app/Contents/Developer/Platforms/iPhoneSimulator.platform/Developer/SDKs/iPhoneSimulator26.4.sdk -O0 -w -F/Users/aadityasingh/Library/Developer/Xcode/DerivedData/Chatlio-erkyzdeecsohoaggpwbjdvavzqfv/Build/Intermediates.noindex/EagerLinkingTBDs/Debug-iphonesimulator -F/Users/aadityasingh/Library/Developer/Xcode/DerivedData/Chatlio-erkyzdeecsohoaggpwbjdvavzqfv/Build/Products/Debug-iphonesimulator -iframework /Applications/Xcode.app/Contents/Developer/Platforms/iPhoneSimulator.platform/Developer/Library/Frameworks -iframework /Applications/Xcode.app/Contents/Developer/Platforms/iPhoneSimulator.platform/Developer/SDKs/iPhoneSimulator26.4.sdk/Developer/Library/Frameworks -filelist /Users/aadityasingh/Library/Developer/Xcode/DerivedData/Chatlio-erkyzdeecsohoaggpwbjdvavzqfv/Build/Intermediates.noindex/LRUCache.build/Debug-iphonesimulator/LRUCache.build/Objects-normal/arm64/LRUCache.LinkFileList -nostdlib -Xlinker -object_path_lto -Xlinker /Users/aadityasingh/Library/Developer/Xcode/DerivedData/Chatlio-erkyzdeecsohoaggpwbjdvavzqfv/Build/Intermediates.noindex/LRUCache.build/Debug-iphonesimulator/LRUCache.build/Objects-normal/arm64/LRUCache_lto.o -Xlinker -no_deduplicate -Xlinker -objc_abi_version -Xlinker 2 -Xlinker -debug_variant -Xlinker -dependency_info -Xlinker /Users/aadityasingh/Library/Developer/Xcode/DerivedData/Chatlio-erkyzdeecsohoaggpwbjdvavzqfv/Build/Intermediates.noindex/LRUCache.build/Debug-iphonesimulator/LRUCache.build/Objects-normal/arm64/LRUCache_dependency_info.dat -fobjc-link-runtime -L/Applications/Xcode.app/Contents/Developer/Toolchains/XcodeDefault.xctoolchain/usr/lib/swift/iphonesimulator -L/usr/lib/swift -Xlinker -add_ast_path -Xlinker /Users/aadityasingh/Library/Developer/Xcode/DerivedData/Chatlio-erkyzdeecsohoaggpwbjdvavzqfv/Build/Intermediates.noindex/LRUCache.build/Debug-iphonesimulator/LRUCache.build/Objects-normal/arm64/LRUCache.swiftmodule @/Users/aadityasingh/Library/Developer/Xcode/DerivedData/Chatlio-erkyzdeecsohoaggpwbjdvavzqfv/Build/Intermediates.noindex/LRUCache.build/Debug-iphonesimulator/LRUCache.build/Objects-normal/arm64/LRUCache-linker-args.resp -o /Users/aadityasingh/Library/Developer/Xcode/DerivedData/Chatlio-erkyzdeecsohoaggpwbjdvavzqfv/Build/Intermediates.noindex/LRUCache.build/Debug-iphonesimulator/LRUCache.build/Objects-normal/arm64/Binary/LRUCache.o

SwiftDriver KZFileWatchers normal arm64 com.apple.xcode.tools.swift.compiler (in target 'KZFileWatchers' from project 'KZFileWatchers')
    cd /Users/aadityasingh/Documents/Development/element-x-ios/Chatlio.xcodeproj
    builtin-SwiftDriver -- /Applications/Xcode.app/Contents/Developer/Toolchains/XcodeDefault.xctoolchain/usr/bin/swiftc -module-name KZFileWatchers -Onone @/Users/aadityasingh/Library/Developer/Xcode/DerivedData/Chatlio-erkyzdeecsohoaggpwbjdvavzqfv/Build/Intermediates.noindex/KZFileWatchers.build/Debug-iphonesimulator/KZFileWatchers.build/Objects-normal/arm64/KZFileWatchers.SwiftFileList -DSWIFT_PACKAGE -DDEBUG -DSWIFT_MODULE_RESOURCE_BUNDLE_UNAVAILABLE -DXcode -plugin-path /Applications/Xcode.app/Contents/Developer/Toolchains/XcodeDefault.xctoolchain/usr/lib/swift/host/plugins/testing -enable-experimental-feature DebugDescriptionMacro -sdk /Applications/Xcode.app/Contents/Developer/Platforms/iPhoneSimulator.platform/Developer/SDKs/iPhoneSimulator26.4.sdk -target arm64-apple-ios12.0-simulator -g -module-cache-path /Users/aadityasingh/Library/Developer/Xcode/DerivedData/ModuleCache.noindex -Xfrontend -serialize-debugging-options -profile-coverage-mapping -profile-generate -enable-testing -suppress-warnings -index-store-path /Users/aadityasingh/Library/Developer/Xcode/DerivedData/Chatlio-erkyzdeecsohoaggpwbjdvavzqfv/Index.noindex/DataStore -Xcc -D_LIBCPP_HARDENING_MODE\=_LIBCPP_HARDENING_MODE_DEBUG -swift-version 5 -I /Users/aadityasingh/Library/Developer/Xcode/DerivedData/Chatlio-erkyzdeecsohoaggpwbjdvavzqfv/Build/Products/Debug-iphonesimulator -Isystem /Applications/Xcode.app/Contents/Developer/Platforms/iPhoneSimulator.platform/Developer/usr/lib -F /Users/aadityasingh/Library/Developer/Xcode/DerivedData/Chatlio-erkyzdeecsohoaggpwbjdvavzqfv/Build/Products/Debug-iphonesimulator -F /Applications/Xcode.app/Contents/Developer/Platforms/iPhoneSimulator.platform/Developer/Library/Frameworks -F /Applications/Xcode.app/Contents/Developer/Platforms/iPhoneSimulator.platform/Developer/SDKs/iPhoneSimulator26.4.sdk/Developer/Library/Frameworks -c -j12 -enable-batch-mode -incremental -Xcc -ivfsstatcache -Xcc /Users/aadityasingh/Library/Developer/Xcode/DerivedData/SDKStatCaches.noindex/iphonesimulator26.4-23E252-686eebb5dc1d8ecb277353a59184f4aa.sdkstatcache -output-file-map /Users/aadityasingh/Library/Developer/Xcode/DerivedData/Chatlio-erkyzdeecsohoaggpwbjdvavzqfv/Build/Intermediates.noindex/KZFileWatchers.build/Debug-iphonesimulator/KZFileWatchers.build/Objects-normal/arm64/KZFileWatchers-OutputFileMap.json -use-frontend-parseable-output -save-temps -no-color-diagnostics -explicit-module-build -module-cache-path /Users/aadityasingh/Library/Developer/Xcode/DerivedData/Chatlio-erkyzdeecsohoaggpwbjdvavzqfv/Build/Intermediates.noindex/SwiftExplicitPrecompiledModules -clang-scanner-module-cache-path /Users/aadityasingh/Library/Developer/Xcode/DerivedData/ModuleCache.noindex -sdk-module-cache-path /Users/aadityasingh/Library/Developer/Xcode/DerivedData/ModuleCache.noindex -serialize-diagnostics -emit-dependencies -emit-module -emit-module-path /Users/aadityasingh/Library/Developer/Xcode/DerivedData/Chatlio-erkyzdeecsohoaggpwbjdvavzqfv/Build/Intermediates.noindex/KZFileWatchers.build/Debug-iphonesimulator/KZFileWatchers.build/Objects-normal/arm64/KZFileWatchers.swiftmodule -validate-clang-modules-once -clang-build-session-file /Users/aadityasingh/Library/Developer/Xcode/DerivedData/ModuleCache.noindex/Session.modulevalidation -Xcc -I/Users/aadityasingh/Library/Developer/Xcode/DerivedData/Chatlio-erkyzdeecsohoaggpwbjdvavzqfv/Build/Intermediates.noindex/KZFileWatchers.build/Debug-iphonesimulator/KZFileWatchers.build/swift-overrides.hmap -emit-const-values -Xfrontend -const-gather-protocols-file -Xfrontend /Users/aadityasingh/Library/Developer/Xcode/DerivedData/Chatlio-erkyzdeecsohoaggpwbjdvavzqfv/Build/Intermediates.noindex/KZFileWatchers.build/Debug-iphonesimulator/KZFileWatchers.build/Objects-normal/arm64/KZFileWatchers_const_extract_protocols.json -Xcc -I/Users/aadityasingh/Library/Developer/Xcode/DerivedData/Chatlio-erkyzdeecsohoaggpwbjdvavzqfv/Build/Products/Debug-iphonesimulator/include -Xcc -I/Users/aadityasingh/Library/Developer/Xcode/DerivedData/Chatlio-erkyzdeecsohoaggpwbjdvavzqfv/Build/Intermediates.noindex/KZFileWatchers.build/Debug-iphonesimulator/KZFileWatchers.build/DerivedSources-normal/arm64 -Xcc -I/Users/aadityasingh/Library/Developer/Xcode/DerivedData/Chatlio-erkyzdeecsohoaggpwbjdvavzqfv/Build/Intermediates.noindex/KZFileWatchers.build/Debug-iphonesimulator/KZFileWatchers.build/DerivedSources/arm64 -Xcc -I/Users/aadityasingh/Library/Developer/Xcode/DerivedData/Chatlio-erkyzdeecsohoaggpwbjdvavzqfv/Build/Intermediates.noindex/KZFileWatchers.build/Debug-iphonesimulator/KZFileWatchers.build/DerivedSources -Xcc -DSWIFT_PACKAGE -Xcc -DDEBUG\=1 -emit-objc-header -emit-objc-header-path /Users/aadityasingh/Library/Developer/Xcode/DerivedData/Chatlio-erkyzdeecsohoaggpwbjdvavzqfv/Build/Intermediates.noindex/KZFileWatchers.build/Debug-iphonesimulator/KZFileWatchers.build/Objects-normal/arm64/KZFileWatchers-Swift.h -working-directory /Users/aadityasingh/Documents/Development/element-x-ios/Chatlio.xcodeproj -experimental-emit-module-separately -disable-cmo

SwiftDriver KZFileWatchers normal x86_64 com.apple.xcode.tools.swift.compiler (in target 'KZFileWatchers' from project 'KZFileWatchers')
    cd /Users/aadityasingh/Documents/Development/element-x-ios/Chatlio.xcodeproj
    builtin-SwiftDriver -- /Applications/Xcode.app/Contents/Developer/Toolchains/XcodeDefault.xctoolchain/usr/bin/swiftc -module-name KZFileWatchers -Onone @/Users/aadityasingh/Library/Developer/Xcode/DerivedData/Chatlio-erkyzdeecsohoaggpwbjdvavzqfv/Build/Intermediates.noindex/KZFileWatchers.build/Debug-iphonesimulator/KZFileWatchers.build/Objects-normal/x86_64/KZFileWatchers.SwiftFileList -DSWIFT_PACKAGE -DDEBUG -DSWIFT_MODULE_RESOURCE_BUNDLE_UNAVAILABLE -DXcode -plugin-path /Applications/Xcode.app/Contents/Developer/Toolchains/XcodeDefault.xctoolchain/usr/lib/swift/host/plugins/testing -enable-experimental-feature DebugDescriptionMacro -sdk /Applications/Xcode.app/Contents/Developer/Platforms/iPhoneSimulator.platform/Developer/SDKs/iPhoneSimulator26.4.sdk -target x86_64-apple-ios12.0-simulator -g -module-cache-path /Users/aadityasingh/Library/Developer/Xcode/DerivedData/ModuleCache.noindex -Xfrontend -serialize-debugging-options -profile-coverage-mapping -profile-generate -enable-testing -suppress-warnings -index-store-path /Users/aadityasingh/Library/Developer/Xcode/DerivedData/Chatlio-erkyzdeecsohoaggpwbjdvavzqfv/Index.noindex/DataStore -Xcc -D_LIBCPP_HARDENING_MODE\=_LIBCPP_HARDENING_MODE_DEBUG -swift-version 5 -I /Users/aadityasingh/Library/Developer/Xcode/DerivedData/Chatlio-erkyzdeecsohoaggpwbjdvavzqfv/Build/Products/Debug-iphonesimulator -Isystem /Applications/Xcode.app/Contents/Developer/Platforms/iPhoneSimulator.platform/Developer/usr/lib -F /Users/aadityasingh/Library/Developer/Xcode/DerivedData/Chatlio-erkyzdeecsohoaggpwbjdvavzqfv/Build/Products/Debug-iphonesimulator -F /Applications/Xcode.app/Contents/Developer/Platforms/iPhoneSimulator.platform/Developer/Library/Frameworks -F /Applications/Xcode.app/Contents/Developer/Platforms/iPhoneSimulator.platform/Developer/SDKs/iPhoneSimulator26.4.sdk/Developer/Library/Frameworks -c -j12 -enable-batch-mode -incremental -Xcc -ivfsstatcache -Xcc /Users/aadityasingh/Library/Developer/Xcode/DerivedData/SDKStatCaches.noindex/iphonesimulator26.4-23E252-686eebb5dc1d8ecb277353a59184f4aa.sdkstatcache -output-file-map /Users/aadityasingh/Library/Developer/Xcode/DerivedData/Chatlio-erkyzdeecsohoaggpwbjdvavzqfv/Build/Intermediates.noindex/KZFileWatchers.build/Debug-iphonesimulator/KZFileWatchers.build/Objects-normal/x86_64/KZFileWatchers-OutputFileMap.json -use-frontend-parseable-output -save-temps -no-color-diagnostics -explicit-module-build -module-cache-path /Users/aadityasingh/Library/Developer/Xcode/DerivedData/Chatlio-erkyzdeecsohoaggpwbjdvavzqfv/Build/Intermediates.noindex/SwiftExplicitPrecompiledModules -clang-scanner-module-cache-path /Users/aadityasingh/Library/Developer/Xcode/DerivedData/ModuleCache.noindex -sdk-module-cache-path /Users/aadityasingh/Library/Developer/Xcode/DerivedData/ModuleCache.noindex -serialize-diagnostics -emit-dependencies -emit-module -emit-module-path /Users/aadityasingh/Library/Developer/Xcode/DerivedData/Chatlio-erkyzdeecsohoaggpwbjdvavzqfv/Build/Intermediates.noindex/KZFileWatchers.build/Debug-iphonesimulator/KZFileWatchers.build/Objects-normal/x86_64/KZFileWatchers.swiftmodule -validate-clang-modules-once -clang-build-session-file /Users/aadityasingh/Library/Developer/Xcode/DerivedData/ModuleCache.noindex/Session.modulevalidation -Xcc -I/Users/aadityasingh/Library/Developer/Xcode/DerivedData/Chatlio-erkyzdeecsohoaggpwbjdvavzqfv/Build/Intermediates.noindex/KZFileWatchers.build/Debug-iphonesimulator/KZFileWatchers.build/swift-overrides.hmap -emit-const-values -Xfrontend -const-gather-protocols-file -Xfrontend /Users/aadityasingh/Library/Developer/Xcode/DerivedData/Chatlio-erkyzdeecsohoaggpwbjdvavzqfv/Build/Intermediates.noindex/KZFileWatchers.build/Debug-iphonesimulator/KZFileWatchers.build/Objects-normal/x86_64/KZFileWatchers_const_extract_protocols.json -Xcc -I/Users/aadityasingh/Library/Developer/Xcode/DerivedData/Chatlio-erkyzdeecsohoaggpwbjdvavzqfv/Build/Products/Debug-iphonesimulator/include -Xcc -I/Users/aadityasingh/Library/Developer/Xcode/DerivedData/Chatlio-erkyzdeecsohoaggpwbjdvavzqfv/Build/Intermediates.noindex/KZFileWatchers.build/Debug-iphonesimulator/KZFileWatchers.build/DerivedSources-normal/x86_64 -Xcc -I/Users/aadityasingh/Library/Developer/Xcode/DerivedData/Chatlio-erkyzdeecsohoaggpwbjdvavzqfv/Build/Intermediates.noindex/KZFileWatchers.build/Debug-iphonesimulator/KZFileWatchers.build/DerivedSources/x86_64 -Xcc -I/Users/aadityasingh/Library/Developer/Xcode/DerivedData/Chatlio-erkyzdeecsohoaggpwbjdvavzqfv/Build/Intermediates.noindex/KZFileWatchers.build/Debug-iphonesimulator/KZFileWatchers.build/DerivedSources -Xcc -DSWIFT_PACKAGE -Xcc -DDEBUG\=1 -emit-objc-header -emit-objc-header-path /Users/aadityasingh/Library/Developer/Xcode/DerivedData/Chatlio-erkyzdeecsohoaggpwbjdvavzqfv/Build/Intermediates.noindex/KZFileWatchers.build/Debug-iphonesimulator/KZFileWatchers.build/Objects-normal/x86_64/KZFileWatchers-Swift.h -working-directory /Users/aadityasingh/Documents/Development/element-x-ios/Chatlio.xcodeproj -experimental-emit-module-separately -disable-cmo

CreateUniversalBinary /Users/aadityasingh/Library/Developer/Xcode/DerivedData/Chatlio-erkyzdeecsohoaggpwbjdvavzqfv/Build/Products/Debug-iphonesimulator/LoremSwiftum.o normal arm64\ x86_64 (in target 'LoremSwiftum' from project 'LoremSwiftum')
    cd /Users/aadityasingh/Library/Developer/Xcode/DerivedData/Chatlio-erkyzdeecsohoaggpwbjdvavzqfv/SourcePackages/checkouts/LoremSwiftum
    /Applications/Xcode.app/Contents/Developer/Toolchains/XcodeDefault.xctoolchain/usr/bin/lipo -create /Users/aadityasingh/Library/Developer/Xcode/DerivedData/Chatlio-erkyzdeecsohoaggpwbjdvavzqfv/Build/Intermediates.noindex/LoremSwiftum.build/Debug-iphonesimulator/LoremSwiftum.build/Objects-normal/arm64/Binary/LoremSwiftum.o /Users/aadityasingh/Library/Developer/Xcode/DerivedData/Chatlio-erkyzdeecsohoaggpwbjdvavzqfv/Build/Intermediates.noindex/LoremSwiftum.build/Debug-iphonesimulator/LoremSwiftum.build/Objects-normal/x86_64/Binary/LoremSwiftum.o -output /Users/aadityasingh/Library/Developer/Xcode/DerivedData/Chatlio-erkyzdeecsohoaggpwbjdvavzqfv/Build/Products/Debug-iphonesimulator/LoremSwiftum.o

SwiftDriverJobDiscovery normal x86_64 Compiling Placeholder.swift, AuthenticationChallengeResponsable.swift, ImageDataProcessor.swift, ImageDownloader+LivePhoto.swift, ImageDownloader.swift, ImageDownloaderDelegate.swift (in target 'Kingfisher' from project 'Kingfisher')

SwiftDriver InternalCollectionsUtilities normal arm64 com.apple.xcode.tools.swift.compiler (in target 'InternalCollectionsUtilities' from project 'swift-collections')
    cd /Users/aadityasingh/Documents/Development/element-x-ios/Chatlio.xcodeproj
    builtin-SwiftDriver -- /Applications/Xcode.app/Contents/Developer/Toolchains/XcodeDefault.xctoolchain/usr/bin/swiftc -module-name InternalCollectionsUtilities -Onone @/Users/aadityasingh/Library/Developer/Xcode/DerivedData/Chatlio-erkyzdeecsohoaggpwbjdvavzqfv/Build/Intermediates.noindex/swift-collections.build/Debug-iphonesimulator/InternalCollectionsUtilities.build/Objects-normal/arm64/InternalCollectionsUtilities.SwiftFileList -DSWIFT_PACKAGE -DDEBUG -DSWIFT_MODULE_RESOURCE_BUNDLE_UNAVAILABLE -DCOLLECTIONS_RANDOMIZED_TESTING -DXcode -enable-experimental-feature AvailabilityMacro\=SwiftStdlib\ 5.0:\ macOS\ 10.14.4,\ iOS\ 12.2,\ watchOS\ 5.2,\ tvOS\ 12.2 -enable-experimental-feature AvailabilityMacro\=SwiftStdlib\ 5.1:\ macOS\ 10.15,\ iOS\ 13.0,\ watchOS\ 6.0,\ tvOS\ 13.0 -enable-experimental-feature AvailabilityMacro\=SwiftStdlib\ 5.6:\ macOS\ 12.3,\ iOS\ 15.4,\ watchOS\ 8.5,\ tvOS\ 15.4 -enable-experimental-feature AvailabilityMacro\=SwiftStdlib\ 5.8:\ macOS\ 13.3,\ iOS\ 16.4,\ watchOS\ 9.4,\ tvOS\ 16.4 -enable-experimental-feature AvailabilityMacro\=SwiftStdlib\ 5.9:\ macOS\ 14.0,\ iOS\ 17.0,\ watchOS\ 10.0,\ tvOS\ 17.0 -enable-experimental-feature AvailabilityMacro\=SwiftStdlib\ 5.10:\ macOS\ 14.4,\ iOS\ 17.4,\ watchOS\ 10.4,\ tvOS\ 17.4,\ visionOS\ 1.1 -enable-experimental-feature AvailabilityMacro\=SwiftStdlib\ 6.0:\ macOS\ 15.0,\ iOS\ 18.0,\ watchOS\ 11.0,\ tvOS\ 18.0,\ visionOS\ 2.0 -enable-experimental-feature AvailabilityMacro\=SwiftStdlib\ 6.1:\ macOS\ 15.4,\ iOS\ 18.4,\ watchOS\ 11.4,\ tvOS\ 18.4,\ visionOS\ 2.4 -enable-experimental-feature AvailabilityMacro\=SwiftStdlib\ 6.2:\ macOS\ 26.0,\ iOS\ 26.0,\ watchOS\ 26.0,\ tvOS\ 26.0,\ visionOS\ 26.0 -enable-upcoming-feature MemberImportVisibility -enable-experimental-feature BuiltinModule -enable-experimental-feature Lifetimes -enable-experimental-feature InoutLifetimeDependence -enable-experimental-feature SuppressedAssociatedTypes -plugin-path /Applications/Xcode.app/Contents/Developer/Toolchains/XcodeDefault.xctoolchain/usr/lib/swift/host/plugins/testing -enable-experimental-feature DebugDescriptionMacro -sdk /Applications/Xcode.app/Contents/Developer/Platforms/iPhoneSimulator.platform/Developer/SDKs/iPhoneSimulator26.4.sdk -target arm64-apple-ios12.0-simulator -g -module-cache-path /Users/aadityasingh/Library/Developer/Xcode/DerivedData/ModuleCache.noindex -Xfrontend -serialize-debugging-options -profile-coverage-mapping -profile-generate -enable-testing -suppress-warnings -index-store-path /Users/aadityasingh/Library/Developer/Xcode/DerivedData/Chatlio-erkyzdeecsohoaggpwbjdvavzqfv/Index.noindex/DataStore -Xcc -D_LIBCPP_HARDENING_MODE\=_LIBCPP_HARDENING_MODE_DEBUG -swift-version 6 -I /Users/aadityasingh/Library/Developer/Xcode/DerivedData/Chatlio-erkyzdeecsohoaggpwbjdvavzqfv/Build/Products/Debug-iphonesimulator -Isystem /Applications/Xcode.app/Contents/Developer/Platforms/iPhoneSimulator.platform/Developer/usr/lib -F /Users/aadityasingh/Library/Developer/Xcode/DerivedData/Chatlio-erkyzdeecsohoaggpwbjdvavzqfv/Build/Products/Debug-iphonesimulator -F /Applications/Xcode.app/Contents/Developer/Platforms/iPhoneSimulator.platform/Developer/Library/Frameworks -F /Applications/Xcode.app/Contents/Developer/Platforms/iPhoneSimulator.platform/Developer/SDKs/iPhoneSimulator26.4.sdk/Developer/Library/Frameworks -c -j12 -enable-batch-mode -incremental -Xcc -ivfsstatcache -Xcc /Users/aadityasingh/Library/Developer/Xcode/DerivedData/SDKStatCaches.noindex/iphonesimulator26.4-23E252-686eebb5dc1d8ecb277353a59184f4aa.sdkstatcache -output-file-map /Users/aadityasingh/Library/Developer/Xcode/DerivedData/Chatlio-erkyzdeecsohoaggpwbjdvavzqfv/Build/Intermediates.noindex/swift-collections.build/Debug-iphonesimulator/InternalCollectionsUtilities.build/Objects-normal/arm64/InternalCollectionsUtilities-OutputFileMap.json -use-frontend-parseable-output -save-temps -no-color-diagnostics -explicit-module-build -module-cache-path /Users/aadityasingh/Library/Developer/Xcode/DerivedData/Chatlio-erkyzdeecsohoaggpwbjdvavzqfv/Build/Intermediates.noindex/SwiftExplicitPrecompiledModules -clang-scanner-module-cache-path /Users/aadityasingh/Library/Developer/Xcode/DerivedData/ModuleCache.noindex -sdk-module-cache-path /Users/aadityasingh/Library/Developer/Xcode/DerivedData/ModuleCache.noindex -serialize-diagnostics -emit-dependencies -emit-module -emit-module-path /Users/aadityasingh/Library/Developer/Xcode/DerivedData/Chatlio-erkyzdeecsohoaggpwbjdvavzqfv/Build/Intermediates.noindex/swift-collections.build/Debug-iphonesimulator/InternalCollectionsUtilities.build/Objects-normal/arm64/InternalCollectionsUtilities.swiftmodule -user-module-version 1.3.0 -validate-clang-modules-once -clang-build-session-file /Users/aadityasingh/Library/Developer/Xcode/DerivedData/ModuleCache.noindex/Session.modulevalidation -package-name swift_collections -Xcc -I/Users/aadityasingh/Library/Developer/Xcode/DerivedData/Chatlio-erkyzdeecsohoaggpwbjdvavzqfv/Build/Intermediates.noindex/swift-collections.build/Debug-iphonesimulator/InternalCollectionsUtilities.build/swift-overrides.hmap -emit-const-values -Xfrontend -const-gather-protocols-file -Xfrontend /Users/aadityasingh/Library/Developer/Xcode/DerivedData/Chatlio-erkyzdeecsohoaggpwbjdvavzqfv/Build/Intermediates.noindex/swift-collections.build/Debug-iphonesimulator/InternalCollectionsUtilities.build/Objects-normal/arm64/InternalCollectionsUtilities_const_extract_protocols.json -Xcc -I/Users/aadityasingh/Library/Developer/Xcode/DerivedData/Chatlio-erkyzdeecsohoaggpwbjdvavzqfv/Build/Products/Debug-iphonesimulator/include -Xcc -I/Users/aadityasingh/Library/Developer/Xcode/DerivedData/Chatlio-erkyzdeecsohoaggpwbjdvavzqfv/Build/Intermediates.noindex/swift-collections.build/Debug-iphonesimulator/InternalCollectionsUtilities.build/DerivedSources-normal/arm64 -Xcc -I/Users/aadityasingh/Library/Developer/Xcode/DerivedData/Chatlio-erkyzdeecsohoaggpwbjdvavzqfv/Build/Intermediates.noindex/swift-collections.build/Debug-iphonesimulator/InternalCollectionsUtilities.build/DerivedSources/arm64 -Xcc -I/Users/aadityasingh/Library/Developer/Xcode/DerivedData/Chatlio-erkyzdeecsohoaggpwbjdvavzqfv/Build/Intermediates.noindex/swift-collections.build/Debug-iphonesimulator/InternalCollectionsUtilities.build/DerivedSources -Xcc -DSWIFT_PACKAGE -Xcc -DDEBUG\=1 -emit-objc-header -emit-objc-header-path /Users/aadityasingh/Library/Developer/Xcode/DerivedData/Chatlio-erkyzdeecsohoaggpwbjdvavzqfv/Build/Intermediates.noindex/swift-collections.build/Debug-iphonesimulator/InternalCollectionsUtilities.build/Objects-normal/arm64/InternalCollectionsUtilities-Swift.h -working-directory /Users/aadityasingh/Documents/Development/element-x-ios/Chatlio.xcodeproj -experimental-emit-module-separately -disable-cmo

SwiftDriver InternalCollectionsUtilities normal x86_64 com.apple.xcode.tools.swift.compiler (in target 'InternalCollectionsUtilities' from project 'swift-collections')
    cd /Users/aadityasingh/Documents/Development/element-x-ios/Chatlio.xcodeproj
    builtin-SwiftDriver -- /Applications/Xcode.app/Contents/Developer/Toolchains/XcodeDefault.xctoolchain/usr/bin/swiftc -module-name InternalCollectionsUtilities -Onone @/Users/aadityasingh/Library/Developer/Xcode/DerivedData/Chatlio-erkyzdeecsohoaggpwbjdvavzqfv/Build/Intermediates.noindex/swift-collections.build/Debug-iphonesimulator/InternalCollectionsUtilities.build/Objects-normal/x86_64/InternalCollectionsUtilities.SwiftFileList -DSWIFT_PACKAGE -DDEBUG -DSWIFT_MODULE_RESOURCE_BUNDLE_UNAVAILABLE -DCOLLECTIONS_RANDOMIZED_TESTING -DXcode -enable-experimental-feature AvailabilityMacro\=SwiftStdlib\ 5.0:\ macOS\ 10.14.4,\ iOS\ 12.2,\ watchOS\ 5.2,\ tvOS\ 12.2 -enable-experimental-feature AvailabilityMacro\=SwiftStdlib\ 5.1:\ macOS\ 10.15,\ iOS\ 13.0,\ watchOS\ 6.0,\ tvOS\ 13.0 -enable-experimental-feature AvailabilityMacro\=SwiftStdlib\ 5.6:\ macOS\ 12.3,\ iOS\ 15.4,\ watchOS\ 8.5,\ tvOS\ 15.4 -enable-experimental-feature AvailabilityMacro\=SwiftStdlib\ 5.8:\ macOS\ 13.3,\ iOS\ 16.4,\ watchOS\ 9.4,\ tvOS\ 16.4 -enable-experimental-feature AvailabilityMacro\=SwiftStdlib\ 5.9:\ macOS\ 14.0,\ iOS\ 17.0,\ watchOS\ 10.0,\ tvOS\ 17.0 -enable-experimental-feature AvailabilityMacro\=SwiftStdlib\ 5.10:\ macOS\ 14.4,\ iOS\ 17.4,\ watchOS\ 10.4,\ tvOS\ 17.4,\ visionOS\ 1.1 -enable-experimental-feature AvailabilityMacro\=SwiftStdlib\ 6.0:\ macOS\ 15.0,\ iOS\ 18.0,\ watchOS\ 11.0,\ tvOS\ 18.0,\ visionOS\ 2.0 -enable-experimental-feature AvailabilityMacro\=SwiftStdlib\ 6.1:\ macOS\ 15.4,\ iOS\ 18.4,\ watchOS\ 11.4,\ tvOS\ 18.4,\ visionOS\ 2.4 -enable-experimental-feature AvailabilityMacro\=SwiftStdlib\ 6.2:\ macOS\ 26.0,\ iOS\ 26.0,\ watchOS\ 26.0,\ tvOS\ 26.0,\ visionOS\ 26.0 -enable-upcoming-feature MemberImportVisibility -enable-experimental-feature BuiltinModule -enable-experimental-feature Lifetimes -enable-experimental-feature InoutLifetimeDependence -enable-experimental-feature SuppressedAssociatedTypes -plugin-path /Applications/Xcode.app/Contents/Developer/Toolchains/XcodeDefault.xctoolchain/usr/lib/swift/host/plugins/testing -enable-experimental-feature DebugDescriptionMacro -sdk /Applications/Xcode.app/Contents/Developer/Platforms/iPhoneSimulator.platform/Developer/SDKs/iPhoneSimulator26.4.sdk -target x86_64-apple-ios12.0-simulator -g -module-cache-path /Users/aadityasingh/Library/Developer/Xcode/DerivedData/ModuleCache.noindex -Xfrontend -serialize-debugging-options -profile-coverage-mapping -profile-generate -enable-testing -suppress-warnings -index-store-path /Users/aadityasingh/Library/Developer/Xcode/DerivedData/Chatlio-erkyzdeecsohoaggpwbjdvavzqfv/Index.noindex/DataStore -Xcc -D_LIBCPP_HARDENING_MODE\=_LIBCPP_HARDENING_MODE_DEBUG -swift-version 6 -I /Users/aadityasingh/Library/Developer/Xcode/DerivedData/Chatlio-erkyzdeecsohoaggpwbjdvavzqfv/Build/Products/Debug-iphonesimulator -Isystem /Applications/Xcode.app/Contents/Developer/Platforms/iPhoneSimulator.platform/Developer/usr/lib -F /Users/aadityasingh/Library/Developer/Xcode/DerivedData/Chatlio-erkyzdeecsohoaggpwbjdvavzqfv/Build/Products/Debug-iphonesimulator -F /Applications/Xcode.app/Contents/Developer/Platforms/iPhoneSimulator.platform/Developer/Library/Frameworks -F /Applications/Xcode.app/Contents/Developer/Platforms/iPhoneSimulator.platform/Developer/SDKs/iPhoneSimulator26.4.sdk/Developer/Library/Frameworks -c -j12 -enable-batch-mode -incremental -Xcc -ivfsstatcache -Xcc /Users/aadityasingh/Library/Developer/Xcode/DerivedData/SDKStatCaches.noindex/iphonesimulator26.4-23E252-686eebb5dc1d8ecb277353a59184f4aa.sdkstatcache -output-file-map /Users/aadityasingh/Library/Developer/Xcode/DerivedData/Chatlio-erkyzdeecsohoaggpwbjdvavzqfv/Build/Intermediates.noindex/swift-collections.build/Debug-iphonesimulator/InternalCollectionsUtilities.build/Objects-normal/x86_64/InternalCollectionsUtilities-OutputFileMap.json -use-frontend-parseable-output -save-temps -no-color-diagnostics -explicit-module-build -module-cache-path /Users/aadityasingh/Library/Developer/Xcode/DerivedData/Chatlio-erkyzdeecsohoaggpwbjdvavzqfv/Build/Intermediates.noindex/SwiftExplicitPrecompiledModules -clang-scanner-module-cache-path /Users/aadityasingh/Library/Developer/Xcode/DerivedData/ModuleCache.noindex -sdk-module-cache-path /Users/aadityasingh/Library/Developer/Xcode/DerivedData/ModuleCache.noindex -serialize-diagnostics -emit-dependencies -emit-module -emit-module-path /Users/aadityasingh/Library/Developer/Xcode/DerivedData/Chatlio-erkyzdeecsohoaggpwbjdvavzqfv/Build/Intermediates.noindex/swift-collections.build/Debug-iphonesimulator/InternalCollectionsUtilities.build/Objects-normal/x86_64/InternalCollectionsUtilities.swiftmodule -user-module-version 1.3.0 -validate-clang-modules-once -clang-build-session-file /Users/aadityasingh/Library/Developer/Xcode/DerivedData/ModuleCache.noindex/Session.modulevalidation -package-name swift_collections -Xcc -I/Users/aadityasingh/Library/Developer/Xcode/DerivedData/Chatlio-erkyzdeecsohoaggpwbjdvavzqfv/Build/Intermediates.noindex/swift-collections.build/Debug-iphonesimulator/InternalCollectionsUtilities.build/swift-overrides.hmap -emit-const-values -Xfrontend -const-gather-protocols-file -Xfrontend /Users/aadityasingh/Library/Developer/Xcode/DerivedData/Chatlio-erkyzdeecsohoaggpwbjdvavzqfv/Build/Intermediates.noindex/swift-collections.build/Debug-iphonesimulator/InternalCollectionsUtilities.build/Objects-normal/x86_64/InternalCollectionsUtilities_const_extract_protocols.json -Xcc -I/Users/aadityasingh/Library/Developer/Xcode/DerivedData/Chatlio-erkyzdeecsohoaggpwbjdvavzqfv/Build/Products/Debug-iphonesimulator/include -Xcc -I/Users/aadityasingh/Library/Developer/Xcode/DerivedData/Chatlio-erkyzdeecsohoaggpwbjdvavzqfv/Build/Intermediates.noindex/swift-collections.build/Debug-iphonesimulator/InternalCollectionsUtilities.build/DerivedSources-normal/x86_64 -Xcc -I/Users/aadityasingh/Library/Developer/Xcode/DerivedData/Chatlio-erkyzdeecsohoaggpwbjdvavzqfv/Build/Intermediates.noindex/swift-collections.build/Debug-iphonesimulator/InternalCollectionsUtilities.build/DerivedSources/x86_64 -Xcc -I/Users/aadityasingh/Library/Developer/Xcode/DerivedData/Chatlio-erkyzdeecsohoaggpwbjdvavzqfv/Build/Intermediates.noindex/swift-collections.build/Debug-iphonesimulator/InternalCollectionsUtilities.build/DerivedSources -Xcc -DSWIFT_PACKAGE -Xcc -DDEBUG\=1 -emit-objc-header -emit-objc-header-path /Users/aadityasingh/Library/Developer/Xcode/DerivedData/Chatlio-erkyzdeecsohoaggpwbjdvavzqfv/Build/Intermediates.noindex/swift-collections.build/Debug-iphonesimulator/InternalCollectionsUtilities.build/Objects-normal/x86_64/InternalCollectionsUtilities-Swift.h -working-directory /Users/aadityasingh/Documents/Development/element-x-ios/Chatlio.xcodeproj -experimental-emit-module-separately -disable-cmo

CreateUniversalBinary /Users/aadityasingh/Library/Developer/Xcode/DerivedData/Chatlio-erkyzdeecsohoaggpwbjdvavzqfv/Build/Products/Debug-iphonesimulator/SFSafeSymbols.o normal arm64\ x86_64 (in target 'SFSafeSymbols' from project 'SFSafeSymbols')
    cd /Users/aadityasingh/Library/Developer/Xcode/DerivedData/Chatlio-erkyzdeecsohoaggpwbjdvavzqfv/SourcePackages/checkouts/SFSafeSymbols
    /Applications/Xcode.app/Contents/Developer/Toolchains/XcodeDefault.xctoolchain/usr/bin/lipo -create /Users/aadityasingh/Library/Developer/Xcode/DerivedData/Chatlio-erkyzdeecsohoaggpwbjdvavzqfv/Build/Intermediates.noindex/SFSafeSymbols.build/Debug-iphonesimulator/SFSafeSymbols.build/Objects-normal/arm64/Binary/SFSafeSymbols.o /Users/aadityasingh/Library/Developer/Xcode/DerivedData/Chatlio-erkyzdeecsohoaggpwbjdvavzqfv/Build/Intermediates.noindex/SFSafeSymbols.build/Debug-iphonesimulator/SFSafeSymbols.build/Objects-normal/x86_64/Binary/SFSafeSymbols.o -output /Users/aadityasingh/Library/Developer/Xcode/DerivedData/Chatlio-erkyzdeecsohoaggpwbjdvavzqfv/Build/Products/Debug-iphonesimulator/SFSafeSymbols.o

CreateUniversalBinary /Users/aadityasingh/Library/Developer/Xcode/DerivedData/Chatlio-erkyzdeecsohoaggpwbjdvavzqfv/Build/Products/Debug-iphonesimulator/LRUCache.o normal arm64\ x86_64 (in target 'LRUCache' from project 'LRUCache')
    cd /Users/aadityasingh/Library/Developer/Xcode/DerivedData/Chatlio-erkyzdeecsohoaggpwbjdvavzqfv/SourcePackages/checkouts/LRUCache
    /Applications/Xcode.app/Contents/Developer/Toolchains/XcodeDefault.xctoolchain/usr/bin/lipo -create /Users/aadityasingh/Library/Developer/Xcode/DerivedData/Chatlio-erkyzdeecsohoaggpwbjdvavzqfv/Build/Intermediates.noindex/LRUCache.build/Debug-iphonesimulator/LRUCache.build/Objects-normal/arm64/Binary/LRUCache.o /Users/aadityasingh/Library/Developer/Xcode/DerivedData/Chatlio-erkyzdeecsohoaggpwbjdvavzqfv/Build/Intermediates.noindex/LRUCache.build/Debug-iphonesimulator/LRUCache.build/Objects-normal/x86_64/Binary/LRUCache.o -output /Users/aadityasingh/Library/Developer/Xcode/DerivedData/Chatlio-erkyzdeecsohoaggpwbjdvavzqfv/Build/Products/Debug-iphonesimulator/LRUCache.o

ExtractAppIntentsMetadata (in target 'SentryCppHelper' from project 'Sentry')
    cd /Users/aadityasingh/Library/Developer/Xcode/DerivedData/Chatlio-erkyzdeecsohoaggpwbjdvavzqfv/SourcePackages/checkouts/sentry-cocoa
    /Applications/Xcode.app/Contents/Developer/Toolchains/XcodeDefault.xctoolchain/usr/bin/appintentsmetadataprocessor --toolchain-dir /Applications/Xcode.app/Contents/Developer/Toolchains/XcodeDefault.xctoolchain --module-name SentryCppHelper --sdk-root /Applications/Xcode.app/Contents/Developer/Platforms/iPhoneSimulator.platform/Developer/SDKs/iPhoneSimulator26.4.sdk --xcode-version 17E202 --platform-family iOS --deployment-target 15.0 --bundle-identifier sentry-cocoa.SentryCppHelper --output /Users/aadityasingh/Library/Developer/Xcode/DerivedData/Chatlio-erkyzdeecsohoaggpwbjdvavzqfv/Build/Products/Debug-iphonesimulator/SentryCppHelper.appintents --target-triple arm64-apple-ios15.0-simulator --target-triple x86_64-apple-ios15.0-simulator --binary-file /Users/aadityasingh/Library/Developer/Xcode/DerivedData/Chatlio-erkyzdeecsohoaggpwbjdvavzqfv/Build/Products/Debug-iphonesimulator/SentryCppHelper.o --dependency-file /Users/aadityasingh/Library/Developer/Xcode/DerivedData/Chatlio-erkyzdeecsohoaggpwbjdvavzqfv/Build/Intermediates.noindex/Sentry.build/Debug-iphonesimulator/SentryCppHelper.build/Objects-normal/arm64/SentryCppHelper_dependency_info.dat --dependency-file /Users/aadityasingh/Library/Developer/Xcode/DerivedData/Chatlio-erkyzdeecsohoaggpwbjdvavzqfv/Build/Intermediates.noindex/Sentry.build/Debug-iphonesimulator/SentryCppHelper.build/Objects-normal/x86_64/SentryCppHelper_dependency_info.dat --stringsdata-file /Users/aadityasingh/Library/Developer/Xcode/DerivedData/Chatlio-erkyzdeecsohoaggpwbjdvavzqfv/Build/Intermediates.noindex/Sentry.build/Debug-iphonesimulator/SentryCppHelper.build/Objects-normal/arm64/ExtractedAppShortcutsMetadata.stringsdata --stringsdata-file /Users/aadityasingh/Library/Developer/Xcode/DerivedData/Chatlio-erkyzdeecsohoaggpwbjdvavzqfv/Build/Intermediates.noindex/Sentry.build/Debug-iphonesimulator/SentryCppHelper.build/Objects-normal/x86_64/ExtractedAppShortcutsMetadata.stringsdata --source-file-list /Users/aadityasingh/Library/Developer/Xcode/DerivedData/Chatlio-erkyzdeecsohoaggpwbjdvavzqfv/Build/Intermediates.noindex/Sentry.build/Debug-iphonesimulator/SentryCppHelper.build/Objects-normal/arm64/SentryCppHelper.SwiftFileList --source-file-list /Users/aadityasingh/Library/Developer/Xcode/DerivedData/Chatlio-erkyzdeecsohoaggpwbjdvavzqfv/Build/Intermediates.noindex/Sentry.build/Debug-iphonesimulator/SentryCppHelper.build/Objects-normal/x86_64/SentryCppHelper.SwiftFileList --metadata-file-list /Users/aadityasingh/Library/Developer/Xcode/DerivedData/Chatlio-erkyzdeecsohoaggpwbjdvavzqfv/Build/Intermediates.noindex/Sentry.build/Debug-iphonesimulator/SentryCppHelper.build/SentryCppHelper.DependencyMetadataFileList --static-metadata-file-list /Users/aadityasingh/Library/Developer/Xcode/DerivedData/Chatlio-erkyzdeecsohoaggpwbjdvavzqfv/Build/Intermediates.noindex/Sentry.build/Debug-iphonesimulator/SentryCppHelper.build/SentryCppHelper.DependencyStaticMetadataFileList --swift-const-vals-list /Users/aadityasingh/Library/Developer/Xcode/DerivedData/Chatlio-erkyzdeecsohoaggpwbjdvavzqfv/Build/Intermediates.noindex/Sentry.build/Debug-iphonesimulator/SentryCppHelper.build/Objects-normal/arm64/SentryCppHelper.SwiftConstValuesFileList --swift-const-vals-list /Users/aadityasingh/Library/Developer/Xcode/DerivedData/Chatlio-erkyzdeecsohoaggpwbjdvavzqfv/Build/Intermediates.noindex/Sentry.build/Debug-iphonesimulator/SentryCppHelper.build/Objects-normal/x86_64/SentryCppHelper.SwiftConstValuesFileList --force --compile-time-extraction --deployment-aware-processing --validate-assistant-intents --no-app-shortcuts-localization
2026-05-11 23:03:29.803 appintentsmetadataprocessor[19415:2634092] Starting appintentsmetadataprocessor export
2026-05-11 23:03:29.835 appintentsmetadataprocessor[19415:2634092] Extracted no relevant App Intents symbols, skipping writing output

ExtractAppIntentsMetadata (in target 'LoremSwiftum' from project 'LoremSwiftum')
    cd /Users/aadityasingh/Library/Developer/Xcode/DerivedData/Chatlio-erkyzdeecsohoaggpwbjdvavzqfv/SourcePackages/checkouts/LoremSwiftum
    /Applications/Xcode.app/Contents/Developer/Toolchains/XcodeDefault.xctoolchain/usr/bin/appintentsmetadataprocessor --toolchain-dir /Applications/Xcode.app/Contents/Developer/Toolchains/XcodeDefault.xctoolchain --module-name LoremSwiftum --sdk-root /Applications/Xcode.app/Contents/Developer/Platforms/iPhoneSimulator.platform/Developer/SDKs/iPhoneSimulator26.4.sdk --xcode-version 17E202 --platform-family iOS --deployment-target 12.0 --bundle-identifier loremswiftum.LoremSwiftum --output /Users/aadityasingh/Library/Developer/Xcode/DerivedData/Chatlio-erkyzdeecsohoaggpwbjdvavzqfv/Build/Products/Debug-iphonesimulator/LoremSwiftum.appintents --target-triple arm64-apple-ios12.0-simulator --target-triple x86_64-apple-ios12.0-simulator --binary-file /Users/aadityasingh/Library/Developer/Xcode/DerivedData/Chatlio-erkyzdeecsohoaggpwbjdvavzqfv/Build/Products/Debug-iphonesimulator/LoremSwiftum.o --dependency-file /Users/aadityasingh/Library/Developer/Xcode/DerivedData/Chatlio-erkyzdeecsohoaggpwbjdvavzqfv/Build/Intermediates.noindex/LoremSwiftum.build/Debug-iphonesimulator/LoremSwiftum.build/Objects-normal/arm64/LoremSwiftum_dependency_info.dat --dependency-file /Users/aadityasingh/Library/Developer/Xcode/DerivedData/Chatlio-erkyzdeecsohoaggpwbjdvavzqfv/Build/Intermediates.noindex/LoremSwiftum.build/Debug-iphonesimulator/LoremSwiftum.build/Objects-normal/x86_64/LoremSwiftum_dependency_info.dat --stringsdata-file /Users/aadityasingh/Library/Developer/Xcode/DerivedData/Chatlio-erkyzdeecsohoaggpwbjdvavzqfv/Build/Intermediates.noindex/LoremSwiftum.build/Debug-iphonesimulator/LoremSwiftum.build/Objects-normal/arm64/ExtractedAppShortcutsMetadata.stringsdata --stringsdata-file /Users/aadityasingh/Library/Developer/Xcode/DerivedData/Chatlio-erkyzdeecsohoaggpwbjdvavzqfv/Build/Intermediates.noindex/LoremSwiftum.build/Debug-iphonesimulator/LoremSwiftum.build/Objects-normal/x86_64/ExtractedAppShortcutsMetadata.stringsdata --source-file-list /Users/aadityasingh/Library/Developer/Xcode/DerivedData/Chatlio-erkyzdeecsohoaggpwbjdvavzqfv/Build/Intermediates.noindex/LoremSwiftum.build/Debug-iphonesimulator/LoremSwiftum.build/Objects-normal/arm64/LoremSwiftum.SwiftFileList --source-file-list /Users/aadityasingh/Library/Developer/Xcode/DerivedData/Chatlio-erkyzdeecsohoaggpwbjdvavzqfv/Build/Intermediates.noindex/LoremSwiftum.build/Debug-iphonesimulator/LoremSwiftum.build/Objects-normal/x86_64/LoremSwiftum.SwiftFileList --metadata-file-list /Users/aadityasingh/Library/Developer/Xcode/DerivedData/Chatlio-erkyzdeecsohoaggpwbjdvavzqfv/Build/Intermediates.noindex/LoremSwiftum.build/Debug-iphonesimulator/LoremSwiftum.build/LoremSwiftum.DependencyMetadataFileList --static-metadata-file-list /Users/aadityasingh/Library/Developer/Xcode/DerivedData/Chatlio-erkyzdeecsohoaggpwbjdvavzqfv/Build/Intermediates.noindex/LoremSwiftum.build/Debug-iphonesimulator/LoremSwiftum.build/LoremSwiftum.DependencyStaticMetadataFileList --swift-const-vals-list /Users/aadityasingh/Library/Developer/Xcode/DerivedData/Chatlio-erkyzdeecsohoaggpwbjdvavzqfv/Build/Intermediates.noindex/LoremSwiftum.build/Debug-iphonesimulator/LoremSwiftum.build/Objects-normal/arm64/LoremSwiftum.SwiftConstValuesFileList --swift-const-vals-list /Users/aadityasingh/Library/Developer/Xcode/DerivedData/Chatlio-erkyzdeecsohoaggpwbjdvavzqfv/Build/Intermediates.noindex/LoremSwiftum.build/Debug-iphonesimulator/LoremSwiftum.build/Objects-normal/x86_64/LoremSwiftum.SwiftConstValuesFileList --force --compile-time-extraction --deployment-aware-processing --validate-assistant-intents --no-app-shortcuts-localization
2026-05-11 23:03:29.803 appintentsmetadataprocessor[19416:2634099] Starting appintentsmetadataprocessor export
2026-05-11 23:03:29.835 appintentsmetadataprocessor[19416:2634099] Extracted no relevant App Intents symbols, skipping writing output

SwiftDriver HTMLParser normal x86_64 com.apple.xcode.tools.swift.compiler (in target 'HTMLParser' from project 'WysiwygComposer')
    cd /Users/aadityasingh/Documents/Development/element-x-ios/Chatlio.xcodeproj
    builtin-SwiftDriver -- /Applications/Xcode.app/Contents/Developer/Toolchains/XcodeDefault.xctoolchain/usr/bin/swiftc -module-name HTMLParser -Onone @/Users/aadityasingh/Library/Developer/Xcode/DerivedData/Chatlio-erkyzdeecsohoaggpwbjdvavzqfv/Build/Intermediates.noindex/WysiwygComposer.build/Debug-iphonesimulator/HTMLParser.build/Objects-normal/x86_64/HTMLParser.SwiftFileList -DSWIFT_PACKAGE -DDEBUG -DSWIFT_MODULE_RESOURCE_BUNDLE_UNAVAILABLE -Xcc -fmodule-map-file\=/Users/aadityasingh/Library/Developer/Xcode/DerivedData/Chatlio-erkyzdeecsohoaggpwbjdvavzqfv/Build/Intermediates.noindex/GeneratedModuleMaps-iphonesimulator/DTFoundation.modulemap -Xcc -fmodule-map-file\=/Users/aadityasingh/Library/Developer/Xcode/DerivedData/Chatlio-erkyzdeecsohoaggpwbjdvavzqfv/Build/Intermediates.noindex/GeneratedModuleMaps-iphonesimulator/DTCoreText.modulemap -Xcc -fmodule-map-file\=/Users/aadityasingh/Library/Developer/Xcode/DerivedData/Chatlio-erkyzdeecsohoaggpwbjdvavzqfv/Build/Intermediates.noindex/GeneratedModuleMaps-iphonesimulator/DTCoreTextExtended.modulemap -DXcode -plugin-path /Applications/Xcode.app/Contents/Developer/Toolchains/XcodeDefault.xctoolchain/usr/lib/swift/host/plugins/testing -enable-experimental-feature DebugDescriptionMacro -sdk /Applications/Xcode.app/Contents/Developer/Platforms/iPhoneSimulator.platform/Developer/SDKs/iPhoneSimulator26.4.sdk -target x86_64-apple-ios15.0-simulator -g -module-cache-path /Users/aadityasingh/Library/Developer/Xcode/DerivedData/ModuleCache.noindex -Xfrontend -serialize-debugging-options -profile-coverage-mapping -profile-generate -enable-testing -suppress-warnings -index-store-path /Users/aadityasingh/Library/Developer/Xcode/DerivedData/Chatlio-erkyzdeecsohoaggpwbjdvavzqfv/Index.noindex/DataStore -Xcc -D_LIBCPP_HARDENING_MODE\=_LIBCPP_HARDENING_MODE_DEBUG -swift-version 5 -I /Users/aadityasingh/Library/Developer/Xcode/DerivedData/Chatlio-erkyzdeecsohoaggpwbjdvavzqfv/Build/Products/Debug-iphonesimulator -Isystem /Applications/Xcode.app/Contents/Developer/Platforms/iPhoneSimulator.platform/Developer/usr/lib -F /Users/aadityasingh/Library/Developer/Xcode/DerivedData/Chatlio-erkyzdeecsohoaggpwbjdvavzqfv/Build/Products/Debug-iphonesimulator/PackageFrameworks -F /Users/aadityasingh/Library/Developer/Xcode/DerivedData/Chatlio-erkyzdeecsohoaggpwbjdvavzqfv/Build/Products/Debug-iphonesimulator/PackageFrameworks -F /Users/aadityasingh/Library/Developer/Xcode/DerivedData/Chatlio-erkyzdeecsohoaggpwbjdvavzqfv/Build/Products/Debug-iphonesimulator/PackageFrameworks -F /Users/aadityasingh/Library/Developer/Xcode/DerivedData/Chatlio-erkyzdeecsohoaggpwbjdvavzqfv/Build/Products/Debug-iphonesimulator -F /Applications/Xcode.app/Contents/Developer/Platforms/iPhoneSimulator.platform/Developer/Library/Frameworks -F /Applications/Xcode.app/Contents/Developer/Platforms/iPhoneSimulator.platform/Developer/SDKs/iPhoneSimulator26.4.sdk/Developer/Library/Frameworks -c -j12 -enable-batch-mode -incremental -Xcc -ivfsstatcache -Xcc /Users/aadityasingh/Library/Developer/Xcode/DerivedData/SDKStatCaches.noindex/iphonesimulator26.4-23E252-686eebb5dc1d8ecb277353a59184f4aa.sdkstatcache -output-file-map /Users/aadityasingh/Library/Developer/Xcode/DerivedData/Chatlio-erkyzdeecsohoaggpwbjdvavzqfv/Build/Intermediates.noindex/WysiwygComposer.build/Debug-iphonesimulator/HTMLParser.build/Objects-normal/x86_64/HTMLParser-OutputFileMap.json -use-frontend-parseable-output -save-temps -no-color-diagnostics -explicit-module-build -module-cache-path /Users/aadityasingh/Library/Developer/Xcode/DerivedData/Chatlio-erkyzdeecsohoaggpwbjdvavzqfv/Build/Intermediates.noindex/SwiftExplicitPrecompiledModules -clang-scanner-module-cache-path /Users/aadityasingh/Library/Developer/Xcode/DerivedData/ModuleCache.noindex -sdk-module-cache-path /Users/aadityasingh/Library/Developer/Xcode/DerivedData/ModuleCache.noindex -serialize-diagnostics -emit-dependencies -emit-module -emit-module-path /Users/aadityasingh/Library/Developer/Xcode/DerivedData/Chatlio-erkyzdeecsohoaggpwbjdvavzqfv/Build/Intermediates.noindex/WysiwygComposer.build/Debug-iphonesimulator/HTMLParser.build/Objects-normal/x86_64/HTMLParser.swiftmodule -validate-clang-modules-once -clang-build-session-file /Users/aadityasingh/Library/Developer/Xcode/DerivedData/ModuleCache.noindex/Session.modulevalidation -Xcc -I/Users/aadityasingh/Library/Developer/Xcode/DerivedData/Chatlio-erkyzdeecsohoaggpwbjdvavzqfv/Build/Intermediates.noindex/WysiwygComposer.build/Debug-iphonesimulator/HTMLParser.build/swift-overrides.hmap -emit-const-values -Xfrontend -const-gather-protocols-file -Xfrontend /Users/aadityasingh/Library/Developer/Xcode/DerivedData/Chatlio-erkyzdeecsohoaggpwbjdvavzqfv/Build/Intermediates.noindex/WysiwygComposer.build/Debug-iphonesimulator/HTMLParser.build/Objects-normal/x86_64/HTMLParser_const_extract_protocols.json -Xcc -I/Users/aadityasingh/Library/Developer/Xcode/DerivedData/Chatlio-erkyzdeecsohoaggpwbjdvavzqfv/SourcePackages/checkouts/DTFoundation/Core/include -Xcc -I/Users/aadityasingh/Library/Developer/Xcode/DerivedData/Chatlio-erkyzdeecsohoaggpwbjdvavzqfv/SourcePackages/checkouts/DTCoreText/Core/include -Xcc -I/Users/aadityasingh/Library/Developer/Xcode/DerivedData/Chatlio-erkyzdeecsohoaggpwbjdvavzqfv/SourcePackages/checkouts/matrix-rich-text-editor-swift/Sources/DTCoreTextExtended/include -Xcc -I/Users/aadityasingh/Library/Developer/Xcode/DerivedData/Chatlio-erkyzdeecsohoaggpwbjdvavzqfv/Build/Products/Debug-iphonesimulator/include -Xcc -I/Users/aadityasingh/Library/Developer/Xcode/DerivedData/Chatlio-erkyzdeecsohoaggpwbjdvavzqfv/Build/Intermediates.noindex/WysiwygComposer.build/Debug-iphonesimulator/HTMLParser.build/DerivedSources-normal/x86_64 -Xcc -I/Users/aadityasingh/Library/Developer/Xcode/DerivedData/Chatlio-erkyzdeecsohoaggpwbjdvavzqfv/Build/Intermediates.noindex/WysiwygComposer.build/Debug-iphonesimulator/HTMLParser.build/DerivedSources/x86_64 -Xcc -I/Users/aadityasingh/Library/Developer/Xcode/DerivedData/Chatlio-erkyzdeecsohoaggpwbjdvavzqfv/Build/Intermediates.noindex/WysiwygComposer.build/Debug-iphonesimulator/HTMLParser.build/DerivedSources -Xcc -DSWIFT_PACKAGE -Xcc -DDEBUG\=1 -emit-objc-header -emit-objc-header-path /Users/aadityasingh/Library/Developer/Xcode/DerivedData/Chatlio-erkyzdeecsohoaggpwbjdvavzqfv/Build/Intermediates.noindex/WysiwygComposer.build/Debug-iphonesimulator/HTMLParser.build/Objects-normal/x86_64/HTMLParser-Swift.h -working-directory /Users/aadityasingh/Documents/Development/element-x-ios/Chatlio.xcodeproj -experimental-emit-module-separately -disable-cmo

SwiftDriverJobDiscovery normal arm64 Compiling ImageModifier.swift, ImagePrefetcher.swift, NetworkMetrics.swift, NetworkMonitor.swift, RedirectHandler.swift, RequestModifier.swift (in target 'Kingfisher' from project 'Kingfisher')

SwiftDriver HTMLParser normal arm64 com.apple.xcode.tools.swift.compiler (in target 'HTMLParser' from project 'WysiwygComposer')
    cd /Users/aadityasingh/Documents/Development/element-x-ios/Chatlio.xcodeproj
    builtin-SwiftDriver -- /Applications/Xcode.app/Contents/Developer/Toolchains/XcodeDefault.xctoolchain/usr/bin/swiftc -module-name HTMLParser -Onone @/Users/aadityasingh/Library/Developer/Xcode/DerivedData/Chatlio-erkyzdeecsohoaggpwbjdvavzqfv/Build/Intermediates.noindex/WysiwygComposer.build/Debug-iphonesimulator/HTMLParser.build/Objects-normal/arm64/HTMLParser.SwiftFileList -DSWIFT_PACKAGE -DDEBUG -DSWIFT_MODULE_RESOURCE_BUNDLE_UNAVAILABLE -Xcc -fmodule-map-file\=/Users/aadityasingh/Library/Developer/Xcode/DerivedData/Chatlio-erkyzdeecsohoaggpwbjdvavzqfv/Build/Intermediates.noindex/GeneratedModuleMaps-iphonesimulator/DTFoundation.modulemap -Xcc -fmodule-map-file\=/Users/aadityasingh/Library/Developer/Xcode/DerivedData/Chatlio-erkyzdeecsohoaggpwbjdvavzqfv/Build/Intermediates.noindex/GeneratedModuleMaps-iphonesimulator/DTCoreText.modulemap -Xcc -fmodule-map-file\=/Users/aadityasingh/Library/Developer/Xcode/DerivedData/Chatlio-erkyzdeecsohoaggpwbjdvavzqfv/Build/Intermediates.noindex/GeneratedModuleMaps-iphonesimulator/DTCoreTextExtended.modulemap -DXcode -plugin-path /Applications/Xcode.app/Contents/Developer/Toolchains/XcodeDefault.xctoolchain/usr/lib/swift/host/plugins/testing -enable-experimental-feature DebugDescriptionMacro -sdk /Applications/Xcode.app/Contents/Developer/Platforms/iPhoneSimulator.platform/Developer/SDKs/iPhoneSimulator26.4.sdk -target arm64-apple-ios15.0-simulator -g -module-cache-path /Users/aadityasingh/Library/Developer/Xcode/DerivedData/ModuleCache.noindex -Xfrontend -serialize-debugging-options -profile-coverage-mapping -profile-generate -enable-testing -suppress-warnings -index-store-path /Users/aadityasingh/Library/Developer/Xcode/DerivedData/Chatlio-erkyzdeecsohoaggpwbjdvavzqfv/Index.noindex/DataStore -Xcc -D_LIBCPP_HARDENING_MODE\=_LIBCPP_HARDENING_MODE_DEBUG -swift-version 5 -I /Users/aadityasingh/Library/Developer/Xcode/DerivedData/Chatlio-erkyzdeecsohoaggpwbjdvavzqfv/Build/Products/Debug-iphonesimulator -Isystem /Applications/Xcode.app/Contents/Developer/Platforms/iPhoneSimulator.platform/Developer/usr/lib -F /Users/aadityasingh/Library/Developer/Xcode/DerivedData/Chatlio-erkyzdeecsohoaggpwbjdvavzqfv/Build/Products/Debug-iphonesimulator/PackageFrameworks -F /Users/aadityasingh/Library/Developer/Xcode/DerivedData/Chatlio-erkyzdeecsohoaggpwbjdvavzqfv/Build/Products/Debug-iphonesimulator/PackageFrameworks -F /Users/aadityasingh/Library/Developer/Xcode/DerivedData/Chatlio-erkyzdeecsohoaggpwbjdvavzqfv/Build/Products/Debug-iphonesimulator/PackageFrameworks -F /Users/aadityasingh/Library/Developer/Xcode/DerivedData/Chatlio-erkyzdeecsohoaggpwbjdvavzqfv/Build/Products/Debug-iphonesimulator -F /Applications/Xcode.app/Contents/Developer/Platforms/iPhoneSimulator.platform/Developer/Library/Frameworks -F /Applications/Xcode.app/Contents/Developer/Platforms/iPhoneSimulator.platform/Developer/SDKs/iPhoneSimulator26.4.sdk/Developer/Library/Frameworks -c -j12 -enable-batch-mode -incremental -Xcc -ivfsstatcache -Xcc /Users/aadityasingh/Library/Developer/Xcode/DerivedData/SDKStatCaches.noindex/iphonesimulator26.4-23E252-686eebb5dc1d8ecb277353a59184f4aa.sdkstatcache -output-file-map /Users/aadityasingh/Library/Developer/Xcode/DerivedData/Chatlio-erkyzdeecsohoaggpwbjdvavzqfv/Build/Intermediates.noindex/WysiwygComposer.build/Debug-iphonesimulator/HTMLParser.build/Objects-normal/arm64/HTMLParser-OutputFileMap.json -use-frontend-parseable-output -save-temps -no-color-diagnostics -explicit-module-build -module-cache-path /Users/aadityasingh/Library/Developer/Xcode/DerivedData/Chatlio-erkyzdeecsohoaggpwbjdvavzqfv/Build/Intermediates.noindex/SwiftExplicitPrecompiledModules -clang-scanner-module-cache-path /Users/aadityasingh/Library/Developer/Xcode/DerivedData/ModuleCache.noindex -sdk-module-cache-path /Users/aadityasingh/Library/Developer/Xcode/DerivedData/ModuleCache.noindex -serialize-diagnostics -emit-dependencies -emit-module -emit-module-path /Users/aadityasingh/Library/Developer/Xcode/DerivedData/Chatlio-erkyzdeecsohoaggpwbjdvavzqfv/Build/Intermediates.noindex/WysiwygComposer.build/Debug-iphonesimulator/HTMLParser.build/Objects-normal/arm64/HTMLParser.swiftmodule -validate-clang-modules-once -clang-build-session-file /Users/aadityasingh/Library/Developer/Xcode/DerivedData/ModuleCache.noindex/Session.modulevalidation -Xcc -I/Users/aadityasingh/Library/Developer/Xcode/DerivedData/Chatlio-erkyzdeecsohoaggpwbjdvavzqfv/Build/Intermediates.noindex/WysiwygComposer.build/Debug-iphonesimulator/HTMLParser.build/swift-overrides.hmap -emit-const-values -Xfrontend -const-gather-protocols-file -Xfrontend /Users/aadityasingh/Library/Developer/Xcode/DerivedData/Chatlio-erkyzdeecsohoaggpwbjdvavzqfv/Build/Intermediates.noindex/WysiwygComposer.build/Debug-iphonesimulator/HTMLParser.build/Objects-normal/arm64/HTMLParser_const_extract_protocols.json -Xcc -I/Users/aadityasingh/Library/Developer/Xcode/DerivedData/Chatlio-erkyzdeecsohoaggpwbjdvavzqfv/SourcePackages/checkouts/DTFoundation/Core/include -Xcc -I/Users/aadityasingh/Library/Developer/Xcode/DerivedData/Chatlio-erkyzdeecsohoaggpwbjdvavzqfv/SourcePackages/checkouts/DTCoreText/Core/include -Xcc -I/Users/aadityasingh/Library/Developer/Xcode/DerivedData/Chatlio-erkyzdeecsohoaggpwbjdvavzqfv/SourcePackages/checkouts/matrix-rich-text-editor-swift/Sources/DTCoreTextExtended/include -Xcc -I/Users/aadityasingh/Library/Developer/Xcode/DerivedData/Chatlio-erkyzdeecsohoaggpwbjdvavzqfv/Build/Products/Debug-iphonesimulator/include -Xcc -I/Users/aadityasingh/Library/Developer/Xcode/DerivedData/Chatlio-erkyzdeecsohoaggpwbjdvavzqfv/Build/Intermediates.noindex/WysiwygComposer.build/Debug-iphonesimulator/HTMLParser.build/DerivedSources-normal/arm64 -Xcc -I/Users/aadityasingh/Library/Developer/Xcode/DerivedData/Chatlio-erkyzdeecsohoaggpwbjdvavzqfv/Build/Intermediates.noindex/WysiwygComposer.build/Debug-iphonesimulator/HTMLParser.build/DerivedSources/arm64 -Xcc -I/Users/aadityasingh/Library/Developer/Xcode/DerivedData/Chatlio-erkyzdeecsohoaggpwbjdvavzqfv/Build/Intermediates.noindex/WysiwygComposer.build/Debug-iphonesimulator/HTMLParser.build/DerivedSources -Xcc -DSWIFT_PACKAGE -Xcc -DDEBUG\=1 -emit-objc-header -emit-objc-header-path /Users/aadityasingh/Library/Developer/Xcode/DerivedData/Chatlio-erkyzdeecsohoaggpwbjdvavzqfv/Build/Intermediates.noindex/WysiwygComposer.build/Debug-iphonesimulator/HTMLParser.build/Objects-normal/arm64/HTMLParser-Swift.h -working-directory /Users/aadityasingh/Documents/Development/element-x-ios/Chatlio.xcodeproj -experimental-emit-module-separately -disable-cmo

ExtractAppIntentsMetadata (in target 'Version' from project 'Version')
    cd /Users/aadityasingh/Library/Developer/Xcode/DerivedData/Chatlio-erkyzdeecsohoaggpwbjdvavzqfv/SourcePackages/checkouts/Version
    /Applications/Xcode.app/Contents/Developer/Toolchains/XcodeDefault.xctoolchain/usr/bin/appintentsmetadataprocessor --toolchain-dir /Applications/Xcode.app/Contents/Developer/Toolchains/XcodeDefault.xctoolchain --module-name Version --sdk-root /Applications/Xcode.app/Contents/Developer/Platforms/iPhoneSimulator.platform/Developer/SDKs/iPhoneSimulator26.4.sdk --xcode-version 17E202 --platform-family iOS --deployment-target 12.0 --bundle-identifier version.Version --output /Users/aadityasingh/Library/Developer/Xcode/DerivedData/Chatlio-erkyzdeecsohoaggpwbjdvavzqfv/Build/Products/Debug-iphonesimulator/Version.appintents --target-triple arm64-apple-ios12.0-simulator --target-triple x86_64-apple-ios12.0-simulator --binary-file /Users/aadityasingh/Library/Developer/Xcode/DerivedData/Chatlio-erkyzdeecsohoaggpwbjdvavzqfv/Build/Products/Debug-iphonesimulator/Version.o --dependency-file /Users/aadityasingh/Library/Developer/Xcode/DerivedData/Chatlio-erkyzdeecsohoaggpwbjdvavzqfv/Build/Intermediates.noindex/Version.build/Debug-iphonesimulator/Version.build/Objects-normal/arm64/Version_dependency_info.dat --dependency-file /Users/aadityasingh/Library/Developer/Xcode/DerivedData/Chatlio-erkyzdeecsohoaggpwbjdvavzqfv/Build/Intermediates.noindex/Version.build/Debug-iphonesimulator/Version.build/Objects-normal/x86_64/Version_dependency_info.dat --stringsdata-file /Users/aadityasingh/Library/Developer/Xcode/DerivedData/Chatlio-erkyzdeecsohoaggpwbjdvavzqfv/Build/Intermediates.noindex/Version.build/Debug-iphonesimulator/Version.build/Objects-normal/arm64/ExtractedAppShortcutsMetadata.stringsdata --stringsdata-file /Users/aadityasingh/Library/Developer/Xcode/DerivedData/Chatlio-erkyzdeecsohoaggpwbjdvavzqfv/Build/Intermediates.noindex/Version.build/Debug-iphonesimulator/Version.build/Objects-normal/x86_64/ExtractedAppShortcutsMetadata.stringsdata --source-file-list /Users/aadityasingh/Library/Developer/Xcode/DerivedData/Chatlio-erkyzdeecsohoaggpwbjdvavzqfv/Build/Intermediates.noindex/Version.build/Debug-iphonesimulator/Version.build/Objects-normal/arm64/Version.SwiftFileList --source-file-list /Users/aadityasingh/Library/Developer/Xcode/DerivedData/Chatlio-erkyzdeecsohoaggpwbjdvavzqfv/Build/Intermediates.noindex/Version.build/Debug-iphonesimulator/Version.build/Objects-normal/x86_64/Version.SwiftFileList --metadata-file-list /Users/aadityasingh/Library/Developer/Xcode/DerivedData/Chatlio-erkyzdeecsohoaggpwbjdvavzqfv/Build/Intermediates.noindex/Version.build/Debug-iphonesimulator/Version.build/Version.DependencyMetadataFileList --static-metadata-file-list /Users/aadityasingh/Library/Developer/Xcode/DerivedData/Chatlio-erkyzdeecsohoaggpwbjdvavzqfv/Build/Intermediates.noindex/Version.build/Debug-iphonesimulator/Version.build/Version.DependencyStaticMetadataFileList --swift-const-vals-list /Users/aadityasingh/Library/Developer/Xcode/DerivedData/Chatlio-erkyzdeecsohoaggpwbjdvavzqfv/Build/Intermediates.noindex/Version.build/Debug-iphonesimulator/Version.build/Objects-normal/arm64/Version.SwiftConstValuesFileList --swift-const-vals-list /Users/aadityasingh/Library/Developer/Xcode/DerivedData/Chatlio-erkyzdeecsohoaggpwbjdvavzqfv/Build/Intermediates.noindex/Version.build/Debug-iphonesimulator/Version.build/Objects-normal/x86_64/Version.SwiftConstValuesFileList --force --compile-time-extraction --deployment-aware-processing --validate-assistant-intents --no-app-shortcuts-localization
2026-05-11 23:03:29.813 appintentsmetadataprocessor[19417:2634172] Starting appintentsmetadataprocessor export
2026-05-11 23:03:29.838 appintentsmetadataprocessor[19417:2634172] Extracted no relevant App Intents symbols, skipping writing output

SwiftEmitModule normal x86_64 Emitting\ module\ for\ InternalCollectionsUtilities (in target 'InternalCollectionsUtilities' from project 'swift-collections')

EmitSwiftModule normal x86_64 (in target 'InternalCollectionsUtilities' from project 'swift-collections')
    cd /Users/aadityasingh/Documents/Development/element-x-ios/Chatlio.xcodeproj
    

SwiftEmitModule normal arm64 Emitting\ module\ for\ InternalCollectionsUtilities (in target 'InternalCollectionsUtilities' from project 'swift-collections')

EmitSwiftModule normal arm64 (in target 'InternalCollectionsUtilities' from project 'swift-collections')
    cd /Users/aadityasingh/Documents/Development/element-x-ios/Chatlio.xcodeproj
    

ExtractAppIntentsMetadata (in target 'SwiftUIIntrospect' from project 'swiftui-introspect')
    cd /Users/aadityasingh/Library/Developer/Xcode/DerivedData/Chatlio-erkyzdeecsohoaggpwbjdvavzqfv/SourcePackages/checkouts/SwiftUI-Introspect
    /Applications/Xcode.app/Contents/Developer/Toolchains/XcodeDefault.xctoolchain/usr/bin/appintentsmetadataprocessor --toolchain-dir /Applications/Xcode.app/Contents/Developer/Toolchains/XcodeDefault.xctoolchain --module-name SwiftUIIntrospect --sdk-root /Applications/Xcode.app/Contents/Developer/Platforms/iPhoneSimulator.platform/Developer/SDKs/iPhoneSimulator26.4.sdk --xcode-version 17E202 --platform-family iOS --deployment-target 13.0 --bundle-identifier swiftui-introspect.SwiftUIIntrospect --output /Users/aadityasingh/Library/Developer/Xcode/DerivedData/Chatlio-erkyzdeecsohoaggpwbjdvavzqfv/Build/Products/Debug-iphonesimulator/SwiftUIIntrospect.appintents --target-triple arm64-apple-ios13.0-simulator --target-triple x86_64-apple-ios13.0-simulator --binary-file /Users/aadityasingh/Library/Developer/Xcode/DerivedData/Chatlio-erkyzdeecsohoaggpwbjdvavzqfv/Build/Products/Debug-iphonesimulator/SwiftUIIntrospect.o --dependency-file /Users/aadityasingh/Library/Developer/Xcode/DerivedData/Chatlio-erkyzdeecsohoaggpwbjdvavzqfv/Build/Intermediates.noindex/swiftui-introspect.build/Debug-iphonesimulator/SwiftUIIntrospect.build/Objects-normal/arm64/SwiftUIIntrospect_dependency_info.dat --dependency-file /Users/aadityasingh/Library/Developer/Xcode/DerivedData/Chatlio-erkyzdeecsohoaggpwbjdvavzqfv/Build/Intermediates.noindex/swiftui-introspect.build/Debug-iphonesimulator/SwiftUIIntrospect.build/Objects-normal/x86_64/SwiftUIIntrospect_dependency_info.dat --stringsdata-file /Users/aadityasingh/Library/Developer/Xcode/DerivedData/Chatlio-erkyzdeecsohoaggpwbjdvavzqfv/Build/Intermediates.noindex/swiftui-introspect.build/Debug-iphonesimulator/SwiftUIIntrospect.build/Objects-normal/arm64/ExtractedAppShortcutsMetadata.stringsdata --stringsdata-file /Users/aadityasingh/Library/Developer/Xcode/DerivedData/Chatlio-erkyzdeecsohoaggpwbjdvavzqfv/Build/Intermediates.noindex/swiftui-introspect.build/Debug-iphonesimulator/SwiftUIIntrospect.build/Objects-normal/x86_64/ExtractedAppShortcutsMetadata.stringsdata --source-file-list /Users/aadityasingh/Library/Developer/Xcode/DerivedData/Chatlio-erkyzdeecsohoaggpwbjdvavzqfv/Build/Intermediates.noindex/swiftui-introspect.build/Debug-iphonesimulator/SwiftUIIntrospect.build/Objects-normal/arm64/SwiftUIIntrospect.SwiftFileList --source-file-list /Users/aadityasingh/Library/Developer/Xcode/DerivedData/Chatlio-erkyzdeecsohoaggpwbjdvavzqfv/Build/Intermediates.noindex/swiftui-introspect.build/Debug-iphonesimulator/SwiftUIIntrospect.build/Objects-normal/x86_64/SwiftUIIntrospect.SwiftFileList --metadata-file-list /Users/aadityasingh/Library/Developer/Xcode/DerivedData/Chatlio-erkyzdeecsohoaggpwbjdvavzqfv/Build/Intermediates.noindex/swiftui-introspect.build/Debug-iphonesimulator/SwiftUIIntrospect.build/SwiftUIIntrospect.DependencyMetadataFileList --static-metadata-file-list /Users/aadityasingh/Library/Developer/Xcode/DerivedData/Chatlio-erkyzdeecsohoaggpwbjdvavzqfv/Build/Intermediates.noindex/swiftui-introspect.build/Debug-iphonesimulator/SwiftUIIntrospect.build/SwiftUIIntrospect.DependencyStaticMetadataFileList --swift-const-vals-list /Users/aadityasingh/Library/Developer/Xcode/DerivedData/Chatlio-erkyzdeecsohoaggpwbjdvavzqfv/Build/Intermediates.noindex/swiftui-introspect.build/Debug-iphonesimulator/SwiftUIIntrospect.build/Objects-normal/arm64/SwiftUIIntrospect.SwiftConstValuesFileList --swift-const-vals-list /Users/aadityasingh/Library/Developer/Xcode/DerivedData/Chatlio-erkyzdeecsohoaggpwbjdvavzqfv/Build/Intermediates.noindex/swiftui-introspect.build/Debug-iphonesimulator/SwiftUIIntrospect.build/Objects-normal/x86_64/SwiftUIIntrospect.SwiftConstValuesFileList --force --compile-time-extraction --deployment-aware-processing --validate-assistant-intents --no-app-shortcuts-localization
2026-05-11 23:03:29.888 appintentsmetadataprocessor[19419:2634206] Starting appintentsmetadataprocessor export
2026-05-11 23:03:29.923 appintentsmetadataprocessor[19419:2634206] Extracted no relevant App Intents symbols, skipping writing output

ExtractAppIntentsMetadata (in target 'SwiftState' from project 'SwiftState')
    cd /Users/aadityasingh/Library/Developer/Xcode/DerivedData/Chatlio-erkyzdeecsohoaggpwbjdvavzqfv/SourcePackages/checkouts/SwiftState
    /Applications/Xcode.app/Contents/Developer/Toolchains/XcodeDefault.xctoolchain/usr/bin/appintentsmetadataprocessor --toolchain-dir /Applications/Xcode.app/Contents/Developer/Toolchains/XcodeDefault.xctoolchain --module-name SwiftState --sdk-root /Applications/Xcode.app/Contents/Developer/Platforms/iPhoneSimulator.platform/Developer/SDKs/iPhoneSimulator26.4.sdk --xcode-version 17E202 --platform-family iOS --deployment-target 12.0 --bundle-identifier swiftstate.SwiftState --output /Users/aadityasingh/Library/Developer/Xcode/DerivedData/Chatlio-erkyzdeecsohoaggpwbjdvavzqfv/Build/Products/Debug-iphonesimulator/SwiftState.appintents --target-triple arm64-apple-ios12.0-simulator --target-triple x86_64-apple-ios12.0-simulator --binary-file /Users/aadityasingh/Library/Developer/Xcode/DerivedData/Chatlio-erkyzdeecsohoaggpwbjdvavzqfv/Build/Products/Debug-iphonesimulator/SwiftState.o --dependency-file /Users/aadityasingh/Library/Developer/Xcode/DerivedData/Chatlio-erkyzdeecsohoaggpwbjdvavzqfv/Build/Intermediates.noindex/SwiftState.build/Debug-iphonesimulator/SwiftState.build/Objects-normal/arm64/SwiftState_dependency_info.dat --dependency-file /Users/aadityasingh/Library/Developer/Xcode/DerivedData/Chatlio-erkyzdeecsohoaggpwbjdvavzqfv/Build/Intermediates.noindex/SwiftState.build/Debug-iphonesimulator/SwiftState.build/Objects-normal/x86_64/SwiftState_dependency_info.dat --stringsdata-file /Users/aadityasingh/Library/Developer/Xcode/DerivedData/Chatlio-erkyzdeecsohoaggpwbjdvavzqfv/Build/Intermediates.noindex/SwiftState.build/Debug-iphonesimulator/SwiftState.build/Objects-normal/arm64/ExtractedAppShortcutsMetadata.stringsdata --stringsdata-file /Users/aadityasingh/Library/Developer/Xcode/DerivedData/Chatlio-erkyzdeecsohoaggpwbjdvavzqfv/Build/Intermediates.noindex/SwiftState.build/Debug-iphonesimulator/SwiftState.build/Objects-normal/x86_64/ExtractedAppShortcutsMetadata.stringsdata --source-file-list /Users/aadityasingh/Library/Developer/Xcode/DerivedData/Chatlio-erkyzdeecsohoaggpwbjdvavzqfv/Build/Intermediates.noindex/SwiftState.build/Debug-iphonesimulator/SwiftState.build/Objects-normal/arm64/SwiftState.SwiftFileList --source-file-list /Users/aadityasingh/Library/Developer/Xcode/DerivedData/Chatlio-erkyzdeecsohoaggpwbjdvavzqfv/Build/Intermediates.noindex/SwiftState.build/Debug-iphonesimulator/SwiftState.build/Objects-normal/x86_64/SwiftState.SwiftFileList --metadata-file-list /Users/aadityasingh/Library/Developer/Xcode/DerivedData/Chatlio-erkyzdeecsohoaggpwbjdvavzqfv/Build/Intermediates.noindex/SwiftState.build/Debug-iphonesimulator/SwiftState.build/SwiftState.DependencyMetadataFileList --static-metadata-file-list /Users/aadityasingh/Library/Developer/Xcode/DerivedData/Chatlio-erkyzdeecsohoaggpwbjdvavzqfv/Build/Intermediates.noindex/SwiftState.build/Debug-iphonesimulator/SwiftState.build/SwiftState.DependencyStaticMetadataFileList --swift-const-vals-list /Users/aadityasingh/Library/Developer/Xcode/DerivedData/Chatlio-erkyzdeecsohoaggpwbjdvavzqfv/Build/Intermediates.noindex/SwiftState.build/Debug-iphonesimulator/SwiftState.build/Objects-normal/arm64/SwiftState.SwiftConstValuesFileList --swift-const-vals-list /Users/aadityasingh/Library/Developer/Xcode/DerivedData/Chatlio-erkyzdeecsohoaggpwbjdvavzqfv/Build/Intermediates.noindex/SwiftState.build/Debug-iphonesimulator/SwiftState.build/Objects-normal/x86_64/SwiftState.SwiftConstValuesFileList --force --compile-time-extraction --deployment-aware-processing --validate-assistant-intents --no-app-shortcuts-localization
2026-05-11 23:03:29.951 appintentsmetadataprocessor[19421:2634244] Starting appintentsmetadataprocessor export
2026-05-11 23:03:29.980 appintentsmetadataprocessor[19421:2634244] Extracted no relevant App Intents symbols, skipping writing output

ExtractAppIntentsMetadata (in target 'RealModule' from project 'swift-numerics')
    cd /Users/aadityasingh/Library/Developer/Xcode/DerivedData/Chatlio-erkyzdeecsohoaggpwbjdvavzqfv/SourcePackages/checkouts/swift-numerics
    /Applications/Xcode.app/Contents/Developer/Toolchains/XcodeDefault.xctoolchain/usr/bin/appintentsmetadataprocessor --toolchain-dir /Applications/Xcode.app/Contents/Developer/Toolchains/XcodeDefault.xctoolchain --module-name RealModule --sdk-root /Applications/Xcode.app/Contents/Developer/Platforms/iPhoneSimulator.platform/Developer/SDKs/iPhoneSimulator26.4.sdk --xcode-version 17E202 --platform-family iOS --deployment-target 12.0 --bundle-identifier swift-numerics.RealModule --output /Users/aadityasingh/Library/Developer/Xcode/DerivedData/Chatlio-erkyzdeecsohoaggpwbjdvavzqfv/Build/Products/Debug-iphonesimulator/RealModule.appintents --target-triple arm64-apple-ios12.0-simulator --target-triple x86_64-apple-ios12.0-simulator --binary-file /Users/aadityasingh/Library/Developer/Xcode/DerivedData/Chatlio-erkyzdeecsohoaggpwbjdvavzqfv/Build/Products/Debug-iphonesimulator/RealModule.o --dependency-file /Users/aadityasingh/Library/Developer/Xcode/DerivedData/Chatlio-erkyzdeecsohoaggpwbjdvavzqfv/Build/Intermediates.noindex/swift-numerics.build/Debug-iphonesimulator/RealModule.build/Objects-normal/arm64/RealModule_dependency_info.dat --dependency-file /Users/aadityasingh/Library/Developer/Xcode/DerivedData/Chatlio-erkyzdeecsohoaggpwbjdvavzqfv/Build/Intermediates.noindex/swift-numerics.build/Debug-iphonesimulator/RealModule.build/Objects-normal/x86_64/RealModule_dependency_info.dat --stringsdata-file /Users/aadityasingh/Library/Developer/Xcode/DerivedData/Chatlio-erkyzdeecsohoaggpwbjdvavzqfv/Build/Intermediates.noindex/swift-numerics.build/Debug-iphonesimulator/RealModule.build/Objects-normal/arm64/ExtractedAppShortcutsMetadata.stringsdata --stringsdata-file /Users/aadityasingh/Library/Developer/Xcode/DerivedData/Chatlio-erkyzdeecsohoaggpwbjdvavzqfv/Build/Intermediates.noindex/swift-numerics.build/Debug-iphonesimulator/RealModule.build/Objects-normal/x86_64/ExtractedAppShortcutsMetadata.stringsdata --source-file-list /Users/aadityasingh/Library/Developer/Xcode/DerivedData/Chatlio-erkyzdeecsohoaggpwbjdvavzqfv/Build/Intermediates.noindex/swift-numerics.build/Debug-iphonesimulator/RealModule.build/Objects-normal/arm64/RealModule.SwiftFileList --source-file-list /Users/aadityasingh/Library/Developer/Xcode/DerivedData/Chatlio-erkyzdeecsohoaggpwbjdvavzqfv/Build/Intermediates.noindex/swift-numerics.build/Debug-iphonesimulator/RealModule.build/Objects-normal/x86_64/RealModule.SwiftFileList --metadata-file-list /Users/aadityasingh/Library/Developer/Xcode/DerivedData/Chatlio-erkyzdeecsohoaggpwbjdvavzqfv/Build/Intermediates.noindex/swift-numerics.build/Debug-iphonesimulator/RealModule.build/RealModule.DependencyMetadataFileList --static-metadata-file-list /Users/aadityasingh/Library/Developer/Xcode/DerivedData/Chatlio-erkyzdeecsohoaggpwbjdvavzqfv/Build/Intermediates.noindex/swift-numerics.build/Debug-iphonesimulator/RealModule.build/RealModule.DependencyStaticMetadataFileList --swift-const-vals-list /Users/aadityasingh/Library/Developer/Xcode/DerivedData/Chatlio-erkyzdeecsohoaggpwbjdvavzqfv/Build/Intermediates.noindex/swift-numerics.build/Debug-iphonesimulator/RealModule.build/Objects-normal/arm64/RealModule.SwiftConstValuesFileList --swift-const-vals-list /Users/aadityasingh/Library/Developer/Xcode/DerivedData/Chatlio-erkyzdeecsohoaggpwbjdvavzqfv/Build/Intermediates.noindex/swift-numerics.build/Debug-iphonesimulator/RealModule.build/Objects-normal/x86_64/RealModule.SwiftConstValuesFileList --force --compile-time-extraction --deployment-aware-processing --validate-assistant-intents --no-app-shortcuts-localization
2026-05-11 23:03:30.003 appintentsmetadataprocessor[19422:2634275] Starting appintentsmetadataprocessor export
2026-05-11 23:03:30.020 appintentsmetadataprocessor[19422:2634275] Extracted no relevant App Intents symbols, skipping writing output

ExtractAppIntentsMetadata (in target 'LRUCache' from project 'LRUCache')
    cd /Users/aadityasingh/Library/Developer/Xcode/DerivedData/Chatlio-erkyzdeecsohoaggpwbjdvavzqfv/SourcePackages/checkouts/LRUCache
    /Applications/Xcode.app/Contents/Developer/Toolchains/XcodeDefault.xctoolchain/usr/bin/appintentsmetadataprocessor --toolchain-dir /Applications/Xcode.app/Contents/Developer/Toolchains/XcodeDefault.xctoolchain --module-name LRUCache --sdk-root /Applications/Xcode.app/Contents/Developer/Platforms/iPhoneSimulator.platform/Developer/SDKs/iPhoneSimulator26.4.sdk --xcode-version 17E202 --platform-family iOS --deployment-target 13.0 --bundle-identifier lrucache.LRUCache --output /Users/aadityasingh/Library/Developer/Xcode/DerivedData/Chatlio-erkyzdeecsohoaggpwbjdvavzqfv/Build/Products/Debug-iphonesimulator/LRUCache.appintents --target-triple arm64-apple-ios13.0-simulator --target-triple x86_64-apple-ios13.0-simulator --binary-file /Users/aadityasingh/Library/Developer/Xcode/DerivedData/Chatlio-erkyzdeecsohoaggpwbjdvavzqfv/Build/Products/Debug-iphonesimulator/LRUCache.o --dependency-file /Users/aadityasingh/Library/Developer/Xcode/DerivedData/Chatlio-erkyzdeecsohoaggpwbjdvavzqfv/Build/Intermediates.noindex/LRUCache.build/Debug-iphonesimulator/LRUCache.build/Objects-normal/arm64/LRUCache_dependency_info.dat --dependency-file /Users/aadityasingh/Library/Developer/Xcode/DerivedData/Chatlio-erkyzdeecsohoaggpwbjdvavzqfv/Build/Intermediates.noindex/LRUCache.build/Debug-iphonesimulator/LRUCache.build/Objects-normal/x86_64/LRUCache_dependency_info.dat --stringsdata-file /Users/aadityasingh/Library/Developer/Xcode/DerivedData/Chatlio-erkyzdeecsohoaggpwbjdvavzqfv/Build/Intermediates.noindex/LRUCache.build/Debug-iphonesimulator/LRUCache.build/Objects-normal/arm64/ExtractedAppShortcutsMetadata.stringsdata --stringsdata-file /Users/aadityasingh/Library/Developer/Xcode/DerivedData/Chatlio-erkyzdeecsohoaggpwbjdvavzqfv/Build/Intermediates.noindex/LRUCache.build/Debug-iphonesimulator/LRUCache.build/Objects-normal/x86_64/ExtractedAppShortcutsMetadata.stringsdata --source-file-list /Users/aadityasingh/Library/Developer/Xcode/DerivedData/Chatlio-erkyzdeecsohoaggpwbjdvavzqfv/Build/Intermediates.noindex/LRUCache.build/Debug-iphonesimulator/LRUCache.build/Objects-normal/arm64/LRUCache.SwiftFileList --source-file-list /Users/aadityasingh/Library/Developer/Xcode/DerivedData/Chatlio-erkyzdeecsohoaggpwbjdvavzqfv/Build/Intermediates.noindex/LRUCache.build/Debug-iphonesimulator/LRUCache.build/Objects-normal/x86_64/LRUCache.SwiftFileList --metadata-file-list /Users/aadityasingh/Library/Developer/Xcode/DerivedData/Chatlio-erkyzdeecsohoaggpwbjdvavzqfv/Build/Intermediates.noindex/LRUCache.build/Debug-iphonesimulator/LRUCache.build/LRUCache.DependencyMetadataFileList --static-metadata-file-list /Users/aadityasingh/Library/Developer/Xcode/DerivedData/Chatlio-erkyzdeecsohoaggpwbjdvavzqfv/Build/Intermediates.noindex/LRUCache.build/Debug-iphonesimulator/LRUCache.build/LRUCache.DependencyStaticMetadataFileList --swift-const-vals-list /Users/aadityasingh/Library/Developer/Xcode/DerivedData/Chatlio-erkyzdeecsohoaggpwbjdvavzqfv/Build/Intermediates.noindex/LRUCache.build/Debug-iphonesimulator/LRUCache.build/Objects-normal/arm64/LRUCache.SwiftConstValuesFileList --swift-const-vals-list /Users/aadityasingh/Library/Developer/Xcode/DerivedData/Chatlio-erkyzdeecsohoaggpwbjdvavzqfv/Build/Intermediates.noindex/LRUCache.build/Debug-iphonesimulator/LRUCache.build/Objects-normal/x86_64/LRUCache.SwiftConstValuesFileList --force --compile-time-extraction --deployment-aware-processing --validate-assistant-intents --no-app-shortcuts-localization
2026-05-11 23:03:30.029 appintentsmetadataprocessor[19423:2634285] Starting appintentsmetadataprocessor export
2026-05-11 23:03:30.047 appintentsmetadataprocessor[19423:2634285] Extracted no relevant App Intents symbols, skipping writing output

SwiftEmitModule normal x86_64 Emitting\ module\ for\ KZFileWatchers (in target 'KZFileWatchers' from project 'KZFileWatchers')

EmitSwiftModule normal x86_64 (in target 'KZFileWatchers' from project 'KZFileWatchers')
    cd /Users/aadityasingh/Documents/Development/element-x-ios/Chatlio.xcodeproj
    

SwiftEmitModule normal arm64 Emitting\ module\ for\ KZFileWatchers (in target 'KZFileWatchers' from project 'KZFileWatchers')

EmitSwiftModule normal arm64 (in target 'KZFileWatchers' from project 'KZFileWatchers')
    cd /Users/aadityasingh/Documents/Development/element-x-ios/Chatlio.xcodeproj
    

SwiftDriver\ Compilation Kingfisher normal arm64 com.apple.xcode.tools.swift.compiler (in target 'Kingfisher' from project 'Kingfisher')
    cd /Users/aadityasingh/Documents/Development/element-x-ios/Chatlio.xcodeproj
    builtin-Swift-Compilation -- /Applications/Xcode.app/Contents/Developer/Toolchains/XcodeDefault.xctoolchain/usr/bin/swiftc -module-name Kingfisher -Onone @/Users/aadityasingh/Library/Developer/Xcode/DerivedData/Chatlio-erkyzdeecsohoaggpwbjdvavzqfv/Build/Intermediates.noindex/Kingfisher.build/Debug-iphonesimulator/Kingfisher.build/Objects-normal/arm64/Kingfisher.SwiftFileList -DSWIFT_PACKAGE -DDEBUG -DSWIFT_MODULE_RESOURCE_BUNDLE_AVAILABLE -DXcode -plugin-path /Applications/Xcode.app/Contents/Developer/Toolchains/XcodeDefault.xctoolchain/usr/lib/swift/host/plugins/testing -enable-experimental-feature DebugDescriptionMacro -sdk /Applications/Xcode.app/Contents/Developer/Platforms/iPhoneSimulator.platform/Developer/SDKs/iPhoneSimulator26.4.sdk -target arm64-apple-ios13.0-simulator -g -module-cache-path /Users/aadityasingh/Library/Developer/Xcode/DerivedData/ModuleCache.noindex -Xfrontend -serialize-debugging-options -profile-coverage-mapping -profile-generate -enable-testing -suppress-warnings -index-store-path /Users/aadityasingh/Library/Developer/Xcode/DerivedData/Chatlio-erkyzdeecsohoaggpwbjdvavzqfv/Index.noindex/DataStore -Xcc -D_LIBCPP_HARDENING_MODE\=_LIBCPP_HARDENING_MODE_DEBUG -swift-version 5 -I /Users/aadityasingh/Library/Developer/Xcode/DerivedData/Chatlio-erkyzdeecsohoaggpwbjdvavzqfv/Build/Products/Debug-iphonesimulator -Isystem /Applications/Xcode.app/Contents/Developer/Platforms/iPhoneSimulator.platform/Developer/usr/lib -F /Users/aadityasingh/Library/Developer/Xcode/DerivedData/Chatlio-erkyzdeecsohoaggpwbjdvavzqfv/Build/Products/Debug-iphonesimulator -F /Applications/Xcode.app/Contents/Developer/Platforms/iPhoneSimulator.platform/Developer/Library/Frameworks -F /Applications/Xcode.app/Contents/Developer/Platforms/iPhoneSimulator.platform/Developer/SDKs/iPhoneSimulator26.4.sdk/Developer/Library/Frameworks -c -j12 -enable-batch-mode -incremental -Xcc -ivfsstatcache -Xcc /Users/aadityasingh/Library/Developer/Xcode/DerivedData/SDKStatCaches.noindex/iphonesimulator26.4-23E252-686eebb5dc1d8ecb277353a59184f4aa.sdkstatcache -output-file-map /Users/aadityasingh/Library/Developer/Xcode/DerivedData/Chatlio-erkyzdeecsohoaggpwbjdvavzqfv/Build/Intermediates.noindex/Kingfisher.build/Debug-iphonesimulator/Kingfisher.build/Objects-normal/arm64/Kingfisher-OutputFileMap.json -use-frontend-parseable-output -save-temps -no-color-diagnostics -explicit-module-build -module-cache-path /Users/aadityasingh/Library/Developer/Xcode/DerivedData/Chatlio-erkyzdeecsohoaggpwbjdvavzqfv/Build/Intermediates.noindex/SwiftExplicitPrecompiledModules -clang-scanner-module-cache-path /Users/aadityasingh/Library/Developer/Xcode/DerivedData/ModuleCache.noindex -sdk-module-cache-path /Users/aadityasingh/Library/Developer/Xcode/DerivedData/ModuleCache.noindex -serialize-diagnostics -emit-dependencies -emit-module -emit-module-path /Users/aadityasingh/Library/Developer/Xcode/DerivedData/Chatlio-erkyzdeecsohoaggpwbjdvavzqfv/Build/Intermediates.noindex/Kingfisher.build/Debug-iphonesimulator/Kingfisher.build/Objects-normal/arm64/Kingfisher.swiftmodule -validate-clang-modules-once -clang-build-session-file /Users/aadityasingh/Library/Developer/Xcode/DerivedData/ModuleCache.noindex/Session.modulevalidation -package-name kingfisher -Xcc -I/Users/aadityasingh/Library/Developer/Xcode/DerivedData/Chatlio-erkyzdeecsohoaggpwbjdvavzqfv/Build/Intermediates.noindex/Kingfisher.build/Debug-iphonesimulator/Kingfisher.build/swift-overrides.hmap -emit-const-values -Xfrontend -const-gather-protocols-file -Xfrontend /Users/aadityasingh/Library/Developer/Xcode/DerivedData/Chatlio-erkyzdeecsohoaggpwbjdvavzqfv/Build/Intermediates.noindex/Kingfisher.build/Debug-iphonesimulator/Kingfisher.build/Objects-normal/arm64/Kingfisher_const_extract_protocols.json -Xcc -I/Users/aadityasingh/Library/Developer/Xcode/DerivedData/Chatlio-erkyzdeecsohoaggpwbjdvavzqfv/Build/Products/Debug-iphonesimulator/include -Xcc -I/Users/aadityasingh/Library/Developer/Xcode/DerivedData/Chatlio-erkyzdeecsohoaggpwbjdvavzqfv/Build/Intermediates.noindex/Kingfisher.build/Debug-iphonesimulator/Kingfisher.build/DerivedSources-normal/arm64 -Xcc -I/Users/aadityasingh/Library/Developer/Xcode/DerivedData/Chatlio-erkyzdeecsohoaggpwbjdvavzqfv/Build/Intermediates.noindex/Kingfisher.build/Debug-iphonesimulator/Kingfisher.build/DerivedSources/arm64 -Xcc -I/Users/aadityasingh/Library/Developer/Xcode/DerivedData/Chatlio-erkyzdeecsohoaggpwbjdvavzqfv/Build/Intermediates.noindex/Kingfisher.build/Debug-iphonesimulator/Kingfisher.build/DerivedSources -Xcc -DSWIFT_PACKAGE -Xcc -DDEBUG\=1 -emit-objc-header -emit-objc-header-path /Users/aadityasingh/Library/Developer/Xcode/DerivedData/Chatlio-erkyzdeecsohoaggpwbjdvavzqfv/Build/Intermediates.noindex/Kingfisher.build/Debug-iphonesimulator/Kingfisher.build/Objects-normal/arm64/Kingfisher-Swift.h -working-directory /Users/aadityasingh/Documents/Development/element-x-ios/Chatlio.xcodeproj -experimental-emit-module-separately -disable-cmo

SwiftCompile normal x86_64 Compiling\ Remote.swift /Users/aadityasingh/Library/Developer/Xcode/DerivedData/Chatlio-erkyzdeecsohoaggpwbjdvavzqfv/SourcePackages/checkouts/KZFileWatchers/KZFileWatchers/Classes/Remote/Remote.swift (in target 'KZFileWatchers' from project 'KZFileWatchers')

SwiftCompile normal x86_64 /Users/aadityasingh/Library/Developer/Xcode/DerivedData/Chatlio-erkyzdeecsohoaggpwbjdvavzqfv/SourcePackages/checkouts/KZFileWatchers/KZFileWatchers/Classes/Remote/Remote.swift (in target 'KZFileWatchers' from project 'KZFileWatchers')
    cd /Users/aadityasingh/Documents/Development/element-x-ios/Chatlio.xcodeproj
    

SwiftCompile normal arm64 Compiling\ Common.swift /Users/aadityasingh/Library/Developer/Xcode/DerivedData/Chatlio-erkyzdeecsohoaggpwbjdvavzqfv/SourcePackages/checkouts/KZFileWatchers/KZFileWatchers/Classes/Common.swift (in target 'KZFileWatchers' from project 'KZFileWatchers')

SwiftCompile normal arm64 /Users/aadityasingh/Library/Developer/Xcode/DerivedData/Chatlio-erkyzdeecsohoaggpwbjdvavzqfv/SourcePackages/checkouts/KZFileWatchers/KZFileWatchers/Classes/Common.swift (in target 'KZFileWatchers' from project 'KZFileWatchers')
    cd /Users/aadityasingh/Documents/Development/element-x-ios/Chatlio.xcodeproj
    

SwiftDriverJobDiscovery normal x86_64 Emitting module for KZFileWatchers (in target 'KZFileWatchers' from project 'KZFileWatchers')

SwiftDriver\ Compilation\ Requirements KZFileWatchers normal x86_64 com.apple.xcode.tools.swift.compiler (in target 'KZFileWatchers' from project 'KZFileWatchers')
    cd /Users/aadityasingh/Documents/Development/element-x-ios/Chatlio.xcodeproj
    builtin-Swift-Compilation-Requirements -- /Applications/Xcode.app/Contents/Developer/Toolchains/XcodeDefault.xctoolchain/usr/bin/swiftc -module-name KZFileWatchers -Onone @/Users/aadityasingh/Library/Developer/Xcode/DerivedData/Chatlio-erkyzdeecsohoaggpwbjdvavzqfv/Build/Intermediates.noindex/KZFileWatchers.build/Debug-iphonesimulator/KZFileWatchers.build/Objects-normal/x86_64/KZFileWatchers.SwiftFileList -DSWIFT_PACKAGE -DDEBUG -DSWIFT_MODULE_RESOURCE_BUNDLE_UNAVAILABLE -DXcode -plugin-path /Applications/Xcode.app/Contents/Developer/Toolchains/XcodeDefault.xctoolchain/usr/lib/swift/host/plugins/testing -enable-experimental-feature DebugDescriptionMacro -sdk /Applications/Xcode.app/Contents/Developer/Platforms/iPhoneSimulator.platform/Developer/SDKs/iPhoneSimulator26.4.sdk -target x86_64-apple-ios12.0-simulator -g -module-cache-path /Users/aadityasingh/Library/Developer/Xcode/DerivedData/ModuleCache.noindex -Xfrontend -serialize-debugging-options -profile-coverage-mapping -profile-generate -enable-testing -suppress-warnings -index-store-path /Users/aadityasingh/Library/Developer/Xcode/DerivedData/Chatlio-erkyzdeecsohoaggpwbjdvavzqfv/Index.noindex/DataStore -Xcc -D_LIBCPP_HARDENING_MODE\=_LIBCPP_HARDENING_MODE_DEBUG -swift-version 5 -I /Users/aadityasingh/Library/Developer/Xcode/DerivedData/Chatlio-erkyzdeecsohoaggpwbjdvavzqfv/Build/Products/Debug-iphonesimulator -Isystem /Applications/Xcode.app/Contents/Developer/Platforms/iPhoneSimulator.platform/Developer/usr/lib -F /Users/aadityasingh/Library/Developer/Xcode/DerivedData/Chatlio-erkyzdeecsohoaggpwbjdvavzqfv/Build/Products/Debug-iphonesimulator -F /Applications/Xcode.app/Contents/Developer/Platforms/iPhoneSimulator.platform/Developer/Library/Frameworks -F /Applications/Xcode.app/Contents/Developer/Platforms/iPhoneSimulator.platform/Developer/SDKs/iPhoneSimulator26.4.sdk/Developer/Library/Frameworks -c -j12 -enable-batch-mode -incremental -Xcc -ivfsstatcache -Xcc /Users/aadityasingh/Library/Developer/Xcode/DerivedData/SDKStatCaches.noindex/iphonesimulator26.4-23E252-686eebb5dc1d8ecb277353a59184f4aa.sdkstatcache -output-file-map /Users/aadityasingh/Library/Developer/Xcode/DerivedData/Chatlio-erkyzdeecsohoaggpwbjdvavzqfv/Build/Intermediates.noindex/KZFileWatchers.build/Debug-iphonesimulator/KZFileWatchers.build/Objects-normal/x86_64/KZFileWatchers-OutputFileMap.json -use-frontend-parseable-output -save-temps -no-color-diagnostics -explicit-module-build -module-cache-path /Users/aadityasingh/Library/Developer/Xcode/DerivedData/Chatlio-erkyzdeecsohoaggpwbjdvavzqfv/Build/Intermediates.noindex/SwiftExplicitPrecompiledModules -clang-scanner-module-cache-path /Users/aadityasingh/Library/Developer/Xcode/DerivedData/ModuleCache.noindex -sdk-module-cache-path /Users/aadityasingh/Library/Developer/Xcode/DerivedData/ModuleCache.noindex -serialize-diagnostics -emit-dependencies -emit-module -emit-module-path /Users/aadityasingh/Library/Developer/Xcode/DerivedData/Chatlio-erkyzdeecsohoaggpwbjdvavzqfv/Build/Intermediates.noindex/KZFileWatchers.build/Debug-iphonesimulator/KZFileWatchers.build/Objects-normal/x86_64/KZFileWatchers.swiftmodule -validate-clang-modules-once -clang-build-session-file /Users/aadityasingh/Library/Developer/Xcode/DerivedData/ModuleCache.noindex/Session.modulevalidation -Xcc -I/Users/aadityasingh/Library/Developer/Xcode/DerivedData/Chatlio-erkyzdeecsohoaggpwbjdvavzqfv/Build/Intermediates.noindex/KZFileWatchers.build/Debug-iphonesimulator/KZFileWatchers.build/swift-overrides.hmap -emit-const-values -Xfrontend -const-gather-protocols-file -Xfrontend /Users/aadityasingh/Library/Developer/Xcode/DerivedData/Chatlio-erkyzdeecsohoaggpwbjdvavzqfv/Build/Intermediates.noindex/KZFileWatchers.build/Debug-iphonesimulator/KZFileWatchers.build/Objects-normal/x86_64/KZFileWatchers_const_extract_protocols.json -Xcc -I/Users/aadityasingh/Library/Developer/Xcode/DerivedData/Chatlio-erkyzdeecsohoaggpwbjdvavzqfv/Build/Products/Debug-iphonesimulator/include -Xcc -I/Users/aadityasingh/Library/Developer/Xcode/DerivedData/Chatlio-erkyzdeecsohoaggpwbjdvavzqfv/Build/Intermediates.noindex/KZFileWatchers.build/Debug-iphonesimulator/KZFileWatchers.build/DerivedSources-normal/x86_64 -Xcc -I/Users/aadityasingh/Library/Developer/Xcode/DerivedData/Chatlio-erkyzdeecsohoaggpwbjdvavzqfv/Build/Intermediates.noindex/KZFileWatchers.build/Debug-iphonesimulator/KZFileWatchers.build/DerivedSources/x86_64 -Xcc -I/Users/aadityasingh/Library/Developer/Xcode/DerivedData/Chatlio-erkyzdeecsohoaggpwbjdvavzqfv/Build/Intermediates.noindex/KZFileWatchers.build/Debug-iphonesimulator/KZFileWatchers.build/DerivedSources -Xcc -DSWIFT_PACKAGE -Xcc -DDEBUG\=1 -emit-objc-header -emit-objc-header-path /Users/aadityasingh/Library/Developer/Xcode/DerivedData/Chatlio-erkyzdeecsohoaggpwbjdvavzqfv/Build/Intermediates.noindex/KZFileWatchers.build/Debug-iphonesimulator/KZFileWatchers.build/Objects-normal/x86_64/KZFileWatchers-Swift.h -working-directory /Users/aadityasingh/Documents/Development/element-x-ios/Chatlio.xcodeproj -experimental-emit-module-separately -disable-cmo

SwiftDriverJobDiscovery normal arm64 Emitting module for KZFileWatchers (in target 'KZFileWatchers' from project 'KZFileWatchers')

SwiftDriver\ Compilation\ Requirements KZFileWatchers normal arm64 com.apple.xcode.tools.swift.compiler (in target 'KZFileWatchers' from project 'KZFileWatchers')
    cd /Users/aadityasingh/Documents/Development/element-x-ios/Chatlio.xcodeproj
    builtin-Swift-Compilation-Requirements -- /Applications/Xcode.app/Contents/Developer/Toolchains/XcodeDefault.xctoolchain/usr/bin/swiftc -module-name KZFileWatchers -Onone @/Users/aadityasingh/Library/Developer/Xcode/DerivedData/Chatlio-erkyzdeecsohoaggpwbjdvavzqfv/Build/Intermediates.noindex/KZFileWatchers.build/Debug-iphonesimulator/KZFileWatchers.build/Objects-normal/arm64/KZFileWatchers.SwiftFileList -DSWIFT_PACKAGE -DDEBUG -DSWIFT_MODULE_RESOURCE_BUNDLE_UNAVAILABLE -DXcode -plugin-path /Applications/Xcode.app/Contents/Developer/Toolchains/XcodeDefault.xctoolchain/usr/lib/swift/host/plugins/testing -enable-experimental-feature DebugDescriptionMacro -sdk /Applications/Xcode.app/Contents/Developer/Platforms/iPhoneSimulator.platform/Developer/SDKs/iPhoneSimulator26.4.sdk -target arm64-apple-ios12.0-simulator -g -module-cache-path /Users/aadityasingh/Library/Developer/Xcode/DerivedData/ModuleCache.noindex -Xfrontend -serialize-debugging-options -profile-coverage-mapping -profile-generate -enable-testing -suppress-warnings -index-store-path /Users/aadityasingh/Library/Developer/Xcode/DerivedData/Chatlio-erkyzdeecsohoaggpwbjdvavzqfv/Index.noindex/DataStore -Xcc -D_LIBCPP_HARDENING_MODE\=_LIBCPP_HARDENING_MODE_DEBUG -swift-version 5 -I /Users/aadityasingh/Library/Developer/Xcode/DerivedData/Chatlio-erkyzdeecsohoaggpwbjdvavzqfv/Build/Products/Debug-iphonesimulator -Isystem /Applications/Xcode.app/Contents/Developer/Platforms/iPhoneSimulator.platform/Developer/usr/lib -F /Users/aadityasingh/Library/Developer/Xcode/DerivedData/Chatlio-erkyzdeecsohoaggpwbjdvavzqfv/Build/Products/Debug-iphonesimulator -F /Applications/Xcode.app/Contents/Developer/Platforms/iPhoneSimulator.platform/Developer/Library/Frameworks -F /Applications/Xcode.app/Contents/Developer/Platforms/iPhoneSimulator.platform/Developer/SDKs/iPhoneSimulator26.4.sdk/Developer/Library/Frameworks -c -j12 -enable-batch-mode -incremental -Xcc -ivfsstatcache -Xcc /Users/aadityasingh/Library/Developer/Xcode/DerivedData/SDKStatCaches.noindex/iphonesimulator26.4-23E252-686eebb5dc1d8ecb277353a59184f4aa.sdkstatcache -output-file-map /Users/aadityasingh/Library/Developer/Xcode/DerivedData/Chatlio-erkyzdeecsohoaggpwbjdvavzqfv/Build/Intermediates.noindex/KZFileWatchers.build/Debug-iphonesimulator/KZFileWatchers.build/Objects-normal/arm64/KZFileWatchers-OutputFileMap.json -use-frontend-parseable-output -save-temps -no-color-diagnostics -explicit-module-build -module-cache-path /Users/aadityasingh/Library/Developer/Xcode/DerivedData/Chatlio-erkyzdeecsohoaggpwbjdvavzqfv/Build/Intermediates.noindex/SwiftExplicitPrecompiledModules -clang-scanner-module-cache-path /Users/aadityasingh/Library/Developer/Xcode/DerivedData/ModuleCache.noindex -sdk-module-cache-path /Users/aadityasingh/Library/Developer/Xcode/DerivedData/ModuleCache.noindex -serialize-diagnostics -emit-dependencies -emit-module -emit-module-path /Users/aadityasingh/Library/Developer/Xcode/DerivedData/Chatlio-erkyzdeecsohoaggpwbjdvavzqfv/Build/Intermediates.noindex/KZFileWatchers.build/Debug-iphonesimulator/KZFileWatchers.build/Objects-normal/arm64/KZFileWatchers.swiftmodule -validate-clang-modules-once -clang-build-session-file /Users/aadityasingh/Library/Developer/Xcode/DerivedData/ModuleCache.noindex/Session.modulevalidation -Xcc -I/Users/aadityasingh/Library/Developer/Xcode/DerivedData/Chatlio-erkyzdeecsohoaggpwbjdvavzqfv/Build/Intermediates.noindex/KZFileWatchers.build/Debug-iphonesimulator/KZFileWatchers.build/swift-overrides.hmap -emit-const-values -Xfrontend -const-gather-protocols-file -Xfrontend /Users/aadityasingh/Library/Developer/Xcode/DerivedData/Chatlio-erkyzdeecsohoaggpwbjdvavzqfv/Build/Intermediates.noindex/KZFileWatchers.build/Debug-iphonesimulator/KZFileWatchers.build/Objects-normal/arm64/KZFileWatchers_const_extract_protocols.json -Xcc -I/Users/aadityasingh/Library/Developer/Xcode/DerivedData/Chatlio-erkyzdeecsohoaggpwbjdvavzqfv/Build/Products/Debug-iphonesimulator/include -Xcc -I/Users/aadityasingh/Library/Developer/Xcode/DerivedData/Chatlio-erkyzdeecsohoaggpwbjdvavzqfv/Build/Intermediates.noindex/KZFileWatchers.build/Debug-iphonesimulator/KZFileWatchers.build/DerivedSources-normal/arm64 -Xcc -I/Users/aadityasingh/Library/Developer/Xcode/DerivedData/Chatlio-erkyzdeecsohoaggpwbjdvavzqfv/Build/Intermediates.noindex/KZFileWatchers.build/Debug-iphonesimulator/KZFileWatchers.build/DerivedSources/arm64 -Xcc -I/Users/aadityasingh/Library/Developer/Xcode/DerivedData/Chatlio-erkyzdeecsohoaggpwbjdvavzqfv/Build/Intermediates.noindex/KZFileWatchers.build/Debug-iphonesimulator/KZFileWatchers.build/DerivedSources -Xcc -DSWIFT_PACKAGE -Xcc -DDEBUG\=1 -emit-objc-header -emit-objc-header-path /Users/aadityasingh/Library/Developer/Xcode/DerivedData/Chatlio-erkyzdeecsohoaggpwbjdvavzqfv/Build/Intermediates.noindex/KZFileWatchers.build/Debug-iphonesimulator/KZFileWatchers.build/Objects-normal/arm64/KZFileWatchers-Swift.h -working-directory /Users/aadityasingh/Documents/Development/element-x-ios/Chatlio.xcodeproj -experimental-emit-module-separately -disable-cmo

Copy /Users/aadityasingh/Library/Developer/Xcode/DerivedData/Chatlio-erkyzdeecsohoaggpwbjdvavzqfv/Build/Products/Debug-iphonesimulator/KZFileWatchers.swiftmodule/x86_64-apple-ios-simulator.swiftmodule /Users/aadityasingh/Library/Developer/Xcode/DerivedData/Chatlio-erkyzdeecsohoaggpwbjdvavzqfv/Build/Intermediates.noindex/KZFileWatchers.build/Debug-iphonesimulator/KZFileWatchers.build/Objects-normal/x86_64/KZFileWatchers.swiftmodule (in target 'KZFileWatchers' from project 'KZFileWatchers')
    cd /Users/aadityasingh/Library/Developer/Xcode/DerivedData/Chatlio-erkyzdeecsohoaggpwbjdvavzqfv/SourcePackages/checkouts/KZFileWatchers
    builtin-copy -exclude .DS_Store -exclude CVS -exclude .svn -exclude .git -exclude .hg -resolve-src-symlinks -rename /Users/aadityasingh/Library/Developer/Xcode/DerivedData/Chatlio-erkyzdeecsohoaggpwbjdvavzqfv/Build/Intermediates.noindex/KZFileWatchers.build/Debug-iphonesimulator/KZFileWatchers.build/Objects-normal/x86_64/KZFileWatchers.swiftmodule /Users/aadityasingh/Library/Developer/Xcode/DerivedData/Chatlio-erkyzdeecsohoaggpwbjdvavzqfv/Build/Products/Debug-iphonesimulator/KZFileWatchers.swiftmodule/x86_64-apple-ios-simulator.swiftmodule

SwiftMergeGeneratedHeaders /Users/aadityasingh/Library/Developer/Xcode/DerivedData/Chatlio-erkyzdeecsohoaggpwbjdvavzqfv/Build/Intermediates.noindex/GeneratedModuleMaps-iphonesimulator/KZFileWatchers-Swift.h /Users/aadityasingh/Library/Developer/Xcode/DerivedData/Chatlio-erkyzdeecsohoaggpwbjdvavzqfv/Build/Intermediates.noindex/KZFileWatchers.build/Debug-iphonesimulator/KZFileWatchers.build/Objects-normal/arm64/KZFileWatchers-Swift.h /Users/aadityasingh/Library/Developer/Xcode/DerivedData/Chatlio-erkyzdeecsohoaggpwbjdvavzqfv/Build/Intermediates.noindex/KZFileWatchers.build/Debug-iphonesimulator/KZFileWatchers.build/Objects-normal/x86_64/KZFileWatchers-Swift.h (in target 'KZFileWatchers' from project 'KZFileWatchers')
    cd /Users/aadityasingh/Library/Developer/Xcode/DerivedData/Chatlio-erkyzdeecsohoaggpwbjdvavzqfv/SourcePackages/checkouts/KZFileWatchers
    builtin-swiftHeaderTool -arch arm64 /Users/aadityasingh/Library/Developer/Xcode/DerivedData/Chatlio-erkyzdeecsohoaggpwbjdvavzqfv/Build/Intermediates.noindex/KZFileWatchers.build/Debug-iphonesimulator/KZFileWatchers.build/Objects-normal/arm64/KZFileWatchers-Swift.h -arch x86_64 /Users/aadityasingh/Library/Developer/Xcode/DerivedData/Chatlio-erkyzdeecsohoaggpwbjdvavzqfv/Build/Intermediates.noindex/KZFileWatchers.build/Debug-iphonesimulator/KZFileWatchers.build/Objects-normal/x86_64/KZFileWatchers-Swift.h -o /Users/aadityasingh/Library/Developer/Xcode/DerivedData/Chatlio-erkyzdeecsohoaggpwbjdvavzqfv/Build/Intermediates.noindex/GeneratedModuleMaps-iphonesimulator/KZFileWatchers-Swift.h

Copy /Users/aadityasingh/Library/Developer/Xcode/DerivedData/Chatlio-erkyzdeecsohoaggpwbjdvavzqfv/Build/Products/Debug-iphonesimulator/KZFileWatchers.swiftmodule/x86_64-apple-ios-simulator.swiftdoc /Users/aadityasingh/Library/Developer/Xcode/DerivedData/Chatlio-erkyzdeecsohoaggpwbjdvavzqfv/Build/Intermediates.noindex/KZFileWatchers.build/Debug-iphonesimulator/KZFileWatchers.build/Objects-normal/x86_64/KZFileWatchers.swiftdoc (in target 'KZFileWatchers' from project 'KZFileWatchers')
    cd /Users/aadityasingh/Library/Developer/Xcode/DerivedData/Chatlio-erkyzdeecsohoaggpwbjdvavzqfv/SourcePackages/checkouts/KZFileWatchers
    builtin-copy -exclude .DS_Store -exclude CVS -exclude .svn -exclude .git -exclude .hg -resolve-src-symlinks -rename /Users/aadityasingh/Library/Developer/Xcode/DerivedData/Chatlio-erkyzdeecsohoaggpwbjdvavzqfv/Build/Intermediates.noindex/KZFileWatchers.build/Debug-iphonesimulator/KZFileWatchers.build/Objects-normal/x86_64/KZFileWatchers.swiftdoc /Users/aadityasingh/Library/Developer/Xcode/DerivedData/Chatlio-erkyzdeecsohoaggpwbjdvavzqfv/Build/Products/Debug-iphonesimulator/KZFileWatchers.swiftmodule/x86_64-apple-ios-simulator.swiftdoc

Copy /Users/aadityasingh/Library/Developer/Xcode/DerivedData/Chatlio-erkyzdeecsohoaggpwbjdvavzqfv/Build/Products/Debug-iphonesimulator/KZFileWatchers.swiftmodule/x86_64-apple-ios-simulator.abi.json /Users/aadityasingh/Library/Developer/Xcode/DerivedData/Chatlio-erkyzdeecsohoaggpwbjdvavzqfv/Build/Intermediates.noindex/KZFileWatchers.build/Debug-iphonesimulator/KZFileWatchers.build/Objects-normal/x86_64/KZFileWatchers.abi.json (in target 'KZFileWatchers' from project 'KZFileWatchers')
    cd /Users/aadityasingh/Library/Developer/Xcode/DerivedData/Chatlio-erkyzdeecsohoaggpwbjdvavzqfv/SourcePackages/checkouts/KZFileWatchers
    builtin-copy -exclude .DS_Store -exclude CVS -exclude .svn -exclude .git -exclude .hg -resolve-src-symlinks -rename /Users/aadityasingh/Library/Developer/Xcode/DerivedData/Chatlio-erkyzdeecsohoaggpwbjdvavzqfv/Build/Intermediates.noindex/KZFileWatchers.build/Debug-iphonesimulator/KZFileWatchers.build/Objects-normal/x86_64/KZFileWatchers.abi.json /Users/aadityasingh/Library/Developer/Xcode/DerivedData/Chatlio-erkyzdeecsohoaggpwbjdvavzqfv/Build/Products/Debug-iphonesimulator/KZFileWatchers.swiftmodule/x86_64-apple-ios-simulator.abi.json

Copy /Users/aadityasingh/Library/Developer/Xcode/DerivedData/Chatlio-erkyzdeecsohoaggpwbjdvavzqfv/Build/Products/Debug-iphonesimulator/KZFileWatchers.swiftmodule/arm64-apple-ios-simulator.swiftmodule /Users/aadityasingh/Library/Developer/Xcode/DerivedData/Chatlio-erkyzdeecsohoaggpwbjdvavzqfv/Build/Intermediates.noindex/KZFileWatchers.build/Debug-iphonesimulator/KZFileWatchers.build/Objects-normal/arm64/KZFileWatchers.swiftmodule (in target 'KZFileWatchers' from project 'KZFileWatchers')
    cd /Users/aadityasingh/Library/Developer/Xcode/DerivedData/Chatlio-erkyzdeecsohoaggpwbjdvavzqfv/SourcePackages/checkouts/KZFileWatchers
    builtin-copy -exclude .DS_Store -exclude CVS -exclude .svn -exclude .git -exclude .hg -resolve-src-symlinks -rename /Users/aadityasingh/Library/Developer/Xcode/DerivedData/Chatlio-erkyzdeecsohoaggpwbjdvavzqfv/Build/Intermediates.noindex/KZFileWatchers.build/Debug-iphonesimulator/KZFileWatchers.build/Objects-normal/arm64/KZFileWatchers.swiftmodule /Users/aadityasingh/Library/Developer/Xcode/DerivedData/Chatlio-erkyzdeecsohoaggpwbjdvavzqfv/Build/Products/Debug-iphonesimulator/KZFileWatchers.swiftmodule/arm64-apple-ios-simulator.swiftmodule

Copy /Users/aadityasingh/Library/Developer/Xcode/DerivedData/Chatlio-erkyzdeecsohoaggpwbjdvavzqfv/Build/Products/Debug-iphonesimulator/KZFileWatchers.swiftmodule/arm64-apple-ios-simulator.swiftdoc /Users/aadityasingh/Library/Developer/Xcode/DerivedData/Chatlio-erkyzdeecsohoaggpwbjdvavzqfv/Build/Intermediates.noindex/KZFileWatchers.build/Debug-iphonesimulator/KZFileWatchers.build/Objects-normal/arm64/KZFileWatchers.swiftdoc (in target 'KZFileWatchers' from project 'KZFileWatchers')
    cd /Users/aadityasingh/Library/Developer/Xcode/DerivedData/Chatlio-erkyzdeecsohoaggpwbjdvavzqfv/SourcePackages/checkouts/KZFileWatchers
    builtin-copy -exclude .DS_Store -exclude CVS -exclude .svn -exclude .git -exclude .hg -resolve-src-symlinks -rename /Users/aadityasingh/Library/Developer/Xcode/DerivedData/Chatlio-erkyzdeecsohoaggpwbjdvavzqfv/Build/Intermediates.noindex/KZFileWatchers.build/Debug-iphonesimulator/KZFileWatchers.build/Objects-normal/arm64/KZFileWatchers.swiftdoc /Users/aadityasingh/Library/Developer/Xcode/DerivedData/Chatlio-erkyzdeecsohoaggpwbjdvavzqfv/Build/Products/Debug-iphonesimulator/KZFileWatchers.swiftmodule/arm64-apple-ios-simulator.swiftdoc

Copy /Users/aadityasingh/Library/Developer/Xcode/DerivedData/Chatlio-erkyzdeecsohoaggpwbjdvavzqfv/Build/Products/Debug-iphonesimulator/KZFileWatchers.swiftmodule/arm64-apple-ios-simulator.abi.json /Users/aadityasingh/Library/Developer/Xcode/DerivedData/Chatlio-erkyzdeecsohoaggpwbjdvavzqfv/Build/Intermediates.noindex/KZFileWatchers.build/Debug-iphonesimulator/KZFileWatchers.build/Objects-normal/arm64/KZFileWatchers.abi.json (in target 'KZFileWatchers' from project 'KZFileWatchers')
    cd /Users/aadityasingh/Library/Developer/Xcode/DerivedData/Chatlio-erkyzdeecsohoaggpwbjdvavzqfv/SourcePackages/checkouts/KZFileWatchers
    builtin-copy -exclude .DS_Store -exclude CVS -exclude .svn -exclude .git -exclude .hg -resolve-src-symlinks -rename /Users/aadityasingh/Library/Developer/Xcode/DerivedData/Chatlio-erkyzdeecsohoaggpwbjdvavzqfv/Build/Intermediates.noindex/KZFileWatchers.build/Debug-iphonesimulator/KZFileWatchers.build/Objects-normal/arm64/KZFileWatchers.abi.json /Users/aadityasingh/Library/Developer/Xcode/DerivedData/Chatlio-erkyzdeecsohoaggpwbjdvavzqfv/Build/Products/Debug-iphonesimulator/KZFileWatchers.swiftmodule/arm64-apple-ios-simulator.abi.json

Copy /Users/aadityasingh/Library/Developer/Xcode/DerivedData/Chatlio-erkyzdeecsohoaggpwbjdvavzqfv/Build/Products/Debug-iphonesimulator/KZFileWatchers.swiftmodule/Project/x86_64-apple-ios-simulator.swiftsourceinfo /Users/aadityasingh/Library/Developer/Xcode/DerivedData/Chatlio-erkyzdeecsohoaggpwbjdvavzqfv/Build/Intermediates.noindex/KZFileWatchers.build/Debug-iphonesimulator/KZFileWatchers.build/Objects-normal/x86_64/KZFileWatchers.swiftsourceinfo (in target 'KZFileWatchers' from project 'KZFileWatchers')
    cd /Users/aadityasingh/Library/Developer/Xcode/DerivedData/Chatlio-erkyzdeecsohoaggpwbjdvavzqfv/SourcePackages/checkouts/KZFileWatchers
    builtin-copy -exclude .DS_Store -exclude CVS -exclude .svn -exclude .git -exclude .hg -resolve-src-symlinks -rename /Users/aadityasingh/Library/Developer/Xcode/DerivedData/Chatlio-erkyzdeecsohoaggpwbjdvavzqfv/Build/Intermediates.noindex/KZFileWatchers.build/Debug-iphonesimulator/KZFileWatchers.build/Objects-normal/x86_64/KZFileWatchers.swiftsourceinfo /Users/aadityasingh/Library/Developer/Xcode/DerivedData/Chatlio-erkyzdeecsohoaggpwbjdvavzqfv/Build/Products/Debug-iphonesimulator/KZFileWatchers.swiftmodule/Project/x86_64-apple-ios-simulator.swiftsourceinfo

Copy /Users/aadityasingh/Library/Developer/Xcode/DerivedData/Chatlio-erkyzdeecsohoaggpwbjdvavzqfv/Build/Products/Debug-iphonesimulator/KZFileWatchers.swiftmodule/Project/arm64-apple-ios-simulator.swiftsourceinfo /Users/aadityasingh/Library/Developer/Xcode/DerivedData/Chatlio-erkyzdeecsohoaggpwbjdvavzqfv/Build/Intermediates.noindex/KZFileWatchers.build/Debug-iphonesimulator/KZFileWatchers.build/Objects-normal/arm64/KZFileWatchers.swiftsourceinfo (in target 'KZFileWatchers' from project 'KZFileWatchers')
    cd /Users/aadityasingh/Library/Developer/Xcode/DerivedData/Chatlio-erkyzdeecsohoaggpwbjdvavzqfv/SourcePackages/checkouts/KZFileWatchers
    builtin-copy -exclude .DS_Store -exclude CVS -exclude .svn -exclude .git -exclude .hg -resolve-src-symlinks -rename /Users/aadityasingh/Library/Developer/Xcode/DerivedData/Chatlio-erkyzdeecsohoaggpwbjdvavzqfv/Build/Intermediates.noindex/KZFileWatchers.build/Debug-iphonesimulator/KZFileWatchers.build/Objects-normal/arm64/KZFileWatchers.swiftsourceinfo /Users/aadityasingh/Library/Developer/Xcode/DerivedData/Chatlio-erkyzdeecsohoaggpwbjdvavzqfv/Build/Products/Debug-iphonesimulator/KZFileWatchers.swiftmodule/Project/arm64-apple-ios-simulator.swiftsourceinfo

SwiftCompile normal arm64 Compiling\ Local.swift /Users/aadityasingh/Library/Developer/Xcode/DerivedData/Chatlio-erkyzdeecsohoaggpwbjdvavzqfv/SourcePackages/checkouts/KZFileWatchers/KZFileWatchers/Classes/Local/Local.swift (in target 'KZFileWatchers' from project 'KZFileWatchers')

SwiftCompile normal arm64 /Users/aadityasingh/Library/Developer/Xcode/DerivedData/Chatlio-erkyzdeecsohoaggpwbjdvavzqfv/SourcePackages/checkouts/KZFileWatchers/KZFileWatchers/Classes/Local/Local.swift (in target 'KZFileWatchers' from project 'KZFileWatchers')
    cd /Users/aadityasingh/Documents/Development/element-x-ios/Chatlio.xcodeproj
    

SwiftCompile normal x86_64 Compiling\ Local.swift /Users/aadityasingh/Library/Developer/Xcode/DerivedData/Chatlio-erkyzdeecsohoaggpwbjdvavzqfv/SourcePackages/checkouts/KZFileWatchers/KZFileWatchers/Classes/Local/Local.swift (in target 'KZFileWatchers' from project 'KZFileWatchers')

SwiftCompile normal x86_64 /Users/aadityasingh/Library/Developer/Xcode/DerivedData/Chatlio-erkyzdeecsohoaggpwbjdvavzqfv/SourcePackages/checkouts/KZFileWatchers/KZFileWatchers/Classes/Local/Local.swift (in target 'KZFileWatchers' from project 'KZFileWatchers')
    cd /Users/aadityasingh/Documents/Development/element-x-ios/Chatlio.xcodeproj
    

SwiftDriverJobDiscovery normal arm64 Compiling Common.swift (in target 'KZFileWatchers' from project 'KZFileWatchers')

SwiftDriverJobDiscovery normal x86_64 Compiling Remote.swift (in target 'KZFileWatchers' from project 'KZFileWatchers')

SwiftCompile normal arm64 Compiling\ Remote.swift /Users/aadityasingh/Library/Developer/Xcode/DerivedData/Chatlio-erkyzdeecsohoaggpwbjdvavzqfv/SourcePackages/checkouts/KZFileWatchers/KZFileWatchers/Classes/Remote/Remote.swift (in target 'KZFileWatchers' from project 'KZFileWatchers')

SwiftCompile normal arm64 /Users/aadityasingh/Library/Developer/Xcode/DerivedData/Chatlio-erkyzdeecsohoaggpwbjdvavzqfv/SourcePackages/checkouts/KZFileWatchers/KZFileWatchers/Classes/Remote/Remote.swift (in target 'KZFileWatchers' from project 'KZFileWatchers')
    cd /Users/aadityasingh/Documents/Development/element-x-ios/Chatlio.xcodeproj
    

SwiftCompile normal x86_64 Compiling\ Common.swift /Users/aadityasingh/Library/Developer/Xcode/DerivedData/Chatlio-erkyzdeecsohoaggpwbjdvavzqfv/SourcePackages/checkouts/KZFileWatchers/KZFileWatchers/Classes/Common.swift (in target 'KZFileWatchers' from project 'KZFileWatchers')

SwiftCompile normal x86_64 /Users/aadityasingh/Library/Developer/Xcode/DerivedData/Chatlio-erkyzdeecsohoaggpwbjdvavzqfv/SourcePackages/checkouts/KZFileWatchers/KZFileWatchers/Classes/Common.swift (in target 'KZFileWatchers' from project 'KZFileWatchers')
    cd /Users/aadityasingh/Documents/Development/element-x-ios/Chatlio.xcodeproj
    

SwiftDriverJobDiscovery normal x86_64 Emitting module for InternalCollectionsUtilities (in target 'InternalCollectionsUtilities' from project 'swift-collections')

SwiftDriver\ Compilation\ Requirements InternalCollectionsUtilities normal x86_64 com.apple.xcode.tools.swift.compiler (in target 'InternalCollectionsUtilities' from project 'swift-collections')
    cd /Users/aadityasingh/Documents/Development/element-x-ios/Chatlio.xcodeproj
    builtin-Swift-Compilation-Requirements -- /Applications/Xcode.app/Contents/Developer/Toolchains/XcodeDefault.xctoolchain/usr/bin/swiftc -module-name InternalCollectionsUtilities -Onone @/Users/aadityasingh/Library/Developer/Xcode/DerivedData/Chatlio-erkyzdeecsohoaggpwbjdvavzqfv/Build/Intermediates.noindex/swift-collections.build/Debug-iphonesimulator/InternalCollectionsUtilities.build/Objects-normal/x86_64/InternalCollectionsUtilities.SwiftFileList -DSWIFT_PACKAGE -DDEBUG -DSWIFT_MODULE_RESOURCE_BUNDLE_UNAVAILABLE -DCOLLECTIONS_RANDOMIZED_TESTING -DXcode -enable-experimental-feature AvailabilityMacro\=SwiftStdlib\ 5.0:\ macOS\ 10.14.4,\ iOS\ 12.2,\ watchOS\ 5.2,\ tvOS\ 12.2 -enable-experimental-feature AvailabilityMacro\=SwiftStdlib\ 5.1:\ macOS\ 10.15,\ iOS\ 13.0,\ watchOS\ 6.0,\ tvOS\ 13.0 -enable-experimental-feature AvailabilityMacro\=SwiftStdlib\ 5.6:\ macOS\ 12.3,\ iOS\ 15.4,\ watchOS\ 8.5,\ tvOS\ 15.4 -enable-experimental-feature AvailabilityMacro\=SwiftStdlib\ 5.8:\ macOS\ 13.3,\ iOS\ 16.4,\ watchOS\ 9.4,\ tvOS\ 16.4 -enable-experimental-feature AvailabilityMacro\=SwiftStdlib\ 5.9:\ macOS\ 14.0,\ iOS\ 17.0,\ watchOS\ 10.0,\ tvOS\ 17.0 -enable-experimental-feature AvailabilityMacro\=SwiftStdlib\ 5.10:\ macOS\ 14.4,\ iOS\ 17.4,\ watchOS\ 10.4,\ tvOS\ 17.4,\ visionOS\ 1.1 -enable-experimental-feature AvailabilityMacro\=SwiftStdlib\ 6.0:\ macOS\ 15.0,\ iOS\ 18.0,\ watchOS\ 11.0,\ tvOS\ 18.0,\ visionOS\ 2.0 -enable-experimental-feature AvailabilityMacro\=SwiftStdlib\ 6.1:\ macOS\ 15.4,\ iOS\ 18.4,\ watchOS\ 11.4,\ tvOS\ 18.4,\ visionOS\ 2.4 -enable-experimental-feature AvailabilityMacro\=SwiftStdlib\ 6.2:\ macOS\ 26.0,\ iOS\ 26.0,\ watchOS\ 26.0,\ tvOS\ 26.0,\ visionOS\ 26.0 -enable-upcoming-feature MemberImportVisibility -enable-experimental-feature BuiltinModule -enable-experimental-feature Lifetimes -enable-experimental-feature InoutLifetimeDependence -enable-experimental-feature SuppressedAssociatedTypes -plugin-path /Applications/Xcode.app/Contents/Developer/Toolchains/XcodeDefault.xctoolchain/usr/lib/swift/host/plugins/testing -enable-experimental-feature DebugDescriptionMacro -sdk /Applications/Xcode.app/Contents/Developer/Platforms/iPhoneSimulator.platform/Developer/SDKs/iPhoneSimulator26.4.sdk -target x86_64-apple-ios12.0-simulator -g -module-cache-path /Users/aadityasingh/Library/Developer/Xcode/DerivedData/ModuleCache.noindex -Xfrontend -serialize-debugging-options -profile-coverage-mapping -profile-generate -enable-testing -suppress-warnings -index-store-path /Users/aadityasingh/Library/Developer/Xcode/DerivedData/Chatlio-erkyzdeecsohoaggpwbjdvavzqfv/Index.noindex/DataStore -Xcc -D_LIBCPP_HARDENING_MODE\=_LIBCPP_HARDENING_MODE_DEBUG -swift-version 6 -I /Users/aadityasingh/Library/Developer/Xcode/DerivedData/Chatlio-erkyzdeecsohoaggpwbjdvavzqfv/Build/Products/Debug-iphonesimulator -Isystem /Applications/Xcode.app/Contents/Developer/Platforms/iPhoneSimulator.platform/Developer/usr/lib -F /Users/aadityasingh/Library/Developer/Xcode/DerivedData/Chatlio-erkyzdeecsohoaggpwbjdvavzqfv/Build/Products/Debug-iphonesimulator -F /Applications/Xcode.app/Contents/Developer/Platforms/iPhoneSimulator.platform/Developer/Library/Frameworks -F /Applications/Xcode.app/Contents/Developer/Platforms/iPhoneSimulator.platform/Developer/SDKs/iPhoneSimulator26.4.sdk/Developer/Library/Frameworks -c -j12 -enable-batch-mode -incremental -Xcc -ivfsstatcache -Xcc /Users/aadityasingh/Library/Developer/Xcode/DerivedData/SDKStatCaches.noindex/iphonesimulator26.4-23E252-686eebb5dc1d8ecb277353a59184f4aa.sdkstatcache -output-file-map /Users/aadityasingh/Library/Developer/Xcode/DerivedData/Chatlio-erkyzdeecsohoaggpwbjdvavzqfv/Build/Intermediates.noindex/swift-collections.build/Debug-iphonesimulator/InternalCollectionsUtilities.build/Objects-normal/x86_64/InternalCollectionsUtilities-OutputFileMap.json -use-frontend-parseable-output -save-temps -no-color-diagnostics -explicit-module-build -module-cache-path /Users/aadityasingh/Library/Developer/Xcode/DerivedData/Chatlio-erkyzdeecsohoaggpwbjdvavzqfv/Build/Intermediates.noindex/SwiftExplicitPrecompiledModules -clang-scanner-module-cache-path /Users/aadityasingh/Library/Developer/Xcode/DerivedData/ModuleCache.noindex -sdk-module-cache-path /Users/aadityasingh/Library/Developer/Xcode/DerivedData/ModuleCache.noindex -serialize-diagnostics -emit-dependencies -emit-module -emit-module-path /Users/aadityasingh/Library/Developer/Xcode/DerivedData/Chatlio-erkyzdeecsohoaggpwbjdvavzqfv/Build/Intermediates.noindex/swift-collections.build/Debug-iphonesimulator/InternalCollectionsUtilities.build/Objects-normal/x86_64/InternalCollectionsUtilities.swiftmodule -user-module-version 1.3.0 -validate-clang-modules-once -clang-build-session-file /Users/aadityasingh/Library/Developer/Xcode/DerivedData/ModuleCache.noindex/Session.modulevalidation -package-name swift_collections -Xcc -I/Users/aadityasingh/Library/Developer/Xcode/DerivedData/Chatlio-erkyzdeecsohoaggpwbjdvavzqfv/Build/Intermediates.noindex/swift-collections.build/Debug-iphonesimulator/InternalCollectionsUtilities.build/swift-overrides.hmap -emit-const-values -Xfrontend -const-gather-protocols-file -Xfrontend /Users/aadityasingh/Library/Developer/Xcode/DerivedData/Chatlio-erkyzdeecsohoaggpwbjdvavzqfv/Build/Intermediates.noindex/swift-collections.build/Debug-iphonesimulator/InternalCollectionsUtilities.build/Objects-normal/x86_64/InternalCollectionsUtilities_const_extract_protocols.json -Xcc -I/Users/aadityasingh/Library/Developer/Xcode/DerivedData/Chatlio-erkyzdeecsohoaggpwbjdvavzqfv/Build/Products/Debug-iphonesimulator/include -Xcc -I/Users/aadityasingh/Library/Developer/Xcode/DerivedData/Chatlio-erkyzdeecsohoaggpwbjdvavzqfv/Build/Intermediates.noindex/swift-collections.build/Debug-iphonesimulator/InternalCollectionsUtilities.build/DerivedSources-normal/x86_64 -Xcc -I/Users/aadityasingh/Library/Developer/Xcode/DerivedData/Chatlio-erkyzdeecsohoaggpwbjdvavzqfv/Build/Intermediates.noindex/swift-collections.build/Debug-iphonesimulator/InternalCollectionsUtilities.build/DerivedSources/x86_64 -Xcc -I/Users/aadityasingh/Library/Developer/Xcode/DerivedData/Chatlio-erkyzdeecsohoaggpwbjdvavzqfv/Build/Intermediates.noindex/swift-collections.build/Debug-iphonesimulator/InternalCollectionsUtilities.build/DerivedSources -Xcc -DSWIFT_PACKAGE -Xcc -DDEBUG\=1 -emit-objc-header -emit-objc-header-path /Users/aadityasingh/Library/Developer/Xcode/DerivedData/Chatlio-erkyzdeecsohoaggpwbjdvavzqfv/Build/Intermediates.noindex/swift-collections.build/Debug-iphonesimulator/InternalCollectionsUtilities.build/Objects-normal/x86_64/InternalCollectionsUtilities-Swift.h -working-directory /Users/aadityasingh/Documents/Development/element-x-ios/Chatlio.xcodeproj -experimental-emit-module-separately -disable-cmo

SwiftDriverJobDiscovery normal arm64 Emitting module for InternalCollectionsUtilities (in target 'InternalCollectionsUtilities' from project 'swift-collections')

SwiftDriver\ Compilation\ Requirements InternalCollectionsUtilities normal arm64 com.apple.xcode.tools.swift.compiler (in target 'InternalCollectionsUtilities' from project 'swift-collections')
    cd /Users/aadityasingh/Documents/Development/element-x-ios/Chatlio.xcodeproj
    builtin-Swift-Compilation-Requirements -- /Applications/Xcode.app/Contents/Developer/Toolchains/XcodeDefault.xctoolchain/usr/bin/swiftc -module-name InternalCollectionsUtilities -Onone @/Users/aadityasingh/Library/Developer/Xcode/DerivedData/Chatlio-erkyzdeecsohoaggpwbjdvavzqfv/Build/Intermediates.noindex/swift-collections.build/Debug-iphonesimulator/InternalCollectionsUtilities.build/Objects-normal/arm64/InternalCollectionsUtilities.SwiftFileList -DSWIFT_PACKAGE -DDEBUG -DSWIFT_MODULE_RESOURCE_BUNDLE_UNAVAILABLE -DCOLLECTIONS_RANDOMIZED_TESTING -DXcode -enable-experimental-feature AvailabilityMacro\=SwiftStdlib\ 5.0:\ macOS\ 10.14.4,\ iOS\ 12.2,\ watchOS\ 5.2,\ tvOS\ 12.2 -enable-experimental-feature AvailabilityMacro\=SwiftStdlib\ 5.1:\ macOS\ 10.15,\ iOS\ 13.0,\ watchOS\ 6.0,\ tvOS\ 13.0 -enable-experimental-feature AvailabilityMacro\=SwiftStdlib\ 5.6:\ macOS\ 12.3,\ iOS\ 15.4,\ watchOS\ 8.5,\ tvOS\ 15.4 -enable-experimental-feature AvailabilityMacro\=SwiftStdlib\ 5.8:\ macOS\ 13.3,\ iOS\ 16.4,\ watchOS\ 9.4,\ tvOS\ 16.4 -enable-experimental-feature AvailabilityMacro\=SwiftStdlib\ 5.9:\ macOS\ 14.0,\ iOS\ 17.0,\ watchOS\ 10.0,\ tvOS\ 17.0 -enable-experimental-feature AvailabilityMacro\=SwiftStdlib\ 5.10:\ macOS\ 14.4,\ iOS\ 17.4,\ watchOS\ 10.4,\ tvOS\ 17.4,\ visionOS\ 1.1 -enable-experimental-feature AvailabilityMacro\=SwiftStdlib\ 6.0:\ macOS\ 15.0,\ iOS\ 18.0,\ watchOS\ 11.0,\ tvOS\ 18.0,\ visionOS\ 2.0 -enable-experimental-feature AvailabilityMacro\=SwiftStdlib\ 6.1:\ macOS\ 15.4,\ iOS\ 18.4,\ watchOS\ 11.4,\ tvOS\ 18.4,\ visionOS\ 2.4 -enable-experimental-feature AvailabilityMacro\=SwiftStdlib\ 6.2:\ macOS\ 26.0,\ iOS\ 26.0,\ watchOS\ 26.0,\ tvOS\ 26.0,\ visionOS\ 26.0 -enable-upcoming-feature MemberImportVisibility -enable-experimental-feature BuiltinModule -enable-experimental-feature Lifetimes -enable-experimental-feature InoutLifetimeDependence -enable-experimental-feature SuppressedAssociatedTypes -plugin-path /Applications/Xcode.app/Contents/Developer/Toolchains/XcodeDefault.xctoolchain/usr/lib/swift/host/plugins/testing -enable-experimental-feature DebugDescriptionMacro -sdk /Applications/Xcode.app/Contents/Developer/Platforms/iPhoneSimulator.platform/Developer/SDKs/iPhoneSimulator26.4.sdk -target arm64-apple-ios12.0-simulator -g -module-cache-path /Users/aadityasingh/Library/Developer/Xcode/DerivedData/ModuleCache.noindex -Xfrontend -serialize-debugging-options -profile-coverage-mapping -profile-generate -enable-testing -suppress-warnings -index-store-path /Users/aadityasingh/Library/Developer/Xcode/DerivedData/Chatlio-erkyzdeecsohoaggpwbjdvavzqfv/Index.noindex/DataStore -Xcc -D_LIBCPP_HARDENING_MODE\=_LIBCPP_HARDENING_MODE_DEBUG -swift-version 6 -I /Users/aadityasingh/Library/Developer/Xcode/DerivedData/Chatlio-erkyzdeecsohoaggpwbjdvavzqfv/Build/Products/Debug-iphonesimulator -Isystem /Applications/Xcode.app/Contents/Developer/Platforms/iPhoneSimulator.platform/Developer/usr/lib -F /Users/aadityasingh/Library/Developer/Xcode/DerivedData/Chatlio-erkyzdeecsohoaggpwbjdvavzqfv/Build/Products/Debug-iphonesimulator -F /Applications/Xcode.app/Contents/Developer/Platforms/iPhoneSimulator.platform/Developer/Library/Frameworks -F /Applications/Xcode.app/Contents/Developer/Platforms/iPhoneSimulator.platform/Developer/SDKs/iPhoneSimulator26.4.sdk/Developer/Library/Frameworks -c -j12 -enable-batch-mode -incremental -Xcc -ivfsstatcache -Xcc /Users/aadityasingh/Library/Developer/Xcode/DerivedData/SDKStatCaches.noindex/iphonesimulator26.4-23E252-686eebb5dc1d8ecb277353a59184f4aa.sdkstatcache -output-file-map /Users/aadityasingh/Library/Developer/Xcode/DerivedData/Chatlio-erkyzdeecsohoaggpwbjdvavzqfv/Build/Intermediates.noindex/swift-collections.build/Debug-iphonesimulator/InternalCollectionsUtilities.build/Objects-normal/arm64/InternalCollectionsUtilities-OutputFileMap.json -use-frontend-parseable-output -save-temps -no-color-diagnostics -explicit-module-build -module-cache-path /Users/aadityasingh/Library/Developer/Xcode/DerivedData/Chatlio-erkyzdeecsohoaggpwbjdvavzqfv/Build/Intermediates.noindex/SwiftExplicitPrecompiledModules -clang-scanner-module-cache-path /Users/aadityasingh/Library/Developer/Xcode/DerivedData/ModuleCache.noindex -sdk-module-cache-path /Users/aadityasingh/Library/Developer/Xcode/DerivedData/ModuleCache.noindex -serialize-diagnostics -emit-dependencies -emit-module -emit-module-path /Users/aadityasingh/Library/Developer/Xcode/DerivedData/Chatlio-erkyzdeecsohoaggpwbjdvavzqfv/Build/Intermediates.noindex/swift-collections.build/Debug-iphonesimulator/InternalCollectionsUtilities.build/Objects-normal/arm64/InternalCollectionsUtilities.swiftmodule -user-module-version 1.3.0 -validate-clang-modules-once -clang-build-session-file /Users/aadityasingh/Library/Developer/Xcode/DerivedData/ModuleCache.noindex/Session.modulevalidation -package-name swift_collections -Xcc -I/Users/aadityasingh/Library/Developer/Xcode/DerivedData/Chatlio-erkyzdeecsohoaggpwbjdvavzqfv/Build/Intermediates.noindex/swift-collections.build/Debug-iphonesimulator/InternalCollectionsUtilities.build/swift-overrides.hmap -emit-const-values -Xfrontend -const-gather-protocols-file -Xfrontend /Users/aadityasingh/Library/Developer/Xcode/DerivedData/Chatlio-erkyzdeecsohoaggpwbjdvavzqfv/Build/Intermediates.noindex/swift-collections.build/Debug-iphonesimulator/InternalCollectionsUtilities.build/Objects-normal/arm64/InternalCollectionsUtilities_const_extract_protocols.json -Xcc -I/Users/aadityasingh/Library/Developer/Xcode/DerivedData/Chatlio-erkyzdeecsohoaggpwbjdvavzqfv/Build/Products/Debug-iphonesimulator/include -Xcc -I/Users/aadityasingh/Library/Developer/Xcode/DerivedData/Chatlio-erkyzdeecsohoaggpwbjdvavzqfv/Build/Intermediates.noindex/swift-collections.build/Debug-iphonesimulator/InternalCollectionsUtilities.build/DerivedSources-normal/arm64 -Xcc -I/Users/aadityasingh/Library/Developer/Xcode/DerivedData/Chatlio-erkyzdeecsohoaggpwbjdvavzqfv/Build/Intermediates.noindex/swift-collections.build/Debug-iphonesimulator/InternalCollectionsUtilities.build/DerivedSources/arm64 -Xcc -I/Users/aadityasingh/Library/Developer/Xcode/DerivedData/Chatlio-erkyzdeecsohoaggpwbjdvavzqfv/Build/Intermediates.noindex/swift-collections.build/Debug-iphonesimulator/InternalCollectionsUtilities.build/DerivedSources -Xcc -DSWIFT_PACKAGE -Xcc -DDEBUG\=1 -emit-objc-header -emit-objc-header-path /Users/aadityasingh/Library/Developer/Xcode/DerivedData/Chatlio-erkyzdeecsohoaggpwbjdvavzqfv/Build/Intermediates.noindex/swift-collections.build/Debug-iphonesimulator/InternalCollectionsUtilities.build/Objects-normal/arm64/InternalCollectionsUtilities-Swift.h -working-directory /Users/aadityasingh/Documents/Development/element-x-ios/Chatlio.xcodeproj -experimental-emit-module-separately -disable-cmo

Copy /Users/aadityasingh/Library/Developer/Xcode/DerivedData/Chatlio-erkyzdeecsohoaggpwbjdvavzqfv/Build/Products/Debug-iphonesimulator/InternalCollectionsUtilities.swiftmodule/x86_64-apple-ios-simulator.swiftmodule /Users/aadityasingh/Library/Developer/Xcode/DerivedData/Chatlio-erkyzdeecsohoaggpwbjdvavzqfv/Build/Intermediates.noindex/swift-collections.build/Debug-iphonesimulator/InternalCollectionsUtilities.build/Objects-normal/x86_64/InternalCollectionsUtilities.swiftmodule (in target 'InternalCollectionsUtilities' from project 'swift-collections')
    cd /Users/aadityasingh/Library/Developer/Xcode/DerivedData/Chatlio-erkyzdeecsohoaggpwbjdvavzqfv/SourcePackages/checkouts/swift-collections
    builtin-copy -exclude .DS_Store -exclude CVS -exclude .svn -exclude .git -exclude .hg -resolve-src-symlinks -rename /Users/aadityasingh/Library/Developer/Xcode/DerivedData/Chatlio-erkyzdeecsohoaggpwbjdvavzqfv/Build/Intermediates.noindex/swift-collections.build/Debug-iphonesimulator/InternalCollectionsUtilities.build/Objects-normal/x86_64/InternalCollectionsUtilities.swiftmodule /Users/aadityasingh/Library/Developer/Xcode/DerivedData/Chatlio-erkyzdeecsohoaggpwbjdvavzqfv/Build/Products/Debug-iphonesimulator/InternalCollectionsUtilities.swiftmodule/x86_64-apple-ios-simulator.swiftmodule

SwiftMergeGeneratedHeaders /Users/aadityasingh/Library/Developer/Xcode/DerivedData/Chatlio-erkyzdeecsohoaggpwbjdvavzqfv/Build/Intermediates.noindex/GeneratedModuleMaps-iphonesimulator/InternalCollectionsUtilities-Swift.h /Users/aadityasingh/Library/Developer/Xcode/DerivedData/Chatlio-erkyzdeecsohoaggpwbjdvavzqfv/Build/Intermediates.noindex/swift-collections.build/Debug-iphonesimulator/InternalCollectionsUtilities.build/Objects-normal/arm64/InternalCollectionsUtilities-Swift.h /Users/aadityasingh/Library/Developer/Xcode/DerivedData/Chatlio-erkyzdeecsohoaggpwbjdvavzqfv/Build/Intermediates.noindex/swift-collections.build/Debug-iphonesimulator/InternalCollectionsUtilities.build/Objects-normal/x86_64/InternalCollectionsUtilities-Swift.h (in target 'InternalCollectionsUtilities' from project 'swift-collections')
    cd /Users/aadityasingh/Library/Developer/Xcode/DerivedData/Chatlio-erkyzdeecsohoaggpwbjdvavzqfv/SourcePackages/checkouts/swift-collections
    builtin-swiftHeaderTool -arch arm64 /Users/aadityasingh/Library/Developer/Xcode/DerivedData/Chatlio-erkyzdeecsohoaggpwbjdvavzqfv/Build/Intermediates.noindex/swift-collections.build/Debug-iphonesimulator/InternalCollectionsUtilities.build/Objects-normal/arm64/InternalCollectionsUtilities-Swift.h -arch x86_64 /Users/aadityasingh/Library/Developer/Xcode/DerivedData/Chatlio-erkyzdeecsohoaggpwbjdvavzqfv/Build/Intermediates.noindex/swift-collections.build/Debug-iphonesimulator/InternalCollectionsUtilities.build/Objects-normal/x86_64/InternalCollectionsUtilities-Swift.h -o /Users/aadityasingh/Library/Developer/Xcode/DerivedData/Chatlio-erkyzdeecsohoaggpwbjdvavzqfv/Build/Intermediates.noindex/GeneratedModuleMaps-iphonesimulator/InternalCollectionsUtilities-Swift.h

Copy /Users/aadityasingh/Library/Developer/Xcode/DerivedData/Chatlio-erkyzdeecsohoaggpwbjdvavzqfv/Build/Products/Debug-iphonesimulator/InternalCollectionsUtilities.swiftmodule/x86_64-apple-ios-simulator.swiftdoc /Users/aadityasingh/Library/Developer/Xcode/DerivedData/Chatlio-erkyzdeecsohoaggpwbjdvavzqfv/Build/Intermediates.noindex/swift-collections.build/Debug-iphonesimulator/InternalCollectionsUtilities.build/Objects-normal/x86_64/InternalCollectionsUtilities.swiftdoc (in target 'InternalCollectionsUtilities' from project 'swift-collections')
    cd /Users/aadityasingh/Library/Developer/Xcode/DerivedData/Chatlio-erkyzdeecsohoaggpwbjdvavzqfv/SourcePackages/checkouts/swift-collections
    builtin-copy -exclude .DS_Store -exclude CVS -exclude .svn -exclude .git -exclude .hg -resolve-src-symlinks -rename /Users/aadityasingh/Library/Developer/Xcode/DerivedData/Chatlio-erkyzdeecsohoaggpwbjdvavzqfv/Build/Intermediates.noindex/swift-collections.build/Debug-iphonesimulator/InternalCollectionsUtilities.build/Objects-normal/x86_64/InternalCollectionsUtilities.swiftdoc /Users/aadityasingh/Library/Developer/Xcode/DerivedData/Chatlio-erkyzdeecsohoaggpwbjdvavzqfv/Build/Products/Debug-iphonesimulator/InternalCollectionsUtilities.swiftmodule/x86_64-apple-ios-simulator.swiftdoc

Copy /Users/aadityasingh/Library/Developer/Xcode/DerivedData/Chatlio-erkyzdeecsohoaggpwbjdvavzqfv/Build/Products/Debug-iphonesimulator/InternalCollectionsUtilities.swiftmodule/x86_64-apple-ios-simulator.abi.json /Users/aadityasingh/Library/Developer/Xcode/DerivedData/Chatlio-erkyzdeecsohoaggpwbjdvavzqfv/Build/Intermediates.noindex/swift-collections.build/Debug-iphonesimulator/InternalCollectionsUtilities.build/Objects-normal/x86_64/InternalCollectionsUtilities.abi.json (in target 'InternalCollectionsUtilities' from project 'swift-collections')
    cd /Users/aadityasingh/Library/Developer/Xcode/DerivedData/Chatlio-erkyzdeecsohoaggpwbjdvavzqfv/SourcePackages/checkouts/swift-collections
    builtin-copy -exclude .DS_Store -exclude CVS -exclude .svn -exclude .git -exclude .hg -resolve-src-symlinks -rename /Users/aadityasingh/Library/Developer/Xcode/DerivedData/Chatlio-erkyzdeecsohoaggpwbjdvavzqfv/Build/Intermediates.noindex/swift-collections.build/Debug-iphonesimulator/InternalCollectionsUtilities.build/Objects-normal/x86_64/InternalCollectionsUtilities.abi.json /Users/aadityasingh/Library/Developer/Xcode/DerivedData/Chatlio-erkyzdeecsohoaggpwbjdvavzqfv/Build/Products/Debug-iphonesimulator/InternalCollectionsUtilities.swiftmodule/x86_64-apple-ios-simulator.abi.json

Copy /Users/aadityasingh/Library/Developer/Xcode/DerivedData/Chatlio-erkyzdeecsohoaggpwbjdvavzqfv/Build/Products/Debug-iphonesimulator/InternalCollectionsUtilities.swiftmodule/arm64-apple-ios-simulator.swiftmodule /Users/aadityasingh/Library/Developer/Xcode/DerivedData/Chatlio-erkyzdeecsohoaggpwbjdvavzqfv/Build/Intermediates.noindex/swift-collections.build/Debug-iphonesimulator/InternalCollectionsUtilities.build/Objects-normal/arm64/InternalCollectionsUtilities.swiftmodule (in target 'InternalCollectionsUtilities' from project 'swift-collections')
    cd /Users/aadityasingh/Library/Developer/Xcode/DerivedData/Chatlio-erkyzdeecsohoaggpwbjdvavzqfv/SourcePackages/checkouts/swift-collections
    builtin-copy -exclude .DS_Store -exclude CVS -exclude .svn -exclude .git -exclude .hg -resolve-src-symlinks -rename /Users/aadityasingh/Library/Developer/Xcode/DerivedData/Chatlio-erkyzdeecsohoaggpwbjdvavzqfv/Build/Intermediates.noindex/swift-collections.build/Debug-iphonesimulator/InternalCollectionsUtilities.build/Objects-normal/arm64/InternalCollectionsUtilities.swiftmodule /Users/aadityasingh/Library/Developer/Xcode/DerivedData/Chatlio-erkyzdeecsohoaggpwbjdvavzqfv/Build/Products/Debug-iphonesimulator/InternalCollectionsUtilities.swiftmodule/arm64-apple-ios-simulator.swiftmodule

Copy /Users/aadityasingh/Library/Developer/Xcode/DerivedData/Chatlio-erkyzdeecsohoaggpwbjdvavzqfv/Build/Products/Debug-iphonesimulator/InternalCollectionsUtilities.swiftmodule/arm64-apple-ios-simulator.swiftdoc /Users/aadityasingh/Library/Developer/Xcode/DerivedData/Chatlio-erkyzdeecsohoaggpwbjdvavzqfv/Build/Intermediates.noindex/swift-collections.build/Debug-iphonesimulator/InternalCollectionsUtilities.build/Objects-normal/arm64/InternalCollectionsUtilities.swiftdoc (in target 'InternalCollectionsUtilities' from project 'swift-collections')
    cd /Users/aadityasingh/Library/Developer/Xcode/DerivedData/Chatlio-erkyzdeecsohoaggpwbjdvavzqfv/SourcePackages/checkouts/swift-collections
    builtin-copy -exclude .DS_Store -exclude CVS -exclude .svn -exclude .git -exclude .hg -resolve-src-symlinks -rename /Users/aadityasingh/Library/Developer/Xcode/DerivedData/Chatlio-erkyzdeecsohoaggpwbjdvavzqfv/Build/Intermediates.noindex/swift-collections.build/Debug-iphonesimulator/InternalCollectionsUtilities.build/Objects-normal/arm64/InternalCollectionsUtilities.swiftdoc /Users/aadityasingh/Library/Developer/Xcode/DerivedData/Chatlio-erkyzdeecsohoaggpwbjdvavzqfv/Build/Products/Debug-iphonesimulator/InternalCollectionsUtilities.swiftmodule/arm64-apple-ios-simulator.swiftdoc

Copy /Users/aadityasingh/Library/Developer/Xcode/DerivedData/Chatlio-erkyzdeecsohoaggpwbjdvavzqfv/Build/Products/Debug-iphonesimulator/InternalCollectionsUtilities.swiftmodule/arm64-apple-ios-simulator.abi.json /Users/aadityasingh/Library/Developer/Xcode/DerivedData/Chatlio-erkyzdeecsohoaggpwbjdvavzqfv/Build/Intermediates.noindex/swift-collections.build/Debug-iphonesimulator/InternalCollectionsUtilities.build/Objects-normal/arm64/InternalCollectionsUtilities.abi.json (in target 'InternalCollectionsUtilities' from project 'swift-collections')
    cd /Users/aadityasingh/Library/Developer/Xcode/DerivedData/Chatlio-erkyzdeecsohoaggpwbjdvavzqfv/SourcePackages/checkouts/swift-collections
    builtin-copy -exclude .DS_Store -exclude CVS -exclude .svn -exclude .git -exclude .hg -resolve-src-symlinks -rename /Users/aadityasingh/Library/Developer/Xcode/DerivedData/Chatlio-erkyzdeecsohoaggpwbjdvavzqfv/Build/Intermediates.noindex/swift-collections.build/Debug-iphonesimulator/InternalCollectionsUtilities.build/Objects-normal/arm64/InternalCollectionsUtilities.abi.json /Users/aadityasingh/Library/Developer/Xcode/DerivedData/Chatlio-erkyzdeecsohoaggpwbjdvavzqfv/Build/Products/Debug-iphonesimulator/InternalCollectionsUtilities.swiftmodule/arm64-apple-ios-simulator.abi.json

Copy /Users/aadityasingh/Library/Developer/Xcode/DerivedData/Chatlio-erkyzdeecsohoaggpwbjdvavzqfv/Build/Products/Debug-iphonesimulator/InternalCollectionsUtilities.swiftmodule/Project/x86_64-apple-ios-simulator.swiftsourceinfo /Users/aadityasingh/Library/Developer/Xcode/DerivedData/Chatlio-erkyzdeecsohoaggpwbjdvavzqfv/Build/Intermediates.noindex/swift-collections.build/Debug-iphonesimulator/InternalCollectionsUtilities.build/Objects-normal/x86_64/InternalCollectionsUtilities.swiftsourceinfo (in target 'InternalCollectionsUtilities' from project 'swift-collections')
    cd /Users/aadityasingh/Library/Developer/Xcode/DerivedData/Chatlio-erkyzdeecsohoaggpwbjdvavzqfv/SourcePackages/checkouts/swift-collections
    builtin-copy -exclude .DS_Store -exclude CVS -exclude .svn -exclude .git -exclude .hg -resolve-src-symlinks -rename /Users/aadityasingh/Library/Developer/Xcode/DerivedData/Chatlio-erkyzdeecsohoaggpwbjdvavzqfv/Build/Intermediates.noindex/swift-collections.build/Debug-iphonesimulator/InternalCollectionsUtilities.build/Objects-normal/x86_64/InternalCollectionsUtilities.swiftsourceinfo /Users/aadityasingh/Library/Developer/Xcode/DerivedData/Chatlio-erkyzdeecsohoaggpwbjdvavzqfv/Build/Products/Debug-iphonesimulator/InternalCollectionsUtilities.swiftmodule/Project/x86_64-apple-ios-simulator.swiftsourceinfo

Copy /Users/aadityasingh/Library/Developer/Xcode/DerivedData/Chatlio-erkyzdeecsohoaggpwbjdvavzqfv/Build/Products/Debug-iphonesimulator/InternalCollectionsUtilities.swiftmodule/Project/arm64-apple-ios-simulator.swiftsourceinfo /Users/aadityasingh/Library/Developer/Xcode/DerivedData/Chatlio-erkyzdeecsohoaggpwbjdvavzqfv/Build/Intermediates.noindex/swift-collections.build/Debug-iphonesimulator/InternalCollectionsUtilities.build/Objects-normal/arm64/InternalCollectionsUtilities.swiftsourceinfo (in target 'InternalCollectionsUtilities' from project 'swift-collections')
    cd /Users/aadityasingh/Library/Developer/Xcode/DerivedData/Chatlio-erkyzdeecsohoaggpwbjdvavzqfv/SourcePackages/checkouts/swift-collections
    builtin-copy -exclude .DS_Store -exclude CVS -exclude .svn -exclude .git -exclude .hg -resolve-src-symlinks -rename /Users/aadityasingh/Library/Developer/Xcode/DerivedData/Chatlio-erkyzdeecsohoaggpwbjdvavzqfv/Build/Intermediates.noindex/swift-collections.build/Debug-iphonesimulator/InternalCollectionsUtilities.build/Objects-normal/arm64/InternalCollectionsUtilities.swiftsourceinfo /Users/aadityasingh/Library/Developer/Xcode/DerivedData/Chatlio-erkyzdeecsohoaggpwbjdvavzqfv/Build/Products/Debug-iphonesimulator/InternalCollectionsUtilities.swiftmodule/Project/arm64-apple-ios-simulator.swiftsourceinfo

SwiftCompile normal x86_64 Compiling\ UnsafeRawBufferPointer+Extras.swift /Users/aadityasingh/Library/Developer/Xcode/DerivedData/Chatlio-erkyzdeecsohoaggpwbjdvavzqfv/SourcePackages/checkouts/swift-collections/Sources/InternalCollectionsUtilities/autogenerated/UnsafeRawBufferPointer+Extras.swift (in target 'InternalCollectionsUtilities' from project 'swift-collections')

SwiftCompile normal x86_64 /Users/aadityasingh/Library/Developer/Xcode/DerivedData/Chatlio-erkyzdeecsohoaggpwbjdvavzqfv/SourcePackages/checkouts/swift-collections/Sources/InternalCollectionsUtilities/autogenerated/UnsafeRawBufferPointer+Extras.swift (in target 'InternalCollectionsUtilities' from project 'swift-collections')
    cd /Users/aadityasingh/Documents/Development/element-x-ios/Chatlio.xcodeproj
    

SwiftCompile normal x86_64 Compiling\ UnsafeMutableRawBufferPointer+Extras.swift /Users/aadityasingh/Library/Developer/Xcode/DerivedData/Chatlio-erkyzdeecsohoaggpwbjdvavzqfv/SourcePackages/checkouts/swift-collections/Sources/InternalCollectionsUtilities/autogenerated/UnsafeMutableRawBufferPointer+Extras.swift (in target 'InternalCollectionsUtilities' from project 'swift-collections')

SwiftCompile normal x86_64 /Users/aadityasingh/Library/Developer/Xcode/DerivedData/Chatlio-erkyzdeecsohoaggpwbjdvavzqfv/SourcePackages/checkouts/swift-collections/Sources/InternalCollectionsUtilities/autogenerated/UnsafeMutableRawBufferPointer+Extras.swift (in target 'InternalCollectionsUtilities' from project 'swift-collections')
    cd /Users/aadityasingh/Documents/Development/element-x-ios/Chatlio.xcodeproj
    

SwiftExplicitDependencyGeneratePcm x86_64 /Users/aadityasingh/Library/Developer/Xcode/DerivedData/ModuleCache.noindex/SQLite3-2H9SG7NQXA3C5S405UUSCBD3J.pcm

SwiftDriverJobDiscovery normal arm64 Compiling Local.swift (in target 'KZFileWatchers' from project 'KZFileWatchers')

SwiftCompile normal arm64 Compiling\ FixedWidthInteger+roundUpToPowerOfTwo.swift,\ Integer\ rank.swift /Users/aadityasingh/Library/Developer/Xcode/DerivedData/Chatlio-erkyzdeecsohoaggpwbjdvavzqfv/SourcePackages/checkouts/swift-collections/Sources/InternalCollectionsUtilities/IntegerTricks/autogenerated/FixedWidthInteger+roundUpToPowerOfTwo.swift /Users/aadityasingh/Library/Developer/Xcode/DerivedData/Chatlio-erkyzdeecsohoaggpwbjdvavzqfv/SourcePackages/checkouts/swift-collections/Sources/InternalCollectionsUtilities/IntegerTricks/autogenerated/Integer\ rank.swift (in target 'InternalCollectionsUtilities' from project 'swift-collections')

SwiftCompile normal arm64 /Users/aadityasingh/Library/Developer/Xcode/DerivedData/Chatlio-erkyzdeecsohoaggpwbjdvavzqfv/SourcePackages/checkouts/swift-collections/Sources/InternalCollectionsUtilities/IntegerTricks/autogenerated/FixedWidthInteger+roundUpToPowerOfTwo.swift (in target 'InternalCollectionsUtilities' from project 'swift-collections')
    cd /Users/aadityasingh/Documents/Development/element-x-ios/Chatlio.xcodeproj
    

SwiftCompile normal arm64 /Users/aadityasingh/Library/Developer/Xcode/DerivedData/Chatlio-erkyzdeecsohoaggpwbjdvavzqfv/SourcePackages/checkouts/swift-collections/Sources/InternalCollectionsUtilities/IntegerTricks/autogenerated/Integer\ rank.swift (in target 'InternalCollectionsUtilities' from project 'swift-collections')
    cd /Users/aadityasingh/Documents/Development/element-x-ios/Chatlio.xcodeproj
    

SwiftExplicitDependencyGeneratePcm arm64 /Users/aadityasingh/Library/Developer/Xcode/DerivedData/ModuleCache.noindex/SQLite3-628XGDDB55C6XDVGOD3PXCN29.pcm

SwiftDriverJobDiscovery normal x86_64 Compiling Common.swift (in target 'KZFileWatchers' from project 'KZFileWatchers')

SwiftCompile normal arm64 Compiling\ RandomAccessCollection+Offsets.swift /Users/aadityasingh/Library/Developer/Xcode/DerivedData/Chatlio-erkyzdeecsohoaggpwbjdvavzqfv/SourcePackages/checkouts/swift-collections/Sources/InternalCollectionsUtilities/autogenerated/RandomAccessCollection+Offsets.swift (in target 'InternalCollectionsUtilities' from project 'swift-collections')

SwiftCompile normal arm64 /Users/aadityasingh/Library/Developer/Xcode/DerivedData/Chatlio-erkyzdeecsohoaggpwbjdvavzqfv/SourcePackages/checkouts/swift-collections/Sources/InternalCollectionsUtilities/autogenerated/RandomAccessCollection+Offsets.swift (in target 'InternalCollectionsUtilities' from project 'swift-collections')
    cd /Users/aadityasingh/Documents/Development/element-x-ios/Chatlio.xcodeproj
    

SwiftDriverJobDiscovery normal x86_64 Compiling Local.swift (in target 'KZFileWatchers' from project 'KZFileWatchers')

SwiftCompile normal arm64 Compiling\ UInt+first\ and\ last\ set\ bit.swift,\ UInt+reversed.swift /Users/aadityasingh/Library/Developer/Xcode/DerivedData/Chatlio-erkyzdeecsohoaggpwbjdvavzqfv/SourcePackages/checkouts/swift-collections/Sources/InternalCollectionsUtilities/IntegerTricks/autogenerated/UInt+first\ and\ last\ set\ bit.swift /Users/aadityasingh/Library/Developer/Xcode/DerivedData/Chatlio-erkyzdeecsohoaggpwbjdvavzqfv/SourcePackages/checkouts/swift-collections/Sources/InternalCollectionsUtilities/IntegerTricks/autogenerated/UInt+reversed.swift (in target 'InternalCollectionsUtilities' from project 'swift-collections')

SwiftCompile normal arm64 /Users/aadityasingh/Library/Developer/Xcode/DerivedData/Chatlio-erkyzdeecsohoaggpwbjdvavzqfv/SourcePackages/checkouts/swift-collections/Sources/InternalCollectionsUtilities/IntegerTricks/autogenerated/UInt+first\ and\ last\ set\ bit.swift (in target 'InternalCollectionsUtilities' from project 'swift-collections')
    cd /Users/aadityasingh/Documents/Development/element-x-ios/Chatlio.xcodeproj
    

SwiftCompile normal arm64 /Users/aadityasingh/Library/Developer/Xcode/DerivedData/Chatlio-erkyzdeecsohoaggpwbjdvavzqfv/SourcePackages/checkouts/swift-collections/Sources/InternalCollectionsUtilities/IntegerTricks/autogenerated/UInt+reversed.swift (in target 'InternalCollectionsUtilities' from project 'swift-collections')
    cd /Users/aadityasingh/Documents/Development/element-x-ios/Chatlio.xcodeproj
    

SwiftDriverJobDiscovery normal x86_64 Compiling UnsafeRawBufferPointer+Extras.swift (in target 'InternalCollectionsUtilities' from project 'swift-collections')

SwiftDriverJobDiscovery normal x86_64 Compiling UnsafeMutableRawBufferPointer+Extras.swift (in target 'InternalCollectionsUtilities' from project 'swift-collections')

SwiftDriver\ Compilation KZFileWatchers normal x86_64 com.apple.xcode.tools.swift.compiler (in target 'KZFileWatchers' from project 'KZFileWatchers')
    cd /Users/aadityasingh/Documents/Development/element-x-ios/Chatlio.xcodeproj
    builtin-Swift-Compilation -- /Applications/Xcode.app/Contents/Developer/Toolchains/XcodeDefault.xctoolchain/usr/bin/swiftc -module-name KZFileWatchers -Onone @/Users/aadityasingh/Library/Developer/Xcode/DerivedData/Chatlio-erkyzdeecsohoaggpwbjdvavzqfv/Build/Intermediates.noindex/KZFileWatchers.build/Debug-iphonesimulator/KZFileWatchers.build/Objects-normal/x86_64/KZFileWatchers.SwiftFileList -DSWIFT_PACKAGE -DDEBUG -DSWIFT_MODULE_RESOURCE_BUNDLE_UNAVAILABLE -DXcode -plugin-path /Applications/Xcode.app/Contents/Developer/Toolchains/XcodeDefault.xctoolchain/usr/lib/swift/host/plugins/testing -enable-experimental-feature DebugDescriptionMacro -sdk /Applications/Xcode.app/Contents/Developer/Platforms/iPhoneSimulator.platform/Developer/SDKs/iPhoneSimulator26.4.sdk -target x86_64-apple-ios12.0-simulator -g -module-cache-path /Users/aadityasingh/Library/Developer/Xcode/DerivedData/ModuleCache.noindex -Xfrontend -serialize-debugging-options -profile-coverage-mapping -profile-generate -enable-testing -suppress-warnings -index-store-path /Users/aadityasingh/Library/Developer/Xcode/DerivedData/Chatlio-erkyzdeecsohoaggpwbjdvavzqfv/Index.noindex/DataStore -Xcc -D_LIBCPP_HARDENING_MODE\=_LIBCPP_HARDENING_MODE_DEBUG -swift-version 5 -I /Users/aadityasingh/Library/Developer/Xcode/DerivedData/Chatlio-erkyzdeecsohoaggpwbjdvavzqfv/Build/Products/Debug-iphonesimulator -Isystem /Applications/Xcode.app/Contents/Developer/Platforms/iPhoneSimulator.platform/Developer/usr/lib -F /Users/aadityasingh/Library/Developer/Xcode/DerivedData/Chatlio-erkyzdeecsohoaggpwbjdvavzqfv/Build/Products/Debug-iphonesimulator -F /Applications/Xcode.app/Contents/Developer/Platforms/iPhoneSimulator.platform/Developer/Library/Frameworks -F /Applications/Xcode.app/Contents/Developer/Platforms/iPhoneSimulator.platform/Developer/SDKs/iPhoneSimulator26.4.sdk/Developer/Library/Frameworks -c -j12 -enable-batch-mode -incremental -Xcc -ivfsstatcache -Xcc /Users/aadityasingh/Library/Developer/Xcode/DerivedData/SDKStatCaches.noindex/iphonesimulator26.4-23E252-686eebb5dc1d8ecb277353a59184f4aa.sdkstatcache -output-file-map /Users/aadityasingh/Library/Developer/Xcode/DerivedData/Chatlio-erkyzdeecsohoaggpwbjdvavzqfv/Build/Intermediates.noindex/KZFileWatchers.build/Debug-iphonesimulator/KZFileWatchers.build/Objects-normal/x86_64/KZFileWatchers-OutputFileMap.json -use-frontend-parseable-output -save-temps -no-color-diagnostics -explicit-module-build -module-cache-path /Users/aadityasingh/Library/Developer/Xcode/DerivedData/Chatlio-erkyzdeecsohoaggpwbjdvavzqfv/Build/Intermediates.noindex/SwiftExplicitPrecompiledModules -clang-scanner-module-cache-path /Users/aadityasingh/Library/Developer/Xcode/DerivedData/ModuleCache.noindex -sdk-module-cache-path /Users/aadityasingh/Library/Developer/Xcode/DerivedData/ModuleCache.noindex -serialize-diagnostics -emit-dependencies -emit-module -emit-module-path /Users/aadityasingh/Library/Developer/Xcode/DerivedData/Chatlio-erkyzdeecsohoaggpwbjdvavzqfv/Build/Intermediates.noindex/KZFileWatchers.build/Debug-iphonesimulator/KZFileWatchers.build/Objects-normal/x86_64/KZFileWatchers.swiftmodule -validate-clang-modules-once -clang-build-session-file /Users/aadityasingh/Library/Developer/Xcode/DerivedData/ModuleCache.noindex/Session.modulevalidation -Xcc -I/Users/aadityasingh/Library/Developer/Xcode/DerivedData/Chatlio-erkyzdeecsohoaggpwbjdvavzqfv/Build/Intermediates.noindex/KZFileWatchers.build/Debug-iphonesimulator/KZFileWatchers.build/swift-overrides.hmap -emit-const-values -Xfrontend -const-gather-protocols-file -Xfrontend /Users/aadityasingh/Library/Developer/Xcode/DerivedData/Chatlio-erkyzdeecsohoaggpwbjdvavzqfv/Build/Intermediates.noindex/KZFileWatchers.build/Debug-iphonesimulator/KZFileWatchers.build/Objects-normal/x86_64/KZFileWatchers_const_extract_protocols.json -Xcc -I/Users/aadityasingh/Library/Developer/Xcode/DerivedData/Chatlio-erkyzdeecsohoaggpwbjdvavzqfv/Build/Products/Debug-iphonesimulator/include -Xcc -I/Users/aadityasingh/Library/Developer/Xcode/DerivedData/Chatlio-erkyzdeecsohoaggpwbjdvavzqfv/Build/Intermediates.noindex/KZFileWatchers.build/Debug-iphonesimulator/KZFileWatchers.build/DerivedSources-normal/x86_64 -Xcc -I/Users/aadityasingh/Library/Developer/Xcode/DerivedData/Chatlio-erkyzdeecsohoaggpwbjdvavzqfv/Build/Intermediates.noindex/KZFileWatchers.build/Debug-iphonesimulator/KZFileWatchers.build/DerivedSources/x86_64 -Xcc -I/Users/aadityasingh/Library/Developer/Xcode/DerivedData/Chatlio-erkyzdeecsohoaggpwbjdvavzqfv/Build/Intermediates.noindex/KZFileWatchers.build/Debug-iphonesimulator/KZFileWatchers.build/DerivedSources -Xcc -DSWIFT_PACKAGE -Xcc -DDEBUG\=1 -emit-objc-header -emit-objc-header-path /Users/aadityasingh/Library/Developer/Xcode/DerivedData/Chatlio-erkyzdeecsohoaggpwbjdvavzqfv/Build/Intermediates.noindex/KZFileWatchers.build/Debug-iphonesimulator/KZFileWatchers.build/Objects-normal/x86_64/KZFileWatchers-Swift.h -working-directory /Users/aadityasingh/Documents/Development/element-x-ios/Chatlio.xcodeproj -experimental-emit-module-separately -disable-cmo

SwiftCompile normal x86_64 Compiling\ RandomAccessCollection+Offsets.swift /Users/aadityasingh/Library/Developer/Xcode/DerivedData/Chatlio-erkyzdeecsohoaggpwbjdvavzqfv/SourcePackages/checkouts/swift-collections/Sources/InternalCollectionsUtilities/autogenerated/RandomAccessCollection+Offsets.swift (in target 'InternalCollectionsUtilities' from project 'swift-collections')

SwiftCompile normal x86_64 /Users/aadityasingh/Library/Developer/Xcode/DerivedData/Chatlio-erkyzdeecsohoaggpwbjdvavzqfv/SourcePackages/checkouts/swift-collections/Sources/InternalCollectionsUtilities/autogenerated/RandomAccessCollection+Offsets.swift (in target 'InternalCollectionsUtilities' from project 'swift-collections')
    cd /Users/aadityasingh/Documents/Development/element-x-ios/Chatlio.xcodeproj
    

SwiftExplicitDependencyGeneratePcm x86_64 /Users/aadityasingh/Library/Developer/Xcode/DerivedData/Chatlio-erkyzdeecsohoaggpwbjdvavzqfv/Build/Intermediates.noindex/SwiftExplicitPrecompiledModules/DTFoundation-1SCMPMT83A7YVLVNI0NL1QCP8.pcm

SwiftCompile normal arm64 Compiling\ UnsafeMutableBufferPointer+Extras.swift /Users/aadityasingh/Library/Developer/Xcode/DerivedData/Chatlio-erkyzdeecsohoaggpwbjdvavzqfv/SourcePackages/checkouts/swift-collections/Sources/InternalCollectionsUtilities/autogenerated/UnsafeMutableBufferPointer+Extras.swift (in target 'InternalCollectionsUtilities' from project 'swift-collections')

SwiftCompile normal arm64 /Users/aadityasingh/Library/Developer/Xcode/DerivedData/Chatlio-erkyzdeecsohoaggpwbjdvavzqfv/SourcePackages/checkouts/swift-collections/Sources/InternalCollectionsUtilities/autogenerated/UnsafeMutableBufferPointer+Extras.swift (in target 'InternalCollectionsUtilities' from project 'swift-collections')
    cd /Users/aadityasingh/Documents/Development/element-x-ios/Chatlio.xcodeproj
    

SwiftDriverJobDiscovery normal x86_64 Compiling Keychain.swift (in target 'KeychainAccess' from project 'KeychainAccess')

SwiftDriver\ Compilation KeychainAccess normal x86_64 com.apple.xcode.tools.swift.compiler (in target 'KeychainAccess' from project 'KeychainAccess')
    cd /Users/aadityasingh/Documents/Development/element-x-ios/Chatlio.xcodeproj
    builtin-Swift-Compilation -- /Applications/Xcode.app/Contents/Developer/Toolchains/XcodeDefault.xctoolchain/usr/bin/swiftc -module-name KeychainAccess -Onone @/Users/aadityasingh/Library/Developer/Xcode/DerivedData/Chatlio-erkyzdeecsohoaggpwbjdvavzqfv/Build/Intermediates.noindex/KeychainAccess.build/Debug-iphonesimulator/KeychainAccess.build/Objects-normal/x86_64/KeychainAccess.SwiftFileList -DSWIFT_PACKAGE -DDEBUG -DSWIFT_MODULE_RESOURCE_BUNDLE_UNAVAILABLE -DXcode -plugin-path /Applications/Xcode.app/Contents/Developer/Toolchains/XcodeDefault.xctoolchain/usr/lib/swift/host/plugins/testing -enable-experimental-feature DebugDescriptionMacro -sdk /Applications/Xcode.app/Contents/Developer/Platforms/iPhoneSimulator.platform/Developer/SDKs/iPhoneSimulator26.4.sdk -target x86_64-apple-ios12.0-simulator -g -module-cache-path /Users/aadityasingh/Library/Developer/Xcode/DerivedData/ModuleCache.noindex -Xfrontend -serialize-debugging-options -profile-coverage-mapping -profile-generate -enable-testing -suppress-warnings -index-store-path /Users/aadityasingh/Library/Developer/Xcode/DerivedData/Chatlio-erkyzdeecsohoaggpwbjdvavzqfv/Index.noindex/DataStore -Xcc -D_LIBCPP_HARDENING_MODE\=_LIBCPP_HARDENING_MODE_DEBUG -swift-version 5 -I /Users/aadityasingh/Library/Developer/Xcode/DerivedData/Chatlio-erkyzdeecsohoaggpwbjdvavzqfv/Build/Products/Debug-iphonesimulator -Isystem /Applications/Xcode.app/Contents/Developer/Platforms/iPhoneSimulator.platform/Developer/usr/lib -F /Users/aadityasingh/Library/Developer/Xcode/DerivedData/Chatlio-erkyzdeecsohoaggpwbjdvavzqfv/Build/Products/Debug-iphonesimulator -F /Applications/Xcode.app/Contents/Developer/Platforms/iPhoneSimulator.platform/Developer/Library/Frameworks -F /Applications/Xcode.app/Contents/Developer/Platforms/iPhoneSimulator.platform/Developer/SDKs/iPhoneSimulator26.4.sdk/Developer/Library/Frameworks -parse-as-library -c -j12 -enable-batch-mode -incremental -Xcc -ivfsstatcache -Xcc /Users/aadityasingh/Library/Developer/Xcode/DerivedData/SDKStatCaches.noindex/iphonesimulator26.4-23E252-686eebb5dc1d8ecb277353a59184f4aa.sdkstatcache -output-file-map /Users/aadityasingh/Library/Developer/Xcode/DerivedData/Chatlio-erkyzdeecsohoaggpwbjdvavzqfv/Build/Intermediates.noindex/KeychainAccess.build/Debug-iphonesimulator/KeychainAccess.build/Objects-normal/x86_64/KeychainAccess-OutputFileMap.json -use-frontend-parseable-output -save-temps -no-color-diagnostics -explicit-module-build -module-cache-path /Users/aadityasingh/Library/Developer/Xcode/DerivedData/Chatlio-erkyzdeecsohoaggpwbjdvavzqfv/Build/Intermediates.noindex/SwiftExplicitPrecompiledModules -clang-scanner-module-cache-path /Users/aadityasingh/Library/Developer/Xcode/DerivedData/ModuleCache.noindex -sdk-module-cache-path /Users/aadityasingh/Library/Developer/Xcode/DerivedData/ModuleCache.noindex -serialize-diagnostics -emit-dependencies -emit-module -emit-module-path /Users/aadityasingh/Library/Developer/Xcode/DerivedData/Chatlio-erkyzdeecsohoaggpwbjdvavzqfv/Build/Intermediates.noindex/KeychainAccess.build/Debug-iphonesimulator/KeychainAccess.build/Objects-normal/x86_64/KeychainAccess.swiftmodule -validate-clang-modules-once -clang-build-session-file /Users/aadityasingh/Library/Developer/Xcode/DerivedData/ModuleCache.noindex/Session.modulevalidation -Xcc -I/Users/aadityasingh/Library/Developer/Xcode/DerivedData/Chatlio-erkyzdeecsohoaggpwbjdvavzqfv/Build/Intermediates.noindex/KeychainAccess.build/Debug-iphonesimulator/KeychainAccess.build/swift-overrides.hmap -emit-const-values -Xfrontend -const-gather-protocols-file -Xfrontend /Users/aadityasingh/Library/Developer/Xcode/DerivedData/Chatlio-erkyzdeecsohoaggpwbjdvavzqfv/Build/Intermediates.noindex/KeychainAccess.build/Debug-iphonesimulator/KeychainAccess.build/Objects-normal/x86_64/KeychainAccess_const_extract_protocols.json -Xcc -I/Users/aadityasingh/Library/Developer/Xcode/DerivedData/Chatlio-erkyzdeecsohoaggpwbjdvavzqfv/Build/Products/Debug-iphonesimulator/include -Xcc -I/Users/aadityasingh/Library/Developer/Xcode/DerivedData/Chatlio-erkyzdeecsohoaggpwbjdvavzqfv/Build/Intermediates.noindex/KeychainAccess.build/Debug-iphonesimulator/KeychainAccess.build/DerivedSources-normal/x86_64 -Xcc -I/Users/aadityasingh/Library/Developer/Xcode/DerivedData/Chatlio-erkyzdeecsohoaggpwbjdvavzqfv/Build/Intermediates.noindex/KeychainAccess.build/Debug-iphonesimulator/KeychainAccess.build/DerivedSources/x86_64 -Xcc -I/Users/aadityasingh/Library/Developer/Xcode/DerivedData/Chatlio-erkyzdeecsohoaggpwbjdvavzqfv/Build/Intermediates.noindex/KeychainAccess.build/Debug-iphonesimulator/KeychainAccess.build/DerivedSources -Xcc -DSWIFT_PACKAGE -Xcc -DDEBUG\=1 -emit-objc-header -emit-objc-header-path /Users/aadityasingh/Library/Developer/Xcode/DerivedData/Chatlio-erkyzdeecsohoaggpwbjdvavzqfv/Build/Intermediates.noindex/KeychainAccess.build/Debug-iphonesimulator/KeychainAccess.build/Objects-normal/x86_64/KeychainAccess-Swift.h -working-directory /Users/aadityasingh/Documents/Development/element-x-ios/Chatlio.xcodeproj -experimental-emit-module-separately -disable-cmo

SwiftExplicitDependencyGeneratePcm arm64 /Users/aadityasingh/Library/Developer/Xcode/DerivedData/Chatlio-erkyzdeecsohoaggpwbjdvavzqfv/Build/Intermediates.noindex/SwiftExplicitPrecompiledModules/DTFoundation-9JKVW6Q2OJ1T5ZHZFG6CKLRA0.pcm

Ld /Users/aadityasingh/Library/Developer/Xcode/DerivedData/Chatlio-erkyzdeecsohoaggpwbjdvavzqfv/Build/Intermediates.noindex/KeychainAccess.build/Debug-iphonesimulator/KeychainAccess.build/Objects-normal/x86_64/Binary/KeychainAccess.o normal x86_64 (in target 'KeychainAccess' from project 'KeychainAccess')
    cd /Users/aadityasingh/Library/Developer/Xcode/DerivedData/Chatlio-erkyzdeecsohoaggpwbjdvavzqfv/SourcePackages/checkouts/KeychainAccess
    /Applications/Xcode.app/Contents/Developer/Toolchains/XcodeDefault.xctoolchain/usr/bin/clang -Xlinker -reproducible -target x86_64-apple-ios12.0-simulator -r -isysroot /Applications/Xcode.app/Contents/Developer/Platforms/iPhoneSimulator.platform/Developer/SDKs/iPhoneSimulator26.4.sdk -O0 -w -F/Users/aadityasingh/Library/Developer/Xcode/DerivedData/Chatlio-erkyzdeecsohoaggpwbjdvavzqfv/Build/Intermediates.noindex/EagerLinkingTBDs/Debug-iphonesimulator -F/Users/aadityasingh/Library/Developer/Xcode/DerivedData/Chatlio-erkyzdeecsohoaggpwbjdvavzqfv/Build/Products/Debug-iphonesimulator -iframework /Applications/Xcode.app/Contents/Developer/Platforms/iPhoneSimulator.platform/Developer/Library/Frameworks -iframework /Applications/Xcode.app/Contents/Developer/Platforms/iPhoneSimulator.platform/Developer/SDKs/iPhoneSimulator26.4.sdk/Developer/Library/Frameworks -filelist /Users/aadityasingh/Library/Developer/Xcode/DerivedData/Chatlio-erkyzdeecsohoaggpwbjdvavzqfv/Build/Intermediates.noindex/KeychainAccess.build/Debug-iphonesimulator/KeychainAccess.build/Objects-normal/x86_64/KeychainAccess.LinkFileList -nostdlib -Xlinker -object_path_lto -Xlinker /Users/aadityasingh/Library/Developer/Xcode/DerivedData/Chatlio-erkyzdeecsohoaggpwbjdvavzqfv/Build/Intermediates.noindex/KeychainAccess.build/Debug-iphonesimulator/KeychainAccess.build/Objects-normal/x86_64/KeychainAccess_lto.o -Xlinker -no_deduplicate -Xlinker -objc_abi_version -Xlinker 2 -Xlinker -debug_variant -Xlinker -dependency_info -Xlinker /Users/aadityasingh/Library/Developer/Xcode/DerivedData/Chatlio-erkyzdeecsohoaggpwbjdvavzqfv/Build/Intermediates.noindex/KeychainAccess.build/Debug-iphonesimulator/KeychainAccess.build/Objects-normal/x86_64/KeychainAccess_dependency_info.dat -fobjc-link-runtime -L/Applications/Xcode.app/Contents/Developer/Toolchains/XcodeDefault.xctoolchain/usr/lib/swift/iphonesimulator -L/usr/lib/swift -Xlinker -add_ast_path -Xlinker /Users/aadityasingh/Library/Developer/Xcode/DerivedData/Chatlio-erkyzdeecsohoaggpwbjdvavzqfv/Build/Intermediates.noindex/KeychainAccess.build/Debug-iphonesimulator/KeychainAccess.build/Objects-normal/x86_64/KeychainAccess.swiftmodule @/Users/aadityasingh/Library/Developer/Xcode/DerivedData/Chatlio-erkyzdeecsohoaggpwbjdvavzqfv/Build/Intermediates.noindex/KeychainAccess.build/Debug-iphonesimulator/KeychainAccess.build/Objects-normal/x86_64/KeychainAccess-linker-args.resp -o /Users/aadityasingh/Library/Developer/Xcode/DerivedData/Chatlio-erkyzdeecsohoaggpwbjdvavzqfv/Build/Intermediates.noindex/KeychainAccess.build/Debug-iphonesimulator/KeychainAccess.build/Objects-normal/x86_64/Binary/KeychainAccess.o

SwiftDriverJobDiscovery normal arm64 Compiling RandomAccessCollection+Offsets.swift (in target 'InternalCollectionsUtilities' from project 'swift-collections')

SwiftCompile normal arm64 Compiling\ _UnsafeBitSet.swift,\ _SortedCollection.swift /Users/aadityasingh/Library/Developer/Xcode/DerivedData/Chatlio-erkyzdeecsohoaggpwbjdvavzqfv/SourcePackages/checkouts/swift-collections/Sources/InternalCollectionsUtilities/UnsafeBitSet/autogenerated/_UnsafeBitSet.swift /Users/aadityasingh/Library/Developer/Xcode/DerivedData/Chatlio-erkyzdeecsohoaggpwbjdvavzqfv/SourcePackages/checkouts/swift-collections/Sources/InternalCollectionsUtilities/_SortedCollection.swift (in target 'InternalCollectionsUtilities' from project 'swift-collections')

SwiftCompile normal arm64 /Users/aadityasingh/Library/Developer/Xcode/DerivedData/Chatlio-erkyzdeecsohoaggpwbjdvavzqfv/SourcePackages/checkouts/swift-collections/Sources/InternalCollectionsUtilities/UnsafeBitSet/autogenerated/_UnsafeBitSet.swift (in target 'InternalCollectionsUtilities' from project 'swift-collections')
    cd /Users/aadityasingh/Documents/Development/element-x-ios/Chatlio.xcodeproj
    

SwiftCompile normal arm64 /Users/aadityasingh/Library/Developer/Xcode/DerivedData/Chatlio-erkyzdeecsohoaggpwbjdvavzqfv/SourcePackages/checkouts/swift-collections/Sources/InternalCollectionsUtilities/_SortedCollection.swift (in target 'InternalCollectionsUtilities' from project 'swift-collections')
    cd /Users/aadityasingh/Documents/Development/element-x-ios/Chatlio.xcodeproj
    

SwiftDriverJobDiscovery normal x86_64 Compiling RandomAccessCollection+Offsets.swift (in target 'InternalCollectionsUtilities' from project 'swift-collections')

SwiftCompile normal x86_64 Compiling\ _UnsafeBitSet+Index.swift,\ _UnsafeBitSet+_Word.swift /Users/aadityasingh/Library/Developer/Xcode/DerivedData/Chatlio-erkyzdeecsohoaggpwbjdvavzqfv/SourcePackages/checkouts/swift-collections/Sources/InternalCollectionsUtilities/UnsafeBitSet/autogenerated/_UnsafeBitSet+Index.swift /Users/aadityasingh/Library/Developer/Xcode/DerivedData/Chatlio-erkyzdeecsohoaggpwbjdvavzqfv/SourcePackages/checkouts/swift-collections/Sources/InternalCollectionsUtilities/UnsafeBitSet/autogenerated/_UnsafeBitSet+_Word.swift (in target 'InternalCollectionsUtilities' from project 'swift-collections')

SwiftCompile normal x86_64 /Users/aadityasingh/Library/Developer/Xcode/DerivedData/Chatlio-erkyzdeecsohoaggpwbjdvavzqfv/SourcePackages/checkouts/swift-collections/Sources/InternalCollectionsUtilities/UnsafeBitSet/autogenerated/_UnsafeBitSet+Index.swift (in target 'InternalCollectionsUtilities' from project 'swift-collections')
    cd /Users/aadityasingh/Documents/Development/element-x-ios/Chatlio.xcodeproj
    

SwiftCompile normal x86_64 /Users/aadityasingh/Library/Developer/Xcode/DerivedData/Chatlio-erkyzdeecsohoaggpwbjdvavzqfv/SourcePackages/checkouts/swift-collections/Sources/InternalCollectionsUtilities/UnsafeBitSet/autogenerated/_UnsafeBitSet+_Word.swift (in target 'InternalCollectionsUtilities' from project 'swift-collections')
    cd /Users/aadityasingh/Documents/Development/element-x-ios/Chatlio.xcodeproj
    

SwiftDriverJobDiscovery normal arm64 Compiling Remote.swift (in target 'KZFileWatchers' from project 'KZFileWatchers')

SwiftCompile normal arm64 Compiling\ _UnsafeBitSet+Index.swift,\ _UnsafeBitSet+_Word.swift /Users/aadityasingh/Library/Developer/Xcode/DerivedData/Chatlio-erkyzdeecsohoaggpwbjdvavzqfv/SourcePackages/checkouts/swift-collections/Sources/InternalCollectionsUtilities/UnsafeBitSet/autogenerated/_UnsafeBitSet+Index.swift /Users/aadityasingh/Library/Developer/Xcode/DerivedData/Chatlio-erkyzdeecsohoaggpwbjdvavzqfv/SourcePackages/checkouts/swift-collections/Sources/InternalCollectionsUtilities/UnsafeBitSet/autogenerated/_UnsafeBitSet+_Word.swift (in target 'InternalCollectionsUtilities' from project 'swift-collections')

SwiftCompile normal arm64 /Users/aadityasingh/Library/Developer/Xcode/DerivedData/Chatlio-erkyzdeecsohoaggpwbjdvavzqfv/SourcePackages/checkouts/swift-collections/Sources/InternalCollectionsUtilities/UnsafeBitSet/autogenerated/_UnsafeBitSet+Index.swift (in target 'InternalCollectionsUtilities' from project 'swift-collections')
    cd /Users/aadityasingh/Documents/Development/element-x-ios/Chatlio.xcodeproj
    

SwiftCompile normal arm64 /Users/aadityasingh/Library/Developer/Xcode/DerivedData/Chatlio-erkyzdeecsohoaggpwbjdvavzqfv/SourcePackages/checkouts/swift-collections/Sources/InternalCollectionsUtilities/UnsafeBitSet/autogenerated/_UnsafeBitSet+_Word.swift (in target 'InternalCollectionsUtilities' from project 'swift-collections')
    cd /Users/aadityasingh/Documents/Development/element-x-ios/Chatlio.xcodeproj
    

SwiftExplicitDependencyGeneratePcm x86_64 /Users/aadityasingh/Library/Developer/Xcode/DerivedData/Chatlio-erkyzdeecsohoaggpwbjdvavzqfv/Build/Intermediates.noindex/SwiftExplicitPrecompiledModules/DTCoreText-3C7O29VL319CS8ZP0BUYFRIZK.pcm

SwiftDriverJobDiscovery normal arm64 Compiling UInt+first and last set bit.swift, UInt+reversed.swift (in target 'InternalCollectionsUtilities' from project 'swift-collections')

SwiftDriver\ Compilation KZFileWatchers normal arm64 com.apple.xcode.tools.swift.compiler (in target 'KZFileWatchers' from project 'KZFileWatchers')
    cd /Users/aadityasingh/Documents/Development/element-x-ios/Chatlio.xcodeproj
    builtin-Swift-Compilation -- /Applications/Xcode.app/Contents/Developer/Toolchains/XcodeDefault.xctoolchain/usr/bin/swiftc -module-name KZFileWatchers -Onone @/Users/aadityasingh/Library/Developer/Xcode/DerivedData/Chatlio-erkyzdeecsohoaggpwbjdvavzqfv/Build/Intermediates.noindex/KZFileWatchers.build/Debug-iphonesimulator/KZFileWatchers.build/Objects-normal/arm64/KZFileWatchers.SwiftFileList -DSWIFT_PACKAGE -DDEBUG -DSWIFT_MODULE_RESOURCE_BUNDLE_UNAVAILABLE -DXcode -plugin-path /Applications/Xcode.app/Contents/Developer/Toolchains/XcodeDefault.xctoolchain/usr/lib/swift/host/plugins/testing -enable-experimental-feature DebugDescriptionMacro -sdk /Applications/Xcode.app/Contents/Developer/Platforms/iPhoneSimulator.platform/Developer/SDKs/iPhoneSimulator26.4.sdk -target arm64-apple-ios12.0-simulator -g -module-cache-path /Users/aadityasingh/Library/Developer/Xcode/DerivedData/ModuleCache.noindex -Xfrontend -serialize-debugging-options -profile-coverage-mapping -profile-generate -enable-testing -suppress-warnings -index-store-path /Users/aadityasingh/Library/Developer/Xcode/DerivedData/Chatlio-erkyzdeecsohoaggpwbjdvavzqfv/Index.noindex/DataStore -Xcc -D_LIBCPP_HARDENING_MODE\=_LIBCPP_HARDENING_MODE_DEBUG -swift-version 5 -I /Users/aadityasingh/Library/Developer/Xcode/DerivedData/Chatlio-erkyzdeecsohoaggpwbjdvavzqfv/Build/Products/Debug-iphonesimulator -Isystem /Applications/Xcode.app/Contents/Developer/Platforms/iPhoneSimulator.platform/Developer/usr/lib -F /Users/aadityasingh/Library/Developer/Xcode/DerivedData/Chatlio-erkyzdeecsohoaggpwbjdvavzqfv/Build/Products/Debug-iphonesimulator -F /Applications/Xcode.app/Contents/Developer/Platforms/iPhoneSimulator.platform/Developer/Library/Frameworks -F /Applications/Xcode.app/Contents/Developer/Platforms/iPhoneSimulator.platform/Developer/SDKs/iPhoneSimulator26.4.sdk/Developer/Library/Frameworks -c -j12 -enable-batch-mode -incremental -Xcc -ivfsstatcache -Xcc /Users/aadityasingh/Library/Developer/Xcode/DerivedData/SDKStatCaches.noindex/iphonesimulator26.4-23E252-686eebb5dc1d8ecb277353a59184f4aa.sdkstatcache -output-file-map /Users/aadityasingh/Library/Developer/Xcode/DerivedData/Chatlio-erkyzdeecsohoaggpwbjdvavzqfv/Build/Intermediates.noindex/KZFileWatchers.build/Debug-iphonesimulator/KZFileWatchers.build/Objects-normal/arm64/KZFileWatchers-OutputFileMap.json -use-frontend-parseable-output -save-temps -no-color-diagnostics -explicit-module-build -module-cache-path /Users/aadityasingh/Library/Developer/Xcode/DerivedData/Chatlio-erkyzdeecsohoaggpwbjdvavzqfv/Build/Intermediates.noindex/SwiftExplicitPrecompiledModules -clang-scanner-module-cache-path /Users/aadityasingh/Library/Developer/Xcode/DerivedData/ModuleCache.noindex -sdk-module-cache-path /Users/aadityasingh/Library/Developer/Xcode/DerivedData/ModuleCache.noindex -serialize-diagnostics -emit-dependencies -emit-module -emit-module-path /Users/aadityasingh/Library/Developer/Xcode/DerivedData/Chatlio-erkyzdeecsohoaggpwbjdvavzqfv/Build/Intermediates.noindex/KZFileWatchers.build/Debug-iphonesimulator/KZFileWatchers.build/Objects-normal/arm64/KZFileWatchers.swiftmodule -validate-clang-modules-once -clang-build-session-file /Users/aadityasingh/Library/Developer/Xcode/DerivedData/ModuleCache.noindex/Session.modulevalidation -Xcc -I/Users/aadityasingh/Library/Developer/Xcode/DerivedData/Chatlio-erkyzdeecsohoaggpwbjdvavzqfv/Build/Intermediates.noindex/KZFileWatchers.build/Debug-iphonesimulator/KZFileWatchers.build/swift-overrides.hmap -emit-const-values -Xfrontend -const-gather-protocols-file -Xfrontend /Users/aadityasingh/Library/Developer/Xcode/DerivedData/Chatlio-erkyzdeecsohoaggpwbjdvavzqfv/Build/Intermediates.noindex/KZFileWatchers.build/Debug-iphonesimulator/KZFileWatchers.build/Objects-normal/arm64/KZFileWatchers_const_extract_protocols.json -Xcc -I/Users/aadityasingh/Library/Developer/Xcode/DerivedData/Chatlio-erkyzdeecsohoaggpwbjdvavzqfv/Build/Products/Debug-iphonesimulator/include -Xcc -I/Users/aadityasingh/Library/Developer/Xcode/DerivedData/Chatlio-erkyzdeecsohoaggpwbjdvavzqfv/Build/Intermediates.noindex/KZFileWatchers.build/Debug-iphonesimulator/KZFileWatchers.build/DerivedSources-normal/arm64 -Xcc -I/Users/aadityasingh/Library/Developer/Xcode/DerivedData/Chatlio-erkyzdeecsohoaggpwbjdvavzqfv/Build/Intermediates.noindex/KZFileWatchers.build/Debug-iphonesimulator/KZFileWatchers.build/DerivedSources/arm64 -Xcc -I/Users/aadityasingh/Library/Developer/Xcode/DerivedData/Chatlio-erkyzdeecsohoaggpwbjdvavzqfv/Build/Intermediates.noindex/KZFileWatchers.build/Debug-iphonesimulator/KZFileWatchers.build/DerivedSources -Xcc -DSWIFT_PACKAGE -Xcc -DDEBUG\=1 -emit-objc-header -emit-objc-header-path /Users/aadityasingh/Library/Developer/Xcode/DerivedData/Chatlio-erkyzdeecsohoaggpwbjdvavzqfv/Build/Intermediates.noindex/KZFileWatchers.build/Debug-iphonesimulator/KZFileWatchers.build/Objects-normal/arm64/KZFileWatchers-Swift.h -working-directory /Users/aadityasingh/Documents/Development/element-x-ios/Chatlio.xcodeproj -experimental-emit-module-separately -disable-cmo

SwiftCompile normal x86_64 Compiling\ FixedWidthInteger+roundUpToPowerOfTwo.swift,\ Integer\ rank.swift /Users/aadityasingh/Library/Developer/Xcode/DerivedData/Chatlio-erkyzdeecsohoaggpwbjdvavzqfv/SourcePackages/checkouts/swift-collections/Sources/InternalCollectionsUtilities/IntegerTricks/autogenerated/FixedWidthInteger+roundUpToPowerOfTwo.swift /Users/aadityasingh/Library/Developer/Xcode/DerivedData/Chatlio-erkyzdeecsohoaggpwbjdvavzqfv/SourcePackages/checkouts/swift-collections/Sources/InternalCollectionsUtilities/IntegerTricks/autogenerated/Integer\ rank.swift (in target 'InternalCollectionsUtilities' from project 'swift-collections')

SwiftCompile normal x86_64 /Users/aadityasingh/Library/Developer/Xcode/DerivedData/Chatlio-erkyzdeecsohoaggpwbjdvavzqfv/SourcePackages/checkouts/swift-collections/Sources/InternalCollectionsUtilities/IntegerTricks/autogenerated/FixedWidthInteger+roundUpToPowerOfTwo.swift (in target 'InternalCollectionsUtilities' from project 'swift-collections')
    cd /Users/aadityasingh/Documents/Development/element-x-ios/Chatlio.xcodeproj
    

SwiftCompile normal x86_64 /Users/aadityasingh/Library/Developer/Xcode/DerivedData/Chatlio-erkyzdeecsohoaggpwbjdvavzqfv/SourcePackages/checkouts/swift-collections/Sources/InternalCollectionsUtilities/IntegerTricks/autogenerated/Integer\ rank.swift (in target 'InternalCollectionsUtilities' from project 'swift-collections')
    cd /Users/aadityasingh/Documents/Development/element-x-ios/Chatlio.xcodeproj
    

SwiftCompile normal x86_64 Compiling\ LifetimeOverride.swift /Users/aadityasingh/Library/Developer/Xcode/DerivedData/Chatlio-erkyzdeecsohoaggpwbjdvavzqfv/SourcePackages/checkouts/swift-collections/Sources/InternalCollectionsUtilities/autogenerated/LifetimeOverride.swift (in target 'InternalCollectionsUtilities' from project 'swift-collections')

SwiftCompile normal x86_64 /Users/aadityasingh/Library/Developer/Xcode/DerivedData/Chatlio-erkyzdeecsohoaggpwbjdvavzqfv/SourcePackages/checkouts/swift-collections/Sources/InternalCollectionsUtilities/autogenerated/LifetimeOverride.swift (in target 'InternalCollectionsUtilities' from project 'swift-collections')
    cd /Users/aadityasingh/Documents/Development/element-x-ios/Chatlio.xcodeproj
    

SwiftExplicitDependencyGeneratePcm arm64 /Users/aadityasingh/Library/Developer/Xcode/DerivedData/Chatlio-erkyzdeecsohoaggpwbjdvavzqfv/Build/Intermediates.noindex/SwiftExplicitPrecompiledModules/DTCoreText-1M7G6PR795W6N53XMKWYYT88.pcm

SwiftDriverJobDiscovery normal arm64 Compiling FixedWidthInteger+roundUpToPowerOfTwo.swift, Integer rank.swift (in target 'InternalCollectionsUtilities' from project 'swift-collections')

SwiftCompile normal arm64 Compiling\ Descriptions.swift /Users/aadityasingh/Library/Developer/Xcode/DerivedData/Chatlio-erkyzdeecsohoaggpwbjdvavzqfv/SourcePackages/checkouts/swift-collections/Sources/InternalCollectionsUtilities/autogenerated/Descriptions.swift (in target 'InternalCollectionsUtilities' from project 'swift-collections')

SwiftCompile normal arm64 /Users/aadityasingh/Library/Developer/Xcode/DerivedData/Chatlio-erkyzdeecsohoaggpwbjdvavzqfv/SourcePackages/checkouts/swift-collections/Sources/InternalCollectionsUtilities/autogenerated/Descriptions.swift (in target 'InternalCollectionsUtilities' from project 'swift-collections')
    cd /Users/aadityasingh/Documents/Development/element-x-ios/Chatlio.xcodeproj
    

SwiftDriverJobDiscovery normal arm64 Compiling Keychain.swift (in target 'KeychainAccess' from project 'KeychainAccess')

SwiftDriver\ Compilation KeychainAccess normal arm64 com.apple.xcode.tools.swift.compiler (in target 'KeychainAccess' from project 'KeychainAccess')
    cd /Users/aadityasingh/Documents/Development/element-x-ios/Chatlio.xcodeproj
    builtin-Swift-Compilation -- /Applications/Xcode.app/Contents/Developer/Toolchains/XcodeDefault.xctoolchain/usr/bin/swiftc -module-name KeychainAccess -Onone @/Users/aadityasingh/Library/Developer/Xcode/DerivedData/Chatlio-erkyzdeecsohoaggpwbjdvavzqfv/Build/Intermediates.noindex/KeychainAccess.build/Debug-iphonesimulator/KeychainAccess.build/Objects-normal/arm64/KeychainAccess.SwiftFileList -DSWIFT_PACKAGE -DDEBUG -DSWIFT_MODULE_RESOURCE_BUNDLE_UNAVAILABLE -DXcode -plugin-path /Applications/Xcode.app/Contents/Developer/Toolchains/XcodeDefault.xctoolchain/usr/lib/swift/host/plugins/testing -enable-experimental-feature DebugDescriptionMacro -sdk /Applications/Xcode.app/Contents/Developer/Platforms/iPhoneSimulator.platform/Developer/SDKs/iPhoneSimulator26.4.sdk -target arm64-apple-ios12.0-simulator -g -module-cache-path /Users/aadityasingh/Library/Developer/Xcode/DerivedData/ModuleCache.noindex -Xfrontend -serialize-debugging-options -profile-coverage-mapping -profile-generate -enable-testing -suppress-warnings -index-store-path /Users/aadityasingh/Library/Developer/Xcode/DerivedData/Chatlio-erkyzdeecsohoaggpwbjdvavzqfv/Index.noindex/DataStore -Xcc -D_LIBCPP_HARDENING_MODE\=_LIBCPP_HARDENING_MODE_DEBUG -swift-version 5 -I /Users/aadityasingh/Library/Developer/Xcode/DerivedData/Chatlio-erkyzdeecsohoaggpwbjdvavzqfv/Build/Products/Debug-iphonesimulator -Isystem /Applications/Xcode.app/Contents/Developer/Platforms/iPhoneSimulator.platform/Developer/usr/lib -F /Users/aadityasingh/Library/Developer/Xcode/DerivedData/Chatlio-erkyzdeecsohoaggpwbjdvavzqfv/Build/Products/Debug-iphonesimulator -F /Applications/Xcode.app/Contents/Developer/Platforms/iPhoneSimulator.platform/Developer/Library/Frameworks -F /Applications/Xcode.app/Contents/Developer/Platforms/iPhoneSimulator.platform/Developer/SDKs/iPhoneSimulator26.4.sdk/Developer/Library/Frameworks -parse-as-library -c -j12 -enable-batch-mode -incremental -Xcc -ivfsstatcache -Xcc /Users/aadityasingh/Library/Developer/Xcode/DerivedData/SDKStatCaches.noindex/iphonesimulator26.4-23E252-686eebb5dc1d8ecb277353a59184f4aa.sdkstatcache -output-file-map /Users/aadityasingh/Library/Developer/Xcode/DerivedData/Chatlio-erkyzdeecsohoaggpwbjdvavzqfv/Build/Intermediates.noindex/KeychainAccess.build/Debug-iphonesimulator/KeychainAccess.build/Objects-normal/arm64/KeychainAccess-OutputFileMap.json -use-frontend-parseable-output -save-temps -no-color-diagnostics -explicit-module-build -module-cache-path /Users/aadityasingh/Library/Developer/Xcode/DerivedData/Chatlio-erkyzdeecsohoaggpwbjdvavzqfv/Build/Intermediates.noindex/SwiftExplicitPrecompiledModules -clang-scanner-module-cache-path /Users/aadityasingh/Library/Developer/Xcode/DerivedData/ModuleCache.noindex -sdk-module-cache-path /Users/aadityasingh/Library/Developer/Xcode/DerivedData/ModuleCache.noindex -serialize-diagnostics -emit-dependencies -emit-module -emit-module-path /Users/aadityasingh/Library/Developer/Xcode/DerivedData/Chatlio-erkyzdeecsohoaggpwbjdvavzqfv/Build/Intermediates.noindex/KeychainAccess.build/Debug-iphonesimulator/KeychainAccess.build/Objects-normal/arm64/KeychainAccess.swiftmodule -validate-clang-modules-once -clang-build-session-file /Users/aadityasingh/Library/Developer/Xcode/DerivedData/ModuleCache.noindex/Session.modulevalidation -Xcc -I/Users/aadityasingh/Library/Developer/Xcode/DerivedData/Chatlio-erkyzdeecsohoaggpwbjdvavzqfv/Build/Intermediates.noindex/KeychainAccess.build/Debug-iphonesimulator/KeychainAccess.build/swift-overrides.hmap -emit-const-values -Xfrontend -const-gather-protocols-file -Xfrontend /Users/aadityasingh/Library/Developer/Xcode/DerivedData/Chatlio-erkyzdeecsohoaggpwbjdvavzqfv/Build/Intermediates.noindex/KeychainAccess.build/Debug-iphonesimulator/KeychainAccess.build/Objects-normal/arm64/KeychainAccess_const_extract_protocols.json -Xcc -I/Users/aadityasingh/Library/Developer/Xcode/DerivedData/Chatlio-erkyzdeecsohoaggpwbjdvavzqfv/Build/Products/Debug-iphonesimulator/include -Xcc -I/Users/aadityasingh/Library/Developer/Xcode/DerivedData/Chatlio-erkyzdeecsohoaggpwbjdvavzqfv/Build/Intermediates.noindex/KeychainAccess.build/Debug-iphonesimulator/KeychainAccess.build/DerivedSources-normal/arm64 -Xcc -I/Users/aadityasingh/Library/Developer/Xcode/DerivedData/Chatlio-erkyzdeecsohoaggpwbjdvavzqfv/Build/Intermediates.noindex/KeychainAccess.build/Debug-iphonesimulator/KeychainAccess.build/DerivedSources/arm64 -Xcc -I/Users/aadityasingh/Library/Developer/Xcode/DerivedData/Chatlio-erkyzdeecsohoaggpwbjdvavzqfv/Build/Intermediates.noindex/KeychainAccess.build/Debug-iphonesimulator/KeychainAccess.build/DerivedSources -Xcc -DSWIFT_PACKAGE -Xcc -DDEBUG\=1 -emit-objc-header -emit-objc-header-path /Users/aadityasingh/Library/Developer/Xcode/DerivedData/Chatlio-erkyzdeecsohoaggpwbjdvavzqfv/Build/Intermediates.noindex/KeychainAccess.build/Debug-iphonesimulator/KeychainAccess.build/Objects-normal/arm64/KeychainAccess-Swift.h -working-directory /Users/aadityasingh/Documents/Development/element-x-ios/Chatlio.xcodeproj -experimental-emit-module-separately -disable-cmo

SwiftDriverJobDiscovery normal x86_64 Compiling LifetimeOverride.swift (in target 'InternalCollectionsUtilities' from project 'swift-collections')

SwiftCompile normal x86_64 Compiling\ _UniqueCollection.swift,\ Debugging.swift /Users/aadityasingh/Library/Developer/Xcode/DerivedData/Chatlio-erkyzdeecsohoaggpwbjdvavzqfv/SourcePackages/checkouts/swift-collections/Sources/InternalCollectionsUtilities/_UniqueCollection.swift /Users/aadityasingh/Library/Developer/Xcode/DerivedData/Chatlio-erkyzdeecsohoaggpwbjdvavzqfv/SourcePackages/checkouts/swift-collections/Sources/InternalCollectionsUtilities/autogenerated/Debugging.swift (in target 'InternalCollectionsUtilities' from project 'swift-collections')

SwiftCompile normal x86_64 /Users/aadityasingh/Library/Developer/Xcode/DerivedData/Chatlio-erkyzdeecsohoaggpwbjdvavzqfv/SourcePackages/checkouts/swift-collections/Sources/InternalCollectionsUtilities/_UniqueCollection.swift (in target 'InternalCollectionsUtilities' from project 'swift-collections')
    cd /Users/aadityasingh/Documents/Development/element-x-ios/Chatlio.xcodeproj
    

SwiftCompile normal x86_64 /Users/aadityasingh/Library/Developer/Xcode/DerivedData/Chatlio-erkyzdeecsohoaggpwbjdvavzqfv/SourcePackages/checkouts/swift-collections/Sources/InternalCollectionsUtilities/autogenerated/Debugging.swift (in target 'InternalCollectionsUtilities' from project 'swift-collections')
    cd /Users/aadityasingh/Documents/Development/element-x-ios/Chatlio.xcodeproj
    

Ld /Users/aadityasingh/Library/Developer/Xcode/DerivedData/Chatlio-erkyzdeecsohoaggpwbjdvavzqfv/Build/Intermediates.noindex/KeychainAccess.build/Debug-iphonesimulator/KeychainAccess.build/Objects-normal/arm64/Binary/KeychainAccess.o normal arm64 (in target 'KeychainAccess' from project 'KeychainAccess')
    cd /Users/aadityasingh/Library/Developer/Xcode/DerivedData/Chatlio-erkyzdeecsohoaggpwbjdvavzqfv/SourcePackages/checkouts/KeychainAccess
    /Applications/Xcode.app/Contents/Developer/Toolchains/XcodeDefault.xctoolchain/usr/bin/clang -Xlinker -reproducible -target arm64-apple-ios12.0-simulator -r -isysroot /Applications/Xcode.app/Contents/Developer/Platforms/iPhoneSimulator.platform/Developer/SDKs/iPhoneSimulator26.4.sdk -O0 -w -F/Users/aadityasingh/Library/Developer/Xcode/DerivedData/Chatlio-erkyzdeecsohoaggpwbjdvavzqfv/Build/Intermediates.noindex/EagerLinkingTBDs/Debug-iphonesimulator -F/Users/aadityasingh/Library/Developer/Xcode/DerivedData/Chatlio-erkyzdeecsohoaggpwbjdvavzqfv/Build/Products/Debug-iphonesimulator -iframework /Applications/Xcode.app/Contents/Developer/Platforms/iPhoneSimulator.platform/Developer/Library/Frameworks -iframework /Applications/Xcode.app/Contents/Developer/Platforms/iPhoneSimulator.platform/Developer/SDKs/iPhoneSimulator26.4.sdk/Developer/Library/Frameworks -filelist /Users/aadityasingh/Library/Developer/Xcode/DerivedData/Chatlio-erkyzdeecsohoaggpwbjdvavzqfv/Build/Intermediates.noindex/KeychainAccess.build/Debug-iphonesimulator/KeychainAccess.build/Objects-normal/arm64/KeychainAccess.LinkFileList -nostdlib -Xlinker -object_path_lto -Xlinker /Users/aadityasingh/Library/Developer/Xcode/DerivedData/Chatlio-erkyzdeecsohoaggpwbjdvavzqfv/Build/Intermediates.noindex/KeychainAccess.build/Debug-iphonesimulator/KeychainAccess.build/Objects-normal/arm64/KeychainAccess_lto.o -Xlinker -no_deduplicate -Xlinker -objc_abi_version -Xlinker 2 -Xlinker -debug_variant -Xlinker -dependency_info -Xlinker /Users/aadityasingh/Library/Developer/Xcode/DerivedData/Chatlio-erkyzdeecsohoaggpwbjdvavzqfv/Build/Intermediates.noindex/KeychainAccess.build/Debug-iphonesimulator/KeychainAccess.build/Objects-normal/arm64/KeychainAccess_dependency_info.dat -fobjc-link-runtime -L/Applications/Xcode.app/Contents/Developer/Toolchains/XcodeDefault.xctoolchain/usr/lib/swift/iphonesimulator -L/usr/lib/swift -Xlinker -add_ast_path -Xlinker /Users/aadityasingh/Library/Developer/Xcode/DerivedData/Chatlio-erkyzdeecsohoaggpwbjdvavzqfv/Build/Intermediates.noindex/KeychainAccess.build/Debug-iphonesimulator/KeychainAccess.build/Objects-normal/arm64/KeychainAccess.swiftmodule @/Users/aadityasingh/Library/Developer/Xcode/DerivedData/Chatlio-erkyzdeecsohoaggpwbjdvavzqfv/Build/Intermediates.noindex/KeychainAccess.build/Debug-iphonesimulator/KeychainAccess.build/Objects-normal/arm64/KeychainAccess-linker-args.resp -o /Users/aadityasingh/Library/Developer/Xcode/DerivedData/Chatlio-erkyzdeecsohoaggpwbjdvavzqfv/Build/Intermediates.noindex/KeychainAccess.build/Debug-iphonesimulator/KeychainAccess.build/Objects-normal/arm64/Binary/KeychainAccess.o

SwiftEmitModule normal x86_64 Emitting\ module\ for\ HTMLParser (in target 'HTMLParser' from project 'WysiwygComposer')

EmitSwiftModule normal x86_64 (in target 'HTMLParser' from project 'WysiwygComposer')
    cd /Users/aadityasingh/Documents/Development/element-x-ios/Chatlio.xcodeproj
    

SwiftDriverJobDiscovery normal arm64 Compiling UnsafeMutableBufferPointer+Extras.swift (in target 'InternalCollectionsUtilities' from project 'swift-collections')

SwiftCompile normal arm64 Compiling\ UnsafeMutableRawBufferPointer+Extras.swift /Users/aadityasingh/Library/Developer/Xcode/DerivedData/Chatlio-erkyzdeecsohoaggpwbjdvavzqfv/SourcePackages/checkouts/swift-collections/Sources/InternalCollectionsUtilities/autogenerated/UnsafeMutableRawBufferPointer+Extras.swift (in target 'InternalCollectionsUtilities' from project 'swift-collections')

SwiftCompile normal arm64 /Users/aadityasingh/Library/Developer/Xcode/DerivedData/Chatlio-erkyzdeecsohoaggpwbjdvavzqfv/SourcePackages/checkouts/swift-collections/Sources/InternalCollectionsUtilities/autogenerated/UnsafeMutableRawBufferPointer+Extras.swift (in target 'InternalCollectionsUtilities' from project 'swift-collections')
    cd /Users/aadityasingh/Documents/Development/element-x-ios/Chatlio.xcodeproj
    

CreateUniversalBinary /Users/aadityasingh/Library/Developer/Xcode/DerivedData/Chatlio-erkyzdeecsohoaggpwbjdvavzqfv/Build/Products/Debug-iphonesimulator/KeychainAccess.o normal arm64\ x86_64 (in target 'KeychainAccess' from project 'KeychainAccess')
    cd /Users/aadityasingh/Library/Developer/Xcode/DerivedData/Chatlio-erkyzdeecsohoaggpwbjdvavzqfv/SourcePackages/checkouts/KeychainAccess
    /Applications/Xcode.app/Contents/Developer/Toolchains/XcodeDefault.xctoolchain/usr/bin/lipo -create /Users/aadityasingh/Library/Developer/Xcode/DerivedData/Chatlio-erkyzdeecsohoaggpwbjdvavzqfv/Build/Intermediates.noindex/KeychainAccess.build/Debug-iphonesimulator/KeychainAccess.build/Objects-normal/arm64/Binary/KeychainAccess.o /Users/aadityasingh/Library/Developer/Xcode/DerivedData/Chatlio-erkyzdeecsohoaggpwbjdvavzqfv/Build/Intermediates.noindex/KeychainAccess.build/Debug-iphonesimulator/KeychainAccess.build/Objects-normal/x86_64/Binary/KeychainAccess.o -output /Users/aadityasingh/Library/Developer/Xcode/DerivedData/Chatlio-erkyzdeecsohoaggpwbjdvavzqfv/Build/Products/Debug-iphonesimulator/KeychainAccess.o

SwiftDriverJobDiscovery normal arm64 Compiling Descriptions.swift (in target 'InternalCollectionsUtilities' from project 'swift-collections')

SwiftCompile normal x86_64 Compiling\ Descriptions.swift /Users/aadityasingh/Library/Developer/Xcode/DerivedData/Chatlio-erkyzdeecsohoaggpwbjdvavzqfv/SourcePackages/checkouts/swift-collections/Sources/InternalCollectionsUtilities/autogenerated/Descriptions.swift (in target 'InternalCollectionsUtilities' from project 'swift-collections')

SwiftCompile normal x86_64 /Users/aadityasingh/Library/Developer/Xcode/DerivedData/Chatlio-erkyzdeecsohoaggpwbjdvavzqfv/SourcePackages/checkouts/swift-collections/Sources/InternalCollectionsUtilities/autogenerated/Descriptions.swift (in target 'InternalCollectionsUtilities' from project 'swift-collections')
    cd /Users/aadityasingh/Documents/Development/element-x-ios/Chatlio.xcodeproj
    

SwiftEmitModule normal arm64 Emitting\ module\ for\ HTMLParser (in target 'HTMLParser' from project 'WysiwygComposer')

EmitSwiftModule normal arm64 (in target 'HTMLParser' from project 'WysiwygComposer')
    cd /Users/aadityasingh/Documents/Development/element-x-ios/Chatlio.xcodeproj
    

SwiftDriverJobDiscovery normal x86_64 Compiling _UniqueCollection.swift, Debugging.swift (in target 'InternalCollectionsUtilities' from project 'swift-collections')

SwiftCompile normal x86_64 Compiling\ UnsafeMutableBufferPointer+Extras.swift /Users/aadityasingh/Library/Developer/Xcode/DerivedData/Chatlio-erkyzdeecsohoaggpwbjdvavzqfv/SourcePackages/checkouts/swift-collections/Sources/InternalCollectionsUtilities/autogenerated/UnsafeMutableBufferPointer+Extras.swift (in target 'InternalCollectionsUtilities' from project 'swift-collections')

SwiftCompile normal x86_64 /Users/aadityasingh/Library/Developer/Xcode/DerivedData/Chatlio-erkyzdeecsohoaggpwbjdvavzqfv/SourcePackages/checkouts/swift-collections/Sources/InternalCollectionsUtilities/autogenerated/UnsafeMutableBufferPointer+Extras.swift (in target 'InternalCollectionsUtilities' from project 'swift-collections')
    cd /Users/aadityasingh/Documents/Development/element-x-ios/Chatlio.xcodeproj
    

SwiftDriverJobDiscovery normal arm64 Compiling UnsafeMutableRawBufferPointer+Extras.swift (in target 'InternalCollectionsUtilities' from project 'swift-collections')

SwiftCompile normal x86_64 Compiling\ UInt+first\ and\ last\ set\ bit.swift,\ UInt+reversed.swift /Users/aadityasingh/Library/Developer/Xcode/DerivedData/Chatlio-erkyzdeecsohoaggpwbjdvavzqfv/SourcePackages/checkouts/swift-collections/Sources/InternalCollectionsUtilities/IntegerTricks/autogenerated/UInt+first\ and\ last\ set\ bit.swift /Users/aadityasingh/Library/Developer/Xcode/DerivedData/Chatlio-erkyzdeecsohoaggpwbjdvavzqfv/SourcePackages/checkouts/swift-collections/Sources/InternalCollectionsUtilities/IntegerTricks/autogenerated/UInt+reversed.swift (in target 'InternalCollectionsUtilities' from project 'swift-collections')

SwiftCompile normal x86_64 /Users/aadityasingh/Library/Developer/Xcode/DerivedData/Chatlio-erkyzdeecsohoaggpwbjdvavzqfv/SourcePackages/checkouts/swift-collections/Sources/InternalCollectionsUtilities/IntegerTricks/autogenerated/UInt+first\ and\ last\ set\ bit.swift (in target 'InternalCollectionsUtilities' from project 'swift-collections')
    cd /Users/aadityasingh/Documents/Development/element-x-ios/Chatlio.xcodeproj
    

SwiftCompile normal x86_64 /Users/aadityasingh/Library/Developer/Xcode/DerivedData/Chatlio-erkyzdeecsohoaggpwbjdvavzqfv/SourcePackages/checkouts/swift-collections/Sources/InternalCollectionsUtilities/IntegerTricks/autogenerated/UInt+reversed.swift (in target 'InternalCollectionsUtilities' from project 'swift-collections')
    cd /Users/aadityasingh/Documents/Development/element-x-ios/Chatlio.xcodeproj
    

SwiftCompile normal arm64 Compiling\ _UniqueCollection.swift,\ Debugging.swift /Users/aadityasingh/Library/Developer/Xcode/DerivedData/Chatlio-erkyzdeecsohoaggpwbjdvavzqfv/SourcePackages/checkouts/swift-collections/Sources/InternalCollectionsUtilities/_UniqueCollection.swift /Users/aadityasingh/Library/Developer/Xcode/DerivedData/Chatlio-erkyzdeecsohoaggpwbjdvavzqfv/SourcePackages/checkouts/swift-collections/Sources/InternalCollectionsUtilities/autogenerated/Debugging.swift (in target 'InternalCollectionsUtilities' from project 'swift-collections')

SwiftCompile normal arm64 /Users/aadityasingh/Library/Developer/Xcode/DerivedData/Chatlio-erkyzdeecsohoaggpwbjdvavzqfv/SourcePackages/checkouts/swift-collections/Sources/InternalCollectionsUtilities/_UniqueCollection.swift (in target 'InternalCollectionsUtilities' from project 'swift-collections')
    cd /Users/aadityasingh/Documents/Development/element-x-ios/Chatlio.xcodeproj
    

SwiftCompile normal arm64 /Users/aadityasingh/Library/Developer/Xcode/DerivedData/Chatlio-erkyzdeecsohoaggpwbjdvavzqfv/SourcePackages/checkouts/swift-collections/Sources/InternalCollectionsUtilities/autogenerated/Debugging.swift (in target 'InternalCollectionsUtilities' from project 'swift-collections')
    cd /Users/aadityasingh/Documents/Development/element-x-ios/Chatlio.xcodeproj
    

SwiftDriverJobDiscovery normal x86_64 Compiling resource_bundle_accessor.swift, CacheSerializer.swift, DiskStorage.swift, FormatIndicatedCacheSerializer.swift, ImageCache.swift, MemoryStorage.swift (in target 'Kingfisher' from project 'Kingfisher')

SwiftDriver\ Compilation Kingfisher normal x86_64 com.apple.xcode.tools.swift.compiler (in target 'Kingfisher' from project 'Kingfisher')
    cd /Users/aadityasingh/Documents/Development/element-x-ios/Chatlio.xcodeproj
    builtin-Swift-Compilation -- /Applications/Xcode.app/Contents/Developer/Toolchains/XcodeDefault.xctoolchain/usr/bin/swiftc -module-name Kingfisher -Onone @/Users/aadityasingh/Library/Developer/Xcode/DerivedData/Chatlio-erkyzdeecsohoaggpwbjdvavzqfv/Build/Intermediates.noindex/Kingfisher.build/Debug-iphonesimulator/Kingfisher.build/Objects-normal/x86_64/Kingfisher.SwiftFileList -DSWIFT_PACKAGE -DDEBUG -DSWIFT_MODULE_RESOURCE_BUNDLE_AVAILABLE -DXcode -plugin-path /Applications/Xcode.app/Contents/Developer/Toolchains/XcodeDefault.xctoolchain/usr/lib/swift/host/plugins/testing -enable-experimental-feature DebugDescriptionMacro -sdk /Applications/Xcode.app/Contents/Developer/Platforms/iPhoneSimulator.platform/Developer/SDKs/iPhoneSimulator26.4.sdk -target x86_64-apple-ios13.0-simulator -g -module-cache-path /Users/aadityasingh/Library/Developer/Xcode/DerivedData/ModuleCache.noindex -Xfrontend -serialize-debugging-options -profile-coverage-mapping -profile-generate -enable-testing -suppress-warnings -index-store-path /Users/aadityasingh/Library/Developer/Xcode/DerivedData/Chatlio-erkyzdeecsohoaggpwbjdvavzqfv/Index.noindex/DataStore -Xcc -D_LIBCPP_HARDENING_MODE\=_LIBCPP_HARDENING_MODE_DEBUG -swift-version 5 -I /Users/aadityasingh/Library/Developer/Xcode/DerivedData/Chatlio-erkyzdeecsohoaggpwbjdvavzqfv/Build/Products/Debug-iphonesimulator -Isystem /Applications/Xcode.app/Contents/Developer/Platforms/iPhoneSimulator.platform/Developer/usr/lib -F /Users/aadityasingh/Library/Developer/Xcode/DerivedData/Chatlio-erkyzdeecsohoaggpwbjdvavzqfv/Build/Products/Debug-iphonesimulator -F /Applications/Xcode.app/Contents/Developer/Platforms/iPhoneSimulator.platform/Developer/Library/Frameworks -F /Applications/Xcode.app/Contents/Developer/Platforms/iPhoneSimulator.platform/Developer/SDKs/iPhoneSimulator26.4.sdk/Developer/Library/Frameworks -c -j12 -enable-batch-mode -incremental -Xcc -ivfsstatcache -Xcc /Users/aadityasingh/Library/Developer/Xcode/DerivedData/SDKStatCaches.noindex/iphonesimulator26.4-23E252-686eebb5dc1d8ecb277353a59184f4aa.sdkstatcache -output-file-map /Users/aadityasingh/Library/Developer/Xcode/DerivedData/Chatlio-erkyzdeecsohoaggpwbjdvavzqfv/Build/Intermediates.noindex/Kingfisher.build/Debug-iphonesimulator/Kingfisher.build/Objects-normal/x86_64/Kingfisher-OutputFileMap.json -use-frontend-parseable-output -save-temps -no-color-diagnostics -explicit-module-build -module-cache-path /Users/aadityasingh/Library/Developer/Xcode/DerivedData/Chatlio-erkyzdeecsohoaggpwbjdvavzqfv/Build/Intermediates.noindex/SwiftExplicitPrecompiledModules -clang-scanner-module-cache-path /Users/aadityasingh/Library/Developer/Xcode/DerivedData/ModuleCache.noindex -sdk-module-cache-path /Users/aadityasingh/Library/Developer/Xcode/DerivedData/ModuleCache.noindex -serialize-diagnostics -emit-dependencies -emit-module -emit-module-path /Users/aadityasingh/Library/Developer/Xcode/DerivedData/Chatlio-erkyzdeecsohoaggpwbjdvavzqfv/Build/Intermediates.noindex/Kingfisher.build/Debug-iphonesimulator/Kingfisher.build/Objects-normal/x86_64/Kingfisher.swiftmodule -validate-clang-modules-once -clang-build-session-file /Users/aadityasingh/Library/Developer/Xcode/DerivedData/ModuleCache.noindex/Session.modulevalidation -package-name kingfisher -Xcc -I/Users/aadityasingh/Library/Developer/Xcode/DerivedData/Chatlio-erkyzdeecsohoaggpwbjdvavzqfv/Build/Intermediates.noindex/Kingfisher.build/Debug-iphonesimulator/Kingfisher.build/swift-overrides.hmap -emit-const-values -Xfrontend -const-gather-protocols-file -Xfrontend /Users/aadityasingh/Library/Developer/Xcode/DerivedData/Chatlio-erkyzdeecsohoaggpwbjdvavzqfv/Build/Intermediates.noindex/Kingfisher.build/Debug-iphonesimulator/Kingfisher.build/Objects-normal/x86_64/Kingfisher_const_extract_protocols.json -Xcc -I/Users/aadityasingh/Library/Developer/Xcode/DerivedData/Chatlio-erkyzdeecsohoaggpwbjdvavzqfv/Build/Products/Debug-iphonesimulator/include -Xcc -I/Users/aadityasingh/Library/Developer/Xcode/DerivedData/Chatlio-erkyzdeecsohoaggpwbjdvavzqfv/Build/Intermediates.noindex/Kingfisher.build/Debug-iphonesimulator/Kingfisher.build/DerivedSources-normal/x86_64 -Xcc -I/Users/aadityasingh/Library/Developer/Xcode/DerivedData/Chatlio-erkyzdeecsohoaggpwbjdvavzqfv/Build/Intermediates.noindex/Kingfisher.build/Debug-iphonesimulator/Kingfisher.build/DerivedSources/x86_64 -Xcc -I/Users/aadityasingh/Library/Developer/Xcode/DerivedData/Chatlio-erkyzdeecsohoaggpwbjdvavzqfv/Build/Intermediates.noindex/Kingfisher.build/Debug-iphonesimulator/Kingfisher.build/DerivedSources -Xcc -DSWIFT_PACKAGE -Xcc -DDEBUG\=1 -emit-objc-header -emit-objc-header-path /Users/aadityasingh/Library/Developer/Xcode/DerivedData/Chatlio-erkyzdeecsohoaggpwbjdvavzqfv/Build/Intermediates.noindex/Kingfisher.build/Debug-iphonesimulator/Kingfisher.build/Objects-normal/x86_64/Kingfisher-Swift.h -working-directory /Users/aadityasingh/Documents/Development/element-x-ios/Chatlio.xcodeproj -experimental-emit-module-separately -disable-cmo

SwiftDriverJobDiscovery normal x86_64 Compiling FixedWidthInteger+roundUpToPowerOfTwo.swift, Integer rank.swift (in target 'InternalCollectionsUtilities' from project 'swift-collections')

SwiftCompile normal arm64 Compiling\ UnsafeRawBufferPointer+Extras.swift /Users/aadityasingh/Library/Developer/Xcode/DerivedData/Chatlio-erkyzdeecsohoaggpwbjdvavzqfv/SourcePackages/checkouts/swift-collections/Sources/InternalCollectionsUtilities/autogenerated/UnsafeRawBufferPointer+Extras.swift (in target 'InternalCollectionsUtilities' from project 'swift-collections')

SwiftCompile normal arm64 /Users/aadityasingh/Library/Developer/Xcode/DerivedData/Chatlio-erkyzdeecsohoaggpwbjdvavzqfv/SourcePackages/checkouts/swift-collections/Sources/InternalCollectionsUtilities/autogenerated/UnsafeRawBufferPointer+Extras.swift (in target 'InternalCollectionsUtilities' from project 'swift-collections')
    cd /Users/aadityasingh/Documents/Development/element-x-ios/Chatlio.xcodeproj
    

SwiftCompile normal arm64 Compiling\ LifetimeOverride.swift /Users/aadityasingh/Library/Developer/Xcode/DerivedData/Chatlio-erkyzdeecsohoaggpwbjdvavzqfv/SourcePackages/checkouts/swift-collections/Sources/InternalCollectionsUtilities/autogenerated/LifetimeOverride.swift (in target 'InternalCollectionsUtilities' from project 'swift-collections')

SwiftCompile normal arm64 /Users/aadityasingh/Library/Developer/Xcode/DerivedData/Chatlio-erkyzdeecsohoaggpwbjdvavzqfv/SourcePackages/checkouts/swift-collections/Sources/InternalCollectionsUtilities/autogenerated/LifetimeOverride.swift (in target 'InternalCollectionsUtilities' from project 'swift-collections')
    cd /Users/aadityasingh/Documents/Development/element-x-ios/Chatlio.xcodeproj
    

SwiftDriverJobDiscovery normal x86_64 Compiling Descriptions.swift (in target 'InternalCollectionsUtilities' from project 'swift-collections')

SwiftCompile normal arm64 Compiling\ UnsafeBufferPointer+Extras.swift /Users/aadityasingh/Library/Developer/Xcode/DerivedData/Chatlio-erkyzdeecsohoaggpwbjdvavzqfv/SourcePackages/checkouts/swift-collections/Sources/InternalCollectionsUtilities/autogenerated/UnsafeBufferPointer+Extras.swift (in target 'InternalCollectionsUtilities' from project 'swift-collections')

SwiftCompile normal arm64 /Users/aadityasingh/Library/Developer/Xcode/DerivedData/Chatlio-erkyzdeecsohoaggpwbjdvavzqfv/SourcePackages/checkouts/swift-collections/Sources/InternalCollectionsUtilities/autogenerated/UnsafeBufferPointer+Extras.swift (in target 'InternalCollectionsUtilities' from project 'swift-collections')
    cd /Users/aadityasingh/Documents/Development/element-x-ios/Chatlio.xcodeproj
    

SwiftDriverJobDiscovery normal arm64 Compiling _UniqueCollection.swift, Debugging.swift (in target 'InternalCollectionsUtilities' from project 'swift-collections')

SwiftCompile normal x86_64 Compiling\ UnsafeBufferPointer+Extras.swift /Users/aadityasingh/Library/Developer/Xcode/DerivedData/Chatlio-erkyzdeecsohoaggpwbjdvavzqfv/SourcePackages/checkouts/swift-collections/Sources/InternalCollectionsUtilities/autogenerated/UnsafeBufferPointer+Extras.swift (in target 'InternalCollectionsUtilities' from project 'swift-collections')

SwiftCompile normal x86_64 /Users/aadityasingh/Library/Developer/Xcode/DerivedData/Chatlio-erkyzdeecsohoaggpwbjdvavzqfv/SourcePackages/checkouts/swift-collections/Sources/InternalCollectionsUtilities/autogenerated/UnsafeBufferPointer+Extras.swift (in target 'InternalCollectionsUtilities' from project 'swift-collections')
    cd /Users/aadityasingh/Documents/Development/element-x-ios/Chatlio.xcodeproj
    

SwiftDriverJobDiscovery normal x86_64 Emitting module for HTMLParser (in target 'HTMLParser' from project 'WysiwygComposer')

SwiftDriver\ Compilation\ Requirements HTMLParser normal x86_64 com.apple.xcode.tools.swift.compiler (in target 'HTMLParser' from project 'WysiwygComposer')
    cd /Users/aadityasingh/Documents/Development/element-x-ios/Chatlio.xcodeproj
    builtin-Swift-Compilation-Requirements -- /Applications/Xcode.app/Contents/Developer/Toolchains/XcodeDefault.xctoolchain/usr/bin/swiftc -module-name HTMLParser -Onone @/Users/aadityasingh/Library/Developer/Xcode/DerivedData/Chatlio-erkyzdeecsohoaggpwbjdvavzqfv/Build/Intermediates.noindex/WysiwygComposer.build/Debug-iphonesimulator/HTMLParser.build/Objects-normal/x86_64/HTMLParser.SwiftFileList -DSWIFT_PACKAGE -DDEBUG -DSWIFT_MODULE_RESOURCE_BUNDLE_UNAVAILABLE -Xcc -fmodule-map-file\=/Users/aadityasingh/Library/Developer/Xcode/DerivedData/Chatlio-erkyzdeecsohoaggpwbjdvavzqfv/Build/Intermediates.noindex/GeneratedModuleMaps-iphonesimulator/DTFoundation.modulemap -Xcc -fmodule-map-file\=/Users/aadityasingh/Library/Developer/Xcode/DerivedData/Chatlio-erkyzdeecsohoaggpwbjdvavzqfv/Build/Intermediates.noindex/GeneratedModuleMaps-iphonesimulator/DTCoreText.modulemap -Xcc -fmodule-map-file\=/Users/aadityasingh/Library/Developer/Xcode/DerivedData/Chatlio-erkyzdeecsohoaggpwbjdvavzqfv/Build/Intermediates.noindex/GeneratedModuleMaps-iphonesimulator/DTCoreTextExtended.modulemap -DXcode -plugin-path /Applications/Xcode.app/Contents/Developer/Toolchains/XcodeDefault.xctoolchain/usr/lib/swift/host/plugins/testing -enable-experimental-feature DebugDescriptionMacro -sdk /Applications/Xcode.app/Contents/Developer/Platforms/iPhoneSimulator.platform/Developer/SDKs/iPhoneSimulator26.4.sdk -target x86_64-apple-ios15.0-simulator -g -module-cache-path /Users/aadityasingh/Library/Developer/Xcode/DerivedData/ModuleCache.noindex -Xfrontend -serialize-debugging-options -profile-coverage-mapping -profile-generate -enable-testing -suppress-warnings -index-store-path /Users/aadityasingh/Library/Developer/Xcode/DerivedData/Chatlio-erkyzdeecsohoaggpwbjdvavzqfv/Index.noindex/DataStore -Xcc -D_LIBCPP_HARDENING_MODE\=_LIBCPP_HARDENING_MODE_DEBUG -swift-version 5 -I /Users/aadityasingh/Library/Developer/Xcode/DerivedData/Chatlio-erkyzdeecsohoaggpwbjdvavzqfv/Build/Products/Debug-iphonesimulator -Isystem /Applications/Xcode.app/Contents/Developer/Platforms/iPhoneSimulator.platform/Developer/usr/lib -F /Users/aadityasingh/Library/Developer/Xcode/DerivedData/Chatlio-erkyzdeecsohoaggpwbjdvavzqfv/Build/Products/Debug-iphonesimulator/PackageFrameworks -F /Users/aadityasingh/Library/Developer/Xcode/DerivedData/Chatlio-erkyzdeecsohoaggpwbjdvavzqfv/Build/Products/Debug-iphonesimulator/PackageFrameworks -F /Users/aadityasingh/Library/Developer/Xcode/DerivedData/Chatlio-erkyzdeecsohoaggpwbjdvavzqfv/Build/Products/Debug-iphonesimulator/PackageFrameworks -F /Users/aadityasingh/Library/Developer/Xcode/DerivedData/Chatlio-erkyzdeecsohoaggpwbjdvavzqfv/Build/Products/Debug-iphonesimulator -F /Applications/Xcode.app/Contents/Developer/Platforms/iPhoneSimulator.platform/Developer/Library/Frameworks -F /Applications/Xcode.app/Contents/Developer/Platforms/iPhoneSimulator.platform/Developer/SDKs/iPhoneSimulator26.4.sdk/Developer/Library/Frameworks -c -j12 -enable-batch-mode -incremental -Xcc -ivfsstatcache -Xcc /Users/aadityasingh/Library/Developer/Xcode/DerivedData/SDKStatCaches.noindex/iphonesimulator26.4-23E252-686eebb5dc1d8ecb277353a59184f4aa.sdkstatcache -output-file-map /Users/aadityasingh/Library/Developer/Xcode/DerivedData/Chatlio-erkyzdeecsohoaggpwbjdvavzqfv/Build/Intermediates.noindex/WysiwygComposer.build/Debug-iphonesimulator/HTMLParser.build/Objects-normal/x86_64/HTMLParser-OutputFileMap.json -use-frontend-parseable-output -save-temps -no-color-diagnostics -explicit-module-build -module-cache-path /Users/aadityasingh/Library/Developer/Xcode/DerivedData/Chatlio-erkyzdeecsohoaggpwbjdvavzqfv/Build/Intermediates.noindex/SwiftExplicitPrecompiledModules -clang-scanner-module-cache-path /Users/aadityasingh/Library/Developer/Xcode/DerivedData/ModuleCache.noindex -sdk-module-cache-path /Users/aadityasingh/Library/Developer/Xcode/DerivedData/ModuleCache.noindex -serialize-diagnostics -emit-dependencies -emit-module -emit-module-path /Users/aadityasingh/Library/Developer/Xcode/DerivedData/Chatlio-erkyzdeecsohoaggpwbjdvavzqfv/Build/Intermediates.noindex/WysiwygComposer.build/Debug-iphonesimulator/HTMLParser.build/Objects-normal/x86_64/HTMLParser.swiftmodule -validate-clang-modules-once -clang-build-session-file /Users/aadityasingh/Library/Developer/Xcode/DerivedData/ModuleCache.noindex/Session.modulevalidation -Xcc -I/Users/aadityasingh/Library/Developer/Xcode/DerivedData/Chatlio-erkyzdeecsohoaggpwbjdvavzqfv/Build/Intermediates.noindex/WysiwygComposer.build/Debug-iphonesimulator/HTMLParser.build/swift-overrides.hmap -emit-const-values -Xfrontend -const-gather-protocols-file -Xfrontend /Users/aadityasingh/Library/Developer/Xcode/DerivedData/Chatlio-erkyzdeecsohoaggpwbjdvavzqfv/Build/Intermediates.noindex/WysiwygComposer.build/Debug-iphonesimulator/HTMLParser.build/Objects-normal/x86_64/HTMLParser_const_extract_protocols.json -Xcc -I/Users/aadityasingh/Library/Developer/Xcode/DerivedData/Chatlio-erkyzdeecsohoaggpwbjdvavzqfv/SourcePackages/checkouts/DTFoundation/Core/include -Xcc -I/Users/aadityasingh/Library/Developer/Xcode/DerivedData/Chatlio-erkyzdeecsohoaggpwbjdvavzqfv/SourcePackages/checkouts/DTCoreText/Core/include -Xcc -I/Users/aadityasingh/Library/Developer/Xcode/DerivedData/Chatlio-erkyzdeecsohoaggpwbjdvavzqfv/SourcePackages/checkouts/matrix-rich-text-editor-swift/Sources/DTCoreTextExtended/include -Xcc -I/Users/aadityasingh/Library/Developer/Xcode/DerivedData/Chatlio-erkyzdeecsohoaggpwbjdvavzqfv/Build/Products/Debug-iphonesimulator/include -Xcc -I/Users/aadityasingh/Library/Developer/Xcode/DerivedData/Chatlio-erkyzdeecsohoaggpwbjdvavzqfv/Build/Intermediates.noindex/WysiwygComposer.build/Debug-iphonesimulator/HTMLParser.build/DerivedSources-normal/x86_64 -Xcc -I/Users/aadityasingh/Library/Developer/Xcode/DerivedData/Chatlio-erkyzdeecsohoaggpwbjdvavzqfv/Build/Intermediates.noindex/WysiwygComposer.build/Debug-iphonesimulator/HTMLParser.build/DerivedSources/x86_64 -Xcc -I/Users/aadityasingh/Library/Developer/Xcode/DerivedData/Chatlio-erkyzdeecsohoaggpwbjdvavzqfv/Build/Intermediates.noindex/WysiwygComposer.build/Debug-iphonesimulator/HTMLParser.build/DerivedSources -Xcc -DSWIFT_PACKAGE -Xcc -DDEBUG\=1 -emit-objc-header -emit-objc-header-path /Users/aadityasingh/Library/Developer/Xcode/DerivedData/Chatlio-erkyzdeecsohoaggpwbjdvavzqfv/Build/Intermediates.noindex/WysiwygComposer.build/Debug-iphonesimulator/HTMLParser.build/Objects-normal/x86_64/HTMLParser-Swift.h -working-directory /Users/aadityasingh/Documents/Development/element-x-ios/Chatlio.xcodeproj -experimental-emit-module-separately -disable-cmo

SwiftDriverJobDiscovery normal arm64 Compiling _UnsafeBitSet+Index.swift, _UnsafeBitSet+_Word.swift (in target 'InternalCollectionsUtilities' from project 'swift-collections')

SwiftCompile normal x86_64 Compiling\ _UnsafeBitSet.swift,\ _SortedCollection.swift /Users/aadityasingh/Library/Developer/Xcode/DerivedData/Chatlio-erkyzdeecsohoaggpwbjdvavzqfv/SourcePackages/checkouts/swift-collections/Sources/InternalCollectionsUtilities/UnsafeBitSet/autogenerated/_UnsafeBitSet.swift /Users/aadityasingh/Library/Developer/Xcode/DerivedData/Chatlio-erkyzdeecsohoaggpwbjdvavzqfv/SourcePackages/checkouts/swift-collections/Sources/InternalCollectionsUtilities/_SortedCollection.swift (in target 'InternalCollectionsUtilities' from project 'swift-collections')

SwiftCompile normal x86_64 /Users/aadityasingh/Library/Developer/Xcode/DerivedData/Chatlio-erkyzdeecsohoaggpwbjdvavzqfv/SourcePackages/checkouts/swift-collections/Sources/InternalCollectionsUtilities/UnsafeBitSet/autogenerated/_UnsafeBitSet.swift (in target 'InternalCollectionsUtilities' from project 'swift-collections')
    cd /Users/aadityasingh/Documents/Development/element-x-ios/Chatlio.xcodeproj
    

SwiftCompile normal x86_64 /Users/aadityasingh/Library/Developer/Xcode/DerivedData/Chatlio-erkyzdeecsohoaggpwbjdvavzqfv/SourcePackages/checkouts/swift-collections/Sources/InternalCollectionsUtilities/_SortedCollection.swift (in target 'InternalCollectionsUtilities' from project 'swift-collections')
    cd /Users/aadityasingh/Documents/Development/element-x-ios/Chatlio.xcodeproj
    

SwiftDriverJobDiscovery normal x86_64 Compiling _UnsafeBitSet+Index.swift, _UnsafeBitSet+_Word.swift (in target 'InternalCollectionsUtilities' from project 'swift-collections')

Copy /Users/aadityasingh/Library/Developer/Xcode/DerivedData/Chatlio-erkyzdeecsohoaggpwbjdvavzqfv/Build/Products/Debug-iphonesimulator/HTMLParser.swiftmodule/x86_64-apple-ios-simulator.swiftmodule /Users/aadityasingh/Library/Developer/Xcode/DerivedData/Chatlio-erkyzdeecsohoaggpwbjdvavzqfv/Build/Intermediates.noindex/WysiwygComposer.build/Debug-iphonesimulator/HTMLParser.build/Objects-normal/x86_64/HTMLParser.swiftmodule (in target 'HTMLParser' from project 'WysiwygComposer')
    cd /Users/aadityasingh/Library/Developer/Xcode/DerivedData/Chatlio-erkyzdeecsohoaggpwbjdvavzqfv/SourcePackages/checkouts/matrix-rich-text-editor-swift
    builtin-copy -exclude .DS_Store -exclude CVS -exclude .svn -exclude .git -exclude .hg -resolve-src-symlinks -rename /Users/aadityasingh/Library/Developer/Xcode/DerivedData/Chatlio-erkyzdeecsohoaggpwbjdvavzqfv/Build/Intermediates.noindex/WysiwygComposer.build/Debug-iphonesimulator/HTMLParser.build/Objects-normal/x86_64/HTMLParser.swiftmodule /Users/aadityasingh/Library/Developer/Xcode/DerivedData/Chatlio-erkyzdeecsohoaggpwbjdvavzqfv/Build/Products/Debug-iphonesimulator/HTMLParser.swiftmodule/x86_64-apple-ios-simulator.swiftmodule

Copy /Users/aadityasingh/Library/Developer/Xcode/DerivedData/Chatlio-erkyzdeecsohoaggpwbjdvavzqfv/Build/Products/Debug-iphonesimulator/HTMLParser.swiftmodule/x86_64-apple-ios-simulator.swiftdoc /Users/aadityasingh/Library/Developer/Xcode/DerivedData/Chatlio-erkyzdeecsohoaggpwbjdvavzqfv/Build/Intermediates.noindex/WysiwygComposer.build/Debug-iphonesimulator/HTMLParser.build/Objects-normal/x86_64/HTMLParser.swiftdoc (in target 'HTMLParser' from project 'WysiwygComposer')
    cd /Users/aadityasingh/Library/Developer/Xcode/DerivedData/Chatlio-erkyzdeecsohoaggpwbjdvavzqfv/SourcePackages/checkouts/matrix-rich-text-editor-swift
    builtin-copy -exclude .DS_Store -exclude CVS -exclude .svn -exclude .git -exclude .hg -resolve-src-symlinks -rename /Users/aadityasingh/Library/Developer/Xcode/DerivedData/Chatlio-erkyzdeecsohoaggpwbjdvavzqfv/Build/Intermediates.noindex/WysiwygComposer.build/Debug-iphonesimulator/HTMLParser.build/Objects-normal/x86_64/HTMLParser.swiftdoc /Users/aadityasingh/Library/Developer/Xcode/DerivedData/Chatlio-erkyzdeecsohoaggpwbjdvavzqfv/Build/Products/Debug-iphonesimulator/HTMLParser.swiftmodule/x86_64-apple-ios-simulator.swiftdoc

Copy /Users/aadityasingh/Library/Developer/Xcode/DerivedData/Chatlio-erkyzdeecsohoaggpwbjdvavzqfv/Build/Products/Debug-iphonesimulator/HTMLParser.swiftmodule/x86_64-apple-ios-simulator.abi.json /Users/aadityasingh/Library/Developer/Xcode/DerivedData/Chatlio-erkyzdeecsohoaggpwbjdvavzqfv/Build/Intermediates.noindex/WysiwygComposer.build/Debug-iphonesimulator/HTMLParser.build/Objects-normal/x86_64/HTMLParser.abi.json (in target 'HTMLParser' from project 'WysiwygComposer')
    cd /Users/aadityasingh/Library/Developer/Xcode/DerivedData/Chatlio-erkyzdeecsohoaggpwbjdvavzqfv/SourcePackages/checkouts/matrix-rich-text-editor-swift
    builtin-copy -exclude .DS_Store -exclude CVS -exclude .svn -exclude .git -exclude .hg -resolve-src-symlinks -rename /Users/aadityasingh/Library/Developer/Xcode/DerivedData/Chatlio-erkyzdeecsohoaggpwbjdvavzqfv/Build/Intermediates.noindex/WysiwygComposer.build/Debug-iphonesimulator/HTMLParser.build/Objects-normal/x86_64/HTMLParser.abi.json /Users/aadityasingh/Library/Developer/Xcode/DerivedData/Chatlio-erkyzdeecsohoaggpwbjdvavzqfv/Build/Products/Debug-iphonesimulator/HTMLParser.swiftmodule/x86_64-apple-ios-simulator.abi.json

Copy /Users/aadityasingh/Library/Developer/Xcode/DerivedData/Chatlio-erkyzdeecsohoaggpwbjdvavzqfv/Build/Products/Debug-iphonesimulator/HTMLParser.swiftmodule/Project/x86_64-apple-ios-simulator.swiftsourceinfo /Users/aadityasingh/Library/Developer/Xcode/DerivedData/Chatlio-erkyzdeecsohoaggpwbjdvavzqfv/Build/Intermediates.noindex/WysiwygComposer.build/Debug-iphonesimulator/HTMLParser.build/Objects-normal/x86_64/HTMLParser.swiftsourceinfo (in target 'HTMLParser' from project 'WysiwygComposer')
    cd /Users/aadityasingh/Library/Developer/Xcode/DerivedData/Chatlio-erkyzdeecsohoaggpwbjdvavzqfv/SourcePackages/checkouts/matrix-rich-text-editor-swift
    builtin-copy -exclude .DS_Store -exclude CVS -exclude .svn -exclude .git -exclude .hg -resolve-src-symlinks -rename /Users/aadityasingh/Library/Developer/Xcode/DerivedData/Chatlio-erkyzdeecsohoaggpwbjdvavzqfv/Build/Intermediates.noindex/WysiwygComposer.build/Debug-iphonesimulator/HTMLParser.build/Objects-normal/x86_64/HTMLParser.swiftsourceinfo /Users/aadityasingh/Library/Developer/Xcode/DerivedData/Chatlio-erkyzdeecsohoaggpwbjdvavzqfv/Build/Products/Debug-iphonesimulator/HTMLParser.swiftmodule/Project/x86_64-apple-ios-simulator.swiftsourceinfo

SwiftCompile normal arm64 Compiling\ NSAttributedString+Range.swift,\ NSAttributedString.Key.swift /Users/aadityasingh/Library/Developer/Xcode/DerivedData/Chatlio-erkyzdeecsohoaggpwbjdvavzqfv/SourcePackages/checkouts/matrix-rich-text-editor-swift/Sources/HTMLParser/Extensions/NSAttributedString+Range.swift /Users/aadityasingh/Library/Developer/Xcode/DerivedData/Chatlio-erkyzdeecsohoaggpwbjdvavzqfv/SourcePackages/checkouts/matrix-rich-text-editor-swift/Sources/HTMLParser/Extensions/NSAttributedString.Key.swift (in target 'HTMLParser' from project 'WysiwygComposer')

SwiftCompile normal arm64 /Users/aadityasingh/Library/Developer/Xcode/DerivedData/Chatlio-erkyzdeecsohoaggpwbjdvavzqfv/SourcePackages/checkouts/matrix-rich-text-editor-swift/Sources/HTMLParser/Extensions/NSAttributedString+Range.swift (in target 'HTMLParser' from project 'WysiwygComposer')
    cd /Users/aadityasingh/Documents/Development/element-x-ios/Chatlio.xcodeproj
    

SwiftCompile normal arm64 /Users/aadityasingh/Library/Developer/Xcode/DerivedData/Chatlio-erkyzdeecsohoaggpwbjdvavzqfv/SourcePackages/checkouts/matrix-rich-text-editor-swift/Sources/HTMLParser/Extensions/NSAttributedString.Key.swift (in target 'HTMLParser' from project 'WysiwygComposer')
    cd /Users/aadityasingh/Documents/Development/element-x-ios/Chatlio.xcodeproj
    

SwiftCompile normal x86_64 Compiling\ HTMLParserStyle.swift /Users/aadityasingh/Library/Developer/Xcode/DerivedData/Chatlio-erkyzdeecsohoaggpwbjdvavzqfv/SourcePackages/checkouts/matrix-rich-text-editor-swift/Sources/HTMLParser/HTMLParserStyle.swift (in target 'HTMLParser' from project 'WysiwygComposer')

SwiftCompile normal x86_64 /Users/aadityasingh/Library/Developer/Xcode/DerivedData/Chatlio-erkyzdeecsohoaggpwbjdvavzqfv/SourcePackages/checkouts/matrix-rich-text-editor-swift/Sources/HTMLParser/HTMLParserStyle.swift (in target 'HTMLParser' from project 'WysiwygComposer')
    cd /Users/aadityasingh/Documents/Development/element-x-ios/Chatlio.xcodeproj
    

SwiftDriverJobDiscovery normal arm64 Emitting module for HTMLParser (in target 'HTMLParser' from project 'WysiwygComposer')

SwiftCompile normal x86_64 Compiling\ NSAttributedString+Range.swift,\ NSAttributedString.Key.swift /Users/aadityasingh/Library/Developer/Xcode/DerivedData/Chatlio-erkyzdeecsohoaggpwbjdvavzqfv/SourcePackages/checkouts/matrix-rich-text-editor-swift/Sources/HTMLParser/Extensions/NSAttributedString+Range.swift /Users/aadityasingh/Library/Developer/Xcode/DerivedData/Chatlio-erkyzdeecsohoaggpwbjdvavzqfv/SourcePackages/checkouts/matrix-rich-text-editor-swift/Sources/HTMLParser/Extensions/NSAttributedString.Key.swift (in target 'HTMLParser' from project 'WysiwygComposer')

SwiftCompile normal x86_64 /Users/aadityasingh/Library/Developer/Xcode/DerivedData/Chatlio-erkyzdeecsohoaggpwbjdvavzqfv/SourcePackages/checkouts/matrix-rich-text-editor-swift/Sources/HTMLParser/Extensions/NSAttributedString+Range.swift (in target 'HTMLParser' from project 'WysiwygComposer')
    cd /Users/aadityasingh/Documents/Development/element-x-ios/Chatlio.xcodeproj
    

SwiftCompile normal x86_64 /Users/aadityasingh/Library/Developer/Xcode/DerivedData/Chatlio-erkyzdeecsohoaggpwbjdvavzqfv/SourcePackages/checkouts/matrix-rich-text-editor-swift/Sources/HTMLParser/Extensions/NSAttributedString.Key.swift (in target 'HTMLParser' from project 'WysiwygComposer')
    cd /Users/aadityasingh/Documents/Development/element-x-ios/Chatlio.xcodeproj
    

SwiftDriverJobDiscovery normal arm64 Compiling _UnsafeBitSet.swift, _SortedCollection.swift (in target 'InternalCollectionsUtilities' from project 'swift-collections')

SwiftDriver\ Compilation\ Requirements HTMLParser normal arm64 com.apple.xcode.tools.swift.compiler (in target 'HTMLParser' from project 'WysiwygComposer')
    cd /Users/aadityasingh/Documents/Development/element-x-ios/Chatlio.xcodeproj
    builtin-Swift-Compilation-Requirements -- /Applications/Xcode.app/Contents/Developer/Toolchains/XcodeDefault.xctoolchain/usr/bin/swiftc -module-name HTMLParser -Onone @/Users/aadityasingh/Library/Developer/Xcode/DerivedData/Chatlio-erkyzdeecsohoaggpwbjdvavzqfv/Build/Intermediates.noindex/WysiwygComposer.build/Debug-iphonesimulator/HTMLParser.build/Objects-normal/arm64/HTMLParser.SwiftFileList -DSWIFT_PACKAGE -DDEBUG -DSWIFT_MODULE_RESOURCE_BUNDLE_UNAVAILABLE -Xcc -fmodule-map-file\=/Users/aadityasingh/Library/Developer/Xcode/DerivedData/Chatlio-erkyzdeecsohoaggpwbjdvavzqfv/Build/Intermediates.noindex/GeneratedModuleMaps-iphonesimulator/DTFoundation.modulemap -Xcc -fmodule-map-file\=/Users/aadityasingh/Library/Developer/Xcode/DerivedData/Chatlio-erkyzdeecsohoaggpwbjdvavzqfv/Build/Intermediates.noindex/GeneratedModuleMaps-iphonesimulator/DTCoreText.modulemap -Xcc -fmodule-map-file\=/Users/aadityasingh/Library/Developer/Xcode/DerivedData/Chatlio-erkyzdeecsohoaggpwbjdvavzqfv/Build/Intermediates.noindex/GeneratedModuleMaps-iphonesimulator/DTCoreTextExtended.modulemap -DXcode -plugin-path /Applications/Xcode.app/Contents/Developer/Toolchains/XcodeDefault.xctoolchain/usr/lib/swift/host/plugins/testing -enable-experimental-feature DebugDescriptionMacro -sdk /Applications/Xcode.app/Contents/Developer/Platforms/iPhoneSimulator.platform/Developer/SDKs/iPhoneSimulator26.4.sdk -target arm64-apple-ios15.0-simulator -g -module-cache-path /Users/aadityasingh/Library/Developer/Xcode/DerivedData/ModuleCache.noindex -Xfrontend -serialize-debugging-options -profile-coverage-mapping -profile-generate -enable-testing -suppress-warnings -index-store-path /Users/aadityasingh/Library/Developer/Xcode/DerivedData/Chatlio-erkyzdeecsohoaggpwbjdvavzqfv/Index.noindex/DataStore -Xcc -D_LIBCPP_HARDENING_MODE\=_LIBCPP_HARDENING_MODE_DEBUG -swift-version 5 -I /Users/aadityasingh/Library/Developer/Xcode/DerivedData/Chatlio-erkyzdeecsohoaggpwbjdvavzqfv/Build/Products/Debug-iphonesimulator -Isystem /Applications/Xcode.app/Contents/Developer/Platforms/iPhoneSimulator.platform/Developer/usr/lib -F /Users/aadityasingh/Library/Developer/Xcode/DerivedData/Chatlio-erkyzdeecsohoaggpwbjdvavzqfv/Build/Products/Debug-iphonesimulator/PackageFrameworks -F /Users/aadityasingh/Library/Developer/Xcode/DerivedData/Chatlio-erkyzdeecsohoaggpwbjdvavzqfv/Build/Products/Debug-iphonesimulator/PackageFrameworks -F /Users/aadityasingh/Library/Developer/Xcode/DerivedData/Chatlio-erkyzdeecsohoaggpwbjdvavzqfv/Build/Products/Debug-iphonesimulator/PackageFrameworks -F /Users/aadityasingh/Library/Developer/Xcode/DerivedData/Chatlio-erkyzdeecsohoaggpwbjdvavzqfv/Build/Products/Debug-iphonesimulator -F /Applications/Xcode.app/Contents/Developer/Platforms/iPhoneSimulator.platform/Developer/Library/Frameworks -F /Applications/Xcode.app/Contents/Developer/Platforms/iPhoneSimulator.platform/Developer/SDKs/iPhoneSimulator26.4.sdk/Developer/Library/Frameworks -c -j12 -enable-batch-mode -incremental -Xcc -ivfsstatcache -Xcc /Users/aadityasingh/Library/Developer/Xcode/DerivedData/SDKStatCaches.noindex/iphonesimulator26.4-23E252-686eebb5dc1d8ecb277353a59184f4aa.sdkstatcache -output-file-map /Users/aadityasingh/Library/Developer/Xcode/DerivedData/Chatlio-erkyzdeecsohoaggpwbjdvavzqfv/Build/Intermediates.noindex/WysiwygComposer.build/Debug-iphonesimulator/HTMLParser.build/Objects-normal/arm64/HTMLParser-OutputFileMap.json -use-frontend-parseable-output -save-temps -no-color-diagnostics -explicit-module-build -module-cache-path /Users/aadityasingh/Library/Developer/Xcode/DerivedData/Chatlio-erkyzdeecsohoaggpwbjdvavzqfv/Build/Intermediates.noindex/SwiftExplicitPrecompiledModules -clang-scanner-module-cache-path /Users/aadityasingh/Library/Developer/Xcode/DerivedData/ModuleCache.noindex -sdk-module-cache-path /Users/aadityasingh/Library/Developer/Xcode/DerivedData/ModuleCache.noindex -serialize-diagnostics -emit-dependencies -emit-module -emit-module-path /Users/aadityasingh/Library/Developer/Xcode/DerivedData/Chatlio-erkyzdeecsohoaggpwbjdvavzqfv/Build/Intermediates.noindex/WysiwygComposer.build/Debug-iphonesimulator/HTMLParser.build/Objects-normal/arm64/HTMLParser.swiftmodule -validate-clang-modules-once -clang-build-session-file /Users/aadityasingh/Library/Developer/Xcode/DerivedData/ModuleCache.noindex/Session.modulevalidation -Xcc -I/Users/aadityasingh/Library/Developer/Xcode/DerivedData/Chatlio-erkyzdeecsohoaggpwbjdvavzqfv/Build/Intermediates.noindex/WysiwygComposer.build/Debug-iphonesimulator/HTMLParser.build/swift-overrides.hmap -emit-const-values -Xfrontend -const-gather-protocols-file -Xfrontend /Users/aadityasingh/Library/Developer/Xcode/DerivedData/Chatlio-erkyzdeecsohoaggpwbjdvavzqfv/Build/Intermediates.noindex/WysiwygComposer.build/Debug-iphonesimulator/HTMLParser.build/Objects-normal/arm64/HTMLParser_const_extract_protocols.json -Xcc -I/Users/aadityasingh/Library/Developer/Xcode/DerivedData/Chatlio-erkyzdeecsohoaggpwbjdvavzqfv/SourcePackages/checkouts/DTFoundation/Core/include -Xcc -I/Users/aadityasingh/Library/Developer/Xcode/DerivedData/Chatlio-erkyzdeecsohoaggpwbjdvavzqfv/SourcePackages/checkouts/DTCoreText/Core/include -Xcc -I/Users/aadityasingh/Library/Developer/Xcode/DerivedData/Chatlio-erkyzdeecsohoaggpwbjdvavzqfv/SourcePackages/checkouts/matrix-rich-text-editor-swift/Sources/DTCoreTextExtended/include -Xcc -I/Users/aadityasingh/Library/Developer/Xcode/DerivedData/Chatlio-erkyzdeecsohoaggpwbjdvavzqfv/Build/Products/Debug-iphonesimulator/include -Xcc -I/Users/aadityasingh/Library/Developer/Xcode/DerivedData/Chatlio-erkyzdeecsohoaggpwbjdvavzqfv/Build/Intermediates.noindex/WysiwygComposer.build/Debug-iphonesimulator/HTMLParser.build/DerivedSources-normal/arm64 -Xcc -I/Users/aadityasingh/Library/Developer/Xcode/DerivedData/Chatlio-erkyzdeecsohoaggpwbjdvavzqfv/Build/Intermediates.noindex/WysiwygComposer.build/Debug-iphonesimulator/HTMLParser.build/DerivedSources/arm64 -Xcc -I/Users/aadityasingh/Library/Developer/Xcode/DerivedData/Chatlio-erkyzdeecsohoaggpwbjdvavzqfv/Build/Intermediates.noindex/WysiwygComposer.build/Debug-iphonesimulator/HTMLParser.build/DerivedSources -Xcc -DSWIFT_PACKAGE -Xcc -DDEBUG\=1 -emit-objc-header -emit-objc-header-path /Users/aadityasingh/Library/Developer/Xcode/DerivedData/Chatlio-erkyzdeecsohoaggpwbjdvavzqfv/Build/Intermediates.noindex/WysiwygComposer.build/Debug-iphonesimulator/HTMLParser.build/Objects-normal/arm64/HTMLParser-Swift.h -working-directory /Users/aadityasingh/Documents/Development/element-x-ios/Chatlio.xcodeproj -experimental-emit-module-separately -disable-cmo

SwiftDriverJobDiscovery normal arm64 Compiling LifetimeOverride.swift (in target 'InternalCollectionsUtilities' from project 'swift-collections')

SwiftCompile normal arm64 Compiling\ HTMLParserStyle.swift /Users/aadityasingh/Library/Developer/Xcode/DerivedData/Chatlio-erkyzdeecsohoaggpwbjdvavzqfv/SourcePackages/checkouts/matrix-rich-text-editor-swift/Sources/HTMLParser/HTMLParserStyle.swift (in target 'HTMLParser' from project 'WysiwygComposer')

SwiftCompile normal arm64 /Users/aadityasingh/Library/Developer/Xcode/DerivedData/Chatlio-erkyzdeecsohoaggpwbjdvavzqfv/SourcePackages/checkouts/matrix-rich-text-editor-swift/Sources/HTMLParser/HTMLParserStyle.swift (in target 'HTMLParser' from project 'WysiwygComposer')
    cd /Users/aadityasingh/Documents/Development/element-x-ios/Chatlio.xcodeproj
    

SwiftMergeGeneratedHeaders /Users/aadityasingh/Library/Developer/Xcode/DerivedData/Chatlio-erkyzdeecsohoaggpwbjdvavzqfv/Build/Intermediates.noindex/GeneratedModuleMaps-iphonesimulator/HTMLParser-Swift.h /Users/aadityasingh/Library/Developer/Xcode/DerivedData/Chatlio-erkyzdeecsohoaggpwbjdvavzqfv/Build/Intermediates.noindex/WysiwygComposer.build/Debug-iphonesimulator/HTMLParser.build/Objects-normal/arm64/HTMLParser-Swift.h /Users/aadityasingh/Library/Developer/Xcode/DerivedData/Chatlio-erkyzdeecsohoaggpwbjdvavzqfv/Build/Intermediates.noindex/WysiwygComposer.build/Debug-iphonesimulator/HTMLParser.build/Objects-normal/x86_64/HTMLParser-Swift.h (in target 'HTMLParser' from project 'WysiwygComposer')
    cd /Users/aadityasingh/Library/Developer/Xcode/DerivedData/Chatlio-erkyzdeecsohoaggpwbjdvavzqfv/SourcePackages/checkouts/matrix-rich-text-editor-swift
    builtin-swiftHeaderTool -arch arm64 /Users/aadityasingh/Library/Developer/Xcode/DerivedData/Chatlio-erkyzdeecsohoaggpwbjdvavzqfv/Build/Intermediates.noindex/WysiwygComposer.build/Debug-iphonesimulator/HTMLParser.build/Objects-normal/arm64/HTMLParser-Swift.h -arch x86_64 /Users/aadityasingh/Library/Developer/Xcode/DerivedData/Chatlio-erkyzdeecsohoaggpwbjdvavzqfv/Build/Intermediates.noindex/WysiwygComposer.build/Debug-iphonesimulator/HTMLParser.build/Objects-normal/x86_64/HTMLParser-Swift.h -o /Users/aadityasingh/Library/Developer/Xcode/DerivedData/Chatlio-erkyzdeecsohoaggpwbjdvavzqfv/Build/Intermediates.noindex/GeneratedModuleMaps-iphonesimulator/HTMLParser-Swift.h

Copy /Users/aadityasingh/Library/Developer/Xcode/DerivedData/Chatlio-erkyzdeecsohoaggpwbjdvavzqfv/Build/Products/Debug-iphonesimulator/HTMLParser.swiftmodule/arm64-apple-ios-simulator.swiftmodule /Users/aadityasingh/Library/Developer/Xcode/DerivedData/Chatlio-erkyzdeecsohoaggpwbjdvavzqfv/Build/Intermediates.noindex/WysiwygComposer.build/Debug-iphonesimulator/HTMLParser.build/Objects-normal/arm64/HTMLParser.swiftmodule (in target 'HTMLParser' from project 'WysiwygComposer')
    cd /Users/aadityasingh/Library/Developer/Xcode/DerivedData/Chatlio-erkyzdeecsohoaggpwbjdvavzqfv/SourcePackages/checkouts/matrix-rich-text-editor-swift
    builtin-copy -exclude .DS_Store -exclude CVS -exclude .svn -exclude .git -exclude .hg -resolve-src-symlinks -rename /Users/aadityasingh/Library/Developer/Xcode/DerivedData/Chatlio-erkyzdeecsohoaggpwbjdvavzqfv/Build/Intermediates.noindex/WysiwygComposer.build/Debug-iphonesimulator/HTMLParser.build/Objects-normal/arm64/HTMLParser.swiftmodule /Users/aadityasingh/Library/Developer/Xcode/DerivedData/Chatlio-erkyzdeecsohoaggpwbjdvavzqfv/Build/Products/Debug-iphonesimulator/HTMLParser.swiftmodule/arm64-apple-ios-simulator.swiftmodule

Copy /Users/aadityasingh/Library/Developer/Xcode/DerivedData/Chatlio-erkyzdeecsohoaggpwbjdvavzqfv/Build/Products/Debug-iphonesimulator/HTMLParser.swiftmodule/arm64-apple-ios-simulator.swiftdoc /Users/aadityasingh/Library/Developer/Xcode/DerivedData/Chatlio-erkyzdeecsohoaggpwbjdvavzqfv/Build/Intermediates.noindex/WysiwygComposer.build/Debug-iphonesimulator/HTMLParser.build/Objects-normal/arm64/HTMLParser.swiftdoc (in target 'HTMLParser' from project 'WysiwygComposer')
    cd /Users/aadityasingh/Library/Developer/Xcode/DerivedData/Chatlio-erkyzdeecsohoaggpwbjdvavzqfv/SourcePackages/checkouts/matrix-rich-text-editor-swift
    builtin-copy -exclude .DS_Store -exclude CVS -exclude .svn -exclude .git -exclude .hg -resolve-src-symlinks -rename /Users/aadityasingh/Library/Developer/Xcode/DerivedData/Chatlio-erkyzdeecsohoaggpwbjdvavzqfv/Build/Intermediates.noindex/WysiwygComposer.build/Debug-iphonesimulator/HTMLParser.build/Objects-normal/arm64/HTMLParser.swiftdoc /Users/aadityasingh/Library/Developer/Xcode/DerivedData/Chatlio-erkyzdeecsohoaggpwbjdvavzqfv/Build/Products/Debug-iphonesimulator/HTMLParser.swiftmodule/arm64-apple-ios-simulator.swiftdoc

Copy /Users/aadityasingh/Library/Developer/Xcode/DerivedData/Chatlio-erkyzdeecsohoaggpwbjdvavzqfv/Build/Products/Debug-iphonesimulator/HTMLParser.swiftmodule/arm64-apple-ios-simulator.abi.json /Users/aadityasingh/Library/Developer/Xcode/DerivedData/Chatlio-erkyzdeecsohoaggpwbjdvavzqfv/Build/Intermediates.noindex/WysiwygComposer.build/Debug-iphonesimulator/HTMLParser.build/Objects-normal/arm64/HTMLParser.abi.json (in target 'HTMLParser' from project 'WysiwygComposer')
    cd /Users/aadityasingh/Library/Developer/Xcode/DerivedData/Chatlio-erkyzdeecsohoaggpwbjdvavzqfv/SourcePackages/checkouts/matrix-rich-text-editor-swift
    builtin-copy -exclude .DS_Store -exclude CVS -exclude .svn -exclude .git -exclude .hg -resolve-src-symlinks -rename /Users/aadityasingh/Library/Developer/Xcode/DerivedData/Chatlio-erkyzdeecsohoaggpwbjdvavzqfv/Build/Intermediates.noindex/WysiwygComposer.build/Debug-iphonesimulator/HTMLParser.build/Objects-normal/arm64/HTMLParser.abi.json /Users/aadityasingh/Library/Developer/Xcode/DerivedData/Chatlio-erkyzdeecsohoaggpwbjdvavzqfv/Build/Products/Debug-iphonesimulator/HTMLParser.swiftmodule/arm64-apple-ios-simulator.abi.json

Copy /Users/aadityasingh/Library/Developer/Xcode/DerivedData/Chatlio-erkyzdeecsohoaggpwbjdvavzqfv/Build/Products/Debug-iphonesimulator/HTMLParser.swiftmodule/Project/arm64-apple-ios-simulator.swiftsourceinfo /Users/aadityasingh/Library/Developer/Xcode/DerivedData/Chatlio-erkyzdeecsohoaggpwbjdvavzqfv/Build/Intermediates.noindex/WysiwygComposer.build/Debug-iphonesimulator/HTMLParser.build/Objects-normal/arm64/HTMLParser.swiftsourceinfo (in target 'HTMLParser' from project 'WysiwygComposer')
    cd /Users/aadityasingh/Library/Developer/Xcode/DerivedData/Chatlio-erkyzdeecsohoaggpwbjdvavzqfv/SourcePackages/checkouts/matrix-rich-text-editor-swift
    builtin-copy -exclude .DS_Store -exclude CVS -exclude .svn -exclude .git -exclude .hg -resolve-src-symlinks -rename /Users/aadityasingh/Library/Developer/Xcode/DerivedData/Chatlio-erkyzdeecsohoaggpwbjdvavzqfv/Build/Intermediates.noindex/WysiwygComposer.build/Debug-iphonesimulator/HTMLParser.build/Objects-normal/arm64/HTMLParser.swiftsourceinfo /Users/aadityasingh/Library/Developer/Xcode/DerivedData/Chatlio-erkyzdeecsohoaggpwbjdvavzqfv/Build/Products/Debug-iphonesimulator/HTMLParser.swiftmodule/Project/arm64-apple-ios-simulator.swiftsourceinfo

SwiftCompile normal arm64 Compiling\ PlaceholderTextHTMLElement.swift,\ NSAttributedString+Attributes.swift /Users/aadityasingh/Library/Developer/Xcode/DerivedData/Chatlio-erkyzdeecsohoaggpwbjdvavzqfv/SourcePackages/checkouts/matrix-rich-text-editor-swift/Sources/HTMLParser/Extensions/DTCoreText/PlaceholderTextHTMLElement.swift /Users/aadityasingh/Library/Developer/Xcode/DerivedData/Chatlio-erkyzdeecsohoaggpwbjdvavzqfv/SourcePackages/checkouts/matrix-rich-text-editor-swift/Sources/HTMLParser/Extensions/NSAttributedString+Attributes.swift (in target 'HTMLParser' from project 'WysiwygComposer')

SwiftCompile normal arm64 /Users/aadityasingh/Library/Developer/Xcode/DerivedData/Chatlio-erkyzdeecsohoaggpwbjdvavzqfv/SourcePackages/checkouts/matrix-rich-text-editor-swift/Sources/HTMLParser/Extensions/DTCoreText/PlaceholderTextHTMLElement.swift (in target 'HTMLParser' from project 'WysiwygComposer')
    cd /Users/aadityasingh/Documents/Development/element-x-ios/Chatlio.xcodeproj
    

SwiftCompile normal arm64 /Users/aadityasingh/Library/Developer/Xcode/DerivedData/Chatlio-erkyzdeecsohoaggpwbjdvavzqfv/SourcePackages/checkouts/matrix-rich-text-editor-swift/Sources/HTMLParser/Extensions/NSAttributedString+Attributes.swift (in target 'HTMLParser' from project 'WysiwygComposer')
    cd /Users/aadityasingh/Documents/Development/element-x-ios/Chatlio.xcodeproj
    

SwiftDriverJobDiscovery normal x86_64 Compiling UInt+first and last set bit.swift, UInt+reversed.swift (in target 'InternalCollectionsUtilities' from project 'swift-collections')

SwiftCompile normal arm64 Compiling\ UIColor.swift,\ UITextView.swift /Users/aadityasingh/Library/Developer/Xcode/DerivedData/Chatlio-erkyzdeecsohoaggpwbjdvavzqfv/SourcePackages/checkouts/matrix-rich-text-editor-swift/Sources/HTMLParser/Extensions/UIColor.swift /Users/aadityasingh/Library/Developer/Xcode/DerivedData/Chatlio-erkyzdeecsohoaggpwbjdvavzqfv/SourcePackages/checkouts/matrix-rich-text-editor-swift/Sources/HTMLParser/Extensions/UITextView.swift (in target 'HTMLParser' from project 'WysiwygComposer')

SwiftCompile normal arm64 /Users/aadityasingh/Library/Developer/Xcode/DerivedData/Chatlio-erkyzdeecsohoaggpwbjdvavzqfv/SourcePackages/checkouts/matrix-rich-text-editor-swift/Sources/HTMLParser/Extensions/UIColor.swift (in target 'HTMLParser' from project 'WysiwygComposer')
    cd /Users/aadityasingh/Documents/Development/element-x-ios/Chatlio.xcodeproj
    

SwiftCompile normal arm64 /Users/aadityasingh/Library/Developer/Xcode/DerivedData/Chatlio-erkyzdeecsohoaggpwbjdvavzqfv/SourcePackages/checkouts/matrix-rich-text-editor-swift/Sources/HTMLParser/Extensions/UITextView.swift (in target 'HTMLParser' from project 'WysiwygComposer')
    cd /Users/aadityasingh/Documents/Development/element-x-ios/Chatlio.xcodeproj
    

SwiftDriverJobDiscovery normal x86_64 Compiling UnsafeMutableBufferPointer+Extras.swift (in target 'InternalCollectionsUtilities' from project 'swift-collections')

SwiftCompile normal x86_64 Compiling\ PlaceholderTextHTMLElement.swift,\ NSAttributedString+Attributes.swift /Users/aadityasingh/Library/Developer/Xcode/DerivedData/Chatlio-erkyzdeecsohoaggpwbjdvavzqfv/SourcePackages/checkouts/matrix-rich-text-editor-swift/Sources/HTMLParser/Extensions/DTCoreText/PlaceholderTextHTMLElement.swift /Users/aadityasingh/Library/Developer/Xcode/DerivedData/Chatlio-erkyzdeecsohoaggpwbjdvavzqfv/SourcePackages/checkouts/matrix-rich-text-editor-swift/Sources/HTMLParser/Extensions/NSAttributedString+Attributes.swift (in target 'HTMLParser' from project 'WysiwygComposer')

SwiftCompile normal x86_64 /Users/aadityasingh/Library/Developer/Xcode/DerivedData/Chatlio-erkyzdeecsohoaggpwbjdvavzqfv/SourcePackages/checkouts/matrix-rich-text-editor-swift/Sources/HTMLParser/Extensions/DTCoreText/PlaceholderTextHTMLElement.swift (in target 'HTMLParser' from project 'WysiwygComposer')
    cd /Users/aadityasingh/Documents/Development/element-x-ios/Chatlio.xcodeproj
    

SwiftCompile normal x86_64 /Users/aadityasingh/Library/Developer/Xcode/DerivedData/Chatlio-erkyzdeecsohoaggpwbjdvavzqfv/SourcePackages/checkouts/matrix-rich-text-editor-swift/Sources/HTMLParser/Extensions/NSAttributedString+Attributes.swift (in target 'HTMLParser' from project 'WysiwygComposer')
    cd /Users/aadityasingh/Documents/Development/element-x-ios/Chatlio.xcodeproj
    

SwiftDriverJobDiscovery normal arm64 Compiling UnsafeRawBufferPointer+Extras.swift (in target 'InternalCollectionsUtilities' from project 'swift-collections')

SwiftCompile normal arm64 Compiling\ MentionReplacement.swift /Users/aadityasingh/Library/Developer/Xcode/DerivedData/Chatlio-erkyzdeecsohoaggpwbjdvavzqfv/SourcePackages/checkouts/matrix-rich-text-editor-swift/Sources/HTMLParser/MentionReplacement.swift (in target 'HTMLParser' from project 'WysiwygComposer')

SwiftCompile normal arm64 /Users/aadityasingh/Library/Developer/Xcode/DerivedData/Chatlio-erkyzdeecsohoaggpwbjdvavzqfv/SourcePackages/checkouts/matrix-rich-text-editor-swift/Sources/HTMLParser/MentionReplacement.swift (in target 'HTMLParser' from project 'WysiwygComposer')
    cd /Users/aadityasingh/Documents/Development/element-x-ios/Chatlio.xcodeproj
    

SwiftDriverJobDiscovery normal arm64 Compiling UnsafeBufferPointer+Extras.swift (in target 'InternalCollectionsUtilities' from project 'swift-collections')

SwiftDriverJobDiscovery normal x86_64 Compiling UnsafeBufferPointer+Extras.swift (in target 'InternalCollectionsUtilities' from project 'swift-collections')

SwiftDriver\ Compilation InternalCollectionsUtilities normal arm64 com.apple.xcode.tools.swift.compiler (in target 'InternalCollectionsUtilities' from project 'swift-collections')
    cd /Users/aadityasingh/Documents/Development/element-x-ios/Chatlio.xcodeproj
    builtin-Swift-Compilation -- /Applications/Xcode.app/Contents/Developer/Toolchains/XcodeDefault.xctoolchain/usr/bin/swiftc -module-name InternalCollectionsUtilities -Onone @/Users/aadityasingh/Library/Developer/Xcode/DerivedData/Chatlio-erkyzdeecsohoaggpwbjdvavzqfv/Build/Intermediates.noindex/swift-collections.build/Debug-iphonesimulator/InternalCollectionsUtilities.build/Objects-normal/arm64/InternalCollectionsUtilities.SwiftFileList -DSWIFT_PACKAGE -DDEBUG -DSWIFT_MODULE_RESOURCE_BUNDLE_UNAVAILABLE -DCOLLECTIONS_RANDOMIZED_TESTING -DXcode -enable-experimental-feature AvailabilityMacro\=SwiftStdlib\ 5.0:\ macOS\ 10.14.4,\ iOS\ 12.2,\ watchOS\ 5.2,\ tvOS\ 12.2 -enable-experimental-feature AvailabilityMacro\=SwiftStdlib\ 5.1:\ macOS\ 10.15,\ iOS\ 13.0,\ watchOS\ 6.0,\ tvOS\ 13.0 -enable-experimental-feature AvailabilityMacro\=SwiftStdlib\ 5.6:\ macOS\ 12.3,\ iOS\ 15.4,\ watchOS\ 8.5,\ tvOS\ 15.4 -enable-experimental-feature AvailabilityMacro\=SwiftStdlib\ 5.8:\ macOS\ 13.3,\ iOS\ 16.4,\ watchOS\ 9.4,\ tvOS\ 16.4 -enable-experimental-feature AvailabilityMacro\=SwiftStdlib\ 5.9:\ macOS\ 14.0,\ iOS\ 17.0,\ watchOS\ 10.0,\ tvOS\ 17.0 -enable-experimental-feature AvailabilityMacro\=SwiftStdlib\ 5.10:\ macOS\ 14.4,\ iOS\ 17.4,\ watchOS\ 10.4,\ tvOS\ 17.4,\ visionOS\ 1.1 -enable-experimental-feature AvailabilityMacro\=SwiftStdlib\ 6.0:\ macOS\ 15.0,\ iOS\ 18.0,\ watchOS\ 11.0,\ tvOS\ 18.0,\ visionOS\ 2.0 -enable-experimental-feature AvailabilityMacro\=SwiftStdlib\ 6.1:\ macOS\ 15.4,\ iOS\ 18.4,\ watchOS\ 11.4,\ tvOS\ 18.4,\ visionOS\ 2.4 -enable-experimental-feature AvailabilityMacro\=SwiftStdlib\ 6.2:\ macOS\ 26.0,\ iOS\ 26.0,\ watchOS\ 26.0,\ tvOS\ 26.0,\ visionOS\ 26.0 -enable-upcoming-feature MemberImportVisibility -enable-experimental-feature BuiltinModule -enable-experimental-feature Lifetimes -enable-experimental-feature InoutLifetimeDependence -enable-experimental-feature SuppressedAssociatedTypes -plugin-path /Applications/Xcode.app/Contents/Developer/Toolchains/XcodeDefault.xctoolchain/usr/lib/swift/host/plugins/testing -enable-experimental-feature DebugDescriptionMacro -sdk /Applications/Xcode.app/Contents/Developer/Platforms/iPhoneSimulator.platform/Developer/SDKs/iPhoneSimulator26.4.sdk -target arm64-apple-ios12.0-simulator -g -module-cache-path /Users/aadityasingh/Library/Developer/Xcode/DerivedData/ModuleCache.noindex -Xfrontend -serialize-debugging-options -profile-coverage-mapping -profile-generate -enable-testing -suppress-warnings -index-store-path /Users/aadityasingh/Library/Developer/Xcode/DerivedData/Chatlio-erkyzdeecsohoaggpwbjdvavzqfv/Index.noindex/DataStore -Xcc -D_LIBCPP_HARDENING_MODE\=_LIBCPP_HARDENING_MODE_DEBUG -swift-version 6 -I /Users/aadityasingh/Library/Developer/Xcode/DerivedData/Chatlio-erkyzdeecsohoaggpwbjdvavzqfv/Build/Products/Debug-iphonesimulator -Isystem /Applications/Xcode.app/Contents/Developer/Platforms/iPhoneSimulator.platform/Developer/usr/lib -F /Users/aadityasingh/Library/Developer/Xcode/DerivedData/Chatlio-erkyzdeecsohoaggpwbjdvavzqfv/Build/Products/Debug-iphonesimulator -F /Applications/Xcode.app/Contents/Developer/Platforms/iPhoneSimulator.platform/Developer/Library/Frameworks -F /Applications/Xcode.app/Contents/Developer/Platforms/iPhoneSimulator.platform/Developer/SDKs/iPhoneSimulator26.4.sdk/Developer/Library/Frameworks -c -j12 -enable-batch-mode -incremental -Xcc -ivfsstatcache -Xcc /Users/aadityasingh/Library/Developer/Xcode/DerivedData/SDKStatCaches.noindex/iphonesimulator26.4-23E252-686eebb5dc1d8ecb277353a59184f4aa.sdkstatcache -output-file-map /Users/aadityasingh/Library/Developer/Xcode/DerivedData/Chatlio-erkyzdeecsohoaggpwbjdvavzqfv/Build/Intermediates.noindex/swift-collections.build/Debug-iphonesimulator/InternalCollectionsUtilities.build/Objects-normal/arm64/InternalCollectionsUtilities-OutputFileMap.json -use-frontend-parseable-output -save-temps -no-color-diagnostics -explicit-module-build -module-cache-path /Users/aadityasingh/Library/Developer/Xcode/DerivedData/Chatlio-erkyzdeecsohoaggpwbjdvavzqfv/Build/Intermediates.noindex/SwiftExplicitPrecompiledModules -clang-scanner-module-cache-path /Users/aadityasingh/Library/Developer/Xcode/DerivedData/ModuleCache.noindex -sdk-module-cache-path /Users/aadityasingh/Library/Developer/Xcode/DerivedData/ModuleCache.noindex -serialize-diagnostics -emit-dependencies -emit-module -emit-module-path /Users/aadityasingh/Library/Developer/Xcode/DerivedData/Chatlio-erkyzdeecsohoaggpwbjdvavzqfv/Build/Intermediates.noindex/swift-collections.build/Debug-iphonesimulator/InternalCollectionsUtilities.build/Objects-normal/arm64/InternalCollectionsUtilities.swiftmodule -user-module-version 1.3.0 -validate-clang-modules-once -clang-build-session-file /Users/aadityasingh/Library/Developer/Xcode/DerivedData/ModuleCache.noindex/Session.modulevalidation -package-name swift_collections -Xcc -I/Users/aadityasingh/Library/Developer/Xcode/DerivedData/Chatlio-erkyzdeecsohoaggpwbjdvavzqfv/Build/Intermediates.noindex/swift-collections.build/Debug-iphonesimulator/InternalCollectionsUtilities.build/swift-overrides.hmap -emit-const-values -Xfrontend -const-gather-protocols-file -Xfrontend /Users/aadityasingh/Library/Developer/Xcode/DerivedData/Chatlio-erkyzdeecsohoaggpwbjdvavzqfv/Build/Intermediates.noindex/swift-collections.build/Debug-iphonesimulator/InternalCollectionsUtilities.build/Objects-normal/arm64/InternalCollectionsUtilities_const_extract_protocols.json -Xcc -I/Users/aadityasingh/Library/Developer/Xcode/DerivedData/Chatlio-erkyzdeecsohoaggpwbjdvavzqfv/Build/Products/Debug-iphonesimulator/include -Xcc -I/Users/aadityasingh/Library/Developer/Xcode/DerivedData/Chatlio-erkyzdeecsohoaggpwbjdvavzqfv/Build/Intermediates.noindex/swift-collections.build/Debug-iphonesimulator/InternalCollectionsUtilities.build/DerivedSources-normal/arm64 -Xcc -I/Users/aadityasingh/Library/Developer/Xcode/DerivedData/Chatlio-erkyzdeecsohoaggpwbjdvavzqfv/Build/Intermediates.noindex/swift-collections.build/Debug-iphonesimulator/InternalCollectionsUtilities.build/DerivedSources/arm64 -Xcc -I/Users/aadityasingh/Library/Developer/Xcode/DerivedData/Chatlio-erkyzdeecsohoaggpwbjdvavzqfv/Build/Intermediates.noindex/swift-collections.build/Debug-iphonesimulator/InternalCollectionsUtilities.build/DerivedSources -Xcc -DSWIFT_PACKAGE -Xcc -DDEBUG\=1 -emit-objc-header -emit-objc-header-path /Users/aadityasingh/Library/Developer/Xcode/DerivedData/Chatlio-erkyzdeecsohoaggpwbjdvavzqfv/Build/Intermediates.noindex/swift-collections.build/Debug-iphonesimulator/InternalCollectionsUtilities.build/Objects-normal/arm64/InternalCollectionsUtilities-Swift.h -working-directory /Users/aadityasingh/Documents/Development/element-x-ios/Chatlio.xcodeproj -experimental-emit-module-separately -disable-cmo

SwiftCompile normal arm64 Compiling\ MentionContent.swift /Users/aadityasingh/Library/Developer/Xcode/DerivedData/Chatlio-erkyzdeecsohoaggpwbjdvavzqfv/SourcePackages/checkouts/matrix-rich-text-editor-swift/Sources/HTMLParser/MentionContent.swift (in target 'HTMLParser' from project 'WysiwygComposer')

SwiftCompile normal arm64 /Users/aadityasingh/Library/Developer/Xcode/DerivedData/Chatlio-erkyzdeecsohoaggpwbjdvavzqfv/SourcePackages/checkouts/matrix-rich-text-editor-swift/Sources/HTMLParser/MentionContent.swift (in target 'HTMLParser' from project 'WysiwygComposer')
    cd /Users/aadityasingh/Documents/Development/element-x-ios/Chatlio.xcodeproj
    

SwiftDriverJobDiscovery normal arm64 Compiling MentionReplacement.swift (in target 'HTMLParser' from project 'WysiwygComposer')

SwiftCompile normal arm64 Compiling\ NSMutableAttributedString.swift,\ NSParagraphStyle.swift /Users/aadityasingh/Library/Developer/Xcode/DerivedData/Chatlio-erkyzdeecsohoaggpwbjdvavzqfv/SourcePackages/checkouts/matrix-rich-text-editor-swift/Sources/HTMLParser/Extensions/NSMutableAttributedString.swift /Users/aadityasingh/Library/Developer/Xcode/DerivedData/Chatlio-erkyzdeecsohoaggpwbjdvavzqfv/SourcePackages/checkouts/matrix-rich-text-editor-swift/Sources/HTMLParser/Extensions/NSParagraphStyle.swift (in target 'HTMLParser' from project 'WysiwygComposer')

SwiftCompile normal arm64 /Users/aadityasingh/Library/Developer/Xcode/DerivedData/Chatlio-erkyzdeecsohoaggpwbjdvavzqfv/SourcePackages/checkouts/matrix-rich-text-editor-swift/Sources/HTMLParser/Extensions/NSMutableAttributedString.swift (in target 'HTMLParser' from project 'WysiwygComposer')
    cd /Users/aadityasingh/Documents/Development/element-x-ios/Chatlio.xcodeproj
    

SwiftCompile normal arm64 /Users/aadityasingh/Library/Developer/Xcode/DerivedData/Chatlio-erkyzdeecsohoaggpwbjdvavzqfv/SourcePackages/checkouts/matrix-rich-text-editor-swift/Sources/HTMLParser/Extensions/NSParagraphStyle.swift (in target 'HTMLParser' from project 'WysiwygComposer')
    cd /Users/aadityasingh/Documents/Development/element-x-ios/Chatlio.xcodeproj
    

SwiftDriverJobDiscovery normal x86_64 Compiling HTMLParserStyle.swift (in target 'HTMLParser' from project 'WysiwygComposer')

SwiftCompile normal arm64 Compiling\ HTMLMentionReplacer.swift,\ HTMLParser.swift /Users/aadityasingh/Library/Developer/Xcode/DerivedData/Chatlio-erkyzdeecsohoaggpwbjdvavzqfv/SourcePackages/checkouts/matrix-rich-text-editor-swift/Sources/HTMLParser/HTMLMentionReplacer.swift /Users/aadityasingh/Library/Developer/Xcode/DerivedData/Chatlio-erkyzdeecsohoaggpwbjdvavzqfv/SourcePackages/checkouts/matrix-rich-text-editor-swift/Sources/HTMLParser/HTMLParser.swift (in target 'HTMLParser' from project 'WysiwygComposer')

SwiftCompile normal arm64 /Users/aadityasingh/Library/Developer/Xcode/DerivedData/Chatlio-erkyzdeecsohoaggpwbjdvavzqfv/SourcePackages/checkouts/matrix-rich-text-editor-swift/Sources/HTMLParser/HTMLMentionReplacer.swift (in target 'HTMLParser' from project 'WysiwygComposer')
    cd /Users/aadityasingh/Documents/Development/element-x-ios/Chatlio.xcodeproj
    

SwiftCompile normal arm64 /Users/aadityasingh/Library/Developer/Xcode/DerivedData/Chatlio-erkyzdeecsohoaggpwbjdvavzqfv/SourcePackages/checkouts/matrix-rich-text-editor-swift/Sources/HTMLParser/HTMLParser.swift (in target 'HTMLParser' from project 'WysiwygComposer')
    cd /Users/aadityasingh/Documents/Development/element-x-ios/Chatlio.xcodeproj
    

SwiftCompile normal x86_64 Compiling\ CGRect.swift,\ DTHTMLElement.swift /Users/aadityasingh/Library/Developer/Xcode/DerivedData/Chatlio-erkyzdeecsohoaggpwbjdvavzqfv/SourcePackages/checkouts/matrix-rich-text-editor-swift/Sources/HTMLParser/Extensions/CGRect.swift /Users/aadityasingh/Library/Developer/Xcode/DerivedData/Chatlio-erkyzdeecsohoaggpwbjdvavzqfv/SourcePackages/checkouts/matrix-rich-text-editor-swift/Sources/HTMLParser/Extensions/DTCoreText/DTHTMLElement.swift (in target 'HTMLParser' from project 'WysiwygComposer')

SwiftCompile normal x86_64 /Users/aadityasingh/Library/Developer/Xcode/DerivedData/Chatlio-erkyzdeecsohoaggpwbjdvavzqfv/SourcePackages/checkouts/matrix-rich-text-editor-swift/Sources/HTMLParser/Extensions/CGRect.swift (in target 'HTMLParser' from project 'WysiwygComposer')
    cd /Users/aadityasingh/Documents/Development/element-x-ios/Chatlio.xcodeproj
    

SwiftCompile normal x86_64 /Users/aadityasingh/Library/Developer/Xcode/DerivedData/Chatlio-erkyzdeecsohoaggpwbjdvavzqfv/SourcePackages/checkouts/matrix-rich-text-editor-swift/Sources/HTMLParser/Extensions/DTCoreText/DTHTMLElement.swift (in target 'HTMLParser' from project 'WysiwygComposer')
    cd /Users/aadityasingh/Documents/Development/element-x-ios/Chatlio.xcodeproj
    

SwiftDriverJobDiscovery normal arm64 Compiling MentionContent.swift (in target 'HTMLParser' from project 'WysiwygComposer')

SwiftDriverJobDiscovery normal arm64 Compiling HTMLParserStyle.swift (in target 'HTMLParser' from project 'WysiwygComposer')

SwiftCompile normal arm64 Compiling\ NSRange.swift,\ String+Character.swift /Users/aadityasingh/Library/Developer/Xcode/DerivedData/Chatlio-erkyzdeecsohoaggpwbjdvavzqfv/SourcePackages/checkouts/matrix-rich-text-editor-swift/Sources/HTMLParser/Extensions/NSRange.swift /Users/aadityasingh/Library/Developer/Xcode/DerivedData/Chatlio-erkyzdeecsohoaggpwbjdvavzqfv/SourcePackages/checkouts/matrix-rich-text-editor-swift/Sources/HTMLParser/Extensions/String+Character.swift (in target 'HTMLParser' from project 'WysiwygComposer')

SwiftCompile normal arm64 /Users/aadityasingh/Library/Developer/Xcode/DerivedData/Chatlio-erkyzdeecsohoaggpwbjdvavzqfv/SourcePackages/checkouts/matrix-rich-text-editor-swift/Sources/HTMLParser/Extensions/NSRange.swift (in target 'HTMLParser' from project 'WysiwygComposer')
    cd /Users/aadityasingh/Documents/Development/element-x-ios/Chatlio.xcodeproj
    

SwiftCompile normal arm64 /Users/aadityasingh/Library/Developer/Xcode/DerivedData/Chatlio-erkyzdeecsohoaggpwbjdvavzqfv/SourcePackages/checkouts/matrix-rich-text-editor-swift/Sources/HTMLParser/Extensions/String+Character.swift (in target 'HTMLParser' from project 'WysiwygComposer')
    cd /Users/aadityasingh/Documents/Development/element-x-ios/Chatlio.xcodeproj
    

SwiftCompile normal x86_64 Compiling\ UIColor.swift,\ UITextView.swift /Users/aadityasingh/Library/Developer/Xcode/DerivedData/Chatlio-erkyzdeecsohoaggpwbjdvavzqfv/SourcePackages/checkouts/matrix-rich-text-editor-swift/Sources/HTMLParser/Extensions/UIColor.swift /Users/aadityasingh/Library/Developer/Xcode/DerivedData/Chatlio-erkyzdeecsohoaggpwbjdvavzqfv/SourcePackages/checkouts/matrix-rich-text-editor-swift/Sources/HTMLParser/Extensions/UITextView.swift (in target 'HTMLParser' from project 'WysiwygComposer')

SwiftCompile normal x86_64 /Users/aadityasingh/Library/Developer/Xcode/DerivedData/Chatlio-erkyzdeecsohoaggpwbjdvavzqfv/SourcePackages/checkouts/matrix-rich-text-editor-swift/Sources/HTMLParser/Extensions/UIColor.swift (in target 'HTMLParser' from project 'WysiwygComposer')
    cd /Users/aadityasingh/Documents/Development/element-x-ios/Chatlio.xcodeproj
    

SwiftCompile normal x86_64 /Users/aadityasingh/Library/Developer/Xcode/DerivedData/Chatlio-erkyzdeecsohoaggpwbjdvavzqfv/SourcePackages/checkouts/matrix-rich-text-editor-swift/Sources/HTMLParser/Extensions/UITextView.swift (in target 'HTMLParser' from project 'WysiwygComposer')
    cd /Users/aadityasingh/Documents/Development/element-x-ios/Chatlio.xcodeproj
    

SwiftDriverJobDiscovery normal arm64 Compiling NSRange.swift, String+Character.swift (in target 'HTMLParser' from project 'WysiwygComposer')

SwiftCompile normal x86_64 Compiling\ MentionContent.swift /Users/aadityasingh/Library/Developer/Xcode/DerivedData/Chatlio-erkyzdeecsohoaggpwbjdvavzqfv/SourcePackages/checkouts/matrix-rich-text-editor-swift/Sources/HTMLParser/MentionContent.swift (in target 'HTMLParser' from project 'WysiwygComposer')

SwiftCompile normal x86_64 /Users/aadityasingh/Library/Developer/Xcode/DerivedData/Chatlio-erkyzdeecsohoaggpwbjdvavzqfv/SourcePackages/checkouts/matrix-rich-text-editor-swift/Sources/HTMLParser/MentionContent.swift (in target 'HTMLParser' from project 'WysiwygComposer')
    cd /Users/aadityasingh/Documents/Development/element-x-ios/Chatlio.xcodeproj
    

SwiftDriverJobDiscovery normal x86_64 Compiling _UnsafeBitSet.swift, _SortedCollection.swift (in target 'InternalCollectionsUtilities' from project 'swift-collections')

SwiftDriverJobDiscovery normal arm64 Compiling UIColor.swift, UITextView.swift (in target 'HTMLParser' from project 'WysiwygComposer')

SwiftDriver\ Compilation InternalCollectionsUtilities normal x86_64 com.apple.xcode.tools.swift.compiler (in target 'InternalCollectionsUtilities' from project 'swift-collections')
    cd /Users/aadityasingh/Documents/Development/element-x-ios/Chatlio.xcodeproj
    builtin-Swift-Compilation -- /Applications/Xcode.app/Contents/Developer/Toolchains/XcodeDefault.xctoolchain/usr/bin/swiftc -module-name InternalCollectionsUtilities -Onone @/Users/aadityasingh/Library/Developer/Xcode/DerivedData/Chatlio-erkyzdeecsohoaggpwbjdvavzqfv/Build/Intermediates.noindex/swift-collections.build/Debug-iphonesimulator/InternalCollectionsUtilities.build/Objects-normal/x86_64/InternalCollectionsUtilities.SwiftFileList -DSWIFT_PACKAGE -DDEBUG -DSWIFT_MODULE_RESOURCE_BUNDLE_UNAVAILABLE -DCOLLECTIONS_RANDOMIZED_TESTING -DXcode -enable-experimental-feature AvailabilityMacro\=SwiftStdlib\ 5.0:\ macOS\ 10.14.4,\ iOS\ 12.2,\ watchOS\ 5.2,\ tvOS\ 12.2 -enable-experimental-feature AvailabilityMacro\=SwiftStdlib\ 5.1:\ macOS\ 10.15,\ iOS\ 13.0,\ watchOS\ 6.0,\ tvOS\ 13.0 -enable-experimental-feature AvailabilityMacro\=SwiftStdlib\ 5.6:\ macOS\ 12.3,\ iOS\ 15.4,\ watchOS\ 8.5,\ tvOS\ 15.4 -enable-experimental-feature AvailabilityMacro\=SwiftStdlib\ 5.8:\ macOS\ 13.3,\ iOS\ 16.4,\ watchOS\ 9.4,\ tvOS\ 16.4 -enable-experimental-feature AvailabilityMacro\=SwiftStdlib\ 5.9:\ macOS\ 14.0,\ iOS\ 17.0,\ watchOS\ 10.0,\ tvOS\ 17.0 -enable-experimental-feature AvailabilityMacro\=SwiftStdlib\ 5.10:\ macOS\ 14.4,\ iOS\ 17.4,\ watchOS\ 10.4,\ tvOS\ 17.4,\ visionOS\ 1.1 -enable-experimental-feature AvailabilityMacro\=SwiftStdlib\ 6.0:\ macOS\ 15.0,\ iOS\ 18.0,\ watchOS\ 11.0,\ tvOS\ 18.0,\ visionOS\ 2.0 -enable-experimental-feature AvailabilityMacro\=SwiftStdlib\ 6.1:\ macOS\ 15.4,\ iOS\ 18.4,\ watchOS\ 11.4,\ tvOS\ 18.4,\ visionOS\ 2.4 -enable-experimental-feature AvailabilityMacro\=SwiftStdlib\ 6.2:\ macOS\ 26.0,\ iOS\ 26.0,\ watchOS\ 26.0,\ tvOS\ 26.0,\ visionOS\ 26.0 -enable-upcoming-feature MemberImportVisibility -enable-experimental-feature BuiltinModule -enable-experimental-feature Lifetimes -enable-experimental-feature InoutLifetimeDependence -enable-experimental-feature SuppressedAssociatedTypes -plugin-path /Applications/Xcode.app/Contents/Developer/Toolchains/XcodeDefault.xctoolchain/usr/lib/swift/host/plugins/testing -enable-experimental-feature DebugDescriptionMacro -sdk /Applications/Xcode.app/Contents/Developer/Platforms/iPhoneSimulator.platform/Developer/SDKs/iPhoneSimulator26.4.sdk -target x86_64-apple-ios12.0-simulator -g -module-cache-path /Users/aadityasingh/Library/Developer/Xcode/DerivedData/ModuleCache.noindex -Xfrontend -serialize-debugging-options -profile-coverage-mapping -profile-generate -enable-testing -suppress-warnings -index-store-path /Users/aadityasingh/Library/Developer/Xcode/DerivedData/Chatlio-erkyzdeecsohoaggpwbjdvavzqfv/Index.noindex/DataStore -Xcc -D_LIBCPP_HARDENING_MODE\=_LIBCPP_HARDENING_MODE_DEBUG -swift-version 6 -I /Users/aadityasingh/Library/Developer/Xcode/DerivedData/Chatlio-erkyzdeecsohoaggpwbjdvavzqfv/Build/Products/Debug-iphonesimulator -Isystem /Applications/Xcode.app/Contents/Developer/Platforms/iPhoneSimulator.platform/Developer/usr/lib -F /Users/aadityasingh/Library/Developer/Xcode/DerivedData/Chatlio-erkyzdeecsohoaggpwbjdvavzqfv/Build/Products/Debug-iphonesimulator -F /Applications/Xcode.app/Contents/Developer/Platforms/iPhoneSimulator.platform/Developer/Library/Frameworks -F /Applications/Xcode.app/Contents/Developer/Platforms/iPhoneSimulator.platform/Developer/SDKs/iPhoneSimulator26.4.sdk/Developer/Library/Frameworks -c -j12 -enable-batch-mode -incremental -Xcc -ivfsstatcache -Xcc /Users/aadityasingh/Library/Developer/Xcode/DerivedData/SDKStatCaches.noindex/iphonesimulator26.4-23E252-686eebb5dc1d8ecb277353a59184f4aa.sdkstatcache -output-file-map /Users/aadityasingh/Library/Developer/Xcode/DerivedData/Chatlio-erkyzdeecsohoaggpwbjdvavzqfv/Build/Intermediates.noindex/swift-collections.build/Debug-iphonesimulator/InternalCollectionsUtilities.build/Objects-normal/x86_64/InternalCollectionsUtilities-OutputFileMap.json -use-frontend-parseable-output -save-temps -no-color-diagnostics -explicit-module-build -module-cache-path /Users/aadityasingh/Library/Developer/Xcode/DerivedData/Chatlio-erkyzdeecsohoaggpwbjdvavzqfv/Build/Intermediates.noindex/SwiftExplicitPrecompiledModules -clang-scanner-module-cache-path /Users/aadityasingh/Library/Developer/Xcode/DerivedData/ModuleCache.noindex -sdk-module-cache-path /Users/aadityasingh/Library/Developer/Xcode/DerivedData/ModuleCache.noindex -serialize-diagnostics -emit-dependencies -emit-module -emit-module-path /Users/aadityasingh/Library/Developer/Xcode/DerivedData/Chatlio-erkyzdeecsohoaggpwbjdvavzqfv/Build/Intermediates.noindex/swift-collections.build/Debug-iphonesimulator/InternalCollectionsUtilities.build/Objects-normal/x86_64/InternalCollectionsUtilities.swiftmodule -user-module-version 1.3.0 -validate-clang-modules-once -clang-build-session-file /Users/aadityasingh/Library/Developer/Xcode/DerivedData/ModuleCache.noindex/Session.modulevalidation -package-name swift_collections -Xcc -I/Users/aadityasingh/Library/Developer/Xcode/DerivedData/Chatlio-erkyzdeecsohoaggpwbjdvavzqfv/Build/Intermediates.noindex/swift-collections.build/Debug-iphonesimulator/InternalCollectionsUtilities.build/swift-overrides.hmap -emit-const-values -Xfrontend -const-gather-protocols-file -Xfrontend /Users/aadityasingh/Library/Developer/Xcode/DerivedData/Chatlio-erkyzdeecsohoaggpwbjdvavzqfv/Build/Intermediates.noindex/swift-collections.build/Debug-iphonesimulator/InternalCollectionsUtilities.build/Objects-normal/x86_64/InternalCollectionsUtilities_const_extract_protocols.json -Xcc -I/Users/aadityasingh/Library/Developer/Xcode/DerivedData/Chatlio-erkyzdeecsohoaggpwbjdvavzqfv/Build/Products/Debug-iphonesimulator/include -Xcc -I/Users/aadityasingh/Library/Developer/Xcode/DerivedData/Chatlio-erkyzdeecsohoaggpwbjdvavzqfv/Build/Intermediates.noindex/swift-collections.build/Debug-iphonesimulator/InternalCollectionsUtilities.build/DerivedSources-normal/x86_64 -Xcc -I/Users/aadityasingh/Library/Developer/Xcode/DerivedData/Chatlio-erkyzdeecsohoaggpwbjdvavzqfv/Build/Intermediates.noindex/swift-collections.build/Debug-iphonesimulator/InternalCollectionsUtilities.build/DerivedSources/x86_64 -Xcc -I/Users/aadityasingh/Library/Developer/Xcode/DerivedData/Chatlio-erkyzdeecsohoaggpwbjdvavzqfv/Build/Intermediates.noindex/swift-collections.build/Debug-iphonesimulator/InternalCollectionsUtilities.build/DerivedSources -Xcc -DSWIFT_PACKAGE -Xcc -DDEBUG\=1 -emit-objc-header -emit-objc-header-path /Users/aadityasingh/Library/Developer/Xcode/DerivedData/Chatlio-erkyzdeecsohoaggpwbjdvavzqfv/Build/Intermediates.noindex/swift-collections.build/Debug-iphonesimulator/InternalCollectionsUtilities.build/Objects-normal/x86_64/InternalCollectionsUtilities-Swift.h -working-directory /Users/aadityasingh/Documents/Development/element-x-ios/Chatlio.xcodeproj -experimental-emit-module-separately -disable-cmo

SwiftCompile normal x86_64 Compiling\ NSMutableAttributedString.swift,\ NSParagraphStyle.swift /Users/aadityasingh/Library/Developer/Xcode/DerivedData/Chatlio-erkyzdeecsohoaggpwbjdvavzqfv/SourcePackages/checkouts/matrix-rich-text-editor-swift/Sources/HTMLParser/Extensions/NSMutableAttributedString.swift /Users/aadityasingh/Library/Developer/Xcode/DerivedData/Chatlio-erkyzdeecsohoaggpwbjdvavzqfv/SourcePackages/checkouts/matrix-rich-text-editor-swift/Sources/HTMLParser/Extensions/NSParagraphStyle.swift (in target 'HTMLParser' from project 'WysiwygComposer')

SwiftCompile normal x86_64 /Users/aadityasingh/Library/Developer/Xcode/DerivedData/Chatlio-erkyzdeecsohoaggpwbjdvavzqfv/SourcePackages/checkouts/matrix-rich-text-editor-swift/Sources/HTMLParser/Extensions/NSMutableAttributedString.swift (in target 'HTMLParser' from project 'WysiwygComposer')
    cd /Users/aadityasingh/Documents/Development/element-x-ios/Chatlio.xcodeproj
    

SwiftCompile normal x86_64 /Users/aadityasingh/Library/Developer/Xcode/DerivedData/Chatlio-erkyzdeecsohoaggpwbjdvavzqfv/SourcePackages/checkouts/matrix-rich-text-editor-swift/Sources/HTMLParser/Extensions/NSParagraphStyle.swift (in target 'HTMLParser' from project 'WysiwygComposer')
    cd /Users/aadityasingh/Documents/Development/element-x-ios/Chatlio.xcodeproj
    

SwiftCompile normal x86_64 Compiling\ NSRange.swift,\ String+Character.swift /Users/aadityasingh/Library/Developer/Xcode/DerivedData/Chatlio-erkyzdeecsohoaggpwbjdvavzqfv/SourcePackages/checkouts/matrix-rich-text-editor-swift/Sources/HTMLParser/Extensions/NSRange.swift /Users/aadityasingh/Library/Developer/Xcode/DerivedData/Chatlio-erkyzdeecsohoaggpwbjdvavzqfv/SourcePackages/checkouts/matrix-rich-text-editor-swift/Sources/HTMLParser/Extensions/String+Character.swift (in target 'HTMLParser' from project 'WysiwygComposer')

SwiftCompile normal x86_64 /Users/aadityasingh/Library/Developer/Xcode/DerivedData/Chatlio-erkyzdeecsohoaggpwbjdvavzqfv/SourcePackages/checkouts/matrix-rich-text-editor-swift/Sources/HTMLParser/Extensions/NSRange.swift (in target 'HTMLParser' from project 'WysiwygComposer')
    cd /Users/aadityasingh/Documents/Development/element-x-ios/Chatlio.xcodeproj
    

SwiftCompile normal x86_64 /Users/aadityasingh/Library/Developer/Xcode/DerivedData/Chatlio-erkyzdeecsohoaggpwbjdvavzqfv/SourcePackages/checkouts/matrix-rich-text-editor-swift/Sources/HTMLParser/Extensions/String+Character.swift (in target 'HTMLParser' from project 'WysiwygComposer')
    cd /Users/aadityasingh/Documents/Development/element-x-ios/Chatlio.xcodeproj
    

SwiftDriverJobDiscovery normal x86_64 Compiling MentionContent.swift (in target 'HTMLParser' from project 'WysiwygComposer')

SwiftCompile normal x86_64 Compiling\ BlockStyle.swift,\ BuildHTMLAttributedError.swift /Users/aadityasingh/Library/Developer/Xcode/DerivedData/Chatlio-erkyzdeecsohoaggpwbjdvavzqfv/SourcePackages/checkouts/matrix-rich-text-editor-swift/Sources/HTMLParser/BlockStyle.swift /Users/aadityasingh/Library/Developer/Xcode/DerivedData/Chatlio-erkyzdeecsohoaggpwbjdvavzqfv/SourcePackages/checkouts/matrix-rich-text-editor-swift/Sources/HTMLParser/BuildHTMLAttributedError.swift (in target 'HTMLParser' from project 'WysiwygComposer')

SwiftCompile normal x86_64 /Users/aadityasingh/Library/Developer/Xcode/DerivedData/Chatlio-erkyzdeecsohoaggpwbjdvavzqfv/SourcePackages/checkouts/matrix-rich-text-editor-swift/Sources/HTMLParser/BlockStyle.swift (in target 'HTMLParser' from project 'WysiwygComposer')
    cd /Users/aadityasingh/Documents/Development/element-x-ios/Chatlio.xcodeproj
    

SwiftCompile normal x86_64 /Users/aadityasingh/Library/Developer/Xcode/DerivedData/Chatlio-erkyzdeecsohoaggpwbjdvavzqfv/SourcePackages/checkouts/matrix-rich-text-editor-swift/Sources/HTMLParser/BuildHTMLAttributedError.swift (in target 'HTMLParser' from project 'WysiwygComposer')
    cd /Users/aadityasingh/Documents/Development/element-x-ios/Chatlio.xcodeproj
    

SwiftDriverJobDiscovery normal x86_64 Compiling NSAttributedString+Range.swift, NSAttributedString.Key.swift (in target 'HTMLParser' from project 'WysiwygComposer')

SwiftCompile normal x86_64 Compiling\ HTMLMentionReplacer.swift,\ HTMLParser.swift /Users/aadityasingh/Library/Developer/Xcode/DerivedData/Chatlio-erkyzdeecsohoaggpwbjdvavzqfv/SourcePackages/checkouts/matrix-rich-text-editor-swift/Sources/HTMLParser/HTMLMentionReplacer.swift /Users/aadityasingh/Library/Developer/Xcode/DerivedData/Chatlio-erkyzdeecsohoaggpwbjdvavzqfv/SourcePackages/checkouts/matrix-rich-text-editor-swift/Sources/HTMLParser/HTMLParser.swift (in target 'HTMLParser' from project 'WysiwygComposer')

SwiftCompile normal x86_64 /Users/aadityasingh/Library/Developer/Xcode/DerivedData/Chatlio-erkyzdeecsohoaggpwbjdvavzqfv/SourcePackages/checkouts/matrix-rich-text-editor-swift/Sources/HTMLParser/HTMLMentionReplacer.swift (in target 'HTMLParser' from project 'WysiwygComposer')
    cd /Users/aadityasingh/Documents/Development/element-x-ios/Chatlio.xcodeproj
    

SwiftCompile normal x86_64 /Users/aadityasingh/Library/Developer/Xcode/DerivedData/Chatlio-erkyzdeecsohoaggpwbjdvavzqfv/SourcePackages/checkouts/matrix-rich-text-editor-swift/Sources/HTMLParser/HTMLParser.swift (in target 'HTMLParser' from project 'WysiwygComposer')
    cd /Users/aadityasingh/Documents/Development/element-x-ios/Chatlio.xcodeproj
    

SwiftCompile normal arm64 Compiling\ CGRect.swift,\ DTHTMLElement.swift /Users/aadityasingh/Library/Developer/Xcode/DerivedData/Chatlio-erkyzdeecsohoaggpwbjdvavzqfv/SourcePackages/checkouts/matrix-rich-text-editor-swift/Sources/HTMLParser/Extensions/CGRect.swift /Users/aadityasingh/Library/Developer/Xcode/DerivedData/Chatlio-erkyzdeecsohoaggpwbjdvavzqfv/SourcePackages/checkouts/matrix-rich-text-editor-swift/Sources/HTMLParser/Extensions/DTCoreText/DTHTMLElement.swift (in target 'HTMLParser' from project 'WysiwygComposer')

SwiftCompile normal arm64 /Users/aadityasingh/Library/Developer/Xcode/DerivedData/Chatlio-erkyzdeecsohoaggpwbjdvavzqfv/SourcePackages/checkouts/matrix-rich-text-editor-swift/Sources/HTMLParser/Extensions/CGRect.swift (in target 'HTMLParser' from project 'WysiwygComposer')
    cd /Users/aadityasingh/Documents/Development/element-x-ios/Chatlio.xcodeproj
    

SwiftCompile normal arm64 /Users/aadityasingh/Library/Developer/Xcode/DerivedData/Chatlio-erkyzdeecsohoaggpwbjdvavzqfv/SourcePackages/checkouts/matrix-rich-text-editor-swift/Sources/HTMLParser/Extensions/DTCoreText/DTHTMLElement.swift (in target 'HTMLParser' from project 'WysiwygComposer')
    cd /Users/aadityasingh/Documents/Development/element-x-ios/Chatlio.xcodeproj
    

SwiftDriverJobDiscovery normal x86_64 Compiling PlaceholderTextHTMLElement.swift, NSAttributedString+Attributes.swift (in target 'HTMLParser' from project 'WysiwygComposer')

SwiftDriverJobDiscovery normal arm64 Compiling NSAttributedString+Range.swift, NSAttributedString.Key.swift (in target 'HTMLParser' from project 'WysiwygComposer')

SwiftCompile normal arm64 Compiling\ HTMLParserHelpers.swift /Users/aadityasingh/Library/Developer/Xcode/DerivedData/Chatlio-erkyzdeecsohoaggpwbjdvavzqfv/SourcePackages/checkouts/matrix-rich-text-editor-swift/Sources/HTMLParser/HTMLParserHelpers.swift (in target 'HTMLParser' from project 'WysiwygComposer')

SwiftCompile normal arm64 /Users/aadityasingh/Library/Developer/Xcode/DerivedData/Chatlio-erkyzdeecsohoaggpwbjdvavzqfv/SourcePackages/checkouts/matrix-rich-text-editor-swift/Sources/HTMLParser/HTMLParserHelpers.swift (in target 'HTMLParser' from project 'WysiwygComposer')
    cd /Users/aadityasingh/Documents/Development/element-x-ios/Chatlio.xcodeproj
    

SwiftDriverJobDiscovery normal arm64 Compiling PlaceholderTextHTMLElement.swift, NSAttributedString+Attributes.swift (in target 'HTMLParser' from project 'WysiwygComposer')

SwiftCompile normal x86_64 Compiling\ MentionReplacement.swift /Users/aadityasingh/Library/Developer/Xcode/DerivedData/Chatlio-erkyzdeecsohoaggpwbjdvavzqfv/SourcePackages/checkouts/matrix-rich-text-editor-swift/Sources/HTMLParser/MentionReplacement.swift (in target 'HTMLParser' from project 'WysiwygComposer')

SwiftCompile normal x86_64 /Users/aadityasingh/Library/Developer/Xcode/DerivedData/Chatlio-erkyzdeecsohoaggpwbjdvavzqfv/SourcePackages/checkouts/matrix-rich-text-editor-swift/Sources/HTMLParser/MentionReplacement.swift (in target 'HTMLParser' from project 'WysiwygComposer')
    cd /Users/aadityasingh/Documents/Development/element-x-ios/Chatlio.xcodeproj
    

SwiftDriverJobDiscovery normal arm64 Compiling HTMLMentionReplacer.swift, HTMLParser.swift (in target 'HTMLParser' from project 'WysiwygComposer')

SwiftCompile normal x86_64 Compiling\ HTMLParserHelpers.swift /Users/aadityasingh/Library/Developer/Xcode/DerivedData/Chatlio-erkyzdeecsohoaggpwbjdvavzqfv/SourcePackages/checkouts/matrix-rich-text-editor-swift/Sources/HTMLParser/HTMLParserHelpers.swift (in target 'HTMLParser' from project 'WysiwygComposer')

SwiftCompile normal x86_64 /Users/aadityasingh/Library/Developer/Xcode/DerivedData/Chatlio-erkyzdeecsohoaggpwbjdvavzqfv/SourcePackages/checkouts/matrix-rich-text-editor-swift/Sources/HTMLParser/HTMLParserHelpers.swift (in target 'HTMLParser' from project 'WysiwygComposer')
    cd /Users/aadityasingh/Documents/Development/element-x-ios/Chatlio.xcodeproj
    

SwiftDriverJobDiscovery normal x86_64 Compiling CGRect.swift, DTHTMLElement.swift (in target 'HTMLParser' from project 'WysiwygComposer')

SwiftCompile normal arm64 Compiling\ BlockStyle.swift,\ BuildHTMLAttributedError.swift /Users/aadityasingh/Library/Developer/Xcode/DerivedData/Chatlio-erkyzdeecsohoaggpwbjdvavzqfv/SourcePackages/checkouts/matrix-rich-text-editor-swift/Sources/HTMLParser/BlockStyle.swift /Users/aadityasingh/Library/Developer/Xcode/DerivedData/Chatlio-erkyzdeecsohoaggpwbjdvavzqfv/SourcePackages/checkouts/matrix-rich-text-editor-swift/Sources/HTMLParser/BuildHTMLAttributedError.swift (in target 'HTMLParser' from project 'WysiwygComposer')

SwiftCompile normal arm64 /Users/aadityasingh/Library/Developer/Xcode/DerivedData/Chatlio-erkyzdeecsohoaggpwbjdvavzqfv/SourcePackages/checkouts/matrix-rich-text-editor-swift/Sources/HTMLParser/BlockStyle.swift (in target 'HTMLParser' from project 'WysiwygComposer')
    cd /Users/aadityasingh/Documents/Development/element-x-ios/Chatlio.xcodeproj
    

SwiftCompile normal arm64 /Users/aadityasingh/Library/Developer/Xcode/DerivedData/Chatlio-erkyzdeecsohoaggpwbjdvavzqfv/SourcePackages/checkouts/matrix-rich-text-editor-swift/Sources/HTMLParser/BuildHTMLAttributedError.swift (in target 'HTMLParser' from project 'WysiwygComposer')
    cd /Users/aadityasingh/Documents/Development/element-x-ios/Chatlio.xcodeproj
    

SwiftDriverJobDiscovery normal arm64 Compiling NSMutableAttributedString.swift, NSParagraphStyle.swift (in target 'HTMLParser' from project 'WysiwygComposer')

SwiftDriverJobDiscovery normal x86_64 Compiling MentionReplacement.swift (in target 'HTMLParser' from project 'WysiwygComposer')

SwiftDriverJobDiscovery normal arm64 Compiling HTMLParserHelpers.swift (in target 'HTMLParser' from project 'WysiwygComposer')

RegisterExecutionPolicyException /Users/aadityasingh/Library/Developer/Xcode/DerivedData/Chatlio-erkyzdeecsohoaggpwbjdvavzqfv/Build/Products/Debug-iphonesimulator/SentryInternal.o (in target 'SentryInternal' from project 'Sentry')
    cd /Users/aadityasingh/Library/Developer/Xcode/DerivedData/Chatlio-erkyzdeecsohoaggpwbjdvavzqfv/SourcePackages/checkouts/sentry-cocoa
    builtin-RegisterExecutionPolicyException /Users/aadityasingh/Library/Developer/Xcode/DerivedData/Chatlio-erkyzdeecsohoaggpwbjdvavzqfv/Build/Products/Debug-iphonesimulator/SentryInternal.o

ExtractAppIntentsMetadata (in target 'SFSafeSymbols' from project 'SFSafeSymbols')
    cd /Users/aadityasingh/Library/Developer/Xcode/DerivedData/Chatlio-erkyzdeecsohoaggpwbjdvavzqfv/SourcePackages/checkouts/SFSafeSymbols
    /Applications/Xcode.app/Contents/Developer/Toolchains/XcodeDefault.xctoolchain/usr/bin/appintentsmetadataprocessor --toolchain-dir /Applications/Xcode.app/Contents/Developer/Toolchains/XcodeDefault.xctoolchain --module-name SFSafeSymbols --sdk-root /Applications/Xcode.app/Contents/Developer/Platforms/iPhoneSimulator.platform/Developer/SDKs/iPhoneSimulator26.4.sdk --xcode-version 17E202 --platform-family iOS --deployment-target 12.0 --bundle-identifier sfsafesymbols.SFSafeSymbols --output /Users/aadityasingh/Library/Developer/Xcode/DerivedData/Chatlio-erkyzdeecsohoaggpwbjdvavzqfv/Build/Products/Debug-iphonesimulator/SFSafeSymbols.appintents --target-triple arm64-apple-ios12.0-simulator --target-triple x86_64-apple-ios12.0-simulator --binary-file /Users/aadityasingh/Library/Developer/Xcode/DerivedData/Chatlio-erkyzdeecsohoaggpwbjdvavzqfv/Build/Products/Debug-iphonesimulator/SFSafeSymbols.o --dependency-file /Users/aadityasingh/Library/Developer/Xcode/DerivedData/Chatlio-erkyzdeecsohoaggpwbjdvavzqfv/Build/Intermediates.noindex/SFSafeSymbols.build/Debug-iphonesimulator/SFSafeSymbols.build/Objects-normal/arm64/SFSafeSymbols_dependency_info.dat --dependency-file /Users/aadityasingh/Library/Developer/Xcode/DerivedData/Chatlio-erkyzdeecsohoaggpwbjdvavzqfv/Build/Intermediates.noindex/SFSafeSymbols.build/Debug-iphonesimulator/SFSafeSymbols.build/Objects-normal/x86_64/SFSafeSymbols_dependency_info.dat --stringsdata-file /Users/aadityasingh/Library/Developer/Xcode/DerivedData/Chatlio-erkyzdeecsohoaggpwbjdvavzqfv/Build/Intermediates.noindex/SFSafeSymbols.build/Debug-iphonesimulator/SFSafeSymbols.build/Objects-normal/arm64/ExtractedAppShortcutsMetadata.stringsdata --stringsdata-file /Users/aadityasingh/Library/Developer/Xcode/DerivedData/Chatlio-erkyzdeecsohoaggpwbjdvavzqfv/Build/Intermediates.noindex/SFSafeSymbols.build/Debug-iphonesimulator/SFSafeSymbols.build/Objects-normal/x86_64/ExtractedAppShortcutsMetadata.stringsdata --source-file-list /Users/aadityasingh/Library/Developer/Xcode/DerivedData/Chatlio-erkyzdeecsohoaggpwbjdvavzqfv/Build/Intermediates.noindex/SFSafeSymbols.build/Debug-iphonesimulator/SFSafeSymbols.build/Objects-normal/arm64/SFSafeSymbols.SwiftFileList --source-file-list /Users/aadityasingh/Library/Developer/Xcode/DerivedData/Chatlio-erkyzdeecsohoaggpwbjdvavzqfv/Build/Intermediates.noindex/SFSafeSymbols.build/Debug-iphonesimulator/SFSafeSymbols.build/Objects-normal/x86_64/SFSafeSymbols.SwiftFileList --metadata-file-list /Users/aadityasingh/Library/Developer/Xcode/DerivedData/Chatlio-erkyzdeecsohoaggpwbjdvavzqfv/Build/Intermediates.noindex/SFSafeSymbols.build/Debug-iphonesimulator/SFSafeSymbols.build/SFSafeSymbols.DependencyMetadataFileList --static-metadata-file-list /Users/aadityasingh/Library/Developer/Xcode/DerivedData/Chatlio-erkyzdeecsohoaggpwbjdvavzqfv/Build/Intermediates.noindex/SFSafeSymbols.build/Debug-iphonesimulator/SFSafeSymbols.build/SFSafeSymbols.DependencyStaticMetadataFileList --swift-const-vals-list /Users/aadityasingh/Library/Developer/Xcode/DerivedData/Chatlio-erkyzdeecsohoaggpwbjdvavzqfv/Build/Intermediates.noindex/SFSafeSymbols.build/Debug-iphonesimulator/SFSafeSymbols.build/Objects-normal/arm64/SFSafeSymbols.SwiftConstValuesFileList --swift-const-vals-list /Users/aadityasingh/Library/Developer/Xcode/DerivedData/Chatlio-erkyzdeecsohoaggpwbjdvavzqfv/Build/Intermediates.noindex/SFSafeSymbols.build/Debug-iphonesimulator/SFSafeSymbols.build/Objects-normal/x86_64/SFSafeSymbols.SwiftConstValuesFileList --force --compile-time-extraction --deployment-aware-processing --validate-assistant-intents --no-app-shortcuts-localization
2026-05-11 23:03:32.396 appintentsmetadataprocessor[19508:2634649] Starting appintentsmetadataprocessor export
2026-05-11 23:03:32.431 appintentsmetadataprocessor[19508:2634649] Extracted no relevant App Intents symbols, skipping writing output

RegisterExecutionPolicyException /Users/aadityasingh/Library/Developer/Xcode/DerivedData/Chatlio-erkyzdeecsohoaggpwbjdvavzqfv/Build/Products/Debug-iphonesimulator/_AtomicsShims.o (in target '_AtomicsShims' from project 'swift-atomics')
    cd /Users/aadityasingh/Library/Developer/Xcode/DerivedData/Chatlio-erkyzdeecsohoaggpwbjdvavzqfv/SourcePackages/checkouts/swift-atomics
    builtin-RegisterExecutionPolicyException /Users/aadityasingh/Library/Developer/Xcode/DerivedData/Chatlio-erkyzdeecsohoaggpwbjdvavzqfv/Build/Products/Debug-iphonesimulator/_AtomicsShims.o

SwiftDriver _RopeModule normal arm64 com.apple.xcode.tools.swift.compiler (in target '_RopeModule' from project 'swift-collections')
    cd /Users/aadityasingh/Documents/Development/element-x-ios/Chatlio.xcodeproj
    builtin-SwiftDriver -- /Applications/Xcode.app/Contents/Developer/Toolchains/XcodeDefault.xctoolchain/usr/bin/swiftc -module-name _RopeModule -Onone @/Users/aadityasingh/Library/Developer/Xcode/DerivedData/Chatlio-erkyzdeecsohoaggpwbjdvavzqfv/Build/Intermediates.noindex/swift-collections.build/Debug-iphonesimulator/_RopeModule.build/Objects-normal/arm64/_RopeModule.SwiftFileList -DSWIFT_PACKAGE -DDEBUG -DSWIFT_MODULE_RESOURCE_BUNDLE_UNAVAILABLE -DCOLLECTIONS_RANDOMIZED_TESTING -DXcode -enable-experimental-feature AvailabilityMacro\=SwiftStdlib\ 5.0:\ macOS\ 10.14.4,\ iOS\ 12.2,\ watchOS\ 5.2,\ tvOS\ 12.2 -enable-experimental-feature AvailabilityMacro\=SwiftStdlib\ 5.1:\ macOS\ 10.15,\ iOS\ 13.0,\ watchOS\ 6.0,\ tvOS\ 13.0 -enable-experimental-feature AvailabilityMacro\=SwiftStdlib\ 5.6:\ macOS\ 12.3,\ iOS\ 15.4,\ watchOS\ 8.5,\ tvOS\ 15.4 -enable-experimental-feature AvailabilityMacro\=SwiftStdlib\ 5.8:\ macOS\ 13.3,\ iOS\ 16.4,\ watchOS\ 9.4,\ tvOS\ 16.4 -enable-experimental-feature AvailabilityMacro\=SwiftStdlib\ 5.9:\ macOS\ 14.0,\ iOS\ 17.0,\ watchOS\ 10.0,\ tvOS\ 17.0 -enable-experimental-feature AvailabilityMacro\=SwiftStdlib\ 5.10:\ macOS\ 14.4,\ iOS\ 17.4,\ watchOS\ 10.4,\ tvOS\ 17.4,\ visionOS\ 1.1 -enable-experimental-feature AvailabilityMacro\=SwiftStdlib\ 6.0:\ macOS\ 15.0,\ iOS\ 18.0,\ watchOS\ 11.0,\ tvOS\ 18.0,\ visionOS\ 2.0 -enable-experimental-feature AvailabilityMacro\=SwiftStdlib\ 6.1:\ macOS\ 15.4,\ iOS\ 18.4,\ watchOS\ 11.4,\ tvOS\ 18.4,\ visionOS\ 2.4 -enable-experimental-feature AvailabilityMacro\=SwiftStdlib\ 6.2:\ macOS\ 26.0,\ iOS\ 26.0,\ watchOS\ 26.0,\ tvOS\ 26.0,\ visionOS\ 26.0 -enable-upcoming-feature MemberImportVisibility -enable-experimental-feature BuiltinModule -enable-experimental-feature Lifetimes -enable-experimental-feature InoutLifetimeDependence -enable-experimental-feature SuppressedAssociatedTypes -plugin-path /Applications/Xcode.app/Contents/Developer/Toolchains/XcodeDefault.xctoolchain/usr/lib/swift/host/plugins/testing -enable-experimental-feature DebugDescriptionMacro -sdk /Applications/Xcode.app/Contents/Developer/Platforms/iPhoneSimulator.platform/Developer/SDKs/iPhoneSimulator26.4.sdk -target arm64-apple-ios12.0-simulator -g -module-cache-path /Users/aadityasingh/Library/Developer/Xcode/DerivedData/ModuleCache.noindex -Xfrontend -serialize-debugging-options -profile-coverage-mapping -profile-generate -enable-testing -suppress-warnings -index-store-path /Users/aadityasingh/Library/Developer/Xcode/DerivedData/Chatlio-erkyzdeecsohoaggpwbjdvavzqfv/Index.noindex/DataStore -Xcc -D_LIBCPP_HARDENING_MODE\=_LIBCPP_HARDENING_MODE_DEBUG -swift-version 5 -I /Users/aadityasingh/Library/Developer/Xcode/DerivedData/Chatlio-erkyzdeecsohoaggpwbjdvavzqfv/Build/Products/Debug-iphonesimulator -Isystem /Applications/Xcode.app/Contents/Developer/Platforms/iPhoneSimulator.platform/Developer/usr/lib -F /Users/aadityasingh/Library/Developer/Xcode/DerivedData/Chatlio-erkyzdeecsohoaggpwbjdvavzqfv/Build/Products/Debug-iphonesimulator/PackageFrameworks -F /Users/aadityasingh/Library/Developer/Xcode/DerivedData/Chatlio-erkyzdeecsohoaggpwbjdvavzqfv/Build/Products/Debug-iphonesimulator -F /Applications/Xcode.app/Contents/Developer/Platforms/iPhoneSimulator.platform/Developer/Library/Frameworks -F /Applications/Xcode.app/Contents/Developer/Platforms/iPhoneSimulator.platform/Developer/SDKs/iPhoneSimulator26.4.sdk/Developer/Library/Frameworks -c -j12 -enable-batch-mode -incremental -Xcc -ivfsstatcache -Xcc /Users/aadityasingh/Library/Developer/Xcode/DerivedData/SDKStatCaches.noindex/iphonesimulator26.4-23E252-686eebb5dc1d8ecb277353a59184f4aa.sdkstatcache -output-file-map /Users/aadityasingh/Library/Developer/Xcode/DerivedData/Chatlio-erkyzdeecsohoaggpwbjdvavzqfv/Build/Intermediates.noindex/swift-collections.build/Debug-iphonesimulator/_RopeModule.build/Objects-normal/arm64/_RopeModule-OutputFileMap.json -use-frontend-parseable-output -save-temps -no-color-diagnostics -explicit-module-build -module-cache-path /Users/aadityasingh/Library/Developer/Xcode/DerivedData/Chatlio-erkyzdeecsohoaggpwbjdvavzqfv/Build/Intermediates.noindex/SwiftExplicitPrecompiledModules -clang-scanner-module-cache-path /Users/aadityasingh/Library/Developer/Xcode/DerivedData/ModuleCache.noindex -sdk-module-cache-path /Users/aadityasingh/Library/Developer/Xcode/DerivedData/ModuleCache.noindex -serialize-diagnostics -emit-dependencies -emit-module -emit-module-path /Users/aadityasingh/Library/Developer/Xcode/DerivedData/Chatlio-erkyzdeecsohoaggpwbjdvavzqfv/Build/Intermediates.noindex/swift-collections.build/Debug-iphonesimulator/_RopeModule.build/Objects-normal/arm64/_RopeModule.swiftmodule -user-module-version 1.3.0 -validate-clang-modules-once -clang-build-session-file /Users/aadityasingh/Library/Developer/Xcode/DerivedData/ModuleCache.noindex/Session.modulevalidation -package-name swift_collections -Xcc -I/Users/aadityasingh/Library/Developer/Xcode/DerivedData/Chatlio-erkyzdeecsohoaggpwbjdvavzqfv/Build/Intermediates.noindex/swift-collections.build/Debug-iphonesimulator/_RopeModule.build/swift-overrides.hmap -emit-const-values -Xfrontend -const-gather-protocols-file -Xfrontend /Users/aadityasingh/Library/Developer/Xcode/DerivedData/Chatlio-erkyzdeecsohoaggpwbjdvavzqfv/Build/Intermediates.noindex/swift-collections.build/Debug-iphonesimulator/_RopeModule.build/Objects-normal/arm64/_RopeModule_const_extract_protocols.json -Xcc -I/Users/aadityasingh/Library/Developer/Xcode/DerivedData/Chatlio-erkyzdeecsohoaggpwbjdvavzqfv/Build/Products/Debug-iphonesimulator/include -Xcc -I/Users/aadityasingh/Library/Developer/Xcode/DerivedData/Chatlio-erkyzdeecsohoaggpwbjdvavzqfv/Build/Intermediates.noindex/swift-collections.build/Debug-iphonesimulator/_RopeModule.build/DerivedSources-normal/arm64 -Xcc -I/Users/aadityasingh/Library/Developer/Xcode/DerivedData/Chatlio-erkyzdeecsohoaggpwbjdvavzqfv/Build/Intermediates.noindex/swift-collections.build/Debug-iphonesimulator/_RopeModule.build/DerivedSources/arm64 -Xcc -I/Users/aadityasingh/Library/Developer/Xcode/DerivedData/Chatlio-erkyzdeecsohoaggpwbjdvavzqfv/Build/Intermediates.noindex/swift-collections.build/Debug-iphonesimulator/_RopeModule.build/DerivedSources -Xcc -DSWIFT_PACKAGE -Xcc -DDEBUG\=1 -emit-objc-header -emit-objc-header-path /Users/aadityasingh/Library/Developer/Xcode/DerivedData/Chatlio-erkyzdeecsohoaggpwbjdvavzqfv/Build/Intermediates.noindex/swift-collections.build/Debug-iphonesimulator/_RopeModule.build/Objects-normal/arm64/_RopeModule-Swift.h -working-directory /Users/aadityasingh/Documents/Development/element-x-ios/Chatlio.xcodeproj -experimental-emit-module-separately -disable-cmo

SwiftDriverJobDiscovery normal x86_64 Compiling NSRange.swift, String+Character.swift (in target 'HTMLParser' from project 'WysiwygComposer')

SwiftDriver _RopeModule normal x86_64 com.apple.xcode.tools.swift.compiler (in target '_RopeModule' from project 'swift-collections')
    cd /Users/aadityasingh/Documents/Development/element-x-ios/Chatlio.xcodeproj
    builtin-SwiftDriver -- /Applications/Xcode.app/Contents/Developer/Toolchains/XcodeDefault.xctoolchain/usr/bin/swiftc -module-name _RopeModule -Onone @/Users/aadityasingh/Library/Developer/Xcode/DerivedData/Chatlio-erkyzdeecsohoaggpwbjdvavzqfv/Build/Intermediates.noindex/swift-collections.build/Debug-iphonesimulator/_RopeModule.build/Objects-normal/x86_64/_RopeModule.SwiftFileList -DSWIFT_PACKAGE -DDEBUG -DSWIFT_MODULE_RESOURCE_BUNDLE_UNAVAILABLE -DCOLLECTIONS_RANDOMIZED_TESTING -DXcode -enable-experimental-feature AvailabilityMacro\=SwiftStdlib\ 5.0:\ macOS\ 10.14.4,\ iOS\ 12.2,\ watchOS\ 5.2,\ tvOS\ 12.2 -enable-experimental-feature AvailabilityMacro\=SwiftStdlib\ 5.1:\ macOS\ 10.15,\ iOS\ 13.0,\ watchOS\ 6.0,\ tvOS\ 13.0 -enable-experimental-feature AvailabilityMacro\=SwiftStdlib\ 5.6:\ macOS\ 12.3,\ iOS\ 15.4,\ watchOS\ 8.5,\ tvOS\ 15.4 -enable-experimental-feature AvailabilityMacro\=SwiftStdlib\ 5.8:\ macOS\ 13.3,\ iOS\ 16.4,\ watchOS\ 9.4,\ tvOS\ 16.4 -enable-experimental-feature AvailabilityMacro\=SwiftStdlib\ 5.9:\ macOS\ 14.0,\ iOS\ 17.0,\ watchOS\ 10.0,\ tvOS\ 17.0 -enable-experimental-feature AvailabilityMacro\=SwiftStdlib\ 5.10:\ macOS\ 14.4,\ iOS\ 17.4,\ watchOS\ 10.4,\ tvOS\ 17.4,\ visionOS\ 1.1 -enable-experimental-feature AvailabilityMacro\=SwiftStdlib\ 6.0:\ macOS\ 15.0,\ iOS\ 18.0,\ watchOS\ 11.0,\ tvOS\ 18.0,\ visionOS\ 2.0 -enable-experimental-feature AvailabilityMacro\=SwiftStdlib\ 6.1:\ macOS\ 15.4,\ iOS\ 18.4,\ watchOS\ 11.4,\ tvOS\ 18.4,\ visionOS\ 2.4 -enable-experimental-feature AvailabilityMacro\=SwiftStdlib\ 6.2:\ macOS\ 26.0,\ iOS\ 26.0,\ watchOS\ 26.0,\ tvOS\ 26.0,\ visionOS\ 26.0 -enable-upcoming-feature MemberImportVisibility -enable-experimental-feature BuiltinModule -enable-experimental-feature Lifetimes -enable-experimental-feature InoutLifetimeDependence -enable-experimental-feature SuppressedAssociatedTypes -plugin-path /Applications/Xcode.app/Contents/Developer/Toolchains/XcodeDefault.xctoolchain/usr/lib/swift/host/plugins/testing -enable-experimental-feature DebugDescriptionMacro -sdk /Applications/Xcode.app/Contents/Developer/Platforms/iPhoneSimulator.platform/Developer/SDKs/iPhoneSimulator26.4.sdk -target x86_64-apple-ios12.0-simulator -g -module-cache-path /Users/aadityasingh/Library/Developer/Xcode/DerivedData/ModuleCache.noindex -Xfrontend -serialize-debugging-options -profile-coverage-mapping -profile-generate -enable-testing -suppress-warnings -index-store-path /Users/aadityasingh/Library/Developer/Xcode/DerivedData/Chatlio-erkyzdeecsohoaggpwbjdvavzqfv/Index.noindex/DataStore -Xcc -D_LIBCPP_HARDENING_MODE\=_LIBCPP_HARDENING_MODE_DEBUG -swift-version 5 -I /Users/aadityasingh/Library/Developer/Xcode/DerivedData/Chatlio-erkyzdeecsohoaggpwbjdvavzqfv/Build/Products/Debug-iphonesimulator -Isystem /Applications/Xcode.app/Contents/Developer/Platforms/iPhoneSimulator.platform/Developer/usr/lib -F /Users/aadityasingh/Library/Developer/Xcode/DerivedData/Chatlio-erkyzdeecsohoaggpwbjdvavzqfv/Build/Products/Debug-iphonesimulator/PackageFrameworks -F /Users/aadityasingh/Library/Developer/Xcode/DerivedData/Chatlio-erkyzdeecsohoaggpwbjdvavzqfv/Build/Products/Debug-iphonesimulator -F /Applications/Xcode.app/Contents/Developer/Platforms/iPhoneSimulator.platform/Developer/Library/Frameworks -F /Applications/Xcode.app/Contents/Developer/Platforms/iPhoneSimulator.platform/Developer/SDKs/iPhoneSimulator26.4.sdk/Developer/Library/Frameworks -c -j12 -enable-batch-mode -incremental -Xcc -ivfsstatcache -Xcc /Users/aadityasingh/Library/Developer/Xcode/DerivedData/SDKStatCaches.noindex/iphonesimulator26.4-23E252-686eebb5dc1d8ecb277353a59184f4aa.sdkstatcache -output-file-map /Users/aadityasingh/Library/Developer/Xcode/DerivedData/Chatlio-erkyzdeecsohoaggpwbjdvavzqfv/Build/Intermediates.noindex/swift-collections.build/Debug-iphonesimulator/_RopeModule.build/Objects-normal/x86_64/_RopeModule-OutputFileMap.json -use-frontend-parseable-output -save-temps -no-color-diagnostics -explicit-module-build -module-cache-path /Users/aadityasingh/Library/Developer/Xcode/DerivedData/Chatlio-erkyzdeecsohoaggpwbjdvavzqfv/Build/Intermediates.noindex/SwiftExplicitPrecompiledModules -clang-scanner-module-cache-path /Users/aadityasingh/Library/Developer/Xcode/DerivedData/ModuleCache.noindex -sdk-module-cache-path /Users/aadityasingh/Library/Developer/Xcode/DerivedData/ModuleCache.noindex -serialize-diagnostics -emit-dependencies -emit-module -emit-module-path /Users/aadityasingh/Library/Developer/Xcode/DerivedData/Chatlio-erkyzdeecsohoaggpwbjdvavzqfv/Build/Intermediates.noindex/swift-collections.build/Debug-iphonesimulator/_RopeModule.build/Objects-normal/x86_64/_RopeModule.swiftmodule -user-module-version 1.3.0 -validate-clang-modules-once -clang-build-session-file /Users/aadityasingh/Library/Developer/Xcode/DerivedData/ModuleCache.noindex/Session.modulevalidation -package-name swift_collections -Xcc -I/Users/aadityasingh/Library/Developer/Xcode/DerivedData/Chatlio-erkyzdeecsohoaggpwbjdvavzqfv/Build/Intermediates.noindex/swift-collections.build/Debug-iphonesimulator/_RopeModule.build/swift-overrides.hmap -emit-const-values -Xfrontend -const-gather-protocols-file -Xfrontend /Users/aadityasingh/Library/Developer/Xcode/DerivedData/Chatlio-erkyzdeecsohoaggpwbjdvavzqfv/Build/Intermediates.noindex/swift-collections.build/Debug-iphonesimulator/_RopeModule.build/Objects-normal/x86_64/_RopeModule_const_extract_protocols.json -Xcc -I/Users/aadityasingh/Library/Developer/Xcode/DerivedData/Chatlio-erkyzdeecsohoaggpwbjdvavzqfv/Build/Products/Debug-iphonesimulator/include -Xcc -I/Users/aadityasingh/Library/Developer/Xcode/DerivedData/Chatlio-erkyzdeecsohoaggpwbjdvavzqfv/Build/Intermediates.noindex/swift-collections.build/Debug-iphonesimulator/_RopeModule.build/DerivedSources-normal/x86_64 -Xcc -I/Users/aadityasingh/Library/Developer/Xcode/DerivedData/Chatlio-erkyzdeecsohoaggpwbjdvavzqfv/Build/Intermediates.noindex/swift-collections.build/Debug-iphonesimulator/_RopeModule.build/DerivedSources/x86_64 -Xcc -I/Users/aadityasingh/Library/Developer/Xcode/DerivedData/Chatlio-erkyzdeecsohoaggpwbjdvavzqfv/Build/Intermediates.noindex/swift-collections.build/Debug-iphonesimulator/_RopeModule.build/DerivedSources -Xcc -DSWIFT_PACKAGE -Xcc -DDEBUG\=1 -emit-objc-header -emit-objc-header-path /Users/aadityasingh/Library/Developer/Xcode/DerivedData/Chatlio-erkyzdeecsohoaggpwbjdvavzqfv/Build/Intermediates.noindex/swift-collections.build/Debug-iphonesimulator/_RopeModule.build/Objects-normal/x86_64/_RopeModule-Swift.h -working-directory /Users/aadityasingh/Documents/Development/element-x-ios/Chatlio.xcodeproj -experimental-emit-module-separately -disable-cmo

SwiftDriverJobDiscovery normal x86_64 Compiling HTMLParserHelpers.swift (in target 'HTMLParser' from project 'WysiwygComposer')

Ld /Users/aadityasingh/Library/Developer/Xcode/DerivedData/Chatlio-erkyzdeecsohoaggpwbjdvavzqfv/Build/Intermediates.noindex/KZFileWatchers.build/Debug-iphonesimulator/KZFileWatchers.build/Objects-normal/x86_64/Binary/KZFileWatchers.o normal x86_64 (in target 'KZFileWatchers' from project 'KZFileWatchers')
    cd /Users/aadityasingh/Library/Developer/Xcode/DerivedData/Chatlio-erkyzdeecsohoaggpwbjdvavzqfv/SourcePackages/checkouts/KZFileWatchers
    /Applications/Xcode.app/Contents/Developer/Toolchains/XcodeDefault.xctoolchain/usr/bin/clang -Xlinker -reproducible -target x86_64-apple-ios12.0-simulator -r -isysroot /Applications/Xcode.app/Contents/Developer/Platforms/iPhoneSimulator.platform/Developer/SDKs/iPhoneSimulator26.4.sdk -O0 -w -F/Users/aadityasingh/Library/Developer/Xcode/DerivedData/Chatlio-erkyzdeecsohoaggpwbjdvavzqfv/Build/Intermediates.noindex/EagerLinkingTBDs/Debug-iphonesimulator -F/Users/aadityasingh/Library/Developer/Xcode/DerivedData/Chatlio-erkyzdeecsohoaggpwbjdvavzqfv/Build/Products/Debug-iphonesimulator -iframework /Applications/Xcode.app/Contents/Developer/Platforms/iPhoneSimulator.platform/Developer/Library/Frameworks -iframework /Applications/Xcode.app/Contents/Developer/Platforms/iPhoneSimulator.platform/Developer/SDKs/iPhoneSimulator26.4.sdk/Developer/Library/Frameworks -filelist /Users/aadityasingh/Library/Developer/Xcode/DerivedData/Chatlio-erkyzdeecsohoaggpwbjdvavzqfv/Build/Intermediates.noindex/KZFileWatchers.build/Debug-iphonesimulator/KZFileWatchers.build/Objects-normal/x86_64/KZFileWatchers.LinkFileList -nostdlib -Xlinker -object_path_lto -Xlinker /Users/aadityasingh/Library/Developer/Xcode/DerivedData/Chatlio-erkyzdeecsohoaggpwbjdvavzqfv/Build/Intermediates.noindex/KZFileWatchers.build/Debug-iphonesimulator/KZFileWatchers.build/Objects-normal/x86_64/KZFileWatchers_lto.o -Xlinker -no_deduplicate -Xlinker -objc_abi_version -Xlinker 2 -Xlinker -debug_variant -Xlinker -dependency_info -Xlinker /Users/aadityasingh/Library/Developer/Xcode/DerivedData/Chatlio-erkyzdeecsohoaggpwbjdvavzqfv/Build/Intermediates.noindex/KZFileWatchers.build/Debug-iphonesimulator/KZFileWatchers.build/Objects-normal/x86_64/KZFileWatchers_dependency_info.dat -fobjc-link-runtime -L/Applications/Xcode.app/Contents/Developer/Toolchains/XcodeDefault.xctoolchain/usr/lib/swift/iphonesimulator -L/usr/lib/swift -Xlinker -add_ast_path -Xlinker /Users/aadityasingh/Library/Developer/Xcode/DerivedData/Chatlio-erkyzdeecsohoaggpwbjdvavzqfv/Build/Intermediates.noindex/KZFileWatchers.build/Debug-iphonesimulator/KZFileWatchers.build/Objects-normal/x86_64/KZFileWatchers.swiftmodule @/Users/aadityasingh/Library/Developer/Xcode/DerivedData/Chatlio-erkyzdeecsohoaggpwbjdvavzqfv/Build/Intermediates.noindex/KZFileWatchers.build/Debug-iphonesimulator/KZFileWatchers.build/Objects-normal/x86_64/KZFileWatchers-linker-args.resp -o /Users/aadityasingh/Library/Developer/Xcode/DerivedData/Chatlio-erkyzdeecsohoaggpwbjdvavzqfv/Build/Intermediates.noindex/KZFileWatchers.build/Debug-iphonesimulator/KZFileWatchers.build/Objects-normal/x86_64/Binary/KZFileWatchers.o

Ld /Users/aadityasingh/Library/Developer/Xcode/DerivedData/Chatlio-erkyzdeecsohoaggpwbjdvavzqfv/Build/Intermediates.noindex/KZFileWatchers.build/Debug-iphonesimulator/KZFileWatchers.build/Objects-normal/arm64/Binary/KZFileWatchers.o normal arm64 (in target 'KZFileWatchers' from project 'KZFileWatchers')
    cd /Users/aadityasingh/Library/Developer/Xcode/DerivedData/Chatlio-erkyzdeecsohoaggpwbjdvavzqfv/SourcePackages/checkouts/KZFileWatchers
    /Applications/Xcode.app/Contents/Developer/Toolchains/XcodeDefault.xctoolchain/usr/bin/clang -Xlinker -reproducible -target arm64-apple-ios12.0-simulator -r -isysroot /Applications/Xcode.app/Contents/Developer/Platforms/iPhoneSimulator.platform/Developer/SDKs/iPhoneSimulator26.4.sdk -O0 -w -F/Users/aadityasingh/Library/Developer/Xcode/DerivedData/Chatlio-erkyzdeecsohoaggpwbjdvavzqfv/Build/Intermediates.noindex/EagerLinkingTBDs/Debug-iphonesimulator -F/Users/aadityasingh/Library/Developer/Xcode/DerivedData/Chatlio-erkyzdeecsohoaggpwbjdvavzqfv/Build/Products/Debug-iphonesimulator -iframework /Applications/Xcode.app/Contents/Developer/Platforms/iPhoneSimulator.platform/Developer/Library/Frameworks -iframework /Applications/Xcode.app/Contents/Developer/Platforms/iPhoneSimulator.platform/Developer/SDKs/iPhoneSimulator26.4.sdk/Developer/Library/Frameworks -filelist /Users/aadityasingh/Library/Developer/Xcode/DerivedData/Chatlio-erkyzdeecsohoaggpwbjdvavzqfv/Build/Intermediates.noindex/KZFileWatchers.build/Debug-iphonesimulator/KZFileWatchers.build/Objects-normal/arm64/KZFileWatchers.LinkFileList -nostdlib -Xlinker -object_path_lto -Xlinker /Users/aadityasingh/Library/Developer/Xcode/DerivedData/Chatlio-erkyzdeecsohoaggpwbjdvavzqfv/Build/Intermediates.noindex/KZFileWatchers.build/Debug-iphonesimulator/KZFileWatchers.build/Objects-normal/arm64/KZFileWatchers_lto.o -Xlinker -no_deduplicate -Xlinker -objc_abi_version -Xlinker 2 -Xlinker -debug_variant -Xlinker -dependency_info -Xlinker /Users/aadityasingh/Library/Developer/Xcode/DerivedData/Chatlio-erkyzdeecsohoaggpwbjdvavzqfv/Build/Intermediates.noindex/KZFileWatchers.build/Debug-iphonesimulator/KZFileWatchers.build/Objects-normal/arm64/KZFileWatchers_dependency_info.dat -fobjc-link-runtime -L/Applications/Xcode.app/Contents/Developer/Toolchains/XcodeDefault.xctoolchain/usr/lib/swift/iphonesimulator -L/usr/lib/swift -Xlinker -add_ast_path -Xlinker /Users/aadityasingh/Library/Developer/Xcode/DerivedData/Chatlio-erkyzdeecsohoaggpwbjdvavzqfv/Build/Intermediates.noindex/KZFileWatchers.build/Debug-iphonesimulator/KZFileWatchers.build/Objects-normal/arm64/KZFileWatchers.swiftmodule @/Users/aadityasingh/Library/Developer/Xcode/DerivedData/Chatlio-erkyzdeecsohoaggpwbjdvavzqfv/Build/Intermediates.noindex/KZFileWatchers.build/Debug-iphonesimulator/KZFileWatchers.build/Objects-normal/arm64/KZFileWatchers-linker-args.resp -o /Users/aadityasingh/Library/Developer/Xcode/DerivedData/Chatlio-erkyzdeecsohoaggpwbjdvavzqfv/Build/Intermediates.noindex/KZFileWatchers.build/Debug-iphonesimulator/KZFileWatchers.build/Objects-normal/arm64/Binary/KZFileWatchers.o

Ld /Users/aadityasingh/Library/Developer/Xcode/DerivedData/Chatlio-erkyzdeecsohoaggpwbjdvavzqfv/Build/Intermediates.noindex/swift-collections.build/Debug-iphonesimulator/InternalCollectionsUtilities.build/Objects-normal/x86_64/Binary/InternalCollectionsUtilities.o normal x86_64 (in target 'InternalCollectionsUtilities' from project 'swift-collections')
    cd /Users/aadityasingh/Library/Developer/Xcode/DerivedData/Chatlio-erkyzdeecsohoaggpwbjdvavzqfv/SourcePackages/checkouts/swift-collections
    /Applications/Xcode.app/Contents/Developer/Toolchains/XcodeDefault.xctoolchain/usr/bin/clang -Xlinker -reproducible -target x86_64-apple-ios12.0-simulator -r -isysroot /Applications/Xcode.app/Contents/Developer/Platforms/iPhoneSimulator.platform/Developer/SDKs/iPhoneSimulator26.4.sdk -O0 -w -F/Users/aadityasingh/Library/Developer/Xcode/DerivedData/Chatlio-erkyzdeecsohoaggpwbjdvavzqfv/Build/Intermediates.noindex/EagerLinkingTBDs/Debug-iphonesimulator -F/Users/aadityasingh/Library/Developer/Xcode/DerivedData/Chatlio-erkyzdeecsohoaggpwbjdvavzqfv/Build/Products/Debug-iphonesimulator -iframework /Applications/Xcode.app/Contents/Developer/Platforms/iPhoneSimulator.platform/Developer/Library/Frameworks -iframework /Applications/Xcode.app/Contents/Developer/Platforms/iPhoneSimulator.platform/Developer/SDKs/iPhoneSimulator26.4.sdk/Developer/Library/Frameworks -filelist /Users/aadityasingh/Library/Developer/Xcode/DerivedData/Chatlio-erkyzdeecsohoaggpwbjdvavzqfv/Build/Intermediates.noindex/swift-collections.build/Debug-iphonesimulator/InternalCollectionsUtilities.build/Objects-normal/x86_64/InternalCollectionsUtilities.LinkFileList -nostdlib -Xlinker -object_path_lto -Xlinker /Users/aadityasingh/Library/Developer/Xcode/DerivedData/Chatlio-erkyzdeecsohoaggpwbjdvavzqfv/Build/Intermediates.noindex/swift-collections.build/Debug-iphonesimulator/InternalCollectionsUtilities.build/Objects-normal/x86_64/InternalCollectionsUtilities_lto.o -Xlinker -no_deduplicate -Xlinker -objc_abi_version -Xlinker 2 -Xlinker -debug_variant -Xlinker -dependency_info -Xlinker /Users/aadityasingh/Library/Developer/Xcode/DerivedData/Chatlio-erkyzdeecsohoaggpwbjdvavzqfv/Build/Intermediates.noindex/swift-collections.build/Debug-iphonesimulator/InternalCollectionsUtilities.build/Objects-normal/x86_64/InternalCollectionsUtilities_dependency_info.dat -fobjc-link-runtime -L/Applications/Xcode.app/Contents/Developer/Toolchains/XcodeDefault.xctoolchain/usr/lib/swift/iphonesimulator -L/usr/lib/swift -Xlinker -add_ast_path -Xlinker /Users/aadityasingh/Library/Developer/Xcode/DerivedData/Chatlio-erkyzdeecsohoaggpwbjdvavzqfv/Build/Intermediates.noindex/swift-collections.build/Debug-iphonesimulator/InternalCollectionsUtilities.build/Objects-normal/x86_64/InternalCollectionsUtilities.swiftmodule @/Users/aadityasingh/Library/Developer/Xcode/DerivedData/Chatlio-erkyzdeecsohoaggpwbjdvavzqfv/Build/Intermediates.noindex/swift-collections.build/Debug-iphonesimulator/InternalCollectionsUtilities.build/Objects-normal/x86_64/InternalCollectionsUtilities-linker-args.resp -o /Users/aadityasingh/Library/Developer/Xcode/DerivedData/Chatlio-erkyzdeecsohoaggpwbjdvavzqfv/Build/Intermediates.noindex/swift-collections.build/Debug-iphonesimulator/InternalCollectionsUtilities.build/Objects-normal/x86_64/Binary/InternalCollectionsUtilities.o

Ld /Users/aadityasingh/Library/Developer/Xcode/DerivedData/Chatlio-erkyzdeecsohoaggpwbjdvavzqfv/Build/Intermediates.noindex/swift-collections.build/Debug-iphonesimulator/InternalCollectionsUtilities.build/Objects-normal/arm64/Binary/InternalCollectionsUtilities.o normal arm64 (in target 'InternalCollectionsUtilities' from project 'swift-collections')
    cd /Users/aadityasingh/Library/Developer/Xcode/DerivedData/Chatlio-erkyzdeecsohoaggpwbjdvavzqfv/SourcePackages/checkouts/swift-collections
    /Applications/Xcode.app/Contents/Developer/Toolchains/XcodeDefault.xctoolchain/usr/bin/clang -Xlinker -reproducible -target arm64-apple-ios12.0-simulator -r -isysroot /Applications/Xcode.app/Contents/Developer/Platforms/iPhoneSimulator.platform/Developer/SDKs/iPhoneSimulator26.4.sdk -O0 -w -F/Users/aadityasingh/Library/Developer/Xcode/DerivedData/Chatlio-erkyzdeecsohoaggpwbjdvavzqfv/Build/Intermediates.noindex/EagerLinkingTBDs/Debug-iphonesimulator -F/Users/aadityasingh/Library/Developer/Xcode/DerivedData/Chatlio-erkyzdeecsohoaggpwbjdvavzqfv/Build/Products/Debug-iphonesimulator -iframework /Applications/Xcode.app/Contents/Developer/Platforms/iPhoneSimulator.platform/Developer/Library/Frameworks -iframework /Applications/Xcode.app/Contents/Developer/Platforms/iPhoneSimulator.platform/Developer/SDKs/iPhoneSimulator26.4.sdk/Developer/Library/Frameworks -filelist /Users/aadityasingh/Library/Developer/Xcode/DerivedData/Chatlio-erkyzdeecsohoaggpwbjdvavzqfv/Build/Intermediates.noindex/swift-collections.build/Debug-iphonesimulator/InternalCollectionsUtilities.build/Objects-normal/arm64/InternalCollectionsUtilities.LinkFileList -nostdlib -Xlinker -object_path_lto -Xlinker /Users/aadityasingh/Library/Developer/Xcode/DerivedData/Chatlio-erkyzdeecsohoaggpwbjdvavzqfv/Build/Intermediates.noindex/swift-collections.build/Debug-iphonesimulator/InternalCollectionsUtilities.build/Objects-normal/arm64/InternalCollectionsUtilities_lto.o -Xlinker -no_deduplicate -Xlinker -objc_abi_version -Xlinker 2 -Xlinker -debug_variant -Xlinker -dependency_info -Xlinker /Users/aadityasingh/Library/Developer/Xcode/DerivedData/Chatlio-erkyzdeecsohoaggpwbjdvavzqfv/Build/Intermediates.noindex/swift-collections.build/Debug-iphonesimulator/InternalCollectionsUtilities.build/Objects-normal/arm64/InternalCollectionsUtilities_dependency_info.dat -fobjc-link-runtime -L/Applications/Xcode.app/Contents/Developer/Toolchains/XcodeDefault.xctoolchain/usr/lib/swift/iphonesimulator -L/usr/lib/swift -Xlinker -add_ast_path -Xlinker /Users/aadityasingh/Library/Developer/Xcode/DerivedData/Chatlio-erkyzdeecsohoaggpwbjdvavzqfv/Build/Intermediates.noindex/swift-collections.build/Debug-iphonesimulator/InternalCollectionsUtilities.build/Objects-normal/arm64/InternalCollectionsUtilities.swiftmodule @/Users/aadityasingh/Library/Developer/Xcode/DerivedData/Chatlio-erkyzdeecsohoaggpwbjdvavzqfv/Build/Intermediates.noindex/swift-collections.build/Debug-iphonesimulator/InternalCollectionsUtilities.build/Objects-normal/arm64/InternalCollectionsUtilities-linker-args.resp -o /Users/aadityasingh/Library/Developer/Xcode/DerivedData/Chatlio-erkyzdeecsohoaggpwbjdvavzqfv/Build/Intermediates.noindex/swift-collections.build/Debug-iphonesimulator/InternalCollectionsUtilities.build/Objects-normal/arm64/Binary/InternalCollectionsUtilities.o

CreateUniversalBinary /Users/aadityasingh/Library/Developer/Xcode/DerivedData/Chatlio-erkyzdeecsohoaggpwbjdvavzqfv/Build/Products/Debug-iphonesimulator/KZFileWatchers.o normal arm64\ x86_64 (in target 'KZFileWatchers' from project 'KZFileWatchers')
    cd /Users/aadityasingh/Library/Developer/Xcode/DerivedData/Chatlio-erkyzdeecsohoaggpwbjdvavzqfv/SourcePackages/checkouts/KZFileWatchers
    /Applications/Xcode.app/Contents/Developer/Toolchains/XcodeDefault.xctoolchain/usr/bin/lipo -create /Users/aadityasingh/Library/Developer/Xcode/DerivedData/Chatlio-erkyzdeecsohoaggpwbjdvavzqfv/Build/Intermediates.noindex/KZFileWatchers.build/Debug-iphonesimulator/KZFileWatchers.build/Objects-normal/arm64/Binary/KZFileWatchers.o /Users/aadityasingh/Library/Developer/Xcode/DerivedData/Chatlio-erkyzdeecsohoaggpwbjdvavzqfv/Build/Intermediates.noindex/KZFileWatchers.build/Debug-iphonesimulator/KZFileWatchers.build/Objects-normal/x86_64/Binary/KZFileWatchers.o -output /Users/aadityasingh/Library/Developer/Xcode/DerivedData/Chatlio-erkyzdeecsohoaggpwbjdvavzqfv/Build/Products/Debug-iphonesimulator/KZFileWatchers.o

SwiftDriver Flow normal arm64 com.apple.xcode.tools.swift.compiler (in target 'Flow' from project 'Flow')
    cd /Users/aadityasingh/Documents/Development/element-x-ios/Chatlio.xcodeproj
    builtin-SwiftDriver -- /Applications/Xcode.app/Contents/Developer/Toolchains/XcodeDefault.xctoolchain/usr/bin/swiftc -module-name Flow -Onone @/Users/aadityasingh/Library/Developer/Xcode/DerivedData/Chatlio-erkyzdeecsohoaggpwbjdvavzqfv/Build/Intermediates.noindex/Flow.build/Debug-iphonesimulator/Flow.build/Objects-normal/arm64/Flow.SwiftFileList -DSWIFT_PACKAGE -DDEBUG -DSWIFT_MODULE_RESOURCE_BUNDLE_UNAVAILABLE -DXcode -enable-upcoming-feature ExistentialAny -plugin-path /Applications/Xcode.app/Contents/Developer/Toolchains/XcodeDefault.xctoolchain/usr/lib/swift/host/plugins/testing -enable-experimental-feature DebugDescriptionMacro -sdk /Applications/Xcode.app/Contents/Developer/Platforms/iPhoneSimulator.platform/Developer/SDKs/iPhoneSimulator26.4.sdk -target arm64-apple-ios16.0-simulator -g -module-cache-path /Users/aadityasingh/Library/Developer/Xcode/DerivedData/ModuleCache.noindex -Xfrontend -serialize-debugging-options -profile-coverage-mapping -profile-generate -enable-testing -suppress-warnings -index-store-path /Users/aadityasingh/Library/Developer/Xcode/DerivedData/Chatlio-erkyzdeecsohoaggpwbjdvavzqfv/Index.noindex/DataStore -Xcc -D_LIBCPP_HARDENING_MODE\=_LIBCPP_HARDENING_MODE_DEBUG -swift-version 6 -I /Users/aadityasingh/Library/Developer/Xcode/DerivedData/Chatlio-erkyzdeecsohoaggpwbjdvavzqfv/Build/Products/Debug-iphonesimulator -Isystem /Applications/Xcode.app/Contents/Developer/Platforms/iPhoneSimulator.platform/Developer/usr/lib -F /Users/aadityasingh/Library/Developer/Xcode/DerivedData/Chatlio-erkyzdeecsohoaggpwbjdvavzqfv/Build/Products/Debug-iphonesimulator -F /Applications/Xcode.app/Contents/Developer/Platforms/iPhoneSimulator.platform/Developer/Library/Frameworks -F /Applications/Xcode.app/Contents/Developer/Platforms/iPhoneSimulator.platform/Developer/SDKs/iPhoneSimulator26.4.sdk/Developer/Library/Frameworks -c -j12 -enable-batch-mode -incremental -Xcc -ivfsstatcache -Xcc /Users/aadityasingh/Library/Developer/Xcode/DerivedData/SDKStatCaches.noindex/iphonesimulator26.4-23E252-686eebb5dc1d8ecb277353a59184f4aa.sdkstatcache -output-file-map /Users/aadityasingh/Library/Developer/Xcode/DerivedData/Chatlio-erkyzdeecsohoaggpwbjdvavzqfv/Build/Intermediates.noindex/Flow.build/Debug-iphonesimulator/Flow.build/Objects-normal/arm64/Flow-OutputFileMap.json -use-frontend-parseable-output -save-temps -no-color-diagnostics -explicit-module-build -module-cache-path /Users/aadityasingh/Library/Developer/Xcode/DerivedData/Chatlio-erkyzdeecsohoaggpwbjdvavzqfv/Build/Intermediates.noindex/SwiftExplicitPrecompiledModules -clang-scanner-module-cache-path /Users/aadityasingh/Library/Developer/Xcode/DerivedData/ModuleCache.noindex -sdk-module-cache-path /Users/aadityasingh/Library/Developer/Xcode/DerivedData/ModuleCache.noindex -serialize-diagnostics -emit-dependencies -emit-module -emit-module-path /Users/aadityasingh/Library/Developer/Xcode/DerivedData/Chatlio-erkyzdeecsohoaggpwbjdvavzqfv/Build/Intermediates.noindex/Flow.build/Debug-iphonesimulator/Flow.build/Objects-normal/arm64/Flow.swiftmodule -user-module-version 3.1.1 -validate-clang-modules-once -clang-build-session-file /Users/aadityasingh/Library/Developer/Xcode/DerivedData/ModuleCache.noindex/Session.modulevalidation -package-name swiftui_flow -Xcc -I/Users/aadityasingh/Library/Developer/Xcode/DerivedData/Chatlio-erkyzdeecsohoaggpwbjdvavzqfv/Build/Intermediates.noindex/Flow.build/Debug-iphonesimulator/Flow.build/swift-overrides.hmap -emit-const-values -Xfrontend -const-gather-protocols-file -Xfrontend /Users/aadityasingh/Library/Developer/Xcode/DerivedData/Chatlio-erkyzdeecsohoaggpwbjdvavzqfv/Build/Intermediates.noindex/Flow.build/Debug-iphonesimulator/Flow.build/Objects-normal/arm64/Flow_const_extract_protocols.json -Xcc -I/Users/aadityasingh/Library/Developer/Xcode/DerivedData/Chatlio-erkyzdeecsohoaggpwbjdvavzqfv/Build/Products/Debug-iphonesimulator/include -Xcc -I/Users/aadityasingh/Library/Developer/Xcode/DerivedData/Chatlio-erkyzdeecsohoaggpwbjdvavzqfv/Build/Intermediates.noindex/Flow.build/Debug-iphonesimulator/Flow.build/DerivedSources-normal/arm64 -Xcc -I/Users/aadityasingh/Library/Developer/Xcode/DerivedData/Chatlio-erkyzdeecsohoaggpwbjdvavzqfv/Build/Intermediates.noindex/Flow.build/Debug-iphonesimulator/Flow.build/DerivedSources/arm64 -Xcc -I/Users/aadityasingh/Library/Developer/Xcode/DerivedData/Chatlio-erkyzdeecsohoaggpwbjdvavzqfv/Build/Intermediates.noindex/Flow.build/Debug-iphonesimulator/Flow.build/DerivedSources -Xcc -DSWIFT_PACKAGE -Xcc -DDEBUG\=1 -emit-objc-header -emit-objc-header-path /Users/aadityasingh/Library/Developer/Xcode/DerivedData/Chatlio-erkyzdeecsohoaggpwbjdvavzqfv/Build/Intermediates.noindex/Flow.build/Debug-iphonesimulator/Flow.build/Objects-normal/arm64/Flow-Swift.h -working-directory /Users/aadityasingh/Documents/Development/element-x-ios/Chatlio.xcodeproj -experimental-emit-module-separately -disable-cmo

SwiftDriver Flow normal x86_64 com.apple.xcode.tools.swift.compiler (in target 'Flow' from project 'Flow')
    cd /Users/aadityasingh/Documents/Development/element-x-ios/Chatlio.xcodeproj
    builtin-SwiftDriver -- /Applications/Xcode.app/Contents/Developer/Toolchains/XcodeDefault.xctoolchain/usr/bin/swiftc -module-name Flow -Onone @/Users/aadityasingh/Library/Developer/Xcode/DerivedData/Chatlio-erkyzdeecsohoaggpwbjdvavzqfv/Build/Intermediates.noindex/Flow.build/Debug-iphonesimulator/Flow.build/Objects-normal/x86_64/Flow.SwiftFileList -DSWIFT_PACKAGE -DDEBUG -DSWIFT_MODULE_RESOURCE_BUNDLE_UNAVAILABLE -DXcode -enable-upcoming-feature ExistentialAny -plugin-path /Applications/Xcode.app/Contents/Developer/Toolchains/XcodeDefault.xctoolchain/usr/lib/swift/host/plugins/testing -enable-experimental-feature DebugDescriptionMacro -sdk /Applications/Xcode.app/Contents/Developer/Platforms/iPhoneSimulator.platform/Developer/SDKs/iPhoneSimulator26.4.sdk -target x86_64-apple-ios16.0-simulator -g -module-cache-path /Users/aadityasingh/Library/Developer/Xcode/DerivedData/ModuleCache.noindex -Xfrontend -serialize-debugging-options -profile-coverage-mapping -profile-generate -enable-testing -suppress-warnings -index-store-path /Users/aadityasingh/Library/Developer/Xcode/DerivedData/Chatlio-erkyzdeecsohoaggpwbjdvavzqfv/Index.noindex/DataStore -Xcc -D_LIBCPP_HARDENING_MODE\=_LIBCPP_HARDENING_MODE_DEBUG -swift-version 6 -I /Users/aadityasingh/Library/Developer/Xcode/DerivedData/Chatlio-erkyzdeecsohoaggpwbjdvavzqfv/Build/Products/Debug-iphonesimulator -Isystem /Applications/Xcode.app/Contents/Developer/Platforms/iPhoneSimulator.platform/Developer/usr/lib -F /Users/aadityasingh/Library/Developer/Xcode/DerivedData/Chatlio-erkyzdeecsohoaggpwbjdvavzqfv/Build/Products/Debug-iphonesimulator -F /Applications/Xcode.app/Contents/Developer/Platforms/iPhoneSimulator.platform/Developer/Library/Frameworks -F /Applications/Xcode.app/Contents/Developer/Platforms/iPhoneSimulator.platform/Developer/SDKs/iPhoneSimulator26.4.sdk/Developer/Library/Frameworks -c -j12 -enable-batch-mode -incremental -Xcc -ivfsstatcache -Xcc /Users/aadityasingh/Library/Developer/Xcode/DerivedData/SDKStatCaches.noindex/iphonesimulator26.4-23E252-686eebb5dc1d8ecb277353a59184f4aa.sdkstatcache -output-file-map /Users/aadityasingh/Library/Developer/Xcode/DerivedData/Chatlio-erkyzdeecsohoaggpwbjdvavzqfv/Build/Intermediates.noindex/Flow.build/Debug-iphonesimulator/Flow.build/Objects-normal/x86_64/Flow-OutputFileMap.json -use-frontend-parseable-output -save-temps -no-color-diagnostics -explicit-module-build -module-cache-path /Users/aadityasingh/Library/Developer/Xcode/DerivedData/Chatlio-erkyzdeecsohoaggpwbjdvavzqfv/Build/Intermediates.noindex/SwiftExplicitPrecompiledModules -clang-scanner-module-cache-path /Users/aadityasingh/Library/Developer/Xcode/DerivedData/ModuleCache.noindex -sdk-module-cache-path /Users/aadityasingh/Library/Developer/Xcode/DerivedData/ModuleCache.noindex -serialize-diagnostics -emit-dependencies -emit-module -emit-module-path /Users/aadityasingh/Library/Developer/Xcode/DerivedData/Chatlio-erkyzdeecsohoaggpwbjdvavzqfv/Build/Intermediates.noindex/Flow.build/Debug-iphonesimulator/Flow.build/Objects-normal/x86_64/Flow.swiftmodule -user-module-version 3.1.1 -validate-clang-modules-once -clang-build-session-file /Users/aadityasingh/Library/Developer/Xcode/DerivedData/ModuleCache.noindex/Session.modulevalidation -package-name swiftui_flow -Xcc -I/Users/aadityasingh/Library/Developer/Xcode/DerivedData/Chatlio-erkyzdeecsohoaggpwbjdvavzqfv/Build/Intermediates.noindex/Flow.build/Debug-iphonesimulator/Flow.build/swift-overrides.hmap -emit-const-values -Xfrontend -const-gather-protocols-file -Xfrontend /Users/aadityasingh/Library/Developer/Xcode/DerivedData/Chatlio-erkyzdeecsohoaggpwbjdvavzqfv/Build/Intermediates.noindex/Flow.build/Debug-iphonesimulator/Flow.build/Objects-normal/x86_64/Flow_const_extract_protocols.json -Xcc -I/Users/aadityasingh/Library/Developer/Xcode/DerivedData/Chatlio-erkyzdeecsohoaggpwbjdvavzqfv/Build/Products/Debug-iphonesimulator/include -Xcc -I/Users/aadityasingh/Library/Developer/Xcode/DerivedData/Chatlio-erkyzdeecsohoaggpwbjdvavzqfv/Build/Intermediates.noindex/Flow.build/Debug-iphonesimulator/Flow.build/DerivedSources-normal/x86_64 -Xcc -I/Users/aadityasingh/Library/Developer/Xcode/DerivedData/Chatlio-erkyzdeecsohoaggpwbjdvavzqfv/Build/Intermediates.noindex/Flow.build/Debug-iphonesimulator/Flow.build/DerivedSources/x86_64 -Xcc -I/Users/aadityasingh/Library/Developer/Xcode/DerivedData/Chatlio-erkyzdeecsohoaggpwbjdvavzqfv/Build/Intermediates.noindex/Flow.build/Debug-iphonesimulator/Flow.build/DerivedSources -Xcc -DSWIFT_PACKAGE -Xcc -DDEBUG\=1 -emit-objc-header -emit-objc-header-path /Users/aadityasingh/Library/Developer/Xcode/DerivedData/Chatlio-erkyzdeecsohoaggpwbjdvavzqfv/Build/Intermediates.noindex/Flow.build/Debug-iphonesimulator/Flow.build/Objects-normal/x86_64/Flow-Swift.h -working-directory /Users/aadityasingh/Documents/Development/element-x-ios/Chatlio.xcodeproj -experimental-emit-module-separately -disable-cmo

CreateUniversalBinary /Users/aadityasingh/Library/Developer/Xcode/DerivedData/Chatlio-erkyzdeecsohoaggpwbjdvavzqfv/Build/Products/Debug-iphonesimulator/InternalCollectionsUtilities.o normal arm64\ x86_64 (in target 'InternalCollectionsUtilities' from project 'swift-collections')
    cd /Users/aadityasingh/Library/Developer/Xcode/DerivedData/Chatlio-erkyzdeecsohoaggpwbjdvavzqfv/SourcePackages/checkouts/swift-collections
    /Applications/Xcode.app/Contents/Developer/Toolchains/XcodeDefault.xctoolchain/usr/bin/lipo -create /Users/aadityasingh/Library/Developer/Xcode/DerivedData/Chatlio-erkyzdeecsohoaggpwbjdvavzqfv/Build/Intermediates.noindex/swift-collections.build/Debug-iphonesimulator/InternalCollectionsUtilities.build/Objects-normal/arm64/Binary/InternalCollectionsUtilities.o /Users/aadityasingh/Library/Developer/Xcode/DerivedData/Chatlio-erkyzdeecsohoaggpwbjdvavzqfv/Build/Intermediates.noindex/swift-collections.build/Debug-iphonesimulator/InternalCollectionsUtilities.build/Objects-normal/x86_64/Binary/InternalCollectionsUtilities.o -output /Users/aadityasingh/Library/Developer/Xcode/DerivedData/Chatlio-erkyzdeecsohoaggpwbjdvavzqfv/Build/Products/Debug-iphonesimulator/InternalCollectionsUtilities.o

SwiftDriverJobDiscovery normal x86_64 Compiling UIColor.swift, UITextView.swift (in target 'HTMLParser' from project 'WysiwygComposer')

SwiftDriver Emojibase normal arm64 com.apple.xcode.tools.swift.compiler (in target 'Emojibase' from project 'Emojibase')
    cd /Users/aadityasingh/Documents/Development/element-x-ios/Chatlio.xcodeproj
    builtin-SwiftDriver -- /Applications/Xcode.app/Contents/Developer/Toolchains/XcodeDefault.xctoolchain/usr/bin/swiftc -module-name Emojibase -Onone @/Users/aadityasingh/Library/Developer/Xcode/DerivedData/Chatlio-erkyzdeecsohoaggpwbjdvavzqfv/Build/Intermediates.noindex/Emojibase.build/Debug-iphonesimulator/Emojibase.build/Objects-normal/arm64/Emojibase.SwiftFileList -DSWIFT_PACKAGE -DDEBUG -DSWIFT_MODULE_RESOURCE_BUNDLE_AVAILABLE -DXcode -plugin-path /Applications/Xcode.app/Contents/Developer/Toolchains/XcodeDefault.xctoolchain/usr/lib/swift/host/plugins/testing -enable-experimental-feature DebugDescriptionMacro -sdk /Applications/Xcode.app/Contents/Developer/Platforms/iPhoneSimulator.platform/Developer/SDKs/iPhoneSimulator26.4.sdk -target arm64-apple-ios16.0-simulator -g -module-cache-path /Users/aadityasingh/Library/Developer/Xcode/DerivedData/ModuleCache.noindex -Xfrontend -serialize-debugging-options -profile-coverage-mapping -profile-generate -enable-testing -suppress-warnings -index-store-path /Users/aadityasingh/Library/Developer/Xcode/DerivedData/Chatlio-erkyzdeecsohoaggpwbjdvavzqfv/Index.noindex/DataStore -Xcc -D_LIBCPP_HARDENING_MODE\=_LIBCPP_HARDENING_MODE_DEBUG -swift-version 5 -I /Users/aadityasingh/Library/Developer/Xcode/DerivedData/Chatlio-erkyzdeecsohoaggpwbjdvavzqfv/Build/Products/Debug-iphonesimulator -Isystem /Applications/Xcode.app/Contents/Developer/Platforms/iPhoneSimulator.platform/Developer/usr/lib -F /Users/aadityasingh/Library/Developer/Xcode/DerivedData/Chatlio-erkyzdeecsohoaggpwbjdvavzqfv/Build/Products/Debug-iphonesimulator -F /Applications/Xcode.app/Contents/Developer/Platforms/iPhoneSimulator.platform/Developer/Library/Frameworks -F /Applications/Xcode.app/Contents/Developer/Platforms/iPhoneSimulator.platform/Developer/SDKs/iPhoneSimulator26.4.sdk/Developer/Library/Frameworks -c -j12 -enable-batch-mode -incremental -Xcc -ivfsstatcache -Xcc /Users/aadityasingh/Library/Developer/Xcode/DerivedData/SDKStatCaches.noindex/iphonesimulator26.4-23E252-686eebb5dc1d8ecb277353a59184f4aa.sdkstatcache -output-file-map /Users/aadityasingh/Library/Developer/Xcode/DerivedData/Chatlio-erkyzdeecsohoaggpwbjdvavzqfv/Build/Intermediates.noindex/Emojibase.build/Debug-iphonesimulator/Emojibase.build/Objects-normal/arm64/Emojibase-OutputFileMap.json -use-frontend-parseable-output -save-temps -no-color-diagnostics -explicit-module-build -module-cache-path /Users/aadityasingh/Library/Developer/Xcode/DerivedData/Chatlio-erkyzdeecsohoaggpwbjdvavzqfv/Build/Intermediates.noindex/SwiftExplicitPrecompiledModules -clang-scanner-module-cache-path /Users/aadityasingh/Library/Developer/Xcode/DerivedData/ModuleCache.noindex -sdk-module-cache-path /Users/aadityasingh/Library/Developer/Xcode/DerivedData/ModuleCache.noindex -serialize-diagnostics -emit-dependencies -emit-module -emit-module-path /Users/aadityasingh/Library/Developer/Xcode/DerivedData/Chatlio-erkyzdeecsohoaggpwbjdvavzqfv/Build/Intermediates.noindex/Emojibase.build/Debug-iphonesimulator/Emojibase.build/Objects-normal/arm64/Emojibase.swiftmodule -validate-clang-modules-once -clang-build-session-file /Users/aadityasingh/Library/Developer/Xcode/DerivedData/ModuleCache.noindex/Session.modulevalidation -Xcc -I/Users/aadityasingh/Library/Developer/Xcode/DerivedData/Chatlio-erkyzdeecsohoaggpwbjdvavzqfv/Build/Intermediates.noindex/Emojibase.build/Debug-iphonesimulator/Emojibase.build/swift-overrides.hmap -emit-const-values -Xfrontend -const-gather-protocols-file -Xfrontend /Users/aadityasingh/Library/Developer/Xcode/DerivedData/Chatlio-erkyzdeecsohoaggpwbjdvavzqfv/Build/Intermediates.noindex/Emojibase.build/Debug-iphonesimulator/Emojibase.build/Objects-normal/arm64/Emojibase_const_extract_protocols.json -Xcc -I/Users/aadityasingh/Library/Developer/Xcode/DerivedData/Chatlio-erkyzdeecsohoaggpwbjdvavzqfv/Build/Products/Debug-iphonesimulator/include -Xcc -I/Users/aadityasingh/Library/Developer/Xcode/DerivedData/Chatlio-erkyzdeecsohoaggpwbjdvavzqfv/Build/Intermediates.noindex/Emojibase.build/Debug-iphonesimulator/Emojibase.build/DerivedSources-normal/arm64 -Xcc -I/Users/aadityasingh/Library/Developer/Xcode/DerivedData/Chatlio-erkyzdeecsohoaggpwbjdvavzqfv/Build/Intermediates.noindex/Emojibase.build/Debug-iphonesimulator/Emojibase.build/DerivedSources/arm64 -Xcc -I/Users/aadityasingh/Library/Developer/Xcode/DerivedData/Chatlio-erkyzdeecsohoaggpwbjdvavzqfv/Build/Intermediates.noindex/Emojibase.build/Debug-iphonesimulator/Emojibase.build/DerivedSources -Xcc -DSWIFT_PACKAGE -Xcc -DDEBUG\=1 -emit-objc-header -emit-objc-header-path /Users/aadityasingh/Library/Developer/Xcode/DerivedData/Chatlio-erkyzdeecsohoaggpwbjdvavzqfv/Build/Intermediates.noindex/Emojibase.build/Debug-iphonesimulator/Emojibase.build/Objects-normal/arm64/Emojibase-Swift.h -working-directory /Users/aadityasingh/Documents/Development/element-x-ios/Chatlio.xcodeproj -experimental-emit-module-separately -disable-cmo

SwiftDriver Emojibase normal x86_64 com.apple.xcode.tools.swift.compiler (in target 'Emojibase' from project 'Emojibase')
    cd /Users/aadityasingh/Documents/Development/element-x-ios/Chatlio.xcodeproj
    builtin-SwiftDriver -- /Applications/Xcode.app/Contents/Developer/Toolchains/XcodeDefault.xctoolchain/usr/bin/swiftc -module-name Emojibase -Onone @/Users/aadityasingh/Library/Developer/Xcode/DerivedData/Chatlio-erkyzdeecsohoaggpwbjdvavzqfv/Build/Intermediates.noindex/Emojibase.build/Debug-iphonesimulator/Emojibase.build/Objects-normal/x86_64/Emojibase.SwiftFileList -DSWIFT_PACKAGE -DDEBUG -DSWIFT_MODULE_RESOURCE_BUNDLE_AVAILABLE -DXcode -plugin-path /Applications/Xcode.app/Contents/Developer/Toolchains/XcodeDefault.xctoolchain/usr/lib/swift/host/plugins/testing -enable-experimental-feature DebugDescriptionMacro -sdk /Applications/Xcode.app/Contents/Developer/Platforms/iPhoneSimulator.platform/Developer/SDKs/iPhoneSimulator26.4.sdk -target x86_64-apple-ios16.0-simulator -g -module-cache-path /Users/aadityasingh/Library/Developer/Xcode/DerivedData/ModuleCache.noindex -Xfrontend -serialize-debugging-options -profile-coverage-mapping -profile-generate -enable-testing -suppress-warnings -index-store-path /Users/aadityasingh/Library/Developer/Xcode/DerivedData/Chatlio-erkyzdeecsohoaggpwbjdvavzqfv/Index.noindex/DataStore -Xcc -D_LIBCPP_HARDENING_MODE\=_LIBCPP_HARDENING_MODE_DEBUG -swift-version 5 -I /Users/aadityasingh/Library/Developer/Xcode/DerivedData/Chatlio-erkyzdeecsohoaggpwbjdvavzqfv/Build/Products/Debug-iphonesimulator -Isystem /Applications/Xcode.app/Contents/Developer/Platforms/iPhoneSimulator.platform/Developer/usr/lib -F /Users/aadityasingh/Library/Developer/Xcode/DerivedData/Chatlio-erkyzdeecsohoaggpwbjdvavzqfv/Build/Products/Debug-iphonesimulator -F /Applications/Xcode.app/Contents/Developer/Platforms/iPhoneSimulator.platform/Developer/Library/Frameworks -F /Applications/Xcode.app/Contents/Developer/Platforms/iPhoneSimulator.platform/Developer/SDKs/iPhoneSimulator26.4.sdk/Developer/Library/Frameworks -c -j12 -enable-batch-mode -incremental -Xcc -ivfsstatcache -Xcc /Users/aadityasingh/Library/Developer/Xcode/DerivedData/SDKStatCaches.noindex/iphonesimulator26.4-23E252-686eebb5dc1d8ecb277353a59184f4aa.sdkstatcache -output-file-map /Users/aadityasingh/Library/Developer/Xcode/DerivedData/Chatlio-erkyzdeecsohoaggpwbjdvavzqfv/Build/Intermediates.noindex/Emojibase.build/Debug-iphonesimulator/Emojibase.build/Objects-normal/x86_64/Emojibase-OutputFileMap.json -use-frontend-parseable-output -save-temps -no-color-diagnostics -explicit-module-build -module-cache-path /Users/aadityasingh/Library/Developer/Xcode/DerivedData/Chatlio-erkyzdeecsohoaggpwbjdvavzqfv/Build/Intermediates.noindex/SwiftExplicitPrecompiledModules -clang-scanner-module-cache-path /Users/aadityasingh/Library/Developer/Xcode/DerivedData/ModuleCache.noindex -sdk-module-cache-path /Users/aadityasingh/Library/Developer/Xcode/DerivedData/ModuleCache.noindex -serialize-diagnostics -emit-dependencies -emit-module -emit-module-path /Users/aadityasingh/Library/Developer/Xcode/DerivedData/Chatlio-erkyzdeecsohoaggpwbjdvavzqfv/Build/Intermediates.noindex/Emojibase.build/Debug-iphonesimulator/Emojibase.build/Objects-normal/x86_64/Emojibase.swiftmodule -validate-clang-modules-once -clang-build-session-file /Users/aadityasingh/Library/Developer/Xcode/DerivedData/ModuleCache.noindex/Session.modulevalidation -Xcc -I/Users/aadityasingh/Library/Developer/Xcode/DerivedData/Chatlio-erkyzdeecsohoaggpwbjdvavzqfv/Build/Intermediates.noindex/Emojibase.build/Debug-iphonesimulator/Emojibase.build/swift-overrides.hmap -emit-const-values -Xfrontend -const-gather-protocols-file -Xfrontend /Users/aadityasingh/Library/Developer/Xcode/DerivedData/Chatlio-erkyzdeecsohoaggpwbjdvavzqfv/Build/Intermediates.noindex/Emojibase.build/Debug-iphonesimulator/Emojibase.build/Objects-normal/x86_64/Emojibase_const_extract_protocols.json -Xcc -I/Users/aadityasingh/Library/Developer/Xcode/DerivedData/Chatlio-erkyzdeecsohoaggpwbjdvavzqfv/Build/Products/Debug-iphonesimulator/include -Xcc -I/Users/aadityasingh/Library/Developer/Xcode/DerivedData/Chatlio-erkyzdeecsohoaggpwbjdvavzqfv/Build/Intermediates.noindex/Emojibase.build/Debug-iphonesimulator/Emojibase.build/DerivedSources-normal/x86_64 -Xcc -I/Users/aadityasingh/Library/Developer/Xcode/DerivedData/Chatlio-erkyzdeecsohoaggpwbjdvavzqfv/Build/Intermediates.noindex/Emojibase.build/Debug-iphonesimulator/Emojibase.build/DerivedSources/x86_64 -Xcc -I/Users/aadityasingh/Library/Developer/Xcode/DerivedData/Chatlio-erkyzdeecsohoaggpwbjdvavzqfv/Build/Intermediates.noindex/Emojibase.build/Debug-iphonesimulator/Emojibase.build/DerivedSources -Xcc -DSWIFT_PACKAGE -Xcc -DDEBUG\=1 -emit-objc-header -emit-objc-header-path /Users/aadityasingh/Library/Developer/Xcode/DerivedData/Chatlio-erkyzdeecsohoaggpwbjdvavzqfv/Build/Intermediates.noindex/Emojibase.build/Debug-iphonesimulator/Emojibase.build/Objects-normal/x86_64/Emojibase-Swift.h -working-directory /Users/aadityasingh/Documents/Development/element-x-ios/Chatlio.xcodeproj -experimental-emit-module-separately -disable-cmo

ExtractAppIntentsMetadata (in target 'KeychainAccess' from project 'KeychainAccess')
    cd /Users/aadityasingh/Library/Developer/Xcode/DerivedData/Chatlio-erkyzdeecsohoaggpwbjdvavzqfv/SourcePackages/checkouts/KeychainAccess
    /Applications/Xcode.app/Contents/Developer/Toolchains/XcodeDefault.xctoolchain/usr/bin/appintentsmetadataprocessor --toolchain-dir /Applications/Xcode.app/Contents/Developer/Toolchains/XcodeDefault.xctoolchain --module-name KeychainAccess --sdk-root /Applications/Xcode.app/Contents/Developer/Platforms/iPhoneSimulator.platform/Developer/SDKs/iPhoneSimulator26.4.sdk --xcode-version 17E202 --platform-family iOS --deployment-target 12.0 --bundle-identifier keychainaccess.KeychainAccess --output /Users/aadityasingh/Library/Developer/Xcode/DerivedData/Chatlio-erkyzdeecsohoaggpwbjdvavzqfv/Build/Products/Debug-iphonesimulator/KeychainAccess.appintents --target-triple arm64-apple-ios12.0-simulator --target-triple x86_64-apple-ios12.0-simulator --binary-file /Users/aadityasingh/Library/Developer/Xcode/DerivedData/Chatlio-erkyzdeecsohoaggpwbjdvavzqfv/Build/Products/Debug-iphonesimulator/KeychainAccess.o --dependency-file /Users/aadityasingh/Library/Developer/Xcode/DerivedData/Chatlio-erkyzdeecsohoaggpwbjdvavzqfv/Build/Intermediates.noindex/KeychainAccess.build/Debug-iphonesimulator/KeychainAccess.build/Objects-normal/arm64/KeychainAccess_dependency_info.dat --dependency-file /Users/aadityasingh/Library/Developer/Xcode/DerivedData/Chatlio-erkyzdeecsohoaggpwbjdvavzqfv/Build/Intermediates.noindex/KeychainAccess.build/Debug-iphonesimulator/KeychainAccess.build/Objects-normal/x86_64/KeychainAccess_dependency_info.dat --stringsdata-file /Users/aadityasingh/Library/Developer/Xcode/DerivedData/Chatlio-erkyzdeecsohoaggpwbjdvavzqfv/Build/Intermediates.noindex/KeychainAccess.build/Debug-iphonesimulator/KeychainAccess.build/Objects-normal/arm64/ExtractedAppShortcutsMetadata.stringsdata --stringsdata-file /Users/aadityasingh/Library/Developer/Xcode/DerivedData/Chatlio-erkyzdeecsohoaggpwbjdvavzqfv/Build/Intermediates.noindex/KeychainAccess.build/Debug-iphonesimulator/KeychainAccess.build/Objects-normal/x86_64/ExtractedAppShortcutsMetadata.stringsdata --source-file-list /Users/aadityasingh/Library/Developer/Xcode/DerivedData/Chatlio-erkyzdeecsohoaggpwbjdvavzqfv/Build/Intermediates.noindex/KeychainAccess.build/Debug-iphonesimulator/KeychainAccess.build/Objects-normal/arm64/KeychainAccess.SwiftFileList --source-file-list /Users/aadityasingh/Library/Developer/Xcode/DerivedData/Chatlio-erkyzdeecsohoaggpwbjdvavzqfv/Build/Intermediates.noindex/KeychainAccess.build/Debug-iphonesimulator/KeychainAccess.build/Objects-normal/x86_64/KeychainAccess.SwiftFileList --metadata-file-list /Users/aadityasingh/Library/Developer/Xcode/DerivedData/Chatlio-erkyzdeecsohoaggpwbjdvavzqfv/Build/Intermediates.noindex/KeychainAccess.build/Debug-iphonesimulator/KeychainAccess.build/KeychainAccess.DependencyMetadataFileList --static-metadata-file-list /Users/aadityasingh/Library/Developer/Xcode/DerivedData/Chatlio-erkyzdeecsohoaggpwbjdvavzqfv/Build/Intermediates.noindex/KeychainAccess.build/Debug-iphonesimulator/KeychainAccess.build/KeychainAccess.DependencyStaticMetadataFileList --swift-const-vals-list /Users/aadityasingh/Library/Developer/Xcode/DerivedData/Chatlio-erkyzdeecsohoaggpwbjdvavzqfv/Build/Intermediates.noindex/KeychainAccess.build/Debug-iphonesimulator/KeychainAccess.build/Objects-normal/arm64/KeychainAccess.SwiftConstValuesFileList --swift-const-vals-list /Users/aadityasingh/Library/Developer/Xcode/DerivedData/Chatlio-erkyzdeecsohoaggpwbjdvavzqfv/Build/Intermediates.noindex/KeychainAccess.build/Debug-iphonesimulator/KeychainAccess.build/Objects-normal/x86_64/KeychainAccess.SwiftConstValuesFileList --force --compile-time-extraction --deployment-aware-processing --validate-assistant-intents --no-app-shortcuts-localization
2026-05-11 23:03:32.677 appintentsmetadataprocessor[19519:2634767] Starting appintentsmetadataprocessor export
2026-05-11 23:03:32.697 appintentsmetadataprocessor[19519:2634767] Extracted no relevant App Intents symbols, skipping writing output

SwiftDriverJobDiscovery normal x86_64 Compiling NSMutableAttributedString.swift, NSParagraphStyle.swift (in target 'HTMLParser' from project 'WysiwygComposer')

SwiftDriverJobDiscovery normal x86_64 Compiling BlockStyle.swift, BuildHTMLAttributedError.swift (in target 'HTMLParser' from project 'WysiwygComposer')

ScanDependencies /Users/aadityasingh/Library/Developer/Xcode/DerivedData/Chatlio-erkyzdeecsohoaggpwbjdvavzqfv/Build/Intermediates.noindex/GZIP.build/Debug-iphonesimulator/GZIP.build/Objects-normal/x86_64/NSData+GZIP.o /Users/aadityasingh/Library/Developer/Xcode/DerivedData/Chatlio-erkyzdeecsohoaggpwbjdvavzqfv/SourcePackages/checkouts/GZIP/GZIP/Sources/NSData+GZIP.m normal x86_64 objective-c com.apple.compilers.llvm.clang.1_0.compiler (in target 'GZIP' from project 'GZIP')
    cd /Users/aadityasingh/Documents/Development/element-x-ios/Chatlio.xcodeproj
    
    Using response file: /Users/aadityasingh/Library/Developer/Xcode/DerivedData/Chatlio-erkyzdeecsohoaggpwbjdvavzqfv/Build/Intermediates.noindex/GZIP.build/Debug-iphonesimulator/GZIP.build/Objects-normal/x86_64/e6072d4f65d7061329687fe24e3d63a7-common-args.resp
    
    builtin-ScanDependencies -o /Users/aadityasingh/Library/Developer/Xcode/DerivedData/Chatlio-erkyzdeecsohoaggpwbjdvavzqfv/Build/Intermediates.noindex/GZIP.build/Debug-iphonesimulator/GZIP.build/Objects-normal/x86_64/NSData+GZIP.o.scan -- /Applications/Xcode.app/Contents/Developer/Toolchains/XcodeDefault.xctoolchain/usr/bin/clang -x objective-c -ivfsstatcache /Users/aadityasingh/Library/Developer/Xcode/DerivedData/SDKStatCaches.noindex/iphonesimulator26.4-23E252-686eebb5dc1d8ecb277353a59184f4aa.sdkstatcache -target x86_64-apple-ios12.0-simulator -fmessage-length\=0 -fdiagnostics-show-note-include-stack -fmacro-backtrace-limit\=0 -fno-color-diagnostics -fmodules-prune-interval\=86400 -fmodules-prune-after\=345600 -fbuild-session-file\=/Users/aadityasingh/Library/Developer/Xcode/DerivedData/ModuleCache.noindex/Session.modulevalidation -fmodules-validate-once-per-build-session -Wnon-modular-include-in-framework-module -Werror\=non-modular-include-in-framework-module -Wno-trigraphs -Wno-missing-field-initializers -Wno-missing-prototypes -Wno-return-type -Wno-implicit-atomic-properties -Wno-objc-interface-ivars -Wno-arc-repeated-use-of-weak -Wno-missing-braces -Wparentheses -Wswitch -Wno-unused-function -Wno-unused-label -Wno-unused-parameter -Wno-unused-variable -Wunused-value -Wno-empty-body -Wno-uninitialized -Wno-unknown-pragmas -w -Wno-shadow -Wno-four-char-constants -Wno-conversion -Wno-constant-conversion -Wno-int-conversion -Wno-bool-conversion -Wno-enum-conversion -Wno-float-conversion -Wno-non-literal-null-conversion -Wno-objc-literal-conversion -Wshorten-64-to-32 -Wpointer-sign -Wno-newline-eof -Wno-selector -Wno-strict-selector-match -Wno-undeclared-selector -Wno-deprecated-implementations -Wno-implicit-fallthrough -isysroot /Applications/Xcode.app/Contents/Developer/Platforms/iPhoneSimulator.platform/Developer/SDKs/iPhoneSimulator26.4.sdk -fstrict-aliasing -Wprotocol -Wdeprecated-declarations -Wno-sign-conversion -Wno-infinite-recursion -Wno-comma -Wno-block-capture-autoreleasing -Wno-strict-prototypes -Wno-semicolon-before-method-body -index-store-path /Users/aadityasingh/Library/Developer/Xcode/DerivedData/Chatlio-erkyzdeecsohoaggpwbjdvavzqfv/Index.noindex/DataStore @/Users/aadityasingh/Library/Developer/Xcode/DerivedData/Chatlio-erkyzdeecsohoaggpwbjdvavzqfv/Build/Intermediates.noindex/GZIP.build/Debug-iphonesimulator/GZIP.build/Objects-normal/x86_64/e6072d4f65d7061329687fe24e3d63a7-common-args.resp -MMD -MT dependencies -MF /Users/aadityasingh/Library/Developer/Xcode/DerivedData/Chatlio-erkyzdeecsohoaggpwbjdvavzqfv/Build/Intermediates.noindex/GZIP.build/Debug-iphonesimulator/GZIP.build/Objects-normal/x86_64/NSData+GZIP.d --serialize-diagnostics /Users/aadityasingh/Library/Developer/Xcode/DerivedData/Chatlio-erkyzdeecsohoaggpwbjdvavzqfv/Build/Intermediates.noindex/GZIP.build/Debug-iphonesimulator/GZIP.build/Objects-normal/x86_64/NSData+GZIP.dia -c /Users/aadityasingh/Library/Developer/Xcode/DerivedData/Chatlio-erkyzdeecsohoaggpwbjdvavzqfv/SourcePackages/checkouts/GZIP/GZIP/Sources/NSData+GZIP.m -o /Users/aadityasingh/Library/Developer/Xcode/DerivedData/Chatlio-erkyzdeecsohoaggpwbjdvavzqfv/Build/Intermediates.noindex/GZIP.build/Debug-iphonesimulator/GZIP.build/Objects-normal/x86_64/NSData+GZIP.o -index-unit-output-path /GZIP.build/Debug-iphonesimulator/GZIP.build/Objects-normal/x86_64/NSData+GZIP.o

ScanDependencies /Users/aadityasingh/Library/Developer/Xcode/DerivedData/Chatlio-erkyzdeecsohoaggpwbjdvavzqfv/Build/Intermediates.noindex/GZIP.build/Debug-iphonesimulator/GZIP.build/Objects-normal/arm64/NSData+GZIP.o /Users/aadityasingh/Library/Developer/Xcode/DerivedData/Chatlio-erkyzdeecsohoaggpwbjdvavzqfv/SourcePackages/checkouts/GZIP/GZIP/Sources/NSData+GZIP.m normal arm64 objective-c com.apple.compilers.llvm.clang.1_0.compiler (in target 'GZIP' from project 'GZIP')
    cd /Users/aadityasingh/Documents/Development/element-x-ios/Chatlio.xcodeproj
    
    Using response file: /Users/aadityasingh/Library/Developer/Xcode/DerivedData/Chatlio-erkyzdeecsohoaggpwbjdvavzqfv/Build/Intermediates.noindex/GZIP.build/Debug-iphonesimulator/GZIP.build/Objects-normal/arm64/e6072d4f65d7061329687fe24e3d63a7-common-args.resp
    
    builtin-ScanDependencies -o /Users/aadityasingh/Library/Developer/Xcode/DerivedData/Chatlio-erkyzdeecsohoaggpwbjdvavzqfv/Build/Intermediates.noindex/GZIP.build/Debug-iphonesimulator/GZIP.build/Objects-normal/arm64/NSData+GZIP.o.scan -- /Applications/Xcode.app/Contents/Developer/Toolchains/XcodeDefault.xctoolchain/usr/bin/clang -x objective-c -ivfsstatcache /Users/aadityasingh/Library/Developer/Xcode/DerivedData/SDKStatCaches.noindex/iphonesimulator26.4-23E252-686eebb5dc1d8ecb277353a59184f4aa.sdkstatcache -target arm64-apple-ios12.0-simulator -fmessage-length\=0 -fdiagnostics-show-note-include-stack -fmacro-backtrace-limit\=0 -fno-color-diagnostics -fmodules-prune-interval\=86400 -fmodules-prune-after\=345600 -fbuild-session-file\=/Users/aadityasingh/Library/Developer/Xcode/DerivedData/ModuleCache.noindex/Session.modulevalidation -fmodules-validate-once-per-build-session -Wnon-modular-include-in-framework-module -Werror\=non-modular-include-in-framework-module -Wno-trigraphs -Wno-missing-field-initializers -Wno-missing-prototypes -Wno-return-type -Wno-implicit-atomic-properties -Wno-objc-interface-ivars -Wno-arc-repeated-use-of-weak -Wno-missing-braces -Wparentheses -Wswitch -Wno-unused-function -Wno-unused-label -Wno-unused-parameter -Wno-unused-variable -Wunused-value -Wno-empty-body -Wno-uninitialized -Wno-unknown-pragmas -w -Wno-shadow -Wno-four-char-constants -Wno-conversion -Wno-constant-conversion -Wno-int-conversion -Wno-bool-conversion -Wno-enum-conversion -Wno-float-conversion -Wno-non-literal-null-conversion -Wno-objc-literal-conversion -Wshorten-64-to-32 -Wpointer-sign -Wno-newline-eof -Wno-selector -Wno-strict-selector-match -Wno-undeclared-selector -Wno-deprecated-implementations -Wno-implicit-fallthrough -isysroot /Applications/Xcode.app/Contents/Developer/Platforms/iPhoneSimulator.platform/Developer/SDKs/iPhoneSimulator26.4.sdk -fstrict-aliasing -Wprotocol -Wdeprecated-declarations -Wno-sign-conversion -Wno-infinite-recursion -Wno-comma -Wno-block-capture-autoreleasing -Wno-strict-prototypes -Wno-semicolon-before-method-body -index-store-path /Users/aadityasingh/Library/Developer/Xcode/DerivedData/Chatlio-erkyzdeecsohoaggpwbjdvavzqfv/Index.noindex/DataStore @/Users/aadityasingh/Library/Developer/Xcode/DerivedData/Chatlio-erkyzdeecsohoaggpwbjdvavzqfv/Build/Intermediates.noindex/GZIP.build/Debug-iphonesimulator/GZIP.build/Objects-normal/arm64/e6072d4f65d7061329687fe24e3d63a7-common-args.resp -MMD -MT dependencies -MF /Users/aadityasingh/Library/Developer/Xcode/DerivedData/Chatlio-erkyzdeecsohoaggpwbjdvavzqfv/Build/Intermediates.noindex/GZIP.build/Debug-iphonesimulator/GZIP.build/Objects-normal/arm64/NSData+GZIP.d --serialize-diagnostics /Users/aadityasingh/Library/Developer/Xcode/DerivedData/Chatlio-erkyzdeecsohoaggpwbjdvavzqfv/Build/Intermediates.noindex/GZIP.build/Debug-iphonesimulator/GZIP.build/Objects-normal/arm64/NSData+GZIP.dia -c /Users/aadityasingh/Library/Developer/Xcode/DerivedData/Chatlio-erkyzdeecsohoaggpwbjdvavzqfv/SourcePackages/checkouts/GZIP/GZIP/Sources/NSData+GZIP.m -o /Users/aadityasingh/Library/Developer/Xcode/DerivedData/Chatlio-erkyzdeecsohoaggpwbjdvavzqfv/Build/Intermediates.noindex/GZIP.build/Debug-iphonesimulator/GZIP.build/Objects-normal/arm64/NSData+GZIP.o -index-unit-output-path /GZIP.build/Debug-iphonesimulator/GZIP.build/Objects-normal/arm64/NSData+GZIP.o

SwiftDriverJobDiscovery normal x86_64 Compiling HTMLMentionReplacer.swift, HTMLParser.swift (in target 'HTMLParser' from project 'WysiwygComposer')

SwiftDriver\ Compilation HTMLParser normal x86_64 com.apple.xcode.tools.swift.compiler (in target 'HTMLParser' from project 'WysiwygComposer')
    cd /Users/aadityasingh/Documents/Development/element-x-ios/Chatlio.xcodeproj
    builtin-Swift-Compilation -- /Applications/Xcode.app/Contents/Developer/Toolchains/XcodeDefault.xctoolchain/usr/bin/swiftc -module-name HTMLParser -Onone @/Users/aadityasingh/Library/Developer/Xcode/DerivedData/Chatlio-erkyzdeecsohoaggpwbjdvavzqfv/Build/Intermediates.noindex/WysiwygComposer.build/Debug-iphonesimulator/HTMLParser.build/Objects-normal/x86_64/HTMLParser.SwiftFileList -DSWIFT_PACKAGE -DDEBUG -DSWIFT_MODULE_RESOURCE_BUNDLE_UNAVAILABLE -Xcc -fmodule-map-file\=/Users/aadityasingh/Library/Developer/Xcode/DerivedData/Chatlio-erkyzdeecsohoaggpwbjdvavzqfv/Build/Intermediates.noindex/GeneratedModuleMaps-iphonesimulator/DTFoundation.modulemap -Xcc -fmodule-map-file\=/Users/aadityasingh/Library/Developer/Xcode/DerivedData/Chatlio-erkyzdeecsohoaggpwbjdvavzqfv/Build/Intermediates.noindex/GeneratedModuleMaps-iphonesimulator/DTCoreText.modulemap -Xcc -fmodule-map-file\=/Users/aadityasingh/Library/Developer/Xcode/DerivedData/Chatlio-erkyzdeecsohoaggpwbjdvavzqfv/Build/Intermediates.noindex/GeneratedModuleMaps-iphonesimulator/DTCoreTextExtended.modulemap -DXcode -plugin-path /Applications/Xcode.app/Contents/Developer/Toolchains/XcodeDefault.xctoolchain/usr/lib/swift/host/plugins/testing -enable-experimental-feature DebugDescriptionMacro -sdk /Applications/Xcode.app/Contents/Developer/Platforms/iPhoneSimulator.platform/Developer/SDKs/iPhoneSimulator26.4.sdk -target x86_64-apple-ios15.0-simulator -g -module-cache-path /Users/aadityasingh/Library/Developer/Xcode/DerivedData/ModuleCache.noindex -Xfrontend -serialize-debugging-options -profile-coverage-mapping -profile-generate -enable-testing -suppress-warnings -index-store-path /Users/aadityasingh/Library/Developer/Xcode/DerivedData/Chatlio-erkyzdeecsohoaggpwbjdvavzqfv/Index.noindex/DataStore -Xcc -D_LIBCPP_HARDENING_MODE\=_LIBCPP_HARDENING_MODE_DEBUG -swift-version 5 -I /Users/aadityasingh/Library/Developer/Xcode/DerivedData/Chatlio-erkyzdeecsohoaggpwbjdvavzqfv/Build/Products/Debug-iphonesimulator -Isystem /Applications/Xcode.app/Contents/Developer/Platforms/iPhoneSimulator.platform/Developer/usr/lib -F /Users/aadityasingh/Library/Developer/Xcode/DerivedData/Chatlio-erkyzdeecsohoaggpwbjdvavzqfv/Build/Products/Debug-iphonesimulator/PackageFrameworks -F /Users/aadityasingh/Library/Developer/Xcode/DerivedData/Chatlio-erkyzdeecsohoaggpwbjdvavzqfv/Build/Products/Debug-iphonesimulator/PackageFrameworks -F /Users/aadityasingh/Library/Developer/Xcode/DerivedData/Chatlio-erkyzdeecsohoaggpwbjdvavzqfv/Build/Products/Debug-iphonesimulator/PackageFrameworks -F /Users/aadityasingh/Library/Developer/Xcode/DerivedData/Chatlio-erkyzdeecsohoaggpwbjdvavzqfv/Build/Products/Debug-iphonesimulator -F /Applications/Xcode.app/Contents/Developer/Platforms/iPhoneSimulator.platform/Developer/Library/Frameworks -F /Applications/Xcode.app/Contents/Developer/Platforms/iPhoneSimulator.platform/Developer/SDKs/iPhoneSimulator26.4.sdk/Developer/Library/Frameworks -c -j12 -enable-batch-mode -incremental -Xcc -ivfsstatcache -Xcc /Users/aadityasingh/Library/Developer/Xcode/DerivedData/SDKStatCaches.noindex/iphonesimulator26.4-23E252-686eebb5dc1d8ecb277353a59184f4aa.sdkstatcache -output-file-map /Users/aadityasingh/Library/Developer/Xcode/DerivedData/Chatlio-erkyzdeecsohoaggpwbjdvavzqfv/Build/Intermediates.noindex/WysiwygComposer.build/Debug-iphonesimulator/HTMLParser.build/Objects-normal/x86_64/HTMLParser-OutputFileMap.json -use-frontend-parseable-output -save-temps -no-color-diagnostics -explicit-module-build -module-cache-path /Users/aadityasingh/Library/Developer/Xcode/DerivedData/Chatlio-erkyzdeecsohoaggpwbjdvavzqfv/Build/Intermediates.noindex/SwiftExplicitPrecompiledModules -clang-scanner-module-cache-path /Users/aadityasingh/Library/Developer/Xcode/DerivedData/ModuleCache.noindex -sdk-module-cache-path /Users/aadityasingh/Library/Developer/Xcode/DerivedData/ModuleCache.noindex -serialize-diagnostics -emit-dependencies -emit-module -emit-module-path /Users/aadityasingh/Library/Developer/Xcode/DerivedData/Chatlio-erkyzdeecsohoaggpwbjdvavzqfv/Build/Intermediates.noindex/WysiwygComposer.build/Debug-iphonesimulator/HTMLParser.build/Objects-normal/x86_64/HTMLParser.swiftmodule -validate-clang-modules-once -clang-build-session-file /Users/aadityasingh/Library/Developer/Xcode/DerivedData/ModuleCache.noindex/Session.modulevalidation -Xcc -I/Users/aadityasingh/Library/Developer/Xcode/DerivedData/Chatlio-erkyzdeecsohoaggpwbjdvavzqfv/Build/Intermediates.noindex/WysiwygComposer.build/Debug-iphonesimulator/HTMLParser.build/swift-overrides.hmap -emit-const-values -Xfrontend -const-gather-protocols-file -Xfrontend /Users/aadityasingh/Library/Developer/Xcode/DerivedData/Chatlio-erkyzdeecsohoaggpwbjdvavzqfv/Build/Intermediates.noindex/WysiwygComposer.build/Debug-iphonesimulator/HTMLParser.build/Objects-normal/x86_64/HTMLParser_const_extract_protocols.json -Xcc -I/Users/aadityasingh/Library/Developer/Xcode/DerivedData/Chatlio-erkyzdeecsohoaggpwbjdvavzqfv/SourcePackages/checkouts/DTFoundation/Core/include -Xcc -I/Users/aadityasingh/Library/Developer/Xcode/DerivedData/Chatlio-erkyzdeecsohoaggpwbjdvavzqfv/SourcePackages/checkouts/DTCoreText/Core/include -Xcc -I/Users/aadityasingh/Library/Developer/Xcode/DerivedData/Chatlio-erkyzdeecsohoaggpwbjdvavzqfv/SourcePackages/checkouts/matrix-rich-text-editor-swift/Sources/DTCoreTextExtended/include -Xcc -I/Users/aadityasingh/Library/Developer/Xcode/DerivedData/Chatlio-erkyzdeecsohoaggpwbjdvavzqfv/Build/Products/Debug-iphonesimulator/include -Xcc -I/Users/aadityasingh/Library/Developer/Xcode/DerivedData/Chatlio-erkyzdeecsohoaggpwbjdvavzqfv/Build/Intermediates.noindex/WysiwygComposer.build/Debug-iphonesimulator/HTMLParser.build/DerivedSources-normal/x86_64 -Xcc -I/Users/aadityasingh/Library/Developer/Xcode/DerivedData/Chatlio-erkyzdeecsohoaggpwbjdvavzqfv/Build/Intermediates.noindex/WysiwygComposer.build/Debug-iphonesimulator/HTMLParser.build/DerivedSources/x86_64 -Xcc -I/Users/aadityasingh/Library/Developer/Xcode/DerivedData/Chatlio-erkyzdeecsohoaggpwbjdvavzqfv/Build/Intermediates.noindex/WysiwygComposer.build/Debug-iphonesimulator/HTMLParser.build/DerivedSources -Xcc -DSWIFT_PACKAGE -Xcc -DDEBUG\=1 -emit-objc-header -emit-objc-header-path /Users/aadityasingh/Library/Developer/Xcode/DerivedData/Chatlio-erkyzdeecsohoaggpwbjdvavzqfv/Build/Intermediates.noindex/WysiwygComposer.build/Debug-iphonesimulator/HTMLParser.build/Objects-normal/x86_64/HTMLParser-Swift.h -working-directory /Users/aadityasingh/Documents/Development/element-x-ios/Chatlio.xcodeproj -experimental-emit-module-separately -disable-cmo

SwiftEmitModule normal arm64 Emitting\ module\ for\ _RopeModule (in target '_RopeModule' from project 'swift-collections')

EmitSwiftModule normal arm64 (in target '_RopeModule' from project 'swift-collections')
    cd /Users/aadityasingh/Documents/Development/element-x-ios/Chatlio.xcodeproj
    

SwiftEmitModule normal x86_64 Emitting\ module\ for\ _RopeModule (in target '_RopeModule' from project 'swift-collections')

EmitSwiftModule normal x86_64 (in target '_RopeModule' from project 'swift-collections')
    cd /Users/aadityasingh/Documents/Development/element-x-ios/Chatlio.xcodeproj
    

SwiftCompile normal x86_64 Compiling\ BigString+RemoveSubrange.swift,\ BigString+ReplaceSubrange.swift,\ BigString+Split.swift,\ Range+BigString.swift,\ BigString+UTF16View.swift,\ BigString+UTF8View.swift /Users/aadityasingh/Library/Developer/Xcode/DerivedData/Chatlio-erkyzdeecsohoaggpwbjdvavzqfv/SourcePackages/checkouts/swift-collections/Sources/RopeModule/BigString/Operations/BigString+RemoveSubrange.swift /Users/aadityasingh/Library/Developer/Xcode/DerivedData/Chatlio-erkyzdeecsohoaggpwbjdvavzqfv/SourcePackages/checkouts/swift-collections/Sources/RopeModule/BigString/Operations/BigString+ReplaceSubrange.swift /Users/aadityasingh/Library/Developer/Xcode/DerivedData/Chatlio-erkyzdeecsohoaggpwbjdvavzqfv/SourcePackages/checkouts/swift-collections/Sources/RopeModule/BigString/Operations/BigString+Split.swift /Users/aadityasingh/Library/Developer/Xcode/DerivedData/Chatlio-erkyzdeecsohoaggpwbjdvavzqfv/SourcePackages/checkouts/swift-collections/Sources/RopeModule/BigString/Operations/Range+BigString.swift /Users/aadityasingh/Library/Developer/Xcode/DerivedData/Chatlio-erkyzdeecsohoaggpwbjdvavzqfv/SourcePackages/checkouts/swift-collections/Sources/RopeModule/BigString/Views/BigString+UTF16View.swift /Users/aadityasingh/Library/Developer/Xcode/DerivedData/Chatlio-erkyzdeecsohoaggpwbjdvavzqfv/SourcePackages/checkouts/swift-collections/Sources/RopeModule/BigString/Views/BigString+UTF8View.swift (in target '_RopeModule' from project 'swift-collections')

SwiftCompile normal x86_64 /Users/aadityasingh/Library/Developer/Xcode/DerivedData/Chatlio-erkyzdeecsohoaggpwbjdvavzqfv/SourcePackages/checkouts/swift-collections/Sources/RopeModule/BigString/Operations/BigString+RemoveSubrange.swift (in target '_RopeModule' from project 'swift-collections')
    cd /Users/aadityasingh/Documents/Development/element-x-ios/Chatlio.xcodeproj
    

SwiftCompile normal x86_64 /Users/aadityasingh/Library/Developer/Xcode/DerivedData/Chatlio-erkyzdeecsohoaggpwbjdvavzqfv/SourcePackages/checkouts/swift-collections/Sources/RopeModule/BigString/Operations/BigString+ReplaceSubrange.swift (in target '_RopeModule' from project 'swift-collections')
    cd /Users/aadityasingh/Documents/Development/element-x-ios/Chatlio.xcodeproj
    

SwiftCompile normal x86_64 /Users/aadityasingh/Library/Developer/Xcode/DerivedData/Chatlio-erkyzdeecsohoaggpwbjdvavzqfv/SourcePackages/checkouts/swift-collections/Sources/RopeModule/BigString/Operations/BigString+Split.swift (in target '_RopeModule' from project 'swift-collections')
    cd /Users/aadityasingh/Documents/Development/element-x-ios/Chatlio.xcodeproj
    

SwiftCompile normal x86_64 /Users/aadityasingh/Library/Developer/Xcode/DerivedData/Chatlio-erkyzdeecsohoaggpwbjdvavzqfv/SourcePackages/checkouts/swift-collections/Sources/RopeModule/BigString/Operations/Range+BigString.swift (in target '_RopeModule' from project 'swift-collections')
    cd /Users/aadityasingh/Documents/Development/element-x-ios/Chatlio.xcodeproj
    

SwiftCompile normal x86_64 /Users/aadityasingh/Library/Developer/Xcode/DerivedData/Chatlio-erkyzdeecsohoaggpwbjdvavzqfv/SourcePackages/checkouts/swift-collections/Sources/RopeModule/BigString/Views/BigString+UTF16View.swift (in target '_RopeModule' from project 'swift-collections')
    cd /Users/aadityasingh/Documents/Development/element-x-ios/Chatlio.xcodeproj
    

SwiftCompile normal x86_64 /Users/aadityasingh/Library/Developer/Xcode/DerivedData/Chatlio-erkyzdeecsohoaggpwbjdvavzqfv/SourcePackages/checkouts/swift-collections/Sources/RopeModule/BigString/Views/BigString+UTF8View.swift (in target '_RopeModule' from project 'swift-collections')
    cd /Users/aadityasingh/Documents/Development/element-x-ios/Chatlio.xcodeproj
    

SwiftDriverJobDiscovery normal arm64 Compiling CGRect.swift, DTHTMLElement.swift (in target 'HTMLParser' from project 'WysiwygComposer')

SwiftCompile normal x86_64 Compiling\ BigString+Metrics.swift,\ BigString+Summary.swift,\ BigString.swift,\ BigString+Chunk+Append\ and\ Insert.swift,\ BigString+Chunk+Breaks.swift,\ BigString+Chunk+Counts.swift,\ BigString+Chunk+Description.swift /Users/aadityasingh/Library/Developer/Xcode/DerivedData/Chatlio-erkyzdeecsohoaggpwbjdvavzqfv/SourcePackages/checkouts/swift-collections/Sources/RopeModule/BigString/Basics/BigString+Metrics.swift /Users/aadityasingh/Library/Developer/Xcode/DerivedData/Chatlio-erkyzdeecsohoaggpwbjdvavzqfv/SourcePackages/checkouts/swift-collections/Sources/RopeModule/BigString/Basics/BigString+Summary.swift /Users/aadityasingh/Library/Developer/Xcode/DerivedData/Chatlio-erkyzdeecsohoaggpwbjdvavzqfv/SourcePackages/checkouts/swift-collections/Sources/RopeModule/BigString/Basics/BigString.swift /Users/aadityasingh/Library/Developer/Xcode/DerivedData/Chatlio-erkyzdeecsohoaggpwbjdvavzqfv/SourcePackages/checkouts/swift-collections/Sources/RopeModule/BigString/Chunk/BigString+Chunk+Append\ and\ Insert.swift /Users/aadityasingh/Library/Developer/Xcode/DerivedData/Chatlio-erkyzdeecsohoaggpwbjdvavzqfv/SourcePackages/checkouts/swift-collections/Sources/RopeModule/BigString/Chunk/BigString+Chunk+Breaks.swift /Users/aadityasingh/Library/Developer/Xcode/DerivedData/Chatlio-erkyzdeecsohoaggpwbjdvavzqfv/SourcePackages/checkouts/swift-collections/Sources/RopeModule/BigString/Chunk/BigString+Chunk+Counts.swift /Users/aadityasingh/Library/Developer/Xcode/DerivedData/Chatlio-erkyzdeecsohoaggpwbjdvavzqfv/SourcePackages/checkouts/swift-collections/Sources/RopeModule/BigString/Chunk/BigString+Chunk+Description.swift (in target '_RopeModule' from project 'swift-collections')

SwiftCompile normal x86_64 /Users/aadityasingh/Library/Developer/Xcode/DerivedData/Chatlio-erkyzdeecsohoaggpwbjdvavzqfv/SourcePackages/checkouts/swift-collections/Sources/RopeModule/BigString/Basics/BigString+Metrics.swift (in target '_RopeModule' from project 'swift-collections')
    cd /Users/aadityasingh/Documents/Development/element-x-ios/Chatlio.xcodeproj
    

SwiftCompile normal x86_64 /Users/aadityasingh/Library/Developer/Xcode/DerivedData/Chatlio-erkyzdeecsohoaggpwbjdvavzqfv/SourcePackages/checkouts/swift-collections/Sources/RopeModule/BigString/Basics/BigString+Summary.swift (in target '_RopeModule' from project 'swift-collections')
    cd /Users/aadityasingh/Documents/Development/element-x-ios/Chatlio.xcodeproj
    

SwiftCompile normal x86_64 /Users/aadityasingh/Library/Developer/Xcode/DerivedData/Chatlio-erkyzdeecsohoaggpwbjdvavzqfv/SourcePackages/checkouts/swift-collections/Sources/RopeModule/BigString/Basics/BigString.swift (in target '_RopeModule' from project 'swift-collections')
    cd /Users/aadityasingh/Documents/Development/element-x-ios/Chatlio.xcodeproj
    

SwiftCompile normal x86_64 /Users/aadityasingh/Library/Developer/Xcode/DerivedData/Chatlio-erkyzdeecsohoaggpwbjdvavzqfv/SourcePackages/checkouts/swift-collections/Sources/RopeModule/BigString/Chunk/BigString+Chunk+Append\ and\ Insert.swift (in target '_RopeModule' from project 'swift-collections')
    cd /Users/aadityasingh/Documents/Development/element-x-ios/Chatlio.xcodeproj
    

SwiftCompile normal x86_64 /Users/aadityasingh/Library/Developer/Xcode/DerivedData/Chatlio-erkyzdeecsohoaggpwbjdvavzqfv/SourcePackages/checkouts/swift-collections/Sources/RopeModule/BigString/Chunk/BigString+Chunk+Breaks.swift (in target '_RopeModule' from project 'swift-collections')
    cd /Users/aadityasingh/Documents/Development/element-x-ios/Chatlio.xcodeproj
    

SwiftCompile normal x86_64 /Users/aadityasingh/Library/Developer/Xcode/DerivedData/Chatlio-erkyzdeecsohoaggpwbjdvavzqfv/SourcePackages/checkouts/swift-collections/Sources/RopeModule/BigString/Chunk/BigString+Chunk+Counts.swift (in target '_RopeModule' from project 'swift-collections')
    cd /Users/aadityasingh/Documents/Development/element-x-ios/Chatlio.xcodeproj
    

SwiftCompile normal x86_64 /Users/aadityasingh/Library/Developer/Xcode/DerivedData/Chatlio-erkyzdeecsohoaggpwbjdvavzqfv/SourcePackages/checkouts/swift-collections/Sources/RopeModule/BigString/Chunk/BigString+Chunk+Description.swift (in target '_RopeModule' from project 'swift-collections')
    cd /Users/aadityasingh/Documents/Development/element-x-ios/Chatlio.xcodeproj
    

SwiftDriverJobDiscovery normal arm64 Compiling BlockStyle.swift, BuildHTMLAttributedError.swift (in target 'HTMLParser' from project 'WysiwygComposer')

SwiftCompile normal x86_64 Compiling\ Rope+Find.swift,\ Rope+ForEachWhile.swift,\ Rope+Insert.swift,\ Rope+Join.swift,\ Rope+MutatingForEach.swift,\ Rope+Remove.swift /Users/aadityasingh/Library/Developer/Xcode/DerivedData/Chatlio-erkyzdeecsohoaggpwbjdvavzqfv/SourcePackages/checkouts/swift-collections/Sources/RopeModule/Rope/Operations/Rope+Find.swift /Users/aadityasingh/Library/Developer/Xcode/DerivedData/Chatlio-erkyzdeecsohoaggpwbjdvavzqfv/SourcePackages/checkouts/swift-collections/Sources/RopeModule/Rope/Operations/Rope+ForEachWhile.swift /Users/aadityasingh/Library/Developer/Xcode/DerivedData/Chatlio-erkyzdeecsohoaggpwbjdvavzqfv/SourcePackages/checkouts/swift-collections/Sources/RopeModule/Rope/Operations/Rope+Insert.swift /Users/aadityasingh/Library/Developer/Xcode/DerivedData/Chatlio-erkyzdeecsohoaggpwbjdvavzqfv/SourcePackages/checkouts/swift-collections/Sources/RopeModule/Rope/Operations/Rope+Join.swift /Users/aadityasingh/Library/Developer/Xcode/DerivedData/Chatlio-erkyzdeecsohoaggpwbjdvavzqfv/SourcePackages/checkouts/swift-collections/Sources/RopeModule/Rope/Operations/Rope+MutatingForEach.swift /Users/aadityasingh/Library/Developer/Xcode/DerivedData/Chatlio-erkyzdeecsohoaggpwbjdvavzqfv/SourcePackages/checkouts/swift-collections/Sources/RopeModule/Rope/Operations/Rope+Remove.swift (in target '_RopeModule' from project 'swift-collections')

SwiftCompile normal x86_64 /Users/aadityasingh/Library/Developer/Xcode/DerivedData/Chatlio-erkyzdeecsohoaggpwbjdvavzqfv/SourcePackages/checkouts/swift-collections/Sources/RopeModule/Rope/Operations/Rope+Find.swift (in target '_RopeModule' from project 'swift-collections')
    cd /Users/aadityasingh/Documents/Development/element-x-ios/Chatlio.xcodeproj
    

SwiftCompile normal x86_64 /Users/aadityasingh/Library/Developer/Xcode/DerivedData/Chatlio-erkyzdeecsohoaggpwbjdvavzqfv/SourcePackages/checkouts/swift-collections/Sources/RopeModule/Rope/Operations/Rope+ForEachWhile.swift (in target '_RopeModule' from project 'swift-collections')
    cd /Users/aadityasingh/Documents/Development/element-x-ios/Chatlio.xcodeproj
    

SwiftCompile normal x86_64 /Users/aadityasingh/Library/Developer/Xcode/DerivedData/Chatlio-erkyzdeecsohoaggpwbjdvavzqfv/SourcePackages/checkouts/swift-collections/Sources/RopeModule/Rope/Operations/Rope+Insert.swift (in target '_RopeModule' from project 'swift-collections')
    cd /Users/aadityasingh/Documents/Development/element-x-ios/Chatlio.xcodeproj
    

SwiftCompile normal x86_64 /Users/aadityasingh/Library/Developer/Xcode/DerivedData/Chatlio-erkyzdeecsohoaggpwbjdvavzqfv/SourcePackages/checkouts/swift-collections/Sources/RopeModule/Rope/Operations/Rope+Join.swift (in target '_RopeModule' from project 'swift-collections')
    cd /Users/aadityasingh/Documents/Development/element-x-ios/Chatlio.xcodeproj
    

SwiftCompile normal x86_64 /Users/aadityasingh/Library/Developer/Xcode/DerivedData/Chatlio-erkyzdeecsohoaggpwbjdvavzqfv/SourcePackages/checkouts/swift-collections/Sources/RopeModule/Rope/Operations/Rope+MutatingForEach.swift (in target '_RopeModule' from project 'swift-collections')
    cd /Users/aadityasingh/Documents/Development/element-x-ios/Chatlio.xcodeproj
    

SwiftCompile normal x86_64 /Users/aadityasingh/Library/Developer/Xcode/DerivedData/Chatlio-erkyzdeecsohoaggpwbjdvavzqfv/SourcePackages/checkouts/swift-collections/Sources/RopeModule/Rope/Operations/Rope+Remove.swift (in target '_RopeModule' from project 'swift-collections')
    cd /Users/aadityasingh/Documents/Development/element-x-ios/Chatlio.xcodeproj
    

SwiftEmitModule normal x86_64 Emitting\ module\ for\ Emojibase (in target 'Emojibase' from project 'Emojibase')

EmitSwiftModule normal x86_64 (in target 'Emojibase' from project 'Emojibase')
    cd /Users/aadityasingh/Documents/Development/element-x-ios/Chatlio.xcodeproj
    

SwiftCompile normal arm64 Compiling\ _RopeVersion.swift,\ Rope+Collection.swift,\ Rope+Index.swift,\ Rope+Sequence.swift,\ Rope+Append.swift,\ Rope+Extract.swift /Users/aadityasingh/Library/Developer/Xcode/DerivedData/Chatlio-erkyzdeecsohoaggpwbjdvavzqfv/SourcePackages/checkouts/swift-collections/Sources/RopeModule/Rope/Basics/_RopeVersion.swift /Users/aadityasingh/Library/Developer/Xcode/DerivedData/Chatlio-erkyzdeecsohoaggpwbjdvavzqfv/SourcePackages/checkouts/swift-collections/Sources/RopeModule/Rope/Conformances/Rope+Collection.swift /Users/aadityasingh/Library/Developer/Xcode/DerivedData/Chatlio-erkyzdeecsohoaggpwbjdvavzqfv/SourcePackages/checkouts/swift-collections/Sources/RopeModule/Rope/Conformances/Rope+Index.swift /Users/aadityasingh/Library/Developer/Xcode/DerivedData/Chatlio-erkyzdeecsohoaggpwbjdvavzqfv/SourcePackages/checkouts/swift-collections/Sources/RopeModule/Rope/Conformances/Rope+Sequence.swift /Users/aadityasingh/Library/Developer/Xcode/DerivedData/Chatlio-erkyzdeecsohoaggpwbjdvavzqfv/SourcePackages/checkouts/swift-collections/Sources/RopeModule/Rope/Operations/Rope+Append.swift /Users/aadityasingh/Library/Developer/Xcode/DerivedData/Chatlio-erkyzdeecsohoaggpwbjdvavzqfv/SourcePackages/checkouts/swift-collections/Sources/RopeModule/Rope/Operations/Rope+Extract.swift (in target '_RopeModule' from project 'swift-collections')

SwiftCompile normal arm64 /Users/aadityasingh/Library/Developer/Xcode/DerivedData/Chatlio-erkyzdeecsohoaggpwbjdvavzqfv/SourcePackages/checkouts/swift-collections/Sources/RopeModule/Rope/Basics/_RopeVersion.swift (in target '_RopeModule' from project 'swift-collections')
    cd /Users/aadityasingh/Documents/Development/element-x-ios/Chatlio.xcodeproj
    

SwiftCompile normal arm64 /Users/aadityasingh/Library/Developer/Xcode/DerivedData/Chatlio-erkyzdeecsohoaggpwbjdvavzqfv/SourcePackages/checkouts/swift-collections/Sources/RopeModule/Rope/Conformances/Rope+Collection.swift (in target '_RopeModule' from project 'swift-collections')
    cd /Users/aadityasingh/Documents/Development/element-x-ios/Chatlio.xcodeproj
    

SwiftCompile normal arm64 /Users/aadityasingh/Library/Developer/Xcode/DerivedData/Chatlio-erkyzdeecsohoaggpwbjdvavzqfv/SourcePackages/checkouts/swift-collections/Sources/RopeModule/Rope/Conformances/Rope+Index.swift (in target '_RopeModule' from project 'swift-collections')
    cd /Users/aadityasingh/Documents/Development/element-x-ios/Chatlio.xcodeproj
    

SwiftCompile normal arm64 /Users/aadityasingh/Library/Developer/Xcode/DerivedData/Chatlio-erkyzdeecsohoaggpwbjdvavzqfv/SourcePackages/checkouts/swift-collections/Sources/RopeModule/Rope/Conformances/Rope+Sequence.swift (in target '_RopeModule' from project 'swift-collections')
    cd /Users/aadityasingh/Documents/Development/element-x-ios/Chatlio.xcodeproj
    

SwiftCompile normal arm64 /Users/aadityasingh/Library/Developer/Xcode/DerivedData/Chatlio-erkyzdeecsohoaggpwbjdvavzqfv/SourcePackages/checkouts/swift-collections/Sources/RopeModule/Rope/Operations/Rope+Append.swift (in target '_RopeModule' from project 'swift-collections')
    cd /Users/aadityasingh/Documents/Development/element-x-ios/Chatlio.xcodeproj
    

SwiftCompile normal arm64 /Users/aadityasingh/Library/Developer/Xcode/DerivedData/Chatlio-erkyzdeecsohoaggpwbjdvavzqfv/SourcePackages/checkouts/swift-collections/Sources/RopeModule/Rope/Operations/Rope+Extract.swift (in target '_RopeModule' from project 'swift-collections')
    cd /Users/aadityasingh/Documents/Development/element-x-ios/Chatlio.xcodeproj
    

PrecompileModule /Users/aadityasingh/Library/Developer/Xcode/DerivedData/Chatlio-erkyzdeecsohoaggpwbjdvavzqfv/Build/Intermediates.noindex/ExplicitPrecompiledModules/_AvailabilityInternal-7PELNJGFCFQ7YW5RRQD7I9ZPM.scan
    cd /
    builtin-precompileModule /Users/aadityasingh/Library/Developer/Xcode/DerivedData/Chatlio-erkyzdeecsohoaggpwbjdvavzqfv/Build/Intermediates.noindex/ExplicitPrecompiledModules/_AvailabilityInternal-7PELNJGFCFQ7YW5RRQD7I9ZPM.scan

SwiftEmitModule normal arm64 Emitting\ module\ for\ Emojibase (in target 'Emojibase' from project 'Emojibase')

EmitSwiftModule normal arm64 (in target 'Emojibase' from project 'Emojibase')
    cd /Users/aadityasingh/Documents/Development/element-x-ios/Chatlio.xcodeproj
    

PrecompileModule /Users/aadityasingh/Library/Developer/Xcode/DerivedData/Chatlio-erkyzdeecsohoaggpwbjdvavzqfv/Build/Intermediates.noindex/ExplicitPrecompiledModules/ptrcheck-16WTV17DZTUEPPGDSOOAA8C5T.scan
    cd /
    builtin-precompileModule /Users/aadityasingh/Library/Developer/Xcode/DerivedData/Chatlio-erkyzdeecsohoaggpwbjdvavzqfv/Build/Intermediates.noindex/ExplicitPrecompiledModules/ptrcheck-16WTV17DZTUEPPGDSOOAA8C5T.scan

SwiftDriverJobDiscovery normal x86_64 Emitting module for Emojibase (in target 'Emojibase' from project 'Emojibase')

SwiftDriver\ Compilation\ Requirements Emojibase normal x86_64 com.apple.xcode.tools.swift.compiler (in target 'Emojibase' from project 'Emojibase')
    cd /Users/aadityasingh/Documents/Development/element-x-ios/Chatlio.xcodeproj
    builtin-Swift-Compilation-Requirements -- /Applications/Xcode.app/Contents/Developer/Toolchains/XcodeDefault.xctoolchain/usr/bin/swiftc -module-name Emojibase -Onone @/Users/aadityasingh/Library/Developer/Xcode/DerivedData/Chatlio-erkyzdeecsohoaggpwbjdvavzqfv/Build/Intermediates.noindex/Emojibase.build/Debug-iphonesimulator/Emojibase.build/Objects-normal/x86_64/Emojibase.SwiftFileList -DSWIFT_PACKAGE -DDEBUG -DSWIFT_MODULE_RESOURCE_BUNDLE_AVAILABLE -DXcode -plugin-path /Applications/Xcode.app/Contents/Developer/Toolchains/XcodeDefault.xctoolchain/usr/lib/swift/host/plugins/testing -enable-experimental-feature DebugDescriptionMacro -sdk /Applications/Xcode.app/Contents/Developer/Platforms/iPhoneSimulator.platform/Developer/SDKs/iPhoneSimulator26.4.sdk -target x86_64-apple-ios16.0-simulator -g -module-cache-path /Users/aadityasingh/Library/Developer/Xcode/DerivedData/ModuleCache.noindex -Xfrontend -serialize-debugging-options -profile-coverage-mapping -profile-generate -enable-testing -suppress-warnings -index-store-path /Users/aadityasingh/Library/Developer/Xcode/DerivedData/Chatlio-erkyzdeecsohoaggpwbjdvavzqfv/Index.noindex/DataStore -Xcc -D_LIBCPP_HARDENING_MODE\=_LIBCPP_HARDENING_MODE_DEBUG -swift-version 5 -I /Users/aadityasingh/Library/Developer/Xcode/DerivedData/Chatlio-erkyzdeecsohoaggpwbjdvavzqfv/Build/Products/Debug-iphonesimulator -Isystem /Applications/Xcode.app/Contents/Developer/Platforms/iPhoneSimulator.platform/Developer/usr/lib -F /Users/aadityasingh/Library/Developer/Xcode/DerivedData/Chatlio-erkyzdeecsohoaggpwbjdvavzqfv/Build/Products/Debug-iphonesimulator -F /Applications/Xcode.app/Contents/Developer/Platforms/iPhoneSimulator.platform/Developer/Library/Frameworks -F /Applications/Xcode.app/Contents/Developer/Platforms/iPhoneSimulator.platform/Developer/SDKs/iPhoneSimulator26.4.sdk/Developer/Library/Frameworks -c -j12 -enable-batch-mode -incremental -Xcc -ivfsstatcache -Xcc /Users/aadityasingh/Library/Developer/Xcode/DerivedData/SDKStatCaches.noindex/iphonesimulator26.4-23E252-686eebb5dc1d8ecb277353a59184f4aa.sdkstatcache -output-file-map /Users/aadityasingh/Library/Developer/Xcode/DerivedData/Chatlio-erkyzdeecsohoaggpwbjdvavzqfv/Build/Intermediates.noindex/Emojibase.build/Debug-iphonesimulator/Emojibase.build/Objects-normal/x86_64/Emojibase-OutputFileMap.json -use-frontend-parseable-output -save-temps -no-color-diagnostics -explicit-module-build -module-cache-path /Users/aadityasingh/Library/Developer/Xcode/DerivedData/Chatlio-erkyzdeecsohoaggpwbjdvavzqfv/Build/Intermediates.noindex/SwiftExplicitPrecompiledModules -clang-scanner-module-cache-path /Users/aadityasingh/Library/Developer/Xcode/DerivedData/ModuleCache.noindex -sdk-module-cache-path /Users/aadityasingh/Library/Developer/Xcode/DerivedData/ModuleCache.noindex -serialize-diagnostics -emit-dependencies -emit-module -emit-module-path /Users/aadityasingh/Library/Developer/Xcode/DerivedData/Chatlio-erkyzdeecsohoaggpwbjdvavzqfv/Build/Intermediates.noindex/Emojibase.build/Debug-iphonesimulator/Emojibase.build/Objects-normal/x86_64/Emojibase.swiftmodule -validate-clang-modules-once -clang-build-session-file /Users/aadityasingh/Library/Developer/Xcode/DerivedData/ModuleCache.noindex/Session.modulevalidation -Xcc -I/Users/aadityasingh/Library/Developer/Xcode/DerivedData/Chatlio-erkyzdeecsohoaggpwbjdvavzqfv/Build/Intermediates.noindex/Emojibase.build/Debug-iphonesimulator/Emojibase.build/swift-overrides.hmap -emit-const-values -Xfrontend -const-gather-protocols-file -Xfrontend /Users/aadityasingh/Library/Developer/Xcode/DerivedData/Chatlio-erkyzdeecsohoaggpwbjdvavzqfv/Build/Intermediates.noindex/Emojibase.build/Debug-iphonesimulator/Emojibase.build/Objects-normal/x86_64/Emojibase_const_extract_protocols.json -Xcc -I/Users/aadityasingh/Library/Developer/Xcode/DerivedData/Chatlio-erkyzdeecsohoaggpwbjdvavzqfv/Build/Products/Debug-iphonesimulator/include -Xcc -I/Users/aadityasingh/Library/Developer/Xcode/DerivedData/Chatlio-erkyzdeecsohoaggpwbjdvavzqfv/Build/Intermediates.noindex/Emojibase.build/Debug-iphonesimulator/Emojibase.build/DerivedSources-normal/x86_64 -Xcc -I/Users/aadityasingh/Library/Developer/Xcode/DerivedData/Chatlio-erkyzdeecsohoaggpwbjdvavzqfv/Build/Intermediates.noindex/Emojibase.build/Debug-iphonesimulator/Emojibase.build/DerivedSources/x86_64 -Xcc -I/Users/aadityasingh/Library/Developer/Xcode/DerivedData/Chatlio-erkyzdeecsohoaggpwbjdvavzqfv/Build/Intermediates.noindex/Emojibase.build/Debug-iphonesimulator/Emojibase.build/DerivedSources -Xcc -DSWIFT_PACKAGE -Xcc -DDEBUG\=1 -emit-objc-header -emit-objc-header-path /Users/aadityasingh/Library/Developer/Xcode/DerivedData/Chatlio-erkyzdeecsohoaggpwbjdvavzqfv/Build/Intermediates.noindex/Emojibase.build/Debug-iphonesimulator/Emojibase.build/Objects-normal/x86_64/Emojibase-Swift.h -working-directory /Users/aadityasingh/Documents/Development/element-x-ios/Chatlio.xcodeproj -experimental-emit-module-separately -disable-cmo

PrecompileModule /Users/aadityasingh/Library/Developer/Xcode/DerivedData/Chatlio-erkyzdeecsohoaggpwbjdvavzqfv/Build/Intermediates.noindex/ExplicitPrecompiledModules/_Builtin_stdarg-E8SANG8NKLKQDXN2852E612ST.scan
    cd /
    builtin-precompileModule /Users/aadityasingh/Library/Developer/Xcode/DerivedData/Chatlio-erkyzdeecsohoaggpwbjdvavzqfv/Build/Intermediates.noindex/ExplicitPrecompiledModules/_Builtin_stdarg-E8SANG8NKLKQDXN2852E612ST.scan

Copy /Users/aadityasingh/Library/Developer/Xcode/DerivedData/Chatlio-erkyzdeecsohoaggpwbjdvavzqfv/Build/Products/Debug-iphonesimulator/Emojibase.swiftmodule/x86_64-apple-ios-simulator.swiftmodule /Users/aadityasingh/Library/Developer/Xcode/DerivedData/Chatlio-erkyzdeecsohoaggpwbjdvavzqfv/Build/Intermediates.noindex/Emojibase.build/Debug-iphonesimulator/Emojibase.build/Objects-normal/x86_64/Emojibase.swiftmodule (in target 'Emojibase' from project 'Emojibase')
    cd /Users/aadityasingh/Library/Developer/Xcode/DerivedData/Chatlio-erkyzdeecsohoaggpwbjdvavzqfv/SourcePackages/checkouts/emojibase-bindings
    builtin-copy -exclude .DS_Store -exclude CVS -exclude .svn -exclude .git -exclude .hg -resolve-src-symlinks -rename /Users/aadityasingh/Library/Developer/Xcode/DerivedData/Chatlio-erkyzdeecsohoaggpwbjdvavzqfv/Build/Intermediates.noindex/Emojibase.build/Debug-iphonesimulator/Emojibase.build/Objects-normal/x86_64/Emojibase.swiftmodule /Users/aadityasingh/Library/Developer/Xcode/DerivedData/Chatlio-erkyzdeecsohoaggpwbjdvavzqfv/Build/Products/Debug-iphonesimulator/Emojibase.swiftmodule/x86_64-apple-ios-simulator.swiftmodule

SwiftEmitModule normal x86_64 Emitting\ module\ for\ Flow (in target 'Flow' from project 'Flow')

EmitSwiftModule normal x86_64 (in target 'Flow' from project 'Flow')
    cd /Users/aadityasingh/Documents/Development/element-x-ios/Chatlio.xcodeproj
    

Copy /Users/aadityasingh/Library/Developer/Xcode/DerivedData/Chatlio-erkyzdeecsohoaggpwbjdvavzqfv/Build/Products/Debug-iphonesimulator/Emojibase.swiftmodule/x86_64-apple-ios-simulator.swiftdoc /Users/aadityasingh/Library/Developer/Xcode/DerivedData/Chatlio-erkyzdeecsohoaggpwbjdvavzqfv/Build/Intermediates.noindex/Emojibase.build/Debug-iphonesimulator/Emojibase.build/Objects-normal/x86_64/Emojibase.swiftdoc (in target 'Emojibase' from project 'Emojibase')
    cd /Users/aadityasingh/Library/Developer/Xcode/DerivedData/Chatlio-erkyzdeecsohoaggpwbjdvavzqfv/SourcePackages/checkouts/emojibase-bindings
    builtin-copy -exclude .DS_Store -exclude CVS -exclude .svn -exclude .git -exclude .hg -resolve-src-symlinks -rename /Users/aadityasingh/Library/Developer/Xcode/DerivedData/Chatlio-erkyzdeecsohoaggpwbjdvavzqfv/Build/Intermediates.noindex/Emojibase.build/Debug-iphonesimulator/Emojibase.build/Objects-normal/x86_64/Emojibase.swiftdoc /Users/aadityasingh/Library/Developer/Xcode/DerivedData/Chatlio-erkyzdeecsohoaggpwbjdvavzqfv/Build/Products/Debug-iphonesimulator/Emojibase.swiftmodule/x86_64-apple-ios-simulator.swiftdoc

Copy /Users/aadityasingh/Library/Developer/Xcode/DerivedData/Chatlio-erkyzdeecsohoaggpwbjdvavzqfv/Build/Products/Debug-iphonesimulator/Emojibase.swiftmodule/x86_64-apple-ios-simulator.abi.json /Users/aadityasingh/Library/Developer/Xcode/DerivedData/Chatlio-erkyzdeecsohoaggpwbjdvavzqfv/Build/Intermediates.noindex/Emojibase.build/Debug-iphonesimulator/Emojibase.build/Objects-normal/x86_64/Emojibase.abi.json (in target 'Emojibase' from project 'Emojibase')
    cd /Users/aadityasingh/Library/Developer/Xcode/DerivedData/Chatlio-erkyzdeecsohoaggpwbjdvavzqfv/SourcePackages/checkouts/emojibase-bindings
    builtin-copy -exclude .DS_Store -exclude CVS -exclude .svn -exclude .git -exclude .hg -resolve-src-symlinks -rename /Users/aadityasingh/Library/Developer/Xcode/DerivedData/Chatlio-erkyzdeecsohoaggpwbjdvavzqfv/Build/Intermediates.noindex/Emojibase.build/Debug-iphonesimulator/Emojibase.build/Objects-normal/x86_64/Emojibase.abi.json /Users/aadityasingh/Library/Developer/Xcode/DerivedData/Chatlio-erkyzdeecsohoaggpwbjdvavzqfv/Build/Products/Debug-iphonesimulator/Emojibase.swiftmodule/x86_64-apple-ios-simulator.abi.json

Copy /Users/aadityasingh/Library/Developer/Xcode/DerivedData/Chatlio-erkyzdeecsohoaggpwbjdvavzqfv/Build/Products/Debug-iphonesimulator/Emojibase.swiftmodule/Project/x86_64-apple-ios-simulator.swiftsourceinfo /Users/aadityasingh/Library/Developer/Xcode/DerivedData/Chatlio-erkyzdeecsohoaggpwbjdvavzqfv/Build/Intermediates.noindex/Emojibase.build/Debug-iphonesimulator/Emojibase.build/Objects-normal/x86_64/Emojibase.swiftsourceinfo (in target 'Emojibase' from project 'Emojibase')
    cd /Users/aadityasingh/Library/Developer/Xcode/DerivedData/Chatlio-erkyzdeecsohoaggpwbjdvavzqfv/SourcePackages/checkouts/emojibase-bindings
    builtin-copy -exclude .DS_Store -exclude CVS -exclude .svn -exclude .git -exclude .hg -resolve-src-symlinks -rename /Users/aadityasingh/Library/Developer/Xcode/DerivedData/Chatlio-erkyzdeecsohoaggpwbjdvavzqfv/Build/Intermediates.noindex/Emojibase.build/Debug-iphonesimulator/Emojibase.build/Objects-normal/x86_64/Emojibase.swiftsourceinfo /Users/aadityasingh/Library/Developer/Xcode/DerivedData/Chatlio-erkyzdeecsohoaggpwbjdvavzqfv/Build/Products/Debug-iphonesimulator/Emojibase.swiftmodule/Project/x86_64-apple-ios-simulator.swiftsourceinfo

PrecompileModule /Users/aadityasingh/Library/Developer/Xcode/DerivedData/Chatlio-erkyzdeecsohoaggpwbjdvavzqfv/Build/Intermediates.noindex/ExplicitPrecompiledModules/_AvailabilityInternal-5COWH2M0J2FJ9JBRZQH814QHC.scan
    cd /
    builtin-precompileModule /Users/aadityasingh/Library/Developer/Xcode/DerivedData/Chatlio-erkyzdeecsohoaggpwbjdvavzqfv/Build/Intermediates.noindex/ExplicitPrecompiledModules/_AvailabilityInternal-5COWH2M0J2FJ9JBRZQH814QHC.scan

PrecompileModule /Users/aadityasingh/Library/Developer/Xcode/DerivedData/Chatlio-erkyzdeecsohoaggpwbjdvavzqfv/Build/Intermediates.noindex/ExplicitPrecompiledModules/_Builtin_stdbool-98M7UV4KXO3JASH5SW5NC249.scan
    cd /
    builtin-precompileModule /Users/aadityasingh/Library/Developer/Xcode/DerivedData/Chatlio-erkyzdeecsohoaggpwbjdvavzqfv/Build/Intermediates.noindex/ExplicitPrecompiledModules/_Builtin_stdbool-98M7UV4KXO3JASH5SW5NC249.scan

PrecompileModule /Users/aadityasingh/Library/Developer/Xcode/DerivedData/Chatlio-erkyzdeecsohoaggpwbjdvavzqfv/Build/Intermediates.noindex/ExplicitPrecompiledModules/_DarwinFoundation1-3421JB4YT6C40O9R5OU7LG0IM.scan
    cd /
    builtin-precompileModule /Users/aadityasingh/Library/Developer/Xcode/DerivedData/Chatlio-erkyzdeecsohoaggpwbjdvavzqfv/Build/Intermediates.noindex/ExplicitPrecompiledModules/_DarwinFoundation1-3421JB4YT6C40O9R5OU7LG0IM.scan

SwiftEmitModule normal arm64 Emitting\ module\ for\ Flow (in target 'Flow' from project 'Flow')

EmitSwiftModule normal arm64 (in target 'Flow' from project 'Flow')
    cd /Users/aadityasingh/Documents/Development/element-x-ios/Chatlio.xcodeproj
    

PrecompileModule /Users/aadityasingh/Library/Developer/Xcode/DerivedData/Chatlio-erkyzdeecsohoaggpwbjdvavzqfv/Build/Intermediates.noindex/ExplicitPrecompiledModules/_Builtin_stdarg-CN42BDA818ZV1OQ9XETHY21VZ.scan
    cd /
    builtin-precompileModule /Users/aadityasingh/Library/Developer/Xcode/DerivedData/Chatlio-erkyzdeecsohoaggpwbjdvavzqfv/Build/Intermediates.noindex/ExplicitPrecompiledModules/_Builtin_stdarg-CN42BDA818ZV1OQ9XETHY21VZ.scan

SwiftDriverJobDiscovery normal arm64 Emitting module for Emojibase (in target 'Emojibase' from project 'Emojibase')

SwiftDriver\ Compilation\ Requirements Emojibase normal arm64 com.apple.xcode.tools.swift.compiler (in target 'Emojibase' from project 'Emojibase')
    cd /Users/aadityasingh/Documents/Development/element-x-ios/Chatlio.xcodeproj
    builtin-Swift-Compilation-Requirements -- /Applications/Xcode.app/Contents/Developer/Toolchains/XcodeDefault.xctoolchain/usr/bin/swiftc -module-name Emojibase -Onone @/Users/aadityasingh/Library/Developer/Xcode/DerivedData/Chatlio-erkyzdeecsohoaggpwbjdvavzqfv/Build/Intermediates.noindex/Emojibase.build/Debug-iphonesimulator/Emojibase.build/Objects-normal/arm64/Emojibase.SwiftFileList -DSWIFT_PACKAGE -DDEBUG -DSWIFT_MODULE_RESOURCE_BUNDLE_AVAILABLE -DXcode -plugin-path /Applications/Xcode.app/Contents/Developer/Toolchains/XcodeDefault.xctoolchain/usr/lib/swift/host/plugins/testing -enable-experimental-feature DebugDescriptionMacro -sdk /Applications/Xcode.app/Contents/Developer/Platforms/iPhoneSimulator.platform/Developer/SDKs/iPhoneSimulator26.4.sdk -target arm64-apple-ios16.0-simulator -g -module-cache-path /Users/aadityasingh/Library/Developer/Xcode/DerivedData/ModuleCache.noindex -Xfrontend -serialize-debugging-options -profile-coverage-mapping -profile-generate -enable-testing -suppress-warnings -index-store-path /Users/aadityasingh/Library/Developer/Xcode/DerivedData/Chatlio-erkyzdeecsohoaggpwbjdvavzqfv/Index.noindex/DataStore -Xcc -D_LIBCPP_HARDENING_MODE\=_LIBCPP_HARDENING_MODE_DEBUG -swift-version 5 -I /Users/aadityasingh/Library/Developer/Xcode/DerivedData/Chatlio-erkyzdeecsohoaggpwbjdvavzqfv/Build/Products/Debug-iphonesimulator -Isystem /Applications/Xcode.app/Contents/Developer/Platforms/iPhoneSimulator.platform/Developer/usr/lib -F /Users/aadityasingh/Library/Developer/Xcode/DerivedData/Chatlio-erkyzdeecsohoaggpwbjdvavzqfv/Build/Products/Debug-iphonesimulator -F /Applications/Xcode.app/Contents/Developer/Platforms/iPhoneSimulator.platform/Developer/Library/Frameworks -F /Applications/Xcode.app/Contents/Developer/Platforms/iPhoneSimulator.platform/Developer/SDKs/iPhoneSimulator26.4.sdk/Developer/Library/Frameworks -c -j12 -enable-batch-mode -incremental -Xcc -ivfsstatcache -Xcc /Users/aadityasingh/Library/Developer/Xcode/DerivedData/SDKStatCaches.noindex/iphonesimulator26.4-23E252-686eebb5dc1d8ecb277353a59184f4aa.sdkstatcache -output-file-map /Users/aadityasingh/Library/Developer/Xcode/DerivedData/Chatlio-erkyzdeecsohoaggpwbjdvavzqfv/Build/Intermediates.noindex/Emojibase.build/Debug-iphonesimulator/Emojibase.build/Objects-normal/arm64/Emojibase-OutputFileMap.json -use-frontend-parseable-output -save-temps -no-color-diagnostics -explicit-module-build -module-cache-path /Users/aadityasingh/Library/Developer/Xcode/DerivedData/Chatlio-erkyzdeecsohoaggpwbjdvavzqfv/Build/Intermediates.noindex/SwiftExplicitPrecompiledModules -clang-scanner-module-cache-path /Users/aadityasingh/Library/Developer/Xcode/DerivedData/ModuleCache.noindex -sdk-module-cache-path /Users/aadityasingh/Library/Developer/Xcode/DerivedData/ModuleCache.noindex -serialize-diagnostics -emit-dependencies -emit-module -emit-module-path /Users/aadityasingh/Library/Developer/Xcode/DerivedData/Chatlio-erkyzdeecsohoaggpwbjdvavzqfv/Build/Intermediates.noindex/Emojibase.build/Debug-iphonesimulator/Emojibase.build/Objects-normal/arm64/Emojibase.swiftmodule -validate-clang-modules-once -clang-build-session-file /Users/aadityasingh/Library/Developer/Xcode/DerivedData/ModuleCache.noindex/Session.modulevalidation -Xcc -I/Users/aadityasingh/Library/Developer/Xcode/DerivedData/Chatlio-erkyzdeecsohoaggpwbjdvavzqfv/Build/Intermediates.noindex/Emojibase.build/Debug-iphonesimulator/Emojibase.build/swift-overrides.hmap -emit-const-values -Xfrontend -const-gather-protocols-file -Xfrontend /Users/aadityasingh/Library/Developer/Xcode/DerivedData/Chatlio-erkyzdeecsohoaggpwbjdvavzqfv/Build/Intermediates.noindex/Emojibase.build/Debug-iphonesimulator/Emojibase.build/Objects-normal/arm64/Emojibase_const_extract_protocols.json -Xcc -I/Users/aadityasingh/Library/Developer/Xcode/DerivedData/Chatlio-erkyzdeecsohoaggpwbjdvavzqfv/Build/Products/Debug-iphonesimulator/include -Xcc -I/Users/aadityasingh/Library/Developer/Xcode/DerivedData/Chatlio-erkyzdeecsohoaggpwbjdvavzqfv/Build/Intermediates.noindex/Emojibase.build/Debug-iphonesimulator/Emojibase.build/DerivedSources-normal/arm64 -Xcc -I/Users/aadityasingh/Library/Developer/Xcode/DerivedData/Chatlio-erkyzdeecsohoaggpwbjdvavzqfv/Build/Intermediates.noindex/Emojibase.build/Debug-iphonesimulator/Emojibase.build/DerivedSources/arm64 -Xcc -I/Users/aadityasingh/Library/Developer/Xcode/DerivedData/Chatlio-erkyzdeecsohoaggpwbjdvavzqfv/Build/Intermediates.noindex/Emojibase.build/Debug-iphonesimulator/Emojibase.build/DerivedSources -Xcc -DSWIFT_PACKAGE -Xcc -DDEBUG\=1 -emit-objc-header -emit-objc-header-path /Users/aadityasingh/Library/Developer/Xcode/DerivedData/Chatlio-erkyzdeecsohoaggpwbjdvavzqfv/Build/Intermediates.noindex/Emojibase.build/Debug-iphonesimulator/Emojibase.build/Objects-normal/arm64/Emojibase-Swift.h -working-directory /Users/aadityasingh/Documents/Development/element-x-ios/Chatlio.xcodeproj -experimental-emit-module-separately -disable-cmo

PrecompileModule /Users/aadityasingh/Library/Developer/Xcode/DerivedData/Chatlio-erkyzdeecsohoaggpwbjdvavzqfv/Build/Intermediates.noindex/ExplicitPrecompiledModules/ptrauth-DVTEUD2FXX4DKM85MIAYUIOTP.scan
    cd /
    builtin-precompileModule /Users/aadityasingh/Library/Developer/Xcode/DerivedData/Chatlio-erkyzdeecsohoaggpwbjdvavzqfv/Build/Intermediates.noindex/ExplicitPrecompiledModules/ptrauth-DVTEUD2FXX4DKM85MIAYUIOTP.scan

SwiftMergeGeneratedHeaders /Users/aadityasingh/Library/Developer/Xcode/DerivedData/Chatlio-erkyzdeecsohoaggpwbjdvavzqfv/Build/Intermediates.noindex/GeneratedModuleMaps-iphonesimulator/Emojibase-Swift.h /Users/aadityasingh/Library/Developer/Xcode/DerivedData/Chatlio-erkyzdeecsohoaggpwbjdvavzqfv/Build/Intermediates.noindex/Emojibase.build/Debug-iphonesimulator/Emojibase.build/Objects-normal/arm64/Emojibase-Swift.h /Users/aadityasingh/Library/Developer/Xcode/DerivedData/Chatlio-erkyzdeecsohoaggpwbjdvavzqfv/Build/Intermediates.noindex/Emojibase.build/Debug-iphonesimulator/Emojibase.build/Objects-normal/x86_64/Emojibase-Swift.h (in target 'Emojibase' from project 'Emojibase')
    cd /Users/aadityasingh/Library/Developer/Xcode/DerivedData/Chatlio-erkyzdeecsohoaggpwbjdvavzqfv/SourcePackages/checkouts/emojibase-bindings
    builtin-swiftHeaderTool -arch arm64 /Users/aadityasingh/Library/Developer/Xcode/DerivedData/Chatlio-erkyzdeecsohoaggpwbjdvavzqfv/Build/Intermediates.noindex/Emojibase.build/Debug-iphonesimulator/Emojibase.build/Objects-normal/arm64/Emojibase-Swift.h -arch x86_64 /Users/aadityasingh/Library/Developer/Xcode/DerivedData/Chatlio-erkyzdeecsohoaggpwbjdvavzqfv/Build/Intermediates.noindex/Emojibase.build/Debug-iphonesimulator/Emojibase.build/Objects-normal/x86_64/Emojibase-Swift.h -o /Users/aadityasingh/Library/Developer/Xcode/DerivedData/Chatlio-erkyzdeecsohoaggpwbjdvavzqfv/Build/Intermediates.noindex/GeneratedModuleMaps-iphonesimulator/Emojibase-Swift.h

Copy /Users/aadityasingh/Library/Developer/Xcode/DerivedData/Chatlio-erkyzdeecsohoaggpwbjdvavzqfv/Build/Products/Debug-iphonesimulator/Emojibase.swiftmodule/arm64-apple-ios-simulator.swiftmodule /Users/aadityasingh/Library/Developer/Xcode/DerivedData/Chatlio-erkyzdeecsohoaggpwbjdvavzqfv/Build/Intermediates.noindex/Emojibase.build/Debug-iphonesimulator/Emojibase.build/Objects-normal/arm64/Emojibase.swiftmodule (in target 'Emojibase' from project 'Emojibase')
    cd /Users/aadityasingh/Library/Developer/Xcode/DerivedData/Chatlio-erkyzdeecsohoaggpwbjdvavzqfv/SourcePackages/checkouts/emojibase-bindings
    builtin-copy -exclude .DS_Store -exclude CVS -exclude .svn -exclude .git -exclude .hg -resolve-src-symlinks -rename /Users/aadityasingh/Library/Developer/Xcode/DerivedData/Chatlio-erkyzdeecsohoaggpwbjdvavzqfv/Build/Intermediates.noindex/Emojibase.build/Debug-iphonesimulator/Emojibase.build/Objects-normal/arm64/Emojibase.swiftmodule /Users/aadityasingh/Library/Developer/Xcode/DerivedData/Chatlio-erkyzdeecsohoaggpwbjdvavzqfv/Build/Products/Debug-iphonesimulator/Emojibase.swiftmodule/arm64-apple-ios-simulator.swiftmodule

Copy /Users/aadityasingh/Library/Developer/Xcode/DerivedData/Chatlio-erkyzdeecsohoaggpwbjdvavzqfv/Build/Products/Debug-iphonesimulator/Emojibase.swiftmodule/arm64-apple-ios-simulator.swiftdoc /Users/aadityasingh/Library/Developer/Xcode/DerivedData/Chatlio-erkyzdeecsohoaggpwbjdvavzqfv/Build/Intermediates.noindex/Emojibase.build/Debug-iphonesimulator/Emojibase.build/Objects-normal/arm64/Emojibase.swiftdoc (in target 'Emojibase' from project 'Emojibase')
    cd /Users/aadityasingh/Library/Developer/Xcode/DerivedData/Chatlio-erkyzdeecsohoaggpwbjdvavzqfv/SourcePackages/checkouts/emojibase-bindings
    builtin-copy -exclude .DS_Store -exclude CVS -exclude .svn -exclude .git -exclude .hg -resolve-src-symlinks -rename /Users/aadityasingh/Library/Developer/Xcode/DerivedData/Chatlio-erkyzdeecsohoaggpwbjdvavzqfv/Build/Intermediates.noindex/Emojibase.build/Debug-iphonesimulator/Emojibase.build/Objects-normal/arm64/Emojibase.swiftdoc /Users/aadityasingh/Library/Developer/Xcode/DerivedData/Chatlio-erkyzdeecsohoaggpwbjdvavzqfv/Build/Products/Debug-iphonesimulator/Emojibase.swiftmodule/arm64-apple-ios-simulator.swiftdoc

Copy /Users/aadityasingh/Library/Developer/Xcode/DerivedData/Chatlio-erkyzdeecsohoaggpwbjdvavzqfv/Build/Products/Debug-iphonesimulator/Emojibase.swiftmodule/arm64-apple-ios-simulator.abi.json /Users/aadityasingh/Library/Developer/Xcode/DerivedData/Chatlio-erkyzdeecsohoaggpwbjdvavzqfv/Build/Intermediates.noindex/Emojibase.build/Debug-iphonesimulator/Emojibase.build/Objects-normal/arm64/Emojibase.abi.json (in target 'Emojibase' from project 'Emojibase')
    cd /Users/aadityasingh/Library/Developer/Xcode/DerivedData/Chatlio-erkyzdeecsohoaggpwbjdvavzqfv/SourcePackages/checkouts/emojibase-bindings
    builtin-copy -exclude .DS_Store -exclude CVS -exclude .svn -exclude .git -exclude .hg -resolve-src-symlinks -rename /Users/aadityasingh/Library/Developer/Xcode/DerivedData/Chatlio-erkyzdeecsohoaggpwbjdvavzqfv/Build/Intermediates.noindex/Emojibase.build/Debug-iphonesimulator/Emojibase.build/Objects-normal/arm64/Emojibase.abi.json /Users/aadityasingh/Library/Developer/Xcode/DerivedData/Chatlio-erkyzdeecsohoaggpwbjdvavzqfv/Build/Products/Debug-iphonesimulator/Emojibase.swiftmodule/arm64-apple-ios-simulator.abi.json

Copy /Users/aadityasingh/Library/Developer/Xcode/DerivedData/Chatlio-erkyzdeecsohoaggpwbjdvavzqfv/Build/Products/Debug-iphonesimulator/Emojibase.swiftmodule/Project/arm64-apple-ios-simulator.swiftsourceinfo /Users/aadityasingh/Library/Developer/Xcode/DerivedData/Chatlio-erkyzdeecsohoaggpwbjdvavzqfv/Build/Intermediates.noindex/Emojibase.build/Debug-iphonesimulator/Emojibase.build/Objects-normal/arm64/Emojibase.swiftsourceinfo (in target 'Emojibase' from project 'Emojibase')
    cd /Users/aadityasingh/Library/Developer/Xcode/DerivedData/Chatlio-erkyzdeecsohoaggpwbjdvavzqfv/SourcePackages/checkouts/emojibase-bindings
    builtin-copy -exclude .DS_Store -exclude CVS -exclude .svn -exclude .git -exclude .hg -resolve-src-symlinks -rename /Users/aadityasingh/Library/Developer/Xcode/DerivedData/Chatlio-erkyzdeecsohoaggpwbjdvavzqfv/Build/Intermediates.noindex/Emojibase.build/Debug-iphonesimulator/Emojibase.build/Objects-normal/arm64/Emojibase.swiftsourceinfo /Users/aadityasingh/Library/Developer/Xcode/DerivedData/Chatlio-erkyzdeecsohoaggpwbjdvavzqfv/Build/Products/Debug-iphonesimulator/Emojibase.swiftmodule/Project/arm64-apple-ios-simulator.swiftsourceinfo

PrecompileModule /Users/aadityasingh/Library/Developer/Xcode/DerivedData/Chatlio-erkyzdeecsohoaggpwbjdvavzqfv/Build/Intermediates.noindex/ExplicitPrecompiledModules/_Builtin_limits-BSTQTORQ8BFJ8MCAP32QOX1KQ.scan
    cd /
    builtin-precompileModule /Users/aadityasingh/Library/Developer/Xcode/DerivedData/Chatlio-erkyzdeecsohoaggpwbjdvavzqfv/Build/Intermediates.noindex/ExplicitPrecompiledModules/_Builtin_limits-BSTQTORQ8BFJ8MCAP32QOX1KQ.scan

PrecompileModule /Users/aadityasingh/Library/Developer/Xcode/DerivedData/Chatlio-erkyzdeecsohoaggpwbjdvavzqfv/Build/Intermediates.noindex/ExplicitPrecompiledModules/_Builtin_float-8NTHFBPXRMNGYFE5IGA0WLPJN.scan
    cd /
    builtin-precompileModule /Users/aadityasingh/Library/Developer/Xcode/DerivedData/Chatlio-erkyzdeecsohoaggpwbjdvavzqfv/Build/Intermediates.noindex/ExplicitPrecompiledModules/_Builtin_float-8NTHFBPXRMNGYFE5IGA0WLPJN.scan

PrecompileModule /Users/aadityasingh/Library/Developer/Xcode/DerivedData/Chatlio-erkyzdeecsohoaggpwbjdvavzqfv/Build/Intermediates.noindex/ExplicitPrecompiledModules/ptrcheck-DOUTMPC4NZKOQOR3HWL57L3M4.scan
    cd /
    builtin-precompileModule /Users/aadityasingh/Library/Developer/Xcode/DerivedData/Chatlio-erkyzdeecsohoaggpwbjdvavzqfv/Build/Intermediates.noindex/ExplicitPrecompiledModules/ptrcheck-DOUTMPC4NZKOQOR3HWL57L3M4.scan

PrecompileModule /Users/aadityasingh/Library/Developer/Xcode/DerivedData/Chatlio-erkyzdeecsohoaggpwbjdvavzqfv/Build/Intermediates.noindex/ExplicitPrecompiledModules/_Builtin_stddef-88UI6PPNVZSBGTU115R6BIBDZ.scan
    cd /
    builtin-precompileModule /Users/aadityasingh/Library/Developer/Xcode/DerivedData/Chatlio-erkyzdeecsohoaggpwbjdvavzqfv/Build/Intermediates.noindex/ExplicitPrecompiledModules/_Builtin_stddef-88UI6PPNVZSBGTU115R6BIBDZ.scan

PrecompileModule /Users/aadityasingh/Library/Developer/Xcode/DerivedData/Chatlio-erkyzdeecsohoaggpwbjdvavzqfv/Build/Intermediates.noindex/ExplicitPrecompiledModules/_Builtin_stdbool-AXIQQ0KBLYXXFVDBVORGEUEPZ.scan
    cd /
    builtin-precompileModule /Users/aadityasingh/Library/Developer/Xcode/DerivedData/Chatlio-erkyzdeecsohoaggpwbjdvavzqfv/Build/Intermediates.noindex/ExplicitPrecompiledModules/_Builtin_stdbool-AXIQQ0KBLYXXFVDBVORGEUEPZ.scan

PrecompileModule /Users/aadityasingh/Library/Developer/Xcode/DerivedData/Chatlio-erkyzdeecsohoaggpwbjdvavzqfv/Build/Intermediates.noindex/ExplicitPrecompiledModules/ptrauth-5PCU52CUXQG5WLMX80PHIXMUF.scan
    cd /
    builtin-precompileModule /Users/aadityasingh/Library/Developer/Xcode/DerivedData/Chatlio-erkyzdeecsohoaggpwbjdvavzqfv/Build/Intermediates.noindex/ExplicitPrecompiledModules/ptrauth-5PCU52CUXQG5WLMX80PHIXMUF.scan

PrecompileModule /Users/aadityasingh/Library/Developer/Xcode/DerivedData/Chatlio-erkyzdeecsohoaggpwbjdvavzqfv/Build/Intermediates.noindex/ExplicitPrecompiledModules/_Builtin_float-BF9XQGPEHTKC8NEZFZJYCCC1G.scan
    cd /
    builtin-precompileModule /Users/aadityasingh/Library/Developer/Xcode/DerivedData/Chatlio-erkyzdeecsohoaggpwbjdvavzqfv/Build/Intermediates.noindex/ExplicitPrecompiledModules/_Builtin_float-BF9XQGPEHTKC8NEZFZJYCCC1G.scan

PrecompileModule /Users/aadityasingh/Library/Developer/Xcode/DerivedData/Chatlio-erkyzdeecsohoaggpwbjdvavzqfv/Build/Intermediates.noindex/ExplicitPrecompiledModules/_Builtin_stddef-7O8UBCKR2KMCLZCR6APRL9Z9N.scan
    cd /
    builtin-precompileModule /Users/aadityasingh/Library/Developer/Xcode/DerivedData/Chatlio-erkyzdeecsohoaggpwbjdvavzqfv/Build/Intermediates.noindex/ExplicitPrecompiledModules/_Builtin_stddef-7O8UBCKR2KMCLZCR6APRL9Z9N.scan

PrecompileModule /Users/aadityasingh/Library/Developer/Xcode/DerivedData/Chatlio-erkyzdeecsohoaggpwbjdvavzqfv/Build/Intermediates.noindex/ExplicitPrecompiledModules/_DarwinFoundation1-6T6BD67RBS58SUQWNW4X8VJP4.scan
    cd /
    builtin-precompileModule /Users/aadityasingh/Library/Developer/Xcode/DerivedData/Chatlio-erkyzdeecsohoaggpwbjdvavzqfv/Build/Intermediates.noindex/ExplicitPrecompiledModules/_DarwinFoundation1-6T6BD67RBS58SUQWNW4X8VJP4.scan

SwiftCompile normal x86_64 Compiling\ Rope+Debugging.swift,\ Rope+Invariants.swift,\ Rope+_Node.swift,\ Rope+_Storage.swift,\ Rope+_UnmanagedLeaf.swift,\ Rope+_UnsafeHandle.swift /Users/aadityasingh/Library/Developer/Xcode/DerivedData/Chatlio-erkyzdeecsohoaggpwbjdvavzqfv/SourcePackages/checkouts/swift-collections/Sources/RopeModule/Rope/Basics/Rope+Debugging.swift /Users/aadityasingh/Library/Developer/Xcode/DerivedData/Chatlio-erkyzdeecsohoaggpwbjdvavzqfv/SourcePackages/checkouts/swift-collections/Sources/RopeModule/Rope/Basics/Rope+Invariants.swift /Users/aadityasingh/Library/Developer/Xcode/DerivedData/Chatlio-erkyzdeecsohoaggpwbjdvavzqfv/SourcePackages/checkouts/swift-collections/Sources/RopeModule/Rope/Basics/Rope+_Node.swift /Users/aadityasingh/Library/Developer/Xcode/DerivedData/Chatlio-erkyzdeecsohoaggpwbjdvavzqfv/SourcePackages/checkouts/swift-collections/Sources/RopeModule/Rope/Basics/Rope+_Storage.swift /Users/aadityasingh/Library/Developer/Xcode/DerivedData/Chatlio-erkyzdeecsohoaggpwbjdvavzqfv/SourcePackages/checkouts/swift-collections/Sources/RopeModule/Rope/Basics/Rope+_UnmanagedLeaf.swift /Users/aadityasingh/Library/Developer/Xcode/DerivedData/Chatlio-erkyzdeecsohoaggpwbjdvavzqfv/SourcePackages/checkouts/swift-collections/Sources/RopeModule/Rope/Basics/Rope+_UnsafeHandle.swift (in target '_RopeModule' from project 'swift-collections')

SwiftCompile normal x86_64 /Users/aadityasingh/Library/Developer/Xcode/DerivedData/Chatlio-erkyzdeecsohoaggpwbjdvavzqfv/SourcePackages/checkouts/swift-collections/Sources/RopeModule/Rope/Basics/Rope+Debugging.swift (in target '_RopeModule' from project 'swift-collections')
    cd /Users/aadityasingh/Documents/Development/element-x-ios/Chatlio.xcodeproj
    

SwiftCompile normal x86_64 /Users/aadityasingh/Library/Developer/Xcode/DerivedData/Chatlio-erkyzdeecsohoaggpwbjdvavzqfv/SourcePackages/checkouts/swift-collections/Sources/RopeModule/Rope/Basics/Rope+Invariants.swift (in target '_RopeModule' from project 'swift-collections')
    cd /Users/aadityasingh/Documents/Development/element-x-ios/Chatlio.xcodeproj
    

SwiftCompile normal x86_64 /Users/aadityasingh/Library/Developer/Xcode/DerivedData/Chatlio-erkyzdeecsohoaggpwbjdvavzqfv/SourcePackages/checkouts/swift-collections/Sources/RopeModule/Rope/Basics/Rope+_Node.swift (in target '_RopeModule' from project 'swift-collections')
    cd /Users/aadityasingh/Documents/Development/element-x-ios/Chatlio.xcodeproj
    

SwiftCompile normal x86_64 /Users/aadityasingh/Library/Developer/Xcode/DerivedData/Chatlio-erkyzdeecsohoaggpwbjdvavzqfv/SourcePackages/checkouts/swift-collections/Sources/RopeModule/Rope/Basics/Rope+_Storage.swift (in target '_RopeModule' from project 'swift-collections')
    cd /Users/aadityasingh/Documents/Development/element-x-ios/Chatlio.xcodeproj
    

SwiftCompile normal x86_64 /Users/aadityasingh/Library/Developer/Xcode/DerivedData/Chatlio-erkyzdeecsohoaggpwbjdvavzqfv/SourcePackages/checkouts/swift-collections/Sources/RopeModule/Rope/Basics/Rope+_UnmanagedLeaf.swift (in target '_RopeModule' from project 'swift-collections')
    cd /Users/aadityasingh/Documents/Development/element-x-ios/Chatlio.xcodeproj
    

SwiftCompile normal x86_64 /Users/aadityasingh/Library/Developer/Xcode/DerivedData/Chatlio-erkyzdeecsohoaggpwbjdvavzqfv/SourcePackages/checkouts/swift-collections/Sources/RopeModule/Rope/Basics/Rope+_UnsafeHandle.swift (in target '_RopeModule' from project 'swift-collections')
    cd /Users/aadityasingh/Documents/Development/element-x-ios/Chatlio.xcodeproj
    

SwiftDriverJobDiscovery normal x86_64 Compiling BigString+RemoveSubrange.swift, BigString+ReplaceSubrange.swift, BigString+Split.swift, Range+BigString.swift, BigString+UTF16View.swift, BigString+UTF8View.swift (in target '_RopeModule' from project 'swift-collections')

SwiftCompile normal arm64 Compiling\ Rope+Debugging.swift,\ Rope+Invariants.swift,\ Rope+_Node.swift,\ Rope+_Storage.swift,\ Rope+_UnmanagedLeaf.swift,\ Rope+_UnsafeHandle.swift /Users/aadityasingh/Library/Developer/Xcode/DerivedData/Chatlio-erkyzdeecsohoaggpwbjdvavzqfv/SourcePackages/checkouts/swift-collections/Sources/RopeModule/Rope/Basics/Rope+Debugging.swift /Users/aadityasingh/Library/Developer/Xcode/DerivedData/Chatlio-erkyzdeecsohoaggpwbjdvavzqfv/SourcePackages/checkouts/swift-collections/Sources/RopeModule/Rope/Basics/Rope+Invariants.swift /Users/aadityasingh/Library/Developer/Xcode/DerivedData/Chatlio-erkyzdeecsohoaggpwbjdvavzqfv/SourcePackages/checkouts/swift-collections/Sources/RopeModule/Rope/Basics/Rope+_Node.swift /Users/aadityasingh/Library/Developer/Xcode/DerivedData/Chatlio-erkyzdeecsohoaggpwbjdvavzqfv/SourcePackages/checkouts/swift-collections/Sources/RopeModule/Rope/Basics/Rope+_Storage.swift /Users/aadityasingh/Library/Developer/Xcode/DerivedData/Chatlio-erkyzdeecsohoaggpwbjdvavzqfv/SourcePackages/checkouts/swift-collections/Sources/RopeModule/Rope/Basics/Rope+_UnmanagedLeaf.swift /Users/aadityasingh/Library/Developer/Xcode/DerivedData/Chatlio-erkyzdeecsohoaggpwbjdvavzqfv/SourcePackages/checkouts/swift-collections/Sources/RopeModule/Rope/Basics/Rope+_UnsafeHandle.swift (in target '_RopeModule' from project 'swift-collections')

SwiftCompile normal arm64 /Users/aadityasingh/Library/Developer/Xcode/DerivedData/Chatlio-erkyzdeecsohoaggpwbjdvavzqfv/SourcePackages/checkouts/swift-collections/Sources/RopeModule/Rope/Basics/Rope+Debugging.swift (in target '_RopeModule' from project 'swift-collections')
    cd /Users/aadityasingh/Documents/Development/element-x-ios/Chatlio.xcodeproj
    

SwiftCompile normal arm64 /Users/aadityasingh/Library/Developer/Xcode/DerivedData/Chatlio-erkyzdeecsohoaggpwbjdvavzqfv/SourcePackages/checkouts/swift-collections/Sources/RopeModule/Rope/Basics/Rope+Invariants.swift (in target '_RopeModule' from project 'swift-collections')
    cd /Users/aadityasingh/Documents/Development/element-x-ios/Chatlio.xcodeproj
    

SwiftCompile normal arm64 /Users/aadityasingh/Library/Developer/Xcode/DerivedData/Chatlio-erkyzdeecsohoaggpwbjdvavzqfv/SourcePackages/checkouts/swift-collections/Sources/RopeModule/Rope/Basics/Rope+_Node.swift (in target '_RopeModule' from project 'swift-collections')
    cd /Users/aadityasingh/Documents/Development/element-x-ios/Chatlio.xcodeproj
    

SwiftCompile normal arm64 /Users/aadityasingh/Library/Developer/Xcode/DerivedData/Chatlio-erkyzdeecsohoaggpwbjdvavzqfv/SourcePackages/checkouts/swift-collections/Sources/RopeModule/Rope/Basics/Rope+_Storage.swift (in target '_RopeModule' from project 'swift-collections')
    cd /Users/aadityasingh/Documents/Development/element-x-ios/Chatlio.xcodeproj
    

SwiftCompile normal arm64 /Users/aadityasingh/Library/Developer/Xcode/DerivedData/Chatlio-erkyzdeecsohoaggpwbjdvavzqfv/SourcePackages/checkouts/swift-collections/Sources/RopeModule/Rope/Basics/Rope+_UnmanagedLeaf.swift (in target '_RopeModule' from project 'swift-collections')
    cd /Users/aadityasingh/Documents/Development/element-x-ios/Chatlio.xcodeproj
    

SwiftCompile normal arm64 /Users/aadityasingh/Library/Developer/Xcode/DerivedData/Chatlio-erkyzdeecsohoaggpwbjdvavzqfv/SourcePackages/checkouts/swift-collections/Sources/RopeModule/Rope/Basics/Rope+_UnsafeHandle.swift (in target '_RopeModule' from project 'swift-collections')
    cd /Users/aadityasingh/Documents/Development/element-x-ios/Chatlio.xcodeproj
    

PrecompileModule /Users/aadityasingh/Library/Developer/Xcode/DerivedData/Chatlio-erkyzdeecsohoaggpwbjdvavzqfv/Build/Intermediates.noindex/ExplicitPrecompiledModules/_DarwinFoundation2-HCPWIQNUQONZNS6CJ9Y6W814.scan
    cd /
    builtin-precompileModule /Users/aadityasingh/Library/Developer/Xcode/DerivedData/Chatlio-erkyzdeecsohoaggpwbjdvavzqfv/Build/Intermediates.noindex/ExplicitPrecompiledModules/_DarwinFoundation2-HCPWIQNUQONZNS6CJ9Y6W814.scan

PrecompileModule /Users/aadityasingh/Library/Developer/Xcode/DerivedData/Chatlio-erkyzdeecsohoaggpwbjdvavzqfv/Build/Intermediates.noindex/ExplicitPrecompiledModules/_Builtin_limits-4C3YWBBL7VDYBD74A580AY99T.scan
    cd /
    builtin-precompileModule /Users/aadityasingh/Library/Developer/Xcode/DerivedData/Chatlio-erkyzdeecsohoaggpwbjdvavzqfv/Build/Intermediates.noindex/ExplicitPrecompiledModules/_Builtin_limits-4C3YWBBL7VDYBD74A580AY99T.scan

PrecompileModule /Users/aadityasingh/Library/Developer/Xcode/DerivedData/Chatlio-erkyzdeecsohoaggpwbjdvavzqfv/Build/Intermediates.noindex/ExplicitPrecompiledModules/_DarwinFoundation2-8XPT2M3O1X3DUMJF0GADTVGN1.scan
    cd /
    builtin-precompileModule /Users/aadityasingh/Library/Developer/Xcode/DerivedData/Chatlio-erkyzdeecsohoaggpwbjdvavzqfv/Build/Intermediates.noindex/ExplicitPrecompiledModules/_DarwinFoundation2-8XPT2M3O1X3DUMJF0GADTVGN1.scan

PrecompileModule /Users/aadityasingh/Library/Developer/Xcode/DerivedData/Chatlio-erkyzdeecsohoaggpwbjdvavzqfv/Build/Intermediates.noindex/ExplicitPrecompiledModules/_Builtin_stdint-9I8V7X85CG4NPFVZVYJF90BXE.scan
    cd /
    builtin-precompileModule /Users/aadityasingh/Library/Developer/Xcode/DerivedData/Chatlio-erkyzdeecsohoaggpwbjdvavzqfv/Build/Intermediates.noindex/ExplicitPrecompiledModules/_Builtin_stdint-9I8V7X85CG4NPFVZVYJF90BXE.scan

PrecompileModule /Users/aadityasingh/Library/Developer/Xcode/DerivedData/Chatlio-erkyzdeecsohoaggpwbjdvavzqfv/Build/Intermediates.noindex/ExplicitPrecompiledModules/_Builtin_stdint-6H04NYHG9ZFCPBNG9VB7SGFEH.scan
    cd /
    builtin-precompileModule /Users/aadityasingh/Library/Developer/Xcode/DerivedData/Chatlio-erkyzdeecsohoaggpwbjdvavzqfv/Build/Intermediates.noindex/ExplicitPrecompiledModules/_Builtin_stdint-6H04NYHG9ZFCPBNG9VB7SGFEH.scan

SwiftDriverJobDiscovery normal arm64 Compiling _RopeVersion.swift, Rope+Collection.swift, Rope+Index.swift, Rope+Sequence.swift, Rope+Append.swift, Rope+Extract.swift (in target '_RopeModule' from project 'swift-collections')

SwiftCompile normal arm64 Compiling\ BigString+Chunk+Indexing\ by\ Characters.swift,\ BigString+Chunk+Indexing\ by\ UTF16.swift,\ BigString+Chunk+RopeElement.swift,\ BigString+Chunk+Splitting.swift,\ BigString+Chunk.swift,\ BigString+BidirectionalCollection.swift,\ BigString+Comparable.swift /Users/aadityasingh/Library/Developer/Xcode/DerivedData/Chatlio-erkyzdeecsohoaggpwbjdvavzqfv/SourcePackages/checkouts/swift-collections/Sources/RopeModule/BigString/Chunk/BigString+Chunk+Indexing\ by\ Characters.swift /Users/aadityasingh/Library/Developer/Xcode/DerivedData/Chatlio-erkyzdeecsohoaggpwbjdvavzqfv/SourcePackages/checkouts/swift-collections/Sources/RopeModule/BigString/Chunk/BigString+Chunk+Indexing\ by\ UTF16.swift /Users/aadityasingh/Library/Developer/Xcode/DerivedData/Chatlio-erkyzdeecsohoaggpwbjdvavzqfv/SourcePackages/checkouts/swift-collections/Sources/RopeModule/BigString/Chunk/BigString+Chunk+RopeElement.swift /Users/aadityasingh/Library/Developer/Xcode/DerivedData/Chatlio-erkyzdeecsohoaggpwbjdvavzqfv/SourcePackages/checkouts/swift-collections/Sources/RopeModule/BigString/Chunk/BigString+Chunk+Splitting.swift /Users/aadityasingh/Library/Developer/Xcode/DerivedData/Chatlio-erkyzdeecsohoaggpwbjdvavzqfv/SourcePackages/checkouts/swift-collections/Sources/RopeModule/BigString/Chunk/BigString+Chunk.swift /Users/aadityasingh/Library/Developer/Xcode/DerivedData/Chatlio-erkyzdeecsohoaggpwbjdvavzqfv/SourcePackages/checkouts/swift-collections/Sources/RopeModule/BigString/Conformances/BigString+BidirectionalCollection.swift /Users/aadityasingh/Library/Developer/Xcode/DerivedData/Chatlio-erkyzdeecsohoaggpwbjdvavzqfv/SourcePackages/checkouts/swift-collections/Sources/RopeModule/BigString/Conformances/BigString+Comparable.swift (in target '_RopeModule' from project 'swift-collections')

SwiftCompile normal arm64 /Users/aadityasingh/Library/Developer/Xcode/DerivedData/Chatlio-erkyzdeecsohoaggpwbjdvavzqfv/SourcePackages/checkouts/swift-collections/Sources/RopeModule/BigString/Chunk/BigString+Chunk+Indexing\ by\ Characters.swift (in target '_RopeModule' from project 'swift-collections')
    cd /Users/aadityasingh/Documents/Development/element-x-ios/Chatlio.xcodeproj
    

SwiftCompile normal arm64 /Users/aadityasingh/Library/Developer/Xcode/DerivedData/Chatlio-erkyzdeecsohoaggpwbjdvavzqfv/SourcePackages/checkouts/swift-collections/Sources/RopeModule/BigString/Chunk/BigString+Chunk+Indexing\ by\ UTF16.swift (in target '_RopeModule' from project 'swift-collections')
    cd /Users/aadityasingh/Documents/Development/element-x-ios/Chatlio.xcodeproj
    

SwiftCompile normal arm64 /Users/aadityasingh/Library/Developer/Xcode/DerivedData/Chatlio-erkyzdeecsohoaggpwbjdvavzqfv/SourcePackages/checkouts/swift-collections/Sources/RopeModule/BigString/Chunk/BigString+Chunk+RopeElement.swift (in target '_RopeModule' from project 'swift-collections')
    cd /Users/aadityasingh/Documents/Development/element-x-ios/Chatlio.xcodeproj
    

SwiftCompile normal arm64 /Users/aadityasingh/Library/Developer/Xcode/DerivedData/Chatlio-erkyzdeecsohoaggpwbjdvavzqfv/SourcePackages/checkouts/swift-collections/Sources/RopeModule/BigString/Chunk/BigString+Chunk+Splitting.swift (in target '_RopeModule' from project 'swift-collections')
    cd /Users/aadityasingh/Documents/Development/element-x-ios/Chatlio.xcodeproj
    

SwiftCompile normal arm64 /Users/aadityasingh/Library/Developer/Xcode/DerivedData/Chatlio-erkyzdeecsohoaggpwbjdvavzqfv/SourcePackages/checkouts/swift-collections/Sources/RopeModule/BigString/Chunk/BigString+Chunk.swift (in target '_RopeModule' from project 'swift-collections')
    cd /Users/aadityasingh/Documents/Development/element-x-ios/Chatlio.xcodeproj
    

SwiftCompile normal arm64 /Users/aadityasingh/Library/Developer/Xcode/DerivedData/Chatlio-erkyzdeecsohoaggpwbjdvavzqfv/SourcePackages/checkouts/swift-collections/Sources/RopeModule/BigString/Conformances/BigString+BidirectionalCollection.swift (in target '_RopeModule' from project 'swift-collections')
    cd /Users/aadityasingh/Documents/Development/element-x-ios/Chatlio.xcodeproj
    

SwiftCompile normal arm64 /Users/aadityasingh/Library/Developer/Xcode/DerivedData/Chatlio-erkyzdeecsohoaggpwbjdvavzqfv/SourcePackages/checkouts/swift-collections/Sources/RopeModule/BigString/Conformances/BigString+Comparable.swift (in target '_RopeModule' from project 'swift-collections')
    cd /Users/aadityasingh/Documents/Development/element-x-ios/Chatlio.xcodeproj
    

PrecompileModule /Users/aadityasingh/Library/Developer/Xcode/DerivedData/Chatlio-erkyzdeecsohoaggpwbjdvavzqfv/Build/Intermediates.noindex/ExplicitPrecompiledModules/_DarwinFoundation3-62AAU6TX2UZHPQZYMFAEQ0YFG.scan
    cd /
    builtin-precompileModule /Users/aadityasingh/Library/Developer/Xcode/DerivedData/Chatlio-erkyzdeecsohoaggpwbjdvavzqfv/Build/Intermediates.noindex/ExplicitPrecompiledModules/_DarwinFoundation3-62AAU6TX2UZHPQZYMFAEQ0YFG.scan

PrecompileModule /Users/aadityasingh/Library/Developer/Xcode/DerivedData/Chatlio-erkyzdeecsohoaggpwbjdvavzqfv/Build/Intermediates.noindex/ExplicitPrecompiledModules/_DarwinFoundation3-DZ7ARR17LDLREE2PYUZIIHSAF.scan
    cd /
    builtin-precompileModule /Users/aadityasingh/Library/Developer/Xcode/DerivedData/Chatlio-erkyzdeecsohoaggpwbjdvavzqfv/Build/Intermediates.noindex/ExplicitPrecompiledModules/_DarwinFoundation3-DZ7ARR17LDLREE2PYUZIIHSAF.scan

PrecompileModule /Users/aadityasingh/Library/Developer/Xcode/DerivedData/Chatlio-erkyzdeecsohoaggpwbjdvavzqfv/Build/Intermediates.noindex/ExplicitPrecompiledModules/_Builtin_inttypes-BS5W9A9WKAVBS5OEKHQZP61Y2.scan
    cd /
    builtin-precompileModule /Users/aadityasingh/Library/Developer/Xcode/DerivedData/Chatlio-erkyzdeecsohoaggpwbjdvavzqfv/Build/Intermediates.noindex/ExplicitPrecompiledModules/_Builtin_inttypes-BS5W9A9WKAVBS5OEKHQZP61Y2.scan

SwiftDriverJobDiscovery normal x86_64 Compiling Rope+Find.swift, Rope+ForEachWhile.swift, Rope+Insert.swift, Rope+Join.swift, Rope+MutatingForEach.swift, Rope+Remove.swift (in target '_RopeModule' from project 'swift-collections')

PrecompileModule /Users/aadityasingh/Library/Developer/Xcode/DerivedData/Chatlio-erkyzdeecsohoaggpwbjdvavzqfv/Build/Intermediates.noindex/ExplicitPrecompiledModules/zlib-UNSQQBDJRI33F5J8OWVX7CSM.scan
    cd /
    builtin-precompileModule /Users/aadityasingh/Library/Developer/Xcode/DerivedData/Chatlio-erkyzdeecsohoaggpwbjdvavzqfv/Build/Intermediates.noindex/ExplicitPrecompiledModules/zlib-UNSQQBDJRI33F5J8OWVX7CSM.scan

PrecompileModule /Users/aadityasingh/Library/Developer/Xcode/DerivedData/Chatlio-erkyzdeecsohoaggpwbjdvavzqfv/Build/Intermediates.noindex/ExplicitPrecompiledModules/Darwin-4DQTE9G3KRZTOMU9NB9QGVR5Q.scan
    cd /
    builtin-precompileModule /Users/aadityasingh/Library/Developer/Xcode/DerivedData/Chatlio-erkyzdeecsohoaggpwbjdvavzqfv/Build/Intermediates.noindex/ExplicitPrecompiledModules/Darwin-4DQTE9G3KRZTOMU9NB9QGVR5Q.scan

PrecompileModule /Users/aadityasingh/Library/Developer/Xcode/DerivedData/Chatlio-erkyzdeecsohoaggpwbjdvavzqfv/Build/Intermediates.noindex/ExplicitPrecompiledModules/zlib-13JMKUKF6ZFIVO2HGNRQ8OPVP.scan
    cd /
    builtin-precompileModule /Users/aadityasingh/Library/Developer/Xcode/DerivedData/Chatlio-erkyzdeecsohoaggpwbjdvavzqfv/Build/Intermediates.noindex/ExplicitPrecompiledModules/zlib-13JMKUKF6ZFIVO2HGNRQ8OPVP.scan

PrecompileModule /Users/aadityasingh/Library/Developer/Xcode/DerivedData/Chatlio-erkyzdeecsohoaggpwbjdvavzqfv/Build/Intermediates.noindex/ExplicitPrecompiledModules/_Builtin_inttypes-4AT8G3EDVV3K02RM149651T9X.scan
    cd /
    builtin-precompileModule /Users/aadityasingh/Library/Developer/Xcode/DerivedData/Chatlio-erkyzdeecsohoaggpwbjdvavzqfv/Build/Intermediates.noindex/ExplicitPrecompiledModules/_Builtin_inttypes-4AT8G3EDVV3K02RM149651T9X.scan

SwiftCompile normal arm64 Compiling\ Rope+RemoveSubrange.swift,\ Rope+Split.swift,\ Optional\ Utilities.swift,\ String\ Utilities.swift,\ String.Index+ABI.swift,\ _CharacterRecognizer.swift /Users/aadityasingh/Library/Developer/Xcode/DerivedData/Chatlio-erkyzdeecsohoaggpwbjdvavzqfv/SourcePackages/checkouts/swift-collections/Sources/RopeModule/Rope/Operations/Rope+RemoveSubrange.swift /Users/aadityasingh/Library/Developer/Xcode/DerivedData/Chatlio-erkyzdeecsohoaggpwbjdvavzqfv/SourcePackages/checkouts/swift-collections/Sources/RopeModule/Rope/Operations/Rope+Split.swift /Users/aadityasingh/Library/Developer/Xcode/DerivedData/Chatlio-erkyzdeecsohoaggpwbjdvavzqfv/SourcePackages/checkouts/swift-collections/Sources/RopeModule/Utilities/Optional\ Utilities.swift /Users/aadityasingh/Library/Developer/Xcode/DerivedData/Chatlio-erkyzdeecsohoaggpwbjdvavzqfv/SourcePackages/checkouts/swift-collections/Sources/RopeModule/Utilities/String\ Utilities.swift /Users/aadityasingh/Library/Developer/Xcode/DerivedData/Chatlio-erkyzdeecsohoaggpwbjdvavzqfv/SourcePackages/checkouts/swift-collections/Sources/RopeModule/Utilities/String.Index+ABI.swift /Users/aadityasingh/Library/Developer/Xcode/DerivedData/Chatlio-erkyzdeecsohoaggpwbjdvavzqfv/SourcePackages/checkouts/swift-collections/Sources/RopeModule/Utilities/_CharacterRecognizer.swift (in target '_RopeModule' from project 'swift-collections')

SwiftCompile normal arm64 /Users/aadityasingh/Library/Developer/Xcode/DerivedData/Chatlio-erkyzdeecsohoaggpwbjdvavzqfv/SourcePackages/checkouts/swift-collections/Sources/RopeModule/Rope/Operations/Rope+RemoveSubrange.swift (in target '_RopeModule' from project 'swift-collections')
    cd /Users/aadityasingh/Documents/Development/element-x-ios/Chatlio.xcodeproj
    

SwiftCompile normal arm64 /Users/aadityasingh/Library/Developer/Xcode/DerivedData/Chatlio-erkyzdeecsohoaggpwbjdvavzqfv/SourcePackages/checkouts/swift-collections/Sources/RopeModule/Rope/Operations/Rope+Split.swift (in target '_RopeModule' from project 'swift-collections')
    cd /Users/aadityasingh/Documents/Development/element-x-ios/Chatlio.xcodeproj
    

SwiftCompile normal arm64 /Users/aadityasingh/Library/Developer/Xcode/DerivedData/Chatlio-erkyzdeecsohoaggpwbjdvavzqfv/SourcePackages/checkouts/swift-collections/Sources/RopeModule/Utilities/Optional\ Utilities.swift (in target '_RopeModule' from project 'swift-collections')
    cd /Users/aadityasingh/Documents/Development/element-x-ios/Chatlio.xcodeproj
    

SwiftCompile normal arm64 /Users/aadityasingh/Library/Developer/Xcode/DerivedData/Chatlio-erkyzdeecsohoaggpwbjdvavzqfv/SourcePackages/checkouts/swift-collections/Sources/RopeModule/Utilities/String\ Utilities.swift (in target '_RopeModule' from project 'swift-collections')
    cd /Users/aadityasingh/Documents/Development/element-x-ios/Chatlio.xcodeproj
    

SwiftCompile normal arm64 /Users/aadityasingh/Library/Developer/Xcode/DerivedData/Chatlio-erkyzdeecsohoaggpwbjdvavzqfv/SourcePackages/checkouts/swift-collections/Sources/RopeModule/Utilities/String.Index+ABI.swift (in target '_RopeModule' from project 'swift-collections')
    cd /Users/aadityasingh/Documents/Development/element-x-ios/Chatlio.xcodeproj
    

SwiftCompile normal arm64 /Users/aadityasingh/Library/Developer/Xcode/DerivedData/Chatlio-erkyzdeecsohoaggpwbjdvavzqfv/SourcePackages/checkouts/swift-collections/Sources/RopeModule/Utilities/_CharacterRecognizer.swift (in target '_RopeModule' from project 'swift-collections')
    cd /Users/aadityasingh/Documents/Development/element-x-ios/Chatlio.xcodeproj
    

SwiftDriverJobDiscovery normal x86_64 Emitting module for Flow (in target 'Flow' from project 'Flow')

SwiftDriver\ Compilation\ Requirements Flow normal x86_64 com.apple.xcode.tools.swift.compiler (in target 'Flow' from project 'Flow')
    cd /Users/aadityasingh/Documents/Development/element-x-ios/Chatlio.xcodeproj
    builtin-Swift-Compilation-Requirements -- /Applications/Xcode.app/Contents/Developer/Toolchains/XcodeDefault.xctoolchain/usr/bin/swiftc -module-name Flow -Onone @/Users/aadityasingh/Library/Developer/Xcode/DerivedData/Chatlio-erkyzdeecsohoaggpwbjdvavzqfv/Build/Intermediates.noindex/Flow.build/Debug-iphonesimulator/Flow.build/Objects-normal/x86_64/Flow.SwiftFileList -DSWIFT_PACKAGE -DDEBUG -DSWIFT_MODULE_RESOURCE_BUNDLE_UNAVAILABLE -DXcode -enable-upcoming-feature ExistentialAny -plugin-path /Applications/Xcode.app/Contents/Developer/Toolchains/XcodeDefault.xctoolchain/usr/lib/swift/host/plugins/testing -enable-experimental-feature DebugDescriptionMacro -sdk /Applications/Xcode.app/Contents/Developer/Platforms/iPhoneSimulator.platform/Developer/SDKs/iPhoneSimulator26.4.sdk -target x86_64-apple-ios16.0-simulator -g -module-cache-path /Users/aadityasingh/Library/Developer/Xcode/DerivedData/ModuleCache.noindex -Xfrontend -serialize-debugging-options -profile-coverage-mapping -profile-generate -enable-testing -suppress-warnings -index-store-path /Users/aadityasingh/Library/Developer/Xcode/DerivedData/Chatlio-erkyzdeecsohoaggpwbjdvavzqfv/Index.noindex/DataStore -Xcc -D_LIBCPP_HARDENING_MODE\=_LIBCPP_HARDENING_MODE_DEBUG -swift-version 6 -I /Users/aadityasingh/Library/Developer/Xcode/DerivedData/Chatlio-erkyzdeecsohoaggpwbjdvavzqfv/Build/Products/Debug-iphonesimulator -Isystem /Applications/Xcode.app/Contents/Developer/Platforms/iPhoneSimulator.platform/Developer/usr/lib -F /Users/aadityasingh/Library/Developer/Xcode/DerivedData/Chatlio-erkyzdeecsohoaggpwbjdvavzqfv/Build/Products/Debug-iphonesimulator -F /Applications/Xcode.app/Contents/Developer/Platforms/iPhoneSimulator.platform/Developer/Library/Frameworks -F /Applications/Xcode.app/Contents/Developer/Platforms/iPhoneSimulator.platform/Developer/SDKs/iPhoneSimulator26.4.sdk/Developer/Library/Frameworks -c -j12 -enable-batch-mode -incremental -Xcc -ivfsstatcache -Xcc /Users/aadityasingh/Library/Developer/Xcode/DerivedData/SDKStatCaches.noindex/iphonesimulator26.4-23E252-686eebb5dc1d8ecb277353a59184f4aa.sdkstatcache -output-file-map /Users/aadityasingh/Library/Developer/Xcode/DerivedData/Chatlio-erkyzdeecsohoaggpwbjdvavzqfv/Build/Intermediates.noindex/Flow.build/Debug-iphonesimulator/Flow.build/Objects-normal/x86_64/Flow-OutputFileMap.json -use-frontend-parseable-output -save-temps -no-color-diagnostics -explicit-module-build -module-cache-path /Users/aadityasingh/Library/Developer/Xcode/DerivedData/Chatlio-erkyzdeecsohoaggpwbjdvavzqfv/Build/Intermediates.noindex/SwiftExplicitPrecompiledModules -clang-scanner-module-cache-path /Users/aadityasingh/Library/Developer/Xcode/DerivedData/ModuleCache.noindex -sdk-module-cache-path /Users/aadityasingh/Library/Developer/Xcode/DerivedData/ModuleCache.noindex -serialize-diagnostics -emit-dependencies -emit-module -emit-module-path /Users/aadityasingh/Library/Developer/Xcode/DerivedData/Chatlio-erkyzdeecsohoaggpwbjdvavzqfv/Build/Intermediates.noindex/Flow.build/Debug-iphonesimulator/Flow.build/Objects-normal/x86_64/Flow.swiftmodule -user-module-version 3.1.1 -validate-clang-modules-once -clang-build-session-file /Users/aadityasingh/Library/Developer/Xcode/DerivedData/ModuleCache.noindex/Session.modulevalidation -package-name swiftui_flow -Xcc -I/Users/aadityasingh/Library/Developer/Xcode/DerivedData/Chatlio-erkyzdeecsohoaggpwbjdvavzqfv/Build/Intermediates.noindex/Flow.build/Debug-iphonesimulator/Flow.build/swift-overrides.hmap -emit-const-values -Xfrontend -const-gather-protocols-file -Xfrontend /Users/aadityasingh/Library/Developer/Xcode/DerivedData/Chatlio-erkyzdeecsohoaggpwbjdvavzqfv/Build/Intermediates.noindex/Flow.build/Debug-iphonesimulator/Flow.build/Objects-normal/x86_64/Flow_const_extract_protocols.json -Xcc -I/Users/aadityasingh/Library/Developer/Xcode/DerivedData/Chatlio-erkyzdeecsohoaggpwbjdvavzqfv/Build/Products/Debug-iphonesimulator/include -Xcc -I/Users/aadityasingh/Library/Developer/Xcode/DerivedData/Chatlio-erkyzdeecsohoaggpwbjdvavzqfv/Build/Intermediates.noindex/Flow.build/Debug-iphonesimulator/Flow.build/DerivedSources-normal/x86_64 -Xcc -I/Users/aadityasingh/Library/Developer/Xcode/DerivedData/Chatlio-erkyzdeecsohoaggpwbjdvavzqfv/Build/Intermediates.noindex/Flow.build/Debug-iphonesimulator/Flow.build/DerivedSources/x86_64 -Xcc -I/Users/aadityasingh/Library/Developer/Xcode/DerivedData/Chatlio-erkyzdeecsohoaggpwbjdvavzqfv/Build/Intermediates.noindex/Flow.build/Debug-iphonesimulator/Flow.build/DerivedSources -Xcc -DSWIFT_PACKAGE -Xcc -DDEBUG\=1 -emit-objc-header -emit-objc-header-path /Users/aadityasingh/Library/Developer/Xcode/DerivedData/Chatlio-erkyzdeecsohoaggpwbjdvavzqfv/Build/Intermediates.noindex/Flow.build/Debug-iphonesimulator/Flow.build/Objects-normal/x86_64/Flow-Swift.h -working-directory /Users/aadityasingh/Documents/Development/element-x-ios/Chatlio.xcodeproj -experimental-emit-module-separately -disable-cmo

PrecompileModule /Users/aadityasingh/Library/Developer/Xcode/DerivedData/Chatlio-erkyzdeecsohoaggpwbjdvavzqfv/Build/Intermediates.noindex/ExplicitPrecompiledModules/Darwin-CULX84E1SQUGWDN7YI5M4Q5A8.scan
    cd /
    builtin-precompileModule /Users/aadityasingh/Library/Developer/Xcode/DerivedData/Chatlio-erkyzdeecsohoaggpwbjdvavzqfv/Build/Intermediates.noindex/ExplicitPrecompiledModules/Darwin-CULX84E1SQUGWDN7YI5M4Q5A8.scan

Copy /Users/aadityasingh/Library/Developer/Xcode/DerivedData/Chatlio-erkyzdeecsohoaggpwbjdvavzqfv/Build/Products/Debug-iphonesimulator/Flow.swiftmodule/x86_64-apple-ios-simulator.swiftmodule /Users/aadityasingh/Library/Developer/Xcode/DerivedData/Chatlio-erkyzdeecsohoaggpwbjdvavzqfv/Build/Intermediates.noindex/Flow.build/Debug-iphonesimulator/Flow.build/Objects-normal/x86_64/Flow.swiftmodule (in target 'Flow' from project 'Flow')
    cd /Users/aadityasingh/Library/Developer/Xcode/DerivedData/Chatlio-erkyzdeecsohoaggpwbjdvavzqfv/SourcePackages/checkouts/SwiftUI-Flow
    builtin-copy -exclude .DS_Store -exclude CVS -exclude .svn -exclude .git -exclude .hg -resolve-src-symlinks -rename /Users/aadityasingh/Library/Developer/Xcode/DerivedData/Chatlio-erkyzdeecsohoaggpwbjdvavzqfv/Build/Intermediates.noindex/Flow.build/Debug-iphonesimulator/Flow.build/Objects-normal/x86_64/Flow.swiftmodule /Users/aadityasingh/Library/Developer/Xcode/DerivedData/Chatlio-erkyzdeecsohoaggpwbjdvavzqfv/Build/Products/Debug-iphonesimulator/Flow.swiftmodule/x86_64-apple-ios-simulator.swiftmodule

SwiftDriverJobDiscovery normal arm64 Emitting module for Flow (in target 'Flow' from project 'Flow')

SwiftDriver\ Compilation\ Requirements Flow normal arm64 com.apple.xcode.tools.swift.compiler (in target 'Flow' from project 'Flow')
    cd /Users/aadityasingh/Documents/Development/element-x-ios/Chatlio.xcodeproj
    builtin-Swift-Compilation-Requirements -- /Applications/Xcode.app/Contents/Developer/Toolchains/XcodeDefault.xctoolchain/usr/bin/swiftc -module-name Flow -Onone @/Users/aadityasingh/Library/Developer/Xcode/DerivedData/Chatlio-erkyzdeecsohoaggpwbjdvavzqfv/Build/Intermediates.noindex/Flow.build/Debug-iphonesimulator/Flow.build/Objects-normal/arm64/Flow.SwiftFileList -DSWIFT_PACKAGE -DDEBUG -DSWIFT_MODULE_RESOURCE_BUNDLE_UNAVAILABLE -DXcode -enable-upcoming-feature ExistentialAny -plugin-path /Applications/Xcode.app/Contents/Developer/Toolchains/XcodeDefault.xctoolchain/usr/lib/swift/host/plugins/testing -enable-experimental-feature DebugDescriptionMacro -sdk /Applications/Xcode.app/Contents/Developer/Platforms/iPhoneSimulator.platform/Developer/SDKs/iPhoneSimulator26.4.sdk -target arm64-apple-ios16.0-simulator -g -module-cache-path /Users/aadityasingh/Library/Developer/Xcode/DerivedData/ModuleCache.noindex -Xfrontend -serialize-debugging-options -profile-coverage-mapping -profile-generate -enable-testing -suppress-warnings -index-store-path /Users/aadityasingh/Library/Developer/Xcode/DerivedData/Chatlio-erkyzdeecsohoaggpwbjdvavzqfv/Index.noindex/DataStore -Xcc -D_LIBCPP_HARDENING_MODE\=_LIBCPP_HARDENING_MODE_DEBUG -swift-version 6 -I /Users/aadityasingh/Library/Developer/Xcode/DerivedData/Chatlio-erkyzdeecsohoaggpwbjdvavzqfv/Build/Products/Debug-iphonesimulator -Isystem /Applications/Xcode.app/Contents/Developer/Platforms/iPhoneSimulator.platform/Developer/usr/lib -F /Users/aadityasingh/Library/Developer/Xcode/DerivedData/Chatlio-erkyzdeecsohoaggpwbjdvavzqfv/Build/Products/Debug-iphonesimulator -F /Applications/Xcode.app/Contents/Developer/Platforms/iPhoneSimulator.platform/Developer/Library/Frameworks -F /Applications/Xcode.app/Contents/Developer/Platforms/iPhoneSimulator.platform/Developer/SDKs/iPhoneSimulator26.4.sdk/Developer/Library/Frameworks -c -j12 -enable-batch-mode -incremental -Xcc -ivfsstatcache -Xcc /Users/aadityasingh/Library/Developer/Xcode/DerivedData/SDKStatCaches.noindex/iphonesimulator26.4-23E252-686eebb5dc1d8ecb277353a59184f4aa.sdkstatcache -output-file-map /Users/aadityasingh/Library/Developer/Xcode/DerivedData/Chatlio-erkyzdeecsohoaggpwbjdvavzqfv/Build/Intermediates.noindex/Flow.build/Debug-iphonesimulator/Flow.build/Objects-normal/arm64/Flow-OutputFileMap.json -use-frontend-parseable-output -save-temps -no-color-diagnostics -explicit-module-build -module-cache-path /Users/aadityasingh/Library/Developer/Xcode/DerivedData/Chatlio-erkyzdeecsohoaggpwbjdvavzqfv/Build/Intermediates.noindex/SwiftExplicitPrecompiledModules -clang-scanner-module-cache-path /Users/aadityasingh/Library/Developer/Xcode/DerivedData/ModuleCache.noindex -sdk-module-cache-path /Users/aadityasingh/Library/Developer/Xcode/DerivedData/ModuleCache.noindex -serialize-diagnostics -emit-dependencies -emit-module -emit-module-path /Users/aadityasingh/Library/Developer/Xcode/DerivedData/Chatlio-erkyzdeecsohoaggpwbjdvavzqfv/Build/Intermediates.noindex/Flow.build/Debug-iphonesimulator/Flow.build/Objects-normal/arm64/Flow.swiftmodule -user-module-version 3.1.1 -validate-clang-modules-once -clang-build-session-file /Users/aadityasingh/Library/Developer/Xcode/DerivedData/ModuleCache.noindex/Session.modulevalidation -package-name swiftui_flow -Xcc -I/Users/aadityasingh/Library/Developer/Xcode/DerivedData/Chatlio-erkyzdeecsohoaggpwbjdvavzqfv/Build/Intermediates.noindex/Flow.build/Debug-iphonesimulator/Flow.build/swift-overrides.hmap -emit-const-values -Xfrontend -const-gather-protocols-file -Xfrontend /Users/aadityasingh/Library/Developer/Xcode/DerivedData/Chatlio-erkyzdeecsohoaggpwbjdvavzqfv/Build/Intermediates.noindex/Flow.build/Debug-iphonesimulator/Flow.build/Objects-normal/arm64/Flow_const_extract_protocols.json -Xcc -I/Users/aadityasingh/Library/Developer/Xcode/DerivedData/Chatlio-erkyzdeecsohoaggpwbjdvavzqfv/Build/Products/Debug-iphonesimulator/include -Xcc -I/Users/aadityasingh/Library/Developer/Xcode/DerivedData/Chatlio-erkyzdeecsohoaggpwbjdvavzqfv/Build/Intermediates.noindex/Flow.build/Debug-iphonesimulator/Flow.build/DerivedSources-normal/arm64 -Xcc -I/Users/aadityasingh/Library/Developer/Xcode/DerivedData/Chatlio-erkyzdeecsohoaggpwbjdvavzqfv/Build/Intermediates.noindex/Flow.build/Debug-iphonesimulator/Flow.build/DerivedSources/arm64 -Xcc -I/Users/aadityasingh/Library/Developer/Xcode/DerivedData/Chatlio-erkyzdeecsohoaggpwbjdvavzqfv/Build/Intermediates.noindex/Flow.build/Debug-iphonesimulator/Flow.build/DerivedSources -Xcc -DSWIFT_PACKAGE -Xcc -DDEBUG\=1 -emit-objc-header -emit-objc-header-path /Users/aadityasingh/Library/Developer/Xcode/DerivedData/Chatlio-erkyzdeecsohoaggpwbjdvavzqfv/Build/Intermediates.noindex/Flow.build/Debug-iphonesimulator/Flow.build/Objects-normal/arm64/Flow-Swift.h -working-directory /Users/aadityasingh/Documents/Development/element-x-ios/Chatlio.xcodeproj -experimental-emit-module-separately -disable-cmo

Copy /Users/aadityasingh/Library/Developer/Xcode/DerivedData/Chatlio-erkyzdeecsohoaggpwbjdvavzqfv/Build/Products/Debug-iphonesimulator/Flow.swiftmodule/x86_64-apple-ios-simulator.swiftdoc /Users/aadityasingh/Library/Developer/Xcode/DerivedData/Chatlio-erkyzdeecsohoaggpwbjdvavzqfv/Build/Intermediates.noindex/Flow.build/Debug-iphonesimulator/Flow.build/Objects-normal/x86_64/Flow.swiftdoc (in target 'Flow' from project 'Flow')
    cd /Users/aadityasingh/Library/Developer/Xcode/DerivedData/Chatlio-erkyzdeecsohoaggpwbjdvavzqfv/SourcePackages/checkouts/SwiftUI-Flow
    builtin-copy -exclude .DS_Store -exclude CVS -exclude .svn -exclude .git -exclude .hg -resolve-src-symlinks -rename /Users/aadityasingh/Library/Developer/Xcode/DerivedData/Chatlio-erkyzdeecsohoaggpwbjdvavzqfv/Build/Intermediates.noindex/Flow.build/Debug-iphonesimulator/Flow.build/Objects-normal/x86_64/Flow.swiftdoc /Users/aadityasingh/Library/Developer/Xcode/DerivedData/Chatlio-erkyzdeecsohoaggpwbjdvavzqfv/Build/Products/Debug-iphonesimulator/Flow.swiftmodule/x86_64-apple-ios-simulator.swiftdoc

SwiftMergeGeneratedHeaders /Users/aadityasingh/Library/Developer/Xcode/DerivedData/Chatlio-erkyzdeecsohoaggpwbjdvavzqfv/Build/Intermediates.noindex/GeneratedModuleMaps-iphonesimulator/Flow-Swift.h /Users/aadityasingh/Library/Developer/Xcode/DerivedData/Chatlio-erkyzdeecsohoaggpwbjdvavzqfv/Build/Intermediates.noindex/Flow.build/Debug-iphonesimulator/Flow.build/Objects-normal/arm64/Flow-Swift.h /Users/aadityasingh/Library/Developer/Xcode/DerivedData/Chatlio-erkyzdeecsohoaggpwbjdvavzqfv/Build/Intermediates.noindex/Flow.build/Debug-iphonesimulator/Flow.build/Objects-normal/x86_64/Flow-Swift.h (in target 'Flow' from project 'Flow')
    cd /Users/aadityasingh/Library/Developer/Xcode/DerivedData/Chatlio-erkyzdeecsohoaggpwbjdvavzqfv/SourcePackages/checkouts/SwiftUI-Flow
    builtin-swiftHeaderTool -arch arm64 /Users/aadityasingh/Library/Developer/Xcode/DerivedData/Chatlio-erkyzdeecsohoaggpwbjdvavzqfv/Build/Intermediates.noindex/Flow.build/Debug-iphonesimulator/Flow.build/Objects-normal/arm64/Flow-Swift.h -arch x86_64 /Users/aadityasingh/Library/Developer/Xcode/DerivedData/Chatlio-erkyzdeecsohoaggpwbjdvavzqfv/Build/Intermediates.noindex/Flow.build/Debug-iphonesimulator/Flow.build/Objects-normal/x86_64/Flow-Swift.h -o /Users/aadityasingh/Library/Developer/Xcode/DerivedData/Chatlio-erkyzdeecsohoaggpwbjdvavzqfv/Build/Intermediates.noindex/GeneratedModuleMaps-iphonesimulator/Flow-Swift.h

Copy /Users/aadityasingh/Library/Developer/Xcode/DerivedData/Chatlio-erkyzdeecsohoaggpwbjdvavzqfv/Build/Products/Debug-iphonesimulator/Flow.swiftmodule/x86_64-apple-ios-simulator.abi.json /Users/aadityasingh/Library/Developer/Xcode/DerivedData/Chatlio-erkyzdeecsohoaggpwbjdvavzqfv/Build/Intermediates.noindex/Flow.build/Debug-iphonesimulator/Flow.build/Objects-normal/x86_64/Flow.abi.json (in target 'Flow' from project 'Flow')
    cd /Users/aadityasingh/Library/Developer/Xcode/DerivedData/Chatlio-erkyzdeecsohoaggpwbjdvavzqfv/SourcePackages/checkouts/SwiftUI-Flow
    builtin-copy -exclude .DS_Store -exclude CVS -exclude .svn -exclude .git -exclude .hg -resolve-src-symlinks -rename /Users/aadityasingh/Library/Developer/Xcode/DerivedData/Chatlio-erkyzdeecsohoaggpwbjdvavzqfv/Build/Intermediates.noindex/Flow.build/Debug-iphonesimulator/Flow.build/Objects-normal/x86_64/Flow.abi.json /Users/aadityasingh/Library/Developer/Xcode/DerivedData/Chatlio-erkyzdeecsohoaggpwbjdvavzqfv/Build/Products/Debug-iphonesimulator/Flow.swiftmodule/x86_64-apple-ios-simulator.abi.json

Copy /Users/aadityasingh/Library/Developer/Xcode/DerivedData/Chatlio-erkyzdeecsohoaggpwbjdvavzqfv/Build/Products/Debug-iphonesimulator/Flow.swiftmodule/arm64-apple-ios-simulator.swiftmodule /Users/aadityasingh/Library/Developer/Xcode/DerivedData/Chatlio-erkyzdeecsohoaggpwbjdvavzqfv/Build/Intermediates.noindex/Flow.build/Debug-iphonesimulator/Flow.build/Objects-normal/arm64/Flow.swiftmodule (in target 'Flow' from project 'Flow')
    cd /Users/aadityasingh/Library/Developer/Xcode/DerivedData/Chatlio-erkyzdeecsohoaggpwbjdvavzqfv/SourcePackages/checkouts/SwiftUI-Flow
    builtin-copy -exclude .DS_Store -exclude CVS -exclude .svn -exclude .git -exclude .hg -resolve-src-symlinks -rename /Users/aadityasingh/Library/Developer/Xcode/DerivedData/Chatlio-erkyzdeecsohoaggpwbjdvavzqfv/Build/Intermediates.noindex/Flow.build/Debug-iphonesimulator/Flow.build/Objects-normal/arm64/Flow.swiftmodule /Users/aadityasingh/Library/Developer/Xcode/DerivedData/Chatlio-erkyzdeecsohoaggpwbjdvavzqfv/Build/Products/Debug-iphonesimulator/Flow.swiftmodule/arm64-apple-ios-simulator.swiftmodule

Copy /Users/aadityasingh/Library/Developer/Xcode/DerivedData/Chatlio-erkyzdeecsohoaggpwbjdvavzqfv/Build/Products/Debug-iphonesimulator/Flow.swiftmodule/arm64-apple-ios-simulator.swiftdoc /Users/aadityasingh/Library/Developer/Xcode/DerivedData/Chatlio-erkyzdeecsohoaggpwbjdvavzqfv/Build/Intermediates.noindex/Flow.build/Debug-iphonesimulator/Flow.build/Objects-normal/arm64/Flow.swiftdoc (in target 'Flow' from project 'Flow')
    cd /Users/aadityasingh/Library/Developer/Xcode/DerivedData/Chatlio-erkyzdeecsohoaggpwbjdvavzqfv/SourcePackages/checkouts/SwiftUI-Flow
    builtin-copy -exclude .DS_Store -exclude CVS -exclude .svn -exclude .git -exclude .hg -resolve-src-symlinks -rename /Users/aadityasingh/Library/Developer/Xcode/DerivedData/Chatlio-erkyzdeecsohoaggpwbjdvavzqfv/Build/Intermediates.noindex/Flow.build/Debug-iphonesimulator/Flow.build/Objects-normal/arm64/Flow.swiftdoc /Users/aadityasingh/Library/Developer/Xcode/DerivedData/Chatlio-erkyzdeecsohoaggpwbjdvavzqfv/Build/Products/Debug-iphonesimulator/Flow.swiftmodule/arm64-apple-ios-simulator.swiftdoc

Copy /Users/aadityasingh/Library/Developer/Xcode/DerivedData/Chatlio-erkyzdeecsohoaggpwbjdvavzqfv/Build/Products/Debug-iphonesimulator/Flow.swiftmodule/arm64-apple-ios-simulator.abi.json /Users/aadityasingh/Library/Developer/Xcode/DerivedData/Chatlio-erkyzdeecsohoaggpwbjdvavzqfv/Build/Intermediates.noindex/Flow.build/Debug-iphonesimulator/Flow.build/Objects-normal/arm64/Flow.abi.json (in target 'Flow' from project 'Flow')
    cd /Users/aadityasingh/Library/Developer/Xcode/DerivedData/Chatlio-erkyzdeecsohoaggpwbjdvavzqfv/SourcePackages/checkouts/SwiftUI-Flow
    builtin-copy -exclude .DS_Store -exclude CVS -exclude .svn -exclude .git -exclude .hg -resolve-src-symlinks -rename /Users/aadityasingh/Library/Developer/Xcode/DerivedData/Chatlio-erkyzdeecsohoaggpwbjdvavzqfv/Build/Intermediates.noindex/Flow.build/Debug-iphonesimulator/Flow.build/Objects-normal/arm64/Flow.abi.json /Users/aadityasingh/Library/Developer/Xcode/DerivedData/Chatlio-erkyzdeecsohoaggpwbjdvavzqfv/Build/Products/Debug-iphonesimulator/Flow.swiftmodule/arm64-apple-ios-simulator.abi.json

Copy /Users/aadityasingh/Library/Developer/Xcode/DerivedData/Chatlio-erkyzdeecsohoaggpwbjdvavzqfv/Build/Products/Debug-iphonesimulator/Flow.swiftmodule/Project/x86_64-apple-ios-simulator.swiftsourceinfo /Users/aadityasingh/Library/Developer/Xcode/DerivedData/Chatlio-erkyzdeecsohoaggpwbjdvavzqfv/Build/Intermediates.noindex/Flow.build/Debug-iphonesimulator/Flow.build/Objects-normal/x86_64/Flow.swiftsourceinfo (in target 'Flow' from project 'Flow')
    cd /Users/aadityasingh/Library/Developer/Xcode/DerivedData/Chatlio-erkyzdeecsohoaggpwbjdvavzqfv/SourcePackages/checkouts/SwiftUI-Flow
    builtin-copy -exclude .DS_Store -exclude CVS -exclude .svn -exclude .git -exclude .hg -resolve-src-symlinks -rename /Users/aadityasingh/Library/Developer/Xcode/DerivedData/Chatlio-erkyzdeecsohoaggpwbjdvavzqfv/Build/Intermediates.noindex/Flow.build/Debug-iphonesimulator/Flow.build/Objects-normal/x86_64/Flow.swiftsourceinfo /Users/aadityasingh/Library/Developer/Xcode/DerivedData/Chatlio-erkyzdeecsohoaggpwbjdvavzqfv/Build/Products/Debug-iphonesimulator/Flow.swiftmodule/Project/x86_64-apple-ios-simulator.swiftsourceinfo

Copy /Users/aadityasingh/Library/Developer/Xcode/DerivedData/Chatlio-erkyzdeecsohoaggpwbjdvavzqfv/Build/Products/Debug-iphonesimulator/Flow.swiftmodule/Project/arm64-apple-ios-simulator.swiftsourceinfo /Users/aadityasingh/Library/Developer/Xcode/DerivedData/Chatlio-erkyzdeecsohoaggpwbjdvavzqfv/Build/Intermediates.noindex/Flow.build/Debug-iphonesimulator/Flow.build/Objects-normal/arm64/Flow.swiftsourceinfo (in target 'Flow' from project 'Flow')
    cd /Users/aadityasingh/Library/Developer/Xcode/DerivedData/Chatlio-erkyzdeecsohoaggpwbjdvavzqfv/SourcePackages/checkouts/SwiftUI-Flow
    builtin-copy -exclude .DS_Store -exclude CVS -exclude .svn -exclude .git -exclude .hg -resolve-src-symlinks -rename /Users/aadityasingh/Library/Developer/Xcode/DerivedData/Chatlio-erkyzdeecsohoaggpwbjdvavzqfv/Build/Intermediates.noindex/Flow.build/Debug-iphonesimulator/Flow.build/Objects-normal/arm64/Flow.swiftsourceinfo /Users/aadityasingh/Library/Developer/Xcode/DerivedData/Chatlio-erkyzdeecsohoaggpwbjdvavzqfv/Build/Products/Debug-iphonesimulator/Flow.swiftmodule/Project/arm64-apple-ios-simulator.swiftsourceinfo

SwiftCompile normal x86_64 Compiling\ Rope+RemoveSubrange.swift,\ Rope+Split.swift,\ Optional\ Utilities.swift,\ String\ Utilities.swift,\ String.Index+ABI.swift,\ _CharacterRecognizer.swift /Users/aadityasingh/Library/Developer/Xcode/DerivedData/Chatlio-erkyzdeecsohoaggpwbjdvavzqfv/SourcePackages/checkouts/swift-collections/Sources/RopeModule/Rope/Operations/Rope+RemoveSubrange.swift /Users/aadityasingh/Library/Developer/Xcode/DerivedData/Chatlio-erkyzdeecsohoaggpwbjdvavzqfv/SourcePackages/checkouts/swift-collections/Sources/RopeModule/Rope/Operations/Rope+Split.swift /Users/aadityasingh/Library/Developer/Xcode/DerivedData/Chatlio-erkyzdeecsohoaggpwbjdvavzqfv/SourcePackages/checkouts/swift-collections/Sources/RopeModule/Utilities/Optional\ Utilities.swift /Users/aadityasingh/Library/Developer/Xcode/DerivedData/Chatlio-erkyzdeecsohoaggpwbjdvavzqfv/SourcePackages/checkouts/swift-collections/Sources/RopeModule/Utilities/String\ Utilities.swift /Users/aadityasingh/Library/Developer/Xcode/DerivedData/Chatlio-erkyzdeecsohoaggpwbjdvavzqfv/SourcePackages/checkouts/swift-collections/Sources/RopeModule/Utilities/String.Index+ABI.swift /Users/aadityasingh/Library/Developer/Xcode/DerivedData/Chatlio-erkyzdeecsohoaggpwbjdvavzqfv/SourcePackages/checkouts/swift-collections/Sources/RopeModule/Utilities/_CharacterRecognizer.swift (in target '_RopeModule' from project 'swift-collections')

SwiftCompile normal x86_64 /Users/aadityasingh/Library/Developer/Xcode/DerivedData/Chatlio-erkyzdeecsohoaggpwbjdvavzqfv/SourcePackages/checkouts/swift-collections/Sources/RopeModule/Rope/Operations/Rope+RemoveSubrange.swift (in target '_RopeModule' from project 'swift-collections')
    cd /Users/aadityasingh/Documents/Development/element-x-ios/Chatlio.xcodeproj
    

SwiftCompile normal x86_64 /Users/aadityasingh/Library/Developer/Xcode/DerivedData/Chatlio-erkyzdeecsohoaggpwbjdvavzqfv/SourcePackages/checkouts/swift-collections/Sources/RopeModule/Rope/Operations/Rope+Split.swift (in target '_RopeModule' from project 'swift-collections')
    cd /Users/aadityasingh/Documents/Development/element-x-ios/Chatlio.xcodeproj
    

SwiftCompile normal x86_64 /Users/aadityasingh/Library/Developer/Xcode/DerivedData/Chatlio-erkyzdeecsohoaggpwbjdvavzqfv/SourcePackages/checkouts/swift-collections/Sources/RopeModule/Utilities/Optional\ Utilities.swift (in target '_RopeModule' from project 'swift-collections')
    cd /Users/aadityasingh/Documents/Development/element-x-ios/Chatlio.xcodeproj
    

SwiftCompile normal x86_64 /Users/aadityasingh/Library/Developer/Xcode/DerivedData/Chatlio-erkyzdeecsohoaggpwbjdvavzqfv/SourcePackages/checkouts/swift-collections/Sources/RopeModule/Utilities/String\ Utilities.swift (in target '_RopeModule' from project 'swift-collections')
    cd /Users/aadityasingh/Documents/Development/element-x-ios/Chatlio.xcodeproj
    

SwiftCompile normal x86_64 /Users/aadityasingh/Library/Developer/Xcode/DerivedData/Chatlio-erkyzdeecsohoaggpwbjdvavzqfv/SourcePackages/checkouts/swift-collections/Sources/RopeModule/Utilities/String.Index+ABI.swift (in target '_RopeModule' from project 'swift-collections')
    cd /Users/aadityasingh/Documents/Development/element-x-ios/Chatlio.xcodeproj
    

SwiftCompile normal x86_64 /Users/aadityasingh/Library/Developer/Xcode/DerivedData/Chatlio-erkyzdeecsohoaggpwbjdvavzqfv/SourcePackages/checkouts/swift-collections/Sources/RopeModule/Utilities/_CharacterRecognizer.swift (in target '_RopeModule' from project 'swift-collections')
    cd /Users/aadityasingh/Documents/Development/element-x-ios/Chatlio.xcodeproj
    

SwiftCompile normal x86_64 Compiling\ Rope.swift,\ RopeElement.swift,\ RopeMetric.swift,\ RopeSummary.swift,\ _RopeItem.swift,\ _RopePath.swift /Users/aadityasingh/Library/Developer/Xcode/DerivedData/Chatlio-erkyzdeecsohoaggpwbjdvavzqfv/SourcePackages/checkouts/swift-collections/Sources/RopeModule/Rope/Basics/Rope.swift /Users/aadityasingh/Library/Developer/Xcode/DerivedData/Chatlio-erkyzdeecsohoaggpwbjdvavzqfv/SourcePackages/checkouts/swift-collections/Sources/RopeModule/Rope/Basics/RopeElement.swift /Users/aadityasingh/Library/Developer/Xcode/DerivedData/Chatlio-erkyzdeecsohoaggpwbjdvavzqfv/SourcePackages/checkouts/swift-collections/Sources/RopeModule/Rope/Basics/RopeMetric.swift /Users/aadityasingh/Library/Developer/Xcode/DerivedData/Chatlio-erkyzdeecsohoaggpwbjdvavzqfv/SourcePackages/checkouts/swift-collections/Sources/RopeModule/Rope/Basics/RopeSummary.swift /Users/aadityasingh/Library/Developer/Xcode/DerivedData/Chatlio-erkyzdeecsohoaggpwbjdvavzqfv/SourcePackages/checkouts/swift-collections/Sources/RopeModule/Rope/Basics/_RopeItem.swift /Users/aadityasingh/Library/Developer/Xcode/DerivedData/Chatlio-erkyzdeecsohoaggpwbjdvavzqfv/SourcePackages/checkouts/swift-collections/Sources/RopeModule/Rope/Basics/_RopePath.swift (in target '_RopeModule' from project 'swift-collections')

SwiftCompile normal x86_64 /Users/aadityasingh/Library/Developer/Xcode/DerivedData/Chatlio-erkyzdeecsohoaggpwbjdvavzqfv/SourcePackages/checkouts/swift-collections/Sources/RopeModule/Rope/Basics/Rope.swift (in target '_RopeModule' from project 'swift-collections')
    cd /Users/aadityasingh/Documents/Development/element-x-ios/Chatlio.xcodeproj
    

SwiftCompile normal x86_64 /Users/aadityasingh/Library/Developer/Xcode/DerivedData/Chatlio-erkyzdeecsohoaggpwbjdvavzqfv/SourcePackages/checkouts/swift-collections/Sources/RopeModule/Rope/Basics/RopeElement.swift (in target '_RopeModule' from project 'swift-collections')
    cd /Users/aadityasingh/Documents/Development/element-x-ios/Chatlio.xcodeproj
    

SwiftCompile normal x86_64 /Users/aadityasingh/Library/Developer/Xcode/DerivedData/Chatlio-erkyzdeecsohoaggpwbjdvavzqfv/SourcePackages/checkouts/swift-collections/Sources/RopeModule/Rope/Basics/RopeMetric.swift (in target '_RopeModule' from project 'swift-collections')
    cd /Users/aadityasingh/Documents/Development/element-x-ios/Chatlio.xcodeproj
    

SwiftCompile normal x86_64 /Users/aadityasingh/Library/Developer/Xcode/DerivedData/Chatlio-erkyzdeecsohoaggpwbjdvavzqfv/SourcePackages/checkouts/swift-collections/Sources/RopeModule/Rope/Basics/RopeSummary.swift (in target '_RopeModule' from project 'swift-collections')
    cd /Users/aadityasingh/Documents/Development/element-x-ios/Chatlio.xcodeproj
    

SwiftCompile normal x86_64 /Users/aadityasingh/Library/Developer/Xcode/DerivedData/Chatlio-erkyzdeecsohoaggpwbjdvavzqfv/SourcePackages/checkouts/swift-collections/Sources/RopeModule/Rope/Basics/_RopeItem.swift (in target '_RopeModule' from project 'swift-collections')
    cd /Users/aadityasingh/Documents/Development/element-x-ios/Chatlio.xcodeproj
    

SwiftCompile normal x86_64 /Users/aadityasingh/Library/Developer/Xcode/DerivedData/Chatlio-erkyzdeecsohoaggpwbjdvavzqfv/SourcePackages/checkouts/swift-collections/Sources/RopeModule/Rope/Basics/_RopePath.swift (in target '_RopeModule' from project 'swift-collections')
    cd /Users/aadityasingh/Documents/Development/element-x-ios/Chatlio.xcodeproj
    

PrecompileModule /Users/aadityasingh/Library/Developer/Xcode/DerivedData/Chatlio-erkyzdeecsohoaggpwbjdvavzqfv/Build/Intermediates.noindex/ExplicitPrecompiledModules/ObjectiveC-48P3JERKX28QQ3HGTXZEGJXMQ.scan
    cd /
    builtin-precompileModule /Users/aadityasingh/Library/Developer/Xcode/DerivedData/Chatlio-erkyzdeecsohoaggpwbjdvavzqfv/Build/Intermediates.noindex/ExplicitPrecompiledModules/ObjectiveC-48P3JERKX28QQ3HGTXZEGJXMQ.scan

SwiftDriverJobDiscovery normal x86_64 Compiling BigString+Metrics.swift, BigString+Summary.swift, BigString.swift, BigString+Chunk+Append and Insert.swift, BigString+Chunk+Breaks.swift, BigString+Chunk+Counts.swift, BigString+Chunk+Description.swift (in target '_RopeModule' from project 'swift-collections')

SwiftCompile normal x86_64 Compiling\ BigString+UnicodeScalarView.swift,\ BigSubstring+UTF16View.swift,\ BigSubstring+UTF8View.swift,\ BigSubstring+UnicodeScalarView.swift,\ BigSubstring.swift,\ Rope+Builder.swift /Users/aadityasingh/Library/Developer/Xcode/DerivedData/Chatlio-erkyzdeecsohoaggpwbjdvavzqfv/SourcePackages/checkouts/swift-collections/Sources/RopeModule/BigString/Views/BigString+UnicodeScalarView.swift /Users/aadityasingh/Library/Developer/Xcode/DerivedData/Chatlio-erkyzdeecsohoaggpwbjdvavzqfv/SourcePackages/checkouts/swift-collections/Sources/RopeModule/BigString/Views/BigSubstring+UTF16View.swift /Users/aadityasingh/Library/Developer/Xcode/DerivedData/Chatlio-erkyzdeecsohoaggpwbjdvavzqfv/SourcePackages/checkouts/swift-collections/Sources/RopeModule/BigString/Views/BigSubstring+UTF8View.swift /Users/aadityasingh/Library/Developer/Xcode/DerivedData/Chatlio-erkyzdeecsohoaggpwbjdvavzqfv/SourcePackages/checkouts/swift-collections/Sources/RopeModule/BigString/Views/BigSubstring+UnicodeScalarView.swift /Users/aadityasingh/Library/Developer/Xcode/DerivedData/Chatlio-erkyzdeecsohoaggpwbjdvavzqfv/SourcePackages/checkouts/swift-collections/Sources/RopeModule/BigString/Views/BigSubstring.swift /Users/aadityasingh/Library/Developer/Xcode/DerivedData/Chatlio-erkyzdeecsohoaggpwbjdvavzqfv/SourcePackages/checkouts/swift-collections/Sources/RopeModule/Rope/Basics/Rope+Builder.swift (in target '_RopeModule' from project 'swift-collections')

SwiftCompile normal x86_64 /Users/aadityasingh/Library/Developer/Xcode/DerivedData/Chatlio-erkyzdeecsohoaggpwbjdvavzqfv/SourcePackages/checkouts/swift-collections/Sources/RopeModule/BigString/Views/BigString+UnicodeScalarView.swift (in target '_RopeModule' from project 'swift-collections')
    cd /Users/aadityasingh/Documents/Development/element-x-ios/Chatlio.xcodeproj
    

SwiftCompile normal x86_64 /Users/aadityasingh/Library/Developer/Xcode/DerivedData/Chatlio-erkyzdeecsohoaggpwbjdvavzqfv/SourcePackages/checkouts/swift-collections/Sources/RopeModule/BigString/Views/BigSubstring+UTF16View.swift (in target '_RopeModule' from project 'swift-collections')
    cd /Users/aadityasingh/Documents/Development/element-x-ios/Chatlio.xcodeproj
    

SwiftCompile normal x86_64 /Users/aadityasingh/Library/Developer/Xcode/DerivedData/Chatlio-erkyzdeecsohoaggpwbjdvavzqfv/SourcePackages/checkouts/swift-collections/Sources/RopeModule/BigString/Views/BigSubstring+UTF8View.swift (in target '_RopeModule' from project 'swift-collections')
    cd /Users/aadityasingh/Documents/Development/element-x-ios/Chatlio.xcodeproj
    

SwiftCompile normal x86_64 /Users/aadityasingh/Library/Developer/Xcode/DerivedData/Chatlio-erkyzdeecsohoaggpwbjdvavzqfv/SourcePackages/checkouts/swift-collections/Sources/RopeModule/BigString/Views/BigSubstring+UnicodeScalarView.swift (in target '_RopeModule' from project 'swift-collections')
    cd /Users/aadityasingh/Documents/Development/element-x-ios/Chatlio.xcodeproj
    

SwiftCompile normal x86_64 /Users/aadityasingh/Library/Developer/Xcode/DerivedData/Chatlio-erkyzdeecsohoaggpwbjdvavzqfv/SourcePackages/checkouts/swift-collections/Sources/RopeModule/BigString/Views/BigSubstring.swift (in target '_RopeModule' from project 'swift-collections')
    cd /Users/aadityasingh/Documents/Development/element-x-ios/Chatlio.xcodeproj
    

SwiftCompile normal x86_64 /Users/aadityasingh/Library/Developer/Xcode/DerivedData/Chatlio-erkyzdeecsohoaggpwbjdvavzqfv/SourcePackages/checkouts/swift-collections/Sources/RopeModule/Rope/Basics/Rope+Builder.swift (in target '_RopeModule' from project 'swift-collections')
    cd /Users/aadityasingh/Documents/Development/element-x-ios/Chatlio.xcodeproj
    

PrecompileModule /Users/aadityasingh/Library/Developer/Xcode/DerivedData/Chatlio-erkyzdeecsohoaggpwbjdvavzqfv/Build/Intermediates.noindex/ExplicitPrecompiledModules/os_object-75R1UXCKIZQ1W6ARWL2VZLX5O.scan
    cd /
    builtin-precompileModule /Users/aadityasingh/Library/Developer/Xcode/DerivedData/Chatlio-erkyzdeecsohoaggpwbjdvavzqfv/Build/Intermediates.noindex/ExplicitPrecompiledModules/os_object-75R1UXCKIZQ1W6ARWL2VZLX5O.scan

PrecompileModule /Users/aadityasingh/Library/Developer/Xcode/DerivedData/Chatlio-erkyzdeecsohoaggpwbjdvavzqfv/Build/Intermediates.noindex/ExplicitPrecompiledModules/ObjectiveC-62TWWZY1A8PO8A6A3GRIEGWJP.scan
    cd /
    builtin-precompileModule /Users/aadityasingh/Library/Developer/Xcode/DerivedData/Chatlio-erkyzdeecsohoaggpwbjdvavzqfv/Build/Intermediates.noindex/ExplicitPrecompiledModules/ObjectiveC-62TWWZY1A8PO8A6A3GRIEGWJP.scan

PrecompileModule /Users/aadityasingh/Library/Developer/Xcode/DerivedData/Chatlio-erkyzdeecsohoaggpwbjdvavzqfv/Build/Intermediates.noindex/ExplicitPrecompiledModules/os_workgroup-8QCZN9EZCR2TZ6I99BPASV5V2.scan
    cd /
    builtin-precompileModule /Users/aadityasingh/Library/Developer/Xcode/DerivedData/Chatlio-erkyzdeecsohoaggpwbjdvavzqfv/Build/Intermediates.noindex/ExplicitPrecompiledModules/os_workgroup-8QCZN9EZCR2TZ6I99BPASV5V2.scan

PrecompileModule /Users/aadityasingh/Library/Developer/Xcode/DerivedData/Chatlio-erkyzdeecsohoaggpwbjdvavzqfv/Build/Intermediates.noindex/ExplicitPrecompiledModules/os_object-AOTAOYJNW8HP748QVPTDI4RJZ.scan
    cd /
    builtin-precompileModule /Users/aadityasingh/Library/Developer/Xcode/DerivedData/Chatlio-erkyzdeecsohoaggpwbjdvavzqfv/Build/Intermediates.noindex/ExplicitPrecompiledModules/os_object-AOTAOYJNW8HP748QVPTDI4RJZ.scan

PrecompileModule /Users/aadityasingh/Library/Developer/Xcode/DerivedData/Chatlio-erkyzdeecsohoaggpwbjdvavzqfv/Build/Intermediates.noindex/ExplicitPrecompiledModules/Dispatch-2PM7ZIQJ7FRJ6I393OMI0GA10.scan
    cd /
    builtin-precompileModule /Users/aadityasingh/Library/Developer/Xcode/DerivedData/Chatlio-erkyzdeecsohoaggpwbjdvavzqfv/Build/Intermediates.noindex/ExplicitPrecompiledModules/Dispatch-2PM7ZIQJ7FRJ6I393OMI0GA10.scan

SwiftDriverJobDiscovery normal arm64 Emitting module for _RopeModule (in target '_RopeModule' from project 'swift-collections')

SwiftDriver\ Compilation\ Requirements _RopeModule normal arm64 com.apple.xcode.tools.swift.compiler (in target '_RopeModule' from project 'swift-collections')
    cd /Users/aadityasingh/Documents/Development/element-x-ios/Chatlio.xcodeproj
    builtin-Swift-Compilation-Requirements -- /Applications/Xcode.app/Contents/Developer/Toolchains/XcodeDefault.xctoolchain/usr/bin/swiftc -module-name _RopeModule -Onone @/Users/aadityasingh/Library/Developer/Xcode/DerivedData/Chatlio-erkyzdeecsohoaggpwbjdvavzqfv/Build/Intermediates.noindex/swift-collections.build/Debug-iphonesimulator/_RopeModule.build/Objects-normal/arm64/_RopeModule.SwiftFileList -DSWIFT_PACKAGE -DDEBUG -DSWIFT_MODULE_RESOURCE_BUNDLE_UNAVAILABLE -DCOLLECTIONS_RANDOMIZED_TESTING -DXcode -enable-experimental-feature AvailabilityMacro\=SwiftStdlib\ 5.0:\ macOS\ 10.14.4,\ iOS\ 12.2,\ watchOS\ 5.2,\ tvOS\ 12.2 -enable-experimental-feature AvailabilityMacro\=SwiftStdlib\ 5.1:\ macOS\ 10.15,\ iOS\ 13.0,\ watchOS\ 6.0,\ tvOS\ 13.0 -enable-experimental-feature AvailabilityMacro\=SwiftStdlib\ 5.6:\ macOS\ 12.3,\ iOS\ 15.4,\ watchOS\ 8.5,\ tvOS\ 15.4 -enable-experimental-feature AvailabilityMacro\=SwiftStdlib\ 5.8:\ macOS\ 13.3,\ iOS\ 16.4,\ watchOS\ 9.4,\ tvOS\ 16.4 -enable-experimental-feature AvailabilityMacro\=SwiftStdlib\ 5.9:\ macOS\ 14.0,\ iOS\ 17.0,\ watchOS\ 10.0,\ tvOS\ 17.0 -enable-experimental-feature AvailabilityMacro\=SwiftStdlib\ 5.10:\ macOS\ 14.4,\ iOS\ 17.4,\ watchOS\ 10.4,\ tvOS\ 17.4,\ visionOS\ 1.1 -enable-experimental-feature AvailabilityMacro\=SwiftStdlib\ 6.0:\ macOS\ 15.0,\ iOS\ 18.0,\ watchOS\ 11.0,\ tvOS\ 18.0,\ visionOS\ 2.0 -enable-experimental-feature AvailabilityMacro\=SwiftStdlib\ 6.1:\ macOS\ 15.4,\ iOS\ 18.4,\ watchOS\ 11.4,\ tvOS\ 18.4,\ visionOS\ 2.4 -enable-experimental-feature AvailabilityMacro\=SwiftStdlib\ 6.2:\ macOS\ 26.0,\ iOS\ 26.0,\ watchOS\ 26.0,\ tvOS\ 26.0,\ visionOS\ 26.0 -enable-upcoming-feature MemberImportVisibility -enable-experimental-feature BuiltinModule -enable-experimental-feature Lifetimes -enable-experimental-feature InoutLifetimeDependence -enable-experimental-feature SuppressedAssociatedTypes -plugin-path /Applications/Xcode.app/Contents/Developer/Toolchains/XcodeDefault.xctoolchain/usr/lib/swift/host/plugins/testing -enable-experimental-feature DebugDescriptionMacro -sdk /Applications/Xcode.app/Contents/Developer/Platforms/iPhoneSimulator.platform/Developer/SDKs/iPhoneSimulator26.4.sdk -target arm64-apple-ios12.0-simulator -g -module-cache-path /Users/aadityasingh/Library/Developer/Xcode/DerivedData/ModuleCache.noindex -Xfrontend -serialize-debugging-options -profile-coverage-mapping -profile-generate -enable-testing -suppress-warnings -index-store-path /Users/aadityasingh/Library/Developer/Xcode/DerivedData/Chatlio-erkyzdeecsohoaggpwbjdvavzqfv/Index.noindex/DataStore -Xcc -D_LIBCPP_HARDENING_MODE\=_LIBCPP_HARDENING_MODE_DEBUG -swift-version 5 -I /Users/aadityasingh/Library/Developer/Xcode/DerivedData/Chatlio-erkyzdeecsohoaggpwbjdvavzqfv/Build/Products/Debug-iphonesimulator -Isystem /Applications/Xcode.app/Contents/Developer/Platforms/iPhoneSimulator.platform/Developer/usr/lib -F /Users/aadityasingh/Library/Developer/Xcode/DerivedData/Chatlio-erkyzdeecsohoaggpwbjdvavzqfv/Build/Products/Debug-iphonesimulator/PackageFrameworks -F /Users/aadityasingh/Library/Developer/Xcode/DerivedData/Chatlio-erkyzdeecsohoaggpwbjdvavzqfv/Build/Products/Debug-iphonesimulator -F /Applications/Xcode.app/Contents/Developer/Platforms/iPhoneSimulator.platform/Developer/Library/Frameworks -F /Applications/Xcode.app/Contents/Developer/Platforms/iPhoneSimulator.platform/Developer/SDKs/iPhoneSimulator26.4.sdk/Developer/Library/Frameworks -c -j12 -enable-batch-mode -incremental -Xcc -ivfsstatcache -Xcc /Users/aadityasingh/Library/Developer/Xcode/DerivedData/SDKStatCaches.noindex/iphonesimulator26.4-23E252-686eebb5dc1d8ecb277353a59184f4aa.sdkstatcache -output-file-map /Users/aadityasingh/Library/Developer/Xcode/DerivedData/Chatlio-erkyzdeecsohoaggpwbjdvavzqfv/Build/Intermediates.noindex/swift-collections.build/Debug-iphonesimulator/_RopeModule.build/Objects-normal/arm64/_RopeModule-OutputFileMap.json -use-frontend-parseable-output -save-temps -no-color-diagnostics -explicit-module-build -module-cache-path /Users/aadityasingh/Library/Developer/Xcode/DerivedData/Chatlio-erkyzdeecsohoaggpwbjdvavzqfv/Build/Intermediates.noindex/SwiftExplicitPrecompiledModules -clang-scanner-module-cache-path /Users/aadityasingh/Library/Developer/Xcode/DerivedData/ModuleCache.noindex -sdk-module-cache-path /Users/aadityasingh/Library/Developer/Xcode/DerivedData/ModuleCache.noindex -serialize-diagnostics -emit-dependencies -emit-module -emit-module-path /Users/aadityasingh/Library/Developer/Xcode/DerivedData/Chatlio-erkyzdeecsohoaggpwbjdvavzqfv/Build/Intermediates.noindex/swift-collections.build/Debug-iphonesimulator/_RopeModule.build/Objects-normal/arm64/_RopeModule.swiftmodule -user-module-version 1.3.0 -validate-clang-modules-once -clang-build-session-file /Users/aadityasingh/Library/Developer/Xcode/DerivedData/ModuleCache.noindex/Session.modulevalidation -package-name swift_collections -Xcc -I/Users/aadityasingh/Library/Developer/Xcode/DerivedData/Chatlio-erkyzdeecsohoaggpwbjdvavzqfv/Build/Intermediates.noindex/swift-collections.build/Debug-iphonesimulator/_RopeModule.build/swift-overrides.hmap -emit-const-values -Xfrontend -const-gather-protocols-file -Xfrontend /Users/aadityasingh/Library/Developer/Xcode/DerivedData/Chatlio-erkyzdeecsohoaggpwbjdvavzqfv/Build/Intermediates.noindex/swift-collections.build/Debug-iphonesimulator/_RopeModule.build/Objects-normal/arm64/_RopeModule_const_extract_protocols.json -Xcc -I/Users/aadityasingh/Library/Developer/Xcode/DerivedData/Chatlio-erkyzdeecsohoaggpwbjdvavzqfv/Build/Products/Debug-iphonesimulator/include -Xcc -I/Users/aadityasingh/Library/Developer/Xcode/DerivedData/Chatlio-erkyzdeecsohoaggpwbjdvavzqfv/Build/Intermediates.noindex/swift-collections.build/Debug-iphonesimulator/_RopeModule.build/DerivedSources-normal/arm64 -Xcc -I/Users/aadityasingh/Library/Developer/Xcode/DerivedData/Chatlio-erkyzdeecsohoaggpwbjdvavzqfv/Build/Intermediates.noindex/swift-collections.build/Debug-iphonesimulator/_RopeModule.build/DerivedSources/arm64 -Xcc -I/Users/aadityasingh/Library/Developer/Xcode/DerivedData/Chatlio-erkyzdeecsohoaggpwbjdvavzqfv/Build/Intermediates.noindex/swift-collections.build/Debug-iphonesimulator/_RopeModule.build/DerivedSources -Xcc -DSWIFT_PACKAGE -Xcc -DDEBUG\=1 -emit-objc-header -emit-objc-header-path /Users/aadityasingh/Library/Developer/Xcode/DerivedData/Chatlio-erkyzdeecsohoaggpwbjdvavzqfv/Build/Intermediates.noindex/swift-collections.build/Debug-iphonesimulator/_RopeModule.build/Objects-normal/arm64/_RopeModule-Swift.h -working-directory /Users/aadityasingh/Documents/Development/element-x-ios/Chatlio.xcodeproj -experimental-emit-module-separately -disable-cmo

PrecompileModule /Users/aadityasingh/Library/Developer/Xcode/DerivedData/Chatlio-erkyzdeecsohoaggpwbjdvavzqfv/Build/Intermediates.noindex/ExplicitPrecompiledModules/os_workgroup-F56LRKGATCXV0YCWP6ZHFLJJG.scan
    cd /
    builtin-precompileModule /Users/aadityasingh/Library/Developer/Xcode/DerivedData/Chatlio-erkyzdeecsohoaggpwbjdvavzqfv/Build/Intermediates.noindex/ExplicitPrecompiledModules/os_workgroup-F56LRKGATCXV0YCWP6ZHFLJJG.scan

SwiftDriverJobDiscovery normal arm64 Compiling Rope+Debugging.swift, Rope+Invariants.swift, Rope+_Node.swift, Rope+_Storage.swift, Rope+_UnmanagedLeaf.swift, Rope+_UnsafeHandle.swift (in target '_RopeModule' from project 'swift-collections')

SwiftCompile normal arm64 Compiling\ BigString+Sequence.swift,\ BigString+TextOutputStream.swift,\ BigString+Append.swift,\ BigString+Initializers.swift,\ BigString+Insert.swift,\ BigString+Managing\ Breaks.swift /Users/aadityasingh/Library/Developer/Xcode/DerivedData/Chatlio-erkyzdeecsohoaggpwbjdvavzqfv/SourcePackages/checkouts/swift-collections/Sources/RopeModule/BigString/Conformances/BigString+Sequence.swift /Users/aadityasingh/Library/Developer/Xcode/DerivedData/Chatlio-erkyzdeecsohoaggpwbjdvavzqfv/SourcePackages/checkouts/swift-collections/Sources/RopeModule/BigString/Conformances/BigString+TextOutputStream.swift /Users/aadityasingh/Library/Developer/Xcode/DerivedData/Chatlio-erkyzdeecsohoaggpwbjdvavzqfv/SourcePackages/checkouts/swift-collections/Sources/RopeModule/BigString/Operations/BigString+Append.swift /Users/aadityasingh/Library/Developer/Xcode/DerivedData/Chatlio-erkyzdeecsohoaggpwbjdvavzqfv/SourcePackages/checkouts/swift-collections/Sources/RopeModule/BigString/Operations/BigString+Initializers.swift /Users/aadityasingh/Library/Developer/Xcode/DerivedData/Chatlio-erkyzdeecsohoaggpwbjdvavzqfv/SourcePackages/checkouts/swift-collections/Sources/RopeModule/BigString/Operations/BigString+Insert.swift /Users/aadityasingh/Library/Developer/Xcode/DerivedData/Chatlio-erkyzdeecsohoaggpwbjdvavzqfv/SourcePackages/checkouts/swift-collections/Sources/RopeModule/BigString/Operations/BigString+Managing\ Breaks.swift (in target '_RopeModule' from project 'swift-collections')

SwiftCompile normal arm64 /Users/aadityasingh/Library/Developer/Xcode/DerivedData/Chatlio-erkyzdeecsohoaggpwbjdvavzqfv/SourcePackages/checkouts/swift-collections/Sources/RopeModule/BigString/Conformances/BigString+Sequence.swift (in target '_RopeModule' from project 'swift-collections')
    cd /Users/aadityasingh/Documents/Development/element-x-ios/Chatlio.xcodeproj
    

SwiftCompile normal arm64 /Users/aadityasingh/Library/Developer/Xcode/DerivedData/Chatlio-erkyzdeecsohoaggpwbjdvavzqfv/SourcePackages/checkouts/swift-collections/Sources/RopeModule/BigString/Conformances/BigString+TextOutputStream.swift (in target '_RopeModule' from project 'swift-collections')
    cd /Users/aadityasingh/Documents/Development/element-x-ios/Chatlio.xcodeproj
    

SwiftCompile normal arm64 /Users/aadityasingh/Library/Developer/Xcode/DerivedData/Chatlio-erkyzdeecsohoaggpwbjdvavzqfv/SourcePackages/checkouts/swift-collections/Sources/RopeModule/BigString/Operations/BigString+Append.swift (in target '_RopeModule' from project 'swift-collections')
    cd /Users/aadityasingh/Documents/Development/element-x-ios/Chatlio.xcodeproj
    

SwiftCompile normal arm64 /Users/aadityasingh/Library/Developer/Xcode/DerivedData/Chatlio-erkyzdeecsohoaggpwbjdvavzqfv/SourcePackages/checkouts/swift-collections/Sources/RopeModule/BigString/Operations/BigString+Initializers.swift (in target '_RopeModule' from project 'swift-collections')
    cd /Users/aadityasingh/Documents/Development/element-x-ios/Chatlio.xcodeproj
    

SwiftCompile normal arm64 /Users/aadityasingh/Library/Developer/Xcode/DerivedData/Chatlio-erkyzdeecsohoaggpwbjdvavzqfv/SourcePackages/checkouts/swift-collections/Sources/RopeModule/BigString/Operations/BigString+Insert.swift (in target '_RopeModule' from project 'swift-collections')
    cd /Users/aadityasingh/Documents/Development/element-x-ios/Chatlio.xcodeproj
    

SwiftCompile normal arm64 /Users/aadityasingh/Library/Developer/Xcode/DerivedData/Chatlio-erkyzdeecsohoaggpwbjdvavzqfv/SourcePackages/checkouts/swift-collections/Sources/RopeModule/BigString/Operations/BigString+Managing\ Breaks.swift (in target '_RopeModule' from project 'swift-collections')
    cd /Users/aadityasingh/Documents/Development/element-x-ios/Chatlio.xcodeproj
    

SwiftCompile normal arm64 Compiling\ Rope.swift,\ RopeElement.swift,\ RopeMetric.swift,\ RopeSummary.swift,\ _RopeItem.swift,\ _RopePath.swift /Users/aadityasingh/Library/Developer/Xcode/DerivedData/Chatlio-erkyzdeecsohoaggpwbjdvavzqfv/SourcePackages/checkouts/swift-collections/Sources/RopeModule/Rope/Basics/Rope.swift /Users/aadityasingh/Library/Developer/Xcode/DerivedData/Chatlio-erkyzdeecsohoaggpwbjdvavzqfv/SourcePackages/checkouts/swift-collections/Sources/RopeModule/Rope/Basics/RopeElement.swift /Users/aadityasingh/Library/Developer/Xcode/DerivedData/Chatlio-erkyzdeecsohoaggpwbjdvavzqfv/SourcePackages/checkouts/swift-collections/Sources/RopeModule/Rope/Basics/RopeMetric.swift /Users/aadityasingh/Library/Developer/Xcode/DerivedData/Chatlio-erkyzdeecsohoaggpwbjdvavzqfv/SourcePackages/checkouts/swift-collections/Sources/RopeModule/Rope/Basics/RopeSummary.swift /Users/aadityasingh/Library/Developer/Xcode/DerivedData/Chatlio-erkyzdeecsohoaggpwbjdvavzqfv/SourcePackages/checkouts/swift-collections/Sources/RopeModule/Rope/Basics/_RopeItem.swift /Users/aadityasingh/Library/Developer/Xcode/DerivedData/Chatlio-erkyzdeecsohoaggpwbjdvavzqfv/SourcePackages/checkouts/swift-collections/Sources/RopeModule/Rope/Basics/_RopePath.swift (in target '_RopeModule' from project 'swift-collections')

SwiftCompile normal arm64 /Users/aadityasingh/Library/Developer/Xcode/DerivedData/Chatlio-erkyzdeecsohoaggpwbjdvavzqfv/SourcePackages/checkouts/swift-collections/Sources/RopeModule/Rope/Basics/Rope.swift (in target '_RopeModule' from project 'swift-collections')
    cd /Users/aadityasingh/Documents/Development/element-x-ios/Chatlio.xcodeproj
    

SwiftCompile normal arm64 /Users/aadityasingh/Library/Developer/Xcode/DerivedData/Chatlio-erkyzdeecsohoaggpwbjdvavzqfv/SourcePackages/checkouts/swift-collections/Sources/RopeModule/Rope/Basics/RopeElement.swift (in target '_RopeModule' from project 'swift-collections')
    cd /Users/aadityasingh/Documents/Development/element-x-ios/Chatlio.xcodeproj
    

SwiftCompile normal arm64 /Users/aadityasingh/Library/Developer/Xcode/DerivedData/Chatlio-erkyzdeecsohoaggpwbjdvavzqfv/SourcePackages/checkouts/swift-collections/Sources/RopeModule/Rope/Basics/RopeMetric.swift (in target '_RopeModule' from project 'swift-collections')
    cd /Users/aadityasingh/Documents/Development/element-x-ios/Chatlio.xcodeproj
    

SwiftCompile normal arm64 /Users/aadityasingh/Library/Developer/Xcode/DerivedData/Chatlio-erkyzdeecsohoaggpwbjdvavzqfv/SourcePackages/checkouts/swift-collections/Sources/RopeModule/Rope/Basics/RopeSummary.swift (in target '_RopeModule' from project 'swift-collections')
    cd /Users/aadityasingh/Documents/Development/element-x-ios/Chatlio.xcodeproj
    

SwiftCompile normal arm64 /Users/aadityasingh/Library/Developer/Xcode/DerivedData/Chatlio-erkyzdeecsohoaggpwbjdvavzqfv/SourcePackages/checkouts/swift-collections/Sources/RopeModule/Rope/Basics/_RopeItem.swift (in target '_RopeModule' from project 'swift-collections')
    cd /Users/aadityasingh/Documents/Development/element-x-ios/Chatlio.xcodeproj
    

SwiftCompile normal arm64 /Users/aadityasingh/Library/Developer/Xcode/DerivedData/Chatlio-erkyzdeecsohoaggpwbjdvavzqfv/SourcePackages/checkouts/swift-collections/Sources/RopeModule/Rope/Basics/_RopePath.swift (in target '_RopeModule' from project 'swift-collections')
    cd /Users/aadityasingh/Documents/Development/element-x-ios/Chatlio.xcodeproj
    

SwiftDriverJobDiscovery normal x86_64 Compiling Rope+Debugging.swift, Rope+Invariants.swift, Rope+_Node.swift, Rope+_Storage.swift, Rope+_UnmanagedLeaf.swift, Rope+_UnsafeHandle.swift (in target '_RopeModule' from project 'swift-collections')

Copy /Users/aadityasingh/Library/Developer/Xcode/DerivedData/Chatlio-erkyzdeecsohoaggpwbjdvavzqfv/Build/Products/Debug-iphonesimulator/_RopeModule.swiftmodule/arm64-apple-ios-simulator.swiftmodule /Users/aadityasingh/Library/Developer/Xcode/DerivedData/Chatlio-erkyzdeecsohoaggpwbjdvavzqfv/Build/Intermediates.noindex/swift-collections.build/Debug-iphonesimulator/_RopeModule.build/Objects-normal/arm64/_RopeModule.swiftmodule (in target '_RopeModule' from project 'swift-collections')
    cd /Users/aadityasingh/Library/Developer/Xcode/DerivedData/Chatlio-erkyzdeecsohoaggpwbjdvavzqfv/SourcePackages/checkouts/swift-collections
    builtin-copy -exclude .DS_Store -exclude CVS -exclude .svn -exclude .git -exclude .hg -resolve-src-symlinks -rename /Users/aadityasingh/Library/Developer/Xcode/DerivedData/Chatlio-erkyzdeecsohoaggpwbjdvavzqfv/Build/Intermediates.noindex/swift-collections.build/Debug-iphonesimulator/_RopeModule.build/Objects-normal/arm64/_RopeModule.swiftmodule /Users/aadityasingh/Library/Developer/Xcode/DerivedData/Chatlio-erkyzdeecsohoaggpwbjdvavzqfv/Build/Products/Debug-iphonesimulator/_RopeModule.swiftmodule/arm64-apple-ios-simulator.swiftmodule

Copy /Users/aadityasingh/Library/Developer/Xcode/DerivedData/Chatlio-erkyzdeecsohoaggpwbjdvavzqfv/Build/Products/Debug-iphonesimulator/_RopeModule.swiftmodule/arm64-apple-ios-simulator.swiftdoc /Users/aadityasingh/Library/Developer/Xcode/DerivedData/Chatlio-erkyzdeecsohoaggpwbjdvavzqfv/Build/Intermediates.noindex/swift-collections.build/Debug-iphonesimulator/_RopeModule.build/Objects-normal/arm64/_RopeModule.swiftdoc (in target '_RopeModule' from project 'swift-collections')
    cd /Users/aadityasingh/Library/Developer/Xcode/DerivedData/Chatlio-erkyzdeecsohoaggpwbjdvavzqfv/SourcePackages/checkouts/swift-collections
    builtin-copy -exclude .DS_Store -exclude CVS -exclude .svn -exclude .git -exclude .hg -resolve-src-symlinks -rename /Users/aadityasingh/Library/Developer/Xcode/DerivedData/Chatlio-erkyzdeecsohoaggpwbjdvavzqfv/Build/Intermediates.noindex/swift-collections.build/Debug-iphonesimulator/_RopeModule.build/Objects-normal/arm64/_RopeModule.swiftdoc /Users/aadityasingh/Library/Developer/Xcode/DerivedData/Chatlio-erkyzdeecsohoaggpwbjdvavzqfv/Build/Products/Debug-iphonesimulator/_RopeModule.swiftmodule/arm64-apple-ios-simulator.swiftdoc

Copy /Users/aadityasingh/Library/Developer/Xcode/DerivedData/Chatlio-erkyzdeecsohoaggpwbjdvavzqfv/Build/Products/Debug-iphonesimulator/_RopeModule.swiftmodule/arm64-apple-ios-simulator.abi.json /Users/aadityasingh/Library/Developer/Xcode/DerivedData/Chatlio-erkyzdeecsohoaggpwbjdvavzqfv/Build/Intermediates.noindex/swift-collections.build/Debug-iphonesimulator/_RopeModule.build/Objects-normal/arm64/_RopeModule.abi.json (in target '_RopeModule' from project 'swift-collections')
    cd /Users/aadityasingh/Library/Developer/Xcode/DerivedData/Chatlio-erkyzdeecsohoaggpwbjdvavzqfv/SourcePackages/checkouts/swift-collections
    builtin-copy -exclude .DS_Store -exclude CVS -exclude .svn -exclude .git -exclude .hg -resolve-src-symlinks -rename /Users/aadityasingh/Library/Developer/Xcode/DerivedData/Chatlio-erkyzdeecsohoaggpwbjdvavzqfv/Build/Intermediates.noindex/swift-collections.build/Debug-iphonesimulator/_RopeModule.build/Objects-normal/arm64/_RopeModule.abi.json /Users/aadityasingh/Library/Developer/Xcode/DerivedData/Chatlio-erkyzdeecsohoaggpwbjdvavzqfv/Build/Products/Debug-iphonesimulator/_RopeModule.swiftmodule/arm64-apple-ios-simulator.abi.json

Copy /Users/aadityasingh/Library/Developer/Xcode/DerivedData/Chatlio-erkyzdeecsohoaggpwbjdvavzqfv/Build/Products/Debug-iphonesimulator/_RopeModule.swiftmodule/Project/arm64-apple-ios-simulator.swiftsourceinfo /Users/aadityasingh/Library/Developer/Xcode/DerivedData/Chatlio-erkyzdeecsohoaggpwbjdvavzqfv/Build/Intermediates.noindex/swift-collections.build/Debug-iphonesimulator/_RopeModule.build/Objects-normal/arm64/_RopeModule.swiftsourceinfo (in target '_RopeModule' from project 'swift-collections')
    cd /Users/aadityasingh/Library/Developer/Xcode/DerivedData/Chatlio-erkyzdeecsohoaggpwbjdvavzqfv/SourcePackages/checkouts/swift-collections
    builtin-copy -exclude .DS_Store -exclude CVS -exclude .svn -exclude .git -exclude .hg -resolve-src-symlinks -rename /Users/aadityasingh/Library/Developer/Xcode/DerivedData/Chatlio-erkyzdeecsohoaggpwbjdvavzqfv/Build/Intermediates.noindex/swift-collections.build/Debug-iphonesimulator/_RopeModule.build/Objects-normal/arm64/_RopeModule.swiftsourceinfo /Users/aadityasingh/Library/Developer/Xcode/DerivedData/Chatlio-erkyzdeecsohoaggpwbjdvavzqfv/Build/Products/Debug-iphonesimulator/_RopeModule.swiftmodule/Project/arm64-apple-ios-simulator.swiftsourceinfo

PrecompileModule /Users/aadityasingh/Library/Developer/Xcode/DerivedData/Chatlio-erkyzdeecsohoaggpwbjdvavzqfv/Build/Intermediates.noindex/ExplicitPrecompiledModules/CoreFoundation-APLJOGXJNJNJFQ4UVFW842W9Y.scan
    cd /
    builtin-precompileModule /Users/aadityasingh/Library/Developer/Xcode/DerivedData/Chatlio-erkyzdeecsohoaggpwbjdvavzqfv/Build/Intermediates.noindex/ExplicitPrecompiledModules/CoreFoundation-APLJOGXJNJNJFQ4UVFW842W9Y.scan

PrecompileModule /Users/aadityasingh/Library/Developer/Xcode/DerivedData/Chatlio-erkyzdeecsohoaggpwbjdvavzqfv/Build/Intermediates.noindex/ExplicitPrecompiledModules/XPC-9KFCNP7LOVYMO32YEWB0W4ZU9.scan
    cd /
    builtin-precompileModule /Users/aadityasingh/Library/Developer/Xcode/DerivedData/Chatlio-erkyzdeecsohoaggpwbjdvavzqfv/Build/Intermediates.noindex/ExplicitPrecompiledModules/XPC-9KFCNP7LOVYMO32YEWB0W4ZU9.scan

PrecompileModule /Users/aadityasingh/Library/Developer/Xcode/DerivedData/Chatlio-erkyzdeecsohoaggpwbjdvavzqfv/Build/Intermediates.noindex/ExplicitPrecompiledModules/Dispatch-A6738CDETCSUHPL48Y77PUM18.scan
    cd /
    builtin-precompileModule /Users/aadityasingh/Library/Developer/Xcode/DerivedData/Chatlio-erkyzdeecsohoaggpwbjdvavzqfv/Build/Intermediates.noindex/ExplicitPrecompiledModules/Dispatch-A6738CDETCSUHPL48Y77PUM18.scan

SwiftCompile normal x86_64 Compiling\ BigString+Sequence.swift,\ BigString+TextOutputStream.swift,\ BigString+Append.swift,\ BigString+Initializers.swift,\ BigString+Insert.swift,\ BigString+Managing\ Breaks.swift /Users/aadityasingh/Library/Developer/Xcode/DerivedData/Chatlio-erkyzdeecsohoaggpwbjdvavzqfv/SourcePackages/checkouts/swift-collections/Sources/RopeModule/BigString/Conformances/BigString+Sequence.swift /Users/aadityasingh/Library/Developer/Xcode/DerivedData/Chatlio-erkyzdeecsohoaggpwbjdvavzqfv/SourcePackages/checkouts/swift-collections/Sources/RopeModule/BigString/Conformances/BigString+TextOutputStream.swift /Users/aadityasingh/Library/Developer/Xcode/DerivedData/Chatlio-erkyzdeecsohoaggpwbjdvavzqfv/SourcePackages/checkouts/swift-collections/Sources/RopeModule/BigString/Operations/BigString+Append.swift /Users/aadityasingh/Library/Developer/Xcode/DerivedData/Chatlio-erkyzdeecsohoaggpwbjdvavzqfv/SourcePackages/checkouts/swift-collections/Sources/RopeModule/BigString/Operations/BigString+Initializers.swift /Users/aadityasingh/Library/Developer/Xcode/DerivedData/Chatlio-erkyzdeecsohoaggpwbjdvavzqfv/SourcePackages/checkouts/swift-collections/Sources/RopeModule/BigString/Operations/BigString+Insert.swift /Users/aadityasingh/Library/Developer/Xcode/DerivedData/Chatlio-erkyzdeecsohoaggpwbjdvavzqfv/SourcePackages/checkouts/swift-collections/Sources/RopeModule/BigString/Operations/BigString+Managing\ Breaks.swift (in target '_RopeModule' from project 'swift-collections')

SwiftCompile normal x86_64 /Users/aadityasingh/Library/Developer/Xcode/DerivedData/Chatlio-erkyzdeecsohoaggpwbjdvavzqfv/SourcePackages/checkouts/swift-collections/Sources/RopeModule/BigString/Conformances/BigString+Sequence.swift (in target '_RopeModule' from project 'swift-collections')
    cd /Users/aadityasingh/Documents/Development/element-x-ios/Chatlio.xcodeproj
    

SwiftCompile normal x86_64 /Users/aadityasingh/Library/Developer/Xcode/DerivedData/Chatlio-erkyzdeecsohoaggpwbjdvavzqfv/SourcePackages/checkouts/swift-collections/Sources/RopeModule/BigString/Conformances/BigString+TextOutputStream.swift (in target '_RopeModule' from project 'swift-collections')
    cd /Users/aadityasingh/Documents/Development/element-x-ios/Chatlio.xcodeproj
    

SwiftCompile normal x86_64 /Users/aadityasingh/Library/Developer/Xcode/DerivedData/Chatlio-erkyzdeecsohoaggpwbjdvavzqfv/SourcePackages/checkouts/swift-collections/Sources/RopeModule/BigString/Operations/BigString+Append.swift (in target '_RopeModule' from project 'swift-collections')
    cd /Users/aadityasingh/Documents/Development/element-x-ios/Chatlio.xcodeproj
    

SwiftCompile normal x86_64 /Users/aadityasingh/Library/Developer/Xcode/DerivedData/Chatlio-erkyzdeecsohoaggpwbjdvavzqfv/SourcePackages/checkouts/swift-collections/Sources/RopeModule/BigString/Operations/BigString+Initializers.swift (in target '_RopeModule' from project 'swift-collections')
    cd /Users/aadityasingh/Documents/Development/element-x-ios/Chatlio.xcodeproj
    

SwiftCompile normal x86_64 /Users/aadityasingh/Library/Developer/Xcode/DerivedData/Chatlio-erkyzdeecsohoaggpwbjdvavzqfv/SourcePackages/checkouts/swift-collections/Sources/RopeModule/BigString/Operations/BigString+Insert.swift (in target '_RopeModule' from project 'swift-collections')
    cd /Users/aadityasingh/Documents/Development/element-x-ios/Chatlio.xcodeproj
    

SwiftCompile normal x86_64 /Users/aadityasingh/Library/Developer/Xcode/DerivedData/Chatlio-erkyzdeecsohoaggpwbjdvavzqfv/SourcePackages/checkouts/swift-collections/Sources/RopeModule/BigString/Operations/BigString+Managing\ Breaks.swift (in target '_RopeModule' from project 'swift-collections')
    cd /Users/aadityasingh/Documents/Development/element-x-ios/Chatlio.xcodeproj
    

PrecompileModule /Users/aadityasingh/Library/Developer/Xcode/DerivedData/Chatlio-erkyzdeecsohoaggpwbjdvavzqfv/Build/Intermediates.noindex/ExplicitPrecompiledModules/Security-BWL8ULKRLPXD7HD80V1O6E3E7.scan
    cd /
    builtin-precompileModule /Users/aadityasingh/Library/Developer/Xcode/DerivedData/Chatlio-erkyzdeecsohoaggpwbjdvavzqfv/Build/Intermediates.noindex/ExplicitPrecompiledModules/Security-BWL8ULKRLPXD7HD80V1O6E3E7.scan

PrecompileModule /Users/aadityasingh/Library/Developer/Xcode/DerivedData/Chatlio-erkyzdeecsohoaggpwbjdvavzqfv/Build/Intermediates.noindex/ExplicitPrecompiledModules/CFNetwork-2ZCELQMITPQICQQGTQ7K4UZUN.scan
    cd /
    builtin-precompileModule /Users/aadityasingh/Library/Developer/Xcode/DerivedData/Chatlio-erkyzdeecsohoaggpwbjdvavzqfv/Build/Intermediates.noindex/ExplicitPrecompiledModules/CFNetwork-2ZCELQMITPQICQQGTQ7K4UZUN.scan

PrecompileModule /Users/aadityasingh/Library/Developer/Xcode/DerivedData/Chatlio-erkyzdeecsohoaggpwbjdvavzqfv/Build/Intermediates.noindex/ExplicitPrecompiledModules/XPC-4HQHRNNCMH2SH8TF1Z0KDHGPX.scan
    cd /
    builtin-precompileModule /Users/aadityasingh/Library/Developer/Xcode/DerivedData/Chatlio-erkyzdeecsohoaggpwbjdvavzqfv/Build/Intermediates.noindex/ExplicitPrecompiledModules/XPC-4HQHRNNCMH2SH8TF1Z0KDHGPX.scan

SwiftDriverJobDiscovery normal x86_64 Emitting module for _RopeModule (in target '_RopeModule' from project 'swift-collections')

SwiftDriver\ Compilation\ Requirements _RopeModule normal x86_64 com.apple.xcode.tools.swift.compiler (in target '_RopeModule' from project 'swift-collections')
    cd /Users/aadityasingh/Documents/Development/element-x-ios/Chatlio.xcodeproj
    builtin-Swift-Compilation-Requirements -- /Applications/Xcode.app/Contents/Developer/Toolchains/XcodeDefault.xctoolchain/usr/bin/swiftc -module-name _RopeModule -Onone @/Users/aadityasingh/Library/Developer/Xcode/DerivedData/Chatlio-erkyzdeecsohoaggpwbjdvavzqfv/Build/Intermediates.noindex/swift-collections.build/Debug-iphonesimulator/_RopeModule.build/Objects-normal/x86_64/_RopeModule.SwiftFileList -DSWIFT_PACKAGE -DDEBUG -DSWIFT_MODULE_RESOURCE_BUNDLE_UNAVAILABLE -DCOLLECTIONS_RANDOMIZED_TESTING -DXcode -enable-experimental-feature AvailabilityMacro\=SwiftStdlib\ 5.0:\ macOS\ 10.14.4,\ iOS\ 12.2,\ watchOS\ 5.2,\ tvOS\ 12.2 -enable-experimental-feature AvailabilityMacro\=SwiftStdlib\ 5.1:\ macOS\ 10.15,\ iOS\ 13.0,\ watchOS\ 6.0,\ tvOS\ 13.0 -enable-experimental-feature AvailabilityMacro\=SwiftStdlib\ 5.6:\ macOS\ 12.3,\ iOS\ 15.4,\ watchOS\ 8.5,\ tvOS\ 15.4 -enable-experimental-feature AvailabilityMacro\=SwiftStdlib\ 5.8:\ macOS\ 13.3,\ iOS\ 16.4,\ watchOS\ 9.4,\ tvOS\ 16.4 -enable-experimental-feature AvailabilityMacro\=SwiftStdlib\ 5.9:\ macOS\ 14.0,\ iOS\ 17.0,\ watchOS\ 10.0,\ tvOS\ 17.0 -enable-experimental-feature AvailabilityMacro\=SwiftStdlib\ 5.10:\ macOS\ 14.4,\ iOS\ 17.4,\ watchOS\ 10.4,\ tvOS\ 17.4,\ visionOS\ 1.1 -enable-experimental-feature AvailabilityMacro\=SwiftStdlib\ 6.0:\ macOS\ 15.0,\ iOS\ 18.0,\ watchOS\ 11.0,\ tvOS\ 18.0,\ visionOS\ 2.0 -enable-experimental-feature AvailabilityMacro\=SwiftStdlib\ 6.1:\ macOS\ 15.4,\ iOS\ 18.4,\ watchOS\ 11.4,\ tvOS\ 18.4,\ visionOS\ 2.4 -enable-experimental-feature AvailabilityMacro\=SwiftStdlib\ 6.2:\ macOS\ 26.0,\ iOS\ 26.0,\ watchOS\ 26.0,\ tvOS\ 26.0,\ visionOS\ 26.0 -enable-upcoming-feature MemberImportVisibility -enable-experimental-feature BuiltinModule -enable-experimental-feature Lifetimes -enable-experimental-feature InoutLifetimeDependence -enable-experimental-feature SuppressedAssociatedTypes -plugin-path /Applications/Xcode.app/Contents/Developer/Toolchains/XcodeDefault.xctoolchain/usr/lib/swift/host/plugins/testing -enable-experimental-feature DebugDescriptionMacro -sdk /Applications/Xcode.app/Contents/Developer/Platforms/iPhoneSimulator.platform/Developer/SDKs/iPhoneSimulator26.4.sdk -target x86_64-apple-ios12.0-simulator -g -module-cache-path /Users/aadityasingh/Library/Developer/Xcode/DerivedData/ModuleCache.noindex -Xfrontend -serialize-debugging-options -profile-coverage-mapping -profile-generate -enable-testing -suppress-warnings -index-store-path /Users/aadityasingh/Library/Developer/Xcode/DerivedData/Chatlio-erkyzdeecsohoaggpwbjdvavzqfv/Index.noindex/DataStore -Xcc -D_LIBCPP_HARDENING_MODE\=_LIBCPP_HARDENING_MODE_DEBUG -swift-version 5 -I /Users/aadityasingh/Library/Developer/Xcode/DerivedData/Chatlio-erkyzdeecsohoaggpwbjdvavzqfv/Build/Products/Debug-iphonesimulator -Isystem /Applications/Xcode.app/Contents/Developer/Platforms/iPhoneSimulator.platform/Developer/usr/lib -F /Users/aadityasingh/Library/Developer/Xcode/DerivedData/Chatlio-erkyzdeecsohoaggpwbjdvavzqfv/Build/Products/Debug-iphonesimulator/PackageFrameworks -F /Users/aadityasingh/Library/Developer/Xcode/DerivedData/Chatlio-erkyzdeecsohoaggpwbjdvavzqfv/Build/Products/Debug-iphonesimulator -F /Applications/Xcode.app/Contents/Developer/Platforms/iPhoneSimulator.platform/Developer/Library/Frameworks -F /Applications/Xcode.app/Contents/Developer/Platforms/iPhoneSimulator.platform/Developer/SDKs/iPhoneSimulator26.4.sdk/Developer/Library/Frameworks -c -j12 -enable-batch-mode -incremental -Xcc -ivfsstatcache -Xcc /Users/aadityasingh/Library/Developer/Xcode/DerivedData/SDKStatCaches.noindex/iphonesimulator26.4-23E252-686eebb5dc1d8ecb277353a59184f4aa.sdkstatcache -output-file-map /Users/aadityasingh/Library/Developer/Xcode/DerivedData/Chatlio-erkyzdeecsohoaggpwbjdvavzqfv/Build/Intermediates.noindex/swift-collections.build/Debug-iphonesimulator/_RopeModule.build/Objects-normal/x86_64/_RopeModule-OutputFileMap.json -use-frontend-parseable-output -save-temps -no-color-diagnostics -explicit-module-build -module-cache-path /Users/aadityasingh/Library/Developer/Xcode/DerivedData/Chatlio-erkyzdeecsohoaggpwbjdvavzqfv/Build/Intermediates.noindex/SwiftExplicitPrecompiledModules -clang-scanner-module-cache-path /Users/aadityasingh/Library/Developer/Xcode/DerivedData/ModuleCache.noindex -sdk-module-cache-path /Users/aadityasingh/Library/Developer/Xcode/DerivedData/ModuleCache.noindex -serialize-diagnostics -emit-dependencies -emit-module -emit-module-path /Users/aadityasingh/Library/Developer/Xcode/DerivedData/Chatlio-erkyzdeecsohoaggpwbjdvavzqfv/Build/Intermediates.noindex/swift-collections.build/Debug-iphonesimulator/_RopeModule.build/Objects-normal/x86_64/_RopeModule.swiftmodule -user-module-version 1.3.0 -validate-clang-modules-once -clang-build-session-file /Users/aadityasingh/Library/Developer/Xcode/DerivedData/ModuleCache.noindex/Session.modulevalidation -package-name swift_collections -Xcc -I/Users/aadityasingh/Library/Developer/Xcode/DerivedData/Chatlio-erkyzdeecsohoaggpwbjdvavzqfv/Build/Intermediates.noindex/swift-collections.build/Debug-iphonesimulator/_RopeModule.build/swift-overrides.hmap -emit-const-values -Xfrontend -const-gather-protocols-file -Xfrontend /Users/aadityasingh/Library/Developer/Xcode/DerivedData/Chatlio-erkyzdeecsohoaggpwbjdvavzqfv/Build/Intermediates.noindex/swift-collections.build/Debug-iphonesimulator/_RopeModule.build/Objects-normal/x86_64/_RopeModule_const_extract_protocols.json -Xcc -I/Users/aadityasingh/Library/Developer/Xcode/DerivedData/Chatlio-erkyzdeecsohoaggpwbjdvavzqfv/Build/Products/Debug-iphonesimulator/include -Xcc -I/Users/aadityasingh/Library/Developer/Xcode/DerivedData/Chatlio-erkyzdeecsohoaggpwbjdvavzqfv/Build/Intermediates.noindex/swift-collections.build/Debug-iphonesimulator/_RopeModule.build/DerivedSources-normal/x86_64 -Xcc -I/Users/aadityasingh/Library/Developer/Xcode/DerivedData/Chatlio-erkyzdeecsohoaggpwbjdvavzqfv/Build/Intermediates.noindex/swift-collections.build/Debug-iphonesimulator/_RopeModule.build/DerivedSources/x86_64 -Xcc -I/Users/aadityasingh/Library/Developer/Xcode/DerivedData/Chatlio-erkyzdeecsohoaggpwbjdvavzqfv/Build/Intermediates.noindex/swift-collections.build/Debug-iphonesimulator/_RopeModule.build/DerivedSources -Xcc -DSWIFT_PACKAGE -Xcc -DDEBUG\=1 -emit-objc-header -emit-objc-header-path /Users/aadityasingh/Library/Developer/Xcode/DerivedData/Chatlio-erkyzdeecsohoaggpwbjdvavzqfv/Build/Intermediates.noindex/swift-collections.build/Debug-iphonesimulator/_RopeModule.build/Objects-normal/x86_64/_RopeModule-Swift.h -working-directory /Users/aadityasingh/Documents/Development/element-x-ios/Chatlio.xcodeproj -experimental-emit-module-separately -disable-cmo

SwiftDriverJobDiscovery normal arm64 Compiling BigString+Chunk+Indexing by Characters.swift, BigString+Chunk+Indexing by UTF16.swift, BigString+Chunk+RopeElement.swift, BigString+Chunk+Splitting.swift, BigString+Chunk.swift, BigString+BidirectionalCollection.swift, BigString+Comparable.swift (in target '_RopeModule' from project 'swift-collections')

PrecompileModule /Users/aadityasingh/Library/Developer/Xcode/DerivedData/Chatlio-erkyzdeecsohoaggpwbjdvavzqfv/Build/Intermediates.noindex/ExplicitPrecompiledModules/CoreFoundation-CVWO7UKKCZKW39DCG1X80BDPB.scan
    cd /
    builtin-precompileModule /Users/aadityasingh/Library/Developer/Xcode/DerivedData/Chatlio-erkyzdeecsohoaggpwbjdvavzqfv/Build/Intermediates.noindex/ExplicitPrecompiledModules/CoreFoundation-CVWO7UKKCZKW39DCG1X80BDPB.scan

SwiftCompile normal arm64 Compiling\ BigString+UnicodeScalarView.swift,\ BigSubstring+UTF16View.swift,\ BigSubstring+UTF8View.swift,\ BigSubstring+UnicodeScalarView.swift,\ BigSubstring.swift,\ Rope+Builder.swift /Users/aadityasingh/Library/Developer/Xcode/DerivedData/Chatlio-erkyzdeecsohoaggpwbjdvavzqfv/SourcePackages/checkouts/swift-collections/Sources/RopeModule/BigString/Views/BigString+UnicodeScalarView.swift /Users/aadityasingh/Library/Developer/Xcode/DerivedData/Chatlio-erkyzdeecsohoaggpwbjdvavzqfv/SourcePackages/checkouts/swift-collections/Sources/RopeModule/BigString/Views/BigSubstring+UTF16View.swift /Users/aadityasingh/Library/Developer/Xcode/DerivedData/Chatlio-erkyzdeecsohoaggpwbjdvavzqfv/SourcePackages/checkouts/swift-collections/Sources/RopeModule/BigString/Views/BigSubstring+UTF8View.swift /Users/aadityasingh/Library/Developer/Xcode/DerivedData/Chatlio-erkyzdeecsohoaggpwbjdvavzqfv/SourcePackages/checkouts/swift-collections/Sources/RopeModule/BigString/Views/BigSubstring+UnicodeScalarView.swift /Users/aadityasingh/Library/Developer/Xcode/DerivedData/Chatlio-erkyzdeecsohoaggpwbjdvavzqfv/SourcePackages/checkouts/swift-collections/Sources/RopeModule/BigString/Views/BigSubstring.swift /Users/aadityasingh/Library/Developer/Xcode/DerivedData/Chatlio-erkyzdeecsohoaggpwbjdvavzqfv/SourcePackages/checkouts/swift-collections/Sources/RopeModule/Rope/Basics/Rope+Builder.swift (in target '_RopeModule' from project 'swift-collections')

SwiftCompile normal arm64 /Users/aadityasingh/Library/Developer/Xcode/DerivedData/Chatlio-erkyzdeecsohoaggpwbjdvavzqfv/SourcePackages/checkouts/swift-collections/Sources/RopeModule/BigString/Views/BigString+UnicodeScalarView.swift (in target '_RopeModule' from project 'swift-collections')
    cd /Users/aadityasingh/Documents/Development/element-x-ios/Chatlio.xcodeproj
    

SwiftCompile normal arm64 /Users/aadityasingh/Library/Developer/Xcode/DerivedData/Chatlio-erkyzdeecsohoaggpwbjdvavzqfv/SourcePackages/checkouts/swift-collections/Sources/RopeModule/BigString/Views/BigSubstring+UTF16View.swift (in target '_RopeModule' from project 'swift-collections')
    cd /Users/aadityasingh/Documents/Development/element-x-ios/Chatlio.xcodeproj
    

SwiftCompile normal arm64 /Users/aadityasingh/Library/Developer/Xcode/DerivedData/Chatlio-erkyzdeecsohoaggpwbjdvavzqfv/SourcePackages/checkouts/swift-collections/Sources/RopeModule/BigString/Views/BigSubstring+UTF8View.swift (in target '_RopeModule' from project 'swift-collections')
    cd /Users/aadityasingh/Documents/Development/element-x-ios/Chatlio.xcodeproj
    

SwiftCompile normal arm64 /Users/aadityasingh/Library/Developer/Xcode/DerivedData/Chatlio-erkyzdeecsohoaggpwbjdvavzqfv/SourcePackages/checkouts/swift-collections/Sources/RopeModule/BigString/Views/BigSubstring+UnicodeScalarView.swift (in target '_RopeModule' from project 'swift-collections')
    cd /Users/aadityasingh/Documents/Development/element-x-ios/Chatlio.xcodeproj
    

SwiftCompile normal arm64 /Users/aadityasingh/Library/Developer/Xcode/DerivedData/Chatlio-erkyzdeecsohoaggpwbjdvavzqfv/SourcePackages/checkouts/swift-collections/Sources/RopeModule/BigString/Views/BigSubstring.swift (in target '_RopeModule' from project 'swift-collections')
    cd /Users/aadityasingh/Documents/Development/element-x-ios/Chatlio.xcodeproj
    

SwiftCompile normal arm64 /Users/aadityasingh/Library/Developer/Xcode/DerivedData/Chatlio-erkyzdeecsohoaggpwbjdvavzqfv/SourcePackages/checkouts/swift-collections/Sources/RopeModule/Rope/Basics/Rope+Builder.swift (in target '_RopeModule' from project 'swift-collections')
    cd /Users/aadityasingh/Documents/Development/element-x-ios/Chatlio.xcodeproj
    

SwiftMergeGeneratedHeaders /Users/aadityasingh/Library/Developer/Xcode/DerivedData/Chatlio-erkyzdeecsohoaggpwbjdvavzqfv/Build/Intermediates.noindex/GeneratedModuleMaps-iphonesimulator/_RopeModule-Swift.h /Users/aadityasingh/Library/Developer/Xcode/DerivedData/Chatlio-erkyzdeecsohoaggpwbjdvavzqfv/Build/Intermediates.noindex/swift-collections.build/Debug-iphonesimulator/_RopeModule.build/Objects-normal/arm64/_RopeModule-Swift.h /Users/aadityasingh/Library/Developer/Xcode/DerivedData/Chatlio-erkyzdeecsohoaggpwbjdvavzqfv/Build/Intermediates.noindex/swift-collections.build/Debug-iphonesimulator/_RopeModule.build/Objects-normal/x86_64/_RopeModule-Swift.h (in target '_RopeModule' from project 'swift-collections')
    cd /Users/aadityasingh/Library/Developer/Xcode/DerivedData/Chatlio-erkyzdeecsohoaggpwbjdvavzqfv/SourcePackages/checkouts/swift-collections
    builtin-swiftHeaderTool -arch arm64 /Users/aadityasingh/Library/Developer/Xcode/DerivedData/Chatlio-erkyzdeecsohoaggpwbjdvavzqfv/Build/Intermediates.noindex/swift-collections.build/Debug-iphonesimulator/_RopeModule.build/Objects-normal/arm64/_RopeModule-Swift.h -arch x86_64 /Users/aadityasingh/Library/Developer/Xcode/DerivedData/Chatlio-erkyzdeecsohoaggpwbjdvavzqfv/Build/Intermediates.noindex/swift-collections.build/Debug-iphonesimulator/_RopeModule.build/Objects-normal/x86_64/_RopeModule-Swift.h -o /Users/aadityasingh/Library/Developer/Xcode/DerivedData/Chatlio-erkyzdeecsohoaggpwbjdvavzqfv/Build/Intermediates.noindex/GeneratedModuleMaps-iphonesimulator/_RopeModule-Swift.h

Copy /Users/aadityasingh/Library/Developer/Xcode/DerivedData/Chatlio-erkyzdeecsohoaggpwbjdvavzqfv/Build/Products/Debug-iphonesimulator/_RopeModule.swiftmodule/x86_64-apple-ios-simulator.swiftmodule /Users/aadityasingh/Library/Developer/Xcode/DerivedData/Chatlio-erkyzdeecsohoaggpwbjdvavzqfv/Build/Intermediates.noindex/swift-collections.build/Debug-iphonesimulator/_RopeModule.build/Objects-normal/x86_64/_RopeModule.swiftmodule (in target '_RopeModule' from project 'swift-collections')
    cd /Users/aadityasingh/Library/Developer/Xcode/DerivedData/Chatlio-erkyzdeecsohoaggpwbjdvavzqfv/SourcePackages/checkouts/swift-collections
    builtin-copy -exclude .DS_Store -exclude CVS -exclude .svn -exclude .git -exclude .hg -resolve-src-symlinks -rename /Users/aadityasingh/Library/Developer/Xcode/DerivedData/Chatlio-erkyzdeecsohoaggpwbjdvavzqfv/Build/Intermediates.noindex/swift-collections.build/Debug-iphonesimulator/_RopeModule.build/Objects-normal/x86_64/_RopeModule.swiftmodule /Users/aadityasingh/Library/Developer/Xcode/DerivedData/Chatlio-erkyzdeecsohoaggpwbjdvavzqfv/Build/Products/Debug-iphonesimulator/_RopeModule.swiftmodule/x86_64-apple-ios-simulator.swiftmodule

Copy /Users/aadityasingh/Library/Developer/Xcode/DerivedData/Chatlio-erkyzdeecsohoaggpwbjdvavzqfv/Build/Products/Debug-iphonesimulator/_RopeModule.swiftmodule/x86_64-apple-ios-simulator.swiftdoc /Users/aadityasingh/Library/Developer/Xcode/DerivedData/Chatlio-erkyzdeecsohoaggpwbjdvavzqfv/Build/Intermediates.noindex/swift-collections.build/Debug-iphonesimulator/_RopeModule.build/Objects-normal/x86_64/_RopeModule.swiftdoc (in target '_RopeModule' from project 'swift-collections')
    cd /Users/aadityasingh/Library/Developer/Xcode/DerivedData/Chatlio-erkyzdeecsohoaggpwbjdvavzqfv/SourcePackages/checkouts/swift-collections
    builtin-copy -exclude .DS_Store -exclude CVS -exclude .svn -exclude .git -exclude .hg -resolve-src-symlinks -rename /Users/aadityasingh/Library/Developer/Xcode/DerivedData/Chatlio-erkyzdeecsohoaggpwbjdvavzqfv/Build/Intermediates.noindex/swift-collections.build/Debug-iphonesimulator/_RopeModule.build/Objects-normal/x86_64/_RopeModule.swiftdoc /Users/aadityasingh/Library/Developer/Xcode/DerivedData/Chatlio-erkyzdeecsohoaggpwbjdvavzqfv/Build/Products/Debug-iphonesimulator/_RopeModule.swiftmodule/x86_64-apple-ios-simulator.swiftdoc

Copy /Users/aadityasingh/Library/Developer/Xcode/DerivedData/Chatlio-erkyzdeecsohoaggpwbjdvavzqfv/Build/Products/Debug-iphonesimulator/_RopeModule.swiftmodule/x86_64-apple-ios-simulator.abi.json /Users/aadityasingh/Library/Developer/Xcode/DerivedData/Chatlio-erkyzdeecsohoaggpwbjdvavzqfv/Build/Intermediates.noindex/swift-collections.build/Debug-iphonesimulator/_RopeModule.build/Objects-normal/x86_64/_RopeModule.abi.json (in target '_RopeModule' from project 'swift-collections')
    cd /Users/aadityasingh/Library/Developer/Xcode/DerivedData/Chatlio-erkyzdeecsohoaggpwbjdvavzqfv/SourcePackages/checkouts/swift-collections
    builtin-copy -exclude .DS_Store -exclude CVS -exclude .svn -exclude .git -exclude .hg -resolve-src-symlinks -rename /Users/aadityasingh/Library/Developer/Xcode/DerivedData/Chatlio-erkyzdeecsohoaggpwbjdvavzqfv/Build/Intermediates.noindex/swift-collections.build/Debug-iphonesimulator/_RopeModule.build/Objects-normal/x86_64/_RopeModule.abi.json /Users/aadityasingh/Library/Developer/Xcode/DerivedData/Chatlio-erkyzdeecsohoaggpwbjdvavzqfv/Build/Products/Debug-iphonesimulator/_RopeModule.swiftmodule/x86_64-apple-ios-simulator.abi.json

Copy /Users/aadityasingh/Library/Developer/Xcode/DerivedData/Chatlio-erkyzdeecsohoaggpwbjdvavzqfv/Build/Products/Debug-iphonesimulator/_RopeModule.swiftmodule/Project/x86_64-apple-ios-simulator.swiftsourceinfo /Users/aadityasingh/Library/Developer/Xcode/DerivedData/Chatlio-erkyzdeecsohoaggpwbjdvavzqfv/Build/Intermediates.noindex/swift-collections.build/Debug-iphonesimulator/_RopeModule.build/Objects-normal/x86_64/_RopeModule.swiftsourceinfo (in target '_RopeModule' from project 'swift-collections')
    cd /Users/aadityasingh/Library/Developer/Xcode/DerivedData/Chatlio-erkyzdeecsohoaggpwbjdvavzqfv/SourcePackages/checkouts/swift-collections
    builtin-copy -exclude .DS_Store -exclude CVS -exclude .svn -exclude .git -exclude .hg -resolve-src-symlinks -rename /Users/aadityasingh/Library/Developer/Xcode/DerivedData/Chatlio-erkyzdeecsohoaggpwbjdvavzqfv/Build/Intermediates.noindex/swift-collections.build/Debug-iphonesimulator/_RopeModule.build/Objects-normal/x86_64/_RopeModule.swiftsourceinfo /Users/aadityasingh/Library/Developer/Xcode/DerivedData/Chatlio-erkyzdeecsohoaggpwbjdvavzqfv/Build/Products/Debug-iphonesimulator/_RopeModule.swiftmodule/Project/x86_64-apple-ios-simulator.swiftsourceinfo

PrecompileModule /Users/aadityasingh/Library/Developer/Xcode/DerivedData/Chatlio-erkyzdeecsohoaggpwbjdvavzqfv/Build/Intermediates.noindex/ExplicitPrecompiledModules/Foundation-BPYB4I12EHWD2LU20P5JLESJW.scan
    cd /
    builtin-precompileModule /Users/aadityasingh/Library/Developer/Xcode/DerivedData/Chatlio-erkyzdeecsohoaggpwbjdvavzqfv/Build/Intermediates.noindex/ExplicitPrecompiledModules/Foundation-BPYB4I12EHWD2LU20P5JLESJW.scan

SwiftDriverJobDiscovery normal x86_64 Compiling Rope.swift, RopeElement.swift, RopeMetric.swift, RopeSummary.swift, _RopeItem.swift, _RopePath.swift (in target '_RopeModule' from project 'swift-collections')

SwiftCompile normal x86_64 Compiling\ _RopeVersion.swift,\ Rope+Collection.swift,\ Rope+Index.swift,\ Rope+Sequence.swift,\ Rope+Append.swift,\ Rope+Extract.swift /Users/aadityasingh/Library/Developer/Xcode/DerivedData/Chatlio-erkyzdeecsohoaggpwbjdvavzqfv/SourcePackages/checkouts/swift-collections/Sources/RopeModule/Rope/Basics/_RopeVersion.swift /Users/aadityasingh/Library/Developer/Xcode/DerivedData/Chatlio-erkyzdeecsohoaggpwbjdvavzqfv/SourcePackages/checkouts/swift-collections/Sources/RopeModule/Rope/Conformances/Rope+Collection.swift /Users/aadityasingh/Library/Developer/Xcode/DerivedData/Chatlio-erkyzdeecsohoaggpwbjdvavzqfv/SourcePackages/checkouts/swift-collections/Sources/RopeModule/Rope/Conformances/Rope+Index.swift /Users/aadityasingh/Library/Developer/Xcode/DerivedData/Chatlio-erkyzdeecsohoaggpwbjdvavzqfv/SourcePackages/checkouts/swift-collections/Sources/RopeModule/Rope/Conformances/Rope+Sequence.swift /Users/aadityasingh/Library/Developer/Xcode/DerivedData/Chatlio-erkyzdeecsohoaggpwbjdvavzqfv/SourcePackages/checkouts/swift-collections/Sources/RopeModule/Rope/Operations/Rope+Append.swift /Users/aadityasingh/Library/Developer/Xcode/DerivedData/Chatlio-erkyzdeecsohoaggpwbjdvavzqfv/SourcePackages/checkouts/swift-collections/Sources/RopeModule/Rope/Operations/Rope+Extract.swift (in target '_RopeModule' from project 'swift-collections')

SwiftCompile normal x86_64 /Users/aadityasingh/Library/Developer/Xcode/DerivedData/Chatlio-erkyzdeecsohoaggpwbjdvavzqfv/SourcePackages/checkouts/swift-collections/Sources/RopeModule/Rope/Basics/_RopeVersion.swift (in target '_RopeModule' from project 'swift-collections')
    cd /Users/aadityasingh/Documents/Development/element-x-ios/Chatlio.xcodeproj
    

SwiftCompile normal x86_64 /Users/aadityasingh/Library/Developer/Xcode/DerivedData/Chatlio-erkyzdeecsohoaggpwbjdvavzqfv/SourcePackages/checkouts/swift-collections/Sources/RopeModule/Rope/Conformances/Rope+Collection.swift (in target '_RopeModule' from project 'swift-collections')
    cd /Users/aadityasingh/Documents/Development/element-x-ios/Chatlio.xcodeproj
    

SwiftCompile normal x86_64 /Users/aadityasingh/Library/Developer/Xcode/DerivedData/Chatlio-erkyzdeecsohoaggpwbjdvavzqfv/SourcePackages/checkouts/swift-collections/Sources/RopeModule/Rope/Conformances/Rope+Index.swift (in target '_RopeModule' from project 'swift-collections')
    cd /Users/aadityasingh/Documents/Development/element-x-ios/Chatlio.xcodeproj
    

SwiftCompile normal x86_64 /Users/aadityasingh/Library/Developer/Xcode/DerivedData/Chatlio-erkyzdeecsohoaggpwbjdvavzqfv/SourcePackages/checkouts/swift-collections/Sources/RopeModule/Rope/Conformances/Rope+Sequence.swift (in target '_RopeModule' from project 'swift-collections')
    cd /Users/aadityasingh/Documents/Development/element-x-ios/Chatlio.xcodeproj
    

SwiftCompile normal x86_64 /Users/aadityasingh/Library/Developer/Xcode/DerivedData/Chatlio-erkyzdeecsohoaggpwbjdvavzqfv/SourcePackages/checkouts/swift-collections/Sources/RopeModule/Rope/Operations/Rope+Append.swift (in target '_RopeModule' from project 'swift-collections')
    cd /Users/aadityasingh/Documents/Development/element-x-ios/Chatlio.xcodeproj
    

SwiftCompile normal x86_64 /Users/aadityasingh/Library/Developer/Xcode/DerivedData/Chatlio-erkyzdeecsohoaggpwbjdvavzqfv/SourcePackages/checkouts/swift-collections/Sources/RopeModule/Rope/Operations/Rope+Extract.swift (in target '_RopeModule' from project 'swift-collections')
    cd /Users/aadityasingh/Documents/Development/element-x-ios/Chatlio.xcodeproj
    

SwiftCompile normal arm64 Compiling\ BigString+Metrics.swift,\ BigString+Summary.swift,\ BigString.swift,\ BigString+Chunk+Append\ and\ Insert.swift,\ BigString+Chunk+Breaks.swift,\ BigString+Chunk+Counts.swift,\ BigString+Chunk+Description.swift /Users/aadityasingh/Library/Developer/Xcode/DerivedData/Chatlio-erkyzdeecsohoaggpwbjdvavzqfv/SourcePackages/checkouts/swift-collections/Sources/RopeModule/BigString/Basics/BigString+Metrics.swift /Users/aadityasingh/Library/Developer/Xcode/DerivedData/Chatlio-erkyzdeecsohoaggpwbjdvavzqfv/SourcePackages/checkouts/swift-collections/Sources/RopeModule/BigString/Basics/BigString+Summary.swift /Users/aadityasingh/Library/Developer/Xcode/DerivedData/Chatlio-erkyzdeecsohoaggpwbjdvavzqfv/SourcePackages/checkouts/swift-collections/Sources/RopeModule/BigString/Basics/BigString.swift /Users/aadityasingh/Library/Developer/Xcode/DerivedData/Chatlio-erkyzdeecsohoaggpwbjdvavzqfv/SourcePackages/checkouts/swift-collections/Sources/RopeModule/BigString/Chunk/BigString+Chunk+Append\ and\ Insert.swift /Users/aadityasingh/Library/Developer/Xcode/DerivedData/Chatlio-erkyzdeecsohoaggpwbjdvavzqfv/SourcePackages/checkouts/swift-collections/Sources/RopeModule/BigString/Chunk/BigString+Chunk+Breaks.swift /Users/aadityasingh/Library/Developer/Xcode/DerivedData/Chatlio-erkyzdeecsohoaggpwbjdvavzqfv/SourcePackages/checkouts/swift-collections/Sources/RopeModule/BigString/Chunk/BigString+Chunk+Counts.swift /Users/aadityasingh/Library/Developer/Xcode/DerivedData/Chatlio-erkyzdeecsohoaggpwbjdvavzqfv/SourcePackages/checkouts/swift-collections/Sources/RopeModule/BigString/Chunk/BigString+Chunk+Description.swift (in target '_RopeModule' from project 'swift-collections')

SwiftCompile normal arm64 /Users/aadityasingh/Library/Developer/Xcode/DerivedData/Chatlio-erkyzdeecsohoaggpwbjdvavzqfv/SourcePackages/checkouts/swift-collections/Sources/RopeModule/BigString/Basics/BigString+Metrics.swift (in target '_RopeModule' from project 'swift-collections')
    cd /Users/aadityasingh/Documents/Development/element-x-ios/Chatlio.xcodeproj
    

SwiftCompile normal arm64 /Users/aadityasingh/Library/Developer/Xcode/DerivedData/Chatlio-erkyzdeecsohoaggpwbjdvavzqfv/SourcePackages/checkouts/swift-collections/Sources/RopeModule/BigString/Basics/BigString+Summary.swift (in target '_RopeModule' from project 'swift-collections')
    cd /Users/aadityasingh/Documents/Development/element-x-ios/Chatlio.xcodeproj
    

SwiftCompile normal arm64 /Users/aadityasingh/Library/Developer/Xcode/DerivedData/Chatlio-erkyzdeecsohoaggpwbjdvavzqfv/SourcePackages/checkouts/swift-collections/Sources/RopeModule/BigString/Basics/BigString.swift (in target '_RopeModule' from project 'swift-collections')
    cd /Users/aadityasingh/Documents/Development/element-x-ios/Chatlio.xcodeproj
    

SwiftCompile normal arm64 /Users/aadityasingh/Library/Developer/Xcode/DerivedData/Chatlio-erkyzdeecsohoaggpwbjdvavzqfv/SourcePackages/checkouts/swift-collections/Sources/RopeModule/BigString/Chunk/BigString+Chunk+Append\ and\ Insert.swift (in target '_RopeModule' from project 'swift-collections')
    cd /Users/aadityasingh/Documents/Development/element-x-ios/Chatlio.xcodeproj
    

SwiftCompile normal arm64 /Users/aadityasingh/Library/Developer/Xcode/DerivedData/Chatlio-erkyzdeecsohoaggpwbjdvavzqfv/SourcePackages/checkouts/swift-collections/Sources/RopeModule/BigString/Chunk/BigString+Chunk+Breaks.swift (in target '_RopeModule' from project 'swift-collections')
    cd /Users/aadityasingh/Documents/Development/element-x-ios/Chatlio.xcodeproj
    

SwiftCompile normal arm64 /Users/aadityasingh/Library/Developer/Xcode/DerivedData/Chatlio-erkyzdeecsohoaggpwbjdvavzqfv/SourcePackages/checkouts/swift-collections/Sources/RopeModule/BigString/Chunk/BigString+Chunk+Counts.swift (in target '_RopeModule' from project 'swift-collections')
    cd /Users/aadityasingh/Documents/Development/element-x-ios/Chatlio.xcodeproj
    

SwiftCompile normal arm64 /Users/aadityasingh/Library/Developer/Xcode/DerivedData/Chatlio-erkyzdeecsohoaggpwbjdvavzqfv/SourcePackages/checkouts/swift-collections/Sources/RopeModule/BigString/Chunk/BigString+Chunk+Description.swift (in target '_RopeModule' from project 'swift-collections')
    cd /Users/aadityasingh/Documents/Development/element-x-ios/Chatlio.xcodeproj
    

PrecompileModule /Users/aadityasingh/Library/Developer/Xcode/DerivedData/Chatlio-erkyzdeecsohoaggpwbjdvavzqfv/Build/Intermediates.noindex/ExplicitPrecompiledModules/Security-5A3EG5TXYBQFUZCYDCHLV79I5.scan
    cd /
    builtin-precompileModule /Users/aadityasingh/Library/Developer/Xcode/DerivedData/Chatlio-erkyzdeecsohoaggpwbjdvavzqfv/Build/Intermediates.noindex/ExplicitPrecompiledModules/Security-5A3EG5TXYBQFUZCYDCHLV79I5.scan

SwiftDriverJobDiscovery normal arm64 Compiling Rope+RemoveSubrange.swift, Rope+Split.swift, Optional Utilities.swift, String Utilities.swift, String.Index+ABI.swift, _CharacterRecognizer.swift (in target '_RopeModule' from project 'swift-collections')

PrecompileModule /Users/aadityasingh/Library/Developer/Xcode/DerivedData/Chatlio-erkyzdeecsohoaggpwbjdvavzqfv/Build/Intermediates.noindex/ExplicitPrecompiledModules/CFNetwork-AK18388EBO37NWAHAP49YACXP.scan
    cd /
    builtin-precompileModule /Users/aadityasingh/Library/Developer/Xcode/DerivedData/Chatlio-erkyzdeecsohoaggpwbjdvavzqfv/Build/Intermediates.noindex/ExplicitPrecompiledModules/CFNetwork-AK18388EBO37NWAHAP49YACXP.scan

SwiftCompile normal arm64 Compiling\ BigString+CustomDebugStringConvertible.swift,\ BigString+CustomStringConvertible.swift,\ BigString+Equatable.swift,\ BigString+ExpressibleByStringLiteral.swift,\ BigString+Hashing.swift,\ BigString+LosslessStringConvertible.swift,\ BigString+RangeReplaceableCollection.swift /Users/aadityasingh/Library/Developer/Xcode/DerivedData/Chatlio-erkyzdeecsohoaggpwbjdvavzqfv/SourcePackages/checkouts/swift-collections/Sources/RopeModule/BigString/Conformances/BigString+CustomDebugStringConvertible.swift /Users/aadityasingh/Library/Developer/Xcode/DerivedData/Chatlio-erkyzdeecsohoaggpwbjdvavzqfv/SourcePackages/checkouts/swift-collections/Sources/RopeModule/BigString/Conformances/BigString+CustomStringConvertible.swift /Users/aadityasingh/Library/Developer/Xcode/DerivedData/Chatlio-erkyzdeecsohoaggpwbjdvavzqfv/SourcePackages/checkouts/swift-collections/Sources/RopeModule/BigString/Conformances/BigString+Equatable.swift /Users/aadityasingh/Library/Developer/Xcode/DerivedData/Chatlio-erkyzdeecsohoaggpwbjdvavzqfv/SourcePackages/checkouts/swift-collections/Sources/RopeModule/BigString/Conformances/BigString+ExpressibleByStringLiteral.swift /Users/aadityasingh/Library/Developer/Xcode/DerivedData/Chatlio-erkyzdeecsohoaggpwbjdvavzqfv/SourcePackages/checkouts/swift-collections/Sources/RopeModule/BigString/Conformances/BigString+Hashing.swift /Users/aadityasingh/Library/Developer/Xcode/DerivedData/Chatlio-erkyzdeecsohoaggpwbjdvavzqfv/SourcePackages/checkouts/swift-collections/Sources/RopeModule/BigString/Conformances/BigString+LosslessStringConvertible.swift /Users/aadityasingh/Library/Developer/Xcode/DerivedData/Chatlio-erkyzdeecsohoaggpwbjdvavzqfv/SourcePackages/checkouts/swift-collections/Sources/RopeModule/BigString/Conformances/BigString+RangeReplaceableCollection.swift (in target '_RopeModule' from project 'swift-collections')

SwiftCompile normal arm64 /Users/aadityasingh/Library/Developer/Xcode/DerivedData/Chatlio-erkyzdeecsohoaggpwbjdvavzqfv/SourcePackages/checkouts/swift-collections/Sources/RopeModule/BigString/Conformances/BigString+CustomDebugStringConvertible.swift (in target '_RopeModule' from project 'swift-collections')
    cd /Users/aadityasingh/Documents/Development/element-x-ios/Chatlio.xcodeproj
    

SwiftCompile normal arm64 /Users/aadityasingh/Library/Developer/Xcode/DerivedData/Chatlio-erkyzdeecsohoaggpwbjdvavzqfv/SourcePackages/checkouts/swift-collections/Sources/RopeModule/BigString/Conformances/BigString+CustomStringConvertible.swift (in target '_RopeModule' from project 'swift-collections')
    cd /Users/aadityasingh/Documents/Development/element-x-ios/Chatlio.xcodeproj
    

SwiftCompile normal arm64 /Users/aadityasingh/Library/Developer/Xcode/DerivedData/Chatlio-erkyzdeecsohoaggpwbjdvavzqfv/SourcePackages/checkouts/swift-collections/Sources/RopeModule/BigString/Conformances/BigString+Equatable.swift (in target '_RopeModule' from project 'swift-collections')
    cd /Users/aadityasingh/Documents/Development/element-x-ios/Chatlio.xcodeproj
    

SwiftCompile normal arm64 /Users/aadityasingh/Library/Developer/Xcode/DerivedData/Chatlio-erkyzdeecsohoaggpwbjdvavzqfv/SourcePackages/checkouts/swift-collections/Sources/RopeModule/BigString/Conformances/BigString+ExpressibleByStringLiteral.swift (in target '_RopeModule' from project 'swift-collections')
    cd /Users/aadityasingh/Documents/Development/element-x-ios/Chatlio.xcodeproj
    

SwiftCompile normal arm64 /Users/aadityasingh/Library/Developer/Xcode/DerivedData/Chatlio-erkyzdeecsohoaggpwbjdvavzqfv/SourcePackages/checkouts/swift-collections/Sources/RopeModule/BigString/Conformances/BigString+Hashing.swift (in target '_RopeModule' from project 'swift-collections')
    cd /Users/aadityasingh/Documents/Development/element-x-ios/Chatlio.xcodeproj
    

SwiftCompile normal arm64 /Users/aadityasingh/Library/Developer/Xcode/DerivedData/Chatlio-erkyzdeecsohoaggpwbjdvavzqfv/SourcePackages/checkouts/swift-collections/Sources/RopeModule/BigString/Conformances/BigString+LosslessStringConvertible.swift (in target '_RopeModule' from project 'swift-collections')
    cd /Users/aadityasingh/Documents/Development/element-x-ios/Chatlio.xcodeproj
    

SwiftCompile normal arm64 /Users/aadityasingh/Library/Developer/Xcode/DerivedData/Chatlio-erkyzdeecsohoaggpwbjdvavzqfv/SourcePackages/checkouts/swift-collections/Sources/RopeModule/BigString/Conformances/BigString+RangeReplaceableCollection.swift (in target '_RopeModule' from project 'swift-collections')
    cd /Users/aadityasingh/Documents/Development/element-x-ios/Chatlio.xcodeproj
    

SwiftDriverJobDiscovery normal x86_64 Compiling Rope+RemoveSubrange.swift, Rope+Split.swift, Optional Utilities.swift, String Utilities.swift, String.Index+ABI.swift, _CharacterRecognizer.swift (in target '_RopeModule' from project 'swift-collections')

SwiftCompile normal x86_64 Compiling\ BigString+CustomDebugStringConvertible.swift,\ BigString+CustomStringConvertible.swift,\ BigString+Equatable.swift,\ BigString+ExpressibleByStringLiteral.swift,\ BigString+Hashing.swift,\ BigString+LosslessStringConvertible.swift,\ BigString+RangeReplaceableCollection.swift /Users/aadityasingh/Library/Developer/Xcode/DerivedData/Chatlio-erkyzdeecsohoaggpwbjdvavzqfv/SourcePackages/checkouts/swift-collections/Sources/RopeModule/BigString/Conformances/BigString+CustomDebugStringConvertible.swift /Users/aadityasingh/Library/Developer/Xcode/DerivedData/Chatlio-erkyzdeecsohoaggpwbjdvavzqfv/SourcePackages/checkouts/swift-collections/Sources/RopeModule/BigString/Conformances/BigString+CustomStringConvertible.swift /Users/aadityasingh/Library/Developer/Xcode/DerivedData/Chatlio-erkyzdeecsohoaggpwbjdvavzqfv/SourcePackages/checkouts/swift-collections/Sources/RopeModule/BigString/Conformances/BigString+Equatable.swift /Users/aadityasingh/Library/Developer/Xcode/DerivedData/Chatlio-erkyzdeecsohoaggpwbjdvavzqfv/SourcePackages/checkouts/swift-collections/Sources/RopeModule/BigString/Conformances/BigString+ExpressibleByStringLiteral.swift /Users/aadityasingh/Library/Developer/Xcode/DerivedData/Chatlio-erkyzdeecsohoaggpwbjdvavzqfv/SourcePackages/checkouts/swift-collections/Sources/RopeModule/BigString/Conformances/BigString+Hashing.swift /Users/aadityasingh/Library/Developer/Xcode/DerivedData/Chatlio-erkyzdeecsohoaggpwbjdvavzqfv/SourcePackages/checkouts/swift-collections/Sources/RopeModule/BigString/Conformances/BigString+LosslessStringConvertible.swift /Users/aadityasingh/Library/Developer/Xcode/DerivedData/Chatlio-erkyzdeecsohoaggpwbjdvavzqfv/SourcePackages/checkouts/swift-collections/Sources/RopeModule/BigString/Conformances/BigString+RangeReplaceableCollection.swift (in target '_RopeModule' from project 'swift-collections')

SwiftCompile normal x86_64 /Users/aadityasingh/Library/Developer/Xcode/DerivedData/Chatlio-erkyzdeecsohoaggpwbjdvavzqfv/SourcePackages/checkouts/swift-collections/Sources/RopeModule/BigString/Conformances/BigString+CustomDebugStringConvertible.swift (in target '_RopeModule' from project 'swift-collections')
    cd /Users/aadityasingh/Documents/Development/element-x-ios/Chatlio.xcodeproj
    

SwiftCompile normal x86_64 /Users/aadityasingh/Library/Developer/Xcode/DerivedData/Chatlio-erkyzdeecsohoaggpwbjdvavzqfv/SourcePackages/checkouts/swift-collections/Sources/RopeModule/BigString/Conformances/BigString+CustomStringConvertible.swift (in target '_RopeModule' from project 'swift-collections')
    cd /Users/aadityasingh/Documents/Development/element-x-ios/Chatlio.xcodeproj
    

SwiftCompile normal x86_64 /Users/aadityasingh/Library/Developer/Xcode/DerivedData/Chatlio-erkyzdeecsohoaggpwbjdvavzqfv/SourcePackages/checkouts/swift-collections/Sources/RopeModule/BigString/Conformances/BigString+Equatable.swift (in target '_RopeModule' from project 'swift-collections')
    cd /Users/aadityasingh/Documents/Development/element-x-ios/Chatlio.xcodeproj
    

SwiftCompile normal x86_64 /Users/aadityasingh/Library/Developer/Xcode/DerivedData/Chatlio-erkyzdeecsohoaggpwbjdvavzqfv/SourcePackages/checkouts/swift-collections/Sources/RopeModule/BigString/Conformances/BigString+ExpressibleByStringLiteral.swift (in target '_RopeModule' from project 'swift-collections')
    cd /Users/aadityasingh/Documents/Development/element-x-ios/Chatlio.xcodeproj
    

SwiftCompile normal x86_64 /Users/aadityasingh/Library/Developer/Xcode/DerivedData/Chatlio-erkyzdeecsohoaggpwbjdvavzqfv/SourcePackages/checkouts/swift-collections/Sources/RopeModule/BigString/Conformances/BigString+Hashing.swift (in target '_RopeModule' from project 'swift-collections')
    cd /Users/aadityasingh/Documents/Development/element-x-ios/Chatlio.xcodeproj
    

SwiftCompile normal x86_64 /Users/aadityasingh/Library/Developer/Xcode/DerivedData/Chatlio-erkyzdeecsohoaggpwbjdvavzqfv/SourcePackages/checkouts/swift-collections/Sources/RopeModule/BigString/Conformances/BigString+LosslessStringConvertible.swift (in target '_RopeModule' from project 'swift-collections')
    cd /Users/aadityasingh/Documents/Development/element-x-ios/Chatlio.xcodeproj
    

SwiftCompile normal x86_64 /Users/aadityasingh/Library/Developer/Xcode/DerivedData/Chatlio-erkyzdeecsohoaggpwbjdvavzqfv/SourcePackages/checkouts/swift-collections/Sources/RopeModule/BigString/Conformances/BigString+RangeReplaceableCollection.swift (in target '_RopeModule' from project 'swift-collections')
    cd /Users/aadityasingh/Documents/Development/element-x-ios/Chatlio.xcodeproj
    

CompileC /Users/aadityasingh/Library/Developer/Xcode/DerivedData/Chatlio-erkyzdeecsohoaggpwbjdvavzqfv/Build/Intermediates.noindex/GZIP.build/Debug-iphonesimulator/GZIP.build/Objects-normal/x86_64/NSData+GZIP.o /Users/aadityasingh/Library/Developer/Xcode/DerivedData/Chatlio-erkyzdeecsohoaggpwbjdvavzqfv/SourcePackages/checkouts/GZIP/GZIP/Sources/NSData+GZIP.m normal x86_64 objective-c com.apple.compilers.llvm.clang.1_0.compiler (in target 'GZIP' from project 'GZIP')
    cd /Users/aadityasingh/Documents/Development/element-x-ios/Chatlio.xcodeproj
    
    Using response file: /Users/aadityasingh/Library/Developer/Xcode/DerivedData/Chatlio-erkyzdeecsohoaggpwbjdvavzqfv/Build/Intermediates.noindex/GZIP.build/Debug-iphonesimulator/GZIP.build/Objects-normal/x86_64/e6072d4f65d7061329687fe24e3d63a7-common-args.resp
    
    /Applications/Xcode.app/Contents/Developer/Toolchains/XcodeDefault.xctoolchain/usr/bin/clang -x objective-c -ivfsstatcache /Users/aadityasingh/Library/Developer/Xcode/DerivedData/SDKStatCaches.noindex/iphonesimulator26.4-23E252-686eebb5dc1d8ecb277353a59184f4aa.sdkstatcache -target x86_64-apple-ios12.0-simulator -fmessage-length\=0 -fdiagnostics-show-note-include-stack -fmacro-backtrace-limit\=0 -fno-color-diagnostics -fmodules-prune-interval\=86400 -fmodules-prune-after\=345600 -fbuild-session-file\=/Users/aadityasingh/Library/Developer/Xcode/DerivedData/ModuleCache.noindex/Session.modulevalidation -fmodules-validate-once-per-build-session -Wnon-modular-include-in-framework-module -Werror\=non-modular-include-in-framework-module -Wno-trigraphs -Wno-missing-field-initializers -Wno-missing-prototypes -Wno-return-type -Wno-implicit-atomic-properties -Wno-objc-interface-ivars -Wno-arc-repeated-use-of-weak -Wno-missing-braces -Wparentheses -Wswitch -Wno-unused-function -Wno-unused-label -Wno-unused-parameter -Wno-unused-variable -Wunused-value -Wno-empty-body -Wno-uninitialized -Wno-unknown-pragmas -w -Wno-shadow -Wno-four-char-constants -Wno-conversion -Wno-constant-conversion -Wno-int-conversion -Wno-bool-conversion -Wno-enum-conversion -Wno-float-conversion -Wno-non-literal-null-conversion -Wno-objc-literal-conversion -Wshorten-64-to-32 -Wpointer-sign -Wno-newline-eof -Wno-selector -Wno-strict-selector-match -Wno-undeclared-selector -Wno-deprecated-implementations -Wno-implicit-fallthrough -isysroot /Applications/Xcode.app/Contents/Developer/Platforms/iPhoneSimulator.platform/Developer/SDKs/iPhoneSimulator26.4.sdk -fstrict-aliasing -Wprotocol -Wdeprecated-declarations -Wno-sign-conversion -Wno-infinite-recursion -Wno-comma -Wno-block-capture-autoreleasing -Wno-strict-prototypes -Wno-semicolon-before-method-body -index-store-path /Users/aadityasingh/Library/Developer/Xcode/DerivedData/Chatlio-erkyzdeecsohoaggpwbjdvavzqfv/Index.noindex/DataStore @/Users/aadityasingh/Library/Developer/Xcode/DerivedData/Chatlio-erkyzdeecsohoaggpwbjdvavzqfv/Build/Intermediates.noindex/GZIP.build/Debug-iphonesimulator/GZIP.build/Objects-normal/x86_64/e6072d4f65d7061329687fe24e3d63a7-common-args.resp -MMD -MT dependencies -MF /Users/aadityasingh/Library/Developer/Xcode/DerivedData/Chatlio-erkyzdeecsohoaggpwbjdvavzqfv/Build/Intermediates.noindex/GZIP.build/Debug-iphonesimulator/GZIP.build/Objects-normal/x86_64/NSData+GZIP.d --serialize-diagnostics /Users/aadityasingh/Library/Developer/Xcode/DerivedData/Chatlio-erkyzdeecsohoaggpwbjdvavzqfv/Build/Intermediates.noindex/GZIP.build/Debug-iphonesimulator/GZIP.build/Objects-normal/x86_64/NSData+GZIP.dia -c /Users/aadityasingh/Library/Developer/Xcode/DerivedData/Chatlio-erkyzdeecsohoaggpwbjdvavzqfv/SourcePackages/checkouts/GZIP/GZIP/Sources/NSData+GZIP.m -o /Users/aadityasingh/Library/Developer/Xcode/DerivedData/Chatlio-erkyzdeecsohoaggpwbjdvavzqfv/Build/Intermediates.noindex/GZIP.build/Debug-iphonesimulator/GZIP.build/Objects-normal/x86_64/NSData+GZIP.o -index-unit-output-path /GZIP.build/Debug-iphonesimulator/GZIP.build/Objects-normal/x86_64/NSData+GZIP.o

PrecompileModule /Users/aadityasingh/Library/Developer/Xcode/DerivedData/Chatlio-erkyzdeecsohoaggpwbjdvavzqfv/Build/Intermediates.noindex/ExplicitPrecompiledModules/Foundation-2V0XICQH06QVCKQD4ZLK43R59.scan
    cd /
    builtin-precompileModule /Users/aadityasingh/Library/Developer/Xcode/DerivedData/Chatlio-erkyzdeecsohoaggpwbjdvavzqfv/Build/Intermediates.noindex/ExplicitPrecompiledModules/Foundation-2V0XICQH06QVCKQD4ZLK43R59.scan

SwiftDriverJobDiscovery normal arm64 Compiling Rope.swift, RopeElement.swift, RopeMetric.swift, RopeSummary.swift, _RopeItem.swift, _RopePath.swift (in target '_RopeModule' from project 'swift-collections')

SwiftCompile normal x86_64 Compiling\ BigString+Builder.swift,\ BigString+Contents.swift,\ BigString+Debugging.swift,\ BigString+Index.swift,\ BigString+Ingester.swift,\ BigString+Invariants.swift,\ BigString+Iterators.swift /Users/aadityasingh/Library/Developer/Xcode/DerivedData/Chatlio-erkyzdeecsohoaggpwbjdvavzqfv/SourcePackages/checkouts/swift-collections/Sources/RopeModule/BigString/Basics/BigString+Builder.swift /Users/aadityasingh/Library/Developer/Xcode/DerivedData/Chatlio-erkyzdeecsohoaggpwbjdvavzqfv/SourcePackages/checkouts/swift-collections/Sources/RopeModule/BigString/Basics/BigString+Contents.swift /Users/aadityasingh/Library/Developer/Xcode/DerivedData/Chatlio-erkyzdeecsohoaggpwbjdvavzqfv/SourcePackages/checkouts/swift-collections/Sources/RopeModule/BigString/Basics/BigString+Debugging.swift /Users/aadityasingh/Library/Developer/Xcode/DerivedData/Chatlio-erkyzdeecsohoaggpwbjdvavzqfv/SourcePackages/checkouts/swift-collections/Sources/RopeModule/BigString/Basics/BigString+Index.swift /Users/aadityasingh/Library/Developer/Xcode/DerivedData/Chatlio-erkyzdeecsohoaggpwbjdvavzqfv/SourcePackages/checkouts/swift-collections/Sources/RopeModule/BigString/Basics/BigString+Ingester.swift /Users/aadityasingh/Library/Developer/Xcode/DerivedData/Chatlio-erkyzdeecsohoaggpwbjdvavzqfv/SourcePackages/checkouts/swift-collections/Sources/RopeModule/BigString/Basics/BigString+Invariants.swift /Users/aadityasingh/Library/Developer/Xcode/DerivedData/Chatlio-erkyzdeecsohoaggpwbjdvavzqfv/SourcePackages/checkouts/swift-collections/Sources/RopeModule/BigString/Basics/BigString+Iterators.swift (in target '_RopeModule' from project 'swift-collections')

SwiftCompile normal x86_64 /Users/aadityasingh/Library/Developer/Xcode/DerivedData/Chatlio-erkyzdeecsohoaggpwbjdvavzqfv/SourcePackages/checkouts/swift-collections/Sources/RopeModule/BigString/Basics/BigString+Builder.swift (in target '_RopeModule' from project 'swift-collections')
    cd /Users/aadityasingh/Documents/Development/element-x-ios/Chatlio.xcodeproj
    

SwiftCompile normal x86_64 /Users/aadityasingh/Library/Developer/Xcode/DerivedData/Chatlio-erkyzdeecsohoaggpwbjdvavzqfv/SourcePackages/checkouts/swift-collections/Sources/RopeModule/BigString/Basics/BigString+Contents.swift (in target '_RopeModule' from project 'swift-collections')
    cd /Users/aadityasingh/Documents/Development/element-x-ios/Chatlio.xcodeproj
    

SwiftCompile normal x86_64 /Users/aadityasingh/Library/Developer/Xcode/DerivedData/Chatlio-erkyzdeecsohoaggpwbjdvavzqfv/SourcePackages/checkouts/swift-collections/Sources/RopeModule/BigString/Basics/BigString+Debugging.swift (in target '_RopeModule' from project 'swift-collections')
    cd /Users/aadityasingh/Documents/Development/element-x-ios/Chatlio.xcodeproj
    

SwiftCompile normal x86_64 /Users/aadityasingh/Library/Developer/Xcode/DerivedData/Chatlio-erkyzdeecsohoaggpwbjdvavzqfv/SourcePackages/checkouts/swift-collections/Sources/RopeModule/BigString/Basics/BigString+Index.swift (in target '_RopeModule' from project 'swift-collections')
    cd /Users/aadityasingh/Documents/Development/element-x-ios/Chatlio.xcodeproj
    

SwiftCompile normal x86_64 /Users/aadityasingh/Library/Developer/Xcode/DerivedData/Chatlio-erkyzdeecsohoaggpwbjdvavzqfv/SourcePackages/checkouts/swift-collections/Sources/RopeModule/BigString/Basics/BigString+Ingester.swift (in target '_RopeModule' from project 'swift-collections')
    cd /Users/aadityasingh/Documents/Development/element-x-ios/Chatlio.xcodeproj
    

SwiftCompile normal x86_64 /Users/aadityasingh/Library/Developer/Xcode/DerivedData/Chatlio-erkyzdeecsohoaggpwbjdvavzqfv/SourcePackages/checkouts/swift-collections/Sources/RopeModule/BigString/Basics/BigString+Invariants.swift (in target '_RopeModule' from project 'swift-collections')
    cd /Users/aadityasingh/Documents/Development/element-x-ios/Chatlio.xcodeproj
    

SwiftCompile normal x86_64 /Users/aadityasingh/Library/Developer/Xcode/DerivedData/Chatlio-erkyzdeecsohoaggpwbjdvavzqfv/SourcePackages/checkouts/swift-collections/Sources/RopeModule/BigString/Basics/BigString+Iterators.swift (in target '_RopeModule' from project 'swift-collections')
    cd /Users/aadityasingh/Documents/Development/element-x-ios/Chatlio.xcodeproj
    

Ld /Users/aadityasingh/Library/Developer/Xcode/DerivedData/Chatlio-erkyzdeecsohoaggpwbjdvavzqfv/Build/Intermediates.noindex/GZIP.build/Debug-iphonesimulator/GZIP.build/Objects-normal/x86_64/Binary/GZIP.o normal x86_64 (in target 'GZIP' from project 'GZIP')
    cd /Users/aadityasingh/Library/Developer/Xcode/DerivedData/Chatlio-erkyzdeecsohoaggpwbjdvavzqfv/SourcePackages/checkouts/GZIP
    /Applications/Xcode.app/Contents/Developer/Toolchains/XcodeDefault.xctoolchain/usr/bin/clang -Xlinker -reproducible -target x86_64-apple-ios12.0-simulator -r -isysroot /Applications/Xcode.app/Contents/Developer/Platforms/iPhoneSimulator.platform/Developer/SDKs/iPhoneSimulator26.4.sdk -O0 -w -F/Users/aadityasingh/Library/Developer/Xcode/DerivedData/Chatlio-erkyzdeecsohoaggpwbjdvavzqfv/Build/Intermediates.noindex/EagerLinkingTBDs/Debug-iphonesimulator -F/Users/aadityasingh/Library/Developer/Xcode/DerivedData/Chatlio-erkyzdeecsohoaggpwbjdvavzqfv/Build/Products/Debug-iphonesimulator -iframework /Applications/Xcode.app/Contents/Developer/Platforms/iPhoneSimulator.platform/Developer/Library/Frameworks -iframework /Applications/Xcode.app/Contents/Developer/Platforms/iPhoneSimulator.platform/Developer/SDKs/iPhoneSimulator26.4.sdk/Developer/Library/Frameworks -filelist /Users/aadityasingh/Library/Developer/Xcode/DerivedData/Chatlio-erkyzdeecsohoaggpwbjdvavzqfv/Build/Intermediates.noindex/GZIP.build/Debug-iphonesimulator/GZIP.build/Objects-normal/x86_64/GZIP.LinkFileList -nostdlib -Xlinker -object_path_lto -Xlinker /Users/aadityasingh/Library/Developer/Xcode/DerivedData/Chatlio-erkyzdeecsohoaggpwbjdvavzqfv/Build/Intermediates.noindex/GZIP.build/Debug-iphonesimulator/GZIP.build/Objects-normal/x86_64/GZIP_lto.o -Xlinker -no_deduplicate -Xlinker -objc_abi_version -Xlinker 2 -Xlinker -debug_variant -Xlinker -dependency_info -Xlinker /Users/aadityasingh/Library/Developer/Xcode/DerivedData/Chatlio-erkyzdeecsohoaggpwbjdvavzqfv/Build/Intermediates.noindex/GZIP.build/Debug-iphonesimulator/GZIP.build/Objects-normal/x86_64/GZIP_dependency_info.dat -fobjc-arc -fobjc-link-runtime -o /Users/aadityasingh/Library/Developer/Xcode/DerivedData/Chatlio-erkyzdeecsohoaggpwbjdvavzqfv/Build/Intermediates.noindex/GZIP.build/Debug-iphonesimulator/GZIP.build/Objects-normal/x86_64/Binary/GZIP.o

SwiftDriverJobDiscovery normal arm64 Compiling BigString+Sequence.swift, BigString+TextOutputStream.swift, BigString+Append.swift, BigString+Initializers.swift, BigString+Insert.swift, BigString+Managing Breaks.swift (in target '_RopeModule' from project 'swift-collections')

SwiftCompile normal x86_64 Compiling\ BigString+Chunk+Indexing\ by\ Characters.swift,\ BigString+Chunk+Indexing\ by\ UTF16.swift,\ BigString+Chunk+RopeElement.swift,\ BigString+Chunk+Splitting.swift,\ BigString+Chunk.swift,\ BigString+BidirectionalCollection.swift,\ BigString+Comparable.swift /Users/aadityasingh/Library/Developer/Xcode/DerivedData/Chatlio-erkyzdeecsohoaggpwbjdvavzqfv/SourcePackages/checkouts/swift-collections/Sources/RopeModule/BigString/Chunk/BigString+Chunk+Indexing\ by\ Characters.swift /Users/aadityasingh/Library/Developer/Xcode/DerivedData/Chatlio-erkyzdeecsohoaggpwbjdvavzqfv/SourcePackages/checkouts/swift-collections/Sources/RopeModule/BigString/Chunk/BigString+Chunk+Indexing\ by\ UTF16.swift /Users/aadityasingh/Library/Developer/Xcode/DerivedData/Chatlio-erkyzdeecsohoaggpwbjdvavzqfv/SourcePackages/checkouts/swift-collections/Sources/RopeModule/BigString/Chunk/BigString+Chunk+RopeElement.swift /Users/aadityasingh/Library/Developer/Xcode/DerivedData/Chatlio-erkyzdeecsohoaggpwbjdvavzqfv/SourcePackages/checkouts/swift-collections/Sources/RopeModule/BigString/Chunk/BigString+Chunk+Splitting.swift /Users/aadityasingh/Library/Developer/Xcode/DerivedData/Chatlio-erkyzdeecsohoaggpwbjdvavzqfv/SourcePackages/checkouts/swift-collections/Sources/RopeModule/BigString/Chunk/BigString+Chunk.swift /Users/aadityasingh/Library/Developer/Xcode/DerivedData/Chatlio-erkyzdeecsohoaggpwbjdvavzqfv/SourcePackages/checkouts/swift-collections/Sources/RopeModule/BigString/Conformances/BigString+BidirectionalCollection.swift /Users/aadityasingh/Library/Developer/Xcode/DerivedData/Chatlio-erkyzdeecsohoaggpwbjdvavzqfv/SourcePackages/checkouts/swift-collections/Sources/RopeModule/BigString/Conformances/BigString+Comparable.swift (in target '_RopeModule' from project 'swift-collections')

SwiftCompile normal x86_64 /Users/aadityasingh/Library/Developer/Xcode/DerivedData/Chatlio-erkyzdeecsohoaggpwbjdvavzqfv/SourcePackages/checkouts/swift-collections/Sources/RopeModule/BigString/Chunk/BigString+Chunk+Indexing\ by\ Characters.swift (in target '_RopeModule' from project 'swift-collections')
    cd /Users/aadityasingh/Documents/Development/element-x-ios/Chatlio.xcodeproj
    

SwiftCompile normal x86_64 /Users/aadityasingh/Library/Developer/Xcode/DerivedData/Chatlio-erkyzdeecsohoaggpwbjdvavzqfv/SourcePackages/checkouts/swift-collections/Sources/RopeModule/BigString/Chunk/BigString+Chunk+Indexing\ by\ UTF16.swift (in target '_RopeModule' from project 'swift-collections')
    cd /Users/aadityasingh/Documents/Development/element-x-ios/Chatlio.xcodeproj
    

SwiftCompile normal x86_64 /Users/aadityasingh/Library/Developer/Xcode/DerivedData/Chatlio-erkyzdeecsohoaggpwbjdvavzqfv/SourcePackages/checkouts/swift-collections/Sources/RopeModule/BigString/Chunk/BigString+Chunk+RopeElement.swift (in target '_RopeModule' from project 'swift-collections')
    cd /Users/aadityasingh/Documents/Development/element-x-ios/Chatlio.xcodeproj
    

SwiftCompile normal x86_64 /Users/aadityasingh/Library/Developer/Xcode/DerivedData/Chatlio-erkyzdeecsohoaggpwbjdvavzqfv/SourcePackages/checkouts/swift-collections/Sources/RopeModule/BigString/Chunk/BigString+Chunk+Splitting.swift (in target '_RopeModule' from project 'swift-collections')
    cd /Users/aadityasingh/Documents/Development/element-x-ios/Chatlio.xcodeproj
    

SwiftCompile normal x86_64 /Users/aadityasingh/Library/Developer/Xcode/DerivedData/Chatlio-erkyzdeecsohoaggpwbjdvavzqfv/SourcePackages/checkouts/swift-collections/Sources/RopeModule/BigString/Chunk/BigString+Chunk.swift (in target '_RopeModule' from project 'swift-collections')
    cd /Users/aadityasingh/Documents/Development/element-x-ios/Chatlio.xcodeproj
    

SwiftCompile normal x86_64 /Users/aadityasingh/Library/Developer/Xcode/DerivedData/Chatlio-erkyzdeecsohoaggpwbjdvavzqfv/SourcePackages/checkouts/swift-collections/Sources/RopeModule/BigString/Conformances/BigString+BidirectionalCollection.swift (in target '_RopeModule' from project 'swift-collections')
    cd /Users/aadityasingh/Documents/Development/element-x-ios/Chatlio.xcodeproj
    

SwiftCompile normal x86_64 /Users/aadityasingh/Library/Developer/Xcode/DerivedData/Chatlio-erkyzdeecsohoaggpwbjdvavzqfv/SourcePackages/checkouts/swift-collections/Sources/RopeModule/BigString/Conformances/BigString+Comparable.swift (in target '_RopeModule' from project 'swift-collections')
    cd /Users/aadityasingh/Documents/Development/element-x-ios/Chatlio.xcodeproj
    

CompileC /Users/aadityasingh/Library/Developer/Xcode/DerivedData/Chatlio-erkyzdeecsohoaggpwbjdvavzqfv/Build/Intermediates.noindex/GZIP.build/Debug-iphonesimulator/GZIP.build/Objects-normal/arm64/NSData+GZIP.o /Users/aadityasingh/Library/Developer/Xcode/DerivedData/Chatlio-erkyzdeecsohoaggpwbjdvavzqfv/SourcePackages/checkouts/GZIP/GZIP/Sources/NSData+GZIP.m normal arm64 objective-c com.apple.compilers.llvm.clang.1_0.compiler (in target 'GZIP' from project 'GZIP')
    cd /Users/aadityasingh/Documents/Development/element-x-ios/Chatlio.xcodeproj
    
    Using response file: /Users/aadityasingh/Library/Developer/Xcode/DerivedData/Chatlio-erkyzdeecsohoaggpwbjdvavzqfv/Build/Intermediates.noindex/GZIP.build/Debug-iphonesimulator/GZIP.build/Objects-normal/arm64/e6072d4f65d7061329687fe24e3d63a7-common-args.resp
    
    /Applications/Xcode.app/Contents/Developer/Toolchains/XcodeDefault.xctoolchain/usr/bin/clang -x objective-c -ivfsstatcache /Users/aadityasingh/Library/Developer/Xcode/DerivedData/SDKStatCaches.noindex/iphonesimulator26.4-23E252-686eebb5dc1d8ecb277353a59184f4aa.sdkstatcache -target arm64-apple-ios12.0-simulator -fmessage-length\=0 -fdiagnostics-show-note-include-stack -fmacro-backtrace-limit\=0 -fno-color-diagnostics -fmodules-prune-interval\=86400 -fmodules-prune-after\=345600 -fbuild-session-file\=/Users/aadityasingh/Library/Developer/Xcode/DerivedData/ModuleCache.noindex/Session.modulevalidation -fmodules-validate-once-per-build-session -Wnon-modular-include-in-framework-module -Werror\=non-modular-include-in-framework-module -Wno-trigraphs -Wno-missing-field-initializers -Wno-missing-prototypes -Wno-return-type -Wno-implicit-atomic-properties -Wno-objc-interface-ivars -Wno-arc-repeated-use-of-weak -Wno-missing-braces -Wparentheses -Wswitch -Wno-unused-function -Wno-unused-label -Wno-unused-parameter -Wno-unused-variable -Wunused-value -Wno-empty-body -Wno-uninitialized -Wno-unknown-pragmas -w -Wno-shadow -Wno-four-char-constants -Wno-conversion -Wno-constant-conversion -Wno-int-conversion -Wno-bool-conversion -Wno-enum-conversion -Wno-float-conversion -Wno-non-literal-null-conversion -Wno-objc-literal-conversion -Wshorten-64-to-32 -Wpointer-sign -Wno-newline-eof -Wno-selector -Wno-strict-selector-match -Wno-undeclared-selector -Wno-deprecated-implementations -Wno-implicit-fallthrough -isysroot /Applications/Xcode.app/Contents/Developer/Platforms/iPhoneSimulator.platform/Developer/SDKs/iPhoneSimulator26.4.sdk -fstrict-aliasing -Wprotocol -Wdeprecated-declarations -Wno-sign-conversion -Wno-infinite-recursion -Wno-comma -Wno-block-capture-autoreleasing -Wno-strict-prototypes -Wno-semicolon-before-method-body -index-store-path /Users/aadityasingh/Library/Developer/Xcode/DerivedData/Chatlio-erkyzdeecsohoaggpwbjdvavzqfv/Index.noindex/DataStore @/Users/aadityasingh/Library/Developer/Xcode/DerivedData/Chatlio-erkyzdeecsohoaggpwbjdvavzqfv/Build/Intermediates.noindex/GZIP.build/Debug-iphonesimulator/GZIP.build/Objects-normal/arm64/e6072d4f65d7061329687fe24e3d63a7-common-args.resp -MMD -MT dependencies -MF /Users/aadityasingh/Library/Developer/Xcode/DerivedData/Chatlio-erkyzdeecsohoaggpwbjdvavzqfv/Build/Intermediates.noindex/GZIP.build/Debug-iphonesimulator/GZIP.build/Objects-normal/arm64/NSData+GZIP.d --serialize-diagnostics /Users/aadityasingh/Library/Developer/Xcode/DerivedData/Chatlio-erkyzdeecsohoaggpwbjdvavzqfv/Build/Intermediates.noindex/GZIP.build/Debug-iphonesimulator/GZIP.build/Objects-normal/arm64/NSData+GZIP.dia -c /Users/aadityasingh/Library/Developer/Xcode/DerivedData/Chatlio-erkyzdeecsohoaggpwbjdvavzqfv/SourcePackages/checkouts/GZIP/GZIP/Sources/NSData+GZIP.m -o /Users/aadityasingh/Library/Developer/Xcode/DerivedData/Chatlio-erkyzdeecsohoaggpwbjdvavzqfv/Build/Intermediates.noindex/GZIP.build/Debug-iphonesimulator/GZIP.build/Objects-normal/arm64/NSData+GZIP.o -index-unit-output-path /GZIP.build/Debug-iphonesimulator/GZIP.build/Objects-normal/arm64/NSData+GZIP.o

SwiftCompile normal arm64 Compiling\ Rope+Find.swift,\ Rope+ForEachWhile.swift,\ Rope+Insert.swift,\ Rope+Join.swift,\ Rope+MutatingForEach.swift,\ Rope+Remove.swift /Users/aadityasingh/Library/Developer/Xcode/DerivedData/Chatlio-erkyzdeecsohoaggpwbjdvavzqfv/SourcePackages/checkouts/swift-collections/Sources/RopeModule/Rope/Operations/Rope+Find.swift /Users/aadityasingh/Library/Developer/Xcode/DerivedData/Chatlio-erkyzdeecsohoaggpwbjdvavzqfv/SourcePackages/checkouts/swift-collections/Sources/RopeModule/Rope/Operations/Rope+ForEachWhile.swift /Users/aadityasingh/Library/Developer/Xcode/DerivedData/Chatlio-erkyzdeecsohoaggpwbjdvavzqfv/SourcePackages/checkouts/swift-collections/Sources/RopeModule/Rope/Operations/Rope+Insert.swift /Users/aadityasingh/Library/Developer/Xcode/DerivedData/Chatlio-erkyzdeecsohoaggpwbjdvavzqfv/SourcePackages/checkouts/swift-collections/Sources/RopeModule/Rope/Operations/Rope+Join.swift /Users/aadityasingh/Library/Developer/Xcode/DerivedData/Chatlio-erkyzdeecsohoaggpwbjdvavzqfv/SourcePackages/checkouts/swift-collections/Sources/RopeModule/Rope/Operations/Rope+MutatingForEach.swift /Users/aadityasingh/Library/Developer/Xcode/DerivedData/Chatlio-erkyzdeecsohoaggpwbjdvavzqfv/SourcePackages/checkouts/swift-collections/Sources/RopeModule/Rope/Operations/Rope+Remove.swift (in target '_RopeModule' from project 'swift-collections')

SwiftCompile normal arm64 /Users/aadityasingh/Library/Developer/Xcode/DerivedData/Chatlio-erkyzdeecsohoaggpwbjdvavzqfv/SourcePackages/checkouts/swift-collections/Sources/RopeModule/Rope/Operations/Rope+Find.swift (in target '_RopeModule' from project 'swift-collections')
    cd /Users/aadityasingh/Documents/Development/element-x-ios/Chatlio.xcodeproj
    

SwiftCompile normal arm64 /Users/aadityasingh/Library/Developer/Xcode/DerivedData/Chatlio-erkyzdeecsohoaggpwbjdvavzqfv/SourcePackages/checkouts/swift-collections/Sources/RopeModule/Rope/Operations/Rope+ForEachWhile.swift (in target '_RopeModule' from project 'swift-collections')
    cd /Users/aadityasingh/Documents/Development/element-x-ios/Chatlio.xcodeproj
    

SwiftCompile normal arm64 /Users/aadityasingh/Library/Developer/Xcode/DerivedData/Chatlio-erkyzdeecsohoaggpwbjdvavzqfv/SourcePackages/checkouts/swift-collections/Sources/RopeModule/Rope/Operations/Rope+Insert.swift (in target '_RopeModule' from project 'swift-collections')
    cd /Users/aadityasingh/Documents/Development/element-x-ios/Chatlio.xcodeproj
    

SwiftCompile normal arm64 /Users/aadityasingh/Library/Developer/Xcode/DerivedData/Chatlio-erkyzdeecsohoaggpwbjdvavzqfv/SourcePackages/checkouts/swift-collections/Sources/RopeModule/Rope/Operations/Rope+Join.swift (in target '_RopeModule' from project 'swift-collections')
    cd /Users/aadityasingh/Documents/Development/element-x-ios/Chatlio.xcodeproj
    

SwiftCompile normal arm64 /Users/aadityasingh/Library/Developer/Xcode/DerivedData/Chatlio-erkyzdeecsohoaggpwbjdvavzqfv/SourcePackages/checkouts/swift-collections/Sources/RopeModule/Rope/Operations/Rope+MutatingForEach.swift (in target '_RopeModule' from project 'swift-collections')
    cd /Users/aadityasingh/Documents/Development/element-x-ios/Chatlio.xcodeproj
    

SwiftCompile normal arm64 /Users/aadityasingh/Library/Developer/Xcode/DerivedData/Chatlio-erkyzdeecsohoaggpwbjdvavzqfv/SourcePackages/checkouts/swift-collections/Sources/RopeModule/Rope/Operations/Rope+Remove.swift (in target '_RopeModule' from project 'swift-collections')
    cd /Users/aadityasingh/Documents/Development/element-x-ios/Chatlio.xcodeproj
    

Ld /Users/aadityasingh/Library/Developer/Xcode/DerivedData/Chatlio-erkyzdeecsohoaggpwbjdvavzqfv/Build/Intermediates.noindex/GZIP.build/Debug-iphonesimulator/GZIP.build/Objects-normal/arm64/Binary/GZIP.o normal arm64 (in target 'GZIP' from project 'GZIP')
    cd /Users/aadityasingh/Library/Developer/Xcode/DerivedData/Chatlio-erkyzdeecsohoaggpwbjdvavzqfv/SourcePackages/checkouts/GZIP
    /Applications/Xcode.app/Contents/Developer/Toolchains/XcodeDefault.xctoolchain/usr/bin/clang -Xlinker -reproducible -target arm64-apple-ios12.0-simulator -r -isysroot /Applications/Xcode.app/Contents/Developer/Platforms/iPhoneSimulator.platform/Developer/SDKs/iPhoneSimulator26.4.sdk -O0 -w -F/Users/aadityasingh/Library/Developer/Xcode/DerivedData/Chatlio-erkyzdeecsohoaggpwbjdvavzqfv/Build/Intermediates.noindex/EagerLinkingTBDs/Debug-iphonesimulator -F/Users/aadityasingh/Library/Developer/Xcode/DerivedData/Chatlio-erkyzdeecsohoaggpwbjdvavzqfv/Build/Products/Debug-iphonesimulator -iframework /Applications/Xcode.app/Contents/Developer/Platforms/iPhoneSimulator.platform/Developer/Library/Frameworks -iframework /Applications/Xcode.app/Contents/Developer/Platforms/iPhoneSimulator.platform/Developer/SDKs/iPhoneSimulator26.4.sdk/Developer/Library/Frameworks -filelist /Users/aadityasingh/Library/Developer/Xcode/DerivedData/Chatlio-erkyzdeecsohoaggpwbjdvavzqfv/Build/Intermediates.noindex/GZIP.build/Debug-iphonesimulator/GZIP.build/Objects-normal/arm64/GZIP.LinkFileList -nostdlib -Xlinker -object_path_lto -Xlinker /Users/aadityasingh/Library/Developer/Xcode/DerivedData/Chatlio-erkyzdeecsohoaggpwbjdvavzqfv/Build/Intermediates.noindex/GZIP.build/Debug-iphonesimulator/GZIP.build/Objects-normal/arm64/GZIP_lto.o -Xlinker -no_deduplicate -Xlinker -objc_abi_version -Xlinker 2 -Xlinker -debug_variant -Xlinker -dependency_info -Xlinker /Users/aadityasingh/Library/Developer/Xcode/DerivedData/Chatlio-erkyzdeecsohoaggpwbjdvavzqfv/Build/Intermediates.noindex/GZIP.build/Debug-iphonesimulator/GZIP.build/Objects-normal/arm64/GZIP_dependency_info.dat -fobjc-arc -fobjc-link-runtime -o /Users/aadityasingh/Library/Developer/Xcode/DerivedData/Chatlio-erkyzdeecsohoaggpwbjdvavzqfv/Build/Intermediates.noindex/GZIP.build/Debug-iphonesimulator/GZIP.build/Objects-normal/arm64/Binary/GZIP.o

SwiftDriverJobDiscovery normal x86_64 Compiling BigString+Sequence.swift, BigString+TextOutputStream.swift, BigString+Append.swift, BigString+Initializers.swift, BigString+Insert.swift, BigString+Managing Breaks.swift (in target '_RopeModule' from project 'swift-collections')

SwiftCompile normal arm64 Compiling\ BigString+RemoveSubrange.swift,\ BigString+ReplaceSubrange.swift,\ BigString+Split.swift,\ Range+BigString.swift,\ BigString+UTF16View.swift,\ BigString+UTF8View.swift /Users/aadityasingh/Library/Developer/Xcode/DerivedData/Chatlio-erkyzdeecsohoaggpwbjdvavzqfv/SourcePackages/checkouts/swift-collections/Sources/RopeModule/BigString/Operations/BigString+RemoveSubrange.swift /Users/aadityasingh/Library/Developer/Xcode/DerivedData/Chatlio-erkyzdeecsohoaggpwbjdvavzqfv/SourcePackages/checkouts/swift-collections/Sources/RopeModule/BigString/Operations/BigString+ReplaceSubrange.swift /Users/aadityasingh/Library/Developer/Xcode/DerivedData/Chatlio-erkyzdeecsohoaggpwbjdvavzqfv/SourcePackages/checkouts/swift-collections/Sources/RopeModule/BigString/Operations/BigString+Split.swift /Users/aadityasingh/Library/Developer/Xcode/DerivedData/Chatlio-erkyzdeecsohoaggpwbjdvavzqfv/SourcePackages/checkouts/swift-collections/Sources/RopeModule/BigString/Operations/Range+BigString.swift /Users/aadityasingh/Library/Developer/Xcode/DerivedData/Chatlio-erkyzdeecsohoaggpwbjdvavzqfv/SourcePackages/checkouts/swift-collections/Sources/RopeModule/BigString/Views/BigString+UTF16View.swift /Users/aadityasingh/Library/Developer/Xcode/DerivedData/Chatlio-erkyzdeecsohoaggpwbjdvavzqfv/SourcePackages/checkouts/swift-collections/Sources/RopeModule/BigString/Views/BigString+UTF8View.swift (in target '_RopeModule' from project 'swift-collections')

SwiftCompile normal arm64 /Users/aadityasingh/Library/Developer/Xcode/DerivedData/Chatlio-erkyzdeecsohoaggpwbjdvavzqfv/SourcePackages/checkouts/swift-collections/Sources/RopeModule/BigString/Operations/BigString+RemoveSubrange.swift (in target '_RopeModule' from project 'swift-collections')
    cd /Users/aadityasingh/Documents/Development/element-x-ios/Chatlio.xcodeproj
    

SwiftCompile normal arm64 /Users/aadityasingh/Library/Developer/Xcode/DerivedData/Chatlio-erkyzdeecsohoaggpwbjdvavzqfv/SourcePackages/checkouts/swift-collections/Sources/RopeModule/BigString/Operations/BigString+ReplaceSubrange.swift (in target '_RopeModule' from project 'swift-collections')
    cd /Users/aadityasingh/Documents/Development/element-x-ios/Chatlio.xcodeproj
    

SwiftCompile normal arm64 /Users/aadityasingh/Library/Developer/Xcode/DerivedData/Chatlio-erkyzdeecsohoaggpwbjdvavzqfv/SourcePackages/checkouts/swift-collections/Sources/RopeModule/BigString/Operations/BigString+Split.swift (in target '_RopeModule' from project 'swift-collections')
    cd /Users/aadityasingh/Documents/Development/element-x-ios/Chatlio.xcodeproj
    

SwiftCompile normal arm64 /Users/aadityasingh/Library/Developer/Xcode/DerivedData/Chatlio-erkyzdeecsohoaggpwbjdvavzqfv/SourcePackages/checkouts/swift-collections/Sources/RopeModule/BigString/Operations/Range+BigString.swift (in target '_RopeModule' from project 'swift-collections')
    cd /Users/aadityasingh/Documents/Development/element-x-ios/Chatlio.xcodeproj
    

SwiftCompile normal arm64 /Users/aadityasingh/Library/Developer/Xcode/DerivedData/Chatlio-erkyzdeecsohoaggpwbjdvavzqfv/SourcePackages/checkouts/swift-collections/Sources/RopeModule/BigString/Views/BigString+UTF16View.swift (in target '_RopeModule' from project 'swift-collections')
    cd /Users/aadityasingh/Documents/Development/element-x-ios/Chatlio.xcodeproj
    

SwiftCompile normal arm64 /Users/aadityasingh/Library/Developer/Xcode/DerivedData/Chatlio-erkyzdeecsohoaggpwbjdvavzqfv/SourcePackages/checkouts/swift-collections/Sources/RopeModule/BigString/Views/BigString+UTF8View.swift (in target '_RopeModule' from project 'swift-collections')
    cd /Users/aadityasingh/Documents/Development/element-x-ios/Chatlio.xcodeproj
    

CreateUniversalBinary /Users/aadityasingh/Library/Developer/Xcode/DerivedData/Chatlio-erkyzdeecsohoaggpwbjdvavzqfv/Build/Products/Debug-iphonesimulator/GZIP.o normal arm64\ x86_64 (in target 'GZIP' from project 'GZIP')
    cd /Users/aadityasingh/Library/Developer/Xcode/DerivedData/Chatlio-erkyzdeecsohoaggpwbjdvavzqfv/SourcePackages/checkouts/GZIP
    /Applications/Xcode.app/Contents/Developer/Toolchains/XcodeDefault.xctoolchain/usr/bin/lipo -create /Users/aadityasingh/Library/Developer/Xcode/DerivedData/Chatlio-erkyzdeecsohoaggpwbjdvavzqfv/Build/Intermediates.noindex/GZIP.build/Debug-iphonesimulator/GZIP.build/Objects-normal/arm64/Binary/GZIP.o /Users/aadityasingh/Library/Developer/Xcode/DerivedData/Chatlio-erkyzdeecsohoaggpwbjdvavzqfv/Build/Intermediates.noindex/GZIP.build/Debug-iphonesimulator/GZIP.build/Objects-normal/x86_64/Binary/GZIP.o -output /Users/aadityasingh/Library/Developer/Xcode/DerivedData/Chatlio-erkyzdeecsohoaggpwbjdvavzqfv/Build/Products/Debug-iphonesimulator/GZIP.o

SwiftDriverJobDiscovery normal x86_64 Compiling BigString+CustomDebugStringConvertible.swift, BigString+CustomStringConvertible.swift, BigString+Equatable.swift, BigString+ExpressibleByStringLiteral.swift, BigString+Hashing.swift, BigString+LosslessStringConvertible.swift, BigString+RangeReplaceableCollection.swift (in target '_RopeModule' from project 'swift-collections')

SwiftCompile normal arm64 Compiling\ BigString+Builder.swift,\ BigString+Contents.swift,\ BigString+Debugging.swift,\ BigString+Index.swift,\ BigString+Ingester.swift,\ BigString+Invariants.swift,\ BigString+Iterators.swift /Users/aadityasingh/Library/Developer/Xcode/DerivedData/Chatlio-erkyzdeecsohoaggpwbjdvavzqfv/SourcePackages/checkouts/swift-collections/Sources/RopeModule/BigString/Basics/BigString+Builder.swift /Users/aadityasingh/Library/Developer/Xcode/DerivedData/Chatlio-erkyzdeecsohoaggpwbjdvavzqfv/SourcePackages/checkouts/swift-collections/Sources/RopeModule/BigString/Basics/BigString+Contents.swift /Users/aadityasingh/Library/Developer/Xcode/DerivedData/Chatlio-erkyzdeecsohoaggpwbjdvavzqfv/SourcePackages/checkouts/swift-collections/Sources/RopeModule/BigString/Basics/BigString+Debugging.swift /Users/aadityasingh/Library/Developer/Xcode/DerivedData/Chatlio-erkyzdeecsohoaggpwbjdvavzqfv/SourcePackages/checkouts/swift-collections/Sources/RopeModule/BigString/Basics/BigString+Index.swift /Users/aadityasingh/Library/Developer/Xcode/DerivedData/Chatlio-erkyzdeecsohoaggpwbjdvavzqfv/SourcePackages/checkouts/swift-collections/Sources/RopeModule/BigString/Basics/BigString+Ingester.swift /Users/aadityasingh/Library/Developer/Xcode/DerivedData/Chatlio-erkyzdeecsohoaggpwbjdvavzqfv/SourcePackages/checkouts/swift-collections/Sources/RopeModule/BigString/Basics/BigString+Invariants.swift /Users/aadityasingh/Library/Developer/Xcode/DerivedData/Chatlio-erkyzdeecsohoaggpwbjdvavzqfv/SourcePackages/checkouts/swift-collections/Sources/RopeModule/BigString/Basics/BigString+Iterators.swift (in target '_RopeModule' from project 'swift-collections')

SwiftCompile normal arm64 /Users/aadityasingh/Library/Developer/Xcode/DerivedData/Chatlio-erkyzdeecsohoaggpwbjdvavzqfv/SourcePackages/checkouts/swift-collections/Sources/RopeModule/BigString/Basics/BigString+Builder.swift (in target '_RopeModule' from project 'swift-collections')
    cd /Users/aadityasingh/Documents/Development/element-x-ios/Chatlio.xcodeproj
    

SwiftCompile normal arm64 /Users/aadityasingh/Library/Developer/Xcode/DerivedData/Chatlio-erkyzdeecsohoaggpwbjdvavzqfv/SourcePackages/checkouts/swift-collections/Sources/RopeModule/BigString/Basics/BigString+Contents.swift (in target '_RopeModule' from project 'swift-collections')
    cd /Users/aadityasingh/Documents/Development/element-x-ios/Chatlio.xcodeproj
    

SwiftCompile normal arm64 /Users/aadityasingh/Library/Developer/Xcode/DerivedData/Chatlio-erkyzdeecsohoaggpwbjdvavzqfv/SourcePackages/checkouts/swift-collections/Sources/RopeModule/BigString/Basics/BigString+Debugging.swift (in target '_RopeModule' from project 'swift-collections')
    cd /Users/aadityasingh/Documents/Development/element-x-ios/Chatlio.xcodeproj
    

SwiftCompile normal arm64 /Users/aadityasingh/Library/Developer/Xcode/DerivedData/Chatlio-erkyzdeecsohoaggpwbjdvavzqfv/SourcePackages/checkouts/swift-collections/Sources/RopeModule/BigString/Basics/BigString+Index.swift (in target '_RopeModule' from project 'swift-collections')
    cd /Users/aadityasingh/Documents/Development/element-x-ios/Chatlio.xcodeproj
    

SwiftCompile normal arm64 /Users/aadityasingh/Library/Developer/Xcode/DerivedData/Chatlio-erkyzdeecsohoaggpwbjdvavzqfv/SourcePackages/checkouts/swift-collections/Sources/RopeModule/BigString/Basics/BigString+Ingester.swift (in target '_RopeModule' from project 'swift-collections')
    cd /Users/aadityasingh/Documents/Development/element-x-ios/Chatlio.xcodeproj
    

SwiftCompile normal arm64 /Users/aadityasingh/Library/Developer/Xcode/DerivedData/Chatlio-erkyzdeecsohoaggpwbjdvavzqfv/SourcePackages/checkouts/swift-collections/Sources/RopeModule/BigString/Basics/BigString+Invariants.swift (in target '_RopeModule' from project 'swift-collections')
    cd /Users/aadityasingh/Documents/Development/element-x-ios/Chatlio.xcodeproj
    

SwiftCompile normal arm64 /Users/aadityasingh/Library/Developer/Xcode/DerivedData/Chatlio-erkyzdeecsohoaggpwbjdvavzqfv/SourcePackages/checkouts/swift-collections/Sources/RopeModule/BigString/Basics/BigString+Iterators.swift (in target '_RopeModule' from project 'swift-collections')
    cd /Users/aadityasingh/Documents/Development/element-x-ios/Chatlio.xcodeproj
    

SwiftDriver\ Compilation HTMLParser normal arm64 com.apple.xcode.tools.swift.compiler (in target 'HTMLParser' from project 'WysiwygComposer')
    cd /Users/aadityasingh/Documents/Development/element-x-ios/Chatlio.xcodeproj
    builtin-Swift-Compilation -- /Applications/Xcode.app/Contents/Developer/Toolchains/XcodeDefault.xctoolchain/usr/bin/swiftc -module-name HTMLParser -Onone @/Users/aadityasingh/Library/Developer/Xcode/DerivedData/Chatlio-erkyzdeecsohoaggpwbjdvavzqfv/Build/Intermediates.noindex/WysiwygComposer.build/Debug-iphonesimulator/HTMLParser.build/Objects-normal/arm64/HTMLParser.SwiftFileList -DSWIFT_PACKAGE -DDEBUG -DSWIFT_MODULE_RESOURCE_BUNDLE_UNAVAILABLE -Xcc -fmodule-map-file\=/Users/aadityasingh/Library/Developer/Xcode/DerivedData/Chatlio-erkyzdeecsohoaggpwbjdvavzqfv/Build/Intermediates.noindex/GeneratedModuleMaps-iphonesimulator/DTFoundation.modulemap -Xcc -fmodule-map-file\=/Users/aadityasingh/Library/Developer/Xcode/DerivedData/Chatlio-erkyzdeecsohoaggpwbjdvavzqfv/Build/Intermediates.noindex/GeneratedModuleMaps-iphonesimulator/DTCoreText.modulemap -Xcc -fmodule-map-file\=/Users/aadityasingh/Library/Developer/Xcode/DerivedData/Chatlio-erkyzdeecsohoaggpwbjdvavzqfv/Build/Intermediates.noindex/GeneratedModuleMaps-iphonesimulator/DTCoreTextExtended.modulemap -DXcode -plugin-path /Applications/Xcode.app/Contents/Developer/Toolchains/XcodeDefault.xctoolchain/usr/lib/swift/host/plugins/testing -enable-experimental-feature DebugDescriptionMacro -sdk /Applications/Xcode.app/Contents/Developer/Platforms/iPhoneSimulator.platform/Developer/SDKs/iPhoneSimulator26.4.sdk -target arm64-apple-ios15.0-simulator -g -module-cache-path /Users/aadityasingh/Library/Developer/Xcode/DerivedData/ModuleCache.noindex -Xfrontend -serialize-debugging-options -profile-coverage-mapping -profile-generate -enable-testing -suppress-warnings -index-store-path /Users/aadityasingh/Library/Developer/Xcode/DerivedData/Chatlio-erkyzdeecsohoaggpwbjdvavzqfv/Index.noindex/DataStore -Xcc -D_LIBCPP_HARDENING_MODE\=_LIBCPP_HARDENING_MODE_DEBUG -swift-version 5 -I /Users/aadityasingh/Library/Developer/Xcode/DerivedData/Chatlio-erkyzdeecsohoaggpwbjdvavzqfv/Build/Products/Debug-iphonesimulator -Isystem /Applications/Xcode.app/Contents/Developer/Platforms/iPhoneSimulator.platform/Developer/usr/lib -F /Users/aadityasingh/Library/Developer/Xcode/DerivedData/Chatlio-erkyzdeecsohoaggpwbjdvavzqfv/Build/Products/Debug-iphonesimulator/PackageFrameworks -F /Users/aadityasingh/Library/Developer/Xcode/DerivedData/Chatlio-erkyzdeecsohoaggpwbjdvavzqfv/Build/Products/Debug-iphonesimulator/PackageFrameworks -F /Users/aadityasingh/Library/Developer/Xcode/DerivedData/Chatlio-erkyzdeecsohoaggpwbjdvavzqfv/Build/Products/Debug-iphonesimulator/PackageFrameworks -F /Users/aadityasingh/Library/Developer/Xcode/DerivedData/Chatlio-erkyzdeecsohoaggpwbjdvavzqfv/Build/Products/Debug-iphonesimulator -F /Applications/Xcode.app/Contents/Developer/Platforms/iPhoneSimulator.platform/Developer/Library/Frameworks -F /Applications/Xcode.app/Contents/Developer/Platforms/iPhoneSimulator.platform/Developer/SDKs/iPhoneSimulator26.4.sdk/Developer/Library/Frameworks -c -j12 -enable-batch-mode -incremental -Xcc -ivfsstatcache -Xcc /Users/aadityasingh/Library/Developer/Xcode/DerivedData/SDKStatCaches.noindex/iphonesimulator26.4-23E252-686eebb5dc1d8ecb277353a59184f4aa.sdkstatcache -output-file-map /Users/aadityasingh/Library/Developer/Xcode/DerivedData/Chatlio-erkyzdeecsohoaggpwbjdvavzqfv/Build/Intermediates.noindex/WysiwygComposer.build/Debug-iphonesimulator/HTMLParser.build/Objects-normal/arm64/HTMLParser-OutputFileMap.json -use-frontend-parseable-output -save-temps -no-color-diagnostics -explicit-module-build -module-cache-path /Users/aadityasingh/Library/Developer/Xcode/DerivedData/Chatlio-erkyzdeecsohoaggpwbjdvavzqfv/Build/Intermediates.noindex/SwiftExplicitPrecompiledModules -clang-scanner-module-cache-path /Users/aadityasingh/Library/Developer/Xcode/DerivedData/ModuleCache.noindex -sdk-module-cache-path /Users/aadityasingh/Library/Developer/Xcode/DerivedData/ModuleCache.noindex -serialize-diagnostics -emit-dependencies -emit-module -emit-module-path /Users/aadityasingh/Library/Developer/Xcode/DerivedData/Chatlio-erkyzdeecsohoaggpwbjdvavzqfv/Build/Intermediates.noindex/WysiwygComposer.build/Debug-iphonesimulator/HTMLParser.build/Objects-normal/arm64/HTMLParser.swiftmodule -validate-clang-modules-once -clang-build-session-file /Users/aadityasingh/Library/Developer/Xcode/DerivedData/ModuleCache.noindex/Session.modulevalidation -Xcc -I/Users/aadityasingh/Library/Developer/Xcode/DerivedData/Chatlio-erkyzdeecsohoaggpwbjdvavzqfv/Build/Intermediates.noindex/WysiwygComposer.build/Debug-iphonesimulator/HTMLParser.build/swift-overrides.hmap -emit-const-values -Xfrontend -const-gather-protocols-file -Xfrontend /Users/aadityasingh/Library/Developer/Xcode/DerivedData/Chatlio-erkyzdeecsohoaggpwbjdvavzqfv/Build/Intermediates.noindex/WysiwygComposer.build/Debug-iphonesimulator/HTMLParser.build/Objects-normal/arm64/HTMLParser_const_extract_protocols.json -Xcc -I/Users/aadityasingh/Library/Developer/Xcode/DerivedData/Chatlio-erkyzdeecsohoaggpwbjdvavzqfv/SourcePackages/checkouts/DTFoundation/Core/include -Xcc -I/Users/aadityasingh/Library/Developer/Xcode/DerivedData/Chatlio-erkyzdeecsohoaggpwbjdvavzqfv/SourcePackages/checkouts/DTCoreText/Core/include -Xcc -I/Users/aadityasingh/Library/Developer/Xcode/DerivedData/Chatlio-erkyzdeecsohoaggpwbjdvavzqfv/SourcePackages/checkouts/matrix-rich-text-editor-swift/Sources/DTCoreTextExtended/include -Xcc -I/Users/aadityasingh/Library/Developer/Xcode/DerivedData/Chatlio-erkyzdeecsohoaggpwbjdvavzqfv/Build/Products/Debug-iphonesimulator/include -Xcc -I/Users/aadityasingh/Library/Developer/Xcode/DerivedData/Chatlio-erkyzdeecsohoaggpwbjdvavzqfv/Build/Intermediates.noindex/WysiwygComposer.build/Debug-iphonesimulator/HTMLParser.build/DerivedSources-normal/arm64 -Xcc -I/Users/aadityasingh/Library/Developer/Xcode/DerivedData/Chatlio-erkyzdeecsohoaggpwbjdvavzqfv/Build/Intermediates.noindex/WysiwygComposer.build/Debug-iphonesimulator/HTMLParser.build/DerivedSources/arm64 -Xcc -I/Users/aadityasingh/Library/Developer/Xcode/DerivedData/Chatlio-erkyzdeecsohoaggpwbjdvavzqfv/Build/Intermediates.noindex/WysiwygComposer.build/Debug-iphonesimulator/HTMLParser.build/DerivedSources -Xcc -DSWIFT_PACKAGE -Xcc -DDEBUG\=1 -emit-objc-header -emit-objc-header-path /Users/aadityasingh/Library/Developer/Xcode/DerivedData/Chatlio-erkyzdeecsohoaggpwbjdvavzqfv/Build/Intermediates.noindex/WysiwygComposer.build/Debug-iphonesimulator/HTMLParser.build/Objects-normal/arm64/HTMLParser-Swift.h -working-directory /Users/aadityasingh/Documents/Development/element-x-ios/Chatlio.xcodeproj -experimental-emit-module-separately -disable-cmo

SwiftDriverJobDiscovery normal arm64 Compiling BigString+CustomDebugStringConvertible.swift, BigString+CustomStringConvertible.swift, BigString+Equatable.swift, BigString+ExpressibleByStringLiteral.swift, BigString+Hashing.swift, BigString+LosslessStringConvertible.swift, BigString+RangeReplaceableCollection.swift (in target '_RopeModule' from project 'swift-collections')

SwiftCompile normal arm64 Compiling\ Size.swift /Users/aadityasingh/Library/Developer/Xcode/DerivedData/Chatlio-erkyzdeecsohoaggpwbjdvavzqfv/SourcePackages/checkouts/SwiftUI-Flow/Sources/Flow/Internal/Size.swift (in target 'Flow' from project 'Flow')

SwiftCompile normal arm64 /Users/aadityasingh/Library/Developer/Xcode/DerivedData/Chatlio-erkyzdeecsohoaggpwbjdvavzqfv/SourcePackages/checkouts/SwiftUI-Flow/Sources/Flow/Internal/Size.swift (in target 'Flow' from project 'Flow')
    cd /Users/aadityasingh/Documents/Development/element-x-ios/Chatlio.xcodeproj
    

SwiftCompile normal arm64 Compiling\ VFlow.swift /Users/aadityasingh/Library/Developer/Xcode/DerivedData/Chatlio-erkyzdeecsohoaggpwbjdvavzqfv/SourcePackages/checkouts/SwiftUI-Flow/Sources/Flow/VFlow.swift (in target 'Flow' from project 'Flow')

SwiftCompile normal arm64 /Users/aadityasingh/Library/Developer/Xcode/DerivedData/Chatlio-erkyzdeecsohoaggpwbjdvavzqfv/SourcePackages/checkouts/SwiftUI-Flow/Sources/Flow/VFlow.swift (in target 'Flow' from project 'Flow')
    cd /Users/aadityasingh/Documents/Development/element-x-ios/Chatlio.xcodeproj
    

SwiftDriverJobDiscovery normal x86_64 Compiling _RopeVersion.swift, Rope+Collection.swift, Rope+Index.swift, Rope+Sequence.swift, Rope+Append.swift, Rope+Extract.swift (in target '_RopeModule' from project 'swift-collections')

SwiftCompile normal x86_64 Compiling\ VFlowLayout.swift /Users/aadityasingh/Library/Developer/Xcode/DerivedData/Chatlio-erkyzdeecsohoaggpwbjdvavzqfv/SourcePackages/checkouts/SwiftUI-Flow/Sources/Flow/VFlowLayout.swift (in target 'Flow' from project 'Flow')

SwiftCompile normal x86_64 /Users/aadityasingh/Library/Developer/Xcode/DerivedData/Chatlio-erkyzdeecsohoaggpwbjdvavzqfv/SourcePackages/checkouts/SwiftUI-Flow/Sources/Flow/VFlowLayout.swift (in target 'Flow' from project 'Flow')
    cd /Users/aadityasingh/Documents/Development/element-x-ios/Chatlio.xcodeproj
    

SwiftDriverJobDiscovery normal arm64 Compiling Size.swift (in target 'Flow' from project 'Flow')

SwiftCompile normal arm64 Compiling\ HFlow.swift /Users/aadityasingh/Library/Developer/Xcode/DerivedData/Chatlio-erkyzdeecsohoaggpwbjdvavzqfv/SourcePackages/checkouts/SwiftUI-Flow/Sources/Flow/HFlow.swift (in target 'Flow' from project 'Flow')

SwiftCompile normal arm64 /Users/aadityasingh/Library/Developer/Xcode/DerivedData/Chatlio-erkyzdeecsohoaggpwbjdvavzqfv/SourcePackages/checkouts/SwiftUI-Flow/Sources/Flow/HFlow.swift (in target 'Flow' from project 'Flow')
    cd /Users/aadityasingh/Documents/Development/element-x-ios/Chatlio.xcodeproj
    

SwiftDriverJobDiscovery normal x86_64 Compiling VFlowLayout.swift (in target 'Flow' from project 'Flow')

SwiftCompile normal arm64 Compiling\ VFlowLayout.swift /Users/aadityasingh/Library/Developer/Xcode/DerivedData/Chatlio-erkyzdeecsohoaggpwbjdvavzqfv/SourcePackages/checkouts/SwiftUI-Flow/Sources/Flow/VFlowLayout.swift (in target 'Flow' from project 'Flow')

SwiftCompile normal arm64 /Users/aadityasingh/Library/Developer/Xcode/DerivedData/Chatlio-erkyzdeecsohoaggpwbjdvavzqfv/SourcePackages/checkouts/SwiftUI-Flow/Sources/Flow/VFlowLayout.swift (in target 'Flow' from project 'Flow')
    cd /Users/aadityasingh/Documents/Development/element-x-ios/Chatlio.xcodeproj
    

SwiftDriverJobDiscovery normal x86_64 Compiling BigString+UnicodeScalarView.swift, BigSubstring+UTF16View.swift, BigSubstring+UTF8View.swift, BigSubstring+UnicodeScalarView.swift, BigSubstring.swift, Rope+Builder.swift (in target '_RopeModule' from project 'swift-collections')

SwiftCompile normal arm64 Compiling\ LineBreaking.swift /Users/aadityasingh/Library/Developer/Xcode/DerivedData/Chatlio-erkyzdeecsohoaggpwbjdvavzqfv/SourcePackages/checkouts/SwiftUI-Flow/Sources/Flow/Internal/LineBreaking.swift (in target 'Flow' from project 'Flow')

SwiftCompile normal arm64 /Users/aadityasingh/Library/Developer/Xcode/DerivedData/Chatlio-erkyzdeecsohoaggpwbjdvavzqfv/SourcePackages/checkouts/SwiftUI-Flow/Sources/Flow/Internal/LineBreaking.swift (in target 'Flow' from project 'Flow')
    cd /Users/aadityasingh/Documents/Development/element-x-ios/Chatlio.xcodeproj
    

SwiftDriverJobDiscovery normal arm64 Compiling VFlow.swift (in target 'Flow' from project 'Flow')

SwiftCompile normal x86_64 Compiling\ HFlow.swift /Users/aadityasingh/Library/Developer/Xcode/DerivedData/Chatlio-erkyzdeecsohoaggpwbjdvavzqfv/SourcePackages/checkouts/SwiftUI-Flow/Sources/Flow/HFlow.swift (in target 'Flow' from project 'Flow')

SwiftCompile normal x86_64 /Users/aadityasingh/Library/Developer/Xcode/DerivedData/Chatlio-erkyzdeecsohoaggpwbjdvavzqfv/SourcePackages/checkouts/SwiftUI-Flow/Sources/Flow/HFlow.swift (in target 'Flow' from project 'Flow')
    cd /Users/aadityasingh/Documents/Development/element-x-ios/Chatlio.xcodeproj
    

SwiftDriverJobDiscovery normal arm64 Compiling BigString+RemoveSubrange.swift, BigString+ReplaceSubrange.swift, BigString+Split.swift, Range+BigString.swift, BigString+UTF16View.swift, BigString+UTF8View.swift (in target '_RopeModule' from project 'swift-collections')

SwiftCompile normal arm64 Compiling\ Support.swift /Users/aadityasingh/Library/Developer/Xcode/DerivedData/Chatlio-erkyzdeecsohoaggpwbjdvavzqfv/SourcePackages/checkouts/SwiftUI-Flow/Sources/Flow/Support.swift (in target 'Flow' from project 'Flow')

SwiftCompile normal arm64 /Users/aadityasingh/Library/Developer/Xcode/DerivedData/Chatlio-erkyzdeecsohoaggpwbjdvavzqfv/SourcePackages/checkouts/SwiftUI-Flow/Sources/Flow/Support.swift (in target 'Flow' from project 'Flow')
    cd /Users/aadityasingh/Documents/Development/element-x-ios/Chatlio.xcodeproj
    

SwiftDriverJobDiscovery normal arm64 Compiling BigString+Metrics.swift, BigString+Summary.swift, BigString.swift, BigString+Chunk+Append and Insert.swift, BigString+Chunk+Breaks.swift, BigString+Chunk+Counts.swift, BigString+Chunk+Description.swift (in target '_RopeModule' from project 'swift-collections')

SwiftCompile normal x86_64 Compiling\ Protocols.swift /Users/aadityasingh/Library/Developer/Xcode/DerivedData/Chatlio-erkyzdeecsohoaggpwbjdvavzqfv/SourcePackages/checkouts/SwiftUI-Flow/Sources/Flow/Internal/Protocols.swift (in target 'Flow' from project 'Flow')

SwiftCompile normal x86_64 /Users/aadityasingh/Library/Developer/Xcode/DerivedData/Chatlio-erkyzdeecsohoaggpwbjdvavzqfv/SourcePackages/checkouts/SwiftUI-Flow/Sources/Flow/Internal/Protocols.swift (in target 'Flow' from project 'Flow')
    cd /Users/aadityasingh/Documents/Development/element-x-ios/Chatlio.xcodeproj
    

SwiftDriverJobDiscovery normal x86_64 Compiling BigString+Builder.swift, BigString+Contents.swift, BigString+Debugging.swift, BigString+Index.swift, BigString+Ingester.swift, BigString+Invariants.swift, BigString+Iterators.swift (in target '_RopeModule' from project 'swift-collections')

SwiftDriverJobDiscovery normal arm64 Compiling VFlowLayout.swift (in target 'Flow' from project 'Flow')

SwiftCompile normal arm64 Compiling\ Utils.swift /Users/aadityasingh/Library/Developer/Xcode/DerivedData/Chatlio-erkyzdeecsohoaggpwbjdvavzqfv/SourcePackages/checkouts/SwiftUI-Flow/Sources/Flow/Internal/Utils.swift (in target 'Flow' from project 'Flow')

SwiftCompile normal arm64 /Users/aadityasingh/Library/Developer/Xcode/DerivedData/Chatlio-erkyzdeecsohoaggpwbjdvavzqfv/SourcePackages/checkouts/SwiftUI-Flow/Sources/Flow/Internal/Utils.swift (in target 'Flow' from project 'Flow')
    cd /Users/aadityasingh/Documents/Development/element-x-ios/Chatlio.xcodeproj
    

SwiftCompile normal x86_64 Compiling\ VFlow.swift /Users/aadityasingh/Library/Developer/Xcode/DerivedData/Chatlio-erkyzdeecsohoaggpwbjdvavzqfv/SourcePackages/checkouts/SwiftUI-Flow/Sources/Flow/VFlow.swift (in target 'Flow' from project 'Flow')

SwiftCompile normal x86_64 /Users/aadityasingh/Library/Developer/Xcode/DerivedData/Chatlio-erkyzdeecsohoaggpwbjdvavzqfv/SourcePackages/checkouts/SwiftUI-Flow/Sources/Flow/VFlow.swift (in target 'Flow' from project 'Flow')
    cd /Users/aadityasingh/Documents/Development/element-x-ios/Chatlio.xcodeproj
    

SwiftDriverJobDiscovery normal arm64 Compiling Rope+Find.swift, Rope+ForEachWhile.swift, Rope+Insert.swift, Rope+Join.swift, Rope+MutatingForEach.swift, Rope+Remove.swift (in target '_RopeModule' from project 'swift-collections')

SwiftCompile normal x86_64 Compiling\ Support.swift /Users/aadityasingh/Library/Developer/Xcode/DerivedData/Chatlio-erkyzdeecsohoaggpwbjdvavzqfv/SourcePackages/checkouts/SwiftUI-Flow/Sources/Flow/Support.swift (in target 'Flow' from project 'Flow')

SwiftCompile normal x86_64 /Users/aadityasingh/Library/Developer/Xcode/DerivedData/Chatlio-erkyzdeecsohoaggpwbjdvavzqfv/SourcePackages/checkouts/SwiftUI-Flow/Sources/Flow/Support.swift (in target 'Flow' from project 'Flow')
    cd /Users/aadityasingh/Documents/Development/element-x-ios/Chatlio.xcodeproj
    

SwiftDriverJobDiscovery normal arm64 Compiling HFlow.swift (in target 'Flow' from project 'Flow')

SwiftCompile normal arm64 Compiling\ HFlowLayout.swift /Users/aadityasingh/Library/Developer/Xcode/DerivedData/Chatlio-erkyzdeecsohoaggpwbjdvavzqfv/SourcePackages/checkouts/SwiftUI-Flow/Sources/Flow/HFlowLayout.swift (in target 'Flow' from project 'Flow')

SwiftCompile normal arm64 /Users/aadityasingh/Library/Developer/Xcode/DerivedData/Chatlio-erkyzdeecsohoaggpwbjdvavzqfv/SourcePackages/checkouts/SwiftUI-Flow/Sources/Flow/HFlowLayout.swift (in target 'Flow' from project 'Flow')
    cd /Users/aadityasingh/Documents/Development/element-x-ios/Chatlio.xcodeproj
    

SwiftDriverJobDiscovery normal x86_64 Compiling BigString+Chunk+Indexing by Characters.swift, BigString+Chunk+Indexing by UTF16.swift, BigString+Chunk+RopeElement.swift, BigString+Chunk+Splitting.swift, BigString+Chunk.swift, BigString+BidirectionalCollection.swift, BigString+Comparable.swift (in target '_RopeModule' from project 'swift-collections')

SwiftDriverJobDiscovery normal x86_64 Compiling HFlow.swift (in target 'Flow' from project 'Flow')

SwiftDriver\ Compilation _RopeModule normal x86_64 com.apple.xcode.tools.swift.compiler (in target '_RopeModule' from project 'swift-collections')
    cd /Users/aadityasingh/Documents/Development/element-x-ios/Chatlio.xcodeproj
    builtin-Swift-Compilation -- /Applications/Xcode.app/Contents/Developer/Toolchains/XcodeDefault.xctoolchain/usr/bin/swiftc -module-name _RopeModule -Onone @/Users/aadityasingh/Library/Developer/Xcode/DerivedData/Chatlio-erkyzdeecsohoaggpwbjdvavzqfv/Build/Intermediates.noindex/swift-collections.build/Debug-iphonesimulator/_RopeModule.build/Objects-normal/x86_64/_RopeModule.SwiftFileList -DSWIFT_PACKAGE -DDEBUG -DSWIFT_MODULE_RESOURCE_BUNDLE_UNAVAILABLE -DCOLLECTIONS_RANDOMIZED_TESTING -DXcode -enable-experimental-feature AvailabilityMacro\=SwiftStdlib\ 5.0:\ macOS\ 10.14.4,\ iOS\ 12.2,\ watchOS\ 5.2,\ tvOS\ 12.2 -enable-experimental-feature AvailabilityMacro\=SwiftStdlib\ 5.1:\ macOS\ 10.15,\ iOS\ 13.0,\ watchOS\ 6.0,\ tvOS\ 13.0 -enable-experimental-feature AvailabilityMacro\=SwiftStdlib\ 5.6:\ macOS\ 12.3,\ iOS\ 15.4,\ watchOS\ 8.5,\ tvOS\ 15.4 -enable-experimental-feature AvailabilityMacro\=SwiftStdlib\ 5.8:\ macOS\ 13.3,\ iOS\ 16.4,\ watchOS\ 9.4,\ tvOS\ 16.4 -enable-experimental-feature AvailabilityMacro\=SwiftStdlib\ 5.9:\ macOS\ 14.0,\ iOS\ 17.0,\ watchOS\ 10.0,\ tvOS\ 17.0 -enable-experimental-feature AvailabilityMacro\=SwiftStdlib\ 5.10:\ macOS\ 14.4,\ iOS\ 17.4,\ watchOS\ 10.4,\ tvOS\ 17.4,\ visionOS\ 1.1 -enable-experimental-feature AvailabilityMacro\=SwiftStdlib\ 6.0:\ macOS\ 15.0,\ iOS\ 18.0,\ watchOS\ 11.0,\ tvOS\ 18.0,\ visionOS\ 2.0 -enable-experimental-feature AvailabilityMacro\=SwiftStdlib\ 6.1:\ macOS\ 15.4,\ iOS\ 18.4,\ watchOS\ 11.4,\ tvOS\ 18.4,\ visionOS\ 2.4 -enable-experimental-feature AvailabilityMacro\=SwiftStdlib\ 6.2:\ macOS\ 26.0,\ iOS\ 26.0,\ watchOS\ 26.0,\ tvOS\ 26.0,\ visionOS\ 26.0 -enable-upcoming-feature MemberImportVisibility -enable-experimental-feature BuiltinModule -enable-experimental-feature Lifetimes -enable-experimental-feature InoutLifetimeDependence -enable-experimental-feature SuppressedAssociatedTypes -plugin-path /Applications/Xcode.app/Contents/Developer/Toolchains/XcodeDefault.xctoolchain/usr/lib/swift/host/plugins/testing -enable-experimental-feature DebugDescriptionMacro -sdk /Applications/Xcode.app/Contents/Developer/Platforms/iPhoneSimulator.platform/Developer/SDKs/iPhoneSimulator26.4.sdk -target x86_64-apple-ios12.0-simulator -g -module-cache-path /Users/aadityasingh/Library/Developer/Xcode/DerivedData/ModuleCache.noindex -Xfrontend -serialize-debugging-options -profile-coverage-mapping -profile-generate -enable-testing -suppress-warnings -index-store-path /Users/aadityasingh/Library/Developer/Xcode/DerivedData/Chatlio-erkyzdeecsohoaggpwbjdvavzqfv/Index.noindex/DataStore -Xcc -D_LIBCPP_HARDENING_MODE\=_LIBCPP_HARDENING_MODE_DEBUG -swift-version 5 -I /Users/aadityasingh/Library/Developer/Xcode/DerivedData/Chatlio-erkyzdeecsohoaggpwbjdvavzqfv/Build/Products/Debug-iphonesimulator -Isystem /Applications/Xcode.app/Contents/Developer/Platforms/iPhoneSimulator.platform/Developer/usr/lib -F /Users/aadityasingh/Library/Developer/Xcode/DerivedData/Chatlio-erkyzdeecsohoaggpwbjdvavzqfv/Build/Products/Debug-iphonesimulator/PackageFrameworks -F /Users/aadityasingh/Library/Developer/Xcode/DerivedData/Chatlio-erkyzdeecsohoaggpwbjdvavzqfv/Build/Products/Debug-iphonesimulator -F /Applications/Xcode.app/Contents/Developer/Platforms/iPhoneSimulator.platform/Developer/Library/Frameworks -F /Applications/Xcode.app/Contents/Developer/Platforms/iPhoneSimulator.platform/Developer/SDKs/iPhoneSimulator26.4.sdk/Developer/Library/Frameworks -c -j12 -enable-batch-mode -incremental -Xcc -ivfsstatcache -Xcc /Users/aadityasingh/Library/Developer/Xcode/DerivedData/SDKStatCaches.noindex/iphonesimulator26.4-23E252-686eebb5dc1d8ecb277353a59184f4aa.sdkstatcache -output-file-map /Users/aadityasingh/Library/Developer/Xcode/DerivedData/Chatlio-erkyzdeecsohoaggpwbjdvavzqfv/Build/Intermediates.noindex/swift-collections.build/Debug-iphonesimulator/_RopeModule.build/Objects-normal/x86_64/_RopeModule-OutputFileMap.json -use-frontend-parseable-output -save-temps -no-color-diagnostics -explicit-module-build -module-cache-path /Users/aadityasingh/Library/Developer/Xcode/DerivedData/Chatlio-erkyzdeecsohoaggpwbjdvavzqfv/Build/Intermediates.noindex/SwiftExplicitPrecompiledModules -clang-scanner-module-cache-path /Users/aadityasingh/Library/Developer/Xcode/DerivedData/ModuleCache.noindex -sdk-module-cache-path /Users/aadityasingh/Library/Developer/Xcode/DerivedData/ModuleCache.noindex -serialize-diagnostics -emit-dependencies -emit-module -emit-module-path /Users/aadityasingh/Library/Developer/Xcode/DerivedData/Chatlio-erkyzdeecsohoaggpwbjdvavzqfv/Build/Intermediates.noindex/swift-collections.build/Debug-iphonesimulator/_RopeModule.build/Objects-normal/x86_64/_RopeModule.swiftmodule -user-module-version 1.3.0 -validate-clang-modules-once -clang-build-session-file /Users/aadityasingh/Library/Developer/Xcode/DerivedData/ModuleCache.noindex/Session.modulevalidation -package-name swift_collections -Xcc -I/Users/aadityasingh/Library/Developer/Xcode/DerivedData/Chatlio-erkyzdeecsohoaggpwbjdvavzqfv/Build/Intermediates.noindex/swift-collections.build/Debug-iphonesimulator/_RopeModule.build/swift-overrides.hmap -emit-const-values -Xfrontend -const-gather-protocols-file -Xfrontend /Users/aadityasingh/Library/Developer/Xcode/DerivedData/Chatlio-erkyzdeecsohoaggpwbjdvavzqfv/Build/Intermediates.noindex/swift-collections.build/Debug-iphonesimulator/_RopeModule.build/Objects-normal/x86_64/_RopeModule_const_extract_protocols.json -Xcc -I/Users/aadityasingh/Library/Developer/Xcode/DerivedData/Chatlio-erkyzdeecsohoaggpwbjdvavzqfv/Build/Products/Debug-iphonesimulator/include -Xcc -I/Users/aadityasingh/Library/Developer/Xcode/DerivedData/Chatlio-erkyzdeecsohoaggpwbjdvavzqfv/Build/Intermediates.noindex/swift-collections.build/Debug-iphonesimulator/_RopeModule.build/DerivedSources-normal/x86_64 -Xcc -I/Users/aadityasingh/Library/Developer/Xcode/DerivedData/Chatlio-erkyzdeecsohoaggpwbjdvavzqfv/Build/Intermediates.noindex/swift-collections.build/Debug-iphonesimulator/_RopeModule.build/DerivedSources/x86_64 -Xcc -I/Users/aadityasingh/Library/Developer/Xcode/DerivedData/Chatlio-erkyzdeecsohoaggpwbjdvavzqfv/Build/Intermediates.noindex/swift-collections.build/Debug-iphonesimulator/_RopeModule.build/DerivedSources -Xcc -DSWIFT_PACKAGE -Xcc -DDEBUG\=1 -emit-objc-header -emit-objc-header-path /Users/aadityasingh/Library/Developer/Xcode/DerivedData/Chatlio-erkyzdeecsohoaggpwbjdvavzqfv/Build/Intermediates.noindex/swift-collections.build/Debug-iphonesimulator/_RopeModule.build/Objects-normal/x86_64/_RopeModule-Swift.h -working-directory /Users/aadityasingh/Documents/Development/element-x-ios/Chatlio.xcodeproj -experimental-emit-module-separately -disable-cmo

SwiftCompile normal x86_64 Compiling\ Utils.swift /Users/aadityasingh/Library/Developer/Xcode/DerivedData/Chatlio-erkyzdeecsohoaggpwbjdvavzqfv/SourcePackages/checkouts/SwiftUI-Flow/Sources/Flow/Internal/Utils.swift (in target 'Flow' from project 'Flow')

SwiftCompile normal x86_64 /Users/aadityasingh/Library/Developer/Xcode/DerivedData/Chatlio-erkyzdeecsohoaggpwbjdvavzqfv/SourcePackages/checkouts/SwiftUI-Flow/Sources/Flow/Internal/Utils.swift (in target 'Flow' from project 'Flow')
    cd /Users/aadityasingh/Documents/Development/element-x-ios/Chatlio.xcodeproj
    

SwiftCompile normal x86_64 Compiling\ Size.swift /Users/aadityasingh/Library/Developer/Xcode/DerivedData/Chatlio-erkyzdeecsohoaggpwbjdvavzqfv/SourcePackages/checkouts/SwiftUI-Flow/Sources/Flow/Internal/Size.swift (in target 'Flow' from project 'Flow')

SwiftCompile normal x86_64 /Users/aadityasingh/Library/Developer/Xcode/DerivedData/Chatlio-erkyzdeecsohoaggpwbjdvavzqfv/SourcePackages/checkouts/SwiftUI-Flow/Sources/Flow/Internal/Size.swift (in target 'Flow' from project 'Flow')
    cd /Users/aadityasingh/Documents/Development/element-x-ios/Chatlio.xcodeproj
    

SwiftDriverJobDiscovery normal arm64 Compiling Utils.swift (in target 'Flow' from project 'Flow')

SwiftCompile normal arm64 Compiling\ Layout.swift /Users/aadityasingh/Library/Developer/Xcode/DerivedData/Chatlio-erkyzdeecsohoaggpwbjdvavzqfv/SourcePackages/checkouts/SwiftUI-Flow/Sources/Flow/Internal/Layout.swift (in target 'Flow' from project 'Flow')

SwiftCompile normal arm64 /Users/aadityasingh/Library/Developer/Xcode/DerivedData/Chatlio-erkyzdeecsohoaggpwbjdvavzqfv/SourcePackages/checkouts/SwiftUI-Flow/Sources/Flow/Internal/Layout.swift (in target 'Flow' from project 'Flow')
    cd /Users/aadityasingh/Documents/Development/element-x-ios/Chatlio.xcodeproj
    

SwiftDriverJobDiscovery normal x86_64 Compiling Protocols.swift (in target 'Flow' from project 'Flow')

SwiftCompile normal x86_64 Compiling\ Layout.swift /Users/aadityasingh/Library/Developer/Xcode/DerivedData/Chatlio-erkyzdeecsohoaggpwbjdvavzqfv/SourcePackages/checkouts/SwiftUI-Flow/Sources/Flow/Internal/Layout.swift (in target 'Flow' from project 'Flow')

SwiftCompile normal x86_64 /Users/aadityasingh/Library/Developer/Xcode/DerivedData/Chatlio-erkyzdeecsohoaggpwbjdvavzqfv/SourcePackages/checkouts/SwiftUI-Flow/Sources/Flow/Internal/Layout.swift (in target 'Flow' from project 'Flow')
    cd /Users/aadityasingh/Documents/Development/element-x-ios/Chatlio.xcodeproj
    

SwiftDriverJobDiscovery normal arm64 Compiling Support.swift (in target 'Flow' from project 'Flow')

SwiftCompile normal arm64 Compiling\ Protocols.swift /Users/aadityasingh/Library/Developer/Xcode/DerivedData/Chatlio-erkyzdeecsohoaggpwbjdvavzqfv/SourcePackages/checkouts/SwiftUI-Flow/Sources/Flow/Internal/Protocols.swift (in target 'Flow' from project 'Flow')

SwiftCompile normal arm64 /Users/aadityasingh/Library/Developer/Xcode/DerivedData/Chatlio-erkyzdeecsohoaggpwbjdvavzqfv/SourcePackages/checkouts/SwiftUI-Flow/Sources/Flow/Internal/Protocols.swift (in target 'Flow' from project 'Flow')
    cd /Users/aadityasingh/Documents/Development/element-x-ios/Chatlio.xcodeproj
    

SwiftCompile normal x86_64 Compiling\ LineBreaking.swift /Users/aadityasingh/Library/Developer/Xcode/DerivedData/Chatlio-erkyzdeecsohoaggpwbjdvavzqfv/SourcePackages/checkouts/SwiftUI-Flow/Sources/Flow/Internal/LineBreaking.swift (in target 'Flow' from project 'Flow')

SwiftCompile normal x86_64 /Users/aadityasingh/Library/Developer/Xcode/DerivedData/Chatlio-erkyzdeecsohoaggpwbjdvavzqfv/SourcePackages/checkouts/SwiftUI-Flow/Sources/Flow/Internal/LineBreaking.swift (in target 'Flow' from project 'Flow')
    cd /Users/aadityasingh/Documents/Development/element-x-ios/Chatlio.xcodeproj
    

SwiftDriverJobDiscovery normal x86_64 Compiling VFlow.swift (in target 'Flow' from project 'Flow')

SwiftDriverJobDiscovery normal arm64 Compiling HFlowLayout.swift (in target 'Flow' from project 'Flow')

SwiftCompile normal x86_64 Compiling\ HFlowLayout.swift /Users/aadityasingh/Library/Developer/Xcode/DerivedData/Chatlio-erkyzdeecsohoaggpwbjdvavzqfv/SourcePackages/checkouts/SwiftUI-Flow/Sources/Flow/HFlowLayout.swift (in target 'Flow' from project 'Flow')

SwiftCompile normal x86_64 /Users/aadityasingh/Library/Developer/Xcode/DerivedData/Chatlio-erkyzdeecsohoaggpwbjdvavzqfv/SourcePackages/checkouts/SwiftUI-Flow/Sources/Flow/HFlowLayout.swift (in target 'Flow' from project 'Flow')
    cd /Users/aadityasingh/Documents/Development/element-x-ios/Chatlio.xcodeproj
    

SwiftDriverJobDiscovery normal x86_64 Compiling Utils.swift (in target 'Flow' from project 'Flow')

ProcessInfoPlistFile /Users/aadityasingh/Library/Developer/Xcode/DerivedData/Chatlio-erkyzdeecsohoaggpwbjdvavzqfv/Build/Products/Debug-iphonesimulator/Emojibase_Emojibase.bundle/Info.plist /Users/aadityasingh/Library/Developer/Xcode/DerivedData/Chatlio-erkyzdeecsohoaggpwbjdvavzqfv/Build/Intermediates.noindex/Emojibase.build/Debug-iphonesimulator/Emojibase_Emojibase.build/empty-Emojibase_Emojibase.plist (in target 'Emojibase_Emojibase' from project 'Emojibase')
    cd /Users/aadityasingh/Library/Developer/Xcode/DerivedData/Chatlio-erkyzdeecsohoaggpwbjdvavzqfv/SourcePackages/checkouts/emojibase-bindings
    builtin-infoPlistUtility /Users/aadityasingh/Library/Developer/Xcode/DerivedData/Chatlio-erkyzdeecsohoaggpwbjdvavzqfv/Build/Intermediates.noindex/Emojibase.build/Debug-iphonesimulator/Emojibase_Emojibase.build/empty-Emojibase_Emojibase.plist -producttype com.apple.product-type.bundle -expandbuildsettings -format binary -platform iphonesimulator -o /Users/aadityasingh/Library/Developer/Xcode/DerivedData/Chatlio-erkyzdeecsohoaggpwbjdvavzqfv/Build/Products/Debug-iphonesimulator/Emojibase_Emojibase.bundle/Info.plist

SwiftDriverJobDiscovery normal x86_64 Compiling Support.swift (in target 'Flow' from project 'Flow')

CpResource /Users/aadityasingh/Library/Developer/Xcode/DerivedData/Chatlio-erkyzdeecsohoaggpwbjdvavzqfv/Build/Products/Debug-iphonesimulator/Emojibase_Emojibase.bundle/emojibase.json /Users/aadityasingh/Library/Developer/Xcode/DerivedData/Chatlio-erkyzdeecsohoaggpwbjdvavzqfv/SourcePackages/checkouts/emojibase-bindings/platforms/ios/Emojibase/Resources/emojibase.json (in target 'Emojibase_Emojibase' from project 'Emojibase')
    cd /Users/aadityasingh/Library/Developer/Xcode/DerivedData/Chatlio-erkyzdeecsohoaggpwbjdvavzqfv/SourcePackages/checkouts/emojibase-bindings
    builtin-copy -exclude .DS_Store -exclude CVS -exclude .svn -exclude .git -exclude .hg -resolve-src-symlinks /Users/aadityasingh/Library/Developer/Xcode/DerivedData/Chatlio-erkyzdeecsohoaggpwbjdvavzqfv/SourcePackages/checkouts/emojibase-bindings/platforms/ios/Emojibase/Resources/emojibase.json /Users/aadityasingh/Library/Developer/Xcode/DerivedData/Chatlio-erkyzdeecsohoaggpwbjdvavzqfv/Build/Products/Debug-iphonesimulator/Emojibase_Emojibase.bundle

SwiftDriverJobDiscovery normal arm64 Compiling BigString+UnicodeScalarView.swift, BigSubstring+UTF16View.swift, BigSubstring+UTF8View.swift, BigSubstring+UnicodeScalarView.swift, BigSubstring.swift, Rope+Builder.swift (in target '_RopeModule' from project 'swift-collections')

SwiftCompile normal arm64 Compiling\ Models.swift /Users/aadityasingh/Library/Developer/Xcode/DerivedData/Chatlio-erkyzdeecsohoaggpwbjdvavzqfv/SourcePackages/checkouts/emojibase-bindings/platforms/ios/Emojibase/Models.swift (in target 'Emojibase' from project 'Emojibase')

SwiftCompile normal arm64 /Users/aadityasingh/Library/Developer/Xcode/DerivedData/Chatlio-erkyzdeecsohoaggpwbjdvavzqfv/SourcePackages/checkouts/emojibase-bindings/platforms/ios/Emojibase/Models.swift (in target 'Emojibase' from project 'Emojibase')
    cd /Users/aadityasingh/Documents/Development/element-x-ios/Chatlio.xcodeproj
    

SwiftCompile normal x86_64 Compiling\ EmojibaseDatasource.swift /Users/aadityasingh/Library/Developer/Xcode/DerivedData/Chatlio-erkyzdeecsohoaggpwbjdvavzqfv/SourcePackages/checkouts/emojibase-bindings/platforms/ios/Emojibase/EmojibaseDatasource.swift (in target 'Emojibase' from project 'Emojibase')

SwiftCompile normal x86_64 /Users/aadityasingh/Library/Developer/Xcode/DerivedData/Chatlio-erkyzdeecsohoaggpwbjdvavzqfv/SourcePackages/checkouts/emojibase-bindings/platforms/ios/Emojibase/EmojibaseDatasource.swift (in target 'Emojibase' from project 'Emojibase')
    cd /Users/aadityasingh/Documents/Development/element-x-ios/Chatlio.xcodeproj
    

SwiftCompile normal arm64 Compiling\ EmojibaseDatasource.swift /Users/aadityasingh/Library/Developer/Xcode/DerivedData/Chatlio-erkyzdeecsohoaggpwbjdvavzqfv/SourcePackages/checkouts/emojibase-bindings/platforms/ios/Emojibase/EmojibaseDatasource.swift (in target 'Emojibase' from project 'Emojibase')

SwiftCompile normal arm64 /Users/aadityasingh/Library/Developer/Xcode/DerivedData/Chatlio-erkyzdeecsohoaggpwbjdvavzqfv/SourcePackages/checkouts/emojibase-bindings/platforms/ios/Emojibase/EmojibaseDatasource.swift (in target 'Emojibase' from project 'Emojibase')
    cd /Users/aadityasingh/Documents/Development/element-x-ios/Chatlio.xcodeproj
    

SwiftCompile normal x86_64 Compiling\ Models.swift /Users/aadityasingh/Library/Developer/Xcode/DerivedData/Chatlio-erkyzdeecsohoaggpwbjdvavzqfv/SourcePackages/checkouts/emojibase-bindings/platforms/ios/Emojibase/Models.swift (in target 'Emojibase' from project 'Emojibase')

SwiftCompile normal x86_64 /Users/aadityasingh/Library/Developer/Xcode/DerivedData/Chatlio-erkyzdeecsohoaggpwbjdvavzqfv/SourcePackages/checkouts/emojibase-bindings/platforms/ios/Emojibase/Models.swift (in target 'Emojibase' from project 'Emojibase')
    cd /Users/aadityasingh/Documents/Development/element-x-ios/Chatlio.xcodeproj
    

SwiftDriverJobDiscovery normal arm64 Compiling LineBreaking.swift (in target 'Flow' from project 'Flow')

SwiftDriverJobDiscovery normal x86_64 Compiling Size.swift (in target 'Flow' from project 'Flow')

SwiftCompile normal arm64 Compiling\ resource_bundle_accessor.swift /Users/aadityasingh/Library/Developer/Xcode/DerivedData/Chatlio-erkyzdeecsohoaggpwbjdvavzqfv/Build/Intermediates.noindex/Emojibase.build/Debug-iphonesimulator/Emojibase.build/DerivedSources/resource_bundle_accessor.swift (in target 'Emojibase' from project 'Emojibase')

SwiftCompile normal arm64 /Users/aadityasingh/Library/Developer/Xcode/DerivedData/Chatlio-erkyzdeecsohoaggpwbjdvavzqfv/Build/Intermediates.noindex/Emojibase.build/Debug-iphonesimulator/Emojibase.build/DerivedSources/resource_bundle_accessor.swift (in target 'Emojibase' from project 'Emojibase')
    cd /Users/aadityasingh/Documents/Development/element-x-ios/Chatlio.xcodeproj
    

SwiftDriverJobDiscovery normal arm64 Compiling BigString+Builder.swift, BigString+Contents.swift, BigString+Debugging.swift, BigString+Index.swift, BigString+Ingester.swift, BigString+Invariants.swift, BigString+Iterators.swift (in target '_RopeModule' from project 'swift-collections')

SwiftDriverJobDiscovery normal arm64 Compiling Protocols.swift (in target 'Flow' from project 'Flow')

SwiftDriver\ Compilation _RopeModule normal arm64 com.apple.xcode.tools.swift.compiler (in target '_RopeModule' from project 'swift-collections')
    cd /Users/aadityasingh/Documents/Development/element-x-ios/Chatlio.xcodeproj
    builtin-Swift-Compilation -- /Applications/Xcode.app/Contents/Developer/Toolchains/XcodeDefault.xctoolchain/usr/bin/swiftc -module-name _RopeModule -Onone @/Users/aadityasingh/Library/Developer/Xcode/DerivedData/Chatlio-erkyzdeecsohoaggpwbjdvavzqfv/Build/Intermediates.noindex/swift-collections.build/Debug-iphonesimulator/_RopeModule.build/Objects-normal/arm64/_RopeModule.SwiftFileList -DSWIFT_PACKAGE -DDEBUG -DSWIFT_MODULE_RESOURCE_BUNDLE_UNAVAILABLE -DCOLLECTIONS_RANDOMIZED_TESTING -DXcode -enable-experimental-feature AvailabilityMacro\=SwiftStdlib\ 5.0:\ macOS\ 10.14.4,\ iOS\ 12.2,\ watchOS\ 5.2,\ tvOS\ 12.2 -enable-experimental-feature AvailabilityMacro\=SwiftStdlib\ 5.1:\ macOS\ 10.15,\ iOS\ 13.0,\ watchOS\ 6.0,\ tvOS\ 13.0 -enable-experimental-feature AvailabilityMacro\=SwiftStdlib\ 5.6:\ macOS\ 12.3,\ iOS\ 15.4,\ watchOS\ 8.5,\ tvOS\ 15.4 -enable-experimental-feature AvailabilityMacro\=SwiftStdlib\ 5.8:\ macOS\ 13.3,\ iOS\ 16.4,\ watchOS\ 9.4,\ tvOS\ 16.4 -enable-experimental-feature AvailabilityMacro\=SwiftStdlib\ 5.9:\ macOS\ 14.0,\ iOS\ 17.0,\ watchOS\ 10.0,\ tvOS\ 17.0 -enable-experimental-feature AvailabilityMacro\=SwiftStdlib\ 5.10:\ macOS\ 14.4,\ iOS\ 17.4,\ watchOS\ 10.4,\ tvOS\ 17.4,\ visionOS\ 1.1 -enable-experimental-feature AvailabilityMacro\=SwiftStdlib\ 6.0:\ macOS\ 15.0,\ iOS\ 18.0,\ watchOS\ 11.0,\ tvOS\ 18.0,\ visionOS\ 2.0 -enable-experimental-feature AvailabilityMacro\=SwiftStdlib\ 6.1:\ macOS\ 15.4,\ iOS\ 18.4,\ watchOS\ 11.4,\ tvOS\ 18.4,\ visionOS\ 2.4 -enable-experimental-feature AvailabilityMacro\=SwiftStdlib\ 6.2:\ macOS\ 26.0,\ iOS\ 26.0,\ watchOS\ 26.0,\ tvOS\ 26.0,\ visionOS\ 26.0 -enable-upcoming-feature MemberImportVisibility -enable-experimental-feature BuiltinModule -enable-experimental-feature Lifetimes -enable-experimental-feature InoutLifetimeDependence -enable-experimental-feature SuppressedAssociatedTypes -plugin-path /Applications/Xcode.app/Contents/Developer/Toolchains/XcodeDefault.xctoolchain/usr/lib/swift/host/plugins/testing -enable-experimental-feature DebugDescriptionMacro -sdk /Applications/Xcode.app/Contents/Developer/Platforms/iPhoneSimulator.platform/Developer/SDKs/iPhoneSimulator26.4.sdk -target arm64-apple-ios12.0-simulator -g -module-cache-path /Users/aadityasingh/Library/Developer/Xcode/DerivedData/ModuleCache.noindex -Xfrontend -serialize-debugging-options -profile-coverage-mapping -profile-generate -enable-testing -suppress-warnings -index-store-path /Users/aadityasingh/Library/Developer/Xcode/DerivedData/Chatlio-erkyzdeecsohoaggpwbjdvavzqfv/Index.noindex/DataStore -Xcc -D_LIBCPP_HARDENING_MODE\=_LIBCPP_HARDENING_MODE_DEBUG -swift-version 5 -I /Users/aadityasingh/Library/Developer/Xcode/DerivedData/Chatlio-erkyzdeecsohoaggpwbjdvavzqfv/Build/Products/Debug-iphonesimulator -Isystem /Applications/Xcode.app/Contents/Developer/Platforms/iPhoneSimulator.platform/Developer/usr/lib -F /Users/aadityasingh/Library/Developer/Xcode/DerivedData/Chatlio-erkyzdeecsohoaggpwbjdvavzqfv/Build/Products/Debug-iphonesimulator/PackageFrameworks -F /Users/aadityasingh/Library/Developer/Xcode/DerivedData/Chatlio-erkyzdeecsohoaggpwbjdvavzqfv/Build/Products/Debug-iphonesimulator -F /Applications/Xcode.app/Contents/Developer/Platforms/iPhoneSimulator.platform/Developer/Library/Frameworks -F /Applications/Xcode.app/Contents/Developer/Platforms/iPhoneSimulator.platform/Developer/SDKs/iPhoneSimulator26.4.sdk/Developer/Library/Frameworks -c -j12 -enable-batch-mode -incremental -Xcc -ivfsstatcache -Xcc /Users/aadityasingh/Library/Developer/Xcode/DerivedData/SDKStatCaches.noindex/iphonesimulator26.4-23E252-686eebb5dc1d8ecb277353a59184f4aa.sdkstatcache -output-file-map /Users/aadityasingh/Library/Developer/Xcode/DerivedData/Chatlio-erkyzdeecsohoaggpwbjdvavzqfv/Build/Intermediates.noindex/swift-collections.build/Debug-iphonesimulator/_RopeModule.build/Objects-normal/arm64/_RopeModule-OutputFileMap.json -use-frontend-parseable-output -save-temps -no-color-diagnostics -explicit-module-build -module-cache-path /Users/aadityasingh/Library/Developer/Xcode/DerivedData/Chatlio-erkyzdeecsohoaggpwbjdvavzqfv/Build/Intermediates.noindex/SwiftExplicitPrecompiledModules -clang-scanner-module-cache-path /Users/aadityasingh/Library/Developer/Xcode/DerivedData/ModuleCache.noindex -sdk-module-cache-path /Users/aadityasingh/Library/Developer/Xcode/DerivedData/ModuleCache.noindex -serialize-diagnostics -emit-dependencies -emit-module -emit-module-path /Users/aadityasingh/Library/Developer/Xcode/DerivedData/Chatlio-erkyzdeecsohoaggpwbjdvavzqfv/Build/Intermediates.noindex/swift-collections.build/Debug-iphonesimulator/_RopeModule.build/Objects-normal/arm64/_RopeModule.swiftmodule -user-module-version 1.3.0 -validate-clang-modules-once -clang-build-session-file /Users/aadityasingh/Library/Developer/Xcode/DerivedData/ModuleCache.noindex/Session.modulevalidation -package-name swift_collections -Xcc -I/Users/aadityasingh/Library/Developer/Xcode/DerivedData/Chatlio-erkyzdeecsohoaggpwbjdvavzqfv/Build/Intermediates.noindex/swift-collections.build/Debug-iphonesimulator/_RopeModule.build/swift-overrides.hmap -emit-const-values -Xfrontend -const-gather-protocols-file -Xfrontend /Users/aadityasingh/Library/Developer/Xcode/DerivedData/Chatlio-erkyzdeecsohoaggpwbjdvavzqfv/Build/Intermediates.noindex/swift-collections.build/Debug-iphonesimulator/_RopeModule.build/Objects-normal/arm64/_RopeModule_const_extract_protocols.json -Xcc -I/Users/aadityasingh/Library/Developer/Xcode/DerivedData/Chatlio-erkyzdeecsohoaggpwbjdvavzqfv/Build/Products/Debug-iphonesimulator/include -Xcc -I/Users/aadityasingh/Library/Developer/Xcode/DerivedData/Chatlio-erkyzdeecsohoaggpwbjdvavzqfv/Build/Intermediates.noindex/swift-collections.build/Debug-iphonesimulator/_RopeModule.build/DerivedSources-normal/arm64 -Xcc -I/Users/aadityasingh/Library/Developer/Xcode/DerivedData/Chatlio-erkyzdeecsohoaggpwbjdvavzqfv/Build/Intermediates.noindex/swift-collections.build/Debug-iphonesimulator/_RopeModule.build/DerivedSources/arm64 -Xcc -I/Users/aadityasingh/Library/Developer/Xcode/DerivedData/Chatlio-erkyzdeecsohoaggpwbjdvavzqfv/Build/Intermediates.noindex/swift-collections.build/Debug-iphonesimulator/_RopeModule.build/DerivedSources -Xcc -DSWIFT_PACKAGE -Xcc -DDEBUG\=1 -emit-objc-header -emit-objc-header-path /Users/aadityasingh/Library/Developer/Xcode/DerivedData/Chatlio-erkyzdeecsohoaggpwbjdvavzqfv/Build/Intermediates.noindex/swift-collections.build/Debug-iphonesimulator/_RopeModule.build/Objects-normal/arm64/_RopeModule-Swift.h -working-directory /Users/aadityasingh/Documents/Development/element-x-ios/Chatlio.xcodeproj -experimental-emit-module-separately -disable-cmo

SwiftCompile normal x86_64 Compiling\ resource_bundle_accessor.swift /Users/aadityasingh/Library/Developer/Xcode/DerivedData/Chatlio-erkyzdeecsohoaggpwbjdvavzqfv/Build/Intermediates.noindex/Emojibase.build/Debug-iphonesimulator/Emojibase.build/DerivedSources/resource_bundle_accessor.swift (in target 'Emojibase' from project 'Emojibase')

SwiftCompile normal x86_64 /Users/aadityasingh/Library/Developer/Xcode/DerivedData/Chatlio-erkyzdeecsohoaggpwbjdvavzqfv/Build/Intermediates.noindex/Emojibase.build/Debug-iphonesimulator/Emojibase.build/DerivedSources/resource_bundle_accessor.swift (in target 'Emojibase' from project 'Emojibase')
    cd /Users/aadityasingh/Documents/Development/element-x-ios/Chatlio.xcodeproj
    

SwiftDriverJobDiscovery normal arm64 Compiling EmojibaseDatasource.swift (in target 'Emojibase' from project 'Emojibase')

ExtractAppIntentsMetadata (in target 'KZFileWatchers' from project 'KZFileWatchers')
    cd /Users/aadityasingh/Library/Developer/Xcode/DerivedData/Chatlio-erkyzdeecsohoaggpwbjdvavzqfv/SourcePackages/checkouts/KZFileWatchers
    /Applications/Xcode.app/Contents/Developer/Toolchains/XcodeDefault.xctoolchain/usr/bin/appintentsmetadataprocessor --toolchain-dir /Applications/Xcode.app/Contents/Developer/Toolchains/XcodeDefault.xctoolchain --module-name KZFileWatchers --sdk-root /Applications/Xcode.app/Contents/Developer/Platforms/iPhoneSimulator.platform/Developer/SDKs/iPhoneSimulator26.4.sdk --xcode-version 17E202 --platform-family iOS --deployment-target 12.0 --bundle-identifier kzfilewatchers.KZFileWatchers --output /Users/aadityasingh/Library/Developer/Xcode/DerivedData/Chatlio-erkyzdeecsohoaggpwbjdvavzqfv/Build/Products/Debug-iphonesimulator/KZFileWatchers.appintents --target-triple arm64-apple-ios12.0-simulator --target-triple x86_64-apple-ios12.0-simulator --binary-file /Users/aadityasingh/Library/Developer/Xcode/DerivedData/Chatlio-erkyzdeecsohoaggpwbjdvavzqfv/Build/Products/Debug-iphonesimulator/KZFileWatchers.o --dependency-file /Users/aadityasingh/Library/Developer/Xcode/DerivedData/Chatlio-erkyzdeecsohoaggpwbjdvavzqfv/Build/Intermediates.noindex/KZFileWatchers.build/Debug-iphonesimulator/KZFileWatchers.build/Objects-normal/arm64/KZFileWatchers_dependency_info.dat --dependency-file /Users/aadityasingh/Library/Developer/Xcode/DerivedData/Chatlio-erkyzdeecsohoaggpwbjdvavzqfv/Build/Intermediates.noindex/KZFileWatchers.build/Debug-iphonesimulator/KZFileWatchers.build/Objects-normal/x86_64/KZFileWatchers_dependency_info.dat --stringsdata-file /Users/aadityasingh/Library/Developer/Xcode/DerivedData/Chatlio-erkyzdeecsohoaggpwbjdvavzqfv/Build/Intermediates.noindex/KZFileWatchers.build/Debug-iphonesimulator/KZFileWatchers.build/Objects-normal/arm64/ExtractedAppShortcutsMetadata.stringsdata --stringsdata-file /Users/aadityasingh/Library/Developer/Xcode/DerivedData/Chatlio-erkyzdeecsohoaggpwbjdvavzqfv/Build/Intermediates.noindex/KZFileWatchers.build/Debug-iphonesimulator/KZFileWatchers.build/Objects-normal/x86_64/ExtractedAppShortcutsMetadata.stringsdata --source-file-list /Users/aadityasingh/Library/Developer/Xcode/DerivedData/Chatlio-erkyzdeecsohoaggpwbjdvavzqfv/Build/Intermediates.noindex/KZFileWatchers.build/Debug-iphonesimulator/KZFileWatchers.build/Objects-normal/arm64/KZFileWatchers.SwiftFileList --source-file-list /Users/aadityasingh/Library/Developer/Xcode/DerivedData/Chatlio-erkyzdeecsohoaggpwbjdvavzqfv/Build/Intermediates.noindex/KZFileWatchers.build/Debug-iphonesimulator/KZFileWatchers.build/Objects-normal/x86_64/KZFileWatchers.SwiftFileList --metadata-file-list /Users/aadityasingh/Library/Developer/Xcode/DerivedData/Chatlio-erkyzdeecsohoaggpwbjdvavzqfv/Build/Intermediates.noindex/KZFileWatchers.build/Debug-iphonesimulator/KZFileWatchers.build/KZFileWatchers.DependencyMetadataFileList --static-metadata-file-list /Users/aadityasingh/Library/Developer/Xcode/DerivedData/Chatlio-erkyzdeecsohoaggpwbjdvavzqfv/Build/Intermediates.noindex/KZFileWatchers.build/Debug-iphonesimulator/KZFileWatchers.build/KZFileWatchers.DependencyStaticMetadataFileList --swift-const-vals-list /Users/aadityasingh/Library/Developer/Xcode/DerivedData/Chatlio-erkyzdeecsohoaggpwbjdvavzqfv/Build/Intermediates.noindex/KZFileWatchers.build/Debug-iphonesimulator/KZFileWatchers.build/Objects-normal/arm64/KZFileWatchers.SwiftConstValuesFileList --swift-const-vals-list /Users/aadityasingh/Library/Developer/Xcode/DerivedData/Chatlio-erkyzdeecsohoaggpwbjdvavzqfv/Build/Intermediates.noindex/KZFileWatchers.build/Debug-iphonesimulator/KZFileWatchers.build/Objects-normal/x86_64/KZFileWatchers.SwiftConstValuesFileList --force --compile-time-extraction --deployment-aware-processing --validate-assistant-intents --no-app-shortcuts-localization
2026-05-11 23:03:36.758 appintentsmetadataprocessor[19641:2635542] Starting appintentsmetadataprocessor export
2026-05-11 23:03:36.770 appintentsmetadataprocessor[19641:2635542] Extracted no relevant App Intents symbols, skipping writing output

ExtractAppIntentsMetadata (in target 'InternalCollectionsUtilities' from project 'swift-collections')
    cd /Users/aadityasingh/Library/Developer/Xcode/DerivedData/Chatlio-erkyzdeecsohoaggpwbjdvavzqfv/SourcePackages/checkouts/swift-collections
    /Applications/Xcode.app/Contents/Developer/Toolchains/XcodeDefault.xctoolchain/usr/bin/appintentsmetadataprocessor --toolchain-dir /Applications/Xcode.app/Contents/Developer/Toolchains/XcodeDefault.xctoolchain --module-name InternalCollectionsUtilities --sdk-root /Applications/Xcode.app/Contents/Developer/Platforms/iPhoneSimulator.platform/Developer/SDKs/iPhoneSimulator26.4.sdk --xcode-version 17E202 --platform-family iOS --deployment-target 12.0 --bundle-identifier swift-collections.InternalCollectionsUtilities --output /Users/aadityasingh/Library/Developer/Xcode/DerivedData/Chatlio-erkyzdeecsohoaggpwbjdvavzqfv/Build/Products/Debug-iphonesimulator/InternalCollectionsUtilities.appintents --target-triple arm64-apple-ios12.0-simulator --target-triple x86_64-apple-ios12.0-simulator --binary-file /Users/aadityasingh/Library/Developer/Xcode/DerivedData/Chatlio-erkyzdeecsohoaggpwbjdvavzqfv/Build/Products/Debug-iphonesimulator/InternalCollectionsUtilities.o --dependency-file /Users/aadityasingh/Library/Developer/Xcode/DerivedData/Chatlio-erkyzdeecsohoaggpwbjdvavzqfv/Build/Intermediates.noindex/swift-collections.build/Debug-iphonesimulator/InternalCollectionsUtilities.build/Objects-normal/arm64/InternalCollectionsUtilities_dependency_info.dat --dependency-file /Users/aadityasingh/Library/Developer/Xcode/DerivedData/Chatlio-erkyzdeecsohoaggpwbjdvavzqfv/Build/Intermediates.noindex/swift-collections.build/Debug-iphonesimulator/InternalCollectionsUtilities.build/Objects-normal/x86_64/InternalCollectionsUtilities_dependency_info.dat --stringsdata-file /Users/aadityasingh/Library/Developer/Xcode/DerivedData/Chatlio-erkyzdeecsohoaggpwbjdvavzqfv/Build/Intermediates.noindex/swift-collections.build/Debug-iphonesimulator/InternalCollectionsUtilities.build/Objects-normal/arm64/ExtractedAppShortcutsMetadata.stringsdata --stringsdata-file /Users/aadityasingh/Library/Developer/Xcode/DerivedData/Chatlio-erkyzdeecsohoaggpwbjdvavzqfv/Build/Intermediates.noindex/swift-collections.build/Debug-iphonesimulator/InternalCollectionsUtilities.build/Objects-normal/x86_64/ExtractedAppShortcutsMetadata.stringsdata --source-file-list /Users/aadityasingh/Library/Developer/Xcode/DerivedData/Chatlio-erkyzdeecsohoaggpwbjdvavzqfv/Build/Intermediates.noindex/swift-collections.build/Debug-iphonesimulator/InternalCollectionsUtilities.build/Objects-normal/arm64/InternalCollectionsUtilities.SwiftFileList --source-file-list /Users/aadityasingh/Library/Developer/Xcode/DerivedData/Chatlio-erkyzdeecsohoaggpwbjdvavzqfv/Build/Intermediates.noindex/swift-collections.build/Debug-iphonesimulator/InternalCollectionsUtilities.build/Objects-normal/x86_64/InternalCollectionsUtilities.SwiftFileList --metadata-file-list /Users/aadityasingh/Library/Developer/Xcode/DerivedData/Chatlio-erkyzdeecsohoaggpwbjdvavzqfv/Build/Intermediates.noindex/swift-collections.build/Debug-iphonesimulator/InternalCollectionsUtilities.build/InternalCollectionsUtilities.DependencyMetadataFileList --static-metadata-file-list /Users/aadityasingh/Library/Developer/Xcode/DerivedData/Chatlio-erkyzdeecsohoaggpwbjdvavzqfv/Build/Intermediates.noindex/swift-collections.build/Debug-iphonesimulator/InternalCollectionsUtilities.build/InternalCollectionsUtilities.DependencyStaticMetadataFileList --swift-const-vals-list /Users/aadityasingh/Library/Developer/Xcode/DerivedData/Chatlio-erkyzdeecsohoaggpwbjdvavzqfv/Build/Intermediates.noindex/swift-collections.build/Debug-iphonesimulator/InternalCollectionsUtilities.build/Objects-normal/arm64/InternalCollectionsUtilities.SwiftConstValuesFileList --swift-const-vals-list /Users/aadityasingh/Library/Developer/Xcode/DerivedData/Chatlio-erkyzdeecsohoaggpwbjdvavzqfv/Build/Intermediates.noindex/swift-collections.build/Debug-iphonesimulator/InternalCollectionsUtilities.build/Objects-normal/x86_64/InternalCollectionsUtilities.SwiftConstValuesFileList --force --compile-time-extraction --deployment-aware-processing --validate-assistant-intents --no-app-shortcuts-localization
2026-05-11 23:03:36.758 appintentsmetadataprocessor[19642:2635543] Starting appintentsmetadataprocessor export
2026-05-11 23:03:36.771 appintentsmetadataprocessor[19642:2635543] Extracted no relevant App Intents symbols, skipping writing output

SwiftDriverJobDiscovery normal x86_64 Compiling EmojibaseDatasource.swift (in target 'Emojibase' from project 'Emojibase')

SwiftDriver EmbeddedElementCall normal arm64 com.apple.xcode.tools.swift.compiler (in target 'EmbeddedElementCall' from project 'EmbeddedElementCall')
    cd /Users/aadityasingh/Documents/Development/element-x-ios/Chatlio.xcodeproj
    builtin-SwiftDriver -- /Applications/Xcode.app/Contents/Developer/Toolchains/XcodeDefault.xctoolchain/usr/bin/swiftc -module-name EmbeddedElementCall -Onone @/Users/aadityasingh/Library/Developer/Xcode/DerivedData/Chatlio-erkyzdeecsohoaggpwbjdvavzqfv/Build/Intermediates.noindex/EmbeddedElementCall.build/Debug-iphonesimulator/EmbeddedElementCall.build/Objects-normal/arm64/EmbeddedElementCall.SwiftFileList -DSWIFT_PACKAGE -DDEBUG -DSWIFT_MODULE_RESOURCE_BUNDLE_AVAILABLE -DXcode -plugin-path /Applications/Xcode.app/Contents/Developer/Toolchains/XcodeDefault.xctoolchain/usr/lib/swift/host/plugins/testing -enable-experimental-feature DebugDescriptionMacro -sdk /Applications/Xcode.app/Contents/Developer/Platforms/iPhoneSimulator.platform/Developer/SDKs/iPhoneSimulator26.4.sdk -target arm64-apple-ios17.0-simulator -g -module-cache-path /Users/aadityasingh/Library/Developer/Xcode/DerivedData/ModuleCache.noindex -Xfrontend -serialize-debugging-options -profile-coverage-mapping -profile-generate -enable-testing -suppress-warnings -index-store-path /Users/aadityasingh/Library/Developer/Xcode/DerivedData/Chatlio-erkyzdeecsohoaggpwbjdvavzqfv/Index.noindex/DataStore -Xcc -D_LIBCPP_HARDENING_MODE\=_LIBCPP_HARDENING_MODE_DEBUG -swift-version 6 -I /Users/aadityasingh/Library/Developer/Xcode/DerivedData/Chatlio-erkyzdeecsohoaggpwbjdvavzqfv/Build/Products/Debug-iphonesimulator -Isystem /Applications/Xcode.app/Contents/Developer/Platforms/iPhoneSimulator.platform/Developer/usr/lib -F /Users/aadityasingh/Library/Developer/Xcode/DerivedData/Chatlio-erkyzdeecsohoaggpwbjdvavzqfv/Build/Products/Debug-iphonesimulator -F /Applications/Xcode.app/Contents/Developer/Platforms/iPhoneSimulator.platform/Developer/Library/Frameworks -F /Applications/Xcode.app/Contents/Developer/Platforms/iPhoneSimulator.platform/Developer/SDKs/iPhoneSimulator26.4.sdk/Developer/Library/Frameworks -c -j12 -enable-batch-mode -incremental -Xcc -ivfsstatcache -Xcc /Users/aadityasingh/Library/Developer/Xcode/DerivedData/SDKStatCaches.noindex/iphonesimulator26.4-23E252-686eebb5dc1d8ecb277353a59184f4aa.sdkstatcache -output-file-map /Users/aadityasingh/Library/Developer/Xcode/DerivedData/Chatlio-erkyzdeecsohoaggpwbjdvavzqfv/Build/Intermediates.noindex/EmbeddedElementCall.build/Debug-iphonesimulator/EmbeddedElementCall.build/Objects-normal/arm64/EmbeddedElementCall-OutputFileMap.json -use-frontend-parseable-output -save-temps -no-color-diagnostics -explicit-module-build -module-cache-path /Users/aadityasingh/Library/Developer/Xcode/DerivedData/Chatlio-erkyzdeecsohoaggpwbjdvavzqfv/Build/Intermediates.noindex/SwiftExplicitPrecompiledModules -clang-scanner-module-cache-path /Users/aadityasingh/Library/Developer/Xcode/DerivedData/ModuleCache.noindex -sdk-module-cache-path /Users/aadityasingh/Library/Developer/Xcode/DerivedData/ModuleCache.noindex -serialize-diagnostics -emit-dependencies -emit-module -emit-module-path /Users/aadityasingh/Library/Developer/Xcode/DerivedData/Chatlio-erkyzdeecsohoaggpwbjdvavzqfv/Build/Intermediates.noindex/EmbeddedElementCall.build/Debug-iphonesimulator/EmbeddedElementCall.build/Objects-normal/arm64/EmbeddedElementCall.swiftmodule -user-module-version 0.17.0 -validate-clang-modules-once -clang-build-session-file /Users/aadityasingh/Library/Developer/Xcode/DerivedData/ModuleCache.noindex/Session.modulevalidation -package-name element_call_swift -Xcc -I/Users/aadityasingh/Library/Developer/Xcode/DerivedData/Chatlio-erkyzdeecsohoaggpwbjdvavzqfv/Build/Intermediates.noindex/EmbeddedElementCall.build/Debug-iphonesimulator/EmbeddedElementCall.build/swift-overrides.hmap -emit-const-values -Xfrontend -const-gather-protocols-file -Xfrontend /Users/aadityasingh/Library/Developer/Xcode/DerivedData/Chatlio-erkyzdeecsohoaggpwbjdvavzqfv/Build/Intermediates.noindex/EmbeddedElementCall.build/Debug-iphonesimulator/EmbeddedElementCall.build/Objects-normal/arm64/EmbeddedElementCall_const_extract_protocols.json -Xcc -I/Users/aadityasingh/Library/Developer/Xcode/DerivedData/Chatlio-erkyzdeecsohoaggpwbjdvavzqfv/Build/Products/Debug-iphonesimulator/include -Xcc -I/Users/aadityasingh/Library/Developer/Xcode/DerivedData/Chatlio-erkyzdeecsohoaggpwbjdvavzqfv/Build/Intermediates.noindex/EmbeddedElementCall.build/Debug-iphonesimulator/EmbeddedElementCall.build/DerivedSources-normal/arm64 -Xcc -I/Users/aadityasingh/Library/Developer/Xcode/DerivedData/Chatlio-erkyzdeecsohoaggpwbjdvavzqfv/Build/Intermediates.noindex/EmbeddedElementCall.build/Debug-iphonesimulator/EmbeddedElementCall.build/DerivedSources/arm64 -Xcc -I/Users/aadityasingh/Library/Developer/Xcode/DerivedData/Chatlio-erkyzdeecsohoaggpwbjdvavzqfv/Build/Intermediates.noindex/EmbeddedElementCall.build/Debug-iphonesimulator/EmbeddedElementCall.build/DerivedSources -Xcc -DSWIFT_PACKAGE -Xcc -DDEBUG\=1 -emit-objc-header -emit-objc-header-path /Users/aadityasingh/Library/Developer/Xcode/DerivedData/Chatlio-erkyzdeecsohoaggpwbjdvavzqfv/Build/Intermediates.noindex/EmbeddedElementCall.build/Debug-iphonesimulator/EmbeddedElementCall.build/Objects-normal/arm64/EmbeddedElementCall-Swift.h -working-directory /Users/aadityasingh/Documents/Development/element-x-ios/Chatlio.xcodeproj -experimental-emit-module-separately -disable-cmo

SwiftDriverJobDiscovery normal x86_64 Compiling HFlowLayout.swift (in target 'Flow' from project 'Flow')

SwiftDriver EmbeddedElementCall normal x86_64 com.apple.xcode.tools.swift.compiler (in target 'EmbeddedElementCall' from project 'EmbeddedElementCall')
    cd /Users/aadityasingh/Documents/Development/element-x-ios/Chatlio.xcodeproj
    builtin-SwiftDriver -- /Applications/Xcode.app/Contents/Developer/Toolchains/XcodeDefault.xctoolchain/usr/bin/swiftc -module-name EmbeddedElementCall -Onone @/Users/aadityasingh/Library/Developer/Xcode/DerivedData/Chatlio-erkyzdeecsohoaggpwbjdvavzqfv/Build/Intermediates.noindex/EmbeddedElementCall.build/Debug-iphonesimulator/EmbeddedElementCall.build/Objects-normal/x86_64/EmbeddedElementCall.SwiftFileList -DSWIFT_PACKAGE -DDEBUG -DSWIFT_MODULE_RESOURCE_BUNDLE_AVAILABLE -DXcode -plugin-path /Applications/Xcode.app/Contents/Developer/Toolchains/XcodeDefault.xctoolchain/usr/lib/swift/host/plugins/testing -enable-experimental-feature DebugDescriptionMacro -sdk /Applications/Xcode.app/Contents/Developer/Platforms/iPhoneSimulator.platform/Developer/SDKs/iPhoneSimulator26.4.sdk -target x86_64-apple-ios17.0-simulator -g -module-cache-path /Users/aadityasingh/Library/Developer/Xcode/DerivedData/ModuleCache.noindex -Xfrontend -serialize-debugging-options -profile-coverage-mapping -profile-generate -enable-testing -suppress-warnings -index-store-path /Users/aadityasingh/Library/Developer/Xcode/DerivedData/Chatlio-erkyzdeecsohoaggpwbjdvavzqfv/Index.noindex/DataStore -Xcc -D_LIBCPP_HARDENING_MODE\=_LIBCPP_HARDENING_MODE_DEBUG -swift-version 6 -I /Users/aadityasingh/Library/Developer/Xcode/DerivedData/Chatlio-erkyzdeecsohoaggpwbjdvavzqfv/Build/Products/Debug-iphonesimulator -Isystem /Applications/Xcode.app/Contents/Developer/Platforms/iPhoneSimulator.platform/Developer/usr/lib -F /Users/aadityasingh/Library/Developer/Xcode/DerivedData/Chatlio-erkyzdeecsohoaggpwbjdvavzqfv/Build/Products/Debug-iphonesimulator -F /Applications/Xcode.app/Contents/Developer/Platforms/iPhoneSimulator.platform/Developer/Library/Frameworks -F /Applications/Xcode.app/Contents/Developer/Platforms/iPhoneSimulator.platform/Developer/SDKs/iPhoneSimulator26.4.sdk/Developer/Library/Frameworks -c -j12 -enable-batch-mode -incremental -Xcc -ivfsstatcache -Xcc /Users/aadityasingh/Library/Developer/Xcode/DerivedData/SDKStatCaches.noindex/iphonesimulator26.4-23E252-686eebb5dc1d8ecb277353a59184f4aa.sdkstatcache -output-file-map /Users/aadityasingh/Library/Developer/Xcode/DerivedData/Chatlio-erkyzdeecsohoaggpwbjdvavzqfv/Build/Intermediates.noindex/EmbeddedElementCall.build/Debug-iphonesimulator/EmbeddedElementCall.build/Objects-normal/x86_64/EmbeddedElementCall-OutputFileMap.json -use-frontend-parseable-output -save-temps -no-color-diagnostics -explicit-module-build -module-cache-path /Users/aadityasingh/Library/Developer/Xcode/DerivedData/Chatlio-erkyzdeecsohoaggpwbjdvavzqfv/Build/Intermediates.noindex/SwiftExplicitPrecompiledModules -clang-scanner-module-cache-path /Users/aadityasingh/Library/Developer/Xcode/DerivedData/ModuleCache.noindex -sdk-module-cache-path /Users/aadityasingh/Library/Developer/Xcode/DerivedData/ModuleCache.noindex -serialize-diagnostics -emit-dependencies -emit-module -emit-module-path /Users/aadityasingh/Library/Developer/Xcode/DerivedData/Chatlio-erkyzdeecsohoaggpwbjdvavzqfv/Build/Intermediates.noindex/EmbeddedElementCall.build/Debug-iphonesimulator/EmbeddedElementCall.build/Objects-normal/x86_64/EmbeddedElementCall.swiftmodule -user-module-version 0.17.0 -validate-clang-modules-once -clang-build-session-file /Users/aadityasingh/Library/Developer/Xcode/DerivedData/ModuleCache.noindex/Session.modulevalidation -package-name element_call_swift -Xcc -I/Users/aadityasingh/Library/Developer/Xcode/DerivedData/Chatlio-erkyzdeecsohoaggpwbjdvavzqfv/Build/Intermediates.noindex/EmbeddedElementCall.build/Debug-iphonesimulator/EmbeddedElementCall.build/swift-overrides.hmap -emit-const-values -Xfrontend -const-gather-protocols-file -Xfrontend /Users/aadityasingh/Library/Developer/Xcode/DerivedData/Chatlio-erkyzdeecsohoaggpwbjdvavzqfv/Build/Intermediates.noindex/EmbeddedElementCall.build/Debug-iphonesimulator/EmbeddedElementCall.build/Objects-normal/x86_64/EmbeddedElementCall_const_extract_protocols.json -Xcc -I/Users/aadityasingh/Library/Developer/Xcode/DerivedData/Chatlio-erkyzdeecsohoaggpwbjdvavzqfv/Build/Products/Debug-iphonesimulator/include -Xcc -I/Users/aadityasingh/Library/Developer/Xcode/DerivedData/Chatlio-erkyzdeecsohoaggpwbjdvavzqfv/Build/Intermediates.noindex/EmbeddedElementCall.build/Debug-iphonesimulator/EmbeddedElementCall.build/DerivedSources-normal/x86_64 -Xcc -I/Users/aadityasingh/Library/Developer/Xcode/DerivedData/Chatlio-erkyzdeecsohoaggpwbjdvavzqfv/Build/Intermediates.noindex/EmbeddedElementCall.build/Debug-iphonesimulator/EmbeddedElementCall.build/DerivedSources/x86_64 -Xcc -I/Users/aadityasingh/Library/Developer/Xcode/DerivedData/Chatlio-erkyzdeecsohoaggpwbjdvavzqfv/Build/Intermediates.noindex/EmbeddedElementCall.build/Debug-iphonesimulator/EmbeddedElementCall.build/DerivedSources -Xcc -DSWIFT_PACKAGE -Xcc -DDEBUG\=1 -emit-objc-header -emit-objc-header-path /Users/aadityasingh/Library/Developer/Xcode/DerivedData/Chatlio-erkyzdeecsohoaggpwbjdvavzqfv/Build/Intermediates.noindex/EmbeddedElementCall.build/Debug-iphonesimulator/EmbeddedElementCall.build/Objects-normal/x86_64/EmbeddedElementCall-Swift.h -working-directory /Users/aadityasingh/Documents/Development/element-x-ios/Chatlio.xcodeproj -experimental-emit-module-separately -disable-cmo

SwiftDriver DeviceKit normal arm64 com.apple.xcode.tools.swift.compiler (in target 'DeviceKit' from project 'DeviceKit')
    cd /Users/aadityasingh/Documents/Development/element-x-ios/Chatlio.xcodeproj
    builtin-SwiftDriver -- /Applications/Xcode.app/Contents/Developer/Toolchains/XcodeDefault.xctoolchain/usr/bin/swiftc -module-name DeviceKit -Onone @/Users/aadityasingh/Library/Developer/Xcode/DerivedData/Chatlio-erkyzdeecsohoaggpwbjdvavzqfv/Build/Intermediates.noindex/DeviceKit.build/Debug-iphonesimulator/DeviceKit.build/Objects-normal/arm64/DeviceKit.SwiftFileList -DSWIFT_PACKAGE -DDEBUG -DSWIFT_MODULE_RESOURCE_BUNDLE_AVAILABLE -DXcode -plugin-path /Applications/Xcode.app/Contents/Developer/Toolchains/XcodeDefault.xctoolchain/usr/lib/swift/host/plugins/testing -enable-experimental-feature DebugDescriptionMacro -sdk /Applications/Xcode.app/Contents/Developer/Platforms/iPhoneSimulator.platform/Developer/SDKs/iPhoneSimulator26.4.sdk -target arm64-apple-ios13.0-simulator -g -module-cache-path /Users/aadityasingh/Library/Developer/Xcode/DerivedData/ModuleCache.noindex -Xfrontend -serialize-debugging-options -profile-coverage-mapping -profile-generate -enable-testing -suppress-warnings -index-store-path /Users/aadityasingh/Library/Developer/Xcode/DerivedData/Chatlio-erkyzdeecsohoaggpwbjdvavzqfv/Index.noindex/DataStore -Xcc -D_LIBCPP_HARDENING_MODE\=_LIBCPP_HARDENING_MODE_DEBUG -swift-version 5 -I /Users/aadityasingh/Library/Developer/Xcode/DerivedData/Chatlio-erkyzdeecsohoaggpwbjdvavzqfv/Build/Products/Debug-iphonesimulator -Isystem /Applications/Xcode.app/Contents/Developer/Platforms/iPhoneSimulator.platform/Developer/usr/lib -F /Users/aadityasingh/Library/Developer/Xcode/DerivedData/Chatlio-erkyzdeecsohoaggpwbjdvavzqfv/Build/Products/Debug-iphonesimulator -F /Applications/Xcode.app/Contents/Developer/Platforms/iPhoneSimulator.platform/Developer/Library/Frameworks -F /Applications/Xcode.app/Contents/Developer/Platforms/iPhoneSimulator.platform/Developer/SDKs/iPhoneSimulator26.4.sdk/Developer/Library/Frameworks -c -j12 -enable-batch-mode -incremental -Xcc -ivfsstatcache -Xcc /Users/aadityasingh/Library/Developer/Xcode/DerivedData/SDKStatCaches.noindex/iphonesimulator26.4-23E252-686eebb5dc1d8ecb277353a59184f4aa.sdkstatcache -output-file-map /Users/aadityasingh/Library/Developer/Xcode/DerivedData/Chatlio-erkyzdeecsohoaggpwbjdvavzqfv/Build/Intermediates.noindex/DeviceKit.build/Debug-iphonesimulator/DeviceKit.build/Objects-normal/arm64/DeviceKit-OutputFileMap.json -use-frontend-parseable-output -save-temps -no-color-diagnostics -explicit-module-build -module-cache-path /Users/aadityasingh/Library/Developer/Xcode/DerivedData/Chatlio-erkyzdeecsohoaggpwbjdvavzqfv/Build/Intermediates.noindex/SwiftExplicitPrecompiledModules -clang-scanner-module-cache-path /Users/aadityasingh/Library/Developer/Xcode/DerivedData/ModuleCache.noindex -sdk-module-cache-path /Users/aadityasingh/Library/Developer/Xcode/DerivedData/ModuleCache.noindex -serialize-diagnostics -emit-dependencies -emit-module -emit-module-path /Users/aadityasingh/Library/Developer/Xcode/DerivedData/Chatlio-erkyzdeecsohoaggpwbjdvavzqfv/Build/Intermediates.noindex/DeviceKit.build/Debug-iphonesimulator/DeviceKit.build/Objects-normal/arm64/DeviceKit.swiftmodule -validate-clang-modules-once -clang-build-session-file /Users/aadityasingh/Library/Developer/Xcode/DerivedData/ModuleCache.noindex/Session.modulevalidation -Xcc -I/Users/aadityasingh/Library/Developer/Xcode/DerivedData/Chatlio-erkyzdeecsohoaggpwbjdvavzqfv/Build/Intermediates.noindex/DeviceKit.build/Debug-iphonesimulator/DeviceKit.build/swift-overrides.hmap -emit-const-values -Xfrontend -const-gather-protocols-file -Xfrontend /Users/aadityasingh/Library/Developer/Xcode/DerivedData/Chatlio-erkyzdeecsohoaggpwbjdvavzqfv/Build/Intermediates.noindex/DeviceKit.build/Debug-iphonesimulator/DeviceKit.build/Objects-normal/arm64/DeviceKit_const_extract_protocols.json -Xcc -I/Users/aadityasingh/Library/Developer/Xcode/DerivedData/Chatlio-erkyzdeecsohoaggpwbjdvavzqfv/Build/Products/Debug-iphonesimulator/include -Xcc -I/Users/aadityasingh/Library/Developer/Xcode/DerivedData/Chatlio-erkyzdeecsohoaggpwbjdvavzqfv/Build/Intermediates.noindex/DeviceKit.build/Debug-iphonesimulator/DeviceKit.build/DerivedSources-normal/arm64 -Xcc -I/Users/aadityasingh/Library/Developer/Xcode/DerivedData/Chatlio-erkyzdeecsohoaggpwbjdvavzqfv/Build/Intermediates.noindex/DeviceKit.build/Debug-iphonesimulator/DeviceKit.build/DerivedSources/arm64 -Xcc -I/Users/aadityasingh/Library/Developer/Xcode/DerivedData/Chatlio-erkyzdeecsohoaggpwbjdvavzqfv/Build/Intermediates.noindex/DeviceKit.build/Debug-iphonesimulator/DeviceKit.build/DerivedSources -Xcc -DSWIFT_PACKAGE -Xcc -DDEBUG\=1 -emit-objc-header -emit-objc-header-path /Users/aadityasingh/Library/Developer/Xcode/DerivedData/Chatlio-erkyzdeecsohoaggpwbjdvavzqfv/Build/Intermediates.noindex/DeviceKit.build/Debug-iphonesimulator/DeviceKit.build/Objects-normal/arm64/DeviceKit-Swift.h -working-directory /Users/aadityasingh/Documents/Development/element-x-ios/Chatlio.xcodeproj -experimental-emit-module-separately -disable-cmo

SwiftDriver DeviceKit normal x86_64 com.apple.xcode.tools.swift.compiler (in target 'DeviceKit' from project 'DeviceKit')
    cd /Users/aadityasingh/Documents/Development/element-x-ios/Chatlio.xcodeproj
    builtin-SwiftDriver -- /Applications/Xcode.app/Contents/Developer/Toolchains/XcodeDefault.xctoolchain/usr/bin/swiftc -module-name DeviceKit -Onone @/Users/aadityasingh/Library/Developer/Xcode/DerivedData/Chatlio-erkyzdeecsohoaggpwbjdvavzqfv/Build/Intermediates.noindex/DeviceKit.build/Debug-iphonesimulator/DeviceKit.build/Objects-normal/x86_64/DeviceKit.SwiftFileList -DSWIFT_PACKAGE -DDEBUG -DSWIFT_MODULE_RESOURCE_BUNDLE_AVAILABLE -DXcode -plugin-path /Applications/Xcode.app/Contents/Developer/Toolchains/XcodeDefault.xctoolchain/usr/lib/swift/host/plugins/testing -enable-experimental-feature DebugDescriptionMacro -sdk /Applications/Xcode.app/Contents/Developer/Platforms/iPhoneSimulator.platform/Developer/SDKs/iPhoneSimulator26.4.sdk -target x86_64-apple-ios13.0-simulator -g -module-cache-path /Users/aadityasingh/Library/Developer/Xcode/DerivedData/ModuleCache.noindex -Xfrontend -serialize-debugging-options -profile-coverage-mapping -profile-generate -enable-testing -suppress-warnings -index-store-path /Users/aadityasingh/Library/Developer/Xcode/DerivedData/Chatlio-erkyzdeecsohoaggpwbjdvavzqfv/Index.noindex/DataStore -Xcc -D_LIBCPP_HARDENING_MODE\=_LIBCPP_HARDENING_MODE_DEBUG -swift-version 5 -I /Users/aadityasingh/Library/Developer/Xcode/DerivedData/Chatlio-erkyzdeecsohoaggpwbjdvavzqfv/Build/Products/Debug-iphonesimulator -Isystem /Applications/Xcode.app/Contents/Developer/Platforms/iPhoneSimulator.platform/Developer/usr/lib -F /Users/aadityasingh/Library/Developer/Xcode/DerivedData/Chatlio-erkyzdeecsohoaggpwbjdvavzqfv/Build/Products/Debug-iphonesimulator -F /Applications/Xcode.app/Contents/Developer/Platforms/iPhoneSimulator.platform/Developer/Library/Frameworks -F /Applications/Xcode.app/Contents/Developer/Platforms/iPhoneSimulator.platform/Developer/SDKs/iPhoneSimulator26.4.sdk/Developer/Library/Frameworks -c -j12 -enable-batch-mode -incremental -Xcc -ivfsstatcache -Xcc /Users/aadityasingh/Library/Developer/Xcode/DerivedData/SDKStatCaches.noindex/iphonesimulator26.4-23E252-686eebb5dc1d8ecb277353a59184f4aa.sdkstatcache -output-file-map /Users/aadityasingh/Library/Developer/Xcode/DerivedData/Chatlio-erkyzdeecsohoaggpwbjdvavzqfv/Build/Intermediates.noindex/DeviceKit.build/Debug-iphonesimulator/DeviceKit.build/Objects-normal/x86_64/DeviceKit-OutputFileMap.json -use-frontend-parseable-output -save-temps -no-color-diagnostics -explicit-module-build -module-cache-path /Users/aadityasingh/Library/Developer/Xcode/DerivedData/Chatlio-erkyzdeecsohoaggpwbjdvavzqfv/Build/Intermediates.noindex/SwiftExplicitPrecompiledModules -clang-scanner-module-cache-path /Users/aadityasingh/Library/Developer/Xcode/DerivedData/ModuleCache.noindex -sdk-module-cache-path /Users/aadityasingh/Library/Developer/Xcode/DerivedData/ModuleCache.noindex -serialize-diagnostics -emit-dependencies -emit-module -emit-module-path /Users/aadityasingh/Library/Developer/Xcode/DerivedData/Chatlio-erkyzdeecsohoaggpwbjdvavzqfv/Build/Intermediates.noindex/DeviceKit.build/Debug-iphonesimulator/DeviceKit.build/Objects-normal/x86_64/DeviceKit.swiftmodule -validate-clang-modules-once -clang-build-session-file /Users/aadityasingh/Library/Developer/Xcode/DerivedData/ModuleCache.noindex/Session.modulevalidation -Xcc -I/Users/aadityasingh/Library/Developer/Xcode/DerivedData/Chatlio-erkyzdeecsohoaggpwbjdvavzqfv/Build/Intermediates.noindex/DeviceKit.build/Debug-iphonesimulator/DeviceKit.build/swift-overrides.hmap -emit-const-values -Xfrontend -const-gather-protocols-file -Xfrontend /Users/aadityasingh/Library/Developer/Xcode/DerivedData/Chatlio-erkyzdeecsohoaggpwbjdvavzqfv/Build/Intermediates.noindex/DeviceKit.build/Debug-iphonesimulator/DeviceKit.build/Objects-normal/x86_64/DeviceKit_const_extract_protocols.json -Xcc -I/Users/aadityasingh/Library/Developer/Xcode/DerivedData/Chatlio-erkyzdeecsohoaggpwbjdvavzqfv/Build/Products/Debug-iphonesimulator/include -Xcc -I/Users/aadityasingh/Library/Developer/Xcode/DerivedData/Chatlio-erkyzdeecsohoaggpwbjdvavzqfv/Build/Intermediates.noindex/DeviceKit.build/Debug-iphonesimulator/DeviceKit.build/DerivedSources-normal/x86_64 -Xcc -I/Users/aadityasingh/Library/Developer/Xcode/DerivedData/Chatlio-erkyzdeecsohoaggpwbjdvavzqfv/Build/Intermediates.noindex/DeviceKit.build/Debug-iphonesimulator/DeviceKit.build/DerivedSources/x86_64 -Xcc -I/Users/aadityasingh/Library/Developer/Xcode/DerivedData/Chatlio-erkyzdeecsohoaggpwbjdvavzqfv/Build/Intermediates.noindex/DeviceKit.build/Debug-iphonesimulator/DeviceKit.build/DerivedSources -Xcc -DSWIFT_PACKAGE -Xcc -DDEBUG\=1 -emit-objc-header -emit-objc-header-path /Users/aadityasingh/Library/Developer/Xcode/DerivedData/Chatlio-erkyzdeecsohoaggpwbjdvavzqfv/Build/Intermediates.noindex/DeviceKit.build/Debug-iphonesimulator/DeviceKit.build/Objects-normal/x86_64/DeviceKit-Swift.h -working-directory /Users/aadityasingh/Documents/Development/element-x-ios/Chatlio.xcodeproj -experimental-emit-module-separately -disable-cmo

SwiftDriverJobDiscovery normal arm64 Compiling resource_bundle_accessor.swift (in target 'Emojibase' from project 'Emojibase')

SwiftDriver DSWaveformImage normal x86_64 com.apple.xcode.tools.swift.compiler (in target 'DSWaveformImage' from project 'DSWaveformImage')
    cd /Users/aadityasingh/Documents/Development/element-x-ios/Chatlio.xcodeproj
    builtin-SwiftDriver -- /Applications/Xcode.app/Contents/Developer/Toolchains/XcodeDefault.xctoolchain/usr/bin/swiftc -module-name DSWaveformImage -Onone @/Users/aadityasingh/Library/Developer/Xcode/DerivedData/Chatlio-erkyzdeecsohoaggpwbjdvavzqfv/Build/Intermediates.noindex/DSWaveformImage.build/Debug-iphonesimulator/DSWaveformImage.build/Objects-normal/x86_64/DSWaveformImage.SwiftFileList -DSWIFT_PACKAGE -DDEBUG -DSWIFT_MODULE_RESOURCE_BUNDLE_UNAVAILABLE -DXcode -plugin-path /Applications/Xcode.app/Contents/Developer/Toolchains/XcodeDefault.xctoolchain/usr/lib/swift/host/plugins/testing -enable-experimental-feature DebugDescriptionMacro -sdk /Applications/Xcode.app/Contents/Developer/Platforms/iPhoneSimulator.platform/Developer/SDKs/iPhoneSimulator26.4.sdk -target x86_64-apple-ios15.0-simulator -g -module-cache-path /Users/aadityasingh/Library/Developer/Xcode/DerivedData/ModuleCache.noindex -Xfrontend -serialize-debugging-options -profile-coverage-mapping -profile-generate -enable-testing -suppress-warnings -index-store-path /Users/aadityasingh/Library/Developer/Xcode/DerivedData/Chatlio-erkyzdeecsohoaggpwbjdvavzqfv/Index.noindex/DataStore -Xcc -D_LIBCPP_HARDENING_MODE\=_LIBCPP_HARDENING_MODE_DEBUG -swift-version 5 -I /Users/aadityasingh/Library/Developer/Xcode/DerivedData/Chatlio-erkyzdeecsohoaggpwbjdvavzqfv/Build/Products/Debug-iphonesimulator -Isystem /Applications/Xcode.app/Contents/Developer/Platforms/iPhoneSimulator.platform/Developer/usr/lib -F /Users/aadityasingh/Library/Developer/Xcode/DerivedData/Chatlio-erkyzdeecsohoaggpwbjdvavzqfv/Build/Products/Debug-iphonesimulator -F /Applications/Xcode.app/Contents/Developer/Platforms/iPhoneSimulator.platform/Developer/Library/Frameworks -F /Applications/Xcode.app/Contents/Developer/Platforms/iPhoneSimulator.platform/Developer/SDKs/iPhoneSimulator26.4.sdk/Developer/Library/Frameworks -c -j12 -enable-batch-mode -incremental -Xcc -ivfsstatcache -Xcc /Users/aadityasingh/Library/Developer/Xcode/DerivedData/SDKStatCaches.noindex/iphonesimulator26.4-23E252-686eebb5dc1d8ecb277353a59184f4aa.sdkstatcache -output-file-map /Users/aadityasingh/Library/Developer/Xcode/DerivedData/Chatlio-erkyzdeecsohoaggpwbjdvavzqfv/Build/Intermediates.noindex/DSWaveformImage.build/Debug-iphonesimulator/DSWaveformImage.build/Objects-normal/x86_64/DSWaveformImage-OutputFileMap.json -use-frontend-parseable-output -save-temps -no-color-diagnostics -explicit-module-build -module-cache-path /Users/aadityasingh/Library/Developer/Xcode/DerivedData/Chatlio-erkyzdeecsohoaggpwbjdvavzqfv/Build/Intermediates.noindex/SwiftExplicitPrecompiledModules -clang-scanner-module-cache-path /Users/aadityasingh/Library/Developer/Xcode/DerivedData/ModuleCache.noindex -sdk-module-cache-path /Users/aadityasingh/Library/Developer/Xcode/DerivedData/ModuleCache.noindex -serialize-diagnostics -emit-dependencies -emit-module -emit-module-path /Users/aadityasingh/Library/Developer/Xcode/DerivedData/Chatlio-erkyzdeecsohoaggpwbjdvavzqfv/Build/Intermediates.noindex/DSWaveformImage.build/Debug-iphonesimulator/DSWaveformImage.build/Objects-normal/x86_64/DSWaveformImage.swiftmodule -validate-clang-modules-once -clang-build-session-file /Users/aadityasingh/Library/Developer/Xcode/DerivedData/ModuleCache.noindex/Session.modulevalidation -Xcc -I/Users/aadityasingh/Library/Developer/Xcode/DerivedData/Chatlio-erkyzdeecsohoaggpwbjdvavzqfv/Build/Intermediates.noindex/DSWaveformImage.build/Debug-iphonesimulator/DSWaveformImage.build/swift-overrides.hmap -emit-const-values -Xfrontend -const-gather-protocols-file -Xfrontend /Users/aadityasingh/Library/Developer/Xcode/DerivedData/Chatlio-erkyzdeecsohoaggpwbjdvavzqfv/Build/Intermediates.noindex/DSWaveformImage.build/Debug-iphonesimulator/DSWaveformImage.build/Objects-normal/x86_64/DSWaveformImage_const_extract_protocols.json -Xcc -I/Users/aadityasingh/Library/Developer/Xcode/DerivedData/Chatlio-erkyzdeecsohoaggpwbjdvavzqfv/Build/Products/Debug-iphonesimulator/include -Xcc -I/Users/aadityasingh/Library/Developer/Xcode/DerivedData/Chatlio-erkyzdeecsohoaggpwbjdvavzqfv/Build/Intermediates.noindex/DSWaveformImage.build/Debug-iphonesimulator/DSWaveformImage.build/DerivedSources-normal/x86_64 -Xcc -I/Users/aadityasingh/Library/Developer/Xcode/DerivedData/Chatlio-erkyzdeecsohoaggpwbjdvavzqfv/Build/Intermediates.noindex/DSWaveformImage.build/Debug-iphonesimulator/DSWaveformImage.build/DerivedSources/x86_64 -Xcc -I/Users/aadityasingh/Library/Developer/Xcode/DerivedData/Chatlio-erkyzdeecsohoaggpwbjdvavzqfv/Build/Intermediates.noindex/DSWaveformImage.build/Debug-iphonesimulator/DSWaveformImage.build/DerivedSources -Xcc -DSWIFT_PACKAGE -Xcc -DDEBUG\=1 -emit-objc-header -emit-objc-header-path /Users/aadityasingh/Library/Developer/Xcode/DerivedData/Chatlio-erkyzdeecsohoaggpwbjdvavzqfv/Build/Intermediates.noindex/DSWaveformImage.build/Debug-iphonesimulator/DSWaveformImage.build/Objects-normal/x86_64/DSWaveformImage-Swift.h -working-directory /Users/aadityasingh/Documents/Development/element-x-ios/Chatlio.xcodeproj -experimental-emit-module-separately -disable-cmo

SwiftDriverJobDiscovery normal arm64 Compiling Models.swift (in target 'Emojibase' from project 'Emojibase')

SwiftDriver DSWaveformImage normal arm64 com.apple.xcode.tools.swift.compiler (in target 'DSWaveformImage' from project 'DSWaveformImage')
    cd /Users/aadityasingh/Documents/Development/element-x-ios/Chatlio.xcodeproj
    builtin-SwiftDriver -- /Applications/Xcode.app/Contents/Developer/Toolchains/XcodeDefault.xctoolchain/usr/bin/swiftc -module-name DSWaveformImage -Onone @/Users/aadityasingh/Library/Developer/Xcode/DerivedData/Chatlio-erkyzdeecsohoaggpwbjdvavzqfv/Build/Intermediates.noindex/DSWaveformImage.build/Debug-iphonesimulator/DSWaveformImage.build/Objects-normal/arm64/DSWaveformImage.SwiftFileList -DSWIFT_PACKAGE -DDEBUG -DSWIFT_MODULE_RESOURCE_BUNDLE_UNAVAILABLE -DXcode -plugin-path /Applications/Xcode.app/Contents/Developer/Toolchains/XcodeDefault.xctoolchain/usr/lib/swift/host/plugins/testing -enable-experimental-feature DebugDescriptionMacro -sdk /Applications/Xcode.app/Contents/Developer/Platforms/iPhoneSimulator.platform/Developer/SDKs/iPhoneSimulator26.4.sdk -target arm64-apple-ios15.0-simulator -g -module-cache-path /Users/aadityasingh/Library/Developer/Xcode/DerivedData/ModuleCache.noindex -Xfrontend -serialize-debugging-options -profile-coverage-mapping -profile-generate -enable-testing -suppress-warnings -index-store-path /Users/aadityasingh/Library/Developer/Xcode/DerivedData/Chatlio-erkyzdeecsohoaggpwbjdvavzqfv/Index.noindex/DataStore -Xcc -D_LIBCPP_HARDENING_MODE\=_LIBCPP_HARDENING_MODE_DEBUG -swift-version 5 -I /Users/aadityasingh/Library/Developer/Xcode/DerivedData/Chatlio-erkyzdeecsohoaggpwbjdvavzqfv/Build/Products/Debug-iphonesimulator -Isystem /Applications/Xcode.app/Contents/Developer/Platforms/iPhoneSimulator.platform/Developer/usr/lib -F /Users/aadityasingh/Library/Developer/Xcode/DerivedData/Chatlio-erkyzdeecsohoaggpwbjdvavzqfv/Build/Products/Debug-iphonesimulator -F /Applications/Xcode.app/Contents/Developer/Platforms/iPhoneSimulator.platform/Developer/Library/Frameworks -F /Applications/Xcode.app/Contents/Developer/Platforms/iPhoneSimulator.platform/Developer/SDKs/iPhoneSimulator26.4.sdk/Developer/Library/Frameworks -c -j12 -enable-batch-mode -incremental -Xcc -ivfsstatcache -Xcc /Users/aadityasingh/Library/Developer/Xcode/DerivedData/SDKStatCaches.noindex/iphonesimulator26.4-23E252-686eebb5dc1d8ecb277353a59184f4aa.sdkstatcache -output-file-map /Users/aadityasingh/Library/Developer/Xcode/DerivedData/Chatlio-erkyzdeecsohoaggpwbjdvavzqfv/Build/Intermediates.noindex/DSWaveformImage.build/Debug-iphonesimulator/DSWaveformImage.build/Objects-normal/arm64/DSWaveformImage-OutputFileMap.json -use-frontend-parseable-output -save-temps -no-color-diagnostics -explicit-module-build -module-cache-path /Users/aadityasingh/Library/Developer/Xcode/DerivedData/Chatlio-erkyzdeecsohoaggpwbjdvavzqfv/Build/Intermediates.noindex/SwiftExplicitPrecompiledModules -clang-scanner-module-cache-path /Users/aadityasingh/Library/Developer/Xcode/DerivedData/ModuleCache.noindex -sdk-module-cache-path /Users/aadityasingh/Library/Developer/Xcode/DerivedData/ModuleCache.noindex -serialize-diagnostics -emit-dependencies -emit-module -emit-module-path /Users/aadityasingh/Library/Developer/Xcode/DerivedData/Chatlio-erkyzdeecsohoaggpwbjdvavzqfv/Build/Intermediates.noindex/DSWaveformImage.build/Debug-iphonesimulator/DSWaveformImage.build/Objects-normal/arm64/DSWaveformImage.swiftmodule -validate-clang-modules-once -clang-build-session-file /Users/aadityasingh/Library/Developer/Xcode/DerivedData/ModuleCache.noindex/Session.modulevalidation -Xcc -I/Users/aadityasingh/Library/Developer/Xcode/DerivedData/Chatlio-erkyzdeecsohoaggpwbjdvavzqfv/Build/Intermediates.noindex/DSWaveformImage.build/Debug-iphonesimulator/DSWaveformImage.build/swift-overrides.hmap -emit-const-values -Xfrontend -const-gather-protocols-file -Xfrontend /Users/aadityasingh/Library/Developer/Xcode/DerivedData/Chatlio-erkyzdeecsohoaggpwbjdvavzqfv/Build/Intermediates.noindex/DSWaveformImage.build/Debug-iphonesimulator/DSWaveformImage.build/Objects-normal/arm64/DSWaveformImage_const_extract_protocols.json -Xcc -I/Users/aadityasingh/Library/Developer/Xcode/DerivedData/Chatlio-erkyzdeecsohoaggpwbjdvavzqfv/Build/Products/Debug-iphonesimulator/include -Xcc -I/Users/aadityasingh/Library/Developer/Xcode/DerivedData/Chatlio-erkyzdeecsohoaggpwbjdvavzqfv/Build/Intermediates.noindex/DSWaveformImage.build/Debug-iphonesimulator/DSWaveformImage.build/DerivedSources-normal/arm64 -Xcc -I/Users/aadityasingh/Library/Developer/Xcode/DerivedData/Chatlio-erkyzdeecsohoaggpwbjdvavzqfv/Build/Intermediates.noindex/DSWaveformImage.build/Debug-iphonesimulator/DSWaveformImage.build/DerivedSources/arm64 -Xcc -I/Users/aadityasingh/Library/Developer/Xcode/DerivedData/Chatlio-erkyzdeecsohoaggpwbjdvavzqfv/Build/Intermediates.noindex/DSWaveformImage.build/Debug-iphonesimulator/DSWaveformImage.build/DerivedSources -Xcc -DSWIFT_PACKAGE -Xcc -DDEBUG\=1 -emit-objc-header -emit-objc-header-path /Users/aadityasingh/Library/Developer/Xcode/DerivedData/Chatlio-erkyzdeecsohoaggpwbjdvavzqfv/Build/Intermediates.noindex/DSWaveformImage.build/Debug-iphonesimulator/DSWaveformImage.build/Objects-normal/arm64/DSWaveformImage-Swift.h -working-directory /Users/aadityasingh/Documents/Development/element-x-ios/Chatlio.xcodeproj -experimental-emit-module-separately -disable-cmo

SwiftDriver Atomics normal arm64 com.apple.xcode.tools.swift.compiler (in target 'Atomics' from project 'swift-atomics')
    cd /Users/aadityasingh/Documents/Development/element-x-ios/Chatlio.xcodeproj
    builtin-SwiftDriver -- /Applications/Xcode.app/Contents/Developer/Toolchains/XcodeDefault.xctoolchain/usr/bin/swiftc -module-name Atomics -Onone @/Users/aadityasingh/Library/Developer/Xcode/DerivedData/Chatlio-erkyzdeecsohoaggpwbjdvavzqfv/Build/Intermediates.noindex/swift-atomics.build/Debug-iphonesimulator/Atomics.build/Objects-normal/arm64/Atomics.SwiftFileList -DSWIFT_PACKAGE -DDEBUG -DSWIFT_MODULE_RESOURCE_BUNDLE_UNAVAILABLE -DXcode -enable-experimental-feature BuiltinModule -plugin-path /Applications/Xcode.app/Contents/Developer/Toolchains/XcodeDefault.xctoolchain/usr/lib/swift/host/plugins/testing -enable-experimental-feature DebugDescriptionMacro -sdk /Applications/Xcode.app/Contents/Developer/Platforms/iPhoneSimulator.platform/Developer/SDKs/iPhoneSimulator26.4.sdk -target arm64-apple-ios12.0-simulator -g -module-cache-path /Users/aadityasingh/Library/Developer/Xcode/DerivedData/ModuleCache.noindex -Xfrontend -serialize-debugging-options -profile-coverage-mapping -profile-generate -enable-testing -suppress-warnings -index-store-path /Users/aadityasingh/Library/Developer/Xcode/DerivedData/Chatlio-erkyzdeecsohoaggpwbjdvavzqfv/Index.noindex/DataStore -Xcc -D_LIBCPP_HARDENING_MODE\=_LIBCPP_HARDENING_MODE_DEBUG -swift-version 5 -I /Users/aadityasingh/Library/Developer/Xcode/DerivedData/Chatlio-erkyzdeecsohoaggpwbjdvavzqfv/Build/Products/Debug-iphonesimulator -Isystem /Applications/Xcode.app/Contents/Developer/Platforms/iPhoneSimulator.platform/Developer/usr/lib -F /Users/aadityasingh/Library/Developer/Xcode/DerivedData/Chatlio-erkyzdeecsohoaggpwbjdvavzqfv/Build/Products/Debug-iphonesimulator/PackageFrameworks -F /Users/aadityasingh/Library/Developer/Xcode/DerivedData/Chatlio-erkyzdeecsohoaggpwbjdvavzqfv/Build/Products/Debug-iphonesimulator -F /Applications/Xcode.app/Contents/Developer/Platforms/iPhoneSimulator.platform/Developer/Library/Frameworks -F /Applications/Xcode.app/Contents/Developer/Platforms/iPhoneSimulator.platform/Developer/SDKs/iPhoneSimulator26.4.sdk/Developer/Library/Frameworks -c -j12 -enable-batch-mode -incremental -Xcc -ivfsstatcache -Xcc /Users/aadityasingh/Library/Developer/Xcode/DerivedData/SDKStatCaches.noindex/iphonesimulator26.4-23E252-686eebb5dc1d8ecb277353a59184f4aa.sdkstatcache -output-file-map /Users/aadityasingh/Library/Developer/Xcode/DerivedData/Chatlio-erkyzdeecsohoaggpwbjdvavzqfv/Build/Intermediates.noindex/swift-atomics.build/Debug-iphonesimulator/Atomics.build/Objects-normal/arm64/Atomics-OutputFileMap.json -use-frontend-parseable-output -save-temps -no-color-diagnostics -explicit-module-build -module-cache-path /Users/aadityasingh/Library/Developer/Xcode/DerivedData/Chatlio-erkyzdeecsohoaggpwbjdvavzqfv/Build/Intermediates.noindex/SwiftExplicitPrecompiledModules -clang-scanner-module-cache-path /Users/aadityasingh/Library/Developer/Xcode/DerivedData/ModuleCache.noindex -sdk-module-cache-path /Users/aadityasingh/Library/Developer/Xcode/DerivedData/ModuleCache.noindex -serialize-diagnostics -emit-dependencies -emit-module -emit-module-path /Users/aadityasingh/Library/Developer/Xcode/DerivedData/Chatlio-erkyzdeecsohoaggpwbjdvavzqfv/Build/Intermediates.noindex/swift-atomics.build/Debug-iphonesimulator/Atomics.build/Objects-normal/arm64/Atomics.swiftmodule -validate-clang-modules-once -clang-build-session-file /Users/aadityasingh/Library/Developer/Xcode/DerivedData/ModuleCache.noindex/Session.modulevalidation -package-name swift_atomics -Xcc -I/Users/aadityasingh/Library/Developer/Xcode/DerivedData/Chatlio-erkyzdeecsohoaggpwbjdvavzqfv/Build/Intermediates.noindex/swift-atomics.build/Debug-iphonesimulator/Atomics.build/swift-overrides.hmap -emit-const-values -Xfrontend -const-gather-protocols-file -Xfrontend /Users/aadityasingh/Library/Developer/Xcode/DerivedData/Chatlio-erkyzdeecsohoaggpwbjdvavzqfv/Build/Intermediates.noindex/swift-atomics.build/Debug-iphonesimulator/Atomics.build/Objects-normal/arm64/Atomics_const_extract_protocols.json -Xcc -I/Users/aadityasingh/Library/Developer/Xcode/DerivedData/Chatlio-erkyzdeecsohoaggpwbjdvavzqfv/SourcePackages/checkouts/swift-atomics/Sources/_AtomicsShims/include -Xcc -I/Users/aadityasingh/Library/Developer/Xcode/DerivedData/Chatlio-erkyzdeecsohoaggpwbjdvavzqfv/Build/Products/Debug-iphonesimulator/include -Xcc -I/Users/aadityasingh/Library/Developer/Xcode/DerivedData/Chatlio-erkyzdeecsohoaggpwbjdvavzqfv/Build/Intermediates.noindex/swift-atomics.build/Debug-iphonesimulator/Atomics.build/DerivedSources-normal/arm64 -Xcc -I/Users/aadityasingh/Library/Developer/Xcode/DerivedData/Chatlio-erkyzdeecsohoaggpwbjdvavzqfv/Build/Intermediates.noindex/swift-atomics.build/Debug-iphonesimulator/Atomics.build/DerivedSources/arm64 -Xcc -I/Users/aadityasingh/Library/Developer/Xcode/DerivedData/Chatlio-erkyzdeecsohoaggpwbjdvavzqfv/Build/Intermediates.noindex/swift-atomics.build/Debug-iphonesimulator/Atomics.build/DerivedSources -Xcc -DSWIFT_PACKAGE -Xcc -DDEBUG\=1 -emit-objc-header -emit-objc-header-path /Users/aadityasingh/Library/Developer/Xcode/DerivedData/Chatlio-erkyzdeecsohoaggpwbjdvavzqfv/Build/Intermediates.noindex/swift-atomics.build/Debug-iphonesimulator/Atomics.build/Objects-normal/arm64/Atomics-Swift.h -working-directory /Users/aadityasingh/Documents/Development/element-x-ios/Chatlio.xcodeproj -experimental-emit-module-separately -disable-cmo

SwiftDriverJobDiscovery normal x86_64 Compiling resource_bundle_accessor.swift (in target 'Emojibase' from project 'Emojibase')

SwiftDriverJobDiscovery normal x86_64 Compiling Models.swift (in target 'Emojibase' from project 'Emojibase')

SwiftDriver Atomics normal x86_64 com.apple.xcode.tools.swift.compiler (in target 'Atomics' from project 'swift-atomics')
    cd /Users/aadityasingh/Documents/Development/element-x-ios/Chatlio.xcodeproj
    builtin-SwiftDriver -- /Applications/Xcode.app/Contents/Developer/Toolchains/XcodeDefault.xctoolchain/usr/bin/swiftc -module-name Atomics -Onone @/Users/aadityasingh/Library/Developer/Xcode/DerivedData/Chatlio-erkyzdeecsohoaggpwbjdvavzqfv/Build/Intermediates.noindex/swift-atomics.build/Debug-iphonesimulator/Atomics.build/Objects-normal/x86_64/Atomics.SwiftFileList -DSWIFT_PACKAGE -DDEBUG -DSWIFT_MODULE_RESOURCE_BUNDLE_UNAVAILABLE -DXcode -enable-experimental-feature BuiltinModule -plugin-path /Applications/Xcode.app/Contents/Developer/Toolchains/XcodeDefault.xctoolchain/usr/lib/swift/host/plugins/testing -enable-experimental-feature DebugDescriptionMacro -sdk /Applications/Xcode.app/Contents/Developer/Platforms/iPhoneSimulator.platform/Developer/SDKs/iPhoneSimulator26.4.sdk -target x86_64-apple-ios12.0-simulator -g -module-cache-path /Users/aadityasingh/Library/Developer/Xcode/DerivedData/ModuleCache.noindex -Xfrontend -serialize-debugging-options -profile-coverage-mapping -profile-generate -enable-testing -suppress-warnings -index-store-path /Users/aadityasingh/Library/Developer/Xcode/DerivedData/Chatlio-erkyzdeecsohoaggpwbjdvavzqfv/Index.noindex/DataStore -Xcc -D_LIBCPP_HARDENING_MODE\=_LIBCPP_HARDENING_MODE_DEBUG -swift-version 5 -I /Users/aadityasingh/Library/Developer/Xcode/DerivedData/Chatlio-erkyzdeecsohoaggpwbjdvavzqfv/Build/Products/Debug-iphonesimulator -Isystem /Applications/Xcode.app/Contents/Developer/Platforms/iPhoneSimulator.platform/Developer/usr/lib -F /Users/aadityasingh/Library/Developer/Xcode/DerivedData/Chatlio-erkyzdeecsohoaggpwbjdvavzqfv/Build/Products/Debug-iphonesimulator/PackageFrameworks -F /Users/aadityasingh/Library/Developer/Xcode/DerivedData/Chatlio-erkyzdeecsohoaggpwbjdvavzqfv/Build/Products/Debug-iphonesimulator -F /Applications/Xcode.app/Contents/Developer/Platforms/iPhoneSimulator.platform/Developer/Library/Frameworks -F /Applications/Xcode.app/Contents/Developer/Platforms/iPhoneSimulator.platform/Developer/SDKs/iPhoneSimulator26.4.sdk/Developer/Library/Frameworks -c -j12 -enable-batch-mode -incremental -Xcc -ivfsstatcache -Xcc /Users/aadityasingh/Library/Developer/Xcode/DerivedData/SDKStatCaches.noindex/iphonesimulator26.4-23E252-686eebb5dc1d8ecb277353a59184f4aa.sdkstatcache -output-file-map /Users/aadityasingh/Library/Developer/Xcode/DerivedData/Chatlio-erkyzdeecsohoaggpwbjdvavzqfv/Build/Intermediates.noindex/swift-atomics.build/Debug-iphonesimulator/Atomics.build/Objects-normal/x86_64/Atomics-OutputFileMap.json -use-frontend-parseable-output -save-temps -no-color-diagnostics -explicit-module-build -module-cache-path /Users/aadityasingh/Library/Developer/Xcode/DerivedData/Chatlio-erkyzdeecsohoaggpwbjdvavzqfv/Build/Intermediates.noindex/SwiftExplicitPrecompiledModules -clang-scanner-module-cache-path /Users/aadityasingh/Library/Developer/Xcode/DerivedData/ModuleCache.noindex -sdk-module-cache-path /Users/aadityasingh/Library/Developer/Xcode/DerivedData/ModuleCache.noindex -serialize-diagnostics -emit-dependencies -emit-module -emit-module-path /Users/aadityasingh/Library/Developer/Xcode/DerivedData/Chatlio-erkyzdeecsohoaggpwbjdvavzqfv/Build/Intermediates.noindex/swift-atomics.build/Debug-iphonesimulator/Atomics.build/Objects-normal/x86_64/Atomics.swiftmodule -validate-clang-modules-once -clang-build-session-file /Users/aadityasingh/Library/Developer/Xcode/DerivedData/ModuleCache.noindex/Session.modulevalidation -package-name swift_atomics -Xcc -I/Users/aadityasingh/Library/Developer/Xcode/DerivedData/Chatlio-erkyzdeecsohoaggpwbjdvavzqfv/Build/Intermediates.noindex/swift-atomics.build/Debug-iphonesimulator/Atomics.build/swift-overrides.hmap -emit-const-values -Xfrontend -const-gather-protocols-file -Xfrontend /Users/aadityasingh/Library/Developer/Xcode/DerivedData/Chatlio-erkyzdeecsohoaggpwbjdvavzqfv/Build/Intermediates.noindex/swift-atomics.build/Debug-iphonesimulator/Atomics.build/Objects-normal/x86_64/Atomics_const_extract_protocols.json -Xcc -I/Users/aadityasingh/Library/Developer/Xcode/DerivedData/Chatlio-erkyzdeecsohoaggpwbjdvavzqfv/SourcePackages/checkouts/swift-atomics/Sources/_AtomicsShims/include -Xcc -I/Users/aadityasingh/Library/Developer/Xcode/DerivedData/Chatlio-erkyzdeecsohoaggpwbjdvavzqfv/Build/Products/Debug-iphonesimulator/include -Xcc -I/Users/aadityasingh/Library/Developer/Xcode/DerivedData/Chatlio-erkyzdeecsohoaggpwbjdvavzqfv/Build/Intermediates.noindex/swift-atomics.build/Debug-iphonesimulator/Atomics.build/DerivedSources-normal/x86_64 -Xcc -I/Users/aadityasingh/Library/Developer/Xcode/DerivedData/Chatlio-erkyzdeecsohoaggpwbjdvavzqfv/Build/Intermediates.noindex/swift-atomics.build/Debug-iphonesimulator/Atomics.build/DerivedSources/x86_64 -Xcc -I/Users/aadityasingh/Library/Developer/Xcode/DerivedData/Chatlio-erkyzdeecsohoaggpwbjdvavzqfv/Build/Intermediates.noindex/swift-atomics.build/Debug-iphonesimulator/Atomics.build/DerivedSources -Xcc -DSWIFT_PACKAGE -Xcc -DDEBUG\=1 -emit-objc-header -emit-objc-header-path /Users/aadityasingh/Library/Developer/Xcode/DerivedData/Chatlio-erkyzdeecsohoaggpwbjdvavzqfv/Build/Intermediates.noindex/swift-atomics.build/Debug-iphonesimulator/Atomics.build/Objects-normal/x86_64/Atomics-Swift.h -working-directory /Users/aadityasingh/Documents/Development/element-x-ios/Chatlio.xcodeproj -experimental-emit-module-separately -disable-cmo

SwiftDriverJobDiscovery normal arm64 Compiling Layout.swift (in target 'Flow' from project 'Flow')

SwiftDriver AnalyticsEvents normal x86_64 com.apple.xcode.tools.swift.compiler (in target 'AnalyticsEvents' from project 'AnalyticsEvents')
    cd /Users/aadityasingh/Documents/Development/element-x-ios/Chatlio.xcodeproj
    builtin-SwiftDriver -- /Applications/Xcode.app/Contents/Developer/Toolchains/XcodeDefault.xctoolchain/usr/bin/swiftc -module-name AnalyticsEvents -Onone @/Users/aadityasingh/Library/Developer/Xcode/DerivedData/Chatlio-erkyzdeecsohoaggpwbjdvavzqfv/Build/Intermediates.noindex/AnalyticsEvents.build/Debug-iphonesimulator/AnalyticsEvents.build/Objects-normal/x86_64/AnalyticsEvents.SwiftFileList -DSWIFT_PACKAGE -DDEBUG -DSWIFT_MODULE_RESOURCE_BUNDLE_UNAVAILABLE -DXcode -plugin-path /Applications/Xcode.app/Contents/Developer/Toolchains/XcodeDefault.xctoolchain/usr/lib/swift/host/plugins/testing -enable-experimental-feature DebugDescriptionMacro -sdk /Applications/Xcode.app/Contents/Developer/Platforms/iPhoneSimulator.platform/Developer/SDKs/iPhoneSimulator26.4.sdk -target x86_64-apple-ios12.0-simulator -g -module-cache-path /Users/aadityasingh/Library/Developer/Xcode/DerivedData/ModuleCache.noindex -Xfrontend -serialize-debugging-options -profile-coverage-mapping -profile-generate -enable-testing -suppress-warnings -index-store-path /Users/aadityasingh/Library/Developer/Xcode/DerivedData/Chatlio-erkyzdeecsohoaggpwbjdvavzqfv/Index.noindex/DataStore -Xcc -D_LIBCPP_HARDENING_MODE\=_LIBCPP_HARDENING_MODE_DEBUG -swift-version 6 -I /Users/aadityasingh/Library/Developer/Xcode/DerivedData/Chatlio-erkyzdeecsohoaggpwbjdvavzqfv/Build/Products/Debug-iphonesimulator -Isystem /Applications/Xcode.app/Contents/Developer/Platforms/iPhoneSimulator.platform/Developer/usr/lib -F /Users/aadityasingh/Library/Developer/Xcode/DerivedData/Chatlio-erkyzdeecsohoaggpwbjdvavzqfv/Build/Products/Debug-iphonesimulator -F /Applications/Xcode.app/Contents/Developer/Platforms/iPhoneSimulator.platform/Developer/Library/Frameworks -F /Applications/Xcode.app/Contents/Developer/Platforms/iPhoneSimulator.platform/Developer/SDKs/iPhoneSimulator26.4.sdk/Developer/Library/Frameworks -c -j12 -enable-batch-mode -incremental -Xcc -ivfsstatcache -Xcc /Users/aadityasingh/Library/Developer/Xcode/DerivedData/SDKStatCaches.noindex/iphonesimulator26.4-23E252-686eebb5dc1d8ecb277353a59184f4aa.sdkstatcache -output-file-map /Users/aadityasingh/Library/Developer/Xcode/DerivedData/Chatlio-erkyzdeecsohoaggpwbjdvavzqfv/Build/Intermediates.noindex/AnalyticsEvents.build/Debug-iphonesimulator/AnalyticsEvents.build/Objects-normal/x86_64/AnalyticsEvents-OutputFileMap.json -use-frontend-parseable-output -save-temps -no-color-diagnostics -explicit-module-build -module-cache-path /Users/aadityasingh/Library/Developer/Xcode/DerivedData/Chatlio-erkyzdeecsohoaggpwbjdvavzqfv/Build/Intermediates.noindex/SwiftExplicitPrecompiledModules -clang-scanner-module-cache-path /Users/aadityasingh/Library/Developer/Xcode/DerivedData/ModuleCache.noindex -sdk-module-cache-path /Users/aadityasingh/Library/Developer/Xcode/DerivedData/ModuleCache.noindex -serialize-diagnostics -emit-dependencies -emit-module -emit-module-path /Users/aadityasingh/Library/Developer/Xcode/DerivedData/Chatlio-erkyzdeecsohoaggpwbjdvavzqfv/Build/Intermediates.noindex/AnalyticsEvents.build/Debug-iphonesimulator/AnalyticsEvents.build/Objects-normal/x86_64/AnalyticsEvents.swiftmodule -user-module-version 0.30.0 -validate-clang-modules-once -clang-build-session-file /Users/aadityasingh/Library/Developer/Xcode/DerivedData/ModuleCache.noindex/Session.modulevalidation -package-name matrix_analytics_events -Xcc -I/Users/aadityasingh/Library/Developer/Xcode/DerivedData/Chatlio-erkyzdeecsohoaggpwbjdvavzqfv/Build/Intermediates.noindex/AnalyticsEvents.build/Debug-iphonesimulator/AnalyticsEvents.build/swift-overrides.hmap -emit-const-values -Xfrontend -const-gather-protocols-file -Xfrontend /Users/aadityasingh/Library/Developer/Xcode/DerivedData/Chatlio-erkyzdeecsohoaggpwbjdvavzqfv/Build/Intermediates.noindex/AnalyticsEvents.build/Debug-iphonesimulator/AnalyticsEvents.build/Objects-normal/x86_64/AnalyticsEvents_const_extract_protocols.json -Xcc -I/Users/aadityasingh/Library/Developer/Xcode/DerivedData/Chatlio-erkyzdeecsohoaggpwbjdvavzqfv/Build/Products/Debug-iphonesimulator/include -Xcc -I/Users/aadityasingh/Library/Developer/Xcode/DerivedData/Chatlio-erkyzdeecsohoaggpwbjdvavzqfv/Build/Intermediates.noindex/AnalyticsEvents.build/Debug-iphonesimulator/AnalyticsEvents.build/DerivedSources-normal/x86_64 -Xcc -I/Users/aadityasingh/Library/Developer/Xcode/DerivedData/Chatlio-erkyzdeecsohoaggpwbjdvavzqfv/Build/Intermediates.noindex/AnalyticsEvents.build/Debug-iphonesimulator/AnalyticsEvents.build/DerivedSources/x86_64 -Xcc -I/Users/aadityasingh/Library/Developer/Xcode/DerivedData/Chatlio-erkyzdeecsohoaggpwbjdvavzqfv/Build/Intermediates.noindex/AnalyticsEvents.build/Debug-iphonesimulator/AnalyticsEvents.build/DerivedSources -Xcc -DSWIFT_PACKAGE -Xcc -DDEBUG\=1 -emit-objc-header -emit-objc-header-path /Users/aadityasingh/Library/Developer/Xcode/DerivedData/Chatlio-erkyzdeecsohoaggpwbjdvavzqfv/Build/Intermediates.noindex/AnalyticsEvents.build/Debug-iphonesimulator/AnalyticsEvents.build/Objects-normal/x86_64/AnalyticsEvents-Swift.h -working-directory /Users/aadityasingh/Documents/Development/element-x-ios/Chatlio.xcodeproj -experimental-emit-module-separately -disable-cmo

SwiftDriverJobDiscovery normal x86_64 Compiling LineBreaking.swift (in target 'Flow' from project 'Flow')

SwiftDriver AnalyticsEvents normal arm64 com.apple.xcode.tools.swift.compiler (in target 'AnalyticsEvents' from project 'AnalyticsEvents')
    cd /Users/aadityasingh/Documents/Development/element-x-ios/Chatlio.xcodeproj
    builtin-SwiftDriver -- /Applications/Xcode.app/Contents/Developer/Toolchains/XcodeDefault.xctoolchain/usr/bin/swiftc -module-name AnalyticsEvents -Onone @/Users/aadityasingh/Library/Developer/Xcode/DerivedData/Chatlio-erkyzdeecsohoaggpwbjdvavzqfv/Build/Intermediates.noindex/AnalyticsEvents.build/Debug-iphonesimulator/AnalyticsEvents.build/Objects-normal/arm64/AnalyticsEvents.SwiftFileList -DSWIFT_PACKAGE -DDEBUG -DSWIFT_MODULE_RESOURCE_BUNDLE_UNAVAILABLE -DXcode -plugin-path /Applications/Xcode.app/Contents/Developer/Toolchains/XcodeDefault.xctoolchain/usr/lib/swift/host/plugins/testing -enable-experimental-feature DebugDescriptionMacro -sdk /Applications/Xcode.app/Contents/Developer/Platforms/iPhoneSimulator.platform/Developer/SDKs/iPhoneSimulator26.4.sdk -target arm64-apple-ios12.0-simulator -g -module-cache-path /Users/aadityasingh/Library/Developer/Xcode/DerivedData/ModuleCache.noindex -Xfrontend -serialize-debugging-options -profile-coverage-mapping -profile-generate -enable-testing -suppress-warnings -index-store-path /Users/aadityasingh/Library/Developer/Xcode/DerivedData/Chatlio-erkyzdeecsohoaggpwbjdvavzqfv/Index.noindex/DataStore -Xcc -D_LIBCPP_HARDENING_MODE\=_LIBCPP_HARDENING_MODE_DEBUG -swift-version 6 -I /Users/aadityasingh/Library/Developer/Xcode/DerivedData/Chatlio-erkyzdeecsohoaggpwbjdvavzqfv/Build/Products/Debug-iphonesimulator -Isystem /Applications/Xcode.app/Contents/Developer/Platforms/iPhoneSimulator.platform/Developer/usr/lib -F /Users/aadityasingh/Library/Developer/Xcode/DerivedData/Chatlio-erkyzdeecsohoaggpwbjdvavzqfv/Build/Products/Debug-iphonesimulator -F /Applications/Xcode.app/Contents/Developer/Platforms/iPhoneSimulator.platform/Developer/Library/Frameworks -F /Applications/Xcode.app/Contents/Developer/Platforms/iPhoneSimulator.platform/Developer/SDKs/iPhoneSimulator26.4.sdk/Developer/Library/Frameworks -c -j12 -enable-batch-mode -incremental -Xcc -ivfsstatcache -Xcc /Users/aadityasingh/Library/Developer/Xcode/DerivedData/SDKStatCaches.noindex/iphonesimulator26.4-23E252-686eebb5dc1d8ecb277353a59184f4aa.sdkstatcache -output-file-map /Users/aadityasingh/Library/Developer/Xcode/DerivedData/Chatlio-erkyzdeecsohoaggpwbjdvavzqfv/Build/Intermediates.noindex/AnalyticsEvents.build/Debug-iphonesimulator/AnalyticsEvents.build/Objects-normal/arm64/AnalyticsEvents-OutputFileMap.json -use-frontend-parseable-output -save-temps -no-color-diagnostics -explicit-module-build -module-cache-path /Users/aadityasingh/Library/Developer/Xcode/DerivedData/Chatlio-erkyzdeecsohoaggpwbjdvavzqfv/Build/Intermediates.noindex/SwiftExplicitPrecompiledModules -clang-scanner-module-cache-path /Users/aadityasingh/Library/Developer/Xcode/DerivedData/ModuleCache.noindex -sdk-module-cache-path /Users/aadityasingh/Library/Developer/Xcode/DerivedData/ModuleCache.noindex -serialize-diagnostics -emit-dependencies -emit-module -emit-module-path /Users/aadityasingh/Library/Developer/Xcode/DerivedData/Chatlio-erkyzdeecsohoaggpwbjdvavzqfv/Build/Intermediates.noindex/AnalyticsEvents.build/Debug-iphonesimulator/AnalyticsEvents.build/Objects-normal/arm64/AnalyticsEvents.swiftmodule -user-module-version 0.30.0 -validate-clang-modules-once -clang-build-session-file /Users/aadityasingh/Library/Developer/Xcode/DerivedData/ModuleCache.noindex/Session.modulevalidation -package-name matrix_analytics_events -Xcc -I/Users/aadityasingh/Library/Developer/Xcode/DerivedData/Chatlio-erkyzdeecsohoaggpwbjdvavzqfv/Build/Intermediates.noindex/AnalyticsEvents.build/Debug-iphonesimulator/AnalyticsEvents.build/swift-overrides.hmap -emit-const-values -Xfrontend -const-gather-protocols-file -Xfrontend /Users/aadityasingh/Library/Developer/Xcode/DerivedData/Chatlio-erkyzdeecsohoaggpwbjdvavzqfv/Build/Intermediates.noindex/AnalyticsEvents.build/Debug-iphonesimulator/AnalyticsEvents.build/Objects-normal/arm64/AnalyticsEvents_const_extract_protocols.json -Xcc -I/Users/aadityasingh/Library/Developer/Xcode/DerivedData/Chatlio-erkyzdeecsohoaggpwbjdvavzqfv/Build/Products/Debug-iphonesimulator/include -Xcc -I/Users/aadityasingh/Library/Developer/Xcode/DerivedData/Chatlio-erkyzdeecsohoaggpwbjdvavzqfv/Build/Intermediates.noindex/AnalyticsEvents.build/Debug-iphonesimulator/AnalyticsEvents.build/DerivedSources-normal/arm64 -Xcc -I/Users/aadityasingh/Library/Developer/Xcode/DerivedData/Chatlio-erkyzdeecsohoaggpwbjdvavzqfv/Build/Intermediates.noindex/AnalyticsEvents.build/Debug-iphonesimulator/AnalyticsEvents.build/DerivedSources/arm64 -Xcc -I/Users/aadityasingh/Library/Developer/Xcode/DerivedData/Chatlio-erkyzdeecsohoaggpwbjdvavzqfv/Build/Intermediates.noindex/AnalyticsEvents.build/Debug-iphonesimulator/AnalyticsEvents.build/DerivedSources -Xcc -DSWIFT_PACKAGE -Xcc -DDEBUG\=1 -emit-objc-header -emit-objc-header-path /Users/aadityasingh/Library/Developer/Xcode/DerivedData/Chatlio-erkyzdeecsohoaggpwbjdvavzqfv/Build/Intermediates.noindex/AnalyticsEvents.build/Debug-iphonesimulator/AnalyticsEvents.build/Objects-normal/arm64/AnalyticsEvents-Swift.h -working-directory /Users/aadityasingh/Documents/Development/element-x-ios/Chatlio.xcodeproj -experimental-emit-module-separately -disable-cmo

SwiftDriverJobDiscovery normal x86_64 Compiling Layout.swift (in target 'Flow' from project 'Flow')

SwiftEmitModule normal x86_64 Emitting\ module\ for\ EmbeddedElementCall (in target 'EmbeddedElementCall' from project 'EmbeddedElementCall')

EmitSwiftModule normal x86_64 (in target 'EmbeddedElementCall' from project 'EmbeddedElementCall')
    cd /Users/aadityasingh/Documents/Development/element-x-ios/Chatlio.xcodeproj
    

SwiftDriver\ Compilation Flow normal x86_64 com.apple.xcode.tools.swift.compiler (in target 'Flow' from project 'Flow')
    cd /Users/aadityasingh/Documents/Development/element-x-ios/Chatlio.xcodeproj
    builtin-Swift-Compilation -- /Applications/Xcode.app/Contents/Developer/Toolchains/XcodeDefault.xctoolchain/usr/bin/swiftc -module-name Flow -Onone @/Users/aadityasingh/Library/Developer/Xcode/DerivedData/Chatlio-erkyzdeecsohoaggpwbjdvavzqfv/Build/Intermediates.noindex/Flow.build/Debug-iphonesimulator/Flow.build/Objects-normal/x86_64/Flow.SwiftFileList -DSWIFT_PACKAGE -DDEBUG -DSWIFT_MODULE_RESOURCE_BUNDLE_UNAVAILABLE -DXcode -enable-upcoming-feature ExistentialAny -plugin-path /Applications/Xcode.app/Contents/Developer/Toolchains/XcodeDefault.xctoolchain/usr/lib/swift/host/plugins/testing -enable-experimental-feature DebugDescriptionMacro -sdk /Applications/Xcode.app/Contents/Developer/Platforms/iPhoneSimulator.platform/Developer/SDKs/iPhoneSimulator26.4.sdk -target x86_64-apple-ios16.0-simulator -g -module-cache-path /Users/aadityasingh/Library/Developer/Xcode/DerivedData/ModuleCache.noindex -Xfrontend -serialize-debugging-options -profile-coverage-mapping -profile-generate -enable-testing -suppress-warnings -index-store-path /Users/aadityasingh/Library/Developer/Xcode/DerivedData/Chatlio-erkyzdeecsohoaggpwbjdvavzqfv/Index.noindex/DataStore -Xcc -D_LIBCPP_HARDENING_MODE\=_LIBCPP_HARDENING_MODE_DEBUG -swift-version 6 -I /Users/aadityasingh/Library/Developer/Xcode/DerivedData/Chatlio-erkyzdeecsohoaggpwbjdvavzqfv/Build/Products/Debug-iphonesimulator -Isystem /Applications/Xcode.app/Contents/Developer/Platforms/iPhoneSimulator.platform/Developer/usr/lib -F /Users/aadityasingh/Library/Developer/Xcode/DerivedData/Chatlio-erkyzdeecsohoaggpwbjdvavzqfv/Build/Products/Debug-iphonesimulator -F /Applications/Xcode.app/Contents/Developer/Platforms/iPhoneSimulator.platform/Developer/Library/Frameworks -F /Applications/Xcode.app/Contents/Developer/Platforms/iPhoneSimulator.platform/Developer/SDKs/iPhoneSimulator26.4.sdk/Developer/Library/Frameworks -c -j12 -enable-batch-mode -incremental -Xcc -ivfsstatcache -Xcc /Users/aadityasingh/Library/Developer/Xcode/DerivedData/SDKStatCaches.noindex/iphonesimulator26.4-23E252-686eebb5dc1d8ecb277353a59184f4aa.sdkstatcache -output-file-map /Users/aadityasingh/Library/Developer/Xcode/DerivedData/Chatlio-erkyzdeecsohoaggpwbjdvavzqfv/Build/Intermediates.noindex/Flow.build/Debug-iphonesimulator/Flow.build/Objects-normal/x86_64/Flow-OutputFileMap.json -use-frontend-parseable-output -save-temps -no-color-diagnostics -explicit-module-build -module-cache-path /Users/aadityasingh/Library/Developer/Xcode/DerivedData/Chatlio-erkyzdeecsohoaggpwbjdvavzqfv/Build/Intermediates.noindex/SwiftExplicitPrecompiledModules -clang-scanner-module-cache-path /Users/aadityasingh/Library/Developer/Xcode/DerivedData/ModuleCache.noindex -sdk-module-cache-path /Users/aadityasingh/Library/Developer/Xcode/DerivedData/ModuleCache.noindex -serialize-diagnostics -emit-dependencies -emit-module -emit-module-path /Users/aadityasingh/Library/Developer/Xcode/DerivedData/Chatlio-erkyzdeecsohoaggpwbjdvavzqfv/Build/Intermediates.noindex/Flow.build/Debug-iphonesimulator/Flow.build/Objects-normal/x86_64/Flow.swiftmodule -user-module-version 3.1.1 -validate-clang-modules-once -clang-build-session-file /Users/aadityasingh/Library/Developer/Xcode/DerivedData/ModuleCache.noindex/Session.modulevalidation -package-name swiftui_flow -Xcc -I/Users/aadityasingh/Library/Developer/Xcode/DerivedData/Chatlio-erkyzdeecsohoaggpwbjdvavzqfv/Build/Intermediates.noindex/Flow.build/Debug-iphonesimulator/Flow.build/swift-overrides.hmap -emit-const-values -Xfrontend -const-gather-protocols-file -Xfrontend /Users/aadityasingh/Library/Developer/Xcode/DerivedData/Chatlio-erkyzdeecsohoaggpwbjdvavzqfv/Build/Intermediates.noindex/Flow.build/Debug-iphonesimulator/Flow.build/Objects-normal/x86_64/Flow_const_extract_protocols.json -Xcc -I/Users/aadityasingh/Library/Developer/Xcode/DerivedData/Chatlio-erkyzdeecsohoaggpwbjdvavzqfv/Build/Products/Debug-iphonesimulator/include -Xcc -I/Users/aadityasingh/Library/Developer/Xcode/DerivedData/Chatlio-erkyzdeecsohoaggpwbjdvavzqfv/Build/Intermediates.noindex/Flow.build/Debug-iphonesimulator/Flow.build/DerivedSources-normal/x86_64 -Xcc -I/Users/aadityasingh/Library/Developer/Xcode/DerivedData/Chatlio-erkyzdeecsohoaggpwbjdvavzqfv/Build/Intermediates.noindex/Flow.build/Debug-iphonesimulator/Flow.build/DerivedSources/x86_64 -Xcc -I/Users/aadityasingh/Library/Developer/Xcode/DerivedData/Chatlio-erkyzdeecsohoaggpwbjdvavzqfv/Build/Intermediates.noindex/Flow.build/Debug-iphonesimulator/Flow.build/DerivedSources -Xcc -DSWIFT_PACKAGE -Xcc -DDEBUG\=1 -emit-objc-header -emit-objc-header-path /Users/aadityasingh/Library/Developer/Xcode/DerivedData/Chatlio-erkyzdeecsohoaggpwbjdvavzqfv/Build/Intermediates.noindex/Flow.build/Debug-iphonesimulator/Flow.build/Objects-normal/x86_64/Flow-Swift.h -working-directory /Users/aadityasingh/Documents/Development/element-x-ios/Chatlio.xcodeproj -experimental-emit-module-separately -disable-cmo

SwiftDriver\ Compilation Flow normal arm64 com.apple.xcode.tools.swift.compiler (in target 'Flow' from project 'Flow')
    cd /Users/aadityasingh/Documents/Development/element-x-ios/Chatlio.xcodeproj
    builtin-Swift-Compilation -- /Applications/Xcode.app/Contents/Developer/Toolchains/XcodeDefault.xctoolchain/usr/bin/swiftc -module-name Flow -Onone @/Users/aadityasingh/Library/Developer/Xcode/DerivedData/Chatlio-erkyzdeecsohoaggpwbjdvavzqfv/Build/Intermediates.noindex/Flow.build/Debug-iphonesimulator/Flow.build/Objects-normal/arm64/Flow.SwiftFileList -DSWIFT_PACKAGE -DDEBUG -DSWIFT_MODULE_RESOURCE_BUNDLE_UNAVAILABLE -DXcode -enable-upcoming-feature ExistentialAny -plugin-path /Applications/Xcode.app/Contents/Developer/Toolchains/XcodeDefault.xctoolchain/usr/lib/swift/host/plugins/testing -enable-experimental-feature DebugDescriptionMacro -sdk /Applications/Xcode.app/Contents/Developer/Platforms/iPhoneSimulator.platform/Developer/SDKs/iPhoneSimulator26.4.sdk -target arm64-apple-ios16.0-simulator -g -module-cache-path /Users/aadityasingh/Library/Developer/Xcode/DerivedData/ModuleCache.noindex -Xfrontend -serialize-debugging-options -profile-coverage-mapping -profile-generate -enable-testing -suppress-warnings -index-store-path /Users/aadityasingh/Library/Developer/Xcode/DerivedData/Chatlio-erkyzdeecsohoaggpwbjdvavzqfv/Index.noindex/DataStore -Xcc -D_LIBCPP_HARDENING_MODE\=_LIBCPP_HARDENING_MODE_DEBUG -swift-version 6 -I /Users/aadityasingh/Library/Developer/Xcode/DerivedData/Chatlio-erkyzdeecsohoaggpwbjdvavzqfv/Build/Products/Debug-iphonesimulator -Isystem /Applications/Xcode.app/Contents/Developer/Platforms/iPhoneSimulator.platform/Developer/usr/lib -F /Users/aadityasingh/Library/Developer/Xcode/DerivedData/Chatlio-erkyzdeecsohoaggpwbjdvavzqfv/Build/Products/Debug-iphonesimulator -F /Applications/Xcode.app/Contents/Developer/Platforms/iPhoneSimulator.platform/Developer/Library/Frameworks -F /Applications/Xcode.app/Contents/Developer/Platforms/iPhoneSimulator.platform/Developer/SDKs/iPhoneSimulator26.4.sdk/Developer/Library/Frameworks -c -j12 -enable-batch-mode -incremental -Xcc -ivfsstatcache -Xcc /Users/aadityasingh/Library/Developer/Xcode/DerivedData/SDKStatCaches.noindex/iphonesimulator26.4-23E252-686eebb5dc1d8ecb277353a59184f4aa.sdkstatcache -output-file-map /Users/aadityasingh/Library/Developer/Xcode/DerivedData/Chatlio-erkyzdeecsohoaggpwbjdvavzqfv/Build/Intermediates.noindex/Flow.build/Debug-iphonesimulator/Flow.build/Objects-normal/arm64/Flow-OutputFileMap.json -use-frontend-parseable-output -save-temps -no-color-diagnostics -explicit-module-build -module-cache-path /Users/aadityasingh/Library/Developer/Xcode/DerivedData/Chatlio-erkyzdeecsohoaggpwbjdvavzqfv/Build/Intermediates.noindex/SwiftExplicitPrecompiledModules -clang-scanner-module-cache-path /Users/aadityasingh/Library/Developer/Xcode/DerivedData/ModuleCache.noindex -sdk-module-cache-path /Users/aadityasingh/Library/Developer/Xcode/DerivedData/ModuleCache.noindex -serialize-diagnostics -emit-dependencies -emit-module -emit-module-path /Users/aadityasingh/Library/Developer/Xcode/DerivedData/Chatlio-erkyzdeecsohoaggpwbjdvavzqfv/Build/Intermediates.noindex/Flow.build/Debug-iphonesimulator/Flow.build/Objects-normal/arm64/Flow.swiftmodule -user-module-version 3.1.1 -validate-clang-modules-once -clang-build-session-file /Users/aadityasingh/Library/Developer/Xcode/DerivedData/ModuleCache.noindex/Session.modulevalidation -package-name swiftui_flow -Xcc -I/Users/aadityasingh/Library/Developer/Xcode/DerivedData/Chatlio-erkyzdeecsohoaggpwbjdvavzqfv/Build/Intermediates.noindex/Flow.build/Debug-iphonesimulator/Flow.build/swift-overrides.hmap -emit-const-values -Xfrontend -const-gather-protocols-file -Xfrontend /Users/aadityasingh/Library/Developer/Xcode/DerivedData/Chatlio-erkyzdeecsohoaggpwbjdvavzqfv/Build/Intermediates.noindex/Flow.build/Debug-iphonesimulator/Flow.build/Objects-normal/arm64/Flow_const_extract_protocols.json -Xcc -I/Users/aadityasingh/Library/Developer/Xcode/DerivedData/Chatlio-erkyzdeecsohoaggpwbjdvavzqfv/Build/Products/Debug-iphonesimulator/include -Xcc -I/Users/aadityasingh/Library/Developer/Xcode/DerivedData/Chatlio-erkyzdeecsohoaggpwbjdvavzqfv/Build/Intermediates.noindex/Flow.build/Debug-iphonesimulator/Flow.build/DerivedSources-normal/arm64 -Xcc -I/Users/aadityasingh/Library/Developer/Xcode/DerivedData/Chatlio-erkyzdeecsohoaggpwbjdvavzqfv/Build/Intermediates.noindex/Flow.build/Debug-iphonesimulator/Flow.build/DerivedSources/arm64 -Xcc -I/Users/aadityasingh/Library/Developer/Xcode/DerivedData/Chatlio-erkyzdeecsohoaggpwbjdvavzqfv/Build/Intermediates.noindex/Flow.build/Debug-iphonesimulator/Flow.build/DerivedSources -Xcc -DSWIFT_PACKAGE -Xcc -DDEBUG\=1 -emit-objc-header -emit-objc-header-path /Users/aadityasingh/Library/Developer/Xcode/DerivedData/Chatlio-erkyzdeecsohoaggpwbjdvavzqfv/Build/Intermediates.noindex/Flow.build/Debug-iphonesimulator/Flow.build/Objects-normal/arm64/Flow-Swift.h -working-directory /Users/aadityasingh/Documents/Development/element-x-ios/Chatlio.xcodeproj -experimental-emit-module-separately -disable-cmo

SwiftDriver\ Compilation Emojibase normal x86_64 com.apple.xcode.tools.swift.compiler (in target 'Emojibase' from project 'Emojibase')
    cd /Users/aadityasingh/Documents/Development/element-x-ios/Chatlio.xcodeproj
    builtin-Swift-Compilation -- /Applications/Xcode.app/Contents/Developer/Toolchains/XcodeDefault.xctoolchain/usr/bin/swiftc -module-name Emojibase -Onone @/Users/aadityasingh/Library/Developer/Xcode/DerivedData/Chatlio-erkyzdeecsohoaggpwbjdvavzqfv/Build/Intermediates.noindex/Emojibase.build/Debug-iphonesimulator/Emojibase.build/Objects-normal/x86_64/Emojibase.SwiftFileList -DSWIFT_PACKAGE -DDEBUG -DSWIFT_MODULE_RESOURCE_BUNDLE_AVAILABLE -DXcode -plugin-path /Applications/Xcode.app/Contents/Developer/Toolchains/XcodeDefault.xctoolchain/usr/lib/swift/host/plugins/testing -enable-experimental-feature DebugDescriptionMacro -sdk /Applications/Xcode.app/Contents/Developer/Platforms/iPhoneSimulator.platform/Developer/SDKs/iPhoneSimulator26.4.sdk -target x86_64-apple-ios16.0-simulator -g -module-cache-path /Users/aadityasingh/Library/Developer/Xcode/DerivedData/ModuleCache.noindex -Xfrontend -serialize-debugging-options -profile-coverage-mapping -profile-generate -enable-testing -suppress-warnings -index-store-path /Users/aadityasingh/Library/Developer/Xcode/DerivedData/Chatlio-erkyzdeecsohoaggpwbjdvavzqfv/Index.noindex/DataStore -Xcc -D_LIBCPP_HARDENING_MODE\=_LIBCPP_HARDENING_MODE_DEBUG -swift-version 5 -I /Users/aadityasingh/Library/Developer/Xcode/DerivedData/Chatlio-erkyzdeecsohoaggpwbjdvavzqfv/Build/Products/Debug-iphonesimulator -Isystem /Applications/Xcode.app/Contents/Developer/Platforms/iPhoneSimulator.platform/Developer/usr/lib -F /Users/aadityasingh/Library/Developer/Xcode/DerivedData/Chatlio-erkyzdeecsohoaggpwbjdvavzqfv/Build/Products/Debug-iphonesimulator -F /Applications/Xcode.app/Contents/Developer/Platforms/iPhoneSimulator.platform/Developer/Library/Frameworks -F /Applications/Xcode.app/Contents/Developer/Platforms/iPhoneSimulator.platform/Developer/SDKs/iPhoneSimulator26.4.sdk/Developer/Library/Frameworks -c -j12 -enable-batch-mode -incremental -Xcc -ivfsstatcache -Xcc /Users/aadityasingh/Library/Developer/Xcode/DerivedData/SDKStatCaches.noindex/iphonesimulator26.4-23E252-686eebb5dc1d8ecb277353a59184f4aa.sdkstatcache -output-file-map /Users/aadityasingh/Library/Developer/Xcode/DerivedData/Chatlio-erkyzdeecsohoaggpwbjdvavzqfv/Build/Intermediates.noindex/Emojibase.build/Debug-iphonesimulator/Emojibase.build/Objects-normal/x86_64/Emojibase-OutputFileMap.json -use-frontend-parseable-output -save-temps -no-color-diagnostics -explicit-module-build -module-cache-path /Users/aadityasingh/Library/Developer/Xcode/DerivedData/Chatlio-erkyzdeecsohoaggpwbjdvavzqfv/Build/Intermediates.noindex/SwiftExplicitPrecompiledModules -clang-scanner-module-cache-path /Users/aadityasingh/Library/Developer/Xcode/DerivedData/ModuleCache.noindex -sdk-module-cache-path /Users/aadityasingh/Library/Developer/Xcode/DerivedData/ModuleCache.noindex -serialize-diagnostics -emit-dependencies -emit-module -emit-module-path /Users/aadityasingh/Library/Developer/Xcode/DerivedData/Chatlio-erkyzdeecsohoaggpwbjdvavzqfv/Build/Intermediates.noindex/Emojibase.build/Debug-iphonesimulator/Emojibase.build/Objects-normal/x86_64/Emojibase.swiftmodule -validate-clang-modules-once -clang-build-session-file /Users/aadityasingh/Library/Developer/Xcode/DerivedData/ModuleCache.noindex/Session.modulevalidation -Xcc -I/Users/aadityasingh/Library/Developer/Xcode/DerivedData/Chatlio-erkyzdeecsohoaggpwbjdvavzqfv/Build/Intermediates.noindex/Emojibase.build/Debug-iphonesimulator/Emojibase.build/swift-overrides.hmap -emit-const-values -Xfrontend -const-gather-protocols-file -Xfrontend /Users/aadityasingh/Library/Developer/Xcode/DerivedData/Chatlio-erkyzdeecsohoaggpwbjdvavzqfv/Build/Intermediates.noindex/Emojibase.build/Debug-iphonesimulator/Emojibase.build/Objects-normal/x86_64/Emojibase_const_extract_protocols.json -Xcc -I/Users/aadityasingh/Library/Developer/Xcode/DerivedData/Chatlio-erkyzdeecsohoaggpwbjdvavzqfv/Build/Products/Debug-iphonesimulator/include -Xcc -I/Users/aadityasingh/Library/Developer/Xcode/DerivedData/Chatlio-erkyzdeecsohoaggpwbjdvavzqfv/Build/Intermediates.noindex/Emojibase.build/Debug-iphonesimulator/Emojibase.build/DerivedSources-normal/x86_64 -Xcc -I/Users/aadityasingh/Library/Developer/Xcode/DerivedData/Chatlio-erkyzdeecsohoaggpwbjdvavzqfv/Build/Intermediates.noindex/Emojibase.build/Debug-iphonesimulator/Emojibase.build/DerivedSources/x86_64 -Xcc -I/Users/aadityasingh/Library/Developer/Xcode/DerivedData/Chatlio-erkyzdeecsohoaggpwbjdvavzqfv/Build/Intermediates.noindex/Emojibase.build/Debug-iphonesimulator/Emojibase.build/DerivedSources -Xcc -DSWIFT_PACKAGE -Xcc -DDEBUG\=1 -emit-objc-header -emit-objc-header-path /Users/aadityasingh/Library/Developer/Xcode/DerivedData/Chatlio-erkyzdeecsohoaggpwbjdvavzqfv/Build/Intermediates.noindex/Emojibase.build/Debug-iphonesimulator/Emojibase.build/Objects-normal/x86_64/Emojibase-Swift.h -working-directory /Users/aadityasingh/Documents/Development/element-x-ios/Chatlio.xcodeproj -experimental-emit-module-separately -disable-cmo

SwiftDriver\ Compilation Emojibase normal arm64 com.apple.xcode.tools.swift.compiler (in target 'Emojibase' from project 'Emojibase')
    cd /Users/aadityasingh/Documents/Development/element-x-ios/Chatlio.xcodeproj
    builtin-Swift-Compilation -- /Applications/Xcode.app/Contents/Developer/Toolchains/XcodeDefault.xctoolchain/usr/bin/swiftc -module-name Emojibase -Onone @/Users/aadityasingh/Library/Developer/Xcode/DerivedData/Chatlio-erkyzdeecsohoaggpwbjdvavzqfv/Build/Intermediates.noindex/Emojibase.build/Debug-iphonesimulator/Emojibase.build/Objects-normal/arm64/Emojibase.SwiftFileList -DSWIFT_PACKAGE -DDEBUG -DSWIFT_MODULE_RESOURCE_BUNDLE_AVAILABLE -DXcode -plugin-path /Applications/Xcode.app/Contents/Developer/Toolchains/XcodeDefault.xctoolchain/usr/lib/swift/host/plugins/testing -enable-experimental-feature DebugDescriptionMacro -sdk /Applications/Xcode.app/Contents/Developer/Platforms/iPhoneSimulator.platform/Developer/SDKs/iPhoneSimulator26.4.sdk -target arm64-apple-ios16.0-simulator -g -module-cache-path /Users/aadityasingh/Library/Developer/Xcode/DerivedData/ModuleCache.noindex -Xfrontend -serialize-debugging-options -profile-coverage-mapping -profile-generate -enable-testing -suppress-warnings -index-store-path /Users/aadityasingh/Library/Developer/Xcode/DerivedData/Chatlio-erkyzdeecsohoaggpwbjdvavzqfv/Index.noindex/DataStore -Xcc -D_LIBCPP_HARDENING_MODE\=_LIBCPP_HARDENING_MODE_DEBUG -swift-version 5 -I /Users/aadityasingh/Library/Developer/Xcode/DerivedData/Chatlio-erkyzdeecsohoaggpwbjdvavzqfv/Build/Products/Debug-iphonesimulator -Isystem /Applications/Xcode.app/Contents/Developer/Platforms/iPhoneSimulator.platform/Developer/usr/lib -F /Users/aadityasingh/Library/Developer/Xcode/DerivedData/Chatlio-erkyzdeecsohoaggpwbjdvavzqfv/Build/Products/Debug-iphonesimulator -F /Applications/Xcode.app/Contents/Developer/Platforms/iPhoneSimulator.platform/Developer/Library/Frameworks -F /Applications/Xcode.app/Contents/Developer/Platforms/iPhoneSimulator.platform/Developer/SDKs/iPhoneSimulator26.4.sdk/Developer/Library/Frameworks -c -j12 -enable-batch-mode -incremental -Xcc -ivfsstatcache -Xcc /Users/aadityasingh/Library/Developer/Xcode/DerivedData/SDKStatCaches.noindex/iphonesimulator26.4-23E252-686eebb5dc1d8ecb277353a59184f4aa.sdkstatcache -output-file-map /Users/aadityasingh/Library/Developer/Xcode/DerivedData/Chatlio-erkyzdeecsohoaggpwbjdvavzqfv/Build/Intermediates.noindex/Emojibase.build/Debug-iphonesimulator/Emojibase.build/Objects-normal/arm64/Emojibase-OutputFileMap.json -use-frontend-parseable-output -save-temps -no-color-diagnostics -explicit-module-build -module-cache-path /Users/aadityasingh/Library/Developer/Xcode/DerivedData/Chatlio-erkyzdeecsohoaggpwbjdvavzqfv/Build/Intermediates.noindex/SwiftExplicitPrecompiledModules -clang-scanner-module-cache-path /Users/aadityasingh/Library/Developer/Xcode/DerivedData/ModuleCache.noindex -sdk-module-cache-path /Users/aadityasingh/Library/Developer/Xcode/DerivedData/ModuleCache.noindex -serialize-diagnostics -emit-dependencies -emit-module -emit-module-path /Users/aadityasingh/Library/Developer/Xcode/DerivedData/Chatlio-erkyzdeecsohoaggpwbjdvavzqfv/Build/Intermediates.noindex/Emojibase.build/Debug-iphonesimulator/Emojibase.build/Objects-normal/arm64/Emojibase.swiftmodule -validate-clang-modules-once -clang-build-session-file /Users/aadityasingh/Library/Developer/Xcode/DerivedData/ModuleCache.noindex/Session.modulevalidation -Xcc -I/Users/aadityasingh/Library/Developer/Xcode/DerivedData/Chatlio-erkyzdeecsohoaggpwbjdvavzqfv/Build/Intermediates.noindex/Emojibase.build/Debug-iphonesimulator/Emojibase.build/swift-overrides.hmap -emit-const-values -Xfrontend -const-gather-protocols-file -Xfrontend /Users/aadityasingh/Library/Developer/Xcode/DerivedData/Chatlio-erkyzdeecsohoaggpwbjdvavzqfv/Build/Intermediates.noindex/Emojibase.build/Debug-iphonesimulator/Emojibase.build/Objects-normal/arm64/Emojibase_const_extract_protocols.json -Xcc -I/Users/aadityasingh/Library/Developer/Xcode/DerivedData/Chatlio-erkyzdeecsohoaggpwbjdvavzqfv/Build/Products/Debug-iphonesimulator/include -Xcc -I/Users/aadityasingh/Library/Developer/Xcode/DerivedData/Chatlio-erkyzdeecsohoaggpwbjdvavzqfv/Build/Intermediates.noindex/Emojibase.build/Debug-iphonesimulator/Emojibase.build/DerivedSources-normal/arm64 -Xcc -I/Users/aadityasingh/Library/Developer/Xcode/DerivedData/Chatlio-erkyzdeecsohoaggpwbjdvavzqfv/Build/Intermediates.noindex/Emojibase.build/Debug-iphonesimulator/Emojibase.build/DerivedSources/arm64 -Xcc -I/Users/aadityasingh/Library/Developer/Xcode/DerivedData/Chatlio-erkyzdeecsohoaggpwbjdvavzqfv/Build/Intermediates.noindex/Emojibase.build/Debug-iphonesimulator/Emojibase.build/DerivedSources -Xcc -DSWIFT_PACKAGE -Xcc -DDEBUG\=1 -emit-objc-header -emit-objc-header-path /Users/aadityasingh/Library/Developer/Xcode/DerivedData/Chatlio-erkyzdeecsohoaggpwbjdvavzqfv/Build/Intermediates.noindex/Emojibase.build/Debug-iphonesimulator/Emojibase.build/Objects-normal/arm64/Emojibase-Swift.h -working-directory /Users/aadityasingh/Documents/Development/element-x-ios/Chatlio.xcodeproj -experimental-emit-module-separately -disable-cmo

ProcessInfoPlistFile /Users/aadityasingh/Library/Developer/Xcode/DerivedData/Chatlio-erkyzdeecsohoaggpwbjdvavzqfv/Build/Products/Debug-iphonesimulator/EmbeddedElementCall_EmbeddedElementCall.bundle/Info.plist /Users/aadityasingh/Library/Developer/Xcode/DerivedData/Chatlio-erkyzdeecsohoaggpwbjdvavzqfv/Build/Intermediates.noindex/EmbeddedElementCall.build/Debug-iphonesimulator/EmbeddedElementCall_EmbeddedElementCall.build/empty-EmbeddedElementCall_EmbeddedElementCall.plist (in target 'EmbeddedElementCall_EmbeddedElementCall' from project 'EmbeddedElementCall')
    cd /Users/aadityasingh/Library/Developer/Xcode/DerivedData/Chatlio-erkyzdeecsohoaggpwbjdvavzqfv/SourcePackages/checkouts/element-call-swift
    builtin-infoPlistUtility /Users/aadityasingh/Library/Developer/Xcode/DerivedData/Chatlio-erkyzdeecsohoaggpwbjdvavzqfv/Build/Intermediates.noindex/EmbeddedElementCall.build/Debug-iphonesimulator/EmbeddedElementCall_EmbeddedElementCall.build/empty-EmbeddedElementCall_EmbeddedElementCall.plist -producttype com.apple.product-type.bundle -expandbuildsettings -format binary -platform iphonesimulator -o /Users/aadityasingh/Library/Developer/Xcode/DerivedData/Chatlio-erkyzdeecsohoaggpwbjdvavzqfv/Build/Products/Debug-iphonesimulator/EmbeddedElementCall_EmbeddedElementCall.bundle/Info.plist

Ld /Users/aadityasingh/Library/Developer/Xcode/DerivedData/Chatlio-erkyzdeecsohoaggpwbjdvavzqfv/Build/Intermediates.noindex/Sentry.build/Debug-iphonesimulator/SentrySwiftUI.build/Objects-normal/arm64/Binary/SentrySwiftUI.o normal arm64 (in target 'SentrySwiftUI' from project 'Sentry')
    cd /Users/aadityasingh/Library/Developer/Xcode/DerivedData/Chatlio-erkyzdeecsohoaggpwbjdvavzqfv/SourcePackages/checkouts/sentry-cocoa
    /Applications/Xcode.app/Contents/Developer/Toolchains/XcodeDefault.xctoolchain/usr/bin/clang -Xlinker -reproducible -target arm64-apple-ios15.0-simulator -r -isysroot /Applications/Xcode.app/Contents/Developer/Platforms/iPhoneSimulator.platform/Developer/SDKs/iPhoneSimulator26.4.sdk -O0 -w -F/Users/aadityasingh/Library/Developer/Xcode/DerivedData/Chatlio-erkyzdeecsohoaggpwbjdvavzqfv/Build/Intermediates.noindex/EagerLinkingTBDs/Debug-iphonesimulator -F/Users/aadityasingh/Library/Developer/Xcode/DerivedData/Chatlio-erkyzdeecsohoaggpwbjdvavzqfv/Build/Products/Debug-iphonesimulator/PackageFrameworks -F/Users/aadityasingh/Library/Developer/Xcode/DerivedData/Chatlio-erkyzdeecsohoaggpwbjdvavzqfv/Build/Products/Debug-iphonesimulator -iframework /Applications/Xcode.app/Contents/Developer/Platforms/iPhoneSimulator.platform/Developer/Library/Frameworks -iframework /Applications/Xcode.app/Contents/Developer/Platforms/iPhoneSimulator.platform/Developer/SDKs/iPhoneSimulator26.4.sdk/Developer/Library/Frameworks -filelist /Users/aadityasingh/Library/Developer/Xcode/DerivedData/Chatlio-erkyzdeecsohoaggpwbjdvavzqfv/Build/Intermediates.noindex/Sentry.build/Debug-iphonesimulator/SentrySwiftUI.build/Objects-normal/arm64/SentrySwiftUI.LinkFileList -nostdlib -Xlinker -object_path_lto -Xlinker /Users/aadityasingh/Library/Developer/Xcode/DerivedData/Chatlio-erkyzdeecsohoaggpwbjdvavzqfv/Build/Intermediates.noindex/Sentry.build/Debug-iphonesimulator/SentrySwiftUI.build/Objects-normal/arm64/SentrySwiftUI_lto.o -Xlinker -no_deduplicate -Xlinker -objc_abi_version -Xlinker 2 -Xlinker -debug_variant -Xlinker -dependency_info -Xlinker /Users/aadityasingh/Library/Developer/Xcode/DerivedData/Chatlio-erkyzdeecsohoaggpwbjdvavzqfv/Build/Intermediates.noindex/Sentry.build/Debug-iphonesimulator/SentrySwiftUI.build/Objects-normal/arm64/SentrySwiftUI_dependency_info.dat -fobjc-link-runtime -L/Applications/Xcode.app/Contents/Developer/Toolchains/XcodeDefault.xctoolchain/usr/lib/swift/iphonesimulator -L/usr/lib/swift -Xlinker -add_ast_path -Xlinker /Users/aadityasingh/Library/Developer/Xcode/DerivedData/Chatlio-erkyzdeecsohoaggpwbjdvavzqfv/Build/Intermediates.noindex/Sentry.build/Debug-iphonesimulator/SentrySwiftUI.build/Objects-normal/arm64/SentrySwiftUI.swiftmodule @/Users/aadityasingh/Library/Developer/Xcode/DerivedData/Chatlio-erkyzdeecsohoaggpwbjdvavzqfv/Build/Intermediates.noindex/Sentry.build/Debug-iphonesimulator/SentrySwiftUI.build/Objects-normal/arm64/SentrySwiftUI-linker-args.resp -o /Users/aadityasingh/Library/Developer/Xcode/DerivedData/Chatlio-erkyzdeecsohoaggpwbjdvavzqfv/Build/Intermediates.noindex/Sentry.build/Debug-iphonesimulator/SentrySwiftUI.build/Objects-normal/arm64/Binary/SentrySwiftUI.o

Ld /Users/aadityasingh/Library/Developer/Xcode/DerivedData/Chatlio-erkyzdeecsohoaggpwbjdvavzqfv/Build/Intermediates.noindex/Sentry.build/Debug-iphonesimulator/SentrySwiftUI.build/Objects-normal/x86_64/Binary/SentrySwiftUI.o normal x86_64 (in target 'SentrySwiftUI' from project 'Sentry')
    cd /Users/aadityasingh/Library/Developer/Xcode/DerivedData/Chatlio-erkyzdeecsohoaggpwbjdvavzqfv/SourcePackages/checkouts/sentry-cocoa
    /Applications/Xcode.app/Contents/Developer/Toolchains/XcodeDefault.xctoolchain/usr/bin/clang -Xlinker -reproducible -target x86_64-apple-ios15.0-simulator -r -isysroot /Applications/Xcode.app/Contents/Developer/Platforms/iPhoneSimulator.platform/Developer/SDKs/iPhoneSimulator26.4.sdk -O0 -w -F/Users/aadityasingh/Library/Developer/Xcode/DerivedData/Chatlio-erkyzdeecsohoaggpwbjdvavzqfv/Build/Intermediates.noindex/EagerLinkingTBDs/Debug-iphonesimulator -F/Users/aadityasingh/Library/Developer/Xcode/DerivedData/Chatlio-erkyzdeecsohoaggpwbjdvavzqfv/Build/Products/Debug-iphonesimulator/PackageFrameworks -F/Users/aadityasingh/Library/Developer/Xcode/DerivedData/Chatlio-erkyzdeecsohoaggpwbjdvavzqfv/Build/Products/Debug-iphonesimulator -iframework /Applications/Xcode.app/Contents/Developer/Platforms/iPhoneSimulator.platform/Developer/Library/Frameworks -iframework /Applications/Xcode.app/Contents/Developer/Platforms/iPhoneSimulator.platform/Developer/SDKs/iPhoneSimulator26.4.sdk/Developer/Library/Frameworks -filelist /Users/aadityasingh/Library/Developer/Xcode/DerivedData/Chatlio-erkyzdeecsohoaggpwbjdvavzqfv/Build/Intermediates.noindex/Sentry.build/Debug-iphonesimulator/SentrySwiftUI.build/Objects-normal/x86_64/SentrySwiftUI.LinkFileList -nostdlib -Xlinker -object_path_lto -Xlinker /Users/aadityasingh/Library/Developer/Xcode/DerivedData/Chatlio-erkyzdeecsohoaggpwbjdvavzqfv/Build/Intermediates.noindex/Sentry.build/Debug-iphonesimulator/SentrySwiftUI.build/Objects-normal/x86_64/SentrySwiftUI_lto.o -Xlinker -no_deduplicate -Xlinker -objc_abi_version -Xlinker 2 -Xlinker -debug_variant -Xlinker -dependency_info -Xlinker /Users/aadityasingh/Library/Developer/Xcode/DerivedData/Chatlio-erkyzdeecsohoaggpwbjdvavzqfv/Build/Intermediates.noindex/Sentry.build/Debug-iphonesimulator/SentrySwiftUI.build/Objects-normal/x86_64/SentrySwiftUI_dependency_info.dat -fobjc-link-runtime -L/Applications/Xcode.app/Contents/Developer/Toolchains/XcodeDefault.xctoolchain/usr/lib/swift/iphonesimulator -L/usr/lib/swift -Xlinker -add_ast_path -Xlinker /Users/aadityasingh/Library/Developer/Xcode/DerivedData/Chatlio-erkyzdeecsohoaggpwbjdvavzqfv/Build/Intermediates.noindex/Sentry.build/Debug-iphonesimulator/SentrySwiftUI.build/Objects-normal/x86_64/SentrySwiftUI.swiftmodule @/Users/aadityasingh/Library/Developer/Xcode/DerivedData/Chatlio-erkyzdeecsohoaggpwbjdvavzqfv/Build/Intermediates.noindex/Sentry.build/Debug-iphonesimulator/SentrySwiftUI.build/Objects-normal/x86_64/SentrySwiftUI-linker-args.resp -o /Users/aadityasingh/Library/Developer/Xcode/DerivedData/Chatlio-erkyzdeecsohoaggpwbjdvavzqfv/Build/Intermediates.noindex/Sentry.build/Debug-iphonesimulator/SentrySwiftUI.build/Objects-normal/x86_64/Binary/SentrySwiftUI.o

Ld /Users/aadityasingh/Library/Developer/Xcode/DerivedData/Chatlio-erkyzdeecsohoaggpwbjdvavzqfv/Build/Intermediates.noindex/Flow.build/Debug-iphonesimulator/Flow.build/Objects-normal/x86_64/Binary/Flow.o normal x86_64 (in target 'Flow' from project 'Flow')
    cd /Users/aadityasingh/Library/Developer/Xcode/DerivedData/Chatlio-erkyzdeecsohoaggpwbjdvavzqfv/SourcePackages/checkouts/SwiftUI-Flow
    /Applications/Xcode.app/Contents/Developer/Toolchains/XcodeDefault.xctoolchain/usr/bin/clang -Xlinker -reproducible -target x86_64-apple-ios16.0-simulator -r -isysroot /Applications/Xcode.app/Contents/Developer/Platforms/iPhoneSimulator.platform/Developer/SDKs/iPhoneSimulator26.4.sdk -O0 -w -F/Users/aadityasingh/Library/Developer/Xcode/DerivedData/Chatlio-erkyzdeecsohoaggpwbjdvavzqfv/Build/Intermediates.noindex/EagerLinkingTBDs/Debug-iphonesimulator -F/Users/aadityasingh/Library/Developer/Xcode/DerivedData/Chatlio-erkyzdeecsohoaggpwbjdvavzqfv/Build/Products/Debug-iphonesimulator -iframework /Applications/Xcode.app/Contents/Developer/Platforms/iPhoneSimulator.platform/Developer/Library/Frameworks -iframework /Applications/Xcode.app/Contents/Developer/Platforms/iPhoneSimulator.platform/Developer/SDKs/iPhoneSimulator26.4.sdk/Developer/Library/Frameworks -filelist /Users/aadityasingh/Library/Developer/Xcode/DerivedData/Chatlio-erkyzdeecsohoaggpwbjdvavzqfv/Build/Intermediates.noindex/Flow.build/Debug-iphonesimulator/Flow.build/Objects-normal/x86_64/Flow.LinkFileList -nostdlib -Xlinker -object_path_lto -Xlinker /Users/aadityasingh/Library/Developer/Xcode/DerivedData/Chatlio-erkyzdeecsohoaggpwbjdvavzqfv/Build/Intermediates.noindex/Flow.build/Debug-iphonesimulator/Flow.build/Objects-normal/x86_64/Flow_lto.o -Xlinker -no_deduplicate -Xlinker -objc_abi_version -Xlinker 2 -Xlinker -debug_variant -Xlinker -dependency_info -Xlinker /Users/aadityasingh/Library/Developer/Xcode/DerivedData/Chatlio-erkyzdeecsohoaggpwbjdvavzqfv/Build/Intermediates.noindex/Flow.build/Debug-iphonesimulator/Flow.build/Objects-normal/x86_64/Flow_dependency_info.dat -fobjc-link-runtime -L/Applications/Xcode.app/Contents/Developer/Toolchains/XcodeDefault.xctoolchain/usr/lib/swift/iphonesimulator -L/usr/lib/swift -Xlinker -add_ast_path -Xlinker /Users/aadityasingh/Library/Developer/Xcode/DerivedData/Chatlio-erkyzdeecsohoaggpwbjdvavzqfv/Build/Intermediates.noindex/Flow.build/Debug-iphonesimulator/Flow.build/Objects-normal/x86_64/Flow.swiftmodule @/Users/aadityasingh/Library/Developer/Xcode/DerivedData/Chatlio-erkyzdeecsohoaggpwbjdvavzqfv/Build/Intermediates.noindex/Flow.build/Debug-iphonesimulator/Flow.build/Objects-normal/x86_64/Flow-linker-args.resp -o /Users/aadityasingh/Library/Developer/Xcode/DerivedData/Chatlio-erkyzdeecsohoaggpwbjdvavzqfv/Build/Intermediates.noindex/Flow.build/Debug-iphonesimulator/Flow.build/Objects-normal/x86_64/Binary/Flow.o

Ld /Users/aadityasingh/Library/Developer/Xcode/DerivedData/Chatlio-erkyzdeecsohoaggpwbjdvavzqfv/Build/Intermediates.noindex/Flow.build/Debug-iphonesimulator/Flow.build/Objects-normal/arm64/Binary/Flow.o normal arm64 (in target 'Flow' from project 'Flow')
    cd /Users/aadityasingh/Library/Developer/Xcode/DerivedData/Chatlio-erkyzdeecsohoaggpwbjdvavzqfv/SourcePackages/checkouts/SwiftUI-Flow
    /Applications/Xcode.app/Contents/Developer/Toolchains/XcodeDefault.xctoolchain/usr/bin/clang -Xlinker -reproducible -target arm64-apple-ios16.0-simulator -r -isysroot /Applications/Xcode.app/Contents/Developer/Platforms/iPhoneSimulator.platform/Developer/SDKs/iPhoneSimulator26.4.sdk -O0 -w -F/Users/aadityasingh/Library/Developer/Xcode/DerivedData/Chatlio-erkyzdeecsohoaggpwbjdvavzqfv/Build/Intermediates.noindex/EagerLinkingTBDs/Debug-iphonesimulator -F/Users/aadityasingh/Library/Developer/Xcode/DerivedData/Chatlio-erkyzdeecsohoaggpwbjdvavzqfv/Build/Products/Debug-iphonesimulator -iframework /Applications/Xcode.app/Contents/Developer/Platforms/iPhoneSimulator.platform/Developer/Library/Frameworks -iframework /Applications/Xcode.app/Contents/Developer/Platforms/iPhoneSimulator.platform/Developer/SDKs/iPhoneSimulator26.4.sdk/Developer/Library/Frameworks -filelist /Users/aadityasingh/Library/Developer/Xcode/DerivedData/Chatlio-erkyzdeecsohoaggpwbjdvavzqfv/Build/Intermediates.noindex/Flow.build/Debug-iphonesimulator/Flow.build/Objects-normal/arm64/Flow.LinkFileList -nostdlib -Xlinker -object_path_lto -Xlinker /Users/aadityasingh/Library/Developer/Xcode/DerivedData/Chatlio-erkyzdeecsohoaggpwbjdvavzqfv/Build/Intermediates.noindex/Flow.build/Debug-iphonesimulator/Flow.build/Objects-normal/arm64/Flow_lto.o -Xlinker -no_deduplicate -Xlinker -objc_abi_version -Xlinker 2 -Xlinker -debug_variant -Xlinker -dependency_info -Xlinker /Users/aadityasingh/Library/Developer/Xcode/DerivedData/Chatlio-erkyzdeecsohoaggpwbjdvavzqfv/Build/Intermediates.noindex/Flow.build/Debug-iphonesimulator/Flow.build/Objects-normal/arm64/Flow_dependency_info.dat -fobjc-link-runtime -L/Applications/Xcode.app/Contents/Developer/Toolchains/XcodeDefault.xctoolchain/usr/lib/swift/iphonesimulator -L/usr/lib/swift -Xlinker -add_ast_path -Xlinker /Users/aadityasingh/Library/Developer/Xcode/DerivedData/Chatlio-erkyzdeecsohoaggpwbjdvavzqfv/Build/Intermediates.noindex/Flow.build/Debug-iphonesimulator/Flow.build/Objects-normal/arm64/Flow.swiftmodule @/Users/aadityasingh/Library/Developer/Xcode/DerivedData/Chatlio-erkyzdeecsohoaggpwbjdvavzqfv/Build/Intermediates.noindex/Flow.build/Debug-iphonesimulator/Flow.build/Objects-normal/arm64/Flow-linker-args.resp -o /Users/aadityasingh/Library/Developer/Xcode/DerivedData/Chatlio-erkyzdeecsohoaggpwbjdvavzqfv/Build/Intermediates.noindex/Flow.build/Debug-iphonesimulator/Flow.build/Objects-normal/arm64/Binary/Flow.o

SwiftEmitModule normal arm64 Emitting\ module\ for\ EmbeddedElementCall (in target 'EmbeddedElementCall' from project 'EmbeddedElementCall')

EmitSwiftModule normal arm64 (in target 'EmbeddedElementCall' from project 'EmbeddedElementCall')
    cd /Users/aadityasingh/Documents/Development/element-x-ios/Chatlio.xcodeproj
    

CreateUniversalBinary /Users/aadityasingh/Library/Developer/Xcode/DerivedData/Chatlio-erkyzdeecsohoaggpwbjdvavzqfv/Build/Products/Debug-iphonesimulator/SentrySwiftUI.o normal arm64\ x86_64 (in target 'SentrySwiftUI' from project 'Sentry')
    cd /Users/aadityasingh/Library/Developer/Xcode/DerivedData/Chatlio-erkyzdeecsohoaggpwbjdvavzqfv/SourcePackages/checkouts/sentry-cocoa
    /Applications/Xcode.app/Contents/Developer/Toolchains/XcodeDefault.xctoolchain/usr/bin/lipo -create /Users/aadityasingh/Library/Developer/Xcode/DerivedData/Chatlio-erkyzdeecsohoaggpwbjdvavzqfv/Build/Intermediates.noindex/Sentry.build/Debug-iphonesimulator/SentrySwiftUI.build/Objects-normal/arm64/Binary/SentrySwiftUI.o /Users/aadityasingh/Library/Developer/Xcode/DerivedData/Chatlio-erkyzdeecsohoaggpwbjdvavzqfv/Build/Intermediates.noindex/Sentry.build/Debug-iphonesimulator/SentrySwiftUI.build/Objects-normal/x86_64/Binary/SentrySwiftUI.o -output /Users/aadityasingh/Library/Developer/Xcode/DerivedData/Chatlio-erkyzdeecsohoaggpwbjdvavzqfv/Build/Products/Debug-iphonesimulator/SentrySwiftUI.o

SwiftExplicitDependencyGeneratePcm x86_64 /Users/aadityasingh/Library/Developer/Xcode/DerivedData/Chatlio-erkyzdeecsohoaggpwbjdvavzqfv/Build/Intermediates.noindex/SwiftExplicitPrecompiledModules/_AtomicsShims-2Y03M3EEI4KP6D9V9YBV2SGG0.pcm

SwiftExplicitDependencyGeneratePcm arm64 /Users/aadityasingh/Library/Developer/Xcode/DerivedData/Chatlio-erkyzdeecsohoaggpwbjdvavzqfv/Build/Intermediates.noindex/SwiftExplicitPrecompiledModules/_AtomicsShims-D71XYH2ZIS866CRDRCAXRR2TP.pcm

CreateUniversalBinary /Users/aadityasingh/Library/Developer/Xcode/DerivedData/Chatlio-erkyzdeecsohoaggpwbjdvavzqfv/Build/Products/Debug-iphonesimulator/Flow.o normal arm64\ x86_64 (in target 'Flow' from project 'Flow')
    cd /Users/aadityasingh/Library/Developer/Xcode/DerivedData/Chatlio-erkyzdeecsohoaggpwbjdvavzqfv/SourcePackages/checkouts/SwiftUI-Flow
    /Applications/Xcode.app/Contents/Developer/Toolchains/XcodeDefault.xctoolchain/usr/bin/lipo -create /Users/aadityasingh/Library/Developer/Xcode/DerivedData/Chatlio-erkyzdeecsohoaggpwbjdvavzqfv/Build/Intermediates.noindex/Flow.build/Debug-iphonesimulator/Flow.build/Objects-normal/arm64/Binary/Flow.o /Users/aadityasingh/Library/Developer/Xcode/DerivedData/Chatlio-erkyzdeecsohoaggpwbjdvavzqfv/Build/Intermediates.noindex/Flow.build/Debug-iphonesimulator/Flow.build/Objects-normal/x86_64/Binary/Flow.o -output /Users/aadityasingh/Library/Developer/Xcode/DerivedData/Chatlio-erkyzdeecsohoaggpwbjdvavzqfv/Build/Products/Debug-iphonesimulator/Flow.o

SwiftDriverJobDiscovery normal x86_64 Emitting module for EmbeddedElementCall (in target 'EmbeddedElementCall' from project 'EmbeddedElementCall')

SwiftDriver\ Compilation\ Requirements EmbeddedElementCall normal x86_64 com.apple.xcode.tools.swift.compiler (in target 'EmbeddedElementCall' from project 'EmbeddedElementCall')
    cd /Users/aadityasingh/Documents/Development/element-x-ios/Chatlio.xcodeproj
    builtin-Swift-Compilation-Requirements -- /Applications/Xcode.app/Contents/Developer/Toolchains/XcodeDefault.xctoolchain/usr/bin/swiftc -module-name EmbeddedElementCall -Onone @/Users/aadityasingh/Library/Developer/Xcode/DerivedData/Chatlio-erkyzdeecsohoaggpwbjdvavzqfv/Build/Intermediates.noindex/EmbeddedElementCall.build/Debug-iphonesimulator/EmbeddedElementCall.build/Objects-normal/x86_64/EmbeddedElementCall.SwiftFileList -DSWIFT_PACKAGE -DDEBUG -DSWIFT_MODULE_RESOURCE_BUNDLE_AVAILABLE -DXcode -plugin-path /Applications/Xcode.app/Contents/Developer/Toolchains/XcodeDefault.xctoolchain/usr/lib/swift/host/plugins/testing -enable-experimental-feature DebugDescriptionMacro -sdk /Applications/Xcode.app/Contents/Developer/Platforms/iPhoneSimulator.platform/Developer/SDKs/iPhoneSimulator26.4.sdk -target x86_64-apple-ios17.0-simulator -g -module-cache-path /Users/aadityasingh/Library/Developer/Xcode/DerivedData/ModuleCache.noindex -Xfrontend -serialize-debugging-options -profile-coverage-mapping -profile-generate -enable-testing -suppress-warnings -index-store-path /Users/aadityasingh/Library/Developer/Xcode/DerivedData/Chatlio-erkyzdeecsohoaggpwbjdvavzqfv/Index.noindex/DataStore -Xcc -D_LIBCPP_HARDENING_MODE\=_LIBCPP_HARDENING_MODE_DEBUG -swift-version 6 -I /Users/aadityasingh/Library/Developer/Xcode/DerivedData/Chatlio-erkyzdeecsohoaggpwbjdvavzqfv/Build/Products/Debug-iphonesimulator -Isystem /Applications/Xcode.app/Contents/Developer/Platforms/iPhoneSimulator.platform/Developer/usr/lib -F /Users/aadityasingh/Library/Developer/Xcode/DerivedData/Chatlio-erkyzdeecsohoaggpwbjdvavzqfv/Build/Products/Debug-iphonesimulator -F /Applications/Xcode.app/Contents/Developer/Platforms/iPhoneSimulator.platform/Developer/Library/Frameworks -F /Applications/Xcode.app/Contents/Developer/Platforms/iPhoneSimulator.platform/Developer/SDKs/iPhoneSimulator26.4.sdk/Developer/Library/Frameworks -c -j12 -enable-batch-mode -incremental -Xcc -ivfsstatcache -Xcc /Users/aadityasingh/Library/Developer/Xcode/DerivedData/SDKStatCaches.noindex/iphonesimulator26.4-23E252-686eebb5dc1d8ecb277353a59184f4aa.sdkstatcache -output-file-map /Users/aadityasingh/Library/Developer/Xcode/DerivedData/Chatlio-erkyzdeecsohoaggpwbjdvavzqfv/Build/Intermediates.noindex/EmbeddedElementCall.build/Debug-iphonesimulator/EmbeddedElementCall.build/Objects-normal/x86_64/EmbeddedElementCall-OutputFileMap.json -use-frontend-parseable-output -save-temps -no-color-diagnostics -explicit-module-build -module-cache-path /Users/aadityasingh/Library/Developer/Xcode/DerivedData/Chatlio-erkyzdeecsohoaggpwbjdvavzqfv/Build/Intermediates.noindex/SwiftExplicitPrecompiledModules -clang-scanner-module-cache-path /Users/aadityasingh/Library/Developer/Xcode/DerivedData/ModuleCache.noindex -sdk-module-cache-path /Users/aadityasingh/Library/Developer/Xcode/DerivedData/ModuleCache.noindex -serialize-diagnostics -emit-dependencies -emit-module -emit-module-path /Users/aadityasingh/Library/Developer/Xcode/DerivedData/Chatlio-erkyzdeecsohoaggpwbjdvavzqfv/Build/Intermediates.noindex/EmbeddedElementCall.build/Debug-iphonesimulator/EmbeddedElementCall.build/Objects-normal/x86_64/EmbeddedElementCall.swiftmodule -user-module-version 0.17.0 -validate-clang-modules-once -clang-build-session-file /Users/aadityasingh/Library/Developer/Xcode/DerivedData/ModuleCache.noindex/Session.modulevalidation -package-name element_call_swift -Xcc -I/Users/aadityasingh/Library/Developer/Xcode/DerivedData/Chatlio-erkyzdeecsohoaggpwbjdvavzqfv/Build/Intermediates.noindex/EmbeddedElementCall.build/Debug-iphonesimulator/EmbeddedElementCall.build/swift-overrides.hmap -emit-const-values -Xfrontend -const-gather-protocols-file -Xfrontend /Users/aadityasingh/Library/Developer/Xcode/DerivedData/Chatlio-erkyzdeecsohoaggpwbjdvavzqfv/Build/Intermediates.noindex/EmbeddedElementCall.build/Debug-iphonesimulator/EmbeddedElementCall.build/Objects-normal/x86_64/EmbeddedElementCall_const_extract_protocols.json -Xcc -I/Users/aadityasingh/Library/Developer/Xcode/DerivedData/Chatlio-erkyzdeecsohoaggpwbjdvavzqfv/Build/Products/Debug-iphonesimulator/include -Xcc -I/Users/aadityasingh/Library/Developer/Xcode/DerivedData/Chatlio-erkyzdeecsohoaggpwbjdvavzqfv/Build/Intermediates.noindex/EmbeddedElementCall.build/Debug-iphonesimulator/EmbeddedElementCall.build/DerivedSources-normal/x86_64 -Xcc -I/Users/aadityasingh/Library/Developer/Xcode/DerivedData/Chatlio-erkyzdeecsohoaggpwbjdvavzqfv/Build/Intermediates.noindex/EmbeddedElementCall.build/Debug-iphonesimulator/EmbeddedElementCall.build/DerivedSources/x86_64 -Xcc -I/Users/aadityasingh/Library/Developer/Xcode/DerivedData/Chatlio-erkyzdeecsohoaggpwbjdvavzqfv/Build/Intermediates.noindex/EmbeddedElementCall.build/Debug-iphonesimulator/EmbeddedElementCall.build/DerivedSources -Xcc -DSWIFT_PACKAGE -Xcc -DDEBUG\=1 -emit-objc-header -emit-objc-header-path /Users/aadityasingh/Library/Developer/Xcode/DerivedData/Chatlio-erkyzdeecsohoaggpwbjdvavzqfv/Build/Intermediates.noindex/EmbeddedElementCall.build/Debug-iphonesimulator/EmbeddedElementCall.build/Objects-normal/x86_64/EmbeddedElementCall-Swift.h -working-directory /Users/aadityasingh/Documents/Development/element-x-ios/Chatlio.xcodeproj -experimental-emit-module-separately -disable-cmo

SwiftEmitModule normal arm64 Emitting\ module\ for\ DeviceKit (in target 'DeviceKit' from project 'DeviceKit')

EmitSwiftModule normal arm64 (in target 'DeviceKit' from project 'DeviceKit')
    cd /Users/aadityasingh/Documents/Development/element-x-ios/Chatlio.xcodeproj
    

Copy /Users/aadityasingh/Library/Developer/Xcode/DerivedData/Chatlio-erkyzdeecsohoaggpwbjdvavzqfv/Build/Products/Debug-iphonesimulator/EmbeddedElementCall.swiftmodule/x86_64-apple-ios-simulator.swiftmodule /Users/aadityasingh/Library/Developer/Xcode/DerivedData/Chatlio-erkyzdeecsohoaggpwbjdvavzqfv/Build/Intermediates.noindex/EmbeddedElementCall.build/Debug-iphonesimulator/EmbeddedElementCall.build/Objects-normal/x86_64/EmbeddedElementCall.swiftmodule (in target 'EmbeddedElementCall' from project 'EmbeddedElementCall')
    cd /Users/aadityasingh/Library/Developer/Xcode/DerivedData/Chatlio-erkyzdeecsohoaggpwbjdvavzqfv/SourcePackages/checkouts/element-call-swift
    builtin-copy -exclude .DS_Store -exclude CVS -exclude .svn -exclude .git -exclude .hg -resolve-src-symlinks -rename /Users/aadityasingh/Library/Developer/Xcode/DerivedData/Chatlio-erkyzdeecsohoaggpwbjdvavzqfv/Build/Intermediates.noindex/EmbeddedElementCall.build/Debug-iphonesimulator/EmbeddedElementCall.build/Objects-normal/x86_64/EmbeddedElementCall.swiftmodule /Users/aadityasingh/Library/Developer/Xcode/DerivedData/Chatlio-erkyzdeecsohoaggpwbjdvavzqfv/Build/Products/Debug-iphonesimulator/EmbeddedElementCall.swiftmodule/x86_64-apple-ios-simulator.swiftmodule

Copy /Users/aadityasingh/Library/Developer/Xcode/DerivedData/Chatlio-erkyzdeecsohoaggpwbjdvavzqfv/Build/Products/Debug-iphonesimulator/EmbeddedElementCall.swiftmodule/x86_64-apple-ios-simulator.swiftdoc /Users/aadityasingh/Library/Developer/Xcode/DerivedData/Chatlio-erkyzdeecsohoaggpwbjdvavzqfv/Build/Intermediates.noindex/EmbeddedElementCall.build/Debug-iphonesimulator/EmbeddedElementCall.build/Objects-normal/x86_64/EmbeddedElementCall.swiftdoc (in target 'EmbeddedElementCall' from project 'EmbeddedElementCall')
    cd /Users/aadityasingh/Library/Developer/Xcode/DerivedData/Chatlio-erkyzdeecsohoaggpwbjdvavzqfv/SourcePackages/checkouts/element-call-swift
    builtin-copy -exclude .DS_Store -exclude CVS -exclude .svn -exclude .git -exclude .hg -resolve-src-symlinks -rename /Users/aadityasingh/Library/Developer/Xcode/DerivedData/Chatlio-erkyzdeecsohoaggpwbjdvavzqfv/Build/Intermediates.noindex/EmbeddedElementCall.build/Debug-iphonesimulator/EmbeddedElementCall.build/Objects-normal/x86_64/EmbeddedElementCall.swiftdoc /Users/aadityasingh/Library/Developer/Xcode/DerivedData/Chatlio-erkyzdeecsohoaggpwbjdvavzqfv/Build/Products/Debug-iphonesimulator/EmbeddedElementCall.swiftmodule/x86_64-apple-ios-simulator.swiftdoc

Copy /Users/aadityasingh/Library/Developer/Xcode/DerivedData/Chatlio-erkyzdeecsohoaggpwbjdvavzqfv/Build/Products/Debug-iphonesimulator/EmbeddedElementCall.swiftmodule/x86_64-apple-ios-simulator.abi.json /Users/aadityasingh/Library/Developer/Xcode/DerivedData/Chatlio-erkyzdeecsohoaggpwbjdvavzqfv/Build/Intermediates.noindex/EmbeddedElementCall.build/Debug-iphonesimulator/EmbeddedElementCall.build/Objects-normal/x86_64/EmbeddedElementCall.abi.json (in target 'EmbeddedElementCall' from project 'EmbeddedElementCall')
    cd /Users/aadityasingh/Library/Developer/Xcode/DerivedData/Chatlio-erkyzdeecsohoaggpwbjdvavzqfv/SourcePackages/checkouts/element-call-swift
    builtin-copy -exclude .DS_Store -exclude CVS -exclude .svn -exclude .git -exclude .hg -resolve-src-symlinks -rename /Users/aadityasingh/Library/Developer/Xcode/DerivedData/Chatlio-erkyzdeecsohoaggpwbjdvavzqfv/Build/Intermediates.noindex/EmbeddedElementCall.build/Debug-iphonesimulator/EmbeddedElementCall.build/Objects-normal/x86_64/EmbeddedElementCall.abi.json /Users/aadityasingh/Library/Developer/Xcode/DerivedData/Chatlio-erkyzdeecsohoaggpwbjdvavzqfv/Build/Products/Debug-iphonesimulator/EmbeddedElementCall.swiftmodule/x86_64-apple-ios-simulator.abi.json

Copy /Users/aadityasingh/Library/Developer/Xcode/DerivedData/Chatlio-erkyzdeecsohoaggpwbjdvavzqfv/Build/Products/Debug-iphonesimulator/EmbeddedElementCall.swiftmodule/Project/x86_64-apple-ios-simulator.swiftsourceinfo /Users/aadityasingh/Library/Developer/Xcode/DerivedData/Chatlio-erkyzdeecsohoaggpwbjdvavzqfv/Build/Intermediates.noindex/EmbeddedElementCall.build/Debug-iphonesimulator/EmbeddedElementCall.build/Objects-normal/x86_64/EmbeddedElementCall.swiftsourceinfo (in target 'EmbeddedElementCall' from project 'EmbeddedElementCall')
    cd /Users/aadityasingh/Library/Developer/Xcode/DerivedData/Chatlio-erkyzdeecsohoaggpwbjdvavzqfv/SourcePackages/checkouts/element-call-swift
    builtin-copy -exclude .DS_Store -exclude CVS -exclude .svn -exclude .git -exclude .hg -resolve-src-symlinks -rename /Users/aadityasingh/Library/Developer/Xcode/DerivedData/Chatlio-erkyzdeecsohoaggpwbjdvavzqfv/Build/Intermediates.noindex/EmbeddedElementCall.build/Debug-iphonesimulator/EmbeddedElementCall.build/Objects-normal/x86_64/EmbeddedElementCall.swiftsourceinfo /Users/aadityasingh/Library/Developer/Xcode/DerivedData/Chatlio-erkyzdeecsohoaggpwbjdvavzqfv/Build/Products/Debug-iphonesimulator/EmbeddedElementCall.swiftmodule/Project/x86_64-apple-ios-simulator.swiftsourceinfo

SwiftEmitModule normal x86_64 Emitting\ module\ for\ Atomics (in target 'Atomics' from project 'swift-atomics')

EmitSwiftModule normal x86_64 (in target 'Atomics' from project 'swift-atomics')
    cd /Users/aadityasingh/Documents/Development/element-x-ios/Chatlio.xcodeproj
    

CpResource /Users/aadityasingh/Library/Developer/Xcode/DerivedData/Chatlio-erkyzdeecsohoaggpwbjdvavzqfv/Build/Products/Debug-iphonesimulator/EmbeddedElementCall_EmbeddedElementCall.bundle/dist /Users/aadityasingh/Library/Developer/Xcode/DerivedData/Chatlio-erkyzdeecsohoaggpwbjdvavzqfv/SourcePackages/checkouts/element-call-swift/Sources/dist (in target 'EmbeddedElementCall_EmbeddedElementCall' from project 'EmbeddedElementCall')
    cd /Users/aadityasingh/Library/Developer/Xcode/DerivedData/Chatlio-erkyzdeecsohoaggpwbjdvavzqfv/SourcePackages/checkouts/element-call-swift
    builtin-copy -exclude .DS_Store -exclude CVS -exclude .svn -exclude .git -exclude .hg -resolve-src-symlinks /Users/aadityasingh/Library/Developer/Xcode/DerivedData/Chatlio-erkyzdeecsohoaggpwbjdvavzqfv/SourcePackages/checkouts/element-call-swift/Sources/dist /Users/aadityasingh/Library/Developer/Xcode/DerivedData/Chatlio-erkyzdeecsohoaggpwbjdvavzqfv/Build/Products/Debug-iphonesimulator/EmbeddedElementCall_EmbeddedElementCall.bundle

SwiftCompile normal arm64 Compiling\ resource_bundle_accessor.swift /Users/aadityasingh/Library/Developer/Xcode/DerivedData/Chatlio-erkyzdeecsohoaggpwbjdvavzqfv/Build/Intermediates.noindex/EmbeddedElementCall.build/Debug-iphonesimulator/EmbeddedElementCall.build/DerivedSources/resource_bundle_accessor.swift (in target 'EmbeddedElementCall' from project 'EmbeddedElementCall')

SwiftCompile normal arm64 /Users/aadityasingh/Library/Developer/Xcode/DerivedData/Chatlio-erkyzdeecsohoaggpwbjdvavzqfv/Build/Intermediates.noindex/EmbeddedElementCall.build/Debug-iphonesimulator/EmbeddedElementCall.build/DerivedSources/resource_bundle_accessor.swift (in target 'EmbeddedElementCall' from project 'EmbeddedElementCall')
    cd /Users/aadityasingh/Documents/Development/element-x-ios/Chatlio.xcodeproj
    

SwiftEmitModule normal x86_64 Emitting\ module\ for\ DeviceKit (in target 'DeviceKit' from project 'DeviceKit')

EmitSwiftModule normal x86_64 (in target 'DeviceKit' from project 'DeviceKit')
    cd /Users/aadityasingh/Documents/Development/element-x-ios/Chatlio.xcodeproj
    

SwiftEmitModule normal arm64 Emitting\ module\ for\ Atomics (in target 'Atomics' from project 'swift-atomics')

EmitSwiftModule normal arm64 (in target 'Atomics' from project 'swift-atomics')
    cd /Users/aadityasingh/Documents/Development/element-x-ios/Chatlio.xcodeproj
    

SwiftCompile normal arm64 Compiling\ EmbeddedElementCall.swift /Users/aadityasingh/Library/Developer/Xcode/DerivedData/Chatlio-erkyzdeecsohoaggpwbjdvavzqfv/SourcePackages/checkouts/element-call-swift/Sources/EmbeddedElementCall/EmbeddedElementCall.swift (in target 'EmbeddedElementCall' from project 'EmbeddedElementCall')

SwiftCompile normal arm64 /Users/aadityasingh/Library/Developer/Xcode/DerivedData/Chatlio-erkyzdeecsohoaggpwbjdvavzqfv/SourcePackages/checkouts/element-call-swift/Sources/EmbeddedElementCall/EmbeddedElementCall.swift (in target 'EmbeddedElementCall' from project 'EmbeddedElementCall')
    cd /Users/aadityasingh/Documents/Development/element-x-ios/Chatlio.xcodeproj
    

SwiftDriverJobDiscovery normal arm64 Emitting module for EmbeddedElementCall (in target 'EmbeddedElementCall' from project 'EmbeddedElementCall')

SwiftDriver\ Compilation\ Requirements EmbeddedElementCall normal arm64 com.apple.xcode.tools.swift.compiler (in target 'EmbeddedElementCall' from project 'EmbeddedElementCall')
    cd /Users/aadityasingh/Documents/Development/element-x-ios/Chatlio.xcodeproj
    builtin-Swift-Compilation-Requirements -- /Applications/Xcode.app/Contents/Developer/Toolchains/XcodeDefault.xctoolchain/usr/bin/swiftc -module-name EmbeddedElementCall -Onone @/Users/aadityasingh/Library/Developer/Xcode/DerivedData/Chatlio-erkyzdeecsohoaggpwbjdvavzqfv/Build/Intermediates.noindex/EmbeddedElementCall.build/Debug-iphonesimulator/EmbeddedElementCall.build/Objects-normal/arm64/EmbeddedElementCall.SwiftFileList -DSWIFT_PACKAGE -DDEBUG -DSWIFT_MODULE_RESOURCE_BUNDLE_AVAILABLE -DXcode -plugin-path /Applications/Xcode.app/Contents/Developer/Toolchains/XcodeDefault.xctoolchain/usr/lib/swift/host/plugins/testing -enable-experimental-feature DebugDescriptionMacro -sdk /Applications/Xcode.app/Contents/Developer/Platforms/iPhoneSimulator.platform/Developer/SDKs/iPhoneSimulator26.4.sdk -target arm64-apple-ios17.0-simulator -g -module-cache-path /Users/aadityasingh/Library/Developer/Xcode/DerivedData/ModuleCache.noindex -Xfrontend -serialize-debugging-options -profile-coverage-mapping -profile-generate -enable-testing -suppress-warnings -index-store-path /Users/aadityasingh/Library/Developer/Xcode/DerivedData/Chatlio-erkyzdeecsohoaggpwbjdvavzqfv/Index.noindex/DataStore -Xcc -D_LIBCPP_HARDENING_MODE\=_LIBCPP_HARDENING_MODE_DEBUG -swift-version 6 -I /Users/aadityasingh/Library/Developer/Xcode/DerivedData/Chatlio-erkyzdeecsohoaggpwbjdvavzqfv/Build/Products/Debug-iphonesimulator -Isystem /Applications/Xcode.app/Contents/Developer/Platforms/iPhoneSimulator.platform/Developer/usr/lib -F /Users/aadityasingh/Library/Developer/Xcode/DerivedData/Chatlio-erkyzdeecsohoaggpwbjdvavzqfv/Build/Products/Debug-iphonesimulator -F /Applications/Xcode.app/Contents/Developer/Platforms/iPhoneSimulator.platform/Developer/Library/Frameworks -F /Applications/Xcode.app/Contents/Developer/Platforms/iPhoneSimulator.platform/Developer/SDKs/iPhoneSimulator26.4.sdk/Developer/Library/Frameworks -c -j12 -enable-batch-mode -incremental -Xcc -ivfsstatcache -Xcc /Users/aadityasingh/Library/Developer/Xcode/DerivedData/SDKStatCaches.noindex/iphonesimulator26.4-23E252-686eebb5dc1d8ecb277353a59184f4aa.sdkstatcache -output-file-map /Users/aadityasingh/Library/Developer/Xcode/DerivedData/Chatlio-erkyzdeecsohoaggpwbjdvavzqfv/Build/Intermediates.noindex/EmbeddedElementCall.build/Debug-iphonesimulator/EmbeddedElementCall.build/Objects-normal/arm64/EmbeddedElementCall-OutputFileMap.json -use-frontend-parseable-output -save-temps -no-color-diagnostics -explicit-module-build -module-cache-path /Users/aadityasingh/Library/Developer/Xcode/DerivedData/Chatlio-erkyzdeecsohoaggpwbjdvavzqfv/Build/Intermediates.noindex/SwiftExplicitPrecompiledModules -clang-scanner-module-cache-path /Users/aadityasingh/Library/Developer/Xcode/DerivedData/ModuleCache.noindex -sdk-module-cache-path /Users/aadityasingh/Library/Developer/Xcode/DerivedData/ModuleCache.noindex -serialize-diagnostics -emit-dependencies -emit-module -emit-module-path /Users/aadityasingh/Library/Developer/Xcode/DerivedData/Chatlio-erkyzdeecsohoaggpwbjdvavzqfv/Build/Intermediates.noindex/EmbeddedElementCall.build/Debug-iphonesimulator/EmbeddedElementCall.build/Objects-normal/arm64/EmbeddedElementCall.swiftmodule -user-module-version 0.17.0 -validate-clang-modules-once -clang-build-session-file /Users/aadityasingh/Library/Developer/Xcode/DerivedData/ModuleCache.noindex/Session.modulevalidation -package-name element_call_swift -Xcc -I/Users/aadityasingh/Library/Developer/Xcode/DerivedData/Chatlio-erkyzdeecsohoaggpwbjdvavzqfv/Build/Intermediates.noindex/EmbeddedElementCall.build/Debug-iphonesimulator/EmbeddedElementCall.build/swift-overrides.hmap -emit-const-values -Xfrontend -const-gather-protocols-file -Xfrontend /Users/aadityasingh/Library/Developer/Xcode/DerivedData/Chatlio-erkyzdeecsohoaggpwbjdvavzqfv/Build/Intermediates.noindex/EmbeddedElementCall.build/Debug-iphonesimulator/EmbeddedElementCall.build/Objects-normal/arm64/EmbeddedElementCall_const_extract_protocols.json -Xcc -I/Users/aadityasingh/Library/Developer/Xcode/DerivedData/Chatlio-erkyzdeecsohoaggpwbjdvavzqfv/Build/Products/Debug-iphonesimulator/include -Xcc -I/Users/aadityasingh/Library/Developer/Xcode/DerivedData/Chatlio-erkyzdeecsohoaggpwbjdvavzqfv/Build/Intermediates.noindex/EmbeddedElementCall.build/Debug-iphonesimulator/EmbeddedElementCall.build/DerivedSources-normal/arm64 -Xcc -I/Users/aadityasingh/Library/Developer/Xcode/DerivedData/Chatlio-erkyzdeecsohoaggpwbjdvavzqfv/Build/Intermediates.noindex/EmbeddedElementCall.build/Debug-iphonesimulator/EmbeddedElementCall.build/DerivedSources/arm64 -Xcc -I/Users/aadityasingh/Library/Developer/Xcode/DerivedData/Chatlio-erkyzdeecsohoaggpwbjdvavzqfv/Build/Intermediates.noindex/EmbeddedElementCall.build/Debug-iphonesimulator/EmbeddedElementCall.build/DerivedSources -Xcc -DSWIFT_PACKAGE -Xcc -DDEBUG\=1 -emit-objc-header -emit-objc-header-path /Users/aadityasingh/Library/Developer/Xcode/DerivedData/Chatlio-erkyzdeecsohoaggpwbjdvavzqfv/Build/Intermediates.noindex/EmbeddedElementCall.build/Debug-iphonesimulator/EmbeddedElementCall.build/Objects-normal/arm64/EmbeddedElementCall-Swift.h -working-directory /Users/aadityasingh/Documents/Development/element-x-ios/Chatlio.xcodeproj -experimental-emit-module-separately -disable-cmo

SwiftEmitModule normal x86_64 Emitting\ module\ for\ DSWaveformImage (in target 'DSWaveformImage' from project 'DSWaveformImage')

EmitSwiftModule normal x86_64 (in target 'DSWaveformImage' from project 'DSWaveformImage')
    cd /Users/aadityasingh/Documents/Development/element-x-ios/Chatlio.xcodeproj
    

SwiftMergeGeneratedHeaders /Users/aadityasingh/Library/Developer/Xcode/DerivedData/Chatlio-erkyzdeecsohoaggpwbjdvavzqfv/Build/Intermediates.noindex/GeneratedModuleMaps-iphonesimulator/EmbeddedElementCall-Swift.h /Users/aadityasingh/Library/Developer/Xcode/DerivedData/Chatlio-erkyzdeecsohoaggpwbjdvavzqfv/Build/Intermediates.noindex/EmbeddedElementCall.build/Debug-iphonesimulator/EmbeddedElementCall.build/Objects-normal/arm64/EmbeddedElementCall-Swift.h /Users/aadityasingh/Library/Developer/Xcode/DerivedData/Chatlio-erkyzdeecsohoaggpwbjdvavzqfv/Build/Intermediates.noindex/EmbeddedElementCall.build/Debug-iphonesimulator/EmbeddedElementCall.build/Objects-normal/x86_64/EmbeddedElementCall-Swift.h (in target 'EmbeddedElementCall' from project 'EmbeddedElementCall')
    cd /Users/aadityasingh/Library/Developer/Xcode/DerivedData/Chatlio-erkyzdeecsohoaggpwbjdvavzqfv/SourcePackages/checkouts/element-call-swift
    builtin-swiftHeaderTool -arch arm64 /Users/aadityasingh/Library/Developer/Xcode/DerivedData/Chatlio-erkyzdeecsohoaggpwbjdvavzqfv/Build/Intermediates.noindex/EmbeddedElementCall.build/Debug-iphonesimulator/EmbeddedElementCall.build/Objects-normal/arm64/EmbeddedElementCall-Swift.h -arch x86_64 /Users/aadityasingh/Library/Developer/Xcode/DerivedData/Chatlio-erkyzdeecsohoaggpwbjdvavzqfv/Build/Intermediates.noindex/EmbeddedElementCall.build/Debug-iphonesimulator/EmbeddedElementCall.build/Objects-normal/x86_64/EmbeddedElementCall-Swift.h -o /Users/aadityasingh/Library/Developer/Xcode/DerivedData/Chatlio-erkyzdeecsohoaggpwbjdvavzqfv/Build/Intermediates.noindex/GeneratedModuleMaps-iphonesimulator/EmbeddedElementCall-Swift.h

Copy /Users/aadityasingh/Library/Developer/Xcode/DerivedData/Chatlio-erkyzdeecsohoaggpwbjdvavzqfv/Build/Products/Debug-iphonesimulator/EmbeddedElementCall.swiftmodule/arm64-apple-ios-simulator.swiftmodule /Users/aadityasingh/Library/Developer/Xcode/DerivedData/Chatlio-erkyzdeecsohoaggpwbjdvavzqfv/Build/Intermediates.noindex/EmbeddedElementCall.build/Debug-iphonesimulator/EmbeddedElementCall.build/Objects-normal/arm64/EmbeddedElementCall.swiftmodule (in target 'EmbeddedElementCall' from project 'EmbeddedElementCall')
    cd /Users/aadityasingh/Library/Developer/Xcode/DerivedData/Chatlio-erkyzdeecsohoaggpwbjdvavzqfv/SourcePackages/checkouts/element-call-swift
    builtin-copy -exclude .DS_Store -exclude CVS -exclude .svn -exclude .git -exclude .hg -resolve-src-symlinks -rename /Users/aadityasingh/Library/Developer/Xcode/DerivedData/Chatlio-erkyzdeecsohoaggpwbjdvavzqfv/Build/Intermediates.noindex/EmbeddedElementCall.build/Debug-iphonesimulator/EmbeddedElementCall.build/Objects-normal/arm64/EmbeddedElementCall.swiftmodule /Users/aadityasingh/Library/Developer/Xcode/DerivedData/Chatlio-erkyzdeecsohoaggpwbjdvavzqfv/Build/Products/Debug-iphonesimulator/EmbeddedElementCall.swiftmodule/arm64-apple-ios-simulator.swiftmodule

Copy /Users/aadityasingh/Library/Developer/Xcode/DerivedData/Chatlio-erkyzdeecsohoaggpwbjdvavzqfv/Build/Products/Debug-iphonesimulator/EmbeddedElementCall.swiftmodule/arm64-apple-ios-simulator.swiftdoc /Users/aadityasingh/Library/Developer/Xcode/DerivedData/Chatlio-erkyzdeecsohoaggpwbjdvavzqfv/Build/Intermediates.noindex/EmbeddedElementCall.build/Debug-iphonesimulator/EmbeddedElementCall.build/Objects-normal/arm64/EmbeddedElementCall.swiftdoc (in target 'EmbeddedElementCall' from project 'EmbeddedElementCall')
    cd /Users/aadityasingh/Library/Developer/Xcode/DerivedData/Chatlio-erkyzdeecsohoaggpwbjdvavzqfv/SourcePackages/checkouts/element-call-swift
    builtin-copy -exclude .DS_Store -exclude CVS -exclude .svn -exclude .git -exclude .hg -resolve-src-symlinks -rename /Users/aadityasingh/Library/Developer/Xcode/DerivedData/Chatlio-erkyzdeecsohoaggpwbjdvavzqfv/Build/Intermediates.noindex/EmbeddedElementCall.build/Debug-iphonesimulator/EmbeddedElementCall.build/Objects-normal/arm64/EmbeddedElementCall.swiftdoc /Users/aadityasingh/Library/Developer/Xcode/DerivedData/Chatlio-erkyzdeecsohoaggpwbjdvavzqfv/Build/Products/Debug-iphonesimulator/EmbeddedElementCall.swiftmodule/arm64-apple-ios-simulator.swiftdoc

Copy /Users/aadityasingh/Library/Developer/Xcode/DerivedData/Chatlio-erkyzdeecsohoaggpwbjdvavzqfv/Build/Products/Debug-iphonesimulator/EmbeddedElementCall.swiftmodule/arm64-apple-ios-simulator.abi.json /Users/aadityasingh/Library/Developer/Xcode/DerivedData/Chatlio-erkyzdeecsohoaggpwbjdvavzqfv/Build/Intermediates.noindex/EmbeddedElementCall.build/Debug-iphonesimulator/EmbeddedElementCall.build/Objects-normal/arm64/EmbeddedElementCall.abi.json (in target 'EmbeddedElementCall' from project 'EmbeddedElementCall')
    cd /Users/aadityasingh/Library/Developer/Xcode/DerivedData/Chatlio-erkyzdeecsohoaggpwbjdvavzqfv/SourcePackages/checkouts/element-call-swift
    builtin-copy -exclude .DS_Store -exclude CVS -exclude .svn -exclude .git -exclude .hg -resolve-src-symlinks -rename /Users/aadityasingh/Library/Developer/Xcode/DerivedData/Chatlio-erkyzdeecsohoaggpwbjdvavzqfv/Build/Intermediates.noindex/EmbeddedElementCall.build/Debug-iphonesimulator/EmbeddedElementCall.build/Objects-normal/arm64/EmbeddedElementCall.abi.json /Users/aadityasingh/Library/Developer/Xcode/DerivedData/Chatlio-erkyzdeecsohoaggpwbjdvavzqfv/Build/Products/Debug-iphonesimulator/EmbeddedElementCall.swiftmodule/arm64-apple-ios-simulator.abi.json

Copy /Users/aadityasingh/Library/Developer/Xcode/DerivedData/Chatlio-erkyzdeecsohoaggpwbjdvavzqfv/Build/Products/Debug-iphonesimulator/EmbeddedElementCall.swiftmodule/Project/arm64-apple-ios-simulator.swiftsourceinfo /Users/aadityasingh/Library/Developer/Xcode/DerivedData/Chatlio-erkyzdeecsohoaggpwbjdvavzqfv/Build/Intermediates.noindex/EmbeddedElementCall.build/Debug-iphonesimulator/EmbeddedElementCall.build/Objects-normal/arm64/EmbeddedElementCall.swiftsourceinfo (in target 'EmbeddedElementCall' from project 'EmbeddedElementCall')
    cd /Users/aadityasingh/Library/Developer/Xcode/DerivedData/Chatlio-erkyzdeecsohoaggpwbjdvavzqfv/SourcePackages/checkouts/element-call-swift
    builtin-copy -exclude .DS_Store -exclude CVS -exclude .svn -exclude .git -exclude .hg -resolve-src-symlinks -rename /Users/aadityasingh/Library/Developer/Xcode/DerivedData/Chatlio-erkyzdeecsohoaggpwbjdvavzqfv/Build/Intermediates.noindex/EmbeddedElementCall.build/Debug-iphonesimulator/EmbeddedElementCall.build/Objects-normal/arm64/EmbeddedElementCall.swiftsourceinfo /Users/aadityasingh/Library/Developer/Xcode/DerivedData/Chatlio-erkyzdeecsohoaggpwbjdvavzqfv/Build/Products/Debug-iphonesimulator/EmbeddedElementCall.swiftmodule/Project/arm64-apple-ios-simulator.swiftsourceinfo

SwiftEmitModule normal arm64 Emitting\ module\ for\ DSWaveformImage (in target 'DSWaveformImage' from project 'DSWaveformImage')

EmitSwiftModule normal arm64 (in target 'DSWaveformImage' from project 'DSWaveformImage')
    cd /Users/aadityasingh/Documents/Development/element-x-ios/Chatlio.xcodeproj
    

SwiftEmitModule normal x86_64 Emitting\ module\ for\ AnalyticsEvents (in target 'AnalyticsEvents' from project 'AnalyticsEvents')

EmitSwiftModule normal x86_64 (in target 'AnalyticsEvents' from project 'AnalyticsEvents')
    cd /Users/aadityasingh/Documents/Development/element-x-ios/Chatlio.xcodeproj
    

SwiftDriverJobDiscovery normal arm64 Compiling EmbeddedElementCall.swift (in target 'EmbeddedElementCall' from project 'EmbeddedElementCall')

SwiftCompile normal x86_64 Compiling\ EmbeddedElementCall.swift /Users/aadityasingh/Library/Developer/Xcode/DerivedData/Chatlio-erkyzdeecsohoaggpwbjdvavzqfv/SourcePackages/checkouts/element-call-swift/Sources/EmbeddedElementCall/EmbeddedElementCall.swift (in target 'EmbeddedElementCall' from project 'EmbeddedElementCall')

SwiftCompile normal x86_64 /Users/aadityasingh/Library/Developer/Xcode/DerivedData/Chatlio-erkyzdeecsohoaggpwbjdvavzqfv/SourcePackages/checkouts/element-call-swift/Sources/EmbeddedElementCall/EmbeddedElementCall.swift (in target 'EmbeddedElementCall' from project 'EmbeddedElementCall')
    cd /Users/aadityasingh/Documents/Development/element-x-ios/Chatlio.xcodeproj
    

SwiftEmitModule normal arm64 Emitting\ module\ for\ AnalyticsEvents (in target 'AnalyticsEvents' from project 'AnalyticsEvents')

EmitSwiftModule normal arm64 (in target 'AnalyticsEvents' from project 'AnalyticsEvents')
    cd /Users/aadityasingh/Documents/Development/element-x-ios/Chatlio.xcodeproj
    

SwiftDriverJobDiscovery normal arm64 Compiling resource_bundle_accessor.swift (in target 'EmbeddedElementCall' from project 'EmbeddedElementCall')

SwiftDriver\ Compilation EmbeddedElementCall normal arm64 com.apple.xcode.tools.swift.compiler (in target 'EmbeddedElementCall' from project 'EmbeddedElementCall')
    cd /Users/aadityasingh/Documents/Development/element-x-ios/Chatlio.xcodeproj
    builtin-Swift-Compilation -- /Applications/Xcode.app/Contents/Developer/Toolchains/XcodeDefault.xctoolchain/usr/bin/swiftc -module-name EmbeddedElementCall -Onone @/Users/aadityasingh/Library/Developer/Xcode/DerivedData/Chatlio-erkyzdeecsohoaggpwbjdvavzqfv/Build/Intermediates.noindex/EmbeddedElementCall.build/Debug-iphonesimulator/EmbeddedElementCall.build/Objects-normal/arm64/EmbeddedElementCall.SwiftFileList -DSWIFT_PACKAGE -DDEBUG -DSWIFT_MODULE_RESOURCE_BUNDLE_AVAILABLE -DXcode -plugin-path /Applications/Xcode.app/Contents/Developer/Toolchains/XcodeDefault.xctoolchain/usr/lib/swift/host/plugins/testing -enable-experimental-feature DebugDescriptionMacro -sdk /Applications/Xcode.app/Contents/Developer/Platforms/iPhoneSimulator.platform/Developer/SDKs/iPhoneSimulator26.4.sdk -target arm64-apple-ios17.0-simulator -g -module-cache-path /Users/aadityasingh/Library/Developer/Xcode/DerivedData/ModuleCache.noindex -Xfrontend -serialize-debugging-options -profile-coverage-mapping -profile-generate -enable-testing -suppress-warnings -index-store-path /Users/aadityasingh/Library/Developer/Xcode/DerivedData/Chatlio-erkyzdeecsohoaggpwbjdvavzqfv/Index.noindex/DataStore -Xcc -D_LIBCPP_HARDENING_MODE\=_LIBCPP_HARDENING_MODE_DEBUG -swift-version 6 -I /Users/aadityasingh/Library/Developer/Xcode/DerivedData/Chatlio-erkyzdeecsohoaggpwbjdvavzqfv/Build/Products/Debug-iphonesimulator -Isystem /Applications/Xcode.app/Contents/Developer/Platforms/iPhoneSimulator.platform/Developer/usr/lib -F /Users/aadityasingh/Library/Developer/Xcode/DerivedData/Chatlio-erkyzdeecsohoaggpwbjdvavzqfv/Build/Products/Debug-iphonesimulator -F /Applications/Xcode.app/Contents/Developer/Platforms/iPhoneSimulator.platform/Developer/Library/Frameworks -F /Applications/Xcode.app/Contents/Developer/Platforms/iPhoneSimulator.platform/Developer/SDKs/iPhoneSimulator26.4.sdk/Developer/Library/Frameworks -c -j12 -enable-batch-mode -incremental -Xcc -ivfsstatcache -Xcc /Users/aadityasingh/Library/Developer/Xcode/DerivedData/SDKStatCaches.noindex/iphonesimulator26.4-23E252-686eebb5dc1d8ecb277353a59184f4aa.sdkstatcache -output-file-map /Users/aadityasingh/Library/Developer/Xcode/DerivedData/Chatlio-erkyzdeecsohoaggpwbjdvavzqfv/Build/Intermediates.noindex/EmbeddedElementCall.build/Debug-iphonesimulator/EmbeddedElementCall.build/Objects-normal/arm64/EmbeddedElementCall-OutputFileMap.json -use-frontend-parseable-output -save-temps -no-color-diagnostics -explicit-module-build -module-cache-path /Users/aadityasingh/Library/Developer/Xcode/DerivedData/Chatlio-erkyzdeecsohoaggpwbjdvavzqfv/Build/Intermediates.noindex/SwiftExplicitPrecompiledModules -clang-scanner-module-cache-path /Users/aadityasingh/Library/Developer/Xcode/DerivedData/ModuleCache.noindex -sdk-module-cache-path /Users/aadityasingh/Library/Developer/Xcode/DerivedData/ModuleCache.noindex -serialize-diagnostics -emit-dependencies -emit-module -emit-module-path /Users/aadityasingh/Library/Developer/Xcode/DerivedData/Chatlio-erkyzdeecsohoaggpwbjdvavzqfv/Build/Intermediates.noindex/EmbeddedElementCall.build/Debug-iphonesimulator/EmbeddedElementCall.build/Objects-normal/arm64/EmbeddedElementCall.swiftmodule -user-module-version 0.17.0 -validate-clang-modules-once -clang-build-session-file /Users/aadityasingh/Library/Developer/Xcode/DerivedData/ModuleCache.noindex/Session.modulevalidation -package-name element_call_swift -Xcc -I/Users/aadityasingh/Library/Developer/Xcode/DerivedData/Chatlio-erkyzdeecsohoaggpwbjdvavzqfv/Build/Intermediates.noindex/EmbeddedElementCall.build/Debug-iphonesimulator/EmbeddedElementCall.build/swift-overrides.hmap -emit-const-values -Xfrontend -const-gather-protocols-file -Xfrontend /Users/aadityasingh/Library/Developer/Xcode/DerivedData/Chatlio-erkyzdeecsohoaggpwbjdvavzqfv/Build/Intermediates.noindex/EmbeddedElementCall.build/Debug-iphonesimulator/EmbeddedElementCall.build/Objects-normal/arm64/EmbeddedElementCall_const_extract_protocols.json -Xcc -I/Users/aadityasingh/Library/Developer/Xcode/DerivedData/Chatlio-erkyzdeecsohoaggpwbjdvavzqfv/Build/Products/Debug-iphonesimulator/include -Xcc -I/Users/aadityasingh/Library/Developer/Xcode/DerivedData/Chatlio-erkyzdeecsohoaggpwbjdvavzqfv/Build/Intermediates.noindex/EmbeddedElementCall.build/Debug-iphonesimulator/EmbeddedElementCall.build/DerivedSources-normal/arm64 -Xcc -I/Users/aadityasingh/Library/Developer/Xcode/DerivedData/Chatlio-erkyzdeecsohoaggpwbjdvavzqfv/Build/Intermediates.noindex/EmbeddedElementCall.build/Debug-iphonesimulator/EmbeddedElementCall.build/DerivedSources/arm64 -Xcc -I/Users/aadityasingh/Library/Developer/Xcode/DerivedData/Chatlio-erkyzdeecsohoaggpwbjdvavzqfv/Build/Intermediates.noindex/EmbeddedElementCall.build/Debug-iphonesimulator/EmbeddedElementCall.build/DerivedSources -Xcc -DSWIFT_PACKAGE -Xcc -DDEBUG\=1 -emit-objc-header -emit-objc-header-path /Users/aadityasingh/Library/Developer/Xcode/DerivedData/Chatlio-erkyzdeecsohoaggpwbjdvavzqfv/Build/Intermediates.noindex/EmbeddedElementCall.build/Debug-iphonesimulator/EmbeddedElementCall.build/Objects-normal/arm64/EmbeddedElementCall-Swift.h -working-directory /Users/aadityasingh/Documents/Development/element-x-ios/Chatlio.xcodeproj -experimental-emit-module-separately -disable-cmo

SwiftCompile normal x86_64 Compiling\ resource_bundle_accessor.swift /Users/aadityasingh/Library/Developer/Xcode/DerivedData/Chatlio-erkyzdeecsohoaggpwbjdvavzqfv/Build/Intermediates.noindex/EmbeddedElementCall.build/Debug-iphonesimulator/EmbeddedElementCall.build/DerivedSources/resource_bundle_accessor.swift (in target 'EmbeddedElementCall' from project 'EmbeddedElementCall')

SwiftCompile normal x86_64 /Users/aadityasingh/Library/Developer/Xcode/DerivedData/Chatlio-erkyzdeecsohoaggpwbjdvavzqfv/Build/Intermediates.noindex/EmbeddedElementCall.build/Debug-iphonesimulator/EmbeddedElementCall.build/DerivedSources/resource_bundle_accessor.swift (in target 'EmbeddedElementCall' from project 'EmbeddedElementCall')
    cd /Users/aadityasingh/Documents/Development/element-x-ios/Chatlio.xcodeproj
    

ProcessInfoPlistFile /Users/aadityasingh/Library/Developer/Xcode/DerivedData/Chatlio-erkyzdeecsohoaggpwbjdvavzqfv/Build/Products/Debug-iphonesimulator/DeviceKit_DeviceKit.bundle/Info.plist /Users/aadityasingh/Library/Developer/Xcode/DerivedData/Chatlio-erkyzdeecsohoaggpwbjdvavzqfv/Build/Intermediates.noindex/DeviceKit.build/Debug-iphonesimulator/DeviceKit_DeviceKit.build/empty-DeviceKit_DeviceKit.plist (in target 'DeviceKit_DeviceKit' from project 'DeviceKit')
    cd /Users/aadityasingh/Library/Developer/Xcode/DerivedData/Chatlio-erkyzdeecsohoaggpwbjdvavzqfv/SourcePackages/checkouts/DeviceKit
    builtin-infoPlistUtility /Users/aadityasingh/Library/Developer/Xcode/DerivedData/Chatlio-erkyzdeecsohoaggpwbjdvavzqfv/Build/Intermediates.noindex/DeviceKit.build/Debug-iphonesimulator/DeviceKit_DeviceKit.build/empty-DeviceKit_DeviceKit.plist -producttype com.apple.product-type.bundle -expandbuildsettings -format binary -platform iphonesimulator -o /Users/aadityasingh/Library/Developer/Xcode/DerivedData/Chatlio-erkyzdeecsohoaggpwbjdvavzqfv/Build/Products/Debug-iphonesimulator/DeviceKit_DeviceKit.bundle/Info.plist

SwiftDriverJobDiscovery normal arm64 Emitting module for DeviceKit (in target 'DeviceKit' from project 'DeviceKit')

CpResource /Users/aadityasingh/Library/Developer/Xcode/DerivedData/Chatlio-erkyzdeecsohoaggpwbjdvavzqfv/Build/Products/Debug-iphonesimulator/DeviceKit_DeviceKit.bundle/PrivacyInfo.xcprivacy /Users/aadityasingh/Library/Developer/Xcode/DerivedData/Chatlio-erkyzdeecsohoaggpwbjdvavzqfv/SourcePackages/checkouts/DeviceKit/Source/PrivacyInfo.xcprivacy (in target 'DeviceKit_DeviceKit' from project 'DeviceKit')
    cd /Users/aadityasingh/Library/Developer/Xcode/DerivedData/Chatlio-erkyzdeecsohoaggpwbjdvavzqfv/SourcePackages/checkouts/DeviceKit
    builtin-copy -exclude .DS_Store -exclude CVS -exclude .svn -exclude .git -exclude .hg -resolve-src-symlinks /Users/aadityasingh/Library/Developer/Xcode/DerivedData/Chatlio-erkyzdeecsohoaggpwbjdvavzqfv/SourcePackages/checkouts/DeviceKit/Source/PrivacyInfo.xcprivacy /Users/aadityasingh/Library/Developer/Xcode/DerivedData/Chatlio-erkyzdeecsohoaggpwbjdvavzqfv/Build/Products/Debug-iphonesimulator/DeviceKit_DeviceKit.bundle

SwiftDriverJobDiscovery normal x86_64 Compiling EmbeddedElementCall.swift (in target 'EmbeddedElementCall' from project 'EmbeddedElementCall')

SwiftDriver\ Compilation\ Requirements DeviceKit normal arm64 com.apple.xcode.tools.swift.compiler (in target 'DeviceKit' from project 'DeviceKit')
    cd /Users/aadityasingh/Documents/Development/element-x-ios/Chatlio.xcodeproj
    builtin-Swift-Compilation-Requirements -- /Applications/Xcode.app/Contents/Developer/Toolchains/XcodeDefault.xctoolchain/usr/bin/swiftc -module-name DeviceKit -Onone @/Users/aadityasingh/Library/Developer/Xcode/DerivedData/Chatlio-erkyzdeecsohoaggpwbjdvavzqfv/Build/Intermediates.noindex/DeviceKit.build/Debug-iphonesimulator/DeviceKit.build/Objects-normal/arm64/DeviceKit.SwiftFileList -DSWIFT_PACKAGE -DDEBUG -DSWIFT_MODULE_RESOURCE_BUNDLE_AVAILABLE -DXcode -plugin-path /Applications/Xcode.app/Contents/Developer/Toolchains/XcodeDefault.xctoolchain/usr/lib/swift/host/plugins/testing -enable-experimental-feature DebugDescriptionMacro -sdk /Applications/Xcode.app/Contents/Developer/Platforms/iPhoneSimulator.platform/Developer/SDKs/iPhoneSimulator26.4.sdk -target arm64-apple-ios13.0-simulator -g -module-cache-path /Users/aadityasingh/Library/Developer/Xcode/DerivedData/ModuleCache.noindex -Xfrontend -serialize-debugging-options -profile-coverage-mapping -profile-generate -enable-testing -suppress-warnings -index-store-path /Users/aadityasingh/Library/Developer/Xcode/DerivedData/Chatlio-erkyzdeecsohoaggpwbjdvavzqfv/Index.noindex/DataStore -Xcc -D_LIBCPP_HARDENING_MODE\=_LIBCPP_HARDENING_MODE_DEBUG -swift-version 5 -I /Users/aadityasingh/Library/Developer/Xcode/DerivedData/Chatlio-erkyzdeecsohoaggpwbjdvavzqfv/Build/Products/Debug-iphonesimulator -Isystem /Applications/Xcode.app/Contents/Developer/Platforms/iPhoneSimulator.platform/Developer/usr/lib -F /Users/aadityasingh/Library/Developer/Xcode/DerivedData/Chatlio-erkyzdeecsohoaggpwbjdvavzqfv/Build/Products/Debug-iphonesimulator -F /Applications/Xcode.app/Contents/Developer/Platforms/iPhoneSimulator.platform/Developer/Library/Frameworks -F /Applications/Xcode.app/Contents/Developer/Platforms/iPhoneSimulator.platform/Developer/SDKs/iPhoneSimulator26.4.sdk/Developer/Library/Frameworks -c -j12 -enable-batch-mode -incremental -Xcc -ivfsstatcache -Xcc /Users/aadityasingh/Library/Developer/Xcode/DerivedData/SDKStatCaches.noindex/iphonesimulator26.4-23E252-686eebb5dc1d8ecb277353a59184f4aa.sdkstatcache -output-file-map /Users/aadityasingh/Library/Developer/Xcode/DerivedData/Chatlio-erkyzdeecsohoaggpwbjdvavzqfv/Build/Intermediates.noindex/DeviceKit.build/Debug-iphonesimulator/DeviceKit.build/Objects-normal/arm64/DeviceKit-OutputFileMap.json -use-frontend-parseable-output -save-temps -no-color-diagnostics -explicit-module-build -module-cache-path /Users/aadityasingh/Library/Developer/Xcode/DerivedData/Chatlio-erkyzdeecsohoaggpwbjdvavzqfv/Build/Intermediates.noindex/SwiftExplicitPrecompiledModules -clang-scanner-module-cache-path /Users/aadityasingh/Library/Developer/Xcode/DerivedData/ModuleCache.noindex -sdk-module-cache-path /Users/aadityasingh/Library/Developer/Xcode/DerivedData/ModuleCache.noindex -serialize-diagnostics -emit-dependencies -emit-module -emit-module-path /Users/aadityasingh/Library/Developer/Xcode/DerivedData/Chatlio-erkyzdeecsohoaggpwbjdvavzqfv/Build/Intermediates.noindex/DeviceKit.build/Debug-iphonesimulator/DeviceKit.build/Objects-normal/arm64/DeviceKit.swiftmodule -validate-clang-modules-once -clang-build-session-file /Users/aadityasingh/Library/Developer/Xcode/DerivedData/ModuleCache.noindex/Session.modulevalidation -Xcc -I/Users/aadityasingh/Library/Developer/Xcode/DerivedData/Chatlio-erkyzdeecsohoaggpwbjdvavzqfv/Build/Intermediates.noindex/DeviceKit.build/Debug-iphonesimulator/DeviceKit.build/swift-overrides.hmap -emit-const-values -Xfrontend -const-gather-protocols-file -Xfrontend /Users/aadityasingh/Library/Developer/Xcode/DerivedData/Chatlio-erkyzdeecsohoaggpwbjdvavzqfv/Build/Intermediates.noindex/DeviceKit.build/Debug-iphonesimulator/DeviceKit.build/Objects-normal/arm64/DeviceKit_const_extract_protocols.json -Xcc -I/Users/aadityasingh/Library/Developer/Xcode/DerivedData/Chatlio-erkyzdeecsohoaggpwbjdvavzqfv/Build/Products/Debug-iphonesimulator/include -Xcc -I/Users/aadityasingh/Library/Developer/Xcode/DerivedData/Chatlio-erkyzdeecsohoaggpwbjdvavzqfv/Build/Intermediates.noindex/DeviceKit.build/Debug-iphonesimulator/DeviceKit.build/DerivedSources-normal/arm64 -Xcc -I/Users/aadityasingh/Library/Developer/Xcode/DerivedData/Chatlio-erkyzdeecsohoaggpwbjdvavzqfv/Build/Intermediates.noindex/DeviceKit.build/Debug-iphonesimulator/DeviceKit.build/DerivedSources/arm64 -Xcc -I/Users/aadityasingh/Library/Developer/Xcode/DerivedData/Chatlio-erkyzdeecsohoaggpwbjdvavzqfv/Build/Intermediates.noindex/DeviceKit.build/Debug-iphonesimulator/DeviceKit.build/DerivedSources -Xcc -DSWIFT_PACKAGE -Xcc -DDEBUG\=1 -emit-objc-header -emit-objc-header-path /Users/aadityasingh/Library/Developer/Xcode/DerivedData/Chatlio-erkyzdeecsohoaggpwbjdvavzqfv/Build/Intermediates.noindex/DeviceKit.build/Debug-iphonesimulator/DeviceKit.build/Objects-normal/arm64/DeviceKit-Swift.h -working-directory /Users/aadityasingh/Documents/Development/element-x-ios/Chatlio.xcodeproj -experimental-emit-module-separately -disable-cmo

SwiftCompile normal arm64 Compiling\ Device.generated.swift /Users/aadityasingh/Library/Developer/Xcode/DerivedData/Chatlio-erkyzdeecsohoaggpwbjdvavzqfv/SourcePackages/checkouts/DeviceKit/Source/Device.generated.swift (in target 'DeviceKit' from project 'DeviceKit')

SwiftCompile normal arm64 /Users/aadityasingh/Library/Developer/Xcode/DerivedData/Chatlio-erkyzdeecsohoaggpwbjdvavzqfv/SourcePackages/checkouts/DeviceKit/Source/Device.generated.swift (in target 'DeviceKit' from project 'DeviceKit')
    cd /Users/aadityasingh/Documents/Development/element-x-ios/Chatlio.xcodeproj
    

SwiftCompile normal x86_64 Compiling\ Device.generated.swift /Users/aadityasingh/Library/Developer/Xcode/DerivedData/Chatlio-erkyzdeecsohoaggpwbjdvavzqfv/SourcePackages/checkouts/DeviceKit/Source/Device.generated.swift (in target 'DeviceKit' from project 'DeviceKit')

SwiftCompile normal x86_64 /Users/aadityasingh/Library/Developer/Xcode/DerivedData/Chatlio-erkyzdeecsohoaggpwbjdvavzqfv/SourcePackages/checkouts/DeviceKit/Source/Device.generated.swift (in target 'DeviceKit' from project 'DeviceKit')
    cd /Users/aadityasingh/Documents/Development/element-x-ios/Chatlio.xcodeproj
    

SwiftDriverJobDiscovery normal x86_64 Emitting module for DeviceKit (in target 'DeviceKit' from project 'DeviceKit')

Copy /Users/aadityasingh/Library/Developer/Xcode/DerivedData/Chatlio-erkyzdeecsohoaggpwbjdvavzqfv/Build/Products/Debug-iphonesimulator/DeviceKit.swiftmodule/arm64-apple-ios-simulator.swiftmodule /Users/aadityasingh/Library/Developer/Xcode/DerivedData/Chatlio-erkyzdeecsohoaggpwbjdvavzqfv/Build/Intermediates.noindex/DeviceKit.build/Debug-iphonesimulator/DeviceKit.build/Objects-normal/arm64/DeviceKit.swiftmodule (in target 'DeviceKit' from project 'DeviceKit')
    cd /Users/aadityasingh/Library/Developer/Xcode/DerivedData/Chatlio-erkyzdeecsohoaggpwbjdvavzqfv/SourcePackages/checkouts/DeviceKit
    builtin-copy -exclude .DS_Store -exclude CVS -exclude .svn -exclude .git -exclude .hg -resolve-src-symlinks -rename /Users/aadityasingh/Library/Developer/Xcode/DerivedData/Chatlio-erkyzdeecsohoaggpwbjdvavzqfv/Build/Intermediates.noindex/DeviceKit.build/Debug-iphonesimulator/DeviceKit.build/Objects-normal/arm64/DeviceKit.swiftmodule /Users/aadityasingh/Library/Developer/Xcode/DerivedData/Chatlio-erkyzdeecsohoaggpwbjdvavzqfv/Build/Products/Debug-iphonesimulator/DeviceKit.swiftmodule/arm64-apple-ios-simulator.swiftmodule

SwiftDriver\ Compilation\ Requirements DeviceKit normal x86_64 com.apple.xcode.tools.swift.compiler (in target 'DeviceKit' from project 'DeviceKit')
    cd /Users/aadityasingh/Documents/Development/element-x-ios/Chatlio.xcodeproj
    builtin-Swift-Compilation-Requirements -- /Applications/Xcode.app/Contents/Developer/Toolchains/XcodeDefault.xctoolchain/usr/bin/swiftc -module-name DeviceKit -Onone @/Users/aadityasingh/Library/Developer/Xcode/DerivedData/Chatlio-erkyzdeecsohoaggpwbjdvavzqfv/Build/Intermediates.noindex/DeviceKit.build/Debug-iphonesimulator/DeviceKit.build/Objects-normal/x86_64/DeviceKit.SwiftFileList -DSWIFT_PACKAGE -DDEBUG -DSWIFT_MODULE_RESOURCE_BUNDLE_AVAILABLE -DXcode -plugin-path /Applications/Xcode.app/Contents/Developer/Toolchains/XcodeDefault.xctoolchain/usr/lib/swift/host/plugins/testing -enable-experimental-feature DebugDescriptionMacro -sdk /Applications/Xcode.app/Contents/Developer/Platforms/iPhoneSimulator.platform/Developer/SDKs/iPhoneSimulator26.4.sdk -target x86_64-apple-ios13.0-simulator -g -module-cache-path /Users/aadityasingh/Library/Developer/Xcode/DerivedData/ModuleCache.noindex -Xfrontend -serialize-debugging-options -profile-coverage-mapping -profile-generate -enable-testing -suppress-warnings -index-store-path /Users/aadityasingh/Library/Developer/Xcode/DerivedData/Chatlio-erkyzdeecsohoaggpwbjdvavzqfv/Index.noindex/DataStore -Xcc -D_LIBCPP_HARDENING_MODE\=_LIBCPP_HARDENING_MODE_DEBUG -swift-version 5 -I /Users/aadityasingh/Library/Developer/Xcode/DerivedData/Chatlio-erkyzdeecsohoaggpwbjdvavzqfv/Build/Products/Debug-iphonesimulator -Isystem /Applications/Xcode.app/Contents/Developer/Platforms/iPhoneSimulator.platform/Developer/usr/lib -F /Users/aadityasingh/Library/Developer/Xcode/DerivedData/Chatlio-erkyzdeecsohoaggpwbjdvavzqfv/Build/Products/Debug-iphonesimulator -F /Applications/Xcode.app/Contents/Developer/Platforms/iPhoneSimulator.platform/Developer/Library/Frameworks -F /Applications/Xcode.app/Contents/Developer/Platforms/iPhoneSimulator.platform/Developer/SDKs/iPhoneSimulator26.4.sdk/Developer/Library/Frameworks -c -j12 -enable-batch-mode -incremental -Xcc -ivfsstatcache -Xcc /Users/aadityasingh/Library/Developer/Xcode/DerivedData/SDKStatCaches.noindex/iphonesimulator26.4-23E252-686eebb5dc1d8ecb277353a59184f4aa.sdkstatcache -output-file-map /Users/aadityasingh/Library/Developer/Xcode/DerivedData/Chatlio-erkyzdeecsohoaggpwbjdvavzqfv/Build/Intermediates.noindex/DeviceKit.build/Debug-iphonesimulator/DeviceKit.build/Objects-normal/x86_64/DeviceKit-OutputFileMap.json -use-frontend-parseable-output -save-temps -no-color-diagnostics -explicit-module-build -module-cache-path /Users/aadityasingh/Library/Developer/Xcode/DerivedData/Chatlio-erkyzdeecsohoaggpwbjdvavzqfv/Build/Intermediates.noindex/SwiftExplicitPrecompiledModules -clang-scanner-module-cache-path /Users/aadityasingh/Library/Developer/Xcode/DerivedData/ModuleCache.noindex -sdk-module-cache-path /Users/aadityasingh/Library/Developer/Xcode/DerivedData/ModuleCache.noindex -serialize-diagnostics -emit-dependencies -emit-module -emit-module-path /Users/aadityasingh/Library/Developer/Xcode/DerivedData/Chatlio-erkyzdeecsohoaggpwbjdvavzqfv/Build/Intermediates.noindex/DeviceKit.build/Debug-iphonesimulator/DeviceKit.build/Objects-normal/x86_64/DeviceKit.swiftmodule -validate-clang-modules-once -clang-build-session-file /Users/aadityasingh/Library/Developer/Xcode/DerivedData/ModuleCache.noindex/Session.modulevalidation -Xcc -I/Users/aadityasingh/Library/Developer/Xcode/DerivedData/Chatlio-erkyzdeecsohoaggpwbjdvavzqfv/Build/Intermediates.noindex/DeviceKit.build/Debug-iphonesimulator/DeviceKit.build/swift-overrides.hmap -emit-const-values -Xfrontend -const-gather-protocols-file -Xfrontend /Users/aadityasingh/Library/Developer/Xcode/DerivedData/Chatlio-erkyzdeecsohoaggpwbjdvavzqfv/Build/Intermediates.noindex/DeviceKit.build/Debug-iphonesimulator/DeviceKit.build/Objects-normal/x86_64/DeviceKit_const_extract_protocols.json -Xcc -I/Users/aadityasingh/Library/Developer/Xcode/DerivedData/Chatlio-erkyzdeecsohoaggpwbjdvavzqfv/Build/Products/Debug-iphonesimulator/include -Xcc -I/Users/aadityasingh/Library/Developer/Xcode/DerivedData/Chatlio-erkyzdeecsohoaggpwbjdvavzqfv/Build/Intermediates.noindex/DeviceKit.build/Debug-iphonesimulator/DeviceKit.build/DerivedSources-normal/x86_64 -Xcc -I/Users/aadityasingh/Library/Developer/Xcode/DerivedData/Chatlio-erkyzdeecsohoaggpwbjdvavzqfv/Build/Intermediates.noindex/DeviceKit.build/Debug-iphonesimulator/DeviceKit.build/DerivedSources/x86_64 -Xcc -I/Users/aadityasingh/Library/Developer/Xcode/DerivedData/Chatlio-erkyzdeecsohoaggpwbjdvavzqfv/Build/Intermediates.noindex/DeviceKit.build/Debug-iphonesimulator/DeviceKit.build/DerivedSources -Xcc -DSWIFT_PACKAGE -Xcc -DDEBUG\=1 -emit-objc-header -emit-objc-header-path /Users/aadityasingh/Library/Developer/Xcode/DerivedData/Chatlio-erkyzdeecsohoaggpwbjdvavzqfv/Build/Intermediates.noindex/DeviceKit.build/Debug-iphonesimulator/DeviceKit.build/Objects-normal/x86_64/DeviceKit-Swift.h -working-directory /Users/aadityasingh/Documents/Development/element-x-ios/Chatlio.xcodeproj -experimental-emit-module-separately -disable-cmo

Copy /Users/aadityasingh/Library/Developer/Xcode/DerivedData/Chatlio-erkyzdeecsohoaggpwbjdvavzqfv/Build/Products/Debug-iphonesimulator/DeviceKit.swiftmodule/arm64-apple-ios-simulator.swiftdoc /Users/aadityasingh/Library/Developer/Xcode/DerivedData/Chatlio-erkyzdeecsohoaggpwbjdvavzqfv/Build/Intermediates.noindex/DeviceKit.build/Debug-iphonesimulator/DeviceKit.build/Objects-normal/arm64/DeviceKit.swiftdoc (in target 'DeviceKit' from project 'DeviceKit')
    cd /Users/aadityasingh/Library/Developer/Xcode/DerivedData/Chatlio-erkyzdeecsohoaggpwbjdvavzqfv/SourcePackages/checkouts/DeviceKit
    builtin-copy -exclude .DS_Store -exclude CVS -exclude .svn -exclude .git -exclude .hg -resolve-src-symlinks -rename /Users/aadityasingh/Library/Developer/Xcode/DerivedData/Chatlio-erkyzdeecsohoaggpwbjdvavzqfv/Build/Intermediates.noindex/DeviceKit.build/Debug-iphonesimulator/DeviceKit.build/Objects-normal/arm64/DeviceKit.swiftdoc /Users/aadityasingh/Library/Developer/Xcode/DerivedData/Chatlio-erkyzdeecsohoaggpwbjdvavzqfv/Build/Products/Debug-iphonesimulator/DeviceKit.swiftmodule/arm64-apple-ios-simulator.swiftdoc

SwiftMergeGeneratedHeaders /Users/aadityasingh/Library/Developer/Xcode/DerivedData/Chatlio-erkyzdeecsohoaggpwbjdvavzqfv/Build/Intermediates.noindex/GeneratedModuleMaps-iphonesimulator/DeviceKit-Swift.h /Users/aadityasingh/Library/Developer/Xcode/DerivedData/Chatlio-erkyzdeecsohoaggpwbjdvavzqfv/Build/Intermediates.noindex/DeviceKit.build/Debug-iphonesimulator/DeviceKit.build/Objects-normal/arm64/DeviceKit-Swift.h /Users/aadityasingh/Library/Developer/Xcode/DerivedData/Chatlio-erkyzdeecsohoaggpwbjdvavzqfv/Build/Intermediates.noindex/DeviceKit.build/Debug-iphonesimulator/DeviceKit.build/Objects-normal/x86_64/DeviceKit-Swift.h (in target 'DeviceKit' from project 'DeviceKit')
    cd /Users/aadityasingh/Library/Developer/Xcode/DerivedData/Chatlio-erkyzdeecsohoaggpwbjdvavzqfv/SourcePackages/checkouts/DeviceKit
    builtin-swiftHeaderTool -arch arm64 /Users/aadityasingh/Library/Developer/Xcode/DerivedData/Chatlio-erkyzdeecsohoaggpwbjdvavzqfv/Build/Intermediates.noindex/DeviceKit.build/Debug-iphonesimulator/DeviceKit.build/Objects-normal/arm64/DeviceKit-Swift.h -arch x86_64 /Users/aadityasingh/Library/Developer/Xcode/DerivedData/Chatlio-erkyzdeecsohoaggpwbjdvavzqfv/Build/Intermediates.noindex/DeviceKit.build/Debug-iphonesimulator/DeviceKit.build/Objects-normal/x86_64/DeviceKit-Swift.h -o /Users/aadityasingh/Library/Developer/Xcode/DerivedData/Chatlio-erkyzdeecsohoaggpwbjdvavzqfv/Build/Intermediates.noindex/GeneratedModuleMaps-iphonesimulator/DeviceKit-Swift.h

Copy /Users/aadityasingh/Library/Developer/Xcode/DerivedData/Chatlio-erkyzdeecsohoaggpwbjdvavzqfv/Build/Products/Debug-iphonesimulator/DeviceKit.swiftmodule/x86_64-apple-ios-simulator.swiftmodule /Users/aadityasingh/Library/Developer/Xcode/DerivedData/Chatlio-erkyzdeecsohoaggpwbjdvavzqfv/Build/Intermediates.noindex/DeviceKit.build/Debug-iphonesimulator/DeviceKit.build/Objects-normal/x86_64/DeviceKit.swiftmodule (in target 'DeviceKit' from project 'DeviceKit')
    cd /Users/aadityasingh/Library/Developer/Xcode/DerivedData/Chatlio-erkyzdeecsohoaggpwbjdvavzqfv/SourcePackages/checkouts/DeviceKit
    builtin-copy -exclude .DS_Store -exclude CVS -exclude .svn -exclude .git -exclude .hg -resolve-src-symlinks -rename /Users/aadityasingh/Library/Developer/Xcode/DerivedData/Chatlio-erkyzdeecsohoaggpwbjdvavzqfv/Build/Intermediates.noindex/DeviceKit.build/Debug-iphonesimulator/DeviceKit.build/Objects-normal/x86_64/DeviceKit.swiftmodule /Users/aadityasingh/Library/Developer/Xcode/DerivedData/Chatlio-erkyzdeecsohoaggpwbjdvavzqfv/Build/Products/Debug-iphonesimulator/DeviceKit.swiftmodule/x86_64-apple-ios-simulator.swiftmodule

Copy /Users/aadityasingh/Library/Developer/Xcode/DerivedData/Chatlio-erkyzdeecsohoaggpwbjdvavzqfv/Build/Products/Debug-iphonesimulator/DeviceKit.swiftmodule/x86_64-apple-ios-simulator.swiftdoc /Users/aadityasingh/Library/Developer/Xcode/DerivedData/Chatlio-erkyzdeecsohoaggpwbjdvavzqfv/Build/Intermediates.noindex/DeviceKit.build/Debug-iphonesimulator/DeviceKit.build/Objects-normal/x86_64/DeviceKit.swiftdoc (in target 'DeviceKit' from project 'DeviceKit')
    cd /Users/aadityasingh/Library/Developer/Xcode/DerivedData/Chatlio-erkyzdeecsohoaggpwbjdvavzqfv/SourcePackages/checkouts/DeviceKit
    builtin-copy -exclude .DS_Store -exclude CVS -exclude .svn -exclude .git -exclude .hg -resolve-src-symlinks -rename /Users/aadityasingh/Library/Developer/Xcode/DerivedData/Chatlio-erkyzdeecsohoaggpwbjdvavzqfv/Build/Intermediates.noindex/DeviceKit.build/Debug-iphonesimulator/DeviceKit.build/Objects-normal/x86_64/DeviceKit.swiftdoc /Users/aadityasingh/Library/Developer/Xcode/DerivedData/Chatlio-erkyzdeecsohoaggpwbjdvavzqfv/Build/Products/Debug-iphonesimulator/DeviceKit.swiftmodule/x86_64-apple-ios-simulator.swiftdoc

Copy /Users/aadityasingh/Library/Developer/Xcode/DerivedData/Chatlio-erkyzdeecsohoaggpwbjdvavzqfv/Build/Products/Debug-iphonesimulator/DeviceKit.swiftmodule/x86_64-apple-ios-simulator.abi.json /Users/aadityasingh/Library/Developer/Xcode/DerivedData/Chatlio-erkyzdeecsohoaggpwbjdvavzqfv/Build/Intermediates.noindex/DeviceKit.build/Debug-iphonesimulator/DeviceKit.build/Objects-normal/x86_64/DeviceKit.abi.json (in target 'DeviceKit' from project 'DeviceKit')
    cd /Users/aadityasingh/Library/Developer/Xcode/DerivedData/Chatlio-erkyzdeecsohoaggpwbjdvavzqfv/SourcePackages/checkouts/DeviceKit
    builtin-copy -exclude .DS_Store -exclude CVS -exclude .svn -exclude .git -exclude .hg -resolve-src-symlinks -rename /Users/aadityasingh/Library/Developer/Xcode/DerivedData/Chatlio-erkyzdeecsohoaggpwbjdvavzqfv/Build/Intermediates.noindex/DeviceKit.build/Debug-iphonesimulator/DeviceKit.build/Objects-normal/x86_64/DeviceKit.abi.json /Users/aadityasingh/Library/Developer/Xcode/DerivedData/Chatlio-erkyzdeecsohoaggpwbjdvavzqfv/Build/Products/Debug-iphonesimulator/DeviceKit.swiftmodule/x86_64-apple-ios-simulator.abi.json

Copy /Users/aadityasingh/Library/Developer/Xcode/DerivedData/Chatlio-erkyzdeecsohoaggpwbjdvavzqfv/Build/Products/Debug-iphonesimulator/DeviceKit.swiftmodule/arm64-apple-ios-simulator.abi.json /Users/aadityasingh/Library/Developer/Xcode/DerivedData/Chatlio-erkyzdeecsohoaggpwbjdvavzqfv/Build/Intermediates.noindex/DeviceKit.build/Debug-iphonesimulator/DeviceKit.build/Objects-normal/arm64/DeviceKit.abi.json (in target 'DeviceKit' from project 'DeviceKit')
    cd /Users/aadityasingh/Library/Developer/Xcode/DerivedData/Chatlio-erkyzdeecsohoaggpwbjdvavzqfv/SourcePackages/checkouts/DeviceKit
    builtin-copy -exclude .DS_Store -exclude CVS -exclude .svn -exclude .git -exclude .hg -resolve-src-symlinks -rename /Users/aadityasingh/Library/Developer/Xcode/DerivedData/Chatlio-erkyzdeecsohoaggpwbjdvavzqfv/Build/Intermediates.noindex/DeviceKit.build/Debug-iphonesimulator/DeviceKit.build/Objects-normal/arm64/DeviceKit.abi.json /Users/aadityasingh/Library/Developer/Xcode/DerivedData/Chatlio-erkyzdeecsohoaggpwbjdvavzqfv/Build/Products/Debug-iphonesimulator/DeviceKit.swiftmodule/arm64-apple-ios-simulator.abi.json

SwiftDriverJobDiscovery normal x86_64 Compiling resource_bundle_accessor.swift (in target 'EmbeddedElementCall' from project 'EmbeddedElementCall')

Copy /Users/aadityasingh/Library/Developer/Xcode/DerivedData/Chatlio-erkyzdeecsohoaggpwbjdvavzqfv/Build/Products/Debug-iphonesimulator/DeviceKit.swiftmodule/Project/x86_64-apple-ios-simulator.swiftsourceinfo /Users/aadityasingh/Library/Developer/Xcode/DerivedData/Chatlio-erkyzdeecsohoaggpwbjdvavzqfv/Build/Intermediates.noindex/DeviceKit.build/Debug-iphonesimulator/DeviceKit.build/Objects-normal/x86_64/DeviceKit.swiftsourceinfo (in target 'DeviceKit' from project 'DeviceKit')
    cd /Users/aadityasingh/Library/Developer/Xcode/DerivedData/Chatlio-erkyzdeecsohoaggpwbjdvavzqfv/SourcePackages/checkouts/DeviceKit
    builtin-copy -exclude .DS_Store -exclude CVS -exclude .svn -exclude .git -exclude .hg -resolve-src-symlinks -rename /Users/aadityasingh/Library/Developer/Xcode/DerivedData/Chatlio-erkyzdeecsohoaggpwbjdvavzqfv/Build/Intermediates.noindex/DeviceKit.build/Debug-iphonesimulator/DeviceKit.build/Objects-normal/x86_64/DeviceKit.swiftsourceinfo /Users/aadityasingh/Library/Developer/Xcode/DerivedData/Chatlio-erkyzdeecsohoaggpwbjdvavzqfv/Build/Products/Debug-iphonesimulator/DeviceKit.swiftmodule/Project/x86_64-apple-ios-simulator.swiftsourceinfo

Copy /Users/aadityasingh/Library/Developer/Xcode/DerivedData/Chatlio-erkyzdeecsohoaggpwbjdvavzqfv/Build/Products/Debug-iphonesimulator/DeviceKit.swiftmodule/Project/arm64-apple-ios-simulator.swiftsourceinfo /Users/aadityasingh/Library/Developer/Xcode/DerivedData/Chatlio-erkyzdeecsohoaggpwbjdvavzqfv/Build/Intermediates.noindex/DeviceKit.build/Debug-iphonesimulator/DeviceKit.build/Objects-normal/arm64/DeviceKit.swiftsourceinfo (in target 'DeviceKit' from project 'DeviceKit')
    cd /Users/aadityasingh/Library/Developer/Xcode/DerivedData/Chatlio-erkyzdeecsohoaggpwbjdvavzqfv/SourcePackages/checkouts/DeviceKit
    builtin-copy -exclude .DS_Store -exclude CVS -exclude .svn -exclude .git -exclude .hg -resolve-src-symlinks -rename /Users/aadityasingh/Library/Developer/Xcode/DerivedData/Chatlio-erkyzdeecsohoaggpwbjdvavzqfv/Build/Intermediates.noindex/DeviceKit.build/Debug-iphonesimulator/DeviceKit.build/Objects-normal/arm64/DeviceKit.swiftsourceinfo /Users/aadityasingh/Library/Developer/Xcode/DerivedData/Chatlio-erkyzdeecsohoaggpwbjdvavzqfv/Build/Products/Debug-iphonesimulator/DeviceKit.swiftmodule/Project/arm64-apple-ios-simulator.swiftsourceinfo

SwiftDriver\ Compilation EmbeddedElementCall normal x86_64 com.apple.xcode.tools.swift.compiler (in target 'EmbeddedElementCall' from project 'EmbeddedElementCall')
    cd /Users/aadityasingh/Documents/Development/element-x-ios/Chatlio.xcodeproj
    builtin-Swift-Compilation -- /Applications/Xcode.app/Contents/Developer/Toolchains/XcodeDefault.xctoolchain/usr/bin/swiftc -module-name EmbeddedElementCall -Onone @/Users/aadityasingh/Library/Developer/Xcode/DerivedData/Chatlio-erkyzdeecsohoaggpwbjdvavzqfv/Build/Intermediates.noindex/EmbeddedElementCall.build/Debug-iphonesimulator/EmbeddedElementCall.build/Objects-normal/x86_64/EmbeddedElementCall.SwiftFileList -DSWIFT_PACKAGE -DDEBUG -DSWIFT_MODULE_RESOURCE_BUNDLE_AVAILABLE -DXcode -plugin-path /Applications/Xcode.app/Contents/Developer/Toolchains/XcodeDefault.xctoolchain/usr/lib/swift/host/plugins/testing -enable-experimental-feature DebugDescriptionMacro -sdk /Applications/Xcode.app/Contents/Developer/Platforms/iPhoneSimulator.platform/Developer/SDKs/iPhoneSimulator26.4.sdk -target x86_64-apple-ios17.0-simulator -g -module-cache-path /Users/aadityasingh/Library/Developer/Xcode/DerivedData/ModuleCache.noindex -Xfrontend -serialize-debugging-options -profile-coverage-mapping -profile-generate -enable-testing -suppress-warnings -index-store-path /Users/aadityasingh/Library/Developer/Xcode/DerivedData/Chatlio-erkyzdeecsohoaggpwbjdvavzqfv/Index.noindex/DataStore -Xcc -D_LIBCPP_HARDENING_MODE\=_LIBCPP_HARDENING_MODE_DEBUG -swift-version 6 -I /Users/aadityasingh/Library/Developer/Xcode/DerivedData/Chatlio-erkyzdeecsohoaggpwbjdvavzqfv/Build/Products/Debug-iphonesimulator -Isystem /Applications/Xcode.app/Contents/Developer/Platforms/iPhoneSimulator.platform/Developer/usr/lib -F /Users/aadityasingh/Library/Developer/Xcode/DerivedData/Chatlio-erkyzdeecsohoaggpwbjdvavzqfv/Build/Products/Debug-iphonesimulator -F /Applications/Xcode.app/Contents/Developer/Platforms/iPhoneSimulator.platform/Developer/Library/Frameworks -F /Applications/Xcode.app/Contents/Developer/Platforms/iPhoneSimulator.platform/Developer/SDKs/iPhoneSimulator26.4.sdk/Developer/Library/Frameworks -c -j12 -enable-batch-mode -incremental -Xcc -ivfsstatcache -Xcc /Users/aadityasingh/Library/Developer/Xcode/DerivedData/SDKStatCaches.noindex/iphonesimulator26.4-23E252-686eebb5dc1d8ecb277353a59184f4aa.sdkstatcache -output-file-map /Users/aadityasingh/Library/Developer/Xcode/DerivedData/Chatlio-erkyzdeecsohoaggpwbjdvavzqfv/Build/Intermediates.noindex/EmbeddedElementCall.build/Debug-iphonesimulator/EmbeddedElementCall.build/Objects-normal/x86_64/EmbeddedElementCall-OutputFileMap.json -use-frontend-parseable-output -save-temps -no-color-diagnostics -explicit-module-build -module-cache-path /Users/aadityasingh/Library/Developer/Xcode/DerivedData/Chatlio-erkyzdeecsohoaggpwbjdvavzqfv/Build/Intermediates.noindex/SwiftExplicitPrecompiledModules -clang-scanner-module-cache-path /Users/aadityasingh/Library/Developer/Xcode/DerivedData/ModuleCache.noindex -sdk-module-cache-path /Users/aadityasingh/Library/Developer/Xcode/DerivedData/ModuleCache.noindex -serialize-diagnostics -emit-dependencies -emit-module -emit-module-path /Users/aadityasingh/Library/Developer/Xcode/DerivedData/Chatlio-erkyzdeecsohoaggpwbjdvavzqfv/Build/Intermediates.noindex/EmbeddedElementCall.build/Debug-iphonesimulator/EmbeddedElementCall.build/Objects-normal/x86_64/EmbeddedElementCall.swiftmodule -user-module-version 0.17.0 -validate-clang-modules-once -clang-build-session-file /Users/aadityasingh/Library/Developer/Xcode/DerivedData/ModuleCache.noindex/Session.modulevalidation -package-name element_call_swift -Xcc -I/Users/aadityasingh/Library/Developer/Xcode/DerivedData/Chatlio-erkyzdeecsohoaggpwbjdvavzqfv/Build/Intermediates.noindex/EmbeddedElementCall.build/Debug-iphonesimulator/EmbeddedElementCall.build/swift-overrides.hmap -emit-const-values -Xfrontend -const-gather-protocols-file -Xfrontend /Users/aadityasingh/Library/Developer/Xcode/DerivedData/Chatlio-erkyzdeecsohoaggpwbjdvavzqfv/Build/Intermediates.noindex/EmbeddedElementCall.build/Debug-iphonesimulator/EmbeddedElementCall.build/Objects-normal/x86_64/EmbeddedElementCall_const_extract_protocols.json -Xcc -I/Users/aadityasingh/Library/Developer/Xcode/DerivedData/Chatlio-erkyzdeecsohoaggpwbjdvavzqfv/Build/Products/Debug-iphonesimulator/include -Xcc -I/Users/aadityasingh/Library/Developer/Xcode/DerivedData/Chatlio-erkyzdeecsohoaggpwbjdvavzqfv/Build/Intermediates.noindex/EmbeddedElementCall.build/Debug-iphonesimulator/EmbeddedElementCall.build/DerivedSources-normal/x86_64 -Xcc -I/Users/aadityasingh/Library/Developer/Xcode/DerivedData/Chatlio-erkyzdeecsohoaggpwbjdvavzqfv/Build/Intermediates.noindex/EmbeddedElementCall.build/Debug-iphonesimulator/EmbeddedElementCall.build/DerivedSources/x86_64 -Xcc -I/Users/aadityasingh/Library/Developer/Xcode/DerivedData/Chatlio-erkyzdeecsohoaggpwbjdvavzqfv/Build/Intermediates.noindex/EmbeddedElementCall.build/Debug-iphonesimulator/EmbeddedElementCall.build/DerivedSources -Xcc -DSWIFT_PACKAGE -Xcc -DDEBUG\=1 -emit-objc-header -emit-objc-header-path /Users/aadityasingh/Library/Developer/Xcode/DerivedData/Chatlio-erkyzdeecsohoaggpwbjdvavzqfv/Build/Intermediates.noindex/EmbeddedElementCall.build/Debug-iphonesimulator/EmbeddedElementCall.build/Objects-normal/x86_64/EmbeddedElementCall-Swift.h -working-directory /Users/aadityasingh/Documents/Development/element-x-ios/Chatlio.xcodeproj -experimental-emit-module-separately -disable-cmo

SwiftCompile normal arm64 Compiling\ resource_bundle_accessor.swift /Users/aadityasingh/Library/Developer/Xcode/DerivedData/Chatlio-erkyzdeecsohoaggpwbjdvavzqfv/Build/Intermediates.noindex/DeviceKit.build/Debug-iphonesimulator/DeviceKit.build/DerivedSources/resource_bundle_accessor.swift (in target 'DeviceKit' from project 'DeviceKit')

SwiftCompile normal arm64 /Users/aadityasingh/Library/Developer/Xcode/DerivedData/Chatlio-erkyzdeecsohoaggpwbjdvavzqfv/Build/Intermediates.noindex/DeviceKit.build/Debug-iphonesimulator/DeviceKit.build/DerivedSources/resource_bundle_accessor.swift (in target 'DeviceKit' from project 'DeviceKit')
    cd /Users/aadityasingh/Documents/Development/element-x-ios/Chatlio.xcodeproj
    

SwiftCompile normal x86_64 Compiling\ resource_bundle_accessor.swift /Users/aadityasingh/Library/Developer/Xcode/DerivedData/Chatlio-erkyzdeecsohoaggpwbjdvavzqfv/Build/Intermediates.noindex/DeviceKit.build/Debug-iphonesimulator/DeviceKit.build/DerivedSources/resource_bundle_accessor.swift (in target 'DeviceKit' from project 'DeviceKit')

SwiftCompile normal x86_64 /Users/aadityasingh/Library/Developer/Xcode/DerivedData/Chatlio-erkyzdeecsohoaggpwbjdvavzqfv/Build/Intermediates.noindex/DeviceKit.build/Debug-iphonesimulator/DeviceKit.build/DerivedSources/resource_bundle_accessor.swift (in target 'DeviceKit' from project 'DeviceKit')
    cd /Users/aadityasingh/Documents/Development/element-x-ios/Chatlio.xcodeproj
    

SwiftDriverJobDiscovery normal x86_64 Emitting module for DSWaveformImage (in target 'DSWaveformImage' from project 'DSWaveformImage')

ScanDependencies /Users/aadityasingh/Library/Developer/Xcode/DerivedData/Chatlio-erkyzdeecsohoaggpwbjdvavzqfv/Build/Intermediates.noindex/DTFoundation.build/Debug-iphonesimulator/DTFoundation.build/Objects-normal/x86_64/zip.o /Users/aadityasingh/Library/Developer/Xcode/DerivedData/Chatlio-erkyzdeecsohoaggpwbjdvavzqfv/SourcePackages/checkouts/DTFoundation/Core/Source/Externals/minizip/zip.c normal x86_64 c com.apple.compilers.llvm.clang.1_0.compiler (in target 'DTFoundation' from project 'DTFoundation')
    cd /Users/aadityasingh/Documents/Development/element-x-ios/Chatlio.xcodeproj
    
    Using response file: /Users/aadityasingh/Library/Developer/Xcode/DerivedData/Chatlio-erkyzdeecsohoaggpwbjdvavzqfv/Build/Intermediates.noindex/DTFoundation.build/Debug-iphonesimulator/DTFoundation.build/Objects-normal/x86_64/7187679823f38a2a940e0043cdf9d637-common-args.resp
    
    builtin-ScanDependencies -o /Users/aadityasingh/Library/Developer/Xcode/DerivedData/Chatlio-erkyzdeecsohoaggpwbjdvavzqfv/Build/Intermediates.noindex/DTFoundation.build/Debug-iphonesimulator/DTFoundation.build/Objects-normal/x86_64/zip.o.scan -- /Applications/Xcode.app/Contents/Developer/Toolchains/XcodeDefault.xctoolchain/usr/bin/clang -x c -ivfsstatcache /Users/aadityasingh/Library/Developer/Xcode/DerivedData/SDKStatCaches.noindex/iphonesimulator26.4-23E252-686eebb5dc1d8ecb277353a59184f4aa.sdkstatcache -target x86_64-apple-ios12.0-simulator -fmessage-length\=0 -fdiagnostics-show-note-include-stack -fmacro-backtrace-limit\=0 -fno-color-diagnostics -fmodules-prune-interval\=86400 -fmodules-prune-after\=345600 -fbuild-session-file\=/Users/aadityasingh/Library/Developer/Xcode/DerivedData/ModuleCache.noindex/Session.modulevalidation -fmodules-validate-once-per-build-session -Wnon-modular-include-in-framework-module -Werror\=non-modular-include-in-framework-module -Wno-trigraphs -Wno-missing-field-initializers -Wno-missing-prototypes -Wno-return-type -Wno-missing-braces -Wparentheses -Wswitch -Wno-unused-function -Wno-unused-label -Wno-unused-parameter -Wno-unused-variable -Wunused-value -Wno-empty-body -Wno-uninitialized -Wno-unknown-pragmas -w -Wno-shadow -Wno-four-char-constants -Wno-conversion -Wno-constant-conversion -Wno-int-conversion -Wno-bool-conversion -Wno-enum-conversion -Wno-float-conversion -Wno-non-literal-null-conversion -Wno-objc-literal-conversion -Wshorten-64-to-32 -Wpointer-sign -Wno-newline-eof -Wno-implicit-fallthrough -isysroot /Applications/Xcode.app/Contents/Developer/Platforms/iPhoneSimulator.platform/Developer/SDKs/iPhoneSimulator26.4.sdk -fstrict-aliasing -Wdeprecated-declarations -Wno-sign-conversion -Wno-infinite-recursion -Wno-comma -Wno-block-capture-autoreleasing -Wno-strict-prototypes -Wno-semicolon-before-method-body -index-store-path /Users/aadityasingh/Library/Developer/Xcode/DerivedData/Chatlio-erkyzdeecsohoaggpwbjdvavzqfv/Index.noindex/DataStore @/Users/aadityasingh/Library/Developer/Xcode/DerivedData/Chatlio-erkyzdeecsohoaggpwbjdvavzqfv/Build/Intermediates.noindex/DTFoundation.build/Debug-iphonesimulator/DTFoundation.build/Objects-normal/x86_64/7187679823f38a2a940e0043cdf9d637-common-args.resp -MMD -MT dependencies -MF /Users/aadityasingh/Library/Developer/Xcode/DerivedData/Chatlio-erkyzdeecsohoaggpwbjdvavzqfv/Build/Intermediates.noindex/DTFoundation.build/Debug-iphonesimulator/DTFoundation.build/Objects-normal/x86_64/zip.d --serialize-diagnostics /Users/aadityasingh/Library/Developer/Xcode/DerivedData/Chatlio-erkyzdeecsohoaggpwbjdvavzqfv/Build/Intermediates.noindex/DTFoundation.build/Debug-iphonesimulator/DTFoundation.build/Objects-normal/x86_64/zip.dia -c /Users/aadityasingh/Library/Developer/Xcode/DerivedData/Chatlio-erkyzdeecsohoaggpwbjdvavzqfv/SourcePackages/checkouts/DTFoundation/Core/Source/Externals/minizip/zip.c -o /Users/aadityasingh/Library/Developer/Xcode/DerivedData/Chatlio-erkyzdeecsohoaggpwbjdvavzqfv/Build/Intermediates.noindex/DTFoundation.build/Debug-iphonesimulator/DTFoundation.build/Objects-normal/x86_64/zip.o -index-unit-output-path /DTFoundation.build/Debug-iphonesimulator/DTFoundation.build/Objects-normal/x86_64/zip.o

SwiftDriver\ Compilation\ Requirements DSWaveformImage normal x86_64 com.apple.xcode.tools.swift.compiler (in target 'DSWaveformImage' from project 'DSWaveformImage')
    cd /Users/aadityasingh/Documents/Development/element-x-ios/Chatlio.xcodeproj
    builtin-Swift-Compilation-Requirements -- /Applications/Xcode.app/Contents/Developer/Toolchains/XcodeDefault.xctoolchain/usr/bin/swiftc -module-name DSWaveformImage -Onone @/Users/aadityasingh/Library/Developer/Xcode/DerivedData/Chatlio-erkyzdeecsohoaggpwbjdvavzqfv/Build/Intermediates.noindex/DSWaveformImage.build/Debug-iphonesimulator/DSWaveformImage.build/Objects-normal/x86_64/DSWaveformImage.SwiftFileList -DSWIFT_PACKAGE -DDEBUG -DSWIFT_MODULE_RESOURCE_BUNDLE_UNAVAILABLE -DXcode -plugin-path /Applications/Xcode.app/Contents/Developer/Toolchains/XcodeDefault.xctoolchain/usr/lib/swift/host/plugins/testing -enable-experimental-feature DebugDescriptionMacro -sdk /Applications/Xcode.app/Contents/Developer/Platforms/iPhoneSimulator.platform/Developer/SDKs/iPhoneSimulator26.4.sdk -target x86_64-apple-ios15.0-simulator -g -module-cache-path /Users/aadityasingh/Library/Developer/Xcode/DerivedData/ModuleCache.noindex -Xfrontend -serialize-debugging-options -profile-coverage-mapping -profile-generate -enable-testing -suppress-warnings -index-store-path /Users/aadityasingh/Library/Developer/Xcode/DerivedData/Chatlio-erkyzdeecsohoaggpwbjdvavzqfv/Index.noindex/DataStore -Xcc -D_LIBCPP_HARDENING_MODE\=_LIBCPP_HARDENING_MODE_DEBUG -swift-version 5 -I /Users/aadityasingh/Library/Developer/Xcode/DerivedData/Chatlio-erkyzdeecsohoaggpwbjdvavzqfv/Build/Products/Debug-iphonesimulator -Isystem /Applications/Xcode.app/Contents/Developer/Platforms/iPhoneSimulator.platform/Developer/usr/lib -F /Users/aadityasingh/Library/Developer/Xcode/DerivedData/Chatlio-erkyzdeecsohoaggpwbjdvavzqfv/Build/Products/Debug-iphonesimulator -F /Applications/Xcode.app/Contents/Developer/Platforms/iPhoneSimulator.platform/Developer/Library/Frameworks -F /Applications/Xcode.app/Contents/Developer/Platforms/iPhoneSimulator.platform/Developer/SDKs/iPhoneSimulator26.4.sdk/Developer/Library/Frameworks -c -j12 -enable-batch-mode -incremental -Xcc -ivfsstatcache -Xcc /Users/aadityasingh/Library/Developer/Xcode/DerivedData/SDKStatCaches.noindex/iphonesimulator26.4-23E252-686eebb5dc1d8ecb277353a59184f4aa.sdkstatcache -output-file-map /Users/aadityasingh/Library/Developer/Xcode/DerivedData/Chatlio-erkyzdeecsohoaggpwbjdvavzqfv/Build/Intermediates.noindex/DSWaveformImage.build/Debug-iphonesimulator/DSWaveformImage.build/Objects-normal/x86_64/DSWaveformImage-OutputFileMap.json -use-frontend-parseable-output -save-temps -no-color-diagnostics -explicit-module-build -module-cache-path /Users/aadityasingh/Library/Developer/Xcode/DerivedData/Chatlio-erkyzdeecsohoaggpwbjdvavzqfv/Build/Intermediates.noindex/SwiftExplicitPrecompiledModules -clang-scanner-module-cache-path /Users/aadityasingh/Library/Developer/Xcode/DerivedData/ModuleCache.noindex -sdk-module-cache-path /Users/aadityasingh/Library/Developer/Xcode/DerivedData/ModuleCache.noindex -serialize-diagnostics -emit-dependencies -emit-module -emit-module-path /Users/aadityasingh/Library/Developer/Xcode/DerivedData/Chatlio-erkyzdeecsohoaggpwbjdvavzqfv/Build/Intermediates.noindex/DSWaveformImage.build/Debug-iphonesimulator/DSWaveformImage.build/Objects-normal/x86_64/DSWaveformImage.swiftmodule -validate-clang-modules-once -clang-build-session-file /Users/aadityasingh/Library/Developer/Xcode/DerivedData/ModuleCache.noindex/Session.modulevalidation -Xcc -I/Users/aadityasingh/Library/Developer/Xcode/DerivedData/Chatlio-erkyzdeecsohoaggpwbjdvavzqfv/Build/Intermediates.noindex/DSWaveformImage.build/Debug-iphonesimulator/DSWaveformImage.build/swift-overrides.hmap -emit-const-values -Xfrontend -const-gather-protocols-file -Xfrontend /Users/aadityasingh/Library/Developer/Xcode/DerivedData/Chatlio-erkyzdeecsohoaggpwbjdvavzqfv/Build/Intermediates.noindex/DSWaveformImage.build/Debug-iphonesimulator/DSWaveformImage.build/Objects-normal/x86_64/DSWaveformImage_const_extract_protocols.json -Xcc -I/Users/aadityasingh/Library/Developer/Xcode/DerivedData/Chatlio-erkyzdeecsohoaggpwbjdvavzqfv/Build/Products/Debug-iphonesimulator/include -Xcc -I/Users/aadityasingh/Library/Developer/Xcode/DerivedData/Chatlio-erkyzdeecsohoaggpwbjdvavzqfv/Build/Intermediates.noindex/DSWaveformImage.build/Debug-iphonesimulator/DSWaveformImage.build/DerivedSources-normal/x86_64 -Xcc -I/Users/aadityasingh/Library/Developer/Xcode/DerivedData/Chatlio-erkyzdeecsohoaggpwbjdvavzqfv/Build/Intermediates.noindex/DSWaveformImage.build/Debug-iphonesimulator/DSWaveformImage.build/DerivedSources/x86_64 -Xcc -I/Users/aadityasingh/Library/Developer/Xcode/DerivedData/Chatlio-erkyzdeecsohoaggpwbjdvavzqfv/Build/Intermediates.noindex/DSWaveformImage.build/Debug-iphonesimulator/DSWaveformImage.build/DerivedSources -Xcc -DSWIFT_PACKAGE -Xcc -DDEBUG\=1 -emit-objc-header -emit-objc-header-path /Users/aadityasingh/Library/Developer/Xcode/DerivedData/Chatlio-erkyzdeecsohoaggpwbjdvavzqfv/Build/Intermediates.noindex/DSWaveformImage.build/Debug-iphonesimulator/DSWaveformImage.build/Objects-normal/x86_64/DSWaveformImage-Swift.h -working-directory /Users/aadityasingh/Documents/Development/element-x-ios/Chatlio.xcodeproj -experimental-emit-module-separately -disable-cmo

SwiftDriverJobDiscovery normal arm64 Emitting module for DSWaveformImage (in target 'DSWaveformImage' from project 'DSWaveformImage')

SwiftDriver\ Compilation\ Requirements DSWaveformImage normal arm64 com.apple.xcode.tools.swift.compiler (in target 'DSWaveformImage' from project 'DSWaveformImage')
    cd /Users/aadityasingh/Documents/Development/element-x-ios/Chatlio.xcodeproj
    builtin-Swift-Compilation-Requirements -- /Applications/Xcode.app/Contents/Developer/Toolchains/XcodeDefault.xctoolchain/usr/bin/swiftc -module-name DSWaveformImage -Onone @/Users/aadityasingh/Library/Developer/Xcode/DerivedData/Chatlio-erkyzdeecsohoaggpwbjdvavzqfv/Build/Intermediates.noindex/DSWaveformImage.build/Debug-iphonesimulator/DSWaveformImage.build/Objects-normal/arm64/DSWaveformImage.SwiftFileList -DSWIFT_PACKAGE -DDEBUG -DSWIFT_MODULE_RESOURCE_BUNDLE_UNAVAILABLE -DXcode -plugin-path /Applications/Xcode.app/Contents/Developer/Toolchains/XcodeDefault.xctoolchain/usr/lib/swift/host/plugins/testing -enable-experimental-feature DebugDescriptionMacro -sdk /Applications/Xcode.app/Contents/Developer/Platforms/iPhoneSimulator.platform/Developer/SDKs/iPhoneSimulator26.4.sdk -target arm64-apple-ios15.0-simulator -g -module-cache-path /Users/aadityasingh/Library/Developer/Xcode/DerivedData/ModuleCache.noindex -Xfrontend -serialize-debugging-options -profile-coverage-mapping -profile-generate -enable-testing -suppress-warnings -index-store-path /Users/aadityasingh/Library/Developer/Xcode/DerivedData/Chatlio-erkyzdeecsohoaggpwbjdvavzqfv/Index.noindex/DataStore -Xcc -D_LIBCPP_HARDENING_MODE\=_LIBCPP_HARDENING_MODE_DEBUG -swift-version 5 -I /Users/aadityasingh/Library/Developer/Xcode/DerivedData/Chatlio-erkyzdeecsohoaggpwbjdvavzqfv/Build/Products/Debug-iphonesimulator -Isystem /Applications/Xcode.app/Contents/Developer/Platforms/iPhoneSimulator.platform/Developer/usr/lib -F /Users/aadityasingh/Library/Developer/Xcode/DerivedData/Chatlio-erkyzdeecsohoaggpwbjdvavzqfv/Build/Products/Debug-iphonesimulator -F /Applications/Xcode.app/Contents/Developer/Platforms/iPhoneSimulator.platform/Developer/Library/Frameworks -F /Applications/Xcode.app/Contents/Developer/Platforms/iPhoneSimulator.platform/Developer/SDKs/iPhoneSimulator26.4.sdk/Developer/Library/Frameworks -c -j12 -enable-batch-mode -incremental -Xcc -ivfsstatcache -Xcc /Users/aadityasingh/Library/Developer/Xcode/DerivedData/SDKStatCaches.noindex/iphonesimulator26.4-23E252-686eebb5dc1d8ecb277353a59184f4aa.sdkstatcache -output-file-map /Users/aadityasingh/Library/Developer/Xcode/DerivedData/Chatlio-erkyzdeecsohoaggpwbjdvavzqfv/Build/Intermediates.noindex/DSWaveformImage.build/Debug-iphonesimulator/DSWaveformImage.build/Objects-normal/arm64/DSWaveformImage-OutputFileMap.json -use-frontend-parseable-output -save-temps -no-color-diagnostics -explicit-module-build -module-cache-path /Users/aadityasingh/Library/Developer/Xcode/DerivedData/Chatlio-erkyzdeecsohoaggpwbjdvavzqfv/Build/Intermediates.noindex/SwiftExplicitPrecompiledModules -clang-scanner-module-cache-path /Users/aadityasingh/Library/Developer/Xcode/DerivedData/ModuleCache.noindex -sdk-module-cache-path /Users/aadityasingh/Library/Developer/Xcode/DerivedData/ModuleCache.noindex -serialize-diagnostics -emit-dependencies -emit-module -emit-module-path /Users/aadityasingh/Library/Developer/Xcode/DerivedData/Chatlio-erkyzdeecsohoaggpwbjdvavzqfv/Build/Intermediates.noindex/DSWaveformImage.build/Debug-iphonesimulator/DSWaveformImage.build/Objects-normal/arm64/DSWaveformImage.swiftmodule -validate-clang-modules-once -clang-build-session-file /Users/aadityasingh/Library/Developer/Xcode/DerivedData/ModuleCache.noindex/Session.modulevalidation -Xcc -I/Users/aadityasingh/Library/Developer/Xcode/DerivedData/Chatlio-erkyzdeecsohoaggpwbjdvavzqfv/Build/Intermediates.noindex/DSWaveformImage.build/Debug-iphonesimulator/DSWaveformImage.build/swift-overrides.hmap -emit-const-values -Xfrontend -const-gather-protocols-file -Xfrontend /Users/aadityasingh/Library/Developer/Xcode/DerivedData/Chatlio-erkyzdeecsohoaggpwbjdvavzqfv/Build/Intermediates.noindex/DSWaveformImage.build/Debug-iphonesimulator/DSWaveformImage.build/Objects-normal/arm64/DSWaveformImage_const_extract_protocols.json -Xcc -I/Users/aadityasingh/Library/Developer/Xcode/DerivedData/Chatlio-erkyzdeecsohoaggpwbjdvavzqfv/Build/Products/Debug-iphonesimulator/include -Xcc -I/Users/aadityasingh/Library/Developer/Xcode/DerivedData/Chatlio-erkyzdeecsohoaggpwbjdvavzqfv/Build/Intermediates.noindex/DSWaveformImage.build/Debug-iphonesimulator/DSWaveformImage.build/DerivedSources-normal/arm64 -Xcc -I/Users/aadityasingh/Library/Developer/Xcode/DerivedData/Chatlio-erkyzdeecsohoaggpwbjdvavzqfv/Build/Intermediates.noindex/DSWaveformImage.build/Debug-iphonesimulator/DSWaveformImage.build/DerivedSources/arm64 -Xcc -I/Users/aadityasingh/Library/Developer/Xcode/DerivedData/Chatlio-erkyzdeecsohoaggpwbjdvavzqfv/Build/Intermediates.noindex/DSWaveformImage.build/Debug-iphonesimulator/DSWaveformImage.build/DerivedSources -Xcc -DSWIFT_PACKAGE -Xcc -DDEBUG\=1 -emit-objc-header -emit-objc-header-path /Users/aadityasingh/Library/Developer/Xcode/DerivedData/Chatlio-erkyzdeecsohoaggpwbjdvavzqfv/Build/Intermediates.noindex/DSWaveformImage.build/Debug-iphonesimulator/DSWaveformImage.build/Objects-normal/arm64/DSWaveformImage-Swift.h -working-directory /Users/aadityasingh/Documents/Development/element-x-ios/Chatlio.xcodeproj -experimental-emit-module-separately -disable-cmo

Copy /Users/aadityasingh/Library/Developer/Xcode/DerivedData/Chatlio-erkyzdeecsohoaggpwbjdvavzqfv/Build/Products/Debug-iphonesimulator/DSWaveformImage.swiftmodule/x86_64-apple-ios-simulator.swiftmodule /Users/aadityasingh/Library/Developer/Xcode/DerivedData/Chatlio-erkyzdeecsohoaggpwbjdvavzqfv/Build/Intermediates.noindex/DSWaveformImage.build/Debug-iphonesimulator/DSWaveformImage.build/Objects-normal/x86_64/DSWaveformImage.swiftmodule (in target 'DSWaveformImage' from project 'DSWaveformImage')
    cd /Users/aadityasingh/Library/Developer/Xcode/DerivedData/Chatlio-erkyzdeecsohoaggpwbjdvavzqfv/SourcePackages/checkouts/DSWaveformImage
    builtin-copy -exclude .DS_Store -exclude CVS -exclude .svn -exclude .git -exclude .hg -resolve-src-symlinks -rename /Users/aadityasingh/Library/Developer/Xcode/DerivedData/Chatlio-erkyzdeecsohoaggpwbjdvavzqfv/Build/Intermediates.noindex/DSWaveformImage.build/Debug-iphonesimulator/DSWaveformImage.build/Objects-normal/x86_64/DSWaveformImage.swiftmodule /Users/aadityasingh/Library/Developer/Xcode/DerivedData/Chatlio-erkyzdeecsohoaggpwbjdvavzqfv/Build/Products/Debug-iphonesimulator/DSWaveformImage.swiftmodule/x86_64-apple-ios-simulator.swiftmodule

SwiftMergeGeneratedHeaders /Users/aadityasingh/Library/Developer/Xcode/DerivedData/Chatlio-erkyzdeecsohoaggpwbjdvavzqfv/Build/Intermediates.noindex/GeneratedModuleMaps-iphonesimulator/DSWaveformImage-Swift.h /Users/aadityasingh/Library/Developer/Xcode/DerivedData/Chatlio-erkyzdeecsohoaggpwbjdvavzqfv/Build/Intermediates.noindex/DSWaveformImage.build/Debug-iphonesimulator/DSWaveformImage.build/Objects-normal/arm64/DSWaveformImage-Swift.h /Users/aadityasingh/Library/Developer/Xcode/DerivedData/Chatlio-erkyzdeecsohoaggpwbjdvavzqfv/Build/Intermediates.noindex/DSWaveformImage.build/Debug-iphonesimulator/DSWaveformImage.build/Objects-normal/x86_64/DSWaveformImage-Swift.h (in target 'DSWaveformImage' from project 'DSWaveformImage')
    cd /Users/aadityasingh/Library/Developer/Xcode/DerivedData/Chatlio-erkyzdeecsohoaggpwbjdvavzqfv/SourcePackages/checkouts/DSWaveformImage
    builtin-swiftHeaderTool -arch arm64 /Users/aadityasingh/Library/Developer/Xcode/DerivedData/Chatlio-erkyzdeecsohoaggpwbjdvavzqfv/Build/Intermediates.noindex/DSWaveformImage.build/Debug-iphonesimulator/DSWaveformImage.build/Objects-normal/arm64/DSWaveformImage-Swift.h -arch x86_64 /Users/aadityasingh/Library/Developer/Xcode/DerivedData/Chatlio-erkyzdeecsohoaggpwbjdvavzqfv/Build/Intermediates.noindex/DSWaveformImage.build/Debug-iphonesimulator/DSWaveformImage.build/Objects-normal/x86_64/DSWaveformImage-Swift.h -o /Users/aadityasingh/Library/Developer/Xcode/DerivedData/Chatlio-erkyzdeecsohoaggpwbjdvavzqfv/Build/Intermediates.noindex/GeneratedModuleMaps-iphonesimulator/DSWaveformImage-Swift.h

Copy /Users/aadityasingh/Library/Developer/Xcode/DerivedData/Chatlio-erkyzdeecsohoaggpwbjdvavzqfv/Build/Products/Debug-iphonesimulator/DSWaveformImage.swiftmodule/x86_64-apple-ios-simulator.swiftdoc /Users/aadityasingh/Library/Developer/Xcode/DerivedData/Chatlio-erkyzdeecsohoaggpwbjdvavzqfv/Build/Intermediates.noindex/DSWaveformImage.build/Debug-iphonesimulator/DSWaveformImage.build/Objects-normal/x86_64/DSWaveformImage.swiftdoc (in target 'DSWaveformImage' from project 'DSWaveformImage')
    cd /Users/aadityasingh/Library/Developer/Xcode/DerivedData/Chatlio-erkyzdeecsohoaggpwbjdvavzqfv/SourcePackages/checkouts/DSWaveformImage
    builtin-copy -exclude .DS_Store -exclude CVS -exclude .svn -exclude .git -exclude .hg -resolve-src-symlinks -rename /Users/aadityasingh/Library/Developer/Xcode/DerivedData/Chatlio-erkyzdeecsohoaggpwbjdvavzqfv/Build/Intermediates.noindex/DSWaveformImage.build/Debug-iphonesimulator/DSWaveformImage.build/Objects-normal/x86_64/DSWaveformImage.swiftdoc /Users/aadityasingh/Library/Developer/Xcode/DerivedData/Chatlio-erkyzdeecsohoaggpwbjdvavzqfv/Build/Products/Debug-iphonesimulator/DSWaveformImage.swiftmodule/x86_64-apple-ios-simulator.swiftdoc

Copy /Users/aadityasingh/Library/Developer/Xcode/DerivedData/Chatlio-erkyzdeecsohoaggpwbjdvavzqfv/Build/Products/Debug-iphonesimulator/DSWaveformImage.swiftmodule/x86_64-apple-ios-simulator.abi.json /Users/aadityasingh/Library/Developer/Xcode/DerivedData/Chatlio-erkyzdeecsohoaggpwbjdvavzqfv/Build/Intermediates.noindex/DSWaveformImage.build/Debug-iphonesimulator/DSWaveformImage.build/Objects-normal/x86_64/DSWaveformImage.abi.json (in target 'DSWaveformImage' from project 'DSWaveformImage')
    cd /Users/aadityasingh/Library/Developer/Xcode/DerivedData/Chatlio-erkyzdeecsohoaggpwbjdvavzqfv/SourcePackages/checkouts/DSWaveformImage
    builtin-copy -exclude .DS_Store -exclude CVS -exclude .svn -exclude .git -exclude .hg -resolve-src-symlinks -rename /Users/aadityasingh/Library/Developer/Xcode/DerivedData/Chatlio-erkyzdeecsohoaggpwbjdvavzqfv/Build/Intermediates.noindex/DSWaveformImage.build/Debug-iphonesimulator/DSWaveformImage.build/Objects-normal/x86_64/DSWaveformImage.abi.json /Users/aadityasingh/Library/Developer/Xcode/DerivedData/Chatlio-erkyzdeecsohoaggpwbjdvavzqfv/Build/Products/Debug-iphonesimulator/DSWaveformImage.swiftmodule/x86_64-apple-ios-simulator.abi.json

Copy /Users/aadityasingh/Library/Developer/Xcode/DerivedData/Chatlio-erkyzdeecsohoaggpwbjdvavzqfv/Build/Products/Debug-iphonesimulator/DSWaveformImage.swiftmodule/arm64-apple-ios-simulator.swiftmodule /Users/aadityasingh/Library/Developer/Xcode/DerivedData/Chatlio-erkyzdeecsohoaggpwbjdvavzqfv/Build/Intermediates.noindex/DSWaveformImage.build/Debug-iphonesimulator/DSWaveformImage.build/Objects-normal/arm64/DSWaveformImage.swiftmodule (in target 'DSWaveformImage' from project 'DSWaveformImage')
    cd /Users/aadityasingh/Library/Developer/Xcode/DerivedData/Chatlio-erkyzdeecsohoaggpwbjdvavzqfv/SourcePackages/checkouts/DSWaveformImage
    builtin-copy -exclude .DS_Store -exclude CVS -exclude .svn -exclude .git -exclude .hg -resolve-src-symlinks -rename /Users/aadityasingh/Library/Developer/Xcode/DerivedData/Chatlio-erkyzdeecsohoaggpwbjdvavzqfv/Build/Intermediates.noindex/DSWaveformImage.build/Debug-iphonesimulator/DSWaveformImage.build/Objects-normal/arm64/DSWaveformImage.swiftmodule /Users/aadityasingh/Library/Developer/Xcode/DerivedData/Chatlio-erkyzdeecsohoaggpwbjdvavzqfv/Build/Products/Debug-iphonesimulator/DSWaveformImage.swiftmodule/arm64-apple-ios-simulator.swiftmodule

Copy /Users/aadityasingh/Library/Developer/Xcode/DerivedData/Chatlio-erkyzdeecsohoaggpwbjdvavzqfv/Build/Products/Debug-iphonesimulator/DSWaveformImage.swiftmodule/arm64-apple-ios-simulator.swiftdoc /Users/aadityasingh/Library/Developer/Xcode/DerivedData/Chatlio-erkyzdeecsohoaggpwbjdvavzqfv/Build/Intermediates.noindex/DSWaveformImage.build/Debug-iphonesimulator/DSWaveformImage.build/Objects-normal/arm64/DSWaveformImage.swiftdoc (in target 'DSWaveformImage' from project 'DSWaveformImage')
    cd /Users/aadityasingh/Library/Developer/Xcode/DerivedData/Chatlio-erkyzdeecsohoaggpwbjdvavzqfv/SourcePackages/checkouts/DSWaveformImage
    builtin-copy -exclude .DS_Store -exclude CVS -exclude .svn -exclude .git -exclude .hg -resolve-src-symlinks -rename /Users/aadityasingh/Library/Developer/Xcode/DerivedData/Chatlio-erkyzdeecsohoaggpwbjdvavzqfv/Build/Intermediates.noindex/DSWaveformImage.build/Debug-iphonesimulator/DSWaveformImage.build/Objects-normal/arm64/DSWaveformImage.swiftdoc /Users/aadityasingh/Library/Developer/Xcode/DerivedData/Chatlio-erkyzdeecsohoaggpwbjdvavzqfv/Build/Products/Debug-iphonesimulator/DSWaveformImage.swiftmodule/arm64-apple-ios-simulator.swiftdoc

Copy /Users/aadityasingh/Library/Developer/Xcode/DerivedData/Chatlio-erkyzdeecsohoaggpwbjdvavzqfv/Build/Products/Debug-iphonesimulator/DSWaveformImage.swiftmodule/arm64-apple-ios-simulator.abi.json /Users/aadityasingh/Library/Developer/Xcode/DerivedData/Chatlio-erkyzdeecsohoaggpwbjdvavzqfv/Build/Intermediates.noindex/DSWaveformImage.build/Debug-iphonesimulator/DSWaveformImage.build/Objects-normal/arm64/DSWaveformImage.abi.json (in target 'DSWaveformImage' from project 'DSWaveformImage')
    cd /Users/aadityasingh/Library/Developer/Xcode/DerivedData/Chatlio-erkyzdeecsohoaggpwbjdvavzqfv/SourcePackages/checkouts/DSWaveformImage
    builtin-copy -exclude .DS_Store -exclude CVS -exclude .svn -exclude .git -exclude .hg -resolve-src-symlinks -rename /Users/aadityasingh/Library/Developer/Xcode/DerivedData/Chatlio-erkyzdeecsohoaggpwbjdvavzqfv/Build/Intermediates.noindex/DSWaveformImage.build/Debug-iphonesimulator/DSWaveformImage.build/Objects-normal/arm64/DSWaveformImage.abi.json /Users/aadityasingh/Library/Developer/Xcode/DerivedData/Chatlio-erkyzdeecsohoaggpwbjdvavzqfv/Build/Products/Debug-iphonesimulator/DSWaveformImage.swiftmodule/arm64-apple-ios-simulator.abi.json

Copy /Users/aadityasingh/Library/Developer/Xcode/DerivedData/Chatlio-erkyzdeecsohoaggpwbjdvavzqfv/Build/Products/Debug-iphonesimulator/DSWaveformImage.swiftmodule/Project/x86_64-apple-ios-simulator.swiftsourceinfo /Users/aadityasingh/Library/Developer/Xcode/DerivedData/Chatlio-erkyzdeecsohoaggpwbjdvavzqfv/Build/Intermediates.noindex/DSWaveformImage.build/Debug-iphonesimulator/DSWaveformImage.build/Objects-normal/x86_64/DSWaveformImage.swiftsourceinfo (in target 'DSWaveformImage' from project 'DSWaveformImage')
    cd /Users/aadityasingh/Library/Developer/Xcode/DerivedData/Chatlio-erkyzdeecsohoaggpwbjdvavzqfv/SourcePackages/checkouts/DSWaveformImage
    builtin-copy -exclude .DS_Store -exclude CVS -exclude .svn -exclude .git -exclude .hg -resolve-src-symlinks -rename /Users/aadityasingh/Library/Developer/Xcode/DerivedData/Chatlio-erkyzdeecsohoaggpwbjdvavzqfv/Build/Intermediates.noindex/DSWaveformImage.build/Debug-iphonesimulator/DSWaveformImage.build/Objects-normal/x86_64/DSWaveformImage.swiftsourceinfo /Users/aadityasingh/Library/Developer/Xcode/DerivedData/Chatlio-erkyzdeecsohoaggpwbjdvavzqfv/Build/Products/Debug-iphonesimulator/DSWaveformImage.swiftmodule/Project/x86_64-apple-ios-simulator.swiftsourceinfo

Copy /Users/aadityasingh/Library/Developer/Xcode/DerivedData/Chatlio-erkyzdeecsohoaggpwbjdvavzqfv/Build/Products/Debug-iphonesimulator/DSWaveformImage.swiftmodule/Project/arm64-apple-ios-simulator.swiftsourceinfo /Users/aadityasingh/Library/Developer/Xcode/DerivedData/Chatlio-erkyzdeecsohoaggpwbjdvavzqfv/Build/Intermediates.noindex/DSWaveformImage.build/Debug-iphonesimulator/DSWaveformImage.build/Objects-normal/arm64/DSWaveformImage.swiftsourceinfo (in target 'DSWaveformImage' from project 'DSWaveformImage')
    cd /Users/aadityasingh/Library/Developer/Xcode/DerivedData/Chatlio-erkyzdeecsohoaggpwbjdvavzqfv/SourcePackages/checkouts/DSWaveformImage
    builtin-copy -exclude .DS_Store -exclude CVS -exclude .svn -exclude .git -exclude .hg -resolve-src-symlinks -rename /Users/aadityasingh/Library/Developer/Xcode/DerivedData/Chatlio-erkyzdeecsohoaggpwbjdvavzqfv/Build/Intermediates.noindex/DSWaveformImage.build/Debug-iphonesimulator/DSWaveformImage.build/Objects-normal/arm64/DSWaveformImage.swiftsourceinfo /Users/aadityasingh/Library/Developer/Xcode/DerivedData/Chatlio-erkyzdeecsohoaggpwbjdvavzqfv/Build/Products/Debug-iphonesimulator/DSWaveformImage.swiftmodule/Project/arm64-apple-ios-simulator.swiftsourceinfo

ScanDependencies /Users/aadityasingh/Library/Developer/Xcode/DerivedData/Chatlio-erkyzdeecsohoaggpwbjdvavzqfv/Build/Intermediates.noindex/DTFoundation.build/Debug-iphonesimulator/DTFoundation.build/Objects-normal/x86_64/unzip.o /Users/aadityasingh/Library/Developer/Xcode/DerivedData/Chatlio-erkyzdeecsohoaggpwbjdvavzqfv/SourcePackages/checkouts/DTFoundation/Core/Source/Externals/minizip/unzip.c normal x86_64 c com.apple.compilers.llvm.clang.1_0.compiler (in target 'DTFoundation' from project 'DTFoundation')
    cd /Users/aadityasingh/Documents/Development/element-x-ios/Chatlio.xcodeproj
    
    Using response file: /Users/aadityasingh/Library/Developer/Xcode/DerivedData/Chatlio-erkyzdeecsohoaggpwbjdvavzqfv/Build/Intermediates.noindex/DTFoundation.build/Debug-iphonesimulator/DTFoundation.build/Objects-normal/x86_64/7187679823f38a2a940e0043cdf9d637-common-args.resp
    
    builtin-ScanDependencies -o /Users/aadityasingh/Library/Developer/Xcode/DerivedData/Chatlio-erkyzdeecsohoaggpwbjdvavzqfv/Build/Intermediates.noindex/DTFoundation.build/Debug-iphonesimulator/DTFoundation.build/Objects-normal/x86_64/unzip.o.scan -- /Applications/Xcode.app/Contents/Developer/Toolchains/XcodeDefault.xctoolchain/usr/bin/clang -x c -ivfsstatcache /Users/aadityasingh/Library/Developer/Xcode/DerivedData/SDKStatCaches.noindex/iphonesimulator26.4-23E252-686eebb5dc1d8ecb277353a59184f4aa.sdkstatcache -target x86_64-apple-ios12.0-simulator -fmessage-length\=0 -fdiagnostics-show-note-include-stack -fmacro-backtrace-limit\=0 -fno-color-diagnostics -fmodules-prune-interval\=86400 -fmodules-prune-after\=345600 -fbuild-session-file\=/Users/aadityasingh/Library/Developer/Xcode/DerivedData/ModuleCache.noindex/Session.modulevalidation -fmodules-validate-once-per-build-session -Wnon-modular-include-in-framework-module -Werror\=non-modular-include-in-framework-module -Wno-trigraphs -Wno-missing-field-initializers -Wno-missing-prototypes -Wno-return-type -Wno-missing-braces -Wparentheses -Wswitch -Wno-unused-function -Wno-unused-label -Wno-unused-parameter -Wno-unused-variable -Wunused-value -Wno-empty-body -Wno-uninitialized -Wno-unknown-pragmas -w -Wno-shadow -Wno-four-char-constants -Wno-conversion -Wno-constant-conversion -Wno-int-conversion -Wno-bool-conversion -Wno-enum-conversion -Wno-float-conversion -Wno-non-literal-null-conversion -Wno-objc-literal-conversion -Wshorten-64-to-32 -Wpointer-sign -Wno-newline-eof -Wno-implicit-fallthrough -isysroot /Applications/Xcode.app/Contents/Developer/Platforms/iPhoneSimulator.platform/Developer/SDKs/iPhoneSimulator26.4.sdk -fstrict-aliasing -Wdeprecated-declarations -Wno-sign-conversion -Wno-infinite-recursion -Wno-comma -Wno-block-capture-autoreleasing -Wno-strict-prototypes -Wno-semicolon-before-method-body -index-store-path /Users/aadityasingh/Library/Developer/Xcode/DerivedData/Chatlio-erkyzdeecsohoaggpwbjdvavzqfv/Index.noindex/DataStore @/Users/aadityasingh/Library/Developer/Xcode/DerivedData/Chatlio-erkyzdeecsohoaggpwbjdvavzqfv/Build/Intermediates.noindex/DTFoundation.build/Debug-iphonesimulator/DTFoundation.build/Objects-normal/x86_64/7187679823f38a2a940e0043cdf9d637-common-args.resp -MMD -MT dependencies -MF /Users/aadityasingh/Library/Developer/Xcode/DerivedData/Chatlio-erkyzdeecsohoaggpwbjdvavzqfv/Build/Intermediates.noindex/DTFoundation.build/Debug-iphonesimulator/DTFoundation.build/Objects-normal/x86_64/unzip.d --serialize-diagnostics /Users/aadityasingh/Library/Developer/Xcode/DerivedData/Chatlio-erkyzdeecsohoaggpwbjdvavzqfv/Build/Intermediates.noindex/DTFoundation.build/Debug-iphonesimulator/DTFoundation.build/Objects-normal/x86_64/unzip.dia -c /Users/aadityasingh/Library/Developer/Xcode/DerivedData/Chatlio-erkyzdeecsohoaggpwbjdvavzqfv/SourcePackages/checkouts/DTFoundation/Core/Source/Externals/minizip/unzip.c -o /Users/aadityasingh/Library/Developer/Xcode/DerivedData/Chatlio-erkyzdeecsohoaggpwbjdvavzqfv/Build/Intermediates.noindex/DTFoundation.build/Debug-iphonesimulator/DTFoundation.build/Objects-normal/x86_64/unzip.o -index-unit-output-path /DTFoundation.build/Debug-iphonesimulator/DTFoundation.build/Objects-normal/x86_64/unzip.o

ScanDependencies /Users/aadityasingh/Library/Developer/Xcode/DerivedData/Chatlio-erkyzdeecsohoaggpwbjdvavzqfv/Build/Intermediates.noindex/DTFoundation.build/Debug-iphonesimulator/DTFoundation.build/Objects-normal/x86_64/mztools.o /Users/aadityasingh/Library/Developer/Xcode/DerivedData/Chatlio-erkyzdeecsohoaggpwbjdvavzqfv/SourcePackages/checkouts/DTFoundation/Core/Source/Externals/minizip/mztools.c normal x86_64 c com.apple.compilers.llvm.clang.1_0.compiler (in target 'DTFoundation' from project 'DTFoundation')
    cd /Users/aadityasingh/Documents/Development/element-x-ios/Chatlio.xcodeproj
    
    Using response file: /Users/aadityasingh/Library/Developer/Xcode/DerivedData/Chatlio-erkyzdeecsohoaggpwbjdvavzqfv/Build/Intermediates.noindex/DTFoundation.build/Debug-iphonesimulator/DTFoundation.build/Objects-normal/x86_64/7187679823f38a2a940e0043cdf9d637-common-args.resp
    
    builtin-ScanDependencies -o /Users/aadityasingh/Library/Developer/Xcode/DerivedData/Chatlio-erkyzdeecsohoaggpwbjdvavzqfv/Build/Intermediates.noindex/DTFoundation.build/Debug-iphonesimulator/DTFoundation.build/Objects-normal/x86_64/mztools.o.scan -- /Applications/Xcode.app/Contents/Developer/Toolchains/XcodeDefault.xctoolchain/usr/bin/clang -x c -ivfsstatcache /Users/aadityasingh/Library/Developer/Xcode/DerivedData/SDKStatCaches.noindex/iphonesimulator26.4-23E252-686eebb5dc1d8ecb277353a59184f4aa.sdkstatcache -target x86_64-apple-ios12.0-simulator -fmessage-length\=0 -fdiagnostics-show-note-include-stack -fmacro-backtrace-limit\=0 -fno-color-diagnostics -fmodules-prune-interval\=86400 -fmodules-prune-after\=345600 -fbuild-session-file\=/Users/aadityasingh/Library/Developer/Xcode/DerivedData/ModuleCache.noindex/Session.modulevalidation -fmodules-validate-once-per-build-session -Wnon-modular-include-in-framework-module -Werror\=non-modular-include-in-framework-module -Wno-trigraphs -Wno-missing-field-initializers -Wno-missing-prototypes -Wno-return-type -Wno-missing-braces -Wparentheses -Wswitch -Wno-unused-function -Wno-unused-label -Wno-unused-parameter -Wno-unused-variable -Wunused-value -Wno-empty-body -Wno-uninitialized -Wno-unknown-pragmas -w -Wno-shadow -Wno-four-char-constants -Wno-conversion -Wno-constant-conversion -Wno-int-conversion -Wno-bool-conversion -Wno-enum-conversion -Wno-float-conversion -Wno-non-literal-null-conversion -Wno-objc-literal-conversion -Wshorten-64-to-32 -Wpointer-sign -Wno-newline-eof -Wno-implicit-fallthrough -isysroot /Applications/Xcode.app/Contents/Developer/Platforms/iPhoneSimulator.platform/Developer/SDKs/iPhoneSimulator26.4.sdk -fstrict-aliasing -Wdeprecated-declarations -Wno-sign-conversion -Wno-infinite-recursion -Wno-comma -Wno-block-capture-autoreleasing -Wno-strict-prototypes -Wno-semicolon-before-method-body -index-store-path /Users/aadityasingh/Library/Developer/Xcode/DerivedData/Chatlio-erkyzdeecsohoaggpwbjdvavzqfv/Index.noindex/DataStore @/Users/aadityasingh/Library/Developer/Xcode/DerivedData/Chatlio-erkyzdeecsohoaggpwbjdvavzqfv/Build/Intermediates.noindex/DTFoundation.build/Debug-iphonesimulator/DTFoundation.build/Objects-normal/x86_64/7187679823f38a2a940e0043cdf9d637-common-args.resp -MMD -MT dependencies -MF /Users/aadityasingh/Library/Developer/Xcode/DerivedData/Chatlio-erkyzdeecsohoaggpwbjdvavzqfv/Build/Intermediates.noindex/DTFoundation.build/Debug-iphonesimulator/DTFoundation.build/Objects-normal/x86_64/mztools.d --serialize-diagnostics /Users/aadityasingh/Library/Developer/Xcode/DerivedData/Chatlio-erkyzdeecsohoaggpwbjdvavzqfv/Build/Intermediates.noindex/DTFoundation.build/Debug-iphonesimulator/DTFoundation.build/Objects-normal/x86_64/mztools.dia -c /Users/aadityasingh/Library/Developer/Xcode/DerivedData/Chatlio-erkyzdeecsohoaggpwbjdvavzqfv/SourcePackages/checkouts/DTFoundation/Core/Source/Externals/minizip/mztools.c -o /Users/aadityasingh/Library/Developer/Xcode/DerivedData/Chatlio-erkyzdeecsohoaggpwbjdvavzqfv/Build/Intermediates.noindex/DTFoundation.build/Debug-iphonesimulator/DTFoundation.build/Objects-normal/x86_64/mztools.o -index-unit-output-path /DTFoundation.build/Debug-iphonesimulator/DTFoundation.build/Objects-normal/x86_64/mztools.o

ScanDependencies /Users/aadityasingh/Library/Developer/Xcode/DerivedData/Chatlio-erkyzdeecsohoaggpwbjdvavzqfv/Build/Intermediates.noindex/DTFoundation.build/Debug-iphonesimulator/DTFoundation.build/Objects-normal/x86_64/ioapi.o /Users/aadityasingh/Library/Developer/Xcode/DerivedData/Chatlio-erkyzdeecsohoaggpwbjdvavzqfv/SourcePackages/checkouts/DTFoundation/Core/Source/Externals/minizip/ioapi.c normal x86_64 c com.apple.compilers.llvm.clang.1_0.compiler (in target 'DTFoundation' from project 'DTFoundation')
    cd /Users/aadityasingh/Documents/Development/element-x-ios/Chatlio.xcodeproj
    
    Using response file: /Users/aadityasingh/Library/Developer/Xcode/DerivedData/Chatlio-erkyzdeecsohoaggpwbjdvavzqfv/Build/Intermediates.noindex/DTFoundation.build/Debug-iphonesimulator/DTFoundation.build/Objects-normal/x86_64/7187679823f38a2a940e0043cdf9d637-common-args.resp
    
    builtin-ScanDependencies -o /Users/aadityasingh/Library/Developer/Xcode/DerivedData/Chatlio-erkyzdeecsohoaggpwbjdvavzqfv/Build/Intermediates.noindex/DTFoundation.build/Debug-iphonesimulator/DTFoundation.build/Objects-normal/x86_64/ioapi.o.scan -- /Applications/Xcode.app/Contents/Developer/Toolchains/XcodeDefault.xctoolchain/usr/bin/clang -x c -ivfsstatcache /Users/aadityasingh/Library/Developer/Xcode/DerivedData/SDKStatCaches.noindex/iphonesimulator26.4-23E252-686eebb5dc1d8ecb277353a59184f4aa.sdkstatcache -target x86_64-apple-ios12.0-simulator -fmessage-length\=0 -fdiagnostics-show-note-include-stack -fmacro-backtrace-limit\=0 -fno-color-diagnostics -fmodules-prune-interval\=86400 -fmodules-prune-after\=345600 -fbuild-session-file\=/Users/aadityasingh/Library/Developer/Xcode/DerivedData/ModuleCache.noindex/Session.modulevalidation -fmodules-validate-once-per-build-session -Wnon-modular-include-in-framework-module -Werror\=non-modular-include-in-framework-module -Wno-trigraphs -Wno-missing-field-initializers -Wno-missing-prototypes -Wno-return-type -Wno-missing-braces -Wparentheses -Wswitch -Wno-unused-function -Wno-unused-label -Wno-unused-parameter -Wno-unused-variable -Wunused-value -Wno-empty-body -Wno-uninitialized -Wno-unknown-pragmas -w -Wno-shadow -Wno-four-char-constants -Wno-conversion -Wno-constant-conversion -Wno-int-conversion -Wno-bool-conversion -Wno-enum-conversion -Wno-float-conversion -Wno-non-literal-null-conversion -Wno-objc-literal-conversion -Wshorten-64-to-32 -Wpointer-sign -Wno-newline-eof -Wno-implicit-fallthrough -isysroot /Applications/Xcode.app/Contents/Developer/Platforms/iPhoneSimulator.platform/Developer/SDKs/iPhoneSimulator26.4.sdk -fstrict-aliasing -Wdeprecated-declarations -Wno-sign-conversion -Wno-infinite-recursion -Wno-comma -Wno-block-capture-autoreleasing -Wno-strict-prototypes -Wno-semicolon-before-method-body -index-store-path /Users/aadityasingh/Library/Developer/Xcode/DerivedData/Chatlio-erkyzdeecsohoaggpwbjdvavzqfv/Index.noindex/DataStore @/Users/aadityasingh/Library/Developer/Xcode/DerivedData/Chatlio-erkyzdeecsohoaggpwbjdvavzqfv/Build/Intermediates.noindex/DTFoundation.build/Debug-iphonesimulator/DTFoundation.build/Objects-normal/x86_64/7187679823f38a2a940e0043cdf9d637-common-args.resp -MMD -MT dependencies -MF /Users/aadityasingh/Library/Developer/Xcode/DerivedData/Chatlio-erkyzdeecsohoaggpwbjdvavzqfv/Build/Intermediates.noindex/DTFoundation.build/Debug-iphonesimulator/DTFoundation.build/Objects-normal/x86_64/ioapi.d --serialize-diagnostics /Users/aadityasingh/Library/Developer/Xcode/DerivedData/Chatlio-erkyzdeecsohoaggpwbjdvavzqfv/Build/Intermediates.noindex/DTFoundation.build/Debug-iphonesimulator/DTFoundation.build/Objects-normal/x86_64/ioapi.dia -c /Users/aadityasingh/Library/Developer/Xcode/DerivedData/Chatlio-erkyzdeecsohoaggpwbjdvavzqfv/SourcePackages/checkouts/DTFoundation/Core/Source/Externals/minizip/ioapi.c -o /Users/aadityasingh/Library/Developer/Xcode/DerivedData/Chatlio-erkyzdeecsohoaggpwbjdvavzqfv/Build/Intermediates.noindex/DTFoundation.build/Debug-iphonesimulator/DTFoundation.build/Objects-normal/x86_64/ioapi.o -index-unit-output-path /DTFoundation.build/Debug-iphonesimulator/DTFoundation.build/Objects-normal/x86_64/ioapi.o

PrecompileModule /Users/aadityasingh/Library/Developer/Xcode/DerivedData/Chatlio-erkyzdeecsohoaggpwbjdvavzqfv/Build/Intermediates.noindex/ExplicitPrecompiledModules/_Builtin_stdarg-7VHV3H7P2LH0539TKWK380AL9.scan
    cd /
    builtin-precompileModule /Users/aadityasingh/Library/Developer/Xcode/DerivedData/Chatlio-erkyzdeecsohoaggpwbjdvavzqfv/Build/Intermediates.noindex/ExplicitPrecompiledModules/_Builtin_stdarg-7VHV3H7P2LH0539TKWK380AL9.scan

PrecompileModule /Users/aadityasingh/Library/Developer/Xcode/DerivedData/Chatlio-erkyzdeecsohoaggpwbjdvavzqfv/Build/Intermediates.noindex/ExplicitPrecompiledModules/_AvailabilityInternal-23KL2ETUS3KR5QABIV416INHW.scan
    cd /
    builtin-precompileModule /Users/aadityasingh/Library/Developer/Xcode/DerivedData/Chatlio-erkyzdeecsohoaggpwbjdvavzqfv/Build/Intermediates.noindex/ExplicitPrecompiledModules/_AvailabilityInternal-23KL2ETUS3KR5QABIV416INHW.scan

PrecompileModule /Users/aadityasingh/Library/Developer/Xcode/DerivedData/Chatlio-erkyzdeecsohoaggpwbjdvavzqfv/Build/Intermediates.noindex/ExplicitPrecompiledModules/ptrcheck-2QWNFFVHO71D212HK5SBC41M6.scan
    cd /
    builtin-precompileModule /Users/aadityasingh/Library/Developer/Xcode/DerivedData/Chatlio-erkyzdeecsohoaggpwbjdvavzqfv/Build/Intermediates.noindex/ExplicitPrecompiledModules/ptrcheck-2QWNFFVHO71D212HK5SBC41M6.scan

PrecompileModule /Users/aadityasingh/Library/Developer/Xcode/DerivedData/Chatlio-erkyzdeecsohoaggpwbjdvavzqfv/Build/Intermediates.noindex/ExplicitPrecompiledModules/_Builtin_stddef-8N0BZL9GYOSXWBRL080J4759I.scan
    cd /
    builtin-precompileModule /Users/aadityasingh/Library/Developer/Xcode/DerivedData/Chatlio-erkyzdeecsohoaggpwbjdvavzqfv/Build/Intermediates.noindex/ExplicitPrecompiledModules/_Builtin_stddef-8N0BZL9GYOSXWBRL080J4759I.scan

PrecompileModule /Users/aadityasingh/Library/Developer/Xcode/DerivedData/Chatlio-erkyzdeecsohoaggpwbjdvavzqfv/Build/Intermediates.noindex/ExplicitPrecompiledModules/_DarwinFoundation1-68J02O5TI52VB7F69FVS7XPVF.scan
    cd /
    builtin-precompileModule /Users/aadityasingh/Library/Developer/Xcode/DerivedData/Chatlio-erkyzdeecsohoaggpwbjdvavzqfv/Build/Intermediates.noindex/ExplicitPrecompiledModules/_DarwinFoundation1-68J02O5TI52VB7F69FVS7XPVF.scan

ScanDependencies /Users/aadityasingh/Library/Developer/Xcode/DerivedData/Chatlio-erkyzdeecsohoaggpwbjdvavzqfv/Build/Intermediates.noindex/DTFoundation.build/Debug-iphonesimulator/DTFoundation.build/Objects-normal/x86_64/UIViewController+DTSidePanelController.o /Users/aadityasingh/Library/Developer/Xcode/DerivedData/Chatlio-erkyzdeecsohoaggpwbjdvavzqfv/SourcePackages/checkouts/DTFoundation/Core/Source/iOS/DTSidePanel/UIViewController+DTSidePanelController.m normal x86_64 objective-c com.apple.compilers.llvm.clang.1_0.compiler (in target 'DTFoundation' from project 'DTFoundation')
    cd /Users/aadityasingh/Documents/Development/element-x-ios/Chatlio.xcodeproj
    
    Using response file: /Users/aadityasingh/Library/Developer/Xcode/DerivedData/Chatlio-erkyzdeecsohoaggpwbjdvavzqfv/Build/Intermediates.noindex/DTFoundation.build/Debug-iphonesimulator/DTFoundation.build/Objects-normal/x86_64/e6072d4f65d7061329687fe24e3d63a7-common-args.resp
    
    builtin-ScanDependencies -o /Users/aadityasingh/Library/Developer/Xcode/DerivedData/Chatlio-erkyzdeecsohoaggpwbjdvavzqfv/Build/Intermediates.noindex/DTFoundation.build/Debug-iphonesimulator/DTFoundation.build/Objects-normal/x86_64/UIViewController+DTSidePanelController.o.scan -- /Applications/Xcode.app/Contents/Developer/Toolchains/XcodeDefault.xctoolchain/usr/bin/clang -x objective-c -ivfsstatcache /Users/aadityasingh/Library/Developer/Xcode/DerivedData/SDKStatCaches.noindex/iphonesimulator26.4-23E252-686eebb5dc1d8ecb277353a59184f4aa.sdkstatcache -target x86_64-apple-ios12.0-simulator -fmessage-length\=0 -fdiagnostics-show-note-include-stack -fmacro-backtrace-limit\=0 -fno-color-diagnostics -fmodules-prune-interval\=86400 -fmodules-prune-after\=345600 -fbuild-session-file\=/Users/aadityasingh/Library/Developer/Xcode/DerivedData/ModuleCache.noindex/Session.modulevalidation -fmodules-validate-once-per-build-session -Wnon-modular-include-in-framework-module -Werror\=non-modular-include-in-framework-module -Wno-trigraphs -Wno-missing-field-initializers -Wno-missing-prototypes -Wno-return-type -Wno-implicit-atomic-properties -Wno-objc-interface-ivars -Wno-arc-repeated-use-of-weak -Wno-missing-braces -Wparentheses -Wswitch -Wno-unused-function -Wno-unused-label -Wno-unused-parameter -Wno-unused-variable -Wunused-value -Wno-empty-body -Wno-uninitialized -Wno-unknown-pragmas -w -Wno-shadow -Wno-four-char-constants -Wno-conversion -Wno-constant-conversion -Wno-int-conversion -Wno-bool-conversion -Wno-enum-conversion -Wno-float-conversion -Wno-non-literal-null-conversion -Wno-objc-literal-conversion -Wshorten-64-to-32 -Wpointer-sign -Wno-newline-eof -Wno-selector -Wno-strict-selector-match -Wno-undeclared-selector -Wno-deprecated-implementations -Wno-implicit-fallthrough -isysroot /Applications/Xcode.app/Contents/Developer/Platforms/iPhoneSimulator.platform/Developer/SDKs/iPhoneSimulator26.4.sdk -fstrict-aliasing -Wprotocol -Wdeprecated-declarations -Wno-sign-conversion -Wno-infinite-recursion -Wno-comma -Wno-block-capture-autoreleasing -Wno-strict-prototypes -Wno-semicolon-before-method-body -index-store-path /Users/aadityasingh/Library/Developer/Xcode/DerivedData/Chatlio-erkyzdeecsohoaggpwbjdvavzqfv/Index.noindex/DataStore @/Users/aadityasingh/Library/Developer/Xcode/DerivedData/Chatlio-erkyzdeecsohoaggpwbjdvavzqfv/Build/Intermediates.noindex/DTFoundation.build/Debug-iphonesimulator/DTFoundation.build/Objects-normal/x86_64/e6072d4f65d7061329687fe24e3d63a7-common-args.resp -MMD -MT dependencies -MF /Users/aadityasingh/Library/Developer/Xcode/DerivedData/Chatlio-erkyzdeecsohoaggpwbjdvavzqfv/Build/Intermediates.noindex/DTFoundation.build/Debug-iphonesimulator/DTFoundation.build/Objects-normal/x86_64/UIViewController+DTSidePanelController.d --serialize-diagnostics /Users/aadityasingh/Library/Developer/Xcode/DerivedData/Chatlio-erkyzdeecsohoaggpwbjdvavzqfv/Build/Intermediates.noindex/DTFoundation.build/Debug-iphonesimulator/DTFoundation.build/Objects-normal/x86_64/UIViewController+DTSidePanelController.dia -c /Users/aadityasingh/Library/Developer/Xcode/DerivedData/Chatlio-erkyzdeecsohoaggpwbjdvavzqfv/SourcePackages/checkouts/DTFoundation/Core/Source/iOS/DTSidePanel/UIViewController+DTSidePanelController.m -o /Users/aadityasingh/Library/Developer/Xcode/DerivedData/Chatlio-erkyzdeecsohoaggpwbjdvavzqfv/Build/Intermediates.noindex/DTFoundation.build/Debug-iphonesimulator/DTFoundation.build/Objects-normal/x86_64/UIViewController+DTSidePanelController.o -index-unit-output-path /DTFoundation.build/Debug-iphonesimulator/DTFoundation.build/Objects-normal/x86_64/UIViewController+DTSidePanelController.o

SwiftDriverJobDiscovery normal arm64 Emitting module for AnalyticsEvents (in target 'AnalyticsEvents' from project 'AnalyticsEvents')

SwiftDriver\ Compilation\ Requirements AnalyticsEvents normal arm64 com.apple.xcode.tools.swift.compiler (in target 'AnalyticsEvents' from project 'AnalyticsEvents')
    cd /Users/aadityasingh/Documents/Development/element-x-ios/Chatlio.xcodeproj
    builtin-Swift-Compilation-Requirements -- /Applications/Xcode.app/Contents/Developer/Toolchains/XcodeDefault.xctoolchain/usr/bin/swiftc -module-name AnalyticsEvents -Onone @/Users/aadityasingh/Library/Developer/Xcode/DerivedData/Chatlio-erkyzdeecsohoaggpwbjdvavzqfv/Build/Intermediates.noindex/AnalyticsEvents.build/Debug-iphonesimulator/AnalyticsEvents.build/Objects-normal/arm64/AnalyticsEvents.SwiftFileList -DSWIFT_PACKAGE -DDEBUG -DSWIFT_MODULE_RESOURCE_BUNDLE_UNAVAILABLE -DXcode -plugin-path /Applications/Xcode.app/Contents/Developer/Toolchains/XcodeDefault.xctoolchain/usr/lib/swift/host/plugins/testing -enable-experimental-feature DebugDescriptionMacro -sdk /Applications/Xcode.app/Contents/Developer/Platforms/iPhoneSimulator.platform/Developer/SDKs/iPhoneSimulator26.4.sdk -target arm64-apple-ios12.0-simulator -g -module-cache-path /Users/aadityasingh/Library/Developer/Xcode/DerivedData/ModuleCache.noindex -Xfrontend -serialize-debugging-options -profile-coverage-mapping -profile-generate -enable-testing -suppress-warnings -index-store-path /Users/aadityasingh/Library/Developer/Xcode/DerivedData/Chatlio-erkyzdeecsohoaggpwbjdvavzqfv/Index.noindex/DataStore -Xcc -D_LIBCPP_HARDENING_MODE\=_LIBCPP_HARDENING_MODE_DEBUG -swift-version 6 -I /Users/aadityasingh/Library/Developer/Xcode/DerivedData/Chatlio-erkyzdeecsohoaggpwbjdvavzqfv/Build/Products/Debug-iphonesimulator -Isystem /Applications/Xcode.app/Contents/Developer/Platforms/iPhoneSimulator.platform/Developer/usr/lib -F /Users/aadityasingh/Library/Developer/Xcode/DerivedData/Chatlio-erkyzdeecsohoaggpwbjdvavzqfv/Build/Products/Debug-iphonesimulator -F /Applications/Xcode.app/Contents/Developer/Platforms/iPhoneSimulator.platform/Developer/Library/Frameworks -F /Applications/Xcode.app/Contents/Developer/Platforms/iPhoneSimulator.platform/Developer/SDKs/iPhoneSimulator26.4.sdk/Developer/Library/Frameworks -c -j12 -enable-batch-mode -incremental -Xcc -ivfsstatcache -Xcc /Users/aadityasingh/Library/Developer/Xcode/DerivedData/SDKStatCaches.noindex/iphonesimulator26.4-23E252-686eebb5dc1d8ecb277353a59184f4aa.sdkstatcache -output-file-map /Users/aadityasingh/Library/Developer/Xcode/DerivedData/Chatlio-erkyzdeecsohoaggpwbjdvavzqfv/Build/Intermediates.noindex/AnalyticsEvents.build/Debug-iphonesimulator/AnalyticsEvents.build/Objects-normal/arm64/AnalyticsEvents-OutputFileMap.json -use-frontend-parseable-output -save-temps -no-color-diagnostics -explicit-module-build -module-cache-path /Users/aadityasingh/Library/Developer/Xcode/DerivedData/Chatlio-erkyzdeecsohoaggpwbjdvavzqfv/Build/Intermediates.noindex/SwiftExplicitPrecompiledModules -clang-scanner-module-cache-path /Users/aadityasingh/Library/Developer/Xcode/DerivedData/ModuleCache.noindex -sdk-module-cache-path /Users/aadityasingh/Library/Developer/Xcode/DerivedData/ModuleCache.noindex -serialize-diagnostics -emit-dependencies -emit-module -emit-module-path /Users/aadityasingh/Library/Developer/Xcode/DerivedData/Chatlio-erkyzdeecsohoaggpwbjdvavzqfv/Build/Intermediates.noindex/AnalyticsEvents.build/Debug-iphonesimulator/AnalyticsEvents.build/Objects-normal/arm64/AnalyticsEvents.swiftmodule -user-module-version 0.30.0 -validate-clang-modules-once -clang-build-session-file /Users/aadityasingh/Library/Developer/Xcode/DerivedData/ModuleCache.noindex/Session.modulevalidation -package-name matrix_analytics_events -Xcc -I/Users/aadityasingh/Library/Developer/Xcode/DerivedData/Chatlio-erkyzdeecsohoaggpwbjdvavzqfv/Build/Intermediates.noindex/AnalyticsEvents.build/Debug-iphonesimulator/AnalyticsEvents.build/swift-overrides.hmap -emit-const-values -Xfrontend -const-gather-protocols-file -Xfrontend /Users/aadityasingh/Library/Developer/Xcode/DerivedData/Chatlio-erkyzdeecsohoaggpwbjdvavzqfv/Build/Intermediates.noindex/AnalyticsEvents.build/Debug-iphonesimulator/AnalyticsEvents.build/Objects-normal/arm64/AnalyticsEvents_const_extract_protocols.json -Xcc -I/Users/aadityasingh/Library/Developer/Xcode/DerivedData/Chatlio-erkyzdeecsohoaggpwbjdvavzqfv/Build/Products/Debug-iphonesimulator/include -Xcc -I/Users/aadityasingh/Library/Developer/Xcode/DerivedData/Chatlio-erkyzdeecsohoaggpwbjdvavzqfv/Build/Intermediates.noindex/AnalyticsEvents.build/Debug-iphonesimulator/AnalyticsEvents.build/DerivedSources-normal/arm64 -Xcc -I/Users/aadityasingh/Library/Developer/Xcode/DerivedData/Chatlio-erkyzdeecsohoaggpwbjdvavzqfv/Build/Intermediates.noindex/AnalyticsEvents.build/Debug-iphonesimulator/AnalyticsEvents.build/DerivedSources/arm64 -Xcc -I/Users/aadityasingh/Library/Developer/Xcode/DerivedData/Chatlio-erkyzdeecsohoaggpwbjdvavzqfv/Build/Intermediates.noindex/AnalyticsEvents.build/Debug-iphonesimulator/AnalyticsEvents.build/DerivedSources -Xcc -DSWIFT_PACKAGE -Xcc -DDEBUG\=1 -emit-objc-header -emit-objc-header-path /Users/aadityasingh/Library/Developer/Xcode/DerivedData/Chatlio-erkyzdeecsohoaggpwbjdvavzqfv/Build/Intermediates.noindex/AnalyticsEvents.build/Debug-iphonesimulator/AnalyticsEvents.build/Objects-normal/arm64/AnalyticsEvents-Swift.h -working-directory /Users/aadityasingh/Documents/Development/element-x-ios/Chatlio.xcodeproj -experimental-emit-module-separately -disable-cmo

ScanDependencies /Users/aadityasingh/Library/Developer/Xcode/DerivedData/Chatlio-erkyzdeecsohoaggpwbjdvavzqfv/Build/Intermediates.noindex/DTFoundation.build/Debug-iphonesimulator/DTFoundation.build/Objects-normal/x86_64/UIView+DTFoundation.o /Users/aadityasingh/Library/Developer/Xcode/DerivedData/Chatlio-erkyzdeecsohoaggpwbjdvavzqfv/SourcePackages/checkouts/DTFoundation/Core/Source/iOS/UIView+DTFoundation.m normal x86_64 objective-c com.apple.compilers.llvm.clang.1_0.compiler (in target 'DTFoundation' from project 'DTFoundation')
    cd /Users/aadityasingh/Documents/Development/element-x-ios/Chatlio.xcodeproj
    
    Using response file: /Users/aadityasingh/Library/Developer/Xcode/DerivedData/Chatlio-erkyzdeecsohoaggpwbjdvavzqfv/Build/Intermediates.noindex/DTFoundation.build/Debug-iphonesimulator/DTFoundation.build/Objects-normal/x86_64/e6072d4f65d7061329687fe24e3d63a7-common-args.resp
    
    builtin-ScanDependencies -o /Users/aadityasingh/Library/Developer/Xcode/DerivedData/Chatlio-erkyzdeecsohoaggpwbjdvavzqfv/Build/Intermediates.noindex/DTFoundation.build/Debug-iphonesimulator/DTFoundation.build/Objects-normal/x86_64/UIView+DTFoundation.o.scan -- /Applications/Xcode.app/Contents/Developer/Toolchains/XcodeDefault.xctoolchain/usr/bin/clang -x objective-c -ivfsstatcache /Users/aadityasingh/Library/Developer/Xcode/DerivedData/SDKStatCaches.noindex/iphonesimulator26.4-23E252-686eebb5dc1d8ecb277353a59184f4aa.sdkstatcache -target x86_64-apple-ios12.0-simulator -fmessage-length\=0 -fdiagnostics-show-note-include-stack -fmacro-backtrace-limit\=0 -fno-color-diagnostics -fmodules-prune-interval\=86400 -fmodules-prune-after\=345600 -fbuild-session-file\=/Users/aadityasingh/Library/Developer/Xcode/DerivedData/ModuleCache.noindex/Session.modulevalidation -fmodules-validate-once-per-build-session -Wnon-modular-include-in-framework-module -Werror\=non-modular-include-in-framework-module -Wno-trigraphs -Wno-missing-field-initializers -Wno-missing-prototypes -Wno-return-type -Wno-implicit-atomic-properties -Wno-objc-interface-ivars -Wno-arc-repeated-use-of-weak -Wno-missing-braces -Wparentheses -Wswitch -Wno-unused-function -Wno-unused-label -Wno-unused-parameter -Wno-unused-variable -Wunused-value -Wno-empty-body -Wno-uninitialized -Wno-unknown-pragmas -w -Wno-shadow -Wno-four-char-constants -Wno-conversion -Wno-constant-conversion -Wno-int-conversion -Wno-bool-conversion -Wno-enum-conversion -Wno-float-conversion -Wno-non-literal-null-conversion -Wno-objc-literal-conversion -Wshorten-64-to-32 -Wpointer-sign -Wno-newline-eof -Wno-selector -Wno-strict-selector-match -Wno-undeclared-selector -Wno-deprecated-implementations -Wno-implicit-fallthrough -isysroot /Applications/Xcode.app/Contents/Developer/Platforms/iPhoneSimulator.platform/Developer/SDKs/iPhoneSimulator26.4.sdk -fstrict-aliasing -Wprotocol -Wdeprecated-declarations -Wno-sign-conversion -Wno-infinite-recursion -Wno-comma -Wno-block-capture-autoreleasing -Wno-strict-prototypes -Wno-semicolon-before-method-body -index-store-path /Users/aadityasingh/Library/Developer/Xcode/DerivedData/Chatlio-erkyzdeecsohoaggpwbjdvavzqfv/Index.noindex/DataStore @/Users/aadityasingh/Library/Developer/Xcode/DerivedData/Chatlio-erkyzdeecsohoaggpwbjdvavzqfv/Build/Intermediates.noindex/DTFoundation.build/Debug-iphonesimulator/DTFoundation.build/Objects-normal/x86_64/e6072d4f65d7061329687fe24e3d63a7-common-args.resp -MMD -MT dependencies -MF /Users/aadityasingh/Library/Developer/Xcode/DerivedData/Chatlio-erkyzdeecsohoaggpwbjdvavzqfv/Build/Intermediates.noindex/DTFoundation.build/Debug-iphonesimulator/DTFoundation.build/Objects-normal/x86_64/UIView+DTFoundation.d --serialize-diagnostics /Users/aadityasingh/Library/Developer/Xcode/DerivedData/Chatlio-erkyzdeecsohoaggpwbjdvavzqfv/Build/Intermediates.noindex/DTFoundation.build/Debug-iphonesimulator/DTFoundation.build/Objects-normal/x86_64/UIView+DTFoundation.dia -c /Users/aadityasingh/Library/Developer/Xcode/DerivedData/Chatlio-erkyzdeecsohoaggpwbjdvavzqfv/SourcePackages/checkouts/DTFoundation/Core/Source/iOS/UIView+DTFoundation.m -o /Users/aadityasingh/Library/Developer/Xcode/DerivedData/Chatlio-erkyzdeecsohoaggpwbjdvavzqfv/Build/Intermediates.noindex/DTFoundation.build/Debug-iphonesimulator/DTFoundation.build/Objects-normal/x86_64/UIView+DTFoundation.o -index-unit-output-path /DTFoundation.build/Debug-iphonesimulator/DTFoundation.build/Objects-normal/x86_64/UIView+DTFoundation.o

SwiftDriverJobDiscovery normal x86_64 Emitting module for AnalyticsEvents (in target 'AnalyticsEvents' from project 'AnalyticsEvents')

ScanDependencies /Users/aadityasingh/Library/Developer/Xcode/DerivedData/Chatlio-erkyzdeecsohoaggpwbjdvavzqfv/Build/Intermediates.noindex/DTFoundation.build/Debug-iphonesimulator/DTFoundation.build/Objects-normal/x86_64/UIView+DTDebug.o /Users/aadityasingh/Library/Developer/Xcode/DerivedData/Chatlio-erkyzdeecsohoaggpwbjdvavzqfv/SourcePackages/checkouts/DTFoundation/Core/Source/iOS/Debug/UIView+DTDebug.m normal x86_64 objective-c com.apple.compilers.llvm.clang.1_0.compiler (in target 'DTFoundation' from project 'DTFoundation')
    cd /Users/aadityasingh/Documents/Development/element-x-ios/Chatlio.xcodeproj
    
    Using response file: /Users/aadityasingh/Library/Developer/Xcode/DerivedData/Chatlio-erkyzdeecsohoaggpwbjdvavzqfv/Build/Intermediates.noindex/DTFoundation.build/Debug-iphonesimulator/DTFoundation.build/Objects-normal/x86_64/e6072d4f65d7061329687fe24e3d63a7-common-args.resp
    
    builtin-ScanDependencies -o /Users/aadityasingh/Library/Developer/Xcode/DerivedData/Chatlio-erkyzdeecsohoaggpwbjdvavzqfv/Build/Intermediates.noindex/DTFoundation.build/Debug-iphonesimulator/DTFoundation.build/Objects-normal/x86_64/UIView+DTDebug.o.scan -- /Applications/Xcode.app/Contents/Developer/Toolchains/XcodeDefault.xctoolchain/usr/bin/clang -x objective-c -ivfsstatcache /Users/aadityasingh/Library/Developer/Xcode/DerivedData/SDKStatCaches.noindex/iphonesimulator26.4-23E252-686eebb5dc1d8ecb277353a59184f4aa.sdkstatcache -target x86_64-apple-ios12.0-simulator -fmessage-length\=0 -fdiagnostics-show-note-include-stack -fmacro-backtrace-limit\=0 -fno-color-diagnostics -fmodules-prune-interval\=86400 -fmodules-prune-after\=345600 -fbuild-session-file\=/Users/aadityasingh/Library/Developer/Xcode/DerivedData/ModuleCache.noindex/Session.modulevalidation -fmodules-validate-once-per-build-session -Wnon-modular-include-in-framework-module -Werror\=non-modular-include-in-framework-module -Wno-trigraphs -Wno-missing-field-initializers -Wno-missing-prototypes -Wno-return-type -Wno-implicit-atomic-properties -Wno-objc-interface-ivars -Wno-arc-repeated-use-of-weak -Wno-missing-braces -Wparentheses -Wswitch -Wno-unused-function -Wno-unused-label -Wno-unused-parameter -Wno-unused-variable -Wunused-value -Wno-empty-body -Wno-uninitialized -Wno-unknown-pragmas -w -Wno-shadow -Wno-four-char-constants -Wno-conversion -Wno-constant-conversion -Wno-int-conversion -Wno-bool-conversion -Wno-enum-conversion -Wno-float-conversion -Wno-non-literal-null-conversion -Wno-objc-literal-conversion -Wshorten-64-to-32 -Wpointer-sign -Wno-newline-eof -Wno-selector -Wno-strict-selector-match -Wno-undeclared-selector -Wno-deprecated-implementations -Wno-implicit-fallthrough -isysroot /Applications/Xcode.app/Contents/Developer/Platforms/iPhoneSimulator.platform/Developer/SDKs/iPhoneSimulator26.4.sdk -fstrict-aliasing -Wprotocol -Wdeprecated-declarations -Wno-sign-conversion -Wno-infinite-recursion -Wno-comma -Wno-block-capture-autoreleasing -Wno-strict-prototypes -Wno-semicolon-before-method-body -index-store-path /Users/aadityasingh/Library/Developer/Xcode/DerivedData/Chatlio-erkyzdeecsohoaggpwbjdvavzqfv/Index.noindex/DataStore @/Users/aadityasingh/Library/Developer/Xcode/DerivedData/Chatlio-erkyzdeecsohoaggpwbjdvavzqfv/Build/Intermediates.noindex/DTFoundation.build/Debug-iphonesimulator/DTFoundation.build/Objects-normal/x86_64/e6072d4f65d7061329687fe24e3d63a7-common-args.resp -MMD -MT dependencies -MF /Users/aadityasingh/Library/Developer/Xcode/DerivedData/Chatlio-erkyzdeecsohoaggpwbjdvavzqfv/Build/Intermediates.noindex/DTFoundation.build/Debug-iphonesimulator/DTFoundation.build/Objects-normal/x86_64/UIView+DTDebug.d --serialize-diagnostics /Users/aadityasingh/Library/Developer/Xcode/DerivedData/Chatlio-erkyzdeecsohoaggpwbjdvavzqfv/Build/Intermediates.noindex/DTFoundation.build/Debug-iphonesimulator/DTFoundation.build/Objects-normal/x86_64/UIView+DTDebug.dia -c /Users/aadityasingh/Library/Developer/Xcode/DerivedData/Chatlio-erkyzdeecsohoaggpwbjdvavzqfv/SourcePackages/checkouts/DTFoundation/Core/Source/iOS/Debug/UIView+DTDebug.m -o /Users/aadityasingh/Library/Developer/Xcode/DerivedData/Chatlio-erkyzdeecsohoaggpwbjdvavzqfv/Build/Intermediates.noindex/DTFoundation.build/Debug-iphonesimulator/DTFoundation.build/Objects-normal/x86_64/UIView+DTDebug.o -index-unit-output-path /DTFoundation.build/Debug-iphonesimulator/DTFoundation.build/Objects-normal/x86_64/UIView+DTDebug.o

SwiftDriver\ Compilation\ Requirements AnalyticsEvents normal x86_64 com.apple.xcode.tools.swift.compiler (in target 'AnalyticsEvents' from project 'AnalyticsEvents')
    cd /Users/aadityasingh/Documents/Development/element-x-ios/Chatlio.xcodeproj
    builtin-Swift-Compilation-Requirements -- /Applications/Xcode.app/Contents/Developer/Toolchains/XcodeDefault.xctoolchain/usr/bin/swiftc -module-name AnalyticsEvents -Onone @/Users/aadityasingh/Library/Developer/Xcode/DerivedData/Chatlio-erkyzdeecsohoaggpwbjdvavzqfv/Build/Intermediates.noindex/AnalyticsEvents.build/Debug-iphonesimulator/AnalyticsEvents.build/Objects-normal/x86_64/AnalyticsEvents.SwiftFileList -DSWIFT_PACKAGE -DDEBUG -DSWIFT_MODULE_RESOURCE_BUNDLE_UNAVAILABLE -DXcode -plugin-path /Applications/Xcode.app/Contents/Developer/Toolchains/XcodeDefault.xctoolchain/usr/lib/swift/host/plugins/testing -enable-experimental-feature DebugDescriptionMacro -sdk /Applications/Xcode.app/Contents/Developer/Platforms/iPhoneSimulator.platform/Developer/SDKs/iPhoneSimulator26.4.sdk -target x86_64-apple-ios12.0-simulator -g -module-cache-path /Users/aadityasingh/Library/Developer/Xcode/DerivedData/ModuleCache.noindex -Xfrontend -serialize-debugging-options -profile-coverage-mapping -profile-generate -enable-testing -suppress-warnings -index-store-path /Users/aadityasingh/Library/Developer/Xcode/DerivedData/Chatlio-erkyzdeecsohoaggpwbjdvavzqfv/Index.noindex/DataStore -Xcc -D_LIBCPP_HARDENING_MODE\=_LIBCPP_HARDENING_MODE_DEBUG -swift-version 6 -I /Users/aadityasingh/Library/Developer/Xcode/DerivedData/Chatlio-erkyzdeecsohoaggpwbjdvavzqfv/Build/Products/Debug-iphonesimulator -Isystem /Applications/Xcode.app/Contents/Developer/Platforms/iPhoneSimulator.platform/Developer/usr/lib -F /Users/aadityasingh/Library/Developer/Xcode/DerivedData/Chatlio-erkyzdeecsohoaggpwbjdvavzqfv/Build/Products/Debug-iphonesimulator -F /Applications/Xcode.app/Contents/Developer/Platforms/iPhoneSimulator.platform/Developer/Library/Frameworks -F /Applications/Xcode.app/Contents/Developer/Platforms/iPhoneSimulator.platform/Developer/SDKs/iPhoneSimulator26.4.sdk/Developer/Library/Frameworks -c -j12 -enable-batch-mode -incremental -Xcc -ivfsstatcache -Xcc /Users/aadityasingh/Library/Developer/Xcode/DerivedData/SDKStatCaches.noindex/iphonesimulator26.4-23E252-686eebb5dc1d8ecb277353a59184f4aa.sdkstatcache -output-file-map /Users/aadityasingh/Library/Developer/Xcode/DerivedData/Chatlio-erkyzdeecsohoaggpwbjdvavzqfv/Build/Intermediates.noindex/AnalyticsEvents.build/Debug-iphonesimulator/AnalyticsEvents.build/Objects-normal/x86_64/AnalyticsEvents-OutputFileMap.json -use-frontend-parseable-output -save-temps -no-color-diagnostics -explicit-module-build -module-cache-path /Users/aadityasingh/Library/Developer/Xcode/DerivedData/Chatlio-erkyzdeecsohoaggpwbjdvavzqfv/Build/Intermediates.noindex/SwiftExplicitPrecompiledModules -clang-scanner-module-cache-path /Users/aadityasingh/Library/Developer/Xcode/DerivedData/ModuleCache.noindex -sdk-module-cache-path /Users/aadityasingh/Library/Developer/Xcode/DerivedData/ModuleCache.noindex -serialize-diagnostics -emit-dependencies -emit-module -emit-module-path /Users/aadityasingh/Library/Developer/Xcode/DerivedData/Chatlio-erkyzdeecsohoaggpwbjdvavzqfv/Build/Intermediates.noindex/AnalyticsEvents.build/Debug-iphonesimulator/AnalyticsEvents.build/Objects-normal/x86_64/AnalyticsEvents.swiftmodule -user-module-version 0.30.0 -validate-clang-modules-once -clang-build-session-file /Users/aadityasingh/Library/Developer/Xcode/DerivedData/ModuleCache.noindex/Session.modulevalidation -package-name matrix_analytics_events -Xcc -I/Users/aadityasingh/Library/Developer/Xcode/DerivedData/Chatlio-erkyzdeecsohoaggpwbjdvavzqfv/Build/Intermediates.noindex/AnalyticsEvents.build/Debug-iphonesimulator/AnalyticsEvents.build/swift-overrides.hmap -emit-const-values -Xfrontend -const-gather-protocols-file -Xfrontend /Users/aadityasingh/Library/Developer/Xcode/DerivedData/Chatlio-erkyzdeecsohoaggpwbjdvavzqfv/Build/Intermediates.noindex/AnalyticsEvents.build/Debug-iphonesimulator/AnalyticsEvents.build/Objects-normal/x86_64/AnalyticsEvents_const_extract_protocols.json -Xcc -I/Users/aadityasingh/Library/Developer/Xcode/DerivedData/Chatlio-erkyzdeecsohoaggpwbjdvavzqfv/Build/Products/Debug-iphonesimulator/include -Xcc -I/Users/aadityasingh/Library/Developer/Xcode/DerivedData/Chatlio-erkyzdeecsohoaggpwbjdvavzqfv/Build/Intermediates.noindex/AnalyticsEvents.build/Debug-iphonesimulator/AnalyticsEvents.build/DerivedSources-normal/x86_64 -Xcc -I/Users/aadityasingh/Library/Developer/Xcode/DerivedData/Chatlio-erkyzdeecsohoaggpwbjdvavzqfv/Build/Intermediates.noindex/AnalyticsEvents.build/Debug-iphonesimulator/AnalyticsEvents.build/DerivedSources/x86_64 -Xcc -I/Users/aadityasingh/Library/Developer/Xcode/DerivedData/Chatlio-erkyzdeecsohoaggpwbjdvavzqfv/Build/Intermediates.noindex/AnalyticsEvents.build/Debug-iphonesimulator/AnalyticsEvents.build/DerivedSources -Xcc -DSWIFT_PACKAGE -Xcc -DDEBUG\=1 -emit-objc-header -emit-objc-header-path /Users/aadityasingh/Library/Developer/Xcode/DerivedData/Chatlio-erkyzdeecsohoaggpwbjdvavzqfv/Build/Intermediates.noindex/AnalyticsEvents.build/Debug-iphonesimulator/AnalyticsEvents.build/Objects-normal/x86_64/AnalyticsEvents-Swift.h -working-directory /Users/aadityasingh/Documents/Development/element-x-ios/Chatlio.xcodeproj -experimental-emit-module-separately -disable-cmo

Copy /Users/aadityasingh/Library/Developer/Xcode/DerivedData/Chatlio-erkyzdeecsohoaggpwbjdvavzqfv/Build/Products/Debug-iphonesimulator/AnalyticsEvents.swiftmodule/arm64-apple-ios-simulator.swiftmodule /Users/aadityasingh/Library/Developer/Xcode/DerivedData/Chatlio-erkyzdeecsohoaggpwbjdvavzqfv/Build/Intermediates.noindex/AnalyticsEvents.build/Debug-iphonesimulator/AnalyticsEvents.build/Objects-normal/arm64/AnalyticsEvents.swiftmodule (in target 'AnalyticsEvents' from project 'AnalyticsEvents')
    cd /Users/aadityasingh/Library/Developer/Xcode/DerivedData/Chatlio-erkyzdeecsohoaggpwbjdvavzqfv/SourcePackages/checkouts/matrix-analytics-events
    builtin-copy -exclude .DS_Store -exclude CVS -exclude .svn -exclude .git -exclude .hg -resolve-src-symlinks -rename /Users/aadityasingh/Library/Developer/Xcode/DerivedData/Chatlio-erkyzdeecsohoaggpwbjdvavzqfv/Build/Intermediates.noindex/AnalyticsEvents.build/Debug-iphonesimulator/AnalyticsEvents.build/Objects-normal/arm64/AnalyticsEvents.swiftmodule /Users/aadityasingh/Library/Developer/Xcode/DerivedData/Chatlio-erkyzdeecsohoaggpwbjdvavzqfv/Build/Products/Debug-iphonesimulator/AnalyticsEvents.swiftmodule/arm64-apple-ios-simulator.swiftmodule

SwiftMergeGeneratedHeaders /Users/aadityasingh/Library/Developer/Xcode/DerivedData/Chatlio-erkyzdeecsohoaggpwbjdvavzqfv/Build/Intermediates.noindex/GeneratedModuleMaps-iphonesimulator/AnalyticsEvents-Swift.h /Users/aadityasingh/Library/Developer/Xcode/DerivedData/Chatlio-erkyzdeecsohoaggpwbjdvavzqfv/Build/Intermediates.noindex/AnalyticsEvents.build/Debug-iphonesimulator/AnalyticsEvents.build/Objects-normal/arm64/AnalyticsEvents-Swift.h /Users/aadityasingh/Library/Developer/Xcode/DerivedData/Chatlio-erkyzdeecsohoaggpwbjdvavzqfv/Build/Intermediates.noindex/AnalyticsEvents.build/Debug-iphonesimulator/AnalyticsEvents.build/Objects-normal/x86_64/AnalyticsEvents-Swift.h (in target 'AnalyticsEvents' from project 'AnalyticsEvents')
    cd /Users/aadityasingh/Library/Developer/Xcode/DerivedData/Chatlio-erkyzdeecsohoaggpwbjdvavzqfv/SourcePackages/checkouts/matrix-analytics-events
    builtin-swiftHeaderTool -arch arm64 /Users/aadityasingh/Library/Developer/Xcode/DerivedData/Chatlio-erkyzdeecsohoaggpwbjdvavzqfv/Build/Intermediates.noindex/AnalyticsEvents.build/Debug-iphonesimulator/AnalyticsEvents.build/Objects-normal/arm64/AnalyticsEvents-Swift.h -arch x86_64 /Users/aadityasingh/Library/Developer/Xcode/DerivedData/Chatlio-erkyzdeecsohoaggpwbjdvavzqfv/Build/Intermediates.noindex/AnalyticsEvents.build/Debug-iphonesimulator/AnalyticsEvents.build/Objects-normal/x86_64/AnalyticsEvents-Swift.h -o /Users/aadityasingh/Library/Developer/Xcode/DerivedData/Chatlio-erkyzdeecsohoaggpwbjdvavzqfv/Build/Intermediates.noindex/GeneratedModuleMaps-iphonesimulator/AnalyticsEvents-Swift.h

Copy /Users/aadityasingh/Library/Developer/Xcode/DerivedData/Chatlio-erkyzdeecsohoaggpwbjdvavzqfv/Build/Products/Debug-iphonesimulator/AnalyticsEvents.swiftmodule/x86_64-apple-ios-simulator.swiftmodule /Users/aadityasingh/Library/Developer/Xcode/DerivedData/Chatlio-erkyzdeecsohoaggpwbjdvavzqfv/Build/Intermediates.noindex/AnalyticsEvents.build/Debug-iphonesimulator/AnalyticsEvents.build/Objects-normal/x86_64/AnalyticsEvents.swiftmodule (in target 'AnalyticsEvents' from project 'AnalyticsEvents')
    cd /Users/aadityasingh/Library/Developer/Xcode/DerivedData/Chatlio-erkyzdeecsohoaggpwbjdvavzqfv/SourcePackages/checkouts/matrix-analytics-events
    builtin-copy -exclude .DS_Store -exclude CVS -exclude .svn -exclude .git -exclude .hg -resolve-src-symlinks -rename /Users/aadityasingh/Library/Developer/Xcode/DerivedData/Chatlio-erkyzdeecsohoaggpwbjdvavzqfv/Build/Intermediates.noindex/AnalyticsEvents.build/Debug-iphonesimulator/AnalyticsEvents.build/Objects-normal/x86_64/AnalyticsEvents.swiftmodule /Users/aadityasingh/Library/Developer/Xcode/DerivedData/Chatlio-erkyzdeecsohoaggpwbjdvavzqfv/Build/Products/Debug-iphonesimulator/AnalyticsEvents.swiftmodule/x86_64-apple-ios-simulator.swiftmodule

Copy /Users/aadityasingh/Library/Developer/Xcode/DerivedData/Chatlio-erkyzdeecsohoaggpwbjdvavzqfv/Build/Products/Debug-iphonesimulator/AnalyticsEvents.swiftmodule/x86_64-apple-ios-simulator.swiftdoc /Users/aadityasingh/Library/Developer/Xcode/DerivedData/Chatlio-erkyzdeecsohoaggpwbjdvavzqfv/Build/Intermediates.noindex/AnalyticsEvents.build/Debug-iphonesimulator/AnalyticsEvents.build/Objects-normal/x86_64/AnalyticsEvents.swiftdoc (in target 'AnalyticsEvents' from project 'AnalyticsEvents')
    cd /Users/aadityasingh/Library/Developer/Xcode/DerivedData/Chatlio-erkyzdeecsohoaggpwbjdvavzqfv/SourcePackages/checkouts/matrix-analytics-events
    builtin-copy -exclude .DS_Store -exclude CVS -exclude .svn -exclude .git -exclude .hg -resolve-src-symlinks -rename /Users/aadityasingh/Library/Developer/Xcode/DerivedData/Chatlio-erkyzdeecsohoaggpwbjdvavzqfv/Build/Intermediates.noindex/AnalyticsEvents.build/Debug-iphonesimulator/AnalyticsEvents.build/Objects-normal/x86_64/AnalyticsEvents.swiftdoc /Users/aadityasingh/Library/Developer/Xcode/DerivedData/Chatlio-erkyzdeecsohoaggpwbjdvavzqfv/Build/Products/Debug-iphonesimulator/AnalyticsEvents.swiftmodule/x86_64-apple-ios-simulator.swiftdoc

Copy /Users/aadityasingh/Library/Developer/Xcode/DerivedData/Chatlio-erkyzdeecsohoaggpwbjdvavzqfv/Build/Products/Debug-iphonesimulator/AnalyticsEvents.swiftmodule/x86_64-apple-ios-simulator.abi.json /Users/aadityasingh/Library/Developer/Xcode/DerivedData/Chatlio-erkyzdeecsohoaggpwbjdvavzqfv/Build/Intermediates.noindex/AnalyticsEvents.build/Debug-iphonesimulator/AnalyticsEvents.build/Objects-normal/x86_64/AnalyticsEvents.abi.json (in target 'AnalyticsEvents' from project 'AnalyticsEvents')
    cd /Users/aadityasingh/Library/Developer/Xcode/DerivedData/Chatlio-erkyzdeecsohoaggpwbjdvavzqfv/SourcePackages/checkouts/matrix-analytics-events
    builtin-copy -exclude .DS_Store -exclude CVS -exclude .svn -exclude .git -exclude .hg -resolve-src-symlinks -rename /Users/aadityasingh/Library/Developer/Xcode/DerivedData/Chatlio-erkyzdeecsohoaggpwbjdvavzqfv/Build/Intermediates.noindex/AnalyticsEvents.build/Debug-iphonesimulator/AnalyticsEvents.build/Objects-normal/x86_64/AnalyticsEvents.abi.json /Users/aadityasingh/Library/Developer/Xcode/DerivedData/Chatlio-erkyzdeecsohoaggpwbjdvavzqfv/Build/Products/Debug-iphonesimulator/AnalyticsEvents.swiftmodule/x86_64-apple-ios-simulator.abi.json

Copy /Users/aadityasingh/Library/Developer/Xcode/DerivedData/Chatlio-erkyzdeecsohoaggpwbjdvavzqfv/Build/Products/Debug-iphonesimulator/AnalyticsEvents.swiftmodule/arm64-apple-ios-simulator.swiftdoc /Users/aadityasingh/Library/Developer/Xcode/DerivedData/Chatlio-erkyzdeecsohoaggpwbjdvavzqfv/Build/Intermediates.noindex/AnalyticsEvents.build/Debug-iphonesimulator/AnalyticsEvents.build/Objects-normal/arm64/AnalyticsEvents.swiftdoc (in target 'AnalyticsEvents' from project 'AnalyticsEvents')
    cd /Users/aadityasingh/Library/Developer/Xcode/DerivedData/Chatlio-erkyzdeecsohoaggpwbjdvavzqfv/SourcePackages/checkouts/matrix-analytics-events
    builtin-copy -exclude .DS_Store -exclude CVS -exclude .svn -exclude .git -exclude .hg -resolve-src-symlinks -rename /Users/aadityasingh/Library/Developer/Xcode/DerivedData/Chatlio-erkyzdeecsohoaggpwbjdvavzqfv/Build/Intermediates.noindex/AnalyticsEvents.build/Debug-iphonesimulator/AnalyticsEvents.build/Objects-normal/arm64/AnalyticsEvents.swiftdoc /Users/aadityasingh/Library/Developer/Xcode/DerivedData/Chatlio-erkyzdeecsohoaggpwbjdvavzqfv/Build/Products/Debug-iphonesimulator/AnalyticsEvents.swiftmodule/arm64-apple-ios-simulator.swiftdoc

Copy /Users/aadityasingh/Library/Developer/Xcode/DerivedData/Chatlio-erkyzdeecsohoaggpwbjdvavzqfv/Build/Products/Debug-iphonesimulator/AnalyticsEvents.swiftmodule/arm64-apple-ios-simulator.abi.json /Users/aadityasingh/Library/Developer/Xcode/DerivedData/Chatlio-erkyzdeecsohoaggpwbjdvavzqfv/Build/Intermediates.noindex/AnalyticsEvents.build/Debug-iphonesimulator/AnalyticsEvents.build/Objects-normal/arm64/AnalyticsEvents.abi.json (in target 'AnalyticsEvents' from project 'AnalyticsEvents')
    cd /Users/aadityasingh/Library/Developer/Xcode/DerivedData/Chatlio-erkyzdeecsohoaggpwbjdvavzqfv/SourcePackages/checkouts/matrix-analytics-events
    builtin-copy -exclude .DS_Store -exclude CVS -exclude .svn -exclude .git -exclude .hg -resolve-src-symlinks -rename /Users/aadityasingh/Library/Developer/Xcode/DerivedData/Chatlio-erkyzdeecsohoaggpwbjdvavzqfv/Build/Intermediates.noindex/AnalyticsEvents.build/Debug-iphonesimulator/AnalyticsEvents.build/Objects-normal/arm64/AnalyticsEvents.abi.json /Users/aadityasingh/Library/Developer/Xcode/DerivedData/Chatlio-erkyzdeecsohoaggpwbjdvavzqfv/Build/Products/Debug-iphonesimulator/AnalyticsEvents.swiftmodule/arm64-apple-ios-simulator.abi.json

Copy /Users/aadityasingh/Library/Developer/Xcode/DerivedData/Chatlio-erkyzdeecsohoaggpwbjdvavzqfv/Build/Products/Debug-iphonesimulator/AnalyticsEvents.swiftmodule/Project/x86_64-apple-ios-simulator.swiftsourceinfo /Users/aadityasingh/Library/Developer/Xcode/DerivedData/Chatlio-erkyzdeecsohoaggpwbjdvavzqfv/Build/Intermediates.noindex/AnalyticsEvents.build/Debug-iphonesimulator/AnalyticsEvents.build/Objects-normal/x86_64/AnalyticsEvents.swiftsourceinfo (in target 'AnalyticsEvents' from project 'AnalyticsEvents')
    cd /Users/aadityasingh/Library/Developer/Xcode/DerivedData/Chatlio-erkyzdeecsohoaggpwbjdvavzqfv/SourcePackages/checkouts/matrix-analytics-events
    builtin-copy -exclude .DS_Store -exclude CVS -exclude .svn -exclude .git -exclude .hg -resolve-src-symlinks -rename /Users/aadityasingh/Library/Developer/Xcode/DerivedData/Chatlio-erkyzdeecsohoaggpwbjdvavzqfv/Build/Intermediates.noindex/AnalyticsEvents.build/Debug-iphonesimulator/AnalyticsEvents.build/Objects-normal/x86_64/AnalyticsEvents.swiftsourceinfo /Users/aadityasingh/Library/Developer/Xcode/DerivedData/Chatlio-erkyzdeecsohoaggpwbjdvavzqfv/Build/Products/Debug-iphonesimulator/AnalyticsEvents.swiftmodule/Project/x86_64-apple-ios-simulator.swiftsourceinfo

Copy /Users/aadityasingh/Library/Developer/Xcode/DerivedData/Chatlio-erkyzdeecsohoaggpwbjdvavzqfv/Build/Products/Debug-iphonesimulator/AnalyticsEvents.swiftmodule/Project/arm64-apple-ios-simulator.swiftsourceinfo /Users/aadityasingh/Library/Developer/Xcode/DerivedData/Chatlio-erkyzdeecsohoaggpwbjdvavzqfv/Build/Intermediates.noindex/AnalyticsEvents.build/Debug-iphonesimulator/AnalyticsEvents.build/Objects-normal/arm64/AnalyticsEvents.swiftsourceinfo (in target 'AnalyticsEvents' from project 'AnalyticsEvents')
    cd /Users/aadityasingh/Library/Developer/Xcode/DerivedData/Chatlio-erkyzdeecsohoaggpwbjdvavzqfv/SourcePackages/checkouts/matrix-analytics-events
    builtin-copy -exclude .DS_Store -exclude CVS -exclude .svn -exclude .git -exclude .hg -resolve-src-symlinks -rename /Users/aadityasingh/Library/Developer/Xcode/DerivedData/Chatlio-erkyzdeecsohoaggpwbjdvavzqfv/Build/Intermediates.noindex/AnalyticsEvents.build/Debug-iphonesimulator/AnalyticsEvents.build/Objects-normal/arm64/AnalyticsEvents.swiftsourceinfo /Users/aadityasingh/Library/Developer/Xcode/DerivedData/Chatlio-erkyzdeecsohoaggpwbjdvavzqfv/Build/Products/Debug-iphonesimulator/AnalyticsEvents.swiftmodule/Project/arm64-apple-ios-simulator.swiftsourceinfo

SwiftDriverJobDiscovery normal x86_64 Compiling resource_bundle_accessor.swift (in target 'DeviceKit' from project 'DeviceKit')

PrecompileModule /Users/aadityasingh/Library/Developer/Xcode/DerivedData/Chatlio-erkyzdeecsohoaggpwbjdvavzqfv/Build/Intermediates.noindex/ExplicitPrecompiledModules/_DarwinFoundation2-8RASS6IU0C4OSA4S5BCBSFCZ3.scan
    cd /
    builtin-precompileModule /Users/aadityasingh/Library/Developer/Xcode/DerivedData/Chatlio-erkyzdeecsohoaggpwbjdvavzqfv/Build/Intermediates.noindex/ExplicitPrecompiledModules/_DarwinFoundation2-8RASS6IU0C4OSA4S5BCBSFCZ3.scan

ScanDependencies /Users/aadityasingh/Library/Developer/Xcode/DerivedData/Chatlio-erkyzdeecsohoaggpwbjdvavzqfv/Build/Intermediates.noindex/DTFoundation.build/Debug-iphonesimulator/DTFoundation.build/Objects-normal/x86_64/UIView+DTActionHandlers.o /Users/aadityasingh/Library/Developer/Xcode/DerivedData/Chatlio-erkyzdeecsohoaggpwbjdvavzqfv/SourcePackages/checkouts/DTFoundation/Core/Source/iOS/BlocksAdditions/UIView+DTActionHandlers.m normal x86_64 objective-c com.apple.compilers.llvm.clang.1_0.compiler (in target 'DTFoundation' from project 'DTFoundation')
    cd /Users/aadityasingh/Documents/Development/element-x-ios/Chatlio.xcodeproj
    
    Using response file: /Users/aadityasingh/Library/Developer/Xcode/DerivedData/Chatlio-erkyzdeecsohoaggpwbjdvavzqfv/Build/Intermediates.noindex/DTFoundation.build/Debug-iphonesimulator/DTFoundation.build/Objects-normal/x86_64/e6072d4f65d7061329687fe24e3d63a7-common-args.resp
    
    builtin-ScanDependencies -o /Users/aadityasingh/Library/Developer/Xcode/DerivedData/Chatlio-erkyzdeecsohoaggpwbjdvavzqfv/Build/Intermediates.noindex/DTFoundation.build/Debug-iphonesimulator/DTFoundation.build/Objects-normal/x86_64/UIView+DTActionHandlers.o.scan -- /Applications/Xcode.app/Contents/Developer/Toolchains/XcodeDefault.xctoolchain/usr/bin/clang -x objective-c -ivfsstatcache /Users/aadityasingh/Library/Developer/Xcode/DerivedData/SDKStatCaches.noindex/iphonesimulator26.4-23E252-686eebb5dc1d8ecb277353a59184f4aa.sdkstatcache -target x86_64-apple-ios12.0-simulator -fmessage-length\=0 -fdiagnostics-show-note-include-stack -fmacro-backtrace-limit\=0 -fno-color-diagnostics -fmodules-prune-interval\=86400 -fmodules-prune-after\=345600 -fbuild-session-file\=/Users/aadityasingh/Library/Developer/Xcode/DerivedData/ModuleCache.noindex/Session.modulevalidation -fmodules-validate-once-per-build-session -Wnon-modular-include-in-framework-module -Werror\=non-modular-include-in-framework-module -Wno-trigraphs -Wno-missing-field-initializers -Wno-missing-prototypes -Wno-return-type -Wno-implicit-atomic-properties -Wno-objc-interface-ivars -Wno-arc-repeated-use-of-weak -Wno-missing-braces -Wparentheses -Wswitch -Wno-unused-function -Wno-unused-label -Wno-unused-parameter -Wno-unused-variable -Wunused-value -Wno-empty-body -Wno-uninitialized -Wno-unknown-pragmas -w -Wno-shadow -Wno-four-char-constants -Wno-conversion -Wno-constant-conversion -Wno-int-conversion -Wno-bool-conversion -Wno-enum-conversion -Wno-float-conversion -Wno-non-literal-null-conversion -Wno-objc-literal-conversion -Wshorten-64-to-32 -Wpointer-sign -Wno-newline-eof -Wno-selector -Wno-strict-selector-match -Wno-undeclared-selector -Wno-deprecated-implementations -Wno-implicit-fallthrough -isysroot /Applications/Xcode.app/Contents/Developer/Platforms/iPhoneSimulator.platform/Developer/SDKs/iPhoneSimulator26.4.sdk -fstrict-aliasing -Wprotocol -Wdeprecated-declarations -Wno-sign-conversion -Wno-infinite-recursion -Wno-comma -Wno-block-capture-autoreleasing -Wno-strict-prototypes -Wno-semicolon-before-method-body -index-store-path /Users/aadityasingh/Library/Developer/Xcode/DerivedData/Chatlio-erkyzdeecsohoaggpwbjdvavzqfv/Index.noindex/DataStore @/Users/aadityasingh/Library/Developer/Xcode/DerivedData/Chatlio-erkyzdeecsohoaggpwbjdvavzqfv/Build/Intermediates.noindex/DTFoundation.build/Debug-iphonesimulator/DTFoundation.build/Objects-normal/x86_64/e6072d4f65d7061329687fe24e3d63a7-common-args.resp -MMD -MT dependencies -MF /Users/aadityasingh/Library/Developer/Xcode/DerivedData/Chatlio-erkyzdeecsohoaggpwbjdvavzqfv/Build/Intermediates.noindex/DTFoundation.build/Debug-iphonesimulator/DTFoundation.build/Objects-normal/x86_64/UIView+DTActionHandlers.d --serialize-diagnostics /Users/aadityasingh/Library/Developer/Xcode/DerivedData/Chatlio-erkyzdeecsohoaggpwbjdvavzqfv/Build/Intermediates.noindex/DTFoundation.build/Debug-iphonesimulator/DTFoundation.build/Objects-normal/x86_64/UIView+DTActionHandlers.dia -c /Users/aadityasingh/Library/Developer/Xcode/DerivedData/Chatlio-erkyzdeecsohoaggpwbjdvavzqfv/SourcePackages/checkouts/DTFoundation/Core/Source/iOS/BlocksAdditions/UIView+DTActionHandlers.m -o /Users/aadityasingh/Library/Developer/Xcode/DerivedData/Chatlio-erkyzdeecsohoaggpwbjdvavzqfv/Build/Intermediates.noindex/DTFoundation.build/Debug-iphonesimulator/DTFoundation.build/Objects-normal/x86_64/UIView+DTActionHandlers.o -index-unit-output-path /DTFoundation.build/Debug-iphonesimulator/DTFoundation.build/Objects-normal/x86_64/UIView+DTActionHandlers.o

ScanDependencies /Users/aadityasingh/Library/Developer/Xcode/DerivedData/Chatlio-erkyzdeecsohoaggpwbjdvavzqfv/Build/Intermediates.noindex/DTFoundation.build/Debug-iphonesimulator/DTFoundation.build/Objects-normal/x86_64/UIScreen+DTFoundation.o /Users/aadityasingh/Library/Developer/Xcode/DerivedData/Chatlio-erkyzdeecsohoaggpwbjdvavzqfv/SourcePackages/checkouts/DTFoundation/Core/Source/iOS/UIScreen+DTFoundation.m normal x86_64 objective-c com.apple.compilers.llvm.clang.1_0.compiler (in target 'DTFoundation' from project 'DTFoundation')
    cd /Users/aadityasingh/Documents/Development/element-x-ios/Chatlio.xcodeproj
    
    Using response file: /Users/aadityasingh/Library/Developer/Xcode/DerivedData/Chatlio-erkyzdeecsohoaggpwbjdvavzqfv/Build/Intermediates.noindex/DTFoundation.build/Debug-iphonesimulator/DTFoundation.build/Objects-normal/x86_64/e6072d4f65d7061329687fe24e3d63a7-common-args.resp
    
    builtin-ScanDependencies -o /Users/aadityasingh/Library/Developer/Xcode/DerivedData/Chatlio-erkyzdeecsohoaggpwbjdvavzqfv/Build/Intermediates.noindex/DTFoundation.build/Debug-iphonesimulator/DTFoundation.build/Objects-normal/x86_64/UIScreen+DTFoundation.o.scan -- /Applications/Xcode.app/Contents/Developer/Toolchains/XcodeDefault.xctoolchain/usr/bin/clang -x objective-c -ivfsstatcache /Users/aadityasingh/Library/Developer/Xcode/DerivedData/SDKStatCaches.noindex/iphonesimulator26.4-23E252-686eebb5dc1d8ecb277353a59184f4aa.sdkstatcache -target x86_64-apple-ios12.0-simulator -fmessage-length\=0 -fdiagnostics-show-note-include-stack -fmacro-backtrace-limit\=0 -fno-color-diagnostics -fmodules-prune-interval\=86400 -fmodules-prune-after\=345600 -fbuild-session-file\=/Users/aadityasingh/Library/Developer/Xcode/DerivedData/ModuleCache.noindex/Session.modulevalidation -fmodules-validate-once-per-build-session -Wnon-modular-include-in-framework-module -Werror\=non-modular-include-in-framework-module -Wno-trigraphs -Wno-missing-field-initializers -Wno-missing-prototypes -Wno-return-type -Wno-implicit-atomic-properties -Wno-objc-interface-ivars -Wno-arc-repeated-use-of-weak -Wno-missing-braces -Wparentheses -Wswitch -Wno-unused-function -Wno-unused-label -Wno-unused-parameter -Wno-unused-variable -Wunused-value -Wno-empty-body -Wno-uninitialized -Wno-unknown-pragmas -w -Wno-shadow -Wno-four-char-constants -Wno-conversion -Wno-constant-conversion -Wno-int-conversion -Wno-bool-conversion -Wno-enum-conversion -Wno-float-conversion -Wno-non-literal-null-conversion -Wno-objc-literal-conversion -Wshorten-64-to-32 -Wpointer-sign -Wno-newline-eof -Wno-selector -Wno-strict-selector-match -Wno-undeclared-selector -Wno-deprecated-implementations -Wno-implicit-fallthrough -isysroot /Applications/Xcode.app/Contents/Developer/Platforms/iPhoneSimulator.platform/Developer/SDKs/iPhoneSimulator26.4.sdk -fstrict-aliasing -Wprotocol -Wdeprecated-declarations -Wno-sign-conversion -Wno-infinite-recursion -Wno-comma -Wno-block-capture-autoreleasing -Wno-strict-prototypes -Wno-semicolon-before-method-body -index-store-path /Users/aadityasingh/Library/Developer/Xcode/DerivedData/Chatlio-erkyzdeecsohoaggpwbjdvavzqfv/Index.noindex/DataStore @/Users/aadityasingh/Library/Developer/Xcode/DerivedData/Chatlio-erkyzdeecsohoaggpwbjdvavzqfv/Build/Intermediates.noindex/DTFoundation.build/Debug-iphonesimulator/DTFoundation.build/Objects-normal/x86_64/e6072d4f65d7061329687fe24e3d63a7-common-args.resp -MMD -MT dependencies -MF /Users/aadityasingh/Library/Developer/Xcode/DerivedData/Chatlio-erkyzdeecsohoaggpwbjdvavzqfv/Build/Intermediates.noindex/DTFoundation.build/Debug-iphonesimulator/DTFoundation.build/Objects-normal/x86_64/UIScreen+DTFoundation.d --serialize-diagnostics /Users/aadityasingh/Library/Developer/Xcode/DerivedData/Chatlio-erkyzdeecsohoaggpwbjdvavzqfv/Build/Intermediates.noindex/DTFoundation.build/Debug-iphonesimulator/DTFoundation.build/Objects-normal/x86_64/UIScreen+DTFoundation.dia -c /Users/aadityasingh/Library/Developer/Xcode/DerivedData/Chatlio-erkyzdeecsohoaggpwbjdvavzqfv/SourcePackages/checkouts/DTFoundation/Core/Source/iOS/UIScreen+DTFoundation.m -o /Users/aadityasingh/Library/Developer/Xcode/DerivedData/Chatlio-erkyzdeecsohoaggpwbjdvavzqfv/Build/Intermediates.noindex/DTFoundation.build/Debug-iphonesimulator/DTFoundation.build/Objects-normal/x86_64/UIScreen+DTFoundation.o -index-unit-output-path /DTFoundation.build/Debug-iphonesimulator/DTFoundation.build/Objects-normal/x86_64/UIScreen+DTFoundation.o

SwiftDriverJobDiscovery normal arm64 Compiling resource_bundle_accessor.swift (in target 'DeviceKit' from project 'DeviceKit')

ScanDependencies /Users/aadityasingh/Library/Developer/Xcode/DerivedData/Chatlio-erkyzdeecsohoaggpwbjdvavzqfv/Build/Intermediates.noindex/DTFoundation.build/Debug-iphonesimulator/DTFoundation.build/Objects-normal/x86_64/UIImage+DTFoundation.o /Users/aadityasingh/Library/Developer/Xcode/DerivedData/Chatlio-erkyzdeecsohoaggpwbjdvavzqfv/SourcePackages/checkouts/DTFoundation/Core/Source/iOS/UIImage+DTFoundation.m normal x86_64 objective-c com.apple.compilers.llvm.clang.1_0.compiler (in target 'DTFoundation' from project 'DTFoundation')
    cd /Users/aadityasingh/Documents/Development/element-x-ios/Chatlio.xcodeproj
    
    Using response file: /Users/aadityasingh/Library/Developer/Xcode/DerivedData/Chatlio-erkyzdeecsohoaggpwbjdvavzqfv/Build/Intermediates.noindex/DTFoundation.build/Debug-iphonesimulator/DTFoundation.build/Objects-normal/x86_64/e6072d4f65d7061329687fe24e3d63a7-common-args.resp
    
    builtin-ScanDependencies -o /Users/aadityasingh/Library/Developer/Xcode/DerivedData/Chatlio-erkyzdeecsohoaggpwbjdvavzqfv/Build/Intermediates.noindex/DTFoundation.build/Debug-iphonesimulator/DTFoundation.build/Objects-normal/x86_64/UIImage+DTFoundation.o.scan -- /Applications/Xcode.app/Contents/Developer/Toolchains/XcodeDefault.xctoolchain/usr/bin/clang -x objective-c -ivfsstatcache /Users/aadityasingh/Library/Developer/Xcode/DerivedData/SDKStatCaches.noindex/iphonesimulator26.4-23E252-686eebb5dc1d8ecb277353a59184f4aa.sdkstatcache -target x86_64-apple-ios12.0-simulator -fmessage-length\=0 -fdiagnostics-show-note-include-stack -fmacro-backtrace-limit\=0 -fno-color-diagnostics -fmodules-prune-interval\=86400 -fmodules-prune-after\=345600 -fbuild-session-file\=/Users/aadityasingh/Library/Developer/Xcode/DerivedData/ModuleCache.noindex/Session.modulevalidation -fmodules-validate-once-per-build-session -Wnon-modular-include-in-framework-module -Werror\=non-modular-include-in-framework-module -Wno-trigraphs -Wno-missing-field-initializers -Wno-missing-prototypes -Wno-return-type -Wno-implicit-atomic-properties -Wno-objc-interface-ivars -Wno-arc-repeated-use-of-weak -Wno-missing-braces -Wparentheses -Wswitch -Wno-unused-function -Wno-unused-label -Wno-unused-parameter -Wno-unused-variable -Wunused-value -Wno-empty-body -Wno-uninitialized -Wno-unknown-pragmas -w -Wno-shadow -Wno-four-char-constants -Wno-conversion -Wno-constant-conversion -Wno-int-conversion -Wno-bool-conversion -Wno-enum-conversion -Wno-float-conversion -Wno-non-literal-null-conversion -Wno-objc-literal-conversion -Wshorten-64-to-32 -Wpointer-sign -Wno-newline-eof -Wno-selector -Wno-strict-selector-match -Wno-undeclared-selector -Wno-deprecated-implementations -Wno-implicit-fallthrough -isysroot /Applications/Xcode.app/Contents/Developer/Platforms/iPhoneSimulator.platform/Developer/SDKs/iPhoneSimulator26.4.sdk -fstrict-aliasing -Wprotocol -Wdeprecated-declarations -Wno-sign-conversion -Wno-infinite-recursion -Wno-comma -Wno-block-capture-autoreleasing -Wno-strict-prototypes -Wno-semicolon-before-method-body -index-store-path /Users/aadityasingh/Library/Developer/Xcode/DerivedData/Chatlio-erkyzdeecsohoaggpwbjdvavzqfv/Index.noindex/DataStore @/Users/aadityasingh/Library/Developer/Xcode/DerivedData/Chatlio-erkyzdeecsohoaggpwbjdvavzqfv/Build/Intermediates.noindex/DTFoundation.build/Debug-iphonesimulator/DTFoundation.build/Objects-normal/x86_64/e6072d4f65d7061329687fe24e3d63a7-common-args.resp -MMD -MT dependencies -MF /Users/aadityasingh/Library/Developer/Xcode/DerivedData/Chatlio-erkyzdeecsohoaggpwbjdvavzqfv/Build/Intermediates.noindex/DTFoundation.build/Debug-iphonesimulator/DTFoundation.build/Objects-normal/x86_64/UIImage+DTFoundation.d --serialize-diagnostics /Users/aadityasingh/Library/Developer/Xcode/DerivedData/Chatlio-erkyzdeecsohoaggpwbjdvavzqfv/Build/Intermediates.noindex/DTFoundation.build/Debug-iphonesimulator/DTFoundation.build/Objects-normal/x86_64/UIImage+DTFoundation.dia -c /Users/aadityasingh/Library/Developer/Xcode/DerivedData/Chatlio-erkyzdeecsohoaggpwbjdvavzqfv/SourcePackages/checkouts/DTFoundation/Core/Source/iOS/UIImage+DTFoundation.m -o /Users/aadityasingh/Library/Developer/Xcode/DerivedData/Chatlio-erkyzdeecsohoaggpwbjdvavzqfv/Build/Intermediates.noindex/DTFoundation.build/Debug-iphonesimulator/DTFoundation.build/Objects-normal/x86_64/UIImage+DTFoundation.o -index-unit-output-path /DTFoundation.build/Debug-iphonesimulator/DTFoundation.build/Objects-normal/x86_64/UIImage+DTFoundation.o

PrecompileModule /Users/aadityasingh/Library/Developer/Xcode/DerivedData/Chatlio-erkyzdeecsohoaggpwbjdvavzqfv/Build/Intermediates.noindex/ExplicitPrecompiledModules/_Builtin_stdint-AJHZOGAYA6SQURI91ABBEIJY9.scan
    cd /
    builtin-precompileModule /Users/aadityasingh/Library/Developer/Xcode/DerivedData/Chatlio-erkyzdeecsohoaggpwbjdvavzqfv/Build/Intermediates.noindex/ExplicitPrecompiledModules/_Builtin_stdint-AJHZOGAYA6SQURI91ABBEIJY9.scan

ScanDependencies /Users/aadityasingh/Library/Developer/Xcode/DerivedData/Chatlio-erkyzdeecsohoaggpwbjdvavzqfv/Build/Intermediates.noindex/DTFoundation.build/Debug-iphonesimulator/DTFoundation.build/Objects-normal/x86_64/UIColor+DTDebug.o /Users/aadityasingh/Library/Developer/Xcode/DerivedData/Chatlio-erkyzdeecsohoaggpwbjdvavzqfv/SourcePackages/checkouts/DTFoundation/Core/Source/iOS/Debug/UIColor+DTDebug.m normal x86_64 objective-c com.apple.compilers.llvm.clang.1_0.compiler (in target 'DTFoundation' from project 'DTFoundation')
    cd /Users/aadityasingh/Documents/Development/element-x-ios/Chatlio.xcodeproj
    
    Using response file: /Users/aadityasingh/Library/Developer/Xcode/DerivedData/Chatlio-erkyzdeecsohoaggpwbjdvavzqfv/Build/Intermediates.noindex/DTFoundation.build/Debug-iphonesimulator/DTFoundation.build/Objects-normal/x86_64/e6072d4f65d7061329687fe24e3d63a7-common-args.resp
    
    builtin-ScanDependencies -o /Users/aadityasingh/Library/Developer/Xcode/DerivedData/Chatlio-erkyzdeecsohoaggpwbjdvavzqfv/Build/Intermediates.noindex/DTFoundation.build/Debug-iphonesimulator/DTFoundation.build/Objects-normal/x86_64/UIColor+DTDebug.o.scan -- /Applications/Xcode.app/Contents/Developer/Toolchains/XcodeDefault.xctoolchain/usr/bin/clang -x objective-c -ivfsstatcache /Users/aadityasingh/Library/Developer/Xcode/DerivedData/SDKStatCaches.noindex/iphonesimulator26.4-23E252-686eebb5dc1d8ecb277353a59184f4aa.sdkstatcache -target x86_64-apple-ios12.0-simulator -fmessage-length\=0 -fdiagnostics-show-note-include-stack -fmacro-backtrace-limit\=0 -fno-color-diagnostics -fmodules-prune-interval\=86400 -fmodules-prune-after\=345600 -fbuild-session-file\=/Users/aadityasingh/Library/Developer/Xcode/DerivedData/ModuleCache.noindex/Session.modulevalidation -fmodules-validate-once-per-build-session -Wnon-modular-include-in-framework-module -Werror\=non-modular-include-in-framework-module -Wno-trigraphs -Wno-missing-field-initializers -Wno-missing-prototypes -Wno-return-type -Wno-implicit-atomic-properties -Wno-objc-interface-ivars -Wno-arc-repeated-use-of-weak -Wno-missing-braces -Wparentheses -Wswitch -Wno-unused-function -Wno-unused-label -Wno-unused-parameter -Wno-unused-variable -Wunused-value -Wno-empty-body -Wno-uninitialized -Wno-unknown-pragmas -w -Wno-shadow -Wno-four-char-constants -Wno-conversion -Wno-constant-conversion -Wno-int-conversion -Wno-bool-conversion -Wno-enum-conversion -Wno-float-conversion -Wno-non-literal-null-conversion -Wno-objc-literal-conversion -Wshorten-64-to-32 -Wpointer-sign -Wno-newline-eof -Wno-selector -Wno-strict-selector-match -Wno-undeclared-selector -Wno-deprecated-implementations -Wno-implicit-fallthrough -isysroot /Applications/Xcode.app/Contents/Developer/Platforms/iPhoneSimulator.platform/Developer/SDKs/iPhoneSimulator26.4.sdk -fstrict-aliasing -Wprotocol -Wdeprecated-declarations -Wno-sign-conversion -Wno-infinite-recursion -Wno-comma -Wno-block-capture-autoreleasing -Wno-strict-prototypes -Wno-semicolon-before-method-body -index-store-path /Users/aadityasingh/Library/Developer/Xcode/DerivedData/Chatlio-erkyzdeecsohoaggpwbjdvavzqfv/Index.noindex/DataStore @/Users/aadityasingh/Library/Developer/Xcode/DerivedData/Chatlio-erkyzdeecsohoaggpwbjdvavzqfv/Build/Intermediates.noindex/DTFoundation.build/Debug-iphonesimulator/DTFoundation.build/Objects-normal/x86_64/e6072d4f65d7061329687fe24e3d63a7-common-args.resp -MMD -MT dependencies -MF /Users/aadityasingh/Library/Developer/Xcode/DerivedData/Chatlio-erkyzdeecsohoaggpwbjdvavzqfv/Build/Intermediates.noindex/DTFoundation.build/Debug-iphonesimulator/DTFoundation.build/Objects-normal/x86_64/UIColor+DTDebug.d --serialize-diagnostics /Users/aadityasingh/Library/Developer/Xcode/DerivedData/Chatlio-erkyzdeecsohoaggpwbjdvavzqfv/Build/Intermediates.noindex/DTFoundation.build/Debug-iphonesimulator/DTFoundation.build/Objects-normal/x86_64/UIColor+DTDebug.dia -c /Users/aadityasingh/Library/Developer/Xcode/DerivedData/Chatlio-erkyzdeecsohoaggpwbjdvavzqfv/SourcePackages/checkouts/DTFoundation/Core/Source/iOS/Debug/UIColor+DTDebug.m -o /Users/aadityasingh/Library/Developer/Xcode/DerivedData/Chatlio-erkyzdeecsohoaggpwbjdvavzqfv/Build/Intermediates.noindex/DTFoundation.build/Debug-iphonesimulator/DTFoundation.build/Objects-normal/x86_64/UIColor+DTDebug.o -index-unit-output-path /DTFoundation.build/Debug-iphonesimulator/DTFoundation.build/Objects-normal/x86_64/UIColor+DTDebug.o

ScanDependencies /Users/aadityasingh/Library/Developer/Xcode/DerivedData/Chatlio-erkyzdeecsohoaggpwbjdvavzqfv/Build/Intermediates.noindex/DTFoundation.build/Debug-iphonesimulator/DTFoundation.build/Objects-normal/x86_64/UIApplication+DTNetworkActivity.o /Users/aadityasingh/Library/Developer/Xcode/DerivedData/Chatlio-erkyzdeecsohoaggpwbjdvavzqfv/SourcePackages/checkouts/DTFoundation/Core/Source/iOS/UIApplication+DTNetworkActivity.m normal x86_64 objective-c com.apple.compilers.llvm.clang.1_0.compiler (in target 'DTFoundation' from project 'DTFoundation')
    cd /Users/aadityasingh/Documents/Development/element-x-ios/Chatlio.xcodeproj
    
    Using response file: /Users/aadityasingh/Library/Developer/Xcode/DerivedData/Chatlio-erkyzdeecsohoaggpwbjdvavzqfv/Build/Intermediates.noindex/DTFoundation.build/Debug-iphonesimulator/DTFoundation.build/Objects-normal/x86_64/e6072d4f65d7061329687fe24e3d63a7-common-args.resp
    
    builtin-ScanDependencies -o /Users/aadityasingh/Library/Developer/Xcode/DerivedData/Chatlio-erkyzdeecsohoaggpwbjdvavzqfv/Build/Intermediates.noindex/DTFoundation.build/Debug-iphonesimulator/DTFoundation.build/Objects-normal/x86_64/UIApplication+DTNetworkActivity.o.scan -- /Applications/Xcode.app/Contents/Developer/Toolchains/XcodeDefault.xctoolchain/usr/bin/clang -x objective-c -ivfsstatcache /Users/aadityasingh/Library/Developer/Xcode/DerivedData/SDKStatCaches.noindex/iphonesimulator26.4-23E252-686eebb5dc1d8ecb277353a59184f4aa.sdkstatcache -target x86_64-apple-ios12.0-simulator -fmessage-length\=0 -fdiagnostics-show-note-include-stack -fmacro-backtrace-limit\=0 -fno-color-diagnostics -fmodules-prune-interval\=86400 -fmodules-prune-after\=345600 -fbuild-session-file\=/Users/aadityasingh/Library/Developer/Xcode/DerivedData/ModuleCache.noindex/Session.modulevalidation -fmodules-validate-once-per-build-session -Wnon-modular-include-in-framework-module -Werror\=non-modular-include-in-framework-module -Wno-trigraphs -Wno-missing-field-initializers -Wno-missing-prototypes -Wno-return-type -Wno-implicit-atomic-properties -Wno-objc-interface-ivars -Wno-arc-repeated-use-of-weak -Wno-missing-braces -Wparentheses -Wswitch -Wno-unused-function -Wno-unused-label -Wno-unused-parameter -Wno-unused-variable -Wunused-value -Wno-empty-body -Wno-uninitialized -Wno-unknown-pragmas -w -Wno-shadow -Wno-four-char-constants -Wno-conversion -Wno-constant-conversion -Wno-int-conversion -Wno-bool-conversion -Wno-enum-conversion -Wno-float-conversion -Wno-non-literal-null-conversion -Wno-objc-literal-conversion -Wshorten-64-to-32 -Wpointer-sign -Wno-newline-eof -Wno-selector -Wno-strict-selector-match -Wno-undeclared-selector -Wno-deprecated-implementations -Wno-implicit-fallthrough -isysroot /Applications/Xcode.app/Contents/Developer/Platforms/iPhoneSimulator.platform/Developer/SDKs/iPhoneSimulator26.4.sdk -fstrict-aliasing -Wprotocol -Wdeprecated-declarations -Wno-sign-conversion -Wno-infinite-recursion -Wno-comma -Wno-block-capture-autoreleasing -Wno-strict-prototypes -Wno-semicolon-before-method-body -index-store-path /Users/aadityasingh/Library/Developer/Xcode/DerivedData/Chatlio-erkyzdeecsohoaggpwbjdvavzqfv/Index.noindex/DataStore @/Users/aadityasingh/Library/Developer/Xcode/DerivedData/Chatlio-erkyzdeecsohoaggpwbjdvavzqfv/Build/Intermediates.noindex/DTFoundation.build/Debug-iphonesimulator/DTFoundation.build/Objects-normal/x86_64/e6072d4f65d7061329687fe24e3d63a7-common-args.resp -MMD -MT dependencies -MF /Users/aadityasingh/Library/Developer/Xcode/DerivedData/Chatlio-erkyzdeecsohoaggpwbjdvavzqfv/Build/Intermediates.noindex/DTFoundation.build/Debug-iphonesimulator/DTFoundation.build/Objects-normal/x86_64/UIApplication+DTNetworkActivity.d --serialize-diagnostics /Users/aadityasingh/Library/Developer/Xcode/DerivedData/Chatlio-erkyzdeecsohoaggpwbjdvavzqfv/Build/Intermediates.noindex/DTFoundation.build/Debug-iphonesimulator/DTFoundation.build/Objects-normal/x86_64/UIApplication+DTNetworkActivity.dia -c /Users/aadityasingh/Library/Developer/Xcode/DerivedData/Chatlio-erkyzdeecsohoaggpwbjdvavzqfv/SourcePackages/checkouts/DTFoundation/Core/Source/iOS/UIApplication+DTNetworkActivity.m -o /Users/aadityasingh/Library/Developer/Xcode/DerivedData/Chatlio-erkyzdeecsohoaggpwbjdvavzqfv/Build/Intermediates.noindex/DTFoundation.build/Debug-iphonesimulator/DTFoundation.build/Objects-normal/x86_64/UIApplication+DTNetworkActivity.o -index-unit-output-path /DTFoundation.build/Debug-iphonesimulator/DTFoundation.build/Objects-normal/x86_64/UIApplication+DTNetworkActivity.o

ScanDependencies /Users/aadityasingh/Library/Developer/Xcode/DerivedData/Chatlio-erkyzdeecsohoaggpwbjdvavzqfv/Build/Intermediates.noindex/DTFoundation.build/Debug-iphonesimulator/DTFoundation.build/Objects-normal/x86_64/NSWindowController+DTPanelControllerPresenting.o /Users/aadityasingh/Library/Developer/Xcode/DerivedData/Chatlio-erkyzdeecsohoaggpwbjdvavzqfv/SourcePackages/checkouts/DTFoundation/Core/Source/OSX/NSWindowController+DTPanelControllerPresenting.m normal x86_64 objective-c com.apple.compilers.llvm.clang.1_0.compiler (in target 'DTFoundation' from project 'DTFoundation')
    cd /Users/aadityasingh/Documents/Development/element-x-ios/Chatlio.xcodeproj
    
    Using response file: /Users/aadityasingh/Library/Developer/Xcode/DerivedData/Chatlio-erkyzdeecsohoaggpwbjdvavzqfv/Build/Intermediates.noindex/DTFoundation.build/Debug-iphonesimulator/DTFoundation.build/Objects-normal/x86_64/e6072d4f65d7061329687fe24e3d63a7-common-args.resp
    
    builtin-ScanDependencies -o /Users/aadityasingh/Library/Developer/Xcode/DerivedData/Chatlio-erkyzdeecsohoaggpwbjdvavzqfv/Build/Intermediates.noindex/DTFoundation.build/Debug-iphonesimulator/DTFoundation.build/Objects-normal/x86_64/NSWindowController+DTPanelControllerPresenting.o.scan -- /Applications/Xcode.app/Contents/Developer/Toolchains/XcodeDefault.xctoolchain/usr/bin/clang -x objective-c -ivfsstatcache /Users/aadityasingh/Library/Developer/Xcode/DerivedData/SDKStatCaches.noindex/iphonesimulator26.4-23E252-686eebb5dc1d8ecb277353a59184f4aa.sdkstatcache -target x86_64-apple-ios12.0-simulator -fmessage-length\=0 -fdiagnostics-show-note-include-stack -fmacro-backtrace-limit\=0 -fno-color-diagnostics -fmodules-prune-interval\=86400 -fmodules-prune-after\=345600 -fbuild-session-file\=/Users/aadityasingh/Library/Developer/Xcode/DerivedData/ModuleCache.noindex/Session.modulevalidation -fmodules-validate-once-per-build-session -Wnon-modular-include-in-framework-module -Werror\=non-modular-include-in-framework-module -Wno-trigraphs -Wno-missing-field-initializers -Wno-missing-prototypes -Wno-return-type -Wno-implicit-atomic-properties -Wno-objc-interface-ivars -Wno-arc-repeated-use-of-weak -Wno-missing-braces -Wparentheses -Wswitch -Wno-unused-function -Wno-unused-label -Wno-unused-parameter -Wno-unused-variable -Wunused-value -Wno-empty-body -Wno-uninitialized -Wno-unknown-pragmas -w -Wno-shadow -Wno-four-char-constants -Wno-conversion -Wno-constant-conversion -Wno-int-conversion -Wno-bool-conversion -Wno-enum-conversion -Wno-float-conversion -Wno-non-literal-null-conversion -Wno-objc-literal-conversion -Wshorten-64-to-32 -Wpointer-sign -Wno-newline-eof -Wno-selector -Wno-strict-selector-match -Wno-undeclared-selector -Wno-deprecated-implementations -Wno-implicit-fallthrough -isysroot /Applications/Xcode.app/Contents/Developer/Platforms/iPhoneSimulator.platform/Developer/SDKs/iPhoneSimulator26.4.sdk -fstrict-aliasing -Wprotocol -Wdeprecated-declarations -Wno-sign-conversion -Wno-infinite-recursion -Wno-comma -Wno-block-capture-autoreleasing -Wno-strict-prototypes -Wno-semicolon-before-method-body -index-store-path /Users/aadityasingh/Library/Developer/Xcode/DerivedData/Chatlio-erkyzdeecsohoaggpwbjdvavzqfv/Index.noindex/DataStore @/Users/aadityasingh/Library/Developer/Xcode/DerivedData/Chatlio-erkyzdeecsohoaggpwbjdvavzqfv/Build/Intermediates.noindex/DTFoundation.build/Debug-iphonesimulator/DTFoundation.build/Objects-normal/x86_64/e6072d4f65d7061329687fe24e3d63a7-common-args.resp -MMD -MT dependencies -MF /Users/aadityasingh/Library/Developer/Xcode/DerivedData/Chatlio-erkyzdeecsohoaggpwbjdvavzqfv/Build/Intermediates.noindex/DTFoundation.build/Debug-iphonesimulator/DTFoundation.build/Objects-normal/x86_64/NSWindowController+DTPanelControllerPresenting.d --serialize-diagnostics /Users/aadityasingh/Library/Developer/Xcode/DerivedData/Chatlio-erkyzdeecsohoaggpwbjdvavzqfv/Build/Intermediates.noindex/DTFoundation.build/Debug-iphonesimulator/DTFoundation.build/Objects-normal/x86_64/NSWindowController+DTPanelControllerPresenting.dia -c /Users/aadityasingh/Library/Developer/Xcode/DerivedData/Chatlio-erkyzdeecsohoaggpwbjdvavzqfv/SourcePackages/checkouts/DTFoundation/Core/Source/OSX/NSWindowController+DTPanelControllerPresenting.m -o /Users/aadityasingh/Library/Developer/Xcode/DerivedData/Chatlio-erkyzdeecsohoaggpwbjdvavzqfv/Build/Intermediates.noindex/DTFoundation.build/Debug-iphonesimulator/DTFoundation.build/Objects-normal/x86_64/NSWindowController+DTPanelControllerPresenting.o -index-unit-output-path /DTFoundation.build/Debug-iphonesimulator/DTFoundation.build/Objects-normal/x86_64/NSWindowController+DTPanelControllerPresenting.o

ScanDependencies /Users/aadityasingh/Library/Developer/Xcode/DerivedData/Chatlio-erkyzdeecsohoaggpwbjdvavzqfv/Build/Intermediates.noindex/DTFoundation.build/Debug-iphonesimulator/DTFoundation.build/Objects-normal/x86_64/NSView+DTAutoLayout.o /Users/aadityasingh/Library/Developer/Xcode/DerivedData/Chatlio-erkyzdeecsohoaggpwbjdvavzqfv/SourcePackages/checkouts/DTFoundation/Core/Source/OSX/NSView+DTAutoLayout.m normal x86_64 objective-c com.apple.compilers.llvm.clang.1_0.compiler (in target 'DTFoundation' from project 'DTFoundation')
    cd /Users/aadityasingh/Documents/Development/element-x-ios/Chatlio.xcodeproj
    
    Using response file: /Users/aadityasingh/Library/Developer/Xcode/DerivedData/Chatlio-erkyzdeecsohoaggpwbjdvavzqfv/Build/Intermediates.noindex/DTFoundation.build/Debug-iphonesimulator/DTFoundation.build/Objects-normal/x86_64/e6072d4f65d7061329687fe24e3d63a7-common-args.resp
    
    builtin-ScanDependencies -o /Users/aadityasingh/Library/Developer/Xcode/DerivedData/Chatlio-erkyzdeecsohoaggpwbjdvavzqfv/Build/Intermediates.noindex/DTFoundation.build/Debug-iphonesimulator/DTFoundation.build/Objects-normal/x86_64/NSView+DTAutoLayout.o.scan -- /Applications/Xcode.app/Contents/Developer/Toolchains/XcodeDefault.xctoolchain/usr/bin/clang -x objective-c -ivfsstatcache /Users/aadityasingh/Library/Developer/Xcode/DerivedData/SDKStatCaches.noindex/iphonesimulator26.4-23E252-686eebb5dc1d8ecb277353a59184f4aa.sdkstatcache -target x86_64-apple-ios12.0-simulator -fmessage-length\=0 -fdiagnostics-show-note-include-stack -fmacro-backtrace-limit\=0 -fno-color-diagnostics -fmodules-prune-interval\=86400 -fmodules-prune-after\=345600 -fbuild-session-file\=/Users/aadityasingh/Library/Developer/Xcode/DerivedData/ModuleCache.noindex/Session.modulevalidation -fmodules-validate-once-per-build-session -Wnon-modular-include-in-framework-module -Werror\=non-modular-include-in-framework-module -Wno-trigraphs -Wno-missing-field-initializers -Wno-missing-prototypes -Wno-return-type -Wno-implicit-atomic-properties -Wno-objc-interface-ivars -Wno-arc-repeated-use-of-weak -Wno-missing-braces -Wparentheses -Wswitch -Wno-unused-function -Wno-unused-label -Wno-unused-parameter -Wno-unused-variable -Wunused-value -Wno-empty-body -Wno-uninitialized -Wno-unknown-pragmas -w -Wno-shadow -Wno-four-char-constants -Wno-conversion -Wno-constant-conversion -Wno-int-conversion -Wno-bool-conversion -Wno-enum-conversion -Wno-float-conversion -Wno-non-literal-null-conversion -Wno-objc-literal-conversion -Wshorten-64-to-32 -Wpointer-sign -Wno-newline-eof -Wno-selector -Wno-strict-selector-match -Wno-undeclared-selector -Wno-deprecated-implementations -Wno-implicit-fallthrough -isysroot /Applications/Xcode.app/Contents/Developer/Platforms/iPhoneSimulator.platform/Developer/SDKs/iPhoneSimulator26.4.sdk -fstrict-aliasing -Wprotocol -Wdeprecated-declarations -Wno-sign-conversion -Wno-infinite-recursion -Wno-comma -Wno-block-capture-autoreleasing -Wno-strict-prototypes -Wno-semicolon-before-method-body -index-store-path /Users/aadityasingh/Library/Developer/Xcode/DerivedData/Chatlio-erkyzdeecsohoaggpwbjdvavzqfv/Index.noindex/DataStore @/Users/aadityasingh/Library/Developer/Xcode/DerivedData/Chatlio-erkyzdeecsohoaggpwbjdvavzqfv/Build/Intermediates.noindex/DTFoundation.build/Debug-iphonesimulator/DTFoundation.build/Objects-normal/x86_64/e6072d4f65d7061329687fe24e3d63a7-common-args.resp -MMD -MT dependencies -MF /Users/aadityasingh/Library/Developer/Xcode/DerivedData/Chatlio-erkyzdeecsohoaggpwbjdvavzqfv/Build/Intermediates.noindex/DTFoundation.build/Debug-iphonesimulator/DTFoundation.build/Objects-normal/x86_64/NSView+DTAutoLayout.d --serialize-diagnostics /Users/aadityasingh/Library/Developer/Xcode/DerivedData/Chatlio-erkyzdeecsohoaggpwbjdvavzqfv/Build/Intermediates.noindex/DTFoundation.build/Debug-iphonesimulator/DTFoundation.build/Objects-normal/x86_64/NSView+DTAutoLayout.dia -c /Users/aadityasingh/Library/Developer/Xcode/DerivedData/Chatlio-erkyzdeecsohoaggpwbjdvavzqfv/SourcePackages/checkouts/DTFoundation/Core/Source/OSX/NSView+DTAutoLayout.m -o /Users/aadityasingh/Library/Developer/Xcode/DerivedData/Chatlio-erkyzdeecsohoaggpwbjdvavzqfv/Build/Intermediates.noindex/DTFoundation.build/Debug-iphonesimulator/DTFoundation.build/Objects-normal/x86_64/NSView+DTAutoLayout.o -index-unit-output-path /DTFoundation.build/Debug-iphonesimulator/DTFoundation.build/Objects-normal/x86_64/NSView+DTAutoLayout.o

ScanDependencies /Users/aadityasingh/Library/Developer/Xcode/DerivedData/Chatlio-erkyzdeecsohoaggpwbjdvavzqfv/Build/Intermediates.noindex/DTFoundation.build/Debug-iphonesimulator/DTFoundation.build/Objects-normal/x86_64/NSValue+DTConversion.o /Users/aadityasingh/Library/Developer/Xcode/DerivedData/Chatlio-erkyzdeecsohoaggpwbjdvavzqfv/SourcePackages/checkouts/DTFoundation/Core/Source/OSX/NSValue+DTConversion.m normal x86_64 objective-c com.apple.compilers.llvm.clang.1_0.compiler (in target 'DTFoundation' from project 'DTFoundation')
    cd /Users/aadityasingh/Documents/Development/element-x-ios/Chatlio.xcodeproj
    
    Using response file: /Users/aadityasingh/Library/Developer/Xcode/DerivedData/Chatlio-erkyzdeecsohoaggpwbjdvavzqfv/Build/Intermediates.noindex/DTFoundation.build/Debug-iphonesimulator/DTFoundation.build/Objects-normal/x86_64/e6072d4f65d7061329687fe24e3d63a7-common-args.resp
    
    builtin-ScanDependencies -o /Users/aadityasingh/Library/Developer/Xcode/DerivedData/Chatlio-erkyzdeecsohoaggpwbjdvavzqfv/Build/Intermediates.noindex/DTFoundation.build/Debug-iphonesimulator/DTFoundation.build/Objects-normal/x86_64/NSValue+DTConversion.o.scan -- /Applications/Xcode.app/Contents/Developer/Toolchains/XcodeDefault.xctoolchain/usr/bin/clang -x objective-c -ivfsstatcache /Users/aadityasingh/Library/Developer/Xcode/DerivedData/SDKStatCaches.noindex/iphonesimulator26.4-23E252-686eebb5dc1d8ecb277353a59184f4aa.sdkstatcache -target x86_64-apple-ios12.0-simulator -fmessage-length\=0 -fdiagnostics-show-note-include-stack -fmacro-backtrace-limit\=0 -fno-color-diagnostics -fmodules-prune-interval\=86400 -fmodules-prune-after\=345600 -fbuild-session-file\=/Users/aadityasingh/Library/Developer/Xcode/DerivedData/ModuleCache.noindex/Session.modulevalidation -fmodules-validate-once-per-build-session -Wnon-modular-include-in-framework-module -Werror\=non-modular-include-in-framework-module -Wno-trigraphs -Wno-missing-field-initializers -Wno-missing-prototypes -Wno-return-type -Wno-implicit-atomic-properties -Wno-objc-interface-ivars -Wno-arc-repeated-use-of-weak -Wno-missing-braces -Wparentheses -Wswitch -Wno-unused-function -Wno-unused-label -Wno-unused-parameter -Wno-unused-variable -Wunused-value -Wno-empty-body -Wno-uninitialized -Wno-unknown-pragmas -w -Wno-shadow -Wno-four-char-constants -Wno-conversion -Wno-constant-conversion -Wno-int-conversion -Wno-bool-conversion -Wno-enum-conversion -Wno-float-conversion -Wno-non-literal-null-conversion -Wno-objc-literal-conversion -Wshorten-64-to-32 -Wpointer-sign -Wno-newline-eof -Wno-selector -Wno-strict-selector-match -Wno-undeclared-selector -Wno-deprecated-implementations -Wno-implicit-fallthrough -isysroot /Applications/Xcode.app/Contents/Developer/Platforms/iPhoneSimulator.platform/Developer/SDKs/iPhoneSimulator26.4.sdk -fstrict-aliasing -Wprotocol -Wdeprecated-declarations -Wno-sign-conversion -Wno-infinite-recursion -Wno-comma -Wno-block-capture-autoreleasing -Wno-strict-prototypes -Wno-semicolon-before-method-body -index-store-path /Users/aadityasingh/Library/Developer/Xcode/DerivedData/Chatlio-erkyzdeecsohoaggpwbjdvavzqfv/Index.noindex/DataStore @/Users/aadityasingh/Library/Developer/Xcode/DerivedData/Chatlio-erkyzdeecsohoaggpwbjdvavzqfv/Build/Intermediates.noindex/DTFoundation.build/Debug-iphonesimulator/DTFoundation.build/Objects-normal/x86_64/e6072d4f65d7061329687fe24e3d63a7-common-args.resp -MMD -MT dependencies -MF /Users/aadityasingh/Library/Developer/Xcode/DerivedData/Chatlio-erkyzdeecsohoaggpwbjdvavzqfv/Build/Intermediates.noindex/DTFoundation.build/Debug-iphonesimulator/DTFoundation.build/Objects-normal/x86_64/NSValue+DTConversion.d --serialize-diagnostics /Users/aadityasingh/Library/Developer/Xcode/DerivedData/Chatlio-erkyzdeecsohoaggpwbjdvavzqfv/Build/Intermediates.noindex/DTFoundation.build/Debug-iphonesimulator/DTFoundation.build/Objects-normal/x86_64/NSValue+DTConversion.dia -c /Users/aadityasingh/Library/Developer/Xcode/DerivedData/Chatlio-erkyzdeecsohoaggpwbjdvavzqfv/SourcePackages/checkouts/DTFoundation/Core/Source/OSX/NSValue+DTConversion.m -o /Users/aadityasingh/Library/Developer/Xcode/DerivedData/Chatlio-erkyzdeecsohoaggpwbjdvavzqfv/Build/Intermediates.noindex/DTFoundation.build/Debug-iphonesimulator/DTFoundation.build/Objects-normal/x86_64/NSValue+DTConversion.o -index-unit-output-path /DTFoundation.build/Debug-iphonesimulator/DTFoundation.build/Objects-normal/x86_64/NSValue+DTConversion.o

PrecompileModule /Users/aadityasingh/Library/Developer/Xcode/DerivedData/Chatlio-erkyzdeecsohoaggpwbjdvavzqfv/Build/Intermediates.noindex/ExplicitPrecompiledModules/_Builtin_stdarg-D365QKBWVZOCYD7BYAA527DR5.scan
    cd /
    builtin-precompileModule /Users/aadityasingh/Library/Developer/Xcode/DerivedData/Chatlio-erkyzdeecsohoaggpwbjdvavzqfv/Build/Intermediates.noindex/ExplicitPrecompiledModules/_Builtin_stdarg-D365QKBWVZOCYD7BYAA527DR5.scan

PrecompileModule /Users/aadityasingh/Library/Developer/Xcode/DerivedData/Chatlio-erkyzdeecsohoaggpwbjdvavzqfv/Build/Intermediates.noindex/ExplicitPrecompiledModules/_Builtin_stdbool-AQ69AB4OX4XP1NO2EMJP87OVQ.scan
    cd /
    builtin-precompileModule /Users/aadityasingh/Library/Developer/Xcode/DerivedData/Chatlio-erkyzdeecsohoaggpwbjdvavzqfv/Build/Intermediates.noindex/ExplicitPrecompiledModules/_Builtin_stdbool-AQ69AB4OX4XP1NO2EMJP87OVQ.scan

PrecompileModule /Users/aadityasingh/Library/Developer/Xcode/DerivedData/Chatlio-erkyzdeecsohoaggpwbjdvavzqfv/Build/Intermediates.noindex/ExplicitPrecompiledModules/_AvailabilityInternal-BQV03NRUTBBWAW534NV4DU7WU.scan
    cd /
    builtin-precompileModule /Users/aadityasingh/Library/Developer/Xcode/DerivedData/Chatlio-erkyzdeecsohoaggpwbjdvavzqfv/Build/Intermediates.noindex/ExplicitPrecompiledModules/_AvailabilityInternal-BQV03NRUTBBWAW534NV4DU7WU.scan

PrecompileModule /Users/aadityasingh/Library/Developer/Xcode/DerivedData/Chatlio-erkyzdeecsohoaggpwbjdvavzqfv/Build/Intermediates.noindex/ExplicitPrecompiledModules/_Builtin_float-B3LEO3LA21K2Y6KG7PUVHWJA8.scan
    cd /
    builtin-precompileModule /Users/aadityasingh/Library/Developer/Xcode/DerivedData/Chatlio-erkyzdeecsohoaggpwbjdvavzqfv/Build/Intermediates.noindex/ExplicitPrecompiledModules/_Builtin_float-B3LEO3LA21K2Y6KG7PUVHWJA8.scan

PrecompileModule /Users/aadityasingh/Library/Developer/Xcode/DerivedData/Chatlio-erkyzdeecsohoaggpwbjdvavzqfv/Build/Intermediates.noindex/ExplicitPrecompiledModules/ptrcheck-HMYFO5A7KWG79UBUZH8XIAMI.scan
    cd /
    builtin-precompileModule /Users/aadityasingh/Library/Developer/Xcode/DerivedData/Chatlio-erkyzdeecsohoaggpwbjdvavzqfv/Build/Intermediates.noindex/ExplicitPrecompiledModules/ptrcheck-HMYFO5A7KWG79UBUZH8XIAMI.scan

PrecompileModule /Users/aadityasingh/Library/Developer/Xcode/DerivedData/Chatlio-erkyzdeecsohoaggpwbjdvavzqfv/Build/Intermediates.noindex/ExplicitPrecompiledModules/ptrauth-CVIO3NL6PW2JU6D3J8TPZ5F7S.scan
    cd /
    builtin-precompileModule /Users/aadityasingh/Library/Developer/Xcode/DerivedData/Chatlio-erkyzdeecsohoaggpwbjdvavzqfv/Build/Intermediates.noindex/ExplicitPrecompiledModules/ptrauth-CVIO3NL6PW2JU6D3J8TPZ5F7S.scan

PrecompileModule /Users/aadityasingh/Library/Developer/Xcode/DerivedData/Chatlio-erkyzdeecsohoaggpwbjdvavzqfv/Build/Intermediates.noindex/ExplicitPrecompiledModules/_Builtin_stddef-3RJ5DQIP8A8WEJV0RHB82S70G.scan
    cd /
    builtin-precompileModule /Users/aadityasingh/Library/Developer/Xcode/DerivedData/Chatlio-erkyzdeecsohoaggpwbjdvavzqfv/Build/Intermediates.noindex/ExplicitPrecompiledModules/_Builtin_stddef-3RJ5DQIP8A8WEJV0RHB82S70G.scan

PrecompileModule /Users/aadityasingh/Library/Developer/Xcode/DerivedData/Chatlio-erkyzdeecsohoaggpwbjdvavzqfv/Build/Intermediates.noindex/ExplicitPrecompiledModules/_DarwinFoundation3-96F5M3NT9C0D24H9VXBWJSTAM.scan
    cd /
    builtin-precompileModule /Users/aadityasingh/Library/Developer/Xcode/DerivedData/Chatlio-erkyzdeecsohoaggpwbjdvavzqfv/Build/Intermediates.noindex/ExplicitPrecompiledModules/_DarwinFoundation3-96F5M3NT9C0D24H9VXBWJSTAM.scan

ScanDependencies /Users/aadityasingh/Library/Developer/Xcode/DerivedData/Chatlio-erkyzdeecsohoaggpwbjdvavzqfv/Build/Intermediates.noindex/DTFoundation.build/Debug-iphonesimulator/DTFoundation.build/Objects-normal/x86_64/NSURL+DTUnshorten.o /Users/aadityasingh/Library/Developer/Xcode/DerivedData/Chatlio-erkyzdeecsohoaggpwbjdvavzqfv/SourcePackages/checkouts/DTFoundation/Core/Source/NSURL+DTUnshorten.m normal x86_64 objective-c com.apple.compilers.llvm.clang.1_0.compiler (in target 'DTFoundation' from project 'DTFoundation')
    cd /Users/aadityasingh/Documents/Development/element-x-ios/Chatlio.xcodeproj
    
    Using response file: /Users/aadityasingh/Library/Developer/Xcode/DerivedData/Chatlio-erkyzdeecsohoaggpwbjdvavzqfv/Build/Intermediates.noindex/DTFoundation.build/Debug-iphonesimulator/DTFoundation.build/Objects-normal/x86_64/e6072d4f65d7061329687fe24e3d63a7-common-args.resp
    
    builtin-ScanDependencies -o /Users/aadityasingh/Library/Developer/Xcode/DerivedData/Chatlio-erkyzdeecsohoaggpwbjdvavzqfv/Build/Intermediates.noindex/DTFoundation.build/Debug-iphonesimulator/DTFoundation.build/Objects-normal/x86_64/NSURL+DTUnshorten.o.scan -- /Applications/Xcode.app/Contents/Developer/Toolchains/XcodeDefault.xctoolchain/usr/bin/clang -x objective-c -ivfsstatcache /Users/aadityasingh/Library/Developer/Xcode/DerivedData/SDKStatCaches.noindex/iphonesimulator26.4-23E252-686eebb5dc1d8ecb277353a59184f4aa.sdkstatcache -target x86_64-apple-ios12.0-simulator -fmessage-length\=0 -fdiagnostics-show-note-include-stack -fmacro-backtrace-limit\=0 -fno-color-diagnostics -fmodules-prune-interval\=86400 -fmodules-prune-after\=345600 -fbuild-session-file\=/Users/aadityasingh/Library/Developer/Xcode/DerivedData/ModuleCache.noindex/Session.modulevalidation -fmodules-validate-once-per-build-session -Wnon-modular-include-in-framework-module -Werror\=non-modular-include-in-framework-module -Wno-trigraphs -Wno-missing-field-initializers -Wno-missing-prototypes -Wno-return-type -Wno-implicit-atomic-properties -Wno-objc-interface-ivars -Wno-arc-repeated-use-of-weak -Wno-missing-braces -Wparentheses -Wswitch -Wno-unused-function -Wno-unused-label -Wno-unused-parameter -Wno-unused-variable -Wunused-value -Wno-empty-body -Wno-uninitialized -Wno-unknown-pragmas -w -Wno-shadow -Wno-four-char-constants -Wno-conversion -Wno-constant-conversion -Wno-int-conversion -Wno-bool-conversion -Wno-enum-conversion -Wno-float-conversion -Wno-non-literal-null-conversion -Wno-objc-literal-conversion -Wshorten-64-to-32 -Wpointer-sign -Wno-newline-eof -Wno-selector -Wno-strict-selector-match -Wno-undeclared-selector -Wno-deprecated-implementations -Wno-implicit-fallthrough -isysroot /Applications/Xcode.app/Contents/Developer/Platforms/iPhoneSimulator.platform/Developer/SDKs/iPhoneSimulator26.4.sdk -fstrict-aliasing -Wprotocol -Wdeprecated-declarations -Wno-sign-conversion -Wno-infinite-recursion -Wno-comma -Wno-block-capture-autoreleasing -Wno-strict-prototypes -Wno-semicolon-before-method-body -index-store-path /Users/aadityasingh/Library/Developer/Xcode/DerivedData/Chatlio-erkyzdeecsohoaggpwbjdvavzqfv/Index.noindex/DataStore @/Users/aadityasingh/Library/Developer/Xcode/DerivedData/Chatlio-erkyzdeecsohoaggpwbjdvavzqfv/Build/Intermediates.noindex/DTFoundation.build/Debug-iphonesimulator/DTFoundation.build/Objects-normal/x86_64/e6072d4f65d7061329687fe24e3d63a7-common-args.resp -MMD -MT dependencies -MF /Users/aadityasingh/Library/Developer/Xcode/DerivedData/Chatlio-erkyzdeecsohoaggpwbjdvavzqfv/Build/Intermediates.noindex/DTFoundation.build/Debug-iphonesimulator/DTFoundation.build/Objects-normal/x86_64/NSURL+DTUnshorten.d --serialize-diagnostics /Users/aadityasingh/Library/Developer/Xcode/DerivedData/Chatlio-erkyzdeecsohoaggpwbjdvavzqfv/Build/Intermediates.noindex/DTFoundation.build/Debug-iphonesimulator/DTFoundation.build/Objects-normal/x86_64/NSURL+DTUnshorten.dia -c /Users/aadityasingh/Library/Developer/Xcode/DerivedData/Chatlio-erkyzdeecsohoaggpwbjdvavzqfv/SourcePackages/checkouts/DTFoundation/Core/Source/NSURL+DTUnshorten.m -o /Users/aadityasingh/Library/Developer/Xcode/DerivedData/Chatlio-erkyzdeecsohoaggpwbjdvavzqfv/Build/Intermediates.noindex/DTFoundation.build/Debug-iphonesimulator/DTFoundation.build/Objects-normal/x86_64/NSURL+DTUnshorten.o -index-unit-output-path /DTFoundation.build/Debug-iphonesimulator/DTFoundation.build/Objects-normal/x86_64/NSURL+DTUnshorten.o

ScanDependencies /Users/aadityasingh/Library/Developer/Xcode/DerivedData/Chatlio-erkyzdeecsohoaggpwbjdvavzqfv/Build/Intermediates.noindex/DTFoundation.build/Debug-iphonesimulator/DTFoundation.build/Objects-normal/x86_64/NSURL+DTComparing.o /Users/aadityasingh/Library/Developer/Xcode/DerivedData/Chatlio-erkyzdeecsohoaggpwbjdvavzqfv/SourcePackages/checkouts/DTFoundation/Core/Source/NSURL+DTComparing.m normal x86_64 objective-c com.apple.compilers.llvm.clang.1_0.compiler (in target 'DTFoundation' from project 'DTFoundation')
    cd /Users/aadityasingh/Documents/Development/element-x-ios/Chatlio.xcodeproj
    
    Using response file: /Users/aadityasingh/Library/Developer/Xcode/DerivedData/Chatlio-erkyzdeecsohoaggpwbjdvavzqfv/Build/Intermediates.noindex/DTFoundation.build/Debug-iphonesimulator/DTFoundation.build/Objects-normal/x86_64/e6072d4f65d7061329687fe24e3d63a7-common-args.resp
    
    builtin-ScanDependencies -o /Users/aadityasingh/Library/Developer/Xcode/DerivedData/Chatlio-erkyzdeecsohoaggpwbjdvavzqfv/Build/Intermediates.noindex/DTFoundation.build/Debug-iphonesimulator/DTFoundation.build/Objects-normal/x86_64/NSURL+DTComparing.o.scan -- /Applications/Xcode.app/Contents/Developer/Toolchains/XcodeDefault.xctoolchain/usr/bin/clang -x objective-c -ivfsstatcache /Users/aadityasingh/Library/Developer/Xcode/DerivedData/SDKStatCaches.noindex/iphonesimulator26.4-23E252-686eebb5dc1d8ecb277353a59184f4aa.sdkstatcache -target x86_64-apple-ios12.0-simulator -fmessage-length\=0 -fdiagnostics-show-note-include-stack -fmacro-backtrace-limit\=0 -fno-color-diagnostics -fmodules-prune-interval\=86400 -fmodules-prune-after\=345600 -fbuild-session-file\=/Users/aadityasingh/Library/Developer/Xcode/DerivedData/ModuleCache.noindex/Session.modulevalidation -fmodules-validate-once-per-build-session -Wnon-modular-include-in-framework-module -Werror\=non-modular-include-in-framework-module -Wno-trigraphs -Wno-missing-field-initializers -Wno-missing-prototypes -Wno-return-type -Wno-implicit-atomic-properties -Wno-objc-interface-ivars -Wno-arc-repeated-use-of-weak -Wno-missing-braces -Wparentheses -Wswitch -Wno-unused-function -Wno-unused-label -Wno-unused-parameter -Wno-unused-variable -Wunused-value -Wno-empty-body -Wno-uninitialized -Wno-unknown-pragmas -w -Wno-shadow -Wno-four-char-constants -Wno-conversion -Wno-constant-conversion -Wno-int-conversion -Wno-bool-conversion -Wno-enum-conversion -Wno-float-conversion -Wno-non-literal-null-conversion -Wno-objc-literal-conversion -Wshorten-64-to-32 -Wpointer-sign -Wno-newline-eof -Wno-selector -Wno-strict-selector-match -Wno-undeclared-selector -Wno-deprecated-implementations -Wno-implicit-fallthrough -isysroot /Applications/Xcode.app/Contents/Developer/Platforms/iPhoneSimulator.platform/Developer/SDKs/iPhoneSimulator26.4.sdk -fstrict-aliasing -Wprotocol -Wdeprecated-declarations -Wno-sign-conversion -Wno-infinite-recursion -Wno-comma -Wno-block-capture-autoreleasing -Wno-strict-prototypes -Wno-semicolon-before-method-body -index-store-path /Users/aadityasingh/Library/Developer/Xcode/DerivedData/Chatlio-erkyzdeecsohoaggpwbjdvavzqfv/Index.noindex/DataStore @/Users/aadityasingh/Library/Developer/Xcode/DerivedData/Chatlio-erkyzdeecsohoaggpwbjdvavzqfv/Build/Intermediates.noindex/DTFoundation.build/Debug-iphonesimulator/DTFoundation.build/Objects-normal/x86_64/e6072d4f65d7061329687fe24e3d63a7-common-args.resp -MMD -MT dependencies -MF /Users/aadityasingh/Library/Developer/Xcode/DerivedData/Chatlio-erkyzdeecsohoaggpwbjdvavzqfv/Build/Intermediates.noindex/DTFoundation.build/Debug-iphonesimulator/DTFoundation.build/Objects-normal/x86_64/NSURL+DTComparing.d --serialize-diagnostics /Users/aadityasingh/Library/Developer/Xcode/DerivedData/Chatlio-erkyzdeecsohoaggpwbjdvavzqfv/Build/Intermediates.noindex/DTFoundation.build/Debug-iphonesimulator/DTFoundation.build/Objects-normal/x86_64/NSURL+DTComparing.dia -c /Users/aadityasingh/Library/Developer/Xcode/DerivedData/Chatlio-erkyzdeecsohoaggpwbjdvavzqfv/SourcePackages/checkouts/DTFoundation/Core/Source/NSURL+DTComparing.m -o /Users/aadityasingh/Library/Developer/Xcode/DerivedData/Chatlio-erkyzdeecsohoaggpwbjdvavzqfv/Build/Intermediates.noindex/DTFoundation.build/Debug-iphonesimulator/DTFoundation.build/Objects-normal/x86_64/NSURL+DTComparing.o -index-unit-output-path /DTFoundation.build/Debug-iphonesimulator/DTFoundation.build/Objects-normal/x86_64/NSURL+DTComparing.o

ScanDependencies /Users/aadityasingh/Library/Developer/Xcode/DerivedData/Chatlio-erkyzdeecsohoaggpwbjdvavzqfv/Build/Intermediates.noindex/DTFoundation.build/Debug-iphonesimulator/DTFoundation.build/Objects-normal/x86_64/NSURL+DTAppLinks.o /Users/aadityasingh/Library/Developer/Xcode/DerivedData/Chatlio-erkyzdeecsohoaggpwbjdvavzqfv/SourcePackages/checkouts/DTFoundation/Core/Source/iOS/NSURL+DTAppLinks.m normal x86_64 objective-c com.apple.compilers.llvm.clang.1_0.compiler (in target 'DTFoundation' from project 'DTFoundation')
    cd /Users/aadityasingh/Documents/Development/element-x-ios/Chatlio.xcodeproj
    
    Using response file: /Users/aadityasingh/Library/Developer/Xcode/DerivedData/Chatlio-erkyzdeecsohoaggpwbjdvavzqfv/Build/Intermediates.noindex/DTFoundation.build/Debug-iphonesimulator/DTFoundation.build/Objects-normal/x86_64/e6072d4f65d7061329687fe24e3d63a7-common-args.resp
    
    builtin-ScanDependencies -o /Users/aadityasingh/Library/Developer/Xcode/DerivedData/Chatlio-erkyzdeecsohoaggpwbjdvavzqfv/Build/Intermediates.noindex/DTFoundation.build/Debug-iphonesimulator/DTFoundation.build/Objects-normal/x86_64/NSURL+DTAppLinks.o.scan -- /Applications/Xcode.app/Contents/Developer/Toolchains/XcodeDefault.xctoolchain/usr/bin/clang -x objective-c -ivfsstatcache /Users/aadityasingh/Library/Developer/Xcode/DerivedData/SDKStatCaches.noindex/iphonesimulator26.4-23E252-686eebb5dc1d8ecb277353a59184f4aa.sdkstatcache -target x86_64-apple-ios12.0-simulator -fmessage-length\=0 -fdiagnostics-show-note-include-stack -fmacro-backtrace-limit\=0 -fno-color-diagnostics -fmodules-prune-interval\=86400 -fmodules-prune-after\=345600 -fbuild-session-file\=/Users/aadityasingh/Library/Developer/Xcode/DerivedData/ModuleCache.noindex/Session.modulevalidation -fmodules-validate-once-per-build-session -Wnon-modular-include-in-framework-module -Werror\=non-modular-include-in-framework-module -Wno-trigraphs -Wno-missing-field-initializers -Wno-missing-prototypes -Wno-return-type -Wno-implicit-atomic-properties -Wno-objc-interface-ivars -Wno-arc-repeated-use-of-weak -Wno-missing-braces -Wparentheses -Wswitch -Wno-unused-function -Wno-unused-label -Wno-unused-parameter -Wno-unused-variable -Wunused-value -Wno-empty-body -Wno-uninitialized -Wno-unknown-pragmas -w -Wno-shadow -Wno-four-char-constants -Wno-conversion -Wno-constant-conversion -Wno-int-conversion -Wno-bool-conversion -Wno-enum-conversion -Wno-float-conversion -Wno-non-literal-null-conversion -Wno-objc-literal-conversion -Wshorten-64-to-32 -Wpointer-sign -Wno-newline-eof -Wno-selector -Wno-strict-selector-match -Wno-undeclared-selector -Wno-deprecated-implementations -Wno-implicit-fallthrough -isysroot /Applications/Xcode.app/Contents/Developer/Platforms/iPhoneSimulator.platform/Developer/SDKs/iPhoneSimulator26.4.sdk -fstrict-aliasing -Wprotocol -Wdeprecated-declarations -Wno-sign-conversion -Wno-infinite-recursion -Wno-comma -Wno-block-capture-autoreleasing -Wno-strict-prototypes -Wno-semicolon-before-method-body -index-store-path /Users/aadityasingh/Library/Developer/Xcode/DerivedData/Chatlio-erkyzdeecsohoaggpwbjdvavzqfv/Index.noindex/DataStore @/Users/aadityasingh/Library/Developer/Xcode/DerivedData/Chatlio-erkyzdeecsohoaggpwbjdvavzqfv/Build/Intermediates.noindex/DTFoundation.build/Debug-iphonesimulator/DTFoundation.build/Objects-normal/x86_64/e6072d4f65d7061329687fe24e3d63a7-common-args.resp -MMD -MT dependencies -MF /Users/aadityasingh/Library/Developer/Xcode/DerivedData/Chatlio-erkyzdeecsohoaggpwbjdvavzqfv/Build/Intermediates.noindex/DTFoundation.build/Debug-iphonesimulator/DTFoundation.build/Objects-normal/x86_64/NSURL+DTAppLinks.d --serialize-diagnostics /Users/aadityasingh/Library/Developer/Xcode/DerivedData/Chatlio-erkyzdeecsohoaggpwbjdvavzqfv/Build/Intermediates.noindex/DTFoundation.build/Debug-iphonesimulator/DTFoundation.build/Objects-normal/x86_64/NSURL+DTAppLinks.dia -c /Users/aadityasingh/Library/Developer/Xcode/DerivedData/Chatlio-erkyzdeecsohoaggpwbjdvavzqfv/SourcePackages/checkouts/DTFoundation/Core/Source/iOS/NSURL+DTAppLinks.m -o /Users/aadityasingh/Library/Developer/Xcode/DerivedData/Chatlio-erkyzdeecsohoaggpwbjdvavzqfv/Build/Intermediates.noindex/DTFoundation.build/Debug-iphonesimulator/DTFoundation.build/Objects-normal/x86_64/NSURL+DTAppLinks.o -index-unit-output-path /DTFoundation.build/Debug-iphonesimulator/DTFoundation.build/Objects-normal/x86_64/NSURL+DTAppLinks.o

ScanDependencies /Users/aadityasingh/Library/Developer/Xcode/DerivedData/Chatlio-erkyzdeecsohoaggpwbjdvavzqfv/Build/Intermediates.noindex/DTFoundation.build/Debug-iphonesimulator/DTFoundation.build/Objects-normal/x86_64/NSURL+DTAWS.o /Users/aadityasingh/Library/Developer/Xcode/DerivedData/Chatlio-erkyzdeecsohoaggpwbjdvavzqfv/SourcePackages/checkouts/DTFoundation/Core/Source/DTAWS/NSURL+DTAWS.m normal x86_64 objective-c com.apple.compilers.llvm.clang.1_0.compiler (in target 'DTFoundation' from project 'DTFoundation')
    cd /Users/aadityasingh/Documents/Development/element-x-ios/Chatlio.xcodeproj
    
    Using response file: /Users/aadityasingh/Library/Developer/Xcode/DerivedData/Chatlio-erkyzdeecsohoaggpwbjdvavzqfv/Build/Intermediates.noindex/DTFoundation.build/Debug-iphonesimulator/DTFoundation.build/Objects-normal/x86_64/e6072d4f65d7061329687fe24e3d63a7-common-args.resp
    
    builtin-ScanDependencies -o /Users/aadityasingh/Library/Developer/Xcode/DerivedData/Chatlio-erkyzdeecsohoaggpwbjdvavzqfv/Build/Intermediates.noindex/DTFoundation.build/Debug-iphonesimulator/DTFoundation.build/Objects-normal/x86_64/NSURL+DTAWS.o.scan -- /Applications/Xcode.app/Contents/Developer/Toolchains/XcodeDefault.xctoolchain/usr/bin/clang -x objective-c -ivfsstatcache /Users/aadityasingh/Library/Developer/Xcode/DerivedData/SDKStatCaches.noindex/iphonesimulator26.4-23E252-686eebb5dc1d8ecb277353a59184f4aa.sdkstatcache -target x86_64-apple-ios12.0-simulator -fmessage-length\=0 -fdiagnostics-show-note-include-stack -fmacro-backtrace-limit\=0 -fno-color-diagnostics -fmodules-prune-interval\=86400 -fmodules-prune-after\=345600 -fbuild-session-file\=/Users/aadityasingh/Library/Developer/Xcode/DerivedData/ModuleCache.noindex/Session.modulevalidation -fmodules-validate-once-per-build-session -Wnon-modular-include-in-framework-module -Werror\=non-modular-include-in-framework-module -Wno-trigraphs -Wno-missing-field-initializers -Wno-missing-prototypes -Wno-return-type -Wno-implicit-atomic-properties -Wno-objc-interface-ivars -Wno-arc-repeated-use-of-weak -Wno-missing-braces -Wparentheses -Wswitch -Wno-unused-function -Wno-unused-label -Wno-unused-parameter -Wno-unused-variable -Wunused-value -Wno-empty-body -Wno-uninitialized -Wno-unknown-pragmas -w -Wno-shadow -Wno-four-char-constants -Wno-conversion -Wno-constant-conversion -Wno-int-conversion -Wno-bool-conversion -Wno-enum-conversion -Wno-float-conversion -Wno-non-literal-null-conversion -Wno-objc-literal-conversion -Wshorten-64-to-32 -Wpointer-sign -Wno-newline-eof -Wno-selector -Wno-strict-selector-match -Wno-undeclared-selector -Wno-deprecated-implementations -Wno-implicit-fallthrough -isysroot /Applications/Xcode.app/Contents/Developer/Platforms/iPhoneSimulator.platform/Developer/SDKs/iPhoneSimulator26.4.sdk -fstrict-aliasing -Wprotocol -Wdeprecated-declarations -Wno-sign-conversion -Wno-infinite-recursion -Wno-comma -Wno-block-capture-autoreleasing -Wno-strict-prototypes -Wno-semicolon-before-method-body -index-store-path /Users/aadityasingh/Library/Developer/Xcode/DerivedData/Chatlio-erkyzdeecsohoaggpwbjdvavzqfv/Index.noindex/DataStore @/Users/aadityasingh/Library/Developer/Xcode/DerivedData/Chatlio-erkyzdeecsohoaggpwbjdvavzqfv/Build/Intermediates.noindex/DTFoundation.build/Debug-iphonesimulator/DTFoundation.build/Objects-normal/x86_64/e6072d4f65d7061329687fe24e3d63a7-common-args.resp -MMD -MT dependencies -MF /Users/aadityasingh/Library/Developer/Xcode/DerivedData/Chatlio-erkyzdeecsohoaggpwbjdvavzqfv/Build/Intermediates.noindex/DTFoundation.build/Debug-iphonesimulator/DTFoundation.build/Objects-normal/x86_64/NSURL+DTAWS.d --serialize-diagnostics /Users/aadityasingh/Library/Developer/Xcode/DerivedData/Chatlio-erkyzdeecsohoaggpwbjdvavzqfv/Build/Intermediates.noindex/DTFoundation.build/Debug-iphonesimulator/DTFoundation.build/Objects-normal/x86_64/NSURL+DTAWS.dia -c /Users/aadityasingh/Library/Developer/Xcode/DerivedData/Chatlio-erkyzdeecsohoaggpwbjdvavzqfv/SourcePackages/checkouts/DTFoundation/Core/Source/DTAWS/NSURL+DTAWS.m -o /Users/aadityasingh/Library/Developer/Xcode/DerivedData/Chatlio-erkyzdeecsohoaggpwbjdvavzqfv/Build/Intermediates.noindex/DTFoundation.build/Debug-iphonesimulator/DTFoundation.build/Objects-normal/x86_64/NSURL+DTAWS.o -index-unit-output-path /DTFoundation.build/Debug-iphonesimulator/DTFoundation.build/Objects-normal/x86_64/NSURL+DTAWS.o

PrecompileModule /Users/aadityasingh/Library/Developer/Xcode/DerivedData/Chatlio-erkyzdeecsohoaggpwbjdvavzqfv/Build/Intermediates.noindex/ExplicitPrecompiledModules/_DarwinFoundation1-DAL8L4LY6W05YR1HYVL896D4E.scan
    cd /
    builtin-precompileModule /Users/aadityasingh/Library/Developer/Xcode/DerivedData/Chatlio-erkyzdeecsohoaggpwbjdvavzqfv/Build/Intermediates.noindex/ExplicitPrecompiledModules/_DarwinFoundation1-DAL8L4LY6W05YR1HYVL896D4E.scan

SwiftDriverJobDiscovery normal x86_64 Emitting module for Atomics (in target 'Atomics' from project 'swift-atomics')

SwiftDriver\ Compilation\ Requirements Atomics normal x86_64 com.apple.xcode.tools.swift.compiler (in target 'Atomics' from project 'swift-atomics')
    cd /Users/aadityasingh/Documents/Development/element-x-ios/Chatlio.xcodeproj
    builtin-Swift-Compilation-Requirements -- /Applications/Xcode.app/Contents/Developer/Toolchains/XcodeDefault.xctoolchain/usr/bin/swiftc -module-name Atomics -Onone @/Users/aadityasingh/Library/Developer/Xcode/DerivedData/Chatlio-erkyzdeecsohoaggpwbjdvavzqfv/Build/Intermediates.noindex/swift-atomics.build/Debug-iphonesimulator/Atomics.build/Objects-normal/x86_64/Atomics.SwiftFileList -DSWIFT_PACKAGE -DDEBUG -DSWIFT_MODULE_RESOURCE_BUNDLE_UNAVAILABLE -DXcode -enable-experimental-feature BuiltinModule -plugin-path /Applications/Xcode.app/Contents/Developer/Toolchains/XcodeDefault.xctoolchain/usr/lib/swift/host/plugins/testing -enable-experimental-feature DebugDescriptionMacro -sdk /Applications/Xcode.app/Contents/Developer/Platforms/iPhoneSimulator.platform/Developer/SDKs/iPhoneSimulator26.4.sdk -target x86_64-apple-ios12.0-simulator -g -module-cache-path /Users/aadityasingh/Library/Developer/Xcode/DerivedData/ModuleCache.noindex -Xfrontend -serialize-debugging-options -profile-coverage-mapping -profile-generate -enable-testing -suppress-warnings -index-store-path /Users/aadityasingh/Library/Developer/Xcode/DerivedData/Chatlio-erkyzdeecsohoaggpwbjdvavzqfv/Index.noindex/DataStore -Xcc -D_LIBCPP_HARDENING_MODE\=_LIBCPP_HARDENING_MODE_DEBUG -swift-version 5 -I /Users/aadityasingh/Library/Developer/Xcode/DerivedData/Chatlio-erkyzdeecsohoaggpwbjdvavzqfv/Build/Products/Debug-iphonesimulator -Isystem /Applications/Xcode.app/Contents/Developer/Platforms/iPhoneSimulator.platform/Developer/usr/lib -F /Users/aadityasingh/Library/Developer/Xcode/DerivedData/Chatlio-erkyzdeecsohoaggpwbjdvavzqfv/Build/Products/Debug-iphonesimulator/PackageFrameworks -F /Users/aadityasingh/Library/Developer/Xcode/DerivedData/Chatlio-erkyzdeecsohoaggpwbjdvavzqfv/Build/Products/Debug-iphonesimulator -F /Applications/Xcode.app/Contents/Developer/Platforms/iPhoneSimulator.platform/Developer/Library/Frameworks -F /Applications/Xcode.app/Contents/Developer/Platforms/iPhoneSimulator.platform/Developer/SDKs/iPhoneSimulator26.4.sdk/Developer/Library/Frameworks -c -j12 -enable-batch-mode -incremental -Xcc -ivfsstatcache -Xcc /Users/aadityasingh/Library/Developer/Xcode/DerivedData/SDKStatCaches.noindex/iphonesimulator26.4-23E252-686eebb5dc1d8ecb277353a59184f4aa.sdkstatcache -output-file-map /Users/aadityasingh/Library/Developer/Xcode/DerivedData/Chatlio-erkyzdeecsohoaggpwbjdvavzqfv/Build/Intermediates.noindex/swift-atomics.build/Debug-iphonesimulator/Atomics.build/Objects-normal/x86_64/Atomics-OutputFileMap.json -use-frontend-parseable-output -save-temps -no-color-diagnostics -explicit-module-build -module-cache-path /Users/aadityasingh/Library/Developer/Xcode/DerivedData/Chatlio-erkyzdeecsohoaggpwbjdvavzqfv/Build/Intermediates.noindex/SwiftExplicitPrecompiledModules -clang-scanner-module-cache-path /Users/aadityasingh/Library/Developer/Xcode/DerivedData/ModuleCache.noindex -sdk-module-cache-path /Users/aadityasingh/Library/Developer/Xcode/DerivedData/ModuleCache.noindex -serialize-diagnostics -emit-dependencies -emit-module -emit-module-path /Users/aadityasingh/Library/Developer/Xcode/DerivedData/Chatlio-erkyzdeecsohoaggpwbjdvavzqfv/Build/Intermediates.noindex/swift-atomics.build/Debug-iphonesimulator/Atomics.build/Objects-normal/x86_64/Atomics.swiftmodule -validate-clang-modules-once -clang-build-session-file /Users/aadityasingh/Library/Developer/Xcode/DerivedData/ModuleCache.noindex/Session.modulevalidation -package-name swift_atomics -Xcc -I/Users/aadityasingh/Library/Developer/Xcode/DerivedData/Chatlio-erkyzdeecsohoaggpwbjdvavzqfv/Build/Intermediates.noindex/swift-atomics.build/Debug-iphonesimulator/Atomics.build/swift-overrides.hmap -emit-const-values -Xfrontend -const-gather-protocols-file -Xfrontend /Users/aadityasingh/Library/Developer/Xcode/DerivedData/Chatlio-erkyzdeecsohoaggpwbjdvavzqfv/Build/Intermediates.noindex/swift-atomics.build/Debug-iphonesimulator/Atomics.build/Objects-normal/x86_64/Atomics_const_extract_protocols.json -Xcc -I/Users/aadityasingh/Library/Developer/Xcode/DerivedData/Chatlio-erkyzdeecsohoaggpwbjdvavzqfv/SourcePackages/checkouts/swift-atomics/Sources/_AtomicsShims/include -Xcc -I/Users/aadityasingh/Library/Developer/Xcode/DerivedData/Chatlio-erkyzdeecsohoaggpwbjdvavzqfv/Build/Products/Debug-iphonesimulator/include -Xcc -I/Users/aadityasingh/Library/Developer/Xcode/DerivedData/Chatlio-erkyzdeecsohoaggpwbjdvavzqfv/Build/Intermediates.noindex/swift-atomics.build/Debug-iphonesimulator/Atomics.build/DerivedSources-normal/x86_64 -Xcc -I/Users/aadityasingh/Library/Developer/Xcode/DerivedData/Chatlio-erkyzdeecsohoaggpwbjdvavzqfv/Build/Intermediates.noindex/swift-atomics.build/Debug-iphonesimulator/Atomics.build/DerivedSources/x86_64 -Xcc -I/Users/aadityasingh/Library/Developer/Xcode/DerivedData/Chatlio-erkyzdeecsohoaggpwbjdvavzqfv/Build/Intermediates.noindex/swift-atomics.build/Debug-iphonesimulator/Atomics.build/DerivedSources -Xcc -DSWIFT_PACKAGE -Xcc -DDEBUG\=1 -emit-objc-header -emit-objc-header-path /Users/aadityasingh/Library/Developer/Xcode/DerivedData/Chatlio-erkyzdeecsohoaggpwbjdvavzqfv/Build/Intermediates.noindex/swift-atomics.build/Debug-iphonesimulator/Atomics.build/Objects-normal/x86_64/Atomics-Swift.h -working-directory /Users/aadityasingh/Documents/Development/element-x-ios/Chatlio.xcodeproj -experimental-emit-module-separately -disable-cmo

ScanDependencies /Users/aadityasingh/Library/Developer/Xcode/DerivedData/Chatlio-erkyzdeecsohoaggpwbjdvavzqfv/Build/Intermediates.noindex/DTFoundation.build/Debug-iphonesimulator/DTFoundation.build/Objects-normal/x86_64/NSString+DTUtilities.o /Users/aadityasingh/Library/Developer/Xcode/DerivedData/Chatlio-erkyzdeecsohoaggpwbjdvavzqfv/SourcePackages/checkouts/DTFoundation/Core/Source/NSString+DTUtilities.m normal x86_64 objective-c com.apple.compilers.llvm.clang.1_0.compiler (in target 'DTFoundation' from project 'DTFoundation')
    cd /Users/aadityasingh/Documents/Development/element-x-ios/Chatlio.xcodeproj
    
    Using response file: /Users/aadityasingh/Library/Developer/Xcode/DerivedData/Chatlio-erkyzdeecsohoaggpwbjdvavzqfv/Build/Intermediates.noindex/DTFoundation.build/Debug-iphonesimulator/DTFoundation.build/Objects-normal/x86_64/e6072d4f65d7061329687fe24e3d63a7-common-args.resp
    
    builtin-ScanDependencies -o /Users/aadityasingh/Library/Developer/Xcode/DerivedData/Chatlio-erkyzdeecsohoaggpwbjdvavzqfv/Build/Intermediates.noindex/DTFoundation.build/Debug-iphonesimulator/DTFoundation.build/Objects-normal/x86_64/NSString+DTUtilities.o.scan -- /Applications/Xcode.app/Contents/Developer/Toolchains/XcodeDefault.xctoolchain/usr/bin/clang -x objective-c -ivfsstatcache /Users/aadityasingh/Library/Developer/Xcode/DerivedData/SDKStatCaches.noindex/iphonesimulator26.4-23E252-686eebb5dc1d8ecb277353a59184f4aa.sdkstatcache -target x86_64-apple-ios12.0-simulator -fmessage-length\=0 -fdiagnostics-show-note-include-stack -fmacro-backtrace-limit\=0 -fno-color-diagnostics -fmodules-prune-interval\=86400 -fmodules-prune-after\=345600 -fbuild-session-file\=/Users/aadityasingh/Library/Developer/Xcode/DerivedData/ModuleCache.noindex/Session.modulevalidation -fmodules-validate-once-per-build-session -Wnon-modular-include-in-framework-module -Werror\=non-modular-include-in-framework-module -Wno-trigraphs -Wno-missing-field-initializers -Wno-missing-prototypes -Wno-return-type -Wno-implicit-atomic-properties -Wno-objc-interface-ivars -Wno-arc-repeated-use-of-weak -Wno-missing-braces -Wparentheses -Wswitch -Wno-unused-function -Wno-unused-label -Wno-unused-parameter -Wno-unused-variable -Wunused-value -Wno-empty-body -Wno-uninitialized -Wno-unknown-pragmas -w -Wno-shadow -Wno-four-char-constants -Wno-conversion -Wno-constant-conversion -Wno-int-conversion -Wno-bool-conversion -Wno-enum-conversion -Wno-float-conversion -Wno-non-literal-null-conversion -Wno-objc-literal-conversion -Wshorten-64-to-32 -Wpointer-sign -Wno-newline-eof -Wno-selector -Wno-strict-selector-match -Wno-undeclared-selector -Wno-deprecated-implementations -Wno-implicit-fallthrough -isysroot /Applications/Xcode.app/Contents/Developer/Platforms/iPhoneSimulator.platform/Developer/SDKs/iPhoneSimulator26.4.sdk -fstrict-aliasing -Wprotocol -Wdeprecated-declarations -Wno-sign-conversion -Wno-infinite-recursion -Wno-comma -Wno-block-capture-autoreleasing -Wno-strict-prototypes -Wno-semicolon-before-method-body -index-store-path /Users/aadityasingh/Library/Developer/Xcode/DerivedData/Chatlio-erkyzdeecsohoaggpwbjdvavzqfv/Index.noindex/DataStore @/Users/aadityasingh/Library/Developer/Xcode/DerivedData/Chatlio-erkyzdeecsohoaggpwbjdvavzqfv/Build/Intermediates.noindex/DTFoundation.build/Debug-iphonesimulator/DTFoundation.build/Objects-normal/x86_64/e6072d4f65d7061329687fe24e3d63a7-common-args.resp -MMD -MT dependencies -MF /Users/aadityasingh/Library/Developer/Xcode/DerivedData/Chatlio-erkyzdeecsohoaggpwbjdvavzqfv/Build/Intermediates.noindex/DTFoundation.build/Debug-iphonesimulator/DTFoundation.build/Objects-normal/x86_64/NSString+DTUtilities.d --serialize-diagnostics /Users/aadityasingh/Library/Developer/Xcode/DerivedData/Chatlio-erkyzdeecsohoaggpwbjdvavzqfv/Build/Intermediates.noindex/DTFoundation.build/Debug-iphonesimulator/DTFoundation.build/Objects-normal/x86_64/NSString+DTUtilities.dia -c /Users/aadityasingh/Library/Developer/Xcode/DerivedData/Chatlio-erkyzdeecsohoaggpwbjdvavzqfv/SourcePackages/checkouts/DTFoundation/Core/Source/NSString+DTUtilities.m -o /Users/aadityasingh/Library/Developer/Xcode/DerivedData/Chatlio-erkyzdeecsohoaggpwbjdvavzqfv/Build/Intermediates.noindex/DTFoundation.build/Debug-iphonesimulator/DTFoundation.build/Objects-normal/x86_64/NSString+DTUtilities.o -index-unit-output-path /DTFoundation.build/Debug-iphonesimulator/DTFoundation.build/Objects-normal/x86_64/NSString+DTUtilities.o

Copy /Users/aadityasingh/Library/Developer/Xcode/DerivedData/Chatlio-erkyzdeecsohoaggpwbjdvavzqfv/Build/Products/Debug-iphonesimulator/Atomics.swiftmodule/x86_64-apple-ios-simulator.swiftmodule /Users/aadityasingh/Library/Developer/Xcode/DerivedData/Chatlio-erkyzdeecsohoaggpwbjdvavzqfv/Build/Intermediates.noindex/swift-atomics.build/Debug-iphonesimulator/Atomics.build/Objects-normal/x86_64/Atomics.swiftmodule (in target 'Atomics' from project 'swift-atomics')
    cd /Users/aadityasingh/Library/Developer/Xcode/DerivedData/Chatlio-erkyzdeecsohoaggpwbjdvavzqfv/SourcePackages/checkouts/swift-atomics
    builtin-copy -exclude .DS_Store -exclude CVS -exclude .svn -exclude .git -exclude .hg -resolve-src-symlinks -rename /Users/aadityasingh/Library/Developer/Xcode/DerivedData/Chatlio-erkyzdeecsohoaggpwbjdvavzqfv/Build/Intermediates.noindex/swift-atomics.build/Debug-iphonesimulator/Atomics.build/Objects-normal/x86_64/Atomics.swiftmodule /Users/aadityasingh/Library/Developer/Xcode/DerivedData/Chatlio-erkyzdeecsohoaggpwbjdvavzqfv/Build/Products/Debug-iphonesimulator/Atomics.swiftmodule/x86_64-apple-ios-simulator.swiftmodule

Copy /Users/aadityasingh/Library/Developer/Xcode/DerivedData/Chatlio-erkyzdeecsohoaggpwbjdvavzqfv/Build/Products/Debug-iphonesimulator/Atomics.swiftmodule/x86_64-apple-ios-simulator.swiftdoc /Users/aadityasingh/Library/Developer/Xcode/DerivedData/Chatlio-erkyzdeecsohoaggpwbjdvavzqfv/Build/Intermediates.noindex/swift-atomics.build/Debug-iphonesimulator/Atomics.build/Objects-normal/x86_64/Atomics.swiftdoc (in target 'Atomics' from project 'swift-atomics')
    cd /Users/aadityasingh/Library/Developer/Xcode/DerivedData/Chatlio-erkyzdeecsohoaggpwbjdvavzqfv/SourcePackages/checkouts/swift-atomics
    builtin-copy -exclude .DS_Store -exclude CVS -exclude .svn -exclude .git -exclude .hg -resolve-src-symlinks -rename /Users/aadityasingh/Library/Developer/Xcode/DerivedData/Chatlio-erkyzdeecsohoaggpwbjdvavzqfv/Build/Intermediates.noindex/swift-atomics.build/Debug-iphonesimulator/Atomics.build/Objects-normal/x86_64/Atomics.swiftdoc /Users/aadityasingh/Library/Developer/Xcode/DerivedData/Chatlio-erkyzdeecsohoaggpwbjdvavzqfv/Build/Products/Debug-iphonesimulator/Atomics.swiftmodule/x86_64-apple-ios-simulator.swiftdoc

Copy /Users/aadityasingh/Library/Developer/Xcode/DerivedData/Chatlio-erkyzdeecsohoaggpwbjdvavzqfv/Build/Products/Debug-iphonesimulator/Atomics.swiftmodule/x86_64-apple-ios-simulator.abi.json /Users/aadityasingh/Library/Developer/Xcode/DerivedData/Chatlio-erkyzdeecsohoaggpwbjdvavzqfv/Build/Intermediates.noindex/swift-atomics.build/Debug-iphonesimulator/Atomics.build/Objects-normal/x86_64/Atomics.abi.json (in target 'Atomics' from project 'swift-atomics')
    cd /Users/aadityasingh/Library/Developer/Xcode/DerivedData/Chatlio-erkyzdeecsohoaggpwbjdvavzqfv/SourcePackages/checkouts/swift-atomics
    builtin-copy -exclude .DS_Store -exclude CVS -exclude .svn -exclude .git -exclude .hg -resolve-src-symlinks -rename /Users/aadityasingh/Library/Developer/Xcode/DerivedData/Chatlio-erkyzdeecsohoaggpwbjdvavzqfv/Build/Intermediates.noindex/swift-atomics.build/Debug-iphonesimulator/Atomics.build/Objects-normal/x86_64/Atomics.abi.json /Users/aadityasingh/Library/Developer/Xcode/DerivedData/Chatlio-erkyzdeecsohoaggpwbjdvavzqfv/Build/Products/Debug-iphonesimulator/Atomics.swiftmodule/x86_64-apple-ios-simulator.abi.json

Copy /Users/aadityasingh/Library/Developer/Xcode/DerivedData/Chatlio-erkyzdeecsohoaggpwbjdvavzqfv/Build/Products/Debug-iphonesimulator/Atomics.swiftmodule/Project/x86_64-apple-ios-simulator.swiftsourceinfo /Users/aadityasingh/Library/Developer/Xcode/DerivedData/Chatlio-erkyzdeecsohoaggpwbjdvavzqfv/Build/Intermediates.noindex/swift-atomics.build/Debug-iphonesimulator/Atomics.build/Objects-normal/x86_64/Atomics.swiftsourceinfo (in target 'Atomics' from project 'swift-atomics')
    cd /Users/aadityasingh/Library/Developer/Xcode/DerivedData/Chatlio-erkyzdeecsohoaggpwbjdvavzqfv/SourcePackages/checkouts/swift-atomics
    builtin-copy -exclude .DS_Store -exclude CVS -exclude .svn -exclude .git -exclude .hg -resolve-src-symlinks -rename /Users/aadityasingh/Library/Developer/Xcode/DerivedData/Chatlio-erkyzdeecsohoaggpwbjdvavzqfv/Build/Intermediates.noindex/swift-atomics.build/Debug-iphonesimulator/Atomics.build/Objects-normal/x86_64/Atomics.swiftsourceinfo /Users/aadityasingh/Library/Developer/Xcode/DerivedData/Chatlio-erkyzdeecsohoaggpwbjdvavzqfv/Build/Products/Debug-iphonesimulator/Atomics.swiftmodule/Project/x86_64-apple-ios-simulator.swiftsourceinfo

ScanDependencies /Users/aadityasingh/Library/Developer/Xcode/DerivedData/Chatlio-erkyzdeecsohoaggpwbjdvavzqfv/Build/Intermediates.noindex/DTFoundation.build/Debug-iphonesimulator/DTFoundation.build/Objects-normal/x86_64/NSString+DTUTI.o /Users/aadityasingh/Library/Developer/Xcode/DerivedData/Chatlio-erkyzdeecsohoaggpwbjdvavzqfv/SourcePackages/checkouts/DTFoundation/Core/Source/DTUTI/NSString+DTUTI.m normal x86_64 objective-c com.apple.compilers.llvm.clang.1_0.compiler (in target 'DTFoundation' from project 'DTFoundation')
    cd /Users/aadityasingh/Documents/Development/element-x-ios/Chatlio.xcodeproj
    
    Using response file: /Users/aadityasingh/Library/Developer/Xcode/DerivedData/Chatlio-erkyzdeecsohoaggpwbjdvavzqfv/Build/Intermediates.noindex/DTFoundation.build/Debug-iphonesimulator/DTFoundation.build/Objects-normal/x86_64/e6072d4f65d7061329687fe24e3d63a7-common-args.resp
    
    builtin-ScanDependencies -o /Users/aadityasingh/Library/Developer/Xcode/DerivedData/Chatlio-erkyzdeecsohoaggpwbjdvavzqfv/Build/Intermediates.noindex/DTFoundation.build/Debug-iphonesimulator/DTFoundation.build/Objects-normal/x86_64/NSString+DTUTI.o.scan -- /Applications/Xcode.app/Contents/Developer/Toolchains/XcodeDefault.xctoolchain/usr/bin/clang -x objective-c -ivfsstatcache /Users/aadityasingh/Library/Developer/Xcode/DerivedData/SDKStatCaches.noindex/iphonesimulator26.4-23E252-686eebb5dc1d8ecb277353a59184f4aa.sdkstatcache -target x86_64-apple-ios12.0-simulator -fmessage-length\=0 -fdiagnostics-show-note-include-stack -fmacro-backtrace-limit\=0 -fno-color-diagnostics -fmodules-prune-interval\=86400 -fmodules-prune-after\=345600 -fbuild-session-file\=/Users/aadityasingh/Library/Developer/Xcode/DerivedData/ModuleCache.noindex/Session.modulevalidation -fmodules-validate-once-per-build-session -Wnon-modular-include-in-framework-module -Werror\=non-modular-include-in-framework-module -Wno-trigraphs -Wno-missing-field-initializers -Wno-missing-prototypes -Wno-return-type -Wno-implicit-atomic-properties -Wno-objc-interface-ivars -Wno-arc-repeated-use-of-weak -Wno-missing-braces -Wparentheses -Wswitch -Wno-unused-function -Wno-unused-label -Wno-unused-parameter -Wno-unused-variable -Wunused-value -Wno-empty-body -Wno-uninitialized -Wno-unknown-pragmas -w -Wno-shadow -Wno-four-char-constants -Wno-conversion -Wno-constant-conversion -Wno-int-conversion -Wno-bool-conversion -Wno-enum-conversion -Wno-float-conversion -Wno-non-literal-null-conversion -Wno-objc-literal-conversion -Wshorten-64-to-32 -Wpointer-sign -Wno-newline-eof -Wno-selector -Wno-strict-selector-match -Wno-undeclared-selector -Wno-deprecated-implementations -Wno-implicit-fallthrough -isysroot /Applications/Xcode.app/Contents/Developer/Platforms/iPhoneSimulator.platform/Developer/SDKs/iPhoneSimulator26.4.sdk -fstrict-aliasing -Wprotocol -Wdeprecated-declarations -Wno-sign-conversion -Wno-infinite-recursion -Wno-comma -Wno-block-capture-autoreleasing -Wno-strict-prototypes -Wno-semicolon-before-method-body -index-store-path /Users/aadityasingh/Library/Developer/Xcode/DerivedData/Chatlio-erkyzdeecsohoaggpwbjdvavzqfv/Index.noindex/DataStore @/Users/aadityasingh/Library/Developer/Xcode/DerivedData/Chatlio-erkyzdeecsohoaggpwbjdvavzqfv/Build/Intermediates.noindex/DTFoundation.build/Debug-iphonesimulator/DTFoundation.build/Objects-normal/x86_64/e6072d4f65d7061329687fe24e3d63a7-common-args.resp -MMD -MT dependencies -MF /Users/aadityasingh/Library/Developer/Xcode/DerivedData/Chatlio-erkyzdeecsohoaggpwbjdvavzqfv/Build/Intermediates.noindex/DTFoundation.build/Debug-iphonesimulator/DTFoundation.build/Objects-normal/x86_64/NSString+DTUTI.d --serialize-diagnostics /Users/aadityasingh/Library/Developer/Xcode/DerivedData/Chatlio-erkyzdeecsohoaggpwbjdvavzqfv/Build/Intermediates.noindex/DTFoundation.build/Debug-iphonesimulator/DTFoundation.build/Objects-normal/x86_64/NSString+DTUTI.dia -c /Users/aadityasingh/Library/Developer/Xcode/DerivedData/Chatlio-erkyzdeecsohoaggpwbjdvavzqfv/SourcePackages/checkouts/DTFoundation/Core/Source/DTUTI/NSString+DTUTI.m -o /Users/aadityasingh/Library/Developer/Xcode/DerivedData/Chatlio-erkyzdeecsohoaggpwbjdvavzqfv/Build/Intermediates.noindex/DTFoundation.build/Debug-iphonesimulator/DTFoundation.build/Objects-normal/x86_64/NSString+DTUTI.o -index-unit-output-path /DTFoundation.build/Debug-iphonesimulator/DTFoundation.build/Objects-normal/x86_64/NSString+DTUTI.o

ScanDependencies /Users/aadityasingh/Library/Developer/Xcode/DerivedData/Chatlio-erkyzdeecsohoaggpwbjdvavzqfv/Build/Intermediates.noindex/DTFoundation.build/Debug-iphonesimulator/DTFoundation.build/Objects-normal/x86_64/NSString+DTURLEncoding.o /Users/aadityasingh/Library/Developer/Xcode/DerivedData/Chatlio-erkyzdeecsohoaggpwbjdvavzqfv/SourcePackages/checkouts/DTFoundation/Core/Source/NSString+DTURLEncoding.m normal x86_64 objective-c com.apple.compilers.llvm.clang.1_0.compiler (in target 'DTFoundation' from project 'DTFoundation')
    cd /Users/aadityasingh/Documents/Development/element-x-ios/Chatlio.xcodeproj
    
    Using response file: /Users/aadityasingh/Library/Developer/Xcode/DerivedData/Chatlio-erkyzdeecsohoaggpwbjdvavzqfv/Build/Intermediates.noindex/DTFoundation.build/Debug-iphonesimulator/DTFoundation.build/Objects-normal/x86_64/e6072d4f65d7061329687fe24e3d63a7-common-args.resp
    
    builtin-ScanDependencies -o /Users/aadityasingh/Library/Developer/Xcode/DerivedData/Chatlio-erkyzdeecsohoaggpwbjdvavzqfv/Build/Intermediates.noindex/DTFoundation.build/Debug-iphonesimulator/DTFoundation.build/Objects-normal/x86_64/NSString+DTURLEncoding.o.scan -- /Applications/Xcode.app/Contents/Developer/Toolchains/XcodeDefault.xctoolchain/usr/bin/clang -x objective-c -ivfsstatcache /Users/aadityasingh/Library/Developer/Xcode/DerivedData/SDKStatCaches.noindex/iphonesimulator26.4-23E252-686eebb5dc1d8ecb277353a59184f4aa.sdkstatcache -target x86_64-apple-ios12.0-simulator -fmessage-length\=0 -fdiagnostics-show-note-include-stack -fmacro-backtrace-limit\=0 -fno-color-diagnostics -fmodules-prune-interval\=86400 -fmodules-prune-after\=345600 -fbuild-session-file\=/Users/aadityasingh/Library/Developer/Xcode/DerivedData/ModuleCache.noindex/Session.modulevalidation -fmodules-validate-once-per-build-session -Wnon-modular-include-in-framework-module -Werror\=non-modular-include-in-framework-module -Wno-trigraphs -Wno-missing-field-initializers -Wno-missing-prototypes -Wno-return-type -Wno-implicit-atomic-properties -Wno-objc-interface-ivars -Wno-arc-repeated-use-of-weak -Wno-missing-braces -Wparentheses -Wswitch -Wno-unused-function -Wno-unused-label -Wno-unused-parameter -Wno-unused-variable -Wunused-value -Wno-empty-body -Wno-uninitialized -Wno-unknown-pragmas -w -Wno-shadow -Wno-four-char-constants -Wno-conversion -Wno-constant-conversion -Wno-int-conversion -Wno-bool-conversion -Wno-enum-conversion -Wno-float-conversion -Wno-non-literal-null-conversion -Wno-objc-literal-conversion -Wshorten-64-to-32 -Wpointer-sign -Wno-newline-eof -Wno-selector -Wno-strict-selector-match -Wno-undeclared-selector -Wno-deprecated-implementations -Wno-implicit-fallthrough -isysroot /Applications/Xcode.app/Contents/Developer/Platforms/iPhoneSimulator.platform/Developer/SDKs/iPhoneSimulator26.4.sdk -fstrict-aliasing -Wprotocol -Wdeprecated-declarations -Wno-sign-conversion -Wno-infinite-recursion -Wno-comma -Wno-block-capture-autoreleasing -Wno-strict-prototypes -Wno-semicolon-before-method-body -index-store-path /Users/aadityasingh/Library/Developer/Xcode/DerivedData/Chatlio-erkyzdeecsohoaggpwbjdvavzqfv/Index.noindex/DataStore @/Users/aadityasingh/Library/Developer/Xcode/DerivedData/Chatlio-erkyzdeecsohoaggpwbjdvavzqfv/Build/Intermediates.noindex/DTFoundation.build/Debug-iphonesimulator/DTFoundation.build/Objects-normal/x86_64/e6072d4f65d7061329687fe24e3d63a7-common-args.resp -MMD -MT dependencies -MF /Users/aadityasingh/Library/Developer/Xcode/DerivedData/Chatlio-erkyzdeecsohoaggpwbjdvavzqfv/Build/Intermediates.noindex/DTFoundation.build/Debug-iphonesimulator/DTFoundation.build/Objects-normal/x86_64/NSString+DTURLEncoding.d --serialize-diagnostics /Users/aadityasingh/Library/Developer/Xcode/DerivedData/Chatlio-erkyzdeecsohoaggpwbjdvavzqfv/Build/Intermediates.noindex/DTFoundation.build/Debug-iphonesimulator/DTFoundation.build/Objects-normal/x86_64/NSString+DTURLEncoding.dia -c /Users/aadityasingh/Library/Developer/Xcode/DerivedData/Chatlio-erkyzdeecsohoaggpwbjdvavzqfv/SourcePackages/checkouts/DTFoundation/Core/Source/NSString+DTURLEncoding.m -o /Users/aadityasingh/Library/Developer/Xcode/DerivedData/Chatlio-erkyzdeecsohoaggpwbjdvavzqfv/Build/Intermediates.noindex/DTFoundation.build/Debug-iphonesimulator/DTFoundation.build/Objects-normal/x86_64/NSString+DTURLEncoding.o -index-unit-output-path /DTFoundation.build/Debug-iphonesimulator/DTFoundation.build/Objects-normal/x86_64/NSString+DTURLEncoding.o

ScanDependencies /Users/aadityasingh/Library/Developer/Xcode/DerivedData/Chatlio-erkyzdeecsohoaggpwbjdvavzqfv/Build/Intermediates.noindex/DTFoundation.build/Debug-iphonesimulator/DTFoundation.build/Objects-normal/x86_64/NSString+DTPaths.o /Users/aadityasingh/Library/Developer/Xcode/DerivedData/Chatlio-erkyzdeecsohoaggpwbjdvavzqfv/SourcePackages/checkouts/DTFoundation/Core/Source/NSString+DTPaths.m normal x86_64 objective-c com.apple.compilers.llvm.clang.1_0.compiler (in target 'DTFoundation' from project 'DTFoundation')
    cd /Users/aadityasingh/Documents/Development/element-x-ios/Chatlio.xcodeproj
    
    Using response file: /Users/aadityasingh/Library/Developer/Xcode/DerivedData/Chatlio-erkyzdeecsohoaggpwbjdvavzqfv/Build/Intermediates.noindex/DTFoundation.build/Debug-iphonesimulator/DTFoundation.build/Objects-normal/x86_64/e6072d4f65d7061329687fe24e3d63a7-common-args.resp
    
    builtin-ScanDependencies -o /Users/aadityasingh/Library/Developer/Xcode/DerivedData/Chatlio-erkyzdeecsohoaggpwbjdvavzqfv/Build/Intermediates.noindex/DTFoundation.build/Debug-iphonesimulator/DTFoundation.build/Objects-normal/x86_64/NSString+DTPaths.o.scan -- /Applications/Xcode.app/Contents/Developer/Toolchains/XcodeDefault.xctoolchain/usr/bin/clang -x objective-c -ivfsstatcache /Users/aadityasingh/Library/Developer/Xcode/DerivedData/SDKStatCaches.noindex/iphonesimulator26.4-23E252-686eebb5dc1d8ecb277353a59184f4aa.sdkstatcache -target x86_64-apple-ios12.0-simulator -fmessage-length\=0 -fdiagnostics-show-note-include-stack -fmacro-backtrace-limit\=0 -fno-color-diagnostics -fmodules-prune-interval\=86400 -fmodules-prune-after\=345600 -fbuild-session-file\=/Users/aadityasingh/Library/Developer/Xcode/DerivedData/ModuleCache.noindex/Session.modulevalidation -fmodules-validate-once-per-build-session -Wnon-modular-include-in-framework-module -Werror\=non-modular-include-in-framework-module -Wno-trigraphs -Wno-missing-field-initializers -Wno-missing-prototypes -Wno-return-type -Wno-implicit-atomic-properties -Wno-objc-interface-ivars -Wno-arc-repeated-use-of-weak -Wno-missing-braces -Wparentheses -Wswitch -Wno-unused-function -Wno-unused-label -Wno-unused-parameter -Wno-unused-variable -Wunused-value -Wno-empty-body -Wno-uninitialized -Wno-unknown-pragmas -w -Wno-shadow -Wno-four-char-constants -Wno-conversion -Wno-constant-conversion -Wno-int-conversion -Wno-bool-conversion -Wno-enum-conversion -Wno-float-conversion -Wno-non-literal-null-conversion -Wno-objc-literal-conversion -Wshorten-64-to-32 -Wpointer-sign -Wno-newline-eof -Wno-selector -Wno-strict-selector-match -Wno-undeclared-selector -Wno-deprecated-implementations -Wno-implicit-fallthrough -isysroot /Applications/Xcode.app/Contents/Developer/Platforms/iPhoneSimulator.platform/Developer/SDKs/iPhoneSimulator26.4.sdk -fstrict-aliasing -Wprotocol -Wdeprecated-declarations -Wno-sign-conversion -Wno-infinite-recursion -Wno-comma -Wno-block-capture-autoreleasing -Wno-strict-prototypes -Wno-semicolon-before-method-body -index-store-path /Users/aadityasingh/Library/Developer/Xcode/DerivedData/Chatlio-erkyzdeecsohoaggpwbjdvavzqfv/Index.noindex/DataStore @/Users/aadityasingh/Library/Developer/Xcode/DerivedData/Chatlio-erkyzdeecsohoaggpwbjdvavzqfv/Build/Intermediates.noindex/DTFoundation.build/Debug-iphonesimulator/DTFoundation.build/Objects-normal/x86_64/e6072d4f65d7061329687fe24e3d63a7-common-args.resp -MMD -MT dependencies -MF /Users/aadityasingh/Library/Developer/Xcode/DerivedData/Chatlio-erkyzdeecsohoaggpwbjdvavzqfv/Build/Intermediates.noindex/DTFoundation.build/Debug-iphonesimulator/DTFoundation.build/Objects-normal/x86_64/NSString+DTPaths.d --serialize-diagnostics /Users/aadityasingh/Library/Developer/Xcode/DerivedData/Chatlio-erkyzdeecsohoaggpwbjdvavzqfv/Build/Intermediates.noindex/DTFoundation.build/Debug-iphonesimulator/DTFoundation.build/Objects-normal/x86_64/NSString+DTPaths.dia -c /Users/aadityasingh/Library/Developer/Xcode/DerivedData/Chatlio-erkyzdeecsohoaggpwbjdvavzqfv/SourcePackages/checkouts/DTFoundation/Core/Source/NSString+DTPaths.m -o /Users/aadityasingh/Library/Developer/Xcode/DerivedData/Chatlio-erkyzdeecsohoaggpwbjdvavzqfv/Build/Intermediates.noindex/DTFoundation.build/Debug-iphonesimulator/DTFoundation.build/Objects-normal/x86_64/NSString+DTPaths.o -index-unit-output-path /DTFoundation.build/Debug-iphonesimulator/DTFoundation.build/Objects-normal/x86_64/NSString+DTPaths.o

ScanDependencies /Users/aadityasingh/Library/Developer/Xcode/DerivedData/Chatlio-erkyzdeecsohoaggpwbjdvavzqfv/Build/Intermediates.noindex/DTFoundation.build/Debug-iphonesimulator/DTFoundation.build/Objects-normal/x86_64/NSString+DTFormatNumbers.o /Users/aadityasingh/Library/Developer/Xcode/DerivedData/Chatlio-erkyzdeecsohoaggpwbjdvavzqfv/SourcePackages/checkouts/DTFoundation/Core/Source/NSString+DTFormatNumbers.m normal x86_64 objective-c com.apple.compilers.llvm.clang.1_0.compiler (in target 'DTFoundation' from project 'DTFoundation')
    cd /Users/aadityasingh/Documents/Development/element-x-ios/Chatlio.xcodeproj
    
    Using response file: /Users/aadityasingh/Library/Developer/Xcode/DerivedData/Chatlio-erkyzdeecsohoaggpwbjdvavzqfv/Build/Intermediates.noindex/DTFoundation.build/Debug-iphonesimulator/DTFoundation.build/Objects-normal/x86_64/e6072d4f65d7061329687fe24e3d63a7-common-args.resp
    
    builtin-ScanDependencies -o /Users/aadityasingh/Library/Developer/Xcode/DerivedData/Chatlio-erkyzdeecsohoaggpwbjdvavzqfv/Build/Intermediates.noindex/DTFoundation.build/Debug-iphonesimulator/DTFoundation.build/Objects-normal/x86_64/NSString+DTFormatNumbers.o.scan -- /Applications/Xcode.app/Contents/Developer/Toolchains/XcodeDefault.xctoolchain/usr/bin/clang -x objective-c -ivfsstatcache /Users/aadityasingh/Library/Developer/Xcode/DerivedData/SDKStatCaches.noindex/iphonesimulator26.4-23E252-686eebb5dc1d8ecb277353a59184f4aa.sdkstatcache -target x86_64-apple-ios12.0-simulator -fmessage-length\=0 -fdiagnostics-show-note-include-stack -fmacro-backtrace-limit\=0 -fno-color-diagnostics -fmodules-prune-interval\=86400 -fmodules-prune-after\=345600 -fbuild-session-file\=/Users/aadityasingh/Library/Developer/Xcode/DerivedData/ModuleCache.noindex/Session.modulevalidation -fmodules-validate-once-per-build-session -Wnon-modular-include-in-framework-module -Werror\=non-modular-include-in-framework-module -Wno-trigraphs -Wno-missing-field-initializers -Wno-missing-prototypes -Wno-return-type -Wno-implicit-atomic-properties -Wno-objc-interface-ivars -Wno-arc-repeated-use-of-weak -Wno-missing-braces -Wparentheses -Wswitch -Wno-unused-function -Wno-unused-label -Wno-unused-parameter -Wno-unused-variable -Wunused-value -Wno-empty-body -Wno-uninitialized -Wno-unknown-pragmas -w -Wno-shadow -Wno-four-char-constants -Wno-conversion -Wno-constant-conversion -Wno-int-conversion -Wno-bool-conversion -Wno-enum-conversion -Wno-float-conversion -Wno-non-literal-null-conversion -Wno-objc-literal-conversion -Wshorten-64-to-32 -Wpointer-sign -Wno-newline-eof -Wno-selector -Wno-strict-selector-match -Wno-undeclared-selector -Wno-deprecated-implementations -Wno-implicit-fallthrough -isysroot /Applications/Xcode.app/Contents/Developer/Platforms/iPhoneSimulator.platform/Developer/SDKs/iPhoneSimulator26.4.sdk -fstrict-aliasing -Wprotocol -Wdeprecated-declarations -Wno-sign-conversion -Wno-infinite-recursion -Wno-comma -Wno-block-capture-autoreleasing -Wno-strict-prototypes -Wno-semicolon-before-method-body -index-store-path /Users/aadityasingh/Library/Developer/Xcode/DerivedData/Chatlio-erkyzdeecsohoaggpwbjdvavzqfv/Index.noindex/DataStore @/Users/aadityasingh/Library/Developer/Xcode/DerivedData/Chatlio-erkyzdeecsohoaggpwbjdvavzqfv/Build/Intermediates.noindex/DTFoundation.build/Debug-iphonesimulator/DTFoundation.build/Objects-normal/x86_64/e6072d4f65d7061329687fe24e3d63a7-common-args.resp -MMD -MT dependencies -MF /Users/aadityasingh/Library/Developer/Xcode/DerivedData/Chatlio-erkyzdeecsohoaggpwbjdvavzqfv/Build/Intermediates.noindex/DTFoundation.build/Debug-iphonesimulator/DTFoundation.build/Objects-normal/x86_64/NSString+DTFormatNumbers.d --serialize-diagnostics /Users/aadityasingh/Library/Developer/Xcode/DerivedData/Chatlio-erkyzdeecsohoaggpwbjdvavzqfv/Build/Intermediates.noindex/DTFoundation.build/Debug-iphonesimulator/DTFoundation.build/Objects-normal/x86_64/NSString+DTFormatNumbers.dia -c /Users/aadityasingh/Library/Developer/Xcode/DerivedData/Chatlio-erkyzdeecsohoaggpwbjdvavzqfv/SourcePackages/checkouts/DTFoundation/Core/Source/NSString+DTFormatNumbers.m -o /Users/aadityasingh/Library/Developer/Xcode/DerivedData/Chatlio-erkyzdeecsohoaggpwbjdvavzqfv/Build/Intermediates.noindex/DTFoundation.build/Debug-iphonesimulator/DTFoundation.build/Objects-normal/x86_64/NSString+DTFormatNumbers.o -index-unit-output-path /DTFoundation.build/Debug-iphonesimulator/DTFoundation.build/Objects-normal/x86_64/NSString+DTFormatNumbers.o

ScanDependencies /Users/aadityasingh/Library/Developer/Xcode/DerivedData/Chatlio-erkyzdeecsohoaggpwbjdvavzqfv/Build/Intermediates.noindex/DTFoundation.build/Debug-iphonesimulator/DTFoundation.build/Objects-normal/x86_64/NSScanner+DTScripting.o /Users/aadityasingh/Library/Developer/Xcode/DerivedData/Chatlio-erkyzdeecsohoaggpwbjdvavzqfv/SourcePackages/checkouts/DTFoundation/Core/Source/DTScripting/NSScanner+DTScripting.m normal x86_64 objective-c com.apple.compilers.llvm.clang.1_0.compiler (in target 'DTFoundation' from project 'DTFoundation')
    cd /Users/aadityasingh/Documents/Development/element-x-ios/Chatlio.xcodeproj
    
    Using response file: /Users/aadityasingh/Library/Developer/Xcode/DerivedData/Chatlio-erkyzdeecsohoaggpwbjdvavzqfv/Build/Intermediates.noindex/DTFoundation.build/Debug-iphonesimulator/DTFoundation.build/Objects-normal/x86_64/e6072d4f65d7061329687fe24e3d63a7-common-args.resp
    
    builtin-ScanDependencies -o /Users/aadityasingh/Library/Developer/Xcode/DerivedData/Chatlio-erkyzdeecsohoaggpwbjdvavzqfv/Build/Intermediates.noindex/DTFoundation.build/Debug-iphonesimulator/DTFoundation.build/Objects-normal/x86_64/NSScanner+DTScripting.o.scan -- /Applications/Xcode.app/Contents/Developer/Toolchains/XcodeDefault.xctoolchain/usr/bin/clang -x objective-c -ivfsstatcache /Users/aadityasingh/Library/Developer/Xcode/DerivedData/SDKStatCaches.noindex/iphonesimulator26.4-23E252-686eebb5dc1d8ecb277353a59184f4aa.sdkstatcache -target x86_64-apple-ios12.0-simulator -fmessage-length\=0 -fdiagnostics-show-note-include-stack -fmacro-backtrace-limit\=0 -fno-color-diagnostics -fmodules-prune-interval\=86400 -fmodules-prune-after\=345600 -fbuild-session-file\=/Users/aadityasingh/Library/Developer/Xcode/DerivedData/ModuleCache.noindex/Session.modulevalidation -fmodules-validate-once-per-build-session -Wnon-modular-include-in-framework-module -Werror\=non-modular-include-in-framework-module -Wno-trigraphs -Wno-missing-field-initializers -Wno-missing-prototypes -Wno-return-type -Wno-implicit-atomic-properties -Wno-objc-interface-ivars -Wno-arc-repeated-use-of-weak -Wno-missing-braces -Wparentheses -Wswitch -Wno-unused-function -Wno-unused-label -Wno-unused-parameter -Wno-unused-variable -Wunused-value -Wno-empty-body -Wno-uninitialized -Wno-unknown-pragmas -w -Wno-shadow -Wno-four-char-constants -Wno-conversion -Wno-constant-conversion -Wno-int-conversion -Wno-bool-conversion -Wno-enum-conversion -Wno-float-conversion -Wno-non-literal-null-conversion -Wno-objc-literal-conversion -Wshorten-64-to-32 -Wpointer-sign -Wno-newline-eof -Wno-selector -Wno-strict-selector-match -Wno-undeclared-selector -Wno-deprecated-implementations -Wno-implicit-fallthrough -isysroot /Applications/Xcode.app/Contents/Developer/Platforms/iPhoneSimulator.platform/Developer/SDKs/iPhoneSimulator26.4.sdk -fstrict-aliasing -Wprotocol -Wdeprecated-declarations -Wno-sign-conversion -Wno-infinite-recursion -Wno-comma -Wno-block-capture-autoreleasing -Wno-strict-prototypes -Wno-semicolon-before-method-body -index-store-path /Users/aadityasingh/Library/Developer/Xcode/DerivedData/Chatlio-erkyzdeecsohoaggpwbjdvavzqfv/Index.noindex/DataStore @/Users/aadityasingh/Library/Developer/Xcode/DerivedData/Chatlio-erkyzdeecsohoaggpwbjdvavzqfv/Build/Intermediates.noindex/DTFoundation.build/Debug-iphonesimulator/DTFoundation.build/Objects-normal/x86_64/e6072d4f65d7061329687fe24e3d63a7-common-args.resp -MMD -MT dependencies -MF /Users/aadityasingh/Library/Developer/Xcode/DerivedData/Chatlio-erkyzdeecsohoaggpwbjdvavzqfv/Build/Intermediates.noindex/DTFoundation.build/Debug-iphonesimulator/DTFoundation.build/Objects-normal/x86_64/NSScanner+DTScripting.d --serialize-diagnostics /Users/aadityasingh/Library/Developer/Xcode/DerivedData/Chatlio-erkyzdeecsohoaggpwbjdvavzqfv/Build/Intermediates.noindex/DTFoundation.build/Debug-iphonesimulator/DTFoundation.build/Objects-normal/x86_64/NSScanner+DTScripting.dia -c /Users/aadityasingh/Library/Developer/Xcode/DerivedData/Chatlio-erkyzdeecsohoaggpwbjdvavzqfv/SourcePackages/checkouts/DTFoundation/Core/Source/DTScripting/NSScanner+DTScripting.m -o /Users/aadityasingh/Library/Developer/Xcode/DerivedData/Chatlio-erkyzdeecsohoaggpwbjdvavzqfv/Build/Intermediates.noindex/DTFoundation.build/Debug-iphonesimulator/DTFoundation.build/Objects-normal/x86_64/NSScanner+DTScripting.o -index-unit-output-path /DTFoundation.build/Debug-iphonesimulator/DTFoundation.build/Objects-normal/x86_64/NSScanner+DTScripting.o

ScanDependencies /Users/aadityasingh/Library/Developer/Xcode/DerivedData/Chatlio-erkyzdeecsohoaggpwbjdvavzqfv/Build/Intermediates.noindex/DTFoundation.build/Debug-iphonesimulator/DTFoundation.build/Objects-normal/x86_64/NSObject+DTRuntime.o /Users/aadityasingh/Library/Developer/Xcode/DerivedData/Chatlio-erkyzdeecsohoaggpwbjdvavzqfv/SourcePackages/checkouts/DTFoundation/Core/Source/Runtime/NSObject+DTRuntime.m normal x86_64 objective-c com.apple.compilers.llvm.clang.1_0.compiler (in target 'DTFoundation' from project 'DTFoundation')
    cd /Users/aadityasingh/Documents/Development/element-x-ios/Chatlio.xcodeproj
    
    Using response file: /Users/aadityasingh/Library/Developer/Xcode/DerivedData/Chatlio-erkyzdeecsohoaggpwbjdvavzqfv/Build/Intermediates.noindex/DTFoundation.build/Debug-iphonesimulator/DTFoundation.build/Objects-normal/x86_64/e6072d4f65d7061329687fe24e3d63a7-common-args.resp
    
    builtin-ScanDependencies -o /Users/aadityasingh/Library/Developer/Xcode/DerivedData/Chatlio-erkyzdeecsohoaggpwbjdvavzqfv/Build/Intermediates.noindex/DTFoundation.build/Debug-iphonesimulator/DTFoundation.build/Objects-normal/x86_64/NSObject+DTRuntime.o.scan -- /Applications/Xcode.app/Contents/Developer/Toolchains/XcodeDefault.xctoolchain/usr/bin/clang -x objective-c -ivfsstatcache /Users/aadityasingh/Library/Developer/Xcode/DerivedData/SDKStatCaches.noindex/iphonesimulator26.4-23E252-686eebb5dc1d8ecb277353a59184f4aa.sdkstatcache -target x86_64-apple-ios12.0-simulator -fmessage-length\=0 -fdiagnostics-show-note-include-stack -fmacro-backtrace-limit\=0 -fno-color-diagnostics -fmodules-prune-interval\=86400 -fmodules-prune-after\=345600 -fbuild-session-file\=/Users/aadityasingh/Library/Developer/Xcode/DerivedData/ModuleCache.noindex/Session.modulevalidation -fmodules-validate-once-per-build-session -Wnon-modular-include-in-framework-module -Werror\=non-modular-include-in-framework-module -Wno-trigraphs -Wno-missing-field-initializers -Wno-missing-prototypes -Wno-return-type -Wno-implicit-atomic-properties -Wno-objc-interface-ivars -Wno-arc-repeated-use-of-weak -Wno-missing-braces -Wparentheses -Wswitch -Wno-unused-function -Wno-unused-label -Wno-unused-parameter -Wno-unused-variable -Wunused-value -Wno-empty-body -Wno-uninitialized -Wno-unknown-pragmas -w -Wno-shadow -Wno-four-char-constants -Wno-conversion -Wno-constant-conversion -Wno-int-conversion -Wno-bool-conversion -Wno-enum-conversion -Wno-float-conversion -Wno-non-literal-null-conversion -Wno-objc-literal-conversion -Wshorten-64-to-32 -Wpointer-sign -Wno-newline-eof -Wno-selector -Wno-strict-selector-match -Wno-undeclared-selector -Wno-deprecated-implementations -Wno-implicit-fallthrough -isysroot /Applications/Xcode.app/Contents/Developer/Platforms/iPhoneSimulator.platform/Developer/SDKs/iPhoneSimulator26.4.sdk -fstrict-aliasing -Wprotocol -Wdeprecated-declarations -Wno-sign-conversion -Wno-infinite-recursion -Wno-comma -Wno-block-capture-autoreleasing -Wno-strict-prototypes -Wno-semicolon-before-method-body -index-store-path /Users/aadityasingh/Library/Developer/Xcode/DerivedData/Chatlio-erkyzdeecsohoaggpwbjdvavzqfv/Index.noindex/DataStore @/Users/aadityasingh/Library/Developer/Xcode/DerivedData/Chatlio-erkyzdeecsohoaggpwbjdvavzqfv/Build/Intermediates.noindex/DTFoundation.build/Debug-iphonesimulator/DTFoundation.build/Objects-normal/x86_64/e6072d4f65d7061329687fe24e3d63a7-common-args.resp -MMD -MT dependencies -MF /Users/aadityasingh/Library/Developer/Xcode/DerivedData/Chatlio-erkyzdeecsohoaggpwbjdvavzqfv/Build/Intermediates.noindex/DTFoundation.build/Debug-iphonesimulator/DTFoundation.build/Objects-normal/x86_64/NSObject+DTRuntime.d --serialize-diagnostics /Users/aadityasingh/Library/Developer/Xcode/DerivedData/Chatlio-erkyzdeecsohoaggpwbjdvavzqfv/Build/Intermediates.noindex/DTFoundation.build/Debug-iphonesimulator/DTFoundation.build/Objects-normal/x86_64/NSObject+DTRuntime.dia -c /Users/aadityasingh/Library/Developer/Xcode/DerivedData/Chatlio-erkyzdeecsohoaggpwbjdvavzqfv/SourcePackages/checkouts/DTFoundation/Core/Source/Runtime/NSObject+DTRuntime.m -o /Users/aadityasingh/Library/Developer/Xcode/DerivedData/Chatlio-erkyzdeecsohoaggpwbjdvavzqfv/Build/Intermediates.noindex/DTFoundation.build/Debug-iphonesimulator/DTFoundation.build/Objects-normal/x86_64/NSObject+DTRuntime.o -index-unit-output-path /DTFoundation.build/Debug-iphonesimulator/DTFoundation.build/Objects-normal/x86_64/NSObject+DTRuntime.o

SwiftDriverJobDiscovery normal arm64 Emitting module for Atomics (in target 'Atomics' from project 'swift-atomics')

SwiftDriver\ Compilation\ Requirements Atomics normal arm64 com.apple.xcode.tools.swift.compiler (in target 'Atomics' from project 'swift-atomics')
    cd /Users/aadityasingh/Documents/Development/element-x-ios/Chatlio.xcodeproj
    builtin-Swift-Compilation-Requirements -- /Applications/Xcode.app/Contents/Developer/Toolchains/XcodeDefault.xctoolchain/usr/bin/swiftc -module-name Atomics -Onone @/Users/aadityasingh/Library/Developer/Xcode/DerivedData/Chatlio-erkyzdeecsohoaggpwbjdvavzqfv/Build/Intermediates.noindex/swift-atomics.build/Debug-iphonesimulator/Atomics.build/Objects-normal/arm64/Atomics.SwiftFileList -DSWIFT_PACKAGE -DDEBUG -DSWIFT_MODULE_RESOURCE_BUNDLE_UNAVAILABLE -DXcode -enable-experimental-feature BuiltinModule -plugin-path /Applications/Xcode.app/Contents/Developer/Toolchains/XcodeDefault.xctoolchain/usr/lib/swift/host/plugins/testing -enable-experimental-feature DebugDescriptionMacro -sdk /Applications/Xcode.app/Contents/Developer/Platforms/iPhoneSimulator.platform/Developer/SDKs/iPhoneSimulator26.4.sdk -target arm64-apple-ios12.0-simulator -g -module-cache-path /Users/aadityasingh/Library/Developer/Xcode/DerivedData/ModuleCache.noindex -Xfrontend -serialize-debugging-options -profile-coverage-mapping -profile-generate -enable-testing -suppress-warnings -index-store-path /Users/aadityasingh/Library/Developer/Xcode/DerivedData/Chatlio-erkyzdeecsohoaggpwbjdvavzqfv/Index.noindex/DataStore -Xcc -D_LIBCPP_HARDENING_MODE\=_LIBCPP_HARDENING_MODE_DEBUG -swift-version 5 -I /Users/aadityasingh/Library/Developer/Xcode/DerivedData/Chatlio-erkyzdeecsohoaggpwbjdvavzqfv/Build/Products/Debug-iphonesimulator -Isystem /Applications/Xcode.app/Contents/Developer/Platforms/iPhoneSimulator.platform/Developer/usr/lib -F /Users/aadityasingh/Library/Developer/Xcode/DerivedData/Chatlio-erkyzdeecsohoaggpwbjdvavzqfv/Build/Products/Debug-iphonesimulator/PackageFrameworks -F /Users/aadityasingh/Library/Developer/Xcode/DerivedData/Chatlio-erkyzdeecsohoaggpwbjdvavzqfv/Build/Products/Debug-iphonesimulator -F /Applications/Xcode.app/Contents/Developer/Platforms/iPhoneSimulator.platform/Developer/Library/Frameworks -F /Applications/Xcode.app/Contents/Developer/Platforms/iPhoneSimulator.platform/Developer/SDKs/iPhoneSimulator26.4.sdk/Developer/Library/Frameworks -c -j12 -enable-batch-mode -incremental -Xcc -ivfsstatcache -Xcc /Users/aadityasingh/Library/Developer/Xcode/DerivedData/SDKStatCaches.noindex/iphonesimulator26.4-23E252-686eebb5dc1d8ecb277353a59184f4aa.sdkstatcache -output-file-map /Users/aadityasingh/Library/Developer/Xcode/DerivedData/Chatlio-erkyzdeecsohoaggpwbjdvavzqfv/Build/Intermediates.noindex/swift-atomics.build/Debug-iphonesimulator/Atomics.build/Objects-normal/arm64/Atomics-OutputFileMap.json -use-frontend-parseable-output -save-temps -no-color-diagnostics -explicit-module-build -module-cache-path /Users/aadityasingh/Library/Developer/Xcode/DerivedData/Chatlio-erkyzdeecsohoaggpwbjdvavzqfv/Build/Intermediates.noindex/SwiftExplicitPrecompiledModules -clang-scanner-module-cache-path /Users/aadityasingh/Library/Developer/Xcode/DerivedData/ModuleCache.noindex -sdk-module-cache-path /Users/aadityasingh/Library/Developer/Xcode/DerivedData/ModuleCache.noindex -serialize-diagnostics -emit-dependencies -emit-module -emit-module-path /Users/aadityasingh/Library/Developer/Xcode/DerivedData/Chatlio-erkyzdeecsohoaggpwbjdvavzqfv/Build/Intermediates.noindex/swift-atomics.build/Debug-iphonesimulator/Atomics.build/Objects-normal/arm64/Atomics.swiftmodule -validate-clang-modules-once -clang-build-session-file /Users/aadityasingh/Library/Developer/Xcode/DerivedData/ModuleCache.noindex/Session.modulevalidation -package-name swift_atomics -Xcc -I/Users/aadityasingh/Library/Developer/Xcode/DerivedData/Chatlio-erkyzdeecsohoaggpwbjdvavzqfv/Build/Intermediates.noindex/swift-atomics.build/Debug-iphonesimulator/Atomics.build/swift-overrides.hmap -emit-const-values -Xfrontend -const-gather-protocols-file -Xfrontend /Users/aadityasingh/Library/Developer/Xcode/DerivedData/Chatlio-erkyzdeecsohoaggpwbjdvavzqfv/Build/Intermediates.noindex/swift-atomics.build/Debug-iphonesimulator/Atomics.build/Objects-normal/arm64/Atomics_const_extract_protocols.json -Xcc -I/Users/aadityasingh/Library/Developer/Xcode/DerivedData/Chatlio-erkyzdeecsohoaggpwbjdvavzqfv/SourcePackages/checkouts/swift-atomics/Sources/_AtomicsShims/include -Xcc -I/Users/aadityasingh/Library/Developer/Xcode/DerivedData/Chatlio-erkyzdeecsohoaggpwbjdvavzqfv/Build/Products/Debug-iphonesimulator/include -Xcc -I/Users/aadityasingh/Library/Developer/Xcode/DerivedData/Chatlio-erkyzdeecsohoaggpwbjdvavzqfv/Build/Intermediates.noindex/swift-atomics.build/Debug-iphonesimulator/Atomics.build/DerivedSources-normal/arm64 -Xcc -I/Users/aadityasingh/Library/Developer/Xcode/DerivedData/Chatlio-erkyzdeecsohoaggpwbjdvavzqfv/Build/Intermediates.noindex/swift-atomics.build/Debug-iphonesimulator/Atomics.build/DerivedSources/arm64 -Xcc -I/Users/aadityasingh/Library/Developer/Xcode/DerivedData/Chatlio-erkyzdeecsohoaggpwbjdvavzqfv/Build/Intermediates.noindex/swift-atomics.build/Debug-iphonesimulator/Atomics.build/DerivedSources -Xcc -DSWIFT_PACKAGE -Xcc -DDEBUG\=1 -emit-objc-header -emit-objc-header-path /Users/aadityasingh/Library/Developer/Xcode/DerivedData/Chatlio-erkyzdeecsohoaggpwbjdvavzqfv/Build/Intermediates.noindex/swift-atomics.build/Debug-iphonesimulator/Atomics.build/Objects-normal/arm64/Atomics-Swift.h -working-directory /Users/aadityasingh/Documents/Development/element-x-ios/Chatlio.xcodeproj -experimental-emit-module-separately -disable-cmo

CompileC /Users/aadityasingh/Library/Developer/Xcode/DerivedData/Chatlio-erkyzdeecsohoaggpwbjdvavzqfv/Build/Intermediates.noindex/DTFoundation.build/Debug-iphonesimulator/DTFoundation.build/Objects-normal/x86_64/NSWindowController+DTPanelControllerPresenting.o /Users/aadityasingh/Library/Developer/Xcode/DerivedData/Chatlio-erkyzdeecsohoaggpwbjdvavzqfv/SourcePackages/checkouts/DTFoundation/Core/Source/OSX/NSWindowController+DTPanelControllerPresenting.m normal x86_64 objective-c com.apple.compilers.llvm.clang.1_0.compiler (in target 'DTFoundation' from project 'DTFoundation')
    cd /Users/aadityasingh/Documents/Development/element-x-ios/Chatlio.xcodeproj
    
    Using response file: /Users/aadityasingh/Library/Developer/Xcode/DerivedData/Chatlio-erkyzdeecsohoaggpwbjdvavzqfv/Build/Intermediates.noindex/DTFoundation.build/Debug-iphonesimulator/DTFoundation.build/Objects-normal/x86_64/e6072d4f65d7061329687fe24e3d63a7-common-args.resp
    
    /Applications/Xcode.app/Contents/Developer/Toolchains/XcodeDefault.xctoolchain/usr/bin/clang -x objective-c -ivfsstatcache /Users/aadityasingh/Library/Developer/Xcode/DerivedData/SDKStatCaches.noindex/iphonesimulator26.4-23E252-686eebb5dc1d8ecb277353a59184f4aa.sdkstatcache -target x86_64-apple-ios12.0-simulator -fmessage-length\=0 -fdiagnostics-show-note-include-stack -fmacro-backtrace-limit\=0 -fno-color-diagnostics -fmodules-prune-interval\=86400 -fmodules-prune-after\=345600 -fbuild-session-file\=/Users/aadityasingh/Library/Developer/Xcode/DerivedData/ModuleCache.noindex/Session.modulevalidation -fmodules-validate-once-per-build-session -Wnon-modular-include-in-framework-module -Werror\=non-modular-include-in-framework-module -Wno-trigraphs -Wno-missing-field-initializers -Wno-missing-prototypes -Wno-return-type -Wno-implicit-atomic-properties -Wno-objc-interface-ivars -Wno-arc-repeated-use-of-weak -Wno-missing-braces -Wparentheses -Wswitch -Wno-unused-function -Wno-unused-label -Wno-unused-parameter -Wno-unused-variable -Wunused-value -Wno-empty-body -Wno-uninitialized -Wno-unknown-pragmas -w -Wno-shadow -Wno-four-char-constants -Wno-conversion -Wno-constant-conversion -Wno-int-conversion -Wno-bool-conversion -Wno-enum-conversion -Wno-float-conversion -Wno-non-literal-null-conversion -Wno-objc-literal-conversion -Wshorten-64-to-32 -Wpointer-sign -Wno-newline-eof -Wno-selector -Wno-strict-selector-match -Wno-undeclared-selector -Wno-deprecated-implementations -Wno-implicit-fallthrough -isysroot /Applications/Xcode.app/Contents/Developer/Platforms/iPhoneSimulator.platform/Developer/SDKs/iPhoneSimulator26.4.sdk -fstrict-aliasing -Wprotocol -Wdeprecated-declarations -Wno-sign-conversion -Wno-infinite-recursion -Wno-comma -Wno-block-capture-autoreleasing -Wno-strict-prototypes -Wno-semicolon-before-method-body -index-store-path /Users/aadityasingh/Library/Developer/Xcode/DerivedData/Chatlio-erkyzdeecsohoaggpwbjdvavzqfv/Index.noindex/DataStore @/Users/aadityasingh/Library/Developer/Xcode/DerivedData/Chatlio-erkyzdeecsohoaggpwbjdvavzqfv/Build/Intermediates.noindex/DTFoundation.build/Debug-iphonesimulator/DTFoundation.build/Objects-normal/x86_64/e6072d4f65d7061329687fe24e3d63a7-common-args.resp -MMD -MT dependencies -MF /Users/aadityasingh/Library/Developer/Xcode/DerivedData/Chatlio-erkyzdeecsohoaggpwbjdvavzqfv/Build/Intermediates.noindex/DTFoundation.build/Debug-iphonesimulator/DTFoundation.build/Objects-normal/x86_64/NSWindowController+DTPanelControllerPresenting.d --serialize-diagnostics /Users/aadityasingh/Library/Developer/Xcode/DerivedData/Chatlio-erkyzdeecsohoaggpwbjdvavzqfv/Build/Intermediates.noindex/DTFoundation.build/Debug-iphonesimulator/DTFoundation.build/Objects-normal/x86_64/NSWindowController+DTPanelControllerPresenting.dia -c /Users/aadityasingh/Library/Developer/Xcode/DerivedData/Chatlio-erkyzdeecsohoaggpwbjdvavzqfv/SourcePackages/checkouts/DTFoundation/Core/Source/OSX/NSWindowController+DTPanelControllerPresenting.m -o /Users/aadityasingh/Library/Developer/Xcode/DerivedData/Chatlio-erkyzdeecsohoaggpwbjdvavzqfv/Build/Intermediates.noindex/DTFoundation.build/Debug-iphonesimulator/DTFoundation.build/Objects-normal/x86_64/NSWindowController+DTPanelControllerPresenting.o -index-unit-output-path /DTFoundation.build/Debug-iphonesimulator/DTFoundation.build/Objects-normal/x86_64/NSWindowController+DTPanelControllerPresenting.o

CompileC /Users/aadityasingh/Library/Developer/Xcode/DerivedData/Chatlio-erkyzdeecsohoaggpwbjdvavzqfv/Build/Intermediates.noindex/DTFoundation.build/Debug-iphonesimulator/DTFoundation.build/Objects-normal/x86_64/NSView+DTAutoLayout.o /Users/aadityasingh/Library/Developer/Xcode/DerivedData/Chatlio-erkyzdeecsohoaggpwbjdvavzqfv/SourcePackages/checkouts/DTFoundation/Core/Source/OSX/NSView+DTAutoLayout.m normal x86_64 objective-c com.apple.compilers.llvm.clang.1_0.compiler (in target 'DTFoundation' from project 'DTFoundation')
    cd /Users/aadityasingh/Documents/Development/element-x-ios/Chatlio.xcodeproj
    
    Using response file: /Users/aadityasingh/Library/Developer/Xcode/DerivedData/Chatlio-erkyzdeecsohoaggpwbjdvavzqfv/Build/Intermediates.noindex/DTFoundation.build/Debug-iphonesimulator/DTFoundation.build/Objects-normal/x86_64/e6072d4f65d7061329687fe24e3d63a7-common-args.resp
    
    /Applications/Xcode.app/Contents/Developer/Toolchains/XcodeDefault.xctoolchain/usr/bin/clang -x objective-c -ivfsstatcache /Users/aadityasingh/Library/Developer/Xcode/DerivedData/SDKStatCaches.noindex/iphonesimulator26.4-23E252-686eebb5dc1d8ecb277353a59184f4aa.sdkstatcache -target x86_64-apple-ios12.0-simulator -fmessage-length\=0 -fdiagnostics-show-note-include-stack -fmacro-backtrace-limit\=0 -fno-color-diagnostics -fmodules-prune-interval\=86400 -fmodules-prune-after\=345600 -fbuild-session-file\=/Users/aadityasingh/Library/Developer/Xcode/DerivedData/ModuleCache.noindex/Session.modulevalidation -fmodules-validate-once-per-build-session -Wnon-modular-include-in-framework-module -Werror\=non-modular-include-in-framework-module -Wno-trigraphs -Wno-missing-field-initializers -Wno-missing-prototypes -Wno-return-type -Wno-implicit-atomic-properties -Wno-objc-interface-ivars -Wno-arc-repeated-use-of-weak -Wno-missing-braces -Wparentheses -Wswitch -Wno-unused-function -Wno-unused-label -Wno-unused-parameter -Wno-unused-variable -Wunused-value -Wno-empty-body -Wno-uninitialized -Wno-unknown-pragmas -w -Wno-shadow -Wno-four-char-constants -Wno-conversion -Wno-constant-conversion -Wno-int-conversion -Wno-bool-conversion -Wno-enum-conversion -Wno-float-conversion -Wno-non-literal-null-conversion -Wno-objc-literal-conversion -Wshorten-64-to-32 -Wpointer-sign -Wno-newline-eof -Wno-selector -Wno-strict-selector-match -Wno-undeclared-selector -Wno-deprecated-implementations -Wno-implicit-fallthrough -isysroot /Applications/Xcode.app/Contents/Developer/Platforms/iPhoneSimulator.platform/Developer/SDKs/iPhoneSimulator26.4.sdk -fstrict-aliasing -Wprotocol -Wdeprecated-declarations -Wno-sign-conversion -Wno-infinite-recursion -Wno-comma -Wno-block-capture-autoreleasing -Wno-strict-prototypes -Wno-semicolon-before-method-body -index-store-path /Users/aadityasingh/Library/Developer/Xcode/DerivedData/Chatlio-erkyzdeecsohoaggpwbjdvavzqfv/Index.noindex/DataStore @/Users/aadityasingh/Library/Developer/Xcode/DerivedData/Chatlio-erkyzdeecsohoaggpwbjdvavzqfv/Build/Intermediates.noindex/DTFoundation.build/Debug-iphonesimulator/DTFoundation.build/Objects-normal/x86_64/e6072d4f65d7061329687fe24e3d63a7-common-args.resp -MMD -MT dependencies -MF /Users/aadityasingh/Library/Developer/Xcode/DerivedData/Chatlio-erkyzdeecsohoaggpwbjdvavzqfv/Build/Intermediates.noindex/DTFoundation.build/Debug-iphonesimulator/DTFoundation.build/Objects-normal/x86_64/NSView+DTAutoLayout.d --serialize-diagnostics /Users/aadityasingh/Library/Developer/Xcode/DerivedData/Chatlio-erkyzdeecsohoaggpwbjdvavzqfv/Build/Intermediates.noindex/DTFoundation.build/Debug-iphonesimulator/DTFoundation.build/Objects-normal/x86_64/NSView+DTAutoLayout.dia -c /Users/aadityasingh/Library/Developer/Xcode/DerivedData/Chatlio-erkyzdeecsohoaggpwbjdvavzqfv/SourcePackages/checkouts/DTFoundation/Core/Source/OSX/NSView+DTAutoLayout.m -o /Users/aadityasingh/Library/Developer/Xcode/DerivedData/Chatlio-erkyzdeecsohoaggpwbjdvavzqfv/Build/Intermediates.noindex/DTFoundation.build/Debug-iphonesimulator/DTFoundation.build/Objects-normal/x86_64/NSView+DTAutoLayout.o -index-unit-output-path /DTFoundation.build/Debug-iphonesimulator/DTFoundation.build/Objects-normal/x86_64/NSView+DTAutoLayout.o

CompileC /Users/aadityasingh/Library/Developer/Xcode/DerivedData/Chatlio-erkyzdeecsohoaggpwbjdvavzqfv/Build/Intermediates.noindex/DTFoundation.build/Debug-iphonesimulator/DTFoundation.build/Objects-normal/x86_64/NSValue+DTConversion.o /Users/aadityasingh/Library/Developer/Xcode/DerivedData/Chatlio-erkyzdeecsohoaggpwbjdvavzqfv/SourcePackages/checkouts/DTFoundation/Core/Source/OSX/NSValue+DTConversion.m normal x86_64 objective-c com.apple.compilers.llvm.clang.1_0.compiler (in target 'DTFoundation' from project 'DTFoundation')
    cd /Users/aadityasingh/Documents/Development/element-x-ios/Chatlio.xcodeproj
    
    Using response file: /Users/aadityasingh/Library/Developer/Xcode/DerivedData/Chatlio-erkyzdeecsohoaggpwbjdvavzqfv/Build/Intermediates.noindex/DTFoundation.build/Debug-iphonesimulator/DTFoundation.build/Objects-normal/x86_64/e6072d4f65d7061329687fe24e3d63a7-common-args.resp
    
    /Applications/Xcode.app/Contents/Developer/Toolchains/XcodeDefault.xctoolchain/usr/bin/clang -x objective-c -ivfsstatcache /Users/aadityasingh/Library/Developer/Xcode/DerivedData/SDKStatCaches.noindex/iphonesimulator26.4-23E252-686eebb5dc1d8ecb277353a59184f4aa.sdkstatcache -target x86_64-apple-ios12.0-simulator -fmessage-length\=0 -fdiagnostics-show-note-include-stack -fmacro-backtrace-limit\=0 -fno-color-diagnostics -fmodules-prune-interval\=86400 -fmodules-prune-after\=345600 -fbuild-session-file\=/Users/aadityasingh/Library/Developer/Xcode/DerivedData/ModuleCache.noindex/Session.modulevalidation -fmodules-validate-once-per-build-session -Wnon-modular-include-in-framework-module -Werror\=non-modular-include-in-framework-module -Wno-trigraphs -Wno-missing-field-initializers -Wno-missing-prototypes -Wno-return-type -Wno-implicit-atomic-properties -Wno-objc-interface-ivars -Wno-arc-repeated-use-of-weak -Wno-missing-braces -Wparentheses -Wswitch -Wno-unused-function -Wno-unused-label -Wno-unused-parameter -Wno-unused-variable -Wunused-value -Wno-empty-body -Wno-uninitialized -Wno-unknown-pragmas -w -Wno-shadow -Wno-four-char-constants -Wno-conversion -Wno-constant-conversion -Wno-int-conversion -Wno-bool-conversion -Wno-enum-conversion -Wno-float-conversion -Wno-non-literal-null-conversion -Wno-objc-literal-conversion -Wshorten-64-to-32 -Wpointer-sign -Wno-newline-eof -Wno-selector -Wno-strict-selector-match -Wno-undeclared-selector -Wno-deprecated-implementations -Wno-implicit-fallthrough -isysroot /Applications/Xcode.app/Contents/Developer/Platforms/iPhoneSimulator.platform/Developer/SDKs/iPhoneSimulator26.4.sdk -fstrict-aliasing -Wprotocol -Wdeprecated-declarations -Wno-sign-conversion -Wno-infinite-recursion -Wno-comma -Wno-block-capture-autoreleasing -Wno-strict-prototypes -Wno-semicolon-before-method-body -index-store-path /Users/aadityasingh/Library/Developer/Xcode/DerivedData/Chatlio-erkyzdeecsohoaggpwbjdvavzqfv/Index.noindex/DataStore @/Users/aadityasingh/Library/Developer/Xcode/DerivedData/Chatlio-erkyzdeecsohoaggpwbjdvavzqfv/Build/Intermediates.noindex/DTFoundation.build/Debug-iphonesimulator/DTFoundation.build/Objects-normal/x86_64/e6072d4f65d7061329687fe24e3d63a7-common-args.resp -MMD -MT dependencies -MF /Users/aadityasingh/Library/Developer/Xcode/DerivedData/Chatlio-erkyzdeecsohoaggpwbjdvavzqfv/Build/Intermediates.noindex/DTFoundation.build/Debug-iphonesimulator/DTFoundation.build/Objects-normal/x86_64/NSValue+DTConversion.d --serialize-diagnostics /Users/aadityasingh/Library/Developer/Xcode/DerivedData/Chatlio-erkyzdeecsohoaggpwbjdvavzqfv/Build/Intermediates.noindex/DTFoundation.build/Debug-iphonesimulator/DTFoundation.build/Objects-normal/x86_64/NSValue+DTConversion.dia -c /Users/aadityasingh/Library/Developer/Xcode/DerivedData/Chatlio-erkyzdeecsohoaggpwbjdvavzqfv/SourcePackages/checkouts/DTFoundation/Core/Source/OSX/NSValue+DTConversion.m -o /Users/aadityasingh/Library/Developer/Xcode/DerivedData/Chatlio-erkyzdeecsohoaggpwbjdvavzqfv/Build/Intermediates.noindex/DTFoundation.build/Debug-iphonesimulator/DTFoundation.build/Objects-normal/x86_64/NSValue+DTConversion.o -index-unit-output-path /DTFoundation.build/Debug-iphonesimulator/DTFoundation.build/Objects-normal/x86_64/NSValue+DTConversion.o

SwiftMergeGeneratedHeaders /Users/aadityasingh/Library/Developer/Xcode/DerivedData/Chatlio-erkyzdeecsohoaggpwbjdvavzqfv/Build/Intermediates.noindex/GeneratedModuleMaps-iphonesimulator/Atomics-Swift.h /Users/aadityasingh/Library/Developer/Xcode/DerivedData/Chatlio-erkyzdeecsohoaggpwbjdvavzqfv/Build/Intermediates.noindex/swift-atomics.build/Debug-iphonesimulator/Atomics.build/Objects-normal/arm64/Atomics-Swift.h /Users/aadityasingh/Library/Developer/Xcode/DerivedData/Chatlio-erkyzdeecsohoaggpwbjdvavzqfv/Build/Intermediates.noindex/swift-atomics.build/Debug-iphonesimulator/Atomics.build/Objects-normal/x86_64/Atomics-Swift.h (in target 'Atomics' from project 'swift-atomics')
    cd /Users/aadityasingh/Library/Developer/Xcode/DerivedData/Chatlio-erkyzdeecsohoaggpwbjdvavzqfv/SourcePackages/checkouts/swift-atomics
    builtin-swiftHeaderTool -arch arm64 /Users/aadityasingh/Library/Developer/Xcode/DerivedData/Chatlio-erkyzdeecsohoaggpwbjdvavzqfv/Build/Intermediates.noindex/swift-atomics.build/Debug-iphonesimulator/Atomics.build/Objects-normal/arm64/Atomics-Swift.h -arch x86_64 /Users/aadityasingh/Library/Developer/Xcode/DerivedData/Chatlio-erkyzdeecsohoaggpwbjdvavzqfv/Build/Intermediates.noindex/swift-atomics.build/Debug-iphonesimulator/Atomics.build/Objects-normal/x86_64/Atomics-Swift.h -o /Users/aadityasingh/Library/Developer/Xcode/DerivedData/Chatlio-erkyzdeecsohoaggpwbjdvavzqfv/Build/Intermediates.noindex/GeneratedModuleMaps-iphonesimulator/Atomics-Swift.h

Copy /Users/aadityasingh/Library/Developer/Xcode/DerivedData/Chatlio-erkyzdeecsohoaggpwbjdvavzqfv/Build/Products/Debug-iphonesimulator/Atomics.swiftmodule/arm64-apple-ios-simulator.swiftmodule /Users/aadityasingh/Library/Developer/Xcode/DerivedData/Chatlio-erkyzdeecsohoaggpwbjdvavzqfv/Build/Intermediates.noindex/swift-atomics.build/Debug-iphonesimulator/Atomics.build/Objects-normal/arm64/Atomics.swiftmodule (in target 'Atomics' from project 'swift-atomics')
    cd /Users/aadityasingh/Library/Developer/Xcode/DerivedData/Chatlio-erkyzdeecsohoaggpwbjdvavzqfv/SourcePackages/checkouts/swift-atomics
    builtin-copy -exclude .DS_Store -exclude CVS -exclude .svn -exclude .git -exclude .hg -resolve-src-symlinks -rename /Users/aadityasingh/Library/Developer/Xcode/DerivedData/Chatlio-erkyzdeecsohoaggpwbjdvavzqfv/Build/Intermediates.noindex/swift-atomics.build/Debug-iphonesimulator/Atomics.build/Objects-normal/arm64/Atomics.swiftmodule /Users/aadityasingh/Library/Developer/Xcode/DerivedData/Chatlio-erkyzdeecsohoaggpwbjdvavzqfv/Build/Products/Debug-iphonesimulator/Atomics.swiftmodule/arm64-apple-ios-simulator.swiftmodule

Copy /Users/aadityasingh/Library/Developer/Xcode/DerivedData/Chatlio-erkyzdeecsohoaggpwbjdvavzqfv/Build/Products/Debug-iphonesimulator/Atomics.swiftmodule/arm64-apple-ios-simulator.swiftdoc /Users/aadityasingh/Library/Developer/Xcode/DerivedData/Chatlio-erkyzdeecsohoaggpwbjdvavzqfv/Build/Intermediates.noindex/swift-atomics.build/Debug-iphonesimulator/Atomics.build/Objects-normal/arm64/Atomics.swiftdoc (in target 'Atomics' from project 'swift-atomics')
    cd /Users/aadityasingh/Library/Developer/Xcode/DerivedData/Chatlio-erkyzdeecsohoaggpwbjdvavzqfv/SourcePackages/checkouts/swift-atomics
    builtin-copy -exclude .DS_Store -exclude CVS -exclude .svn -exclude .git -exclude .hg -resolve-src-symlinks -rename /Users/aadityasingh/Library/Developer/Xcode/DerivedData/Chatlio-erkyzdeecsohoaggpwbjdvavzqfv/Build/Intermediates.noindex/swift-atomics.build/Debug-iphonesimulator/Atomics.build/Objects-normal/arm64/Atomics.swiftdoc /Users/aadityasingh/Library/Developer/Xcode/DerivedData/Chatlio-erkyzdeecsohoaggpwbjdvavzqfv/Build/Products/Debug-iphonesimulator/Atomics.swiftmodule/arm64-apple-ios-simulator.swiftdoc

Copy /Users/aadityasingh/Library/Developer/Xcode/DerivedData/Chatlio-erkyzdeecsohoaggpwbjdvavzqfv/Build/Products/Debug-iphonesimulator/Atomics.swiftmodule/arm64-apple-ios-simulator.abi.json /Users/aadityasingh/Library/Developer/Xcode/DerivedData/Chatlio-erkyzdeecsohoaggpwbjdvavzqfv/Build/Intermediates.noindex/swift-atomics.build/Debug-iphonesimulator/Atomics.build/Objects-normal/arm64/Atomics.abi.json (in target 'Atomics' from project 'swift-atomics')
    cd /Users/aadityasingh/Library/Developer/Xcode/DerivedData/Chatlio-erkyzdeecsohoaggpwbjdvavzqfv/SourcePackages/checkouts/swift-atomics
    builtin-copy -exclude .DS_Store -exclude CVS -exclude .svn -exclude .git -exclude .hg -resolve-src-symlinks -rename /Users/aadityasingh/Library/Developer/Xcode/DerivedData/Chatlio-erkyzdeecsohoaggpwbjdvavzqfv/Build/Intermediates.noindex/swift-atomics.build/Debug-iphonesimulator/Atomics.build/Objects-normal/arm64/Atomics.abi.json /Users/aadityasingh/Library/Developer/Xcode/DerivedData/Chatlio-erkyzdeecsohoaggpwbjdvavzqfv/Build/Products/Debug-iphonesimulator/Atomics.swiftmodule/arm64-apple-ios-simulator.abi.json

Copy /Users/aadityasingh/Library/Developer/Xcode/DerivedData/Chatlio-erkyzdeecsohoaggpwbjdvavzqfv/Build/Products/Debug-iphonesimulator/Atomics.swiftmodule/Project/arm64-apple-ios-simulator.swiftsourceinfo /Users/aadityasingh/Library/Developer/Xcode/DerivedData/Chatlio-erkyzdeecsohoaggpwbjdvavzqfv/Build/Intermediates.noindex/swift-atomics.build/Debug-iphonesimulator/Atomics.build/Objects-normal/arm64/Atomics.swiftsourceinfo (in target 'Atomics' from project 'swift-atomics')
    cd /Users/aadityasingh/Library/Developer/Xcode/DerivedData/Chatlio-erkyzdeecsohoaggpwbjdvavzqfv/SourcePackages/checkouts/swift-atomics
    builtin-copy -exclude .DS_Store -exclude CVS -exclude .svn -exclude .git -exclude .hg -resolve-src-symlinks -rename /Users/aadityasingh/Library/Developer/Xcode/DerivedData/Chatlio-erkyzdeecsohoaggpwbjdvavzqfv/Build/Intermediates.noindex/swift-atomics.build/Debug-iphonesimulator/Atomics.build/Objects-normal/arm64/Atomics.swiftsourceinfo /Users/aadityasingh/Library/Developer/Xcode/DerivedData/Chatlio-erkyzdeecsohoaggpwbjdvavzqfv/Build/Products/Debug-iphonesimulator/Atomics.swiftmodule/Project/arm64-apple-ios-simulator.swiftsourceinfo

PrecompileModule /Users/aadityasingh/Library/Developer/Xcode/DerivedData/Chatlio-erkyzdeecsohoaggpwbjdvavzqfv/Build/Intermediates.noindex/ExplicitPrecompiledModules/_Builtin_limits-ZVVAGLR1GKEOTGICYQ1MMSD4.scan
    cd /
    builtin-precompileModule /Users/aadityasingh/Library/Developer/Xcode/DerivedData/Chatlio-erkyzdeecsohoaggpwbjdvavzqfv/Build/Intermediates.noindex/ExplicitPrecompiledModules/_Builtin_limits-ZVVAGLR1GKEOTGICYQ1MMSD4.scan

PrecompileModule /Users/aadityasingh/Library/Developer/Xcode/DerivedData/Chatlio-erkyzdeecsohoaggpwbjdvavzqfv/Build/Intermediates.noindex/ExplicitPrecompiledModules/_DarwinFoundation2-A86JCYITZU5TL7IR5L8TMQBC0.scan
    cd /
    builtin-precompileModule /Users/aadityasingh/Library/Developer/Xcode/DerivedData/Chatlio-erkyzdeecsohoaggpwbjdvavzqfv/Build/Intermediates.noindex/ExplicitPrecompiledModules/_DarwinFoundation2-A86JCYITZU5TL7IR5L8TMQBC0.scan

PrecompileModule /Users/aadityasingh/Library/Developer/Xcode/DerivedData/Chatlio-erkyzdeecsohoaggpwbjdvavzqfv/Build/Intermediates.noindex/ExplicitPrecompiledModules/zlib-81G6MAECKGQR1B0BPX4RXBPNK.scan
    cd /
    builtin-precompileModule /Users/aadityasingh/Library/Developer/Xcode/DerivedData/Chatlio-erkyzdeecsohoaggpwbjdvavzqfv/Build/Intermediates.noindex/ExplicitPrecompiledModules/zlib-81G6MAECKGQR1B0BPX4RXBPNK.scan

ScanDependencies /Users/aadityasingh/Library/Developer/Xcode/DerivedData/Chatlio-erkyzdeecsohoaggpwbjdvavzqfv/Build/Intermediates.noindex/DTFoundation.build/Debug-iphonesimulator/DTFoundation.build/Objects-normal/x86_64/NSMutableArray+DTMoving.o /Users/aadityasingh/Library/Developer/Xcode/DerivedData/Chatlio-erkyzdeecsohoaggpwbjdvavzqfv/SourcePackages/checkouts/DTFoundation/Core/Source/NSMutableArray+DTMoving.m normal x86_64 objective-c com.apple.compilers.llvm.clang.1_0.compiler (in target 'DTFoundation' from project 'DTFoundation')
    cd /Users/aadityasingh/Documents/Development/element-x-ios/Chatlio.xcodeproj
    
    Using response file: /Users/aadityasingh/Library/Developer/Xcode/DerivedData/Chatlio-erkyzdeecsohoaggpwbjdvavzqfv/Build/Intermediates.noindex/DTFoundation.build/Debug-iphonesimulator/DTFoundation.build/Objects-normal/x86_64/e6072d4f65d7061329687fe24e3d63a7-common-args.resp
    
    builtin-ScanDependencies -o /Users/aadityasingh/Library/Developer/Xcode/DerivedData/Chatlio-erkyzdeecsohoaggpwbjdvavzqfv/Build/Intermediates.noindex/DTFoundation.build/Debug-iphonesimulator/DTFoundation.build/Objects-normal/x86_64/NSMutableArray+DTMoving.o.scan -- /Applications/Xcode.app/Contents/Developer/Toolchains/XcodeDefault.xctoolchain/usr/bin/clang -x objective-c -ivfsstatcache /Users/aadityasingh/Library/Developer/Xcode/DerivedData/SDKStatCaches.noindex/iphonesimulator26.4-23E252-686eebb5dc1d8ecb277353a59184f4aa.sdkstatcache -target x86_64-apple-ios12.0-simulator -fmessage-length\=0 -fdiagnostics-show-note-include-stack -fmacro-backtrace-limit\=0 -fno-color-diagnostics -fmodules-prune-interval\=86400 -fmodules-prune-after\=345600 -fbuild-session-file\=/Users/aadityasingh/Library/Developer/Xcode/DerivedData/ModuleCache.noindex/Session.modulevalidation -fmodules-validate-once-per-build-session -Wnon-modular-include-in-framework-module -Werror\=non-modular-include-in-framework-module -Wno-trigraphs -Wno-missing-field-initializers -Wno-missing-prototypes -Wno-return-type -Wno-implicit-atomic-properties -Wno-objc-interface-ivars -Wno-arc-repeated-use-of-weak -Wno-missing-braces -Wparentheses -Wswitch -Wno-unused-function -Wno-unused-label -Wno-unused-parameter -Wno-unused-variable -Wunused-value -Wno-empty-body -Wno-uninitialized -Wno-unknown-pragmas -w -Wno-shadow -Wno-four-char-constants -Wno-conversion -Wno-constant-conversion -Wno-int-conversion -Wno-bool-conversion -Wno-enum-conversion -Wno-float-conversion -Wno-non-literal-null-conversion -Wno-objc-literal-conversion -Wshorten-64-to-32 -Wpointer-sign -Wno-newline-eof -Wno-selector -Wno-strict-selector-match -Wno-undeclared-selector -Wno-deprecated-implementations -Wno-implicit-fallthrough -isysroot /Applications/Xcode.app/Contents/Developer/Platforms/iPhoneSimulator.platform/Developer/SDKs/iPhoneSimulator26.4.sdk -fstrict-aliasing -Wprotocol -Wdeprecated-declarations -Wno-sign-conversion -Wno-infinite-recursion -Wno-comma -Wno-block-capture-autoreleasing -Wno-strict-prototypes -Wno-semicolon-before-method-body -index-store-path /Users/aadityasingh/Library/Developer/Xcode/DerivedData/Chatlio-erkyzdeecsohoaggpwbjdvavzqfv/Index.noindex/DataStore @/Users/aadityasingh/Library/Developer/Xcode/DerivedData/Chatlio-erkyzdeecsohoaggpwbjdvavzqfv/Build/Intermediates.noindex/DTFoundation.build/Debug-iphonesimulator/DTFoundation.build/Objects-normal/x86_64/e6072d4f65d7061329687fe24e3d63a7-common-args.resp -MMD -MT dependencies -MF /Users/aadityasingh/Library/Developer/Xcode/DerivedData/Chatlio-erkyzdeecsohoaggpwbjdvavzqfv/Build/Intermediates.noindex/DTFoundation.build/Debug-iphonesimulator/DTFoundation.build/Objects-normal/x86_64/NSMutableArray+DTMoving.d --serialize-diagnostics /Users/aadityasingh/Library/Developer/Xcode/DerivedData/Chatlio-erkyzdeecsohoaggpwbjdvavzqfv/Build/Intermediates.noindex/DTFoundation.build/Debug-iphonesimulator/DTFoundation.build/Objects-normal/x86_64/NSMutableArray+DTMoving.dia -c /Users/aadityasingh/Library/Developer/Xcode/DerivedData/Chatlio-erkyzdeecsohoaggpwbjdvavzqfv/SourcePackages/checkouts/DTFoundation/Core/Source/NSMutableArray+DTMoving.m -o /Users/aadityasingh/Library/Developer/Xcode/DerivedData/Chatlio-erkyzdeecsohoaggpwbjdvavzqfv/Build/Intermediates.noindex/DTFoundation.build/Debug-iphonesimulator/DTFoundation.build/Objects-normal/x86_64/NSMutableArray+DTMoving.o -index-unit-output-path /DTFoundation.build/Debug-iphonesimulator/DTFoundation.build/Objects-normal/x86_64/NSMutableArray+DTMoving.o

ScanDependencies /Users/aadityasingh/Library/Developer/Xcode/DerivedData/Chatlio-erkyzdeecsohoaggpwbjdvavzqfv/Build/Intermediates.noindex/DTFoundation.build/Debug-iphonesimulator/DTFoundation.build/Objects-normal/x86_64/NSImage+DTUtilities.o /Users/aadityasingh/Library/Developer/Xcode/DerivedData/Chatlio-erkyzdeecsohoaggpwbjdvavzqfv/SourcePackages/checkouts/DTFoundation/Core/Source/OSX/NSImage+DTUtilities.m normal x86_64 objective-c com.apple.compilers.llvm.clang.1_0.compiler (in target 'DTFoundation' from project 'DTFoundation')
    cd /Users/aadityasingh/Documents/Development/element-x-ios/Chatlio.xcodeproj
    
    Using response file: /Users/aadityasingh/Library/Developer/Xcode/DerivedData/Chatlio-erkyzdeecsohoaggpwbjdvavzqfv/Build/Intermediates.noindex/DTFoundation.build/Debug-iphonesimulator/DTFoundation.build/Objects-normal/x86_64/e6072d4f65d7061329687fe24e3d63a7-common-args.resp
    
    builtin-ScanDependencies -o /Users/aadityasingh/Library/Developer/Xcode/DerivedData/Chatlio-erkyzdeecsohoaggpwbjdvavzqfv/Build/Intermediates.noindex/DTFoundation.build/Debug-iphonesimulator/DTFoundation.build/Objects-normal/x86_64/NSImage+DTUtilities.o.scan -- /Applications/Xcode.app/Contents/Developer/Toolchains/XcodeDefault.xctoolchain/usr/bin/clang -x objective-c -ivfsstatcache /Users/aadityasingh/Library/Developer/Xcode/DerivedData/SDKStatCaches.noindex/iphonesimulator26.4-23E252-686eebb5dc1d8ecb277353a59184f4aa.sdkstatcache -target x86_64-apple-ios12.0-simulator -fmessage-length\=0 -fdiagnostics-show-note-include-stack -fmacro-backtrace-limit\=0 -fno-color-diagnostics -fmodules-prune-interval\=86400 -fmodules-prune-after\=345600 -fbuild-session-file\=/Users/aadityasingh/Library/Developer/Xcode/DerivedData/ModuleCache.noindex/Session.modulevalidation -fmodules-validate-once-per-build-session -Wnon-modular-include-in-framework-module -Werror\=non-modular-include-in-framework-module -Wno-trigraphs -Wno-missing-field-initializers -Wno-missing-prototypes -Wno-return-type -Wno-implicit-atomic-properties -Wno-objc-interface-ivars -Wno-arc-repeated-use-of-weak -Wno-missing-braces -Wparentheses -Wswitch -Wno-unused-function -Wno-unused-label -Wno-unused-parameter -Wno-unused-variable -Wunused-value -Wno-empty-body -Wno-uninitialized -Wno-unknown-pragmas -w -Wno-shadow -Wno-four-char-constants -Wno-conversion -Wno-constant-conversion -Wno-int-conversion -Wno-bool-conversion -Wno-enum-conversion -Wno-float-conversion -Wno-non-literal-null-conversion -Wno-objc-literal-conversion -Wshorten-64-to-32 -Wpointer-sign -Wno-newline-eof -Wno-selector -Wno-strict-selector-match -Wno-undeclared-selector -Wno-deprecated-implementations -Wno-implicit-fallthrough -isysroot /Applications/Xcode.app/Contents/Developer/Platforms/iPhoneSimulator.platform/Developer/SDKs/iPhoneSimulator26.4.sdk -fstrict-aliasing -Wprotocol -Wdeprecated-declarations -Wno-sign-conversion -Wno-infinite-recursion -Wno-comma -Wno-block-capture-autoreleasing -Wno-strict-prototypes -Wno-semicolon-before-method-body -index-store-path /Users/aadityasingh/Library/Developer/Xcode/DerivedData/Chatlio-erkyzdeecsohoaggpwbjdvavzqfv/Index.noindex/DataStore @/Users/aadityasingh/Library/Developer/Xcode/DerivedData/Chatlio-erkyzdeecsohoaggpwbjdvavzqfv/Build/Intermediates.noindex/DTFoundation.build/Debug-iphonesimulator/DTFoundation.build/Objects-normal/x86_64/e6072d4f65d7061329687fe24e3d63a7-common-args.resp -MMD -MT dependencies -MF /Users/aadityasingh/Library/Developer/Xcode/DerivedData/Chatlio-erkyzdeecsohoaggpwbjdvavzqfv/Build/Intermediates.noindex/DTFoundation.build/Debug-iphonesimulator/DTFoundation.build/Objects-normal/x86_64/NSImage+DTUtilities.d --serialize-diagnostics /Users/aadityasingh/Library/Developer/Xcode/DerivedData/Chatlio-erkyzdeecsohoaggpwbjdvavzqfv/Build/Intermediates.noindex/DTFoundation.build/Debug-iphonesimulator/DTFoundation.build/Objects-normal/x86_64/NSImage+DTUtilities.dia -c /Users/aadityasingh/Library/Developer/Xcode/DerivedData/Chatlio-erkyzdeecsohoaggpwbjdvavzqfv/SourcePackages/checkouts/DTFoundation/Core/Source/OSX/NSImage+DTUtilities.m -o /Users/aadityasingh/Library/Developer/Xcode/DerivedData/Chatlio-erkyzdeecsohoaggpwbjdvavzqfv/Build/Intermediates.noindex/DTFoundation.build/Debug-iphonesimulator/DTFoundation.build/Objects-normal/x86_64/NSImage+DTUtilities.o -index-unit-output-path /DTFoundation.build/Debug-iphonesimulator/DTFoundation.build/Objects-normal/x86_64/NSImage+DTUtilities.o

ScanDependencies /Users/aadityasingh/Library/Developer/Xcode/DerivedData/Chatlio-erkyzdeecsohoaggpwbjdvavzqfv/Build/Intermediates.noindex/DTFoundation.build/Debug-iphonesimulator/DTFoundation.build/Objects-normal/x86_64/NSFileWrapper+DTCopying.o /Users/aadityasingh/Library/Developer/Xcode/DerivedData/Chatlio-erkyzdeecsohoaggpwbjdvavzqfv/SourcePackages/checkouts/DTFoundation/Core/Source/NSFileWrapper+DTCopying.m normal x86_64 objective-c com.apple.compilers.llvm.clang.1_0.compiler (in target 'DTFoundation' from project 'DTFoundation')
    cd /Users/aadityasingh/Documents/Development/element-x-ios/Chatlio.xcodeproj
    
    Using response file: /Users/aadityasingh/Library/Developer/Xcode/DerivedData/Chatlio-erkyzdeecsohoaggpwbjdvavzqfv/Build/Intermediates.noindex/DTFoundation.build/Debug-iphonesimulator/DTFoundation.build/Objects-normal/x86_64/e6072d4f65d7061329687fe24e3d63a7-common-args.resp
    
    builtin-ScanDependencies -o /Users/aadityasingh/Library/Developer/Xcode/DerivedData/Chatlio-erkyzdeecsohoaggpwbjdvavzqfv/Build/Intermediates.noindex/DTFoundation.build/Debug-iphonesimulator/DTFoundation.build/Objects-normal/x86_64/NSFileWrapper+DTCopying.o.scan -- /Applications/Xcode.app/Contents/Developer/Toolchains/XcodeDefault.xctoolchain/usr/bin/clang -x objective-c -ivfsstatcache /Users/aadityasingh/Library/Developer/Xcode/DerivedData/SDKStatCaches.noindex/iphonesimulator26.4-23E252-686eebb5dc1d8ecb277353a59184f4aa.sdkstatcache -target x86_64-apple-ios12.0-simulator -fmessage-length\=0 -fdiagnostics-show-note-include-stack -fmacro-backtrace-limit\=0 -fno-color-diagnostics -fmodules-prune-interval\=86400 -fmodules-prune-after\=345600 -fbuild-session-file\=/Users/aadityasingh/Library/Developer/Xcode/DerivedData/ModuleCache.noindex/Session.modulevalidation -fmodules-validate-once-per-build-session -Wnon-modular-include-in-framework-module -Werror\=non-modular-include-in-framework-module -Wno-trigraphs -Wno-missing-field-initializers -Wno-missing-prototypes -Wno-return-type -Wno-implicit-atomic-properties -Wno-objc-interface-ivars -Wno-arc-repeated-use-of-weak -Wno-missing-braces -Wparentheses -Wswitch -Wno-unused-function -Wno-unused-label -Wno-unused-parameter -Wno-unused-variable -Wunused-value -Wno-empty-body -Wno-uninitialized -Wno-unknown-pragmas -w -Wno-shadow -Wno-four-char-constants -Wno-conversion -Wno-constant-conversion -Wno-int-conversion -Wno-bool-conversion -Wno-enum-conversion -Wno-float-conversion -Wno-non-literal-null-conversion -Wno-objc-literal-conversion -Wshorten-64-to-32 -Wpointer-sign -Wno-newline-eof -Wno-selector -Wno-strict-selector-match -Wno-undeclared-selector -Wno-deprecated-implementations -Wno-implicit-fallthrough -isysroot /Applications/Xcode.app/Contents/Developer/Platforms/iPhoneSimulator.platform/Developer/SDKs/iPhoneSimulator26.4.sdk -fstrict-aliasing -Wprotocol -Wdeprecated-declarations -Wno-sign-conversion -Wno-infinite-recursion -Wno-comma -Wno-block-capture-autoreleasing -Wno-strict-prototypes -Wno-semicolon-before-method-body -index-store-path /Users/aadityasingh/Library/Developer/Xcode/DerivedData/Chatlio-erkyzdeecsohoaggpwbjdvavzqfv/Index.noindex/DataStore @/Users/aadityasingh/Library/Developer/Xcode/DerivedData/Chatlio-erkyzdeecsohoaggpwbjdvavzqfv/Build/Intermediates.noindex/DTFoundation.build/Debug-iphonesimulator/DTFoundation.build/Objects-normal/x86_64/e6072d4f65d7061329687fe24e3d63a7-common-args.resp -MMD -MT dependencies -MF /Users/aadityasingh/Library/Developer/Xcode/DerivedData/Chatlio-erkyzdeecsohoaggpwbjdvavzqfv/Build/Intermediates.noindex/DTFoundation.build/Debug-iphonesimulator/DTFoundation.build/Objects-normal/x86_64/NSFileWrapper+DTCopying.d --serialize-diagnostics /Users/aadityasingh/Library/Developer/Xcode/DerivedData/Chatlio-erkyzdeecsohoaggpwbjdvavzqfv/Build/Intermediates.noindex/DTFoundation.build/Debug-iphonesimulator/DTFoundation.build/Objects-normal/x86_64/NSFileWrapper+DTCopying.dia -c /Users/aadityasingh/Library/Developer/Xcode/DerivedData/Chatlio-erkyzdeecsohoaggpwbjdvavzqfv/SourcePackages/checkouts/DTFoundation/Core/Source/NSFileWrapper+DTCopying.m -o /Users/aadityasingh/Library/Developer/Xcode/DerivedData/Chatlio-erkyzdeecsohoaggpwbjdvavzqfv/Build/Intermediates.noindex/DTFoundation.build/Debug-iphonesimulator/DTFoundation.build/Objects-normal/x86_64/NSFileWrapper+DTCopying.o -index-unit-output-path /DTFoundation.build/Debug-iphonesimulator/DTFoundation.build/Objects-normal/x86_64/NSFileWrapper+DTCopying.o

ScanDependencies /Users/aadityasingh/Library/Developer/Xcode/DerivedData/Chatlio-erkyzdeecsohoaggpwbjdvavzqfv/Build/Intermediates.noindex/DTFoundation.build/Debug-iphonesimulator/DTFoundation.build/Objects-normal/x86_64/NSDocument+DTFoundation.o /Users/aadityasingh/Library/Developer/Xcode/DerivedData/Chatlio-erkyzdeecsohoaggpwbjdvavzqfv/SourcePackages/checkouts/DTFoundation/Core/Source/OSX/NSDocument+DTFoundation.m normal x86_64 objective-c com.apple.compilers.llvm.clang.1_0.compiler (in target 'DTFoundation' from project 'DTFoundation')
    cd /Users/aadityasingh/Documents/Development/element-x-ios/Chatlio.xcodeproj
    
    Using response file: /Users/aadityasingh/Library/Developer/Xcode/DerivedData/Chatlio-erkyzdeecsohoaggpwbjdvavzqfv/Build/Intermediates.noindex/DTFoundation.build/Debug-iphonesimulator/DTFoundation.build/Objects-normal/x86_64/e6072d4f65d7061329687fe24e3d63a7-common-args.resp
    
    builtin-ScanDependencies -o /Users/aadityasingh/Library/Developer/Xcode/DerivedData/Chatlio-erkyzdeecsohoaggpwbjdvavzqfv/Build/Intermediates.noindex/DTFoundation.build/Debug-iphonesimulator/DTFoundation.build/Objects-normal/x86_64/NSDocument+DTFoundation.o.scan -- /Applications/Xcode.app/Contents/Developer/Toolchains/XcodeDefault.xctoolchain/usr/bin/clang -x objective-c -ivfsstatcache /Users/aadityasingh/Library/Developer/Xcode/DerivedData/SDKStatCaches.noindex/iphonesimulator26.4-23E252-686eebb5dc1d8ecb277353a59184f4aa.sdkstatcache -target x86_64-apple-ios12.0-simulator -fmessage-length\=0 -fdiagnostics-show-note-include-stack -fmacro-backtrace-limit\=0 -fno-color-diagnostics -fmodules-prune-interval\=86400 -fmodules-prune-after\=345600 -fbuild-session-file\=/Users/aadityasingh/Library/Developer/Xcode/DerivedData/ModuleCache.noindex/Session.modulevalidation -fmodules-validate-once-per-build-session -Wnon-modular-include-in-framework-module -Werror\=non-modular-include-in-framework-module -Wno-trigraphs -Wno-missing-field-initializers -Wno-missing-prototypes -Wno-return-type -Wno-implicit-atomic-properties -Wno-objc-interface-ivars -Wno-arc-repeated-use-of-weak -Wno-missing-braces -Wparentheses -Wswitch -Wno-unused-function -Wno-unused-label -Wno-unused-parameter -Wno-unused-variable -Wunused-value -Wno-empty-body -Wno-uninitialized -Wno-unknown-pragmas -w -Wno-shadow -Wno-four-char-constants -Wno-conversion -Wno-constant-conversion -Wno-int-conversion -Wno-bool-conversion -Wno-enum-conversion -Wno-float-conversion -Wno-non-literal-null-conversion -Wno-objc-literal-conversion -Wshorten-64-to-32 -Wpointer-sign -Wno-newline-eof -Wno-selector -Wno-strict-selector-match -Wno-undeclared-selector -Wno-deprecated-implementations -Wno-implicit-fallthrough -isysroot /Applications/Xcode.app/Contents/Developer/Platforms/iPhoneSimulator.platform/Developer/SDKs/iPhoneSimulator26.4.sdk -fstrict-aliasing -Wprotocol -Wdeprecated-declarations -Wno-sign-conversion -Wno-infinite-recursion -Wno-comma -Wno-block-capture-autoreleasing -Wno-strict-prototypes -Wno-semicolon-before-method-body -index-store-path /Users/aadityasingh/Library/Developer/Xcode/DerivedData/Chatlio-erkyzdeecsohoaggpwbjdvavzqfv/Index.noindex/DataStore @/Users/aadityasingh/Library/Developer/Xcode/DerivedData/Chatlio-erkyzdeecsohoaggpwbjdvavzqfv/Build/Intermediates.noindex/DTFoundation.build/Debug-iphonesimulator/DTFoundation.build/Objects-normal/x86_64/e6072d4f65d7061329687fe24e3d63a7-common-args.resp -MMD -MT dependencies -MF /Users/aadityasingh/Library/Developer/Xcode/DerivedData/Chatlio-erkyzdeecsohoaggpwbjdvavzqfv/Build/Intermediates.noindex/DTFoundation.build/Debug-iphonesimulator/DTFoundation.build/Objects-normal/x86_64/NSDocument+DTFoundation.d --serialize-diagnostics /Users/aadityasingh/Library/Developer/Xcode/DerivedData/Chatlio-erkyzdeecsohoaggpwbjdvavzqfv/Build/Intermediates.noindex/DTFoundation.build/Debug-iphonesimulator/DTFoundation.build/Objects-normal/x86_64/NSDocument+DTFoundation.dia -c /Users/aadityasingh/Library/Developer/Xcode/DerivedData/Chatlio-erkyzdeecsohoaggpwbjdvavzqfv/SourcePackages/checkouts/DTFoundation/Core/Source/OSX/NSDocument+DTFoundation.m -o /Users/aadityasingh/Library/Developer/Xcode/DerivedData/Chatlio-erkyzdeecsohoaggpwbjdvavzqfv/Build/Intermediates.noindex/DTFoundation.build/Debug-iphonesimulator/DTFoundation.build/Objects-normal/x86_64/NSDocument+DTFoundation.o -index-unit-output-path /DTFoundation.build/Debug-iphonesimulator/DTFoundation.build/Objects-normal/x86_64/NSDocument+DTFoundation.o

ScanDependencies /Users/aadityasingh/Library/Developer/Xcode/DerivedData/Chatlio-erkyzdeecsohoaggpwbjdvavzqfv/Build/Intermediates.noindex/DTFoundation.build/Debug-iphonesimulator/DTFoundation.build/Objects-normal/x86_64/NSDictionary+DTError.o /Users/aadityasingh/Library/Developer/Xcode/DerivedData/Chatlio-erkyzdeecsohoaggpwbjdvavzqfv/SourcePackages/checkouts/DTFoundation/Core/Source/NSDictionary+DTError.m normal x86_64 objective-c com.apple.compilers.llvm.clang.1_0.compiler (in target 'DTFoundation' from project 'DTFoundation')
    cd /Users/aadityasingh/Documents/Development/element-x-ios/Chatlio.xcodeproj
    
    Using response file: /Users/aadityasingh/Library/Developer/Xcode/DerivedData/Chatlio-erkyzdeecsohoaggpwbjdvavzqfv/Build/Intermediates.noindex/DTFoundation.build/Debug-iphonesimulator/DTFoundation.build/Objects-normal/x86_64/e6072d4f65d7061329687fe24e3d63a7-common-args.resp
    
    builtin-ScanDependencies -o /Users/aadityasingh/Library/Developer/Xcode/DerivedData/Chatlio-erkyzdeecsohoaggpwbjdvavzqfv/Build/Intermediates.noindex/DTFoundation.build/Debug-iphonesimulator/DTFoundation.build/Objects-normal/x86_64/NSDictionary+DTError.o.scan -- /Applications/Xcode.app/Contents/Developer/Toolchains/XcodeDefault.xctoolchain/usr/bin/clang -x objective-c -ivfsstatcache /Users/aadityasingh/Library/Developer/Xcode/DerivedData/SDKStatCaches.noindex/iphonesimulator26.4-23E252-686eebb5dc1d8ecb277353a59184f4aa.sdkstatcache -target x86_64-apple-ios12.0-simulator -fmessage-length\=0 -fdiagnostics-show-note-include-stack -fmacro-backtrace-limit\=0 -fno-color-diagnostics -fmodules-prune-interval\=86400 -fmodules-prune-after\=345600 -fbuild-session-file\=/Users/aadityasingh/Library/Developer/Xcode/DerivedData/ModuleCache.noindex/Session.modulevalidation -fmodules-validate-once-per-build-session -Wnon-modular-include-in-framework-module -Werror\=non-modular-include-in-framework-module -Wno-trigraphs -Wno-missing-field-initializers -Wno-missing-prototypes -Wno-return-type -Wno-implicit-atomic-properties -Wno-objc-interface-ivars -Wno-arc-repeated-use-of-weak -Wno-missing-braces -Wparentheses -Wswitch -Wno-unused-function -Wno-unused-label -Wno-unused-parameter -Wno-unused-variable -Wunused-value -Wno-empty-body -Wno-uninitialized -Wno-unknown-pragmas -w -Wno-shadow -Wno-four-char-constants -Wno-conversion -Wno-constant-conversion -Wno-int-conversion -Wno-bool-conversion -Wno-enum-conversion -Wno-float-conversion -Wno-non-literal-null-conversion -Wno-objc-literal-conversion -Wshorten-64-to-32 -Wpointer-sign -Wno-newline-eof -Wno-selector -Wno-strict-selector-match -Wno-undeclared-selector -Wno-deprecated-implementations -Wno-implicit-fallthrough -isysroot /Applications/Xcode.app/Contents/Developer/Platforms/iPhoneSimulator.platform/Developer/SDKs/iPhoneSimulator26.4.sdk -fstrict-aliasing -Wprotocol -Wdeprecated-declarations -Wno-sign-conversion -Wno-infinite-recursion -Wno-comma -Wno-block-capture-autoreleasing -Wno-strict-prototypes -Wno-semicolon-before-method-body -index-store-path /Users/aadityasingh/Library/Developer/Xcode/DerivedData/Chatlio-erkyzdeecsohoaggpwbjdvavzqfv/Index.noindex/DataStore @/Users/aadityasingh/Library/Developer/Xcode/DerivedData/Chatlio-erkyzdeecsohoaggpwbjdvavzqfv/Build/Intermediates.noindex/DTFoundation.build/Debug-iphonesimulator/DTFoundation.build/Objects-normal/x86_64/e6072d4f65d7061329687fe24e3d63a7-common-args.resp -MMD -MT dependencies -MF /Users/aadityasingh/Library/Developer/Xcode/DerivedData/Chatlio-erkyzdeecsohoaggpwbjdvavzqfv/Build/Intermediates.noindex/DTFoundation.build/Debug-iphonesimulator/DTFoundation.build/Objects-normal/x86_64/NSDictionary+DTError.d --serialize-diagnostics /Users/aadityasingh/Library/Developer/Xcode/DerivedData/Chatlio-erkyzdeecsohoaggpwbjdvavzqfv/Build/Intermediates.noindex/DTFoundation.build/Debug-iphonesimulator/DTFoundation.build/Objects-normal/x86_64/NSDictionary+DTError.dia -c /Users/aadityasingh/Library/Developer/Xcode/DerivedData/Chatlio-erkyzdeecsohoaggpwbjdvavzqfv/SourcePackages/checkouts/DTFoundation/Core/Source/NSDictionary+DTError.m -o /Users/aadityasingh/Library/Developer/Xcode/DerivedData/Chatlio-erkyzdeecsohoaggpwbjdvavzqfv/Build/Intermediates.noindex/DTFoundation.build/Debug-iphonesimulator/DTFoundation.build/Objects-normal/x86_64/NSDictionary+DTError.o -index-unit-output-path /DTFoundation.build/Debug-iphonesimulator/DTFoundation.build/Objects-normal/x86_64/NSDictionary+DTError.o

ScanDependencies /Users/aadityasingh/Library/Developer/Xcode/DerivedData/Chatlio-erkyzdeecsohoaggpwbjdvavzqfv/Build/Intermediates.noindex/DTFoundation.build/Debug-iphonesimulator/DTFoundation.build/Objects-normal/x86_64/NSData+DTCrypto.o /Users/aadityasingh/Library/Developer/Xcode/DerivedData/Chatlio-erkyzdeecsohoaggpwbjdvavzqfv/SourcePackages/checkouts/DTFoundation/Core/Source/NSData+DTCrypto.m normal x86_64 objective-c com.apple.compilers.llvm.clang.1_0.compiler (in target 'DTFoundation' from project 'DTFoundation')
    cd /Users/aadityasingh/Documents/Development/element-x-ios/Chatlio.xcodeproj
    
    Using response file: /Users/aadityasingh/Library/Developer/Xcode/DerivedData/Chatlio-erkyzdeecsohoaggpwbjdvavzqfv/Build/Intermediates.noindex/DTFoundation.build/Debug-iphonesimulator/DTFoundation.build/Objects-normal/x86_64/e6072d4f65d7061329687fe24e3d63a7-common-args.resp
    
    builtin-ScanDependencies -o /Users/aadityasingh/Library/Developer/Xcode/DerivedData/Chatlio-erkyzdeecsohoaggpwbjdvavzqfv/Build/Intermediates.noindex/DTFoundation.build/Debug-iphonesimulator/DTFoundation.build/Objects-normal/x86_64/NSData+DTCrypto.o.scan -- /Applications/Xcode.app/Contents/Developer/Toolchains/XcodeDefault.xctoolchain/usr/bin/clang -x objective-c -ivfsstatcache /Users/aadityasingh/Library/Developer/Xcode/DerivedData/SDKStatCaches.noindex/iphonesimulator26.4-23E252-686eebb5dc1d8ecb277353a59184f4aa.sdkstatcache -target x86_64-apple-ios12.0-simulator -fmessage-length\=0 -fdiagnostics-show-note-include-stack -fmacro-backtrace-limit\=0 -fno-color-diagnostics -fmodules-prune-interval\=86400 -fmodules-prune-after\=345600 -fbuild-session-file\=/Users/aadityasingh/Library/Developer/Xcode/DerivedData/ModuleCache.noindex/Session.modulevalidation -fmodules-validate-once-per-build-session -Wnon-modular-include-in-framework-module -Werror\=non-modular-include-in-framework-module -Wno-trigraphs -Wno-missing-field-initializers -Wno-missing-prototypes -Wno-return-type -Wno-implicit-atomic-properties -Wno-objc-interface-ivars -Wno-arc-repeated-use-of-weak -Wno-missing-braces -Wparentheses -Wswitch -Wno-unused-function -Wno-unused-label -Wno-unused-parameter -Wno-unused-variable -Wunused-value -Wno-empty-body -Wno-uninitialized -Wno-unknown-pragmas -w -Wno-shadow -Wno-four-char-constants -Wno-conversion -Wno-constant-conversion -Wno-int-conversion -Wno-bool-conversion -Wno-enum-conversion -Wno-float-conversion -Wno-non-literal-null-conversion -Wno-objc-literal-conversion -Wshorten-64-to-32 -Wpointer-sign -Wno-newline-eof -Wno-selector -Wno-strict-selector-match -Wno-undeclared-selector -Wno-deprecated-implementations -Wno-implicit-fallthrough -isysroot /Applications/Xcode.app/Contents/Developer/Platforms/iPhoneSimulator.platform/Developer/SDKs/iPhoneSimulator26.4.sdk -fstrict-aliasing -Wprotocol -Wdeprecated-declarations -Wno-sign-conversion -Wno-infinite-recursion -Wno-comma -Wno-block-capture-autoreleasing -Wno-strict-prototypes -Wno-semicolon-before-method-body -index-store-path /Users/aadityasingh/Library/Developer/Xcode/DerivedData/Chatlio-erkyzdeecsohoaggpwbjdvavzqfv/Index.noindex/DataStore @/Users/aadityasingh/Library/Developer/Xcode/DerivedData/Chatlio-erkyzdeecsohoaggpwbjdvavzqfv/Build/Intermediates.noindex/DTFoundation.build/Debug-iphonesimulator/DTFoundation.build/Objects-normal/x86_64/e6072d4f65d7061329687fe24e3d63a7-common-args.resp -MMD -MT dependencies -MF /Users/aadityasingh/Library/Developer/Xcode/DerivedData/Chatlio-erkyzdeecsohoaggpwbjdvavzqfv/Build/Intermediates.noindex/DTFoundation.build/Debug-iphonesimulator/DTFoundation.build/Objects-normal/x86_64/NSData+DTCrypto.d --serialize-diagnostics /Users/aadityasingh/Library/Developer/Xcode/DerivedData/Chatlio-erkyzdeecsohoaggpwbjdvavzqfv/Build/Intermediates.noindex/DTFoundation.build/Debug-iphonesimulator/DTFoundation.build/Objects-normal/x86_64/NSData+DTCrypto.dia -c /Users/aadityasingh/Library/Developer/Xcode/DerivedData/Chatlio-erkyzdeecsohoaggpwbjdvavzqfv/SourcePackages/checkouts/DTFoundation/Core/Source/NSData+DTCrypto.m -o /Users/aadityasingh/Library/Developer/Xcode/DerivedData/Chatlio-erkyzdeecsohoaggpwbjdvavzqfv/Build/Intermediates.noindex/DTFoundation.build/Debug-iphonesimulator/DTFoundation.build/Objects-normal/x86_64/NSData+DTCrypto.o -index-unit-output-path /DTFoundation.build/Debug-iphonesimulator/DTFoundation.build/Objects-normal/x86_64/NSData+DTCrypto.o

CompileC /Users/aadityasingh/Library/Developer/Xcode/DerivedData/Chatlio-erkyzdeecsohoaggpwbjdvavzqfv/Build/Intermediates.noindex/DTFoundation.build/Debug-iphonesimulator/DTFoundation.build/Objects-normal/x86_64/NSImage+DTUtilities.o /Users/aadityasingh/Library/Developer/Xcode/DerivedData/Chatlio-erkyzdeecsohoaggpwbjdvavzqfv/SourcePackages/checkouts/DTFoundation/Core/Source/OSX/NSImage+DTUtilities.m normal x86_64 objective-c com.apple.compilers.llvm.clang.1_0.compiler (in target 'DTFoundation' from project 'DTFoundation')
    cd /Users/aadityasingh/Documents/Development/element-x-ios/Chatlio.xcodeproj
    
    Using response file: /Users/aadityasingh/Library/Developer/Xcode/DerivedData/Chatlio-erkyzdeecsohoaggpwbjdvavzqfv/Build/Intermediates.noindex/DTFoundation.build/Debug-iphonesimulator/DTFoundation.build/Objects-normal/x86_64/e6072d4f65d7061329687fe24e3d63a7-common-args.resp
    
    /Applications/Xcode.app/Contents/Developer/Toolchains/XcodeDefault.xctoolchain/usr/bin/clang -x objective-c -ivfsstatcache /Users/aadityasingh/Library/Developer/Xcode/DerivedData/SDKStatCaches.noindex/iphonesimulator26.4-23E252-686eebb5dc1d8ecb277353a59184f4aa.sdkstatcache -target x86_64-apple-ios12.0-simulator -fmessage-length\=0 -fdiagnostics-show-note-include-stack -fmacro-backtrace-limit\=0 -fno-color-diagnostics -fmodules-prune-interval\=86400 -fmodules-prune-after\=345600 -fbuild-session-file\=/Users/aadityasingh/Library/Developer/Xcode/DerivedData/ModuleCache.noindex/Session.modulevalidation -fmodules-validate-once-per-build-session -Wnon-modular-include-in-framework-module -Werror\=non-modular-include-in-framework-module -Wno-trigraphs -Wno-missing-field-initializers -Wno-missing-prototypes -Wno-return-type -Wno-implicit-atomic-properties -Wno-objc-interface-ivars -Wno-arc-repeated-use-of-weak -Wno-missing-braces -Wparentheses -Wswitch -Wno-unused-function -Wno-unused-label -Wno-unused-parameter -Wno-unused-variable -Wunused-value -Wno-empty-body -Wno-uninitialized -Wno-unknown-pragmas -w -Wno-shadow -Wno-four-char-constants -Wno-conversion -Wno-constant-conversion -Wno-int-conversion -Wno-bool-conversion -Wno-enum-conversion -Wno-float-conversion -Wno-non-literal-null-conversion -Wno-objc-literal-conversion -Wshorten-64-to-32 -Wpointer-sign -Wno-newline-eof -Wno-selector -Wno-strict-selector-match -Wno-undeclared-selector -Wno-deprecated-implementations -Wno-implicit-fallthrough -isysroot /Applications/Xcode.app/Contents/Developer/Platforms/iPhoneSimulator.platform/Developer/SDKs/iPhoneSimulator26.4.sdk -fstrict-aliasing -Wprotocol -Wdeprecated-declarations -Wno-sign-conversion -Wno-infinite-recursion -Wno-comma -Wno-block-capture-autoreleasing -Wno-strict-prototypes -Wno-semicolon-before-method-body -index-store-path /Users/aadityasingh/Library/Developer/Xcode/DerivedData/Chatlio-erkyzdeecsohoaggpwbjdvavzqfv/Index.noindex/DataStore @/Users/aadityasingh/Library/Developer/Xcode/DerivedData/Chatlio-erkyzdeecsohoaggpwbjdvavzqfv/Build/Intermediates.noindex/DTFoundation.build/Debug-iphonesimulator/DTFoundation.build/Objects-normal/x86_64/e6072d4f65d7061329687fe24e3d63a7-common-args.resp -MMD -MT dependencies -MF /Users/aadityasingh/Library/Developer/Xcode/DerivedData/Chatlio-erkyzdeecsohoaggpwbjdvavzqfv/Build/Intermediates.noindex/DTFoundation.build/Debug-iphonesimulator/DTFoundation.build/Objects-normal/x86_64/NSImage+DTUtilities.d --serialize-diagnostics /Users/aadityasingh/Library/Developer/Xcode/DerivedData/Chatlio-erkyzdeecsohoaggpwbjdvavzqfv/Build/Intermediates.noindex/DTFoundation.build/Debug-iphonesimulator/DTFoundation.build/Objects-normal/x86_64/NSImage+DTUtilities.dia -c /Users/aadityasingh/Library/Developer/Xcode/DerivedData/Chatlio-erkyzdeecsohoaggpwbjdvavzqfv/SourcePackages/checkouts/DTFoundation/Core/Source/OSX/NSImage+DTUtilities.m -o /Users/aadityasingh/Library/Developer/Xcode/DerivedData/Chatlio-erkyzdeecsohoaggpwbjdvavzqfv/Build/Intermediates.noindex/DTFoundation.build/Debug-iphonesimulator/DTFoundation.build/Objects-normal/x86_64/NSImage+DTUtilities.o -index-unit-output-path /DTFoundation.build/Debug-iphonesimulator/DTFoundation.build/Objects-normal/x86_64/NSImage+DTUtilities.o

CompileC /Users/aadityasingh/Library/Developer/Xcode/DerivedData/Chatlio-erkyzdeecsohoaggpwbjdvavzqfv/Build/Intermediates.noindex/DTFoundation.build/Debug-iphonesimulator/DTFoundation.build/Objects-normal/x86_64/NSDocument+DTFoundation.o /Users/aadityasingh/Library/Developer/Xcode/DerivedData/Chatlio-erkyzdeecsohoaggpwbjdvavzqfv/SourcePackages/checkouts/DTFoundation/Core/Source/OSX/NSDocument+DTFoundation.m normal x86_64 objective-c com.apple.compilers.llvm.clang.1_0.compiler (in target 'DTFoundation' from project 'DTFoundation')
    cd /Users/aadityasingh/Documents/Development/element-x-ios/Chatlio.xcodeproj
    
    Using response file: /Users/aadityasingh/Library/Developer/Xcode/DerivedData/Chatlio-erkyzdeecsohoaggpwbjdvavzqfv/Build/Intermediates.noindex/DTFoundation.build/Debug-iphonesimulator/DTFoundation.build/Objects-normal/x86_64/e6072d4f65d7061329687fe24e3d63a7-common-args.resp
    
    /Applications/Xcode.app/Contents/Developer/Toolchains/XcodeDefault.xctoolchain/usr/bin/clang -x objective-c -ivfsstatcache /Users/aadityasingh/Library/Developer/Xcode/DerivedData/SDKStatCaches.noindex/iphonesimulator26.4-23E252-686eebb5dc1d8ecb277353a59184f4aa.sdkstatcache -target x86_64-apple-ios12.0-simulator -fmessage-length\=0 -fdiagnostics-show-note-include-stack -fmacro-backtrace-limit\=0 -fno-color-diagnostics -fmodules-prune-interval\=86400 -fmodules-prune-after\=345600 -fbuild-session-file\=/Users/aadityasingh/Library/Developer/Xcode/DerivedData/ModuleCache.noindex/Session.modulevalidation -fmodules-validate-once-per-build-session -Wnon-modular-include-in-framework-module -Werror\=non-modular-include-in-framework-module -Wno-trigraphs -Wno-missing-field-initializers -Wno-missing-prototypes -Wno-return-type -Wno-implicit-atomic-properties -Wno-objc-interface-ivars -Wno-arc-repeated-use-of-weak -Wno-missing-braces -Wparentheses -Wswitch -Wno-unused-function -Wno-unused-label -Wno-unused-parameter -Wno-unused-variable -Wunused-value -Wno-empty-body -Wno-uninitialized -Wno-unknown-pragmas -w -Wno-shadow -Wno-four-char-constants -Wno-conversion -Wno-constant-conversion -Wno-int-conversion -Wno-bool-conversion -Wno-enum-conversion -Wno-float-conversion -Wno-non-literal-null-conversion -Wno-objc-literal-conversion -Wshorten-64-to-32 -Wpointer-sign -Wno-newline-eof -Wno-selector -Wno-strict-selector-match -Wno-undeclared-selector -Wno-deprecated-implementations -Wno-implicit-fallthrough -isysroot /Applications/Xcode.app/Contents/Developer/Platforms/iPhoneSimulator.platform/Developer/SDKs/iPhoneSimulator26.4.sdk -fstrict-aliasing -Wprotocol -Wdeprecated-declarations -Wno-sign-conversion -Wno-infinite-recursion -Wno-comma -Wno-block-capture-autoreleasing -Wno-strict-prototypes -Wno-semicolon-before-method-body -index-store-path /Users/aadityasingh/Library/Developer/Xcode/DerivedData/Chatlio-erkyzdeecsohoaggpwbjdvavzqfv/Index.noindex/DataStore @/Users/aadityasingh/Library/Developer/Xcode/DerivedData/Chatlio-erkyzdeecsohoaggpwbjdvavzqfv/Build/Intermediates.noindex/DTFoundation.build/Debug-iphonesimulator/DTFoundation.build/Objects-normal/x86_64/e6072d4f65d7061329687fe24e3d63a7-common-args.resp -MMD -MT dependencies -MF /Users/aadityasingh/Library/Developer/Xcode/DerivedData/Chatlio-erkyzdeecsohoaggpwbjdvavzqfv/Build/Intermediates.noindex/DTFoundation.build/Debug-iphonesimulator/DTFoundation.build/Objects-normal/x86_64/NSDocument+DTFoundation.d --serialize-diagnostics /Users/aadityasingh/Library/Developer/Xcode/DerivedData/Chatlio-erkyzdeecsohoaggpwbjdvavzqfv/Build/Intermediates.noindex/DTFoundation.build/Debug-iphonesimulator/DTFoundation.build/Objects-normal/x86_64/NSDocument+DTFoundation.dia -c /Users/aadityasingh/Library/Developer/Xcode/DerivedData/Chatlio-erkyzdeecsohoaggpwbjdvavzqfv/SourcePackages/checkouts/DTFoundation/Core/Source/OSX/NSDocument+DTFoundation.m -o /Users/aadityasingh/Library/Developer/Xcode/DerivedData/Chatlio-erkyzdeecsohoaggpwbjdvavzqfv/Build/Intermediates.noindex/DTFoundation.build/Debug-iphonesimulator/DTFoundation.build/Objects-normal/x86_64/NSDocument+DTFoundation.o -index-unit-output-path /DTFoundation.build/Debug-iphonesimulator/DTFoundation.build/Objects-normal/x86_64/NSDocument+DTFoundation.o

ScanDependencies /Users/aadityasingh/Library/Developer/Xcode/DerivedData/Chatlio-erkyzdeecsohoaggpwbjdvavzqfv/Build/Intermediates.noindex/DTFoundation.build/Debug-iphonesimulator/DTFoundation.build/Objects-normal/x86_64/NSArray+DTError.o /Users/aadityasingh/Library/Developer/Xcode/DerivedData/Chatlio-erkyzdeecsohoaggpwbjdvavzqfv/SourcePackages/checkouts/DTFoundation/Core/Source/NSArray+DTError.m normal x86_64 objective-c com.apple.compilers.llvm.clang.1_0.compiler (in target 'DTFoundation' from project 'DTFoundation')
    cd /Users/aadityasingh/Documents/Development/element-x-ios/Chatlio.xcodeproj
    
    Using response file: /Users/aadityasingh/Library/Developer/Xcode/DerivedData/Chatlio-erkyzdeecsohoaggpwbjdvavzqfv/Build/Intermediates.noindex/DTFoundation.build/Debug-iphonesimulator/DTFoundation.build/Objects-normal/x86_64/e6072d4f65d7061329687fe24e3d63a7-common-args.resp
    
    builtin-ScanDependencies -o /Users/aadityasingh/Library/Developer/Xcode/DerivedData/Chatlio-erkyzdeecsohoaggpwbjdvavzqfv/Build/Intermediates.noindex/DTFoundation.build/Debug-iphonesimulator/DTFoundation.build/Objects-normal/x86_64/NSArray+DTError.o.scan -- /Applications/Xcode.app/Contents/Developer/Toolchains/XcodeDefault.xctoolchain/usr/bin/clang -x objective-c -ivfsstatcache /Users/aadityasingh/Library/Developer/Xcode/DerivedData/SDKStatCaches.noindex/iphonesimulator26.4-23E252-686eebb5dc1d8ecb277353a59184f4aa.sdkstatcache -target x86_64-apple-ios12.0-simulator -fmessage-length\=0 -fdiagnostics-show-note-include-stack -fmacro-backtrace-limit\=0 -fno-color-diagnostics -fmodules-prune-interval\=86400 -fmodules-prune-after\=345600 -fbuild-session-file\=/Users/aadityasingh/Library/Developer/Xcode/DerivedData/ModuleCache.noindex/Session.modulevalidation -fmodules-validate-once-per-build-session -Wnon-modular-include-in-framework-module -Werror\=non-modular-include-in-framework-module -Wno-trigraphs -Wno-missing-field-initializers -Wno-missing-prototypes -Wno-return-type -Wno-implicit-atomic-properties -Wno-objc-interface-ivars -Wno-arc-repeated-use-of-weak -Wno-missing-braces -Wparentheses -Wswitch -Wno-unused-function -Wno-unused-label -Wno-unused-parameter -Wno-unused-variable -Wunused-value -Wno-empty-body -Wno-uninitialized -Wno-unknown-pragmas -w -Wno-shadow -Wno-four-char-constants -Wno-conversion -Wno-constant-conversion -Wno-int-conversion -Wno-bool-conversion -Wno-enum-conversion -Wno-float-conversion -Wno-non-literal-null-conversion -Wno-objc-literal-conversion -Wshorten-64-to-32 -Wpointer-sign -Wno-newline-eof -Wno-selector -Wno-strict-selector-match -Wno-undeclared-selector -Wno-deprecated-implementations -Wno-implicit-fallthrough -isysroot /Applications/Xcode.app/Contents/Developer/Platforms/iPhoneSimulator.platform/Developer/SDKs/iPhoneSimulator26.4.sdk -fstrict-aliasing -Wprotocol -Wdeprecated-declarations -Wno-sign-conversion -Wno-infinite-recursion -Wno-comma -Wno-block-capture-autoreleasing -Wno-strict-prototypes -Wno-semicolon-before-method-body -index-store-path /Users/aadityasingh/Library/Developer/Xcode/DerivedData/Chatlio-erkyzdeecsohoaggpwbjdvavzqfv/Index.noindex/DataStore @/Users/aadityasingh/Library/Developer/Xcode/DerivedData/Chatlio-erkyzdeecsohoaggpwbjdvavzqfv/Build/Intermediates.noindex/DTFoundation.build/Debug-iphonesimulator/DTFoundation.build/Objects-normal/x86_64/e6072d4f65d7061329687fe24e3d63a7-common-args.resp -MMD -MT dependencies -MF /Users/aadityasingh/Library/Developer/Xcode/DerivedData/Chatlio-erkyzdeecsohoaggpwbjdvavzqfv/Build/Intermediates.noindex/DTFoundation.build/Debug-iphonesimulator/DTFoundation.build/Objects-normal/x86_64/NSArray+DTError.d --serialize-diagnostics /Users/aadityasingh/Library/Developer/Xcode/DerivedData/Chatlio-erkyzdeecsohoaggpwbjdvavzqfv/Build/Intermediates.noindex/DTFoundation.build/Debug-iphonesimulator/DTFoundation.build/Objects-normal/x86_64/NSArray+DTError.dia -c /Users/aadityasingh/Library/Developer/Xcode/DerivedData/Chatlio-erkyzdeecsohoaggpwbjdvavzqfv/SourcePackages/checkouts/DTFoundation/Core/Source/NSArray+DTError.m -o /Users/aadityasingh/Library/Developer/Xcode/DerivedData/Chatlio-erkyzdeecsohoaggpwbjdvavzqfv/Build/Intermediates.noindex/DTFoundation.build/Debug-iphonesimulator/DTFoundation.build/Objects-normal/x86_64/NSArray+DTError.o -index-unit-output-path /DTFoundation.build/Debug-iphonesimulator/DTFoundation.build/Objects-normal/x86_64/NSArray+DTError.o

ScanDependencies /Users/aadityasingh/Library/Developer/Xcode/DerivedData/Chatlio-erkyzdeecsohoaggpwbjdvavzqfv/Build/Intermediates.noindex/DTFoundation.build/Debug-iphonesimulator/DTFoundation.build/Objects-normal/x86_64/DTZipArchivePKZip.o /Users/aadityasingh/Library/Developer/Xcode/DerivedData/Chatlio-erkyzdeecsohoaggpwbjdvavzqfv/SourcePackages/checkouts/DTFoundation/Core/Source/DTZipArchive/DTZipArchivePKZip.m normal x86_64 objective-c com.apple.compilers.llvm.clang.1_0.compiler (in target 'DTFoundation' from project 'DTFoundation')
    cd /Users/aadityasingh/Documents/Development/element-x-ios/Chatlio.xcodeproj
    
    Using response file: /Users/aadityasingh/Library/Developer/Xcode/DerivedData/Chatlio-erkyzdeecsohoaggpwbjdvavzqfv/Build/Intermediates.noindex/DTFoundation.build/Debug-iphonesimulator/DTFoundation.build/Objects-normal/x86_64/e6072d4f65d7061329687fe24e3d63a7-common-args.resp
    
    builtin-ScanDependencies -o /Users/aadityasingh/Library/Developer/Xcode/DerivedData/Chatlio-erkyzdeecsohoaggpwbjdvavzqfv/Build/Intermediates.noindex/DTFoundation.build/Debug-iphonesimulator/DTFoundation.build/Objects-normal/x86_64/DTZipArchivePKZip.o.scan -- /Applications/Xcode.app/Contents/Developer/Toolchains/XcodeDefault.xctoolchain/usr/bin/clang -x objective-c -ivfsstatcache /Users/aadityasingh/Library/Developer/Xcode/DerivedData/SDKStatCaches.noindex/iphonesimulator26.4-23E252-686eebb5dc1d8ecb277353a59184f4aa.sdkstatcache -target x86_64-apple-ios12.0-simulator -fmessage-length\=0 -fdiagnostics-show-note-include-stack -fmacro-backtrace-limit\=0 -fno-color-diagnostics -fmodules-prune-interval\=86400 -fmodules-prune-after\=345600 -fbuild-session-file\=/Users/aadityasingh/Library/Developer/Xcode/DerivedData/ModuleCache.noindex/Session.modulevalidation -fmodules-validate-once-per-build-session -Wnon-modular-include-in-framework-module -Werror\=non-modular-include-in-framework-module -Wno-trigraphs -Wno-missing-field-initializers -Wno-missing-prototypes -Wno-return-type -Wno-implicit-atomic-properties -Wno-objc-interface-ivars -Wno-arc-repeated-use-of-weak -Wno-missing-braces -Wparentheses -Wswitch -Wno-unused-function -Wno-unused-label -Wno-unused-parameter -Wno-unused-variable -Wunused-value -Wno-empty-body -Wno-uninitialized -Wno-unknown-pragmas -w -Wno-shadow -Wno-four-char-constants -Wno-conversion -Wno-constant-conversion -Wno-int-conversion -Wno-bool-conversion -Wno-enum-conversion -Wno-float-conversion -Wno-non-literal-null-conversion -Wno-objc-literal-conversion -Wshorten-64-to-32 -Wpointer-sign -Wno-newline-eof -Wno-selector -Wno-strict-selector-match -Wno-undeclared-selector -Wno-deprecated-implementations -Wno-implicit-fallthrough -isysroot /Applications/Xcode.app/Contents/Developer/Platforms/iPhoneSimulator.platform/Developer/SDKs/iPhoneSimulator26.4.sdk -fstrict-aliasing -Wprotocol -Wdeprecated-declarations -Wno-sign-conversion -Wno-infinite-recursion -Wno-comma -Wno-block-capture-autoreleasing -Wno-strict-prototypes -Wno-semicolon-before-method-body -index-store-path /Users/aadityasingh/Library/Developer/Xcode/DerivedData/Chatlio-erkyzdeecsohoaggpwbjdvavzqfv/Index.noindex/DataStore @/Users/aadityasingh/Library/Developer/Xcode/DerivedData/Chatlio-erkyzdeecsohoaggpwbjdvavzqfv/Build/Intermediates.noindex/DTFoundation.build/Debug-iphonesimulator/DTFoundation.build/Objects-normal/x86_64/e6072d4f65d7061329687fe24e3d63a7-common-args.resp -MMD -MT dependencies -MF /Users/aadityasingh/Library/Developer/Xcode/DerivedData/Chatlio-erkyzdeecsohoaggpwbjdvavzqfv/Build/Intermediates.noindex/DTFoundation.build/Debug-iphonesimulator/DTFoundation.build/Objects-normal/x86_64/DTZipArchivePKZip.d --serialize-diagnostics /Users/aadityasingh/Library/Developer/Xcode/DerivedData/Chatlio-erkyzdeecsohoaggpwbjdvavzqfv/Build/Intermediates.noindex/DTFoundation.build/Debug-iphonesimulator/DTFoundation.build/Objects-normal/x86_64/DTZipArchivePKZip.dia -c /Users/aadityasingh/Library/Developer/Xcode/DerivedData/Chatlio-erkyzdeecsohoaggpwbjdvavzqfv/SourcePackages/checkouts/DTFoundation/Core/Source/DTZipArchive/DTZipArchivePKZip.m -o /Users/aadityasingh/Library/Developer/Xcode/DerivedData/Chatlio-erkyzdeecsohoaggpwbjdvavzqfv/Build/Intermediates.noindex/DTFoundation.build/Debug-iphonesimulator/DTFoundation.build/Objects-normal/x86_64/DTZipArchivePKZip.o -index-unit-output-path /DTFoundation.build/Debug-iphonesimulator/DTFoundation.build/Objects-normal/x86_64/DTZipArchivePKZip.o

CompileC /Users/aadityasingh/Library/Developer/Xcode/DerivedData/Chatlio-erkyzdeecsohoaggpwbjdvavzqfv/Build/Intermediates.noindex/DTFoundation.build/Debug-iphonesimulator/DTFoundation.build/Objects-normal/x86_64/zip.o /Users/aadityasingh/Library/Developer/Xcode/DerivedData/Chatlio-erkyzdeecsohoaggpwbjdvavzqfv/SourcePackages/checkouts/DTFoundation/Core/Source/Externals/minizip/zip.c normal x86_64 c com.apple.compilers.llvm.clang.1_0.compiler (in target 'DTFoundation' from project 'DTFoundation')
    cd /Users/aadityasingh/Documents/Development/element-x-ios/Chatlio.xcodeproj
    
    Using response file: /Users/aadityasingh/Library/Developer/Xcode/DerivedData/Chatlio-erkyzdeecsohoaggpwbjdvavzqfv/Build/Intermediates.noindex/DTFoundation.build/Debug-iphonesimulator/DTFoundation.build/Objects-normal/x86_64/7187679823f38a2a940e0043cdf9d637-common-args.resp
    
    /Applications/Xcode.app/Contents/Developer/Toolchains/XcodeDefault.xctoolchain/usr/bin/clang -x c -ivfsstatcache /Users/aadityasingh/Library/Developer/Xcode/DerivedData/SDKStatCaches.noindex/iphonesimulator26.4-23E252-686eebb5dc1d8ecb277353a59184f4aa.sdkstatcache -target x86_64-apple-ios12.0-simulator -fmessage-length\=0 -fdiagnostics-show-note-include-stack -fmacro-backtrace-limit\=0 -fno-color-diagnostics -fmodules-prune-interval\=86400 -fmodules-prune-after\=345600 -fbuild-session-file\=/Users/aadityasingh/Library/Developer/Xcode/DerivedData/ModuleCache.noindex/Session.modulevalidation -fmodules-validate-once-per-build-session -Wnon-modular-include-in-framework-module -Werror\=non-modular-include-in-framework-module -Wno-trigraphs -Wno-missing-field-initializers -Wno-missing-prototypes -Wno-return-type -Wno-missing-braces -Wparentheses -Wswitch -Wno-unused-function -Wno-unused-label -Wno-unused-parameter -Wno-unused-variable -Wunused-value -Wno-empty-body -Wno-uninitialized -Wno-unknown-pragmas -w -Wno-shadow -Wno-four-char-constants -Wno-conversion -Wno-constant-conversion -Wno-int-conversion -Wno-bool-conversion -Wno-enum-conversion -Wno-float-conversion -Wno-non-literal-null-conversion -Wno-objc-literal-conversion -Wshorten-64-to-32 -Wpointer-sign -Wno-newline-eof -Wno-implicit-fallthrough -isysroot /Applications/Xcode.app/Contents/Developer/Platforms/iPhoneSimulator.platform/Developer/SDKs/iPhoneSimulator26.4.sdk -fstrict-aliasing -Wdeprecated-declarations -Wno-sign-conversion -Wno-infinite-recursion -Wno-comma -Wno-block-capture-autoreleasing -Wno-strict-prototypes -Wno-semicolon-before-method-body -index-store-path /Users/aadityasingh/Library/Developer/Xcode/DerivedData/Chatlio-erkyzdeecsohoaggpwbjdvavzqfv/Index.noindex/DataStore @/Users/aadityasingh/Library/Developer/Xcode/DerivedData/Chatlio-erkyzdeecsohoaggpwbjdvavzqfv/Build/Intermediates.noindex/DTFoundation.build/Debug-iphonesimulator/DTFoundation.build/Objects-normal/x86_64/7187679823f38a2a940e0043cdf9d637-common-args.resp -MMD -MT dependencies -MF /Users/aadityasingh/Library/Developer/Xcode/DerivedData/Chatlio-erkyzdeecsohoaggpwbjdvavzqfv/Build/Intermediates.noindex/DTFoundation.build/Debug-iphonesimulator/DTFoundation.build/Objects-normal/x86_64/zip.d --serialize-diagnostics /Users/aadityasingh/Library/Developer/Xcode/DerivedData/Chatlio-erkyzdeecsohoaggpwbjdvavzqfv/Build/Intermediates.noindex/DTFoundation.build/Debug-iphonesimulator/DTFoundation.build/Objects-normal/x86_64/zip.dia -c /Users/aadityasingh/Library/Developer/Xcode/DerivedData/Chatlio-erkyzdeecsohoaggpwbjdvavzqfv/SourcePackages/checkouts/DTFoundation/Core/Source/Externals/minizip/zip.c -o /Users/aadityasingh/Library/Developer/Xcode/DerivedData/Chatlio-erkyzdeecsohoaggpwbjdvavzqfv/Build/Intermediates.noindex/DTFoundation.build/Debug-iphonesimulator/DTFoundation.build/Objects-normal/x86_64/zip.o -index-unit-output-path /DTFoundation.build/Debug-iphonesimulator/DTFoundation.build/Objects-normal/x86_64/zip.o

CompileC /Users/aadityasingh/Library/Developer/Xcode/DerivedData/Chatlio-erkyzdeecsohoaggpwbjdvavzqfv/Build/Intermediates.noindex/DTFoundation.build/Debug-iphonesimulator/DTFoundation.build/Objects-normal/x86_64/unzip.o /Users/aadityasingh/Library/Developer/Xcode/DerivedData/Chatlio-erkyzdeecsohoaggpwbjdvavzqfv/SourcePackages/checkouts/DTFoundation/Core/Source/Externals/minizip/unzip.c normal x86_64 c com.apple.compilers.llvm.clang.1_0.compiler (in target 'DTFoundation' from project 'DTFoundation')
    cd /Users/aadityasingh/Documents/Development/element-x-ios/Chatlio.xcodeproj
    
    Using response file: /Users/aadityasingh/Library/Developer/Xcode/DerivedData/Chatlio-erkyzdeecsohoaggpwbjdvavzqfv/Build/Intermediates.noindex/DTFoundation.build/Debug-iphonesimulator/DTFoundation.build/Objects-normal/x86_64/7187679823f38a2a940e0043cdf9d637-common-args.resp
    
    /Applications/Xcode.app/Contents/Developer/Toolchains/XcodeDefault.xctoolchain/usr/bin/clang -x c -ivfsstatcache /Users/aadityasingh/Library/Developer/Xcode/DerivedData/SDKStatCaches.noindex/iphonesimulator26.4-23E252-686eebb5dc1d8ecb277353a59184f4aa.sdkstatcache -target x86_64-apple-ios12.0-simulator -fmessage-length\=0 -fdiagnostics-show-note-include-stack -fmacro-backtrace-limit\=0 -fno-color-diagnostics -fmodules-prune-interval\=86400 -fmodules-prune-after\=345600 -fbuild-session-file\=/Users/aadityasingh/Library/Developer/Xcode/DerivedData/ModuleCache.noindex/Session.modulevalidation -fmodules-validate-once-per-build-session -Wnon-modular-include-in-framework-module -Werror\=non-modular-include-in-framework-module -Wno-trigraphs -Wno-missing-field-initializers -Wno-missing-prototypes -Wno-return-type -Wno-missing-braces -Wparentheses -Wswitch -Wno-unused-function -Wno-unused-label -Wno-unused-parameter -Wno-unused-variable -Wunused-value -Wno-empty-body -Wno-uninitialized -Wno-unknown-pragmas -w -Wno-shadow -Wno-four-char-constants -Wno-conversion -Wno-constant-conversion -Wno-int-conversion -Wno-bool-conversion -Wno-enum-conversion -Wno-float-conversion -Wno-non-literal-null-conversion -Wno-objc-literal-conversion -Wshorten-64-to-32 -Wpointer-sign -Wno-newline-eof -Wno-implicit-fallthrough -isysroot /Applications/Xcode.app/Contents/Developer/Platforms/iPhoneSimulator.platform/Developer/SDKs/iPhoneSimulator26.4.sdk -fstrict-aliasing -Wdeprecated-declarations -Wno-sign-conversion -Wno-infinite-recursion -Wno-comma -Wno-block-capture-autoreleasing -Wno-strict-prototypes -Wno-semicolon-before-method-body -index-store-path /Users/aadityasingh/Library/Developer/Xcode/DerivedData/Chatlio-erkyzdeecsohoaggpwbjdvavzqfv/Index.noindex/DataStore @/Users/aadityasingh/Library/Developer/Xcode/DerivedData/Chatlio-erkyzdeecsohoaggpwbjdvavzqfv/Build/Intermediates.noindex/DTFoundation.build/Debug-iphonesimulator/DTFoundation.build/Objects-normal/x86_64/7187679823f38a2a940e0043cdf9d637-common-args.resp -MMD -MT dependencies -MF /Users/aadityasingh/Library/Developer/Xcode/DerivedData/Chatlio-erkyzdeecsohoaggpwbjdvavzqfv/Build/Intermediates.noindex/DTFoundation.build/Debug-iphonesimulator/DTFoundation.build/Objects-normal/x86_64/unzip.d --serialize-diagnostics /Users/aadityasingh/Library/Developer/Xcode/DerivedData/Chatlio-erkyzdeecsohoaggpwbjdvavzqfv/Build/Intermediates.noindex/DTFoundation.build/Debug-iphonesimulator/DTFoundation.build/Objects-normal/x86_64/unzip.dia -c /Users/aadityasingh/Library/Developer/Xcode/DerivedData/Chatlio-erkyzdeecsohoaggpwbjdvavzqfv/SourcePackages/checkouts/DTFoundation/Core/Source/Externals/minizip/unzip.c -o /Users/aadityasingh/Library/Developer/Xcode/DerivedData/Chatlio-erkyzdeecsohoaggpwbjdvavzqfv/Build/Intermediates.noindex/DTFoundation.build/Debug-iphonesimulator/DTFoundation.build/Objects-normal/x86_64/unzip.o -index-unit-output-path /DTFoundation.build/Debug-iphonesimulator/DTFoundation.build/Objects-normal/x86_64/unzip.o

CompileC /Users/aadityasingh/Library/Developer/Xcode/DerivedData/Chatlio-erkyzdeecsohoaggpwbjdvavzqfv/Build/Intermediates.noindex/DTFoundation.build/Debug-iphonesimulator/DTFoundation.build/Objects-normal/x86_64/mztools.o /Users/aadityasingh/Library/Developer/Xcode/DerivedData/Chatlio-erkyzdeecsohoaggpwbjdvavzqfv/SourcePackages/checkouts/DTFoundation/Core/Source/Externals/minizip/mztools.c normal x86_64 c com.apple.compilers.llvm.clang.1_0.compiler (in target 'DTFoundation' from project 'DTFoundation')
    cd /Users/aadityasingh/Documents/Development/element-x-ios/Chatlio.xcodeproj
    
    Using response file: /Users/aadityasingh/Library/Developer/Xcode/DerivedData/Chatlio-erkyzdeecsohoaggpwbjdvavzqfv/Build/Intermediates.noindex/DTFoundation.build/Debug-iphonesimulator/DTFoundation.build/Objects-normal/x86_64/7187679823f38a2a940e0043cdf9d637-common-args.resp
    
    /Applications/Xcode.app/Contents/Developer/Toolchains/XcodeDefault.xctoolchain/usr/bin/clang -x c -ivfsstatcache /Users/aadityasingh/Library/Developer/Xcode/DerivedData/SDKStatCaches.noindex/iphonesimulator26.4-23E252-686eebb5dc1d8ecb277353a59184f4aa.sdkstatcache -target x86_64-apple-ios12.0-simulator -fmessage-length\=0 -fdiagnostics-show-note-include-stack -fmacro-backtrace-limit\=0 -fno-color-diagnostics -fmodules-prune-interval\=86400 -fmodules-prune-after\=345600 -fbuild-session-file\=/Users/aadityasingh/Library/Developer/Xcode/DerivedData/ModuleCache.noindex/Session.modulevalidation -fmodules-validate-once-per-build-session -Wnon-modular-include-in-framework-module -Werror\=non-modular-include-in-framework-module -Wno-trigraphs -Wno-missing-field-initializers -Wno-missing-prototypes -Wno-return-type -Wno-missing-braces -Wparentheses -Wswitch -Wno-unused-function -Wno-unused-label -Wno-unused-parameter -Wno-unused-variable -Wunused-value -Wno-empty-body -Wno-uninitialized -Wno-unknown-pragmas -w -Wno-shadow -Wno-four-char-constants -Wno-conversion -Wno-constant-conversion -Wno-int-conversion -Wno-bool-conversion -Wno-enum-conversion -Wno-float-conversion -Wno-non-literal-null-conversion -Wno-objc-literal-conversion -Wshorten-64-to-32 -Wpointer-sign -Wno-newline-eof -Wno-implicit-fallthrough -isysroot /Applications/Xcode.app/Contents/Developer/Platforms/iPhoneSimulator.platform/Developer/SDKs/iPhoneSimulator26.4.sdk -fstrict-aliasing -Wdeprecated-declarations -Wno-sign-conversion -Wno-infinite-recursion -Wno-comma -Wno-block-capture-autoreleasing -Wno-strict-prototypes -Wno-semicolon-before-method-body -index-store-path /Users/aadityasingh/Library/Developer/Xcode/DerivedData/Chatlio-erkyzdeecsohoaggpwbjdvavzqfv/Index.noindex/DataStore @/Users/aadityasingh/Library/Developer/Xcode/DerivedData/Chatlio-erkyzdeecsohoaggpwbjdvavzqfv/Build/Intermediates.noindex/DTFoundation.build/Debug-iphonesimulator/DTFoundation.build/Objects-normal/x86_64/7187679823f38a2a940e0043cdf9d637-common-args.resp -MMD -MT dependencies -MF /Users/aadityasingh/Library/Developer/Xcode/DerivedData/Chatlio-erkyzdeecsohoaggpwbjdvavzqfv/Build/Intermediates.noindex/DTFoundation.build/Debug-iphonesimulator/DTFoundation.build/Objects-normal/x86_64/mztools.d --serialize-diagnostics /Users/aadityasingh/Library/Developer/Xcode/DerivedData/Chatlio-erkyzdeecsohoaggpwbjdvavzqfv/Build/Intermediates.noindex/DTFoundation.build/Debug-iphonesimulator/DTFoundation.build/Objects-normal/x86_64/mztools.dia -c /Users/aadityasingh/Library/Developer/Xcode/DerivedData/Chatlio-erkyzdeecsohoaggpwbjdvavzqfv/SourcePackages/checkouts/DTFoundation/Core/Source/Externals/minizip/mztools.c -o /Users/aadityasingh/Library/Developer/Xcode/DerivedData/Chatlio-erkyzdeecsohoaggpwbjdvavzqfv/Build/Intermediates.noindex/DTFoundation.build/Debug-iphonesimulator/DTFoundation.build/Objects-normal/x86_64/mztools.o -index-unit-output-path /DTFoundation.build/Debug-iphonesimulator/DTFoundation.build/Objects-normal/x86_64/mztools.o

CompileC /Users/aadityasingh/Library/Developer/Xcode/DerivedData/Chatlio-erkyzdeecsohoaggpwbjdvavzqfv/Build/Intermediates.noindex/DTFoundation.build/Debug-iphonesimulator/DTFoundation.build/Objects-normal/x86_64/ioapi.o /Users/aadityasingh/Library/Developer/Xcode/DerivedData/Chatlio-erkyzdeecsohoaggpwbjdvavzqfv/SourcePackages/checkouts/DTFoundation/Core/Source/Externals/minizip/ioapi.c normal x86_64 c com.apple.compilers.llvm.clang.1_0.compiler (in target 'DTFoundation' from project 'DTFoundation')
    cd /Users/aadityasingh/Documents/Development/element-x-ios/Chatlio.xcodeproj
    
    Using response file: /Users/aadityasingh/Library/Developer/Xcode/DerivedData/Chatlio-erkyzdeecsohoaggpwbjdvavzqfv/Build/Intermediates.noindex/DTFoundation.build/Debug-iphonesimulator/DTFoundation.build/Objects-normal/x86_64/7187679823f38a2a940e0043cdf9d637-common-args.resp
    
    /Applications/Xcode.app/Contents/Developer/Toolchains/XcodeDefault.xctoolchain/usr/bin/clang -x c -ivfsstatcache /Users/aadityasingh/Library/Developer/Xcode/DerivedData/SDKStatCaches.noindex/iphonesimulator26.4-23E252-686eebb5dc1d8ecb277353a59184f4aa.sdkstatcache -target x86_64-apple-ios12.0-simulator -fmessage-length\=0 -fdiagnostics-show-note-include-stack -fmacro-backtrace-limit\=0 -fno-color-diagnostics -fmodules-prune-interval\=86400 -fmodules-prune-after\=345600 -fbuild-session-file\=/Users/aadityasingh/Library/Developer/Xcode/DerivedData/ModuleCache.noindex/Session.modulevalidation -fmodules-validate-once-per-build-session -Wnon-modular-include-in-framework-module -Werror\=non-modular-include-in-framework-module -Wno-trigraphs -Wno-missing-field-initializers -Wno-missing-prototypes -Wno-return-type -Wno-missing-braces -Wparentheses -Wswitch -Wno-unused-function -Wno-unused-label -Wno-unused-parameter -Wno-unused-variable -Wunused-value -Wno-empty-body -Wno-uninitialized -Wno-unknown-pragmas -w -Wno-shadow -Wno-four-char-constants -Wno-conversion -Wno-constant-conversion -Wno-int-conversion -Wno-bool-conversion -Wno-enum-conversion -Wno-float-conversion -Wno-non-literal-null-conversion -Wno-objc-literal-conversion -Wshorten-64-to-32 -Wpointer-sign -Wno-newline-eof -Wno-implicit-fallthrough -isysroot /Applications/Xcode.app/Contents/Developer/Platforms/iPhoneSimulator.platform/Developer/SDKs/iPhoneSimulator26.4.sdk -fstrict-aliasing -Wdeprecated-declarations -Wno-sign-conversion -Wno-infinite-recursion -Wno-comma -Wno-block-capture-autoreleasing -Wno-strict-prototypes -Wno-semicolon-before-method-body -index-store-path /Users/aadityasingh/Library/Developer/Xcode/DerivedData/Chatlio-erkyzdeecsohoaggpwbjdvavzqfv/Index.noindex/DataStore @/Users/aadityasingh/Library/Developer/Xcode/DerivedData/Chatlio-erkyzdeecsohoaggpwbjdvavzqfv/Build/Intermediates.noindex/DTFoundation.build/Debug-iphonesimulator/DTFoundation.build/Objects-normal/x86_64/7187679823f38a2a940e0043cdf9d637-common-args.resp -MMD -MT dependencies -MF /Users/aadityasingh/Library/Developer/Xcode/DerivedData/Chatlio-erkyzdeecsohoaggpwbjdvavzqfv/Build/Intermediates.noindex/DTFoundation.build/Debug-iphonesimulator/DTFoundation.build/Objects-normal/x86_64/ioapi.d --serialize-diagnostics /Users/aadityasingh/Library/Developer/Xcode/DerivedData/Chatlio-erkyzdeecsohoaggpwbjdvavzqfv/Build/Intermediates.noindex/DTFoundation.build/Debug-iphonesimulator/DTFoundation.build/Objects-normal/x86_64/ioapi.dia -c /Users/aadityasingh/Library/Developer/Xcode/DerivedData/Chatlio-erkyzdeecsohoaggpwbjdvavzqfv/SourcePackages/checkouts/DTFoundation/Core/Source/Externals/minizip/ioapi.c -o /Users/aadityasingh/Library/Developer/Xcode/DerivedData/Chatlio-erkyzdeecsohoaggpwbjdvavzqfv/Build/Intermediates.noindex/DTFoundation.build/Debug-iphonesimulator/DTFoundation.build/Objects-normal/x86_64/ioapi.o -index-unit-output-path /DTFoundation.build/Debug-iphonesimulator/DTFoundation.build/Objects-normal/x86_64/ioapi.o

ScanDependencies /Users/aadityasingh/Library/Developer/Xcode/DerivedData/Chatlio-erkyzdeecsohoaggpwbjdvavzqfv/Build/Intermediates.noindex/DTFoundation.build/Debug-iphonesimulator/DTFoundation.build/Objects-normal/x86_64/DTZipArchiveNode.o /Users/aadityasingh/Library/Developer/Xcode/DerivedData/Chatlio-erkyzdeecsohoaggpwbjdvavzqfv/SourcePackages/checkouts/DTFoundation/Core/Source/DTZipArchive/DTZipArchiveNode.m normal x86_64 objective-c com.apple.compilers.llvm.clang.1_0.compiler (in target 'DTFoundation' from project 'DTFoundation')
    cd /Users/aadityasingh/Documents/Development/element-x-ios/Chatlio.xcodeproj
    
    Using response file: /Users/aadityasingh/Library/Developer/Xcode/DerivedData/Chatlio-erkyzdeecsohoaggpwbjdvavzqfv/Build/Intermediates.noindex/DTFoundation.build/Debug-iphonesimulator/DTFoundation.build/Objects-normal/x86_64/e6072d4f65d7061329687fe24e3d63a7-common-args.resp
    
    builtin-ScanDependencies -o /Users/aadityasingh/Library/Developer/Xcode/DerivedData/Chatlio-erkyzdeecsohoaggpwbjdvavzqfv/Build/Intermediates.noindex/DTFoundation.build/Debug-iphonesimulator/DTFoundation.build/Objects-normal/x86_64/DTZipArchiveNode.o.scan -- /Applications/Xcode.app/Contents/Developer/Toolchains/XcodeDefault.xctoolchain/usr/bin/clang -x objective-c -ivfsstatcache /Users/aadityasingh/Library/Developer/Xcode/DerivedData/SDKStatCaches.noindex/iphonesimulator26.4-23E252-686eebb5dc1d8ecb277353a59184f4aa.sdkstatcache -target x86_64-apple-ios12.0-simulator -fmessage-length\=0 -fdiagnostics-show-note-include-stack -fmacro-backtrace-limit\=0 -fno-color-diagnostics -fmodules-prune-interval\=86400 -fmodules-prune-after\=345600 -fbuild-session-file\=/Users/aadityasingh/Library/Developer/Xcode/DerivedData/ModuleCache.noindex/Session.modulevalidation -fmodules-validate-once-per-build-session -Wnon-modular-include-in-framework-module -Werror\=non-modular-include-in-framework-module -Wno-trigraphs -Wno-missing-field-initializers -Wno-missing-prototypes -Wno-return-type -Wno-implicit-atomic-properties -Wno-objc-interface-ivars -Wno-arc-repeated-use-of-weak -Wno-missing-braces -Wparentheses -Wswitch -Wno-unused-function -Wno-unused-label -Wno-unused-parameter -Wno-unused-variable -Wunused-value -Wno-empty-body -Wno-uninitialized -Wno-unknown-pragmas -w -Wno-shadow -Wno-four-char-constants -Wno-conversion -Wno-constant-conversion -Wno-int-conversion -Wno-bool-conversion -Wno-enum-conversion -Wno-float-conversion -Wno-non-literal-null-conversion -Wno-objc-literal-conversion -Wshorten-64-to-32 -Wpointer-sign -Wno-newline-eof -Wno-selector -Wno-strict-selector-match -Wno-undeclared-selector -Wno-deprecated-implementations -Wno-implicit-fallthrough -isysroot /Applications/Xcode.app/Contents/Developer/Platforms/iPhoneSimulator.platform/Developer/SDKs/iPhoneSimulator26.4.sdk -fstrict-aliasing -Wprotocol -Wdeprecated-declarations -Wno-sign-conversion -Wno-infinite-recursion -Wno-comma -Wno-block-capture-autoreleasing -Wno-strict-prototypes -Wno-semicolon-before-method-body -index-store-path /Users/aadityasingh/Library/Developer/Xcode/DerivedData/Chatlio-erkyzdeecsohoaggpwbjdvavzqfv/Index.noindex/DataStore @/Users/aadityasingh/Library/Developer/Xcode/DerivedData/Chatlio-erkyzdeecsohoaggpwbjdvavzqfv/Build/Intermediates.noindex/DTFoundation.build/Debug-iphonesimulator/DTFoundation.build/Objects-normal/x86_64/e6072d4f65d7061329687fe24e3d63a7-common-args.resp -MMD -MT dependencies -MF /Users/aadityasingh/Library/Developer/Xcode/DerivedData/Chatlio-erkyzdeecsohoaggpwbjdvavzqfv/Build/Intermediates.noindex/DTFoundation.build/Debug-iphonesimulator/DTFoundation.build/Objects-normal/x86_64/DTZipArchiveNode.d --serialize-diagnostics /Users/aadityasingh/Library/Developer/Xcode/DerivedData/Chatlio-erkyzdeecsohoaggpwbjdvavzqfv/Build/Intermediates.noindex/DTFoundation.build/Debug-iphonesimulator/DTFoundation.build/Objects-normal/x86_64/DTZipArchiveNode.dia -c /Users/aadityasingh/Library/Developer/Xcode/DerivedData/Chatlio-erkyzdeecsohoaggpwbjdvavzqfv/SourcePackages/checkouts/DTFoundation/Core/Source/DTZipArchive/DTZipArchiveNode.m -o /Users/aadityasingh/Library/Developer/Xcode/DerivedData/Chatlio-erkyzdeecsohoaggpwbjdvavzqfv/Build/Intermediates.noindex/DTFoundation.build/Debug-iphonesimulator/DTFoundation.build/Objects-normal/x86_64/DTZipArchiveNode.o -index-unit-output-path /DTFoundation.build/Debug-iphonesimulator/DTFoundation.build/Objects-normal/x86_64/DTZipArchiveNode.o

SwiftDriverJobDiscovery normal x86_64 Compiling Device.generated.swift (in target 'DeviceKit' from project 'DeviceKit')

ScanDependencies /Users/aadityasingh/Library/Developer/Xcode/DerivedData/Chatlio-erkyzdeecsohoaggpwbjdvavzqfv/Build/Intermediates.noindex/DTFoundation.build/Debug-iphonesimulator/DTFoundation.build/Objects-normal/x86_64/DTZipArchiveGZip.o /Users/aadityasingh/Library/Developer/Xcode/DerivedData/Chatlio-erkyzdeecsohoaggpwbjdvavzqfv/SourcePackages/checkouts/DTFoundation/Core/Source/DTZipArchive/DTZipArchiveGZip.m normal x86_64 objective-c com.apple.compilers.llvm.clang.1_0.compiler (in target 'DTFoundation' from project 'DTFoundation')
    cd /Users/aadityasingh/Documents/Development/element-x-ios/Chatlio.xcodeproj
    
    Using response file: /Users/aadityasingh/Library/Developer/Xcode/DerivedData/Chatlio-erkyzdeecsohoaggpwbjdvavzqfv/Build/Intermediates.noindex/DTFoundation.build/Debug-iphonesimulator/DTFoundation.build/Objects-normal/x86_64/e6072d4f65d7061329687fe24e3d63a7-common-args.resp
    
    builtin-ScanDependencies -o /Users/aadityasingh/Library/Developer/Xcode/DerivedData/Chatlio-erkyzdeecsohoaggpwbjdvavzqfv/Build/Intermediates.noindex/DTFoundation.build/Debug-iphonesimulator/DTFoundation.build/Objects-normal/x86_64/DTZipArchiveGZip.o.scan -- /Applications/Xcode.app/Contents/Developer/Toolchains/XcodeDefault.xctoolchain/usr/bin/clang -x objective-c -ivfsstatcache /Users/aadityasingh/Library/Developer/Xcode/DerivedData/SDKStatCaches.noindex/iphonesimulator26.4-23E252-686eebb5dc1d8ecb277353a59184f4aa.sdkstatcache -target x86_64-apple-ios12.0-simulator -fmessage-length\=0 -fdiagnostics-show-note-include-stack -fmacro-backtrace-limit\=0 -fno-color-diagnostics -fmodules-prune-interval\=86400 -fmodules-prune-after\=345600 -fbuild-session-file\=/Users/aadityasingh/Library/Developer/Xcode/DerivedData/ModuleCache.noindex/Session.modulevalidation -fmodules-validate-once-per-build-session -Wnon-modular-include-in-framework-module -Werror\=non-modular-include-in-framework-module -Wno-trigraphs -Wno-missing-field-initializers -Wno-missing-prototypes -Wno-return-type -Wno-implicit-atomic-properties -Wno-objc-interface-ivars -Wno-arc-repeated-use-of-weak -Wno-missing-braces -Wparentheses -Wswitch -Wno-unused-function -Wno-unused-label -Wno-unused-parameter -Wno-unused-variable -Wunused-value -Wno-empty-body -Wno-uninitialized -Wno-unknown-pragmas -w -Wno-shadow -Wno-four-char-constants -Wno-conversion -Wno-constant-conversion -Wno-int-conversion -Wno-bool-conversion -Wno-enum-conversion -Wno-float-conversion -Wno-non-literal-null-conversion -Wno-objc-literal-conversion -Wshorten-64-to-32 -Wpointer-sign -Wno-newline-eof -Wno-selector -Wno-strict-selector-match -Wno-undeclared-selector -Wno-deprecated-implementations -Wno-implicit-fallthrough -isysroot /Applications/Xcode.app/Contents/Developer/Platforms/iPhoneSimulator.platform/Developer/SDKs/iPhoneSimulator26.4.sdk -fstrict-aliasing -Wprotocol -Wdeprecated-declarations -Wno-sign-conversion -Wno-infinite-recursion -Wno-comma -Wno-block-capture-autoreleasing -Wno-strict-prototypes -Wno-semicolon-before-method-body -index-store-path /Users/aadityasingh/Library/Developer/Xcode/DerivedData/Chatlio-erkyzdeecsohoaggpwbjdvavzqfv/Index.noindex/DataStore @/Users/aadityasingh/Library/Developer/Xcode/DerivedData/Chatlio-erkyzdeecsohoaggpwbjdvavzqfv/Build/Intermediates.noindex/DTFoundation.build/Debug-iphonesimulator/DTFoundation.build/Objects-normal/x86_64/e6072d4f65d7061329687fe24e3d63a7-common-args.resp -MMD -MT dependencies -MF /Users/aadityasingh/Library/Developer/Xcode/DerivedData/Chatlio-erkyzdeecsohoaggpwbjdvavzqfv/Build/Intermediates.noindex/DTFoundation.build/Debug-iphonesimulator/DTFoundation.build/Objects-normal/x86_64/DTZipArchiveGZip.d --serialize-diagnostics /Users/aadityasingh/Library/Developer/Xcode/DerivedData/Chatlio-erkyzdeecsohoaggpwbjdvavzqfv/Build/Intermediates.noindex/DTFoundation.build/Debug-iphonesimulator/DTFoundation.build/Objects-normal/x86_64/DTZipArchiveGZip.dia -c /Users/aadityasingh/Library/Developer/Xcode/DerivedData/Chatlio-erkyzdeecsohoaggpwbjdvavzqfv/SourcePackages/checkouts/DTFoundation/Core/Source/DTZipArchive/DTZipArchiveGZip.m -o /Users/aadityasingh/Library/Developer/Xcode/DerivedData/Chatlio-erkyzdeecsohoaggpwbjdvavzqfv/Build/Intermediates.noindex/DTFoundation.build/Debug-iphonesimulator/DTFoundation.build/Objects-normal/x86_64/DTZipArchiveGZip.o -index-unit-output-path /DTFoundation.build/Debug-iphonesimulator/DTFoundation.build/Objects-normal/x86_64/DTZipArchiveGZip.o

ScanDependencies /Users/aadityasingh/Library/Developer/Xcode/DerivedData/Chatlio-erkyzdeecsohoaggpwbjdvavzqfv/Build/Intermediates.noindex/DTFoundation.build/Debug-iphonesimulator/DTFoundation.build/Objects-normal/x86_64/DTZipArchive.o /Users/aadityasingh/Library/Developer/Xcode/DerivedData/Chatlio-erkyzdeecsohoaggpwbjdvavzqfv/SourcePackages/checkouts/DTFoundation/Core/Source/DTZipArchive/DTZipArchive.m normal x86_64 objective-c com.apple.compilers.llvm.clang.1_0.compiler (in target 'DTFoundation' from project 'DTFoundation')
    cd /Users/aadityasingh/Documents/Development/element-x-ios/Chatlio.xcodeproj
    
    Using response file: /Users/aadityasingh/Library/Developer/Xcode/DerivedData/Chatlio-erkyzdeecsohoaggpwbjdvavzqfv/Build/Intermediates.noindex/DTFoundation.build/Debug-iphonesimulator/DTFoundation.build/Objects-normal/x86_64/e6072d4f65d7061329687fe24e3d63a7-common-args.resp
    
    builtin-ScanDependencies -o /Users/aadityasingh/Library/Developer/Xcode/DerivedData/Chatlio-erkyzdeecsohoaggpwbjdvavzqfv/Build/Intermediates.noindex/DTFoundation.build/Debug-iphonesimulator/DTFoundation.build/Objects-normal/x86_64/DTZipArchive.o.scan -- /Applications/Xcode.app/Contents/Developer/Toolchains/XcodeDefault.xctoolchain/usr/bin/clang -x objective-c -ivfsstatcache /Users/aadityasingh/Library/Developer/Xcode/DerivedData/SDKStatCaches.noindex/iphonesimulator26.4-23E252-686eebb5dc1d8ecb277353a59184f4aa.sdkstatcache -target x86_64-apple-ios12.0-simulator -fmessage-length\=0 -fdiagnostics-show-note-include-stack -fmacro-backtrace-limit\=0 -fno-color-diagnostics -fmodules-prune-interval\=86400 -fmodules-prune-after\=345600 -fbuild-session-file\=/Users/aadityasingh/Library/Developer/Xcode/DerivedData/ModuleCache.noindex/Session.modulevalidation -fmodules-validate-once-per-build-session -Wnon-modular-include-in-framework-module -Werror\=non-modular-include-in-framework-module -Wno-trigraphs -Wno-missing-field-initializers -Wno-missing-prototypes -Wno-return-type -Wno-implicit-atomic-properties -Wno-objc-interface-ivars -Wno-arc-repeated-use-of-weak -Wno-missing-braces -Wparentheses -Wswitch -Wno-unused-function -Wno-unused-label -Wno-unused-parameter -Wno-unused-variable -Wunused-value -Wno-empty-body -Wno-uninitialized -Wno-unknown-pragmas -w -Wno-shadow -Wno-four-char-constants -Wno-conversion -Wno-constant-conversion -Wno-int-conversion -Wno-bool-conversion -Wno-enum-conversion -Wno-float-conversion -Wno-non-literal-null-conversion -Wno-objc-literal-conversion -Wshorten-64-to-32 -Wpointer-sign -Wno-newline-eof -Wno-selector -Wno-strict-selector-match -Wno-undeclared-selector -Wno-deprecated-implementations -Wno-implicit-fallthrough -isysroot /Applications/Xcode.app/Contents/Developer/Platforms/iPhoneSimulator.platform/Developer/SDKs/iPhoneSimulator26.4.sdk -fstrict-aliasing -Wprotocol -Wdeprecated-declarations -Wno-sign-conversion -Wno-infinite-recursion -Wno-comma -Wno-block-capture-autoreleasing -Wno-strict-prototypes -Wno-semicolon-before-method-body -index-store-path /Users/aadityasingh/Library/Developer/Xcode/DerivedData/Chatlio-erkyzdeecsohoaggpwbjdvavzqfv/Index.noindex/DataStore @/Users/aadityasingh/Library/Developer/Xcode/DerivedData/Chatlio-erkyzdeecsohoaggpwbjdvavzqfv/Build/Intermediates.noindex/DTFoundation.build/Debug-iphonesimulator/DTFoundation.build/Objects-normal/x86_64/e6072d4f65d7061329687fe24e3d63a7-common-args.resp -MMD -MT dependencies -MF /Users/aadityasingh/Library/Developer/Xcode/DerivedData/Chatlio-erkyzdeecsohoaggpwbjdvavzqfv/Build/Intermediates.noindex/DTFoundation.build/Debug-iphonesimulator/DTFoundation.build/Objects-normal/x86_64/DTZipArchive.d --serialize-diagnostics /Users/aadityasingh/Library/Developer/Xcode/DerivedData/Chatlio-erkyzdeecsohoaggpwbjdvavzqfv/Build/Intermediates.noindex/DTFoundation.build/Debug-iphonesimulator/DTFoundation.build/Objects-normal/x86_64/DTZipArchive.dia -c /Users/aadityasingh/Library/Developer/Xcode/DerivedData/Chatlio-erkyzdeecsohoaggpwbjdvavzqfv/SourcePackages/checkouts/DTFoundation/Core/Source/DTZipArchive/DTZipArchive.m -o /Users/aadityasingh/Library/Developer/Xcode/DerivedData/Chatlio-erkyzdeecsohoaggpwbjdvavzqfv/Build/Intermediates.noindex/DTFoundation.build/Debug-iphonesimulator/DTFoundation.build/Objects-normal/x86_64/DTZipArchive.o -index-unit-output-path /DTFoundation.build/Debug-iphonesimulator/DTFoundation.build/Objects-normal/x86_64/DTZipArchive.o

SwiftDriver\ Compilation DeviceKit normal x86_64 com.apple.xcode.tools.swift.compiler (in target 'DeviceKit' from project 'DeviceKit')
    cd /Users/aadityasingh/Documents/Development/element-x-ios/Chatlio.xcodeproj
    builtin-Swift-Compilation -- /Applications/Xcode.app/Contents/Developer/Toolchains/XcodeDefault.xctoolchain/usr/bin/swiftc -module-name DeviceKit -Onone @/Users/aadityasingh/Library/Developer/Xcode/DerivedData/Chatlio-erkyzdeecsohoaggpwbjdvavzqfv/Build/Intermediates.noindex/DeviceKit.build/Debug-iphonesimulator/DeviceKit.build/Objects-normal/x86_64/DeviceKit.SwiftFileList -DSWIFT_PACKAGE -DDEBUG -DSWIFT_MODULE_RESOURCE_BUNDLE_AVAILABLE -DXcode -plugin-path /Applications/Xcode.app/Contents/Developer/Toolchains/XcodeDefault.xctoolchain/usr/lib/swift/host/plugins/testing -enable-experimental-feature DebugDescriptionMacro -sdk /Applications/Xcode.app/Contents/Developer/Platforms/iPhoneSimulator.platform/Developer/SDKs/iPhoneSimulator26.4.sdk -target x86_64-apple-ios13.0-simulator -g -module-cache-path /Users/aadityasingh/Library/Developer/Xcode/DerivedData/ModuleCache.noindex -Xfrontend -serialize-debugging-options -profile-coverage-mapping -profile-generate -enable-testing -suppress-warnings -index-store-path /Users/aadityasingh/Library/Developer/Xcode/DerivedData/Chatlio-erkyzdeecsohoaggpwbjdvavzqfv/Index.noindex/DataStore -Xcc -D_LIBCPP_HARDENING_MODE\=_LIBCPP_HARDENING_MODE_DEBUG -swift-version 5 -I /Users/aadityasingh/Library/Developer/Xcode/DerivedData/Chatlio-erkyzdeecsohoaggpwbjdvavzqfv/Build/Products/Debug-iphonesimulator -Isystem /Applications/Xcode.app/Contents/Developer/Platforms/iPhoneSimulator.platform/Developer/usr/lib -F /Users/aadityasingh/Library/Developer/Xcode/DerivedData/Chatlio-erkyzdeecsohoaggpwbjdvavzqfv/Build/Products/Debug-iphonesimulator -F /Applications/Xcode.app/Contents/Developer/Platforms/iPhoneSimulator.platform/Developer/Library/Frameworks -F /Applications/Xcode.app/Contents/Developer/Platforms/iPhoneSimulator.platform/Developer/SDKs/iPhoneSimulator26.4.sdk/Developer/Library/Frameworks -c -j12 -enable-batch-mode -incremental -Xcc -ivfsstatcache -Xcc /Users/aadityasingh/Library/Developer/Xcode/DerivedData/SDKStatCaches.noindex/iphonesimulator26.4-23E252-686eebb5dc1d8ecb277353a59184f4aa.sdkstatcache -output-file-map /Users/aadityasingh/Library/Developer/Xcode/DerivedData/Chatlio-erkyzdeecsohoaggpwbjdvavzqfv/Build/Intermediates.noindex/DeviceKit.build/Debug-iphonesimulator/DeviceKit.build/Objects-normal/x86_64/DeviceKit-OutputFileMap.json -use-frontend-parseable-output -save-temps -no-color-diagnostics -explicit-module-build -module-cache-path /Users/aadityasingh/Library/Developer/Xcode/DerivedData/Chatlio-erkyzdeecsohoaggpwbjdvavzqfv/Build/Intermediates.noindex/SwiftExplicitPrecompiledModules -clang-scanner-module-cache-path /Users/aadityasingh/Library/Developer/Xcode/DerivedData/ModuleCache.noindex -sdk-module-cache-path /Users/aadityasingh/Library/Developer/Xcode/DerivedData/ModuleCache.noindex -serialize-diagnostics -emit-dependencies -emit-module -emit-module-path /Users/aadityasingh/Library/Developer/Xcode/DerivedData/Chatlio-erkyzdeecsohoaggpwbjdvavzqfv/Build/Intermediates.noindex/DeviceKit.build/Debug-iphonesimulator/DeviceKit.build/Objects-normal/x86_64/DeviceKit.swiftmodule -validate-clang-modules-once -clang-build-session-file /Users/aadityasingh/Library/Developer/Xcode/DerivedData/ModuleCache.noindex/Session.modulevalidation -Xcc -I/Users/aadityasingh/Library/Developer/Xcode/DerivedData/Chatlio-erkyzdeecsohoaggpwbjdvavzqfv/Build/Intermediates.noindex/DeviceKit.build/Debug-iphonesimulator/DeviceKit.build/swift-overrides.hmap -emit-const-values -Xfrontend -const-gather-protocols-file -Xfrontend /Users/aadityasingh/Library/Developer/Xcode/DerivedData/Chatlio-erkyzdeecsohoaggpwbjdvavzqfv/Build/Intermediates.noindex/DeviceKit.build/Debug-iphonesimulator/DeviceKit.build/Objects-normal/x86_64/DeviceKit_const_extract_protocols.json -Xcc -I/Users/aadityasingh/Library/Developer/Xcode/DerivedData/Chatlio-erkyzdeecsohoaggpwbjdvavzqfv/Build/Products/Debug-iphonesimulator/include -Xcc -I/Users/aadityasingh/Library/Developer/Xcode/DerivedData/Chatlio-erkyzdeecsohoaggpwbjdvavzqfv/Build/Intermediates.noindex/DeviceKit.build/Debug-iphonesimulator/DeviceKit.build/DerivedSources-normal/x86_64 -Xcc -I/Users/aadityasingh/Library/Developer/Xcode/DerivedData/Chatlio-erkyzdeecsohoaggpwbjdvavzqfv/Build/Intermediates.noindex/DeviceKit.build/Debug-iphonesimulator/DeviceKit.build/DerivedSources/x86_64 -Xcc -I/Users/aadityasingh/Library/Developer/Xcode/DerivedData/Chatlio-erkyzdeecsohoaggpwbjdvavzqfv/Build/Intermediates.noindex/DeviceKit.build/Debug-iphonesimulator/DeviceKit.build/DerivedSources -Xcc -DSWIFT_PACKAGE -Xcc -DDEBUG\=1 -emit-objc-header -emit-objc-header-path /Users/aadityasingh/Library/Developer/Xcode/DerivedData/Chatlio-erkyzdeecsohoaggpwbjdvavzqfv/Build/Intermediates.noindex/DeviceKit.build/Debug-iphonesimulator/DeviceKit.build/Objects-normal/x86_64/DeviceKit-Swift.h -working-directory /Users/aadityasingh/Documents/Development/element-x-ios/Chatlio.xcodeproj -experimental-emit-module-separately -disable-cmo

ScanDependencies /Users/aadityasingh/Library/Developer/Xcode/DerivedData/Chatlio-erkyzdeecsohoaggpwbjdvavzqfv/Build/Intermediates.noindex/DTFoundation.build/Debug-iphonesimulator/DTFoundation.build/Objects-normal/x86_64/DTVersion.o /Users/aadityasingh/Library/Developer/Xcode/DerivedData/Chatlio-erkyzdeecsohoaggpwbjdvavzqfv/SourcePackages/checkouts/DTFoundation/Core/Source/DTVersion.m normal x86_64 objective-c com.apple.compilers.llvm.clang.1_0.compiler (in target 'DTFoundation' from project 'DTFoundation')
    cd /Users/aadityasingh/Documents/Development/element-x-ios/Chatlio.xcodeproj
    
    Using response file: /Users/aadityasingh/Library/Developer/Xcode/DerivedData/Chatlio-erkyzdeecsohoaggpwbjdvavzqfv/Build/Intermediates.noindex/DTFoundation.build/Debug-iphonesimulator/DTFoundation.build/Objects-normal/x86_64/e6072d4f65d7061329687fe24e3d63a7-common-args.resp
    
    builtin-ScanDependencies -o /Users/aadityasingh/Library/Developer/Xcode/DerivedData/Chatlio-erkyzdeecsohoaggpwbjdvavzqfv/Build/Intermediates.noindex/DTFoundation.build/Debug-iphonesimulator/DTFoundation.build/Objects-normal/x86_64/DTVersion.o.scan -- /Applications/Xcode.app/Contents/Developer/Toolchains/XcodeDefault.xctoolchain/usr/bin/clang -x objective-c -ivfsstatcache /Users/aadityasingh/Library/Developer/Xcode/DerivedData/SDKStatCaches.noindex/iphonesimulator26.4-23E252-686eebb5dc1d8ecb277353a59184f4aa.sdkstatcache -target x86_64-apple-ios12.0-simulator -fmessage-length\=0 -fdiagnostics-show-note-include-stack -fmacro-backtrace-limit\=0 -fno-color-diagnostics -fmodules-prune-interval\=86400 -fmodules-prune-after\=345600 -fbuild-session-file\=/Users/aadityasingh/Library/Developer/Xcode/DerivedData/ModuleCache.noindex/Session.modulevalidation -fmodules-validate-once-per-build-session -Wnon-modular-include-in-framework-module -Werror\=non-modular-include-in-framework-module -Wno-trigraphs -Wno-missing-field-initializers -Wno-missing-prototypes -Wno-return-type -Wno-implicit-atomic-properties -Wno-objc-interface-ivars -Wno-arc-repeated-use-of-weak -Wno-missing-braces -Wparentheses -Wswitch -Wno-unused-function -Wno-unused-label -Wno-unused-parameter -Wno-unused-variable -Wunused-value -Wno-empty-body -Wno-uninitialized -Wno-unknown-pragmas -w -Wno-shadow -Wno-four-char-constants -Wno-conversion -Wno-constant-conversion -Wno-int-conversion -Wno-bool-conversion -Wno-enum-conversion -Wno-float-conversion -Wno-non-literal-null-conversion -Wno-objc-literal-conversion -Wshorten-64-to-32 -Wpointer-sign -Wno-newline-eof -Wno-selector -Wno-strict-selector-match -Wno-undeclared-selector -Wno-deprecated-implementations -Wno-implicit-fallthrough -isysroot /Applications/Xcode.app/Contents/Developer/Platforms/iPhoneSimulator.platform/Developer/SDKs/iPhoneSimulator26.4.sdk -fstrict-aliasing -Wprotocol -Wdeprecated-declarations -Wno-sign-conversion -Wno-infinite-recursion -Wno-comma -Wno-block-capture-autoreleasing -Wno-strict-prototypes -Wno-semicolon-before-method-body -index-store-path /Users/aadityasingh/Library/Developer/Xcode/DerivedData/Chatlio-erkyzdeecsohoaggpwbjdvavzqfv/Index.noindex/DataStore @/Users/aadityasingh/Library/Developer/Xcode/DerivedData/Chatlio-erkyzdeecsohoaggpwbjdvavzqfv/Build/Intermediates.noindex/DTFoundation.build/Debug-iphonesimulator/DTFoundation.build/Objects-normal/x86_64/e6072d4f65d7061329687fe24e3d63a7-common-args.resp -MMD -MT dependencies -MF /Users/aadityasingh/Library/Developer/Xcode/DerivedData/Chatlio-erkyzdeecsohoaggpwbjdvavzqfv/Build/Intermediates.noindex/DTFoundation.build/Debug-iphonesimulator/DTFoundation.build/Objects-normal/x86_64/DTVersion.d --serialize-diagnostics /Users/aadityasingh/Library/Developer/Xcode/DerivedData/Chatlio-erkyzdeecsohoaggpwbjdvavzqfv/Build/Intermediates.noindex/DTFoundation.build/Debug-iphonesimulator/DTFoundation.build/Objects-normal/x86_64/DTVersion.dia -c /Users/aadityasingh/Library/Developer/Xcode/DerivedData/Chatlio-erkyzdeecsohoaggpwbjdvavzqfv/SourcePackages/checkouts/DTFoundation/Core/Source/DTVersion.m -o /Users/aadityasingh/Library/Developer/Xcode/DerivedData/Chatlio-erkyzdeecsohoaggpwbjdvavzqfv/Build/Intermediates.noindex/DTFoundation.build/Debug-iphonesimulator/DTFoundation.build/Objects-normal/x86_64/DTVersion.o -index-unit-output-path /DTFoundation.build/Debug-iphonesimulator/DTFoundation.build/Objects-normal/x86_64/DTVersion.o

ScanDependencies /Users/aadityasingh/Library/Developer/Xcode/DerivedData/Chatlio-erkyzdeecsohoaggpwbjdvavzqfv/Build/Intermediates.noindex/DTFoundation.build/Debug-iphonesimulator/DTFoundation.build/Objects-normal/x86_64/DTTiledLayerWithoutFade.o /Users/aadityasingh/Library/Developer/Xcode/DerivedData/Chatlio-erkyzdeecsohoaggpwbjdvavzqfv/SourcePackages/checkouts/DTFoundation/Core/Source/iOS/DTTiledLayerWithoutFade.m normal x86_64 objective-c com.apple.compilers.llvm.clang.1_0.compiler (in target 'DTFoundation' from project 'DTFoundation')
    cd /Users/aadityasingh/Documents/Development/element-x-ios/Chatlio.xcodeproj
    
    Using response file: /Users/aadityasingh/Library/Developer/Xcode/DerivedData/Chatlio-erkyzdeecsohoaggpwbjdvavzqfv/Build/Intermediates.noindex/DTFoundation.build/Debug-iphonesimulator/DTFoundation.build/Objects-normal/x86_64/e6072d4f65d7061329687fe24e3d63a7-common-args.resp
    
    builtin-ScanDependencies -o /Users/aadityasingh/Library/Developer/Xcode/DerivedData/Chatlio-erkyzdeecsohoaggpwbjdvavzqfv/Build/Intermediates.noindex/DTFoundation.build/Debug-iphonesimulator/DTFoundation.build/Objects-normal/x86_64/DTTiledLayerWithoutFade.o.scan -- /Applications/Xcode.app/Contents/Developer/Toolchains/XcodeDefault.xctoolchain/usr/bin/clang -x objective-c -ivfsstatcache /Users/aadityasingh/Library/Developer/Xcode/DerivedData/SDKStatCaches.noindex/iphonesimulator26.4-23E252-686eebb5dc1d8ecb277353a59184f4aa.sdkstatcache -target x86_64-apple-ios12.0-simulator -fmessage-length\=0 -fdiagnostics-show-note-include-stack -fmacro-backtrace-limit\=0 -fno-color-diagnostics -fmodules-prune-interval\=86400 -fmodules-prune-after\=345600 -fbuild-session-file\=/Users/aadityasingh/Library/Developer/Xcode/DerivedData/ModuleCache.noindex/Session.modulevalidation -fmodules-validate-once-per-build-session -Wnon-modular-include-in-framework-module -Werror\=non-modular-include-in-framework-module -Wno-trigraphs -Wno-missing-field-initializers -Wno-missing-prototypes -Wno-return-type -Wno-implicit-atomic-properties -Wno-objc-interface-ivars -Wno-arc-repeated-use-of-weak -Wno-missing-braces -Wparentheses -Wswitch -Wno-unused-function -Wno-unused-label -Wno-unused-parameter -Wno-unused-variable -Wunused-value -Wno-empty-body -Wno-uninitialized -Wno-unknown-pragmas -w -Wno-shadow -Wno-four-char-constants -Wno-conversion -Wno-constant-conversion -Wno-int-conversion -Wno-bool-conversion -Wno-enum-conversion -Wno-float-conversion -Wno-non-literal-null-conversion -Wno-objc-literal-conversion -Wshorten-64-to-32 -Wpointer-sign -Wno-newline-eof -Wno-selector -Wno-strict-selector-match -Wno-undeclared-selector -Wno-deprecated-implementations -Wno-implicit-fallthrough -isysroot /Applications/Xcode.app/Contents/Developer/Platforms/iPhoneSimulator.platform/Developer/SDKs/iPhoneSimulator26.4.sdk -fstrict-aliasing -Wprotocol -Wdeprecated-declarations -Wno-sign-conversion -Wno-infinite-recursion -Wno-comma -Wno-block-capture-autoreleasing -Wno-strict-prototypes -Wno-semicolon-before-method-body -index-store-path /Users/aadityasingh/Library/Developer/Xcode/DerivedData/Chatlio-erkyzdeecsohoaggpwbjdvavzqfv/Index.noindex/DataStore @/Users/aadityasingh/Library/Developer/Xcode/DerivedData/Chatlio-erkyzdeecsohoaggpwbjdvavzqfv/Build/Intermediates.noindex/DTFoundation.build/Debug-iphonesimulator/DTFoundation.build/Objects-normal/x86_64/e6072d4f65d7061329687fe24e3d63a7-common-args.resp -MMD -MT dependencies -MF /Users/aadityasingh/Library/Developer/Xcode/DerivedData/Chatlio-erkyzdeecsohoaggpwbjdvavzqfv/Build/Intermediates.noindex/DTFoundation.build/Debug-iphonesimulator/DTFoundation.build/Objects-normal/x86_64/DTTiledLayerWithoutFade.d --serialize-diagnostics /Users/aadityasingh/Library/Developer/Xcode/DerivedData/Chatlio-erkyzdeecsohoaggpwbjdvavzqfv/Build/Intermediates.noindex/DTFoundation.build/Debug-iphonesimulator/DTFoundation.build/Objects-normal/x86_64/DTTiledLayerWithoutFade.dia -c /Users/aadityasingh/Library/Developer/Xcode/DerivedData/Chatlio-erkyzdeecsohoaggpwbjdvavzqfv/SourcePackages/checkouts/DTFoundation/Core/Source/iOS/DTTiledLayerWithoutFade.m -o /Users/aadityasingh/Library/Developer/Xcode/DerivedData/Chatlio-erkyzdeecsohoaggpwbjdvavzqfv/Build/Intermediates.noindex/DTFoundation.build/Debug-iphonesimulator/DTFoundation.build/Objects-normal/x86_64/DTTiledLayerWithoutFade.o -index-unit-output-path /DTFoundation.build/Debug-iphonesimulator/DTFoundation.build/Objects-normal/x86_64/DTTiledLayerWithoutFade.o

PrecompileModule /Users/aadityasingh/Library/Developer/Xcode/DerivedData/Chatlio-erkyzdeecsohoaggpwbjdvavzqfv/Build/Intermediates.noindex/ExplicitPrecompiledModules/_Builtin_stdint-8CAEYK4RNPQRI3M9REDY744L2.scan
    cd /
    builtin-precompileModule /Users/aadityasingh/Library/Developer/Xcode/DerivedData/Chatlio-erkyzdeecsohoaggpwbjdvavzqfv/Build/Intermediates.noindex/ExplicitPrecompiledModules/_Builtin_stdint-8CAEYK4RNPQRI3M9REDY744L2.scan

PrecompileModule /Users/aadityasingh/Library/Developer/Xcode/DerivedData/Chatlio-erkyzdeecsohoaggpwbjdvavzqfv/Build/Intermediates.noindex/ExplicitPrecompiledModules/_Builtin_tgmath-97DZSPHF89C1HUSAW33HLR287.scan
    cd /
    builtin-precompileModule /Users/aadityasingh/Library/Developer/Xcode/DerivedData/Chatlio-erkyzdeecsohoaggpwbjdvavzqfv/Build/Intermediates.noindex/ExplicitPrecompiledModules/_Builtin_tgmath-97DZSPHF89C1HUSAW33HLR287.scan

ScanDependencies /Users/aadityasingh/Library/Developer/Xcode/DerivedData/Chatlio-erkyzdeecsohoaggpwbjdvavzqfv/Build/Intermediates.noindex/DTFoundation.build/Debug-iphonesimulator/DTFoundation.build/Objects-normal/x86_64/DTSmartPagingScrollView.o /Users/aadityasingh/Library/Developer/Xcode/DerivedData/Chatlio-erkyzdeecsohoaggpwbjdvavzqfv/SourcePackages/checkouts/DTFoundation/Core/Source/iOS/DTSmartPagingScrollView.m normal x86_64 objective-c com.apple.compilers.llvm.clang.1_0.compiler (in target 'DTFoundation' from project 'DTFoundation')
    cd /Users/aadityasingh/Documents/Development/element-x-ios/Chatlio.xcodeproj
    
    Using response file: /Users/aadityasingh/Library/Developer/Xcode/DerivedData/Chatlio-erkyzdeecsohoaggpwbjdvavzqfv/Build/Intermediates.noindex/DTFoundation.build/Debug-iphonesimulator/DTFoundation.build/Objects-normal/x86_64/e6072d4f65d7061329687fe24e3d63a7-common-args.resp
    
    builtin-ScanDependencies -o /Users/aadityasingh/Library/Developer/Xcode/DerivedData/Chatlio-erkyzdeecsohoaggpwbjdvavzqfv/Build/Intermediates.noindex/DTFoundation.build/Debug-iphonesimulator/DTFoundation.build/Objects-normal/x86_64/DTSmartPagingScrollView.o.scan -- /Applications/Xcode.app/Contents/Developer/Toolchains/XcodeDefault.xctoolchain/usr/bin/clang -x objective-c -ivfsstatcache /Users/aadityasingh/Library/Developer/Xcode/DerivedData/SDKStatCaches.noindex/iphonesimulator26.4-23E252-686eebb5dc1d8ecb277353a59184f4aa.sdkstatcache -target x86_64-apple-ios12.0-simulator -fmessage-length\=0 -fdiagnostics-show-note-include-stack -fmacro-backtrace-limit\=0 -fno-color-diagnostics -fmodules-prune-interval\=86400 -fmodules-prune-after\=345600 -fbuild-session-file\=/Users/aadityasingh/Library/Developer/Xcode/DerivedData/ModuleCache.noindex/Session.modulevalidation -fmodules-validate-once-per-build-session -Wnon-modular-include-in-framework-module -Werror\=non-modular-include-in-framework-module -Wno-trigraphs -Wno-missing-field-initializers -Wno-missing-prototypes -Wno-return-type -Wno-implicit-atomic-properties -Wno-objc-interface-ivars -Wno-arc-repeated-use-of-weak -Wno-missing-braces -Wparentheses -Wswitch -Wno-unused-function -Wno-unused-label -Wno-unused-parameter -Wno-unused-variable -Wunused-value -Wno-empty-body -Wno-uninitialized -Wno-unknown-pragmas -w -Wno-shadow -Wno-four-char-constants -Wno-conversion -Wno-constant-conversion -Wno-int-conversion -Wno-bool-conversion -Wno-enum-conversion -Wno-float-conversion -Wno-non-literal-null-conversion -Wno-objc-literal-conversion -Wshorten-64-to-32 -Wpointer-sign -Wno-newline-eof -Wno-selector -Wno-strict-selector-match -Wno-undeclared-selector -Wno-deprecated-implementations -Wno-implicit-fallthrough -isysroot /Applications/Xcode.app/Contents/Developer/Platforms/iPhoneSimulator.platform/Developer/SDKs/iPhoneSimulator26.4.sdk -fstrict-aliasing -Wprotocol -Wdeprecated-declarations -Wno-sign-conversion -Wno-infinite-recursion -Wno-comma -Wno-block-capture-autoreleasing -Wno-strict-prototypes -Wno-semicolon-before-method-body -index-store-path /Users/aadityasingh/Library/Developer/Xcode/DerivedData/Chatlio-erkyzdeecsohoaggpwbjdvavzqfv/Index.noindex/DataStore @/Users/aadityasingh/Library/Developer/Xcode/DerivedData/Chatlio-erkyzdeecsohoaggpwbjdvavzqfv/Build/Intermediates.noindex/DTFoundation.build/Debug-iphonesimulator/DTFoundation.build/Objects-normal/x86_64/e6072d4f65d7061329687fe24e3d63a7-common-args.resp -MMD -MT dependencies -MF /Users/aadityasingh/Library/Developer/Xcode/DerivedData/Chatlio-erkyzdeecsohoaggpwbjdvavzqfv/Build/Intermediates.noindex/DTFoundation.build/Debug-iphonesimulator/DTFoundation.build/Objects-normal/x86_64/DTSmartPagingScrollView.d --serialize-diagnostics /Users/aadityasingh/Library/Developer/Xcode/DerivedData/Chatlio-erkyzdeecsohoaggpwbjdvavzqfv/Build/Intermediates.noindex/DTFoundation.build/Debug-iphonesimulator/DTFoundation.build/Objects-normal/x86_64/DTSmartPagingScrollView.dia -c /Users/aadityasingh/Library/Developer/Xcode/DerivedData/Chatlio-erkyzdeecsohoaggpwbjdvavzqfv/SourcePackages/checkouts/DTFoundation/Core/Source/iOS/DTSmartPagingScrollView.m -o /Users/aadityasingh/Library/Developer/Xcode/DerivedData/Chatlio-erkyzdeecsohoaggpwbjdvavzqfv/Build/Intermediates.noindex/DTFoundation.build/Debug-iphonesimulator/DTFoundation.build/Objects-normal/x86_64/DTSmartPagingScrollView.o -index-unit-output-path /DTFoundation.build/Debug-iphonesimulator/DTFoundation.build/Objects-normal/x86_64/DTSmartPagingScrollView.o

ScanDependencies /Users/aadityasingh/Library/Developer/Xcode/DerivedData/Chatlio-erkyzdeecsohoaggpwbjdvavzqfv/Build/Intermediates.noindex/DTFoundation.build/Debug-iphonesimulator/DTFoundation.build/Objects-normal/x86_64/DTSidePanelPanGestureRecognizer.o /Users/aadityasingh/Library/Developer/Xcode/DerivedData/Chatlio-erkyzdeecsohoaggpwbjdvavzqfv/SourcePackages/checkouts/DTFoundation/Core/Source/iOS/DTSidePanel/DTSidePanelPanGestureRecognizer.m normal x86_64 objective-c com.apple.compilers.llvm.clang.1_0.compiler (in target 'DTFoundation' from project 'DTFoundation')
    cd /Users/aadityasingh/Documents/Development/element-x-ios/Chatlio.xcodeproj
    
    Using response file: /Users/aadityasingh/Library/Developer/Xcode/DerivedData/Chatlio-erkyzdeecsohoaggpwbjdvavzqfv/Build/Intermediates.noindex/DTFoundation.build/Debug-iphonesimulator/DTFoundation.build/Objects-normal/x86_64/e6072d4f65d7061329687fe24e3d63a7-common-args.resp
    
    builtin-ScanDependencies -o /Users/aadityasingh/Library/Developer/Xcode/DerivedData/Chatlio-erkyzdeecsohoaggpwbjdvavzqfv/Build/Intermediates.noindex/DTFoundation.build/Debug-iphonesimulator/DTFoundation.build/Objects-normal/x86_64/DTSidePanelPanGestureRecognizer.o.scan -- /Applications/Xcode.app/Contents/Developer/Toolchains/XcodeDefault.xctoolchain/usr/bin/clang -x objective-c -ivfsstatcache /Users/aadityasingh/Library/Developer/Xcode/DerivedData/SDKStatCaches.noindex/iphonesimulator26.4-23E252-686eebb5dc1d8ecb277353a59184f4aa.sdkstatcache -target x86_64-apple-ios12.0-simulator -fmessage-length\=0 -fdiagnostics-show-note-include-stack -fmacro-backtrace-limit\=0 -fno-color-diagnostics -fmodules-prune-interval\=86400 -fmodules-prune-after\=345600 -fbuild-session-file\=/Users/aadityasingh/Library/Developer/Xcode/DerivedData/ModuleCache.noindex/Session.modulevalidation -fmodules-validate-once-per-build-session -Wnon-modular-include-in-framework-module -Werror\=non-modular-include-in-framework-module -Wno-trigraphs -Wno-missing-field-initializers -Wno-missing-prototypes -Wno-return-type -Wno-implicit-atomic-properties -Wno-objc-interface-ivars -Wno-arc-repeated-use-of-weak -Wno-missing-braces -Wparentheses -Wswitch -Wno-unused-function -Wno-unused-label -Wno-unused-parameter -Wno-unused-variable -Wunused-value -Wno-empty-body -Wno-uninitialized -Wno-unknown-pragmas -w -Wno-shadow -Wno-four-char-constants -Wno-conversion -Wno-constant-conversion -Wno-int-conversion -Wno-bool-conversion -Wno-enum-conversion -Wno-float-conversion -Wno-non-literal-null-conversion -Wno-objc-literal-conversion -Wshorten-64-to-32 -Wpointer-sign -Wno-newline-eof -Wno-selector -Wno-strict-selector-match -Wno-undeclared-selector -Wno-deprecated-implementations -Wno-implicit-fallthrough -isysroot /Applications/Xcode.app/Contents/Developer/Platforms/iPhoneSimulator.platform/Developer/SDKs/iPhoneSimulator26.4.sdk -fstrict-aliasing -Wprotocol -Wdeprecated-declarations -Wno-sign-conversion -Wno-infinite-recursion -Wno-comma -Wno-block-capture-autoreleasing -Wno-strict-prototypes -Wno-semicolon-before-method-body -index-store-path /Users/aadityasingh/Library/Developer/Xcode/DerivedData/Chatlio-erkyzdeecsohoaggpwbjdvavzqfv/Index.noindex/DataStore @/Users/aadityasingh/Library/Developer/Xcode/DerivedData/Chatlio-erkyzdeecsohoaggpwbjdvavzqfv/Build/Intermediates.noindex/DTFoundation.build/Debug-iphonesimulator/DTFoundation.build/Objects-normal/x86_64/e6072d4f65d7061329687fe24e3d63a7-common-args.resp -MMD -MT dependencies -MF /Users/aadityasingh/Library/Developer/Xcode/DerivedData/Chatlio-erkyzdeecsohoaggpwbjdvavzqfv/Build/Intermediates.noindex/DTFoundation.build/Debug-iphonesimulator/DTFoundation.build/Objects-normal/x86_64/DTSidePanelPanGestureRecognizer.d --serialize-diagnostics /Users/aadityasingh/Library/Developer/Xcode/DerivedData/Chatlio-erkyzdeecsohoaggpwbjdvavzqfv/Build/Intermediates.noindex/DTFoundation.build/Debug-iphonesimulator/DTFoundation.build/Objects-normal/x86_64/DTSidePanelPanGestureRecognizer.dia -c /Users/aadityasingh/Library/Developer/Xcode/DerivedData/Chatlio-erkyzdeecsohoaggpwbjdvavzqfv/SourcePackages/checkouts/DTFoundation/Core/Source/iOS/DTSidePanel/DTSidePanelPanGestureRecognizer.m -o /Users/aadityasingh/Library/Developer/Xcode/DerivedData/Chatlio-erkyzdeecsohoaggpwbjdvavzqfv/Build/Intermediates.noindex/DTFoundation.build/Debug-iphonesimulator/DTFoundation.build/Objects-normal/x86_64/DTSidePanelPanGestureRecognizer.o -index-unit-output-path /DTFoundation.build/Debug-iphonesimulator/DTFoundation.build/Objects-normal/x86_64/DTSidePanelPanGestureRecognizer.o

ScanDependencies /Users/aadityasingh/Library/Developer/Xcode/DerivedData/Chatlio-erkyzdeecsohoaggpwbjdvavzqfv/Build/Intermediates.noindex/DTFoundation.build/Debug-iphonesimulator/DTFoundation.build/Objects-normal/x86_64/DTSidePanelControllerSegue.o /Users/aadityasingh/Library/Developer/Xcode/DerivedData/Chatlio-erkyzdeecsohoaggpwbjdvavzqfv/SourcePackages/checkouts/DTFoundation/Core/Source/iOS/DTSidePanel/DTSidePanelControllerSegue.m normal x86_64 objective-c com.apple.compilers.llvm.clang.1_0.compiler (in target 'DTFoundation' from project 'DTFoundation')
    cd /Users/aadityasingh/Documents/Development/element-x-ios/Chatlio.xcodeproj
    
    Using response file: /Users/aadityasingh/Library/Developer/Xcode/DerivedData/Chatlio-erkyzdeecsohoaggpwbjdvavzqfv/Build/Intermediates.noindex/DTFoundation.build/Debug-iphonesimulator/DTFoundation.build/Objects-normal/x86_64/e6072d4f65d7061329687fe24e3d63a7-common-args.resp
    
    builtin-ScanDependencies -o /Users/aadityasingh/Library/Developer/Xcode/DerivedData/Chatlio-erkyzdeecsohoaggpwbjdvavzqfv/Build/Intermediates.noindex/DTFoundation.build/Debug-iphonesimulator/DTFoundation.build/Objects-normal/x86_64/DTSidePanelControllerSegue.o.scan -- /Applications/Xcode.app/Contents/Developer/Toolchains/XcodeDefault.xctoolchain/usr/bin/clang -x objective-c -ivfsstatcache /Users/aadityasingh/Library/Developer/Xcode/DerivedData/SDKStatCaches.noindex/iphonesimulator26.4-23E252-686eebb5dc1d8ecb277353a59184f4aa.sdkstatcache -target x86_64-apple-ios12.0-simulator -fmessage-length\=0 -fdiagnostics-show-note-include-stack -fmacro-backtrace-limit\=0 -fno-color-diagnostics -fmodules-prune-interval\=86400 -fmodules-prune-after\=345600 -fbuild-session-file\=/Users/aadityasingh/Library/Developer/Xcode/DerivedData/ModuleCache.noindex/Session.modulevalidation -fmodules-validate-once-per-build-session -Wnon-modular-include-in-framework-module -Werror\=non-modular-include-in-framework-module -Wno-trigraphs -Wno-missing-field-initializers -Wno-missing-prototypes -Wno-return-type -Wno-implicit-atomic-properties -Wno-objc-interface-ivars -Wno-arc-repeated-use-of-weak -Wno-missing-braces -Wparentheses -Wswitch -Wno-unused-function -Wno-unused-label -Wno-unused-parameter -Wno-unused-variable -Wunused-value -Wno-empty-body -Wno-uninitialized -Wno-unknown-pragmas -w -Wno-shadow -Wno-four-char-constants -Wno-conversion -Wno-constant-conversion -Wno-int-conversion -Wno-bool-conversion -Wno-enum-conversion -Wno-float-conversion -Wno-non-literal-null-conversion -Wno-objc-literal-conversion -Wshorten-64-to-32 -Wpointer-sign -Wno-newline-eof -Wno-selector -Wno-strict-selector-match -Wno-undeclared-selector -Wno-deprecated-implementations -Wno-implicit-fallthrough -isysroot /Applications/Xcode.app/Contents/Developer/Platforms/iPhoneSimulator.platform/Developer/SDKs/iPhoneSimulator26.4.sdk -fstrict-aliasing -Wprotocol -Wdeprecated-declarations -Wno-sign-conversion -Wno-infinite-recursion -Wno-comma -Wno-block-capture-autoreleasing -Wno-strict-prototypes -Wno-semicolon-before-method-body -index-store-path /Users/aadityasingh/Library/Developer/Xcode/DerivedData/Chatlio-erkyzdeecsohoaggpwbjdvavzqfv/Index.noindex/DataStore @/Users/aadityasingh/Library/Developer/Xcode/DerivedData/Chatlio-erkyzdeecsohoaggpwbjdvavzqfv/Build/Intermediates.noindex/DTFoundation.build/Debug-iphonesimulator/DTFoundation.build/Objects-normal/x86_64/e6072d4f65d7061329687fe24e3d63a7-common-args.resp -MMD -MT dependencies -MF /Users/aadityasingh/Library/Developer/Xcode/DerivedData/Chatlio-erkyzdeecsohoaggpwbjdvavzqfv/Build/Intermediates.noindex/DTFoundation.build/Debug-iphonesimulator/DTFoundation.build/Objects-normal/x86_64/DTSidePanelControllerSegue.d --serialize-diagnostics /Users/aadityasingh/Library/Developer/Xcode/DerivedData/Chatlio-erkyzdeecsohoaggpwbjdvavzqfv/Build/Intermediates.noindex/DTFoundation.build/Debug-iphonesimulator/DTFoundation.build/Objects-normal/x86_64/DTSidePanelControllerSegue.dia -c /Users/aadityasingh/Library/Developer/Xcode/DerivedData/Chatlio-erkyzdeecsohoaggpwbjdvavzqfv/SourcePackages/checkouts/DTFoundation/Core/Source/iOS/DTSidePanel/DTSidePanelControllerSegue.m -o /Users/aadityasingh/Library/Developer/Xcode/DerivedData/Chatlio-erkyzdeecsohoaggpwbjdvavzqfv/Build/Intermediates.noindex/DTFoundation.build/Debug-iphonesimulator/DTFoundation.build/Objects-normal/x86_64/DTSidePanelControllerSegue.o -index-unit-output-path /DTFoundation.build/Debug-iphonesimulator/DTFoundation.build/Objects-normal/x86_64/DTSidePanelControllerSegue.o

ScanDependencies /Users/aadityasingh/Library/Developer/Xcode/DerivedData/Chatlio-erkyzdeecsohoaggpwbjdvavzqfv/Build/Intermediates.noindex/DTFoundation.build/Debug-iphonesimulator/DTFoundation.build/Objects-normal/x86_64/DTSidePanelController.o /Users/aadityasingh/Library/Developer/Xcode/DerivedData/Chatlio-erkyzdeecsohoaggpwbjdvavzqfv/SourcePackages/checkouts/DTFoundation/Core/Source/iOS/DTSidePanel/DTSidePanelController.m normal x86_64 objective-c com.apple.compilers.llvm.clang.1_0.compiler (in target 'DTFoundation' from project 'DTFoundation')
    cd /Users/aadityasingh/Documents/Development/element-x-ios/Chatlio.xcodeproj
    
    Using response file: /Users/aadityasingh/Library/Developer/Xcode/DerivedData/Chatlio-erkyzdeecsohoaggpwbjdvavzqfv/Build/Intermediates.noindex/DTFoundation.build/Debug-iphonesimulator/DTFoundation.build/Objects-normal/x86_64/e6072d4f65d7061329687fe24e3d63a7-common-args.resp
    
    builtin-ScanDependencies -o /Users/aadityasingh/Library/Developer/Xcode/DerivedData/Chatlio-erkyzdeecsohoaggpwbjdvavzqfv/Build/Intermediates.noindex/DTFoundation.build/Debug-iphonesimulator/DTFoundation.build/Objects-normal/x86_64/DTSidePanelController.o.scan -- /Applications/Xcode.app/Contents/Developer/Toolchains/XcodeDefault.xctoolchain/usr/bin/clang -x objective-c -ivfsstatcache /Users/aadityasingh/Library/Developer/Xcode/DerivedData/SDKStatCaches.noindex/iphonesimulator26.4-23E252-686eebb5dc1d8ecb277353a59184f4aa.sdkstatcache -target x86_64-apple-ios12.0-simulator -fmessage-length\=0 -fdiagnostics-show-note-include-stack -fmacro-backtrace-limit\=0 -fno-color-diagnostics -fmodules-prune-interval\=86400 -fmodules-prune-after\=345600 -fbuild-session-file\=/Users/aadityasingh/Library/Developer/Xcode/DerivedData/ModuleCache.noindex/Session.modulevalidation -fmodules-validate-once-per-build-session -Wnon-modular-include-in-framework-module -Werror\=non-modular-include-in-framework-module -Wno-trigraphs -Wno-missing-field-initializers -Wno-missing-prototypes -Wno-return-type -Wno-implicit-atomic-properties -Wno-objc-interface-ivars -Wno-arc-repeated-use-of-weak -Wno-missing-braces -Wparentheses -Wswitch -Wno-unused-function -Wno-unused-label -Wno-unused-parameter -Wno-unused-variable -Wunused-value -Wno-empty-body -Wno-uninitialized -Wno-unknown-pragmas -w -Wno-shadow -Wno-four-char-constants -Wno-conversion -Wno-constant-conversion -Wno-int-conversion -Wno-bool-conversion -Wno-enum-conversion -Wno-float-conversion -Wno-non-literal-null-conversion -Wno-objc-literal-conversion -Wshorten-64-to-32 -Wpointer-sign -Wno-newline-eof -Wno-selector -Wno-strict-selector-match -Wno-undeclared-selector -Wno-deprecated-implementations -Wno-implicit-fallthrough -isysroot /Applications/Xcode.app/Contents/Developer/Platforms/iPhoneSimulator.platform/Developer/SDKs/iPhoneSimulator26.4.sdk -fstrict-aliasing -Wprotocol -Wdeprecated-declarations -Wno-sign-conversion -Wno-infinite-recursion -Wno-comma -Wno-block-capture-autoreleasing -Wno-strict-prototypes -Wno-semicolon-before-method-body -index-store-path /Users/aadityasingh/Library/Developer/Xcode/DerivedData/Chatlio-erkyzdeecsohoaggpwbjdvavzqfv/Index.noindex/DataStore @/Users/aadityasingh/Library/Developer/Xcode/DerivedData/Chatlio-erkyzdeecsohoaggpwbjdvavzqfv/Build/Intermediates.noindex/DTFoundation.build/Debug-iphonesimulator/DTFoundation.build/Objects-normal/x86_64/e6072d4f65d7061329687fe24e3d63a7-common-args.resp -MMD -MT dependencies -MF /Users/aadityasingh/Library/Developer/Xcode/DerivedData/Chatlio-erkyzdeecsohoaggpwbjdvavzqfv/Build/Intermediates.noindex/DTFoundation.build/Debug-iphonesimulator/DTFoundation.build/Objects-normal/x86_64/DTSidePanelController.d --serialize-diagnostics /Users/aadityasingh/Library/Developer/Xcode/DerivedData/Chatlio-erkyzdeecsohoaggpwbjdvavzqfv/Build/Intermediates.noindex/DTFoundation.build/Debug-iphonesimulator/DTFoundation.build/Objects-normal/x86_64/DTSidePanelController.dia -c /Users/aadityasingh/Library/Developer/Xcode/DerivedData/Chatlio-erkyzdeecsohoaggpwbjdvavzqfv/SourcePackages/checkouts/DTFoundation/Core/Source/iOS/DTSidePanel/DTSidePanelController.m -o /Users/aadityasingh/Library/Developer/Xcode/DerivedData/Chatlio-erkyzdeecsohoaggpwbjdvavzqfv/Build/Intermediates.noindex/DTFoundation.build/Debug-iphonesimulator/DTFoundation.build/Objects-normal/x86_64/DTSidePanelController.o -index-unit-output-path /DTFoundation.build/Debug-iphonesimulator/DTFoundation.build/Objects-normal/x86_64/DTSidePanelController.o

SwiftDriverJobDiscovery normal arm64 Compiling Device.generated.swift (in target 'DeviceKit' from project 'DeviceKit')

SwiftDriver\ Compilation DeviceKit normal arm64 com.apple.xcode.tools.swift.compiler (in target 'DeviceKit' from project 'DeviceKit')
    cd /Users/aadityasingh/Documents/Development/element-x-ios/Chatlio.xcodeproj
    builtin-Swift-Compilation -- /Applications/Xcode.app/Contents/Developer/Toolchains/XcodeDefault.xctoolchain/usr/bin/swiftc -module-name DeviceKit -Onone @/Users/aadityasingh/Library/Developer/Xcode/DerivedData/Chatlio-erkyzdeecsohoaggpwbjdvavzqfv/Build/Intermediates.noindex/DeviceKit.build/Debug-iphonesimulator/DeviceKit.build/Objects-normal/arm64/DeviceKit.SwiftFileList -DSWIFT_PACKAGE -DDEBUG -DSWIFT_MODULE_RESOURCE_BUNDLE_AVAILABLE -DXcode -plugin-path /Applications/Xcode.app/Contents/Developer/Toolchains/XcodeDefault.xctoolchain/usr/lib/swift/host/plugins/testing -enable-experimental-feature DebugDescriptionMacro -sdk /Applications/Xcode.app/Contents/Developer/Platforms/iPhoneSimulator.platform/Developer/SDKs/iPhoneSimulator26.4.sdk -target arm64-apple-ios13.0-simulator -g -module-cache-path /Users/aadityasingh/Library/Developer/Xcode/DerivedData/ModuleCache.noindex -Xfrontend -serialize-debugging-options -profile-coverage-mapping -profile-generate -enable-testing -suppress-warnings -index-store-path /Users/aadityasingh/Library/Developer/Xcode/DerivedData/Chatlio-erkyzdeecsohoaggpwbjdvavzqfv/Index.noindex/DataStore -Xcc -D_LIBCPP_HARDENING_MODE\=_LIBCPP_HARDENING_MODE_DEBUG -swift-version 5 -I /Users/aadityasingh/Library/Developer/Xcode/DerivedData/Chatlio-erkyzdeecsohoaggpwbjdvavzqfv/Build/Products/Debug-iphonesimulator -Isystem /Applications/Xcode.app/Contents/Developer/Platforms/iPhoneSimulator.platform/Developer/usr/lib -F /Users/aadityasingh/Library/Developer/Xcode/DerivedData/Chatlio-erkyzdeecsohoaggpwbjdvavzqfv/Build/Products/Debug-iphonesimulator -F /Applications/Xcode.app/Contents/Developer/Platforms/iPhoneSimulator.platform/Developer/Library/Frameworks -F /Applications/Xcode.app/Contents/Developer/Platforms/iPhoneSimulator.platform/Developer/SDKs/iPhoneSimulator26.4.sdk/Developer/Library/Frameworks -c -j12 -enable-batch-mode -incremental -Xcc -ivfsstatcache -Xcc /Users/aadityasingh/Library/Developer/Xcode/DerivedData/SDKStatCaches.noindex/iphonesimulator26.4-23E252-686eebb5dc1d8ecb277353a59184f4aa.sdkstatcache -output-file-map /Users/aadityasingh/Library/Developer/Xcode/DerivedData/Chatlio-erkyzdeecsohoaggpwbjdvavzqfv/Build/Intermediates.noindex/DeviceKit.build/Debug-iphonesimulator/DeviceKit.build/Objects-normal/arm64/DeviceKit-OutputFileMap.json -use-frontend-parseable-output -save-temps -no-color-diagnostics -explicit-module-build -module-cache-path /Users/aadityasingh/Library/Developer/Xcode/DerivedData/Chatlio-erkyzdeecsohoaggpwbjdvavzqfv/Build/Intermediates.noindex/SwiftExplicitPrecompiledModules -clang-scanner-module-cache-path /Users/aadityasingh/Library/Developer/Xcode/DerivedData/ModuleCache.noindex -sdk-module-cache-path /Users/aadityasingh/Library/Developer/Xcode/DerivedData/ModuleCache.noindex -serialize-diagnostics -emit-dependencies -emit-module -emit-module-path /Users/aadityasingh/Library/Developer/Xcode/DerivedData/Chatlio-erkyzdeecsohoaggpwbjdvavzqfv/Build/Intermediates.noindex/DeviceKit.build/Debug-iphonesimulator/DeviceKit.build/Objects-normal/arm64/DeviceKit.swiftmodule -validate-clang-modules-once -clang-build-session-file /Users/aadityasingh/Library/Developer/Xcode/DerivedData/ModuleCache.noindex/Session.modulevalidation -Xcc -I/Users/aadityasingh/Library/Developer/Xcode/DerivedData/Chatlio-erkyzdeecsohoaggpwbjdvavzqfv/Build/Intermediates.noindex/DeviceKit.build/Debug-iphonesimulator/DeviceKit.build/swift-overrides.hmap -emit-const-values -Xfrontend -const-gather-protocols-file -Xfrontend /Users/aadityasingh/Library/Developer/Xcode/DerivedData/Chatlio-erkyzdeecsohoaggpwbjdvavzqfv/Build/Intermediates.noindex/DeviceKit.build/Debug-iphonesimulator/DeviceKit.build/Objects-normal/arm64/DeviceKit_const_extract_protocols.json -Xcc -I/Users/aadityasingh/Library/Developer/Xcode/DerivedData/Chatlio-erkyzdeecsohoaggpwbjdvavzqfv/Build/Products/Debug-iphonesimulator/include -Xcc -I/Users/aadityasingh/Library/Developer/Xcode/DerivedData/Chatlio-erkyzdeecsohoaggpwbjdvavzqfv/Build/Intermediates.noindex/DeviceKit.build/Debug-iphonesimulator/DeviceKit.build/DerivedSources-normal/arm64 -Xcc -I/Users/aadityasingh/Library/Developer/Xcode/DerivedData/Chatlio-erkyzdeecsohoaggpwbjdvavzqfv/Build/Intermediates.noindex/DeviceKit.build/Debug-iphonesimulator/DeviceKit.build/DerivedSources/arm64 -Xcc -I/Users/aadityasingh/Library/Developer/Xcode/DerivedData/Chatlio-erkyzdeecsohoaggpwbjdvavzqfv/Build/Intermediates.noindex/DeviceKit.build/Debug-iphonesimulator/DeviceKit.build/DerivedSources -Xcc -DSWIFT_PACKAGE -Xcc -DDEBUG\=1 -emit-objc-header -emit-objc-header-path /Users/aadityasingh/Library/Developer/Xcode/DerivedData/Chatlio-erkyzdeecsohoaggpwbjdvavzqfv/Build/Intermediates.noindex/DeviceKit.build/Debug-iphonesimulator/DeviceKit.build/Objects-normal/arm64/DeviceKit-Swift.h -working-directory /Users/aadityasingh/Documents/Development/element-x-ios/Chatlio.xcodeproj -experimental-emit-module-separately -disable-cmo

ScanDependencies /Users/aadityasingh/Library/Developer/Xcode/DerivedData/Chatlio-erkyzdeecsohoaggpwbjdvavzqfv/Build/Intermediates.noindex/DTFoundation.build/Debug-iphonesimulator/DTFoundation.build/Objects-normal/x86_64/DTScrollView.o /Users/aadityasingh/Library/Developer/Xcode/DerivedData/Chatlio-erkyzdeecsohoaggpwbjdvavzqfv/SourcePackages/checkouts/DTFoundation/Core/Source/OSX/DTScrollView.m normal x86_64 objective-c com.apple.compilers.llvm.clang.1_0.compiler (in target 'DTFoundation' from project 'DTFoundation')
    cd /Users/aadityasingh/Documents/Development/element-x-ios/Chatlio.xcodeproj
    
    Using response file: /Users/aadityasingh/Library/Developer/Xcode/DerivedData/Chatlio-erkyzdeecsohoaggpwbjdvavzqfv/Build/Intermediates.noindex/DTFoundation.build/Debug-iphonesimulator/DTFoundation.build/Objects-normal/x86_64/e6072d4f65d7061329687fe24e3d63a7-common-args.resp
    
    builtin-ScanDependencies -o /Users/aadityasingh/Library/Developer/Xcode/DerivedData/Chatlio-erkyzdeecsohoaggpwbjdvavzqfv/Build/Intermediates.noindex/DTFoundation.build/Debug-iphonesimulator/DTFoundation.build/Objects-normal/x86_64/DTScrollView.o.scan -- /Applications/Xcode.app/Contents/Developer/Toolchains/XcodeDefault.xctoolchain/usr/bin/clang -x objective-c -ivfsstatcache /Users/aadityasingh/Library/Developer/Xcode/DerivedData/SDKStatCaches.noindex/iphonesimulator26.4-23E252-686eebb5dc1d8ecb277353a59184f4aa.sdkstatcache -target x86_64-apple-ios12.0-simulator -fmessage-length\=0 -fdiagnostics-show-note-include-stack -fmacro-backtrace-limit\=0 -fno-color-diagnostics -fmodules-prune-interval\=86400 -fmodules-prune-after\=345600 -fbuild-session-file\=/Users/aadityasingh/Library/Developer/Xcode/DerivedData/ModuleCache.noindex/Session.modulevalidation -fmodules-validate-once-per-build-session -Wnon-modular-include-in-framework-module -Werror\=non-modular-include-in-framework-module -Wno-trigraphs -Wno-missing-field-initializers -Wno-missing-prototypes -Wno-return-type -Wno-implicit-atomic-properties -Wno-objc-interface-ivars -Wno-arc-repeated-use-of-weak -Wno-missing-braces -Wparentheses -Wswitch -Wno-unused-function -Wno-unused-label -Wno-unused-parameter -Wno-unused-variable -Wunused-value -Wno-empty-body -Wno-uninitialized -Wno-unknown-pragmas -w -Wno-shadow -Wno-four-char-constants -Wno-conversion -Wno-constant-conversion -Wno-int-conversion -Wno-bool-conversion -Wno-enum-conversion -Wno-float-conversion -Wno-non-literal-null-conversion -Wno-objc-literal-conversion -Wshorten-64-to-32 -Wpointer-sign -Wno-newline-eof -Wno-selector -Wno-strict-selector-match -Wno-undeclared-selector -Wno-deprecated-implementations -Wno-implicit-fallthrough -isysroot /Applications/Xcode.app/Contents/Developer/Platforms/iPhoneSimulator.platform/Developer/SDKs/iPhoneSimulator26.4.sdk -fstrict-aliasing -Wprotocol -Wdeprecated-declarations -Wno-sign-conversion -Wno-infinite-recursion -Wno-comma -Wno-block-capture-autoreleasing -Wno-strict-prototypes -Wno-semicolon-before-method-body -index-store-path /Users/aadityasingh/Library/Developer/Xcode/DerivedData/Chatlio-erkyzdeecsohoaggpwbjdvavzqfv/Index.noindex/DataStore @/Users/aadityasingh/Library/Developer/Xcode/DerivedData/Chatlio-erkyzdeecsohoaggpwbjdvavzqfv/Build/Intermediates.noindex/DTFoundation.build/Debug-iphonesimulator/DTFoundation.build/Objects-normal/x86_64/e6072d4f65d7061329687fe24e3d63a7-common-args.resp -MMD -MT dependencies -MF /Users/aadityasingh/Library/Developer/Xcode/DerivedData/Chatlio-erkyzdeecsohoaggpwbjdvavzqfv/Build/Intermediates.noindex/DTFoundation.build/Debug-iphonesimulator/DTFoundation.build/Objects-normal/x86_64/DTScrollView.d --serialize-diagnostics /Users/aadityasingh/Library/Developer/Xcode/DerivedData/Chatlio-erkyzdeecsohoaggpwbjdvavzqfv/Build/Intermediates.noindex/DTFoundation.build/Debug-iphonesimulator/DTFoundation.build/Objects-normal/x86_64/DTScrollView.dia -c /Users/aadityasingh/Library/Developer/Xcode/DerivedData/Chatlio-erkyzdeecsohoaggpwbjdvavzqfv/SourcePackages/checkouts/DTFoundation/Core/Source/OSX/DTScrollView.m -o /Users/aadityasingh/Library/Developer/Xcode/DerivedData/Chatlio-erkyzdeecsohoaggpwbjdvavzqfv/Build/Intermediates.noindex/DTFoundation.build/Debug-iphonesimulator/DTFoundation.build/Objects-normal/x86_64/DTScrollView.o -index-unit-output-path /DTFoundation.build/Debug-iphonesimulator/DTFoundation.build/Objects-normal/x86_64/DTScrollView.o

ScanDependencies /Users/aadityasingh/Library/Developer/Xcode/DerivedData/Chatlio-erkyzdeecsohoaggpwbjdvavzqfv/Build/Intermediates.noindex/DTFoundation.build/Debug-iphonesimulator/DTFoundation.build/Objects-normal/x86_64/DTScriptVariable.o /Users/aadityasingh/Library/Developer/Xcode/DerivedData/Chatlio-erkyzdeecsohoaggpwbjdvavzqfv/SourcePackages/checkouts/DTFoundation/Core/Source/DTScripting/DTScriptVariable.m normal x86_64 objective-c com.apple.compilers.llvm.clang.1_0.compiler (in target 'DTFoundation' from project 'DTFoundation')
    cd /Users/aadityasingh/Documents/Development/element-x-ios/Chatlio.xcodeproj
    
    Using response file: /Users/aadityasingh/Library/Developer/Xcode/DerivedData/Chatlio-erkyzdeecsohoaggpwbjdvavzqfv/Build/Intermediates.noindex/DTFoundation.build/Debug-iphonesimulator/DTFoundation.build/Objects-normal/x86_64/e6072d4f65d7061329687fe24e3d63a7-common-args.resp
    
    builtin-ScanDependencies -o /Users/aadityasingh/Library/Developer/Xcode/DerivedData/Chatlio-erkyzdeecsohoaggpwbjdvavzqfv/Build/Intermediates.noindex/DTFoundation.build/Debug-iphonesimulator/DTFoundation.build/Objects-normal/x86_64/DTScriptVariable.o.scan -- /Applications/Xcode.app/Contents/Developer/Toolchains/XcodeDefault.xctoolchain/usr/bin/clang -x objective-c -ivfsstatcache /Users/aadityasingh/Library/Developer/Xcode/DerivedData/SDKStatCaches.noindex/iphonesimulator26.4-23E252-686eebb5dc1d8ecb277353a59184f4aa.sdkstatcache -target x86_64-apple-ios12.0-simulator -fmessage-length\=0 -fdiagnostics-show-note-include-stack -fmacro-backtrace-limit\=0 -fno-color-diagnostics -fmodules-prune-interval\=86400 -fmodules-prune-after\=345600 -fbuild-session-file\=/Users/aadityasingh/Library/Developer/Xcode/DerivedData/ModuleCache.noindex/Session.modulevalidation -fmodules-validate-once-per-build-session -Wnon-modular-include-in-framework-module -Werror\=non-modular-include-in-framework-module -Wno-trigraphs -Wno-missing-field-initializers -Wno-missing-prototypes -Wno-return-type -Wno-implicit-atomic-properties -Wno-objc-interface-ivars -Wno-arc-repeated-use-of-weak -Wno-missing-braces -Wparentheses -Wswitch -Wno-unused-function -Wno-unused-label -Wno-unused-parameter -Wno-unused-variable -Wunused-value -Wno-empty-body -Wno-uninitialized -Wno-unknown-pragmas -w -Wno-shadow -Wno-four-char-constants -Wno-conversion -Wno-constant-conversion -Wno-int-conversion -Wno-bool-conversion -Wno-enum-conversion -Wno-float-conversion -Wno-non-literal-null-conversion -Wno-objc-literal-conversion -Wshorten-64-to-32 -Wpointer-sign -Wno-newline-eof -Wno-selector -Wno-strict-selector-match -Wno-undeclared-selector -Wno-deprecated-implementations -Wno-implicit-fallthrough -isysroot /Applications/Xcode.app/Contents/Developer/Platforms/iPhoneSimulator.platform/Developer/SDKs/iPhoneSimulator26.4.sdk -fstrict-aliasing -Wprotocol -Wdeprecated-declarations -Wno-sign-conversion -Wno-infinite-recursion -Wno-comma -Wno-block-capture-autoreleasing -Wno-strict-prototypes -Wno-semicolon-before-method-body -index-store-path /Users/aadityasingh/Library/Developer/Xcode/DerivedData/Chatlio-erkyzdeecsohoaggpwbjdvavzqfv/Index.noindex/DataStore @/Users/aadityasingh/Library/Developer/Xcode/DerivedData/Chatlio-erkyzdeecsohoaggpwbjdvavzqfv/Build/Intermediates.noindex/DTFoundation.build/Debug-iphonesimulator/DTFoundation.build/Objects-normal/x86_64/e6072d4f65d7061329687fe24e3d63a7-common-args.resp -MMD -MT dependencies -MF /Users/aadityasingh/Library/Developer/Xcode/DerivedData/Chatlio-erkyzdeecsohoaggpwbjdvavzqfv/Build/Intermediates.noindex/DTFoundation.build/Debug-iphonesimulator/DTFoundation.build/Objects-normal/x86_64/DTScriptVariable.d --serialize-diagnostics /Users/aadityasingh/Library/Developer/Xcode/DerivedData/Chatlio-erkyzdeecsohoaggpwbjdvavzqfv/Build/Intermediates.noindex/DTFoundation.build/Debug-iphonesimulator/DTFoundation.build/Objects-normal/x86_64/DTScriptVariable.dia -c /Users/aadityasingh/Library/Developer/Xcode/DerivedData/Chatlio-erkyzdeecsohoaggpwbjdvavzqfv/SourcePackages/checkouts/DTFoundation/Core/Source/DTScripting/DTScriptVariable.m -o /Users/aadityasingh/Library/Developer/Xcode/DerivedData/Chatlio-erkyzdeecsohoaggpwbjdvavzqfv/Build/Intermediates.noindex/DTFoundation.build/Debug-iphonesimulator/DTFoundation.build/Objects-normal/x86_64/DTScriptVariable.o -index-unit-output-path /DTFoundation.build/Debug-iphonesimulator/DTFoundation.build/Objects-normal/x86_64/DTScriptVariable.o

ScanDependencies /Users/aadityasingh/Library/Developer/Xcode/DerivedData/Chatlio-erkyzdeecsohoaggpwbjdvavzqfv/Build/Intermediates.noindex/DTFoundation.build/Debug-iphonesimulator/DTFoundation.build/Objects-normal/x86_64/DTScriptExpression.o /Users/aadityasingh/Library/Developer/Xcode/DerivedData/Chatlio-erkyzdeecsohoaggpwbjdvavzqfv/SourcePackages/checkouts/DTFoundation/Core/Source/DTScripting/DTScriptExpression.m normal x86_64 objective-c com.apple.compilers.llvm.clang.1_0.compiler (in target 'DTFoundation' from project 'DTFoundation')
    cd /Users/aadityasingh/Documents/Development/element-x-ios/Chatlio.xcodeproj
    
    Using response file: /Users/aadityasingh/Library/Developer/Xcode/DerivedData/Chatlio-erkyzdeecsohoaggpwbjdvavzqfv/Build/Intermediates.noindex/DTFoundation.build/Debug-iphonesimulator/DTFoundation.build/Objects-normal/x86_64/e6072d4f65d7061329687fe24e3d63a7-common-args.resp
    
    builtin-ScanDependencies -o /Users/aadityasingh/Library/Developer/Xcode/DerivedData/Chatlio-erkyzdeecsohoaggpwbjdvavzqfv/Build/Intermediates.noindex/DTFoundation.build/Debug-iphonesimulator/DTFoundation.build/Objects-normal/x86_64/DTScriptExpression.o.scan -- /Applications/Xcode.app/Contents/Developer/Toolchains/XcodeDefault.xctoolchain/usr/bin/clang -x objective-c -ivfsstatcache /Users/aadityasingh/Library/Developer/Xcode/DerivedData/SDKStatCaches.noindex/iphonesimulator26.4-23E252-686eebb5dc1d8ecb277353a59184f4aa.sdkstatcache -target x86_64-apple-ios12.0-simulator -fmessage-length\=0 -fdiagnostics-show-note-include-stack -fmacro-backtrace-limit\=0 -fno-color-diagnostics -fmodules-prune-interval\=86400 -fmodules-prune-after\=345600 -fbuild-session-file\=/Users/aadityasingh/Library/Developer/Xcode/DerivedData/ModuleCache.noindex/Session.modulevalidation -fmodules-validate-once-per-build-session -Wnon-modular-include-in-framework-module -Werror\=non-modular-include-in-framework-module -Wno-trigraphs -Wno-missing-field-initializers -Wno-missing-prototypes -Wno-return-type -Wno-implicit-atomic-properties -Wno-objc-interface-ivars -Wno-arc-repeated-use-of-weak -Wno-missing-braces -Wparentheses -Wswitch -Wno-unused-function -Wno-unused-label -Wno-unused-parameter -Wno-unused-variable -Wunused-value -Wno-empty-body -Wno-uninitialized -Wno-unknown-pragmas -w -Wno-shadow -Wno-four-char-constants -Wno-conversion -Wno-constant-conversion -Wno-int-conversion -Wno-bool-conversion -Wno-enum-conversion -Wno-float-conversion -Wno-non-literal-null-conversion -Wno-objc-literal-conversion -Wshorten-64-to-32 -Wpointer-sign -Wno-newline-eof -Wno-selector -Wno-strict-selector-match -Wno-undeclared-selector -Wno-deprecated-implementations -Wno-implicit-fallthrough -isysroot /Applications/Xcode.app/Contents/Developer/Platforms/iPhoneSimulator.platform/Developer/SDKs/iPhoneSimulator26.4.sdk -fstrict-aliasing -Wprotocol -Wdeprecated-declarations -Wno-sign-conversion -Wno-infinite-recursion -Wno-comma -Wno-block-capture-autoreleasing -Wno-strict-prototypes -Wno-semicolon-before-method-body -index-store-path /Users/aadityasingh/Library/Developer/Xcode/DerivedData/Chatlio-erkyzdeecsohoaggpwbjdvavzqfv/Index.noindex/DataStore @/Users/aadityasingh/Library/Developer/Xcode/DerivedData/Chatlio-erkyzdeecsohoaggpwbjdvavzqfv/Build/Intermediates.noindex/DTFoundation.build/Debug-iphonesimulator/DTFoundation.build/Objects-normal/x86_64/e6072d4f65d7061329687fe24e3d63a7-common-args.resp -MMD -MT dependencies -MF /Users/aadityasingh/Library/Developer/Xcode/DerivedData/Chatlio-erkyzdeecsohoaggpwbjdvavzqfv/Build/Intermediates.noindex/DTFoundation.build/Debug-iphonesimulator/DTFoundation.build/Objects-normal/x86_64/DTScriptExpression.d --serialize-diagnostics /Users/aadityasingh/Library/Developer/Xcode/DerivedData/Chatlio-erkyzdeecsohoaggpwbjdvavzqfv/Build/Intermediates.noindex/DTFoundation.build/Debug-iphonesimulator/DTFoundation.build/Objects-normal/x86_64/DTScriptExpression.dia -c /Users/aadityasingh/Library/Developer/Xcode/DerivedData/Chatlio-erkyzdeecsohoaggpwbjdvavzqfv/SourcePackages/checkouts/DTFoundation/Core/Source/DTScripting/DTScriptExpression.m -o /Users/aadityasingh/Library/Developer/Xcode/DerivedData/Chatlio-erkyzdeecsohoaggpwbjdvavzqfv/Build/Intermediates.noindex/DTFoundation.build/Debug-iphonesimulator/DTFoundation.build/Objects-normal/x86_64/DTScriptExpression.o -index-unit-output-path /DTFoundation.build/Debug-iphonesimulator/DTFoundation.build/Objects-normal/x86_64/DTScriptExpression.o

PrecompileModule /Users/aadityasingh/Library/Developer/Xcode/DerivedData/Chatlio-erkyzdeecsohoaggpwbjdvavzqfv/Build/Intermediates.noindex/ExplicitPrecompiledModules/_DarwinFoundation3-1RYAX51MQQZLVTYYECZ67BMSY.scan
    cd /
    builtin-precompileModule /Users/aadityasingh/Library/Developer/Xcode/DerivedData/Chatlio-erkyzdeecsohoaggpwbjdvavzqfv/Build/Intermediates.noindex/ExplicitPrecompiledModules/_DarwinFoundation3-1RYAX51MQQZLVTYYECZ67BMSY.scan

ScanDependencies /Users/aadityasingh/Library/Developer/Xcode/DerivedData/Chatlio-erkyzdeecsohoaggpwbjdvavzqfv/Build/Intermediates.noindex/DTFoundation.build/Debug-iphonesimulator/DTFoundation.build/Objects-normal/x86_64/DTSQLiteFunctions.o /Users/aadityasingh/Library/Developer/Xcode/DerivedData/Chatlio-erkyzdeecsohoaggpwbjdvavzqfv/SourcePackages/checkouts/DTFoundation/Core/Source/DTSQLite/DTSQLiteFunctions.m normal x86_64 objective-c com.apple.compilers.llvm.clang.1_0.compiler (in target 'DTFoundation' from project 'DTFoundation')
    cd /Users/aadityasingh/Documents/Development/element-x-ios/Chatlio.xcodeproj
    
    Using response file: /Users/aadityasingh/Library/Developer/Xcode/DerivedData/Chatlio-erkyzdeecsohoaggpwbjdvavzqfv/Build/Intermediates.noindex/DTFoundation.build/Debug-iphonesimulator/DTFoundation.build/Objects-normal/x86_64/e6072d4f65d7061329687fe24e3d63a7-common-args.resp
    
    builtin-ScanDependencies -o /Users/aadityasingh/Library/Developer/Xcode/DerivedData/Chatlio-erkyzdeecsohoaggpwbjdvavzqfv/Build/Intermediates.noindex/DTFoundation.build/Debug-iphonesimulator/DTFoundation.build/Objects-normal/x86_64/DTSQLiteFunctions.o.scan -- /Applications/Xcode.app/Contents/Developer/Toolchains/XcodeDefault.xctoolchain/usr/bin/clang -x objective-c -ivfsstatcache /Users/aadityasingh/Library/Developer/Xcode/DerivedData/SDKStatCaches.noindex/iphonesimulator26.4-23E252-686eebb5dc1d8ecb277353a59184f4aa.sdkstatcache -target x86_64-apple-ios12.0-simulator -fmessage-length\=0 -fdiagnostics-show-note-include-stack -fmacro-backtrace-limit\=0 -fno-color-diagnostics -fmodules-prune-interval\=86400 -fmodules-prune-after\=345600 -fbuild-session-file\=/Users/aadityasingh/Library/Developer/Xcode/DerivedData/ModuleCache.noindex/Session.modulevalidation -fmodules-validate-once-per-build-session -Wnon-modular-include-in-framework-module -Werror\=non-modular-include-in-framework-module -Wno-trigraphs -Wno-missing-field-initializers -Wno-missing-prototypes -Wno-return-type -Wno-implicit-atomic-properties -Wno-objc-interface-ivars -Wno-arc-repeated-use-of-weak -Wno-missing-braces -Wparentheses -Wswitch -Wno-unused-function -Wno-unused-label -Wno-unused-parameter -Wno-unused-variable -Wunused-value -Wno-empty-body -Wno-uninitialized -Wno-unknown-pragmas -w -Wno-shadow -Wno-four-char-constants -Wno-conversion -Wno-constant-conversion -Wno-int-conversion -Wno-bool-conversion -Wno-enum-conversion -Wno-float-conversion -Wno-non-literal-null-conversion -Wno-objc-literal-conversion -Wshorten-64-to-32 -Wpointer-sign -Wno-newline-eof -Wno-selector -Wno-strict-selector-match -Wno-undeclared-selector -Wno-deprecated-implementations -Wno-implicit-fallthrough -isysroot /Applications/Xcode.app/Contents/Developer/Platforms/iPhoneSimulator.platform/Developer/SDKs/iPhoneSimulator26.4.sdk -fstrict-aliasing -Wprotocol -Wdeprecated-declarations -Wno-sign-conversion -Wno-infinite-recursion -Wno-comma -Wno-block-capture-autoreleasing -Wno-strict-prototypes -Wno-semicolon-before-method-body -index-store-path /Users/aadityasingh/Library/Developer/Xcode/DerivedData/Chatlio-erkyzdeecsohoaggpwbjdvavzqfv/Index.noindex/DataStore @/Users/aadityasingh/Library/Developer/Xcode/DerivedData/Chatlio-erkyzdeecsohoaggpwbjdvavzqfv/Build/Intermediates.noindex/DTFoundation.build/Debug-iphonesimulator/DTFoundation.build/Objects-normal/x86_64/e6072d4f65d7061329687fe24e3d63a7-common-args.resp -MMD -MT dependencies -MF /Users/aadityasingh/Library/Developer/Xcode/DerivedData/Chatlio-erkyzdeecsohoaggpwbjdvavzqfv/Build/Intermediates.noindex/DTFoundation.build/Debug-iphonesimulator/DTFoundation.build/Objects-normal/x86_64/DTSQLiteFunctions.d --serialize-diagnostics /Users/aadityasingh/Library/Developer/Xcode/DerivedData/Chatlio-erkyzdeecsohoaggpwbjdvavzqfv/Build/Intermediates.noindex/DTFoundation.build/Debug-iphonesimulator/DTFoundation.build/Objects-normal/x86_64/DTSQLiteFunctions.dia -c /Users/aadityasingh/Library/Developer/Xcode/DerivedData/Chatlio-erkyzdeecsohoaggpwbjdvavzqfv/SourcePackages/checkouts/DTFoundation/Core/Source/DTSQLite/DTSQLiteFunctions.m -o /Users/aadityasingh/Library/Developer/Xcode/DerivedData/Chatlio-erkyzdeecsohoaggpwbjdvavzqfv/Build/Intermediates.noindex/DTFoundation.build/Debug-iphonesimulator/DTFoundation.build/Objects-normal/x86_64/DTSQLiteFunctions.o -index-unit-output-path /DTFoundation.build/Debug-iphonesimulator/DTFoundation.build/Objects-normal/x86_64/DTSQLiteFunctions.o

ScanDependencies /Users/aadityasingh/Library/Developer/Xcode/DerivedData/Chatlio-erkyzdeecsohoaggpwbjdvavzqfv/Build/Intermediates.noindex/DTFoundation.build/Debug-iphonesimulator/DTFoundation.build/Objects-normal/x86_64/DTSQLiteDatabase.o /Users/aadityasingh/Library/Developer/Xcode/DerivedData/Chatlio-erkyzdeecsohoaggpwbjdvavzqfv/SourcePackages/checkouts/DTFoundation/Core/Source/DTSQLite/DTSQLiteDatabase.m normal x86_64 objective-c com.apple.compilers.llvm.clang.1_0.compiler (in target 'DTFoundation' from project 'DTFoundation')
    cd /Users/aadityasingh/Documents/Development/element-x-ios/Chatlio.xcodeproj
    
    Using response file: /Users/aadityasingh/Library/Developer/Xcode/DerivedData/Chatlio-erkyzdeecsohoaggpwbjdvavzqfv/Build/Intermediates.noindex/DTFoundation.build/Debug-iphonesimulator/DTFoundation.build/Objects-normal/x86_64/e6072d4f65d7061329687fe24e3d63a7-common-args.resp
    
    builtin-ScanDependencies -o /Users/aadityasingh/Library/Developer/Xcode/DerivedData/Chatlio-erkyzdeecsohoaggpwbjdvavzqfv/Build/Intermediates.noindex/DTFoundation.build/Debug-iphonesimulator/DTFoundation.build/Objects-normal/x86_64/DTSQLiteDatabase.o.scan -- /Applications/Xcode.app/Contents/Developer/Toolchains/XcodeDefault.xctoolchain/usr/bin/clang -x objective-c -ivfsstatcache /Users/aadityasingh/Library/Developer/Xcode/DerivedData/SDKStatCaches.noindex/iphonesimulator26.4-23E252-686eebb5dc1d8ecb277353a59184f4aa.sdkstatcache -target x86_64-apple-ios12.0-simulator -fmessage-length\=0 -fdiagnostics-show-note-include-stack -fmacro-backtrace-limit\=0 -fno-color-diagnostics -fmodules-prune-interval\=86400 -fmodules-prune-after\=345600 -fbuild-session-file\=/Users/aadityasingh/Library/Developer/Xcode/DerivedData/ModuleCache.noindex/Session.modulevalidation -fmodules-validate-once-per-build-session -Wnon-modular-include-in-framework-module -Werror\=non-modular-include-in-framework-module -Wno-trigraphs -Wno-missing-field-initializers -Wno-missing-prototypes -Wno-return-type -Wno-implicit-atomic-properties -Wno-objc-interface-ivars -Wno-arc-repeated-use-of-weak -Wno-missing-braces -Wparentheses -Wswitch -Wno-unused-function -Wno-unused-label -Wno-unused-parameter -Wno-unused-variable -Wunused-value -Wno-empty-body -Wno-uninitialized -Wno-unknown-pragmas -w -Wno-shadow -Wno-four-char-constants -Wno-conversion -Wno-constant-conversion -Wno-int-conversion -Wno-bool-conversion -Wno-enum-conversion -Wno-float-conversion -Wno-non-literal-null-conversion -Wno-objc-literal-conversion -Wshorten-64-to-32 -Wpointer-sign -Wno-newline-eof -Wno-selector -Wno-strict-selector-match -Wno-undeclared-selector -Wno-deprecated-implementations -Wno-implicit-fallthrough -isysroot /Applications/Xcode.app/Contents/Developer/Platforms/iPhoneSimulator.platform/Developer/SDKs/iPhoneSimulator26.4.sdk -fstrict-aliasing -Wprotocol -Wdeprecated-declarations -Wno-sign-conversion -Wno-infinite-recursion -Wno-comma -Wno-block-capture-autoreleasing -Wno-strict-prototypes -Wno-semicolon-before-method-body -index-store-path /Users/aadityasingh/Library/Developer/Xcode/DerivedData/Chatlio-erkyzdeecsohoaggpwbjdvavzqfv/Index.noindex/DataStore @/Users/aadityasingh/Library/Developer/Xcode/DerivedData/Chatlio-erkyzdeecsohoaggpwbjdvavzqfv/Build/Intermediates.noindex/DTFoundation.build/Debug-iphonesimulator/DTFoundation.build/Objects-normal/x86_64/e6072d4f65d7061329687fe24e3d63a7-common-args.resp -MMD -MT dependencies -MF /Users/aadityasingh/Library/Developer/Xcode/DerivedData/Chatlio-erkyzdeecsohoaggpwbjdvavzqfv/Build/Intermediates.noindex/DTFoundation.build/Debug-iphonesimulator/DTFoundation.build/Objects-normal/x86_64/DTSQLiteDatabase.d --serialize-diagnostics /Users/aadityasingh/Library/Developer/Xcode/DerivedData/Chatlio-erkyzdeecsohoaggpwbjdvavzqfv/Build/Intermediates.noindex/DTFoundation.build/Debug-iphonesimulator/DTFoundation.build/Objects-normal/x86_64/DTSQLiteDatabase.dia -c /Users/aadityasingh/Library/Developer/Xcode/DerivedData/Chatlio-erkyzdeecsohoaggpwbjdvavzqfv/SourcePackages/checkouts/DTFoundation/Core/Source/DTSQLite/DTSQLiteDatabase.m -o /Users/aadityasingh/Library/Developer/Xcode/DerivedData/Chatlio-erkyzdeecsohoaggpwbjdvavzqfv/Build/Intermediates.noindex/DTFoundation.build/Debug-iphonesimulator/DTFoundation.build/Objects-normal/x86_64/DTSQLiteDatabase.o -index-unit-output-path /DTFoundation.build/Debug-iphonesimulator/DTFoundation.build/Objects-normal/x86_64/DTSQLiteDatabase.o

CompileC /Users/aadityasingh/Library/Developer/Xcode/DerivedData/Chatlio-erkyzdeecsohoaggpwbjdvavzqfv/Build/Intermediates.noindex/DTFoundation.build/Debug-iphonesimulator/DTFoundation.build/Objects-normal/x86_64/DTScrollView.o /Users/aadityasingh/Library/Developer/Xcode/DerivedData/Chatlio-erkyzdeecsohoaggpwbjdvavzqfv/SourcePackages/checkouts/DTFoundation/Core/Source/OSX/DTScrollView.m normal x86_64 objective-c com.apple.compilers.llvm.clang.1_0.compiler (in target 'DTFoundation' from project 'DTFoundation')
    cd /Users/aadityasingh/Documents/Development/element-x-ios/Chatlio.xcodeproj
    
    Using response file: /Users/aadityasingh/Library/Developer/Xcode/DerivedData/Chatlio-erkyzdeecsohoaggpwbjdvavzqfv/Build/Intermediates.noindex/DTFoundation.build/Debug-iphonesimulator/DTFoundation.build/Objects-normal/x86_64/e6072d4f65d7061329687fe24e3d63a7-common-args.resp
    
    /Applications/Xcode.app/Contents/Developer/Toolchains/XcodeDefault.xctoolchain/usr/bin/clang -x objective-c -ivfsstatcache /Users/aadityasingh/Library/Developer/Xcode/DerivedData/SDKStatCaches.noindex/iphonesimulator26.4-23E252-686eebb5dc1d8ecb277353a59184f4aa.sdkstatcache -target x86_64-apple-ios12.0-simulator -fmessage-length\=0 -fdiagnostics-show-note-include-stack -fmacro-backtrace-limit\=0 -fno-color-diagnostics -fmodules-prune-interval\=86400 -fmodules-prune-after\=345600 -fbuild-session-file\=/Users/aadityasingh/Library/Developer/Xcode/DerivedData/ModuleCache.noindex/Session.modulevalidation -fmodules-validate-once-per-build-session -Wnon-modular-include-in-framework-module -Werror\=non-modular-include-in-framework-module -Wno-trigraphs -Wno-missing-field-initializers -Wno-missing-prototypes -Wno-return-type -Wno-implicit-atomic-properties -Wno-objc-interface-ivars -Wno-arc-repeated-use-of-weak -Wno-missing-braces -Wparentheses -Wswitch -Wno-unused-function -Wno-unused-label -Wno-unused-parameter -Wno-unused-variable -Wunused-value -Wno-empty-body -Wno-uninitialized -Wno-unknown-pragmas -w -Wno-shadow -Wno-four-char-constants -Wno-conversion -Wno-constant-conversion -Wno-int-conversion -Wno-bool-conversion -Wno-enum-conversion -Wno-float-conversion -Wno-non-literal-null-conversion -Wno-objc-literal-conversion -Wshorten-64-to-32 -Wpointer-sign -Wno-newline-eof -Wno-selector -Wno-strict-selector-match -Wno-undeclared-selector -Wno-deprecated-implementations -Wno-implicit-fallthrough -isysroot /Applications/Xcode.app/Contents/Developer/Platforms/iPhoneSimulator.platform/Developer/SDKs/iPhoneSimulator26.4.sdk -fstrict-aliasing -Wprotocol -Wdeprecated-declarations -Wno-sign-conversion -Wno-infinite-recursion -Wno-comma -Wno-block-capture-autoreleasing -Wno-strict-prototypes -Wno-semicolon-before-method-body -index-store-path /Users/aadityasingh/Library/Developer/Xcode/DerivedData/Chatlio-erkyzdeecsohoaggpwbjdvavzqfv/Index.noindex/DataStore @/Users/aadityasingh/Library/Developer/Xcode/DerivedData/Chatlio-erkyzdeecsohoaggpwbjdvavzqfv/Build/Intermediates.noindex/DTFoundation.build/Debug-iphonesimulator/DTFoundation.build/Objects-normal/x86_64/e6072d4f65d7061329687fe24e3d63a7-common-args.resp -MMD -MT dependencies -MF /Users/aadityasingh/Library/Developer/Xcode/DerivedData/Chatlio-erkyzdeecsohoaggpwbjdvavzqfv/Build/Intermediates.noindex/DTFoundation.build/Debug-iphonesimulator/DTFoundation.build/Objects-normal/x86_64/DTScrollView.d --serialize-diagnostics /Users/aadityasingh/Library/Developer/Xcode/DerivedData/Chatlio-erkyzdeecsohoaggpwbjdvavzqfv/Build/Intermediates.noindex/DTFoundation.build/Debug-iphonesimulator/DTFoundation.build/Objects-normal/x86_64/DTScrollView.dia -c /Users/aadityasingh/Library/Developer/Xcode/DerivedData/Chatlio-erkyzdeecsohoaggpwbjdvavzqfv/SourcePackages/checkouts/DTFoundation/Core/Source/OSX/DTScrollView.m -o /Users/aadityasingh/Library/Developer/Xcode/DerivedData/Chatlio-erkyzdeecsohoaggpwbjdvavzqfv/Build/Intermediates.noindex/DTFoundation.build/Debug-iphonesimulator/DTFoundation.build/Objects-normal/x86_64/DTScrollView.o -index-unit-output-path /DTFoundation.build/Debug-iphonesimulator/DTFoundation.build/Objects-normal/x86_64/DTScrollView.o

ScanDependencies /Users/aadityasingh/Library/Developer/Xcode/DerivedData/Chatlio-erkyzdeecsohoaggpwbjdvavzqfv/Build/Intermediates.noindex/DTFoundation.build/Debug-iphonesimulator/DTFoundation.build/Objects-normal/x86_64/DTReachability.o /Users/aadityasingh/Library/Developer/Xcode/DerivedData/Chatlio-erkyzdeecsohoaggpwbjdvavzqfv/SourcePackages/checkouts/DTFoundation/Core/Source/DTReachability/DTReachability.m normal x86_64 objective-c com.apple.compilers.llvm.clang.1_0.compiler (in target 'DTFoundation' from project 'DTFoundation')
    cd /Users/aadityasingh/Documents/Development/element-x-ios/Chatlio.xcodeproj
    
    Using response file: /Users/aadityasingh/Library/Developer/Xcode/DerivedData/Chatlio-erkyzdeecsohoaggpwbjdvavzqfv/Build/Intermediates.noindex/DTFoundation.build/Debug-iphonesimulator/DTFoundation.build/Objects-normal/x86_64/e6072d4f65d7061329687fe24e3d63a7-common-args.resp
    
    builtin-ScanDependencies -o /Users/aadityasingh/Library/Developer/Xcode/DerivedData/Chatlio-erkyzdeecsohoaggpwbjdvavzqfv/Build/Intermediates.noindex/DTFoundation.build/Debug-iphonesimulator/DTFoundation.build/Objects-normal/x86_64/DTReachability.o.scan -- /Applications/Xcode.app/Contents/Developer/Toolchains/XcodeDefault.xctoolchain/usr/bin/clang -x objective-c -ivfsstatcache /Users/aadityasingh/Library/Developer/Xcode/DerivedData/SDKStatCaches.noindex/iphonesimulator26.4-23E252-686eebb5dc1d8ecb277353a59184f4aa.sdkstatcache -target x86_64-apple-ios12.0-simulator -fmessage-length\=0 -fdiagnostics-show-note-include-stack -fmacro-backtrace-limit\=0 -fno-color-diagnostics -fmodules-prune-interval\=86400 -fmodules-prune-after\=345600 -fbuild-session-file\=/Users/aadityasingh/Library/Developer/Xcode/DerivedData/ModuleCache.noindex/Session.modulevalidation -fmodules-validate-once-per-build-session -Wnon-modular-include-in-framework-module -Werror\=non-modular-include-in-framework-module -Wno-trigraphs -Wno-missing-field-initializers -Wno-missing-prototypes -Wno-return-type -Wno-implicit-atomic-properties -Wno-objc-interface-ivars -Wno-arc-repeated-use-of-weak -Wno-missing-braces -Wparentheses -Wswitch -Wno-unused-function -Wno-unused-label -Wno-unused-parameter -Wno-unused-variable -Wunused-value -Wno-empty-body -Wno-uninitialized -Wno-unknown-pragmas -w -Wno-shadow -Wno-four-char-constants -Wno-conversion -Wno-constant-conversion -Wno-int-conversion -Wno-bool-conversion -Wno-enum-conversion -Wno-float-conversion -Wno-non-literal-null-conversion -Wno-objc-literal-conversion -Wshorten-64-to-32 -Wpointer-sign -Wno-newline-eof -Wno-selector -Wno-strict-selector-match -Wno-undeclared-selector -Wno-deprecated-implementations -Wno-implicit-fallthrough -isysroot /Applications/Xcode.app/Contents/Developer/Platforms/iPhoneSimulator.platform/Developer/SDKs/iPhoneSimulator26.4.sdk -fstrict-aliasing -Wprotocol -Wdeprecated-declarations -Wno-sign-conversion -Wno-infinite-recursion -Wno-comma -Wno-block-capture-autoreleasing -Wno-strict-prototypes -Wno-semicolon-before-method-body -index-store-path /Users/aadityasingh/Library/Developer/Xcode/DerivedData/Chatlio-erkyzdeecsohoaggpwbjdvavzqfv/Index.noindex/DataStore @/Users/aadityasingh/Library/Developer/Xcode/DerivedData/Chatlio-erkyzdeecsohoaggpwbjdvavzqfv/Build/Intermediates.noindex/DTFoundation.build/Debug-iphonesimulator/DTFoundation.build/Objects-normal/x86_64/e6072d4f65d7061329687fe24e3d63a7-common-args.resp -MMD -MT dependencies -MF /Users/aadityasingh/Library/Developer/Xcode/DerivedData/Chatlio-erkyzdeecsohoaggpwbjdvavzqfv/Build/Intermediates.noindex/DTFoundation.build/Debug-iphonesimulator/DTFoundation.build/Objects-normal/x86_64/DTReachability.d --serialize-diagnostics /Users/aadityasingh/Library/Developer/Xcode/DerivedData/Chatlio-erkyzdeecsohoaggpwbjdvavzqfv/Build/Intermediates.noindex/DTFoundation.build/Debug-iphonesimulator/DTFoundation.build/Objects-normal/x86_64/DTReachability.dia -c /Users/aadityasingh/Library/Developer/Xcode/DerivedData/Chatlio-erkyzdeecsohoaggpwbjdvavzqfv/SourcePackages/checkouts/DTFoundation/Core/Source/DTReachability/DTReachability.m -o /Users/aadityasingh/Library/Developer/Xcode/DerivedData/Chatlio-erkyzdeecsohoaggpwbjdvavzqfv/Build/Intermediates.noindex/DTFoundation.build/Debug-iphonesimulator/DTFoundation.build/Objects-normal/x86_64/DTReachability.o -index-unit-output-path /DTFoundation.build/Debug-iphonesimulator/DTFoundation.build/Objects-normal/x86_64/DTReachability.o

ScanDependencies /Users/aadityasingh/Library/Developer/Xcode/DerivedData/Chatlio-erkyzdeecsohoaggpwbjdvavzqfv/Build/Intermediates.noindex/DTFoundation.build/Debug-iphonesimulator/DTFoundation.build/Objects-normal/x86_64/DTProgressHUDWindow.o /Users/aadityasingh/Library/Developer/Xcode/DerivedData/Chatlio-erkyzdeecsohoaggpwbjdvavzqfv/SourcePackages/checkouts/DTFoundation/Core/Source/iOS/DTProgressHUD/DTProgressHUDWindow.m normal x86_64 objective-c com.apple.compilers.llvm.clang.1_0.compiler (in target 'DTFoundation' from project 'DTFoundation')
    cd /Users/aadityasingh/Documents/Development/element-x-ios/Chatlio.xcodeproj
    
    Using response file: /Users/aadityasingh/Library/Developer/Xcode/DerivedData/Chatlio-erkyzdeecsohoaggpwbjdvavzqfv/Build/Intermediates.noindex/DTFoundation.build/Debug-iphonesimulator/DTFoundation.build/Objects-normal/x86_64/e6072d4f65d7061329687fe24e3d63a7-common-args.resp
    
    builtin-ScanDependencies -o /Users/aadityasingh/Library/Developer/Xcode/DerivedData/Chatlio-erkyzdeecsohoaggpwbjdvavzqfv/Build/Intermediates.noindex/DTFoundation.build/Debug-iphonesimulator/DTFoundation.build/Objects-normal/x86_64/DTProgressHUDWindow.o.scan -- /Applications/Xcode.app/Contents/Developer/Toolchains/XcodeDefault.xctoolchain/usr/bin/clang -x objective-c -ivfsstatcache /Users/aadityasingh/Library/Developer/Xcode/DerivedData/SDKStatCaches.noindex/iphonesimulator26.4-23E252-686eebb5dc1d8ecb277353a59184f4aa.sdkstatcache -target x86_64-apple-ios12.0-simulator -fmessage-length\=0 -fdiagnostics-show-note-include-stack -fmacro-backtrace-limit\=0 -fno-color-diagnostics -fmodules-prune-interval\=86400 -fmodules-prune-after\=345600 -fbuild-session-file\=/Users/aadityasingh/Library/Developer/Xcode/DerivedData/ModuleCache.noindex/Session.modulevalidation -fmodules-validate-once-per-build-session -Wnon-modular-include-in-framework-module -Werror\=non-modular-include-in-framework-module -Wno-trigraphs -Wno-missing-field-initializers -Wno-missing-prototypes -Wno-return-type -Wno-implicit-atomic-properties -Wno-objc-interface-ivars -Wno-arc-repeated-use-of-weak -Wno-missing-braces -Wparentheses -Wswitch -Wno-unused-function -Wno-unused-label -Wno-unused-parameter -Wno-unused-variable -Wunused-value -Wno-empty-body -Wno-uninitialized -Wno-unknown-pragmas -w -Wno-shadow -Wno-four-char-constants -Wno-conversion -Wno-constant-conversion -Wno-int-conversion -Wno-bool-conversion -Wno-enum-conversion -Wno-float-conversion -Wno-non-literal-null-conversion -Wno-objc-literal-conversion -Wshorten-64-to-32 -Wpointer-sign -Wno-newline-eof -Wno-selector -Wno-strict-selector-match -Wno-undeclared-selector -Wno-deprecated-implementations -Wno-implicit-fallthrough -isysroot /Applications/Xcode.app/Contents/Developer/Platforms/iPhoneSimulator.platform/Developer/SDKs/iPhoneSimulator26.4.sdk -fstrict-aliasing -Wprotocol -Wdeprecated-declarations -Wno-sign-conversion -Wno-infinite-recursion -Wno-comma -Wno-block-capture-autoreleasing -Wno-strict-prototypes -Wno-semicolon-before-method-body -index-store-path /Users/aadityasingh/Library/Developer/Xcode/DerivedData/Chatlio-erkyzdeecsohoaggpwbjdvavzqfv/Index.noindex/DataStore @/Users/aadityasingh/Library/Developer/Xcode/DerivedData/Chatlio-erkyzdeecsohoaggpwbjdvavzqfv/Build/Intermediates.noindex/DTFoundation.build/Debug-iphonesimulator/DTFoundation.build/Objects-normal/x86_64/e6072d4f65d7061329687fe24e3d63a7-common-args.resp -MMD -MT dependencies -MF /Users/aadityasingh/Library/Developer/Xcode/DerivedData/Chatlio-erkyzdeecsohoaggpwbjdvavzqfv/Build/Intermediates.noindex/DTFoundation.build/Debug-iphonesimulator/DTFoundation.build/Objects-normal/x86_64/DTProgressHUDWindow.d --serialize-diagnostics /Users/aadityasingh/Library/Developer/Xcode/DerivedData/Chatlio-erkyzdeecsohoaggpwbjdvavzqfv/Build/Intermediates.noindex/DTFoundation.build/Debug-iphonesimulator/DTFoundation.build/Objects-normal/x86_64/DTProgressHUDWindow.dia -c /Users/aadityasingh/Library/Developer/Xcode/DerivedData/Chatlio-erkyzdeecsohoaggpwbjdvavzqfv/SourcePackages/checkouts/DTFoundation/Core/Source/iOS/DTProgressHUD/DTProgressHUDWindow.m -o /Users/aadityasingh/Library/Developer/Xcode/DerivedData/Chatlio-erkyzdeecsohoaggpwbjdvavzqfv/Build/Intermediates.noindex/DTFoundation.build/Debug-iphonesimulator/DTFoundation.build/Objects-normal/x86_64/DTProgressHUDWindow.o -index-unit-output-path /DTFoundation.build/Debug-iphonesimulator/DTFoundation.build/Objects-normal/x86_64/DTProgressHUDWindow.o

ScanDependencies /Users/aadityasingh/Library/Developer/Xcode/DerivedData/Chatlio-erkyzdeecsohoaggpwbjdvavzqfv/Build/Intermediates.noindex/DTFoundation.build/Debug-iphonesimulator/DTFoundation.build/Objects-normal/x86_64/DTProgressHUD.o /Users/aadityasingh/Library/Developer/Xcode/DerivedData/Chatlio-erkyzdeecsohoaggpwbjdvavzqfv/SourcePackages/checkouts/DTFoundation/Core/Source/iOS/DTProgressHUD/DTProgressHUD.m normal x86_64 objective-c com.apple.compilers.llvm.clang.1_0.compiler (in target 'DTFoundation' from project 'DTFoundation')
    cd /Users/aadityasingh/Documents/Development/element-x-ios/Chatlio.xcodeproj
    
    Using response file: /Users/aadityasingh/Library/Developer/Xcode/DerivedData/Chatlio-erkyzdeecsohoaggpwbjdvavzqfv/Build/Intermediates.noindex/DTFoundation.build/Debug-iphonesimulator/DTFoundation.build/Objects-normal/x86_64/e6072d4f65d7061329687fe24e3d63a7-common-args.resp
    
    builtin-ScanDependencies -o /Users/aadityasingh/Library/Developer/Xcode/DerivedData/Chatlio-erkyzdeecsohoaggpwbjdvavzqfv/Build/Intermediates.noindex/DTFoundation.build/Debug-iphonesimulator/DTFoundation.build/Objects-normal/x86_64/DTProgressHUD.o.scan -- /Applications/Xcode.app/Contents/Developer/Toolchains/XcodeDefault.xctoolchain/usr/bin/clang -x objective-c -ivfsstatcache /Users/aadityasingh/Library/Developer/Xcode/DerivedData/SDKStatCaches.noindex/iphonesimulator26.4-23E252-686eebb5dc1d8ecb277353a59184f4aa.sdkstatcache -target x86_64-apple-ios12.0-simulator -fmessage-length\=0 -fdiagnostics-show-note-include-stack -fmacro-backtrace-limit\=0 -fno-color-diagnostics -fmodules-prune-interval\=86400 -fmodules-prune-after\=345600 -fbuild-session-file\=/Users/aadityasingh/Library/Developer/Xcode/DerivedData/ModuleCache.noindex/Session.modulevalidation -fmodules-validate-once-per-build-session -Wnon-modular-include-in-framework-module -Werror\=non-modular-include-in-framework-module -Wno-trigraphs -Wno-missing-field-initializers -Wno-missing-prototypes -Wno-return-type -Wno-implicit-atomic-properties -Wno-objc-interface-ivars -Wno-arc-repeated-use-of-weak -Wno-missing-braces -Wparentheses -Wswitch -Wno-unused-function -Wno-unused-label -Wno-unused-parameter -Wno-unused-variable -Wunused-value -Wno-empty-body -Wno-uninitialized -Wno-unknown-pragmas -w -Wno-shadow -Wno-four-char-constants -Wno-conversion -Wno-constant-conversion -Wno-int-conversion -Wno-bool-conversion -Wno-enum-conversion -Wno-float-conversion -Wno-non-literal-null-conversion -Wno-objc-literal-conversion -Wshorten-64-to-32 -Wpointer-sign -Wno-newline-eof -Wno-selector -Wno-strict-selector-match -Wno-undeclared-selector -Wno-deprecated-implementations -Wno-implicit-fallthrough -isysroot /Applications/Xcode.app/Contents/Developer/Platforms/iPhoneSimulator.platform/Developer/SDKs/iPhoneSimulator26.4.sdk -fstrict-aliasing -Wprotocol -Wdeprecated-declarations -Wno-sign-conversion -Wno-infinite-recursion -Wno-comma -Wno-block-capture-autoreleasing -Wno-strict-prototypes -Wno-semicolon-before-method-body -index-store-path /Users/aadityasingh/Library/Developer/Xcode/DerivedData/Chatlio-erkyzdeecsohoaggpwbjdvavzqfv/Index.noindex/DataStore @/Users/aadityasingh/Library/Developer/Xcode/DerivedData/Chatlio-erkyzdeecsohoaggpwbjdvavzqfv/Build/Intermediates.noindex/DTFoundation.build/Debug-iphonesimulator/DTFoundation.build/Objects-normal/x86_64/e6072d4f65d7061329687fe24e3d63a7-common-args.resp -MMD -MT dependencies -MF /Users/aadityasingh/Library/Developer/Xcode/DerivedData/Chatlio-erkyzdeecsohoaggpwbjdvavzqfv/Build/Intermediates.noindex/DTFoundation.build/Debug-iphonesimulator/DTFoundation.build/Objects-normal/x86_64/DTProgressHUD.d --serialize-diagnostics /Users/aadityasingh/Library/Developer/Xcode/DerivedData/Chatlio-erkyzdeecsohoaggpwbjdvavzqfv/Build/Intermediates.noindex/DTFoundation.build/Debug-iphonesimulator/DTFoundation.build/Objects-normal/x86_64/DTProgressHUD.dia -c /Users/aadityasingh/Library/Developer/Xcode/DerivedData/Chatlio-erkyzdeecsohoaggpwbjdvavzqfv/SourcePackages/checkouts/DTFoundation/Core/Source/iOS/DTProgressHUD/DTProgressHUD.m -o /Users/aadityasingh/Library/Developer/Xcode/DerivedData/Chatlio-erkyzdeecsohoaggpwbjdvavzqfv/Build/Intermediates.noindex/DTFoundation.build/Debug-iphonesimulator/DTFoundation.build/Objects-normal/x86_64/DTProgressHUD.o -index-unit-output-path /DTFoundation.build/Debug-iphonesimulator/DTFoundation.build/Objects-normal/x86_64/DTProgressHUD.o

ScanDependencies /Users/aadityasingh/Library/Developer/Xcode/DerivedData/Chatlio-erkyzdeecsohoaggpwbjdvavzqfv/Build/Intermediates.noindex/DTFoundation.build/Debug-iphonesimulator/DTFoundation.build/Objects-normal/x86_64/DTPieProgressIndicator.o /Users/aadityasingh/Library/Developer/Xcode/DerivedData/Chatlio-erkyzdeecsohoaggpwbjdvavzqfv/SourcePackages/checkouts/DTFoundation/Core/Source/iOS/DTPieProgressIndicator.m normal x86_64 objective-c com.apple.compilers.llvm.clang.1_0.compiler (in target 'DTFoundation' from project 'DTFoundation')
    cd /Users/aadityasingh/Documents/Development/element-x-ios/Chatlio.xcodeproj
    
    Using response file: /Users/aadityasingh/Library/Developer/Xcode/DerivedData/Chatlio-erkyzdeecsohoaggpwbjdvavzqfv/Build/Intermediates.noindex/DTFoundation.build/Debug-iphonesimulator/DTFoundation.build/Objects-normal/x86_64/e6072d4f65d7061329687fe24e3d63a7-common-args.resp
    
    builtin-ScanDependencies -o /Users/aadityasingh/Library/Developer/Xcode/DerivedData/Chatlio-erkyzdeecsohoaggpwbjdvavzqfv/Build/Intermediates.noindex/DTFoundation.build/Debug-iphonesimulator/DTFoundation.build/Objects-normal/x86_64/DTPieProgressIndicator.o.scan -- /Applications/Xcode.app/Contents/Developer/Toolchains/XcodeDefault.xctoolchain/usr/bin/clang -x objective-c -ivfsstatcache /Users/aadityasingh/Library/Developer/Xcode/DerivedData/SDKStatCaches.noindex/iphonesimulator26.4-23E252-686eebb5dc1d8ecb277353a59184f4aa.sdkstatcache -target x86_64-apple-ios12.0-simulator -fmessage-length\=0 -fdiagnostics-show-note-include-stack -fmacro-backtrace-limit\=0 -fno-color-diagnostics -fmodules-prune-interval\=86400 -fmodules-prune-after\=345600 -fbuild-session-file\=/Users/aadityasingh/Library/Developer/Xcode/DerivedData/ModuleCache.noindex/Session.modulevalidation -fmodules-validate-once-per-build-session -Wnon-modular-include-in-framework-module -Werror\=non-modular-include-in-framework-module -Wno-trigraphs -Wno-missing-field-initializers -Wno-missing-prototypes -Wno-return-type -Wno-implicit-atomic-properties -Wno-objc-interface-ivars -Wno-arc-repeated-use-of-weak -Wno-missing-braces -Wparentheses -Wswitch -Wno-unused-function -Wno-unused-label -Wno-unused-parameter -Wno-unused-variable -Wunused-value -Wno-empty-body -Wno-uninitialized -Wno-unknown-pragmas -w -Wno-shadow -Wno-four-char-constants -Wno-conversion -Wno-constant-conversion -Wno-int-conversion -Wno-bool-conversion -Wno-enum-conversion -Wno-float-conversion -Wno-non-literal-null-conversion -Wno-objc-literal-conversion -Wshorten-64-to-32 -Wpointer-sign -Wno-newline-eof -Wno-selector -Wno-strict-selector-match -Wno-undeclared-selector -Wno-deprecated-implementations -Wno-implicit-fallthrough -isysroot /Applications/Xcode.app/Contents/Developer/Platforms/iPhoneSimulator.platform/Developer/SDKs/iPhoneSimulator26.4.sdk -fstrict-aliasing -Wprotocol -Wdeprecated-declarations -Wno-sign-conversion -Wno-infinite-recursion -Wno-comma -Wno-block-capture-autoreleasing -Wno-strict-prototypes -Wno-semicolon-before-method-body -index-store-path /Users/aadityasingh/Library/Developer/Xcode/DerivedData/Chatlio-erkyzdeecsohoaggpwbjdvavzqfv/Index.noindex/DataStore @/Users/aadityasingh/Library/Developer/Xcode/DerivedData/Chatlio-erkyzdeecsohoaggpwbjdvavzqfv/Build/Intermediates.noindex/DTFoundation.build/Debug-iphonesimulator/DTFoundation.build/Objects-normal/x86_64/e6072d4f65d7061329687fe24e3d63a7-common-args.resp -MMD -MT dependencies -MF /Users/aadityasingh/Library/Developer/Xcode/DerivedData/Chatlio-erkyzdeecsohoaggpwbjdvavzqfv/Build/Intermediates.noindex/DTFoundation.build/Debug-iphonesimulator/DTFoundation.build/Objects-normal/x86_64/DTPieProgressIndicator.d --serialize-diagnostics /Users/aadityasingh/Library/Developer/Xcode/DerivedData/Chatlio-erkyzdeecsohoaggpwbjdvavzqfv/Build/Intermediates.noindex/DTFoundation.build/Debug-iphonesimulator/DTFoundation.build/Objects-normal/x86_64/DTPieProgressIndicator.dia -c /Users/aadityasingh/Library/Developer/Xcode/DerivedData/Chatlio-erkyzdeecsohoaggpwbjdvavzqfv/SourcePackages/checkouts/DTFoundation/Core/Source/iOS/DTPieProgressIndicator.m -o /Users/aadityasingh/Library/Developer/Xcode/DerivedData/Chatlio-erkyzdeecsohoaggpwbjdvavzqfv/Build/Intermediates.noindex/DTFoundation.build/Debug-iphonesimulator/DTFoundation.build/Objects-normal/x86_64/DTPieProgressIndicator.o -index-unit-output-path /DTFoundation.build/Debug-iphonesimulator/DTFoundation.build/Objects-normal/x86_64/DTPieProgressIndicator.o

ScanDependencies /Users/aadityasingh/Library/Developer/Xcode/DerivedData/Chatlio-erkyzdeecsohoaggpwbjdvavzqfv/Build/Intermediates.noindex/DTFoundation.build/Debug-iphonesimulator/DTFoundation.build/Objects-normal/x86_64/DTObjectBlockExecutor.o /Users/aadityasingh/Library/Developer/Xcode/DerivedData/Chatlio-erkyzdeecsohoaggpwbjdvavzqfv/SourcePackages/checkouts/DTFoundation/Core/Source/Runtime/DTObjectBlockExecutor.m normal x86_64 objective-c com.apple.compilers.llvm.clang.1_0.compiler (in target 'DTFoundation' from project 'DTFoundation')
    cd /Users/aadityasingh/Documents/Development/element-x-ios/Chatlio.xcodeproj
    
    Using response file: /Users/aadityasingh/Library/Developer/Xcode/DerivedData/Chatlio-erkyzdeecsohoaggpwbjdvavzqfv/Build/Intermediates.noindex/DTFoundation.build/Debug-iphonesimulator/DTFoundation.build/Objects-normal/x86_64/e6072d4f65d7061329687fe24e3d63a7-common-args.resp
    
    builtin-ScanDependencies -o /Users/aadityasingh/Library/Developer/Xcode/DerivedData/Chatlio-erkyzdeecsohoaggpwbjdvavzqfv/Build/Intermediates.noindex/DTFoundation.build/Debug-iphonesimulator/DTFoundation.build/Objects-normal/x86_64/DTObjectBlockExecutor.o.scan -- /Applications/Xcode.app/Contents/Developer/Toolchains/XcodeDefault.xctoolchain/usr/bin/clang -x objective-c -ivfsstatcache /Users/aadityasingh/Library/Developer/Xcode/DerivedData/SDKStatCaches.noindex/iphonesimulator26.4-23E252-686eebb5dc1d8ecb277353a59184f4aa.sdkstatcache -target x86_64-apple-ios12.0-simulator -fmessage-length\=0 -fdiagnostics-show-note-include-stack -fmacro-backtrace-limit\=0 -fno-color-diagnostics -fmodules-prune-interval\=86400 -fmodules-prune-after\=345600 -fbuild-session-file\=/Users/aadityasingh/Library/Developer/Xcode/DerivedData/ModuleCache.noindex/Session.modulevalidation -fmodules-validate-once-per-build-session -Wnon-modular-include-in-framework-module -Werror\=non-modular-include-in-framework-module -Wno-trigraphs -Wno-missing-field-initializers -Wno-missing-prototypes -Wno-return-type -Wno-implicit-atomic-properties -Wno-objc-interface-ivars -Wno-arc-repeated-use-of-weak -Wno-missing-braces -Wparentheses -Wswitch -Wno-unused-function -Wno-unused-label -Wno-unused-parameter -Wno-unused-variable -Wunused-value -Wno-empty-body -Wno-uninitialized -Wno-unknown-pragmas -w -Wno-shadow -Wno-four-char-constants -Wno-conversion -Wno-constant-conversion -Wno-int-conversion -Wno-bool-conversion -Wno-enum-conversion -Wno-float-conversion -Wno-non-literal-null-conversion -Wno-objc-literal-conversion -Wshorten-64-to-32 -Wpointer-sign -Wno-newline-eof -Wno-selector -Wno-strict-selector-match -Wno-undeclared-selector -Wno-deprecated-implementations -Wno-implicit-fallthrough -isysroot /Applications/Xcode.app/Contents/Developer/Platforms/iPhoneSimulator.platform/Developer/SDKs/iPhoneSimulator26.4.sdk -fstrict-aliasing -Wprotocol -Wdeprecated-declarations -Wno-sign-conversion -Wno-infinite-recursion -Wno-comma -Wno-block-capture-autoreleasing -Wno-strict-prototypes -Wno-semicolon-before-method-body -index-store-path /Users/aadityasingh/Library/Developer/Xcode/DerivedData/Chatlio-erkyzdeecsohoaggpwbjdvavzqfv/Index.noindex/DataStore @/Users/aadityasingh/Library/Developer/Xcode/DerivedData/Chatlio-erkyzdeecsohoaggpwbjdvavzqfv/Build/Intermediates.noindex/DTFoundation.build/Debug-iphonesimulator/DTFoundation.build/Objects-normal/x86_64/e6072d4f65d7061329687fe24e3d63a7-common-args.resp -MMD -MT dependencies -MF /Users/aadityasingh/Library/Developer/Xcode/DerivedData/Chatlio-erkyzdeecsohoaggpwbjdvavzqfv/Build/Intermediates.noindex/DTFoundation.build/Debug-iphonesimulator/DTFoundation.build/Objects-normal/x86_64/DTObjectBlockExecutor.d --serialize-diagnostics /Users/aadityasingh/Library/Developer/Xcode/DerivedData/Chatlio-erkyzdeecsohoaggpwbjdvavzqfv/Build/Intermediates.noindex/DTFoundation.build/Debug-iphonesimulator/DTFoundation.build/Objects-normal/x86_64/DTObjectBlockExecutor.dia -c /Users/aadityasingh/Library/Developer/Xcode/DerivedData/Chatlio-erkyzdeecsohoaggpwbjdvavzqfv/SourcePackages/checkouts/DTFoundation/Core/Source/Runtime/DTObjectBlockExecutor.m -o /Users/aadityasingh/Library/Developer/Xcode/DerivedData/Chatlio-erkyzdeecsohoaggpwbjdvavzqfv/Build/Intermediates.noindex/DTFoundation.build/Debug-iphonesimulator/DTFoundation.build/Objects-normal/x86_64/DTObjectBlockExecutor.o -index-unit-output-path /DTFoundation.build/Debug-iphonesimulator/DTFoundation.build/Objects-normal/x86_64/DTObjectBlockExecutor.o

ScanDependencies /Users/aadityasingh/Library/Developer/Xcode/DerivedData/Chatlio-erkyzdeecsohoaggpwbjdvavzqfv/Build/Intermediates.noindex/DTFoundation.build/Debug-iphonesimulator/DTFoundation.build/Objects-normal/x86_64/DTLog.o /Users/aadityasingh/Library/Developer/Xcode/DerivedData/Chatlio-erkyzdeecsohoaggpwbjdvavzqfv/SourcePackages/checkouts/DTFoundation/Core/Source/DTLog.m normal x86_64 objective-c com.apple.compilers.llvm.clang.1_0.compiler (in target 'DTFoundation' from project 'DTFoundation')
    cd /Users/aadityasingh/Documents/Development/element-x-ios/Chatlio.xcodeproj
    
    Using response file: /Users/aadityasingh/Library/Developer/Xcode/DerivedData/Chatlio-erkyzdeecsohoaggpwbjdvavzqfv/Build/Intermediates.noindex/DTFoundation.build/Debug-iphonesimulator/DTFoundation.build/Objects-normal/x86_64/e6072d4f65d7061329687fe24e3d63a7-common-args.resp
    
    builtin-ScanDependencies -o /Users/aadityasingh/Library/Developer/Xcode/DerivedData/Chatlio-erkyzdeecsohoaggpwbjdvavzqfv/Build/Intermediates.noindex/DTFoundation.build/Debug-iphonesimulator/DTFoundation.build/Objects-normal/x86_64/DTLog.o.scan -- /Applications/Xcode.app/Contents/Developer/Toolchains/XcodeDefault.xctoolchain/usr/bin/clang -x objective-c -ivfsstatcache /Users/aadityasingh/Library/Developer/Xcode/DerivedData/SDKStatCaches.noindex/iphonesimulator26.4-23E252-686eebb5dc1d8ecb277353a59184f4aa.sdkstatcache -target x86_64-apple-ios12.0-simulator -fmessage-length\=0 -fdiagnostics-show-note-include-stack -fmacro-backtrace-limit\=0 -fno-color-diagnostics -fmodules-prune-interval\=86400 -fmodules-prune-after\=345600 -fbuild-session-file\=/Users/aadityasingh/Library/Developer/Xcode/DerivedData/ModuleCache.noindex/Session.modulevalidation -fmodules-validate-once-per-build-session -Wnon-modular-include-in-framework-module -Werror\=non-modular-include-in-framework-module -Wno-trigraphs -Wno-missing-field-initializers -Wno-missing-prototypes -Wno-return-type -Wno-implicit-atomic-properties -Wno-objc-interface-ivars -Wno-arc-repeated-use-of-weak -Wno-missing-braces -Wparentheses -Wswitch -Wno-unused-function -Wno-unused-label -Wno-unused-parameter -Wno-unused-variable -Wunused-value -Wno-empty-body -Wno-uninitialized -Wno-unknown-pragmas -w -Wno-shadow -Wno-four-char-constants -Wno-conversion -Wno-constant-conversion -Wno-int-conversion -Wno-bool-conversion -Wno-enum-conversion -Wno-float-conversion -Wno-non-literal-null-conversion -Wno-objc-literal-conversion -Wshorten-64-to-32 -Wpointer-sign -Wno-newline-eof -Wno-selector -Wno-strict-selector-match -Wno-undeclared-selector -Wno-deprecated-implementations -Wno-implicit-fallthrough -isysroot /Applications/Xcode.app/Contents/Developer/Platforms/iPhoneSimulator.platform/Developer/SDKs/iPhoneSimulator26.4.sdk -fstrict-aliasing -Wprotocol -Wdeprecated-declarations -Wno-sign-conversion -Wno-infinite-recursion -Wno-comma -Wno-block-capture-autoreleasing -Wno-strict-prototypes -Wno-semicolon-before-method-body -index-store-path /Users/aadityasingh/Library/Developer/Xcode/DerivedData/Chatlio-erkyzdeecsohoaggpwbjdvavzqfv/Index.noindex/DataStore @/Users/aadityasingh/Library/Developer/Xcode/DerivedData/Chatlio-erkyzdeecsohoaggpwbjdvavzqfv/Build/Intermediates.noindex/DTFoundation.build/Debug-iphonesimulator/DTFoundation.build/Objects-normal/x86_64/e6072d4f65d7061329687fe24e3d63a7-common-args.resp -MMD -MT dependencies -MF /Users/aadityasingh/Library/Developer/Xcode/DerivedData/Chatlio-erkyzdeecsohoaggpwbjdvavzqfv/Build/Intermediates.noindex/DTFoundation.build/Debug-iphonesimulator/DTFoundation.build/Objects-normal/x86_64/DTLog.d --serialize-diagnostics /Users/aadityasingh/Library/Developer/Xcode/DerivedData/Chatlio-erkyzdeecsohoaggpwbjdvavzqfv/Build/Intermediates.noindex/DTFoundation.build/Debug-iphonesimulator/DTFoundation.build/Objects-normal/x86_64/DTLog.dia -c /Users/aadityasingh/Library/Developer/Xcode/DerivedData/Chatlio-erkyzdeecsohoaggpwbjdvavzqfv/SourcePackages/checkouts/DTFoundation/Core/Source/DTLog.m -o /Users/aadityasingh/Library/Developer/Xcode/DerivedData/Chatlio-erkyzdeecsohoaggpwbjdvavzqfv/Build/Intermediates.noindex/DTFoundation.build/Debug-iphonesimulator/DTFoundation.build/Objects-normal/x86_64/DTLog.o -index-unit-output-path /DTFoundation.build/Debug-iphonesimulator/DTFoundation.build/Objects-normal/x86_64/DTLog.o

ScanDependencies /Users/aadityasingh/Library/Developer/Xcode/DerivedData/Chatlio-erkyzdeecsohoaggpwbjdvavzqfv/Build/Intermediates.noindex/DTFoundation.build/Debug-iphonesimulator/DTFoundation.build/Objects-normal/x86_64/DTHTMLParser.o /Users/aadityasingh/Library/Developer/Xcode/DerivedData/Chatlio-erkyzdeecsohoaggpwbjdvavzqfv/SourcePackages/checkouts/DTFoundation/Core/Source/DTHTMLParser/DTHTMLParser.m normal x86_64 objective-c com.apple.compilers.llvm.clang.1_0.compiler (in target 'DTFoundation' from project 'DTFoundation')
    cd /Users/aadityasingh/Documents/Development/element-x-ios/Chatlio.xcodeproj
    
    Using response file: /Users/aadityasingh/Library/Developer/Xcode/DerivedData/Chatlio-erkyzdeecsohoaggpwbjdvavzqfv/Build/Intermediates.noindex/DTFoundation.build/Debug-iphonesimulator/DTFoundation.build/Objects-normal/x86_64/e6072d4f65d7061329687fe24e3d63a7-common-args.resp
    
    builtin-ScanDependencies -o /Users/aadityasingh/Library/Developer/Xcode/DerivedData/Chatlio-erkyzdeecsohoaggpwbjdvavzqfv/Build/Intermediates.noindex/DTFoundation.build/Debug-iphonesimulator/DTFoundation.build/Objects-normal/x86_64/DTHTMLParser.o.scan -- /Applications/Xcode.app/Contents/Developer/Toolchains/XcodeDefault.xctoolchain/usr/bin/clang -x objective-c -ivfsstatcache /Users/aadityasingh/Library/Developer/Xcode/DerivedData/SDKStatCaches.noindex/iphonesimulator26.4-23E252-686eebb5dc1d8ecb277353a59184f4aa.sdkstatcache -target x86_64-apple-ios12.0-simulator -fmessage-length\=0 -fdiagnostics-show-note-include-stack -fmacro-backtrace-limit\=0 -fno-color-diagnostics -fmodules-prune-interval\=86400 -fmodules-prune-after\=345600 -fbuild-session-file\=/Users/aadityasingh/Library/Developer/Xcode/DerivedData/ModuleCache.noindex/Session.modulevalidation -fmodules-validate-once-per-build-session -Wnon-modular-include-in-framework-module -Werror\=non-modular-include-in-framework-module -Wno-trigraphs -Wno-missing-field-initializers -Wno-missing-prototypes -Wno-return-type -Wno-implicit-atomic-properties -Wno-objc-interface-ivars -Wno-arc-repeated-use-of-weak -Wno-missing-braces -Wparentheses -Wswitch -Wno-unused-function -Wno-unused-label -Wno-unused-parameter -Wno-unused-variable -Wunused-value -Wno-empty-body -Wno-uninitialized -Wno-unknown-pragmas -w -Wno-shadow -Wno-four-char-constants -Wno-conversion -Wno-constant-conversion -Wno-int-conversion -Wno-bool-conversion -Wno-enum-conversion -Wno-float-conversion -Wno-non-literal-null-conversion -Wno-objc-literal-conversion -Wshorten-64-to-32 -Wpointer-sign -Wno-newline-eof -Wno-selector -Wno-strict-selector-match -Wno-undeclared-selector -Wno-deprecated-implementations -Wno-implicit-fallthrough -isysroot /Applications/Xcode.app/Contents/Developer/Platforms/iPhoneSimulator.platform/Developer/SDKs/iPhoneSimulator26.4.sdk -fstrict-aliasing -Wprotocol -Wdeprecated-declarations -Wno-sign-conversion -Wno-infinite-recursion -Wno-comma -Wno-block-capture-autoreleasing -Wno-strict-prototypes -Wno-semicolon-before-method-body -index-store-path /Users/aadityasingh/Library/Developer/Xcode/DerivedData/Chatlio-erkyzdeecsohoaggpwbjdvavzqfv/Index.noindex/DataStore @/Users/aadityasingh/Library/Developer/Xcode/DerivedData/Chatlio-erkyzdeecsohoaggpwbjdvavzqfv/Build/Intermediates.noindex/DTFoundation.build/Debug-iphonesimulator/DTFoundation.build/Objects-normal/x86_64/e6072d4f65d7061329687fe24e3d63a7-common-args.resp -MMD -MT dependencies -MF /Users/aadityasingh/Library/Developer/Xcode/DerivedData/Chatlio-erkyzdeecsohoaggpwbjdvavzqfv/Build/Intermediates.noindex/DTFoundation.build/Debug-iphonesimulator/DTFoundation.build/Objects-normal/x86_64/DTHTMLParser.d --serialize-diagnostics /Users/aadityasingh/Library/Developer/Xcode/DerivedData/Chatlio-erkyzdeecsohoaggpwbjdvavzqfv/Build/Intermediates.noindex/DTFoundation.build/Debug-iphonesimulator/DTFoundation.build/Objects-normal/x86_64/DTHTMLParser.dia -c /Users/aadityasingh/Library/Developer/Xcode/DerivedData/Chatlio-erkyzdeecsohoaggpwbjdvavzqfv/SourcePackages/checkouts/DTFoundation/Core/Source/DTHTMLParser/DTHTMLParser.m -o /Users/aadityasingh/Library/Developer/Xcode/DerivedData/Chatlio-erkyzdeecsohoaggpwbjdvavzqfv/Build/Intermediates.noindex/DTFoundation.build/Debug-iphonesimulator/DTFoundation.build/Objects-normal/x86_64/DTHTMLParser.o -index-unit-output-path /DTFoundation.build/Debug-iphonesimulator/DTFoundation.build/Objects-normal/x86_64/DTHTMLParser.o

ScanDependencies /Users/aadityasingh/Library/Developer/Xcode/DerivedData/Chatlio-erkyzdeecsohoaggpwbjdvavzqfv/Build/Intermediates.noindex/DTFoundation.build/Debug-iphonesimulator/DTFoundation.build/Objects-normal/x86_64/DTFoundationConstants.o /Users/aadityasingh/Library/Developer/Xcode/DerivedData/Chatlio-erkyzdeecsohoaggpwbjdvavzqfv/SourcePackages/checkouts/DTFoundation/Core/Source/DTFoundationConstants.m normal x86_64 objective-c com.apple.compilers.llvm.clang.1_0.compiler (in target 'DTFoundation' from project 'DTFoundation')
    cd /Users/aadityasingh/Documents/Development/element-x-ios/Chatlio.xcodeproj
    
    Using response file: /Users/aadityasingh/Library/Developer/Xcode/DerivedData/Chatlio-erkyzdeecsohoaggpwbjdvavzqfv/Build/Intermediates.noindex/DTFoundation.build/Debug-iphonesimulator/DTFoundation.build/Objects-normal/x86_64/e6072d4f65d7061329687fe24e3d63a7-common-args.resp
    
    builtin-ScanDependencies -o /Users/aadityasingh/Library/Developer/Xcode/DerivedData/Chatlio-erkyzdeecsohoaggpwbjdvavzqfv/Build/Intermediates.noindex/DTFoundation.build/Debug-iphonesimulator/DTFoundation.build/Objects-normal/x86_64/DTFoundationConstants.o.scan -- /Applications/Xcode.app/Contents/Developer/Toolchains/XcodeDefault.xctoolchain/usr/bin/clang -x objective-c -ivfsstatcache /Users/aadityasingh/Library/Developer/Xcode/DerivedData/SDKStatCaches.noindex/iphonesimulator26.4-23E252-686eebb5dc1d8ecb277353a59184f4aa.sdkstatcache -target x86_64-apple-ios12.0-simulator -fmessage-length\=0 -fdiagnostics-show-note-include-stack -fmacro-backtrace-limit\=0 -fno-color-diagnostics -fmodules-prune-interval\=86400 -fmodules-prune-after\=345600 -fbuild-session-file\=/Users/aadityasingh/Library/Developer/Xcode/DerivedData/ModuleCache.noindex/Session.modulevalidation -fmodules-validate-once-per-build-session -Wnon-modular-include-in-framework-module -Werror\=non-modular-include-in-framework-module -Wno-trigraphs -Wno-missing-field-initializers -Wno-missing-prototypes -Wno-return-type -Wno-implicit-atomic-properties -Wno-objc-interface-ivars -Wno-arc-repeated-use-of-weak -Wno-missing-braces -Wparentheses -Wswitch -Wno-unused-function -Wno-unused-label -Wno-unused-parameter -Wno-unused-variable -Wunused-value -Wno-empty-body -Wno-uninitialized -Wno-unknown-pragmas -w -Wno-shadow -Wno-four-char-constants -Wno-conversion -Wno-constant-conversion -Wno-int-conversion -Wno-bool-conversion -Wno-enum-conversion -Wno-float-conversion -Wno-non-literal-null-conversion -Wno-objc-literal-conversion -Wshorten-64-to-32 -Wpointer-sign -Wno-newline-eof -Wno-selector -Wno-strict-selector-match -Wno-undeclared-selector -Wno-deprecated-implementations -Wno-implicit-fallthrough -isysroot /Applications/Xcode.app/Contents/Developer/Platforms/iPhoneSimulator.platform/Developer/SDKs/iPhoneSimulator26.4.sdk -fstrict-aliasing -Wprotocol -Wdeprecated-declarations -Wno-sign-conversion -Wno-infinite-recursion -Wno-comma -Wno-block-capture-autoreleasing -Wno-strict-prototypes -Wno-semicolon-before-method-body -index-store-path /Users/aadityasingh/Library/Developer/Xcode/DerivedData/Chatlio-erkyzdeecsohoaggpwbjdvavzqfv/Index.noindex/DataStore @/Users/aadityasingh/Library/Developer/Xcode/DerivedData/Chatlio-erkyzdeecsohoaggpwbjdvavzqfv/Build/Intermediates.noindex/DTFoundation.build/Debug-iphonesimulator/DTFoundation.build/Objects-normal/x86_64/e6072d4f65d7061329687fe24e3d63a7-common-args.resp -MMD -MT dependencies -MF /Users/aadityasingh/Library/Developer/Xcode/DerivedData/Chatlio-erkyzdeecsohoaggpwbjdvavzqfv/Build/Intermediates.noindex/DTFoundation.build/Debug-iphonesimulator/DTFoundation.build/Objects-normal/x86_64/DTFoundationConstants.d --serialize-diagnostics /Users/aadityasingh/Library/Developer/Xcode/DerivedData/Chatlio-erkyzdeecsohoaggpwbjdvavzqfv/Build/Intermediates.noindex/DTFoundation.build/Debug-iphonesimulator/DTFoundation.build/Objects-normal/x86_64/DTFoundationConstants.dia -c /Users/aadityasingh/Library/Developer/Xcode/DerivedData/Chatlio-erkyzdeecsohoaggpwbjdvavzqfv/SourcePackages/checkouts/DTFoundation/Core/Source/DTFoundationConstants.m -o /Users/aadityasingh/Library/Developer/Xcode/DerivedData/Chatlio-erkyzdeecsohoaggpwbjdvavzqfv/Build/Intermediates.noindex/DTFoundation.build/Debug-iphonesimulator/DTFoundation.build/Objects-normal/x86_64/DTFoundationConstants.o -index-unit-output-path /DTFoundation.build/Debug-iphonesimulator/DTFoundation.build/Objects-normal/x86_64/DTFoundationConstants.o

PrecompileModule /Users/aadityasingh/Library/Developer/Xcode/DerivedData/Chatlio-erkyzdeecsohoaggpwbjdvavzqfv/Build/Intermediates.noindex/ExplicitPrecompiledModules/SQLite3-ATJ83RJ4B3D6BNB8FG4T7XOK5.scan
    cd /
    builtin-precompileModule /Users/aadityasingh/Library/Developer/Xcode/DerivedData/Chatlio-erkyzdeecsohoaggpwbjdvavzqfv/Build/Intermediates.noindex/ExplicitPrecompiledModules/SQLite3-ATJ83RJ4B3D6BNB8FG4T7XOK5.scan

ScanDependencies /Users/aadityasingh/Library/Developer/Xcode/DerivedData/Chatlio-erkyzdeecsohoaggpwbjdvavzqfv/Build/Intermediates.noindex/DTFoundation.build/Debug-iphonesimulator/DTFoundation.build/Objects-normal/x86_64/DTFolderMonitor.o /Users/aadityasingh/Library/Developer/Xcode/DerivedData/Chatlio-erkyzdeecsohoaggpwbjdvavzqfv/SourcePackages/checkouts/DTFoundation/Core/Source/DTFolderMonitor.m normal x86_64 objective-c com.apple.compilers.llvm.clang.1_0.compiler (in target 'DTFoundation' from project 'DTFoundation')
    cd /Users/aadityasingh/Documents/Development/element-x-ios/Chatlio.xcodeproj
    
    Using response file: /Users/aadityasingh/Library/Developer/Xcode/DerivedData/Chatlio-erkyzdeecsohoaggpwbjdvavzqfv/Build/Intermediates.noindex/DTFoundation.build/Debug-iphonesimulator/DTFoundation.build/Objects-normal/x86_64/e6072d4f65d7061329687fe24e3d63a7-common-args.resp
    
    builtin-ScanDependencies -o /Users/aadityasingh/Library/Developer/Xcode/DerivedData/Chatlio-erkyzdeecsohoaggpwbjdvavzqfv/Build/Intermediates.noindex/DTFoundation.build/Debug-iphonesimulator/DTFoundation.build/Objects-normal/x86_64/DTFolderMonitor.o.scan -- /Applications/Xcode.app/Contents/Developer/Toolchains/XcodeDefault.xctoolchain/usr/bin/clang -x objective-c -ivfsstatcache /Users/aadityasingh/Library/Developer/Xcode/DerivedData/SDKStatCaches.noindex/iphonesimulator26.4-23E252-686eebb5dc1d8ecb277353a59184f4aa.sdkstatcache -target x86_64-apple-ios12.0-simulator -fmessage-length\=0 -fdiagnostics-show-note-include-stack -fmacro-backtrace-limit\=0 -fno-color-diagnostics -fmodules-prune-interval\=86400 -fmodules-prune-after\=345600 -fbuild-session-file\=/Users/aadityasingh/Library/Developer/Xcode/DerivedData/ModuleCache.noindex/Session.modulevalidation -fmodules-validate-once-per-build-session -Wnon-modular-include-in-framework-module -Werror\=non-modular-include-in-framework-module -Wno-trigraphs -Wno-missing-field-initializers -Wno-missing-prototypes -Wno-return-type -Wno-implicit-atomic-properties -Wno-objc-interface-ivars -Wno-arc-repeated-use-of-weak -Wno-missing-braces -Wparentheses -Wswitch -Wno-unused-function -Wno-unused-label -Wno-unused-parameter -Wno-unused-variable -Wunused-value -Wno-empty-body -Wno-uninitialized -Wno-unknown-pragmas -w -Wno-shadow -Wno-four-char-constants -Wno-conversion -Wno-constant-conversion -Wno-int-conversion -Wno-bool-conversion -Wno-enum-conversion -Wno-float-conversion -Wno-non-literal-null-conversion -Wno-objc-literal-conversion -Wshorten-64-to-32 -Wpointer-sign -Wno-newline-eof -Wno-selector -Wno-strict-selector-match -Wno-undeclared-selector -Wno-deprecated-implementations -Wno-implicit-fallthrough -isysroot /Applications/Xcode.app/Contents/Developer/Platforms/iPhoneSimulator.platform/Developer/SDKs/iPhoneSimulator26.4.sdk -fstrict-aliasing -Wprotocol -Wdeprecated-declarations -Wno-sign-conversion -Wno-infinite-recursion -Wno-comma -Wno-block-capture-autoreleasing -Wno-strict-prototypes -Wno-semicolon-before-method-body -index-store-path /Users/aadityasingh/Library/Developer/Xcode/DerivedData/Chatlio-erkyzdeecsohoaggpwbjdvavzqfv/Index.noindex/DataStore @/Users/aadityasingh/Library/Developer/Xcode/DerivedData/Chatlio-erkyzdeecsohoaggpwbjdvavzqfv/Build/Intermediates.noindex/DTFoundation.build/Debug-iphonesimulator/DTFoundation.build/Objects-normal/x86_64/e6072d4f65d7061329687fe24e3d63a7-common-args.resp -MMD -MT dependencies -MF /Users/aadityasingh/Library/Developer/Xcode/DerivedData/Chatlio-erkyzdeecsohoaggpwbjdvavzqfv/Build/Intermediates.noindex/DTFoundation.build/Debug-iphonesimulator/DTFoundation.build/Objects-normal/x86_64/DTFolderMonitor.d --serialize-diagnostics /Users/aadityasingh/Library/Developer/Xcode/DerivedData/Chatlio-erkyzdeecsohoaggpwbjdvavzqfv/Build/Intermediates.noindex/DTFoundation.build/Debug-iphonesimulator/DTFoundation.build/Objects-normal/x86_64/DTFolderMonitor.dia -c /Users/aadityasingh/Library/Developer/Xcode/DerivedData/Chatlio-erkyzdeecsohoaggpwbjdvavzqfv/SourcePackages/checkouts/DTFoundation/Core/Source/DTFolderMonitor.m -o /Users/aadityasingh/Library/Developer/Xcode/DerivedData/Chatlio-erkyzdeecsohoaggpwbjdvavzqfv/Build/Intermediates.noindex/DTFoundation.build/Debug-iphonesimulator/DTFoundation.build/Objects-normal/x86_64/DTFolderMonitor.o -index-unit-output-path /DTFoundation.build/Debug-iphonesimulator/DTFoundation.build/Objects-normal/x86_64/DTFolderMonitor.o

ScanDependencies /Users/aadityasingh/Library/Developer/Xcode/DerivedData/Chatlio-erkyzdeecsohoaggpwbjdvavzqfv/Build/Intermediates.noindex/DTFoundation.build/Debug-iphonesimulator/DTFoundation.build/Objects-normal/x86_64/DTExtendedFileAttributes.o /Users/aadityasingh/Library/Developer/Xcode/DerivedData/Chatlio-erkyzdeecsohoaggpwbjdvavzqfv/SourcePackages/checkouts/DTFoundation/Core/Source/DTExtendedFileAttributes.m normal x86_64 objective-c com.apple.compilers.llvm.clang.1_0.compiler (in target 'DTFoundation' from project 'DTFoundation')
    cd /Users/aadityasingh/Documents/Development/element-x-ios/Chatlio.xcodeproj
    
    Using response file: /Users/aadityasingh/Library/Developer/Xcode/DerivedData/Chatlio-erkyzdeecsohoaggpwbjdvavzqfv/Build/Intermediates.noindex/DTFoundation.build/Debug-iphonesimulator/DTFoundation.build/Objects-normal/x86_64/e6072d4f65d7061329687fe24e3d63a7-common-args.resp
    
    builtin-ScanDependencies -o /Users/aadityasingh/Library/Developer/Xcode/DerivedData/Chatlio-erkyzdeecsohoaggpwbjdvavzqfv/Build/Intermediates.noindex/DTFoundation.build/Debug-iphonesimulator/DTFoundation.build/Objects-normal/x86_64/DTExtendedFileAttributes.o.scan -- /Applications/Xcode.app/Contents/Developer/Toolchains/XcodeDefault.xctoolchain/usr/bin/clang -x objective-c -ivfsstatcache /Users/aadityasingh/Library/Developer/Xcode/DerivedData/SDKStatCaches.noindex/iphonesimulator26.4-23E252-686eebb5dc1d8ecb277353a59184f4aa.sdkstatcache -target x86_64-apple-ios12.0-simulator -fmessage-length\=0 -fdiagnostics-show-note-include-stack -fmacro-backtrace-limit\=0 -fno-color-diagnostics -fmodules-prune-interval\=86400 -fmodules-prune-after\=345600 -fbuild-session-file\=/Users/aadityasingh/Library/Developer/Xcode/DerivedData/ModuleCache.noindex/Session.modulevalidation -fmodules-validate-once-per-build-session -Wnon-modular-include-in-framework-module -Werror\=non-modular-include-in-framework-module -Wno-trigraphs -Wno-missing-field-initializers -Wno-missing-prototypes -Wno-return-type -Wno-implicit-atomic-properties -Wno-objc-interface-ivars -Wno-arc-repeated-use-of-weak -Wno-missing-braces -Wparentheses -Wswitch -Wno-unused-function -Wno-unused-label -Wno-unused-parameter -Wno-unused-variable -Wunused-value -Wno-empty-body -Wno-uninitialized -Wno-unknown-pragmas -w -Wno-shadow -Wno-four-char-constants -Wno-conversion -Wno-constant-conversion -Wno-int-conversion -Wno-bool-conversion -Wno-enum-conversion -Wno-float-conversion -Wno-non-literal-null-conversion -Wno-objc-literal-conversion -Wshorten-64-to-32 -Wpointer-sign -Wno-newline-eof -Wno-selector -Wno-strict-selector-match -Wno-undeclared-selector -Wno-deprecated-implementations -Wno-implicit-fallthrough -isysroot /Applications/Xcode.app/Contents/Developer/Platforms/iPhoneSimulator.platform/Developer/SDKs/iPhoneSimulator26.4.sdk -fstrict-aliasing -Wprotocol -Wdeprecated-declarations -Wno-sign-conversion -Wno-infinite-recursion -Wno-comma -Wno-block-capture-autoreleasing -Wno-strict-prototypes -Wno-semicolon-before-method-body -index-store-path /Users/aadityasingh/Library/Developer/Xcode/DerivedData/Chatlio-erkyzdeecsohoaggpwbjdvavzqfv/Index.noindex/DataStore @/Users/aadityasingh/Library/Developer/Xcode/DerivedData/Chatlio-erkyzdeecsohoaggpwbjdvavzqfv/Build/Intermediates.noindex/DTFoundation.build/Debug-iphonesimulator/DTFoundation.build/Objects-normal/x86_64/e6072d4f65d7061329687fe24e3d63a7-common-args.resp -MMD -MT dependencies -MF /Users/aadityasingh/Library/Developer/Xcode/DerivedData/Chatlio-erkyzdeecsohoaggpwbjdvavzqfv/Build/Intermediates.noindex/DTFoundation.build/Debug-iphonesimulator/DTFoundation.build/Objects-normal/x86_64/DTExtendedFileAttributes.d --serialize-diagnostics /Users/aadityasingh/Library/Developer/Xcode/DerivedData/Chatlio-erkyzdeecsohoaggpwbjdvavzqfv/Build/Intermediates.noindex/DTFoundation.build/Debug-iphonesimulator/DTFoundation.build/Objects-normal/x86_64/DTExtendedFileAttributes.dia -c /Users/aadityasingh/Library/Developer/Xcode/DerivedData/Chatlio-erkyzdeecsohoaggpwbjdvavzqfv/SourcePackages/checkouts/DTFoundation/Core/Source/DTExtendedFileAttributes.m -o /Users/aadityasingh/Library/Developer/Xcode/DerivedData/Chatlio-erkyzdeecsohoaggpwbjdvavzqfv/Build/Intermediates.noindex/DTFoundation.build/Debug-iphonesimulator/DTFoundation.build/Objects-normal/x86_64/DTExtendedFileAttributes.o -index-unit-output-path /DTFoundation.build/Debug-iphonesimulator/DTFoundation.build/Objects-normal/x86_64/DTExtendedFileAttributes.o

ScanDependencies /Users/aadityasingh/Library/Developer/Xcode/DerivedData/Chatlio-erkyzdeecsohoaggpwbjdvavzqfv/Build/Intermediates.noindex/DTFoundation.build/Debug-iphonesimulator/DTFoundation.build/Objects-normal/x86_64/DTCustomColoredAccessory.o /Users/aadityasingh/Library/Developer/Xcode/DerivedData/Chatlio-erkyzdeecsohoaggpwbjdvavzqfv/SourcePackages/checkouts/DTFoundation/Core/Source/iOS/DTCustomColoredAccessory.m normal x86_64 objective-c com.apple.compilers.llvm.clang.1_0.compiler (in target 'DTFoundation' from project 'DTFoundation')
    cd /Users/aadityasingh/Documents/Development/element-x-ios/Chatlio.xcodeproj
    
    Using response file: /Users/aadityasingh/Library/Developer/Xcode/DerivedData/Chatlio-erkyzdeecsohoaggpwbjdvavzqfv/Build/Intermediates.noindex/DTFoundation.build/Debug-iphonesimulator/DTFoundation.build/Objects-normal/x86_64/e6072d4f65d7061329687fe24e3d63a7-common-args.resp
    
    builtin-ScanDependencies -o /Users/aadityasingh/Library/Developer/Xcode/DerivedData/Chatlio-erkyzdeecsohoaggpwbjdvavzqfv/Build/Intermediates.noindex/DTFoundation.build/Debug-iphonesimulator/DTFoundation.build/Objects-normal/x86_64/DTCustomColoredAccessory.o.scan -- /Applications/Xcode.app/Contents/Developer/Toolchains/XcodeDefault.xctoolchain/usr/bin/clang -x objective-c -ivfsstatcache /Users/aadityasingh/Library/Developer/Xcode/DerivedData/SDKStatCaches.noindex/iphonesimulator26.4-23E252-686eebb5dc1d8ecb277353a59184f4aa.sdkstatcache -target x86_64-apple-ios12.0-simulator -fmessage-length\=0 -fdiagnostics-show-note-include-stack -fmacro-backtrace-limit\=0 -fno-color-diagnostics -fmodules-prune-interval\=86400 -fmodules-prune-after\=345600 -fbuild-session-file\=/Users/aadityasingh/Library/Developer/Xcode/DerivedData/ModuleCache.noindex/Session.modulevalidation -fmodules-validate-once-per-build-session -Wnon-modular-include-in-framework-module -Werror\=non-modular-include-in-framework-module -Wno-trigraphs -Wno-missing-field-initializers -Wno-missing-prototypes -Wno-return-type -Wno-implicit-atomic-properties -Wno-objc-interface-ivars -Wno-arc-repeated-use-of-weak -Wno-missing-braces -Wparentheses -Wswitch -Wno-unused-function -Wno-unused-label -Wno-unused-parameter -Wno-unused-variable -Wunused-value -Wno-empty-body -Wno-uninitialized -Wno-unknown-pragmas -w -Wno-shadow -Wno-four-char-constants -Wno-conversion -Wno-constant-conversion -Wno-int-conversion -Wno-bool-conversion -Wno-enum-conversion -Wno-float-conversion -Wno-non-literal-null-conversion -Wno-objc-literal-conversion -Wshorten-64-to-32 -Wpointer-sign -Wno-newline-eof -Wno-selector -Wno-strict-selector-match -Wno-undeclared-selector -Wno-deprecated-implementations -Wno-implicit-fallthrough -isysroot /Applications/Xcode.app/Contents/Developer/Platforms/iPhoneSimulator.platform/Developer/SDKs/iPhoneSimulator26.4.sdk -fstrict-aliasing -Wprotocol -Wdeprecated-declarations -Wno-sign-conversion -Wno-infinite-recursion -Wno-comma -Wno-block-capture-autoreleasing -Wno-strict-prototypes -Wno-semicolon-before-method-body -index-store-path /Users/aadityasingh/Library/Developer/Xcode/DerivedData/Chatlio-erkyzdeecsohoaggpwbjdvavzqfv/Index.noindex/DataStore @/Users/aadityasingh/Library/Developer/Xcode/DerivedData/Chatlio-erkyzdeecsohoaggpwbjdvavzqfv/Build/Intermediates.noindex/DTFoundation.build/Debug-iphonesimulator/DTFoundation.build/Objects-normal/x86_64/e6072d4f65d7061329687fe24e3d63a7-common-args.resp -MMD -MT dependencies -MF /Users/aadityasingh/Library/Developer/Xcode/DerivedData/Chatlio-erkyzdeecsohoaggpwbjdvavzqfv/Build/Intermediates.noindex/DTFoundation.build/Debug-iphonesimulator/DTFoundation.build/Objects-normal/x86_64/DTCustomColoredAccessory.d --serialize-diagnostics /Users/aadityasingh/Library/Developer/Xcode/DerivedData/Chatlio-erkyzdeecsohoaggpwbjdvavzqfv/Build/Intermediates.noindex/DTFoundation.build/Debug-iphonesimulator/DTFoundation.build/Objects-normal/x86_64/DTCustomColoredAccessory.dia -c /Users/aadityasingh/Library/Developer/Xcode/DerivedData/Chatlio-erkyzdeecsohoaggpwbjdvavzqfv/SourcePackages/checkouts/DTFoundation/Core/Source/iOS/DTCustomColoredAccessory.m -o /Users/aadityasingh/Library/Developer/Xcode/DerivedData/Chatlio-erkyzdeecsohoaggpwbjdvavzqfv/Build/Intermediates.noindex/DTFoundation.build/Debug-iphonesimulator/DTFoundation.build/Objects-normal/x86_64/DTCustomColoredAccessory.o -index-unit-output-path /DTFoundation.build/Debug-iphonesimulator/DTFoundation.build/Objects-normal/x86_64/DTCustomColoredAccessory.o

ScanDependencies /Users/aadityasingh/Library/Developer/Xcode/DerivedData/Chatlio-erkyzdeecsohoaggpwbjdvavzqfv/Build/Intermediates.noindex/DTFoundation.build/Debug-iphonesimulator/DTFoundation.build/Objects-normal/x86_64/DTCoreGraphicsUtils.o /Users/aadityasingh/Library/Developer/Xcode/DerivedData/Chatlio-erkyzdeecsohoaggpwbjdvavzqfv/SourcePackages/checkouts/DTFoundation/Core/Source/DTCoreGraphicsUtils.m normal x86_64 objective-c com.apple.compilers.llvm.clang.1_0.compiler (in target 'DTFoundation' from project 'DTFoundation')
    cd /Users/aadityasingh/Documents/Development/element-x-ios/Chatlio.xcodeproj
    
    Using response file: /Users/aadityasingh/Library/Developer/Xcode/DerivedData/Chatlio-erkyzdeecsohoaggpwbjdvavzqfv/Build/Intermediates.noindex/DTFoundation.build/Debug-iphonesimulator/DTFoundation.build/Objects-normal/x86_64/e6072d4f65d7061329687fe24e3d63a7-common-args.resp
    
    builtin-ScanDependencies -o /Users/aadityasingh/Library/Developer/Xcode/DerivedData/Chatlio-erkyzdeecsohoaggpwbjdvavzqfv/Build/Intermediates.noindex/DTFoundation.build/Debug-iphonesimulator/DTFoundation.build/Objects-normal/x86_64/DTCoreGraphicsUtils.o.scan -- /Applications/Xcode.app/Contents/Developer/Toolchains/XcodeDefault.xctoolchain/usr/bin/clang -x objective-c -ivfsstatcache /Users/aadityasingh/Library/Developer/Xcode/DerivedData/SDKStatCaches.noindex/iphonesimulator26.4-23E252-686eebb5dc1d8ecb277353a59184f4aa.sdkstatcache -target x86_64-apple-ios12.0-simulator -fmessage-length\=0 -fdiagnostics-show-note-include-stack -fmacro-backtrace-limit\=0 -fno-color-diagnostics -fmodules-prune-interval\=86400 -fmodules-prune-after\=345600 -fbuild-session-file\=/Users/aadityasingh/Library/Developer/Xcode/DerivedData/ModuleCache.noindex/Session.modulevalidation -fmodules-validate-once-per-build-session -Wnon-modular-include-in-framework-module -Werror\=non-modular-include-in-framework-module -Wno-trigraphs -Wno-missing-field-initializers -Wno-missing-prototypes -Wno-return-type -Wno-implicit-atomic-properties -Wno-objc-interface-ivars -Wno-arc-repeated-use-of-weak -Wno-missing-braces -Wparentheses -Wswitch -Wno-unused-function -Wno-unused-label -Wno-unused-parameter -Wno-unused-variable -Wunused-value -Wno-empty-body -Wno-uninitialized -Wno-unknown-pragmas -w -Wno-shadow -Wno-four-char-constants -Wno-conversion -Wno-constant-conversion -Wno-int-conversion -Wno-bool-conversion -Wno-enum-conversion -Wno-float-conversion -Wno-non-literal-null-conversion -Wno-objc-literal-conversion -Wshorten-64-to-32 -Wpointer-sign -Wno-newline-eof -Wno-selector -Wno-strict-selector-match -Wno-undeclared-selector -Wno-deprecated-implementations -Wno-implicit-fallthrough -isysroot /Applications/Xcode.app/Contents/Developer/Platforms/iPhoneSimulator.platform/Developer/SDKs/iPhoneSimulator26.4.sdk -fstrict-aliasing -Wprotocol -Wdeprecated-declarations -Wno-sign-conversion -Wno-infinite-recursion -Wno-comma -Wno-block-capture-autoreleasing -Wno-strict-prototypes -Wno-semicolon-before-method-body -index-store-path /Users/aadityasingh/Library/Developer/Xcode/DerivedData/Chatlio-erkyzdeecsohoaggpwbjdvavzqfv/Index.noindex/DataStore @/Users/aadityasingh/Library/Developer/Xcode/DerivedData/Chatlio-erkyzdeecsohoaggpwbjdvavzqfv/Build/Intermediates.noindex/DTFoundation.build/Debug-iphonesimulator/DTFoundation.build/Objects-normal/x86_64/e6072d4f65d7061329687fe24e3d63a7-common-args.resp -MMD -MT dependencies -MF /Users/aadityasingh/Library/Developer/Xcode/DerivedData/Chatlio-erkyzdeecsohoaggpwbjdvavzqfv/Build/Intermediates.noindex/DTFoundation.build/Debug-iphonesimulator/DTFoundation.build/Objects-normal/x86_64/DTCoreGraphicsUtils.d --serialize-diagnostics /Users/aadityasingh/Library/Developer/Xcode/DerivedData/Chatlio-erkyzdeecsohoaggpwbjdvavzqfv/Build/Intermediates.noindex/DTFoundation.build/Debug-iphonesimulator/DTFoundation.build/Objects-normal/x86_64/DTCoreGraphicsUtils.dia -c /Users/aadityasingh/Library/Developer/Xcode/DerivedData/Chatlio-erkyzdeecsohoaggpwbjdvavzqfv/SourcePackages/checkouts/DTFoundation/Core/Source/DTCoreGraphicsUtils.m -o /Users/aadityasingh/Library/Developer/Xcode/DerivedData/Chatlio-erkyzdeecsohoaggpwbjdvavzqfv/Build/Intermediates.noindex/DTFoundation.build/Debug-iphonesimulator/DTFoundation.build/Objects-normal/x86_64/DTCoreGraphicsUtils.o -index-unit-output-path /DTFoundation.build/Debug-iphonesimulator/DTFoundation.build/Objects-normal/x86_64/DTCoreGraphicsUtils.o

ScanDependencies /Users/aadityasingh/Library/Developer/Xcode/DerivedData/Chatlio-erkyzdeecsohoaggpwbjdvavzqfv/Build/Intermediates.noindex/DTFoundation.build/Debug-iphonesimulator/DTFoundation.build/Objects-normal/x86_64/DTBlockFunctions.o /Users/aadityasingh/Library/Developer/Xcode/DerivedData/Chatlio-erkyzdeecsohoaggpwbjdvavzqfv/SourcePackages/checkouts/DTFoundation/Core/Source/DTBlockFunctions.m normal x86_64 objective-c com.apple.compilers.llvm.clang.1_0.compiler (in target 'DTFoundation' from project 'DTFoundation')
    cd /Users/aadityasingh/Documents/Development/element-x-ios/Chatlio.xcodeproj
    
    Using response file: /Users/aadityasingh/Library/Developer/Xcode/DerivedData/Chatlio-erkyzdeecsohoaggpwbjdvavzqfv/Build/Intermediates.noindex/DTFoundation.build/Debug-iphonesimulator/DTFoundation.build/Objects-normal/x86_64/e6072d4f65d7061329687fe24e3d63a7-common-args.resp
    
    builtin-ScanDependencies -o /Users/aadityasingh/Library/Developer/Xcode/DerivedData/Chatlio-erkyzdeecsohoaggpwbjdvavzqfv/Build/Intermediates.noindex/DTFoundation.build/Debug-iphonesimulator/DTFoundation.build/Objects-normal/x86_64/DTBlockFunctions.o.scan -- /Applications/Xcode.app/Contents/Developer/Toolchains/XcodeDefault.xctoolchain/usr/bin/clang -x objective-c -ivfsstatcache /Users/aadityasingh/Library/Developer/Xcode/DerivedData/SDKStatCaches.noindex/iphonesimulator26.4-23E252-686eebb5dc1d8ecb277353a59184f4aa.sdkstatcache -target x86_64-apple-ios12.0-simulator -fmessage-length\=0 -fdiagnostics-show-note-include-stack -fmacro-backtrace-limit\=0 -fno-color-diagnostics -fmodules-prune-interval\=86400 -fmodules-prune-after\=345600 -fbuild-session-file\=/Users/aadityasingh/Library/Developer/Xcode/DerivedData/ModuleCache.noindex/Session.modulevalidation -fmodules-validate-once-per-build-session -Wnon-modular-include-in-framework-module -Werror\=non-modular-include-in-framework-module -Wno-trigraphs -Wno-missing-field-initializers -Wno-missing-prototypes -Wno-return-type -Wno-implicit-atomic-properties -Wno-objc-interface-ivars -Wno-arc-repeated-use-of-weak -Wno-missing-braces -Wparentheses -Wswitch -Wno-unused-function -Wno-unused-label -Wno-unused-parameter -Wno-unused-variable -Wunused-value -Wno-empty-body -Wno-uninitialized -Wno-unknown-pragmas -w -Wno-shadow -Wno-four-char-constants -Wno-conversion -Wno-constant-conversion -Wno-int-conversion -Wno-bool-conversion -Wno-enum-conversion -Wno-float-conversion -Wno-non-literal-null-conversion -Wno-objc-literal-conversion -Wshorten-64-to-32 -Wpointer-sign -Wno-newline-eof -Wno-selector -Wno-strict-selector-match -Wno-undeclared-selector -Wno-deprecated-implementations -Wno-implicit-fallthrough -isysroot /Applications/Xcode.app/Contents/Developer/Platforms/iPhoneSimulator.platform/Developer/SDKs/iPhoneSimulator26.4.sdk -fstrict-aliasing -Wprotocol -Wdeprecated-declarations -Wno-sign-conversion -Wno-infinite-recursion -Wno-comma -Wno-block-capture-autoreleasing -Wno-strict-prototypes -Wno-semicolon-before-method-body -index-store-path /Users/aadityasingh/Library/Developer/Xcode/DerivedData/Chatlio-erkyzdeecsohoaggpwbjdvavzqfv/Index.noindex/DataStore @/Users/aadityasingh/Library/Developer/Xcode/DerivedData/Chatlio-erkyzdeecsohoaggpwbjdvavzqfv/Build/Intermediates.noindex/DTFoundation.build/Debug-iphonesimulator/DTFoundation.build/Objects-normal/x86_64/e6072d4f65d7061329687fe24e3d63a7-common-args.resp -MMD -MT dependencies -MF /Users/aadityasingh/Library/Developer/Xcode/DerivedData/Chatlio-erkyzdeecsohoaggpwbjdvavzqfv/Build/Intermediates.noindex/DTFoundation.build/Debug-iphonesimulator/DTFoundation.build/Objects-normal/x86_64/DTBlockFunctions.d --serialize-diagnostics /Users/aadityasingh/Library/Developer/Xcode/DerivedData/Chatlio-erkyzdeecsohoaggpwbjdvavzqfv/Build/Intermediates.noindex/DTFoundation.build/Debug-iphonesimulator/DTFoundation.build/Objects-normal/x86_64/DTBlockFunctions.dia -c /Users/aadityasingh/Library/Developer/Xcode/DerivedData/Chatlio-erkyzdeecsohoaggpwbjdvavzqfv/SourcePackages/checkouts/DTFoundation/Core/Source/DTBlockFunctions.m -o /Users/aadityasingh/Library/Developer/Xcode/DerivedData/Chatlio-erkyzdeecsohoaggpwbjdvavzqfv/Build/Intermediates.noindex/DTFoundation.build/Debug-iphonesimulator/DTFoundation.build/Objects-normal/x86_64/DTBlockFunctions.o -index-unit-output-path /DTFoundation.build/Debug-iphonesimulator/DTFoundation.build/Objects-normal/x86_64/DTBlockFunctions.o

PrecompileModule /Users/aadityasingh/Library/Developer/Xcode/DerivedData/Chatlio-erkyzdeecsohoaggpwbjdvavzqfv/Build/Intermediates.noindex/ExplicitPrecompiledModules/asl-CNAARHL4L7JBFOG4YM8T1WE83.scan
    cd /
    builtin-precompileModule /Users/aadityasingh/Library/Developer/Xcode/DerivedData/Chatlio-erkyzdeecsohoaggpwbjdvavzqfv/Build/Intermediates.noindex/ExplicitPrecompiledModules/asl-CNAARHL4L7JBFOG4YM8T1WE83.scan

ScanDependencies /Users/aadityasingh/Library/Developer/Xcode/DerivedData/Chatlio-erkyzdeecsohoaggpwbjdvavzqfv/Build/Intermediates.noindex/DTFoundation.build/Debug-iphonesimulator/DTFoundation.build/Objects-normal/x86_64/DTBase64Coding.o /Users/aadityasingh/Library/Developer/Xcode/DerivedData/Chatlio-erkyzdeecsohoaggpwbjdvavzqfv/SourcePackages/checkouts/DTFoundation/Core/Source/DTBase64Coding.m normal x86_64 objective-c com.apple.compilers.llvm.clang.1_0.compiler (in target 'DTFoundation' from project 'DTFoundation')
    cd /Users/aadityasingh/Documents/Development/element-x-ios/Chatlio.xcodeproj
    
    Using response file: /Users/aadityasingh/Library/Developer/Xcode/DerivedData/Chatlio-erkyzdeecsohoaggpwbjdvavzqfv/Build/Intermediates.noindex/DTFoundation.build/Debug-iphonesimulator/DTFoundation.build/Objects-normal/x86_64/e6072d4f65d7061329687fe24e3d63a7-common-args.resp
    
    builtin-ScanDependencies -o /Users/aadityasingh/Library/Developer/Xcode/DerivedData/Chatlio-erkyzdeecsohoaggpwbjdvavzqfv/Build/Intermediates.noindex/DTFoundation.build/Debug-iphonesimulator/DTFoundation.build/Objects-normal/x86_64/DTBase64Coding.o.scan -- /Applications/Xcode.app/Contents/Developer/Toolchains/XcodeDefault.xctoolchain/usr/bin/clang -x objective-c -ivfsstatcache /Users/aadityasingh/Library/Developer/Xcode/DerivedData/SDKStatCaches.noindex/iphonesimulator26.4-23E252-686eebb5dc1d8ecb277353a59184f4aa.sdkstatcache -target x86_64-apple-ios12.0-simulator -fmessage-length\=0 -fdiagnostics-show-note-include-stack -fmacro-backtrace-limit\=0 -fno-color-diagnostics -fmodules-prune-interval\=86400 -fmodules-prune-after\=345600 -fbuild-session-file\=/Users/aadityasingh/Library/Developer/Xcode/DerivedData/ModuleCache.noindex/Session.modulevalidation -fmodules-validate-once-per-build-session -Wnon-modular-include-in-framework-module -Werror\=non-modular-include-in-framework-module -Wno-trigraphs -Wno-missing-field-initializers -Wno-missing-prototypes -Wno-return-type -Wno-implicit-atomic-properties -Wno-objc-interface-ivars -Wno-arc-repeated-use-of-weak -Wno-missing-braces -Wparentheses -Wswitch -Wno-unused-function -Wno-unused-label -Wno-unused-parameter -Wno-unused-variable -Wunused-value -Wno-empty-body -Wno-uninitialized -Wno-unknown-pragmas -w -Wno-shadow -Wno-four-char-constants -Wno-conversion -Wno-constant-conversion -Wno-int-conversion -Wno-bool-conversion -Wno-enum-conversion -Wno-float-conversion -Wno-non-literal-null-conversion -Wno-objc-literal-conversion -Wshorten-64-to-32 -Wpointer-sign -Wno-newline-eof -Wno-selector -Wno-strict-selector-match -Wno-undeclared-selector -Wno-deprecated-implementations -Wno-implicit-fallthrough -isysroot /Applications/Xcode.app/Contents/Developer/Platforms/iPhoneSimulator.platform/Developer/SDKs/iPhoneSimulator26.4.sdk -fstrict-aliasing -Wprotocol -Wdeprecated-declarations -Wno-sign-conversion -Wno-infinite-recursion -Wno-comma -Wno-block-capture-autoreleasing -Wno-strict-prototypes -Wno-semicolon-before-method-body -index-store-path /Users/aadityasingh/Library/Developer/Xcode/DerivedData/Chatlio-erkyzdeecsohoaggpwbjdvavzqfv/Index.noindex/DataStore @/Users/aadityasingh/Library/Developer/Xcode/DerivedData/Chatlio-erkyzdeecsohoaggpwbjdvavzqfv/Build/Intermediates.noindex/DTFoundation.build/Debug-iphonesimulator/DTFoundation.build/Objects-normal/x86_64/e6072d4f65d7061329687fe24e3d63a7-common-args.resp -MMD -MT dependencies -MF /Users/aadityasingh/Library/Developer/Xcode/DerivedData/Chatlio-erkyzdeecsohoaggpwbjdvavzqfv/Build/Intermediates.noindex/DTFoundation.build/Debug-iphonesimulator/DTFoundation.build/Objects-normal/x86_64/DTBase64Coding.d --serialize-diagnostics /Users/aadityasingh/Library/Developer/Xcode/DerivedData/Chatlio-erkyzdeecsohoaggpwbjdvavzqfv/Build/Intermediates.noindex/DTFoundation.build/Debug-iphonesimulator/DTFoundation.build/Objects-normal/x86_64/DTBase64Coding.dia -c /Users/aadityasingh/Library/Developer/Xcode/DerivedData/Chatlio-erkyzdeecsohoaggpwbjdvavzqfv/SourcePackages/checkouts/DTFoundation/Core/Source/DTBase64Coding.m -o /Users/aadityasingh/Library/Developer/Xcode/DerivedData/Chatlio-erkyzdeecsohoaggpwbjdvavzqfv/Build/Intermediates.noindex/DTFoundation.build/Debug-iphonesimulator/DTFoundation.build/Objects-normal/x86_64/DTBase64Coding.o -index-unit-output-path /DTFoundation.build/Debug-iphonesimulator/DTFoundation.build/Objects-normal/x86_64/DTBase64Coding.o

ScanDependencies /Users/aadityasingh/Library/Developer/Xcode/DerivedData/Chatlio-erkyzdeecsohoaggpwbjdvavzqfv/Build/Intermediates.noindex/DTFoundation.build/Debug-iphonesimulator/DTFoundation.build/Objects-normal/x86_64/DTAsyncFileDeleter.o /Users/aadityasingh/Library/Developer/Xcode/DerivedData/Chatlio-erkyzdeecsohoaggpwbjdvavzqfv/SourcePackages/checkouts/DTFoundation/Core/Source/DTAsyncFileDeleter/DTAsyncFileDeleter.m normal x86_64 objective-c com.apple.compilers.llvm.clang.1_0.compiler (in target 'DTFoundation' from project 'DTFoundation')
    cd /Users/aadityasingh/Documents/Development/element-x-ios/Chatlio.xcodeproj
    
    Using response file: /Users/aadityasingh/Library/Developer/Xcode/DerivedData/Chatlio-erkyzdeecsohoaggpwbjdvavzqfv/Build/Intermediates.noindex/DTFoundation.build/Debug-iphonesimulator/DTFoundation.build/Objects-normal/x86_64/e6072d4f65d7061329687fe24e3d63a7-common-args.resp
    
    builtin-ScanDependencies -o /Users/aadityasingh/Library/Developer/Xcode/DerivedData/Chatlio-erkyzdeecsohoaggpwbjdvavzqfv/Build/Intermediates.noindex/DTFoundation.build/Debug-iphonesimulator/DTFoundation.build/Objects-normal/x86_64/DTAsyncFileDeleter.o.scan -- /Applications/Xcode.app/Contents/Developer/Toolchains/XcodeDefault.xctoolchain/usr/bin/clang -x objective-c -ivfsstatcache /Users/aadityasingh/Library/Developer/Xcode/DerivedData/SDKStatCaches.noindex/iphonesimulator26.4-23E252-686eebb5dc1d8ecb277353a59184f4aa.sdkstatcache -target x86_64-apple-ios12.0-simulator -fmessage-length\=0 -fdiagnostics-show-note-include-stack -fmacro-backtrace-limit\=0 -fno-color-diagnostics -fmodules-prune-interval\=86400 -fmodules-prune-after\=345600 -fbuild-session-file\=/Users/aadityasingh/Library/Developer/Xcode/DerivedData/ModuleCache.noindex/Session.modulevalidation -fmodules-validate-once-per-build-session -Wnon-modular-include-in-framework-module -Werror\=non-modular-include-in-framework-module -Wno-trigraphs -Wno-missing-field-initializers -Wno-missing-prototypes -Wno-return-type -Wno-implicit-atomic-properties -Wno-objc-interface-ivars -Wno-arc-repeated-use-of-weak -Wno-missing-braces -Wparentheses -Wswitch -Wno-unused-function -Wno-unused-label -Wno-unused-parameter -Wno-unused-variable -Wunused-value -Wno-empty-body -Wno-uninitialized -Wno-unknown-pragmas -w -Wno-shadow -Wno-four-char-constants -Wno-conversion -Wno-constant-conversion -Wno-int-conversion -Wno-bool-conversion -Wno-enum-conversion -Wno-float-conversion -Wno-non-literal-null-conversion -Wno-objc-literal-conversion -Wshorten-64-to-32 -Wpointer-sign -Wno-newline-eof -Wno-selector -Wno-strict-selector-match -Wno-undeclared-selector -Wno-deprecated-implementations -Wno-implicit-fallthrough -isysroot /Applications/Xcode.app/Contents/Developer/Platforms/iPhoneSimulator.platform/Developer/SDKs/iPhoneSimulator26.4.sdk -fstrict-aliasing -Wprotocol -Wdeprecated-declarations -Wno-sign-conversion -Wno-infinite-recursion -Wno-comma -Wno-block-capture-autoreleasing -Wno-strict-prototypes -Wno-semicolon-before-method-body -index-store-path /Users/aadityasingh/Library/Developer/Xcode/DerivedData/Chatlio-erkyzdeecsohoaggpwbjdvavzqfv/Index.noindex/DataStore @/Users/aadityasingh/Library/Developer/Xcode/DerivedData/Chatlio-erkyzdeecsohoaggpwbjdvavzqfv/Build/Intermediates.noindex/DTFoundation.build/Debug-iphonesimulator/DTFoundation.build/Objects-normal/x86_64/e6072d4f65d7061329687fe24e3d63a7-common-args.resp -MMD -MT dependencies -MF /Users/aadityasingh/Library/Developer/Xcode/DerivedData/Chatlio-erkyzdeecsohoaggpwbjdvavzqfv/Build/Intermediates.noindex/DTFoundation.build/Debug-iphonesimulator/DTFoundation.build/Objects-normal/x86_64/DTAsyncFileDeleter.d --serialize-diagnostics /Users/aadityasingh/Library/Developer/Xcode/DerivedData/Chatlio-erkyzdeecsohoaggpwbjdvavzqfv/Build/Intermediates.noindex/DTFoundation.build/Debug-iphonesimulator/DTFoundation.build/Objects-normal/x86_64/DTAsyncFileDeleter.dia -c /Users/aadityasingh/Library/Developer/Xcode/DerivedData/Chatlio-erkyzdeecsohoaggpwbjdvavzqfv/SourcePackages/checkouts/DTFoundation/Core/Source/DTAsyncFileDeleter/DTAsyncFileDeleter.m -o /Users/aadityasingh/Library/Developer/Xcode/DerivedData/Chatlio-erkyzdeecsohoaggpwbjdvavzqfv/Build/Intermediates.noindex/DTFoundation.build/Debug-iphonesimulator/DTFoundation.build/Objects-normal/x86_64/DTAsyncFileDeleter.o -index-unit-output-path /DTFoundation.build/Debug-iphonesimulator/DTFoundation.build/Objects-normal/x86_64/DTAsyncFileDeleter.o

ScanDependencies /Users/aadityasingh/Library/Developer/Xcode/DerivedData/Chatlio-erkyzdeecsohoaggpwbjdvavzqfv/Build/Intermediates.noindex/DTFoundation.build/Debug-iphonesimulator/DTFoundation.build/Objects-normal/x86_64/DTAnimatedGIF.o /Users/aadityasingh/Library/Developer/Xcode/DerivedData/Chatlio-erkyzdeecsohoaggpwbjdvavzqfv/SourcePackages/checkouts/DTFoundation/Core/Source/iOS/DTAnimatedGIF/DTAnimatedGIF.m normal x86_64 objective-c com.apple.compilers.llvm.clang.1_0.compiler (in target 'DTFoundation' from project 'DTFoundation')
    cd /Users/aadityasingh/Documents/Development/element-x-ios/Chatlio.xcodeproj
    
    Using response file: /Users/aadityasingh/Library/Developer/Xcode/DerivedData/Chatlio-erkyzdeecsohoaggpwbjdvavzqfv/Build/Intermediates.noindex/DTFoundation.build/Debug-iphonesimulator/DTFoundation.build/Objects-normal/x86_64/e6072d4f65d7061329687fe24e3d63a7-common-args.resp
    
    builtin-ScanDependencies -o /Users/aadityasingh/Library/Developer/Xcode/DerivedData/Chatlio-erkyzdeecsohoaggpwbjdvavzqfv/Build/Intermediates.noindex/DTFoundation.build/Debug-iphonesimulator/DTFoundation.build/Objects-normal/x86_64/DTAnimatedGIF.o.scan -- /Applications/Xcode.app/Contents/Developer/Toolchains/XcodeDefault.xctoolchain/usr/bin/clang -x objective-c -ivfsstatcache /Users/aadityasingh/Library/Developer/Xcode/DerivedData/SDKStatCaches.noindex/iphonesimulator26.4-23E252-686eebb5dc1d8ecb277353a59184f4aa.sdkstatcache -target x86_64-apple-ios12.0-simulator -fmessage-length\=0 -fdiagnostics-show-note-include-stack -fmacro-backtrace-limit\=0 -fno-color-diagnostics -fmodules-prune-interval\=86400 -fmodules-prune-after\=345600 -fbuild-session-file\=/Users/aadityasingh/Library/Developer/Xcode/DerivedData/ModuleCache.noindex/Session.modulevalidation -fmodules-validate-once-per-build-session -Wnon-modular-include-in-framework-module -Werror\=non-modular-include-in-framework-module -Wno-trigraphs -Wno-missing-field-initializers -Wno-missing-prototypes -Wno-return-type -Wno-implicit-atomic-properties -Wno-objc-interface-ivars -Wno-arc-repeated-use-of-weak -Wno-missing-braces -Wparentheses -Wswitch -Wno-unused-function -Wno-unused-label -Wno-unused-parameter -Wno-unused-variable -Wunused-value -Wno-empty-body -Wno-uninitialized -Wno-unknown-pragmas -w -Wno-shadow -Wno-four-char-constants -Wno-conversion -Wno-constant-conversion -Wno-int-conversion -Wno-bool-conversion -Wno-enum-conversion -Wno-float-conversion -Wno-non-literal-null-conversion -Wno-objc-literal-conversion -Wshorten-64-to-32 -Wpointer-sign -Wno-newline-eof -Wno-selector -Wno-strict-selector-match -Wno-undeclared-selector -Wno-deprecated-implementations -Wno-implicit-fallthrough -isysroot /Applications/Xcode.app/Contents/Developer/Platforms/iPhoneSimulator.platform/Developer/SDKs/iPhoneSimulator26.4.sdk -fstrict-aliasing -Wprotocol -Wdeprecated-declarations -Wno-sign-conversion -Wno-infinite-recursion -Wno-comma -Wno-block-capture-autoreleasing -Wno-strict-prototypes -Wno-semicolon-before-method-body -index-store-path /Users/aadityasingh/Library/Developer/Xcode/DerivedData/Chatlio-erkyzdeecsohoaggpwbjdvavzqfv/Index.noindex/DataStore @/Users/aadityasingh/Library/Developer/Xcode/DerivedData/Chatlio-erkyzdeecsohoaggpwbjdvavzqfv/Build/Intermediates.noindex/DTFoundation.build/Debug-iphonesimulator/DTFoundation.build/Objects-normal/x86_64/e6072d4f65d7061329687fe24e3d63a7-common-args.resp -MMD -MT dependencies -MF /Users/aadityasingh/Library/Developer/Xcode/DerivedData/Chatlio-erkyzdeecsohoaggpwbjdvavzqfv/Build/Intermediates.noindex/DTFoundation.build/Debug-iphonesimulator/DTFoundation.build/Objects-normal/x86_64/DTAnimatedGIF.d --serialize-diagnostics /Users/aadityasingh/Library/Developer/Xcode/DerivedData/Chatlio-erkyzdeecsohoaggpwbjdvavzqfv/Build/Intermediates.noindex/DTFoundation.build/Debug-iphonesimulator/DTFoundation.build/Objects-normal/x86_64/DTAnimatedGIF.dia -c /Users/aadityasingh/Library/Developer/Xcode/DerivedData/Chatlio-erkyzdeecsohoaggpwbjdvavzqfv/SourcePackages/checkouts/DTFoundation/Core/Source/iOS/DTAnimatedGIF/DTAnimatedGIF.m -o /Users/aadityasingh/Library/Developer/Xcode/DerivedData/Chatlio-erkyzdeecsohoaggpwbjdvavzqfv/Build/Intermediates.noindex/DTFoundation.build/Debug-iphonesimulator/DTFoundation.build/Objects-normal/x86_64/DTAnimatedGIF.o -index-unit-output-path /DTFoundation.build/Debug-iphonesimulator/DTFoundation.build/Objects-normal/x86_64/DTAnimatedGIF.o

PrecompileModule /Users/aadityasingh/Library/Developer/Xcode/DerivedData/Chatlio-erkyzdeecsohoaggpwbjdvavzqfv/Build/Intermediates.noindex/ExplicitPrecompiledModules/zlib-6154GVFSYCV1CQ5KJKL87UICV.scan
    cd /
    builtin-precompileModule /Users/aadityasingh/Library/Developer/Xcode/DerivedData/Chatlio-erkyzdeecsohoaggpwbjdvavzqfv/Build/Intermediates.noindex/ExplicitPrecompiledModules/zlib-6154GVFSYCV1CQ5KJKL87UICV.scan

PrecompileModule /Users/aadityasingh/Library/Developer/Xcode/DerivedData/Chatlio-erkyzdeecsohoaggpwbjdvavzqfv/Build/Intermediates.noindex/ExplicitPrecompiledModules/CommonCrypto-2SNH9C16FVAY3EQH72AXFO5ML.scan
    cd /
    builtin-precompileModule /Users/aadityasingh/Library/Developer/Xcode/DerivedData/Chatlio-erkyzdeecsohoaggpwbjdvavzqfv/Build/Intermediates.noindex/ExplicitPrecompiledModules/CommonCrypto-2SNH9C16FVAY3EQH72AXFO5ML.scan

PrecompileModule /Users/aadityasingh/Library/Developer/Xcode/DerivedData/Chatlio-erkyzdeecsohoaggpwbjdvavzqfv/Build/Intermediates.noindex/ExplicitPrecompiledModules/_Builtin_inttypes-EDTOW8OIWO81NGHPIZD1CPZK5.scan
    cd /
    builtin-precompileModule /Users/aadityasingh/Library/Developer/Xcode/DerivedData/Chatlio-erkyzdeecsohoaggpwbjdvavzqfv/Build/Intermediates.noindex/ExplicitPrecompiledModules/_Builtin_inttypes-EDTOW8OIWO81NGHPIZD1CPZK5.scan

PrecompileModule /Users/aadityasingh/Library/Developer/Xcode/DerivedData/Chatlio-erkyzdeecsohoaggpwbjdvavzqfv/Build/Intermediates.noindex/ExplicitPrecompiledModules/libxml2-E5WZ0ZRMF56XWI6Q9935J9SQF.scan
    cd /
    builtin-precompileModule /Users/aadityasingh/Library/Developer/Xcode/DerivedData/Chatlio-erkyzdeecsohoaggpwbjdvavzqfv/Build/Intermediates.noindex/ExplicitPrecompiledModules/libxml2-E5WZ0ZRMF56XWI6Q9935J9SQF.scan

ScanDependencies /Users/aadityasingh/Library/Developer/Xcode/DerivedData/Chatlio-erkyzdeecsohoaggpwbjdvavzqfv/Build/Intermediates.noindex/DTFoundation.build/Debug-iphonesimulator/DTFoundation.build/Objects-normal/x86_64/DTAlertView.o /Users/aadityasingh/Library/Developer/Xcode/DerivedData/Chatlio-erkyzdeecsohoaggpwbjdvavzqfv/SourcePackages/checkouts/DTFoundation/Core/Source/iOS/BlocksAdditions/DTAlertView.m normal x86_64 objective-c com.apple.compilers.llvm.clang.1_0.compiler (in target 'DTFoundation' from project 'DTFoundation')
    cd /Users/aadityasingh/Documents/Development/element-x-ios/Chatlio.xcodeproj
    
    Using response file: /Users/aadityasingh/Library/Developer/Xcode/DerivedData/Chatlio-erkyzdeecsohoaggpwbjdvavzqfv/Build/Intermediates.noindex/DTFoundation.build/Debug-iphonesimulator/DTFoundation.build/Objects-normal/x86_64/e6072d4f65d7061329687fe24e3d63a7-common-args.resp
    
    builtin-ScanDependencies -o /Users/aadityasingh/Library/Developer/Xcode/DerivedData/Chatlio-erkyzdeecsohoaggpwbjdvavzqfv/Build/Intermediates.noindex/DTFoundation.build/Debug-iphonesimulator/DTFoundation.build/Objects-normal/x86_64/DTAlertView.o.scan -- /Applications/Xcode.app/Contents/Developer/Toolchains/XcodeDefault.xctoolchain/usr/bin/clang -x objective-c -ivfsstatcache /Users/aadityasingh/Library/Developer/Xcode/DerivedData/SDKStatCaches.noindex/iphonesimulator26.4-23E252-686eebb5dc1d8ecb277353a59184f4aa.sdkstatcache -target x86_64-apple-ios12.0-simulator -fmessage-length\=0 -fdiagnostics-show-note-include-stack -fmacro-backtrace-limit\=0 -fno-color-diagnostics -fmodules-prune-interval\=86400 -fmodules-prune-after\=345600 -fbuild-session-file\=/Users/aadityasingh/Library/Developer/Xcode/DerivedData/ModuleCache.noindex/Session.modulevalidation -fmodules-validate-once-per-build-session -Wnon-modular-include-in-framework-module -Werror\=non-modular-include-in-framework-module -Wno-trigraphs -Wno-missing-field-initializers -Wno-missing-prototypes -Wno-return-type -Wno-implicit-atomic-properties -Wno-objc-interface-ivars -Wno-arc-repeated-use-of-weak -Wno-missing-braces -Wparentheses -Wswitch -Wno-unused-function -Wno-unused-label -Wno-unused-parameter -Wno-unused-variable -Wunused-value -Wno-empty-body -Wno-uninitialized -Wno-unknown-pragmas -w -Wno-shadow -Wno-four-char-constants -Wno-conversion -Wno-constant-conversion -Wno-int-conversion -Wno-bool-conversion -Wno-enum-conversion -Wno-float-conversion -Wno-non-literal-null-conversion -Wno-objc-literal-conversion -Wshorten-64-to-32 -Wpointer-sign -Wno-newline-eof -Wno-selector -Wno-strict-selector-match -Wno-undeclared-selector -Wno-deprecated-implementations -Wno-implicit-fallthrough -isysroot /Applications/Xcode.app/Contents/Developer/Platforms/iPhoneSimulator.platform/Developer/SDKs/iPhoneSimulator26.4.sdk -fstrict-aliasing -Wprotocol -Wdeprecated-declarations -Wno-sign-conversion -Wno-infinite-recursion -Wno-comma -Wno-block-capture-autoreleasing -Wno-strict-prototypes -Wno-semicolon-before-method-body -index-store-path /Users/aadityasingh/Library/Developer/Xcode/DerivedData/Chatlio-erkyzdeecsohoaggpwbjdvavzqfv/Index.noindex/DataStore @/Users/aadityasingh/Library/Developer/Xcode/DerivedData/Chatlio-erkyzdeecsohoaggpwbjdvavzqfv/Build/Intermediates.noindex/DTFoundation.build/Debug-iphonesimulator/DTFoundation.build/Objects-normal/x86_64/e6072d4f65d7061329687fe24e3d63a7-common-args.resp -MMD -MT dependencies -MF /Users/aadityasingh/Library/Developer/Xcode/DerivedData/Chatlio-erkyzdeecsohoaggpwbjdvavzqfv/Build/Intermediates.noindex/DTFoundation.build/Debug-iphonesimulator/DTFoundation.build/Objects-normal/x86_64/DTAlertView.d --serialize-diagnostics /Users/aadityasingh/Library/Developer/Xcode/DerivedData/Chatlio-erkyzdeecsohoaggpwbjdvavzqfv/Build/Intermediates.noindex/DTFoundation.build/Debug-iphonesimulator/DTFoundation.build/Objects-normal/x86_64/DTAlertView.dia -c /Users/aadityasingh/Library/Developer/Xcode/DerivedData/Chatlio-erkyzdeecsohoaggpwbjdvavzqfv/SourcePackages/checkouts/DTFoundation/Core/Source/iOS/BlocksAdditions/DTAlertView.m -o /Users/aadityasingh/Library/Developer/Xcode/DerivedData/Chatlio-erkyzdeecsohoaggpwbjdvavzqfv/Build/Intermediates.noindex/DTFoundation.build/Debug-iphonesimulator/DTFoundation.build/Objects-normal/x86_64/DTAlertView.o -index-unit-output-path /DTFoundation.build/Debug-iphonesimulator/DTFoundation.build/Objects-normal/x86_64/DTAlertView.o

ScanDependencies /Users/aadityasingh/Library/Developer/Xcode/DerivedData/Chatlio-erkyzdeecsohoaggpwbjdvavzqfv/Build/Intermediates.noindex/DTFoundation.build/Debug-iphonesimulator/DTFoundation.build/Objects-normal/x86_64/DTActivityTitleView.o /Users/aadityasingh/Library/Developer/Xcode/DerivedData/Chatlio-erkyzdeecsohoaggpwbjdvavzqfv/SourcePackages/checkouts/DTFoundation/Core/Source/iOS/DTActivityTitleView.m normal x86_64 objective-c com.apple.compilers.llvm.clang.1_0.compiler (in target 'DTFoundation' from project 'DTFoundation')
    cd /Users/aadityasingh/Documents/Development/element-x-ios/Chatlio.xcodeproj
    
    Using response file: /Users/aadityasingh/Library/Developer/Xcode/DerivedData/Chatlio-erkyzdeecsohoaggpwbjdvavzqfv/Build/Intermediates.noindex/DTFoundation.build/Debug-iphonesimulator/DTFoundation.build/Objects-normal/x86_64/e6072d4f65d7061329687fe24e3d63a7-common-args.resp
    
    builtin-ScanDependencies -o /Users/aadityasingh/Library/Developer/Xcode/DerivedData/Chatlio-erkyzdeecsohoaggpwbjdvavzqfv/Build/Intermediates.noindex/DTFoundation.build/Debug-iphonesimulator/DTFoundation.build/Objects-normal/x86_64/DTActivityTitleView.o.scan -- /Applications/Xcode.app/Contents/Developer/Toolchains/XcodeDefault.xctoolchain/usr/bin/clang -x objective-c -ivfsstatcache /Users/aadityasingh/Library/Developer/Xcode/DerivedData/SDKStatCaches.noindex/iphonesimulator26.4-23E252-686eebb5dc1d8ecb277353a59184f4aa.sdkstatcache -target x86_64-apple-ios12.0-simulator -fmessage-length\=0 -fdiagnostics-show-note-include-stack -fmacro-backtrace-limit\=0 -fno-color-diagnostics -fmodules-prune-interval\=86400 -fmodules-prune-after\=345600 -fbuild-session-file\=/Users/aadityasingh/Library/Developer/Xcode/DerivedData/ModuleCache.noindex/Session.modulevalidation -fmodules-validate-once-per-build-session -Wnon-modular-include-in-framework-module -Werror\=non-modular-include-in-framework-module -Wno-trigraphs -Wno-missing-field-initializers -Wno-missing-prototypes -Wno-return-type -Wno-implicit-atomic-properties -Wno-objc-interface-ivars -Wno-arc-repeated-use-of-weak -Wno-missing-braces -Wparentheses -Wswitch -Wno-unused-function -Wno-unused-label -Wno-unused-parameter -Wno-unused-variable -Wunused-value -Wno-empty-body -Wno-uninitialized -Wno-unknown-pragmas -w -Wno-shadow -Wno-four-char-constants -Wno-conversion -Wno-constant-conversion -Wno-int-conversion -Wno-bool-conversion -Wno-enum-conversion -Wno-float-conversion -Wno-non-literal-null-conversion -Wno-objc-literal-conversion -Wshorten-64-to-32 -Wpointer-sign -Wno-newline-eof -Wno-selector -Wno-strict-selector-match -Wno-undeclared-selector -Wno-deprecated-implementations -Wno-implicit-fallthrough -isysroot /Applications/Xcode.app/Contents/Developer/Platforms/iPhoneSimulator.platform/Developer/SDKs/iPhoneSimulator26.4.sdk -fstrict-aliasing -Wprotocol -Wdeprecated-declarations -Wno-sign-conversion -Wno-infinite-recursion -Wno-comma -Wno-block-capture-autoreleasing -Wno-strict-prototypes -Wno-semicolon-before-method-body -index-store-path /Users/aadityasingh/Library/Developer/Xcode/DerivedData/Chatlio-erkyzdeecsohoaggpwbjdvavzqfv/Index.noindex/DataStore @/Users/aadityasingh/Library/Developer/Xcode/DerivedData/Chatlio-erkyzdeecsohoaggpwbjdvavzqfv/Build/Intermediates.noindex/DTFoundation.build/Debug-iphonesimulator/DTFoundation.build/Objects-normal/x86_64/e6072d4f65d7061329687fe24e3d63a7-common-args.resp -MMD -MT dependencies -MF /Users/aadityasingh/Library/Developer/Xcode/DerivedData/Chatlio-erkyzdeecsohoaggpwbjdvavzqfv/Build/Intermediates.noindex/DTFoundation.build/Debug-iphonesimulator/DTFoundation.build/Objects-normal/x86_64/DTActivityTitleView.d --serialize-diagnostics /Users/aadityasingh/Library/Developer/Xcode/DerivedData/Chatlio-erkyzdeecsohoaggpwbjdvavzqfv/Build/Intermediates.noindex/DTFoundation.build/Debug-iphonesimulator/DTFoundation.build/Objects-normal/x86_64/DTActivityTitleView.dia -c /Users/aadityasingh/Library/Developer/Xcode/DerivedData/Chatlio-erkyzdeecsohoaggpwbjdvavzqfv/SourcePackages/checkouts/DTFoundation/Core/Source/iOS/DTActivityTitleView.m -o /Users/aadityasingh/Library/Developer/Xcode/DerivedData/Chatlio-erkyzdeecsohoaggpwbjdvavzqfv/Build/Intermediates.noindex/DTFoundation.build/Debug-iphonesimulator/DTFoundation.build/Objects-normal/x86_64/DTActivityTitleView.o -index-unit-output-path /DTFoundation.build/Debug-iphonesimulator/DTFoundation.build/Objects-normal/x86_64/DTActivityTitleView.o

ScanDependencies /Users/aadityasingh/Library/Developer/Xcode/DerivedData/Chatlio-erkyzdeecsohoaggpwbjdvavzqfv/Build/Intermediates.noindex/DTFoundation.build/Debug-iphonesimulator/DTFoundation.build/Objects-normal/x86_64/DTActionSheet.o /Users/aadityasingh/Library/Developer/Xcode/DerivedData/Chatlio-erkyzdeecsohoaggpwbjdvavzqfv/SourcePackages/checkouts/DTFoundation/Core/Source/iOS/BlocksAdditions/DTActionSheet.m normal x86_64 objective-c com.apple.compilers.llvm.clang.1_0.compiler (in target 'DTFoundation' from project 'DTFoundation')
    cd /Users/aadityasingh/Documents/Development/element-x-ios/Chatlio.xcodeproj
    
    Using response file: /Users/aadityasingh/Library/Developer/Xcode/DerivedData/Chatlio-erkyzdeecsohoaggpwbjdvavzqfv/Build/Intermediates.noindex/DTFoundation.build/Debug-iphonesimulator/DTFoundation.build/Objects-normal/x86_64/e6072d4f65d7061329687fe24e3d63a7-common-args.resp
    
    builtin-ScanDependencies -o /Users/aadityasingh/Library/Developer/Xcode/DerivedData/Chatlio-erkyzdeecsohoaggpwbjdvavzqfv/Build/Intermediates.noindex/DTFoundation.build/Debug-iphonesimulator/DTFoundation.build/Objects-normal/x86_64/DTActionSheet.o.scan -- /Applications/Xcode.app/Contents/Developer/Toolchains/XcodeDefault.xctoolchain/usr/bin/clang -x objective-c -ivfsstatcache /Users/aadityasingh/Library/Developer/Xcode/DerivedData/SDKStatCaches.noindex/iphonesimulator26.4-23E252-686eebb5dc1d8ecb277353a59184f4aa.sdkstatcache -target x86_64-apple-ios12.0-simulator -fmessage-length\=0 -fdiagnostics-show-note-include-stack -fmacro-backtrace-limit\=0 -fno-color-diagnostics -fmodules-prune-interval\=86400 -fmodules-prune-after\=345600 -fbuild-session-file\=/Users/aadityasingh/Library/Developer/Xcode/DerivedData/ModuleCache.noindex/Session.modulevalidation -fmodules-validate-once-per-build-session -Wnon-modular-include-in-framework-module -Werror\=non-modular-include-in-framework-module -Wno-trigraphs -Wno-missing-field-initializers -Wno-missing-prototypes -Wno-return-type -Wno-implicit-atomic-properties -Wno-objc-interface-ivars -Wno-arc-repeated-use-of-weak -Wno-missing-braces -Wparentheses -Wswitch -Wno-unused-function -Wno-unused-label -Wno-unused-parameter -Wno-unused-variable -Wunused-value -Wno-empty-body -Wno-uninitialized -Wno-unknown-pragmas -w -Wno-shadow -Wno-four-char-constants -Wno-conversion -Wno-constant-conversion -Wno-int-conversion -Wno-bool-conversion -Wno-enum-conversion -Wno-float-conversion -Wno-non-literal-null-conversion -Wno-objc-literal-conversion -Wshorten-64-to-32 -Wpointer-sign -Wno-newline-eof -Wno-selector -Wno-strict-selector-match -Wno-undeclared-selector -Wno-deprecated-implementations -Wno-implicit-fallthrough -isysroot /Applications/Xcode.app/Contents/Developer/Platforms/iPhoneSimulator.platform/Developer/SDKs/iPhoneSimulator26.4.sdk -fstrict-aliasing -Wprotocol -Wdeprecated-declarations -Wno-sign-conversion -Wno-infinite-recursion -Wno-comma -Wno-block-capture-autoreleasing -Wno-strict-prototypes -Wno-semicolon-before-method-body -index-store-path /Users/aadityasingh/Library/Developer/Xcode/DerivedData/Chatlio-erkyzdeecsohoaggpwbjdvavzqfv/Index.noindex/DataStore @/Users/aadityasingh/Library/Developer/Xcode/DerivedData/Chatlio-erkyzdeecsohoaggpwbjdvavzqfv/Build/Intermediates.noindex/DTFoundation.build/Debug-iphonesimulator/DTFoundation.build/Objects-normal/x86_64/e6072d4f65d7061329687fe24e3d63a7-common-args.resp -MMD -MT dependencies -MF /Users/aadityasingh/Library/Developer/Xcode/DerivedData/Chatlio-erkyzdeecsohoaggpwbjdvavzqfv/Build/Intermediates.noindex/DTFoundation.build/Debug-iphonesimulator/DTFoundation.build/Objects-normal/x86_64/DTActionSheet.d --serialize-diagnostics /Users/aadityasingh/Library/Developer/Xcode/DerivedData/Chatlio-erkyzdeecsohoaggpwbjdvavzqfv/Build/Intermediates.noindex/DTFoundation.build/Debug-iphonesimulator/DTFoundation.build/Objects-normal/x86_64/DTActionSheet.dia -c /Users/aadityasingh/Library/Developer/Xcode/DerivedData/Chatlio-erkyzdeecsohoaggpwbjdvavzqfv/SourcePackages/checkouts/DTFoundation/Core/Source/iOS/BlocksAdditions/DTActionSheet.m -o /Users/aadityasingh/Library/Developer/Xcode/DerivedData/Chatlio-erkyzdeecsohoaggpwbjdvavzqfv/Build/Intermediates.noindex/DTFoundation.build/Debug-iphonesimulator/DTFoundation.build/Objects-normal/x86_64/DTActionSheet.o -index-unit-output-path /DTFoundation.build/Debug-iphonesimulator/DTFoundation.build/Objects-normal/x86_64/DTActionSheet.o

ScanDependencies /Users/aadityasingh/Library/Developer/Xcode/DerivedData/Chatlio-erkyzdeecsohoaggpwbjdvavzqfv/Build/Intermediates.noindex/DTFoundation.build/Debug-iphonesimulator/DTFoundation.build/Objects-normal/x86_64/DTASN1Serialization.o /Users/aadityasingh/Library/Developer/Xcode/DerivedData/Chatlio-erkyzdeecsohoaggpwbjdvavzqfv/SourcePackages/checkouts/DTFoundation/Core/Source/DTASN1/DTASN1Serialization.m normal x86_64 objective-c com.apple.compilers.llvm.clang.1_0.compiler (in target 'DTFoundation' from project 'DTFoundation')
    cd /Users/aadityasingh/Documents/Development/element-x-ios/Chatlio.xcodeproj
    
    Using response file: /Users/aadityasingh/Library/Developer/Xcode/DerivedData/Chatlio-erkyzdeecsohoaggpwbjdvavzqfv/Build/Intermediates.noindex/DTFoundation.build/Debug-iphonesimulator/DTFoundation.build/Objects-normal/x86_64/e6072d4f65d7061329687fe24e3d63a7-common-args.resp
    
    builtin-ScanDependencies -o /Users/aadityasingh/Library/Developer/Xcode/DerivedData/Chatlio-erkyzdeecsohoaggpwbjdvavzqfv/Build/Intermediates.noindex/DTFoundation.build/Debug-iphonesimulator/DTFoundation.build/Objects-normal/x86_64/DTASN1Serialization.o.scan -- /Applications/Xcode.app/Contents/Developer/Toolchains/XcodeDefault.xctoolchain/usr/bin/clang -x objective-c -ivfsstatcache /Users/aadityasingh/Library/Developer/Xcode/DerivedData/SDKStatCaches.noindex/iphonesimulator26.4-23E252-686eebb5dc1d8ecb277353a59184f4aa.sdkstatcache -target x86_64-apple-ios12.0-simulator -fmessage-length\=0 -fdiagnostics-show-note-include-stack -fmacro-backtrace-limit\=0 -fno-color-diagnostics -fmodules-prune-interval\=86400 -fmodules-prune-after\=345600 -fbuild-session-file\=/Users/aadityasingh/Library/Developer/Xcode/DerivedData/ModuleCache.noindex/Session.modulevalidation -fmodules-validate-once-per-build-session -Wnon-modular-include-in-framework-module -Werror\=non-modular-include-in-framework-module -Wno-trigraphs -Wno-missing-field-initializers -Wno-missing-prototypes -Wno-return-type -Wno-implicit-atomic-properties -Wno-objc-interface-ivars -Wno-arc-repeated-use-of-weak -Wno-missing-braces -Wparentheses -Wswitch -Wno-unused-function -Wno-unused-label -Wno-unused-parameter -Wno-unused-variable -Wunused-value -Wno-empty-body -Wno-uninitialized -Wno-unknown-pragmas -w -Wno-shadow -Wno-four-char-constants -Wno-conversion -Wno-constant-conversion -Wno-int-conversion -Wno-bool-conversion -Wno-enum-conversion -Wno-float-conversion -Wno-non-literal-null-conversion -Wno-objc-literal-conversion -Wshorten-64-to-32 -Wpointer-sign -Wno-newline-eof -Wno-selector -Wno-strict-selector-match -Wno-undeclared-selector -Wno-deprecated-implementations -Wno-implicit-fallthrough -isysroot /Applications/Xcode.app/Contents/Developer/Platforms/iPhoneSimulator.platform/Developer/SDKs/iPhoneSimulator26.4.sdk -fstrict-aliasing -Wprotocol -Wdeprecated-declarations -Wno-sign-conversion -Wno-infinite-recursion -Wno-comma -Wno-block-capture-autoreleasing -Wno-strict-prototypes -Wno-semicolon-before-method-body -index-store-path /Users/aadityasingh/Library/Developer/Xcode/DerivedData/Chatlio-erkyzdeecsohoaggpwbjdvavzqfv/Index.noindex/DataStore @/Users/aadityasingh/Library/Developer/Xcode/DerivedData/Chatlio-erkyzdeecsohoaggpwbjdvavzqfv/Build/Intermediates.noindex/DTFoundation.build/Debug-iphonesimulator/DTFoundation.build/Objects-normal/x86_64/e6072d4f65d7061329687fe24e3d63a7-common-args.resp -MMD -MT dependencies -MF /Users/aadityasingh/Library/Developer/Xcode/DerivedData/Chatlio-erkyzdeecsohoaggpwbjdvavzqfv/Build/Intermediates.noindex/DTFoundation.build/Debug-iphonesimulator/DTFoundation.build/Objects-normal/x86_64/DTASN1Serialization.d --serialize-diagnostics /Users/aadityasingh/Library/Developer/Xcode/DerivedData/Chatlio-erkyzdeecsohoaggpwbjdvavzqfv/Build/Intermediates.noindex/DTFoundation.build/Debug-iphonesimulator/DTFoundation.build/Objects-normal/x86_64/DTASN1Serialization.dia -c /Users/aadityasingh/Library/Developer/Xcode/DerivedData/Chatlio-erkyzdeecsohoaggpwbjdvavzqfv/SourcePackages/checkouts/DTFoundation/Core/Source/DTASN1/DTASN1Serialization.m -o /Users/aadityasingh/Library/Developer/Xcode/DerivedData/Chatlio-erkyzdeecsohoaggpwbjdvavzqfv/Build/Intermediates.noindex/DTFoundation.build/Debug-iphonesimulator/DTFoundation.build/Objects-normal/x86_64/DTASN1Serialization.o -index-unit-output-path /DTFoundation.build/Debug-iphonesimulator/DTFoundation.build/Objects-normal/x86_64/DTASN1Serialization.o

ScanDependencies /Users/aadityasingh/Library/Developer/Xcode/DerivedData/Chatlio-erkyzdeecsohoaggpwbjdvavzqfv/Build/Intermediates.noindex/DTFoundation.build/Debug-iphonesimulator/DTFoundation.build/Objects-normal/x86_64/DTASN1Parser.o /Users/aadityasingh/Library/Developer/Xcode/DerivedData/Chatlio-erkyzdeecsohoaggpwbjdvavzqfv/SourcePackages/checkouts/DTFoundation/Core/Source/DTASN1/DTASN1Parser.m normal x86_64 objective-c com.apple.compilers.llvm.clang.1_0.compiler (in target 'DTFoundation' from project 'DTFoundation')
    cd /Users/aadityasingh/Documents/Development/element-x-ios/Chatlio.xcodeproj
    
    Using response file: /Users/aadityasingh/Library/Developer/Xcode/DerivedData/Chatlio-erkyzdeecsohoaggpwbjdvavzqfv/Build/Intermediates.noindex/DTFoundation.build/Debug-iphonesimulator/DTFoundation.build/Objects-normal/x86_64/e6072d4f65d7061329687fe24e3d63a7-common-args.resp
    
    builtin-ScanDependencies -o /Users/aadityasingh/Library/Developer/Xcode/DerivedData/Chatlio-erkyzdeecsohoaggpwbjdvavzqfv/Build/Intermediates.noindex/DTFoundation.build/Debug-iphonesimulator/DTFoundation.build/Objects-normal/x86_64/DTASN1Parser.o.scan -- /Applications/Xcode.app/Contents/Developer/Toolchains/XcodeDefault.xctoolchain/usr/bin/clang -x objective-c -ivfsstatcache /Users/aadityasingh/Library/Developer/Xcode/DerivedData/SDKStatCaches.noindex/iphonesimulator26.4-23E252-686eebb5dc1d8ecb277353a59184f4aa.sdkstatcache -target x86_64-apple-ios12.0-simulator -fmessage-length\=0 -fdiagnostics-show-note-include-stack -fmacro-backtrace-limit\=0 -fno-color-diagnostics -fmodules-prune-interval\=86400 -fmodules-prune-after\=345600 -fbuild-session-file\=/Users/aadityasingh/Library/Developer/Xcode/DerivedData/ModuleCache.noindex/Session.modulevalidation -fmodules-validate-once-per-build-session -Wnon-modular-include-in-framework-module -Werror\=non-modular-include-in-framework-module -Wno-trigraphs -Wno-missing-field-initializers -Wno-missing-prototypes -Wno-return-type -Wno-implicit-atomic-properties -Wno-objc-interface-ivars -Wno-arc-repeated-use-of-weak -Wno-missing-braces -Wparentheses -Wswitch -Wno-unused-function -Wno-unused-label -Wno-unused-parameter -Wno-unused-variable -Wunused-value -Wno-empty-body -Wno-uninitialized -Wno-unknown-pragmas -w -Wno-shadow -Wno-four-char-constants -Wno-conversion -Wno-constant-conversion -Wno-int-conversion -Wno-bool-conversion -Wno-enum-conversion -Wno-float-conversion -Wno-non-literal-null-conversion -Wno-objc-literal-conversion -Wshorten-64-to-32 -Wpointer-sign -Wno-newline-eof -Wno-selector -Wno-strict-selector-match -Wno-undeclared-selector -Wno-deprecated-implementations -Wno-implicit-fallthrough -isysroot /Applications/Xcode.app/Contents/Developer/Platforms/iPhoneSimulator.platform/Developer/SDKs/iPhoneSimulator26.4.sdk -fstrict-aliasing -Wprotocol -Wdeprecated-declarations -Wno-sign-conversion -Wno-infinite-recursion -Wno-comma -Wno-block-capture-autoreleasing -Wno-strict-prototypes -Wno-semicolon-before-method-body -index-store-path /Users/aadityasingh/Library/Developer/Xcode/DerivedData/Chatlio-erkyzdeecsohoaggpwbjdvavzqfv/Index.noindex/DataStore @/Users/aadityasingh/Library/Developer/Xcode/DerivedData/Chatlio-erkyzdeecsohoaggpwbjdvavzqfv/Build/Intermediates.noindex/DTFoundation.build/Debug-iphonesimulator/DTFoundation.build/Objects-normal/x86_64/e6072d4f65d7061329687fe24e3d63a7-common-args.resp -MMD -MT dependencies -MF /Users/aadityasingh/Library/Developer/Xcode/DerivedData/Chatlio-erkyzdeecsohoaggpwbjdvavzqfv/Build/Intermediates.noindex/DTFoundation.build/Debug-iphonesimulator/DTFoundation.build/Objects-normal/x86_64/DTASN1Parser.d --serialize-diagnostics /Users/aadityasingh/Library/Developer/Xcode/DerivedData/Chatlio-erkyzdeecsohoaggpwbjdvavzqfv/Build/Intermediates.noindex/DTFoundation.build/Debug-iphonesimulator/DTFoundation.build/Objects-normal/x86_64/DTASN1Parser.dia -c /Users/aadityasingh/Library/Developer/Xcode/DerivedData/Chatlio-erkyzdeecsohoaggpwbjdvavzqfv/SourcePackages/checkouts/DTFoundation/Core/Source/DTASN1/DTASN1Parser.m -o /Users/aadityasingh/Library/Developer/Xcode/DerivedData/Chatlio-erkyzdeecsohoaggpwbjdvavzqfv/Build/Intermediates.noindex/DTFoundation.build/Debug-iphonesimulator/DTFoundation.build/Objects-normal/x86_64/DTASN1Parser.o -index-unit-output-path /DTFoundation.build/Debug-iphonesimulator/DTFoundation.build/Objects-normal/x86_64/DTASN1Parser.o

PrecompileModule /Users/aadityasingh/Library/Developer/Xcode/DerivedData/Chatlio-erkyzdeecsohoaggpwbjdvavzqfv/Build/Intermediates.noindex/ExplicitPrecompiledModules/Darwin-44JFKAN7OMSWY8GI5K5VX3Q16.scan
    cd /
    builtin-precompileModule /Users/aadityasingh/Library/Developer/Xcode/DerivedData/Chatlio-erkyzdeecsohoaggpwbjdvavzqfv/Build/Intermediates.noindex/ExplicitPrecompiledModules/Darwin-44JFKAN7OMSWY8GI5K5VX3Q16.scan

ScanDependencies /Users/aadityasingh/Library/Developer/Xcode/DerivedData/Chatlio-erkyzdeecsohoaggpwbjdvavzqfv/Build/Intermediates.noindex/DTFoundation.build/Debug-iphonesimulator/DTFoundation.build/Objects-normal/x86_64/DTASN1BitString.o /Users/aadityasingh/Library/Developer/Xcode/DerivedData/Chatlio-erkyzdeecsohoaggpwbjdvavzqfv/SourcePackages/checkouts/DTFoundation/Core/Source/DTASN1/DTASN1BitString.m normal x86_64 objective-c com.apple.compilers.llvm.clang.1_0.compiler (in target 'DTFoundation' from project 'DTFoundation')
    cd /Users/aadityasingh/Documents/Development/element-x-ios/Chatlio.xcodeproj
    
    Using response file: /Users/aadityasingh/Library/Developer/Xcode/DerivedData/Chatlio-erkyzdeecsohoaggpwbjdvavzqfv/Build/Intermediates.noindex/DTFoundation.build/Debug-iphonesimulator/DTFoundation.build/Objects-normal/x86_64/e6072d4f65d7061329687fe24e3d63a7-common-args.resp
    
    builtin-ScanDependencies -o /Users/aadityasingh/Library/Developer/Xcode/DerivedData/Chatlio-erkyzdeecsohoaggpwbjdvavzqfv/Build/Intermediates.noindex/DTFoundation.build/Debug-iphonesimulator/DTFoundation.build/Objects-normal/x86_64/DTASN1BitString.o.scan -- /Applications/Xcode.app/Contents/Developer/Toolchains/XcodeDefault.xctoolchain/usr/bin/clang -x objective-c -ivfsstatcache /Users/aadityasingh/Library/Developer/Xcode/DerivedData/SDKStatCaches.noindex/iphonesimulator26.4-23E252-686eebb5dc1d8ecb277353a59184f4aa.sdkstatcache -target x86_64-apple-ios12.0-simulator -fmessage-length\=0 -fdiagnostics-show-note-include-stack -fmacro-backtrace-limit\=0 -fno-color-diagnostics -fmodules-prune-interval\=86400 -fmodules-prune-after\=345600 -fbuild-session-file\=/Users/aadityasingh/Library/Developer/Xcode/DerivedData/ModuleCache.noindex/Session.modulevalidation -fmodules-validate-once-per-build-session -Wnon-modular-include-in-framework-module -Werror\=non-modular-include-in-framework-module -Wno-trigraphs -Wno-missing-field-initializers -Wno-missing-prototypes -Wno-return-type -Wno-implicit-atomic-properties -Wno-objc-interface-ivars -Wno-arc-repeated-use-of-weak -Wno-missing-braces -Wparentheses -Wswitch -Wno-unused-function -Wno-unused-label -Wno-unused-parameter -Wno-unused-variable -Wunused-value -Wno-empty-body -Wno-uninitialized -Wno-unknown-pragmas -w -Wno-shadow -Wno-four-char-constants -Wno-conversion -Wno-constant-conversion -Wno-int-conversion -Wno-bool-conversion -Wno-enum-conversion -Wno-float-conversion -Wno-non-literal-null-conversion -Wno-objc-literal-conversion -Wshorten-64-to-32 -Wpointer-sign -Wno-newline-eof -Wno-selector -Wno-strict-selector-match -Wno-undeclared-selector -Wno-deprecated-implementations -Wno-implicit-fallthrough -isysroot /Applications/Xcode.app/Contents/Developer/Platforms/iPhoneSimulator.platform/Developer/SDKs/iPhoneSimulator26.4.sdk -fstrict-aliasing -Wprotocol -Wdeprecated-declarations -Wno-sign-conversion -Wno-infinite-recursion -Wno-comma -Wno-block-capture-autoreleasing -Wno-strict-prototypes -Wno-semicolon-before-method-body -index-store-path /Users/aadityasingh/Library/Developer/Xcode/DerivedData/Chatlio-erkyzdeecsohoaggpwbjdvavzqfv/Index.noindex/DataStore @/Users/aadityasingh/Library/Developer/Xcode/DerivedData/Chatlio-erkyzdeecsohoaggpwbjdvavzqfv/Build/Intermediates.noindex/DTFoundation.build/Debug-iphonesimulator/DTFoundation.build/Objects-normal/x86_64/e6072d4f65d7061329687fe24e3d63a7-common-args.resp -MMD -MT dependencies -MF /Users/aadityasingh/Library/Developer/Xcode/DerivedData/Chatlio-erkyzdeecsohoaggpwbjdvavzqfv/Build/Intermediates.noindex/DTFoundation.build/Debug-iphonesimulator/DTFoundation.build/Objects-normal/x86_64/DTASN1BitString.d --serialize-diagnostics /Users/aadityasingh/Library/Developer/Xcode/DerivedData/Chatlio-erkyzdeecsohoaggpwbjdvavzqfv/Build/Intermediates.noindex/DTFoundation.build/Debug-iphonesimulator/DTFoundation.build/Objects-normal/x86_64/DTASN1BitString.dia -c /Users/aadityasingh/Library/Developer/Xcode/DerivedData/Chatlio-erkyzdeecsohoaggpwbjdvavzqfv/SourcePackages/checkouts/DTFoundation/Core/Source/DTASN1/DTASN1BitString.m -o /Users/aadityasingh/Library/Developer/Xcode/DerivedData/Chatlio-erkyzdeecsohoaggpwbjdvavzqfv/Build/Intermediates.noindex/DTFoundation.build/Debug-iphonesimulator/DTFoundation.build/Objects-normal/x86_64/DTASN1BitString.o -index-unit-output-path /DTFoundation.build/Debug-iphonesimulator/DTFoundation.build/Objects-normal/x86_64/DTASN1BitString.o

ScanDependencies /Users/aadityasingh/Library/Developer/Xcode/DerivedData/Chatlio-erkyzdeecsohoaggpwbjdvavzqfv/Build/Intermediates.noindex/DTFoundation.build/Debug-iphonesimulator/DTFoundation.build/Objects-normal/arm64/zip.o /Users/aadityasingh/Library/Developer/Xcode/DerivedData/Chatlio-erkyzdeecsohoaggpwbjdvavzqfv/SourcePackages/checkouts/DTFoundation/Core/Source/Externals/minizip/zip.c normal arm64 c com.apple.compilers.llvm.clang.1_0.compiler (in target 'DTFoundation' from project 'DTFoundation')
    cd /Users/aadityasingh/Documents/Development/element-x-ios/Chatlio.xcodeproj
    
    Using response file: /Users/aadityasingh/Library/Developer/Xcode/DerivedData/Chatlio-erkyzdeecsohoaggpwbjdvavzqfv/Build/Intermediates.noindex/DTFoundation.build/Debug-iphonesimulator/DTFoundation.build/Objects-normal/arm64/7187679823f38a2a940e0043cdf9d637-common-args.resp
    
    builtin-ScanDependencies -o /Users/aadityasingh/Library/Developer/Xcode/DerivedData/Chatlio-erkyzdeecsohoaggpwbjdvavzqfv/Build/Intermediates.noindex/DTFoundation.build/Debug-iphonesimulator/DTFoundation.build/Objects-normal/arm64/zip.o.scan -- /Applications/Xcode.app/Contents/Developer/Toolchains/XcodeDefault.xctoolchain/usr/bin/clang -x c -ivfsstatcache /Users/aadityasingh/Library/Developer/Xcode/DerivedData/SDKStatCaches.noindex/iphonesimulator26.4-23E252-686eebb5dc1d8ecb277353a59184f4aa.sdkstatcache -target arm64-apple-ios12.0-simulator -fmessage-length\=0 -fdiagnostics-show-note-include-stack -fmacro-backtrace-limit\=0 -fno-color-diagnostics -fmodules-prune-interval\=86400 -fmodules-prune-after\=345600 -fbuild-session-file\=/Users/aadityasingh/Library/Developer/Xcode/DerivedData/ModuleCache.noindex/Session.modulevalidation -fmodules-validate-once-per-build-session -Wnon-modular-include-in-framework-module -Werror\=non-modular-include-in-framework-module -Wno-trigraphs -Wno-missing-field-initializers -Wno-missing-prototypes -Wno-return-type -Wno-missing-braces -Wparentheses -Wswitch -Wno-unused-function -Wno-unused-label -Wno-unused-parameter -Wno-unused-variable -Wunused-value -Wno-empty-body -Wno-uninitialized -Wno-unknown-pragmas -w -Wno-shadow -Wno-four-char-constants -Wno-conversion -Wno-constant-conversion -Wno-int-conversion -Wno-bool-conversion -Wno-enum-conversion -Wno-float-conversion -Wno-non-literal-null-conversion -Wno-objc-literal-conversion -Wshorten-64-to-32 -Wpointer-sign -Wno-newline-eof -Wno-implicit-fallthrough -isysroot /Applications/Xcode.app/Contents/Developer/Platforms/iPhoneSimulator.platform/Developer/SDKs/iPhoneSimulator26.4.sdk -fstrict-aliasing -Wdeprecated-declarations -Wno-sign-conversion -Wno-infinite-recursion -Wno-comma -Wno-block-capture-autoreleasing -Wno-strict-prototypes -Wno-semicolon-before-method-body -index-store-path /Users/aadityasingh/Library/Developer/Xcode/DerivedData/Chatlio-erkyzdeecsohoaggpwbjdvavzqfv/Index.noindex/DataStore @/Users/aadityasingh/Library/Developer/Xcode/DerivedData/Chatlio-erkyzdeecsohoaggpwbjdvavzqfv/Build/Intermediates.noindex/DTFoundation.build/Debug-iphonesimulator/DTFoundation.build/Objects-normal/arm64/7187679823f38a2a940e0043cdf9d637-common-args.resp -MMD -MT dependencies -MF /Users/aadityasingh/Library/Developer/Xcode/DerivedData/Chatlio-erkyzdeecsohoaggpwbjdvavzqfv/Build/Intermediates.noindex/DTFoundation.build/Debug-iphonesimulator/DTFoundation.build/Objects-normal/arm64/zip.d --serialize-diagnostics /Users/aadityasingh/Library/Developer/Xcode/DerivedData/Chatlio-erkyzdeecsohoaggpwbjdvavzqfv/Build/Intermediates.noindex/DTFoundation.build/Debug-iphonesimulator/DTFoundation.build/Objects-normal/arm64/zip.dia -c /Users/aadityasingh/Library/Developer/Xcode/DerivedData/Chatlio-erkyzdeecsohoaggpwbjdvavzqfv/SourcePackages/checkouts/DTFoundation/Core/Source/Externals/minizip/zip.c -o /Users/aadityasingh/Library/Developer/Xcode/DerivedData/Chatlio-erkyzdeecsohoaggpwbjdvavzqfv/Build/Intermediates.noindex/DTFoundation.build/Debug-iphonesimulator/DTFoundation.build/Objects-normal/arm64/zip.o -index-unit-output-path /DTFoundation.build/Debug-iphonesimulator/DTFoundation.build/Objects-normal/arm64/zip.o

ScanDependencies /Users/aadityasingh/Library/Developer/Xcode/DerivedData/Chatlio-erkyzdeecsohoaggpwbjdvavzqfv/Build/Intermediates.noindex/DTFoundation.build/Debug-iphonesimulator/DTFoundation.build/Objects-normal/arm64/unzip.o /Users/aadityasingh/Library/Developer/Xcode/DerivedData/Chatlio-erkyzdeecsohoaggpwbjdvavzqfv/SourcePackages/checkouts/DTFoundation/Core/Source/Externals/minizip/unzip.c normal arm64 c com.apple.compilers.llvm.clang.1_0.compiler (in target 'DTFoundation' from project 'DTFoundation')
    cd /Users/aadityasingh/Documents/Development/element-x-ios/Chatlio.xcodeproj
    
    Using response file: /Users/aadityasingh/Library/Developer/Xcode/DerivedData/Chatlio-erkyzdeecsohoaggpwbjdvavzqfv/Build/Intermediates.noindex/DTFoundation.build/Debug-iphonesimulator/DTFoundation.build/Objects-normal/arm64/7187679823f38a2a940e0043cdf9d637-common-args.resp
    
    builtin-ScanDependencies -o /Users/aadityasingh/Library/Developer/Xcode/DerivedData/Chatlio-erkyzdeecsohoaggpwbjdvavzqfv/Build/Intermediates.noindex/DTFoundation.build/Debug-iphonesimulator/DTFoundation.build/Objects-normal/arm64/unzip.o.scan -- /Applications/Xcode.app/Contents/Developer/Toolchains/XcodeDefault.xctoolchain/usr/bin/clang -x c -ivfsstatcache /Users/aadityasingh/Library/Developer/Xcode/DerivedData/SDKStatCaches.noindex/iphonesimulator26.4-23E252-686eebb5dc1d8ecb277353a59184f4aa.sdkstatcache -target arm64-apple-ios12.0-simulator -fmessage-length\=0 -fdiagnostics-show-note-include-stack -fmacro-backtrace-limit\=0 -fno-color-diagnostics -fmodules-prune-interval\=86400 -fmodules-prune-after\=345600 -fbuild-session-file\=/Users/aadityasingh/Library/Developer/Xcode/DerivedData/ModuleCache.noindex/Session.modulevalidation -fmodules-validate-once-per-build-session -Wnon-modular-include-in-framework-module -Werror\=non-modular-include-in-framework-module -Wno-trigraphs -Wno-missing-field-initializers -Wno-missing-prototypes -Wno-return-type -Wno-missing-braces -Wparentheses -Wswitch -Wno-unused-function -Wno-unused-label -Wno-unused-parameter -Wno-unused-variable -Wunused-value -Wno-empty-body -Wno-uninitialized -Wno-unknown-pragmas -w -Wno-shadow -Wno-four-char-constants -Wno-conversion -Wno-constant-conversion -Wno-int-conversion -Wno-bool-conversion -Wno-enum-conversion -Wno-float-conversion -Wno-non-literal-null-conversion -Wno-objc-literal-conversion -Wshorten-64-to-32 -Wpointer-sign -Wno-newline-eof -Wno-implicit-fallthrough -isysroot /Applications/Xcode.app/Contents/Developer/Platforms/iPhoneSimulator.platform/Developer/SDKs/iPhoneSimulator26.4.sdk -fstrict-aliasing -Wdeprecated-declarations -Wno-sign-conversion -Wno-infinite-recursion -Wno-comma -Wno-block-capture-autoreleasing -Wno-strict-prototypes -Wno-semicolon-before-method-body -index-store-path /Users/aadityasingh/Library/Developer/Xcode/DerivedData/Chatlio-erkyzdeecsohoaggpwbjdvavzqfv/Index.noindex/DataStore @/Users/aadityasingh/Library/Developer/Xcode/DerivedData/Chatlio-erkyzdeecsohoaggpwbjdvavzqfv/Build/Intermediates.noindex/DTFoundation.build/Debug-iphonesimulator/DTFoundation.build/Objects-normal/arm64/7187679823f38a2a940e0043cdf9d637-common-args.resp -MMD -MT dependencies -MF /Users/aadityasingh/Library/Developer/Xcode/DerivedData/Chatlio-erkyzdeecsohoaggpwbjdvavzqfv/Build/Intermediates.noindex/DTFoundation.build/Debug-iphonesimulator/DTFoundation.build/Objects-normal/arm64/unzip.d --serialize-diagnostics /Users/aadityasingh/Library/Developer/Xcode/DerivedData/Chatlio-erkyzdeecsohoaggpwbjdvavzqfv/Build/Intermediates.noindex/DTFoundation.build/Debug-iphonesimulator/DTFoundation.build/Objects-normal/arm64/unzip.dia -c /Users/aadityasingh/Library/Developer/Xcode/DerivedData/Chatlio-erkyzdeecsohoaggpwbjdvavzqfv/SourcePackages/checkouts/DTFoundation/Core/Source/Externals/minizip/unzip.c -o /Users/aadityasingh/Library/Developer/Xcode/DerivedData/Chatlio-erkyzdeecsohoaggpwbjdvavzqfv/Build/Intermediates.noindex/DTFoundation.build/Debug-iphonesimulator/DTFoundation.build/Objects-normal/arm64/unzip.o -index-unit-output-path /DTFoundation.build/Debug-iphonesimulator/DTFoundation.build/Objects-normal/arm64/unzip.o

ScanDependencies /Users/aadityasingh/Library/Developer/Xcode/DerivedData/Chatlio-erkyzdeecsohoaggpwbjdvavzqfv/Build/Intermediates.noindex/DTFoundation.build/Debug-iphonesimulator/DTFoundation.build/Objects-normal/arm64/mztools.o /Users/aadityasingh/Library/Developer/Xcode/DerivedData/Chatlio-erkyzdeecsohoaggpwbjdvavzqfv/SourcePackages/checkouts/DTFoundation/Core/Source/Externals/minizip/mztools.c normal arm64 c com.apple.compilers.llvm.clang.1_0.compiler (in target 'DTFoundation' from project 'DTFoundation')
    cd /Users/aadityasingh/Documents/Development/element-x-ios/Chatlio.xcodeproj
    
    Using response file: /Users/aadityasingh/Library/Developer/Xcode/DerivedData/Chatlio-erkyzdeecsohoaggpwbjdvavzqfv/Build/Intermediates.noindex/DTFoundation.build/Debug-iphonesimulator/DTFoundation.build/Objects-normal/arm64/7187679823f38a2a940e0043cdf9d637-common-args.resp
    
    builtin-ScanDependencies -o /Users/aadityasingh/Library/Developer/Xcode/DerivedData/Chatlio-erkyzdeecsohoaggpwbjdvavzqfv/Build/Intermediates.noindex/DTFoundation.build/Debug-iphonesimulator/DTFoundation.build/Objects-normal/arm64/mztools.o.scan -- /Applications/Xcode.app/Contents/Developer/Toolchains/XcodeDefault.xctoolchain/usr/bin/clang -x c -ivfsstatcache /Users/aadityasingh/Library/Developer/Xcode/DerivedData/SDKStatCaches.noindex/iphonesimulator26.4-23E252-686eebb5dc1d8ecb277353a59184f4aa.sdkstatcache -target arm64-apple-ios12.0-simulator -fmessage-length\=0 -fdiagnostics-show-note-include-stack -fmacro-backtrace-limit\=0 -fno-color-diagnostics -fmodules-prune-interval\=86400 -fmodules-prune-after\=345600 -fbuild-session-file\=/Users/aadityasingh/Library/Developer/Xcode/DerivedData/ModuleCache.noindex/Session.modulevalidation -fmodules-validate-once-per-build-session -Wnon-modular-include-in-framework-module -Werror\=non-modular-include-in-framework-module -Wno-trigraphs -Wno-missing-field-initializers -Wno-missing-prototypes -Wno-return-type -Wno-missing-braces -Wparentheses -Wswitch -Wno-unused-function -Wno-unused-label -Wno-unused-parameter -Wno-unused-variable -Wunused-value -Wno-empty-body -Wno-uninitialized -Wno-unknown-pragmas -w -Wno-shadow -Wno-four-char-constants -Wno-conversion -Wno-constant-conversion -Wno-int-conversion -Wno-bool-conversion -Wno-enum-conversion -Wno-float-conversion -Wno-non-literal-null-conversion -Wno-objc-literal-conversion -Wshorten-64-to-32 -Wpointer-sign -Wno-newline-eof -Wno-implicit-fallthrough -isysroot /Applications/Xcode.app/Contents/Developer/Platforms/iPhoneSimulator.platform/Developer/SDKs/iPhoneSimulator26.4.sdk -fstrict-aliasing -Wdeprecated-declarations -Wno-sign-conversion -Wno-infinite-recursion -Wno-comma -Wno-block-capture-autoreleasing -Wno-strict-prototypes -Wno-semicolon-before-method-body -index-store-path /Users/aadityasingh/Library/Developer/Xcode/DerivedData/Chatlio-erkyzdeecsohoaggpwbjdvavzqfv/Index.noindex/DataStore @/Users/aadityasingh/Library/Developer/Xcode/DerivedData/Chatlio-erkyzdeecsohoaggpwbjdvavzqfv/Build/Intermediates.noindex/DTFoundation.build/Debug-iphonesimulator/DTFoundation.build/Objects-normal/arm64/7187679823f38a2a940e0043cdf9d637-common-args.resp -MMD -MT dependencies -MF /Users/aadityasingh/Library/Developer/Xcode/DerivedData/Chatlio-erkyzdeecsohoaggpwbjdvavzqfv/Build/Intermediates.noindex/DTFoundation.build/Debug-iphonesimulator/DTFoundation.build/Objects-normal/arm64/mztools.d --serialize-diagnostics /Users/aadityasingh/Library/Developer/Xcode/DerivedData/Chatlio-erkyzdeecsohoaggpwbjdvavzqfv/Build/Intermediates.noindex/DTFoundation.build/Debug-iphonesimulator/DTFoundation.build/Objects-normal/arm64/mztools.dia -c /Users/aadityasingh/Library/Developer/Xcode/DerivedData/Chatlio-erkyzdeecsohoaggpwbjdvavzqfv/SourcePackages/checkouts/DTFoundation/Core/Source/Externals/minizip/mztools.c -o /Users/aadityasingh/Library/Developer/Xcode/DerivedData/Chatlio-erkyzdeecsohoaggpwbjdvavzqfv/Build/Intermediates.noindex/DTFoundation.build/Debug-iphonesimulator/DTFoundation.build/Objects-normal/arm64/mztools.o -index-unit-output-path /DTFoundation.build/Debug-iphonesimulator/DTFoundation.build/Objects-normal/arm64/mztools.o

ScanDependencies /Users/aadityasingh/Library/Developer/Xcode/DerivedData/Chatlio-erkyzdeecsohoaggpwbjdvavzqfv/Build/Intermediates.noindex/DTFoundation.build/Debug-iphonesimulator/DTFoundation.build/Objects-normal/arm64/ioapi.o /Users/aadityasingh/Library/Developer/Xcode/DerivedData/Chatlio-erkyzdeecsohoaggpwbjdvavzqfv/SourcePackages/checkouts/DTFoundation/Core/Source/Externals/minizip/ioapi.c normal arm64 c com.apple.compilers.llvm.clang.1_0.compiler (in target 'DTFoundation' from project 'DTFoundation')
    cd /Users/aadityasingh/Documents/Development/element-x-ios/Chatlio.xcodeproj
    
    Using response file: /Users/aadityasingh/Library/Developer/Xcode/DerivedData/Chatlio-erkyzdeecsohoaggpwbjdvavzqfv/Build/Intermediates.noindex/DTFoundation.build/Debug-iphonesimulator/DTFoundation.build/Objects-normal/arm64/7187679823f38a2a940e0043cdf9d637-common-args.resp
    
    builtin-ScanDependencies -o /Users/aadityasingh/Library/Developer/Xcode/DerivedData/Chatlio-erkyzdeecsohoaggpwbjdvavzqfv/Build/Intermediates.noindex/DTFoundation.build/Debug-iphonesimulator/DTFoundation.build/Objects-normal/arm64/ioapi.o.scan -- /Applications/Xcode.app/Contents/Developer/Toolchains/XcodeDefault.xctoolchain/usr/bin/clang -x c -ivfsstatcache /Users/aadityasingh/Library/Developer/Xcode/DerivedData/SDKStatCaches.noindex/iphonesimulator26.4-23E252-686eebb5dc1d8ecb277353a59184f4aa.sdkstatcache -target arm64-apple-ios12.0-simulator -fmessage-length\=0 -fdiagnostics-show-note-include-stack -fmacro-backtrace-limit\=0 -fno-color-diagnostics -fmodules-prune-interval\=86400 -fmodules-prune-after\=345600 -fbuild-session-file\=/Users/aadityasingh/Library/Developer/Xcode/DerivedData/ModuleCache.noindex/Session.modulevalidation -fmodules-validate-once-per-build-session -Wnon-modular-include-in-framework-module -Werror\=non-modular-include-in-framework-module -Wno-trigraphs -Wno-missing-field-initializers -Wno-missing-prototypes -Wno-return-type -Wno-missing-braces -Wparentheses -Wswitch -Wno-unused-function -Wno-unused-label -Wno-unused-parameter -Wno-unused-variable -Wunused-value -Wno-empty-body -Wno-uninitialized -Wno-unknown-pragmas -w -Wno-shadow -Wno-four-char-constants -Wno-conversion -Wno-constant-conversion -Wno-int-conversion -Wno-bool-conversion -Wno-enum-conversion -Wno-float-conversion -Wno-non-literal-null-conversion -Wno-objc-literal-conversion -Wshorten-64-to-32 -Wpointer-sign -Wno-newline-eof -Wno-implicit-fallthrough -isysroot /Applications/Xcode.app/Contents/Developer/Platforms/iPhoneSimulator.platform/Developer/SDKs/iPhoneSimulator26.4.sdk -fstrict-aliasing -Wdeprecated-declarations -Wno-sign-conversion -Wno-infinite-recursion -Wno-comma -Wno-block-capture-autoreleasing -Wno-strict-prototypes -Wno-semicolon-before-method-body -index-store-path /Users/aadityasingh/Library/Developer/Xcode/DerivedData/Chatlio-erkyzdeecsohoaggpwbjdvavzqfv/Index.noindex/DataStore @/Users/aadityasingh/Library/Developer/Xcode/DerivedData/Chatlio-erkyzdeecsohoaggpwbjdvavzqfv/Build/Intermediates.noindex/DTFoundation.build/Debug-iphonesimulator/DTFoundation.build/Objects-normal/arm64/7187679823f38a2a940e0043cdf9d637-common-args.resp -MMD -MT dependencies -MF /Users/aadityasingh/Library/Developer/Xcode/DerivedData/Chatlio-erkyzdeecsohoaggpwbjdvavzqfv/Build/Intermediates.noindex/DTFoundation.build/Debug-iphonesimulator/DTFoundation.build/Objects-normal/arm64/ioapi.d --serialize-diagnostics /Users/aadityasingh/Library/Developer/Xcode/DerivedData/Chatlio-erkyzdeecsohoaggpwbjdvavzqfv/Build/Intermediates.noindex/DTFoundation.build/Debug-iphonesimulator/DTFoundation.build/Objects-normal/arm64/ioapi.dia -c /Users/aadityasingh/Library/Developer/Xcode/DerivedData/Chatlio-erkyzdeecsohoaggpwbjdvavzqfv/SourcePackages/checkouts/DTFoundation/Core/Source/Externals/minizip/ioapi.c -o /Users/aadityasingh/Library/Developer/Xcode/DerivedData/Chatlio-erkyzdeecsohoaggpwbjdvavzqfv/Build/Intermediates.noindex/DTFoundation.build/Debug-iphonesimulator/DTFoundation.build/Objects-normal/arm64/ioapi.o -index-unit-output-path /DTFoundation.build/Debug-iphonesimulator/DTFoundation.build/Objects-normal/arm64/ioapi.o

ScanDependencies /Users/aadityasingh/Library/Developer/Xcode/DerivedData/Chatlio-erkyzdeecsohoaggpwbjdvavzqfv/Build/Intermediates.noindex/DTFoundation.build/Debug-iphonesimulator/DTFoundation.build/Objects-normal/arm64/UIViewController+DTSidePanelController.o /Users/aadityasingh/Library/Developer/Xcode/DerivedData/Chatlio-erkyzdeecsohoaggpwbjdvavzqfv/SourcePackages/checkouts/DTFoundation/Core/Source/iOS/DTSidePanel/UIViewController+DTSidePanelController.m normal arm64 objective-c com.apple.compilers.llvm.clang.1_0.compiler (in target 'DTFoundation' from project 'DTFoundation')
    cd /Users/aadityasingh/Documents/Development/element-x-ios/Chatlio.xcodeproj
    
    Using response file: /Users/aadityasingh/Library/Developer/Xcode/DerivedData/Chatlio-erkyzdeecsohoaggpwbjdvavzqfv/Build/Intermediates.noindex/DTFoundation.build/Debug-iphonesimulator/DTFoundation.build/Objects-normal/arm64/e6072d4f65d7061329687fe24e3d63a7-common-args.resp
    
    builtin-ScanDependencies -o /Users/aadityasingh/Library/Developer/Xcode/DerivedData/Chatlio-erkyzdeecsohoaggpwbjdvavzqfv/Build/Intermediates.noindex/DTFoundation.build/Debug-iphonesimulator/DTFoundation.build/Objects-normal/arm64/UIViewController+DTSidePanelController.o.scan -- /Applications/Xcode.app/Contents/Developer/Toolchains/XcodeDefault.xctoolchain/usr/bin/clang -x objective-c -ivfsstatcache /Users/aadityasingh/Library/Developer/Xcode/DerivedData/SDKStatCaches.noindex/iphonesimulator26.4-23E252-686eebb5dc1d8ecb277353a59184f4aa.sdkstatcache -target arm64-apple-ios12.0-simulator -fmessage-length\=0 -fdiagnostics-show-note-include-stack -fmacro-backtrace-limit\=0 -fno-color-diagnostics -fmodules-prune-interval\=86400 -fmodules-prune-after\=345600 -fbuild-session-file\=/Users/aadityasingh/Library/Developer/Xcode/DerivedData/ModuleCache.noindex/Session.modulevalidation -fmodules-validate-once-per-build-session -Wnon-modular-include-in-framework-module -Werror\=non-modular-include-in-framework-module -Wno-trigraphs -Wno-missing-field-initializers -Wno-missing-prototypes -Wno-return-type -Wno-implicit-atomic-properties -Wno-objc-interface-ivars -Wno-arc-repeated-use-of-weak -Wno-missing-braces -Wparentheses -Wswitch -Wno-unused-function -Wno-unused-label -Wno-unused-parameter -Wno-unused-variable -Wunused-value -Wno-empty-body -Wno-uninitialized -Wno-unknown-pragmas -w -Wno-shadow -Wno-four-char-constants -Wno-conversion -Wno-constant-conversion -Wno-int-conversion -Wno-bool-conversion -Wno-enum-conversion -Wno-float-conversion -Wno-non-literal-null-conversion -Wno-objc-literal-conversion -Wshorten-64-to-32 -Wpointer-sign -Wno-newline-eof -Wno-selector -Wno-strict-selector-match -Wno-undeclared-selector -Wno-deprecated-implementations -Wno-implicit-fallthrough -isysroot /Applications/Xcode.app/Contents/Developer/Platforms/iPhoneSimulator.platform/Developer/SDKs/iPhoneSimulator26.4.sdk -fstrict-aliasing -Wprotocol -Wdeprecated-declarations -Wno-sign-conversion -Wno-infinite-recursion -Wno-comma -Wno-block-capture-autoreleasing -Wno-strict-prototypes -Wno-semicolon-before-method-body -index-store-path /Users/aadityasingh/Library/Developer/Xcode/DerivedData/Chatlio-erkyzdeecsohoaggpwbjdvavzqfv/Index.noindex/DataStore @/Users/aadityasingh/Library/Developer/Xcode/DerivedData/Chatlio-erkyzdeecsohoaggpwbjdvavzqfv/Build/Intermediates.noindex/DTFoundation.build/Debug-iphonesimulator/DTFoundation.build/Objects-normal/arm64/e6072d4f65d7061329687fe24e3d63a7-common-args.resp -MMD -MT dependencies -MF /Users/aadityasingh/Library/Developer/Xcode/DerivedData/Chatlio-erkyzdeecsohoaggpwbjdvavzqfv/Build/Intermediates.noindex/DTFoundation.build/Debug-iphonesimulator/DTFoundation.build/Objects-normal/arm64/UIViewController+DTSidePanelController.d --serialize-diagnostics /Users/aadityasingh/Library/Developer/Xcode/DerivedData/Chatlio-erkyzdeecsohoaggpwbjdvavzqfv/Build/Intermediates.noindex/DTFoundation.build/Debug-iphonesimulator/DTFoundation.build/Objects-normal/arm64/UIViewController+DTSidePanelController.dia -c /Users/aadityasingh/Library/Developer/Xcode/DerivedData/Chatlio-erkyzdeecsohoaggpwbjdvavzqfv/SourcePackages/checkouts/DTFoundation/Core/Source/iOS/DTSidePanel/UIViewController+DTSidePanelController.m -o /Users/aadityasingh/Library/Developer/Xcode/DerivedData/Chatlio-erkyzdeecsohoaggpwbjdvavzqfv/Build/Intermediates.noindex/DTFoundation.build/Debug-iphonesimulator/DTFoundation.build/Objects-normal/arm64/UIViewController+DTSidePanelController.o -index-unit-output-path /DTFoundation.build/Debug-iphonesimulator/DTFoundation.build/Objects-normal/arm64/UIViewController+DTSidePanelController.o

ScanDependencies /Users/aadityasingh/Library/Developer/Xcode/DerivedData/Chatlio-erkyzdeecsohoaggpwbjdvavzqfv/Build/Intermediates.noindex/DTFoundation.build/Debug-iphonesimulator/DTFoundation.build/Objects-normal/arm64/UIView+DTFoundation.o /Users/aadityasingh/Library/Developer/Xcode/DerivedData/Chatlio-erkyzdeecsohoaggpwbjdvavzqfv/SourcePackages/checkouts/DTFoundation/Core/Source/iOS/UIView+DTFoundation.m normal arm64 objective-c com.apple.compilers.llvm.clang.1_0.compiler (in target 'DTFoundation' from project 'DTFoundation')
    cd /Users/aadityasingh/Documents/Development/element-x-ios/Chatlio.xcodeproj
    
    Using response file: /Users/aadityasingh/Library/Developer/Xcode/DerivedData/Chatlio-erkyzdeecsohoaggpwbjdvavzqfv/Build/Intermediates.noindex/DTFoundation.build/Debug-iphonesimulator/DTFoundation.build/Objects-normal/arm64/e6072d4f65d7061329687fe24e3d63a7-common-args.resp
    
    builtin-ScanDependencies -o /Users/aadityasingh/Library/Developer/Xcode/DerivedData/Chatlio-erkyzdeecsohoaggpwbjdvavzqfv/Build/Intermediates.noindex/DTFoundation.build/Debug-iphonesimulator/DTFoundation.build/Objects-normal/arm64/UIView+DTFoundation.o.scan -- /Applications/Xcode.app/Contents/Developer/Toolchains/XcodeDefault.xctoolchain/usr/bin/clang -x objective-c -ivfsstatcache /Users/aadityasingh/Library/Developer/Xcode/DerivedData/SDKStatCaches.noindex/iphonesimulator26.4-23E252-686eebb5dc1d8ecb277353a59184f4aa.sdkstatcache -target arm64-apple-ios12.0-simulator -fmessage-length\=0 -fdiagnostics-show-note-include-stack -fmacro-backtrace-limit\=0 -fno-color-diagnostics -fmodules-prune-interval\=86400 -fmodules-prune-after\=345600 -fbuild-session-file\=/Users/aadityasingh/Library/Developer/Xcode/DerivedData/ModuleCache.noindex/Session.modulevalidation -fmodules-validate-once-per-build-session -Wnon-modular-include-in-framework-module -Werror\=non-modular-include-in-framework-module -Wno-trigraphs -Wno-missing-field-initializers -Wno-missing-prototypes -Wno-return-type -Wno-implicit-atomic-properties -Wno-objc-interface-ivars -Wno-arc-repeated-use-of-weak -Wno-missing-braces -Wparentheses -Wswitch -Wno-unused-function -Wno-unused-label -Wno-unused-parameter -Wno-unused-variable -Wunused-value -Wno-empty-body -Wno-uninitialized -Wno-unknown-pragmas -w -Wno-shadow -Wno-four-char-constants -Wno-conversion -Wno-constant-conversion -Wno-int-conversion -Wno-bool-conversion -Wno-enum-conversion -Wno-float-conversion -Wno-non-literal-null-conversion -Wno-objc-literal-conversion -Wshorten-64-to-32 -Wpointer-sign -Wno-newline-eof -Wno-selector -Wno-strict-selector-match -Wno-undeclared-selector -Wno-deprecated-implementations -Wno-implicit-fallthrough -isysroot /Applications/Xcode.app/Contents/Developer/Platforms/iPhoneSimulator.platform/Developer/SDKs/iPhoneSimulator26.4.sdk -fstrict-aliasing -Wprotocol -Wdeprecated-declarations -Wno-sign-conversion -Wno-infinite-recursion -Wno-comma -Wno-block-capture-autoreleasing -Wno-strict-prototypes -Wno-semicolon-before-method-body -index-store-path /Users/aadityasingh/Library/Developer/Xcode/DerivedData/Chatlio-erkyzdeecsohoaggpwbjdvavzqfv/Index.noindex/DataStore @/Users/aadityasingh/Library/Developer/Xcode/DerivedData/Chatlio-erkyzdeecsohoaggpwbjdvavzqfv/Build/Intermediates.noindex/DTFoundation.build/Debug-iphonesimulator/DTFoundation.build/Objects-normal/arm64/e6072d4f65d7061329687fe24e3d63a7-common-args.resp -MMD -MT dependencies -MF /Users/aadityasingh/Library/Developer/Xcode/DerivedData/Chatlio-erkyzdeecsohoaggpwbjdvavzqfv/Build/Intermediates.noindex/DTFoundation.build/Debug-iphonesimulator/DTFoundation.build/Objects-normal/arm64/UIView+DTFoundation.d --serialize-diagnostics /Users/aadityasingh/Library/Developer/Xcode/DerivedData/Chatlio-erkyzdeecsohoaggpwbjdvavzqfv/Build/Intermediates.noindex/DTFoundation.build/Debug-iphonesimulator/DTFoundation.build/Objects-normal/arm64/UIView+DTFoundation.dia -c /Users/aadityasingh/Library/Developer/Xcode/DerivedData/Chatlio-erkyzdeecsohoaggpwbjdvavzqfv/SourcePackages/checkouts/DTFoundation/Core/Source/iOS/UIView+DTFoundation.m -o /Users/aadityasingh/Library/Developer/Xcode/DerivedData/Chatlio-erkyzdeecsohoaggpwbjdvavzqfv/Build/Intermediates.noindex/DTFoundation.build/Debug-iphonesimulator/DTFoundation.build/Objects-normal/arm64/UIView+DTFoundation.o -index-unit-output-path /DTFoundation.build/Debug-iphonesimulator/DTFoundation.build/Objects-normal/arm64/UIView+DTFoundation.o

ScanDependencies /Users/aadityasingh/Library/Developer/Xcode/DerivedData/Chatlio-erkyzdeecsohoaggpwbjdvavzqfv/Build/Intermediates.noindex/DTFoundation.build/Debug-iphonesimulator/DTFoundation.build/Objects-normal/arm64/UIView+DTDebug.o /Users/aadityasingh/Library/Developer/Xcode/DerivedData/Chatlio-erkyzdeecsohoaggpwbjdvavzqfv/SourcePackages/checkouts/DTFoundation/Core/Source/iOS/Debug/UIView+DTDebug.m normal arm64 objective-c com.apple.compilers.llvm.clang.1_0.compiler (in target 'DTFoundation' from project 'DTFoundation')
    cd /Users/aadityasingh/Documents/Development/element-x-ios/Chatlio.xcodeproj
    
    Using response file: /Users/aadityasingh/Library/Developer/Xcode/DerivedData/Chatlio-erkyzdeecsohoaggpwbjdvavzqfv/Build/Intermediates.noindex/DTFoundation.build/Debug-iphonesimulator/DTFoundation.build/Objects-normal/arm64/e6072d4f65d7061329687fe24e3d63a7-common-args.resp
    
    builtin-ScanDependencies -o /Users/aadityasingh/Library/Developer/Xcode/DerivedData/Chatlio-erkyzdeecsohoaggpwbjdvavzqfv/Build/Intermediates.noindex/DTFoundation.build/Debug-iphonesimulator/DTFoundation.build/Objects-normal/arm64/UIView+DTDebug.o.scan -- /Applications/Xcode.app/Contents/Developer/Toolchains/XcodeDefault.xctoolchain/usr/bin/clang -x objective-c -ivfsstatcache /Users/aadityasingh/Library/Developer/Xcode/DerivedData/SDKStatCaches.noindex/iphonesimulator26.4-23E252-686eebb5dc1d8ecb277353a59184f4aa.sdkstatcache -target arm64-apple-ios12.0-simulator -fmessage-length\=0 -fdiagnostics-show-note-include-stack -fmacro-backtrace-limit\=0 -fno-color-diagnostics -fmodules-prune-interval\=86400 -fmodules-prune-after\=345600 -fbuild-session-file\=/Users/aadityasingh/Library/Developer/Xcode/DerivedData/ModuleCache.noindex/Session.modulevalidation -fmodules-validate-once-per-build-session -Wnon-modular-include-in-framework-module -Werror\=non-modular-include-in-framework-module -Wno-trigraphs -Wno-missing-field-initializers -Wno-missing-prototypes -Wno-return-type -Wno-implicit-atomic-properties -Wno-objc-interface-ivars -Wno-arc-repeated-use-of-weak -Wno-missing-braces -Wparentheses -Wswitch -Wno-unused-function -Wno-unused-label -Wno-unused-parameter -Wno-unused-variable -Wunused-value -Wno-empty-body -Wno-uninitialized -Wno-unknown-pragmas -w -Wno-shadow -Wno-four-char-constants -Wno-conversion -Wno-constant-conversion -Wno-int-conversion -Wno-bool-conversion -Wno-enum-conversion -Wno-float-conversion -Wno-non-literal-null-conversion -Wno-objc-literal-conversion -Wshorten-64-to-32 -Wpointer-sign -Wno-newline-eof -Wno-selector -Wno-strict-selector-match -Wno-undeclared-selector -Wno-deprecated-implementations -Wno-implicit-fallthrough -isysroot /Applications/Xcode.app/Contents/Developer/Platforms/iPhoneSimulator.platform/Developer/SDKs/iPhoneSimulator26.4.sdk -fstrict-aliasing -Wprotocol -Wdeprecated-declarations -Wno-sign-conversion -Wno-infinite-recursion -Wno-comma -Wno-block-capture-autoreleasing -Wno-strict-prototypes -Wno-semicolon-before-method-body -index-store-path /Users/aadityasingh/Library/Developer/Xcode/DerivedData/Chatlio-erkyzdeecsohoaggpwbjdvavzqfv/Index.noindex/DataStore @/Users/aadityasingh/Library/Developer/Xcode/DerivedData/Chatlio-erkyzdeecsohoaggpwbjdvavzqfv/Build/Intermediates.noindex/DTFoundation.build/Debug-iphonesimulator/DTFoundation.build/Objects-normal/arm64/e6072d4f65d7061329687fe24e3d63a7-common-args.resp -MMD -MT dependencies -MF /Users/aadityasingh/Library/Developer/Xcode/DerivedData/Chatlio-erkyzdeecsohoaggpwbjdvavzqfv/Build/Intermediates.noindex/DTFoundation.build/Debug-iphonesimulator/DTFoundation.build/Objects-normal/arm64/UIView+DTDebug.d --serialize-diagnostics /Users/aadityasingh/Library/Developer/Xcode/DerivedData/Chatlio-erkyzdeecsohoaggpwbjdvavzqfv/Build/Intermediates.noindex/DTFoundation.build/Debug-iphonesimulator/DTFoundation.build/Objects-normal/arm64/UIView+DTDebug.dia -c /Users/aadityasingh/Library/Developer/Xcode/DerivedData/Chatlio-erkyzdeecsohoaggpwbjdvavzqfv/SourcePackages/checkouts/DTFoundation/Core/Source/iOS/Debug/UIView+DTDebug.m -o /Users/aadityasingh/Library/Developer/Xcode/DerivedData/Chatlio-erkyzdeecsohoaggpwbjdvavzqfv/Build/Intermediates.noindex/DTFoundation.build/Debug-iphonesimulator/DTFoundation.build/Objects-normal/arm64/UIView+DTDebug.o -index-unit-output-path /DTFoundation.build/Debug-iphonesimulator/DTFoundation.build/Objects-normal/arm64/UIView+DTDebug.o

ScanDependencies /Users/aadityasingh/Library/Developer/Xcode/DerivedData/Chatlio-erkyzdeecsohoaggpwbjdvavzqfv/Build/Intermediates.noindex/DTFoundation.build/Debug-iphonesimulator/DTFoundation.build/Objects-normal/arm64/UIView+DTActionHandlers.o /Users/aadityasingh/Library/Developer/Xcode/DerivedData/Chatlio-erkyzdeecsohoaggpwbjdvavzqfv/SourcePackages/checkouts/DTFoundation/Core/Source/iOS/BlocksAdditions/UIView+DTActionHandlers.m normal arm64 objective-c com.apple.compilers.llvm.clang.1_0.compiler (in target 'DTFoundation' from project 'DTFoundation')
    cd /Users/aadityasingh/Documents/Development/element-x-ios/Chatlio.xcodeproj
    
    Using response file: /Users/aadityasingh/Library/Developer/Xcode/DerivedData/Chatlio-erkyzdeecsohoaggpwbjdvavzqfv/Build/Intermediates.noindex/DTFoundation.build/Debug-iphonesimulator/DTFoundation.build/Objects-normal/arm64/e6072d4f65d7061329687fe24e3d63a7-common-args.resp
    
    builtin-ScanDependencies -o /Users/aadityasingh/Library/Developer/Xcode/DerivedData/Chatlio-erkyzdeecsohoaggpwbjdvavzqfv/Build/Intermediates.noindex/DTFoundation.build/Debug-iphonesimulator/DTFoundation.build/Objects-normal/arm64/UIView+DTActionHandlers.o.scan -- /Applications/Xcode.app/Contents/Developer/Toolchains/XcodeDefault.xctoolchain/usr/bin/clang -x objective-c -ivfsstatcache /Users/aadityasingh/Library/Developer/Xcode/DerivedData/SDKStatCaches.noindex/iphonesimulator26.4-23E252-686eebb5dc1d8ecb277353a59184f4aa.sdkstatcache -target arm64-apple-ios12.0-simulator -fmessage-length\=0 -fdiagnostics-show-note-include-stack -fmacro-backtrace-limit\=0 -fno-color-diagnostics -fmodules-prune-interval\=86400 -fmodules-prune-after\=345600 -fbuild-session-file\=/Users/aadityasingh/Library/Developer/Xcode/DerivedData/ModuleCache.noindex/Session.modulevalidation -fmodules-validate-once-per-build-session -Wnon-modular-include-in-framework-module -Werror\=non-modular-include-in-framework-module -Wno-trigraphs -Wno-missing-field-initializers -Wno-missing-prototypes -Wno-return-type -Wno-implicit-atomic-properties -Wno-objc-interface-ivars -Wno-arc-repeated-use-of-weak -Wno-missing-braces -Wparentheses -Wswitch -Wno-unused-function -Wno-unused-label -Wno-unused-parameter -Wno-unused-variable -Wunused-value -Wno-empty-body -Wno-uninitialized -Wno-unknown-pragmas -w -Wno-shadow -Wno-four-char-constants -Wno-conversion -Wno-constant-conversion -Wno-int-conversion -Wno-bool-conversion -Wno-enum-conversion -Wno-float-conversion -Wno-non-literal-null-conversion -Wno-objc-literal-conversion -Wshorten-64-to-32 -Wpointer-sign -Wno-newline-eof -Wno-selector -Wno-strict-selector-match -Wno-undeclared-selector -Wno-deprecated-implementations -Wno-implicit-fallthrough -isysroot /Applications/Xcode.app/Contents/Developer/Platforms/iPhoneSimulator.platform/Developer/SDKs/iPhoneSimulator26.4.sdk -fstrict-aliasing -Wprotocol -Wdeprecated-declarations -Wno-sign-conversion -Wno-infinite-recursion -Wno-comma -Wno-block-capture-autoreleasing -Wno-strict-prototypes -Wno-semicolon-before-method-body -index-store-path /Users/aadityasingh/Library/Developer/Xcode/DerivedData/Chatlio-erkyzdeecsohoaggpwbjdvavzqfv/Index.noindex/DataStore @/Users/aadityasingh/Library/Developer/Xcode/DerivedData/Chatlio-erkyzdeecsohoaggpwbjdvavzqfv/Build/Intermediates.noindex/DTFoundation.build/Debug-iphonesimulator/DTFoundation.build/Objects-normal/arm64/e6072d4f65d7061329687fe24e3d63a7-common-args.resp -MMD -MT dependencies -MF /Users/aadityasingh/Library/Developer/Xcode/DerivedData/Chatlio-erkyzdeecsohoaggpwbjdvavzqfv/Build/Intermediates.noindex/DTFoundation.build/Debug-iphonesimulator/DTFoundation.build/Objects-normal/arm64/UIView+DTActionHandlers.d --serialize-diagnostics /Users/aadityasingh/Library/Developer/Xcode/DerivedData/Chatlio-erkyzdeecsohoaggpwbjdvavzqfv/Build/Intermediates.noindex/DTFoundation.build/Debug-iphonesimulator/DTFoundation.build/Objects-normal/arm64/UIView+DTActionHandlers.dia -c /Users/aadityasingh/Library/Developer/Xcode/DerivedData/Chatlio-erkyzdeecsohoaggpwbjdvavzqfv/SourcePackages/checkouts/DTFoundation/Core/Source/iOS/BlocksAdditions/UIView+DTActionHandlers.m -o /Users/aadityasingh/Library/Developer/Xcode/DerivedData/Chatlio-erkyzdeecsohoaggpwbjdvavzqfv/Build/Intermediates.noindex/DTFoundation.build/Debug-iphonesimulator/DTFoundation.build/Objects-normal/arm64/UIView+DTActionHandlers.o -index-unit-output-path /DTFoundation.build/Debug-iphonesimulator/DTFoundation.build/Objects-normal/arm64/UIView+DTActionHandlers.o

ScanDependencies /Users/aadityasingh/Library/Developer/Xcode/DerivedData/Chatlio-erkyzdeecsohoaggpwbjdvavzqfv/Build/Intermediates.noindex/DTFoundation.build/Debug-iphonesimulator/DTFoundation.build/Objects-normal/arm64/UIScreen+DTFoundation.o /Users/aadityasingh/Library/Developer/Xcode/DerivedData/Chatlio-erkyzdeecsohoaggpwbjdvavzqfv/SourcePackages/checkouts/DTFoundation/Core/Source/iOS/UIScreen+DTFoundation.m normal arm64 objective-c com.apple.compilers.llvm.clang.1_0.compiler (in target 'DTFoundation' from project 'DTFoundation')
    cd /Users/aadityasingh/Documents/Development/element-x-ios/Chatlio.xcodeproj
    
    Using response file: /Users/aadityasingh/Library/Developer/Xcode/DerivedData/Chatlio-erkyzdeecsohoaggpwbjdvavzqfv/Build/Intermediates.noindex/DTFoundation.build/Debug-iphonesimulator/DTFoundation.build/Objects-normal/arm64/e6072d4f65d7061329687fe24e3d63a7-common-args.resp
    
    builtin-ScanDependencies -o /Users/aadityasingh/Library/Developer/Xcode/DerivedData/Chatlio-erkyzdeecsohoaggpwbjdvavzqfv/Build/Intermediates.noindex/DTFoundation.build/Debug-iphonesimulator/DTFoundation.build/Objects-normal/arm64/UIScreen+DTFoundation.o.scan -- /Applications/Xcode.app/Contents/Developer/Toolchains/XcodeDefault.xctoolchain/usr/bin/clang -x objective-c -ivfsstatcache /Users/aadityasingh/Library/Developer/Xcode/DerivedData/SDKStatCaches.noindex/iphonesimulator26.4-23E252-686eebb5dc1d8ecb277353a59184f4aa.sdkstatcache -target arm64-apple-ios12.0-simulator -fmessage-length\=0 -fdiagnostics-show-note-include-stack -fmacro-backtrace-limit\=0 -fno-color-diagnostics -fmodules-prune-interval\=86400 -fmodules-prune-after\=345600 -fbuild-session-file\=/Users/aadityasingh/Library/Developer/Xcode/DerivedData/ModuleCache.noindex/Session.modulevalidation -fmodules-validate-once-per-build-session -Wnon-modular-include-in-framework-module -Werror\=non-modular-include-in-framework-module -Wno-trigraphs -Wno-missing-field-initializers -Wno-missing-prototypes -Wno-return-type -Wno-implicit-atomic-properties -Wno-objc-interface-ivars -Wno-arc-repeated-use-of-weak -Wno-missing-braces -Wparentheses -Wswitch -Wno-unused-function -Wno-unused-label -Wno-unused-parameter -Wno-unused-variable -Wunused-value -Wno-empty-body -Wno-uninitialized -Wno-unknown-pragmas -w -Wno-shadow -Wno-four-char-constants -Wno-conversion -Wno-constant-conversion -Wno-int-conversion -Wno-bool-conversion -Wno-enum-conversion -Wno-float-conversion -Wno-non-literal-null-conversion -Wno-objc-literal-conversion -Wshorten-64-to-32 -Wpointer-sign -Wno-newline-eof -Wno-selector -Wno-strict-selector-match -Wno-undeclared-selector -Wno-deprecated-implementations -Wno-implicit-fallthrough -isysroot /Applications/Xcode.app/Contents/Developer/Platforms/iPhoneSimulator.platform/Developer/SDKs/iPhoneSimulator26.4.sdk -fstrict-aliasing -Wprotocol -Wdeprecated-declarations -Wno-sign-conversion -Wno-infinite-recursion -Wno-comma -Wno-block-capture-autoreleasing -Wno-strict-prototypes -Wno-semicolon-before-method-body -index-store-path /Users/aadityasingh/Library/Developer/Xcode/DerivedData/Chatlio-erkyzdeecsohoaggpwbjdvavzqfv/Index.noindex/DataStore @/Users/aadityasingh/Library/Developer/Xcode/DerivedData/Chatlio-erkyzdeecsohoaggpwbjdvavzqfv/Build/Intermediates.noindex/DTFoundation.build/Debug-iphonesimulator/DTFoundation.build/Objects-normal/arm64/e6072d4f65d7061329687fe24e3d63a7-common-args.resp -MMD -MT dependencies -MF /Users/aadityasingh/Library/Developer/Xcode/DerivedData/Chatlio-erkyzdeecsohoaggpwbjdvavzqfv/Build/Intermediates.noindex/DTFoundation.build/Debug-iphonesimulator/DTFoundation.build/Objects-normal/arm64/UIScreen+DTFoundation.d --serialize-diagnostics /Users/aadityasingh/Library/Developer/Xcode/DerivedData/Chatlio-erkyzdeecsohoaggpwbjdvavzqfv/Build/Intermediates.noindex/DTFoundation.build/Debug-iphonesimulator/DTFoundation.build/Objects-normal/arm64/UIScreen+DTFoundation.dia -c /Users/aadityasingh/Library/Developer/Xcode/DerivedData/Chatlio-erkyzdeecsohoaggpwbjdvavzqfv/SourcePackages/checkouts/DTFoundation/Core/Source/iOS/UIScreen+DTFoundation.m -o /Users/aadityasingh/Library/Developer/Xcode/DerivedData/Chatlio-erkyzdeecsohoaggpwbjdvavzqfv/Build/Intermediates.noindex/DTFoundation.build/Debug-iphonesimulator/DTFoundation.build/Objects-normal/arm64/UIScreen+DTFoundation.o -index-unit-output-path /DTFoundation.build/Debug-iphonesimulator/DTFoundation.build/Objects-normal/arm64/UIScreen+DTFoundation.o

ScanDependencies /Users/aadityasingh/Library/Developer/Xcode/DerivedData/Chatlio-erkyzdeecsohoaggpwbjdvavzqfv/Build/Intermediates.noindex/DTFoundation.build/Debug-iphonesimulator/DTFoundation.build/Objects-normal/arm64/UIImage+DTFoundation.o /Users/aadityasingh/Library/Developer/Xcode/DerivedData/Chatlio-erkyzdeecsohoaggpwbjdvavzqfv/SourcePackages/checkouts/DTFoundation/Core/Source/iOS/UIImage+DTFoundation.m normal arm64 objective-c com.apple.compilers.llvm.clang.1_0.compiler (in target 'DTFoundation' from project 'DTFoundation')
    cd /Users/aadityasingh/Documents/Development/element-x-ios/Chatlio.xcodeproj
    
    Using response file: /Users/aadityasingh/Library/Developer/Xcode/DerivedData/Chatlio-erkyzdeecsohoaggpwbjdvavzqfv/Build/Intermediates.noindex/DTFoundation.build/Debug-iphonesimulator/DTFoundation.build/Objects-normal/arm64/e6072d4f65d7061329687fe24e3d63a7-common-args.resp
    
    builtin-ScanDependencies -o /Users/aadityasingh/Library/Developer/Xcode/DerivedData/Chatlio-erkyzdeecsohoaggpwbjdvavzqfv/Build/Intermediates.noindex/DTFoundation.build/Debug-iphonesimulator/DTFoundation.build/Objects-normal/arm64/UIImage+DTFoundation.o.scan -- /Applications/Xcode.app/Contents/Developer/Toolchains/XcodeDefault.xctoolchain/usr/bin/clang -x objective-c -ivfsstatcache /Users/aadityasingh/Library/Developer/Xcode/DerivedData/SDKStatCaches.noindex/iphonesimulator26.4-23E252-686eebb5dc1d8ecb277353a59184f4aa.sdkstatcache -target arm64-apple-ios12.0-simulator -fmessage-length\=0 -fdiagnostics-show-note-include-stack -fmacro-backtrace-limit\=0 -fno-color-diagnostics -fmodules-prune-interval\=86400 -fmodules-prune-after\=345600 -fbuild-session-file\=/Users/aadityasingh/Library/Developer/Xcode/DerivedData/ModuleCache.noindex/Session.modulevalidation -fmodules-validate-once-per-build-session -Wnon-modular-include-in-framework-module -Werror\=non-modular-include-in-framework-module -Wno-trigraphs -Wno-missing-field-initializers -Wno-missing-prototypes -Wno-return-type -Wno-implicit-atomic-properties -Wno-objc-interface-ivars -Wno-arc-repeated-use-of-weak -Wno-missing-braces -Wparentheses -Wswitch -Wno-unused-function -Wno-unused-label -Wno-unused-parameter -Wno-unused-variable -Wunused-value -Wno-empty-body -Wno-uninitialized -Wno-unknown-pragmas -w -Wno-shadow -Wno-four-char-constants -Wno-conversion -Wno-constant-conversion -Wno-int-conversion -Wno-bool-conversion -Wno-enum-conversion -Wno-float-conversion -Wno-non-literal-null-conversion -Wno-objc-literal-conversion -Wshorten-64-to-32 -Wpointer-sign -Wno-newline-eof -Wno-selector -Wno-strict-selector-match -Wno-undeclared-selector -Wno-deprecated-implementations -Wno-implicit-fallthrough -isysroot /Applications/Xcode.app/Contents/Developer/Platforms/iPhoneSimulator.platform/Developer/SDKs/iPhoneSimulator26.4.sdk -fstrict-aliasing -Wprotocol -Wdeprecated-declarations -Wno-sign-conversion -Wno-infinite-recursion -Wno-comma -Wno-block-capture-autoreleasing -Wno-strict-prototypes -Wno-semicolon-before-method-body -index-store-path /Users/aadityasingh/Library/Developer/Xcode/DerivedData/Chatlio-erkyzdeecsohoaggpwbjdvavzqfv/Index.noindex/DataStore @/Users/aadityasingh/Library/Developer/Xcode/DerivedData/Chatlio-erkyzdeecsohoaggpwbjdvavzqfv/Build/Intermediates.noindex/DTFoundation.build/Debug-iphonesimulator/DTFoundation.build/Objects-normal/arm64/e6072d4f65d7061329687fe24e3d63a7-common-args.resp -MMD -MT dependencies -MF /Users/aadityasingh/Library/Developer/Xcode/DerivedData/Chatlio-erkyzdeecsohoaggpwbjdvavzqfv/Build/Intermediates.noindex/DTFoundation.build/Debug-iphonesimulator/DTFoundation.build/Objects-normal/arm64/UIImage+DTFoundation.d --serialize-diagnostics /Users/aadityasingh/Library/Developer/Xcode/DerivedData/Chatlio-erkyzdeecsohoaggpwbjdvavzqfv/Build/Intermediates.noindex/DTFoundation.build/Debug-iphonesimulator/DTFoundation.build/Objects-normal/arm64/UIImage+DTFoundation.dia -c /Users/aadityasingh/Library/Developer/Xcode/DerivedData/Chatlio-erkyzdeecsohoaggpwbjdvavzqfv/SourcePackages/checkouts/DTFoundation/Core/Source/iOS/UIImage+DTFoundation.m -o /Users/aadityasingh/Library/Developer/Xcode/DerivedData/Chatlio-erkyzdeecsohoaggpwbjdvavzqfv/Build/Intermediates.noindex/DTFoundation.build/Debug-iphonesimulator/DTFoundation.build/Objects-normal/arm64/UIImage+DTFoundation.o -index-unit-output-path /DTFoundation.build/Debug-iphonesimulator/DTFoundation.build/Objects-normal/arm64/UIImage+DTFoundation.o

ScanDependencies /Users/aadityasingh/Library/Developer/Xcode/DerivedData/Chatlio-erkyzdeecsohoaggpwbjdvavzqfv/Build/Intermediates.noindex/DTFoundation.build/Debug-iphonesimulator/DTFoundation.build/Objects-normal/arm64/UIColor+DTDebug.o /Users/aadityasingh/Library/Developer/Xcode/DerivedData/Chatlio-erkyzdeecsohoaggpwbjdvavzqfv/SourcePackages/checkouts/DTFoundation/Core/Source/iOS/Debug/UIColor+DTDebug.m normal arm64 objective-c com.apple.compilers.llvm.clang.1_0.compiler (in target 'DTFoundation' from project 'DTFoundation')
    cd /Users/aadityasingh/Documents/Development/element-x-ios/Chatlio.xcodeproj
    
    Using response file: /Users/aadityasingh/Library/Developer/Xcode/DerivedData/Chatlio-erkyzdeecsohoaggpwbjdvavzqfv/Build/Intermediates.noindex/DTFoundation.build/Debug-iphonesimulator/DTFoundation.build/Objects-normal/arm64/e6072d4f65d7061329687fe24e3d63a7-common-args.resp
    
    builtin-ScanDependencies -o /Users/aadityasingh/Library/Developer/Xcode/DerivedData/Chatlio-erkyzdeecsohoaggpwbjdvavzqfv/Build/Intermediates.noindex/DTFoundation.build/Debug-iphonesimulator/DTFoundation.build/Objects-normal/arm64/UIColor+DTDebug.o.scan -- /Applications/Xcode.app/Contents/Developer/Toolchains/XcodeDefault.xctoolchain/usr/bin/clang -x objective-c -ivfsstatcache /Users/aadityasingh/Library/Developer/Xcode/DerivedData/SDKStatCaches.noindex/iphonesimulator26.4-23E252-686eebb5dc1d8ecb277353a59184f4aa.sdkstatcache -target arm64-apple-ios12.0-simulator -fmessage-length\=0 -fdiagnostics-show-note-include-stack -fmacro-backtrace-limit\=0 -fno-color-diagnostics -fmodules-prune-interval\=86400 -fmodules-prune-after\=345600 -fbuild-session-file\=/Users/aadityasingh/Library/Developer/Xcode/DerivedData/ModuleCache.noindex/Session.modulevalidation -fmodules-validate-once-per-build-session -Wnon-modular-include-in-framework-module -Werror\=non-modular-include-in-framework-module -Wno-trigraphs -Wno-missing-field-initializers -Wno-missing-prototypes -Wno-return-type -Wno-implicit-atomic-properties -Wno-objc-interface-ivars -Wno-arc-repeated-use-of-weak -Wno-missing-braces -Wparentheses -Wswitch -Wno-unused-function -Wno-unused-label -Wno-unused-parameter -Wno-unused-variable -Wunused-value -Wno-empty-body -Wno-uninitialized -Wno-unknown-pragmas -w -Wno-shadow -Wno-four-char-constants -Wno-conversion -Wno-constant-conversion -Wno-int-conversion -Wno-bool-conversion -Wno-enum-conversion -Wno-float-conversion -Wno-non-literal-null-conversion -Wno-objc-literal-conversion -Wshorten-64-to-32 -Wpointer-sign -Wno-newline-eof -Wno-selector -Wno-strict-selector-match -Wno-undeclared-selector -Wno-deprecated-implementations -Wno-implicit-fallthrough -isysroot /Applications/Xcode.app/Contents/Developer/Platforms/iPhoneSimulator.platform/Developer/SDKs/iPhoneSimulator26.4.sdk -fstrict-aliasing -Wprotocol -Wdeprecated-declarations -Wno-sign-conversion -Wno-infinite-recursion -Wno-comma -Wno-block-capture-autoreleasing -Wno-strict-prototypes -Wno-semicolon-before-method-body -index-store-path /Users/aadityasingh/Library/Developer/Xcode/DerivedData/Chatlio-erkyzdeecsohoaggpwbjdvavzqfv/Index.noindex/DataStore @/Users/aadityasingh/Library/Developer/Xcode/DerivedData/Chatlio-erkyzdeecsohoaggpwbjdvavzqfv/Build/Intermediates.noindex/DTFoundation.build/Debug-iphonesimulator/DTFoundation.build/Objects-normal/arm64/e6072d4f65d7061329687fe24e3d63a7-common-args.resp -MMD -MT dependencies -MF /Users/aadityasingh/Library/Developer/Xcode/DerivedData/Chatlio-erkyzdeecsohoaggpwbjdvavzqfv/Build/Intermediates.noindex/DTFoundation.build/Debug-iphonesimulator/DTFoundation.build/Objects-normal/arm64/UIColor+DTDebug.d --serialize-diagnostics /Users/aadityasingh/Library/Developer/Xcode/DerivedData/Chatlio-erkyzdeecsohoaggpwbjdvavzqfv/Build/Intermediates.noindex/DTFoundation.build/Debug-iphonesimulator/DTFoundation.build/Objects-normal/arm64/UIColor+DTDebug.dia -c /Users/aadityasingh/Library/Developer/Xcode/DerivedData/Chatlio-erkyzdeecsohoaggpwbjdvavzqfv/SourcePackages/checkouts/DTFoundation/Core/Source/iOS/Debug/UIColor+DTDebug.m -o /Users/aadityasingh/Library/Developer/Xcode/DerivedData/Chatlio-erkyzdeecsohoaggpwbjdvavzqfv/Build/Intermediates.noindex/DTFoundation.build/Debug-iphonesimulator/DTFoundation.build/Objects-normal/arm64/UIColor+DTDebug.o -index-unit-output-path /DTFoundation.build/Debug-iphonesimulator/DTFoundation.build/Objects-normal/arm64/UIColor+DTDebug.o

ScanDependencies /Users/aadityasingh/Library/Developer/Xcode/DerivedData/Chatlio-erkyzdeecsohoaggpwbjdvavzqfv/Build/Intermediates.noindex/DTFoundation.build/Debug-iphonesimulator/DTFoundation.build/Objects-normal/arm64/UIApplication+DTNetworkActivity.o /Users/aadityasingh/Library/Developer/Xcode/DerivedData/Chatlio-erkyzdeecsohoaggpwbjdvavzqfv/SourcePackages/checkouts/DTFoundation/Core/Source/iOS/UIApplication+DTNetworkActivity.m normal arm64 objective-c com.apple.compilers.llvm.clang.1_0.compiler (in target 'DTFoundation' from project 'DTFoundation')
    cd /Users/aadityasingh/Documents/Development/element-x-ios/Chatlio.xcodeproj
    
    Using response file: /Users/aadityasingh/Library/Developer/Xcode/DerivedData/Chatlio-erkyzdeecsohoaggpwbjdvavzqfv/Build/Intermediates.noindex/DTFoundation.build/Debug-iphonesimulator/DTFoundation.build/Objects-normal/arm64/e6072d4f65d7061329687fe24e3d63a7-common-args.resp
    
    builtin-ScanDependencies -o /Users/aadityasingh/Library/Developer/Xcode/DerivedData/Chatlio-erkyzdeecsohoaggpwbjdvavzqfv/Build/Intermediates.noindex/DTFoundation.build/Debug-iphonesimulator/DTFoundation.build/Objects-normal/arm64/UIApplication+DTNetworkActivity.o.scan -- /Applications/Xcode.app/Contents/Developer/Toolchains/XcodeDefault.xctoolchain/usr/bin/clang -x objective-c -ivfsstatcache /Users/aadityasingh/Library/Developer/Xcode/DerivedData/SDKStatCaches.noindex/iphonesimulator26.4-23E252-686eebb5dc1d8ecb277353a59184f4aa.sdkstatcache -target arm64-apple-ios12.0-simulator -fmessage-length\=0 -fdiagnostics-show-note-include-stack -fmacro-backtrace-limit\=0 -fno-color-diagnostics -fmodules-prune-interval\=86400 -fmodules-prune-after\=345600 -fbuild-session-file\=/Users/aadityasingh/Library/Developer/Xcode/DerivedData/ModuleCache.noindex/Session.modulevalidation -fmodules-validate-once-per-build-session -Wnon-modular-include-in-framework-module -Werror\=non-modular-include-in-framework-module -Wno-trigraphs -Wno-missing-field-initializers -Wno-missing-prototypes -Wno-return-type -Wno-implicit-atomic-properties -Wno-objc-interface-ivars -Wno-arc-repeated-use-of-weak -Wno-missing-braces -Wparentheses -Wswitch -Wno-unused-function -Wno-unused-label -Wno-unused-parameter -Wno-unused-variable -Wunused-value -Wno-empty-body -Wno-uninitialized -Wno-unknown-pragmas -w -Wno-shadow -Wno-four-char-constants -Wno-conversion -Wno-constant-conversion -Wno-int-conversion -Wno-bool-conversion -Wno-enum-conversion -Wno-float-conversion -Wno-non-literal-null-conversion -Wno-objc-literal-conversion -Wshorten-64-to-32 -Wpointer-sign -Wno-newline-eof -Wno-selector -Wno-strict-selector-match -Wno-undeclared-selector -Wno-deprecated-implementations -Wno-implicit-fallthrough -isysroot /Applications/Xcode.app/Contents/Developer/Platforms/iPhoneSimulator.platform/Developer/SDKs/iPhoneSimulator26.4.sdk -fstrict-aliasing -Wprotocol -Wdeprecated-declarations -Wno-sign-conversion -Wno-infinite-recursion -Wno-comma -Wno-block-capture-autoreleasing -Wno-strict-prototypes -Wno-semicolon-before-method-body -index-store-path /Users/aadityasingh/Library/Developer/Xcode/DerivedData/Chatlio-erkyzdeecsohoaggpwbjdvavzqfv/Index.noindex/DataStore @/Users/aadityasingh/Library/Developer/Xcode/DerivedData/Chatlio-erkyzdeecsohoaggpwbjdvavzqfv/Build/Intermediates.noindex/DTFoundation.build/Debug-iphonesimulator/DTFoundation.build/Objects-normal/arm64/e6072d4f65d7061329687fe24e3d63a7-common-args.resp -MMD -MT dependencies -MF /Users/aadityasingh/Library/Developer/Xcode/DerivedData/Chatlio-erkyzdeecsohoaggpwbjdvavzqfv/Build/Intermediates.noindex/DTFoundation.build/Debug-iphonesimulator/DTFoundation.build/Objects-normal/arm64/UIApplication+DTNetworkActivity.d --serialize-diagnostics /Users/aadityasingh/Library/Developer/Xcode/DerivedData/Chatlio-erkyzdeecsohoaggpwbjdvavzqfv/Build/Intermediates.noindex/DTFoundation.build/Debug-iphonesimulator/DTFoundation.build/Objects-normal/arm64/UIApplication+DTNetworkActivity.dia -c /Users/aadityasingh/Library/Developer/Xcode/DerivedData/Chatlio-erkyzdeecsohoaggpwbjdvavzqfv/SourcePackages/checkouts/DTFoundation/Core/Source/iOS/UIApplication+DTNetworkActivity.m -o /Users/aadityasingh/Library/Developer/Xcode/DerivedData/Chatlio-erkyzdeecsohoaggpwbjdvavzqfv/Build/Intermediates.noindex/DTFoundation.build/Debug-iphonesimulator/DTFoundation.build/Objects-normal/arm64/UIApplication+DTNetworkActivity.o -index-unit-output-path /DTFoundation.build/Debug-iphonesimulator/DTFoundation.build/Objects-normal/arm64/UIApplication+DTNetworkActivity.o

ScanDependencies /Users/aadityasingh/Library/Developer/Xcode/DerivedData/Chatlio-erkyzdeecsohoaggpwbjdvavzqfv/Build/Intermediates.noindex/DTFoundation.build/Debug-iphonesimulator/DTFoundation.build/Objects-normal/arm64/NSWindowController+DTPanelControllerPresenting.o /Users/aadityasingh/Library/Developer/Xcode/DerivedData/Chatlio-erkyzdeecsohoaggpwbjdvavzqfv/SourcePackages/checkouts/DTFoundation/Core/Source/OSX/NSWindowController+DTPanelControllerPresenting.m normal arm64 objective-c com.apple.compilers.llvm.clang.1_0.compiler (in target 'DTFoundation' from project 'DTFoundation')
    cd /Users/aadityasingh/Documents/Development/element-x-ios/Chatlio.xcodeproj
    
    Using response file: /Users/aadityasingh/Library/Developer/Xcode/DerivedData/Chatlio-erkyzdeecsohoaggpwbjdvavzqfv/Build/Intermediates.noindex/DTFoundation.build/Debug-iphonesimulator/DTFoundation.build/Objects-normal/arm64/e6072d4f65d7061329687fe24e3d63a7-common-args.resp
    
    builtin-ScanDependencies -o /Users/aadityasingh/Library/Developer/Xcode/DerivedData/Chatlio-erkyzdeecsohoaggpwbjdvavzqfv/Build/Intermediates.noindex/DTFoundation.build/Debug-iphonesimulator/DTFoundation.build/Objects-normal/arm64/NSWindowController+DTPanelControllerPresenting.o.scan -- /Applications/Xcode.app/Contents/Developer/Toolchains/XcodeDefault.xctoolchain/usr/bin/clang -x objective-c -ivfsstatcache /Users/aadityasingh/Library/Developer/Xcode/DerivedData/SDKStatCaches.noindex/iphonesimulator26.4-23E252-686eebb5dc1d8ecb277353a59184f4aa.sdkstatcache -target arm64-apple-ios12.0-simulator -fmessage-length\=0 -fdiagnostics-show-note-include-stack -fmacro-backtrace-limit\=0 -fno-color-diagnostics -fmodules-prune-interval\=86400 -fmodules-prune-after\=345600 -fbuild-session-file\=/Users/aadityasingh/Library/Developer/Xcode/DerivedData/ModuleCache.noindex/Session.modulevalidation -fmodules-validate-once-per-build-session -Wnon-modular-include-in-framework-module -Werror\=non-modular-include-in-framework-module -Wno-trigraphs -Wno-missing-field-initializers -Wno-missing-prototypes -Wno-return-type -Wno-implicit-atomic-properties -Wno-objc-interface-ivars -Wno-arc-repeated-use-of-weak -Wno-missing-braces -Wparentheses -Wswitch -Wno-unused-function -Wno-unused-label -Wno-unused-parameter -Wno-unused-variable -Wunused-value -Wno-empty-body -Wno-uninitialized -Wno-unknown-pragmas -w -Wno-shadow -Wno-four-char-constants -Wno-conversion -Wno-constant-conversion -Wno-int-conversion -Wno-bool-conversion -Wno-enum-conversion -Wno-float-conversion -Wno-non-literal-null-conversion -Wno-objc-literal-conversion -Wshorten-64-to-32 -Wpointer-sign -Wno-newline-eof -Wno-selector -Wno-strict-selector-match -Wno-undeclared-selector -Wno-deprecated-implementations -Wno-implicit-fallthrough -isysroot /Applications/Xcode.app/Contents/Developer/Platforms/iPhoneSimulator.platform/Developer/SDKs/iPhoneSimulator26.4.sdk -fstrict-aliasing -Wprotocol -Wdeprecated-declarations -Wno-sign-conversion -Wno-infinite-recursion -Wno-comma -Wno-block-capture-autoreleasing -Wno-strict-prototypes -Wno-semicolon-before-method-body -index-store-path /Users/aadityasingh/Library/Developer/Xcode/DerivedData/Chatlio-erkyzdeecsohoaggpwbjdvavzqfv/Index.noindex/DataStore @/Users/aadityasingh/Library/Developer/Xcode/DerivedData/Chatlio-erkyzdeecsohoaggpwbjdvavzqfv/Build/Intermediates.noindex/DTFoundation.build/Debug-iphonesimulator/DTFoundation.build/Objects-normal/arm64/e6072d4f65d7061329687fe24e3d63a7-common-args.resp -MMD -MT dependencies -MF /Users/aadityasingh/Library/Developer/Xcode/DerivedData/Chatlio-erkyzdeecsohoaggpwbjdvavzqfv/Build/Intermediates.noindex/DTFoundation.build/Debug-iphonesimulator/DTFoundation.build/Objects-normal/arm64/NSWindowController+DTPanelControllerPresenting.d --serialize-diagnostics /Users/aadityasingh/Library/Developer/Xcode/DerivedData/Chatlio-erkyzdeecsohoaggpwbjdvavzqfv/Build/Intermediates.noindex/DTFoundation.build/Debug-iphonesimulator/DTFoundation.build/Objects-normal/arm64/NSWindowController+DTPanelControllerPresenting.dia -c /Users/aadityasingh/Library/Developer/Xcode/DerivedData/Chatlio-erkyzdeecsohoaggpwbjdvavzqfv/SourcePackages/checkouts/DTFoundation/Core/Source/OSX/NSWindowController+DTPanelControllerPresenting.m -o /Users/aadityasingh/Library/Developer/Xcode/DerivedData/Chatlio-erkyzdeecsohoaggpwbjdvavzqfv/Build/Intermediates.noindex/DTFoundation.build/Debug-iphonesimulator/DTFoundation.build/Objects-normal/arm64/NSWindowController+DTPanelControllerPresenting.o -index-unit-output-path /DTFoundation.build/Debug-iphonesimulator/DTFoundation.build/Objects-normal/arm64/NSWindowController+DTPanelControllerPresenting.o

PrecompileModule /Users/aadityasingh/Library/Developer/Xcode/DerivedData/Chatlio-erkyzdeecsohoaggpwbjdvavzqfv/Build/Intermediates.noindex/ExplicitPrecompiledModules/ptrcheck-1LYKFS4X2NKQW2LJRD7Q32EK2.scan
    cd /
    builtin-precompileModule /Users/aadityasingh/Library/Developer/Xcode/DerivedData/Chatlio-erkyzdeecsohoaggpwbjdvavzqfv/Build/Intermediates.noindex/ExplicitPrecompiledModules/ptrcheck-1LYKFS4X2NKQW2LJRD7Q32EK2.scan

PrecompileModule /Users/aadityasingh/Library/Developer/Xcode/DerivedData/Chatlio-erkyzdeecsohoaggpwbjdvavzqfv/Build/Intermediates.noindex/ExplicitPrecompiledModules/_AvailabilityInternal-4Q62BYCXHW17VXUXCKYGF491R.scan
    cd /
    builtin-precompileModule /Users/aadityasingh/Library/Developer/Xcode/DerivedData/Chatlio-erkyzdeecsohoaggpwbjdvavzqfv/Build/Intermediates.noindex/ExplicitPrecompiledModules/_AvailabilityInternal-4Q62BYCXHW17VXUXCKYGF491R.scan

PrecompileModule /Users/aadityasingh/Library/Developer/Xcode/DerivedData/Chatlio-erkyzdeecsohoaggpwbjdvavzqfv/Build/Intermediates.noindex/ExplicitPrecompiledModules/_Builtin_stdarg-AJ3VZR7U4744XG7514JA452TH.scan
    cd /
    builtin-precompileModule /Users/aadityasingh/Library/Developer/Xcode/DerivedData/Chatlio-erkyzdeecsohoaggpwbjdvavzqfv/Build/Intermediates.noindex/ExplicitPrecompiledModules/_Builtin_stdarg-AJ3VZR7U4744XG7514JA452TH.scan

PrecompileModule /Users/aadityasingh/Library/Developer/Xcode/DerivedData/Chatlio-erkyzdeecsohoaggpwbjdvavzqfv/Build/Intermediates.noindex/ExplicitPrecompiledModules/_AvailabilityInternal-7AVZIQ6NSYPRGDKH6O7I7YZLS.scan
    cd /
    builtin-precompileModule /Users/aadityasingh/Library/Developer/Xcode/DerivedData/Chatlio-erkyzdeecsohoaggpwbjdvavzqfv/Build/Intermediates.noindex/ExplicitPrecompiledModules/_AvailabilityInternal-7AVZIQ6NSYPRGDKH6O7I7YZLS.scan

PrecompileModule /Users/aadityasingh/Library/Developer/Xcode/DerivedData/Chatlio-erkyzdeecsohoaggpwbjdvavzqfv/Build/Intermediates.noindex/ExplicitPrecompiledModules/ptrcheck-8BSS3DZ7KS06VW79BWDFDVI1N.scan
    cd /
    builtin-precompileModule /Users/aadityasingh/Library/Developer/Xcode/DerivedData/Chatlio-erkyzdeecsohoaggpwbjdvavzqfv/Build/Intermediates.noindex/ExplicitPrecompiledModules/ptrcheck-8BSS3DZ7KS06VW79BWDFDVI1N.scan

PrecompileModule /Users/aadityasingh/Library/Developer/Xcode/DerivedData/Chatlio-erkyzdeecsohoaggpwbjdvavzqfv/Build/Intermediates.noindex/ExplicitPrecompiledModules/ObjectiveC-6QDVN7TC71Z05JKODQGMIPPO4.scan
    cd /
    builtin-precompileModule /Users/aadityasingh/Library/Developer/Xcode/DerivedData/Chatlio-erkyzdeecsohoaggpwbjdvavzqfv/Build/Intermediates.noindex/ExplicitPrecompiledModules/ObjectiveC-6QDVN7TC71Z05JKODQGMIPPO4.scan

PrecompileModule /Users/aadityasingh/Library/Developer/Xcode/DerivedData/Chatlio-erkyzdeecsohoaggpwbjdvavzqfv/Build/Intermediates.noindex/ExplicitPrecompiledModules/_DarwinFoundation1-55P0NNLHM7AH6VTCPFOKEUOG8.scan
    cd /
    builtin-precompileModule /Users/aadityasingh/Library/Developer/Xcode/DerivedData/Chatlio-erkyzdeecsohoaggpwbjdvavzqfv/Build/Intermediates.noindex/ExplicitPrecompiledModules/_DarwinFoundation1-55P0NNLHM7AH6VTCPFOKEUOG8.scan

PrecompileModule /Users/aadityasingh/Library/Developer/Xcode/DerivedData/Chatlio-erkyzdeecsohoaggpwbjdvavzqfv/Build/Intermediates.noindex/ExplicitPrecompiledModules/_DarwinFoundation1-BTEMN2460R5PBE1VJML4KZ2LQ.scan
    cd /
    builtin-precompileModule /Users/aadityasingh/Library/Developer/Xcode/DerivedData/Chatlio-erkyzdeecsohoaggpwbjdvavzqfv/Build/Intermediates.noindex/ExplicitPrecompiledModules/_DarwinFoundation1-BTEMN2460R5PBE1VJML4KZ2LQ.scan

PrecompileModule /Users/aadityasingh/Library/Developer/Xcode/DerivedData/Chatlio-erkyzdeecsohoaggpwbjdvavzqfv/Build/Intermediates.noindex/ExplicitPrecompiledModules/os_object-3JVKT2EQ3WQNF3LDOBV7RKA98.scan
    cd /
    builtin-precompileModule /Users/aadityasingh/Library/Developer/Xcode/DerivedData/Chatlio-erkyzdeecsohoaggpwbjdvavzqfv/Build/Intermediates.noindex/ExplicitPrecompiledModules/os_object-3JVKT2EQ3WQNF3LDOBV7RKA98.scan

CompileC /Users/aadityasingh/Library/Developer/Xcode/DerivedData/Chatlio-erkyzdeecsohoaggpwbjdvavzqfv/Build/Intermediates.noindex/DTFoundation.build/Debug-iphonesimulator/DTFoundation.build/Objects-normal/arm64/NSWindowController+DTPanelControllerPresenting.o /Users/aadityasingh/Library/Developer/Xcode/DerivedData/Chatlio-erkyzdeecsohoaggpwbjdvavzqfv/SourcePackages/checkouts/DTFoundation/Core/Source/OSX/NSWindowController+DTPanelControllerPresenting.m normal arm64 objective-c com.apple.compilers.llvm.clang.1_0.compiler (in target 'DTFoundation' from project 'DTFoundation')
    cd /Users/aadityasingh/Documents/Development/element-x-ios/Chatlio.xcodeproj
    
    Using response file: /Users/aadityasingh/Library/Developer/Xcode/DerivedData/Chatlio-erkyzdeecsohoaggpwbjdvavzqfv/Build/Intermediates.noindex/DTFoundation.build/Debug-iphonesimulator/DTFoundation.build/Objects-normal/arm64/e6072d4f65d7061329687fe24e3d63a7-common-args.resp
    
    /Applications/Xcode.app/Contents/Developer/Toolchains/XcodeDefault.xctoolchain/usr/bin/clang -x objective-c -ivfsstatcache /Users/aadityasingh/Library/Developer/Xcode/DerivedData/SDKStatCaches.noindex/iphonesimulator26.4-23E252-686eebb5dc1d8ecb277353a59184f4aa.sdkstatcache -target arm64-apple-ios12.0-simulator -fmessage-length\=0 -fdiagnostics-show-note-include-stack -fmacro-backtrace-limit\=0 -fno-color-diagnostics -fmodules-prune-interval\=86400 -fmodules-prune-after\=345600 -fbuild-session-file\=/Users/aadityasingh/Library/Developer/Xcode/DerivedData/ModuleCache.noindex/Session.modulevalidation -fmodules-validate-once-per-build-session -Wnon-modular-include-in-framework-module -Werror\=non-modular-include-in-framework-module -Wno-trigraphs -Wno-missing-field-initializers -Wno-missing-prototypes -Wno-return-type -Wno-implicit-atomic-properties -Wno-objc-interface-ivars -Wno-arc-repeated-use-of-weak -Wno-missing-braces -Wparentheses -Wswitch -Wno-unused-function -Wno-unused-label -Wno-unused-parameter -Wno-unused-variable -Wunused-value -Wno-empty-body -Wno-uninitialized -Wno-unknown-pragmas -w -Wno-shadow -Wno-four-char-constants -Wno-conversion -Wno-constant-conversion -Wno-int-conversion -Wno-bool-conversion -Wno-enum-conversion -Wno-float-conversion -Wno-non-literal-null-conversion -Wno-objc-literal-conversion -Wshorten-64-to-32 -Wpointer-sign -Wno-newline-eof -Wno-selector -Wno-strict-selector-match -Wno-undeclared-selector -Wno-deprecated-implementations -Wno-implicit-fallthrough -isysroot /Applications/Xcode.app/Contents/Developer/Platforms/iPhoneSimulator.platform/Developer/SDKs/iPhoneSimulator26.4.sdk -fstrict-aliasing -Wprotocol -Wdeprecated-declarations -Wno-sign-conversion -Wno-infinite-recursion -Wno-comma -Wno-block-capture-autoreleasing -Wno-strict-prototypes -Wno-semicolon-before-method-body -index-store-path /Users/aadityasingh/Library/Developer/Xcode/DerivedData/Chatlio-erkyzdeecsohoaggpwbjdvavzqfv/Index.noindex/DataStore @/Users/aadityasingh/Library/Developer/Xcode/DerivedData/Chatlio-erkyzdeecsohoaggpwbjdvavzqfv/Build/Intermediates.noindex/DTFoundation.build/Debug-iphonesimulator/DTFoundation.build/Objects-normal/arm64/e6072d4f65d7061329687fe24e3d63a7-common-args.resp -MMD -MT dependencies -MF /Users/aadityasingh/Library/Developer/Xcode/DerivedData/Chatlio-erkyzdeecsohoaggpwbjdvavzqfv/Build/Intermediates.noindex/DTFoundation.build/Debug-iphonesimulator/DTFoundation.build/Objects-normal/arm64/NSWindowController+DTPanelControllerPresenting.d --serialize-diagnostics /Users/aadityasingh/Library/Developer/Xcode/DerivedData/Chatlio-erkyzdeecsohoaggpwbjdvavzqfv/Build/Intermediates.noindex/DTFoundation.build/Debug-iphonesimulator/DTFoundation.build/Objects-normal/arm64/NSWindowController+DTPanelControllerPresenting.dia -c /Users/aadityasingh/Library/Developer/Xcode/DerivedData/Chatlio-erkyzdeecsohoaggpwbjdvavzqfv/SourcePackages/checkouts/DTFoundation/Core/Source/OSX/NSWindowController+DTPanelControllerPresenting.m -o /Users/aadityasingh/Library/Developer/Xcode/DerivedData/Chatlio-erkyzdeecsohoaggpwbjdvavzqfv/Build/Intermediates.noindex/DTFoundation.build/Debug-iphonesimulator/DTFoundation.build/Objects-normal/arm64/NSWindowController+DTPanelControllerPresenting.o -index-unit-output-path /DTFoundation.build/Debug-iphonesimulator/DTFoundation.build/Objects-normal/arm64/NSWindowController+DTPanelControllerPresenting.o

PrecompileModule /Users/aadityasingh/Library/Developer/Xcode/DerivedData/Chatlio-erkyzdeecsohoaggpwbjdvavzqfv/Build/Intermediates.noindex/ExplicitPrecompiledModules/os_workgroup-C9H2VZOBKT3BOM74069EI78KK.scan
    cd /
    builtin-precompileModule /Users/aadityasingh/Library/Developer/Xcode/DerivedData/Chatlio-erkyzdeecsohoaggpwbjdvavzqfv/Build/Intermediates.noindex/ExplicitPrecompiledModules/os_workgroup-C9H2VZOBKT3BOM74069EI78KK.scan

PrecompileModule /Users/aadityasingh/Library/Developer/Xcode/DerivedData/Chatlio-erkyzdeecsohoaggpwbjdvavzqfv/Build/Intermediates.noindex/ExplicitPrecompiledModules/_Builtin_stddef-AQR4ACWFM1DTOSG642EBUYGX7.scan
    cd /
    builtin-precompileModule /Users/aadityasingh/Library/Developer/Xcode/DerivedData/Chatlio-erkyzdeecsohoaggpwbjdvavzqfv/Build/Intermediates.noindex/ExplicitPrecompiledModules/_Builtin_stddef-AQR4ACWFM1DTOSG642EBUYGX7.scan

ScanDependencies /Users/aadityasingh/Library/Developer/Xcode/DerivedData/Chatlio-erkyzdeecsohoaggpwbjdvavzqfv/Build/Intermediates.noindex/DTFoundation.build/Debug-iphonesimulator/DTFoundation.build/Objects-normal/arm64/NSView+DTAutoLayout.o /Users/aadityasingh/Library/Developer/Xcode/DerivedData/Chatlio-erkyzdeecsohoaggpwbjdvavzqfv/SourcePackages/checkouts/DTFoundation/Core/Source/OSX/NSView+DTAutoLayout.m normal arm64 objective-c com.apple.compilers.llvm.clang.1_0.compiler (in target 'DTFoundation' from project 'DTFoundation')
    cd /Users/aadityasingh/Documents/Development/element-x-ios/Chatlio.xcodeproj
    
    Using response file: /Users/aadityasingh/Library/Developer/Xcode/DerivedData/Chatlio-erkyzdeecsohoaggpwbjdvavzqfv/Build/Intermediates.noindex/DTFoundation.build/Debug-iphonesimulator/DTFoundation.build/Objects-normal/arm64/e6072d4f65d7061329687fe24e3d63a7-common-args.resp
    
    builtin-ScanDependencies -o /Users/aadityasingh/Library/Developer/Xcode/DerivedData/Chatlio-erkyzdeecsohoaggpwbjdvavzqfv/Build/Intermediates.noindex/DTFoundation.build/Debug-iphonesimulator/DTFoundation.build/Objects-normal/arm64/NSView+DTAutoLayout.o.scan -- /Applications/Xcode.app/Contents/Developer/Toolchains/XcodeDefault.xctoolchain/usr/bin/clang -x objective-c -ivfsstatcache /Users/aadityasingh/Library/Developer/Xcode/DerivedData/SDKStatCaches.noindex/iphonesimulator26.4-23E252-686eebb5dc1d8ecb277353a59184f4aa.sdkstatcache -target arm64-apple-ios12.0-simulator -fmessage-length\=0 -fdiagnostics-show-note-include-stack -fmacro-backtrace-limit\=0 -fno-color-diagnostics -fmodules-prune-interval\=86400 -fmodules-prune-after\=345600 -fbuild-session-file\=/Users/aadityasingh/Library/Developer/Xcode/DerivedData/ModuleCache.noindex/Session.modulevalidation -fmodules-validate-once-per-build-session -Wnon-modular-include-in-framework-module -Werror\=non-modular-include-in-framework-module -Wno-trigraphs -Wno-missing-field-initializers -Wno-missing-prototypes -Wno-return-type -Wno-implicit-atomic-properties -Wno-objc-interface-ivars -Wno-arc-repeated-use-of-weak -Wno-missing-braces -Wparentheses -Wswitch -Wno-unused-function -Wno-unused-label -Wno-unused-parameter -Wno-unused-variable -Wunused-value -Wno-empty-body -Wno-uninitialized -Wno-unknown-pragmas -w -Wno-shadow -Wno-four-char-constants -Wno-conversion -Wno-constant-conversion -Wno-int-conversion -Wno-bool-conversion -Wno-enum-conversion -Wno-float-conversion -Wno-non-literal-null-conversion -Wno-objc-literal-conversion -Wshorten-64-to-32 -Wpointer-sign -Wno-newline-eof -Wno-selector -Wno-strict-selector-match -Wno-undeclared-selector -Wno-deprecated-implementations -Wno-implicit-fallthrough -isysroot /Applications/Xcode.app/Contents/Developer/Platforms/iPhoneSimulator.platform/Developer/SDKs/iPhoneSimulator26.4.sdk -fstrict-aliasing -Wprotocol -Wdeprecated-declarations -Wno-sign-conversion -Wno-infinite-recursion -Wno-comma -Wno-block-capture-autoreleasing -Wno-strict-prototypes -Wno-semicolon-before-method-body -index-store-path /Users/aadityasingh/Library/Developer/Xcode/DerivedData/Chatlio-erkyzdeecsohoaggpwbjdvavzqfv/Index.noindex/DataStore @/Users/aadityasingh/Library/Developer/Xcode/DerivedData/Chatlio-erkyzdeecsohoaggpwbjdvavzqfv/Build/Intermediates.noindex/DTFoundation.build/Debug-iphonesimulator/DTFoundation.build/Objects-normal/arm64/e6072d4f65d7061329687fe24e3d63a7-common-args.resp -MMD -MT dependencies -MF /Users/aadityasingh/Library/Developer/Xcode/DerivedData/Chatlio-erkyzdeecsohoaggpwbjdvavzqfv/Build/Intermediates.noindex/DTFoundation.build/Debug-iphonesimulator/DTFoundation.build/Objects-normal/arm64/NSView+DTAutoLayout.d --serialize-diagnostics /Users/aadityasingh/Library/Developer/Xcode/DerivedData/Chatlio-erkyzdeecsohoaggpwbjdvavzqfv/Build/Intermediates.noindex/DTFoundation.build/Debug-iphonesimulator/DTFoundation.build/Objects-normal/arm64/NSView+DTAutoLayout.dia -c /Users/aadityasingh/Library/Developer/Xcode/DerivedData/Chatlio-erkyzdeecsohoaggpwbjdvavzqfv/SourcePackages/checkouts/DTFoundation/Core/Source/OSX/NSView+DTAutoLayout.m -o /Users/aadityasingh/Library/Developer/Xcode/DerivedData/Chatlio-erkyzdeecsohoaggpwbjdvavzqfv/Build/Intermediates.noindex/DTFoundation.build/Debug-iphonesimulator/DTFoundation.build/Objects-normal/arm64/NSView+DTAutoLayout.o -index-unit-output-path /DTFoundation.build/Debug-iphonesimulator/DTFoundation.build/Objects-normal/arm64/NSView+DTAutoLayout.o

PrecompileModule /Users/aadityasingh/Library/Developer/Xcode/DerivedData/Chatlio-erkyzdeecsohoaggpwbjdvavzqfv/Build/Intermediates.noindex/ExplicitPrecompiledModules/Dispatch-2ZQONUXKQ9O7WXV43069TMPIY.scan
    cd /
    builtin-precompileModule /Users/aadityasingh/Library/Developer/Xcode/DerivedData/Chatlio-erkyzdeecsohoaggpwbjdvavzqfv/Build/Intermediates.noindex/ExplicitPrecompiledModules/Dispatch-2ZQONUXKQ9O7WXV43069TMPIY.scan

PrecompileModule /Users/aadityasingh/Library/Developer/Xcode/DerivedData/Chatlio-erkyzdeecsohoaggpwbjdvavzqfv/Build/Intermediates.noindex/ExplicitPrecompiledModules/_DarwinFoundation2-70CW326YDEMJVZXCP3EYCWS8S.scan
    cd /
    builtin-precompileModule /Users/aadityasingh/Library/Developer/Xcode/DerivedData/Chatlio-erkyzdeecsohoaggpwbjdvavzqfv/Build/Intermediates.noindex/ExplicitPrecompiledModules/_DarwinFoundation2-70CW326YDEMJVZXCP3EYCWS8S.scan

CompileC /Users/aadityasingh/Library/Developer/Xcode/DerivedData/Chatlio-erkyzdeecsohoaggpwbjdvavzqfv/Build/Intermediates.noindex/DTFoundation.build/Debug-iphonesimulator/DTFoundation.build/Objects-normal/arm64/NSView+DTAutoLayout.o /Users/aadityasingh/Library/Developer/Xcode/DerivedData/Chatlio-erkyzdeecsohoaggpwbjdvavzqfv/SourcePackages/checkouts/DTFoundation/Core/Source/OSX/NSView+DTAutoLayout.m normal arm64 objective-c com.apple.compilers.llvm.clang.1_0.compiler (in target 'DTFoundation' from project 'DTFoundation')
    cd /Users/aadityasingh/Documents/Development/element-x-ios/Chatlio.xcodeproj
    
    Using response file: /Users/aadityasingh/Library/Developer/Xcode/DerivedData/Chatlio-erkyzdeecsohoaggpwbjdvavzqfv/Build/Intermediates.noindex/DTFoundation.build/Debug-iphonesimulator/DTFoundation.build/Objects-normal/arm64/e6072d4f65d7061329687fe24e3d63a7-common-args.resp
    
    /Applications/Xcode.app/Contents/Developer/Toolchains/XcodeDefault.xctoolchain/usr/bin/clang -x objective-c -ivfsstatcache /Users/aadityasingh/Library/Developer/Xcode/DerivedData/SDKStatCaches.noindex/iphonesimulator26.4-23E252-686eebb5dc1d8ecb277353a59184f4aa.sdkstatcache -target arm64-apple-ios12.0-simulator -fmessage-length\=0 -fdiagnostics-show-note-include-stack -fmacro-backtrace-limit\=0 -fno-color-diagnostics -fmodules-prune-interval\=86400 -fmodules-prune-after\=345600 -fbuild-session-file\=/Users/aadityasingh/Library/Developer/Xcode/DerivedData/ModuleCache.noindex/Session.modulevalidation -fmodules-validate-once-per-build-session -Wnon-modular-include-in-framework-module -Werror\=non-modular-include-in-framework-module -Wno-trigraphs -Wno-missing-field-initializers -Wno-missing-prototypes -Wno-return-type -Wno-implicit-atomic-properties -Wno-objc-interface-ivars -Wno-arc-repeated-use-of-weak -Wno-missing-braces -Wparentheses -Wswitch -Wno-unused-function -Wno-unused-label -Wno-unused-parameter -Wno-unused-variable -Wunused-value -Wno-empty-body -Wno-uninitialized -Wno-unknown-pragmas -w -Wno-shadow -Wno-four-char-constants -Wno-conversion -Wno-constant-conversion -Wno-int-conversion -Wno-bool-conversion -Wno-enum-conversion -Wno-float-conversion -Wno-non-literal-null-conversion -Wno-objc-literal-conversion -Wshorten-64-to-32 -Wpointer-sign -Wno-newline-eof -Wno-selector -Wno-strict-selector-match -Wno-undeclared-selector -Wno-deprecated-implementations -Wno-implicit-fallthrough -isysroot /Applications/Xcode.app/Contents/Developer/Platforms/iPhoneSimulator.platform/Developer/SDKs/iPhoneSimulator26.4.sdk -fstrict-aliasing -Wprotocol -Wdeprecated-declarations -Wno-sign-conversion -Wno-infinite-recursion -Wno-comma -Wno-block-capture-autoreleasing -Wno-strict-prototypes -Wno-semicolon-before-method-body -index-store-path /Users/aadityasingh/Library/Developer/Xcode/DerivedData/Chatlio-erkyzdeecsohoaggpwbjdvavzqfv/Index.noindex/DataStore @/Users/aadityasingh/Library/Developer/Xcode/DerivedData/Chatlio-erkyzdeecsohoaggpwbjdvavzqfv/Build/Intermediates.noindex/DTFoundation.build/Debug-iphonesimulator/DTFoundation.build/Objects-normal/arm64/e6072d4f65d7061329687fe24e3d63a7-common-args.resp -MMD -MT dependencies -MF /Users/aadityasingh/Library/Developer/Xcode/DerivedData/Chatlio-erkyzdeecsohoaggpwbjdvavzqfv/Build/Intermediates.noindex/DTFoundation.build/Debug-iphonesimulator/DTFoundation.build/Objects-normal/arm64/NSView+DTAutoLayout.d --serialize-diagnostics /Users/aadityasingh/Library/Developer/Xcode/DerivedData/Chatlio-erkyzdeecsohoaggpwbjdvavzqfv/Build/Intermediates.noindex/DTFoundation.build/Debug-iphonesimulator/DTFoundation.build/Objects-normal/arm64/NSView+DTAutoLayout.dia -c /Users/aadityasingh/Library/Developer/Xcode/DerivedData/Chatlio-erkyzdeecsohoaggpwbjdvavzqfv/SourcePackages/checkouts/DTFoundation/Core/Source/OSX/NSView+DTAutoLayout.m -o /Users/aadityasingh/Library/Developer/Xcode/DerivedData/Chatlio-erkyzdeecsohoaggpwbjdvavzqfv/Build/Intermediates.noindex/DTFoundation.build/Debug-iphonesimulator/DTFoundation.build/Objects-normal/arm64/NSView+DTAutoLayout.o -index-unit-output-path /DTFoundation.build/Debug-iphonesimulator/DTFoundation.build/Objects-normal/arm64/NSView+DTAutoLayout.o

PrecompileModule /Users/aadityasingh/Library/Developer/Xcode/DerivedData/Chatlio-erkyzdeecsohoaggpwbjdvavzqfv/Build/Intermediates.noindex/ExplicitPrecompiledModules/CoreFoundation-5P8IDFNF0K7EA14IDDXJ3EP5Q.scan
    cd /
    builtin-precompileModule /Users/aadityasingh/Library/Developer/Xcode/DerivedData/Chatlio-erkyzdeecsohoaggpwbjdvavzqfv/Build/Intermediates.noindex/ExplicitPrecompiledModules/CoreFoundation-5P8IDFNF0K7EA14IDDXJ3EP5Q.scan

PrecompileModule /Users/aadityasingh/Library/Developer/Xcode/DerivedData/Chatlio-erkyzdeecsohoaggpwbjdvavzqfv/Build/Intermediates.noindex/ExplicitPrecompiledModules/XPC-DS8M4STZ449YVJZ5D8CV0JFUW.scan
    cd /
    builtin-precompileModule /Users/aadityasingh/Library/Developer/Xcode/DerivedData/Chatlio-erkyzdeecsohoaggpwbjdvavzqfv/Build/Intermediates.noindex/ExplicitPrecompiledModules/XPC-DS8M4STZ449YVJZ5D8CV0JFUW.scan

PrecompileModule /Users/aadityasingh/Library/Developer/Xcode/DerivedData/Chatlio-erkyzdeecsohoaggpwbjdvavzqfv/Build/Intermediates.noindex/ExplicitPrecompiledModules/_Builtin_stdint-6L01J6HMT2YG8NXWHJVVCA2EM.scan
    cd /
    builtin-precompileModule /Users/aadityasingh/Library/Developer/Xcode/DerivedData/Chatlio-erkyzdeecsohoaggpwbjdvavzqfv/Build/Intermediates.noindex/ExplicitPrecompiledModules/_Builtin_stdint-6L01J6HMT2YG8NXWHJVVCA2EM.scan

ScanDependencies /Users/aadityasingh/Library/Developer/Xcode/DerivedData/Chatlio-erkyzdeecsohoaggpwbjdvavzqfv/Build/Intermediates.noindex/DTFoundation.build/Debug-iphonesimulator/DTFoundation.build/Objects-normal/arm64/NSValue+DTConversion.o /Users/aadityasingh/Library/Developer/Xcode/DerivedData/Chatlio-erkyzdeecsohoaggpwbjdvavzqfv/SourcePackages/checkouts/DTFoundation/Core/Source/OSX/NSValue+DTConversion.m normal arm64 objective-c com.apple.compilers.llvm.clang.1_0.compiler (in target 'DTFoundation' from project 'DTFoundation')
    cd /Users/aadityasingh/Documents/Development/element-x-ios/Chatlio.xcodeproj
    
    Using response file: /Users/aadityasingh/Library/Developer/Xcode/DerivedData/Chatlio-erkyzdeecsohoaggpwbjdvavzqfv/Build/Intermediates.noindex/DTFoundation.build/Debug-iphonesimulator/DTFoundation.build/Objects-normal/arm64/e6072d4f65d7061329687fe24e3d63a7-common-args.resp
    
    builtin-ScanDependencies -o /Users/aadityasingh/Library/Developer/Xcode/DerivedData/Chatlio-erkyzdeecsohoaggpwbjdvavzqfv/Build/Intermediates.noindex/DTFoundation.build/Debug-iphonesimulator/DTFoundation.build/Objects-normal/arm64/NSValue+DTConversion.o.scan -- /Applications/Xcode.app/Contents/Developer/Toolchains/XcodeDefault.xctoolchain/usr/bin/clang -x objective-c -ivfsstatcache /Users/aadityasingh/Library/Developer/Xcode/DerivedData/SDKStatCaches.noindex/iphonesimulator26.4-23E252-686eebb5dc1d8ecb277353a59184f4aa.sdkstatcache -target arm64-apple-ios12.0-simulator -fmessage-length\=0 -fdiagnostics-show-note-include-stack -fmacro-backtrace-limit\=0 -fno-color-diagnostics -fmodules-prune-interval\=86400 -fmodules-prune-after\=345600 -fbuild-session-file\=/Users/aadityasingh/Library/Developer/Xcode/DerivedData/ModuleCache.noindex/Session.modulevalidation -fmodules-validate-once-per-build-session -Wnon-modular-include-in-framework-module -Werror\=non-modular-include-in-framework-module -Wno-trigraphs -Wno-missing-field-initializers -Wno-missing-prototypes -Wno-return-type -Wno-implicit-atomic-properties -Wno-objc-interface-ivars -Wno-arc-repeated-use-of-weak -Wno-missing-braces -Wparentheses -Wswitch -Wno-unused-function -Wno-unused-label -Wno-unused-parameter -Wno-unused-variable -Wunused-value -Wno-empty-body -Wno-uninitialized -Wno-unknown-pragmas -w -Wno-shadow -Wno-four-char-constants -Wno-conversion -Wno-constant-conversion -Wno-int-conversion -Wno-bool-conversion -Wno-enum-conversion -Wno-float-conversion -Wno-non-literal-null-conversion -Wno-objc-literal-conversion -Wshorten-64-to-32 -Wpointer-sign -Wno-newline-eof -Wno-selector -Wno-strict-selector-match -Wno-undeclared-selector -Wno-deprecated-implementations -Wno-implicit-fallthrough -isysroot /Applications/Xcode.app/Contents/Developer/Platforms/iPhoneSimulator.platform/Developer/SDKs/iPhoneSimulator26.4.sdk -fstrict-aliasing -Wprotocol -Wdeprecated-declarations -Wno-sign-conversion -Wno-infinite-recursion -Wno-comma -Wno-block-capture-autoreleasing -Wno-strict-prototypes -Wno-semicolon-before-method-body -index-store-path /Users/aadityasingh/Library/Developer/Xcode/DerivedData/Chatlio-erkyzdeecsohoaggpwbjdvavzqfv/Index.noindex/DataStore @/Users/aadityasingh/Library/Developer/Xcode/DerivedData/Chatlio-erkyzdeecsohoaggpwbjdvavzqfv/Build/Intermediates.noindex/DTFoundation.build/Debug-iphonesimulator/DTFoundation.build/Objects-normal/arm64/e6072d4f65d7061329687fe24e3d63a7-common-args.resp -MMD -MT dependencies -MF /Users/aadityasingh/Library/Developer/Xcode/DerivedData/Chatlio-erkyzdeecsohoaggpwbjdvavzqfv/Build/Intermediates.noindex/DTFoundation.build/Debug-iphonesimulator/DTFoundation.build/Objects-normal/arm64/NSValue+DTConversion.d --serialize-diagnostics /Users/aadityasingh/Library/Developer/Xcode/DerivedData/Chatlio-erkyzdeecsohoaggpwbjdvavzqfv/Build/Intermediates.noindex/DTFoundation.build/Debug-iphonesimulator/DTFoundation.build/Objects-normal/arm64/NSValue+DTConversion.dia -c /Users/aadityasingh/Library/Developer/Xcode/DerivedData/Chatlio-erkyzdeecsohoaggpwbjdvavzqfv/SourcePackages/checkouts/DTFoundation/Core/Source/OSX/NSValue+DTConversion.m -o /Users/aadityasingh/Library/Developer/Xcode/DerivedData/Chatlio-erkyzdeecsohoaggpwbjdvavzqfv/Build/Intermediates.noindex/DTFoundation.build/Debug-iphonesimulator/DTFoundation.build/Objects-normal/arm64/NSValue+DTConversion.o -index-unit-output-path /DTFoundation.build/Debug-iphonesimulator/DTFoundation.build/Objects-normal/arm64/NSValue+DTConversion.o

ScanDependencies /Users/aadityasingh/Library/Developer/Xcode/DerivedData/Chatlio-erkyzdeecsohoaggpwbjdvavzqfv/Build/Intermediates.noindex/DTFoundation.build/Debug-iphonesimulator/DTFoundation.build/Objects-normal/arm64/NSURL+DTUnshorten.o /Users/aadityasingh/Library/Developer/Xcode/DerivedData/Chatlio-erkyzdeecsohoaggpwbjdvavzqfv/SourcePackages/checkouts/DTFoundation/Core/Source/NSURL+DTUnshorten.m normal arm64 objective-c com.apple.compilers.llvm.clang.1_0.compiler (in target 'DTFoundation' from project 'DTFoundation')
    cd /Users/aadityasingh/Documents/Development/element-x-ios/Chatlio.xcodeproj
    
    Using response file: /Users/aadityasingh/Library/Developer/Xcode/DerivedData/Chatlio-erkyzdeecsohoaggpwbjdvavzqfv/Build/Intermediates.noindex/DTFoundation.build/Debug-iphonesimulator/DTFoundation.build/Objects-normal/arm64/e6072d4f65d7061329687fe24e3d63a7-common-args.resp
    
    builtin-ScanDependencies -o /Users/aadityasingh/Library/Developer/Xcode/DerivedData/Chatlio-erkyzdeecsohoaggpwbjdvavzqfv/Build/Intermediates.noindex/DTFoundation.build/Debug-iphonesimulator/DTFoundation.build/Objects-normal/arm64/NSURL+DTUnshorten.o.scan -- /Applications/Xcode.app/Contents/Developer/Toolchains/XcodeDefault.xctoolchain/usr/bin/clang -x objective-c -ivfsstatcache /Users/aadityasingh/Library/Developer/Xcode/DerivedData/SDKStatCaches.noindex/iphonesimulator26.4-23E252-686eebb5dc1d8ecb277353a59184f4aa.sdkstatcache -target arm64-apple-ios12.0-simulator -fmessage-length\=0 -fdiagnostics-show-note-include-stack -fmacro-backtrace-limit\=0 -fno-color-diagnostics -fmodules-prune-interval\=86400 -fmodules-prune-after\=345600 -fbuild-session-file\=/Users/aadityasingh/Library/Developer/Xcode/DerivedData/ModuleCache.noindex/Session.modulevalidation -fmodules-validate-once-per-build-session -Wnon-modular-include-in-framework-module -Werror\=non-modular-include-in-framework-module -Wno-trigraphs -Wno-missing-field-initializers -Wno-missing-prototypes -Wno-return-type -Wno-implicit-atomic-properties -Wno-objc-interface-ivars -Wno-arc-repeated-use-of-weak -Wno-missing-braces -Wparentheses -Wswitch -Wno-unused-function -Wno-unused-label -Wno-unused-parameter -Wno-unused-variable -Wunused-value -Wno-empty-body -Wno-uninitialized -Wno-unknown-pragmas -w -Wno-shadow -Wno-four-char-constants -Wno-conversion -Wno-constant-conversion -Wno-int-conversion -Wno-bool-conversion -Wno-enum-conversion -Wno-float-conversion -Wno-non-literal-null-conversion -Wno-objc-literal-conversion -Wshorten-64-to-32 -Wpointer-sign -Wno-newline-eof -Wno-selector -Wno-strict-selector-match -Wno-undeclared-selector -Wno-deprecated-implementations -Wno-implicit-fallthrough -isysroot /Applications/Xcode.app/Contents/Developer/Platforms/iPhoneSimulator.platform/Developer/SDKs/iPhoneSimulator26.4.sdk -fstrict-aliasing -Wprotocol -Wdeprecated-declarations -Wno-sign-conversion -Wno-infinite-recursion -Wno-comma -Wno-block-capture-autoreleasing -Wno-strict-prototypes -Wno-semicolon-before-method-body -index-store-path /Users/aadityasingh/Library/Developer/Xcode/DerivedData/Chatlio-erkyzdeecsohoaggpwbjdvavzqfv/Index.noindex/DataStore @/Users/aadityasingh/Library/Developer/Xcode/DerivedData/Chatlio-erkyzdeecsohoaggpwbjdvavzqfv/Build/Intermediates.noindex/DTFoundation.build/Debug-iphonesimulator/DTFoundation.build/Objects-normal/arm64/e6072d4f65d7061329687fe24e3d63a7-common-args.resp -MMD -MT dependencies -MF /Users/aadityasingh/Library/Developer/Xcode/DerivedData/Chatlio-erkyzdeecsohoaggpwbjdvavzqfv/Build/Intermediates.noindex/DTFoundation.build/Debug-iphonesimulator/DTFoundation.build/Objects-normal/arm64/NSURL+DTUnshorten.d --serialize-diagnostics /Users/aadityasingh/Library/Developer/Xcode/DerivedData/Chatlio-erkyzdeecsohoaggpwbjdvavzqfv/Build/Intermediates.noindex/DTFoundation.build/Debug-iphonesimulator/DTFoundation.build/Objects-normal/arm64/NSURL+DTUnshorten.dia -c /Users/aadityasingh/Library/Developer/Xcode/DerivedData/Chatlio-erkyzdeecsohoaggpwbjdvavzqfv/SourcePackages/checkouts/DTFoundation/Core/Source/NSURL+DTUnshorten.m -o /Users/aadityasingh/Library/Developer/Xcode/DerivedData/Chatlio-erkyzdeecsohoaggpwbjdvavzqfv/Build/Intermediates.noindex/DTFoundation.build/Debug-iphonesimulator/DTFoundation.build/Objects-normal/arm64/NSURL+DTUnshorten.o -index-unit-output-path /DTFoundation.build/Debug-iphonesimulator/DTFoundation.build/Objects-normal/arm64/NSURL+DTUnshorten.o

ScanDependencies /Users/aadityasingh/Library/Developer/Xcode/DerivedData/Chatlio-erkyzdeecsohoaggpwbjdvavzqfv/Build/Intermediates.noindex/DTFoundation.build/Debug-iphonesimulator/DTFoundation.build/Objects-normal/arm64/NSURL+DTComparing.o /Users/aadityasingh/Library/Developer/Xcode/DerivedData/Chatlio-erkyzdeecsohoaggpwbjdvavzqfv/SourcePackages/checkouts/DTFoundation/Core/Source/NSURL+DTComparing.m normal arm64 objective-c com.apple.compilers.llvm.clang.1_0.compiler (in target 'DTFoundation' from project 'DTFoundation')
    cd /Users/aadityasingh/Documents/Development/element-x-ios/Chatlio.xcodeproj
    
    Using response file: /Users/aadityasingh/Library/Developer/Xcode/DerivedData/Chatlio-erkyzdeecsohoaggpwbjdvavzqfv/Build/Intermediates.noindex/DTFoundation.build/Debug-iphonesimulator/DTFoundation.build/Objects-normal/arm64/e6072d4f65d7061329687fe24e3d63a7-common-args.resp
    
    builtin-ScanDependencies -o /Users/aadityasingh/Library/Developer/Xcode/DerivedData/Chatlio-erkyzdeecsohoaggpwbjdvavzqfv/Build/Intermediates.noindex/DTFoundation.build/Debug-iphonesimulator/DTFoundation.build/Objects-normal/arm64/NSURL+DTComparing.o.scan -- /Applications/Xcode.app/Contents/Developer/Toolchains/XcodeDefault.xctoolchain/usr/bin/clang -x objective-c -ivfsstatcache /Users/aadityasingh/Library/Developer/Xcode/DerivedData/SDKStatCaches.noindex/iphonesimulator26.4-23E252-686eebb5dc1d8ecb277353a59184f4aa.sdkstatcache -target arm64-apple-ios12.0-simulator -fmessage-length\=0 -fdiagnostics-show-note-include-stack -fmacro-backtrace-limit\=0 -fno-color-diagnostics -fmodules-prune-interval\=86400 -fmodules-prune-after\=345600 -fbuild-session-file\=/Users/aadityasingh/Library/Developer/Xcode/DerivedData/ModuleCache.noindex/Session.modulevalidation -fmodules-validate-once-per-build-session -Wnon-modular-include-in-framework-module -Werror\=non-modular-include-in-framework-module -Wno-trigraphs -Wno-missing-field-initializers -Wno-missing-prototypes -Wno-return-type -Wno-implicit-atomic-properties -Wno-objc-interface-ivars -Wno-arc-repeated-use-of-weak -Wno-missing-braces -Wparentheses -Wswitch -Wno-unused-function -Wno-unused-label -Wno-unused-parameter -Wno-unused-variable -Wunused-value -Wno-empty-body -Wno-uninitialized -Wno-unknown-pragmas -w -Wno-shadow -Wno-four-char-constants -Wno-conversion -Wno-constant-conversion -Wno-int-conversion -Wno-bool-conversion -Wno-enum-conversion -Wno-float-conversion -Wno-non-literal-null-conversion -Wno-objc-literal-conversion -Wshorten-64-to-32 -Wpointer-sign -Wno-newline-eof -Wno-selector -Wno-strict-selector-match -Wno-undeclared-selector -Wno-deprecated-implementations -Wno-implicit-fallthrough -isysroot /Applications/Xcode.app/Contents/Developer/Platforms/iPhoneSimulator.platform/Developer/SDKs/iPhoneSimulator26.4.sdk -fstrict-aliasing -Wprotocol -Wdeprecated-declarations -Wno-sign-conversion -Wno-infinite-recursion -Wno-comma -Wno-block-capture-autoreleasing -Wno-strict-prototypes -Wno-semicolon-before-method-body -index-store-path /Users/aadityasingh/Library/Developer/Xcode/DerivedData/Chatlio-erkyzdeecsohoaggpwbjdvavzqfv/Index.noindex/DataStore @/Users/aadityasingh/Library/Developer/Xcode/DerivedData/Chatlio-erkyzdeecsohoaggpwbjdvavzqfv/Build/Intermediates.noindex/DTFoundation.build/Debug-iphonesimulator/DTFoundation.build/Objects-normal/arm64/e6072d4f65d7061329687fe24e3d63a7-common-args.resp -MMD -MT dependencies -MF /Users/aadityasingh/Library/Developer/Xcode/DerivedData/Chatlio-erkyzdeecsohoaggpwbjdvavzqfv/Build/Intermediates.noindex/DTFoundation.build/Debug-iphonesimulator/DTFoundation.build/Objects-normal/arm64/NSURL+DTComparing.d --serialize-diagnostics /Users/aadityasingh/Library/Developer/Xcode/DerivedData/Chatlio-erkyzdeecsohoaggpwbjdvavzqfv/Build/Intermediates.noindex/DTFoundation.build/Debug-iphonesimulator/DTFoundation.build/Objects-normal/arm64/NSURL+DTComparing.dia -c /Users/aadityasingh/Library/Developer/Xcode/DerivedData/Chatlio-erkyzdeecsohoaggpwbjdvavzqfv/SourcePackages/checkouts/DTFoundation/Core/Source/NSURL+DTComparing.m -o /Users/aadityasingh/Library/Developer/Xcode/DerivedData/Chatlio-erkyzdeecsohoaggpwbjdvavzqfv/Build/Intermediates.noindex/DTFoundation.build/Debug-iphonesimulator/DTFoundation.build/Objects-normal/arm64/NSURL+DTComparing.o -index-unit-output-path /DTFoundation.build/Debug-iphonesimulator/DTFoundation.build/Objects-normal/arm64/NSURL+DTComparing.o

ScanDependencies /Users/aadityasingh/Library/Developer/Xcode/DerivedData/Chatlio-erkyzdeecsohoaggpwbjdvavzqfv/Build/Intermediates.noindex/DTFoundation.build/Debug-iphonesimulator/DTFoundation.build/Objects-normal/arm64/NSURL+DTAppLinks.o /Users/aadityasingh/Library/Developer/Xcode/DerivedData/Chatlio-erkyzdeecsohoaggpwbjdvavzqfv/SourcePackages/checkouts/DTFoundation/Core/Source/iOS/NSURL+DTAppLinks.m normal arm64 objective-c com.apple.compilers.llvm.clang.1_0.compiler (in target 'DTFoundation' from project 'DTFoundation')
    cd /Users/aadityasingh/Documents/Development/element-x-ios/Chatlio.xcodeproj
    
    Using response file: /Users/aadityasingh/Library/Developer/Xcode/DerivedData/Chatlio-erkyzdeecsohoaggpwbjdvavzqfv/Build/Intermediates.noindex/DTFoundation.build/Debug-iphonesimulator/DTFoundation.build/Objects-normal/arm64/e6072d4f65d7061329687fe24e3d63a7-common-args.resp
    
    builtin-ScanDependencies -o /Users/aadityasingh/Library/Developer/Xcode/DerivedData/Chatlio-erkyzdeecsohoaggpwbjdvavzqfv/Build/Intermediates.noindex/DTFoundation.build/Debug-iphonesimulator/DTFoundation.build/Objects-normal/arm64/NSURL+DTAppLinks.o.scan -- /Applications/Xcode.app/Contents/Developer/Toolchains/XcodeDefault.xctoolchain/usr/bin/clang -x objective-c -ivfsstatcache /Users/aadityasingh/Library/Developer/Xcode/DerivedData/SDKStatCaches.noindex/iphonesimulator26.4-23E252-686eebb5dc1d8ecb277353a59184f4aa.sdkstatcache -target arm64-apple-ios12.0-simulator -fmessage-length\=0 -fdiagnostics-show-note-include-stack -fmacro-backtrace-limit\=0 -fno-color-diagnostics -fmodules-prune-interval\=86400 -fmodules-prune-after\=345600 -fbuild-session-file\=/Users/aadityasingh/Library/Developer/Xcode/DerivedData/ModuleCache.noindex/Session.modulevalidation -fmodules-validate-once-per-build-session -Wnon-modular-include-in-framework-module -Werror\=non-modular-include-in-framework-module -Wno-trigraphs -Wno-missing-field-initializers -Wno-missing-prototypes -Wno-return-type -Wno-implicit-atomic-properties -Wno-objc-interface-ivars -Wno-arc-repeated-use-of-weak -Wno-missing-braces -Wparentheses -Wswitch -Wno-unused-function -Wno-unused-label -Wno-unused-parameter -Wno-unused-variable -Wunused-value -Wno-empty-body -Wno-uninitialized -Wno-unknown-pragmas -w -Wno-shadow -Wno-four-char-constants -Wno-conversion -Wno-constant-conversion -Wno-int-conversion -Wno-bool-conversion -Wno-enum-conversion -Wno-float-conversion -Wno-non-literal-null-conversion -Wno-objc-literal-conversion -Wshorten-64-to-32 -Wpointer-sign -Wno-newline-eof -Wno-selector -Wno-strict-selector-match -Wno-undeclared-selector -Wno-deprecated-implementations -Wno-implicit-fallthrough -isysroot /Applications/Xcode.app/Contents/Developer/Platforms/iPhoneSimulator.platform/Developer/SDKs/iPhoneSimulator26.4.sdk -fstrict-aliasing -Wprotocol -Wdeprecated-declarations -Wno-sign-conversion -Wno-infinite-recursion -Wno-comma -Wno-block-capture-autoreleasing -Wno-strict-prototypes -Wno-semicolon-before-method-body -index-store-path /Users/aadityasingh/Library/Developer/Xcode/DerivedData/Chatlio-erkyzdeecsohoaggpwbjdvavzqfv/Index.noindex/DataStore @/Users/aadityasingh/Library/Developer/Xcode/DerivedData/Chatlio-erkyzdeecsohoaggpwbjdvavzqfv/Build/Intermediates.noindex/DTFoundation.build/Debug-iphonesimulator/DTFoundation.build/Objects-normal/arm64/e6072d4f65d7061329687fe24e3d63a7-common-args.resp -MMD -MT dependencies -MF /Users/aadityasingh/Library/Developer/Xcode/DerivedData/Chatlio-erkyzdeecsohoaggpwbjdvavzqfv/Build/Intermediates.noindex/DTFoundation.build/Debug-iphonesimulator/DTFoundation.build/Objects-normal/arm64/NSURL+DTAppLinks.d --serialize-diagnostics /Users/aadityasingh/Library/Developer/Xcode/DerivedData/Chatlio-erkyzdeecsohoaggpwbjdvavzqfv/Build/Intermediates.noindex/DTFoundation.build/Debug-iphonesimulator/DTFoundation.build/Objects-normal/arm64/NSURL+DTAppLinks.dia -c /Users/aadityasingh/Library/Developer/Xcode/DerivedData/Chatlio-erkyzdeecsohoaggpwbjdvavzqfv/SourcePackages/checkouts/DTFoundation/Core/Source/iOS/NSURL+DTAppLinks.m -o /Users/aadityasingh/Library/Developer/Xcode/DerivedData/Chatlio-erkyzdeecsohoaggpwbjdvavzqfv/Build/Intermediates.noindex/DTFoundation.build/Debug-iphonesimulator/DTFoundation.build/Objects-normal/arm64/NSURL+DTAppLinks.o -index-unit-output-path /DTFoundation.build/Debug-iphonesimulator/DTFoundation.build/Objects-normal/arm64/NSURL+DTAppLinks.o

ScanDependencies /Users/aadityasingh/Library/Developer/Xcode/DerivedData/Chatlio-erkyzdeecsohoaggpwbjdvavzqfv/Build/Intermediates.noindex/DTFoundation.build/Debug-iphonesimulator/DTFoundation.build/Objects-normal/arm64/NSURL+DTAWS.o /Users/aadityasingh/Library/Developer/Xcode/DerivedData/Chatlio-erkyzdeecsohoaggpwbjdvavzqfv/SourcePackages/checkouts/DTFoundation/Core/Source/DTAWS/NSURL+DTAWS.m normal arm64 objective-c com.apple.compilers.llvm.clang.1_0.compiler (in target 'DTFoundation' from project 'DTFoundation')
    cd /Users/aadityasingh/Documents/Development/element-x-ios/Chatlio.xcodeproj
    
    Using response file: /Users/aadityasingh/Library/Developer/Xcode/DerivedData/Chatlio-erkyzdeecsohoaggpwbjdvavzqfv/Build/Intermediates.noindex/DTFoundation.build/Debug-iphonesimulator/DTFoundation.build/Objects-normal/arm64/e6072d4f65d7061329687fe24e3d63a7-common-args.resp
    
    builtin-ScanDependencies -o /Users/aadityasingh/Library/Developer/Xcode/DerivedData/Chatlio-erkyzdeecsohoaggpwbjdvavzqfv/Build/Intermediates.noindex/DTFoundation.build/Debug-iphonesimulator/DTFoundation.build/Objects-normal/arm64/NSURL+DTAWS.o.scan -- /Applications/Xcode.app/Contents/Developer/Toolchains/XcodeDefault.xctoolchain/usr/bin/clang -x objective-c -ivfsstatcache /Users/aadityasingh/Library/Developer/Xcode/DerivedData/SDKStatCaches.noindex/iphonesimulator26.4-23E252-686eebb5dc1d8ecb277353a59184f4aa.sdkstatcache -target arm64-apple-ios12.0-simulator -fmessage-length\=0 -fdiagnostics-show-note-include-stack -fmacro-backtrace-limit\=0 -fno-color-diagnostics -fmodules-prune-interval\=86400 -fmodules-prune-after\=345600 -fbuild-session-file\=/Users/aadityasingh/Library/Developer/Xcode/DerivedData/ModuleCache.noindex/Session.modulevalidation -fmodules-validate-once-per-build-session -Wnon-modular-include-in-framework-module -Werror\=non-modular-include-in-framework-module -Wno-trigraphs -Wno-missing-field-initializers -Wno-missing-prototypes -Wno-return-type -Wno-implicit-atomic-properties -Wno-objc-interface-ivars -Wno-arc-repeated-use-of-weak -Wno-missing-braces -Wparentheses -Wswitch -Wno-unused-function -Wno-unused-label -Wno-unused-parameter -Wno-unused-variable -Wunused-value -Wno-empty-body -Wno-uninitialized -Wno-unknown-pragmas -w -Wno-shadow -Wno-four-char-constants -Wno-conversion -Wno-constant-conversion -Wno-int-conversion -Wno-bool-conversion -Wno-enum-conversion -Wno-float-conversion -Wno-non-literal-null-conversion -Wno-objc-literal-conversion -Wshorten-64-to-32 -Wpointer-sign -Wno-newline-eof -Wno-selector -Wno-strict-selector-match -Wno-undeclared-selector -Wno-deprecated-implementations -Wno-implicit-fallthrough -isysroot /Applications/Xcode.app/Contents/Developer/Platforms/iPhoneSimulator.platform/Developer/SDKs/iPhoneSimulator26.4.sdk -fstrict-aliasing -Wprotocol -Wdeprecated-declarations -Wno-sign-conversion -Wno-infinite-recursion -Wno-comma -Wno-block-capture-autoreleasing -Wno-strict-prototypes -Wno-semicolon-before-method-body -index-store-path /Users/aadityasingh/Library/Developer/Xcode/DerivedData/Chatlio-erkyzdeecsohoaggpwbjdvavzqfv/Index.noindex/DataStore @/Users/aadityasingh/Library/Developer/Xcode/DerivedData/Chatlio-erkyzdeecsohoaggpwbjdvavzqfv/Build/Intermediates.noindex/DTFoundation.build/Debug-iphonesimulator/DTFoundation.build/Objects-normal/arm64/e6072d4f65d7061329687fe24e3d63a7-common-args.resp -MMD -MT dependencies -MF /Users/aadityasingh/Library/Developer/Xcode/DerivedData/Chatlio-erkyzdeecsohoaggpwbjdvavzqfv/Build/Intermediates.noindex/DTFoundation.build/Debug-iphonesimulator/DTFoundation.build/Objects-normal/arm64/NSURL+DTAWS.d --serialize-diagnostics /Users/aadityasingh/Library/Developer/Xcode/DerivedData/Chatlio-erkyzdeecsohoaggpwbjdvavzqfv/Build/Intermediates.noindex/DTFoundation.build/Debug-iphonesimulator/DTFoundation.build/Objects-normal/arm64/NSURL+DTAWS.dia -c /Users/aadityasingh/Library/Developer/Xcode/DerivedData/Chatlio-erkyzdeecsohoaggpwbjdvavzqfv/SourcePackages/checkouts/DTFoundation/Core/Source/DTAWS/NSURL+DTAWS.m -o /Users/aadityasingh/Library/Developer/Xcode/DerivedData/Chatlio-erkyzdeecsohoaggpwbjdvavzqfv/Build/Intermediates.noindex/DTFoundation.build/Debug-iphonesimulator/DTFoundation.build/Objects-normal/arm64/NSURL+DTAWS.o -index-unit-output-path /DTFoundation.build/Debug-iphonesimulator/DTFoundation.build/Objects-normal/arm64/NSURL+DTAWS.o

ScanDependencies /Users/aadityasingh/Library/Developer/Xcode/DerivedData/Chatlio-erkyzdeecsohoaggpwbjdvavzqfv/Build/Intermediates.noindex/DTFoundation.build/Debug-iphonesimulator/DTFoundation.build/Objects-normal/arm64/NSString+DTUtilities.o /Users/aadityasingh/Library/Developer/Xcode/DerivedData/Chatlio-erkyzdeecsohoaggpwbjdvavzqfv/SourcePackages/checkouts/DTFoundation/Core/Source/NSString+DTUtilities.m normal arm64 objective-c com.apple.compilers.llvm.clang.1_0.compiler (in target 'DTFoundation' from project 'DTFoundation')
    cd /Users/aadityasingh/Documents/Development/element-x-ios/Chatlio.xcodeproj
    
    Using response file: /Users/aadityasingh/Library/Developer/Xcode/DerivedData/Chatlio-erkyzdeecsohoaggpwbjdvavzqfv/Build/Intermediates.noindex/DTFoundation.build/Debug-iphonesimulator/DTFoundation.build/Objects-normal/arm64/e6072d4f65d7061329687fe24e3d63a7-common-args.resp
    
    builtin-ScanDependencies -o /Users/aadityasingh/Library/Developer/Xcode/DerivedData/Chatlio-erkyzdeecsohoaggpwbjdvavzqfv/Build/Intermediates.noindex/DTFoundation.build/Debug-iphonesimulator/DTFoundation.build/Objects-normal/arm64/NSString+DTUtilities.o.scan -- /Applications/Xcode.app/Contents/Developer/Toolchains/XcodeDefault.xctoolchain/usr/bin/clang -x objective-c -ivfsstatcache /Users/aadityasingh/Library/Developer/Xcode/DerivedData/SDKStatCaches.noindex/iphonesimulator26.4-23E252-686eebb5dc1d8ecb277353a59184f4aa.sdkstatcache -target arm64-apple-ios12.0-simulator -fmessage-length\=0 -fdiagnostics-show-note-include-stack -fmacro-backtrace-limit\=0 -fno-color-diagnostics -fmodules-prune-interval\=86400 -fmodules-prune-after\=345600 -fbuild-session-file\=/Users/aadityasingh/Library/Developer/Xcode/DerivedData/ModuleCache.noindex/Session.modulevalidation -fmodules-validate-once-per-build-session -Wnon-modular-include-in-framework-module -Werror\=non-modular-include-in-framework-module -Wno-trigraphs -Wno-missing-field-initializers -Wno-missing-prototypes -Wno-return-type -Wno-implicit-atomic-properties -Wno-objc-interface-ivars -Wno-arc-repeated-use-of-weak -Wno-missing-braces -Wparentheses -Wswitch -Wno-unused-function -Wno-unused-label -Wno-unused-parameter -Wno-unused-variable -Wunused-value -Wno-empty-body -Wno-uninitialized -Wno-unknown-pragmas -w -Wno-shadow -Wno-four-char-constants -Wno-conversion -Wno-constant-conversion -Wno-int-conversion -Wno-bool-conversion -Wno-enum-conversion -Wno-float-conversion -Wno-non-literal-null-conversion -Wno-objc-literal-conversion -Wshorten-64-to-32 -Wpointer-sign -Wno-newline-eof -Wno-selector -Wno-strict-selector-match -Wno-undeclared-selector -Wno-deprecated-implementations -Wno-implicit-fallthrough -isysroot /Applications/Xcode.app/Contents/Developer/Platforms/iPhoneSimulator.platform/Developer/SDKs/iPhoneSimulator26.4.sdk -fstrict-aliasing -Wprotocol -Wdeprecated-declarations -Wno-sign-conversion -Wno-infinite-recursion -Wno-comma -Wno-block-capture-autoreleasing -Wno-strict-prototypes -Wno-semicolon-before-method-body -index-store-path /Users/aadityasingh/Library/Developer/Xcode/DerivedData/Chatlio-erkyzdeecsohoaggpwbjdvavzqfv/Index.noindex/DataStore @/Users/aadityasingh/Library/Developer/Xcode/DerivedData/Chatlio-erkyzdeecsohoaggpwbjdvavzqfv/Build/Intermediates.noindex/DTFoundation.build/Debug-iphonesimulator/DTFoundation.build/Objects-normal/arm64/e6072d4f65d7061329687fe24e3d63a7-common-args.resp -MMD -MT dependencies -MF /Users/aadityasingh/Library/Developer/Xcode/DerivedData/Chatlio-erkyzdeecsohoaggpwbjdvavzqfv/Build/Intermediates.noindex/DTFoundation.build/Debug-iphonesimulator/DTFoundation.build/Objects-normal/arm64/NSString+DTUtilities.d --serialize-diagnostics /Users/aadityasingh/Library/Developer/Xcode/DerivedData/Chatlio-erkyzdeecsohoaggpwbjdvavzqfv/Build/Intermediates.noindex/DTFoundation.build/Debug-iphonesimulator/DTFoundation.build/Objects-normal/arm64/NSString+DTUtilities.dia -c /Users/aadityasingh/Library/Developer/Xcode/DerivedData/Chatlio-erkyzdeecsohoaggpwbjdvavzqfv/SourcePackages/checkouts/DTFoundation/Core/Source/NSString+DTUtilities.m -o /Users/aadityasingh/Library/Developer/Xcode/DerivedData/Chatlio-erkyzdeecsohoaggpwbjdvavzqfv/Build/Intermediates.noindex/DTFoundation.build/Debug-iphonesimulator/DTFoundation.build/Objects-normal/arm64/NSString+DTUtilities.o -index-unit-output-path /DTFoundation.build/Debug-iphonesimulator/DTFoundation.build/Objects-normal/arm64/NSString+DTUtilities.o

ScanDependencies /Users/aadityasingh/Library/Developer/Xcode/DerivedData/Chatlio-erkyzdeecsohoaggpwbjdvavzqfv/Build/Intermediates.noindex/DTFoundation.build/Debug-iphonesimulator/DTFoundation.build/Objects-normal/arm64/NSString+DTUTI.o /Users/aadityasingh/Library/Developer/Xcode/DerivedData/Chatlio-erkyzdeecsohoaggpwbjdvavzqfv/SourcePackages/checkouts/DTFoundation/Core/Source/DTUTI/NSString+DTUTI.m normal arm64 objective-c com.apple.compilers.llvm.clang.1_0.compiler (in target 'DTFoundation' from project 'DTFoundation')
    cd /Users/aadityasingh/Documents/Development/element-x-ios/Chatlio.xcodeproj
    
    Using response file: /Users/aadityasingh/Library/Developer/Xcode/DerivedData/Chatlio-erkyzdeecsohoaggpwbjdvavzqfv/Build/Intermediates.noindex/DTFoundation.build/Debug-iphonesimulator/DTFoundation.build/Objects-normal/arm64/e6072d4f65d7061329687fe24e3d63a7-common-args.resp
    
    builtin-ScanDependencies -o /Users/aadityasingh/Library/Developer/Xcode/DerivedData/Chatlio-erkyzdeecsohoaggpwbjdvavzqfv/Build/Intermediates.noindex/DTFoundation.build/Debug-iphonesimulator/DTFoundation.build/Objects-normal/arm64/NSString+DTUTI.o.scan -- /Applications/Xcode.app/Contents/Developer/Toolchains/XcodeDefault.xctoolchain/usr/bin/clang -x objective-c -ivfsstatcache /Users/aadityasingh/Library/Developer/Xcode/DerivedData/SDKStatCaches.noindex/iphonesimulator26.4-23E252-686eebb5dc1d8ecb277353a59184f4aa.sdkstatcache -target arm64-apple-ios12.0-simulator -fmessage-length\=0 -fdiagnostics-show-note-include-stack -fmacro-backtrace-limit\=0 -fno-color-diagnostics -fmodules-prune-interval\=86400 -fmodules-prune-after\=345600 -fbuild-session-file\=/Users/aadityasingh/Library/Developer/Xcode/DerivedData/ModuleCache.noindex/Session.modulevalidation -fmodules-validate-once-per-build-session -Wnon-modular-include-in-framework-module -Werror\=non-modular-include-in-framework-module -Wno-trigraphs -Wno-missing-field-initializers -Wno-missing-prototypes -Wno-return-type -Wno-implicit-atomic-properties -Wno-objc-interface-ivars -Wno-arc-repeated-use-of-weak -Wno-missing-braces -Wparentheses -Wswitch -Wno-unused-function -Wno-unused-label -Wno-unused-parameter -Wno-unused-variable -Wunused-value -Wno-empty-body -Wno-uninitialized -Wno-unknown-pragmas -w -Wno-shadow -Wno-four-char-constants -Wno-conversion -Wno-constant-conversion -Wno-int-conversion -Wno-bool-conversion -Wno-enum-conversion -Wno-float-conversion -Wno-non-literal-null-conversion -Wno-objc-literal-conversion -Wshorten-64-to-32 -Wpointer-sign -Wno-newline-eof -Wno-selector -Wno-strict-selector-match -Wno-undeclared-selector -Wno-deprecated-implementations -Wno-implicit-fallthrough -isysroot /Applications/Xcode.app/Contents/Developer/Platforms/iPhoneSimulator.platform/Developer/SDKs/iPhoneSimulator26.4.sdk -fstrict-aliasing -Wprotocol -Wdeprecated-declarations -Wno-sign-conversion -Wno-infinite-recursion -Wno-comma -Wno-block-capture-autoreleasing -Wno-strict-prototypes -Wno-semicolon-before-method-body -index-store-path /Users/aadityasingh/Library/Developer/Xcode/DerivedData/Chatlio-erkyzdeecsohoaggpwbjdvavzqfv/Index.noindex/DataStore @/Users/aadityasingh/Library/Developer/Xcode/DerivedData/Chatlio-erkyzdeecsohoaggpwbjdvavzqfv/Build/Intermediates.noindex/DTFoundation.build/Debug-iphonesimulator/DTFoundation.build/Objects-normal/arm64/e6072d4f65d7061329687fe24e3d63a7-common-args.resp -MMD -MT dependencies -MF /Users/aadityasingh/Library/Developer/Xcode/DerivedData/Chatlio-erkyzdeecsohoaggpwbjdvavzqfv/Build/Intermediates.noindex/DTFoundation.build/Debug-iphonesimulator/DTFoundation.build/Objects-normal/arm64/NSString+DTUTI.d --serialize-diagnostics /Users/aadityasingh/Library/Developer/Xcode/DerivedData/Chatlio-erkyzdeecsohoaggpwbjdvavzqfv/Build/Intermediates.noindex/DTFoundation.build/Debug-iphonesimulator/DTFoundation.build/Objects-normal/arm64/NSString+DTUTI.dia -c /Users/aadityasingh/Library/Developer/Xcode/DerivedData/Chatlio-erkyzdeecsohoaggpwbjdvavzqfv/SourcePackages/checkouts/DTFoundation/Core/Source/DTUTI/NSString+DTUTI.m -o /Users/aadityasingh/Library/Developer/Xcode/DerivedData/Chatlio-erkyzdeecsohoaggpwbjdvavzqfv/Build/Intermediates.noindex/DTFoundation.build/Debug-iphonesimulator/DTFoundation.build/Objects-normal/arm64/NSString+DTUTI.o -index-unit-output-path /DTFoundation.build/Debug-iphonesimulator/DTFoundation.build/Objects-normal/arm64/NSString+DTUTI.o

ScanDependencies /Users/aadityasingh/Library/Developer/Xcode/DerivedData/Chatlio-erkyzdeecsohoaggpwbjdvavzqfv/Build/Intermediates.noindex/DTFoundation.build/Debug-iphonesimulator/DTFoundation.build/Objects-normal/arm64/NSString+DTURLEncoding.o /Users/aadityasingh/Library/Developer/Xcode/DerivedData/Chatlio-erkyzdeecsohoaggpwbjdvavzqfv/SourcePackages/checkouts/DTFoundation/Core/Source/NSString+DTURLEncoding.m normal arm64 objective-c com.apple.compilers.llvm.clang.1_0.compiler (in target 'DTFoundation' from project 'DTFoundation')
    cd /Users/aadityasingh/Documents/Development/element-x-ios/Chatlio.xcodeproj
    
    Using response file: /Users/aadityasingh/Library/Developer/Xcode/DerivedData/Chatlio-erkyzdeecsohoaggpwbjdvavzqfv/Build/Intermediates.noindex/DTFoundation.build/Debug-iphonesimulator/DTFoundation.build/Objects-normal/arm64/e6072d4f65d7061329687fe24e3d63a7-common-args.resp
    
    builtin-ScanDependencies -o /Users/aadityasingh/Library/Developer/Xcode/DerivedData/Chatlio-erkyzdeecsohoaggpwbjdvavzqfv/Build/Intermediates.noindex/DTFoundation.build/Debug-iphonesimulator/DTFoundation.build/Objects-normal/arm64/NSString+DTURLEncoding.o.scan -- /Applications/Xcode.app/Contents/Developer/Toolchains/XcodeDefault.xctoolchain/usr/bin/clang -x objective-c -ivfsstatcache /Users/aadityasingh/Library/Developer/Xcode/DerivedData/SDKStatCaches.noindex/iphonesimulator26.4-23E252-686eebb5dc1d8ecb277353a59184f4aa.sdkstatcache -target arm64-apple-ios12.0-simulator -fmessage-length\=0 -fdiagnostics-show-note-include-stack -fmacro-backtrace-limit\=0 -fno-color-diagnostics -fmodules-prune-interval\=86400 -fmodules-prune-after\=345600 -fbuild-session-file\=/Users/aadityasingh/Library/Developer/Xcode/DerivedData/ModuleCache.noindex/Session.modulevalidation -fmodules-validate-once-per-build-session -Wnon-modular-include-in-framework-module -Werror\=non-modular-include-in-framework-module -Wno-trigraphs -Wno-missing-field-initializers -Wno-missing-prototypes -Wno-return-type -Wno-implicit-atomic-properties -Wno-objc-interface-ivars -Wno-arc-repeated-use-of-weak -Wno-missing-braces -Wparentheses -Wswitch -Wno-unused-function -Wno-unused-label -Wno-unused-parameter -Wno-unused-variable -Wunused-value -Wno-empty-body -Wno-uninitialized -Wno-unknown-pragmas -w -Wno-shadow -Wno-four-char-constants -Wno-conversion -Wno-constant-conversion -Wno-int-conversion -Wno-bool-conversion -Wno-enum-conversion -Wno-float-conversion -Wno-non-literal-null-conversion -Wno-objc-literal-conversion -Wshorten-64-to-32 -Wpointer-sign -Wno-newline-eof -Wno-selector -Wno-strict-selector-match -Wno-undeclared-selector -Wno-deprecated-implementations -Wno-implicit-fallthrough -isysroot /Applications/Xcode.app/Contents/Developer/Platforms/iPhoneSimulator.platform/Developer/SDKs/iPhoneSimulator26.4.sdk -fstrict-aliasing -Wprotocol -Wdeprecated-declarations -Wno-sign-conversion -Wno-infinite-recursion -Wno-comma -Wno-block-capture-autoreleasing -Wno-strict-prototypes -Wno-semicolon-before-method-body -index-store-path /Users/aadityasingh/Library/Developer/Xcode/DerivedData/Chatlio-erkyzdeecsohoaggpwbjdvavzqfv/Index.noindex/DataStore @/Users/aadityasingh/Library/Developer/Xcode/DerivedData/Chatlio-erkyzdeecsohoaggpwbjdvavzqfv/Build/Intermediates.noindex/DTFoundation.build/Debug-iphonesimulator/DTFoundation.build/Objects-normal/arm64/e6072d4f65d7061329687fe24e3d63a7-common-args.resp -MMD -MT dependencies -MF /Users/aadityasingh/Library/Developer/Xcode/DerivedData/Chatlio-erkyzdeecsohoaggpwbjdvavzqfv/Build/Intermediates.noindex/DTFoundation.build/Debug-iphonesimulator/DTFoundation.build/Objects-normal/arm64/NSString+DTURLEncoding.d --serialize-diagnostics /Users/aadityasingh/Library/Developer/Xcode/DerivedData/Chatlio-erkyzdeecsohoaggpwbjdvavzqfv/Build/Intermediates.noindex/DTFoundation.build/Debug-iphonesimulator/DTFoundation.build/Objects-normal/arm64/NSString+DTURLEncoding.dia -c /Users/aadityasingh/Library/Developer/Xcode/DerivedData/Chatlio-erkyzdeecsohoaggpwbjdvavzqfv/SourcePackages/checkouts/DTFoundation/Core/Source/NSString+DTURLEncoding.m -o /Users/aadityasingh/Library/Developer/Xcode/DerivedData/Chatlio-erkyzdeecsohoaggpwbjdvavzqfv/Build/Intermediates.noindex/DTFoundation.build/Debug-iphonesimulator/DTFoundation.build/Objects-normal/arm64/NSString+DTURLEncoding.o -index-unit-output-path /DTFoundation.build/Debug-iphonesimulator/DTFoundation.build/Objects-normal/arm64/NSString+DTURLEncoding.o

PrecompileModule /Users/aadityasingh/Library/Developer/Xcode/DerivedData/Chatlio-erkyzdeecsohoaggpwbjdvavzqfv/Build/Intermediates.noindex/ExplicitPrecompiledModules/ptrauth-8U9PU3NISCLBGXO692QN3S3SD.scan
    cd /
    builtin-precompileModule /Users/aadityasingh/Library/Developer/Xcode/DerivedData/Chatlio-erkyzdeecsohoaggpwbjdvavzqfv/Build/Intermediates.noindex/ExplicitPrecompiledModules/ptrauth-8U9PU3NISCLBGXO692QN3S3SD.scan

CompileC /Users/aadityasingh/Library/Developer/Xcode/DerivedData/Chatlio-erkyzdeecsohoaggpwbjdvavzqfv/Build/Intermediates.noindex/DTFoundation.build/Debug-iphonesimulator/DTFoundation.build/Objects-normal/arm64/NSValue+DTConversion.o /Users/aadityasingh/Library/Developer/Xcode/DerivedData/Chatlio-erkyzdeecsohoaggpwbjdvavzqfv/SourcePackages/checkouts/DTFoundation/Core/Source/OSX/NSValue+DTConversion.m normal arm64 objective-c com.apple.compilers.llvm.clang.1_0.compiler (in target 'DTFoundation' from project 'DTFoundation')
    cd /Users/aadityasingh/Documents/Development/element-x-ios/Chatlio.xcodeproj
    
    Using response file: /Users/aadityasingh/Library/Developer/Xcode/DerivedData/Chatlio-erkyzdeecsohoaggpwbjdvavzqfv/Build/Intermediates.noindex/DTFoundation.build/Debug-iphonesimulator/DTFoundation.build/Objects-normal/arm64/e6072d4f65d7061329687fe24e3d63a7-common-args.resp
    
    /Applications/Xcode.app/Contents/Developer/Toolchains/XcodeDefault.xctoolchain/usr/bin/clang -x objective-c -ivfsstatcache /Users/aadityasingh/Library/Developer/Xcode/DerivedData/SDKStatCaches.noindex/iphonesimulator26.4-23E252-686eebb5dc1d8ecb277353a59184f4aa.sdkstatcache -target arm64-apple-ios12.0-simulator -fmessage-length\=0 -fdiagnostics-show-note-include-stack -fmacro-backtrace-limit\=0 -fno-color-diagnostics -fmodules-prune-interval\=86400 -fmodules-prune-after\=345600 -fbuild-session-file\=/Users/aadityasingh/Library/Developer/Xcode/DerivedData/ModuleCache.noindex/Session.modulevalidation -fmodules-validate-once-per-build-session -Wnon-modular-include-in-framework-module -Werror\=non-modular-include-in-framework-module -Wno-trigraphs -Wno-missing-field-initializers -Wno-missing-prototypes -Wno-return-type -Wno-implicit-atomic-properties -Wno-objc-interface-ivars -Wno-arc-repeated-use-of-weak -Wno-missing-braces -Wparentheses -Wswitch -Wno-unused-function -Wno-unused-label -Wno-unused-parameter -Wno-unused-variable -Wunused-value -Wno-empty-body -Wno-uninitialized -Wno-unknown-pragmas -w -Wno-shadow -Wno-four-char-constants -Wno-conversion -Wno-constant-conversion -Wno-int-conversion -Wno-bool-conversion -Wno-enum-conversion -Wno-float-conversion -Wno-non-literal-null-conversion -Wno-objc-literal-conversion -Wshorten-64-to-32 -Wpointer-sign -Wno-newline-eof -Wno-selector -Wno-strict-selector-match -Wno-undeclared-selector -Wno-deprecated-implementations -Wno-implicit-fallthrough -isysroot /Applications/Xcode.app/Contents/Developer/Platforms/iPhoneSimulator.platform/Developer/SDKs/iPhoneSimulator26.4.sdk -fstrict-aliasing -Wprotocol -Wdeprecated-declarations -Wno-sign-conversion -Wno-infinite-recursion -Wno-comma -Wno-block-capture-autoreleasing -Wno-strict-prototypes -Wno-semicolon-before-method-body -index-store-path /Users/aadityasingh/Library/Developer/Xcode/DerivedData/Chatlio-erkyzdeecsohoaggpwbjdvavzqfv/Index.noindex/DataStore @/Users/aadityasingh/Library/Developer/Xcode/DerivedData/Chatlio-erkyzdeecsohoaggpwbjdvavzqfv/Build/Intermediates.noindex/DTFoundation.build/Debug-iphonesimulator/DTFoundation.build/Objects-normal/arm64/e6072d4f65d7061329687fe24e3d63a7-common-args.resp -MMD -MT dependencies -MF /Users/aadityasingh/Library/Developer/Xcode/DerivedData/Chatlio-erkyzdeecsohoaggpwbjdvavzqfv/Build/Intermediates.noindex/DTFoundation.build/Debug-iphonesimulator/DTFoundation.build/Objects-normal/arm64/NSValue+DTConversion.d --serialize-diagnostics /Users/aadityasingh/Library/Developer/Xcode/DerivedData/Chatlio-erkyzdeecsohoaggpwbjdvavzqfv/Build/Intermediates.noindex/DTFoundation.build/Debug-iphonesimulator/DTFoundation.build/Objects-normal/arm64/NSValue+DTConversion.dia -c /Users/aadityasingh/Library/Developer/Xcode/DerivedData/Chatlio-erkyzdeecsohoaggpwbjdvavzqfv/SourcePackages/checkouts/DTFoundation/Core/Source/OSX/NSValue+DTConversion.m -o /Users/aadityasingh/Library/Developer/Xcode/DerivedData/Chatlio-erkyzdeecsohoaggpwbjdvavzqfv/Build/Intermediates.noindex/DTFoundation.build/Debug-iphonesimulator/DTFoundation.build/Objects-normal/arm64/NSValue+DTConversion.o -index-unit-output-path /DTFoundation.build/Debug-iphonesimulator/DTFoundation.build/Objects-normal/arm64/NSValue+DTConversion.o

PrecompileModule /Users/aadityasingh/Library/Developer/Xcode/DerivedData/Chatlio-erkyzdeecsohoaggpwbjdvavzqfv/Build/Intermediates.noindex/ExplicitPrecompiledModules/_Builtin_stddef-CUXALLF1IY4CMRQFET9EFGBCF.scan
    cd /
    builtin-precompileModule /Users/aadityasingh/Library/Developer/Xcode/DerivedData/Chatlio-erkyzdeecsohoaggpwbjdvavzqfv/Build/Intermediates.noindex/ExplicitPrecompiledModules/_Builtin_stddef-CUXALLF1IY4CMRQFET9EFGBCF.scan

PrecompileModule /Users/aadityasingh/Library/Developer/Xcode/DerivedData/Chatlio-erkyzdeecsohoaggpwbjdvavzqfv/Build/Intermediates.noindex/ExplicitPrecompiledModules/_Builtin_stdarg-88IE8GAHCTX4FCR4KZ2HSLVPN.scan
    cd /
    builtin-precompileModule /Users/aadityasingh/Library/Developer/Xcode/DerivedData/Chatlio-erkyzdeecsohoaggpwbjdvavzqfv/Build/Intermediates.noindex/ExplicitPrecompiledModules/_Builtin_stdarg-88IE8GAHCTX4FCR4KZ2HSLVPN.scan

PrecompileModule /Users/aadityasingh/Library/Developer/Xcode/DerivedData/Chatlio-erkyzdeecsohoaggpwbjdvavzqfv/Build/Intermediates.noindex/ExplicitPrecompiledModules/CoreGraphics-41KPGMC75PM6D6GTVYPJRHWZ8.scan
    cd /
    builtin-precompileModule /Users/aadityasingh/Library/Developer/Xcode/DerivedData/Chatlio-erkyzdeecsohoaggpwbjdvavzqfv/Build/Intermediates.noindex/ExplicitPrecompiledModules/CoreGraphics-41KPGMC75PM6D6GTVYPJRHWZ8.scan

PrecompileModule /Users/aadityasingh/Library/Developer/Xcode/DerivedData/Chatlio-erkyzdeecsohoaggpwbjdvavzqfv/Build/Intermediates.noindex/ExplicitPrecompiledModules/SystemConfiguration-1F05ZA5SMIAG1ULJ7BP4E04DK.scan
    cd /
    builtin-precompileModule /Users/aadityasingh/Library/Developer/Xcode/DerivedData/Chatlio-erkyzdeecsohoaggpwbjdvavzqfv/Build/Intermediates.noindex/ExplicitPrecompiledModules/SystemConfiguration-1F05ZA5SMIAG1ULJ7BP4E04DK.scan

PrecompileModule /Users/aadityasingh/Library/Developer/Xcode/DerivedData/Chatlio-erkyzdeecsohoaggpwbjdvavzqfv/Build/Intermediates.noindex/ExplicitPrecompiledModules/_DarwinFoundation3-8E78OG4RFQIC8K9E6BAVV5ZLG.scan
    cd /
    builtin-precompileModule /Users/aadityasingh/Library/Developer/Xcode/DerivedData/Chatlio-erkyzdeecsohoaggpwbjdvavzqfv/Build/Intermediates.noindex/ExplicitPrecompiledModules/_DarwinFoundation3-8E78OG4RFQIC8K9E6BAVV5ZLG.scan

PrecompileModule /Users/aadityasingh/Library/Developer/Xcode/DerivedData/Chatlio-erkyzdeecsohoaggpwbjdvavzqfv/Build/Intermediates.noindex/ExplicitPrecompiledModules/CoreServices-7EP52T7V0HYV7JVOOSNQVT8I2.scan
    cd /
    builtin-precompileModule /Users/aadityasingh/Library/Developer/Xcode/DerivedData/Chatlio-erkyzdeecsohoaggpwbjdvavzqfv/Build/Intermediates.noindex/ExplicitPrecompiledModules/CoreServices-7EP52T7V0HYV7JVOOSNQVT8I2.scan

PrecompileModule /Users/aadityasingh/Library/Developer/Xcode/DerivedData/Chatlio-erkyzdeecsohoaggpwbjdvavzqfv/Build/Intermediates.noindex/ExplicitPrecompiledModules/_Builtin_limits-EX3HSE9NLVLLZDF4T8SXIQLZE.scan
    cd /
    builtin-precompileModule /Users/aadityasingh/Library/Developer/Xcode/DerivedData/Chatlio-erkyzdeecsohoaggpwbjdvavzqfv/Build/Intermediates.noindex/ExplicitPrecompiledModules/_Builtin_limits-EX3HSE9NLVLLZDF4T8SXIQLZE.scan

PrecompileModule /Users/aadityasingh/Library/Developer/Xcode/DerivedData/Chatlio-erkyzdeecsohoaggpwbjdvavzqfv/Build/Intermediates.noindex/ExplicitPrecompiledModules/CFNetwork-52YO5P2O8ATCLGEV4V8NU1WVM.scan
    cd /
    builtin-precompileModule /Users/aadityasingh/Library/Developer/Xcode/DerivedData/Chatlio-erkyzdeecsohoaggpwbjdvavzqfv/Build/Intermediates.noindex/ExplicitPrecompiledModules/CFNetwork-52YO5P2O8ATCLGEV4V8NU1WVM.scan

PrecompileModule /Users/aadityasingh/Library/Developer/Xcode/DerivedData/Chatlio-erkyzdeecsohoaggpwbjdvavzqfv/Build/Intermediates.noindex/ExplicitPrecompiledModules/Security-EDF7N0I9MHD02ORY8AINZ611J.scan
    cd /
    builtin-precompileModule /Users/aadityasingh/Library/Developer/Xcode/DerivedData/Chatlio-erkyzdeecsohoaggpwbjdvavzqfv/Build/Intermediates.noindex/ExplicitPrecompiledModules/Security-EDF7N0I9MHD02ORY8AINZ611J.scan

PrecompileModule /Users/aadityasingh/Library/Developer/Xcode/DerivedData/Chatlio-erkyzdeecsohoaggpwbjdvavzqfv/Build/Intermediates.noindex/ExplicitPrecompiledModules/_Builtin_float-1S0JJOG4VOL2BM96J0M5NBT1F.scan
    cd /
    builtin-precompileModule /Users/aadityasingh/Library/Developer/Xcode/DerivedData/Chatlio-erkyzdeecsohoaggpwbjdvavzqfv/Build/Intermediates.noindex/ExplicitPrecompiledModules/_Builtin_float-1S0JJOG4VOL2BM96J0M5NBT1F.scan

PrecompileModule /Users/aadityasingh/Library/Developer/Xcode/DerivedData/Chatlio-erkyzdeecsohoaggpwbjdvavzqfv/Build/Intermediates.noindex/ExplicitPrecompiledModules/_Builtin_stdbool-LY8JNR52UO5W4LQV1XWESJGY.scan
    cd /
    builtin-precompileModule /Users/aadityasingh/Library/Developer/Xcode/DerivedData/Chatlio-erkyzdeecsohoaggpwbjdvavzqfv/Build/Intermediates.noindex/ExplicitPrecompiledModules/_Builtin_stdbool-LY8JNR52UO5W4LQV1XWESJGY.scan

ScanDependencies /Users/aadityasingh/Library/Developer/Xcode/DerivedData/Chatlio-erkyzdeecsohoaggpwbjdvavzqfv/Build/Intermediates.noindex/DTFoundation.build/Debug-iphonesimulator/DTFoundation.build/Objects-normal/arm64/NSString+DTPaths.o /Users/aadityasingh/Library/Developer/Xcode/DerivedData/Chatlio-erkyzdeecsohoaggpwbjdvavzqfv/SourcePackages/checkouts/DTFoundation/Core/Source/NSString+DTPaths.m normal arm64 objective-c com.apple.compilers.llvm.clang.1_0.compiler (in target 'DTFoundation' from project 'DTFoundation')
    cd /Users/aadityasingh/Documents/Development/element-x-ios/Chatlio.xcodeproj
    
    Using response file: /Users/aadityasingh/Library/Developer/Xcode/DerivedData/Chatlio-erkyzdeecsohoaggpwbjdvavzqfv/Build/Intermediates.noindex/DTFoundation.build/Debug-iphonesimulator/DTFoundation.build/Objects-normal/arm64/e6072d4f65d7061329687fe24e3d63a7-common-args.resp
    
    builtin-ScanDependencies -o /Users/aadityasingh/Library/Developer/Xcode/DerivedData/Chatlio-erkyzdeecsohoaggpwbjdvavzqfv/Build/Intermediates.noindex/DTFoundation.build/Debug-iphonesimulator/DTFoundation.build/Objects-normal/arm64/NSString+DTPaths.o.scan -- /Applications/Xcode.app/Contents/Developer/Toolchains/XcodeDefault.xctoolchain/usr/bin/clang -x objective-c -ivfsstatcache /Users/aadityasingh/Library/Developer/Xcode/DerivedData/SDKStatCaches.noindex/iphonesimulator26.4-23E252-686eebb5dc1d8ecb277353a59184f4aa.sdkstatcache -target arm64-apple-ios12.0-simulator -fmessage-length\=0 -fdiagnostics-show-note-include-stack -fmacro-backtrace-limit\=0 -fno-color-diagnostics -fmodules-prune-interval\=86400 -fmodules-prune-after\=345600 -fbuild-session-file\=/Users/aadityasingh/Library/Developer/Xcode/DerivedData/ModuleCache.noindex/Session.modulevalidation -fmodules-validate-once-per-build-session -Wnon-modular-include-in-framework-module -Werror\=non-modular-include-in-framework-module -Wno-trigraphs -Wno-missing-field-initializers -Wno-missing-prototypes -Wno-return-type -Wno-implicit-atomic-properties -Wno-objc-interface-ivars -Wno-arc-repeated-use-of-weak -Wno-missing-braces -Wparentheses -Wswitch -Wno-unused-function -Wno-unused-label -Wno-unused-parameter -Wno-unused-variable -Wunused-value -Wno-empty-body -Wno-uninitialized -Wno-unknown-pragmas -w -Wno-shadow -Wno-four-char-constants -Wno-conversion -Wno-constant-conversion -Wno-int-conversion -Wno-bool-conversion -Wno-enum-conversion -Wno-float-conversion -Wno-non-literal-null-conversion -Wno-objc-literal-conversion -Wshorten-64-to-32 -Wpointer-sign -Wno-newline-eof -Wno-selector -Wno-strict-selector-match -Wno-undeclared-selector -Wno-deprecated-implementations -Wno-implicit-fallthrough -isysroot /Applications/Xcode.app/Contents/Developer/Platforms/iPhoneSimulator.platform/Developer/SDKs/iPhoneSimulator26.4.sdk -fstrict-aliasing -Wprotocol -Wdeprecated-declarations -Wno-sign-conversion -Wno-infinite-recursion -Wno-comma -Wno-block-capture-autoreleasing -Wno-strict-prototypes -Wno-semicolon-before-method-body -index-store-path /Users/aadityasingh/Library/Developer/Xcode/DerivedData/Chatlio-erkyzdeecsohoaggpwbjdvavzqfv/Index.noindex/DataStore @/Users/aadityasingh/Library/Developer/Xcode/DerivedData/Chatlio-erkyzdeecsohoaggpwbjdvavzqfv/Build/Intermediates.noindex/DTFoundation.build/Debug-iphonesimulator/DTFoundation.build/Objects-normal/arm64/e6072d4f65d7061329687fe24e3d63a7-common-args.resp -MMD -MT dependencies -MF /Users/aadityasingh/Library/Developer/Xcode/DerivedData/Chatlio-erkyzdeecsohoaggpwbjdvavzqfv/Build/Intermediates.noindex/DTFoundation.build/Debug-iphonesimulator/DTFoundation.build/Objects-normal/arm64/NSString+DTPaths.d --serialize-diagnostics /Users/aadityasingh/Library/Developer/Xcode/DerivedData/Chatlio-erkyzdeecsohoaggpwbjdvavzqfv/Build/Intermediates.noindex/DTFoundation.build/Debug-iphonesimulator/DTFoundation.build/Objects-normal/arm64/NSString+DTPaths.dia -c /Users/aadityasingh/Library/Developer/Xcode/DerivedData/Chatlio-erkyzdeecsohoaggpwbjdvavzqfv/SourcePackages/checkouts/DTFoundation/Core/Source/NSString+DTPaths.m -o /Users/aadityasingh/Library/Developer/Xcode/DerivedData/Chatlio-erkyzdeecsohoaggpwbjdvavzqfv/Build/Intermediates.noindex/DTFoundation.build/Debug-iphonesimulator/DTFoundation.build/Objects-normal/arm64/NSString+DTPaths.o -index-unit-output-path /DTFoundation.build/Debug-iphonesimulator/DTFoundation.build/Objects-normal/arm64/NSString+DTPaths.o

PrecompileModule /Users/aadityasingh/Library/Developer/Xcode/DerivedData/Chatlio-erkyzdeecsohoaggpwbjdvavzqfv/Build/Intermediates.noindex/ExplicitPrecompiledModules/_DarwinFoundation2-F4BYREJY5ZVP9UDL030TKYL.scan
    cd /
    builtin-precompileModule /Users/aadityasingh/Library/Developer/Xcode/DerivedData/Chatlio-erkyzdeecsohoaggpwbjdvavzqfv/Build/Intermediates.noindex/ExplicitPrecompiledModules/_DarwinFoundation2-F4BYREJY5ZVP9UDL030TKYL.scan

ScanDependencies /Users/aadityasingh/Library/Developer/Xcode/DerivedData/Chatlio-erkyzdeecsohoaggpwbjdvavzqfv/Build/Intermediates.noindex/DTFoundation.build/Debug-iphonesimulator/DTFoundation.build/Objects-normal/arm64/NSString+DTFormatNumbers.o /Users/aadityasingh/Library/Developer/Xcode/DerivedData/Chatlio-erkyzdeecsohoaggpwbjdvavzqfv/SourcePackages/checkouts/DTFoundation/Core/Source/NSString+DTFormatNumbers.m normal arm64 objective-c com.apple.compilers.llvm.clang.1_0.compiler (in target 'DTFoundation' from project 'DTFoundation')
    cd /Users/aadityasingh/Documents/Development/element-x-ios/Chatlio.xcodeproj
    
    Using response file: /Users/aadityasingh/Library/Developer/Xcode/DerivedData/Chatlio-erkyzdeecsohoaggpwbjdvavzqfv/Build/Intermediates.noindex/DTFoundation.build/Debug-iphonesimulator/DTFoundation.build/Objects-normal/arm64/e6072d4f65d7061329687fe24e3d63a7-common-args.resp
    
    builtin-ScanDependencies -o /Users/aadityasingh/Library/Developer/Xcode/DerivedData/Chatlio-erkyzdeecsohoaggpwbjdvavzqfv/Build/Intermediates.noindex/DTFoundation.build/Debug-iphonesimulator/DTFoundation.build/Objects-normal/arm64/NSString+DTFormatNumbers.o.scan -- /Applications/Xcode.app/Contents/Developer/Toolchains/XcodeDefault.xctoolchain/usr/bin/clang -x objective-c -ivfsstatcache /Users/aadityasingh/Library/Developer/Xcode/DerivedData/SDKStatCaches.noindex/iphonesimulator26.4-23E252-686eebb5dc1d8ecb277353a59184f4aa.sdkstatcache -target arm64-apple-ios12.0-simulator -fmessage-length\=0 -fdiagnostics-show-note-include-stack -fmacro-backtrace-limit\=0 -fno-color-diagnostics -fmodules-prune-interval\=86400 -fmodules-prune-after\=345600 -fbuild-session-file\=/Users/aadityasingh/Library/Developer/Xcode/DerivedData/ModuleCache.noindex/Session.modulevalidation -fmodules-validate-once-per-build-session -Wnon-modular-include-in-framework-module -Werror\=non-modular-include-in-framework-module -Wno-trigraphs -Wno-missing-field-initializers -Wno-missing-prototypes -Wno-return-type -Wno-implicit-atomic-properties -Wno-objc-interface-ivars -Wno-arc-repeated-use-of-weak -Wno-missing-braces -Wparentheses -Wswitch -Wno-unused-function -Wno-unused-label -Wno-unused-parameter -Wno-unused-variable -Wunused-value -Wno-empty-body -Wno-uninitialized -Wno-unknown-pragmas -w -Wno-shadow -Wno-four-char-constants -Wno-conversion -Wno-constant-conversion -Wno-int-conversion -Wno-bool-conversion -Wno-enum-conversion -Wno-float-conversion -Wno-non-literal-null-conversion -Wno-objc-literal-conversion -Wshorten-64-to-32 -Wpointer-sign -Wno-newline-eof -Wno-selector -Wno-strict-selector-match -Wno-undeclared-selector -Wno-deprecated-implementations -Wno-implicit-fallthrough -isysroot /Applications/Xcode.app/Contents/Developer/Platforms/iPhoneSimulator.platform/Developer/SDKs/iPhoneSimulator26.4.sdk -fstrict-aliasing -Wprotocol -Wdeprecated-declarations -Wno-sign-conversion -Wno-infinite-recursion -Wno-comma -Wno-block-capture-autoreleasing -Wno-strict-prototypes -Wno-semicolon-before-method-body -index-store-path /Users/aadityasingh/Library/Developer/Xcode/DerivedData/Chatlio-erkyzdeecsohoaggpwbjdvavzqfv/Index.noindex/DataStore @/Users/aadityasingh/Library/Developer/Xcode/DerivedData/Chatlio-erkyzdeecsohoaggpwbjdvavzqfv/Build/Intermediates.noindex/DTFoundation.build/Debug-iphonesimulator/DTFoundation.build/Objects-normal/arm64/e6072d4f65d7061329687fe24e3d63a7-common-args.resp -MMD -MT dependencies -MF /Users/aadityasingh/Library/Developer/Xcode/DerivedData/Chatlio-erkyzdeecsohoaggpwbjdvavzqfv/Build/Intermediates.noindex/DTFoundation.build/Debug-iphonesimulator/DTFoundation.build/Objects-normal/arm64/NSString+DTFormatNumbers.d --serialize-diagnostics /Users/aadityasingh/Library/Developer/Xcode/DerivedData/Chatlio-erkyzdeecsohoaggpwbjdvavzqfv/Build/Intermediates.noindex/DTFoundation.build/Debug-iphonesimulator/DTFoundation.build/Objects-normal/arm64/NSString+DTFormatNumbers.dia -c /Users/aadityasingh/Library/Developer/Xcode/DerivedData/Chatlio-erkyzdeecsohoaggpwbjdvavzqfv/SourcePackages/checkouts/DTFoundation/Core/Source/NSString+DTFormatNumbers.m -o /Users/aadityasingh/Library/Developer/Xcode/DerivedData/Chatlio-erkyzdeecsohoaggpwbjdvavzqfv/Build/Intermediates.noindex/DTFoundation.build/Debug-iphonesimulator/DTFoundation.build/Objects-normal/arm64/NSString+DTFormatNumbers.o -index-unit-output-path /DTFoundation.build/Debug-iphonesimulator/DTFoundation.build/Objects-normal/arm64/NSString+DTFormatNumbers.o

PrecompileModule /Users/aadityasingh/Library/Developer/Xcode/DerivedData/Chatlio-erkyzdeecsohoaggpwbjdvavzqfv/Build/Intermediates.noindex/ExplicitPrecompiledModules/MobileCoreServices-1SVTNAX85SL0ZI1MD91PWNKAC.scan
    cd /
    builtin-precompileModule /Users/aadityasingh/Library/Developer/Xcode/DerivedData/Chatlio-erkyzdeecsohoaggpwbjdvavzqfv/Build/Intermediates.noindex/ExplicitPrecompiledModules/MobileCoreServices-1SVTNAX85SL0ZI1MD91PWNKAC.scan

ScanDependencies /Users/aadityasingh/Library/Developer/Xcode/DerivedData/Chatlio-erkyzdeecsohoaggpwbjdvavzqfv/Build/Intermediates.noindex/DTFoundation.build/Debug-iphonesimulator/DTFoundation.build/Objects-normal/arm64/NSScanner+DTScripting.o /Users/aadityasingh/Library/Developer/Xcode/DerivedData/Chatlio-erkyzdeecsohoaggpwbjdvavzqfv/SourcePackages/checkouts/DTFoundation/Core/Source/DTScripting/NSScanner+DTScripting.m normal arm64 objective-c com.apple.compilers.llvm.clang.1_0.compiler (in target 'DTFoundation' from project 'DTFoundation')
    cd /Users/aadityasingh/Documents/Development/element-x-ios/Chatlio.xcodeproj
    
    Using response file: /Users/aadityasingh/Library/Developer/Xcode/DerivedData/Chatlio-erkyzdeecsohoaggpwbjdvavzqfv/Build/Intermediates.noindex/DTFoundation.build/Debug-iphonesimulator/DTFoundation.build/Objects-normal/arm64/e6072d4f65d7061329687fe24e3d63a7-common-args.resp
    
    builtin-ScanDependencies -o /Users/aadityasingh/Library/Developer/Xcode/DerivedData/Chatlio-erkyzdeecsohoaggpwbjdvavzqfv/Build/Intermediates.noindex/DTFoundation.build/Debug-iphonesimulator/DTFoundation.build/Objects-normal/arm64/NSScanner+DTScripting.o.scan -- /Applications/Xcode.app/Contents/Developer/Toolchains/XcodeDefault.xctoolchain/usr/bin/clang -x objective-c -ivfsstatcache /Users/aadityasingh/Library/Developer/Xcode/DerivedData/SDKStatCaches.noindex/iphonesimulator26.4-23E252-686eebb5dc1d8ecb277353a59184f4aa.sdkstatcache -target arm64-apple-ios12.0-simulator -fmessage-length\=0 -fdiagnostics-show-note-include-stack -fmacro-backtrace-limit\=0 -fno-color-diagnostics -fmodules-prune-interval\=86400 -fmodules-prune-after\=345600 -fbuild-session-file\=/Users/aadityasingh/Library/Developer/Xcode/DerivedData/ModuleCache.noindex/Session.modulevalidation -fmodules-validate-once-per-build-session -Wnon-modular-include-in-framework-module -Werror\=non-modular-include-in-framework-module -Wno-trigraphs -Wno-missing-field-initializers -Wno-missing-prototypes -Wno-return-type -Wno-implicit-atomic-properties -Wno-objc-interface-ivars -Wno-arc-repeated-use-of-weak -Wno-missing-braces -Wparentheses -Wswitch -Wno-unused-function -Wno-unused-label -Wno-unused-parameter -Wno-unused-variable -Wunused-value -Wno-empty-body -Wno-uninitialized -Wno-unknown-pragmas -w -Wno-shadow -Wno-four-char-constants -Wno-conversion -Wno-constant-conversion -Wno-int-conversion -Wno-bool-conversion -Wno-enum-conversion -Wno-float-conversion -Wno-non-literal-null-conversion -Wno-objc-literal-conversion -Wshorten-64-to-32 -Wpointer-sign -Wno-newline-eof -Wno-selector -Wno-strict-selector-match -Wno-undeclared-selector -Wno-deprecated-implementations -Wno-implicit-fallthrough -isysroot /Applications/Xcode.app/Contents/Developer/Platforms/iPhoneSimulator.platform/Developer/SDKs/iPhoneSimulator26.4.sdk -fstrict-aliasing -Wprotocol -Wdeprecated-declarations -Wno-sign-conversion -Wno-infinite-recursion -Wno-comma -Wno-block-capture-autoreleasing -Wno-strict-prototypes -Wno-semicolon-before-method-body -index-store-path /Users/aadityasingh/Library/Developer/Xcode/DerivedData/Chatlio-erkyzdeecsohoaggpwbjdvavzqfv/Index.noindex/DataStore @/Users/aadityasingh/Library/Developer/Xcode/DerivedData/Chatlio-erkyzdeecsohoaggpwbjdvavzqfv/Build/Intermediates.noindex/DTFoundation.build/Debug-iphonesimulator/DTFoundation.build/Objects-normal/arm64/e6072d4f65d7061329687fe24e3d63a7-common-args.resp -MMD -MT dependencies -MF /Users/aadityasingh/Library/Developer/Xcode/DerivedData/Chatlio-erkyzdeecsohoaggpwbjdvavzqfv/Build/Intermediates.noindex/DTFoundation.build/Debug-iphonesimulator/DTFoundation.build/Objects-normal/arm64/NSScanner+DTScripting.d --serialize-diagnostics /Users/aadityasingh/Library/Developer/Xcode/DerivedData/Chatlio-erkyzdeecsohoaggpwbjdvavzqfv/Build/Intermediates.noindex/DTFoundation.build/Debug-iphonesimulator/DTFoundation.build/Objects-normal/arm64/NSScanner+DTScripting.dia -c /Users/aadityasingh/Library/Developer/Xcode/DerivedData/Chatlio-erkyzdeecsohoaggpwbjdvavzqfv/SourcePackages/checkouts/DTFoundation/Core/Source/DTScripting/NSScanner+DTScripting.m -o /Users/aadityasingh/Library/Developer/Xcode/DerivedData/Chatlio-erkyzdeecsohoaggpwbjdvavzqfv/Build/Intermediates.noindex/DTFoundation.build/Debug-iphonesimulator/DTFoundation.build/Objects-normal/arm64/NSScanner+DTScripting.o -index-unit-output-path /DTFoundation.build/Debug-iphonesimulator/DTFoundation.build/Objects-normal/arm64/NSScanner+DTScripting.o

ScanDependencies /Users/aadityasingh/Library/Developer/Xcode/DerivedData/Chatlio-erkyzdeecsohoaggpwbjdvavzqfv/Build/Intermediates.noindex/DTFoundation.build/Debug-iphonesimulator/DTFoundation.build/Objects-normal/arm64/NSObject+DTRuntime.o /Users/aadityasingh/Library/Developer/Xcode/DerivedData/Chatlio-erkyzdeecsohoaggpwbjdvavzqfv/SourcePackages/checkouts/DTFoundation/Core/Source/Runtime/NSObject+DTRuntime.m normal arm64 objective-c com.apple.compilers.llvm.clang.1_0.compiler (in target 'DTFoundation' from project 'DTFoundation')
    cd /Users/aadityasingh/Documents/Development/element-x-ios/Chatlio.xcodeproj
    
    Using response file: /Users/aadityasingh/Library/Developer/Xcode/DerivedData/Chatlio-erkyzdeecsohoaggpwbjdvavzqfv/Build/Intermediates.noindex/DTFoundation.build/Debug-iphonesimulator/DTFoundation.build/Objects-normal/arm64/e6072d4f65d7061329687fe24e3d63a7-common-args.resp
    
    builtin-ScanDependencies -o /Users/aadityasingh/Library/Developer/Xcode/DerivedData/Chatlio-erkyzdeecsohoaggpwbjdvavzqfv/Build/Intermediates.noindex/DTFoundation.build/Debug-iphonesimulator/DTFoundation.build/Objects-normal/arm64/NSObject+DTRuntime.o.scan -- /Applications/Xcode.app/Contents/Developer/Toolchains/XcodeDefault.xctoolchain/usr/bin/clang -x objective-c -ivfsstatcache /Users/aadityasingh/Library/Developer/Xcode/DerivedData/SDKStatCaches.noindex/iphonesimulator26.4-23E252-686eebb5dc1d8ecb277353a59184f4aa.sdkstatcache -target arm64-apple-ios12.0-simulator -fmessage-length\=0 -fdiagnostics-show-note-include-stack -fmacro-backtrace-limit\=0 -fno-color-diagnostics -fmodules-prune-interval\=86400 -fmodules-prune-after\=345600 -fbuild-session-file\=/Users/aadityasingh/Library/Developer/Xcode/DerivedData/ModuleCache.noindex/Session.modulevalidation -fmodules-validate-once-per-build-session -Wnon-modular-include-in-framework-module -Werror\=non-modular-include-in-framework-module -Wno-trigraphs -Wno-missing-field-initializers -Wno-missing-prototypes -Wno-return-type -Wno-implicit-atomic-properties -Wno-objc-interface-ivars -Wno-arc-repeated-use-of-weak -Wno-missing-braces -Wparentheses -Wswitch -Wno-unused-function -Wno-unused-label -Wno-unused-parameter -Wno-unused-variable -Wunused-value -Wno-empty-body -Wno-uninitialized -Wno-unknown-pragmas -w -Wno-shadow -Wno-four-char-constants -Wno-conversion -Wno-constant-conversion -Wno-int-conversion -Wno-bool-conversion -Wno-enum-conversion -Wno-float-conversion -Wno-non-literal-null-conversion -Wno-objc-literal-conversion -Wshorten-64-to-32 -Wpointer-sign -Wno-newline-eof -Wno-selector -Wno-strict-selector-match -Wno-undeclared-selector -Wno-deprecated-implementations -Wno-implicit-fallthrough -isysroot /Applications/Xcode.app/Contents/Developer/Platforms/iPhoneSimulator.platform/Developer/SDKs/iPhoneSimulator26.4.sdk -fstrict-aliasing -Wprotocol -Wdeprecated-declarations -Wno-sign-conversion -Wno-infinite-recursion -Wno-comma -Wno-block-capture-autoreleasing -Wno-strict-prototypes -Wno-semicolon-before-method-body -index-store-path /Users/aadityasingh/Library/Developer/Xcode/DerivedData/Chatlio-erkyzdeecsohoaggpwbjdvavzqfv/Index.noindex/DataStore @/Users/aadityasingh/Library/Developer/Xcode/DerivedData/Chatlio-erkyzdeecsohoaggpwbjdvavzqfv/Build/Intermediates.noindex/DTFoundation.build/Debug-iphonesimulator/DTFoundation.build/Objects-normal/arm64/e6072d4f65d7061329687fe24e3d63a7-common-args.resp -MMD -MT dependencies -MF /Users/aadityasingh/Library/Developer/Xcode/DerivedData/Chatlio-erkyzdeecsohoaggpwbjdvavzqfv/Build/Intermediates.noindex/DTFoundation.build/Debug-iphonesimulator/DTFoundation.build/Objects-normal/arm64/NSObject+DTRuntime.d --serialize-diagnostics /Users/aadityasingh/Library/Developer/Xcode/DerivedData/Chatlio-erkyzdeecsohoaggpwbjdvavzqfv/Build/Intermediates.noindex/DTFoundation.build/Debug-iphonesimulator/DTFoundation.build/Objects-normal/arm64/NSObject+DTRuntime.dia -c /Users/aadityasingh/Library/Developer/Xcode/DerivedData/Chatlio-erkyzdeecsohoaggpwbjdvavzqfv/SourcePackages/checkouts/DTFoundation/Core/Source/Runtime/NSObject+DTRuntime.m -o /Users/aadityasingh/Library/Developer/Xcode/DerivedData/Chatlio-erkyzdeecsohoaggpwbjdvavzqfv/Build/Intermediates.noindex/DTFoundation.build/Debug-iphonesimulator/DTFoundation.build/Objects-normal/arm64/NSObject+DTRuntime.o -index-unit-output-path /DTFoundation.build/Debug-iphonesimulator/DTFoundation.build/Objects-normal/arm64/NSObject+DTRuntime.o

ScanDependencies /Users/aadityasingh/Library/Developer/Xcode/DerivedData/Chatlio-erkyzdeecsohoaggpwbjdvavzqfv/Build/Intermediates.noindex/DTFoundation.build/Debug-iphonesimulator/DTFoundation.build/Objects-normal/arm64/NSMutableArray+DTMoving.o /Users/aadityasingh/Library/Developer/Xcode/DerivedData/Chatlio-erkyzdeecsohoaggpwbjdvavzqfv/SourcePackages/checkouts/DTFoundation/Core/Source/NSMutableArray+DTMoving.m normal arm64 objective-c com.apple.compilers.llvm.clang.1_0.compiler (in target 'DTFoundation' from project 'DTFoundation')
    cd /Users/aadityasingh/Documents/Development/element-x-ios/Chatlio.xcodeproj
    
    Using response file: /Users/aadityasingh/Library/Developer/Xcode/DerivedData/Chatlio-erkyzdeecsohoaggpwbjdvavzqfv/Build/Intermediates.noindex/DTFoundation.build/Debug-iphonesimulator/DTFoundation.build/Objects-normal/arm64/e6072d4f65d7061329687fe24e3d63a7-common-args.resp
    
    builtin-ScanDependencies -o /Users/aadityasingh/Library/Developer/Xcode/DerivedData/Chatlio-erkyzdeecsohoaggpwbjdvavzqfv/Build/Intermediates.noindex/DTFoundation.build/Debug-iphonesimulator/DTFoundation.build/Objects-normal/arm64/NSMutableArray+DTMoving.o.scan -- /Applications/Xcode.app/Contents/Developer/Toolchains/XcodeDefault.xctoolchain/usr/bin/clang -x objective-c -ivfsstatcache /Users/aadityasingh/Library/Developer/Xcode/DerivedData/SDKStatCaches.noindex/iphonesimulator26.4-23E252-686eebb5dc1d8ecb277353a59184f4aa.sdkstatcache -target arm64-apple-ios12.0-simulator -fmessage-length\=0 -fdiagnostics-show-note-include-stack -fmacro-backtrace-limit\=0 -fno-color-diagnostics -fmodules-prune-interval\=86400 -fmodules-prune-after\=345600 -fbuild-session-file\=/Users/aadityasingh/Library/Developer/Xcode/DerivedData/ModuleCache.noindex/Session.modulevalidation -fmodules-validate-once-per-build-session -Wnon-modular-include-in-framework-module -Werror\=non-modular-include-in-framework-module -Wno-trigraphs -Wno-missing-field-initializers -Wno-missing-prototypes -Wno-return-type -Wno-implicit-atomic-properties -Wno-objc-interface-ivars -Wno-arc-repeated-use-of-weak -Wno-missing-braces -Wparentheses -Wswitch -Wno-unused-function -Wno-unused-label -Wno-unused-parameter -Wno-unused-variable -Wunused-value -Wno-empty-body -Wno-uninitialized -Wno-unknown-pragmas -w -Wno-shadow -Wno-four-char-constants -Wno-conversion -Wno-constant-conversion -Wno-int-conversion -Wno-bool-conversion -Wno-enum-conversion -Wno-float-conversion -Wno-non-literal-null-conversion -Wno-objc-literal-conversion -Wshorten-64-to-32 -Wpointer-sign -Wno-newline-eof -Wno-selector -Wno-strict-selector-match -Wno-undeclared-selector -Wno-deprecated-implementations -Wno-implicit-fallthrough -isysroot /Applications/Xcode.app/Contents/Developer/Platforms/iPhoneSimulator.platform/Developer/SDKs/iPhoneSimulator26.4.sdk -fstrict-aliasing -Wprotocol -Wdeprecated-declarations -Wno-sign-conversion -Wno-infinite-recursion -Wno-comma -Wno-block-capture-autoreleasing -Wno-strict-prototypes -Wno-semicolon-before-method-body -index-store-path /Users/aadityasingh/Library/Developer/Xcode/DerivedData/Chatlio-erkyzdeecsohoaggpwbjdvavzqfv/Index.noindex/DataStore @/Users/aadityasingh/Library/Developer/Xcode/DerivedData/Chatlio-erkyzdeecsohoaggpwbjdvavzqfv/Build/Intermediates.noindex/DTFoundation.build/Debug-iphonesimulator/DTFoundation.build/Objects-normal/arm64/e6072d4f65d7061329687fe24e3d63a7-common-args.resp -MMD -MT dependencies -MF /Users/aadityasingh/Library/Developer/Xcode/DerivedData/Chatlio-erkyzdeecsohoaggpwbjdvavzqfv/Build/Intermediates.noindex/DTFoundation.build/Debug-iphonesimulator/DTFoundation.build/Objects-normal/arm64/NSMutableArray+DTMoving.d --serialize-diagnostics /Users/aadityasingh/Library/Developer/Xcode/DerivedData/Chatlio-erkyzdeecsohoaggpwbjdvavzqfv/Build/Intermediates.noindex/DTFoundation.build/Debug-iphonesimulator/DTFoundation.build/Objects-normal/arm64/NSMutableArray+DTMoving.dia -c /Users/aadityasingh/Library/Developer/Xcode/DerivedData/Chatlio-erkyzdeecsohoaggpwbjdvavzqfv/SourcePackages/checkouts/DTFoundation/Core/Source/NSMutableArray+DTMoving.m -o /Users/aadityasingh/Library/Developer/Xcode/DerivedData/Chatlio-erkyzdeecsohoaggpwbjdvavzqfv/Build/Intermediates.noindex/DTFoundation.build/Debug-iphonesimulator/DTFoundation.build/Objects-normal/arm64/NSMutableArray+DTMoving.o -index-unit-output-path /DTFoundation.build/Debug-iphonesimulator/DTFoundation.build/Objects-normal/arm64/NSMutableArray+DTMoving.o

ScanDependencies /Users/aadityasingh/Library/Developer/Xcode/DerivedData/Chatlio-erkyzdeecsohoaggpwbjdvavzqfv/Build/Intermediates.noindex/DTFoundation.build/Debug-iphonesimulator/DTFoundation.build/Objects-normal/arm64/NSImage+DTUtilities.o /Users/aadityasingh/Library/Developer/Xcode/DerivedData/Chatlio-erkyzdeecsohoaggpwbjdvavzqfv/SourcePackages/checkouts/DTFoundation/Core/Source/OSX/NSImage+DTUtilities.m normal arm64 objective-c com.apple.compilers.llvm.clang.1_0.compiler (in target 'DTFoundation' from project 'DTFoundation')
    cd /Users/aadityasingh/Documents/Development/element-x-ios/Chatlio.xcodeproj
    
    Using response file: /Users/aadityasingh/Library/Developer/Xcode/DerivedData/Chatlio-erkyzdeecsohoaggpwbjdvavzqfv/Build/Intermediates.noindex/DTFoundation.build/Debug-iphonesimulator/DTFoundation.build/Objects-normal/arm64/e6072d4f65d7061329687fe24e3d63a7-common-args.resp
    
    builtin-ScanDependencies -o /Users/aadityasingh/Library/Developer/Xcode/DerivedData/Chatlio-erkyzdeecsohoaggpwbjdvavzqfv/Build/Intermediates.noindex/DTFoundation.build/Debug-iphonesimulator/DTFoundation.build/Objects-normal/arm64/NSImage+DTUtilities.o.scan -- /Applications/Xcode.app/Contents/Developer/Toolchains/XcodeDefault.xctoolchain/usr/bin/clang -x objective-c -ivfsstatcache /Users/aadityasingh/Library/Developer/Xcode/DerivedData/SDKStatCaches.noindex/iphonesimulator26.4-23E252-686eebb5dc1d8ecb277353a59184f4aa.sdkstatcache -target arm64-apple-ios12.0-simulator -fmessage-length\=0 -fdiagnostics-show-note-include-stack -fmacro-backtrace-limit\=0 -fno-color-diagnostics -fmodules-prune-interval\=86400 -fmodules-prune-after\=345600 -fbuild-session-file\=/Users/aadityasingh/Library/Developer/Xcode/DerivedData/ModuleCache.noindex/Session.modulevalidation -fmodules-validate-once-per-build-session -Wnon-modular-include-in-framework-module -Werror\=non-modular-include-in-framework-module -Wno-trigraphs -Wno-missing-field-initializers -Wno-missing-prototypes -Wno-return-type -Wno-implicit-atomic-properties -Wno-objc-interface-ivars -Wno-arc-repeated-use-of-weak -Wno-missing-braces -Wparentheses -Wswitch -Wno-unused-function -Wno-unused-label -Wno-unused-parameter -Wno-unused-variable -Wunused-value -Wno-empty-body -Wno-uninitialized -Wno-unknown-pragmas -w -Wno-shadow -Wno-four-char-constants -Wno-conversion -Wno-constant-conversion -Wno-int-conversion -Wno-bool-conversion -Wno-enum-conversion -Wno-float-conversion -Wno-non-literal-null-conversion -Wno-objc-literal-conversion -Wshorten-64-to-32 -Wpointer-sign -Wno-newline-eof -Wno-selector -Wno-strict-selector-match -Wno-undeclared-selector -Wno-deprecated-implementations -Wno-implicit-fallthrough -isysroot /Applications/Xcode.app/Contents/Developer/Platforms/iPhoneSimulator.platform/Developer/SDKs/iPhoneSimulator26.4.sdk -fstrict-aliasing -Wprotocol -Wdeprecated-declarations -Wno-sign-conversion -Wno-infinite-recursion -Wno-comma -Wno-block-capture-autoreleasing -Wno-strict-prototypes -Wno-semicolon-before-method-body -index-store-path /Users/aadityasingh/Library/Developer/Xcode/DerivedData/Chatlio-erkyzdeecsohoaggpwbjdvavzqfv/Index.noindex/DataStore @/Users/aadityasingh/Library/Developer/Xcode/DerivedData/Chatlio-erkyzdeecsohoaggpwbjdvavzqfv/Build/Intermediates.noindex/DTFoundation.build/Debug-iphonesimulator/DTFoundation.build/Objects-normal/arm64/e6072d4f65d7061329687fe24e3d63a7-common-args.resp -MMD -MT dependencies -MF /Users/aadityasingh/Library/Developer/Xcode/DerivedData/Chatlio-erkyzdeecsohoaggpwbjdvavzqfv/Build/Intermediates.noindex/DTFoundation.build/Debug-iphonesimulator/DTFoundation.build/Objects-normal/arm64/NSImage+DTUtilities.d --serialize-diagnostics /Users/aadityasingh/Library/Developer/Xcode/DerivedData/Chatlio-erkyzdeecsohoaggpwbjdvavzqfv/Build/Intermediates.noindex/DTFoundation.build/Debug-iphonesimulator/DTFoundation.build/Objects-normal/arm64/NSImage+DTUtilities.dia -c /Users/aadityasingh/Library/Developer/Xcode/DerivedData/Chatlio-erkyzdeecsohoaggpwbjdvavzqfv/SourcePackages/checkouts/DTFoundation/Core/Source/OSX/NSImage+DTUtilities.m -o /Users/aadityasingh/Library/Developer/Xcode/DerivedData/Chatlio-erkyzdeecsohoaggpwbjdvavzqfv/Build/Intermediates.noindex/DTFoundation.build/Debug-iphonesimulator/DTFoundation.build/Objects-normal/arm64/NSImage+DTUtilities.o -index-unit-output-path /DTFoundation.build/Debug-iphonesimulator/DTFoundation.build/Objects-normal/arm64/NSImage+DTUtilities.o

ScanDependencies /Users/aadityasingh/Library/Developer/Xcode/DerivedData/Chatlio-erkyzdeecsohoaggpwbjdvavzqfv/Build/Intermediates.noindex/DTFoundation.build/Debug-iphonesimulator/DTFoundation.build/Objects-normal/arm64/NSFileWrapper+DTCopying.o /Users/aadityasingh/Library/Developer/Xcode/DerivedData/Chatlio-erkyzdeecsohoaggpwbjdvavzqfv/SourcePackages/checkouts/DTFoundation/Core/Source/NSFileWrapper+DTCopying.m normal arm64 objective-c com.apple.compilers.llvm.clang.1_0.compiler (in target 'DTFoundation' from project 'DTFoundation')
    cd /Users/aadityasingh/Documents/Development/element-x-ios/Chatlio.xcodeproj
    
    Using response file: /Users/aadityasingh/Library/Developer/Xcode/DerivedData/Chatlio-erkyzdeecsohoaggpwbjdvavzqfv/Build/Intermediates.noindex/DTFoundation.build/Debug-iphonesimulator/DTFoundation.build/Objects-normal/arm64/e6072d4f65d7061329687fe24e3d63a7-common-args.resp
    
    builtin-ScanDependencies -o /Users/aadityasingh/Library/Developer/Xcode/DerivedData/Chatlio-erkyzdeecsohoaggpwbjdvavzqfv/Build/Intermediates.noindex/DTFoundation.build/Debug-iphonesimulator/DTFoundation.build/Objects-normal/arm64/NSFileWrapper+DTCopying.o.scan -- /Applications/Xcode.app/Contents/Developer/Toolchains/XcodeDefault.xctoolchain/usr/bin/clang -x objective-c -ivfsstatcache /Users/aadityasingh/Library/Developer/Xcode/DerivedData/SDKStatCaches.noindex/iphonesimulator26.4-23E252-686eebb5dc1d8ecb277353a59184f4aa.sdkstatcache -target arm64-apple-ios12.0-simulator -fmessage-length\=0 -fdiagnostics-show-note-include-stack -fmacro-backtrace-limit\=0 -fno-color-diagnostics -fmodules-prune-interval\=86400 -fmodules-prune-after\=345600 -fbuild-session-file\=/Users/aadityasingh/Library/Developer/Xcode/DerivedData/ModuleCache.noindex/Session.modulevalidation -fmodules-validate-once-per-build-session -Wnon-modular-include-in-framework-module -Werror\=non-modular-include-in-framework-module -Wno-trigraphs -Wno-missing-field-initializers -Wno-missing-prototypes -Wno-return-type -Wno-implicit-atomic-properties -Wno-objc-interface-ivars -Wno-arc-repeated-use-of-weak -Wno-missing-braces -Wparentheses -Wswitch -Wno-unused-function -Wno-unused-label -Wno-unused-parameter -Wno-unused-variable -Wunused-value -Wno-empty-body -Wno-uninitialized -Wno-unknown-pragmas -w -Wno-shadow -Wno-four-char-constants -Wno-conversion -Wno-constant-conversion -Wno-int-conversion -Wno-bool-conversion -Wno-enum-conversion -Wno-float-conversion -Wno-non-literal-null-conversion -Wno-objc-literal-conversion -Wshorten-64-to-32 -Wpointer-sign -Wno-newline-eof -Wno-selector -Wno-strict-selector-match -Wno-undeclared-selector -Wno-deprecated-implementations -Wno-implicit-fallthrough -isysroot /Applications/Xcode.app/Contents/Developer/Platforms/iPhoneSimulator.platform/Developer/SDKs/iPhoneSimulator26.4.sdk -fstrict-aliasing -Wprotocol -Wdeprecated-declarations -Wno-sign-conversion -Wno-infinite-recursion -Wno-comma -Wno-block-capture-autoreleasing -Wno-strict-prototypes -Wno-semicolon-before-method-body -index-store-path /Users/aadityasingh/Library/Developer/Xcode/DerivedData/Chatlio-erkyzdeecsohoaggpwbjdvavzqfv/Index.noindex/DataStore @/Users/aadityasingh/Library/Developer/Xcode/DerivedData/Chatlio-erkyzdeecsohoaggpwbjdvavzqfv/Build/Intermediates.noindex/DTFoundation.build/Debug-iphonesimulator/DTFoundation.build/Objects-normal/arm64/e6072d4f65d7061329687fe24e3d63a7-common-args.resp -MMD -MT dependencies -MF /Users/aadityasingh/Library/Developer/Xcode/DerivedData/Chatlio-erkyzdeecsohoaggpwbjdvavzqfv/Build/Intermediates.noindex/DTFoundation.build/Debug-iphonesimulator/DTFoundation.build/Objects-normal/arm64/NSFileWrapper+DTCopying.d --serialize-diagnostics /Users/aadityasingh/Library/Developer/Xcode/DerivedData/Chatlio-erkyzdeecsohoaggpwbjdvavzqfv/Build/Intermediates.noindex/DTFoundation.build/Debug-iphonesimulator/DTFoundation.build/Objects-normal/arm64/NSFileWrapper+DTCopying.dia -c /Users/aadityasingh/Library/Developer/Xcode/DerivedData/Chatlio-erkyzdeecsohoaggpwbjdvavzqfv/SourcePackages/checkouts/DTFoundation/Core/Source/NSFileWrapper+DTCopying.m -o /Users/aadityasingh/Library/Developer/Xcode/DerivedData/Chatlio-erkyzdeecsohoaggpwbjdvavzqfv/Build/Intermediates.noindex/DTFoundation.build/Debug-iphonesimulator/DTFoundation.build/Objects-normal/arm64/NSFileWrapper+DTCopying.o -index-unit-output-path /DTFoundation.build/Debug-iphonesimulator/DTFoundation.build/Objects-normal/arm64/NSFileWrapper+DTCopying.o

CompileC /Users/aadityasingh/Library/Developer/Xcode/DerivedData/Chatlio-erkyzdeecsohoaggpwbjdvavzqfv/Build/Intermediates.noindex/DTFoundation.build/Debug-iphonesimulator/DTFoundation.build/Objects-normal/arm64/NSImage+DTUtilities.o /Users/aadityasingh/Library/Developer/Xcode/DerivedData/Chatlio-erkyzdeecsohoaggpwbjdvavzqfv/SourcePackages/checkouts/DTFoundation/Core/Source/OSX/NSImage+DTUtilities.m normal arm64 objective-c com.apple.compilers.llvm.clang.1_0.compiler (in target 'DTFoundation' from project 'DTFoundation')
    cd /Users/aadityasingh/Documents/Development/element-x-ios/Chatlio.xcodeproj
    
    Using response file: /Users/aadityasingh/Library/Developer/Xcode/DerivedData/Chatlio-erkyzdeecsohoaggpwbjdvavzqfv/Build/Intermediates.noindex/DTFoundation.build/Debug-iphonesimulator/DTFoundation.build/Objects-normal/arm64/e6072d4f65d7061329687fe24e3d63a7-common-args.resp
    
    /Applications/Xcode.app/Contents/Developer/Toolchains/XcodeDefault.xctoolchain/usr/bin/clang -x objective-c -ivfsstatcache /Users/aadityasingh/Library/Developer/Xcode/DerivedData/SDKStatCaches.noindex/iphonesimulator26.4-23E252-686eebb5dc1d8ecb277353a59184f4aa.sdkstatcache -target arm64-apple-ios12.0-simulator -fmessage-length\=0 -fdiagnostics-show-note-include-stack -fmacro-backtrace-limit\=0 -fno-color-diagnostics -fmodules-prune-interval\=86400 -fmodules-prune-after\=345600 -fbuild-session-file\=/Users/aadityasingh/Library/Developer/Xcode/DerivedData/ModuleCache.noindex/Session.modulevalidation -fmodules-validate-once-per-build-session -Wnon-modular-include-in-framework-module -Werror\=non-modular-include-in-framework-module -Wno-trigraphs -Wno-missing-field-initializers -Wno-missing-prototypes -Wno-return-type -Wno-implicit-atomic-properties -Wno-objc-interface-ivars -Wno-arc-repeated-use-of-weak -Wno-missing-braces -Wparentheses -Wswitch -Wno-unused-function -Wno-unused-label -Wno-unused-parameter -Wno-unused-variable -Wunused-value -Wno-empty-body -Wno-uninitialized -Wno-unknown-pragmas -w -Wno-shadow -Wno-four-char-constants -Wno-conversion -Wno-constant-conversion -Wno-int-conversion -Wno-bool-conversion -Wno-enum-conversion -Wno-float-conversion -Wno-non-literal-null-conversion -Wno-objc-literal-conversion -Wshorten-64-to-32 -Wpointer-sign -Wno-newline-eof -Wno-selector -Wno-strict-selector-match -Wno-undeclared-selector -Wno-deprecated-implementations -Wno-implicit-fallthrough -isysroot /Applications/Xcode.app/Contents/Developer/Platforms/iPhoneSimulator.platform/Developer/SDKs/iPhoneSimulator26.4.sdk -fstrict-aliasing -Wprotocol -Wdeprecated-declarations -Wno-sign-conversion -Wno-infinite-recursion -Wno-comma -Wno-block-capture-autoreleasing -Wno-strict-prototypes -Wno-semicolon-before-method-body -index-store-path /Users/aadityasingh/Library/Developer/Xcode/DerivedData/Chatlio-erkyzdeecsohoaggpwbjdvavzqfv/Index.noindex/DataStore @/Users/aadityasingh/Library/Developer/Xcode/DerivedData/Chatlio-erkyzdeecsohoaggpwbjdvavzqfv/Build/Intermediates.noindex/DTFoundation.build/Debug-iphonesimulator/DTFoundation.build/Objects-normal/arm64/e6072d4f65d7061329687fe24e3d63a7-common-args.resp -MMD -MT dependencies -MF /Users/aadityasingh/Library/Developer/Xcode/DerivedData/Chatlio-erkyzdeecsohoaggpwbjdvavzqfv/Build/Intermediates.noindex/DTFoundation.build/Debug-iphonesimulator/DTFoundation.build/Objects-normal/arm64/NSImage+DTUtilities.d --serialize-diagnostics /Users/aadityasingh/Library/Developer/Xcode/DerivedData/Chatlio-erkyzdeecsohoaggpwbjdvavzqfv/Build/Intermediates.noindex/DTFoundation.build/Debug-iphonesimulator/DTFoundation.build/Objects-normal/arm64/NSImage+DTUtilities.dia -c /Users/aadityasingh/Library/Developer/Xcode/DerivedData/Chatlio-erkyzdeecsohoaggpwbjdvavzqfv/SourcePackages/checkouts/DTFoundation/Core/Source/OSX/NSImage+DTUtilities.m -o /Users/aadityasingh/Library/Developer/Xcode/DerivedData/Chatlio-erkyzdeecsohoaggpwbjdvavzqfv/Build/Intermediates.noindex/DTFoundation.build/Debug-iphonesimulator/DTFoundation.build/Objects-normal/arm64/NSImage+DTUtilities.o -index-unit-output-path /DTFoundation.build/Debug-iphonesimulator/DTFoundation.build/Objects-normal/arm64/NSImage+DTUtilities.o

ScanDependencies /Users/aadityasingh/Library/Developer/Xcode/DerivedData/Chatlio-erkyzdeecsohoaggpwbjdvavzqfv/Build/Intermediates.noindex/DTFoundation.build/Debug-iphonesimulator/DTFoundation.build/Objects-normal/arm64/NSDictionary+DTError.o /Users/aadityasingh/Library/Developer/Xcode/DerivedData/Chatlio-erkyzdeecsohoaggpwbjdvavzqfv/SourcePackages/checkouts/DTFoundation/Core/Source/NSDictionary+DTError.m normal arm64 objective-c com.apple.compilers.llvm.clang.1_0.compiler (in target 'DTFoundation' from project 'DTFoundation')
    cd /Users/aadityasingh/Documents/Development/element-x-ios/Chatlio.xcodeproj
    
    Using response file: /Users/aadityasingh/Library/Developer/Xcode/DerivedData/Chatlio-erkyzdeecsohoaggpwbjdvavzqfv/Build/Intermediates.noindex/DTFoundation.build/Debug-iphonesimulator/DTFoundation.build/Objects-normal/arm64/e6072d4f65d7061329687fe24e3d63a7-common-args.resp
    
    builtin-ScanDependencies -o /Users/aadityasingh/Library/Developer/Xcode/DerivedData/Chatlio-erkyzdeecsohoaggpwbjdvavzqfv/Build/Intermediates.noindex/DTFoundation.build/Debug-iphonesimulator/DTFoundation.build/Objects-normal/arm64/NSDictionary+DTError.o.scan -- /Applications/Xcode.app/Contents/Developer/Toolchains/XcodeDefault.xctoolchain/usr/bin/clang -x objective-c -ivfsstatcache /Users/aadityasingh/Library/Developer/Xcode/DerivedData/SDKStatCaches.noindex/iphonesimulator26.4-23E252-686eebb5dc1d8ecb277353a59184f4aa.sdkstatcache -target arm64-apple-ios12.0-simulator -fmessage-length\=0 -fdiagnostics-show-note-include-stack -fmacro-backtrace-limit\=0 -fno-color-diagnostics -fmodules-prune-interval\=86400 -fmodules-prune-after\=345600 -fbuild-session-file\=/Users/aadityasingh/Library/Developer/Xcode/DerivedData/ModuleCache.noindex/Session.modulevalidation -fmodules-validate-once-per-build-session -Wnon-modular-include-in-framework-module -Werror\=non-modular-include-in-framework-module -Wno-trigraphs -Wno-missing-field-initializers -Wno-missing-prototypes -Wno-return-type -Wno-implicit-atomic-properties -Wno-objc-interface-ivars -Wno-arc-repeated-use-of-weak -Wno-missing-braces -Wparentheses -Wswitch -Wno-unused-function -Wno-unused-label -Wno-unused-parameter -Wno-unused-variable -Wunused-value -Wno-empty-body -Wno-uninitialized -Wno-unknown-pragmas -w -Wno-shadow -Wno-four-char-constants -Wno-conversion -Wno-constant-conversion -Wno-int-conversion -Wno-bool-conversion -Wno-enum-conversion -Wno-float-conversion -Wno-non-literal-null-conversion -Wno-objc-literal-conversion -Wshorten-64-to-32 -Wpointer-sign -Wno-newline-eof -Wno-selector -Wno-strict-selector-match -Wno-undeclared-selector -Wno-deprecated-implementations -Wno-implicit-fallthrough -isysroot /Applications/Xcode.app/Contents/Developer/Platforms/iPhoneSimulator.platform/Developer/SDKs/iPhoneSimulator26.4.sdk -fstrict-aliasing -Wprotocol -Wdeprecated-declarations -Wno-sign-conversion -Wno-infinite-recursion -Wno-comma -Wno-block-capture-autoreleasing -Wno-strict-prototypes -Wno-semicolon-before-method-body -index-store-path /Users/aadityasingh/Library/Developer/Xcode/DerivedData/Chatlio-erkyzdeecsohoaggpwbjdvavzqfv/Index.noindex/DataStore @/Users/aadityasingh/Library/Developer/Xcode/DerivedData/Chatlio-erkyzdeecsohoaggpwbjdvavzqfv/Build/Intermediates.noindex/DTFoundation.build/Debug-iphonesimulator/DTFoundation.build/Objects-normal/arm64/e6072d4f65d7061329687fe24e3d63a7-common-args.resp -MMD -MT dependencies -MF /Users/aadityasingh/Library/Developer/Xcode/DerivedData/Chatlio-erkyzdeecsohoaggpwbjdvavzqfv/Build/Intermediates.noindex/DTFoundation.build/Debug-iphonesimulator/DTFoundation.build/Objects-normal/arm64/NSDictionary+DTError.d --serialize-diagnostics /Users/aadityasingh/Library/Developer/Xcode/DerivedData/Chatlio-erkyzdeecsohoaggpwbjdvavzqfv/Build/Intermediates.noindex/DTFoundation.build/Debug-iphonesimulator/DTFoundation.build/Objects-normal/arm64/NSDictionary+DTError.dia -c /Users/aadityasingh/Library/Developer/Xcode/DerivedData/Chatlio-erkyzdeecsohoaggpwbjdvavzqfv/SourcePackages/checkouts/DTFoundation/Core/Source/NSDictionary+DTError.m -o /Users/aadityasingh/Library/Developer/Xcode/DerivedData/Chatlio-erkyzdeecsohoaggpwbjdvavzqfv/Build/Intermediates.noindex/DTFoundation.build/Debug-iphonesimulator/DTFoundation.build/Objects-normal/arm64/NSDictionary+DTError.o -index-unit-output-path /DTFoundation.build/Debug-iphonesimulator/DTFoundation.build/Objects-normal/arm64/NSDictionary+DTError.o

ScanDependencies /Users/aadityasingh/Library/Developer/Xcode/DerivedData/Chatlio-erkyzdeecsohoaggpwbjdvavzqfv/Build/Intermediates.noindex/DTFoundation.build/Debug-iphonesimulator/DTFoundation.build/Objects-normal/arm64/NSDocument+DTFoundation.o /Users/aadityasingh/Library/Developer/Xcode/DerivedData/Chatlio-erkyzdeecsohoaggpwbjdvavzqfv/SourcePackages/checkouts/DTFoundation/Core/Source/OSX/NSDocument+DTFoundation.m normal arm64 objective-c com.apple.compilers.llvm.clang.1_0.compiler (in target 'DTFoundation' from project 'DTFoundation')
    cd /Users/aadityasingh/Documents/Development/element-x-ios/Chatlio.xcodeproj
    
    Using response file: /Users/aadityasingh/Library/Developer/Xcode/DerivedData/Chatlio-erkyzdeecsohoaggpwbjdvavzqfv/Build/Intermediates.noindex/DTFoundation.build/Debug-iphonesimulator/DTFoundation.build/Objects-normal/arm64/e6072d4f65d7061329687fe24e3d63a7-common-args.resp
    
    builtin-ScanDependencies -o /Users/aadityasingh/Library/Developer/Xcode/DerivedData/Chatlio-erkyzdeecsohoaggpwbjdvavzqfv/Build/Intermediates.noindex/DTFoundation.build/Debug-iphonesimulator/DTFoundation.build/Objects-normal/arm64/NSDocument+DTFoundation.o.scan -- /Applications/Xcode.app/Contents/Developer/Toolchains/XcodeDefault.xctoolchain/usr/bin/clang -x objective-c -ivfsstatcache /Users/aadityasingh/Library/Developer/Xcode/DerivedData/SDKStatCaches.noindex/iphonesimulator26.4-23E252-686eebb5dc1d8ecb277353a59184f4aa.sdkstatcache -target arm64-apple-ios12.0-simulator -fmessage-length\=0 -fdiagnostics-show-note-include-stack -fmacro-backtrace-limit\=0 -fno-color-diagnostics -fmodules-prune-interval\=86400 -fmodules-prune-after\=345600 -fbuild-session-file\=/Users/aadityasingh/Library/Developer/Xcode/DerivedData/ModuleCache.noindex/Session.modulevalidation -fmodules-validate-once-per-build-session -Wnon-modular-include-in-framework-module -Werror\=non-modular-include-in-framework-module -Wno-trigraphs -Wno-missing-field-initializers -Wno-missing-prototypes -Wno-return-type -Wno-implicit-atomic-properties -Wno-objc-interface-ivars -Wno-arc-repeated-use-of-weak -Wno-missing-braces -Wparentheses -Wswitch -Wno-unused-function -Wno-unused-label -Wno-unused-parameter -Wno-unused-variable -Wunused-value -Wno-empty-body -Wno-uninitialized -Wno-unknown-pragmas -w -Wno-shadow -Wno-four-char-constants -Wno-conversion -Wno-constant-conversion -Wno-int-conversion -Wno-bool-conversion -Wno-enum-conversion -Wno-float-conversion -Wno-non-literal-null-conversion -Wno-objc-literal-conversion -Wshorten-64-to-32 -Wpointer-sign -Wno-newline-eof -Wno-selector -Wno-strict-selector-match -Wno-undeclared-selector -Wno-deprecated-implementations -Wno-implicit-fallthrough -isysroot /Applications/Xcode.app/Contents/Developer/Platforms/iPhoneSimulator.platform/Developer/SDKs/iPhoneSimulator26.4.sdk -fstrict-aliasing -Wprotocol -Wdeprecated-declarations -Wno-sign-conversion -Wno-infinite-recursion -Wno-comma -Wno-block-capture-autoreleasing -Wno-strict-prototypes -Wno-semicolon-before-method-body -index-store-path /Users/aadityasingh/Library/Developer/Xcode/DerivedData/Chatlio-erkyzdeecsohoaggpwbjdvavzqfv/Index.noindex/DataStore @/Users/aadityasingh/Library/Developer/Xcode/DerivedData/Chatlio-erkyzdeecsohoaggpwbjdvavzqfv/Build/Intermediates.noindex/DTFoundation.build/Debug-iphonesimulator/DTFoundation.build/Objects-normal/arm64/e6072d4f65d7061329687fe24e3d63a7-common-args.resp -MMD -MT dependencies -MF /Users/aadityasingh/Library/Developer/Xcode/DerivedData/Chatlio-erkyzdeecsohoaggpwbjdvavzqfv/Build/Intermediates.noindex/DTFoundation.build/Debug-iphonesimulator/DTFoundation.build/Objects-normal/arm64/NSDocument+DTFoundation.d --serialize-diagnostics /Users/aadityasingh/Library/Developer/Xcode/DerivedData/Chatlio-erkyzdeecsohoaggpwbjdvavzqfv/Build/Intermediates.noindex/DTFoundation.build/Debug-iphonesimulator/DTFoundation.build/Objects-normal/arm64/NSDocument+DTFoundation.dia -c /Users/aadityasingh/Library/Developer/Xcode/DerivedData/Chatlio-erkyzdeecsohoaggpwbjdvavzqfv/SourcePackages/checkouts/DTFoundation/Core/Source/OSX/NSDocument+DTFoundation.m -o /Users/aadityasingh/Library/Developer/Xcode/DerivedData/Chatlio-erkyzdeecsohoaggpwbjdvavzqfv/Build/Intermediates.noindex/DTFoundation.build/Debug-iphonesimulator/DTFoundation.build/Objects-normal/arm64/NSDocument+DTFoundation.o -index-unit-output-path /DTFoundation.build/Debug-iphonesimulator/DTFoundation.build/Objects-normal/arm64/NSDocument+DTFoundation.o

PrecompileModule /Users/aadityasingh/Library/Developer/Xcode/DerivedData/Chatlio-erkyzdeecsohoaggpwbjdvavzqfv/Build/Intermediates.noindex/ExplicitPrecompiledModules/ImageIO-2ZVLIFUYOHGDCB9NBP5PR7EHX.scan
    cd /
    builtin-precompileModule /Users/aadityasingh/Library/Developer/Xcode/DerivedData/Chatlio-erkyzdeecsohoaggpwbjdvavzqfv/Build/Intermediates.noindex/ExplicitPrecompiledModules/ImageIO-2ZVLIFUYOHGDCB9NBP5PR7EHX.scan

CompileC /Users/aadityasingh/Library/Developer/Xcode/DerivedData/Chatlio-erkyzdeecsohoaggpwbjdvavzqfv/Build/Intermediates.noindex/DTFoundation.build/Debug-iphonesimulator/DTFoundation.build/Objects-normal/arm64/NSDocument+DTFoundation.o /Users/aadityasingh/Library/Developer/Xcode/DerivedData/Chatlio-erkyzdeecsohoaggpwbjdvavzqfv/SourcePackages/checkouts/DTFoundation/Core/Source/OSX/NSDocument+DTFoundation.m normal arm64 objective-c com.apple.compilers.llvm.clang.1_0.compiler (in target 'DTFoundation' from project 'DTFoundation')
    cd /Users/aadityasingh/Documents/Development/element-x-ios/Chatlio.xcodeproj
    
    Using response file: /Users/aadityasingh/Library/Developer/Xcode/DerivedData/Chatlio-erkyzdeecsohoaggpwbjdvavzqfv/Build/Intermediates.noindex/DTFoundation.build/Debug-iphonesimulator/DTFoundation.build/Objects-normal/arm64/e6072d4f65d7061329687fe24e3d63a7-common-args.resp
    
    /Applications/Xcode.app/Contents/Developer/Toolchains/XcodeDefault.xctoolchain/usr/bin/clang -x objective-c -ivfsstatcache /Users/aadityasingh/Library/Developer/Xcode/DerivedData/SDKStatCaches.noindex/iphonesimulator26.4-23E252-686eebb5dc1d8ecb277353a59184f4aa.sdkstatcache -target arm64-apple-ios12.0-simulator -fmessage-length\=0 -fdiagnostics-show-note-include-stack -fmacro-backtrace-limit\=0 -fno-color-diagnostics -fmodules-prune-interval\=86400 -fmodules-prune-after\=345600 -fbuild-session-file\=/Users/aadityasingh/Library/Developer/Xcode/DerivedData/ModuleCache.noindex/Session.modulevalidation -fmodules-validate-once-per-build-session -Wnon-modular-include-in-framework-module -Werror\=non-modular-include-in-framework-module -Wno-trigraphs -Wno-missing-field-initializers -Wno-missing-prototypes -Wno-return-type -Wno-implicit-atomic-properties -Wno-objc-interface-ivars -Wno-arc-repeated-use-of-weak -Wno-missing-braces -Wparentheses -Wswitch -Wno-unused-function -Wno-unused-label -Wno-unused-parameter -Wno-unused-variable -Wunused-value -Wno-empty-body -Wno-uninitialized -Wno-unknown-pragmas -w -Wno-shadow -Wno-four-char-constants -Wno-conversion -Wno-constant-conversion -Wno-int-conversion -Wno-bool-conversion -Wno-enum-conversion -Wno-float-conversion -Wno-non-literal-null-conversion -Wno-objc-literal-conversion -Wshorten-64-to-32 -Wpointer-sign -Wno-newline-eof -Wno-selector -Wno-strict-selector-match -Wno-undeclared-selector -Wno-deprecated-implementations -Wno-implicit-fallthrough -isysroot /Applications/Xcode.app/Contents/Developer/Platforms/iPhoneSimulator.platform/Developer/SDKs/iPhoneSimulator26.4.sdk -fstrict-aliasing -Wprotocol -Wdeprecated-declarations -Wno-sign-conversion -Wno-infinite-recursion -Wno-comma -Wno-block-capture-autoreleasing -Wno-strict-prototypes -Wno-semicolon-before-method-body -index-store-path /Users/aadityasingh/Library/Developer/Xcode/DerivedData/Chatlio-erkyzdeecsohoaggpwbjdvavzqfv/Index.noindex/DataStore @/Users/aadityasingh/Library/Developer/Xcode/DerivedData/Chatlio-erkyzdeecsohoaggpwbjdvavzqfv/Build/Intermediates.noindex/DTFoundation.build/Debug-iphonesimulator/DTFoundation.build/Objects-normal/arm64/e6072d4f65d7061329687fe24e3d63a7-common-args.resp -MMD -MT dependencies -MF /Users/aadityasingh/Library/Developer/Xcode/DerivedData/Chatlio-erkyzdeecsohoaggpwbjdvavzqfv/Build/Intermediates.noindex/DTFoundation.build/Debug-iphonesimulator/DTFoundation.build/Objects-normal/arm64/NSDocument+DTFoundation.d --serialize-diagnostics /Users/aadityasingh/Library/Developer/Xcode/DerivedData/Chatlio-erkyzdeecsohoaggpwbjdvavzqfv/Build/Intermediates.noindex/DTFoundation.build/Debug-iphonesimulator/DTFoundation.build/Objects-normal/arm64/NSDocument+DTFoundation.dia -c /Users/aadityasingh/Library/Developer/Xcode/DerivedData/Chatlio-erkyzdeecsohoaggpwbjdvavzqfv/SourcePackages/checkouts/DTFoundation/Core/Source/OSX/NSDocument+DTFoundation.m -o /Users/aadityasingh/Library/Developer/Xcode/DerivedData/Chatlio-erkyzdeecsohoaggpwbjdvavzqfv/Build/Intermediates.noindex/DTFoundation.build/Debug-iphonesimulator/DTFoundation.build/Objects-normal/arm64/NSDocument+DTFoundation.o -index-unit-output-path /DTFoundation.build/Debug-iphonesimulator/DTFoundation.build/Objects-normal/arm64/NSDocument+DTFoundation.o

PrecompileModule /Users/aadityasingh/Library/Developer/Xcode/DerivedData/Chatlio-erkyzdeecsohoaggpwbjdvavzqfv/Build/Intermediates.noindex/ExplicitPrecompiledModules/CoreText-B58W0RXVOFTTRIH0UJX7N8K8C.scan
    cd /
    builtin-precompileModule /Users/aadityasingh/Library/Developer/Xcode/DerivedData/Chatlio-erkyzdeecsohoaggpwbjdvavzqfv/Build/Intermediates.noindex/ExplicitPrecompiledModules/CoreText-B58W0RXVOFTTRIH0UJX7N8K8C.scan

ScanDependencies /Users/aadityasingh/Library/Developer/Xcode/DerivedData/Chatlio-erkyzdeecsohoaggpwbjdvavzqfv/Build/Intermediates.noindex/DTFoundation.build/Debug-iphonesimulator/DTFoundation.build/Objects-normal/arm64/NSData+DTCrypto.o /Users/aadityasingh/Library/Developer/Xcode/DerivedData/Chatlio-erkyzdeecsohoaggpwbjdvavzqfv/SourcePackages/checkouts/DTFoundation/Core/Source/NSData+DTCrypto.m normal arm64 objective-c com.apple.compilers.llvm.clang.1_0.compiler (in target 'DTFoundation' from project 'DTFoundation')
    cd /Users/aadityasingh/Documents/Development/element-x-ios/Chatlio.xcodeproj
    
    Using response file: /Users/aadityasingh/Library/Developer/Xcode/DerivedData/Chatlio-erkyzdeecsohoaggpwbjdvavzqfv/Build/Intermediates.noindex/DTFoundation.build/Debug-iphonesimulator/DTFoundation.build/Objects-normal/arm64/e6072d4f65d7061329687fe24e3d63a7-common-args.resp
    
    builtin-ScanDependencies -o /Users/aadityasingh/Library/Developer/Xcode/DerivedData/Chatlio-erkyzdeecsohoaggpwbjdvavzqfv/Build/Intermediates.noindex/DTFoundation.build/Debug-iphonesimulator/DTFoundation.build/Objects-normal/arm64/NSData+DTCrypto.o.scan -- /Applications/Xcode.app/Contents/Developer/Toolchains/XcodeDefault.xctoolchain/usr/bin/clang -x objective-c -ivfsstatcache /Users/aadityasingh/Library/Developer/Xcode/DerivedData/SDKStatCaches.noindex/iphonesimulator26.4-23E252-686eebb5dc1d8ecb277353a59184f4aa.sdkstatcache -target arm64-apple-ios12.0-simulator -fmessage-length\=0 -fdiagnostics-show-note-include-stack -fmacro-backtrace-limit\=0 -fno-color-diagnostics -fmodules-prune-interval\=86400 -fmodules-prune-after\=345600 -fbuild-session-file\=/Users/aadityasingh/Library/Developer/Xcode/DerivedData/ModuleCache.noindex/Session.modulevalidation -fmodules-validate-once-per-build-session -Wnon-modular-include-in-framework-module -Werror\=non-modular-include-in-framework-module -Wno-trigraphs -Wno-missing-field-initializers -Wno-missing-prototypes -Wno-return-type -Wno-implicit-atomic-properties -Wno-objc-interface-ivars -Wno-arc-repeated-use-of-weak -Wno-missing-braces -Wparentheses -Wswitch -Wno-unused-function -Wno-unused-label -Wno-unused-parameter -Wno-unused-variable -Wunused-value -Wno-empty-body -Wno-uninitialized -Wno-unknown-pragmas -w -Wno-shadow -Wno-four-char-constants -Wno-conversion -Wno-constant-conversion -Wno-int-conversion -Wno-bool-conversion -Wno-enum-conversion -Wno-float-conversion -Wno-non-literal-null-conversion -Wno-objc-literal-conversion -Wshorten-64-to-32 -Wpointer-sign -Wno-newline-eof -Wno-selector -Wno-strict-selector-match -Wno-undeclared-selector -Wno-deprecated-implementations -Wno-implicit-fallthrough -isysroot /Applications/Xcode.app/Contents/Developer/Platforms/iPhoneSimulator.platform/Developer/SDKs/iPhoneSimulator26.4.sdk -fstrict-aliasing -Wprotocol -Wdeprecated-declarations -Wno-sign-conversion -Wno-infinite-recursion -Wno-comma -Wno-block-capture-autoreleasing -Wno-strict-prototypes -Wno-semicolon-before-method-body -index-store-path /Users/aadityasingh/Library/Developer/Xcode/DerivedData/Chatlio-erkyzdeecsohoaggpwbjdvavzqfv/Index.noindex/DataStore @/Users/aadityasingh/Library/Developer/Xcode/DerivedData/Chatlio-erkyzdeecsohoaggpwbjdvavzqfv/Build/Intermediates.noindex/DTFoundation.build/Debug-iphonesimulator/DTFoundation.build/Objects-normal/arm64/e6072d4f65d7061329687fe24e3d63a7-common-args.resp -MMD -MT dependencies -MF /Users/aadityasingh/Library/Developer/Xcode/DerivedData/Chatlio-erkyzdeecsohoaggpwbjdvavzqfv/Build/Intermediates.noindex/DTFoundation.build/Debug-iphonesimulator/DTFoundation.build/Objects-normal/arm64/NSData+DTCrypto.d --serialize-diagnostics /Users/aadityasingh/Library/Developer/Xcode/DerivedData/Chatlio-erkyzdeecsohoaggpwbjdvavzqfv/Build/Intermediates.noindex/DTFoundation.build/Debug-iphonesimulator/DTFoundation.build/Objects-normal/arm64/NSData+DTCrypto.dia -c /Users/aadityasingh/Library/Developer/Xcode/DerivedData/Chatlio-erkyzdeecsohoaggpwbjdvavzqfv/SourcePackages/checkouts/DTFoundation/Core/Source/NSData+DTCrypto.m -o /Users/aadityasingh/Library/Developer/Xcode/DerivedData/Chatlio-erkyzdeecsohoaggpwbjdvavzqfv/Build/Intermediates.noindex/DTFoundation.build/Debug-iphonesimulator/DTFoundation.build/Objects-normal/arm64/NSData+DTCrypto.o -index-unit-output-path /DTFoundation.build/Debug-iphonesimulator/DTFoundation.build/Objects-normal/arm64/NSData+DTCrypto.o

ScanDependencies /Users/aadityasingh/Library/Developer/Xcode/DerivedData/Chatlio-erkyzdeecsohoaggpwbjdvavzqfv/Build/Intermediates.noindex/DTFoundation.build/Debug-iphonesimulator/DTFoundation.build/Objects-normal/arm64/NSArray+DTError.o /Users/aadityasingh/Library/Developer/Xcode/DerivedData/Chatlio-erkyzdeecsohoaggpwbjdvavzqfv/SourcePackages/checkouts/DTFoundation/Core/Source/NSArray+DTError.m normal arm64 objective-c com.apple.compilers.llvm.clang.1_0.compiler (in target 'DTFoundation' from project 'DTFoundation')
    cd /Users/aadityasingh/Documents/Development/element-x-ios/Chatlio.xcodeproj
    
    Using response file: /Users/aadityasingh/Library/Developer/Xcode/DerivedData/Chatlio-erkyzdeecsohoaggpwbjdvavzqfv/Build/Intermediates.noindex/DTFoundation.build/Debug-iphonesimulator/DTFoundation.build/Objects-normal/arm64/e6072d4f65d7061329687fe24e3d63a7-common-args.resp
    
    builtin-ScanDependencies -o /Users/aadityasingh/Library/Developer/Xcode/DerivedData/Chatlio-erkyzdeecsohoaggpwbjdvavzqfv/Build/Intermediates.noindex/DTFoundation.build/Debug-iphonesimulator/DTFoundation.build/Objects-normal/arm64/NSArray+DTError.o.scan -- /Applications/Xcode.app/Contents/Developer/Toolchains/XcodeDefault.xctoolchain/usr/bin/clang -x objective-c -ivfsstatcache /Users/aadityasingh/Library/Developer/Xcode/DerivedData/SDKStatCaches.noindex/iphonesimulator26.4-23E252-686eebb5dc1d8ecb277353a59184f4aa.sdkstatcache -target arm64-apple-ios12.0-simulator -fmessage-length\=0 -fdiagnostics-show-note-include-stack -fmacro-backtrace-limit\=0 -fno-color-diagnostics -fmodules-prune-interval\=86400 -fmodules-prune-after\=345600 -fbuild-session-file\=/Users/aadityasingh/Library/Developer/Xcode/DerivedData/ModuleCache.noindex/Session.modulevalidation -fmodules-validate-once-per-build-session -Wnon-modular-include-in-framework-module -Werror\=non-modular-include-in-framework-module -Wno-trigraphs -Wno-missing-field-initializers -Wno-missing-prototypes -Wno-return-type -Wno-implicit-atomic-properties -Wno-objc-interface-ivars -Wno-arc-repeated-use-of-weak -Wno-missing-braces -Wparentheses -Wswitch -Wno-unused-function -Wno-unused-label -Wno-unused-parameter -Wno-unused-variable -Wunused-value -Wno-empty-body -Wno-uninitialized -Wno-unknown-pragmas -w -Wno-shadow -Wno-four-char-constants -Wno-conversion -Wno-constant-conversion -Wno-int-conversion -Wno-bool-conversion -Wno-enum-conversion -Wno-float-conversion -Wno-non-literal-null-conversion -Wno-objc-literal-conversion -Wshorten-64-to-32 -Wpointer-sign -Wno-newline-eof -Wno-selector -Wno-strict-selector-match -Wno-undeclared-selector -Wno-deprecated-implementations -Wno-implicit-fallthrough -isysroot /Applications/Xcode.app/Contents/Developer/Platforms/iPhoneSimulator.platform/Developer/SDKs/iPhoneSimulator26.4.sdk -fstrict-aliasing -Wprotocol -Wdeprecated-declarations -Wno-sign-conversion -Wno-infinite-recursion -Wno-comma -Wno-block-capture-autoreleasing -Wno-strict-prototypes -Wno-semicolon-before-method-body -index-store-path /Users/aadityasingh/Library/Developer/Xcode/DerivedData/Chatlio-erkyzdeecsohoaggpwbjdvavzqfv/Index.noindex/DataStore @/Users/aadityasingh/Library/Developer/Xcode/DerivedData/Chatlio-erkyzdeecsohoaggpwbjdvavzqfv/Build/Intermediates.noindex/DTFoundation.build/Debug-iphonesimulator/DTFoundation.build/Objects-normal/arm64/e6072d4f65d7061329687fe24e3d63a7-common-args.resp -MMD -MT dependencies -MF /Users/aadityasingh/Library/Developer/Xcode/DerivedData/Chatlio-erkyzdeecsohoaggpwbjdvavzqfv/Build/Intermediates.noindex/DTFoundation.build/Debug-iphonesimulator/DTFoundation.build/Objects-normal/arm64/NSArray+DTError.d --serialize-diagnostics /Users/aadityasingh/Library/Developer/Xcode/DerivedData/Chatlio-erkyzdeecsohoaggpwbjdvavzqfv/Build/Intermediates.noindex/DTFoundation.build/Debug-iphonesimulator/DTFoundation.build/Objects-normal/arm64/NSArray+DTError.dia -c /Users/aadityasingh/Library/Developer/Xcode/DerivedData/Chatlio-erkyzdeecsohoaggpwbjdvavzqfv/SourcePackages/checkouts/DTFoundation/Core/Source/NSArray+DTError.m -o /Users/aadityasingh/Library/Developer/Xcode/DerivedData/Chatlio-erkyzdeecsohoaggpwbjdvavzqfv/Build/Intermediates.noindex/DTFoundation.build/Debug-iphonesimulator/DTFoundation.build/Objects-normal/arm64/NSArray+DTError.o -index-unit-output-path /DTFoundation.build/Debug-iphonesimulator/DTFoundation.build/Objects-normal/arm64/NSArray+DTError.o

PrecompileModule /Users/aadityasingh/Library/Developer/Xcode/DerivedData/Chatlio-erkyzdeecsohoaggpwbjdvavzqfv/Build/Intermediates.noindex/ExplicitPrecompiledModules/Foundation-DNOOV5CXB3D1GG2I2FBNOT0NY.scan
    cd /
    builtin-precompileModule /Users/aadityasingh/Library/Developer/Xcode/DerivedData/Chatlio-erkyzdeecsohoaggpwbjdvavzqfv/Build/Intermediates.noindex/ExplicitPrecompiledModules/Foundation-DNOOV5CXB3D1GG2I2FBNOT0NY.scan

ScanDependencies /Users/aadityasingh/Library/Developer/Xcode/DerivedData/Chatlio-erkyzdeecsohoaggpwbjdvavzqfv/Build/Intermediates.noindex/DTFoundation.build/Debug-iphonesimulator/DTFoundation.build/Objects-normal/arm64/DTZipArchivePKZip.o /Users/aadityasingh/Library/Developer/Xcode/DerivedData/Chatlio-erkyzdeecsohoaggpwbjdvavzqfv/SourcePackages/checkouts/DTFoundation/Core/Source/DTZipArchive/DTZipArchivePKZip.m normal arm64 objective-c com.apple.compilers.llvm.clang.1_0.compiler (in target 'DTFoundation' from project 'DTFoundation')
    cd /Users/aadityasingh/Documents/Development/element-x-ios/Chatlio.xcodeproj
    
    Using response file: /Users/aadityasingh/Library/Developer/Xcode/DerivedData/Chatlio-erkyzdeecsohoaggpwbjdvavzqfv/Build/Intermediates.noindex/DTFoundation.build/Debug-iphonesimulator/DTFoundation.build/Objects-normal/arm64/e6072d4f65d7061329687fe24e3d63a7-common-args.resp
    
    builtin-ScanDependencies -o /Users/aadityasingh/Library/Developer/Xcode/DerivedData/Chatlio-erkyzdeecsohoaggpwbjdvavzqfv/Build/Intermediates.noindex/DTFoundation.build/Debug-iphonesimulator/DTFoundation.build/Objects-normal/arm64/DTZipArchivePKZip.o.scan -- /Applications/Xcode.app/Contents/Developer/Toolchains/XcodeDefault.xctoolchain/usr/bin/clang -x objective-c -ivfsstatcache /Users/aadityasingh/Library/Developer/Xcode/DerivedData/SDKStatCaches.noindex/iphonesimulator26.4-23E252-686eebb5dc1d8ecb277353a59184f4aa.sdkstatcache -target arm64-apple-ios12.0-simulator -fmessage-length\=0 -fdiagnostics-show-note-include-stack -fmacro-backtrace-limit\=0 -fno-color-diagnostics -fmodules-prune-interval\=86400 -fmodules-prune-after\=345600 -fbuild-session-file\=/Users/aadityasingh/Library/Developer/Xcode/DerivedData/ModuleCache.noindex/Session.modulevalidation -fmodules-validate-once-per-build-session -Wnon-modular-include-in-framework-module -Werror\=non-modular-include-in-framework-module -Wno-trigraphs -Wno-missing-field-initializers -Wno-missing-prototypes -Wno-return-type -Wno-implicit-atomic-properties -Wno-objc-interface-ivars -Wno-arc-repeated-use-of-weak -Wno-missing-braces -Wparentheses -Wswitch -Wno-unused-function -Wno-unused-label -Wno-unused-parameter -Wno-unused-variable -Wunused-value -Wno-empty-body -Wno-uninitialized -Wno-unknown-pragmas -w -Wno-shadow -Wno-four-char-constants -Wno-conversion -Wno-constant-conversion -Wno-int-conversion -Wno-bool-conversion -Wno-enum-conversion -Wno-float-conversion -Wno-non-literal-null-conversion -Wno-objc-literal-conversion -Wshorten-64-to-32 -Wpointer-sign -Wno-newline-eof -Wno-selector -Wno-strict-selector-match -Wno-undeclared-selector -Wno-deprecated-implementations -Wno-implicit-fallthrough -isysroot /Applications/Xcode.app/Contents/Developer/Platforms/iPhoneSimulator.platform/Developer/SDKs/iPhoneSimulator26.4.sdk -fstrict-aliasing -Wprotocol -Wdeprecated-declarations -Wno-sign-conversion -Wno-infinite-recursion -Wno-comma -Wno-block-capture-autoreleasing -Wno-strict-prototypes -Wno-semicolon-before-method-body -index-store-path /Users/aadityasingh/Library/Developer/Xcode/DerivedData/Chatlio-erkyzdeecsohoaggpwbjdvavzqfv/Index.noindex/DataStore @/Users/aadityasingh/Library/Developer/Xcode/DerivedData/Chatlio-erkyzdeecsohoaggpwbjdvavzqfv/Build/Intermediates.noindex/DTFoundation.build/Debug-iphonesimulator/DTFoundation.build/Objects-normal/arm64/e6072d4f65d7061329687fe24e3d63a7-common-args.resp -MMD -MT dependencies -MF /Users/aadityasingh/Library/Developer/Xcode/DerivedData/Chatlio-erkyzdeecsohoaggpwbjdvavzqfv/Build/Intermediates.noindex/DTFoundation.build/Debug-iphonesimulator/DTFoundation.build/Objects-normal/arm64/DTZipArchivePKZip.d --serialize-diagnostics /Users/aadityasingh/Library/Developer/Xcode/DerivedData/Chatlio-erkyzdeecsohoaggpwbjdvavzqfv/Build/Intermediates.noindex/DTFoundation.build/Debug-iphonesimulator/DTFoundation.build/Objects-normal/arm64/DTZipArchivePKZip.dia -c /Users/aadityasingh/Library/Developer/Xcode/DerivedData/Chatlio-erkyzdeecsohoaggpwbjdvavzqfv/SourcePackages/checkouts/DTFoundation/Core/Source/DTZipArchive/DTZipArchivePKZip.m -o /Users/aadityasingh/Library/Developer/Xcode/DerivedData/Chatlio-erkyzdeecsohoaggpwbjdvavzqfv/Build/Intermediates.noindex/DTFoundation.build/Debug-iphonesimulator/DTFoundation.build/Objects-normal/arm64/DTZipArchivePKZip.o -index-unit-output-path /DTFoundation.build/Debug-iphonesimulator/DTFoundation.build/Objects-normal/arm64/DTZipArchivePKZip.o

ScanDependencies /Users/aadityasingh/Library/Developer/Xcode/DerivedData/Chatlio-erkyzdeecsohoaggpwbjdvavzqfv/Build/Intermediates.noindex/DTFoundation.build/Debug-iphonesimulator/DTFoundation.build/Objects-normal/arm64/DTZipArchiveNode.o /Users/aadityasingh/Library/Developer/Xcode/DerivedData/Chatlio-erkyzdeecsohoaggpwbjdvavzqfv/SourcePackages/checkouts/DTFoundation/Core/Source/DTZipArchive/DTZipArchiveNode.m normal arm64 objective-c com.apple.compilers.llvm.clang.1_0.compiler (in target 'DTFoundation' from project 'DTFoundation')
    cd /Users/aadityasingh/Documents/Development/element-x-ios/Chatlio.xcodeproj
    
    Using response file: /Users/aadityasingh/Library/Developer/Xcode/DerivedData/Chatlio-erkyzdeecsohoaggpwbjdvavzqfv/Build/Intermediates.noindex/DTFoundation.build/Debug-iphonesimulator/DTFoundation.build/Objects-normal/arm64/e6072d4f65d7061329687fe24e3d63a7-common-args.resp
    
    builtin-ScanDependencies -o /Users/aadityasingh/Library/Developer/Xcode/DerivedData/Chatlio-erkyzdeecsohoaggpwbjdvavzqfv/Build/Intermediates.noindex/DTFoundation.build/Debug-iphonesimulator/DTFoundation.build/Objects-normal/arm64/DTZipArchiveNode.o.scan -- /Applications/Xcode.app/Contents/Developer/Toolchains/XcodeDefault.xctoolchain/usr/bin/clang -x objective-c -ivfsstatcache /Users/aadityasingh/Library/Developer/Xcode/DerivedData/SDKStatCaches.noindex/iphonesimulator26.4-23E252-686eebb5dc1d8ecb277353a59184f4aa.sdkstatcache -target arm64-apple-ios12.0-simulator -fmessage-length\=0 -fdiagnostics-show-note-include-stack -fmacro-backtrace-limit\=0 -fno-color-diagnostics -fmodules-prune-interval\=86400 -fmodules-prune-after\=345600 -fbuild-session-file\=/Users/aadityasingh/Library/Developer/Xcode/DerivedData/ModuleCache.noindex/Session.modulevalidation -fmodules-validate-once-per-build-session -Wnon-modular-include-in-framework-module -Werror\=non-modular-include-in-framework-module -Wno-trigraphs -Wno-missing-field-initializers -Wno-missing-prototypes -Wno-return-type -Wno-implicit-atomic-properties -Wno-objc-interface-ivars -Wno-arc-repeated-use-of-weak -Wno-missing-braces -Wparentheses -Wswitch -Wno-unused-function -Wno-unused-label -Wno-unused-parameter -Wno-unused-variable -Wunused-value -Wno-empty-body -Wno-uninitialized -Wno-unknown-pragmas -w -Wno-shadow -Wno-four-char-constants -Wno-conversion -Wno-constant-conversion -Wno-int-conversion -Wno-bool-conversion -Wno-enum-conversion -Wno-float-conversion -Wno-non-literal-null-conversion -Wno-objc-literal-conversion -Wshorten-64-to-32 -Wpointer-sign -Wno-newline-eof -Wno-selector -Wno-strict-selector-match -Wno-undeclared-selector -Wno-deprecated-implementations -Wno-implicit-fallthrough -isysroot /Applications/Xcode.app/Contents/Developer/Platforms/iPhoneSimulator.platform/Developer/SDKs/iPhoneSimulator26.4.sdk -fstrict-aliasing -Wprotocol -Wdeprecated-declarations -Wno-sign-conversion -Wno-infinite-recursion -Wno-comma -Wno-block-capture-autoreleasing -Wno-strict-prototypes -Wno-semicolon-before-method-body -index-store-path /Users/aadityasingh/Library/Developer/Xcode/DerivedData/Chatlio-erkyzdeecsohoaggpwbjdvavzqfv/Index.noindex/DataStore @/Users/aadityasingh/Library/Developer/Xcode/DerivedData/Chatlio-erkyzdeecsohoaggpwbjdvavzqfv/Build/Intermediates.noindex/DTFoundation.build/Debug-iphonesimulator/DTFoundation.build/Objects-normal/arm64/e6072d4f65d7061329687fe24e3d63a7-common-args.resp -MMD -MT dependencies -MF /Users/aadityasingh/Library/Developer/Xcode/DerivedData/Chatlio-erkyzdeecsohoaggpwbjdvavzqfv/Build/Intermediates.noindex/DTFoundation.build/Debug-iphonesimulator/DTFoundation.build/Objects-normal/arm64/DTZipArchiveNode.d --serialize-diagnostics /Users/aadityasingh/Library/Developer/Xcode/DerivedData/Chatlio-erkyzdeecsohoaggpwbjdvavzqfv/Build/Intermediates.noindex/DTFoundation.build/Debug-iphonesimulator/DTFoundation.build/Objects-normal/arm64/DTZipArchiveNode.dia -c /Users/aadityasingh/Library/Developer/Xcode/DerivedData/Chatlio-erkyzdeecsohoaggpwbjdvavzqfv/SourcePackages/checkouts/DTFoundation/Core/Source/DTZipArchive/DTZipArchiveNode.m -o /Users/aadityasingh/Library/Developer/Xcode/DerivedData/Chatlio-erkyzdeecsohoaggpwbjdvavzqfv/Build/Intermediates.noindex/DTFoundation.build/Debug-iphonesimulator/DTFoundation.build/Objects-normal/arm64/DTZipArchiveNode.o -index-unit-output-path /DTFoundation.build/Debug-iphonesimulator/DTFoundation.build/Objects-normal/arm64/DTZipArchiveNode.o

ScanDependencies /Users/aadityasingh/Library/Developer/Xcode/DerivedData/Chatlio-erkyzdeecsohoaggpwbjdvavzqfv/Build/Intermediates.noindex/DTFoundation.build/Debug-iphonesimulator/DTFoundation.build/Objects-normal/arm64/DTZipArchiveGZip.o /Users/aadityasingh/Library/Developer/Xcode/DerivedData/Chatlio-erkyzdeecsohoaggpwbjdvavzqfv/SourcePackages/checkouts/DTFoundation/Core/Source/DTZipArchive/DTZipArchiveGZip.m normal arm64 objective-c com.apple.compilers.llvm.clang.1_0.compiler (in target 'DTFoundation' from project 'DTFoundation')
    cd /Users/aadityasingh/Documents/Development/element-x-ios/Chatlio.xcodeproj
    
    Using response file: /Users/aadityasingh/Library/Developer/Xcode/DerivedData/Chatlio-erkyzdeecsohoaggpwbjdvavzqfv/Build/Intermediates.noindex/DTFoundation.build/Debug-iphonesimulator/DTFoundation.build/Objects-normal/arm64/e6072d4f65d7061329687fe24e3d63a7-common-args.resp
    
    builtin-ScanDependencies -o /Users/aadityasingh/Library/Developer/Xcode/DerivedData/Chatlio-erkyzdeecsohoaggpwbjdvavzqfv/Build/Intermediates.noindex/DTFoundation.build/Debug-iphonesimulator/DTFoundation.build/Objects-normal/arm64/DTZipArchiveGZip.o.scan -- /Applications/Xcode.app/Contents/Developer/Toolchains/XcodeDefault.xctoolchain/usr/bin/clang -x objective-c -ivfsstatcache /Users/aadityasingh/Library/Developer/Xcode/DerivedData/SDKStatCaches.noindex/iphonesimulator26.4-23E252-686eebb5dc1d8ecb277353a59184f4aa.sdkstatcache -target arm64-apple-ios12.0-simulator -fmessage-length\=0 -fdiagnostics-show-note-include-stack -fmacro-backtrace-limit\=0 -fno-color-diagnostics -fmodules-prune-interval\=86400 -fmodules-prune-after\=345600 -fbuild-session-file\=/Users/aadityasingh/Library/Developer/Xcode/DerivedData/ModuleCache.noindex/Session.modulevalidation -fmodules-validate-once-per-build-session -Wnon-modular-include-in-framework-module -Werror\=non-modular-include-in-framework-module -Wno-trigraphs -Wno-missing-field-initializers -Wno-missing-prototypes -Wno-return-type -Wno-implicit-atomic-properties -Wno-objc-interface-ivars -Wno-arc-repeated-use-of-weak -Wno-missing-braces -Wparentheses -Wswitch -Wno-unused-function -Wno-unused-label -Wno-unused-parameter -Wno-unused-variable -Wunused-value -Wno-empty-body -Wno-uninitialized -Wno-unknown-pragmas -w -Wno-shadow -Wno-four-char-constants -Wno-conversion -Wno-constant-conversion -Wno-int-conversion -Wno-bool-conversion -Wno-enum-conversion -Wno-float-conversion -Wno-non-literal-null-conversion -Wno-objc-literal-conversion -Wshorten-64-to-32 -Wpointer-sign -Wno-newline-eof -Wno-selector -Wno-strict-selector-match -Wno-undeclared-selector -Wno-deprecated-implementations -Wno-implicit-fallthrough -isysroot /Applications/Xcode.app/Contents/Developer/Platforms/iPhoneSimulator.platform/Developer/SDKs/iPhoneSimulator26.4.sdk -fstrict-aliasing -Wprotocol -Wdeprecated-declarations -Wno-sign-conversion -Wno-infinite-recursion -Wno-comma -Wno-block-capture-autoreleasing -Wno-strict-prototypes -Wno-semicolon-before-method-body -index-store-path /Users/aadityasingh/Library/Developer/Xcode/DerivedData/Chatlio-erkyzdeecsohoaggpwbjdvavzqfv/Index.noindex/DataStore @/Users/aadityasingh/Library/Developer/Xcode/DerivedData/Chatlio-erkyzdeecsohoaggpwbjdvavzqfv/Build/Intermediates.noindex/DTFoundation.build/Debug-iphonesimulator/DTFoundation.build/Objects-normal/arm64/e6072d4f65d7061329687fe24e3d63a7-common-args.resp -MMD -MT dependencies -MF /Users/aadityasingh/Library/Developer/Xcode/DerivedData/Chatlio-erkyzdeecsohoaggpwbjdvavzqfv/Build/Intermediates.noindex/DTFoundation.build/Debug-iphonesimulator/DTFoundation.build/Objects-normal/arm64/DTZipArchiveGZip.d --serialize-diagnostics /Users/aadityasingh/Library/Developer/Xcode/DerivedData/Chatlio-erkyzdeecsohoaggpwbjdvavzqfv/Build/Intermediates.noindex/DTFoundation.build/Debug-iphonesimulator/DTFoundation.build/Objects-normal/arm64/DTZipArchiveGZip.dia -c /Users/aadityasingh/Library/Developer/Xcode/DerivedData/Chatlio-erkyzdeecsohoaggpwbjdvavzqfv/SourcePackages/checkouts/DTFoundation/Core/Source/DTZipArchive/DTZipArchiveGZip.m -o /Users/aadityasingh/Library/Developer/Xcode/DerivedData/Chatlio-erkyzdeecsohoaggpwbjdvavzqfv/Build/Intermediates.noindex/DTFoundation.build/Debug-iphonesimulator/DTFoundation.build/Objects-normal/arm64/DTZipArchiveGZip.o -index-unit-output-path /DTFoundation.build/Debug-iphonesimulator/DTFoundation.build/Objects-normal/arm64/DTZipArchiveGZip.o

ScanDependencies /Users/aadityasingh/Library/Developer/Xcode/DerivedData/Chatlio-erkyzdeecsohoaggpwbjdvavzqfv/Build/Intermediates.noindex/DTFoundation.build/Debug-iphonesimulator/DTFoundation.build/Objects-normal/arm64/DTZipArchive.o /Users/aadityasingh/Library/Developer/Xcode/DerivedData/Chatlio-erkyzdeecsohoaggpwbjdvavzqfv/SourcePackages/checkouts/DTFoundation/Core/Source/DTZipArchive/DTZipArchive.m normal arm64 objective-c com.apple.compilers.llvm.clang.1_0.compiler (in target 'DTFoundation' from project 'DTFoundation')
    cd /Users/aadityasingh/Documents/Development/element-x-ios/Chatlio.xcodeproj
    
    Using response file: /Users/aadityasingh/Library/Developer/Xcode/DerivedData/Chatlio-erkyzdeecsohoaggpwbjdvavzqfv/Build/Intermediates.noindex/DTFoundation.build/Debug-iphonesimulator/DTFoundation.build/Objects-normal/arm64/e6072d4f65d7061329687fe24e3d63a7-common-args.resp
    
    builtin-ScanDependencies -o /Users/aadityasingh/Library/Developer/Xcode/DerivedData/Chatlio-erkyzdeecsohoaggpwbjdvavzqfv/Build/Intermediates.noindex/DTFoundation.build/Debug-iphonesimulator/DTFoundation.build/Objects-normal/arm64/DTZipArchive.o.scan -- /Applications/Xcode.app/Contents/Developer/Toolchains/XcodeDefault.xctoolchain/usr/bin/clang -x objective-c -ivfsstatcache /Users/aadityasingh/Library/Developer/Xcode/DerivedData/SDKStatCaches.noindex/iphonesimulator26.4-23E252-686eebb5dc1d8ecb277353a59184f4aa.sdkstatcache -target arm64-apple-ios12.0-simulator -fmessage-length\=0 -fdiagnostics-show-note-include-stack -fmacro-backtrace-limit\=0 -fno-color-diagnostics -fmodules-prune-interval\=86400 -fmodules-prune-after\=345600 -fbuild-session-file\=/Users/aadityasingh/Library/Developer/Xcode/DerivedData/ModuleCache.noindex/Session.modulevalidation -fmodules-validate-once-per-build-session -Wnon-modular-include-in-framework-module -Werror\=non-modular-include-in-framework-module -Wno-trigraphs -Wno-missing-field-initializers -Wno-missing-prototypes -Wno-return-type -Wno-implicit-atomic-properties -Wno-objc-interface-ivars -Wno-arc-repeated-use-of-weak -Wno-missing-braces -Wparentheses -Wswitch -Wno-unused-function -Wno-unused-label -Wno-unused-parameter -Wno-unused-variable -Wunused-value -Wno-empty-body -Wno-uninitialized -Wno-unknown-pragmas -w -Wno-shadow -Wno-four-char-constants -Wno-conversion -Wno-constant-conversion -Wno-int-conversion -Wno-bool-conversion -Wno-enum-conversion -Wno-float-conversion -Wno-non-literal-null-conversion -Wno-objc-literal-conversion -Wshorten-64-to-32 -Wpointer-sign -Wno-newline-eof -Wno-selector -Wno-strict-selector-match -Wno-undeclared-selector -Wno-deprecated-implementations -Wno-implicit-fallthrough -isysroot /Applications/Xcode.app/Contents/Developer/Platforms/iPhoneSimulator.platform/Developer/SDKs/iPhoneSimulator26.4.sdk -fstrict-aliasing -Wprotocol -Wdeprecated-declarations -Wno-sign-conversion -Wno-infinite-recursion -Wno-comma -Wno-block-capture-autoreleasing -Wno-strict-prototypes -Wno-semicolon-before-method-body -index-store-path /Users/aadityasingh/Library/Developer/Xcode/DerivedData/Chatlio-erkyzdeecsohoaggpwbjdvavzqfv/Index.noindex/DataStore @/Users/aadityasingh/Library/Developer/Xcode/DerivedData/Chatlio-erkyzdeecsohoaggpwbjdvavzqfv/Build/Intermediates.noindex/DTFoundation.build/Debug-iphonesimulator/DTFoundation.build/Objects-normal/arm64/e6072d4f65d7061329687fe24e3d63a7-common-args.resp -MMD -MT dependencies -MF /Users/aadityasingh/Library/Developer/Xcode/DerivedData/Chatlio-erkyzdeecsohoaggpwbjdvavzqfv/Build/Intermediates.noindex/DTFoundation.build/Debug-iphonesimulator/DTFoundation.build/Objects-normal/arm64/DTZipArchive.d --serialize-diagnostics /Users/aadityasingh/Library/Developer/Xcode/DerivedData/Chatlio-erkyzdeecsohoaggpwbjdvavzqfv/Build/Intermediates.noindex/DTFoundation.build/Debug-iphonesimulator/DTFoundation.build/Objects-normal/arm64/DTZipArchive.dia -c /Users/aadityasingh/Library/Developer/Xcode/DerivedData/Chatlio-erkyzdeecsohoaggpwbjdvavzqfv/SourcePackages/checkouts/DTFoundation/Core/Source/DTZipArchive/DTZipArchive.m -o /Users/aadityasingh/Library/Developer/Xcode/DerivedData/Chatlio-erkyzdeecsohoaggpwbjdvavzqfv/Build/Intermediates.noindex/DTFoundation.build/Debug-iphonesimulator/DTFoundation.build/Objects-normal/arm64/DTZipArchive.o -index-unit-output-path /DTFoundation.build/Debug-iphonesimulator/DTFoundation.build/Objects-normal/arm64/DTZipArchive.o

PrecompileModule /Users/aadityasingh/Library/Developer/Xcode/DerivedData/Chatlio-erkyzdeecsohoaggpwbjdvavzqfv/Build/Intermediates.noindex/ExplicitPrecompiledModules/zlib-6X4IRHJJ1N5RFBA12GQUE08NE.scan
    cd /
    builtin-precompileModule /Users/aadityasingh/Library/Developer/Xcode/DerivedData/Chatlio-erkyzdeecsohoaggpwbjdvavzqfv/Build/Intermediates.noindex/ExplicitPrecompiledModules/zlib-6X4IRHJJ1N5RFBA12GQUE08NE.scan

ScanDependencies /Users/aadityasingh/Library/Developer/Xcode/DerivedData/Chatlio-erkyzdeecsohoaggpwbjdvavzqfv/Build/Intermediates.noindex/DTFoundation.build/Debug-iphonesimulator/DTFoundation.build/Objects-normal/arm64/DTVersion.o /Users/aadityasingh/Library/Developer/Xcode/DerivedData/Chatlio-erkyzdeecsohoaggpwbjdvavzqfv/SourcePackages/checkouts/DTFoundation/Core/Source/DTVersion.m normal arm64 objective-c com.apple.compilers.llvm.clang.1_0.compiler (in target 'DTFoundation' from project 'DTFoundation')
    cd /Users/aadityasingh/Documents/Development/element-x-ios/Chatlio.xcodeproj
    
    Using response file: /Users/aadityasingh/Library/Developer/Xcode/DerivedData/Chatlio-erkyzdeecsohoaggpwbjdvavzqfv/Build/Intermediates.noindex/DTFoundation.build/Debug-iphonesimulator/DTFoundation.build/Objects-normal/arm64/e6072d4f65d7061329687fe24e3d63a7-common-args.resp
    
    builtin-ScanDependencies -o /Users/aadityasingh/Library/Developer/Xcode/DerivedData/Chatlio-erkyzdeecsohoaggpwbjdvavzqfv/Build/Intermediates.noindex/DTFoundation.build/Debug-iphonesimulator/DTFoundation.build/Objects-normal/arm64/DTVersion.o.scan -- /Applications/Xcode.app/Contents/Developer/Toolchains/XcodeDefault.xctoolchain/usr/bin/clang -x objective-c -ivfsstatcache /Users/aadityasingh/Library/Developer/Xcode/DerivedData/SDKStatCaches.noindex/iphonesimulator26.4-23E252-686eebb5dc1d8ecb277353a59184f4aa.sdkstatcache -target arm64-apple-ios12.0-simulator -fmessage-length\=0 -fdiagnostics-show-note-include-stack -fmacro-backtrace-limit\=0 -fno-color-diagnostics -fmodules-prune-interval\=86400 -fmodules-prune-after\=345600 -fbuild-session-file\=/Users/aadityasingh/Library/Developer/Xcode/DerivedData/ModuleCache.noindex/Session.modulevalidation -fmodules-validate-once-per-build-session -Wnon-modular-include-in-framework-module -Werror\=non-modular-include-in-framework-module -Wno-trigraphs -Wno-missing-field-initializers -Wno-missing-prototypes -Wno-return-type -Wno-implicit-atomic-properties -Wno-objc-interface-ivars -Wno-arc-repeated-use-of-weak -Wno-missing-braces -Wparentheses -Wswitch -Wno-unused-function -Wno-unused-label -Wno-unused-parameter -Wno-unused-variable -Wunused-value -Wno-empty-body -Wno-uninitialized -Wno-unknown-pragmas -w -Wno-shadow -Wno-four-char-constants -Wno-conversion -Wno-constant-conversion -Wno-int-conversion -Wno-bool-conversion -Wno-enum-conversion -Wno-float-conversion -Wno-non-literal-null-conversion -Wno-objc-literal-conversion -Wshorten-64-to-32 -Wpointer-sign -Wno-newline-eof -Wno-selector -Wno-strict-selector-match -Wno-undeclared-selector -Wno-deprecated-implementations -Wno-implicit-fallthrough -isysroot /Applications/Xcode.app/Contents/Developer/Platforms/iPhoneSimulator.platform/Developer/SDKs/iPhoneSimulator26.4.sdk -fstrict-aliasing -Wprotocol -Wdeprecated-declarations -Wno-sign-conversion -Wno-infinite-recursion -Wno-comma -Wno-block-capture-autoreleasing -Wno-strict-prototypes -Wno-semicolon-before-method-body -index-store-path /Users/aadityasingh/Library/Developer/Xcode/DerivedData/Chatlio-erkyzdeecsohoaggpwbjdvavzqfv/Index.noindex/DataStore @/Users/aadityasingh/Library/Developer/Xcode/DerivedData/Chatlio-erkyzdeecsohoaggpwbjdvavzqfv/Build/Intermediates.noindex/DTFoundation.build/Debug-iphonesimulator/DTFoundation.build/Objects-normal/arm64/e6072d4f65d7061329687fe24e3d63a7-common-args.resp -MMD -MT dependencies -MF /Users/aadityasingh/Library/Developer/Xcode/DerivedData/Chatlio-erkyzdeecsohoaggpwbjdvavzqfv/Build/Intermediates.noindex/DTFoundation.build/Debug-iphonesimulator/DTFoundation.build/Objects-normal/arm64/DTVersion.d --serialize-diagnostics /Users/aadityasingh/Library/Developer/Xcode/DerivedData/Chatlio-erkyzdeecsohoaggpwbjdvavzqfv/Build/Intermediates.noindex/DTFoundation.build/Debug-iphonesimulator/DTFoundation.build/Objects-normal/arm64/DTVersion.dia -c /Users/aadityasingh/Library/Developer/Xcode/DerivedData/Chatlio-erkyzdeecsohoaggpwbjdvavzqfv/SourcePackages/checkouts/DTFoundation/Core/Source/DTVersion.m -o /Users/aadityasingh/Library/Developer/Xcode/DerivedData/Chatlio-erkyzdeecsohoaggpwbjdvavzqfv/Build/Intermediates.noindex/DTFoundation.build/Debug-iphonesimulator/DTFoundation.build/Objects-normal/arm64/DTVersion.o -index-unit-output-path /DTFoundation.build/Debug-iphonesimulator/DTFoundation.build/Objects-normal/arm64/DTVersion.o

ScanDependencies /Users/aadityasingh/Library/Developer/Xcode/DerivedData/Chatlio-erkyzdeecsohoaggpwbjdvavzqfv/Build/Intermediates.noindex/DTFoundation.build/Debug-iphonesimulator/DTFoundation.build/Objects-normal/arm64/DTTiledLayerWithoutFade.o /Users/aadityasingh/Library/Developer/Xcode/DerivedData/Chatlio-erkyzdeecsohoaggpwbjdvavzqfv/SourcePackages/checkouts/DTFoundation/Core/Source/iOS/DTTiledLayerWithoutFade.m normal arm64 objective-c com.apple.compilers.llvm.clang.1_0.compiler (in target 'DTFoundation' from project 'DTFoundation')
    cd /Users/aadityasingh/Documents/Development/element-x-ios/Chatlio.xcodeproj
    
    Using response file: /Users/aadityasingh/Library/Developer/Xcode/DerivedData/Chatlio-erkyzdeecsohoaggpwbjdvavzqfv/Build/Intermediates.noindex/DTFoundation.build/Debug-iphonesimulator/DTFoundation.build/Objects-normal/arm64/e6072d4f65d7061329687fe24e3d63a7-common-args.resp
    
    builtin-ScanDependencies -o /Users/aadityasingh/Library/Developer/Xcode/DerivedData/Chatlio-erkyzdeecsohoaggpwbjdvavzqfv/Build/Intermediates.noindex/DTFoundation.build/Debug-iphonesimulator/DTFoundation.build/Objects-normal/arm64/DTTiledLayerWithoutFade.o.scan -- /Applications/Xcode.app/Contents/Developer/Toolchains/XcodeDefault.xctoolchain/usr/bin/clang -x objective-c -ivfsstatcache /Users/aadityasingh/Library/Developer/Xcode/DerivedData/SDKStatCaches.noindex/iphonesimulator26.4-23E252-686eebb5dc1d8ecb277353a59184f4aa.sdkstatcache -target arm64-apple-ios12.0-simulator -fmessage-length\=0 -fdiagnostics-show-note-include-stack -fmacro-backtrace-limit\=0 -fno-color-diagnostics -fmodules-prune-interval\=86400 -fmodules-prune-after\=345600 -fbuild-session-file\=/Users/aadityasingh/Library/Developer/Xcode/DerivedData/ModuleCache.noindex/Session.modulevalidation -fmodules-validate-once-per-build-session -Wnon-modular-include-in-framework-module -Werror\=non-modular-include-in-framework-module -Wno-trigraphs -Wno-missing-field-initializers -Wno-missing-prototypes -Wno-return-type -Wno-implicit-atomic-properties -Wno-objc-interface-ivars -Wno-arc-repeated-use-of-weak -Wno-missing-braces -Wparentheses -Wswitch -Wno-unused-function -Wno-unused-label -Wno-unused-parameter -Wno-unused-variable -Wunused-value -Wno-empty-body -Wno-uninitialized -Wno-unknown-pragmas -w -Wno-shadow -Wno-four-char-constants -Wno-conversion -Wno-constant-conversion -Wno-int-conversion -Wno-bool-conversion -Wno-enum-conversion -Wno-float-conversion -Wno-non-literal-null-conversion -Wno-objc-literal-conversion -Wshorten-64-to-32 -Wpointer-sign -Wno-newline-eof -Wno-selector -Wno-strict-selector-match -Wno-undeclared-selector -Wno-deprecated-implementations -Wno-implicit-fallthrough -isysroot /Applications/Xcode.app/Contents/Developer/Platforms/iPhoneSimulator.platform/Developer/SDKs/iPhoneSimulator26.4.sdk -fstrict-aliasing -Wprotocol -Wdeprecated-declarations -Wno-sign-conversion -Wno-infinite-recursion -Wno-comma -Wno-block-capture-autoreleasing -Wno-strict-prototypes -Wno-semicolon-before-method-body -index-store-path /Users/aadityasingh/Library/Developer/Xcode/DerivedData/Chatlio-erkyzdeecsohoaggpwbjdvavzqfv/Index.noindex/DataStore @/Users/aadityasingh/Library/Developer/Xcode/DerivedData/Chatlio-erkyzdeecsohoaggpwbjdvavzqfv/Build/Intermediates.noindex/DTFoundation.build/Debug-iphonesimulator/DTFoundation.build/Objects-normal/arm64/e6072d4f65d7061329687fe24e3d63a7-common-args.resp -MMD -MT dependencies -MF /Users/aadityasingh/Library/Developer/Xcode/DerivedData/Chatlio-erkyzdeecsohoaggpwbjdvavzqfv/Build/Intermediates.noindex/DTFoundation.build/Debug-iphonesimulator/DTFoundation.build/Objects-normal/arm64/DTTiledLayerWithoutFade.d --serialize-diagnostics /Users/aadityasingh/Library/Developer/Xcode/DerivedData/Chatlio-erkyzdeecsohoaggpwbjdvavzqfv/Build/Intermediates.noindex/DTFoundation.build/Debug-iphonesimulator/DTFoundation.build/Objects-normal/arm64/DTTiledLayerWithoutFade.dia -c /Users/aadityasingh/Library/Developer/Xcode/DerivedData/Chatlio-erkyzdeecsohoaggpwbjdvavzqfv/SourcePackages/checkouts/DTFoundation/Core/Source/iOS/DTTiledLayerWithoutFade.m -o /Users/aadityasingh/Library/Developer/Xcode/DerivedData/Chatlio-erkyzdeecsohoaggpwbjdvavzqfv/Build/Intermediates.noindex/DTFoundation.build/Debug-iphonesimulator/DTFoundation.build/Objects-normal/arm64/DTTiledLayerWithoutFade.o -index-unit-output-path /DTFoundation.build/Debug-iphonesimulator/DTFoundation.build/Objects-normal/arm64/DTTiledLayerWithoutFade.o

PrecompileModule /Users/aadityasingh/Library/Developer/Xcode/DerivedData/Chatlio-erkyzdeecsohoaggpwbjdvavzqfv/Build/Intermediates.noindex/ExplicitPrecompiledModules/_Builtin_stdint-99XB419HJKAL5GRFWACZKKLA7.scan
    cd /
    builtin-precompileModule /Users/aadityasingh/Library/Developer/Xcode/DerivedData/Chatlio-erkyzdeecsohoaggpwbjdvavzqfv/Build/Intermediates.noindex/ExplicitPrecompiledModules/_Builtin_stdint-99XB419HJKAL5GRFWACZKKLA7.scan

PrecompileModule /Users/aadityasingh/Library/Developer/Xcode/DerivedData/Chatlio-erkyzdeecsohoaggpwbjdvavzqfv/Build/Intermediates.noindex/ExplicitPrecompiledModules/_Builtin_tgmath-21RS3FXKEZX9EMLBYF4O1LR7F.scan
    cd /
    builtin-precompileModule /Users/aadityasingh/Library/Developer/Xcode/DerivedData/Chatlio-erkyzdeecsohoaggpwbjdvavzqfv/Build/Intermediates.noindex/ExplicitPrecompiledModules/_Builtin_tgmath-21RS3FXKEZX9EMLBYF4O1LR7F.scan

ScanDependencies /Users/aadityasingh/Library/Developer/Xcode/DerivedData/Chatlio-erkyzdeecsohoaggpwbjdvavzqfv/Build/Intermediates.noindex/DTFoundation.build/Debug-iphonesimulator/DTFoundation.build/Objects-normal/arm64/DTSmartPagingScrollView.o /Users/aadityasingh/Library/Developer/Xcode/DerivedData/Chatlio-erkyzdeecsohoaggpwbjdvavzqfv/SourcePackages/checkouts/DTFoundation/Core/Source/iOS/DTSmartPagingScrollView.m normal arm64 objective-c com.apple.compilers.llvm.clang.1_0.compiler (in target 'DTFoundation' from project 'DTFoundation')
    cd /Users/aadityasingh/Documents/Development/element-x-ios/Chatlio.xcodeproj
    
    Using response file: /Users/aadityasingh/Library/Developer/Xcode/DerivedData/Chatlio-erkyzdeecsohoaggpwbjdvavzqfv/Build/Intermediates.noindex/DTFoundation.build/Debug-iphonesimulator/DTFoundation.build/Objects-normal/arm64/e6072d4f65d7061329687fe24e3d63a7-common-args.resp
    
    builtin-ScanDependencies -o /Users/aadityasingh/Library/Developer/Xcode/DerivedData/Chatlio-erkyzdeecsohoaggpwbjdvavzqfv/Build/Intermediates.noindex/DTFoundation.build/Debug-iphonesimulator/DTFoundation.build/Objects-normal/arm64/DTSmartPagingScrollView.o.scan -- /Applications/Xcode.app/Contents/Developer/Toolchains/XcodeDefault.xctoolchain/usr/bin/clang -x objective-c -ivfsstatcache /Users/aadityasingh/Library/Developer/Xcode/DerivedData/SDKStatCaches.noindex/iphonesimulator26.4-23E252-686eebb5dc1d8ecb277353a59184f4aa.sdkstatcache -target arm64-apple-ios12.0-simulator -fmessage-length\=0 -fdiagnostics-show-note-include-stack -fmacro-backtrace-limit\=0 -fno-color-diagnostics -fmodules-prune-interval\=86400 -fmodules-prune-after\=345600 -fbuild-session-file\=/Users/aadityasingh/Library/Developer/Xcode/DerivedData/ModuleCache.noindex/Session.modulevalidation -fmodules-validate-once-per-build-session -Wnon-modular-include-in-framework-module -Werror\=non-modular-include-in-framework-module -Wno-trigraphs -Wno-missing-field-initializers -Wno-missing-prototypes -Wno-return-type -Wno-implicit-atomic-properties -Wno-objc-interface-ivars -Wno-arc-repeated-use-of-weak -Wno-missing-braces -Wparentheses -Wswitch -Wno-unused-function -Wno-unused-label -Wno-unused-parameter -Wno-unused-variable -Wunused-value -Wno-empty-body -Wno-uninitialized -Wno-unknown-pragmas -w -Wno-shadow -Wno-four-char-constants -Wno-conversion -Wno-constant-conversion -Wno-int-conversion -Wno-bool-conversion -Wno-enum-conversion -Wno-float-conversion -Wno-non-literal-null-conversion -Wno-objc-literal-conversion -Wshorten-64-to-32 -Wpointer-sign -Wno-newline-eof -Wno-selector -Wno-strict-selector-match -Wno-undeclared-selector -Wno-deprecated-implementations -Wno-implicit-fallthrough -isysroot /Applications/Xcode.app/Contents/Developer/Platforms/iPhoneSimulator.platform/Developer/SDKs/iPhoneSimulator26.4.sdk -fstrict-aliasing -Wprotocol -Wdeprecated-declarations -Wno-sign-conversion -Wno-infinite-recursion -Wno-comma -Wno-block-capture-autoreleasing -Wno-strict-prototypes -Wno-semicolon-before-method-body -index-store-path /Users/aadityasingh/Library/Developer/Xcode/DerivedData/Chatlio-erkyzdeecsohoaggpwbjdvavzqfv/Index.noindex/DataStore @/Users/aadityasingh/Library/Developer/Xcode/DerivedData/Chatlio-erkyzdeecsohoaggpwbjdvavzqfv/Build/Intermediates.noindex/DTFoundation.build/Debug-iphonesimulator/DTFoundation.build/Objects-normal/arm64/e6072d4f65d7061329687fe24e3d63a7-common-args.resp -MMD -MT dependencies -MF /Users/aadityasingh/Library/Developer/Xcode/DerivedData/Chatlio-erkyzdeecsohoaggpwbjdvavzqfv/Build/Intermediates.noindex/DTFoundation.build/Debug-iphonesimulator/DTFoundation.build/Objects-normal/arm64/DTSmartPagingScrollView.d --serialize-diagnostics /Users/aadityasingh/Library/Developer/Xcode/DerivedData/Chatlio-erkyzdeecsohoaggpwbjdvavzqfv/Build/Intermediates.noindex/DTFoundation.build/Debug-iphonesimulator/DTFoundation.build/Objects-normal/arm64/DTSmartPagingScrollView.dia -c /Users/aadityasingh/Library/Developer/Xcode/DerivedData/Chatlio-erkyzdeecsohoaggpwbjdvavzqfv/SourcePackages/checkouts/DTFoundation/Core/Source/iOS/DTSmartPagingScrollView.m -o /Users/aadityasingh/Library/Developer/Xcode/DerivedData/Chatlio-erkyzdeecsohoaggpwbjdvavzqfv/Build/Intermediates.noindex/DTFoundation.build/Debug-iphonesimulator/DTFoundation.build/Objects-normal/arm64/DTSmartPagingScrollView.o -index-unit-output-path /DTFoundation.build/Debug-iphonesimulator/DTFoundation.build/Objects-normal/arm64/DTSmartPagingScrollView.o

ScanDependencies /Users/aadityasingh/Library/Developer/Xcode/DerivedData/Chatlio-erkyzdeecsohoaggpwbjdvavzqfv/Build/Intermediates.noindex/DTFoundation.build/Debug-iphonesimulator/DTFoundation.build/Objects-normal/arm64/DTSidePanelPanGestureRecognizer.o /Users/aadityasingh/Library/Developer/Xcode/DerivedData/Chatlio-erkyzdeecsohoaggpwbjdvavzqfv/SourcePackages/checkouts/DTFoundation/Core/Source/iOS/DTSidePanel/DTSidePanelPanGestureRecognizer.m normal arm64 objective-c com.apple.compilers.llvm.clang.1_0.compiler (in target 'DTFoundation' from project 'DTFoundation')
    cd /Users/aadityasingh/Documents/Development/element-x-ios/Chatlio.xcodeproj
    
    Using response file: /Users/aadityasingh/Library/Developer/Xcode/DerivedData/Chatlio-erkyzdeecsohoaggpwbjdvavzqfv/Build/Intermediates.noindex/DTFoundation.build/Debug-iphonesimulator/DTFoundation.build/Objects-normal/arm64/e6072d4f65d7061329687fe24e3d63a7-common-args.resp
    
    builtin-ScanDependencies -o /Users/aadityasingh/Library/Developer/Xcode/DerivedData/Chatlio-erkyzdeecsohoaggpwbjdvavzqfv/Build/Intermediates.noindex/DTFoundation.build/Debug-iphonesimulator/DTFoundation.build/Objects-normal/arm64/DTSidePanelPanGestureRecognizer.o.scan -- /Applications/Xcode.app/Contents/Developer/Toolchains/XcodeDefault.xctoolchain/usr/bin/clang -x objective-c -ivfsstatcache /Users/aadityasingh/Library/Developer/Xcode/DerivedData/SDKStatCaches.noindex/iphonesimulator26.4-23E252-686eebb5dc1d8ecb277353a59184f4aa.sdkstatcache -target arm64-apple-ios12.0-simulator -fmessage-length\=0 -fdiagnostics-show-note-include-stack -fmacro-backtrace-limit\=0 -fno-color-diagnostics -fmodules-prune-interval\=86400 -fmodules-prune-after\=345600 -fbuild-session-file\=/Users/aadityasingh/Library/Developer/Xcode/DerivedData/ModuleCache.noindex/Session.modulevalidation -fmodules-validate-once-per-build-session -Wnon-modular-include-in-framework-module -Werror\=non-modular-include-in-framework-module -Wno-trigraphs -Wno-missing-field-initializers -Wno-missing-prototypes -Wno-return-type -Wno-implicit-atomic-properties -Wno-objc-interface-ivars -Wno-arc-repeated-use-of-weak -Wno-missing-braces -Wparentheses -Wswitch -Wno-unused-function -Wno-unused-label -Wno-unused-parameter -Wno-unused-variable -Wunused-value -Wno-empty-body -Wno-uninitialized -Wno-unknown-pragmas -w -Wno-shadow -Wno-four-char-constants -Wno-conversion -Wno-constant-conversion -Wno-int-conversion -Wno-bool-conversion -Wno-enum-conversion -Wno-float-conversion -Wno-non-literal-null-conversion -Wno-objc-literal-conversion -Wshorten-64-to-32 -Wpointer-sign -Wno-newline-eof -Wno-selector -Wno-strict-selector-match -Wno-undeclared-selector -Wno-deprecated-implementations -Wno-implicit-fallthrough -isysroot /Applications/Xcode.app/Contents/Developer/Platforms/iPhoneSimulator.platform/Developer/SDKs/iPhoneSimulator26.4.sdk -fstrict-aliasing -Wprotocol -Wdeprecated-declarations -Wno-sign-conversion -Wno-infinite-recursion -Wno-comma -Wno-block-capture-autoreleasing -Wno-strict-prototypes -Wno-semicolon-before-method-body -index-store-path /Users/aadityasingh/Library/Developer/Xcode/DerivedData/Chatlio-erkyzdeecsohoaggpwbjdvavzqfv/Index.noindex/DataStore @/Users/aadityasingh/Library/Developer/Xcode/DerivedData/Chatlio-erkyzdeecsohoaggpwbjdvavzqfv/Build/Intermediates.noindex/DTFoundation.build/Debug-iphonesimulator/DTFoundation.build/Objects-normal/arm64/e6072d4f65d7061329687fe24e3d63a7-common-args.resp -MMD -MT dependencies -MF /Users/aadityasingh/Library/Developer/Xcode/DerivedData/Chatlio-erkyzdeecsohoaggpwbjdvavzqfv/Build/Intermediates.noindex/DTFoundation.build/Debug-iphonesimulator/DTFoundation.build/Objects-normal/arm64/DTSidePanelPanGestureRecognizer.d --serialize-diagnostics /Users/aadityasingh/Library/Developer/Xcode/DerivedData/Chatlio-erkyzdeecsohoaggpwbjdvavzqfv/Build/Intermediates.noindex/DTFoundation.build/Debug-iphonesimulator/DTFoundation.build/Objects-normal/arm64/DTSidePanelPanGestureRecognizer.dia -c /Users/aadityasingh/Library/Developer/Xcode/DerivedData/Chatlio-erkyzdeecsohoaggpwbjdvavzqfv/SourcePackages/checkouts/DTFoundation/Core/Source/iOS/DTSidePanel/DTSidePanelPanGestureRecognizer.m -o /Users/aadityasingh/Library/Developer/Xcode/DerivedData/Chatlio-erkyzdeecsohoaggpwbjdvavzqfv/Build/Intermediates.noindex/DTFoundation.build/Debug-iphonesimulator/DTFoundation.build/Objects-normal/arm64/DTSidePanelPanGestureRecognizer.o -index-unit-output-path /DTFoundation.build/Debug-iphonesimulator/DTFoundation.build/Objects-normal/arm64/DTSidePanelPanGestureRecognizer.o

ScanDependencies /Users/aadityasingh/Library/Developer/Xcode/DerivedData/Chatlio-erkyzdeecsohoaggpwbjdvavzqfv/Build/Intermediates.noindex/DTFoundation.build/Debug-iphonesimulator/DTFoundation.build/Objects-normal/arm64/DTSidePanelControllerSegue.o /Users/aadityasingh/Library/Developer/Xcode/DerivedData/Chatlio-erkyzdeecsohoaggpwbjdvavzqfv/SourcePackages/checkouts/DTFoundation/Core/Source/iOS/DTSidePanel/DTSidePanelControllerSegue.m normal arm64 objective-c com.apple.compilers.llvm.clang.1_0.compiler (in target 'DTFoundation' from project 'DTFoundation')
    cd /Users/aadityasingh/Documents/Development/element-x-ios/Chatlio.xcodeproj
    
    Using response file: /Users/aadityasingh/Library/Developer/Xcode/DerivedData/Chatlio-erkyzdeecsohoaggpwbjdvavzqfv/Build/Intermediates.noindex/DTFoundation.build/Debug-iphonesimulator/DTFoundation.build/Objects-normal/arm64/e6072d4f65d7061329687fe24e3d63a7-common-args.resp
    
    builtin-ScanDependencies -o /Users/aadityasingh/Library/Developer/Xcode/DerivedData/Chatlio-erkyzdeecsohoaggpwbjdvavzqfv/Build/Intermediates.noindex/DTFoundation.build/Debug-iphonesimulator/DTFoundation.build/Objects-normal/arm64/DTSidePanelControllerSegue.o.scan -- /Applications/Xcode.app/Contents/Developer/Toolchains/XcodeDefault.xctoolchain/usr/bin/clang -x objective-c -ivfsstatcache /Users/aadityasingh/Library/Developer/Xcode/DerivedData/SDKStatCaches.noindex/iphonesimulator26.4-23E252-686eebb5dc1d8ecb277353a59184f4aa.sdkstatcache -target arm64-apple-ios12.0-simulator -fmessage-length\=0 -fdiagnostics-show-note-include-stack -fmacro-backtrace-limit\=0 -fno-color-diagnostics -fmodules-prune-interval\=86400 -fmodules-prune-after\=345600 -fbuild-session-file\=/Users/aadityasingh/Library/Developer/Xcode/DerivedData/ModuleCache.noindex/Session.modulevalidation -fmodules-validate-once-per-build-session -Wnon-modular-include-in-framework-module -Werror\=non-modular-include-in-framework-module -Wno-trigraphs -Wno-missing-field-initializers -Wno-missing-prototypes -Wno-return-type -Wno-implicit-atomic-properties -Wno-objc-interface-ivars -Wno-arc-repeated-use-of-weak -Wno-missing-braces -Wparentheses -Wswitch -Wno-unused-function -Wno-unused-label -Wno-unused-parameter -Wno-unused-variable -Wunused-value -Wno-empty-body -Wno-uninitialized -Wno-unknown-pragmas -w -Wno-shadow -Wno-four-char-constants -Wno-conversion -Wno-constant-conversion -Wno-int-conversion -Wno-bool-conversion -Wno-enum-conversion -Wno-float-conversion -Wno-non-literal-null-conversion -Wno-objc-literal-conversion -Wshorten-64-to-32 -Wpointer-sign -Wno-newline-eof -Wno-selector -Wno-strict-selector-match -Wno-undeclared-selector -Wno-deprecated-implementations -Wno-implicit-fallthrough -isysroot /Applications/Xcode.app/Contents/Developer/Platforms/iPhoneSimulator.platform/Developer/SDKs/iPhoneSimulator26.4.sdk -fstrict-aliasing -Wprotocol -Wdeprecated-declarations -Wno-sign-conversion -Wno-infinite-recursion -Wno-comma -Wno-block-capture-autoreleasing -Wno-strict-prototypes -Wno-semicolon-before-method-body -index-store-path /Users/aadityasingh/Library/Developer/Xcode/DerivedData/Chatlio-erkyzdeecsohoaggpwbjdvavzqfv/Index.noindex/DataStore @/Users/aadityasingh/Library/Developer/Xcode/DerivedData/Chatlio-erkyzdeecsohoaggpwbjdvavzqfv/Build/Intermediates.noindex/DTFoundation.build/Debug-iphonesimulator/DTFoundation.build/Objects-normal/arm64/e6072d4f65d7061329687fe24e3d63a7-common-args.resp -MMD -MT dependencies -MF /Users/aadityasingh/Library/Developer/Xcode/DerivedData/Chatlio-erkyzdeecsohoaggpwbjdvavzqfv/Build/Intermediates.noindex/DTFoundation.build/Debug-iphonesimulator/DTFoundation.build/Objects-normal/arm64/DTSidePanelControllerSegue.d --serialize-diagnostics /Users/aadityasingh/Library/Developer/Xcode/DerivedData/Chatlio-erkyzdeecsohoaggpwbjdvavzqfv/Build/Intermediates.noindex/DTFoundation.build/Debug-iphonesimulator/DTFoundation.build/Objects-normal/arm64/DTSidePanelControllerSegue.dia -c /Users/aadityasingh/Library/Developer/Xcode/DerivedData/Chatlio-erkyzdeecsohoaggpwbjdvavzqfv/SourcePackages/checkouts/DTFoundation/Core/Source/iOS/DTSidePanel/DTSidePanelControllerSegue.m -o /Users/aadityasingh/Library/Developer/Xcode/DerivedData/Chatlio-erkyzdeecsohoaggpwbjdvavzqfv/Build/Intermediates.noindex/DTFoundation.build/Debug-iphonesimulator/DTFoundation.build/Objects-normal/arm64/DTSidePanelControllerSegue.o -index-unit-output-path /DTFoundation.build/Debug-iphonesimulator/DTFoundation.build/Objects-normal/arm64/DTSidePanelControllerSegue.o

ScanDependencies /Users/aadityasingh/Library/Developer/Xcode/DerivedData/Chatlio-erkyzdeecsohoaggpwbjdvavzqfv/Build/Intermediates.noindex/DTFoundation.build/Debug-iphonesimulator/DTFoundation.build/Objects-normal/arm64/DTSidePanelController.o /Users/aadityasingh/Library/Developer/Xcode/DerivedData/Chatlio-erkyzdeecsohoaggpwbjdvavzqfv/SourcePackages/checkouts/DTFoundation/Core/Source/iOS/DTSidePanel/DTSidePanelController.m normal arm64 objective-c com.apple.compilers.llvm.clang.1_0.compiler (in target 'DTFoundation' from project 'DTFoundation')
    cd /Users/aadityasingh/Documents/Development/element-x-ios/Chatlio.xcodeproj
    
    Using response file: /Users/aadityasingh/Library/Developer/Xcode/DerivedData/Chatlio-erkyzdeecsohoaggpwbjdvavzqfv/Build/Intermediates.noindex/DTFoundation.build/Debug-iphonesimulator/DTFoundation.build/Objects-normal/arm64/e6072d4f65d7061329687fe24e3d63a7-common-args.resp
    
    builtin-ScanDependencies -o /Users/aadityasingh/Library/Developer/Xcode/DerivedData/Chatlio-erkyzdeecsohoaggpwbjdvavzqfv/Build/Intermediates.noindex/DTFoundation.build/Debug-iphonesimulator/DTFoundation.build/Objects-normal/arm64/DTSidePanelController.o.scan -- /Applications/Xcode.app/Contents/Developer/Toolchains/XcodeDefault.xctoolchain/usr/bin/clang -x objective-c -ivfsstatcache /Users/aadityasingh/Library/Developer/Xcode/DerivedData/SDKStatCaches.noindex/iphonesimulator26.4-23E252-686eebb5dc1d8ecb277353a59184f4aa.sdkstatcache -target arm64-apple-ios12.0-simulator -fmessage-length\=0 -fdiagnostics-show-note-include-stack -fmacro-backtrace-limit\=0 -fno-color-diagnostics -fmodules-prune-interval\=86400 -fmodules-prune-after\=345600 -fbuild-session-file\=/Users/aadityasingh/Library/Developer/Xcode/DerivedData/ModuleCache.noindex/Session.modulevalidation -fmodules-validate-once-per-build-session -Wnon-modular-include-in-framework-module -Werror\=non-modular-include-in-framework-module -Wno-trigraphs -Wno-missing-field-initializers -Wno-missing-prototypes -Wno-return-type -Wno-implicit-atomic-properties -Wno-objc-interface-ivars -Wno-arc-repeated-use-of-weak -Wno-missing-braces -Wparentheses -Wswitch -Wno-unused-function -Wno-unused-label -Wno-unused-parameter -Wno-unused-variable -Wunused-value -Wno-empty-body -Wno-uninitialized -Wno-unknown-pragmas -w -Wno-shadow -Wno-four-char-constants -Wno-conversion -Wno-constant-conversion -Wno-int-conversion -Wno-bool-conversion -Wno-enum-conversion -Wno-float-conversion -Wno-non-literal-null-conversion -Wno-objc-literal-conversion -Wshorten-64-to-32 -Wpointer-sign -Wno-newline-eof -Wno-selector -Wno-strict-selector-match -Wno-undeclared-selector -Wno-deprecated-implementations -Wno-implicit-fallthrough -isysroot /Applications/Xcode.app/Contents/Developer/Platforms/iPhoneSimulator.platform/Developer/SDKs/iPhoneSimulator26.4.sdk -fstrict-aliasing -Wprotocol -Wdeprecated-declarations -Wno-sign-conversion -Wno-infinite-recursion -Wno-comma -Wno-block-capture-autoreleasing -Wno-strict-prototypes -Wno-semicolon-before-method-body -index-store-path /Users/aadityasingh/Library/Developer/Xcode/DerivedData/Chatlio-erkyzdeecsohoaggpwbjdvavzqfv/Index.noindex/DataStore @/Users/aadityasingh/Library/Developer/Xcode/DerivedData/Chatlio-erkyzdeecsohoaggpwbjdvavzqfv/Build/Intermediates.noindex/DTFoundation.build/Debug-iphonesimulator/DTFoundation.build/Objects-normal/arm64/e6072d4f65d7061329687fe24e3d63a7-common-args.resp -MMD -MT dependencies -MF /Users/aadityasingh/Library/Developer/Xcode/DerivedData/Chatlio-erkyzdeecsohoaggpwbjdvavzqfv/Build/Intermediates.noindex/DTFoundation.build/Debug-iphonesimulator/DTFoundation.build/Objects-normal/arm64/DTSidePanelController.d --serialize-diagnostics /Users/aadityasingh/Library/Developer/Xcode/DerivedData/Chatlio-erkyzdeecsohoaggpwbjdvavzqfv/Build/Intermediates.noindex/DTFoundation.build/Debug-iphonesimulator/DTFoundation.build/Objects-normal/arm64/DTSidePanelController.dia -c /Users/aadityasingh/Library/Developer/Xcode/DerivedData/Chatlio-erkyzdeecsohoaggpwbjdvavzqfv/SourcePackages/checkouts/DTFoundation/Core/Source/iOS/DTSidePanel/DTSidePanelController.m -o /Users/aadityasingh/Library/Developer/Xcode/DerivedData/Chatlio-erkyzdeecsohoaggpwbjdvavzqfv/Build/Intermediates.noindex/DTFoundation.build/Debug-iphonesimulator/DTFoundation.build/Objects-normal/arm64/DTSidePanelController.o -index-unit-output-path /DTFoundation.build/Debug-iphonesimulator/DTFoundation.build/Objects-normal/arm64/DTSidePanelController.o

CompileC /Users/aadityasingh/Library/Developer/Xcode/DerivedData/Chatlio-erkyzdeecsohoaggpwbjdvavzqfv/Build/Intermediates.noindex/DTFoundation.build/Debug-iphonesimulator/DTFoundation.build/Objects-normal/arm64/zip.o /Users/aadityasingh/Library/Developer/Xcode/DerivedData/Chatlio-erkyzdeecsohoaggpwbjdvavzqfv/SourcePackages/checkouts/DTFoundation/Core/Source/Externals/minizip/zip.c normal arm64 c com.apple.compilers.llvm.clang.1_0.compiler (in target 'DTFoundation' from project 'DTFoundation')
    cd /Users/aadityasingh/Documents/Development/element-x-ios/Chatlio.xcodeproj
    
    Using response file: /Users/aadityasingh/Library/Developer/Xcode/DerivedData/Chatlio-erkyzdeecsohoaggpwbjdvavzqfv/Build/Intermediates.noindex/DTFoundation.build/Debug-iphonesimulator/DTFoundation.build/Objects-normal/arm64/7187679823f38a2a940e0043cdf9d637-common-args.resp
    
    /Applications/Xcode.app/Contents/Developer/Toolchains/XcodeDefault.xctoolchain/usr/bin/clang -x c -ivfsstatcache /Users/aadityasingh/Library/Developer/Xcode/DerivedData/SDKStatCaches.noindex/iphonesimulator26.4-23E252-686eebb5dc1d8ecb277353a59184f4aa.sdkstatcache -target arm64-apple-ios12.0-simulator -fmessage-length\=0 -fdiagnostics-show-note-include-stack -fmacro-backtrace-limit\=0 -fno-color-diagnostics -fmodules-prune-interval\=86400 -fmodules-prune-after\=345600 -fbuild-session-file\=/Users/aadityasingh/Library/Developer/Xcode/DerivedData/ModuleCache.noindex/Session.modulevalidation -fmodules-validate-once-per-build-session -Wnon-modular-include-in-framework-module -Werror\=non-modular-include-in-framework-module -Wno-trigraphs -Wno-missing-field-initializers -Wno-missing-prototypes -Wno-return-type -Wno-missing-braces -Wparentheses -Wswitch -Wno-unused-function -Wno-unused-label -Wno-unused-parameter -Wno-unused-variable -Wunused-value -Wno-empty-body -Wno-uninitialized -Wno-unknown-pragmas -w -Wno-shadow -Wno-four-char-constants -Wno-conversion -Wno-constant-conversion -Wno-int-conversion -Wno-bool-conversion -Wno-enum-conversion -Wno-float-conversion -Wno-non-literal-null-conversion -Wno-objc-literal-conversion -Wshorten-64-to-32 -Wpointer-sign -Wno-newline-eof -Wno-implicit-fallthrough -isysroot /Applications/Xcode.app/Contents/Developer/Platforms/iPhoneSimulator.platform/Developer/SDKs/iPhoneSimulator26.4.sdk -fstrict-aliasing -Wdeprecated-declarations -Wno-sign-conversion -Wno-infinite-recursion -Wno-comma -Wno-block-capture-autoreleasing -Wno-strict-prototypes -Wno-semicolon-before-method-body -index-store-path /Users/aadityasingh/Library/Developer/Xcode/DerivedData/Chatlio-erkyzdeecsohoaggpwbjdvavzqfv/Index.noindex/DataStore @/Users/aadityasingh/Library/Developer/Xcode/DerivedData/Chatlio-erkyzdeecsohoaggpwbjdvavzqfv/Build/Intermediates.noindex/DTFoundation.build/Debug-iphonesimulator/DTFoundation.build/Objects-normal/arm64/7187679823f38a2a940e0043cdf9d637-common-args.resp -MMD -MT dependencies -MF /Users/aadityasingh/Library/Developer/Xcode/DerivedData/Chatlio-erkyzdeecsohoaggpwbjdvavzqfv/Build/Intermediates.noindex/DTFoundation.build/Debug-iphonesimulator/DTFoundation.build/Objects-normal/arm64/zip.d --serialize-diagnostics /Users/aadityasingh/Library/Developer/Xcode/DerivedData/Chatlio-erkyzdeecsohoaggpwbjdvavzqfv/Build/Intermediates.noindex/DTFoundation.build/Debug-iphonesimulator/DTFoundation.build/Objects-normal/arm64/zip.dia -c /Users/aadityasingh/Library/Developer/Xcode/DerivedData/Chatlio-erkyzdeecsohoaggpwbjdvavzqfv/SourcePackages/checkouts/DTFoundation/Core/Source/Externals/minizip/zip.c -o /Users/aadityasingh/Library/Developer/Xcode/DerivedData/Chatlio-erkyzdeecsohoaggpwbjdvavzqfv/Build/Intermediates.noindex/DTFoundation.build/Debug-iphonesimulator/DTFoundation.build/Objects-normal/arm64/zip.o -index-unit-output-path /DTFoundation.build/Debug-iphonesimulator/DTFoundation.build/Objects-normal/arm64/zip.o

CompileC /Users/aadityasingh/Library/Developer/Xcode/DerivedData/Chatlio-erkyzdeecsohoaggpwbjdvavzqfv/Build/Intermediates.noindex/DTFoundation.build/Debug-iphonesimulator/DTFoundation.build/Objects-normal/arm64/unzip.o /Users/aadityasingh/Library/Developer/Xcode/DerivedData/Chatlio-erkyzdeecsohoaggpwbjdvavzqfv/SourcePackages/checkouts/DTFoundation/Core/Source/Externals/minizip/unzip.c normal arm64 c com.apple.compilers.llvm.clang.1_0.compiler (in target 'DTFoundation' from project 'DTFoundation')
    cd /Users/aadityasingh/Documents/Development/element-x-ios/Chatlio.xcodeproj
    
    Using response file: /Users/aadityasingh/Library/Developer/Xcode/DerivedData/Chatlio-erkyzdeecsohoaggpwbjdvavzqfv/Build/Intermediates.noindex/DTFoundation.build/Debug-iphonesimulator/DTFoundation.build/Objects-normal/arm64/7187679823f38a2a940e0043cdf9d637-common-args.resp
    
    /Applications/Xcode.app/Contents/Developer/Toolchains/XcodeDefault.xctoolchain/usr/bin/clang -x c -ivfsstatcache /Users/aadityasingh/Library/Developer/Xcode/DerivedData/SDKStatCaches.noindex/iphonesimulator26.4-23E252-686eebb5dc1d8ecb277353a59184f4aa.sdkstatcache -target arm64-apple-ios12.0-simulator -fmessage-length\=0 -fdiagnostics-show-note-include-stack -fmacro-backtrace-limit\=0 -fno-color-diagnostics -fmodules-prune-interval\=86400 -fmodules-prune-after\=345600 -fbuild-session-file\=/Users/aadityasingh/Library/Developer/Xcode/DerivedData/ModuleCache.noindex/Session.modulevalidation -fmodules-validate-once-per-build-session -Wnon-modular-include-in-framework-module -Werror\=non-modular-include-in-framework-module -Wno-trigraphs -Wno-missing-field-initializers -Wno-missing-prototypes -Wno-return-type -Wno-missing-braces -Wparentheses -Wswitch -Wno-unused-function -Wno-unused-label -Wno-unused-parameter -Wno-unused-variable -Wunused-value -Wno-empty-body -Wno-uninitialized -Wno-unknown-pragmas -w -Wno-shadow -Wno-four-char-constants -Wno-conversion -Wno-constant-conversion -Wno-int-conversion -Wno-bool-conversion -Wno-enum-conversion -Wno-float-conversion -Wno-non-literal-null-conversion -Wno-objc-literal-conversion -Wshorten-64-to-32 -Wpointer-sign -Wno-newline-eof -Wno-implicit-fallthrough -isysroot /Applications/Xcode.app/Contents/Developer/Platforms/iPhoneSimulator.platform/Developer/SDKs/iPhoneSimulator26.4.sdk -fstrict-aliasing -Wdeprecated-declarations -Wno-sign-conversion -Wno-infinite-recursion -Wno-comma -Wno-block-capture-autoreleasing -Wno-strict-prototypes -Wno-semicolon-before-method-body -index-store-path /Users/aadityasingh/Library/Developer/Xcode/DerivedData/Chatlio-erkyzdeecsohoaggpwbjdvavzqfv/Index.noindex/DataStore @/Users/aadityasingh/Library/Developer/Xcode/DerivedData/Chatlio-erkyzdeecsohoaggpwbjdvavzqfv/Build/Intermediates.noindex/DTFoundation.build/Debug-iphonesimulator/DTFoundation.build/Objects-normal/arm64/7187679823f38a2a940e0043cdf9d637-common-args.resp -MMD -MT dependencies -MF /Users/aadityasingh/Library/Developer/Xcode/DerivedData/Chatlio-erkyzdeecsohoaggpwbjdvavzqfv/Build/Intermediates.noindex/DTFoundation.build/Debug-iphonesimulator/DTFoundation.build/Objects-normal/arm64/unzip.d --serialize-diagnostics /Users/aadityasingh/Library/Developer/Xcode/DerivedData/Chatlio-erkyzdeecsohoaggpwbjdvavzqfv/Build/Intermediates.noindex/DTFoundation.build/Debug-iphonesimulator/DTFoundation.build/Objects-normal/arm64/unzip.dia -c /Users/aadityasingh/Library/Developer/Xcode/DerivedData/Chatlio-erkyzdeecsohoaggpwbjdvavzqfv/SourcePackages/checkouts/DTFoundation/Core/Source/Externals/minizip/unzip.c -o /Users/aadityasingh/Library/Developer/Xcode/DerivedData/Chatlio-erkyzdeecsohoaggpwbjdvavzqfv/Build/Intermediates.noindex/DTFoundation.build/Debug-iphonesimulator/DTFoundation.build/Objects-normal/arm64/unzip.o -index-unit-output-path /DTFoundation.build/Debug-iphonesimulator/DTFoundation.build/Objects-normal/arm64/unzip.o

CompileC /Users/aadityasingh/Library/Developer/Xcode/DerivedData/Chatlio-erkyzdeecsohoaggpwbjdvavzqfv/Build/Intermediates.noindex/DTFoundation.build/Debug-iphonesimulator/DTFoundation.build/Objects-normal/arm64/mztools.o /Users/aadityasingh/Library/Developer/Xcode/DerivedData/Chatlio-erkyzdeecsohoaggpwbjdvavzqfv/SourcePackages/checkouts/DTFoundation/Core/Source/Externals/minizip/mztools.c normal arm64 c com.apple.compilers.llvm.clang.1_0.compiler (in target 'DTFoundation' from project 'DTFoundation')
    cd /Users/aadityasingh/Documents/Development/element-x-ios/Chatlio.xcodeproj
    
    Using response file: /Users/aadityasingh/Library/Developer/Xcode/DerivedData/Chatlio-erkyzdeecsohoaggpwbjdvavzqfv/Build/Intermediates.noindex/DTFoundation.build/Debug-iphonesimulator/DTFoundation.build/Objects-normal/arm64/7187679823f38a2a940e0043cdf9d637-common-args.resp
    
    /Applications/Xcode.app/Contents/Developer/Toolchains/XcodeDefault.xctoolchain/usr/bin/clang -x c -ivfsstatcache /Users/aadityasingh/Library/Developer/Xcode/DerivedData/SDKStatCaches.noindex/iphonesimulator26.4-23E252-686eebb5dc1d8ecb277353a59184f4aa.sdkstatcache -target arm64-apple-ios12.0-simulator -fmessage-length\=0 -fdiagnostics-show-note-include-stack -fmacro-backtrace-limit\=0 -fno-color-diagnostics -fmodules-prune-interval\=86400 -fmodules-prune-after\=345600 -fbuild-session-file\=/Users/aadityasingh/Library/Developer/Xcode/DerivedData/ModuleCache.noindex/Session.modulevalidation -fmodules-validate-once-per-build-session -Wnon-modular-include-in-framework-module -Werror\=non-modular-include-in-framework-module -Wno-trigraphs -Wno-missing-field-initializers -Wno-missing-prototypes -Wno-return-type -Wno-missing-braces -Wparentheses -Wswitch -Wno-unused-function -Wno-unused-label -Wno-unused-parameter -Wno-unused-variable -Wunused-value -Wno-empty-body -Wno-uninitialized -Wno-unknown-pragmas -w -Wno-shadow -Wno-four-char-constants -Wno-conversion -Wno-constant-conversion -Wno-int-conversion -Wno-bool-conversion -Wno-enum-conversion -Wno-float-conversion -Wno-non-literal-null-conversion -Wno-objc-literal-conversion -Wshorten-64-to-32 -Wpointer-sign -Wno-newline-eof -Wno-implicit-fallthrough -isysroot /Applications/Xcode.app/Contents/Developer/Platforms/iPhoneSimulator.platform/Developer/SDKs/iPhoneSimulator26.4.sdk -fstrict-aliasing -Wdeprecated-declarations -Wno-sign-conversion -Wno-infinite-recursion -Wno-comma -Wno-block-capture-autoreleasing -Wno-strict-prototypes -Wno-semicolon-before-method-body -index-store-path /Users/aadityasingh/Library/Developer/Xcode/DerivedData/Chatlio-erkyzdeecsohoaggpwbjdvavzqfv/Index.noindex/DataStore @/Users/aadityasingh/Library/Developer/Xcode/DerivedData/Chatlio-erkyzdeecsohoaggpwbjdvavzqfv/Build/Intermediates.noindex/DTFoundation.build/Debug-iphonesimulator/DTFoundation.build/Objects-normal/arm64/7187679823f38a2a940e0043cdf9d637-common-args.resp -MMD -MT dependencies -MF /Users/aadityasingh/Library/Developer/Xcode/DerivedData/Chatlio-erkyzdeecsohoaggpwbjdvavzqfv/Build/Intermediates.noindex/DTFoundation.build/Debug-iphonesimulator/DTFoundation.build/Objects-normal/arm64/mztools.d --serialize-diagnostics /Users/aadityasingh/Library/Developer/Xcode/DerivedData/Chatlio-erkyzdeecsohoaggpwbjdvavzqfv/Build/Intermediates.noindex/DTFoundation.build/Debug-iphonesimulator/DTFoundation.build/Objects-normal/arm64/mztools.dia -c /Users/aadityasingh/Library/Developer/Xcode/DerivedData/Chatlio-erkyzdeecsohoaggpwbjdvavzqfv/SourcePackages/checkouts/DTFoundation/Core/Source/Externals/minizip/mztools.c -o /Users/aadityasingh/Library/Developer/Xcode/DerivedData/Chatlio-erkyzdeecsohoaggpwbjdvavzqfv/Build/Intermediates.noindex/DTFoundation.build/Debug-iphonesimulator/DTFoundation.build/Objects-normal/arm64/mztools.o -index-unit-output-path /DTFoundation.build/Debug-iphonesimulator/DTFoundation.build/Objects-normal/arm64/mztools.o

CompileC /Users/aadityasingh/Library/Developer/Xcode/DerivedData/Chatlio-erkyzdeecsohoaggpwbjdvavzqfv/Build/Intermediates.noindex/DTFoundation.build/Debug-iphonesimulator/DTFoundation.build/Objects-normal/arm64/ioapi.o /Users/aadityasingh/Library/Developer/Xcode/DerivedData/Chatlio-erkyzdeecsohoaggpwbjdvavzqfv/SourcePackages/checkouts/DTFoundation/Core/Source/Externals/minizip/ioapi.c normal arm64 c com.apple.compilers.llvm.clang.1_0.compiler (in target 'DTFoundation' from project 'DTFoundation')
    cd /Users/aadityasingh/Documents/Development/element-x-ios/Chatlio.xcodeproj
    
    Using response file: /Users/aadityasingh/Library/Developer/Xcode/DerivedData/Chatlio-erkyzdeecsohoaggpwbjdvavzqfv/Build/Intermediates.noindex/DTFoundation.build/Debug-iphonesimulator/DTFoundation.build/Objects-normal/arm64/7187679823f38a2a940e0043cdf9d637-common-args.resp
    
    /Applications/Xcode.app/Contents/Developer/Toolchains/XcodeDefault.xctoolchain/usr/bin/clang -x c -ivfsstatcache /Users/aadityasingh/Library/Developer/Xcode/DerivedData/SDKStatCaches.noindex/iphonesimulator26.4-23E252-686eebb5dc1d8ecb277353a59184f4aa.sdkstatcache -target arm64-apple-ios12.0-simulator -fmessage-length\=0 -fdiagnostics-show-note-include-stack -fmacro-backtrace-limit\=0 -fno-color-diagnostics -fmodules-prune-interval\=86400 -fmodules-prune-after\=345600 -fbuild-session-file\=/Users/aadityasingh/Library/Developer/Xcode/DerivedData/ModuleCache.noindex/Session.modulevalidation -fmodules-validate-once-per-build-session -Wnon-modular-include-in-framework-module -Werror\=non-modular-include-in-framework-module -Wno-trigraphs -Wno-missing-field-initializers -Wno-missing-prototypes -Wno-return-type -Wno-missing-braces -Wparentheses -Wswitch -Wno-unused-function -Wno-unused-label -Wno-unused-parameter -Wno-unused-variable -Wunused-value -Wno-empty-body -Wno-uninitialized -Wno-unknown-pragmas -w -Wno-shadow -Wno-four-char-constants -Wno-conversion -Wno-constant-conversion -Wno-int-conversion -Wno-bool-conversion -Wno-enum-conversion -Wno-float-conversion -Wno-non-literal-null-conversion -Wno-objc-literal-conversion -Wshorten-64-to-32 -Wpointer-sign -Wno-newline-eof -Wno-implicit-fallthrough -isysroot /Applications/Xcode.app/Contents/Developer/Platforms/iPhoneSimulator.platform/Developer/SDKs/iPhoneSimulator26.4.sdk -fstrict-aliasing -Wdeprecated-declarations -Wno-sign-conversion -Wno-infinite-recursion -Wno-comma -Wno-block-capture-autoreleasing -Wno-strict-prototypes -Wno-semicolon-before-method-body -index-store-path /Users/aadityasingh/Library/Developer/Xcode/DerivedData/Chatlio-erkyzdeecsohoaggpwbjdvavzqfv/Index.noindex/DataStore @/Users/aadityasingh/Library/Developer/Xcode/DerivedData/Chatlio-erkyzdeecsohoaggpwbjdvavzqfv/Build/Intermediates.noindex/DTFoundation.build/Debug-iphonesimulator/DTFoundation.build/Objects-normal/arm64/7187679823f38a2a940e0043cdf9d637-common-args.resp -MMD -MT dependencies -MF /Users/aadityasingh/Library/Developer/Xcode/DerivedData/Chatlio-erkyzdeecsohoaggpwbjdvavzqfv/Build/Intermediates.noindex/DTFoundation.build/Debug-iphonesimulator/DTFoundation.build/Objects-normal/arm64/ioapi.d --serialize-diagnostics /Users/aadityasingh/Library/Developer/Xcode/DerivedData/Chatlio-erkyzdeecsohoaggpwbjdvavzqfv/Build/Intermediates.noindex/DTFoundation.build/Debug-iphonesimulator/DTFoundation.build/Objects-normal/arm64/ioapi.dia -c /Users/aadityasingh/Library/Developer/Xcode/DerivedData/Chatlio-erkyzdeecsohoaggpwbjdvavzqfv/SourcePackages/checkouts/DTFoundation/Core/Source/Externals/minizip/ioapi.c -o /Users/aadityasingh/Library/Developer/Xcode/DerivedData/Chatlio-erkyzdeecsohoaggpwbjdvavzqfv/Build/Intermediates.noindex/DTFoundation.build/Debug-iphonesimulator/DTFoundation.build/Objects-normal/arm64/ioapi.o -index-unit-output-path /DTFoundation.build/Debug-iphonesimulator/DTFoundation.build/Objects-normal/arm64/ioapi.o

PrecompileModule /Users/aadityasingh/Library/Developer/Xcode/DerivedData/Chatlio-erkyzdeecsohoaggpwbjdvavzqfv/Build/Intermediates.noindex/ExplicitPrecompiledModules/_DarwinFoundation3-BAZFER6N3P2WF42ND8KUIGGBC.scan
    cd /
    builtin-precompileModule /Users/aadityasingh/Library/Developer/Xcode/DerivedData/Chatlio-erkyzdeecsohoaggpwbjdvavzqfv/Build/Intermediates.noindex/ExplicitPrecompiledModules/_DarwinFoundation3-BAZFER6N3P2WF42ND8KUIGGBC.scan

ScanDependencies /Users/aadityasingh/Library/Developer/Xcode/DerivedData/Chatlio-erkyzdeecsohoaggpwbjdvavzqfv/Build/Intermediates.noindex/DTFoundation.build/Debug-iphonesimulator/DTFoundation.build/Objects-normal/arm64/DTScrollView.o /Users/aadityasingh/Library/Developer/Xcode/DerivedData/Chatlio-erkyzdeecsohoaggpwbjdvavzqfv/SourcePackages/checkouts/DTFoundation/Core/Source/OSX/DTScrollView.m normal arm64 objective-c com.apple.compilers.llvm.clang.1_0.compiler (in target 'DTFoundation' from project 'DTFoundation')
    cd /Users/aadityasingh/Documents/Development/element-x-ios/Chatlio.xcodeproj
    
    Using response file: /Users/aadityasingh/Library/Developer/Xcode/DerivedData/Chatlio-erkyzdeecsohoaggpwbjdvavzqfv/Build/Intermediates.noindex/DTFoundation.build/Debug-iphonesimulator/DTFoundation.build/Objects-normal/arm64/e6072d4f65d7061329687fe24e3d63a7-common-args.resp
    
    builtin-ScanDependencies -o /Users/aadityasingh/Library/Developer/Xcode/DerivedData/Chatlio-erkyzdeecsohoaggpwbjdvavzqfv/Build/Intermediates.noindex/DTFoundation.build/Debug-iphonesimulator/DTFoundation.build/Objects-normal/arm64/DTScrollView.o.scan -- /Applications/Xcode.app/Contents/Developer/Toolchains/XcodeDefault.xctoolchain/usr/bin/clang -x objective-c -ivfsstatcache /Users/aadityasingh/Library/Developer/Xcode/DerivedData/SDKStatCaches.noindex/iphonesimulator26.4-23E252-686eebb5dc1d8ecb277353a59184f4aa.sdkstatcache -target arm64-apple-ios12.0-simulator -fmessage-length\=0 -fdiagnostics-show-note-include-stack -fmacro-backtrace-limit\=0 -fno-color-diagnostics -fmodules-prune-interval\=86400 -fmodules-prune-after\=345600 -fbuild-session-file\=/Users/aadityasingh/Library/Developer/Xcode/DerivedData/ModuleCache.noindex/Session.modulevalidation -fmodules-validate-once-per-build-session -Wnon-modular-include-in-framework-module -Werror\=non-modular-include-in-framework-module -Wno-trigraphs -Wno-missing-field-initializers -Wno-missing-prototypes -Wno-return-type -Wno-implicit-atomic-properties -Wno-objc-interface-ivars -Wno-arc-repeated-use-of-weak -Wno-missing-braces -Wparentheses -Wswitch -Wno-unused-function -Wno-unused-label -Wno-unused-parameter -Wno-unused-variable -Wunused-value -Wno-empty-body -Wno-uninitialized -Wno-unknown-pragmas -w -Wno-shadow -Wno-four-char-constants -Wno-conversion -Wno-constant-conversion -Wno-int-conversion -Wno-bool-conversion -Wno-enum-conversion -Wno-float-conversion -Wno-non-literal-null-conversion -Wno-objc-literal-conversion -Wshorten-64-to-32 -Wpointer-sign -Wno-newline-eof -Wno-selector -Wno-strict-selector-match -Wno-undeclared-selector -Wno-deprecated-implementations -Wno-implicit-fallthrough -isysroot /Applications/Xcode.app/Contents/Developer/Platforms/iPhoneSimulator.platform/Developer/SDKs/iPhoneSimulator26.4.sdk -fstrict-aliasing -Wprotocol -Wdeprecated-declarations -Wno-sign-conversion -Wno-infinite-recursion -Wno-comma -Wno-block-capture-autoreleasing -Wno-strict-prototypes -Wno-semicolon-before-method-body -index-store-path /Users/aadityasingh/Library/Developer/Xcode/DerivedData/Chatlio-erkyzdeecsohoaggpwbjdvavzqfv/Index.noindex/DataStore @/Users/aadityasingh/Library/Developer/Xcode/DerivedData/Chatlio-erkyzdeecsohoaggpwbjdvavzqfv/Build/Intermediates.noindex/DTFoundation.build/Debug-iphonesimulator/DTFoundation.build/Objects-normal/arm64/e6072d4f65d7061329687fe24e3d63a7-common-args.resp -MMD -MT dependencies -MF /Users/aadityasingh/Library/Developer/Xcode/DerivedData/Chatlio-erkyzdeecsohoaggpwbjdvavzqfv/Build/Intermediates.noindex/DTFoundation.build/Debug-iphonesimulator/DTFoundation.build/Objects-normal/arm64/DTScrollView.d --serialize-diagnostics /Users/aadityasingh/Library/Developer/Xcode/DerivedData/Chatlio-erkyzdeecsohoaggpwbjdvavzqfv/Build/Intermediates.noindex/DTFoundation.build/Debug-iphonesimulator/DTFoundation.build/Objects-normal/arm64/DTScrollView.dia -c /Users/aadityasingh/Library/Developer/Xcode/DerivedData/Chatlio-erkyzdeecsohoaggpwbjdvavzqfv/SourcePackages/checkouts/DTFoundation/Core/Source/OSX/DTScrollView.m -o /Users/aadityasingh/Library/Developer/Xcode/DerivedData/Chatlio-erkyzdeecsohoaggpwbjdvavzqfv/Build/Intermediates.noindex/DTFoundation.build/Debug-iphonesimulator/DTFoundation.build/Objects-normal/arm64/DTScrollView.o -index-unit-output-path /DTFoundation.build/Debug-iphonesimulator/DTFoundation.build/Objects-normal/arm64/DTScrollView.o

ScanDependencies /Users/aadityasingh/Library/Developer/Xcode/DerivedData/Chatlio-erkyzdeecsohoaggpwbjdvavzqfv/Build/Intermediates.noindex/DTFoundation.build/Debug-iphonesimulator/DTFoundation.build/Objects-normal/arm64/DTScriptVariable.o /Users/aadityasingh/Library/Developer/Xcode/DerivedData/Chatlio-erkyzdeecsohoaggpwbjdvavzqfv/SourcePackages/checkouts/DTFoundation/Core/Source/DTScripting/DTScriptVariable.m normal arm64 objective-c com.apple.compilers.llvm.clang.1_0.compiler (in target 'DTFoundation' from project 'DTFoundation')
    cd /Users/aadityasingh/Documents/Development/element-x-ios/Chatlio.xcodeproj
    
    Using response file: /Users/aadityasingh/Library/Developer/Xcode/DerivedData/Chatlio-erkyzdeecsohoaggpwbjdvavzqfv/Build/Intermediates.noindex/DTFoundation.build/Debug-iphonesimulator/DTFoundation.build/Objects-normal/arm64/e6072d4f65d7061329687fe24e3d63a7-common-args.resp
    
    builtin-ScanDependencies -o /Users/aadityasingh/Library/Developer/Xcode/DerivedData/Chatlio-erkyzdeecsohoaggpwbjdvavzqfv/Build/Intermediates.noindex/DTFoundation.build/Debug-iphonesimulator/DTFoundation.build/Objects-normal/arm64/DTScriptVariable.o.scan -- /Applications/Xcode.app/Contents/Developer/Toolchains/XcodeDefault.xctoolchain/usr/bin/clang -x objective-c -ivfsstatcache /Users/aadityasingh/Library/Developer/Xcode/DerivedData/SDKStatCaches.noindex/iphonesimulator26.4-23E252-686eebb5dc1d8ecb277353a59184f4aa.sdkstatcache -target arm64-apple-ios12.0-simulator -fmessage-length\=0 -fdiagnostics-show-note-include-stack -fmacro-backtrace-limit\=0 -fno-color-diagnostics -fmodules-prune-interval\=86400 -fmodules-prune-after\=345600 -fbuild-session-file\=/Users/aadityasingh/Library/Developer/Xcode/DerivedData/ModuleCache.noindex/Session.modulevalidation -fmodules-validate-once-per-build-session -Wnon-modular-include-in-framework-module -Werror\=non-modular-include-in-framework-module -Wno-trigraphs -Wno-missing-field-initializers -Wno-missing-prototypes -Wno-return-type -Wno-implicit-atomic-properties -Wno-objc-interface-ivars -Wno-arc-repeated-use-of-weak -Wno-missing-braces -Wparentheses -Wswitch -Wno-unused-function -Wno-unused-label -Wno-unused-parameter -Wno-unused-variable -Wunused-value -Wno-empty-body -Wno-uninitialized -Wno-unknown-pragmas -w -Wno-shadow -Wno-four-char-constants -Wno-conversion -Wno-constant-conversion -Wno-int-conversion -Wno-bool-conversion -Wno-enum-conversion -Wno-float-conversion -Wno-non-literal-null-conversion -Wno-objc-literal-conversion -Wshorten-64-to-32 -Wpointer-sign -Wno-newline-eof -Wno-selector -Wno-strict-selector-match -Wno-undeclared-selector -Wno-deprecated-implementations -Wno-implicit-fallthrough -isysroot /Applications/Xcode.app/Contents/Developer/Platforms/iPhoneSimulator.platform/Developer/SDKs/iPhoneSimulator26.4.sdk -fstrict-aliasing -Wprotocol -Wdeprecated-declarations -Wno-sign-conversion -Wno-infinite-recursion -Wno-comma -Wno-block-capture-autoreleasing -Wno-strict-prototypes -Wno-semicolon-before-method-body -index-store-path /Users/aadityasingh/Library/Developer/Xcode/DerivedData/Chatlio-erkyzdeecsohoaggpwbjdvavzqfv/Index.noindex/DataStore @/Users/aadityasingh/Library/Developer/Xcode/DerivedData/Chatlio-erkyzdeecsohoaggpwbjdvavzqfv/Build/Intermediates.noindex/DTFoundation.build/Debug-iphonesimulator/DTFoundation.build/Objects-normal/arm64/e6072d4f65d7061329687fe24e3d63a7-common-args.resp -MMD -MT dependencies -MF /Users/aadityasingh/Library/Developer/Xcode/DerivedData/Chatlio-erkyzdeecsohoaggpwbjdvavzqfv/Build/Intermediates.noindex/DTFoundation.build/Debug-iphonesimulator/DTFoundation.build/Objects-normal/arm64/DTScriptVariable.d --serialize-diagnostics /Users/aadityasingh/Library/Developer/Xcode/DerivedData/Chatlio-erkyzdeecsohoaggpwbjdvavzqfv/Build/Intermediates.noindex/DTFoundation.build/Debug-iphonesimulator/DTFoundation.build/Objects-normal/arm64/DTScriptVariable.dia -c /Users/aadityasingh/Library/Developer/Xcode/DerivedData/Chatlio-erkyzdeecsohoaggpwbjdvavzqfv/SourcePackages/checkouts/DTFoundation/Core/Source/DTScripting/DTScriptVariable.m -o /Users/aadityasingh/Library/Developer/Xcode/DerivedData/Chatlio-erkyzdeecsohoaggpwbjdvavzqfv/Build/Intermediates.noindex/DTFoundation.build/Debug-iphonesimulator/DTFoundation.build/Objects-normal/arm64/DTScriptVariable.o -index-unit-output-path /DTFoundation.build/Debug-iphonesimulator/DTFoundation.build/Objects-normal/arm64/DTScriptVariable.o

ScanDependencies /Users/aadityasingh/Library/Developer/Xcode/DerivedData/Chatlio-erkyzdeecsohoaggpwbjdvavzqfv/Build/Intermediates.noindex/DTFoundation.build/Debug-iphonesimulator/DTFoundation.build/Objects-normal/arm64/DTScriptExpression.o /Users/aadityasingh/Library/Developer/Xcode/DerivedData/Chatlio-erkyzdeecsohoaggpwbjdvavzqfv/SourcePackages/checkouts/DTFoundation/Core/Source/DTScripting/DTScriptExpression.m normal arm64 objective-c com.apple.compilers.llvm.clang.1_0.compiler (in target 'DTFoundation' from project 'DTFoundation')
    cd /Users/aadityasingh/Documents/Development/element-x-ios/Chatlio.xcodeproj
    
    Using response file: /Users/aadityasingh/Library/Developer/Xcode/DerivedData/Chatlio-erkyzdeecsohoaggpwbjdvavzqfv/Build/Intermediates.noindex/DTFoundation.build/Debug-iphonesimulator/DTFoundation.build/Objects-normal/arm64/e6072d4f65d7061329687fe24e3d63a7-common-args.resp
    
    builtin-ScanDependencies -o /Users/aadityasingh/Library/Developer/Xcode/DerivedData/Chatlio-erkyzdeecsohoaggpwbjdvavzqfv/Build/Intermediates.noindex/DTFoundation.build/Debug-iphonesimulator/DTFoundation.build/Objects-normal/arm64/DTScriptExpression.o.scan -- /Applications/Xcode.app/Contents/Developer/Toolchains/XcodeDefault.xctoolchain/usr/bin/clang -x objective-c -ivfsstatcache /Users/aadityasingh/Library/Developer/Xcode/DerivedData/SDKStatCaches.noindex/iphonesimulator26.4-23E252-686eebb5dc1d8ecb277353a59184f4aa.sdkstatcache -target arm64-apple-ios12.0-simulator -fmessage-length\=0 -fdiagnostics-show-note-include-stack -fmacro-backtrace-limit\=0 -fno-color-diagnostics -fmodules-prune-interval\=86400 -fmodules-prune-after\=345600 -fbuild-session-file\=/Users/aadityasingh/Library/Developer/Xcode/DerivedData/ModuleCache.noindex/Session.modulevalidation -fmodules-validate-once-per-build-session -Wnon-modular-include-in-framework-module -Werror\=non-modular-include-in-framework-module -Wno-trigraphs -Wno-missing-field-initializers -Wno-missing-prototypes -Wno-return-type -Wno-implicit-atomic-properties -Wno-objc-interface-ivars -Wno-arc-repeated-use-of-weak -Wno-missing-braces -Wparentheses -Wswitch -Wno-unused-function -Wno-unused-label -Wno-unused-parameter -Wno-unused-variable -Wunused-value -Wno-empty-body -Wno-uninitialized -Wno-unknown-pragmas -w -Wno-shadow -Wno-four-char-constants -Wno-conversion -Wno-constant-conversion -Wno-int-conversion -Wno-bool-conversion -Wno-enum-conversion -Wno-float-conversion -Wno-non-literal-null-conversion -Wno-objc-literal-conversion -Wshorten-64-to-32 -Wpointer-sign -Wno-newline-eof -Wno-selector -Wno-strict-selector-match -Wno-undeclared-selector -Wno-deprecated-implementations -Wno-implicit-fallthrough -isysroot /Applications/Xcode.app/Contents/Developer/Platforms/iPhoneSimulator.platform/Developer/SDKs/iPhoneSimulator26.4.sdk -fstrict-aliasing -Wprotocol -Wdeprecated-declarations -Wno-sign-conversion -Wno-infinite-recursion -Wno-comma -Wno-block-capture-autoreleasing -Wno-strict-prototypes -Wno-semicolon-before-method-body -index-store-path /Users/aadityasingh/Library/Developer/Xcode/DerivedData/Chatlio-erkyzdeecsohoaggpwbjdvavzqfv/Index.noindex/DataStore @/Users/aadityasingh/Library/Developer/Xcode/DerivedData/Chatlio-erkyzdeecsohoaggpwbjdvavzqfv/Build/Intermediates.noindex/DTFoundation.build/Debug-iphonesimulator/DTFoundation.build/Objects-normal/arm64/e6072d4f65d7061329687fe24e3d63a7-common-args.resp -MMD -MT dependencies -MF /Users/aadityasingh/Library/Developer/Xcode/DerivedData/Chatlio-erkyzdeecsohoaggpwbjdvavzqfv/Build/Intermediates.noindex/DTFoundation.build/Debug-iphonesimulator/DTFoundation.build/Objects-normal/arm64/DTScriptExpression.d --serialize-diagnostics /Users/aadityasingh/Library/Developer/Xcode/DerivedData/Chatlio-erkyzdeecsohoaggpwbjdvavzqfv/Build/Intermediates.noindex/DTFoundation.build/Debug-iphonesimulator/DTFoundation.build/Objects-normal/arm64/DTScriptExpression.dia -c /Users/aadityasingh/Library/Developer/Xcode/DerivedData/Chatlio-erkyzdeecsohoaggpwbjdvavzqfv/SourcePackages/checkouts/DTFoundation/Core/Source/DTScripting/DTScriptExpression.m -o /Users/aadityasingh/Library/Developer/Xcode/DerivedData/Chatlio-erkyzdeecsohoaggpwbjdvavzqfv/Build/Intermediates.noindex/DTFoundation.build/Debug-iphonesimulator/DTFoundation.build/Objects-normal/arm64/DTScriptExpression.o -index-unit-output-path /DTFoundation.build/Debug-iphonesimulator/DTFoundation.build/Objects-normal/arm64/DTScriptExpression.o

ScanDependencies /Users/aadityasingh/Library/Developer/Xcode/DerivedData/Chatlio-erkyzdeecsohoaggpwbjdvavzqfv/Build/Intermediates.noindex/DTFoundation.build/Debug-iphonesimulator/DTFoundation.build/Objects-normal/arm64/DTSQLiteFunctions.o /Users/aadityasingh/Library/Developer/Xcode/DerivedData/Chatlio-erkyzdeecsohoaggpwbjdvavzqfv/SourcePackages/checkouts/DTFoundation/Core/Source/DTSQLite/DTSQLiteFunctions.m normal arm64 objective-c com.apple.compilers.llvm.clang.1_0.compiler (in target 'DTFoundation' from project 'DTFoundation')
    cd /Users/aadityasingh/Documents/Development/element-x-ios/Chatlio.xcodeproj
    
    Using response file: /Users/aadityasingh/Library/Developer/Xcode/DerivedData/Chatlio-erkyzdeecsohoaggpwbjdvavzqfv/Build/Intermediates.noindex/DTFoundation.build/Debug-iphonesimulator/DTFoundation.build/Objects-normal/arm64/e6072d4f65d7061329687fe24e3d63a7-common-args.resp
    
    builtin-ScanDependencies -o /Users/aadityasingh/Library/Developer/Xcode/DerivedData/Chatlio-erkyzdeecsohoaggpwbjdvavzqfv/Build/Intermediates.noindex/DTFoundation.build/Debug-iphonesimulator/DTFoundation.build/Objects-normal/arm64/DTSQLiteFunctions.o.scan -- /Applications/Xcode.app/Contents/Developer/Toolchains/XcodeDefault.xctoolchain/usr/bin/clang -x objective-c -ivfsstatcache /Users/aadityasingh/Library/Developer/Xcode/DerivedData/SDKStatCaches.noindex/iphonesimulator26.4-23E252-686eebb5dc1d8ecb277353a59184f4aa.sdkstatcache -target arm64-apple-ios12.0-simulator -fmessage-length\=0 -fdiagnostics-show-note-include-stack -fmacro-backtrace-limit\=0 -fno-color-diagnostics -fmodules-prune-interval\=86400 -fmodules-prune-after\=345600 -fbuild-session-file\=/Users/aadityasingh/Library/Developer/Xcode/DerivedData/ModuleCache.noindex/Session.modulevalidation -fmodules-validate-once-per-build-session -Wnon-modular-include-in-framework-module -Werror\=non-modular-include-in-framework-module -Wno-trigraphs -Wno-missing-field-initializers -Wno-missing-prototypes -Wno-return-type -Wno-implicit-atomic-properties -Wno-objc-interface-ivars -Wno-arc-repeated-use-of-weak -Wno-missing-braces -Wparentheses -Wswitch -Wno-unused-function -Wno-unused-label -Wno-unused-parameter -Wno-unused-variable -Wunused-value -Wno-empty-body -Wno-uninitialized -Wno-unknown-pragmas -w -Wno-shadow -Wno-four-char-constants -Wno-conversion -Wno-constant-conversion -Wno-int-conversion -Wno-bool-conversion -Wno-enum-conversion -Wno-float-conversion -Wno-non-literal-null-conversion -Wno-objc-literal-conversion -Wshorten-64-to-32 -Wpointer-sign -Wno-newline-eof -Wno-selector -Wno-strict-selector-match -Wno-undeclared-selector -Wno-deprecated-implementations -Wno-implicit-fallthrough -isysroot /Applications/Xcode.app/Contents/Developer/Platforms/iPhoneSimulator.platform/Developer/SDKs/iPhoneSimulator26.4.sdk -fstrict-aliasing -Wprotocol -Wdeprecated-declarations -Wno-sign-conversion -Wno-infinite-recursion -Wno-comma -Wno-block-capture-autoreleasing -Wno-strict-prototypes -Wno-semicolon-before-method-body -index-store-path /Users/aadityasingh/Library/Developer/Xcode/DerivedData/Chatlio-erkyzdeecsohoaggpwbjdvavzqfv/Index.noindex/DataStore @/Users/aadityasingh/Library/Developer/Xcode/DerivedData/Chatlio-erkyzdeecsohoaggpwbjdvavzqfv/Build/Intermediates.noindex/DTFoundation.build/Debug-iphonesimulator/DTFoundation.build/Objects-normal/arm64/e6072d4f65d7061329687fe24e3d63a7-common-args.resp -MMD -MT dependencies -MF /Users/aadityasingh/Library/Developer/Xcode/DerivedData/Chatlio-erkyzdeecsohoaggpwbjdvavzqfv/Build/Intermediates.noindex/DTFoundation.build/Debug-iphonesimulator/DTFoundation.build/Objects-normal/arm64/DTSQLiteFunctions.d --serialize-diagnostics /Users/aadityasingh/Library/Developer/Xcode/DerivedData/Chatlio-erkyzdeecsohoaggpwbjdvavzqfv/Build/Intermediates.noindex/DTFoundation.build/Debug-iphonesimulator/DTFoundation.build/Objects-normal/arm64/DTSQLiteFunctions.dia -c /Users/aadityasingh/Library/Developer/Xcode/DerivedData/Chatlio-erkyzdeecsohoaggpwbjdvavzqfv/SourcePackages/checkouts/DTFoundation/Core/Source/DTSQLite/DTSQLiteFunctions.m -o /Users/aadityasingh/Library/Developer/Xcode/DerivedData/Chatlio-erkyzdeecsohoaggpwbjdvavzqfv/Build/Intermediates.noindex/DTFoundation.build/Debug-iphonesimulator/DTFoundation.build/Objects-normal/arm64/DTSQLiteFunctions.o -index-unit-output-path /DTFoundation.build/Debug-iphonesimulator/DTFoundation.build/Objects-normal/arm64/DTSQLiteFunctions.o

ScanDependencies /Users/aadityasingh/Library/Developer/Xcode/DerivedData/Chatlio-erkyzdeecsohoaggpwbjdvavzqfv/Build/Intermediates.noindex/DTFoundation.build/Debug-iphonesimulator/DTFoundation.build/Objects-normal/arm64/DTSQLiteDatabase.o /Users/aadityasingh/Library/Developer/Xcode/DerivedData/Chatlio-erkyzdeecsohoaggpwbjdvavzqfv/SourcePackages/checkouts/DTFoundation/Core/Source/DTSQLite/DTSQLiteDatabase.m normal arm64 objective-c com.apple.compilers.llvm.clang.1_0.compiler (in target 'DTFoundation' from project 'DTFoundation')
    cd /Users/aadityasingh/Documents/Development/element-x-ios/Chatlio.xcodeproj
    
    Using response file: /Users/aadityasingh/Library/Developer/Xcode/DerivedData/Chatlio-erkyzdeecsohoaggpwbjdvavzqfv/Build/Intermediates.noindex/DTFoundation.build/Debug-iphonesimulator/DTFoundation.build/Objects-normal/arm64/e6072d4f65d7061329687fe24e3d63a7-common-args.resp
    
    builtin-ScanDependencies -o /Users/aadityasingh/Library/Developer/Xcode/DerivedData/Chatlio-erkyzdeecsohoaggpwbjdvavzqfv/Build/Intermediates.noindex/DTFoundation.build/Debug-iphonesimulator/DTFoundation.build/Objects-normal/arm64/DTSQLiteDatabase.o.scan -- /Applications/Xcode.app/Contents/Developer/Toolchains/XcodeDefault.xctoolchain/usr/bin/clang -x objective-c -ivfsstatcache /Users/aadityasingh/Library/Developer/Xcode/DerivedData/SDKStatCaches.noindex/iphonesimulator26.4-23E252-686eebb5dc1d8ecb277353a59184f4aa.sdkstatcache -target arm64-apple-ios12.0-simulator -fmessage-length\=0 -fdiagnostics-show-note-include-stack -fmacro-backtrace-limit\=0 -fno-color-diagnostics -fmodules-prune-interval\=86400 -fmodules-prune-after\=345600 -fbuild-session-file\=/Users/aadityasingh/Library/Developer/Xcode/DerivedData/ModuleCache.noindex/Session.modulevalidation -fmodules-validate-once-per-build-session -Wnon-modular-include-in-framework-module -Werror\=non-modular-include-in-framework-module -Wno-trigraphs -Wno-missing-field-initializers -Wno-missing-prototypes -Wno-return-type -Wno-implicit-atomic-properties -Wno-objc-interface-ivars -Wno-arc-repeated-use-of-weak -Wno-missing-braces -Wparentheses -Wswitch -Wno-unused-function -Wno-unused-label -Wno-unused-parameter -Wno-unused-variable -Wunused-value -Wno-empty-body -Wno-uninitialized -Wno-unknown-pragmas -w -Wno-shadow -Wno-four-char-constants -Wno-conversion -Wno-constant-conversion -Wno-int-conversion -Wno-bool-conversion -Wno-enum-conversion -Wno-float-conversion -Wno-non-literal-null-conversion -Wno-objc-literal-conversion -Wshorten-64-to-32 -Wpointer-sign -Wno-newline-eof -Wno-selector -Wno-strict-selector-match -Wno-undeclared-selector -Wno-deprecated-implementations -Wno-implicit-fallthrough -isysroot /Applications/Xcode.app/Contents/Developer/Platforms/iPhoneSimulator.platform/Developer/SDKs/iPhoneSimulator26.4.sdk -fstrict-aliasing -Wprotocol -Wdeprecated-declarations -Wno-sign-conversion -Wno-infinite-recursion -Wno-comma -Wno-block-capture-autoreleasing -Wno-strict-prototypes -Wno-semicolon-before-method-body -index-store-path /Users/aadityasingh/Library/Developer/Xcode/DerivedData/Chatlio-erkyzdeecsohoaggpwbjdvavzqfv/Index.noindex/DataStore @/Users/aadityasingh/Library/Developer/Xcode/DerivedData/Chatlio-erkyzdeecsohoaggpwbjdvavzqfv/Build/Intermediates.noindex/DTFoundation.build/Debug-iphonesimulator/DTFoundation.build/Objects-normal/arm64/e6072d4f65d7061329687fe24e3d63a7-common-args.resp -MMD -MT dependencies -MF /Users/aadityasingh/Library/Developer/Xcode/DerivedData/Chatlio-erkyzdeecsohoaggpwbjdvavzqfv/Build/Intermediates.noindex/DTFoundation.build/Debug-iphonesimulator/DTFoundation.build/Objects-normal/arm64/DTSQLiteDatabase.d --serialize-diagnostics /Users/aadityasingh/Library/Developer/Xcode/DerivedData/Chatlio-erkyzdeecsohoaggpwbjdvavzqfv/Build/Intermediates.noindex/DTFoundation.build/Debug-iphonesimulator/DTFoundation.build/Objects-normal/arm64/DTSQLiteDatabase.dia -c /Users/aadityasingh/Library/Developer/Xcode/DerivedData/Chatlio-erkyzdeecsohoaggpwbjdvavzqfv/SourcePackages/checkouts/DTFoundation/Core/Source/DTSQLite/DTSQLiteDatabase.m -o /Users/aadityasingh/Library/Developer/Xcode/DerivedData/Chatlio-erkyzdeecsohoaggpwbjdvavzqfv/Build/Intermediates.noindex/DTFoundation.build/Debug-iphonesimulator/DTFoundation.build/Objects-normal/arm64/DTSQLiteDatabase.o -index-unit-output-path /DTFoundation.build/Debug-iphonesimulator/DTFoundation.build/Objects-normal/arm64/DTSQLiteDatabase.o

CompileC /Users/aadityasingh/Library/Developer/Xcode/DerivedData/Chatlio-erkyzdeecsohoaggpwbjdvavzqfv/Build/Intermediates.noindex/DTFoundation.build/Debug-iphonesimulator/DTFoundation.build/Objects-normal/arm64/DTScrollView.o /Users/aadityasingh/Library/Developer/Xcode/DerivedData/Chatlio-erkyzdeecsohoaggpwbjdvavzqfv/SourcePackages/checkouts/DTFoundation/Core/Source/OSX/DTScrollView.m normal arm64 objective-c com.apple.compilers.llvm.clang.1_0.compiler (in target 'DTFoundation' from project 'DTFoundation')
    cd /Users/aadityasingh/Documents/Development/element-x-ios/Chatlio.xcodeproj
    
    Using response file: /Users/aadityasingh/Library/Developer/Xcode/DerivedData/Chatlio-erkyzdeecsohoaggpwbjdvavzqfv/Build/Intermediates.noindex/DTFoundation.build/Debug-iphonesimulator/DTFoundation.build/Objects-normal/arm64/e6072d4f65d7061329687fe24e3d63a7-common-args.resp
    
    /Applications/Xcode.app/Contents/Developer/Toolchains/XcodeDefault.xctoolchain/usr/bin/clang -x objective-c -ivfsstatcache /Users/aadityasingh/Library/Developer/Xcode/DerivedData/SDKStatCaches.noindex/iphonesimulator26.4-23E252-686eebb5dc1d8ecb277353a59184f4aa.sdkstatcache -target arm64-apple-ios12.0-simulator -fmessage-length\=0 -fdiagnostics-show-note-include-stack -fmacro-backtrace-limit\=0 -fno-color-diagnostics -fmodules-prune-interval\=86400 -fmodules-prune-after\=345600 -fbuild-session-file\=/Users/aadityasingh/Library/Developer/Xcode/DerivedData/ModuleCache.noindex/Session.modulevalidation -fmodules-validate-once-per-build-session -Wnon-modular-include-in-framework-module -Werror\=non-modular-include-in-framework-module -Wno-trigraphs -Wno-missing-field-initializers -Wno-missing-prototypes -Wno-return-type -Wno-implicit-atomic-properties -Wno-objc-interface-ivars -Wno-arc-repeated-use-of-weak -Wno-missing-braces -Wparentheses -Wswitch -Wno-unused-function -Wno-unused-label -Wno-unused-parameter -Wno-unused-variable -Wunused-value -Wno-empty-body -Wno-uninitialized -Wno-unknown-pragmas -w -Wno-shadow -Wno-four-char-constants -Wno-conversion -Wno-constant-conversion -Wno-int-conversion -Wno-bool-conversion -Wno-enum-conversion -Wno-float-conversion -Wno-non-literal-null-conversion -Wno-objc-literal-conversion -Wshorten-64-to-32 -Wpointer-sign -Wno-newline-eof -Wno-selector -Wno-strict-selector-match -Wno-undeclared-selector -Wno-deprecated-implementations -Wno-implicit-fallthrough -isysroot /Applications/Xcode.app/Contents/Developer/Platforms/iPhoneSimulator.platform/Developer/SDKs/iPhoneSimulator26.4.sdk -fstrict-aliasing -Wprotocol -Wdeprecated-declarations -Wno-sign-conversion -Wno-infinite-recursion -Wno-comma -Wno-block-capture-autoreleasing -Wno-strict-prototypes -Wno-semicolon-before-method-body -index-store-path /Users/aadityasingh/Library/Developer/Xcode/DerivedData/Chatlio-erkyzdeecsohoaggpwbjdvavzqfv/Index.noindex/DataStore @/Users/aadityasingh/Library/Developer/Xcode/DerivedData/Chatlio-erkyzdeecsohoaggpwbjdvavzqfv/Build/Intermediates.noindex/DTFoundation.build/Debug-iphonesimulator/DTFoundation.build/Objects-normal/arm64/e6072d4f65d7061329687fe24e3d63a7-common-args.resp -MMD -MT dependencies -MF /Users/aadityasingh/Library/Developer/Xcode/DerivedData/Chatlio-erkyzdeecsohoaggpwbjdvavzqfv/Build/Intermediates.noindex/DTFoundation.build/Debug-iphonesimulator/DTFoundation.build/Objects-normal/arm64/DTScrollView.d --serialize-diagnostics /Users/aadityasingh/Library/Developer/Xcode/DerivedData/Chatlio-erkyzdeecsohoaggpwbjdvavzqfv/Build/Intermediates.noindex/DTFoundation.build/Debug-iphonesimulator/DTFoundation.build/Objects-normal/arm64/DTScrollView.dia -c /Users/aadityasingh/Library/Developer/Xcode/DerivedData/Chatlio-erkyzdeecsohoaggpwbjdvavzqfv/SourcePackages/checkouts/DTFoundation/Core/Source/OSX/DTScrollView.m -o /Users/aadityasingh/Library/Developer/Xcode/DerivedData/Chatlio-erkyzdeecsohoaggpwbjdvavzqfv/Build/Intermediates.noindex/DTFoundation.build/Debug-iphonesimulator/DTFoundation.build/Objects-normal/arm64/DTScrollView.o -index-unit-output-path /DTFoundation.build/Debug-iphonesimulator/DTFoundation.build/Objects-normal/arm64/DTScrollView.o

ScanDependencies /Users/aadityasingh/Library/Developer/Xcode/DerivedData/Chatlio-erkyzdeecsohoaggpwbjdvavzqfv/Build/Intermediates.noindex/DTFoundation.build/Debug-iphonesimulator/DTFoundation.build/Objects-normal/arm64/DTReachability.o /Users/aadityasingh/Library/Developer/Xcode/DerivedData/Chatlio-erkyzdeecsohoaggpwbjdvavzqfv/SourcePackages/checkouts/DTFoundation/Core/Source/DTReachability/DTReachability.m normal arm64 objective-c com.apple.compilers.llvm.clang.1_0.compiler (in target 'DTFoundation' from project 'DTFoundation')
    cd /Users/aadityasingh/Documents/Development/element-x-ios/Chatlio.xcodeproj
    
    Using response file: /Users/aadityasingh/Library/Developer/Xcode/DerivedData/Chatlio-erkyzdeecsohoaggpwbjdvavzqfv/Build/Intermediates.noindex/DTFoundation.build/Debug-iphonesimulator/DTFoundation.build/Objects-normal/arm64/e6072d4f65d7061329687fe24e3d63a7-common-args.resp
    
    builtin-ScanDependencies -o /Users/aadityasingh/Library/Developer/Xcode/DerivedData/Chatlio-erkyzdeecsohoaggpwbjdvavzqfv/Build/Intermediates.noindex/DTFoundation.build/Debug-iphonesimulator/DTFoundation.build/Objects-normal/arm64/DTReachability.o.scan -- /Applications/Xcode.app/Contents/Developer/Toolchains/XcodeDefault.xctoolchain/usr/bin/clang -x objective-c -ivfsstatcache /Users/aadityasingh/Library/Developer/Xcode/DerivedData/SDKStatCaches.noindex/iphonesimulator26.4-23E252-686eebb5dc1d8ecb277353a59184f4aa.sdkstatcache -target arm64-apple-ios12.0-simulator -fmessage-length\=0 -fdiagnostics-show-note-include-stack -fmacro-backtrace-limit\=0 -fno-color-diagnostics -fmodules-prune-interval\=86400 -fmodules-prune-after\=345600 -fbuild-session-file\=/Users/aadityasingh/Library/Developer/Xcode/DerivedData/ModuleCache.noindex/Session.modulevalidation -fmodules-validate-once-per-build-session -Wnon-modular-include-in-framework-module -Werror\=non-modular-include-in-framework-module -Wno-trigraphs -Wno-missing-field-initializers -Wno-missing-prototypes -Wno-return-type -Wno-implicit-atomic-properties -Wno-objc-interface-ivars -Wno-arc-repeated-use-of-weak -Wno-missing-braces -Wparentheses -Wswitch -Wno-unused-function -Wno-unused-label -Wno-unused-parameter -Wno-unused-variable -Wunused-value -Wno-empty-body -Wno-uninitialized -Wno-unknown-pragmas -w -Wno-shadow -Wno-four-char-constants -Wno-conversion -Wno-constant-conversion -Wno-int-conversion -Wno-bool-conversion -Wno-enum-conversion -Wno-float-conversion -Wno-non-literal-null-conversion -Wno-objc-literal-conversion -Wshorten-64-to-32 -Wpointer-sign -Wno-newline-eof -Wno-selector -Wno-strict-selector-match -Wno-undeclared-selector -Wno-deprecated-implementations -Wno-implicit-fallthrough -isysroot /Applications/Xcode.app/Contents/Developer/Platforms/iPhoneSimulator.platform/Developer/SDKs/iPhoneSimulator26.4.sdk -fstrict-aliasing -Wprotocol -Wdeprecated-declarations -Wno-sign-conversion -Wno-infinite-recursion -Wno-comma -Wno-block-capture-autoreleasing -Wno-strict-prototypes -Wno-semicolon-before-method-body -index-store-path /Users/aadityasingh/Library/Developer/Xcode/DerivedData/Chatlio-erkyzdeecsohoaggpwbjdvavzqfv/Index.noindex/DataStore @/Users/aadityasingh/Library/Developer/Xcode/DerivedData/Chatlio-erkyzdeecsohoaggpwbjdvavzqfv/Build/Intermediates.noindex/DTFoundation.build/Debug-iphonesimulator/DTFoundation.build/Objects-normal/arm64/e6072d4f65d7061329687fe24e3d63a7-common-args.resp -MMD -MT dependencies -MF /Users/aadityasingh/Library/Developer/Xcode/DerivedData/Chatlio-erkyzdeecsohoaggpwbjdvavzqfv/Build/Intermediates.noindex/DTFoundation.build/Debug-iphonesimulator/DTFoundation.build/Objects-normal/arm64/DTReachability.d --serialize-diagnostics /Users/aadityasingh/Library/Developer/Xcode/DerivedData/Chatlio-erkyzdeecsohoaggpwbjdvavzqfv/Build/Intermediates.noindex/DTFoundation.build/Debug-iphonesimulator/DTFoundation.build/Objects-normal/arm64/DTReachability.dia -c /Users/aadityasingh/Library/Developer/Xcode/DerivedData/Chatlio-erkyzdeecsohoaggpwbjdvavzqfv/SourcePackages/checkouts/DTFoundation/Core/Source/DTReachability/DTReachability.m -o /Users/aadityasingh/Library/Developer/Xcode/DerivedData/Chatlio-erkyzdeecsohoaggpwbjdvavzqfv/Build/Intermediates.noindex/DTFoundation.build/Debug-iphonesimulator/DTFoundation.build/Objects-normal/arm64/DTReachability.o -index-unit-output-path /DTFoundation.build/Debug-iphonesimulator/DTFoundation.build/Objects-normal/arm64/DTReachability.o

ScanDependencies /Users/aadityasingh/Library/Developer/Xcode/DerivedData/Chatlio-erkyzdeecsohoaggpwbjdvavzqfv/Build/Intermediates.noindex/DTFoundation.build/Debug-iphonesimulator/DTFoundation.build/Objects-normal/arm64/DTProgressHUDWindow.o /Users/aadityasingh/Library/Developer/Xcode/DerivedData/Chatlio-erkyzdeecsohoaggpwbjdvavzqfv/SourcePackages/checkouts/DTFoundation/Core/Source/iOS/DTProgressHUD/DTProgressHUDWindow.m normal arm64 objective-c com.apple.compilers.llvm.clang.1_0.compiler (in target 'DTFoundation' from project 'DTFoundation')
    cd /Users/aadityasingh/Documents/Development/element-x-ios/Chatlio.xcodeproj
    
    Using response file: /Users/aadityasingh/Library/Developer/Xcode/DerivedData/Chatlio-erkyzdeecsohoaggpwbjdvavzqfv/Build/Intermediates.noindex/DTFoundation.build/Debug-iphonesimulator/DTFoundation.build/Objects-normal/arm64/e6072d4f65d7061329687fe24e3d63a7-common-args.resp
    
    builtin-ScanDependencies -o /Users/aadityasingh/Library/Developer/Xcode/DerivedData/Chatlio-erkyzdeecsohoaggpwbjdvavzqfv/Build/Intermediates.noindex/DTFoundation.build/Debug-iphonesimulator/DTFoundation.build/Objects-normal/arm64/DTProgressHUDWindow.o.scan -- /Applications/Xcode.app/Contents/Developer/Toolchains/XcodeDefault.xctoolchain/usr/bin/clang -x objective-c -ivfsstatcache /Users/aadityasingh/Library/Developer/Xcode/DerivedData/SDKStatCaches.noindex/iphonesimulator26.4-23E252-686eebb5dc1d8ecb277353a59184f4aa.sdkstatcache -target arm64-apple-ios12.0-simulator -fmessage-length\=0 -fdiagnostics-show-note-include-stack -fmacro-backtrace-limit\=0 -fno-color-diagnostics -fmodules-prune-interval\=86400 -fmodules-prune-after\=345600 -fbuild-session-file\=/Users/aadityasingh/Library/Developer/Xcode/DerivedData/ModuleCache.noindex/Session.modulevalidation -fmodules-validate-once-per-build-session -Wnon-modular-include-in-framework-module -Werror\=non-modular-include-in-framework-module -Wno-trigraphs -Wno-missing-field-initializers -Wno-missing-prototypes -Wno-return-type -Wno-implicit-atomic-properties -Wno-objc-interface-ivars -Wno-arc-repeated-use-of-weak -Wno-missing-braces -Wparentheses -Wswitch -Wno-unused-function -Wno-unused-label -Wno-unused-parameter -Wno-unused-variable -Wunused-value -Wno-empty-body -Wno-uninitialized -Wno-unknown-pragmas -w -Wno-shadow -Wno-four-char-constants -Wno-conversion -Wno-constant-conversion -Wno-int-conversion -Wno-bool-conversion -Wno-enum-conversion -Wno-float-conversion -Wno-non-literal-null-conversion -Wno-objc-literal-conversion -Wshorten-64-to-32 -Wpointer-sign -Wno-newline-eof -Wno-selector -Wno-strict-selector-match -Wno-undeclared-selector -Wno-deprecated-implementations -Wno-implicit-fallthrough -isysroot /Applications/Xcode.app/Contents/Developer/Platforms/iPhoneSimulator.platform/Developer/SDKs/iPhoneSimulator26.4.sdk -fstrict-aliasing -Wprotocol -Wdeprecated-declarations -Wno-sign-conversion -Wno-infinite-recursion -Wno-comma -Wno-block-capture-autoreleasing -Wno-strict-prototypes -Wno-semicolon-before-method-body -index-store-path /Users/aadityasingh/Library/Developer/Xcode/DerivedData/Chatlio-erkyzdeecsohoaggpwbjdvavzqfv/Index.noindex/DataStore @/Users/aadityasingh/Library/Developer/Xcode/DerivedData/Chatlio-erkyzdeecsohoaggpwbjdvavzqfv/Build/Intermediates.noindex/DTFoundation.build/Debug-iphonesimulator/DTFoundation.build/Objects-normal/arm64/e6072d4f65d7061329687fe24e3d63a7-common-args.resp -MMD -MT dependencies -MF /Users/aadityasingh/Library/Developer/Xcode/DerivedData/Chatlio-erkyzdeecsohoaggpwbjdvavzqfv/Build/Intermediates.noindex/DTFoundation.build/Debug-iphonesimulator/DTFoundation.build/Objects-normal/arm64/DTProgressHUDWindow.d --serialize-diagnostics /Users/aadityasingh/Library/Developer/Xcode/DerivedData/Chatlio-erkyzdeecsohoaggpwbjdvavzqfv/Build/Intermediates.noindex/DTFoundation.build/Debug-iphonesimulator/DTFoundation.build/Objects-normal/arm64/DTProgressHUDWindow.dia -c /Users/aadityasingh/Library/Developer/Xcode/DerivedData/Chatlio-erkyzdeecsohoaggpwbjdvavzqfv/SourcePackages/checkouts/DTFoundation/Core/Source/iOS/DTProgressHUD/DTProgressHUDWindow.m -o /Users/aadityasingh/Library/Developer/Xcode/DerivedData/Chatlio-erkyzdeecsohoaggpwbjdvavzqfv/Build/Intermediates.noindex/DTFoundation.build/Debug-iphonesimulator/DTFoundation.build/Objects-normal/arm64/DTProgressHUDWindow.o -index-unit-output-path /DTFoundation.build/Debug-iphonesimulator/DTFoundation.build/Objects-normal/arm64/DTProgressHUDWindow.o

ScanDependencies /Users/aadityasingh/Library/Developer/Xcode/DerivedData/Chatlio-erkyzdeecsohoaggpwbjdvavzqfv/Build/Intermediates.noindex/DTFoundation.build/Debug-iphonesimulator/DTFoundation.build/Objects-normal/arm64/DTProgressHUD.o /Users/aadityasingh/Library/Developer/Xcode/DerivedData/Chatlio-erkyzdeecsohoaggpwbjdvavzqfv/SourcePackages/checkouts/DTFoundation/Core/Source/iOS/DTProgressHUD/DTProgressHUD.m normal arm64 objective-c com.apple.compilers.llvm.clang.1_0.compiler (in target 'DTFoundation' from project 'DTFoundation')
    cd /Users/aadityasingh/Documents/Development/element-x-ios/Chatlio.xcodeproj
    
    Using response file: /Users/aadityasingh/Library/Developer/Xcode/DerivedData/Chatlio-erkyzdeecsohoaggpwbjdvavzqfv/Build/Intermediates.noindex/DTFoundation.build/Debug-iphonesimulator/DTFoundation.build/Objects-normal/arm64/e6072d4f65d7061329687fe24e3d63a7-common-args.resp
    
    builtin-ScanDependencies -o /Users/aadityasingh/Library/Developer/Xcode/DerivedData/Chatlio-erkyzdeecsohoaggpwbjdvavzqfv/Build/Intermediates.noindex/DTFoundation.build/Debug-iphonesimulator/DTFoundation.build/Objects-normal/arm64/DTProgressHUD.o.scan -- /Applications/Xcode.app/Contents/Developer/Toolchains/XcodeDefault.xctoolchain/usr/bin/clang -x objective-c -ivfsstatcache /Users/aadityasingh/Library/Developer/Xcode/DerivedData/SDKStatCaches.noindex/iphonesimulator26.4-23E252-686eebb5dc1d8ecb277353a59184f4aa.sdkstatcache -target arm64-apple-ios12.0-simulator -fmessage-length\=0 -fdiagnostics-show-note-include-stack -fmacro-backtrace-limit\=0 -fno-color-diagnostics -fmodules-prune-interval\=86400 -fmodules-prune-after\=345600 -fbuild-session-file\=/Users/aadityasingh/Library/Developer/Xcode/DerivedData/ModuleCache.noindex/Session.modulevalidation -fmodules-validate-once-per-build-session -Wnon-modular-include-in-framework-module -Werror\=non-modular-include-in-framework-module -Wno-trigraphs -Wno-missing-field-initializers -Wno-missing-prototypes -Wno-return-type -Wno-implicit-atomic-properties -Wno-objc-interface-ivars -Wno-arc-repeated-use-of-weak -Wno-missing-braces -Wparentheses -Wswitch -Wno-unused-function -Wno-unused-label -Wno-unused-parameter -Wno-unused-variable -Wunused-value -Wno-empty-body -Wno-uninitialized -Wno-unknown-pragmas -w -Wno-shadow -Wno-four-char-constants -Wno-conversion -Wno-constant-conversion -Wno-int-conversion -Wno-bool-conversion -Wno-enum-conversion -Wno-float-conversion -Wno-non-literal-null-conversion -Wno-objc-literal-conversion -Wshorten-64-to-32 -Wpointer-sign -Wno-newline-eof -Wno-selector -Wno-strict-selector-match -Wno-undeclared-selector -Wno-deprecated-implementations -Wno-implicit-fallthrough -isysroot /Applications/Xcode.app/Contents/Developer/Platforms/iPhoneSimulator.platform/Developer/SDKs/iPhoneSimulator26.4.sdk -fstrict-aliasing -Wprotocol -Wdeprecated-declarations -Wno-sign-conversion -Wno-infinite-recursion -Wno-comma -Wno-block-capture-autoreleasing -Wno-strict-prototypes -Wno-semicolon-before-method-body -index-store-path /Users/aadityasingh/Library/Developer/Xcode/DerivedData/Chatlio-erkyzdeecsohoaggpwbjdvavzqfv/Index.noindex/DataStore @/Users/aadityasingh/Library/Developer/Xcode/DerivedData/Chatlio-erkyzdeecsohoaggpwbjdvavzqfv/Build/Intermediates.noindex/DTFoundation.build/Debug-iphonesimulator/DTFoundation.build/Objects-normal/arm64/e6072d4f65d7061329687fe24e3d63a7-common-args.resp -MMD -MT dependencies -MF /Users/aadityasingh/Library/Developer/Xcode/DerivedData/Chatlio-erkyzdeecsohoaggpwbjdvavzqfv/Build/Intermediates.noindex/DTFoundation.build/Debug-iphonesimulator/DTFoundation.build/Objects-normal/arm64/DTProgressHUD.d --serialize-diagnostics /Users/aadityasingh/Library/Developer/Xcode/DerivedData/Chatlio-erkyzdeecsohoaggpwbjdvavzqfv/Build/Intermediates.noindex/DTFoundation.build/Debug-iphonesimulator/DTFoundation.build/Objects-normal/arm64/DTProgressHUD.dia -c /Users/aadityasingh/Library/Developer/Xcode/DerivedData/Chatlio-erkyzdeecsohoaggpwbjdvavzqfv/SourcePackages/checkouts/DTFoundation/Core/Source/iOS/DTProgressHUD/DTProgressHUD.m -o /Users/aadityasingh/Library/Developer/Xcode/DerivedData/Chatlio-erkyzdeecsohoaggpwbjdvavzqfv/Build/Intermediates.noindex/DTFoundation.build/Debug-iphonesimulator/DTFoundation.build/Objects-normal/arm64/DTProgressHUD.o -index-unit-output-path /DTFoundation.build/Debug-iphonesimulator/DTFoundation.build/Objects-normal/arm64/DTProgressHUD.o

ScanDependencies /Users/aadityasingh/Library/Developer/Xcode/DerivedData/Chatlio-erkyzdeecsohoaggpwbjdvavzqfv/Build/Intermediates.noindex/DTFoundation.build/Debug-iphonesimulator/DTFoundation.build/Objects-normal/arm64/DTPieProgressIndicator.o /Users/aadityasingh/Library/Developer/Xcode/DerivedData/Chatlio-erkyzdeecsohoaggpwbjdvavzqfv/SourcePackages/checkouts/DTFoundation/Core/Source/iOS/DTPieProgressIndicator.m normal arm64 objective-c com.apple.compilers.llvm.clang.1_0.compiler (in target 'DTFoundation' from project 'DTFoundation')
    cd /Users/aadityasingh/Documents/Development/element-x-ios/Chatlio.xcodeproj
    
    Using response file: /Users/aadityasingh/Library/Developer/Xcode/DerivedData/Chatlio-erkyzdeecsohoaggpwbjdvavzqfv/Build/Intermediates.noindex/DTFoundation.build/Debug-iphonesimulator/DTFoundation.build/Objects-normal/arm64/e6072d4f65d7061329687fe24e3d63a7-common-args.resp
    
    builtin-ScanDependencies -o /Users/aadityasingh/Library/Developer/Xcode/DerivedData/Chatlio-erkyzdeecsohoaggpwbjdvavzqfv/Build/Intermediates.noindex/DTFoundation.build/Debug-iphonesimulator/DTFoundation.build/Objects-normal/arm64/DTPieProgressIndicator.o.scan -- /Applications/Xcode.app/Contents/Developer/Toolchains/XcodeDefault.xctoolchain/usr/bin/clang -x objective-c -ivfsstatcache /Users/aadityasingh/Library/Developer/Xcode/DerivedData/SDKStatCaches.noindex/iphonesimulator26.4-23E252-686eebb5dc1d8ecb277353a59184f4aa.sdkstatcache -target arm64-apple-ios12.0-simulator -fmessage-length\=0 -fdiagnostics-show-note-include-stack -fmacro-backtrace-limit\=0 -fno-color-diagnostics -fmodules-prune-interval\=86400 -fmodules-prune-after\=345600 -fbuild-session-file\=/Users/aadityasingh/Library/Developer/Xcode/DerivedData/ModuleCache.noindex/Session.modulevalidation -fmodules-validate-once-per-build-session -Wnon-modular-include-in-framework-module -Werror\=non-modular-include-in-framework-module -Wno-trigraphs -Wno-missing-field-initializers -Wno-missing-prototypes -Wno-return-type -Wno-implicit-atomic-properties -Wno-objc-interface-ivars -Wno-arc-repeated-use-of-weak -Wno-missing-braces -Wparentheses -Wswitch -Wno-unused-function -Wno-unused-label -Wno-unused-parameter -Wno-unused-variable -Wunused-value -Wno-empty-body -Wno-uninitialized -Wno-unknown-pragmas -w -Wno-shadow -Wno-four-char-constants -Wno-conversion -Wno-constant-conversion -Wno-int-conversion -Wno-bool-conversion -Wno-enum-conversion -Wno-float-conversion -Wno-non-literal-null-conversion -Wno-objc-literal-conversion -Wshorten-64-to-32 -Wpointer-sign -Wno-newline-eof -Wno-selector -Wno-strict-selector-match -Wno-undeclared-selector -Wno-deprecated-implementations -Wno-implicit-fallthrough -isysroot /Applications/Xcode.app/Contents/Developer/Platforms/iPhoneSimulator.platform/Developer/SDKs/iPhoneSimulator26.4.sdk -fstrict-aliasing -Wprotocol -Wdeprecated-declarations -Wno-sign-conversion -Wno-infinite-recursion -Wno-comma -Wno-block-capture-autoreleasing -Wno-strict-prototypes -Wno-semicolon-before-method-body -index-store-path /Users/aadityasingh/Library/Developer/Xcode/DerivedData/Chatlio-erkyzdeecsohoaggpwbjdvavzqfv/Index.noindex/DataStore @/Users/aadityasingh/Library/Developer/Xcode/DerivedData/Chatlio-erkyzdeecsohoaggpwbjdvavzqfv/Build/Intermediates.noindex/DTFoundation.build/Debug-iphonesimulator/DTFoundation.build/Objects-normal/arm64/e6072d4f65d7061329687fe24e3d63a7-common-args.resp -MMD -MT dependencies -MF /Users/aadityasingh/Library/Developer/Xcode/DerivedData/Chatlio-erkyzdeecsohoaggpwbjdvavzqfv/Build/Intermediates.noindex/DTFoundation.build/Debug-iphonesimulator/DTFoundation.build/Objects-normal/arm64/DTPieProgressIndicator.d --serialize-diagnostics /Users/aadityasingh/Library/Developer/Xcode/DerivedData/Chatlio-erkyzdeecsohoaggpwbjdvavzqfv/Build/Intermediates.noindex/DTFoundation.build/Debug-iphonesimulator/DTFoundation.build/Objects-normal/arm64/DTPieProgressIndicator.dia -c /Users/aadityasingh/Library/Developer/Xcode/DerivedData/Chatlio-erkyzdeecsohoaggpwbjdvavzqfv/SourcePackages/checkouts/DTFoundation/Core/Source/iOS/DTPieProgressIndicator.m -o /Users/aadityasingh/Library/Developer/Xcode/DerivedData/Chatlio-erkyzdeecsohoaggpwbjdvavzqfv/Build/Intermediates.noindex/DTFoundation.build/Debug-iphonesimulator/DTFoundation.build/Objects-normal/arm64/DTPieProgressIndicator.o -index-unit-output-path /DTFoundation.build/Debug-iphonesimulator/DTFoundation.build/Objects-normal/arm64/DTPieProgressIndicator.o

PrecompileModule /Users/aadityasingh/Library/Developer/Xcode/DerivedData/Chatlio-erkyzdeecsohoaggpwbjdvavzqfv/Build/Intermediates.noindex/ExplicitPrecompiledModules/SQLite3-CNS5Z8HFI4KTGKLCCL4E427QB.scan
    cd /
    builtin-precompileModule /Users/aadityasingh/Library/Developer/Xcode/DerivedData/Chatlio-erkyzdeecsohoaggpwbjdvavzqfv/Build/Intermediates.noindex/ExplicitPrecompiledModules/SQLite3-CNS5Z8HFI4KTGKLCCL4E427QB.scan

ScanDependencies /Users/aadityasingh/Library/Developer/Xcode/DerivedData/Chatlio-erkyzdeecsohoaggpwbjdvavzqfv/Build/Intermediates.noindex/DTFoundation.build/Debug-iphonesimulator/DTFoundation.build/Objects-normal/arm64/DTObjectBlockExecutor.o /Users/aadityasingh/Library/Developer/Xcode/DerivedData/Chatlio-erkyzdeecsohoaggpwbjdvavzqfv/SourcePackages/checkouts/DTFoundation/Core/Source/Runtime/DTObjectBlockExecutor.m normal arm64 objective-c com.apple.compilers.llvm.clang.1_0.compiler (in target 'DTFoundation' from project 'DTFoundation')
    cd /Users/aadityasingh/Documents/Development/element-x-ios/Chatlio.xcodeproj
    
    Using response file: /Users/aadityasingh/Library/Developer/Xcode/DerivedData/Chatlio-erkyzdeecsohoaggpwbjdvavzqfv/Build/Intermediates.noindex/DTFoundation.build/Debug-iphonesimulator/DTFoundation.build/Objects-normal/arm64/e6072d4f65d7061329687fe24e3d63a7-common-args.resp
    
    builtin-ScanDependencies -o /Users/aadityasingh/Library/Developer/Xcode/DerivedData/Chatlio-erkyzdeecsohoaggpwbjdvavzqfv/Build/Intermediates.noindex/DTFoundation.build/Debug-iphonesimulator/DTFoundation.build/Objects-normal/arm64/DTObjectBlockExecutor.o.scan -- /Applications/Xcode.app/Contents/Developer/Toolchains/XcodeDefault.xctoolchain/usr/bin/clang -x objective-c -ivfsstatcache /Users/aadityasingh/Library/Developer/Xcode/DerivedData/SDKStatCaches.noindex/iphonesimulator26.4-23E252-686eebb5dc1d8ecb277353a59184f4aa.sdkstatcache -target arm64-apple-ios12.0-simulator -fmessage-length\=0 -fdiagnostics-show-note-include-stack -fmacro-backtrace-limit\=0 -fno-color-diagnostics -fmodules-prune-interval\=86400 -fmodules-prune-after\=345600 -fbuild-session-file\=/Users/aadityasingh/Library/Developer/Xcode/DerivedData/ModuleCache.noindex/Session.modulevalidation -fmodules-validate-once-per-build-session -Wnon-modular-include-in-framework-module -Werror\=non-modular-include-in-framework-module -Wno-trigraphs -Wno-missing-field-initializers -Wno-missing-prototypes -Wno-return-type -Wno-implicit-atomic-properties -Wno-objc-interface-ivars -Wno-arc-repeated-use-of-weak -Wno-missing-braces -Wparentheses -Wswitch -Wno-unused-function -Wno-unused-label -Wno-unused-parameter -Wno-unused-variable -Wunused-value -Wno-empty-body -Wno-uninitialized -Wno-unknown-pragmas -w -Wno-shadow -Wno-four-char-constants -Wno-conversion -Wno-constant-conversion -Wno-int-conversion -Wno-bool-conversion -Wno-enum-conversion -Wno-float-conversion -Wno-non-literal-null-conversion -Wno-objc-literal-conversion -Wshorten-64-to-32 -Wpointer-sign -Wno-newline-eof -Wno-selector -Wno-strict-selector-match -Wno-undeclared-selector -Wno-deprecated-implementations -Wno-implicit-fallthrough -isysroot /Applications/Xcode.app/Contents/Developer/Platforms/iPhoneSimulator.platform/Developer/SDKs/iPhoneSimulator26.4.sdk -fstrict-aliasing -Wprotocol -Wdeprecated-declarations -Wno-sign-conversion -Wno-infinite-recursion -Wno-comma -Wno-block-capture-autoreleasing -Wno-strict-prototypes -Wno-semicolon-before-method-body -index-store-path /Users/aadityasingh/Library/Developer/Xcode/DerivedData/Chatlio-erkyzdeecsohoaggpwbjdvavzqfv/Index.noindex/DataStore @/Users/aadityasingh/Library/Developer/Xcode/DerivedData/Chatlio-erkyzdeecsohoaggpwbjdvavzqfv/Build/Intermediates.noindex/DTFoundation.build/Debug-iphonesimulator/DTFoundation.build/Objects-normal/arm64/e6072d4f65d7061329687fe24e3d63a7-common-args.resp -MMD -MT dependencies -MF /Users/aadityasingh/Library/Developer/Xcode/DerivedData/Chatlio-erkyzdeecsohoaggpwbjdvavzqfv/Build/Intermediates.noindex/DTFoundation.build/Debug-iphonesimulator/DTFoundation.build/Objects-normal/arm64/DTObjectBlockExecutor.d --serialize-diagnostics /Users/aadityasingh/Library/Developer/Xcode/DerivedData/Chatlio-erkyzdeecsohoaggpwbjdvavzqfv/Build/Intermediates.noindex/DTFoundation.build/Debug-iphonesimulator/DTFoundation.build/Objects-normal/arm64/DTObjectBlockExecutor.dia -c /Users/aadityasingh/Library/Developer/Xcode/DerivedData/Chatlio-erkyzdeecsohoaggpwbjdvavzqfv/SourcePackages/checkouts/DTFoundation/Core/Source/Runtime/DTObjectBlockExecutor.m -o /Users/aadityasingh/Library/Developer/Xcode/DerivedData/Chatlio-erkyzdeecsohoaggpwbjdvavzqfv/Build/Intermediates.noindex/DTFoundation.build/Debug-iphonesimulator/DTFoundation.build/Objects-normal/arm64/DTObjectBlockExecutor.o -index-unit-output-path /DTFoundation.build/Debug-iphonesimulator/DTFoundation.build/Objects-normal/arm64/DTObjectBlockExecutor.o

ScanDependencies /Users/aadityasingh/Library/Developer/Xcode/DerivedData/Chatlio-erkyzdeecsohoaggpwbjdvavzqfv/Build/Intermediates.noindex/DTFoundation.build/Debug-iphonesimulator/DTFoundation.build/Objects-normal/arm64/DTLog.o /Users/aadityasingh/Library/Developer/Xcode/DerivedData/Chatlio-erkyzdeecsohoaggpwbjdvavzqfv/SourcePackages/checkouts/DTFoundation/Core/Source/DTLog.m normal arm64 objective-c com.apple.compilers.llvm.clang.1_0.compiler (in target 'DTFoundation' from project 'DTFoundation')
    cd /Users/aadityasingh/Documents/Development/element-x-ios/Chatlio.xcodeproj
    
    Using response file: /Users/aadityasingh/Library/Developer/Xcode/DerivedData/Chatlio-erkyzdeecsohoaggpwbjdvavzqfv/Build/Intermediates.noindex/DTFoundation.build/Debug-iphonesimulator/DTFoundation.build/Objects-normal/arm64/e6072d4f65d7061329687fe24e3d63a7-common-args.resp
    
    builtin-ScanDependencies -o /Users/aadityasingh/Library/Developer/Xcode/DerivedData/Chatlio-erkyzdeecsohoaggpwbjdvavzqfv/Build/Intermediates.noindex/DTFoundation.build/Debug-iphonesimulator/DTFoundation.build/Objects-normal/arm64/DTLog.o.scan -- /Applications/Xcode.app/Contents/Developer/Toolchains/XcodeDefault.xctoolchain/usr/bin/clang -x objective-c -ivfsstatcache /Users/aadityasingh/Library/Developer/Xcode/DerivedData/SDKStatCaches.noindex/iphonesimulator26.4-23E252-686eebb5dc1d8ecb277353a59184f4aa.sdkstatcache -target arm64-apple-ios12.0-simulator -fmessage-length\=0 -fdiagnostics-show-note-include-stack -fmacro-backtrace-limit\=0 -fno-color-diagnostics -fmodules-prune-interval\=86400 -fmodules-prune-after\=345600 -fbuild-session-file\=/Users/aadityasingh/Library/Developer/Xcode/DerivedData/ModuleCache.noindex/Session.modulevalidation -fmodules-validate-once-per-build-session -Wnon-modular-include-in-framework-module -Werror\=non-modular-include-in-framework-module -Wno-trigraphs -Wno-missing-field-initializers -Wno-missing-prototypes -Wno-return-type -Wno-implicit-atomic-properties -Wno-objc-interface-ivars -Wno-arc-repeated-use-of-weak -Wno-missing-braces -Wparentheses -Wswitch -Wno-unused-function -Wno-unused-label -Wno-unused-parameter -Wno-unused-variable -Wunused-value -Wno-empty-body -Wno-uninitialized -Wno-unknown-pragmas -w -Wno-shadow -Wno-four-char-constants -Wno-conversion -Wno-constant-conversion -Wno-int-conversion -Wno-bool-conversion -Wno-enum-conversion -Wno-float-conversion -Wno-non-literal-null-conversion -Wno-objc-literal-conversion -Wshorten-64-to-32 -Wpointer-sign -Wno-newline-eof -Wno-selector -Wno-strict-selector-match -Wno-undeclared-selector -Wno-deprecated-implementations -Wno-implicit-fallthrough -isysroot /Applications/Xcode.app/Contents/Developer/Platforms/iPhoneSimulator.platform/Developer/SDKs/iPhoneSimulator26.4.sdk -fstrict-aliasing -Wprotocol -Wdeprecated-declarations -Wno-sign-conversion -Wno-infinite-recursion -Wno-comma -Wno-block-capture-autoreleasing -Wno-strict-prototypes -Wno-semicolon-before-method-body -index-store-path /Users/aadityasingh/Library/Developer/Xcode/DerivedData/Chatlio-erkyzdeecsohoaggpwbjdvavzqfv/Index.noindex/DataStore @/Users/aadityasingh/Library/Developer/Xcode/DerivedData/Chatlio-erkyzdeecsohoaggpwbjdvavzqfv/Build/Intermediates.noindex/DTFoundation.build/Debug-iphonesimulator/DTFoundation.build/Objects-normal/arm64/e6072d4f65d7061329687fe24e3d63a7-common-args.resp -MMD -MT dependencies -MF /Users/aadityasingh/Library/Developer/Xcode/DerivedData/Chatlio-erkyzdeecsohoaggpwbjdvavzqfv/Build/Intermediates.noindex/DTFoundation.build/Debug-iphonesimulator/DTFoundation.build/Objects-normal/arm64/DTLog.d --serialize-diagnostics /Users/aadityasingh/Library/Developer/Xcode/DerivedData/Chatlio-erkyzdeecsohoaggpwbjdvavzqfv/Build/Intermediates.noindex/DTFoundation.build/Debug-iphonesimulator/DTFoundation.build/Objects-normal/arm64/DTLog.dia -c /Users/aadityasingh/Library/Developer/Xcode/DerivedData/Chatlio-erkyzdeecsohoaggpwbjdvavzqfv/SourcePackages/checkouts/DTFoundation/Core/Source/DTLog.m -o /Users/aadityasingh/Library/Developer/Xcode/DerivedData/Chatlio-erkyzdeecsohoaggpwbjdvavzqfv/Build/Intermediates.noindex/DTFoundation.build/Debug-iphonesimulator/DTFoundation.build/Objects-normal/arm64/DTLog.o -index-unit-output-path /DTFoundation.build/Debug-iphonesimulator/DTFoundation.build/Objects-normal/arm64/DTLog.o

ScanDependencies /Users/aadityasingh/Library/Developer/Xcode/DerivedData/Chatlio-erkyzdeecsohoaggpwbjdvavzqfv/Build/Intermediates.noindex/DTFoundation.build/Debug-iphonesimulator/DTFoundation.build/Objects-normal/arm64/DTHTMLParser.o /Users/aadityasingh/Library/Developer/Xcode/DerivedData/Chatlio-erkyzdeecsohoaggpwbjdvavzqfv/SourcePackages/checkouts/DTFoundation/Core/Source/DTHTMLParser/DTHTMLParser.m normal arm64 objective-c com.apple.compilers.llvm.clang.1_0.compiler (in target 'DTFoundation' from project 'DTFoundation')
    cd /Users/aadityasingh/Documents/Development/element-x-ios/Chatlio.xcodeproj
    
    Using response file: /Users/aadityasingh/Library/Developer/Xcode/DerivedData/Chatlio-erkyzdeecsohoaggpwbjdvavzqfv/Build/Intermediates.noindex/DTFoundation.build/Debug-iphonesimulator/DTFoundation.build/Objects-normal/arm64/e6072d4f65d7061329687fe24e3d63a7-common-args.resp
    
    builtin-ScanDependencies -o /Users/aadityasingh/Library/Developer/Xcode/DerivedData/Chatlio-erkyzdeecsohoaggpwbjdvavzqfv/Build/Intermediates.noindex/DTFoundation.build/Debug-iphonesimulator/DTFoundation.build/Objects-normal/arm64/DTHTMLParser.o.scan -- /Applications/Xcode.app/Contents/Developer/Toolchains/XcodeDefault.xctoolchain/usr/bin/clang -x objective-c -ivfsstatcache /Users/aadityasingh/Library/Developer/Xcode/DerivedData/SDKStatCaches.noindex/iphonesimulator26.4-23E252-686eebb5dc1d8ecb277353a59184f4aa.sdkstatcache -target arm64-apple-ios12.0-simulator -fmessage-length\=0 -fdiagnostics-show-note-include-stack -fmacro-backtrace-limit\=0 -fno-color-diagnostics -fmodules-prune-interval\=86400 -fmodules-prune-after\=345600 -fbuild-session-file\=/Users/aadityasingh/Library/Developer/Xcode/DerivedData/ModuleCache.noindex/Session.modulevalidation -fmodules-validate-once-per-build-session -Wnon-modular-include-in-framework-module -Werror\=non-modular-include-in-framework-module -Wno-trigraphs -Wno-missing-field-initializers -Wno-missing-prototypes -Wno-return-type -Wno-implicit-atomic-properties -Wno-objc-interface-ivars -Wno-arc-repeated-use-of-weak -Wno-missing-braces -Wparentheses -Wswitch -Wno-unused-function -Wno-unused-label -Wno-unused-parameter -Wno-unused-variable -Wunused-value -Wno-empty-body -Wno-uninitialized -Wno-unknown-pragmas -w -Wno-shadow -Wno-four-char-constants -Wno-conversion -Wno-constant-conversion -Wno-int-conversion -Wno-bool-conversion -Wno-enum-conversion -Wno-float-conversion -Wno-non-literal-null-conversion -Wno-objc-literal-conversion -Wshorten-64-to-32 -Wpointer-sign -Wno-newline-eof -Wno-selector -Wno-strict-selector-match -Wno-undeclared-selector -Wno-deprecated-implementations -Wno-implicit-fallthrough -isysroot /Applications/Xcode.app/Contents/Developer/Platforms/iPhoneSimulator.platform/Developer/SDKs/iPhoneSimulator26.4.sdk -fstrict-aliasing -Wprotocol -Wdeprecated-declarations -Wno-sign-conversion -Wno-infinite-recursion -Wno-comma -Wno-block-capture-autoreleasing -Wno-strict-prototypes -Wno-semicolon-before-method-body -index-store-path /Users/aadityasingh/Library/Developer/Xcode/DerivedData/Chatlio-erkyzdeecsohoaggpwbjdvavzqfv/Index.noindex/DataStore @/Users/aadityasingh/Library/Developer/Xcode/DerivedData/Chatlio-erkyzdeecsohoaggpwbjdvavzqfv/Build/Intermediates.noindex/DTFoundation.build/Debug-iphonesimulator/DTFoundation.build/Objects-normal/arm64/e6072d4f65d7061329687fe24e3d63a7-common-args.resp -MMD -MT dependencies -MF /Users/aadityasingh/Library/Developer/Xcode/DerivedData/Chatlio-erkyzdeecsohoaggpwbjdvavzqfv/Build/Intermediates.noindex/DTFoundation.build/Debug-iphonesimulator/DTFoundation.build/Objects-normal/arm64/DTHTMLParser.d --serialize-diagnostics /Users/aadityasingh/Library/Developer/Xcode/DerivedData/Chatlio-erkyzdeecsohoaggpwbjdvavzqfv/Build/Intermediates.noindex/DTFoundation.build/Debug-iphonesimulator/DTFoundation.build/Objects-normal/arm64/DTHTMLParser.dia -c /Users/aadityasingh/Library/Developer/Xcode/DerivedData/Chatlio-erkyzdeecsohoaggpwbjdvavzqfv/SourcePackages/checkouts/DTFoundation/Core/Source/DTHTMLParser/DTHTMLParser.m -o /Users/aadityasingh/Library/Developer/Xcode/DerivedData/Chatlio-erkyzdeecsohoaggpwbjdvavzqfv/Build/Intermediates.noindex/DTFoundation.build/Debug-iphonesimulator/DTFoundation.build/Objects-normal/arm64/DTHTMLParser.o -index-unit-output-path /DTFoundation.build/Debug-iphonesimulator/DTFoundation.build/Objects-normal/arm64/DTHTMLParser.o

ScanDependencies /Users/aadityasingh/Library/Developer/Xcode/DerivedData/Chatlio-erkyzdeecsohoaggpwbjdvavzqfv/Build/Intermediates.noindex/DTFoundation.build/Debug-iphonesimulator/DTFoundation.build/Objects-normal/arm64/DTFoundationConstants.o /Users/aadityasingh/Library/Developer/Xcode/DerivedData/Chatlio-erkyzdeecsohoaggpwbjdvavzqfv/SourcePackages/checkouts/DTFoundation/Core/Source/DTFoundationConstants.m normal arm64 objective-c com.apple.compilers.llvm.clang.1_0.compiler (in target 'DTFoundation' from project 'DTFoundation')
    cd /Users/aadityasingh/Documents/Development/element-x-ios/Chatlio.xcodeproj
    
    Using response file: /Users/aadityasingh/Library/Developer/Xcode/DerivedData/Chatlio-erkyzdeecsohoaggpwbjdvavzqfv/Build/Intermediates.noindex/DTFoundation.build/Debug-iphonesimulator/DTFoundation.build/Objects-normal/arm64/e6072d4f65d7061329687fe24e3d63a7-common-args.resp
    
    builtin-ScanDependencies -o /Users/aadityasingh/Library/Developer/Xcode/DerivedData/Chatlio-erkyzdeecsohoaggpwbjdvavzqfv/Build/Intermediates.noindex/DTFoundation.build/Debug-iphonesimulator/DTFoundation.build/Objects-normal/arm64/DTFoundationConstants.o.scan -- /Applications/Xcode.app/Contents/Developer/Toolchains/XcodeDefault.xctoolchain/usr/bin/clang -x objective-c -ivfsstatcache /Users/aadityasingh/Library/Developer/Xcode/DerivedData/SDKStatCaches.noindex/iphonesimulator26.4-23E252-686eebb5dc1d8ecb277353a59184f4aa.sdkstatcache -target arm64-apple-ios12.0-simulator -fmessage-length\=0 -fdiagnostics-show-note-include-stack -fmacro-backtrace-limit\=0 -fno-color-diagnostics -fmodules-prune-interval\=86400 -fmodules-prune-after\=345600 -fbuild-session-file\=/Users/aadityasingh/Library/Developer/Xcode/DerivedData/ModuleCache.noindex/Session.modulevalidation -fmodules-validate-once-per-build-session -Wnon-modular-include-in-framework-module -Werror\=non-modular-include-in-framework-module -Wno-trigraphs -Wno-missing-field-initializers -Wno-missing-prototypes -Wno-return-type -Wno-implicit-atomic-properties -Wno-objc-interface-ivars -Wno-arc-repeated-use-of-weak -Wno-missing-braces -Wparentheses -Wswitch -Wno-unused-function -Wno-unused-label -Wno-unused-parameter -Wno-unused-variable -Wunused-value -Wno-empty-body -Wno-uninitialized -Wno-unknown-pragmas -w -Wno-shadow -Wno-four-char-constants -Wno-conversion -Wno-constant-conversion -Wno-int-conversion -Wno-bool-conversion -Wno-enum-conversion -Wno-float-conversion -Wno-non-literal-null-conversion -Wno-objc-literal-conversion -Wshorten-64-to-32 -Wpointer-sign -Wno-newline-eof -Wno-selector -Wno-strict-selector-match -Wno-undeclared-selector -Wno-deprecated-implementations -Wno-implicit-fallthrough -isysroot /Applications/Xcode.app/Contents/Developer/Platforms/iPhoneSimulator.platform/Developer/SDKs/iPhoneSimulator26.4.sdk -fstrict-aliasing -Wprotocol -Wdeprecated-declarations -Wno-sign-conversion -Wno-infinite-recursion -Wno-comma -Wno-block-capture-autoreleasing -Wno-strict-prototypes -Wno-semicolon-before-method-body -index-store-path /Users/aadityasingh/Library/Developer/Xcode/DerivedData/Chatlio-erkyzdeecsohoaggpwbjdvavzqfv/Index.noindex/DataStore @/Users/aadityasingh/Library/Developer/Xcode/DerivedData/Chatlio-erkyzdeecsohoaggpwbjdvavzqfv/Build/Intermediates.noindex/DTFoundation.build/Debug-iphonesimulator/DTFoundation.build/Objects-normal/arm64/e6072d4f65d7061329687fe24e3d63a7-common-args.resp -MMD -MT dependencies -MF /Users/aadityasingh/Library/Developer/Xcode/DerivedData/Chatlio-erkyzdeecsohoaggpwbjdvavzqfv/Build/Intermediates.noindex/DTFoundation.build/Debug-iphonesimulator/DTFoundation.build/Objects-normal/arm64/DTFoundationConstants.d --serialize-diagnostics /Users/aadityasingh/Library/Developer/Xcode/DerivedData/Chatlio-erkyzdeecsohoaggpwbjdvavzqfv/Build/Intermediates.noindex/DTFoundation.build/Debug-iphonesimulator/DTFoundation.build/Objects-normal/arm64/DTFoundationConstants.dia -c /Users/aadityasingh/Library/Developer/Xcode/DerivedData/Chatlio-erkyzdeecsohoaggpwbjdvavzqfv/SourcePackages/checkouts/DTFoundation/Core/Source/DTFoundationConstants.m -o /Users/aadityasingh/Library/Developer/Xcode/DerivedData/Chatlio-erkyzdeecsohoaggpwbjdvavzqfv/Build/Intermediates.noindex/DTFoundation.build/Debug-iphonesimulator/DTFoundation.build/Objects-normal/arm64/DTFoundationConstants.o -index-unit-output-path /DTFoundation.build/Debug-iphonesimulator/DTFoundation.build/Objects-normal/arm64/DTFoundationConstants.o

ScanDependencies /Users/aadityasingh/Library/Developer/Xcode/DerivedData/Chatlio-erkyzdeecsohoaggpwbjdvavzqfv/Build/Intermediates.noindex/DTFoundation.build/Debug-iphonesimulator/DTFoundation.build/Objects-normal/arm64/DTFolderMonitor.o /Users/aadityasingh/Library/Developer/Xcode/DerivedData/Chatlio-erkyzdeecsohoaggpwbjdvavzqfv/SourcePackages/checkouts/DTFoundation/Core/Source/DTFolderMonitor.m normal arm64 objective-c com.apple.compilers.llvm.clang.1_0.compiler (in target 'DTFoundation' from project 'DTFoundation')
    cd /Users/aadityasingh/Documents/Development/element-x-ios/Chatlio.xcodeproj
    
    Using response file: /Users/aadityasingh/Library/Developer/Xcode/DerivedData/Chatlio-erkyzdeecsohoaggpwbjdvavzqfv/Build/Intermediates.noindex/DTFoundation.build/Debug-iphonesimulator/DTFoundation.build/Objects-normal/arm64/e6072d4f65d7061329687fe24e3d63a7-common-args.resp
    
    builtin-ScanDependencies -o /Users/aadityasingh/Library/Developer/Xcode/DerivedData/Chatlio-erkyzdeecsohoaggpwbjdvavzqfv/Build/Intermediates.noindex/DTFoundation.build/Debug-iphonesimulator/DTFoundation.build/Objects-normal/arm64/DTFolderMonitor.o.scan -- /Applications/Xcode.app/Contents/Developer/Toolchains/XcodeDefault.xctoolchain/usr/bin/clang -x objective-c -ivfsstatcache /Users/aadityasingh/Library/Developer/Xcode/DerivedData/SDKStatCaches.noindex/iphonesimulator26.4-23E252-686eebb5dc1d8ecb277353a59184f4aa.sdkstatcache -target arm64-apple-ios12.0-simulator -fmessage-length\=0 -fdiagnostics-show-note-include-stack -fmacro-backtrace-limit\=0 -fno-color-diagnostics -fmodules-prune-interval\=86400 -fmodules-prune-after\=345600 -fbuild-session-file\=/Users/aadityasingh/Library/Developer/Xcode/DerivedData/ModuleCache.noindex/Session.modulevalidation -fmodules-validate-once-per-build-session -Wnon-modular-include-in-framework-module -Werror\=non-modular-include-in-framework-module -Wno-trigraphs -Wno-missing-field-initializers -Wno-missing-prototypes -Wno-return-type -Wno-implicit-atomic-properties -Wno-objc-interface-ivars -Wno-arc-repeated-use-of-weak -Wno-missing-braces -Wparentheses -Wswitch -Wno-unused-function -Wno-unused-label -Wno-unused-parameter -Wno-unused-variable -Wunused-value -Wno-empty-body -Wno-uninitialized -Wno-unknown-pragmas -w -Wno-shadow -Wno-four-char-constants -Wno-conversion -Wno-constant-conversion -Wno-int-conversion -Wno-bool-conversion -Wno-enum-conversion -Wno-float-conversion -Wno-non-literal-null-conversion -Wno-objc-literal-conversion -Wshorten-64-to-32 -Wpointer-sign -Wno-newline-eof -Wno-selector -Wno-strict-selector-match -Wno-undeclared-selector -Wno-deprecated-implementations -Wno-implicit-fallthrough -isysroot /Applications/Xcode.app/Contents/Developer/Platforms/iPhoneSimulator.platform/Developer/SDKs/iPhoneSimulator26.4.sdk -fstrict-aliasing -Wprotocol -Wdeprecated-declarations -Wno-sign-conversion -Wno-infinite-recursion -Wno-comma -Wno-block-capture-autoreleasing -Wno-strict-prototypes -Wno-semicolon-before-method-body -index-store-path /Users/aadityasingh/Library/Developer/Xcode/DerivedData/Chatlio-erkyzdeecsohoaggpwbjdvavzqfv/Index.noindex/DataStore @/Users/aadityasingh/Library/Developer/Xcode/DerivedData/Chatlio-erkyzdeecsohoaggpwbjdvavzqfv/Build/Intermediates.noindex/DTFoundation.build/Debug-iphonesimulator/DTFoundation.build/Objects-normal/arm64/e6072d4f65d7061329687fe24e3d63a7-common-args.resp -MMD -MT dependencies -MF /Users/aadityasingh/Library/Developer/Xcode/DerivedData/Chatlio-erkyzdeecsohoaggpwbjdvavzqfv/Build/Intermediates.noindex/DTFoundation.build/Debug-iphonesimulator/DTFoundation.build/Objects-normal/arm64/DTFolderMonitor.d --serialize-diagnostics /Users/aadityasingh/Library/Developer/Xcode/DerivedData/Chatlio-erkyzdeecsohoaggpwbjdvavzqfv/Build/Intermediates.noindex/DTFoundation.build/Debug-iphonesimulator/DTFoundation.build/Objects-normal/arm64/DTFolderMonitor.dia -c /Users/aadityasingh/Library/Developer/Xcode/DerivedData/Chatlio-erkyzdeecsohoaggpwbjdvavzqfv/SourcePackages/checkouts/DTFoundation/Core/Source/DTFolderMonitor.m -o /Users/aadityasingh/Library/Developer/Xcode/DerivedData/Chatlio-erkyzdeecsohoaggpwbjdvavzqfv/Build/Intermediates.noindex/DTFoundation.build/Debug-iphonesimulator/DTFoundation.build/Objects-normal/arm64/DTFolderMonitor.o -index-unit-output-path /DTFoundation.build/Debug-iphonesimulator/DTFoundation.build/Objects-normal/arm64/DTFolderMonitor.o

ScanDependencies /Users/aadityasingh/Library/Developer/Xcode/DerivedData/Chatlio-erkyzdeecsohoaggpwbjdvavzqfv/Build/Intermediates.noindex/DTFoundation.build/Debug-iphonesimulator/DTFoundation.build/Objects-normal/arm64/DTExtendedFileAttributes.o /Users/aadityasingh/Library/Developer/Xcode/DerivedData/Chatlio-erkyzdeecsohoaggpwbjdvavzqfv/SourcePackages/checkouts/DTFoundation/Core/Source/DTExtendedFileAttributes.m normal arm64 objective-c com.apple.compilers.llvm.clang.1_0.compiler (in target 'DTFoundation' from project 'DTFoundation')
    cd /Users/aadityasingh/Documents/Development/element-x-ios/Chatlio.xcodeproj
    
    Using response file: /Users/aadityasingh/Library/Developer/Xcode/DerivedData/Chatlio-erkyzdeecsohoaggpwbjdvavzqfv/Build/Intermediates.noindex/DTFoundation.build/Debug-iphonesimulator/DTFoundation.build/Objects-normal/arm64/e6072d4f65d7061329687fe24e3d63a7-common-args.resp
    
    builtin-ScanDependencies -o /Users/aadityasingh/Library/Developer/Xcode/DerivedData/Chatlio-erkyzdeecsohoaggpwbjdvavzqfv/Build/Intermediates.noindex/DTFoundation.build/Debug-iphonesimulator/DTFoundation.build/Objects-normal/arm64/DTExtendedFileAttributes.o.scan -- /Applications/Xcode.app/Contents/Developer/Toolchains/XcodeDefault.xctoolchain/usr/bin/clang -x objective-c -ivfsstatcache /Users/aadityasingh/Library/Developer/Xcode/DerivedData/SDKStatCaches.noindex/iphonesimulator26.4-23E252-686eebb5dc1d8ecb277353a59184f4aa.sdkstatcache -target arm64-apple-ios12.0-simulator -fmessage-length\=0 -fdiagnostics-show-note-include-stack -fmacro-backtrace-limit\=0 -fno-color-diagnostics -fmodules-prune-interval\=86400 -fmodules-prune-after\=345600 -fbuild-session-file\=/Users/aadityasingh/Library/Developer/Xcode/DerivedData/ModuleCache.noindex/Session.modulevalidation -fmodules-validate-once-per-build-session -Wnon-modular-include-in-framework-module -Werror\=non-modular-include-in-framework-module -Wno-trigraphs -Wno-missing-field-initializers -Wno-missing-prototypes -Wno-return-type -Wno-implicit-atomic-properties -Wno-objc-interface-ivars -Wno-arc-repeated-use-of-weak -Wno-missing-braces -Wparentheses -Wswitch -Wno-unused-function -Wno-unused-label -Wno-unused-parameter -Wno-unused-variable -Wunused-value -Wno-empty-body -Wno-uninitialized -Wno-unknown-pragmas -w -Wno-shadow -Wno-four-char-constants -Wno-conversion -Wno-constant-conversion -Wno-int-conversion -Wno-bool-conversion -Wno-enum-conversion -Wno-float-conversion -Wno-non-literal-null-conversion -Wno-objc-literal-conversion -Wshorten-64-to-32 -Wpointer-sign -Wno-newline-eof -Wno-selector -Wno-strict-selector-match -Wno-undeclared-selector -Wno-deprecated-implementations -Wno-implicit-fallthrough -isysroot /Applications/Xcode.app/Contents/Developer/Platforms/iPhoneSimulator.platform/Developer/SDKs/iPhoneSimulator26.4.sdk -fstrict-aliasing -Wprotocol -Wdeprecated-declarations -Wno-sign-conversion -Wno-infinite-recursion -Wno-comma -Wno-block-capture-autoreleasing -Wno-strict-prototypes -Wno-semicolon-before-method-body -index-store-path /Users/aadityasingh/Library/Developer/Xcode/DerivedData/Chatlio-erkyzdeecsohoaggpwbjdvavzqfv/Index.noindex/DataStore @/Users/aadityasingh/Library/Developer/Xcode/DerivedData/Chatlio-erkyzdeecsohoaggpwbjdvavzqfv/Build/Intermediates.noindex/DTFoundation.build/Debug-iphonesimulator/DTFoundation.build/Objects-normal/arm64/e6072d4f65d7061329687fe24e3d63a7-common-args.resp -MMD -MT dependencies -MF /Users/aadityasingh/Library/Developer/Xcode/DerivedData/Chatlio-erkyzdeecsohoaggpwbjdvavzqfv/Build/Intermediates.noindex/DTFoundation.build/Debug-iphonesimulator/DTFoundation.build/Objects-normal/arm64/DTExtendedFileAttributes.d --serialize-diagnostics /Users/aadityasingh/Library/Developer/Xcode/DerivedData/Chatlio-erkyzdeecsohoaggpwbjdvavzqfv/Build/Intermediates.noindex/DTFoundation.build/Debug-iphonesimulator/DTFoundation.build/Objects-normal/arm64/DTExtendedFileAttributes.dia -c /Users/aadityasingh/Library/Developer/Xcode/DerivedData/Chatlio-erkyzdeecsohoaggpwbjdvavzqfv/SourcePackages/checkouts/DTFoundation/Core/Source/DTExtendedFileAttributes.m -o /Users/aadityasingh/Library/Developer/Xcode/DerivedData/Chatlio-erkyzdeecsohoaggpwbjdvavzqfv/Build/Intermediates.noindex/DTFoundation.build/Debug-iphonesimulator/DTFoundation.build/Objects-normal/arm64/DTExtendedFileAttributes.o -index-unit-output-path /DTFoundation.build/Debug-iphonesimulator/DTFoundation.build/Objects-normal/arm64/DTExtendedFileAttributes.o

PrecompileModule /Users/aadityasingh/Library/Developer/Xcode/DerivedData/Chatlio-erkyzdeecsohoaggpwbjdvavzqfv/Build/Intermediates.noindex/ExplicitPrecompiledModules/CommonCrypto-C23L0JG9NY6QT2BVI8IVWZXUG.scan
    cd /
    builtin-precompileModule /Users/aadityasingh/Library/Developer/Xcode/DerivedData/Chatlio-erkyzdeecsohoaggpwbjdvavzqfv/Build/Intermediates.noindex/ExplicitPrecompiledModules/CommonCrypto-C23L0JG9NY6QT2BVI8IVWZXUG.scan

PrecompileModule /Users/aadityasingh/Library/Developer/Xcode/DerivedData/Chatlio-erkyzdeecsohoaggpwbjdvavzqfv/Build/Intermediates.noindex/ExplicitPrecompiledModules/zlib-30OBHMLJ60I16ANHGCB1E6V4N.scan
    cd /
    builtin-precompileModule /Users/aadityasingh/Library/Developer/Xcode/DerivedData/Chatlio-erkyzdeecsohoaggpwbjdvavzqfv/Build/Intermediates.noindex/ExplicitPrecompiledModules/zlib-30OBHMLJ60I16ANHGCB1E6V4N.scan

PrecompileModule /Users/aadityasingh/Library/Developer/Xcode/DerivedData/Chatlio-erkyzdeecsohoaggpwbjdvavzqfv/Build/Intermediates.noindex/ExplicitPrecompiledModules/_Builtin_inttypes-O25R8QBNL7SKXACVSNCOM2N6.scan
    cd /
    builtin-precompileModule /Users/aadityasingh/Library/Developer/Xcode/DerivedData/Chatlio-erkyzdeecsohoaggpwbjdvavzqfv/Build/Intermediates.noindex/ExplicitPrecompiledModules/_Builtin_inttypes-O25R8QBNL7SKXACVSNCOM2N6.scan

ScanDependencies /Users/aadityasingh/Library/Developer/Xcode/DerivedData/Chatlio-erkyzdeecsohoaggpwbjdvavzqfv/Build/Intermediates.noindex/DTFoundation.build/Debug-iphonesimulator/DTFoundation.build/Objects-normal/arm64/DTCustomColoredAccessory.o /Users/aadityasingh/Library/Developer/Xcode/DerivedData/Chatlio-erkyzdeecsohoaggpwbjdvavzqfv/SourcePackages/checkouts/DTFoundation/Core/Source/iOS/DTCustomColoredAccessory.m normal arm64 objective-c com.apple.compilers.llvm.clang.1_0.compiler (in target 'DTFoundation' from project 'DTFoundation')
    cd /Users/aadityasingh/Documents/Development/element-x-ios/Chatlio.xcodeproj
    
    Using response file: /Users/aadityasingh/Library/Developer/Xcode/DerivedData/Chatlio-erkyzdeecsohoaggpwbjdvavzqfv/Build/Intermediates.noindex/DTFoundation.build/Debug-iphonesimulator/DTFoundation.build/Objects-normal/arm64/e6072d4f65d7061329687fe24e3d63a7-common-args.resp
    
    builtin-ScanDependencies -o /Users/aadityasingh/Library/Developer/Xcode/DerivedData/Chatlio-erkyzdeecsohoaggpwbjdvavzqfv/Build/Intermediates.noindex/DTFoundation.build/Debug-iphonesimulator/DTFoundation.build/Objects-normal/arm64/DTCustomColoredAccessory.o.scan -- /Applications/Xcode.app/Contents/Developer/Toolchains/XcodeDefault.xctoolchain/usr/bin/clang -x objective-c -ivfsstatcache /Users/aadityasingh/Library/Developer/Xcode/DerivedData/SDKStatCaches.noindex/iphonesimulator26.4-23E252-686eebb5dc1d8ecb277353a59184f4aa.sdkstatcache -target arm64-apple-ios12.0-simulator -fmessage-length\=0 -fdiagnostics-show-note-include-stack -fmacro-backtrace-limit\=0 -fno-color-diagnostics -fmodules-prune-interval\=86400 -fmodules-prune-after\=345600 -fbuild-session-file\=/Users/aadityasingh/Library/Developer/Xcode/DerivedData/ModuleCache.noindex/Session.modulevalidation -fmodules-validate-once-per-build-session -Wnon-modular-include-in-framework-module -Werror\=non-modular-include-in-framework-module -Wno-trigraphs -Wno-missing-field-initializers -Wno-missing-prototypes -Wno-return-type -Wno-implicit-atomic-properties -Wno-objc-interface-ivars -Wno-arc-repeated-use-of-weak -Wno-missing-braces -Wparentheses -Wswitch -Wno-unused-function -Wno-unused-label -Wno-unused-parameter -Wno-unused-variable -Wunused-value -Wno-empty-body -Wno-uninitialized -Wno-unknown-pragmas -w -Wno-shadow -Wno-four-char-constants -Wno-conversion -Wno-constant-conversion -Wno-int-conversion -Wno-bool-conversion -Wno-enum-conversion -Wno-float-conversion -Wno-non-literal-null-conversion -Wno-objc-literal-conversion -Wshorten-64-to-32 -Wpointer-sign -Wno-newline-eof -Wno-selector -Wno-strict-selector-match -Wno-undeclared-selector -Wno-deprecated-implementations -Wno-implicit-fallthrough -isysroot /Applications/Xcode.app/Contents/Developer/Platforms/iPhoneSimulator.platform/Developer/SDKs/iPhoneSimulator26.4.sdk -fstrict-aliasing -Wprotocol -Wdeprecated-declarations -Wno-sign-conversion -Wno-infinite-recursion -Wno-comma -Wno-block-capture-autoreleasing -Wno-strict-prototypes -Wno-semicolon-before-method-body -index-store-path /Users/aadityasingh/Library/Developer/Xcode/DerivedData/Chatlio-erkyzdeecsohoaggpwbjdvavzqfv/Index.noindex/DataStore @/Users/aadityasingh/Library/Developer/Xcode/DerivedData/Chatlio-erkyzdeecsohoaggpwbjdvavzqfv/Build/Intermediates.noindex/DTFoundation.build/Debug-iphonesimulator/DTFoundation.build/Objects-normal/arm64/e6072d4f65d7061329687fe24e3d63a7-common-args.resp -MMD -MT dependencies -MF /Users/aadityasingh/Library/Developer/Xcode/DerivedData/Chatlio-erkyzdeecsohoaggpwbjdvavzqfv/Build/Intermediates.noindex/DTFoundation.build/Debug-iphonesimulator/DTFoundation.build/Objects-normal/arm64/DTCustomColoredAccessory.d --serialize-diagnostics /Users/aadityasingh/Library/Developer/Xcode/DerivedData/Chatlio-erkyzdeecsohoaggpwbjdvavzqfv/Build/Intermediates.noindex/DTFoundation.build/Debug-iphonesimulator/DTFoundation.build/Objects-normal/arm64/DTCustomColoredAccessory.dia -c /Users/aadityasingh/Library/Developer/Xcode/DerivedData/Chatlio-erkyzdeecsohoaggpwbjdvavzqfv/SourcePackages/checkouts/DTFoundation/Core/Source/iOS/DTCustomColoredAccessory.m -o /Users/aadityasingh/Library/Developer/Xcode/DerivedData/Chatlio-erkyzdeecsohoaggpwbjdvavzqfv/Build/Intermediates.noindex/DTFoundation.build/Debug-iphonesimulator/DTFoundation.build/Objects-normal/arm64/DTCustomColoredAccessory.o -index-unit-output-path /DTFoundation.build/Debug-iphonesimulator/DTFoundation.build/Objects-normal/arm64/DTCustomColoredAccessory.o

PrecompileModule /Users/aadityasingh/Library/Developer/Xcode/DerivedData/Chatlio-erkyzdeecsohoaggpwbjdvavzqfv/Build/Intermediates.noindex/ExplicitPrecompiledModules/asl-A186H432TBZZN1T4XEJNDBHG2.scan
    cd /
    builtin-precompileModule /Users/aadityasingh/Library/Developer/Xcode/DerivedData/Chatlio-erkyzdeecsohoaggpwbjdvavzqfv/Build/Intermediates.noindex/ExplicitPrecompiledModules/asl-A186H432TBZZN1T4XEJNDBHG2.scan

ScanDependencies /Users/aadityasingh/Library/Developer/Xcode/DerivedData/Chatlio-erkyzdeecsohoaggpwbjdvavzqfv/Build/Intermediates.noindex/DTFoundation.build/Debug-iphonesimulator/DTFoundation.build/Objects-normal/arm64/DTCoreGraphicsUtils.o /Users/aadityasingh/Library/Developer/Xcode/DerivedData/Chatlio-erkyzdeecsohoaggpwbjdvavzqfv/SourcePackages/checkouts/DTFoundation/Core/Source/DTCoreGraphicsUtils.m normal arm64 objective-c com.apple.compilers.llvm.clang.1_0.compiler (in target 'DTFoundation' from project 'DTFoundation')
    cd /Users/aadityasingh/Documents/Development/element-x-ios/Chatlio.xcodeproj
    
    Using response file: /Users/aadityasingh/Library/Developer/Xcode/DerivedData/Chatlio-erkyzdeecsohoaggpwbjdvavzqfv/Build/Intermediates.noindex/DTFoundation.build/Debug-iphonesimulator/DTFoundation.build/Objects-normal/arm64/e6072d4f65d7061329687fe24e3d63a7-common-args.resp
    
    builtin-ScanDependencies -o /Users/aadityasingh/Library/Developer/Xcode/DerivedData/Chatlio-erkyzdeecsohoaggpwbjdvavzqfv/Build/Intermediates.noindex/DTFoundation.build/Debug-iphonesimulator/DTFoundation.build/Objects-normal/arm64/DTCoreGraphicsUtils.o.scan -- /Applications/Xcode.app/Contents/Developer/Toolchains/XcodeDefault.xctoolchain/usr/bin/clang -x objective-c -ivfsstatcache /Users/aadityasingh/Library/Developer/Xcode/DerivedData/SDKStatCaches.noindex/iphonesimulator26.4-23E252-686eebb5dc1d8ecb277353a59184f4aa.sdkstatcache -target arm64-apple-ios12.0-simulator -fmessage-length\=0 -fdiagnostics-show-note-include-stack -fmacro-backtrace-limit\=0 -fno-color-diagnostics -fmodules-prune-interval\=86400 -fmodules-prune-after\=345600 -fbuild-session-file\=/Users/aadityasingh/Library/Developer/Xcode/DerivedData/ModuleCache.noindex/Session.modulevalidation -fmodules-validate-once-per-build-session -Wnon-modular-include-in-framework-module -Werror\=non-modular-include-in-framework-module -Wno-trigraphs -Wno-missing-field-initializers -Wno-missing-prototypes -Wno-return-type -Wno-implicit-atomic-properties -Wno-objc-interface-ivars -Wno-arc-repeated-use-of-weak -Wno-missing-braces -Wparentheses -Wswitch -Wno-unused-function -Wno-unused-label -Wno-unused-parameter -Wno-unused-variable -Wunused-value -Wno-empty-body -Wno-uninitialized -Wno-unknown-pragmas -w -Wno-shadow -Wno-four-char-constants -Wno-conversion -Wno-constant-conversion -Wno-int-conversion -Wno-bool-conversion -Wno-enum-conversion -Wno-float-conversion -Wno-non-literal-null-conversion -Wno-objc-literal-conversion -Wshorten-64-to-32 -Wpointer-sign -Wno-newline-eof -Wno-selector -Wno-strict-selector-match -Wno-undeclared-selector -Wno-deprecated-implementations -Wno-implicit-fallthrough -isysroot /Applications/Xcode.app/Contents/Developer/Platforms/iPhoneSimulator.platform/Developer/SDKs/iPhoneSimulator26.4.sdk -fstrict-aliasing -Wprotocol -Wdeprecated-declarations -Wno-sign-conversion -Wno-infinite-recursion -Wno-comma -Wno-block-capture-autoreleasing -Wno-strict-prototypes -Wno-semicolon-before-method-body -index-store-path /Users/aadityasingh/Library/Developer/Xcode/DerivedData/Chatlio-erkyzdeecsohoaggpwbjdvavzqfv/Index.noindex/DataStore @/Users/aadityasingh/Library/Developer/Xcode/DerivedData/Chatlio-erkyzdeecsohoaggpwbjdvavzqfv/Build/Intermediates.noindex/DTFoundation.build/Debug-iphonesimulator/DTFoundation.build/Objects-normal/arm64/e6072d4f65d7061329687fe24e3d63a7-common-args.resp -MMD -MT dependencies -MF /Users/aadityasingh/Library/Developer/Xcode/DerivedData/Chatlio-erkyzdeecsohoaggpwbjdvavzqfv/Build/Intermediates.noindex/DTFoundation.build/Debug-iphonesimulator/DTFoundation.build/Objects-normal/arm64/DTCoreGraphicsUtils.d --serialize-diagnostics /Users/aadityasingh/Library/Developer/Xcode/DerivedData/Chatlio-erkyzdeecsohoaggpwbjdvavzqfv/Build/Intermediates.noindex/DTFoundation.build/Debug-iphonesimulator/DTFoundation.build/Objects-normal/arm64/DTCoreGraphicsUtils.dia -c /Users/aadityasingh/Library/Developer/Xcode/DerivedData/Chatlio-erkyzdeecsohoaggpwbjdvavzqfv/SourcePackages/checkouts/DTFoundation/Core/Source/DTCoreGraphicsUtils.m -o /Users/aadityasingh/Library/Developer/Xcode/DerivedData/Chatlio-erkyzdeecsohoaggpwbjdvavzqfv/Build/Intermediates.noindex/DTFoundation.build/Debug-iphonesimulator/DTFoundation.build/Objects-normal/arm64/DTCoreGraphicsUtils.o -index-unit-output-path /DTFoundation.build/Debug-iphonesimulator/DTFoundation.build/Objects-normal/arm64/DTCoreGraphicsUtils.o

ScanDependencies /Users/aadityasingh/Library/Developer/Xcode/DerivedData/Chatlio-erkyzdeecsohoaggpwbjdvavzqfv/Build/Intermediates.noindex/DTFoundation.build/Debug-iphonesimulator/DTFoundation.build/Objects-normal/arm64/DTBlockFunctions.o /Users/aadityasingh/Library/Developer/Xcode/DerivedData/Chatlio-erkyzdeecsohoaggpwbjdvavzqfv/SourcePackages/checkouts/DTFoundation/Core/Source/DTBlockFunctions.m normal arm64 objective-c com.apple.compilers.llvm.clang.1_0.compiler (in target 'DTFoundation' from project 'DTFoundation')
    cd /Users/aadityasingh/Documents/Development/element-x-ios/Chatlio.xcodeproj
    
    Using response file: /Users/aadityasingh/Library/Developer/Xcode/DerivedData/Chatlio-erkyzdeecsohoaggpwbjdvavzqfv/Build/Intermediates.noindex/DTFoundation.build/Debug-iphonesimulator/DTFoundation.build/Objects-normal/arm64/e6072d4f65d7061329687fe24e3d63a7-common-args.resp
    
    builtin-ScanDependencies -o /Users/aadityasingh/Library/Developer/Xcode/DerivedData/Chatlio-erkyzdeecsohoaggpwbjdvavzqfv/Build/Intermediates.noindex/DTFoundation.build/Debug-iphonesimulator/DTFoundation.build/Objects-normal/arm64/DTBlockFunctions.o.scan -- /Applications/Xcode.app/Contents/Developer/Toolchains/XcodeDefault.xctoolchain/usr/bin/clang -x objective-c -ivfsstatcache /Users/aadityasingh/Library/Developer/Xcode/DerivedData/SDKStatCaches.noindex/iphonesimulator26.4-23E252-686eebb5dc1d8ecb277353a59184f4aa.sdkstatcache -target arm64-apple-ios12.0-simulator -fmessage-length\=0 -fdiagnostics-show-note-include-stack -fmacro-backtrace-limit\=0 -fno-color-diagnostics -fmodules-prune-interval\=86400 -fmodules-prune-after\=345600 -fbuild-session-file\=/Users/aadityasingh/Library/Developer/Xcode/DerivedData/ModuleCache.noindex/Session.modulevalidation -fmodules-validate-once-per-build-session -Wnon-modular-include-in-framework-module -Werror\=non-modular-include-in-framework-module -Wno-trigraphs -Wno-missing-field-initializers -Wno-missing-prototypes -Wno-return-type -Wno-implicit-atomic-properties -Wno-objc-interface-ivars -Wno-arc-repeated-use-of-weak -Wno-missing-braces -Wparentheses -Wswitch -Wno-unused-function -Wno-unused-label -Wno-unused-parameter -Wno-unused-variable -Wunused-value -Wno-empty-body -Wno-uninitialized -Wno-unknown-pragmas -w -Wno-shadow -Wno-four-char-constants -Wno-conversion -Wno-constant-conversion -Wno-int-conversion -Wno-bool-conversion -Wno-enum-conversion -Wno-float-conversion -Wno-non-literal-null-conversion -Wno-objc-literal-conversion -Wshorten-64-to-32 -Wpointer-sign -Wno-newline-eof -Wno-selector -Wno-strict-selector-match -Wno-undeclared-selector -Wno-deprecated-implementations -Wno-implicit-fallthrough -isysroot /Applications/Xcode.app/Contents/Developer/Platforms/iPhoneSimulator.platform/Developer/SDKs/iPhoneSimulator26.4.sdk -fstrict-aliasing -Wprotocol -Wdeprecated-declarations -Wno-sign-conversion -Wno-infinite-recursion -Wno-comma -Wno-block-capture-autoreleasing -Wno-strict-prototypes -Wno-semicolon-before-method-body -index-store-path /Users/aadityasingh/Library/Developer/Xcode/DerivedData/Chatlio-erkyzdeecsohoaggpwbjdvavzqfv/Index.noindex/DataStore @/Users/aadityasingh/Library/Developer/Xcode/DerivedData/Chatlio-erkyzdeecsohoaggpwbjdvavzqfv/Build/Intermediates.noindex/DTFoundation.build/Debug-iphonesimulator/DTFoundation.build/Objects-normal/arm64/e6072d4f65d7061329687fe24e3d63a7-common-args.resp -MMD -MT dependencies -MF /Users/aadityasingh/Library/Developer/Xcode/DerivedData/Chatlio-erkyzdeecsohoaggpwbjdvavzqfv/Build/Intermediates.noindex/DTFoundation.build/Debug-iphonesimulator/DTFoundation.build/Objects-normal/arm64/DTBlockFunctions.d --serialize-diagnostics /Users/aadityasingh/Library/Developer/Xcode/DerivedData/Chatlio-erkyzdeecsohoaggpwbjdvavzqfv/Build/Intermediates.noindex/DTFoundation.build/Debug-iphonesimulator/DTFoundation.build/Objects-normal/arm64/DTBlockFunctions.dia -c /Users/aadityasingh/Library/Developer/Xcode/DerivedData/Chatlio-erkyzdeecsohoaggpwbjdvavzqfv/SourcePackages/checkouts/DTFoundation/Core/Source/DTBlockFunctions.m -o /Users/aadityasingh/Library/Developer/Xcode/DerivedData/Chatlio-erkyzdeecsohoaggpwbjdvavzqfv/Build/Intermediates.noindex/DTFoundation.build/Debug-iphonesimulator/DTFoundation.build/Objects-normal/arm64/DTBlockFunctions.o -index-unit-output-path /DTFoundation.build/Debug-iphonesimulator/DTFoundation.build/Objects-normal/arm64/DTBlockFunctions.o

ScanDependencies /Users/aadityasingh/Library/Developer/Xcode/DerivedData/Chatlio-erkyzdeecsohoaggpwbjdvavzqfv/Build/Intermediates.noindex/DTFoundation.build/Debug-iphonesimulator/DTFoundation.build/Objects-normal/arm64/DTBase64Coding.o /Users/aadityasingh/Library/Developer/Xcode/DerivedData/Chatlio-erkyzdeecsohoaggpwbjdvavzqfv/SourcePackages/checkouts/DTFoundation/Core/Source/DTBase64Coding.m normal arm64 objective-c com.apple.compilers.llvm.clang.1_0.compiler (in target 'DTFoundation' from project 'DTFoundation')
    cd /Users/aadityasingh/Documents/Development/element-x-ios/Chatlio.xcodeproj
    
    Using response file: /Users/aadityasingh/Library/Developer/Xcode/DerivedData/Chatlio-erkyzdeecsohoaggpwbjdvavzqfv/Build/Intermediates.noindex/DTFoundation.build/Debug-iphonesimulator/DTFoundation.build/Objects-normal/arm64/e6072d4f65d7061329687fe24e3d63a7-common-args.resp
    
    builtin-ScanDependencies -o /Users/aadityasingh/Library/Developer/Xcode/DerivedData/Chatlio-erkyzdeecsohoaggpwbjdvavzqfv/Build/Intermediates.noindex/DTFoundation.build/Debug-iphonesimulator/DTFoundation.build/Objects-normal/arm64/DTBase64Coding.o.scan -- /Applications/Xcode.app/Contents/Developer/Toolchains/XcodeDefault.xctoolchain/usr/bin/clang -x objective-c -ivfsstatcache /Users/aadityasingh/Library/Developer/Xcode/DerivedData/SDKStatCaches.noindex/iphonesimulator26.4-23E252-686eebb5dc1d8ecb277353a59184f4aa.sdkstatcache -target arm64-apple-ios12.0-simulator -fmessage-length\=0 -fdiagnostics-show-note-include-stack -fmacro-backtrace-limit\=0 -fno-color-diagnostics -fmodules-prune-interval\=86400 -fmodules-prune-after\=345600 -fbuild-session-file\=/Users/aadityasingh/Library/Developer/Xcode/DerivedData/ModuleCache.noindex/Session.modulevalidation -fmodules-validate-once-per-build-session -Wnon-modular-include-in-framework-module -Werror\=non-modular-include-in-framework-module -Wno-trigraphs -Wno-missing-field-initializers -Wno-missing-prototypes -Wno-return-type -Wno-implicit-atomic-properties -Wno-objc-interface-ivars -Wno-arc-repeated-use-of-weak -Wno-missing-braces -Wparentheses -Wswitch -Wno-unused-function -Wno-unused-label -Wno-unused-parameter -Wno-unused-variable -Wunused-value -Wno-empty-body -Wno-uninitialized -Wno-unknown-pragmas -w -Wno-shadow -Wno-four-char-constants -Wno-conversion -Wno-constant-conversion -Wno-int-conversion -Wno-bool-conversion -Wno-enum-conversion -Wno-float-conversion -Wno-non-literal-null-conversion -Wno-objc-literal-conversion -Wshorten-64-to-32 -Wpointer-sign -Wno-newline-eof -Wno-selector -Wno-strict-selector-match -Wno-undeclared-selector -Wno-deprecated-implementations -Wno-implicit-fallthrough -isysroot /Applications/Xcode.app/Contents/Developer/Platforms/iPhoneSimulator.platform/Developer/SDKs/iPhoneSimulator26.4.sdk -fstrict-aliasing -Wprotocol -Wdeprecated-declarations -Wno-sign-conversion -Wno-infinite-recursion -Wno-comma -Wno-block-capture-autoreleasing -Wno-strict-prototypes -Wno-semicolon-before-method-body -index-store-path /Users/aadityasingh/Library/Developer/Xcode/DerivedData/Chatlio-erkyzdeecsohoaggpwbjdvavzqfv/Index.noindex/DataStore @/Users/aadityasingh/Library/Developer/Xcode/DerivedData/Chatlio-erkyzdeecsohoaggpwbjdvavzqfv/Build/Intermediates.noindex/DTFoundation.build/Debug-iphonesimulator/DTFoundation.build/Objects-normal/arm64/e6072d4f65d7061329687fe24e3d63a7-common-args.resp -MMD -MT dependencies -MF /Users/aadityasingh/Library/Developer/Xcode/DerivedData/Chatlio-erkyzdeecsohoaggpwbjdvavzqfv/Build/Intermediates.noindex/DTFoundation.build/Debug-iphonesimulator/DTFoundation.build/Objects-normal/arm64/DTBase64Coding.d --serialize-diagnostics /Users/aadityasingh/Library/Developer/Xcode/DerivedData/Chatlio-erkyzdeecsohoaggpwbjdvavzqfv/Build/Intermediates.noindex/DTFoundation.build/Debug-iphonesimulator/DTFoundation.build/Objects-normal/arm64/DTBase64Coding.dia -c /Users/aadityasingh/Library/Developer/Xcode/DerivedData/Chatlio-erkyzdeecsohoaggpwbjdvavzqfv/SourcePackages/checkouts/DTFoundation/Core/Source/DTBase64Coding.m -o /Users/aadityasingh/Library/Developer/Xcode/DerivedData/Chatlio-erkyzdeecsohoaggpwbjdvavzqfv/Build/Intermediates.noindex/DTFoundation.build/Debug-iphonesimulator/DTFoundation.build/Objects-normal/arm64/DTBase64Coding.o -index-unit-output-path /DTFoundation.build/Debug-iphonesimulator/DTFoundation.build/Objects-normal/arm64/DTBase64Coding.o

ScanDependencies /Users/aadityasingh/Library/Developer/Xcode/DerivedData/Chatlio-erkyzdeecsohoaggpwbjdvavzqfv/Build/Intermediates.noindex/DTFoundation.build/Debug-iphonesimulator/DTFoundation.build/Objects-normal/arm64/DTAsyncFileDeleter.o /Users/aadityasingh/Library/Developer/Xcode/DerivedData/Chatlio-erkyzdeecsohoaggpwbjdvavzqfv/SourcePackages/checkouts/DTFoundation/Core/Source/DTAsyncFileDeleter/DTAsyncFileDeleter.m normal arm64 objective-c com.apple.compilers.llvm.clang.1_0.compiler (in target 'DTFoundation' from project 'DTFoundation')
    cd /Users/aadityasingh/Documents/Development/element-x-ios/Chatlio.xcodeproj
    
    Using response file: /Users/aadityasingh/Library/Developer/Xcode/DerivedData/Chatlio-erkyzdeecsohoaggpwbjdvavzqfv/Build/Intermediates.noindex/DTFoundation.build/Debug-iphonesimulator/DTFoundation.build/Objects-normal/arm64/e6072d4f65d7061329687fe24e3d63a7-common-args.resp
    
    builtin-ScanDependencies -o /Users/aadityasingh/Library/Developer/Xcode/DerivedData/Chatlio-erkyzdeecsohoaggpwbjdvavzqfv/Build/Intermediates.noindex/DTFoundation.build/Debug-iphonesimulator/DTFoundation.build/Objects-normal/arm64/DTAsyncFileDeleter.o.scan -- /Applications/Xcode.app/Contents/Developer/Toolchains/XcodeDefault.xctoolchain/usr/bin/clang -x objective-c -ivfsstatcache /Users/aadityasingh/Library/Developer/Xcode/DerivedData/SDKStatCaches.noindex/iphonesimulator26.4-23E252-686eebb5dc1d8ecb277353a59184f4aa.sdkstatcache -target arm64-apple-ios12.0-simulator -fmessage-length\=0 -fdiagnostics-show-note-include-stack -fmacro-backtrace-limit\=0 -fno-color-diagnostics -fmodules-prune-interval\=86400 -fmodules-prune-after\=345600 -fbuild-session-file\=/Users/aadityasingh/Library/Developer/Xcode/DerivedData/ModuleCache.noindex/Session.modulevalidation -fmodules-validate-once-per-build-session -Wnon-modular-include-in-framework-module -Werror\=non-modular-include-in-framework-module -Wno-trigraphs -Wno-missing-field-initializers -Wno-missing-prototypes -Wno-return-type -Wno-implicit-atomic-properties -Wno-objc-interface-ivars -Wno-arc-repeated-use-of-weak -Wno-missing-braces -Wparentheses -Wswitch -Wno-unused-function -Wno-unused-label -Wno-unused-parameter -Wno-unused-variable -Wunused-value -Wno-empty-body -Wno-uninitialized -Wno-unknown-pragmas -w -Wno-shadow -Wno-four-char-constants -Wno-conversion -Wno-constant-conversion -Wno-int-conversion -Wno-bool-conversion -Wno-enum-conversion -Wno-float-conversion -Wno-non-literal-null-conversion -Wno-objc-literal-conversion -Wshorten-64-to-32 -Wpointer-sign -Wno-newline-eof -Wno-selector -Wno-strict-selector-match -Wno-undeclared-selector -Wno-deprecated-implementations -Wno-implicit-fallthrough -isysroot /Applications/Xcode.app/Contents/Developer/Platforms/iPhoneSimulator.platform/Developer/SDKs/iPhoneSimulator26.4.sdk -fstrict-aliasing -Wprotocol -Wdeprecated-declarations -Wno-sign-conversion -Wno-infinite-recursion -Wno-comma -Wno-block-capture-autoreleasing -Wno-strict-prototypes -Wno-semicolon-before-method-body -index-store-path /Users/aadityasingh/Library/Developer/Xcode/DerivedData/Chatlio-erkyzdeecsohoaggpwbjdvavzqfv/Index.noindex/DataStore @/Users/aadityasingh/Library/Developer/Xcode/DerivedData/Chatlio-erkyzdeecsohoaggpwbjdvavzqfv/Build/Intermediates.noindex/DTFoundation.build/Debug-iphonesimulator/DTFoundation.build/Objects-normal/arm64/e6072d4f65d7061329687fe24e3d63a7-common-args.resp -MMD -MT dependencies -MF /Users/aadityasingh/Library/Developer/Xcode/DerivedData/Chatlio-erkyzdeecsohoaggpwbjdvavzqfv/Build/Intermediates.noindex/DTFoundation.build/Debug-iphonesimulator/DTFoundation.build/Objects-normal/arm64/DTAsyncFileDeleter.d --serialize-diagnostics /Users/aadityasingh/Library/Developer/Xcode/DerivedData/Chatlio-erkyzdeecsohoaggpwbjdvavzqfv/Build/Intermediates.noindex/DTFoundation.build/Debug-iphonesimulator/DTFoundation.build/Objects-normal/arm64/DTAsyncFileDeleter.dia -c /Users/aadityasingh/Library/Developer/Xcode/DerivedData/Chatlio-erkyzdeecsohoaggpwbjdvavzqfv/SourcePackages/checkouts/DTFoundation/Core/Source/DTAsyncFileDeleter/DTAsyncFileDeleter.m -o /Users/aadityasingh/Library/Developer/Xcode/DerivedData/Chatlio-erkyzdeecsohoaggpwbjdvavzqfv/Build/Intermediates.noindex/DTFoundation.build/Debug-iphonesimulator/DTFoundation.build/Objects-normal/arm64/DTAsyncFileDeleter.o -index-unit-output-path /DTFoundation.build/Debug-iphonesimulator/DTFoundation.build/Objects-normal/arm64/DTAsyncFileDeleter.o

PrecompileModule /Users/aadityasingh/Library/Developer/Xcode/DerivedData/Chatlio-erkyzdeecsohoaggpwbjdvavzqfv/Build/Intermediates.noindex/ExplicitPrecompiledModules/libxml2-AGDXLEW7EXVQS5UKATJM1LPZK.scan
    cd /
    builtin-precompileModule /Users/aadityasingh/Library/Developer/Xcode/DerivedData/Chatlio-erkyzdeecsohoaggpwbjdvavzqfv/Build/Intermediates.noindex/ExplicitPrecompiledModules/libxml2-AGDXLEW7EXVQS5UKATJM1LPZK.scan

ScanDependencies /Users/aadityasingh/Library/Developer/Xcode/DerivedData/Chatlio-erkyzdeecsohoaggpwbjdvavzqfv/Build/Intermediates.noindex/DTFoundation.build/Debug-iphonesimulator/DTFoundation.build/Objects-normal/arm64/DTAnimatedGIF.o /Users/aadityasingh/Library/Developer/Xcode/DerivedData/Chatlio-erkyzdeecsohoaggpwbjdvavzqfv/SourcePackages/checkouts/DTFoundation/Core/Source/iOS/DTAnimatedGIF/DTAnimatedGIF.m normal arm64 objective-c com.apple.compilers.llvm.clang.1_0.compiler (in target 'DTFoundation' from project 'DTFoundation')
    cd /Users/aadityasingh/Documents/Development/element-x-ios/Chatlio.xcodeproj
    
    Using response file: /Users/aadityasingh/Library/Developer/Xcode/DerivedData/Chatlio-erkyzdeecsohoaggpwbjdvavzqfv/Build/Intermediates.noindex/DTFoundation.build/Debug-iphonesimulator/DTFoundation.build/Objects-normal/arm64/e6072d4f65d7061329687fe24e3d63a7-common-args.resp
    
    builtin-ScanDependencies -o /Users/aadityasingh/Library/Developer/Xcode/DerivedData/Chatlio-erkyzdeecsohoaggpwbjdvavzqfv/Build/Intermediates.noindex/DTFoundation.build/Debug-iphonesimulator/DTFoundation.build/Objects-normal/arm64/DTAnimatedGIF.o.scan -- /Applications/Xcode.app/Contents/Developer/Toolchains/XcodeDefault.xctoolchain/usr/bin/clang -x objective-c -ivfsstatcache /Users/aadityasingh/Library/Developer/Xcode/DerivedData/SDKStatCaches.noindex/iphonesimulator26.4-23E252-686eebb5dc1d8ecb277353a59184f4aa.sdkstatcache -target arm64-apple-ios12.0-simulator -fmessage-length\=0 -fdiagnostics-show-note-include-stack -fmacro-backtrace-limit\=0 -fno-color-diagnostics -fmodules-prune-interval\=86400 -fmodules-prune-after\=345600 -fbuild-session-file\=/Users/aadityasingh/Library/Developer/Xcode/DerivedData/ModuleCache.noindex/Session.modulevalidation -fmodules-validate-once-per-build-session -Wnon-modular-include-in-framework-module -Werror\=non-modular-include-in-framework-module -Wno-trigraphs -Wno-missing-field-initializers -Wno-missing-prototypes -Wno-return-type -Wno-implicit-atomic-properties -Wno-objc-interface-ivars -Wno-arc-repeated-use-of-weak -Wno-missing-braces -Wparentheses -Wswitch -Wno-unused-function -Wno-unused-label -Wno-unused-parameter -Wno-unused-variable -Wunused-value -Wno-empty-body -Wno-uninitialized -Wno-unknown-pragmas -w -Wno-shadow -Wno-four-char-constants -Wno-conversion -Wno-constant-conversion -Wno-int-conversion -Wno-bool-conversion -Wno-enum-conversion -Wno-float-conversion -Wno-non-literal-null-conversion -Wno-objc-literal-conversion -Wshorten-64-to-32 -Wpointer-sign -Wno-newline-eof -Wno-selector -Wno-strict-selector-match -Wno-undeclared-selector -Wno-deprecated-implementations -Wno-implicit-fallthrough -isysroot /Applications/Xcode.app/Contents/Developer/Platforms/iPhoneSimulator.platform/Developer/SDKs/iPhoneSimulator26.4.sdk -fstrict-aliasing -Wprotocol -Wdeprecated-declarations -Wno-sign-conversion -Wno-infinite-recursion -Wno-comma -Wno-block-capture-autoreleasing -Wno-strict-prototypes -Wno-semicolon-before-method-body -index-store-path /Users/aadityasingh/Library/Developer/Xcode/DerivedData/Chatlio-erkyzdeecsohoaggpwbjdvavzqfv/Index.noindex/DataStore @/Users/aadityasingh/Library/Developer/Xcode/DerivedData/Chatlio-erkyzdeecsohoaggpwbjdvavzqfv/Build/Intermediates.noindex/DTFoundation.build/Debug-iphonesimulator/DTFoundation.build/Objects-normal/arm64/e6072d4f65d7061329687fe24e3d63a7-common-args.resp -MMD -MT dependencies -MF /Users/aadityasingh/Library/Developer/Xcode/DerivedData/Chatlio-erkyzdeecsohoaggpwbjdvavzqfv/Build/Intermediates.noindex/DTFoundation.build/Debug-iphonesimulator/DTFoundation.build/Objects-normal/arm64/DTAnimatedGIF.d --serialize-diagnostics /Users/aadityasingh/Library/Developer/Xcode/DerivedData/Chatlio-erkyzdeecsohoaggpwbjdvavzqfv/Build/Intermediates.noindex/DTFoundation.build/Debug-iphonesimulator/DTFoundation.build/Objects-normal/arm64/DTAnimatedGIF.dia -c /Users/aadityasingh/Library/Developer/Xcode/DerivedData/Chatlio-erkyzdeecsohoaggpwbjdvavzqfv/SourcePackages/checkouts/DTFoundation/Core/Source/iOS/DTAnimatedGIF/DTAnimatedGIF.m -o /Users/aadityasingh/Library/Developer/Xcode/DerivedData/Chatlio-erkyzdeecsohoaggpwbjdvavzqfv/Build/Intermediates.noindex/DTFoundation.build/Debug-iphonesimulator/DTFoundation.build/Objects-normal/arm64/DTAnimatedGIF.o -index-unit-output-path /DTFoundation.build/Debug-iphonesimulator/DTFoundation.build/Objects-normal/arm64/DTAnimatedGIF.o

ScanDependencies /Users/aadityasingh/Library/Developer/Xcode/DerivedData/Chatlio-erkyzdeecsohoaggpwbjdvavzqfv/Build/Intermediates.noindex/DTFoundation.build/Debug-iphonesimulator/DTFoundation.build/Objects-normal/arm64/DTAlertView.o /Users/aadityasingh/Library/Developer/Xcode/DerivedData/Chatlio-erkyzdeecsohoaggpwbjdvavzqfv/SourcePackages/checkouts/DTFoundation/Core/Source/iOS/BlocksAdditions/DTAlertView.m normal arm64 objective-c com.apple.compilers.llvm.clang.1_0.compiler (in target 'DTFoundation' from project 'DTFoundation')
    cd /Users/aadityasingh/Documents/Development/element-x-ios/Chatlio.xcodeproj
    
    Using response file: /Users/aadityasingh/Library/Developer/Xcode/DerivedData/Chatlio-erkyzdeecsohoaggpwbjdvavzqfv/Build/Intermediates.noindex/DTFoundation.build/Debug-iphonesimulator/DTFoundation.build/Objects-normal/arm64/e6072d4f65d7061329687fe24e3d63a7-common-args.resp
    
    builtin-ScanDependencies -o /Users/aadityasingh/Library/Developer/Xcode/DerivedData/Chatlio-erkyzdeecsohoaggpwbjdvavzqfv/Build/Intermediates.noindex/DTFoundation.build/Debug-iphonesimulator/DTFoundation.build/Objects-normal/arm64/DTAlertView.o.scan -- /Applications/Xcode.app/Contents/Developer/Toolchains/XcodeDefault.xctoolchain/usr/bin/clang -x objective-c -ivfsstatcache /Users/aadityasingh/Library/Developer/Xcode/DerivedData/SDKStatCaches.noindex/iphonesimulator26.4-23E252-686eebb5dc1d8ecb277353a59184f4aa.sdkstatcache -target arm64-apple-ios12.0-simulator -fmessage-length\=0 -fdiagnostics-show-note-include-stack -fmacro-backtrace-limit\=0 -fno-color-diagnostics -fmodules-prune-interval\=86400 -fmodules-prune-after\=345600 -fbuild-session-file\=/Users/aadityasingh/Library/Developer/Xcode/DerivedData/ModuleCache.noindex/Session.modulevalidation -fmodules-validate-once-per-build-session -Wnon-modular-include-in-framework-module -Werror\=non-modular-include-in-framework-module -Wno-trigraphs -Wno-missing-field-initializers -Wno-missing-prototypes -Wno-return-type -Wno-implicit-atomic-properties -Wno-objc-interface-ivars -Wno-arc-repeated-use-of-weak -Wno-missing-braces -Wparentheses -Wswitch -Wno-unused-function -Wno-unused-label -Wno-unused-parameter -Wno-unused-variable -Wunused-value -Wno-empty-body -Wno-uninitialized -Wno-unknown-pragmas -w -Wno-shadow -Wno-four-char-constants -Wno-conversion -Wno-constant-conversion -Wno-int-conversion -Wno-bool-conversion -Wno-enum-conversion -Wno-float-conversion -Wno-non-literal-null-conversion -Wno-objc-literal-conversion -Wshorten-64-to-32 -Wpointer-sign -Wno-newline-eof -Wno-selector -Wno-strict-selector-match -Wno-undeclared-selector -Wno-deprecated-implementations -Wno-implicit-fallthrough -isysroot /Applications/Xcode.app/Contents/Developer/Platforms/iPhoneSimulator.platform/Developer/SDKs/iPhoneSimulator26.4.sdk -fstrict-aliasing -Wprotocol -Wdeprecated-declarations -Wno-sign-conversion -Wno-infinite-recursion -Wno-comma -Wno-block-capture-autoreleasing -Wno-strict-prototypes -Wno-semicolon-before-method-body -index-store-path /Users/aadityasingh/Library/Developer/Xcode/DerivedData/Chatlio-erkyzdeecsohoaggpwbjdvavzqfv/Index.noindex/DataStore @/Users/aadityasingh/Library/Developer/Xcode/DerivedData/Chatlio-erkyzdeecsohoaggpwbjdvavzqfv/Build/Intermediates.noindex/DTFoundation.build/Debug-iphonesimulator/DTFoundation.build/Objects-normal/arm64/e6072d4f65d7061329687fe24e3d63a7-common-args.resp -MMD -MT dependencies -MF /Users/aadityasingh/Library/Developer/Xcode/DerivedData/Chatlio-erkyzdeecsohoaggpwbjdvavzqfv/Build/Intermediates.noindex/DTFoundation.build/Debug-iphonesimulator/DTFoundation.build/Objects-normal/arm64/DTAlertView.d --serialize-diagnostics /Users/aadityasingh/Library/Developer/Xcode/DerivedData/Chatlio-erkyzdeecsohoaggpwbjdvavzqfv/Build/Intermediates.noindex/DTFoundation.build/Debug-iphonesimulator/DTFoundation.build/Objects-normal/arm64/DTAlertView.dia -c /Users/aadityasingh/Library/Developer/Xcode/DerivedData/Chatlio-erkyzdeecsohoaggpwbjdvavzqfv/SourcePackages/checkouts/DTFoundation/Core/Source/iOS/BlocksAdditions/DTAlertView.m -o /Users/aadityasingh/Library/Developer/Xcode/DerivedData/Chatlio-erkyzdeecsohoaggpwbjdvavzqfv/Build/Intermediates.noindex/DTFoundation.build/Debug-iphonesimulator/DTFoundation.build/Objects-normal/arm64/DTAlertView.o -index-unit-output-path /DTFoundation.build/Debug-iphonesimulator/DTFoundation.build/Objects-normal/arm64/DTAlertView.o

ScanDependencies /Users/aadityasingh/Library/Developer/Xcode/DerivedData/Chatlio-erkyzdeecsohoaggpwbjdvavzqfv/Build/Intermediates.noindex/DTFoundation.build/Debug-iphonesimulator/DTFoundation.build/Objects-normal/arm64/DTActivityTitleView.o /Users/aadityasingh/Library/Developer/Xcode/DerivedData/Chatlio-erkyzdeecsohoaggpwbjdvavzqfv/SourcePackages/checkouts/DTFoundation/Core/Source/iOS/DTActivityTitleView.m normal arm64 objective-c com.apple.compilers.llvm.clang.1_0.compiler (in target 'DTFoundation' from project 'DTFoundation')
    cd /Users/aadityasingh/Documents/Development/element-x-ios/Chatlio.xcodeproj
    
    Using response file: /Users/aadityasingh/Library/Developer/Xcode/DerivedData/Chatlio-erkyzdeecsohoaggpwbjdvavzqfv/Build/Intermediates.noindex/DTFoundation.build/Debug-iphonesimulator/DTFoundation.build/Objects-normal/arm64/e6072d4f65d7061329687fe24e3d63a7-common-args.resp
    
    builtin-ScanDependencies -o /Users/aadityasingh/Library/Developer/Xcode/DerivedData/Chatlio-erkyzdeecsohoaggpwbjdvavzqfv/Build/Intermediates.noindex/DTFoundation.build/Debug-iphonesimulator/DTFoundation.build/Objects-normal/arm64/DTActivityTitleView.o.scan -- /Applications/Xcode.app/Contents/Developer/Toolchains/XcodeDefault.xctoolchain/usr/bin/clang -x objective-c -ivfsstatcache /Users/aadityasingh/Library/Developer/Xcode/DerivedData/SDKStatCaches.noindex/iphonesimulator26.4-23E252-686eebb5dc1d8ecb277353a59184f4aa.sdkstatcache -target arm64-apple-ios12.0-simulator -fmessage-length\=0 -fdiagnostics-show-note-include-stack -fmacro-backtrace-limit\=0 -fno-color-diagnostics -fmodules-prune-interval\=86400 -fmodules-prune-after\=345600 -fbuild-session-file\=/Users/aadityasingh/Library/Developer/Xcode/DerivedData/ModuleCache.noindex/Session.modulevalidation -fmodules-validate-once-per-build-session -Wnon-modular-include-in-framework-module -Werror\=non-modular-include-in-framework-module -Wno-trigraphs -Wno-missing-field-initializers -Wno-missing-prototypes -Wno-return-type -Wno-implicit-atomic-properties -Wno-objc-interface-ivars -Wno-arc-repeated-use-of-weak -Wno-missing-braces -Wparentheses -Wswitch -Wno-unused-function -Wno-unused-label -Wno-unused-parameter -Wno-unused-variable -Wunused-value -Wno-empty-body -Wno-uninitialized -Wno-unknown-pragmas -w -Wno-shadow -Wno-four-char-constants -Wno-conversion -Wno-constant-conversion -Wno-int-conversion -Wno-bool-conversion -Wno-enum-conversion -Wno-float-conversion -Wno-non-literal-null-conversion -Wno-objc-literal-conversion -Wshorten-64-to-32 -Wpointer-sign -Wno-newline-eof -Wno-selector -Wno-strict-selector-match -Wno-undeclared-selector -Wno-deprecated-implementations -Wno-implicit-fallthrough -isysroot /Applications/Xcode.app/Contents/Developer/Platforms/iPhoneSimulator.platform/Developer/SDKs/iPhoneSimulator26.4.sdk -fstrict-aliasing -Wprotocol -Wdeprecated-declarations -Wno-sign-conversion -Wno-infinite-recursion -Wno-comma -Wno-block-capture-autoreleasing -Wno-strict-prototypes -Wno-semicolon-before-method-body -index-store-path /Users/aadityasingh/Library/Developer/Xcode/DerivedData/Chatlio-erkyzdeecsohoaggpwbjdvavzqfv/Index.noindex/DataStore @/Users/aadityasingh/Library/Developer/Xcode/DerivedData/Chatlio-erkyzdeecsohoaggpwbjdvavzqfv/Build/Intermediates.noindex/DTFoundation.build/Debug-iphonesimulator/DTFoundation.build/Objects-normal/arm64/e6072d4f65d7061329687fe24e3d63a7-common-args.resp -MMD -MT dependencies -MF /Users/aadityasingh/Library/Developer/Xcode/DerivedData/Chatlio-erkyzdeecsohoaggpwbjdvavzqfv/Build/Intermediates.noindex/DTFoundation.build/Debug-iphonesimulator/DTFoundation.build/Objects-normal/arm64/DTActivityTitleView.d --serialize-diagnostics /Users/aadityasingh/Library/Developer/Xcode/DerivedData/Chatlio-erkyzdeecsohoaggpwbjdvavzqfv/Build/Intermediates.noindex/DTFoundation.build/Debug-iphonesimulator/DTFoundation.build/Objects-normal/arm64/DTActivityTitleView.dia -c /Users/aadityasingh/Library/Developer/Xcode/DerivedData/Chatlio-erkyzdeecsohoaggpwbjdvavzqfv/SourcePackages/checkouts/DTFoundation/Core/Source/iOS/DTActivityTitleView.m -o /Users/aadityasingh/Library/Developer/Xcode/DerivedData/Chatlio-erkyzdeecsohoaggpwbjdvavzqfv/Build/Intermediates.noindex/DTFoundation.build/Debug-iphonesimulator/DTFoundation.build/Objects-normal/arm64/DTActivityTitleView.o -index-unit-output-path /DTFoundation.build/Debug-iphonesimulator/DTFoundation.build/Objects-normal/arm64/DTActivityTitleView.o

ScanDependencies /Users/aadityasingh/Library/Developer/Xcode/DerivedData/Chatlio-erkyzdeecsohoaggpwbjdvavzqfv/Build/Intermediates.noindex/DTFoundation.build/Debug-iphonesimulator/DTFoundation.build/Objects-normal/arm64/DTActionSheet.o /Users/aadityasingh/Library/Developer/Xcode/DerivedData/Chatlio-erkyzdeecsohoaggpwbjdvavzqfv/SourcePackages/checkouts/DTFoundation/Core/Source/iOS/BlocksAdditions/DTActionSheet.m normal arm64 objective-c com.apple.compilers.llvm.clang.1_0.compiler (in target 'DTFoundation' from project 'DTFoundation')
    cd /Users/aadityasingh/Documents/Development/element-x-ios/Chatlio.xcodeproj
    
    Using response file: /Users/aadityasingh/Library/Developer/Xcode/DerivedData/Chatlio-erkyzdeecsohoaggpwbjdvavzqfv/Build/Intermediates.noindex/DTFoundation.build/Debug-iphonesimulator/DTFoundation.build/Objects-normal/arm64/e6072d4f65d7061329687fe24e3d63a7-common-args.resp
    
    builtin-ScanDependencies -o /Users/aadityasingh/Library/Developer/Xcode/DerivedData/Chatlio-erkyzdeecsohoaggpwbjdvavzqfv/Build/Intermediates.noindex/DTFoundation.build/Debug-iphonesimulator/DTFoundation.build/Objects-normal/arm64/DTActionSheet.o.scan -- /Applications/Xcode.app/Contents/Developer/Toolchains/XcodeDefault.xctoolchain/usr/bin/clang -x objective-c -ivfsstatcache /Users/aadityasingh/Library/Developer/Xcode/DerivedData/SDKStatCaches.noindex/iphonesimulator26.4-23E252-686eebb5dc1d8ecb277353a59184f4aa.sdkstatcache -target arm64-apple-ios12.0-simulator -fmessage-length\=0 -fdiagnostics-show-note-include-stack -fmacro-backtrace-limit\=0 -fno-color-diagnostics -fmodules-prune-interval\=86400 -fmodules-prune-after\=345600 -fbuild-session-file\=/Users/aadityasingh/Library/Developer/Xcode/DerivedData/ModuleCache.noindex/Session.modulevalidation -fmodules-validate-once-per-build-session -Wnon-modular-include-in-framework-module -Werror\=non-modular-include-in-framework-module -Wno-trigraphs -Wno-missing-field-initializers -Wno-missing-prototypes -Wno-return-type -Wno-implicit-atomic-properties -Wno-objc-interface-ivars -Wno-arc-repeated-use-of-weak -Wno-missing-braces -Wparentheses -Wswitch -Wno-unused-function -Wno-unused-label -Wno-unused-parameter -Wno-unused-variable -Wunused-value -Wno-empty-body -Wno-uninitialized -Wno-unknown-pragmas -w -Wno-shadow -Wno-four-char-constants -Wno-conversion -Wno-constant-conversion -Wno-int-conversion -Wno-bool-conversion -Wno-enum-conversion -Wno-float-conversion -Wno-non-literal-null-conversion -Wno-objc-literal-conversion -Wshorten-64-to-32 -Wpointer-sign -Wno-newline-eof -Wno-selector -Wno-strict-selector-match -Wno-undeclared-selector -Wno-deprecated-implementations -Wno-implicit-fallthrough -isysroot /Applications/Xcode.app/Contents/Developer/Platforms/iPhoneSimulator.platform/Developer/SDKs/iPhoneSimulator26.4.sdk -fstrict-aliasing -Wprotocol -Wdeprecated-declarations -Wno-sign-conversion -Wno-infinite-recursion -Wno-comma -Wno-block-capture-autoreleasing -Wno-strict-prototypes -Wno-semicolon-before-method-body -index-store-path /Users/aadityasingh/Library/Developer/Xcode/DerivedData/Chatlio-erkyzdeecsohoaggpwbjdvavzqfv/Index.noindex/DataStore @/Users/aadityasingh/Library/Developer/Xcode/DerivedData/Chatlio-erkyzdeecsohoaggpwbjdvavzqfv/Build/Intermediates.noindex/DTFoundation.build/Debug-iphonesimulator/DTFoundation.build/Objects-normal/arm64/e6072d4f65d7061329687fe24e3d63a7-common-args.resp -MMD -MT dependencies -MF /Users/aadityasingh/Library/Developer/Xcode/DerivedData/Chatlio-erkyzdeecsohoaggpwbjdvavzqfv/Build/Intermediates.noindex/DTFoundation.build/Debug-iphonesimulator/DTFoundation.build/Objects-normal/arm64/DTActionSheet.d --serialize-diagnostics /Users/aadityasingh/Library/Developer/Xcode/DerivedData/Chatlio-erkyzdeecsohoaggpwbjdvavzqfv/Build/Intermediates.noindex/DTFoundation.build/Debug-iphonesimulator/DTFoundation.build/Objects-normal/arm64/DTActionSheet.dia -c /Users/aadityasingh/Library/Developer/Xcode/DerivedData/Chatlio-erkyzdeecsohoaggpwbjdvavzqfv/SourcePackages/checkouts/DTFoundation/Core/Source/iOS/BlocksAdditions/DTActionSheet.m -o /Users/aadityasingh/Library/Developer/Xcode/DerivedData/Chatlio-erkyzdeecsohoaggpwbjdvavzqfv/Build/Intermediates.noindex/DTFoundation.build/Debug-iphonesimulator/DTFoundation.build/Objects-normal/arm64/DTActionSheet.o -index-unit-output-path /DTFoundation.build/Debug-iphonesimulator/DTFoundation.build/Objects-normal/arm64/DTActionSheet.o

PrecompileModule /Users/aadityasingh/Library/Developer/Xcode/DerivedData/Chatlio-erkyzdeecsohoaggpwbjdvavzqfv/Build/Intermediates.noindex/ExplicitPrecompiledModules/Darwin-DMXBIGWPA250CSVAHILVRFPBC.scan
    cd /
    builtin-precompileModule /Users/aadityasingh/Library/Developer/Xcode/DerivedData/Chatlio-erkyzdeecsohoaggpwbjdvavzqfv/Build/Intermediates.noindex/ExplicitPrecompiledModules/Darwin-DMXBIGWPA250CSVAHILVRFPBC.scan

ScanDependencies /Users/aadityasingh/Library/Developer/Xcode/DerivedData/Chatlio-erkyzdeecsohoaggpwbjdvavzqfv/Build/Intermediates.noindex/DTFoundation.build/Debug-iphonesimulator/DTFoundation.build/Objects-normal/arm64/DTASN1Serialization.o /Users/aadityasingh/Library/Developer/Xcode/DerivedData/Chatlio-erkyzdeecsohoaggpwbjdvavzqfv/SourcePackages/checkouts/DTFoundation/Core/Source/DTASN1/DTASN1Serialization.m normal arm64 objective-c com.apple.compilers.llvm.clang.1_0.compiler (in target 'DTFoundation' from project 'DTFoundation')
    cd /Users/aadityasingh/Documents/Development/element-x-ios/Chatlio.xcodeproj
    
    Using response file: /Users/aadityasingh/Library/Developer/Xcode/DerivedData/Chatlio-erkyzdeecsohoaggpwbjdvavzqfv/Build/Intermediates.noindex/DTFoundation.build/Debug-iphonesimulator/DTFoundation.build/Objects-normal/arm64/e6072d4f65d7061329687fe24e3d63a7-common-args.resp
    
    builtin-ScanDependencies -o /Users/aadityasingh/Library/Developer/Xcode/DerivedData/Chatlio-erkyzdeecsohoaggpwbjdvavzqfv/Build/Intermediates.noindex/DTFoundation.build/Debug-iphonesimulator/DTFoundation.build/Objects-normal/arm64/DTASN1Serialization.o.scan -- /Applications/Xcode.app/Contents/Developer/Toolchains/XcodeDefault.xctoolchain/usr/bin/clang -x objective-c -ivfsstatcache /Users/aadityasingh/Library/Developer/Xcode/DerivedData/SDKStatCaches.noindex/iphonesimulator26.4-23E252-686eebb5dc1d8ecb277353a59184f4aa.sdkstatcache -target arm64-apple-ios12.0-simulator -fmessage-length\=0 -fdiagnostics-show-note-include-stack -fmacro-backtrace-limit\=0 -fno-color-diagnostics -fmodules-prune-interval\=86400 -fmodules-prune-after\=345600 -fbuild-session-file\=/Users/aadityasingh/Library/Developer/Xcode/DerivedData/ModuleCache.noindex/Session.modulevalidation -fmodules-validate-once-per-build-session -Wnon-modular-include-in-framework-module -Werror\=non-modular-include-in-framework-module -Wno-trigraphs -Wno-missing-field-initializers -Wno-missing-prototypes -Wno-return-type -Wno-implicit-atomic-properties -Wno-objc-interface-ivars -Wno-arc-repeated-use-of-weak -Wno-missing-braces -Wparentheses -Wswitch -Wno-unused-function -Wno-unused-label -Wno-unused-parameter -Wno-unused-variable -Wunused-value -Wno-empty-body -Wno-uninitialized -Wno-unknown-pragmas -w -Wno-shadow -Wno-four-char-constants -Wno-conversion -Wno-constant-conversion -Wno-int-conversion -Wno-bool-conversion -Wno-enum-conversion -Wno-float-conversion -Wno-non-literal-null-conversion -Wno-objc-literal-conversion -Wshorten-64-to-32 -Wpointer-sign -Wno-newline-eof -Wno-selector -Wno-strict-selector-match -Wno-undeclared-selector -Wno-deprecated-implementations -Wno-implicit-fallthrough -isysroot /Applications/Xcode.app/Contents/Developer/Platforms/iPhoneSimulator.platform/Developer/SDKs/iPhoneSimulator26.4.sdk -fstrict-aliasing -Wprotocol -Wdeprecated-declarations -Wno-sign-conversion -Wno-infinite-recursion -Wno-comma -Wno-block-capture-autoreleasing -Wno-strict-prototypes -Wno-semicolon-before-method-body -index-store-path /Users/aadityasingh/Library/Developer/Xcode/DerivedData/Chatlio-erkyzdeecsohoaggpwbjdvavzqfv/Index.noindex/DataStore @/Users/aadityasingh/Library/Developer/Xcode/DerivedData/Chatlio-erkyzdeecsohoaggpwbjdvavzqfv/Build/Intermediates.noindex/DTFoundation.build/Debug-iphonesimulator/DTFoundation.build/Objects-normal/arm64/e6072d4f65d7061329687fe24e3d63a7-common-args.resp -MMD -MT dependencies -MF /Users/aadityasingh/Library/Developer/Xcode/DerivedData/Chatlio-erkyzdeecsohoaggpwbjdvavzqfv/Build/Intermediates.noindex/DTFoundation.build/Debug-iphonesimulator/DTFoundation.build/Objects-normal/arm64/DTASN1Serialization.d --serialize-diagnostics /Users/aadityasingh/Library/Developer/Xcode/DerivedData/Chatlio-erkyzdeecsohoaggpwbjdvavzqfv/Build/Intermediates.noindex/DTFoundation.build/Debug-iphonesimulator/DTFoundation.build/Objects-normal/arm64/DTASN1Serialization.dia -c /Users/aadityasingh/Library/Developer/Xcode/DerivedData/Chatlio-erkyzdeecsohoaggpwbjdvavzqfv/SourcePackages/checkouts/DTFoundation/Core/Source/DTASN1/DTASN1Serialization.m -o /Users/aadityasingh/Library/Developer/Xcode/DerivedData/Chatlio-erkyzdeecsohoaggpwbjdvavzqfv/Build/Intermediates.noindex/DTFoundation.build/Debug-iphonesimulator/DTFoundation.build/Objects-normal/arm64/DTASN1Serialization.o -index-unit-output-path /DTFoundation.build/Debug-iphonesimulator/DTFoundation.build/Objects-normal/arm64/DTASN1Serialization.o

ScanDependencies /Users/aadityasingh/Library/Developer/Xcode/DerivedData/Chatlio-erkyzdeecsohoaggpwbjdvavzqfv/Build/Intermediates.noindex/DTFoundation.build/Debug-iphonesimulator/DTFoundation.build/Objects-normal/arm64/DTASN1Parser.o /Users/aadityasingh/Library/Developer/Xcode/DerivedData/Chatlio-erkyzdeecsohoaggpwbjdvavzqfv/SourcePackages/checkouts/DTFoundation/Core/Source/DTASN1/DTASN1Parser.m normal arm64 objective-c com.apple.compilers.llvm.clang.1_0.compiler (in target 'DTFoundation' from project 'DTFoundation')
    cd /Users/aadityasingh/Documents/Development/element-x-ios/Chatlio.xcodeproj
    
    Using response file: /Users/aadityasingh/Library/Developer/Xcode/DerivedData/Chatlio-erkyzdeecsohoaggpwbjdvavzqfv/Build/Intermediates.noindex/DTFoundation.build/Debug-iphonesimulator/DTFoundation.build/Objects-normal/arm64/e6072d4f65d7061329687fe24e3d63a7-common-args.resp
    
    builtin-ScanDependencies -o /Users/aadityasingh/Library/Developer/Xcode/DerivedData/Chatlio-erkyzdeecsohoaggpwbjdvavzqfv/Build/Intermediates.noindex/DTFoundation.build/Debug-iphonesimulator/DTFoundation.build/Objects-normal/arm64/DTASN1Parser.o.scan -- /Applications/Xcode.app/Contents/Developer/Toolchains/XcodeDefault.xctoolchain/usr/bin/clang -x objective-c -ivfsstatcache /Users/aadityasingh/Library/Developer/Xcode/DerivedData/SDKStatCaches.noindex/iphonesimulator26.4-23E252-686eebb5dc1d8ecb277353a59184f4aa.sdkstatcache -target arm64-apple-ios12.0-simulator -fmessage-length\=0 -fdiagnostics-show-note-include-stack -fmacro-backtrace-limit\=0 -fno-color-diagnostics -fmodules-prune-interval\=86400 -fmodules-prune-after\=345600 -fbuild-session-file\=/Users/aadityasingh/Library/Developer/Xcode/DerivedData/ModuleCache.noindex/Session.modulevalidation -fmodules-validate-once-per-build-session -Wnon-modular-include-in-framework-module -Werror\=non-modular-include-in-framework-module -Wno-trigraphs -Wno-missing-field-initializers -Wno-missing-prototypes -Wno-return-type -Wno-implicit-atomic-properties -Wno-objc-interface-ivars -Wno-arc-repeated-use-of-weak -Wno-missing-braces -Wparentheses -Wswitch -Wno-unused-function -Wno-unused-label -Wno-unused-parameter -Wno-unused-variable -Wunused-value -Wno-empty-body -Wno-uninitialized -Wno-unknown-pragmas -w -Wno-shadow -Wno-four-char-constants -Wno-conversion -Wno-constant-conversion -Wno-int-conversion -Wno-bool-conversion -Wno-enum-conversion -Wno-float-conversion -Wno-non-literal-null-conversion -Wno-objc-literal-conversion -Wshorten-64-to-32 -Wpointer-sign -Wno-newline-eof -Wno-selector -Wno-strict-selector-match -Wno-undeclared-selector -Wno-deprecated-implementations -Wno-implicit-fallthrough -isysroot /Applications/Xcode.app/Contents/Developer/Platforms/iPhoneSimulator.platform/Developer/SDKs/iPhoneSimulator26.4.sdk -fstrict-aliasing -Wprotocol -Wdeprecated-declarations -Wno-sign-conversion -Wno-infinite-recursion -Wno-comma -Wno-block-capture-autoreleasing -Wno-strict-prototypes -Wno-semicolon-before-method-body -index-store-path /Users/aadityasingh/Library/Developer/Xcode/DerivedData/Chatlio-erkyzdeecsohoaggpwbjdvavzqfv/Index.noindex/DataStore @/Users/aadityasingh/Library/Developer/Xcode/DerivedData/Chatlio-erkyzdeecsohoaggpwbjdvavzqfv/Build/Intermediates.noindex/DTFoundation.build/Debug-iphonesimulator/DTFoundation.build/Objects-normal/arm64/e6072d4f65d7061329687fe24e3d63a7-common-args.resp -MMD -MT dependencies -MF /Users/aadityasingh/Library/Developer/Xcode/DerivedData/Chatlio-erkyzdeecsohoaggpwbjdvavzqfv/Build/Intermediates.noindex/DTFoundation.build/Debug-iphonesimulator/DTFoundation.build/Objects-normal/arm64/DTASN1Parser.d --serialize-diagnostics /Users/aadityasingh/Library/Developer/Xcode/DerivedData/Chatlio-erkyzdeecsohoaggpwbjdvavzqfv/Build/Intermediates.noindex/DTFoundation.build/Debug-iphonesimulator/DTFoundation.build/Objects-normal/arm64/DTASN1Parser.dia -c /Users/aadityasingh/Library/Developer/Xcode/DerivedData/Chatlio-erkyzdeecsohoaggpwbjdvavzqfv/SourcePackages/checkouts/DTFoundation/Core/Source/DTASN1/DTASN1Parser.m -o /Users/aadityasingh/Library/Developer/Xcode/DerivedData/Chatlio-erkyzdeecsohoaggpwbjdvavzqfv/Build/Intermediates.noindex/DTFoundation.build/Debug-iphonesimulator/DTFoundation.build/Objects-normal/arm64/DTASN1Parser.o -index-unit-output-path /DTFoundation.build/Debug-iphonesimulator/DTFoundation.build/Objects-normal/arm64/DTASN1Parser.o

ScanDependencies /Users/aadityasingh/Library/Developer/Xcode/DerivedData/Chatlio-erkyzdeecsohoaggpwbjdvavzqfv/Build/Intermediates.noindex/DTFoundation.build/Debug-iphonesimulator/DTFoundation.build/Objects-normal/arm64/DTASN1BitString.o /Users/aadityasingh/Library/Developer/Xcode/DerivedData/Chatlio-erkyzdeecsohoaggpwbjdvavzqfv/SourcePackages/checkouts/DTFoundation/Core/Source/DTASN1/DTASN1BitString.m normal arm64 objective-c com.apple.compilers.llvm.clang.1_0.compiler (in target 'DTFoundation' from project 'DTFoundation')
    cd /Users/aadityasingh/Documents/Development/element-x-ios/Chatlio.xcodeproj
    
    Using response file: /Users/aadityasingh/Library/Developer/Xcode/DerivedData/Chatlio-erkyzdeecsohoaggpwbjdvavzqfv/Build/Intermediates.noindex/DTFoundation.build/Debug-iphonesimulator/DTFoundation.build/Objects-normal/arm64/e6072d4f65d7061329687fe24e3d63a7-common-args.resp
    
    builtin-ScanDependencies -o /Users/aadityasingh/Library/Developer/Xcode/DerivedData/Chatlio-erkyzdeecsohoaggpwbjdvavzqfv/Build/Intermediates.noindex/DTFoundation.build/Debug-iphonesimulator/DTFoundation.build/Objects-normal/arm64/DTASN1BitString.o.scan -- /Applications/Xcode.app/Contents/Developer/Toolchains/XcodeDefault.xctoolchain/usr/bin/clang -x objective-c -ivfsstatcache /Users/aadityasingh/Library/Developer/Xcode/DerivedData/SDKStatCaches.noindex/iphonesimulator26.4-23E252-686eebb5dc1d8ecb277353a59184f4aa.sdkstatcache -target arm64-apple-ios12.0-simulator -fmessage-length\=0 -fdiagnostics-show-note-include-stack -fmacro-backtrace-limit\=0 -fno-color-diagnostics -fmodules-prune-interval\=86400 -fmodules-prune-after\=345600 -fbuild-session-file\=/Users/aadityasingh/Library/Developer/Xcode/DerivedData/ModuleCache.noindex/Session.modulevalidation -fmodules-validate-once-per-build-session -Wnon-modular-include-in-framework-module -Werror\=non-modular-include-in-framework-module -Wno-trigraphs -Wno-missing-field-initializers -Wno-missing-prototypes -Wno-return-type -Wno-implicit-atomic-properties -Wno-objc-interface-ivars -Wno-arc-repeated-use-of-weak -Wno-missing-braces -Wparentheses -Wswitch -Wno-unused-function -Wno-unused-label -Wno-unused-parameter -Wno-unused-variable -Wunused-value -Wno-empty-body -Wno-uninitialized -Wno-unknown-pragmas -w -Wno-shadow -Wno-four-char-constants -Wno-conversion -Wno-constant-conversion -Wno-int-conversion -Wno-bool-conversion -Wno-enum-conversion -Wno-float-conversion -Wno-non-literal-null-conversion -Wno-objc-literal-conversion -Wshorten-64-to-32 -Wpointer-sign -Wno-newline-eof -Wno-selector -Wno-strict-selector-match -Wno-undeclared-selector -Wno-deprecated-implementations -Wno-implicit-fallthrough -isysroot /Applications/Xcode.app/Contents/Developer/Platforms/iPhoneSimulator.platform/Developer/SDKs/iPhoneSimulator26.4.sdk -fstrict-aliasing -Wprotocol -Wdeprecated-declarations -Wno-sign-conversion -Wno-infinite-recursion -Wno-comma -Wno-block-capture-autoreleasing -Wno-strict-prototypes -Wno-semicolon-before-method-body -index-store-path /Users/aadityasingh/Library/Developer/Xcode/DerivedData/Chatlio-erkyzdeecsohoaggpwbjdvavzqfv/Index.noindex/DataStore @/Users/aadityasingh/Library/Developer/Xcode/DerivedData/Chatlio-erkyzdeecsohoaggpwbjdvavzqfv/Build/Intermediates.noindex/DTFoundation.build/Debug-iphonesimulator/DTFoundation.build/Objects-normal/arm64/e6072d4f65d7061329687fe24e3d63a7-common-args.resp -MMD -MT dependencies -MF /Users/aadityasingh/Library/Developer/Xcode/DerivedData/Chatlio-erkyzdeecsohoaggpwbjdvavzqfv/Build/Intermediates.noindex/DTFoundation.build/Debug-iphonesimulator/DTFoundation.build/Objects-normal/arm64/DTASN1BitString.d --serialize-diagnostics /Users/aadityasingh/Library/Developer/Xcode/DerivedData/Chatlio-erkyzdeecsohoaggpwbjdvavzqfv/Build/Intermediates.noindex/DTFoundation.build/Debug-iphonesimulator/DTFoundation.build/Objects-normal/arm64/DTASN1BitString.dia -c /Users/aadityasingh/Library/Developer/Xcode/DerivedData/Chatlio-erkyzdeecsohoaggpwbjdvavzqfv/SourcePackages/checkouts/DTFoundation/Core/Source/DTASN1/DTASN1BitString.m -o /Users/aadityasingh/Library/Developer/Xcode/DerivedData/Chatlio-erkyzdeecsohoaggpwbjdvavzqfv/Build/Intermediates.noindex/DTFoundation.build/Debug-iphonesimulator/DTFoundation.build/Objects-normal/arm64/DTASN1BitString.o -index-unit-output-path /DTFoundation.build/Debug-iphonesimulator/DTFoundation.build/Objects-normal/arm64/DTASN1BitString.o

ProcessInfoPlistFile /Users/aadityasingh/Library/Developer/Xcode/DerivedData/Chatlio-erkyzdeecsohoaggpwbjdvavzqfv/Build/Products/Debug-iphonesimulator/DTCoreText_DTCoreText.bundle/Info.plist /Users/aadityasingh/Library/Developer/Xcode/DerivedData/Chatlio-erkyzdeecsohoaggpwbjdvavzqfv/Build/Intermediates.noindex/DTCoreText.build/Debug-iphonesimulator/DTCoreText_DTCoreText.build/empty-DTCoreText_DTCoreText.plist (in target 'DTCoreText_DTCoreText' from project 'DTCoreText')
    cd /Users/aadityasingh/Library/Developer/Xcode/DerivedData/Chatlio-erkyzdeecsohoaggpwbjdvavzqfv/SourcePackages/checkouts/DTCoreText
    builtin-infoPlistUtility /Users/aadityasingh/Library/Developer/Xcode/DerivedData/Chatlio-erkyzdeecsohoaggpwbjdvavzqfv/Build/Intermediates.noindex/DTCoreText.build/Debug-iphonesimulator/DTCoreText_DTCoreText.build/empty-DTCoreText_DTCoreText.plist -producttype com.apple.product-type.bundle -expandbuildsettings -format binary -platform iphonesimulator -o /Users/aadityasingh/Library/Developer/Xcode/DerivedData/Chatlio-erkyzdeecsohoaggpwbjdvavzqfv/Build/Products/Debug-iphonesimulator/DTCoreText_DTCoreText.bundle/Info.plist

CompileC /Users/aadityasingh/Library/Developer/Xcode/DerivedData/Chatlio-erkyzdeecsohoaggpwbjdvavzqfv/Build/Intermediates.noindex/DTFoundation.build/Debug-iphonesimulator/DTFoundation.build/Objects-normal/x86_64/NSURL+DTUnshorten.o /Users/aadityasingh/Library/Developer/Xcode/DerivedData/Chatlio-erkyzdeecsohoaggpwbjdvavzqfv/SourcePackages/checkouts/DTFoundation/Core/Source/NSURL+DTUnshorten.m normal x86_64 objective-c com.apple.compilers.llvm.clang.1_0.compiler (in target 'DTFoundation' from project 'DTFoundation')
    cd /Users/aadityasingh/Documents/Development/element-x-ios/Chatlio.xcodeproj
    
    Using response file: /Users/aadityasingh/Library/Developer/Xcode/DerivedData/Chatlio-erkyzdeecsohoaggpwbjdvavzqfv/Build/Intermediates.noindex/DTFoundation.build/Debug-iphonesimulator/DTFoundation.build/Objects-normal/x86_64/e6072d4f65d7061329687fe24e3d63a7-common-args.resp
    
    /Applications/Xcode.app/Contents/Developer/Toolchains/XcodeDefault.xctoolchain/usr/bin/clang -x objective-c -ivfsstatcache /Users/aadityasingh/Library/Developer/Xcode/DerivedData/SDKStatCaches.noindex/iphonesimulator26.4-23E252-686eebb5dc1d8ecb277353a59184f4aa.sdkstatcache -target x86_64-apple-ios12.0-simulator -fmessage-length\=0 -fdiagnostics-show-note-include-stack -fmacro-backtrace-limit\=0 -fno-color-diagnostics -fmodules-prune-interval\=86400 -fmodules-prune-after\=345600 -fbuild-session-file\=/Users/aadityasingh/Library/Developer/Xcode/DerivedData/ModuleCache.noindex/Session.modulevalidation -fmodules-validate-once-per-build-session -Wnon-modular-include-in-framework-module -Werror\=non-modular-include-in-framework-module -Wno-trigraphs -Wno-missing-field-initializers -Wno-missing-prototypes -Wno-return-type -Wno-implicit-atomic-properties -Wno-objc-interface-ivars -Wno-arc-repeated-use-of-weak -Wno-missing-braces -Wparentheses -Wswitch -Wno-unused-function -Wno-unused-label -Wno-unused-parameter -Wno-unused-variable -Wunused-value -Wno-empty-body -Wno-uninitialized -Wno-unknown-pragmas -w -Wno-shadow -Wno-four-char-constants -Wno-conversion -Wno-constant-conversion -Wno-int-conversion -Wno-bool-conversion -Wno-enum-conversion -Wno-float-conversion -Wno-non-literal-null-conversion -Wno-objc-literal-conversion -Wshorten-64-to-32 -Wpointer-sign -Wno-newline-eof -Wno-selector -Wno-strict-selector-match -Wno-undeclared-selector -Wno-deprecated-implementations -Wno-implicit-fallthrough -isysroot /Applications/Xcode.app/Contents/Developer/Platforms/iPhoneSimulator.platform/Developer/SDKs/iPhoneSimulator26.4.sdk -fstrict-aliasing -Wprotocol -Wdeprecated-declarations -Wno-sign-conversion -Wno-infinite-recursion -Wno-comma -Wno-block-capture-autoreleasing -Wno-strict-prototypes -Wno-semicolon-before-method-body -index-store-path /Users/aadityasingh/Library/Developer/Xcode/DerivedData/Chatlio-erkyzdeecsohoaggpwbjdvavzqfv/Index.noindex/DataStore @/Users/aadityasingh/Library/Developer/Xcode/DerivedData/Chatlio-erkyzdeecsohoaggpwbjdvavzqfv/Build/Intermediates.noindex/DTFoundation.build/Debug-iphonesimulator/DTFoundation.build/Objects-normal/x86_64/e6072d4f65d7061329687fe24e3d63a7-common-args.resp -MMD -MT dependencies -MF /Users/aadityasingh/Library/Developer/Xcode/DerivedData/Chatlio-erkyzdeecsohoaggpwbjdvavzqfv/Build/Intermediates.noindex/DTFoundation.build/Debug-iphonesimulator/DTFoundation.build/Objects-normal/x86_64/NSURL+DTUnshorten.d --serialize-diagnostics /Users/aadityasingh/Library/Developer/Xcode/DerivedData/Chatlio-erkyzdeecsohoaggpwbjdvavzqfv/Build/Intermediates.noindex/DTFoundation.build/Debug-iphonesimulator/DTFoundation.build/Objects-normal/x86_64/NSURL+DTUnshorten.dia -c /Users/aadityasingh/Library/Developer/Xcode/DerivedData/Chatlio-erkyzdeecsohoaggpwbjdvavzqfv/SourcePackages/checkouts/DTFoundation/Core/Source/NSURL+DTUnshorten.m -o /Users/aadityasingh/Library/Developer/Xcode/DerivedData/Chatlio-erkyzdeecsohoaggpwbjdvavzqfv/Build/Intermediates.noindex/DTFoundation.build/Debug-iphonesimulator/DTFoundation.build/Objects-normal/x86_64/NSURL+DTUnshorten.o -index-unit-output-path /DTFoundation.build/Debug-iphonesimulator/DTFoundation.build/Objects-normal/x86_64/NSURL+DTUnshorten.o

CompileC /Users/aadityasingh/Library/Developer/Xcode/DerivedData/Chatlio-erkyzdeecsohoaggpwbjdvavzqfv/Build/Intermediates.noindex/DTFoundation.build/Debug-iphonesimulator/DTFoundation.build/Objects-normal/x86_64/NSURL+DTComparing.o /Users/aadityasingh/Library/Developer/Xcode/DerivedData/Chatlio-erkyzdeecsohoaggpwbjdvavzqfv/SourcePackages/checkouts/DTFoundation/Core/Source/NSURL+DTComparing.m normal x86_64 objective-c com.apple.compilers.llvm.clang.1_0.compiler (in target 'DTFoundation' from project 'DTFoundation')
    cd /Users/aadityasingh/Documents/Development/element-x-ios/Chatlio.xcodeproj
    
    Using response file: /Users/aadityasingh/Library/Developer/Xcode/DerivedData/Chatlio-erkyzdeecsohoaggpwbjdvavzqfv/Build/Intermediates.noindex/DTFoundation.build/Debug-iphonesimulator/DTFoundation.build/Objects-normal/x86_64/e6072d4f65d7061329687fe24e3d63a7-common-args.resp
    
    /Applications/Xcode.app/Contents/Developer/Toolchains/XcodeDefault.xctoolchain/usr/bin/clang -x objective-c -ivfsstatcache /Users/aadityasingh/Library/Developer/Xcode/DerivedData/SDKStatCaches.noindex/iphonesimulator26.4-23E252-686eebb5dc1d8ecb277353a59184f4aa.sdkstatcache -target x86_64-apple-ios12.0-simulator -fmessage-length\=0 -fdiagnostics-show-note-include-stack -fmacro-backtrace-limit\=0 -fno-color-diagnostics -fmodules-prune-interval\=86400 -fmodules-prune-after\=345600 -fbuild-session-file\=/Users/aadityasingh/Library/Developer/Xcode/DerivedData/ModuleCache.noindex/Session.modulevalidation -fmodules-validate-once-per-build-session -Wnon-modular-include-in-framework-module -Werror\=non-modular-include-in-framework-module -Wno-trigraphs -Wno-missing-field-initializers -Wno-missing-prototypes -Wno-return-type -Wno-implicit-atomic-properties -Wno-objc-interface-ivars -Wno-arc-repeated-use-of-weak -Wno-missing-braces -Wparentheses -Wswitch -Wno-unused-function -Wno-unused-label -Wno-unused-parameter -Wno-unused-variable -Wunused-value -Wno-empty-body -Wno-uninitialized -Wno-unknown-pragmas -w -Wno-shadow -Wno-four-char-constants -Wno-conversion -Wno-constant-conversion -Wno-int-conversion -Wno-bool-conversion -Wno-enum-conversion -Wno-float-conversion -Wno-non-literal-null-conversion -Wno-objc-literal-conversion -Wshorten-64-to-32 -Wpointer-sign -Wno-newline-eof -Wno-selector -Wno-strict-selector-match -Wno-undeclared-selector -Wno-deprecated-implementations -Wno-implicit-fallthrough -isysroot /Applications/Xcode.app/Contents/Developer/Platforms/iPhoneSimulator.platform/Developer/SDKs/iPhoneSimulator26.4.sdk -fstrict-aliasing -Wprotocol -Wdeprecated-declarations -Wno-sign-conversion -Wno-infinite-recursion -Wno-comma -Wno-block-capture-autoreleasing -Wno-strict-prototypes -Wno-semicolon-before-method-body -index-store-path /Users/aadityasingh/Library/Developer/Xcode/DerivedData/Chatlio-erkyzdeecsohoaggpwbjdvavzqfv/Index.noindex/DataStore @/Users/aadityasingh/Library/Developer/Xcode/DerivedData/Chatlio-erkyzdeecsohoaggpwbjdvavzqfv/Build/Intermediates.noindex/DTFoundation.build/Debug-iphonesimulator/DTFoundation.build/Objects-normal/x86_64/e6072d4f65d7061329687fe24e3d63a7-common-args.resp -MMD -MT dependencies -MF /Users/aadityasingh/Library/Developer/Xcode/DerivedData/Chatlio-erkyzdeecsohoaggpwbjdvavzqfv/Build/Intermediates.noindex/DTFoundation.build/Debug-iphonesimulator/DTFoundation.build/Objects-normal/x86_64/NSURL+DTComparing.d --serialize-diagnostics /Users/aadityasingh/Library/Developer/Xcode/DerivedData/Chatlio-erkyzdeecsohoaggpwbjdvavzqfv/Build/Intermediates.noindex/DTFoundation.build/Debug-iphonesimulator/DTFoundation.build/Objects-normal/x86_64/NSURL+DTComparing.dia -c /Users/aadityasingh/Library/Developer/Xcode/DerivedData/Chatlio-erkyzdeecsohoaggpwbjdvavzqfv/SourcePackages/checkouts/DTFoundation/Core/Source/NSURL+DTComparing.m -o /Users/aadityasingh/Library/Developer/Xcode/DerivedData/Chatlio-erkyzdeecsohoaggpwbjdvavzqfv/Build/Intermediates.noindex/DTFoundation.build/Debug-iphonesimulator/DTFoundation.build/Objects-normal/x86_64/NSURL+DTComparing.o -index-unit-output-path /DTFoundation.build/Debug-iphonesimulator/DTFoundation.build/Objects-normal/x86_64/NSURL+DTComparing.o

CompileC /Users/aadityasingh/Library/Developer/Xcode/DerivedData/Chatlio-erkyzdeecsohoaggpwbjdvavzqfv/Build/Intermediates.noindex/DTFoundation.build/Debug-iphonesimulator/DTFoundation.build/Objects-normal/x86_64/NSURL+DTAWS.o /Users/aadityasingh/Library/Developer/Xcode/DerivedData/Chatlio-erkyzdeecsohoaggpwbjdvavzqfv/SourcePackages/checkouts/DTFoundation/Core/Source/DTAWS/NSURL+DTAWS.m normal x86_64 objective-c com.apple.compilers.llvm.clang.1_0.compiler (in target 'DTFoundation' from project 'DTFoundation')
    cd /Users/aadityasingh/Documents/Development/element-x-ios/Chatlio.xcodeproj
    
    Using response file: /Users/aadityasingh/Library/Developer/Xcode/DerivedData/Chatlio-erkyzdeecsohoaggpwbjdvavzqfv/Build/Intermediates.noindex/DTFoundation.build/Debug-iphonesimulator/DTFoundation.build/Objects-normal/x86_64/e6072d4f65d7061329687fe24e3d63a7-common-args.resp
    
    /Applications/Xcode.app/Contents/Developer/Toolchains/XcodeDefault.xctoolchain/usr/bin/clang -x objective-c -ivfsstatcache /Users/aadityasingh/Library/Developer/Xcode/DerivedData/SDKStatCaches.noindex/iphonesimulator26.4-23E252-686eebb5dc1d8ecb277353a59184f4aa.sdkstatcache -target x86_64-apple-ios12.0-simulator -fmessage-length\=0 -fdiagnostics-show-note-include-stack -fmacro-backtrace-limit\=0 -fno-color-diagnostics -fmodules-prune-interval\=86400 -fmodules-prune-after\=345600 -fbuild-session-file\=/Users/aadityasingh/Library/Developer/Xcode/DerivedData/ModuleCache.noindex/Session.modulevalidation -fmodules-validate-once-per-build-session -Wnon-modular-include-in-framework-module -Werror\=non-modular-include-in-framework-module -Wno-trigraphs -Wno-missing-field-initializers -Wno-missing-prototypes -Wno-return-type -Wno-implicit-atomic-properties -Wno-objc-interface-ivars -Wno-arc-repeated-use-of-weak -Wno-missing-braces -Wparentheses -Wswitch -Wno-unused-function -Wno-unused-label -Wno-unused-parameter -Wno-unused-variable -Wunused-value -Wno-empty-body -Wno-uninitialized -Wno-unknown-pragmas -w -Wno-shadow -Wno-four-char-constants -Wno-conversion -Wno-constant-conversion -Wno-int-conversion -Wno-bool-conversion -Wno-enum-conversion -Wno-float-conversion -Wno-non-literal-null-conversion -Wno-objc-literal-conversion -Wshorten-64-to-32 -Wpointer-sign -Wno-newline-eof -Wno-selector -Wno-strict-selector-match -Wno-undeclared-selector -Wno-deprecated-implementations -Wno-implicit-fallthrough -isysroot /Applications/Xcode.app/Contents/Developer/Platforms/iPhoneSimulator.platform/Developer/SDKs/iPhoneSimulator26.4.sdk -fstrict-aliasing -Wprotocol -Wdeprecated-declarations -Wno-sign-conversion -Wno-infinite-recursion -Wno-comma -Wno-block-capture-autoreleasing -Wno-strict-prototypes -Wno-semicolon-before-method-body -index-store-path /Users/aadityasingh/Library/Developer/Xcode/DerivedData/Chatlio-erkyzdeecsohoaggpwbjdvavzqfv/Index.noindex/DataStore @/Users/aadityasingh/Library/Developer/Xcode/DerivedData/Chatlio-erkyzdeecsohoaggpwbjdvavzqfv/Build/Intermediates.noindex/DTFoundation.build/Debug-iphonesimulator/DTFoundation.build/Objects-normal/x86_64/e6072d4f65d7061329687fe24e3d63a7-common-args.resp -MMD -MT dependencies -MF /Users/aadityasingh/Library/Developer/Xcode/DerivedData/Chatlio-erkyzdeecsohoaggpwbjdvavzqfv/Build/Intermediates.noindex/DTFoundation.build/Debug-iphonesimulator/DTFoundation.build/Objects-normal/x86_64/NSURL+DTAWS.d --serialize-diagnostics /Users/aadityasingh/Library/Developer/Xcode/DerivedData/Chatlio-erkyzdeecsohoaggpwbjdvavzqfv/Build/Intermediates.noindex/DTFoundation.build/Debug-iphonesimulator/DTFoundation.build/Objects-normal/x86_64/NSURL+DTAWS.dia -c /Users/aadityasingh/Library/Developer/Xcode/DerivedData/Chatlio-erkyzdeecsohoaggpwbjdvavzqfv/SourcePackages/checkouts/DTFoundation/Core/Source/DTAWS/NSURL+DTAWS.m -o /Users/aadityasingh/Library/Developer/Xcode/DerivedData/Chatlio-erkyzdeecsohoaggpwbjdvavzqfv/Build/Intermediates.noindex/DTFoundation.build/Debug-iphonesimulator/DTFoundation.build/Objects-normal/x86_64/NSURL+DTAWS.o -index-unit-output-path /DTFoundation.build/Debug-iphonesimulator/DTFoundation.build/Objects-normal/x86_64/NSURL+DTAWS.o

CompileC /Users/aadityasingh/Library/Developer/Xcode/DerivedData/Chatlio-erkyzdeecsohoaggpwbjdvavzqfv/Build/Intermediates.noindex/DTFoundation.build/Debug-iphonesimulator/DTFoundation.build/Objects-normal/x86_64/NSString+DTUtilities.o /Users/aadityasingh/Library/Developer/Xcode/DerivedData/Chatlio-erkyzdeecsohoaggpwbjdvavzqfv/SourcePackages/checkouts/DTFoundation/Core/Source/NSString+DTUtilities.m normal x86_64 objective-c com.apple.compilers.llvm.clang.1_0.compiler (in target 'DTFoundation' from project 'DTFoundation')
    cd /Users/aadityasingh/Documents/Development/element-x-ios/Chatlio.xcodeproj
    
    Using response file: /Users/aadityasingh/Library/Developer/Xcode/DerivedData/Chatlio-erkyzdeecsohoaggpwbjdvavzqfv/Build/Intermediates.noindex/DTFoundation.build/Debug-iphonesimulator/DTFoundation.build/Objects-normal/x86_64/e6072d4f65d7061329687fe24e3d63a7-common-args.resp
    
    /Applications/Xcode.app/Contents/Developer/Toolchains/XcodeDefault.xctoolchain/usr/bin/clang -x objective-c -ivfsstatcache /Users/aadityasingh/Library/Developer/Xcode/DerivedData/SDKStatCaches.noindex/iphonesimulator26.4-23E252-686eebb5dc1d8ecb277353a59184f4aa.sdkstatcache -target x86_64-apple-ios12.0-simulator -fmessage-length\=0 -fdiagnostics-show-note-include-stack -fmacro-backtrace-limit\=0 -fno-color-diagnostics -fmodules-prune-interval\=86400 -fmodules-prune-after\=345600 -fbuild-session-file\=/Users/aadityasingh/Library/Developer/Xcode/DerivedData/ModuleCache.noindex/Session.modulevalidation -fmodules-validate-once-per-build-session -Wnon-modular-include-in-framework-module -Werror\=non-modular-include-in-framework-module -Wno-trigraphs -Wno-missing-field-initializers -Wno-missing-prototypes -Wno-return-type -Wno-implicit-atomic-properties -Wno-objc-interface-ivars -Wno-arc-repeated-use-of-weak -Wno-missing-braces -Wparentheses -Wswitch -Wno-unused-function -Wno-unused-label -Wno-unused-parameter -Wno-unused-variable -Wunused-value -Wno-empty-body -Wno-uninitialized -Wno-unknown-pragmas -w -Wno-shadow -Wno-four-char-constants -Wno-conversion -Wno-constant-conversion -Wno-int-conversion -Wno-bool-conversion -Wno-enum-conversion -Wno-float-conversion -Wno-non-literal-null-conversion -Wno-objc-literal-conversion -Wshorten-64-to-32 -Wpointer-sign -Wno-newline-eof -Wno-selector -Wno-strict-selector-match -Wno-undeclared-selector -Wno-deprecated-implementations -Wno-implicit-fallthrough -isysroot /Applications/Xcode.app/Contents/Developer/Platforms/iPhoneSimulator.platform/Developer/SDKs/iPhoneSimulator26.4.sdk -fstrict-aliasing -Wprotocol -Wdeprecated-declarations -Wno-sign-conversion -Wno-infinite-recursion -Wno-comma -Wno-block-capture-autoreleasing -Wno-strict-prototypes -Wno-semicolon-before-method-body -index-store-path /Users/aadityasingh/Library/Developer/Xcode/DerivedData/Chatlio-erkyzdeecsohoaggpwbjdvavzqfv/Index.noindex/DataStore @/Users/aadityasingh/Library/Developer/Xcode/DerivedData/Chatlio-erkyzdeecsohoaggpwbjdvavzqfv/Build/Intermediates.noindex/DTFoundation.build/Debug-iphonesimulator/DTFoundation.build/Objects-normal/x86_64/e6072d4f65d7061329687fe24e3d63a7-common-args.resp -MMD -MT dependencies -MF /Users/aadityasingh/Library/Developer/Xcode/DerivedData/Chatlio-erkyzdeecsohoaggpwbjdvavzqfv/Build/Intermediates.noindex/DTFoundation.build/Debug-iphonesimulator/DTFoundation.build/Objects-normal/x86_64/NSString+DTUtilities.d --serialize-diagnostics /Users/aadityasingh/Library/Developer/Xcode/DerivedData/Chatlio-erkyzdeecsohoaggpwbjdvavzqfv/Build/Intermediates.noindex/DTFoundation.build/Debug-iphonesimulator/DTFoundation.build/Objects-normal/x86_64/NSString+DTUtilities.dia -c /Users/aadityasingh/Library/Developer/Xcode/DerivedData/Chatlio-erkyzdeecsohoaggpwbjdvavzqfv/SourcePackages/checkouts/DTFoundation/Core/Source/NSString+DTUtilities.m -o /Users/aadityasingh/Library/Developer/Xcode/DerivedData/Chatlio-erkyzdeecsohoaggpwbjdvavzqfv/Build/Intermediates.noindex/DTFoundation.build/Debug-iphonesimulator/DTFoundation.build/Objects-normal/x86_64/NSString+DTUtilities.o -index-unit-output-path /DTFoundation.build/Debug-iphonesimulator/DTFoundation.build/Objects-normal/x86_64/NSString+DTUtilities.o

CompileC /Users/aadityasingh/Library/Developer/Xcode/DerivedData/Chatlio-erkyzdeecsohoaggpwbjdvavzqfv/Build/Intermediates.noindex/DTFoundation.build/Debug-iphonesimulator/DTFoundation.build/Objects-normal/x86_64/NSString+DTUTI.o /Users/aadityasingh/Library/Developer/Xcode/DerivedData/Chatlio-erkyzdeecsohoaggpwbjdvavzqfv/SourcePackages/checkouts/DTFoundation/Core/Source/DTUTI/NSString+DTUTI.m normal x86_64 objective-c com.apple.compilers.llvm.clang.1_0.compiler (in target 'DTFoundation' from project 'DTFoundation')
    cd /Users/aadityasingh/Documents/Development/element-x-ios/Chatlio.xcodeproj
    
    Using response file: /Users/aadityasingh/Library/Developer/Xcode/DerivedData/Chatlio-erkyzdeecsohoaggpwbjdvavzqfv/Build/Intermediates.noindex/DTFoundation.build/Debug-iphonesimulator/DTFoundation.build/Objects-normal/x86_64/e6072d4f65d7061329687fe24e3d63a7-common-args.resp
    
    /Applications/Xcode.app/Contents/Developer/Toolchains/XcodeDefault.xctoolchain/usr/bin/clang -x objective-c -ivfsstatcache /Users/aadityasingh/Library/Developer/Xcode/DerivedData/SDKStatCaches.noindex/iphonesimulator26.4-23E252-686eebb5dc1d8ecb277353a59184f4aa.sdkstatcache -target x86_64-apple-ios12.0-simulator -fmessage-length\=0 -fdiagnostics-show-note-include-stack -fmacro-backtrace-limit\=0 -fno-color-diagnostics -fmodules-prune-interval\=86400 -fmodules-prune-after\=345600 -fbuild-session-file\=/Users/aadityasingh/Library/Developer/Xcode/DerivedData/ModuleCache.noindex/Session.modulevalidation -fmodules-validate-once-per-build-session -Wnon-modular-include-in-framework-module -Werror\=non-modular-include-in-framework-module -Wno-trigraphs -Wno-missing-field-initializers -Wno-missing-prototypes -Wno-return-type -Wno-implicit-atomic-properties -Wno-objc-interface-ivars -Wno-arc-repeated-use-of-weak -Wno-missing-braces -Wparentheses -Wswitch -Wno-unused-function -Wno-unused-label -Wno-unused-parameter -Wno-unused-variable -Wunused-value -Wno-empty-body -Wno-uninitialized -Wno-unknown-pragmas -w -Wno-shadow -Wno-four-char-constants -Wno-conversion -Wno-constant-conversion -Wno-int-conversion -Wno-bool-conversion -Wno-enum-conversion -Wno-float-conversion -Wno-non-literal-null-conversion -Wno-objc-literal-conversion -Wshorten-64-to-32 -Wpointer-sign -Wno-newline-eof -Wno-selector -Wno-strict-selector-match -Wno-undeclared-selector -Wno-deprecated-implementations -Wno-implicit-fallthrough -isysroot /Applications/Xcode.app/Contents/Developer/Platforms/iPhoneSimulator.platform/Developer/SDKs/iPhoneSimulator26.4.sdk -fstrict-aliasing -Wprotocol -Wdeprecated-declarations -Wno-sign-conversion -Wno-infinite-recursion -Wno-comma -Wno-block-capture-autoreleasing -Wno-strict-prototypes -Wno-semicolon-before-method-body -index-store-path /Users/aadityasingh/Library/Developer/Xcode/DerivedData/Chatlio-erkyzdeecsohoaggpwbjdvavzqfv/Index.noindex/DataStore @/Users/aadityasingh/Library/Developer/Xcode/DerivedData/Chatlio-erkyzdeecsohoaggpwbjdvavzqfv/Build/Intermediates.noindex/DTFoundation.build/Debug-iphonesimulator/DTFoundation.build/Objects-normal/x86_64/e6072d4f65d7061329687fe24e3d63a7-common-args.resp -MMD -MT dependencies -MF /Users/aadityasingh/Library/Developer/Xcode/DerivedData/Chatlio-erkyzdeecsohoaggpwbjdvavzqfv/Build/Intermediates.noindex/DTFoundation.build/Debug-iphonesimulator/DTFoundation.build/Objects-normal/x86_64/NSString+DTUTI.d --serialize-diagnostics /Users/aadityasingh/Library/Developer/Xcode/DerivedData/Chatlio-erkyzdeecsohoaggpwbjdvavzqfv/Build/Intermediates.noindex/DTFoundation.build/Debug-iphonesimulator/DTFoundation.build/Objects-normal/x86_64/NSString+DTUTI.dia -c /Users/aadityasingh/Library/Developer/Xcode/DerivedData/Chatlio-erkyzdeecsohoaggpwbjdvavzqfv/SourcePackages/checkouts/DTFoundation/Core/Source/DTUTI/NSString+DTUTI.m -o /Users/aadityasingh/Library/Developer/Xcode/DerivedData/Chatlio-erkyzdeecsohoaggpwbjdvavzqfv/Build/Intermediates.noindex/DTFoundation.build/Debug-iphonesimulator/DTFoundation.build/Objects-normal/x86_64/NSString+DTUTI.o -index-unit-output-path /DTFoundation.build/Debug-iphonesimulator/DTFoundation.build/Objects-normal/x86_64/NSString+DTUTI.o

CompileC /Users/aadityasingh/Library/Developer/Xcode/DerivedData/Chatlio-erkyzdeecsohoaggpwbjdvavzqfv/Build/Intermediates.noindex/DTFoundation.build/Debug-iphonesimulator/DTFoundation.build/Objects-normal/x86_64/NSString+DTURLEncoding.o /Users/aadityasingh/Library/Developer/Xcode/DerivedData/Chatlio-erkyzdeecsohoaggpwbjdvavzqfv/SourcePackages/checkouts/DTFoundation/Core/Source/NSString+DTURLEncoding.m normal x86_64 objective-c com.apple.compilers.llvm.clang.1_0.compiler (in target 'DTFoundation' from project 'DTFoundation')
    cd /Users/aadityasingh/Documents/Development/element-x-ios/Chatlio.xcodeproj
    
    Using response file: /Users/aadityasingh/Library/Developer/Xcode/DerivedData/Chatlio-erkyzdeecsohoaggpwbjdvavzqfv/Build/Intermediates.noindex/DTFoundation.build/Debug-iphonesimulator/DTFoundation.build/Objects-normal/x86_64/e6072d4f65d7061329687fe24e3d63a7-common-args.resp
    
    /Applications/Xcode.app/Contents/Developer/Toolchains/XcodeDefault.xctoolchain/usr/bin/clang -x objective-c -ivfsstatcache /Users/aadityasingh/Library/Developer/Xcode/DerivedData/SDKStatCaches.noindex/iphonesimulator26.4-23E252-686eebb5dc1d8ecb277353a59184f4aa.sdkstatcache -target x86_64-apple-ios12.0-simulator -fmessage-length\=0 -fdiagnostics-show-note-include-stack -fmacro-backtrace-limit\=0 -fno-color-diagnostics -fmodules-prune-interval\=86400 -fmodules-prune-after\=345600 -fbuild-session-file\=/Users/aadityasingh/Library/Developer/Xcode/DerivedData/ModuleCache.noindex/Session.modulevalidation -fmodules-validate-once-per-build-session -Wnon-modular-include-in-framework-module -Werror\=non-modular-include-in-framework-module -Wno-trigraphs -Wno-missing-field-initializers -Wno-missing-prototypes -Wno-return-type -Wno-implicit-atomic-properties -Wno-objc-interface-ivars -Wno-arc-repeated-use-of-weak -Wno-missing-braces -Wparentheses -Wswitch -Wno-unused-function -Wno-unused-label -Wno-unused-parameter -Wno-unused-variable -Wunused-value -Wno-empty-body -Wno-uninitialized -Wno-unknown-pragmas -w -Wno-shadow -Wno-four-char-constants -Wno-conversion -Wno-constant-conversion -Wno-int-conversion -Wno-bool-conversion -Wno-enum-conversion -Wno-float-conversion -Wno-non-literal-null-conversion -Wno-objc-literal-conversion -Wshorten-64-to-32 -Wpointer-sign -Wno-newline-eof -Wno-selector -Wno-strict-selector-match -Wno-undeclared-selector -Wno-deprecated-implementations -Wno-implicit-fallthrough -isysroot /Applications/Xcode.app/Contents/Developer/Platforms/iPhoneSimulator.platform/Developer/SDKs/iPhoneSimulator26.4.sdk -fstrict-aliasing -Wprotocol -Wdeprecated-declarations -Wno-sign-conversion -Wno-infinite-recursion -Wno-comma -Wno-block-capture-autoreleasing -Wno-strict-prototypes -Wno-semicolon-before-method-body -index-store-path /Users/aadityasingh/Library/Developer/Xcode/DerivedData/Chatlio-erkyzdeecsohoaggpwbjdvavzqfv/Index.noindex/DataStore @/Users/aadityasingh/Library/Developer/Xcode/DerivedData/Chatlio-erkyzdeecsohoaggpwbjdvavzqfv/Build/Intermediates.noindex/DTFoundation.build/Debug-iphonesimulator/DTFoundation.build/Objects-normal/x86_64/e6072d4f65d7061329687fe24e3d63a7-common-args.resp -MMD -MT dependencies -MF /Users/aadityasingh/Library/Developer/Xcode/DerivedData/Chatlio-erkyzdeecsohoaggpwbjdvavzqfv/Build/Intermediates.noindex/DTFoundation.build/Debug-iphonesimulator/DTFoundation.build/Objects-normal/x86_64/NSString+DTURLEncoding.d --serialize-diagnostics /Users/aadityasingh/Library/Developer/Xcode/DerivedData/Chatlio-erkyzdeecsohoaggpwbjdvavzqfv/Build/Intermediates.noindex/DTFoundation.build/Debug-iphonesimulator/DTFoundation.build/Objects-normal/x86_64/NSString+DTURLEncoding.dia -c /Users/aadityasingh/Library/Developer/Xcode/DerivedData/Chatlio-erkyzdeecsohoaggpwbjdvavzqfv/SourcePackages/checkouts/DTFoundation/Core/Source/NSString+DTURLEncoding.m -o /Users/aadityasingh/Library/Developer/Xcode/DerivedData/Chatlio-erkyzdeecsohoaggpwbjdvavzqfv/Build/Intermediates.noindex/DTFoundation.build/Debug-iphonesimulator/DTFoundation.build/Objects-normal/x86_64/NSString+DTURLEncoding.o -index-unit-output-path /DTFoundation.build/Debug-iphonesimulator/DTFoundation.build/Objects-normal/x86_64/NSString+DTURLEncoding.o

CompileC /Users/aadityasingh/Library/Developer/Xcode/DerivedData/Chatlio-erkyzdeecsohoaggpwbjdvavzqfv/Build/Intermediates.noindex/DTFoundation.build/Debug-iphonesimulator/DTFoundation.build/Objects-normal/x86_64/NSString+DTPaths.o /Users/aadityasingh/Library/Developer/Xcode/DerivedData/Chatlio-erkyzdeecsohoaggpwbjdvavzqfv/SourcePackages/checkouts/DTFoundation/Core/Source/NSString+DTPaths.m normal x86_64 objective-c com.apple.compilers.llvm.clang.1_0.compiler (in target 'DTFoundation' from project 'DTFoundation')
    cd /Users/aadityasingh/Documents/Development/element-x-ios/Chatlio.xcodeproj
    
    Using response file: /Users/aadityasingh/Library/Developer/Xcode/DerivedData/Chatlio-erkyzdeecsohoaggpwbjdvavzqfv/Build/Intermediates.noindex/DTFoundation.build/Debug-iphonesimulator/DTFoundation.build/Objects-normal/x86_64/e6072d4f65d7061329687fe24e3d63a7-common-args.resp
    
    /Applications/Xcode.app/Contents/Developer/Toolchains/XcodeDefault.xctoolchain/usr/bin/clang -x objective-c -ivfsstatcache /Users/aadityasingh/Library/Developer/Xcode/DerivedData/SDKStatCaches.noindex/iphonesimulator26.4-23E252-686eebb5dc1d8ecb277353a59184f4aa.sdkstatcache -target x86_64-apple-ios12.0-simulator -fmessage-length\=0 -fdiagnostics-show-note-include-stack -fmacro-backtrace-limit\=0 -fno-color-diagnostics -fmodules-prune-interval\=86400 -fmodules-prune-after\=345600 -fbuild-session-file\=/Users/aadityasingh/Library/Developer/Xcode/DerivedData/ModuleCache.noindex/Session.modulevalidation -fmodules-validate-once-per-build-session -Wnon-modular-include-in-framework-module -Werror\=non-modular-include-in-framework-module -Wno-trigraphs -Wno-missing-field-initializers -Wno-missing-prototypes -Wno-return-type -Wno-implicit-atomic-properties -Wno-objc-interface-ivars -Wno-arc-repeated-use-of-weak -Wno-missing-braces -Wparentheses -Wswitch -Wno-unused-function -Wno-unused-label -Wno-unused-parameter -Wno-unused-variable -Wunused-value -Wno-empty-body -Wno-uninitialized -Wno-unknown-pragmas -w -Wno-shadow -Wno-four-char-constants -Wno-conversion -Wno-constant-conversion -Wno-int-conversion -Wno-bool-conversion -Wno-enum-conversion -Wno-float-conversion -Wno-non-literal-null-conversion -Wno-objc-literal-conversion -Wshorten-64-to-32 -Wpointer-sign -Wno-newline-eof -Wno-selector -Wno-strict-selector-match -Wno-undeclared-selector -Wno-deprecated-implementations -Wno-implicit-fallthrough -isysroot /Applications/Xcode.app/Contents/Developer/Platforms/iPhoneSimulator.platform/Developer/SDKs/iPhoneSimulator26.4.sdk -fstrict-aliasing -Wprotocol -Wdeprecated-declarations -Wno-sign-conversion -Wno-infinite-recursion -Wno-comma -Wno-block-capture-autoreleasing -Wno-strict-prototypes -Wno-semicolon-before-method-body -index-store-path /Users/aadityasingh/Library/Developer/Xcode/DerivedData/Chatlio-erkyzdeecsohoaggpwbjdvavzqfv/Index.noindex/DataStore @/Users/aadityasingh/Library/Developer/Xcode/DerivedData/Chatlio-erkyzdeecsohoaggpwbjdvavzqfv/Build/Intermediates.noindex/DTFoundation.build/Debug-iphonesimulator/DTFoundation.build/Objects-normal/x86_64/e6072d4f65d7061329687fe24e3d63a7-common-args.resp -MMD -MT dependencies -MF /Users/aadityasingh/Library/Developer/Xcode/DerivedData/Chatlio-erkyzdeecsohoaggpwbjdvavzqfv/Build/Intermediates.noindex/DTFoundation.build/Debug-iphonesimulator/DTFoundation.build/Objects-normal/x86_64/NSString+DTPaths.d --serialize-diagnostics /Users/aadityasingh/Library/Developer/Xcode/DerivedData/Chatlio-erkyzdeecsohoaggpwbjdvavzqfv/Build/Intermediates.noindex/DTFoundation.build/Debug-iphonesimulator/DTFoundation.build/Objects-normal/x86_64/NSString+DTPaths.dia -c /Users/aadityasingh/Library/Developer/Xcode/DerivedData/Chatlio-erkyzdeecsohoaggpwbjdvavzqfv/SourcePackages/checkouts/DTFoundation/Core/Source/NSString+DTPaths.m -o /Users/aadityasingh/Library/Developer/Xcode/DerivedData/Chatlio-erkyzdeecsohoaggpwbjdvavzqfv/Build/Intermediates.noindex/DTFoundation.build/Debug-iphonesimulator/DTFoundation.build/Objects-normal/x86_64/NSString+DTPaths.o -index-unit-output-path /DTFoundation.build/Debug-iphonesimulator/DTFoundation.build/Objects-normal/x86_64/NSString+DTPaths.o

CompileC /Users/aadityasingh/Library/Developer/Xcode/DerivedData/Chatlio-erkyzdeecsohoaggpwbjdvavzqfv/Build/Intermediates.noindex/DTFoundation.build/Debug-iphonesimulator/DTFoundation.build/Objects-normal/x86_64/NSString+DTFormatNumbers.o /Users/aadityasingh/Library/Developer/Xcode/DerivedData/Chatlio-erkyzdeecsohoaggpwbjdvavzqfv/SourcePackages/checkouts/DTFoundation/Core/Source/NSString+DTFormatNumbers.m normal x86_64 objective-c com.apple.compilers.llvm.clang.1_0.compiler (in target 'DTFoundation' from project 'DTFoundation')
    cd /Users/aadityasingh/Documents/Development/element-x-ios/Chatlio.xcodeproj
    
    Using response file: /Users/aadityasingh/Library/Developer/Xcode/DerivedData/Chatlio-erkyzdeecsohoaggpwbjdvavzqfv/Build/Intermediates.noindex/DTFoundation.build/Debug-iphonesimulator/DTFoundation.build/Objects-normal/x86_64/e6072d4f65d7061329687fe24e3d63a7-common-args.resp
    
    /Applications/Xcode.app/Contents/Developer/Toolchains/XcodeDefault.xctoolchain/usr/bin/clang -x objective-c -ivfsstatcache /Users/aadityasingh/Library/Developer/Xcode/DerivedData/SDKStatCaches.noindex/iphonesimulator26.4-23E252-686eebb5dc1d8ecb277353a59184f4aa.sdkstatcache -target x86_64-apple-ios12.0-simulator -fmessage-length\=0 -fdiagnostics-show-note-include-stack -fmacro-backtrace-limit\=0 -fno-color-diagnostics -fmodules-prune-interval\=86400 -fmodules-prune-after\=345600 -fbuild-session-file\=/Users/aadityasingh/Library/Developer/Xcode/DerivedData/ModuleCache.noindex/Session.modulevalidation -fmodules-validate-once-per-build-session -Wnon-modular-include-in-framework-module -Werror\=non-modular-include-in-framework-module -Wno-trigraphs -Wno-missing-field-initializers -Wno-missing-prototypes -Wno-return-type -Wno-implicit-atomic-properties -Wno-objc-interface-ivars -Wno-arc-repeated-use-of-weak -Wno-missing-braces -Wparentheses -Wswitch -Wno-unused-function -Wno-unused-label -Wno-unused-parameter -Wno-unused-variable -Wunused-value -Wno-empty-body -Wno-uninitialized -Wno-unknown-pragmas -w -Wno-shadow -Wno-four-char-constants -Wno-conversion -Wno-constant-conversion -Wno-int-conversion -Wno-bool-conversion -Wno-enum-conversion -Wno-float-conversion -Wno-non-literal-null-conversion -Wno-objc-literal-conversion -Wshorten-64-to-32 -Wpointer-sign -Wno-newline-eof -Wno-selector -Wno-strict-selector-match -Wno-undeclared-selector -Wno-deprecated-implementations -Wno-implicit-fallthrough -isysroot /Applications/Xcode.app/Contents/Developer/Platforms/iPhoneSimulator.platform/Developer/SDKs/iPhoneSimulator26.4.sdk -fstrict-aliasing -Wprotocol -Wdeprecated-declarations -Wno-sign-conversion -Wno-infinite-recursion -Wno-comma -Wno-block-capture-autoreleasing -Wno-strict-prototypes -Wno-semicolon-before-method-body -index-store-path /Users/aadityasingh/Library/Developer/Xcode/DerivedData/Chatlio-erkyzdeecsohoaggpwbjdvavzqfv/Index.noindex/DataStore @/Users/aadityasingh/Library/Developer/Xcode/DerivedData/Chatlio-erkyzdeecsohoaggpwbjdvavzqfv/Build/Intermediates.noindex/DTFoundation.build/Debug-iphonesimulator/DTFoundation.build/Objects-normal/x86_64/e6072d4f65d7061329687fe24e3d63a7-common-args.resp -MMD -MT dependencies -MF /Users/aadityasingh/Library/Developer/Xcode/DerivedData/Chatlio-erkyzdeecsohoaggpwbjdvavzqfv/Build/Intermediates.noindex/DTFoundation.build/Debug-iphonesimulator/DTFoundation.build/Objects-normal/x86_64/NSString+DTFormatNumbers.d --serialize-diagnostics /Users/aadityasingh/Library/Developer/Xcode/DerivedData/Chatlio-erkyzdeecsohoaggpwbjdvavzqfv/Build/Intermediates.noindex/DTFoundation.build/Debug-iphonesimulator/DTFoundation.build/Objects-normal/x86_64/NSString+DTFormatNumbers.dia -c /Users/aadityasingh/Library/Developer/Xcode/DerivedData/Chatlio-erkyzdeecsohoaggpwbjdvavzqfv/SourcePackages/checkouts/DTFoundation/Core/Source/NSString+DTFormatNumbers.m -o /Users/aadityasingh/Library/Developer/Xcode/DerivedData/Chatlio-erkyzdeecsohoaggpwbjdvavzqfv/Build/Intermediates.noindex/DTFoundation.build/Debug-iphonesimulator/DTFoundation.build/Objects-normal/x86_64/NSString+DTFormatNumbers.o -index-unit-output-path /DTFoundation.build/Debug-iphonesimulator/DTFoundation.build/Objects-normal/x86_64/NSString+DTFormatNumbers.o

CompileC /Users/aadityasingh/Library/Developer/Xcode/DerivedData/Chatlio-erkyzdeecsohoaggpwbjdvavzqfv/Build/Intermediates.noindex/DTFoundation.build/Debug-iphonesimulator/DTFoundation.build/Objects-normal/x86_64/NSScanner+DTScripting.o /Users/aadityasingh/Library/Developer/Xcode/DerivedData/Chatlio-erkyzdeecsohoaggpwbjdvavzqfv/SourcePackages/checkouts/DTFoundation/Core/Source/DTScripting/NSScanner+DTScripting.m normal x86_64 objective-c com.apple.compilers.llvm.clang.1_0.compiler (in target 'DTFoundation' from project 'DTFoundation')
    cd /Users/aadityasingh/Documents/Development/element-x-ios/Chatlio.xcodeproj
    
    Using response file: /Users/aadityasingh/Library/Developer/Xcode/DerivedData/Chatlio-erkyzdeecsohoaggpwbjdvavzqfv/Build/Intermediates.noindex/DTFoundation.build/Debug-iphonesimulator/DTFoundation.build/Objects-normal/x86_64/e6072d4f65d7061329687fe24e3d63a7-common-args.resp
    
    /Applications/Xcode.app/Contents/Developer/Toolchains/XcodeDefault.xctoolchain/usr/bin/clang -x objective-c -ivfsstatcache /Users/aadityasingh/Library/Developer/Xcode/DerivedData/SDKStatCaches.noindex/iphonesimulator26.4-23E252-686eebb5dc1d8ecb277353a59184f4aa.sdkstatcache -target x86_64-apple-ios12.0-simulator -fmessage-length\=0 -fdiagnostics-show-note-include-stack -fmacro-backtrace-limit\=0 -fno-color-diagnostics -fmodules-prune-interval\=86400 -fmodules-prune-after\=345600 -fbuild-session-file\=/Users/aadityasingh/Library/Developer/Xcode/DerivedData/ModuleCache.noindex/Session.modulevalidation -fmodules-validate-once-per-build-session -Wnon-modular-include-in-framework-module -Werror\=non-modular-include-in-framework-module -Wno-trigraphs -Wno-missing-field-initializers -Wno-missing-prototypes -Wno-return-type -Wno-implicit-atomic-properties -Wno-objc-interface-ivars -Wno-arc-repeated-use-of-weak -Wno-missing-braces -Wparentheses -Wswitch -Wno-unused-function -Wno-unused-label -Wno-unused-parameter -Wno-unused-variable -Wunused-value -Wno-empty-body -Wno-uninitialized -Wno-unknown-pragmas -w -Wno-shadow -Wno-four-char-constants -Wno-conversion -Wno-constant-conversion -Wno-int-conversion -Wno-bool-conversion -Wno-enum-conversion -Wno-float-conversion -Wno-non-literal-null-conversion -Wno-objc-literal-conversion -Wshorten-64-to-32 -Wpointer-sign -Wno-newline-eof -Wno-selector -Wno-strict-selector-match -Wno-undeclared-selector -Wno-deprecated-implementations -Wno-implicit-fallthrough -isysroot /Applications/Xcode.app/Contents/Developer/Platforms/iPhoneSimulator.platform/Developer/SDKs/iPhoneSimulator26.4.sdk -fstrict-aliasing -Wprotocol -Wdeprecated-declarations -Wno-sign-conversion -Wno-infinite-recursion -Wno-comma -Wno-block-capture-autoreleasing -Wno-strict-prototypes -Wno-semicolon-before-method-body -index-store-path /Users/aadityasingh/Library/Developer/Xcode/DerivedData/Chatlio-erkyzdeecsohoaggpwbjdvavzqfv/Index.noindex/DataStore @/Users/aadityasingh/Library/Developer/Xcode/DerivedData/Chatlio-erkyzdeecsohoaggpwbjdvavzqfv/Build/Intermediates.noindex/DTFoundation.build/Debug-iphonesimulator/DTFoundation.build/Objects-normal/x86_64/e6072d4f65d7061329687fe24e3d63a7-common-args.resp -MMD -MT dependencies -MF /Users/aadityasingh/Library/Developer/Xcode/DerivedData/Chatlio-erkyzdeecsohoaggpwbjdvavzqfv/Build/Intermediates.noindex/DTFoundation.build/Debug-iphonesimulator/DTFoundation.build/Objects-normal/x86_64/NSScanner+DTScripting.d --serialize-diagnostics /Users/aadityasingh/Library/Developer/Xcode/DerivedData/Chatlio-erkyzdeecsohoaggpwbjdvavzqfv/Build/Intermediates.noindex/DTFoundation.build/Debug-iphonesimulator/DTFoundation.build/Objects-normal/x86_64/NSScanner+DTScripting.dia -c /Users/aadityasingh/Library/Developer/Xcode/DerivedData/Chatlio-erkyzdeecsohoaggpwbjdvavzqfv/SourcePackages/checkouts/DTFoundation/Core/Source/DTScripting/NSScanner+DTScripting.m -o /Users/aadityasingh/Library/Developer/Xcode/DerivedData/Chatlio-erkyzdeecsohoaggpwbjdvavzqfv/Build/Intermediates.noindex/DTFoundation.build/Debug-iphonesimulator/DTFoundation.build/Objects-normal/x86_64/NSScanner+DTScripting.o -index-unit-output-path /DTFoundation.build/Debug-iphonesimulator/DTFoundation.build/Objects-normal/x86_64/NSScanner+DTScripting.o

CompileC /Users/aadityasingh/Library/Developer/Xcode/DerivedData/Chatlio-erkyzdeecsohoaggpwbjdvavzqfv/Build/Intermediates.noindex/DTFoundation.build/Debug-iphonesimulator/DTFoundation.build/Objects-normal/x86_64/NSObject+DTRuntime.o /Users/aadityasingh/Library/Developer/Xcode/DerivedData/Chatlio-erkyzdeecsohoaggpwbjdvavzqfv/SourcePackages/checkouts/DTFoundation/Core/Source/Runtime/NSObject+DTRuntime.m normal x86_64 objective-c com.apple.compilers.llvm.clang.1_0.compiler (in target 'DTFoundation' from project 'DTFoundation')
    cd /Users/aadityasingh/Documents/Development/element-x-ios/Chatlio.xcodeproj
    
    Using response file: /Users/aadityasingh/Library/Developer/Xcode/DerivedData/Chatlio-erkyzdeecsohoaggpwbjdvavzqfv/Build/Intermediates.noindex/DTFoundation.build/Debug-iphonesimulator/DTFoundation.build/Objects-normal/x86_64/e6072d4f65d7061329687fe24e3d63a7-common-args.resp
    
    /Applications/Xcode.app/Contents/Developer/Toolchains/XcodeDefault.xctoolchain/usr/bin/clang -x objective-c -ivfsstatcache /Users/aadityasingh/Library/Developer/Xcode/DerivedData/SDKStatCaches.noindex/iphonesimulator26.4-23E252-686eebb5dc1d8ecb277353a59184f4aa.sdkstatcache -target x86_64-apple-ios12.0-simulator -fmessage-length\=0 -fdiagnostics-show-note-include-stack -fmacro-backtrace-limit\=0 -fno-color-diagnostics -fmodules-prune-interval\=86400 -fmodules-prune-after\=345600 -fbuild-session-file\=/Users/aadityasingh/Library/Developer/Xcode/DerivedData/ModuleCache.noindex/Session.modulevalidation -fmodules-validate-once-per-build-session -Wnon-modular-include-in-framework-module -Werror\=non-modular-include-in-framework-module -Wno-trigraphs -Wno-missing-field-initializers -Wno-missing-prototypes -Wno-return-type -Wno-implicit-atomic-properties -Wno-objc-interface-ivars -Wno-arc-repeated-use-of-weak -Wno-missing-braces -Wparentheses -Wswitch -Wno-unused-function -Wno-unused-label -Wno-unused-parameter -Wno-unused-variable -Wunused-value -Wno-empty-body -Wno-uninitialized -Wno-unknown-pragmas -w -Wno-shadow -Wno-four-char-constants -Wno-conversion -Wno-constant-conversion -Wno-int-conversion -Wno-bool-conversion -Wno-enum-conversion -Wno-float-conversion -Wno-non-literal-null-conversion -Wno-objc-literal-conversion -Wshorten-64-to-32 -Wpointer-sign -Wno-newline-eof -Wno-selector -Wno-strict-selector-match -Wno-undeclared-selector -Wno-deprecated-implementations -Wno-implicit-fallthrough -isysroot /Applications/Xcode.app/Contents/Developer/Platforms/iPhoneSimulator.platform/Developer/SDKs/iPhoneSimulator26.4.sdk -fstrict-aliasing -Wprotocol -Wdeprecated-declarations -Wno-sign-conversion -Wno-infinite-recursion -Wno-comma -Wno-block-capture-autoreleasing -Wno-strict-prototypes -Wno-semicolon-before-method-body -index-store-path /Users/aadityasingh/Library/Developer/Xcode/DerivedData/Chatlio-erkyzdeecsohoaggpwbjdvavzqfv/Index.noindex/DataStore @/Users/aadityasingh/Library/Developer/Xcode/DerivedData/Chatlio-erkyzdeecsohoaggpwbjdvavzqfv/Build/Intermediates.noindex/DTFoundation.build/Debug-iphonesimulator/DTFoundation.build/Objects-normal/x86_64/e6072d4f65d7061329687fe24e3d63a7-common-args.resp -MMD -MT dependencies -MF /Users/aadityasingh/Library/Developer/Xcode/DerivedData/Chatlio-erkyzdeecsohoaggpwbjdvavzqfv/Build/Intermediates.noindex/DTFoundation.build/Debug-iphonesimulator/DTFoundation.build/Objects-normal/x86_64/NSObject+DTRuntime.d --serialize-diagnostics /Users/aadityasingh/Library/Developer/Xcode/DerivedData/Chatlio-erkyzdeecsohoaggpwbjdvavzqfv/Build/Intermediates.noindex/DTFoundation.build/Debug-iphonesimulator/DTFoundation.build/Objects-normal/x86_64/NSObject+DTRuntime.dia -c /Users/aadityasingh/Library/Developer/Xcode/DerivedData/Chatlio-erkyzdeecsohoaggpwbjdvavzqfv/SourcePackages/checkouts/DTFoundation/Core/Source/Runtime/NSObject+DTRuntime.m -o /Users/aadityasingh/Library/Developer/Xcode/DerivedData/Chatlio-erkyzdeecsohoaggpwbjdvavzqfv/Build/Intermediates.noindex/DTFoundation.build/Debug-iphonesimulator/DTFoundation.build/Objects-normal/x86_64/NSObject+DTRuntime.o -index-unit-output-path /DTFoundation.build/Debug-iphonesimulator/DTFoundation.build/Objects-normal/x86_64/NSObject+DTRuntime.o

CompileC /Users/aadityasingh/Library/Developer/Xcode/DerivedData/Chatlio-erkyzdeecsohoaggpwbjdvavzqfv/Build/Intermediates.noindex/DTFoundation.build/Debug-iphonesimulator/DTFoundation.build/Objects-normal/x86_64/NSMutableArray+DTMoving.o /Users/aadityasingh/Library/Developer/Xcode/DerivedData/Chatlio-erkyzdeecsohoaggpwbjdvavzqfv/SourcePackages/checkouts/DTFoundation/Core/Source/NSMutableArray+DTMoving.m normal x86_64 objective-c com.apple.compilers.llvm.clang.1_0.compiler (in target 'DTFoundation' from project 'DTFoundation')
    cd /Users/aadityasingh/Documents/Development/element-x-ios/Chatlio.xcodeproj
    
    Using response file: /Users/aadityasingh/Library/Developer/Xcode/DerivedData/Chatlio-erkyzdeecsohoaggpwbjdvavzqfv/Build/Intermediates.noindex/DTFoundation.build/Debug-iphonesimulator/DTFoundation.build/Objects-normal/x86_64/e6072d4f65d7061329687fe24e3d63a7-common-args.resp
    
    /Applications/Xcode.app/Contents/Developer/Toolchains/XcodeDefault.xctoolchain/usr/bin/clang -x objective-c -ivfsstatcache /Users/aadityasingh/Library/Developer/Xcode/DerivedData/SDKStatCaches.noindex/iphonesimulator26.4-23E252-686eebb5dc1d8ecb277353a59184f4aa.sdkstatcache -target x86_64-apple-ios12.0-simulator -fmessage-length\=0 -fdiagnostics-show-note-include-stack -fmacro-backtrace-limit\=0 -fno-color-diagnostics -fmodules-prune-interval\=86400 -fmodules-prune-after\=345600 -fbuild-session-file\=/Users/aadityasingh/Library/Developer/Xcode/DerivedData/ModuleCache.noindex/Session.modulevalidation -fmodules-validate-once-per-build-session -Wnon-modular-include-in-framework-module -Werror\=non-modular-include-in-framework-module -Wno-trigraphs -Wno-missing-field-initializers -Wno-missing-prototypes -Wno-return-type -Wno-implicit-atomic-properties -Wno-objc-interface-ivars -Wno-arc-repeated-use-of-weak -Wno-missing-braces -Wparentheses -Wswitch -Wno-unused-function -Wno-unused-label -Wno-unused-parameter -Wno-unused-variable -Wunused-value -Wno-empty-body -Wno-uninitialized -Wno-unknown-pragmas -w -Wno-shadow -Wno-four-char-constants -Wno-conversion -Wno-constant-conversion -Wno-int-conversion -Wno-bool-conversion -Wno-enum-conversion -Wno-float-conversion -Wno-non-literal-null-conversion -Wno-objc-literal-conversion -Wshorten-64-to-32 -Wpointer-sign -Wno-newline-eof -Wno-selector -Wno-strict-selector-match -Wno-undeclared-selector -Wno-deprecated-implementations -Wno-implicit-fallthrough -isysroot /Applications/Xcode.app/Contents/Developer/Platforms/iPhoneSimulator.platform/Developer/SDKs/iPhoneSimulator26.4.sdk -fstrict-aliasing -Wprotocol -Wdeprecated-declarations -Wno-sign-conversion -Wno-infinite-recursion -Wno-comma -Wno-block-capture-autoreleasing -Wno-strict-prototypes -Wno-semicolon-before-method-body -index-store-path /Users/aadityasingh/Library/Developer/Xcode/DerivedData/Chatlio-erkyzdeecsohoaggpwbjdvavzqfv/Index.noindex/DataStore @/Users/aadityasingh/Library/Developer/Xcode/DerivedData/Chatlio-erkyzdeecsohoaggpwbjdvavzqfv/Build/Intermediates.noindex/DTFoundation.build/Debug-iphonesimulator/DTFoundation.build/Objects-normal/x86_64/e6072d4f65d7061329687fe24e3d63a7-common-args.resp -MMD -MT dependencies -MF /Users/aadityasingh/Library/Developer/Xcode/DerivedData/Chatlio-erkyzdeecsohoaggpwbjdvavzqfv/Build/Intermediates.noindex/DTFoundation.build/Debug-iphonesimulator/DTFoundation.build/Objects-normal/x86_64/NSMutableArray+DTMoving.d --serialize-diagnostics /Users/aadityasingh/Library/Developer/Xcode/DerivedData/Chatlio-erkyzdeecsohoaggpwbjdvavzqfv/Build/Intermediates.noindex/DTFoundation.build/Debug-iphonesimulator/DTFoundation.build/Objects-normal/x86_64/NSMutableArray+DTMoving.dia -c /Users/aadityasingh/Library/Developer/Xcode/DerivedData/Chatlio-erkyzdeecsohoaggpwbjdvavzqfv/SourcePackages/checkouts/DTFoundation/Core/Source/NSMutableArray+DTMoving.m -o /Users/aadityasingh/Library/Developer/Xcode/DerivedData/Chatlio-erkyzdeecsohoaggpwbjdvavzqfv/Build/Intermediates.noindex/DTFoundation.build/Debug-iphonesimulator/DTFoundation.build/Objects-normal/x86_64/NSMutableArray+DTMoving.o -index-unit-output-path /DTFoundation.build/Debug-iphonesimulator/DTFoundation.build/Objects-normal/x86_64/NSMutableArray+DTMoving.o

CompileC /Users/aadityasingh/Library/Developer/Xcode/DerivedData/Chatlio-erkyzdeecsohoaggpwbjdvavzqfv/Build/Intermediates.noindex/DTFoundation.build/Debug-iphonesimulator/DTFoundation.build/Objects-normal/x86_64/NSFileWrapper+DTCopying.o /Users/aadityasingh/Library/Developer/Xcode/DerivedData/Chatlio-erkyzdeecsohoaggpwbjdvavzqfv/SourcePackages/checkouts/DTFoundation/Core/Source/NSFileWrapper+DTCopying.m normal x86_64 objective-c com.apple.compilers.llvm.clang.1_0.compiler (in target 'DTFoundation' from project 'DTFoundation')
    cd /Users/aadityasingh/Documents/Development/element-x-ios/Chatlio.xcodeproj
    
    Using response file: /Users/aadityasingh/Library/Developer/Xcode/DerivedData/Chatlio-erkyzdeecsohoaggpwbjdvavzqfv/Build/Intermediates.noindex/DTFoundation.build/Debug-iphonesimulator/DTFoundation.build/Objects-normal/x86_64/e6072d4f65d7061329687fe24e3d63a7-common-args.resp
    
    /Applications/Xcode.app/Contents/Developer/Toolchains/XcodeDefault.xctoolchain/usr/bin/clang -x objective-c -ivfsstatcache /Users/aadityasingh/Library/Developer/Xcode/DerivedData/SDKStatCaches.noindex/iphonesimulator26.4-23E252-686eebb5dc1d8ecb277353a59184f4aa.sdkstatcache -target x86_64-apple-ios12.0-simulator -fmessage-length\=0 -fdiagnostics-show-note-include-stack -fmacro-backtrace-limit\=0 -fno-color-diagnostics -fmodules-prune-interval\=86400 -fmodules-prune-after\=345600 -fbuild-session-file\=/Users/aadityasingh/Library/Developer/Xcode/DerivedData/ModuleCache.noindex/Session.modulevalidation -fmodules-validate-once-per-build-session -Wnon-modular-include-in-framework-module -Werror\=non-modular-include-in-framework-module -Wno-trigraphs -Wno-missing-field-initializers -Wno-missing-prototypes -Wno-return-type -Wno-implicit-atomic-properties -Wno-objc-interface-ivars -Wno-arc-repeated-use-of-weak -Wno-missing-braces -Wparentheses -Wswitch -Wno-unused-function -Wno-unused-label -Wno-unused-parameter -Wno-unused-variable -Wunused-value -Wno-empty-body -Wno-uninitialized -Wno-unknown-pragmas -w -Wno-shadow -Wno-four-char-constants -Wno-conversion -Wno-constant-conversion -Wno-int-conversion -Wno-bool-conversion -Wno-enum-conversion -Wno-float-conversion -Wno-non-literal-null-conversion -Wno-objc-literal-conversion -Wshorten-64-to-32 -Wpointer-sign -Wno-newline-eof -Wno-selector -Wno-strict-selector-match -Wno-undeclared-selector -Wno-deprecated-implementations -Wno-implicit-fallthrough -isysroot /Applications/Xcode.app/Contents/Developer/Platforms/iPhoneSimulator.platform/Developer/SDKs/iPhoneSimulator26.4.sdk -fstrict-aliasing -Wprotocol -Wdeprecated-declarations -Wno-sign-conversion -Wno-infinite-recursion -Wno-comma -Wno-block-capture-autoreleasing -Wno-strict-prototypes -Wno-semicolon-before-method-body -index-store-path /Users/aadityasingh/Library/Developer/Xcode/DerivedData/Chatlio-erkyzdeecsohoaggpwbjdvavzqfv/Index.noindex/DataStore @/Users/aadityasingh/Library/Developer/Xcode/DerivedData/Chatlio-erkyzdeecsohoaggpwbjdvavzqfv/Build/Intermediates.noindex/DTFoundation.build/Debug-iphonesimulator/DTFoundation.build/Objects-normal/x86_64/e6072d4f65d7061329687fe24e3d63a7-common-args.resp -MMD -MT dependencies -MF /Users/aadityasingh/Library/Developer/Xcode/DerivedData/Chatlio-erkyzdeecsohoaggpwbjdvavzqfv/Build/Intermediates.noindex/DTFoundation.build/Debug-iphonesimulator/DTFoundation.build/Objects-normal/x86_64/NSFileWrapper+DTCopying.d --serialize-diagnostics /Users/aadityasingh/Library/Developer/Xcode/DerivedData/Chatlio-erkyzdeecsohoaggpwbjdvavzqfv/Build/Intermediates.noindex/DTFoundation.build/Debug-iphonesimulator/DTFoundation.build/Objects-normal/x86_64/NSFileWrapper+DTCopying.dia -c /Users/aadityasingh/Library/Developer/Xcode/DerivedData/Chatlio-erkyzdeecsohoaggpwbjdvavzqfv/SourcePackages/checkouts/DTFoundation/Core/Source/NSFileWrapper+DTCopying.m -o /Users/aadityasingh/Library/Developer/Xcode/DerivedData/Chatlio-erkyzdeecsohoaggpwbjdvavzqfv/Build/Intermediates.noindex/DTFoundation.build/Debug-iphonesimulator/DTFoundation.build/Objects-normal/x86_64/NSFileWrapper+DTCopying.o -index-unit-output-path /DTFoundation.build/Debug-iphonesimulator/DTFoundation.build/Objects-normal/x86_64/NSFileWrapper+DTCopying.o

CompileC /Users/aadityasingh/Library/Developer/Xcode/DerivedData/Chatlio-erkyzdeecsohoaggpwbjdvavzqfv/Build/Intermediates.noindex/DTFoundation.build/Debug-iphonesimulator/DTFoundation.build/Objects-normal/x86_64/NSDictionary+DTError.o /Users/aadityasingh/Library/Developer/Xcode/DerivedData/Chatlio-erkyzdeecsohoaggpwbjdvavzqfv/SourcePackages/checkouts/DTFoundation/Core/Source/NSDictionary+DTError.m normal x86_64 objective-c com.apple.compilers.llvm.clang.1_0.compiler (in target 'DTFoundation' from project 'DTFoundation')
    cd /Users/aadityasingh/Documents/Development/element-x-ios/Chatlio.xcodeproj
    
    Using response file: /Users/aadityasingh/Library/Developer/Xcode/DerivedData/Chatlio-erkyzdeecsohoaggpwbjdvavzqfv/Build/Intermediates.noindex/DTFoundation.build/Debug-iphonesimulator/DTFoundation.build/Objects-normal/x86_64/e6072d4f65d7061329687fe24e3d63a7-common-args.resp
    
    /Applications/Xcode.app/Contents/Developer/Toolchains/XcodeDefault.xctoolchain/usr/bin/clang -x objective-c -ivfsstatcache /Users/aadityasingh/Library/Developer/Xcode/DerivedData/SDKStatCaches.noindex/iphonesimulator26.4-23E252-686eebb5dc1d8ecb277353a59184f4aa.sdkstatcache -target x86_64-apple-ios12.0-simulator -fmessage-length\=0 -fdiagnostics-show-note-include-stack -fmacro-backtrace-limit\=0 -fno-color-diagnostics -fmodules-prune-interval\=86400 -fmodules-prune-after\=345600 -fbuild-session-file\=/Users/aadityasingh/Library/Developer/Xcode/DerivedData/ModuleCache.noindex/Session.modulevalidation -fmodules-validate-once-per-build-session -Wnon-modular-include-in-framework-module -Werror\=non-modular-include-in-framework-module -Wno-trigraphs -Wno-missing-field-initializers -Wno-missing-prototypes -Wno-return-type -Wno-implicit-atomic-properties -Wno-objc-interface-ivars -Wno-arc-repeated-use-of-weak -Wno-missing-braces -Wparentheses -Wswitch -Wno-unused-function -Wno-unused-label -Wno-unused-parameter -Wno-unused-variable -Wunused-value -Wno-empty-body -Wno-uninitialized -Wno-unknown-pragmas -w -Wno-shadow -Wno-four-char-constants -Wno-conversion -Wno-constant-conversion -Wno-int-conversion -Wno-bool-conversion -Wno-enum-conversion -Wno-float-conversion -Wno-non-literal-null-conversion -Wno-objc-literal-conversion -Wshorten-64-to-32 -Wpointer-sign -Wno-newline-eof -Wno-selector -Wno-strict-selector-match -Wno-undeclared-selector -Wno-deprecated-implementations -Wno-implicit-fallthrough -isysroot /Applications/Xcode.app/Contents/Developer/Platforms/iPhoneSimulator.platform/Developer/SDKs/iPhoneSimulator26.4.sdk -fstrict-aliasing -Wprotocol -Wdeprecated-declarations -Wno-sign-conversion -Wno-infinite-recursion -Wno-comma -Wno-block-capture-autoreleasing -Wno-strict-prototypes -Wno-semicolon-before-method-body -index-store-path /Users/aadityasingh/Library/Developer/Xcode/DerivedData/Chatlio-erkyzdeecsohoaggpwbjdvavzqfv/Index.noindex/DataStore @/Users/aadityasingh/Library/Developer/Xcode/DerivedData/Chatlio-erkyzdeecsohoaggpwbjdvavzqfv/Build/Intermediates.noindex/DTFoundation.build/Debug-iphonesimulator/DTFoundation.build/Objects-normal/x86_64/e6072d4f65d7061329687fe24e3d63a7-common-args.resp -MMD -MT dependencies -MF /Users/aadityasingh/Library/Developer/Xcode/DerivedData/Chatlio-erkyzdeecsohoaggpwbjdvavzqfv/Build/Intermediates.noindex/DTFoundation.build/Debug-iphonesimulator/DTFoundation.build/Objects-normal/x86_64/NSDictionary+DTError.d --serialize-diagnostics /Users/aadityasingh/Library/Developer/Xcode/DerivedData/Chatlio-erkyzdeecsohoaggpwbjdvavzqfv/Build/Intermediates.noindex/DTFoundation.build/Debug-iphonesimulator/DTFoundation.build/Objects-normal/x86_64/NSDictionary+DTError.dia -c /Users/aadityasingh/Library/Developer/Xcode/DerivedData/Chatlio-erkyzdeecsohoaggpwbjdvavzqfv/SourcePackages/checkouts/DTFoundation/Core/Source/NSDictionary+DTError.m -o /Users/aadityasingh/Library/Developer/Xcode/DerivedData/Chatlio-erkyzdeecsohoaggpwbjdvavzqfv/Build/Intermediates.noindex/DTFoundation.build/Debug-iphonesimulator/DTFoundation.build/Objects-normal/x86_64/NSDictionary+DTError.o -index-unit-output-path /DTFoundation.build/Debug-iphonesimulator/DTFoundation.build/Objects-normal/x86_64/NSDictionary+DTError.o

CompileC /Users/aadityasingh/Library/Developer/Xcode/DerivedData/Chatlio-erkyzdeecsohoaggpwbjdvavzqfv/Build/Intermediates.noindex/DTFoundation.build/Debug-iphonesimulator/DTFoundation.build/Objects-normal/x86_64/NSData+DTCrypto.o /Users/aadityasingh/Library/Developer/Xcode/DerivedData/Chatlio-erkyzdeecsohoaggpwbjdvavzqfv/SourcePackages/checkouts/DTFoundation/Core/Source/NSData+DTCrypto.m normal x86_64 objective-c com.apple.compilers.llvm.clang.1_0.compiler (in target 'DTFoundation' from project 'DTFoundation')
    cd /Users/aadityasingh/Documents/Development/element-x-ios/Chatlio.xcodeproj
    
    Using response file: /Users/aadityasingh/Library/Developer/Xcode/DerivedData/Chatlio-erkyzdeecsohoaggpwbjdvavzqfv/Build/Intermediates.noindex/DTFoundation.build/Debug-iphonesimulator/DTFoundation.build/Objects-normal/x86_64/e6072d4f65d7061329687fe24e3d63a7-common-args.resp
    
    /Applications/Xcode.app/Contents/Developer/Toolchains/XcodeDefault.xctoolchain/usr/bin/clang -x objective-c -ivfsstatcache /Users/aadityasingh/Library/Developer/Xcode/DerivedData/SDKStatCaches.noindex/iphonesimulator26.4-23E252-686eebb5dc1d8ecb277353a59184f4aa.sdkstatcache -target x86_64-apple-ios12.0-simulator -fmessage-length\=0 -fdiagnostics-show-note-include-stack -fmacro-backtrace-limit\=0 -fno-color-diagnostics -fmodules-prune-interval\=86400 -fmodules-prune-after\=345600 -fbuild-session-file\=/Users/aadityasingh/Library/Developer/Xcode/DerivedData/ModuleCache.noindex/Session.modulevalidation -fmodules-validate-once-per-build-session -Wnon-modular-include-in-framework-module -Werror\=non-modular-include-in-framework-module -Wno-trigraphs -Wno-missing-field-initializers -Wno-missing-prototypes -Wno-return-type -Wno-implicit-atomic-properties -Wno-objc-interface-ivars -Wno-arc-repeated-use-of-weak -Wno-missing-braces -Wparentheses -Wswitch -Wno-unused-function -Wno-unused-label -Wno-unused-parameter -Wno-unused-variable -Wunused-value -Wno-empty-body -Wno-uninitialized -Wno-unknown-pragmas -w -Wno-shadow -Wno-four-char-constants -Wno-conversion -Wno-constant-conversion -Wno-int-conversion -Wno-bool-conversion -Wno-enum-conversion -Wno-float-conversion -Wno-non-literal-null-conversion -Wno-objc-literal-conversion -Wshorten-64-to-32 -Wpointer-sign -Wno-newline-eof -Wno-selector -Wno-strict-selector-match -Wno-undeclared-selector -Wno-deprecated-implementations -Wno-implicit-fallthrough -isysroot /Applications/Xcode.app/Contents/Developer/Platforms/iPhoneSimulator.platform/Developer/SDKs/iPhoneSimulator26.4.sdk -fstrict-aliasing -Wprotocol -Wdeprecated-declarations -Wno-sign-conversion -Wno-infinite-recursion -Wno-comma -Wno-block-capture-autoreleasing -Wno-strict-prototypes -Wno-semicolon-before-method-body -index-store-path /Users/aadityasingh/Library/Developer/Xcode/DerivedData/Chatlio-erkyzdeecsohoaggpwbjdvavzqfv/Index.noindex/DataStore @/Users/aadityasingh/Library/Developer/Xcode/DerivedData/Chatlio-erkyzdeecsohoaggpwbjdvavzqfv/Build/Intermediates.noindex/DTFoundation.build/Debug-iphonesimulator/DTFoundation.build/Objects-normal/x86_64/e6072d4f65d7061329687fe24e3d63a7-common-args.resp -MMD -MT dependencies -MF /Users/aadityasingh/Library/Developer/Xcode/DerivedData/Chatlio-erkyzdeecsohoaggpwbjdvavzqfv/Build/Intermediates.noindex/DTFoundation.build/Debug-iphonesimulator/DTFoundation.build/Objects-normal/x86_64/NSData+DTCrypto.d --serialize-diagnostics /Users/aadityasingh/Library/Developer/Xcode/DerivedData/Chatlio-erkyzdeecsohoaggpwbjdvavzqfv/Build/Intermediates.noindex/DTFoundation.build/Debug-iphonesimulator/DTFoundation.build/Objects-normal/x86_64/NSData+DTCrypto.dia -c /Users/aadityasingh/Library/Developer/Xcode/DerivedData/Chatlio-erkyzdeecsohoaggpwbjdvavzqfv/SourcePackages/checkouts/DTFoundation/Core/Source/NSData+DTCrypto.m -o /Users/aadityasingh/Library/Developer/Xcode/DerivedData/Chatlio-erkyzdeecsohoaggpwbjdvavzqfv/Build/Intermediates.noindex/DTFoundation.build/Debug-iphonesimulator/DTFoundation.build/Objects-normal/x86_64/NSData+DTCrypto.o -index-unit-output-path /DTFoundation.build/Debug-iphonesimulator/DTFoundation.build/Objects-normal/x86_64/NSData+DTCrypto.o

CompileC /Users/aadityasingh/Library/Developer/Xcode/DerivedData/Chatlio-erkyzdeecsohoaggpwbjdvavzqfv/Build/Intermediates.noindex/DTFoundation.build/Debug-iphonesimulator/DTFoundation.build/Objects-normal/x86_64/NSArray+DTError.o /Users/aadityasingh/Library/Developer/Xcode/DerivedData/Chatlio-erkyzdeecsohoaggpwbjdvavzqfv/SourcePackages/checkouts/DTFoundation/Core/Source/NSArray+DTError.m normal x86_64 objective-c com.apple.compilers.llvm.clang.1_0.compiler (in target 'DTFoundation' from project 'DTFoundation')
    cd /Users/aadityasingh/Documents/Development/element-x-ios/Chatlio.xcodeproj
    
    Using response file: /Users/aadityasingh/Library/Developer/Xcode/DerivedData/Chatlio-erkyzdeecsohoaggpwbjdvavzqfv/Build/Intermediates.noindex/DTFoundation.build/Debug-iphonesimulator/DTFoundation.build/Objects-normal/x86_64/e6072d4f65d7061329687fe24e3d63a7-common-args.resp
    
    /Applications/Xcode.app/Contents/Developer/Toolchains/XcodeDefault.xctoolchain/usr/bin/clang -x objective-c -ivfsstatcache /Users/aadityasingh/Library/Developer/Xcode/DerivedData/SDKStatCaches.noindex/iphonesimulator26.4-23E252-686eebb5dc1d8ecb277353a59184f4aa.sdkstatcache -target x86_64-apple-ios12.0-simulator -fmessage-length\=0 -fdiagnostics-show-note-include-stack -fmacro-backtrace-limit\=0 -fno-color-diagnostics -fmodules-prune-interval\=86400 -fmodules-prune-after\=345600 -fbuild-session-file\=/Users/aadityasingh/Library/Developer/Xcode/DerivedData/ModuleCache.noindex/Session.modulevalidation -fmodules-validate-once-per-build-session -Wnon-modular-include-in-framework-module -Werror\=non-modular-include-in-framework-module -Wno-trigraphs -Wno-missing-field-initializers -Wno-missing-prototypes -Wno-return-type -Wno-implicit-atomic-properties -Wno-objc-interface-ivars -Wno-arc-repeated-use-of-weak -Wno-missing-braces -Wparentheses -Wswitch -Wno-unused-function -Wno-unused-label -Wno-unused-parameter -Wno-unused-variable -Wunused-value -Wno-empty-body -Wno-uninitialized -Wno-unknown-pragmas -w -Wno-shadow -Wno-four-char-constants -Wno-conversion -Wno-constant-conversion -Wno-int-conversion -Wno-bool-conversion -Wno-enum-conversion -Wno-float-conversion -Wno-non-literal-null-conversion -Wno-objc-literal-conversion -Wshorten-64-to-32 -Wpointer-sign -Wno-newline-eof -Wno-selector -Wno-strict-selector-match -Wno-undeclared-selector -Wno-deprecated-implementations -Wno-implicit-fallthrough -isysroot /Applications/Xcode.app/Contents/Developer/Platforms/iPhoneSimulator.platform/Developer/SDKs/iPhoneSimulator26.4.sdk -fstrict-aliasing -Wprotocol -Wdeprecated-declarations -Wno-sign-conversion -Wno-infinite-recursion -Wno-comma -Wno-block-capture-autoreleasing -Wno-strict-prototypes -Wno-semicolon-before-method-body -index-store-path /Users/aadityasingh/Library/Developer/Xcode/DerivedData/Chatlio-erkyzdeecsohoaggpwbjdvavzqfv/Index.noindex/DataStore @/Users/aadityasingh/Library/Developer/Xcode/DerivedData/Chatlio-erkyzdeecsohoaggpwbjdvavzqfv/Build/Intermediates.noindex/DTFoundation.build/Debug-iphonesimulator/DTFoundation.build/Objects-normal/x86_64/e6072d4f65d7061329687fe24e3d63a7-common-args.resp -MMD -MT dependencies -MF /Users/aadityasingh/Library/Developer/Xcode/DerivedData/Chatlio-erkyzdeecsohoaggpwbjdvavzqfv/Build/Intermediates.noindex/DTFoundation.build/Debug-iphonesimulator/DTFoundation.build/Objects-normal/x86_64/NSArray+DTError.d --serialize-diagnostics /Users/aadityasingh/Library/Developer/Xcode/DerivedData/Chatlio-erkyzdeecsohoaggpwbjdvavzqfv/Build/Intermediates.noindex/DTFoundation.build/Debug-iphonesimulator/DTFoundation.build/Objects-normal/x86_64/NSArray+DTError.dia -c /Users/aadityasingh/Library/Developer/Xcode/DerivedData/Chatlio-erkyzdeecsohoaggpwbjdvavzqfv/SourcePackages/checkouts/DTFoundation/Core/Source/NSArray+DTError.m -o /Users/aadityasingh/Library/Developer/Xcode/DerivedData/Chatlio-erkyzdeecsohoaggpwbjdvavzqfv/Build/Intermediates.noindex/DTFoundation.build/Debug-iphonesimulator/DTFoundation.build/Objects-normal/x86_64/NSArray+DTError.o -index-unit-output-path /DTFoundation.build/Debug-iphonesimulator/DTFoundation.build/Objects-normal/x86_64/NSArray+DTError.o

CompileC /Users/aadityasingh/Library/Developer/Xcode/DerivedData/Chatlio-erkyzdeecsohoaggpwbjdvavzqfv/Build/Intermediates.noindex/DTFoundation.build/Debug-iphonesimulator/DTFoundation.build/Objects-normal/x86_64/DTZipArchivePKZip.o /Users/aadityasingh/Library/Developer/Xcode/DerivedData/Chatlio-erkyzdeecsohoaggpwbjdvavzqfv/SourcePackages/checkouts/DTFoundation/Core/Source/DTZipArchive/DTZipArchivePKZip.m normal x86_64 objective-c com.apple.compilers.llvm.clang.1_0.compiler (in target 'DTFoundation' from project 'DTFoundation')
    cd /Users/aadityasingh/Documents/Development/element-x-ios/Chatlio.xcodeproj
    
    Using response file: /Users/aadityasingh/Library/Developer/Xcode/DerivedData/Chatlio-erkyzdeecsohoaggpwbjdvavzqfv/Build/Intermediates.noindex/DTFoundation.build/Debug-iphonesimulator/DTFoundation.build/Objects-normal/x86_64/e6072d4f65d7061329687fe24e3d63a7-common-args.resp
    
    /Applications/Xcode.app/Contents/Developer/Toolchains/XcodeDefault.xctoolchain/usr/bin/clang -x objective-c -ivfsstatcache /Users/aadityasingh/Library/Developer/Xcode/DerivedData/SDKStatCaches.noindex/iphonesimulator26.4-23E252-686eebb5dc1d8ecb277353a59184f4aa.sdkstatcache -target x86_64-apple-ios12.0-simulator -fmessage-length\=0 -fdiagnostics-show-note-include-stack -fmacro-backtrace-limit\=0 -fno-color-diagnostics -fmodules-prune-interval\=86400 -fmodules-prune-after\=345600 -fbuild-session-file\=/Users/aadityasingh/Library/Developer/Xcode/DerivedData/ModuleCache.noindex/Session.modulevalidation -fmodules-validate-once-per-build-session -Wnon-modular-include-in-framework-module -Werror\=non-modular-include-in-framework-module -Wno-trigraphs -Wno-missing-field-initializers -Wno-missing-prototypes -Wno-return-type -Wno-implicit-atomic-properties -Wno-objc-interface-ivars -Wno-arc-repeated-use-of-weak -Wno-missing-braces -Wparentheses -Wswitch -Wno-unused-function -Wno-unused-label -Wno-unused-parameter -Wno-unused-variable -Wunused-value -Wno-empty-body -Wno-uninitialized -Wno-unknown-pragmas -w -Wno-shadow -Wno-four-char-constants -Wno-conversion -Wno-constant-conversion -Wno-int-conversion -Wno-bool-conversion -Wno-enum-conversion -Wno-float-conversion -Wno-non-literal-null-conversion -Wno-objc-literal-conversion -Wshorten-64-to-32 -Wpointer-sign -Wno-newline-eof -Wno-selector -Wno-strict-selector-match -Wno-undeclared-selector -Wno-deprecated-implementations -Wno-implicit-fallthrough -isysroot /Applications/Xcode.app/Contents/Developer/Platforms/iPhoneSimulator.platform/Developer/SDKs/iPhoneSimulator26.4.sdk -fstrict-aliasing -Wprotocol -Wdeprecated-declarations -Wno-sign-conversion -Wno-infinite-recursion -Wno-comma -Wno-block-capture-autoreleasing -Wno-strict-prototypes -Wno-semicolon-before-method-body -index-store-path /Users/aadityasingh/Library/Developer/Xcode/DerivedData/Chatlio-erkyzdeecsohoaggpwbjdvavzqfv/Index.noindex/DataStore @/Users/aadityasingh/Library/Developer/Xcode/DerivedData/Chatlio-erkyzdeecsohoaggpwbjdvavzqfv/Build/Intermediates.noindex/DTFoundation.build/Debug-iphonesimulator/DTFoundation.build/Objects-normal/x86_64/e6072d4f65d7061329687fe24e3d63a7-common-args.resp -MMD -MT dependencies -MF /Users/aadityasingh/Library/Developer/Xcode/DerivedData/Chatlio-erkyzdeecsohoaggpwbjdvavzqfv/Build/Intermediates.noindex/DTFoundation.build/Debug-iphonesimulator/DTFoundation.build/Objects-normal/x86_64/DTZipArchivePKZip.d --serialize-diagnostics /Users/aadityasingh/Library/Developer/Xcode/DerivedData/Chatlio-erkyzdeecsohoaggpwbjdvavzqfv/Build/Intermediates.noindex/DTFoundation.build/Debug-iphonesimulator/DTFoundation.build/Objects-normal/x86_64/DTZipArchivePKZip.dia -c /Users/aadityasingh/Library/Developer/Xcode/DerivedData/Chatlio-erkyzdeecsohoaggpwbjdvavzqfv/SourcePackages/checkouts/DTFoundation/Core/Source/DTZipArchive/DTZipArchivePKZip.m -o /Users/aadityasingh/Library/Developer/Xcode/DerivedData/Chatlio-erkyzdeecsohoaggpwbjdvavzqfv/Build/Intermediates.noindex/DTFoundation.build/Debug-iphonesimulator/DTFoundation.build/Objects-normal/x86_64/DTZipArchivePKZip.o -index-unit-output-path /DTFoundation.build/Debug-iphonesimulator/DTFoundation.build/Objects-normal/x86_64/DTZipArchivePKZip.o

CompileC /Users/aadityasingh/Library/Developer/Xcode/DerivedData/Chatlio-erkyzdeecsohoaggpwbjdvavzqfv/Build/Intermediates.noindex/DTFoundation.build/Debug-iphonesimulator/DTFoundation.build/Objects-normal/x86_64/DTZipArchiveNode.o /Users/aadityasingh/Library/Developer/Xcode/DerivedData/Chatlio-erkyzdeecsohoaggpwbjdvavzqfv/SourcePackages/checkouts/DTFoundation/Core/Source/DTZipArchive/DTZipArchiveNode.m normal x86_64 objective-c com.apple.compilers.llvm.clang.1_0.compiler (in target 'DTFoundation' from project 'DTFoundation')
    cd /Users/aadityasingh/Documents/Development/element-x-ios/Chatlio.xcodeproj
    
    Using response file: /Users/aadityasingh/Library/Developer/Xcode/DerivedData/Chatlio-erkyzdeecsohoaggpwbjdvavzqfv/Build/Intermediates.noindex/DTFoundation.build/Debug-iphonesimulator/DTFoundation.build/Objects-normal/x86_64/e6072d4f65d7061329687fe24e3d63a7-common-args.resp
    
    /Applications/Xcode.app/Contents/Developer/Toolchains/XcodeDefault.xctoolchain/usr/bin/clang -x objective-c -ivfsstatcache /Users/aadityasingh/Library/Developer/Xcode/DerivedData/SDKStatCaches.noindex/iphonesimulator26.4-23E252-686eebb5dc1d8ecb277353a59184f4aa.sdkstatcache -target x86_64-apple-ios12.0-simulator -fmessage-length\=0 -fdiagnostics-show-note-include-stack -fmacro-backtrace-limit\=0 -fno-color-diagnostics -fmodules-prune-interval\=86400 -fmodules-prune-after\=345600 -fbuild-session-file\=/Users/aadityasingh/Library/Developer/Xcode/DerivedData/ModuleCache.noindex/Session.modulevalidation -fmodules-validate-once-per-build-session -Wnon-modular-include-in-framework-module -Werror\=non-modular-include-in-framework-module -Wno-trigraphs -Wno-missing-field-initializers -Wno-missing-prototypes -Wno-return-type -Wno-implicit-atomic-properties -Wno-objc-interface-ivars -Wno-arc-repeated-use-of-weak -Wno-missing-braces -Wparentheses -Wswitch -Wno-unused-function -Wno-unused-label -Wno-unused-parameter -Wno-unused-variable -Wunused-value -Wno-empty-body -Wno-uninitialized -Wno-unknown-pragmas -w -Wno-shadow -Wno-four-char-constants -Wno-conversion -Wno-constant-conversion -Wno-int-conversion -Wno-bool-conversion -Wno-enum-conversion -Wno-float-conversion -Wno-non-literal-null-conversion -Wno-objc-literal-conversion -Wshorten-64-to-32 -Wpointer-sign -Wno-newline-eof -Wno-selector -Wno-strict-selector-match -Wno-undeclared-selector -Wno-deprecated-implementations -Wno-implicit-fallthrough -isysroot /Applications/Xcode.app/Contents/Developer/Platforms/iPhoneSimulator.platform/Developer/SDKs/iPhoneSimulator26.4.sdk -fstrict-aliasing -Wprotocol -Wdeprecated-declarations -Wno-sign-conversion -Wno-infinite-recursion -Wno-comma -Wno-block-capture-autoreleasing -Wno-strict-prototypes -Wno-semicolon-before-method-body -index-store-path /Users/aadityasingh/Library/Developer/Xcode/DerivedData/Chatlio-erkyzdeecsohoaggpwbjdvavzqfv/Index.noindex/DataStore @/Users/aadityasingh/Library/Developer/Xcode/DerivedData/Chatlio-erkyzdeecsohoaggpwbjdvavzqfv/Build/Intermediates.noindex/DTFoundation.build/Debug-iphonesimulator/DTFoundation.build/Objects-normal/x86_64/e6072d4f65d7061329687fe24e3d63a7-common-args.resp -MMD -MT dependencies -MF /Users/aadityasingh/Library/Developer/Xcode/DerivedData/Chatlio-erkyzdeecsohoaggpwbjdvavzqfv/Build/Intermediates.noindex/DTFoundation.build/Debug-iphonesimulator/DTFoundation.build/Objects-normal/x86_64/DTZipArchiveNode.d --serialize-diagnostics /Users/aadityasingh/Library/Developer/Xcode/DerivedData/Chatlio-erkyzdeecsohoaggpwbjdvavzqfv/Build/Intermediates.noindex/DTFoundation.build/Debug-iphonesimulator/DTFoundation.build/Objects-normal/x86_64/DTZipArchiveNode.dia -c /Users/aadityasingh/Library/Developer/Xcode/DerivedData/Chatlio-erkyzdeecsohoaggpwbjdvavzqfv/SourcePackages/checkouts/DTFoundation/Core/Source/DTZipArchive/DTZipArchiveNode.m -o /Users/aadityasingh/Library/Developer/Xcode/DerivedData/Chatlio-erkyzdeecsohoaggpwbjdvavzqfv/Build/Intermediates.noindex/DTFoundation.build/Debug-iphonesimulator/DTFoundation.build/Objects-normal/x86_64/DTZipArchiveNode.o -index-unit-output-path /DTFoundation.build/Debug-iphonesimulator/DTFoundation.build/Objects-normal/x86_64/DTZipArchiveNode.o

CompileC /Users/aadityasingh/Library/Developer/Xcode/DerivedData/Chatlio-erkyzdeecsohoaggpwbjdvavzqfv/Build/Intermediates.noindex/DTFoundation.build/Debug-iphonesimulator/DTFoundation.build/Objects-normal/x86_64/DTZipArchiveGZip.o /Users/aadityasingh/Library/Developer/Xcode/DerivedData/Chatlio-erkyzdeecsohoaggpwbjdvavzqfv/SourcePackages/checkouts/DTFoundation/Core/Source/DTZipArchive/DTZipArchiveGZip.m normal x86_64 objective-c com.apple.compilers.llvm.clang.1_0.compiler (in target 'DTFoundation' from project 'DTFoundation')
    cd /Users/aadityasingh/Documents/Development/element-x-ios/Chatlio.xcodeproj
    
    Using response file: /Users/aadityasingh/Library/Developer/Xcode/DerivedData/Chatlio-erkyzdeecsohoaggpwbjdvavzqfv/Build/Intermediates.noindex/DTFoundation.build/Debug-iphonesimulator/DTFoundation.build/Objects-normal/x86_64/e6072d4f65d7061329687fe24e3d63a7-common-args.resp
    
    /Applications/Xcode.app/Contents/Developer/Toolchains/XcodeDefault.xctoolchain/usr/bin/clang -x objective-c -ivfsstatcache /Users/aadityasingh/Library/Developer/Xcode/DerivedData/SDKStatCaches.noindex/iphonesimulator26.4-23E252-686eebb5dc1d8ecb277353a59184f4aa.sdkstatcache -target x86_64-apple-ios12.0-simulator -fmessage-length\=0 -fdiagnostics-show-note-include-stack -fmacro-backtrace-limit\=0 -fno-color-diagnostics -fmodules-prune-interval\=86400 -fmodules-prune-after\=345600 -fbuild-session-file\=/Users/aadityasingh/Library/Developer/Xcode/DerivedData/ModuleCache.noindex/Session.modulevalidation -fmodules-validate-once-per-build-session -Wnon-modular-include-in-framework-module -Werror\=non-modular-include-in-framework-module -Wno-trigraphs -Wno-missing-field-initializers -Wno-missing-prototypes -Wno-return-type -Wno-implicit-atomic-properties -Wno-objc-interface-ivars -Wno-arc-repeated-use-of-weak -Wno-missing-braces -Wparentheses -Wswitch -Wno-unused-function -Wno-unused-label -Wno-unused-parameter -Wno-unused-variable -Wunused-value -Wno-empty-body -Wno-uninitialized -Wno-unknown-pragmas -w -Wno-shadow -Wno-four-char-constants -Wno-conversion -Wno-constant-conversion -Wno-int-conversion -Wno-bool-conversion -Wno-enum-conversion -Wno-float-conversion -Wno-non-literal-null-conversion -Wno-objc-literal-conversion -Wshorten-64-to-32 -Wpointer-sign -Wno-newline-eof -Wno-selector -Wno-strict-selector-match -Wno-undeclared-selector -Wno-deprecated-implementations -Wno-implicit-fallthrough -isysroot /Applications/Xcode.app/Contents/Developer/Platforms/iPhoneSimulator.platform/Developer/SDKs/iPhoneSimulator26.4.sdk -fstrict-aliasing -Wprotocol -Wdeprecated-declarations -Wno-sign-conversion -Wno-infinite-recursion -Wno-comma -Wno-block-capture-autoreleasing -Wno-strict-prototypes -Wno-semicolon-before-method-body -index-store-path /Users/aadityasingh/Library/Developer/Xcode/DerivedData/Chatlio-erkyzdeecsohoaggpwbjdvavzqfv/Index.noindex/DataStore @/Users/aadityasingh/Library/Developer/Xcode/DerivedData/Chatlio-erkyzdeecsohoaggpwbjdvavzqfv/Build/Intermediates.noindex/DTFoundation.build/Debug-iphonesimulator/DTFoundation.build/Objects-normal/x86_64/e6072d4f65d7061329687fe24e3d63a7-common-args.resp -MMD -MT dependencies -MF /Users/aadityasingh/Library/Developer/Xcode/DerivedData/Chatlio-erkyzdeecsohoaggpwbjdvavzqfv/Build/Intermediates.noindex/DTFoundation.build/Debug-iphonesimulator/DTFoundation.build/Objects-normal/x86_64/DTZipArchiveGZip.d --serialize-diagnostics /Users/aadityasingh/Library/Developer/Xcode/DerivedData/Chatlio-erkyzdeecsohoaggpwbjdvavzqfv/Build/Intermediates.noindex/DTFoundation.build/Debug-iphonesimulator/DTFoundation.build/Objects-normal/x86_64/DTZipArchiveGZip.dia -c /Users/aadityasingh/Library/Developer/Xcode/DerivedData/Chatlio-erkyzdeecsohoaggpwbjdvavzqfv/SourcePackages/checkouts/DTFoundation/Core/Source/DTZipArchive/DTZipArchiveGZip.m -o /Users/aadityasingh/Library/Developer/Xcode/DerivedData/Chatlio-erkyzdeecsohoaggpwbjdvavzqfv/Build/Intermediates.noindex/DTFoundation.build/Debug-iphonesimulator/DTFoundation.build/Objects-normal/x86_64/DTZipArchiveGZip.o -index-unit-output-path /DTFoundation.build/Debug-iphonesimulator/DTFoundation.build/Objects-normal/x86_64/DTZipArchiveGZip.o

CompileC /Users/aadityasingh/Library/Developer/Xcode/DerivedData/Chatlio-erkyzdeecsohoaggpwbjdvavzqfv/Build/Intermediates.noindex/DTFoundation.build/Debug-iphonesimulator/DTFoundation.build/Objects-normal/x86_64/DTZipArchive.o /Users/aadityasingh/Library/Developer/Xcode/DerivedData/Chatlio-erkyzdeecsohoaggpwbjdvavzqfv/SourcePackages/checkouts/DTFoundation/Core/Source/DTZipArchive/DTZipArchive.m normal x86_64 objective-c com.apple.compilers.llvm.clang.1_0.compiler (in target 'DTFoundation' from project 'DTFoundation')
    cd /Users/aadityasingh/Documents/Development/element-x-ios/Chatlio.xcodeproj
    
    Using response file: /Users/aadityasingh/Library/Developer/Xcode/DerivedData/Chatlio-erkyzdeecsohoaggpwbjdvavzqfv/Build/Intermediates.noindex/DTFoundation.build/Debug-iphonesimulator/DTFoundation.build/Objects-normal/x86_64/e6072d4f65d7061329687fe24e3d63a7-common-args.resp
    
    /Applications/Xcode.app/Contents/Developer/Toolchains/XcodeDefault.xctoolchain/usr/bin/clang -x objective-c -ivfsstatcache /Users/aadityasingh/Library/Developer/Xcode/DerivedData/SDKStatCaches.noindex/iphonesimulator26.4-23E252-686eebb5dc1d8ecb277353a59184f4aa.sdkstatcache -target x86_64-apple-ios12.0-simulator -fmessage-length\=0 -fdiagnostics-show-note-include-stack -fmacro-backtrace-limit\=0 -fno-color-diagnostics -fmodules-prune-interval\=86400 -fmodules-prune-after\=345600 -fbuild-session-file\=/Users/aadityasingh/Library/Developer/Xcode/DerivedData/ModuleCache.noindex/Session.modulevalidation -fmodules-validate-once-per-build-session -Wnon-modular-include-in-framework-module -Werror\=non-modular-include-in-framework-module -Wno-trigraphs -Wno-missing-field-initializers -Wno-missing-prototypes -Wno-return-type -Wno-implicit-atomic-properties -Wno-objc-interface-ivars -Wno-arc-repeated-use-of-weak -Wno-missing-braces -Wparentheses -Wswitch -Wno-unused-function -Wno-unused-label -Wno-unused-parameter -Wno-unused-variable -Wunused-value -Wno-empty-body -Wno-uninitialized -Wno-unknown-pragmas -w -Wno-shadow -Wno-four-char-constants -Wno-conversion -Wno-constant-conversion -Wno-int-conversion -Wno-bool-conversion -Wno-enum-conversion -Wno-float-conversion -Wno-non-literal-null-conversion -Wno-objc-literal-conversion -Wshorten-64-to-32 -Wpointer-sign -Wno-newline-eof -Wno-selector -Wno-strict-selector-match -Wno-undeclared-selector -Wno-deprecated-implementations -Wno-implicit-fallthrough -isysroot /Applications/Xcode.app/Contents/Developer/Platforms/iPhoneSimulator.platform/Developer/SDKs/iPhoneSimulator26.4.sdk -fstrict-aliasing -Wprotocol -Wdeprecated-declarations -Wno-sign-conversion -Wno-infinite-recursion -Wno-comma -Wno-block-capture-autoreleasing -Wno-strict-prototypes -Wno-semicolon-before-method-body -index-store-path /Users/aadityasingh/Library/Developer/Xcode/DerivedData/Chatlio-erkyzdeecsohoaggpwbjdvavzqfv/Index.noindex/DataStore @/Users/aadityasingh/Library/Developer/Xcode/DerivedData/Chatlio-erkyzdeecsohoaggpwbjdvavzqfv/Build/Intermediates.noindex/DTFoundation.build/Debug-iphonesimulator/DTFoundation.build/Objects-normal/x86_64/e6072d4f65d7061329687fe24e3d63a7-common-args.resp -MMD -MT dependencies -MF /Users/aadityasingh/Library/Developer/Xcode/DerivedData/Chatlio-erkyzdeecsohoaggpwbjdvavzqfv/Build/Intermediates.noindex/DTFoundation.build/Debug-iphonesimulator/DTFoundation.build/Objects-normal/x86_64/DTZipArchive.d --serialize-diagnostics /Users/aadityasingh/Library/Developer/Xcode/DerivedData/Chatlio-erkyzdeecsohoaggpwbjdvavzqfv/Build/Intermediates.noindex/DTFoundation.build/Debug-iphonesimulator/DTFoundation.build/Objects-normal/x86_64/DTZipArchive.dia -c /Users/aadityasingh/Library/Developer/Xcode/DerivedData/Chatlio-erkyzdeecsohoaggpwbjdvavzqfv/SourcePackages/checkouts/DTFoundation/Core/Source/DTZipArchive/DTZipArchive.m -o /Users/aadityasingh/Library/Developer/Xcode/DerivedData/Chatlio-erkyzdeecsohoaggpwbjdvavzqfv/Build/Intermediates.noindex/DTFoundation.build/Debug-iphonesimulator/DTFoundation.build/Objects-normal/x86_64/DTZipArchive.o -index-unit-output-path /DTFoundation.build/Debug-iphonesimulator/DTFoundation.build/Objects-normal/x86_64/DTZipArchive.o

CompileC /Users/aadityasingh/Library/Developer/Xcode/DerivedData/Chatlio-erkyzdeecsohoaggpwbjdvavzqfv/Build/Intermediates.noindex/DTFoundation.build/Debug-iphonesimulator/DTFoundation.build/Objects-normal/x86_64/DTScriptVariable.o /Users/aadityasingh/Library/Developer/Xcode/DerivedData/Chatlio-erkyzdeecsohoaggpwbjdvavzqfv/SourcePackages/checkouts/DTFoundation/Core/Source/DTScripting/DTScriptVariable.m normal x86_64 objective-c com.apple.compilers.llvm.clang.1_0.compiler (in target 'DTFoundation' from project 'DTFoundation')
    cd /Users/aadityasingh/Documents/Development/element-x-ios/Chatlio.xcodeproj
    
    Using response file: /Users/aadityasingh/Library/Developer/Xcode/DerivedData/Chatlio-erkyzdeecsohoaggpwbjdvavzqfv/Build/Intermediates.noindex/DTFoundation.build/Debug-iphonesimulator/DTFoundation.build/Objects-normal/x86_64/e6072d4f65d7061329687fe24e3d63a7-common-args.resp
    
    /Applications/Xcode.app/Contents/Developer/Toolchains/XcodeDefault.xctoolchain/usr/bin/clang -x objective-c -ivfsstatcache /Users/aadityasingh/Library/Developer/Xcode/DerivedData/SDKStatCaches.noindex/iphonesimulator26.4-23E252-686eebb5dc1d8ecb277353a59184f4aa.sdkstatcache -target x86_64-apple-ios12.0-simulator -fmessage-length\=0 -fdiagnostics-show-note-include-stack -fmacro-backtrace-limit\=0 -fno-color-diagnostics -fmodules-prune-interval\=86400 -fmodules-prune-after\=345600 -fbuild-session-file\=/Users/aadityasingh/Library/Developer/Xcode/DerivedData/ModuleCache.noindex/Session.modulevalidation -fmodules-validate-once-per-build-session -Wnon-modular-include-in-framework-module -Werror\=non-modular-include-in-framework-module -Wno-trigraphs -Wno-missing-field-initializers -Wno-missing-prototypes -Wno-return-type -Wno-implicit-atomic-properties -Wno-objc-interface-ivars -Wno-arc-repeated-use-of-weak -Wno-missing-braces -Wparentheses -Wswitch -Wno-unused-function -Wno-unused-label -Wno-unused-parameter -Wno-unused-variable -Wunused-value -Wno-empty-body -Wno-uninitialized -Wno-unknown-pragmas -w -Wno-shadow -Wno-four-char-constants -Wno-conversion -Wno-constant-conversion -Wno-int-conversion -Wno-bool-conversion -Wno-enum-conversion -Wno-float-conversion -Wno-non-literal-null-conversion -Wno-objc-literal-conversion -Wshorten-64-to-32 -Wpointer-sign -Wno-newline-eof -Wno-selector -Wno-strict-selector-match -Wno-undeclared-selector -Wno-deprecated-implementations -Wno-implicit-fallthrough -isysroot /Applications/Xcode.app/Contents/Developer/Platforms/iPhoneSimulator.platform/Developer/SDKs/iPhoneSimulator26.4.sdk -fstrict-aliasing -Wprotocol -Wdeprecated-declarations -Wno-sign-conversion -Wno-infinite-recursion -Wno-comma -Wno-block-capture-autoreleasing -Wno-strict-prototypes -Wno-semicolon-before-method-body -index-store-path /Users/aadityasingh/Library/Developer/Xcode/DerivedData/Chatlio-erkyzdeecsohoaggpwbjdvavzqfv/Index.noindex/DataStore @/Users/aadityasingh/Library/Developer/Xcode/DerivedData/Chatlio-erkyzdeecsohoaggpwbjdvavzqfv/Build/Intermediates.noindex/DTFoundation.build/Debug-iphonesimulator/DTFoundation.build/Objects-normal/x86_64/e6072d4f65d7061329687fe24e3d63a7-common-args.resp -MMD -MT dependencies -MF /Users/aadityasingh/Library/Developer/Xcode/DerivedData/Chatlio-erkyzdeecsohoaggpwbjdvavzqfv/Build/Intermediates.noindex/DTFoundation.build/Debug-iphonesimulator/DTFoundation.build/Objects-normal/x86_64/DTScriptVariable.d --serialize-diagnostics /Users/aadityasingh/Library/Developer/Xcode/DerivedData/Chatlio-erkyzdeecsohoaggpwbjdvavzqfv/Build/Intermediates.noindex/DTFoundation.build/Debug-iphonesimulator/DTFoundation.build/Objects-normal/x86_64/DTScriptVariable.dia -c /Users/aadityasingh/Library/Developer/Xcode/DerivedData/Chatlio-erkyzdeecsohoaggpwbjdvavzqfv/SourcePackages/checkouts/DTFoundation/Core/Source/DTScripting/DTScriptVariable.m -o /Users/aadityasingh/Library/Developer/Xcode/DerivedData/Chatlio-erkyzdeecsohoaggpwbjdvavzqfv/Build/Intermediates.noindex/DTFoundation.build/Debug-iphonesimulator/DTFoundation.build/Objects-normal/x86_64/DTScriptVariable.o -index-unit-output-path /DTFoundation.build/Debug-iphonesimulator/DTFoundation.build/Objects-normal/x86_64/DTScriptVariable.o

CompileC /Users/aadityasingh/Library/Developer/Xcode/DerivedData/Chatlio-erkyzdeecsohoaggpwbjdvavzqfv/Build/Intermediates.noindex/DTFoundation.build/Debug-iphonesimulator/DTFoundation.build/Objects-normal/x86_64/DTScriptExpression.o /Users/aadityasingh/Library/Developer/Xcode/DerivedData/Chatlio-erkyzdeecsohoaggpwbjdvavzqfv/SourcePackages/checkouts/DTFoundation/Core/Source/DTScripting/DTScriptExpression.m normal x86_64 objective-c com.apple.compilers.llvm.clang.1_0.compiler (in target 'DTFoundation' from project 'DTFoundation')
    cd /Users/aadityasingh/Documents/Development/element-x-ios/Chatlio.xcodeproj
    
    Using response file: /Users/aadityasingh/Library/Developer/Xcode/DerivedData/Chatlio-erkyzdeecsohoaggpwbjdvavzqfv/Build/Intermediates.noindex/DTFoundation.build/Debug-iphonesimulator/DTFoundation.build/Objects-normal/x86_64/e6072d4f65d7061329687fe24e3d63a7-common-args.resp
    
    /Applications/Xcode.app/Contents/Developer/Toolchains/XcodeDefault.xctoolchain/usr/bin/clang -x objective-c -ivfsstatcache /Users/aadityasingh/Library/Developer/Xcode/DerivedData/SDKStatCaches.noindex/iphonesimulator26.4-23E252-686eebb5dc1d8ecb277353a59184f4aa.sdkstatcache -target x86_64-apple-ios12.0-simulator -fmessage-length\=0 -fdiagnostics-show-note-include-stack -fmacro-backtrace-limit\=0 -fno-color-diagnostics -fmodules-prune-interval\=86400 -fmodules-prune-after\=345600 -fbuild-session-file\=/Users/aadityasingh/Library/Developer/Xcode/DerivedData/ModuleCache.noindex/Session.modulevalidation -fmodules-validate-once-per-build-session -Wnon-modular-include-in-framework-module -Werror\=non-modular-include-in-framework-module -Wno-trigraphs -Wno-missing-field-initializers -Wno-missing-prototypes -Wno-return-type -Wno-implicit-atomic-properties -Wno-objc-interface-ivars -Wno-arc-repeated-use-of-weak -Wno-missing-braces -Wparentheses -Wswitch -Wno-unused-function -Wno-unused-label -Wno-unused-parameter -Wno-unused-variable -Wunused-value -Wno-empty-body -Wno-uninitialized -Wno-unknown-pragmas -w -Wno-shadow -Wno-four-char-constants -Wno-conversion -Wno-constant-conversion -Wno-int-conversion -Wno-bool-conversion -Wno-enum-conversion -Wno-float-conversion -Wno-non-literal-null-conversion -Wno-objc-literal-conversion -Wshorten-64-to-32 -Wpointer-sign -Wno-newline-eof -Wno-selector -Wno-strict-selector-match -Wno-undeclared-selector -Wno-deprecated-implementations -Wno-implicit-fallthrough -isysroot /Applications/Xcode.app/Contents/Developer/Platforms/iPhoneSimulator.platform/Developer/SDKs/iPhoneSimulator26.4.sdk -fstrict-aliasing -Wprotocol -Wdeprecated-declarations -Wno-sign-conversion -Wno-infinite-recursion -Wno-comma -Wno-block-capture-autoreleasing -Wno-strict-prototypes -Wno-semicolon-before-method-body -index-store-path /Users/aadityasingh/Library/Developer/Xcode/DerivedData/Chatlio-erkyzdeecsohoaggpwbjdvavzqfv/Index.noindex/DataStore @/Users/aadityasingh/Library/Developer/Xcode/DerivedData/Chatlio-erkyzdeecsohoaggpwbjdvavzqfv/Build/Intermediates.noindex/DTFoundation.build/Debug-iphonesimulator/DTFoundation.build/Objects-normal/x86_64/e6072d4f65d7061329687fe24e3d63a7-common-args.resp -MMD -MT dependencies -MF /Users/aadityasingh/Library/Developer/Xcode/DerivedData/Chatlio-erkyzdeecsohoaggpwbjdvavzqfv/Build/Intermediates.noindex/DTFoundation.build/Debug-iphonesimulator/DTFoundation.build/Objects-normal/x86_64/DTScriptExpression.d --serialize-diagnostics /Users/aadityasingh/Library/Developer/Xcode/DerivedData/Chatlio-erkyzdeecsohoaggpwbjdvavzqfv/Build/Intermediates.noindex/DTFoundation.build/Debug-iphonesimulator/DTFoundation.build/Objects-normal/x86_64/DTScriptExpression.dia -c /Users/aadityasingh/Library/Developer/Xcode/DerivedData/Chatlio-erkyzdeecsohoaggpwbjdvavzqfv/SourcePackages/checkouts/DTFoundation/Core/Source/DTScripting/DTScriptExpression.m -o /Users/aadityasingh/Library/Developer/Xcode/DerivedData/Chatlio-erkyzdeecsohoaggpwbjdvavzqfv/Build/Intermediates.noindex/DTFoundation.build/Debug-iphonesimulator/DTFoundation.build/Objects-normal/x86_64/DTScriptExpression.o -index-unit-output-path /DTFoundation.build/Debug-iphonesimulator/DTFoundation.build/Objects-normal/x86_64/DTScriptExpression.o

CompileC /Users/aadityasingh/Library/Developer/Xcode/DerivedData/Chatlio-erkyzdeecsohoaggpwbjdvavzqfv/Build/Intermediates.noindex/DTFoundation.build/Debug-iphonesimulator/DTFoundation.build/Objects-normal/x86_64/DTSQLiteFunctions.o /Users/aadityasingh/Library/Developer/Xcode/DerivedData/Chatlio-erkyzdeecsohoaggpwbjdvavzqfv/SourcePackages/checkouts/DTFoundation/Core/Source/DTSQLite/DTSQLiteFunctions.m normal x86_64 objective-c com.apple.compilers.llvm.clang.1_0.compiler (in target 'DTFoundation' from project 'DTFoundation')
    cd /Users/aadityasingh/Documents/Development/element-x-ios/Chatlio.xcodeproj
    
    Using response file: /Users/aadityasingh/Library/Developer/Xcode/DerivedData/Chatlio-erkyzdeecsohoaggpwbjdvavzqfv/Build/Intermediates.noindex/DTFoundation.build/Debug-iphonesimulator/DTFoundation.build/Objects-normal/x86_64/e6072d4f65d7061329687fe24e3d63a7-common-args.resp
    
    /Applications/Xcode.app/Contents/Developer/Toolchains/XcodeDefault.xctoolchain/usr/bin/clang -x objective-c -ivfsstatcache /Users/aadityasingh/Library/Developer/Xcode/DerivedData/SDKStatCaches.noindex/iphonesimulator26.4-23E252-686eebb5dc1d8ecb277353a59184f4aa.sdkstatcache -target x86_64-apple-ios12.0-simulator -fmessage-length\=0 -fdiagnostics-show-note-include-stack -fmacro-backtrace-limit\=0 -fno-color-diagnostics -fmodules-prune-interval\=86400 -fmodules-prune-after\=345600 -fbuild-session-file\=/Users/aadityasingh/Library/Developer/Xcode/DerivedData/ModuleCache.noindex/Session.modulevalidation -fmodules-validate-once-per-build-session -Wnon-modular-include-in-framework-module -Werror\=non-modular-include-in-framework-module -Wno-trigraphs -Wno-missing-field-initializers -Wno-missing-prototypes -Wno-return-type -Wno-implicit-atomic-properties -Wno-objc-interface-ivars -Wno-arc-repeated-use-of-weak -Wno-missing-braces -Wparentheses -Wswitch -Wno-unused-function -Wno-unused-label -Wno-unused-parameter -Wno-unused-variable -Wunused-value -Wno-empty-body -Wno-uninitialized -Wno-unknown-pragmas -w -Wno-shadow -Wno-four-char-constants -Wno-conversion -Wno-constant-conversion -Wno-int-conversion -Wno-bool-conversion -Wno-enum-conversion -Wno-float-conversion -Wno-non-literal-null-conversion -Wno-objc-literal-conversion -Wshorten-64-to-32 -Wpointer-sign -Wno-newline-eof -Wno-selector -Wno-strict-selector-match -Wno-undeclared-selector -Wno-deprecated-implementations -Wno-implicit-fallthrough -isysroot /Applications/Xcode.app/Contents/Developer/Platforms/iPhoneSimulator.platform/Developer/SDKs/iPhoneSimulator26.4.sdk -fstrict-aliasing -Wprotocol -Wdeprecated-declarations -Wno-sign-conversion -Wno-infinite-recursion -Wno-comma -Wno-block-capture-autoreleasing -Wno-strict-prototypes -Wno-semicolon-before-method-body -index-store-path /Users/aadityasingh/Library/Developer/Xcode/DerivedData/Chatlio-erkyzdeecsohoaggpwbjdvavzqfv/Index.noindex/DataStore @/Users/aadityasingh/Library/Developer/Xcode/DerivedData/Chatlio-erkyzdeecsohoaggpwbjdvavzqfv/Build/Intermediates.noindex/DTFoundation.build/Debug-iphonesimulator/DTFoundation.build/Objects-normal/x86_64/e6072d4f65d7061329687fe24e3d63a7-common-args.resp -MMD -MT dependencies -MF /Users/aadityasingh/Library/Developer/Xcode/DerivedData/Chatlio-erkyzdeecsohoaggpwbjdvavzqfv/Build/Intermediates.noindex/DTFoundation.build/Debug-iphonesimulator/DTFoundation.build/Objects-normal/x86_64/DTSQLiteFunctions.d --serialize-diagnostics /Users/aadityasingh/Library/Developer/Xcode/DerivedData/Chatlio-erkyzdeecsohoaggpwbjdvavzqfv/Build/Intermediates.noindex/DTFoundation.build/Debug-iphonesimulator/DTFoundation.build/Objects-normal/x86_64/DTSQLiteFunctions.dia -c /Users/aadityasingh/Library/Developer/Xcode/DerivedData/Chatlio-erkyzdeecsohoaggpwbjdvavzqfv/SourcePackages/checkouts/DTFoundation/Core/Source/DTSQLite/DTSQLiteFunctions.m -o /Users/aadityasingh/Library/Developer/Xcode/DerivedData/Chatlio-erkyzdeecsohoaggpwbjdvavzqfv/Build/Intermediates.noindex/DTFoundation.build/Debug-iphonesimulator/DTFoundation.build/Objects-normal/x86_64/DTSQLiteFunctions.o -index-unit-output-path /DTFoundation.build/Debug-iphonesimulator/DTFoundation.build/Objects-normal/x86_64/DTSQLiteFunctions.o

CompileC /Users/aadityasingh/Library/Developer/Xcode/DerivedData/Chatlio-erkyzdeecsohoaggpwbjdvavzqfv/Build/Intermediates.noindex/DTFoundation.build/Debug-iphonesimulator/DTFoundation.build/Objects-normal/x86_64/DTSQLiteDatabase.o /Users/aadityasingh/Library/Developer/Xcode/DerivedData/Chatlio-erkyzdeecsohoaggpwbjdvavzqfv/SourcePackages/checkouts/DTFoundation/Core/Source/DTSQLite/DTSQLiteDatabase.m normal x86_64 objective-c com.apple.compilers.llvm.clang.1_0.compiler (in target 'DTFoundation' from project 'DTFoundation')
    cd /Users/aadityasingh/Documents/Development/element-x-ios/Chatlio.xcodeproj
    
    Using response file: /Users/aadityasingh/Library/Developer/Xcode/DerivedData/Chatlio-erkyzdeecsohoaggpwbjdvavzqfv/Build/Intermediates.noindex/DTFoundation.build/Debug-iphonesimulator/DTFoundation.build/Objects-normal/x86_64/e6072d4f65d7061329687fe24e3d63a7-common-args.resp
    
    /Applications/Xcode.app/Contents/Developer/Toolchains/XcodeDefault.xctoolchain/usr/bin/clang -x objective-c -ivfsstatcache /Users/aadityasingh/Library/Developer/Xcode/DerivedData/SDKStatCaches.noindex/iphonesimulator26.4-23E252-686eebb5dc1d8ecb277353a59184f4aa.sdkstatcache -target x86_64-apple-ios12.0-simulator -fmessage-length\=0 -fdiagnostics-show-note-include-stack -fmacro-backtrace-limit\=0 -fno-color-diagnostics -fmodules-prune-interval\=86400 -fmodules-prune-after\=345600 -fbuild-session-file\=/Users/aadityasingh/Library/Developer/Xcode/DerivedData/ModuleCache.noindex/Session.modulevalidation -fmodules-validate-once-per-build-session -Wnon-modular-include-in-framework-module -Werror\=non-modular-include-in-framework-module -Wno-trigraphs -Wno-missing-field-initializers -Wno-missing-prototypes -Wno-return-type -Wno-implicit-atomic-properties -Wno-objc-interface-ivars -Wno-arc-repeated-use-of-weak -Wno-missing-braces -Wparentheses -Wswitch -Wno-unused-function -Wno-unused-label -Wno-unused-parameter -Wno-unused-variable -Wunused-value -Wno-empty-body -Wno-uninitialized -Wno-unknown-pragmas -w -Wno-shadow -Wno-four-char-constants -Wno-conversion -Wno-constant-conversion -Wno-int-conversion -Wno-bool-conversion -Wno-enum-conversion -Wno-float-conversion -Wno-non-literal-null-conversion -Wno-objc-literal-conversion -Wshorten-64-to-32 -Wpointer-sign -Wno-newline-eof -Wno-selector -Wno-strict-selector-match -Wno-undeclared-selector -Wno-deprecated-implementations -Wno-implicit-fallthrough -isysroot /Applications/Xcode.app/Contents/Developer/Platforms/iPhoneSimulator.platform/Developer/SDKs/iPhoneSimulator26.4.sdk -fstrict-aliasing -Wprotocol -Wdeprecated-declarations -Wno-sign-conversion -Wno-infinite-recursion -Wno-comma -Wno-block-capture-autoreleasing -Wno-strict-prototypes -Wno-semicolon-before-method-body -index-store-path /Users/aadityasingh/Library/Developer/Xcode/DerivedData/Chatlio-erkyzdeecsohoaggpwbjdvavzqfv/Index.noindex/DataStore @/Users/aadityasingh/Library/Developer/Xcode/DerivedData/Chatlio-erkyzdeecsohoaggpwbjdvavzqfv/Build/Intermediates.noindex/DTFoundation.build/Debug-iphonesimulator/DTFoundation.build/Objects-normal/x86_64/e6072d4f65d7061329687fe24e3d63a7-common-args.resp -MMD -MT dependencies -MF /Users/aadityasingh/Library/Developer/Xcode/DerivedData/Chatlio-erkyzdeecsohoaggpwbjdvavzqfv/Build/Intermediates.noindex/DTFoundation.build/Debug-iphonesimulator/DTFoundation.build/Objects-normal/x86_64/DTSQLiteDatabase.d --serialize-diagnostics /Users/aadityasingh/Library/Developer/Xcode/DerivedData/Chatlio-erkyzdeecsohoaggpwbjdvavzqfv/Build/Intermediates.noindex/DTFoundation.build/Debug-iphonesimulator/DTFoundation.build/Objects-normal/x86_64/DTSQLiteDatabase.dia -c /Users/aadityasingh/Library/Developer/Xcode/DerivedData/Chatlio-erkyzdeecsohoaggpwbjdvavzqfv/SourcePackages/checkouts/DTFoundation/Core/Source/DTSQLite/DTSQLiteDatabase.m -o /Users/aadityasingh/Library/Developer/Xcode/DerivedData/Chatlio-erkyzdeecsohoaggpwbjdvavzqfv/Build/Intermediates.noindex/DTFoundation.build/Debug-iphonesimulator/DTFoundation.build/Objects-normal/x86_64/DTSQLiteDatabase.o -index-unit-output-path /DTFoundation.build/Debug-iphonesimulator/DTFoundation.build/Objects-normal/x86_64/DTSQLiteDatabase.o

CompileC /Users/aadityasingh/Library/Developer/Xcode/DerivedData/Chatlio-erkyzdeecsohoaggpwbjdvavzqfv/Build/Intermediates.noindex/DTFoundation.build/Debug-iphonesimulator/DTFoundation.build/Objects-normal/x86_64/DTObjectBlockExecutor.o /Users/aadityasingh/Library/Developer/Xcode/DerivedData/Chatlio-erkyzdeecsohoaggpwbjdvavzqfv/SourcePackages/checkouts/DTFoundation/Core/Source/Runtime/DTObjectBlockExecutor.m normal x86_64 objective-c com.apple.compilers.llvm.clang.1_0.compiler (in target 'DTFoundation' from project 'DTFoundation')
    cd /Users/aadityasingh/Documents/Development/element-x-ios/Chatlio.xcodeproj
    
    Using response file: /Users/aadityasingh/Library/Developer/Xcode/DerivedData/Chatlio-erkyzdeecsohoaggpwbjdvavzqfv/Build/Intermediates.noindex/DTFoundation.build/Debug-iphonesimulator/DTFoundation.build/Objects-normal/x86_64/e6072d4f65d7061329687fe24e3d63a7-common-args.resp
    
    /Applications/Xcode.app/Contents/Developer/Toolchains/XcodeDefault.xctoolchain/usr/bin/clang -x objective-c -ivfsstatcache /Users/aadityasingh/Library/Developer/Xcode/DerivedData/SDKStatCaches.noindex/iphonesimulator26.4-23E252-686eebb5dc1d8ecb277353a59184f4aa.sdkstatcache -target x86_64-apple-ios12.0-simulator -fmessage-length\=0 -fdiagnostics-show-note-include-stack -fmacro-backtrace-limit\=0 -fno-color-diagnostics -fmodules-prune-interval\=86400 -fmodules-prune-after\=345600 -fbuild-session-file\=/Users/aadityasingh/Library/Developer/Xcode/DerivedData/ModuleCache.noindex/Session.modulevalidation -fmodules-validate-once-per-build-session -Wnon-modular-include-in-framework-module -Werror\=non-modular-include-in-framework-module -Wno-trigraphs -Wno-missing-field-initializers -Wno-missing-prototypes -Wno-return-type -Wno-implicit-atomic-properties -Wno-objc-interface-ivars -Wno-arc-repeated-use-of-weak -Wno-missing-braces -Wparentheses -Wswitch -Wno-unused-function -Wno-unused-label -Wno-unused-parameter -Wno-unused-variable -Wunused-value -Wno-empty-body -Wno-uninitialized -Wno-unknown-pragmas -w -Wno-shadow -Wno-four-char-constants -Wno-conversion -Wno-constant-conversion -Wno-int-conversion -Wno-bool-conversion -Wno-enum-conversion -Wno-float-conversion -Wno-non-literal-null-conversion -Wno-objc-literal-conversion -Wshorten-64-to-32 -Wpointer-sign -Wno-newline-eof -Wno-selector -Wno-strict-selector-match -Wno-undeclared-selector -Wno-deprecated-implementations -Wno-implicit-fallthrough -isysroot /Applications/Xcode.app/Contents/Developer/Platforms/iPhoneSimulator.platform/Developer/SDKs/iPhoneSimulator26.4.sdk -fstrict-aliasing -Wprotocol -Wdeprecated-declarations -Wno-sign-conversion -Wno-infinite-recursion -Wno-comma -Wno-block-capture-autoreleasing -Wno-strict-prototypes -Wno-semicolon-before-method-body -index-store-path /Users/aadityasingh/Library/Developer/Xcode/DerivedData/Chatlio-erkyzdeecsohoaggpwbjdvavzqfv/Index.noindex/DataStore @/Users/aadityasingh/Library/Developer/Xcode/DerivedData/Chatlio-erkyzdeecsohoaggpwbjdvavzqfv/Build/Intermediates.noindex/DTFoundation.build/Debug-iphonesimulator/DTFoundation.build/Objects-normal/x86_64/e6072d4f65d7061329687fe24e3d63a7-common-args.resp -MMD -MT dependencies -MF /Users/aadityasingh/Library/Developer/Xcode/DerivedData/Chatlio-erkyzdeecsohoaggpwbjdvavzqfv/Build/Intermediates.noindex/DTFoundation.build/Debug-iphonesimulator/DTFoundation.build/Objects-normal/x86_64/DTObjectBlockExecutor.d --serialize-diagnostics /Users/aadityasingh/Library/Developer/Xcode/DerivedData/Chatlio-erkyzdeecsohoaggpwbjdvavzqfv/Build/Intermediates.noindex/DTFoundation.build/Debug-iphonesimulator/DTFoundation.build/Objects-normal/x86_64/DTObjectBlockExecutor.dia -c /Users/aadityasingh/Library/Developer/Xcode/DerivedData/Chatlio-erkyzdeecsohoaggpwbjdvavzqfv/SourcePackages/checkouts/DTFoundation/Core/Source/Runtime/DTObjectBlockExecutor.m -o /Users/aadityasingh/Library/Developer/Xcode/DerivedData/Chatlio-erkyzdeecsohoaggpwbjdvavzqfv/Build/Intermediates.noindex/DTFoundation.build/Debug-iphonesimulator/DTFoundation.build/Objects-normal/x86_64/DTObjectBlockExecutor.o -index-unit-output-path /DTFoundation.build/Debug-iphonesimulator/DTFoundation.build/Objects-normal/x86_64/DTObjectBlockExecutor.o

CompileC /Users/aadityasingh/Library/Developer/Xcode/DerivedData/Chatlio-erkyzdeecsohoaggpwbjdvavzqfv/Build/Intermediates.noindex/DTFoundation.build/Debug-iphonesimulator/DTFoundation.build/Objects-normal/x86_64/DTLog.o /Users/aadityasingh/Library/Developer/Xcode/DerivedData/Chatlio-erkyzdeecsohoaggpwbjdvavzqfv/SourcePackages/checkouts/DTFoundation/Core/Source/DTLog.m normal x86_64 objective-c com.apple.compilers.llvm.clang.1_0.compiler (in target 'DTFoundation' from project 'DTFoundation')
    cd /Users/aadityasingh/Documents/Development/element-x-ios/Chatlio.xcodeproj
    
    Using response file: /Users/aadityasingh/Library/Developer/Xcode/DerivedData/Chatlio-erkyzdeecsohoaggpwbjdvavzqfv/Build/Intermediates.noindex/DTFoundation.build/Debug-iphonesimulator/DTFoundation.build/Objects-normal/x86_64/e6072d4f65d7061329687fe24e3d63a7-common-args.resp
    
    /Applications/Xcode.app/Contents/Developer/Toolchains/XcodeDefault.xctoolchain/usr/bin/clang -x objective-c -ivfsstatcache /Users/aadityasingh/Library/Developer/Xcode/DerivedData/SDKStatCaches.noindex/iphonesimulator26.4-23E252-686eebb5dc1d8ecb277353a59184f4aa.sdkstatcache -target x86_64-apple-ios12.0-simulator -fmessage-length\=0 -fdiagnostics-show-note-include-stack -fmacro-backtrace-limit\=0 -fno-color-diagnostics -fmodules-prune-interval\=86400 -fmodules-prune-after\=345600 -fbuild-session-file\=/Users/aadityasingh/Library/Developer/Xcode/DerivedData/ModuleCache.noindex/Session.modulevalidation -fmodules-validate-once-per-build-session -Wnon-modular-include-in-framework-module -Werror\=non-modular-include-in-framework-module -Wno-trigraphs -Wno-missing-field-initializers -Wno-missing-prototypes -Wno-return-type -Wno-implicit-atomic-properties -Wno-objc-interface-ivars -Wno-arc-repeated-use-of-weak -Wno-missing-braces -Wparentheses -Wswitch -Wno-unused-function -Wno-unused-label -Wno-unused-parameter -Wno-unused-variable -Wunused-value -Wno-empty-body -Wno-uninitialized -Wno-unknown-pragmas -w -Wno-shadow -Wno-four-char-constants -Wno-conversion -Wno-constant-conversion -Wno-int-conversion -Wno-bool-conversion -Wno-enum-conversion -Wno-float-conversion -Wno-non-literal-null-conversion -Wno-objc-literal-conversion -Wshorten-64-to-32 -Wpointer-sign -Wno-newline-eof -Wno-selector -Wno-strict-selector-match -Wno-undeclared-selector -Wno-deprecated-implementations -Wno-implicit-fallthrough -isysroot /Applications/Xcode.app/Contents/Developer/Platforms/iPhoneSimulator.platform/Developer/SDKs/iPhoneSimulator26.4.sdk -fstrict-aliasing -Wprotocol -Wdeprecated-declarations -Wno-sign-conversion -Wno-infinite-recursion -Wno-comma -Wno-block-capture-autoreleasing -Wno-strict-prototypes -Wno-semicolon-before-method-body -index-store-path /Users/aadityasingh/Library/Developer/Xcode/DerivedData/Chatlio-erkyzdeecsohoaggpwbjdvavzqfv/Index.noindex/DataStore @/Users/aadityasingh/Library/Developer/Xcode/DerivedData/Chatlio-erkyzdeecsohoaggpwbjdvavzqfv/Build/Intermediates.noindex/DTFoundation.build/Debug-iphonesimulator/DTFoundation.build/Objects-normal/x86_64/e6072d4f65d7061329687fe24e3d63a7-common-args.resp -MMD -MT dependencies -MF /Users/aadityasingh/Library/Developer/Xcode/DerivedData/Chatlio-erkyzdeecsohoaggpwbjdvavzqfv/Build/Intermediates.noindex/DTFoundation.build/Debug-iphonesimulator/DTFoundation.build/Objects-normal/x86_64/DTLog.d --serialize-diagnostics /Users/aadityasingh/Library/Developer/Xcode/DerivedData/Chatlio-erkyzdeecsohoaggpwbjdvavzqfv/Build/Intermediates.noindex/DTFoundation.build/Debug-iphonesimulator/DTFoundation.build/Objects-normal/x86_64/DTLog.dia -c /Users/aadityasingh/Library/Developer/Xcode/DerivedData/Chatlio-erkyzdeecsohoaggpwbjdvavzqfv/SourcePackages/checkouts/DTFoundation/Core/Source/DTLog.m -o /Users/aadityasingh/Library/Developer/Xcode/DerivedData/Chatlio-erkyzdeecsohoaggpwbjdvavzqfv/Build/Intermediates.noindex/DTFoundation.build/Debug-iphonesimulator/DTFoundation.build/Objects-normal/x86_64/DTLog.o -index-unit-output-path /DTFoundation.build/Debug-iphonesimulator/DTFoundation.build/Objects-normal/x86_64/DTLog.o

CompileC /Users/aadityasingh/Library/Developer/Xcode/DerivedData/Chatlio-erkyzdeecsohoaggpwbjdvavzqfv/Build/Intermediates.noindex/DTFoundation.build/Debug-iphonesimulator/DTFoundation.build/Objects-normal/x86_64/DTHTMLParser.o /Users/aadityasingh/Library/Developer/Xcode/DerivedData/Chatlio-erkyzdeecsohoaggpwbjdvavzqfv/SourcePackages/checkouts/DTFoundation/Core/Source/DTHTMLParser/DTHTMLParser.m normal x86_64 objective-c com.apple.compilers.llvm.clang.1_0.compiler (in target 'DTFoundation' from project 'DTFoundation')
    cd /Users/aadityasingh/Documents/Development/element-x-ios/Chatlio.xcodeproj
    
    Using response file: /Users/aadityasingh/Library/Developer/Xcode/DerivedData/Chatlio-erkyzdeecsohoaggpwbjdvavzqfv/Build/Intermediates.noindex/DTFoundation.build/Debug-iphonesimulator/DTFoundation.build/Objects-normal/x86_64/e6072d4f65d7061329687fe24e3d63a7-common-args.resp
    
    /Applications/Xcode.app/Contents/Developer/Toolchains/XcodeDefault.xctoolchain/usr/bin/clang -x objective-c -ivfsstatcache /Users/aadityasingh/Library/Developer/Xcode/DerivedData/SDKStatCaches.noindex/iphonesimulator26.4-23E252-686eebb5dc1d8ecb277353a59184f4aa.sdkstatcache -target x86_64-apple-ios12.0-simulator -fmessage-length\=0 -fdiagnostics-show-note-include-stack -fmacro-backtrace-limit\=0 -fno-color-diagnostics -fmodules-prune-interval\=86400 -fmodules-prune-after\=345600 -fbuild-session-file\=/Users/aadityasingh/Library/Developer/Xcode/DerivedData/ModuleCache.noindex/Session.modulevalidation -fmodules-validate-once-per-build-session -Wnon-modular-include-in-framework-module -Werror\=non-modular-include-in-framework-module -Wno-trigraphs -Wno-missing-field-initializers -Wno-missing-prototypes -Wno-return-type -Wno-implicit-atomic-properties -Wno-objc-interface-ivars -Wno-arc-repeated-use-of-weak -Wno-missing-braces -Wparentheses -Wswitch -Wno-unused-function -Wno-unused-label -Wno-unused-parameter -Wno-unused-variable -Wunused-value -Wno-empty-body -Wno-uninitialized -Wno-unknown-pragmas -w -Wno-shadow -Wno-four-char-constants -Wno-conversion -Wno-constant-conversion -Wno-int-conversion -Wno-bool-conversion -Wno-enum-conversion -Wno-float-conversion -Wno-non-literal-null-conversion -Wno-objc-literal-conversion -Wshorten-64-to-32 -Wpointer-sign -Wno-newline-eof -Wno-selector -Wno-strict-selector-match -Wno-undeclared-selector -Wno-deprecated-implementations -Wno-implicit-fallthrough -isysroot /Applications/Xcode.app/Contents/Developer/Platforms/iPhoneSimulator.platform/Developer/SDKs/iPhoneSimulator26.4.sdk -fstrict-aliasing -Wprotocol -Wdeprecated-declarations -Wno-sign-conversion -Wno-infinite-recursion -Wno-comma -Wno-block-capture-autoreleasing -Wno-strict-prototypes -Wno-semicolon-before-method-body -index-store-path /Users/aadityasingh/Library/Developer/Xcode/DerivedData/Chatlio-erkyzdeecsohoaggpwbjdvavzqfv/Index.noindex/DataStore @/Users/aadityasingh/Library/Developer/Xcode/DerivedData/Chatlio-erkyzdeecsohoaggpwbjdvavzqfv/Build/Intermediates.noindex/DTFoundation.build/Debug-iphonesimulator/DTFoundation.build/Objects-normal/x86_64/e6072d4f65d7061329687fe24e3d63a7-common-args.resp -MMD -MT dependencies -MF /Users/aadityasingh/Library/Developer/Xcode/DerivedData/Chatlio-erkyzdeecsohoaggpwbjdvavzqfv/Build/Intermediates.noindex/DTFoundation.build/Debug-iphonesimulator/DTFoundation.build/Objects-normal/x86_64/DTHTMLParser.d --serialize-diagnostics /Users/aadityasingh/Library/Developer/Xcode/DerivedData/Chatlio-erkyzdeecsohoaggpwbjdvavzqfv/Build/Intermediates.noindex/DTFoundation.build/Debug-iphonesimulator/DTFoundation.build/Objects-normal/x86_64/DTHTMLParser.dia -c /Users/aadityasingh/Library/Developer/Xcode/DerivedData/Chatlio-erkyzdeecsohoaggpwbjdvavzqfv/SourcePackages/checkouts/DTFoundation/Core/Source/DTHTMLParser/DTHTMLParser.m -o /Users/aadityasingh/Library/Developer/Xcode/DerivedData/Chatlio-erkyzdeecsohoaggpwbjdvavzqfv/Build/Intermediates.noindex/DTFoundation.build/Debug-iphonesimulator/DTFoundation.build/Objects-normal/x86_64/DTHTMLParser.o -index-unit-output-path /DTFoundation.build/Debug-iphonesimulator/DTFoundation.build/Objects-normal/x86_64/DTHTMLParser.o

CompileC /Users/aadityasingh/Library/Developer/Xcode/DerivedData/Chatlio-erkyzdeecsohoaggpwbjdvavzqfv/Build/Intermediates.noindex/DTFoundation.build/Debug-iphonesimulator/DTFoundation.build/Objects-normal/x86_64/DTFoundationConstants.o /Users/aadityasingh/Library/Developer/Xcode/DerivedData/Chatlio-erkyzdeecsohoaggpwbjdvavzqfv/SourcePackages/checkouts/DTFoundation/Core/Source/DTFoundationConstants.m normal x86_64 objective-c com.apple.compilers.llvm.clang.1_0.compiler (in target 'DTFoundation' from project 'DTFoundation')
    cd /Users/aadityasingh/Documents/Development/element-x-ios/Chatlio.xcodeproj
    
    Using response file: /Users/aadityasingh/Library/Developer/Xcode/DerivedData/Chatlio-erkyzdeecsohoaggpwbjdvavzqfv/Build/Intermediates.noindex/DTFoundation.build/Debug-iphonesimulator/DTFoundation.build/Objects-normal/x86_64/e6072d4f65d7061329687fe24e3d63a7-common-args.resp
    
    /Applications/Xcode.app/Contents/Developer/Toolchains/XcodeDefault.xctoolchain/usr/bin/clang -x objective-c -ivfsstatcache /Users/aadityasingh/Library/Developer/Xcode/DerivedData/SDKStatCaches.noindex/iphonesimulator26.4-23E252-686eebb5dc1d8ecb277353a59184f4aa.sdkstatcache -target x86_64-apple-ios12.0-simulator -fmessage-length\=0 -fdiagnostics-show-note-include-stack -fmacro-backtrace-limit\=0 -fno-color-diagnostics -fmodules-prune-interval\=86400 -fmodules-prune-after\=345600 -fbuild-session-file\=/Users/aadityasingh/Library/Developer/Xcode/DerivedData/ModuleCache.noindex/Session.modulevalidation -fmodules-validate-once-per-build-session -Wnon-modular-include-in-framework-module -Werror\=non-modular-include-in-framework-module -Wno-trigraphs -Wno-missing-field-initializers -Wno-missing-prototypes -Wno-return-type -Wno-implicit-atomic-properties -Wno-objc-interface-ivars -Wno-arc-repeated-use-of-weak -Wno-missing-braces -Wparentheses -Wswitch -Wno-unused-function -Wno-unused-label -Wno-unused-parameter -Wno-unused-variable -Wunused-value -Wno-empty-body -Wno-uninitialized -Wno-unknown-pragmas -w -Wno-shadow -Wno-four-char-constants -Wno-conversion -Wno-constant-conversion -Wno-int-conversion -Wno-bool-conversion -Wno-enum-conversion -Wno-float-conversion -Wno-non-literal-null-conversion -Wno-objc-literal-conversion -Wshorten-64-to-32 -Wpointer-sign -Wno-newline-eof -Wno-selector -Wno-strict-selector-match -Wno-undeclared-selector -Wno-deprecated-implementations -Wno-implicit-fallthrough -isysroot /Applications/Xcode.app/Contents/Developer/Platforms/iPhoneSimulator.platform/Developer/SDKs/iPhoneSimulator26.4.sdk -fstrict-aliasing -Wprotocol -Wdeprecated-declarations -Wno-sign-conversion -Wno-infinite-recursion -Wno-comma -Wno-block-capture-autoreleasing -Wno-strict-prototypes -Wno-semicolon-before-method-body -index-store-path /Users/aadityasingh/Library/Developer/Xcode/DerivedData/Chatlio-erkyzdeecsohoaggpwbjdvavzqfv/Index.noindex/DataStore @/Users/aadityasingh/Library/Developer/Xcode/DerivedData/Chatlio-erkyzdeecsohoaggpwbjdvavzqfv/Build/Intermediates.noindex/DTFoundation.build/Debug-iphonesimulator/DTFoundation.build/Objects-normal/x86_64/e6072d4f65d7061329687fe24e3d63a7-common-args.resp -MMD -MT dependencies -MF /Users/aadityasingh/Library/Developer/Xcode/DerivedData/Chatlio-erkyzdeecsohoaggpwbjdvavzqfv/Build/Intermediates.noindex/DTFoundation.build/Debug-iphonesimulator/DTFoundation.build/Objects-normal/x86_64/DTFoundationConstants.d --serialize-diagnostics /Users/aadityasingh/Library/Developer/Xcode/DerivedData/Chatlio-erkyzdeecsohoaggpwbjdvavzqfv/Build/Intermediates.noindex/DTFoundation.build/Debug-iphonesimulator/DTFoundation.build/Objects-normal/x86_64/DTFoundationConstants.dia -c /Users/aadityasingh/Library/Developer/Xcode/DerivedData/Chatlio-erkyzdeecsohoaggpwbjdvavzqfv/SourcePackages/checkouts/DTFoundation/Core/Source/DTFoundationConstants.m -o /Users/aadityasingh/Library/Developer/Xcode/DerivedData/Chatlio-erkyzdeecsohoaggpwbjdvavzqfv/Build/Intermediates.noindex/DTFoundation.build/Debug-iphonesimulator/DTFoundation.build/Objects-normal/x86_64/DTFoundationConstants.o -index-unit-output-path /DTFoundation.build/Debug-iphonesimulator/DTFoundation.build/Objects-normal/x86_64/DTFoundationConstants.o

CompileC /Users/aadityasingh/Library/Developer/Xcode/DerivedData/Chatlio-erkyzdeecsohoaggpwbjdvavzqfv/Build/Intermediates.noindex/DTFoundation.build/Debug-iphonesimulator/DTFoundation.build/Objects-normal/x86_64/DTFolderMonitor.o /Users/aadityasingh/Library/Developer/Xcode/DerivedData/Chatlio-erkyzdeecsohoaggpwbjdvavzqfv/SourcePackages/checkouts/DTFoundation/Core/Source/DTFolderMonitor.m normal x86_64 objective-c com.apple.compilers.llvm.clang.1_0.compiler (in target 'DTFoundation' from project 'DTFoundation')
    cd /Users/aadityasingh/Documents/Development/element-x-ios/Chatlio.xcodeproj
    
    Using response file: /Users/aadityasingh/Library/Developer/Xcode/DerivedData/Chatlio-erkyzdeecsohoaggpwbjdvavzqfv/Build/Intermediates.noindex/DTFoundation.build/Debug-iphonesimulator/DTFoundation.build/Objects-normal/x86_64/e6072d4f65d7061329687fe24e3d63a7-common-args.resp
    
    /Applications/Xcode.app/Contents/Developer/Toolchains/XcodeDefault.xctoolchain/usr/bin/clang -x objective-c -ivfsstatcache /Users/aadityasingh/Library/Developer/Xcode/DerivedData/SDKStatCaches.noindex/iphonesimulator26.4-23E252-686eebb5dc1d8ecb277353a59184f4aa.sdkstatcache -target x86_64-apple-ios12.0-simulator -fmessage-length\=0 -fdiagnostics-show-note-include-stack -fmacro-backtrace-limit\=0 -fno-color-diagnostics -fmodules-prune-interval\=86400 -fmodules-prune-after\=345600 -fbuild-session-file\=/Users/aadityasingh/Library/Developer/Xcode/DerivedData/ModuleCache.noindex/Session.modulevalidation -fmodules-validate-once-per-build-session -Wnon-modular-include-in-framework-module -Werror\=non-modular-include-in-framework-module -Wno-trigraphs -Wno-missing-field-initializers -Wno-missing-prototypes -Wno-return-type -Wno-implicit-atomic-properties -Wno-objc-interface-ivars -Wno-arc-repeated-use-of-weak -Wno-missing-braces -Wparentheses -Wswitch -Wno-unused-function -Wno-unused-label -Wno-unused-parameter -Wno-unused-variable -Wunused-value -Wno-empty-body -Wno-uninitialized -Wno-unknown-pragmas -w -Wno-shadow -Wno-four-char-constants -Wno-conversion -Wno-constant-conversion -Wno-int-conversion -Wno-bool-conversion -Wno-enum-conversion -Wno-float-conversion -Wno-non-literal-null-conversion -Wno-objc-literal-conversion -Wshorten-64-to-32 -Wpointer-sign -Wno-newline-eof -Wno-selector -Wno-strict-selector-match -Wno-undeclared-selector -Wno-deprecated-implementations -Wno-implicit-fallthrough -isysroot /Applications/Xcode.app/Contents/Developer/Platforms/iPhoneSimulator.platform/Developer/SDKs/iPhoneSimulator26.4.sdk -fstrict-aliasing -Wprotocol -Wdeprecated-declarations -Wno-sign-conversion -Wno-infinite-recursion -Wno-comma -Wno-block-capture-autoreleasing -Wno-strict-prototypes -Wno-semicolon-before-method-body -index-store-path /Users/aadityasingh/Library/Developer/Xcode/DerivedData/Chatlio-erkyzdeecsohoaggpwbjdvavzqfv/Index.noindex/DataStore @/Users/aadityasingh/Library/Developer/Xcode/DerivedData/Chatlio-erkyzdeecsohoaggpwbjdvavzqfv/Build/Intermediates.noindex/DTFoundation.build/Debug-iphonesimulator/DTFoundation.build/Objects-normal/x86_64/e6072d4f65d7061329687fe24e3d63a7-common-args.resp -MMD -MT dependencies -MF /Users/aadityasingh/Library/Developer/Xcode/DerivedData/Chatlio-erkyzdeecsohoaggpwbjdvavzqfv/Build/Intermediates.noindex/DTFoundation.build/Debug-iphonesimulator/DTFoundation.build/Objects-normal/x86_64/DTFolderMonitor.d --serialize-diagnostics /Users/aadityasingh/Library/Developer/Xcode/DerivedData/Chatlio-erkyzdeecsohoaggpwbjdvavzqfv/Build/Intermediates.noindex/DTFoundation.build/Debug-iphonesimulator/DTFoundation.build/Objects-normal/x86_64/DTFolderMonitor.dia -c /Users/aadityasingh/Library/Developer/Xcode/DerivedData/Chatlio-erkyzdeecsohoaggpwbjdvavzqfv/SourcePackages/checkouts/DTFoundation/Core/Source/DTFolderMonitor.m -o /Users/aadityasingh/Library/Developer/Xcode/DerivedData/Chatlio-erkyzdeecsohoaggpwbjdvavzqfv/Build/Intermediates.noindex/DTFoundation.build/Debug-iphonesimulator/DTFoundation.build/Objects-normal/x86_64/DTFolderMonitor.o -index-unit-output-path /DTFoundation.build/Debug-iphonesimulator/DTFoundation.build/Objects-normal/x86_64/DTFolderMonitor.o

CompileC /Users/aadityasingh/Library/Developer/Xcode/DerivedData/Chatlio-erkyzdeecsohoaggpwbjdvavzqfv/Build/Intermediates.noindex/DTFoundation.build/Debug-iphonesimulator/DTFoundation.build/Objects-normal/x86_64/DTExtendedFileAttributes.o /Users/aadityasingh/Library/Developer/Xcode/DerivedData/Chatlio-erkyzdeecsohoaggpwbjdvavzqfv/SourcePackages/checkouts/DTFoundation/Core/Source/DTExtendedFileAttributes.m normal x86_64 objective-c com.apple.compilers.llvm.clang.1_0.compiler (in target 'DTFoundation' from project 'DTFoundation')
    cd /Users/aadityasingh/Documents/Development/element-x-ios/Chatlio.xcodeproj
    
    Using response file: /Users/aadityasingh/Library/Developer/Xcode/DerivedData/Chatlio-erkyzdeecsohoaggpwbjdvavzqfv/Build/Intermediates.noindex/DTFoundation.build/Debug-iphonesimulator/DTFoundation.build/Objects-normal/x86_64/e6072d4f65d7061329687fe24e3d63a7-common-args.resp
    
    /Applications/Xcode.app/Contents/Developer/Toolchains/XcodeDefault.xctoolchain/usr/bin/clang -x objective-c -ivfsstatcache /Users/aadityasingh/Library/Developer/Xcode/DerivedData/SDKStatCaches.noindex/iphonesimulator26.4-23E252-686eebb5dc1d8ecb277353a59184f4aa.sdkstatcache -target x86_64-apple-ios12.0-simulator -fmessage-length\=0 -fdiagnostics-show-note-include-stack -fmacro-backtrace-limit\=0 -fno-color-diagnostics -fmodules-prune-interval\=86400 -fmodules-prune-after\=345600 -fbuild-session-file\=/Users/aadityasingh/Library/Developer/Xcode/DerivedData/ModuleCache.noindex/Session.modulevalidation -fmodules-validate-once-per-build-session -Wnon-modular-include-in-framework-module -Werror\=non-modular-include-in-framework-module -Wno-trigraphs -Wno-missing-field-initializers -Wno-missing-prototypes -Wno-return-type -Wno-implicit-atomic-properties -Wno-objc-interface-ivars -Wno-arc-repeated-use-of-weak -Wno-missing-braces -Wparentheses -Wswitch -Wno-unused-function -Wno-unused-label -Wno-unused-parameter -Wno-unused-variable -Wunused-value -Wno-empty-body -Wno-uninitialized -Wno-unknown-pragmas -w -Wno-shadow -Wno-four-char-constants -Wno-conversion -Wno-constant-conversion -Wno-int-conversion -Wno-bool-conversion -Wno-enum-conversion -Wno-float-conversion -Wno-non-literal-null-conversion -Wno-objc-literal-conversion -Wshorten-64-to-32 -Wpointer-sign -Wno-newline-eof -Wno-selector -Wno-strict-selector-match -Wno-undeclared-selector -Wno-deprecated-implementations -Wno-implicit-fallthrough -isysroot /Applications/Xcode.app/Contents/Developer/Platforms/iPhoneSimulator.platform/Developer/SDKs/iPhoneSimulator26.4.sdk -fstrict-aliasing -Wprotocol -Wdeprecated-declarations -Wno-sign-conversion -Wno-infinite-recursion -Wno-comma -Wno-block-capture-autoreleasing -Wno-strict-prototypes -Wno-semicolon-before-method-body -index-store-path /Users/aadityasingh/Library/Developer/Xcode/DerivedData/Chatlio-erkyzdeecsohoaggpwbjdvavzqfv/Index.noindex/DataStore @/Users/aadityasingh/Library/Developer/Xcode/DerivedData/Chatlio-erkyzdeecsohoaggpwbjdvavzqfv/Build/Intermediates.noindex/DTFoundation.build/Debug-iphonesimulator/DTFoundation.build/Objects-normal/x86_64/e6072d4f65d7061329687fe24e3d63a7-common-args.resp -MMD -MT dependencies -MF /Users/aadityasingh/Library/Developer/Xcode/DerivedData/Chatlio-erkyzdeecsohoaggpwbjdvavzqfv/Build/Intermediates.noindex/DTFoundation.build/Debug-iphonesimulator/DTFoundation.build/Objects-normal/x86_64/DTExtendedFileAttributes.d --serialize-diagnostics /Users/aadityasingh/Library/Developer/Xcode/DerivedData/Chatlio-erkyzdeecsohoaggpwbjdvavzqfv/Build/Intermediates.noindex/DTFoundation.build/Debug-iphonesimulator/DTFoundation.build/Objects-normal/x86_64/DTExtendedFileAttributes.dia -c /Users/aadityasingh/Library/Developer/Xcode/DerivedData/Chatlio-erkyzdeecsohoaggpwbjdvavzqfv/SourcePackages/checkouts/DTFoundation/Core/Source/DTExtendedFileAttributes.m -o /Users/aadityasingh/Library/Developer/Xcode/DerivedData/Chatlio-erkyzdeecsohoaggpwbjdvavzqfv/Build/Intermediates.noindex/DTFoundation.build/Debug-iphonesimulator/DTFoundation.build/Objects-normal/x86_64/DTExtendedFileAttributes.o -index-unit-output-path /DTFoundation.build/Debug-iphonesimulator/DTFoundation.build/Objects-normal/x86_64/DTExtendedFileAttributes.o

CompileC /Users/aadityasingh/Library/Developer/Xcode/DerivedData/Chatlio-erkyzdeecsohoaggpwbjdvavzqfv/Build/Intermediates.noindex/DTFoundation.build/Debug-iphonesimulator/DTFoundation.build/Objects-normal/x86_64/DTCoreGraphicsUtils.o /Users/aadityasingh/Library/Developer/Xcode/DerivedData/Chatlio-erkyzdeecsohoaggpwbjdvavzqfv/SourcePackages/checkouts/DTFoundation/Core/Source/DTCoreGraphicsUtils.m normal x86_64 objective-c com.apple.compilers.llvm.clang.1_0.compiler (in target 'DTFoundation' from project 'DTFoundation')
    cd /Users/aadityasingh/Documents/Development/element-x-ios/Chatlio.xcodeproj
    
    Using response file: /Users/aadityasingh/Library/Developer/Xcode/DerivedData/Chatlio-erkyzdeecsohoaggpwbjdvavzqfv/Build/Intermediates.noindex/DTFoundation.build/Debug-iphonesimulator/DTFoundation.build/Objects-normal/x86_64/e6072d4f65d7061329687fe24e3d63a7-common-args.resp
    
    /Applications/Xcode.app/Contents/Developer/Toolchains/XcodeDefault.xctoolchain/usr/bin/clang -x objective-c -ivfsstatcache /Users/aadityasingh/Library/Developer/Xcode/DerivedData/SDKStatCaches.noindex/iphonesimulator26.4-23E252-686eebb5dc1d8ecb277353a59184f4aa.sdkstatcache -target x86_64-apple-ios12.0-simulator -fmessage-length\=0 -fdiagnostics-show-note-include-stack -fmacro-backtrace-limit\=0 -fno-color-diagnostics -fmodules-prune-interval\=86400 -fmodules-prune-after\=345600 -fbuild-session-file\=/Users/aadityasingh/Library/Developer/Xcode/DerivedData/ModuleCache.noindex/Session.modulevalidation -fmodules-validate-once-per-build-session -Wnon-modular-include-in-framework-module -Werror\=non-modular-include-in-framework-module -Wno-trigraphs -Wno-missing-field-initializers -Wno-missing-prototypes -Wno-return-type -Wno-implicit-atomic-properties -Wno-objc-interface-ivars -Wno-arc-repeated-use-of-weak -Wno-missing-braces -Wparentheses -Wswitch -Wno-unused-function -Wno-unused-label -Wno-unused-parameter -Wno-unused-variable -Wunused-value -Wno-empty-body -Wno-uninitialized -Wno-unknown-pragmas -w -Wno-shadow -Wno-four-char-constants -Wno-conversion -Wno-constant-conversion -Wno-int-conversion -Wno-bool-conversion -Wno-enum-conversion -Wno-float-conversion -Wno-non-literal-null-conversion -Wno-objc-literal-conversion -Wshorten-64-to-32 -Wpointer-sign -Wno-newline-eof -Wno-selector -Wno-strict-selector-match -Wno-undeclared-selector -Wno-deprecated-implementations -Wno-implicit-fallthrough -isysroot /Applications/Xcode.app/Contents/Developer/Platforms/iPhoneSimulator.platform/Developer/SDKs/iPhoneSimulator26.4.sdk -fstrict-aliasing -Wprotocol -Wdeprecated-declarations -Wno-sign-conversion -Wno-infinite-recursion -Wno-comma -Wno-block-capture-autoreleasing -Wno-strict-prototypes -Wno-semicolon-before-method-body -index-store-path /Users/aadityasingh/Library/Developer/Xcode/DerivedData/Chatlio-erkyzdeecsohoaggpwbjdvavzqfv/Index.noindex/DataStore @/Users/aadityasingh/Library/Developer/Xcode/DerivedData/Chatlio-erkyzdeecsohoaggpwbjdvavzqfv/Build/Intermediates.noindex/DTFoundation.build/Debug-iphonesimulator/DTFoundation.build/Objects-normal/x86_64/e6072d4f65d7061329687fe24e3d63a7-common-args.resp -MMD -MT dependencies -MF /Users/aadityasingh/Library/Developer/Xcode/DerivedData/Chatlio-erkyzdeecsohoaggpwbjdvavzqfv/Build/Intermediates.noindex/DTFoundation.build/Debug-iphonesimulator/DTFoundation.build/Objects-normal/x86_64/DTCoreGraphicsUtils.d --serialize-diagnostics /Users/aadityasingh/Library/Developer/Xcode/DerivedData/Chatlio-erkyzdeecsohoaggpwbjdvavzqfv/Build/Intermediates.noindex/DTFoundation.build/Debug-iphonesimulator/DTFoundation.build/Objects-normal/x86_64/DTCoreGraphicsUtils.dia -c /Users/aadityasingh/Library/Developer/Xcode/DerivedData/Chatlio-erkyzdeecsohoaggpwbjdvavzqfv/SourcePackages/checkouts/DTFoundation/Core/Source/DTCoreGraphicsUtils.m -o /Users/aadityasingh/Library/Developer/Xcode/DerivedData/Chatlio-erkyzdeecsohoaggpwbjdvavzqfv/Build/Intermediates.noindex/DTFoundation.build/Debug-iphonesimulator/DTFoundation.build/Objects-normal/x86_64/DTCoreGraphicsUtils.o -index-unit-output-path /DTFoundation.build/Debug-iphonesimulator/DTFoundation.build/Objects-normal/x86_64/DTCoreGraphicsUtils.o

CompileC /Users/aadityasingh/Library/Developer/Xcode/DerivedData/Chatlio-erkyzdeecsohoaggpwbjdvavzqfv/Build/Intermediates.noindex/DTFoundation.build/Debug-iphonesimulator/DTFoundation.build/Objects-normal/x86_64/DTBlockFunctions.o /Users/aadityasingh/Library/Developer/Xcode/DerivedData/Chatlio-erkyzdeecsohoaggpwbjdvavzqfv/SourcePackages/checkouts/DTFoundation/Core/Source/DTBlockFunctions.m normal x86_64 objective-c com.apple.compilers.llvm.clang.1_0.compiler (in target 'DTFoundation' from project 'DTFoundation')
    cd /Users/aadityasingh/Documents/Development/element-x-ios/Chatlio.xcodeproj
    
    Using response file: /Users/aadityasingh/Library/Developer/Xcode/DerivedData/Chatlio-erkyzdeecsohoaggpwbjdvavzqfv/Build/Intermediates.noindex/DTFoundation.build/Debug-iphonesimulator/DTFoundation.build/Objects-normal/x86_64/e6072d4f65d7061329687fe24e3d63a7-common-args.resp
    
    /Applications/Xcode.app/Contents/Developer/Toolchains/XcodeDefault.xctoolchain/usr/bin/clang -x objective-c -ivfsstatcache /Users/aadityasingh/Library/Developer/Xcode/DerivedData/SDKStatCaches.noindex/iphonesimulator26.4-23E252-686eebb5dc1d8ecb277353a59184f4aa.sdkstatcache -target x86_64-apple-ios12.0-simulator -fmessage-length\=0 -fdiagnostics-show-note-include-stack -fmacro-backtrace-limit\=0 -fno-color-diagnostics -fmodules-prune-interval\=86400 -fmodules-prune-after\=345600 -fbuild-session-file\=/Users/aadityasingh/Library/Developer/Xcode/DerivedData/ModuleCache.noindex/Session.modulevalidation -fmodules-validate-once-per-build-session -Wnon-modular-include-in-framework-module -Werror\=non-modular-include-in-framework-module -Wno-trigraphs -Wno-missing-field-initializers -Wno-missing-prototypes -Wno-return-type -Wno-implicit-atomic-properties -Wno-objc-interface-ivars -Wno-arc-repeated-use-of-weak -Wno-missing-braces -Wparentheses -Wswitch -Wno-unused-function -Wno-unused-label -Wno-unused-parameter -Wno-unused-variable -Wunused-value -Wno-empty-body -Wno-uninitialized -Wno-unknown-pragmas -w -Wno-shadow -Wno-four-char-constants -Wno-conversion -Wno-constant-conversion -Wno-int-conversion -Wno-bool-conversion -Wno-enum-conversion -Wno-float-conversion -Wno-non-literal-null-conversion -Wno-objc-literal-conversion -Wshorten-64-to-32 -Wpointer-sign -Wno-newline-eof -Wno-selector -Wno-strict-selector-match -Wno-undeclared-selector -Wno-deprecated-implementations -Wno-implicit-fallthrough -isysroot /Applications/Xcode.app/Contents/Developer/Platforms/iPhoneSimulator.platform/Developer/SDKs/iPhoneSimulator26.4.sdk -fstrict-aliasing -Wprotocol -Wdeprecated-declarations -Wno-sign-conversion -Wno-infinite-recursion -Wno-comma -Wno-block-capture-autoreleasing -Wno-strict-prototypes -Wno-semicolon-before-method-body -index-store-path /Users/aadityasingh/Library/Developer/Xcode/DerivedData/Chatlio-erkyzdeecsohoaggpwbjdvavzqfv/Index.noindex/DataStore @/Users/aadityasingh/Library/Developer/Xcode/DerivedData/Chatlio-erkyzdeecsohoaggpwbjdvavzqfv/Build/Intermediates.noindex/DTFoundation.build/Debug-iphonesimulator/DTFoundation.build/Objects-normal/x86_64/e6072d4f65d7061329687fe24e3d63a7-common-args.resp -MMD -MT dependencies -MF /Users/aadityasingh/Library/Developer/Xcode/DerivedData/Chatlio-erkyzdeecsohoaggpwbjdvavzqfv/Build/Intermediates.noindex/DTFoundation.build/Debug-iphonesimulator/DTFoundation.build/Objects-normal/x86_64/DTBlockFunctions.d --serialize-diagnostics /Users/aadityasingh/Library/Developer/Xcode/DerivedData/Chatlio-erkyzdeecsohoaggpwbjdvavzqfv/Build/Intermediates.noindex/DTFoundation.build/Debug-iphonesimulator/DTFoundation.build/Objects-normal/x86_64/DTBlockFunctions.dia -c /Users/aadityasingh/Library/Developer/Xcode/DerivedData/Chatlio-erkyzdeecsohoaggpwbjdvavzqfv/SourcePackages/checkouts/DTFoundation/Core/Source/DTBlockFunctions.m -o /Users/aadityasingh/Library/Developer/Xcode/DerivedData/Chatlio-erkyzdeecsohoaggpwbjdvavzqfv/Build/Intermediates.noindex/DTFoundation.build/Debug-iphonesimulator/DTFoundation.build/Objects-normal/x86_64/DTBlockFunctions.o -index-unit-output-path /DTFoundation.build/Debug-iphonesimulator/DTFoundation.build/Objects-normal/x86_64/DTBlockFunctions.o

CompileC /Users/aadityasingh/Library/Developer/Xcode/DerivedData/Chatlio-erkyzdeecsohoaggpwbjdvavzqfv/Build/Intermediates.noindex/DTFoundation.build/Debug-iphonesimulator/DTFoundation.build/Objects-normal/x86_64/DTBase64Coding.o /Users/aadityasingh/Library/Developer/Xcode/DerivedData/Chatlio-erkyzdeecsohoaggpwbjdvavzqfv/SourcePackages/checkouts/DTFoundation/Core/Source/DTBase64Coding.m normal x86_64 objective-c com.apple.compilers.llvm.clang.1_0.compiler (in target 'DTFoundation' from project 'DTFoundation')
    cd /Users/aadityasingh/Documents/Development/element-x-ios/Chatlio.xcodeproj
    
    Using response file: /Users/aadityasingh/Library/Developer/Xcode/DerivedData/Chatlio-erkyzdeecsohoaggpwbjdvavzqfv/Build/Intermediates.noindex/DTFoundation.build/Debug-iphonesimulator/DTFoundation.build/Objects-normal/x86_64/e6072d4f65d7061329687fe24e3d63a7-common-args.resp
    
    /Applications/Xcode.app/Contents/Developer/Toolchains/XcodeDefault.xctoolchain/usr/bin/clang -x objective-c -ivfsstatcache /Users/aadityasingh/Library/Developer/Xcode/DerivedData/SDKStatCaches.noindex/iphonesimulator26.4-23E252-686eebb5dc1d8ecb277353a59184f4aa.sdkstatcache -target x86_64-apple-ios12.0-simulator -fmessage-length\=0 -fdiagnostics-show-note-include-stack -fmacro-backtrace-limit\=0 -fno-color-diagnostics -fmodules-prune-interval\=86400 -fmodules-prune-after\=345600 -fbuild-session-file\=/Users/aadityasingh/Library/Developer/Xcode/DerivedData/ModuleCache.noindex/Session.modulevalidation -fmodules-validate-once-per-build-session -Wnon-modular-include-in-framework-module -Werror\=non-modular-include-in-framework-module -Wno-trigraphs -Wno-missing-field-initializers -Wno-missing-prototypes -Wno-return-type -Wno-implicit-atomic-properties -Wno-objc-interface-ivars -Wno-arc-repeated-use-of-weak -Wno-missing-braces -Wparentheses -Wswitch -Wno-unused-function -Wno-unused-label -Wno-unused-parameter -Wno-unused-variable -Wunused-value -Wno-empty-body -Wno-uninitialized -Wno-unknown-pragmas -w -Wno-shadow -Wno-four-char-constants -Wno-conversion -Wno-constant-conversion -Wno-int-conversion -Wno-bool-conversion -Wno-enum-conversion -Wno-float-conversion -Wno-non-literal-null-conversion -Wno-objc-literal-conversion -Wshorten-64-to-32 -Wpointer-sign -Wno-newline-eof -Wno-selector -Wno-strict-selector-match -Wno-undeclared-selector -Wno-deprecated-implementations -Wno-implicit-fallthrough -isysroot /Applications/Xcode.app/Contents/Developer/Platforms/iPhoneSimulator.platform/Developer/SDKs/iPhoneSimulator26.4.sdk -fstrict-aliasing -Wprotocol -Wdeprecated-declarations -Wno-sign-conversion -Wno-infinite-recursion -Wno-comma -Wno-block-capture-autoreleasing -Wno-strict-prototypes -Wno-semicolon-before-method-body -index-store-path /Users/aadityasingh/Library/Developer/Xcode/DerivedData/Chatlio-erkyzdeecsohoaggpwbjdvavzqfv/Index.noindex/DataStore @/Users/aadityasingh/Library/Developer/Xcode/DerivedData/Chatlio-erkyzdeecsohoaggpwbjdvavzqfv/Build/Intermediates.noindex/DTFoundation.build/Debug-iphonesimulator/DTFoundation.build/Objects-normal/x86_64/e6072d4f65d7061329687fe24e3d63a7-common-args.resp -MMD -MT dependencies -MF /Users/aadityasingh/Library/Developer/Xcode/DerivedData/Chatlio-erkyzdeecsohoaggpwbjdvavzqfv/Build/Intermediates.noindex/DTFoundation.build/Debug-iphonesimulator/DTFoundation.build/Objects-normal/x86_64/DTBase64Coding.d --serialize-diagnostics /Users/aadityasingh/Library/Developer/Xcode/DerivedData/Chatlio-erkyzdeecsohoaggpwbjdvavzqfv/Build/Intermediates.noindex/DTFoundation.build/Debug-iphonesimulator/DTFoundation.build/Objects-normal/x86_64/DTBase64Coding.dia -c /Users/aadityasingh/Library/Developer/Xcode/DerivedData/Chatlio-erkyzdeecsohoaggpwbjdvavzqfv/SourcePackages/checkouts/DTFoundation/Core/Source/DTBase64Coding.m -o /Users/aadityasingh/Library/Developer/Xcode/DerivedData/Chatlio-erkyzdeecsohoaggpwbjdvavzqfv/Build/Intermediates.noindex/DTFoundation.build/Debug-iphonesimulator/DTFoundation.build/Objects-normal/x86_64/DTBase64Coding.o -index-unit-output-path /DTFoundation.build/Debug-iphonesimulator/DTFoundation.build/Objects-normal/x86_64/DTBase64Coding.o

CompileC /Users/aadityasingh/Library/Developer/Xcode/DerivedData/Chatlio-erkyzdeecsohoaggpwbjdvavzqfv/Build/Intermediates.noindex/DTFoundation.build/Debug-iphonesimulator/DTFoundation.build/Objects-normal/x86_64/DTAlertView.o /Users/aadityasingh/Library/Developer/Xcode/DerivedData/Chatlio-erkyzdeecsohoaggpwbjdvavzqfv/SourcePackages/checkouts/DTFoundation/Core/Source/iOS/BlocksAdditions/DTAlertView.m normal x86_64 objective-c com.apple.compilers.llvm.clang.1_0.compiler (in target 'DTFoundation' from project 'DTFoundation')
    cd /Users/aadityasingh/Documents/Development/element-x-ios/Chatlio.xcodeproj
    
    Using response file: /Users/aadityasingh/Library/Developer/Xcode/DerivedData/Chatlio-erkyzdeecsohoaggpwbjdvavzqfv/Build/Intermediates.noindex/DTFoundation.build/Debug-iphonesimulator/DTFoundation.build/Objects-normal/x86_64/e6072d4f65d7061329687fe24e3d63a7-common-args.resp
    
    /Applications/Xcode.app/Contents/Developer/Toolchains/XcodeDefault.xctoolchain/usr/bin/clang -x objective-c -ivfsstatcache /Users/aadityasingh/Library/Developer/Xcode/DerivedData/SDKStatCaches.noindex/iphonesimulator26.4-23E252-686eebb5dc1d8ecb277353a59184f4aa.sdkstatcache -target x86_64-apple-ios12.0-simulator -fmessage-length\=0 -fdiagnostics-show-note-include-stack -fmacro-backtrace-limit\=0 -fno-color-diagnostics -fmodules-prune-interval\=86400 -fmodules-prune-after\=345600 -fbuild-session-file\=/Users/aadityasingh/Library/Developer/Xcode/DerivedData/ModuleCache.noindex/Session.modulevalidation -fmodules-validate-once-per-build-session -Wnon-modular-include-in-framework-module -Werror\=non-modular-include-in-framework-module -Wno-trigraphs -Wno-missing-field-initializers -Wno-missing-prototypes -Wno-return-type -Wno-implicit-atomic-properties -Wno-objc-interface-ivars -Wno-arc-repeated-use-of-weak -Wno-missing-braces -Wparentheses -Wswitch -Wno-unused-function -Wno-unused-label -Wno-unused-parameter -Wno-unused-variable -Wunused-value -Wno-empty-body -Wno-uninitialized -Wno-unknown-pragmas -w -Wno-shadow -Wno-four-char-constants -Wno-conversion -Wno-constant-conversion -Wno-int-conversion -Wno-bool-conversion -Wno-enum-conversion -Wno-float-conversion -Wno-non-literal-null-conversion -Wno-objc-literal-conversion -Wshorten-64-to-32 -Wpointer-sign -Wno-newline-eof -Wno-selector -Wno-strict-selector-match -Wno-undeclared-selector -Wno-deprecated-implementations -Wno-implicit-fallthrough -isysroot /Applications/Xcode.app/Contents/Developer/Platforms/iPhoneSimulator.platform/Developer/SDKs/iPhoneSimulator26.4.sdk -fstrict-aliasing -Wprotocol -Wdeprecated-declarations -Wno-sign-conversion -Wno-infinite-recursion -Wno-comma -Wno-block-capture-autoreleasing -Wno-strict-prototypes -Wno-semicolon-before-method-body -index-store-path /Users/aadityasingh/Library/Developer/Xcode/DerivedData/Chatlio-erkyzdeecsohoaggpwbjdvavzqfv/Index.noindex/DataStore @/Users/aadityasingh/Library/Developer/Xcode/DerivedData/Chatlio-erkyzdeecsohoaggpwbjdvavzqfv/Build/Intermediates.noindex/DTFoundation.build/Debug-iphonesimulator/DTFoundation.build/Objects-normal/x86_64/e6072d4f65d7061329687fe24e3d63a7-common-args.resp -MMD -MT dependencies -MF /Users/aadityasingh/Library/Developer/Xcode/DerivedData/Chatlio-erkyzdeecsohoaggpwbjdvavzqfv/Build/Intermediates.noindex/DTFoundation.build/Debug-iphonesimulator/DTFoundation.build/Objects-normal/x86_64/DTAlertView.d --serialize-diagnostics /Users/aadityasingh/Library/Developer/Xcode/DerivedData/Chatlio-erkyzdeecsohoaggpwbjdvavzqfv/Build/Intermediates.noindex/DTFoundation.build/Debug-iphonesimulator/DTFoundation.build/Objects-normal/x86_64/DTAlertView.dia -c /Users/aadityasingh/Library/Developer/Xcode/DerivedData/Chatlio-erkyzdeecsohoaggpwbjdvavzqfv/SourcePackages/checkouts/DTFoundation/Core/Source/iOS/BlocksAdditions/DTAlertView.m -o /Users/aadityasingh/Library/Developer/Xcode/DerivedData/Chatlio-erkyzdeecsohoaggpwbjdvavzqfv/Build/Intermediates.noindex/DTFoundation.build/Debug-iphonesimulator/DTFoundation.build/Objects-normal/x86_64/DTAlertView.o -index-unit-output-path /DTFoundation.build/Debug-iphonesimulator/DTFoundation.build/Objects-normal/x86_64/DTAlertView.o

CompileC /Users/aadityasingh/Library/Developer/Xcode/DerivedData/Chatlio-erkyzdeecsohoaggpwbjdvavzqfv/Build/Intermediates.noindex/DTFoundation.build/Debug-iphonesimulator/DTFoundation.build/Objects-normal/x86_64/DTASN1Serialization.o /Users/aadityasingh/Library/Developer/Xcode/DerivedData/Chatlio-erkyzdeecsohoaggpwbjdvavzqfv/SourcePackages/checkouts/DTFoundation/Core/Source/DTASN1/DTASN1Serialization.m normal x86_64 objective-c com.apple.compilers.llvm.clang.1_0.compiler (in target 'DTFoundation' from project 'DTFoundation')
    cd /Users/aadityasingh/Documents/Development/element-x-ios/Chatlio.xcodeproj
    
    Using response file: /Users/aadityasingh/Library/Developer/Xcode/DerivedData/Chatlio-erkyzdeecsohoaggpwbjdvavzqfv/Build/Intermediates.noindex/DTFoundation.build/Debug-iphonesimulator/DTFoundation.build/Objects-normal/x86_64/e6072d4f65d7061329687fe24e3d63a7-common-args.resp
    
    /Applications/Xcode.app/Contents/Developer/Toolchains/XcodeDefault.xctoolchain/usr/bin/clang -x objective-c -ivfsstatcache /Users/aadityasingh/Library/Developer/Xcode/DerivedData/SDKStatCaches.noindex/iphonesimulator26.4-23E252-686eebb5dc1d8ecb277353a59184f4aa.sdkstatcache -target x86_64-apple-ios12.0-simulator -fmessage-length\=0 -fdiagnostics-show-note-include-stack -fmacro-backtrace-limit\=0 -fno-color-diagnostics -fmodules-prune-interval\=86400 -fmodules-prune-after\=345600 -fbuild-session-file\=/Users/aadityasingh/Library/Developer/Xcode/DerivedData/ModuleCache.noindex/Session.modulevalidation -fmodules-validate-once-per-build-session -Wnon-modular-include-in-framework-module -Werror\=non-modular-include-in-framework-module -Wno-trigraphs -Wno-missing-field-initializers -Wno-missing-prototypes -Wno-return-type -Wno-implicit-atomic-properties -Wno-objc-interface-ivars -Wno-arc-repeated-use-of-weak -Wno-missing-braces -Wparentheses -Wswitch -Wno-unused-function -Wno-unused-label -Wno-unused-parameter -Wno-unused-variable -Wunused-value -Wno-empty-body -Wno-uninitialized -Wno-unknown-pragmas -w -Wno-shadow -Wno-four-char-constants -Wno-conversion -Wno-constant-conversion -Wno-int-conversion -Wno-bool-conversion -Wno-enum-conversion -Wno-float-conversion -Wno-non-literal-null-conversion -Wno-objc-literal-conversion -Wshorten-64-to-32 -Wpointer-sign -Wno-newline-eof -Wno-selector -Wno-strict-selector-match -Wno-undeclared-selector -Wno-deprecated-implementations -Wno-implicit-fallthrough -isysroot /Applications/Xcode.app/Contents/Developer/Platforms/iPhoneSimulator.platform/Developer/SDKs/iPhoneSimulator26.4.sdk -fstrict-aliasing -Wprotocol -Wdeprecated-declarations -Wno-sign-conversion -Wno-infinite-recursion -Wno-comma -Wno-block-capture-autoreleasing -Wno-strict-prototypes -Wno-semicolon-before-method-body -index-store-path /Users/aadityasingh/Library/Developer/Xcode/DerivedData/Chatlio-erkyzdeecsohoaggpwbjdvavzqfv/Index.noindex/DataStore @/Users/aadityasingh/Library/Developer/Xcode/DerivedData/Chatlio-erkyzdeecsohoaggpwbjdvavzqfv/Build/Intermediates.noindex/DTFoundation.build/Debug-iphonesimulator/DTFoundation.build/Objects-normal/x86_64/e6072d4f65d7061329687fe24e3d63a7-common-args.resp -MMD -MT dependencies -MF /Users/aadityasingh/Library/Developer/Xcode/DerivedData/Chatlio-erkyzdeecsohoaggpwbjdvavzqfv/Build/Intermediates.noindex/DTFoundation.build/Debug-iphonesimulator/DTFoundation.build/Objects-normal/x86_64/DTASN1Serialization.d --serialize-diagnostics /Users/aadityasingh/Library/Developer/Xcode/DerivedData/Chatlio-erkyzdeecsohoaggpwbjdvavzqfv/Build/Intermediates.noindex/DTFoundation.build/Debug-iphonesimulator/DTFoundation.build/Objects-normal/x86_64/DTASN1Serialization.dia -c /Users/aadityasingh/Library/Developer/Xcode/DerivedData/Chatlio-erkyzdeecsohoaggpwbjdvavzqfv/SourcePackages/checkouts/DTFoundation/Core/Source/DTASN1/DTASN1Serialization.m -o /Users/aadityasingh/Library/Developer/Xcode/DerivedData/Chatlio-erkyzdeecsohoaggpwbjdvavzqfv/Build/Intermediates.noindex/DTFoundation.build/Debug-iphonesimulator/DTFoundation.build/Objects-normal/x86_64/DTASN1Serialization.o -index-unit-output-path /DTFoundation.build/Debug-iphonesimulator/DTFoundation.build/Objects-normal/x86_64/DTASN1Serialization.o

CompileC /Users/aadityasingh/Library/Developer/Xcode/DerivedData/Chatlio-erkyzdeecsohoaggpwbjdvavzqfv/Build/Intermediates.noindex/DTFoundation.build/Debug-iphonesimulator/DTFoundation.build/Objects-normal/x86_64/DTASN1Parser.o /Users/aadityasingh/Library/Developer/Xcode/DerivedData/Chatlio-erkyzdeecsohoaggpwbjdvavzqfv/SourcePackages/checkouts/DTFoundation/Core/Source/DTASN1/DTASN1Parser.m normal x86_64 objective-c com.apple.compilers.llvm.clang.1_0.compiler (in target 'DTFoundation' from project 'DTFoundation')
    cd /Users/aadityasingh/Documents/Development/element-x-ios/Chatlio.xcodeproj
    
    Using response file: /Users/aadityasingh/Library/Developer/Xcode/DerivedData/Chatlio-erkyzdeecsohoaggpwbjdvavzqfv/Build/Intermediates.noindex/DTFoundation.build/Debug-iphonesimulator/DTFoundation.build/Objects-normal/x86_64/e6072d4f65d7061329687fe24e3d63a7-common-args.resp
    
    /Applications/Xcode.app/Contents/Developer/Toolchains/XcodeDefault.xctoolchain/usr/bin/clang -x objective-c -ivfsstatcache /Users/aadityasingh/Library/Developer/Xcode/DerivedData/SDKStatCaches.noindex/iphonesimulator26.4-23E252-686eebb5dc1d8ecb277353a59184f4aa.sdkstatcache -target x86_64-apple-ios12.0-simulator -fmessage-length\=0 -fdiagnostics-show-note-include-stack -fmacro-backtrace-limit\=0 -fno-color-diagnostics -fmodules-prune-interval\=86400 -fmodules-prune-after\=345600 -fbuild-session-file\=/Users/aadityasingh/Library/Developer/Xcode/DerivedData/ModuleCache.noindex/Session.modulevalidation -fmodules-validate-once-per-build-session -Wnon-modular-include-in-framework-module -Werror\=non-modular-include-in-framework-module -Wno-trigraphs -Wno-missing-field-initializers -Wno-missing-prototypes -Wno-return-type -Wno-implicit-atomic-properties -Wno-objc-interface-ivars -Wno-arc-repeated-use-of-weak -Wno-missing-braces -Wparentheses -Wswitch -Wno-unused-function -Wno-unused-label -Wno-unused-parameter -Wno-unused-variable -Wunused-value -Wno-empty-body -Wno-uninitialized -Wno-unknown-pragmas -w -Wno-shadow -Wno-four-char-constants -Wno-conversion -Wno-constant-conversion -Wno-int-conversion -Wno-bool-conversion -Wno-enum-conversion -Wno-float-conversion -Wno-non-literal-null-conversion -Wno-objc-literal-conversion -Wshorten-64-to-32 -Wpointer-sign -Wno-newline-eof -Wno-selector -Wno-strict-selector-match -Wno-undeclared-selector -Wno-deprecated-implementations -Wno-implicit-fallthrough -isysroot /Applications/Xcode.app/Contents/Developer/Platforms/iPhoneSimulator.platform/Developer/SDKs/iPhoneSimulator26.4.sdk -fstrict-aliasing -Wprotocol -Wdeprecated-declarations -Wno-sign-conversion -Wno-infinite-recursion -Wno-comma -Wno-block-capture-autoreleasing -Wno-strict-prototypes -Wno-semicolon-before-method-body -index-store-path /Users/aadityasingh/Library/Developer/Xcode/DerivedData/Chatlio-erkyzdeecsohoaggpwbjdvavzqfv/Index.noindex/DataStore @/Users/aadityasingh/Library/Developer/Xcode/DerivedData/Chatlio-erkyzdeecsohoaggpwbjdvavzqfv/Build/Intermediates.noindex/DTFoundation.build/Debug-iphonesimulator/DTFoundation.build/Objects-normal/x86_64/e6072d4f65d7061329687fe24e3d63a7-common-args.resp -MMD -MT dependencies -MF /Users/aadityasingh/Library/Developer/Xcode/DerivedData/Chatlio-erkyzdeecsohoaggpwbjdvavzqfv/Build/Intermediates.noindex/DTFoundation.build/Debug-iphonesimulator/DTFoundation.build/Objects-normal/x86_64/DTASN1Parser.d --serialize-diagnostics /Users/aadityasingh/Library/Developer/Xcode/DerivedData/Chatlio-erkyzdeecsohoaggpwbjdvavzqfv/Build/Intermediates.noindex/DTFoundation.build/Debug-iphonesimulator/DTFoundation.build/Objects-normal/x86_64/DTASN1Parser.dia -c /Users/aadityasingh/Library/Developer/Xcode/DerivedData/Chatlio-erkyzdeecsohoaggpwbjdvavzqfv/SourcePackages/checkouts/DTFoundation/Core/Source/DTASN1/DTASN1Parser.m -o /Users/aadityasingh/Library/Developer/Xcode/DerivedData/Chatlio-erkyzdeecsohoaggpwbjdvavzqfv/Build/Intermediates.noindex/DTFoundation.build/Debug-iphonesimulator/DTFoundation.build/Objects-normal/x86_64/DTASN1Parser.o -index-unit-output-path /DTFoundation.build/Debug-iphonesimulator/DTFoundation.build/Objects-normal/x86_64/DTASN1Parser.o

CompileC /Users/aadityasingh/Library/Developer/Xcode/DerivedData/Chatlio-erkyzdeecsohoaggpwbjdvavzqfv/Build/Intermediates.noindex/DTFoundation.build/Debug-iphonesimulator/DTFoundation.build/Objects-normal/x86_64/DTASN1BitString.o /Users/aadityasingh/Library/Developer/Xcode/DerivedData/Chatlio-erkyzdeecsohoaggpwbjdvavzqfv/SourcePackages/checkouts/DTFoundation/Core/Source/DTASN1/DTASN1BitString.m normal x86_64 objective-c com.apple.compilers.llvm.clang.1_0.compiler (in target 'DTFoundation' from project 'DTFoundation')
    cd /Users/aadityasingh/Documents/Development/element-x-ios/Chatlio.xcodeproj
    
    Using response file: /Users/aadityasingh/Library/Developer/Xcode/DerivedData/Chatlio-erkyzdeecsohoaggpwbjdvavzqfv/Build/Intermediates.noindex/DTFoundation.build/Debug-iphonesimulator/DTFoundation.build/Objects-normal/x86_64/e6072d4f65d7061329687fe24e3d63a7-common-args.resp
    
    /Applications/Xcode.app/Contents/Developer/Toolchains/XcodeDefault.xctoolchain/usr/bin/clang -x objective-c -ivfsstatcache /Users/aadityasingh/Library/Developer/Xcode/DerivedData/SDKStatCaches.noindex/iphonesimulator26.4-23E252-686eebb5dc1d8ecb277353a59184f4aa.sdkstatcache -target x86_64-apple-ios12.0-simulator -fmessage-length\=0 -fdiagnostics-show-note-include-stack -fmacro-backtrace-limit\=0 -fno-color-diagnostics -fmodules-prune-interval\=86400 -fmodules-prune-after\=345600 -fbuild-session-file\=/Users/aadityasingh/Library/Developer/Xcode/DerivedData/ModuleCache.noindex/Session.modulevalidation -fmodules-validate-once-per-build-session -Wnon-modular-include-in-framework-module -Werror\=non-modular-include-in-framework-module -Wno-trigraphs -Wno-missing-field-initializers -Wno-missing-prototypes -Wno-return-type -Wno-implicit-atomic-properties -Wno-objc-interface-ivars -Wno-arc-repeated-use-of-weak -Wno-missing-braces -Wparentheses -Wswitch -Wno-unused-function -Wno-unused-label -Wno-unused-parameter -Wno-unused-variable -Wunused-value -Wno-empty-body -Wno-uninitialized -Wno-unknown-pragmas -w -Wno-shadow -Wno-four-char-constants -Wno-conversion -Wno-constant-conversion -Wno-int-conversion -Wno-bool-conversion -Wno-enum-conversion -Wno-float-conversion -Wno-non-literal-null-conversion -Wno-objc-literal-conversion -Wshorten-64-to-32 -Wpointer-sign -Wno-newline-eof -Wno-selector -Wno-strict-selector-match -Wno-undeclared-selector -Wno-deprecated-implementations -Wno-implicit-fallthrough -isysroot /Applications/Xcode.app/Contents/Developer/Platforms/iPhoneSimulator.platform/Developer/SDKs/iPhoneSimulator26.4.sdk -fstrict-aliasing -Wprotocol -Wdeprecated-declarations -Wno-sign-conversion -Wno-infinite-recursion -Wno-comma -Wno-block-capture-autoreleasing -Wno-strict-prototypes -Wno-semicolon-before-method-body -index-store-path /Users/aadityasingh/Library/Developer/Xcode/DerivedData/Chatlio-erkyzdeecsohoaggpwbjdvavzqfv/Index.noindex/DataStore @/Users/aadityasingh/Library/Developer/Xcode/DerivedData/Chatlio-erkyzdeecsohoaggpwbjdvavzqfv/Build/Intermediates.noindex/DTFoundation.build/Debug-iphonesimulator/DTFoundation.build/Objects-normal/x86_64/e6072d4f65d7061329687fe24e3d63a7-common-args.resp -MMD -MT dependencies -MF /Users/aadityasingh/Library/Developer/Xcode/DerivedData/Chatlio-erkyzdeecsohoaggpwbjdvavzqfv/Build/Intermediates.noindex/DTFoundation.build/Debug-iphonesimulator/DTFoundation.build/Objects-normal/x86_64/DTASN1BitString.d --serialize-diagnostics /Users/aadityasingh/Library/Developer/Xcode/DerivedData/Chatlio-erkyzdeecsohoaggpwbjdvavzqfv/Build/Intermediates.noindex/DTFoundation.build/Debug-iphonesimulator/DTFoundation.build/Objects-normal/x86_64/DTASN1BitString.dia -c /Users/aadityasingh/Library/Developer/Xcode/DerivedData/Chatlio-erkyzdeecsohoaggpwbjdvavzqfv/SourcePackages/checkouts/DTFoundation/Core/Source/DTASN1/DTASN1BitString.m -o /Users/aadityasingh/Library/Developer/Xcode/DerivedData/Chatlio-erkyzdeecsohoaggpwbjdvavzqfv/Build/Intermediates.noindex/DTFoundation.build/Debug-iphonesimulator/DTFoundation.build/Objects-normal/x86_64/DTASN1BitString.o -index-unit-output-path /DTFoundation.build/Debug-iphonesimulator/DTFoundation.build/Objects-normal/x86_64/DTASN1BitString.o

PrecompileModule /Users/aadityasingh/Library/Developer/Xcode/DerivedData/Chatlio-erkyzdeecsohoaggpwbjdvavzqfv/Build/Intermediates.noindex/ExplicitPrecompiledModules/Symbols-4JEKQGF6I4L7LBJLX7CXME1J.scan
    cd /
    builtin-precompileModule /Users/aadityasingh/Library/Developer/Xcode/DerivedData/Chatlio-erkyzdeecsohoaggpwbjdvavzqfv/Build/Intermediates.noindex/ExplicitPrecompiledModules/Symbols-4JEKQGF6I4L7LBJLX7CXME1J.scan

PrecompileModule /Users/aadityasingh/Library/Developer/Xcode/DerivedData/Chatlio-erkyzdeecsohoaggpwbjdvavzqfv/Build/Intermediates.noindex/ExplicitPrecompiledModules/OpenGLES-907ELHX77LRB0PJTOWL9AHCEM.scan
    cd /
    builtin-precompileModule /Users/aadityasingh/Library/Developer/Xcode/DerivedData/Chatlio-erkyzdeecsohoaggpwbjdvavzqfv/Build/Intermediates.noindex/ExplicitPrecompiledModules/OpenGLES-907ELHX77LRB0PJTOWL9AHCEM.scan

PrecompileModule /Users/aadityasingh/Library/Developer/Xcode/DerivedData/Chatlio-erkyzdeecsohoaggpwbjdvavzqfv/Build/Intermediates.noindex/ExplicitPrecompiledModules/FileProvider-EFCJC0FA08CLV8R2HAIGRVNDC.scan
    cd /
    builtin-precompileModule /Users/aadityasingh/Library/Developer/Xcode/DerivedData/Chatlio-erkyzdeecsohoaggpwbjdvavzqfv/Build/Intermediates.noindex/ExplicitPrecompiledModules/FileProvider-EFCJC0FA08CLV8R2HAIGRVNDC.scan

PrecompileModule /Users/aadityasingh/Library/Developer/Xcode/DerivedData/Chatlio-erkyzdeecsohoaggpwbjdvavzqfv/Build/Intermediates.noindex/ExplicitPrecompiledModules/UserNotifications-1S5M07ZGCHDYWC7TNHOA2WIYX.scan
    cd /
    builtin-precompileModule /Users/aadityasingh/Library/Developer/Xcode/DerivedData/Chatlio-erkyzdeecsohoaggpwbjdvavzqfv/Build/Intermediates.noindex/ExplicitPrecompiledModules/UserNotifications-1S5M07ZGCHDYWC7TNHOA2WIYX.scan

PrecompileModule /Users/aadityasingh/Library/Developer/Xcode/DerivedData/Chatlio-erkyzdeecsohoaggpwbjdvavzqfv/Build/Intermediates.noindex/ExplicitPrecompiledModules/IOSurface-BNYUIQBB7J8JL5U7IYDCX902Q.scan
    cd /
    builtin-precompileModule /Users/aadityasingh/Library/Developer/Xcode/DerivedData/Chatlio-erkyzdeecsohoaggpwbjdvavzqfv/Build/Intermediates.noindex/ExplicitPrecompiledModules/IOSurface-BNYUIQBB7J8JL5U7IYDCX902Q.scan

PrecompileModule /Users/aadityasingh/Library/Developer/Xcode/DerivedData/Chatlio-erkyzdeecsohoaggpwbjdvavzqfv/Build/Intermediates.noindex/ExplicitPrecompiledModules/UIUtilities-4QTSY4JQZREN8W7884GUIYYRK.scan
    cd /
    builtin-precompileModule /Users/aadityasingh/Library/Developer/Xcode/DerivedData/Chatlio-erkyzdeecsohoaggpwbjdvavzqfv/Build/Intermediates.noindex/ExplicitPrecompiledModules/UIUtilities-4QTSY4JQZREN8W7884GUIYYRK.scan

CpResource /Users/aadityasingh/Library/Developer/Xcode/DerivedData/Chatlio-erkyzdeecsohoaggpwbjdvavzqfv/Build/Products/Debug-iphonesimulator/DTCoreText_DTCoreText.bundle/default.css /Users/aadityasingh/Library/Developer/Xcode/DerivedData/Chatlio-erkyzdeecsohoaggpwbjdvavzqfv/SourcePackages/checkouts/DTCoreText/Core/Source/default.css (in target 'DTCoreText_DTCoreText' from project 'DTCoreText')
    cd /Users/aadityasingh/Library/Developer/Xcode/DerivedData/Chatlio-erkyzdeecsohoaggpwbjdvavzqfv/SourcePackages/checkouts/DTCoreText
    builtin-copy -exclude .DS_Store -exclude CVS -exclude .svn -exclude .git -exclude .hg -resolve-src-symlinks /Users/aadityasingh/Library/Developer/Xcode/DerivedData/Chatlio-erkyzdeecsohoaggpwbjdvavzqfv/SourcePackages/checkouts/DTCoreText/Core/Source/default.css /Users/aadityasingh/Library/Developer/Xcode/DerivedData/Chatlio-erkyzdeecsohoaggpwbjdvavzqfv/Build/Products/Debug-iphonesimulator/DTCoreText_DTCoreText.bundle

PrecompileModule /Users/aadityasingh/Library/Developer/Xcode/DerivedData/Chatlio-erkyzdeecsohoaggpwbjdvavzqfv/Build/Intermediates.noindex/ExplicitPrecompiledModules/ObjectiveC-9CGP8B7TTF05S052FFYCJHRJP.scan
    cd /
    builtin-precompileModule /Users/aadityasingh/Library/Developer/Xcode/DerivedData/Chatlio-erkyzdeecsohoaggpwbjdvavzqfv/Build/Intermediates.noindex/ExplicitPrecompiledModules/ObjectiveC-9CGP8B7TTF05S052FFYCJHRJP.scan

ScanDependencies /Users/aadityasingh/Library/Developer/Xcode/DerivedData/Chatlio-erkyzdeecsohoaggpwbjdvavzqfv/Build/Intermediates.noindex/WysiwygComposer.build/Debug-iphonesimulator/DTCoreTextExtended.build/Objects-normal/x86_64/UIFont+AttributedStringBuilder.o /Users/aadityasingh/Library/Developer/Xcode/DerivedData/Chatlio-erkyzdeecsohoaggpwbjdvavzqfv/SourcePackages/checkouts/matrix-rich-text-editor-swift/Sources/DTCoreTextExtended/UIFont+AttributedStringBuilder.m normal x86_64 objective-c com.apple.compilers.llvm.clang.1_0.compiler (in target 'DTCoreTextExtended' from project 'WysiwygComposer')
    cd /Users/aadityasingh/Documents/Development/element-x-ios/Chatlio.xcodeproj
    
    Using response file: /Users/aadityasingh/Library/Developer/Xcode/DerivedData/Chatlio-erkyzdeecsohoaggpwbjdvavzqfv/Build/Intermediates.noindex/WysiwygComposer.build/Debug-iphonesimulator/DTCoreTextExtended.build/Objects-normal/x86_64/e6072d4f65d7061329687fe24e3d63a7-common-args.resp
    
    builtin-ScanDependencies -o /Users/aadityasingh/Library/Developer/Xcode/DerivedData/Chatlio-erkyzdeecsohoaggpwbjdvavzqfv/Build/Intermediates.noindex/WysiwygComposer.build/Debug-iphonesimulator/DTCoreTextExtended.build/Objects-normal/x86_64/UIFont+AttributedStringBuilder.o.scan -- /Applications/Xcode.app/Contents/Developer/Toolchains/XcodeDefault.xctoolchain/usr/bin/clang -x objective-c -ivfsstatcache /Users/aadityasingh/Library/Developer/Xcode/DerivedData/SDKStatCaches.noindex/iphonesimulator26.4-23E252-686eebb5dc1d8ecb277353a59184f4aa.sdkstatcache -target x86_64-apple-ios15.0-simulator -fmessage-length\=0 -fdiagnostics-show-note-include-stack -fmacro-backtrace-limit\=0 -fno-color-diagnostics -fmodules-prune-interval\=86400 -fmodules-prune-after\=345600 -fbuild-session-file\=/Users/aadityasingh/Library/Developer/Xcode/DerivedData/ModuleCache.noindex/Session.modulevalidation -fmodules-validate-once-per-build-session -Wnon-modular-include-in-framework-module -Werror\=non-modular-include-in-framework-module -Wno-trigraphs -Wno-missing-field-initializers -Wno-missing-prototypes -Wno-return-type -Wno-implicit-atomic-properties -Wno-objc-interface-ivars -Wno-arc-repeated-use-of-weak -Wno-missing-braces -Wparentheses -Wswitch -Wno-unused-function -Wno-unused-label -Wno-unused-parameter -Wno-unused-variable -Wunused-value -Wno-empty-body -Wno-uninitialized -Wno-unknown-pragmas -w -Wno-shadow -Wno-four-char-constants -Wno-conversion -Wno-constant-conversion -Wno-int-conversion -Wno-bool-conversion -Wno-enum-conversion -Wno-float-conversion -Wno-non-literal-null-conversion -Wno-objc-literal-conversion -Wshorten-64-to-32 -Wpointer-sign -Wno-newline-eof -Wno-selector -Wno-strict-selector-match -Wno-undeclared-selector -Wno-deprecated-implementations -Wno-implicit-fallthrough -isysroot /Applications/Xcode.app/Contents/Developer/Platforms/iPhoneSimulator.platform/Developer/SDKs/iPhoneSimulator26.4.sdk -fstrict-aliasing -Wprotocol -Wdeprecated-declarations -Wno-sign-conversion -Wno-infinite-recursion -Wno-comma -Wno-block-capture-autoreleasing -Wno-strict-prototypes -Wno-semicolon-before-method-body -index-store-path /Users/aadityasingh/Library/Developer/Xcode/DerivedData/Chatlio-erkyzdeecsohoaggpwbjdvavzqfv/Index.noindex/DataStore @/Users/aadityasingh/Library/Developer/Xcode/DerivedData/Chatlio-erkyzdeecsohoaggpwbjdvavzqfv/Build/Intermediates.noindex/WysiwygComposer.build/Debug-iphonesimulator/DTCoreTextExtended.build/Objects-normal/x86_64/e6072d4f65d7061329687fe24e3d63a7-common-args.resp -MMD -MT dependencies -MF /Users/aadityasingh/Library/Developer/Xcode/DerivedData/Chatlio-erkyzdeecsohoaggpwbjdvavzqfv/Build/Intermediates.noindex/WysiwygComposer.build/Debug-iphonesimulator/DTCoreTextExtended.build/Objects-normal/x86_64/UIFont+AttributedStringBuilder.d --serialize-diagnostics /Users/aadityasingh/Library/Developer/Xcode/DerivedData/Chatlio-erkyzdeecsohoaggpwbjdvavzqfv/Build/Intermediates.noindex/WysiwygComposer.build/Debug-iphonesimulator/DTCoreTextExtended.build/Objects-normal/x86_64/UIFont+AttributedStringBuilder.dia -c /Users/aadityasingh/Library/Developer/Xcode/DerivedData/Chatlio-erkyzdeecsohoaggpwbjdvavzqfv/SourcePackages/checkouts/matrix-rich-text-editor-swift/Sources/DTCoreTextExtended/UIFont+AttributedStringBuilder.m -o /Users/aadityasingh/Library/Developer/Xcode/DerivedData/Chatlio-erkyzdeecsohoaggpwbjdvavzqfv/Build/Intermediates.noindex/WysiwygComposer.build/Debug-iphonesimulator/DTCoreTextExtended.build/Objects-normal/x86_64/UIFont+AttributedStringBuilder.o -index-unit-output-path /WysiwygComposer.build/Debug-iphonesimulator/DTCoreTextExtended.build/Objects-normal/x86_64/UIFont+AttributedStringBuilder.o

ScanDependencies /Users/aadityasingh/Library/Developer/Xcode/DerivedData/Chatlio-erkyzdeecsohoaggpwbjdvavzqfv/Build/Intermediates.noindex/WysiwygComposer.build/Debug-iphonesimulator/DTCoreTextExtended.build/Objects-normal/arm64/UIFont+AttributedStringBuilder.o /Users/aadityasingh/Library/Developer/Xcode/DerivedData/Chatlio-erkyzdeecsohoaggpwbjdvavzqfv/SourcePackages/checkouts/matrix-rich-text-editor-swift/Sources/DTCoreTextExtended/UIFont+AttributedStringBuilder.m normal arm64 objective-c com.apple.compilers.llvm.clang.1_0.compiler (in target 'DTCoreTextExtended' from project 'WysiwygComposer')
    cd /Users/aadityasingh/Documents/Development/element-x-ios/Chatlio.xcodeproj
    
    Using response file: /Users/aadityasingh/Library/Developer/Xcode/DerivedData/Chatlio-erkyzdeecsohoaggpwbjdvavzqfv/Build/Intermediates.noindex/WysiwygComposer.build/Debug-iphonesimulator/DTCoreTextExtended.build/Objects-normal/arm64/e6072d4f65d7061329687fe24e3d63a7-common-args.resp
    
    builtin-ScanDependencies -o /Users/aadityasingh/Library/Developer/Xcode/DerivedData/Chatlio-erkyzdeecsohoaggpwbjdvavzqfv/Build/Intermediates.noindex/WysiwygComposer.build/Debug-iphonesimulator/DTCoreTextExtended.build/Objects-normal/arm64/UIFont+AttributedStringBuilder.o.scan -- /Applications/Xcode.app/Contents/Developer/Toolchains/XcodeDefault.xctoolchain/usr/bin/clang -x objective-c -ivfsstatcache /Users/aadityasingh/Library/Developer/Xcode/DerivedData/SDKStatCaches.noindex/iphonesimulator26.4-23E252-686eebb5dc1d8ecb277353a59184f4aa.sdkstatcache -target arm64-apple-ios15.0-simulator -fmessage-length\=0 -fdiagnostics-show-note-include-stack -fmacro-backtrace-limit\=0 -fno-color-diagnostics -fmodules-prune-interval\=86400 -fmodules-prune-after\=345600 -fbuild-session-file\=/Users/aadityasingh/Library/Developer/Xcode/DerivedData/ModuleCache.noindex/Session.modulevalidation -fmodules-validate-once-per-build-session -Wnon-modular-include-in-framework-module -Werror\=non-modular-include-in-framework-module -Wno-trigraphs -Wno-missing-field-initializers -Wno-missing-prototypes -Wno-return-type -Wno-implicit-atomic-properties -Wno-objc-interface-ivars -Wno-arc-repeated-use-of-weak -Wno-missing-braces -Wparentheses -Wswitch -Wno-unused-function -Wno-unused-label -Wno-unused-parameter -Wno-unused-variable -Wunused-value -Wno-empty-body -Wno-uninitialized -Wno-unknown-pragmas -w -Wno-shadow -Wno-four-char-constants -Wno-conversion -Wno-constant-conversion -Wno-int-conversion -Wno-bool-conversion -Wno-enum-conversion -Wno-float-conversion -Wno-non-literal-null-conversion -Wno-objc-literal-conversion -Wshorten-64-to-32 -Wpointer-sign -Wno-newline-eof -Wno-selector -Wno-strict-selector-match -Wno-undeclared-selector -Wno-deprecated-implementations -Wno-implicit-fallthrough -isysroot /Applications/Xcode.app/Contents/Developer/Platforms/iPhoneSimulator.platform/Developer/SDKs/iPhoneSimulator26.4.sdk -fstrict-aliasing -Wprotocol -Wdeprecated-declarations -Wno-sign-conversion -Wno-infinite-recursion -Wno-comma -Wno-block-capture-autoreleasing -Wno-strict-prototypes -Wno-semicolon-before-method-body -index-store-path /Users/aadityasingh/Library/Developer/Xcode/DerivedData/Chatlio-erkyzdeecsohoaggpwbjdvavzqfv/Index.noindex/DataStore @/Users/aadityasingh/Library/Developer/Xcode/DerivedData/Chatlio-erkyzdeecsohoaggpwbjdvavzqfv/Build/Intermediates.noindex/WysiwygComposer.build/Debug-iphonesimulator/DTCoreTextExtended.build/Objects-normal/arm64/e6072d4f65d7061329687fe24e3d63a7-common-args.resp -MMD -MT dependencies -MF /Users/aadityasingh/Library/Developer/Xcode/DerivedData/Chatlio-erkyzdeecsohoaggpwbjdvavzqfv/Build/Intermediates.noindex/WysiwygComposer.build/Debug-iphonesimulator/DTCoreTextExtended.build/Objects-normal/arm64/UIFont+AttributedStringBuilder.d --serialize-diagnostics /Users/aadityasingh/Library/Developer/Xcode/DerivedData/Chatlio-erkyzdeecsohoaggpwbjdvavzqfv/Build/Intermediates.noindex/WysiwygComposer.build/Debug-iphonesimulator/DTCoreTextExtended.build/Objects-normal/arm64/UIFont+AttributedStringBuilder.dia -c /Users/aadityasingh/Library/Developer/Xcode/DerivedData/Chatlio-erkyzdeecsohoaggpwbjdvavzqfv/SourcePackages/checkouts/matrix-rich-text-editor-swift/Sources/DTCoreTextExtended/UIFont+AttributedStringBuilder.m -o /Users/aadityasingh/Library/Developer/Xcode/DerivedData/Chatlio-erkyzdeecsohoaggpwbjdvavzqfv/Build/Intermediates.noindex/WysiwygComposer.build/Debug-iphonesimulator/DTCoreTextExtended.build/Objects-normal/arm64/UIFont+AttributedStringBuilder.o -index-unit-output-path /WysiwygComposer.build/Debug-iphonesimulator/DTCoreTextExtended.build/Objects-normal/arm64/UIFont+AttributedStringBuilder.o

ScanDependencies /Users/aadityasingh/Library/Developer/Xcode/DerivedData/Chatlio-erkyzdeecsohoaggpwbjdvavzqfv/Build/Intermediates.noindex/DTCoreText.build/Debug-iphonesimulator/DTCoreText.build/Objects-normal/x86_64/resource_bundle_accessor.o /Users/aadityasingh/Library/Developer/Xcode/DerivedData/Chatlio-erkyzdeecsohoaggpwbjdvavzqfv/Build/Intermediates.noindex/DTCoreText.build/Debug-iphonesimulator/DTCoreText.build/DerivedSources/resource_bundle_accessor.m normal x86_64 objective-c com.apple.compilers.llvm.clang.1_0.compiler (in target 'DTCoreText' from project 'DTCoreText')
    cd /Users/aadityasingh/Documents/Development/element-x-ios/Chatlio.xcodeproj
    
    Using response file: /Users/aadityasingh/Library/Developer/Xcode/DerivedData/Chatlio-erkyzdeecsohoaggpwbjdvavzqfv/Build/Intermediates.noindex/DTCoreText.build/Debug-iphonesimulator/DTCoreText.build/Objects-normal/x86_64/e6072d4f65d7061329687fe24e3d63a7-common-args.resp
    
    builtin-ScanDependencies -o /Users/aadityasingh/Library/Developer/Xcode/DerivedData/Chatlio-erkyzdeecsohoaggpwbjdvavzqfv/Build/Intermediates.noindex/DTCoreText.build/Debug-iphonesimulator/DTCoreText.build/Objects-normal/x86_64/resource_bundle_accessor.o.scan -- /Applications/Xcode.app/Contents/Developer/Toolchains/XcodeDefault.xctoolchain/usr/bin/clang -x objective-c -ivfsstatcache /Users/aadityasingh/Library/Developer/Xcode/DerivedData/SDKStatCaches.noindex/iphonesimulator26.4-23E252-686eebb5dc1d8ecb277353a59184f4aa.sdkstatcache -target x86_64-apple-ios12.0-simulator -fmessage-length\=0 -fdiagnostics-show-note-include-stack -fmacro-backtrace-limit\=0 -fno-color-diagnostics -fmodules-prune-interval\=86400 -fmodules-prune-after\=345600 -fbuild-session-file\=/Users/aadityasingh/Library/Developer/Xcode/DerivedData/ModuleCache.noindex/Session.modulevalidation -fmodules-validate-once-per-build-session -Wnon-modular-include-in-framework-module -Werror\=non-modular-include-in-framework-module -Wno-trigraphs -Wno-missing-field-initializers -Wno-missing-prototypes -Wno-return-type -Wno-implicit-atomic-properties -Wno-objc-interface-ivars -Wno-arc-repeated-use-of-weak -Wno-missing-braces -Wparentheses -Wswitch -Wno-unused-function -Wno-unused-label -Wno-unused-parameter -Wno-unused-variable -Wunused-value -Wno-empty-body -Wno-uninitialized -Wno-unknown-pragmas -w -Wno-shadow -Wno-four-char-constants -Wno-conversion -Wno-constant-conversion -Wno-int-conversion -Wno-bool-conversion -Wno-enum-conversion -Wno-float-conversion -Wno-non-literal-null-conversion -Wno-objc-literal-conversion -Wshorten-64-to-32 -Wpointer-sign -Wno-newline-eof -Wno-selector -Wno-strict-selector-match -Wno-undeclared-selector -Wno-deprecated-implementations -Wno-implicit-fallthrough -isysroot /Applications/Xcode.app/Contents/Developer/Platforms/iPhoneSimulator.platform/Developer/SDKs/iPhoneSimulator26.4.sdk -fstrict-aliasing -Wprotocol -Wdeprecated-declarations -Wno-sign-conversion -Wno-infinite-recursion -Wno-comma -Wno-block-capture-autoreleasing -Wno-strict-prototypes -Wno-semicolon-before-method-body -index-store-path /Users/aadityasingh/Library/Developer/Xcode/DerivedData/Chatlio-erkyzdeecsohoaggpwbjdvavzqfv/Index.noindex/DataStore @/Users/aadityasingh/Library/Developer/Xcode/DerivedData/Chatlio-erkyzdeecsohoaggpwbjdvavzqfv/Build/Intermediates.noindex/DTCoreText.build/Debug-iphonesimulator/DTCoreText.build/Objects-normal/x86_64/e6072d4f65d7061329687fe24e3d63a7-common-args.resp -include /Users/aadityasingh/Library/Developer/Xcode/DerivedData/Chatlio-erkyzdeecsohoaggpwbjdvavzqfv/Build/Intermediates.noindex/DTCoreText.build/Debug-iphonesimulator/DTCoreText.build/DerivedSources/resource_bundle_accessor.h -MMD -MT dependencies -MF /Users/aadityasingh/Library/Developer/Xcode/DerivedData/Chatlio-erkyzdeecsohoaggpwbjdvavzqfv/Build/Intermediates.noindex/DTCoreText.build/Debug-iphonesimulator/DTCoreText.build/Objects-normal/x86_64/resource_bundle_accessor.d --serialize-diagnostics /Users/aadityasingh/Library/Developer/Xcode/DerivedData/Chatlio-erkyzdeecsohoaggpwbjdvavzqfv/Build/Intermediates.noindex/DTCoreText.build/Debug-iphonesimulator/DTCoreText.build/Objects-normal/x86_64/resource_bundle_accessor.dia -c /Users/aadityasingh/Library/Developer/Xcode/DerivedData/Chatlio-erkyzdeecsohoaggpwbjdvavzqfv/Build/Intermediates.noindex/DTCoreText.build/Debug-iphonesimulator/DTCoreText.build/DerivedSources/resource_bundle_accessor.m -o /Users/aadityasingh/Library/Developer/Xcode/DerivedData/Chatlio-erkyzdeecsohoaggpwbjdvavzqfv/Build/Intermediates.noindex/DTCoreText.build/Debug-iphonesimulator/DTCoreText.build/Objects-normal/x86_64/resource_bundle_accessor.o -index-unit-output-path /DTCoreText.build/Debug-iphonesimulator/DTCoreText.build/Objects-normal/x86_64/resource_bundle_accessor.o

ScanDependencies /Users/aadityasingh/Library/Developer/Xcode/DerivedData/Chatlio-erkyzdeecsohoaggpwbjdvavzqfv/Build/Intermediates.noindex/DTCoreText.build/Debug-iphonesimulator/DTCoreText.build/Objects-normal/x86_64/UIFont+DTCoreText.o /Users/aadityasingh/Library/Developer/Xcode/DerivedData/Chatlio-erkyzdeecsohoaggpwbjdvavzqfv/SourcePackages/checkouts/DTCoreText/Core/Source/UIFont+DTCoreText.m normal x86_64 objective-c com.apple.compilers.llvm.clang.1_0.compiler (in target 'DTCoreText' from project 'DTCoreText')
    cd /Users/aadityasingh/Documents/Development/element-x-ios/Chatlio.xcodeproj
    
    Using response file: /Users/aadityasingh/Library/Developer/Xcode/DerivedData/Chatlio-erkyzdeecsohoaggpwbjdvavzqfv/Build/Intermediates.noindex/DTCoreText.build/Debug-iphonesimulator/DTCoreText.build/Objects-normal/x86_64/e6072d4f65d7061329687fe24e3d63a7-common-args.resp
    
    builtin-ScanDependencies -o /Users/aadityasingh/Library/Developer/Xcode/DerivedData/Chatlio-erkyzdeecsohoaggpwbjdvavzqfv/Build/Intermediates.noindex/DTCoreText.build/Debug-iphonesimulator/DTCoreText.build/Objects-normal/x86_64/UIFont+DTCoreText.o.scan -- /Applications/Xcode.app/Contents/Developer/Toolchains/XcodeDefault.xctoolchain/usr/bin/clang -x objective-c -ivfsstatcache /Users/aadityasingh/Library/Developer/Xcode/DerivedData/SDKStatCaches.noindex/iphonesimulator26.4-23E252-686eebb5dc1d8ecb277353a59184f4aa.sdkstatcache -target x86_64-apple-ios12.0-simulator -fmessage-length\=0 -fdiagnostics-show-note-include-stack -fmacro-backtrace-limit\=0 -fno-color-diagnostics -fmodules-prune-interval\=86400 -fmodules-prune-after\=345600 -fbuild-session-file\=/Users/aadityasingh/Library/Developer/Xcode/DerivedData/ModuleCache.noindex/Session.modulevalidation -fmodules-validate-once-per-build-session -Wnon-modular-include-in-framework-module -Werror\=non-modular-include-in-framework-module -Wno-trigraphs -Wno-missing-field-initializers -Wno-missing-prototypes -Wno-return-type -Wno-implicit-atomic-properties -Wno-objc-interface-ivars -Wno-arc-repeated-use-of-weak -Wno-missing-braces -Wparentheses -Wswitch -Wno-unused-function -Wno-unused-label -Wno-unused-parameter -Wno-unused-variable -Wunused-value -Wno-empty-body -Wno-uninitialized -Wno-unknown-pragmas -w -Wno-shadow -Wno-four-char-constants -Wno-conversion -Wno-constant-conversion -Wno-int-conversion -Wno-bool-conversion -Wno-enum-conversion -Wno-float-conversion -Wno-non-literal-null-conversion -Wno-objc-literal-conversion -Wshorten-64-to-32 -Wpointer-sign -Wno-newline-eof -Wno-selector -Wno-strict-selector-match -Wno-undeclared-selector -Wno-deprecated-implementations -Wno-implicit-fallthrough -isysroot /Applications/Xcode.app/Contents/Developer/Platforms/iPhoneSimulator.platform/Developer/SDKs/iPhoneSimulator26.4.sdk -fstrict-aliasing -Wprotocol -Wdeprecated-declarations -Wno-sign-conversion -Wno-infinite-recursion -Wno-comma -Wno-block-capture-autoreleasing -Wno-strict-prototypes -Wno-semicolon-before-method-body -index-store-path /Users/aadityasingh/Library/Developer/Xcode/DerivedData/Chatlio-erkyzdeecsohoaggpwbjdvavzqfv/Index.noindex/DataStore @/Users/aadityasingh/Library/Developer/Xcode/DerivedData/Chatlio-erkyzdeecsohoaggpwbjdvavzqfv/Build/Intermediates.noindex/DTCoreText.build/Debug-iphonesimulator/DTCoreText.build/Objects-normal/x86_64/e6072d4f65d7061329687fe24e3d63a7-common-args.resp -include /Users/aadityasingh/Library/Developer/Xcode/DerivedData/Chatlio-erkyzdeecsohoaggpwbjdvavzqfv/Build/Intermediates.noindex/DTCoreText.build/Debug-iphonesimulator/DTCoreText.build/DerivedSources/resource_bundle_accessor.h -MMD -MT dependencies -MF /Users/aadityasingh/Library/Developer/Xcode/DerivedData/Chatlio-erkyzdeecsohoaggpwbjdvavzqfv/Build/Intermediates.noindex/DTCoreText.build/Debug-iphonesimulator/DTCoreText.build/Objects-normal/x86_64/UIFont+DTCoreText.d --serialize-diagnostics /Users/aadityasingh/Library/Developer/Xcode/DerivedData/Chatlio-erkyzdeecsohoaggpwbjdvavzqfv/Build/Intermediates.noindex/DTCoreText.build/Debug-iphonesimulator/DTCoreText.build/Objects-normal/x86_64/UIFont+DTCoreText.dia -c /Users/aadityasingh/Library/Developer/Xcode/DerivedData/Chatlio-erkyzdeecsohoaggpwbjdvavzqfv/SourcePackages/checkouts/DTCoreText/Core/Source/UIFont+DTCoreText.m -o /Users/aadityasingh/Library/Developer/Xcode/DerivedData/Chatlio-erkyzdeecsohoaggpwbjdvavzqfv/Build/Intermediates.noindex/DTCoreText.build/Debug-iphonesimulator/DTCoreText.build/Objects-normal/x86_64/UIFont+DTCoreText.o -index-unit-output-path /DTCoreText.build/Debug-iphonesimulator/DTCoreText.build/Objects-normal/x86_64/UIFont+DTCoreText.o

ScanDependencies /Users/aadityasingh/Library/Developer/Xcode/DerivedData/Chatlio-erkyzdeecsohoaggpwbjdvavzqfv/Build/Intermediates.noindex/DTCoreText.build/Debug-iphonesimulator/DTCoreText.build/Objects-normal/x86_64/NSString+Paragraphs.o /Users/aadityasingh/Library/Developer/Xcode/DerivedData/Chatlio-erkyzdeecsohoaggpwbjdvavzqfv/SourcePackages/checkouts/DTCoreText/Core/Source/NSString+Paragraphs.m normal x86_64 objective-c com.apple.compilers.llvm.clang.1_0.compiler (in target 'DTCoreText' from project 'DTCoreText')
    cd /Users/aadityasingh/Documents/Development/element-x-ios/Chatlio.xcodeproj
    
    Using response file: /Users/aadityasingh/Library/Developer/Xcode/DerivedData/Chatlio-erkyzdeecsohoaggpwbjdvavzqfv/Build/Intermediates.noindex/DTCoreText.build/Debug-iphonesimulator/DTCoreText.build/Objects-normal/x86_64/e6072d4f65d7061329687fe24e3d63a7-common-args.resp
    
    builtin-ScanDependencies -o /Users/aadityasingh/Library/Developer/Xcode/DerivedData/Chatlio-erkyzdeecsohoaggpwbjdvavzqfv/Build/Intermediates.noindex/DTCoreText.build/Debug-iphonesimulator/DTCoreText.build/Objects-normal/x86_64/NSString+Paragraphs.o.scan -- /Applications/Xcode.app/Contents/Developer/Toolchains/XcodeDefault.xctoolchain/usr/bin/clang -x objective-c -ivfsstatcache /Users/aadityasingh/Library/Developer/Xcode/DerivedData/SDKStatCaches.noindex/iphonesimulator26.4-23E252-686eebb5dc1d8ecb277353a59184f4aa.sdkstatcache -target x86_64-apple-ios12.0-simulator -fmessage-length\=0 -fdiagnostics-show-note-include-stack -fmacro-backtrace-limit\=0 -fno-color-diagnostics -fmodules-prune-interval\=86400 -fmodules-prune-after\=345600 -fbuild-session-file\=/Users/aadityasingh/Library/Developer/Xcode/DerivedData/ModuleCache.noindex/Session.modulevalidation -fmodules-validate-once-per-build-session -Wnon-modular-include-in-framework-module -Werror\=non-modular-include-in-framework-module -Wno-trigraphs -Wno-missing-field-initializers -Wno-missing-prototypes -Wno-return-type -Wno-implicit-atomic-properties -Wno-objc-interface-ivars -Wno-arc-repeated-use-of-weak -Wno-missing-braces -Wparentheses -Wswitch -Wno-unused-function -Wno-unused-label -Wno-unused-parameter -Wno-unused-variable -Wunused-value -Wno-empty-body -Wno-uninitialized -Wno-unknown-pragmas -w -Wno-shadow -Wno-four-char-constants -Wno-conversion -Wno-constant-conversion -Wno-int-conversion -Wno-bool-conversion -Wno-enum-conversion -Wno-float-conversion -Wno-non-literal-null-conversion -Wno-objc-literal-conversion -Wshorten-64-to-32 -Wpointer-sign -Wno-newline-eof -Wno-selector -Wno-strict-selector-match -Wno-undeclared-selector -Wno-deprecated-implementations -Wno-implicit-fallthrough -isysroot /Applications/Xcode.app/Contents/Developer/Platforms/iPhoneSimulator.platform/Developer/SDKs/iPhoneSimulator26.4.sdk -fstrict-aliasing -Wprotocol -Wdeprecated-declarations -Wno-sign-conversion -Wno-infinite-recursion -Wno-comma -Wno-block-capture-autoreleasing -Wno-strict-prototypes -Wno-semicolon-before-method-body -index-store-path /Users/aadityasingh/Library/Developer/Xcode/DerivedData/Chatlio-erkyzdeecsohoaggpwbjdvavzqfv/Index.noindex/DataStore @/Users/aadityasingh/Library/Developer/Xcode/DerivedData/Chatlio-erkyzdeecsohoaggpwbjdvavzqfv/Build/Intermediates.noindex/DTCoreText.build/Debug-iphonesimulator/DTCoreText.build/Objects-normal/x86_64/e6072d4f65d7061329687fe24e3d63a7-common-args.resp -include /Users/aadityasingh/Library/Developer/Xcode/DerivedData/Chatlio-erkyzdeecsohoaggpwbjdvavzqfv/Build/Intermediates.noindex/DTCoreText.build/Debug-iphonesimulator/DTCoreText.build/DerivedSources/resource_bundle_accessor.h -MMD -MT dependencies -MF /Users/aadityasingh/Library/Developer/Xcode/DerivedData/Chatlio-erkyzdeecsohoaggpwbjdvavzqfv/Build/Intermediates.noindex/DTCoreText.build/Debug-iphonesimulator/DTCoreText.build/Objects-normal/x86_64/NSString+Paragraphs.d --serialize-diagnostics /Users/aadityasingh/Library/Developer/Xcode/DerivedData/Chatlio-erkyzdeecsohoaggpwbjdvavzqfv/Build/Intermediates.noindex/DTCoreText.build/Debug-iphonesimulator/DTCoreText.build/Objects-normal/x86_64/NSString+Paragraphs.dia -c /Users/aadityasingh/Library/Developer/Xcode/DerivedData/Chatlio-erkyzdeecsohoaggpwbjdvavzqfv/SourcePackages/checkouts/DTCoreText/Core/Source/NSString+Paragraphs.m -o /Users/aadityasingh/Library/Developer/Xcode/DerivedData/Chatlio-erkyzdeecsohoaggpwbjdvavzqfv/Build/Intermediates.noindex/DTCoreText.build/Debug-iphonesimulator/DTCoreText.build/Objects-normal/x86_64/NSString+Paragraphs.o -index-unit-output-path /DTCoreText.build/Debug-iphonesimulator/DTCoreText.build/Objects-normal/x86_64/NSString+Paragraphs.o

ScanDependencies /Users/aadityasingh/Library/Developer/Xcode/DerivedData/Chatlio-erkyzdeecsohoaggpwbjdvavzqfv/Build/Intermediates.noindex/DTCoreText.build/Debug-iphonesimulator/DTCoreText.build/Objects-normal/x86_64/NSString+HTML.o /Users/aadityasingh/Library/Developer/Xcode/DerivedData/Chatlio-erkyzdeecsohoaggpwbjdvavzqfv/SourcePackages/checkouts/DTCoreText/Core/Source/NSString+HTML.m normal x86_64 objective-c com.apple.compilers.llvm.clang.1_0.compiler (in target 'DTCoreText' from project 'DTCoreText')
    cd /Users/aadityasingh/Documents/Development/element-x-ios/Chatlio.xcodeproj
    
    Using response file: /Users/aadityasingh/Library/Developer/Xcode/DerivedData/Chatlio-erkyzdeecsohoaggpwbjdvavzqfv/Build/Intermediates.noindex/DTCoreText.build/Debug-iphonesimulator/DTCoreText.build/Objects-normal/x86_64/e6072d4f65d7061329687fe24e3d63a7-common-args.resp
    
    builtin-ScanDependencies -o /Users/aadityasingh/Library/Developer/Xcode/DerivedData/Chatlio-erkyzdeecsohoaggpwbjdvavzqfv/Build/Intermediates.noindex/DTCoreText.build/Debug-iphonesimulator/DTCoreText.build/Objects-normal/x86_64/NSString+HTML.o.scan -- /Applications/Xcode.app/Contents/Developer/Toolchains/XcodeDefault.xctoolchain/usr/bin/clang -x objective-c -ivfsstatcache /Users/aadityasingh/Library/Developer/Xcode/DerivedData/SDKStatCaches.noindex/iphonesimulator26.4-23E252-686eebb5dc1d8ecb277353a59184f4aa.sdkstatcache -target x86_64-apple-ios12.0-simulator -fmessage-length\=0 -fdiagnostics-show-note-include-stack -fmacro-backtrace-limit\=0 -fno-color-diagnostics -fmodules-prune-interval\=86400 -fmodules-prune-after\=345600 -fbuild-session-file\=/Users/aadityasingh/Library/Developer/Xcode/DerivedData/ModuleCache.noindex/Session.modulevalidation -fmodules-validate-once-per-build-session -Wnon-modular-include-in-framework-module -Werror\=non-modular-include-in-framework-module -Wno-trigraphs -Wno-missing-field-initializers -Wno-missing-prototypes -Wno-return-type -Wno-implicit-atomic-properties -Wno-objc-interface-ivars -Wno-arc-repeated-use-of-weak -Wno-missing-braces -Wparentheses -Wswitch -Wno-unused-function -Wno-unused-label -Wno-unused-parameter -Wno-unused-variable -Wunused-value -Wno-empty-body -Wno-uninitialized -Wno-unknown-pragmas -w -Wno-shadow -Wno-four-char-constants -Wno-conversion -Wno-constant-conversion -Wno-int-conversion -Wno-bool-conversion -Wno-enum-conversion -Wno-float-conversion -Wno-non-literal-null-conversion -Wno-objc-literal-conversion -Wshorten-64-to-32 -Wpointer-sign -Wno-newline-eof -Wno-selector -Wno-strict-selector-match -Wno-undeclared-selector -Wno-deprecated-implementations -Wno-implicit-fallthrough -isysroot /Applications/Xcode.app/Contents/Developer/Platforms/iPhoneSimulator.platform/Developer/SDKs/iPhoneSimulator26.4.sdk -fstrict-aliasing -Wprotocol -Wdeprecated-declarations -Wno-sign-conversion -Wno-infinite-recursion -Wno-comma -Wno-block-capture-autoreleasing -Wno-strict-prototypes -Wno-semicolon-before-method-body -index-store-path /Users/aadityasingh/Library/Developer/Xcode/DerivedData/Chatlio-erkyzdeecsohoaggpwbjdvavzqfv/Index.noindex/DataStore @/Users/aadityasingh/Library/Developer/Xcode/DerivedData/Chatlio-erkyzdeecsohoaggpwbjdvavzqfv/Build/Intermediates.noindex/DTCoreText.build/Debug-iphonesimulator/DTCoreText.build/Objects-normal/x86_64/e6072d4f65d7061329687fe24e3d63a7-common-args.resp -include /Users/aadityasingh/Library/Developer/Xcode/DerivedData/Chatlio-erkyzdeecsohoaggpwbjdvavzqfv/Build/Intermediates.noindex/DTCoreText.build/Debug-iphonesimulator/DTCoreText.build/DerivedSources/resource_bundle_accessor.h -MMD -MT dependencies -MF /Users/aadityasingh/Library/Developer/Xcode/DerivedData/Chatlio-erkyzdeecsohoaggpwbjdvavzqfv/Build/Intermediates.noindex/DTCoreText.build/Debug-iphonesimulator/DTCoreText.build/Objects-normal/x86_64/NSString+HTML.d --serialize-diagnostics /Users/aadityasingh/Library/Developer/Xcode/DerivedData/Chatlio-erkyzdeecsohoaggpwbjdvavzqfv/Build/Intermediates.noindex/DTCoreText.build/Debug-iphonesimulator/DTCoreText.build/Objects-normal/x86_64/NSString+HTML.dia -c /Users/aadityasingh/Library/Developer/Xcode/DerivedData/Chatlio-erkyzdeecsohoaggpwbjdvavzqfv/SourcePackages/checkouts/DTCoreText/Core/Source/NSString+HTML.m -o /Users/aadityasingh/Library/Developer/Xcode/DerivedData/Chatlio-erkyzdeecsohoaggpwbjdvavzqfv/Build/Intermediates.noindex/DTCoreText.build/Debug-iphonesimulator/DTCoreText.build/Objects-normal/x86_64/NSString+HTML.o -index-unit-output-path /DTCoreText.build/Debug-iphonesimulator/DTCoreText.build/Objects-normal/x86_64/NSString+HTML.o

ScanDependencies /Users/aadityasingh/Library/Developer/Xcode/DerivedData/Chatlio-erkyzdeecsohoaggpwbjdvavzqfv/Build/Intermediates.noindex/DTCoreText.build/Debug-iphonesimulator/DTCoreText.build/Objects-normal/x86_64/NSString+CSS.o /Users/aadityasingh/Library/Developer/Xcode/DerivedData/Chatlio-erkyzdeecsohoaggpwbjdvavzqfv/SourcePackages/checkouts/DTCoreText/Core/Source/NSString+CSS.m normal x86_64 objective-c com.apple.compilers.llvm.clang.1_0.compiler (in target 'DTCoreText' from project 'DTCoreText')
    cd /Users/aadityasingh/Documents/Development/element-x-ios/Chatlio.xcodeproj
    
    Using response file: /Users/aadityasingh/Library/Developer/Xcode/DerivedData/Chatlio-erkyzdeecsohoaggpwbjdvavzqfv/Build/Intermediates.noindex/DTCoreText.build/Debug-iphonesimulator/DTCoreText.build/Objects-normal/x86_64/e6072d4f65d7061329687fe24e3d63a7-common-args.resp
    
    builtin-ScanDependencies -o /Users/aadityasingh/Library/Developer/Xcode/DerivedData/Chatlio-erkyzdeecsohoaggpwbjdvavzqfv/Build/Intermediates.noindex/DTCoreText.build/Debug-iphonesimulator/DTCoreText.build/Objects-normal/x86_64/NSString+CSS.o.scan -- /Applications/Xcode.app/Contents/Developer/Toolchains/XcodeDefault.xctoolchain/usr/bin/clang -x objective-c -ivfsstatcache /Users/aadityasingh/Library/Developer/Xcode/DerivedData/SDKStatCaches.noindex/iphonesimulator26.4-23E252-686eebb5dc1d8ecb277353a59184f4aa.sdkstatcache -target x86_64-apple-ios12.0-simulator -fmessage-length\=0 -fdiagnostics-show-note-include-stack -fmacro-backtrace-limit\=0 -fno-color-diagnostics -fmodules-prune-interval\=86400 -fmodules-prune-after\=345600 -fbuild-session-file\=/Users/aadityasingh/Library/Developer/Xcode/DerivedData/ModuleCache.noindex/Session.modulevalidation -fmodules-validate-once-per-build-session -Wnon-modular-include-in-framework-module -Werror\=non-modular-include-in-framework-module -Wno-trigraphs -Wno-missing-field-initializers -Wno-missing-prototypes -Wno-return-type -Wno-implicit-atomic-properties -Wno-objc-interface-ivars -Wno-arc-repeated-use-of-weak -Wno-missing-braces -Wparentheses -Wswitch -Wno-unused-function -Wno-unused-label -Wno-unused-parameter -Wno-unused-variable -Wunused-value -Wno-empty-body -Wno-uninitialized -Wno-unknown-pragmas -w -Wno-shadow -Wno-four-char-constants -Wno-conversion -Wno-constant-conversion -Wno-int-conversion -Wno-bool-conversion -Wno-enum-conversion -Wno-float-conversion -Wno-non-literal-null-conversion -Wno-objc-literal-conversion -Wshorten-64-to-32 -Wpointer-sign -Wno-newline-eof -Wno-selector -Wno-strict-selector-match -Wno-undeclared-selector -Wno-deprecated-implementations -Wno-implicit-fallthrough -isysroot /Applications/Xcode.app/Contents/Developer/Platforms/iPhoneSimulator.platform/Developer/SDKs/iPhoneSimulator26.4.sdk -fstrict-aliasing -Wprotocol -Wdeprecated-declarations -Wno-sign-conversion -Wno-infinite-recursion -Wno-comma -Wno-block-capture-autoreleasing -Wno-strict-prototypes -Wno-semicolon-before-method-body -index-store-path /Users/aadityasingh/Library/Developer/Xcode/DerivedData/Chatlio-erkyzdeecsohoaggpwbjdvavzqfv/Index.noindex/DataStore @/Users/aadityasingh/Library/Developer/Xcode/DerivedData/Chatlio-erkyzdeecsohoaggpwbjdvavzqfv/Build/Intermediates.noindex/DTCoreText.build/Debug-iphonesimulator/DTCoreText.build/Objects-normal/x86_64/e6072d4f65d7061329687fe24e3d63a7-common-args.resp -include /Users/aadityasingh/Library/Developer/Xcode/DerivedData/Chatlio-erkyzdeecsohoaggpwbjdvavzqfv/Build/Intermediates.noindex/DTCoreText.build/Debug-iphonesimulator/DTCoreText.build/DerivedSources/resource_bundle_accessor.h -MMD -MT dependencies -MF /Users/aadityasingh/Library/Developer/Xcode/DerivedData/Chatlio-erkyzdeecsohoaggpwbjdvavzqfv/Build/Intermediates.noindex/DTCoreText.build/Debug-iphonesimulator/DTCoreText.build/Objects-normal/x86_64/NSString+CSS.d --serialize-diagnostics /Users/aadityasingh/Library/Developer/Xcode/DerivedData/Chatlio-erkyzdeecsohoaggpwbjdvavzqfv/Build/Intermediates.noindex/DTCoreText.build/Debug-iphonesimulator/DTCoreText.build/Objects-normal/x86_64/NSString+CSS.dia -c /Users/aadityasingh/Library/Developer/Xcode/DerivedData/Chatlio-erkyzdeecsohoaggpwbjdvavzqfv/SourcePackages/checkouts/DTCoreText/Core/Source/NSString+CSS.m -o /Users/aadityasingh/Library/Developer/Xcode/DerivedData/Chatlio-erkyzdeecsohoaggpwbjdvavzqfv/Build/Intermediates.noindex/DTCoreText.build/Debug-iphonesimulator/DTCoreText.build/Objects-normal/x86_64/NSString+CSS.o -index-unit-output-path /DTCoreText.build/Debug-iphonesimulator/DTCoreText.build/Objects-normal/x86_64/NSString+CSS.o

PrecompileModule /Users/aadityasingh/Library/Developer/Xcode/DerivedData/Chatlio-erkyzdeecsohoaggpwbjdvavzqfv/Build/Intermediates.noindex/ExplicitPrecompiledModules/Metal-1J7ZOEYXXF9KOZ2H73VLA3Q7O.scan
    cd /
    builtin-precompileModule /Users/aadityasingh/Library/Developer/Xcode/DerivedData/Chatlio-erkyzdeecsohoaggpwbjdvavzqfv/Build/Intermediates.noindex/ExplicitPrecompiledModules/Metal-1J7ZOEYXXF9KOZ2H73VLA3Q7O.scan

ScanDependencies /Users/aadityasingh/Library/Developer/Xcode/DerivedData/Chatlio-erkyzdeecsohoaggpwbjdvavzqfv/Build/Intermediates.noindex/DTCoreText.build/Debug-iphonesimulator/DTCoreText.build/Objects-normal/x86_64/NSScanner+HTML.o /Users/aadityasingh/Library/Developer/Xcode/DerivedData/Chatlio-erkyzdeecsohoaggpwbjdvavzqfv/SourcePackages/checkouts/DTCoreText/Core/Source/NSScanner+HTML.m normal x86_64 objective-c com.apple.compilers.llvm.clang.1_0.compiler (in target 'DTCoreText' from project 'DTCoreText')
    cd /Users/aadityasingh/Documents/Development/element-x-ios/Chatlio.xcodeproj
    
    Using response file: /Users/aadityasingh/Library/Developer/Xcode/DerivedData/Chatlio-erkyzdeecsohoaggpwbjdvavzqfv/Build/Intermediates.noindex/DTCoreText.build/Debug-iphonesimulator/DTCoreText.build/Objects-normal/x86_64/e6072d4f65d7061329687fe24e3d63a7-common-args.resp
    
    builtin-ScanDependencies -o /Users/aadityasingh/Library/Developer/Xcode/DerivedData/Chatlio-erkyzdeecsohoaggpwbjdvavzqfv/Build/Intermediates.noindex/DTCoreText.build/Debug-iphonesimulator/DTCoreText.build/Objects-normal/x86_64/NSScanner+HTML.o.scan -- /Applications/Xcode.app/Contents/Developer/Toolchains/XcodeDefault.xctoolchain/usr/bin/clang -x objective-c -ivfsstatcache /Users/aadityasingh/Library/Developer/Xcode/DerivedData/SDKStatCaches.noindex/iphonesimulator26.4-23E252-686eebb5dc1d8ecb277353a59184f4aa.sdkstatcache -target x86_64-apple-ios12.0-simulator -fmessage-length\=0 -fdiagnostics-show-note-include-stack -fmacro-backtrace-limit\=0 -fno-color-diagnostics -fmodules-prune-interval\=86400 -fmodules-prune-after\=345600 -fbuild-session-file\=/Users/aadityasingh/Library/Developer/Xcode/DerivedData/ModuleCache.noindex/Session.modulevalidation -fmodules-validate-once-per-build-session -Wnon-modular-include-in-framework-module -Werror\=non-modular-include-in-framework-module -Wno-trigraphs -Wno-missing-field-initializers -Wno-missing-prototypes -Wno-return-type -Wno-implicit-atomic-properties -Wno-objc-interface-ivars -Wno-arc-repeated-use-of-weak -Wno-missing-braces -Wparentheses -Wswitch -Wno-unused-function -Wno-unused-label -Wno-unused-parameter -Wno-unused-variable -Wunused-value -Wno-empty-body -Wno-uninitialized -Wno-unknown-pragmas -w -Wno-shadow -Wno-four-char-constants -Wno-conversion -Wno-constant-conversion -Wno-int-conversion -Wno-bool-conversion -Wno-enum-conversion -Wno-float-conversion -Wno-non-literal-null-conversion -Wno-objc-literal-conversion -Wshorten-64-to-32 -Wpointer-sign -Wno-newline-eof -Wno-selector -Wno-strict-selector-match -Wno-undeclared-selector -Wno-deprecated-implementations -Wno-implicit-fallthrough -isysroot /Applications/Xcode.app/Contents/Developer/Platforms/iPhoneSimulator.platform/Developer/SDKs/iPhoneSimulator26.4.sdk -fstrict-aliasing -Wprotocol -Wdeprecated-declarations -Wno-sign-conversion -Wno-infinite-recursion -Wno-comma -Wno-block-capture-autoreleasing -Wno-strict-prototypes -Wno-semicolon-before-method-body -index-store-path /Users/aadityasingh/Library/Developer/Xcode/DerivedData/Chatlio-erkyzdeecsohoaggpwbjdvavzqfv/Index.noindex/DataStore @/Users/aadityasingh/Library/Developer/Xcode/DerivedData/Chatlio-erkyzdeecsohoaggpwbjdvavzqfv/Build/Intermediates.noindex/DTCoreText.build/Debug-iphonesimulator/DTCoreText.build/Objects-normal/x86_64/e6072d4f65d7061329687fe24e3d63a7-common-args.resp -include /Users/aadityasingh/Library/Developer/Xcode/DerivedData/Chatlio-erkyzdeecsohoaggpwbjdvavzqfv/Build/Intermediates.noindex/DTCoreText.build/Debug-iphonesimulator/DTCoreText.build/DerivedSources/resource_bundle_accessor.h -MMD -MT dependencies -MF /Users/aadityasingh/Library/Developer/Xcode/DerivedData/Chatlio-erkyzdeecsohoaggpwbjdvavzqfv/Build/Intermediates.noindex/DTCoreText.build/Debug-iphonesimulator/DTCoreText.build/Objects-normal/x86_64/NSScanner+HTML.d --serialize-diagnostics /Users/aadityasingh/Library/Developer/Xcode/DerivedData/Chatlio-erkyzdeecsohoaggpwbjdvavzqfv/Build/Intermediates.noindex/DTCoreText.build/Debug-iphonesimulator/DTCoreText.build/Objects-normal/x86_64/NSScanner+HTML.dia -c /Users/aadityasingh/Library/Developer/Xcode/DerivedData/Chatlio-erkyzdeecsohoaggpwbjdvavzqfv/SourcePackages/checkouts/DTCoreText/Core/Source/NSScanner+HTML.m -o /Users/aadityasingh/Library/Developer/Xcode/DerivedData/Chatlio-erkyzdeecsohoaggpwbjdvavzqfv/Build/Intermediates.noindex/DTCoreText.build/Debug-iphonesimulator/DTCoreText.build/Objects-normal/x86_64/NSScanner+HTML.o -index-unit-output-path /DTCoreText.build/Debug-iphonesimulator/DTCoreText.build/Objects-normal/x86_64/NSScanner+HTML.o

ScanDependencies /Users/aadityasingh/Library/Developer/Xcode/DerivedData/Chatlio-erkyzdeecsohoaggpwbjdvavzqfv/Build/Intermediates.noindex/DTCoreText.build/Debug-iphonesimulator/DTCoreText.build/Objects-normal/x86_64/NSNumber+RomanNumerals.o /Users/aadityasingh/Library/Developer/Xcode/DerivedData/Chatlio-erkyzdeecsohoaggpwbjdvavzqfv/SourcePackages/checkouts/DTCoreText/Core/Source/NSNumber+RomanNumerals.m normal x86_64 objective-c com.apple.compilers.llvm.clang.1_0.compiler (in target 'DTCoreText' from project 'DTCoreText')
    cd /Users/aadityasingh/Documents/Development/element-x-ios/Chatlio.xcodeproj
    
    Using response file: /Users/aadityasingh/Library/Developer/Xcode/DerivedData/Chatlio-erkyzdeecsohoaggpwbjdvavzqfv/Build/Intermediates.noindex/DTCoreText.build/Debug-iphonesimulator/DTCoreText.build/Objects-normal/x86_64/e6072d4f65d7061329687fe24e3d63a7-common-args.resp
    
    builtin-ScanDependencies -o /Users/aadityasingh/Library/Developer/Xcode/DerivedData/Chatlio-erkyzdeecsohoaggpwbjdvavzqfv/Build/Intermediates.noindex/DTCoreText.build/Debug-iphonesimulator/DTCoreText.build/Objects-normal/x86_64/NSNumber+RomanNumerals.o.scan -- /Applications/Xcode.app/Contents/Developer/Toolchains/XcodeDefault.xctoolchain/usr/bin/clang -x objective-c -ivfsstatcache /Users/aadityasingh/Library/Developer/Xcode/DerivedData/SDKStatCaches.noindex/iphonesimulator26.4-23E252-686eebb5dc1d8ecb277353a59184f4aa.sdkstatcache -target x86_64-apple-ios12.0-simulator -fmessage-length\=0 -fdiagnostics-show-note-include-stack -fmacro-backtrace-limit\=0 -fno-color-diagnostics -fmodules-prune-interval\=86400 -fmodules-prune-after\=345600 -fbuild-session-file\=/Users/aadityasingh/Library/Developer/Xcode/DerivedData/ModuleCache.noindex/Session.modulevalidation -fmodules-validate-once-per-build-session -Wnon-modular-include-in-framework-module -Werror\=non-modular-include-in-framework-module -Wno-trigraphs -Wno-missing-field-initializers -Wno-missing-prototypes -Wno-return-type -Wno-implicit-atomic-properties -Wno-objc-interface-ivars -Wno-arc-repeated-use-of-weak -Wno-missing-braces -Wparentheses -Wswitch -Wno-unused-function -Wno-unused-label -Wno-unused-parameter -Wno-unused-variable -Wunused-value -Wno-empty-body -Wno-uninitialized -Wno-unknown-pragmas -w -Wno-shadow -Wno-four-char-constants -Wno-conversion -Wno-constant-conversion -Wno-int-conversion -Wno-bool-conversion -Wno-enum-conversion -Wno-float-conversion -Wno-non-literal-null-conversion -Wno-objc-literal-conversion -Wshorten-64-to-32 -Wpointer-sign -Wno-newline-eof -Wno-selector -Wno-strict-selector-match -Wno-undeclared-selector -Wno-deprecated-implementations -Wno-implicit-fallthrough -isysroot /Applications/Xcode.app/Contents/Developer/Platforms/iPhoneSimulator.platform/Developer/SDKs/iPhoneSimulator26.4.sdk -fstrict-aliasing -Wprotocol -Wdeprecated-declarations -Wno-sign-conversion -Wno-infinite-recursion -Wno-comma -Wno-block-capture-autoreleasing -Wno-strict-prototypes -Wno-semicolon-before-method-body -index-store-path /Users/aadityasingh/Library/Developer/Xcode/DerivedData/Chatlio-erkyzdeecsohoaggpwbjdvavzqfv/Index.noindex/DataStore @/Users/aadityasingh/Library/Developer/Xcode/DerivedData/Chatlio-erkyzdeecsohoaggpwbjdvavzqfv/Build/Intermediates.noindex/DTCoreText.build/Debug-iphonesimulator/DTCoreText.build/Objects-normal/x86_64/e6072d4f65d7061329687fe24e3d63a7-common-args.resp -include /Users/aadityasingh/Library/Developer/Xcode/DerivedData/Chatlio-erkyzdeecsohoaggpwbjdvavzqfv/Build/Intermediates.noindex/DTCoreText.build/Debug-iphonesimulator/DTCoreText.build/DerivedSources/resource_bundle_accessor.h -MMD -MT dependencies -MF /Users/aadityasingh/Library/Developer/Xcode/DerivedData/Chatlio-erkyzdeecsohoaggpwbjdvavzqfv/Build/Intermediates.noindex/DTCoreText.build/Debug-iphonesimulator/DTCoreText.build/Objects-normal/x86_64/NSNumber+RomanNumerals.d --serialize-diagnostics /Users/aadityasingh/Library/Developer/Xcode/DerivedData/Chatlio-erkyzdeecsohoaggpwbjdvavzqfv/Build/Intermediates.noindex/DTCoreText.build/Debug-iphonesimulator/DTCoreText.build/Objects-normal/x86_64/NSNumber+RomanNumerals.dia -c /Users/aadityasingh/Library/Developer/Xcode/DerivedData/Chatlio-erkyzdeecsohoaggpwbjdvavzqfv/SourcePackages/checkouts/DTCoreText/Core/Source/NSNumber+RomanNumerals.m -o /Users/aadityasingh/Library/Developer/Xcode/DerivedData/Chatlio-erkyzdeecsohoaggpwbjdvavzqfv/Build/Intermediates.noindex/DTCoreText.build/Debug-iphonesimulator/DTCoreText.build/Objects-normal/x86_64/NSNumber+RomanNumerals.o -index-unit-output-path /DTCoreText.build/Debug-iphonesimulator/DTCoreText.build/Objects-normal/x86_64/NSNumber+RomanNumerals.o

PrecompileModule /Users/aadityasingh/Library/Developer/Xcode/DerivedData/Chatlio-erkyzdeecsohoaggpwbjdvavzqfv/Build/Intermediates.noindex/ExplicitPrecompiledModules/os_object-5U0145AZEY1YCCB08I5UTB0YG.scan
    cd /
    builtin-precompileModule /Users/aadityasingh/Library/Developer/Xcode/DerivedData/Chatlio-erkyzdeecsohoaggpwbjdvavzqfv/Build/Intermediates.noindex/ExplicitPrecompiledModules/os_object-5U0145AZEY1YCCB08I5UTB0YG.scan

PrecompileModule /Users/aadityasingh/Library/Developer/Xcode/DerivedData/Chatlio-erkyzdeecsohoaggpwbjdvavzqfv/Build/Intermediates.noindex/ExplicitPrecompiledModules/CoreVideo-7PVCH7LFBUEURXRK9FDGX9KGP.scan
    cd /
    builtin-precompileModule /Users/aadityasingh/Library/Developer/Xcode/DerivedData/Chatlio-erkyzdeecsohoaggpwbjdvavzqfv/Build/Intermediates.noindex/ExplicitPrecompiledModules/CoreVideo-7PVCH7LFBUEURXRK9FDGX9KGP.scan

PrecompileModule /Users/aadityasingh/Library/Developer/Xcode/DerivedData/Chatlio-erkyzdeecsohoaggpwbjdvavzqfv/Build/Intermediates.noindex/ExplicitPrecompiledModules/os_workgroup-70M5DO6PIL48FGYMS2F6ERLWP.scan
    cd /
    builtin-precompileModule /Users/aadityasingh/Library/Developer/Xcode/DerivedData/Chatlio-erkyzdeecsohoaggpwbjdvavzqfv/Build/Intermediates.noindex/ExplicitPrecompiledModules/os_workgroup-70M5DO6PIL48FGYMS2F6ERLWP.scan

CompileC /Users/aadityasingh/Library/Developer/Xcode/DerivedData/Chatlio-erkyzdeecsohoaggpwbjdvavzqfv/Build/Intermediates.noindex/DTCoreText.build/Debug-iphonesimulator/DTCoreText.build/Objects-normal/x86_64/resource_bundle_accessor.o /Users/aadityasingh/Library/Developer/Xcode/DerivedData/Chatlio-erkyzdeecsohoaggpwbjdvavzqfv/Build/Intermediates.noindex/DTCoreText.build/Debug-iphonesimulator/DTCoreText.build/DerivedSources/resource_bundle_accessor.m normal x86_64 objective-c com.apple.compilers.llvm.clang.1_0.compiler (in target 'DTCoreText' from project 'DTCoreText')
    cd /Users/aadityasingh/Documents/Development/element-x-ios/Chatlio.xcodeproj
    
    Using response file: /Users/aadityasingh/Library/Developer/Xcode/DerivedData/Chatlio-erkyzdeecsohoaggpwbjdvavzqfv/Build/Intermediates.noindex/DTCoreText.build/Debug-iphonesimulator/DTCoreText.build/Objects-normal/x86_64/e6072d4f65d7061329687fe24e3d63a7-common-args.resp
    
    /Applications/Xcode.app/Contents/Developer/Toolchains/XcodeDefault.xctoolchain/usr/bin/clang -x objective-c -ivfsstatcache /Users/aadityasingh/Library/Developer/Xcode/DerivedData/SDKStatCaches.noindex/iphonesimulator26.4-23E252-686eebb5dc1d8ecb277353a59184f4aa.sdkstatcache -target x86_64-apple-ios12.0-simulator -fmessage-length\=0 -fdiagnostics-show-note-include-stack -fmacro-backtrace-limit\=0 -fno-color-diagnostics -fmodules-prune-interval\=86400 -fmodules-prune-after\=345600 -fbuild-session-file\=/Users/aadityasingh/Library/Developer/Xcode/DerivedData/ModuleCache.noindex/Session.modulevalidation -fmodules-validate-once-per-build-session -Wnon-modular-include-in-framework-module -Werror\=non-modular-include-in-framework-module -Wno-trigraphs -Wno-missing-field-initializers -Wno-missing-prototypes -Wno-return-type -Wno-implicit-atomic-properties -Wno-objc-interface-ivars -Wno-arc-repeated-use-of-weak -Wno-missing-braces -Wparentheses -Wswitch -Wno-unused-function -Wno-unused-label -Wno-unused-parameter -Wno-unused-variable -Wunused-value -Wno-empty-body -Wno-uninitialized -Wno-unknown-pragmas -w -Wno-shadow -Wno-four-char-constants -Wno-conversion -Wno-constant-conversion -Wno-int-conversion -Wno-bool-conversion -Wno-enum-conversion -Wno-float-conversion -Wno-non-literal-null-conversion -Wno-objc-literal-conversion -Wshorten-64-to-32 -Wpointer-sign -Wno-newline-eof -Wno-selector -Wno-strict-selector-match -Wno-undeclared-selector -Wno-deprecated-implementations -Wno-implicit-fallthrough -isysroot /Applications/Xcode.app/Contents/Developer/Platforms/iPhoneSimulator.platform/Developer/SDKs/iPhoneSimulator26.4.sdk -fstrict-aliasing -Wprotocol -Wdeprecated-declarations -Wno-sign-conversion -Wno-infinite-recursion -Wno-comma -Wno-block-capture-autoreleasing -Wno-strict-prototypes -Wno-semicolon-before-method-body -index-store-path /Users/aadityasingh/Library/Developer/Xcode/DerivedData/Chatlio-erkyzdeecsohoaggpwbjdvavzqfv/Index.noindex/DataStore @/Users/aadityasingh/Library/Developer/Xcode/DerivedData/Chatlio-erkyzdeecsohoaggpwbjdvavzqfv/Build/Intermediates.noindex/DTCoreText.build/Debug-iphonesimulator/DTCoreText.build/Objects-normal/x86_64/e6072d4f65d7061329687fe24e3d63a7-common-args.resp -include /Users/aadityasingh/Library/Developer/Xcode/DerivedData/Chatlio-erkyzdeecsohoaggpwbjdvavzqfv/Build/Intermediates.noindex/DTCoreText.build/Debug-iphonesimulator/DTCoreText.build/DerivedSources/resource_bundle_accessor.h -MMD -MT dependencies -MF /Users/aadityasingh/Library/Developer/Xcode/DerivedData/Chatlio-erkyzdeecsohoaggpwbjdvavzqfv/Build/Intermediates.noindex/DTCoreText.build/Debug-iphonesimulator/DTCoreText.build/Objects-normal/x86_64/resource_bundle_accessor.d --serialize-diagnostics /Users/aadityasingh/Library/Developer/Xcode/DerivedData/Chatlio-erkyzdeecsohoaggpwbjdvavzqfv/Build/Intermediates.noindex/DTCoreText.build/Debug-iphonesimulator/DTCoreText.build/Objects-normal/x86_64/resource_bundle_accessor.dia -c /Users/aadityasingh/Library/Developer/Xcode/DerivedData/Chatlio-erkyzdeecsohoaggpwbjdvavzqfv/Build/Intermediates.noindex/DTCoreText.build/Debug-iphonesimulator/DTCoreText.build/DerivedSources/resource_bundle_accessor.m -o /Users/aadityasingh/Library/Developer/Xcode/DerivedData/Chatlio-erkyzdeecsohoaggpwbjdvavzqfv/Build/Intermediates.noindex/DTCoreText.build/Debug-iphonesimulator/DTCoreText.build/Objects-normal/x86_64/resource_bundle_accessor.o -index-unit-output-path /DTCoreText.build/Debug-iphonesimulator/DTCoreText.build/Objects-normal/x86_64/resource_bundle_accessor.o

CompileC /Users/aadityasingh/Library/Developer/Xcode/DerivedData/Chatlio-erkyzdeecsohoaggpwbjdvavzqfv/Build/Intermediates.noindex/DTCoreText.build/Debug-iphonesimulator/DTCoreText.build/Objects-normal/x86_64/NSString+Paragraphs.o /Users/aadityasingh/Library/Developer/Xcode/DerivedData/Chatlio-erkyzdeecsohoaggpwbjdvavzqfv/SourcePackages/checkouts/DTCoreText/Core/Source/NSString+Paragraphs.m normal x86_64 objective-c com.apple.compilers.llvm.clang.1_0.compiler (in target 'DTCoreText' from project 'DTCoreText')
    cd /Users/aadityasingh/Documents/Development/element-x-ios/Chatlio.xcodeproj
    
    Using response file: /Users/aadityasingh/Library/Developer/Xcode/DerivedData/Chatlio-erkyzdeecsohoaggpwbjdvavzqfv/Build/Intermediates.noindex/DTCoreText.build/Debug-iphonesimulator/DTCoreText.build/Objects-normal/x86_64/e6072d4f65d7061329687fe24e3d63a7-common-args.resp
    
    /Applications/Xcode.app/Contents/Developer/Toolchains/XcodeDefault.xctoolchain/usr/bin/clang -x objective-c -ivfsstatcache /Users/aadityasingh/Library/Developer/Xcode/DerivedData/SDKStatCaches.noindex/iphonesimulator26.4-23E252-686eebb5dc1d8ecb277353a59184f4aa.sdkstatcache -target x86_64-apple-ios12.0-simulator -fmessage-length\=0 -fdiagnostics-show-note-include-stack -fmacro-backtrace-limit\=0 -fno-color-diagnostics -fmodules-prune-interval\=86400 -fmodules-prune-after\=345600 -fbuild-session-file\=/Users/aadityasingh/Library/Developer/Xcode/DerivedData/ModuleCache.noindex/Session.modulevalidation -fmodules-validate-once-per-build-session -Wnon-modular-include-in-framework-module -Werror\=non-modular-include-in-framework-module -Wno-trigraphs -Wno-missing-field-initializers -Wno-missing-prototypes -Wno-return-type -Wno-implicit-atomic-properties -Wno-objc-interface-ivars -Wno-arc-repeated-use-of-weak -Wno-missing-braces -Wparentheses -Wswitch -Wno-unused-function -Wno-unused-label -Wno-unused-parameter -Wno-unused-variable -Wunused-value -Wno-empty-body -Wno-uninitialized -Wno-unknown-pragmas -w -Wno-shadow -Wno-four-char-constants -Wno-conversion -Wno-constant-conversion -Wno-int-conversion -Wno-bool-conversion -Wno-enum-conversion -Wno-float-conversion -Wno-non-literal-null-conversion -Wno-objc-literal-conversion -Wshorten-64-to-32 -Wpointer-sign -Wno-newline-eof -Wno-selector -Wno-strict-selector-match -Wno-undeclared-selector -Wno-deprecated-implementations -Wno-implicit-fallthrough -isysroot /Applications/Xcode.app/Contents/Developer/Platforms/iPhoneSimulator.platform/Developer/SDKs/iPhoneSimulator26.4.sdk -fstrict-aliasing -Wprotocol -Wdeprecated-declarations -Wno-sign-conversion -Wno-infinite-recursion -Wno-comma -Wno-block-capture-autoreleasing -Wno-strict-prototypes -Wno-semicolon-before-method-body -index-store-path /Users/aadityasingh/Library/Developer/Xcode/DerivedData/Chatlio-erkyzdeecsohoaggpwbjdvavzqfv/Index.noindex/DataStore @/Users/aadityasingh/Library/Developer/Xcode/DerivedData/Chatlio-erkyzdeecsohoaggpwbjdvavzqfv/Build/Intermediates.noindex/DTCoreText.build/Debug-iphonesimulator/DTCoreText.build/Objects-normal/x86_64/e6072d4f65d7061329687fe24e3d63a7-common-args.resp -include /Users/aadityasingh/Library/Developer/Xcode/DerivedData/Chatlio-erkyzdeecsohoaggpwbjdvavzqfv/Build/Intermediates.noindex/DTCoreText.build/Debug-iphonesimulator/DTCoreText.build/DerivedSources/resource_bundle_accessor.h -MMD -MT dependencies -MF /Users/aadityasingh/Library/Developer/Xcode/DerivedData/Chatlio-erkyzdeecsohoaggpwbjdvavzqfv/Build/Intermediates.noindex/DTCoreText.build/Debug-iphonesimulator/DTCoreText.build/Objects-normal/x86_64/NSString+Paragraphs.d --serialize-diagnostics /Users/aadityasingh/Library/Developer/Xcode/DerivedData/Chatlio-erkyzdeecsohoaggpwbjdvavzqfv/Build/Intermediates.noindex/DTCoreText.build/Debug-iphonesimulator/DTCoreText.build/Objects-normal/x86_64/NSString+Paragraphs.dia -c /Users/aadityasingh/Library/Developer/Xcode/DerivedData/Chatlio-erkyzdeecsohoaggpwbjdvavzqfv/SourcePackages/checkouts/DTCoreText/Core/Source/NSString+Paragraphs.m -o /Users/aadityasingh/Library/Developer/Xcode/DerivedData/Chatlio-erkyzdeecsohoaggpwbjdvavzqfv/Build/Intermediates.noindex/DTCoreText.build/Debug-iphonesimulator/DTCoreText.build/Objects-normal/x86_64/NSString+Paragraphs.o -index-unit-output-path /DTCoreText.build/Debug-iphonesimulator/DTCoreText.build/Objects-normal/x86_64/NSString+Paragraphs.o

CompileC /Users/aadityasingh/Library/Developer/Xcode/DerivedData/Chatlio-erkyzdeecsohoaggpwbjdvavzqfv/Build/Intermediates.noindex/DTCoreText.build/Debug-iphonesimulator/DTCoreText.build/Objects-normal/x86_64/NSNumber+RomanNumerals.o /Users/aadityasingh/Library/Developer/Xcode/DerivedData/Chatlio-erkyzdeecsohoaggpwbjdvavzqfv/SourcePackages/checkouts/DTCoreText/Core/Source/NSNumber+RomanNumerals.m normal x86_64 objective-c com.apple.compilers.llvm.clang.1_0.compiler (in target 'DTCoreText' from project 'DTCoreText')
    cd /Users/aadityasingh/Documents/Development/element-x-ios/Chatlio.xcodeproj
    
    Using response file: /Users/aadityasingh/Library/Developer/Xcode/DerivedData/Chatlio-erkyzdeecsohoaggpwbjdvavzqfv/Build/Intermediates.noindex/DTCoreText.build/Debug-iphonesimulator/DTCoreText.build/Objects-normal/x86_64/e6072d4f65d7061329687fe24e3d63a7-common-args.resp
    
    /Applications/Xcode.app/Contents/Developer/Toolchains/XcodeDefault.xctoolchain/usr/bin/clang -x objective-c -ivfsstatcache /Users/aadityasingh/Library/Developer/Xcode/DerivedData/SDKStatCaches.noindex/iphonesimulator26.4-23E252-686eebb5dc1d8ecb277353a59184f4aa.sdkstatcache -target x86_64-apple-ios12.0-simulator -fmessage-length\=0 -fdiagnostics-show-note-include-stack -fmacro-backtrace-limit\=0 -fno-color-diagnostics -fmodules-prune-interval\=86400 -fmodules-prune-after\=345600 -fbuild-session-file\=/Users/aadityasingh/Library/Developer/Xcode/DerivedData/ModuleCache.noindex/Session.modulevalidation -fmodules-validate-once-per-build-session -Wnon-modular-include-in-framework-module -Werror\=non-modular-include-in-framework-module -Wno-trigraphs -Wno-missing-field-initializers -Wno-missing-prototypes -Wno-return-type -Wno-implicit-atomic-properties -Wno-objc-interface-ivars -Wno-arc-repeated-use-of-weak -Wno-missing-braces -Wparentheses -Wswitch -Wno-unused-function -Wno-unused-label -Wno-unused-parameter -Wno-unused-variable -Wunused-value -Wno-empty-body -Wno-uninitialized -Wno-unknown-pragmas -w -Wno-shadow -Wno-four-char-constants -Wno-conversion -Wno-constant-conversion -Wno-int-conversion -Wno-bool-conversion -Wno-enum-conversion -Wno-float-conversion -Wno-non-literal-null-conversion -Wno-objc-literal-conversion -Wshorten-64-to-32 -Wpointer-sign -Wno-newline-eof -Wno-selector -Wno-strict-selector-match -Wno-undeclared-selector -Wno-deprecated-implementations -Wno-implicit-fallthrough -isysroot /Applications/Xcode.app/Contents/Developer/Platforms/iPhoneSimulator.platform/Developer/SDKs/iPhoneSimulator26.4.sdk -fstrict-aliasing -Wprotocol -Wdeprecated-declarations -Wno-sign-conversion -Wno-infinite-recursion -Wno-comma -Wno-block-capture-autoreleasing -Wno-strict-prototypes -Wno-semicolon-before-method-body -index-store-path /Users/aadityasingh/Library/Developer/Xcode/DerivedData/Chatlio-erkyzdeecsohoaggpwbjdvavzqfv/Index.noindex/DataStore @/Users/aadityasingh/Library/Developer/Xcode/DerivedData/Chatlio-erkyzdeecsohoaggpwbjdvavzqfv/Build/Intermediates.noindex/DTCoreText.build/Debug-iphonesimulator/DTCoreText.build/Objects-normal/x86_64/e6072d4f65d7061329687fe24e3d63a7-common-args.resp -include /Users/aadityasingh/Library/Developer/Xcode/DerivedData/Chatlio-erkyzdeecsohoaggpwbjdvavzqfv/Build/Intermediates.noindex/DTCoreText.build/Debug-iphonesimulator/DTCoreText.build/DerivedSources/resource_bundle_accessor.h -MMD -MT dependencies -MF /Users/aadityasingh/Library/Developer/Xcode/DerivedData/Chatlio-erkyzdeecsohoaggpwbjdvavzqfv/Build/Intermediates.noindex/DTCoreText.build/Debug-iphonesimulator/DTCoreText.build/Objects-normal/x86_64/NSNumber+RomanNumerals.d --serialize-diagnostics /Users/aadityasingh/Library/Developer/Xcode/DerivedData/Chatlio-erkyzdeecsohoaggpwbjdvavzqfv/Build/Intermediates.noindex/DTCoreText.build/Debug-iphonesimulator/DTCoreText.build/Objects-normal/x86_64/NSNumber+RomanNumerals.dia -c /Users/aadityasingh/Library/Developer/Xcode/DerivedData/Chatlio-erkyzdeecsohoaggpwbjdvavzqfv/SourcePackages/checkouts/DTCoreText/Core/Source/NSNumber+RomanNumerals.m -o /Users/aadityasingh/Library/Developer/Xcode/DerivedData/Chatlio-erkyzdeecsohoaggpwbjdvavzqfv/Build/Intermediates.noindex/DTCoreText.build/Debug-iphonesimulator/DTCoreText.build/Objects-normal/x86_64/NSNumber+RomanNumerals.o -index-unit-output-path /DTCoreText.build/Debug-iphonesimulator/DTCoreText.build/Objects-normal/x86_64/NSNumber+RomanNumerals.o

PrecompileModule /Users/aadityasingh/Library/Developer/Xcode/DerivedData/Chatlio-erkyzdeecsohoaggpwbjdvavzqfv/Build/Intermediates.noindex/ExplicitPrecompiledModules/CoreImage-AVSFDBB990JL0QTHX4E9AEI55.scan
    cd /
    builtin-precompileModule /Users/aadityasingh/Library/Developer/Xcode/DerivedData/Chatlio-erkyzdeecsohoaggpwbjdvavzqfv/Build/Intermediates.noindex/ExplicitPrecompiledModules/CoreImage-AVSFDBB990JL0QTHX4E9AEI55.scan

PrecompileModule /Users/aadityasingh/Library/Developer/Xcode/DerivedData/Chatlio-erkyzdeecsohoaggpwbjdvavzqfv/Build/Intermediates.noindex/ExplicitPrecompiledModules/Dispatch-CK35N5864TNAYDUKS8GCR2FPD.scan
    cd /
    builtin-precompileModule /Users/aadityasingh/Library/Developer/Xcode/DerivedData/Chatlio-erkyzdeecsohoaggpwbjdvavzqfv/Build/Intermediates.noindex/ExplicitPrecompiledModules/Dispatch-CK35N5864TNAYDUKS8GCR2FPD.scan

PrecompileModule /Users/aadityasingh/Library/Developer/Xcode/DerivedData/Chatlio-erkyzdeecsohoaggpwbjdvavzqfv/Build/Intermediates.noindex/ExplicitPrecompiledModules/QuartzCore-DV1YD54WMVOYD27VH10WJLXM1.scan
    cd /
    builtin-precompileModule /Users/aadityasingh/Library/Developer/Xcode/DerivedData/Chatlio-erkyzdeecsohoaggpwbjdvavzqfv/Build/Intermediates.noindex/ExplicitPrecompiledModules/QuartzCore-DV1YD54WMVOYD27VH10WJLXM1.scan

ScanDependencies /Users/aadityasingh/Library/Developer/Xcode/DerivedData/Chatlio-erkyzdeecsohoaggpwbjdvavzqfv/Build/Intermediates.noindex/DTCoreText.build/Debug-iphonesimulator/DTCoreText.build/Objects-normal/x86_64/NSMutableString+HTML.o /Users/aadityasingh/Library/Developer/Xcode/DerivedData/Chatlio-erkyzdeecsohoaggpwbjdvavzqfv/SourcePackages/checkouts/DTCoreText/Core/Source/NSMutableString+HTML.m normal x86_64 objective-c com.apple.compilers.llvm.clang.1_0.compiler (in target 'DTCoreText' from project 'DTCoreText')
    cd /Users/aadityasingh/Documents/Development/element-x-ios/Chatlio.xcodeproj
    
    Using response file: /Users/aadityasingh/Library/Developer/Xcode/DerivedData/Chatlio-erkyzdeecsohoaggpwbjdvavzqfv/Build/Intermediates.noindex/DTCoreText.build/Debug-iphonesimulator/DTCoreText.build/Objects-normal/x86_64/e6072d4f65d7061329687fe24e3d63a7-common-args.resp
    
    builtin-ScanDependencies -o /Users/aadityasingh/Library/Developer/Xcode/DerivedData/Chatlio-erkyzdeecsohoaggpwbjdvavzqfv/Build/Intermediates.noindex/DTCoreText.build/Debug-iphonesimulator/DTCoreText.build/Objects-normal/x86_64/NSMutableString+HTML.o.scan -- /Applications/Xcode.app/Contents/Developer/Toolchains/XcodeDefault.xctoolchain/usr/bin/clang -x objective-c -ivfsstatcache /Users/aadityasingh/Library/Developer/Xcode/DerivedData/SDKStatCaches.noindex/iphonesimulator26.4-23E252-686eebb5dc1d8ecb277353a59184f4aa.sdkstatcache -target x86_64-apple-ios12.0-simulator -fmessage-length\=0 -fdiagnostics-show-note-include-stack -fmacro-backtrace-limit\=0 -fno-color-diagnostics -fmodules-prune-interval\=86400 -fmodules-prune-after\=345600 -fbuild-session-file\=/Users/aadityasingh/Library/Developer/Xcode/DerivedData/ModuleCache.noindex/Session.modulevalidation -fmodules-validate-once-per-build-session -Wnon-modular-include-in-framework-module -Werror\=non-modular-include-in-framework-module -Wno-trigraphs -Wno-missing-field-initializers -Wno-missing-prototypes -Wno-return-type -Wno-implicit-atomic-properties -Wno-objc-interface-ivars -Wno-arc-repeated-use-of-weak -Wno-missing-braces -Wparentheses -Wswitch -Wno-unused-function -Wno-unused-label -Wno-unused-parameter -Wno-unused-variable -Wunused-value -Wno-empty-body -Wno-uninitialized -Wno-unknown-pragmas -w -Wno-shadow -Wno-four-char-constants -Wno-conversion -Wno-constant-conversion -Wno-int-conversion -Wno-bool-conversion -Wno-enum-conversion -Wno-float-conversion -Wno-non-literal-null-conversion -Wno-objc-literal-conversion -Wshorten-64-to-32 -Wpointer-sign -Wno-newline-eof -Wno-selector -Wno-strict-selector-match -Wno-undeclared-selector -Wno-deprecated-implementations -Wno-implicit-fallthrough -isysroot /Applications/Xcode.app/Contents/Developer/Platforms/iPhoneSimulator.platform/Developer/SDKs/iPhoneSimulator26.4.sdk -fstrict-aliasing -Wprotocol -Wdeprecated-declarations -Wno-sign-conversion -Wno-infinite-recursion -Wno-comma -Wno-block-capture-autoreleasing -Wno-strict-prototypes -Wno-semicolon-before-method-body -index-store-path /Users/aadityasingh/Library/Developer/Xcode/DerivedData/Chatlio-erkyzdeecsohoaggpwbjdvavzqfv/Index.noindex/DataStore @/Users/aadityasingh/Library/Developer/Xcode/DerivedData/Chatlio-erkyzdeecsohoaggpwbjdvavzqfv/Build/Intermediates.noindex/DTCoreText.build/Debug-iphonesimulator/DTCoreText.build/Objects-normal/x86_64/e6072d4f65d7061329687fe24e3d63a7-common-args.resp -include /Users/aadityasingh/Library/Developer/Xcode/DerivedData/Chatlio-erkyzdeecsohoaggpwbjdvavzqfv/Build/Intermediates.noindex/DTCoreText.build/Debug-iphonesimulator/DTCoreText.build/DerivedSources/resource_bundle_accessor.h -MMD -MT dependencies -MF /Users/aadityasingh/Library/Developer/Xcode/DerivedData/Chatlio-erkyzdeecsohoaggpwbjdvavzqfv/Build/Intermediates.noindex/DTCoreText.build/Debug-iphonesimulator/DTCoreText.build/Objects-normal/x86_64/NSMutableString+HTML.d --serialize-diagnostics /Users/aadityasingh/Library/Developer/Xcode/DerivedData/Chatlio-erkyzdeecsohoaggpwbjdvavzqfv/Build/Intermediates.noindex/DTCoreText.build/Debug-iphonesimulator/DTCoreText.build/Objects-normal/x86_64/NSMutableString+HTML.dia -c /Users/aadityasingh/Library/Developer/Xcode/DerivedData/Chatlio-erkyzdeecsohoaggpwbjdvavzqfv/SourcePackages/checkouts/DTCoreText/Core/Source/NSMutableString+HTML.m -o /Users/aadityasingh/Library/Developer/Xcode/DerivedData/Chatlio-erkyzdeecsohoaggpwbjdvavzqfv/Build/Intermediates.noindex/DTCoreText.build/Debug-iphonesimulator/DTCoreText.build/Objects-normal/x86_64/NSMutableString+HTML.o -index-unit-output-path /DTCoreText.build/Debug-iphonesimulator/DTCoreText.build/Objects-normal/x86_64/NSMutableString+HTML.o

ScanDependencies /Users/aadityasingh/Library/Developer/Xcode/DerivedData/Chatlio-erkyzdeecsohoaggpwbjdvavzqfv/Build/Intermediates.noindex/DTCoreText.build/Debug-iphonesimulator/DTCoreText.build/Objects-normal/x86_64/NSMutableAttributedString+HTML.o /Users/aadityasingh/Library/Developer/Xcode/DerivedData/Chatlio-erkyzdeecsohoaggpwbjdvavzqfv/SourcePackages/checkouts/DTCoreText/Core/Source/NSMutableAttributedString+HTML.m normal x86_64 objective-c com.apple.compilers.llvm.clang.1_0.compiler (in target 'DTCoreText' from project 'DTCoreText')
    cd /Users/aadityasingh/Documents/Development/element-x-ios/Chatlio.xcodeproj
    
    Using response file: /Users/aadityasingh/Library/Developer/Xcode/DerivedData/Chatlio-erkyzdeecsohoaggpwbjdvavzqfv/Build/Intermediates.noindex/DTCoreText.build/Debug-iphonesimulator/DTCoreText.build/Objects-normal/x86_64/e6072d4f65d7061329687fe24e3d63a7-common-args.resp
    
    builtin-ScanDependencies -o /Users/aadityasingh/Library/Developer/Xcode/DerivedData/Chatlio-erkyzdeecsohoaggpwbjdvavzqfv/Build/Intermediates.noindex/DTCoreText.build/Debug-iphonesimulator/DTCoreText.build/Objects-normal/x86_64/NSMutableAttributedString+HTML.o.scan -- /Applications/Xcode.app/Contents/Developer/Toolchains/XcodeDefault.xctoolchain/usr/bin/clang -x objective-c -ivfsstatcache /Users/aadityasingh/Library/Developer/Xcode/DerivedData/SDKStatCaches.noindex/iphonesimulator26.4-23E252-686eebb5dc1d8ecb277353a59184f4aa.sdkstatcache -target x86_64-apple-ios12.0-simulator -fmessage-length\=0 -fdiagnostics-show-note-include-stack -fmacro-backtrace-limit\=0 -fno-color-diagnostics -fmodules-prune-interval\=86400 -fmodules-prune-after\=345600 -fbuild-session-file\=/Users/aadityasingh/Library/Developer/Xcode/DerivedData/ModuleCache.noindex/Session.modulevalidation -fmodules-validate-once-per-build-session -Wnon-modular-include-in-framework-module -Werror\=non-modular-include-in-framework-module -Wno-trigraphs -Wno-missing-field-initializers -Wno-missing-prototypes -Wno-return-type -Wno-implicit-atomic-properties -Wno-objc-interface-ivars -Wno-arc-repeated-use-of-weak -Wno-missing-braces -Wparentheses -Wswitch -Wno-unused-function -Wno-unused-label -Wno-unused-parameter -Wno-unused-variable -Wunused-value -Wno-empty-body -Wno-uninitialized -Wno-unknown-pragmas -w -Wno-shadow -Wno-four-char-constants -Wno-conversion -Wno-constant-conversion -Wno-int-conversion -Wno-bool-conversion -Wno-enum-conversion -Wno-float-conversion -Wno-non-literal-null-conversion -Wno-objc-literal-conversion -Wshorten-64-to-32 -Wpointer-sign -Wno-newline-eof -Wno-selector -Wno-strict-selector-match -Wno-undeclared-selector -Wno-deprecated-implementations -Wno-implicit-fallthrough -isysroot /Applications/Xcode.app/Contents/Developer/Platforms/iPhoneSimulator.platform/Developer/SDKs/iPhoneSimulator26.4.sdk -fstrict-aliasing -Wprotocol -Wdeprecated-declarations -Wno-sign-conversion -Wno-infinite-recursion -Wno-comma -Wno-block-capture-autoreleasing -Wno-strict-prototypes -Wno-semicolon-before-method-body -index-store-path /Users/aadityasingh/Library/Developer/Xcode/DerivedData/Chatlio-erkyzdeecsohoaggpwbjdvavzqfv/Index.noindex/DataStore @/Users/aadityasingh/Library/Developer/Xcode/DerivedData/Chatlio-erkyzdeecsohoaggpwbjdvavzqfv/Build/Intermediates.noindex/DTCoreText.build/Debug-iphonesimulator/DTCoreText.build/Objects-normal/x86_64/e6072d4f65d7061329687fe24e3d63a7-common-args.resp -include /Users/aadityasingh/Library/Developer/Xcode/DerivedData/Chatlio-erkyzdeecsohoaggpwbjdvavzqfv/Build/Intermediates.noindex/DTCoreText.build/Debug-iphonesimulator/DTCoreText.build/DerivedSources/resource_bundle_accessor.h -MMD -MT dependencies -MF /Users/aadityasingh/Library/Developer/Xcode/DerivedData/Chatlio-erkyzdeecsohoaggpwbjdvavzqfv/Build/Intermediates.noindex/DTCoreText.build/Debug-iphonesimulator/DTCoreText.build/Objects-normal/x86_64/NSMutableAttributedString+HTML.d --serialize-diagnostics /Users/aadityasingh/Library/Developer/Xcode/DerivedData/Chatlio-erkyzdeecsohoaggpwbjdvavzqfv/Build/Intermediates.noindex/DTCoreText.build/Debug-iphonesimulator/DTCoreText.build/Objects-normal/x86_64/NSMutableAttributedString+HTML.dia -c /Users/aadityasingh/Library/Developer/Xcode/DerivedData/Chatlio-erkyzdeecsohoaggpwbjdvavzqfv/SourcePackages/checkouts/DTCoreText/Core/Source/NSMutableAttributedString+HTML.m -o /Users/aadityasingh/Library/Developer/Xcode/DerivedData/Chatlio-erkyzdeecsohoaggpwbjdvavzqfv/Build/Intermediates.noindex/DTCoreText.build/Debug-iphonesimulator/DTCoreText.build/Objects-normal/x86_64/NSMutableAttributedString+HTML.o -index-unit-output-path /DTCoreText.build/Debug-iphonesimulator/DTCoreText.build/Objects-normal/x86_64/NSMutableAttributedString+HTML.o

CompileC /Users/aadityasingh/Library/Developer/Xcode/DerivedData/Chatlio-erkyzdeecsohoaggpwbjdvavzqfv/Build/Intermediates.noindex/DTCoreText.build/Debug-iphonesimulator/DTCoreText.build/Objects-normal/x86_64/NSMutableString+HTML.o /Users/aadityasingh/Library/Developer/Xcode/DerivedData/Chatlio-erkyzdeecsohoaggpwbjdvavzqfv/SourcePackages/checkouts/DTCoreText/Core/Source/NSMutableString+HTML.m normal x86_64 objective-c com.apple.compilers.llvm.clang.1_0.compiler (in target 'DTCoreText' from project 'DTCoreText')
    cd /Users/aadityasingh/Documents/Development/element-x-ios/Chatlio.xcodeproj
    
    Using response file: /Users/aadityasingh/Library/Developer/Xcode/DerivedData/Chatlio-erkyzdeecsohoaggpwbjdvavzqfv/Build/Intermediates.noindex/DTCoreText.build/Debug-iphonesimulator/DTCoreText.build/Objects-normal/x86_64/e6072d4f65d7061329687fe24e3d63a7-common-args.resp
    
    /Applications/Xcode.app/Contents/Developer/Toolchains/XcodeDefault.xctoolchain/usr/bin/clang -x objective-c -ivfsstatcache /Users/aadityasingh/Library/Developer/Xcode/DerivedData/SDKStatCaches.noindex/iphonesimulator26.4-23E252-686eebb5dc1d8ecb277353a59184f4aa.sdkstatcache -target x86_64-apple-ios12.0-simulator -fmessage-length\=0 -fdiagnostics-show-note-include-stack -fmacro-backtrace-limit\=0 -fno-color-diagnostics -fmodules-prune-interval\=86400 -fmodules-prune-after\=345600 -fbuild-session-file\=/Users/aadityasingh/Library/Developer/Xcode/DerivedData/ModuleCache.noindex/Session.modulevalidation -fmodules-validate-once-per-build-session -Wnon-modular-include-in-framework-module -Werror\=non-modular-include-in-framework-module -Wno-trigraphs -Wno-missing-field-initializers -Wno-missing-prototypes -Wno-return-type -Wno-implicit-atomic-properties -Wno-objc-interface-ivars -Wno-arc-repeated-use-of-weak -Wno-missing-braces -Wparentheses -Wswitch -Wno-unused-function -Wno-unused-label -Wno-unused-parameter -Wno-unused-variable -Wunused-value -Wno-empty-body -Wno-uninitialized -Wno-unknown-pragmas -w -Wno-shadow -Wno-four-char-constants -Wno-conversion -Wno-constant-conversion -Wno-int-conversion -Wno-bool-conversion -Wno-enum-conversion -Wno-float-conversion -Wno-non-literal-null-conversion -Wno-objc-literal-conversion -Wshorten-64-to-32 -Wpointer-sign -Wno-newline-eof -Wno-selector -Wno-strict-selector-match -Wno-undeclared-selector -Wno-deprecated-implementations -Wno-implicit-fallthrough -isysroot /Applications/Xcode.app/Contents/Developer/Platforms/iPhoneSimulator.platform/Developer/SDKs/iPhoneSimulator26.4.sdk -fstrict-aliasing -Wprotocol -Wdeprecated-declarations -Wno-sign-conversion -Wno-infinite-recursion -Wno-comma -Wno-block-capture-autoreleasing -Wno-strict-prototypes -Wno-semicolon-before-method-body -index-store-path /Users/aadityasingh/Library/Developer/Xcode/DerivedData/Chatlio-erkyzdeecsohoaggpwbjdvavzqfv/Index.noindex/DataStore @/Users/aadityasingh/Library/Developer/Xcode/DerivedData/Chatlio-erkyzdeecsohoaggpwbjdvavzqfv/Build/Intermediates.noindex/DTCoreText.build/Debug-iphonesimulator/DTCoreText.build/Objects-normal/x86_64/e6072d4f65d7061329687fe24e3d63a7-common-args.resp -include /Users/aadityasingh/Library/Developer/Xcode/DerivedData/Chatlio-erkyzdeecsohoaggpwbjdvavzqfv/Build/Intermediates.noindex/DTCoreText.build/Debug-iphonesimulator/DTCoreText.build/DerivedSources/resource_bundle_accessor.h -MMD -MT dependencies -MF /Users/aadityasingh/Library/Developer/Xcode/DerivedData/Chatlio-erkyzdeecsohoaggpwbjdvavzqfv/Build/Intermediates.noindex/DTCoreText.build/Debug-iphonesimulator/DTCoreText.build/Objects-normal/x86_64/NSMutableString+HTML.d --serialize-diagnostics /Users/aadityasingh/Library/Developer/Xcode/DerivedData/Chatlio-erkyzdeecsohoaggpwbjdvavzqfv/Build/Intermediates.noindex/DTCoreText.build/Debug-iphonesimulator/DTCoreText.build/Objects-normal/x86_64/NSMutableString+HTML.dia -c /Users/aadityasingh/Library/Developer/Xcode/DerivedData/Chatlio-erkyzdeecsohoaggpwbjdvavzqfv/SourcePackages/checkouts/DTCoreText/Core/Source/NSMutableString+HTML.m -o /Users/aadityasingh/Library/Developer/Xcode/DerivedData/Chatlio-erkyzdeecsohoaggpwbjdvavzqfv/Build/Intermediates.noindex/DTCoreText.build/Debug-iphonesimulator/DTCoreText.build/Objects-normal/x86_64/NSMutableString+HTML.o -index-unit-output-path /DTCoreText.build/Debug-iphonesimulator/DTCoreText.build/Objects-normal/x86_64/NSMutableString+HTML.o

PrecompileModule /Users/aadityasingh/Library/Developer/Xcode/DerivedData/Chatlio-erkyzdeecsohoaggpwbjdvavzqfv/Build/Intermediates.noindex/ExplicitPrecompiledModules/XPC-VQWGCDXNYGVP3THFAQHZ6SK8.scan
    cd /
    builtin-precompileModule /Users/aadityasingh/Library/Developer/Xcode/DerivedData/Chatlio-erkyzdeecsohoaggpwbjdvavzqfv/Build/Intermediates.noindex/ExplicitPrecompiledModules/XPC-VQWGCDXNYGVP3THFAQHZ6SK8.scan

PrecompileModule /Users/aadityasingh/Library/Developer/Xcode/DerivedData/Chatlio-erkyzdeecsohoaggpwbjdvavzqfv/Build/Intermediates.noindex/ExplicitPrecompiledModules/CoreFoundation-6DUY1XPHTAT8PF1AOL8WXOCF3.scan
    cd /
    builtin-precompileModule /Users/aadityasingh/Library/Developer/Xcode/DerivedData/Chatlio-erkyzdeecsohoaggpwbjdvavzqfv/Build/Intermediates.noindex/ExplicitPrecompiledModules/CoreFoundation-6DUY1XPHTAT8PF1AOL8WXOCF3.scan

PrecompileModule /Users/aadityasingh/Library/Developer/Xcode/DerivedData/Chatlio-erkyzdeecsohoaggpwbjdvavzqfv/Build/Intermediates.noindex/ExplicitPrecompiledModules/UIKit-DGNI239ZKOT3CKLZVH5WJ3F1D.scan
    cd /
    builtin-precompileModule /Users/aadityasingh/Library/Developer/Xcode/DerivedData/Chatlio-erkyzdeecsohoaggpwbjdvavzqfv/Build/Intermediates.noindex/ExplicitPrecompiledModules/UIKit-DGNI239ZKOT3CKLZVH5WJ3F1D.scan

ScanDependencies /Users/aadityasingh/Library/Developer/Xcode/DerivedData/Chatlio-erkyzdeecsohoaggpwbjdvavzqfv/Build/Intermediates.noindex/DTCoreText.build/Debug-iphonesimulator/DTCoreText.build/Objects-normal/x86_64/NSDictionary+DTCoreText.o /Users/aadityasingh/Library/Developer/Xcode/DerivedData/Chatlio-erkyzdeecsohoaggpwbjdvavzqfv/SourcePackages/checkouts/DTCoreText/Core/Source/NSDictionary+DTCoreText.m normal x86_64 objective-c com.apple.compilers.llvm.clang.1_0.compiler (in target 'DTCoreText' from project 'DTCoreText')
    cd /Users/aadityasingh/Documents/Development/element-x-ios/Chatlio.xcodeproj
    
    Using response file: /Users/aadityasingh/Library/Developer/Xcode/DerivedData/Chatlio-erkyzdeecsohoaggpwbjdvavzqfv/Build/Intermediates.noindex/DTCoreText.build/Debug-iphonesimulator/DTCoreText.build/Objects-normal/x86_64/e6072d4f65d7061329687fe24e3d63a7-common-args.resp
    
    builtin-ScanDependencies -o /Users/aadityasingh/Library/Developer/Xcode/DerivedData/Chatlio-erkyzdeecsohoaggpwbjdvavzqfv/Build/Intermediates.noindex/DTCoreText.build/Debug-iphonesimulator/DTCoreText.build/Objects-normal/x86_64/NSDictionary+DTCoreText.o.scan -- /Applications/Xcode.app/Contents/Developer/Toolchains/XcodeDefault.xctoolchain/usr/bin/clang -x objective-c -ivfsstatcache /Users/aadityasingh/Library/Developer/Xcode/DerivedData/SDKStatCaches.noindex/iphonesimulator26.4-23E252-686eebb5dc1d8ecb277353a59184f4aa.sdkstatcache -target x86_64-apple-ios12.0-simulator -fmessage-length\=0 -fdiagnostics-show-note-include-stack -fmacro-backtrace-limit\=0 -fno-color-diagnostics -fmodules-prune-interval\=86400 -fmodules-prune-after\=345600 -fbuild-session-file\=/Users/aadityasingh/Library/Developer/Xcode/DerivedData/ModuleCache.noindex/Session.modulevalidation -fmodules-validate-once-per-build-session -Wnon-modular-include-in-framework-module -Werror\=non-modular-include-in-framework-module -Wno-trigraphs -Wno-missing-field-initializers -Wno-missing-prototypes -Wno-return-type -Wno-implicit-atomic-properties -Wno-objc-interface-ivars -Wno-arc-repeated-use-of-weak -Wno-missing-braces -Wparentheses -Wswitch -Wno-unused-function -Wno-unused-label -Wno-unused-parameter -Wno-unused-variable -Wunused-value -Wno-empty-body -Wno-uninitialized -Wno-unknown-pragmas -w -Wno-shadow -Wno-four-char-constants -Wno-conversion -Wno-constant-conversion -Wno-int-conversion -Wno-bool-conversion -Wno-enum-conversion -Wno-float-conversion -Wno-non-literal-null-conversion -Wno-objc-literal-conversion -Wshorten-64-to-32 -Wpointer-sign -Wno-newline-eof -Wno-selector -Wno-strict-selector-match -Wno-undeclared-selector -Wno-deprecated-implementations -Wno-implicit-fallthrough -isysroot /Applications/Xcode.app/Contents/Developer/Platforms/iPhoneSimulator.platform/Developer/SDKs/iPhoneSimulator26.4.sdk -fstrict-aliasing -Wprotocol -Wdeprecated-declarations -Wno-sign-conversion -Wno-infinite-recursion -Wno-comma -Wno-block-capture-autoreleasing -Wno-strict-prototypes -Wno-semicolon-before-method-body -index-store-path /Users/aadityasingh/Library/Developer/Xcode/DerivedData/Chatlio-erkyzdeecsohoaggpwbjdvavzqfv/Index.noindex/DataStore @/Users/aadityasingh/Library/Developer/Xcode/DerivedData/Chatlio-erkyzdeecsohoaggpwbjdvavzqfv/Build/Intermediates.noindex/DTCoreText.build/Debug-iphonesimulator/DTCoreText.build/Objects-normal/x86_64/e6072d4f65d7061329687fe24e3d63a7-common-args.resp -include /Users/aadityasingh/Library/Developer/Xcode/DerivedData/Chatlio-erkyzdeecsohoaggpwbjdvavzqfv/Build/Intermediates.noindex/DTCoreText.build/Debug-iphonesimulator/DTCoreText.build/DerivedSources/resource_bundle_accessor.h -MMD -MT dependencies -MF /Users/aadityasingh/Library/Developer/Xcode/DerivedData/Chatlio-erkyzdeecsohoaggpwbjdvavzqfv/Build/Intermediates.noindex/DTCoreText.build/Debug-iphonesimulator/DTCoreText.build/Objects-normal/x86_64/NSDictionary+DTCoreText.d --serialize-diagnostics /Users/aadityasingh/Library/Developer/Xcode/DerivedData/Chatlio-erkyzdeecsohoaggpwbjdvavzqfv/Build/Intermediates.noindex/DTCoreText.build/Debug-iphonesimulator/DTCoreText.build/Objects-normal/x86_64/NSDictionary+DTCoreText.dia -c /Users/aadityasingh/Library/Developer/Xcode/DerivedData/Chatlio-erkyzdeecsohoaggpwbjdvavzqfv/SourcePackages/checkouts/DTCoreText/Core/Source/NSDictionary+DTCoreText.m -o /Users/aadityasingh/Library/Developer/Xcode/DerivedData/Chatlio-erkyzdeecsohoaggpwbjdvavzqfv/Build/Intermediates.noindex/DTCoreText.build/Debug-iphonesimulator/DTCoreText.build/Objects-normal/x86_64/NSDictionary+DTCoreText.o -index-unit-output-path /DTCoreText.build/Debug-iphonesimulator/DTCoreText.build/Objects-normal/x86_64/NSDictionary+DTCoreText.o

ScanDependencies /Users/aadityasingh/Library/Developer/Xcode/DerivedData/Chatlio-erkyzdeecsohoaggpwbjdvavzqfv/Build/Intermediates.noindex/DTCoreText.build/Debug-iphonesimulator/DTCoreText.build/Objects-normal/x86_64/NSCoder+DTCompatibility.o /Users/aadityasingh/Library/Developer/Xcode/DerivedData/Chatlio-erkyzdeecsohoaggpwbjdvavzqfv/SourcePackages/checkouts/DTCoreText/Core/Source/NSCoder+DTCompatibility.m normal x86_64 objective-c com.apple.compilers.llvm.clang.1_0.compiler (in target 'DTCoreText' from project 'DTCoreText')
    cd /Users/aadityasingh/Documents/Development/element-x-ios/Chatlio.xcodeproj
    
    Using response file: /Users/aadityasingh/Library/Developer/Xcode/DerivedData/Chatlio-erkyzdeecsohoaggpwbjdvavzqfv/Build/Intermediates.noindex/DTCoreText.build/Debug-iphonesimulator/DTCoreText.build/Objects-normal/x86_64/e6072d4f65d7061329687fe24e3d63a7-common-args.resp
    
    builtin-ScanDependencies -o /Users/aadityasingh/Library/Developer/Xcode/DerivedData/Chatlio-erkyzdeecsohoaggpwbjdvavzqfv/Build/Intermediates.noindex/DTCoreText.build/Debug-iphonesimulator/DTCoreText.build/Objects-normal/x86_64/NSCoder+DTCompatibility.o.scan -- /Applications/Xcode.app/Contents/Developer/Toolchains/XcodeDefault.xctoolchain/usr/bin/clang -x objective-c -ivfsstatcache /Users/aadityasingh/Library/Developer/Xcode/DerivedData/SDKStatCaches.noindex/iphonesimulator26.4-23E252-686eebb5dc1d8ecb277353a59184f4aa.sdkstatcache -target x86_64-apple-ios12.0-simulator -fmessage-length\=0 -fdiagnostics-show-note-include-stack -fmacro-backtrace-limit\=0 -fno-color-diagnostics -fmodules-prune-interval\=86400 -fmodules-prune-after\=345600 -fbuild-session-file\=/Users/aadityasingh/Library/Developer/Xcode/DerivedData/ModuleCache.noindex/Session.modulevalidation -fmodules-validate-once-per-build-session -Wnon-modular-include-in-framework-module -Werror\=non-modular-include-in-framework-module -Wno-trigraphs -Wno-missing-field-initializers -Wno-missing-prototypes -Wno-return-type -Wno-implicit-atomic-properties -Wno-objc-interface-ivars -Wno-arc-repeated-use-of-weak -Wno-missing-braces -Wparentheses -Wswitch -Wno-unused-function -Wno-unused-label -Wno-unused-parameter -Wno-unused-variable -Wunused-value -Wno-empty-body -Wno-uninitialized -Wno-unknown-pragmas -w -Wno-shadow -Wno-four-char-constants -Wno-conversion -Wno-constant-conversion -Wno-int-conversion -Wno-bool-conversion -Wno-enum-conversion -Wno-float-conversion -Wno-non-literal-null-conversion -Wno-objc-literal-conversion -Wshorten-64-to-32 -Wpointer-sign -Wno-newline-eof -Wno-selector -Wno-strict-selector-match -Wno-undeclared-selector -Wno-deprecated-implementations -Wno-implicit-fallthrough -isysroot /Applications/Xcode.app/Contents/Developer/Platforms/iPhoneSimulator.platform/Developer/SDKs/iPhoneSimulator26.4.sdk -fstrict-aliasing -Wprotocol -Wdeprecated-declarations -Wno-sign-conversion -Wno-infinite-recursion -Wno-comma -Wno-block-capture-autoreleasing -Wno-strict-prototypes -Wno-semicolon-before-method-body -index-store-path /Users/aadityasingh/Library/Developer/Xcode/DerivedData/Chatlio-erkyzdeecsohoaggpwbjdvavzqfv/Index.noindex/DataStore @/Users/aadityasingh/Library/Developer/Xcode/DerivedData/Chatlio-erkyzdeecsohoaggpwbjdvavzqfv/Build/Intermediates.noindex/DTCoreText.build/Debug-iphonesimulator/DTCoreText.build/Objects-normal/x86_64/e6072d4f65d7061329687fe24e3d63a7-common-args.resp -include /Users/aadityasingh/Library/Developer/Xcode/DerivedData/Chatlio-erkyzdeecsohoaggpwbjdvavzqfv/Build/Intermediates.noindex/DTCoreText.build/Debug-iphonesimulator/DTCoreText.build/DerivedSources/resource_bundle_accessor.h -MMD -MT dependencies -MF /Users/aadityasingh/Library/Developer/Xcode/DerivedData/Chatlio-erkyzdeecsohoaggpwbjdvavzqfv/Build/Intermediates.noindex/DTCoreText.build/Debug-iphonesimulator/DTCoreText.build/Objects-normal/x86_64/NSCoder+DTCompatibility.d --serialize-diagnostics /Users/aadityasingh/Library/Developer/Xcode/DerivedData/Chatlio-erkyzdeecsohoaggpwbjdvavzqfv/Build/Intermediates.noindex/DTCoreText.build/Debug-iphonesimulator/DTCoreText.build/Objects-normal/x86_64/NSCoder+DTCompatibility.dia -c /Users/aadityasingh/Library/Developer/Xcode/DerivedData/Chatlio-erkyzdeecsohoaggpwbjdvavzqfv/SourcePackages/checkouts/DTCoreText/Core/Source/NSCoder+DTCompatibility.m -o /Users/aadityasingh/Library/Developer/Xcode/DerivedData/Chatlio-erkyzdeecsohoaggpwbjdvavzqfv/Build/Intermediates.noindex/DTCoreText.build/Debug-iphonesimulator/DTCoreText.build/Objects-normal/x86_64/NSCoder+DTCompatibility.o -index-unit-output-path /DTCoreText.build/Debug-iphonesimulator/DTCoreText.build/Objects-normal/x86_64/NSCoder+DTCompatibility.o

ScanDependencies /Users/aadityasingh/Library/Developer/Xcode/DerivedData/Chatlio-erkyzdeecsohoaggpwbjdvavzqfv/Build/Intermediates.noindex/DTCoreText.build/Debug-iphonesimulator/DTCoreText.build/Objects-normal/x86_64/NSCharacterSet+HTML.o /Users/aadityasingh/Library/Developer/Xcode/DerivedData/Chatlio-erkyzdeecsohoaggpwbjdvavzqfv/SourcePackages/checkouts/DTCoreText/Core/Source/NSCharacterSet+HTML.m normal x86_64 objective-c com.apple.compilers.llvm.clang.1_0.compiler (in target 'DTCoreText' from project 'DTCoreText')
    cd /Users/aadityasingh/Documents/Development/element-x-ios/Chatlio.xcodeproj
    
    Using response file: /Users/aadityasingh/Library/Developer/Xcode/DerivedData/Chatlio-erkyzdeecsohoaggpwbjdvavzqfv/Build/Intermediates.noindex/DTCoreText.build/Debug-iphonesimulator/DTCoreText.build/Objects-normal/x86_64/e6072d4f65d7061329687fe24e3d63a7-common-args.resp
    
    builtin-ScanDependencies -o /Users/aadityasingh/Library/Developer/Xcode/DerivedData/Chatlio-erkyzdeecsohoaggpwbjdvavzqfv/Build/Intermediates.noindex/DTCoreText.build/Debug-iphonesimulator/DTCoreText.build/Objects-normal/x86_64/NSCharacterSet+HTML.o.scan -- /Applications/Xcode.app/Contents/Developer/Toolchains/XcodeDefault.xctoolchain/usr/bin/clang -x objective-c -ivfsstatcache /Users/aadityasingh/Library/Developer/Xcode/DerivedData/SDKStatCaches.noindex/iphonesimulator26.4-23E252-686eebb5dc1d8ecb277353a59184f4aa.sdkstatcache -target x86_64-apple-ios12.0-simulator -fmessage-length\=0 -fdiagnostics-show-note-include-stack -fmacro-backtrace-limit\=0 -fno-color-diagnostics -fmodules-prune-interval\=86400 -fmodules-prune-after\=345600 -fbuild-session-file\=/Users/aadityasingh/Library/Developer/Xcode/DerivedData/ModuleCache.noindex/Session.modulevalidation -fmodules-validate-once-per-build-session -Wnon-modular-include-in-framework-module -Werror\=non-modular-include-in-framework-module -Wno-trigraphs -Wno-missing-field-initializers -Wno-missing-prototypes -Wno-return-type -Wno-implicit-atomic-properties -Wno-objc-interface-ivars -Wno-arc-repeated-use-of-weak -Wno-missing-braces -Wparentheses -Wswitch -Wno-unused-function -Wno-unused-label -Wno-unused-parameter -Wno-unused-variable -Wunused-value -Wno-empty-body -Wno-uninitialized -Wno-unknown-pragmas -w -Wno-shadow -Wno-four-char-constants -Wno-conversion -Wno-constant-conversion -Wno-int-conversion -Wno-bool-conversion -Wno-enum-conversion -Wno-float-conversion -Wno-non-literal-null-conversion -Wno-objc-literal-conversion -Wshorten-64-to-32 -Wpointer-sign -Wno-newline-eof -Wno-selector -Wno-strict-selector-match -Wno-undeclared-selector -Wno-deprecated-implementations -Wno-implicit-fallthrough -isysroot /Applications/Xcode.app/Contents/Developer/Platforms/iPhoneSimulator.platform/Developer/SDKs/iPhoneSimulator26.4.sdk -fstrict-aliasing -Wprotocol -Wdeprecated-declarations -Wno-sign-conversion -Wno-infinite-recursion -Wno-comma -Wno-block-capture-autoreleasing -Wno-strict-prototypes -Wno-semicolon-before-method-body -index-store-path /Users/aadityasingh/Library/Developer/Xcode/DerivedData/Chatlio-erkyzdeecsohoaggpwbjdvavzqfv/Index.noindex/DataStore @/Users/aadityasingh/Library/Developer/Xcode/DerivedData/Chatlio-erkyzdeecsohoaggpwbjdvavzqfv/Build/Intermediates.noindex/DTCoreText.build/Debug-iphonesimulator/DTCoreText.build/Objects-normal/x86_64/e6072d4f65d7061329687fe24e3d63a7-common-args.resp -include /Users/aadityasingh/Library/Developer/Xcode/DerivedData/Chatlio-erkyzdeecsohoaggpwbjdvavzqfv/Build/Intermediates.noindex/DTCoreText.build/Debug-iphonesimulator/DTCoreText.build/DerivedSources/resource_bundle_accessor.h -MMD -MT dependencies -MF /Users/aadityasingh/Library/Developer/Xcode/DerivedData/Chatlio-erkyzdeecsohoaggpwbjdvavzqfv/Build/Intermediates.noindex/DTCoreText.build/Debug-iphonesimulator/DTCoreText.build/Objects-normal/x86_64/NSCharacterSet+HTML.d --serialize-diagnostics /Users/aadityasingh/Library/Developer/Xcode/DerivedData/Chatlio-erkyzdeecsohoaggpwbjdvavzqfv/Build/Intermediates.noindex/DTCoreText.build/Debug-iphonesimulator/DTCoreText.build/Objects-normal/x86_64/NSCharacterSet+HTML.dia -c /Users/aadityasingh/Library/Developer/Xcode/DerivedData/Chatlio-erkyzdeecsohoaggpwbjdvavzqfv/SourcePackages/checkouts/DTCoreText/Core/Source/NSCharacterSet+HTML.m -o /Users/aadityasingh/Library/Developer/Xcode/DerivedData/Chatlio-erkyzdeecsohoaggpwbjdvavzqfv/Build/Intermediates.noindex/DTCoreText.build/Debug-iphonesimulator/DTCoreText.build/Objects-normal/x86_64/NSCharacterSet+HTML.o -index-unit-output-path /DTCoreText.build/Debug-iphonesimulator/DTCoreText.build/Objects-normal/x86_64/NSCharacterSet+HTML.o

ScanDependencies /Users/aadityasingh/Library/Developer/Xcode/DerivedData/Chatlio-erkyzdeecsohoaggpwbjdvavzqfv/Build/Intermediates.noindex/DTCoreText.build/Debug-iphonesimulator/DTCoreText.build/Objects-normal/x86_64/NSAttributedStringRunDelegates.o /Users/aadityasingh/Library/Developer/Xcode/DerivedData/Chatlio-erkyzdeecsohoaggpwbjdvavzqfv/SourcePackages/checkouts/DTCoreText/Core/Source/NSAttributedStringRunDelegates.m normal x86_64 objective-c com.apple.compilers.llvm.clang.1_0.compiler (in target 'DTCoreText' from project 'DTCoreText')
    cd /Users/aadityasingh/Documents/Development/element-x-ios/Chatlio.xcodeproj
    
    Using response file: /Users/aadityasingh/Library/Developer/Xcode/DerivedData/Chatlio-erkyzdeecsohoaggpwbjdvavzqfv/Build/Intermediates.noindex/DTCoreText.build/Debug-iphonesimulator/DTCoreText.build/Objects-normal/x86_64/e6072d4f65d7061329687fe24e3d63a7-common-args.resp
    
    builtin-ScanDependencies -o /Users/aadityasingh/Library/Developer/Xcode/DerivedData/Chatlio-erkyzdeecsohoaggpwbjdvavzqfv/Build/Intermediates.noindex/DTCoreText.build/Debug-iphonesimulator/DTCoreText.build/Objects-normal/x86_64/NSAttributedStringRunDelegates.o.scan -- /Applications/Xcode.app/Contents/Developer/Toolchains/XcodeDefault.xctoolchain/usr/bin/clang -x objective-c -ivfsstatcache /Users/aadityasingh/Library/Developer/Xcode/DerivedData/SDKStatCaches.noindex/iphonesimulator26.4-23E252-686eebb5dc1d8ecb277353a59184f4aa.sdkstatcache -target x86_64-apple-ios12.0-simulator -fmessage-length\=0 -fdiagnostics-show-note-include-stack -fmacro-backtrace-limit\=0 -fno-color-diagnostics -fmodules-prune-interval\=86400 -fmodules-prune-after\=345600 -fbuild-session-file\=/Users/aadityasingh/Library/Developer/Xcode/DerivedData/ModuleCache.noindex/Session.modulevalidation -fmodules-validate-once-per-build-session -Wnon-modular-include-in-framework-module -Werror\=non-modular-include-in-framework-module -Wno-trigraphs -Wno-missing-field-initializers -Wno-missing-prototypes -Wno-return-type -Wno-implicit-atomic-properties -Wno-objc-interface-ivars -Wno-arc-repeated-use-of-weak -Wno-missing-braces -Wparentheses -Wswitch -Wno-unused-function -Wno-unused-label -Wno-unused-parameter -Wno-unused-variable -Wunused-value -Wno-empty-body -Wno-uninitialized -Wno-unknown-pragmas -w -Wno-shadow -Wno-four-char-constants -Wno-conversion -Wno-constant-conversion -Wno-int-conversion -Wno-bool-conversion -Wno-enum-conversion -Wno-float-conversion -Wno-non-literal-null-conversion -Wno-objc-literal-conversion -Wshorten-64-to-32 -Wpointer-sign -Wno-newline-eof -Wno-selector -Wno-strict-selector-match -Wno-undeclared-selector -Wno-deprecated-implementations -Wno-implicit-fallthrough -isysroot /Applications/Xcode.app/Contents/Developer/Platforms/iPhoneSimulator.platform/Developer/SDKs/iPhoneSimulator26.4.sdk -fstrict-aliasing -Wprotocol -Wdeprecated-declarations -Wno-sign-conversion -Wno-infinite-recursion -Wno-comma -Wno-block-capture-autoreleasing -Wno-strict-prototypes -Wno-semicolon-before-method-body -index-store-path /Users/aadityasingh/Library/Developer/Xcode/DerivedData/Chatlio-erkyzdeecsohoaggpwbjdvavzqfv/Index.noindex/DataStore @/Users/aadityasingh/Library/Developer/Xcode/DerivedData/Chatlio-erkyzdeecsohoaggpwbjdvavzqfv/Build/Intermediates.noindex/DTCoreText.build/Debug-iphonesimulator/DTCoreText.build/Objects-normal/x86_64/e6072d4f65d7061329687fe24e3d63a7-common-args.resp -include /Users/aadityasingh/Library/Developer/Xcode/DerivedData/Chatlio-erkyzdeecsohoaggpwbjdvavzqfv/Build/Intermediates.noindex/DTCoreText.build/Debug-iphonesimulator/DTCoreText.build/DerivedSources/resource_bundle_accessor.h -MMD -MT dependencies -MF /Users/aadityasingh/Library/Developer/Xcode/DerivedData/Chatlio-erkyzdeecsohoaggpwbjdvavzqfv/Build/Intermediates.noindex/DTCoreText.build/Debug-iphonesimulator/DTCoreText.build/Objects-normal/x86_64/NSAttributedStringRunDelegates.d --serialize-diagnostics /Users/aadityasingh/Library/Developer/Xcode/DerivedData/Chatlio-erkyzdeecsohoaggpwbjdvavzqfv/Build/Intermediates.noindex/DTCoreText.build/Debug-iphonesimulator/DTCoreText.build/Objects-normal/x86_64/NSAttributedStringRunDelegates.dia -c /Users/aadityasingh/Library/Developer/Xcode/DerivedData/Chatlio-erkyzdeecsohoaggpwbjdvavzqfv/SourcePackages/checkouts/DTCoreText/Core/Source/NSAttributedStringRunDelegates.m -o /Users/aadityasingh/Library/Developer/Xcode/DerivedData/Chatlio-erkyzdeecsohoaggpwbjdvavzqfv/Build/Intermediates.noindex/DTCoreText.build/Debug-iphonesimulator/DTCoreText.build/Objects-normal/x86_64/NSAttributedStringRunDelegates.o -index-unit-output-path /DTCoreText.build/Debug-iphonesimulator/DTCoreText.build/Objects-normal/x86_64/NSAttributedStringRunDelegates.o

ScanDependencies /Users/aadityasingh/Library/Developer/Xcode/DerivedData/Chatlio-erkyzdeecsohoaggpwbjdvavzqfv/Build/Intermediates.noindex/DTCoreText.build/Debug-iphonesimulator/DTCoreText.build/Objects-normal/x86_64/NSAttributedString+SmallCaps.o /Users/aadityasingh/Library/Developer/Xcode/DerivedData/Chatlio-erkyzdeecsohoaggpwbjdvavzqfv/SourcePackages/checkouts/DTCoreText/Core/Source/NSAttributedString+SmallCaps.m normal x86_64 objective-c com.apple.compilers.llvm.clang.1_0.compiler (in target 'DTCoreText' from project 'DTCoreText')
    cd /Users/aadityasingh/Documents/Development/element-x-ios/Chatlio.xcodeproj
    
    Using response file: /Users/aadityasingh/Library/Developer/Xcode/DerivedData/Chatlio-erkyzdeecsohoaggpwbjdvavzqfv/Build/Intermediates.noindex/DTCoreText.build/Debug-iphonesimulator/DTCoreText.build/Objects-normal/x86_64/e6072d4f65d7061329687fe24e3d63a7-common-args.resp
    
    builtin-ScanDependencies -o /Users/aadityasingh/Library/Developer/Xcode/DerivedData/Chatlio-erkyzdeecsohoaggpwbjdvavzqfv/Build/Intermediates.noindex/DTCoreText.build/Debug-iphonesimulator/DTCoreText.build/Objects-normal/x86_64/NSAttributedString+SmallCaps.o.scan -- /Applications/Xcode.app/Contents/Developer/Toolchains/XcodeDefault.xctoolchain/usr/bin/clang -x objective-c -ivfsstatcache /Users/aadityasingh/Library/Developer/Xcode/DerivedData/SDKStatCaches.noindex/iphonesimulator26.4-23E252-686eebb5dc1d8ecb277353a59184f4aa.sdkstatcache -target x86_64-apple-ios12.0-simulator -fmessage-length\=0 -fdiagnostics-show-note-include-stack -fmacro-backtrace-limit\=0 -fno-color-diagnostics -fmodules-prune-interval\=86400 -fmodules-prune-after\=345600 -fbuild-session-file\=/Users/aadityasingh/Library/Developer/Xcode/DerivedData/ModuleCache.noindex/Session.modulevalidation -fmodules-validate-once-per-build-session -Wnon-modular-include-in-framework-module -Werror\=non-modular-include-in-framework-module -Wno-trigraphs -Wno-missing-field-initializers -Wno-missing-prototypes -Wno-return-type -Wno-implicit-atomic-properties -Wno-objc-interface-ivars -Wno-arc-repeated-use-of-weak -Wno-missing-braces -Wparentheses -Wswitch -Wno-unused-function -Wno-unused-label -Wno-unused-parameter -Wno-unused-variable -Wunused-value -Wno-empty-body -Wno-uninitialized -Wno-unknown-pragmas -w -Wno-shadow -Wno-four-char-constants -Wno-conversion -Wno-constant-conversion -Wno-int-conversion -Wno-bool-conversion -Wno-enum-conversion -Wno-float-conversion -Wno-non-literal-null-conversion -Wno-objc-literal-conversion -Wshorten-64-to-32 -Wpointer-sign -Wno-newline-eof -Wno-selector -Wno-strict-selector-match -Wno-undeclared-selector -Wno-deprecated-implementations -Wno-implicit-fallthrough -isysroot /Applications/Xcode.app/Contents/Developer/Platforms/iPhoneSimulator.platform/Developer/SDKs/iPhoneSimulator26.4.sdk -fstrict-aliasing -Wprotocol -Wdeprecated-declarations -Wno-sign-conversion -Wno-infinite-recursion -Wno-comma -Wno-block-capture-autoreleasing -Wno-strict-prototypes -Wno-semicolon-before-method-body -index-store-path /Users/aadityasingh/Library/Developer/Xcode/DerivedData/Chatlio-erkyzdeecsohoaggpwbjdvavzqfv/Index.noindex/DataStore @/Users/aadityasingh/Library/Developer/Xcode/DerivedData/Chatlio-erkyzdeecsohoaggpwbjdvavzqfv/Build/Intermediates.noindex/DTCoreText.build/Debug-iphonesimulator/DTCoreText.build/Objects-normal/x86_64/e6072d4f65d7061329687fe24e3d63a7-common-args.resp -include /Users/aadityasingh/Library/Developer/Xcode/DerivedData/Chatlio-erkyzdeecsohoaggpwbjdvavzqfv/Build/Intermediates.noindex/DTCoreText.build/Debug-iphonesimulator/DTCoreText.build/DerivedSources/resource_bundle_accessor.h -MMD -MT dependencies -MF /Users/aadityasingh/Library/Developer/Xcode/DerivedData/Chatlio-erkyzdeecsohoaggpwbjdvavzqfv/Build/Intermediates.noindex/DTCoreText.build/Debug-iphonesimulator/DTCoreText.build/Objects-normal/x86_64/NSAttributedString+SmallCaps.d --serialize-diagnostics /Users/aadityasingh/Library/Developer/Xcode/DerivedData/Chatlio-erkyzdeecsohoaggpwbjdvavzqfv/Build/Intermediates.noindex/DTCoreText.build/Debug-iphonesimulator/DTCoreText.build/Objects-normal/x86_64/NSAttributedString+SmallCaps.dia -c /Users/aadityasingh/Library/Developer/Xcode/DerivedData/Chatlio-erkyzdeecsohoaggpwbjdvavzqfv/SourcePackages/checkouts/DTCoreText/Core/Source/NSAttributedString+SmallCaps.m -o /Users/aadityasingh/Library/Developer/Xcode/DerivedData/Chatlio-erkyzdeecsohoaggpwbjdvavzqfv/Build/Intermediates.noindex/DTCoreText.build/Debug-iphonesimulator/DTCoreText.build/Objects-normal/x86_64/NSAttributedString+SmallCaps.o -index-unit-output-path /DTCoreText.build/Debug-iphonesimulator/DTCoreText.build/Objects-normal/x86_64/NSAttributedString+SmallCaps.o

PrecompileModule /Users/aadityasingh/Library/Developer/Xcode/DerivedData/Chatlio-erkyzdeecsohoaggpwbjdvavzqfv/Build/Intermediates.noindex/ExplicitPrecompiledModules/_Builtin_tgmath-5200H1HVELZ4LAMCEIH705W0K.scan
    cd /
    builtin-precompileModule /Users/aadityasingh/Library/Developer/Xcode/DerivedData/Chatlio-erkyzdeecsohoaggpwbjdvavzqfv/Build/Intermediates.noindex/ExplicitPrecompiledModules/_Builtin_tgmath-5200H1HVELZ4LAMCEIH705W0K.scan

PrecompileModule /Users/aadityasingh/Library/Developer/Xcode/DerivedData/Chatlio-erkyzdeecsohoaggpwbjdvavzqfv/Build/Intermediates.noindex/ExplicitPrecompiledModules/OpenGLES-7KQCET07CXB5QCL0RLDB3YNRH.scan
    cd /
    builtin-precompileModule /Users/aadityasingh/Library/Developer/Xcode/DerivedData/Chatlio-erkyzdeecsohoaggpwbjdvavzqfv/Build/Intermediates.noindex/ExplicitPrecompiledModules/OpenGLES-7KQCET07CXB5QCL0RLDB3YNRH.scan

PrecompileModule /Users/aadityasingh/Library/Developer/Xcode/DerivedData/Chatlio-erkyzdeecsohoaggpwbjdvavzqfv/Build/Intermediates.noindex/ExplicitPrecompiledModules/IOSurface-8IONYJTEEICXFS0L4W51YTITI.scan
    cd /
    builtin-precompileModule /Users/aadityasingh/Library/Developer/Xcode/DerivedData/Chatlio-erkyzdeecsohoaggpwbjdvavzqfv/Build/Intermediates.noindex/ExplicitPrecompiledModules/IOSurface-8IONYJTEEICXFS0L4W51YTITI.scan

PrecompileModule /Users/aadityasingh/Library/Developer/Xcode/DerivedData/Chatlio-erkyzdeecsohoaggpwbjdvavzqfv/Build/Intermediates.noindex/ExplicitPrecompiledModules/UIUtilities-3JEE4CU3MYEZGQB7A0NC14AJH.scan
    cd /
    builtin-precompileModule /Users/aadityasingh/Library/Developer/Xcode/DerivedData/Chatlio-erkyzdeecsohoaggpwbjdvavzqfv/Build/Intermediates.noindex/ExplicitPrecompiledModules/UIUtilities-3JEE4CU3MYEZGQB7A0NC14AJH.scan

PrecompileModule /Users/aadityasingh/Library/Developer/Xcode/DerivedData/Chatlio-erkyzdeecsohoaggpwbjdvavzqfv/Build/Intermediates.noindex/ExplicitPrecompiledModules/CoreGraphics-8AKC1UQVXE5XBEOTCXLEHLX60.scan
    cd /
    builtin-precompileModule /Users/aadityasingh/Library/Developer/Xcode/DerivedData/Chatlio-erkyzdeecsohoaggpwbjdvavzqfv/Build/Intermediates.noindex/ExplicitPrecompiledModules/CoreGraphics-8AKC1UQVXE5XBEOTCXLEHLX60.scan

PrecompileModule /Users/aadityasingh/Library/Developer/Xcode/DerivedData/Chatlio-erkyzdeecsohoaggpwbjdvavzqfv/Build/Intermediates.noindex/ExplicitPrecompiledModules/Symbols-1GUNGML3XLMTNXAW1O9A1USOY.scan
    cd /
    builtin-precompileModule /Users/aadityasingh/Library/Developer/Xcode/DerivedData/Chatlio-erkyzdeecsohoaggpwbjdvavzqfv/Build/Intermediates.noindex/ExplicitPrecompiledModules/Symbols-1GUNGML3XLMTNXAW1O9A1USOY.scan

PrecompileModule /Users/aadityasingh/Library/Developer/Xcode/DerivedData/Chatlio-erkyzdeecsohoaggpwbjdvavzqfv/Build/Intermediates.noindex/ExplicitPrecompiledModules/UserNotifications-14OKEH92FHSBV9BDDWBJTGI5S.scan
    cd /
    builtin-precompileModule /Users/aadityasingh/Library/Developer/Xcode/DerivedData/Chatlio-erkyzdeecsohoaggpwbjdvavzqfv/Build/Intermediates.noindex/ExplicitPrecompiledModules/UserNotifications-14OKEH92FHSBV9BDDWBJTGI5S.scan

PrecompileModule /Users/aadityasingh/Library/Developer/Xcode/DerivedData/Chatlio-erkyzdeecsohoaggpwbjdvavzqfv/Build/Intermediates.noindex/ExplicitPrecompiledModules/_Builtin_stdarg-7LNRNMCU7E7FTO50OMK0YPXBT.scan
    cd /
    builtin-precompileModule /Users/aadityasingh/Library/Developer/Xcode/DerivedData/Chatlio-erkyzdeecsohoaggpwbjdvavzqfv/Build/Intermediates.noindex/ExplicitPrecompiledModules/_Builtin_stdarg-7LNRNMCU7E7FTO50OMK0YPXBT.scan

PrecompileModule /Users/aadityasingh/Library/Developer/Xcode/DerivedData/Chatlio-erkyzdeecsohoaggpwbjdvavzqfv/Build/Intermediates.noindex/ExplicitPrecompiledModules/CoreServices-59LX1ZGI94NRDPICX29AU09J4.scan
    cd /
    builtin-precompileModule /Users/aadityasingh/Library/Developer/Xcode/DerivedData/Chatlio-erkyzdeecsohoaggpwbjdvavzqfv/Build/Intermediates.noindex/ExplicitPrecompiledModules/CoreServices-59LX1ZGI94NRDPICX29AU09J4.scan

PrecompileModule /Users/aadityasingh/Library/Developer/Xcode/DerivedData/Chatlio-erkyzdeecsohoaggpwbjdvavzqfv/Build/Intermediates.noindex/ExplicitPrecompiledModules/ptrauth-CK8DOKE9NT3HKBGAWXL7AVXZN.scan
    cd /
    builtin-precompileModule /Users/aadityasingh/Library/Developer/Xcode/DerivedData/Chatlio-erkyzdeecsohoaggpwbjdvavzqfv/Build/Intermediates.noindex/ExplicitPrecompiledModules/ptrauth-CK8DOKE9NT3HKBGAWXL7AVXZN.scan

PrecompileModule /Users/aadityasingh/Library/Developer/Xcode/DerivedData/Chatlio-erkyzdeecsohoaggpwbjdvavzqfv/Build/Intermediates.noindex/ExplicitPrecompiledModules/_AvailabilityInternal-3A0F6G6EJIQC4FI102Y83I1CS.scan
    cd /
    builtin-precompileModule /Users/aadityasingh/Library/Developer/Xcode/DerivedData/Chatlio-erkyzdeecsohoaggpwbjdvavzqfv/Build/Intermediates.noindex/ExplicitPrecompiledModules/_AvailabilityInternal-3A0F6G6EJIQC4FI102Y83I1CS.scan

PrecompileModule /Users/aadityasingh/Library/Developer/Xcode/DerivedData/Chatlio-erkyzdeecsohoaggpwbjdvavzqfv/Build/Intermediates.noindex/ExplicitPrecompiledModules/Security-E3TO702MFOICNVOZTNH9JXYT4.scan
    cd /
    builtin-precompileModule /Users/aadityasingh/Library/Developer/Xcode/DerivedData/Chatlio-erkyzdeecsohoaggpwbjdvavzqfv/Build/Intermediates.noindex/ExplicitPrecompiledModules/Security-E3TO702MFOICNVOZTNH9JXYT4.scan

PrecompileModule /Users/aadityasingh/Library/Developer/Xcode/DerivedData/Chatlio-erkyzdeecsohoaggpwbjdvavzqfv/Build/Intermediates.noindex/ExplicitPrecompiledModules/Metal-58Y31UXMCI29CF876U1L25YAC.scan
    cd /
    builtin-precompileModule /Users/aadityasingh/Library/Developer/Xcode/DerivedData/Chatlio-erkyzdeecsohoaggpwbjdvavzqfv/Build/Intermediates.noindex/ExplicitPrecompiledModules/Metal-58Y31UXMCI29CF876U1L25YAC.scan

PrecompileModule /Users/aadityasingh/Library/Developer/Xcode/DerivedData/Chatlio-erkyzdeecsohoaggpwbjdvavzqfv/Build/Intermediates.noindex/ExplicitPrecompiledModules/_Builtin_stddef-4RHDYGMPHT9E8L7JVEFMESTED.scan
    cd /
    builtin-precompileModule /Users/aadityasingh/Library/Developer/Xcode/DerivedData/Chatlio-erkyzdeecsohoaggpwbjdvavzqfv/Build/Intermediates.noindex/ExplicitPrecompiledModules/_Builtin_stddef-4RHDYGMPHT9E8L7JVEFMESTED.scan

PrecompileModule /Users/aadityasingh/Library/Developer/Xcode/DerivedData/Chatlio-erkyzdeecsohoaggpwbjdvavzqfv/Build/Intermediates.noindex/ExplicitPrecompiledModules/CFNetwork-4CU2HD1N0H7BPZ5PQ3PXBNM6F.scan
    cd /
    builtin-precompileModule /Users/aadityasingh/Library/Developer/Xcode/DerivedData/Chatlio-erkyzdeecsohoaggpwbjdvavzqfv/Build/Intermediates.noindex/ExplicitPrecompiledModules/CFNetwork-4CU2HD1N0H7BPZ5PQ3PXBNM6F.scan

PrecompileModule /Users/aadityasingh/Library/Developer/Xcode/DerivedData/Chatlio-erkyzdeecsohoaggpwbjdvavzqfv/Build/Intermediates.noindex/ExplicitPrecompiledModules/_Builtin_stdbool-F0HDSHSGNH7Q45EAUGHMW6LX0.scan
    cd /
    builtin-precompileModule /Users/aadityasingh/Library/Developer/Xcode/DerivedData/Chatlio-erkyzdeecsohoaggpwbjdvavzqfv/Build/Intermediates.noindex/ExplicitPrecompiledModules/_Builtin_stdbool-F0HDSHSGNH7Q45EAUGHMW6LX0.scan

PrecompileModule /Users/aadityasingh/Library/Developer/Xcode/DerivedData/Chatlio-erkyzdeecsohoaggpwbjdvavzqfv/Build/Intermediates.noindex/ExplicitPrecompiledModules/SystemConfiguration-74KR17PR4W90O7THTM6MHLY8I.scan
    cd /
    builtin-precompileModule /Users/aadityasingh/Library/Developer/Xcode/DerivedData/Chatlio-erkyzdeecsohoaggpwbjdvavzqfv/Build/Intermediates.noindex/ExplicitPrecompiledModules/SystemConfiguration-74KR17PR4W90O7THTM6MHLY8I.scan

PrecompileModule /Users/aadityasingh/Library/Developer/Xcode/DerivedData/Chatlio-erkyzdeecsohoaggpwbjdvavzqfv/Build/Intermediates.noindex/ExplicitPrecompiledModules/_Builtin_float-37Z5W7BGT9855ZW0U51Z03EI9.scan
    cd /
    builtin-precompileModule /Users/aadityasingh/Library/Developer/Xcode/DerivedData/Chatlio-erkyzdeecsohoaggpwbjdvavzqfv/Build/Intermediates.noindex/ExplicitPrecompiledModules/_Builtin_float-37Z5W7BGT9855ZW0U51Z03EI9.scan

PrecompileModule /Users/aadityasingh/Library/Developer/Xcode/DerivedData/Chatlio-erkyzdeecsohoaggpwbjdvavzqfv/Build/Intermediates.noindex/ExplicitPrecompiledModules/_Builtin_stddef-6HP55U5RIMOJKQW4IVUEUEAFO.scan
    cd /
    builtin-precompileModule /Users/aadityasingh/Library/Developer/Xcode/DerivedData/Chatlio-erkyzdeecsohoaggpwbjdvavzqfv/Build/Intermediates.noindex/ExplicitPrecompiledModules/_Builtin_stddef-6HP55U5RIMOJKQW4IVUEUEAFO.scan

PrecompileModule /Users/aadityasingh/Library/Developer/Xcode/DerivedData/Chatlio-erkyzdeecsohoaggpwbjdvavzqfv/Build/Intermediates.noindex/ExplicitPrecompiledModules/ptrauth-4NKOH1AOSSI97NHTJ46QFGF4N.scan
    cd /
    builtin-precompileModule /Users/aadityasingh/Library/Developer/Xcode/DerivedData/Chatlio-erkyzdeecsohoaggpwbjdvavzqfv/Build/Intermediates.noindex/ExplicitPrecompiledModules/ptrauth-4NKOH1AOSSI97NHTJ46QFGF4N.scan

PrecompileModule /Users/aadityasingh/Library/Developer/Xcode/DerivedData/Chatlio-erkyzdeecsohoaggpwbjdvavzqfv/Build/Intermediates.noindex/ExplicitPrecompiledModules/_Builtin_stdbool-4PAKRP2YFAPKBKPO1FFPRHMHW.scan
    cd /
    builtin-precompileModule /Users/aadityasingh/Library/Developer/Xcode/DerivedData/Chatlio-erkyzdeecsohoaggpwbjdvavzqfv/Build/Intermediates.noindex/ExplicitPrecompiledModules/_Builtin_stdbool-4PAKRP2YFAPKBKPO1FFPRHMHW.scan

PrecompileModule /Users/aadityasingh/Library/Developer/Xcode/DerivedData/Chatlio-erkyzdeecsohoaggpwbjdvavzqfv/Build/Intermediates.noindex/ExplicitPrecompiledModules/CoreText-U9UVFGOVS63NP2M5B99NUQYP.scan
    cd /
    builtin-precompileModule /Users/aadityasingh/Library/Developer/Xcode/DerivedData/Chatlio-erkyzdeecsohoaggpwbjdvavzqfv/Build/Intermediates.noindex/ExplicitPrecompiledModules/CoreText-U9UVFGOVS63NP2M5B99NUQYP.scan

PrecompileModule /Users/aadityasingh/Library/Developer/Xcode/DerivedData/Chatlio-erkyzdeecsohoaggpwbjdvavzqfv/Build/Intermediates.noindex/ExplicitPrecompiledModules/_AvailabilityInternal-79YV4ZLJO240Y1CZT6W565X4H.scan
    cd /
    builtin-precompileModule /Users/aadityasingh/Library/Developer/Xcode/DerivedData/Chatlio-erkyzdeecsohoaggpwbjdvavzqfv/Build/Intermediates.noindex/ExplicitPrecompiledModules/_AvailabilityInternal-79YV4ZLJO240Y1CZT6W565X4H.scan

PrecompileModule /Users/aadityasingh/Library/Developer/Xcode/DerivedData/Chatlio-erkyzdeecsohoaggpwbjdvavzqfv/Build/Intermediates.noindex/ExplicitPrecompiledModules/MobileCoreServices-EF911FHQ0TMBTA7FYFM8FOEW9.scan
    cd /
    builtin-precompileModule /Users/aadityasingh/Library/Developer/Xcode/DerivedData/Chatlio-erkyzdeecsohoaggpwbjdvavzqfv/Build/Intermediates.noindex/ExplicitPrecompiledModules/MobileCoreServices-EF911FHQ0TMBTA7FYFM8FOEW9.scan

PrecompileModule /Users/aadityasingh/Library/Developer/Xcode/DerivedData/Chatlio-erkyzdeecsohoaggpwbjdvavzqfv/Build/Intermediates.noindex/ExplicitPrecompiledModules/SystemConfiguration-C6QH8QNKVCWK4QNGTN9T5HC3T.scan
    cd /
    builtin-precompileModule /Users/aadityasingh/Library/Developer/Xcode/DerivedData/Chatlio-erkyzdeecsohoaggpwbjdvavzqfv/Build/Intermediates.noindex/ExplicitPrecompiledModules/SystemConfiguration-C6QH8QNKVCWK4QNGTN9T5HC3T.scan

PrecompileModule /Users/aadityasingh/Library/Developer/Xcode/DerivedData/Chatlio-erkyzdeecsohoaggpwbjdvavzqfv/Build/Intermediates.noindex/ExplicitPrecompiledModules/ptrcheck-CJ2WGEWXX2G2ZOO007I8VLA6S.scan
    cd /
    builtin-precompileModule /Users/aadityasingh/Library/Developer/Xcode/DerivedData/Chatlio-erkyzdeecsohoaggpwbjdvavzqfv/Build/Intermediates.noindex/ExplicitPrecompiledModules/ptrcheck-CJ2WGEWXX2G2ZOO007I8VLA6S.scan

PrecompileModule /Users/aadityasingh/Library/Developer/Xcode/DerivedData/Chatlio-erkyzdeecsohoaggpwbjdvavzqfv/Build/Intermediates.noindex/ExplicitPrecompiledModules/SQLite3-9WIVKD0ZTGEOX81KVRGQSUPCB.scan
    cd /
    builtin-precompileModule /Users/aadityasingh/Library/Developer/Xcode/DerivedData/Chatlio-erkyzdeecsohoaggpwbjdvavzqfv/Build/Intermediates.noindex/ExplicitPrecompiledModules/SQLite3-9WIVKD0ZTGEOX81KVRGQSUPCB.scan

PrecompileModule /Users/aadityasingh/Library/Developer/Xcode/DerivedData/Chatlio-erkyzdeecsohoaggpwbjdvavzqfv/Build/Intermediates.noindex/ExplicitPrecompiledModules/_Builtin_stdarg-96JKRGO0GDETR9QEWCGA5QYZT.scan
    cd /
    builtin-precompileModule /Users/aadityasingh/Library/Developer/Xcode/DerivedData/Chatlio-erkyzdeecsohoaggpwbjdvavzqfv/Build/Intermediates.noindex/ExplicitPrecompiledModules/_Builtin_stdarg-96JKRGO0GDETR9QEWCGA5QYZT.scan

PrecompileModule /Users/aadityasingh/Library/Developer/Xcode/DerivedData/Chatlio-erkyzdeecsohoaggpwbjdvavzqfv/Build/Intermediates.noindex/ExplicitPrecompiledModules/Foundation-EHXF5UVXHD1D09JSECZZ5XGWZ.scan
    cd /
    builtin-precompileModule /Users/aadityasingh/Library/Developer/Xcode/DerivedData/Chatlio-erkyzdeecsohoaggpwbjdvavzqfv/Build/Intermediates.noindex/ExplicitPrecompiledModules/Foundation-EHXF5UVXHD1D09JSECZZ5XGWZ.scan

PrecompileModule /Users/aadityasingh/Library/Developer/Xcode/DerivedData/Chatlio-erkyzdeecsohoaggpwbjdvavzqfv/Build/Intermediates.noindex/ExplicitPrecompiledModules/_DarwinFoundation1-9EV8454E2GLWLV6PYA0UI1P5J.scan
    cd /
    builtin-precompileModule /Users/aadityasingh/Library/Developer/Xcode/DerivedData/Chatlio-erkyzdeecsohoaggpwbjdvavzqfv/Build/Intermediates.noindex/ExplicitPrecompiledModules/_DarwinFoundation1-9EV8454E2GLWLV6PYA0UI1P5J.scan

PrecompileModule /Users/aadityasingh/Library/Developer/Xcode/DerivedData/Chatlio-erkyzdeecsohoaggpwbjdvavzqfv/Build/Intermediates.noindex/ExplicitPrecompiledModules/FileProvider-748MJ3QADHVRJ2HSUIVKKH695.scan
    cd /
    builtin-precompileModule /Users/aadityasingh/Library/Developer/Xcode/DerivedData/Chatlio-erkyzdeecsohoaggpwbjdvavzqfv/Build/Intermediates.noindex/ExplicitPrecompiledModules/FileProvider-748MJ3QADHVRJ2HSUIVKKH695.scan

PrecompileModule /Users/aadityasingh/Library/Developer/Xcode/DerivedData/Chatlio-erkyzdeecsohoaggpwbjdvavzqfv/Build/Intermediates.noindex/ExplicitPrecompiledModules/ptrcheck-56MT8S39S4TCNTZ6K1H8ZB2CD.scan
    cd /
    builtin-precompileModule /Users/aadityasingh/Library/Developer/Xcode/DerivedData/Chatlio-erkyzdeecsohoaggpwbjdvavzqfv/Build/Intermediates.noindex/ExplicitPrecompiledModules/ptrcheck-56MT8S39S4TCNTZ6K1H8ZB2CD.scan

PrecompileModule /Users/aadityasingh/Library/Developer/Xcode/DerivedData/Chatlio-erkyzdeecsohoaggpwbjdvavzqfv/Build/Intermediates.noindex/ExplicitPrecompiledModules/CoreGraphics-2EM8JCKWYP0YY91S9U7FISDKQ.scan
    cd /
    builtin-precompileModule /Users/aadityasingh/Library/Developer/Xcode/DerivedData/Chatlio-erkyzdeecsohoaggpwbjdvavzqfv/Build/Intermediates.noindex/ExplicitPrecompiledModules/CoreGraphics-2EM8JCKWYP0YY91S9U7FISDKQ.scan

PrecompileModule /Users/aadityasingh/Library/Developer/Xcode/DerivedData/Chatlio-erkyzdeecsohoaggpwbjdvavzqfv/Build/Intermediates.noindex/ExplicitPrecompiledModules/ImageIO-71O1B4XZ0XVXAZ3HNA0BCYZ98.scan
    cd /
    builtin-precompileModule /Users/aadityasingh/Library/Developer/Xcode/DerivedData/Chatlio-erkyzdeecsohoaggpwbjdvavzqfv/Build/Intermediates.noindex/ExplicitPrecompiledModules/ImageIO-71O1B4XZ0XVXAZ3HNA0BCYZ98.scan

PrecompileModule /Users/aadityasingh/Library/Developer/Xcode/DerivedData/Chatlio-erkyzdeecsohoaggpwbjdvavzqfv/Build/Intermediates.noindex/ExplicitPrecompiledModules/_Builtin_float-2KW6H8D78LNH4AYUBI4UVFK2K.scan
    cd /
    builtin-precompileModule /Users/aadityasingh/Library/Developer/Xcode/DerivedData/Chatlio-erkyzdeecsohoaggpwbjdvavzqfv/Build/Intermediates.noindex/ExplicitPrecompiledModules/_Builtin_float-2KW6H8D78LNH4AYUBI4UVFK2K.scan

ScanDependencies /Users/aadityasingh/Library/Developer/Xcode/DerivedData/Chatlio-erkyzdeecsohoaggpwbjdvavzqfv/Build/Intermediates.noindex/DTCoreText.build/Debug-iphonesimulator/DTCoreText.build/Objects-normal/x86_64/NSAttributedString+HTML.o /Users/aadityasingh/Library/Developer/Xcode/DerivedData/Chatlio-erkyzdeecsohoaggpwbjdvavzqfv/SourcePackages/checkouts/DTCoreText/Core/Source/NSAttributedString+HTML.m normal x86_64 objective-c com.apple.compilers.llvm.clang.1_0.compiler (in target 'DTCoreText' from project 'DTCoreText')
    cd /Users/aadityasingh/Documents/Development/element-x-ios/Chatlio.xcodeproj
    
    Using response file: /Users/aadityasingh/Library/Developer/Xcode/DerivedData/Chatlio-erkyzdeecsohoaggpwbjdvavzqfv/Build/Intermediates.noindex/DTCoreText.build/Debug-iphonesimulator/DTCoreText.build/Objects-normal/x86_64/e6072d4f65d7061329687fe24e3d63a7-common-args.resp
    
    builtin-ScanDependencies -o /Users/aadityasingh/Library/Developer/Xcode/DerivedData/Chatlio-erkyzdeecsohoaggpwbjdvavzqfv/Build/Intermediates.noindex/DTCoreText.build/Debug-iphonesimulator/DTCoreText.build/Objects-normal/x86_64/NSAttributedString+HTML.o.scan -- /Applications/Xcode.app/Contents/Developer/Toolchains/XcodeDefault.xctoolchain/usr/bin/clang -x objective-c -ivfsstatcache /Users/aadityasingh/Library/Developer/Xcode/DerivedData/SDKStatCaches.noindex/iphonesimulator26.4-23E252-686eebb5dc1d8ecb277353a59184f4aa.sdkstatcache -target x86_64-apple-ios12.0-simulator -fmessage-length\=0 -fdiagnostics-show-note-include-stack -fmacro-backtrace-limit\=0 -fno-color-diagnostics -fmodules-prune-interval\=86400 -fmodules-prune-after\=345600 -fbuild-session-file\=/Users/aadityasingh/Library/Developer/Xcode/DerivedData/ModuleCache.noindex/Session.modulevalidation -fmodules-validate-once-per-build-session -Wnon-modular-include-in-framework-module -Werror\=non-modular-include-in-framework-module -Wno-trigraphs -Wno-missing-field-initializers -Wno-missing-prototypes -Wno-return-type -Wno-implicit-atomic-properties -Wno-objc-interface-ivars -Wno-arc-repeated-use-of-weak -Wno-missing-braces -Wparentheses -Wswitch -Wno-unused-function -Wno-unused-label -Wno-unused-parameter -Wno-unused-variable -Wunused-value -Wno-empty-body -Wno-uninitialized -Wno-unknown-pragmas -w -Wno-shadow -Wno-four-char-constants -Wno-conversion -Wno-constant-conversion -Wno-int-conversion -Wno-bool-conversion -Wno-enum-conversion -Wno-float-conversion -Wno-non-literal-null-conversion -Wno-objc-literal-conversion -Wshorten-64-to-32 -Wpointer-sign -Wno-newline-eof -Wno-selector -Wno-strict-selector-match -Wno-undeclared-selector -Wno-deprecated-implementations -Wno-implicit-fallthrough -isysroot /Applications/Xcode.app/Contents/Developer/Platforms/iPhoneSimulator.platform/Developer/SDKs/iPhoneSimulator26.4.sdk -fstrict-aliasing -Wprotocol -Wdeprecated-declarations -Wno-sign-conversion -Wno-infinite-recursion -Wno-comma -Wno-block-capture-autoreleasing -Wno-strict-prototypes -Wno-semicolon-before-method-body -index-store-path /Users/aadityasingh/Library/Developer/Xcode/DerivedData/Chatlio-erkyzdeecsohoaggpwbjdvavzqfv/Index.noindex/DataStore @/Users/aadityasingh/Library/Developer/Xcode/DerivedData/Chatlio-erkyzdeecsohoaggpwbjdvavzqfv/Build/Intermediates.noindex/DTCoreText.build/Debug-iphonesimulator/DTCoreText.build/Objects-normal/x86_64/e6072d4f65d7061329687fe24e3d63a7-common-args.resp -include /Users/aadityasingh/Library/Developer/Xcode/DerivedData/Chatlio-erkyzdeecsohoaggpwbjdvavzqfv/Build/Intermediates.noindex/DTCoreText.build/Debug-iphonesimulator/DTCoreText.build/DerivedSources/resource_bundle_accessor.h -MMD -MT dependencies -MF /Users/aadityasingh/Library/Developer/Xcode/DerivedData/Chatlio-erkyzdeecsohoaggpwbjdvavzqfv/Build/Intermediates.noindex/DTCoreText.build/Debug-iphonesimulator/DTCoreText.build/Objects-normal/x86_64/NSAttributedString+HTML.d --serialize-diagnostics /Users/aadityasingh/Library/Developer/Xcode/DerivedData/Chatlio-erkyzdeecsohoaggpwbjdvavzqfv/Build/Intermediates.noindex/DTCoreText.build/Debug-iphonesimulator/DTCoreText.build/Objects-normal/x86_64/NSAttributedString+HTML.dia -c /Users/aadityasingh/Library/Developer/Xcode/DerivedData/Chatlio-erkyzdeecsohoaggpwbjdvavzqfv/SourcePackages/checkouts/DTCoreText/Core/Source/NSAttributedString+HTML.m -o /Users/aadityasingh/Library/Developer/Xcode/DerivedData/Chatlio-erkyzdeecsohoaggpwbjdvavzqfv/Build/Intermediates.noindex/DTCoreText.build/Debug-iphonesimulator/DTCoreText.build/Objects-normal/x86_64/NSAttributedString+HTML.o -index-unit-output-path /DTCoreText.build/Debug-iphonesimulator/DTCoreText.build/Objects-normal/x86_64/NSAttributedString+HTML.o

ScanDependencies /Users/aadityasingh/Library/Developer/Xcode/DerivedData/Chatlio-erkyzdeecsohoaggpwbjdvavzqfv/Build/Intermediates.noindex/DTCoreText.build/Debug-iphonesimulator/DTCoreText.build/Objects-normal/x86_64/NSAttributedString+DTDebug.o /Users/aadityasingh/Library/Developer/Xcode/DerivedData/Chatlio-erkyzdeecsohoaggpwbjdvavzqfv/SourcePackages/checkouts/DTCoreText/Core/Source/NSAttributedString+DTDebug.m normal x86_64 objective-c com.apple.compilers.llvm.clang.1_0.compiler (in target 'DTCoreText' from project 'DTCoreText')
    cd /Users/aadityasingh/Documents/Development/element-x-ios/Chatlio.xcodeproj
    
    Using response file: /Users/aadityasingh/Library/Developer/Xcode/DerivedData/Chatlio-erkyzdeecsohoaggpwbjdvavzqfv/Build/Intermediates.noindex/DTCoreText.build/Debug-iphonesimulator/DTCoreText.build/Objects-normal/x86_64/e6072d4f65d7061329687fe24e3d63a7-common-args.resp
    
    builtin-ScanDependencies -o /Users/aadityasingh/Library/Developer/Xcode/DerivedData/Chatlio-erkyzdeecsohoaggpwbjdvavzqfv/Build/Intermediates.noindex/DTCoreText.build/Debug-iphonesimulator/DTCoreText.build/Objects-normal/x86_64/NSAttributedString+DTDebug.o.scan -- /Applications/Xcode.app/Contents/Developer/Toolchains/XcodeDefault.xctoolchain/usr/bin/clang -x objective-c -ivfsstatcache /Users/aadityasingh/Library/Developer/Xcode/DerivedData/SDKStatCaches.noindex/iphonesimulator26.4-23E252-686eebb5dc1d8ecb277353a59184f4aa.sdkstatcache -target x86_64-apple-ios12.0-simulator -fmessage-length\=0 -fdiagnostics-show-note-include-stack -fmacro-backtrace-limit\=0 -fno-color-diagnostics -fmodules-prune-interval\=86400 -fmodules-prune-after\=345600 -fbuild-session-file\=/Users/aadityasingh/Library/Developer/Xcode/DerivedData/ModuleCache.noindex/Session.modulevalidation -fmodules-validate-once-per-build-session -Wnon-modular-include-in-framework-module -Werror\=non-modular-include-in-framework-module -Wno-trigraphs -Wno-missing-field-initializers -Wno-missing-prototypes -Wno-return-type -Wno-implicit-atomic-properties -Wno-objc-interface-ivars -Wno-arc-repeated-use-of-weak -Wno-missing-braces -Wparentheses -Wswitch -Wno-unused-function -Wno-unused-label -Wno-unused-parameter -Wno-unused-variable -Wunused-value -Wno-empty-body -Wno-uninitialized -Wno-unknown-pragmas -w -Wno-shadow -Wno-four-char-constants -Wno-conversion -Wno-constant-conversion -Wno-int-conversion -Wno-bool-conversion -Wno-enum-conversion -Wno-float-conversion -Wno-non-literal-null-conversion -Wno-objc-literal-conversion -Wshorten-64-to-32 -Wpointer-sign -Wno-newline-eof -Wno-selector -Wno-strict-selector-match -Wno-undeclared-selector -Wno-deprecated-implementations -Wno-implicit-fallthrough -isysroot /Applications/Xcode.app/Contents/Developer/Platforms/iPhoneSimulator.platform/Developer/SDKs/iPhoneSimulator26.4.sdk -fstrict-aliasing -Wprotocol -Wdeprecated-declarations -Wno-sign-conversion -Wno-infinite-recursion -Wno-comma -Wno-block-capture-autoreleasing -Wno-strict-prototypes -Wno-semicolon-before-method-body -index-store-path /Users/aadityasingh/Library/Developer/Xcode/DerivedData/Chatlio-erkyzdeecsohoaggpwbjdvavzqfv/Index.noindex/DataStore @/Users/aadityasingh/Library/Developer/Xcode/DerivedData/Chatlio-erkyzdeecsohoaggpwbjdvavzqfv/Build/Intermediates.noindex/DTCoreText.build/Debug-iphonesimulator/DTCoreText.build/Objects-normal/x86_64/e6072d4f65d7061329687fe24e3d63a7-common-args.resp -include /Users/aadityasingh/Library/Developer/Xcode/DerivedData/Chatlio-erkyzdeecsohoaggpwbjdvavzqfv/Build/Intermediates.noindex/DTCoreText.build/Debug-iphonesimulator/DTCoreText.build/DerivedSources/resource_bundle_accessor.h -MMD -MT dependencies -MF /Users/aadityasingh/Library/Developer/Xcode/DerivedData/Chatlio-erkyzdeecsohoaggpwbjdvavzqfv/Build/Intermediates.noindex/DTCoreText.build/Debug-iphonesimulator/DTCoreText.build/Objects-normal/x86_64/NSAttributedString+DTDebug.d --serialize-diagnostics /Users/aadityasingh/Library/Developer/Xcode/DerivedData/Chatlio-erkyzdeecsohoaggpwbjdvavzqfv/Build/Intermediates.noindex/DTCoreText.build/Debug-iphonesimulator/DTCoreText.build/Objects-normal/x86_64/NSAttributedString+DTDebug.dia -c /Users/aadityasingh/Library/Developer/Xcode/DerivedData/Chatlio-erkyzdeecsohoaggpwbjdvavzqfv/SourcePackages/checkouts/DTCoreText/Core/Source/NSAttributedString+DTDebug.m -o /Users/aadityasingh/Library/Developer/Xcode/DerivedData/Chatlio-erkyzdeecsohoaggpwbjdvavzqfv/Build/Intermediates.noindex/DTCoreText.build/Debug-iphonesimulator/DTCoreText.build/Objects-normal/x86_64/NSAttributedString+DTDebug.o -index-unit-output-path /DTCoreText.build/Debug-iphonesimulator/DTCoreText.build/Objects-normal/x86_64/NSAttributedString+DTDebug.o

PrecompileModule /Users/aadityasingh/Library/Developer/Xcode/DerivedData/Chatlio-erkyzdeecsohoaggpwbjdvavzqfv/Build/Intermediates.noindex/ExplicitPrecompiledModules/_DarwinFoundation1-84LVXIOFBOQ2QL4I0YH3WN3F3.scan
    cd /
    builtin-precompileModule /Users/aadityasingh/Library/Developer/Xcode/DerivedData/Chatlio-erkyzdeecsohoaggpwbjdvavzqfv/Build/Intermediates.noindex/ExplicitPrecompiledModules/_DarwinFoundation1-84LVXIOFBOQ2QL4I0YH3WN3F3.scan

ScanDependencies /Users/aadityasingh/Library/Developer/Xcode/DerivedData/Chatlio-erkyzdeecsohoaggpwbjdvavzqfv/Build/Intermediates.noindex/DTCoreText.build/Debug-iphonesimulator/DTCoreText.build/Objects-normal/x86_64/NSAttributedString+DTCoreText.o /Users/aadityasingh/Library/Developer/Xcode/DerivedData/Chatlio-erkyzdeecsohoaggpwbjdvavzqfv/SourcePackages/checkouts/DTCoreText/Core/Source/NSAttributedString+DTCoreText.m normal x86_64 objective-c com.apple.compilers.llvm.clang.1_0.compiler (in target 'DTCoreText' from project 'DTCoreText')
    cd /Users/aadityasingh/Documents/Development/element-x-ios/Chatlio.xcodeproj
    
    Using response file: /Users/aadityasingh/Library/Developer/Xcode/DerivedData/Chatlio-erkyzdeecsohoaggpwbjdvavzqfv/Build/Intermediates.noindex/DTCoreText.build/Debug-iphonesimulator/DTCoreText.build/Objects-normal/x86_64/e6072d4f65d7061329687fe24e3d63a7-common-args.resp
    
    builtin-ScanDependencies -o /Users/aadityasingh/Library/Developer/Xcode/DerivedData/Chatlio-erkyzdeecsohoaggpwbjdvavzqfv/Build/Intermediates.noindex/DTCoreText.build/Debug-iphonesimulator/DTCoreText.build/Objects-normal/x86_64/NSAttributedString+DTCoreText.o.scan -- /Applications/Xcode.app/Contents/Developer/Toolchains/XcodeDefault.xctoolchain/usr/bin/clang -x objective-c -ivfsstatcache /Users/aadityasingh/Library/Developer/Xcode/DerivedData/SDKStatCaches.noindex/iphonesimulator26.4-23E252-686eebb5dc1d8ecb277353a59184f4aa.sdkstatcache -target x86_64-apple-ios12.0-simulator -fmessage-length\=0 -fdiagnostics-show-note-include-stack -fmacro-backtrace-limit\=0 -fno-color-diagnostics -fmodules-prune-interval\=86400 -fmodules-prune-after\=345600 -fbuild-session-file\=/Users/aadityasingh/Library/Developer/Xcode/DerivedData/ModuleCache.noindex/Session.modulevalidation -fmodules-validate-once-per-build-session -Wnon-modular-include-in-framework-module -Werror\=non-modular-include-in-framework-module -Wno-trigraphs -Wno-missing-field-initializers -Wno-missing-prototypes -Wno-return-type -Wno-implicit-atomic-properties -Wno-objc-interface-ivars -Wno-arc-repeated-use-of-weak -Wno-missing-braces -Wparentheses -Wswitch -Wno-unused-function -Wno-unused-label -Wno-unused-parameter -Wno-unused-variable -Wunused-value -Wno-empty-body -Wno-uninitialized -Wno-unknown-pragmas -w -Wno-shadow -Wno-four-char-constants -Wno-conversion -Wno-constant-conversion -Wno-int-conversion -Wno-bool-conversion -Wno-enum-conversion -Wno-float-conversion -Wno-non-literal-null-conversion -Wno-objc-literal-conversion -Wshorten-64-to-32 -Wpointer-sign -Wno-newline-eof -Wno-selector -Wno-strict-selector-match -Wno-undeclared-selector -Wno-deprecated-implementations -Wno-implicit-fallthrough -isysroot /Applications/Xcode.app/Contents/Developer/Platforms/iPhoneSimulator.platform/Developer/SDKs/iPhoneSimulator26.4.sdk -fstrict-aliasing -Wprotocol -Wdeprecated-declarations -Wno-sign-conversion -Wno-infinite-recursion -Wno-comma -Wno-block-capture-autoreleasing -Wno-strict-prototypes -Wno-semicolon-before-method-body -index-store-path /Users/aadityasingh/Library/Developer/Xcode/DerivedData/Chatlio-erkyzdeecsohoaggpwbjdvavzqfv/Index.noindex/DataStore @/Users/aadityasingh/Library/Developer/Xcode/DerivedData/Chatlio-erkyzdeecsohoaggpwbjdvavzqfv/Build/Intermediates.noindex/DTCoreText.build/Debug-iphonesimulator/DTCoreText.build/Objects-normal/x86_64/e6072d4f65d7061329687fe24e3d63a7-common-args.resp -include /Users/aadityasingh/Library/Developer/Xcode/DerivedData/Chatlio-erkyzdeecsohoaggpwbjdvavzqfv/Build/Intermediates.noindex/DTCoreText.build/Debug-iphonesimulator/DTCoreText.build/DerivedSources/resource_bundle_accessor.h -MMD -MT dependencies -MF /Users/aadityasingh/Library/Developer/Xcode/DerivedData/Chatlio-erkyzdeecsohoaggpwbjdvavzqfv/Build/Intermediates.noindex/DTCoreText.build/Debug-iphonesimulator/DTCoreText.build/Objects-normal/x86_64/NSAttributedString+DTCoreText.d --serialize-diagnostics /Users/aadityasingh/Library/Developer/Xcode/DerivedData/Chatlio-erkyzdeecsohoaggpwbjdvavzqfv/Build/Intermediates.noindex/DTCoreText.build/Debug-iphonesimulator/DTCoreText.build/Objects-normal/x86_64/NSAttributedString+DTCoreText.dia -c /Users/aadityasingh/Library/Developer/Xcode/DerivedData/Chatlio-erkyzdeecsohoaggpwbjdvavzqfv/SourcePackages/checkouts/DTCoreText/Core/Source/NSAttributedString+DTCoreText.m -o /Users/aadityasingh/Library/Developer/Xcode/DerivedData/Chatlio-erkyzdeecsohoaggpwbjdvavzqfv/Build/Intermediates.noindex/DTCoreText.build/Debug-iphonesimulator/DTCoreText.build/Objects-normal/x86_64/NSAttributedString+DTCoreText.o -index-unit-output-path /DTCoreText.build/Debug-iphonesimulator/DTCoreText.build/Objects-normal/x86_64/NSAttributedString+DTCoreText.o

PrecompileModule /Users/aadityasingh/Library/Developer/Xcode/DerivedData/Chatlio-erkyzdeecsohoaggpwbjdvavzqfv/Build/Intermediates.noindex/ExplicitPrecompiledModules/CoreVideo-EPTL9RT3XV0HLQB8QGD6S5U4L.scan
    cd /
    builtin-precompileModule /Users/aadityasingh/Library/Developer/Xcode/DerivedData/Chatlio-erkyzdeecsohoaggpwbjdvavzqfv/Build/Intermediates.noindex/ExplicitPrecompiledModules/CoreVideo-EPTL9RT3XV0HLQB8QGD6S5U4L.scan

PrecompileModule /Users/aadityasingh/Library/Developer/Xcode/DerivedData/Chatlio-erkyzdeecsohoaggpwbjdvavzqfv/Build/Intermediates.noindex/ExplicitPrecompiledModules/_DarwinFoundation2-2XOGVCQ3SHFRWIDULCZQL4QIK.scan
    cd /
    builtin-precompileModule /Users/aadityasingh/Library/Developer/Xcode/DerivedData/Chatlio-erkyzdeecsohoaggpwbjdvavzqfv/Build/Intermediates.noindex/ExplicitPrecompiledModules/_DarwinFoundation2-2XOGVCQ3SHFRWIDULCZQL4QIK.scan

CompileC /Users/aadityasingh/Library/Developer/Xcode/DerivedData/Chatlio-erkyzdeecsohoaggpwbjdvavzqfv/Build/Intermediates.noindex/DTCoreText.build/Debug-iphonesimulator/DTCoreText.build/Objects-normal/x86_64/NSAttributedString+DTDebug.o /Users/aadityasingh/Library/Developer/Xcode/DerivedData/Chatlio-erkyzdeecsohoaggpwbjdvavzqfv/SourcePackages/checkouts/DTCoreText/Core/Source/NSAttributedString+DTDebug.m normal x86_64 objective-c com.apple.compilers.llvm.clang.1_0.compiler (in target 'DTCoreText' from project 'DTCoreText')
    cd /Users/aadityasingh/Documents/Development/element-x-ios/Chatlio.xcodeproj
    
    Using response file: /Users/aadityasingh/Library/Developer/Xcode/DerivedData/Chatlio-erkyzdeecsohoaggpwbjdvavzqfv/Build/Intermediates.noindex/DTCoreText.build/Debug-iphonesimulator/DTCoreText.build/Objects-normal/x86_64/e6072d4f65d7061329687fe24e3d63a7-common-args.resp
    
    /Applications/Xcode.app/Contents/Developer/Toolchains/XcodeDefault.xctoolchain/usr/bin/clang -x objective-c -ivfsstatcache /Users/aadityasingh/Library/Developer/Xcode/DerivedData/SDKStatCaches.noindex/iphonesimulator26.4-23E252-686eebb5dc1d8ecb277353a59184f4aa.sdkstatcache -target x86_64-apple-ios12.0-simulator -fmessage-length\=0 -fdiagnostics-show-note-include-stack -fmacro-backtrace-limit\=0 -fno-color-diagnostics -fmodules-prune-interval\=86400 -fmodules-prune-after\=345600 -fbuild-session-file\=/Users/aadityasingh/Library/Developer/Xcode/DerivedData/ModuleCache.noindex/Session.modulevalidation -fmodules-validate-once-per-build-session -Wnon-modular-include-in-framework-module -Werror\=non-modular-include-in-framework-module -Wno-trigraphs -Wno-missing-field-initializers -Wno-missing-prototypes -Wno-return-type -Wno-implicit-atomic-properties -Wno-objc-interface-ivars -Wno-arc-repeated-use-of-weak -Wno-missing-braces -Wparentheses -Wswitch -Wno-unused-function -Wno-unused-label -Wno-unused-parameter -Wno-unused-variable -Wunused-value -Wno-empty-body -Wno-uninitialized -Wno-unknown-pragmas -w -Wno-shadow -Wno-four-char-constants -Wno-conversion -Wno-constant-conversion -Wno-int-conversion -Wno-bool-conversion -Wno-enum-conversion -Wno-float-conversion -Wno-non-literal-null-conversion -Wno-objc-literal-conversion -Wshorten-64-to-32 -Wpointer-sign -Wno-newline-eof -Wno-selector -Wno-strict-selector-match -Wno-undeclared-selector -Wno-deprecated-implementations -Wno-implicit-fallthrough -isysroot /Applications/Xcode.app/Contents/Developer/Platforms/iPhoneSimulator.platform/Developer/SDKs/iPhoneSimulator26.4.sdk -fstrict-aliasing -Wprotocol -Wdeprecated-declarations -Wno-sign-conversion -Wno-infinite-recursion -Wno-comma -Wno-block-capture-autoreleasing -Wno-strict-prototypes -Wno-semicolon-before-method-body -index-store-path /Users/aadityasingh/Library/Developer/Xcode/DerivedData/Chatlio-erkyzdeecsohoaggpwbjdvavzqfv/Index.noindex/DataStore @/Users/aadityasingh/Library/Developer/Xcode/DerivedData/Chatlio-erkyzdeecsohoaggpwbjdvavzqfv/Build/Intermediates.noindex/DTCoreText.build/Debug-iphonesimulator/DTCoreText.build/Objects-normal/x86_64/e6072d4f65d7061329687fe24e3d63a7-common-args.resp -include /Users/aadityasingh/Library/Developer/Xcode/DerivedData/Chatlio-erkyzdeecsohoaggpwbjdvavzqfv/Build/Intermediates.noindex/DTCoreText.build/Debug-iphonesimulator/DTCoreText.build/DerivedSources/resource_bundle_accessor.h -MMD -MT dependencies -MF /Users/aadityasingh/Library/Developer/Xcode/DerivedData/Chatlio-erkyzdeecsohoaggpwbjdvavzqfv/Build/Intermediates.noindex/DTCoreText.build/Debug-iphonesimulator/DTCoreText.build/Objects-normal/x86_64/NSAttributedString+DTDebug.d --serialize-diagnostics /Users/aadityasingh/Library/Developer/Xcode/DerivedData/Chatlio-erkyzdeecsohoaggpwbjdvavzqfv/Build/Intermediates.noindex/DTCoreText.build/Debug-iphonesimulator/DTCoreText.build/Objects-normal/x86_64/NSAttributedString+DTDebug.dia -c /Users/aadityasingh/Library/Developer/Xcode/DerivedData/Chatlio-erkyzdeecsohoaggpwbjdvavzqfv/SourcePackages/checkouts/DTCoreText/Core/Source/NSAttributedString+DTDebug.m -o /Users/aadityasingh/Library/Developer/Xcode/DerivedData/Chatlio-erkyzdeecsohoaggpwbjdvavzqfv/Build/Intermediates.noindex/DTCoreText.build/Debug-iphonesimulator/DTCoreText.build/Objects-normal/x86_64/NSAttributedString+DTDebug.o -index-unit-output-path /DTCoreText.build/Debug-iphonesimulator/DTCoreText.build/Objects-normal/x86_64/NSAttributedString+DTDebug.o

PrecompileModule /Users/aadityasingh/Library/Developer/Xcode/DerivedData/Chatlio-erkyzdeecsohoaggpwbjdvavzqfv/Build/Intermediates.noindex/ExplicitPrecompiledModules/_Builtin_limits-2U0KH1T7RP18U8ZBM1BJTYFEC.scan
    cd /
    builtin-precompileModule /Users/aadityasingh/Library/Developer/Xcode/DerivedData/Chatlio-erkyzdeecsohoaggpwbjdvavzqfv/Build/Intermediates.noindex/ExplicitPrecompiledModules/_Builtin_limits-2U0KH1T7RP18U8ZBM1BJTYFEC.scan

ScanDependencies /Users/aadityasingh/Library/Developer/Xcode/DerivedData/Chatlio-erkyzdeecsohoaggpwbjdvavzqfv/Build/Intermediates.noindex/DTCoreText.build/Debug-iphonesimulator/DTCoreText.build/Objects-normal/x86_64/DTVideoTextAttachment.o /Users/aadityasingh/Library/Developer/Xcode/DerivedData/Chatlio-erkyzdeecsohoaggpwbjdvavzqfv/SourcePackages/checkouts/DTCoreText/Core/Source/DTVideoTextAttachment.m normal x86_64 objective-c com.apple.compilers.llvm.clang.1_0.compiler (in target 'DTCoreText' from project 'DTCoreText')
    cd /Users/aadityasingh/Documents/Development/element-x-ios/Chatlio.xcodeproj
    
    Using response file: /Users/aadityasingh/Library/Developer/Xcode/DerivedData/Chatlio-erkyzdeecsohoaggpwbjdvavzqfv/Build/Intermediates.noindex/DTCoreText.build/Debug-iphonesimulator/DTCoreText.build/Objects-normal/x86_64/e6072d4f65d7061329687fe24e3d63a7-common-args.resp
    
    builtin-ScanDependencies -o /Users/aadityasingh/Library/Developer/Xcode/DerivedData/Chatlio-erkyzdeecsohoaggpwbjdvavzqfv/Build/Intermediates.noindex/DTCoreText.build/Debug-iphonesimulator/DTCoreText.build/Objects-normal/x86_64/DTVideoTextAttachment.o.scan -- /Applications/Xcode.app/Contents/Developer/Toolchains/XcodeDefault.xctoolchain/usr/bin/clang -x objective-c -ivfsstatcache /Users/aadityasingh/Library/Developer/Xcode/DerivedData/SDKStatCaches.noindex/iphonesimulator26.4-23E252-686eebb5dc1d8ecb277353a59184f4aa.sdkstatcache -target x86_64-apple-ios12.0-simulator -fmessage-length\=0 -fdiagnostics-show-note-include-stack -fmacro-backtrace-limit\=0 -fno-color-diagnostics -fmodules-prune-interval\=86400 -fmodules-prune-after\=345600 -fbuild-session-file\=/Users/aadityasingh/Library/Developer/Xcode/DerivedData/ModuleCache.noindex/Session.modulevalidation -fmodules-validate-once-per-build-session -Wnon-modular-include-in-framework-module -Werror\=non-modular-include-in-framework-module -Wno-trigraphs -Wno-missing-field-initializers -Wno-missing-prototypes -Wno-return-type -Wno-implicit-atomic-properties -Wno-objc-interface-ivars -Wno-arc-repeated-use-of-weak -Wno-missing-braces -Wparentheses -Wswitch -Wno-unused-function -Wno-unused-label -Wno-unused-parameter -Wno-unused-variable -Wunused-value -Wno-empty-body -Wno-uninitialized -Wno-unknown-pragmas -w -Wno-shadow -Wno-four-char-constants -Wno-conversion -Wno-constant-conversion -Wno-int-conversion -Wno-bool-conversion -Wno-enum-conversion -Wno-float-conversion -Wno-non-literal-null-conversion -Wno-objc-literal-conversion -Wshorten-64-to-32 -Wpointer-sign -Wno-newline-eof -Wno-selector -Wno-strict-selector-match -Wno-undeclared-selector -Wno-deprecated-implementations -Wno-implicit-fallthrough -isysroot /Applications/Xcode.app/Contents/Developer/Platforms/iPhoneSimulator.platform/Developer/SDKs/iPhoneSimulator26.4.sdk -fstrict-aliasing -Wprotocol -Wdeprecated-declarations -Wno-sign-conversion -Wno-infinite-recursion -Wno-comma -Wno-block-capture-autoreleasing -Wno-strict-prototypes -Wno-semicolon-before-method-body -index-store-path /Users/aadityasingh/Library/Developer/Xcode/DerivedData/Chatlio-erkyzdeecsohoaggpwbjdvavzqfv/Index.noindex/DataStore @/Users/aadityasingh/Library/Developer/Xcode/DerivedData/Chatlio-erkyzdeecsohoaggpwbjdvavzqfv/Build/Intermediates.noindex/DTCoreText.build/Debug-iphonesimulator/DTCoreText.build/Objects-normal/x86_64/e6072d4f65d7061329687fe24e3d63a7-common-args.resp -include /Users/aadityasingh/Library/Developer/Xcode/DerivedData/Chatlio-erkyzdeecsohoaggpwbjdvavzqfv/Build/Intermediates.noindex/DTCoreText.build/Debug-iphonesimulator/DTCoreText.build/DerivedSources/resource_bundle_accessor.h -MMD -MT dependencies -MF /Users/aadityasingh/Library/Developer/Xcode/DerivedData/Chatlio-erkyzdeecsohoaggpwbjdvavzqfv/Build/Intermediates.noindex/DTCoreText.build/Debug-iphonesimulator/DTCoreText.build/Objects-normal/x86_64/DTVideoTextAttachment.d --serialize-diagnostics /Users/aadityasingh/Library/Developer/Xcode/DerivedData/Chatlio-erkyzdeecsohoaggpwbjdvavzqfv/Build/Intermediates.noindex/DTCoreText.build/Debug-iphonesimulator/DTCoreText.build/Objects-normal/x86_64/DTVideoTextAttachment.dia -c /Users/aadityasingh/Library/Developer/Xcode/DerivedData/Chatlio-erkyzdeecsohoaggpwbjdvavzqfv/SourcePackages/checkouts/DTCoreText/Core/Source/DTVideoTextAttachment.m -o /Users/aadityasingh/Library/Developer/Xcode/DerivedData/Chatlio-erkyzdeecsohoaggpwbjdvavzqfv/Build/Intermediates.noindex/DTCoreText.build/Debug-iphonesimulator/DTCoreText.build/Objects-normal/x86_64/DTVideoTextAttachment.o -index-unit-output-path /DTCoreText.build/Debug-iphonesimulator/DTCoreText.build/Objects-normal/x86_64/DTVideoTextAttachment.o

ScanDependencies /Users/aadityasingh/Library/Developer/Xcode/DerivedData/Chatlio-erkyzdeecsohoaggpwbjdvavzqfv/Build/Intermediates.noindex/DTCoreText.build/Debug-iphonesimulator/DTCoreText.build/Objects-normal/x86_64/DTTextHTMLElement.o /Users/aadityasingh/Library/Developer/Xcode/DerivedData/Chatlio-erkyzdeecsohoaggpwbjdvavzqfv/SourcePackages/checkouts/DTCoreText/Core/Source/DTTextHTMLElement.m normal x86_64 objective-c com.apple.compilers.llvm.clang.1_0.compiler (in target 'DTCoreText' from project 'DTCoreText')
    cd /Users/aadityasingh/Documents/Development/element-x-ios/Chatlio.xcodeproj
    
    Using response file: /Users/aadityasingh/Library/Developer/Xcode/DerivedData/Chatlio-erkyzdeecsohoaggpwbjdvavzqfv/Build/Intermediates.noindex/DTCoreText.build/Debug-iphonesimulator/DTCoreText.build/Objects-normal/x86_64/e6072d4f65d7061329687fe24e3d63a7-common-args.resp
    
    builtin-ScanDependencies -o /Users/aadityasingh/Library/Developer/Xcode/DerivedData/Chatlio-erkyzdeecsohoaggpwbjdvavzqfv/Build/Intermediates.noindex/DTCoreText.build/Debug-iphonesimulator/DTCoreText.build/Objects-normal/x86_64/DTTextHTMLElement.o.scan -- /Applications/Xcode.app/Contents/Developer/Toolchains/XcodeDefault.xctoolchain/usr/bin/clang -x objective-c -ivfsstatcache /Users/aadityasingh/Library/Developer/Xcode/DerivedData/SDKStatCaches.noindex/iphonesimulator26.4-23E252-686eebb5dc1d8ecb277353a59184f4aa.sdkstatcache -target x86_64-apple-ios12.0-simulator -fmessage-length\=0 -fdiagnostics-show-note-include-stack -fmacro-backtrace-limit\=0 -fno-color-diagnostics -fmodules-prune-interval\=86400 -fmodules-prune-after\=345600 -fbuild-session-file\=/Users/aadityasingh/Library/Developer/Xcode/DerivedData/ModuleCache.noindex/Session.modulevalidation -fmodules-validate-once-per-build-session -Wnon-modular-include-in-framework-module -Werror\=non-modular-include-in-framework-module -Wno-trigraphs -Wno-missing-field-initializers -Wno-missing-prototypes -Wno-return-type -Wno-implicit-atomic-properties -Wno-objc-interface-ivars -Wno-arc-repeated-use-of-weak -Wno-missing-braces -Wparentheses -Wswitch -Wno-unused-function -Wno-unused-label -Wno-unused-parameter -Wno-unused-variable -Wunused-value -Wno-empty-body -Wno-uninitialized -Wno-unknown-pragmas -w -Wno-shadow -Wno-four-char-constants -Wno-conversion -Wno-constant-conversion -Wno-int-conversion -Wno-bool-conversion -Wno-enum-conversion -Wno-float-conversion -Wno-non-literal-null-conversion -Wno-objc-literal-conversion -Wshorten-64-to-32 -Wpointer-sign -Wno-newline-eof -Wno-selector -Wno-strict-selector-match -Wno-undeclared-selector -Wno-deprecated-implementations -Wno-implicit-fallthrough -isysroot /Applications/Xcode.app/Contents/Developer/Platforms/iPhoneSimulator.platform/Developer/SDKs/iPhoneSimulator26.4.sdk -fstrict-aliasing -Wprotocol -Wdeprecated-declarations -Wno-sign-conversion -Wno-infinite-recursion -Wno-comma -Wno-block-capture-autoreleasing -Wno-strict-prototypes -Wno-semicolon-before-method-body -index-store-path /Users/aadityasingh/Library/Developer/Xcode/DerivedData/Chatlio-erkyzdeecsohoaggpwbjdvavzqfv/Index.noindex/DataStore @/Users/aadityasingh/Library/Developer/Xcode/DerivedData/Chatlio-erkyzdeecsohoaggpwbjdvavzqfv/Build/Intermediates.noindex/DTCoreText.build/Debug-iphonesimulator/DTCoreText.build/Objects-normal/x86_64/e6072d4f65d7061329687fe24e3d63a7-common-args.resp -include /Users/aadityasingh/Library/Developer/Xcode/DerivedData/Chatlio-erkyzdeecsohoaggpwbjdvavzqfv/Build/Intermediates.noindex/DTCoreText.build/Debug-iphonesimulator/DTCoreText.build/DerivedSources/resource_bundle_accessor.h -MMD -MT dependencies -MF /Users/aadityasingh/Library/Developer/Xcode/DerivedData/Chatlio-erkyzdeecsohoaggpwbjdvavzqfv/Build/Intermediates.noindex/DTCoreText.build/Debug-iphonesimulator/DTCoreText.build/Objects-normal/x86_64/DTTextHTMLElement.d --serialize-diagnostics /Users/aadityasingh/Library/Developer/Xcode/DerivedData/Chatlio-erkyzdeecsohoaggpwbjdvavzqfv/Build/Intermediates.noindex/DTCoreText.build/Debug-iphonesimulator/DTCoreText.build/Objects-normal/x86_64/DTTextHTMLElement.dia -c /Users/aadityasingh/Library/Developer/Xcode/DerivedData/Chatlio-erkyzdeecsohoaggpwbjdvavzqfv/SourcePackages/checkouts/DTCoreText/Core/Source/DTTextHTMLElement.m -o /Users/aadityasingh/Library/Developer/Xcode/DerivedData/Chatlio-erkyzdeecsohoaggpwbjdvavzqfv/Build/Intermediates.noindex/DTCoreText.build/Debug-iphonesimulator/DTCoreText.build/Objects-normal/x86_64/DTTextHTMLElement.o -index-unit-output-path /DTCoreText.build/Debug-iphonesimulator/DTCoreText.build/Objects-normal/x86_64/DTTextHTMLElement.o

ScanDependencies /Users/aadityasingh/Library/Developer/Xcode/DerivedData/Chatlio-erkyzdeecsohoaggpwbjdvavzqfv/Build/Intermediates.noindex/DTCoreText.build/Debug-iphonesimulator/DTCoreText.build/Objects-normal/x86_64/DTTextBlock.o /Users/aadityasingh/Library/Developer/Xcode/DerivedData/Chatlio-erkyzdeecsohoaggpwbjdvavzqfv/SourcePackages/checkouts/DTCoreText/Core/Source/DTTextBlock.m normal x86_64 objective-c com.apple.compilers.llvm.clang.1_0.compiler (in target 'DTCoreText' from project 'DTCoreText')
    cd /Users/aadityasingh/Documents/Development/element-x-ios/Chatlio.xcodeproj
    
    Using response file: /Users/aadityasingh/Library/Developer/Xcode/DerivedData/Chatlio-erkyzdeecsohoaggpwbjdvavzqfv/Build/Intermediates.noindex/DTCoreText.build/Debug-iphonesimulator/DTCoreText.build/Objects-normal/x86_64/e6072d4f65d7061329687fe24e3d63a7-common-args.resp
    
    builtin-ScanDependencies -o /Users/aadityasingh/Library/Developer/Xcode/DerivedData/Chatlio-erkyzdeecsohoaggpwbjdvavzqfv/Build/Intermediates.noindex/DTCoreText.build/Debug-iphonesimulator/DTCoreText.build/Objects-normal/x86_64/DTTextBlock.o.scan -- /Applications/Xcode.app/Contents/Developer/Toolchains/XcodeDefault.xctoolchain/usr/bin/clang -x objective-c -ivfsstatcache /Users/aadityasingh/Library/Developer/Xcode/DerivedData/SDKStatCaches.noindex/iphonesimulator26.4-23E252-686eebb5dc1d8ecb277353a59184f4aa.sdkstatcache -target x86_64-apple-ios12.0-simulator -fmessage-length\=0 -fdiagnostics-show-note-include-stack -fmacro-backtrace-limit\=0 -fno-color-diagnostics -fmodules-prune-interval\=86400 -fmodules-prune-after\=345600 -fbuild-session-file\=/Users/aadityasingh/Library/Developer/Xcode/DerivedData/ModuleCache.noindex/Session.modulevalidation -fmodules-validate-once-per-build-session -Wnon-modular-include-in-framework-module -Werror\=non-modular-include-in-framework-module -Wno-trigraphs -Wno-missing-field-initializers -Wno-missing-prototypes -Wno-return-type -Wno-implicit-atomic-properties -Wno-objc-interface-ivars -Wno-arc-repeated-use-of-weak -Wno-missing-braces -Wparentheses -Wswitch -Wno-unused-function -Wno-unused-label -Wno-unused-parameter -Wno-unused-variable -Wunused-value -Wno-empty-body -Wno-uninitialized -Wno-unknown-pragmas -w -Wno-shadow -Wno-four-char-constants -Wno-conversion -Wno-constant-conversion -Wno-int-conversion -Wno-bool-conversion -Wno-enum-conversion -Wno-float-conversion -Wno-non-literal-null-conversion -Wno-objc-literal-conversion -Wshorten-64-to-32 -Wpointer-sign -Wno-newline-eof -Wno-selector -Wno-strict-selector-match -Wno-undeclared-selector -Wno-deprecated-implementations -Wno-implicit-fallthrough -isysroot /Applications/Xcode.app/Contents/Developer/Platforms/iPhoneSimulator.platform/Developer/SDKs/iPhoneSimulator26.4.sdk -fstrict-aliasing -Wprotocol -Wdeprecated-declarations -Wno-sign-conversion -Wno-infinite-recursion -Wno-comma -Wno-block-capture-autoreleasing -Wno-strict-prototypes -Wno-semicolon-before-method-body -index-store-path /Users/aadityasingh/Library/Developer/Xcode/DerivedData/Chatlio-erkyzdeecsohoaggpwbjdvavzqfv/Index.noindex/DataStore @/Users/aadityasingh/Library/Developer/Xcode/DerivedData/Chatlio-erkyzdeecsohoaggpwbjdvavzqfv/Build/Intermediates.noindex/DTCoreText.build/Debug-iphonesimulator/DTCoreText.build/Objects-normal/x86_64/e6072d4f65d7061329687fe24e3d63a7-common-args.resp -include /Users/aadityasingh/Library/Developer/Xcode/DerivedData/Chatlio-erkyzdeecsohoaggpwbjdvavzqfv/Build/Intermediates.noindex/DTCoreText.build/Debug-iphonesimulator/DTCoreText.build/DerivedSources/resource_bundle_accessor.h -MMD -MT dependencies -MF /Users/aadityasingh/Library/Developer/Xcode/DerivedData/Chatlio-erkyzdeecsohoaggpwbjdvavzqfv/Build/Intermediates.noindex/DTCoreText.build/Debug-iphonesimulator/DTCoreText.build/Objects-normal/x86_64/DTTextBlock.d --serialize-diagnostics /Users/aadityasingh/Library/Developer/Xcode/DerivedData/Chatlio-erkyzdeecsohoaggpwbjdvavzqfv/Build/Intermediates.noindex/DTCoreText.build/Debug-iphonesimulator/DTCoreText.build/Objects-normal/x86_64/DTTextBlock.dia -c /Users/aadityasingh/Library/Developer/Xcode/DerivedData/Chatlio-erkyzdeecsohoaggpwbjdvavzqfv/SourcePackages/checkouts/DTCoreText/Core/Source/DTTextBlock.m -o /Users/aadityasingh/Library/Developer/Xcode/DerivedData/Chatlio-erkyzdeecsohoaggpwbjdvavzqfv/Build/Intermediates.noindex/DTCoreText.build/Debug-iphonesimulator/DTCoreText.build/Objects-normal/x86_64/DTTextBlock.o -index-unit-output-path /DTCoreText.build/Debug-iphonesimulator/DTCoreText.build/Objects-normal/x86_64/DTTextBlock.o

PrecompileModule /Users/aadityasingh/Library/Developer/Xcode/DerivedData/Chatlio-erkyzdeecsohoaggpwbjdvavzqfv/Build/Intermediates.noindex/ExplicitPrecompiledModules/ImageIO-5H2J52DIAWHUCW68M3IRDDOJG.scan
    cd /
    builtin-precompileModule /Users/aadityasingh/Library/Developer/Xcode/DerivedData/Chatlio-erkyzdeecsohoaggpwbjdvavzqfv/Build/Intermediates.noindex/ExplicitPrecompiledModules/ImageIO-5H2J52DIAWHUCW68M3IRDDOJG.scan

PrecompileModule /Users/aadityasingh/Library/Developer/Xcode/DerivedData/Chatlio-erkyzdeecsohoaggpwbjdvavzqfv/Build/Intermediates.noindex/ExplicitPrecompiledModules/_DarwinFoundation2-4RJS3NUT6S33E7ML834J12TEY.scan
    cd /
    builtin-precompileModule /Users/aadityasingh/Library/Developer/Xcode/DerivedData/Chatlio-erkyzdeecsohoaggpwbjdvavzqfv/Build/Intermediates.noindex/ExplicitPrecompiledModules/_DarwinFoundation2-4RJS3NUT6S33E7ML834J12TEY.scan

PrecompileModule /Users/aadityasingh/Library/Developer/Xcode/DerivedData/Chatlio-erkyzdeecsohoaggpwbjdvavzqfv/Build/Intermediates.noindex/ExplicitPrecompiledModules/CoreText-7INS7LN8TKH5QFD8GP74QBII1.scan
    cd /
    builtin-precompileModule /Users/aadityasingh/Library/Developer/Xcode/DerivedData/Chatlio-erkyzdeecsohoaggpwbjdvavzqfv/Build/Intermediates.noindex/ExplicitPrecompiledModules/CoreText-7INS7LN8TKH5QFD8GP74QBII1.scan

PrecompileModule /Users/aadityasingh/Library/Developer/Xcode/DerivedData/Chatlio-erkyzdeecsohoaggpwbjdvavzqfv/Build/Intermediates.noindex/ExplicitPrecompiledModules/_Builtin_limits-BQHP6PFF1H8QWJEF0XIVQLTSO.scan
    cd /
    builtin-precompileModule /Users/aadityasingh/Library/Developer/Xcode/DerivedData/Chatlio-erkyzdeecsohoaggpwbjdvavzqfv/Build/Intermediates.noindex/ExplicitPrecompiledModules/_Builtin_limits-BQHP6PFF1H8QWJEF0XIVQLTSO.scan

PrecompileModule /Users/aadityasingh/Library/Developer/Xcode/DerivedData/Chatlio-erkyzdeecsohoaggpwbjdvavzqfv/Build/Intermediates.noindex/ExplicitPrecompiledModules/QuartzCore-5DR6H0IUOC8YYT6IJGKIZL5A3.scan
    cd /
    builtin-precompileModule /Users/aadityasingh/Library/Developer/Xcode/DerivedData/Chatlio-erkyzdeecsohoaggpwbjdvavzqfv/Build/Intermediates.noindex/ExplicitPrecompiledModules/QuartzCore-5DR6H0IUOC8YYT6IJGKIZL5A3.scan

PrecompileModule /Users/aadityasingh/Library/Developer/Xcode/DerivedData/Chatlio-erkyzdeecsohoaggpwbjdvavzqfv/Build/Intermediates.noindex/ExplicitPrecompiledModules/CoreImage-ASE8AZ8ANWBXMRTJQWINJK2AW.scan
    cd /
    builtin-precompileModule /Users/aadityasingh/Library/Developer/Xcode/DerivedData/Chatlio-erkyzdeecsohoaggpwbjdvavzqfv/Build/Intermediates.noindex/ExplicitPrecompiledModules/CoreImage-ASE8AZ8ANWBXMRTJQWINJK2AW.scan

ScanDependencies /Users/aadityasingh/Library/Developer/Xcode/DerivedData/Chatlio-erkyzdeecsohoaggpwbjdvavzqfv/Build/Intermediates.noindex/DTCoreText.build/Debug-iphonesimulator/DTCoreText.build/Objects-normal/x86_64/DTTextAttachmentHTMLElement.o /Users/aadityasingh/Library/Developer/Xcode/DerivedData/Chatlio-erkyzdeecsohoaggpwbjdvavzqfv/SourcePackages/checkouts/DTCoreText/Core/Source/DTTextAttachmentHTMLElement.m normal x86_64 objective-c com.apple.compilers.llvm.clang.1_0.compiler (in target 'DTCoreText' from project 'DTCoreText')
    cd /Users/aadityasingh/Documents/Development/element-x-ios/Chatlio.xcodeproj
    
    Using response file: /Users/aadityasingh/Library/Developer/Xcode/DerivedData/Chatlio-erkyzdeecsohoaggpwbjdvavzqfv/Build/Intermediates.noindex/DTCoreText.build/Debug-iphonesimulator/DTCoreText.build/Objects-normal/x86_64/e6072d4f65d7061329687fe24e3d63a7-common-args.resp
    
    builtin-ScanDependencies -o /Users/aadityasingh/Library/Developer/Xcode/DerivedData/Chatlio-erkyzdeecsohoaggpwbjdvavzqfv/Build/Intermediates.noindex/DTCoreText.build/Debug-iphonesimulator/DTCoreText.build/Objects-normal/x86_64/DTTextAttachmentHTMLElement.o.scan -- /Applications/Xcode.app/Contents/Developer/Toolchains/XcodeDefault.xctoolchain/usr/bin/clang -x objective-c -ivfsstatcache /Users/aadityasingh/Library/Developer/Xcode/DerivedData/SDKStatCaches.noindex/iphonesimulator26.4-23E252-686eebb5dc1d8ecb277353a59184f4aa.sdkstatcache -target x86_64-apple-ios12.0-simulator -fmessage-length\=0 -fdiagnostics-show-note-include-stack -fmacro-backtrace-limit\=0 -fno-color-diagnostics -fmodules-prune-interval\=86400 -fmodules-prune-after\=345600 -fbuild-session-file\=/Users/aadityasingh/Library/Developer/Xcode/DerivedData/ModuleCache.noindex/Session.modulevalidation -fmodules-validate-once-per-build-session -Wnon-modular-include-in-framework-module -Werror\=non-modular-include-in-framework-module -Wno-trigraphs -Wno-missing-field-initializers -Wno-missing-prototypes -Wno-return-type -Wno-implicit-atomic-properties -Wno-objc-interface-ivars -Wno-arc-repeated-use-of-weak -Wno-missing-braces -Wparentheses -Wswitch -Wno-unused-function -Wno-unused-label -Wno-unused-parameter -Wno-unused-variable -Wunused-value -Wno-empty-body -Wno-uninitialized -Wno-unknown-pragmas -w -Wno-shadow -Wno-four-char-constants -Wno-conversion -Wno-constant-conversion -Wno-int-conversion -Wno-bool-conversion -Wno-enum-conversion -Wno-float-conversion -Wno-non-literal-null-conversion -Wno-objc-literal-conversion -Wshorten-64-to-32 -Wpointer-sign -Wno-newline-eof -Wno-selector -Wno-strict-selector-match -Wno-undeclared-selector -Wno-deprecated-implementations -Wno-implicit-fallthrough -isysroot /Applications/Xcode.app/Contents/Developer/Platforms/iPhoneSimulator.platform/Developer/SDKs/iPhoneSimulator26.4.sdk -fstrict-aliasing -Wprotocol -Wdeprecated-declarations -Wno-sign-conversion -Wno-infinite-recursion -Wno-comma -Wno-block-capture-autoreleasing -Wno-strict-prototypes -Wno-semicolon-before-method-body -index-store-path /Users/aadityasingh/Library/Developer/Xcode/DerivedData/Chatlio-erkyzdeecsohoaggpwbjdvavzqfv/Index.noindex/DataStore @/Users/aadityasingh/Library/Developer/Xcode/DerivedData/Chatlio-erkyzdeecsohoaggpwbjdvavzqfv/Build/Intermediates.noindex/DTCoreText.build/Debug-iphonesimulator/DTCoreText.build/Objects-normal/x86_64/e6072d4f65d7061329687fe24e3d63a7-common-args.resp -include /Users/aadityasingh/Library/Developer/Xcode/DerivedData/Chatlio-erkyzdeecsohoaggpwbjdvavzqfv/Build/Intermediates.noindex/DTCoreText.build/Debug-iphonesimulator/DTCoreText.build/DerivedSources/resource_bundle_accessor.h -MMD -MT dependencies -MF /Users/aadityasingh/Library/Developer/Xcode/DerivedData/Chatlio-erkyzdeecsohoaggpwbjdvavzqfv/Build/Intermediates.noindex/DTCoreText.build/Debug-iphonesimulator/DTCoreText.build/Objects-normal/x86_64/DTTextAttachmentHTMLElement.d --serialize-diagnostics /Users/aadityasingh/Library/Developer/Xcode/DerivedData/Chatlio-erkyzdeecsohoaggpwbjdvavzqfv/Build/Intermediates.noindex/DTCoreText.build/Debug-iphonesimulator/DTCoreText.build/Objects-normal/x86_64/DTTextAttachmentHTMLElement.dia -c /Users/aadityasingh/Library/Developer/Xcode/DerivedData/Chatlio-erkyzdeecsohoaggpwbjdvavzqfv/SourcePackages/checkouts/DTCoreText/Core/Source/DTTextAttachmentHTMLElement.m -o /Users/aadityasingh/Library/Developer/Xcode/DerivedData/Chatlio-erkyzdeecsohoaggpwbjdvavzqfv/Build/Intermediates.noindex/DTCoreText.build/Debug-iphonesimulator/DTCoreText.build/Objects-normal/x86_64/DTTextAttachmentHTMLElement.o -index-unit-output-path /DTCoreText.build/Debug-iphonesimulator/DTCoreText.build/Objects-normal/x86_64/DTTextAttachmentHTMLElement.o

ScanDependencies /Users/aadityasingh/Library/Developer/Xcode/DerivedData/Chatlio-erkyzdeecsohoaggpwbjdvavzqfv/Build/Intermediates.noindex/DTCoreText.build/Debug-iphonesimulator/DTCoreText.build/Objects-normal/x86_64/DTTextAttachment.o /Users/aadityasingh/Library/Developer/Xcode/DerivedData/Chatlio-erkyzdeecsohoaggpwbjdvavzqfv/SourcePackages/checkouts/DTCoreText/Core/Source/DTTextAttachment.m normal x86_64 objective-c com.apple.compilers.llvm.clang.1_0.compiler (in target 'DTCoreText' from project 'DTCoreText')
    cd /Users/aadityasingh/Documents/Development/element-x-ios/Chatlio.xcodeproj
    
    Using response file: /Users/aadityasingh/Library/Developer/Xcode/DerivedData/Chatlio-erkyzdeecsohoaggpwbjdvavzqfv/Build/Intermediates.noindex/DTCoreText.build/Debug-iphonesimulator/DTCoreText.build/Objects-normal/x86_64/e6072d4f65d7061329687fe24e3d63a7-common-args.resp
    
    builtin-ScanDependencies -o /Users/aadityasingh/Library/Developer/Xcode/DerivedData/Chatlio-erkyzdeecsohoaggpwbjdvavzqfv/Build/Intermediates.noindex/DTCoreText.build/Debug-iphonesimulator/DTCoreText.build/Objects-normal/x86_64/DTTextAttachment.o.scan -- /Applications/Xcode.app/Contents/Developer/Toolchains/XcodeDefault.xctoolchain/usr/bin/clang -x objective-c -ivfsstatcache /Users/aadityasingh/Library/Developer/Xcode/DerivedData/SDKStatCaches.noindex/iphonesimulator26.4-23E252-686eebb5dc1d8ecb277353a59184f4aa.sdkstatcache -target x86_64-apple-ios12.0-simulator -fmessage-length\=0 -fdiagnostics-show-note-include-stack -fmacro-backtrace-limit\=0 -fno-color-diagnostics -fmodules-prune-interval\=86400 -fmodules-prune-after\=345600 -fbuild-session-file\=/Users/aadityasingh/Library/Developer/Xcode/DerivedData/ModuleCache.noindex/Session.modulevalidation -fmodules-validate-once-per-build-session -Wnon-modular-include-in-framework-module -Werror\=non-modular-include-in-framework-module -Wno-trigraphs -Wno-missing-field-initializers -Wno-missing-prototypes -Wno-return-type -Wno-implicit-atomic-properties -Wno-objc-interface-ivars -Wno-arc-repeated-use-of-weak -Wno-missing-braces -Wparentheses -Wswitch -Wno-unused-function -Wno-unused-label -Wno-unused-parameter -Wno-unused-variable -Wunused-value -Wno-empty-body -Wno-uninitialized -Wno-unknown-pragmas -w -Wno-shadow -Wno-four-char-constants -Wno-conversion -Wno-constant-conversion -Wno-int-conversion -Wno-bool-conversion -Wno-enum-conversion -Wno-float-conversion -Wno-non-literal-null-conversion -Wno-objc-literal-conversion -Wshorten-64-to-32 -Wpointer-sign -Wno-newline-eof -Wno-selector -Wno-strict-selector-match -Wno-undeclared-selector -Wno-deprecated-implementations -Wno-implicit-fallthrough -isysroot /Applications/Xcode.app/Contents/Developer/Platforms/iPhoneSimulator.platform/Developer/SDKs/iPhoneSimulator26.4.sdk -fstrict-aliasing -Wprotocol -Wdeprecated-declarations -Wno-sign-conversion -Wno-infinite-recursion -Wno-comma -Wno-block-capture-autoreleasing -Wno-strict-prototypes -Wno-semicolon-before-method-body -index-store-path /Users/aadityasingh/Library/Developer/Xcode/DerivedData/Chatlio-erkyzdeecsohoaggpwbjdvavzqfv/Index.noindex/DataStore @/Users/aadityasingh/Library/Developer/Xcode/DerivedData/Chatlio-erkyzdeecsohoaggpwbjdvavzqfv/Build/Intermediates.noindex/DTCoreText.build/Debug-iphonesimulator/DTCoreText.build/Objects-normal/x86_64/e6072d4f65d7061329687fe24e3d63a7-common-args.resp -include /Users/aadityasingh/Library/Developer/Xcode/DerivedData/Chatlio-erkyzdeecsohoaggpwbjdvavzqfv/Build/Intermediates.noindex/DTCoreText.build/Debug-iphonesimulator/DTCoreText.build/DerivedSources/resource_bundle_accessor.h -MMD -MT dependencies -MF /Users/aadityasingh/Library/Developer/Xcode/DerivedData/Chatlio-erkyzdeecsohoaggpwbjdvavzqfv/Build/Intermediates.noindex/DTCoreText.build/Debug-iphonesimulator/DTCoreText.build/Objects-normal/x86_64/DTTextAttachment.d --serialize-diagnostics /Users/aadityasingh/Library/Developer/Xcode/DerivedData/Chatlio-erkyzdeecsohoaggpwbjdvavzqfv/Build/Intermediates.noindex/DTCoreText.build/Debug-iphonesimulator/DTCoreText.build/Objects-normal/x86_64/DTTextAttachment.dia -c /Users/aadityasingh/Library/Developer/Xcode/DerivedData/Chatlio-erkyzdeecsohoaggpwbjdvavzqfv/SourcePackages/checkouts/DTCoreText/Core/Source/DTTextAttachment.m -o /Users/aadityasingh/Library/Developer/Xcode/DerivedData/Chatlio-erkyzdeecsohoaggpwbjdvavzqfv/Build/Intermediates.noindex/DTCoreText.build/Debug-iphonesimulator/DTCoreText.build/Objects-normal/x86_64/DTTextAttachment.o -index-unit-output-path /DTCoreText.build/Debug-iphonesimulator/DTCoreText.build/Objects-normal/x86_64/DTTextAttachment.o

PrecompileModule /Users/aadityasingh/Library/Developer/Xcode/DerivedData/Chatlio-erkyzdeecsohoaggpwbjdvavzqfv/Build/Intermediates.noindex/ExplicitPrecompiledModules/_Builtin_stdint-4Q5LOHQM9GS61WB9QIVAGWQOW.scan
    cd /
    builtin-precompileModule /Users/aadityasingh/Library/Developer/Xcode/DerivedData/Chatlio-erkyzdeecsohoaggpwbjdvavzqfv/Build/Intermediates.noindex/ExplicitPrecompiledModules/_Builtin_stdint-4Q5LOHQM9GS61WB9QIVAGWQOW.scan

ScanDependencies /Users/aadityasingh/Library/Developer/Xcode/DerivedData/Chatlio-erkyzdeecsohoaggpwbjdvavzqfv/Build/Intermediates.noindex/DTCoreText.build/Debug-iphonesimulator/DTCoreText.build/Objects-normal/x86_64/DTStylesheetHTMLElement.o /Users/aadityasingh/Library/Developer/Xcode/DerivedData/Chatlio-erkyzdeecsohoaggpwbjdvavzqfv/SourcePackages/checkouts/DTCoreText/Core/Source/DTStylesheetHTMLElement.m normal x86_64 objective-c com.apple.compilers.llvm.clang.1_0.compiler (in target 'DTCoreText' from project 'DTCoreText')
    cd /Users/aadityasingh/Documents/Development/element-x-ios/Chatlio.xcodeproj
    
    Using response file: /Users/aadityasingh/Library/Developer/Xcode/DerivedData/Chatlio-erkyzdeecsohoaggpwbjdvavzqfv/Build/Intermediates.noindex/DTCoreText.build/Debug-iphonesimulator/DTCoreText.build/Objects-normal/x86_64/e6072d4f65d7061329687fe24e3d63a7-common-args.resp
    
    builtin-ScanDependencies -o /Users/aadityasingh/Library/Developer/Xcode/DerivedData/Chatlio-erkyzdeecsohoaggpwbjdvavzqfv/Build/Intermediates.noindex/DTCoreText.build/Debug-iphonesimulator/DTCoreText.build/Objects-normal/x86_64/DTStylesheetHTMLElement.o.scan -- /Applications/Xcode.app/Contents/Developer/Toolchains/XcodeDefault.xctoolchain/usr/bin/clang -x objective-c -ivfsstatcache /Users/aadityasingh/Library/Developer/Xcode/DerivedData/SDKStatCaches.noindex/iphonesimulator26.4-23E252-686eebb5dc1d8ecb277353a59184f4aa.sdkstatcache -target x86_64-apple-ios12.0-simulator -fmessage-length\=0 -fdiagnostics-show-note-include-stack -fmacro-backtrace-limit\=0 -fno-color-diagnostics -fmodules-prune-interval\=86400 -fmodules-prune-after\=345600 -fbuild-session-file\=/Users/aadityasingh/Library/Developer/Xcode/DerivedData/ModuleCache.noindex/Session.modulevalidation -fmodules-validate-once-per-build-session -Wnon-modular-include-in-framework-module -Werror\=non-modular-include-in-framework-module -Wno-trigraphs -Wno-missing-field-initializers -Wno-missing-prototypes -Wno-return-type -Wno-implicit-atomic-properties -Wno-objc-interface-ivars -Wno-arc-repeated-use-of-weak -Wno-missing-braces -Wparentheses -Wswitch -Wno-unused-function -Wno-unused-label -Wno-unused-parameter -Wno-unused-variable -Wunused-value -Wno-empty-body -Wno-uninitialized -Wno-unknown-pragmas -w -Wno-shadow -Wno-four-char-constants -Wno-conversion -Wno-constant-conversion -Wno-int-conversion -Wno-bool-conversion -Wno-enum-conversion -Wno-float-conversion -Wno-non-literal-null-conversion -Wno-objc-literal-conversion -Wshorten-64-to-32 -Wpointer-sign -Wno-newline-eof -Wno-selector -Wno-strict-selector-match -Wno-undeclared-selector -Wno-deprecated-implementations -Wno-implicit-fallthrough -isysroot /Applications/Xcode.app/Contents/Developer/Platforms/iPhoneSimulator.platform/Developer/SDKs/iPhoneSimulator26.4.sdk -fstrict-aliasing -Wprotocol -Wdeprecated-declarations -Wno-sign-conversion -Wno-infinite-recursion -Wno-comma -Wno-block-capture-autoreleasing -Wno-strict-prototypes -Wno-semicolon-before-method-body -index-store-path /Users/aadityasingh/Library/Developer/Xcode/DerivedData/Chatlio-erkyzdeecsohoaggpwbjdvavzqfv/Index.noindex/DataStore @/Users/aadityasingh/Library/Developer/Xcode/DerivedData/Chatlio-erkyzdeecsohoaggpwbjdvavzqfv/Build/Intermediates.noindex/DTCoreText.build/Debug-iphonesimulator/DTCoreText.build/Objects-normal/x86_64/e6072d4f65d7061329687fe24e3d63a7-common-args.resp -include /Users/aadityasingh/Library/Developer/Xcode/DerivedData/Chatlio-erkyzdeecsohoaggpwbjdvavzqfv/Build/Intermediates.noindex/DTCoreText.build/Debug-iphonesimulator/DTCoreText.build/DerivedSources/resource_bundle_accessor.h -MMD -MT dependencies -MF /Users/aadityasingh/Library/Developer/Xcode/DerivedData/Chatlio-erkyzdeecsohoaggpwbjdvavzqfv/Build/Intermediates.noindex/DTCoreText.build/Debug-iphonesimulator/DTCoreText.build/Objects-normal/x86_64/DTStylesheetHTMLElement.d --serialize-diagnostics /Users/aadityasingh/Library/Developer/Xcode/DerivedData/Chatlio-erkyzdeecsohoaggpwbjdvavzqfv/Build/Intermediates.noindex/DTCoreText.build/Debug-iphonesimulator/DTCoreText.build/Objects-normal/x86_64/DTStylesheetHTMLElement.dia -c /Users/aadityasingh/Library/Developer/Xcode/DerivedData/Chatlio-erkyzdeecsohoaggpwbjdvavzqfv/SourcePackages/checkouts/DTCoreText/Core/Source/DTStylesheetHTMLElement.m -o /Users/aadityasingh/Library/Developer/Xcode/DerivedData/Chatlio-erkyzdeecsohoaggpwbjdvavzqfv/Build/Intermediates.noindex/DTCoreText.build/Debug-iphonesimulator/DTCoreText.build/Objects-normal/x86_64/DTStylesheetHTMLElement.o -index-unit-output-path /DTCoreText.build/Debug-iphonesimulator/DTCoreText.build/Objects-normal/x86_64/DTStylesheetHTMLElement.o

ScanDependencies /Users/aadityasingh/Library/Developer/Xcode/DerivedData/Chatlio-erkyzdeecsohoaggpwbjdvavzqfv/Build/Intermediates.noindex/DTCoreText.build/Debug-iphonesimulator/DTCoreText.build/Objects-normal/x86_64/DTObjectTextAttachment.o /Users/aadityasingh/Library/Developer/Xcode/DerivedData/Chatlio-erkyzdeecsohoaggpwbjdvavzqfv/SourcePackages/checkouts/DTCoreText/Core/Source/DTObjectTextAttachment.m normal x86_64 objective-c com.apple.compilers.llvm.clang.1_0.compiler (in target 'DTCoreText' from project 'DTCoreText')
    cd /Users/aadityasingh/Documents/Development/element-x-ios/Chatlio.xcodeproj
    
    Using response file: /Users/aadityasingh/Library/Developer/Xcode/DerivedData/Chatlio-erkyzdeecsohoaggpwbjdvavzqfv/Build/Intermediates.noindex/DTCoreText.build/Debug-iphonesimulator/DTCoreText.build/Objects-normal/x86_64/e6072d4f65d7061329687fe24e3d63a7-common-args.resp
    
    builtin-ScanDependencies -o /Users/aadityasingh/Library/Developer/Xcode/DerivedData/Chatlio-erkyzdeecsohoaggpwbjdvavzqfv/Build/Intermediates.noindex/DTCoreText.build/Debug-iphonesimulator/DTCoreText.build/Objects-normal/x86_64/DTObjectTextAttachment.o.scan -- /Applications/Xcode.app/Contents/Developer/Toolchains/XcodeDefault.xctoolchain/usr/bin/clang -x objective-c -ivfsstatcache /Users/aadityasingh/Library/Developer/Xcode/DerivedData/SDKStatCaches.noindex/iphonesimulator26.4-23E252-686eebb5dc1d8ecb277353a59184f4aa.sdkstatcache -target x86_64-apple-ios12.0-simulator -fmessage-length\=0 -fdiagnostics-show-note-include-stack -fmacro-backtrace-limit\=0 -fno-color-diagnostics -fmodules-prune-interval\=86400 -fmodules-prune-after\=345600 -fbuild-session-file\=/Users/aadityasingh/Library/Developer/Xcode/DerivedData/ModuleCache.noindex/Session.modulevalidation -fmodules-validate-once-per-build-session -Wnon-modular-include-in-framework-module -Werror\=non-modular-include-in-framework-module -Wno-trigraphs -Wno-missing-field-initializers -Wno-missing-prototypes -Wno-return-type -Wno-implicit-atomic-properties -Wno-objc-interface-ivars -Wno-arc-repeated-use-of-weak -Wno-missing-braces -Wparentheses -Wswitch -Wno-unused-function -Wno-unused-label -Wno-unused-parameter -Wno-unused-variable -Wunused-value -Wno-empty-body -Wno-uninitialized -Wno-unknown-pragmas -w -Wno-shadow -Wno-four-char-constants -Wno-conversion -Wno-constant-conversion -Wno-int-conversion -Wno-bool-conversion -Wno-enum-conversion -Wno-float-conversion -Wno-non-literal-null-conversion -Wno-objc-literal-conversion -Wshorten-64-to-32 -Wpointer-sign -Wno-newline-eof -Wno-selector -Wno-strict-selector-match -Wno-undeclared-selector -Wno-deprecated-implementations -Wno-implicit-fallthrough -isysroot /Applications/Xcode.app/Contents/Developer/Platforms/iPhoneSimulator.platform/Developer/SDKs/iPhoneSimulator26.4.sdk -fstrict-aliasing -Wprotocol -Wdeprecated-declarations -Wno-sign-conversion -Wno-infinite-recursion -Wno-comma -Wno-block-capture-autoreleasing -Wno-strict-prototypes -Wno-semicolon-before-method-body -index-store-path /Users/aadityasingh/Library/Developer/Xcode/DerivedData/Chatlio-erkyzdeecsohoaggpwbjdvavzqfv/Index.noindex/DataStore @/Users/aadityasingh/Library/Developer/Xcode/DerivedData/Chatlio-erkyzdeecsohoaggpwbjdvavzqfv/Build/Intermediates.noindex/DTCoreText.build/Debug-iphonesimulator/DTCoreText.build/Objects-normal/x86_64/e6072d4f65d7061329687fe24e3d63a7-common-args.resp -include /Users/aadityasingh/Library/Developer/Xcode/DerivedData/Chatlio-erkyzdeecsohoaggpwbjdvavzqfv/Build/Intermediates.noindex/DTCoreText.build/Debug-iphonesimulator/DTCoreText.build/DerivedSources/resource_bundle_accessor.h -MMD -MT dependencies -MF /Users/aadityasingh/Library/Developer/Xcode/DerivedData/Chatlio-erkyzdeecsohoaggpwbjdvavzqfv/Build/Intermediates.noindex/DTCoreText.build/Debug-iphonesimulator/DTCoreText.build/Objects-normal/x86_64/DTObjectTextAttachment.d --serialize-diagnostics /Users/aadityasingh/Library/Developer/Xcode/DerivedData/Chatlio-erkyzdeecsohoaggpwbjdvavzqfv/Build/Intermediates.noindex/DTCoreText.build/Debug-iphonesimulator/DTCoreText.build/Objects-normal/x86_64/DTObjectTextAttachment.dia -c /Users/aadityasingh/Library/Developer/Xcode/DerivedData/Chatlio-erkyzdeecsohoaggpwbjdvavzqfv/SourcePackages/checkouts/DTCoreText/Core/Source/DTObjectTextAttachment.m -o /Users/aadityasingh/Library/Developer/Xcode/DerivedData/Chatlio-erkyzdeecsohoaggpwbjdvavzqfv/Build/Intermediates.noindex/DTCoreText.build/Debug-iphonesimulator/DTCoreText.build/Objects-normal/x86_64/DTObjectTextAttachment.o -index-unit-output-path /DTCoreText.build/Debug-iphonesimulator/DTCoreText.build/Objects-normal/x86_64/DTObjectTextAttachment.o

ScanDependencies /Users/aadityasingh/Library/Developer/Xcode/DerivedData/Chatlio-erkyzdeecsohoaggpwbjdvavzqfv/Build/Intermediates.noindex/DTCoreText.build/Debug-iphonesimulator/DTCoreText.build/Objects-normal/x86_64/DTListItemHTMLElement.o /Users/aadityasingh/Library/Developer/Xcode/DerivedData/Chatlio-erkyzdeecsohoaggpwbjdvavzqfv/SourcePackages/checkouts/DTCoreText/Core/Source/DTListItemHTMLElement.m normal x86_64 objective-c com.apple.compilers.llvm.clang.1_0.compiler (in target 'DTCoreText' from project 'DTCoreText')
    cd /Users/aadityasingh/Documents/Development/element-x-ios/Chatlio.xcodeproj
    
    Using response file: /Users/aadityasingh/Library/Developer/Xcode/DerivedData/Chatlio-erkyzdeecsohoaggpwbjdvavzqfv/Build/Intermediates.noindex/DTCoreText.build/Debug-iphonesimulator/DTCoreText.build/Objects-normal/x86_64/e6072d4f65d7061329687fe24e3d63a7-common-args.resp
    
    builtin-ScanDependencies -o /Users/aadityasingh/Library/Developer/Xcode/DerivedData/Chatlio-erkyzdeecsohoaggpwbjdvavzqfv/Build/Intermediates.noindex/DTCoreText.build/Debug-iphonesimulator/DTCoreText.build/Objects-normal/x86_64/DTListItemHTMLElement.o.scan -- /Applications/Xcode.app/Contents/Developer/Toolchains/XcodeDefault.xctoolchain/usr/bin/clang -x objective-c -ivfsstatcache /Users/aadityasingh/Library/Developer/Xcode/DerivedData/SDKStatCaches.noindex/iphonesimulator26.4-23E252-686eebb5dc1d8ecb277353a59184f4aa.sdkstatcache -target x86_64-apple-ios12.0-simulator -fmessage-length\=0 -fdiagnostics-show-note-include-stack -fmacro-backtrace-limit\=0 -fno-color-diagnostics -fmodules-prune-interval\=86400 -fmodules-prune-after\=345600 -fbuild-session-file\=/Users/aadityasingh/Library/Developer/Xcode/DerivedData/ModuleCache.noindex/Session.modulevalidation -fmodules-validate-once-per-build-session -Wnon-modular-include-in-framework-module -Werror\=non-modular-include-in-framework-module -Wno-trigraphs -Wno-missing-field-initializers -Wno-missing-prototypes -Wno-return-type -Wno-implicit-atomic-properties -Wno-objc-interface-ivars -Wno-arc-repeated-use-of-weak -Wno-missing-braces -Wparentheses -Wswitch -Wno-unused-function -Wno-unused-label -Wno-unused-parameter -Wno-unused-variable -Wunused-value -Wno-empty-body -Wno-uninitialized -Wno-unknown-pragmas -w -Wno-shadow -Wno-four-char-constants -Wno-conversion -Wno-constant-conversion -Wno-int-conversion -Wno-bool-conversion -Wno-enum-conversion -Wno-float-conversion -Wno-non-literal-null-conversion -Wno-objc-literal-conversion -Wshorten-64-to-32 -Wpointer-sign -Wno-newline-eof -Wno-selector -Wno-strict-selector-match -Wno-undeclared-selector -Wno-deprecated-implementations -Wno-implicit-fallthrough -isysroot /Applications/Xcode.app/Contents/Developer/Platforms/iPhoneSimulator.platform/Developer/SDKs/iPhoneSimulator26.4.sdk -fstrict-aliasing -Wprotocol -Wdeprecated-declarations -Wno-sign-conversion -Wno-infinite-recursion -Wno-comma -Wno-block-capture-autoreleasing -Wno-strict-prototypes -Wno-semicolon-before-method-body -index-store-path /Users/aadityasingh/Library/Developer/Xcode/DerivedData/Chatlio-erkyzdeecsohoaggpwbjdvavzqfv/Index.noindex/DataStore @/Users/aadityasingh/Library/Developer/Xcode/DerivedData/Chatlio-erkyzdeecsohoaggpwbjdvavzqfv/Build/Intermediates.noindex/DTCoreText.build/Debug-iphonesimulator/DTCoreText.build/Objects-normal/x86_64/e6072d4f65d7061329687fe24e3d63a7-common-args.resp -include /Users/aadityasingh/Library/Developer/Xcode/DerivedData/Chatlio-erkyzdeecsohoaggpwbjdvavzqfv/Build/Intermediates.noindex/DTCoreText.build/Debug-iphonesimulator/DTCoreText.build/DerivedSources/resource_bundle_accessor.h -MMD -MT dependencies -MF /Users/aadityasingh/Library/Developer/Xcode/DerivedData/Chatlio-erkyzdeecsohoaggpwbjdvavzqfv/Build/Intermediates.noindex/DTCoreText.build/Debug-iphonesimulator/DTCoreText.build/Objects-normal/x86_64/DTListItemHTMLElement.d --serialize-diagnostics /Users/aadityasingh/Library/Developer/Xcode/DerivedData/Chatlio-erkyzdeecsohoaggpwbjdvavzqfv/Build/Intermediates.noindex/DTCoreText.build/Debug-iphonesimulator/DTCoreText.build/Objects-normal/x86_64/DTListItemHTMLElement.dia -c /Users/aadityasingh/Library/Developer/Xcode/DerivedData/Chatlio-erkyzdeecsohoaggpwbjdvavzqfv/SourcePackages/checkouts/DTCoreText/Core/Source/DTListItemHTMLElement.m -o /Users/aadityasingh/Library/Developer/Xcode/DerivedData/Chatlio-erkyzdeecsohoaggpwbjdvavzqfv/Build/Intermediates.noindex/DTCoreText.build/Debug-iphonesimulator/DTCoreText.build/Objects-normal/x86_64/DTListItemHTMLElement.o -index-unit-output-path /DTCoreText.build/Debug-iphonesimulator/DTCoreText.build/Objects-normal/x86_64/DTListItemHTMLElement.o

ScanDependencies /Users/aadityasingh/Library/Developer/Xcode/DerivedData/Chatlio-erkyzdeecsohoaggpwbjdvavzqfv/Build/Intermediates.noindex/DTCoreText.build/Debug-iphonesimulator/DTCoreText.build/Objects-normal/x86_64/DTLinkButton.o /Users/aadityasingh/Library/Developer/Xcode/DerivedData/Chatlio-erkyzdeecsohoaggpwbjdvavzqfv/SourcePackages/checkouts/DTCoreText/Core/Source/DTLinkButton.m normal x86_64 objective-c com.apple.compilers.llvm.clang.1_0.compiler (in target 'DTCoreText' from project 'DTCoreText')
    cd /Users/aadityasingh/Documents/Development/element-x-ios/Chatlio.xcodeproj
    
    Using response file: /Users/aadityasingh/Library/Developer/Xcode/DerivedData/Chatlio-erkyzdeecsohoaggpwbjdvavzqfv/Build/Intermediates.noindex/DTCoreText.build/Debug-iphonesimulator/DTCoreText.build/Objects-normal/x86_64/e6072d4f65d7061329687fe24e3d63a7-common-args.resp
    
    builtin-ScanDependencies -o /Users/aadityasingh/Library/Developer/Xcode/DerivedData/Chatlio-erkyzdeecsohoaggpwbjdvavzqfv/Build/Intermediates.noindex/DTCoreText.build/Debug-iphonesimulator/DTCoreText.build/Objects-normal/x86_64/DTLinkButton.o.scan -- /Applications/Xcode.app/Contents/Developer/Toolchains/XcodeDefault.xctoolchain/usr/bin/clang -x objective-c -ivfsstatcache /Users/aadityasingh/Library/Developer/Xcode/DerivedData/SDKStatCaches.noindex/iphonesimulator26.4-23E252-686eebb5dc1d8ecb277353a59184f4aa.sdkstatcache -target x86_64-apple-ios12.0-simulator -fmessage-length\=0 -fdiagnostics-show-note-include-stack -fmacro-backtrace-limit\=0 -fno-color-diagnostics -fmodules-prune-interval\=86400 -fmodules-prune-after\=345600 -fbuild-session-file\=/Users/aadityasingh/Library/Developer/Xcode/DerivedData/ModuleCache.noindex/Session.modulevalidation -fmodules-validate-once-per-build-session -Wnon-modular-include-in-framework-module -Werror\=non-modular-include-in-framework-module -Wno-trigraphs -Wno-missing-field-initializers -Wno-missing-prototypes -Wno-return-type -Wno-implicit-atomic-properties -Wno-objc-interface-ivars -Wno-arc-repeated-use-of-weak -Wno-missing-braces -Wparentheses -Wswitch -Wno-unused-function -Wno-unused-label -Wno-unused-parameter -Wno-unused-variable -Wunused-value -Wno-empty-body -Wno-uninitialized -Wno-unknown-pragmas -w -Wno-shadow -Wno-four-char-constants -Wno-conversion -Wno-constant-conversion -Wno-int-conversion -Wno-bool-conversion -Wno-enum-conversion -Wno-float-conversion -Wno-non-literal-null-conversion -Wno-objc-literal-conversion -Wshorten-64-to-32 -Wpointer-sign -Wno-newline-eof -Wno-selector -Wno-strict-selector-match -Wno-undeclared-selector -Wno-deprecated-implementations -Wno-implicit-fallthrough -isysroot /Applications/Xcode.app/Contents/Developer/Platforms/iPhoneSimulator.platform/Developer/SDKs/iPhoneSimulator26.4.sdk -fstrict-aliasing -Wprotocol -Wdeprecated-declarations -Wno-sign-conversion -Wno-infinite-recursion -Wno-comma -Wno-block-capture-autoreleasing -Wno-strict-prototypes -Wno-semicolon-before-method-body -index-store-path /Users/aadityasingh/Library/Developer/Xcode/DerivedData/Chatlio-erkyzdeecsohoaggpwbjdvavzqfv/Index.noindex/DataStore @/Users/aadityasingh/Library/Developer/Xcode/DerivedData/Chatlio-erkyzdeecsohoaggpwbjdvavzqfv/Build/Intermediates.noindex/DTCoreText.build/Debug-iphonesimulator/DTCoreText.build/Objects-normal/x86_64/e6072d4f65d7061329687fe24e3d63a7-common-args.resp -include /Users/aadityasingh/Library/Developer/Xcode/DerivedData/Chatlio-erkyzdeecsohoaggpwbjdvavzqfv/Build/Intermediates.noindex/DTCoreText.build/Debug-iphonesimulator/DTCoreText.build/DerivedSources/resource_bundle_accessor.h -MMD -MT dependencies -MF /Users/aadityasingh/Library/Developer/Xcode/DerivedData/Chatlio-erkyzdeecsohoaggpwbjdvavzqfv/Build/Intermediates.noindex/DTCoreText.build/Debug-iphonesimulator/DTCoreText.build/Objects-normal/x86_64/DTLinkButton.d --serialize-diagnostics /Users/aadityasingh/Library/Developer/Xcode/DerivedData/Chatlio-erkyzdeecsohoaggpwbjdvavzqfv/Build/Intermediates.noindex/DTCoreText.build/Debug-iphonesimulator/DTCoreText.build/Objects-normal/x86_64/DTLinkButton.dia -c /Users/aadityasingh/Library/Developer/Xcode/DerivedData/Chatlio-erkyzdeecsohoaggpwbjdvavzqfv/SourcePackages/checkouts/DTCoreText/Core/Source/DTLinkButton.m -o /Users/aadityasingh/Library/Developer/Xcode/DerivedData/Chatlio-erkyzdeecsohoaggpwbjdvavzqfv/Build/Intermediates.noindex/DTCoreText.build/Debug-iphonesimulator/DTCoreText.build/Objects-normal/x86_64/DTLinkButton.o -index-unit-output-path /DTCoreText.build/Debug-iphonesimulator/DTCoreText.build/Objects-normal/x86_64/DTLinkButton.o

PrecompileModule /Users/aadityasingh/Library/Developer/Xcode/DerivedData/Chatlio-erkyzdeecsohoaggpwbjdvavzqfv/Build/Intermediates.noindex/ExplicitPrecompiledModules/_DarwinFoundation3-88EPCF991BTNC73QDB5LZI0QO.scan
    cd /
    builtin-precompileModule /Users/aadityasingh/Library/Developer/Xcode/DerivedData/Chatlio-erkyzdeecsohoaggpwbjdvavzqfv/Build/Intermediates.noindex/ExplicitPrecompiledModules/_DarwinFoundation3-88EPCF991BTNC73QDB5LZI0QO.scan

PrecompileModule /Users/aadityasingh/Library/Developer/Xcode/DerivedData/Chatlio-erkyzdeecsohoaggpwbjdvavzqfv/Build/Intermediates.noindex/ExplicitPrecompiledModules/_Builtin_stdint-B1IVGQJ8FX9ZG44PZBYBVV7BB.scan
    cd /
    builtin-precompileModule /Users/aadityasingh/Library/Developer/Xcode/DerivedData/Chatlio-erkyzdeecsohoaggpwbjdvavzqfv/Build/Intermediates.noindex/ExplicitPrecompiledModules/_Builtin_stdint-B1IVGQJ8FX9ZG44PZBYBVV7BB.scan

ScanDependencies /Users/aadityasingh/Library/Developer/Xcode/DerivedData/Chatlio-erkyzdeecsohoaggpwbjdvavzqfv/Build/Intermediates.noindex/DTCoreText.build/Debug-iphonesimulator/DTCoreText.build/Objects-normal/x86_64/DTLazyImageView.o /Users/aadityasingh/Library/Developer/Xcode/DerivedData/Chatlio-erkyzdeecsohoaggpwbjdvavzqfv/SourcePackages/checkouts/DTCoreText/Core/Source/DTLazyImageView.m normal x86_64 objective-c com.apple.compilers.llvm.clang.1_0.compiler (in target 'DTCoreText' from project 'DTCoreText')
    cd /Users/aadityasingh/Documents/Development/element-x-ios/Chatlio.xcodeproj
    
    Using response file: /Users/aadityasingh/Library/Developer/Xcode/DerivedData/Chatlio-erkyzdeecsohoaggpwbjdvavzqfv/Build/Intermediates.noindex/DTCoreText.build/Debug-iphonesimulator/DTCoreText.build/Objects-normal/x86_64/e6072d4f65d7061329687fe24e3d63a7-common-args.resp
    
    builtin-ScanDependencies -o /Users/aadityasingh/Library/Developer/Xcode/DerivedData/Chatlio-erkyzdeecsohoaggpwbjdvavzqfv/Build/Intermediates.noindex/DTCoreText.build/Debug-iphonesimulator/DTCoreText.build/Objects-normal/x86_64/DTLazyImageView.o.scan -- /Applications/Xcode.app/Contents/Developer/Toolchains/XcodeDefault.xctoolchain/usr/bin/clang -x objective-c -ivfsstatcache /Users/aadityasingh/Library/Developer/Xcode/DerivedData/SDKStatCaches.noindex/iphonesimulator26.4-23E252-686eebb5dc1d8ecb277353a59184f4aa.sdkstatcache -target x86_64-apple-ios12.0-simulator -fmessage-length\=0 -fdiagnostics-show-note-include-stack -fmacro-backtrace-limit\=0 -fno-color-diagnostics -fmodules-prune-interval\=86400 -fmodules-prune-after\=345600 -fbuild-session-file\=/Users/aadityasingh/Library/Developer/Xcode/DerivedData/ModuleCache.noindex/Session.modulevalidation -fmodules-validate-once-per-build-session -Wnon-modular-include-in-framework-module -Werror\=non-modular-include-in-framework-module -Wno-trigraphs -Wno-missing-field-initializers -Wno-missing-prototypes -Wno-return-type -Wno-implicit-atomic-properties -Wno-objc-interface-ivars -Wno-arc-repeated-use-of-weak -Wno-missing-braces -Wparentheses -Wswitch -Wno-unused-function -Wno-unused-label -Wno-unused-parameter -Wno-unused-variable -Wunused-value -Wno-empty-body -Wno-uninitialized -Wno-unknown-pragmas -w -Wno-shadow -Wno-four-char-constants -Wno-conversion -Wno-constant-conversion -Wno-int-conversion -Wno-bool-conversion -Wno-enum-conversion -Wno-float-conversion -Wno-non-literal-null-conversion -Wno-objc-literal-conversion -Wshorten-64-to-32 -Wpointer-sign -Wno-newline-eof -Wno-selector -Wno-strict-selector-match -Wno-undeclared-selector -Wno-deprecated-implementations -Wno-implicit-fallthrough -isysroot /Applications/Xcode.app/Contents/Developer/Platforms/iPhoneSimulator.platform/Developer/SDKs/iPhoneSimulator26.4.sdk -fstrict-aliasing -Wprotocol -Wdeprecated-declarations -Wno-sign-conversion -Wno-infinite-recursion -Wno-comma -Wno-block-capture-autoreleasing -Wno-strict-prototypes -Wno-semicolon-before-method-body -index-store-path /Users/aadityasingh/Library/Developer/Xcode/DerivedData/Chatlio-erkyzdeecsohoaggpwbjdvavzqfv/Index.noindex/DataStore @/Users/aadityasingh/Library/Developer/Xcode/DerivedData/Chatlio-erkyzdeecsohoaggpwbjdvavzqfv/Build/Intermediates.noindex/DTCoreText.build/Debug-iphonesimulator/DTCoreText.build/Objects-normal/x86_64/e6072d4f65d7061329687fe24e3d63a7-common-args.resp -include /Users/aadityasingh/Library/Developer/Xcode/DerivedData/Chatlio-erkyzdeecsohoaggpwbjdvavzqfv/Build/Intermediates.noindex/DTCoreText.build/Debug-iphonesimulator/DTCoreText.build/DerivedSources/resource_bundle_accessor.h -MMD -MT dependencies -MF /Users/aadityasingh/Library/Developer/Xcode/DerivedData/Chatlio-erkyzdeecsohoaggpwbjdvavzqfv/Build/Intermediates.noindex/DTCoreText.build/Debug-iphonesimulator/DTCoreText.build/Objects-normal/x86_64/DTLazyImageView.d --serialize-diagnostics /Users/aadityasingh/Library/Developer/Xcode/DerivedData/Chatlio-erkyzdeecsohoaggpwbjdvavzqfv/Build/Intermediates.noindex/DTCoreText.build/Debug-iphonesimulator/DTCoreText.build/Objects-normal/x86_64/DTLazyImageView.dia -c /Users/aadityasingh/Library/Developer/Xcode/DerivedData/Chatlio-erkyzdeecsohoaggpwbjdvavzqfv/SourcePackages/checkouts/DTCoreText/Core/Source/DTLazyImageView.m -o /Users/aadityasingh/Library/Developer/Xcode/DerivedData/Chatlio-erkyzdeecsohoaggpwbjdvavzqfv/Build/Intermediates.noindex/DTCoreText.build/Debug-iphonesimulator/DTCoreText.build/Objects-normal/x86_64/DTLazyImageView.o -index-unit-output-path /DTCoreText.build/Debug-iphonesimulator/DTCoreText.build/Objects-normal/x86_64/DTLazyImageView.o

ScanDependencies /Users/aadityasingh/Library/Developer/Xcode/DerivedData/Chatlio-erkyzdeecsohoaggpwbjdvavzqfv/Build/Intermediates.noindex/DTCoreText.build/Debug-iphonesimulator/DTCoreText.build/Objects-normal/x86_64/DTImageTextAttachment.o /Users/aadityasingh/Library/Developer/Xcode/DerivedData/Chatlio-erkyzdeecsohoaggpwbjdvavzqfv/SourcePackages/checkouts/DTCoreText/Core/Source/DTImageTextAttachment.m normal x86_64 objective-c com.apple.compilers.llvm.clang.1_0.compiler (in target 'DTCoreText' from project 'DTCoreText')
    cd /Users/aadityasingh/Documents/Development/element-x-ios/Chatlio.xcodeproj
    
    Using response file: /Users/aadityasingh/Library/Developer/Xcode/DerivedData/Chatlio-erkyzdeecsohoaggpwbjdvavzqfv/Build/Intermediates.noindex/DTCoreText.build/Debug-iphonesimulator/DTCoreText.build/Objects-normal/x86_64/e6072d4f65d7061329687fe24e3d63a7-common-args.resp
    
    builtin-ScanDependencies -o /Users/aadityasingh/Library/Developer/Xcode/DerivedData/Chatlio-erkyzdeecsohoaggpwbjdvavzqfv/Build/Intermediates.noindex/DTCoreText.build/Debug-iphonesimulator/DTCoreText.build/Objects-normal/x86_64/DTImageTextAttachment.o.scan -- /Applications/Xcode.app/Contents/Developer/Toolchains/XcodeDefault.xctoolchain/usr/bin/clang -x objective-c -ivfsstatcache /Users/aadityasingh/Library/Developer/Xcode/DerivedData/SDKStatCaches.noindex/iphonesimulator26.4-23E252-686eebb5dc1d8ecb277353a59184f4aa.sdkstatcache -target x86_64-apple-ios12.0-simulator -fmessage-length\=0 -fdiagnostics-show-note-include-stack -fmacro-backtrace-limit\=0 -fno-color-diagnostics -fmodules-prune-interval\=86400 -fmodules-prune-after\=345600 -fbuild-session-file\=/Users/aadityasingh/Library/Developer/Xcode/DerivedData/ModuleCache.noindex/Session.modulevalidation -fmodules-validate-once-per-build-session -Wnon-modular-include-in-framework-module -Werror\=non-modular-include-in-framework-module -Wno-trigraphs -Wno-missing-field-initializers -Wno-missing-prototypes -Wno-return-type -Wno-implicit-atomic-properties -Wno-objc-interface-ivars -Wno-arc-repeated-use-of-weak -Wno-missing-braces -Wparentheses -Wswitch -Wno-unused-function -Wno-unused-label -Wno-unused-parameter -Wno-unused-variable -Wunused-value -Wno-empty-body -Wno-uninitialized -Wno-unknown-pragmas -w -Wno-shadow -Wno-four-char-constants -Wno-conversion -Wno-constant-conversion -Wno-int-conversion -Wno-bool-conversion -Wno-enum-conversion -Wno-float-conversion -Wno-non-literal-null-conversion -Wno-objc-literal-conversion -Wshorten-64-to-32 -Wpointer-sign -Wno-newline-eof -Wno-selector -Wno-strict-selector-match -Wno-undeclared-selector -Wno-deprecated-implementations -Wno-implicit-fallthrough -isysroot /Applications/Xcode.app/Contents/Developer/Platforms/iPhoneSimulator.platform/Developer/SDKs/iPhoneSimulator26.4.sdk -fstrict-aliasing -Wprotocol -Wdeprecated-declarations -Wno-sign-conversion -Wno-infinite-recursion -Wno-comma -Wno-block-capture-autoreleasing -Wno-strict-prototypes -Wno-semicolon-before-method-body -index-store-path /Users/aadityasingh/Library/Developer/Xcode/DerivedData/Chatlio-erkyzdeecsohoaggpwbjdvavzqfv/Index.noindex/DataStore @/Users/aadityasingh/Library/Developer/Xcode/DerivedData/Chatlio-erkyzdeecsohoaggpwbjdvavzqfv/Build/Intermediates.noindex/DTCoreText.build/Debug-iphonesimulator/DTCoreText.build/Objects-normal/x86_64/e6072d4f65d7061329687fe24e3d63a7-common-args.resp -include /Users/aadityasingh/Library/Developer/Xcode/DerivedData/Chatlio-erkyzdeecsohoaggpwbjdvavzqfv/Build/Intermediates.noindex/DTCoreText.build/Debug-iphonesimulator/DTCoreText.build/DerivedSources/resource_bundle_accessor.h -MMD -MT dependencies -MF /Users/aadityasingh/Library/Developer/Xcode/DerivedData/Chatlio-erkyzdeecsohoaggpwbjdvavzqfv/Build/Intermediates.noindex/DTCoreText.build/Debug-iphonesimulator/DTCoreText.build/Objects-normal/x86_64/DTImageTextAttachment.d --serialize-diagnostics /Users/aadityasingh/Library/Developer/Xcode/DerivedData/Chatlio-erkyzdeecsohoaggpwbjdvavzqfv/Build/Intermediates.noindex/DTCoreText.build/Debug-iphonesimulator/DTCoreText.build/Objects-normal/x86_64/DTImageTextAttachment.dia -c /Users/aadityasingh/Library/Developer/Xcode/DerivedData/Chatlio-erkyzdeecsohoaggpwbjdvavzqfv/SourcePackages/checkouts/DTCoreText/Core/Source/DTImageTextAttachment.m -o /Users/aadityasingh/Library/Developer/Xcode/DerivedData/Chatlio-erkyzdeecsohoaggpwbjdvavzqfv/Build/Intermediates.noindex/DTCoreText.build/Debug-iphonesimulator/DTCoreText.build/Objects-normal/x86_64/DTImageTextAttachment.o -index-unit-output-path /DTCoreText.build/Debug-iphonesimulator/DTCoreText.build/Objects-normal/x86_64/DTImageTextAttachment.o

ScanDependencies /Users/aadityasingh/Library/Developer/Xcode/DerivedData/Chatlio-erkyzdeecsohoaggpwbjdvavzqfv/Build/Intermediates.noindex/DTCoreText.build/Debug-iphonesimulator/DTCoreText.build/Objects-normal/x86_64/DTImage+HTML.o /Users/aadityasingh/Library/Developer/Xcode/DerivedData/Chatlio-erkyzdeecsohoaggpwbjdvavzqfv/SourcePackages/checkouts/DTCoreText/Core/Source/DTImage+HTML.m normal x86_64 objective-c com.apple.compilers.llvm.clang.1_0.compiler (in target 'DTCoreText' from project 'DTCoreText')
    cd /Users/aadityasingh/Documents/Development/element-x-ios/Chatlio.xcodeproj
    
    Using response file: /Users/aadityasingh/Library/Developer/Xcode/DerivedData/Chatlio-erkyzdeecsohoaggpwbjdvavzqfv/Build/Intermediates.noindex/DTCoreText.build/Debug-iphonesimulator/DTCoreText.build/Objects-normal/x86_64/e6072d4f65d7061329687fe24e3d63a7-common-args.resp
    
    builtin-ScanDependencies -o /Users/aadityasingh/Library/Developer/Xcode/DerivedData/Chatlio-erkyzdeecsohoaggpwbjdvavzqfv/Build/Intermediates.noindex/DTCoreText.build/Debug-iphonesimulator/DTCoreText.build/Objects-normal/x86_64/DTImage+HTML.o.scan -- /Applications/Xcode.app/Contents/Developer/Toolchains/XcodeDefault.xctoolchain/usr/bin/clang -x objective-c -ivfsstatcache /Users/aadityasingh/Library/Developer/Xcode/DerivedData/SDKStatCaches.noindex/iphonesimulator26.4-23E252-686eebb5dc1d8ecb277353a59184f4aa.sdkstatcache -target x86_64-apple-ios12.0-simulator -fmessage-length\=0 -fdiagnostics-show-note-include-stack -fmacro-backtrace-limit\=0 -fno-color-diagnostics -fmodules-prune-interval\=86400 -fmodules-prune-after\=345600 -fbuild-session-file\=/Users/aadityasingh/Library/Developer/Xcode/DerivedData/ModuleCache.noindex/Session.modulevalidation -fmodules-validate-once-per-build-session -Wnon-modular-include-in-framework-module -Werror\=non-modular-include-in-framework-module -Wno-trigraphs -Wno-missing-field-initializers -Wno-missing-prototypes -Wno-return-type -Wno-implicit-atomic-properties -Wno-objc-interface-ivars -Wno-arc-repeated-use-of-weak -Wno-missing-braces -Wparentheses -Wswitch -Wno-unused-function -Wno-unused-label -Wno-unused-parameter -Wno-unused-variable -Wunused-value -Wno-empty-body -Wno-uninitialized -Wno-unknown-pragmas -w -Wno-shadow -Wno-four-char-constants -Wno-conversion -Wno-constant-conversion -Wno-int-conversion -Wno-bool-conversion -Wno-enum-conversion -Wno-float-conversion -Wno-non-literal-null-conversion -Wno-objc-literal-conversion -Wshorten-64-to-32 -Wpointer-sign -Wno-newline-eof -Wno-selector -Wno-strict-selector-match -Wno-undeclared-selector -Wno-deprecated-implementations -Wno-implicit-fallthrough -isysroot /Applications/Xcode.app/Contents/Developer/Platforms/iPhoneSimulator.platform/Developer/SDKs/iPhoneSimulator26.4.sdk -fstrict-aliasing -Wprotocol -Wdeprecated-declarations -Wno-sign-conversion -Wno-infinite-recursion -Wno-comma -Wno-block-capture-autoreleasing -Wno-strict-prototypes -Wno-semicolon-before-method-body -index-store-path /Users/aadityasingh/Library/Developer/Xcode/DerivedData/Chatlio-erkyzdeecsohoaggpwbjdvavzqfv/Index.noindex/DataStore @/Users/aadityasingh/Library/Developer/Xcode/DerivedData/Chatlio-erkyzdeecsohoaggpwbjdvavzqfv/Build/Intermediates.noindex/DTCoreText.build/Debug-iphonesimulator/DTCoreText.build/Objects-normal/x86_64/e6072d4f65d7061329687fe24e3d63a7-common-args.resp -include /Users/aadityasingh/Library/Developer/Xcode/DerivedData/Chatlio-erkyzdeecsohoaggpwbjdvavzqfv/Build/Intermediates.noindex/DTCoreText.build/Debug-iphonesimulator/DTCoreText.build/DerivedSources/resource_bundle_accessor.h -MMD -MT dependencies -MF /Users/aadityasingh/Library/Developer/Xcode/DerivedData/Chatlio-erkyzdeecsohoaggpwbjdvavzqfv/Build/Intermediates.noindex/DTCoreText.build/Debug-iphonesimulator/DTCoreText.build/Objects-normal/x86_64/DTImage+HTML.d --serialize-diagnostics /Users/aadityasingh/Library/Developer/Xcode/DerivedData/Chatlio-erkyzdeecsohoaggpwbjdvavzqfv/Build/Intermediates.noindex/DTCoreText.build/Debug-iphonesimulator/DTCoreText.build/Objects-normal/x86_64/DTImage+HTML.dia -c /Users/aadityasingh/Library/Developer/Xcode/DerivedData/Chatlio-erkyzdeecsohoaggpwbjdvavzqfv/SourcePackages/checkouts/DTCoreText/Core/Source/DTImage+HTML.m -o /Users/aadityasingh/Library/Developer/Xcode/DerivedData/Chatlio-erkyzdeecsohoaggpwbjdvavzqfv/Build/Intermediates.noindex/DTCoreText.build/Debug-iphonesimulator/DTCoreText.build/Objects-normal/x86_64/DTImage+HTML.o -index-unit-output-path /DTCoreText.build/Debug-iphonesimulator/DTCoreText.build/Objects-normal/x86_64/DTImage+HTML.o

PrecompileModule /Users/aadityasingh/Library/Developer/Xcode/DerivedData/Chatlio-erkyzdeecsohoaggpwbjdvavzqfv/Build/Intermediates.noindex/ExplicitPrecompiledModules/UIKit-9CB7OVE6FHP26ZKRQ3TLUQIW1.scan
    cd /
    builtin-precompileModule /Users/aadityasingh/Library/Developer/Xcode/DerivedData/Chatlio-erkyzdeecsohoaggpwbjdvavzqfv/Build/Intermediates.noindex/ExplicitPrecompiledModules/UIKit-9CB7OVE6FHP26ZKRQ3TLUQIW1.scan

ScanDependencies /Users/aadityasingh/Library/Developer/Xcode/DerivedData/Chatlio-erkyzdeecsohoaggpwbjdvavzqfv/Build/Intermediates.noindex/DTCoreText.build/Debug-iphonesimulator/DTCoreText.build/Objects-normal/x86_64/DTIframeTextAttachment.o /Users/aadityasingh/Library/Developer/Xcode/DerivedData/Chatlio-erkyzdeecsohoaggpwbjdvavzqfv/SourcePackages/checkouts/DTCoreText/Core/Source/DTIframeTextAttachment.m normal x86_64 objective-c com.apple.compilers.llvm.clang.1_0.compiler (in target 'DTCoreText' from project 'DTCoreText')
    cd /Users/aadityasingh/Documents/Development/element-x-ios/Chatlio.xcodeproj
    
    Using response file: /Users/aadityasingh/Library/Developer/Xcode/DerivedData/Chatlio-erkyzdeecsohoaggpwbjdvavzqfv/Build/Intermediates.noindex/DTCoreText.build/Debug-iphonesimulator/DTCoreText.build/Objects-normal/x86_64/e6072d4f65d7061329687fe24e3d63a7-common-args.resp
    
    builtin-ScanDependencies -o /Users/aadityasingh/Library/Developer/Xcode/DerivedData/Chatlio-erkyzdeecsohoaggpwbjdvavzqfv/Build/Intermediates.noindex/DTCoreText.build/Debug-iphonesimulator/DTCoreText.build/Objects-normal/x86_64/DTIframeTextAttachment.o.scan -- /Applications/Xcode.app/Contents/Developer/Toolchains/XcodeDefault.xctoolchain/usr/bin/clang -x objective-c -ivfsstatcache /Users/aadityasingh/Library/Developer/Xcode/DerivedData/SDKStatCaches.noindex/iphonesimulator26.4-23E252-686eebb5dc1d8ecb277353a59184f4aa.sdkstatcache -target x86_64-apple-ios12.0-simulator -fmessage-length\=0 -fdiagnostics-show-note-include-stack -fmacro-backtrace-limit\=0 -fno-color-diagnostics -fmodules-prune-interval\=86400 -fmodules-prune-after\=345600 -fbuild-session-file\=/Users/aadityasingh/Library/Developer/Xcode/DerivedData/ModuleCache.noindex/Session.modulevalidation -fmodules-validate-once-per-build-session -Wnon-modular-include-in-framework-module -Werror\=non-modular-include-in-framework-module -Wno-trigraphs -Wno-missing-field-initializers -Wno-missing-prototypes -Wno-return-type -Wno-implicit-atomic-properties -Wno-objc-interface-ivars -Wno-arc-repeated-use-of-weak -Wno-missing-braces -Wparentheses -Wswitch -Wno-unused-function -Wno-unused-label -Wno-unused-parameter -Wno-unused-variable -Wunused-value -Wno-empty-body -Wno-uninitialized -Wno-unknown-pragmas -w -Wno-shadow -Wno-four-char-constants -Wno-conversion -Wno-constant-conversion -Wno-int-conversion -Wno-bool-conversion -Wno-enum-conversion -Wno-float-conversion -Wno-non-literal-null-conversion -Wno-objc-literal-conversion -Wshorten-64-to-32 -Wpointer-sign -Wno-newline-eof -Wno-selector -Wno-strict-selector-match -Wno-undeclared-selector -Wno-deprecated-implementations -Wno-implicit-fallthrough -isysroot /Applications/Xcode.app/Contents/Developer/Platforms/iPhoneSimulator.platform/Developer/SDKs/iPhoneSimulator26.4.sdk -fstrict-aliasing -Wprotocol -Wdeprecated-declarations -Wno-sign-conversion -Wno-infinite-recursion -Wno-comma -Wno-block-capture-autoreleasing -Wno-strict-prototypes -Wno-semicolon-before-method-body -index-store-path /Users/aadityasingh/Library/Developer/Xcode/DerivedData/Chatlio-erkyzdeecsohoaggpwbjdvavzqfv/Index.noindex/DataStore @/Users/aadityasingh/Library/Developer/Xcode/DerivedData/Chatlio-erkyzdeecsohoaggpwbjdvavzqfv/Build/Intermediates.noindex/DTCoreText.build/Debug-iphonesimulator/DTCoreText.build/Objects-normal/x86_64/e6072d4f65d7061329687fe24e3d63a7-common-args.resp -include /Users/aadityasingh/Library/Developer/Xcode/DerivedData/Chatlio-erkyzdeecsohoaggpwbjdvavzqfv/Build/Intermediates.noindex/DTCoreText.build/Debug-iphonesimulator/DTCoreText.build/DerivedSources/resource_bundle_accessor.h -MMD -MT dependencies -MF /Users/aadityasingh/Library/Developer/Xcode/DerivedData/Chatlio-erkyzdeecsohoaggpwbjdvavzqfv/Build/Intermediates.noindex/DTCoreText.build/Debug-iphonesimulator/DTCoreText.build/Objects-normal/x86_64/DTIframeTextAttachment.d --serialize-diagnostics /Users/aadityasingh/Library/Developer/Xcode/DerivedData/Chatlio-erkyzdeecsohoaggpwbjdvavzqfv/Build/Intermediates.noindex/DTCoreText.build/Debug-iphonesimulator/DTCoreText.build/Objects-normal/x86_64/DTIframeTextAttachment.dia -c /Users/aadityasingh/Library/Developer/Xcode/DerivedData/Chatlio-erkyzdeecsohoaggpwbjdvavzqfv/SourcePackages/checkouts/DTCoreText/Core/Source/DTIframeTextAttachment.m -o /Users/aadityasingh/Library/Developer/Xcode/DerivedData/Chatlio-erkyzdeecsohoaggpwbjdvavzqfv/Build/Intermediates.noindex/DTCoreText.build/Debug-iphonesimulator/DTCoreText.build/Objects-normal/x86_64/DTIframeTextAttachment.o -index-unit-output-path /DTCoreText.build/Debug-iphonesimulator/DTCoreText.build/Objects-normal/x86_64/DTIframeTextAttachment.o

ScanDependencies /Users/aadityasingh/Library/Developer/Xcode/DerivedData/Chatlio-erkyzdeecsohoaggpwbjdvavzqfv/Build/Intermediates.noindex/DTCoreText.build/Debug-iphonesimulator/DTCoreText.build/Objects-normal/x86_64/DTHorizontalRuleHTMLElement.o /Users/aadityasingh/Library/Developer/Xcode/DerivedData/Chatlio-erkyzdeecsohoaggpwbjdvavzqfv/SourcePackages/checkouts/DTCoreText/Core/Source/DTHorizontalRuleHTMLElement.m normal x86_64 objective-c com.apple.compilers.llvm.clang.1_0.compiler (in target 'DTCoreText' from project 'DTCoreText')
    cd /Users/aadityasingh/Documents/Development/element-x-ios/Chatlio.xcodeproj
    
    Using response file: /Users/aadityasingh/Library/Developer/Xcode/DerivedData/Chatlio-erkyzdeecsohoaggpwbjdvavzqfv/Build/Intermediates.noindex/DTCoreText.build/Debug-iphonesimulator/DTCoreText.build/Objects-normal/x86_64/e6072d4f65d7061329687fe24e3d63a7-common-args.resp
    
    builtin-ScanDependencies -o /Users/aadityasingh/Library/Developer/Xcode/DerivedData/Chatlio-erkyzdeecsohoaggpwbjdvavzqfv/Build/Intermediates.noindex/DTCoreText.build/Debug-iphonesimulator/DTCoreText.build/Objects-normal/x86_64/DTHorizontalRuleHTMLElement.o.scan -- /Applications/Xcode.app/Contents/Developer/Toolchains/XcodeDefault.xctoolchain/usr/bin/clang -x objective-c -ivfsstatcache /Users/aadityasingh/Library/Developer/Xcode/DerivedData/SDKStatCaches.noindex/iphonesimulator26.4-23E252-686eebb5dc1d8ecb277353a59184f4aa.sdkstatcache -target x86_64-apple-ios12.0-simulator -fmessage-length\=0 -fdiagnostics-show-note-include-stack -fmacro-backtrace-limit\=0 -fno-color-diagnostics -fmodules-prune-interval\=86400 -fmodules-prune-after\=345600 -fbuild-session-file\=/Users/aadityasingh/Library/Developer/Xcode/DerivedData/ModuleCache.noindex/Session.modulevalidation -fmodules-validate-once-per-build-session -Wnon-modular-include-in-framework-module -Werror\=non-modular-include-in-framework-module -Wno-trigraphs -Wno-missing-field-initializers -Wno-missing-prototypes -Wno-return-type -Wno-implicit-atomic-properties -Wno-objc-interface-ivars -Wno-arc-repeated-use-of-weak -Wno-missing-braces -Wparentheses -Wswitch -Wno-unused-function -Wno-unused-label -Wno-unused-parameter -Wno-unused-variable -Wunused-value -Wno-empty-body -Wno-uninitialized -Wno-unknown-pragmas -w -Wno-shadow -Wno-four-char-constants -Wno-conversion -Wno-constant-conversion -Wno-int-conversion -Wno-bool-conversion -Wno-enum-conversion -Wno-float-conversion -Wno-non-literal-null-conversion -Wno-objc-literal-conversion -Wshorten-64-to-32 -Wpointer-sign -Wno-newline-eof -Wno-selector -Wno-strict-selector-match -Wno-undeclared-selector -Wno-deprecated-implementations -Wno-implicit-fallthrough -isysroot /Applications/Xcode.app/Contents/Developer/Platforms/iPhoneSimulator.platform/Developer/SDKs/iPhoneSimulator26.4.sdk -fstrict-aliasing -Wprotocol -Wdeprecated-declarations -Wno-sign-conversion -Wno-infinite-recursion -Wno-comma -Wno-block-capture-autoreleasing -Wno-strict-prototypes -Wno-semicolon-before-method-body -index-store-path /Users/aadityasingh/Library/Developer/Xcode/DerivedData/Chatlio-erkyzdeecsohoaggpwbjdvavzqfv/Index.noindex/DataStore @/Users/aadityasingh/Library/Developer/Xcode/DerivedData/Chatlio-erkyzdeecsohoaggpwbjdvavzqfv/Build/Intermediates.noindex/DTCoreText.build/Debug-iphonesimulator/DTCoreText.build/Objects-normal/x86_64/e6072d4f65d7061329687fe24e3d63a7-common-args.resp -include /Users/aadityasingh/Library/Developer/Xcode/DerivedData/Chatlio-erkyzdeecsohoaggpwbjdvavzqfv/Build/Intermediates.noindex/DTCoreText.build/Debug-iphonesimulator/DTCoreText.build/DerivedSources/resource_bundle_accessor.h -MMD -MT dependencies -MF /Users/aadityasingh/Library/Developer/Xcode/DerivedData/Chatlio-erkyzdeecsohoaggpwbjdvavzqfv/Build/Intermediates.noindex/DTCoreText.build/Debug-iphonesimulator/DTCoreText.build/Objects-normal/x86_64/DTHorizontalRuleHTMLElement.d --serialize-diagnostics /Users/aadityasingh/Library/Developer/Xcode/DerivedData/Chatlio-erkyzdeecsohoaggpwbjdvavzqfv/Build/Intermediates.noindex/DTCoreText.build/Debug-iphonesimulator/DTCoreText.build/Objects-normal/x86_64/DTHorizontalRuleHTMLElement.dia -c /Users/aadityasingh/Library/Developer/Xcode/DerivedData/Chatlio-erkyzdeecsohoaggpwbjdvavzqfv/SourcePackages/checkouts/DTCoreText/Core/Source/DTHorizontalRuleHTMLElement.m -o /Users/aadityasingh/Library/Developer/Xcode/DerivedData/Chatlio-erkyzdeecsohoaggpwbjdvavzqfv/Build/Intermediates.noindex/DTCoreText.build/Debug-iphonesimulator/DTCoreText.build/Objects-normal/x86_64/DTHorizontalRuleHTMLElement.o -index-unit-output-path /DTCoreText.build/Debug-iphonesimulator/DTCoreText.build/Objects-normal/x86_64/DTHorizontalRuleHTMLElement.o

ScanDependencies /Users/aadityasingh/Library/Developer/Xcode/DerivedData/Chatlio-erkyzdeecsohoaggpwbjdvavzqfv/Build/Intermediates.noindex/DTCoreText.build/Debug-iphonesimulator/DTCoreText.build/Objects-normal/x86_64/DTHTMLWriter.o /Users/aadityasingh/Library/Developer/Xcode/DerivedData/Chatlio-erkyzdeecsohoaggpwbjdvavzqfv/SourcePackages/checkouts/DTCoreText/Core/Source/DTHTMLWriter.m normal x86_64 objective-c com.apple.compilers.llvm.clang.1_0.compiler (in target 'DTCoreText' from project 'DTCoreText')
    cd /Users/aadityasingh/Documents/Development/element-x-ios/Chatlio.xcodeproj
    
    Using response file: /Users/aadityasingh/Library/Developer/Xcode/DerivedData/Chatlio-erkyzdeecsohoaggpwbjdvavzqfv/Build/Intermediates.noindex/DTCoreText.build/Debug-iphonesimulator/DTCoreText.build/Objects-normal/x86_64/e6072d4f65d7061329687fe24e3d63a7-common-args.resp
    
    builtin-ScanDependencies -o /Users/aadityasingh/Library/Developer/Xcode/DerivedData/Chatlio-erkyzdeecsohoaggpwbjdvavzqfv/Build/Intermediates.noindex/DTCoreText.build/Debug-iphonesimulator/DTCoreText.build/Objects-normal/x86_64/DTHTMLWriter.o.scan -- /Applications/Xcode.app/Contents/Developer/Toolchains/XcodeDefault.xctoolchain/usr/bin/clang -x objective-c -ivfsstatcache /Users/aadityasingh/Library/Developer/Xcode/DerivedData/SDKStatCaches.noindex/iphonesimulator26.4-23E252-686eebb5dc1d8ecb277353a59184f4aa.sdkstatcache -target x86_64-apple-ios12.0-simulator -fmessage-length\=0 -fdiagnostics-show-note-include-stack -fmacro-backtrace-limit\=0 -fno-color-diagnostics -fmodules-prune-interval\=86400 -fmodules-prune-after\=345600 -fbuild-session-file\=/Users/aadityasingh/Library/Developer/Xcode/DerivedData/ModuleCache.noindex/Session.modulevalidation -fmodules-validate-once-per-build-session -Wnon-modular-include-in-framework-module -Werror\=non-modular-include-in-framework-module -Wno-trigraphs -Wno-missing-field-initializers -Wno-missing-prototypes -Wno-return-type -Wno-implicit-atomic-properties -Wno-objc-interface-ivars -Wno-arc-repeated-use-of-weak -Wno-missing-braces -Wparentheses -Wswitch -Wno-unused-function -Wno-unused-label -Wno-unused-parameter -Wno-unused-variable -Wunused-value -Wno-empty-body -Wno-uninitialized -Wno-unknown-pragmas -w -Wno-shadow -Wno-four-char-constants -Wno-conversion -Wno-constant-conversion -Wno-int-conversion -Wno-bool-conversion -Wno-enum-conversion -Wno-float-conversion -Wno-non-literal-null-conversion -Wno-objc-literal-conversion -Wshorten-64-to-32 -Wpointer-sign -Wno-newline-eof -Wno-selector -Wno-strict-selector-match -Wno-undeclared-selector -Wno-deprecated-implementations -Wno-implicit-fallthrough -isysroot /Applications/Xcode.app/Contents/Developer/Platforms/iPhoneSimulator.platform/Developer/SDKs/iPhoneSimulator26.4.sdk -fstrict-aliasing -Wprotocol -Wdeprecated-declarations -Wno-sign-conversion -Wno-infinite-recursion -Wno-comma -Wno-block-capture-autoreleasing -Wno-strict-prototypes -Wno-semicolon-before-method-body -index-store-path /Users/aadityasingh/Library/Developer/Xcode/DerivedData/Chatlio-erkyzdeecsohoaggpwbjdvavzqfv/Index.noindex/DataStore @/Users/aadityasingh/Library/Developer/Xcode/DerivedData/Chatlio-erkyzdeecsohoaggpwbjdvavzqfv/Build/Intermediates.noindex/DTCoreText.build/Debug-iphonesimulator/DTCoreText.build/Objects-normal/x86_64/e6072d4f65d7061329687fe24e3d63a7-common-args.resp -include /Users/aadityasingh/Library/Developer/Xcode/DerivedData/Chatlio-erkyzdeecsohoaggpwbjdvavzqfv/Build/Intermediates.noindex/DTCoreText.build/Debug-iphonesimulator/DTCoreText.build/DerivedSources/resource_bundle_accessor.h -MMD -MT dependencies -MF /Users/aadityasingh/Library/Developer/Xcode/DerivedData/Chatlio-erkyzdeecsohoaggpwbjdvavzqfv/Build/Intermediates.noindex/DTCoreText.build/Debug-iphonesimulator/DTCoreText.build/Objects-normal/x86_64/DTHTMLWriter.d --serialize-diagnostics /Users/aadityasingh/Library/Developer/Xcode/DerivedData/Chatlio-erkyzdeecsohoaggpwbjdvavzqfv/Build/Intermediates.noindex/DTCoreText.build/Debug-iphonesimulator/DTCoreText.build/Objects-normal/x86_64/DTHTMLWriter.dia -c /Users/aadityasingh/Library/Developer/Xcode/DerivedData/Chatlio-erkyzdeecsohoaggpwbjdvavzqfv/SourcePackages/checkouts/DTCoreText/Core/Source/DTHTMLWriter.m -o /Users/aadityasingh/Library/Developer/Xcode/DerivedData/Chatlio-erkyzdeecsohoaggpwbjdvavzqfv/Build/Intermediates.noindex/DTCoreText.build/Debug-iphonesimulator/DTCoreText.build/Objects-normal/x86_64/DTHTMLWriter.o -index-unit-output-path /DTCoreText.build/Debug-iphonesimulator/DTCoreText.build/Objects-normal/x86_64/DTHTMLWriter.o

PrecompileModule /Users/aadityasingh/Library/Developer/Xcode/DerivedData/Chatlio-erkyzdeecsohoaggpwbjdvavzqfv/Build/Intermediates.noindex/ExplicitPrecompiledModules/_DarwinFoundation3-AMDAP65WBMW1S9CKHF3TZPDEZ.scan
    cd /
    builtin-precompileModule /Users/aadityasingh/Library/Developer/Xcode/DerivedData/Chatlio-erkyzdeecsohoaggpwbjdvavzqfv/Build/Intermediates.noindex/ExplicitPrecompiledModules/_DarwinFoundation3-AMDAP65WBMW1S9CKHF3TZPDEZ.scan

ScanDependencies /Users/aadityasingh/Library/Developer/Xcode/DerivedData/Chatlio-erkyzdeecsohoaggpwbjdvavzqfv/Build/Intermediates.noindex/DTCoreText.build/Debug-iphonesimulator/DTCoreText.build/Objects-normal/x86_64/DTHTMLParserTextNode.o /Users/aadityasingh/Library/Developer/Xcode/DerivedData/Chatlio-erkyzdeecsohoaggpwbjdvavzqfv/SourcePackages/checkouts/DTCoreText/Core/Source/DTHTMLParserTextNode.m normal x86_64 objective-c com.apple.compilers.llvm.clang.1_0.compiler (in target 'DTCoreText' from project 'DTCoreText')
    cd /Users/aadityasingh/Documents/Development/element-x-ios/Chatlio.xcodeproj
    
    Using response file: /Users/aadityasingh/Library/Developer/Xcode/DerivedData/Chatlio-erkyzdeecsohoaggpwbjdvavzqfv/Build/Intermediates.noindex/DTCoreText.build/Debug-iphonesimulator/DTCoreText.build/Objects-normal/x86_64/e6072d4f65d7061329687fe24e3d63a7-common-args.resp
    
    builtin-ScanDependencies -o /Users/aadityasingh/Library/Developer/Xcode/DerivedData/Chatlio-erkyzdeecsohoaggpwbjdvavzqfv/Build/Intermediates.noindex/DTCoreText.build/Debug-iphonesimulator/DTCoreText.build/Objects-normal/x86_64/DTHTMLParserTextNode.o.scan -- /Applications/Xcode.app/Contents/Developer/Toolchains/XcodeDefault.xctoolchain/usr/bin/clang -x objective-c -ivfsstatcache /Users/aadityasingh/Library/Developer/Xcode/DerivedData/SDKStatCaches.noindex/iphonesimulator26.4-23E252-686eebb5dc1d8ecb277353a59184f4aa.sdkstatcache -target x86_64-apple-ios12.0-simulator -fmessage-length\=0 -fdiagnostics-show-note-include-stack -fmacro-backtrace-limit\=0 -fno-color-diagnostics -fmodules-prune-interval\=86400 -fmodules-prune-after\=345600 -fbuild-session-file\=/Users/aadityasingh/Library/Developer/Xcode/DerivedData/ModuleCache.noindex/Session.modulevalidation -fmodules-validate-once-per-build-session -Wnon-modular-include-in-framework-module -Werror\=non-modular-include-in-framework-module -Wno-trigraphs -Wno-missing-field-initializers -Wno-missing-prototypes -Wno-return-type -Wno-implicit-atomic-properties -Wno-objc-interface-ivars -Wno-arc-repeated-use-of-weak -Wno-missing-braces -Wparentheses -Wswitch -Wno-unused-function -Wno-unused-label -Wno-unused-parameter -Wno-unused-variable -Wunused-value -Wno-empty-body -Wno-uninitialized -Wno-unknown-pragmas -w -Wno-shadow -Wno-four-char-constants -Wno-conversion -Wno-constant-conversion -Wno-int-conversion -Wno-bool-conversion -Wno-enum-conversion -Wno-float-conversion -Wno-non-literal-null-conversion -Wno-objc-literal-conversion -Wshorten-64-to-32 -Wpointer-sign -Wno-newline-eof -Wno-selector -Wno-strict-selector-match -Wno-undeclared-selector -Wno-deprecated-implementations -Wno-implicit-fallthrough -isysroot /Applications/Xcode.app/Contents/Developer/Platforms/iPhoneSimulator.platform/Developer/SDKs/iPhoneSimulator26.4.sdk -fstrict-aliasing -Wprotocol -Wdeprecated-declarations -Wno-sign-conversion -Wno-infinite-recursion -Wno-comma -Wno-block-capture-autoreleasing -Wno-strict-prototypes -Wno-semicolon-before-method-body -index-store-path /Users/aadityasingh/Library/Developer/Xcode/DerivedData/Chatlio-erkyzdeecsohoaggpwbjdvavzqfv/Index.noindex/DataStore @/Users/aadityasingh/Library/Developer/Xcode/DerivedData/Chatlio-erkyzdeecsohoaggpwbjdvavzqfv/Build/Intermediates.noindex/DTCoreText.build/Debug-iphonesimulator/DTCoreText.build/Objects-normal/x86_64/e6072d4f65d7061329687fe24e3d63a7-common-args.resp -include /Users/aadityasingh/Library/Developer/Xcode/DerivedData/Chatlio-erkyzdeecsohoaggpwbjdvavzqfv/Build/Intermediates.noindex/DTCoreText.build/Debug-iphonesimulator/DTCoreText.build/DerivedSources/resource_bundle_accessor.h -MMD -MT dependencies -MF /Users/aadityasingh/Library/Developer/Xcode/DerivedData/Chatlio-erkyzdeecsohoaggpwbjdvavzqfv/Build/Intermediates.noindex/DTCoreText.build/Debug-iphonesimulator/DTCoreText.build/Objects-normal/x86_64/DTHTMLParserTextNode.d --serialize-diagnostics /Users/aadityasingh/Library/Developer/Xcode/DerivedData/Chatlio-erkyzdeecsohoaggpwbjdvavzqfv/Build/Intermediates.noindex/DTCoreText.build/Debug-iphonesimulator/DTCoreText.build/Objects-normal/x86_64/DTHTMLParserTextNode.dia -c /Users/aadityasingh/Library/Developer/Xcode/DerivedData/Chatlio-erkyzdeecsohoaggpwbjdvavzqfv/SourcePackages/checkouts/DTCoreText/Core/Source/DTHTMLParserTextNode.m -o /Users/aadityasingh/Library/Developer/Xcode/DerivedData/Chatlio-erkyzdeecsohoaggpwbjdvavzqfv/Build/Intermediates.noindex/DTCoreText.build/Debug-iphonesimulator/DTCoreText.build/Objects-normal/x86_64/DTHTMLParserTextNode.o -index-unit-output-path /DTCoreText.build/Debug-iphonesimulator/DTCoreText.build/Objects-normal/x86_64/DTHTMLParserTextNode.o

ScanDependencies /Users/aadityasingh/Library/Developer/Xcode/DerivedData/Chatlio-erkyzdeecsohoaggpwbjdvavzqfv/Build/Intermediates.noindex/DTCoreText.build/Debug-iphonesimulator/DTCoreText.build/Objects-normal/x86_64/DTHTMLParserNode.o /Users/aadityasingh/Library/Developer/Xcode/DerivedData/Chatlio-erkyzdeecsohoaggpwbjdvavzqfv/SourcePackages/checkouts/DTCoreText/Core/Source/DTHTMLParserNode.m normal x86_64 objective-c com.apple.compilers.llvm.clang.1_0.compiler (in target 'DTCoreText' from project 'DTCoreText')
    cd /Users/aadityasingh/Documents/Development/element-x-ios/Chatlio.xcodeproj
    
    Using response file: /Users/aadityasingh/Library/Developer/Xcode/DerivedData/Chatlio-erkyzdeecsohoaggpwbjdvavzqfv/Build/Intermediates.noindex/DTCoreText.build/Debug-iphonesimulator/DTCoreText.build/Objects-normal/x86_64/e6072d4f65d7061329687fe24e3d63a7-common-args.resp
    
    builtin-ScanDependencies -o /Users/aadityasingh/Library/Developer/Xcode/DerivedData/Chatlio-erkyzdeecsohoaggpwbjdvavzqfv/Build/Intermediates.noindex/DTCoreText.build/Debug-iphonesimulator/DTCoreText.build/Objects-normal/x86_64/DTHTMLParserNode.o.scan -- /Applications/Xcode.app/Contents/Developer/Toolchains/XcodeDefault.xctoolchain/usr/bin/clang -x objective-c -ivfsstatcache /Users/aadityasingh/Library/Developer/Xcode/DerivedData/SDKStatCaches.noindex/iphonesimulator26.4-23E252-686eebb5dc1d8ecb277353a59184f4aa.sdkstatcache -target x86_64-apple-ios12.0-simulator -fmessage-length\=0 -fdiagnostics-show-note-include-stack -fmacro-backtrace-limit\=0 -fno-color-diagnostics -fmodules-prune-interval\=86400 -fmodules-prune-after\=345600 -fbuild-session-file\=/Users/aadityasingh/Library/Developer/Xcode/DerivedData/ModuleCache.noindex/Session.modulevalidation -fmodules-validate-once-per-build-session -Wnon-modular-include-in-framework-module -Werror\=non-modular-include-in-framework-module -Wno-trigraphs -Wno-missing-field-initializers -Wno-missing-prototypes -Wno-return-type -Wno-implicit-atomic-properties -Wno-objc-interface-ivars -Wno-arc-repeated-use-of-weak -Wno-missing-braces -Wparentheses -Wswitch -Wno-unused-function -Wno-unused-label -Wno-unused-parameter -Wno-unused-variable -Wunused-value -Wno-empty-body -Wno-uninitialized -Wno-unknown-pragmas -w -Wno-shadow -Wno-four-char-constants -Wno-conversion -Wno-constant-conversion -Wno-int-conversion -Wno-bool-conversion -Wno-enum-conversion -Wno-float-conversion -Wno-non-literal-null-conversion -Wno-objc-literal-conversion -Wshorten-64-to-32 -Wpointer-sign -Wno-newline-eof -Wno-selector -Wno-strict-selector-match -Wno-undeclared-selector -Wno-deprecated-implementations -Wno-implicit-fallthrough -isysroot /Applications/Xcode.app/Contents/Developer/Platforms/iPhoneSimulator.platform/Developer/SDKs/iPhoneSimulator26.4.sdk -fstrict-aliasing -Wprotocol -Wdeprecated-declarations -Wno-sign-conversion -Wno-infinite-recursion -Wno-comma -Wno-block-capture-autoreleasing -Wno-strict-prototypes -Wno-semicolon-before-method-body -index-store-path /Users/aadityasingh/Library/Developer/Xcode/DerivedData/Chatlio-erkyzdeecsohoaggpwbjdvavzqfv/Index.noindex/DataStore @/Users/aadityasingh/Library/Developer/Xcode/DerivedData/Chatlio-erkyzdeecsohoaggpwbjdvavzqfv/Build/Intermediates.noindex/DTCoreText.build/Debug-iphonesimulator/DTCoreText.build/Objects-normal/x86_64/e6072d4f65d7061329687fe24e3d63a7-common-args.resp -include /Users/aadityasingh/Library/Developer/Xcode/DerivedData/Chatlio-erkyzdeecsohoaggpwbjdvavzqfv/Build/Intermediates.noindex/DTCoreText.build/Debug-iphonesimulator/DTCoreText.build/DerivedSources/resource_bundle_accessor.h -MMD -MT dependencies -MF /Users/aadityasingh/Library/Developer/Xcode/DerivedData/Chatlio-erkyzdeecsohoaggpwbjdvavzqfv/Build/Intermediates.noindex/DTCoreText.build/Debug-iphonesimulator/DTCoreText.build/Objects-normal/x86_64/DTHTMLParserNode.d --serialize-diagnostics /Users/aadityasingh/Library/Developer/Xcode/DerivedData/Chatlio-erkyzdeecsohoaggpwbjdvavzqfv/Build/Intermediates.noindex/DTCoreText.build/Debug-iphonesimulator/DTCoreText.build/Objects-normal/x86_64/DTHTMLParserNode.dia -c /Users/aadityasingh/Library/Developer/Xcode/DerivedData/Chatlio-erkyzdeecsohoaggpwbjdvavzqfv/SourcePackages/checkouts/DTCoreText/Core/Source/DTHTMLParserNode.m -o /Users/aadityasingh/Library/Developer/Xcode/DerivedData/Chatlio-erkyzdeecsohoaggpwbjdvavzqfv/Build/Intermediates.noindex/DTCoreText.build/Debug-iphonesimulator/DTCoreText.build/Objects-normal/x86_64/DTHTMLParserNode.o -index-unit-output-path /DTCoreText.build/Debug-iphonesimulator/DTCoreText.build/Objects-normal/x86_64/DTHTMLParserNode.o

ScanDependencies /Users/aadityasingh/Library/Developer/Xcode/DerivedData/Chatlio-erkyzdeecsohoaggpwbjdvavzqfv/Build/Intermediates.noindex/DTCoreText.build/Debug-iphonesimulator/DTCoreText.build/Objects-normal/x86_64/DTHTMLElement.o /Users/aadityasingh/Library/Developer/Xcode/DerivedData/Chatlio-erkyzdeecsohoaggpwbjdvavzqfv/SourcePackages/checkouts/DTCoreText/Core/Source/DTHTMLElement.m normal x86_64 objective-c com.apple.compilers.llvm.clang.1_0.compiler (in target 'DTCoreText' from project 'DTCoreText')
    cd /Users/aadityasingh/Documents/Development/element-x-ios/Chatlio.xcodeproj
    
    Using response file: /Users/aadityasingh/Library/Developer/Xcode/DerivedData/Chatlio-erkyzdeecsohoaggpwbjdvavzqfv/Build/Intermediates.noindex/DTCoreText.build/Debug-iphonesimulator/DTCoreText.build/Objects-normal/x86_64/e6072d4f65d7061329687fe24e3d63a7-common-args.resp
    
    builtin-ScanDependencies -o /Users/aadityasingh/Library/Developer/Xcode/DerivedData/Chatlio-erkyzdeecsohoaggpwbjdvavzqfv/Build/Intermediates.noindex/DTCoreText.build/Debug-iphonesimulator/DTCoreText.build/Objects-normal/x86_64/DTHTMLElement.o.scan -- /Applications/Xcode.app/Contents/Developer/Toolchains/XcodeDefault.xctoolchain/usr/bin/clang -x objective-c -ivfsstatcache /Users/aadityasingh/Library/Developer/Xcode/DerivedData/SDKStatCaches.noindex/iphonesimulator26.4-23E252-686eebb5dc1d8ecb277353a59184f4aa.sdkstatcache -target x86_64-apple-ios12.0-simulator -fmessage-length\=0 -fdiagnostics-show-note-include-stack -fmacro-backtrace-limit\=0 -fno-color-diagnostics -fmodules-prune-interval\=86400 -fmodules-prune-after\=345600 -fbuild-session-file\=/Users/aadityasingh/Library/Developer/Xcode/DerivedData/ModuleCache.noindex/Session.modulevalidation -fmodules-validate-once-per-build-session -Wnon-modular-include-in-framework-module -Werror\=non-modular-include-in-framework-module -Wno-trigraphs -Wno-missing-field-initializers -Wno-missing-prototypes -Wno-return-type -Wno-implicit-atomic-properties -Wno-objc-interface-ivars -Wno-arc-repeated-use-of-weak -Wno-missing-braces -Wparentheses -Wswitch -Wno-unused-function -Wno-unused-label -Wno-unused-parameter -Wno-unused-variable -Wunused-value -Wno-empty-body -Wno-uninitialized -Wno-unknown-pragmas -w -Wno-shadow -Wno-four-char-constants -Wno-conversion -Wno-constant-conversion -Wno-int-conversion -Wno-bool-conversion -Wno-enum-conversion -Wno-float-conversion -Wno-non-literal-null-conversion -Wno-objc-literal-conversion -Wshorten-64-to-32 -Wpointer-sign -Wno-newline-eof -Wno-selector -Wno-strict-selector-match -Wno-undeclared-selector -Wno-deprecated-implementations -Wno-implicit-fallthrough -isysroot /Applications/Xcode.app/Contents/Developer/Platforms/iPhoneSimulator.platform/Developer/SDKs/iPhoneSimulator26.4.sdk -fstrict-aliasing -Wprotocol -Wdeprecated-declarations -Wno-sign-conversion -Wno-infinite-recursion -Wno-comma -Wno-block-capture-autoreleasing -Wno-strict-prototypes -Wno-semicolon-before-method-body -index-store-path /Users/aadityasingh/Library/Developer/Xcode/DerivedData/Chatlio-erkyzdeecsohoaggpwbjdvavzqfv/Index.noindex/DataStore @/Users/aadityasingh/Library/Developer/Xcode/DerivedData/Chatlio-erkyzdeecsohoaggpwbjdvavzqfv/Build/Intermediates.noindex/DTCoreText.build/Debug-iphonesimulator/DTCoreText.build/Objects-normal/x86_64/e6072d4f65d7061329687fe24e3d63a7-common-args.resp -include /Users/aadityasingh/Library/Developer/Xcode/DerivedData/Chatlio-erkyzdeecsohoaggpwbjdvavzqfv/Build/Intermediates.noindex/DTCoreText.build/Debug-iphonesimulator/DTCoreText.build/DerivedSources/resource_bundle_accessor.h -MMD -MT dependencies -MF /Users/aadityasingh/Library/Developer/Xcode/DerivedData/Chatlio-erkyzdeecsohoaggpwbjdvavzqfv/Build/Intermediates.noindex/DTCoreText.build/Debug-iphonesimulator/DTCoreText.build/Objects-normal/x86_64/DTHTMLElement.d --serialize-diagnostics /Users/aadityasingh/Library/Developer/Xcode/DerivedData/Chatlio-erkyzdeecsohoaggpwbjdvavzqfv/Build/Intermediates.noindex/DTCoreText.build/Debug-iphonesimulator/DTCoreText.build/Objects-normal/x86_64/DTHTMLElement.dia -c /Users/aadityasingh/Library/Developer/Xcode/DerivedData/Chatlio-erkyzdeecsohoaggpwbjdvavzqfv/SourcePackages/checkouts/DTCoreText/Core/Source/DTHTMLElement.m -o /Users/aadityasingh/Library/Developer/Xcode/DerivedData/Chatlio-erkyzdeecsohoaggpwbjdvavzqfv/Build/Intermediates.noindex/DTCoreText.build/Debug-iphonesimulator/DTCoreText.build/Objects-normal/x86_64/DTHTMLElement.o -index-unit-output-path /DTCoreText.build/Debug-iphonesimulator/DTCoreText.build/Objects-normal/x86_64/DTHTMLElement.o

PrecompileModule /Users/aadityasingh/Library/Developer/Xcode/DerivedData/Chatlio-erkyzdeecsohoaggpwbjdvavzqfv/Build/Intermediates.noindex/ExplicitPrecompiledModules/_Builtin_inttypes-5P6R7EK2HKA0GUGUO1TTRCGUG.scan
    cd /
    builtin-precompileModule /Users/aadityasingh/Library/Developer/Xcode/DerivedData/Chatlio-erkyzdeecsohoaggpwbjdvavzqfv/Build/Intermediates.noindex/ExplicitPrecompiledModules/_Builtin_inttypes-5P6R7EK2HKA0GUGUO1TTRCGUG.scan

ScanDependencies /Users/aadityasingh/Library/Developer/Xcode/DerivedData/Chatlio-erkyzdeecsohoaggpwbjdvavzqfv/Build/Intermediates.noindex/DTCoreText.build/Debug-iphonesimulator/DTCoreText.build/Objects-normal/x86_64/DTHTMLAttributedStringBuilder.o /Users/aadityasingh/Library/Developer/Xcode/DerivedData/Chatlio-erkyzdeecsohoaggpwbjdvavzqfv/SourcePackages/checkouts/DTCoreText/Core/Source/DTHTMLAttributedStringBuilder.m normal x86_64 objective-c com.apple.compilers.llvm.clang.1_0.compiler (in target 'DTCoreText' from project 'DTCoreText')
    cd /Users/aadityasingh/Documents/Development/element-x-ios/Chatlio.xcodeproj
    
    Using response file: /Users/aadityasingh/Library/Developer/Xcode/DerivedData/Chatlio-erkyzdeecsohoaggpwbjdvavzqfv/Build/Intermediates.noindex/DTCoreText.build/Debug-iphonesimulator/DTCoreText.build/Objects-normal/x86_64/e6072d4f65d7061329687fe24e3d63a7-common-args.resp
    
    builtin-ScanDependencies -o /Users/aadityasingh/Library/Developer/Xcode/DerivedData/Chatlio-erkyzdeecsohoaggpwbjdvavzqfv/Build/Intermediates.noindex/DTCoreText.build/Debug-iphonesimulator/DTCoreText.build/Objects-normal/x86_64/DTHTMLAttributedStringBuilder.o.scan -- /Applications/Xcode.app/Contents/Developer/Toolchains/XcodeDefault.xctoolchain/usr/bin/clang -x objective-c -ivfsstatcache /Users/aadityasingh/Library/Developer/Xcode/DerivedData/SDKStatCaches.noindex/iphonesimulator26.4-23E252-686eebb5dc1d8ecb277353a59184f4aa.sdkstatcache -target x86_64-apple-ios12.0-simulator -fmessage-length\=0 -fdiagnostics-show-note-include-stack -fmacro-backtrace-limit\=0 -fno-color-diagnostics -fmodules-prune-interval\=86400 -fmodules-prune-after\=345600 -fbuild-session-file\=/Users/aadityasingh/Library/Developer/Xcode/DerivedData/ModuleCache.noindex/Session.modulevalidation -fmodules-validate-once-per-build-session -Wnon-modular-include-in-framework-module -Werror\=non-modular-include-in-framework-module -Wno-trigraphs -Wno-missing-field-initializers -Wno-missing-prototypes -Wno-return-type -Wno-implicit-atomic-properties -Wno-objc-interface-ivars -Wno-arc-repeated-use-of-weak -Wno-missing-braces -Wparentheses -Wswitch -Wno-unused-function -Wno-unused-label -Wno-unused-parameter -Wno-unused-variable -Wunused-value -Wno-empty-body -Wno-uninitialized -Wno-unknown-pragmas -w -Wno-shadow -Wno-four-char-constants -Wno-conversion -Wno-constant-conversion -Wno-int-conversion -Wno-bool-conversion -Wno-enum-conversion -Wno-float-conversion -Wno-non-literal-null-conversion -Wno-objc-literal-conversion -Wshorten-64-to-32 -Wpointer-sign -Wno-newline-eof -Wno-selector -Wno-strict-selector-match -Wno-undeclared-selector -Wno-deprecated-implementations -Wno-implicit-fallthrough -isysroot /Applications/Xcode.app/Contents/Developer/Platforms/iPhoneSimulator.platform/Developer/SDKs/iPhoneSimulator26.4.sdk -fstrict-aliasing -Wprotocol -Wdeprecated-declarations -Wno-sign-conversion -Wno-infinite-recursion -Wno-comma -Wno-block-capture-autoreleasing -Wno-strict-prototypes -Wno-semicolon-before-method-body -index-store-path /Users/aadityasingh/Library/Developer/Xcode/DerivedData/Chatlio-erkyzdeecsohoaggpwbjdvavzqfv/Index.noindex/DataStore @/Users/aadityasingh/Library/Developer/Xcode/DerivedData/Chatlio-erkyzdeecsohoaggpwbjdvavzqfv/Build/Intermediates.noindex/DTCoreText.build/Debug-iphonesimulator/DTCoreText.build/Objects-normal/x86_64/e6072d4f65d7061329687fe24e3d63a7-common-args.resp -include /Users/aadityasingh/Library/Developer/Xcode/DerivedData/Chatlio-erkyzdeecsohoaggpwbjdvavzqfv/Build/Intermediates.noindex/DTCoreText.build/Debug-iphonesimulator/DTCoreText.build/DerivedSources/resource_bundle_accessor.h -MMD -MT dependencies -MF /Users/aadityasingh/Library/Developer/Xcode/DerivedData/Chatlio-erkyzdeecsohoaggpwbjdvavzqfv/Build/Intermediates.noindex/DTCoreText.build/Debug-iphonesimulator/DTCoreText.build/Objects-normal/x86_64/DTHTMLAttributedStringBuilder.d --serialize-diagnostics /Users/aadityasingh/Library/Developer/Xcode/DerivedData/Chatlio-erkyzdeecsohoaggpwbjdvavzqfv/Build/Intermediates.noindex/DTCoreText.build/Debug-iphonesimulator/DTCoreText.build/Objects-normal/x86_64/DTHTMLAttributedStringBuilder.dia -c /Users/aadityasingh/Library/Developer/Xcode/DerivedData/Chatlio-erkyzdeecsohoaggpwbjdvavzqfv/SourcePackages/checkouts/DTCoreText/Core/Source/DTHTMLAttributedStringBuilder.m -o /Users/aadityasingh/Library/Developer/Xcode/DerivedData/Chatlio-erkyzdeecsohoaggpwbjdvavzqfv/Build/Intermediates.noindex/DTCoreText.build/Debug-iphonesimulator/DTCoreText.build/Objects-normal/x86_64/DTHTMLAttributedStringBuilder.o -index-unit-output-path /DTCoreText.build/Debug-iphonesimulator/DTCoreText.build/Objects-normal/x86_64/DTHTMLAttributedStringBuilder.o

ScanDependencies /Users/aadityasingh/Library/Developer/Xcode/DerivedData/Chatlio-erkyzdeecsohoaggpwbjdvavzqfv/Build/Intermediates.noindex/DTCoreText.build/Debug-iphonesimulator/DTCoreText.build/Objects-normal/x86_64/DTDictationPlaceholderView.o /Users/aadityasingh/Library/Developer/Xcode/DerivedData/Chatlio-erkyzdeecsohoaggpwbjdvavzqfv/SourcePackages/checkouts/DTCoreText/Core/Source/DTDictationPlaceholderView.m normal x86_64 objective-c com.apple.compilers.llvm.clang.1_0.compiler (in target 'DTCoreText' from project 'DTCoreText')
    cd /Users/aadityasingh/Documents/Development/element-x-ios/Chatlio.xcodeproj
    
    Using response file: /Users/aadityasingh/Library/Developer/Xcode/DerivedData/Chatlio-erkyzdeecsohoaggpwbjdvavzqfv/Build/Intermediates.noindex/DTCoreText.build/Debug-iphonesimulator/DTCoreText.build/Objects-normal/x86_64/e6072d4f65d7061329687fe24e3d63a7-common-args.resp
    
    builtin-ScanDependencies -o /Users/aadityasingh/Library/Developer/Xcode/DerivedData/Chatlio-erkyzdeecsohoaggpwbjdvavzqfv/Build/Intermediates.noindex/DTCoreText.build/Debug-iphonesimulator/DTCoreText.build/Objects-normal/x86_64/DTDictationPlaceholderView.o.scan -- /Applications/Xcode.app/Contents/Developer/Toolchains/XcodeDefault.xctoolchain/usr/bin/clang -x objective-c -ivfsstatcache /Users/aadityasingh/Library/Developer/Xcode/DerivedData/SDKStatCaches.noindex/iphonesimulator26.4-23E252-686eebb5dc1d8ecb277353a59184f4aa.sdkstatcache -target x86_64-apple-ios12.0-simulator -fmessage-length\=0 -fdiagnostics-show-note-include-stack -fmacro-backtrace-limit\=0 -fno-color-diagnostics -fmodules-prune-interval\=86400 -fmodules-prune-after\=345600 -fbuild-session-file\=/Users/aadityasingh/Library/Developer/Xcode/DerivedData/ModuleCache.noindex/Session.modulevalidation -fmodules-validate-once-per-build-session -Wnon-modular-include-in-framework-module -Werror\=non-modular-include-in-framework-module -Wno-trigraphs -Wno-missing-field-initializers -Wno-missing-prototypes -Wno-return-type -Wno-implicit-atomic-properties -Wno-objc-interface-ivars -Wno-arc-repeated-use-of-weak -Wno-missing-braces -Wparentheses -Wswitch -Wno-unused-function -Wno-unused-label -Wno-unused-parameter -Wno-unused-variable -Wunused-value -Wno-empty-body -Wno-uninitialized -Wno-unknown-pragmas -w -Wno-shadow -Wno-four-char-constants -Wno-conversion -Wno-constant-conversion -Wno-int-conversion -Wno-bool-conversion -Wno-enum-conversion -Wno-float-conversion -Wno-non-literal-null-conversion -Wno-objc-literal-conversion -Wshorten-64-to-32 -Wpointer-sign -Wno-newline-eof -Wno-selector -Wno-strict-selector-match -Wno-undeclared-selector -Wno-deprecated-implementations -Wno-implicit-fallthrough -isysroot /Applications/Xcode.app/Contents/Developer/Platforms/iPhoneSimulator.platform/Developer/SDKs/iPhoneSimulator26.4.sdk -fstrict-aliasing -Wprotocol -Wdeprecated-declarations -Wno-sign-conversion -Wno-infinite-recursion -Wno-comma -Wno-block-capture-autoreleasing -Wno-strict-prototypes -Wno-semicolon-before-method-body -index-store-path /Users/aadityasingh/Library/Developer/Xcode/DerivedData/Chatlio-erkyzdeecsohoaggpwbjdvavzqfv/Index.noindex/DataStore @/Users/aadityasingh/Library/Developer/Xcode/DerivedData/Chatlio-erkyzdeecsohoaggpwbjdvavzqfv/Build/Intermediates.noindex/DTCoreText.build/Debug-iphonesimulator/DTCoreText.build/Objects-normal/x86_64/e6072d4f65d7061329687fe24e3d63a7-common-args.resp -include /Users/aadityasingh/Library/Developer/Xcode/DerivedData/Chatlio-erkyzdeecsohoaggpwbjdvavzqfv/Build/Intermediates.noindex/DTCoreText.build/Debug-iphonesimulator/DTCoreText.build/DerivedSources/resource_bundle_accessor.h -MMD -MT dependencies -MF /Users/aadityasingh/Library/Developer/Xcode/DerivedData/Chatlio-erkyzdeecsohoaggpwbjdvavzqfv/Build/Intermediates.noindex/DTCoreText.build/Debug-iphonesimulator/DTCoreText.build/Objects-normal/x86_64/DTDictationPlaceholderView.d --serialize-diagnostics /Users/aadityasingh/Library/Developer/Xcode/DerivedData/Chatlio-erkyzdeecsohoaggpwbjdvavzqfv/Build/Intermediates.noindex/DTCoreText.build/Debug-iphonesimulator/DTCoreText.build/Objects-normal/x86_64/DTDictationPlaceholderView.dia -c /Users/aadityasingh/Library/Developer/Xcode/DerivedData/Chatlio-erkyzdeecsohoaggpwbjdvavzqfv/SourcePackages/checkouts/DTCoreText/Core/Source/DTDictationPlaceholderView.m -o /Users/aadityasingh/Library/Developer/Xcode/DerivedData/Chatlio-erkyzdeecsohoaggpwbjdvavzqfv/Build/Intermediates.noindex/DTCoreText.build/Debug-iphonesimulator/DTCoreText.build/Objects-normal/x86_64/DTDictationPlaceholderView.o -index-unit-output-path /DTCoreText.build/Debug-iphonesimulator/DTCoreText.build/Objects-normal/x86_64/DTDictationPlaceholderView.o

ScanDependencies /Users/aadityasingh/Library/Developer/Xcode/DerivedData/Chatlio-erkyzdeecsohoaggpwbjdvavzqfv/Build/Intermediates.noindex/DTCoreText.build/Debug-iphonesimulator/DTCoreText.build/Objects-normal/x86_64/DTDictationPlaceholderTextAttachment.o /Users/aadityasingh/Library/Developer/Xcode/DerivedData/Chatlio-erkyzdeecsohoaggpwbjdvavzqfv/SourcePackages/checkouts/DTCoreText/Core/Source/DTDictationPlaceholderTextAttachment.m normal x86_64 objective-c com.apple.compilers.llvm.clang.1_0.compiler (in target 'DTCoreText' from project 'DTCoreText')
    cd /Users/aadityasingh/Documents/Development/element-x-ios/Chatlio.xcodeproj
    
    Using response file: /Users/aadityasingh/Library/Developer/Xcode/DerivedData/Chatlio-erkyzdeecsohoaggpwbjdvavzqfv/Build/Intermediates.noindex/DTCoreText.build/Debug-iphonesimulator/DTCoreText.build/Objects-normal/x86_64/e6072d4f65d7061329687fe24e3d63a7-common-args.resp
    
    builtin-ScanDependencies -o /Users/aadityasingh/Library/Developer/Xcode/DerivedData/Chatlio-erkyzdeecsohoaggpwbjdvavzqfv/Build/Intermediates.noindex/DTCoreText.build/Debug-iphonesimulator/DTCoreText.build/Objects-normal/x86_64/DTDictationPlaceholderTextAttachment.o.scan -- /Applications/Xcode.app/Contents/Developer/Toolchains/XcodeDefault.xctoolchain/usr/bin/clang -x objective-c -ivfsstatcache /Users/aadityasingh/Library/Developer/Xcode/DerivedData/SDKStatCaches.noindex/iphonesimulator26.4-23E252-686eebb5dc1d8ecb277353a59184f4aa.sdkstatcache -target x86_64-apple-ios12.0-simulator -fmessage-length\=0 -fdiagnostics-show-note-include-stack -fmacro-backtrace-limit\=0 -fno-color-diagnostics -fmodules-prune-interval\=86400 -fmodules-prune-after\=345600 -fbuild-session-file\=/Users/aadityasingh/Library/Developer/Xcode/DerivedData/ModuleCache.noindex/Session.modulevalidation -fmodules-validate-once-per-build-session -Wnon-modular-include-in-framework-module -Werror\=non-modular-include-in-framework-module -Wno-trigraphs -Wno-missing-field-initializers -Wno-missing-prototypes -Wno-return-type -Wno-implicit-atomic-properties -Wno-objc-interface-ivars -Wno-arc-repeated-use-of-weak -Wno-missing-braces -Wparentheses -Wswitch -Wno-unused-function -Wno-unused-label -Wno-unused-parameter -Wno-unused-variable -Wunused-value -Wno-empty-body -Wno-uninitialized -Wno-unknown-pragmas -w -Wno-shadow -Wno-four-char-constants -Wno-conversion -Wno-constant-conversion -Wno-int-conversion -Wno-bool-conversion -Wno-enum-conversion -Wno-float-conversion -Wno-non-literal-null-conversion -Wno-objc-literal-conversion -Wshorten-64-to-32 -Wpointer-sign -Wno-newline-eof -Wno-selector -Wno-strict-selector-match -Wno-undeclared-selector -Wno-deprecated-implementations -Wno-implicit-fallthrough -isysroot /Applications/Xcode.app/Contents/Developer/Platforms/iPhoneSimulator.platform/Developer/SDKs/iPhoneSimulator26.4.sdk -fstrict-aliasing -Wprotocol -Wdeprecated-declarations -Wno-sign-conversion -Wno-infinite-recursion -Wno-comma -Wno-block-capture-autoreleasing -Wno-strict-prototypes -Wno-semicolon-before-method-body -index-store-path /Users/aadityasingh/Library/Developer/Xcode/DerivedData/Chatlio-erkyzdeecsohoaggpwbjdvavzqfv/Index.noindex/DataStore @/Users/aadityasingh/Library/Developer/Xcode/DerivedData/Chatlio-erkyzdeecsohoaggpwbjdvavzqfv/Build/Intermediates.noindex/DTCoreText.build/Debug-iphonesimulator/DTCoreText.build/Objects-normal/x86_64/e6072d4f65d7061329687fe24e3d63a7-common-args.resp -include /Users/aadityasingh/Library/Developer/Xcode/DerivedData/Chatlio-erkyzdeecsohoaggpwbjdvavzqfv/Build/Intermediates.noindex/DTCoreText.build/Debug-iphonesimulator/DTCoreText.build/DerivedSources/resource_bundle_accessor.h -MMD -MT dependencies -MF /Users/aadityasingh/Library/Developer/Xcode/DerivedData/Chatlio-erkyzdeecsohoaggpwbjdvavzqfv/Build/Intermediates.noindex/DTCoreText.build/Debug-iphonesimulator/DTCoreText.build/Objects-normal/x86_64/DTDictationPlaceholderTextAttachment.d --serialize-diagnostics /Users/aadityasingh/Library/Developer/Xcode/DerivedData/Chatlio-erkyzdeecsohoaggpwbjdvavzqfv/Build/Intermediates.noindex/DTCoreText.build/Debug-iphonesimulator/DTCoreText.build/Objects-normal/x86_64/DTDictationPlaceholderTextAttachment.dia -c /Users/aadityasingh/Library/Developer/Xcode/DerivedData/Chatlio-erkyzdeecsohoaggpwbjdvavzqfv/SourcePackages/checkouts/DTCoreText/Core/Source/DTDictationPlaceholderTextAttachment.m -o /Users/aadityasingh/Library/Developer/Xcode/DerivedData/Chatlio-erkyzdeecsohoaggpwbjdvavzqfv/Build/Intermediates.noindex/DTCoreText.build/Debug-iphonesimulator/DTCoreText.build/Objects-normal/x86_64/DTDictationPlaceholderTextAttachment.o -index-unit-output-path /DTCoreText.build/Debug-iphonesimulator/DTCoreText.build/Objects-normal/x86_64/DTDictationPlaceholderTextAttachment.o

CompileC /Users/aadityasingh/Library/Developer/Xcode/DerivedData/Chatlio-erkyzdeecsohoaggpwbjdvavzqfv/Build/Intermediates.noindex/DTFoundation.build/Debug-iphonesimulator/DTFoundation.build/Objects-normal/arm64/NSURL+DTUnshorten.o /Users/aadityasingh/Library/Developer/Xcode/DerivedData/Chatlio-erkyzdeecsohoaggpwbjdvavzqfv/SourcePackages/checkouts/DTFoundation/Core/Source/NSURL+DTUnshorten.m normal arm64 objective-c com.apple.compilers.llvm.clang.1_0.compiler (in target 'DTFoundation' from project 'DTFoundation')
    cd /Users/aadityasingh/Documents/Development/element-x-ios/Chatlio.xcodeproj
    
    Using response file: /Users/aadityasingh/Library/Developer/Xcode/DerivedData/Chatlio-erkyzdeecsohoaggpwbjdvavzqfv/Build/Intermediates.noindex/DTFoundation.build/Debug-iphonesimulator/DTFoundation.build/Objects-normal/arm64/e6072d4f65d7061329687fe24e3d63a7-common-args.resp
    
    /Applications/Xcode.app/Contents/Developer/Toolchains/XcodeDefault.xctoolchain/usr/bin/clang -x objective-c -ivfsstatcache /Users/aadityasingh/Library/Developer/Xcode/DerivedData/SDKStatCaches.noindex/iphonesimulator26.4-23E252-686eebb5dc1d8ecb277353a59184f4aa.sdkstatcache -target arm64-apple-ios12.0-simulator -fmessage-length\=0 -fdiagnostics-show-note-include-stack -fmacro-backtrace-limit\=0 -fno-color-diagnostics -fmodules-prune-interval\=86400 -fmodules-prune-after\=345600 -fbuild-session-file\=/Users/aadityasingh/Library/Developer/Xcode/DerivedData/ModuleCache.noindex/Session.modulevalidation -fmodules-validate-once-per-build-session -Wnon-modular-include-in-framework-module -Werror\=non-modular-include-in-framework-module -Wno-trigraphs -Wno-missing-field-initializers -Wno-missing-prototypes -Wno-return-type -Wno-implicit-atomic-properties -Wno-objc-interface-ivars -Wno-arc-repeated-use-of-weak -Wno-missing-braces -Wparentheses -Wswitch -Wno-unused-function -Wno-unused-label -Wno-unused-parameter -Wno-unused-variable -Wunused-value -Wno-empty-body -Wno-uninitialized -Wno-unknown-pragmas -w -Wno-shadow -Wno-four-char-constants -Wno-conversion -Wno-constant-conversion -Wno-int-conversion -Wno-bool-conversion -Wno-enum-conversion -Wno-float-conversion -Wno-non-literal-null-conversion -Wno-objc-literal-conversion -Wshorten-64-to-32 -Wpointer-sign -Wno-newline-eof -Wno-selector -Wno-strict-selector-match -Wno-undeclared-selector -Wno-deprecated-implementations -Wno-implicit-fallthrough -isysroot /Applications/Xcode.app/Contents/Developer/Platforms/iPhoneSimulator.platform/Developer/SDKs/iPhoneSimulator26.4.sdk -fstrict-aliasing -Wprotocol -Wdeprecated-declarations -Wno-sign-conversion -Wno-infinite-recursion -Wno-comma -Wno-block-capture-autoreleasing -Wno-strict-prototypes -Wno-semicolon-before-method-body -index-store-path /Users/aadityasingh/Library/Developer/Xcode/DerivedData/Chatlio-erkyzdeecsohoaggpwbjdvavzqfv/Index.noindex/DataStore @/Users/aadityasingh/Library/Developer/Xcode/DerivedData/Chatlio-erkyzdeecsohoaggpwbjdvavzqfv/Build/Intermediates.noindex/DTFoundation.build/Debug-iphonesimulator/DTFoundation.build/Objects-normal/arm64/e6072d4f65d7061329687fe24e3d63a7-common-args.resp -MMD -MT dependencies -MF /Users/aadityasingh/Library/Developer/Xcode/DerivedData/Chatlio-erkyzdeecsohoaggpwbjdvavzqfv/Build/Intermediates.noindex/DTFoundation.build/Debug-iphonesimulator/DTFoundation.build/Objects-normal/arm64/NSURL+DTUnshorten.d --serialize-diagnostics /Users/aadityasingh/Library/Developer/Xcode/DerivedData/Chatlio-erkyzdeecsohoaggpwbjdvavzqfv/Build/Intermediates.noindex/DTFoundation.build/Debug-iphonesimulator/DTFoundation.build/Objects-normal/arm64/NSURL+DTUnshorten.dia -c /Users/aadityasingh/Library/Developer/Xcode/DerivedData/Chatlio-erkyzdeecsohoaggpwbjdvavzqfv/SourcePackages/checkouts/DTFoundation/Core/Source/NSURL+DTUnshorten.m -o /Users/aadityasingh/Library/Developer/Xcode/DerivedData/Chatlio-erkyzdeecsohoaggpwbjdvavzqfv/Build/Intermediates.noindex/DTFoundation.build/Debug-iphonesimulator/DTFoundation.build/Objects-normal/arm64/NSURL+DTUnshorten.o -index-unit-output-path /DTFoundation.build/Debug-iphonesimulator/DTFoundation.build/Objects-normal/arm64/NSURL+DTUnshorten.o

CompileC /Users/aadityasingh/Library/Developer/Xcode/DerivedData/Chatlio-erkyzdeecsohoaggpwbjdvavzqfv/Build/Intermediates.noindex/DTFoundation.build/Debug-iphonesimulator/DTFoundation.build/Objects-normal/arm64/NSURL+DTComparing.o /Users/aadityasingh/Library/Developer/Xcode/DerivedData/Chatlio-erkyzdeecsohoaggpwbjdvavzqfv/SourcePackages/checkouts/DTFoundation/Core/Source/NSURL+DTComparing.m normal arm64 objective-c com.apple.compilers.llvm.clang.1_0.compiler (in target 'DTFoundation' from project 'DTFoundation')
    cd /Users/aadityasingh/Documents/Development/element-x-ios/Chatlio.xcodeproj
    
    Using response file: /Users/aadityasingh/Library/Developer/Xcode/DerivedData/Chatlio-erkyzdeecsohoaggpwbjdvavzqfv/Build/Intermediates.noindex/DTFoundation.build/Debug-iphonesimulator/DTFoundation.build/Objects-normal/arm64/e6072d4f65d7061329687fe24e3d63a7-common-args.resp
    
    /Applications/Xcode.app/Contents/Developer/Toolchains/XcodeDefault.xctoolchain/usr/bin/clang -x objective-c -ivfsstatcache /Users/aadityasingh/Library/Developer/Xcode/DerivedData/SDKStatCaches.noindex/iphonesimulator26.4-23E252-686eebb5dc1d8ecb277353a59184f4aa.sdkstatcache -target arm64-apple-ios12.0-simulator -fmessage-length\=0 -fdiagnostics-show-note-include-stack -fmacro-backtrace-limit\=0 -fno-color-diagnostics -fmodules-prune-interval\=86400 -fmodules-prune-after\=345600 -fbuild-session-file\=/Users/aadityasingh/Library/Developer/Xcode/DerivedData/ModuleCache.noindex/Session.modulevalidation -fmodules-validate-once-per-build-session -Wnon-modular-include-in-framework-module -Werror\=non-modular-include-in-framework-module -Wno-trigraphs -Wno-missing-field-initializers -Wno-missing-prototypes -Wno-return-type -Wno-implicit-atomic-properties -Wno-objc-interface-ivars -Wno-arc-repeated-use-of-weak -Wno-missing-braces -Wparentheses -Wswitch -Wno-unused-function -Wno-unused-label -Wno-unused-parameter -Wno-unused-variable -Wunused-value -Wno-empty-body -Wno-uninitialized -Wno-unknown-pragmas -w -Wno-shadow -Wno-four-char-constants -Wno-conversion -Wno-constant-conversion -Wno-int-conversion -Wno-bool-conversion -Wno-enum-conversion -Wno-float-conversion -Wno-non-literal-null-conversion -Wno-objc-literal-conversion -Wshorten-64-to-32 -Wpointer-sign -Wno-newline-eof -Wno-selector -Wno-strict-selector-match -Wno-undeclared-selector -Wno-deprecated-implementations -Wno-implicit-fallthrough -isysroot /Applications/Xcode.app/Contents/Developer/Platforms/iPhoneSimulator.platform/Developer/SDKs/iPhoneSimulator26.4.sdk -fstrict-aliasing -Wprotocol -Wdeprecated-declarations -Wno-sign-conversion -Wno-infinite-recursion -Wno-comma -Wno-block-capture-autoreleasing -Wno-strict-prototypes -Wno-semicolon-before-method-body -index-store-path /Users/aadityasingh/Library/Developer/Xcode/DerivedData/Chatlio-erkyzdeecsohoaggpwbjdvavzqfv/Index.noindex/DataStore @/Users/aadityasingh/Library/Developer/Xcode/DerivedData/Chatlio-erkyzdeecsohoaggpwbjdvavzqfv/Build/Intermediates.noindex/DTFoundation.build/Debug-iphonesimulator/DTFoundation.build/Objects-normal/arm64/e6072d4f65d7061329687fe24e3d63a7-common-args.resp -MMD -MT dependencies -MF /Users/aadityasingh/Library/Developer/Xcode/DerivedData/Chatlio-erkyzdeecsohoaggpwbjdvavzqfv/Build/Intermediates.noindex/DTFoundation.build/Debug-iphonesimulator/DTFoundation.build/Objects-normal/arm64/NSURL+DTComparing.d --serialize-diagnostics /Users/aadityasingh/Library/Developer/Xcode/DerivedData/Chatlio-erkyzdeecsohoaggpwbjdvavzqfv/Build/Intermediates.noindex/DTFoundation.build/Debug-iphonesimulator/DTFoundation.build/Objects-normal/arm64/NSURL+DTComparing.dia -c /Users/aadityasingh/Library/Developer/Xcode/DerivedData/Chatlio-erkyzdeecsohoaggpwbjdvavzqfv/SourcePackages/checkouts/DTFoundation/Core/Source/NSURL+DTComparing.m -o /Users/aadityasingh/Library/Developer/Xcode/DerivedData/Chatlio-erkyzdeecsohoaggpwbjdvavzqfv/Build/Intermediates.noindex/DTFoundation.build/Debug-iphonesimulator/DTFoundation.build/Objects-normal/arm64/NSURL+DTComparing.o -index-unit-output-path /DTFoundation.build/Debug-iphonesimulator/DTFoundation.build/Objects-normal/arm64/NSURL+DTComparing.o

CompileC /Users/aadityasingh/Library/Developer/Xcode/DerivedData/Chatlio-erkyzdeecsohoaggpwbjdvavzqfv/Build/Intermediates.noindex/DTFoundation.build/Debug-iphonesimulator/DTFoundation.build/Objects-normal/arm64/NSURL+DTAWS.o /Users/aadityasingh/Library/Developer/Xcode/DerivedData/Chatlio-erkyzdeecsohoaggpwbjdvavzqfv/SourcePackages/checkouts/DTFoundation/Core/Source/DTAWS/NSURL+DTAWS.m normal arm64 objective-c com.apple.compilers.llvm.clang.1_0.compiler (in target 'DTFoundation' from project 'DTFoundation')
    cd /Users/aadityasingh/Documents/Development/element-x-ios/Chatlio.xcodeproj
    
    Using response file: /Users/aadityasingh/Library/Developer/Xcode/DerivedData/Chatlio-erkyzdeecsohoaggpwbjdvavzqfv/Build/Intermediates.noindex/DTFoundation.build/Debug-iphonesimulator/DTFoundation.build/Objects-normal/arm64/e6072d4f65d7061329687fe24e3d63a7-common-args.resp
    
    /Applications/Xcode.app/Contents/Developer/Toolchains/XcodeDefault.xctoolchain/usr/bin/clang -x objective-c -ivfsstatcache /Users/aadityasingh/Library/Developer/Xcode/DerivedData/SDKStatCaches.noindex/iphonesimulator26.4-23E252-686eebb5dc1d8ecb277353a59184f4aa.sdkstatcache -target arm64-apple-ios12.0-simulator -fmessage-length\=0 -fdiagnostics-show-note-include-stack -fmacro-backtrace-limit\=0 -fno-color-diagnostics -fmodules-prune-interval\=86400 -fmodules-prune-after\=345600 -fbuild-session-file\=/Users/aadityasingh/Library/Developer/Xcode/DerivedData/ModuleCache.noindex/Session.modulevalidation -fmodules-validate-once-per-build-session -Wnon-modular-include-in-framework-module -Werror\=non-modular-include-in-framework-module -Wno-trigraphs -Wno-missing-field-initializers -Wno-missing-prototypes -Wno-return-type -Wno-implicit-atomic-properties -Wno-objc-interface-ivars -Wno-arc-repeated-use-of-weak -Wno-missing-braces -Wparentheses -Wswitch -Wno-unused-function -Wno-unused-label -Wno-unused-parameter -Wno-unused-variable -Wunused-value -Wno-empty-body -Wno-uninitialized -Wno-unknown-pragmas -w -Wno-shadow -Wno-four-char-constants -Wno-conversion -Wno-constant-conversion -Wno-int-conversion -Wno-bool-conversion -Wno-enum-conversion -Wno-float-conversion -Wno-non-literal-null-conversion -Wno-objc-literal-conversion -Wshorten-64-to-32 -Wpointer-sign -Wno-newline-eof -Wno-selector -Wno-strict-selector-match -Wno-undeclared-selector -Wno-deprecated-implementations -Wno-implicit-fallthrough -isysroot /Applications/Xcode.app/Contents/Developer/Platforms/iPhoneSimulator.platform/Developer/SDKs/iPhoneSimulator26.4.sdk -fstrict-aliasing -Wprotocol -Wdeprecated-declarations -Wno-sign-conversion -Wno-infinite-recursion -Wno-comma -Wno-block-capture-autoreleasing -Wno-strict-prototypes -Wno-semicolon-before-method-body -index-store-path /Users/aadityasingh/Library/Developer/Xcode/DerivedData/Chatlio-erkyzdeecsohoaggpwbjdvavzqfv/Index.noindex/DataStore @/Users/aadityasingh/Library/Developer/Xcode/DerivedData/Chatlio-erkyzdeecsohoaggpwbjdvavzqfv/Build/Intermediates.noindex/DTFoundation.build/Debug-iphonesimulator/DTFoundation.build/Objects-normal/arm64/e6072d4f65d7061329687fe24e3d63a7-common-args.resp -MMD -MT dependencies -MF /Users/aadityasingh/Library/Developer/Xcode/DerivedData/Chatlio-erkyzdeecsohoaggpwbjdvavzqfv/Build/Intermediates.noindex/DTFoundation.build/Debug-iphonesimulator/DTFoundation.build/Objects-normal/arm64/NSURL+DTAWS.d --serialize-diagnostics /Users/aadityasingh/Library/Developer/Xcode/DerivedData/Chatlio-erkyzdeecsohoaggpwbjdvavzqfv/Build/Intermediates.noindex/DTFoundation.build/Debug-iphonesimulator/DTFoundation.build/Objects-normal/arm64/NSURL+DTAWS.dia -c /Users/aadityasingh/Library/Developer/Xcode/DerivedData/Chatlio-erkyzdeecsohoaggpwbjdvavzqfv/SourcePackages/checkouts/DTFoundation/Core/Source/DTAWS/NSURL+DTAWS.m -o /Users/aadityasingh/Library/Developer/Xcode/DerivedData/Chatlio-erkyzdeecsohoaggpwbjdvavzqfv/Build/Intermediates.noindex/DTFoundation.build/Debug-iphonesimulator/DTFoundation.build/Objects-normal/arm64/NSURL+DTAWS.o -index-unit-output-path /DTFoundation.build/Debug-iphonesimulator/DTFoundation.build/Objects-normal/arm64/NSURL+DTAWS.o

CompileC /Users/aadityasingh/Library/Developer/Xcode/DerivedData/Chatlio-erkyzdeecsohoaggpwbjdvavzqfv/Build/Intermediates.noindex/DTFoundation.build/Debug-iphonesimulator/DTFoundation.build/Objects-normal/arm64/NSString+DTUtilities.o /Users/aadityasingh/Library/Developer/Xcode/DerivedData/Chatlio-erkyzdeecsohoaggpwbjdvavzqfv/SourcePackages/checkouts/DTFoundation/Core/Source/NSString+DTUtilities.m normal arm64 objective-c com.apple.compilers.llvm.clang.1_0.compiler (in target 'DTFoundation' from project 'DTFoundation')
    cd /Users/aadityasingh/Documents/Development/element-x-ios/Chatlio.xcodeproj
    
    Using response file: /Users/aadityasingh/Library/Developer/Xcode/DerivedData/Chatlio-erkyzdeecsohoaggpwbjdvavzqfv/Build/Intermediates.noindex/DTFoundation.build/Debug-iphonesimulator/DTFoundation.build/Objects-normal/arm64/e6072d4f65d7061329687fe24e3d63a7-common-args.resp
    
    /Applications/Xcode.app/Contents/Developer/Toolchains/XcodeDefault.xctoolchain/usr/bin/clang -x objective-c -ivfsstatcache /Users/aadityasingh/Library/Developer/Xcode/DerivedData/SDKStatCaches.noindex/iphonesimulator26.4-23E252-686eebb5dc1d8ecb277353a59184f4aa.sdkstatcache -target arm64-apple-ios12.0-simulator -fmessage-length\=0 -fdiagnostics-show-note-include-stack -fmacro-backtrace-limit\=0 -fno-color-diagnostics -fmodules-prune-interval\=86400 -fmodules-prune-after\=345600 -fbuild-session-file\=/Users/aadityasingh/Library/Developer/Xcode/DerivedData/ModuleCache.noindex/Session.modulevalidation -fmodules-validate-once-per-build-session -Wnon-modular-include-in-framework-module -Werror\=non-modular-include-in-framework-module -Wno-trigraphs -Wno-missing-field-initializers -Wno-missing-prototypes -Wno-return-type -Wno-implicit-atomic-properties -Wno-objc-interface-ivars -Wno-arc-repeated-use-of-weak -Wno-missing-braces -Wparentheses -Wswitch -Wno-unused-function -Wno-unused-label -Wno-unused-parameter -Wno-unused-variable -Wunused-value -Wno-empty-body -Wno-uninitialized -Wno-unknown-pragmas -w -Wno-shadow -Wno-four-char-constants -Wno-conversion -Wno-constant-conversion -Wno-int-conversion -Wno-bool-conversion -Wno-enum-conversion -Wno-float-conversion -Wno-non-literal-null-conversion -Wno-objc-literal-conversion -Wshorten-64-to-32 -Wpointer-sign -Wno-newline-eof -Wno-selector -Wno-strict-selector-match -Wno-undeclared-selector -Wno-deprecated-implementations -Wno-implicit-fallthrough -isysroot /Applications/Xcode.app/Contents/Developer/Platforms/iPhoneSimulator.platform/Developer/SDKs/iPhoneSimulator26.4.sdk -fstrict-aliasing -Wprotocol -Wdeprecated-declarations -Wno-sign-conversion -Wno-infinite-recursion -Wno-comma -Wno-block-capture-autoreleasing -Wno-strict-prototypes -Wno-semicolon-before-method-body -index-store-path /Users/aadityasingh/Library/Developer/Xcode/DerivedData/Chatlio-erkyzdeecsohoaggpwbjdvavzqfv/Index.noindex/DataStore @/Users/aadityasingh/Library/Developer/Xcode/DerivedData/Chatlio-erkyzdeecsohoaggpwbjdvavzqfv/Build/Intermediates.noindex/DTFoundation.build/Debug-iphonesimulator/DTFoundation.build/Objects-normal/arm64/e6072d4f65d7061329687fe24e3d63a7-common-args.resp -MMD -MT dependencies -MF /Users/aadityasingh/Library/Developer/Xcode/DerivedData/Chatlio-erkyzdeecsohoaggpwbjdvavzqfv/Build/Intermediates.noindex/DTFoundation.build/Debug-iphonesimulator/DTFoundation.build/Objects-normal/arm64/NSString+DTUtilities.d --serialize-diagnostics /Users/aadityasingh/Library/Developer/Xcode/DerivedData/Chatlio-erkyzdeecsohoaggpwbjdvavzqfv/Build/Intermediates.noindex/DTFoundation.build/Debug-iphonesimulator/DTFoundation.build/Objects-normal/arm64/NSString+DTUtilities.dia -c /Users/aadityasingh/Library/Developer/Xcode/DerivedData/Chatlio-erkyzdeecsohoaggpwbjdvavzqfv/SourcePackages/checkouts/DTFoundation/Core/Source/NSString+DTUtilities.m -o /Users/aadityasingh/Library/Developer/Xcode/DerivedData/Chatlio-erkyzdeecsohoaggpwbjdvavzqfv/Build/Intermediates.noindex/DTFoundation.build/Debug-iphonesimulator/DTFoundation.build/Objects-normal/arm64/NSString+DTUtilities.o -index-unit-output-path /DTFoundation.build/Debug-iphonesimulator/DTFoundation.build/Objects-normal/arm64/NSString+DTUtilities.o

CompileC /Users/aadityasingh/Library/Developer/Xcode/DerivedData/Chatlio-erkyzdeecsohoaggpwbjdvavzqfv/Build/Intermediates.noindex/DTFoundation.build/Debug-iphonesimulator/DTFoundation.build/Objects-normal/arm64/NSString+DTUTI.o /Users/aadityasingh/Library/Developer/Xcode/DerivedData/Chatlio-erkyzdeecsohoaggpwbjdvavzqfv/SourcePackages/checkouts/DTFoundation/Core/Source/DTUTI/NSString+DTUTI.m normal arm64 objective-c com.apple.compilers.llvm.clang.1_0.compiler (in target 'DTFoundation' from project 'DTFoundation')
    cd /Users/aadityasingh/Documents/Development/element-x-ios/Chatlio.xcodeproj
    
    Using response file: /Users/aadityasingh/Library/Developer/Xcode/DerivedData/Chatlio-erkyzdeecsohoaggpwbjdvavzqfv/Build/Intermediates.noindex/DTFoundation.build/Debug-iphonesimulator/DTFoundation.build/Objects-normal/arm64/e6072d4f65d7061329687fe24e3d63a7-common-args.resp
    
    /Applications/Xcode.app/Contents/Developer/Toolchains/XcodeDefault.xctoolchain/usr/bin/clang -x objective-c -ivfsstatcache /Users/aadityasingh/Library/Developer/Xcode/DerivedData/SDKStatCaches.noindex/iphonesimulator26.4-23E252-686eebb5dc1d8ecb277353a59184f4aa.sdkstatcache -target arm64-apple-ios12.0-simulator -fmessage-length\=0 -fdiagnostics-show-note-include-stack -fmacro-backtrace-limit\=0 -fno-color-diagnostics -fmodules-prune-interval\=86400 -fmodules-prune-after\=345600 -fbuild-session-file\=/Users/aadityasingh/Library/Developer/Xcode/DerivedData/ModuleCache.noindex/Session.modulevalidation -fmodules-validate-once-per-build-session -Wnon-modular-include-in-framework-module -Werror\=non-modular-include-in-framework-module -Wno-trigraphs -Wno-missing-field-initializers -Wno-missing-prototypes -Wno-return-type -Wno-implicit-atomic-properties -Wno-objc-interface-ivars -Wno-arc-repeated-use-of-weak -Wno-missing-braces -Wparentheses -Wswitch -Wno-unused-function -Wno-unused-label -Wno-unused-parameter -Wno-unused-variable -Wunused-value -Wno-empty-body -Wno-uninitialized -Wno-unknown-pragmas -w -Wno-shadow -Wno-four-char-constants -Wno-conversion -Wno-constant-conversion -Wno-int-conversion -Wno-bool-conversion -Wno-enum-conversion -Wno-float-conversion -Wno-non-literal-null-conversion -Wno-objc-literal-conversion -Wshorten-64-to-32 -Wpointer-sign -Wno-newline-eof -Wno-selector -Wno-strict-selector-match -Wno-undeclared-selector -Wno-deprecated-implementations -Wno-implicit-fallthrough -isysroot /Applications/Xcode.app/Contents/Developer/Platforms/iPhoneSimulator.platform/Developer/SDKs/iPhoneSimulator26.4.sdk -fstrict-aliasing -Wprotocol -Wdeprecated-declarations -Wno-sign-conversion -Wno-infinite-recursion -Wno-comma -Wno-block-capture-autoreleasing -Wno-strict-prototypes -Wno-semicolon-before-method-body -index-store-path /Users/aadityasingh/Library/Developer/Xcode/DerivedData/Chatlio-erkyzdeecsohoaggpwbjdvavzqfv/Index.noindex/DataStore @/Users/aadityasingh/Library/Developer/Xcode/DerivedData/Chatlio-erkyzdeecsohoaggpwbjdvavzqfv/Build/Intermediates.noindex/DTFoundation.build/Debug-iphonesimulator/DTFoundation.build/Objects-normal/arm64/e6072d4f65d7061329687fe24e3d63a7-common-args.resp -MMD -MT dependencies -MF /Users/aadityasingh/Library/Developer/Xcode/DerivedData/Chatlio-erkyzdeecsohoaggpwbjdvavzqfv/Build/Intermediates.noindex/DTFoundation.build/Debug-iphonesimulator/DTFoundation.build/Objects-normal/arm64/NSString+DTUTI.d --serialize-diagnostics /Users/aadityasingh/Library/Developer/Xcode/DerivedData/Chatlio-erkyzdeecsohoaggpwbjdvavzqfv/Build/Intermediates.noindex/DTFoundation.build/Debug-iphonesimulator/DTFoundation.build/Objects-normal/arm64/NSString+DTUTI.dia -c /Users/aadityasingh/Library/Developer/Xcode/DerivedData/Chatlio-erkyzdeecsohoaggpwbjdvavzqfv/SourcePackages/checkouts/DTFoundation/Core/Source/DTUTI/NSString+DTUTI.m -o /Users/aadityasingh/Library/Developer/Xcode/DerivedData/Chatlio-erkyzdeecsohoaggpwbjdvavzqfv/Build/Intermediates.noindex/DTFoundation.build/Debug-iphonesimulator/DTFoundation.build/Objects-normal/arm64/NSString+DTUTI.o -index-unit-output-path /DTFoundation.build/Debug-iphonesimulator/DTFoundation.build/Objects-normal/arm64/NSString+DTUTI.o

CompileC /Users/aadityasingh/Library/Developer/Xcode/DerivedData/Chatlio-erkyzdeecsohoaggpwbjdvavzqfv/Build/Intermediates.noindex/DTFoundation.build/Debug-iphonesimulator/DTFoundation.build/Objects-normal/arm64/NSString+DTURLEncoding.o /Users/aadityasingh/Library/Developer/Xcode/DerivedData/Chatlio-erkyzdeecsohoaggpwbjdvavzqfv/SourcePackages/checkouts/DTFoundation/Core/Source/NSString+DTURLEncoding.m normal arm64 objective-c com.apple.compilers.llvm.clang.1_0.compiler (in target 'DTFoundation' from project 'DTFoundation')
    cd /Users/aadityasingh/Documents/Development/element-x-ios/Chatlio.xcodeproj
    
    Using response file: /Users/aadityasingh/Library/Developer/Xcode/DerivedData/Chatlio-erkyzdeecsohoaggpwbjdvavzqfv/Build/Intermediates.noindex/DTFoundation.build/Debug-iphonesimulator/DTFoundation.build/Objects-normal/arm64/e6072d4f65d7061329687fe24e3d63a7-common-args.resp
    
    /Applications/Xcode.app/Contents/Developer/Toolchains/XcodeDefault.xctoolchain/usr/bin/clang -x objective-c -ivfsstatcache /Users/aadityasingh/Library/Developer/Xcode/DerivedData/SDKStatCaches.noindex/iphonesimulator26.4-23E252-686eebb5dc1d8ecb277353a59184f4aa.sdkstatcache -target arm64-apple-ios12.0-simulator -fmessage-length\=0 -fdiagnostics-show-note-include-stack -fmacro-backtrace-limit\=0 -fno-color-diagnostics -fmodules-prune-interval\=86400 -fmodules-prune-after\=345600 -fbuild-session-file\=/Users/aadityasingh/Library/Developer/Xcode/DerivedData/ModuleCache.noindex/Session.modulevalidation -fmodules-validate-once-per-build-session -Wnon-modular-include-in-framework-module -Werror\=non-modular-include-in-framework-module -Wno-trigraphs -Wno-missing-field-initializers -Wno-missing-prototypes -Wno-return-type -Wno-implicit-atomic-properties -Wno-objc-interface-ivars -Wno-arc-repeated-use-of-weak -Wno-missing-braces -Wparentheses -Wswitch -Wno-unused-function -Wno-unused-label -Wno-unused-parameter -Wno-unused-variable -Wunused-value -Wno-empty-body -Wno-uninitialized -Wno-unknown-pragmas -w -Wno-shadow -Wno-four-char-constants -Wno-conversion -Wno-constant-conversion -Wno-int-conversion -Wno-bool-conversion -Wno-enum-conversion -Wno-float-conversion -Wno-non-literal-null-conversion -Wno-objc-literal-conversion -Wshorten-64-to-32 -Wpointer-sign -Wno-newline-eof -Wno-selector -Wno-strict-selector-match -Wno-undeclared-selector -Wno-deprecated-implementations -Wno-implicit-fallthrough -isysroot /Applications/Xcode.app/Contents/Developer/Platforms/iPhoneSimulator.platform/Developer/SDKs/iPhoneSimulator26.4.sdk -fstrict-aliasing -Wprotocol -Wdeprecated-declarations -Wno-sign-conversion -Wno-infinite-recursion -Wno-comma -Wno-block-capture-autoreleasing -Wno-strict-prototypes -Wno-semicolon-before-method-body -index-store-path /Users/aadityasingh/Library/Developer/Xcode/DerivedData/Chatlio-erkyzdeecsohoaggpwbjdvavzqfv/Index.noindex/DataStore @/Users/aadityasingh/Library/Developer/Xcode/DerivedData/Chatlio-erkyzdeecsohoaggpwbjdvavzqfv/Build/Intermediates.noindex/DTFoundation.build/Debug-iphonesimulator/DTFoundation.build/Objects-normal/arm64/e6072d4f65d7061329687fe24e3d63a7-common-args.resp -MMD -MT dependencies -MF /Users/aadityasingh/Library/Developer/Xcode/DerivedData/Chatlio-erkyzdeecsohoaggpwbjdvavzqfv/Build/Intermediates.noindex/DTFoundation.build/Debug-iphonesimulator/DTFoundation.build/Objects-normal/arm64/NSString+DTURLEncoding.d --serialize-diagnostics /Users/aadityasingh/Library/Developer/Xcode/DerivedData/Chatlio-erkyzdeecsohoaggpwbjdvavzqfv/Build/Intermediates.noindex/DTFoundation.build/Debug-iphonesimulator/DTFoundation.build/Objects-normal/arm64/NSString+DTURLEncoding.dia -c /Users/aadityasingh/Library/Developer/Xcode/DerivedData/Chatlio-erkyzdeecsohoaggpwbjdvavzqfv/SourcePackages/checkouts/DTFoundation/Core/Source/NSString+DTURLEncoding.m -o /Users/aadityasingh/Library/Developer/Xcode/DerivedData/Chatlio-erkyzdeecsohoaggpwbjdvavzqfv/Build/Intermediates.noindex/DTFoundation.build/Debug-iphonesimulator/DTFoundation.build/Objects-normal/arm64/NSString+DTURLEncoding.o -index-unit-output-path /DTFoundation.build/Debug-iphonesimulator/DTFoundation.build/Objects-normal/arm64/NSString+DTURLEncoding.o

CompileC /Users/aadityasingh/Library/Developer/Xcode/DerivedData/Chatlio-erkyzdeecsohoaggpwbjdvavzqfv/Build/Intermediates.noindex/DTFoundation.build/Debug-iphonesimulator/DTFoundation.build/Objects-normal/arm64/NSString+DTPaths.o /Users/aadityasingh/Library/Developer/Xcode/DerivedData/Chatlio-erkyzdeecsohoaggpwbjdvavzqfv/SourcePackages/checkouts/DTFoundation/Core/Source/NSString+DTPaths.m normal arm64 objective-c com.apple.compilers.llvm.clang.1_0.compiler (in target 'DTFoundation' from project 'DTFoundation')
    cd /Users/aadityasingh/Documents/Development/element-x-ios/Chatlio.xcodeproj
    
    Using response file: /Users/aadityasingh/Library/Developer/Xcode/DerivedData/Chatlio-erkyzdeecsohoaggpwbjdvavzqfv/Build/Intermediates.noindex/DTFoundation.build/Debug-iphonesimulator/DTFoundation.build/Objects-normal/arm64/e6072d4f65d7061329687fe24e3d63a7-common-args.resp
    
    /Applications/Xcode.app/Contents/Developer/Toolchains/XcodeDefault.xctoolchain/usr/bin/clang -x objective-c -ivfsstatcache /Users/aadityasingh/Library/Developer/Xcode/DerivedData/SDKStatCaches.noindex/iphonesimulator26.4-23E252-686eebb5dc1d8ecb277353a59184f4aa.sdkstatcache -target arm64-apple-ios12.0-simulator -fmessage-length\=0 -fdiagnostics-show-note-include-stack -fmacro-backtrace-limit\=0 -fno-color-diagnostics -fmodules-prune-interval\=86400 -fmodules-prune-after\=345600 -fbuild-session-file\=/Users/aadityasingh/Library/Developer/Xcode/DerivedData/ModuleCache.noindex/Session.modulevalidation -fmodules-validate-once-per-build-session -Wnon-modular-include-in-framework-module -Werror\=non-modular-include-in-framework-module -Wno-trigraphs -Wno-missing-field-initializers -Wno-missing-prototypes -Wno-return-type -Wno-implicit-atomic-properties -Wno-objc-interface-ivars -Wno-arc-repeated-use-of-weak -Wno-missing-braces -Wparentheses -Wswitch -Wno-unused-function -Wno-unused-label -Wno-unused-parameter -Wno-unused-variable -Wunused-value -Wno-empty-body -Wno-uninitialized -Wno-unknown-pragmas -w -Wno-shadow -Wno-four-char-constants -Wno-conversion -Wno-constant-conversion -Wno-int-conversion -Wno-bool-conversion -Wno-enum-conversion -Wno-float-conversion -Wno-non-literal-null-conversion -Wno-objc-literal-conversion -Wshorten-64-to-32 -Wpointer-sign -Wno-newline-eof -Wno-selector -Wno-strict-selector-match -Wno-undeclared-selector -Wno-deprecated-implementations -Wno-implicit-fallthrough -isysroot /Applications/Xcode.app/Contents/Developer/Platforms/iPhoneSimulator.platform/Developer/SDKs/iPhoneSimulator26.4.sdk -fstrict-aliasing -Wprotocol -Wdeprecated-declarations -Wno-sign-conversion -Wno-infinite-recursion -Wno-comma -Wno-block-capture-autoreleasing -Wno-strict-prototypes -Wno-semicolon-before-method-body -index-store-path /Users/aadityasingh/Library/Developer/Xcode/DerivedData/Chatlio-erkyzdeecsohoaggpwbjdvavzqfv/Index.noindex/DataStore @/Users/aadityasingh/Library/Developer/Xcode/DerivedData/Chatlio-erkyzdeecsohoaggpwbjdvavzqfv/Build/Intermediates.noindex/DTFoundation.build/Debug-iphonesimulator/DTFoundation.build/Objects-normal/arm64/e6072d4f65d7061329687fe24e3d63a7-common-args.resp -MMD -MT dependencies -MF /Users/aadityasingh/Library/Developer/Xcode/DerivedData/Chatlio-erkyzdeecsohoaggpwbjdvavzqfv/Build/Intermediates.noindex/DTFoundation.build/Debug-iphonesimulator/DTFoundation.build/Objects-normal/arm64/NSString+DTPaths.d --serialize-diagnostics /Users/aadityasingh/Library/Developer/Xcode/DerivedData/Chatlio-erkyzdeecsohoaggpwbjdvavzqfv/Build/Intermediates.noindex/DTFoundation.build/Debug-iphonesimulator/DTFoundation.build/Objects-normal/arm64/NSString+DTPaths.dia -c /Users/aadityasingh/Library/Developer/Xcode/DerivedData/Chatlio-erkyzdeecsohoaggpwbjdvavzqfv/SourcePackages/checkouts/DTFoundation/Core/Source/NSString+DTPaths.m -o /Users/aadityasingh/Library/Developer/Xcode/DerivedData/Chatlio-erkyzdeecsohoaggpwbjdvavzqfv/Build/Intermediates.noindex/DTFoundation.build/Debug-iphonesimulator/DTFoundation.build/Objects-normal/arm64/NSString+DTPaths.o -index-unit-output-path /DTFoundation.build/Debug-iphonesimulator/DTFoundation.build/Objects-normal/arm64/NSString+DTPaths.o

CompileC /Users/aadityasingh/Library/Developer/Xcode/DerivedData/Chatlio-erkyzdeecsohoaggpwbjdvavzqfv/Build/Intermediates.noindex/DTFoundation.build/Debug-iphonesimulator/DTFoundation.build/Objects-normal/arm64/NSString+DTFormatNumbers.o /Users/aadityasingh/Library/Developer/Xcode/DerivedData/Chatlio-erkyzdeecsohoaggpwbjdvavzqfv/SourcePackages/checkouts/DTFoundation/Core/Source/NSString+DTFormatNumbers.m normal arm64 objective-c com.apple.compilers.llvm.clang.1_0.compiler (in target 'DTFoundation' from project 'DTFoundation')
    cd /Users/aadityasingh/Documents/Development/element-x-ios/Chatlio.xcodeproj
    
    Using response file: /Users/aadityasingh/Library/Developer/Xcode/DerivedData/Chatlio-erkyzdeecsohoaggpwbjdvavzqfv/Build/Intermediates.noindex/DTFoundation.build/Debug-iphonesimulator/DTFoundation.build/Objects-normal/arm64/e6072d4f65d7061329687fe24e3d63a7-common-args.resp
    
    /Applications/Xcode.app/Contents/Developer/Toolchains/XcodeDefault.xctoolchain/usr/bin/clang -x objective-c -ivfsstatcache /Users/aadityasingh/Library/Developer/Xcode/DerivedData/SDKStatCaches.noindex/iphonesimulator26.4-23E252-686eebb5dc1d8ecb277353a59184f4aa.sdkstatcache -target arm64-apple-ios12.0-simulator -fmessage-length\=0 -fdiagnostics-show-note-include-stack -fmacro-backtrace-limit\=0 -fno-color-diagnostics -fmodules-prune-interval\=86400 -fmodules-prune-after\=345600 -fbuild-session-file\=/Users/aadityasingh/Library/Developer/Xcode/DerivedData/ModuleCache.noindex/Session.modulevalidation -fmodules-validate-once-per-build-session -Wnon-modular-include-in-framework-module -Werror\=non-modular-include-in-framework-module -Wno-trigraphs -Wno-missing-field-initializers -Wno-missing-prototypes -Wno-return-type -Wno-implicit-atomic-properties -Wno-objc-interface-ivars -Wno-arc-repeated-use-of-weak -Wno-missing-braces -Wparentheses -Wswitch -Wno-unused-function -Wno-unused-label -Wno-unused-parameter -Wno-unused-variable -Wunused-value -Wno-empty-body -Wno-uninitialized -Wno-unknown-pragmas -w -Wno-shadow -Wno-four-char-constants -Wno-conversion -Wno-constant-conversion -Wno-int-conversion -Wno-bool-conversion -Wno-enum-conversion -Wno-float-conversion -Wno-non-literal-null-conversion -Wno-objc-literal-conversion -Wshorten-64-to-32 -Wpointer-sign -Wno-newline-eof -Wno-selector -Wno-strict-selector-match -Wno-undeclared-selector -Wno-deprecated-implementations -Wno-implicit-fallthrough -isysroot /Applications/Xcode.app/Contents/Developer/Platforms/iPhoneSimulator.platform/Developer/SDKs/iPhoneSimulator26.4.sdk -fstrict-aliasing -Wprotocol -Wdeprecated-declarations -Wno-sign-conversion -Wno-infinite-recursion -Wno-comma -Wno-block-capture-autoreleasing -Wno-strict-prototypes -Wno-semicolon-before-method-body -index-store-path /Users/aadityasingh/Library/Developer/Xcode/DerivedData/Chatlio-erkyzdeecsohoaggpwbjdvavzqfv/Index.noindex/DataStore @/Users/aadityasingh/Library/Developer/Xcode/DerivedData/Chatlio-erkyzdeecsohoaggpwbjdvavzqfv/Build/Intermediates.noindex/DTFoundation.build/Debug-iphonesimulator/DTFoundation.build/Objects-normal/arm64/e6072d4f65d7061329687fe24e3d63a7-common-args.resp -MMD -MT dependencies -MF /Users/aadityasingh/Library/Developer/Xcode/DerivedData/Chatlio-erkyzdeecsohoaggpwbjdvavzqfv/Build/Intermediates.noindex/DTFoundation.build/Debug-iphonesimulator/DTFoundation.build/Objects-normal/arm64/NSString+DTFormatNumbers.d --serialize-diagnostics /Users/aadityasingh/Library/Developer/Xcode/DerivedData/Chatlio-erkyzdeecsohoaggpwbjdvavzqfv/Build/Intermediates.noindex/DTFoundation.build/Debug-iphonesimulator/DTFoundation.build/Objects-normal/arm64/NSString+DTFormatNumbers.dia -c /Users/aadityasingh/Library/Developer/Xcode/DerivedData/Chatlio-erkyzdeecsohoaggpwbjdvavzqfv/SourcePackages/checkouts/DTFoundation/Core/Source/NSString+DTFormatNumbers.m -o /Users/aadityasingh/Library/Developer/Xcode/DerivedData/Chatlio-erkyzdeecsohoaggpwbjdvavzqfv/Build/Intermediates.noindex/DTFoundation.build/Debug-iphonesimulator/DTFoundation.build/Objects-normal/arm64/NSString+DTFormatNumbers.o -index-unit-output-path /DTFoundation.build/Debug-iphonesimulator/DTFoundation.build/Objects-normal/arm64/NSString+DTFormatNumbers.o

CompileC /Users/aadityasingh/Library/Developer/Xcode/DerivedData/Chatlio-erkyzdeecsohoaggpwbjdvavzqfv/Build/Intermediates.noindex/DTFoundation.build/Debug-iphonesimulator/DTFoundation.build/Objects-normal/arm64/NSScanner+DTScripting.o /Users/aadityasingh/Library/Developer/Xcode/DerivedData/Chatlio-erkyzdeecsohoaggpwbjdvavzqfv/SourcePackages/checkouts/DTFoundation/Core/Source/DTScripting/NSScanner+DTScripting.m normal arm64 objective-c com.apple.compilers.llvm.clang.1_0.compiler (in target 'DTFoundation' from project 'DTFoundation')
    cd /Users/aadityasingh/Documents/Development/element-x-ios/Chatlio.xcodeproj
    
    Using response file: /Users/aadityasingh/Library/Developer/Xcode/DerivedData/Chatlio-erkyzdeecsohoaggpwbjdvavzqfv/Build/Intermediates.noindex/DTFoundation.build/Debug-iphonesimulator/DTFoundation.build/Objects-normal/arm64/e6072d4f65d7061329687fe24e3d63a7-common-args.resp
    
    /Applications/Xcode.app/Contents/Developer/Toolchains/XcodeDefault.xctoolchain/usr/bin/clang -x objective-c -ivfsstatcache /Users/aadityasingh/Library/Developer/Xcode/DerivedData/SDKStatCaches.noindex/iphonesimulator26.4-23E252-686eebb5dc1d8ecb277353a59184f4aa.sdkstatcache -target arm64-apple-ios12.0-simulator -fmessage-length\=0 -fdiagnostics-show-note-include-stack -fmacro-backtrace-limit\=0 -fno-color-diagnostics -fmodules-prune-interval\=86400 -fmodules-prune-after\=345600 -fbuild-session-file\=/Users/aadityasingh/Library/Developer/Xcode/DerivedData/ModuleCache.noindex/Session.modulevalidation -fmodules-validate-once-per-build-session -Wnon-modular-include-in-framework-module -Werror\=non-modular-include-in-framework-module -Wno-trigraphs -Wno-missing-field-initializers -Wno-missing-prototypes -Wno-return-type -Wno-implicit-atomic-properties -Wno-objc-interface-ivars -Wno-arc-repeated-use-of-weak -Wno-missing-braces -Wparentheses -Wswitch -Wno-unused-function -Wno-unused-label -Wno-unused-parameter -Wno-unused-variable -Wunused-value -Wno-empty-body -Wno-uninitialized -Wno-unknown-pragmas -w -Wno-shadow -Wno-four-char-constants -Wno-conversion -Wno-constant-conversion -Wno-int-conversion -Wno-bool-conversion -Wno-enum-conversion -Wno-float-conversion -Wno-non-literal-null-conversion -Wno-objc-literal-conversion -Wshorten-64-to-32 -Wpointer-sign -Wno-newline-eof -Wno-selector -Wno-strict-selector-match -Wno-undeclared-selector -Wno-deprecated-implementations -Wno-implicit-fallthrough -isysroot /Applications/Xcode.app/Contents/Developer/Platforms/iPhoneSimulator.platform/Developer/SDKs/iPhoneSimulator26.4.sdk -fstrict-aliasing -Wprotocol -Wdeprecated-declarations -Wno-sign-conversion -Wno-infinite-recursion -Wno-comma -Wno-block-capture-autoreleasing -Wno-strict-prototypes -Wno-semicolon-before-method-body -index-store-path /Users/aadityasingh/Library/Developer/Xcode/DerivedData/Chatlio-erkyzdeecsohoaggpwbjdvavzqfv/Index.noindex/DataStore @/Users/aadityasingh/Library/Developer/Xcode/DerivedData/Chatlio-erkyzdeecsohoaggpwbjdvavzqfv/Build/Intermediates.noindex/DTFoundation.build/Debug-iphonesimulator/DTFoundation.build/Objects-normal/arm64/e6072d4f65d7061329687fe24e3d63a7-common-args.resp -MMD -MT dependencies -MF /Users/aadityasingh/Library/Developer/Xcode/DerivedData/Chatlio-erkyzdeecsohoaggpwbjdvavzqfv/Build/Intermediates.noindex/DTFoundation.build/Debug-iphonesimulator/DTFoundation.build/Objects-normal/arm64/NSScanner+DTScripting.d --serialize-diagnostics /Users/aadityasingh/Library/Developer/Xcode/DerivedData/Chatlio-erkyzdeecsohoaggpwbjdvavzqfv/Build/Intermediates.noindex/DTFoundation.build/Debug-iphonesimulator/DTFoundation.build/Objects-normal/arm64/NSScanner+DTScripting.dia -c /Users/aadityasingh/Library/Developer/Xcode/DerivedData/Chatlio-erkyzdeecsohoaggpwbjdvavzqfv/SourcePackages/checkouts/DTFoundation/Core/Source/DTScripting/NSScanner+DTScripting.m -o /Users/aadityasingh/Library/Developer/Xcode/DerivedData/Chatlio-erkyzdeecsohoaggpwbjdvavzqfv/Build/Intermediates.noindex/DTFoundation.build/Debug-iphonesimulator/DTFoundation.build/Objects-normal/arm64/NSScanner+DTScripting.o -index-unit-output-path /DTFoundation.build/Debug-iphonesimulator/DTFoundation.build/Objects-normal/arm64/NSScanner+DTScripting.o

CompileC /Users/aadityasingh/Library/Developer/Xcode/DerivedData/Chatlio-erkyzdeecsohoaggpwbjdvavzqfv/Build/Intermediates.noindex/DTFoundation.build/Debug-iphonesimulator/DTFoundation.build/Objects-normal/arm64/NSObject+DTRuntime.o /Users/aadityasingh/Library/Developer/Xcode/DerivedData/Chatlio-erkyzdeecsohoaggpwbjdvavzqfv/SourcePackages/checkouts/DTFoundation/Core/Source/Runtime/NSObject+DTRuntime.m normal arm64 objective-c com.apple.compilers.llvm.clang.1_0.compiler (in target 'DTFoundation' from project 'DTFoundation')
    cd /Users/aadityasingh/Documents/Development/element-x-ios/Chatlio.xcodeproj
    
    Using response file: /Users/aadityasingh/Library/Developer/Xcode/DerivedData/Chatlio-erkyzdeecsohoaggpwbjdvavzqfv/Build/Intermediates.noindex/DTFoundation.build/Debug-iphonesimulator/DTFoundation.build/Objects-normal/arm64/e6072d4f65d7061329687fe24e3d63a7-common-args.resp
    
    /Applications/Xcode.app/Contents/Developer/Toolchains/XcodeDefault.xctoolchain/usr/bin/clang -x objective-c -ivfsstatcache /Users/aadityasingh/Library/Developer/Xcode/DerivedData/SDKStatCaches.noindex/iphonesimulator26.4-23E252-686eebb5dc1d8ecb277353a59184f4aa.sdkstatcache -target arm64-apple-ios12.0-simulator -fmessage-length\=0 -fdiagnostics-show-note-include-stack -fmacro-backtrace-limit\=0 -fno-color-diagnostics -fmodules-prune-interval\=86400 -fmodules-prune-after\=345600 -fbuild-session-file\=/Users/aadityasingh/Library/Developer/Xcode/DerivedData/ModuleCache.noindex/Session.modulevalidation -fmodules-validate-once-per-build-session -Wnon-modular-include-in-framework-module -Werror\=non-modular-include-in-framework-module -Wno-trigraphs -Wno-missing-field-initializers -Wno-missing-prototypes -Wno-return-type -Wno-implicit-atomic-properties -Wno-objc-interface-ivars -Wno-arc-repeated-use-of-weak -Wno-missing-braces -Wparentheses -Wswitch -Wno-unused-function -Wno-unused-label -Wno-unused-parameter -Wno-unused-variable -Wunused-value -Wno-empty-body -Wno-uninitialized -Wno-unknown-pragmas -w -Wno-shadow -Wno-four-char-constants -Wno-conversion -Wno-constant-conversion -Wno-int-conversion -Wno-bool-conversion -Wno-enum-conversion -Wno-float-conversion -Wno-non-literal-null-conversion -Wno-objc-literal-conversion -Wshorten-64-to-32 -Wpointer-sign -Wno-newline-eof -Wno-selector -Wno-strict-selector-match -Wno-undeclared-selector -Wno-deprecated-implementations -Wno-implicit-fallthrough -isysroot /Applications/Xcode.app/Contents/Developer/Platforms/iPhoneSimulator.platform/Developer/SDKs/iPhoneSimulator26.4.sdk -fstrict-aliasing -Wprotocol -Wdeprecated-declarations -Wno-sign-conversion -Wno-infinite-recursion -Wno-comma -Wno-block-capture-autoreleasing -Wno-strict-prototypes -Wno-semicolon-before-method-body -index-store-path /Users/aadityasingh/Library/Developer/Xcode/DerivedData/Chatlio-erkyzdeecsohoaggpwbjdvavzqfv/Index.noindex/DataStore @/Users/aadityasingh/Library/Developer/Xcode/DerivedData/Chatlio-erkyzdeecsohoaggpwbjdvavzqfv/Build/Intermediates.noindex/DTFoundation.build/Debug-iphonesimulator/DTFoundation.build/Objects-normal/arm64/e6072d4f65d7061329687fe24e3d63a7-common-args.resp -MMD -MT dependencies -MF /Users/aadityasingh/Library/Developer/Xcode/DerivedData/Chatlio-erkyzdeecsohoaggpwbjdvavzqfv/Build/Intermediates.noindex/DTFoundation.build/Debug-iphonesimulator/DTFoundation.build/Objects-normal/arm64/NSObject+DTRuntime.d --serialize-diagnostics /Users/aadityasingh/Library/Developer/Xcode/DerivedData/Chatlio-erkyzdeecsohoaggpwbjdvavzqfv/Build/Intermediates.noindex/DTFoundation.build/Debug-iphonesimulator/DTFoundation.build/Objects-normal/arm64/NSObject+DTRuntime.dia -c /Users/aadityasingh/Library/Developer/Xcode/DerivedData/Chatlio-erkyzdeecsohoaggpwbjdvavzqfv/SourcePackages/checkouts/DTFoundation/Core/Source/Runtime/NSObject+DTRuntime.m -o /Users/aadityasingh/Library/Developer/Xcode/DerivedData/Chatlio-erkyzdeecsohoaggpwbjdvavzqfv/Build/Intermediates.noindex/DTFoundation.build/Debug-iphonesimulator/DTFoundation.build/Objects-normal/arm64/NSObject+DTRuntime.o -index-unit-output-path /DTFoundation.build/Debug-iphonesimulator/DTFoundation.build/Objects-normal/arm64/NSObject+DTRuntime.o

CompileC /Users/aadityasingh/Library/Developer/Xcode/DerivedData/Chatlio-erkyzdeecsohoaggpwbjdvavzqfv/Build/Intermediates.noindex/DTFoundation.build/Debug-iphonesimulator/DTFoundation.build/Objects-normal/arm64/NSMutableArray+DTMoving.o /Users/aadityasingh/Library/Developer/Xcode/DerivedData/Chatlio-erkyzdeecsohoaggpwbjdvavzqfv/SourcePackages/checkouts/DTFoundation/Core/Source/NSMutableArray+DTMoving.m normal arm64 objective-c com.apple.compilers.llvm.clang.1_0.compiler (in target 'DTFoundation' from project 'DTFoundation')
    cd /Users/aadityasingh/Documents/Development/element-x-ios/Chatlio.xcodeproj
    
    Using response file: /Users/aadityasingh/Library/Developer/Xcode/DerivedData/Chatlio-erkyzdeecsohoaggpwbjdvavzqfv/Build/Intermediates.noindex/DTFoundation.build/Debug-iphonesimulator/DTFoundation.build/Objects-normal/arm64/e6072d4f65d7061329687fe24e3d63a7-common-args.resp
    
    /Applications/Xcode.app/Contents/Developer/Toolchains/XcodeDefault.xctoolchain/usr/bin/clang -x objective-c -ivfsstatcache /Users/aadityasingh/Library/Developer/Xcode/DerivedData/SDKStatCaches.noindex/iphonesimulator26.4-23E252-686eebb5dc1d8ecb277353a59184f4aa.sdkstatcache -target arm64-apple-ios12.0-simulator -fmessage-length\=0 -fdiagnostics-show-note-include-stack -fmacro-backtrace-limit\=0 -fno-color-diagnostics -fmodules-prune-interval\=86400 -fmodules-prune-after\=345600 -fbuild-session-file\=/Users/aadityasingh/Library/Developer/Xcode/DerivedData/ModuleCache.noindex/Session.modulevalidation -fmodules-validate-once-per-build-session -Wnon-modular-include-in-framework-module -Werror\=non-modular-include-in-framework-module -Wno-trigraphs -Wno-missing-field-initializers -Wno-missing-prototypes -Wno-return-type -Wno-implicit-atomic-properties -Wno-objc-interface-ivars -Wno-arc-repeated-use-of-weak -Wno-missing-braces -Wparentheses -Wswitch -Wno-unused-function -Wno-unused-label -Wno-unused-parameter -Wno-unused-variable -Wunused-value -Wno-empty-body -Wno-uninitialized -Wno-unknown-pragmas -w -Wno-shadow -Wno-four-char-constants -Wno-conversion -Wno-constant-conversion -Wno-int-conversion -Wno-bool-conversion -Wno-enum-conversion -Wno-float-conversion -Wno-non-literal-null-conversion -Wno-objc-literal-conversion -Wshorten-64-to-32 -Wpointer-sign -Wno-newline-eof -Wno-selector -Wno-strict-selector-match -Wno-undeclared-selector -Wno-deprecated-implementations -Wno-implicit-fallthrough -isysroot /Applications/Xcode.app/Contents/Developer/Platforms/iPhoneSimulator.platform/Developer/SDKs/iPhoneSimulator26.4.sdk -fstrict-aliasing -Wprotocol -Wdeprecated-declarations -Wno-sign-conversion -Wno-infinite-recursion -Wno-comma -Wno-block-capture-autoreleasing -Wno-strict-prototypes -Wno-semicolon-before-method-body -index-store-path /Users/aadityasingh/Library/Developer/Xcode/DerivedData/Chatlio-erkyzdeecsohoaggpwbjdvavzqfv/Index.noindex/DataStore @/Users/aadityasingh/Library/Developer/Xcode/DerivedData/Chatlio-erkyzdeecsohoaggpwbjdvavzqfv/Build/Intermediates.noindex/DTFoundation.build/Debug-iphonesimulator/DTFoundation.build/Objects-normal/arm64/e6072d4f65d7061329687fe24e3d63a7-common-args.resp -MMD -MT dependencies -MF /Users/aadityasingh/Library/Developer/Xcode/DerivedData/Chatlio-erkyzdeecsohoaggpwbjdvavzqfv/Build/Intermediates.noindex/DTFoundation.build/Debug-iphonesimulator/DTFoundation.build/Objects-normal/arm64/NSMutableArray+DTMoving.d --serialize-diagnostics /Users/aadityasingh/Library/Developer/Xcode/DerivedData/Chatlio-erkyzdeecsohoaggpwbjdvavzqfv/Build/Intermediates.noindex/DTFoundation.build/Debug-iphonesimulator/DTFoundation.build/Objects-normal/arm64/NSMutableArray+DTMoving.dia -c /Users/aadityasingh/Library/Developer/Xcode/DerivedData/Chatlio-erkyzdeecsohoaggpwbjdvavzqfv/SourcePackages/checkouts/DTFoundation/Core/Source/NSMutableArray+DTMoving.m -o /Users/aadityasingh/Library/Developer/Xcode/DerivedData/Chatlio-erkyzdeecsohoaggpwbjdvavzqfv/Build/Intermediates.noindex/DTFoundation.build/Debug-iphonesimulator/DTFoundation.build/Objects-normal/arm64/NSMutableArray+DTMoving.o -index-unit-output-path /DTFoundation.build/Debug-iphonesimulator/DTFoundation.build/Objects-normal/arm64/NSMutableArray+DTMoving.o

CompileC /Users/aadityasingh/Library/Developer/Xcode/DerivedData/Chatlio-erkyzdeecsohoaggpwbjdvavzqfv/Build/Intermediates.noindex/DTFoundation.build/Debug-iphonesimulator/DTFoundation.build/Objects-normal/arm64/NSFileWrapper+DTCopying.o /Users/aadityasingh/Library/Developer/Xcode/DerivedData/Chatlio-erkyzdeecsohoaggpwbjdvavzqfv/SourcePackages/checkouts/DTFoundation/Core/Source/NSFileWrapper+DTCopying.m normal arm64 objective-c com.apple.compilers.llvm.clang.1_0.compiler (in target 'DTFoundation' from project 'DTFoundation')
    cd /Users/aadityasingh/Documents/Development/element-x-ios/Chatlio.xcodeproj
    
    Using response file: /Users/aadityasingh/Library/Developer/Xcode/DerivedData/Chatlio-erkyzdeecsohoaggpwbjdvavzqfv/Build/Intermediates.noindex/DTFoundation.build/Debug-iphonesimulator/DTFoundation.build/Objects-normal/arm64/e6072d4f65d7061329687fe24e3d63a7-common-args.resp
    
    /Applications/Xcode.app/Contents/Developer/Toolchains/XcodeDefault.xctoolchain/usr/bin/clang -x objective-c -ivfsstatcache /Users/aadityasingh/Library/Developer/Xcode/DerivedData/SDKStatCaches.noindex/iphonesimulator26.4-23E252-686eebb5dc1d8ecb277353a59184f4aa.sdkstatcache -target arm64-apple-ios12.0-simulator -fmessage-length\=0 -fdiagnostics-show-note-include-stack -fmacro-backtrace-limit\=0 -fno-color-diagnostics -fmodules-prune-interval\=86400 -fmodules-prune-after\=345600 -fbuild-session-file\=/Users/aadityasingh/Library/Developer/Xcode/DerivedData/ModuleCache.noindex/Session.modulevalidation -fmodules-validate-once-per-build-session -Wnon-modular-include-in-framework-module -Werror\=non-modular-include-in-framework-module -Wno-trigraphs -Wno-missing-field-initializers -Wno-missing-prototypes -Wno-return-type -Wno-implicit-atomic-properties -Wno-objc-interface-ivars -Wno-arc-repeated-use-of-weak -Wno-missing-braces -Wparentheses -Wswitch -Wno-unused-function -Wno-unused-label -Wno-unused-parameter -Wno-unused-variable -Wunused-value -Wno-empty-body -Wno-uninitialized -Wno-unknown-pragmas -w -Wno-shadow -Wno-four-char-constants -Wno-conversion -Wno-constant-conversion -Wno-int-conversion -Wno-bool-conversion -Wno-enum-conversion -Wno-float-conversion -Wno-non-literal-null-conversion -Wno-objc-literal-conversion -Wshorten-64-to-32 -Wpointer-sign -Wno-newline-eof -Wno-selector -Wno-strict-selector-match -Wno-undeclared-selector -Wno-deprecated-implementations -Wno-implicit-fallthrough -isysroot /Applications/Xcode.app/Contents/Developer/Platforms/iPhoneSimulator.platform/Developer/SDKs/iPhoneSimulator26.4.sdk -fstrict-aliasing -Wprotocol -Wdeprecated-declarations -Wno-sign-conversion -Wno-infinite-recursion -Wno-comma -Wno-block-capture-autoreleasing -Wno-strict-prototypes -Wno-semicolon-before-method-body -index-store-path /Users/aadityasingh/Library/Developer/Xcode/DerivedData/Chatlio-erkyzdeecsohoaggpwbjdvavzqfv/Index.noindex/DataStore @/Users/aadityasingh/Library/Developer/Xcode/DerivedData/Chatlio-erkyzdeecsohoaggpwbjdvavzqfv/Build/Intermediates.noindex/DTFoundation.build/Debug-iphonesimulator/DTFoundation.build/Objects-normal/arm64/e6072d4f65d7061329687fe24e3d63a7-common-args.resp -MMD -MT dependencies -MF /Users/aadityasingh/Library/Developer/Xcode/DerivedData/Chatlio-erkyzdeecsohoaggpwbjdvavzqfv/Build/Intermediates.noindex/DTFoundation.build/Debug-iphonesimulator/DTFoundation.build/Objects-normal/arm64/NSFileWrapper+DTCopying.d --serialize-diagnostics /Users/aadityasingh/Library/Developer/Xcode/DerivedData/Chatlio-erkyzdeecsohoaggpwbjdvavzqfv/Build/Intermediates.noindex/DTFoundation.build/Debug-iphonesimulator/DTFoundation.build/Objects-normal/arm64/NSFileWrapper+DTCopying.dia -c /Users/aadityasingh/Library/Developer/Xcode/DerivedData/Chatlio-erkyzdeecsohoaggpwbjdvavzqfv/SourcePackages/checkouts/DTFoundation/Core/Source/NSFileWrapper+DTCopying.m -o /Users/aadityasingh/Library/Developer/Xcode/DerivedData/Chatlio-erkyzdeecsohoaggpwbjdvavzqfv/Build/Intermediates.noindex/DTFoundation.build/Debug-iphonesimulator/DTFoundation.build/Objects-normal/arm64/NSFileWrapper+DTCopying.o -index-unit-output-path /DTFoundation.build/Debug-iphonesimulator/DTFoundation.build/Objects-normal/arm64/NSFileWrapper+DTCopying.o

CompileC /Users/aadityasingh/Library/Developer/Xcode/DerivedData/Chatlio-erkyzdeecsohoaggpwbjdvavzqfv/Build/Intermediates.noindex/DTFoundation.build/Debug-iphonesimulator/DTFoundation.build/Objects-normal/arm64/NSDictionary+DTError.o /Users/aadityasingh/Library/Developer/Xcode/DerivedData/Chatlio-erkyzdeecsohoaggpwbjdvavzqfv/SourcePackages/checkouts/DTFoundation/Core/Source/NSDictionary+DTError.m normal arm64 objective-c com.apple.compilers.llvm.clang.1_0.compiler (in target 'DTFoundation' from project 'DTFoundation')
    cd /Users/aadityasingh/Documents/Development/element-x-ios/Chatlio.xcodeproj
    
    Using response file: /Users/aadityasingh/Library/Developer/Xcode/DerivedData/Chatlio-erkyzdeecsohoaggpwbjdvavzqfv/Build/Intermediates.noindex/DTFoundation.build/Debug-iphonesimulator/DTFoundation.build/Objects-normal/arm64/e6072d4f65d7061329687fe24e3d63a7-common-args.resp
    
    /Applications/Xcode.app/Contents/Developer/Toolchains/XcodeDefault.xctoolchain/usr/bin/clang -x objective-c -ivfsstatcache /Users/aadityasingh/Library/Developer/Xcode/DerivedData/SDKStatCaches.noindex/iphonesimulator26.4-23E252-686eebb5dc1d8ecb277353a59184f4aa.sdkstatcache -target arm64-apple-ios12.0-simulator -fmessage-length\=0 -fdiagnostics-show-note-include-stack -fmacro-backtrace-limit\=0 -fno-color-diagnostics -fmodules-prune-interval\=86400 -fmodules-prune-after\=345600 -fbuild-session-file\=/Users/aadityasingh/Library/Developer/Xcode/DerivedData/ModuleCache.noindex/Session.modulevalidation -fmodules-validate-once-per-build-session -Wnon-modular-include-in-framework-module -Werror\=non-modular-include-in-framework-module -Wno-trigraphs -Wno-missing-field-initializers -Wno-missing-prototypes -Wno-return-type -Wno-implicit-atomic-properties -Wno-objc-interface-ivars -Wno-arc-repeated-use-of-weak -Wno-missing-braces -Wparentheses -Wswitch -Wno-unused-function -Wno-unused-label -Wno-unused-parameter -Wno-unused-variable -Wunused-value -Wno-empty-body -Wno-uninitialized -Wno-unknown-pragmas -w -Wno-shadow -Wno-four-char-constants -Wno-conversion -Wno-constant-conversion -Wno-int-conversion -Wno-bool-conversion -Wno-enum-conversion -Wno-float-conversion -Wno-non-literal-null-conversion -Wno-objc-literal-conversion -Wshorten-64-to-32 -Wpointer-sign -Wno-newline-eof -Wno-selector -Wno-strict-selector-match -Wno-undeclared-selector -Wno-deprecated-implementations -Wno-implicit-fallthrough -isysroot /Applications/Xcode.app/Contents/Developer/Platforms/iPhoneSimulator.platform/Developer/SDKs/iPhoneSimulator26.4.sdk -fstrict-aliasing -Wprotocol -Wdeprecated-declarations -Wno-sign-conversion -Wno-infinite-recursion -Wno-comma -Wno-block-capture-autoreleasing -Wno-strict-prototypes -Wno-semicolon-before-method-body -index-store-path /Users/aadityasingh/Library/Developer/Xcode/DerivedData/Chatlio-erkyzdeecsohoaggpwbjdvavzqfv/Index.noindex/DataStore @/Users/aadityasingh/Library/Developer/Xcode/DerivedData/Chatlio-erkyzdeecsohoaggpwbjdvavzqfv/Build/Intermediates.noindex/DTFoundation.build/Debug-iphonesimulator/DTFoundation.build/Objects-normal/arm64/e6072d4f65d7061329687fe24e3d63a7-common-args.resp -MMD -MT dependencies -MF /Users/aadityasingh/Library/Developer/Xcode/DerivedData/Chatlio-erkyzdeecsohoaggpwbjdvavzqfv/Build/Intermediates.noindex/DTFoundation.build/Debug-iphonesimulator/DTFoundation.build/Objects-normal/arm64/NSDictionary+DTError.d --serialize-diagnostics /Users/aadityasingh/Library/Developer/Xcode/DerivedData/Chatlio-erkyzdeecsohoaggpwbjdvavzqfv/Build/Intermediates.noindex/DTFoundation.build/Debug-iphonesimulator/DTFoundation.build/Objects-normal/arm64/NSDictionary+DTError.dia -c /Users/aadityasingh/Library/Developer/Xcode/DerivedData/Chatlio-erkyzdeecsohoaggpwbjdvavzqfv/SourcePackages/checkouts/DTFoundation/Core/Source/NSDictionary+DTError.m -o /Users/aadityasingh/Library/Developer/Xcode/DerivedData/Chatlio-erkyzdeecsohoaggpwbjdvavzqfv/Build/Intermediates.noindex/DTFoundation.build/Debug-iphonesimulator/DTFoundation.build/Objects-normal/arm64/NSDictionary+DTError.o -index-unit-output-path /DTFoundation.build/Debug-iphonesimulator/DTFoundation.build/Objects-normal/arm64/NSDictionary+DTError.o

CompileC /Users/aadityasingh/Library/Developer/Xcode/DerivedData/Chatlio-erkyzdeecsohoaggpwbjdvavzqfv/Build/Intermediates.noindex/DTFoundation.build/Debug-iphonesimulator/DTFoundation.build/Objects-normal/arm64/NSData+DTCrypto.o /Users/aadityasingh/Library/Developer/Xcode/DerivedData/Chatlio-erkyzdeecsohoaggpwbjdvavzqfv/SourcePackages/checkouts/DTFoundation/Core/Source/NSData+DTCrypto.m normal arm64 objective-c com.apple.compilers.llvm.clang.1_0.compiler (in target 'DTFoundation' from project 'DTFoundation')
    cd /Users/aadityasingh/Documents/Development/element-x-ios/Chatlio.xcodeproj
    
    Using response file: /Users/aadityasingh/Library/Developer/Xcode/DerivedData/Chatlio-erkyzdeecsohoaggpwbjdvavzqfv/Build/Intermediates.noindex/DTFoundation.build/Debug-iphonesimulator/DTFoundation.build/Objects-normal/arm64/e6072d4f65d7061329687fe24e3d63a7-common-args.resp
    
    /Applications/Xcode.app/Contents/Developer/Toolchains/XcodeDefault.xctoolchain/usr/bin/clang -x objective-c -ivfsstatcache /Users/aadityasingh/Library/Developer/Xcode/DerivedData/SDKStatCaches.noindex/iphonesimulator26.4-23E252-686eebb5dc1d8ecb277353a59184f4aa.sdkstatcache -target arm64-apple-ios12.0-simulator -fmessage-length\=0 -fdiagnostics-show-note-include-stack -fmacro-backtrace-limit\=0 -fno-color-diagnostics -fmodules-prune-interval\=86400 -fmodules-prune-after\=345600 -fbuild-session-file\=/Users/aadityasingh/Library/Developer/Xcode/DerivedData/ModuleCache.noindex/Session.modulevalidation -fmodules-validate-once-per-build-session -Wnon-modular-include-in-framework-module -Werror\=non-modular-include-in-framework-module -Wno-trigraphs -Wno-missing-field-initializers -Wno-missing-prototypes -Wno-return-type -Wno-implicit-atomic-properties -Wno-objc-interface-ivars -Wno-arc-repeated-use-of-weak -Wno-missing-braces -Wparentheses -Wswitch -Wno-unused-function -Wno-unused-label -Wno-unused-parameter -Wno-unused-variable -Wunused-value -Wno-empty-body -Wno-uninitialized -Wno-unknown-pragmas -w -Wno-shadow -Wno-four-char-constants -Wno-conversion -Wno-constant-conversion -Wno-int-conversion -Wno-bool-conversion -Wno-enum-conversion -Wno-float-conversion -Wno-non-literal-null-conversion -Wno-objc-literal-conversion -Wshorten-64-to-32 -Wpointer-sign -Wno-newline-eof -Wno-selector -Wno-strict-selector-match -Wno-undeclared-selector -Wno-deprecated-implementations -Wno-implicit-fallthrough -isysroot /Applications/Xcode.app/Contents/Developer/Platforms/iPhoneSimulator.platform/Developer/SDKs/iPhoneSimulator26.4.sdk -fstrict-aliasing -Wprotocol -Wdeprecated-declarations -Wno-sign-conversion -Wno-infinite-recursion -Wno-comma -Wno-block-capture-autoreleasing -Wno-strict-prototypes -Wno-semicolon-before-method-body -index-store-path /Users/aadityasingh/Library/Developer/Xcode/DerivedData/Chatlio-erkyzdeecsohoaggpwbjdvavzqfv/Index.noindex/DataStore @/Users/aadityasingh/Library/Developer/Xcode/DerivedData/Chatlio-erkyzdeecsohoaggpwbjdvavzqfv/Build/Intermediates.noindex/DTFoundation.build/Debug-iphonesimulator/DTFoundation.build/Objects-normal/arm64/e6072d4f65d7061329687fe24e3d63a7-common-args.resp -MMD -MT dependencies -MF /Users/aadityasingh/Library/Developer/Xcode/DerivedData/Chatlio-erkyzdeecsohoaggpwbjdvavzqfv/Build/Intermediates.noindex/DTFoundation.build/Debug-iphonesimulator/DTFoundation.build/Objects-normal/arm64/NSData+DTCrypto.d --serialize-diagnostics /Users/aadityasingh/Library/Developer/Xcode/DerivedData/Chatlio-erkyzdeecsohoaggpwbjdvavzqfv/Build/Intermediates.noindex/DTFoundation.build/Debug-iphonesimulator/DTFoundation.build/Objects-normal/arm64/NSData+DTCrypto.dia -c /Users/aadityasingh/Library/Developer/Xcode/DerivedData/Chatlio-erkyzdeecsohoaggpwbjdvavzqfv/SourcePackages/checkouts/DTFoundation/Core/Source/NSData+DTCrypto.m -o /Users/aadityasingh/Library/Developer/Xcode/DerivedData/Chatlio-erkyzdeecsohoaggpwbjdvavzqfv/Build/Intermediates.noindex/DTFoundation.build/Debug-iphonesimulator/DTFoundation.build/Objects-normal/arm64/NSData+DTCrypto.o -index-unit-output-path /DTFoundation.build/Debug-iphonesimulator/DTFoundation.build/Objects-normal/arm64/NSData+DTCrypto.o

CompileC /Users/aadityasingh/Library/Developer/Xcode/DerivedData/Chatlio-erkyzdeecsohoaggpwbjdvavzqfv/Build/Intermediates.noindex/DTFoundation.build/Debug-iphonesimulator/DTFoundation.build/Objects-normal/arm64/NSArray+DTError.o /Users/aadityasingh/Library/Developer/Xcode/DerivedData/Chatlio-erkyzdeecsohoaggpwbjdvavzqfv/SourcePackages/checkouts/DTFoundation/Core/Source/NSArray+DTError.m normal arm64 objective-c com.apple.compilers.llvm.clang.1_0.compiler (in target 'DTFoundation' from project 'DTFoundation')
    cd /Users/aadityasingh/Documents/Development/element-x-ios/Chatlio.xcodeproj
    
    Using response file: /Users/aadityasingh/Library/Developer/Xcode/DerivedData/Chatlio-erkyzdeecsohoaggpwbjdvavzqfv/Build/Intermediates.noindex/DTFoundation.build/Debug-iphonesimulator/DTFoundation.build/Objects-normal/arm64/e6072d4f65d7061329687fe24e3d63a7-common-args.resp
    
    /Applications/Xcode.app/Contents/Developer/Toolchains/XcodeDefault.xctoolchain/usr/bin/clang -x objective-c -ivfsstatcache /Users/aadityasingh/Library/Developer/Xcode/DerivedData/SDKStatCaches.noindex/iphonesimulator26.4-23E252-686eebb5dc1d8ecb277353a59184f4aa.sdkstatcache -target arm64-apple-ios12.0-simulator -fmessage-length\=0 -fdiagnostics-show-note-include-stack -fmacro-backtrace-limit\=0 -fno-color-diagnostics -fmodules-prune-interval\=86400 -fmodules-prune-after\=345600 -fbuild-session-file\=/Users/aadityasingh/Library/Developer/Xcode/DerivedData/ModuleCache.noindex/Session.modulevalidation -fmodules-validate-once-per-build-session -Wnon-modular-include-in-framework-module -Werror\=non-modular-include-in-framework-module -Wno-trigraphs -Wno-missing-field-initializers -Wno-missing-prototypes -Wno-return-type -Wno-implicit-atomic-properties -Wno-objc-interface-ivars -Wno-arc-repeated-use-of-weak -Wno-missing-braces -Wparentheses -Wswitch -Wno-unused-function -Wno-unused-label -Wno-unused-parameter -Wno-unused-variable -Wunused-value -Wno-empty-body -Wno-uninitialized -Wno-unknown-pragmas -w -Wno-shadow -Wno-four-char-constants -Wno-conversion -Wno-constant-conversion -Wno-int-conversion -Wno-bool-conversion -Wno-enum-conversion -Wno-float-conversion -Wno-non-literal-null-conversion -Wno-objc-literal-conversion -Wshorten-64-to-32 -Wpointer-sign -Wno-newline-eof -Wno-selector -Wno-strict-selector-match -Wno-undeclared-selector -Wno-deprecated-implementations -Wno-implicit-fallthrough -isysroot /Applications/Xcode.app/Contents/Developer/Platforms/iPhoneSimulator.platform/Developer/SDKs/iPhoneSimulator26.4.sdk -fstrict-aliasing -Wprotocol -Wdeprecated-declarations -Wno-sign-conversion -Wno-infinite-recursion -Wno-comma -Wno-block-capture-autoreleasing -Wno-strict-prototypes -Wno-semicolon-before-method-body -index-store-path /Users/aadityasingh/Library/Developer/Xcode/DerivedData/Chatlio-erkyzdeecsohoaggpwbjdvavzqfv/Index.noindex/DataStore @/Users/aadityasingh/Library/Developer/Xcode/DerivedData/Chatlio-erkyzdeecsohoaggpwbjdvavzqfv/Build/Intermediates.noindex/DTFoundation.build/Debug-iphonesimulator/DTFoundation.build/Objects-normal/arm64/e6072d4f65d7061329687fe24e3d63a7-common-args.resp -MMD -MT dependencies -MF /Users/aadityasingh/Library/Developer/Xcode/DerivedData/Chatlio-erkyzdeecsohoaggpwbjdvavzqfv/Build/Intermediates.noindex/DTFoundation.build/Debug-iphonesimulator/DTFoundation.build/Objects-normal/arm64/NSArray+DTError.d --serialize-diagnostics /Users/aadityasingh/Library/Developer/Xcode/DerivedData/Chatlio-erkyzdeecsohoaggpwbjdvavzqfv/Build/Intermediates.noindex/DTFoundation.build/Debug-iphonesimulator/DTFoundation.build/Objects-normal/arm64/NSArray+DTError.dia -c /Users/aadityasingh/Library/Developer/Xcode/DerivedData/Chatlio-erkyzdeecsohoaggpwbjdvavzqfv/SourcePackages/checkouts/DTFoundation/Core/Source/NSArray+DTError.m -o /Users/aadityasingh/Library/Developer/Xcode/DerivedData/Chatlio-erkyzdeecsohoaggpwbjdvavzqfv/Build/Intermediates.noindex/DTFoundation.build/Debug-iphonesimulator/DTFoundation.build/Objects-normal/arm64/NSArray+DTError.o -index-unit-output-path /DTFoundation.build/Debug-iphonesimulator/DTFoundation.build/Objects-normal/arm64/NSArray+DTError.o

CompileC /Users/aadityasingh/Library/Developer/Xcode/DerivedData/Chatlio-erkyzdeecsohoaggpwbjdvavzqfv/Build/Intermediates.noindex/DTFoundation.build/Debug-iphonesimulator/DTFoundation.build/Objects-normal/arm64/DTZipArchivePKZip.o /Users/aadityasingh/Library/Developer/Xcode/DerivedData/Chatlio-erkyzdeecsohoaggpwbjdvavzqfv/SourcePackages/checkouts/DTFoundation/Core/Source/DTZipArchive/DTZipArchivePKZip.m normal arm64 objective-c com.apple.compilers.llvm.clang.1_0.compiler (in target 'DTFoundation' from project 'DTFoundation')
    cd /Users/aadityasingh/Documents/Development/element-x-ios/Chatlio.xcodeproj
    
    Using response file: /Users/aadityasingh/Library/Developer/Xcode/DerivedData/Chatlio-erkyzdeecsohoaggpwbjdvavzqfv/Build/Intermediates.noindex/DTFoundation.build/Debug-iphonesimulator/DTFoundation.build/Objects-normal/arm64/e6072d4f65d7061329687fe24e3d63a7-common-args.resp
    
    /Applications/Xcode.app/Contents/Developer/Toolchains/XcodeDefault.xctoolchain/usr/bin/clang -x objective-c -ivfsstatcache /Users/aadityasingh/Library/Developer/Xcode/DerivedData/SDKStatCaches.noindex/iphonesimulator26.4-23E252-686eebb5dc1d8ecb277353a59184f4aa.sdkstatcache -target arm64-apple-ios12.0-simulator -fmessage-length\=0 -fdiagnostics-show-note-include-stack -fmacro-backtrace-limit\=0 -fno-color-diagnostics -fmodules-prune-interval\=86400 -fmodules-prune-after\=345600 -fbuild-session-file\=/Users/aadityasingh/Library/Developer/Xcode/DerivedData/ModuleCache.noindex/Session.modulevalidation -fmodules-validate-once-per-build-session -Wnon-modular-include-in-framework-module -Werror\=non-modular-include-in-framework-module -Wno-trigraphs -Wno-missing-field-initializers -Wno-missing-prototypes -Wno-return-type -Wno-implicit-atomic-properties -Wno-objc-interface-ivars -Wno-arc-repeated-use-of-weak -Wno-missing-braces -Wparentheses -Wswitch -Wno-unused-function -Wno-unused-label -Wno-unused-parameter -Wno-unused-variable -Wunused-value -Wno-empty-body -Wno-uninitialized -Wno-unknown-pragmas -w -Wno-shadow -Wno-four-char-constants -Wno-conversion -Wno-constant-conversion -Wno-int-conversion -Wno-bool-conversion -Wno-enum-conversion -Wno-float-conversion -Wno-non-literal-null-conversion -Wno-objc-literal-conversion -Wshorten-64-to-32 -Wpointer-sign -Wno-newline-eof -Wno-selector -Wno-strict-selector-match -Wno-undeclared-selector -Wno-deprecated-implementations -Wno-implicit-fallthrough -isysroot /Applications/Xcode.app/Contents/Developer/Platforms/iPhoneSimulator.platform/Developer/SDKs/iPhoneSimulator26.4.sdk -fstrict-aliasing -Wprotocol -Wdeprecated-declarations -Wno-sign-conversion -Wno-infinite-recursion -Wno-comma -Wno-block-capture-autoreleasing -Wno-strict-prototypes -Wno-semicolon-before-method-body -index-store-path /Users/aadityasingh/Library/Developer/Xcode/DerivedData/Chatlio-erkyzdeecsohoaggpwbjdvavzqfv/Index.noindex/DataStore @/Users/aadityasingh/Library/Developer/Xcode/DerivedData/Chatlio-erkyzdeecsohoaggpwbjdvavzqfv/Build/Intermediates.noindex/DTFoundation.build/Debug-iphonesimulator/DTFoundation.build/Objects-normal/arm64/e6072d4f65d7061329687fe24e3d63a7-common-args.resp -MMD -MT dependencies -MF /Users/aadityasingh/Library/Developer/Xcode/DerivedData/Chatlio-erkyzdeecsohoaggpwbjdvavzqfv/Build/Intermediates.noindex/DTFoundation.build/Debug-iphonesimulator/DTFoundation.build/Objects-normal/arm64/DTZipArchivePKZip.d --serialize-diagnostics /Users/aadityasingh/Library/Developer/Xcode/DerivedData/Chatlio-erkyzdeecsohoaggpwbjdvavzqfv/Build/Intermediates.noindex/DTFoundation.build/Debug-iphonesimulator/DTFoundation.build/Objects-normal/arm64/DTZipArchivePKZip.dia -c /Users/aadityasingh/Library/Developer/Xcode/DerivedData/Chatlio-erkyzdeecsohoaggpwbjdvavzqfv/SourcePackages/checkouts/DTFoundation/Core/Source/DTZipArchive/DTZipArchivePKZip.m -o /Users/aadityasingh/Library/Developer/Xcode/DerivedData/Chatlio-erkyzdeecsohoaggpwbjdvavzqfv/Build/Intermediates.noindex/DTFoundation.build/Debug-iphonesimulator/DTFoundation.build/Objects-normal/arm64/DTZipArchivePKZip.o -index-unit-output-path /DTFoundation.build/Debug-iphonesimulator/DTFoundation.build/Objects-normal/arm64/DTZipArchivePKZip.o

CompileC /Users/aadityasingh/Library/Developer/Xcode/DerivedData/Chatlio-erkyzdeecsohoaggpwbjdvavzqfv/Build/Intermediates.noindex/DTFoundation.build/Debug-iphonesimulator/DTFoundation.build/Objects-normal/arm64/DTZipArchiveNode.o /Users/aadityasingh/Library/Developer/Xcode/DerivedData/Chatlio-erkyzdeecsohoaggpwbjdvavzqfv/SourcePackages/checkouts/DTFoundation/Core/Source/DTZipArchive/DTZipArchiveNode.m normal arm64 objective-c com.apple.compilers.llvm.clang.1_0.compiler (in target 'DTFoundation' from project 'DTFoundation')
    cd /Users/aadityasingh/Documents/Development/element-x-ios/Chatlio.xcodeproj
    
    Using response file: /Users/aadityasingh/Library/Developer/Xcode/DerivedData/Chatlio-erkyzdeecsohoaggpwbjdvavzqfv/Build/Intermediates.noindex/DTFoundation.build/Debug-iphonesimulator/DTFoundation.build/Objects-normal/arm64/e6072d4f65d7061329687fe24e3d63a7-common-args.resp
    
    /Applications/Xcode.app/Contents/Developer/Toolchains/XcodeDefault.xctoolchain/usr/bin/clang -x objective-c -ivfsstatcache /Users/aadityasingh/Library/Developer/Xcode/DerivedData/SDKStatCaches.noindex/iphonesimulator26.4-23E252-686eebb5dc1d8ecb277353a59184f4aa.sdkstatcache -target arm64-apple-ios12.0-simulator -fmessage-length\=0 -fdiagnostics-show-note-include-stack -fmacro-backtrace-limit\=0 -fno-color-diagnostics -fmodules-prune-interval\=86400 -fmodules-prune-after\=345600 -fbuild-session-file\=/Users/aadityasingh/Library/Developer/Xcode/DerivedData/ModuleCache.noindex/Session.modulevalidation -fmodules-validate-once-per-build-session -Wnon-modular-include-in-framework-module -Werror\=non-modular-include-in-framework-module -Wno-trigraphs -Wno-missing-field-initializers -Wno-missing-prototypes -Wno-return-type -Wno-implicit-atomic-properties -Wno-objc-interface-ivars -Wno-arc-repeated-use-of-weak -Wno-missing-braces -Wparentheses -Wswitch -Wno-unused-function -Wno-unused-label -Wno-unused-parameter -Wno-unused-variable -Wunused-value -Wno-empty-body -Wno-uninitialized -Wno-unknown-pragmas -w -Wno-shadow -Wno-four-char-constants -Wno-conversion -Wno-constant-conversion -Wno-int-conversion -Wno-bool-conversion -Wno-enum-conversion -Wno-float-conversion -Wno-non-literal-null-conversion -Wno-objc-literal-conversion -Wshorten-64-to-32 -Wpointer-sign -Wno-newline-eof -Wno-selector -Wno-strict-selector-match -Wno-undeclared-selector -Wno-deprecated-implementations -Wno-implicit-fallthrough -isysroot /Applications/Xcode.app/Contents/Developer/Platforms/iPhoneSimulator.platform/Developer/SDKs/iPhoneSimulator26.4.sdk -fstrict-aliasing -Wprotocol -Wdeprecated-declarations -Wno-sign-conversion -Wno-infinite-recursion -Wno-comma -Wno-block-capture-autoreleasing -Wno-strict-prototypes -Wno-semicolon-before-method-body -index-store-path /Users/aadityasingh/Library/Developer/Xcode/DerivedData/Chatlio-erkyzdeecsohoaggpwbjdvavzqfv/Index.noindex/DataStore @/Users/aadityasingh/Library/Developer/Xcode/DerivedData/Chatlio-erkyzdeecsohoaggpwbjdvavzqfv/Build/Intermediates.noindex/DTFoundation.build/Debug-iphonesimulator/DTFoundation.build/Objects-normal/arm64/e6072d4f65d7061329687fe24e3d63a7-common-args.resp -MMD -MT dependencies -MF /Users/aadityasingh/Library/Developer/Xcode/DerivedData/Chatlio-erkyzdeecsohoaggpwbjdvavzqfv/Build/Intermediates.noindex/DTFoundation.build/Debug-iphonesimulator/DTFoundation.build/Objects-normal/arm64/DTZipArchiveNode.d --serialize-diagnostics /Users/aadityasingh/Library/Developer/Xcode/DerivedData/Chatlio-erkyzdeecsohoaggpwbjdvavzqfv/Build/Intermediates.noindex/DTFoundation.build/Debug-iphonesimulator/DTFoundation.build/Objects-normal/arm64/DTZipArchiveNode.dia -c /Users/aadityasingh/Library/Developer/Xcode/DerivedData/Chatlio-erkyzdeecsohoaggpwbjdvavzqfv/SourcePackages/checkouts/DTFoundation/Core/Source/DTZipArchive/DTZipArchiveNode.m -o /Users/aadityasingh/Library/Developer/Xcode/DerivedData/Chatlio-erkyzdeecsohoaggpwbjdvavzqfv/Build/Intermediates.noindex/DTFoundation.build/Debug-iphonesimulator/DTFoundation.build/Objects-normal/arm64/DTZipArchiveNode.o -index-unit-output-path /DTFoundation.build/Debug-iphonesimulator/DTFoundation.build/Objects-normal/arm64/DTZipArchiveNode.o

CompileC /Users/aadityasingh/Library/Developer/Xcode/DerivedData/Chatlio-erkyzdeecsohoaggpwbjdvavzqfv/Build/Intermediates.noindex/DTFoundation.build/Debug-iphonesimulator/DTFoundation.build/Objects-normal/arm64/DTZipArchiveGZip.o /Users/aadityasingh/Library/Developer/Xcode/DerivedData/Chatlio-erkyzdeecsohoaggpwbjdvavzqfv/SourcePackages/checkouts/DTFoundation/Core/Source/DTZipArchive/DTZipArchiveGZip.m normal arm64 objective-c com.apple.compilers.llvm.clang.1_0.compiler (in target 'DTFoundation' from project 'DTFoundation')
    cd /Users/aadityasingh/Documents/Development/element-x-ios/Chatlio.xcodeproj
    
    Using response file: /Users/aadityasingh/Library/Developer/Xcode/DerivedData/Chatlio-erkyzdeecsohoaggpwbjdvavzqfv/Build/Intermediates.noindex/DTFoundation.build/Debug-iphonesimulator/DTFoundation.build/Objects-normal/arm64/e6072d4f65d7061329687fe24e3d63a7-common-args.resp
    
    /Applications/Xcode.app/Contents/Developer/Toolchains/XcodeDefault.xctoolchain/usr/bin/clang -x objective-c -ivfsstatcache /Users/aadityasingh/Library/Developer/Xcode/DerivedData/SDKStatCaches.noindex/iphonesimulator26.4-23E252-686eebb5dc1d8ecb277353a59184f4aa.sdkstatcache -target arm64-apple-ios12.0-simulator -fmessage-length\=0 -fdiagnostics-show-note-include-stack -fmacro-backtrace-limit\=0 -fno-color-diagnostics -fmodules-prune-interval\=86400 -fmodules-prune-after\=345600 -fbuild-session-file\=/Users/aadityasingh/Library/Developer/Xcode/DerivedData/ModuleCache.noindex/Session.modulevalidation -fmodules-validate-once-per-build-session -Wnon-modular-include-in-framework-module -Werror\=non-modular-include-in-framework-module -Wno-trigraphs -Wno-missing-field-initializers -Wno-missing-prototypes -Wno-return-type -Wno-implicit-atomic-properties -Wno-objc-interface-ivars -Wno-arc-repeated-use-of-weak -Wno-missing-braces -Wparentheses -Wswitch -Wno-unused-function -Wno-unused-label -Wno-unused-parameter -Wno-unused-variable -Wunused-value -Wno-empty-body -Wno-uninitialized -Wno-unknown-pragmas -w -Wno-shadow -Wno-four-char-constants -Wno-conversion -Wno-constant-conversion -Wno-int-conversion -Wno-bool-conversion -Wno-enum-conversion -Wno-float-conversion -Wno-non-literal-null-conversion -Wno-objc-literal-conversion -Wshorten-64-to-32 -Wpointer-sign -Wno-newline-eof -Wno-selector -Wno-strict-selector-match -Wno-undeclared-selector -Wno-deprecated-implementations -Wno-implicit-fallthrough -isysroot /Applications/Xcode.app/Contents/Developer/Platforms/iPhoneSimulator.platform/Developer/SDKs/iPhoneSimulator26.4.sdk -fstrict-aliasing -Wprotocol -Wdeprecated-declarations -Wno-sign-conversion -Wno-infinite-recursion -Wno-comma -Wno-block-capture-autoreleasing -Wno-strict-prototypes -Wno-semicolon-before-method-body -index-store-path /Users/aadityasingh/Library/Developer/Xcode/DerivedData/Chatlio-erkyzdeecsohoaggpwbjdvavzqfv/Index.noindex/DataStore @/Users/aadityasingh/Library/Developer/Xcode/DerivedData/Chatlio-erkyzdeecsohoaggpwbjdvavzqfv/Build/Intermediates.noindex/DTFoundation.build/Debug-iphonesimulator/DTFoundation.build/Objects-normal/arm64/e6072d4f65d7061329687fe24e3d63a7-common-args.resp -MMD -MT dependencies -MF /Users/aadityasingh/Library/Developer/Xcode/DerivedData/Chatlio-erkyzdeecsohoaggpwbjdvavzqfv/Build/Intermediates.noindex/DTFoundation.build/Debug-iphonesimulator/DTFoundation.build/Objects-normal/arm64/DTZipArchiveGZip.d --serialize-diagnostics /Users/aadityasingh/Library/Developer/Xcode/DerivedData/Chatlio-erkyzdeecsohoaggpwbjdvavzqfv/Build/Intermediates.noindex/DTFoundation.build/Debug-iphonesimulator/DTFoundation.build/Objects-normal/arm64/DTZipArchiveGZip.dia -c /Users/aadityasingh/Library/Developer/Xcode/DerivedData/Chatlio-erkyzdeecsohoaggpwbjdvavzqfv/SourcePackages/checkouts/DTFoundation/Core/Source/DTZipArchive/DTZipArchiveGZip.m -o /Users/aadityasingh/Library/Developer/Xcode/DerivedData/Chatlio-erkyzdeecsohoaggpwbjdvavzqfv/Build/Intermediates.noindex/DTFoundation.build/Debug-iphonesimulator/DTFoundation.build/Objects-normal/arm64/DTZipArchiveGZip.o -index-unit-output-path /DTFoundation.build/Debug-iphonesimulator/DTFoundation.build/Objects-normal/arm64/DTZipArchiveGZip.o

CompileC /Users/aadityasingh/Library/Developer/Xcode/DerivedData/Chatlio-erkyzdeecsohoaggpwbjdvavzqfv/Build/Intermediates.noindex/DTFoundation.build/Debug-iphonesimulator/DTFoundation.build/Objects-normal/arm64/DTZipArchive.o /Users/aadityasingh/Library/Developer/Xcode/DerivedData/Chatlio-erkyzdeecsohoaggpwbjdvavzqfv/SourcePackages/checkouts/DTFoundation/Core/Source/DTZipArchive/DTZipArchive.m normal arm64 objective-c com.apple.compilers.llvm.clang.1_0.compiler (in target 'DTFoundation' from project 'DTFoundation')
    cd /Users/aadityasingh/Documents/Development/element-x-ios/Chatlio.xcodeproj
    
    Using response file: /Users/aadityasingh/Library/Developer/Xcode/DerivedData/Chatlio-erkyzdeecsohoaggpwbjdvavzqfv/Build/Intermediates.noindex/DTFoundation.build/Debug-iphonesimulator/DTFoundation.build/Objects-normal/arm64/e6072d4f65d7061329687fe24e3d63a7-common-args.resp
    
    /Applications/Xcode.app/Contents/Developer/Toolchains/XcodeDefault.xctoolchain/usr/bin/clang -x objective-c -ivfsstatcache /Users/aadityasingh/Library/Developer/Xcode/DerivedData/SDKStatCaches.noindex/iphonesimulator26.4-23E252-686eebb5dc1d8ecb277353a59184f4aa.sdkstatcache -target arm64-apple-ios12.0-simulator -fmessage-length\=0 -fdiagnostics-show-note-include-stack -fmacro-backtrace-limit\=0 -fno-color-diagnostics -fmodules-prune-interval\=86400 -fmodules-prune-after\=345600 -fbuild-session-file\=/Users/aadityasingh/Library/Developer/Xcode/DerivedData/ModuleCache.noindex/Session.modulevalidation -fmodules-validate-once-per-build-session -Wnon-modular-include-in-framework-module -Werror\=non-modular-include-in-framework-module -Wno-trigraphs -Wno-missing-field-initializers -Wno-missing-prototypes -Wno-return-type -Wno-implicit-atomic-properties -Wno-objc-interface-ivars -Wno-arc-repeated-use-of-weak -Wno-missing-braces -Wparentheses -Wswitch -Wno-unused-function -Wno-unused-label -Wno-unused-parameter -Wno-unused-variable -Wunused-value -Wno-empty-body -Wno-uninitialized -Wno-unknown-pragmas -w -Wno-shadow -Wno-four-char-constants -Wno-conversion -Wno-constant-conversion -Wno-int-conversion -Wno-bool-conversion -Wno-enum-conversion -Wno-float-conversion -Wno-non-literal-null-conversion -Wno-objc-literal-conversion -Wshorten-64-to-32 -Wpointer-sign -Wno-newline-eof -Wno-selector -Wno-strict-selector-match -Wno-undeclared-selector -Wno-deprecated-implementations -Wno-implicit-fallthrough -isysroot /Applications/Xcode.app/Contents/Developer/Platforms/iPhoneSimulator.platform/Developer/SDKs/iPhoneSimulator26.4.sdk -fstrict-aliasing -Wprotocol -Wdeprecated-declarations -Wno-sign-conversion -Wno-infinite-recursion -Wno-comma -Wno-block-capture-autoreleasing -Wno-strict-prototypes -Wno-semicolon-before-method-body -index-store-path /Users/aadityasingh/Library/Developer/Xcode/DerivedData/Chatlio-erkyzdeecsohoaggpwbjdvavzqfv/Index.noindex/DataStore @/Users/aadityasingh/Library/Developer/Xcode/DerivedData/Chatlio-erkyzdeecsohoaggpwbjdvavzqfv/Build/Intermediates.noindex/DTFoundation.build/Debug-iphonesimulator/DTFoundation.build/Objects-normal/arm64/e6072d4f65d7061329687fe24e3d63a7-common-args.resp -MMD -MT dependencies -MF /Users/aadityasingh/Library/Developer/Xcode/DerivedData/Chatlio-erkyzdeecsohoaggpwbjdvavzqfv/Build/Intermediates.noindex/DTFoundation.build/Debug-iphonesimulator/DTFoundation.build/Objects-normal/arm64/DTZipArchive.d --serialize-diagnostics /Users/aadityasingh/Library/Developer/Xcode/DerivedData/Chatlio-erkyzdeecsohoaggpwbjdvavzqfv/Build/Intermediates.noindex/DTFoundation.build/Debug-iphonesimulator/DTFoundation.build/Objects-normal/arm64/DTZipArchive.dia -c /Users/aadityasingh/Library/Developer/Xcode/DerivedData/Chatlio-erkyzdeecsohoaggpwbjdvavzqfv/SourcePackages/checkouts/DTFoundation/Core/Source/DTZipArchive/DTZipArchive.m -o /Users/aadityasingh/Library/Developer/Xcode/DerivedData/Chatlio-erkyzdeecsohoaggpwbjdvavzqfv/Build/Intermediates.noindex/DTFoundation.build/Debug-iphonesimulator/DTFoundation.build/Objects-normal/arm64/DTZipArchive.o -index-unit-output-path /DTFoundation.build/Debug-iphonesimulator/DTFoundation.build/Objects-normal/arm64/DTZipArchive.o

CompileC /Users/aadityasingh/Library/Developer/Xcode/DerivedData/Chatlio-erkyzdeecsohoaggpwbjdvavzqfv/Build/Intermediates.noindex/DTFoundation.build/Debug-iphonesimulator/DTFoundation.build/Objects-normal/arm64/DTScriptVariable.o /Users/aadityasingh/Library/Developer/Xcode/DerivedData/Chatlio-erkyzdeecsohoaggpwbjdvavzqfv/SourcePackages/checkouts/DTFoundation/Core/Source/DTScripting/DTScriptVariable.m normal arm64 objective-c com.apple.compilers.llvm.clang.1_0.compiler (in target 'DTFoundation' from project 'DTFoundation')
    cd /Users/aadityasingh/Documents/Development/element-x-ios/Chatlio.xcodeproj
    
    Using response file: /Users/aadityasingh/Library/Developer/Xcode/DerivedData/Chatlio-erkyzdeecsohoaggpwbjdvavzqfv/Build/Intermediates.noindex/DTFoundation.build/Debug-iphonesimulator/DTFoundation.build/Objects-normal/arm64/e6072d4f65d7061329687fe24e3d63a7-common-args.resp
    
    /Applications/Xcode.app/Contents/Developer/Toolchains/XcodeDefault.xctoolchain/usr/bin/clang -x objective-c -ivfsstatcache /Users/aadityasingh/Library/Developer/Xcode/DerivedData/SDKStatCaches.noindex/iphonesimulator26.4-23E252-686eebb5dc1d8ecb277353a59184f4aa.sdkstatcache -target arm64-apple-ios12.0-simulator -fmessage-length\=0 -fdiagnostics-show-note-include-stack -fmacro-backtrace-limit\=0 -fno-color-diagnostics -fmodules-prune-interval\=86400 -fmodules-prune-after\=345600 -fbuild-session-file\=/Users/aadityasingh/Library/Developer/Xcode/DerivedData/ModuleCache.noindex/Session.modulevalidation -fmodules-validate-once-per-build-session -Wnon-modular-include-in-framework-module -Werror\=non-modular-include-in-framework-module -Wno-trigraphs -Wno-missing-field-initializers -Wno-missing-prototypes -Wno-return-type -Wno-implicit-atomic-properties -Wno-objc-interface-ivars -Wno-arc-repeated-use-of-weak -Wno-missing-braces -Wparentheses -Wswitch -Wno-unused-function -Wno-unused-label -Wno-unused-parameter -Wno-unused-variable -Wunused-value -Wno-empty-body -Wno-uninitialized -Wno-unknown-pragmas -w -Wno-shadow -Wno-four-char-constants -Wno-conversion -Wno-constant-conversion -Wno-int-conversion -Wno-bool-conversion -Wno-enum-conversion -Wno-float-conversion -Wno-non-literal-null-conversion -Wno-objc-literal-conversion -Wshorten-64-to-32 -Wpointer-sign -Wno-newline-eof -Wno-selector -Wno-strict-selector-match -Wno-undeclared-selector -Wno-deprecated-implementations -Wno-implicit-fallthrough -isysroot /Applications/Xcode.app/Contents/Developer/Platforms/iPhoneSimulator.platform/Developer/SDKs/iPhoneSimulator26.4.sdk -fstrict-aliasing -Wprotocol -Wdeprecated-declarations -Wno-sign-conversion -Wno-infinite-recursion -Wno-comma -Wno-block-capture-autoreleasing -Wno-strict-prototypes -Wno-semicolon-before-method-body -index-store-path /Users/aadityasingh/Library/Developer/Xcode/DerivedData/Chatlio-erkyzdeecsohoaggpwbjdvavzqfv/Index.noindex/DataStore @/Users/aadityasingh/Library/Developer/Xcode/DerivedData/Chatlio-erkyzdeecsohoaggpwbjdvavzqfv/Build/Intermediates.noindex/DTFoundation.build/Debug-iphonesimulator/DTFoundation.build/Objects-normal/arm64/e6072d4f65d7061329687fe24e3d63a7-common-args.resp -MMD -MT dependencies -MF /Users/aadityasingh/Library/Developer/Xcode/DerivedData/Chatlio-erkyzdeecsohoaggpwbjdvavzqfv/Build/Intermediates.noindex/DTFoundation.build/Debug-iphonesimulator/DTFoundation.build/Objects-normal/arm64/DTScriptVariable.d --serialize-diagnostics /Users/aadityasingh/Library/Developer/Xcode/DerivedData/Chatlio-erkyzdeecsohoaggpwbjdvavzqfv/Build/Intermediates.noindex/DTFoundation.build/Debug-iphonesimulator/DTFoundation.build/Objects-normal/arm64/DTScriptVariable.dia -c /Users/aadityasingh/Library/Developer/Xcode/DerivedData/Chatlio-erkyzdeecsohoaggpwbjdvavzqfv/SourcePackages/checkouts/DTFoundation/Core/Source/DTScripting/DTScriptVariable.m -o /Users/aadityasingh/Library/Developer/Xcode/DerivedData/Chatlio-erkyzdeecsohoaggpwbjdvavzqfv/Build/Intermediates.noindex/DTFoundation.build/Debug-iphonesimulator/DTFoundation.build/Objects-normal/arm64/DTScriptVariable.o -index-unit-output-path /DTFoundation.build/Debug-iphonesimulator/DTFoundation.build/Objects-normal/arm64/DTScriptVariable.o

CompileC /Users/aadityasingh/Library/Developer/Xcode/DerivedData/Chatlio-erkyzdeecsohoaggpwbjdvavzqfv/Build/Intermediates.noindex/DTFoundation.build/Debug-iphonesimulator/DTFoundation.build/Objects-normal/arm64/DTScriptExpression.o /Users/aadityasingh/Library/Developer/Xcode/DerivedData/Chatlio-erkyzdeecsohoaggpwbjdvavzqfv/SourcePackages/checkouts/DTFoundation/Core/Source/DTScripting/DTScriptExpression.m normal arm64 objective-c com.apple.compilers.llvm.clang.1_0.compiler (in target 'DTFoundation' from project 'DTFoundation')
    cd /Users/aadityasingh/Documents/Development/element-x-ios/Chatlio.xcodeproj
    
    Using response file: /Users/aadityasingh/Library/Developer/Xcode/DerivedData/Chatlio-erkyzdeecsohoaggpwbjdvavzqfv/Build/Intermediates.noindex/DTFoundation.build/Debug-iphonesimulator/DTFoundation.build/Objects-normal/arm64/e6072d4f65d7061329687fe24e3d63a7-common-args.resp
    
    /Applications/Xcode.app/Contents/Developer/Toolchains/XcodeDefault.xctoolchain/usr/bin/clang -x objective-c -ivfsstatcache /Users/aadityasingh/Library/Developer/Xcode/DerivedData/SDKStatCaches.noindex/iphonesimulator26.4-23E252-686eebb5dc1d8ecb277353a59184f4aa.sdkstatcache -target arm64-apple-ios12.0-simulator -fmessage-length\=0 -fdiagnostics-show-note-include-stack -fmacro-backtrace-limit\=0 -fno-color-diagnostics -fmodules-prune-interval\=86400 -fmodules-prune-after\=345600 -fbuild-session-file\=/Users/aadityasingh/Library/Developer/Xcode/DerivedData/ModuleCache.noindex/Session.modulevalidation -fmodules-validate-once-per-build-session -Wnon-modular-include-in-framework-module -Werror\=non-modular-include-in-framework-module -Wno-trigraphs -Wno-missing-field-initializers -Wno-missing-prototypes -Wno-return-type -Wno-implicit-atomic-properties -Wno-objc-interface-ivars -Wno-arc-repeated-use-of-weak -Wno-missing-braces -Wparentheses -Wswitch -Wno-unused-function -Wno-unused-label -Wno-unused-parameter -Wno-unused-variable -Wunused-value -Wno-empty-body -Wno-uninitialized -Wno-unknown-pragmas -w -Wno-shadow -Wno-four-char-constants -Wno-conversion -Wno-constant-conversion -Wno-int-conversion -Wno-bool-conversion -Wno-enum-conversion -Wno-float-conversion -Wno-non-literal-null-conversion -Wno-objc-literal-conversion -Wshorten-64-to-32 -Wpointer-sign -Wno-newline-eof -Wno-selector -Wno-strict-selector-match -Wno-undeclared-selector -Wno-deprecated-implementations -Wno-implicit-fallthrough -isysroot /Applications/Xcode.app/Contents/Developer/Platforms/iPhoneSimulator.platform/Developer/SDKs/iPhoneSimulator26.4.sdk -fstrict-aliasing -Wprotocol -Wdeprecated-declarations -Wno-sign-conversion -Wno-infinite-recursion -Wno-comma -Wno-block-capture-autoreleasing -Wno-strict-prototypes -Wno-semicolon-before-method-body -index-store-path /Users/aadityasingh/Library/Developer/Xcode/DerivedData/Chatlio-erkyzdeecsohoaggpwbjdvavzqfv/Index.noindex/DataStore @/Users/aadityasingh/Library/Developer/Xcode/DerivedData/Chatlio-erkyzdeecsohoaggpwbjdvavzqfv/Build/Intermediates.noindex/DTFoundation.build/Debug-iphonesimulator/DTFoundation.build/Objects-normal/arm64/e6072d4f65d7061329687fe24e3d63a7-common-args.resp -MMD -MT dependencies -MF /Users/aadityasingh/Library/Developer/Xcode/DerivedData/Chatlio-erkyzdeecsohoaggpwbjdvavzqfv/Build/Intermediates.noindex/DTFoundation.build/Debug-iphonesimulator/DTFoundation.build/Objects-normal/arm64/DTScriptExpression.d --serialize-diagnostics /Users/aadityasingh/Library/Developer/Xcode/DerivedData/Chatlio-erkyzdeecsohoaggpwbjdvavzqfv/Build/Intermediates.noindex/DTFoundation.build/Debug-iphonesimulator/DTFoundation.build/Objects-normal/arm64/DTScriptExpression.dia -c /Users/aadityasingh/Library/Developer/Xcode/DerivedData/Chatlio-erkyzdeecsohoaggpwbjdvavzqfv/SourcePackages/checkouts/DTFoundation/Core/Source/DTScripting/DTScriptExpression.m -o /Users/aadityasingh/Library/Developer/Xcode/DerivedData/Chatlio-erkyzdeecsohoaggpwbjdvavzqfv/Build/Intermediates.noindex/DTFoundation.build/Debug-iphonesimulator/DTFoundation.build/Objects-normal/arm64/DTScriptExpression.o -index-unit-output-path /DTFoundation.build/Debug-iphonesimulator/DTFoundation.build/Objects-normal/arm64/DTScriptExpression.o

CompileC /Users/aadityasingh/Library/Developer/Xcode/DerivedData/Chatlio-erkyzdeecsohoaggpwbjdvavzqfv/Build/Intermediates.noindex/DTFoundation.build/Debug-iphonesimulator/DTFoundation.build/Objects-normal/x86_64/UIViewController+DTSidePanelController.o /Users/aadityasingh/Library/Developer/Xcode/DerivedData/Chatlio-erkyzdeecsohoaggpwbjdvavzqfv/SourcePackages/checkouts/DTFoundation/Core/Source/iOS/DTSidePanel/UIViewController+DTSidePanelController.m normal x86_64 objective-c com.apple.compilers.llvm.clang.1_0.compiler (in target 'DTFoundation' from project 'DTFoundation')
    cd /Users/aadityasingh/Documents/Development/element-x-ios/Chatlio.xcodeproj
    
    Using response file: /Users/aadityasingh/Library/Developer/Xcode/DerivedData/Chatlio-erkyzdeecsohoaggpwbjdvavzqfv/Build/Intermediates.noindex/DTFoundation.build/Debug-iphonesimulator/DTFoundation.build/Objects-normal/x86_64/e6072d4f65d7061329687fe24e3d63a7-common-args.resp
    
    /Applications/Xcode.app/Contents/Developer/Toolchains/XcodeDefault.xctoolchain/usr/bin/clang -x objective-c -ivfsstatcache /Users/aadityasingh/Library/Developer/Xcode/DerivedData/SDKStatCaches.noindex/iphonesimulator26.4-23E252-686eebb5dc1d8ecb277353a59184f4aa.sdkstatcache -target x86_64-apple-ios12.0-simulator -fmessage-length\=0 -fdiagnostics-show-note-include-stack -fmacro-backtrace-limit\=0 -fno-color-diagnostics -fmodules-prune-interval\=86400 -fmodules-prune-after\=345600 -fbuild-session-file\=/Users/aadityasingh/Library/Developer/Xcode/DerivedData/ModuleCache.noindex/Session.modulevalidation -fmodules-validate-once-per-build-session -Wnon-modular-include-in-framework-module -Werror\=non-modular-include-in-framework-module -Wno-trigraphs -Wno-missing-field-initializers -Wno-missing-prototypes -Wno-return-type -Wno-implicit-atomic-properties -Wno-objc-interface-ivars -Wno-arc-repeated-use-of-weak -Wno-missing-braces -Wparentheses -Wswitch -Wno-unused-function -Wno-unused-label -Wno-unused-parameter -Wno-unused-variable -Wunused-value -Wno-empty-body -Wno-uninitialized -Wno-unknown-pragmas -w -Wno-shadow -Wno-four-char-constants -Wno-conversion -Wno-constant-conversion -Wno-int-conversion -Wno-bool-conversion -Wno-enum-conversion -Wno-float-conversion -Wno-non-literal-null-conversion -Wno-objc-literal-conversion -Wshorten-64-to-32 -Wpointer-sign -Wno-newline-eof -Wno-selector -Wno-strict-selector-match -Wno-undeclared-selector -Wno-deprecated-implementations -Wno-implicit-fallthrough -isysroot /Applications/Xcode.app/Contents/Developer/Platforms/iPhoneSimulator.platform/Developer/SDKs/iPhoneSimulator26.4.sdk -fstrict-aliasing -Wprotocol -Wdeprecated-declarations -Wno-sign-conversion -Wno-infinite-recursion -Wno-comma -Wno-block-capture-autoreleasing -Wno-strict-prototypes -Wno-semicolon-before-method-body -index-store-path /Users/aadityasingh/Library/Developer/Xcode/DerivedData/Chatlio-erkyzdeecsohoaggpwbjdvavzqfv/Index.noindex/DataStore @/Users/aadityasingh/Library/Developer/Xcode/DerivedData/Chatlio-erkyzdeecsohoaggpwbjdvavzqfv/Build/Intermediates.noindex/DTFoundation.build/Debug-iphonesimulator/DTFoundation.build/Objects-normal/x86_64/e6072d4f65d7061329687fe24e3d63a7-common-args.resp -MMD -MT dependencies -MF /Users/aadityasingh/Library/Developer/Xcode/DerivedData/Chatlio-erkyzdeecsohoaggpwbjdvavzqfv/Build/Intermediates.noindex/DTFoundation.build/Debug-iphonesimulator/DTFoundation.build/Objects-normal/x86_64/UIViewController+DTSidePanelController.d --serialize-diagnostics /Users/aadityasingh/Library/Developer/Xcode/DerivedData/Chatlio-erkyzdeecsohoaggpwbjdvavzqfv/Build/Intermediates.noindex/DTFoundation.build/Debug-iphonesimulator/DTFoundation.build/Objects-normal/x86_64/UIViewController+DTSidePanelController.dia -c /Users/aadityasingh/Library/Developer/Xcode/DerivedData/Chatlio-erkyzdeecsohoaggpwbjdvavzqfv/SourcePackages/checkouts/DTFoundation/Core/Source/iOS/DTSidePanel/UIViewController+DTSidePanelController.m -o /Users/aadityasingh/Library/Developer/Xcode/DerivedData/Chatlio-erkyzdeecsohoaggpwbjdvavzqfv/Build/Intermediates.noindex/DTFoundation.build/Debug-iphonesimulator/DTFoundation.build/Objects-normal/x86_64/UIViewController+DTSidePanelController.o -index-unit-output-path /DTFoundation.build/Debug-iphonesimulator/DTFoundation.build/Objects-normal/x86_64/UIViewController+DTSidePanelController.o

CompileC /Users/aadityasingh/Library/Developer/Xcode/DerivedData/Chatlio-erkyzdeecsohoaggpwbjdvavzqfv/Build/Intermediates.noindex/DTFoundation.build/Debug-iphonesimulator/DTFoundation.build/Objects-normal/x86_64/UIView+DTFoundation.o /Users/aadityasingh/Library/Developer/Xcode/DerivedData/Chatlio-erkyzdeecsohoaggpwbjdvavzqfv/SourcePackages/checkouts/DTFoundation/Core/Source/iOS/UIView+DTFoundation.m normal x86_64 objective-c com.apple.compilers.llvm.clang.1_0.compiler (in target 'DTFoundation' from project 'DTFoundation')
    cd /Users/aadityasingh/Documents/Development/element-x-ios/Chatlio.xcodeproj
    
    Using response file: /Users/aadityasingh/Library/Developer/Xcode/DerivedData/Chatlio-erkyzdeecsohoaggpwbjdvavzqfv/Build/Intermediates.noindex/DTFoundation.build/Debug-iphonesimulator/DTFoundation.build/Objects-normal/x86_64/e6072d4f65d7061329687fe24e3d63a7-common-args.resp
    
    /Applications/Xcode.app/Contents/Developer/Toolchains/XcodeDefault.xctoolchain/usr/bin/clang -x objective-c -ivfsstatcache /Users/aadityasingh/Library/Developer/Xcode/DerivedData/SDKStatCaches.noindex/iphonesimulator26.4-23E252-686eebb5dc1d8ecb277353a59184f4aa.sdkstatcache -target x86_64-apple-ios12.0-simulator -fmessage-length\=0 -fdiagnostics-show-note-include-stack -fmacro-backtrace-limit\=0 -fno-color-diagnostics -fmodules-prune-interval\=86400 -fmodules-prune-after\=345600 -fbuild-session-file\=/Users/aadityasingh/Library/Developer/Xcode/DerivedData/ModuleCache.noindex/Session.modulevalidation -fmodules-validate-once-per-build-session -Wnon-modular-include-in-framework-module -Werror\=non-modular-include-in-framework-module -Wno-trigraphs -Wno-missing-field-initializers -Wno-missing-prototypes -Wno-return-type -Wno-implicit-atomic-properties -Wno-objc-interface-ivars -Wno-arc-repeated-use-of-weak -Wno-missing-braces -Wparentheses -Wswitch -Wno-unused-function -Wno-unused-label -Wno-unused-parameter -Wno-unused-variable -Wunused-value -Wno-empty-body -Wno-uninitialized -Wno-unknown-pragmas -w -Wno-shadow -Wno-four-char-constants -Wno-conversion -Wno-constant-conversion -Wno-int-conversion -Wno-bool-conversion -Wno-enum-conversion -Wno-float-conversion -Wno-non-literal-null-conversion -Wno-objc-literal-conversion -Wshorten-64-to-32 -Wpointer-sign -Wno-newline-eof -Wno-selector -Wno-strict-selector-match -Wno-undeclared-selector -Wno-deprecated-implementations -Wno-implicit-fallthrough -isysroot /Applications/Xcode.app/Contents/Developer/Platforms/iPhoneSimulator.platform/Developer/SDKs/iPhoneSimulator26.4.sdk -fstrict-aliasing -Wprotocol -Wdeprecated-declarations -Wno-sign-conversion -Wno-infinite-recursion -Wno-comma -Wno-block-capture-autoreleasing -Wno-strict-prototypes -Wno-semicolon-before-method-body -index-store-path /Users/aadityasingh/Library/Developer/Xcode/DerivedData/Chatlio-erkyzdeecsohoaggpwbjdvavzqfv/Index.noindex/DataStore @/Users/aadityasingh/Library/Developer/Xcode/DerivedData/Chatlio-erkyzdeecsohoaggpwbjdvavzqfv/Build/Intermediates.noindex/DTFoundation.build/Debug-iphonesimulator/DTFoundation.build/Objects-normal/x86_64/e6072d4f65d7061329687fe24e3d63a7-common-args.resp -MMD -MT dependencies -MF /Users/aadityasingh/Library/Developer/Xcode/DerivedData/Chatlio-erkyzdeecsohoaggpwbjdvavzqfv/Build/Intermediates.noindex/DTFoundation.build/Debug-iphonesimulator/DTFoundation.build/Objects-normal/x86_64/UIView+DTFoundation.d --serialize-diagnostics /Users/aadityasingh/Library/Developer/Xcode/DerivedData/Chatlio-erkyzdeecsohoaggpwbjdvavzqfv/Build/Intermediates.noindex/DTFoundation.build/Debug-iphonesimulator/DTFoundation.build/Objects-normal/x86_64/UIView+DTFoundation.dia -c /Users/aadityasingh/Library/Developer/Xcode/DerivedData/Chatlio-erkyzdeecsohoaggpwbjdvavzqfv/SourcePackages/checkouts/DTFoundation/Core/Source/iOS/UIView+DTFoundation.m -o /Users/aadityasingh/Library/Developer/Xcode/DerivedData/Chatlio-erkyzdeecsohoaggpwbjdvavzqfv/Build/Intermediates.noindex/DTFoundation.build/Debug-iphonesimulator/DTFoundation.build/Objects-normal/x86_64/UIView+DTFoundation.o -index-unit-output-path /DTFoundation.build/Debug-iphonesimulator/DTFoundation.build/Objects-normal/x86_64/UIView+DTFoundation.o

CompileC /Users/aadityasingh/Library/Developer/Xcode/DerivedData/Chatlio-erkyzdeecsohoaggpwbjdvavzqfv/Build/Intermediates.noindex/DTFoundation.build/Debug-iphonesimulator/DTFoundation.build/Objects-normal/x86_64/UIView+DTDebug.o /Users/aadityasingh/Library/Developer/Xcode/DerivedData/Chatlio-erkyzdeecsohoaggpwbjdvavzqfv/SourcePackages/checkouts/DTFoundation/Core/Source/iOS/Debug/UIView+DTDebug.m normal x86_64 objective-c com.apple.compilers.llvm.clang.1_0.compiler (in target 'DTFoundation' from project 'DTFoundation')
    cd /Users/aadityasingh/Documents/Development/element-x-ios/Chatlio.xcodeproj
    
    Using response file: /Users/aadityasingh/Library/Developer/Xcode/DerivedData/Chatlio-erkyzdeecsohoaggpwbjdvavzqfv/Build/Intermediates.noindex/DTFoundation.build/Debug-iphonesimulator/DTFoundation.build/Objects-normal/x86_64/e6072d4f65d7061329687fe24e3d63a7-common-args.resp
    
    /Applications/Xcode.app/Contents/Developer/Toolchains/XcodeDefault.xctoolchain/usr/bin/clang -x objective-c -ivfsstatcache /Users/aadityasingh/Library/Developer/Xcode/DerivedData/SDKStatCaches.noindex/iphonesimulator26.4-23E252-686eebb5dc1d8ecb277353a59184f4aa.sdkstatcache -target x86_64-apple-ios12.0-simulator -fmessage-length\=0 -fdiagnostics-show-note-include-stack -fmacro-backtrace-limit\=0 -fno-color-diagnostics -fmodules-prune-interval\=86400 -fmodules-prune-after\=345600 -fbuild-session-file\=/Users/aadityasingh/Library/Developer/Xcode/DerivedData/ModuleCache.noindex/Session.modulevalidation -fmodules-validate-once-per-build-session -Wnon-modular-include-in-framework-module -Werror\=non-modular-include-in-framework-module -Wno-trigraphs -Wno-missing-field-initializers -Wno-missing-prototypes -Wno-return-type -Wno-implicit-atomic-properties -Wno-objc-interface-ivars -Wno-arc-repeated-use-of-weak -Wno-missing-braces -Wparentheses -Wswitch -Wno-unused-function -Wno-unused-label -Wno-unused-parameter -Wno-unused-variable -Wunused-value -Wno-empty-body -Wno-uninitialized -Wno-unknown-pragmas -w -Wno-shadow -Wno-four-char-constants -Wno-conversion -Wno-constant-conversion -Wno-int-conversion -Wno-bool-conversion -Wno-enum-conversion -Wno-float-conversion -Wno-non-literal-null-conversion -Wno-objc-literal-conversion -Wshorten-64-to-32 -Wpointer-sign -Wno-newline-eof -Wno-selector -Wno-strict-selector-match -Wno-undeclared-selector -Wno-deprecated-implementations -Wno-implicit-fallthrough -isysroot /Applications/Xcode.app/Contents/Developer/Platforms/iPhoneSimulator.platform/Developer/SDKs/iPhoneSimulator26.4.sdk -fstrict-aliasing -Wprotocol -Wdeprecated-declarations -Wno-sign-conversion -Wno-infinite-recursion -Wno-comma -Wno-block-capture-autoreleasing -Wno-strict-prototypes -Wno-semicolon-before-method-body -index-store-path /Users/aadityasingh/Library/Developer/Xcode/DerivedData/Chatlio-erkyzdeecsohoaggpwbjdvavzqfv/Index.noindex/DataStore @/Users/aadityasingh/Library/Developer/Xcode/DerivedData/Chatlio-erkyzdeecsohoaggpwbjdvavzqfv/Build/Intermediates.noindex/DTFoundation.build/Debug-iphonesimulator/DTFoundation.build/Objects-normal/x86_64/e6072d4f65d7061329687fe24e3d63a7-common-args.resp -MMD -MT dependencies -MF /Users/aadityasingh/Library/Developer/Xcode/DerivedData/Chatlio-erkyzdeecsohoaggpwbjdvavzqfv/Build/Intermediates.noindex/DTFoundation.build/Debug-iphonesimulator/DTFoundation.build/Objects-normal/x86_64/UIView+DTDebug.d --serialize-diagnostics /Users/aadityasingh/Library/Developer/Xcode/DerivedData/Chatlio-erkyzdeecsohoaggpwbjdvavzqfv/Build/Intermediates.noindex/DTFoundation.build/Debug-iphonesimulator/DTFoundation.build/Objects-normal/x86_64/UIView+DTDebug.dia -c /Users/aadityasingh/Library/Developer/Xcode/DerivedData/Chatlio-erkyzdeecsohoaggpwbjdvavzqfv/SourcePackages/checkouts/DTFoundation/Core/Source/iOS/Debug/UIView+DTDebug.m -o /Users/aadityasingh/Library/Developer/Xcode/DerivedData/Chatlio-erkyzdeecsohoaggpwbjdvavzqfv/Build/Intermediates.noindex/DTFoundation.build/Debug-iphonesimulator/DTFoundation.build/Objects-normal/x86_64/UIView+DTDebug.o -index-unit-output-path /DTFoundation.build/Debug-iphonesimulator/DTFoundation.build/Objects-normal/x86_64/UIView+DTDebug.o

CompileC /Users/aadityasingh/Library/Developer/Xcode/DerivedData/Chatlio-erkyzdeecsohoaggpwbjdvavzqfv/Build/Intermediates.noindex/DTFoundation.build/Debug-iphonesimulator/DTFoundation.build/Objects-normal/x86_64/UIView+DTActionHandlers.o /Users/aadityasingh/Library/Developer/Xcode/DerivedData/Chatlio-erkyzdeecsohoaggpwbjdvavzqfv/SourcePackages/checkouts/DTFoundation/Core/Source/iOS/BlocksAdditions/UIView+DTActionHandlers.m normal x86_64 objective-c com.apple.compilers.llvm.clang.1_0.compiler (in target 'DTFoundation' from project 'DTFoundation')
    cd /Users/aadityasingh/Documents/Development/element-x-ios/Chatlio.xcodeproj
    
    Using response file: /Users/aadityasingh/Library/Developer/Xcode/DerivedData/Chatlio-erkyzdeecsohoaggpwbjdvavzqfv/Build/Intermediates.noindex/DTFoundation.build/Debug-iphonesimulator/DTFoundation.build/Objects-normal/x86_64/e6072d4f65d7061329687fe24e3d63a7-common-args.resp
    
    /Applications/Xcode.app/Contents/Developer/Toolchains/XcodeDefault.xctoolchain/usr/bin/clang -x objective-c -ivfsstatcache /Users/aadityasingh/Library/Developer/Xcode/DerivedData/SDKStatCaches.noindex/iphonesimulator26.4-23E252-686eebb5dc1d8ecb277353a59184f4aa.sdkstatcache -target x86_64-apple-ios12.0-simulator -fmessage-length\=0 -fdiagnostics-show-note-include-stack -fmacro-backtrace-limit\=0 -fno-color-diagnostics -fmodules-prune-interval\=86400 -fmodules-prune-after\=345600 -fbuild-session-file\=/Users/aadityasingh/Library/Developer/Xcode/DerivedData/ModuleCache.noindex/Session.modulevalidation -fmodules-validate-once-per-build-session -Wnon-modular-include-in-framework-module -Werror\=non-modular-include-in-framework-module -Wno-trigraphs -Wno-missing-field-initializers -Wno-missing-prototypes -Wno-return-type -Wno-implicit-atomic-properties -Wno-objc-interface-ivars -Wno-arc-repeated-use-of-weak -Wno-missing-braces -Wparentheses -Wswitch -Wno-unused-function -Wno-unused-label -Wno-unused-parameter -Wno-unused-variable -Wunused-value -Wno-empty-body -Wno-uninitialized -Wno-unknown-pragmas -w -Wno-shadow -Wno-four-char-constants -Wno-conversion -Wno-constant-conversion -Wno-int-conversion -Wno-bool-conversion -Wno-enum-conversion -Wno-float-conversion -Wno-non-literal-null-conversion -Wno-objc-literal-conversion -Wshorten-64-to-32 -Wpointer-sign -Wno-newline-eof -Wno-selector -Wno-strict-selector-match -Wno-undeclared-selector -Wno-deprecated-implementations -Wno-implicit-fallthrough -isysroot /Applications/Xcode.app/Contents/Developer/Platforms/iPhoneSimulator.platform/Developer/SDKs/iPhoneSimulator26.4.sdk -fstrict-aliasing -Wprotocol -Wdeprecated-declarations -Wno-sign-conversion -Wno-infinite-recursion -Wno-comma -Wno-block-capture-autoreleasing -Wno-strict-prototypes -Wno-semicolon-before-method-body -index-store-path /Users/aadityasingh/Library/Developer/Xcode/DerivedData/Chatlio-erkyzdeecsohoaggpwbjdvavzqfv/Index.noindex/DataStore @/Users/aadityasingh/Library/Developer/Xcode/DerivedData/Chatlio-erkyzdeecsohoaggpwbjdvavzqfv/Build/Intermediates.noindex/DTFoundation.build/Debug-iphonesimulator/DTFoundation.build/Objects-normal/x86_64/e6072d4f65d7061329687fe24e3d63a7-common-args.resp -MMD -MT dependencies -MF /Users/aadityasingh/Library/Developer/Xcode/DerivedData/Chatlio-erkyzdeecsohoaggpwbjdvavzqfv/Build/Intermediates.noindex/DTFoundation.build/Debug-iphonesimulator/DTFoundation.build/Objects-normal/x86_64/UIView+DTActionHandlers.d --serialize-diagnostics /Users/aadityasingh/Library/Developer/Xcode/DerivedData/Chatlio-erkyzdeecsohoaggpwbjdvavzqfv/Build/Intermediates.noindex/DTFoundation.build/Debug-iphonesimulator/DTFoundation.build/Objects-normal/x86_64/UIView+DTActionHandlers.dia -c /Users/aadityasingh/Library/Developer/Xcode/DerivedData/Chatlio-erkyzdeecsohoaggpwbjdvavzqfv/SourcePackages/checkouts/DTFoundation/Core/Source/iOS/BlocksAdditions/UIView+DTActionHandlers.m -o /Users/aadityasingh/Library/Developer/Xcode/DerivedData/Chatlio-erkyzdeecsohoaggpwbjdvavzqfv/Build/Intermediates.noindex/DTFoundation.build/Debug-iphonesimulator/DTFoundation.build/Objects-normal/x86_64/UIView+DTActionHandlers.o -index-unit-output-path /DTFoundation.build/Debug-iphonesimulator/DTFoundation.build/Objects-normal/x86_64/UIView+DTActionHandlers.o

CompileC /Users/aadityasingh/Library/Developer/Xcode/DerivedData/Chatlio-erkyzdeecsohoaggpwbjdvavzqfv/Build/Intermediates.noindex/DTFoundation.build/Debug-iphonesimulator/DTFoundation.build/Objects-normal/x86_64/UIScreen+DTFoundation.o /Users/aadityasingh/Library/Developer/Xcode/DerivedData/Chatlio-erkyzdeecsohoaggpwbjdvavzqfv/SourcePackages/checkouts/DTFoundation/Core/Source/iOS/UIScreen+DTFoundation.m normal x86_64 objective-c com.apple.compilers.llvm.clang.1_0.compiler (in target 'DTFoundation' from project 'DTFoundation')
    cd /Users/aadityasingh/Documents/Development/element-x-ios/Chatlio.xcodeproj
    
    Using response file: /Users/aadityasingh/Library/Developer/Xcode/DerivedData/Chatlio-erkyzdeecsohoaggpwbjdvavzqfv/Build/Intermediates.noindex/DTFoundation.build/Debug-iphonesimulator/DTFoundation.build/Objects-normal/x86_64/e6072d4f65d7061329687fe24e3d63a7-common-args.resp
    
    /Applications/Xcode.app/Contents/Developer/Toolchains/XcodeDefault.xctoolchain/usr/bin/clang -x objective-c -ivfsstatcache /Users/aadityasingh/Library/Developer/Xcode/DerivedData/SDKStatCaches.noindex/iphonesimulator26.4-23E252-686eebb5dc1d8ecb277353a59184f4aa.sdkstatcache -target x86_64-apple-ios12.0-simulator -fmessage-length\=0 -fdiagnostics-show-note-include-stack -fmacro-backtrace-limit\=0 -fno-color-diagnostics -fmodules-prune-interval\=86400 -fmodules-prune-after\=345600 -fbuild-session-file\=/Users/aadityasingh/Library/Developer/Xcode/DerivedData/ModuleCache.noindex/Session.modulevalidation -fmodules-validate-once-per-build-session -Wnon-modular-include-in-framework-module -Werror\=non-modular-include-in-framework-module -Wno-trigraphs -Wno-missing-field-initializers -Wno-missing-prototypes -Wno-return-type -Wno-implicit-atomic-properties -Wno-objc-interface-ivars -Wno-arc-repeated-use-of-weak -Wno-missing-braces -Wparentheses -Wswitch -Wno-unused-function -Wno-unused-label -Wno-unused-parameter -Wno-unused-variable -Wunused-value -Wno-empty-body -Wno-uninitialized -Wno-unknown-pragmas -w -Wno-shadow -Wno-four-char-constants -Wno-conversion -Wno-constant-conversion -Wno-int-conversion -Wno-bool-conversion -Wno-enum-conversion -Wno-float-conversion -Wno-non-literal-null-conversion -Wno-objc-literal-conversion -Wshorten-64-to-32 -Wpointer-sign -Wno-newline-eof -Wno-selector -Wno-strict-selector-match -Wno-undeclared-selector -Wno-deprecated-implementations -Wno-implicit-fallthrough -isysroot /Applications/Xcode.app/Contents/Developer/Platforms/iPhoneSimulator.platform/Developer/SDKs/iPhoneSimulator26.4.sdk -fstrict-aliasing -Wprotocol -Wdeprecated-declarations -Wno-sign-conversion -Wno-infinite-recursion -Wno-comma -Wno-block-capture-autoreleasing -Wno-strict-prototypes -Wno-semicolon-before-method-body -index-store-path /Users/aadityasingh/Library/Developer/Xcode/DerivedData/Chatlio-erkyzdeecsohoaggpwbjdvavzqfv/Index.noindex/DataStore @/Users/aadityasingh/Library/Developer/Xcode/DerivedData/Chatlio-erkyzdeecsohoaggpwbjdvavzqfv/Build/Intermediates.noindex/DTFoundation.build/Debug-iphonesimulator/DTFoundation.build/Objects-normal/x86_64/e6072d4f65d7061329687fe24e3d63a7-common-args.resp -MMD -MT dependencies -MF /Users/aadityasingh/Library/Developer/Xcode/DerivedData/Chatlio-erkyzdeecsohoaggpwbjdvavzqfv/Build/Intermediates.noindex/DTFoundation.build/Debug-iphonesimulator/DTFoundation.build/Objects-normal/x86_64/UIScreen+DTFoundation.d --serialize-diagnostics /Users/aadityasingh/Library/Developer/Xcode/DerivedData/Chatlio-erkyzdeecsohoaggpwbjdvavzqfv/Build/Intermediates.noindex/DTFoundation.build/Debug-iphonesimulator/DTFoundation.build/Objects-normal/x86_64/UIScreen+DTFoundation.dia -c /Users/aadityasingh/Library/Developer/Xcode/DerivedData/Chatlio-erkyzdeecsohoaggpwbjdvavzqfv/SourcePackages/checkouts/DTFoundation/Core/Source/iOS/UIScreen+DTFoundation.m -o /Users/aadityasingh/Library/Developer/Xcode/DerivedData/Chatlio-erkyzdeecsohoaggpwbjdvavzqfv/Build/Intermediates.noindex/DTFoundation.build/Debug-iphonesimulator/DTFoundation.build/Objects-normal/x86_64/UIScreen+DTFoundation.o -index-unit-output-path /DTFoundation.build/Debug-iphonesimulator/DTFoundation.build/Objects-normal/x86_64/UIScreen+DTFoundation.o

CompileC /Users/aadityasingh/Library/Developer/Xcode/DerivedData/Chatlio-erkyzdeecsohoaggpwbjdvavzqfv/Build/Intermediates.noindex/DTFoundation.build/Debug-iphonesimulator/DTFoundation.build/Objects-normal/x86_64/UIImage+DTFoundation.o /Users/aadityasingh/Library/Developer/Xcode/DerivedData/Chatlio-erkyzdeecsohoaggpwbjdvavzqfv/SourcePackages/checkouts/DTFoundation/Core/Source/iOS/UIImage+DTFoundation.m normal x86_64 objective-c com.apple.compilers.llvm.clang.1_0.compiler (in target 'DTFoundation' from project 'DTFoundation')
    cd /Users/aadityasingh/Documents/Development/element-x-ios/Chatlio.xcodeproj
    
    Using response file: /Users/aadityasingh/Library/Developer/Xcode/DerivedData/Chatlio-erkyzdeecsohoaggpwbjdvavzqfv/Build/Intermediates.noindex/DTFoundation.build/Debug-iphonesimulator/DTFoundation.build/Objects-normal/x86_64/e6072d4f65d7061329687fe24e3d63a7-common-args.resp
    
    /Applications/Xcode.app/Contents/Developer/Toolchains/XcodeDefault.xctoolchain/usr/bin/clang -x objective-c -ivfsstatcache /Users/aadityasingh/Library/Developer/Xcode/DerivedData/SDKStatCaches.noindex/iphonesimulator26.4-23E252-686eebb5dc1d8ecb277353a59184f4aa.sdkstatcache -target x86_64-apple-ios12.0-simulator -fmessage-length\=0 -fdiagnostics-show-note-include-stack -fmacro-backtrace-limit\=0 -fno-color-diagnostics -fmodules-prune-interval\=86400 -fmodules-prune-after\=345600 -fbuild-session-file\=/Users/aadityasingh/Library/Developer/Xcode/DerivedData/ModuleCache.noindex/Session.modulevalidation -fmodules-validate-once-per-build-session -Wnon-modular-include-in-framework-module -Werror\=non-modular-include-in-framework-module -Wno-trigraphs -Wno-missing-field-initializers -Wno-missing-prototypes -Wno-return-type -Wno-implicit-atomic-properties -Wno-objc-interface-ivars -Wno-arc-repeated-use-of-weak -Wno-missing-braces -Wparentheses -Wswitch -Wno-unused-function -Wno-unused-label -Wno-unused-parameter -Wno-unused-variable -Wunused-value -Wno-empty-body -Wno-uninitialized -Wno-unknown-pragmas -w -Wno-shadow -Wno-four-char-constants -Wno-conversion -Wno-constant-conversion -Wno-int-conversion -Wno-bool-conversion -Wno-enum-conversion -Wno-float-conversion -Wno-non-literal-null-conversion -Wno-objc-literal-conversion -Wshorten-64-to-32 -Wpointer-sign -Wno-newline-eof -Wno-selector -Wno-strict-selector-match -Wno-undeclared-selector -Wno-deprecated-implementations -Wno-implicit-fallthrough -isysroot /Applications/Xcode.app/Contents/Developer/Platforms/iPhoneSimulator.platform/Developer/SDKs/iPhoneSimulator26.4.sdk -fstrict-aliasing -Wprotocol -Wdeprecated-declarations -Wno-sign-conversion -Wno-infinite-recursion -Wno-comma -Wno-block-capture-autoreleasing -Wno-strict-prototypes -Wno-semicolon-before-method-body -index-store-path /Users/aadityasingh/Library/Developer/Xcode/DerivedData/Chatlio-erkyzdeecsohoaggpwbjdvavzqfv/Index.noindex/DataStore @/Users/aadityasingh/Library/Developer/Xcode/DerivedData/Chatlio-erkyzdeecsohoaggpwbjdvavzqfv/Build/Intermediates.noindex/DTFoundation.build/Debug-iphonesimulator/DTFoundation.build/Objects-normal/x86_64/e6072d4f65d7061329687fe24e3d63a7-common-args.resp -MMD -MT dependencies -MF /Users/aadityasingh/Library/Developer/Xcode/DerivedData/Chatlio-erkyzdeecsohoaggpwbjdvavzqfv/Build/Intermediates.noindex/DTFoundation.build/Debug-iphonesimulator/DTFoundation.build/Objects-normal/x86_64/UIImage+DTFoundation.d --serialize-diagnostics /Users/aadityasingh/Library/Developer/Xcode/DerivedData/Chatlio-erkyzdeecsohoaggpwbjdvavzqfv/Build/Intermediates.noindex/DTFoundation.build/Debug-iphonesimulator/DTFoundation.build/Objects-normal/x86_64/UIImage+DTFoundation.dia -c /Users/aadityasingh/Library/Developer/Xcode/DerivedData/Chatlio-erkyzdeecsohoaggpwbjdvavzqfv/SourcePackages/checkouts/DTFoundation/Core/Source/iOS/UIImage+DTFoundation.m -o /Users/aadityasingh/Library/Developer/Xcode/DerivedData/Chatlio-erkyzdeecsohoaggpwbjdvavzqfv/Build/Intermediates.noindex/DTFoundation.build/Debug-iphonesimulator/DTFoundation.build/Objects-normal/x86_64/UIImage+DTFoundation.o -index-unit-output-path /DTFoundation.build/Debug-iphonesimulator/DTFoundation.build/Objects-normal/x86_64/UIImage+DTFoundation.o

CompileC /Users/aadityasingh/Library/Developer/Xcode/DerivedData/Chatlio-erkyzdeecsohoaggpwbjdvavzqfv/Build/Intermediates.noindex/DTFoundation.build/Debug-iphonesimulator/DTFoundation.build/Objects-normal/x86_64/UIColor+DTDebug.o /Users/aadityasingh/Library/Developer/Xcode/DerivedData/Chatlio-erkyzdeecsohoaggpwbjdvavzqfv/SourcePackages/checkouts/DTFoundation/Core/Source/iOS/Debug/UIColor+DTDebug.m normal x86_64 objective-c com.apple.compilers.llvm.clang.1_0.compiler (in target 'DTFoundation' from project 'DTFoundation')
    cd /Users/aadityasingh/Documents/Development/element-x-ios/Chatlio.xcodeproj
    
    Using response file: /Users/aadityasingh/Library/Developer/Xcode/DerivedData/Chatlio-erkyzdeecsohoaggpwbjdvavzqfv/Build/Intermediates.noindex/DTFoundation.build/Debug-iphonesimulator/DTFoundation.build/Objects-normal/x86_64/e6072d4f65d7061329687fe24e3d63a7-common-args.resp
    
    /Applications/Xcode.app/Contents/Developer/Toolchains/XcodeDefault.xctoolchain/usr/bin/clang -x objective-c -ivfsstatcache /Users/aadityasingh/Library/Developer/Xcode/DerivedData/SDKStatCaches.noindex/iphonesimulator26.4-23E252-686eebb5dc1d8ecb277353a59184f4aa.sdkstatcache -target x86_64-apple-ios12.0-simulator -fmessage-length\=0 -fdiagnostics-show-note-include-stack -fmacro-backtrace-limit\=0 -fno-color-diagnostics -fmodules-prune-interval\=86400 -fmodules-prune-after\=345600 -fbuild-session-file\=/Users/aadityasingh/Library/Developer/Xcode/DerivedData/ModuleCache.noindex/Session.modulevalidation -fmodules-validate-once-per-build-session -Wnon-modular-include-in-framework-module -Werror\=non-modular-include-in-framework-module -Wno-trigraphs -Wno-missing-field-initializers -Wno-missing-prototypes -Wno-return-type -Wno-implicit-atomic-properties -Wno-objc-interface-ivars -Wno-arc-repeated-use-of-weak -Wno-missing-braces -Wparentheses -Wswitch -Wno-unused-function -Wno-unused-label -Wno-unused-parameter -Wno-unused-variable -Wunused-value -Wno-empty-body -Wno-uninitialized -Wno-unknown-pragmas -w -Wno-shadow -Wno-four-char-constants -Wno-conversion -Wno-constant-conversion -Wno-int-conversion -Wno-bool-conversion -Wno-enum-conversion -Wno-float-conversion -Wno-non-literal-null-conversion -Wno-objc-literal-conversion -Wshorten-64-to-32 -Wpointer-sign -Wno-newline-eof -Wno-selector -Wno-strict-selector-match -Wno-undeclared-selector -Wno-deprecated-implementations -Wno-implicit-fallthrough -isysroot /Applications/Xcode.app/Contents/Developer/Platforms/iPhoneSimulator.platform/Developer/SDKs/iPhoneSimulator26.4.sdk -fstrict-aliasing -Wprotocol -Wdeprecated-declarations -Wno-sign-conversion -Wno-infinite-recursion -Wno-comma -Wno-block-capture-autoreleasing -Wno-strict-prototypes -Wno-semicolon-before-method-body -index-store-path /Users/aadityasingh/Library/Developer/Xcode/DerivedData/Chatlio-erkyzdeecsohoaggpwbjdvavzqfv/Index.noindex/DataStore @/Users/aadityasingh/Library/Developer/Xcode/DerivedData/Chatlio-erkyzdeecsohoaggpwbjdvavzqfv/Build/Intermediates.noindex/DTFoundation.build/Debug-iphonesimulator/DTFoundation.build/Objects-normal/x86_64/e6072d4f65d7061329687fe24e3d63a7-common-args.resp -MMD -MT dependencies -MF /Users/aadityasingh/Library/Developer/Xcode/DerivedData/Chatlio-erkyzdeecsohoaggpwbjdvavzqfv/Build/Intermediates.noindex/DTFoundation.build/Debug-iphonesimulator/DTFoundation.build/Objects-normal/x86_64/UIColor+DTDebug.d --serialize-diagnostics /Users/aadityasingh/Library/Developer/Xcode/DerivedData/Chatlio-erkyzdeecsohoaggpwbjdvavzqfv/Build/Intermediates.noindex/DTFoundation.build/Debug-iphonesimulator/DTFoundation.build/Objects-normal/x86_64/UIColor+DTDebug.dia -c /Users/aadityasingh/Library/Developer/Xcode/DerivedData/Chatlio-erkyzdeecsohoaggpwbjdvavzqfv/SourcePackages/checkouts/DTFoundation/Core/Source/iOS/Debug/UIColor+DTDebug.m -o /Users/aadityasingh/Library/Developer/Xcode/DerivedData/Chatlio-erkyzdeecsohoaggpwbjdvavzqfv/Build/Intermediates.noindex/DTFoundation.build/Debug-iphonesimulator/DTFoundation.build/Objects-normal/x86_64/UIColor+DTDebug.o -index-unit-output-path /DTFoundation.build/Debug-iphonesimulator/DTFoundation.build/Objects-normal/x86_64/UIColor+DTDebug.o

CompileC /Users/aadityasingh/Library/Developer/Xcode/DerivedData/Chatlio-erkyzdeecsohoaggpwbjdvavzqfv/Build/Intermediates.noindex/DTFoundation.build/Debug-iphonesimulator/DTFoundation.build/Objects-normal/x86_64/UIApplication+DTNetworkActivity.o /Users/aadityasingh/Library/Developer/Xcode/DerivedData/Chatlio-erkyzdeecsohoaggpwbjdvavzqfv/SourcePackages/checkouts/DTFoundation/Core/Source/iOS/UIApplication+DTNetworkActivity.m normal x86_64 objective-c com.apple.compilers.llvm.clang.1_0.compiler (in target 'DTFoundation' from project 'DTFoundation')
    cd /Users/aadityasingh/Documents/Development/element-x-ios/Chatlio.xcodeproj
    
    Using response file: /Users/aadityasingh/Library/Developer/Xcode/DerivedData/Chatlio-erkyzdeecsohoaggpwbjdvavzqfv/Build/Intermediates.noindex/DTFoundation.build/Debug-iphonesimulator/DTFoundation.build/Objects-normal/x86_64/e6072d4f65d7061329687fe24e3d63a7-common-args.resp
    
    /Applications/Xcode.app/Contents/Developer/Toolchains/XcodeDefault.xctoolchain/usr/bin/clang -x objective-c -ivfsstatcache /Users/aadityasingh/Library/Developer/Xcode/DerivedData/SDKStatCaches.noindex/iphonesimulator26.4-23E252-686eebb5dc1d8ecb277353a59184f4aa.sdkstatcache -target x86_64-apple-ios12.0-simulator -fmessage-length\=0 -fdiagnostics-show-note-include-stack -fmacro-backtrace-limit\=0 -fno-color-diagnostics -fmodules-prune-interval\=86400 -fmodules-prune-after\=345600 -fbuild-session-file\=/Users/aadityasingh/Library/Developer/Xcode/DerivedData/ModuleCache.noindex/Session.modulevalidation -fmodules-validate-once-per-build-session -Wnon-modular-include-in-framework-module -Werror\=non-modular-include-in-framework-module -Wno-trigraphs -Wno-missing-field-initializers -Wno-missing-prototypes -Wno-return-type -Wno-implicit-atomic-properties -Wno-objc-interface-ivars -Wno-arc-repeated-use-of-weak -Wno-missing-braces -Wparentheses -Wswitch -Wno-unused-function -Wno-unused-label -Wno-unused-parameter -Wno-unused-variable -Wunused-value -Wno-empty-body -Wno-uninitialized -Wno-unknown-pragmas -w -Wno-shadow -Wno-four-char-constants -Wno-conversion -Wno-constant-conversion -Wno-int-conversion -Wno-bool-conversion -Wno-enum-conversion -Wno-float-conversion -Wno-non-literal-null-conversion -Wno-objc-literal-conversion -Wshorten-64-to-32 -Wpointer-sign -Wno-newline-eof -Wno-selector -Wno-strict-selector-match -Wno-undeclared-selector -Wno-deprecated-implementations -Wno-implicit-fallthrough -isysroot /Applications/Xcode.app/Contents/Developer/Platforms/iPhoneSimulator.platform/Developer/SDKs/iPhoneSimulator26.4.sdk -fstrict-aliasing -Wprotocol -Wdeprecated-declarations -Wno-sign-conversion -Wno-infinite-recursion -Wno-comma -Wno-block-capture-autoreleasing -Wno-strict-prototypes -Wno-semicolon-before-method-body -index-store-path /Users/aadityasingh/Library/Developer/Xcode/DerivedData/Chatlio-erkyzdeecsohoaggpwbjdvavzqfv/Index.noindex/DataStore @/Users/aadityasingh/Library/Developer/Xcode/DerivedData/Chatlio-erkyzdeecsohoaggpwbjdvavzqfv/Build/Intermediates.noindex/DTFoundation.build/Debug-iphonesimulator/DTFoundation.build/Objects-normal/x86_64/e6072d4f65d7061329687fe24e3d63a7-common-args.resp -MMD -MT dependencies -MF /Users/aadityasingh/Library/Developer/Xcode/DerivedData/Chatlio-erkyzdeecsohoaggpwbjdvavzqfv/Build/Intermediates.noindex/DTFoundation.build/Debug-iphonesimulator/DTFoundation.build/Objects-normal/x86_64/UIApplication+DTNetworkActivity.d --serialize-diagnostics /Users/aadityasingh/Library/Developer/Xcode/DerivedData/Chatlio-erkyzdeecsohoaggpwbjdvavzqfv/Build/Intermediates.noindex/DTFoundation.build/Debug-iphonesimulator/DTFoundation.build/Objects-normal/x86_64/UIApplication+DTNetworkActivity.dia -c /Users/aadityasingh/Library/Developer/Xcode/DerivedData/Chatlio-erkyzdeecsohoaggpwbjdvavzqfv/SourcePackages/checkouts/DTFoundation/Core/Source/iOS/UIApplication+DTNetworkActivity.m -o /Users/aadityasingh/Library/Developer/Xcode/DerivedData/Chatlio-erkyzdeecsohoaggpwbjdvavzqfv/Build/Intermediates.noindex/DTFoundation.build/Debug-iphonesimulator/DTFoundation.build/Objects-normal/x86_64/UIApplication+DTNetworkActivity.o -index-unit-output-path /DTFoundation.build/Debug-iphonesimulator/DTFoundation.build/Objects-normal/x86_64/UIApplication+DTNetworkActivity.o

CompileC /Users/aadityasingh/Library/Developer/Xcode/DerivedData/Chatlio-erkyzdeecsohoaggpwbjdvavzqfv/Build/Intermediates.noindex/DTFoundation.build/Debug-iphonesimulator/DTFoundation.build/Objects-normal/x86_64/NSURL+DTAppLinks.o /Users/aadityasingh/Library/Developer/Xcode/DerivedData/Chatlio-erkyzdeecsohoaggpwbjdvavzqfv/SourcePackages/checkouts/DTFoundation/Core/Source/iOS/NSURL+DTAppLinks.m normal x86_64 objective-c com.apple.compilers.llvm.clang.1_0.compiler (in target 'DTFoundation' from project 'DTFoundation')
    cd /Users/aadityasingh/Documents/Development/element-x-ios/Chatlio.xcodeproj
    
    Using response file: /Users/aadityasingh/Library/Developer/Xcode/DerivedData/Chatlio-erkyzdeecsohoaggpwbjdvavzqfv/Build/Intermediates.noindex/DTFoundation.build/Debug-iphonesimulator/DTFoundation.build/Objects-normal/x86_64/e6072d4f65d7061329687fe24e3d63a7-common-args.resp
    
    /Applications/Xcode.app/Contents/Developer/Toolchains/XcodeDefault.xctoolchain/usr/bin/clang -x objective-c -ivfsstatcache /Users/aadityasingh/Library/Developer/Xcode/DerivedData/SDKStatCaches.noindex/iphonesimulator26.4-23E252-686eebb5dc1d8ecb277353a59184f4aa.sdkstatcache -target x86_64-apple-ios12.0-simulator -fmessage-length\=0 -fdiagnostics-show-note-include-stack -fmacro-backtrace-limit\=0 -fno-color-diagnostics -fmodules-prune-interval\=86400 -fmodules-prune-after\=345600 -fbuild-session-file\=/Users/aadityasingh/Library/Developer/Xcode/DerivedData/ModuleCache.noindex/Session.modulevalidation -fmodules-validate-once-per-build-session -Wnon-modular-include-in-framework-module -Werror\=non-modular-include-in-framework-module -Wno-trigraphs -Wno-missing-field-initializers -Wno-missing-prototypes -Wno-return-type -Wno-implicit-atomic-properties -Wno-objc-interface-ivars -Wno-arc-repeated-use-of-weak -Wno-missing-braces -Wparentheses -Wswitch -Wno-unused-function -Wno-unused-label -Wno-unused-parameter -Wno-unused-variable -Wunused-value -Wno-empty-body -Wno-uninitialized -Wno-unknown-pragmas -w -Wno-shadow -Wno-four-char-constants -Wno-conversion -Wno-constant-conversion -Wno-int-conversion -Wno-bool-conversion -Wno-enum-conversion -Wno-float-conversion -Wno-non-literal-null-conversion -Wno-objc-literal-conversion -Wshorten-64-to-32 -Wpointer-sign -Wno-newline-eof -Wno-selector -Wno-strict-selector-match -Wno-undeclared-selector -Wno-deprecated-implementations -Wno-implicit-fallthrough -isysroot /Applications/Xcode.app/Contents/Developer/Platforms/iPhoneSimulator.platform/Developer/SDKs/iPhoneSimulator26.4.sdk -fstrict-aliasing -Wprotocol -Wdeprecated-declarations -Wno-sign-conversion -Wno-infinite-recursion -Wno-comma -Wno-block-capture-autoreleasing -Wno-strict-prototypes -Wno-semicolon-before-method-body -index-store-path /Users/aadityasingh/Library/Developer/Xcode/DerivedData/Chatlio-erkyzdeecsohoaggpwbjdvavzqfv/Index.noindex/DataStore @/Users/aadityasingh/Library/Developer/Xcode/DerivedData/Chatlio-erkyzdeecsohoaggpwbjdvavzqfv/Build/Intermediates.noindex/DTFoundation.build/Debug-iphonesimulator/DTFoundation.build/Objects-normal/x86_64/e6072d4f65d7061329687fe24e3d63a7-common-args.resp -MMD -MT dependencies -MF /Users/aadityasingh/Library/Developer/Xcode/DerivedData/Chatlio-erkyzdeecsohoaggpwbjdvavzqfv/Build/Intermediates.noindex/DTFoundation.build/Debug-iphonesimulator/DTFoundation.build/Objects-normal/x86_64/NSURL+DTAppLinks.d --serialize-diagnostics /Users/aadityasingh/Library/Developer/Xcode/DerivedData/Chatlio-erkyzdeecsohoaggpwbjdvavzqfv/Build/Intermediates.noindex/DTFoundation.build/Debug-iphonesimulator/DTFoundation.build/Objects-normal/x86_64/NSURL+DTAppLinks.dia -c /Users/aadityasingh/Library/Developer/Xcode/DerivedData/Chatlio-erkyzdeecsohoaggpwbjdvavzqfv/SourcePackages/checkouts/DTFoundation/Core/Source/iOS/NSURL+DTAppLinks.m -o /Users/aadityasingh/Library/Developer/Xcode/DerivedData/Chatlio-erkyzdeecsohoaggpwbjdvavzqfv/Build/Intermediates.noindex/DTFoundation.build/Debug-iphonesimulator/DTFoundation.build/Objects-normal/x86_64/NSURL+DTAppLinks.o -index-unit-output-path /DTFoundation.build/Debug-iphonesimulator/DTFoundation.build/Objects-normal/x86_64/NSURL+DTAppLinks.o

CompileC /Users/aadityasingh/Library/Developer/Xcode/DerivedData/Chatlio-erkyzdeecsohoaggpwbjdvavzqfv/Build/Intermediates.noindex/DTFoundation.build/Debug-iphonesimulator/DTFoundation.build/Objects-normal/x86_64/DTVersion.o /Users/aadityasingh/Library/Developer/Xcode/DerivedData/Chatlio-erkyzdeecsohoaggpwbjdvavzqfv/SourcePackages/checkouts/DTFoundation/Core/Source/DTVersion.m normal x86_64 objective-c com.apple.compilers.llvm.clang.1_0.compiler (in target 'DTFoundation' from project 'DTFoundation')
    cd /Users/aadityasingh/Documents/Development/element-x-ios/Chatlio.xcodeproj
    
    Using response file: /Users/aadityasingh/Library/Developer/Xcode/DerivedData/Chatlio-erkyzdeecsohoaggpwbjdvavzqfv/Build/Intermediates.noindex/DTFoundation.build/Debug-iphonesimulator/DTFoundation.build/Objects-normal/x86_64/e6072d4f65d7061329687fe24e3d63a7-common-args.resp
    
    /Applications/Xcode.app/Contents/Developer/Toolchains/XcodeDefault.xctoolchain/usr/bin/clang -x objective-c -ivfsstatcache /Users/aadityasingh/Library/Developer/Xcode/DerivedData/SDKStatCaches.noindex/iphonesimulator26.4-23E252-686eebb5dc1d8ecb277353a59184f4aa.sdkstatcache -target x86_64-apple-ios12.0-simulator -fmessage-length\=0 -fdiagnostics-show-note-include-stack -fmacro-backtrace-limit\=0 -fno-color-diagnostics -fmodules-prune-interval\=86400 -fmodules-prune-after\=345600 -fbuild-session-file\=/Users/aadityasingh/Library/Developer/Xcode/DerivedData/ModuleCache.noindex/Session.modulevalidation -fmodules-validate-once-per-build-session -Wnon-modular-include-in-framework-module -Werror\=non-modular-include-in-framework-module -Wno-trigraphs -Wno-missing-field-initializers -Wno-missing-prototypes -Wno-return-type -Wno-implicit-atomic-properties -Wno-objc-interface-ivars -Wno-arc-repeated-use-of-weak -Wno-missing-braces -Wparentheses -Wswitch -Wno-unused-function -Wno-unused-label -Wno-unused-parameter -Wno-unused-variable -Wunused-value -Wno-empty-body -Wno-uninitialized -Wno-unknown-pragmas -w -Wno-shadow -Wno-four-char-constants -Wno-conversion -Wno-constant-conversion -Wno-int-conversion -Wno-bool-conversion -Wno-enum-conversion -Wno-float-conversion -Wno-non-literal-null-conversion -Wno-objc-literal-conversion -Wshorten-64-to-32 -Wpointer-sign -Wno-newline-eof -Wno-selector -Wno-strict-selector-match -Wno-undeclared-selector -Wno-deprecated-implementations -Wno-implicit-fallthrough -isysroot /Applications/Xcode.app/Contents/Developer/Platforms/iPhoneSimulator.platform/Developer/SDKs/iPhoneSimulator26.4.sdk -fstrict-aliasing -Wprotocol -Wdeprecated-declarations -Wno-sign-conversion -Wno-infinite-recursion -Wno-comma -Wno-block-capture-autoreleasing -Wno-strict-prototypes -Wno-semicolon-before-method-body -index-store-path /Users/aadityasingh/Library/Developer/Xcode/DerivedData/Chatlio-erkyzdeecsohoaggpwbjdvavzqfv/Index.noindex/DataStore @/Users/aadityasingh/Library/Developer/Xcode/DerivedData/Chatlio-erkyzdeecsohoaggpwbjdvavzqfv/Build/Intermediates.noindex/DTFoundation.build/Debug-iphonesimulator/DTFoundation.build/Objects-normal/x86_64/e6072d4f65d7061329687fe24e3d63a7-common-args.resp -MMD -MT dependencies -MF /Users/aadityasingh/Library/Developer/Xcode/DerivedData/Chatlio-erkyzdeecsohoaggpwbjdvavzqfv/Build/Intermediates.noindex/DTFoundation.build/Debug-iphonesimulator/DTFoundation.build/Objects-normal/x86_64/DTVersion.d --serialize-diagnostics /Users/aadityasingh/Library/Developer/Xcode/DerivedData/Chatlio-erkyzdeecsohoaggpwbjdvavzqfv/Build/Intermediates.noindex/DTFoundation.build/Debug-iphonesimulator/DTFoundation.build/Objects-normal/x86_64/DTVersion.dia -c /Users/aadityasingh/Library/Developer/Xcode/DerivedData/Chatlio-erkyzdeecsohoaggpwbjdvavzqfv/SourcePackages/checkouts/DTFoundation/Core/Source/DTVersion.m -o /Users/aadityasingh/Library/Developer/Xcode/DerivedData/Chatlio-erkyzdeecsohoaggpwbjdvavzqfv/Build/Intermediates.noindex/DTFoundation.build/Debug-iphonesimulator/DTFoundation.build/Objects-normal/x86_64/DTVersion.o -index-unit-output-path /DTFoundation.build/Debug-iphonesimulator/DTFoundation.build/Objects-normal/x86_64/DTVersion.o

CompileC /Users/aadityasingh/Library/Developer/Xcode/DerivedData/Chatlio-erkyzdeecsohoaggpwbjdvavzqfv/Build/Intermediates.noindex/DTFoundation.build/Debug-iphonesimulator/DTFoundation.build/Objects-normal/x86_64/DTTiledLayerWithoutFade.o /Users/aadityasingh/Library/Developer/Xcode/DerivedData/Chatlio-erkyzdeecsohoaggpwbjdvavzqfv/SourcePackages/checkouts/DTFoundation/Core/Source/iOS/DTTiledLayerWithoutFade.m normal x86_64 objective-c com.apple.compilers.llvm.clang.1_0.compiler (in target 'DTFoundation' from project 'DTFoundation')
    cd /Users/aadityasingh/Documents/Development/element-x-ios/Chatlio.xcodeproj
    
    Using response file: /Users/aadityasingh/Library/Developer/Xcode/DerivedData/Chatlio-erkyzdeecsohoaggpwbjdvavzqfv/Build/Intermediates.noindex/DTFoundation.build/Debug-iphonesimulator/DTFoundation.build/Objects-normal/x86_64/e6072d4f65d7061329687fe24e3d63a7-common-args.resp
    
    /Applications/Xcode.app/Contents/Developer/Toolchains/XcodeDefault.xctoolchain/usr/bin/clang -x objective-c -ivfsstatcache /Users/aadityasingh/Library/Developer/Xcode/DerivedData/SDKStatCaches.noindex/iphonesimulator26.4-23E252-686eebb5dc1d8ecb277353a59184f4aa.sdkstatcache -target x86_64-apple-ios12.0-simulator -fmessage-length\=0 -fdiagnostics-show-note-include-stack -fmacro-backtrace-limit\=0 -fno-color-diagnostics -fmodules-prune-interval\=86400 -fmodules-prune-after\=345600 -fbuild-session-file\=/Users/aadityasingh/Library/Developer/Xcode/DerivedData/ModuleCache.noindex/Session.modulevalidation -fmodules-validate-once-per-build-session -Wnon-modular-include-in-framework-module -Werror\=non-modular-include-in-framework-module -Wno-trigraphs -Wno-missing-field-initializers -Wno-missing-prototypes -Wno-return-type -Wno-implicit-atomic-properties -Wno-objc-interface-ivars -Wno-arc-repeated-use-of-weak -Wno-missing-braces -Wparentheses -Wswitch -Wno-unused-function -Wno-unused-label -Wno-unused-parameter -Wno-unused-variable -Wunused-value -Wno-empty-body -Wno-uninitialized -Wno-unknown-pragmas -w -Wno-shadow -Wno-four-char-constants -Wno-conversion -Wno-constant-conversion -Wno-int-conversion -Wno-bool-conversion -Wno-enum-conversion -Wno-float-conversion -Wno-non-literal-null-conversion -Wno-objc-literal-conversion -Wshorten-64-to-32 -Wpointer-sign -Wno-newline-eof -Wno-selector -Wno-strict-selector-match -Wno-undeclared-selector -Wno-deprecated-implementations -Wno-implicit-fallthrough -isysroot /Applications/Xcode.app/Contents/Developer/Platforms/iPhoneSimulator.platform/Developer/SDKs/iPhoneSimulator26.4.sdk -fstrict-aliasing -Wprotocol -Wdeprecated-declarations -Wno-sign-conversion -Wno-infinite-recursion -Wno-comma -Wno-block-capture-autoreleasing -Wno-strict-prototypes -Wno-semicolon-before-method-body -index-store-path /Users/aadityasingh/Library/Developer/Xcode/DerivedData/Chatlio-erkyzdeecsohoaggpwbjdvavzqfv/Index.noindex/DataStore @/Users/aadityasingh/Library/Developer/Xcode/DerivedData/Chatlio-erkyzdeecsohoaggpwbjdvavzqfv/Build/Intermediates.noindex/DTFoundation.build/Debug-iphonesimulator/DTFoundation.build/Objects-normal/x86_64/e6072d4f65d7061329687fe24e3d63a7-common-args.resp -MMD -MT dependencies -MF /Users/aadityasingh/Library/Developer/Xcode/DerivedData/Chatlio-erkyzdeecsohoaggpwbjdvavzqfv/Build/Intermediates.noindex/DTFoundation.build/Debug-iphonesimulator/DTFoundation.build/Objects-normal/x86_64/DTTiledLayerWithoutFade.d --serialize-diagnostics /Users/aadityasingh/Library/Developer/Xcode/DerivedData/Chatlio-erkyzdeecsohoaggpwbjdvavzqfv/Build/Intermediates.noindex/DTFoundation.build/Debug-iphonesimulator/DTFoundation.build/Objects-normal/x86_64/DTTiledLayerWithoutFade.dia -c /Users/aadityasingh/Library/Developer/Xcode/DerivedData/Chatlio-erkyzdeecsohoaggpwbjdvavzqfv/SourcePackages/checkouts/DTFoundation/Core/Source/iOS/DTTiledLayerWithoutFade.m -o /Users/aadityasingh/Library/Developer/Xcode/DerivedData/Chatlio-erkyzdeecsohoaggpwbjdvavzqfv/Build/Intermediates.noindex/DTFoundation.build/Debug-iphonesimulator/DTFoundation.build/Objects-normal/x86_64/DTTiledLayerWithoutFade.o -index-unit-output-path /DTFoundation.build/Debug-iphonesimulator/DTFoundation.build/Objects-normal/x86_64/DTTiledLayerWithoutFade.o

CompileC /Users/aadityasingh/Library/Developer/Xcode/DerivedData/Chatlio-erkyzdeecsohoaggpwbjdvavzqfv/Build/Intermediates.noindex/DTFoundation.build/Debug-iphonesimulator/DTFoundation.build/Objects-normal/x86_64/DTSmartPagingScrollView.o /Users/aadityasingh/Library/Developer/Xcode/DerivedData/Chatlio-erkyzdeecsohoaggpwbjdvavzqfv/SourcePackages/checkouts/DTFoundation/Core/Source/iOS/DTSmartPagingScrollView.m normal x86_64 objective-c com.apple.compilers.llvm.clang.1_0.compiler (in target 'DTFoundation' from project 'DTFoundation')
    cd /Users/aadityasingh/Documents/Development/element-x-ios/Chatlio.xcodeproj
    
    Using response file: /Users/aadityasingh/Library/Developer/Xcode/DerivedData/Chatlio-erkyzdeecsohoaggpwbjdvavzqfv/Build/Intermediates.noindex/DTFoundation.build/Debug-iphonesimulator/DTFoundation.build/Objects-normal/x86_64/e6072d4f65d7061329687fe24e3d63a7-common-args.resp
    
    /Applications/Xcode.app/Contents/Developer/Toolchains/XcodeDefault.xctoolchain/usr/bin/clang -x objective-c -ivfsstatcache /Users/aadityasingh/Library/Developer/Xcode/DerivedData/SDKStatCaches.noindex/iphonesimulator26.4-23E252-686eebb5dc1d8ecb277353a59184f4aa.sdkstatcache -target x86_64-apple-ios12.0-simulator -fmessage-length\=0 -fdiagnostics-show-note-include-stack -fmacro-backtrace-limit\=0 -fno-color-diagnostics -fmodules-prune-interval\=86400 -fmodules-prune-after\=345600 -fbuild-session-file\=/Users/aadityasingh/Library/Developer/Xcode/DerivedData/ModuleCache.noindex/Session.modulevalidation -fmodules-validate-once-per-build-session -Wnon-modular-include-in-framework-module -Werror\=non-modular-include-in-framework-module -Wno-trigraphs -Wno-missing-field-initializers -Wno-missing-prototypes -Wno-return-type -Wno-implicit-atomic-properties -Wno-objc-interface-ivars -Wno-arc-repeated-use-of-weak -Wno-missing-braces -Wparentheses -Wswitch -Wno-unused-function -Wno-unused-label -Wno-unused-parameter -Wno-unused-variable -Wunused-value -Wno-empty-body -Wno-uninitialized -Wno-unknown-pragmas -w -Wno-shadow -Wno-four-char-constants -Wno-conversion -Wno-constant-conversion -Wno-int-conversion -Wno-bool-conversion -Wno-enum-conversion -Wno-float-conversion -Wno-non-literal-null-conversion -Wno-objc-literal-conversion -Wshorten-64-to-32 -Wpointer-sign -Wno-newline-eof -Wno-selector -Wno-strict-selector-match -Wno-undeclared-selector -Wno-deprecated-implementations -Wno-implicit-fallthrough -isysroot /Applications/Xcode.app/Contents/Developer/Platforms/iPhoneSimulator.platform/Developer/SDKs/iPhoneSimulator26.4.sdk -fstrict-aliasing -Wprotocol -Wdeprecated-declarations -Wno-sign-conversion -Wno-infinite-recursion -Wno-comma -Wno-block-capture-autoreleasing -Wno-strict-prototypes -Wno-semicolon-before-method-body -index-store-path /Users/aadityasingh/Library/Developer/Xcode/DerivedData/Chatlio-erkyzdeecsohoaggpwbjdvavzqfv/Index.noindex/DataStore @/Users/aadityasingh/Library/Developer/Xcode/DerivedData/Chatlio-erkyzdeecsohoaggpwbjdvavzqfv/Build/Intermediates.noindex/DTFoundation.build/Debug-iphonesimulator/DTFoundation.build/Objects-normal/x86_64/e6072d4f65d7061329687fe24e3d63a7-common-args.resp -MMD -MT dependencies -MF /Users/aadityasingh/Library/Developer/Xcode/DerivedData/Chatlio-erkyzdeecsohoaggpwbjdvavzqfv/Build/Intermediates.noindex/DTFoundation.build/Debug-iphonesimulator/DTFoundation.build/Objects-normal/x86_64/DTSmartPagingScrollView.d --serialize-diagnostics /Users/aadityasingh/Library/Developer/Xcode/DerivedData/Chatlio-erkyzdeecsohoaggpwbjdvavzqfv/Build/Intermediates.noindex/DTFoundation.build/Debug-iphonesimulator/DTFoundation.build/Objects-normal/x86_64/DTSmartPagingScrollView.dia -c /Users/aadityasingh/Library/Developer/Xcode/DerivedData/Chatlio-erkyzdeecsohoaggpwbjdvavzqfv/SourcePackages/checkouts/DTFoundation/Core/Source/iOS/DTSmartPagingScrollView.m -o /Users/aadityasingh/Library/Developer/Xcode/DerivedData/Chatlio-erkyzdeecsohoaggpwbjdvavzqfv/Build/Intermediates.noindex/DTFoundation.build/Debug-iphonesimulator/DTFoundation.build/Objects-normal/x86_64/DTSmartPagingScrollView.o -index-unit-output-path /DTFoundation.build/Debug-iphonesimulator/DTFoundation.build/Objects-normal/x86_64/DTSmartPagingScrollView.o

CompileC /Users/aadityasingh/Library/Developer/Xcode/DerivedData/Chatlio-erkyzdeecsohoaggpwbjdvavzqfv/Build/Intermediates.noindex/DTFoundation.build/Debug-iphonesimulator/DTFoundation.build/Objects-normal/x86_64/DTSidePanelPanGestureRecognizer.o /Users/aadityasingh/Library/Developer/Xcode/DerivedData/Chatlio-erkyzdeecsohoaggpwbjdvavzqfv/SourcePackages/checkouts/DTFoundation/Core/Source/iOS/DTSidePanel/DTSidePanelPanGestureRecognizer.m normal x86_64 objective-c com.apple.compilers.llvm.clang.1_0.compiler (in target 'DTFoundation' from project 'DTFoundation')
    cd /Users/aadityasingh/Documents/Development/element-x-ios/Chatlio.xcodeproj
    
    Using response file: /Users/aadityasingh/Library/Developer/Xcode/DerivedData/Chatlio-erkyzdeecsohoaggpwbjdvavzqfv/Build/Intermediates.noindex/DTFoundation.build/Debug-iphonesimulator/DTFoundation.build/Objects-normal/x86_64/e6072d4f65d7061329687fe24e3d63a7-common-args.resp
    
    /Applications/Xcode.app/Contents/Developer/Toolchains/XcodeDefault.xctoolchain/usr/bin/clang -x objective-c -ivfsstatcache /Users/aadityasingh/Library/Developer/Xcode/DerivedData/SDKStatCaches.noindex/iphonesimulator26.4-23E252-686eebb5dc1d8ecb277353a59184f4aa.sdkstatcache -target x86_64-apple-ios12.0-simulator -fmessage-length\=0 -fdiagnostics-show-note-include-stack -fmacro-backtrace-limit\=0 -fno-color-diagnostics -fmodules-prune-interval\=86400 -fmodules-prune-after\=345600 -fbuild-session-file\=/Users/aadityasingh/Library/Developer/Xcode/DerivedData/ModuleCache.noindex/Session.modulevalidation -fmodules-validate-once-per-build-session -Wnon-modular-include-in-framework-module -Werror\=non-modular-include-in-framework-module -Wno-trigraphs -Wno-missing-field-initializers -Wno-missing-prototypes -Wno-return-type -Wno-implicit-atomic-properties -Wno-objc-interface-ivars -Wno-arc-repeated-use-of-weak -Wno-missing-braces -Wparentheses -Wswitch -Wno-unused-function -Wno-unused-label -Wno-unused-parameter -Wno-unused-variable -Wunused-value -Wno-empty-body -Wno-uninitialized -Wno-unknown-pragmas -w -Wno-shadow -Wno-four-char-constants -Wno-conversion -Wno-constant-conversion -Wno-int-conversion -Wno-bool-conversion -Wno-enum-conversion -Wno-float-conversion -Wno-non-literal-null-conversion -Wno-objc-literal-conversion -Wshorten-64-to-32 -Wpointer-sign -Wno-newline-eof -Wno-selector -Wno-strict-selector-match -Wno-undeclared-selector -Wno-deprecated-implementations -Wno-implicit-fallthrough -isysroot /Applications/Xcode.app/Contents/Developer/Platforms/iPhoneSimulator.platform/Developer/SDKs/iPhoneSimulator26.4.sdk -fstrict-aliasing -Wprotocol -Wdeprecated-declarations -Wno-sign-conversion -Wno-infinite-recursion -Wno-comma -Wno-block-capture-autoreleasing -Wno-strict-prototypes -Wno-semicolon-before-method-body -index-store-path /Users/aadityasingh/Library/Developer/Xcode/DerivedData/Chatlio-erkyzdeecsohoaggpwbjdvavzqfv/Index.noindex/DataStore @/Users/aadityasingh/Library/Developer/Xcode/DerivedData/Chatlio-erkyzdeecsohoaggpwbjdvavzqfv/Build/Intermediates.noindex/DTFoundation.build/Debug-iphonesimulator/DTFoundation.build/Objects-normal/x86_64/e6072d4f65d7061329687fe24e3d63a7-common-args.resp -MMD -MT dependencies -MF /Users/aadityasingh/Library/Developer/Xcode/DerivedData/Chatlio-erkyzdeecsohoaggpwbjdvavzqfv/Build/Intermediates.noindex/DTFoundation.build/Debug-iphonesimulator/DTFoundation.build/Objects-normal/x86_64/DTSidePanelPanGestureRecognizer.d --serialize-diagnostics /Users/aadityasingh/Library/Developer/Xcode/DerivedData/Chatlio-erkyzdeecsohoaggpwbjdvavzqfv/Build/Intermediates.noindex/DTFoundation.build/Debug-iphonesimulator/DTFoundation.build/Objects-normal/x86_64/DTSidePanelPanGestureRecognizer.dia -c /Users/aadityasingh/Library/Developer/Xcode/DerivedData/Chatlio-erkyzdeecsohoaggpwbjdvavzqfv/SourcePackages/checkouts/DTFoundation/Core/Source/iOS/DTSidePanel/DTSidePanelPanGestureRecognizer.m -o /Users/aadityasingh/Library/Developer/Xcode/DerivedData/Chatlio-erkyzdeecsohoaggpwbjdvavzqfv/Build/Intermediates.noindex/DTFoundation.build/Debug-iphonesimulator/DTFoundation.build/Objects-normal/x86_64/DTSidePanelPanGestureRecognizer.o -index-unit-output-path /DTFoundation.build/Debug-iphonesimulator/DTFoundation.build/Objects-normal/x86_64/DTSidePanelPanGestureRecognizer.o

CompileC /Users/aadityasingh/Library/Developer/Xcode/DerivedData/Chatlio-erkyzdeecsohoaggpwbjdvavzqfv/Build/Intermediates.noindex/DTFoundation.build/Debug-iphonesimulator/DTFoundation.build/Objects-normal/x86_64/DTSidePanelControllerSegue.o /Users/aadityasingh/Library/Developer/Xcode/DerivedData/Chatlio-erkyzdeecsohoaggpwbjdvavzqfv/SourcePackages/checkouts/DTFoundation/Core/Source/iOS/DTSidePanel/DTSidePanelControllerSegue.m normal x86_64 objective-c com.apple.compilers.llvm.clang.1_0.compiler (in target 'DTFoundation' from project 'DTFoundation')
    cd /Users/aadityasingh/Documents/Development/element-x-ios/Chatlio.xcodeproj
    
    Using response file: /Users/aadityasingh/Library/Developer/Xcode/DerivedData/Chatlio-erkyzdeecsohoaggpwbjdvavzqfv/Build/Intermediates.noindex/DTFoundation.build/Debug-iphonesimulator/DTFoundation.build/Objects-normal/x86_64/e6072d4f65d7061329687fe24e3d63a7-common-args.resp
    
    /Applications/Xcode.app/Contents/Developer/Toolchains/XcodeDefault.xctoolchain/usr/bin/clang -x objective-c -ivfsstatcache /Users/aadityasingh/Library/Developer/Xcode/DerivedData/SDKStatCaches.noindex/iphonesimulator26.4-23E252-686eebb5dc1d8ecb277353a59184f4aa.sdkstatcache -target x86_64-apple-ios12.0-simulator -fmessage-length\=0 -fdiagnostics-show-note-include-stack -fmacro-backtrace-limit\=0 -fno-color-diagnostics -fmodules-prune-interval\=86400 -fmodules-prune-after\=345600 -fbuild-session-file\=/Users/aadityasingh/Library/Developer/Xcode/DerivedData/ModuleCache.noindex/Session.modulevalidation -fmodules-validate-once-per-build-session -Wnon-modular-include-in-framework-module -Werror\=non-modular-include-in-framework-module -Wno-trigraphs -Wno-missing-field-initializers -Wno-missing-prototypes -Wno-return-type -Wno-implicit-atomic-properties -Wno-objc-interface-ivars -Wno-arc-repeated-use-of-weak -Wno-missing-braces -Wparentheses -Wswitch -Wno-unused-function -Wno-unused-label -Wno-unused-parameter -Wno-unused-variable -Wunused-value -Wno-empty-body -Wno-uninitialized -Wno-unknown-pragmas -w -Wno-shadow -Wno-four-char-constants -Wno-conversion -Wno-constant-conversion -Wno-int-conversion -Wno-bool-conversion -Wno-enum-conversion -Wno-float-conversion -Wno-non-literal-null-conversion -Wno-objc-literal-conversion -Wshorten-64-to-32 -Wpointer-sign -Wno-newline-eof -Wno-selector -Wno-strict-selector-match -Wno-undeclared-selector -Wno-deprecated-implementations -Wno-implicit-fallthrough -isysroot /Applications/Xcode.app/Contents/Developer/Platforms/iPhoneSimulator.platform/Developer/SDKs/iPhoneSimulator26.4.sdk -fstrict-aliasing -Wprotocol -Wdeprecated-declarations -Wno-sign-conversion -Wno-infinite-recursion -Wno-comma -Wno-block-capture-autoreleasing -Wno-strict-prototypes -Wno-semicolon-before-method-body -index-store-path /Users/aadityasingh/Library/Developer/Xcode/DerivedData/Chatlio-erkyzdeecsohoaggpwbjdvavzqfv/Index.noindex/DataStore @/Users/aadityasingh/Library/Developer/Xcode/DerivedData/Chatlio-erkyzdeecsohoaggpwbjdvavzqfv/Build/Intermediates.noindex/DTFoundation.build/Debug-iphonesimulator/DTFoundation.build/Objects-normal/x86_64/e6072d4f65d7061329687fe24e3d63a7-common-args.resp -MMD -MT dependencies -MF /Users/aadityasingh/Library/Developer/Xcode/DerivedData/Chatlio-erkyzdeecsohoaggpwbjdvavzqfv/Build/Intermediates.noindex/DTFoundation.build/Debug-iphonesimulator/DTFoundation.build/Objects-normal/x86_64/DTSidePanelControllerSegue.d --serialize-diagnostics /Users/aadityasingh/Library/Developer/Xcode/DerivedData/Chatlio-erkyzdeecsohoaggpwbjdvavzqfv/Build/Intermediates.noindex/DTFoundation.build/Debug-iphonesimulator/DTFoundation.build/Objects-normal/x86_64/DTSidePanelControllerSegue.dia -c /Users/aadityasingh/Library/Developer/Xcode/DerivedData/Chatlio-erkyzdeecsohoaggpwbjdvavzqfv/SourcePackages/checkouts/DTFoundation/Core/Source/iOS/DTSidePanel/DTSidePanelControllerSegue.m -o /Users/aadityasingh/Library/Developer/Xcode/DerivedData/Chatlio-erkyzdeecsohoaggpwbjdvavzqfv/Build/Intermediates.noindex/DTFoundation.build/Debug-iphonesimulator/DTFoundation.build/Objects-normal/x86_64/DTSidePanelControllerSegue.o -index-unit-output-path /DTFoundation.build/Debug-iphonesimulator/DTFoundation.build/Objects-normal/x86_64/DTSidePanelControllerSegue.o

CompileC /Users/aadityasingh/Library/Developer/Xcode/DerivedData/Chatlio-erkyzdeecsohoaggpwbjdvavzqfv/Build/Intermediates.noindex/DTFoundation.build/Debug-iphonesimulator/DTFoundation.build/Objects-normal/x86_64/DTSidePanelController.o /Users/aadityasingh/Library/Developer/Xcode/DerivedData/Chatlio-erkyzdeecsohoaggpwbjdvavzqfv/SourcePackages/checkouts/DTFoundation/Core/Source/iOS/DTSidePanel/DTSidePanelController.m normal x86_64 objective-c com.apple.compilers.llvm.clang.1_0.compiler (in target 'DTFoundation' from project 'DTFoundation')
    cd /Users/aadityasingh/Documents/Development/element-x-ios/Chatlio.xcodeproj
    
    Using response file: /Users/aadityasingh/Library/Developer/Xcode/DerivedData/Chatlio-erkyzdeecsohoaggpwbjdvavzqfv/Build/Intermediates.noindex/DTFoundation.build/Debug-iphonesimulator/DTFoundation.build/Objects-normal/x86_64/e6072d4f65d7061329687fe24e3d63a7-common-args.resp
    
    /Applications/Xcode.app/Contents/Developer/Toolchains/XcodeDefault.xctoolchain/usr/bin/clang -x objective-c -ivfsstatcache /Users/aadityasingh/Library/Developer/Xcode/DerivedData/SDKStatCaches.noindex/iphonesimulator26.4-23E252-686eebb5dc1d8ecb277353a59184f4aa.sdkstatcache -target x86_64-apple-ios12.0-simulator -fmessage-length\=0 -fdiagnostics-show-note-include-stack -fmacro-backtrace-limit\=0 -fno-color-diagnostics -fmodules-prune-interval\=86400 -fmodules-prune-after\=345600 -fbuild-session-file\=/Users/aadityasingh/Library/Developer/Xcode/DerivedData/ModuleCache.noindex/Session.modulevalidation -fmodules-validate-once-per-build-session -Wnon-modular-include-in-framework-module -Werror\=non-modular-include-in-framework-module -Wno-trigraphs -Wno-missing-field-initializers -Wno-missing-prototypes -Wno-return-type -Wno-implicit-atomic-properties -Wno-objc-interface-ivars -Wno-arc-repeated-use-of-weak -Wno-missing-braces -Wparentheses -Wswitch -Wno-unused-function -Wno-unused-label -Wno-unused-parameter -Wno-unused-variable -Wunused-value -Wno-empty-body -Wno-uninitialized -Wno-unknown-pragmas -w -Wno-shadow -Wno-four-char-constants -Wno-conversion -Wno-constant-conversion -Wno-int-conversion -Wno-bool-conversion -Wno-enum-conversion -Wno-float-conversion -Wno-non-literal-null-conversion -Wno-objc-literal-conversion -Wshorten-64-to-32 -Wpointer-sign -Wno-newline-eof -Wno-selector -Wno-strict-selector-match -Wno-undeclared-selector -Wno-deprecated-implementations -Wno-implicit-fallthrough -isysroot /Applications/Xcode.app/Contents/Developer/Platforms/iPhoneSimulator.platform/Developer/SDKs/iPhoneSimulator26.4.sdk -fstrict-aliasing -Wprotocol -Wdeprecated-declarations -Wno-sign-conversion -Wno-infinite-recursion -Wno-comma -Wno-block-capture-autoreleasing -Wno-strict-prototypes -Wno-semicolon-before-method-body -index-store-path /Users/aadityasingh/Library/Developer/Xcode/DerivedData/Chatlio-erkyzdeecsohoaggpwbjdvavzqfv/Index.noindex/DataStore @/Users/aadityasingh/Library/Developer/Xcode/DerivedData/Chatlio-erkyzdeecsohoaggpwbjdvavzqfv/Build/Intermediates.noindex/DTFoundation.build/Debug-iphonesimulator/DTFoundation.build/Objects-normal/x86_64/e6072d4f65d7061329687fe24e3d63a7-common-args.resp -MMD -MT dependencies -MF /Users/aadityasingh/Library/Developer/Xcode/DerivedData/Chatlio-erkyzdeecsohoaggpwbjdvavzqfv/Build/Intermediates.noindex/DTFoundation.build/Debug-iphonesimulator/DTFoundation.build/Objects-normal/x86_64/DTSidePanelController.d --serialize-diagnostics /Users/aadityasingh/Library/Developer/Xcode/DerivedData/Chatlio-erkyzdeecsohoaggpwbjdvavzqfv/Build/Intermediates.noindex/DTFoundation.build/Debug-iphonesimulator/DTFoundation.build/Objects-normal/x86_64/DTSidePanelController.dia -c /Users/aadityasingh/Library/Developer/Xcode/DerivedData/Chatlio-erkyzdeecsohoaggpwbjdvavzqfv/SourcePackages/checkouts/DTFoundation/Core/Source/iOS/DTSidePanel/DTSidePanelController.m -o /Users/aadityasingh/Library/Developer/Xcode/DerivedData/Chatlio-erkyzdeecsohoaggpwbjdvavzqfv/Build/Intermediates.noindex/DTFoundation.build/Debug-iphonesimulator/DTFoundation.build/Objects-normal/x86_64/DTSidePanelController.o -index-unit-output-path /DTFoundation.build/Debug-iphonesimulator/DTFoundation.build/Objects-normal/x86_64/DTSidePanelController.o

CompileC /Users/aadityasingh/Library/Developer/Xcode/DerivedData/Chatlio-erkyzdeecsohoaggpwbjdvavzqfv/Build/Intermediates.noindex/DTFoundation.build/Debug-iphonesimulator/DTFoundation.build/Objects-normal/x86_64/DTReachability.o /Users/aadityasingh/Library/Developer/Xcode/DerivedData/Chatlio-erkyzdeecsohoaggpwbjdvavzqfv/SourcePackages/checkouts/DTFoundation/Core/Source/DTReachability/DTReachability.m normal x86_64 objective-c com.apple.compilers.llvm.clang.1_0.compiler (in target 'DTFoundation' from project 'DTFoundation')
    cd /Users/aadityasingh/Documents/Development/element-x-ios/Chatlio.xcodeproj
    
    Using response file: /Users/aadityasingh/Library/Developer/Xcode/DerivedData/Chatlio-erkyzdeecsohoaggpwbjdvavzqfv/Build/Intermediates.noindex/DTFoundation.build/Debug-iphonesimulator/DTFoundation.build/Objects-normal/x86_64/e6072d4f65d7061329687fe24e3d63a7-common-args.resp
    
    /Applications/Xcode.app/Contents/Developer/Toolchains/XcodeDefault.xctoolchain/usr/bin/clang -x objective-c -ivfsstatcache /Users/aadityasingh/Library/Developer/Xcode/DerivedData/SDKStatCaches.noindex/iphonesimulator26.4-23E252-686eebb5dc1d8ecb277353a59184f4aa.sdkstatcache -target x86_64-apple-ios12.0-simulator -fmessage-length\=0 -fdiagnostics-show-note-include-stack -fmacro-backtrace-limit\=0 -fno-color-diagnostics -fmodules-prune-interval\=86400 -fmodules-prune-after\=345600 -fbuild-session-file\=/Users/aadityasingh/Library/Developer/Xcode/DerivedData/ModuleCache.noindex/Session.modulevalidation -fmodules-validate-once-per-build-session -Wnon-modular-include-in-framework-module -Werror\=non-modular-include-in-framework-module -Wno-trigraphs -Wno-missing-field-initializers -Wno-missing-prototypes -Wno-return-type -Wno-implicit-atomic-properties -Wno-objc-interface-ivars -Wno-arc-repeated-use-of-weak -Wno-missing-braces -Wparentheses -Wswitch -Wno-unused-function -Wno-unused-label -Wno-unused-parameter -Wno-unused-variable -Wunused-value -Wno-empty-body -Wno-uninitialized -Wno-unknown-pragmas -w -Wno-shadow -Wno-four-char-constants -Wno-conversion -Wno-constant-conversion -Wno-int-conversion -Wno-bool-conversion -Wno-enum-conversion -Wno-float-conversion -Wno-non-literal-null-conversion -Wno-objc-literal-conversion -Wshorten-64-to-32 -Wpointer-sign -Wno-newline-eof -Wno-selector -Wno-strict-selector-match -Wno-undeclared-selector -Wno-deprecated-implementations -Wno-implicit-fallthrough -isysroot /Applications/Xcode.app/Contents/Developer/Platforms/iPhoneSimulator.platform/Developer/SDKs/iPhoneSimulator26.4.sdk -fstrict-aliasing -Wprotocol -Wdeprecated-declarations -Wno-sign-conversion -Wno-infinite-recursion -Wno-comma -Wno-block-capture-autoreleasing -Wno-strict-prototypes -Wno-semicolon-before-method-body -index-store-path /Users/aadityasingh/Library/Developer/Xcode/DerivedData/Chatlio-erkyzdeecsohoaggpwbjdvavzqfv/Index.noindex/DataStore @/Users/aadityasingh/Library/Developer/Xcode/DerivedData/Chatlio-erkyzdeecsohoaggpwbjdvavzqfv/Build/Intermediates.noindex/DTFoundation.build/Debug-iphonesimulator/DTFoundation.build/Objects-normal/x86_64/e6072d4f65d7061329687fe24e3d63a7-common-args.resp -MMD -MT dependencies -MF /Users/aadityasingh/Library/Developer/Xcode/DerivedData/Chatlio-erkyzdeecsohoaggpwbjdvavzqfv/Build/Intermediates.noindex/DTFoundation.build/Debug-iphonesimulator/DTFoundation.build/Objects-normal/x86_64/DTReachability.d --serialize-diagnostics /Users/aadityasingh/Library/Developer/Xcode/DerivedData/Chatlio-erkyzdeecsohoaggpwbjdvavzqfv/Build/Intermediates.noindex/DTFoundation.build/Debug-iphonesimulator/DTFoundation.build/Objects-normal/x86_64/DTReachability.dia -c /Users/aadityasingh/Library/Developer/Xcode/DerivedData/Chatlio-erkyzdeecsohoaggpwbjdvavzqfv/SourcePackages/checkouts/DTFoundation/Core/Source/DTReachability/DTReachability.m -o /Users/aadityasingh/Library/Developer/Xcode/DerivedData/Chatlio-erkyzdeecsohoaggpwbjdvavzqfv/Build/Intermediates.noindex/DTFoundation.build/Debug-iphonesimulator/DTFoundation.build/Objects-normal/x86_64/DTReachability.o -index-unit-output-path /DTFoundation.build/Debug-iphonesimulator/DTFoundation.build/Objects-normal/x86_64/DTReachability.o

CompileC /Users/aadityasingh/Library/Developer/Xcode/DerivedData/Chatlio-erkyzdeecsohoaggpwbjdvavzqfv/Build/Intermediates.noindex/DTFoundation.build/Debug-iphonesimulator/DTFoundation.build/Objects-normal/x86_64/DTProgressHUDWindow.o /Users/aadityasingh/Library/Developer/Xcode/DerivedData/Chatlio-erkyzdeecsohoaggpwbjdvavzqfv/SourcePackages/checkouts/DTFoundation/Core/Source/iOS/DTProgressHUD/DTProgressHUDWindow.m normal x86_64 objective-c com.apple.compilers.llvm.clang.1_0.compiler (in target 'DTFoundation' from project 'DTFoundation')
    cd /Users/aadityasingh/Documents/Development/element-x-ios/Chatlio.xcodeproj
    
    Using response file: /Users/aadityasingh/Library/Developer/Xcode/DerivedData/Chatlio-erkyzdeecsohoaggpwbjdvavzqfv/Build/Intermediates.noindex/DTFoundation.build/Debug-iphonesimulator/DTFoundation.build/Objects-normal/x86_64/e6072d4f65d7061329687fe24e3d63a7-common-args.resp
    
    /Applications/Xcode.app/Contents/Developer/Toolchains/XcodeDefault.xctoolchain/usr/bin/clang -x objective-c -ivfsstatcache /Users/aadityasingh/Library/Developer/Xcode/DerivedData/SDKStatCaches.noindex/iphonesimulator26.4-23E252-686eebb5dc1d8ecb277353a59184f4aa.sdkstatcache -target x86_64-apple-ios12.0-simulator -fmessage-length\=0 -fdiagnostics-show-note-include-stack -fmacro-backtrace-limit\=0 -fno-color-diagnostics -fmodules-prune-interval\=86400 -fmodules-prune-after\=345600 -fbuild-session-file\=/Users/aadityasingh/Library/Developer/Xcode/DerivedData/ModuleCache.noindex/Session.modulevalidation -fmodules-validate-once-per-build-session -Wnon-modular-include-in-framework-module -Werror\=non-modular-include-in-framework-module -Wno-trigraphs -Wno-missing-field-initializers -Wno-missing-prototypes -Wno-return-type -Wno-implicit-atomic-properties -Wno-objc-interface-ivars -Wno-arc-repeated-use-of-weak -Wno-missing-braces -Wparentheses -Wswitch -Wno-unused-function -Wno-unused-label -Wno-unused-parameter -Wno-unused-variable -Wunused-value -Wno-empty-body -Wno-uninitialized -Wno-unknown-pragmas -w -Wno-shadow -Wno-four-char-constants -Wno-conversion -Wno-constant-conversion -Wno-int-conversion -Wno-bool-conversion -Wno-enum-conversion -Wno-float-conversion -Wno-non-literal-null-conversion -Wno-objc-literal-conversion -Wshorten-64-to-32 -Wpointer-sign -Wno-newline-eof -Wno-selector -Wno-strict-selector-match -Wno-undeclared-selector -Wno-deprecated-implementations -Wno-implicit-fallthrough -isysroot /Applications/Xcode.app/Contents/Developer/Platforms/iPhoneSimulator.platform/Developer/SDKs/iPhoneSimulator26.4.sdk -fstrict-aliasing -Wprotocol -Wdeprecated-declarations -Wno-sign-conversion -Wno-infinite-recursion -Wno-comma -Wno-block-capture-autoreleasing -Wno-strict-prototypes -Wno-semicolon-before-method-body -index-store-path /Users/aadityasingh/Library/Developer/Xcode/DerivedData/Chatlio-erkyzdeecsohoaggpwbjdvavzqfv/Index.noindex/DataStore @/Users/aadityasingh/Library/Developer/Xcode/DerivedData/Chatlio-erkyzdeecsohoaggpwbjdvavzqfv/Build/Intermediates.noindex/DTFoundation.build/Debug-iphonesimulator/DTFoundation.build/Objects-normal/x86_64/e6072d4f65d7061329687fe24e3d63a7-common-args.resp -MMD -MT dependencies -MF /Users/aadityasingh/Library/Developer/Xcode/DerivedData/Chatlio-erkyzdeecsohoaggpwbjdvavzqfv/Build/Intermediates.noindex/DTFoundation.build/Debug-iphonesimulator/DTFoundation.build/Objects-normal/x86_64/DTProgressHUDWindow.d --serialize-diagnostics /Users/aadityasingh/Library/Developer/Xcode/DerivedData/Chatlio-erkyzdeecsohoaggpwbjdvavzqfv/Build/Intermediates.noindex/DTFoundation.build/Debug-iphonesimulator/DTFoundation.build/Objects-normal/x86_64/DTProgressHUDWindow.dia -c /Users/aadityasingh/Library/Developer/Xcode/DerivedData/Chatlio-erkyzdeecsohoaggpwbjdvavzqfv/SourcePackages/checkouts/DTFoundation/Core/Source/iOS/DTProgressHUD/DTProgressHUDWindow.m -o /Users/aadityasingh/Library/Developer/Xcode/DerivedData/Chatlio-erkyzdeecsohoaggpwbjdvavzqfv/Build/Intermediates.noindex/DTFoundation.build/Debug-iphonesimulator/DTFoundation.build/Objects-normal/x86_64/DTProgressHUDWindow.o -index-unit-output-path /DTFoundation.build/Debug-iphonesimulator/DTFoundation.build/Objects-normal/x86_64/DTProgressHUDWindow.o

CompileC /Users/aadityasingh/Library/Developer/Xcode/DerivedData/Chatlio-erkyzdeecsohoaggpwbjdvavzqfv/Build/Intermediates.noindex/DTFoundation.build/Debug-iphonesimulator/DTFoundation.build/Objects-normal/x86_64/DTProgressHUD.o /Users/aadityasingh/Library/Developer/Xcode/DerivedData/Chatlio-erkyzdeecsohoaggpwbjdvavzqfv/SourcePackages/checkouts/DTFoundation/Core/Source/iOS/DTProgressHUD/DTProgressHUD.m normal x86_64 objective-c com.apple.compilers.llvm.clang.1_0.compiler (in target 'DTFoundation' from project 'DTFoundation')
    cd /Users/aadityasingh/Documents/Development/element-x-ios/Chatlio.xcodeproj
    
    Using response file: /Users/aadityasingh/Library/Developer/Xcode/DerivedData/Chatlio-erkyzdeecsohoaggpwbjdvavzqfv/Build/Intermediates.noindex/DTFoundation.build/Debug-iphonesimulator/DTFoundation.build/Objects-normal/x86_64/e6072d4f65d7061329687fe24e3d63a7-common-args.resp
    
    /Applications/Xcode.app/Contents/Developer/Toolchains/XcodeDefault.xctoolchain/usr/bin/clang -x objective-c -ivfsstatcache /Users/aadityasingh/Library/Developer/Xcode/DerivedData/SDKStatCaches.noindex/iphonesimulator26.4-23E252-686eebb5dc1d8ecb277353a59184f4aa.sdkstatcache -target x86_64-apple-ios12.0-simulator -fmessage-length\=0 -fdiagnostics-show-note-include-stack -fmacro-backtrace-limit\=0 -fno-color-diagnostics -fmodules-prune-interval\=86400 -fmodules-prune-after\=345600 -fbuild-session-file\=/Users/aadityasingh/Library/Developer/Xcode/DerivedData/ModuleCache.noindex/Session.modulevalidation -fmodules-validate-once-per-build-session -Wnon-modular-include-in-framework-module -Werror\=non-modular-include-in-framework-module -Wno-trigraphs -Wno-missing-field-initializers -Wno-missing-prototypes -Wno-return-type -Wno-implicit-atomic-properties -Wno-objc-interface-ivars -Wno-arc-repeated-use-of-weak -Wno-missing-braces -Wparentheses -Wswitch -Wno-unused-function -Wno-unused-label -Wno-unused-parameter -Wno-unused-variable -Wunused-value -Wno-empty-body -Wno-uninitialized -Wno-unknown-pragmas -w -Wno-shadow -Wno-four-char-constants -Wno-conversion -Wno-constant-conversion -Wno-int-conversion -Wno-bool-conversion -Wno-enum-conversion -Wno-float-conversion -Wno-non-literal-null-conversion -Wno-objc-literal-conversion -Wshorten-64-to-32 -Wpointer-sign -Wno-newline-eof -Wno-selector -Wno-strict-selector-match -Wno-undeclared-selector -Wno-deprecated-implementations -Wno-implicit-fallthrough -isysroot /Applications/Xcode.app/Contents/Developer/Platforms/iPhoneSimulator.platform/Developer/SDKs/iPhoneSimulator26.4.sdk -fstrict-aliasing -Wprotocol -Wdeprecated-declarations -Wno-sign-conversion -Wno-infinite-recursion -Wno-comma -Wno-block-capture-autoreleasing -Wno-strict-prototypes -Wno-semicolon-before-method-body -index-store-path /Users/aadityasingh/Library/Developer/Xcode/DerivedData/Chatlio-erkyzdeecsohoaggpwbjdvavzqfv/Index.noindex/DataStore @/Users/aadityasingh/Library/Developer/Xcode/DerivedData/Chatlio-erkyzdeecsohoaggpwbjdvavzqfv/Build/Intermediates.noindex/DTFoundation.build/Debug-iphonesimulator/DTFoundation.build/Objects-normal/x86_64/e6072d4f65d7061329687fe24e3d63a7-common-args.resp -MMD -MT dependencies -MF /Users/aadityasingh/Library/Developer/Xcode/DerivedData/Chatlio-erkyzdeecsohoaggpwbjdvavzqfv/Build/Intermediates.noindex/DTFoundation.build/Debug-iphonesimulator/DTFoundation.build/Objects-normal/x86_64/DTProgressHUD.d --serialize-diagnostics /Users/aadityasingh/Library/Developer/Xcode/DerivedData/Chatlio-erkyzdeecsohoaggpwbjdvavzqfv/Build/Intermediates.noindex/DTFoundation.build/Debug-iphonesimulator/DTFoundation.build/Objects-normal/x86_64/DTProgressHUD.dia -c /Users/aadityasingh/Library/Developer/Xcode/DerivedData/Chatlio-erkyzdeecsohoaggpwbjdvavzqfv/SourcePackages/checkouts/DTFoundation/Core/Source/iOS/DTProgressHUD/DTProgressHUD.m -o /Users/aadityasingh/Library/Developer/Xcode/DerivedData/Chatlio-erkyzdeecsohoaggpwbjdvavzqfv/Build/Intermediates.noindex/DTFoundation.build/Debug-iphonesimulator/DTFoundation.build/Objects-normal/x86_64/DTProgressHUD.o -index-unit-output-path /DTFoundation.build/Debug-iphonesimulator/DTFoundation.build/Objects-normal/x86_64/DTProgressHUD.o

CompileC /Users/aadityasingh/Library/Developer/Xcode/DerivedData/Chatlio-erkyzdeecsohoaggpwbjdvavzqfv/Build/Intermediates.noindex/DTFoundation.build/Debug-iphonesimulator/DTFoundation.build/Objects-normal/x86_64/DTPieProgressIndicator.o /Users/aadityasingh/Library/Developer/Xcode/DerivedData/Chatlio-erkyzdeecsohoaggpwbjdvavzqfv/SourcePackages/checkouts/DTFoundation/Core/Source/iOS/DTPieProgressIndicator.m normal x86_64 objective-c com.apple.compilers.llvm.clang.1_0.compiler (in target 'DTFoundation' from project 'DTFoundation')
    cd /Users/aadityasingh/Documents/Development/element-x-ios/Chatlio.xcodeproj
    
    Using response file: /Users/aadityasingh/Library/Developer/Xcode/DerivedData/Chatlio-erkyzdeecsohoaggpwbjdvavzqfv/Build/Intermediates.noindex/DTFoundation.build/Debug-iphonesimulator/DTFoundation.build/Objects-normal/x86_64/e6072d4f65d7061329687fe24e3d63a7-common-args.resp
    
    /Applications/Xcode.app/Contents/Developer/Toolchains/XcodeDefault.xctoolchain/usr/bin/clang -x objective-c -ivfsstatcache /Users/aadityasingh/Library/Developer/Xcode/DerivedData/SDKStatCaches.noindex/iphonesimulator26.4-23E252-686eebb5dc1d8ecb277353a59184f4aa.sdkstatcache -target x86_64-apple-ios12.0-simulator -fmessage-length\=0 -fdiagnostics-show-note-include-stack -fmacro-backtrace-limit\=0 -fno-color-diagnostics -fmodules-prune-interval\=86400 -fmodules-prune-after\=345600 -fbuild-session-file\=/Users/aadityasingh/Library/Developer/Xcode/DerivedData/ModuleCache.noindex/Session.modulevalidation -fmodules-validate-once-per-build-session -Wnon-modular-include-in-framework-module -Werror\=non-modular-include-in-framework-module -Wno-trigraphs -Wno-missing-field-initializers -Wno-missing-prototypes -Wno-return-type -Wno-implicit-atomic-properties -Wno-objc-interface-ivars -Wno-arc-repeated-use-of-weak -Wno-missing-braces -Wparentheses -Wswitch -Wno-unused-function -Wno-unused-label -Wno-unused-parameter -Wno-unused-variable -Wunused-value -Wno-empty-body -Wno-uninitialized -Wno-unknown-pragmas -w -Wno-shadow -Wno-four-char-constants -Wno-conversion -Wno-constant-conversion -Wno-int-conversion -Wno-bool-conversion -Wno-enum-conversion -Wno-float-conversion -Wno-non-literal-null-conversion -Wno-objc-literal-conversion -Wshorten-64-to-32 -Wpointer-sign -Wno-newline-eof -Wno-selector -Wno-strict-selector-match -Wno-undeclared-selector -Wno-deprecated-implementations -Wno-implicit-fallthrough -isysroot /Applications/Xcode.app/Contents/Developer/Platforms/iPhoneSimulator.platform/Developer/SDKs/iPhoneSimulator26.4.sdk -fstrict-aliasing -Wprotocol -Wdeprecated-declarations -Wno-sign-conversion -Wno-infinite-recursion -Wno-comma -Wno-block-capture-autoreleasing -Wno-strict-prototypes -Wno-semicolon-before-method-body -index-store-path /Users/aadityasingh/Library/Developer/Xcode/DerivedData/Chatlio-erkyzdeecsohoaggpwbjdvavzqfv/Index.noindex/DataStore @/Users/aadityasingh/Library/Developer/Xcode/DerivedData/Chatlio-erkyzdeecsohoaggpwbjdvavzqfv/Build/Intermediates.noindex/DTFoundation.build/Debug-iphonesimulator/DTFoundation.build/Objects-normal/x86_64/e6072d4f65d7061329687fe24e3d63a7-common-args.resp -MMD -MT dependencies -MF /Users/aadityasingh/Library/Developer/Xcode/DerivedData/Chatlio-erkyzdeecsohoaggpwbjdvavzqfv/Build/Intermediates.noindex/DTFoundation.build/Debug-iphonesimulator/DTFoundation.build/Objects-normal/x86_64/DTPieProgressIndicator.d --serialize-diagnostics /Users/aadityasingh/Library/Developer/Xcode/DerivedData/Chatlio-erkyzdeecsohoaggpwbjdvavzqfv/Build/Intermediates.noindex/DTFoundation.build/Debug-iphonesimulator/DTFoundation.build/Objects-normal/x86_64/DTPieProgressIndicator.dia -c /Users/aadityasingh/Library/Developer/Xcode/DerivedData/Chatlio-erkyzdeecsohoaggpwbjdvavzqfv/SourcePackages/checkouts/DTFoundation/Core/Source/iOS/DTPieProgressIndicator.m -o /Users/aadityasingh/Library/Developer/Xcode/DerivedData/Chatlio-erkyzdeecsohoaggpwbjdvavzqfv/Build/Intermediates.noindex/DTFoundation.build/Debug-iphonesimulator/DTFoundation.build/Objects-normal/x86_64/DTPieProgressIndicator.o -index-unit-output-path /DTFoundation.build/Debug-iphonesimulator/DTFoundation.build/Objects-normal/x86_64/DTPieProgressIndicator.o

CompileC /Users/aadityasingh/Library/Developer/Xcode/DerivedData/Chatlio-erkyzdeecsohoaggpwbjdvavzqfv/Build/Intermediates.noindex/DTFoundation.build/Debug-iphonesimulator/DTFoundation.build/Objects-normal/x86_64/DTCustomColoredAccessory.o /Users/aadityasingh/Library/Developer/Xcode/DerivedData/Chatlio-erkyzdeecsohoaggpwbjdvavzqfv/SourcePackages/checkouts/DTFoundation/Core/Source/iOS/DTCustomColoredAccessory.m normal x86_64 objective-c com.apple.compilers.llvm.clang.1_0.compiler (in target 'DTFoundation' from project 'DTFoundation')
    cd /Users/aadityasingh/Documents/Development/element-x-ios/Chatlio.xcodeproj
    
    Using response file: /Users/aadityasingh/Library/Developer/Xcode/DerivedData/Chatlio-erkyzdeecsohoaggpwbjdvavzqfv/Build/Intermediates.noindex/DTFoundation.build/Debug-iphonesimulator/DTFoundation.build/Objects-normal/x86_64/e6072d4f65d7061329687fe24e3d63a7-common-args.resp
    
    /Applications/Xcode.app/Contents/Developer/Toolchains/XcodeDefault.xctoolchain/usr/bin/clang -x objective-c -ivfsstatcache /Users/aadityasingh/Library/Developer/Xcode/DerivedData/SDKStatCaches.noindex/iphonesimulator26.4-23E252-686eebb5dc1d8ecb277353a59184f4aa.sdkstatcache -target x86_64-apple-ios12.0-simulator -fmessage-length\=0 -fdiagnostics-show-note-include-stack -fmacro-backtrace-limit\=0 -fno-color-diagnostics -fmodules-prune-interval\=86400 -fmodules-prune-after\=345600 -fbuild-session-file\=/Users/aadityasingh/Library/Developer/Xcode/DerivedData/ModuleCache.noindex/Session.modulevalidation -fmodules-validate-once-per-build-session -Wnon-modular-include-in-framework-module -Werror\=non-modular-include-in-framework-module -Wno-trigraphs -Wno-missing-field-initializers -Wno-missing-prototypes -Wno-return-type -Wno-implicit-atomic-properties -Wno-objc-interface-ivars -Wno-arc-repeated-use-of-weak -Wno-missing-braces -Wparentheses -Wswitch -Wno-unused-function -Wno-unused-label -Wno-unused-parameter -Wno-unused-variable -Wunused-value -Wno-empty-body -Wno-uninitialized -Wno-unknown-pragmas -w -Wno-shadow -Wno-four-char-constants -Wno-conversion -Wno-constant-conversion -Wno-int-conversion -Wno-bool-conversion -Wno-enum-conversion -Wno-float-conversion -Wno-non-literal-null-conversion -Wno-objc-literal-conversion -Wshorten-64-to-32 -Wpointer-sign -Wno-newline-eof -Wno-selector -Wno-strict-selector-match -Wno-undeclared-selector -Wno-deprecated-implementations -Wno-implicit-fallthrough -isysroot /Applications/Xcode.app/Contents/Developer/Platforms/iPhoneSimulator.platform/Developer/SDKs/iPhoneSimulator26.4.sdk -fstrict-aliasing -Wprotocol -Wdeprecated-declarations -Wno-sign-conversion -Wno-infinite-recursion -Wno-comma -Wno-block-capture-autoreleasing -Wno-strict-prototypes -Wno-semicolon-before-method-body -index-store-path /Users/aadityasingh/Library/Developer/Xcode/DerivedData/Chatlio-erkyzdeecsohoaggpwbjdvavzqfv/Index.noindex/DataStore @/Users/aadityasingh/Library/Developer/Xcode/DerivedData/Chatlio-erkyzdeecsohoaggpwbjdvavzqfv/Build/Intermediates.noindex/DTFoundation.build/Debug-iphonesimulator/DTFoundation.build/Objects-normal/x86_64/e6072d4f65d7061329687fe24e3d63a7-common-args.resp -MMD -MT dependencies -MF /Users/aadityasingh/Library/Developer/Xcode/DerivedData/Chatlio-erkyzdeecsohoaggpwbjdvavzqfv/Build/Intermediates.noindex/DTFoundation.build/Debug-iphonesimulator/DTFoundation.build/Objects-normal/x86_64/DTCustomColoredAccessory.d --serialize-diagnostics /Users/aadityasingh/Library/Developer/Xcode/DerivedData/Chatlio-erkyzdeecsohoaggpwbjdvavzqfv/Build/Intermediates.noindex/DTFoundation.build/Debug-iphonesimulator/DTFoundation.build/Objects-normal/x86_64/DTCustomColoredAccessory.dia -c /Users/aadityasingh/Library/Developer/Xcode/DerivedData/Chatlio-erkyzdeecsohoaggpwbjdvavzqfv/SourcePackages/checkouts/DTFoundation/Core/Source/iOS/DTCustomColoredAccessory.m -o /Users/aadityasingh/Library/Developer/Xcode/DerivedData/Chatlio-erkyzdeecsohoaggpwbjdvavzqfv/Build/Intermediates.noindex/DTFoundation.build/Debug-iphonesimulator/DTFoundation.build/Objects-normal/x86_64/DTCustomColoredAccessory.o -index-unit-output-path /DTFoundation.build/Debug-iphonesimulator/DTFoundation.build/Objects-normal/x86_64/DTCustomColoredAccessory.o

CompileC /Users/aadityasingh/Library/Developer/Xcode/DerivedData/Chatlio-erkyzdeecsohoaggpwbjdvavzqfv/Build/Intermediates.noindex/DTFoundation.build/Debug-iphonesimulator/DTFoundation.build/Objects-normal/x86_64/DTAsyncFileDeleter.o /Users/aadityasingh/Library/Developer/Xcode/DerivedData/Chatlio-erkyzdeecsohoaggpwbjdvavzqfv/SourcePackages/checkouts/DTFoundation/Core/Source/DTAsyncFileDeleter/DTAsyncFileDeleter.m normal x86_64 objective-c com.apple.compilers.llvm.clang.1_0.compiler (in target 'DTFoundation' from project 'DTFoundation')
    cd /Users/aadityasingh/Documents/Development/element-x-ios/Chatlio.xcodeproj
    
    Using response file: /Users/aadityasingh/Library/Developer/Xcode/DerivedData/Chatlio-erkyzdeecsohoaggpwbjdvavzqfv/Build/Intermediates.noindex/DTFoundation.build/Debug-iphonesimulator/DTFoundation.build/Objects-normal/x86_64/e6072d4f65d7061329687fe24e3d63a7-common-args.resp
    
    /Applications/Xcode.app/Contents/Developer/Toolchains/XcodeDefault.xctoolchain/usr/bin/clang -x objective-c -ivfsstatcache /Users/aadityasingh/Library/Developer/Xcode/DerivedData/SDKStatCaches.noindex/iphonesimulator26.4-23E252-686eebb5dc1d8ecb277353a59184f4aa.sdkstatcache -target x86_64-apple-ios12.0-simulator -fmessage-length\=0 -fdiagnostics-show-note-include-stack -fmacro-backtrace-limit\=0 -fno-color-diagnostics -fmodules-prune-interval\=86400 -fmodules-prune-after\=345600 -fbuild-session-file\=/Users/aadityasingh/Library/Developer/Xcode/DerivedData/ModuleCache.noindex/Session.modulevalidation -fmodules-validate-once-per-build-session -Wnon-modular-include-in-framework-module -Werror\=non-modular-include-in-framework-module -Wno-trigraphs -Wno-missing-field-initializers -Wno-missing-prototypes -Wno-return-type -Wno-implicit-atomic-properties -Wno-objc-interface-ivars -Wno-arc-repeated-use-of-weak -Wno-missing-braces -Wparentheses -Wswitch -Wno-unused-function -Wno-unused-label -Wno-unused-parameter -Wno-unused-variable -Wunused-value -Wno-empty-body -Wno-uninitialized -Wno-unknown-pragmas -w -Wno-shadow -Wno-four-char-constants -Wno-conversion -Wno-constant-conversion -Wno-int-conversion -Wno-bool-conversion -Wno-enum-conversion -Wno-float-conversion -Wno-non-literal-null-conversion -Wno-objc-literal-conversion -Wshorten-64-to-32 -Wpointer-sign -Wno-newline-eof -Wno-selector -Wno-strict-selector-match -Wno-undeclared-selector -Wno-deprecated-implementations -Wno-implicit-fallthrough -isysroot /Applications/Xcode.app/Contents/Developer/Platforms/iPhoneSimulator.platform/Developer/SDKs/iPhoneSimulator26.4.sdk -fstrict-aliasing -Wprotocol -Wdeprecated-declarations -Wno-sign-conversion -Wno-infinite-recursion -Wno-comma -Wno-block-capture-autoreleasing -Wno-strict-prototypes -Wno-semicolon-before-method-body -index-store-path /Users/aadityasingh/Library/Developer/Xcode/DerivedData/Chatlio-erkyzdeecsohoaggpwbjdvavzqfv/Index.noindex/DataStore @/Users/aadityasingh/Library/Developer/Xcode/DerivedData/Chatlio-erkyzdeecsohoaggpwbjdvavzqfv/Build/Intermediates.noindex/DTFoundation.build/Debug-iphonesimulator/DTFoundation.build/Objects-normal/x86_64/e6072d4f65d7061329687fe24e3d63a7-common-args.resp -MMD -MT dependencies -MF /Users/aadityasingh/Library/Developer/Xcode/DerivedData/Chatlio-erkyzdeecsohoaggpwbjdvavzqfv/Build/Intermediates.noindex/DTFoundation.build/Debug-iphonesimulator/DTFoundation.build/Objects-normal/x86_64/DTAsyncFileDeleter.d --serialize-diagnostics /Users/aadityasingh/Library/Developer/Xcode/DerivedData/Chatlio-erkyzdeecsohoaggpwbjdvavzqfv/Build/Intermediates.noindex/DTFoundation.build/Debug-iphonesimulator/DTFoundation.build/Objects-normal/x86_64/DTAsyncFileDeleter.dia -c /Users/aadityasingh/Library/Developer/Xcode/DerivedData/Chatlio-erkyzdeecsohoaggpwbjdvavzqfv/SourcePackages/checkouts/DTFoundation/Core/Source/DTAsyncFileDeleter/DTAsyncFileDeleter.m -o /Users/aadityasingh/Library/Developer/Xcode/DerivedData/Chatlio-erkyzdeecsohoaggpwbjdvavzqfv/Build/Intermediates.noindex/DTFoundation.build/Debug-iphonesimulator/DTFoundation.build/Objects-normal/x86_64/DTAsyncFileDeleter.o -index-unit-output-path /DTFoundation.build/Debug-iphonesimulator/DTFoundation.build/Objects-normal/x86_64/DTAsyncFileDeleter.o

CompileC /Users/aadityasingh/Library/Developer/Xcode/DerivedData/Chatlio-erkyzdeecsohoaggpwbjdvavzqfv/Build/Intermediates.noindex/DTFoundation.build/Debug-iphonesimulator/DTFoundation.build/Objects-normal/x86_64/DTAnimatedGIF.o /Users/aadityasingh/Library/Developer/Xcode/DerivedData/Chatlio-erkyzdeecsohoaggpwbjdvavzqfv/SourcePackages/checkouts/DTFoundation/Core/Source/iOS/DTAnimatedGIF/DTAnimatedGIF.m normal x86_64 objective-c com.apple.compilers.llvm.clang.1_0.compiler (in target 'DTFoundation' from project 'DTFoundation')
    cd /Users/aadityasingh/Documents/Development/element-x-ios/Chatlio.xcodeproj
    
    Using response file: /Users/aadityasingh/Library/Developer/Xcode/DerivedData/Chatlio-erkyzdeecsohoaggpwbjdvavzqfv/Build/Intermediates.noindex/DTFoundation.build/Debug-iphonesimulator/DTFoundation.build/Objects-normal/x86_64/e6072d4f65d7061329687fe24e3d63a7-common-args.resp
    
    /Applications/Xcode.app/Contents/Developer/Toolchains/XcodeDefault.xctoolchain/usr/bin/clang -x objective-c -ivfsstatcache /Users/aadityasingh/Library/Developer/Xcode/DerivedData/SDKStatCaches.noindex/iphonesimulator26.4-23E252-686eebb5dc1d8ecb277353a59184f4aa.sdkstatcache -target x86_64-apple-ios12.0-simulator -fmessage-length\=0 -fdiagnostics-show-note-include-stack -fmacro-backtrace-limit\=0 -fno-color-diagnostics -fmodules-prune-interval\=86400 -fmodules-prune-after\=345600 -fbuild-session-file\=/Users/aadityasingh/Library/Developer/Xcode/DerivedData/ModuleCache.noindex/Session.modulevalidation -fmodules-validate-once-per-build-session -Wnon-modular-include-in-framework-module -Werror\=non-modular-include-in-framework-module -Wno-trigraphs -Wno-missing-field-initializers -Wno-missing-prototypes -Wno-return-type -Wno-implicit-atomic-properties -Wno-objc-interface-ivars -Wno-arc-repeated-use-of-weak -Wno-missing-braces -Wparentheses -Wswitch -Wno-unused-function -Wno-unused-label -Wno-unused-parameter -Wno-unused-variable -Wunused-value -Wno-empty-body -Wno-uninitialized -Wno-unknown-pragmas -w -Wno-shadow -Wno-four-char-constants -Wno-conversion -Wno-constant-conversion -Wno-int-conversion -Wno-bool-conversion -Wno-enum-conversion -Wno-float-conversion -Wno-non-literal-null-conversion -Wno-objc-literal-conversion -Wshorten-64-to-32 -Wpointer-sign -Wno-newline-eof -Wno-selector -Wno-strict-selector-match -Wno-undeclared-selector -Wno-deprecated-implementations -Wno-implicit-fallthrough -isysroot /Applications/Xcode.app/Contents/Developer/Platforms/iPhoneSimulator.platform/Developer/SDKs/iPhoneSimulator26.4.sdk -fstrict-aliasing -Wprotocol -Wdeprecated-declarations -Wno-sign-conversion -Wno-infinite-recursion -Wno-comma -Wno-block-capture-autoreleasing -Wno-strict-prototypes -Wno-semicolon-before-method-body -index-store-path /Users/aadityasingh/Library/Developer/Xcode/DerivedData/Chatlio-erkyzdeecsohoaggpwbjdvavzqfv/Index.noindex/DataStore @/Users/aadityasingh/Library/Developer/Xcode/DerivedData/Chatlio-erkyzdeecsohoaggpwbjdvavzqfv/Build/Intermediates.noindex/DTFoundation.build/Debug-iphonesimulator/DTFoundation.build/Objects-normal/x86_64/e6072d4f65d7061329687fe24e3d63a7-common-args.resp -MMD -MT dependencies -MF /Users/aadityasingh/Library/Developer/Xcode/DerivedData/Chatlio-erkyzdeecsohoaggpwbjdvavzqfv/Build/Intermediates.noindex/DTFoundation.build/Debug-iphonesimulator/DTFoundation.build/Objects-normal/x86_64/DTAnimatedGIF.d --serialize-diagnostics /Users/aadityasingh/Library/Developer/Xcode/DerivedData/Chatlio-erkyzdeecsohoaggpwbjdvavzqfv/Build/Intermediates.noindex/DTFoundation.build/Debug-iphonesimulator/DTFoundation.build/Objects-normal/x86_64/DTAnimatedGIF.dia -c /Users/aadityasingh/Library/Developer/Xcode/DerivedData/Chatlio-erkyzdeecsohoaggpwbjdvavzqfv/SourcePackages/checkouts/DTFoundation/Core/Source/iOS/DTAnimatedGIF/DTAnimatedGIF.m -o /Users/aadityasingh/Library/Developer/Xcode/DerivedData/Chatlio-erkyzdeecsohoaggpwbjdvavzqfv/Build/Intermediates.noindex/DTFoundation.build/Debug-iphonesimulator/DTFoundation.build/Objects-normal/x86_64/DTAnimatedGIF.o -index-unit-output-path /DTFoundation.build/Debug-iphonesimulator/DTFoundation.build/Objects-normal/x86_64/DTAnimatedGIF.o

CompileC /Users/aadityasingh/Library/Developer/Xcode/DerivedData/Chatlio-erkyzdeecsohoaggpwbjdvavzqfv/Build/Intermediates.noindex/DTFoundation.build/Debug-iphonesimulator/DTFoundation.build/Objects-normal/x86_64/DTActivityTitleView.o /Users/aadityasingh/Library/Developer/Xcode/DerivedData/Chatlio-erkyzdeecsohoaggpwbjdvavzqfv/SourcePackages/checkouts/DTFoundation/Core/Source/iOS/DTActivityTitleView.m normal x86_64 objective-c com.apple.compilers.llvm.clang.1_0.compiler (in target 'DTFoundation' from project 'DTFoundation')
    cd /Users/aadityasingh/Documents/Development/element-x-ios/Chatlio.xcodeproj
    
    Using response file: /Users/aadityasingh/Library/Developer/Xcode/DerivedData/Chatlio-erkyzdeecsohoaggpwbjdvavzqfv/Build/Intermediates.noindex/DTFoundation.build/Debug-iphonesimulator/DTFoundation.build/Objects-normal/x86_64/e6072d4f65d7061329687fe24e3d63a7-common-args.resp
    
    /Applications/Xcode.app/Contents/Developer/Toolchains/XcodeDefault.xctoolchain/usr/bin/clang -x objective-c -ivfsstatcache /Users/aadityasingh/Library/Developer/Xcode/DerivedData/SDKStatCaches.noindex/iphonesimulator26.4-23E252-686eebb5dc1d8ecb277353a59184f4aa.sdkstatcache -target x86_64-apple-ios12.0-simulator -fmessage-length\=0 -fdiagnostics-show-note-include-stack -fmacro-backtrace-limit\=0 -fno-color-diagnostics -fmodules-prune-interval\=86400 -fmodules-prune-after\=345600 -fbuild-session-file\=/Users/aadityasingh/Library/Developer/Xcode/DerivedData/ModuleCache.noindex/Session.modulevalidation -fmodules-validate-once-per-build-session -Wnon-modular-include-in-framework-module -Werror\=non-modular-include-in-framework-module -Wno-trigraphs -Wno-missing-field-initializers -Wno-missing-prototypes -Wno-return-type -Wno-implicit-atomic-properties -Wno-objc-interface-ivars -Wno-arc-repeated-use-of-weak -Wno-missing-braces -Wparentheses -Wswitch -Wno-unused-function -Wno-unused-label -Wno-unused-parameter -Wno-unused-variable -Wunused-value -Wno-empty-body -Wno-uninitialized -Wno-unknown-pragmas -w -Wno-shadow -Wno-four-char-constants -Wno-conversion -Wno-constant-conversion -Wno-int-conversion -Wno-bool-conversion -Wno-enum-conversion -Wno-float-conversion -Wno-non-literal-null-conversion -Wno-objc-literal-conversion -Wshorten-64-to-32 -Wpointer-sign -Wno-newline-eof -Wno-selector -Wno-strict-selector-match -Wno-undeclared-selector -Wno-deprecated-implementations -Wno-implicit-fallthrough -isysroot /Applications/Xcode.app/Contents/Developer/Platforms/iPhoneSimulator.platform/Developer/SDKs/iPhoneSimulator26.4.sdk -fstrict-aliasing -Wprotocol -Wdeprecated-declarations -Wno-sign-conversion -Wno-infinite-recursion -Wno-comma -Wno-block-capture-autoreleasing -Wno-strict-prototypes -Wno-semicolon-before-method-body -index-store-path /Users/aadityasingh/Library/Developer/Xcode/DerivedData/Chatlio-erkyzdeecsohoaggpwbjdvavzqfv/Index.noindex/DataStore @/Users/aadityasingh/Library/Developer/Xcode/DerivedData/Chatlio-erkyzdeecsohoaggpwbjdvavzqfv/Build/Intermediates.noindex/DTFoundation.build/Debug-iphonesimulator/DTFoundation.build/Objects-normal/x86_64/e6072d4f65d7061329687fe24e3d63a7-common-args.resp -MMD -MT dependencies -MF /Users/aadityasingh/Library/Developer/Xcode/DerivedData/Chatlio-erkyzdeecsohoaggpwbjdvavzqfv/Build/Intermediates.noindex/DTFoundation.build/Debug-iphonesimulator/DTFoundation.build/Objects-normal/x86_64/DTActivityTitleView.d --serialize-diagnostics /Users/aadityasingh/Library/Developer/Xcode/DerivedData/Chatlio-erkyzdeecsohoaggpwbjdvavzqfv/Build/Intermediates.noindex/DTFoundation.build/Debug-iphonesimulator/DTFoundation.build/Objects-normal/x86_64/DTActivityTitleView.dia -c /Users/aadityasingh/Library/Developer/Xcode/DerivedData/Chatlio-erkyzdeecsohoaggpwbjdvavzqfv/SourcePackages/checkouts/DTFoundation/Core/Source/iOS/DTActivityTitleView.m -o /Users/aadityasingh/Library/Developer/Xcode/DerivedData/Chatlio-erkyzdeecsohoaggpwbjdvavzqfv/Build/Intermediates.noindex/DTFoundation.build/Debug-iphonesimulator/DTFoundation.build/Objects-normal/x86_64/DTActivityTitleView.o -index-unit-output-path /DTFoundation.build/Debug-iphonesimulator/DTFoundation.build/Objects-normal/x86_64/DTActivityTitleView.o

CompileC /Users/aadityasingh/Library/Developer/Xcode/DerivedData/Chatlio-erkyzdeecsohoaggpwbjdvavzqfv/Build/Intermediates.noindex/DTFoundation.build/Debug-iphonesimulator/DTFoundation.build/Objects-normal/x86_64/DTActionSheet.o /Users/aadityasingh/Library/Developer/Xcode/DerivedData/Chatlio-erkyzdeecsohoaggpwbjdvavzqfv/SourcePackages/checkouts/DTFoundation/Core/Source/iOS/BlocksAdditions/DTActionSheet.m normal x86_64 objective-c com.apple.compilers.llvm.clang.1_0.compiler (in target 'DTFoundation' from project 'DTFoundation')
    cd /Users/aadityasingh/Documents/Development/element-x-ios/Chatlio.xcodeproj
    
    Using response file: /Users/aadityasingh/Library/Developer/Xcode/DerivedData/Chatlio-erkyzdeecsohoaggpwbjdvavzqfv/Build/Intermediates.noindex/DTFoundation.build/Debug-iphonesimulator/DTFoundation.build/Objects-normal/x86_64/e6072d4f65d7061329687fe24e3d63a7-common-args.resp
    
    /Applications/Xcode.app/Contents/Developer/Toolchains/XcodeDefault.xctoolchain/usr/bin/clang -x objective-c -ivfsstatcache /Users/aadityasingh/Library/Developer/Xcode/DerivedData/SDKStatCaches.noindex/iphonesimulator26.4-23E252-686eebb5dc1d8ecb277353a59184f4aa.sdkstatcache -target x86_64-apple-ios12.0-simulator -fmessage-length\=0 -fdiagnostics-show-note-include-stack -fmacro-backtrace-limit\=0 -fno-color-diagnostics -fmodules-prune-interval\=86400 -fmodules-prune-after\=345600 -fbuild-session-file\=/Users/aadityasingh/Library/Developer/Xcode/DerivedData/ModuleCache.noindex/Session.modulevalidation -fmodules-validate-once-per-build-session -Wnon-modular-include-in-framework-module -Werror\=non-modular-include-in-framework-module -Wno-trigraphs -Wno-missing-field-initializers -Wno-missing-prototypes -Wno-return-type -Wno-implicit-atomic-properties -Wno-objc-interface-ivars -Wno-arc-repeated-use-of-weak -Wno-missing-braces -Wparentheses -Wswitch -Wno-unused-function -Wno-unused-label -Wno-unused-parameter -Wno-unused-variable -Wunused-value -Wno-empty-body -Wno-uninitialized -Wno-unknown-pragmas -w -Wno-shadow -Wno-four-char-constants -Wno-conversion -Wno-constant-conversion -Wno-int-conversion -Wno-bool-conversion -Wno-enum-conversion -Wno-float-conversion -Wno-non-literal-null-conversion -Wno-objc-literal-conversion -Wshorten-64-to-32 -Wpointer-sign -Wno-newline-eof -Wno-selector -Wno-strict-selector-match -Wno-undeclared-selector -Wno-deprecated-implementations -Wno-implicit-fallthrough -isysroot /Applications/Xcode.app/Contents/Developer/Platforms/iPhoneSimulator.platform/Developer/SDKs/iPhoneSimulator26.4.sdk -fstrict-aliasing -Wprotocol -Wdeprecated-declarations -Wno-sign-conversion -Wno-infinite-recursion -Wno-comma -Wno-block-capture-autoreleasing -Wno-strict-prototypes -Wno-semicolon-before-method-body -index-store-path /Users/aadityasingh/Library/Developer/Xcode/DerivedData/Chatlio-erkyzdeecsohoaggpwbjdvavzqfv/Index.noindex/DataStore @/Users/aadityasingh/Library/Developer/Xcode/DerivedData/Chatlio-erkyzdeecsohoaggpwbjdvavzqfv/Build/Intermediates.noindex/DTFoundation.build/Debug-iphonesimulator/DTFoundation.build/Objects-normal/x86_64/e6072d4f65d7061329687fe24e3d63a7-common-args.resp -MMD -MT dependencies -MF /Users/aadityasingh/Library/Developer/Xcode/DerivedData/Chatlio-erkyzdeecsohoaggpwbjdvavzqfv/Build/Intermediates.noindex/DTFoundation.build/Debug-iphonesimulator/DTFoundation.build/Objects-normal/x86_64/DTActionSheet.d --serialize-diagnostics /Users/aadityasingh/Library/Developer/Xcode/DerivedData/Chatlio-erkyzdeecsohoaggpwbjdvavzqfv/Build/Intermediates.noindex/DTFoundation.build/Debug-iphonesimulator/DTFoundation.build/Objects-normal/x86_64/DTActionSheet.dia -c /Users/aadityasingh/Library/Developer/Xcode/DerivedData/Chatlio-erkyzdeecsohoaggpwbjdvavzqfv/SourcePackages/checkouts/DTFoundation/Core/Source/iOS/BlocksAdditions/DTActionSheet.m -o /Users/aadityasingh/Library/Developer/Xcode/DerivedData/Chatlio-erkyzdeecsohoaggpwbjdvavzqfv/Build/Intermediates.noindex/DTFoundation.build/Debug-iphonesimulator/DTFoundation.build/Objects-normal/x86_64/DTActionSheet.o -index-unit-output-path /DTFoundation.build/Debug-iphonesimulator/DTFoundation.build/Objects-normal/x86_64/DTActionSheet.o

CompileC /Users/aadityasingh/Library/Developer/Xcode/DerivedData/Chatlio-erkyzdeecsohoaggpwbjdvavzqfv/Build/Intermediates.noindex/DTFoundation.build/Debug-iphonesimulator/DTFoundation.build/Objects-normal/arm64/DTSQLiteFunctions.o /Users/aadityasingh/Library/Developer/Xcode/DerivedData/Chatlio-erkyzdeecsohoaggpwbjdvavzqfv/SourcePackages/checkouts/DTFoundation/Core/Source/DTSQLite/DTSQLiteFunctions.m normal arm64 objective-c com.apple.compilers.llvm.clang.1_0.compiler (in target 'DTFoundation' from project 'DTFoundation')
    cd /Users/aadityasingh/Documents/Development/element-x-ios/Chatlio.xcodeproj
    
    Using response file: /Users/aadityasingh/Library/Developer/Xcode/DerivedData/Chatlio-erkyzdeecsohoaggpwbjdvavzqfv/Build/Intermediates.noindex/DTFoundation.build/Debug-iphonesimulator/DTFoundation.build/Objects-normal/arm64/e6072d4f65d7061329687fe24e3d63a7-common-args.resp
    
    /Applications/Xcode.app/Contents/Developer/Toolchains/XcodeDefault.xctoolchain/usr/bin/clang -x objective-c -ivfsstatcache /Users/aadityasingh/Library/Developer/Xcode/DerivedData/SDKStatCaches.noindex/iphonesimulator26.4-23E252-686eebb5dc1d8ecb277353a59184f4aa.sdkstatcache -target arm64-apple-ios12.0-simulator -fmessage-length\=0 -fdiagnostics-show-note-include-stack -fmacro-backtrace-limit\=0 -fno-color-diagnostics -fmodules-prune-interval\=86400 -fmodules-prune-after\=345600 -fbuild-session-file\=/Users/aadityasingh/Library/Developer/Xcode/DerivedData/ModuleCache.noindex/Session.modulevalidation -fmodules-validate-once-per-build-session -Wnon-modular-include-in-framework-module -Werror\=non-modular-include-in-framework-module -Wno-trigraphs -Wno-missing-field-initializers -Wno-missing-prototypes -Wno-return-type -Wno-implicit-atomic-properties -Wno-objc-interface-ivars -Wno-arc-repeated-use-of-weak -Wno-missing-braces -Wparentheses -Wswitch -Wno-unused-function -Wno-unused-label -Wno-unused-parameter -Wno-unused-variable -Wunused-value -Wno-empty-body -Wno-uninitialized -Wno-unknown-pragmas -w -Wno-shadow -Wno-four-char-constants -Wno-conversion -Wno-constant-conversion -Wno-int-conversion -Wno-bool-conversion -Wno-enum-conversion -Wno-float-conversion -Wno-non-literal-null-conversion -Wno-objc-literal-conversion -Wshorten-64-to-32 -Wpointer-sign -Wno-newline-eof -Wno-selector -Wno-strict-selector-match -Wno-undeclared-selector -Wno-deprecated-implementations -Wno-implicit-fallthrough -isysroot /Applications/Xcode.app/Contents/Developer/Platforms/iPhoneSimulator.platform/Developer/SDKs/iPhoneSimulator26.4.sdk -fstrict-aliasing -Wprotocol -Wdeprecated-declarations -Wno-sign-conversion -Wno-infinite-recursion -Wno-comma -Wno-block-capture-autoreleasing -Wno-strict-prototypes -Wno-semicolon-before-method-body -index-store-path /Users/aadityasingh/Library/Developer/Xcode/DerivedData/Chatlio-erkyzdeecsohoaggpwbjdvavzqfv/Index.noindex/DataStore @/Users/aadityasingh/Library/Developer/Xcode/DerivedData/Chatlio-erkyzdeecsohoaggpwbjdvavzqfv/Build/Intermediates.noindex/DTFoundation.build/Debug-iphonesimulator/DTFoundation.build/Objects-normal/arm64/e6072d4f65d7061329687fe24e3d63a7-common-args.resp -MMD -MT dependencies -MF /Users/aadityasingh/Library/Developer/Xcode/DerivedData/Chatlio-erkyzdeecsohoaggpwbjdvavzqfv/Build/Intermediates.noindex/DTFoundation.build/Debug-iphonesimulator/DTFoundation.build/Objects-normal/arm64/DTSQLiteFunctions.d --serialize-diagnostics /Users/aadityasingh/Library/Developer/Xcode/DerivedData/Chatlio-erkyzdeecsohoaggpwbjdvavzqfv/Build/Intermediates.noindex/DTFoundation.build/Debug-iphonesimulator/DTFoundation.build/Objects-normal/arm64/DTSQLiteFunctions.dia -c /Users/aadityasingh/Library/Developer/Xcode/DerivedData/Chatlio-erkyzdeecsohoaggpwbjdvavzqfv/SourcePackages/checkouts/DTFoundation/Core/Source/DTSQLite/DTSQLiteFunctions.m -o /Users/aadityasingh/Library/Developer/Xcode/DerivedData/Chatlio-erkyzdeecsohoaggpwbjdvavzqfv/Build/Intermediates.noindex/DTFoundation.build/Debug-iphonesimulator/DTFoundation.build/Objects-normal/arm64/DTSQLiteFunctions.o -index-unit-output-path /DTFoundation.build/Debug-iphonesimulator/DTFoundation.build/Objects-normal/arm64/DTSQLiteFunctions.o

CompileC /Users/aadityasingh/Library/Developer/Xcode/DerivedData/Chatlio-erkyzdeecsohoaggpwbjdvavzqfv/Build/Intermediates.noindex/DTFoundation.build/Debug-iphonesimulator/DTFoundation.build/Objects-normal/arm64/DTSQLiteDatabase.o /Users/aadityasingh/Library/Developer/Xcode/DerivedData/Chatlio-erkyzdeecsohoaggpwbjdvavzqfv/SourcePackages/checkouts/DTFoundation/Core/Source/DTSQLite/DTSQLiteDatabase.m normal arm64 objective-c com.apple.compilers.llvm.clang.1_0.compiler (in target 'DTFoundation' from project 'DTFoundation')
    cd /Users/aadityasingh/Documents/Development/element-x-ios/Chatlio.xcodeproj
    
    Using response file: /Users/aadityasingh/Library/Developer/Xcode/DerivedData/Chatlio-erkyzdeecsohoaggpwbjdvavzqfv/Build/Intermediates.noindex/DTFoundation.build/Debug-iphonesimulator/DTFoundation.build/Objects-normal/arm64/e6072d4f65d7061329687fe24e3d63a7-common-args.resp
    
    /Applications/Xcode.app/Contents/Developer/Toolchains/XcodeDefault.xctoolchain/usr/bin/clang -x objective-c -ivfsstatcache /Users/aadityasingh/Library/Developer/Xcode/DerivedData/SDKStatCaches.noindex/iphonesimulator26.4-23E252-686eebb5dc1d8ecb277353a59184f4aa.sdkstatcache -target arm64-apple-ios12.0-simulator -fmessage-length\=0 -fdiagnostics-show-note-include-stack -fmacro-backtrace-limit\=0 -fno-color-diagnostics -fmodules-prune-interval\=86400 -fmodules-prune-after\=345600 -fbuild-session-file\=/Users/aadityasingh/Library/Developer/Xcode/DerivedData/ModuleCache.noindex/Session.modulevalidation -fmodules-validate-once-per-build-session -Wnon-modular-include-in-framework-module -Werror\=non-modular-include-in-framework-module -Wno-trigraphs -Wno-missing-field-initializers -Wno-missing-prototypes -Wno-return-type -Wno-implicit-atomic-properties -Wno-objc-interface-ivars -Wno-arc-repeated-use-of-weak -Wno-missing-braces -Wparentheses -Wswitch -Wno-unused-function -Wno-unused-label -Wno-unused-parameter -Wno-unused-variable -Wunused-value -Wno-empty-body -Wno-uninitialized -Wno-unknown-pragmas -w -Wno-shadow -Wno-four-char-constants -Wno-conversion -Wno-constant-conversion -Wno-int-conversion -Wno-bool-conversion -Wno-enum-conversion -Wno-float-conversion -Wno-non-literal-null-conversion -Wno-objc-literal-conversion -Wshorten-64-to-32 -Wpointer-sign -Wno-newline-eof -Wno-selector -Wno-strict-selector-match -Wno-undeclared-selector -Wno-deprecated-implementations -Wno-implicit-fallthrough -isysroot /Applications/Xcode.app/Contents/Developer/Platforms/iPhoneSimulator.platform/Developer/SDKs/iPhoneSimulator26.4.sdk -fstrict-aliasing -Wprotocol -Wdeprecated-declarations -Wno-sign-conversion -Wno-infinite-recursion -Wno-comma -Wno-block-capture-autoreleasing -Wno-strict-prototypes -Wno-semicolon-before-method-body -index-store-path /Users/aadityasingh/Library/Developer/Xcode/DerivedData/Chatlio-erkyzdeecsohoaggpwbjdvavzqfv/Index.noindex/DataStore @/Users/aadityasingh/Library/Developer/Xcode/DerivedData/Chatlio-erkyzdeecsohoaggpwbjdvavzqfv/Build/Intermediates.noindex/DTFoundation.build/Debug-iphonesimulator/DTFoundation.build/Objects-normal/arm64/e6072d4f65d7061329687fe24e3d63a7-common-args.resp -MMD -MT dependencies -MF /Users/aadityasingh/Library/Developer/Xcode/DerivedData/Chatlio-erkyzdeecsohoaggpwbjdvavzqfv/Build/Intermediates.noindex/DTFoundation.build/Debug-iphonesimulator/DTFoundation.build/Objects-normal/arm64/DTSQLiteDatabase.d --serialize-diagnostics /Users/aadityasingh/Library/Developer/Xcode/DerivedData/Chatlio-erkyzdeecsohoaggpwbjdvavzqfv/Build/Intermediates.noindex/DTFoundation.build/Debug-iphonesimulator/DTFoundation.build/Objects-normal/arm64/DTSQLiteDatabase.dia -c /Users/aadityasingh/Library/Developer/Xcode/DerivedData/Chatlio-erkyzdeecsohoaggpwbjdvavzqfv/SourcePackages/checkouts/DTFoundation/Core/Source/DTSQLite/DTSQLiteDatabase.m -o /Users/aadityasingh/Library/Developer/Xcode/DerivedData/Chatlio-erkyzdeecsohoaggpwbjdvavzqfv/Build/Intermediates.noindex/DTFoundation.build/Debug-iphonesimulator/DTFoundation.build/Objects-normal/arm64/DTSQLiteDatabase.o -index-unit-output-path /DTFoundation.build/Debug-iphonesimulator/DTFoundation.build/Objects-normal/arm64/DTSQLiteDatabase.o

CompileC /Users/aadityasingh/Library/Developer/Xcode/DerivedData/Chatlio-erkyzdeecsohoaggpwbjdvavzqfv/Build/Intermediates.noindex/DTFoundation.build/Debug-iphonesimulator/DTFoundation.build/Objects-normal/arm64/DTObjectBlockExecutor.o /Users/aadityasingh/Library/Developer/Xcode/DerivedData/Chatlio-erkyzdeecsohoaggpwbjdvavzqfv/SourcePackages/checkouts/DTFoundation/Core/Source/Runtime/DTObjectBlockExecutor.m normal arm64 objective-c com.apple.compilers.llvm.clang.1_0.compiler (in target 'DTFoundation' from project 'DTFoundation')
    cd /Users/aadityasingh/Documents/Development/element-x-ios/Chatlio.xcodeproj
    
    Using response file: /Users/aadityasingh/Library/Developer/Xcode/DerivedData/Chatlio-erkyzdeecsohoaggpwbjdvavzqfv/Build/Intermediates.noindex/DTFoundation.build/Debug-iphonesimulator/DTFoundation.build/Objects-normal/arm64/e6072d4f65d7061329687fe24e3d63a7-common-args.resp
    
    /Applications/Xcode.app/Contents/Developer/Toolchains/XcodeDefault.xctoolchain/usr/bin/clang -x objective-c -ivfsstatcache /Users/aadityasingh/Library/Developer/Xcode/DerivedData/SDKStatCaches.noindex/iphonesimulator26.4-23E252-686eebb5dc1d8ecb277353a59184f4aa.sdkstatcache -target arm64-apple-ios12.0-simulator -fmessage-length\=0 -fdiagnostics-show-note-include-stack -fmacro-backtrace-limit\=0 -fno-color-diagnostics -fmodules-prune-interval\=86400 -fmodules-prune-after\=345600 -fbuild-session-file\=/Users/aadityasingh/Library/Developer/Xcode/DerivedData/ModuleCache.noindex/Session.modulevalidation -fmodules-validate-once-per-build-session -Wnon-modular-include-in-framework-module -Werror\=non-modular-include-in-framework-module -Wno-trigraphs -Wno-missing-field-initializers -Wno-missing-prototypes -Wno-return-type -Wno-implicit-atomic-properties -Wno-objc-interface-ivars -Wno-arc-repeated-use-of-weak -Wno-missing-braces -Wparentheses -Wswitch -Wno-unused-function -Wno-unused-label -Wno-unused-parameter -Wno-unused-variable -Wunused-value -Wno-empty-body -Wno-uninitialized -Wno-unknown-pragmas -w -Wno-shadow -Wno-four-char-constants -Wno-conversion -Wno-constant-conversion -Wno-int-conversion -Wno-bool-conversion -Wno-enum-conversion -Wno-float-conversion -Wno-non-literal-null-conversion -Wno-objc-literal-conversion -Wshorten-64-to-32 -Wpointer-sign -Wno-newline-eof -Wno-selector -Wno-strict-selector-match -Wno-undeclared-selector -Wno-deprecated-implementations -Wno-implicit-fallthrough -isysroot /Applications/Xcode.app/Contents/Developer/Platforms/iPhoneSimulator.platform/Developer/SDKs/iPhoneSimulator26.4.sdk -fstrict-aliasing -Wprotocol -Wdeprecated-declarations -Wno-sign-conversion -Wno-infinite-recursion -Wno-comma -Wno-block-capture-autoreleasing -Wno-strict-prototypes -Wno-semicolon-before-method-body -index-store-path /Users/aadityasingh/Library/Developer/Xcode/DerivedData/Chatlio-erkyzdeecsohoaggpwbjdvavzqfv/Index.noindex/DataStore @/Users/aadityasingh/Library/Developer/Xcode/DerivedData/Chatlio-erkyzdeecsohoaggpwbjdvavzqfv/Build/Intermediates.noindex/DTFoundation.build/Debug-iphonesimulator/DTFoundation.build/Objects-normal/arm64/e6072d4f65d7061329687fe24e3d63a7-common-args.resp -MMD -MT dependencies -MF /Users/aadityasingh/Library/Developer/Xcode/DerivedData/Chatlio-erkyzdeecsohoaggpwbjdvavzqfv/Build/Intermediates.noindex/DTFoundation.build/Debug-iphonesimulator/DTFoundation.build/Objects-normal/arm64/DTObjectBlockExecutor.d --serialize-diagnostics /Users/aadityasingh/Library/Developer/Xcode/DerivedData/Chatlio-erkyzdeecsohoaggpwbjdvavzqfv/Build/Intermediates.noindex/DTFoundation.build/Debug-iphonesimulator/DTFoundation.build/Objects-normal/arm64/DTObjectBlockExecutor.dia -c /Users/aadityasingh/Library/Developer/Xcode/DerivedData/Chatlio-erkyzdeecsohoaggpwbjdvavzqfv/SourcePackages/checkouts/DTFoundation/Core/Source/Runtime/DTObjectBlockExecutor.m -o /Users/aadityasingh/Library/Developer/Xcode/DerivedData/Chatlio-erkyzdeecsohoaggpwbjdvavzqfv/Build/Intermediates.noindex/DTFoundation.build/Debug-iphonesimulator/DTFoundation.build/Objects-normal/arm64/DTObjectBlockExecutor.o -index-unit-output-path /DTFoundation.build/Debug-iphonesimulator/DTFoundation.build/Objects-normal/arm64/DTObjectBlockExecutor.o

CompileC /Users/aadityasingh/Library/Developer/Xcode/DerivedData/Chatlio-erkyzdeecsohoaggpwbjdvavzqfv/Build/Intermediates.noindex/DTFoundation.build/Debug-iphonesimulator/DTFoundation.build/Objects-normal/arm64/DTLog.o /Users/aadityasingh/Library/Developer/Xcode/DerivedData/Chatlio-erkyzdeecsohoaggpwbjdvavzqfv/SourcePackages/checkouts/DTFoundation/Core/Source/DTLog.m normal arm64 objective-c com.apple.compilers.llvm.clang.1_0.compiler (in target 'DTFoundation' from project 'DTFoundation')
    cd /Users/aadityasingh/Documents/Development/element-x-ios/Chatlio.xcodeproj
    
    Using response file: /Users/aadityasingh/Library/Developer/Xcode/DerivedData/Chatlio-erkyzdeecsohoaggpwbjdvavzqfv/Build/Intermediates.noindex/DTFoundation.build/Debug-iphonesimulator/DTFoundation.build/Objects-normal/arm64/e6072d4f65d7061329687fe24e3d63a7-common-args.resp
    
    /Applications/Xcode.app/Contents/Developer/Toolchains/XcodeDefault.xctoolchain/usr/bin/clang -x objective-c -ivfsstatcache /Users/aadityasingh/Library/Developer/Xcode/DerivedData/SDKStatCaches.noindex/iphonesimulator26.4-23E252-686eebb5dc1d8ecb277353a59184f4aa.sdkstatcache -target arm64-apple-ios12.0-simulator -fmessage-length\=0 -fdiagnostics-show-note-include-stack -fmacro-backtrace-limit\=0 -fno-color-diagnostics -fmodules-prune-interval\=86400 -fmodules-prune-after\=345600 -fbuild-session-file\=/Users/aadityasingh/Library/Developer/Xcode/DerivedData/ModuleCache.noindex/Session.modulevalidation -fmodules-validate-once-per-build-session -Wnon-modular-include-in-framework-module -Werror\=non-modular-include-in-framework-module -Wno-trigraphs -Wno-missing-field-initializers -Wno-missing-prototypes -Wno-return-type -Wno-implicit-atomic-properties -Wno-objc-interface-ivars -Wno-arc-repeated-use-of-weak -Wno-missing-braces -Wparentheses -Wswitch -Wno-unused-function -Wno-unused-label -Wno-unused-parameter -Wno-unused-variable -Wunused-value -Wno-empty-body -Wno-uninitialized -Wno-unknown-pragmas -w -Wno-shadow -Wno-four-char-constants -Wno-conversion -Wno-constant-conversion -Wno-int-conversion -Wno-bool-conversion -Wno-enum-conversion -Wno-float-conversion -Wno-non-literal-null-conversion -Wno-objc-literal-conversion -Wshorten-64-to-32 -Wpointer-sign -Wno-newline-eof -Wno-selector -Wno-strict-selector-match -Wno-undeclared-selector -Wno-deprecated-implementations -Wno-implicit-fallthrough -isysroot /Applications/Xcode.app/Contents/Developer/Platforms/iPhoneSimulator.platform/Developer/SDKs/iPhoneSimulator26.4.sdk -fstrict-aliasing -Wprotocol -Wdeprecated-declarations -Wno-sign-conversion -Wno-infinite-recursion -Wno-comma -Wno-block-capture-autoreleasing -Wno-strict-prototypes -Wno-semicolon-before-method-body -index-store-path /Users/aadityasingh/Library/Developer/Xcode/DerivedData/Chatlio-erkyzdeecsohoaggpwbjdvavzqfv/Index.noindex/DataStore @/Users/aadityasingh/Library/Developer/Xcode/DerivedData/Chatlio-erkyzdeecsohoaggpwbjdvavzqfv/Build/Intermediates.noindex/DTFoundation.build/Debug-iphonesimulator/DTFoundation.build/Objects-normal/arm64/e6072d4f65d7061329687fe24e3d63a7-common-args.resp -MMD -MT dependencies -MF /Users/aadityasingh/Library/Developer/Xcode/DerivedData/Chatlio-erkyzdeecsohoaggpwbjdvavzqfv/Build/Intermediates.noindex/DTFoundation.build/Debug-iphonesimulator/DTFoundation.build/Objects-normal/arm64/DTLog.d --serialize-diagnostics /Users/aadityasingh/Library/Developer/Xcode/DerivedData/Chatlio-erkyzdeecsohoaggpwbjdvavzqfv/Build/Intermediates.noindex/DTFoundation.build/Debug-iphonesimulator/DTFoundation.build/Objects-normal/arm64/DTLog.dia -c /Users/aadityasingh/Library/Developer/Xcode/DerivedData/Chatlio-erkyzdeecsohoaggpwbjdvavzqfv/SourcePackages/checkouts/DTFoundation/Core/Source/DTLog.m -o /Users/aadityasingh/Library/Developer/Xcode/DerivedData/Chatlio-erkyzdeecsohoaggpwbjdvavzqfv/Build/Intermediates.noindex/DTFoundation.build/Debug-iphonesimulator/DTFoundation.build/Objects-normal/arm64/DTLog.o -index-unit-output-path /DTFoundation.build/Debug-iphonesimulator/DTFoundation.build/Objects-normal/arm64/DTLog.o

CompileC /Users/aadityasingh/Library/Developer/Xcode/DerivedData/Chatlio-erkyzdeecsohoaggpwbjdvavzqfv/Build/Intermediates.noindex/DTFoundation.build/Debug-iphonesimulator/DTFoundation.build/Objects-normal/arm64/DTHTMLParser.o /Users/aadityasingh/Library/Developer/Xcode/DerivedData/Chatlio-erkyzdeecsohoaggpwbjdvavzqfv/SourcePackages/checkouts/DTFoundation/Core/Source/DTHTMLParser/DTHTMLParser.m normal arm64 objective-c com.apple.compilers.llvm.clang.1_0.compiler (in target 'DTFoundation' from project 'DTFoundation')
    cd /Users/aadityasingh/Documents/Development/element-x-ios/Chatlio.xcodeproj
    
    Using response file: /Users/aadityasingh/Library/Developer/Xcode/DerivedData/Chatlio-erkyzdeecsohoaggpwbjdvavzqfv/Build/Intermediates.noindex/DTFoundation.build/Debug-iphonesimulator/DTFoundation.build/Objects-normal/arm64/e6072d4f65d7061329687fe24e3d63a7-common-args.resp
    
    /Applications/Xcode.app/Contents/Developer/Toolchains/XcodeDefault.xctoolchain/usr/bin/clang -x objective-c -ivfsstatcache /Users/aadityasingh/Library/Developer/Xcode/DerivedData/SDKStatCaches.noindex/iphonesimulator26.4-23E252-686eebb5dc1d8ecb277353a59184f4aa.sdkstatcache -target arm64-apple-ios12.0-simulator -fmessage-length\=0 -fdiagnostics-show-note-include-stack -fmacro-backtrace-limit\=0 -fno-color-diagnostics -fmodules-prune-interval\=86400 -fmodules-prune-after\=345600 -fbuild-session-file\=/Users/aadityasingh/Library/Developer/Xcode/DerivedData/ModuleCache.noindex/Session.modulevalidation -fmodules-validate-once-per-build-session -Wnon-modular-include-in-framework-module -Werror\=non-modular-include-in-framework-module -Wno-trigraphs -Wno-missing-field-initializers -Wno-missing-prototypes -Wno-return-type -Wno-implicit-atomic-properties -Wno-objc-interface-ivars -Wno-arc-repeated-use-of-weak -Wno-missing-braces -Wparentheses -Wswitch -Wno-unused-function -Wno-unused-label -Wno-unused-parameter -Wno-unused-variable -Wunused-value -Wno-empty-body -Wno-uninitialized -Wno-unknown-pragmas -w -Wno-shadow -Wno-four-char-constants -Wno-conversion -Wno-constant-conversion -Wno-int-conversion -Wno-bool-conversion -Wno-enum-conversion -Wno-float-conversion -Wno-non-literal-null-conversion -Wno-objc-literal-conversion -Wshorten-64-to-32 -Wpointer-sign -Wno-newline-eof -Wno-selector -Wno-strict-selector-match -Wno-undeclared-selector -Wno-deprecated-implementations -Wno-implicit-fallthrough -isysroot /Applications/Xcode.app/Contents/Developer/Platforms/iPhoneSimulator.platform/Developer/SDKs/iPhoneSimulator26.4.sdk -fstrict-aliasing -Wprotocol -Wdeprecated-declarations -Wno-sign-conversion -Wno-infinite-recursion -Wno-comma -Wno-block-capture-autoreleasing -Wno-strict-prototypes -Wno-semicolon-before-method-body -index-store-path /Users/aadityasingh/Library/Developer/Xcode/DerivedData/Chatlio-erkyzdeecsohoaggpwbjdvavzqfv/Index.noindex/DataStore @/Users/aadityasingh/Library/Developer/Xcode/DerivedData/Chatlio-erkyzdeecsohoaggpwbjdvavzqfv/Build/Intermediates.noindex/DTFoundation.build/Debug-iphonesimulator/DTFoundation.build/Objects-normal/arm64/e6072d4f65d7061329687fe24e3d63a7-common-args.resp -MMD -MT dependencies -MF /Users/aadityasingh/Library/Developer/Xcode/DerivedData/Chatlio-erkyzdeecsohoaggpwbjdvavzqfv/Build/Intermediates.noindex/DTFoundation.build/Debug-iphonesimulator/DTFoundation.build/Objects-normal/arm64/DTHTMLParser.d --serialize-diagnostics /Users/aadityasingh/Library/Developer/Xcode/DerivedData/Chatlio-erkyzdeecsohoaggpwbjdvavzqfv/Build/Intermediates.noindex/DTFoundation.build/Debug-iphonesimulator/DTFoundation.build/Objects-normal/arm64/DTHTMLParser.dia -c /Users/aadityasingh/Library/Developer/Xcode/DerivedData/Chatlio-erkyzdeecsohoaggpwbjdvavzqfv/SourcePackages/checkouts/DTFoundation/Core/Source/DTHTMLParser/DTHTMLParser.m -o /Users/aadityasingh/Library/Developer/Xcode/DerivedData/Chatlio-erkyzdeecsohoaggpwbjdvavzqfv/Build/Intermediates.noindex/DTFoundation.build/Debug-iphonesimulator/DTFoundation.build/Objects-normal/arm64/DTHTMLParser.o -index-unit-output-path /DTFoundation.build/Debug-iphonesimulator/DTFoundation.build/Objects-normal/arm64/DTHTMLParser.o

CompileC /Users/aadityasingh/Library/Developer/Xcode/DerivedData/Chatlio-erkyzdeecsohoaggpwbjdvavzqfv/Build/Intermediates.noindex/DTFoundation.build/Debug-iphonesimulator/DTFoundation.build/Objects-normal/arm64/DTFoundationConstants.o /Users/aadityasingh/Library/Developer/Xcode/DerivedData/Chatlio-erkyzdeecsohoaggpwbjdvavzqfv/SourcePackages/checkouts/DTFoundation/Core/Source/DTFoundationConstants.m normal arm64 objective-c com.apple.compilers.llvm.clang.1_0.compiler (in target 'DTFoundation' from project 'DTFoundation')
    cd /Users/aadityasingh/Documents/Development/element-x-ios/Chatlio.xcodeproj
    
    Using response file: /Users/aadityasingh/Library/Developer/Xcode/DerivedData/Chatlio-erkyzdeecsohoaggpwbjdvavzqfv/Build/Intermediates.noindex/DTFoundation.build/Debug-iphonesimulator/DTFoundation.build/Objects-normal/arm64/e6072d4f65d7061329687fe24e3d63a7-common-args.resp
    
    /Applications/Xcode.app/Contents/Developer/Toolchains/XcodeDefault.xctoolchain/usr/bin/clang -x objective-c -ivfsstatcache /Users/aadityasingh/Library/Developer/Xcode/DerivedData/SDKStatCaches.noindex/iphonesimulator26.4-23E252-686eebb5dc1d8ecb277353a59184f4aa.sdkstatcache -target arm64-apple-ios12.0-simulator -fmessage-length\=0 -fdiagnostics-show-note-include-stack -fmacro-backtrace-limit\=0 -fno-color-diagnostics -fmodules-prune-interval\=86400 -fmodules-prune-after\=345600 -fbuild-session-file\=/Users/aadityasingh/Library/Developer/Xcode/DerivedData/ModuleCache.noindex/Session.modulevalidation -fmodules-validate-once-per-build-session -Wnon-modular-include-in-framework-module -Werror\=non-modular-include-in-framework-module -Wno-trigraphs -Wno-missing-field-initializers -Wno-missing-prototypes -Wno-return-type -Wno-implicit-atomic-properties -Wno-objc-interface-ivars -Wno-arc-repeated-use-of-weak -Wno-missing-braces -Wparentheses -Wswitch -Wno-unused-function -Wno-unused-label -Wno-unused-parameter -Wno-unused-variable -Wunused-value -Wno-empty-body -Wno-uninitialized -Wno-unknown-pragmas -w -Wno-shadow -Wno-four-char-constants -Wno-conversion -Wno-constant-conversion -Wno-int-conversion -Wno-bool-conversion -Wno-enum-conversion -Wno-float-conversion -Wno-non-literal-null-conversion -Wno-objc-literal-conversion -Wshorten-64-to-32 -Wpointer-sign -Wno-newline-eof -Wno-selector -Wno-strict-selector-match -Wno-undeclared-selector -Wno-deprecated-implementations -Wno-implicit-fallthrough -isysroot /Applications/Xcode.app/Contents/Developer/Platforms/iPhoneSimulator.platform/Developer/SDKs/iPhoneSimulator26.4.sdk -fstrict-aliasing -Wprotocol -Wdeprecated-declarations -Wno-sign-conversion -Wno-infinite-recursion -Wno-comma -Wno-block-capture-autoreleasing -Wno-strict-prototypes -Wno-semicolon-before-method-body -index-store-path /Users/aadityasingh/Library/Developer/Xcode/DerivedData/Chatlio-erkyzdeecsohoaggpwbjdvavzqfv/Index.noindex/DataStore @/Users/aadityasingh/Library/Developer/Xcode/DerivedData/Chatlio-erkyzdeecsohoaggpwbjdvavzqfv/Build/Intermediates.noindex/DTFoundation.build/Debug-iphonesimulator/DTFoundation.build/Objects-normal/arm64/e6072d4f65d7061329687fe24e3d63a7-common-args.resp -MMD -MT dependencies -MF /Users/aadityasingh/Library/Developer/Xcode/DerivedData/Chatlio-erkyzdeecsohoaggpwbjdvavzqfv/Build/Intermediates.noindex/DTFoundation.build/Debug-iphonesimulator/DTFoundation.build/Objects-normal/arm64/DTFoundationConstants.d --serialize-diagnostics /Users/aadityasingh/Library/Developer/Xcode/DerivedData/Chatlio-erkyzdeecsohoaggpwbjdvavzqfv/Build/Intermediates.noindex/DTFoundation.build/Debug-iphonesimulator/DTFoundation.build/Objects-normal/arm64/DTFoundationConstants.dia -c /Users/aadityasingh/Library/Developer/Xcode/DerivedData/Chatlio-erkyzdeecsohoaggpwbjdvavzqfv/SourcePackages/checkouts/DTFoundation/Core/Source/DTFoundationConstants.m -o /Users/aadityasingh/Library/Developer/Xcode/DerivedData/Chatlio-erkyzdeecsohoaggpwbjdvavzqfv/Build/Intermediates.noindex/DTFoundation.build/Debug-iphonesimulator/DTFoundation.build/Objects-normal/arm64/DTFoundationConstants.o -index-unit-output-path /DTFoundation.build/Debug-iphonesimulator/DTFoundation.build/Objects-normal/arm64/DTFoundationConstants.o

CompileC /Users/aadityasingh/Library/Developer/Xcode/DerivedData/Chatlio-erkyzdeecsohoaggpwbjdvavzqfv/Build/Intermediates.noindex/DTFoundation.build/Debug-iphonesimulator/DTFoundation.build/Objects-normal/arm64/DTFolderMonitor.o /Users/aadityasingh/Library/Developer/Xcode/DerivedData/Chatlio-erkyzdeecsohoaggpwbjdvavzqfv/SourcePackages/checkouts/DTFoundation/Core/Source/DTFolderMonitor.m normal arm64 objective-c com.apple.compilers.llvm.clang.1_0.compiler (in target 'DTFoundation' from project 'DTFoundation')
    cd /Users/aadityasingh/Documents/Development/element-x-ios/Chatlio.xcodeproj
    
    Using response file: /Users/aadityasingh/Library/Developer/Xcode/DerivedData/Chatlio-erkyzdeecsohoaggpwbjdvavzqfv/Build/Intermediates.noindex/DTFoundation.build/Debug-iphonesimulator/DTFoundation.build/Objects-normal/arm64/e6072d4f65d7061329687fe24e3d63a7-common-args.resp
    
    /Applications/Xcode.app/Contents/Developer/Toolchains/XcodeDefault.xctoolchain/usr/bin/clang -x objective-c -ivfsstatcache /Users/aadityasingh/Library/Developer/Xcode/DerivedData/SDKStatCaches.noindex/iphonesimulator26.4-23E252-686eebb5dc1d8ecb277353a59184f4aa.sdkstatcache -target arm64-apple-ios12.0-simulator -fmessage-length\=0 -fdiagnostics-show-note-include-stack -fmacro-backtrace-limit\=0 -fno-color-diagnostics -fmodules-prune-interval\=86400 -fmodules-prune-after\=345600 -fbuild-session-file\=/Users/aadityasingh/Library/Developer/Xcode/DerivedData/ModuleCache.noindex/Session.modulevalidation -fmodules-validate-once-per-build-session -Wnon-modular-include-in-framework-module -Werror\=non-modular-include-in-framework-module -Wno-trigraphs -Wno-missing-field-initializers -Wno-missing-prototypes -Wno-return-type -Wno-implicit-atomic-properties -Wno-objc-interface-ivars -Wno-arc-repeated-use-of-weak -Wno-missing-braces -Wparentheses -Wswitch -Wno-unused-function -Wno-unused-label -Wno-unused-parameter -Wno-unused-variable -Wunused-value -Wno-empty-body -Wno-uninitialized -Wno-unknown-pragmas -w -Wno-shadow -Wno-four-char-constants -Wno-conversion -Wno-constant-conversion -Wno-int-conversion -Wno-bool-conversion -Wno-enum-conversion -Wno-float-conversion -Wno-non-literal-null-conversion -Wno-objc-literal-conversion -Wshorten-64-to-32 -Wpointer-sign -Wno-newline-eof -Wno-selector -Wno-strict-selector-match -Wno-undeclared-selector -Wno-deprecated-implementations -Wno-implicit-fallthrough -isysroot /Applications/Xcode.app/Contents/Developer/Platforms/iPhoneSimulator.platform/Developer/SDKs/iPhoneSimulator26.4.sdk -fstrict-aliasing -Wprotocol -Wdeprecated-declarations -Wno-sign-conversion -Wno-infinite-recursion -Wno-comma -Wno-block-capture-autoreleasing -Wno-strict-prototypes -Wno-semicolon-before-method-body -index-store-path /Users/aadityasingh/Library/Developer/Xcode/DerivedData/Chatlio-erkyzdeecsohoaggpwbjdvavzqfv/Index.noindex/DataStore @/Users/aadityasingh/Library/Developer/Xcode/DerivedData/Chatlio-erkyzdeecsohoaggpwbjdvavzqfv/Build/Intermediates.noindex/DTFoundation.build/Debug-iphonesimulator/DTFoundation.build/Objects-normal/arm64/e6072d4f65d7061329687fe24e3d63a7-common-args.resp -MMD -MT dependencies -MF /Users/aadityasingh/Library/Developer/Xcode/DerivedData/Chatlio-erkyzdeecsohoaggpwbjdvavzqfv/Build/Intermediates.noindex/DTFoundation.build/Debug-iphonesimulator/DTFoundation.build/Objects-normal/arm64/DTFolderMonitor.d --serialize-diagnostics /Users/aadityasingh/Library/Developer/Xcode/DerivedData/Chatlio-erkyzdeecsohoaggpwbjdvavzqfv/Build/Intermediates.noindex/DTFoundation.build/Debug-iphonesimulator/DTFoundation.build/Objects-normal/arm64/DTFolderMonitor.dia -c /Users/aadityasingh/Library/Developer/Xcode/DerivedData/Chatlio-erkyzdeecsohoaggpwbjdvavzqfv/SourcePackages/checkouts/DTFoundation/Core/Source/DTFolderMonitor.m -o /Users/aadityasingh/Library/Developer/Xcode/DerivedData/Chatlio-erkyzdeecsohoaggpwbjdvavzqfv/Build/Intermediates.noindex/DTFoundation.build/Debug-iphonesimulator/DTFoundation.build/Objects-normal/arm64/DTFolderMonitor.o -index-unit-output-path /DTFoundation.build/Debug-iphonesimulator/DTFoundation.build/Objects-normal/arm64/DTFolderMonitor.o

CompileC /Users/aadityasingh/Library/Developer/Xcode/DerivedData/Chatlio-erkyzdeecsohoaggpwbjdvavzqfv/Build/Intermediates.noindex/DTFoundation.build/Debug-iphonesimulator/DTFoundation.build/Objects-normal/arm64/DTExtendedFileAttributes.o /Users/aadityasingh/Library/Developer/Xcode/DerivedData/Chatlio-erkyzdeecsohoaggpwbjdvavzqfv/SourcePackages/checkouts/DTFoundation/Core/Source/DTExtendedFileAttributes.m normal arm64 objective-c com.apple.compilers.llvm.clang.1_0.compiler (in target 'DTFoundation' from project 'DTFoundation')
    cd /Users/aadityasingh/Documents/Development/element-x-ios/Chatlio.xcodeproj
    
    Using response file: /Users/aadityasingh/Library/Developer/Xcode/DerivedData/Chatlio-erkyzdeecsohoaggpwbjdvavzqfv/Build/Intermediates.noindex/DTFoundation.build/Debug-iphonesimulator/DTFoundation.build/Objects-normal/arm64/e6072d4f65d7061329687fe24e3d63a7-common-args.resp
    
    /Applications/Xcode.app/Contents/Developer/Toolchains/XcodeDefault.xctoolchain/usr/bin/clang -x objective-c -ivfsstatcache /Users/aadityasingh/Library/Developer/Xcode/DerivedData/SDKStatCaches.noindex/iphonesimulator26.4-23E252-686eebb5dc1d8ecb277353a59184f4aa.sdkstatcache -target arm64-apple-ios12.0-simulator -fmessage-length\=0 -fdiagnostics-show-note-include-stack -fmacro-backtrace-limit\=0 -fno-color-diagnostics -fmodules-prune-interval\=86400 -fmodules-prune-after\=345600 -fbuild-session-file\=/Users/aadityasingh/Library/Developer/Xcode/DerivedData/ModuleCache.noindex/Session.modulevalidation -fmodules-validate-once-per-build-session -Wnon-modular-include-in-framework-module -Werror\=non-modular-include-in-framework-module -Wno-trigraphs -Wno-missing-field-initializers -Wno-missing-prototypes -Wno-return-type -Wno-implicit-atomic-properties -Wno-objc-interface-ivars -Wno-arc-repeated-use-of-weak -Wno-missing-braces -Wparentheses -Wswitch -Wno-unused-function -Wno-unused-label -Wno-unused-parameter -Wno-unused-variable -Wunused-value -Wno-empty-body -Wno-uninitialized -Wno-unknown-pragmas -w -Wno-shadow -Wno-four-char-constants -Wno-conversion -Wno-constant-conversion -Wno-int-conversion -Wno-bool-conversion -Wno-enum-conversion -Wno-float-conversion -Wno-non-literal-null-conversion -Wno-objc-literal-conversion -Wshorten-64-to-32 -Wpointer-sign -Wno-newline-eof -Wno-selector -Wno-strict-selector-match -Wno-undeclared-selector -Wno-deprecated-implementations -Wno-implicit-fallthrough -isysroot /Applications/Xcode.app/Contents/Developer/Platforms/iPhoneSimulator.platform/Developer/SDKs/iPhoneSimulator26.4.sdk -fstrict-aliasing -Wprotocol -Wdeprecated-declarations -Wno-sign-conversion -Wno-infinite-recursion -Wno-comma -Wno-block-capture-autoreleasing -Wno-strict-prototypes -Wno-semicolon-before-method-body -index-store-path /Users/aadityasingh/Library/Developer/Xcode/DerivedData/Chatlio-erkyzdeecsohoaggpwbjdvavzqfv/Index.noindex/DataStore @/Users/aadityasingh/Library/Developer/Xcode/DerivedData/Chatlio-erkyzdeecsohoaggpwbjdvavzqfv/Build/Intermediates.noindex/DTFoundation.build/Debug-iphonesimulator/DTFoundation.build/Objects-normal/arm64/e6072d4f65d7061329687fe24e3d63a7-common-args.resp -MMD -MT dependencies -MF /Users/aadityasingh/Library/Developer/Xcode/DerivedData/Chatlio-erkyzdeecsohoaggpwbjdvavzqfv/Build/Intermediates.noindex/DTFoundation.build/Debug-iphonesimulator/DTFoundation.build/Objects-normal/arm64/DTExtendedFileAttributes.d --serialize-diagnostics /Users/aadityasingh/Library/Developer/Xcode/DerivedData/Chatlio-erkyzdeecsohoaggpwbjdvavzqfv/Build/Intermediates.noindex/DTFoundation.build/Debug-iphonesimulator/DTFoundation.build/Objects-normal/arm64/DTExtendedFileAttributes.dia -c /Users/aadityasingh/Library/Developer/Xcode/DerivedData/Chatlio-erkyzdeecsohoaggpwbjdvavzqfv/SourcePackages/checkouts/DTFoundation/Core/Source/DTExtendedFileAttributes.m -o /Users/aadityasingh/Library/Developer/Xcode/DerivedData/Chatlio-erkyzdeecsohoaggpwbjdvavzqfv/Build/Intermediates.noindex/DTFoundation.build/Debug-iphonesimulator/DTFoundation.build/Objects-normal/arm64/DTExtendedFileAttributes.o -index-unit-output-path /DTFoundation.build/Debug-iphonesimulator/DTFoundation.build/Objects-normal/arm64/DTExtendedFileAttributes.o

CompileC /Users/aadityasingh/Library/Developer/Xcode/DerivedData/Chatlio-erkyzdeecsohoaggpwbjdvavzqfv/Build/Intermediates.noindex/DTFoundation.build/Debug-iphonesimulator/DTFoundation.build/Objects-normal/arm64/DTCoreGraphicsUtils.o /Users/aadityasingh/Library/Developer/Xcode/DerivedData/Chatlio-erkyzdeecsohoaggpwbjdvavzqfv/SourcePackages/checkouts/DTFoundation/Core/Source/DTCoreGraphicsUtils.m normal arm64 objective-c com.apple.compilers.llvm.clang.1_0.compiler (in target 'DTFoundation' from project 'DTFoundation')
    cd /Users/aadityasingh/Documents/Development/element-x-ios/Chatlio.xcodeproj
    
    Using response file: /Users/aadityasingh/Library/Developer/Xcode/DerivedData/Chatlio-erkyzdeecsohoaggpwbjdvavzqfv/Build/Intermediates.noindex/DTFoundation.build/Debug-iphonesimulator/DTFoundation.build/Objects-normal/arm64/e6072d4f65d7061329687fe24e3d63a7-common-args.resp
    
    /Applications/Xcode.app/Contents/Developer/Toolchains/XcodeDefault.xctoolchain/usr/bin/clang -x objective-c -ivfsstatcache /Users/aadityasingh/Library/Developer/Xcode/DerivedData/SDKStatCaches.noindex/iphonesimulator26.4-23E252-686eebb5dc1d8ecb277353a59184f4aa.sdkstatcache -target arm64-apple-ios12.0-simulator -fmessage-length\=0 -fdiagnostics-show-note-include-stack -fmacro-backtrace-limit\=0 -fno-color-diagnostics -fmodules-prune-interval\=86400 -fmodules-prune-after\=345600 -fbuild-session-file\=/Users/aadityasingh/Library/Developer/Xcode/DerivedData/ModuleCache.noindex/Session.modulevalidation -fmodules-validate-once-per-build-session -Wnon-modular-include-in-framework-module -Werror\=non-modular-include-in-framework-module -Wno-trigraphs -Wno-missing-field-initializers -Wno-missing-prototypes -Wno-return-type -Wno-implicit-atomic-properties -Wno-objc-interface-ivars -Wno-arc-repeated-use-of-weak -Wno-missing-braces -Wparentheses -Wswitch -Wno-unused-function -Wno-unused-label -Wno-unused-parameter -Wno-unused-variable -Wunused-value -Wno-empty-body -Wno-uninitialized -Wno-unknown-pragmas -w -Wno-shadow -Wno-four-char-constants -Wno-conversion -Wno-constant-conversion -Wno-int-conversion -Wno-bool-conversion -Wno-enum-conversion -Wno-float-conversion -Wno-non-literal-null-conversion -Wno-objc-literal-conversion -Wshorten-64-to-32 -Wpointer-sign -Wno-newline-eof -Wno-selector -Wno-strict-selector-match -Wno-undeclared-selector -Wno-deprecated-implementations -Wno-implicit-fallthrough -isysroot /Applications/Xcode.app/Contents/Developer/Platforms/iPhoneSimulator.platform/Developer/SDKs/iPhoneSimulator26.4.sdk -fstrict-aliasing -Wprotocol -Wdeprecated-declarations -Wno-sign-conversion -Wno-infinite-recursion -Wno-comma -Wno-block-capture-autoreleasing -Wno-strict-prototypes -Wno-semicolon-before-method-body -index-store-path /Users/aadityasingh/Library/Developer/Xcode/DerivedData/Chatlio-erkyzdeecsohoaggpwbjdvavzqfv/Index.noindex/DataStore @/Users/aadityasingh/Library/Developer/Xcode/DerivedData/Chatlio-erkyzdeecsohoaggpwbjdvavzqfv/Build/Intermediates.noindex/DTFoundation.build/Debug-iphonesimulator/DTFoundation.build/Objects-normal/arm64/e6072d4f65d7061329687fe24e3d63a7-common-args.resp -MMD -MT dependencies -MF /Users/aadityasingh/Library/Developer/Xcode/DerivedData/Chatlio-erkyzdeecsohoaggpwbjdvavzqfv/Build/Intermediates.noindex/DTFoundation.build/Debug-iphonesimulator/DTFoundation.build/Objects-normal/arm64/DTCoreGraphicsUtils.d --serialize-diagnostics /Users/aadityasingh/Library/Developer/Xcode/DerivedData/Chatlio-erkyzdeecsohoaggpwbjdvavzqfv/Build/Intermediates.noindex/DTFoundation.build/Debug-iphonesimulator/DTFoundation.build/Objects-normal/arm64/DTCoreGraphicsUtils.dia -c /Users/aadityasingh/Library/Developer/Xcode/DerivedData/Chatlio-erkyzdeecsohoaggpwbjdvavzqfv/SourcePackages/checkouts/DTFoundation/Core/Source/DTCoreGraphicsUtils.m -o /Users/aadityasingh/Library/Developer/Xcode/DerivedData/Chatlio-erkyzdeecsohoaggpwbjdvavzqfv/Build/Intermediates.noindex/DTFoundation.build/Debug-iphonesimulator/DTFoundation.build/Objects-normal/arm64/DTCoreGraphicsUtils.o -index-unit-output-path /DTFoundation.build/Debug-iphonesimulator/DTFoundation.build/Objects-normal/arm64/DTCoreGraphicsUtils.o

CompileC /Users/aadityasingh/Library/Developer/Xcode/DerivedData/Chatlio-erkyzdeecsohoaggpwbjdvavzqfv/Build/Intermediates.noindex/DTFoundation.build/Debug-iphonesimulator/DTFoundation.build/Objects-normal/arm64/DTBlockFunctions.o /Users/aadityasingh/Library/Developer/Xcode/DerivedData/Chatlio-erkyzdeecsohoaggpwbjdvavzqfv/SourcePackages/checkouts/DTFoundation/Core/Source/DTBlockFunctions.m normal arm64 objective-c com.apple.compilers.llvm.clang.1_0.compiler (in target 'DTFoundation' from project 'DTFoundation')
    cd /Users/aadityasingh/Documents/Development/element-x-ios/Chatlio.xcodeproj
    
    Using response file: /Users/aadityasingh/Library/Developer/Xcode/DerivedData/Chatlio-erkyzdeecsohoaggpwbjdvavzqfv/Build/Intermediates.noindex/DTFoundation.build/Debug-iphonesimulator/DTFoundation.build/Objects-normal/arm64/e6072d4f65d7061329687fe24e3d63a7-common-args.resp
    
    /Applications/Xcode.app/Contents/Developer/Toolchains/XcodeDefault.xctoolchain/usr/bin/clang -x objective-c -ivfsstatcache /Users/aadityasingh/Library/Developer/Xcode/DerivedData/SDKStatCaches.noindex/iphonesimulator26.4-23E252-686eebb5dc1d8ecb277353a59184f4aa.sdkstatcache -target arm64-apple-ios12.0-simulator -fmessage-length\=0 -fdiagnostics-show-note-include-stack -fmacro-backtrace-limit\=0 -fno-color-diagnostics -fmodules-prune-interval\=86400 -fmodules-prune-after\=345600 -fbuild-session-file\=/Users/aadityasingh/Library/Developer/Xcode/DerivedData/ModuleCache.noindex/Session.modulevalidation -fmodules-validate-once-per-build-session -Wnon-modular-include-in-framework-module -Werror\=non-modular-include-in-framework-module -Wno-trigraphs -Wno-missing-field-initializers -Wno-missing-prototypes -Wno-return-type -Wno-implicit-atomic-properties -Wno-objc-interface-ivars -Wno-arc-repeated-use-of-weak -Wno-missing-braces -Wparentheses -Wswitch -Wno-unused-function -Wno-unused-label -Wno-unused-parameter -Wno-unused-variable -Wunused-value -Wno-empty-body -Wno-uninitialized -Wno-unknown-pragmas -w -Wno-shadow -Wno-four-char-constants -Wno-conversion -Wno-constant-conversion -Wno-int-conversion -Wno-bool-conversion -Wno-enum-conversion -Wno-float-conversion -Wno-non-literal-null-conversion -Wno-objc-literal-conversion -Wshorten-64-to-32 -Wpointer-sign -Wno-newline-eof -Wno-selector -Wno-strict-selector-match -Wno-undeclared-selector -Wno-deprecated-implementations -Wno-implicit-fallthrough -isysroot /Applications/Xcode.app/Contents/Developer/Platforms/iPhoneSimulator.platform/Developer/SDKs/iPhoneSimulator26.4.sdk -fstrict-aliasing -Wprotocol -Wdeprecated-declarations -Wno-sign-conversion -Wno-infinite-recursion -Wno-comma -Wno-block-capture-autoreleasing -Wno-strict-prototypes -Wno-semicolon-before-method-body -index-store-path /Users/aadityasingh/Library/Developer/Xcode/DerivedData/Chatlio-erkyzdeecsohoaggpwbjdvavzqfv/Index.noindex/DataStore @/Users/aadityasingh/Library/Developer/Xcode/DerivedData/Chatlio-erkyzdeecsohoaggpwbjdvavzqfv/Build/Intermediates.noindex/DTFoundation.build/Debug-iphonesimulator/DTFoundation.build/Objects-normal/arm64/e6072d4f65d7061329687fe24e3d63a7-common-args.resp -MMD -MT dependencies -MF /Users/aadityasingh/Library/Developer/Xcode/DerivedData/Chatlio-erkyzdeecsohoaggpwbjdvavzqfv/Build/Intermediates.noindex/DTFoundation.build/Debug-iphonesimulator/DTFoundation.build/Objects-normal/arm64/DTBlockFunctions.d --serialize-diagnostics /Users/aadityasingh/Library/Developer/Xcode/DerivedData/Chatlio-erkyzdeecsohoaggpwbjdvavzqfv/Build/Intermediates.noindex/DTFoundation.build/Debug-iphonesimulator/DTFoundation.build/Objects-normal/arm64/DTBlockFunctions.dia -c /Users/aadityasingh/Library/Developer/Xcode/DerivedData/Chatlio-erkyzdeecsohoaggpwbjdvavzqfv/SourcePackages/checkouts/DTFoundation/Core/Source/DTBlockFunctions.m -o /Users/aadityasingh/Library/Developer/Xcode/DerivedData/Chatlio-erkyzdeecsohoaggpwbjdvavzqfv/Build/Intermediates.noindex/DTFoundation.build/Debug-iphonesimulator/DTFoundation.build/Objects-normal/arm64/DTBlockFunctions.o -index-unit-output-path /DTFoundation.build/Debug-iphonesimulator/DTFoundation.build/Objects-normal/arm64/DTBlockFunctions.o

CompileC /Users/aadityasingh/Library/Developer/Xcode/DerivedData/Chatlio-erkyzdeecsohoaggpwbjdvavzqfv/Build/Intermediates.noindex/DTFoundation.build/Debug-iphonesimulator/DTFoundation.build/Objects-normal/arm64/DTBase64Coding.o /Users/aadityasingh/Library/Developer/Xcode/DerivedData/Chatlio-erkyzdeecsohoaggpwbjdvavzqfv/SourcePackages/checkouts/DTFoundation/Core/Source/DTBase64Coding.m normal arm64 objective-c com.apple.compilers.llvm.clang.1_0.compiler (in target 'DTFoundation' from project 'DTFoundation')
    cd /Users/aadityasingh/Documents/Development/element-x-ios/Chatlio.xcodeproj
    
    Using response file: /Users/aadityasingh/Library/Developer/Xcode/DerivedData/Chatlio-erkyzdeecsohoaggpwbjdvavzqfv/Build/Intermediates.noindex/DTFoundation.build/Debug-iphonesimulator/DTFoundation.build/Objects-normal/arm64/e6072d4f65d7061329687fe24e3d63a7-common-args.resp
    
    /Applications/Xcode.app/Contents/Developer/Toolchains/XcodeDefault.xctoolchain/usr/bin/clang -x objective-c -ivfsstatcache /Users/aadityasingh/Library/Developer/Xcode/DerivedData/SDKStatCaches.noindex/iphonesimulator26.4-23E252-686eebb5dc1d8ecb277353a59184f4aa.sdkstatcache -target arm64-apple-ios12.0-simulator -fmessage-length\=0 -fdiagnostics-show-note-include-stack -fmacro-backtrace-limit\=0 -fno-color-diagnostics -fmodules-prune-interval\=86400 -fmodules-prune-after\=345600 -fbuild-session-file\=/Users/aadityasingh/Library/Developer/Xcode/DerivedData/ModuleCache.noindex/Session.modulevalidation -fmodules-validate-once-per-build-session -Wnon-modular-include-in-framework-module -Werror\=non-modular-include-in-framework-module -Wno-trigraphs -Wno-missing-field-initializers -Wno-missing-prototypes -Wno-return-type -Wno-implicit-atomic-properties -Wno-objc-interface-ivars -Wno-arc-repeated-use-of-weak -Wno-missing-braces -Wparentheses -Wswitch -Wno-unused-function -Wno-unused-label -Wno-unused-parameter -Wno-unused-variable -Wunused-value -Wno-empty-body -Wno-uninitialized -Wno-unknown-pragmas -w -Wno-shadow -Wno-four-char-constants -Wno-conversion -Wno-constant-conversion -Wno-int-conversion -Wno-bool-conversion -Wno-enum-conversion -Wno-float-conversion -Wno-non-literal-null-conversion -Wno-objc-literal-conversion -Wshorten-64-to-32 -Wpointer-sign -Wno-newline-eof -Wno-selector -Wno-strict-selector-match -Wno-undeclared-selector -Wno-deprecated-implementations -Wno-implicit-fallthrough -isysroot /Applications/Xcode.app/Contents/Developer/Platforms/iPhoneSimulator.platform/Developer/SDKs/iPhoneSimulator26.4.sdk -fstrict-aliasing -Wprotocol -Wdeprecated-declarations -Wno-sign-conversion -Wno-infinite-recursion -Wno-comma -Wno-block-capture-autoreleasing -Wno-strict-prototypes -Wno-semicolon-before-method-body -index-store-path /Users/aadityasingh/Library/Developer/Xcode/DerivedData/Chatlio-erkyzdeecsohoaggpwbjdvavzqfv/Index.noindex/DataStore @/Users/aadityasingh/Library/Developer/Xcode/DerivedData/Chatlio-erkyzdeecsohoaggpwbjdvavzqfv/Build/Intermediates.noindex/DTFoundation.build/Debug-iphonesimulator/DTFoundation.build/Objects-normal/arm64/e6072d4f65d7061329687fe24e3d63a7-common-args.resp -MMD -MT dependencies -MF /Users/aadityasingh/Library/Developer/Xcode/DerivedData/Chatlio-erkyzdeecsohoaggpwbjdvavzqfv/Build/Intermediates.noindex/DTFoundation.build/Debug-iphonesimulator/DTFoundation.build/Objects-normal/arm64/DTBase64Coding.d --serialize-diagnostics /Users/aadityasingh/Library/Developer/Xcode/DerivedData/Chatlio-erkyzdeecsohoaggpwbjdvavzqfv/Build/Intermediates.noindex/DTFoundation.build/Debug-iphonesimulator/DTFoundation.build/Objects-normal/arm64/DTBase64Coding.dia -c /Users/aadityasingh/Library/Developer/Xcode/DerivedData/Chatlio-erkyzdeecsohoaggpwbjdvavzqfv/SourcePackages/checkouts/DTFoundation/Core/Source/DTBase64Coding.m -o /Users/aadityasingh/Library/Developer/Xcode/DerivedData/Chatlio-erkyzdeecsohoaggpwbjdvavzqfv/Build/Intermediates.noindex/DTFoundation.build/Debug-iphonesimulator/DTFoundation.build/Objects-normal/arm64/DTBase64Coding.o -index-unit-output-path /DTFoundation.build/Debug-iphonesimulator/DTFoundation.build/Objects-normal/arm64/DTBase64Coding.o

CompileC /Users/aadityasingh/Library/Developer/Xcode/DerivedData/Chatlio-erkyzdeecsohoaggpwbjdvavzqfv/Build/Intermediates.noindex/DTFoundation.build/Debug-iphonesimulator/DTFoundation.build/Objects-normal/arm64/DTAlertView.o /Users/aadityasingh/Library/Developer/Xcode/DerivedData/Chatlio-erkyzdeecsohoaggpwbjdvavzqfv/SourcePackages/checkouts/DTFoundation/Core/Source/iOS/BlocksAdditions/DTAlertView.m normal arm64 objective-c com.apple.compilers.llvm.clang.1_0.compiler (in target 'DTFoundation' from project 'DTFoundation')
    cd /Users/aadityasingh/Documents/Development/element-x-ios/Chatlio.xcodeproj
    
    Using response file: /Users/aadityasingh/Library/Developer/Xcode/DerivedData/Chatlio-erkyzdeecsohoaggpwbjdvavzqfv/Build/Intermediates.noindex/DTFoundation.build/Debug-iphonesimulator/DTFoundation.build/Objects-normal/arm64/e6072d4f65d7061329687fe24e3d63a7-common-args.resp
    
    /Applications/Xcode.app/Contents/Developer/Toolchains/XcodeDefault.xctoolchain/usr/bin/clang -x objective-c -ivfsstatcache /Users/aadityasingh/Library/Developer/Xcode/DerivedData/SDKStatCaches.noindex/iphonesimulator26.4-23E252-686eebb5dc1d8ecb277353a59184f4aa.sdkstatcache -target arm64-apple-ios12.0-simulator -fmessage-length\=0 -fdiagnostics-show-note-include-stack -fmacro-backtrace-limit\=0 -fno-color-diagnostics -fmodules-prune-interval\=86400 -fmodules-prune-after\=345600 -fbuild-session-file\=/Users/aadityasingh/Library/Developer/Xcode/DerivedData/ModuleCache.noindex/Session.modulevalidation -fmodules-validate-once-per-build-session -Wnon-modular-include-in-framework-module -Werror\=non-modular-include-in-framework-module -Wno-trigraphs -Wno-missing-field-initializers -Wno-missing-prototypes -Wno-return-type -Wno-implicit-atomic-properties -Wno-objc-interface-ivars -Wno-arc-repeated-use-of-weak -Wno-missing-braces -Wparentheses -Wswitch -Wno-unused-function -Wno-unused-label -Wno-unused-parameter -Wno-unused-variable -Wunused-value -Wno-empty-body -Wno-uninitialized -Wno-unknown-pragmas -w -Wno-shadow -Wno-four-char-constants -Wno-conversion -Wno-constant-conversion -Wno-int-conversion -Wno-bool-conversion -Wno-enum-conversion -Wno-float-conversion -Wno-non-literal-null-conversion -Wno-objc-literal-conversion -Wshorten-64-to-32 -Wpointer-sign -Wno-newline-eof -Wno-selector -Wno-strict-selector-match -Wno-undeclared-selector -Wno-deprecated-implementations -Wno-implicit-fallthrough -isysroot /Applications/Xcode.app/Contents/Developer/Platforms/iPhoneSimulator.platform/Developer/SDKs/iPhoneSimulator26.4.sdk -fstrict-aliasing -Wprotocol -Wdeprecated-declarations -Wno-sign-conversion -Wno-infinite-recursion -Wno-comma -Wno-block-capture-autoreleasing -Wno-strict-prototypes -Wno-semicolon-before-method-body -index-store-path /Users/aadityasingh/Library/Developer/Xcode/DerivedData/Chatlio-erkyzdeecsohoaggpwbjdvavzqfv/Index.noindex/DataStore @/Users/aadityasingh/Library/Developer/Xcode/DerivedData/Chatlio-erkyzdeecsohoaggpwbjdvavzqfv/Build/Intermediates.noindex/DTFoundation.build/Debug-iphonesimulator/DTFoundation.build/Objects-normal/arm64/e6072d4f65d7061329687fe24e3d63a7-common-args.resp -MMD -MT dependencies -MF /Users/aadityasingh/Library/Developer/Xcode/DerivedData/Chatlio-erkyzdeecsohoaggpwbjdvavzqfv/Build/Intermediates.noindex/DTFoundation.build/Debug-iphonesimulator/DTFoundation.build/Objects-normal/arm64/DTAlertView.d --serialize-diagnostics /Users/aadityasingh/Library/Developer/Xcode/DerivedData/Chatlio-erkyzdeecsohoaggpwbjdvavzqfv/Build/Intermediates.noindex/DTFoundation.build/Debug-iphonesimulator/DTFoundation.build/Objects-normal/arm64/DTAlertView.dia -c /Users/aadityasingh/Library/Developer/Xcode/DerivedData/Chatlio-erkyzdeecsohoaggpwbjdvavzqfv/SourcePackages/checkouts/DTFoundation/Core/Source/iOS/BlocksAdditions/DTAlertView.m -o /Users/aadityasingh/Library/Developer/Xcode/DerivedData/Chatlio-erkyzdeecsohoaggpwbjdvavzqfv/Build/Intermediates.noindex/DTFoundation.build/Debug-iphonesimulator/DTFoundation.build/Objects-normal/arm64/DTAlertView.o -index-unit-output-path /DTFoundation.build/Debug-iphonesimulator/DTFoundation.build/Objects-normal/arm64/DTAlertView.o

CompileC /Users/aadityasingh/Library/Developer/Xcode/DerivedData/Chatlio-erkyzdeecsohoaggpwbjdvavzqfv/Build/Intermediates.noindex/DTFoundation.build/Debug-iphonesimulator/DTFoundation.build/Objects-normal/arm64/DTASN1Serialization.o /Users/aadityasingh/Library/Developer/Xcode/DerivedData/Chatlio-erkyzdeecsohoaggpwbjdvavzqfv/SourcePackages/checkouts/DTFoundation/Core/Source/DTASN1/DTASN1Serialization.m normal arm64 objective-c com.apple.compilers.llvm.clang.1_0.compiler (in target 'DTFoundation' from project 'DTFoundation')
    cd /Users/aadityasingh/Documents/Development/element-x-ios/Chatlio.xcodeproj
    
    Using response file: /Users/aadityasingh/Library/Developer/Xcode/DerivedData/Chatlio-erkyzdeecsohoaggpwbjdvavzqfv/Build/Intermediates.noindex/DTFoundation.build/Debug-iphonesimulator/DTFoundation.build/Objects-normal/arm64/e6072d4f65d7061329687fe24e3d63a7-common-args.resp
    
    /Applications/Xcode.app/Contents/Developer/Toolchains/XcodeDefault.xctoolchain/usr/bin/clang -x objective-c -ivfsstatcache /Users/aadityasingh/Library/Developer/Xcode/DerivedData/SDKStatCaches.noindex/iphonesimulator26.4-23E252-686eebb5dc1d8ecb277353a59184f4aa.sdkstatcache -target arm64-apple-ios12.0-simulator -fmessage-length\=0 -fdiagnostics-show-note-include-stack -fmacro-backtrace-limit\=0 -fno-color-diagnostics -fmodules-prune-interval\=86400 -fmodules-prune-after\=345600 -fbuild-session-file\=/Users/aadityasingh/Library/Developer/Xcode/DerivedData/ModuleCache.noindex/Session.modulevalidation -fmodules-validate-once-per-build-session -Wnon-modular-include-in-framework-module -Werror\=non-modular-include-in-framework-module -Wno-trigraphs -Wno-missing-field-initializers -Wno-missing-prototypes -Wno-return-type -Wno-implicit-atomic-properties -Wno-objc-interface-ivars -Wno-arc-repeated-use-of-weak -Wno-missing-braces -Wparentheses -Wswitch -Wno-unused-function -Wno-unused-label -Wno-unused-parameter -Wno-unused-variable -Wunused-value -Wno-empty-body -Wno-uninitialized -Wno-unknown-pragmas -w -Wno-shadow -Wno-four-char-constants -Wno-conversion -Wno-constant-conversion -Wno-int-conversion -Wno-bool-conversion -Wno-enum-conversion -Wno-float-conversion -Wno-non-literal-null-conversion -Wno-objc-literal-conversion -Wshorten-64-to-32 -Wpointer-sign -Wno-newline-eof -Wno-selector -Wno-strict-selector-match -Wno-undeclared-selector -Wno-deprecated-implementations -Wno-implicit-fallthrough -isysroot /Applications/Xcode.app/Contents/Developer/Platforms/iPhoneSimulator.platform/Developer/SDKs/iPhoneSimulator26.4.sdk -fstrict-aliasing -Wprotocol -Wdeprecated-declarations -Wno-sign-conversion -Wno-infinite-recursion -Wno-comma -Wno-block-capture-autoreleasing -Wno-strict-prototypes -Wno-semicolon-before-method-body -index-store-path /Users/aadityasingh/Library/Developer/Xcode/DerivedData/Chatlio-erkyzdeecsohoaggpwbjdvavzqfv/Index.noindex/DataStore @/Users/aadityasingh/Library/Developer/Xcode/DerivedData/Chatlio-erkyzdeecsohoaggpwbjdvavzqfv/Build/Intermediates.noindex/DTFoundation.build/Debug-iphonesimulator/DTFoundation.build/Objects-normal/arm64/e6072d4f65d7061329687fe24e3d63a7-common-args.resp -MMD -MT dependencies -MF /Users/aadityasingh/Library/Developer/Xcode/DerivedData/Chatlio-erkyzdeecsohoaggpwbjdvavzqfv/Build/Intermediates.noindex/DTFoundation.build/Debug-iphonesimulator/DTFoundation.build/Objects-normal/arm64/DTASN1Serialization.d --serialize-diagnostics /Users/aadityasingh/Library/Developer/Xcode/DerivedData/Chatlio-erkyzdeecsohoaggpwbjdvavzqfv/Build/Intermediates.noindex/DTFoundation.build/Debug-iphonesimulator/DTFoundation.build/Objects-normal/arm64/DTASN1Serialization.dia -c /Users/aadityasingh/Library/Developer/Xcode/DerivedData/Chatlio-erkyzdeecsohoaggpwbjdvavzqfv/SourcePackages/checkouts/DTFoundation/Core/Source/DTASN1/DTASN1Serialization.m -o /Users/aadityasingh/Library/Developer/Xcode/DerivedData/Chatlio-erkyzdeecsohoaggpwbjdvavzqfv/Build/Intermediates.noindex/DTFoundation.build/Debug-iphonesimulator/DTFoundation.build/Objects-normal/arm64/DTASN1Serialization.o -index-unit-output-path /DTFoundation.build/Debug-iphonesimulator/DTFoundation.build/Objects-normal/arm64/DTASN1Serialization.o

Ld /Users/aadityasingh/Library/Developer/Xcode/DerivedData/Chatlio-erkyzdeecsohoaggpwbjdvavzqfv/Build/Intermediates.noindex/DTFoundation.build/Debug-iphonesimulator/DTFoundation.build/Objects-normal/x86_64/Binary/DTFoundation.o normal x86_64 (in target 'DTFoundation' from project 'DTFoundation')
    cd /Users/aadityasingh/Library/Developer/Xcode/DerivedData/Chatlio-erkyzdeecsohoaggpwbjdvavzqfv/SourcePackages/checkouts/DTFoundation
    /Applications/Xcode.app/Contents/Developer/Toolchains/XcodeDefault.xctoolchain/usr/bin/clang -Xlinker -reproducible -target x86_64-apple-ios12.0-simulator -r -isysroot /Applications/Xcode.app/Contents/Developer/Platforms/iPhoneSimulator.platform/Developer/SDKs/iPhoneSimulator26.4.sdk -O0 -w -F/Users/aadityasingh/Library/Developer/Xcode/DerivedData/Chatlio-erkyzdeecsohoaggpwbjdvavzqfv/Build/Intermediates.noindex/EagerLinkingTBDs/Debug-iphonesimulator -F/Users/aadityasingh/Library/Developer/Xcode/DerivedData/Chatlio-erkyzdeecsohoaggpwbjdvavzqfv/Build/Products/Debug-iphonesimulator -iframework /Applications/Xcode.app/Contents/Developer/Platforms/iPhoneSimulator.platform/Developer/Library/Frameworks -iframework /Applications/Xcode.app/Contents/Developer/Platforms/iPhoneSimulator.platform/Developer/SDKs/iPhoneSimulator26.4.sdk/Developer/Library/Frameworks -filelist /Users/aadityasingh/Library/Developer/Xcode/DerivedData/Chatlio-erkyzdeecsohoaggpwbjdvavzqfv/Build/Intermediates.noindex/DTFoundation.build/Debug-iphonesimulator/DTFoundation.build/Objects-normal/x86_64/DTFoundation.LinkFileList -nostdlib -Xlinker -object_path_lto -Xlinker /Users/aadityasingh/Library/Developer/Xcode/DerivedData/Chatlio-erkyzdeecsohoaggpwbjdvavzqfv/Build/Intermediates.noindex/DTFoundation.build/Debug-iphonesimulator/DTFoundation.build/Objects-normal/x86_64/DTFoundation_lto.o -Xlinker -no_deduplicate -Xlinker -objc_abi_version -Xlinker 2 -Xlinker -debug_variant -Xlinker -dependency_info -Xlinker /Users/aadityasingh/Library/Developer/Xcode/DerivedData/Chatlio-erkyzdeecsohoaggpwbjdvavzqfv/Build/Intermediates.noindex/DTFoundation.build/Debug-iphonesimulator/DTFoundation.build/Objects-normal/x86_64/DTFoundation_dependency_info.dat -fobjc-arc -fobjc-link-runtime -o /Users/aadityasingh/Library/Developer/Xcode/DerivedData/Chatlio-erkyzdeecsohoaggpwbjdvavzqfv/Build/Intermediates.noindex/DTFoundation.build/Debug-iphonesimulator/DTFoundation.build/Objects-normal/x86_64/Binary/DTFoundation.o

CompileC /Users/aadityasingh/Library/Developer/Xcode/DerivedData/Chatlio-erkyzdeecsohoaggpwbjdvavzqfv/Build/Intermediates.noindex/DTFoundation.build/Debug-iphonesimulator/DTFoundation.build/Objects-normal/arm64/DTASN1Parser.o /Users/aadityasingh/Library/Developer/Xcode/DerivedData/Chatlio-erkyzdeecsohoaggpwbjdvavzqfv/SourcePackages/checkouts/DTFoundation/Core/Source/DTASN1/DTASN1Parser.m normal arm64 objective-c com.apple.compilers.llvm.clang.1_0.compiler (in target 'DTFoundation' from project 'DTFoundation')
    cd /Users/aadityasingh/Documents/Development/element-x-ios/Chatlio.xcodeproj
    
    Using response file: /Users/aadityasingh/Library/Developer/Xcode/DerivedData/Chatlio-erkyzdeecsohoaggpwbjdvavzqfv/Build/Intermediates.noindex/DTFoundation.build/Debug-iphonesimulator/DTFoundation.build/Objects-normal/arm64/e6072d4f65d7061329687fe24e3d63a7-common-args.resp
    
    /Applications/Xcode.app/Contents/Developer/Toolchains/XcodeDefault.xctoolchain/usr/bin/clang -x objective-c -ivfsstatcache /Users/aadityasingh/Library/Developer/Xcode/DerivedData/SDKStatCaches.noindex/iphonesimulator26.4-23E252-686eebb5dc1d8ecb277353a59184f4aa.sdkstatcache -target arm64-apple-ios12.0-simulator -fmessage-length\=0 -fdiagnostics-show-note-include-stack -fmacro-backtrace-limit\=0 -fno-color-diagnostics -fmodules-prune-interval\=86400 -fmodules-prune-after\=345600 -fbuild-session-file\=/Users/aadityasingh/Library/Developer/Xcode/DerivedData/ModuleCache.noindex/Session.modulevalidation -fmodules-validate-once-per-build-session -Wnon-modular-include-in-framework-module -Werror\=non-modular-include-in-framework-module -Wno-trigraphs -Wno-missing-field-initializers -Wno-missing-prototypes -Wno-return-type -Wno-implicit-atomic-properties -Wno-objc-interface-ivars -Wno-arc-repeated-use-of-weak -Wno-missing-braces -Wparentheses -Wswitch -Wno-unused-function -Wno-unused-label -Wno-unused-parameter -Wno-unused-variable -Wunused-value -Wno-empty-body -Wno-uninitialized -Wno-unknown-pragmas -w -Wno-shadow -Wno-four-char-constants -Wno-conversion -Wno-constant-conversion -Wno-int-conversion -Wno-bool-conversion -Wno-enum-conversion -Wno-float-conversion -Wno-non-literal-null-conversion -Wno-objc-literal-conversion -Wshorten-64-to-32 -Wpointer-sign -Wno-newline-eof -Wno-selector -Wno-strict-selector-match -Wno-undeclared-selector -Wno-deprecated-implementations -Wno-implicit-fallthrough -isysroot /Applications/Xcode.app/Contents/Developer/Platforms/iPhoneSimulator.platform/Developer/SDKs/iPhoneSimulator26.4.sdk -fstrict-aliasing -Wprotocol -Wdeprecated-declarations -Wno-sign-conversion -Wno-infinite-recursion -Wno-comma -Wno-block-capture-autoreleasing -Wno-strict-prototypes -Wno-semicolon-before-method-body -index-store-path /Users/aadityasingh/Library/Developer/Xcode/DerivedData/Chatlio-erkyzdeecsohoaggpwbjdvavzqfv/Index.noindex/DataStore @/Users/aadityasingh/Library/Developer/Xcode/DerivedData/Chatlio-erkyzdeecsohoaggpwbjdvavzqfv/Build/Intermediates.noindex/DTFoundation.build/Debug-iphonesimulator/DTFoundation.build/Objects-normal/arm64/e6072d4f65d7061329687fe24e3d63a7-common-args.resp -MMD -MT dependencies -MF /Users/aadityasingh/Library/Developer/Xcode/DerivedData/Chatlio-erkyzdeecsohoaggpwbjdvavzqfv/Build/Intermediates.noindex/DTFoundation.build/Debug-iphonesimulator/DTFoundation.build/Objects-normal/arm64/DTASN1Parser.d --serialize-diagnostics /Users/aadityasingh/Library/Developer/Xcode/DerivedData/Chatlio-erkyzdeecsohoaggpwbjdvavzqfv/Build/Intermediates.noindex/DTFoundation.build/Debug-iphonesimulator/DTFoundation.build/Objects-normal/arm64/DTASN1Parser.dia -c /Users/aadityasingh/Library/Developer/Xcode/DerivedData/Chatlio-erkyzdeecsohoaggpwbjdvavzqfv/SourcePackages/checkouts/DTFoundation/Core/Source/DTASN1/DTASN1Parser.m -o /Users/aadityasingh/Library/Developer/Xcode/DerivedData/Chatlio-erkyzdeecsohoaggpwbjdvavzqfv/Build/Intermediates.noindex/DTFoundation.build/Debug-iphonesimulator/DTFoundation.build/Objects-normal/arm64/DTASN1Parser.o -index-unit-output-path /DTFoundation.build/Debug-iphonesimulator/DTFoundation.build/Objects-normal/arm64/DTASN1Parser.o

CompileC /Users/aadityasingh/Library/Developer/Xcode/DerivedData/Chatlio-erkyzdeecsohoaggpwbjdvavzqfv/Build/Intermediates.noindex/DTFoundation.build/Debug-iphonesimulator/DTFoundation.build/Objects-normal/arm64/DTASN1BitString.o /Users/aadityasingh/Library/Developer/Xcode/DerivedData/Chatlio-erkyzdeecsohoaggpwbjdvavzqfv/SourcePackages/checkouts/DTFoundation/Core/Source/DTASN1/DTASN1BitString.m normal arm64 objective-c com.apple.compilers.llvm.clang.1_0.compiler (in target 'DTFoundation' from project 'DTFoundation')
    cd /Users/aadityasingh/Documents/Development/element-x-ios/Chatlio.xcodeproj
    
    Using response file: /Users/aadityasingh/Library/Developer/Xcode/DerivedData/Chatlio-erkyzdeecsohoaggpwbjdvavzqfv/Build/Intermediates.noindex/DTFoundation.build/Debug-iphonesimulator/DTFoundation.build/Objects-normal/arm64/e6072d4f65d7061329687fe24e3d63a7-common-args.resp
    
    /Applications/Xcode.app/Contents/Developer/Toolchains/XcodeDefault.xctoolchain/usr/bin/clang -x objective-c -ivfsstatcache /Users/aadityasingh/Library/Developer/Xcode/DerivedData/SDKStatCaches.noindex/iphonesimulator26.4-23E252-686eebb5dc1d8ecb277353a59184f4aa.sdkstatcache -target arm64-apple-ios12.0-simulator -fmessage-length\=0 -fdiagnostics-show-note-include-stack -fmacro-backtrace-limit\=0 -fno-color-diagnostics -fmodules-prune-interval\=86400 -fmodules-prune-after\=345600 -fbuild-session-file\=/Users/aadityasingh/Library/Developer/Xcode/DerivedData/ModuleCache.noindex/Session.modulevalidation -fmodules-validate-once-per-build-session -Wnon-modular-include-in-framework-module -Werror\=non-modular-include-in-framework-module -Wno-trigraphs -Wno-missing-field-initializers -Wno-missing-prototypes -Wno-return-type -Wno-implicit-atomic-properties -Wno-objc-interface-ivars -Wno-arc-repeated-use-of-weak -Wno-missing-braces -Wparentheses -Wswitch -Wno-unused-function -Wno-unused-label -Wno-unused-parameter -Wno-unused-variable -Wunused-value -Wno-empty-body -Wno-uninitialized -Wno-unknown-pragmas -w -Wno-shadow -Wno-four-char-constants -Wno-conversion -Wno-constant-conversion -Wno-int-conversion -Wno-bool-conversion -Wno-enum-conversion -Wno-float-conversion -Wno-non-literal-null-conversion -Wno-objc-literal-conversion -Wshorten-64-to-32 -Wpointer-sign -Wno-newline-eof -Wno-selector -Wno-strict-selector-match -Wno-undeclared-selector -Wno-deprecated-implementations -Wno-implicit-fallthrough -isysroot /Applications/Xcode.app/Contents/Developer/Platforms/iPhoneSimulator.platform/Developer/SDKs/iPhoneSimulator26.4.sdk -fstrict-aliasing -Wprotocol -Wdeprecated-declarations -Wno-sign-conversion -Wno-infinite-recursion -Wno-comma -Wno-block-capture-autoreleasing -Wno-strict-prototypes -Wno-semicolon-before-method-body -index-store-path /Users/aadityasingh/Library/Developer/Xcode/DerivedData/Chatlio-erkyzdeecsohoaggpwbjdvavzqfv/Index.noindex/DataStore @/Users/aadityasingh/Library/Developer/Xcode/DerivedData/Chatlio-erkyzdeecsohoaggpwbjdvavzqfv/Build/Intermediates.noindex/DTFoundation.build/Debug-iphonesimulator/DTFoundation.build/Objects-normal/arm64/e6072d4f65d7061329687fe24e3d63a7-common-args.resp -MMD -MT dependencies -MF /Users/aadityasingh/Library/Developer/Xcode/DerivedData/Chatlio-erkyzdeecsohoaggpwbjdvavzqfv/Build/Intermediates.noindex/DTFoundation.build/Debug-iphonesimulator/DTFoundation.build/Objects-normal/arm64/DTASN1BitString.d --serialize-diagnostics /Users/aadityasingh/Library/Developer/Xcode/DerivedData/Chatlio-erkyzdeecsohoaggpwbjdvavzqfv/Build/Intermediates.noindex/DTFoundation.build/Debug-iphonesimulator/DTFoundation.build/Objects-normal/arm64/DTASN1BitString.dia -c /Users/aadityasingh/Library/Developer/Xcode/DerivedData/Chatlio-erkyzdeecsohoaggpwbjdvavzqfv/SourcePackages/checkouts/DTFoundation/Core/Source/DTASN1/DTASN1BitString.m -o /Users/aadityasingh/Library/Developer/Xcode/DerivedData/Chatlio-erkyzdeecsohoaggpwbjdvavzqfv/Build/Intermediates.noindex/DTFoundation.build/Debug-iphonesimulator/DTFoundation.build/Objects-normal/arm64/DTASN1BitString.o -index-unit-output-path /DTFoundation.build/Debug-iphonesimulator/DTFoundation.build/Objects-normal/arm64/DTASN1BitString.o

PrecompileModule /Users/aadityasingh/Library/Developer/Xcode/DerivedData/Chatlio-erkyzdeecsohoaggpwbjdvavzqfv/Build/Intermediates.noindex/ExplicitPrecompiledModules/IOSurface-28QQHSF13DTHGMRTNHW9R9N4M.scan
    cd /
    builtin-precompileModule /Users/aadityasingh/Library/Developer/Xcode/DerivedData/Chatlio-erkyzdeecsohoaggpwbjdvavzqfv/Build/Intermediates.noindex/ExplicitPrecompiledModules/IOSurface-28QQHSF13DTHGMRTNHW9R9N4M.scan

PrecompileModule /Users/aadityasingh/Library/Developer/Xcode/DerivedData/Chatlio-erkyzdeecsohoaggpwbjdvavzqfv/Build/Intermediates.noindex/ExplicitPrecompiledModules/OpenGLES-4SGLPOJ1QL4X3NZFE9FEBFQCD.scan
    cd /
    builtin-precompileModule /Users/aadityasingh/Library/Developer/Xcode/DerivedData/Chatlio-erkyzdeecsohoaggpwbjdvavzqfv/Build/Intermediates.noindex/ExplicitPrecompiledModules/OpenGLES-4SGLPOJ1QL4X3NZFE9FEBFQCD.scan

PrecompileModule /Users/aadityasingh/Library/Developer/Xcode/DerivedData/Chatlio-erkyzdeecsohoaggpwbjdvavzqfv/Build/Intermediates.noindex/ExplicitPrecompiledModules/Symbols-CR0HI8W8IPPBE84FTY3G04CHV.scan
    cd /
    builtin-precompileModule /Users/aadityasingh/Library/Developer/Xcode/DerivedData/Chatlio-erkyzdeecsohoaggpwbjdvavzqfv/Build/Intermediates.noindex/ExplicitPrecompiledModules/Symbols-CR0HI8W8IPPBE84FTY3G04CHV.scan

PrecompileModule /Users/aadityasingh/Library/Developer/Xcode/DerivedData/Chatlio-erkyzdeecsohoaggpwbjdvavzqfv/Build/Intermediates.noindex/ExplicitPrecompiledModules/Darwin-9ZOL3J4MSQSER697RIXBJH2WI.scan
    cd /
    builtin-precompileModule /Users/aadityasingh/Library/Developer/Xcode/DerivedData/Chatlio-erkyzdeecsohoaggpwbjdvavzqfv/Build/Intermediates.noindex/ExplicitPrecompiledModules/Darwin-9ZOL3J4MSQSER697RIXBJH2WI.scan

PrecompileModule /Users/aadityasingh/Library/Developer/Xcode/DerivedData/Chatlio-erkyzdeecsohoaggpwbjdvavzqfv/Build/Intermediates.noindex/ExplicitPrecompiledModules/UserNotifications-F35GY1FOMJERJVZ9QRURB2Q1I.scan
    cd /
    builtin-precompileModule /Users/aadityasingh/Library/Developer/Xcode/DerivedData/Chatlio-erkyzdeecsohoaggpwbjdvavzqfv/Build/Intermediates.noindex/ExplicitPrecompiledModules/UserNotifications-F35GY1FOMJERJVZ9QRURB2Q1I.scan

PrecompileModule /Users/aadityasingh/Library/Developer/Xcode/DerivedData/Chatlio-erkyzdeecsohoaggpwbjdvavzqfv/Build/Intermediates.noindex/ExplicitPrecompiledModules/_Builtin_inttypes-8HY6F180EUG44TUZJ7K5I4QC7.scan
    cd /
    builtin-precompileModule /Users/aadityasingh/Library/Developer/Xcode/DerivedData/Chatlio-erkyzdeecsohoaggpwbjdvavzqfv/Build/Intermediates.noindex/ExplicitPrecompiledModules/_Builtin_inttypes-8HY6F180EUG44TUZJ7K5I4QC7.scan

PrecompileModule /Users/aadityasingh/Library/Developer/Xcode/DerivedData/Chatlio-erkyzdeecsohoaggpwbjdvavzqfv/Build/Intermediates.noindex/ExplicitPrecompiledModules/UIUtilities-7K3JQX60OPRXPPM2H3WK63BTF.scan
    cd /
    builtin-precompileModule /Users/aadityasingh/Library/Developer/Xcode/DerivedData/Chatlio-erkyzdeecsohoaggpwbjdvavzqfv/Build/Intermediates.noindex/ExplicitPrecompiledModules/UIUtilities-7K3JQX60OPRXPPM2H3WK63BTF.scan

PrecompileModule /Users/aadityasingh/Library/Developer/Xcode/DerivedData/Chatlio-erkyzdeecsohoaggpwbjdvavzqfv/Build/Intermediates.noindex/ExplicitPrecompiledModules/FileProvider-C1UUUHBVN7X04Z7P4RWFU3P75.scan
    cd /
    builtin-precompileModule /Users/aadityasingh/Library/Developer/Xcode/DerivedData/Chatlio-erkyzdeecsohoaggpwbjdvavzqfv/Build/Intermediates.noindex/ExplicitPrecompiledModules/FileProvider-C1UUUHBVN7X04Z7P4RWFU3P75.scan

ScanDependencies /Users/aadityasingh/Library/Developer/Xcode/DerivedData/Chatlio-erkyzdeecsohoaggpwbjdvavzqfv/Build/Intermediates.noindex/DTCoreText.build/Debug-iphonesimulator/DTCoreText.build/Objects-normal/x86_64/DTCoreTextParagraphStyle.o /Users/aadityasingh/Library/Developer/Xcode/DerivedData/Chatlio-erkyzdeecsohoaggpwbjdvavzqfv/SourcePackages/checkouts/DTCoreText/Core/Source/DTCoreTextParagraphStyle.m normal x86_64 objective-c com.apple.compilers.llvm.clang.1_0.compiler (in target 'DTCoreText' from project 'DTCoreText')
    cd /Users/aadityasingh/Documents/Development/element-x-ios/Chatlio.xcodeproj
    
    Using response file: /Users/aadityasingh/Library/Developer/Xcode/DerivedData/Chatlio-erkyzdeecsohoaggpwbjdvavzqfv/Build/Intermediates.noindex/DTCoreText.build/Debug-iphonesimulator/DTCoreText.build/Objects-normal/x86_64/e6072d4f65d7061329687fe24e3d63a7-common-args.resp
    
    builtin-ScanDependencies -o /Users/aadityasingh/Library/Developer/Xcode/DerivedData/Chatlio-erkyzdeecsohoaggpwbjdvavzqfv/Build/Intermediates.noindex/DTCoreText.build/Debug-iphonesimulator/DTCoreText.build/Objects-normal/x86_64/DTCoreTextParagraphStyle.o.scan -- /Applications/Xcode.app/Contents/Developer/Toolchains/XcodeDefault.xctoolchain/usr/bin/clang -x objective-c -ivfsstatcache /Users/aadityasingh/Library/Developer/Xcode/DerivedData/SDKStatCaches.noindex/iphonesimulator26.4-23E252-686eebb5dc1d8ecb277353a59184f4aa.sdkstatcache -target x86_64-apple-ios12.0-simulator -fmessage-length\=0 -fdiagnostics-show-note-include-stack -fmacro-backtrace-limit\=0 -fno-color-diagnostics -fmodules-prune-interval\=86400 -fmodules-prune-after\=345600 -fbuild-session-file\=/Users/aadityasingh/Library/Developer/Xcode/DerivedData/ModuleCache.noindex/Session.modulevalidation -fmodules-validate-once-per-build-session -Wnon-modular-include-in-framework-module -Werror\=non-modular-include-in-framework-module -Wno-trigraphs -Wno-missing-field-initializers -Wno-missing-prototypes -Wno-return-type -Wno-implicit-atomic-properties -Wno-objc-interface-ivars -Wno-arc-repeated-use-of-weak -Wno-missing-braces -Wparentheses -Wswitch -Wno-unused-function -Wno-unused-label -Wno-unused-parameter -Wno-unused-variable -Wunused-value -Wno-empty-body -Wno-uninitialized -Wno-unknown-pragmas -w -Wno-shadow -Wno-four-char-constants -Wno-conversion -Wno-constant-conversion -Wno-int-conversion -Wno-bool-conversion -Wno-enum-conversion -Wno-float-conversion -Wno-non-literal-null-conversion -Wno-objc-literal-conversion -Wshorten-64-to-32 -Wpointer-sign -Wno-newline-eof -Wno-selector -Wno-strict-selector-match -Wno-undeclared-selector -Wno-deprecated-implementations -Wno-implicit-fallthrough -isysroot /Applications/Xcode.app/Contents/Developer/Platforms/iPhoneSimulator.platform/Developer/SDKs/iPhoneSimulator26.4.sdk -fstrict-aliasing -Wprotocol -Wdeprecated-declarations -Wno-sign-conversion -Wno-infinite-recursion -Wno-comma -Wno-block-capture-autoreleasing -Wno-strict-prototypes -Wno-semicolon-before-method-body -index-store-path /Users/aadityasingh/Library/Developer/Xcode/DerivedData/Chatlio-erkyzdeecsohoaggpwbjdvavzqfv/Index.noindex/DataStore @/Users/aadityasingh/Library/Developer/Xcode/DerivedData/Chatlio-erkyzdeecsohoaggpwbjdvavzqfv/Build/Intermediates.noindex/DTCoreText.build/Debug-iphonesimulator/DTCoreText.build/Objects-normal/x86_64/e6072d4f65d7061329687fe24e3d63a7-common-args.resp -include /Users/aadityasingh/Library/Developer/Xcode/DerivedData/Chatlio-erkyzdeecsohoaggpwbjdvavzqfv/Build/Intermediates.noindex/DTCoreText.build/Debug-iphonesimulator/DTCoreText.build/DerivedSources/resource_bundle_accessor.h -MMD -MT dependencies -MF /Users/aadityasingh/Library/Developer/Xcode/DerivedData/Chatlio-erkyzdeecsohoaggpwbjdvavzqfv/Build/Intermediates.noindex/DTCoreText.build/Debug-iphonesimulator/DTCoreText.build/Objects-normal/x86_64/DTCoreTextParagraphStyle.d --serialize-diagnostics /Users/aadityasingh/Library/Developer/Xcode/DerivedData/Chatlio-erkyzdeecsohoaggpwbjdvavzqfv/Build/Intermediates.noindex/DTCoreText.build/Debug-iphonesimulator/DTCoreText.build/Objects-normal/x86_64/DTCoreTextParagraphStyle.dia -c /Users/aadityasingh/Library/Developer/Xcode/DerivedData/Chatlio-erkyzdeecsohoaggpwbjdvavzqfv/SourcePackages/checkouts/DTCoreText/Core/Source/DTCoreTextParagraphStyle.m -o /Users/aadityasingh/Library/Developer/Xcode/DerivedData/Chatlio-erkyzdeecsohoaggpwbjdvavzqfv/Build/Intermediates.noindex/DTCoreText.build/Debug-iphonesimulator/DTCoreText.build/Objects-normal/x86_64/DTCoreTextParagraphStyle.o -index-unit-output-path /DTCoreText.build/Debug-iphonesimulator/DTCoreText.build/Objects-normal/x86_64/DTCoreTextParagraphStyle.o

ScanDependencies /Users/aadityasingh/Library/Developer/Xcode/DerivedData/Chatlio-erkyzdeecsohoaggpwbjdvavzqfv/Build/Intermediates.noindex/DTCoreText.build/Debug-iphonesimulator/DTCoreText.build/Objects-normal/x86_64/DTCoreTextLayouter.o /Users/aadityasingh/Library/Developer/Xcode/DerivedData/Chatlio-erkyzdeecsohoaggpwbjdvavzqfv/SourcePackages/checkouts/DTCoreText/Core/Source/DTCoreTextLayouter.m normal x86_64 objective-c com.apple.compilers.llvm.clang.1_0.compiler (in target 'DTCoreText' from project 'DTCoreText')
    cd /Users/aadityasingh/Documents/Development/element-x-ios/Chatlio.xcodeproj
    
    Using response file: /Users/aadityasingh/Library/Developer/Xcode/DerivedData/Chatlio-erkyzdeecsohoaggpwbjdvavzqfv/Build/Intermediates.noindex/DTCoreText.build/Debug-iphonesimulator/DTCoreText.build/Objects-normal/x86_64/e6072d4f65d7061329687fe24e3d63a7-common-args.resp
    
    builtin-ScanDependencies -o /Users/aadityasingh/Library/Developer/Xcode/DerivedData/Chatlio-erkyzdeecsohoaggpwbjdvavzqfv/Build/Intermediates.noindex/DTCoreText.build/Debug-iphonesimulator/DTCoreText.build/Objects-normal/x86_64/DTCoreTextLayouter.o.scan -- /Applications/Xcode.app/Contents/Developer/Toolchains/XcodeDefault.xctoolchain/usr/bin/clang -x objective-c -ivfsstatcache /Users/aadityasingh/Library/Developer/Xcode/DerivedData/SDKStatCaches.noindex/iphonesimulator26.4-23E252-686eebb5dc1d8ecb277353a59184f4aa.sdkstatcache -target x86_64-apple-ios12.0-simulator -fmessage-length\=0 -fdiagnostics-show-note-include-stack -fmacro-backtrace-limit\=0 -fno-color-diagnostics -fmodules-prune-interval\=86400 -fmodules-prune-after\=345600 -fbuild-session-file\=/Users/aadityasingh/Library/Developer/Xcode/DerivedData/ModuleCache.noindex/Session.modulevalidation -fmodules-validate-once-per-build-session -Wnon-modular-include-in-framework-module -Werror\=non-modular-include-in-framework-module -Wno-trigraphs -Wno-missing-field-initializers -Wno-missing-prototypes -Wno-return-type -Wno-implicit-atomic-properties -Wno-objc-interface-ivars -Wno-arc-repeated-use-of-weak -Wno-missing-braces -Wparentheses -Wswitch -Wno-unused-function -Wno-unused-label -Wno-unused-parameter -Wno-unused-variable -Wunused-value -Wno-empty-body -Wno-uninitialized -Wno-unknown-pragmas -w -Wno-shadow -Wno-four-char-constants -Wno-conversion -Wno-constant-conversion -Wno-int-conversion -Wno-bool-conversion -Wno-enum-conversion -Wno-float-conversion -Wno-non-literal-null-conversion -Wno-objc-literal-conversion -Wshorten-64-to-32 -Wpointer-sign -Wno-newline-eof -Wno-selector -Wno-strict-selector-match -Wno-undeclared-selector -Wno-deprecated-implementations -Wno-implicit-fallthrough -isysroot /Applications/Xcode.app/Contents/Developer/Platforms/iPhoneSimulator.platform/Developer/SDKs/iPhoneSimulator26.4.sdk -fstrict-aliasing -Wprotocol -Wdeprecated-declarations -Wno-sign-conversion -Wno-infinite-recursion -Wno-comma -Wno-block-capture-autoreleasing -Wno-strict-prototypes -Wno-semicolon-before-method-body -index-store-path /Users/aadityasingh/Library/Developer/Xcode/DerivedData/Chatlio-erkyzdeecsohoaggpwbjdvavzqfv/Index.noindex/DataStore @/Users/aadityasingh/Library/Developer/Xcode/DerivedData/Chatlio-erkyzdeecsohoaggpwbjdvavzqfv/Build/Intermediates.noindex/DTCoreText.build/Debug-iphonesimulator/DTCoreText.build/Objects-normal/x86_64/e6072d4f65d7061329687fe24e3d63a7-common-args.resp -include /Users/aadityasingh/Library/Developer/Xcode/DerivedData/Chatlio-erkyzdeecsohoaggpwbjdvavzqfv/Build/Intermediates.noindex/DTCoreText.build/Debug-iphonesimulator/DTCoreText.build/DerivedSources/resource_bundle_accessor.h -MMD -MT dependencies -MF /Users/aadityasingh/Library/Developer/Xcode/DerivedData/Chatlio-erkyzdeecsohoaggpwbjdvavzqfv/Build/Intermediates.noindex/DTCoreText.build/Debug-iphonesimulator/DTCoreText.build/Objects-normal/x86_64/DTCoreTextLayouter.d --serialize-diagnostics /Users/aadityasingh/Library/Developer/Xcode/DerivedData/Chatlio-erkyzdeecsohoaggpwbjdvavzqfv/Build/Intermediates.noindex/DTCoreText.build/Debug-iphonesimulator/DTCoreText.build/Objects-normal/x86_64/DTCoreTextLayouter.dia -c /Users/aadityasingh/Library/Developer/Xcode/DerivedData/Chatlio-erkyzdeecsohoaggpwbjdvavzqfv/SourcePackages/checkouts/DTCoreText/Core/Source/DTCoreTextLayouter.m -o /Users/aadityasingh/Library/Developer/Xcode/DerivedData/Chatlio-erkyzdeecsohoaggpwbjdvavzqfv/Build/Intermediates.noindex/DTCoreText.build/Debug-iphonesimulator/DTCoreText.build/Objects-normal/x86_64/DTCoreTextLayouter.o -index-unit-output-path /DTCoreText.build/Debug-iphonesimulator/DTCoreText.build/Objects-normal/x86_64/DTCoreTextLayouter.o

ScanDependencies /Users/aadityasingh/Library/Developer/Xcode/DerivedData/Chatlio-erkyzdeecsohoaggpwbjdvavzqfv/Build/Intermediates.noindex/DTCoreText.build/Debug-iphonesimulator/DTCoreText.build/Objects-normal/x86_64/DTCoreTextLayoutLine.o /Users/aadityasingh/Library/Developer/Xcode/DerivedData/Chatlio-erkyzdeecsohoaggpwbjdvavzqfv/SourcePackages/checkouts/DTCoreText/Core/Source/DTCoreTextLayoutLine.m normal x86_64 objective-c com.apple.compilers.llvm.clang.1_0.compiler (in target 'DTCoreText' from project 'DTCoreText')
    cd /Users/aadityasingh/Documents/Development/element-x-ios/Chatlio.xcodeproj
    
    Using response file: /Users/aadityasingh/Library/Developer/Xcode/DerivedData/Chatlio-erkyzdeecsohoaggpwbjdvavzqfv/Build/Intermediates.noindex/DTCoreText.build/Debug-iphonesimulator/DTCoreText.build/Objects-normal/x86_64/e6072d4f65d7061329687fe24e3d63a7-common-args.resp
    
    builtin-ScanDependencies -o /Users/aadityasingh/Library/Developer/Xcode/DerivedData/Chatlio-erkyzdeecsohoaggpwbjdvavzqfv/Build/Intermediates.noindex/DTCoreText.build/Debug-iphonesimulator/DTCoreText.build/Objects-normal/x86_64/DTCoreTextLayoutLine.o.scan -- /Applications/Xcode.app/Contents/Developer/Toolchains/XcodeDefault.xctoolchain/usr/bin/clang -x objective-c -ivfsstatcache /Users/aadityasingh/Library/Developer/Xcode/DerivedData/SDKStatCaches.noindex/iphonesimulator26.4-23E252-686eebb5dc1d8ecb277353a59184f4aa.sdkstatcache -target x86_64-apple-ios12.0-simulator -fmessage-length\=0 -fdiagnostics-show-note-include-stack -fmacro-backtrace-limit\=0 -fno-color-diagnostics -fmodules-prune-interval\=86400 -fmodules-prune-after\=345600 -fbuild-session-file\=/Users/aadityasingh/Library/Developer/Xcode/DerivedData/ModuleCache.noindex/Session.modulevalidation -fmodules-validate-once-per-build-session -Wnon-modular-include-in-framework-module -Werror\=non-modular-include-in-framework-module -Wno-trigraphs -Wno-missing-field-initializers -Wno-missing-prototypes -Wno-return-type -Wno-implicit-atomic-properties -Wno-objc-interface-ivars -Wno-arc-repeated-use-of-weak -Wno-missing-braces -Wparentheses -Wswitch -Wno-unused-function -Wno-unused-label -Wno-unused-parameter -Wno-unused-variable -Wunused-value -Wno-empty-body -Wno-uninitialized -Wno-unknown-pragmas -w -Wno-shadow -Wno-four-char-constants -Wno-conversion -Wno-constant-conversion -Wno-int-conversion -Wno-bool-conversion -Wno-enum-conversion -Wno-float-conversion -Wno-non-literal-null-conversion -Wno-objc-literal-conversion -Wshorten-64-to-32 -Wpointer-sign -Wno-newline-eof -Wno-selector -Wno-strict-selector-match -Wno-undeclared-selector -Wno-deprecated-implementations -Wno-implicit-fallthrough -isysroot /Applications/Xcode.app/Contents/Developer/Platforms/iPhoneSimulator.platform/Developer/SDKs/iPhoneSimulator26.4.sdk -fstrict-aliasing -Wprotocol -Wdeprecated-declarations -Wno-sign-conversion -Wno-infinite-recursion -Wno-comma -Wno-block-capture-autoreleasing -Wno-strict-prototypes -Wno-semicolon-before-method-body -index-store-path /Users/aadityasingh/Library/Developer/Xcode/DerivedData/Chatlio-erkyzdeecsohoaggpwbjdvavzqfv/Index.noindex/DataStore @/Users/aadityasingh/Library/Developer/Xcode/DerivedData/Chatlio-erkyzdeecsohoaggpwbjdvavzqfv/Build/Intermediates.noindex/DTCoreText.build/Debug-iphonesimulator/DTCoreText.build/Objects-normal/x86_64/e6072d4f65d7061329687fe24e3d63a7-common-args.resp -include /Users/aadityasingh/Library/Developer/Xcode/DerivedData/Chatlio-erkyzdeecsohoaggpwbjdvavzqfv/Build/Intermediates.noindex/DTCoreText.build/Debug-iphonesimulator/DTCoreText.build/DerivedSources/resource_bundle_accessor.h -MMD -MT dependencies -MF /Users/aadityasingh/Library/Developer/Xcode/DerivedData/Chatlio-erkyzdeecsohoaggpwbjdvavzqfv/Build/Intermediates.noindex/DTCoreText.build/Debug-iphonesimulator/DTCoreText.build/Objects-normal/x86_64/DTCoreTextLayoutLine.d --serialize-diagnostics /Users/aadityasingh/Library/Developer/Xcode/DerivedData/Chatlio-erkyzdeecsohoaggpwbjdvavzqfv/Build/Intermediates.noindex/DTCoreText.build/Debug-iphonesimulator/DTCoreText.build/Objects-normal/x86_64/DTCoreTextLayoutLine.dia -c /Users/aadityasingh/Library/Developer/Xcode/DerivedData/Chatlio-erkyzdeecsohoaggpwbjdvavzqfv/SourcePackages/checkouts/DTCoreText/Core/Source/DTCoreTextLayoutLine.m -o /Users/aadityasingh/Library/Developer/Xcode/DerivedData/Chatlio-erkyzdeecsohoaggpwbjdvavzqfv/Build/Intermediates.noindex/DTCoreText.build/Debug-iphonesimulator/DTCoreText.build/Objects-normal/x86_64/DTCoreTextLayoutLine.o -index-unit-output-path /DTCoreText.build/Debug-iphonesimulator/DTCoreText.build/Objects-normal/x86_64/DTCoreTextLayoutLine.o

PrecompileModule /Users/aadityasingh/Library/Developer/Xcode/DerivedData/Chatlio-erkyzdeecsohoaggpwbjdvavzqfv/Build/Intermediates.noindex/ExplicitPrecompiledModules/Darwin-6EONRO8H5O8ALXP0JVLKL8L00.scan
    cd /
    builtin-precompileModule /Users/aadityasingh/Library/Developer/Xcode/DerivedData/Chatlio-erkyzdeecsohoaggpwbjdvavzqfv/Build/Intermediates.noindex/ExplicitPrecompiledModules/Darwin-6EONRO8H5O8ALXP0JVLKL8L00.scan

PrecompileModule /Users/aadityasingh/Library/Developer/Xcode/DerivedData/Chatlio-erkyzdeecsohoaggpwbjdvavzqfv/Build/Intermediates.noindex/ExplicitPrecompiledModules/Metal-9B1SUV8UGKQBE7EK5YHN8VNZT.scan
    cd /
    builtin-precompileModule /Users/aadityasingh/Library/Developer/Xcode/DerivedData/Chatlio-erkyzdeecsohoaggpwbjdvavzqfv/Build/Intermediates.noindex/ExplicitPrecompiledModules/Metal-9B1SUV8UGKQBE7EK5YHN8VNZT.scan

ScanDependencies /Users/aadityasingh/Library/Developer/Xcode/DerivedData/Chatlio-erkyzdeecsohoaggpwbjdvavzqfv/Build/Intermediates.noindex/DTCoreText.build/Debug-iphonesimulator/DTCoreText.build/Objects-normal/x86_64/DTCoreTextLayoutFrameAccessibilityElementGenerator.o /Users/aadityasingh/Library/Developer/Xcode/DerivedData/Chatlio-erkyzdeecsohoaggpwbjdvavzqfv/SourcePackages/checkouts/DTCoreText/Core/Source/DTCoreTextLayoutFrameAccessibilityElementGenerator.m normal x86_64 objective-c com.apple.compilers.llvm.clang.1_0.compiler (in target 'DTCoreText' from project 'DTCoreText')
    cd /Users/aadityasingh/Documents/Development/element-x-ios/Chatlio.xcodeproj
    
    Using response file: /Users/aadityasingh/Library/Developer/Xcode/DerivedData/Chatlio-erkyzdeecsohoaggpwbjdvavzqfv/Build/Intermediates.noindex/DTCoreText.build/Debug-iphonesimulator/DTCoreText.build/Objects-normal/x86_64/e6072d4f65d7061329687fe24e3d63a7-common-args.resp
    
    builtin-ScanDependencies -o /Users/aadityasingh/Library/Developer/Xcode/DerivedData/Chatlio-erkyzdeecsohoaggpwbjdvavzqfv/Build/Intermediates.noindex/DTCoreText.build/Debug-iphonesimulator/DTCoreText.build/Objects-normal/x86_64/DTCoreTextLayoutFrameAccessibilityElementGenerator.o.scan -- /Applications/Xcode.app/Contents/Developer/Toolchains/XcodeDefault.xctoolchain/usr/bin/clang -x objective-c -ivfsstatcache /Users/aadityasingh/Library/Developer/Xcode/DerivedData/SDKStatCaches.noindex/iphonesimulator26.4-23E252-686eebb5dc1d8ecb277353a59184f4aa.sdkstatcache -target x86_64-apple-ios12.0-simulator -fmessage-length\=0 -fdiagnostics-show-note-include-stack -fmacro-backtrace-limit\=0 -fno-color-diagnostics -fmodules-prune-interval\=86400 -fmodules-prune-after\=345600 -fbuild-session-file\=/Users/aadityasingh/Library/Developer/Xcode/DerivedData/ModuleCache.noindex/Session.modulevalidation -fmodules-validate-once-per-build-session -Wnon-modular-include-in-framework-module -Werror\=non-modular-include-in-framework-module -Wno-trigraphs -Wno-missing-field-initializers -Wno-missing-prototypes -Wno-return-type -Wno-implicit-atomic-properties -Wno-objc-interface-ivars -Wno-arc-repeated-use-of-weak -Wno-missing-braces -Wparentheses -Wswitch -Wno-unused-function -Wno-unused-label -Wno-unused-parameter -Wno-unused-variable -Wunused-value -Wno-empty-body -Wno-uninitialized -Wno-unknown-pragmas -w -Wno-shadow -Wno-four-char-constants -Wno-conversion -Wno-constant-conversion -Wno-int-conversion -Wno-bool-conversion -Wno-enum-conversion -Wno-float-conversion -Wno-non-literal-null-conversion -Wno-objc-literal-conversion -Wshorten-64-to-32 -Wpointer-sign -Wno-newline-eof -Wno-selector -Wno-strict-selector-match -Wno-undeclared-selector -Wno-deprecated-implementations -Wno-implicit-fallthrough -isysroot /Applications/Xcode.app/Contents/Developer/Platforms/iPhoneSimulator.platform/Developer/SDKs/iPhoneSimulator26.4.sdk -fstrict-aliasing -Wprotocol -Wdeprecated-declarations -Wno-sign-conversion -Wno-infinite-recursion -Wno-comma -Wno-block-capture-autoreleasing -Wno-strict-prototypes -Wno-semicolon-before-method-body -index-store-path /Users/aadityasingh/Library/Developer/Xcode/DerivedData/Chatlio-erkyzdeecsohoaggpwbjdvavzqfv/Index.noindex/DataStore @/Users/aadityasingh/Library/Developer/Xcode/DerivedData/Chatlio-erkyzdeecsohoaggpwbjdvavzqfv/Build/Intermediates.noindex/DTCoreText.build/Debug-iphonesimulator/DTCoreText.build/Objects-normal/x86_64/e6072d4f65d7061329687fe24e3d63a7-common-args.resp -include /Users/aadityasingh/Library/Developer/Xcode/DerivedData/Chatlio-erkyzdeecsohoaggpwbjdvavzqfv/Build/Intermediates.noindex/DTCoreText.build/Debug-iphonesimulator/DTCoreText.build/DerivedSources/resource_bundle_accessor.h -MMD -MT dependencies -MF /Users/aadityasingh/Library/Developer/Xcode/DerivedData/Chatlio-erkyzdeecsohoaggpwbjdvavzqfv/Build/Intermediates.noindex/DTCoreText.build/Debug-iphonesimulator/DTCoreText.build/Objects-normal/x86_64/DTCoreTextLayoutFrameAccessibilityElementGenerator.d --serialize-diagnostics /Users/aadityasingh/Library/Developer/Xcode/DerivedData/Chatlio-erkyzdeecsohoaggpwbjdvavzqfv/Build/Intermediates.noindex/DTCoreText.build/Debug-iphonesimulator/DTCoreText.build/Objects-normal/x86_64/DTCoreTextLayoutFrameAccessibilityElementGenerator.dia -c /Users/aadityasingh/Library/Developer/Xcode/DerivedData/Chatlio-erkyzdeecsohoaggpwbjdvavzqfv/SourcePackages/checkouts/DTCoreText/Core/Source/DTCoreTextLayoutFrameAccessibilityElementGenerator.m -o /Users/aadityasingh/Library/Developer/Xcode/DerivedData/Chatlio-erkyzdeecsohoaggpwbjdvavzqfv/Build/Intermediates.noindex/DTCoreText.build/Debug-iphonesimulator/DTCoreText.build/Objects-normal/x86_64/DTCoreTextLayoutFrameAccessibilityElementGenerator.o -index-unit-output-path /DTCoreText.build/Debug-iphonesimulator/DTCoreText.build/Objects-normal/x86_64/DTCoreTextLayoutFrameAccessibilityElementGenerator.o

ScanDependencies /Users/aadityasingh/Library/Developer/Xcode/DerivedData/Chatlio-erkyzdeecsohoaggpwbjdvavzqfv/Build/Intermediates.noindex/DTCoreText.build/Debug-iphonesimulator/DTCoreText.build/Objects-normal/x86_64/DTCoreTextLayoutFrame.o /Users/aadityasingh/Library/Developer/Xcode/DerivedData/Chatlio-erkyzdeecsohoaggpwbjdvavzqfv/SourcePackages/checkouts/DTCoreText/Core/Source/DTCoreTextLayoutFrame.m normal x86_64 objective-c com.apple.compilers.llvm.clang.1_0.compiler (in target 'DTCoreText' from project 'DTCoreText')
    cd /Users/aadityasingh/Documents/Development/element-x-ios/Chatlio.xcodeproj
    
    Using response file: /Users/aadityasingh/Library/Developer/Xcode/DerivedData/Chatlio-erkyzdeecsohoaggpwbjdvavzqfv/Build/Intermediates.noindex/DTCoreText.build/Debug-iphonesimulator/DTCoreText.build/Objects-normal/x86_64/e6072d4f65d7061329687fe24e3d63a7-common-args.resp
    
    builtin-ScanDependencies -o /Users/aadityasingh/Library/Developer/Xcode/DerivedData/Chatlio-erkyzdeecsohoaggpwbjdvavzqfv/Build/Intermediates.noindex/DTCoreText.build/Debug-iphonesimulator/DTCoreText.build/Objects-normal/x86_64/DTCoreTextLayoutFrame.o.scan -- /Applications/Xcode.app/Contents/Developer/Toolchains/XcodeDefault.xctoolchain/usr/bin/clang -x objective-c -ivfsstatcache /Users/aadityasingh/Library/Developer/Xcode/DerivedData/SDKStatCaches.noindex/iphonesimulator26.4-23E252-686eebb5dc1d8ecb277353a59184f4aa.sdkstatcache -target x86_64-apple-ios12.0-simulator -fmessage-length\=0 -fdiagnostics-show-note-include-stack -fmacro-backtrace-limit\=0 -fno-color-diagnostics -fmodules-prune-interval\=86400 -fmodules-prune-after\=345600 -fbuild-session-file\=/Users/aadityasingh/Library/Developer/Xcode/DerivedData/ModuleCache.noindex/Session.modulevalidation -fmodules-validate-once-per-build-session -Wnon-modular-include-in-framework-module -Werror\=non-modular-include-in-framework-module -Wno-trigraphs -Wno-missing-field-initializers -Wno-missing-prototypes -Wno-return-type -Wno-implicit-atomic-properties -Wno-objc-interface-ivars -Wno-arc-repeated-use-of-weak -Wno-missing-braces -Wparentheses -Wswitch -Wno-unused-function -Wno-unused-label -Wno-unused-parameter -Wno-unused-variable -Wunused-value -Wno-empty-body -Wno-uninitialized -Wno-unknown-pragmas -w -Wno-shadow -Wno-four-char-constants -Wno-conversion -Wno-constant-conversion -Wno-int-conversion -Wno-bool-conversion -Wno-enum-conversion -Wno-float-conversion -Wno-non-literal-null-conversion -Wno-objc-literal-conversion -Wshorten-64-to-32 -Wpointer-sign -Wno-newline-eof -Wno-selector -Wno-strict-selector-match -Wno-undeclared-selector -Wno-deprecated-implementations -Wno-implicit-fallthrough -isysroot /Applications/Xcode.app/Contents/Developer/Platforms/iPhoneSimulator.platform/Developer/SDKs/iPhoneSimulator26.4.sdk -fstrict-aliasing -Wprotocol -Wdeprecated-declarations -Wno-sign-conversion -Wno-infinite-recursion -Wno-comma -Wno-block-capture-autoreleasing -Wno-strict-prototypes -Wno-semicolon-before-method-body -index-store-path /Users/aadityasingh/Library/Developer/Xcode/DerivedData/Chatlio-erkyzdeecsohoaggpwbjdvavzqfv/Index.noindex/DataStore @/Users/aadityasingh/Library/Developer/Xcode/DerivedData/Chatlio-erkyzdeecsohoaggpwbjdvavzqfv/Build/Intermediates.noindex/DTCoreText.build/Debug-iphonesimulator/DTCoreText.build/Objects-normal/x86_64/e6072d4f65d7061329687fe24e3d63a7-common-args.resp -include /Users/aadityasingh/Library/Developer/Xcode/DerivedData/Chatlio-erkyzdeecsohoaggpwbjdvavzqfv/Build/Intermediates.noindex/DTCoreText.build/Debug-iphonesimulator/DTCoreText.build/DerivedSources/resource_bundle_accessor.h -MMD -MT dependencies -MF /Users/aadityasingh/Library/Developer/Xcode/DerivedData/Chatlio-erkyzdeecsohoaggpwbjdvavzqfv/Build/Intermediates.noindex/DTCoreText.build/Debug-iphonesimulator/DTCoreText.build/Objects-normal/x86_64/DTCoreTextLayoutFrame.d --serialize-diagnostics /Users/aadityasingh/Library/Developer/Xcode/DerivedData/Chatlio-erkyzdeecsohoaggpwbjdvavzqfv/Build/Intermediates.noindex/DTCoreText.build/Debug-iphonesimulator/DTCoreText.build/Objects-normal/x86_64/DTCoreTextLayoutFrame.dia -c /Users/aadityasingh/Library/Developer/Xcode/DerivedData/Chatlio-erkyzdeecsohoaggpwbjdvavzqfv/SourcePackages/checkouts/DTCoreText/Core/Source/DTCoreTextLayoutFrame.m -o /Users/aadityasingh/Library/Developer/Xcode/DerivedData/Chatlio-erkyzdeecsohoaggpwbjdvavzqfv/Build/Intermediates.noindex/DTCoreText.build/Debug-iphonesimulator/DTCoreText.build/Objects-normal/x86_64/DTCoreTextLayoutFrame.o -index-unit-output-path /DTCoreText.build/Debug-iphonesimulator/DTCoreText.build/Objects-normal/x86_64/DTCoreTextLayoutFrame.o

ScanDependencies /Users/aadityasingh/Library/Developer/Xcode/DerivedData/Chatlio-erkyzdeecsohoaggpwbjdvavzqfv/Build/Intermediates.noindex/DTCoreText.build/Debug-iphonesimulator/DTCoreText.build/Objects-normal/x86_64/DTCoreTextLayoutFrame+Cursor.o /Users/aadityasingh/Library/Developer/Xcode/DerivedData/Chatlio-erkyzdeecsohoaggpwbjdvavzqfv/SourcePackages/checkouts/DTCoreText/Core/Source/DTCoreTextLayoutFrame+Cursor.m normal x86_64 objective-c com.apple.compilers.llvm.clang.1_0.compiler (in target 'DTCoreText' from project 'DTCoreText')
    cd /Users/aadityasingh/Documents/Development/element-x-ios/Chatlio.xcodeproj
    
    Using response file: /Users/aadityasingh/Library/Developer/Xcode/DerivedData/Chatlio-erkyzdeecsohoaggpwbjdvavzqfv/Build/Intermediates.noindex/DTCoreText.build/Debug-iphonesimulator/DTCoreText.build/Objects-normal/x86_64/e6072d4f65d7061329687fe24e3d63a7-common-args.resp
    
    builtin-ScanDependencies -o /Users/aadityasingh/Library/Developer/Xcode/DerivedData/Chatlio-erkyzdeecsohoaggpwbjdvavzqfv/Build/Intermediates.noindex/DTCoreText.build/Debug-iphonesimulator/DTCoreText.build/Objects-normal/x86_64/DTCoreTextLayoutFrame+Cursor.o.scan -- /Applications/Xcode.app/Contents/Developer/Toolchains/XcodeDefault.xctoolchain/usr/bin/clang -x objective-c -ivfsstatcache /Users/aadityasingh/Library/Developer/Xcode/DerivedData/SDKStatCaches.noindex/iphonesimulator26.4-23E252-686eebb5dc1d8ecb277353a59184f4aa.sdkstatcache -target x86_64-apple-ios12.0-simulator -fmessage-length\=0 -fdiagnostics-show-note-include-stack -fmacro-backtrace-limit\=0 -fno-color-diagnostics -fmodules-prune-interval\=86400 -fmodules-prune-after\=345600 -fbuild-session-file\=/Users/aadityasingh/Library/Developer/Xcode/DerivedData/ModuleCache.noindex/Session.modulevalidation -fmodules-validate-once-per-build-session -Wnon-modular-include-in-framework-module -Werror\=non-modular-include-in-framework-module -Wno-trigraphs -Wno-missing-field-initializers -Wno-missing-prototypes -Wno-return-type -Wno-implicit-atomic-properties -Wno-objc-interface-ivars -Wno-arc-repeated-use-of-weak -Wno-missing-braces -Wparentheses -Wswitch -Wno-unused-function -Wno-unused-label -Wno-unused-parameter -Wno-unused-variable -Wunused-value -Wno-empty-body -Wno-uninitialized -Wno-unknown-pragmas -w -Wno-shadow -Wno-four-char-constants -Wno-conversion -Wno-constant-conversion -Wno-int-conversion -Wno-bool-conversion -Wno-enum-conversion -Wno-float-conversion -Wno-non-literal-null-conversion -Wno-objc-literal-conversion -Wshorten-64-to-32 -Wpointer-sign -Wno-newline-eof -Wno-selector -Wno-strict-selector-match -Wno-undeclared-selector -Wno-deprecated-implementations -Wno-implicit-fallthrough -isysroot /Applications/Xcode.app/Contents/Developer/Platforms/iPhoneSimulator.platform/Developer/SDKs/iPhoneSimulator26.4.sdk -fstrict-aliasing -Wprotocol -Wdeprecated-declarations -Wno-sign-conversion -Wno-infinite-recursion -Wno-comma -Wno-block-capture-autoreleasing -Wno-strict-prototypes -Wno-semicolon-before-method-body -index-store-path /Users/aadityasingh/Library/Developer/Xcode/DerivedData/Chatlio-erkyzdeecsohoaggpwbjdvavzqfv/Index.noindex/DataStore @/Users/aadityasingh/Library/Developer/Xcode/DerivedData/Chatlio-erkyzdeecsohoaggpwbjdvavzqfv/Build/Intermediates.noindex/DTCoreText.build/Debug-iphonesimulator/DTCoreText.build/Objects-normal/x86_64/e6072d4f65d7061329687fe24e3d63a7-common-args.resp -include /Users/aadityasingh/Library/Developer/Xcode/DerivedData/Chatlio-erkyzdeecsohoaggpwbjdvavzqfv/Build/Intermediates.noindex/DTCoreText.build/Debug-iphonesimulator/DTCoreText.build/DerivedSources/resource_bundle_accessor.h -MMD -MT dependencies -MF /Users/aadityasingh/Library/Developer/Xcode/DerivedData/Chatlio-erkyzdeecsohoaggpwbjdvavzqfv/Build/Intermediates.noindex/DTCoreText.build/Debug-iphonesimulator/DTCoreText.build/Objects-normal/x86_64/DTCoreTextLayoutFrame+Cursor.d --serialize-diagnostics /Users/aadityasingh/Library/Developer/Xcode/DerivedData/Chatlio-erkyzdeecsohoaggpwbjdvavzqfv/Build/Intermediates.noindex/DTCoreText.build/Debug-iphonesimulator/DTCoreText.build/Objects-normal/x86_64/DTCoreTextLayoutFrame+Cursor.dia -c /Users/aadityasingh/Library/Developer/Xcode/DerivedData/Chatlio-erkyzdeecsohoaggpwbjdvavzqfv/SourcePackages/checkouts/DTCoreText/Core/Source/DTCoreTextLayoutFrame+Cursor.m -o /Users/aadityasingh/Library/Developer/Xcode/DerivedData/Chatlio-erkyzdeecsohoaggpwbjdvavzqfv/Build/Intermediates.noindex/DTCoreText.build/Debug-iphonesimulator/DTCoreText.build/Objects-normal/x86_64/DTCoreTextLayoutFrame+Cursor.o -index-unit-output-path /DTCoreText.build/Debug-iphonesimulator/DTCoreText.build/Objects-normal/x86_64/DTCoreTextLayoutFrame+Cursor.o

ScanDependencies /Users/aadityasingh/Library/Developer/Xcode/DerivedData/Chatlio-erkyzdeecsohoaggpwbjdvavzqfv/Build/Intermediates.noindex/DTCoreText.build/Debug-iphonesimulator/DTCoreText.build/Objects-normal/x86_64/DTCoreTextGlyphRun.o /Users/aadityasingh/Library/Developer/Xcode/DerivedData/Chatlio-erkyzdeecsohoaggpwbjdvavzqfv/SourcePackages/checkouts/DTCoreText/Core/Source/DTCoreTextGlyphRun.m normal x86_64 objective-c com.apple.compilers.llvm.clang.1_0.compiler (in target 'DTCoreText' from project 'DTCoreText')
    cd /Users/aadityasingh/Documents/Development/element-x-ios/Chatlio.xcodeproj
    
    Using response file: /Users/aadityasingh/Library/Developer/Xcode/DerivedData/Chatlio-erkyzdeecsohoaggpwbjdvavzqfv/Build/Intermediates.noindex/DTCoreText.build/Debug-iphonesimulator/DTCoreText.build/Objects-normal/x86_64/e6072d4f65d7061329687fe24e3d63a7-common-args.resp
    
    builtin-ScanDependencies -o /Users/aadityasingh/Library/Developer/Xcode/DerivedData/Chatlio-erkyzdeecsohoaggpwbjdvavzqfv/Build/Intermediates.noindex/DTCoreText.build/Debug-iphonesimulator/DTCoreText.build/Objects-normal/x86_64/DTCoreTextGlyphRun.o.scan -- /Applications/Xcode.app/Contents/Developer/Toolchains/XcodeDefault.xctoolchain/usr/bin/clang -x objective-c -ivfsstatcache /Users/aadityasingh/Library/Developer/Xcode/DerivedData/SDKStatCaches.noindex/iphonesimulator26.4-23E252-686eebb5dc1d8ecb277353a59184f4aa.sdkstatcache -target x86_64-apple-ios12.0-simulator -fmessage-length\=0 -fdiagnostics-show-note-include-stack -fmacro-backtrace-limit\=0 -fno-color-diagnostics -fmodules-prune-interval\=86400 -fmodules-prune-after\=345600 -fbuild-session-file\=/Users/aadityasingh/Library/Developer/Xcode/DerivedData/ModuleCache.noindex/Session.modulevalidation -fmodules-validate-once-per-build-session -Wnon-modular-include-in-framework-module -Werror\=non-modular-include-in-framework-module -Wno-trigraphs -Wno-missing-field-initializers -Wno-missing-prototypes -Wno-return-type -Wno-implicit-atomic-properties -Wno-objc-interface-ivars -Wno-arc-repeated-use-of-weak -Wno-missing-braces -Wparentheses -Wswitch -Wno-unused-function -Wno-unused-label -Wno-unused-parameter -Wno-unused-variable -Wunused-value -Wno-empty-body -Wno-uninitialized -Wno-unknown-pragmas -w -Wno-shadow -Wno-four-char-constants -Wno-conversion -Wno-constant-conversion -Wno-int-conversion -Wno-bool-conversion -Wno-enum-conversion -Wno-float-conversion -Wno-non-literal-null-conversion -Wno-objc-literal-conversion -Wshorten-64-to-32 -Wpointer-sign -Wno-newline-eof -Wno-selector -Wno-strict-selector-match -Wno-undeclared-selector -Wno-deprecated-implementations -Wno-implicit-fallthrough -isysroot /Applications/Xcode.app/Contents/Developer/Platforms/iPhoneSimulator.platform/Developer/SDKs/iPhoneSimulator26.4.sdk -fstrict-aliasing -Wprotocol -Wdeprecated-declarations -Wno-sign-conversion -Wno-infinite-recursion -Wno-comma -Wno-block-capture-autoreleasing -Wno-strict-prototypes -Wno-semicolon-before-method-body -index-store-path /Users/aadityasingh/Library/Developer/Xcode/DerivedData/Chatlio-erkyzdeecsohoaggpwbjdvavzqfv/Index.noindex/DataStore @/Users/aadityasingh/Library/Developer/Xcode/DerivedData/Chatlio-erkyzdeecsohoaggpwbjdvavzqfv/Build/Intermediates.noindex/DTCoreText.build/Debug-iphonesimulator/DTCoreText.build/Objects-normal/x86_64/e6072d4f65d7061329687fe24e3d63a7-common-args.resp -include /Users/aadityasingh/Library/Developer/Xcode/DerivedData/Chatlio-erkyzdeecsohoaggpwbjdvavzqfv/Build/Intermediates.noindex/DTCoreText.build/Debug-iphonesimulator/DTCoreText.build/DerivedSources/resource_bundle_accessor.h -MMD -MT dependencies -MF /Users/aadityasingh/Library/Developer/Xcode/DerivedData/Chatlio-erkyzdeecsohoaggpwbjdvavzqfv/Build/Intermediates.noindex/DTCoreText.build/Debug-iphonesimulator/DTCoreText.build/Objects-normal/x86_64/DTCoreTextGlyphRun.d --serialize-diagnostics /Users/aadityasingh/Library/Developer/Xcode/DerivedData/Chatlio-erkyzdeecsohoaggpwbjdvavzqfv/Build/Intermediates.noindex/DTCoreText.build/Debug-iphonesimulator/DTCoreText.build/Objects-normal/x86_64/DTCoreTextGlyphRun.dia -c /Users/aadityasingh/Library/Developer/Xcode/DerivedData/Chatlio-erkyzdeecsohoaggpwbjdvavzqfv/SourcePackages/checkouts/DTCoreText/Core/Source/DTCoreTextGlyphRun.m -o /Users/aadityasingh/Library/Developer/Xcode/DerivedData/Chatlio-erkyzdeecsohoaggpwbjdvavzqfv/Build/Intermediates.noindex/DTCoreText.build/Debug-iphonesimulator/DTCoreText.build/Objects-normal/x86_64/DTCoreTextGlyphRun.o -index-unit-output-path /DTCoreText.build/Debug-iphonesimulator/DTCoreText.build/Objects-normal/x86_64/DTCoreTextGlyphRun.o

ScanDependencies /Users/aadityasingh/Library/Developer/Xcode/DerivedData/Chatlio-erkyzdeecsohoaggpwbjdvavzqfv/Build/Intermediates.noindex/DTCoreText.build/Debug-iphonesimulator/DTCoreText.build/Objects-normal/x86_64/DTCoreTextFunctions.o /Users/aadityasingh/Library/Developer/Xcode/DerivedData/Chatlio-erkyzdeecsohoaggpwbjdvavzqfv/SourcePackages/checkouts/DTCoreText/Core/Source/DTCoreTextFunctions.m normal x86_64 objective-c com.apple.compilers.llvm.clang.1_0.compiler (in target 'DTCoreText' from project 'DTCoreText')
    cd /Users/aadityasingh/Documents/Development/element-x-ios/Chatlio.xcodeproj
    
    Using response file: /Users/aadityasingh/Library/Developer/Xcode/DerivedData/Chatlio-erkyzdeecsohoaggpwbjdvavzqfv/Build/Intermediates.noindex/DTCoreText.build/Debug-iphonesimulator/DTCoreText.build/Objects-normal/x86_64/e6072d4f65d7061329687fe24e3d63a7-common-args.resp
    
    builtin-ScanDependencies -o /Users/aadityasingh/Library/Developer/Xcode/DerivedData/Chatlio-erkyzdeecsohoaggpwbjdvavzqfv/Build/Intermediates.noindex/DTCoreText.build/Debug-iphonesimulator/DTCoreText.build/Objects-normal/x86_64/DTCoreTextFunctions.o.scan -- /Applications/Xcode.app/Contents/Developer/Toolchains/XcodeDefault.xctoolchain/usr/bin/clang -x objective-c -ivfsstatcache /Users/aadityasingh/Library/Developer/Xcode/DerivedData/SDKStatCaches.noindex/iphonesimulator26.4-23E252-686eebb5dc1d8ecb277353a59184f4aa.sdkstatcache -target x86_64-apple-ios12.0-simulator -fmessage-length\=0 -fdiagnostics-show-note-include-stack -fmacro-backtrace-limit\=0 -fno-color-diagnostics -fmodules-prune-interval\=86400 -fmodules-prune-after\=345600 -fbuild-session-file\=/Users/aadityasingh/Library/Developer/Xcode/DerivedData/ModuleCache.noindex/Session.modulevalidation -fmodules-validate-once-per-build-session -Wnon-modular-include-in-framework-module -Werror\=non-modular-include-in-framework-module -Wno-trigraphs -Wno-missing-field-initializers -Wno-missing-prototypes -Wno-return-type -Wno-implicit-atomic-properties -Wno-objc-interface-ivars -Wno-arc-repeated-use-of-weak -Wno-missing-braces -Wparentheses -Wswitch -Wno-unused-function -Wno-unused-label -Wno-unused-parameter -Wno-unused-variable -Wunused-value -Wno-empty-body -Wno-uninitialized -Wno-unknown-pragmas -w -Wno-shadow -Wno-four-char-constants -Wno-conversion -Wno-constant-conversion -Wno-int-conversion -Wno-bool-conversion -Wno-enum-conversion -Wno-float-conversion -Wno-non-literal-null-conversion -Wno-objc-literal-conversion -Wshorten-64-to-32 -Wpointer-sign -Wno-newline-eof -Wno-selector -Wno-strict-selector-match -Wno-undeclared-selector -Wno-deprecated-implementations -Wno-implicit-fallthrough -isysroot /Applications/Xcode.app/Contents/Developer/Platforms/iPhoneSimulator.platform/Developer/SDKs/iPhoneSimulator26.4.sdk -fstrict-aliasing -Wprotocol -Wdeprecated-declarations -Wno-sign-conversion -Wno-infinite-recursion -Wno-comma -Wno-block-capture-autoreleasing -Wno-strict-prototypes -Wno-semicolon-before-method-body -index-store-path /Users/aadityasingh/Library/Developer/Xcode/DerivedData/Chatlio-erkyzdeecsohoaggpwbjdvavzqfv/Index.noindex/DataStore @/Users/aadityasingh/Library/Developer/Xcode/DerivedData/Chatlio-erkyzdeecsohoaggpwbjdvavzqfv/Build/Intermediates.noindex/DTCoreText.build/Debug-iphonesimulator/DTCoreText.build/Objects-normal/x86_64/e6072d4f65d7061329687fe24e3d63a7-common-args.resp -include /Users/aadityasingh/Library/Developer/Xcode/DerivedData/Chatlio-erkyzdeecsohoaggpwbjdvavzqfv/Build/Intermediates.noindex/DTCoreText.build/Debug-iphonesimulator/DTCoreText.build/DerivedSources/resource_bundle_accessor.h -MMD -MT dependencies -MF /Users/aadityasingh/Library/Developer/Xcode/DerivedData/Chatlio-erkyzdeecsohoaggpwbjdvavzqfv/Build/Intermediates.noindex/DTCoreText.build/Debug-iphonesimulator/DTCoreText.build/Objects-normal/x86_64/DTCoreTextFunctions.d --serialize-diagnostics /Users/aadityasingh/Library/Developer/Xcode/DerivedData/Chatlio-erkyzdeecsohoaggpwbjdvavzqfv/Build/Intermediates.noindex/DTCoreText.build/Debug-iphonesimulator/DTCoreText.build/Objects-normal/x86_64/DTCoreTextFunctions.dia -c /Users/aadityasingh/Library/Developer/Xcode/DerivedData/Chatlio-erkyzdeecsohoaggpwbjdvavzqfv/SourcePackages/checkouts/DTCoreText/Core/Source/DTCoreTextFunctions.m -o /Users/aadityasingh/Library/Developer/Xcode/DerivedData/Chatlio-erkyzdeecsohoaggpwbjdvavzqfv/Build/Intermediates.noindex/DTCoreText.build/Debug-iphonesimulator/DTCoreText.build/Objects-normal/x86_64/DTCoreTextFunctions.o -index-unit-output-path /DTCoreText.build/Debug-iphonesimulator/DTCoreText.build/Objects-normal/x86_64/DTCoreTextFunctions.o

ScanDependencies /Users/aadityasingh/Library/Developer/Xcode/DerivedData/Chatlio-erkyzdeecsohoaggpwbjdvavzqfv/Build/Intermediates.noindex/DTCoreText.build/Debug-iphonesimulator/DTCoreText.build/Objects-normal/x86_64/DTCoreTextFontDescriptor.o /Users/aadityasingh/Library/Developer/Xcode/DerivedData/Chatlio-erkyzdeecsohoaggpwbjdvavzqfv/SourcePackages/checkouts/DTCoreText/Core/Source/DTCoreTextFontDescriptor.m normal x86_64 objective-c com.apple.compilers.llvm.clang.1_0.compiler (in target 'DTCoreText' from project 'DTCoreText')
    cd /Users/aadityasingh/Documents/Development/element-x-ios/Chatlio.xcodeproj
    
    Using response file: /Users/aadityasingh/Library/Developer/Xcode/DerivedData/Chatlio-erkyzdeecsohoaggpwbjdvavzqfv/Build/Intermediates.noindex/DTCoreText.build/Debug-iphonesimulator/DTCoreText.build/Objects-normal/x86_64/e6072d4f65d7061329687fe24e3d63a7-common-args.resp
    
    builtin-ScanDependencies -o /Users/aadityasingh/Library/Developer/Xcode/DerivedData/Chatlio-erkyzdeecsohoaggpwbjdvavzqfv/Build/Intermediates.noindex/DTCoreText.build/Debug-iphonesimulator/DTCoreText.build/Objects-normal/x86_64/DTCoreTextFontDescriptor.o.scan -- /Applications/Xcode.app/Contents/Developer/Toolchains/XcodeDefault.xctoolchain/usr/bin/clang -x objective-c -ivfsstatcache /Users/aadityasingh/Library/Developer/Xcode/DerivedData/SDKStatCaches.noindex/iphonesimulator26.4-23E252-686eebb5dc1d8ecb277353a59184f4aa.sdkstatcache -target x86_64-apple-ios12.0-simulator -fmessage-length\=0 -fdiagnostics-show-note-include-stack -fmacro-backtrace-limit\=0 -fno-color-diagnostics -fmodules-prune-interval\=86400 -fmodules-prune-after\=345600 -fbuild-session-file\=/Users/aadityasingh/Library/Developer/Xcode/DerivedData/ModuleCache.noindex/Session.modulevalidation -fmodules-validate-once-per-build-session -Wnon-modular-include-in-framework-module -Werror\=non-modular-include-in-framework-module -Wno-trigraphs -Wno-missing-field-initializers -Wno-missing-prototypes -Wno-return-type -Wno-implicit-atomic-properties -Wno-objc-interface-ivars -Wno-arc-repeated-use-of-weak -Wno-missing-braces -Wparentheses -Wswitch -Wno-unused-function -Wno-unused-label -Wno-unused-parameter -Wno-unused-variable -Wunused-value -Wno-empty-body -Wno-uninitialized -Wno-unknown-pragmas -w -Wno-shadow -Wno-four-char-constants -Wno-conversion -Wno-constant-conversion -Wno-int-conversion -Wno-bool-conversion -Wno-enum-conversion -Wno-float-conversion -Wno-non-literal-null-conversion -Wno-objc-literal-conversion -Wshorten-64-to-32 -Wpointer-sign -Wno-newline-eof -Wno-selector -Wno-strict-selector-match -Wno-undeclared-selector -Wno-deprecated-implementations -Wno-implicit-fallthrough -isysroot /Applications/Xcode.app/Contents/Developer/Platforms/iPhoneSimulator.platform/Developer/SDKs/iPhoneSimulator26.4.sdk -fstrict-aliasing -Wprotocol -Wdeprecated-declarations -Wno-sign-conversion -Wno-infinite-recursion -Wno-comma -Wno-block-capture-autoreleasing -Wno-strict-prototypes -Wno-semicolon-before-method-body -index-store-path /Users/aadityasingh/Library/Developer/Xcode/DerivedData/Chatlio-erkyzdeecsohoaggpwbjdvavzqfv/Index.noindex/DataStore @/Users/aadityasingh/Library/Developer/Xcode/DerivedData/Chatlio-erkyzdeecsohoaggpwbjdvavzqfv/Build/Intermediates.noindex/DTCoreText.build/Debug-iphonesimulator/DTCoreText.build/Objects-normal/x86_64/e6072d4f65d7061329687fe24e3d63a7-common-args.resp -include /Users/aadityasingh/Library/Developer/Xcode/DerivedData/Chatlio-erkyzdeecsohoaggpwbjdvavzqfv/Build/Intermediates.noindex/DTCoreText.build/Debug-iphonesimulator/DTCoreText.build/DerivedSources/resource_bundle_accessor.h -MMD -MT dependencies -MF /Users/aadityasingh/Library/Developer/Xcode/DerivedData/Chatlio-erkyzdeecsohoaggpwbjdvavzqfv/Build/Intermediates.noindex/DTCoreText.build/Debug-iphonesimulator/DTCoreText.build/Objects-normal/x86_64/DTCoreTextFontDescriptor.d --serialize-diagnostics /Users/aadityasingh/Library/Developer/Xcode/DerivedData/Chatlio-erkyzdeecsohoaggpwbjdvavzqfv/Build/Intermediates.noindex/DTCoreText.build/Debug-iphonesimulator/DTCoreText.build/Objects-normal/x86_64/DTCoreTextFontDescriptor.dia -c /Users/aadityasingh/Library/Developer/Xcode/DerivedData/Chatlio-erkyzdeecsohoaggpwbjdvavzqfv/SourcePackages/checkouts/DTCoreText/Core/Source/DTCoreTextFontDescriptor.m -o /Users/aadityasingh/Library/Developer/Xcode/DerivedData/Chatlio-erkyzdeecsohoaggpwbjdvavzqfv/Build/Intermediates.noindex/DTCoreText.build/Debug-iphonesimulator/DTCoreText.build/Objects-normal/x86_64/DTCoreTextFontDescriptor.o -index-unit-output-path /DTCoreText.build/Debug-iphonesimulator/DTCoreText.build/Objects-normal/x86_64/DTCoreTextFontDescriptor.o

ScanDependencies /Users/aadityasingh/Library/Developer/Xcode/DerivedData/Chatlio-erkyzdeecsohoaggpwbjdvavzqfv/Build/Intermediates.noindex/DTCoreText.build/Debug-iphonesimulator/DTCoreText.build/Objects-normal/x86_64/DTCoreTextFontCollection.o /Users/aadityasingh/Library/Developer/Xcode/DerivedData/Chatlio-erkyzdeecsohoaggpwbjdvavzqfv/SourcePackages/checkouts/DTCoreText/Core/Source/DTCoreTextFontCollection.m normal x86_64 objective-c com.apple.compilers.llvm.clang.1_0.compiler (in target 'DTCoreText' from project 'DTCoreText')
    cd /Users/aadityasingh/Documents/Development/element-x-ios/Chatlio.xcodeproj
    
    Using response file: /Users/aadityasingh/Library/Developer/Xcode/DerivedData/Chatlio-erkyzdeecsohoaggpwbjdvavzqfv/Build/Intermediates.noindex/DTCoreText.build/Debug-iphonesimulator/DTCoreText.build/Objects-normal/x86_64/e6072d4f65d7061329687fe24e3d63a7-common-args.resp
    
    builtin-ScanDependencies -o /Users/aadityasingh/Library/Developer/Xcode/DerivedData/Chatlio-erkyzdeecsohoaggpwbjdvavzqfv/Build/Intermediates.noindex/DTCoreText.build/Debug-iphonesimulator/DTCoreText.build/Objects-normal/x86_64/DTCoreTextFontCollection.o.scan -- /Applications/Xcode.app/Contents/Developer/Toolchains/XcodeDefault.xctoolchain/usr/bin/clang -x objective-c -ivfsstatcache /Users/aadityasingh/Library/Developer/Xcode/DerivedData/SDKStatCaches.noindex/iphonesimulator26.4-23E252-686eebb5dc1d8ecb277353a59184f4aa.sdkstatcache -target x86_64-apple-ios12.0-simulator -fmessage-length\=0 -fdiagnostics-show-note-include-stack -fmacro-backtrace-limit\=0 -fno-color-diagnostics -fmodules-prune-interval\=86400 -fmodules-prune-after\=345600 -fbuild-session-file\=/Users/aadityasingh/Library/Developer/Xcode/DerivedData/ModuleCache.noindex/Session.modulevalidation -fmodules-validate-once-per-build-session -Wnon-modular-include-in-framework-module -Werror\=non-modular-include-in-framework-module -Wno-trigraphs -Wno-missing-field-initializers -Wno-missing-prototypes -Wno-return-type -Wno-implicit-atomic-properties -Wno-objc-interface-ivars -Wno-arc-repeated-use-of-weak -Wno-missing-braces -Wparentheses -Wswitch -Wno-unused-function -Wno-unused-label -Wno-unused-parameter -Wno-unused-variable -Wunused-value -Wno-empty-body -Wno-uninitialized -Wno-unknown-pragmas -w -Wno-shadow -Wno-four-char-constants -Wno-conversion -Wno-constant-conversion -Wno-int-conversion -Wno-bool-conversion -Wno-enum-conversion -Wno-float-conversion -Wno-non-literal-null-conversion -Wno-objc-literal-conversion -Wshorten-64-to-32 -Wpointer-sign -Wno-newline-eof -Wno-selector -Wno-strict-selector-match -Wno-undeclared-selector -Wno-deprecated-implementations -Wno-implicit-fallthrough -isysroot /Applications/Xcode.app/Contents/Developer/Platforms/iPhoneSimulator.platform/Developer/SDKs/iPhoneSimulator26.4.sdk -fstrict-aliasing -Wprotocol -Wdeprecated-declarations -Wno-sign-conversion -Wno-infinite-recursion -Wno-comma -Wno-block-capture-autoreleasing -Wno-strict-prototypes -Wno-semicolon-before-method-body -index-store-path /Users/aadityasingh/Library/Developer/Xcode/DerivedData/Chatlio-erkyzdeecsohoaggpwbjdvavzqfv/Index.noindex/DataStore @/Users/aadityasingh/Library/Developer/Xcode/DerivedData/Chatlio-erkyzdeecsohoaggpwbjdvavzqfv/Build/Intermediates.noindex/DTCoreText.build/Debug-iphonesimulator/DTCoreText.build/Objects-normal/x86_64/e6072d4f65d7061329687fe24e3d63a7-common-args.resp -include /Users/aadityasingh/Library/Developer/Xcode/DerivedData/Chatlio-erkyzdeecsohoaggpwbjdvavzqfv/Build/Intermediates.noindex/DTCoreText.build/Debug-iphonesimulator/DTCoreText.build/DerivedSources/resource_bundle_accessor.h -MMD -MT dependencies -MF /Users/aadityasingh/Library/Developer/Xcode/DerivedData/Chatlio-erkyzdeecsohoaggpwbjdvavzqfv/Build/Intermediates.noindex/DTCoreText.build/Debug-iphonesimulator/DTCoreText.build/Objects-normal/x86_64/DTCoreTextFontCollection.d --serialize-diagnostics /Users/aadityasingh/Library/Developer/Xcode/DerivedData/Chatlio-erkyzdeecsohoaggpwbjdvavzqfv/Build/Intermediates.noindex/DTCoreText.build/Debug-iphonesimulator/DTCoreText.build/Objects-normal/x86_64/DTCoreTextFontCollection.dia -c /Users/aadityasingh/Library/Developer/Xcode/DerivedData/Chatlio-erkyzdeecsohoaggpwbjdvavzqfv/SourcePackages/checkouts/DTCoreText/Core/Source/DTCoreTextFontCollection.m -o /Users/aadityasingh/Library/Developer/Xcode/DerivedData/Chatlio-erkyzdeecsohoaggpwbjdvavzqfv/Build/Intermediates.noindex/DTCoreText.build/Debug-iphonesimulator/DTCoreText.build/Objects-normal/x86_64/DTCoreTextFontCollection.o -index-unit-output-path /DTCoreText.build/Debug-iphonesimulator/DTCoreText.build/Objects-normal/x86_64/DTCoreTextFontCollection.o

ScanDependencies /Users/aadityasingh/Library/Developer/Xcode/DerivedData/Chatlio-erkyzdeecsohoaggpwbjdvavzqfv/Build/Intermediates.noindex/DTCoreText.build/Debug-iphonesimulator/DTCoreText.build/Objects-normal/x86_64/DTCoreTextConstants.o /Users/aadityasingh/Library/Developer/Xcode/DerivedData/Chatlio-erkyzdeecsohoaggpwbjdvavzqfv/SourcePackages/checkouts/DTCoreText/Core/Source/DTCoreTextConstants.m normal x86_64 objective-c com.apple.compilers.llvm.clang.1_0.compiler (in target 'DTCoreText' from project 'DTCoreText')
    cd /Users/aadityasingh/Documents/Development/element-x-ios/Chatlio.xcodeproj
    
    Using response file: /Users/aadityasingh/Library/Developer/Xcode/DerivedData/Chatlio-erkyzdeecsohoaggpwbjdvavzqfv/Build/Intermediates.noindex/DTCoreText.build/Debug-iphonesimulator/DTCoreText.build/Objects-normal/x86_64/e6072d4f65d7061329687fe24e3d63a7-common-args.resp
    
    builtin-ScanDependencies -o /Users/aadityasingh/Library/Developer/Xcode/DerivedData/Chatlio-erkyzdeecsohoaggpwbjdvavzqfv/Build/Intermediates.noindex/DTCoreText.build/Debug-iphonesimulator/DTCoreText.build/Objects-normal/x86_64/DTCoreTextConstants.o.scan -- /Applications/Xcode.app/Contents/Developer/Toolchains/XcodeDefault.xctoolchain/usr/bin/clang -x objective-c -ivfsstatcache /Users/aadityasingh/Library/Developer/Xcode/DerivedData/SDKStatCaches.noindex/iphonesimulator26.4-23E252-686eebb5dc1d8ecb277353a59184f4aa.sdkstatcache -target x86_64-apple-ios12.0-simulator -fmessage-length\=0 -fdiagnostics-show-note-include-stack -fmacro-backtrace-limit\=0 -fno-color-diagnostics -fmodules-prune-interval\=86400 -fmodules-prune-after\=345600 -fbuild-session-file\=/Users/aadityasingh/Library/Developer/Xcode/DerivedData/ModuleCache.noindex/Session.modulevalidation -fmodules-validate-once-per-build-session -Wnon-modular-include-in-framework-module -Werror\=non-modular-include-in-framework-module -Wno-trigraphs -Wno-missing-field-initializers -Wno-missing-prototypes -Wno-return-type -Wno-implicit-atomic-properties -Wno-objc-interface-ivars -Wno-arc-repeated-use-of-weak -Wno-missing-braces -Wparentheses -Wswitch -Wno-unused-function -Wno-unused-label -Wno-unused-parameter -Wno-unused-variable -Wunused-value -Wno-empty-body -Wno-uninitialized -Wno-unknown-pragmas -w -Wno-shadow -Wno-four-char-constants -Wno-conversion -Wno-constant-conversion -Wno-int-conversion -Wno-bool-conversion -Wno-enum-conversion -Wno-float-conversion -Wno-non-literal-null-conversion -Wno-objc-literal-conversion -Wshorten-64-to-32 -Wpointer-sign -Wno-newline-eof -Wno-selector -Wno-strict-selector-match -Wno-undeclared-selector -Wno-deprecated-implementations -Wno-implicit-fallthrough -isysroot /Applications/Xcode.app/Contents/Developer/Platforms/iPhoneSimulator.platform/Developer/SDKs/iPhoneSimulator26.4.sdk -fstrict-aliasing -Wprotocol -Wdeprecated-declarations -Wno-sign-conversion -Wno-infinite-recursion -Wno-comma -Wno-block-capture-autoreleasing -Wno-strict-prototypes -Wno-semicolon-before-method-body -index-store-path /Users/aadityasingh/Library/Developer/Xcode/DerivedData/Chatlio-erkyzdeecsohoaggpwbjdvavzqfv/Index.noindex/DataStore @/Users/aadityasingh/Library/Developer/Xcode/DerivedData/Chatlio-erkyzdeecsohoaggpwbjdvavzqfv/Build/Intermediates.noindex/DTCoreText.build/Debug-iphonesimulator/DTCoreText.build/Objects-normal/x86_64/e6072d4f65d7061329687fe24e3d63a7-common-args.resp -include /Users/aadityasingh/Library/Developer/Xcode/DerivedData/Chatlio-erkyzdeecsohoaggpwbjdvavzqfv/Build/Intermediates.noindex/DTCoreText.build/Debug-iphonesimulator/DTCoreText.build/DerivedSources/resource_bundle_accessor.h -MMD -MT dependencies -MF /Users/aadityasingh/Library/Developer/Xcode/DerivedData/Chatlio-erkyzdeecsohoaggpwbjdvavzqfv/Build/Intermediates.noindex/DTCoreText.build/Debug-iphonesimulator/DTCoreText.build/Objects-normal/x86_64/DTCoreTextConstants.d --serialize-diagnostics /Users/aadityasingh/Library/Developer/Xcode/DerivedData/Chatlio-erkyzdeecsohoaggpwbjdvavzqfv/Build/Intermediates.noindex/DTCoreText.build/Debug-iphonesimulator/DTCoreText.build/Objects-normal/x86_64/DTCoreTextConstants.dia -c /Users/aadityasingh/Library/Developer/Xcode/DerivedData/Chatlio-erkyzdeecsohoaggpwbjdvavzqfv/SourcePackages/checkouts/DTCoreText/Core/Source/DTCoreTextConstants.m -o /Users/aadityasingh/Library/Developer/Xcode/DerivedData/Chatlio-erkyzdeecsohoaggpwbjdvavzqfv/Build/Intermediates.noindex/DTCoreText.build/Debug-iphonesimulator/DTCoreText.build/Objects-normal/x86_64/DTCoreTextConstants.o -index-unit-output-path /DTCoreText.build/Debug-iphonesimulator/DTCoreText.build/Objects-normal/x86_64/DTCoreTextConstants.o

ScanDependencies /Users/aadityasingh/Library/Developer/Xcode/DerivedData/Chatlio-erkyzdeecsohoaggpwbjdvavzqfv/Build/Intermediates.noindex/DTCoreText.build/Debug-iphonesimulator/DTCoreText.build/Objects-normal/x86_64/DTColorFunctions.o /Users/aadityasingh/Library/Developer/Xcode/DerivedData/Chatlio-erkyzdeecsohoaggpwbjdvavzqfv/SourcePackages/checkouts/DTCoreText/Core/Source/DTColorFunctions.m normal x86_64 objective-c com.apple.compilers.llvm.clang.1_0.compiler (in target 'DTCoreText' from project 'DTCoreText')
    cd /Users/aadityasingh/Documents/Development/element-x-ios/Chatlio.xcodeproj
    
    Using response file: /Users/aadityasingh/Library/Developer/Xcode/DerivedData/Chatlio-erkyzdeecsohoaggpwbjdvavzqfv/Build/Intermediates.noindex/DTCoreText.build/Debug-iphonesimulator/DTCoreText.build/Objects-normal/x86_64/e6072d4f65d7061329687fe24e3d63a7-common-args.resp
    
    builtin-ScanDependencies -o /Users/aadityasingh/Library/Developer/Xcode/DerivedData/Chatlio-erkyzdeecsohoaggpwbjdvavzqfv/Build/Intermediates.noindex/DTCoreText.build/Debug-iphonesimulator/DTCoreText.build/Objects-normal/x86_64/DTColorFunctions.o.scan -- /Applications/Xcode.app/Contents/Developer/Toolchains/XcodeDefault.xctoolchain/usr/bin/clang -x objective-c -ivfsstatcache /Users/aadityasingh/Library/Developer/Xcode/DerivedData/SDKStatCaches.noindex/iphonesimulator26.4-23E252-686eebb5dc1d8ecb277353a59184f4aa.sdkstatcache -target x86_64-apple-ios12.0-simulator -fmessage-length\=0 -fdiagnostics-show-note-include-stack -fmacro-backtrace-limit\=0 -fno-color-diagnostics -fmodules-prune-interval\=86400 -fmodules-prune-after\=345600 -fbuild-session-file\=/Users/aadityasingh/Library/Developer/Xcode/DerivedData/ModuleCache.noindex/Session.modulevalidation -fmodules-validate-once-per-build-session -Wnon-modular-include-in-framework-module -Werror\=non-modular-include-in-framework-module -Wno-trigraphs -Wno-missing-field-initializers -Wno-missing-prototypes -Wno-return-type -Wno-implicit-atomic-properties -Wno-objc-interface-ivars -Wno-arc-repeated-use-of-weak -Wno-missing-braces -Wparentheses -Wswitch -Wno-unused-function -Wno-unused-label -Wno-unused-parameter -Wno-unused-variable -Wunused-value -Wno-empty-body -Wno-uninitialized -Wno-unknown-pragmas -w -Wno-shadow -Wno-four-char-constants -Wno-conversion -Wno-constant-conversion -Wno-int-conversion -Wno-bool-conversion -Wno-enum-conversion -Wno-float-conversion -Wno-non-literal-null-conversion -Wno-objc-literal-conversion -Wshorten-64-to-32 -Wpointer-sign -Wno-newline-eof -Wno-selector -Wno-strict-selector-match -Wno-undeclared-selector -Wno-deprecated-implementations -Wno-implicit-fallthrough -isysroot /Applications/Xcode.app/Contents/Developer/Platforms/iPhoneSimulator.platform/Developer/SDKs/iPhoneSimulator26.4.sdk -fstrict-aliasing -Wprotocol -Wdeprecated-declarations -Wno-sign-conversion -Wno-infinite-recursion -Wno-comma -Wno-block-capture-autoreleasing -Wno-strict-prototypes -Wno-semicolon-before-method-body -index-store-path /Users/aadityasingh/Library/Developer/Xcode/DerivedData/Chatlio-erkyzdeecsohoaggpwbjdvavzqfv/Index.noindex/DataStore @/Users/aadityasingh/Library/Developer/Xcode/DerivedData/Chatlio-erkyzdeecsohoaggpwbjdvavzqfv/Build/Intermediates.noindex/DTCoreText.build/Debug-iphonesimulator/DTCoreText.build/Objects-normal/x86_64/e6072d4f65d7061329687fe24e3d63a7-common-args.resp -include /Users/aadityasingh/Library/Developer/Xcode/DerivedData/Chatlio-erkyzdeecsohoaggpwbjdvavzqfv/Build/Intermediates.noindex/DTCoreText.build/Debug-iphonesimulator/DTCoreText.build/DerivedSources/resource_bundle_accessor.h -MMD -MT dependencies -MF /Users/aadityasingh/Library/Developer/Xcode/DerivedData/Chatlio-erkyzdeecsohoaggpwbjdvavzqfv/Build/Intermediates.noindex/DTCoreText.build/Debug-iphonesimulator/DTCoreText.build/Objects-normal/x86_64/DTColorFunctions.d --serialize-diagnostics /Users/aadityasingh/Library/Developer/Xcode/DerivedData/Chatlio-erkyzdeecsohoaggpwbjdvavzqfv/Build/Intermediates.noindex/DTCoreText.build/Debug-iphonesimulator/DTCoreText.build/Objects-normal/x86_64/DTColorFunctions.dia -c /Users/aadityasingh/Library/Developer/Xcode/DerivedData/Chatlio-erkyzdeecsohoaggpwbjdvavzqfv/SourcePackages/checkouts/DTCoreText/Core/Source/DTColorFunctions.m -o /Users/aadityasingh/Library/Developer/Xcode/DerivedData/Chatlio-erkyzdeecsohoaggpwbjdvavzqfv/Build/Intermediates.noindex/DTCoreText.build/Debug-iphonesimulator/DTCoreText.build/Objects-normal/x86_64/DTColorFunctions.o -index-unit-output-path /DTCoreText.build/Debug-iphonesimulator/DTCoreText.build/Objects-normal/x86_64/DTColorFunctions.o

CompileC /Users/aadityasingh/Library/Developer/Xcode/DerivedData/Chatlio-erkyzdeecsohoaggpwbjdvavzqfv/Build/Intermediates.noindex/DTCoreText.build/Debug-iphonesimulator/DTCoreText.build/Objects-normal/x86_64/UIFont+DTCoreText.o /Users/aadityasingh/Library/Developer/Xcode/DerivedData/Chatlio-erkyzdeecsohoaggpwbjdvavzqfv/SourcePackages/checkouts/DTCoreText/Core/Source/UIFont+DTCoreText.m normal x86_64 objective-c com.apple.compilers.llvm.clang.1_0.compiler (in target 'DTCoreText' from project 'DTCoreText')
    cd /Users/aadityasingh/Documents/Development/element-x-ios/Chatlio.xcodeproj
    
    Using response file: /Users/aadityasingh/Library/Developer/Xcode/DerivedData/Chatlio-erkyzdeecsohoaggpwbjdvavzqfv/Build/Intermediates.noindex/DTCoreText.build/Debug-iphonesimulator/DTCoreText.build/Objects-normal/x86_64/e6072d4f65d7061329687fe24e3d63a7-common-args.resp
    
    /Applications/Xcode.app/Contents/Developer/Toolchains/XcodeDefault.xctoolchain/usr/bin/clang -x objective-c -ivfsstatcache /Users/aadityasingh/Library/Developer/Xcode/DerivedData/SDKStatCaches.noindex/iphonesimulator26.4-23E252-686eebb5dc1d8ecb277353a59184f4aa.sdkstatcache -target x86_64-apple-ios12.0-simulator -fmessage-length\=0 -fdiagnostics-show-note-include-stack -fmacro-backtrace-limit\=0 -fno-color-diagnostics -fmodules-prune-interval\=86400 -fmodules-prune-after\=345600 -fbuild-session-file\=/Users/aadityasingh/Library/Developer/Xcode/DerivedData/ModuleCache.noindex/Session.modulevalidation -fmodules-validate-once-per-build-session -Wnon-modular-include-in-framework-module -Werror\=non-modular-include-in-framework-module -Wno-trigraphs -Wno-missing-field-initializers -Wno-missing-prototypes -Wno-return-type -Wno-implicit-atomic-properties -Wno-objc-interface-ivars -Wno-arc-repeated-use-of-weak -Wno-missing-braces -Wparentheses -Wswitch -Wno-unused-function -Wno-unused-label -Wno-unused-parameter -Wno-unused-variable -Wunused-value -Wno-empty-body -Wno-uninitialized -Wno-unknown-pragmas -w -Wno-shadow -Wno-four-char-constants -Wno-conversion -Wno-constant-conversion -Wno-int-conversion -Wno-bool-conversion -Wno-enum-conversion -Wno-float-conversion -Wno-non-literal-null-conversion -Wno-objc-literal-conversion -Wshorten-64-to-32 -Wpointer-sign -Wno-newline-eof -Wno-selector -Wno-strict-selector-match -Wno-undeclared-selector -Wno-deprecated-implementations -Wno-implicit-fallthrough -isysroot /Applications/Xcode.app/Contents/Developer/Platforms/iPhoneSimulator.platform/Developer/SDKs/iPhoneSimulator26.4.sdk -fstrict-aliasing -Wprotocol -Wdeprecated-declarations -Wno-sign-conversion -Wno-infinite-recursion -Wno-comma -Wno-block-capture-autoreleasing -Wno-strict-prototypes -Wno-semicolon-before-method-body -index-store-path /Users/aadityasingh/Library/Developer/Xcode/DerivedData/Chatlio-erkyzdeecsohoaggpwbjdvavzqfv/Index.noindex/DataStore @/Users/aadityasingh/Library/Developer/Xcode/DerivedData/Chatlio-erkyzdeecsohoaggpwbjdvavzqfv/Build/Intermediates.noindex/DTCoreText.build/Debug-iphonesimulator/DTCoreText.build/Objects-normal/x86_64/e6072d4f65d7061329687fe24e3d63a7-common-args.resp -include /Users/aadityasingh/Library/Developer/Xcode/DerivedData/Chatlio-erkyzdeecsohoaggpwbjdvavzqfv/Build/Intermediates.noindex/DTCoreText.build/Debug-iphonesimulator/DTCoreText.build/DerivedSources/resource_bundle_accessor.h -MMD -MT dependencies -MF /Users/aadityasingh/Library/Developer/Xcode/DerivedData/Chatlio-erkyzdeecsohoaggpwbjdvavzqfv/Build/Intermediates.noindex/DTCoreText.build/Debug-iphonesimulator/DTCoreText.build/Objects-normal/x86_64/UIFont+DTCoreText.d --serialize-diagnostics /Users/aadityasingh/Library/Developer/Xcode/DerivedData/Chatlio-erkyzdeecsohoaggpwbjdvavzqfv/Build/Intermediates.noindex/DTCoreText.build/Debug-iphonesimulator/DTCoreText.build/Objects-normal/x86_64/UIFont+DTCoreText.dia -c /Users/aadityasingh/Library/Developer/Xcode/DerivedData/Chatlio-erkyzdeecsohoaggpwbjdvavzqfv/SourcePackages/checkouts/DTCoreText/Core/Source/UIFont+DTCoreText.m -o /Users/aadityasingh/Library/Developer/Xcode/DerivedData/Chatlio-erkyzdeecsohoaggpwbjdvavzqfv/Build/Intermediates.noindex/DTCoreText.build/Debug-iphonesimulator/DTCoreText.build/Objects-normal/x86_64/UIFont+DTCoreText.o -index-unit-output-path /DTCoreText.build/Debug-iphonesimulator/DTCoreText.build/Objects-normal/x86_64/UIFont+DTCoreText.o

CompileC /Users/aadityasingh/Library/Developer/Xcode/DerivedData/Chatlio-erkyzdeecsohoaggpwbjdvavzqfv/Build/Intermediates.noindex/DTCoreText.build/Debug-iphonesimulator/DTCoreText.build/Objects-normal/x86_64/NSString+CSS.o /Users/aadityasingh/Library/Developer/Xcode/DerivedData/Chatlio-erkyzdeecsohoaggpwbjdvavzqfv/SourcePackages/checkouts/DTCoreText/Core/Source/NSString+CSS.m normal x86_64 objective-c com.apple.compilers.llvm.clang.1_0.compiler (in target 'DTCoreText' from project 'DTCoreText')
    cd /Users/aadityasingh/Documents/Development/element-x-ios/Chatlio.xcodeproj
    
    Using response file: /Users/aadityasingh/Library/Developer/Xcode/DerivedData/Chatlio-erkyzdeecsohoaggpwbjdvavzqfv/Build/Intermediates.noindex/DTCoreText.build/Debug-iphonesimulator/DTCoreText.build/Objects-normal/x86_64/e6072d4f65d7061329687fe24e3d63a7-common-args.resp
    
    /Applications/Xcode.app/Contents/Developer/Toolchains/XcodeDefault.xctoolchain/usr/bin/clang -x objective-c -ivfsstatcache /Users/aadityasingh/Library/Developer/Xcode/DerivedData/SDKStatCaches.noindex/iphonesimulator26.4-23E252-686eebb5dc1d8ecb277353a59184f4aa.sdkstatcache -target x86_64-apple-ios12.0-simulator -fmessage-length\=0 -fdiagnostics-show-note-include-stack -fmacro-backtrace-limit\=0 -fno-color-diagnostics -fmodules-prune-interval\=86400 -fmodules-prune-after\=345600 -fbuild-session-file\=/Users/aadityasingh/Library/Developer/Xcode/DerivedData/ModuleCache.noindex/Session.modulevalidation -fmodules-validate-once-per-build-session -Wnon-modular-include-in-framework-module -Werror\=non-modular-include-in-framework-module -Wno-trigraphs -Wno-missing-field-initializers -Wno-missing-prototypes -Wno-return-type -Wno-implicit-atomic-properties -Wno-objc-interface-ivars -Wno-arc-repeated-use-of-weak -Wno-missing-braces -Wparentheses -Wswitch -Wno-unused-function -Wno-unused-label -Wno-unused-parameter -Wno-unused-variable -Wunused-value -Wno-empty-body -Wno-uninitialized -Wno-unknown-pragmas -w -Wno-shadow -Wno-four-char-constants -Wno-conversion -Wno-constant-conversion -Wno-int-conversion -Wno-bool-conversion -Wno-enum-conversion -Wno-float-conversion -Wno-non-literal-null-conversion -Wno-objc-literal-conversion -Wshorten-64-to-32 -Wpointer-sign -Wno-newline-eof -Wno-selector -Wno-strict-selector-match -Wno-undeclared-selector -Wno-deprecated-implementations -Wno-implicit-fallthrough -isysroot /Applications/Xcode.app/Contents/Developer/Platforms/iPhoneSimulator.platform/Developer/SDKs/iPhoneSimulator26.4.sdk -fstrict-aliasing -Wprotocol -Wdeprecated-declarations -Wno-sign-conversion -Wno-infinite-recursion -Wno-comma -Wno-block-capture-autoreleasing -Wno-strict-prototypes -Wno-semicolon-before-method-body -index-store-path /Users/aadityasingh/Library/Developer/Xcode/DerivedData/Chatlio-erkyzdeecsohoaggpwbjdvavzqfv/Index.noindex/DataStore @/Users/aadityasingh/Library/Developer/Xcode/DerivedData/Chatlio-erkyzdeecsohoaggpwbjdvavzqfv/Build/Intermediates.noindex/DTCoreText.build/Debug-iphonesimulator/DTCoreText.build/Objects-normal/x86_64/e6072d4f65d7061329687fe24e3d63a7-common-args.resp -include /Users/aadityasingh/Library/Developer/Xcode/DerivedData/Chatlio-erkyzdeecsohoaggpwbjdvavzqfv/Build/Intermediates.noindex/DTCoreText.build/Debug-iphonesimulator/DTCoreText.build/DerivedSources/resource_bundle_accessor.h -MMD -MT dependencies -MF /Users/aadityasingh/Library/Developer/Xcode/DerivedData/Chatlio-erkyzdeecsohoaggpwbjdvavzqfv/Build/Intermediates.noindex/DTCoreText.build/Debug-iphonesimulator/DTCoreText.build/Objects-normal/x86_64/NSString+CSS.d --serialize-diagnostics /Users/aadityasingh/Library/Developer/Xcode/DerivedData/Chatlio-erkyzdeecsohoaggpwbjdvavzqfv/Build/Intermediates.noindex/DTCoreText.build/Debug-iphonesimulator/DTCoreText.build/Objects-normal/x86_64/NSString+CSS.dia -c /Users/aadityasingh/Library/Developer/Xcode/DerivedData/Chatlio-erkyzdeecsohoaggpwbjdvavzqfv/SourcePackages/checkouts/DTCoreText/Core/Source/NSString+CSS.m -o /Users/aadityasingh/Library/Developer/Xcode/DerivedData/Chatlio-erkyzdeecsohoaggpwbjdvavzqfv/Build/Intermediates.noindex/DTCoreText.build/Debug-iphonesimulator/DTCoreText.build/Objects-normal/x86_64/NSString+CSS.o -index-unit-output-path /DTCoreText.build/Debug-iphonesimulator/DTCoreText.build/Objects-normal/x86_64/NSString+CSS.o

CompileC /Users/aadityasingh/Library/Developer/Xcode/DerivedData/Chatlio-erkyzdeecsohoaggpwbjdvavzqfv/Build/Intermediates.noindex/DTCoreText.build/Debug-iphonesimulator/DTCoreText.build/Objects-normal/x86_64/NSScanner+HTML.o /Users/aadityasingh/Library/Developer/Xcode/DerivedData/Chatlio-erkyzdeecsohoaggpwbjdvavzqfv/SourcePackages/checkouts/DTCoreText/Core/Source/NSScanner+HTML.m normal x86_64 objective-c com.apple.compilers.llvm.clang.1_0.compiler (in target 'DTCoreText' from project 'DTCoreText')
    cd /Users/aadityasingh/Documents/Development/element-x-ios/Chatlio.xcodeproj
    
    Using response file: /Users/aadityasingh/Library/Developer/Xcode/DerivedData/Chatlio-erkyzdeecsohoaggpwbjdvavzqfv/Build/Intermediates.noindex/DTCoreText.build/Debug-iphonesimulator/DTCoreText.build/Objects-normal/x86_64/e6072d4f65d7061329687fe24e3d63a7-common-args.resp
    
    /Applications/Xcode.app/Contents/Developer/Toolchains/XcodeDefault.xctoolchain/usr/bin/clang -x objective-c -ivfsstatcache /Users/aadityasingh/Library/Developer/Xcode/DerivedData/SDKStatCaches.noindex/iphonesimulator26.4-23E252-686eebb5dc1d8ecb277353a59184f4aa.sdkstatcache -target x86_64-apple-ios12.0-simulator -fmessage-length\=0 -fdiagnostics-show-note-include-stack -fmacro-backtrace-limit\=0 -fno-color-diagnostics -fmodules-prune-interval\=86400 -fmodules-prune-after\=345600 -fbuild-session-file\=/Users/aadityasingh/Library/Developer/Xcode/DerivedData/ModuleCache.noindex/Session.modulevalidation -fmodules-validate-once-per-build-session -Wnon-modular-include-in-framework-module -Werror\=non-modular-include-in-framework-module -Wno-trigraphs -Wno-missing-field-initializers -Wno-missing-prototypes -Wno-return-type -Wno-implicit-atomic-properties -Wno-objc-interface-ivars -Wno-arc-repeated-use-of-weak -Wno-missing-braces -Wparentheses -Wswitch -Wno-unused-function -Wno-unused-label -Wno-unused-parameter -Wno-unused-variable -Wunused-value -Wno-empty-body -Wno-uninitialized -Wno-unknown-pragmas -w -Wno-shadow -Wno-four-char-constants -Wno-conversion -Wno-constant-conversion -Wno-int-conversion -Wno-bool-conversion -Wno-enum-conversion -Wno-float-conversion -Wno-non-literal-null-conversion -Wno-objc-literal-conversion -Wshorten-64-to-32 -Wpointer-sign -Wno-newline-eof -Wno-selector -Wno-strict-selector-match -Wno-undeclared-selector -Wno-deprecated-implementations -Wno-implicit-fallthrough -isysroot /Applications/Xcode.app/Contents/Developer/Platforms/iPhoneSimulator.platform/Developer/SDKs/iPhoneSimulator26.4.sdk -fstrict-aliasing -Wprotocol -Wdeprecated-declarations -Wno-sign-conversion -Wno-infinite-recursion -Wno-comma -Wno-block-capture-autoreleasing -Wno-strict-prototypes -Wno-semicolon-before-method-body -index-store-path /Users/aadityasingh/Library/Developer/Xcode/DerivedData/Chatlio-erkyzdeecsohoaggpwbjdvavzqfv/Index.noindex/DataStore @/Users/aadityasingh/Library/Developer/Xcode/DerivedData/Chatlio-erkyzdeecsohoaggpwbjdvavzqfv/Build/Intermediates.noindex/DTCoreText.build/Debug-iphonesimulator/DTCoreText.build/Objects-normal/x86_64/e6072d4f65d7061329687fe24e3d63a7-common-args.resp -include /Users/aadityasingh/Library/Developer/Xcode/DerivedData/Chatlio-erkyzdeecsohoaggpwbjdvavzqfv/Build/Intermediates.noindex/DTCoreText.build/Debug-iphonesimulator/DTCoreText.build/DerivedSources/resource_bundle_accessor.h -MMD -MT dependencies -MF /Users/aadityasingh/Library/Developer/Xcode/DerivedData/Chatlio-erkyzdeecsohoaggpwbjdvavzqfv/Build/Intermediates.noindex/DTCoreText.build/Debug-iphonesimulator/DTCoreText.build/Objects-normal/x86_64/NSScanner+HTML.d --serialize-diagnostics /Users/aadityasingh/Library/Developer/Xcode/DerivedData/Chatlio-erkyzdeecsohoaggpwbjdvavzqfv/Build/Intermediates.noindex/DTCoreText.build/Debug-iphonesimulator/DTCoreText.build/Objects-normal/x86_64/NSScanner+HTML.dia -c /Users/aadityasingh/Library/Developer/Xcode/DerivedData/Chatlio-erkyzdeecsohoaggpwbjdvavzqfv/SourcePackages/checkouts/DTCoreText/Core/Source/NSScanner+HTML.m -o /Users/aadityasingh/Library/Developer/Xcode/DerivedData/Chatlio-erkyzdeecsohoaggpwbjdvavzqfv/Build/Intermediates.noindex/DTCoreText.build/Debug-iphonesimulator/DTCoreText.build/Objects-normal/x86_64/NSScanner+HTML.o -index-unit-output-path /DTCoreText.build/Debug-iphonesimulator/DTCoreText.build/Objects-normal/x86_64/NSScanner+HTML.o

CompileC /Users/aadityasingh/Library/Developer/Xcode/DerivedData/Chatlio-erkyzdeecsohoaggpwbjdvavzqfv/Build/Intermediates.noindex/DTCoreText.build/Debug-iphonesimulator/DTCoreText.build/Objects-normal/x86_64/NSMutableAttributedString+HTML.o /Users/aadityasingh/Library/Developer/Xcode/DerivedData/Chatlio-erkyzdeecsohoaggpwbjdvavzqfv/SourcePackages/checkouts/DTCoreText/Core/Source/NSMutableAttributedString+HTML.m normal x86_64 objective-c com.apple.compilers.llvm.clang.1_0.compiler (in target 'DTCoreText' from project 'DTCoreText')
    cd /Users/aadityasingh/Documents/Development/element-x-ios/Chatlio.xcodeproj
    
    Using response file: /Users/aadityasingh/Library/Developer/Xcode/DerivedData/Chatlio-erkyzdeecsohoaggpwbjdvavzqfv/Build/Intermediates.noindex/DTCoreText.build/Debug-iphonesimulator/DTCoreText.build/Objects-normal/x86_64/e6072d4f65d7061329687fe24e3d63a7-common-args.resp
    
    /Applications/Xcode.app/Contents/Developer/Toolchains/XcodeDefault.xctoolchain/usr/bin/clang -x objective-c -ivfsstatcache /Users/aadityasingh/Library/Developer/Xcode/DerivedData/SDKStatCaches.noindex/iphonesimulator26.4-23E252-686eebb5dc1d8ecb277353a59184f4aa.sdkstatcache -target x86_64-apple-ios12.0-simulator -fmessage-length\=0 -fdiagnostics-show-note-include-stack -fmacro-backtrace-limit\=0 -fno-color-diagnostics -fmodules-prune-interval\=86400 -fmodules-prune-after\=345600 -fbuild-session-file\=/Users/aadityasingh/Library/Developer/Xcode/DerivedData/ModuleCache.noindex/Session.modulevalidation -fmodules-validate-once-per-build-session -Wnon-modular-include-in-framework-module -Werror\=non-modular-include-in-framework-module -Wno-trigraphs -Wno-missing-field-initializers -Wno-missing-prototypes -Wno-return-type -Wno-implicit-atomic-properties -Wno-objc-interface-ivars -Wno-arc-repeated-use-of-weak -Wno-missing-braces -Wparentheses -Wswitch -Wno-unused-function -Wno-unused-label -Wno-unused-parameter -Wno-unused-variable -Wunused-value -Wno-empty-body -Wno-uninitialized -Wno-unknown-pragmas -w -Wno-shadow -Wno-four-char-constants -Wno-conversion -Wno-constant-conversion -Wno-int-conversion -Wno-bool-conversion -Wno-enum-conversion -Wno-float-conversion -Wno-non-literal-null-conversion -Wno-objc-literal-conversion -Wshorten-64-to-32 -Wpointer-sign -Wno-newline-eof -Wno-selector -Wno-strict-selector-match -Wno-undeclared-selector -Wno-deprecated-implementations -Wno-implicit-fallthrough -isysroot /Applications/Xcode.app/Contents/Developer/Platforms/iPhoneSimulator.platform/Developer/SDKs/iPhoneSimulator26.4.sdk -fstrict-aliasing -Wprotocol -Wdeprecated-declarations -Wno-sign-conversion -Wno-infinite-recursion -Wno-comma -Wno-block-capture-autoreleasing -Wno-strict-prototypes -Wno-semicolon-before-method-body -index-store-path /Users/aadityasingh/Library/Developer/Xcode/DerivedData/Chatlio-erkyzdeecsohoaggpwbjdvavzqfv/Index.noindex/DataStore @/Users/aadityasingh/Library/Developer/Xcode/DerivedData/Chatlio-erkyzdeecsohoaggpwbjdvavzqfv/Build/Intermediates.noindex/DTCoreText.build/Debug-iphonesimulator/DTCoreText.build/Objects-normal/x86_64/e6072d4f65d7061329687fe24e3d63a7-common-args.resp -include /Users/aadityasingh/Library/Developer/Xcode/DerivedData/Chatlio-erkyzdeecsohoaggpwbjdvavzqfv/Build/Intermediates.noindex/DTCoreText.build/Debug-iphonesimulator/DTCoreText.build/DerivedSources/resource_bundle_accessor.h -MMD -MT dependencies -MF /Users/aadityasingh/Library/Developer/Xcode/DerivedData/Chatlio-erkyzdeecsohoaggpwbjdvavzqfv/Build/Intermediates.noindex/DTCoreText.build/Debug-iphonesimulator/DTCoreText.build/Objects-normal/x86_64/NSMutableAttributedString+HTML.d --serialize-diagnostics /Users/aadityasingh/Library/Developer/Xcode/DerivedData/Chatlio-erkyzdeecsohoaggpwbjdvavzqfv/Build/Intermediates.noindex/DTCoreText.build/Debug-iphonesimulator/DTCoreText.build/Objects-normal/x86_64/NSMutableAttributedString+HTML.dia -c /Users/aadityasingh/Library/Developer/Xcode/DerivedData/Chatlio-erkyzdeecsohoaggpwbjdvavzqfv/SourcePackages/checkouts/DTCoreText/Core/Source/NSMutableAttributedString+HTML.m -o /Users/aadityasingh/Library/Developer/Xcode/DerivedData/Chatlio-erkyzdeecsohoaggpwbjdvavzqfv/Build/Intermediates.noindex/DTCoreText.build/Debug-iphonesimulator/DTCoreText.build/Objects-normal/x86_64/NSMutableAttributedString+HTML.o -index-unit-output-path /DTCoreText.build/Debug-iphonesimulator/DTCoreText.build/Objects-normal/x86_64/NSMutableAttributedString+HTML.o

CompileC /Users/aadityasingh/Library/Developer/Xcode/DerivedData/Chatlio-erkyzdeecsohoaggpwbjdvavzqfv/Build/Intermediates.noindex/DTCoreText.build/Debug-iphonesimulator/DTCoreText.build/Objects-normal/x86_64/NSDictionary+DTCoreText.o /Users/aadityasingh/Library/Developer/Xcode/DerivedData/Chatlio-erkyzdeecsohoaggpwbjdvavzqfv/SourcePackages/checkouts/DTCoreText/Core/Source/NSDictionary+DTCoreText.m normal x86_64 objective-c com.apple.compilers.llvm.clang.1_0.compiler (in target 'DTCoreText' from project 'DTCoreText')
    cd /Users/aadityasingh/Documents/Development/element-x-ios/Chatlio.xcodeproj
    
    Using response file: /Users/aadityasingh/Library/Developer/Xcode/DerivedData/Chatlio-erkyzdeecsohoaggpwbjdvavzqfv/Build/Intermediates.noindex/DTCoreText.build/Debug-iphonesimulator/DTCoreText.build/Objects-normal/x86_64/e6072d4f65d7061329687fe24e3d63a7-common-args.resp
    
    /Applications/Xcode.app/Contents/Developer/Toolchains/XcodeDefault.xctoolchain/usr/bin/clang -x objective-c -ivfsstatcache /Users/aadityasingh/Library/Developer/Xcode/DerivedData/SDKStatCaches.noindex/iphonesimulator26.4-23E252-686eebb5dc1d8ecb277353a59184f4aa.sdkstatcache -target x86_64-apple-ios12.0-simulator -fmessage-length\=0 -fdiagnostics-show-note-include-stack -fmacro-backtrace-limit\=0 -fno-color-diagnostics -fmodules-prune-interval\=86400 -fmodules-prune-after\=345600 -fbuild-session-file\=/Users/aadityasingh/Library/Developer/Xcode/DerivedData/ModuleCache.noindex/Session.modulevalidation -fmodules-validate-once-per-build-session -Wnon-modular-include-in-framework-module -Werror\=non-modular-include-in-framework-module -Wno-trigraphs -Wno-missing-field-initializers -Wno-missing-prototypes -Wno-return-type -Wno-implicit-atomic-properties -Wno-objc-interface-ivars -Wno-arc-repeated-use-of-weak -Wno-missing-braces -Wparentheses -Wswitch -Wno-unused-function -Wno-unused-label -Wno-unused-parameter -Wno-unused-variable -Wunused-value -Wno-empty-body -Wno-uninitialized -Wno-unknown-pragmas -w -Wno-shadow -Wno-four-char-constants -Wno-conversion -Wno-constant-conversion -Wno-int-conversion -Wno-bool-conversion -Wno-enum-conversion -Wno-float-conversion -Wno-non-literal-null-conversion -Wno-objc-literal-conversion -Wshorten-64-to-32 -Wpointer-sign -Wno-newline-eof -Wno-selector -Wno-strict-selector-match -Wno-undeclared-selector -Wno-deprecated-implementations -Wno-implicit-fallthrough -isysroot /Applications/Xcode.app/Contents/Developer/Platforms/iPhoneSimulator.platform/Developer/SDKs/iPhoneSimulator26.4.sdk -fstrict-aliasing -Wprotocol -Wdeprecated-declarations -Wno-sign-conversion -Wno-infinite-recursion -Wno-comma -Wno-block-capture-autoreleasing -Wno-strict-prototypes -Wno-semicolon-before-method-body -index-store-path /Users/aadityasingh/Library/Developer/Xcode/DerivedData/Chatlio-erkyzdeecsohoaggpwbjdvavzqfv/Index.noindex/DataStore @/Users/aadityasingh/Library/Developer/Xcode/DerivedData/Chatlio-erkyzdeecsohoaggpwbjdvavzqfv/Build/Intermediates.noindex/DTCoreText.build/Debug-iphonesimulator/DTCoreText.build/Objects-normal/x86_64/e6072d4f65d7061329687fe24e3d63a7-common-args.resp -include /Users/aadityasingh/Library/Developer/Xcode/DerivedData/Chatlio-erkyzdeecsohoaggpwbjdvavzqfv/Build/Intermediates.noindex/DTCoreText.build/Debug-iphonesimulator/DTCoreText.build/DerivedSources/resource_bundle_accessor.h -MMD -MT dependencies -MF /Users/aadityasingh/Library/Developer/Xcode/DerivedData/Chatlio-erkyzdeecsohoaggpwbjdvavzqfv/Build/Intermediates.noindex/DTCoreText.build/Debug-iphonesimulator/DTCoreText.build/Objects-normal/x86_64/NSDictionary+DTCoreText.d --serialize-diagnostics /Users/aadityasingh/Library/Developer/Xcode/DerivedData/Chatlio-erkyzdeecsohoaggpwbjdvavzqfv/Build/Intermediates.noindex/DTCoreText.build/Debug-iphonesimulator/DTCoreText.build/Objects-normal/x86_64/NSDictionary+DTCoreText.dia -c /Users/aadityasingh/Library/Developer/Xcode/DerivedData/Chatlio-erkyzdeecsohoaggpwbjdvavzqfv/SourcePackages/checkouts/DTCoreText/Core/Source/NSDictionary+DTCoreText.m -o /Users/aadityasingh/Library/Developer/Xcode/DerivedData/Chatlio-erkyzdeecsohoaggpwbjdvavzqfv/Build/Intermediates.noindex/DTCoreText.build/Debug-iphonesimulator/DTCoreText.build/Objects-normal/x86_64/NSDictionary+DTCoreText.o -index-unit-output-path /DTCoreText.build/Debug-iphonesimulator/DTCoreText.build/Objects-normal/x86_64/NSDictionary+DTCoreText.o

CompileC /Users/aadityasingh/Library/Developer/Xcode/DerivedData/Chatlio-erkyzdeecsohoaggpwbjdvavzqfv/Build/Intermediates.noindex/DTCoreText.build/Debug-iphonesimulator/DTCoreText.build/Objects-normal/x86_64/NSCoder+DTCompatibility.o /Users/aadityasingh/Library/Developer/Xcode/DerivedData/Chatlio-erkyzdeecsohoaggpwbjdvavzqfv/SourcePackages/checkouts/DTCoreText/Core/Source/NSCoder+DTCompatibility.m normal x86_64 objective-c com.apple.compilers.llvm.clang.1_0.compiler (in target 'DTCoreText' from project 'DTCoreText')
    cd /Users/aadityasingh/Documents/Development/element-x-ios/Chatlio.xcodeproj
    
    Using response file: /Users/aadityasingh/Library/Developer/Xcode/DerivedData/Chatlio-erkyzdeecsohoaggpwbjdvavzqfv/Build/Intermediates.noindex/DTCoreText.build/Debug-iphonesimulator/DTCoreText.build/Objects-normal/x86_64/e6072d4f65d7061329687fe24e3d63a7-common-args.resp
    
    /Applications/Xcode.app/Contents/Developer/Toolchains/XcodeDefault.xctoolchain/usr/bin/clang -x objective-c -ivfsstatcache /Users/aadityasingh/Library/Developer/Xcode/DerivedData/SDKStatCaches.noindex/iphonesimulator26.4-23E252-686eebb5dc1d8ecb277353a59184f4aa.sdkstatcache -target x86_64-apple-ios12.0-simulator -fmessage-length\=0 -fdiagnostics-show-note-include-stack -fmacro-backtrace-limit\=0 -fno-color-diagnostics -fmodules-prune-interval\=86400 -fmodules-prune-after\=345600 -fbuild-session-file\=/Users/aadityasingh/Library/Developer/Xcode/DerivedData/ModuleCache.noindex/Session.modulevalidation -fmodules-validate-once-per-build-session -Wnon-modular-include-in-framework-module -Werror\=non-modular-include-in-framework-module -Wno-trigraphs -Wno-missing-field-initializers -Wno-missing-prototypes -Wno-return-type -Wno-implicit-atomic-properties -Wno-objc-interface-ivars -Wno-arc-repeated-use-of-weak -Wno-missing-braces -Wparentheses -Wswitch -Wno-unused-function -Wno-unused-label -Wno-unused-parameter -Wno-unused-variable -Wunused-value -Wno-empty-body -Wno-uninitialized -Wno-unknown-pragmas -w -Wno-shadow -Wno-four-char-constants -Wno-conversion -Wno-constant-conversion -Wno-int-conversion -Wno-bool-conversion -Wno-enum-conversion -Wno-float-conversion -Wno-non-literal-null-conversion -Wno-objc-literal-conversion -Wshorten-64-to-32 -Wpointer-sign -Wno-newline-eof -Wno-selector -Wno-strict-selector-match -Wno-undeclared-selector -Wno-deprecated-implementations -Wno-implicit-fallthrough -isysroot /Applications/Xcode.app/Contents/Developer/Platforms/iPhoneSimulator.platform/Developer/SDKs/iPhoneSimulator26.4.sdk -fstrict-aliasing -Wprotocol -Wdeprecated-declarations -Wno-sign-conversion -Wno-infinite-recursion -Wno-comma -Wno-block-capture-autoreleasing -Wno-strict-prototypes -Wno-semicolon-before-method-body -index-store-path /Users/aadityasingh/Library/Developer/Xcode/DerivedData/Chatlio-erkyzdeecsohoaggpwbjdvavzqfv/Index.noindex/DataStore @/Users/aadityasingh/Library/Developer/Xcode/DerivedData/Chatlio-erkyzdeecsohoaggpwbjdvavzqfv/Build/Intermediates.noindex/DTCoreText.build/Debug-iphonesimulator/DTCoreText.build/Objects-normal/x86_64/e6072d4f65d7061329687fe24e3d63a7-common-args.resp -include /Users/aadityasingh/Library/Developer/Xcode/DerivedData/Chatlio-erkyzdeecsohoaggpwbjdvavzqfv/Build/Intermediates.noindex/DTCoreText.build/Debug-iphonesimulator/DTCoreText.build/DerivedSources/resource_bundle_accessor.h -MMD -MT dependencies -MF /Users/aadityasingh/Library/Developer/Xcode/DerivedData/Chatlio-erkyzdeecsohoaggpwbjdvavzqfv/Build/Intermediates.noindex/DTCoreText.build/Debug-iphonesimulator/DTCoreText.build/Objects-normal/x86_64/NSCoder+DTCompatibility.d --serialize-diagnostics /Users/aadityasingh/Library/Developer/Xcode/DerivedData/Chatlio-erkyzdeecsohoaggpwbjdvavzqfv/Build/Intermediates.noindex/DTCoreText.build/Debug-iphonesimulator/DTCoreText.build/Objects-normal/x86_64/NSCoder+DTCompatibility.dia -c /Users/aadityasingh/Library/Developer/Xcode/DerivedData/Chatlio-erkyzdeecsohoaggpwbjdvavzqfv/SourcePackages/checkouts/DTCoreText/Core/Source/NSCoder+DTCompatibility.m -o /Users/aadityasingh/Library/Developer/Xcode/DerivedData/Chatlio-erkyzdeecsohoaggpwbjdvavzqfv/Build/Intermediates.noindex/DTCoreText.build/Debug-iphonesimulator/DTCoreText.build/Objects-normal/x86_64/NSCoder+DTCompatibility.o -index-unit-output-path /DTCoreText.build/Debug-iphonesimulator/DTCoreText.build/Objects-normal/x86_64/NSCoder+DTCompatibility.o

CompileC /Users/aadityasingh/Library/Developer/Xcode/DerivedData/Chatlio-erkyzdeecsohoaggpwbjdvavzqfv/Build/Intermediates.noindex/DTCoreText.build/Debug-iphonesimulator/DTCoreText.build/Objects-normal/x86_64/NSCharacterSet+HTML.o /Users/aadityasingh/Library/Developer/Xcode/DerivedData/Chatlio-erkyzdeecsohoaggpwbjdvavzqfv/SourcePackages/checkouts/DTCoreText/Core/Source/NSCharacterSet+HTML.m normal x86_64 objective-c com.apple.compilers.llvm.clang.1_0.compiler (in target 'DTCoreText' from project 'DTCoreText')
    cd /Users/aadityasingh/Documents/Development/element-x-ios/Chatlio.xcodeproj
    
    Using response file: /Users/aadityasingh/Library/Developer/Xcode/DerivedData/Chatlio-erkyzdeecsohoaggpwbjdvavzqfv/Build/Intermediates.noindex/DTCoreText.build/Debug-iphonesimulator/DTCoreText.build/Objects-normal/x86_64/e6072d4f65d7061329687fe24e3d63a7-common-args.resp
    
    /Applications/Xcode.app/Contents/Developer/Toolchains/XcodeDefault.xctoolchain/usr/bin/clang -x objective-c -ivfsstatcache /Users/aadityasingh/Library/Developer/Xcode/DerivedData/SDKStatCaches.noindex/iphonesimulator26.4-23E252-686eebb5dc1d8ecb277353a59184f4aa.sdkstatcache -target x86_64-apple-ios12.0-simulator -fmessage-length\=0 -fdiagnostics-show-note-include-stack -fmacro-backtrace-limit\=0 -fno-color-diagnostics -fmodules-prune-interval\=86400 -fmodules-prune-after\=345600 -fbuild-session-file\=/Users/aadityasingh/Library/Developer/Xcode/DerivedData/ModuleCache.noindex/Session.modulevalidation -fmodules-validate-once-per-build-session -Wnon-modular-include-in-framework-module -Werror\=non-modular-include-in-framework-module -Wno-trigraphs -Wno-missing-field-initializers -Wno-missing-prototypes -Wno-return-type -Wno-implicit-atomic-properties -Wno-objc-interface-ivars -Wno-arc-repeated-use-of-weak -Wno-missing-braces -Wparentheses -Wswitch -Wno-unused-function -Wno-unused-label -Wno-unused-parameter -Wno-unused-variable -Wunused-value -Wno-empty-body -Wno-uninitialized -Wno-unknown-pragmas -w -Wno-shadow -Wno-four-char-constants -Wno-conversion -Wno-constant-conversion -Wno-int-conversion -Wno-bool-conversion -Wno-enum-conversion -Wno-float-conversion -Wno-non-literal-null-conversion -Wno-objc-literal-conversion -Wshorten-64-to-32 -Wpointer-sign -Wno-newline-eof -Wno-selector -Wno-strict-selector-match -Wno-undeclared-selector -Wno-deprecated-implementations -Wno-implicit-fallthrough -isysroot /Applications/Xcode.app/Contents/Developer/Platforms/iPhoneSimulator.platform/Developer/SDKs/iPhoneSimulator26.4.sdk -fstrict-aliasing -Wprotocol -Wdeprecated-declarations -Wno-sign-conversion -Wno-infinite-recursion -Wno-comma -Wno-block-capture-autoreleasing -Wno-strict-prototypes -Wno-semicolon-before-method-body -index-store-path /Users/aadityasingh/Library/Developer/Xcode/DerivedData/Chatlio-erkyzdeecsohoaggpwbjdvavzqfv/Index.noindex/DataStore @/Users/aadityasingh/Library/Developer/Xcode/DerivedData/Chatlio-erkyzdeecsohoaggpwbjdvavzqfv/Build/Intermediates.noindex/DTCoreText.build/Debug-iphonesimulator/DTCoreText.build/Objects-normal/x86_64/e6072d4f65d7061329687fe24e3d63a7-common-args.resp -include /Users/aadityasingh/Library/Developer/Xcode/DerivedData/Chatlio-erkyzdeecsohoaggpwbjdvavzqfv/Build/Intermediates.noindex/DTCoreText.build/Debug-iphonesimulator/DTCoreText.build/DerivedSources/resource_bundle_accessor.h -MMD -MT dependencies -MF /Users/aadityasingh/Library/Developer/Xcode/DerivedData/Chatlio-erkyzdeecsohoaggpwbjdvavzqfv/Build/Intermediates.noindex/DTCoreText.build/Debug-iphonesimulator/DTCoreText.build/Objects-normal/x86_64/NSCharacterSet+HTML.d --serialize-diagnostics /Users/aadityasingh/Library/Developer/Xcode/DerivedData/Chatlio-erkyzdeecsohoaggpwbjdvavzqfv/Build/Intermediates.noindex/DTCoreText.build/Debug-iphonesimulator/DTCoreText.build/Objects-normal/x86_64/NSCharacterSet+HTML.dia -c /Users/aadityasingh/Library/Developer/Xcode/DerivedData/Chatlio-erkyzdeecsohoaggpwbjdvavzqfv/SourcePackages/checkouts/DTCoreText/Core/Source/NSCharacterSet+HTML.m -o /Users/aadityasingh/Library/Developer/Xcode/DerivedData/Chatlio-erkyzdeecsohoaggpwbjdvavzqfv/Build/Intermediates.noindex/DTCoreText.build/Debug-iphonesimulator/DTCoreText.build/Objects-normal/x86_64/NSCharacterSet+HTML.o -index-unit-output-path /DTCoreText.build/Debug-iphonesimulator/DTCoreText.build/Objects-normal/x86_64/NSCharacterSet+HTML.o

CompileC /Users/aadityasingh/Library/Developer/Xcode/DerivedData/Chatlio-erkyzdeecsohoaggpwbjdvavzqfv/Build/Intermediates.noindex/DTCoreText.build/Debug-iphonesimulator/DTCoreText.build/Objects-normal/x86_64/NSAttributedStringRunDelegates.o /Users/aadityasingh/Library/Developer/Xcode/DerivedData/Chatlio-erkyzdeecsohoaggpwbjdvavzqfv/SourcePackages/checkouts/DTCoreText/Core/Source/NSAttributedStringRunDelegates.m normal x86_64 objective-c com.apple.compilers.llvm.clang.1_0.compiler (in target 'DTCoreText' from project 'DTCoreText')
    cd /Users/aadityasingh/Documents/Development/element-x-ios/Chatlio.xcodeproj
    
    Using response file: /Users/aadityasingh/Library/Developer/Xcode/DerivedData/Chatlio-erkyzdeecsohoaggpwbjdvavzqfv/Build/Intermediates.noindex/DTCoreText.build/Debug-iphonesimulator/DTCoreText.build/Objects-normal/x86_64/e6072d4f65d7061329687fe24e3d63a7-common-args.resp
    
    /Applications/Xcode.app/Contents/Developer/Toolchains/XcodeDefault.xctoolchain/usr/bin/clang -x objective-c -ivfsstatcache /Users/aadityasingh/Library/Developer/Xcode/DerivedData/SDKStatCaches.noindex/iphonesimulator26.4-23E252-686eebb5dc1d8ecb277353a59184f4aa.sdkstatcache -target x86_64-apple-ios12.0-simulator -fmessage-length\=0 -fdiagnostics-show-note-include-stack -fmacro-backtrace-limit\=0 -fno-color-diagnostics -fmodules-prune-interval\=86400 -fmodules-prune-after\=345600 -fbuild-session-file\=/Users/aadityasingh/Library/Developer/Xcode/DerivedData/ModuleCache.noindex/Session.modulevalidation -fmodules-validate-once-per-build-session -Wnon-modular-include-in-framework-module -Werror\=non-modular-include-in-framework-module -Wno-trigraphs -Wno-missing-field-initializers -Wno-missing-prototypes -Wno-return-type -Wno-implicit-atomic-properties -Wno-objc-interface-ivars -Wno-arc-repeated-use-of-weak -Wno-missing-braces -Wparentheses -Wswitch -Wno-unused-function -Wno-unused-label -Wno-unused-parameter -Wno-unused-variable -Wunused-value -Wno-empty-body -Wno-uninitialized -Wno-unknown-pragmas -w -Wno-shadow -Wno-four-char-constants -Wno-conversion -Wno-constant-conversion -Wno-int-conversion -Wno-bool-conversion -Wno-enum-conversion -Wno-float-conversion -Wno-non-literal-null-conversion -Wno-objc-literal-conversion -Wshorten-64-to-32 -Wpointer-sign -Wno-newline-eof -Wno-selector -Wno-strict-selector-match -Wno-undeclared-selector -Wno-deprecated-implementations -Wno-implicit-fallthrough -isysroot /Applications/Xcode.app/Contents/Developer/Platforms/iPhoneSimulator.platform/Developer/SDKs/iPhoneSimulator26.4.sdk -fstrict-aliasing -Wprotocol -Wdeprecated-declarations -Wno-sign-conversion -Wno-infinite-recursion -Wno-comma -Wno-block-capture-autoreleasing -Wno-strict-prototypes -Wno-semicolon-before-method-body -index-store-path /Users/aadityasingh/Library/Developer/Xcode/DerivedData/Chatlio-erkyzdeecsohoaggpwbjdvavzqfv/Index.noindex/DataStore @/Users/aadityasingh/Library/Developer/Xcode/DerivedData/Chatlio-erkyzdeecsohoaggpwbjdvavzqfv/Build/Intermediates.noindex/DTCoreText.build/Debug-iphonesimulator/DTCoreText.build/Objects-normal/x86_64/e6072d4f65d7061329687fe24e3d63a7-common-args.resp -include /Users/aadityasingh/Library/Developer/Xcode/DerivedData/Chatlio-erkyzdeecsohoaggpwbjdvavzqfv/Build/Intermediates.noindex/DTCoreText.build/Debug-iphonesimulator/DTCoreText.build/DerivedSources/resource_bundle_accessor.h -MMD -MT dependencies -MF /Users/aadityasingh/Library/Developer/Xcode/DerivedData/Chatlio-erkyzdeecsohoaggpwbjdvavzqfv/Build/Intermediates.noindex/DTCoreText.build/Debug-iphonesimulator/DTCoreText.build/Objects-normal/x86_64/NSAttributedStringRunDelegates.d --serialize-diagnostics /Users/aadityasingh/Library/Developer/Xcode/DerivedData/Chatlio-erkyzdeecsohoaggpwbjdvavzqfv/Build/Intermediates.noindex/DTCoreText.build/Debug-iphonesimulator/DTCoreText.build/Objects-normal/x86_64/NSAttributedStringRunDelegates.dia -c /Users/aadityasingh/Library/Developer/Xcode/DerivedData/Chatlio-erkyzdeecsohoaggpwbjdvavzqfv/SourcePackages/checkouts/DTCoreText/Core/Source/NSAttributedStringRunDelegates.m -o /Users/aadityasingh/Library/Developer/Xcode/DerivedData/Chatlio-erkyzdeecsohoaggpwbjdvavzqfv/Build/Intermediates.noindex/DTCoreText.build/Debug-iphonesimulator/DTCoreText.build/Objects-normal/x86_64/NSAttributedStringRunDelegates.o -index-unit-output-path /DTCoreText.build/Debug-iphonesimulator/DTCoreText.build/Objects-normal/x86_64/NSAttributedStringRunDelegates.o

CompileC /Users/aadityasingh/Library/Developer/Xcode/DerivedData/Chatlio-erkyzdeecsohoaggpwbjdvavzqfv/Build/Intermediates.noindex/DTCoreText.build/Debug-iphonesimulator/DTCoreText.build/Objects-normal/x86_64/NSAttributedString+SmallCaps.o /Users/aadityasingh/Library/Developer/Xcode/DerivedData/Chatlio-erkyzdeecsohoaggpwbjdvavzqfv/SourcePackages/checkouts/DTCoreText/Core/Source/NSAttributedString+SmallCaps.m normal x86_64 objective-c com.apple.compilers.llvm.clang.1_0.compiler (in target 'DTCoreText' from project 'DTCoreText')
    cd /Users/aadityasingh/Documents/Development/element-x-ios/Chatlio.xcodeproj
    
    Using response file: /Users/aadityasingh/Library/Developer/Xcode/DerivedData/Chatlio-erkyzdeecsohoaggpwbjdvavzqfv/Build/Intermediates.noindex/DTCoreText.build/Debug-iphonesimulator/DTCoreText.build/Objects-normal/x86_64/e6072d4f65d7061329687fe24e3d63a7-common-args.resp
    
    /Applications/Xcode.app/Contents/Developer/Toolchains/XcodeDefault.xctoolchain/usr/bin/clang -x objective-c -ivfsstatcache /Users/aadityasingh/Library/Developer/Xcode/DerivedData/SDKStatCaches.noindex/iphonesimulator26.4-23E252-686eebb5dc1d8ecb277353a59184f4aa.sdkstatcache -target x86_64-apple-ios12.0-simulator -fmessage-length\=0 -fdiagnostics-show-note-include-stack -fmacro-backtrace-limit\=0 -fno-color-diagnostics -fmodules-prune-interval\=86400 -fmodules-prune-after\=345600 -fbuild-session-file\=/Users/aadityasingh/Library/Developer/Xcode/DerivedData/ModuleCache.noindex/Session.modulevalidation -fmodules-validate-once-per-build-session -Wnon-modular-include-in-framework-module -Werror\=non-modular-include-in-framework-module -Wno-trigraphs -Wno-missing-field-initializers -Wno-missing-prototypes -Wno-return-type -Wno-implicit-atomic-properties -Wno-objc-interface-ivars -Wno-arc-repeated-use-of-weak -Wno-missing-braces -Wparentheses -Wswitch -Wno-unused-function -Wno-unused-label -Wno-unused-parameter -Wno-unused-variable -Wunused-value -Wno-empty-body -Wno-uninitialized -Wno-unknown-pragmas -w -Wno-shadow -Wno-four-char-constants -Wno-conversion -Wno-constant-conversion -Wno-int-conversion -Wno-bool-conversion -Wno-enum-conversion -Wno-float-conversion -Wno-non-literal-null-conversion -Wno-objc-literal-conversion -Wshorten-64-to-32 -Wpointer-sign -Wno-newline-eof -Wno-selector -Wno-strict-selector-match -Wno-undeclared-selector -Wno-deprecated-implementations -Wno-implicit-fallthrough -isysroot /Applications/Xcode.app/Contents/Developer/Platforms/iPhoneSimulator.platform/Developer/SDKs/iPhoneSimulator26.4.sdk -fstrict-aliasing -Wprotocol -Wdeprecated-declarations -Wno-sign-conversion -Wno-infinite-recursion -Wno-comma -Wno-block-capture-autoreleasing -Wno-strict-prototypes -Wno-semicolon-before-method-body -index-store-path /Users/aadityasingh/Library/Developer/Xcode/DerivedData/Chatlio-erkyzdeecsohoaggpwbjdvavzqfv/Index.noindex/DataStore @/Users/aadityasingh/Library/Developer/Xcode/DerivedData/Chatlio-erkyzdeecsohoaggpwbjdvavzqfv/Build/Intermediates.noindex/DTCoreText.build/Debug-iphonesimulator/DTCoreText.build/Objects-normal/x86_64/e6072d4f65d7061329687fe24e3d63a7-common-args.resp -include /Users/aadityasingh/Library/Developer/Xcode/DerivedData/Chatlio-erkyzdeecsohoaggpwbjdvavzqfv/Build/Intermediates.noindex/DTCoreText.build/Debug-iphonesimulator/DTCoreText.build/DerivedSources/resource_bundle_accessor.h -MMD -MT dependencies -MF /Users/aadityasingh/Library/Developer/Xcode/DerivedData/Chatlio-erkyzdeecsohoaggpwbjdvavzqfv/Build/Intermediates.noindex/DTCoreText.build/Debug-iphonesimulator/DTCoreText.build/Objects-normal/x86_64/NSAttributedString+SmallCaps.d --serialize-diagnostics /Users/aadityasingh/Library/Developer/Xcode/DerivedData/Chatlio-erkyzdeecsohoaggpwbjdvavzqfv/Build/Intermediates.noindex/DTCoreText.build/Debug-iphonesimulator/DTCoreText.build/Objects-normal/x86_64/NSAttributedString+SmallCaps.dia -c /Users/aadityasingh/Library/Developer/Xcode/DerivedData/Chatlio-erkyzdeecsohoaggpwbjdvavzqfv/SourcePackages/checkouts/DTCoreText/Core/Source/NSAttributedString+SmallCaps.m -o /Users/aadityasingh/Library/Developer/Xcode/DerivedData/Chatlio-erkyzdeecsohoaggpwbjdvavzqfv/Build/Intermediates.noindex/DTCoreText.build/Debug-iphonesimulator/DTCoreText.build/Objects-normal/x86_64/NSAttributedString+SmallCaps.o -index-unit-output-path /DTCoreText.build/Debug-iphonesimulator/DTCoreText.build/Objects-normal/x86_64/NSAttributedString+SmallCaps.o

CompileC /Users/aadityasingh/Library/Developer/Xcode/DerivedData/Chatlio-erkyzdeecsohoaggpwbjdvavzqfv/Build/Intermediates.noindex/DTCoreText.build/Debug-iphonesimulator/DTCoreText.build/Objects-normal/x86_64/DTTextBlock.o /Users/aadityasingh/Library/Developer/Xcode/DerivedData/Chatlio-erkyzdeecsohoaggpwbjdvavzqfv/SourcePackages/checkouts/DTCoreText/Core/Source/DTTextBlock.m normal x86_64 objective-c com.apple.compilers.llvm.clang.1_0.compiler (in target 'DTCoreText' from project 'DTCoreText')
    cd /Users/aadityasingh/Documents/Development/element-x-ios/Chatlio.xcodeproj
    
    Using response file: /Users/aadityasingh/Library/Developer/Xcode/DerivedData/Chatlio-erkyzdeecsohoaggpwbjdvavzqfv/Build/Intermediates.noindex/DTCoreText.build/Debug-iphonesimulator/DTCoreText.build/Objects-normal/x86_64/e6072d4f65d7061329687fe24e3d63a7-common-args.resp
    
    /Applications/Xcode.app/Contents/Developer/Toolchains/XcodeDefault.xctoolchain/usr/bin/clang -x objective-c -ivfsstatcache /Users/aadityasingh/Library/Developer/Xcode/DerivedData/SDKStatCaches.noindex/iphonesimulator26.4-23E252-686eebb5dc1d8ecb277353a59184f4aa.sdkstatcache -target x86_64-apple-ios12.0-simulator -fmessage-length\=0 -fdiagnostics-show-note-include-stack -fmacro-backtrace-limit\=0 -fno-color-diagnostics -fmodules-prune-interval\=86400 -fmodules-prune-after\=345600 -fbuild-session-file\=/Users/aadityasingh/Library/Developer/Xcode/DerivedData/ModuleCache.noindex/Session.modulevalidation -fmodules-validate-once-per-build-session -Wnon-modular-include-in-framework-module -Werror\=non-modular-include-in-framework-module -Wno-trigraphs -Wno-missing-field-initializers -Wno-missing-prototypes -Wno-return-type -Wno-implicit-atomic-properties -Wno-objc-interface-ivars -Wno-arc-repeated-use-of-weak -Wno-missing-braces -Wparentheses -Wswitch -Wno-unused-function -Wno-unused-label -Wno-unused-parameter -Wno-unused-variable -Wunused-value -Wno-empty-body -Wno-uninitialized -Wno-unknown-pragmas -w -Wno-shadow -Wno-four-char-constants -Wno-conversion -Wno-constant-conversion -Wno-int-conversion -Wno-bool-conversion -Wno-enum-conversion -Wno-float-conversion -Wno-non-literal-null-conversion -Wno-objc-literal-conversion -Wshorten-64-to-32 -Wpointer-sign -Wno-newline-eof -Wno-selector -Wno-strict-selector-match -Wno-undeclared-selector -Wno-deprecated-implementations -Wno-implicit-fallthrough -isysroot /Applications/Xcode.app/Contents/Developer/Platforms/iPhoneSimulator.platform/Developer/SDKs/iPhoneSimulator26.4.sdk -fstrict-aliasing -Wprotocol -Wdeprecated-declarations -Wno-sign-conversion -Wno-infinite-recursion -Wno-comma -Wno-block-capture-autoreleasing -Wno-strict-prototypes -Wno-semicolon-before-method-body -index-store-path /Users/aadityasingh/Library/Developer/Xcode/DerivedData/Chatlio-erkyzdeecsohoaggpwbjdvavzqfv/Index.noindex/DataStore @/Users/aadityasingh/Library/Developer/Xcode/DerivedData/Chatlio-erkyzdeecsohoaggpwbjdvavzqfv/Build/Intermediates.noindex/DTCoreText.build/Debug-iphonesimulator/DTCoreText.build/Objects-normal/x86_64/e6072d4f65d7061329687fe24e3d63a7-common-args.resp -include /Users/aadityasingh/Library/Developer/Xcode/DerivedData/Chatlio-erkyzdeecsohoaggpwbjdvavzqfv/Build/Intermediates.noindex/DTCoreText.build/Debug-iphonesimulator/DTCoreText.build/DerivedSources/resource_bundle_accessor.h -MMD -MT dependencies -MF /Users/aadityasingh/Library/Developer/Xcode/DerivedData/Chatlio-erkyzdeecsohoaggpwbjdvavzqfv/Build/Intermediates.noindex/DTCoreText.build/Debug-iphonesimulator/DTCoreText.build/Objects-normal/x86_64/DTTextBlock.d --serialize-diagnostics /Users/aadityasingh/Library/Developer/Xcode/DerivedData/Chatlio-erkyzdeecsohoaggpwbjdvavzqfv/Build/Intermediates.noindex/DTCoreText.build/Debug-iphonesimulator/DTCoreText.build/Objects-normal/x86_64/DTTextBlock.dia -c /Users/aadityasingh/Library/Developer/Xcode/DerivedData/Chatlio-erkyzdeecsohoaggpwbjdvavzqfv/SourcePackages/checkouts/DTCoreText/Core/Source/DTTextBlock.m -o /Users/aadityasingh/Library/Developer/Xcode/DerivedData/Chatlio-erkyzdeecsohoaggpwbjdvavzqfv/Build/Intermediates.noindex/DTCoreText.build/Debug-iphonesimulator/DTCoreText.build/Objects-normal/x86_64/DTTextBlock.o -index-unit-output-path /DTCoreText.build/Debug-iphonesimulator/DTCoreText.build/Objects-normal/x86_64/DTTextBlock.o

CompileC /Users/aadityasingh/Library/Developer/Xcode/DerivedData/Chatlio-erkyzdeecsohoaggpwbjdvavzqfv/Build/Intermediates.noindex/DTCoreText.build/Debug-iphonesimulator/DTCoreText.build/Objects-normal/x86_64/DTImage+HTML.o /Users/aadityasingh/Library/Developer/Xcode/DerivedData/Chatlio-erkyzdeecsohoaggpwbjdvavzqfv/SourcePackages/checkouts/DTCoreText/Core/Source/DTImage+HTML.m normal x86_64 objective-c com.apple.compilers.llvm.clang.1_0.compiler (in target 'DTCoreText' from project 'DTCoreText')
    cd /Users/aadityasingh/Documents/Development/element-x-ios/Chatlio.xcodeproj
    
    Using response file: /Users/aadityasingh/Library/Developer/Xcode/DerivedData/Chatlio-erkyzdeecsohoaggpwbjdvavzqfv/Build/Intermediates.noindex/DTCoreText.build/Debug-iphonesimulator/DTCoreText.build/Objects-normal/x86_64/e6072d4f65d7061329687fe24e3d63a7-common-args.resp
    
    /Applications/Xcode.app/Contents/Developer/Toolchains/XcodeDefault.xctoolchain/usr/bin/clang -x objective-c -ivfsstatcache /Users/aadityasingh/Library/Developer/Xcode/DerivedData/SDKStatCaches.noindex/iphonesimulator26.4-23E252-686eebb5dc1d8ecb277353a59184f4aa.sdkstatcache -target x86_64-apple-ios12.0-simulator -fmessage-length\=0 -fdiagnostics-show-note-include-stack -fmacro-backtrace-limit\=0 -fno-color-diagnostics -fmodules-prune-interval\=86400 -fmodules-prune-after\=345600 -fbuild-session-file\=/Users/aadityasingh/Library/Developer/Xcode/DerivedData/ModuleCache.noindex/Session.modulevalidation -fmodules-validate-once-per-build-session -Wnon-modular-include-in-framework-module -Werror\=non-modular-include-in-framework-module -Wno-trigraphs -Wno-missing-field-initializers -Wno-missing-prototypes -Wno-return-type -Wno-implicit-atomic-properties -Wno-objc-interface-ivars -Wno-arc-repeated-use-of-weak -Wno-missing-braces -Wparentheses -Wswitch -Wno-unused-function -Wno-unused-label -Wno-unused-parameter -Wno-unused-variable -Wunused-value -Wno-empty-body -Wno-uninitialized -Wno-unknown-pragmas -w -Wno-shadow -Wno-four-char-constants -Wno-conversion -Wno-constant-conversion -Wno-int-conversion -Wno-bool-conversion -Wno-enum-conversion -Wno-float-conversion -Wno-non-literal-null-conversion -Wno-objc-literal-conversion -Wshorten-64-to-32 -Wpointer-sign -Wno-newline-eof -Wno-selector -Wno-strict-selector-match -Wno-undeclared-selector -Wno-deprecated-implementations -Wno-implicit-fallthrough -isysroot /Applications/Xcode.app/Contents/Developer/Platforms/iPhoneSimulator.platform/Developer/SDKs/iPhoneSimulator26.4.sdk -fstrict-aliasing -Wprotocol -Wdeprecated-declarations -Wno-sign-conversion -Wno-infinite-recursion -Wno-comma -Wno-block-capture-autoreleasing -Wno-strict-prototypes -Wno-semicolon-before-method-body -index-store-path /Users/aadityasingh/Library/Developer/Xcode/DerivedData/Chatlio-erkyzdeecsohoaggpwbjdvavzqfv/Index.noindex/DataStore @/Users/aadityasingh/Library/Developer/Xcode/DerivedData/Chatlio-erkyzdeecsohoaggpwbjdvavzqfv/Build/Intermediates.noindex/DTCoreText.build/Debug-iphonesimulator/DTCoreText.build/Objects-normal/x86_64/e6072d4f65d7061329687fe24e3d63a7-common-args.resp -include /Users/aadityasingh/Library/Developer/Xcode/DerivedData/Chatlio-erkyzdeecsohoaggpwbjdvavzqfv/Build/Intermediates.noindex/DTCoreText.build/Debug-iphonesimulator/DTCoreText.build/DerivedSources/resource_bundle_accessor.h -MMD -MT dependencies -MF /Users/aadityasingh/Library/Developer/Xcode/DerivedData/Chatlio-erkyzdeecsohoaggpwbjdvavzqfv/Build/Intermediates.noindex/DTCoreText.build/Debug-iphonesimulator/DTCoreText.build/Objects-normal/x86_64/DTImage+HTML.d --serialize-diagnostics /Users/aadityasingh/Library/Developer/Xcode/DerivedData/Chatlio-erkyzdeecsohoaggpwbjdvavzqfv/Build/Intermediates.noindex/DTCoreText.build/Debug-iphonesimulator/DTCoreText.build/Objects-normal/x86_64/DTImage+HTML.dia -c /Users/aadityasingh/Library/Developer/Xcode/DerivedData/Chatlio-erkyzdeecsohoaggpwbjdvavzqfv/SourcePackages/checkouts/DTCoreText/Core/Source/DTImage+HTML.m -o /Users/aadityasingh/Library/Developer/Xcode/DerivedData/Chatlio-erkyzdeecsohoaggpwbjdvavzqfv/Build/Intermediates.noindex/DTCoreText.build/Debug-iphonesimulator/DTCoreText.build/Objects-normal/x86_64/DTImage+HTML.o -index-unit-output-path /DTCoreText.build/Debug-iphonesimulator/DTCoreText.build/Objects-normal/x86_64/DTImage+HTML.o

CompileC /Users/aadityasingh/Library/Developer/Xcode/DerivedData/Chatlio-erkyzdeecsohoaggpwbjdvavzqfv/Build/Intermediates.noindex/DTCoreText.build/Debug-iphonesimulator/DTCoreText.build/Objects-normal/x86_64/DTDictationPlaceholderView.o /Users/aadityasingh/Library/Developer/Xcode/DerivedData/Chatlio-erkyzdeecsohoaggpwbjdvavzqfv/SourcePackages/checkouts/DTCoreText/Core/Source/DTDictationPlaceholderView.m normal x86_64 objective-c com.apple.compilers.llvm.clang.1_0.compiler (in target 'DTCoreText' from project 'DTCoreText')
    cd /Users/aadityasingh/Documents/Development/element-x-ios/Chatlio.xcodeproj
    
    Using response file: /Users/aadityasingh/Library/Developer/Xcode/DerivedData/Chatlio-erkyzdeecsohoaggpwbjdvavzqfv/Build/Intermediates.noindex/DTCoreText.build/Debug-iphonesimulator/DTCoreText.build/Objects-normal/x86_64/e6072d4f65d7061329687fe24e3d63a7-common-args.resp
    
    /Applications/Xcode.app/Contents/Developer/Toolchains/XcodeDefault.xctoolchain/usr/bin/clang -x objective-c -ivfsstatcache /Users/aadityasingh/Library/Developer/Xcode/DerivedData/SDKStatCaches.noindex/iphonesimulator26.4-23E252-686eebb5dc1d8ecb277353a59184f4aa.sdkstatcache -target x86_64-apple-ios12.0-simulator -fmessage-length\=0 -fdiagnostics-show-note-include-stack -fmacro-backtrace-limit\=0 -fno-color-diagnostics -fmodules-prune-interval\=86400 -fmodules-prune-after\=345600 -fbuild-session-file\=/Users/aadityasingh/Library/Developer/Xcode/DerivedData/ModuleCache.noindex/Session.modulevalidation -fmodules-validate-once-per-build-session -Wnon-modular-include-in-framework-module -Werror\=non-modular-include-in-framework-module -Wno-trigraphs -Wno-missing-field-initializers -Wno-missing-prototypes -Wno-return-type -Wno-implicit-atomic-properties -Wno-objc-interface-ivars -Wno-arc-repeated-use-of-weak -Wno-missing-braces -Wparentheses -Wswitch -Wno-unused-function -Wno-unused-label -Wno-unused-parameter -Wno-unused-variable -Wunused-value -Wno-empty-body -Wno-uninitialized -Wno-unknown-pragmas -w -Wno-shadow -Wno-four-char-constants -Wno-conversion -Wno-constant-conversion -Wno-int-conversion -Wno-bool-conversion -Wno-enum-conversion -Wno-float-conversion -Wno-non-literal-null-conversion -Wno-objc-literal-conversion -Wshorten-64-to-32 -Wpointer-sign -Wno-newline-eof -Wno-selector -Wno-strict-selector-match -Wno-undeclared-selector -Wno-deprecated-implementations -Wno-implicit-fallthrough -isysroot /Applications/Xcode.app/Contents/Developer/Platforms/iPhoneSimulator.platform/Developer/SDKs/iPhoneSimulator26.4.sdk -fstrict-aliasing -Wprotocol -Wdeprecated-declarations -Wno-sign-conversion -Wno-infinite-recursion -Wno-comma -Wno-block-capture-autoreleasing -Wno-strict-prototypes -Wno-semicolon-before-method-body -index-store-path /Users/aadityasingh/Library/Developer/Xcode/DerivedData/Chatlio-erkyzdeecsohoaggpwbjdvavzqfv/Index.noindex/DataStore @/Users/aadityasingh/Library/Developer/Xcode/DerivedData/Chatlio-erkyzdeecsohoaggpwbjdvavzqfv/Build/Intermediates.noindex/DTCoreText.build/Debug-iphonesimulator/DTCoreText.build/Objects-normal/x86_64/e6072d4f65d7061329687fe24e3d63a7-common-args.resp -include /Users/aadityasingh/Library/Developer/Xcode/DerivedData/Chatlio-erkyzdeecsohoaggpwbjdvavzqfv/Build/Intermediates.noindex/DTCoreText.build/Debug-iphonesimulator/DTCoreText.build/DerivedSources/resource_bundle_accessor.h -MMD -MT dependencies -MF /Users/aadityasingh/Library/Developer/Xcode/DerivedData/Chatlio-erkyzdeecsohoaggpwbjdvavzqfv/Build/Intermediates.noindex/DTCoreText.build/Debug-iphonesimulator/DTCoreText.build/Objects-normal/x86_64/DTDictationPlaceholderView.d --serialize-diagnostics /Users/aadityasingh/Library/Developer/Xcode/DerivedData/Chatlio-erkyzdeecsohoaggpwbjdvavzqfv/Build/Intermediates.noindex/DTCoreText.build/Debug-iphonesimulator/DTCoreText.build/Objects-normal/x86_64/DTDictationPlaceholderView.dia -c /Users/aadityasingh/Library/Developer/Xcode/DerivedData/Chatlio-erkyzdeecsohoaggpwbjdvavzqfv/SourcePackages/checkouts/DTCoreText/Core/Source/DTDictationPlaceholderView.m -o /Users/aadityasingh/Library/Developer/Xcode/DerivedData/Chatlio-erkyzdeecsohoaggpwbjdvavzqfv/Build/Intermediates.noindex/DTCoreText.build/Debug-iphonesimulator/DTCoreText.build/Objects-normal/x86_64/DTDictationPlaceholderView.o -index-unit-output-path /DTCoreText.build/Debug-iphonesimulator/DTCoreText.build/Objects-normal/x86_64/DTDictationPlaceholderView.o

CompileC /Users/aadityasingh/Library/Developer/Xcode/DerivedData/Chatlio-erkyzdeecsohoaggpwbjdvavzqfv/Build/Intermediates.noindex/DTCoreText.build/Debug-iphonesimulator/DTCoreText.build/Objects-normal/x86_64/DTDictationPlaceholderTextAttachment.o /Users/aadityasingh/Library/Developer/Xcode/DerivedData/Chatlio-erkyzdeecsohoaggpwbjdvavzqfv/SourcePackages/checkouts/DTCoreText/Core/Source/DTDictationPlaceholderTextAttachment.m normal x86_64 objective-c com.apple.compilers.llvm.clang.1_0.compiler (in target 'DTCoreText' from project 'DTCoreText')
    cd /Users/aadityasingh/Documents/Development/element-x-ios/Chatlio.xcodeproj
    
    Using response file: /Users/aadityasingh/Library/Developer/Xcode/DerivedData/Chatlio-erkyzdeecsohoaggpwbjdvavzqfv/Build/Intermediates.noindex/DTCoreText.build/Debug-iphonesimulator/DTCoreText.build/Objects-normal/x86_64/e6072d4f65d7061329687fe24e3d63a7-common-args.resp
    
    /Applications/Xcode.app/Contents/Developer/Toolchains/XcodeDefault.xctoolchain/usr/bin/clang -x objective-c -ivfsstatcache /Users/aadityasingh/Library/Developer/Xcode/DerivedData/SDKStatCaches.noindex/iphonesimulator26.4-23E252-686eebb5dc1d8ecb277353a59184f4aa.sdkstatcache -target x86_64-apple-ios12.0-simulator -fmessage-length\=0 -fdiagnostics-show-note-include-stack -fmacro-backtrace-limit\=0 -fno-color-diagnostics -fmodules-prune-interval\=86400 -fmodules-prune-after\=345600 -fbuild-session-file\=/Users/aadityasingh/Library/Developer/Xcode/DerivedData/ModuleCache.noindex/Session.modulevalidation -fmodules-validate-once-per-build-session -Wnon-modular-include-in-framework-module -Werror\=non-modular-include-in-framework-module -Wno-trigraphs -Wno-missing-field-initializers -Wno-missing-prototypes -Wno-return-type -Wno-implicit-atomic-properties -Wno-objc-interface-ivars -Wno-arc-repeated-use-of-weak -Wno-missing-braces -Wparentheses -Wswitch -Wno-unused-function -Wno-unused-label -Wno-unused-parameter -Wno-unused-variable -Wunused-value -Wno-empty-body -Wno-uninitialized -Wno-unknown-pragmas -w -Wno-shadow -Wno-four-char-constants -Wno-conversion -Wno-constant-conversion -Wno-int-conversion -Wno-bool-conversion -Wno-enum-conversion -Wno-float-conversion -Wno-non-literal-null-conversion -Wno-objc-literal-conversion -Wshorten-64-to-32 -Wpointer-sign -Wno-newline-eof -Wno-selector -Wno-strict-selector-match -Wno-undeclared-selector -Wno-deprecated-implementations -Wno-implicit-fallthrough -isysroot /Applications/Xcode.app/Contents/Developer/Platforms/iPhoneSimulator.platform/Developer/SDKs/iPhoneSimulator26.4.sdk -fstrict-aliasing -Wprotocol -Wdeprecated-declarations -Wno-sign-conversion -Wno-infinite-recursion -Wno-comma -Wno-block-capture-autoreleasing -Wno-strict-prototypes -Wno-semicolon-before-method-body -index-store-path /Users/aadityasingh/Library/Developer/Xcode/DerivedData/Chatlio-erkyzdeecsohoaggpwbjdvavzqfv/Index.noindex/DataStore @/Users/aadityasingh/Library/Developer/Xcode/DerivedData/Chatlio-erkyzdeecsohoaggpwbjdvavzqfv/Build/Intermediates.noindex/DTCoreText.build/Debug-iphonesimulator/DTCoreText.build/Objects-normal/x86_64/e6072d4f65d7061329687fe24e3d63a7-common-args.resp -include /Users/aadityasingh/Library/Developer/Xcode/DerivedData/Chatlio-erkyzdeecsohoaggpwbjdvavzqfv/Build/Intermediates.noindex/DTCoreText.build/Debug-iphonesimulator/DTCoreText.build/DerivedSources/resource_bundle_accessor.h -MMD -MT dependencies -MF /Users/aadityasingh/Library/Developer/Xcode/DerivedData/Chatlio-erkyzdeecsohoaggpwbjdvavzqfv/Build/Intermediates.noindex/DTCoreText.build/Debug-iphonesimulator/DTCoreText.build/Objects-normal/x86_64/DTDictationPlaceholderTextAttachment.d --serialize-diagnostics /Users/aadityasingh/Library/Developer/Xcode/DerivedData/Chatlio-erkyzdeecsohoaggpwbjdvavzqfv/Build/Intermediates.noindex/DTCoreText.build/Debug-iphonesimulator/DTCoreText.build/Objects-normal/x86_64/DTDictationPlaceholderTextAttachment.dia -c /Users/aadityasingh/Library/Developer/Xcode/DerivedData/Chatlio-erkyzdeecsohoaggpwbjdvavzqfv/SourcePackages/checkouts/DTCoreText/Core/Source/DTDictationPlaceholderTextAttachment.m -o /Users/aadityasingh/Library/Developer/Xcode/DerivedData/Chatlio-erkyzdeecsohoaggpwbjdvavzqfv/Build/Intermediates.noindex/DTCoreText.build/Debug-iphonesimulator/DTCoreText.build/Objects-normal/x86_64/DTDictationPlaceholderTextAttachment.o -index-unit-output-path /DTCoreText.build/Debug-iphonesimulator/DTCoreText.build/Objects-normal/x86_64/DTDictationPlaceholderTextAttachment.o

CompileC /Users/aadityasingh/Library/Developer/Xcode/DerivedData/Chatlio-erkyzdeecsohoaggpwbjdvavzqfv/Build/Intermediates.noindex/DTCoreText.build/Debug-iphonesimulator/DTCoreText.build/Objects-normal/x86_64/DTCoreTextLayouter.o /Users/aadityasingh/Library/Developer/Xcode/DerivedData/Chatlio-erkyzdeecsohoaggpwbjdvavzqfv/SourcePackages/checkouts/DTCoreText/Core/Source/DTCoreTextLayouter.m normal x86_64 objective-c com.apple.compilers.llvm.clang.1_0.compiler (in target 'DTCoreText' from project 'DTCoreText')
    cd /Users/aadityasingh/Documents/Development/element-x-ios/Chatlio.xcodeproj
    
    Using response file: /Users/aadityasingh/Library/Developer/Xcode/DerivedData/Chatlio-erkyzdeecsohoaggpwbjdvavzqfv/Build/Intermediates.noindex/DTCoreText.build/Debug-iphonesimulator/DTCoreText.build/Objects-normal/x86_64/e6072d4f65d7061329687fe24e3d63a7-common-args.resp
    
    /Applications/Xcode.app/Contents/Developer/Toolchains/XcodeDefault.xctoolchain/usr/bin/clang -x objective-c -ivfsstatcache /Users/aadityasingh/Library/Developer/Xcode/DerivedData/SDKStatCaches.noindex/iphonesimulator26.4-23E252-686eebb5dc1d8ecb277353a59184f4aa.sdkstatcache -target x86_64-apple-ios12.0-simulator -fmessage-length\=0 -fdiagnostics-show-note-include-stack -fmacro-backtrace-limit\=0 -fno-color-diagnostics -fmodules-prune-interval\=86400 -fmodules-prune-after\=345600 -fbuild-session-file\=/Users/aadityasingh/Library/Developer/Xcode/DerivedData/ModuleCache.noindex/Session.modulevalidation -fmodules-validate-once-per-build-session -Wnon-modular-include-in-framework-module -Werror\=non-modular-include-in-framework-module -Wno-trigraphs -Wno-missing-field-initializers -Wno-missing-prototypes -Wno-return-type -Wno-implicit-atomic-properties -Wno-objc-interface-ivars -Wno-arc-repeated-use-of-weak -Wno-missing-braces -Wparentheses -Wswitch -Wno-unused-function -Wno-unused-label -Wno-unused-parameter -Wno-unused-variable -Wunused-value -Wno-empty-body -Wno-uninitialized -Wno-unknown-pragmas -w -Wno-shadow -Wno-four-char-constants -Wno-conversion -Wno-constant-conversion -Wno-int-conversion -Wno-bool-conversion -Wno-enum-conversion -Wno-float-conversion -Wno-non-literal-null-conversion -Wno-objc-literal-conversion -Wshorten-64-to-32 -Wpointer-sign -Wno-newline-eof -Wno-selector -Wno-strict-selector-match -Wno-undeclared-selector -Wno-deprecated-implementations -Wno-implicit-fallthrough -isysroot /Applications/Xcode.app/Contents/Developer/Platforms/iPhoneSimulator.platform/Developer/SDKs/iPhoneSimulator26.4.sdk -fstrict-aliasing -Wprotocol -Wdeprecated-declarations -Wno-sign-conversion -Wno-infinite-recursion -Wno-comma -Wno-block-capture-autoreleasing -Wno-strict-prototypes -Wno-semicolon-before-method-body -index-store-path /Users/aadityasingh/Library/Developer/Xcode/DerivedData/Chatlio-erkyzdeecsohoaggpwbjdvavzqfv/Index.noindex/DataStore @/Users/aadityasingh/Library/Developer/Xcode/DerivedData/Chatlio-erkyzdeecsohoaggpwbjdvavzqfv/Build/Intermediates.noindex/DTCoreText.build/Debug-iphonesimulator/DTCoreText.build/Objects-normal/x86_64/e6072d4f65d7061329687fe24e3d63a7-common-args.resp -include /Users/aadityasingh/Library/Developer/Xcode/DerivedData/Chatlio-erkyzdeecsohoaggpwbjdvavzqfv/Build/Intermediates.noindex/DTCoreText.build/Debug-iphonesimulator/DTCoreText.build/DerivedSources/resource_bundle_accessor.h -MMD -MT dependencies -MF /Users/aadityasingh/Library/Developer/Xcode/DerivedData/Chatlio-erkyzdeecsohoaggpwbjdvavzqfv/Build/Intermediates.noindex/DTCoreText.build/Debug-iphonesimulator/DTCoreText.build/Objects-normal/x86_64/DTCoreTextLayouter.d --serialize-diagnostics /Users/aadityasingh/Library/Developer/Xcode/DerivedData/Chatlio-erkyzdeecsohoaggpwbjdvavzqfv/Build/Intermediates.noindex/DTCoreText.build/Debug-iphonesimulator/DTCoreText.build/Objects-normal/x86_64/DTCoreTextLayouter.dia -c /Users/aadityasingh/Library/Developer/Xcode/DerivedData/Chatlio-erkyzdeecsohoaggpwbjdvavzqfv/SourcePackages/checkouts/DTCoreText/Core/Source/DTCoreTextLayouter.m -o /Users/aadityasingh/Library/Developer/Xcode/DerivedData/Chatlio-erkyzdeecsohoaggpwbjdvavzqfv/Build/Intermediates.noindex/DTCoreText.build/Debug-iphonesimulator/DTCoreText.build/Objects-normal/x86_64/DTCoreTextLayouter.o -index-unit-output-path /DTCoreText.build/Debug-iphonesimulator/DTCoreText.build/Objects-normal/x86_64/DTCoreTextLayouter.o

CompileC /Users/aadityasingh/Library/Developer/Xcode/DerivedData/Chatlio-erkyzdeecsohoaggpwbjdvavzqfv/Build/Intermediates.noindex/DTCoreText.build/Debug-iphonesimulator/DTCoreText.build/Objects-normal/x86_64/DTCoreTextLayoutLine.o /Users/aadityasingh/Library/Developer/Xcode/DerivedData/Chatlio-erkyzdeecsohoaggpwbjdvavzqfv/SourcePackages/checkouts/DTCoreText/Core/Source/DTCoreTextLayoutLine.m normal x86_64 objective-c com.apple.compilers.llvm.clang.1_0.compiler (in target 'DTCoreText' from project 'DTCoreText')
    cd /Users/aadityasingh/Documents/Development/element-x-ios/Chatlio.xcodeproj
    
    Using response file: /Users/aadityasingh/Library/Developer/Xcode/DerivedData/Chatlio-erkyzdeecsohoaggpwbjdvavzqfv/Build/Intermediates.noindex/DTCoreText.build/Debug-iphonesimulator/DTCoreText.build/Objects-normal/x86_64/e6072d4f65d7061329687fe24e3d63a7-common-args.resp
    
    /Applications/Xcode.app/Contents/Developer/Toolchains/XcodeDefault.xctoolchain/usr/bin/clang -x objective-c -ivfsstatcache /Users/aadityasingh/Library/Developer/Xcode/DerivedData/SDKStatCaches.noindex/iphonesimulator26.4-23E252-686eebb5dc1d8ecb277353a59184f4aa.sdkstatcache -target x86_64-apple-ios12.0-simulator -fmessage-length\=0 -fdiagnostics-show-note-include-stack -fmacro-backtrace-limit\=0 -fno-color-diagnostics -fmodules-prune-interval\=86400 -fmodules-prune-after\=345600 -fbuild-session-file\=/Users/aadityasingh/Library/Developer/Xcode/DerivedData/ModuleCache.noindex/Session.modulevalidation -fmodules-validate-once-per-build-session -Wnon-modular-include-in-framework-module -Werror\=non-modular-include-in-framework-module -Wno-trigraphs -Wno-missing-field-initializers -Wno-missing-prototypes -Wno-return-type -Wno-implicit-atomic-properties -Wno-objc-interface-ivars -Wno-arc-repeated-use-of-weak -Wno-missing-braces -Wparentheses -Wswitch -Wno-unused-function -Wno-unused-label -Wno-unused-parameter -Wno-unused-variable -Wunused-value -Wno-empty-body -Wno-uninitialized -Wno-unknown-pragmas -w -Wno-shadow -Wno-four-char-constants -Wno-conversion -Wno-constant-conversion -Wno-int-conversion -Wno-bool-conversion -Wno-enum-conversion -Wno-float-conversion -Wno-non-literal-null-conversion -Wno-objc-literal-conversion -Wshorten-64-to-32 -Wpointer-sign -Wno-newline-eof -Wno-selector -Wno-strict-selector-match -Wno-undeclared-selector -Wno-deprecated-implementations -Wno-implicit-fallthrough -isysroot /Applications/Xcode.app/Contents/Developer/Platforms/iPhoneSimulator.platform/Developer/SDKs/iPhoneSimulator26.4.sdk -fstrict-aliasing -Wprotocol -Wdeprecated-declarations -Wno-sign-conversion -Wno-infinite-recursion -Wno-comma -Wno-block-capture-autoreleasing -Wno-strict-prototypes -Wno-semicolon-before-method-body -index-store-path /Users/aadityasingh/Library/Developer/Xcode/DerivedData/Chatlio-erkyzdeecsohoaggpwbjdvavzqfv/Index.noindex/DataStore @/Users/aadityasingh/Library/Developer/Xcode/DerivedData/Chatlio-erkyzdeecsohoaggpwbjdvavzqfv/Build/Intermediates.noindex/DTCoreText.build/Debug-iphonesimulator/DTCoreText.build/Objects-normal/x86_64/e6072d4f65d7061329687fe24e3d63a7-common-args.resp -include /Users/aadityasingh/Library/Developer/Xcode/DerivedData/Chatlio-erkyzdeecsohoaggpwbjdvavzqfv/Build/Intermediates.noindex/DTCoreText.build/Debug-iphonesimulator/DTCoreText.build/DerivedSources/resource_bundle_accessor.h -MMD -MT dependencies -MF /Users/aadityasingh/Library/Developer/Xcode/DerivedData/Chatlio-erkyzdeecsohoaggpwbjdvavzqfv/Build/Intermediates.noindex/DTCoreText.build/Debug-iphonesimulator/DTCoreText.build/Objects-normal/x86_64/DTCoreTextLayoutLine.d --serialize-diagnostics /Users/aadityasingh/Library/Developer/Xcode/DerivedData/Chatlio-erkyzdeecsohoaggpwbjdvavzqfv/Build/Intermediates.noindex/DTCoreText.build/Debug-iphonesimulator/DTCoreText.build/Objects-normal/x86_64/DTCoreTextLayoutLine.dia -c /Users/aadityasingh/Library/Developer/Xcode/DerivedData/Chatlio-erkyzdeecsohoaggpwbjdvavzqfv/SourcePackages/checkouts/DTCoreText/Core/Source/DTCoreTextLayoutLine.m -o /Users/aadityasingh/Library/Developer/Xcode/DerivedData/Chatlio-erkyzdeecsohoaggpwbjdvavzqfv/Build/Intermediates.noindex/DTCoreText.build/Debug-iphonesimulator/DTCoreText.build/Objects-normal/x86_64/DTCoreTextLayoutLine.o -index-unit-output-path /DTCoreText.build/Debug-iphonesimulator/DTCoreText.build/Objects-normal/x86_64/DTCoreTextLayoutLine.o

CompileC /Users/aadityasingh/Library/Developer/Xcode/DerivedData/Chatlio-erkyzdeecsohoaggpwbjdvavzqfv/Build/Intermediates.noindex/DTCoreText.build/Debug-iphonesimulator/DTCoreText.build/Objects-normal/x86_64/DTCoreTextLayoutFrameAccessibilityElementGenerator.o /Users/aadityasingh/Library/Developer/Xcode/DerivedData/Chatlio-erkyzdeecsohoaggpwbjdvavzqfv/SourcePackages/checkouts/DTCoreText/Core/Source/DTCoreTextLayoutFrameAccessibilityElementGenerator.m normal x86_64 objective-c com.apple.compilers.llvm.clang.1_0.compiler (in target 'DTCoreText' from project 'DTCoreText')
    cd /Users/aadityasingh/Documents/Development/element-x-ios/Chatlio.xcodeproj
    
    Using response file: /Users/aadityasingh/Library/Developer/Xcode/DerivedData/Chatlio-erkyzdeecsohoaggpwbjdvavzqfv/Build/Intermediates.noindex/DTCoreText.build/Debug-iphonesimulator/DTCoreText.build/Objects-normal/x86_64/e6072d4f65d7061329687fe24e3d63a7-common-args.resp
    
    /Applications/Xcode.app/Contents/Developer/Toolchains/XcodeDefault.xctoolchain/usr/bin/clang -x objective-c -ivfsstatcache /Users/aadityasingh/Library/Developer/Xcode/DerivedData/SDKStatCaches.noindex/iphonesimulator26.4-23E252-686eebb5dc1d8ecb277353a59184f4aa.sdkstatcache -target x86_64-apple-ios12.0-simulator -fmessage-length\=0 -fdiagnostics-show-note-include-stack -fmacro-backtrace-limit\=0 -fno-color-diagnostics -fmodules-prune-interval\=86400 -fmodules-prune-after\=345600 -fbuild-session-file\=/Users/aadityasingh/Library/Developer/Xcode/DerivedData/ModuleCache.noindex/Session.modulevalidation -fmodules-validate-once-per-build-session -Wnon-modular-include-in-framework-module -Werror\=non-modular-include-in-framework-module -Wno-trigraphs -Wno-missing-field-initializers -Wno-missing-prototypes -Wno-return-type -Wno-implicit-atomic-properties -Wno-objc-interface-ivars -Wno-arc-repeated-use-of-weak -Wno-missing-braces -Wparentheses -Wswitch -Wno-unused-function -Wno-unused-label -Wno-unused-parameter -Wno-unused-variable -Wunused-value -Wno-empty-body -Wno-uninitialized -Wno-unknown-pragmas -w -Wno-shadow -Wno-four-char-constants -Wno-conversion -Wno-constant-conversion -Wno-int-conversion -Wno-bool-conversion -Wno-enum-conversion -Wno-float-conversion -Wno-non-literal-null-conversion -Wno-objc-literal-conversion -Wshorten-64-to-32 -Wpointer-sign -Wno-newline-eof -Wno-selector -Wno-strict-selector-match -Wno-undeclared-selector -Wno-deprecated-implementations -Wno-implicit-fallthrough -isysroot /Applications/Xcode.app/Contents/Developer/Platforms/iPhoneSimulator.platform/Developer/SDKs/iPhoneSimulator26.4.sdk -fstrict-aliasing -Wprotocol -Wdeprecated-declarations -Wno-sign-conversion -Wno-infinite-recursion -Wno-comma -Wno-block-capture-autoreleasing -Wno-strict-prototypes -Wno-semicolon-before-method-body -index-store-path /Users/aadityasingh/Library/Developer/Xcode/DerivedData/Chatlio-erkyzdeecsohoaggpwbjdvavzqfv/Index.noindex/DataStore @/Users/aadityasingh/Library/Developer/Xcode/DerivedData/Chatlio-erkyzdeecsohoaggpwbjdvavzqfv/Build/Intermediates.noindex/DTCoreText.build/Debug-iphonesimulator/DTCoreText.build/Objects-normal/x86_64/e6072d4f65d7061329687fe24e3d63a7-common-args.resp -include /Users/aadityasingh/Library/Developer/Xcode/DerivedData/Chatlio-erkyzdeecsohoaggpwbjdvavzqfv/Build/Intermediates.noindex/DTCoreText.build/Debug-iphonesimulator/DTCoreText.build/DerivedSources/resource_bundle_accessor.h -MMD -MT dependencies -MF /Users/aadityasingh/Library/Developer/Xcode/DerivedData/Chatlio-erkyzdeecsohoaggpwbjdvavzqfv/Build/Intermediates.noindex/DTCoreText.build/Debug-iphonesimulator/DTCoreText.build/Objects-normal/x86_64/DTCoreTextLayoutFrameAccessibilityElementGenerator.d --serialize-diagnostics /Users/aadityasingh/Library/Developer/Xcode/DerivedData/Chatlio-erkyzdeecsohoaggpwbjdvavzqfv/Build/Intermediates.noindex/DTCoreText.build/Debug-iphonesimulator/DTCoreText.build/Objects-normal/x86_64/DTCoreTextLayoutFrameAccessibilityElementGenerator.dia -c /Users/aadityasingh/Library/Developer/Xcode/DerivedData/Chatlio-erkyzdeecsohoaggpwbjdvavzqfv/SourcePackages/checkouts/DTCoreText/Core/Source/DTCoreTextLayoutFrameAccessibilityElementGenerator.m -o /Users/aadityasingh/Library/Developer/Xcode/DerivedData/Chatlio-erkyzdeecsohoaggpwbjdvavzqfv/Build/Intermediates.noindex/DTCoreText.build/Debug-iphonesimulator/DTCoreText.build/Objects-normal/x86_64/DTCoreTextLayoutFrameAccessibilityElementGenerator.o -index-unit-output-path /DTCoreText.build/Debug-iphonesimulator/DTCoreText.build/Objects-normal/x86_64/DTCoreTextLayoutFrameAccessibilityElementGenerator.o

CompileC /Users/aadityasingh/Library/Developer/Xcode/DerivedData/Chatlio-erkyzdeecsohoaggpwbjdvavzqfv/Build/Intermediates.noindex/DTCoreText.build/Debug-iphonesimulator/DTCoreText.build/Objects-normal/x86_64/DTCoreTextLayoutFrame+Cursor.o /Users/aadityasingh/Library/Developer/Xcode/DerivedData/Chatlio-erkyzdeecsohoaggpwbjdvavzqfv/SourcePackages/checkouts/DTCoreText/Core/Source/DTCoreTextLayoutFrame+Cursor.m normal x86_64 objective-c com.apple.compilers.llvm.clang.1_0.compiler (in target 'DTCoreText' from project 'DTCoreText')
    cd /Users/aadityasingh/Documents/Development/element-x-ios/Chatlio.xcodeproj
    
    Using response file: /Users/aadityasingh/Library/Developer/Xcode/DerivedData/Chatlio-erkyzdeecsohoaggpwbjdvavzqfv/Build/Intermediates.noindex/DTCoreText.build/Debug-iphonesimulator/DTCoreText.build/Objects-normal/x86_64/e6072d4f65d7061329687fe24e3d63a7-common-args.resp
    
    /Applications/Xcode.app/Contents/Developer/Toolchains/XcodeDefault.xctoolchain/usr/bin/clang -x objective-c -ivfsstatcache /Users/aadityasingh/Library/Developer/Xcode/DerivedData/SDKStatCaches.noindex/iphonesimulator26.4-23E252-686eebb5dc1d8ecb277353a59184f4aa.sdkstatcache -target x86_64-apple-ios12.0-simulator -fmessage-length\=0 -fdiagnostics-show-note-include-stack -fmacro-backtrace-limit\=0 -fno-color-diagnostics -fmodules-prune-interval\=86400 -fmodules-prune-after\=345600 -fbuild-session-file\=/Users/aadityasingh/Library/Developer/Xcode/DerivedData/ModuleCache.noindex/Session.modulevalidation -fmodules-validate-once-per-build-session -Wnon-modular-include-in-framework-module -Werror\=non-modular-include-in-framework-module -Wno-trigraphs -Wno-missing-field-initializers -Wno-missing-prototypes -Wno-return-type -Wno-implicit-atomic-properties -Wno-objc-interface-ivars -Wno-arc-repeated-use-of-weak -Wno-missing-braces -Wparentheses -Wswitch -Wno-unused-function -Wno-unused-label -Wno-unused-parameter -Wno-unused-variable -Wunused-value -Wno-empty-body -Wno-uninitialized -Wno-unknown-pragmas -w -Wno-shadow -Wno-four-char-constants -Wno-conversion -Wno-constant-conversion -Wno-int-conversion -Wno-bool-conversion -Wno-enum-conversion -Wno-float-conversion -Wno-non-literal-null-conversion -Wno-objc-literal-conversion -Wshorten-64-to-32 -Wpointer-sign -Wno-newline-eof -Wno-selector -Wno-strict-selector-match -Wno-undeclared-selector -Wno-deprecated-implementations -Wno-implicit-fallthrough -isysroot /Applications/Xcode.app/Contents/Developer/Platforms/iPhoneSimulator.platform/Developer/SDKs/iPhoneSimulator26.4.sdk -fstrict-aliasing -Wprotocol -Wdeprecated-declarations -Wno-sign-conversion -Wno-infinite-recursion -Wno-comma -Wno-block-capture-autoreleasing -Wno-strict-prototypes -Wno-semicolon-before-method-body -index-store-path /Users/aadityasingh/Library/Developer/Xcode/DerivedData/Chatlio-erkyzdeecsohoaggpwbjdvavzqfv/Index.noindex/DataStore @/Users/aadityasingh/Library/Developer/Xcode/DerivedData/Chatlio-erkyzdeecsohoaggpwbjdvavzqfv/Build/Intermediates.noindex/DTCoreText.build/Debug-iphonesimulator/DTCoreText.build/Objects-normal/x86_64/e6072d4f65d7061329687fe24e3d63a7-common-args.resp -include /Users/aadityasingh/Library/Developer/Xcode/DerivedData/Chatlio-erkyzdeecsohoaggpwbjdvavzqfv/Build/Intermediates.noindex/DTCoreText.build/Debug-iphonesimulator/DTCoreText.build/DerivedSources/resource_bundle_accessor.h -MMD -MT dependencies -MF /Users/aadityasingh/Library/Developer/Xcode/DerivedData/Chatlio-erkyzdeecsohoaggpwbjdvavzqfv/Build/Intermediates.noindex/DTCoreText.build/Debug-iphonesimulator/DTCoreText.build/Objects-normal/x86_64/DTCoreTextLayoutFrame+Cursor.d --serialize-diagnostics /Users/aadityasingh/Library/Developer/Xcode/DerivedData/Chatlio-erkyzdeecsohoaggpwbjdvavzqfv/Build/Intermediates.noindex/DTCoreText.build/Debug-iphonesimulator/DTCoreText.build/Objects-normal/x86_64/DTCoreTextLayoutFrame+Cursor.dia -c /Users/aadityasingh/Library/Developer/Xcode/DerivedData/Chatlio-erkyzdeecsohoaggpwbjdvavzqfv/SourcePackages/checkouts/DTCoreText/Core/Source/DTCoreTextLayoutFrame+Cursor.m -o /Users/aadityasingh/Library/Developer/Xcode/DerivedData/Chatlio-erkyzdeecsohoaggpwbjdvavzqfv/Build/Intermediates.noindex/DTCoreText.build/Debug-iphonesimulator/DTCoreText.build/Objects-normal/x86_64/DTCoreTextLayoutFrame+Cursor.o -index-unit-output-path /DTCoreText.build/Debug-iphonesimulator/DTCoreText.build/Objects-normal/x86_64/DTCoreTextLayoutFrame+Cursor.o

CompileC /Users/aadityasingh/Library/Developer/Xcode/DerivedData/Chatlio-erkyzdeecsohoaggpwbjdvavzqfv/Build/Intermediates.noindex/DTCoreText.build/Debug-iphonesimulator/DTCoreText.build/Objects-normal/x86_64/DTCoreTextFontDescriptor.o /Users/aadityasingh/Library/Developer/Xcode/DerivedData/Chatlio-erkyzdeecsohoaggpwbjdvavzqfv/SourcePackages/checkouts/DTCoreText/Core/Source/DTCoreTextFontDescriptor.m normal x86_64 objective-c com.apple.compilers.llvm.clang.1_0.compiler (in target 'DTCoreText' from project 'DTCoreText')
    cd /Users/aadityasingh/Documents/Development/element-x-ios/Chatlio.xcodeproj
    
    Using response file: /Users/aadityasingh/Library/Developer/Xcode/DerivedData/Chatlio-erkyzdeecsohoaggpwbjdvavzqfv/Build/Intermediates.noindex/DTCoreText.build/Debug-iphonesimulator/DTCoreText.build/Objects-normal/x86_64/e6072d4f65d7061329687fe24e3d63a7-common-args.resp
    
    /Applications/Xcode.app/Contents/Developer/Toolchains/XcodeDefault.xctoolchain/usr/bin/clang -x objective-c -ivfsstatcache /Users/aadityasingh/Library/Developer/Xcode/DerivedData/SDKStatCaches.noindex/iphonesimulator26.4-23E252-686eebb5dc1d8ecb277353a59184f4aa.sdkstatcache -target x86_64-apple-ios12.0-simulator -fmessage-length\=0 -fdiagnostics-show-note-include-stack -fmacro-backtrace-limit\=0 -fno-color-diagnostics -fmodules-prune-interval\=86400 -fmodules-prune-after\=345600 -fbuild-session-file\=/Users/aadityasingh/Library/Developer/Xcode/DerivedData/ModuleCache.noindex/Session.modulevalidation -fmodules-validate-once-per-build-session -Wnon-modular-include-in-framework-module -Werror\=non-modular-include-in-framework-module -Wno-trigraphs -Wno-missing-field-initializers -Wno-missing-prototypes -Wno-return-type -Wno-implicit-atomic-properties -Wno-objc-interface-ivars -Wno-arc-repeated-use-of-weak -Wno-missing-braces -Wparentheses -Wswitch -Wno-unused-function -Wno-unused-label -Wno-unused-parameter -Wno-unused-variable -Wunused-value -Wno-empty-body -Wno-uninitialized -Wno-unknown-pragmas -w -Wno-shadow -Wno-four-char-constants -Wno-conversion -Wno-constant-conversion -Wno-int-conversion -Wno-bool-conversion -Wno-enum-conversion -Wno-float-conversion -Wno-non-literal-null-conversion -Wno-objc-literal-conversion -Wshorten-64-to-32 -Wpointer-sign -Wno-newline-eof -Wno-selector -Wno-strict-selector-match -Wno-undeclared-selector -Wno-deprecated-implementations -Wno-implicit-fallthrough -isysroot /Applications/Xcode.app/Contents/Developer/Platforms/iPhoneSimulator.platform/Developer/SDKs/iPhoneSimulator26.4.sdk -fstrict-aliasing -Wprotocol -Wdeprecated-declarations -Wno-sign-conversion -Wno-infinite-recursion -Wno-comma -Wno-block-capture-autoreleasing -Wno-strict-prototypes -Wno-semicolon-before-method-body -index-store-path /Users/aadityasingh/Library/Developer/Xcode/DerivedData/Chatlio-erkyzdeecsohoaggpwbjdvavzqfv/Index.noindex/DataStore @/Users/aadityasingh/Library/Developer/Xcode/DerivedData/Chatlio-erkyzdeecsohoaggpwbjdvavzqfv/Build/Intermediates.noindex/DTCoreText.build/Debug-iphonesimulator/DTCoreText.build/Objects-normal/x86_64/e6072d4f65d7061329687fe24e3d63a7-common-args.resp -include /Users/aadityasingh/Library/Developer/Xcode/DerivedData/Chatlio-erkyzdeecsohoaggpwbjdvavzqfv/Build/Intermediates.noindex/DTCoreText.build/Debug-iphonesimulator/DTCoreText.build/DerivedSources/resource_bundle_accessor.h -MMD -MT dependencies -MF /Users/aadityasingh/Library/Developer/Xcode/DerivedData/Chatlio-erkyzdeecsohoaggpwbjdvavzqfv/Build/Intermediates.noindex/DTCoreText.build/Debug-iphonesimulator/DTCoreText.build/Objects-normal/x86_64/DTCoreTextFontDescriptor.d --serialize-diagnostics /Users/aadityasingh/Library/Developer/Xcode/DerivedData/Chatlio-erkyzdeecsohoaggpwbjdvavzqfv/Build/Intermediates.noindex/DTCoreText.build/Debug-iphonesimulator/DTCoreText.build/Objects-normal/x86_64/DTCoreTextFontDescriptor.dia -c /Users/aadityasingh/Library/Developer/Xcode/DerivedData/Chatlio-erkyzdeecsohoaggpwbjdvavzqfv/SourcePackages/checkouts/DTCoreText/Core/Source/DTCoreTextFontDescriptor.m -o /Users/aadityasingh/Library/Developer/Xcode/DerivedData/Chatlio-erkyzdeecsohoaggpwbjdvavzqfv/Build/Intermediates.noindex/DTCoreText.build/Debug-iphonesimulator/DTCoreText.build/Objects-normal/x86_64/DTCoreTextFontDescriptor.o -index-unit-output-path /DTCoreText.build/Debug-iphonesimulator/DTCoreText.build/Objects-normal/x86_64/DTCoreTextFontDescriptor.o

CompileC /Users/aadityasingh/Library/Developer/Xcode/DerivedData/Chatlio-erkyzdeecsohoaggpwbjdvavzqfv/Build/Intermediates.noindex/DTCoreText.build/Debug-iphonesimulator/DTCoreText.build/Objects-normal/x86_64/DTCoreTextFontCollection.o /Users/aadityasingh/Library/Developer/Xcode/DerivedData/Chatlio-erkyzdeecsohoaggpwbjdvavzqfv/SourcePackages/checkouts/DTCoreText/Core/Source/DTCoreTextFontCollection.m normal x86_64 objective-c com.apple.compilers.llvm.clang.1_0.compiler (in target 'DTCoreText' from project 'DTCoreText')
    cd /Users/aadityasingh/Documents/Development/element-x-ios/Chatlio.xcodeproj
    
    Using response file: /Users/aadityasingh/Library/Developer/Xcode/DerivedData/Chatlio-erkyzdeecsohoaggpwbjdvavzqfv/Build/Intermediates.noindex/DTCoreText.build/Debug-iphonesimulator/DTCoreText.build/Objects-normal/x86_64/e6072d4f65d7061329687fe24e3d63a7-common-args.resp
    
    /Applications/Xcode.app/Contents/Developer/Toolchains/XcodeDefault.xctoolchain/usr/bin/clang -x objective-c -ivfsstatcache /Users/aadityasingh/Library/Developer/Xcode/DerivedData/SDKStatCaches.noindex/iphonesimulator26.4-23E252-686eebb5dc1d8ecb277353a59184f4aa.sdkstatcache -target x86_64-apple-ios12.0-simulator -fmessage-length\=0 -fdiagnostics-show-note-include-stack -fmacro-backtrace-limit\=0 -fno-color-diagnostics -fmodules-prune-interval\=86400 -fmodules-prune-after\=345600 -fbuild-session-file\=/Users/aadityasingh/Library/Developer/Xcode/DerivedData/ModuleCache.noindex/Session.modulevalidation -fmodules-validate-once-per-build-session -Wnon-modular-include-in-framework-module -Werror\=non-modular-include-in-framework-module -Wno-trigraphs -Wno-missing-field-initializers -Wno-missing-prototypes -Wno-return-type -Wno-implicit-atomic-properties -Wno-objc-interface-ivars -Wno-arc-repeated-use-of-weak -Wno-missing-braces -Wparentheses -Wswitch -Wno-unused-function -Wno-unused-label -Wno-unused-parameter -Wno-unused-variable -Wunused-value -Wno-empty-body -Wno-uninitialized -Wno-unknown-pragmas -w -Wno-shadow -Wno-four-char-constants -Wno-conversion -Wno-constant-conversion -Wno-int-conversion -Wno-bool-conversion -Wno-enum-conversion -Wno-float-conversion -Wno-non-literal-null-conversion -Wno-objc-literal-conversion -Wshorten-64-to-32 -Wpointer-sign -Wno-newline-eof -Wno-selector -Wno-strict-selector-match -Wno-undeclared-selector -Wno-deprecated-implementations -Wno-implicit-fallthrough -isysroot /Applications/Xcode.app/Contents/Developer/Platforms/iPhoneSimulator.platform/Developer/SDKs/iPhoneSimulator26.4.sdk -fstrict-aliasing -Wprotocol -Wdeprecated-declarations -Wno-sign-conversion -Wno-infinite-recursion -Wno-comma -Wno-block-capture-autoreleasing -Wno-strict-prototypes -Wno-semicolon-before-method-body -index-store-path /Users/aadityasingh/Library/Developer/Xcode/DerivedData/Chatlio-erkyzdeecsohoaggpwbjdvavzqfv/Index.noindex/DataStore @/Users/aadityasingh/Library/Developer/Xcode/DerivedData/Chatlio-erkyzdeecsohoaggpwbjdvavzqfv/Build/Intermediates.noindex/DTCoreText.build/Debug-iphonesimulator/DTCoreText.build/Objects-normal/x86_64/e6072d4f65d7061329687fe24e3d63a7-common-args.resp -include /Users/aadityasingh/Library/Developer/Xcode/DerivedData/Chatlio-erkyzdeecsohoaggpwbjdvavzqfv/Build/Intermediates.noindex/DTCoreText.build/Debug-iphonesimulator/DTCoreText.build/DerivedSources/resource_bundle_accessor.h -MMD -MT dependencies -MF /Users/aadityasingh/Library/Developer/Xcode/DerivedData/Chatlio-erkyzdeecsohoaggpwbjdvavzqfv/Build/Intermediates.noindex/DTCoreText.build/Debug-iphonesimulator/DTCoreText.build/Objects-normal/x86_64/DTCoreTextFontCollection.d --serialize-diagnostics /Users/aadityasingh/Library/Developer/Xcode/DerivedData/Chatlio-erkyzdeecsohoaggpwbjdvavzqfv/Build/Intermediates.noindex/DTCoreText.build/Debug-iphonesimulator/DTCoreText.build/Objects-normal/x86_64/DTCoreTextFontCollection.dia -c /Users/aadityasingh/Library/Developer/Xcode/DerivedData/Chatlio-erkyzdeecsohoaggpwbjdvavzqfv/SourcePackages/checkouts/DTCoreText/Core/Source/DTCoreTextFontCollection.m -o /Users/aadityasingh/Library/Developer/Xcode/DerivedData/Chatlio-erkyzdeecsohoaggpwbjdvavzqfv/Build/Intermediates.noindex/DTCoreText.build/Debug-iphonesimulator/DTCoreText.build/Objects-normal/x86_64/DTCoreTextFontCollection.o -index-unit-output-path /DTCoreText.build/Debug-iphonesimulator/DTCoreText.build/Objects-normal/x86_64/DTCoreTextFontCollection.o

CompileC /Users/aadityasingh/Library/Developer/Xcode/DerivedData/Chatlio-erkyzdeecsohoaggpwbjdvavzqfv/Build/Intermediates.noindex/DTCoreText.build/Debug-iphonesimulator/DTCoreText.build/Objects-normal/x86_64/DTCoreTextConstants.o /Users/aadityasingh/Library/Developer/Xcode/DerivedData/Chatlio-erkyzdeecsohoaggpwbjdvavzqfv/SourcePackages/checkouts/DTCoreText/Core/Source/DTCoreTextConstants.m normal x86_64 objective-c com.apple.compilers.llvm.clang.1_0.compiler (in target 'DTCoreText' from project 'DTCoreText')
    cd /Users/aadityasingh/Documents/Development/element-x-ios/Chatlio.xcodeproj
    
    Using response file: /Users/aadityasingh/Library/Developer/Xcode/DerivedData/Chatlio-erkyzdeecsohoaggpwbjdvavzqfv/Build/Intermediates.noindex/DTCoreText.build/Debug-iphonesimulator/DTCoreText.build/Objects-normal/x86_64/e6072d4f65d7061329687fe24e3d63a7-common-args.resp
    
    /Applications/Xcode.app/Contents/Developer/Toolchains/XcodeDefault.xctoolchain/usr/bin/clang -x objective-c -ivfsstatcache /Users/aadityasingh/Library/Developer/Xcode/DerivedData/SDKStatCaches.noindex/iphonesimulator26.4-23E252-686eebb5dc1d8ecb277353a59184f4aa.sdkstatcache -target x86_64-apple-ios12.0-simulator -fmessage-length\=0 -fdiagnostics-show-note-include-stack -fmacro-backtrace-limit\=0 -fno-color-diagnostics -fmodules-prune-interval\=86400 -fmodules-prune-after\=345600 -fbuild-session-file\=/Users/aadityasingh/Library/Developer/Xcode/DerivedData/ModuleCache.noindex/Session.modulevalidation -fmodules-validate-once-per-build-session -Wnon-modular-include-in-framework-module -Werror\=non-modular-include-in-framework-module -Wno-trigraphs -Wno-missing-field-initializers -Wno-missing-prototypes -Wno-return-type -Wno-implicit-atomic-properties -Wno-objc-interface-ivars -Wno-arc-repeated-use-of-weak -Wno-missing-braces -Wparentheses -Wswitch -Wno-unused-function -Wno-unused-label -Wno-unused-parameter -Wno-unused-variable -Wunused-value -Wno-empty-body -Wno-uninitialized -Wno-unknown-pragmas -w -Wno-shadow -Wno-four-char-constants -Wno-conversion -Wno-constant-conversion -Wno-int-conversion -Wno-bool-conversion -Wno-enum-conversion -Wno-float-conversion -Wno-non-literal-null-conversion -Wno-objc-literal-conversion -Wshorten-64-to-32 -Wpointer-sign -Wno-newline-eof -Wno-selector -Wno-strict-selector-match -Wno-undeclared-selector -Wno-deprecated-implementations -Wno-implicit-fallthrough -isysroot /Applications/Xcode.app/Contents/Developer/Platforms/iPhoneSimulator.platform/Developer/SDKs/iPhoneSimulator26.4.sdk -fstrict-aliasing -Wprotocol -Wdeprecated-declarations -Wno-sign-conversion -Wno-infinite-recursion -Wno-comma -Wno-block-capture-autoreleasing -Wno-strict-prototypes -Wno-semicolon-before-method-body -index-store-path /Users/aadityasingh/Library/Developer/Xcode/DerivedData/Chatlio-erkyzdeecsohoaggpwbjdvavzqfv/Index.noindex/DataStore @/Users/aadityasingh/Library/Developer/Xcode/DerivedData/Chatlio-erkyzdeecsohoaggpwbjdvavzqfv/Build/Intermediates.noindex/DTCoreText.build/Debug-iphonesimulator/DTCoreText.build/Objects-normal/x86_64/e6072d4f65d7061329687fe24e3d63a7-common-args.resp -include /Users/aadityasingh/Library/Developer/Xcode/DerivedData/Chatlio-erkyzdeecsohoaggpwbjdvavzqfv/Build/Intermediates.noindex/DTCoreText.build/Debug-iphonesimulator/DTCoreText.build/DerivedSources/resource_bundle_accessor.h -MMD -MT dependencies -MF /Users/aadityasingh/Library/Developer/Xcode/DerivedData/Chatlio-erkyzdeecsohoaggpwbjdvavzqfv/Build/Intermediates.noindex/DTCoreText.build/Debug-iphonesimulator/DTCoreText.build/Objects-normal/x86_64/DTCoreTextConstants.d --serialize-diagnostics /Users/aadityasingh/Library/Developer/Xcode/DerivedData/Chatlio-erkyzdeecsohoaggpwbjdvavzqfv/Build/Intermediates.noindex/DTCoreText.build/Debug-iphonesimulator/DTCoreText.build/Objects-normal/x86_64/DTCoreTextConstants.dia -c /Users/aadityasingh/Library/Developer/Xcode/DerivedData/Chatlio-erkyzdeecsohoaggpwbjdvavzqfv/SourcePackages/checkouts/DTCoreText/Core/Source/DTCoreTextConstants.m -o /Users/aadityasingh/Library/Developer/Xcode/DerivedData/Chatlio-erkyzdeecsohoaggpwbjdvavzqfv/Build/Intermediates.noindex/DTCoreText.build/Debug-iphonesimulator/DTCoreText.build/Objects-normal/x86_64/DTCoreTextConstants.o -index-unit-output-path /DTCoreText.build/Debug-iphonesimulator/DTCoreText.build/Objects-normal/x86_64/DTCoreTextConstants.o

CompileC /Users/aadityasingh/Library/Developer/Xcode/DerivedData/Chatlio-erkyzdeecsohoaggpwbjdvavzqfv/Build/Intermediates.noindex/DTCoreText.build/Debug-iphonesimulator/DTCoreText.build/Objects-normal/x86_64/DTColorFunctions.o /Users/aadityasingh/Library/Developer/Xcode/DerivedData/Chatlio-erkyzdeecsohoaggpwbjdvavzqfv/SourcePackages/checkouts/DTCoreText/Core/Source/DTColorFunctions.m normal x86_64 objective-c com.apple.compilers.llvm.clang.1_0.compiler (in target 'DTCoreText' from project 'DTCoreText')
    cd /Users/aadityasingh/Documents/Development/element-x-ios/Chatlio.xcodeproj
    
    Using response file: /Users/aadityasingh/Library/Developer/Xcode/DerivedData/Chatlio-erkyzdeecsohoaggpwbjdvavzqfv/Build/Intermediates.noindex/DTCoreText.build/Debug-iphonesimulator/DTCoreText.build/Objects-normal/x86_64/e6072d4f65d7061329687fe24e3d63a7-common-args.resp
    
    /Applications/Xcode.app/Contents/Developer/Toolchains/XcodeDefault.xctoolchain/usr/bin/clang -x objective-c -ivfsstatcache /Users/aadityasingh/Library/Developer/Xcode/DerivedData/SDKStatCaches.noindex/iphonesimulator26.4-23E252-686eebb5dc1d8ecb277353a59184f4aa.sdkstatcache -target x86_64-apple-ios12.0-simulator -fmessage-length\=0 -fdiagnostics-show-note-include-stack -fmacro-backtrace-limit\=0 -fno-color-diagnostics -fmodules-prune-interval\=86400 -fmodules-prune-after\=345600 -fbuild-session-file\=/Users/aadityasingh/Library/Developer/Xcode/DerivedData/ModuleCache.noindex/Session.modulevalidation -fmodules-validate-once-per-build-session -Wnon-modular-include-in-framework-module -Werror\=non-modular-include-in-framework-module -Wno-trigraphs -Wno-missing-field-initializers -Wno-missing-prototypes -Wno-return-type -Wno-implicit-atomic-properties -Wno-objc-interface-ivars -Wno-arc-repeated-use-of-weak -Wno-missing-braces -Wparentheses -Wswitch -Wno-unused-function -Wno-unused-label -Wno-unused-parameter -Wno-unused-variable -Wunused-value -Wno-empty-body -Wno-uninitialized -Wno-unknown-pragmas -w -Wno-shadow -Wno-four-char-constants -Wno-conversion -Wno-constant-conversion -Wno-int-conversion -Wno-bool-conversion -Wno-enum-conversion -Wno-float-conversion -Wno-non-literal-null-conversion -Wno-objc-literal-conversion -Wshorten-64-to-32 -Wpointer-sign -Wno-newline-eof -Wno-selector -Wno-strict-selector-match -Wno-undeclared-selector -Wno-deprecated-implementations -Wno-implicit-fallthrough -isysroot /Applications/Xcode.app/Contents/Developer/Platforms/iPhoneSimulator.platform/Developer/SDKs/iPhoneSimulator26.4.sdk -fstrict-aliasing -Wprotocol -Wdeprecated-declarations -Wno-sign-conversion -Wno-infinite-recursion -Wno-comma -Wno-block-capture-autoreleasing -Wno-strict-prototypes -Wno-semicolon-before-method-body -index-store-path /Users/aadityasingh/Library/Developer/Xcode/DerivedData/Chatlio-erkyzdeecsohoaggpwbjdvavzqfv/Index.noindex/DataStore @/Users/aadityasingh/Library/Developer/Xcode/DerivedData/Chatlio-erkyzdeecsohoaggpwbjdvavzqfv/Build/Intermediates.noindex/DTCoreText.build/Debug-iphonesimulator/DTCoreText.build/Objects-normal/x86_64/e6072d4f65d7061329687fe24e3d63a7-common-args.resp -include /Users/aadityasingh/Library/Developer/Xcode/DerivedData/Chatlio-erkyzdeecsohoaggpwbjdvavzqfv/Build/Intermediates.noindex/DTCoreText.build/Debug-iphonesimulator/DTCoreText.build/DerivedSources/resource_bundle_accessor.h -MMD -MT dependencies -MF /Users/aadityasingh/Library/Developer/Xcode/DerivedData/Chatlio-erkyzdeecsohoaggpwbjdvavzqfv/Build/Intermediates.noindex/DTCoreText.build/Debug-iphonesimulator/DTCoreText.build/Objects-normal/x86_64/DTColorFunctions.d --serialize-diagnostics /Users/aadityasingh/Library/Developer/Xcode/DerivedData/Chatlio-erkyzdeecsohoaggpwbjdvavzqfv/Build/Intermediates.noindex/DTCoreText.build/Debug-iphonesimulator/DTCoreText.build/Objects-normal/x86_64/DTColorFunctions.dia -c /Users/aadityasingh/Library/Developer/Xcode/DerivedData/Chatlio-erkyzdeecsohoaggpwbjdvavzqfv/SourcePackages/checkouts/DTCoreText/Core/Source/DTColorFunctions.m -o /Users/aadityasingh/Library/Developer/Xcode/DerivedData/Chatlio-erkyzdeecsohoaggpwbjdvavzqfv/Build/Intermediates.noindex/DTCoreText.build/Debug-iphonesimulator/DTCoreText.build/Objects-normal/x86_64/DTColorFunctions.o -index-unit-output-path /DTCoreText.build/Debug-iphonesimulator/DTCoreText.build/Objects-normal/x86_64/DTColorFunctions.o

PrecompileModule /Users/aadityasingh/Library/Developer/Xcode/DerivedData/Chatlio-erkyzdeecsohoaggpwbjdvavzqfv/Build/Intermediates.noindex/ExplicitPrecompiledModules/DTFoundation-USELFCYHEYLOBYP8NP5RBOUS.scan
    cd /
    builtin-precompileModule /Users/aadityasingh/Library/Developer/Xcode/DerivedData/Chatlio-erkyzdeecsohoaggpwbjdvavzqfv/Build/Intermediates.noindex/ExplicitPrecompiledModules/DTFoundation-USELFCYHEYLOBYP8NP5RBOUS.scan

PrecompileModule /Users/aadityasingh/Library/Developer/Xcode/DerivedData/Chatlio-erkyzdeecsohoaggpwbjdvavzqfv/Build/Intermediates.noindex/ExplicitPrecompiledModules/CoreVideo-9P0NGPXQAND1GLST6ZBY8XLHE.scan
    cd /
    builtin-precompileModule /Users/aadityasingh/Library/Developer/Xcode/DerivedData/Chatlio-erkyzdeecsohoaggpwbjdvavzqfv/Build/Intermediates.noindex/ExplicitPrecompiledModules/CoreVideo-9P0NGPXQAND1GLST6ZBY8XLHE.scan

PrecompileModule /Users/aadityasingh/Library/Developer/Xcode/DerivedData/Chatlio-erkyzdeecsohoaggpwbjdvavzqfv/Build/Intermediates.noindex/ExplicitPrecompiledModules/ObjectiveC-774KDVEPQ8NWKD2CI2E7P5DWU.scan
    cd /
    builtin-precompileModule /Users/aadityasingh/Library/Developer/Xcode/DerivedData/Chatlio-erkyzdeecsohoaggpwbjdvavzqfv/Build/Intermediates.noindex/ExplicitPrecompiledModules/ObjectiveC-774KDVEPQ8NWKD2CI2E7P5DWU.scan

ScanDependencies /Users/aadityasingh/Library/Developer/Xcode/DerivedData/Chatlio-erkyzdeecsohoaggpwbjdvavzqfv/Build/Intermediates.noindex/DTCoreText.build/Debug-iphonesimulator/DTCoreText.build/Objects-normal/x86_64/DTColor+Compatibility.o /Users/aadityasingh/Library/Developer/Xcode/DerivedData/Chatlio-erkyzdeecsohoaggpwbjdvavzqfv/SourcePackages/checkouts/DTCoreText/Core/Source/DTColor+Compatibility.m normal x86_64 objective-c com.apple.compilers.llvm.clang.1_0.compiler (in target 'DTCoreText' from project 'DTCoreText')
    cd /Users/aadityasingh/Documents/Development/element-x-ios/Chatlio.xcodeproj
    
    Using response file: /Users/aadityasingh/Library/Developer/Xcode/DerivedData/Chatlio-erkyzdeecsohoaggpwbjdvavzqfv/Build/Intermediates.noindex/DTCoreText.build/Debug-iphonesimulator/DTCoreText.build/Objects-normal/x86_64/e6072d4f65d7061329687fe24e3d63a7-common-args.resp
    
    builtin-ScanDependencies -o /Users/aadityasingh/Library/Developer/Xcode/DerivedData/Chatlio-erkyzdeecsohoaggpwbjdvavzqfv/Build/Intermediates.noindex/DTCoreText.build/Debug-iphonesimulator/DTCoreText.build/Objects-normal/x86_64/DTColor+Compatibility.o.scan -- /Applications/Xcode.app/Contents/Developer/Toolchains/XcodeDefault.xctoolchain/usr/bin/clang -x objective-c -ivfsstatcache /Users/aadityasingh/Library/Developer/Xcode/DerivedData/SDKStatCaches.noindex/iphonesimulator26.4-23E252-686eebb5dc1d8ecb277353a59184f4aa.sdkstatcache -target x86_64-apple-ios12.0-simulator -fmessage-length\=0 -fdiagnostics-show-note-include-stack -fmacro-backtrace-limit\=0 -fno-color-diagnostics -fmodules-prune-interval\=86400 -fmodules-prune-after\=345600 -fbuild-session-file\=/Users/aadityasingh/Library/Developer/Xcode/DerivedData/ModuleCache.noindex/Session.modulevalidation -fmodules-validate-once-per-build-session -Wnon-modular-include-in-framework-module -Werror\=non-modular-include-in-framework-module -Wno-trigraphs -Wno-missing-field-initializers -Wno-missing-prototypes -Wno-return-type -Wno-implicit-atomic-properties -Wno-objc-interface-ivars -Wno-arc-repeated-use-of-weak -Wno-missing-braces -Wparentheses -Wswitch -Wno-unused-function -Wno-unused-label -Wno-unused-parameter -Wno-unused-variable -Wunused-value -Wno-empty-body -Wno-uninitialized -Wno-unknown-pragmas -w -Wno-shadow -Wno-four-char-constants -Wno-conversion -Wno-constant-conversion -Wno-int-conversion -Wno-bool-conversion -Wno-enum-conversion -Wno-float-conversion -Wno-non-literal-null-conversion -Wno-objc-literal-conversion -Wshorten-64-to-32 -Wpointer-sign -Wno-newline-eof -Wno-selector -Wno-strict-selector-match -Wno-undeclared-selector -Wno-deprecated-implementations -Wno-implicit-fallthrough -isysroot /Applications/Xcode.app/Contents/Developer/Platforms/iPhoneSimulator.platform/Developer/SDKs/iPhoneSimulator26.4.sdk -fstrict-aliasing -Wprotocol -Wdeprecated-declarations -Wno-sign-conversion -Wno-infinite-recursion -Wno-comma -Wno-block-capture-autoreleasing -Wno-strict-prototypes -Wno-semicolon-before-method-body -index-store-path /Users/aadityasingh/Library/Developer/Xcode/DerivedData/Chatlio-erkyzdeecsohoaggpwbjdvavzqfv/Index.noindex/DataStore @/Users/aadityasingh/Library/Developer/Xcode/DerivedData/Chatlio-erkyzdeecsohoaggpwbjdvavzqfv/Build/Intermediates.noindex/DTCoreText.build/Debug-iphonesimulator/DTCoreText.build/Objects-normal/x86_64/e6072d4f65d7061329687fe24e3d63a7-common-args.resp -include /Users/aadityasingh/Library/Developer/Xcode/DerivedData/Chatlio-erkyzdeecsohoaggpwbjdvavzqfv/Build/Intermediates.noindex/DTCoreText.build/Debug-iphonesimulator/DTCoreText.build/DerivedSources/resource_bundle_accessor.h -MMD -MT dependencies -MF /Users/aadityasingh/Library/Developer/Xcode/DerivedData/Chatlio-erkyzdeecsohoaggpwbjdvavzqfv/Build/Intermediates.noindex/DTCoreText.build/Debug-iphonesimulator/DTCoreText.build/Objects-normal/x86_64/DTColor+Compatibility.d --serialize-diagnostics /Users/aadityasingh/Library/Developer/Xcode/DerivedData/Chatlio-erkyzdeecsohoaggpwbjdvavzqfv/Build/Intermediates.noindex/DTCoreText.build/Debug-iphonesimulator/DTCoreText.build/Objects-normal/x86_64/DTColor+Compatibility.dia -c /Users/aadityasingh/Library/Developer/Xcode/DerivedData/Chatlio-erkyzdeecsohoaggpwbjdvavzqfv/SourcePackages/checkouts/DTCoreText/Core/Source/DTColor+Compatibility.m -o /Users/aadityasingh/Library/Developer/Xcode/DerivedData/Chatlio-erkyzdeecsohoaggpwbjdvavzqfv/Build/Intermediates.noindex/DTCoreText.build/Debug-iphonesimulator/DTCoreText.build/Objects-normal/x86_64/DTColor+Compatibility.o -index-unit-output-path /DTCoreText.build/Debug-iphonesimulator/DTCoreText.build/Objects-normal/x86_64/DTColor+Compatibility.o

ScanDependencies /Users/aadityasingh/Library/Developer/Xcode/DerivedData/Chatlio-erkyzdeecsohoaggpwbjdvavzqfv/Build/Intermediates.noindex/DTCoreText.build/Debug-iphonesimulator/DTCoreText.build/Objects-normal/x86_64/DTCSSStylesheet.o /Users/aadityasingh/Library/Developer/Xcode/DerivedData/Chatlio-erkyzdeecsohoaggpwbjdvavzqfv/SourcePackages/checkouts/DTCoreText/Core/Source/DTCSSStylesheet.m normal x86_64 objective-c com.apple.compilers.llvm.clang.1_0.compiler (in target 'DTCoreText' from project 'DTCoreText')
    cd /Users/aadityasingh/Documents/Development/element-x-ios/Chatlio.xcodeproj
    
    Using response file: /Users/aadityasingh/Library/Developer/Xcode/DerivedData/Chatlio-erkyzdeecsohoaggpwbjdvavzqfv/Build/Intermediates.noindex/DTCoreText.build/Debug-iphonesimulator/DTCoreText.build/Objects-normal/x86_64/e6072d4f65d7061329687fe24e3d63a7-common-args.resp
    
    builtin-ScanDependencies -o /Users/aadityasingh/Library/Developer/Xcode/DerivedData/Chatlio-erkyzdeecsohoaggpwbjdvavzqfv/Build/Intermediates.noindex/DTCoreText.build/Debug-iphonesimulator/DTCoreText.build/Objects-normal/x86_64/DTCSSStylesheet.o.scan -- /Applications/Xcode.app/Contents/Developer/Toolchains/XcodeDefault.xctoolchain/usr/bin/clang -x objective-c -ivfsstatcache /Users/aadityasingh/Library/Developer/Xcode/DerivedData/SDKStatCaches.noindex/iphonesimulator26.4-23E252-686eebb5dc1d8ecb277353a59184f4aa.sdkstatcache -target x86_64-apple-ios12.0-simulator -fmessage-length\=0 -fdiagnostics-show-note-include-stack -fmacro-backtrace-limit\=0 -fno-color-diagnostics -fmodules-prune-interval\=86400 -fmodules-prune-after\=345600 -fbuild-session-file\=/Users/aadityasingh/Library/Developer/Xcode/DerivedData/ModuleCache.noindex/Session.modulevalidation -fmodules-validate-once-per-build-session -Wnon-modular-include-in-framework-module -Werror\=non-modular-include-in-framework-module -Wno-trigraphs -Wno-missing-field-initializers -Wno-missing-prototypes -Wno-return-type -Wno-implicit-atomic-properties -Wno-objc-interface-ivars -Wno-arc-repeated-use-of-weak -Wno-missing-braces -Wparentheses -Wswitch -Wno-unused-function -Wno-unused-label -Wno-unused-parameter -Wno-unused-variable -Wunused-value -Wno-empty-body -Wno-uninitialized -Wno-unknown-pragmas -w -Wno-shadow -Wno-four-char-constants -Wno-conversion -Wno-constant-conversion -Wno-int-conversion -Wno-bool-conversion -Wno-enum-conversion -Wno-float-conversion -Wno-non-literal-null-conversion -Wno-objc-literal-conversion -Wshorten-64-to-32 -Wpointer-sign -Wno-newline-eof -Wno-selector -Wno-strict-selector-match -Wno-undeclared-selector -Wno-deprecated-implementations -Wno-implicit-fallthrough -isysroot /Applications/Xcode.app/Contents/Developer/Platforms/iPhoneSimulator.platform/Developer/SDKs/iPhoneSimulator26.4.sdk -fstrict-aliasing -Wprotocol -Wdeprecated-declarations -Wno-sign-conversion -Wno-infinite-recursion -Wno-comma -Wno-block-capture-autoreleasing -Wno-strict-prototypes -Wno-semicolon-before-method-body -index-store-path /Users/aadityasingh/Library/Developer/Xcode/DerivedData/Chatlio-erkyzdeecsohoaggpwbjdvavzqfv/Index.noindex/DataStore @/Users/aadityasingh/Library/Developer/Xcode/DerivedData/Chatlio-erkyzdeecsohoaggpwbjdvavzqfv/Build/Intermediates.noindex/DTCoreText.build/Debug-iphonesimulator/DTCoreText.build/Objects-normal/x86_64/e6072d4f65d7061329687fe24e3d63a7-common-args.resp -include /Users/aadityasingh/Library/Developer/Xcode/DerivedData/Chatlio-erkyzdeecsohoaggpwbjdvavzqfv/Build/Intermediates.noindex/DTCoreText.build/Debug-iphonesimulator/DTCoreText.build/DerivedSources/resource_bundle_accessor.h -MMD -MT dependencies -MF /Users/aadityasingh/Library/Developer/Xcode/DerivedData/Chatlio-erkyzdeecsohoaggpwbjdvavzqfv/Build/Intermediates.noindex/DTCoreText.build/Debug-iphonesimulator/DTCoreText.build/Objects-normal/x86_64/DTCSSStylesheet.d --serialize-diagnostics /Users/aadityasingh/Library/Developer/Xcode/DerivedData/Chatlio-erkyzdeecsohoaggpwbjdvavzqfv/Build/Intermediates.noindex/DTCoreText.build/Debug-iphonesimulator/DTCoreText.build/Objects-normal/x86_64/DTCSSStylesheet.dia -c /Users/aadityasingh/Library/Developer/Xcode/DerivedData/Chatlio-erkyzdeecsohoaggpwbjdvavzqfv/SourcePackages/checkouts/DTCoreText/Core/Source/DTCSSStylesheet.m -o /Users/aadityasingh/Library/Developer/Xcode/DerivedData/Chatlio-erkyzdeecsohoaggpwbjdvavzqfv/Build/Intermediates.noindex/DTCoreText.build/Debug-iphonesimulator/DTCoreText.build/Objects-normal/x86_64/DTCSSStylesheet.o -index-unit-output-path /DTCoreText.build/Debug-iphonesimulator/DTCoreText.build/Objects-normal/x86_64/DTCSSStylesheet.o

PrecompileModule /Users/aadityasingh/Library/Developer/Xcode/DerivedData/Chatlio-erkyzdeecsohoaggpwbjdvavzqfv/Build/Intermediates.noindex/ExplicitPrecompiledModules/ObjectiveC-9DFTGRXPH8LO2MN4R5OXVSYV6.scan
    cd /
    builtin-precompileModule /Users/aadityasingh/Library/Developer/Xcode/DerivedData/Chatlio-erkyzdeecsohoaggpwbjdvavzqfv/Build/Intermediates.noindex/ExplicitPrecompiledModules/ObjectiveC-9DFTGRXPH8LO2MN4R5OXVSYV6.scan

ScanDependencies /Users/aadityasingh/Library/Developer/Xcode/DerivedData/Chatlio-erkyzdeecsohoaggpwbjdvavzqfv/Build/Intermediates.noindex/DTCoreText.build/Debug-iphonesimulator/DTCoreText.build/Objects-normal/x86_64/DTCSSListStyle.o /Users/aadityasingh/Library/Developer/Xcode/DerivedData/Chatlio-erkyzdeecsohoaggpwbjdvavzqfv/SourcePackages/checkouts/DTCoreText/Core/Source/DTCSSListStyle.m normal x86_64 objective-c com.apple.compilers.llvm.clang.1_0.compiler (in target 'DTCoreText' from project 'DTCoreText')
    cd /Users/aadityasingh/Documents/Development/element-x-ios/Chatlio.xcodeproj
    
    Using response file: /Users/aadityasingh/Library/Developer/Xcode/DerivedData/Chatlio-erkyzdeecsohoaggpwbjdvavzqfv/Build/Intermediates.noindex/DTCoreText.build/Debug-iphonesimulator/DTCoreText.build/Objects-normal/x86_64/e6072d4f65d7061329687fe24e3d63a7-common-args.resp
    
    builtin-ScanDependencies -o /Users/aadityasingh/Library/Developer/Xcode/DerivedData/Chatlio-erkyzdeecsohoaggpwbjdvavzqfv/Build/Intermediates.noindex/DTCoreText.build/Debug-iphonesimulator/DTCoreText.build/Objects-normal/x86_64/DTCSSListStyle.o.scan -- /Applications/Xcode.app/Contents/Developer/Toolchains/XcodeDefault.xctoolchain/usr/bin/clang -x objective-c -ivfsstatcache /Users/aadityasingh/Library/Developer/Xcode/DerivedData/SDKStatCaches.noindex/iphonesimulator26.4-23E252-686eebb5dc1d8ecb277353a59184f4aa.sdkstatcache -target x86_64-apple-ios12.0-simulator -fmessage-length\=0 -fdiagnostics-show-note-include-stack -fmacro-backtrace-limit\=0 -fno-color-diagnostics -fmodules-prune-interval\=86400 -fmodules-prune-after\=345600 -fbuild-session-file\=/Users/aadityasingh/Library/Developer/Xcode/DerivedData/ModuleCache.noindex/Session.modulevalidation -fmodules-validate-once-per-build-session -Wnon-modular-include-in-framework-module -Werror\=non-modular-include-in-framework-module -Wno-trigraphs -Wno-missing-field-initializers -Wno-missing-prototypes -Wno-return-type -Wno-implicit-atomic-properties -Wno-objc-interface-ivars -Wno-arc-repeated-use-of-weak -Wno-missing-braces -Wparentheses -Wswitch -Wno-unused-function -Wno-unused-label -Wno-unused-parameter -Wno-unused-variable -Wunused-value -Wno-empty-body -Wno-uninitialized -Wno-unknown-pragmas -w -Wno-shadow -Wno-four-char-constants -Wno-conversion -Wno-constant-conversion -Wno-int-conversion -Wno-bool-conversion -Wno-enum-conversion -Wno-float-conversion -Wno-non-literal-null-conversion -Wno-objc-literal-conversion -Wshorten-64-to-32 -Wpointer-sign -Wno-newline-eof -Wno-selector -Wno-strict-selector-match -Wno-undeclared-selector -Wno-deprecated-implementations -Wno-implicit-fallthrough -isysroot /Applications/Xcode.app/Contents/Developer/Platforms/iPhoneSimulator.platform/Developer/SDKs/iPhoneSimulator26.4.sdk -fstrict-aliasing -Wprotocol -Wdeprecated-declarations -Wno-sign-conversion -Wno-infinite-recursion -Wno-comma -Wno-block-capture-autoreleasing -Wno-strict-prototypes -Wno-semicolon-before-method-body -index-store-path /Users/aadityasingh/Library/Developer/Xcode/DerivedData/Chatlio-erkyzdeecsohoaggpwbjdvavzqfv/Index.noindex/DataStore @/Users/aadityasingh/Library/Developer/Xcode/DerivedData/Chatlio-erkyzdeecsohoaggpwbjdvavzqfv/Build/Intermediates.noindex/DTCoreText.build/Debug-iphonesimulator/DTCoreText.build/Objects-normal/x86_64/e6072d4f65d7061329687fe24e3d63a7-common-args.resp -include /Users/aadityasingh/Library/Developer/Xcode/DerivedData/Chatlio-erkyzdeecsohoaggpwbjdvavzqfv/Build/Intermediates.noindex/DTCoreText.build/Debug-iphonesimulator/DTCoreText.build/DerivedSources/resource_bundle_accessor.h -MMD -MT dependencies -MF /Users/aadityasingh/Library/Developer/Xcode/DerivedData/Chatlio-erkyzdeecsohoaggpwbjdvavzqfv/Build/Intermediates.noindex/DTCoreText.build/Debug-iphonesimulator/DTCoreText.build/Objects-normal/x86_64/DTCSSListStyle.d --serialize-diagnostics /Users/aadityasingh/Library/Developer/Xcode/DerivedData/Chatlio-erkyzdeecsohoaggpwbjdvavzqfv/Build/Intermediates.noindex/DTCoreText.build/Debug-iphonesimulator/DTCoreText.build/Objects-normal/x86_64/DTCSSListStyle.dia -c /Users/aadityasingh/Library/Developer/Xcode/DerivedData/Chatlio-erkyzdeecsohoaggpwbjdvavzqfv/SourcePackages/checkouts/DTCoreText/Core/Source/DTCSSListStyle.m -o /Users/aadityasingh/Library/Developer/Xcode/DerivedData/Chatlio-erkyzdeecsohoaggpwbjdvavzqfv/Build/Intermediates.noindex/DTCoreText.build/Debug-iphonesimulator/DTCoreText.build/Objects-normal/x86_64/DTCSSListStyle.o -index-unit-output-path /DTCoreText.build/Debug-iphonesimulator/DTCoreText.build/Objects-normal/x86_64/DTCSSListStyle.o

ScanDependencies /Users/aadityasingh/Library/Developer/Xcode/DerivedData/Chatlio-erkyzdeecsohoaggpwbjdvavzqfv/Build/Intermediates.noindex/DTCoreText.build/Debug-iphonesimulator/DTCoreText.build/Objects-normal/x86_64/DTBreakHTMLElement.o /Users/aadityasingh/Library/Developer/Xcode/DerivedData/Chatlio-erkyzdeecsohoaggpwbjdvavzqfv/SourcePackages/checkouts/DTCoreText/Core/Source/DTBreakHTMLElement.m normal x86_64 objective-c com.apple.compilers.llvm.clang.1_0.compiler (in target 'DTCoreText' from project 'DTCoreText')
    cd /Users/aadityasingh/Documents/Development/element-x-ios/Chatlio.xcodeproj
    
    Using response file: /Users/aadityasingh/Library/Developer/Xcode/DerivedData/Chatlio-erkyzdeecsohoaggpwbjdvavzqfv/Build/Intermediates.noindex/DTCoreText.build/Debug-iphonesimulator/DTCoreText.build/Objects-normal/x86_64/e6072d4f65d7061329687fe24e3d63a7-common-args.resp
    
    builtin-ScanDependencies -o /Users/aadityasingh/Library/Developer/Xcode/DerivedData/Chatlio-erkyzdeecsohoaggpwbjdvavzqfv/Build/Intermediates.noindex/DTCoreText.build/Debug-iphonesimulator/DTCoreText.build/Objects-normal/x86_64/DTBreakHTMLElement.o.scan -- /Applications/Xcode.app/Contents/Developer/Toolchains/XcodeDefault.xctoolchain/usr/bin/clang -x objective-c -ivfsstatcache /Users/aadityasingh/Library/Developer/Xcode/DerivedData/SDKStatCaches.noindex/iphonesimulator26.4-23E252-686eebb5dc1d8ecb277353a59184f4aa.sdkstatcache -target x86_64-apple-ios12.0-simulator -fmessage-length\=0 -fdiagnostics-show-note-include-stack -fmacro-backtrace-limit\=0 -fno-color-diagnostics -fmodules-prune-interval\=86400 -fmodules-prune-after\=345600 -fbuild-session-file\=/Users/aadityasingh/Library/Developer/Xcode/DerivedData/ModuleCache.noindex/Session.modulevalidation -fmodules-validate-once-per-build-session -Wnon-modular-include-in-framework-module -Werror\=non-modular-include-in-framework-module -Wno-trigraphs -Wno-missing-field-initializers -Wno-missing-prototypes -Wno-return-type -Wno-implicit-atomic-properties -Wno-objc-interface-ivars -Wno-arc-repeated-use-of-weak -Wno-missing-braces -Wparentheses -Wswitch -Wno-unused-function -Wno-unused-label -Wno-unused-parameter -Wno-unused-variable -Wunused-value -Wno-empty-body -Wno-uninitialized -Wno-unknown-pragmas -w -Wno-shadow -Wno-four-char-constants -Wno-conversion -Wno-constant-conversion -Wno-int-conversion -Wno-bool-conversion -Wno-enum-conversion -Wno-float-conversion -Wno-non-literal-null-conversion -Wno-objc-literal-conversion -Wshorten-64-to-32 -Wpointer-sign -Wno-newline-eof -Wno-selector -Wno-strict-selector-match -Wno-undeclared-selector -Wno-deprecated-implementations -Wno-implicit-fallthrough -isysroot /Applications/Xcode.app/Contents/Developer/Platforms/iPhoneSimulator.platform/Developer/SDKs/iPhoneSimulator26.4.sdk -fstrict-aliasing -Wprotocol -Wdeprecated-declarations -Wno-sign-conversion -Wno-infinite-recursion -Wno-comma -Wno-block-capture-autoreleasing -Wno-strict-prototypes -Wno-semicolon-before-method-body -index-store-path /Users/aadityasingh/Library/Developer/Xcode/DerivedData/Chatlio-erkyzdeecsohoaggpwbjdvavzqfv/Index.noindex/DataStore @/Users/aadityasingh/Library/Developer/Xcode/DerivedData/Chatlio-erkyzdeecsohoaggpwbjdvavzqfv/Build/Intermediates.noindex/DTCoreText.build/Debug-iphonesimulator/DTCoreText.build/Objects-normal/x86_64/e6072d4f65d7061329687fe24e3d63a7-common-args.resp -include /Users/aadityasingh/Library/Developer/Xcode/DerivedData/Chatlio-erkyzdeecsohoaggpwbjdvavzqfv/Build/Intermediates.noindex/DTCoreText.build/Debug-iphonesimulator/DTCoreText.build/DerivedSources/resource_bundle_accessor.h -MMD -MT dependencies -MF /Users/aadityasingh/Library/Developer/Xcode/DerivedData/Chatlio-erkyzdeecsohoaggpwbjdvavzqfv/Build/Intermediates.noindex/DTCoreText.build/Debug-iphonesimulator/DTCoreText.build/Objects-normal/x86_64/DTBreakHTMLElement.d --serialize-diagnostics /Users/aadityasingh/Library/Developer/Xcode/DerivedData/Chatlio-erkyzdeecsohoaggpwbjdvavzqfv/Build/Intermediates.noindex/DTCoreText.build/Debug-iphonesimulator/DTCoreText.build/Objects-normal/x86_64/DTBreakHTMLElement.dia -c /Users/aadityasingh/Library/Developer/Xcode/DerivedData/Chatlio-erkyzdeecsohoaggpwbjdvavzqfv/SourcePackages/checkouts/DTCoreText/Core/Source/DTBreakHTMLElement.m -o /Users/aadityasingh/Library/Developer/Xcode/DerivedData/Chatlio-erkyzdeecsohoaggpwbjdvavzqfv/Build/Intermediates.noindex/DTCoreText.build/Debug-iphonesimulator/DTCoreText.build/Objects-normal/x86_64/DTBreakHTMLElement.o -index-unit-output-path /DTCoreText.build/Debug-iphonesimulator/DTCoreText.build/Objects-normal/x86_64/DTBreakHTMLElement.o

ScanDependencies /Users/aadityasingh/Library/Developer/Xcode/DerivedData/Chatlio-erkyzdeecsohoaggpwbjdvavzqfv/Build/Intermediates.noindex/DTCoreText.build/Debug-iphonesimulator/DTCoreText.build/Objects-normal/x86_64/DTAttributedTextView.o /Users/aadityasingh/Library/Developer/Xcode/DerivedData/Chatlio-erkyzdeecsohoaggpwbjdvavzqfv/SourcePackages/checkouts/DTCoreText/Core/Source/DTAttributedTextView.m normal x86_64 objective-c com.apple.compilers.llvm.clang.1_0.compiler (in target 'DTCoreText' from project 'DTCoreText')
    cd /Users/aadityasingh/Documents/Development/element-x-ios/Chatlio.xcodeproj
    
    Using response file: /Users/aadityasingh/Library/Developer/Xcode/DerivedData/Chatlio-erkyzdeecsohoaggpwbjdvavzqfv/Build/Intermediates.noindex/DTCoreText.build/Debug-iphonesimulator/DTCoreText.build/Objects-normal/x86_64/e6072d4f65d7061329687fe24e3d63a7-common-args.resp
    
    builtin-ScanDependencies -o /Users/aadityasingh/Library/Developer/Xcode/DerivedData/Chatlio-erkyzdeecsohoaggpwbjdvavzqfv/Build/Intermediates.noindex/DTCoreText.build/Debug-iphonesimulator/DTCoreText.build/Objects-normal/x86_64/DTAttributedTextView.o.scan -- /Applications/Xcode.app/Contents/Developer/Toolchains/XcodeDefault.xctoolchain/usr/bin/clang -x objective-c -ivfsstatcache /Users/aadityasingh/Library/Developer/Xcode/DerivedData/SDKStatCaches.noindex/iphonesimulator26.4-23E252-686eebb5dc1d8ecb277353a59184f4aa.sdkstatcache -target x86_64-apple-ios12.0-simulator -fmessage-length\=0 -fdiagnostics-show-note-include-stack -fmacro-backtrace-limit\=0 -fno-color-diagnostics -fmodules-prune-interval\=86400 -fmodules-prune-after\=345600 -fbuild-session-file\=/Users/aadityasingh/Library/Developer/Xcode/DerivedData/ModuleCache.noindex/Session.modulevalidation -fmodules-validate-once-per-build-session -Wnon-modular-include-in-framework-module -Werror\=non-modular-include-in-framework-module -Wno-trigraphs -Wno-missing-field-initializers -Wno-missing-prototypes -Wno-return-type -Wno-implicit-atomic-properties -Wno-objc-interface-ivars -Wno-arc-repeated-use-of-weak -Wno-missing-braces -Wparentheses -Wswitch -Wno-unused-function -Wno-unused-label -Wno-unused-parameter -Wno-unused-variable -Wunused-value -Wno-empty-body -Wno-uninitialized -Wno-unknown-pragmas -w -Wno-shadow -Wno-four-char-constants -Wno-conversion -Wno-constant-conversion -Wno-int-conversion -Wno-bool-conversion -Wno-enum-conversion -Wno-float-conversion -Wno-non-literal-null-conversion -Wno-objc-literal-conversion -Wshorten-64-to-32 -Wpointer-sign -Wno-newline-eof -Wno-selector -Wno-strict-selector-match -Wno-undeclared-selector -Wno-deprecated-implementations -Wno-implicit-fallthrough -isysroot /Applications/Xcode.app/Contents/Developer/Platforms/iPhoneSimulator.platform/Developer/SDKs/iPhoneSimulator26.4.sdk -fstrict-aliasing -Wprotocol -Wdeprecated-declarations -Wno-sign-conversion -Wno-infinite-recursion -Wno-comma -Wno-block-capture-autoreleasing -Wno-strict-prototypes -Wno-semicolon-before-method-body -index-store-path /Users/aadityasingh/Library/Developer/Xcode/DerivedData/Chatlio-erkyzdeecsohoaggpwbjdvavzqfv/Index.noindex/DataStore @/Users/aadityasingh/Library/Developer/Xcode/DerivedData/Chatlio-erkyzdeecsohoaggpwbjdvavzqfv/Build/Intermediates.noindex/DTCoreText.build/Debug-iphonesimulator/DTCoreText.build/Objects-normal/x86_64/e6072d4f65d7061329687fe24e3d63a7-common-args.resp -include /Users/aadityasingh/Library/Developer/Xcode/DerivedData/Chatlio-erkyzdeecsohoaggpwbjdvavzqfv/Build/Intermediates.noindex/DTCoreText.build/Debug-iphonesimulator/DTCoreText.build/DerivedSources/resource_bundle_accessor.h -MMD -MT dependencies -MF /Users/aadityasingh/Library/Developer/Xcode/DerivedData/Chatlio-erkyzdeecsohoaggpwbjdvavzqfv/Build/Intermediates.noindex/DTCoreText.build/Debug-iphonesimulator/DTCoreText.build/Objects-normal/x86_64/DTAttributedTextView.d --serialize-diagnostics /Users/aadityasingh/Library/Developer/Xcode/DerivedData/Chatlio-erkyzdeecsohoaggpwbjdvavzqfv/Build/Intermediates.noindex/DTCoreText.build/Debug-iphonesimulator/DTCoreText.build/Objects-normal/x86_64/DTAttributedTextView.dia -c /Users/aadityasingh/Library/Developer/Xcode/DerivedData/Chatlio-erkyzdeecsohoaggpwbjdvavzqfv/SourcePackages/checkouts/DTCoreText/Core/Source/DTAttributedTextView.m -o /Users/aadityasingh/Library/Developer/Xcode/DerivedData/Chatlio-erkyzdeecsohoaggpwbjdvavzqfv/Build/Intermediates.noindex/DTCoreText.build/Debug-iphonesimulator/DTCoreText.build/Objects-normal/x86_64/DTAttributedTextView.o -index-unit-output-path /DTCoreText.build/Debug-iphonesimulator/DTCoreText.build/Objects-normal/x86_64/DTAttributedTextView.o

ScanDependencies /Users/aadityasingh/Library/Developer/Xcode/DerivedData/Chatlio-erkyzdeecsohoaggpwbjdvavzqfv/Build/Intermediates.noindex/DTCoreText.build/Debug-iphonesimulator/DTCoreText.build/Objects-normal/x86_64/DTAttributedTextContentView.o /Users/aadityasingh/Library/Developer/Xcode/DerivedData/Chatlio-erkyzdeecsohoaggpwbjdvavzqfv/SourcePackages/checkouts/DTCoreText/Core/Source/DTAttributedTextContentView.m normal x86_64 objective-c com.apple.compilers.llvm.clang.1_0.compiler (in target 'DTCoreText' from project 'DTCoreText')
    cd /Users/aadityasingh/Documents/Development/element-x-ios/Chatlio.xcodeproj
    
    Using response file: /Users/aadityasingh/Library/Developer/Xcode/DerivedData/Chatlio-erkyzdeecsohoaggpwbjdvavzqfv/Build/Intermediates.noindex/DTCoreText.build/Debug-iphonesimulator/DTCoreText.build/Objects-normal/x86_64/e6072d4f65d7061329687fe24e3d63a7-common-args.resp
    
    builtin-ScanDependencies -o /Users/aadityasingh/Library/Developer/Xcode/DerivedData/Chatlio-erkyzdeecsohoaggpwbjdvavzqfv/Build/Intermediates.noindex/DTCoreText.build/Debug-iphonesimulator/DTCoreText.build/Objects-normal/x86_64/DTAttributedTextContentView.o.scan -- /Applications/Xcode.app/Contents/Developer/Toolchains/XcodeDefault.xctoolchain/usr/bin/clang -x objective-c -ivfsstatcache /Users/aadityasingh/Library/Developer/Xcode/DerivedData/SDKStatCaches.noindex/iphonesimulator26.4-23E252-686eebb5dc1d8ecb277353a59184f4aa.sdkstatcache -target x86_64-apple-ios12.0-simulator -fmessage-length\=0 -fdiagnostics-show-note-include-stack -fmacro-backtrace-limit\=0 -fno-color-diagnostics -fmodules-prune-interval\=86400 -fmodules-prune-after\=345600 -fbuild-session-file\=/Users/aadityasingh/Library/Developer/Xcode/DerivedData/ModuleCache.noindex/Session.modulevalidation -fmodules-validate-once-per-build-session -Wnon-modular-include-in-framework-module -Werror\=non-modular-include-in-framework-module -Wno-trigraphs -Wno-missing-field-initializers -Wno-missing-prototypes -Wno-return-type -Wno-implicit-atomic-properties -Wno-objc-interface-ivars -Wno-arc-repeated-use-of-weak -Wno-missing-braces -Wparentheses -Wswitch -Wno-unused-function -Wno-unused-label -Wno-unused-parameter -Wno-unused-variable -Wunused-value -Wno-empty-body -Wno-uninitialized -Wno-unknown-pragmas -w -Wno-shadow -Wno-four-char-constants -Wno-conversion -Wno-constant-conversion -Wno-int-conversion -Wno-bool-conversion -Wno-enum-conversion -Wno-float-conversion -Wno-non-literal-null-conversion -Wno-objc-literal-conversion -Wshorten-64-to-32 -Wpointer-sign -Wno-newline-eof -Wno-selector -Wno-strict-selector-match -Wno-undeclared-selector -Wno-deprecated-implementations -Wno-implicit-fallthrough -isysroot /Applications/Xcode.app/Contents/Developer/Platforms/iPhoneSimulator.platform/Developer/SDKs/iPhoneSimulator26.4.sdk -fstrict-aliasing -Wprotocol -Wdeprecated-declarations -Wno-sign-conversion -Wno-infinite-recursion -Wno-comma -Wno-block-capture-autoreleasing -Wno-strict-prototypes -Wno-semicolon-before-method-body -index-store-path /Users/aadityasingh/Library/Developer/Xcode/DerivedData/Chatlio-erkyzdeecsohoaggpwbjdvavzqfv/Index.noindex/DataStore @/Users/aadityasingh/Library/Developer/Xcode/DerivedData/Chatlio-erkyzdeecsohoaggpwbjdvavzqfv/Build/Intermediates.noindex/DTCoreText.build/Debug-iphonesimulator/DTCoreText.build/Objects-normal/x86_64/e6072d4f65d7061329687fe24e3d63a7-common-args.resp -include /Users/aadityasingh/Library/Developer/Xcode/DerivedData/Chatlio-erkyzdeecsohoaggpwbjdvavzqfv/Build/Intermediates.noindex/DTCoreText.build/Debug-iphonesimulator/DTCoreText.build/DerivedSources/resource_bundle_accessor.h -MMD -MT dependencies -MF /Users/aadityasingh/Library/Developer/Xcode/DerivedData/Chatlio-erkyzdeecsohoaggpwbjdvavzqfv/Build/Intermediates.noindex/DTCoreText.build/Debug-iphonesimulator/DTCoreText.build/Objects-normal/x86_64/DTAttributedTextContentView.d --serialize-diagnostics /Users/aadityasingh/Library/Developer/Xcode/DerivedData/Chatlio-erkyzdeecsohoaggpwbjdvavzqfv/Build/Intermediates.noindex/DTCoreText.build/Debug-iphonesimulator/DTCoreText.build/Objects-normal/x86_64/DTAttributedTextContentView.dia -c /Users/aadityasingh/Library/Developer/Xcode/DerivedData/Chatlio-erkyzdeecsohoaggpwbjdvavzqfv/SourcePackages/checkouts/DTCoreText/Core/Source/DTAttributedTextContentView.m -o /Users/aadityasingh/Library/Developer/Xcode/DerivedData/Chatlio-erkyzdeecsohoaggpwbjdvavzqfv/Build/Intermediates.noindex/DTCoreText.build/Debug-iphonesimulator/DTCoreText.build/Objects-normal/x86_64/DTAttributedTextContentView.o -index-unit-output-path /DTCoreText.build/Debug-iphonesimulator/DTCoreText.build/Objects-normal/x86_64/DTAttributedTextContentView.o

CompileC /Users/aadityasingh/Library/Developer/Xcode/DerivedData/Chatlio-erkyzdeecsohoaggpwbjdvavzqfv/Build/Intermediates.noindex/DTCoreText.build/Debug-iphonesimulator/DTCoreText.build/Objects-normal/x86_64/DTColor+Compatibility.o /Users/aadityasingh/Library/Developer/Xcode/DerivedData/Chatlio-erkyzdeecsohoaggpwbjdvavzqfv/SourcePackages/checkouts/DTCoreText/Core/Source/DTColor+Compatibility.m normal x86_64 objective-c com.apple.compilers.llvm.clang.1_0.compiler (in target 'DTCoreText' from project 'DTCoreText')
    cd /Users/aadityasingh/Documents/Development/element-x-ios/Chatlio.xcodeproj
    
    Using response file: /Users/aadityasingh/Library/Developer/Xcode/DerivedData/Chatlio-erkyzdeecsohoaggpwbjdvavzqfv/Build/Intermediates.noindex/DTCoreText.build/Debug-iphonesimulator/DTCoreText.build/Objects-normal/x86_64/e6072d4f65d7061329687fe24e3d63a7-common-args.resp
    
    /Applications/Xcode.app/Contents/Developer/Toolchains/XcodeDefault.xctoolchain/usr/bin/clang -x objective-c -ivfsstatcache /Users/aadityasingh/Library/Developer/Xcode/DerivedData/SDKStatCaches.noindex/iphonesimulator26.4-23E252-686eebb5dc1d8ecb277353a59184f4aa.sdkstatcache -target x86_64-apple-ios12.0-simulator -fmessage-length\=0 -fdiagnostics-show-note-include-stack -fmacro-backtrace-limit\=0 -fno-color-diagnostics -fmodules-prune-interval\=86400 -fmodules-prune-after\=345600 -fbuild-session-file\=/Users/aadityasingh/Library/Developer/Xcode/DerivedData/ModuleCache.noindex/Session.modulevalidation -fmodules-validate-once-per-build-session -Wnon-modular-include-in-framework-module -Werror\=non-modular-include-in-framework-module -Wno-trigraphs -Wno-missing-field-initializers -Wno-missing-prototypes -Wno-return-type -Wno-implicit-atomic-properties -Wno-objc-interface-ivars -Wno-arc-repeated-use-of-weak -Wno-missing-braces -Wparentheses -Wswitch -Wno-unused-function -Wno-unused-label -Wno-unused-parameter -Wno-unused-variable -Wunused-value -Wno-empty-body -Wno-uninitialized -Wno-unknown-pragmas -w -Wno-shadow -Wno-four-char-constants -Wno-conversion -Wno-constant-conversion -Wno-int-conversion -Wno-bool-conversion -Wno-enum-conversion -Wno-float-conversion -Wno-non-literal-null-conversion -Wno-objc-literal-conversion -Wshorten-64-to-32 -Wpointer-sign -Wno-newline-eof -Wno-selector -Wno-strict-selector-match -Wno-undeclared-selector -Wno-deprecated-implementations -Wno-implicit-fallthrough -isysroot /Applications/Xcode.app/Contents/Developer/Platforms/iPhoneSimulator.platform/Developer/SDKs/iPhoneSimulator26.4.sdk -fstrict-aliasing -Wprotocol -Wdeprecated-declarations -Wno-sign-conversion -Wno-infinite-recursion -Wno-comma -Wno-block-capture-autoreleasing -Wno-strict-prototypes -Wno-semicolon-before-method-body -index-store-path /Users/aadityasingh/Library/Developer/Xcode/DerivedData/Chatlio-erkyzdeecsohoaggpwbjdvavzqfv/Index.noindex/DataStore @/Users/aadityasingh/Library/Developer/Xcode/DerivedData/Chatlio-erkyzdeecsohoaggpwbjdvavzqfv/Build/Intermediates.noindex/DTCoreText.build/Debug-iphonesimulator/DTCoreText.build/Objects-normal/x86_64/e6072d4f65d7061329687fe24e3d63a7-common-args.resp -include /Users/aadityasingh/Library/Developer/Xcode/DerivedData/Chatlio-erkyzdeecsohoaggpwbjdvavzqfv/Build/Intermediates.noindex/DTCoreText.build/Debug-iphonesimulator/DTCoreText.build/DerivedSources/resource_bundle_accessor.h -MMD -MT dependencies -MF /Users/aadityasingh/Library/Developer/Xcode/DerivedData/Chatlio-erkyzdeecsohoaggpwbjdvavzqfv/Build/Intermediates.noindex/DTCoreText.build/Debug-iphonesimulator/DTCoreText.build/Objects-normal/x86_64/DTColor+Compatibility.d --serialize-diagnostics /Users/aadityasingh/Library/Developer/Xcode/DerivedData/Chatlio-erkyzdeecsohoaggpwbjdvavzqfv/Build/Intermediates.noindex/DTCoreText.build/Debug-iphonesimulator/DTCoreText.build/Objects-normal/x86_64/DTColor+Compatibility.dia -c /Users/aadityasingh/Library/Developer/Xcode/DerivedData/Chatlio-erkyzdeecsohoaggpwbjdvavzqfv/SourcePackages/checkouts/DTCoreText/Core/Source/DTColor+Compatibility.m -o /Users/aadityasingh/Library/Developer/Xcode/DerivedData/Chatlio-erkyzdeecsohoaggpwbjdvavzqfv/Build/Intermediates.noindex/DTCoreText.build/Debug-iphonesimulator/DTCoreText.build/Objects-normal/x86_64/DTColor+Compatibility.o -index-unit-output-path /DTCoreText.build/Debug-iphonesimulator/DTCoreText.build/Objects-normal/x86_64/DTColor+Compatibility.o

ScanDependencies /Users/aadityasingh/Library/Developer/Xcode/DerivedData/Chatlio-erkyzdeecsohoaggpwbjdvavzqfv/Build/Intermediates.noindex/DTCoreText.build/Debug-iphonesimulator/DTCoreText.build/Objects-normal/x86_64/DTAttributedTextCell.o /Users/aadityasingh/Library/Developer/Xcode/DerivedData/Chatlio-erkyzdeecsohoaggpwbjdvavzqfv/SourcePackages/checkouts/DTCoreText/Core/Source/DTAttributedTextCell.m normal x86_64 objective-c com.apple.compilers.llvm.clang.1_0.compiler (in target 'DTCoreText' from project 'DTCoreText')
    cd /Users/aadityasingh/Documents/Development/element-x-ios/Chatlio.xcodeproj
    
    Using response file: /Users/aadityasingh/Library/Developer/Xcode/DerivedData/Chatlio-erkyzdeecsohoaggpwbjdvavzqfv/Build/Intermediates.noindex/DTCoreText.build/Debug-iphonesimulator/DTCoreText.build/Objects-normal/x86_64/e6072d4f65d7061329687fe24e3d63a7-common-args.resp
    
    builtin-ScanDependencies -o /Users/aadityasingh/Library/Developer/Xcode/DerivedData/Chatlio-erkyzdeecsohoaggpwbjdvavzqfv/Build/Intermediates.noindex/DTCoreText.build/Debug-iphonesimulator/DTCoreText.build/Objects-normal/x86_64/DTAttributedTextCell.o.scan -- /Applications/Xcode.app/Contents/Developer/Toolchains/XcodeDefault.xctoolchain/usr/bin/clang -x objective-c -ivfsstatcache /Users/aadityasingh/Library/Developer/Xcode/DerivedData/SDKStatCaches.noindex/iphonesimulator26.4-23E252-686eebb5dc1d8ecb277353a59184f4aa.sdkstatcache -target x86_64-apple-ios12.0-simulator -fmessage-length\=0 -fdiagnostics-show-note-include-stack -fmacro-backtrace-limit\=0 -fno-color-diagnostics -fmodules-prune-interval\=86400 -fmodules-prune-after\=345600 -fbuild-session-file\=/Users/aadityasingh/Library/Developer/Xcode/DerivedData/ModuleCache.noindex/Session.modulevalidation -fmodules-validate-once-per-build-session -Wnon-modular-include-in-framework-module -Werror\=non-modular-include-in-framework-module -Wno-trigraphs -Wno-missing-field-initializers -Wno-missing-prototypes -Wno-return-type -Wno-implicit-atomic-properties -Wno-objc-interface-ivars -Wno-arc-repeated-use-of-weak -Wno-missing-braces -Wparentheses -Wswitch -Wno-unused-function -Wno-unused-label -Wno-unused-parameter -Wno-unused-variable -Wunused-value -Wno-empty-body -Wno-uninitialized -Wno-unknown-pragmas -w -Wno-shadow -Wno-four-char-constants -Wno-conversion -Wno-constant-conversion -Wno-int-conversion -Wno-bool-conversion -Wno-enum-conversion -Wno-float-conversion -Wno-non-literal-null-conversion -Wno-objc-literal-conversion -Wshorten-64-to-32 -Wpointer-sign -Wno-newline-eof -Wno-selector -Wno-strict-selector-match -Wno-undeclared-selector -Wno-deprecated-implementations -Wno-implicit-fallthrough -isysroot /Applications/Xcode.app/Contents/Developer/Platforms/iPhoneSimulator.platform/Developer/SDKs/iPhoneSimulator26.4.sdk -fstrict-aliasing -Wprotocol -Wdeprecated-declarations -Wno-sign-conversion -Wno-infinite-recursion -Wno-comma -Wno-block-capture-autoreleasing -Wno-strict-prototypes -Wno-semicolon-before-method-body -index-store-path /Users/aadityasingh/Library/Developer/Xcode/DerivedData/Chatlio-erkyzdeecsohoaggpwbjdvavzqfv/Index.noindex/DataStore @/Users/aadityasingh/Library/Developer/Xcode/DerivedData/Chatlio-erkyzdeecsohoaggpwbjdvavzqfv/Build/Intermediates.noindex/DTCoreText.build/Debug-iphonesimulator/DTCoreText.build/Objects-normal/x86_64/e6072d4f65d7061329687fe24e3d63a7-common-args.resp -include /Users/aadityasingh/Library/Developer/Xcode/DerivedData/Chatlio-erkyzdeecsohoaggpwbjdvavzqfv/Build/Intermediates.noindex/DTCoreText.build/Debug-iphonesimulator/DTCoreText.build/DerivedSources/resource_bundle_accessor.h -MMD -MT dependencies -MF /Users/aadityasingh/Library/Developer/Xcode/DerivedData/Chatlio-erkyzdeecsohoaggpwbjdvavzqfv/Build/Intermediates.noindex/DTCoreText.build/Debug-iphonesimulator/DTCoreText.build/Objects-normal/x86_64/DTAttributedTextCell.d --serialize-diagnostics /Users/aadityasingh/Library/Developer/Xcode/DerivedData/Chatlio-erkyzdeecsohoaggpwbjdvavzqfv/Build/Intermediates.noindex/DTCoreText.build/Debug-iphonesimulator/DTCoreText.build/Objects-normal/x86_64/DTAttributedTextCell.dia -c /Users/aadityasingh/Library/Developer/Xcode/DerivedData/Chatlio-erkyzdeecsohoaggpwbjdvavzqfv/SourcePackages/checkouts/DTCoreText/Core/Source/DTAttributedTextCell.m -o /Users/aadityasingh/Library/Developer/Xcode/DerivedData/Chatlio-erkyzdeecsohoaggpwbjdvavzqfv/Build/Intermediates.noindex/DTCoreText.build/Debug-iphonesimulator/DTCoreText.build/Objects-normal/x86_64/DTAttributedTextCell.o -index-unit-output-path /DTCoreText.build/Debug-iphonesimulator/DTCoreText.build/Objects-normal/x86_64/DTAttributedTextCell.o

PrecompileModule /Users/aadityasingh/Library/Developer/Xcode/DerivedData/Chatlio-erkyzdeecsohoaggpwbjdvavzqfv/Build/Intermediates.noindex/ExplicitPrecompiledModules/os_object-CL9UFXQ2BJYNNYYVQOP6DMNJJ.scan
    cd /
    builtin-precompileModule /Users/aadityasingh/Library/Developer/Xcode/DerivedData/Chatlio-erkyzdeecsohoaggpwbjdvavzqfv/Build/Intermediates.noindex/ExplicitPrecompiledModules/os_object-CL9UFXQ2BJYNNYYVQOP6DMNJJ.scan

ScanDependencies /Users/aadityasingh/Library/Developer/Xcode/DerivedData/Chatlio-erkyzdeecsohoaggpwbjdvavzqfv/Build/Intermediates.noindex/DTCoreText.build/Debug-iphonesimulator/DTCoreText.build/Objects-normal/x86_64/DTAttributedLabel.o /Users/aadityasingh/Library/Developer/Xcode/DerivedData/Chatlio-erkyzdeecsohoaggpwbjdvavzqfv/SourcePackages/checkouts/DTCoreText/Core/Source/DTAttributedLabel.m normal x86_64 objective-c com.apple.compilers.llvm.clang.1_0.compiler (in target 'DTCoreText' from project 'DTCoreText')
    cd /Users/aadityasingh/Documents/Development/element-x-ios/Chatlio.xcodeproj
    
    Using response file: /Users/aadityasingh/Library/Developer/Xcode/DerivedData/Chatlio-erkyzdeecsohoaggpwbjdvavzqfv/Build/Intermediates.noindex/DTCoreText.build/Debug-iphonesimulator/DTCoreText.build/Objects-normal/x86_64/e6072d4f65d7061329687fe24e3d63a7-common-args.resp
    
    builtin-ScanDependencies -o /Users/aadityasingh/Library/Developer/Xcode/DerivedData/Chatlio-erkyzdeecsohoaggpwbjdvavzqfv/Build/Intermediates.noindex/DTCoreText.build/Debug-iphonesimulator/DTCoreText.build/Objects-normal/x86_64/DTAttributedLabel.o.scan -- /Applications/Xcode.app/Contents/Developer/Toolchains/XcodeDefault.xctoolchain/usr/bin/clang -x objective-c -ivfsstatcache /Users/aadityasingh/Library/Developer/Xcode/DerivedData/SDKStatCaches.noindex/iphonesimulator26.4-23E252-686eebb5dc1d8ecb277353a59184f4aa.sdkstatcache -target x86_64-apple-ios12.0-simulator -fmessage-length\=0 -fdiagnostics-show-note-include-stack -fmacro-backtrace-limit\=0 -fno-color-diagnostics -fmodules-prune-interval\=86400 -fmodules-prune-after\=345600 -fbuild-session-file\=/Users/aadityasingh/Library/Developer/Xcode/DerivedData/ModuleCache.noindex/Session.modulevalidation -fmodules-validate-once-per-build-session -Wnon-modular-include-in-framework-module -Werror\=non-modular-include-in-framework-module -Wno-trigraphs -Wno-missing-field-initializers -Wno-missing-prototypes -Wno-return-type -Wno-implicit-atomic-properties -Wno-objc-interface-ivars -Wno-arc-repeated-use-of-weak -Wno-missing-braces -Wparentheses -Wswitch -Wno-unused-function -Wno-unused-label -Wno-unused-parameter -Wno-unused-variable -Wunused-value -Wno-empty-body -Wno-uninitialized -Wno-unknown-pragmas -w -Wno-shadow -Wno-four-char-constants -Wno-conversion -Wno-constant-conversion -Wno-int-conversion -Wno-bool-conversion -Wno-enum-conversion -Wno-float-conversion -Wno-non-literal-null-conversion -Wno-objc-literal-conversion -Wshorten-64-to-32 -Wpointer-sign -Wno-newline-eof -Wno-selector -Wno-strict-selector-match -Wno-undeclared-selector -Wno-deprecated-implementations -Wno-implicit-fallthrough -isysroot /Applications/Xcode.app/Contents/Developer/Platforms/iPhoneSimulator.platform/Developer/SDKs/iPhoneSimulator26.4.sdk -fstrict-aliasing -Wprotocol -Wdeprecated-declarations -Wno-sign-conversion -Wno-infinite-recursion -Wno-comma -Wno-block-capture-autoreleasing -Wno-strict-prototypes -Wno-semicolon-before-method-body -index-store-path /Users/aadityasingh/Library/Developer/Xcode/DerivedData/Chatlio-erkyzdeecsohoaggpwbjdvavzqfv/Index.noindex/DataStore @/Users/aadityasingh/Library/Developer/Xcode/DerivedData/Chatlio-erkyzdeecsohoaggpwbjdvavzqfv/Build/Intermediates.noindex/DTCoreText.build/Debug-iphonesimulator/DTCoreText.build/Objects-normal/x86_64/e6072d4f65d7061329687fe24e3d63a7-common-args.resp -include /Users/aadityasingh/Library/Developer/Xcode/DerivedData/Chatlio-erkyzdeecsohoaggpwbjdvavzqfv/Build/Intermediates.noindex/DTCoreText.build/Debug-iphonesimulator/DTCoreText.build/DerivedSources/resource_bundle_accessor.h -MMD -MT dependencies -MF /Users/aadityasingh/Library/Developer/Xcode/DerivedData/Chatlio-erkyzdeecsohoaggpwbjdvavzqfv/Build/Intermediates.noindex/DTCoreText.build/Debug-iphonesimulator/DTCoreText.build/Objects-normal/x86_64/DTAttributedLabel.d --serialize-diagnostics /Users/aadityasingh/Library/Developer/Xcode/DerivedData/Chatlio-erkyzdeecsohoaggpwbjdvavzqfv/Build/Intermediates.noindex/DTCoreText.build/Debug-iphonesimulator/DTCoreText.build/Objects-normal/x86_64/DTAttributedLabel.dia -c /Users/aadityasingh/Library/Developer/Xcode/DerivedData/Chatlio-erkyzdeecsohoaggpwbjdvavzqfv/SourcePackages/checkouts/DTCoreText/Core/Source/DTAttributedLabel.m -o /Users/aadityasingh/Library/Developer/Xcode/DerivedData/Chatlio-erkyzdeecsohoaggpwbjdvavzqfv/Build/Intermediates.noindex/DTCoreText.build/Debug-iphonesimulator/DTCoreText.build/Objects-normal/x86_64/DTAttributedLabel.o -index-unit-output-path /DTCoreText.build/Debug-iphonesimulator/DTCoreText.build/Objects-normal/x86_64/DTAttributedLabel.o

ScanDependencies /Users/aadityasingh/Library/Developer/Xcode/DerivedData/Chatlio-erkyzdeecsohoaggpwbjdvavzqfv/Build/Intermediates.noindex/DTCoreText.build/Debug-iphonesimulator/DTCoreText.build/Objects-normal/x86_64/DTAnchorHTMLElement.o /Users/aadityasingh/Library/Developer/Xcode/DerivedData/Chatlio-erkyzdeecsohoaggpwbjdvavzqfv/SourcePackages/checkouts/DTCoreText/Core/Source/DTAnchorHTMLElement.m normal x86_64 objective-c com.apple.compilers.llvm.clang.1_0.compiler (in target 'DTCoreText' from project 'DTCoreText')
    cd /Users/aadityasingh/Documents/Development/element-x-ios/Chatlio.xcodeproj
    
    Using response file: /Users/aadityasingh/Library/Developer/Xcode/DerivedData/Chatlio-erkyzdeecsohoaggpwbjdvavzqfv/Build/Intermediates.noindex/DTCoreText.build/Debug-iphonesimulator/DTCoreText.build/Objects-normal/x86_64/e6072d4f65d7061329687fe24e3d63a7-common-args.resp
    
    builtin-ScanDependencies -o /Users/aadityasingh/Library/Developer/Xcode/DerivedData/Chatlio-erkyzdeecsohoaggpwbjdvavzqfv/Build/Intermediates.noindex/DTCoreText.build/Debug-iphonesimulator/DTCoreText.build/Objects-normal/x86_64/DTAnchorHTMLElement.o.scan -- /Applications/Xcode.app/Contents/Developer/Toolchains/XcodeDefault.xctoolchain/usr/bin/clang -x objective-c -ivfsstatcache /Users/aadityasingh/Library/Developer/Xcode/DerivedData/SDKStatCaches.noindex/iphonesimulator26.4-23E252-686eebb5dc1d8ecb277353a59184f4aa.sdkstatcache -target x86_64-apple-ios12.0-simulator -fmessage-length\=0 -fdiagnostics-show-note-include-stack -fmacro-backtrace-limit\=0 -fno-color-diagnostics -fmodules-prune-interval\=86400 -fmodules-prune-after\=345600 -fbuild-session-file\=/Users/aadityasingh/Library/Developer/Xcode/DerivedData/ModuleCache.noindex/Session.modulevalidation -fmodules-validate-once-per-build-session -Wnon-modular-include-in-framework-module -Werror\=non-modular-include-in-framework-module -Wno-trigraphs -Wno-missing-field-initializers -Wno-missing-prototypes -Wno-return-type -Wno-implicit-atomic-properties -Wno-objc-interface-ivars -Wno-arc-repeated-use-of-weak -Wno-missing-braces -Wparentheses -Wswitch -Wno-unused-function -Wno-unused-label -Wno-unused-parameter -Wno-unused-variable -Wunused-value -Wno-empty-body -Wno-uninitialized -Wno-unknown-pragmas -w -Wno-shadow -Wno-four-char-constants -Wno-conversion -Wno-constant-conversion -Wno-int-conversion -Wno-bool-conversion -Wno-enum-conversion -Wno-float-conversion -Wno-non-literal-null-conversion -Wno-objc-literal-conversion -Wshorten-64-to-32 -Wpointer-sign -Wno-newline-eof -Wno-selector -Wno-strict-selector-match -Wno-undeclared-selector -Wno-deprecated-implementations -Wno-implicit-fallthrough -isysroot /Applications/Xcode.app/Contents/Developer/Platforms/iPhoneSimulator.platform/Developer/SDKs/iPhoneSimulator26.4.sdk -fstrict-aliasing -Wprotocol -Wdeprecated-declarations -Wno-sign-conversion -Wno-infinite-recursion -Wno-comma -Wno-block-capture-autoreleasing -Wno-strict-prototypes -Wno-semicolon-before-method-body -index-store-path /Users/aadityasingh/Library/Developer/Xcode/DerivedData/Chatlio-erkyzdeecsohoaggpwbjdvavzqfv/Index.noindex/DataStore @/Users/aadityasingh/Library/Developer/Xcode/DerivedData/Chatlio-erkyzdeecsohoaggpwbjdvavzqfv/Build/Intermediates.noindex/DTCoreText.build/Debug-iphonesimulator/DTCoreText.build/Objects-normal/x86_64/e6072d4f65d7061329687fe24e3d63a7-common-args.resp -include /Users/aadityasingh/Library/Developer/Xcode/DerivedData/Chatlio-erkyzdeecsohoaggpwbjdvavzqfv/Build/Intermediates.noindex/DTCoreText.build/Debug-iphonesimulator/DTCoreText.build/DerivedSources/resource_bundle_accessor.h -MMD -MT dependencies -MF /Users/aadityasingh/Library/Developer/Xcode/DerivedData/Chatlio-erkyzdeecsohoaggpwbjdvavzqfv/Build/Intermediates.noindex/DTCoreText.build/Debug-iphonesimulator/DTCoreText.build/Objects-normal/x86_64/DTAnchorHTMLElement.d --serialize-diagnostics /Users/aadityasingh/Library/Developer/Xcode/DerivedData/Chatlio-erkyzdeecsohoaggpwbjdvavzqfv/Build/Intermediates.noindex/DTCoreText.build/Debug-iphonesimulator/DTCoreText.build/Objects-normal/x86_64/DTAnchorHTMLElement.dia -c /Users/aadityasingh/Library/Developer/Xcode/DerivedData/Chatlio-erkyzdeecsohoaggpwbjdvavzqfv/SourcePackages/checkouts/DTCoreText/Core/Source/DTAnchorHTMLElement.m -o /Users/aadityasingh/Library/Developer/Xcode/DerivedData/Chatlio-erkyzdeecsohoaggpwbjdvavzqfv/Build/Intermediates.noindex/DTCoreText.build/Debug-iphonesimulator/DTCoreText.build/Objects-normal/x86_64/DTAnchorHTMLElement.o -index-unit-output-path /DTCoreText.build/Debug-iphonesimulator/DTCoreText.build/Objects-normal/x86_64/DTAnchorHTMLElement.o

PrecompileModule /Users/aadityasingh/Library/Developer/Xcode/DerivedData/Chatlio-erkyzdeecsohoaggpwbjdvavzqfv/Build/Intermediates.noindex/ExplicitPrecompiledModules/CoreImage-1OFFKG2HOFSEII5BUG5F6BWLI.scan
    cd /
    builtin-precompileModule /Users/aadityasingh/Library/Developer/Xcode/DerivedData/Chatlio-erkyzdeecsohoaggpwbjdvavzqfv/Build/Intermediates.noindex/ExplicitPrecompiledModules/CoreImage-1OFFKG2HOFSEII5BUG5F6BWLI.scan

CompileC /Users/aadityasingh/Library/Developer/Xcode/DerivedData/Chatlio-erkyzdeecsohoaggpwbjdvavzqfv/Build/Intermediates.noindex/DTCoreText.build/Debug-iphonesimulator/DTCoreText.build/Objects-normal/x86_64/DTCSSListStyle.o /Users/aadityasingh/Library/Developer/Xcode/DerivedData/Chatlio-erkyzdeecsohoaggpwbjdvavzqfv/SourcePackages/checkouts/DTCoreText/Core/Source/DTCSSListStyle.m normal x86_64 objective-c com.apple.compilers.llvm.clang.1_0.compiler (in target 'DTCoreText' from project 'DTCoreText')
    cd /Users/aadityasingh/Documents/Development/element-x-ios/Chatlio.xcodeproj
    
    Using response file: /Users/aadityasingh/Library/Developer/Xcode/DerivedData/Chatlio-erkyzdeecsohoaggpwbjdvavzqfv/Build/Intermediates.noindex/DTCoreText.build/Debug-iphonesimulator/DTCoreText.build/Objects-normal/x86_64/e6072d4f65d7061329687fe24e3d63a7-common-args.resp
    
    /Applications/Xcode.app/Contents/Developer/Toolchains/XcodeDefault.xctoolchain/usr/bin/clang -x objective-c -ivfsstatcache /Users/aadityasingh/Library/Developer/Xcode/DerivedData/SDKStatCaches.noindex/iphonesimulator26.4-23E252-686eebb5dc1d8ecb277353a59184f4aa.sdkstatcache -target x86_64-apple-ios12.0-simulator -fmessage-length\=0 -fdiagnostics-show-note-include-stack -fmacro-backtrace-limit\=0 -fno-color-diagnostics -fmodules-prune-interval\=86400 -fmodules-prune-after\=345600 -fbuild-session-file\=/Users/aadityasingh/Library/Developer/Xcode/DerivedData/ModuleCache.noindex/Session.modulevalidation -fmodules-validate-once-per-build-session -Wnon-modular-include-in-framework-module -Werror\=non-modular-include-in-framework-module -Wno-trigraphs -Wno-missing-field-initializers -Wno-missing-prototypes -Wno-return-type -Wno-implicit-atomic-properties -Wno-objc-interface-ivars -Wno-arc-repeated-use-of-weak -Wno-missing-braces -Wparentheses -Wswitch -Wno-unused-function -Wno-unused-label -Wno-unused-parameter -Wno-unused-variable -Wunused-value -Wno-empty-body -Wno-uninitialized -Wno-unknown-pragmas -w -Wno-shadow -Wno-four-char-constants -Wno-conversion -Wno-constant-conversion -Wno-int-conversion -Wno-bool-conversion -Wno-enum-conversion -Wno-float-conversion -Wno-non-literal-null-conversion -Wno-objc-literal-conversion -Wshorten-64-to-32 -Wpointer-sign -Wno-newline-eof -Wno-selector -Wno-strict-selector-match -Wno-undeclared-selector -Wno-deprecated-implementations -Wno-implicit-fallthrough -isysroot /Applications/Xcode.app/Contents/Developer/Platforms/iPhoneSimulator.platform/Developer/SDKs/iPhoneSimulator26.4.sdk -fstrict-aliasing -Wprotocol -Wdeprecated-declarations -Wno-sign-conversion -Wno-infinite-recursion -Wno-comma -Wno-block-capture-autoreleasing -Wno-strict-prototypes -Wno-semicolon-before-method-body -index-store-path /Users/aadityasingh/Library/Developer/Xcode/DerivedData/Chatlio-erkyzdeecsohoaggpwbjdvavzqfv/Index.noindex/DataStore @/Users/aadityasingh/Library/Developer/Xcode/DerivedData/Chatlio-erkyzdeecsohoaggpwbjdvavzqfv/Build/Intermediates.noindex/DTCoreText.build/Debug-iphonesimulator/DTCoreText.build/Objects-normal/x86_64/e6072d4f65d7061329687fe24e3d63a7-common-args.resp -include /Users/aadityasingh/Library/Developer/Xcode/DerivedData/Chatlio-erkyzdeecsohoaggpwbjdvavzqfv/Build/Intermediates.noindex/DTCoreText.build/Debug-iphonesimulator/DTCoreText.build/DerivedSources/resource_bundle_accessor.h -MMD -MT dependencies -MF /Users/aadityasingh/Library/Developer/Xcode/DerivedData/Chatlio-erkyzdeecsohoaggpwbjdvavzqfv/Build/Intermediates.noindex/DTCoreText.build/Debug-iphonesimulator/DTCoreText.build/Objects-normal/x86_64/DTCSSListStyle.d --serialize-diagnostics /Users/aadityasingh/Library/Developer/Xcode/DerivedData/Chatlio-erkyzdeecsohoaggpwbjdvavzqfv/Build/Intermediates.noindex/DTCoreText.build/Debug-iphonesimulator/DTCoreText.build/Objects-normal/x86_64/DTCSSListStyle.dia -c /Users/aadityasingh/Library/Developer/Xcode/DerivedData/Chatlio-erkyzdeecsohoaggpwbjdvavzqfv/SourcePackages/checkouts/DTCoreText/Core/Source/DTCSSListStyle.m -o /Users/aadityasingh/Library/Developer/Xcode/DerivedData/Chatlio-erkyzdeecsohoaggpwbjdvavzqfv/Build/Intermediates.noindex/DTCoreText.build/Debug-iphonesimulator/DTCoreText.build/Objects-normal/x86_64/DTCSSListStyle.o -index-unit-output-path /DTCoreText.build/Debug-iphonesimulator/DTCoreText.build/Objects-normal/x86_64/DTCSSListStyle.o

PrecompileModule /Users/aadityasingh/Library/Developer/Xcode/DerivedData/Chatlio-erkyzdeecsohoaggpwbjdvavzqfv/Build/Intermediates.noindex/ExplicitPrecompiledModules/os_object-5JLC0KA80V285ESTYHN9DD5AD.scan
    cd /
    builtin-precompileModule /Users/aadityasingh/Library/Developer/Xcode/DerivedData/Chatlio-erkyzdeecsohoaggpwbjdvavzqfv/Build/Intermediates.noindex/ExplicitPrecompiledModules/os_object-5JLC0KA80V285ESTYHN9DD5AD.scan

CompileC /Users/aadityasingh/Library/Developer/Xcode/DerivedData/Chatlio-erkyzdeecsohoaggpwbjdvavzqfv/Build/Intermediates.noindex/DTCoreText.build/Debug-iphonesimulator/DTCoreText.build/Objects-normal/x86_64/NSString+HTML.o /Users/aadityasingh/Library/Developer/Xcode/DerivedData/Chatlio-erkyzdeecsohoaggpwbjdvavzqfv/SourcePackages/checkouts/DTCoreText/Core/Source/NSString+HTML.m normal x86_64 objective-c com.apple.compilers.llvm.clang.1_0.compiler (in target 'DTCoreText' from project 'DTCoreText')
    cd /Users/aadityasingh/Documents/Development/element-x-ios/Chatlio.xcodeproj
    
    Using response file: /Users/aadityasingh/Library/Developer/Xcode/DerivedData/Chatlio-erkyzdeecsohoaggpwbjdvavzqfv/Build/Intermediates.noindex/DTCoreText.build/Debug-iphonesimulator/DTCoreText.build/Objects-normal/x86_64/e6072d4f65d7061329687fe24e3d63a7-common-args.resp
    
    /Applications/Xcode.app/Contents/Developer/Toolchains/XcodeDefault.xctoolchain/usr/bin/clang -x objective-c -ivfsstatcache /Users/aadityasingh/Library/Developer/Xcode/DerivedData/SDKStatCaches.noindex/iphonesimulator26.4-23E252-686eebb5dc1d8ecb277353a59184f4aa.sdkstatcache -target x86_64-apple-ios12.0-simulator -fmessage-length\=0 -fdiagnostics-show-note-include-stack -fmacro-backtrace-limit\=0 -fno-color-diagnostics -fmodules-prune-interval\=86400 -fmodules-prune-after\=345600 -fbuild-session-file\=/Users/aadityasingh/Library/Developer/Xcode/DerivedData/ModuleCache.noindex/Session.modulevalidation -fmodules-validate-once-per-build-session -Wnon-modular-include-in-framework-module -Werror\=non-modular-include-in-framework-module -Wno-trigraphs -Wno-missing-field-initializers -Wno-missing-prototypes -Wno-return-type -Wno-implicit-atomic-properties -Wno-objc-interface-ivars -Wno-arc-repeated-use-of-weak -Wno-missing-braces -Wparentheses -Wswitch -Wno-unused-function -Wno-unused-label -Wno-unused-parameter -Wno-unused-variable -Wunused-value -Wno-empty-body -Wno-uninitialized -Wno-unknown-pragmas -w -Wno-shadow -Wno-four-char-constants -Wno-conversion -Wno-constant-conversion -Wno-int-conversion -Wno-bool-conversion -Wno-enum-conversion -Wno-float-conversion -Wno-non-literal-null-conversion -Wno-objc-literal-conversion -Wshorten-64-to-32 -Wpointer-sign -Wno-newline-eof -Wno-selector -Wno-strict-selector-match -Wno-undeclared-selector -Wno-deprecated-implementations -Wno-implicit-fallthrough -isysroot /Applications/Xcode.app/Contents/Developer/Platforms/iPhoneSimulator.platform/Developer/SDKs/iPhoneSimulator26.4.sdk -fstrict-aliasing -Wprotocol -Wdeprecated-declarations -Wno-sign-conversion -Wno-infinite-recursion -Wno-comma -Wno-block-capture-autoreleasing -Wno-strict-prototypes -Wno-semicolon-before-method-body -index-store-path /Users/aadityasingh/Library/Developer/Xcode/DerivedData/Chatlio-erkyzdeecsohoaggpwbjdvavzqfv/Index.noindex/DataStore @/Users/aadityasingh/Library/Developer/Xcode/DerivedData/Chatlio-erkyzdeecsohoaggpwbjdvavzqfv/Build/Intermediates.noindex/DTCoreText.build/Debug-iphonesimulator/DTCoreText.build/Objects-normal/x86_64/e6072d4f65d7061329687fe24e3d63a7-common-args.resp -include /Users/aadityasingh/Library/Developer/Xcode/DerivedData/Chatlio-erkyzdeecsohoaggpwbjdvavzqfv/Build/Intermediates.noindex/DTCoreText.build/Debug-iphonesimulator/DTCoreText.build/DerivedSources/resource_bundle_accessor.h -MMD -MT dependencies -MF /Users/aadityasingh/Library/Developer/Xcode/DerivedData/Chatlio-erkyzdeecsohoaggpwbjdvavzqfv/Build/Intermediates.noindex/DTCoreText.build/Debug-iphonesimulator/DTCoreText.build/Objects-normal/x86_64/NSString+HTML.d --serialize-diagnostics /Users/aadityasingh/Library/Developer/Xcode/DerivedData/Chatlio-erkyzdeecsohoaggpwbjdvavzqfv/Build/Intermediates.noindex/DTCoreText.build/Debug-iphonesimulator/DTCoreText.build/Objects-normal/x86_64/NSString+HTML.dia -c /Users/aadityasingh/Library/Developer/Xcode/DerivedData/Chatlio-erkyzdeecsohoaggpwbjdvavzqfv/SourcePackages/checkouts/DTCoreText/Core/Source/NSString+HTML.m -o /Users/aadityasingh/Library/Developer/Xcode/DerivedData/Chatlio-erkyzdeecsohoaggpwbjdvavzqfv/Build/Intermediates.noindex/DTCoreText.build/Debug-iphonesimulator/DTCoreText.build/Objects-normal/x86_64/NSString+HTML.o -index-unit-output-path /DTCoreText.build/Debug-iphonesimulator/DTCoreText.build/Objects-normal/x86_64/NSString+HTML.o

CompileC /Users/aadityasingh/Library/Developer/Xcode/DerivedData/Chatlio-erkyzdeecsohoaggpwbjdvavzqfv/Build/Intermediates.noindex/DTCoreText.build/Debug-iphonesimulator/DTCoreText.build/Objects-normal/x86_64/NSAttributedString+HTML.o /Users/aadityasingh/Library/Developer/Xcode/DerivedData/Chatlio-erkyzdeecsohoaggpwbjdvavzqfv/SourcePackages/checkouts/DTCoreText/Core/Source/NSAttributedString+HTML.m normal x86_64 objective-c com.apple.compilers.llvm.clang.1_0.compiler (in target 'DTCoreText' from project 'DTCoreText')
    cd /Users/aadityasingh/Documents/Development/element-x-ios/Chatlio.xcodeproj
    
    Using response file: /Users/aadityasingh/Library/Developer/Xcode/DerivedData/Chatlio-erkyzdeecsohoaggpwbjdvavzqfv/Build/Intermediates.noindex/DTCoreText.build/Debug-iphonesimulator/DTCoreText.build/Objects-normal/x86_64/e6072d4f65d7061329687fe24e3d63a7-common-args.resp
    
    /Applications/Xcode.app/Contents/Developer/Toolchains/XcodeDefault.xctoolchain/usr/bin/clang -x objective-c -ivfsstatcache /Users/aadityasingh/Library/Developer/Xcode/DerivedData/SDKStatCaches.noindex/iphonesimulator26.4-23E252-686eebb5dc1d8ecb277353a59184f4aa.sdkstatcache -target x86_64-apple-ios12.0-simulator -fmessage-length\=0 -fdiagnostics-show-note-include-stack -fmacro-backtrace-limit\=0 -fno-color-diagnostics -fmodules-prune-interval\=86400 -fmodules-prune-after\=345600 -fbuild-session-file\=/Users/aadityasingh/Library/Developer/Xcode/DerivedData/ModuleCache.noindex/Session.modulevalidation -fmodules-validate-once-per-build-session -Wnon-modular-include-in-framework-module -Werror\=non-modular-include-in-framework-module -Wno-trigraphs -Wno-missing-field-initializers -Wno-missing-prototypes -Wno-return-type -Wno-implicit-atomic-properties -Wno-objc-interface-ivars -Wno-arc-repeated-use-of-weak -Wno-missing-braces -Wparentheses -Wswitch -Wno-unused-function -Wno-unused-label -Wno-unused-parameter -Wno-unused-variable -Wunused-value -Wno-empty-body -Wno-uninitialized -Wno-unknown-pragmas -w -Wno-shadow -Wno-four-char-constants -Wno-conversion -Wno-constant-conversion -Wno-int-conversion -Wno-bool-conversion -Wno-enum-conversion -Wno-float-conversion -Wno-non-literal-null-conversion -Wno-objc-literal-conversion -Wshorten-64-to-32 -Wpointer-sign -Wno-newline-eof -Wno-selector -Wno-strict-selector-match -Wno-undeclared-selector -Wno-deprecated-implementations -Wno-implicit-fallthrough -isysroot /Applications/Xcode.app/Contents/Developer/Platforms/iPhoneSimulator.platform/Developer/SDKs/iPhoneSimulator26.4.sdk -fstrict-aliasing -Wprotocol -Wdeprecated-declarations -Wno-sign-conversion -Wno-infinite-recursion -Wno-comma -Wno-block-capture-autoreleasing -Wno-strict-prototypes -Wno-semicolon-before-method-body -index-store-path /Users/aadityasingh/Library/Developer/Xcode/DerivedData/Chatlio-erkyzdeecsohoaggpwbjdvavzqfv/Index.noindex/DataStore @/Users/aadityasingh/Library/Developer/Xcode/DerivedData/Chatlio-erkyzdeecsohoaggpwbjdvavzqfv/Build/Intermediates.noindex/DTCoreText.build/Debug-iphonesimulator/DTCoreText.build/Objects-normal/x86_64/e6072d4f65d7061329687fe24e3d63a7-common-args.resp -include /Users/aadityasingh/Library/Developer/Xcode/DerivedData/Chatlio-erkyzdeecsohoaggpwbjdvavzqfv/Build/Intermediates.noindex/DTCoreText.build/Debug-iphonesimulator/DTCoreText.build/DerivedSources/resource_bundle_accessor.h -MMD -MT dependencies -MF /Users/aadityasingh/Library/Developer/Xcode/DerivedData/Chatlio-erkyzdeecsohoaggpwbjdvavzqfv/Build/Intermediates.noindex/DTCoreText.build/Debug-iphonesimulator/DTCoreText.build/Objects-normal/x86_64/NSAttributedString+HTML.d --serialize-diagnostics /Users/aadityasingh/Library/Developer/Xcode/DerivedData/Chatlio-erkyzdeecsohoaggpwbjdvavzqfv/Build/Intermediates.noindex/DTCoreText.build/Debug-iphonesimulator/DTCoreText.build/Objects-normal/x86_64/NSAttributedString+HTML.dia -c /Users/aadityasingh/Library/Developer/Xcode/DerivedData/Chatlio-erkyzdeecsohoaggpwbjdvavzqfv/SourcePackages/checkouts/DTCoreText/Core/Source/NSAttributedString+HTML.m -o /Users/aadityasingh/Library/Developer/Xcode/DerivedData/Chatlio-erkyzdeecsohoaggpwbjdvavzqfv/Build/Intermediates.noindex/DTCoreText.build/Debug-iphonesimulator/DTCoreText.build/Objects-normal/x86_64/NSAttributedString+HTML.o -index-unit-output-path /DTCoreText.build/Debug-iphonesimulator/DTCoreText.build/Objects-normal/x86_64/NSAttributedString+HTML.o

CompileC /Users/aadityasingh/Library/Developer/Xcode/DerivedData/Chatlio-erkyzdeecsohoaggpwbjdvavzqfv/Build/Intermediates.noindex/DTCoreText.build/Debug-iphonesimulator/DTCoreText.build/Objects-normal/x86_64/NSAttributedString+DTCoreText.o /Users/aadityasingh/Library/Developer/Xcode/DerivedData/Chatlio-erkyzdeecsohoaggpwbjdvavzqfv/SourcePackages/checkouts/DTCoreText/Core/Source/NSAttributedString+DTCoreText.m normal x86_64 objective-c com.apple.compilers.llvm.clang.1_0.compiler (in target 'DTCoreText' from project 'DTCoreText')
    cd /Users/aadityasingh/Documents/Development/element-x-ios/Chatlio.xcodeproj
    
    Using response file: /Users/aadityasingh/Library/Developer/Xcode/DerivedData/Chatlio-erkyzdeecsohoaggpwbjdvavzqfv/Build/Intermediates.noindex/DTCoreText.build/Debug-iphonesimulator/DTCoreText.build/Objects-normal/x86_64/e6072d4f65d7061329687fe24e3d63a7-common-args.resp
    
    /Applications/Xcode.app/Contents/Developer/Toolchains/XcodeDefault.xctoolchain/usr/bin/clang -x objective-c -ivfsstatcache /Users/aadityasingh/Library/Developer/Xcode/DerivedData/SDKStatCaches.noindex/iphonesimulator26.4-23E252-686eebb5dc1d8ecb277353a59184f4aa.sdkstatcache -target x86_64-apple-ios12.0-simulator -fmessage-length\=0 -fdiagnostics-show-note-include-stack -fmacro-backtrace-limit\=0 -fno-color-diagnostics -fmodules-prune-interval\=86400 -fmodules-prune-after\=345600 -fbuild-session-file\=/Users/aadityasingh/Library/Developer/Xcode/DerivedData/ModuleCache.noindex/Session.modulevalidation -fmodules-validate-once-per-build-session -Wnon-modular-include-in-framework-module -Werror\=non-modular-include-in-framework-module -Wno-trigraphs -Wno-missing-field-initializers -Wno-missing-prototypes -Wno-return-type -Wno-implicit-atomic-properties -Wno-objc-interface-ivars -Wno-arc-repeated-use-of-weak -Wno-missing-braces -Wparentheses -Wswitch -Wno-unused-function -Wno-unused-label -Wno-unused-parameter -Wno-unused-variable -Wunused-value -Wno-empty-body -Wno-uninitialized -Wno-unknown-pragmas -w -Wno-shadow -Wno-four-char-constants -Wno-conversion -Wno-constant-conversion -Wno-int-conversion -Wno-bool-conversion -Wno-enum-conversion -Wno-float-conversion -Wno-non-literal-null-conversion -Wno-objc-literal-conversion -Wshorten-64-to-32 -Wpointer-sign -Wno-newline-eof -Wno-selector -Wno-strict-selector-match -Wno-undeclared-selector -Wno-deprecated-implementations -Wno-implicit-fallthrough -isysroot /Applications/Xcode.app/Contents/Developer/Platforms/iPhoneSimulator.platform/Developer/SDKs/iPhoneSimulator26.4.sdk -fstrict-aliasing -Wprotocol -Wdeprecated-declarations -Wno-sign-conversion -Wno-infinite-recursion -Wno-comma -Wno-block-capture-autoreleasing -Wno-strict-prototypes -Wno-semicolon-before-method-body -index-store-path /Users/aadityasingh/Library/Developer/Xcode/DerivedData/Chatlio-erkyzdeecsohoaggpwbjdvavzqfv/Index.noindex/DataStore @/Users/aadityasingh/Library/Developer/Xcode/DerivedData/Chatlio-erkyzdeecsohoaggpwbjdvavzqfv/Build/Intermediates.noindex/DTCoreText.build/Debug-iphonesimulator/DTCoreText.build/Objects-normal/x86_64/e6072d4f65d7061329687fe24e3d63a7-common-args.resp -include /Users/aadityasingh/Library/Developer/Xcode/DerivedData/Chatlio-erkyzdeecsohoaggpwbjdvavzqfv/Build/Intermediates.noindex/DTCoreText.build/Debug-iphonesimulator/DTCoreText.build/DerivedSources/resource_bundle_accessor.h -MMD -MT dependencies -MF /Users/aadityasingh/Library/Developer/Xcode/DerivedData/Chatlio-erkyzdeecsohoaggpwbjdvavzqfv/Build/Intermediates.noindex/DTCoreText.build/Debug-iphonesimulator/DTCoreText.build/Objects-normal/x86_64/NSAttributedString+DTCoreText.d --serialize-diagnostics /Users/aadityasingh/Library/Developer/Xcode/DerivedData/Chatlio-erkyzdeecsohoaggpwbjdvavzqfv/Build/Intermediates.noindex/DTCoreText.build/Debug-iphonesimulator/DTCoreText.build/Objects-normal/x86_64/NSAttributedString+DTCoreText.dia -c /Users/aadityasingh/Library/Developer/Xcode/DerivedData/Chatlio-erkyzdeecsohoaggpwbjdvavzqfv/SourcePackages/checkouts/DTCoreText/Core/Source/NSAttributedString+DTCoreText.m -o /Users/aadityasingh/Library/Developer/Xcode/DerivedData/Chatlio-erkyzdeecsohoaggpwbjdvavzqfv/Build/Intermediates.noindex/DTCoreText.build/Debug-iphonesimulator/DTCoreText.build/Objects-normal/x86_64/NSAttributedString+DTCoreText.o -index-unit-output-path /DTCoreText.build/Debug-iphonesimulator/DTCoreText.build/Objects-normal/x86_64/NSAttributedString+DTCoreText.o

CompileC /Users/aadityasingh/Library/Developer/Xcode/DerivedData/Chatlio-erkyzdeecsohoaggpwbjdvavzqfv/Build/Intermediates.noindex/DTCoreText.build/Debug-iphonesimulator/DTCoreText.build/Objects-normal/x86_64/DTVideoTextAttachment.o /Users/aadityasingh/Library/Developer/Xcode/DerivedData/Chatlio-erkyzdeecsohoaggpwbjdvavzqfv/SourcePackages/checkouts/DTCoreText/Core/Source/DTVideoTextAttachment.m normal x86_64 objective-c com.apple.compilers.llvm.clang.1_0.compiler (in target 'DTCoreText' from project 'DTCoreText')
    cd /Users/aadityasingh/Documents/Development/element-x-ios/Chatlio.xcodeproj
    
    Using response file: /Users/aadityasingh/Library/Developer/Xcode/DerivedData/Chatlio-erkyzdeecsohoaggpwbjdvavzqfv/Build/Intermediates.noindex/DTCoreText.build/Debug-iphonesimulator/DTCoreText.build/Objects-normal/x86_64/e6072d4f65d7061329687fe24e3d63a7-common-args.resp
    
    /Applications/Xcode.app/Contents/Developer/Toolchains/XcodeDefault.xctoolchain/usr/bin/clang -x objective-c -ivfsstatcache /Users/aadityasingh/Library/Developer/Xcode/DerivedData/SDKStatCaches.noindex/iphonesimulator26.4-23E252-686eebb5dc1d8ecb277353a59184f4aa.sdkstatcache -target x86_64-apple-ios12.0-simulator -fmessage-length\=0 -fdiagnostics-show-note-include-stack -fmacro-backtrace-limit\=0 -fno-color-diagnostics -fmodules-prune-interval\=86400 -fmodules-prune-after\=345600 -fbuild-session-file\=/Users/aadityasingh/Library/Developer/Xcode/DerivedData/ModuleCache.noindex/Session.modulevalidation -fmodules-validate-once-per-build-session -Wnon-modular-include-in-framework-module -Werror\=non-modular-include-in-framework-module -Wno-trigraphs -Wno-missing-field-initializers -Wno-missing-prototypes -Wno-return-type -Wno-implicit-atomic-properties -Wno-objc-interface-ivars -Wno-arc-repeated-use-of-weak -Wno-missing-braces -Wparentheses -Wswitch -Wno-unused-function -Wno-unused-label -Wno-unused-parameter -Wno-unused-variable -Wunused-value -Wno-empty-body -Wno-uninitialized -Wno-unknown-pragmas -w -Wno-shadow -Wno-four-char-constants -Wno-conversion -Wno-constant-conversion -Wno-int-conversion -Wno-bool-conversion -Wno-enum-conversion -Wno-float-conversion -Wno-non-literal-null-conversion -Wno-objc-literal-conversion -Wshorten-64-to-32 -Wpointer-sign -Wno-newline-eof -Wno-selector -Wno-strict-selector-match -Wno-undeclared-selector -Wno-deprecated-implementations -Wno-implicit-fallthrough -isysroot /Applications/Xcode.app/Contents/Developer/Platforms/iPhoneSimulator.platform/Developer/SDKs/iPhoneSimulator26.4.sdk -fstrict-aliasing -Wprotocol -Wdeprecated-declarations -Wno-sign-conversion -Wno-infinite-recursion -Wno-comma -Wno-block-capture-autoreleasing -Wno-strict-prototypes -Wno-semicolon-before-method-body -index-store-path /Users/aadityasingh/Library/Developer/Xcode/DerivedData/Chatlio-erkyzdeecsohoaggpwbjdvavzqfv/Index.noindex/DataStore @/Users/aadityasingh/Library/Developer/Xcode/DerivedData/Chatlio-erkyzdeecsohoaggpwbjdvavzqfv/Build/Intermediates.noindex/DTCoreText.build/Debug-iphonesimulator/DTCoreText.build/Objects-normal/x86_64/e6072d4f65d7061329687fe24e3d63a7-common-args.resp -include /Users/aadityasingh/Library/Developer/Xcode/DerivedData/Chatlio-erkyzdeecsohoaggpwbjdvavzqfv/Build/Intermediates.noindex/DTCoreText.build/Debug-iphonesimulator/DTCoreText.build/DerivedSources/resource_bundle_accessor.h -MMD -MT dependencies -MF /Users/aadityasingh/Library/Developer/Xcode/DerivedData/Chatlio-erkyzdeecsohoaggpwbjdvavzqfv/Build/Intermediates.noindex/DTCoreText.build/Debug-iphonesimulator/DTCoreText.build/Objects-normal/x86_64/DTVideoTextAttachment.d --serialize-diagnostics /Users/aadityasingh/Library/Developer/Xcode/DerivedData/Chatlio-erkyzdeecsohoaggpwbjdvavzqfv/Build/Intermediates.noindex/DTCoreText.build/Debug-iphonesimulator/DTCoreText.build/Objects-normal/x86_64/DTVideoTextAttachment.dia -c /Users/aadityasingh/Library/Developer/Xcode/DerivedData/Chatlio-erkyzdeecsohoaggpwbjdvavzqfv/SourcePackages/checkouts/DTCoreText/Core/Source/DTVideoTextAttachment.m -o /Users/aadityasingh/Library/Developer/Xcode/DerivedData/Chatlio-erkyzdeecsohoaggpwbjdvavzqfv/Build/Intermediates.noindex/DTCoreText.build/Debug-iphonesimulator/DTCoreText.build/Objects-normal/x86_64/DTVideoTextAttachment.o -index-unit-output-path /DTCoreText.build/Debug-iphonesimulator/DTCoreText.build/Objects-normal/x86_64/DTVideoTextAttachment.o

CompileC /Users/aadityasingh/Library/Developer/Xcode/DerivedData/Chatlio-erkyzdeecsohoaggpwbjdvavzqfv/Build/Intermediates.noindex/DTCoreText.build/Debug-iphonesimulator/DTCoreText.build/Objects-normal/x86_64/DTTextHTMLElement.o /Users/aadityasingh/Library/Developer/Xcode/DerivedData/Chatlio-erkyzdeecsohoaggpwbjdvavzqfv/SourcePackages/checkouts/DTCoreText/Core/Source/DTTextHTMLElement.m normal x86_64 objective-c com.apple.compilers.llvm.clang.1_0.compiler (in target 'DTCoreText' from project 'DTCoreText')
    cd /Users/aadityasingh/Documents/Development/element-x-ios/Chatlio.xcodeproj
    
    Using response file: /Users/aadityasingh/Library/Developer/Xcode/DerivedData/Chatlio-erkyzdeecsohoaggpwbjdvavzqfv/Build/Intermediates.noindex/DTCoreText.build/Debug-iphonesimulator/DTCoreText.build/Objects-normal/x86_64/e6072d4f65d7061329687fe24e3d63a7-common-args.resp
    
    /Applications/Xcode.app/Contents/Developer/Toolchains/XcodeDefault.xctoolchain/usr/bin/clang -x objective-c -ivfsstatcache /Users/aadityasingh/Library/Developer/Xcode/DerivedData/SDKStatCaches.noindex/iphonesimulator26.4-23E252-686eebb5dc1d8ecb277353a59184f4aa.sdkstatcache -target x86_64-apple-ios12.0-simulator -fmessage-length\=0 -fdiagnostics-show-note-include-stack -fmacro-backtrace-limit\=0 -fno-color-diagnostics -fmodules-prune-interval\=86400 -fmodules-prune-after\=345600 -fbuild-session-file\=/Users/aadityasingh/Library/Developer/Xcode/DerivedData/ModuleCache.noindex/Session.modulevalidation -fmodules-validate-once-per-build-session -Wnon-modular-include-in-framework-module -Werror\=non-modular-include-in-framework-module -Wno-trigraphs -Wno-missing-field-initializers -Wno-missing-prototypes -Wno-return-type -Wno-implicit-atomic-properties -Wno-objc-interface-ivars -Wno-arc-repeated-use-of-weak -Wno-missing-braces -Wparentheses -Wswitch -Wno-unused-function -Wno-unused-label -Wno-unused-parameter -Wno-unused-variable -Wunused-value -Wno-empty-body -Wno-uninitialized -Wno-unknown-pragmas -w -Wno-shadow -Wno-four-char-constants -Wno-conversion -Wno-constant-conversion -Wno-int-conversion -Wno-bool-conversion -Wno-enum-conversion -Wno-float-conversion -Wno-non-literal-null-conversion -Wno-objc-literal-conversion -Wshorten-64-to-32 -Wpointer-sign -Wno-newline-eof -Wno-selector -Wno-strict-selector-match -Wno-undeclared-selector -Wno-deprecated-implementations -Wno-implicit-fallthrough -isysroot /Applications/Xcode.app/Contents/Developer/Platforms/iPhoneSimulator.platform/Developer/SDKs/iPhoneSimulator26.4.sdk -fstrict-aliasing -Wprotocol -Wdeprecated-declarations -Wno-sign-conversion -Wno-infinite-recursion -Wno-comma -Wno-block-capture-autoreleasing -Wno-strict-prototypes -Wno-semicolon-before-method-body -index-store-path /Users/aadityasingh/Library/Developer/Xcode/DerivedData/Chatlio-erkyzdeecsohoaggpwbjdvavzqfv/Index.noindex/DataStore @/Users/aadityasingh/Library/Developer/Xcode/DerivedData/Chatlio-erkyzdeecsohoaggpwbjdvavzqfv/Build/Intermediates.noindex/DTCoreText.build/Debug-iphonesimulator/DTCoreText.build/Objects-normal/x86_64/e6072d4f65d7061329687fe24e3d63a7-common-args.resp -include /Users/aadityasingh/Library/Developer/Xcode/DerivedData/Chatlio-erkyzdeecsohoaggpwbjdvavzqfv/Build/Intermediates.noindex/DTCoreText.build/Debug-iphonesimulator/DTCoreText.build/DerivedSources/resource_bundle_accessor.h -MMD -MT dependencies -MF /Users/aadityasingh/Library/Developer/Xcode/DerivedData/Chatlio-erkyzdeecsohoaggpwbjdvavzqfv/Build/Intermediates.noindex/DTCoreText.build/Debug-iphonesimulator/DTCoreText.build/Objects-normal/x86_64/DTTextHTMLElement.d --serialize-diagnostics /Users/aadityasingh/Library/Developer/Xcode/DerivedData/Chatlio-erkyzdeecsohoaggpwbjdvavzqfv/Build/Intermediates.noindex/DTCoreText.build/Debug-iphonesimulator/DTCoreText.build/Objects-normal/x86_64/DTTextHTMLElement.dia -c /Users/aadityasingh/Library/Developer/Xcode/DerivedData/Chatlio-erkyzdeecsohoaggpwbjdvavzqfv/SourcePackages/checkouts/DTCoreText/Core/Source/DTTextHTMLElement.m -o /Users/aadityasingh/Library/Developer/Xcode/DerivedData/Chatlio-erkyzdeecsohoaggpwbjdvavzqfv/Build/Intermediates.noindex/DTCoreText.build/Debug-iphonesimulator/DTCoreText.build/Objects-normal/x86_64/DTTextHTMLElement.o -index-unit-output-path /DTCoreText.build/Debug-iphonesimulator/DTCoreText.build/Objects-normal/x86_64/DTTextHTMLElement.o

CompileC /Users/aadityasingh/Library/Developer/Xcode/DerivedData/Chatlio-erkyzdeecsohoaggpwbjdvavzqfv/Build/Intermediates.noindex/DTCoreText.build/Debug-iphonesimulator/DTCoreText.build/Objects-normal/x86_64/DTTextAttachmentHTMLElement.o /Users/aadityasingh/Library/Developer/Xcode/DerivedData/Chatlio-erkyzdeecsohoaggpwbjdvavzqfv/SourcePackages/checkouts/DTCoreText/Core/Source/DTTextAttachmentHTMLElement.m normal x86_64 objective-c com.apple.compilers.llvm.clang.1_0.compiler (in target 'DTCoreText' from project 'DTCoreText')
    cd /Users/aadityasingh/Documents/Development/element-x-ios/Chatlio.xcodeproj
    
    Using response file: /Users/aadityasingh/Library/Developer/Xcode/DerivedData/Chatlio-erkyzdeecsohoaggpwbjdvavzqfv/Build/Intermediates.noindex/DTCoreText.build/Debug-iphonesimulator/DTCoreText.build/Objects-normal/x86_64/e6072d4f65d7061329687fe24e3d63a7-common-args.resp
    
    /Applications/Xcode.app/Contents/Developer/Toolchains/XcodeDefault.xctoolchain/usr/bin/clang -x objective-c -ivfsstatcache /Users/aadityasingh/Library/Developer/Xcode/DerivedData/SDKStatCaches.noindex/iphonesimulator26.4-23E252-686eebb5dc1d8ecb277353a59184f4aa.sdkstatcache -target x86_64-apple-ios12.0-simulator -fmessage-length\=0 -fdiagnostics-show-note-include-stack -fmacro-backtrace-limit\=0 -fno-color-diagnostics -fmodules-prune-interval\=86400 -fmodules-prune-after\=345600 -fbuild-session-file\=/Users/aadityasingh/Library/Developer/Xcode/DerivedData/ModuleCache.noindex/Session.modulevalidation -fmodules-validate-once-per-build-session -Wnon-modular-include-in-framework-module -Werror\=non-modular-include-in-framework-module -Wno-trigraphs -Wno-missing-field-initializers -Wno-missing-prototypes -Wno-return-type -Wno-implicit-atomic-properties -Wno-objc-interface-ivars -Wno-arc-repeated-use-of-weak -Wno-missing-braces -Wparentheses -Wswitch -Wno-unused-function -Wno-unused-label -Wno-unused-parameter -Wno-unused-variable -Wunused-value -Wno-empty-body -Wno-uninitialized -Wno-unknown-pragmas -w -Wno-shadow -Wno-four-char-constants -Wno-conversion -Wno-constant-conversion -Wno-int-conversion -Wno-bool-conversion -Wno-enum-conversion -Wno-float-conversion -Wno-non-literal-null-conversion -Wno-objc-literal-conversion -Wshorten-64-to-32 -Wpointer-sign -Wno-newline-eof -Wno-selector -Wno-strict-selector-match -Wno-undeclared-selector -Wno-deprecated-implementations -Wno-implicit-fallthrough -isysroot /Applications/Xcode.app/Contents/Developer/Platforms/iPhoneSimulator.platform/Developer/SDKs/iPhoneSimulator26.4.sdk -fstrict-aliasing -Wprotocol -Wdeprecated-declarations -Wno-sign-conversion -Wno-infinite-recursion -Wno-comma -Wno-block-capture-autoreleasing -Wno-strict-prototypes -Wno-semicolon-before-method-body -index-store-path /Users/aadityasingh/Library/Developer/Xcode/DerivedData/Chatlio-erkyzdeecsohoaggpwbjdvavzqfv/Index.noindex/DataStore @/Users/aadityasingh/Library/Developer/Xcode/DerivedData/Chatlio-erkyzdeecsohoaggpwbjdvavzqfv/Build/Intermediates.noindex/DTCoreText.build/Debug-iphonesimulator/DTCoreText.build/Objects-normal/x86_64/e6072d4f65d7061329687fe24e3d63a7-common-args.resp -include /Users/aadityasingh/Library/Developer/Xcode/DerivedData/Chatlio-erkyzdeecsohoaggpwbjdvavzqfv/Build/Intermediates.noindex/DTCoreText.build/Debug-iphonesimulator/DTCoreText.build/DerivedSources/resource_bundle_accessor.h -MMD -MT dependencies -MF /Users/aadityasingh/Library/Developer/Xcode/DerivedData/Chatlio-erkyzdeecsohoaggpwbjdvavzqfv/Build/Intermediates.noindex/DTCoreText.build/Debug-iphonesimulator/DTCoreText.build/Objects-normal/x86_64/DTTextAttachmentHTMLElement.d --serialize-diagnostics /Users/aadityasingh/Library/Developer/Xcode/DerivedData/Chatlio-erkyzdeecsohoaggpwbjdvavzqfv/Build/Intermediates.noindex/DTCoreText.build/Debug-iphonesimulator/DTCoreText.build/Objects-normal/x86_64/DTTextAttachmentHTMLElement.dia -c /Users/aadityasingh/Library/Developer/Xcode/DerivedData/Chatlio-erkyzdeecsohoaggpwbjdvavzqfv/SourcePackages/checkouts/DTCoreText/Core/Source/DTTextAttachmentHTMLElement.m -o /Users/aadityasingh/Library/Developer/Xcode/DerivedData/Chatlio-erkyzdeecsohoaggpwbjdvavzqfv/Build/Intermediates.noindex/DTCoreText.build/Debug-iphonesimulator/DTCoreText.build/Objects-normal/x86_64/DTTextAttachmentHTMLElement.o -index-unit-output-path /DTCoreText.build/Debug-iphonesimulator/DTCoreText.build/Objects-normal/x86_64/DTTextAttachmentHTMLElement.o

CompileC /Users/aadityasingh/Library/Developer/Xcode/DerivedData/Chatlio-erkyzdeecsohoaggpwbjdvavzqfv/Build/Intermediates.noindex/DTCoreText.build/Debug-iphonesimulator/DTCoreText.build/Objects-normal/x86_64/DTTextAttachment.o /Users/aadityasingh/Library/Developer/Xcode/DerivedData/Chatlio-erkyzdeecsohoaggpwbjdvavzqfv/SourcePackages/checkouts/DTCoreText/Core/Source/DTTextAttachment.m normal x86_64 objective-c com.apple.compilers.llvm.clang.1_0.compiler (in target 'DTCoreText' from project 'DTCoreText')
    cd /Users/aadityasingh/Documents/Development/element-x-ios/Chatlio.xcodeproj
    
    Using response file: /Users/aadityasingh/Library/Developer/Xcode/DerivedData/Chatlio-erkyzdeecsohoaggpwbjdvavzqfv/Build/Intermediates.noindex/DTCoreText.build/Debug-iphonesimulator/DTCoreText.build/Objects-normal/x86_64/e6072d4f65d7061329687fe24e3d63a7-common-args.resp
    
    /Applications/Xcode.app/Contents/Developer/Toolchains/XcodeDefault.xctoolchain/usr/bin/clang -x objective-c -ivfsstatcache /Users/aadityasingh/Library/Developer/Xcode/DerivedData/SDKStatCaches.noindex/iphonesimulator26.4-23E252-686eebb5dc1d8ecb277353a59184f4aa.sdkstatcache -target x86_64-apple-ios12.0-simulator -fmessage-length\=0 -fdiagnostics-show-note-include-stack -fmacro-backtrace-limit\=0 -fno-color-diagnostics -fmodules-prune-interval\=86400 -fmodules-prune-after\=345600 -fbuild-session-file\=/Users/aadityasingh/Library/Developer/Xcode/DerivedData/ModuleCache.noindex/Session.modulevalidation -fmodules-validate-once-per-build-session -Wnon-modular-include-in-framework-module -Werror\=non-modular-include-in-framework-module -Wno-trigraphs -Wno-missing-field-initializers -Wno-missing-prototypes -Wno-return-type -Wno-implicit-atomic-properties -Wno-objc-interface-ivars -Wno-arc-repeated-use-of-weak -Wno-missing-braces -Wparentheses -Wswitch -Wno-unused-function -Wno-unused-label -Wno-unused-parameter -Wno-unused-variable -Wunused-value -Wno-empty-body -Wno-uninitialized -Wno-unknown-pragmas -w -Wno-shadow -Wno-four-char-constants -Wno-conversion -Wno-constant-conversion -Wno-int-conversion -Wno-bool-conversion -Wno-enum-conversion -Wno-float-conversion -Wno-non-literal-null-conversion -Wno-objc-literal-conversion -Wshorten-64-to-32 -Wpointer-sign -Wno-newline-eof -Wno-selector -Wno-strict-selector-match -Wno-undeclared-selector -Wno-deprecated-implementations -Wno-implicit-fallthrough -isysroot /Applications/Xcode.app/Contents/Developer/Platforms/iPhoneSimulator.platform/Developer/SDKs/iPhoneSimulator26.4.sdk -fstrict-aliasing -Wprotocol -Wdeprecated-declarations -Wno-sign-conversion -Wno-infinite-recursion -Wno-comma -Wno-block-capture-autoreleasing -Wno-strict-prototypes -Wno-semicolon-before-method-body -index-store-path /Users/aadityasingh/Library/Developer/Xcode/DerivedData/Chatlio-erkyzdeecsohoaggpwbjdvavzqfv/Index.noindex/DataStore @/Users/aadityasingh/Library/Developer/Xcode/DerivedData/Chatlio-erkyzdeecsohoaggpwbjdvavzqfv/Build/Intermediates.noindex/DTCoreText.build/Debug-iphonesimulator/DTCoreText.build/Objects-normal/x86_64/e6072d4f65d7061329687fe24e3d63a7-common-args.resp -include /Users/aadityasingh/Library/Developer/Xcode/DerivedData/Chatlio-erkyzdeecsohoaggpwbjdvavzqfv/Build/Intermediates.noindex/DTCoreText.build/Debug-iphonesimulator/DTCoreText.build/DerivedSources/resource_bundle_accessor.h -MMD -MT dependencies -MF /Users/aadityasingh/Library/Developer/Xcode/DerivedData/Chatlio-erkyzdeecsohoaggpwbjdvavzqfv/Build/Intermediates.noindex/DTCoreText.build/Debug-iphonesimulator/DTCoreText.build/Objects-normal/x86_64/DTTextAttachment.d --serialize-diagnostics /Users/aadityasingh/Library/Developer/Xcode/DerivedData/Chatlio-erkyzdeecsohoaggpwbjdvavzqfv/Build/Intermediates.noindex/DTCoreText.build/Debug-iphonesimulator/DTCoreText.build/Objects-normal/x86_64/DTTextAttachment.dia -c /Users/aadityasingh/Library/Developer/Xcode/DerivedData/Chatlio-erkyzdeecsohoaggpwbjdvavzqfv/SourcePackages/checkouts/DTCoreText/Core/Source/DTTextAttachment.m -o /Users/aadityasingh/Library/Developer/Xcode/DerivedData/Chatlio-erkyzdeecsohoaggpwbjdvavzqfv/Build/Intermediates.noindex/DTCoreText.build/Debug-iphonesimulator/DTCoreText.build/Objects-normal/x86_64/DTTextAttachment.o -index-unit-output-path /DTCoreText.build/Debug-iphonesimulator/DTCoreText.build/Objects-normal/x86_64/DTTextAttachment.o

CompileC /Users/aadityasingh/Library/Developer/Xcode/DerivedData/Chatlio-erkyzdeecsohoaggpwbjdvavzqfv/Build/Intermediates.noindex/DTCoreText.build/Debug-iphonesimulator/DTCoreText.build/Objects-normal/x86_64/DTStylesheetHTMLElement.o /Users/aadityasingh/Library/Developer/Xcode/DerivedData/Chatlio-erkyzdeecsohoaggpwbjdvavzqfv/SourcePackages/checkouts/DTCoreText/Core/Source/DTStylesheetHTMLElement.m normal x86_64 objective-c com.apple.compilers.llvm.clang.1_0.compiler (in target 'DTCoreText' from project 'DTCoreText')
    cd /Users/aadityasingh/Documents/Development/element-x-ios/Chatlio.xcodeproj
    
    Using response file: /Users/aadityasingh/Library/Developer/Xcode/DerivedData/Chatlio-erkyzdeecsohoaggpwbjdvavzqfv/Build/Intermediates.noindex/DTCoreText.build/Debug-iphonesimulator/DTCoreText.build/Objects-normal/x86_64/e6072d4f65d7061329687fe24e3d63a7-common-args.resp
    
    /Applications/Xcode.app/Contents/Developer/Toolchains/XcodeDefault.xctoolchain/usr/bin/clang -x objective-c -ivfsstatcache /Users/aadityasingh/Library/Developer/Xcode/DerivedData/SDKStatCaches.noindex/iphonesimulator26.4-23E252-686eebb5dc1d8ecb277353a59184f4aa.sdkstatcache -target x86_64-apple-ios12.0-simulator -fmessage-length\=0 -fdiagnostics-show-note-include-stack -fmacro-backtrace-limit\=0 -fno-color-diagnostics -fmodules-prune-interval\=86400 -fmodules-prune-after\=345600 -fbuild-session-file\=/Users/aadityasingh/Library/Developer/Xcode/DerivedData/ModuleCache.noindex/Session.modulevalidation -fmodules-validate-once-per-build-session -Wnon-modular-include-in-framework-module -Werror\=non-modular-include-in-framework-module -Wno-trigraphs -Wno-missing-field-initializers -Wno-missing-prototypes -Wno-return-type -Wno-implicit-atomic-properties -Wno-objc-interface-ivars -Wno-arc-repeated-use-of-weak -Wno-missing-braces -Wparentheses -Wswitch -Wno-unused-function -Wno-unused-label -Wno-unused-parameter -Wno-unused-variable -Wunused-value -Wno-empty-body -Wno-uninitialized -Wno-unknown-pragmas -w -Wno-shadow -Wno-four-char-constants -Wno-conversion -Wno-constant-conversion -Wno-int-conversion -Wno-bool-conversion -Wno-enum-conversion -Wno-float-conversion -Wno-non-literal-null-conversion -Wno-objc-literal-conversion -Wshorten-64-to-32 -Wpointer-sign -Wno-newline-eof -Wno-selector -Wno-strict-selector-match -Wno-undeclared-selector -Wno-deprecated-implementations -Wno-implicit-fallthrough -isysroot /Applications/Xcode.app/Contents/Developer/Platforms/iPhoneSimulator.platform/Developer/SDKs/iPhoneSimulator26.4.sdk -fstrict-aliasing -Wprotocol -Wdeprecated-declarations -Wno-sign-conversion -Wno-infinite-recursion -Wno-comma -Wno-block-capture-autoreleasing -Wno-strict-prototypes -Wno-semicolon-before-method-body -index-store-path /Users/aadityasingh/Library/Developer/Xcode/DerivedData/Chatlio-erkyzdeecsohoaggpwbjdvavzqfv/Index.noindex/DataStore @/Users/aadityasingh/Library/Developer/Xcode/DerivedData/Chatlio-erkyzdeecsohoaggpwbjdvavzqfv/Build/Intermediates.noindex/DTCoreText.build/Debug-iphonesimulator/DTCoreText.build/Objects-normal/x86_64/e6072d4f65d7061329687fe24e3d63a7-common-args.resp -include /Users/aadityasingh/Library/Developer/Xcode/DerivedData/Chatlio-erkyzdeecsohoaggpwbjdvavzqfv/Build/Intermediates.noindex/DTCoreText.build/Debug-iphonesimulator/DTCoreText.build/DerivedSources/resource_bundle_accessor.h -MMD -MT dependencies -MF /Users/aadityasingh/Library/Developer/Xcode/DerivedData/Chatlio-erkyzdeecsohoaggpwbjdvavzqfv/Build/Intermediates.noindex/DTCoreText.build/Debug-iphonesimulator/DTCoreText.build/Objects-normal/x86_64/DTStylesheetHTMLElement.d --serialize-diagnostics /Users/aadityasingh/Library/Developer/Xcode/DerivedData/Chatlio-erkyzdeecsohoaggpwbjdvavzqfv/Build/Intermediates.noindex/DTCoreText.build/Debug-iphonesimulator/DTCoreText.build/Objects-normal/x86_64/DTStylesheetHTMLElement.dia -c /Users/aadityasingh/Library/Developer/Xcode/DerivedData/Chatlio-erkyzdeecsohoaggpwbjdvavzqfv/SourcePackages/checkouts/DTCoreText/Core/Source/DTStylesheetHTMLElement.m -o /Users/aadityasingh/Library/Developer/Xcode/DerivedData/Chatlio-erkyzdeecsohoaggpwbjdvavzqfv/Build/Intermediates.noindex/DTCoreText.build/Debug-iphonesimulator/DTCoreText.build/Objects-normal/x86_64/DTStylesheetHTMLElement.o -index-unit-output-path /DTCoreText.build/Debug-iphonesimulator/DTCoreText.build/Objects-normal/x86_64/DTStylesheetHTMLElement.o

CompileC /Users/aadityasingh/Library/Developer/Xcode/DerivedData/Chatlio-erkyzdeecsohoaggpwbjdvavzqfv/Build/Intermediates.noindex/DTCoreText.build/Debug-iphonesimulator/DTCoreText.build/Objects-normal/x86_64/DTObjectTextAttachment.o /Users/aadityasingh/Library/Developer/Xcode/DerivedData/Chatlio-erkyzdeecsohoaggpwbjdvavzqfv/SourcePackages/checkouts/DTCoreText/Core/Source/DTObjectTextAttachment.m normal x86_64 objective-c com.apple.compilers.llvm.clang.1_0.compiler (in target 'DTCoreText' from project 'DTCoreText')
    cd /Users/aadityasingh/Documents/Development/element-x-ios/Chatlio.xcodeproj
    
    Using response file: /Users/aadityasingh/Library/Developer/Xcode/DerivedData/Chatlio-erkyzdeecsohoaggpwbjdvavzqfv/Build/Intermediates.noindex/DTCoreText.build/Debug-iphonesimulator/DTCoreText.build/Objects-normal/x86_64/e6072d4f65d7061329687fe24e3d63a7-common-args.resp
    
    /Applications/Xcode.app/Contents/Developer/Toolchains/XcodeDefault.xctoolchain/usr/bin/clang -x objective-c -ivfsstatcache /Users/aadityasingh/Library/Developer/Xcode/DerivedData/SDKStatCaches.noindex/iphonesimulator26.4-23E252-686eebb5dc1d8ecb277353a59184f4aa.sdkstatcache -target x86_64-apple-ios12.0-simulator -fmessage-length\=0 -fdiagnostics-show-note-include-stack -fmacro-backtrace-limit\=0 -fno-color-diagnostics -fmodules-prune-interval\=86400 -fmodules-prune-after\=345600 -fbuild-session-file\=/Users/aadityasingh/Library/Developer/Xcode/DerivedData/ModuleCache.noindex/Session.modulevalidation -fmodules-validate-once-per-build-session -Wnon-modular-include-in-framework-module -Werror\=non-modular-include-in-framework-module -Wno-trigraphs -Wno-missing-field-initializers -Wno-missing-prototypes -Wno-return-type -Wno-implicit-atomic-properties -Wno-objc-interface-ivars -Wno-arc-repeated-use-of-weak -Wno-missing-braces -Wparentheses -Wswitch -Wno-unused-function -Wno-unused-label -Wno-unused-parameter -Wno-unused-variable -Wunused-value -Wno-empty-body -Wno-uninitialized -Wno-unknown-pragmas -w -Wno-shadow -Wno-four-char-constants -Wno-conversion -Wno-constant-conversion -Wno-int-conversion -Wno-bool-conversion -Wno-enum-conversion -Wno-float-conversion -Wno-non-literal-null-conversion -Wno-objc-literal-conversion -Wshorten-64-to-32 -Wpointer-sign -Wno-newline-eof -Wno-selector -Wno-strict-selector-match -Wno-undeclared-selector -Wno-deprecated-implementations -Wno-implicit-fallthrough -isysroot /Applications/Xcode.app/Contents/Developer/Platforms/iPhoneSimulator.platform/Developer/SDKs/iPhoneSimulator26.4.sdk -fstrict-aliasing -Wprotocol -Wdeprecated-declarations -Wno-sign-conversion -Wno-infinite-recursion -Wno-comma -Wno-block-capture-autoreleasing -Wno-strict-prototypes -Wno-semicolon-before-method-body -index-store-path /Users/aadityasingh/Library/Developer/Xcode/DerivedData/Chatlio-erkyzdeecsohoaggpwbjdvavzqfv/Index.noindex/DataStore @/Users/aadityasingh/Library/Developer/Xcode/DerivedData/Chatlio-erkyzdeecsohoaggpwbjdvavzqfv/Build/Intermediates.noindex/DTCoreText.build/Debug-iphonesimulator/DTCoreText.build/Objects-normal/x86_64/e6072d4f65d7061329687fe24e3d63a7-common-args.resp -include /Users/aadityasingh/Library/Developer/Xcode/DerivedData/Chatlio-erkyzdeecsohoaggpwbjdvavzqfv/Build/Intermediates.noindex/DTCoreText.build/Debug-iphonesimulator/DTCoreText.build/DerivedSources/resource_bundle_accessor.h -MMD -MT dependencies -MF /Users/aadityasingh/Library/Developer/Xcode/DerivedData/Chatlio-erkyzdeecsohoaggpwbjdvavzqfv/Build/Intermediates.noindex/DTCoreText.build/Debug-iphonesimulator/DTCoreText.build/Objects-normal/x86_64/DTObjectTextAttachment.d --serialize-diagnostics /Users/aadityasingh/Library/Developer/Xcode/DerivedData/Chatlio-erkyzdeecsohoaggpwbjdvavzqfv/Build/Intermediates.noindex/DTCoreText.build/Debug-iphonesimulator/DTCoreText.build/Objects-normal/x86_64/DTObjectTextAttachment.dia -c /Users/aadityasingh/Library/Developer/Xcode/DerivedData/Chatlio-erkyzdeecsohoaggpwbjdvavzqfv/SourcePackages/checkouts/DTCoreText/Core/Source/DTObjectTextAttachment.m -o /Users/aadityasingh/Library/Developer/Xcode/DerivedData/Chatlio-erkyzdeecsohoaggpwbjdvavzqfv/Build/Intermediates.noindex/DTCoreText.build/Debug-iphonesimulator/DTCoreText.build/Objects-normal/x86_64/DTObjectTextAttachment.o -index-unit-output-path /DTCoreText.build/Debug-iphonesimulator/DTCoreText.build/Objects-normal/x86_64/DTObjectTextAttachment.o

CompileC /Users/aadityasingh/Library/Developer/Xcode/DerivedData/Chatlio-erkyzdeecsohoaggpwbjdvavzqfv/Build/Intermediates.noindex/DTCoreText.build/Debug-iphonesimulator/DTCoreText.build/Objects-normal/x86_64/DTListItemHTMLElement.o /Users/aadityasingh/Library/Developer/Xcode/DerivedData/Chatlio-erkyzdeecsohoaggpwbjdvavzqfv/SourcePackages/checkouts/DTCoreText/Core/Source/DTListItemHTMLElement.m normal x86_64 objective-c com.apple.compilers.llvm.clang.1_0.compiler (in target 'DTCoreText' from project 'DTCoreText')
    cd /Users/aadityasingh/Documents/Development/element-x-ios/Chatlio.xcodeproj
    
    Using response file: /Users/aadityasingh/Library/Developer/Xcode/DerivedData/Chatlio-erkyzdeecsohoaggpwbjdvavzqfv/Build/Intermediates.noindex/DTCoreText.build/Debug-iphonesimulator/DTCoreText.build/Objects-normal/x86_64/e6072d4f65d7061329687fe24e3d63a7-common-args.resp
    
    /Applications/Xcode.app/Contents/Developer/Toolchains/XcodeDefault.xctoolchain/usr/bin/clang -x objective-c -ivfsstatcache /Users/aadityasingh/Library/Developer/Xcode/DerivedData/SDKStatCaches.noindex/iphonesimulator26.4-23E252-686eebb5dc1d8ecb277353a59184f4aa.sdkstatcache -target x86_64-apple-ios12.0-simulator -fmessage-length\=0 -fdiagnostics-show-note-include-stack -fmacro-backtrace-limit\=0 -fno-color-diagnostics -fmodules-prune-interval\=86400 -fmodules-prune-after\=345600 -fbuild-session-file\=/Users/aadityasingh/Library/Developer/Xcode/DerivedData/ModuleCache.noindex/Session.modulevalidation -fmodules-validate-once-per-build-session -Wnon-modular-include-in-framework-module -Werror\=non-modular-include-in-framework-module -Wno-trigraphs -Wno-missing-field-initializers -Wno-missing-prototypes -Wno-return-type -Wno-implicit-atomic-properties -Wno-objc-interface-ivars -Wno-arc-repeated-use-of-weak -Wno-missing-braces -Wparentheses -Wswitch -Wno-unused-function -Wno-unused-label -Wno-unused-parameter -Wno-unused-variable -Wunused-value -Wno-empty-body -Wno-uninitialized -Wno-unknown-pragmas -w -Wno-shadow -Wno-four-char-constants -Wno-conversion -Wno-constant-conversion -Wno-int-conversion -Wno-bool-conversion -Wno-enum-conversion -Wno-float-conversion -Wno-non-literal-null-conversion -Wno-objc-literal-conversion -Wshorten-64-to-32 -Wpointer-sign -Wno-newline-eof -Wno-selector -Wno-strict-selector-match -Wno-undeclared-selector -Wno-deprecated-implementations -Wno-implicit-fallthrough -isysroot /Applications/Xcode.app/Contents/Developer/Platforms/iPhoneSimulator.platform/Developer/SDKs/iPhoneSimulator26.4.sdk -fstrict-aliasing -Wprotocol -Wdeprecated-declarations -Wno-sign-conversion -Wno-infinite-recursion -Wno-comma -Wno-block-capture-autoreleasing -Wno-strict-prototypes -Wno-semicolon-before-method-body -index-store-path /Users/aadityasingh/Library/Developer/Xcode/DerivedData/Chatlio-erkyzdeecsohoaggpwbjdvavzqfv/Index.noindex/DataStore @/Users/aadityasingh/Library/Developer/Xcode/DerivedData/Chatlio-erkyzdeecsohoaggpwbjdvavzqfv/Build/Intermediates.noindex/DTCoreText.build/Debug-iphonesimulator/DTCoreText.build/Objects-normal/x86_64/e6072d4f65d7061329687fe24e3d63a7-common-args.resp -include /Users/aadityasingh/Library/Developer/Xcode/DerivedData/Chatlio-erkyzdeecsohoaggpwbjdvavzqfv/Build/Intermediates.noindex/DTCoreText.build/Debug-iphonesimulator/DTCoreText.build/DerivedSources/resource_bundle_accessor.h -MMD -MT dependencies -MF /Users/aadityasingh/Library/Developer/Xcode/DerivedData/Chatlio-erkyzdeecsohoaggpwbjdvavzqfv/Build/Intermediates.noindex/DTCoreText.build/Debug-iphonesimulator/DTCoreText.build/Objects-normal/x86_64/DTListItemHTMLElement.d --serialize-diagnostics /Users/aadityasingh/Library/Developer/Xcode/DerivedData/Chatlio-erkyzdeecsohoaggpwbjdvavzqfv/Build/Intermediates.noindex/DTCoreText.build/Debug-iphonesimulator/DTCoreText.build/Objects-normal/x86_64/DTListItemHTMLElement.dia -c /Users/aadityasingh/Library/Developer/Xcode/DerivedData/Chatlio-erkyzdeecsohoaggpwbjdvavzqfv/SourcePackages/checkouts/DTCoreText/Core/Source/DTListItemHTMLElement.m -o /Users/aadityasingh/Library/Developer/Xcode/DerivedData/Chatlio-erkyzdeecsohoaggpwbjdvavzqfv/Build/Intermediates.noindex/DTCoreText.build/Debug-iphonesimulator/DTCoreText.build/Objects-normal/x86_64/DTListItemHTMLElement.o -index-unit-output-path /DTCoreText.build/Debug-iphonesimulator/DTCoreText.build/Objects-normal/x86_64/DTListItemHTMLElement.o

CompileC /Users/aadityasingh/Library/Developer/Xcode/DerivedData/Chatlio-erkyzdeecsohoaggpwbjdvavzqfv/Build/Intermediates.noindex/DTCoreText.build/Debug-iphonesimulator/DTCoreText.build/Objects-normal/x86_64/DTLinkButton.o /Users/aadityasingh/Library/Developer/Xcode/DerivedData/Chatlio-erkyzdeecsohoaggpwbjdvavzqfv/SourcePackages/checkouts/DTCoreText/Core/Source/DTLinkButton.m normal x86_64 objective-c com.apple.compilers.llvm.clang.1_0.compiler (in target 'DTCoreText' from project 'DTCoreText')
    cd /Users/aadityasingh/Documents/Development/element-x-ios/Chatlio.xcodeproj
    
    Using response file: /Users/aadityasingh/Library/Developer/Xcode/DerivedData/Chatlio-erkyzdeecsohoaggpwbjdvavzqfv/Build/Intermediates.noindex/DTCoreText.build/Debug-iphonesimulator/DTCoreText.build/Objects-normal/x86_64/e6072d4f65d7061329687fe24e3d63a7-common-args.resp
    
    /Applications/Xcode.app/Contents/Developer/Toolchains/XcodeDefault.xctoolchain/usr/bin/clang -x objective-c -ivfsstatcache /Users/aadityasingh/Library/Developer/Xcode/DerivedData/SDKStatCaches.noindex/iphonesimulator26.4-23E252-686eebb5dc1d8ecb277353a59184f4aa.sdkstatcache -target x86_64-apple-ios12.0-simulator -fmessage-length\=0 -fdiagnostics-show-note-include-stack -fmacro-backtrace-limit\=0 -fno-color-diagnostics -fmodules-prune-interval\=86400 -fmodules-prune-after\=345600 -fbuild-session-file\=/Users/aadityasingh/Library/Developer/Xcode/DerivedData/ModuleCache.noindex/Session.modulevalidation -fmodules-validate-once-per-build-session -Wnon-modular-include-in-framework-module -Werror\=non-modular-include-in-framework-module -Wno-trigraphs -Wno-missing-field-initializers -Wno-missing-prototypes -Wno-return-type -Wno-implicit-atomic-properties -Wno-objc-interface-ivars -Wno-arc-repeated-use-of-weak -Wno-missing-braces -Wparentheses -Wswitch -Wno-unused-function -Wno-unused-label -Wno-unused-parameter -Wno-unused-variable -Wunused-value -Wno-empty-body -Wno-uninitialized -Wno-unknown-pragmas -w -Wno-shadow -Wno-four-char-constants -Wno-conversion -Wno-constant-conversion -Wno-int-conversion -Wno-bool-conversion -Wno-enum-conversion -Wno-float-conversion -Wno-non-literal-null-conversion -Wno-objc-literal-conversion -Wshorten-64-to-32 -Wpointer-sign -Wno-newline-eof -Wno-selector -Wno-strict-selector-match -Wno-undeclared-selector -Wno-deprecated-implementations -Wno-implicit-fallthrough -isysroot /Applications/Xcode.app/Contents/Developer/Platforms/iPhoneSimulator.platform/Developer/SDKs/iPhoneSimulator26.4.sdk -fstrict-aliasing -Wprotocol -Wdeprecated-declarations -Wno-sign-conversion -Wno-infinite-recursion -Wno-comma -Wno-block-capture-autoreleasing -Wno-strict-prototypes -Wno-semicolon-before-method-body -index-store-path /Users/aadityasingh/Library/Developer/Xcode/DerivedData/Chatlio-erkyzdeecsohoaggpwbjdvavzqfv/Index.noindex/DataStore @/Users/aadityasingh/Library/Developer/Xcode/DerivedData/Chatlio-erkyzdeecsohoaggpwbjdvavzqfv/Build/Intermediates.noindex/DTCoreText.build/Debug-iphonesimulator/DTCoreText.build/Objects-normal/x86_64/e6072d4f65d7061329687fe24e3d63a7-common-args.resp -include /Users/aadityasingh/Library/Developer/Xcode/DerivedData/Chatlio-erkyzdeecsohoaggpwbjdvavzqfv/Build/Intermediates.noindex/DTCoreText.build/Debug-iphonesimulator/DTCoreText.build/DerivedSources/resource_bundle_accessor.h -MMD -MT dependencies -MF /Users/aadityasingh/Library/Developer/Xcode/DerivedData/Chatlio-erkyzdeecsohoaggpwbjdvavzqfv/Build/Intermediates.noindex/DTCoreText.build/Debug-iphonesimulator/DTCoreText.build/Objects-normal/x86_64/DTLinkButton.d --serialize-diagnostics /Users/aadityasingh/Library/Developer/Xcode/DerivedData/Chatlio-erkyzdeecsohoaggpwbjdvavzqfv/Build/Intermediates.noindex/DTCoreText.build/Debug-iphonesimulator/DTCoreText.build/Objects-normal/x86_64/DTLinkButton.dia -c /Users/aadityasingh/Library/Developer/Xcode/DerivedData/Chatlio-erkyzdeecsohoaggpwbjdvavzqfv/SourcePackages/checkouts/DTCoreText/Core/Source/DTLinkButton.m -o /Users/aadityasingh/Library/Developer/Xcode/DerivedData/Chatlio-erkyzdeecsohoaggpwbjdvavzqfv/Build/Intermediates.noindex/DTCoreText.build/Debug-iphonesimulator/DTCoreText.build/Objects-normal/x86_64/DTLinkButton.o -index-unit-output-path /DTCoreText.build/Debug-iphonesimulator/DTCoreText.build/Objects-normal/x86_64/DTLinkButton.o

CompileC /Users/aadityasingh/Library/Developer/Xcode/DerivedData/Chatlio-erkyzdeecsohoaggpwbjdvavzqfv/Build/Intermediates.noindex/DTCoreText.build/Debug-iphonesimulator/DTCoreText.build/Objects-normal/x86_64/DTLazyImageView.o /Users/aadityasingh/Library/Developer/Xcode/DerivedData/Chatlio-erkyzdeecsohoaggpwbjdvavzqfv/SourcePackages/checkouts/DTCoreText/Core/Source/DTLazyImageView.m normal x86_64 objective-c com.apple.compilers.llvm.clang.1_0.compiler (in target 'DTCoreText' from project 'DTCoreText')
    cd /Users/aadityasingh/Documents/Development/element-x-ios/Chatlio.xcodeproj
    
    Using response file: /Users/aadityasingh/Library/Developer/Xcode/DerivedData/Chatlio-erkyzdeecsohoaggpwbjdvavzqfv/Build/Intermediates.noindex/DTCoreText.build/Debug-iphonesimulator/DTCoreText.build/Objects-normal/x86_64/e6072d4f65d7061329687fe24e3d63a7-common-args.resp
    
    /Applications/Xcode.app/Contents/Developer/Toolchains/XcodeDefault.xctoolchain/usr/bin/clang -x objective-c -ivfsstatcache /Users/aadityasingh/Library/Developer/Xcode/DerivedData/SDKStatCaches.noindex/iphonesimulator26.4-23E252-686eebb5dc1d8ecb277353a59184f4aa.sdkstatcache -target x86_64-apple-ios12.0-simulator -fmessage-length\=0 -fdiagnostics-show-note-include-stack -fmacro-backtrace-limit\=0 -fno-color-diagnostics -fmodules-prune-interval\=86400 -fmodules-prune-after\=345600 -fbuild-session-file\=/Users/aadityasingh/Library/Developer/Xcode/DerivedData/ModuleCache.noindex/Session.modulevalidation -fmodules-validate-once-per-build-session -Wnon-modular-include-in-framework-module -Werror\=non-modular-include-in-framework-module -Wno-trigraphs -Wno-missing-field-initializers -Wno-missing-prototypes -Wno-return-type -Wno-implicit-atomic-properties -Wno-objc-interface-ivars -Wno-arc-repeated-use-of-weak -Wno-missing-braces -Wparentheses -Wswitch -Wno-unused-function -Wno-unused-label -Wno-unused-parameter -Wno-unused-variable -Wunused-value -Wno-empty-body -Wno-uninitialized -Wno-unknown-pragmas -w -Wno-shadow -Wno-four-char-constants -Wno-conversion -Wno-constant-conversion -Wno-int-conversion -Wno-bool-conversion -Wno-enum-conversion -Wno-float-conversion -Wno-non-literal-null-conversion -Wno-objc-literal-conversion -Wshorten-64-to-32 -Wpointer-sign -Wno-newline-eof -Wno-selector -Wno-strict-selector-match -Wno-undeclared-selector -Wno-deprecated-implementations -Wno-implicit-fallthrough -isysroot /Applications/Xcode.app/Contents/Developer/Platforms/iPhoneSimulator.platform/Developer/SDKs/iPhoneSimulator26.4.sdk -fstrict-aliasing -Wprotocol -Wdeprecated-declarations -Wno-sign-conversion -Wno-infinite-recursion -Wno-comma -Wno-block-capture-autoreleasing -Wno-strict-prototypes -Wno-semicolon-before-method-body -index-store-path /Users/aadityasingh/Library/Developer/Xcode/DerivedData/Chatlio-erkyzdeecsohoaggpwbjdvavzqfv/Index.noindex/DataStore @/Users/aadityasingh/Library/Developer/Xcode/DerivedData/Chatlio-erkyzdeecsohoaggpwbjdvavzqfv/Build/Intermediates.noindex/DTCoreText.build/Debug-iphonesimulator/DTCoreText.build/Objects-normal/x86_64/e6072d4f65d7061329687fe24e3d63a7-common-args.resp -include /Users/aadityasingh/Library/Developer/Xcode/DerivedData/Chatlio-erkyzdeecsohoaggpwbjdvavzqfv/Build/Intermediates.noindex/DTCoreText.build/Debug-iphonesimulator/DTCoreText.build/DerivedSources/resource_bundle_accessor.h -MMD -MT dependencies -MF /Users/aadityasingh/Library/Developer/Xcode/DerivedData/Chatlio-erkyzdeecsohoaggpwbjdvavzqfv/Build/Intermediates.noindex/DTCoreText.build/Debug-iphonesimulator/DTCoreText.build/Objects-normal/x86_64/DTLazyImageView.d --serialize-diagnostics /Users/aadityasingh/Library/Developer/Xcode/DerivedData/Chatlio-erkyzdeecsohoaggpwbjdvavzqfv/Build/Intermediates.noindex/DTCoreText.build/Debug-iphonesimulator/DTCoreText.build/Objects-normal/x86_64/DTLazyImageView.dia -c /Users/aadityasingh/Library/Developer/Xcode/DerivedData/Chatlio-erkyzdeecsohoaggpwbjdvavzqfv/SourcePackages/checkouts/DTCoreText/Core/Source/DTLazyImageView.m -o /Users/aadityasingh/Library/Developer/Xcode/DerivedData/Chatlio-erkyzdeecsohoaggpwbjdvavzqfv/Build/Intermediates.noindex/DTCoreText.build/Debug-iphonesimulator/DTCoreText.build/Objects-normal/x86_64/DTLazyImageView.o -index-unit-output-path /DTCoreText.build/Debug-iphonesimulator/DTCoreText.build/Objects-normal/x86_64/DTLazyImageView.o

CompileC /Users/aadityasingh/Library/Developer/Xcode/DerivedData/Chatlio-erkyzdeecsohoaggpwbjdvavzqfv/Build/Intermediates.noindex/DTCoreText.build/Debug-iphonesimulator/DTCoreText.build/Objects-normal/x86_64/DTImageTextAttachment.o /Users/aadityasingh/Library/Developer/Xcode/DerivedData/Chatlio-erkyzdeecsohoaggpwbjdvavzqfv/SourcePackages/checkouts/DTCoreText/Core/Source/DTImageTextAttachment.m normal x86_64 objective-c com.apple.compilers.llvm.clang.1_0.compiler (in target 'DTCoreText' from project 'DTCoreText')
    cd /Users/aadityasingh/Documents/Development/element-x-ios/Chatlio.xcodeproj
    
    Using response file: /Users/aadityasingh/Library/Developer/Xcode/DerivedData/Chatlio-erkyzdeecsohoaggpwbjdvavzqfv/Build/Intermediates.noindex/DTCoreText.build/Debug-iphonesimulator/DTCoreText.build/Objects-normal/x86_64/e6072d4f65d7061329687fe24e3d63a7-common-args.resp
    
    /Applications/Xcode.app/Contents/Developer/Toolchains/XcodeDefault.xctoolchain/usr/bin/clang -x objective-c -ivfsstatcache /Users/aadityasingh/Library/Developer/Xcode/DerivedData/SDKStatCaches.noindex/iphonesimulator26.4-23E252-686eebb5dc1d8ecb277353a59184f4aa.sdkstatcache -target x86_64-apple-ios12.0-simulator -fmessage-length\=0 -fdiagnostics-show-note-include-stack -fmacro-backtrace-limit\=0 -fno-color-diagnostics -fmodules-prune-interval\=86400 -fmodules-prune-after\=345600 -fbuild-session-file\=/Users/aadityasingh/Library/Developer/Xcode/DerivedData/ModuleCache.noindex/Session.modulevalidation -fmodules-validate-once-per-build-session -Wnon-modular-include-in-framework-module -Werror\=non-modular-include-in-framework-module -Wno-trigraphs -Wno-missing-field-initializers -Wno-missing-prototypes -Wno-return-type -Wno-implicit-atomic-properties -Wno-objc-interface-ivars -Wno-arc-repeated-use-of-weak -Wno-missing-braces -Wparentheses -Wswitch -Wno-unused-function -Wno-unused-label -Wno-unused-parameter -Wno-unused-variable -Wunused-value -Wno-empty-body -Wno-uninitialized -Wno-unknown-pragmas -w -Wno-shadow -Wno-four-char-constants -Wno-conversion -Wno-constant-conversion -Wno-int-conversion -Wno-bool-conversion -Wno-enum-conversion -Wno-float-conversion -Wno-non-literal-null-conversion -Wno-objc-literal-conversion -Wshorten-64-to-32 -Wpointer-sign -Wno-newline-eof -Wno-selector -Wno-strict-selector-match -Wno-undeclared-selector -Wno-deprecated-implementations -Wno-implicit-fallthrough -isysroot /Applications/Xcode.app/Contents/Developer/Platforms/iPhoneSimulator.platform/Developer/SDKs/iPhoneSimulator26.4.sdk -fstrict-aliasing -Wprotocol -Wdeprecated-declarations -Wno-sign-conversion -Wno-infinite-recursion -Wno-comma -Wno-block-capture-autoreleasing -Wno-strict-prototypes -Wno-semicolon-before-method-body -index-store-path /Users/aadityasingh/Library/Developer/Xcode/DerivedData/Chatlio-erkyzdeecsohoaggpwbjdvavzqfv/Index.noindex/DataStore @/Users/aadityasingh/Library/Developer/Xcode/DerivedData/Chatlio-erkyzdeecsohoaggpwbjdvavzqfv/Build/Intermediates.noindex/DTCoreText.build/Debug-iphonesimulator/DTCoreText.build/Objects-normal/x86_64/e6072d4f65d7061329687fe24e3d63a7-common-args.resp -include /Users/aadityasingh/Library/Developer/Xcode/DerivedData/Chatlio-erkyzdeecsohoaggpwbjdvavzqfv/Build/Intermediates.noindex/DTCoreText.build/Debug-iphonesimulator/DTCoreText.build/DerivedSources/resource_bundle_accessor.h -MMD -MT dependencies -MF /Users/aadityasingh/Library/Developer/Xcode/DerivedData/Chatlio-erkyzdeecsohoaggpwbjdvavzqfv/Build/Intermediates.noindex/DTCoreText.build/Debug-iphonesimulator/DTCoreText.build/Objects-normal/x86_64/DTImageTextAttachment.d --serialize-diagnostics /Users/aadityasingh/Library/Developer/Xcode/DerivedData/Chatlio-erkyzdeecsohoaggpwbjdvavzqfv/Build/Intermediates.noindex/DTCoreText.build/Debug-iphonesimulator/DTCoreText.build/Objects-normal/x86_64/DTImageTextAttachment.dia -c /Users/aadityasingh/Library/Developer/Xcode/DerivedData/Chatlio-erkyzdeecsohoaggpwbjdvavzqfv/SourcePackages/checkouts/DTCoreText/Core/Source/DTImageTextAttachment.m -o /Users/aadityasingh/Library/Developer/Xcode/DerivedData/Chatlio-erkyzdeecsohoaggpwbjdvavzqfv/Build/Intermediates.noindex/DTCoreText.build/Debug-iphonesimulator/DTCoreText.build/Objects-normal/x86_64/DTImageTextAttachment.o -index-unit-output-path /DTCoreText.build/Debug-iphonesimulator/DTCoreText.build/Objects-normal/x86_64/DTImageTextAttachment.o

CompileC /Users/aadityasingh/Library/Developer/Xcode/DerivedData/Chatlio-erkyzdeecsohoaggpwbjdvavzqfv/Build/Intermediates.noindex/DTCoreText.build/Debug-iphonesimulator/DTCoreText.build/Objects-normal/x86_64/DTIframeTextAttachment.o /Users/aadityasingh/Library/Developer/Xcode/DerivedData/Chatlio-erkyzdeecsohoaggpwbjdvavzqfv/SourcePackages/checkouts/DTCoreText/Core/Source/DTIframeTextAttachment.m normal x86_64 objective-c com.apple.compilers.llvm.clang.1_0.compiler (in target 'DTCoreText' from project 'DTCoreText')
    cd /Users/aadityasingh/Documents/Development/element-x-ios/Chatlio.xcodeproj
    
    Using response file: /Users/aadityasingh/Library/Developer/Xcode/DerivedData/Chatlio-erkyzdeecsohoaggpwbjdvavzqfv/Build/Intermediates.noindex/DTCoreText.build/Debug-iphonesimulator/DTCoreText.build/Objects-normal/x86_64/e6072d4f65d7061329687fe24e3d63a7-common-args.resp
    
    /Applications/Xcode.app/Contents/Developer/Toolchains/XcodeDefault.xctoolchain/usr/bin/clang -x objective-c -ivfsstatcache /Users/aadityasingh/Library/Developer/Xcode/DerivedData/SDKStatCaches.noindex/iphonesimulator26.4-23E252-686eebb5dc1d8ecb277353a59184f4aa.sdkstatcache -target x86_64-apple-ios12.0-simulator -fmessage-length\=0 -fdiagnostics-show-note-include-stack -fmacro-backtrace-limit\=0 -fno-color-diagnostics -fmodules-prune-interval\=86400 -fmodules-prune-after\=345600 -fbuild-session-file\=/Users/aadityasingh/Library/Developer/Xcode/DerivedData/ModuleCache.noindex/Session.modulevalidation -fmodules-validate-once-per-build-session -Wnon-modular-include-in-framework-module -Werror\=non-modular-include-in-framework-module -Wno-trigraphs -Wno-missing-field-initializers -Wno-missing-prototypes -Wno-return-type -Wno-implicit-atomic-properties -Wno-objc-interface-ivars -Wno-arc-repeated-use-of-weak -Wno-missing-braces -Wparentheses -Wswitch -Wno-unused-function -Wno-unused-label -Wno-unused-parameter -Wno-unused-variable -Wunused-value -Wno-empty-body -Wno-uninitialized -Wno-unknown-pragmas -w -Wno-shadow -Wno-four-char-constants -Wno-conversion -Wno-constant-conversion -Wno-int-conversion -Wno-bool-conversion -Wno-enum-conversion -Wno-float-conversion -Wno-non-literal-null-conversion -Wno-objc-literal-conversion -Wshorten-64-to-32 -Wpointer-sign -Wno-newline-eof -Wno-selector -Wno-strict-selector-match -Wno-undeclared-selector -Wno-deprecated-implementations -Wno-implicit-fallthrough -isysroot /Applications/Xcode.app/Contents/Developer/Platforms/iPhoneSimulator.platform/Developer/SDKs/iPhoneSimulator26.4.sdk -fstrict-aliasing -Wprotocol -Wdeprecated-declarations -Wno-sign-conversion -Wno-infinite-recursion -Wno-comma -Wno-block-capture-autoreleasing -Wno-strict-prototypes -Wno-semicolon-before-method-body -index-store-path /Users/aadityasingh/Library/Developer/Xcode/DerivedData/Chatlio-erkyzdeecsohoaggpwbjdvavzqfv/Index.noindex/DataStore @/Users/aadityasingh/Library/Developer/Xcode/DerivedData/Chatlio-erkyzdeecsohoaggpwbjdvavzqfv/Build/Intermediates.noindex/DTCoreText.build/Debug-iphonesimulator/DTCoreText.build/Objects-normal/x86_64/e6072d4f65d7061329687fe24e3d63a7-common-args.resp -include /Users/aadityasingh/Library/Developer/Xcode/DerivedData/Chatlio-erkyzdeecsohoaggpwbjdvavzqfv/Build/Intermediates.noindex/DTCoreText.build/Debug-iphonesimulator/DTCoreText.build/DerivedSources/resource_bundle_accessor.h -MMD -MT dependencies -MF /Users/aadityasingh/Library/Developer/Xcode/DerivedData/Chatlio-erkyzdeecsohoaggpwbjdvavzqfv/Build/Intermediates.noindex/DTCoreText.build/Debug-iphonesimulator/DTCoreText.build/Objects-normal/x86_64/DTIframeTextAttachment.d --serialize-diagnostics /Users/aadityasingh/Library/Developer/Xcode/DerivedData/Chatlio-erkyzdeecsohoaggpwbjdvavzqfv/Build/Intermediates.noindex/DTCoreText.build/Debug-iphonesimulator/DTCoreText.build/Objects-normal/x86_64/DTIframeTextAttachment.dia -c /Users/aadityasingh/Library/Developer/Xcode/DerivedData/Chatlio-erkyzdeecsohoaggpwbjdvavzqfv/SourcePackages/checkouts/DTCoreText/Core/Source/DTIframeTextAttachment.m -o /Users/aadityasingh/Library/Developer/Xcode/DerivedData/Chatlio-erkyzdeecsohoaggpwbjdvavzqfv/Build/Intermediates.noindex/DTCoreText.build/Debug-iphonesimulator/DTCoreText.build/Objects-normal/x86_64/DTIframeTextAttachment.o -index-unit-output-path /DTCoreText.build/Debug-iphonesimulator/DTCoreText.build/Objects-normal/x86_64/DTIframeTextAttachment.o

CompileC /Users/aadityasingh/Library/Developer/Xcode/DerivedData/Chatlio-erkyzdeecsohoaggpwbjdvavzqfv/Build/Intermediates.noindex/DTCoreText.build/Debug-iphonesimulator/DTCoreText.build/Objects-normal/x86_64/DTHorizontalRuleHTMLElement.o /Users/aadityasingh/Library/Developer/Xcode/DerivedData/Chatlio-erkyzdeecsohoaggpwbjdvavzqfv/SourcePackages/checkouts/DTCoreText/Core/Source/DTHorizontalRuleHTMLElement.m normal x86_64 objective-c com.apple.compilers.llvm.clang.1_0.compiler (in target 'DTCoreText' from project 'DTCoreText')
    cd /Users/aadityasingh/Documents/Development/element-x-ios/Chatlio.xcodeproj
    
    Using response file: /Users/aadityasingh/Library/Developer/Xcode/DerivedData/Chatlio-erkyzdeecsohoaggpwbjdvavzqfv/Build/Intermediates.noindex/DTCoreText.build/Debug-iphonesimulator/DTCoreText.build/Objects-normal/x86_64/e6072d4f65d7061329687fe24e3d63a7-common-args.resp
    
    /Applications/Xcode.app/Contents/Developer/Toolchains/XcodeDefault.xctoolchain/usr/bin/clang -x objective-c -ivfsstatcache /Users/aadityasingh/Library/Developer/Xcode/DerivedData/SDKStatCaches.noindex/iphonesimulator26.4-23E252-686eebb5dc1d8ecb277353a59184f4aa.sdkstatcache -target x86_64-apple-ios12.0-simulator -fmessage-length\=0 -fdiagnostics-show-note-include-stack -fmacro-backtrace-limit\=0 -fno-color-diagnostics -fmodules-prune-interval\=86400 -fmodules-prune-after\=345600 -fbuild-session-file\=/Users/aadityasingh/Library/Developer/Xcode/DerivedData/ModuleCache.noindex/Session.modulevalidation -fmodules-validate-once-per-build-session -Wnon-modular-include-in-framework-module -Werror\=non-modular-include-in-framework-module -Wno-trigraphs -Wno-missing-field-initializers -Wno-missing-prototypes -Wno-return-type -Wno-implicit-atomic-properties -Wno-objc-interface-ivars -Wno-arc-repeated-use-of-weak -Wno-missing-braces -Wparentheses -Wswitch -Wno-unused-function -Wno-unused-label -Wno-unused-parameter -Wno-unused-variable -Wunused-value -Wno-empty-body -Wno-uninitialized -Wno-unknown-pragmas -w -Wno-shadow -Wno-four-char-constants -Wno-conversion -Wno-constant-conversion -Wno-int-conversion -Wno-bool-conversion -Wno-enum-conversion -Wno-float-conversion -Wno-non-literal-null-conversion -Wno-objc-literal-conversion -Wshorten-64-to-32 -Wpointer-sign -Wno-newline-eof -Wno-selector -Wno-strict-selector-match -Wno-undeclared-selector -Wno-deprecated-implementations -Wno-implicit-fallthrough -isysroot /Applications/Xcode.app/Contents/Developer/Platforms/iPhoneSimulator.platform/Developer/SDKs/iPhoneSimulator26.4.sdk -fstrict-aliasing -Wprotocol -Wdeprecated-declarations -Wno-sign-conversion -Wno-infinite-recursion -Wno-comma -Wno-block-capture-autoreleasing -Wno-strict-prototypes -Wno-semicolon-before-method-body -index-store-path /Users/aadityasingh/Library/Developer/Xcode/DerivedData/Chatlio-erkyzdeecsohoaggpwbjdvavzqfv/Index.noindex/DataStore @/Users/aadityasingh/Library/Developer/Xcode/DerivedData/Chatlio-erkyzdeecsohoaggpwbjdvavzqfv/Build/Intermediates.noindex/DTCoreText.build/Debug-iphonesimulator/DTCoreText.build/Objects-normal/x86_64/e6072d4f65d7061329687fe24e3d63a7-common-args.resp -include /Users/aadityasingh/Library/Developer/Xcode/DerivedData/Chatlio-erkyzdeecsohoaggpwbjdvavzqfv/Build/Intermediates.noindex/DTCoreText.build/Debug-iphonesimulator/DTCoreText.build/DerivedSources/resource_bundle_accessor.h -MMD -MT dependencies -MF /Users/aadityasingh/Library/Developer/Xcode/DerivedData/Chatlio-erkyzdeecsohoaggpwbjdvavzqfv/Build/Intermediates.noindex/DTCoreText.build/Debug-iphonesimulator/DTCoreText.build/Objects-normal/x86_64/DTHorizontalRuleHTMLElement.d --serialize-diagnostics /Users/aadityasingh/Library/Developer/Xcode/DerivedData/Chatlio-erkyzdeecsohoaggpwbjdvavzqfv/Build/Intermediates.noindex/DTCoreText.build/Debug-iphonesimulator/DTCoreText.build/Objects-normal/x86_64/DTHorizontalRuleHTMLElement.dia -c /Users/aadityasingh/Library/Developer/Xcode/DerivedData/Chatlio-erkyzdeecsohoaggpwbjdvavzqfv/SourcePackages/checkouts/DTCoreText/Core/Source/DTHorizontalRuleHTMLElement.m -o /Users/aadityasingh/Library/Developer/Xcode/DerivedData/Chatlio-erkyzdeecsohoaggpwbjdvavzqfv/Build/Intermediates.noindex/DTCoreText.build/Debug-iphonesimulator/DTCoreText.build/Objects-normal/x86_64/DTHorizontalRuleHTMLElement.o -index-unit-output-path /DTCoreText.build/Debug-iphonesimulator/DTCoreText.build/Objects-normal/x86_64/DTHorizontalRuleHTMLElement.o

CompileC /Users/aadityasingh/Library/Developer/Xcode/DerivedData/Chatlio-erkyzdeecsohoaggpwbjdvavzqfv/Build/Intermediates.noindex/DTCoreText.build/Debug-iphonesimulator/DTCoreText.build/Objects-normal/x86_64/DTHTMLWriter.o /Users/aadityasingh/Library/Developer/Xcode/DerivedData/Chatlio-erkyzdeecsohoaggpwbjdvavzqfv/SourcePackages/checkouts/DTCoreText/Core/Source/DTHTMLWriter.m normal x86_64 objective-c com.apple.compilers.llvm.clang.1_0.compiler (in target 'DTCoreText' from project 'DTCoreText')
    cd /Users/aadityasingh/Documents/Development/element-x-ios/Chatlio.xcodeproj
    
    Using response file: /Users/aadityasingh/Library/Developer/Xcode/DerivedData/Chatlio-erkyzdeecsohoaggpwbjdvavzqfv/Build/Intermediates.noindex/DTCoreText.build/Debug-iphonesimulator/DTCoreText.build/Objects-normal/x86_64/e6072d4f65d7061329687fe24e3d63a7-common-args.resp
    
    /Applications/Xcode.app/Contents/Developer/Toolchains/XcodeDefault.xctoolchain/usr/bin/clang -x objective-c -ivfsstatcache /Users/aadityasingh/Library/Developer/Xcode/DerivedData/SDKStatCaches.noindex/iphonesimulator26.4-23E252-686eebb5dc1d8ecb277353a59184f4aa.sdkstatcache -target x86_64-apple-ios12.0-simulator -fmessage-length\=0 -fdiagnostics-show-note-include-stack -fmacro-backtrace-limit\=0 -fno-color-diagnostics -fmodules-prune-interval\=86400 -fmodules-prune-after\=345600 -fbuild-session-file\=/Users/aadityasingh/Library/Developer/Xcode/DerivedData/ModuleCache.noindex/Session.modulevalidation -fmodules-validate-once-per-build-session -Wnon-modular-include-in-framework-module -Werror\=non-modular-include-in-framework-module -Wno-trigraphs -Wno-missing-field-initializers -Wno-missing-prototypes -Wno-return-type -Wno-implicit-atomic-properties -Wno-objc-interface-ivars -Wno-arc-repeated-use-of-weak -Wno-missing-braces -Wparentheses -Wswitch -Wno-unused-function -Wno-unused-label -Wno-unused-parameter -Wno-unused-variable -Wunused-value -Wno-empty-body -Wno-uninitialized -Wno-unknown-pragmas -w -Wno-shadow -Wno-four-char-constants -Wno-conversion -Wno-constant-conversion -Wno-int-conversion -Wno-bool-conversion -Wno-enum-conversion -Wno-float-conversion -Wno-non-literal-null-conversion -Wno-objc-literal-conversion -Wshorten-64-to-32 -Wpointer-sign -Wno-newline-eof -Wno-selector -Wno-strict-selector-match -Wno-undeclared-selector -Wno-deprecated-implementations -Wno-implicit-fallthrough -isysroot /Applications/Xcode.app/Contents/Developer/Platforms/iPhoneSimulator.platform/Developer/SDKs/iPhoneSimulator26.4.sdk -fstrict-aliasing -Wprotocol -Wdeprecated-declarations -Wno-sign-conversion -Wno-infinite-recursion -Wno-comma -Wno-block-capture-autoreleasing -Wno-strict-prototypes -Wno-semicolon-before-method-body -index-store-path /Users/aadityasingh/Library/Developer/Xcode/DerivedData/Chatlio-erkyzdeecsohoaggpwbjdvavzqfv/Index.noindex/DataStore @/Users/aadityasingh/Library/Developer/Xcode/DerivedData/Chatlio-erkyzdeecsohoaggpwbjdvavzqfv/Build/Intermediates.noindex/DTCoreText.build/Debug-iphonesimulator/DTCoreText.build/Objects-normal/x86_64/e6072d4f65d7061329687fe24e3d63a7-common-args.resp -include /Users/aadityasingh/Library/Developer/Xcode/DerivedData/Chatlio-erkyzdeecsohoaggpwbjdvavzqfv/Build/Intermediates.noindex/DTCoreText.build/Debug-iphonesimulator/DTCoreText.build/DerivedSources/resource_bundle_accessor.h -MMD -MT dependencies -MF /Users/aadityasingh/Library/Developer/Xcode/DerivedData/Chatlio-erkyzdeecsohoaggpwbjdvavzqfv/Build/Intermediates.noindex/DTCoreText.build/Debug-iphonesimulator/DTCoreText.build/Objects-normal/x86_64/DTHTMLWriter.d --serialize-diagnostics /Users/aadityasingh/Library/Developer/Xcode/DerivedData/Chatlio-erkyzdeecsohoaggpwbjdvavzqfv/Build/Intermediates.noindex/DTCoreText.build/Debug-iphonesimulator/DTCoreText.build/Objects-normal/x86_64/DTHTMLWriter.dia -c /Users/aadityasingh/Library/Developer/Xcode/DerivedData/Chatlio-erkyzdeecsohoaggpwbjdvavzqfv/SourcePackages/checkouts/DTCoreText/Core/Source/DTHTMLWriter.m -o /Users/aadityasingh/Library/Developer/Xcode/DerivedData/Chatlio-erkyzdeecsohoaggpwbjdvavzqfv/Build/Intermediates.noindex/DTCoreText.build/Debug-iphonesimulator/DTCoreText.build/Objects-normal/x86_64/DTHTMLWriter.o -index-unit-output-path /DTCoreText.build/Debug-iphonesimulator/DTCoreText.build/Objects-normal/x86_64/DTHTMLWriter.o

CompileC /Users/aadityasingh/Library/Developer/Xcode/DerivedData/Chatlio-erkyzdeecsohoaggpwbjdvavzqfv/Build/Intermediates.noindex/DTCoreText.build/Debug-iphonesimulator/DTCoreText.build/Objects-normal/x86_64/DTHTMLParserTextNode.o /Users/aadityasingh/Library/Developer/Xcode/DerivedData/Chatlio-erkyzdeecsohoaggpwbjdvavzqfv/SourcePackages/checkouts/DTCoreText/Core/Source/DTHTMLParserTextNode.m normal x86_64 objective-c com.apple.compilers.llvm.clang.1_0.compiler (in target 'DTCoreText' from project 'DTCoreText')
    cd /Users/aadityasingh/Documents/Development/element-x-ios/Chatlio.xcodeproj
    
    Using response file: /Users/aadityasingh/Library/Developer/Xcode/DerivedData/Chatlio-erkyzdeecsohoaggpwbjdvavzqfv/Build/Intermediates.noindex/DTCoreText.build/Debug-iphonesimulator/DTCoreText.build/Objects-normal/x86_64/e6072d4f65d7061329687fe24e3d63a7-common-args.resp
    
    /Applications/Xcode.app/Contents/Developer/Toolchains/XcodeDefault.xctoolchain/usr/bin/clang -x objective-c -ivfsstatcache /Users/aadityasingh/Library/Developer/Xcode/DerivedData/SDKStatCaches.noindex/iphonesimulator26.4-23E252-686eebb5dc1d8ecb277353a59184f4aa.sdkstatcache -target x86_64-apple-ios12.0-simulator -fmessage-length\=0 -fdiagnostics-show-note-include-stack -fmacro-backtrace-limit\=0 -fno-color-diagnostics -fmodules-prune-interval\=86400 -fmodules-prune-after\=345600 -fbuild-session-file\=/Users/aadityasingh/Library/Developer/Xcode/DerivedData/ModuleCache.noindex/Session.modulevalidation -fmodules-validate-once-per-build-session -Wnon-modular-include-in-framework-module -Werror\=non-modular-include-in-framework-module -Wno-trigraphs -Wno-missing-field-initializers -Wno-missing-prototypes -Wno-return-type -Wno-implicit-atomic-properties -Wno-objc-interface-ivars -Wno-arc-repeated-use-of-weak -Wno-missing-braces -Wparentheses -Wswitch -Wno-unused-function -Wno-unused-label -Wno-unused-parameter -Wno-unused-variable -Wunused-value -Wno-empty-body -Wno-uninitialized -Wno-unknown-pragmas -w -Wno-shadow -Wno-four-char-constants -Wno-conversion -Wno-constant-conversion -Wno-int-conversion -Wno-bool-conversion -Wno-enum-conversion -Wno-float-conversion -Wno-non-literal-null-conversion -Wno-objc-literal-conversion -Wshorten-64-to-32 -Wpointer-sign -Wno-newline-eof -Wno-selector -Wno-strict-selector-match -Wno-undeclared-selector -Wno-deprecated-implementations -Wno-implicit-fallthrough -isysroot /Applications/Xcode.app/Contents/Developer/Platforms/iPhoneSimulator.platform/Developer/SDKs/iPhoneSimulator26.4.sdk -fstrict-aliasing -Wprotocol -Wdeprecated-declarations -Wno-sign-conversion -Wno-infinite-recursion -Wno-comma -Wno-block-capture-autoreleasing -Wno-strict-prototypes -Wno-semicolon-before-method-body -index-store-path /Users/aadityasingh/Library/Developer/Xcode/DerivedData/Chatlio-erkyzdeecsohoaggpwbjdvavzqfv/Index.noindex/DataStore @/Users/aadityasingh/Library/Developer/Xcode/DerivedData/Chatlio-erkyzdeecsohoaggpwbjdvavzqfv/Build/Intermediates.noindex/DTCoreText.build/Debug-iphonesimulator/DTCoreText.build/Objects-normal/x86_64/e6072d4f65d7061329687fe24e3d63a7-common-args.resp -include /Users/aadityasingh/Library/Developer/Xcode/DerivedData/Chatlio-erkyzdeecsohoaggpwbjdvavzqfv/Build/Intermediates.noindex/DTCoreText.build/Debug-iphonesimulator/DTCoreText.build/DerivedSources/resource_bundle_accessor.h -MMD -MT dependencies -MF /Users/aadityasingh/Library/Developer/Xcode/DerivedData/Chatlio-erkyzdeecsohoaggpwbjdvavzqfv/Build/Intermediates.noindex/DTCoreText.build/Debug-iphonesimulator/DTCoreText.build/Objects-normal/x86_64/DTHTMLParserTextNode.d --serialize-diagnostics /Users/aadityasingh/Library/Developer/Xcode/DerivedData/Chatlio-erkyzdeecsohoaggpwbjdvavzqfv/Build/Intermediates.noindex/DTCoreText.build/Debug-iphonesimulator/DTCoreText.build/Objects-normal/x86_64/DTHTMLParserTextNode.dia -c /Users/aadityasingh/Library/Developer/Xcode/DerivedData/Chatlio-erkyzdeecsohoaggpwbjdvavzqfv/SourcePackages/checkouts/DTCoreText/Core/Source/DTHTMLParserTextNode.m -o /Users/aadityasingh/Library/Developer/Xcode/DerivedData/Chatlio-erkyzdeecsohoaggpwbjdvavzqfv/Build/Intermediates.noindex/DTCoreText.build/Debug-iphonesimulator/DTCoreText.build/Objects-normal/x86_64/DTHTMLParserTextNode.o -index-unit-output-path /DTCoreText.build/Debug-iphonesimulator/DTCoreText.build/Objects-normal/x86_64/DTHTMLParserTextNode.o

CompileC /Users/aadityasingh/Library/Developer/Xcode/DerivedData/Chatlio-erkyzdeecsohoaggpwbjdvavzqfv/Build/Intermediates.noindex/DTCoreText.build/Debug-iphonesimulator/DTCoreText.build/Objects-normal/x86_64/DTHTMLParserNode.o /Users/aadityasingh/Library/Developer/Xcode/DerivedData/Chatlio-erkyzdeecsohoaggpwbjdvavzqfv/SourcePackages/checkouts/DTCoreText/Core/Source/DTHTMLParserNode.m normal x86_64 objective-c com.apple.compilers.llvm.clang.1_0.compiler (in target 'DTCoreText' from project 'DTCoreText')
    cd /Users/aadityasingh/Documents/Development/element-x-ios/Chatlio.xcodeproj
    
    Using response file: /Users/aadityasingh/Library/Developer/Xcode/DerivedData/Chatlio-erkyzdeecsohoaggpwbjdvavzqfv/Build/Intermediates.noindex/DTCoreText.build/Debug-iphonesimulator/DTCoreText.build/Objects-normal/x86_64/e6072d4f65d7061329687fe24e3d63a7-common-args.resp
    
    /Applications/Xcode.app/Contents/Developer/Toolchains/XcodeDefault.xctoolchain/usr/bin/clang -x objective-c -ivfsstatcache /Users/aadityasingh/Library/Developer/Xcode/DerivedData/SDKStatCaches.noindex/iphonesimulator26.4-23E252-686eebb5dc1d8ecb277353a59184f4aa.sdkstatcache -target x86_64-apple-ios12.0-simulator -fmessage-length\=0 -fdiagnostics-show-note-include-stack -fmacro-backtrace-limit\=0 -fno-color-diagnostics -fmodules-prune-interval\=86400 -fmodules-prune-after\=345600 -fbuild-session-file\=/Users/aadityasingh/Library/Developer/Xcode/DerivedData/ModuleCache.noindex/Session.modulevalidation -fmodules-validate-once-per-build-session -Wnon-modular-include-in-framework-module -Werror\=non-modular-include-in-framework-module -Wno-trigraphs -Wno-missing-field-initializers -Wno-missing-prototypes -Wno-return-type -Wno-implicit-atomic-properties -Wno-objc-interface-ivars -Wno-arc-repeated-use-of-weak -Wno-missing-braces -Wparentheses -Wswitch -Wno-unused-function -Wno-unused-label -Wno-unused-parameter -Wno-unused-variable -Wunused-value -Wno-empty-body -Wno-uninitialized -Wno-unknown-pragmas -w -Wno-shadow -Wno-four-char-constants -Wno-conversion -Wno-constant-conversion -Wno-int-conversion -Wno-bool-conversion -Wno-enum-conversion -Wno-float-conversion -Wno-non-literal-null-conversion -Wno-objc-literal-conversion -Wshorten-64-to-32 -Wpointer-sign -Wno-newline-eof -Wno-selector -Wno-strict-selector-match -Wno-undeclared-selector -Wno-deprecated-implementations -Wno-implicit-fallthrough -isysroot /Applications/Xcode.app/Contents/Developer/Platforms/iPhoneSimulator.platform/Developer/SDKs/iPhoneSimulator26.4.sdk -fstrict-aliasing -Wprotocol -Wdeprecated-declarations -Wno-sign-conversion -Wno-infinite-recursion -Wno-comma -Wno-block-capture-autoreleasing -Wno-strict-prototypes -Wno-semicolon-before-method-body -index-store-path /Users/aadityasingh/Library/Developer/Xcode/DerivedData/Chatlio-erkyzdeecsohoaggpwbjdvavzqfv/Index.noindex/DataStore @/Users/aadityasingh/Library/Developer/Xcode/DerivedData/Chatlio-erkyzdeecsohoaggpwbjdvavzqfv/Build/Intermediates.noindex/DTCoreText.build/Debug-iphonesimulator/DTCoreText.build/Objects-normal/x86_64/e6072d4f65d7061329687fe24e3d63a7-common-args.resp -include /Users/aadityasingh/Library/Developer/Xcode/DerivedData/Chatlio-erkyzdeecsohoaggpwbjdvavzqfv/Build/Intermediates.noindex/DTCoreText.build/Debug-iphonesimulator/DTCoreText.build/DerivedSources/resource_bundle_accessor.h -MMD -MT dependencies -MF /Users/aadityasingh/Library/Developer/Xcode/DerivedData/Chatlio-erkyzdeecsohoaggpwbjdvavzqfv/Build/Intermediates.noindex/DTCoreText.build/Debug-iphonesimulator/DTCoreText.build/Objects-normal/x86_64/DTHTMLParserNode.d --serialize-diagnostics /Users/aadityasingh/Library/Developer/Xcode/DerivedData/Chatlio-erkyzdeecsohoaggpwbjdvavzqfv/Build/Intermediates.noindex/DTCoreText.build/Debug-iphonesimulator/DTCoreText.build/Objects-normal/x86_64/DTHTMLParserNode.dia -c /Users/aadityasingh/Library/Developer/Xcode/DerivedData/Chatlio-erkyzdeecsohoaggpwbjdvavzqfv/SourcePackages/checkouts/DTCoreText/Core/Source/DTHTMLParserNode.m -o /Users/aadityasingh/Library/Developer/Xcode/DerivedData/Chatlio-erkyzdeecsohoaggpwbjdvavzqfv/Build/Intermediates.noindex/DTCoreText.build/Debug-iphonesimulator/DTCoreText.build/Objects-normal/x86_64/DTHTMLParserNode.o -index-unit-output-path /DTCoreText.build/Debug-iphonesimulator/DTCoreText.build/Objects-normal/x86_64/DTHTMLParserNode.o

CompileC /Users/aadityasingh/Library/Developer/Xcode/DerivedData/Chatlio-erkyzdeecsohoaggpwbjdvavzqfv/Build/Intermediates.noindex/DTCoreText.build/Debug-iphonesimulator/DTCoreText.build/Objects-normal/x86_64/DTHTMLElement.o /Users/aadityasingh/Library/Developer/Xcode/DerivedData/Chatlio-erkyzdeecsohoaggpwbjdvavzqfv/SourcePackages/checkouts/DTCoreText/Core/Source/DTHTMLElement.m normal x86_64 objective-c com.apple.compilers.llvm.clang.1_0.compiler (in target 'DTCoreText' from project 'DTCoreText')
    cd /Users/aadityasingh/Documents/Development/element-x-ios/Chatlio.xcodeproj
    
    Using response file: /Users/aadityasingh/Library/Developer/Xcode/DerivedData/Chatlio-erkyzdeecsohoaggpwbjdvavzqfv/Build/Intermediates.noindex/DTCoreText.build/Debug-iphonesimulator/DTCoreText.build/Objects-normal/x86_64/e6072d4f65d7061329687fe24e3d63a7-common-args.resp
    
    /Applications/Xcode.app/Contents/Developer/Toolchains/XcodeDefault.xctoolchain/usr/bin/clang -x objective-c -ivfsstatcache /Users/aadityasingh/Library/Developer/Xcode/DerivedData/SDKStatCaches.noindex/iphonesimulator26.4-23E252-686eebb5dc1d8ecb277353a59184f4aa.sdkstatcache -target x86_64-apple-ios12.0-simulator -fmessage-length\=0 -fdiagnostics-show-note-include-stack -fmacro-backtrace-limit\=0 -fno-color-diagnostics -fmodules-prune-interval\=86400 -fmodules-prune-after\=345600 -fbuild-session-file\=/Users/aadityasingh/Library/Developer/Xcode/DerivedData/ModuleCache.noindex/Session.modulevalidation -fmodules-validate-once-per-build-session -Wnon-modular-include-in-framework-module -Werror\=non-modular-include-in-framework-module -Wno-trigraphs -Wno-missing-field-initializers -Wno-missing-prototypes -Wno-return-type -Wno-implicit-atomic-properties -Wno-objc-interface-ivars -Wno-arc-repeated-use-of-weak -Wno-missing-braces -Wparentheses -Wswitch -Wno-unused-function -Wno-unused-label -Wno-unused-parameter -Wno-unused-variable -Wunused-value -Wno-empty-body -Wno-uninitialized -Wno-unknown-pragmas -w -Wno-shadow -Wno-four-char-constants -Wno-conversion -Wno-constant-conversion -Wno-int-conversion -Wno-bool-conversion -Wno-enum-conversion -Wno-float-conversion -Wno-non-literal-null-conversion -Wno-objc-literal-conversion -Wshorten-64-to-32 -Wpointer-sign -Wno-newline-eof -Wno-selector -Wno-strict-selector-match -Wno-undeclared-selector -Wno-deprecated-implementations -Wno-implicit-fallthrough -isysroot /Applications/Xcode.app/Contents/Developer/Platforms/iPhoneSimulator.platform/Developer/SDKs/iPhoneSimulator26.4.sdk -fstrict-aliasing -Wprotocol -Wdeprecated-declarations -Wno-sign-conversion -Wno-infinite-recursion -Wno-comma -Wno-block-capture-autoreleasing -Wno-strict-prototypes -Wno-semicolon-before-method-body -index-store-path /Users/aadityasingh/Library/Developer/Xcode/DerivedData/Chatlio-erkyzdeecsohoaggpwbjdvavzqfv/Index.noindex/DataStore @/Users/aadityasingh/Library/Developer/Xcode/DerivedData/Chatlio-erkyzdeecsohoaggpwbjdvavzqfv/Build/Intermediates.noindex/DTCoreText.build/Debug-iphonesimulator/DTCoreText.build/Objects-normal/x86_64/e6072d4f65d7061329687fe24e3d63a7-common-args.resp -include /Users/aadityasingh/Library/Developer/Xcode/DerivedData/Chatlio-erkyzdeecsohoaggpwbjdvavzqfv/Build/Intermediates.noindex/DTCoreText.build/Debug-iphonesimulator/DTCoreText.build/DerivedSources/resource_bundle_accessor.h -MMD -MT dependencies -MF /Users/aadityasingh/Library/Developer/Xcode/DerivedData/Chatlio-erkyzdeecsohoaggpwbjdvavzqfv/Build/Intermediates.noindex/DTCoreText.build/Debug-iphonesimulator/DTCoreText.build/Objects-normal/x86_64/DTHTMLElement.d --serialize-diagnostics /Users/aadityasingh/Library/Developer/Xcode/DerivedData/Chatlio-erkyzdeecsohoaggpwbjdvavzqfv/Build/Intermediates.noindex/DTCoreText.build/Debug-iphonesimulator/DTCoreText.build/Objects-normal/x86_64/DTHTMLElement.dia -c /Users/aadityasingh/Library/Developer/Xcode/DerivedData/Chatlio-erkyzdeecsohoaggpwbjdvavzqfv/SourcePackages/checkouts/DTCoreText/Core/Source/DTHTMLElement.m -o /Users/aadityasingh/Library/Developer/Xcode/DerivedData/Chatlio-erkyzdeecsohoaggpwbjdvavzqfv/Build/Intermediates.noindex/DTCoreText.build/Debug-iphonesimulator/DTCoreText.build/Objects-normal/x86_64/DTHTMLElement.o -index-unit-output-path /DTCoreText.build/Debug-iphonesimulator/DTCoreText.build/Objects-normal/x86_64/DTHTMLElement.o

CompileC /Users/aadityasingh/Library/Developer/Xcode/DerivedData/Chatlio-erkyzdeecsohoaggpwbjdvavzqfv/Build/Intermediates.noindex/DTCoreText.build/Debug-iphonesimulator/DTCoreText.build/Objects-normal/x86_64/DTHTMLAttributedStringBuilder.o /Users/aadityasingh/Library/Developer/Xcode/DerivedData/Chatlio-erkyzdeecsohoaggpwbjdvavzqfv/SourcePackages/checkouts/DTCoreText/Core/Source/DTHTMLAttributedStringBuilder.m normal x86_64 objective-c com.apple.compilers.llvm.clang.1_0.compiler (in target 'DTCoreText' from project 'DTCoreText')
    cd /Users/aadityasingh/Documents/Development/element-x-ios/Chatlio.xcodeproj
    
    Using response file: /Users/aadityasingh/Library/Developer/Xcode/DerivedData/Chatlio-erkyzdeecsohoaggpwbjdvavzqfv/Build/Intermediates.noindex/DTCoreText.build/Debug-iphonesimulator/DTCoreText.build/Objects-normal/x86_64/e6072d4f65d7061329687fe24e3d63a7-common-args.resp
    
    /Applications/Xcode.app/Contents/Developer/Toolchains/XcodeDefault.xctoolchain/usr/bin/clang -x objective-c -ivfsstatcache /Users/aadityasingh/Library/Developer/Xcode/DerivedData/SDKStatCaches.noindex/iphonesimulator26.4-23E252-686eebb5dc1d8ecb277353a59184f4aa.sdkstatcache -target x86_64-apple-ios12.0-simulator -fmessage-length\=0 -fdiagnostics-show-note-include-stack -fmacro-backtrace-limit\=0 -fno-color-diagnostics -fmodules-prune-interval\=86400 -fmodules-prune-after\=345600 -fbuild-session-file\=/Users/aadityasingh/Library/Developer/Xcode/DerivedData/ModuleCache.noindex/Session.modulevalidation -fmodules-validate-once-per-build-session -Wnon-modular-include-in-framework-module -Werror\=non-modular-include-in-framework-module -Wno-trigraphs -Wno-missing-field-initializers -Wno-missing-prototypes -Wno-return-type -Wno-implicit-atomic-properties -Wno-objc-interface-ivars -Wno-arc-repeated-use-of-weak -Wno-missing-braces -Wparentheses -Wswitch -Wno-unused-function -Wno-unused-label -Wno-unused-parameter -Wno-unused-variable -Wunused-value -Wno-empty-body -Wno-uninitialized -Wno-unknown-pragmas -w -Wno-shadow -Wno-four-char-constants -Wno-conversion -Wno-constant-conversion -Wno-int-conversion -Wno-bool-conversion -Wno-enum-conversion -Wno-float-conversion -Wno-non-literal-null-conversion -Wno-objc-literal-conversion -Wshorten-64-to-32 -Wpointer-sign -Wno-newline-eof -Wno-selector -Wno-strict-selector-match -Wno-undeclared-selector -Wno-deprecated-implementations -Wno-implicit-fallthrough -isysroot /Applications/Xcode.app/Contents/Developer/Platforms/iPhoneSimulator.platform/Developer/SDKs/iPhoneSimulator26.4.sdk -fstrict-aliasing -Wprotocol -Wdeprecated-declarations -Wno-sign-conversion -Wno-infinite-recursion -Wno-comma -Wno-block-capture-autoreleasing -Wno-strict-prototypes -Wno-semicolon-before-method-body -index-store-path /Users/aadityasingh/Library/Developer/Xcode/DerivedData/Chatlio-erkyzdeecsohoaggpwbjdvavzqfv/Index.noindex/DataStore @/Users/aadityasingh/Library/Developer/Xcode/DerivedData/Chatlio-erkyzdeecsohoaggpwbjdvavzqfv/Build/Intermediates.noindex/DTCoreText.build/Debug-iphonesimulator/DTCoreText.build/Objects-normal/x86_64/e6072d4f65d7061329687fe24e3d63a7-common-args.resp -include /Users/aadityasingh/Library/Developer/Xcode/DerivedData/Chatlio-erkyzdeecsohoaggpwbjdvavzqfv/Build/Intermediates.noindex/DTCoreText.build/Debug-iphonesimulator/DTCoreText.build/DerivedSources/resource_bundle_accessor.h -MMD -MT dependencies -MF /Users/aadityasingh/Library/Developer/Xcode/DerivedData/Chatlio-erkyzdeecsohoaggpwbjdvavzqfv/Build/Intermediates.noindex/DTCoreText.build/Debug-iphonesimulator/DTCoreText.build/Objects-normal/x86_64/DTHTMLAttributedStringBuilder.d --serialize-diagnostics /Users/aadityasingh/Library/Developer/Xcode/DerivedData/Chatlio-erkyzdeecsohoaggpwbjdvavzqfv/Build/Intermediates.noindex/DTCoreText.build/Debug-iphonesimulator/DTCoreText.build/Objects-normal/x86_64/DTHTMLAttributedStringBuilder.dia -c /Users/aadityasingh/Library/Developer/Xcode/DerivedData/Chatlio-erkyzdeecsohoaggpwbjdvavzqfv/SourcePackages/checkouts/DTCoreText/Core/Source/DTHTMLAttributedStringBuilder.m -o /Users/aadityasingh/Library/Developer/Xcode/DerivedData/Chatlio-erkyzdeecsohoaggpwbjdvavzqfv/Build/Intermediates.noindex/DTCoreText.build/Debug-iphonesimulator/DTCoreText.build/Objects-normal/x86_64/DTHTMLAttributedStringBuilder.o -index-unit-output-path /DTCoreText.build/Debug-iphonesimulator/DTCoreText.build/Objects-normal/x86_64/DTHTMLAttributedStringBuilder.o

CompileC /Users/aadityasingh/Library/Developer/Xcode/DerivedData/Chatlio-erkyzdeecsohoaggpwbjdvavzqfv/Build/Intermediates.noindex/DTCoreText.build/Debug-iphonesimulator/DTCoreText.build/Objects-normal/x86_64/DTCoreTextParagraphStyle.o /Users/aadityasingh/Library/Developer/Xcode/DerivedData/Chatlio-erkyzdeecsohoaggpwbjdvavzqfv/SourcePackages/checkouts/DTCoreText/Core/Source/DTCoreTextParagraphStyle.m normal x86_64 objective-c com.apple.compilers.llvm.clang.1_0.compiler (in target 'DTCoreText' from project 'DTCoreText')
    cd /Users/aadityasingh/Documents/Development/element-x-ios/Chatlio.xcodeproj
    
    Using response file: /Users/aadityasingh/Library/Developer/Xcode/DerivedData/Chatlio-erkyzdeecsohoaggpwbjdvavzqfv/Build/Intermediates.noindex/DTCoreText.build/Debug-iphonesimulator/DTCoreText.build/Objects-normal/x86_64/e6072d4f65d7061329687fe24e3d63a7-common-args.resp
    
    /Applications/Xcode.app/Contents/Developer/Toolchains/XcodeDefault.xctoolchain/usr/bin/clang -x objective-c -ivfsstatcache /Users/aadityasingh/Library/Developer/Xcode/DerivedData/SDKStatCaches.noindex/iphonesimulator26.4-23E252-686eebb5dc1d8ecb277353a59184f4aa.sdkstatcache -target x86_64-apple-ios12.0-simulator -fmessage-length\=0 -fdiagnostics-show-note-include-stack -fmacro-backtrace-limit\=0 -fno-color-diagnostics -fmodules-prune-interval\=86400 -fmodules-prune-after\=345600 -fbuild-session-file\=/Users/aadityasingh/Library/Developer/Xcode/DerivedData/ModuleCache.noindex/Session.modulevalidation -fmodules-validate-once-per-build-session -Wnon-modular-include-in-framework-module -Werror\=non-modular-include-in-framework-module -Wno-trigraphs -Wno-missing-field-initializers -Wno-missing-prototypes -Wno-return-type -Wno-implicit-atomic-properties -Wno-objc-interface-ivars -Wno-arc-repeated-use-of-weak -Wno-missing-braces -Wparentheses -Wswitch -Wno-unused-function -Wno-unused-label -Wno-unused-parameter -Wno-unused-variable -Wunused-value -Wno-empty-body -Wno-uninitialized -Wno-unknown-pragmas -w -Wno-shadow -Wno-four-char-constants -Wno-conversion -Wno-constant-conversion -Wno-int-conversion -Wno-bool-conversion -Wno-enum-conversion -Wno-float-conversion -Wno-non-literal-null-conversion -Wno-objc-literal-conversion -Wshorten-64-to-32 -Wpointer-sign -Wno-newline-eof -Wno-selector -Wno-strict-selector-match -Wno-undeclared-selector -Wno-deprecated-implementations -Wno-implicit-fallthrough -isysroot /Applications/Xcode.app/Contents/Developer/Platforms/iPhoneSimulator.platform/Developer/SDKs/iPhoneSimulator26.4.sdk -fstrict-aliasing -Wprotocol -Wdeprecated-declarations -Wno-sign-conversion -Wno-infinite-recursion -Wno-comma -Wno-block-capture-autoreleasing -Wno-strict-prototypes -Wno-semicolon-before-method-body -index-store-path /Users/aadityasingh/Library/Developer/Xcode/DerivedData/Chatlio-erkyzdeecsohoaggpwbjdvavzqfv/Index.noindex/DataStore @/Users/aadityasingh/Library/Developer/Xcode/DerivedData/Chatlio-erkyzdeecsohoaggpwbjdvavzqfv/Build/Intermediates.noindex/DTCoreText.build/Debug-iphonesimulator/DTCoreText.build/Objects-normal/x86_64/e6072d4f65d7061329687fe24e3d63a7-common-args.resp -include /Users/aadityasingh/Library/Developer/Xcode/DerivedData/Chatlio-erkyzdeecsohoaggpwbjdvavzqfv/Build/Intermediates.noindex/DTCoreText.build/Debug-iphonesimulator/DTCoreText.build/DerivedSources/resource_bundle_accessor.h -MMD -MT dependencies -MF /Users/aadityasingh/Library/Developer/Xcode/DerivedData/Chatlio-erkyzdeecsohoaggpwbjdvavzqfv/Build/Intermediates.noindex/DTCoreText.build/Debug-iphonesimulator/DTCoreText.build/Objects-normal/x86_64/DTCoreTextParagraphStyle.d --serialize-diagnostics /Users/aadityasingh/Library/Developer/Xcode/DerivedData/Chatlio-erkyzdeecsohoaggpwbjdvavzqfv/Build/Intermediates.noindex/DTCoreText.build/Debug-iphonesimulator/DTCoreText.build/Objects-normal/x86_64/DTCoreTextParagraphStyle.dia -c /Users/aadityasingh/Library/Developer/Xcode/DerivedData/Chatlio-erkyzdeecsohoaggpwbjdvavzqfv/SourcePackages/checkouts/DTCoreText/Core/Source/DTCoreTextParagraphStyle.m -o /Users/aadityasingh/Library/Developer/Xcode/DerivedData/Chatlio-erkyzdeecsohoaggpwbjdvavzqfv/Build/Intermediates.noindex/DTCoreText.build/Debug-iphonesimulator/DTCoreText.build/Objects-normal/x86_64/DTCoreTextParagraphStyle.o -index-unit-output-path /DTCoreText.build/Debug-iphonesimulator/DTCoreText.build/Objects-normal/x86_64/DTCoreTextParagraphStyle.o

CompileC /Users/aadityasingh/Library/Developer/Xcode/DerivedData/Chatlio-erkyzdeecsohoaggpwbjdvavzqfv/Build/Intermediates.noindex/DTCoreText.build/Debug-iphonesimulator/DTCoreText.build/Objects-normal/x86_64/DTCoreTextLayoutFrame.o /Users/aadityasingh/Library/Developer/Xcode/DerivedData/Chatlio-erkyzdeecsohoaggpwbjdvavzqfv/SourcePackages/checkouts/DTCoreText/Core/Source/DTCoreTextLayoutFrame.m normal x86_64 objective-c com.apple.compilers.llvm.clang.1_0.compiler (in target 'DTCoreText' from project 'DTCoreText')
    cd /Users/aadityasingh/Documents/Development/element-x-ios/Chatlio.xcodeproj
    
    Using response file: /Users/aadityasingh/Library/Developer/Xcode/DerivedData/Chatlio-erkyzdeecsohoaggpwbjdvavzqfv/Build/Intermediates.noindex/DTCoreText.build/Debug-iphonesimulator/DTCoreText.build/Objects-normal/x86_64/e6072d4f65d7061329687fe24e3d63a7-common-args.resp
    
    /Applications/Xcode.app/Contents/Developer/Toolchains/XcodeDefault.xctoolchain/usr/bin/clang -x objective-c -ivfsstatcache /Users/aadityasingh/Library/Developer/Xcode/DerivedData/SDKStatCaches.noindex/iphonesimulator26.4-23E252-686eebb5dc1d8ecb277353a59184f4aa.sdkstatcache -target x86_64-apple-ios12.0-simulator -fmessage-length\=0 -fdiagnostics-show-note-include-stack -fmacro-backtrace-limit\=0 -fno-color-diagnostics -fmodules-prune-interval\=86400 -fmodules-prune-after\=345600 -fbuild-session-file\=/Users/aadityasingh/Library/Developer/Xcode/DerivedData/ModuleCache.noindex/Session.modulevalidation -fmodules-validate-once-per-build-session -Wnon-modular-include-in-framework-module -Werror\=non-modular-include-in-framework-module -Wno-trigraphs -Wno-missing-field-initializers -Wno-missing-prototypes -Wno-return-type -Wno-implicit-atomic-properties -Wno-objc-interface-ivars -Wno-arc-repeated-use-of-weak -Wno-missing-braces -Wparentheses -Wswitch -Wno-unused-function -Wno-unused-label -Wno-unused-parameter -Wno-unused-variable -Wunused-value -Wno-empty-body -Wno-uninitialized -Wno-unknown-pragmas -w -Wno-shadow -Wno-four-char-constants -Wno-conversion -Wno-constant-conversion -Wno-int-conversion -Wno-bool-conversion -Wno-enum-conversion -Wno-float-conversion -Wno-non-literal-null-conversion -Wno-objc-literal-conversion -Wshorten-64-to-32 -Wpointer-sign -Wno-newline-eof -Wno-selector -Wno-strict-selector-match -Wno-undeclared-selector -Wno-deprecated-implementations -Wno-implicit-fallthrough -isysroot /Applications/Xcode.app/Contents/Developer/Platforms/iPhoneSimulator.platform/Developer/SDKs/iPhoneSimulator26.4.sdk -fstrict-aliasing -Wprotocol -Wdeprecated-declarations -Wno-sign-conversion -Wno-infinite-recursion -Wno-comma -Wno-block-capture-autoreleasing -Wno-strict-prototypes -Wno-semicolon-before-method-body -index-store-path /Users/aadityasingh/Library/Developer/Xcode/DerivedData/Chatlio-erkyzdeecsohoaggpwbjdvavzqfv/Index.noindex/DataStore @/Users/aadityasingh/Library/Developer/Xcode/DerivedData/Chatlio-erkyzdeecsohoaggpwbjdvavzqfv/Build/Intermediates.noindex/DTCoreText.build/Debug-iphonesimulator/DTCoreText.build/Objects-normal/x86_64/e6072d4f65d7061329687fe24e3d63a7-common-args.resp -include /Users/aadityasingh/Library/Developer/Xcode/DerivedData/Chatlio-erkyzdeecsohoaggpwbjdvavzqfv/Build/Intermediates.noindex/DTCoreText.build/Debug-iphonesimulator/DTCoreText.build/DerivedSources/resource_bundle_accessor.h -MMD -MT dependencies -MF /Users/aadityasingh/Library/Developer/Xcode/DerivedData/Chatlio-erkyzdeecsohoaggpwbjdvavzqfv/Build/Intermediates.noindex/DTCoreText.build/Debug-iphonesimulator/DTCoreText.build/Objects-normal/x86_64/DTCoreTextLayoutFrame.d --serialize-diagnostics /Users/aadityasingh/Library/Developer/Xcode/DerivedData/Chatlio-erkyzdeecsohoaggpwbjdvavzqfv/Build/Intermediates.noindex/DTCoreText.build/Debug-iphonesimulator/DTCoreText.build/Objects-normal/x86_64/DTCoreTextLayoutFrame.dia -c /Users/aadityasingh/Library/Developer/Xcode/DerivedData/Chatlio-erkyzdeecsohoaggpwbjdvavzqfv/SourcePackages/checkouts/DTCoreText/Core/Source/DTCoreTextLayoutFrame.m -o /Users/aadityasingh/Library/Developer/Xcode/DerivedData/Chatlio-erkyzdeecsohoaggpwbjdvavzqfv/Build/Intermediates.noindex/DTCoreText.build/Debug-iphonesimulator/DTCoreText.build/Objects-normal/x86_64/DTCoreTextLayoutFrame.o -index-unit-output-path /DTCoreText.build/Debug-iphonesimulator/DTCoreText.build/Objects-normal/x86_64/DTCoreTextLayoutFrame.o

CompileC /Users/aadityasingh/Library/Developer/Xcode/DerivedData/Chatlio-erkyzdeecsohoaggpwbjdvavzqfv/Build/Intermediates.noindex/DTCoreText.build/Debug-iphonesimulator/DTCoreText.build/Objects-normal/x86_64/DTCoreTextGlyphRun.o /Users/aadityasingh/Library/Developer/Xcode/DerivedData/Chatlio-erkyzdeecsohoaggpwbjdvavzqfv/SourcePackages/checkouts/DTCoreText/Core/Source/DTCoreTextGlyphRun.m normal x86_64 objective-c com.apple.compilers.llvm.clang.1_0.compiler (in target 'DTCoreText' from project 'DTCoreText')
    cd /Users/aadityasingh/Documents/Development/element-x-ios/Chatlio.xcodeproj
    
    Using response file: /Users/aadityasingh/Library/Developer/Xcode/DerivedData/Chatlio-erkyzdeecsohoaggpwbjdvavzqfv/Build/Intermediates.noindex/DTCoreText.build/Debug-iphonesimulator/DTCoreText.build/Objects-normal/x86_64/e6072d4f65d7061329687fe24e3d63a7-common-args.resp
    
    /Applications/Xcode.app/Contents/Developer/Toolchains/XcodeDefault.xctoolchain/usr/bin/clang -x objective-c -ivfsstatcache /Users/aadityasingh/Library/Developer/Xcode/DerivedData/SDKStatCaches.noindex/iphonesimulator26.4-23E252-686eebb5dc1d8ecb277353a59184f4aa.sdkstatcache -target x86_64-apple-ios12.0-simulator -fmessage-length\=0 -fdiagnostics-show-note-include-stack -fmacro-backtrace-limit\=0 -fno-color-diagnostics -fmodules-prune-interval\=86400 -fmodules-prune-after\=345600 -fbuild-session-file\=/Users/aadityasingh/Library/Developer/Xcode/DerivedData/ModuleCache.noindex/Session.modulevalidation -fmodules-validate-once-per-build-session -Wnon-modular-include-in-framework-module -Werror\=non-modular-include-in-framework-module -Wno-trigraphs -Wno-missing-field-initializers -Wno-missing-prototypes -Wno-return-type -Wno-implicit-atomic-properties -Wno-objc-interface-ivars -Wno-arc-repeated-use-of-weak -Wno-missing-braces -Wparentheses -Wswitch -Wno-unused-function -Wno-unused-label -Wno-unused-parameter -Wno-unused-variable -Wunused-value -Wno-empty-body -Wno-uninitialized -Wno-unknown-pragmas -w -Wno-shadow -Wno-four-char-constants -Wno-conversion -Wno-constant-conversion -Wno-int-conversion -Wno-bool-conversion -Wno-enum-conversion -Wno-float-conversion -Wno-non-literal-null-conversion -Wno-objc-literal-conversion -Wshorten-64-to-32 -Wpointer-sign -Wno-newline-eof -Wno-selector -Wno-strict-selector-match -Wno-undeclared-selector -Wno-deprecated-implementations -Wno-implicit-fallthrough -isysroot /Applications/Xcode.app/Contents/Developer/Platforms/iPhoneSimulator.platform/Developer/SDKs/iPhoneSimulator26.4.sdk -fstrict-aliasing -Wprotocol -Wdeprecated-declarations -Wno-sign-conversion -Wno-infinite-recursion -Wno-comma -Wno-block-capture-autoreleasing -Wno-strict-prototypes -Wno-semicolon-before-method-body -index-store-path /Users/aadityasingh/Library/Developer/Xcode/DerivedData/Chatlio-erkyzdeecsohoaggpwbjdvavzqfv/Index.noindex/DataStore @/Users/aadityasingh/Library/Developer/Xcode/DerivedData/Chatlio-erkyzdeecsohoaggpwbjdvavzqfv/Build/Intermediates.noindex/DTCoreText.build/Debug-iphonesimulator/DTCoreText.build/Objects-normal/x86_64/e6072d4f65d7061329687fe24e3d63a7-common-args.resp -include /Users/aadityasingh/Library/Developer/Xcode/DerivedData/Chatlio-erkyzdeecsohoaggpwbjdvavzqfv/Build/Intermediates.noindex/DTCoreText.build/Debug-iphonesimulator/DTCoreText.build/DerivedSources/resource_bundle_accessor.h -MMD -MT dependencies -MF /Users/aadityasingh/Library/Developer/Xcode/DerivedData/Chatlio-erkyzdeecsohoaggpwbjdvavzqfv/Build/Intermediates.noindex/DTCoreText.build/Debug-iphonesimulator/DTCoreText.build/Objects-normal/x86_64/DTCoreTextGlyphRun.d --serialize-diagnostics /Users/aadityasingh/Library/Developer/Xcode/DerivedData/Chatlio-erkyzdeecsohoaggpwbjdvavzqfv/Build/Intermediates.noindex/DTCoreText.build/Debug-iphonesimulator/DTCoreText.build/Objects-normal/x86_64/DTCoreTextGlyphRun.dia -c /Users/aadityasingh/Library/Developer/Xcode/DerivedData/Chatlio-erkyzdeecsohoaggpwbjdvavzqfv/SourcePackages/checkouts/DTCoreText/Core/Source/DTCoreTextGlyphRun.m -o /Users/aadityasingh/Library/Developer/Xcode/DerivedData/Chatlio-erkyzdeecsohoaggpwbjdvavzqfv/Build/Intermediates.noindex/DTCoreText.build/Debug-iphonesimulator/DTCoreText.build/Objects-normal/x86_64/DTCoreTextGlyphRun.o -index-unit-output-path /DTCoreText.build/Debug-iphonesimulator/DTCoreText.build/Objects-normal/x86_64/DTCoreTextGlyphRun.o

CompileC /Users/aadityasingh/Library/Developer/Xcode/DerivedData/Chatlio-erkyzdeecsohoaggpwbjdvavzqfv/Build/Intermediates.noindex/DTCoreText.build/Debug-iphonesimulator/DTCoreText.build/Objects-normal/x86_64/DTCoreTextFunctions.o /Users/aadityasingh/Library/Developer/Xcode/DerivedData/Chatlio-erkyzdeecsohoaggpwbjdvavzqfv/SourcePackages/checkouts/DTCoreText/Core/Source/DTCoreTextFunctions.m normal x86_64 objective-c com.apple.compilers.llvm.clang.1_0.compiler (in target 'DTCoreText' from project 'DTCoreText')
    cd /Users/aadityasingh/Documents/Development/element-x-ios/Chatlio.xcodeproj
    
    Using response file: /Users/aadityasingh/Library/Developer/Xcode/DerivedData/Chatlio-erkyzdeecsohoaggpwbjdvavzqfv/Build/Intermediates.noindex/DTCoreText.build/Debug-iphonesimulator/DTCoreText.build/Objects-normal/x86_64/e6072d4f65d7061329687fe24e3d63a7-common-args.resp
    
    /Applications/Xcode.app/Contents/Developer/Toolchains/XcodeDefault.xctoolchain/usr/bin/clang -x objective-c -ivfsstatcache /Users/aadityasingh/Library/Developer/Xcode/DerivedData/SDKStatCaches.noindex/iphonesimulator26.4-23E252-686eebb5dc1d8ecb277353a59184f4aa.sdkstatcache -target x86_64-apple-ios12.0-simulator -fmessage-length\=0 -fdiagnostics-show-note-include-stack -fmacro-backtrace-limit\=0 -fno-color-diagnostics -fmodules-prune-interval\=86400 -fmodules-prune-after\=345600 -fbuild-session-file\=/Users/aadityasingh/Library/Developer/Xcode/DerivedData/ModuleCache.noindex/Session.modulevalidation -fmodules-validate-once-per-build-session -Wnon-modular-include-in-framework-module -Werror\=non-modular-include-in-framework-module -Wno-trigraphs -Wno-missing-field-initializers -Wno-missing-prototypes -Wno-return-type -Wno-implicit-atomic-properties -Wno-objc-interface-ivars -Wno-arc-repeated-use-of-weak -Wno-missing-braces -Wparentheses -Wswitch -Wno-unused-function -Wno-unused-label -Wno-unused-parameter -Wno-unused-variable -Wunused-value -Wno-empty-body -Wno-uninitialized -Wno-unknown-pragmas -w -Wno-shadow -Wno-four-char-constants -Wno-conversion -Wno-constant-conversion -Wno-int-conversion -Wno-bool-conversion -Wno-enum-conversion -Wno-float-conversion -Wno-non-literal-null-conversion -Wno-objc-literal-conversion -Wshorten-64-to-32 -Wpointer-sign -Wno-newline-eof -Wno-selector -Wno-strict-selector-match -Wno-undeclared-selector -Wno-deprecated-implementations -Wno-implicit-fallthrough -isysroot /Applications/Xcode.app/Contents/Developer/Platforms/iPhoneSimulator.platform/Developer/SDKs/iPhoneSimulator26.4.sdk -fstrict-aliasing -Wprotocol -Wdeprecated-declarations -Wno-sign-conversion -Wno-infinite-recursion -Wno-comma -Wno-block-capture-autoreleasing -Wno-strict-prototypes -Wno-semicolon-before-method-body -index-store-path /Users/aadityasingh/Library/Developer/Xcode/DerivedData/Chatlio-erkyzdeecsohoaggpwbjdvavzqfv/Index.noindex/DataStore @/Users/aadityasingh/Library/Developer/Xcode/DerivedData/Chatlio-erkyzdeecsohoaggpwbjdvavzqfv/Build/Intermediates.noindex/DTCoreText.build/Debug-iphonesimulator/DTCoreText.build/Objects-normal/x86_64/e6072d4f65d7061329687fe24e3d63a7-common-args.resp -include /Users/aadityasingh/Library/Developer/Xcode/DerivedData/Chatlio-erkyzdeecsohoaggpwbjdvavzqfv/Build/Intermediates.noindex/DTCoreText.build/Debug-iphonesimulator/DTCoreText.build/DerivedSources/resource_bundle_accessor.h -MMD -MT dependencies -MF /Users/aadityasingh/Library/Developer/Xcode/DerivedData/Chatlio-erkyzdeecsohoaggpwbjdvavzqfv/Build/Intermediates.noindex/DTCoreText.build/Debug-iphonesimulator/DTCoreText.build/Objects-normal/x86_64/DTCoreTextFunctions.d --serialize-diagnostics /Users/aadityasingh/Library/Developer/Xcode/DerivedData/Chatlio-erkyzdeecsohoaggpwbjdvavzqfv/Build/Intermediates.noindex/DTCoreText.build/Debug-iphonesimulator/DTCoreText.build/Objects-normal/x86_64/DTCoreTextFunctions.dia -c /Users/aadityasingh/Library/Developer/Xcode/DerivedData/Chatlio-erkyzdeecsohoaggpwbjdvavzqfv/SourcePackages/checkouts/DTCoreText/Core/Source/DTCoreTextFunctions.m -o /Users/aadityasingh/Library/Developer/Xcode/DerivedData/Chatlio-erkyzdeecsohoaggpwbjdvavzqfv/Build/Intermediates.noindex/DTCoreText.build/Debug-iphonesimulator/DTCoreText.build/Objects-normal/x86_64/DTCoreTextFunctions.o -index-unit-output-path /DTCoreText.build/Debug-iphonesimulator/DTCoreText.build/Objects-normal/x86_64/DTCoreTextFunctions.o

CompileC /Users/aadityasingh/Library/Developer/Xcode/DerivedData/Chatlio-erkyzdeecsohoaggpwbjdvavzqfv/Build/Intermediates.noindex/DTCoreText.build/Debug-iphonesimulator/DTCoreText.build/Objects-normal/x86_64/DTCSSStylesheet.o /Users/aadityasingh/Library/Developer/Xcode/DerivedData/Chatlio-erkyzdeecsohoaggpwbjdvavzqfv/SourcePackages/checkouts/DTCoreText/Core/Source/DTCSSStylesheet.m normal x86_64 objective-c com.apple.compilers.llvm.clang.1_0.compiler (in target 'DTCoreText' from project 'DTCoreText')
    cd /Users/aadityasingh/Documents/Development/element-x-ios/Chatlio.xcodeproj
    
    Using response file: /Users/aadityasingh/Library/Developer/Xcode/DerivedData/Chatlio-erkyzdeecsohoaggpwbjdvavzqfv/Build/Intermediates.noindex/DTCoreText.build/Debug-iphonesimulator/DTCoreText.build/Objects-normal/x86_64/e6072d4f65d7061329687fe24e3d63a7-common-args.resp
    
    /Applications/Xcode.app/Contents/Developer/Toolchains/XcodeDefault.xctoolchain/usr/bin/clang -x objective-c -ivfsstatcache /Users/aadityasingh/Library/Developer/Xcode/DerivedData/SDKStatCaches.noindex/iphonesimulator26.4-23E252-686eebb5dc1d8ecb277353a59184f4aa.sdkstatcache -target x86_64-apple-ios12.0-simulator -fmessage-length\=0 -fdiagnostics-show-note-include-stack -fmacro-backtrace-limit\=0 -fno-color-diagnostics -fmodules-prune-interval\=86400 -fmodules-prune-after\=345600 -fbuild-session-file\=/Users/aadityasingh/Library/Developer/Xcode/DerivedData/ModuleCache.noindex/Session.modulevalidation -fmodules-validate-once-per-build-session -Wnon-modular-include-in-framework-module -Werror\=non-modular-include-in-framework-module -Wno-trigraphs -Wno-missing-field-initializers -Wno-missing-prototypes -Wno-return-type -Wno-implicit-atomic-properties -Wno-objc-interface-ivars -Wno-arc-repeated-use-of-weak -Wno-missing-braces -Wparentheses -Wswitch -Wno-unused-function -Wno-unused-label -Wno-unused-parameter -Wno-unused-variable -Wunused-value -Wno-empty-body -Wno-uninitialized -Wno-unknown-pragmas -w -Wno-shadow -Wno-four-char-constants -Wno-conversion -Wno-constant-conversion -Wno-int-conversion -Wno-bool-conversion -Wno-enum-conversion -Wno-float-conversion -Wno-non-literal-null-conversion -Wno-objc-literal-conversion -Wshorten-64-to-32 -Wpointer-sign -Wno-newline-eof -Wno-selector -Wno-strict-selector-match -Wno-undeclared-selector -Wno-deprecated-implementations -Wno-implicit-fallthrough -isysroot /Applications/Xcode.app/Contents/Developer/Platforms/iPhoneSimulator.platform/Developer/SDKs/iPhoneSimulator26.4.sdk -fstrict-aliasing -Wprotocol -Wdeprecated-declarations -Wno-sign-conversion -Wno-infinite-recursion -Wno-comma -Wno-block-capture-autoreleasing -Wno-strict-prototypes -Wno-semicolon-before-method-body -index-store-path /Users/aadityasingh/Library/Developer/Xcode/DerivedData/Chatlio-erkyzdeecsohoaggpwbjdvavzqfv/Index.noindex/DataStore @/Users/aadityasingh/Library/Developer/Xcode/DerivedData/Chatlio-erkyzdeecsohoaggpwbjdvavzqfv/Build/Intermediates.noindex/DTCoreText.build/Debug-iphonesimulator/DTCoreText.build/Objects-normal/x86_64/e6072d4f65d7061329687fe24e3d63a7-common-args.resp -include /Users/aadityasingh/Library/Developer/Xcode/DerivedData/Chatlio-erkyzdeecsohoaggpwbjdvavzqfv/Build/Intermediates.noindex/DTCoreText.build/Debug-iphonesimulator/DTCoreText.build/DerivedSources/resource_bundle_accessor.h -MMD -MT dependencies -MF /Users/aadityasingh/Library/Developer/Xcode/DerivedData/Chatlio-erkyzdeecsohoaggpwbjdvavzqfv/Build/Intermediates.noindex/DTCoreText.build/Debug-iphonesimulator/DTCoreText.build/Objects-normal/x86_64/DTCSSStylesheet.d --serialize-diagnostics /Users/aadityasingh/Library/Developer/Xcode/DerivedData/Chatlio-erkyzdeecsohoaggpwbjdvavzqfv/Build/Intermediates.noindex/DTCoreText.build/Debug-iphonesimulator/DTCoreText.build/Objects-normal/x86_64/DTCSSStylesheet.dia -c /Users/aadityasingh/Library/Developer/Xcode/DerivedData/Chatlio-erkyzdeecsohoaggpwbjdvavzqfv/SourcePackages/checkouts/DTCoreText/Core/Source/DTCSSStylesheet.m -o /Users/aadityasingh/Library/Developer/Xcode/DerivedData/Chatlio-erkyzdeecsohoaggpwbjdvavzqfv/Build/Intermediates.noindex/DTCoreText.build/Debug-iphonesimulator/DTCoreText.build/Objects-normal/x86_64/DTCSSStylesheet.o -index-unit-output-path /DTCoreText.build/Debug-iphonesimulator/DTCoreText.build/Objects-normal/x86_64/DTCSSStylesheet.o

CompileC /Users/aadityasingh/Library/Developer/Xcode/DerivedData/Chatlio-erkyzdeecsohoaggpwbjdvavzqfv/Build/Intermediates.noindex/DTCoreText.build/Debug-iphonesimulator/DTCoreText.build/Objects-normal/x86_64/DTBreakHTMLElement.o /Users/aadityasingh/Library/Developer/Xcode/DerivedData/Chatlio-erkyzdeecsohoaggpwbjdvavzqfv/SourcePackages/checkouts/DTCoreText/Core/Source/DTBreakHTMLElement.m normal x86_64 objective-c com.apple.compilers.llvm.clang.1_0.compiler (in target 'DTCoreText' from project 'DTCoreText')
    cd /Users/aadityasingh/Documents/Development/element-x-ios/Chatlio.xcodeproj
    
    Using response file: /Users/aadityasingh/Library/Developer/Xcode/DerivedData/Chatlio-erkyzdeecsohoaggpwbjdvavzqfv/Build/Intermediates.noindex/DTCoreText.build/Debug-iphonesimulator/DTCoreText.build/Objects-normal/x86_64/e6072d4f65d7061329687fe24e3d63a7-common-args.resp
    
    /Applications/Xcode.app/Contents/Developer/Toolchains/XcodeDefault.xctoolchain/usr/bin/clang -x objective-c -ivfsstatcache /Users/aadityasingh/Library/Developer/Xcode/DerivedData/SDKStatCaches.noindex/iphonesimulator26.4-23E252-686eebb5dc1d8ecb277353a59184f4aa.sdkstatcache -target x86_64-apple-ios12.0-simulator -fmessage-length\=0 -fdiagnostics-show-note-include-stack -fmacro-backtrace-limit\=0 -fno-color-diagnostics -fmodules-prune-interval\=86400 -fmodules-prune-after\=345600 -fbuild-session-file\=/Users/aadityasingh/Library/Developer/Xcode/DerivedData/ModuleCache.noindex/Session.modulevalidation -fmodules-validate-once-per-build-session -Wnon-modular-include-in-framework-module -Werror\=non-modular-include-in-framework-module -Wno-trigraphs -Wno-missing-field-initializers -Wno-missing-prototypes -Wno-return-type -Wno-implicit-atomic-properties -Wno-objc-interface-ivars -Wno-arc-repeated-use-of-weak -Wno-missing-braces -Wparentheses -Wswitch -Wno-unused-function -Wno-unused-label -Wno-unused-parameter -Wno-unused-variable -Wunused-value -Wno-empty-body -Wno-uninitialized -Wno-unknown-pragmas -w -Wno-shadow -Wno-four-char-constants -Wno-conversion -Wno-constant-conversion -Wno-int-conversion -Wno-bool-conversion -Wno-enum-conversion -Wno-float-conversion -Wno-non-literal-null-conversion -Wno-objc-literal-conversion -Wshorten-64-to-32 -Wpointer-sign -Wno-newline-eof -Wno-selector -Wno-strict-selector-match -Wno-undeclared-selector -Wno-deprecated-implementations -Wno-implicit-fallthrough -isysroot /Applications/Xcode.app/Contents/Developer/Platforms/iPhoneSimulator.platform/Developer/SDKs/iPhoneSimulator26.4.sdk -fstrict-aliasing -Wprotocol -Wdeprecated-declarations -Wno-sign-conversion -Wno-infinite-recursion -Wno-comma -Wno-block-capture-autoreleasing -Wno-strict-prototypes -Wno-semicolon-before-method-body -index-store-path /Users/aadityasingh/Library/Developer/Xcode/DerivedData/Chatlio-erkyzdeecsohoaggpwbjdvavzqfv/Index.noindex/DataStore @/Users/aadityasingh/Library/Developer/Xcode/DerivedData/Chatlio-erkyzdeecsohoaggpwbjdvavzqfv/Build/Intermediates.noindex/DTCoreText.build/Debug-iphonesimulator/DTCoreText.build/Objects-normal/x86_64/e6072d4f65d7061329687fe24e3d63a7-common-args.resp -include /Users/aadityasingh/Library/Developer/Xcode/DerivedData/Chatlio-erkyzdeecsohoaggpwbjdvavzqfv/Build/Intermediates.noindex/DTCoreText.build/Debug-iphonesimulator/DTCoreText.build/DerivedSources/resource_bundle_accessor.h -MMD -MT dependencies -MF /Users/aadityasingh/Library/Developer/Xcode/DerivedData/Chatlio-erkyzdeecsohoaggpwbjdvavzqfv/Build/Intermediates.noindex/DTCoreText.build/Debug-iphonesimulator/DTCoreText.build/Objects-normal/x86_64/DTBreakHTMLElement.d --serialize-diagnostics /Users/aadityasingh/Library/Developer/Xcode/DerivedData/Chatlio-erkyzdeecsohoaggpwbjdvavzqfv/Build/Intermediates.noindex/DTCoreText.build/Debug-iphonesimulator/DTCoreText.build/Objects-normal/x86_64/DTBreakHTMLElement.dia -c /Users/aadityasingh/Library/Developer/Xcode/DerivedData/Chatlio-erkyzdeecsohoaggpwbjdvavzqfv/SourcePackages/checkouts/DTCoreText/Core/Source/DTBreakHTMLElement.m -o /Users/aadityasingh/Library/Developer/Xcode/DerivedData/Chatlio-erkyzdeecsohoaggpwbjdvavzqfv/Build/Intermediates.noindex/DTCoreText.build/Debug-iphonesimulator/DTCoreText.build/Objects-normal/x86_64/DTBreakHTMLElement.o -index-unit-output-path /DTCoreText.build/Debug-iphonesimulator/DTCoreText.build/Objects-normal/x86_64/DTBreakHTMLElement.o

CompileC /Users/aadityasingh/Library/Developer/Xcode/DerivedData/Chatlio-erkyzdeecsohoaggpwbjdvavzqfv/Build/Intermediates.noindex/DTCoreText.build/Debug-iphonesimulator/DTCoreText.build/Objects-normal/x86_64/DTAttributedTextView.o /Users/aadityasingh/Library/Developer/Xcode/DerivedData/Chatlio-erkyzdeecsohoaggpwbjdvavzqfv/SourcePackages/checkouts/DTCoreText/Core/Source/DTAttributedTextView.m normal x86_64 objective-c com.apple.compilers.llvm.clang.1_0.compiler (in target 'DTCoreText' from project 'DTCoreText')
    cd /Users/aadityasingh/Documents/Development/element-x-ios/Chatlio.xcodeproj
    
    Using response file: /Users/aadityasingh/Library/Developer/Xcode/DerivedData/Chatlio-erkyzdeecsohoaggpwbjdvavzqfv/Build/Intermediates.noindex/DTCoreText.build/Debug-iphonesimulator/DTCoreText.build/Objects-normal/x86_64/e6072d4f65d7061329687fe24e3d63a7-common-args.resp
    
    /Applications/Xcode.app/Contents/Developer/Toolchains/XcodeDefault.xctoolchain/usr/bin/clang -x objective-c -ivfsstatcache /Users/aadityasingh/Library/Developer/Xcode/DerivedData/SDKStatCaches.noindex/iphonesimulator26.4-23E252-686eebb5dc1d8ecb277353a59184f4aa.sdkstatcache -target x86_64-apple-ios12.0-simulator -fmessage-length\=0 -fdiagnostics-show-note-include-stack -fmacro-backtrace-limit\=0 -fno-color-diagnostics -fmodules-prune-interval\=86400 -fmodules-prune-after\=345600 -fbuild-session-file\=/Users/aadityasingh/Library/Developer/Xcode/DerivedData/ModuleCache.noindex/Session.modulevalidation -fmodules-validate-once-per-build-session -Wnon-modular-include-in-framework-module -Werror\=non-modular-include-in-framework-module -Wno-trigraphs -Wno-missing-field-initializers -Wno-missing-prototypes -Wno-return-type -Wno-implicit-atomic-properties -Wno-objc-interface-ivars -Wno-arc-repeated-use-of-weak -Wno-missing-braces -Wparentheses -Wswitch -Wno-unused-function -Wno-unused-label -Wno-unused-parameter -Wno-unused-variable -Wunused-value -Wno-empty-body -Wno-uninitialized -Wno-unknown-pragmas -w -Wno-shadow -Wno-four-char-constants -Wno-conversion -Wno-constant-conversion -Wno-int-conversion -Wno-bool-conversion -Wno-enum-conversion -Wno-float-conversion -Wno-non-literal-null-conversion -Wno-objc-literal-conversion -Wshorten-64-to-32 -Wpointer-sign -Wno-newline-eof -Wno-selector -Wno-strict-selector-match -Wno-undeclared-selector -Wno-deprecated-implementations -Wno-implicit-fallthrough -isysroot /Applications/Xcode.app/Contents/Developer/Platforms/iPhoneSimulator.platform/Developer/SDKs/iPhoneSimulator26.4.sdk -fstrict-aliasing -Wprotocol -Wdeprecated-declarations -Wno-sign-conversion -Wno-infinite-recursion -Wno-comma -Wno-block-capture-autoreleasing -Wno-strict-prototypes -Wno-semicolon-before-method-body -index-store-path /Users/aadityasingh/Library/Developer/Xcode/DerivedData/Chatlio-erkyzdeecsohoaggpwbjdvavzqfv/Index.noindex/DataStore @/Users/aadityasingh/Library/Developer/Xcode/DerivedData/Chatlio-erkyzdeecsohoaggpwbjdvavzqfv/Build/Intermediates.noindex/DTCoreText.build/Debug-iphonesimulator/DTCoreText.build/Objects-normal/x86_64/e6072d4f65d7061329687fe24e3d63a7-common-args.resp -include /Users/aadityasingh/Library/Developer/Xcode/DerivedData/Chatlio-erkyzdeecsohoaggpwbjdvavzqfv/Build/Intermediates.noindex/DTCoreText.build/Debug-iphonesimulator/DTCoreText.build/DerivedSources/resource_bundle_accessor.h -MMD -MT dependencies -MF /Users/aadityasingh/Library/Developer/Xcode/DerivedData/Chatlio-erkyzdeecsohoaggpwbjdvavzqfv/Build/Intermediates.noindex/DTCoreText.build/Debug-iphonesimulator/DTCoreText.build/Objects-normal/x86_64/DTAttributedTextView.d --serialize-diagnostics /Users/aadityasingh/Library/Developer/Xcode/DerivedData/Chatlio-erkyzdeecsohoaggpwbjdvavzqfv/Build/Intermediates.noindex/DTCoreText.build/Debug-iphonesimulator/DTCoreText.build/Objects-normal/x86_64/DTAttributedTextView.dia -c /Users/aadityasingh/Library/Developer/Xcode/DerivedData/Chatlio-erkyzdeecsohoaggpwbjdvavzqfv/SourcePackages/checkouts/DTCoreText/Core/Source/DTAttributedTextView.m -o /Users/aadityasingh/Library/Developer/Xcode/DerivedData/Chatlio-erkyzdeecsohoaggpwbjdvavzqfv/Build/Intermediates.noindex/DTCoreText.build/Debug-iphonesimulator/DTCoreText.build/Objects-normal/x86_64/DTAttributedTextView.o -index-unit-output-path /DTCoreText.build/Debug-iphonesimulator/DTCoreText.build/Objects-normal/x86_64/DTAttributedTextView.o

CompileC /Users/aadityasingh/Library/Developer/Xcode/DerivedData/Chatlio-erkyzdeecsohoaggpwbjdvavzqfv/Build/Intermediates.noindex/DTCoreText.build/Debug-iphonesimulator/DTCoreText.build/Objects-normal/x86_64/DTAttributedTextContentView.o /Users/aadityasingh/Library/Developer/Xcode/DerivedData/Chatlio-erkyzdeecsohoaggpwbjdvavzqfv/SourcePackages/checkouts/DTCoreText/Core/Source/DTAttributedTextContentView.m normal x86_64 objective-c com.apple.compilers.llvm.clang.1_0.compiler (in target 'DTCoreText' from project 'DTCoreText')
    cd /Users/aadityasingh/Documents/Development/element-x-ios/Chatlio.xcodeproj
    
    Using response file: /Users/aadityasingh/Library/Developer/Xcode/DerivedData/Chatlio-erkyzdeecsohoaggpwbjdvavzqfv/Build/Intermediates.noindex/DTCoreText.build/Debug-iphonesimulator/DTCoreText.build/Objects-normal/x86_64/e6072d4f65d7061329687fe24e3d63a7-common-args.resp
    
    /Applications/Xcode.app/Contents/Developer/Toolchains/XcodeDefault.xctoolchain/usr/bin/clang -x objective-c -ivfsstatcache /Users/aadityasingh/Library/Developer/Xcode/DerivedData/SDKStatCaches.noindex/iphonesimulator26.4-23E252-686eebb5dc1d8ecb277353a59184f4aa.sdkstatcache -target x86_64-apple-ios12.0-simulator -fmessage-length\=0 -fdiagnostics-show-note-include-stack -fmacro-backtrace-limit\=0 -fno-color-diagnostics -fmodules-prune-interval\=86400 -fmodules-prune-after\=345600 -fbuild-session-file\=/Users/aadityasingh/Library/Developer/Xcode/DerivedData/ModuleCache.noindex/Session.modulevalidation -fmodules-validate-once-per-build-session -Wnon-modular-include-in-framework-module -Werror\=non-modular-include-in-framework-module -Wno-trigraphs -Wno-missing-field-initializers -Wno-missing-prototypes -Wno-return-type -Wno-implicit-atomic-properties -Wno-objc-interface-ivars -Wno-arc-repeated-use-of-weak -Wno-missing-braces -Wparentheses -Wswitch -Wno-unused-function -Wno-unused-label -Wno-unused-parameter -Wno-unused-variable -Wunused-value -Wno-empty-body -Wno-uninitialized -Wno-unknown-pragmas -w -Wno-shadow -Wno-four-char-constants -Wno-conversion -Wno-constant-conversion -Wno-int-conversion -Wno-bool-conversion -Wno-enum-conversion -Wno-float-conversion -Wno-non-literal-null-conversion -Wno-objc-literal-conversion -Wshorten-64-to-32 -Wpointer-sign -Wno-newline-eof -Wno-selector -Wno-strict-selector-match -Wno-undeclared-selector -Wno-deprecated-implementations -Wno-implicit-fallthrough -isysroot /Applications/Xcode.app/Contents/Developer/Platforms/iPhoneSimulator.platform/Developer/SDKs/iPhoneSimulator26.4.sdk -fstrict-aliasing -Wprotocol -Wdeprecated-declarations -Wno-sign-conversion -Wno-infinite-recursion -Wno-comma -Wno-block-capture-autoreleasing -Wno-strict-prototypes -Wno-semicolon-before-method-body -index-store-path /Users/aadityasingh/Library/Developer/Xcode/DerivedData/Chatlio-erkyzdeecsohoaggpwbjdvavzqfv/Index.noindex/DataStore @/Users/aadityasingh/Library/Developer/Xcode/DerivedData/Chatlio-erkyzdeecsohoaggpwbjdvavzqfv/Build/Intermediates.noindex/DTCoreText.build/Debug-iphonesimulator/DTCoreText.build/Objects-normal/x86_64/e6072d4f65d7061329687fe24e3d63a7-common-args.resp -include /Users/aadityasingh/Library/Developer/Xcode/DerivedData/Chatlio-erkyzdeecsohoaggpwbjdvavzqfv/Build/Intermediates.noindex/DTCoreText.build/Debug-iphonesimulator/DTCoreText.build/DerivedSources/resource_bundle_accessor.h -MMD -MT dependencies -MF /Users/aadityasingh/Library/Developer/Xcode/DerivedData/Chatlio-erkyzdeecsohoaggpwbjdvavzqfv/Build/Intermediates.noindex/DTCoreText.build/Debug-iphonesimulator/DTCoreText.build/Objects-normal/x86_64/DTAttributedTextContentView.d --serialize-diagnostics /Users/aadityasingh/Library/Developer/Xcode/DerivedData/Chatlio-erkyzdeecsohoaggpwbjdvavzqfv/Build/Intermediates.noindex/DTCoreText.build/Debug-iphonesimulator/DTCoreText.build/Objects-normal/x86_64/DTAttributedTextContentView.dia -c /Users/aadityasingh/Library/Developer/Xcode/DerivedData/Chatlio-erkyzdeecsohoaggpwbjdvavzqfv/SourcePackages/checkouts/DTCoreText/Core/Source/DTAttributedTextContentView.m -o /Users/aadityasingh/Library/Developer/Xcode/DerivedData/Chatlio-erkyzdeecsohoaggpwbjdvavzqfv/Build/Intermediates.noindex/DTCoreText.build/Debug-iphonesimulator/DTCoreText.build/Objects-normal/x86_64/DTAttributedTextContentView.o -index-unit-output-path /DTCoreText.build/Debug-iphonesimulator/DTCoreText.build/Objects-normal/x86_64/DTAttributedTextContentView.o

CompileC /Users/aadityasingh/Library/Developer/Xcode/DerivedData/Chatlio-erkyzdeecsohoaggpwbjdvavzqfv/Build/Intermediates.noindex/DTCoreText.build/Debug-iphonesimulator/DTCoreText.build/Objects-normal/x86_64/DTAttributedTextCell.o /Users/aadityasingh/Library/Developer/Xcode/DerivedData/Chatlio-erkyzdeecsohoaggpwbjdvavzqfv/SourcePackages/checkouts/DTCoreText/Core/Source/DTAttributedTextCell.m normal x86_64 objective-c com.apple.compilers.llvm.clang.1_0.compiler (in target 'DTCoreText' from project 'DTCoreText')
    cd /Users/aadityasingh/Documents/Development/element-x-ios/Chatlio.xcodeproj
    
    Using response file: /Users/aadityasingh/Library/Developer/Xcode/DerivedData/Chatlio-erkyzdeecsohoaggpwbjdvavzqfv/Build/Intermediates.noindex/DTCoreText.build/Debug-iphonesimulator/DTCoreText.build/Objects-normal/x86_64/e6072d4f65d7061329687fe24e3d63a7-common-args.resp
    
    /Applications/Xcode.app/Contents/Developer/Toolchains/XcodeDefault.xctoolchain/usr/bin/clang -x objective-c -ivfsstatcache /Users/aadityasingh/Library/Developer/Xcode/DerivedData/SDKStatCaches.noindex/iphonesimulator26.4-23E252-686eebb5dc1d8ecb277353a59184f4aa.sdkstatcache -target x86_64-apple-ios12.0-simulator -fmessage-length\=0 -fdiagnostics-show-note-include-stack -fmacro-backtrace-limit\=0 -fno-color-diagnostics -fmodules-prune-interval\=86400 -fmodules-prune-after\=345600 -fbuild-session-file\=/Users/aadityasingh/Library/Developer/Xcode/DerivedData/ModuleCache.noindex/Session.modulevalidation -fmodules-validate-once-per-build-session -Wnon-modular-include-in-framework-module -Werror\=non-modular-include-in-framework-module -Wno-trigraphs -Wno-missing-field-initializers -Wno-missing-prototypes -Wno-return-type -Wno-implicit-atomic-properties -Wno-objc-interface-ivars -Wno-arc-repeated-use-of-weak -Wno-missing-braces -Wparentheses -Wswitch -Wno-unused-function -Wno-unused-label -Wno-unused-parameter -Wno-unused-variable -Wunused-value -Wno-empty-body -Wno-uninitialized -Wno-unknown-pragmas -w -Wno-shadow -Wno-four-char-constants -Wno-conversion -Wno-constant-conversion -Wno-int-conversion -Wno-bool-conversion -Wno-enum-conversion -Wno-float-conversion -Wno-non-literal-null-conversion -Wno-objc-literal-conversion -Wshorten-64-to-32 -Wpointer-sign -Wno-newline-eof -Wno-selector -Wno-strict-selector-match -Wno-undeclared-selector -Wno-deprecated-implementations -Wno-implicit-fallthrough -isysroot /Applications/Xcode.app/Contents/Developer/Platforms/iPhoneSimulator.platform/Developer/SDKs/iPhoneSimulator26.4.sdk -fstrict-aliasing -Wprotocol -Wdeprecated-declarations -Wno-sign-conversion -Wno-infinite-recursion -Wno-comma -Wno-block-capture-autoreleasing -Wno-strict-prototypes -Wno-semicolon-before-method-body -index-store-path /Users/aadityasingh/Library/Developer/Xcode/DerivedData/Chatlio-erkyzdeecsohoaggpwbjdvavzqfv/Index.noindex/DataStore @/Users/aadityasingh/Library/Developer/Xcode/DerivedData/Chatlio-erkyzdeecsohoaggpwbjdvavzqfv/Build/Intermediates.noindex/DTCoreText.build/Debug-iphonesimulator/DTCoreText.build/Objects-normal/x86_64/e6072d4f65d7061329687fe24e3d63a7-common-args.resp -include /Users/aadityasingh/Library/Developer/Xcode/DerivedData/Chatlio-erkyzdeecsohoaggpwbjdvavzqfv/Build/Intermediates.noindex/DTCoreText.build/Debug-iphonesimulator/DTCoreText.build/DerivedSources/resource_bundle_accessor.h -MMD -MT dependencies -MF /Users/aadityasingh/Library/Developer/Xcode/DerivedData/Chatlio-erkyzdeecsohoaggpwbjdvavzqfv/Build/Intermediates.noindex/DTCoreText.build/Debug-iphonesimulator/DTCoreText.build/Objects-normal/x86_64/DTAttributedTextCell.d --serialize-diagnostics /Users/aadityasingh/Library/Developer/Xcode/DerivedData/Chatlio-erkyzdeecsohoaggpwbjdvavzqfv/Build/Intermediates.noindex/DTCoreText.build/Debug-iphonesimulator/DTCoreText.build/Objects-normal/x86_64/DTAttributedTextCell.dia -c /Users/aadityasingh/Library/Developer/Xcode/DerivedData/Chatlio-erkyzdeecsohoaggpwbjdvavzqfv/SourcePackages/checkouts/DTCoreText/Core/Source/DTAttributedTextCell.m -o /Users/aadityasingh/Library/Developer/Xcode/DerivedData/Chatlio-erkyzdeecsohoaggpwbjdvavzqfv/Build/Intermediates.noindex/DTCoreText.build/Debug-iphonesimulator/DTCoreText.build/Objects-normal/x86_64/DTAttributedTextCell.o -index-unit-output-path /DTCoreText.build/Debug-iphonesimulator/DTCoreText.build/Objects-normal/x86_64/DTAttributedTextCell.o

CompileC /Users/aadityasingh/Library/Developer/Xcode/DerivedData/Chatlio-erkyzdeecsohoaggpwbjdvavzqfv/Build/Intermediates.noindex/DTCoreText.build/Debug-iphonesimulator/DTCoreText.build/Objects-normal/x86_64/DTAttributedLabel.o /Users/aadityasingh/Library/Developer/Xcode/DerivedData/Chatlio-erkyzdeecsohoaggpwbjdvavzqfv/SourcePackages/checkouts/DTCoreText/Core/Source/DTAttributedLabel.m normal x86_64 objective-c com.apple.compilers.llvm.clang.1_0.compiler (in target 'DTCoreText' from project 'DTCoreText')
    cd /Users/aadityasingh/Documents/Development/element-x-ios/Chatlio.xcodeproj
    
    Using response file: /Users/aadityasingh/Library/Developer/Xcode/DerivedData/Chatlio-erkyzdeecsohoaggpwbjdvavzqfv/Build/Intermediates.noindex/DTCoreText.build/Debug-iphonesimulator/DTCoreText.build/Objects-normal/x86_64/e6072d4f65d7061329687fe24e3d63a7-common-args.resp
    
    /Applications/Xcode.app/Contents/Developer/Toolchains/XcodeDefault.xctoolchain/usr/bin/clang -x objective-c -ivfsstatcache /Users/aadityasingh/Library/Developer/Xcode/DerivedData/SDKStatCaches.noindex/iphonesimulator26.4-23E252-686eebb5dc1d8ecb277353a59184f4aa.sdkstatcache -target x86_64-apple-ios12.0-simulator -fmessage-length\=0 -fdiagnostics-show-note-include-stack -fmacro-backtrace-limit\=0 -fno-color-diagnostics -fmodules-prune-interval\=86400 -fmodules-prune-after\=345600 -fbuild-session-file\=/Users/aadityasingh/Library/Developer/Xcode/DerivedData/ModuleCache.noindex/Session.modulevalidation -fmodules-validate-once-per-build-session -Wnon-modular-include-in-framework-module -Werror\=non-modular-include-in-framework-module -Wno-trigraphs -Wno-missing-field-initializers -Wno-missing-prototypes -Wno-return-type -Wno-implicit-atomic-properties -Wno-objc-interface-ivars -Wno-arc-repeated-use-of-weak -Wno-missing-braces -Wparentheses -Wswitch -Wno-unused-function -Wno-unused-label -Wno-unused-parameter -Wno-unused-variable -Wunused-value -Wno-empty-body -Wno-uninitialized -Wno-unknown-pragmas -w -Wno-shadow -Wno-four-char-constants -Wno-conversion -Wno-constant-conversion -Wno-int-conversion -Wno-bool-conversion -Wno-enum-conversion -Wno-float-conversion -Wno-non-literal-null-conversion -Wno-objc-literal-conversion -Wshorten-64-to-32 -Wpointer-sign -Wno-newline-eof -Wno-selector -Wno-strict-selector-match -Wno-undeclared-selector -Wno-deprecated-implementations -Wno-implicit-fallthrough -isysroot /Applications/Xcode.app/Contents/Developer/Platforms/iPhoneSimulator.platform/Developer/SDKs/iPhoneSimulator26.4.sdk -fstrict-aliasing -Wprotocol -Wdeprecated-declarations -Wno-sign-conversion -Wno-infinite-recursion -Wno-comma -Wno-block-capture-autoreleasing -Wno-strict-prototypes -Wno-semicolon-before-method-body -index-store-path /Users/aadityasingh/Library/Developer/Xcode/DerivedData/Chatlio-erkyzdeecsohoaggpwbjdvavzqfv/Index.noindex/DataStore @/Users/aadityasingh/Library/Developer/Xcode/DerivedData/Chatlio-erkyzdeecsohoaggpwbjdvavzqfv/Build/Intermediates.noindex/DTCoreText.build/Debug-iphonesimulator/DTCoreText.build/Objects-normal/x86_64/e6072d4f65d7061329687fe24e3d63a7-common-args.resp -include /Users/aadityasingh/Library/Developer/Xcode/DerivedData/Chatlio-erkyzdeecsohoaggpwbjdvavzqfv/Build/Intermediates.noindex/DTCoreText.build/Debug-iphonesimulator/DTCoreText.build/DerivedSources/resource_bundle_accessor.h -MMD -MT dependencies -MF /Users/aadityasingh/Library/Developer/Xcode/DerivedData/Chatlio-erkyzdeecsohoaggpwbjdvavzqfv/Build/Intermediates.noindex/DTCoreText.build/Debug-iphonesimulator/DTCoreText.build/Objects-normal/x86_64/DTAttributedLabel.d --serialize-diagnostics /Users/aadityasingh/Library/Developer/Xcode/DerivedData/Chatlio-erkyzdeecsohoaggpwbjdvavzqfv/Build/Intermediates.noindex/DTCoreText.build/Debug-iphonesimulator/DTCoreText.build/Objects-normal/x86_64/DTAttributedLabel.dia -c /Users/aadityasingh/Library/Developer/Xcode/DerivedData/Chatlio-erkyzdeecsohoaggpwbjdvavzqfv/SourcePackages/checkouts/DTCoreText/Core/Source/DTAttributedLabel.m -o /Users/aadityasingh/Library/Developer/Xcode/DerivedData/Chatlio-erkyzdeecsohoaggpwbjdvavzqfv/Build/Intermediates.noindex/DTCoreText.build/Debug-iphonesimulator/DTCoreText.build/Objects-normal/x86_64/DTAttributedLabel.o -index-unit-output-path /DTCoreText.build/Debug-iphonesimulator/DTCoreText.build/Objects-normal/x86_64/DTAttributedLabel.o

CompileC /Users/aadityasingh/Library/Developer/Xcode/DerivedData/Chatlio-erkyzdeecsohoaggpwbjdvavzqfv/Build/Intermediates.noindex/DTCoreText.build/Debug-iphonesimulator/DTCoreText.build/Objects-normal/x86_64/DTAnchorHTMLElement.o /Users/aadityasingh/Library/Developer/Xcode/DerivedData/Chatlio-erkyzdeecsohoaggpwbjdvavzqfv/SourcePackages/checkouts/DTCoreText/Core/Source/DTAnchorHTMLElement.m normal x86_64 objective-c com.apple.compilers.llvm.clang.1_0.compiler (in target 'DTCoreText' from project 'DTCoreText')
    cd /Users/aadityasingh/Documents/Development/element-x-ios/Chatlio.xcodeproj
    
    Using response file: /Users/aadityasingh/Library/Developer/Xcode/DerivedData/Chatlio-erkyzdeecsohoaggpwbjdvavzqfv/Build/Intermediates.noindex/DTCoreText.build/Debug-iphonesimulator/DTCoreText.build/Objects-normal/x86_64/e6072d4f65d7061329687fe24e3d63a7-common-args.resp
    
    /Applications/Xcode.app/Contents/Developer/Toolchains/XcodeDefault.xctoolchain/usr/bin/clang -x objective-c -ivfsstatcache /Users/aadityasingh/Library/Developer/Xcode/DerivedData/SDKStatCaches.noindex/iphonesimulator26.4-23E252-686eebb5dc1d8ecb277353a59184f4aa.sdkstatcache -target x86_64-apple-ios12.0-simulator -fmessage-length\=0 -fdiagnostics-show-note-include-stack -fmacro-backtrace-limit\=0 -fno-color-diagnostics -fmodules-prune-interval\=86400 -fmodules-prune-after\=345600 -fbuild-session-file\=/Users/aadityasingh/Library/Developer/Xcode/DerivedData/ModuleCache.noindex/Session.modulevalidation -fmodules-validate-once-per-build-session -Wnon-modular-include-in-framework-module -Werror\=non-modular-include-in-framework-module -Wno-trigraphs -Wno-missing-field-initializers -Wno-missing-prototypes -Wno-return-type -Wno-implicit-atomic-properties -Wno-objc-interface-ivars -Wno-arc-repeated-use-of-weak -Wno-missing-braces -Wparentheses -Wswitch -Wno-unused-function -Wno-unused-label -Wno-unused-parameter -Wno-unused-variable -Wunused-value -Wno-empty-body -Wno-uninitialized -Wno-unknown-pragmas -w -Wno-shadow -Wno-four-char-constants -Wno-conversion -Wno-constant-conversion -Wno-int-conversion -Wno-bool-conversion -Wno-enum-conversion -Wno-float-conversion -Wno-non-literal-null-conversion -Wno-objc-literal-conversion -Wshorten-64-to-32 -Wpointer-sign -Wno-newline-eof -Wno-selector -Wno-strict-selector-match -Wno-undeclared-selector -Wno-deprecated-implementations -Wno-implicit-fallthrough -isysroot /Applications/Xcode.app/Contents/Developer/Platforms/iPhoneSimulator.platform/Developer/SDKs/iPhoneSimulator26.4.sdk -fstrict-aliasing -Wprotocol -Wdeprecated-declarations -Wno-sign-conversion -Wno-infinite-recursion -Wno-comma -Wno-block-capture-autoreleasing -Wno-strict-prototypes -Wno-semicolon-before-method-body -index-store-path /Users/aadityasingh/Library/Developer/Xcode/DerivedData/Chatlio-erkyzdeecsohoaggpwbjdvavzqfv/Index.noindex/DataStore @/Users/aadityasingh/Library/Developer/Xcode/DerivedData/Chatlio-erkyzdeecsohoaggpwbjdvavzqfv/Build/Intermediates.noindex/DTCoreText.build/Debug-iphonesimulator/DTCoreText.build/Objects-normal/x86_64/e6072d4f65d7061329687fe24e3d63a7-common-args.resp -include /Users/aadityasingh/Library/Developer/Xcode/DerivedData/Chatlio-erkyzdeecsohoaggpwbjdvavzqfv/Build/Intermediates.noindex/DTCoreText.build/Debug-iphonesimulator/DTCoreText.build/DerivedSources/resource_bundle_accessor.h -MMD -MT dependencies -MF /Users/aadityasingh/Library/Developer/Xcode/DerivedData/Chatlio-erkyzdeecsohoaggpwbjdvavzqfv/Build/Intermediates.noindex/DTCoreText.build/Debug-iphonesimulator/DTCoreText.build/Objects-normal/x86_64/DTAnchorHTMLElement.d --serialize-diagnostics /Users/aadityasingh/Library/Developer/Xcode/DerivedData/Chatlio-erkyzdeecsohoaggpwbjdvavzqfv/Build/Intermediates.noindex/DTCoreText.build/Debug-iphonesimulator/DTCoreText.build/Objects-normal/x86_64/DTAnchorHTMLElement.dia -c /Users/aadityasingh/Library/Developer/Xcode/DerivedData/Chatlio-erkyzdeecsohoaggpwbjdvavzqfv/SourcePackages/checkouts/DTCoreText/Core/Source/DTAnchorHTMLElement.m -o /Users/aadityasingh/Library/Developer/Xcode/DerivedData/Chatlio-erkyzdeecsohoaggpwbjdvavzqfv/Build/Intermediates.noindex/DTCoreText.build/Debug-iphonesimulator/DTCoreText.build/Objects-normal/x86_64/DTAnchorHTMLElement.o -index-unit-output-path /DTCoreText.build/Debug-iphonesimulator/DTCoreText.build/Objects-normal/x86_64/DTAnchorHTMLElement.o

PrecompileModule /Users/aadityasingh/Library/Developer/Xcode/DerivedData/Chatlio-erkyzdeecsohoaggpwbjdvavzqfv/Build/Intermediates.noindex/ExplicitPrecompiledModules/os_workgroup-3B2UD0QGZYINS4P1J8WGDB8M.scan
    cd /
    builtin-precompileModule /Users/aadityasingh/Library/Developer/Xcode/DerivedData/Chatlio-erkyzdeecsohoaggpwbjdvavzqfv/Build/Intermediates.noindex/ExplicitPrecompiledModules/os_workgroup-3B2UD0QGZYINS4P1J8WGDB8M.scan

PrecompileModule /Users/aadityasingh/Library/Developer/Xcode/DerivedData/Chatlio-erkyzdeecsohoaggpwbjdvavzqfv/Build/Intermediates.noindex/ExplicitPrecompiledModules/os_workgroup-D2699ATHDJ8J906X5YM3437AM.scan
    cd /
    builtin-precompileModule /Users/aadityasingh/Library/Developer/Xcode/DerivedData/Chatlio-erkyzdeecsohoaggpwbjdvavzqfv/Build/Intermediates.noindex/ExplicitPrecompiledModules/os_workgroup-D2699ATHDJ8J906X5YM3437AM.scan

PrecompileModule /Users/aadityasingh/Library/Developer/Xcode/DerivedData/Chatlio-erkyzdeecsohoaggpwbjdvavzqfv/Build/Intermediates.noindex/ExplicitPrecompiledModules/QuartzCore-5RU2X5AU7RH1U6Y55KWOVD9HN.scan
    cd /
    builtin-precompileModule /Users/aadityasingh/Library/Developer/Xcode/DerivedData/Chatlio-erkyzdeecsohoaggpwbjdvavzqfv/Build/Intermediates.noindex/ExplicitPrecompiledModules/QuartzCore-5RU2X5AU7RH1U6Y55KWOVD9HN.scan

ScanDependencies /Users/aadityasingh/Library/Developer/Xcode/DerivedData/Chatlio-erkyzdeecsohoaggpwbjdvavzqfv/Build/Intermediates.noindex/DTCoreText.build/Debug-iphonesimulator/DTCoreText.build/Objects-normal/x86_64/DTAccessibilityViewProxy.o /Users/aadityasingh/Library/Developer/Xcode/DerivedData/Chatlio-erkyzdeecsohoaggpwbjdvavzqfv/SourcePackages/checkouts/DTCoreText/Core/Source/DTAccessibilityViewProxy.m normal x86_64 objective-c com.apple.compilers.llvm.clang.1_0.compiler (in target 'DTCoreText' from project 'DTCoreText')
    cd /Users/aadityasingh/Documents/Development/element-x-ios/Chatlio.xcodeproj
    
    Using response file: /Users/aadityasingh/Library/Developer/Xcode/DerivedData/Chatlio-erkyzdeecsohoaggpwbjdvavzqfv/Build/Intermediates.noindex/DTCoreText.build/Debug-iphonesimulator/DTCoreText.build/Objects-normal/x86_64/e6072d4f65d7061329687fe24e3d63a7-common-args.resp
    
    builtin-ScanDependencies -o /Users/aadityasingh/Library/Developer/Xcode/DerivedData/Chatlio-erkyzdeecsohoaggpwbjdvavzqfv/Build/Intermediates.noindex/DTCoreText.build/Debug-iphonesimulator/DTCoreText.build/Objects-normal/x86_64/DTAccessibilityViewProxy.o.scan -- /Applications/Xcode.app/Contents/Developer/Toolchains/XcodeDefault.xctoolchain/usr/bin/clang -x objective-c -ivfsstatcache /Users/aadityasingh/Library/Developer/Xcode/DerivedData/SDKStatCaches.noindex/iphonesimulator26.4-23E252-686eebb5dc1d8ecb277353a59184f4aa.sdkstatcache -target x86_64-apple-ios12.0-simulator -fmessage-length\=0 -fdiagnostics-show-note-include-stack -fmacro-backtrace-limit\=0 -fno-color-diagnostics -fmodules-prune-interval\=86400 -fmodules-prune-after\=345600 -fbuild-session-file\=/Users/aadityasingh/Library/Developer/Xcode/DerivedData/ModuleCache.noindex/Session.modulevalidation -fmodules-validate-once-per-build-session -Wnon-modular-include-in-framework-module -Werror\=non-modular-include-in-framework-module -Wno-trigraphs -Wno-missing-field-initializers -Wno-missing-prototypes -Wno-return-type -Wno-implicit-atomic-properties -Wno-objc-interface-ivars -Wno-arc-repeated-use-of-weak -Wno-missing-braces -Wparentheses -Wswitch -Wno-unused-function -Wno-unused-label -Wno-unused-parameter -Wno-unused-variable -Wunused-value -Wno-empty-body -Wno-uninitialized -Wno-unknown-pragmas -w -Wno-shadow -Wno-four-char-constants -Wno-conversion -Wno-constant-conversion -Wno-int-conversion -Wno-bool-conversion -Wno-enum-conversion -Wno-float-conversion -Wno-non-literal-null-conversion -Wno-objc-literal-conversion -Wshorten-64-to-32 -Wpointer-sign -Wno-newline-eof -Wno-selector -Wno-strict-selector-match -Wno-undeclared-selector -Wno-deprecated-implementations -Wno-implicit-fallthrough -isysroot /Applications/Xcode.app/Contents/Developer/Platforms/iPhoneSimulator.platform/Developer/SDKs/iPhoneSimulator26.4.sdk -fstrict-aliasing -Wprotocol -Wdeprecated-declarations -Wno-sign-conversion -Wno-infinite-recursion -Wno-comma -Wno-block-capture-autoreleasing -Wno-strict-prototypes -Wno-semicolon-before-method-body -index-store-path /Users/aadityasingh/Library/Developer/Xcode/DerivedData/Chatlio-erkyzdeecsohoaggpwbjdvavzqfv/Index.noindex/DataStore @/Users/aadityasingh/Library/Developer/Xcode/DerivedData/Chatlio-erkyzdeecsohoaggpwbjdvavzqfv/Build/Intermediates.noindex/DTCoreText.build/Debug-iphonesimulator/DTCoreText.build/Objects-normal/x86_64/e6072d4f65d7061329687fe24e3d63a7-common-args.resp -include /Users/aadityasingh/Library/Developer/Xcode/DerivedData/Chatlio-erkyzdeecsohoaggpwbjdvavzqfv/Build/Intermediates.noindex/DTCoreText.build/Debug-iphonesimulator/DTCoreText.build/DerivedSources/resource_bundle_accessor.h -MMD -MT dependencies -MF /Users/aadityasingh/Library/Developer/Xcode/DerivedData/Chatlio-erkyzdeecsohoaggpwbjdvavzqfv/Build/Intermediates.noindex/DTCoreText.build/Debug-iphonesimulator/DTCoreText.build/Objects-normal/x86_64/DTAccessibilityViewProxy.d --serialize-diagnostics /Users/aadityasingh/Library/Developer/Xcode/DerivedData/Chatlio-erkyzdeecsohoaggpwbjdvavzqfv/Build/Intermediates.noindex/DTCoreText.build/Debug-iphonesimulator/DTCoreText.build/Objects-normal/x86_64/DTAccessibilityViewProxy.dia -c /Users/aadityasingh/Library/Developer/Xcode/DerivedData/Chatlio-erkyzdeecsohoaggpwbjdvavzqfv/SourcePackages/checkouts/DTCoreText/Core/Source/DTAccessibilityViewProxy.m -o /Users/aadityasingh/Library/Developer/Xcode/DerivedData/Chatlio-erkyzdeecsohoaggpwbjdvavzqfv/Build/Intermediates.noindex/DTCoreText.build/Debug-iphonesimulator/DTCoreText.build/Objects-normal/x86_64/DTAccessibilityViewProxy.o -index-unit-output-path /DTCoreText.build/Debug-iphonesimulator/DTCoreText.build/Objects-normal/x86_64/DTAccessibilityViewProxy.o

ScanDependencies /Users/aadityasingh/Library/Developer/Xcode/DerivedData/Chatlio-erkyzdeecsohoaggpwbjdvavzqfv/Build/Intermediates.noindex/DTCoreText.build/Debug-iphonesimulator/DTCoreText.build/Objects-normal/x86_64/DTAccessibilityElement.o /Users/aadityasingh/Library/Developer/Xcode/DerivedData/Chatlio-erkyzdeecsohoaggpwbjdvavzqfv/SourcePackages/checkouts/DTCoreText/Core/Source/DTAccessibilityElement.m normal x86_64 objective-c com.apple.compilers.llvm.clang.1_0.compiler (in target 'DTCoreText' from project 'DTCoreText')
    cd /Users/aadityasingh/Documents/Development/element-x-ios/Chatlio.xcodeproj
    
    Using response file: /Users/aadityasingh/Library/Developer/Xcode/DerivedData/Chatlio-erkyzdeecsohoaggpwbjdvavzqfv/Build/Intermediates.noindex/DTCoreText.build/Debug-iphonesimulator/DTCoreText.build/Objects-normal/x86_64/e6072d4f65d7061329687fe24e3d63a7-common-args.resp
    
    builtin-ScanDependencies -o /Users/aadityasingh/Library/Developer/Xcode/DerivedData/Chatlio-erkyzdeecsohoaggpwbjdvavzqfv/Build/Intermediates.noindex/DTCoreText.build/Debug-iphonesimulator/DTCoreText.build/Objects-normal/x86_64/DTAccessibilityElement.o.scan -- /Applications/Xcode.app/Contents/Developer/Toolchains/XcodeDefault.xctoolchain/usr/bin/clang -x objective-c -ivfsstatcache /Users/aadityasingh/Library/Developer/Xcode/DerivedData/SDKStatCaches.noindex/iphonesimulator26.4-23E252-686eebb5dc1d8ecb277353a59184f4aa.sdkstatcache -target x86_64-apple-ios12.0-simulator -fmessage-length\=0 -fdiagnostics-show-note-include-stack -fmacro-backtrace-limit\=0 -fno-color-diagnostics -fmodules-prune-interval\=86400 -fmodules-prune-after\=345600 -fbuild-session-file\=/Users/aadityasingh/Library/Developer/Xcode/DerivedData/ModuleCache.noindex/Session.modulevalidation -fmodules-validate-once-per-build-session -Wnon-modular-include-in-framework-module -Werror\=non-modular-include-in-framework-module -Wno-trigraphs -Wno-missing-field-initializers -Wno-missing-prototypes -Wno-return-type -Wno-implicit-atomic-properties -Wno-objc-interface-ivars -Wno-arc-repeated-use-of-weak -Wno-missing-braces -Wparentheses -Wswitch -Wno-unused-function -Wno-unused-label -Wno-unused-parameter -Wno-unused-variable -Wunused-value -Wno-empty-body -Wno-uninitialized -Wno-unknown-pragmas -w -Wno-shadow -Wno-four-char-constants -Wno-conversion -Wno-constant-conversion -Wno-int-conversion -Wno-bool-conversion -Wno-enum-conversion -Wno-float-conversion -Wno-non-literal-null-conversion -Wno-objc-literal-conversion -Wshorten-64-to-32 -Wpointer-sign -Wno-newline-eof -Wno-selector -Wno-strict-selector-match -Wno-undeclared-selector -Wno-deprecated-implementations -Wno-implicit-fallthrough -isysroot /Applications/Xcode.app/Contents/Developer/Platforms/iPhoneSimulator.platform/Developer/SDKs/iPhoneSimulator26.4.sdk -fstrict-aliasing -Wprotocol -Wdeprecated-declarations -Wno-sign-conversion -Wno-infinite-recursion -Wno-comma -Wno-block-capture-autoreleasing -Wno-strict-prototypes -Wno-semicolon-before-method-body -index-store-path /Users/aadityasingh/Library/Developer/Xcode/DerivedData/Chatlio-erkyzdeecsohoaggpwbjdvavzqfv/Index.noindex/DataStore @/Users/aadityasingh/Library/Developer/Xcode/DerivedData/Chatlio-erkyzdeecsohoaggpwbjdvavzqfv/Build/Intermediates.noindex/DTCoreText.build/Debug-iphonesimulator/DTCoreText.build/Objects-normal/x86_64/e6072d4f65d7061329687fe24e3d63a7-common-args.resp -include /Users/aadityasingh/Library/Developer/Xcode/DerivedData/Chatlio-erkyzdeecsohoaggpwbjdvavzqfv/Build/Intermediates.noindex/DTCoreText.build/Debug-iphonesimulator/DTCoreText.build/DerivedSources/resource_bundle_accessor.h -MMD -MT dependencies -MF /Users/aadityasingh/Library/Developer/Xcode/DerivedData/Chatlio-erkyzdeecsohoaggpwbjdvavzqfv/Build/Intermediates.noindex/DTCoreText.build/Debug-iphonesimulator/DTCoreText.build/Objects-normal/x86_64/DTAccessibilityElement.d --serialize-diagnostics /Users/aadityasingh/Library/Developer/Xcode/DerivedData/Chatlio-erkyzdeecsohoaggpwbjdvavzqfv/Build/Intermediates.noindex/DTCoreText.build/Debug-iphonesimulator/DTCoreText.build/Objects-normal/x86_64/DTAccessibilityElement.dia -c /Users/aadityasingh/Library/Developer/Xcode/DerivedData/Chatlio-erkyzdeecsohoaggpwbjdvavzqfv/SourcePackages/checkouts/DTCoreText/Core/Source/DTAccessibilityElement.m -o /Users/aadityasingh/Library/Developer/Xcode/DerivedData/Chatlio-erkyzdeecsohoaggpwbjdvavzqfv/Build/Intermediates.noindex/DTCoreText.build/Debug-iphonesimulator/DTCoreText.build/Objects-normal/x86_64/DTAccessibilityElement.o -index-unit-output-path /DTCoreText.build/Debug-iphonesimulator/DTCoreText.build/Objects-normal/x86_64/DTAccessibilityElement.o

ScanDependencies /Users/aadityasingh/Library/Developer/Xcode/DerivedData/Chatlio-erkyzdeecsohoaggpwbjdvavzqfv/Build/Intermediates.noindex/DTCoreText.build/Debug-iphonesimulator/DTCoreText.build/Objects-normal/x86_64/CTLineUtils.o /Users/aadityasingh/Library/Developer/Xcode/DerivedData/Chatlio-erkyzdeecsohoaggpwbjdvavzqfv/SourcePackages/checkouts/DTCoreText/Core/Source/CTLineUtils.m normal x86_64 objective-c com.apple.compilers.llvm.clang.1_0.compiler (in target 'DTCoreText' from project 'DTCoreText')
    cd /Users/aadityasingh/Documents/Development/element-x-ios/Chatlio.xcodeproj
    
    Using response file: /Users/aadityasingh/Library/Developer/Xcode/DerivedData/Chatlio-erkyzdeecsohoaggpwbjdvavzqfv/Build/Intermediates.noindex/DTCoreText.build/Debug-iphonesimulator/DTCoreText.build/Objects-normal/x86_64/e6072d4f65d7061329687fe24e3d63a7-common-args.resp
    
    builtin-ScanDependencies -o /Users/aadityasingh/Library/Developer/Xcode/DerivedData/Chatlio-erkyzdeecsohoaggpwbjdvavzqfv/Build/Intermediates.noindex/DTCoreText.build/Debug-iphonesimulator/DTCoreText.build/Objects-normal/x86_64/CTLineUtils.o.scan -- /Applications/Xcode.app/Contents/Developer/Toolchains/XcodeDefault.xctoolchain/usr/bin/clang -x objective-c -ivfsstatcache /Users/aadityasingh/Library/Developer/Xcode/DerivedData/SDKStatCaches.noindex/iphonesimulator26.4-23E252-686eebb5dc1d8ecb277353a59184f4aa.sdkstatcache -target x86_64-apple-ios12.0-simulator -fmessage-length\=0 -fdiagnostics-show-note-include-stack -fmacro-backtrace-limit\=0 -fno-color-diagnostics -fmodules-prune-interval\=86400 -fmodules-prune-after\=345600 -fbuild-session-file\=/Users/aadityasingh/Library/Developer/Xcode/DerivedData/ModuleCache.noindex/Session.modulevalidation -fmodules-validate-once-per-build-session -Wnon-modular-include-in-framework-module -Werror\=non-modular-include-in-framework-module -Wno-trigraphs -Wno-missing-field-initializers -Wno-missing-prototypes -Wno-return-type -Wno-implicit-atomic-properties -Wno-objc-interface-ivars -Wno-arc-repeated-use-of-weak -Wno-missing-braces -Wparentheses -Wswitch -Wno-unused-function -Wno-unused-label -Wno-unused-parameter -Wno-unused-variable -Wunused-value -Wno-empty-body -Wno-uninitialized -Wno-unknown-pragmas -w -Wno-shadow -Wno-four-char-constants -Wno-conversion -Wno-constant-conversion -Wno-int-conversion -Wno-bool-conversion -Wno-enum-conversion -Wno-float-conversion -Wno-non-literal-null-conversion -Wno-objc-literal-conversion -Wshorten-64-to-32 -Wpointer-sign -Wno-newline-eof -Wno-selector -Wno-strict-selector-match -Wno-undeclared-selector -Wno-deprecated-implementations -Wno-implicit-fallthrough -isysroot /Applications/Xcode.app/Contents/Developer/Platforms/iPhoneSimulator.platform/Developer/SDKs/iPhoneSimulator26.4.sdk -fstrict-aliasing -Wprotocol -Wdeprecated-declarations -Wno-sign-conversion -Wno-infinite-recursion -Wno-comma -Wno-block-capture-autoreleasing -Wno-strict-prototypes -Wno-semicolon-before-method-body -index-store-path /Users/aadityasingh/Library/Developer/Xcode/DerivedData/Chatlio-erkyzdeecsohoaggpwbjdvavzqfv/Index.noindex/DataStore @/Users/aadityasingh/Library/Developer/Xcode/DerivedData/Chatlio-erkyzdeecsohoaggpwbjdvavzqfv/Build/Intermediates.noindex/DTCoreText.build/Debug-iphonesimulator/DTCoreText.build/Objects-normal/x86_64/e6072d4f65d7061329687fe24e3d63a7-common-args.resp -include /Users/aadityasingh/Library/Developer/Xcode/DerivedData/Chatlio-erkyzdeecsohoaggpwbjdvavzqfv/Build/Intermediates.noindex/DTCoreText.build/Debug-iphonesimulator/DTCoreText.build/DerivedSources/resource_bundle_accessor.h -MMD -MT dependencies -MF /Users/aadityasingh/Library/Developer/Xcode/DerivedData/Chatlio-erkyzdeecsohoaggpwbjdvavzqfv/Build/Intermediates.noindex/DTCoreText.build/Debug-iphonesimulator/DTCoreText.build/Objects-normal/x86_64/CTLineUtils.d --serialize-diagnostics /Users/aadityasingh/Library/Developer/Xcode/DerivedData/Chatlio-erkyzdeecsohoaggpwbjdvavzqfv/Build/Intermediates.noindex/DTCoreText.build/Debug-iphonesimulator/DTCoreText.build/Objects-normal/x86_64/CTLineUtils.dia -c /Users/aadityasingh/Library/Developer/Xcode/DerivedData/Chatlio-erkyzdeecsohoaggpwbjdvavzqfv/SourcePackages/checkouts/DTCoreText/Core/Source/CTLineUtils.m -o /Users/aadityasingh/Library/Developer/Xcode/DerivedData/Chatlio-erkyzdeecsohoaggpwbjdvavzqfv/Build/Intermediates.noindex/DTCoreText.build/Debug-iphonesimulator/DTCoreText.build/Objects-normal/x86_64/CTLineUtils.o -index-unit-output-path /DTCoreText.build/Debug-iphonesimulator/DTCoreText.build/Objects-normal/x86_64/CTLineUtils.o

PrecompileModule /Users/aadityasingh/Library/Developer/Xcode/DerivedData/Chatlio-erkyzdeecsohoaggpwbjdvavzqfv/Build/Intermediates.noindex/ExplicitPrecompiledModules/Dispatch-60VRPELB4XDLWEWYW551VYKQZ.scan
    cd /
    builtin-precompileModule /Users/aadityasingh/Library/Developer/Xcode/DerivedData/Chatlio-erkyzdeecsohoaggpwbjdvavzqfv/Build/Intermediates.noindex/ExplicitPrecompiledModules/Dispatch-60VRPELB4XDLWEWYW551VYKQZ.scan

ScanDependencies /Users/aadityasingh/Library/Developer/Xcode/DerivedData/Chatlio-erkyzdeecsohoaggpwbjdvavzqfv/Build/Intermediates.noindex/DTCoreText.build/Debug-iphonesimulator/DTCoreText.build/Objects-normal/arm64/resource_bundle_accessor.o /Users/aadityasingh/Library/Developer/Xcode/DerivedData/Chatlio-erkyzdeecsohoaggpwbjdvavzqfv/Build/Intermediates.noindex/DTCoreText.build/Debug-iphonesimulator/DTCoreText.build/DerivedSources/resource_bundle_accessor.m normal arm64 objective-c com.apple.compilers.llvm.clang.1_0.compiler (in target 'DTCoreText' from project 'DTCoreText')
    cd /Users/aadityasingh/Documents/Development/element-x-ios/Chatlio.xcodeproj
    
    Using response file: /Users/aadityasingh/Library/Developer/Xcode/DerivedData/Chatlio-erkyzdeecsohoaggpwbjdvavzqfv/Build/Intermediates.noindex/DTCoreText.build/Debug-iphonesimulator/DTCoreText.build/Objects-normal/arm64/e6072d4f65d7061329687fe24e3d63a7-common-args.resp
    
    builtin-ScanDependencies -o /Users/aadityasingh/Library/Developer/Xcode/DerivedData/Chatlio-erkyzdeecsohoaggpwbjdvavzqfv/Build/Intermediates.noindex/DTCoreText.build/Debug-iphonesimulator/DTCoreText.build/Objects-normal/arm64/resource_bundle_accessor.o.scan -- /Applications/Xcode.app/Contents/Developer/Toolchains/XcodeDefault.xctoolchain/usr/bin/clang -x objective-c -ivfsstatcache /Users/aadityasingh/Library/Developer/Xcode/DerivedData/SDKStatCaches.noindex/iphonesimulator26.4-23E252-686eebb5dc1d8ecb277353a59184f4aa.sdkstatcache -target arm64-apple-ios12.0-simulator -fmessage-length\=0 -fdiagnostics-show-note-include-stack -fmacro-backtrace-limit\=0 -fno-color-diagnostics -fmodules-prune-interval\=86400 -fmodules-prune-after\=345600 -fbuild-session-file\=/Users/aadityasingh/Library/Developer/Xcode/DerivedData/ModuleCache.noindex/Session.modulevalidation -fmodules-validate-once-per-build-session -Wnon-modular-include-in-framework-module -Werror\=non-modular-include-in-framework-module -Wno-trigraphs -Wno-missing-field-initializers -Wno-missing-prototypes -Wno-return-type -Wno-implicit-atomic-properties -Wno-objc-interface-ivars -Wno-arc-repeated-use-of-weak -Wno-missing-braces -Wparentheses -Wswitch -Wno-unused-function -Wno-unused-label -Wno-unused-parameter -Wno-unused-variable -Wunused-value -Wno-empty-body -Wno-uninitialized -Wno-unknown-pragmas -w -Wno-shadow -Wno-four-char-constants -Wno-conversion -Wno-constant-conversion -Wno-int-conversion -Wno-bool-conversion -Wno-enum-conversion -Wno-float-conversion -Wno-non-literal-null-conversion -Wno-objc-literal-conversion -Wshorten-64-to-32 -Wpointer-sign -Wno-newline-eof -Wno-selector -Wno-strict-selector-match -Wno-undeclared-selector -Wno-deprecated-implementations -Wno-implicit-fallthrough -isysroot /Applications/Xcode.app/Contents/Developer/Platforms/iPhoneSimulator.platform/Developer/SDKs/iPhoneSimulator26.4.sdk -fstrict-aliasing -Wprotocol -Wdeprecated-declarations -Wno-sign-conversion -Wno-infinite-recursion -Wno-comma -Wno-block-capture-autoreleasing -Wno-strict-prototypes -Wno-semicolon-before-method-body -index-store-path /Users/aadityasingh/Library/Developer/Xcode/DerivedData/Chatlio-erkyzdeecsohoaggpwbjdvavzqfv/Index.noindex/DataStore @/Users/aadityasingh/Library/Developer/Xcode/DerivedData/Chatlio-erkyzdeecsohoaggpwbjdvavzqfv/Build/Intermediates.noindex/DTCoreText.build/Debug-iphonesimulator/DTCoreText.build/Objects-normal/arm64/e6072d4f65d7061329687fe24e3d63a7-common-args.resp -include /Users/aadityasingh/Library/Developer/Xcode/DerivedData/Chatlio-erkyzdeecsohoaggpwbjdvavzqfv/Build/Intermediates.noindex/DTCoreText.build/Debug-iphonesimulator/DTCoreText.build/DerivedSources/resource_bundle_accessor.h -MMD -MT dependencies -MF /Users/aadityasingh/Library/Developer/Xcode/DerivedData/Chatlio-erkyzdeecsohoaggpwbjdvavzqfv/Build/Intermediates.noindex/DTCoreText.build/Debug-iphonesimulator/DTCoreText.build/Objects-normal/arm64/resource_bundle_accessor.d --serialize-diagnostics /Users/aadityasingh/Library/Developer/Xcode/DerivedData/Chatlio-erkyzdeecsohoaggpwbjdvavzqfv/Build/Intermediates.noindex/DTCoreText.build/Debug-iphonesimulator/DTCoreText.build/Objects-normal/arm64/resource_bundle_accessor.dia -c /Users/aadityasingh/Library/Developer/Xcode/DerivedData/Chatlio-erkyzdeecsohoaggpwbjdvavzqfv/Build/Intermediates.noindex/DTCoreText.build/Debug-iphonesimulator/DTCoreText.build/DerivedSources/resource_bundle_accessor.m -o /Users/aadityasingh/Library/Developer/Xcode/DerivedData/Chatlio-erkyzdeecsohoaggpwbjdvavzqfv/Build/Intermediates.noindex/DTCoreText.build/Debug-iphonesimulator/DTCoreText.build/Objects-normal/arm64/resource_bundle_accessor.o -index-unit-output-path /DTCoreText.build/Debug-iphonesimulator/DTCoreText.build/Objects-normal/arm64/resource_bundle_accessor.o

PrecompileModule /Users/aadityasingh/Library/Developer/Xcode/DerivedData/Chatlio-erkyzdeecsohoaggpwbjdvavzqfv/Build/Intermediates.noindex/ExplicitPrecompiledModules/Dispatch-5AZNQDOGGYECTUNCETX6TEIMW.scan
    cd /
    builtin-precompileModule /Users/aadityasingh/Library/Developer/Xcode/DerivedData/Chatlio-erkyzdeecsohoaggpwbjdvavzqfv/Build/Intermediates.noindex/ExplicitPrecompiledModules/Dispatch-5AZNQDOGGYECTUNCETX6TEIMW.scan

ScanDependencies /Users/aadityasingh/Library/Developer/Xcode/DerivedData/Chatlio-erkyzdeecsohoaggpwbjdvavzqfv/Build/Intermediates.noindex/DTCoreText.build/Debug-iphonesimulator/DTCoreText.build/Objects-normal/arm64/UIFont+DTCoreText.o /Users/aadityasingh/Library/Developer/Xcode/DerivedData/Chatlio-erkyzdeecsohoaggpwbjdvavzqfv/SourcePackages/checkouts/DTCoreText/Core/Source/UIFont+DTCoreText.m normal arm64 objective-c com.apple.compilers.llvm.clang.1_0.compiler (in target 'DTCoreText' from project 'DTCoreText')
    cd /Users/aadityasingh/Documents/Development/element-x-ios/Chatlio.xcodeproj
    
    Using response file: /Users/aadityasingh/Library/Developer/Xcode/DerivedData/Chatlio-erkyzdeecsohoaggpwbjdvavzqfv/Build/Intermediates.noindex/DTCoreText.build/Debug-iphonesimulator/DTCoreText.build/Objects-normal/arm64/e6072d4f65d7061329687fe24e3d63a7-common-args.resp
    
    builtin-ScanDependencies -o /Users/aadityasingh/Library/Developer/Xcode/DerivedData/Chatlio-erkyzdeecsohoaggpwbjdvavzqfv/Build/Intermediates.noindex/DTCoreText.build/Debug-iphonesimulator/DTCoreText.build/Objects-normal/arm64/UIFont+DTCoreText.o.scan -- /Applications/Xcode.app/Contents/Developer/Toolchains/XcodeDefault.xctoolchain/usr/bin/clang -x objective-c -ivfsstatcache /Users/aadityasingh/Library/Developer/Xcode/DerivedData/SDKStatCaches.noindex/iphonesimulator26.4-23E252-686eebb5dc1d8ecb277353a59184f4aa.sdkstatcache -target arm64-apple-ios12.0-simulator -fmessage-length\=0 -fdiagnostics-show-note-include-stack -fmacro-backtrace-limit\=0 -fno-color-diagnostics -fmodules-prune-interval\=86400 -fmodules-prune-after\=345600 -fbuild-session-file\=/Users/aadityasingh/Library/Developer/Xcode/DerivedData/ModuleCache.noindex/Session.modulevalidation -fmodules-validate-once-per-build-session -Wnon-modular-include-in-framework-module -Werror\=non-modular-include-in-framework-module -Wno-trigraphs -Wno-missing-field-initializers -Wno-missing-prototypes -Wno-return-type -Wno-implicit-atomic-properties -Wno-objc-interface-ivars -Wno-arc-repeated-use-of-weak -Wno-missing-braces -Wparentheses -Wswitch -Wno-unused-function -Wno-unused-label -Wno-unused-parameter -Wno-unused-variable -Wunused-value -Wno-empty-body -Wno-uninitialized -Wno-unknown-pragmas -w -Wno-shadow -Wno-four-char-constants -Wno-conversion -Wno-constant-conversion -Wno-int-conversion -Wno-bool-conversion -Wno-enum-conversion -Wno-float-conversion -Wno-non-literal-null-conversion -Wno-objc-literal-conversion -Wshorten-64-to-32 -Wpointer-sign -Wno-newline-eof -Wno-selector -Wno-strict-selector-match -Wno-undeclared-selector -Wno-deprecated-implementations -Wno-implicit-fallthrough -isysroot /Applications/Xcode.app/Contents/Developer/Platforms/iPhoneSimulator.platform/Developer/SDKs/iPhoneSimulator26.4.sdk -fstrict-aliasing -Wprotocol -Wdeprecated-declarations -Wno-sign-conversion -Wno-infinite-recursion -Wno-comma -Wno-block-capture-autoreleasing -Wno-strict-prototypes -Wno-semicolon-before-method-body -index-store-path /Users/aadityasingh/Library/Developer/Xcode/DerivedData/Chatlio-erkyzdeecsohoaggpwbjdvavzqfv/Index.noindex/DataStore @/Users/aadityasingh/Library/Developer/Xcode/DerivedData/Chatlio-erkyzdeecsohoaggpwbjdvavzqfv/Build/Intermediates.noindex/DTCoreText.build/Debug-iphonesimulator/DTCoreText.build/Objects-normal/arm64/e6072d4f65d7061329687fe24e3d63a7-common-args.resp -include /Users/aadityasingh/Library/Developer/Xcode/DerivedData/Chatlio-erkyzdeecsohoaggpwbjdvavzqfv/Build/Intermediates.noindex/DTCoreText.build/Debug-iphonesimulator/DTCoreText.build/DerivedSources/resource_bundle_accessor.h -MMD -MT dependencies -MF /Users/aadityasingh/Library/Developer/Xcode/DerivedData/Chatlio-erkyzdeecsohoaggpwbjdvavzqfv/Build/Intermediates.noindex/DTCoreText.build/Debug-iphonesimulator/DTCoreText.build/Objects-normal/arm64/UIFont+DTCoreText.d --serialize-diagnostics /Users/aadityasingh/Library/Developer/Xcode/DerivedData/Chatlio-erkyzdeecsohoaggpwbjdvavzqfv/Build/Intermediates.noindex/DTCoreText.build/Debug-iphonesimulator/DTCoreText.build/Objects-normal/arm64/UIFont+DTCoreText.dia -c /Users/aadityasingh/Library/Developer/Xcode/DerivedData/Chatlio-erkyzdeecsohoaggpwbjdvavzqfv/SourcePackages/checkouts/DTCoreText/Core/Source/UIFont+DTCoreText.m -o /Users/aadityasingh/Library/Developer/Xcode/DerivedData/Chatlio-erkyzdeecsohoaggpwbjdvavzqfv/Build/Intermediates.noindex/DTCoreText.build/Debug-iphonesimulator/DTCoreText.build/Objects-normal/arm64/UIFont+DTCoreText.o -index-unit-output-path /DTCoreText.build/Debug-iphonesimulator/DTCoreText.build/Objects-normal/arm64/UIFont+DTCoreText.o

CompileC /Users/aadityasingh/Library/Developer/Xcode/DerivedData/Chatlio-erkyzdeecsohoaggpwbjdvavzqfv/Build/Intermediates.noindex/DTCoreText.build/Debug-iphonesimulator/DTCoreText.build/Objects-normal/x86_64/DTAccessibilityViewProxy.o /Users/aadityasingh/Library/Developer/Xcode/DerivedData/Chatlio-erkyzdeecsohoaggpwbjdvavzqfv/SourcePackages/checkouts/DTCoreText/Core/Source/DTAccessibilityViewProxy.m normal x86_64 objective-c com.apple.compilers.llvm.clang.1_0.compiler (in target 'DTCoreText' from project 'DTCoreText')
    cd /Users/aadityasingh/Documents/Development/element-x-ios/Chatlio.xcodeproj
    
    Using response file: /Users/aadityasingh/Library/Developer/Xcode/DerivedData/Chatlio-erkyzdeecsohoaggpwbjdvavzqfv/Build/Intermediates.noindex/DTCoreText.build/Debug-iphonesimulator/DTCoreText.build/Objects-normal/x86_64/e6072d4f65d7061329687fe24e3d63a7-common-args.resp
    
    /Applications/Xcode.app/Contents/Developer/Toolchains/XcodeDefault.xctoolchain/usr/bin/clang -x objective-c -ivfsstatcache /Users/aadityasingh/Library/Developer/Xcode/DerivedData/SDKStatCaches.noindex/iphonesimulator26.4-23E252-686eebb5dc1d8ecb277353a59184f4aa.sdkstatcache -target x86_64-apple-ios12.0-simulator -fmessage-length\=0 -fdiagnostics-show-note-include-stack -fmacro-backtrace-limit\=0 -fno-color-diagnostics -fmodules-prune-interval\=86400 -fmodules-prune-after\=345600 -fbuild-session-file\=/Users/aadityasingh/Library/Developer/Xcode/DerivedData/ModuleCache.noindex/Session.modulevalidation -fmodules-validate-once-per-build-session -Wnon-modular-include-in-framework-module -Werror\=non-modular-include-in-framework-module -Wno-trigraphs -Wno-missing-field-initializers -Wno-missing-prototypes -Wno-return-type -Wno-implicit-atomic-properties -Wno-objc-interface-ivars -Wno-arc-repeated-use-of-weak -Wno-missing-braces -Wparentheses -Wswitch -Wno-unused-function -Wno-unused-label -Wno-unused-parameter -Wno-unused-variable -Wunused-value -Wno-empty-body -Wno-uninitialized -Wno-unknown-pragmas -w -Wno-shadow -Wno-four-char-constants -Wno-conversion -Wno-constant-conversion -Wno-int-conversion -Wno-bool-conversion -Wno-enum-conversion -Wno-float-conversion -Wno-non-literal-null-conversion -Wno-objc-literal-conversion -Wshorten-64-to-32 -Wpointer-sign -Wno-newline-eof -Wno-selector -Wno-strict-selector-match -Wno-undeclared-selector -Wno-deprecated-implementations -Wno-implicit-fallthrough -isysroot /Applications/Xcode.app/Contents/Developer/Platforms/iPhoneSimulator.platform/Developer/SDKs/iPhoneSimulator26.4.sdk -fstrict-aliasing -Wprotocol -Wdeprecated-declarations -Wno-sign-conversion -Wno-infinite-recursion -Wno-comma -Wno-block-capture-autoreleasing -Wno-strict-prototypes -Wno-semicolon-before-method-body -index-store-path /Users/aadityasingh/Library/Developer/Xcode/DerivedData/Chatlio-erkyzdeecsohoaggpwbjdvavzqfv/Index.noindex/DataStore @/Users/aadityasingh/Library/Developer/Xcode/DerivedData/Chatlio-erkyzdeecsohoaggpwbjdvavzqfv/Build/Intermediates.noindex/DTCoreText.build/Debug-iphonesimulator/DTCoreText.build/Objects-normal/x86_64/e6072d4f65d7061329687fe24e3d63a7-common-args.resp -include /Users/aadityasingh/Library/Developer/Xcode/DerivedData/Chatlio-erkyzdeecsohoaggpwbjdvavzqfv/Build/Intermediates.noindex/DTCoreText.build/Debug-iphonesimulator/DTCoreText.build/DerivedSources/resource_bundle_accessor.h -MMD -MT dependencies -MF /Users/aadityasingh/Library/Developer/Xcode/DerivedData/Chatlio-erkyzdeecsohoaggpwbjdvavzqfv/Build/Intermediates.noindex/DTCoreText.build/Debug-iphonesimulator/DTCoreText.build/Objects-normal/x86_64/DTAccessibilityViewProxy.d --serialize-diagnostics /Users/aadityasingh/Library/Developer/Xcode/DerivedData/Chatlio-erkyzdeecsohoaggpwbjdvavzqfv/Build/Intermediates.noindex/DTCoreText.build/Debug-iphonesimulator/DTCoreText.build/Objects-normal/x86_64/DTAccessibilityViewProxy.dia -c /Users/aadityasingh/Library/Developer/Xcode/DerivedData/Chatlio-erkyzdeecsohoaggpwbjdvavzqfv/SourcePackages/checkouts/DTCoreText/Core/Source/DTAccessibilityViewProxy.m -o /Users/aadityasingh/Library/Developer/Xcode/DerivedData/Chatlio-erkyzdeecsohoaggpwbjdvavzqfv/Build/Intermediates.noindex/DTCoreText.build/Debug-iphonesimulator/DTCoreText.build/Objects-normal/x86_64/DTAccessibilityViewProxy.o -index-unit-output-path /DTCoreText.build/Debug-iphonesimulator/DTCoreText.build/Objects-normal/x86_64/DTAccessibilityViewProxy.o

ScanDependencies /Users/aadityasingh/Library/Developer/Xcode/DerivedData/Chatlio-erkyzdeecsohoaggpwbjdvavzqfv/Build/Intermediates.noindex/DTCoreText.build/Debug-iphonesimulator/DTCoreText.build/Objects-normal/arm64/NSString+Paragraphs.o /Users/aadityasingh/Library/Developer/Xcode/DerivedData/Chatlio-erkyzdeecsohoaggpwbjdvavzqfv/SourcePackages/checkouts/DTCoreText/Core/Source/NSString+Paragraphs.m normal arm64 objective-c com.apple.compilers.llvm.clang.1_0.compiler (in target 'DTCoreText' from project 'DTCoreText')
    cd /Users/aadityasingh/Documents/Development/element-x-ios/Chatlio.xcodeproj
    
    Using response file: /Users/aadityasingh/Library/Developer/Xcode/DerivedData/Chatlio-erkyzdeecsohoaggpwbjdvavzqfv/Build/Intermediates.noindex/DTCoreText.build/Debug-iphonesimulator/DTCoreText.build/Objects-normal/arm64/e6072d4f65d7061329687fe24e3d63a7-common-args.resp
    
    builtin-ScanDependencies -o /Users/aadityasingh/Library/Developer/Xcode/DerivedData/Chatlio-erkyzdeecsohoaggpwbjdvavzqfv/Build/Intermediates.noindex/DTCoreText.build/Debug-iphonesimulator/DTCoreText.build/Objects-normal/arm64/NSString+Paragraphs.o.scan -- /Applications/Xcode.app/Contents/Developer/Toolchains/XcodeDefault.xctoolchain/usr/bin/clang -x objective-c -ivfsstatcache /Users/aadityasingh/Library/Developer/Xcode/DerivedData/SDKStatCaches.noindex/iphonesimulator26.4-23E252-686eebb5dc1d8ecb277353a59184f4aa.sdkstatcache -target arm64-apple-ios12.0-simulator -fmessage-length\=0 -fdiagnostics-show-note-include-stack -fmacro-backtrace-limit\=0 -fno-color-diagnostics -fmodules-prune-interval\=86400 -fmodules-prune-after\=345600 -fbuild-session-file\=/Users/aadityasingh/Library/Developer/Xcode/DerivedData/ModuleCache.noindex/Session.modulevalidation -fmodules-validate-once-per-build-session -Wnon-modular-include-in-framework-module -Werror\=non-modular-include-in-framework-module -Wno-trigraphs -Wno-missing-field-initializers -Wno-missing-prototypes -Wno-return-type -Wno-implicit-atomic-properties -Wno-objc-interface-ivars -Wno-arc-repeated-use-of-weak -Wno-missing-braces -Wparentheses -Wswitch -Wno-unused-function -Wno-unused-label -Wno-unused-parameter -Wno-unused-variable -Wunused-value -Wno-empty-body -Wno-uninitialized -Wno-unknown-pragmas -w -Wno-shadow -Wno-four-char-constants -Wno-conversion -Wno-constant-conversion -Wno-int-conversion -Wno-bool-conversion -Wno-enum-conversion -Wno-float-conversion -Wno-non-literal-null-conversion -Wno-objc-literal-conversion -Wshorten-64-to-32 -Wpointer-sign -Wno-newline-eof -Wno-selector -Wno-strict-selector-match -Wno-undeclared-selector -Wno-deprecated-implementations -Wno-implicit-fallthrough -isysroot /Applications/Xcode.app/Contents/Developer/Platforms/iPhoneSimulator.platform/Developer/SDKs/iPhoneSimulator26.4.sdk -fstrict-aliasing -Wprotocol -Wdeprecated-declarations -Wno-sign-conversion -Wno-infinite-recursion -Wno-comma -Wno-block-capture-autoreleasing -Wno-strict-prototypes -Wno-semicolon-before-method-body -index-store-path /Users/aadityasingh/Library/Developer/Xcode/DerivedData/Chatlio-erkyzdeecsohoaggpwbjdvavzqfv/Index.noindex/DataStore @/Users/aadityasingh/Library/Developer/Xcode/DerivedData/Chatlio-erkyzdeecsohoaggpwbjdvavzqfv/Build/Intermediates.noindex/DTCoreText.build/Debug-iphonesimulator/DTCoreText.build/Objects-normal/arm64/e6072d4f65d7061329687fe24e3d63a7-common-args.resp -include /Users/aadityasingh/Library/Developer/Xcode/DerivedData/Chatlio-erkyzdeecsohoaggpwbjdvavzqfv/Build/Intermediates.noindex/DTCoreText.build/Debug-iphonesimulator/DTCoreText.build/DerivedSources/resource_bundle_accessor.h -MMD -MT dependencies -MF /Users/aadityasingh/Library/Developer/Xcode/DerivedData/Chatlio-erkyzdeecsohoaggpwbjdvavzqfv/Build/Intermediates.noindex/DTCoreText.build/Debug-iphonesimulator/DTCoreText.build/Objects-normal/arm64/NSString+Paragraphs.d --serialize-diagnostics /Users/aadityasingh/Library/Developer/Xcode/DerivedData/Chatlio-erkyzdeecsohoaggpwbjdvavzqfv/Build/Intermediates.noindex/DTCoreText.build/Debug-iphonesimulator/DTCoreText.build/Objects-normal/arm64/NSString+Paragraphs.dia -c /Users/aadityasingh/Library/Developer/Xcode/DerivedData/Chatlio-erkyzdeecsohoaggpwbjdvavzqfv/SourcePackages/checkouts/DTCoreText/Core/Source/NSString+Paragraphs.m -o /Users/aadityasingh/Library/Developer/Xcode/DerivedData/Chatlio-erkyzdeecsohoaggpwbjdvavzqfv/Build/Intermediates.noindex/DTCoreText.build/Debug-iphonesimulator/DTCoreText.build/Objects-normal/arm64/NSString+Paragraphs.o -index-unit-output-path /DTCoreText.build/Debug-iphonesimulator/DTCoreText.build/Objects-normal/arm64/NSString+Paragraphs.o

CompileC /Users/aadityasingh/Library/Developer/Xcode/DerivedData/Chatlio-erkyzdeecsohoaggpwbjdvavzqfv/Build/Intermediates.noindex/DTCoreText.build/Debug-iphonesimulator/DTCoreText.build/Objects-normal/x86_64/CTLineUtils.o /Users/aadityasingh/Library/Developer/Xcode/DerivedData/Chatlio-erkyzdeecsohoaggpwbjdvavzqfv/SourcePackages/checkouts/DTCoreText/Core/Source/CTLineUtils.m normal x86_64 objective-c com.apple.compilers.llvm.clang.1_0.compiler (in target 'DTCoreText' from project 'DTCoreText')
    cd /Users/aadityasingh/Documents/Development/element-x-ios/Chatlio.xcodeproj
    
    Using response file: /Users/aadityasingh/Library/Developer/Xcode/DerivedData/Chatlio-erkyzdeecsohoaggpwbjdvavzqfv/Build/Intermediates.noindex/DTCoreText.build/Debug-iphonesimulator/DTCoreText.build/Objects-normal/x86_64/e6072d4f65d7061329687fe24e3d63a7-common-args.resp
    
    /Applications/Xcode.app/Contents/Developer/Toolchains/XcodeDefault.xctoolchain/usr/bin/clang -x objective-c -ivfsstatcache /Users/aadityasingh/Library/Developer/Xcode/DerivedData/SDKStatCaches.noindex/iphonesimulator26.4-23E252-686eebb5dc1d8ecb277353a59184f4aa.sdkstatcache -target x86_64-apple-ios12.0-simulator -fmessage-length\=0 -fdiagnostics-show-note-include-stack -fmacro-backtrace-limit\=0 -fno-color-diagnostics -fmodules-prune-interval\=86400 -fmodules-prune-after\=345600 -fbuild-session-file\=/Users/aadityasingh/Library/Developer/Xcode/DerivedData/ModuleCache.noindex/Session.modulevalidation -fmodules-validate-once-per-build-session -Wnon-modular-include-in-framework-module -Werror\=non-modular-include-in-framework-module -Wno-trigraphs -Wno-missing-field-initializers -Wno-missing-prototypes -Wno-return-type -Wno-implicit-atomic-properties -Wno-objc-interface-ivars -Wno-arc-repeated-use-of-weak -Wno-missing-braces -Wparentheses -Wswitch -Wno-unused-function -Wno-unused-label -Wno-unused-parameter -Wno-unused-variable -Wunused-value -Wno-empty-body -Wno-uninitialized -Wno-unknown-pragmas -w -Wno-shadow -Wno-four-char-constants -Wno-conversion -Wno-constant-conversion -Wno-int-conversion -Wno-bool-conversion -Wno-enum-conversion -Wno-float-conversion -Wno-non-literal-null-conversion -Wno-objc-literal-conversion -Wshorten-64-to-32 -Wpointer-sign -Wno-newline-eof -Wno-selector -Wno-strict-selector-match -Wno-undeclared-selector -Wno-deprecated-implementations -Wno-implicit-fallthrough -isysroot /Applications/Xcode.app/Contents/Developer/Platforms/iPhoneSimulator.platform/Developer/SDKs/iPhoneSimulator26.4.sdk -fstrict-aliasing -Wprotocol -Wdeprecated-declarations -Wno-sign-conversion -Wno-infinite-recursion -Wno-comma -Wno-block-capture-autoreleasing -Wno-strict-prototypes -Wno-semicolon-before-method-body -index-store-path /Users/aadityasingh/Library/Developer/Xcode/DerivedData/Chatlio-erkyzdeecsohoaggpwbjdvavzqfv/Index.noindex/DataStore @/Users/aadityasingh/Library/Developer/Xcode/DerivedData/Chatlio-erkyzdeecsohoaggpwbjdvavzqfv/Build/Intermediates.noindex/DTCoreText.build/Debug-iphonesimulator/DTCoreText.build/Objects-normal/x86_64/e6072d4f65d7061329687fe24e3d63a7-common-args.resp -include /Users/aadityasingh/Library/Developer/Xcode/DerivedData/Chatlio-erkyzdeecsohoaggpwbjdvavzqfv/Build/Intermediates.noindex/DTCoreText.build/Debug-iphonesimulator/DTCoreText.build/DerivedSources/resource_bundle_accessor.h -MMD -MT dependencies -MF /Users/aadityasingh/Library/Developer/Xcode/DerivedData/Chatlio-erkyzdeecsohoaggpwbjdvavzqfv/Build/Intermediates.noindex/DTCoreText.build/Debug-iphonesimulator/DTCoreText.build/Objects-normal/x86_64/CTLineUtils.d --serialize-diagnostics /Users/aadityasingh/Library/Developer/Xcode/DerivedData/Chatlio-erkyzdeecsohoaggpwbjdvavzqfv/Build/Intermediates.noindex/DTCoreText.build/Debug-iphonesimulator/DTCoreText.build/Objects-normal/x86_64/CTLineUtils.dia -c /Users/aadityasingh/Library/Developer/Xcode/DerivedData/Chatlio-erkyzdeecsohoaggpwbjdvavzqfv/SourcePackages/checkouts/DTCoreText/Core/Source/CTLineUtils.m -o /Users/aadityasingh/Library/Developer/Xcode/DerivedData/Chatlio-erkyzdeecsohoaggpwbjdvavzqfv/Build/Intermediates.noindex/DTCoreText.build/Debug-iphonesimulator/DTCoreText.build/Objects-normal/x86_64/CTLineUtils.o -index-unit-output-path /DTCoreText.build/Debug-iphonesimulator/DTCoreText.build/Objects-normal/x86_64/CTLineUtils.o

ScanDependencies /Users/aadityasingh/Library/Developer/Xcode/DerivedData/Chatlio-erkyzdeecsohoaggpwbjdvavzqfv/Build/Intermediates.noindex/DTCoreText.build/Debug-iphonesimulator/DTCoreText.build/Objects-normal/arm64/NSString+HTML.o /Users/aadityasingh/Library/Developer/Xcode/DerivedData/Chatlio-erkyzdeecsohoaggpwbjdvavzqfv/SourcePackages/checkouts/DTCoreText/Core/Source/NSString+HTML.m normal arm64 objective-c com.apple.compilers.llvm.clang.1_0.compiler (in target 'DTCoreText' from project 'DTCoreText')
    cd /Users/aadityasingh/Documents/Development/element-x-ios/Chatlio.xcodeproj
    
    Using response file: /Users/aadityasingh/Library/Developer/Xcode/DerivedData/Chatlio-erkyzdeecsohoaggpwbjdvavzqfv/Build/Intermediates.noindex/DTCoreText.build/Debug-iphonesimulator/DTCoreText.build/Objects-normal/arm64/e6072d4f65d7061329687fe24e3d63a7-common-args.resp
    
    builtin-ScanDependencies -o /Users/aadityasingh/Library/Developer/Xcode/DerivedData/Chatlio-erkyzdeecsohoaggpwbjdvavzqfv/Build/Intermediates.noindex/DTCoreText.build/Debug-iphonesimulator/DTCoreText.build/Objects-normal/arm64/NSString+HTML.o.scan -- /Applications/Xcode.app/Contents/Developer/Toolchains/XcodeDefault.xctoolchain/usr/bin/clang -x objective-c -ivfsstatcache /Users/aadityasingh/Library/Developer/Xcode/DerivedData/SDKStatCaches.noindex/iphonesimulator26.4-23E252-686eebb5dc1d8ecb277353a59184f4aa.sdkstatcache -target arm64-apple-ios12.0-simulator -fmessage-length\=0 -fdiagnostics-show-note-include-stack -fmacro-backtrace-limit\=0 -fno-color-diagnostics -fmodules-prune-interval\=86400 -fmodules-prune-after\=345600 -fbuild-session-file\=/Users/aadityasingh/Library/Developer/Xcode/DerivedData/ModuleCache.noindex/Session.modulevalidation -fmodules-validate-once-per-build-session -Wnon-modular-include-in-framework-module -Werror\=non-modular-include-in-framework-module -Wno-trigraphs -Wno-missing-field-initializers -Wno-missing-prototypes -Wno-return-type -Wno-implicit-atomic-properties -Wno-objc-interface-ivars -Wno-arc-repeated-use-of-weak -Wno-missing-braces -Wparentheses -Wswitch -Wno-unused-function -Wno-unused-label -Wno-unused-parameter -Wno-unused-variable -Wunused-value -Wno-empty-body -Wno-uninitialized -Wno-unknown-pragmas -w -Wno-shadow -Wno-four-char-constants -Wno-conversion -Wno-constant-conversion -Wno-int-conversion -Wno-bool-conversion -Wno-enum-conversion -Wno-float-conversion -Wno-non-literal-null-conversion -Wno-objc-literal-conversion -Wshorten-64-to-32 -Wpointer-sign -Wno-newline-eof -Wno-selector -Wno-strict-selector-match -Wno-undeclared-selector -Wno-deprecated-implementations -Wno-implicit-fallthrough -isysroot /Applications/Xcode.app/Contents/Developer/Platforms/iPhoneSimulator.platform/Developer/SDKs/iPhoneSimulator26.4.sdk -fstrict-aliasing -Wprotocol -Wdeprecated-declarations -Wno-sign-conversion -Wno-infinite-recursion -Wno-comma -Wno-block-capture-autoreleasing -Wno-strict-prototypes -Wno-semicolon-before-method-body -index-store-path /Users/aadityasingh/Library/Developer/Xcode/DerivedData/Chatlio-erkyzdeecsohoaggpwbjdvavzqfv/Index.noindex/DataStore @/Users/aadityasingh/Library/Developer/Xcode/DerivedData/Chatlio-erkyzdeecsohoaggpwbjdvavzqfv/Build/Intermediates.noindex/DTCoreText.build/Debug-iphonesimulator/DTCoreText.build/Objects-normal/arm64/e6072d4f65d7061329687fe24e3d63a7-common-args.resp -include /Users/aadityasingh/Library/Developer/Xcode/DerivedData/Chatlio-erkyzdeecsohoaggpwbjdvavzqfv/Build/Intermediates.noindex/DTCoreText.build/Debug-iphonesimulator/DTCoreText.build/DerivedSources/resource_bundle_accessor.h -MMD -MT dependencies -MF /Users/aadityasingh/Library/Developer/Xcode/DerivedData/Chatlio-erkyzdeecsohoaggpwbjdvavzqfv/Build/Intermediates.noindex/DTCoreText.build/Debug-iphonesimulator/DTCoreText.build/Objects-normal/arm64/NSString+HTML.d --serialize-diagnostics /Users/aadityasingh/Library/Developer/Xcode/DerivedData/Chatlio-erkyzdeecsohoaggpwbjdvavzqfv/Build/Intermediates.noindex/DTCoreText.build/Debug-iphonesimulator/DTCoreText.build/Objects-normal/arm64/NSString+HTML.dia -c /Users/aadityasingh/Library/Developer/Xcode/DerivedData/Chatlio-erkyzdeecsohoaggpwbjdvavzqfv/SourcePackages/checkouts/DTCoreText/Core/Source/NSString+HTML.m -o /Users/aadityasingh/Library/Developer/Xcode/DerivedData/Chatlio-erkyzdeecsohoaggpwbjdvavzqfv/Build/Intermediates.noindex/DTCoreText.build/Debug-iphonesimulator/DTCoreText.build/Objects-normal/arm64/NSString+HTML.o -index-unit-output-path /DTCoreText.build/Debug-iphonesimulator/DTCoreText.build/Objects-normal/arm64/NSString+HTML.o

CompileC /Users/aadityasingh/Library/Developer/Xcode/DerivedData/Chatlio-erkyzdeecsohoaggpwbjdvavzqfv/Build/Intermediates.noindex/DTCoreText.build/Debug-iphonesimulator/DTCoreText.build/Objects-normal/x86_64/DTAccessibilityElement.o /Users/aadityasingh/Library/Developer/Xcode/DerivedData/Chatlio-erkyzdeecsohoaggpwbjdvavzqfv/SourcePackages/checkouts/DTCoreText/Core/Source/DTAccessibilityElement.m normal x86_64 objective-c com.apple.compilers.llvm.clang.1_0.compiler (in target 'DTCoreText' from project 'DTCoreText')
    cd /Users/aadityasingh/Documents/Development/element-x-ios/Chatlio.xcodeproj
    
    Using response file: /Users/aadityasingh/Library/Developer/Xcode/DerivedData/Chatlio-erkyzdeecsohoaggpwbjdvavzqfv/Build/Intermediates.noindex/DTCoreText.build/Debug-iphonesimulator/DTCoreText.build/Objects-normal/x86_64/e6072d4f65d7061329687fe24e3d63a7-common-args.resp
    
    /Applications/Xcode.app/Contents/Developer/Toolchains/XcodeDefault.xctoolchain/usr/bin/clang -x objective-c -ivfsstatcache /Users/aadityasingh/Library/Developer/Xcode/DerivedData/SDKStatCaches.noindex/iphonesimulator26.4-23E252-686eebb5dc1d8ecb277353a59184f4aa.sdkstatcache -target x86_64-apple-ios12.0-simulator -fmessage-length\=0 -fdiagnostics-show-note-include-stack -fmacro-backtrace-limit\=0 -fno-color-diagnostics -fmodules-prune-interval\=86400 -fmodules-prune-after\=345600 -fbuild-session-file\=/Users/aadityasingh/Library/Developer/Xcode/DerivedData/ModuleCache.noindex/Session.modulevalidation -fmodules-validate-once-per-build-session -Wnon-modular-include-in-framework-module -Werror\=non-modular-include-in-framework-module -Wno-trigraphs -Wno-missing-field-initializers -Wno-missing-prototypes -Wno-return-type -Wno-implicit-atomic-properties -Wno-objc-interface-ivars -Wno-arc-repeated-use-of-weak -Wno-missing-braces -Wparentheses -Wswitch -Wno-unused-function -Wno-unused-label -Wno-unused-parameter -Wno-unused-variable -Wunused-value -Wno-empty-body -Wno-uninitialized -Wno-unknown-pragmas -w -Wno-shadow -Wno-four-char-constants -Wno-conversion -Wno-constant-conversion -Wno-int-conversion -Wno-bool-conversion -Wno-enum-conversion -Wno-float-conversion -Wno-non-literal-null-conversion -Wno-objc-literal-conversion -Wshorten-64-to-32 -Wpointer-sign -Wno-newline-eof -Wno-selector -Wno-strict-selector-match -Wno-undeclared-selector -Wno-deprecated-implementations -Wno-implicit-fallthrough -isysroot /Applications/Xcode.app/Contents/Developer/Platforms/iPhoneSimulator.platform/Developer/SDKs/iPhoneSimulator26.4.sdk -fstrict-aliasing -Wprotocol -Wdeprecated-declarations -Wno-sign-conversion -Wno-infinite-recursion -Wno-comma -Wno-block-capture-autoreleasing -Wno-strict-prototypes -Wno-semicolon-before-method-body -index-store-path /Users/aadityasingh/Library/Developer/Xcode/DerivedData/Chatlio-erkyzdeecsohoaggpwbjdvavzqfv/Index.noindex/DataStore @/Users/aadityasingh/Library/Developer/Xcode/DerivedData/Chatlio-erkyzdeecsohoaggpwbjdvavzqfv/Build/Intermediates.noindex/DTCoreText.build/Debug-iphonesimulator/DTCoreText.build/Objects-normal/x86_64/e6072d4f65d7061329687fe24e3d63a7-common-args.resp -include /Users/aadityasingh/Library/Developer/Xcode/DerivedData/Chatlio-erkyzdeecsohoaggpwbjdvavzqfv/Build/Intermediates.noindex/DTCoreText.build/Debug-iphonesimulator/DTCoreText.build/DerivedSources/resource_bundle_accessor.h -MMD -MT dependencies -MF /Users/aadityasingh/Library/Developer/Xcode/DerivedData/Chatlio-erkyzdeecsohoaggpwbjdvavzqfv/Build/Intermediates.noindex/DTCoreText.build/Debug-iphonesimulator/DTCoreText.build/Objects-normal/x86_64/DTAccessibilityElement.d --serialize-diagnostics /Users/aadityasingh/Library/Developer/Xcode/DerivedData/Chatlio-erkyzdeecsohoaggpwbjdvavzqfv/Build/Intermediates.noindex/DTCoreText.build/Debug-iphonesimulator/DTCoreText.build/Objects-normal/x86_64/DTAccessibilityElement.dia -c /Users/aadityasingh/Library/Developer/Xcode/DerivedData/Chatlio-erkyzdeecsohoaggpwbjdvavzqfv/SourcePackages/checkouts/DTCoreText/Core/Source/DTAccessibilityElement.m -o /Users/aadityasingh/Library/Developer/Xcode/DerivedData/Chatlio-erkyzdeecsohoaggpwbjdvavzqfv/Build/Intermediates.noindex/DTCoreText.build/Debug-iphonesimulator/DTCoreText.build/Objects-normal/x86_64/DTAccessibilityElement.o -index-unit-output-path /DTCoreText.build/Debug-iphonesimulator/DTCoreText.build/Objects-normal/x86_64/DTAccessibilityElement.o

PrecompileModule /Users/aadityasingh/Library/Developer/Xcode/DerivedData/Chatlio-erkyzdeecsohoaggpwbjdvavzqfv/Build/Intermediates.noindex/ExplicitPrecompiledModules/CoreFoundation-EQ1MAY9630MCZGX0I5L8FCFB8.scan
    cd /
    builtin-precompileModule /Users/aadityasingh/Library/Developer/Xcode/DerivedData/Chatlio-erkyzdeecsohoaggpwbjdvavzqfv/Build/Intermediates.noindex/ExplicitPrecompiledModules/CoreFoundation-EQ1MAY9630MCZGX0I5L8FCFB8.scan

PrecompileModule /Users/aadityasingh/Library/Developer/Xcode/DerivedData/Chatlio-erkyzdeecsohoaggpwbjdvavzqfv/Build/Intermediates.noindex/ExplicitPrecompiledModules/CoreFoundation-DCWV8738K0D34F6K6C0M6DN02.scan
    cd /
    builtin-precompileModule /Users/aadityasingh/Library/Developer/Xcode/DerivedData/Chatlio-erkyzdeecsohoaggpwbjdvavzqfv/Build/Intermediates.noindex/ExplicitPrecompiledModules/CoreFoundation-DCWV8738K0D34F6K6C0M6DN02.scan

PrecompileModule /Users/aadityasingh/Library/Developer/Xcode/DerivedData/Chatlio-erkyzdeecsohoaggpwbjdvavzqfv/Build/Intermediates.noindex/ExplicitPrecompiledModules/XPC-DUHGL5TXPCGILOR23Z6L020X5.scan
    cd /
    builtin-precompileModule /Users/aadityasingh/Library/Developer/Xcode/DerivedData/Chatlio-erkyzdeecsohoaggpwbjdvavzqfv/Build/Intermediates.noindex/ExplicitPrecompiledModules/XPC-DUHGL5TXPCGILOR23Z6L020X5.scan

PrecompileModule /Users/aadityasingh/Library/Developer/Xcode/DerivedData/Chatlio-erkyzdeecsohoaggpwbjdvavzqfv/Build/Intermediates.noindex/ExplicitPrecompiledModules/UIKit-NS0HKYNRI7Q0UEQFBWCF9PGF.scan
    cd /
    builtin-precompileModule /Users/aadityasingh/Library/Developer/Xcode/DerivedData/Chatlio-erkyzdeecsohoaggpwbjdvavzqfv/Build/Intermediates.noindex/ExplicitPrecompiledModules/UIKit-NS0HKYNRI7Q0UEQFBWCF9PGF.scan

PrecompileModule /Users/aadityasingh/Library/Developer/Xcode/DerivedData/Chatlio-erkyzdeecsohoaggpwbjdvavzqfv/Build/Intermediates.noindex/ExplicitPrecompiledModules/XPC-37D0HK9Y9I01A6FNNPZY9ATSQ.scan
    cd /
    builtin-precompileModule /Users/aadityasingh/Library/Developer/Xcode/DerivedData/Chatlio-erkyzdeecsohoaggpwbjdvavzqfv/Build/Intermediates.noindex/ExplicitPrecompiledModules/XPC-37D0HK9Y9I01A6FNNPZY9ATSQ.scan

ScanDependencies /Users/aadityasingh/Library/Developer/Xcode/DerivedData/Chatlio-erkyzdeecsohoaggpwbjdvavzqfv/Build/Intermediates.noindex/DTCoreText.build/Debug-iphonesimulator/DTCoreText.build/Objects-normal/arm64/NSString+CSS.o /Users/aadityasingh/Library/Developer/Xcode/DerivedData/Chatlio-erkyzdeecsohoaggpwbjdvavzqfv/SourcePackages/checkouts/DTCoreText/Core/Source/NSString+CSS.m normal arm64 objective-c com.apple.compilers.llvm.clang.1_0.compiler (in target 'DTCoreText' from project 'DTCoreText')
    cd /Users/aadityasingh/Documents/Development/element-x-ios/Chatlio.xcodeproj
    
    Using response file: /Users/aadityasingh/Library/Developer/Xcode/DerivedData/Chatlio-erkyzdeecsohoaggpwbjdvavzqfv/Build/Intermediates.noindex/DTCoreText.build/Debug-iphonesimulator/DTCoreText.build/Objects-normal/arm64/e6072d4f65d7061329687fe24e3d63a7-common-args.resp
    
    builtin-ScanDependencies -o /Users/aadityasingh/Library/Developer/Xcode/DerivedData/Chatlio-erkyzdeecsohoaggpwbjdvavzqfv/Build/Intermediates.noindex/DTCoreText.build/Debug-iphonesimulator/DTCoreText.build/Objects-normal/arm64/NSString+CSS.o.scan -- /Applications/Xcode.app/Contents/Developer/Toolchains/XcodeDefault.xctoolchain/usr/bin/clang -x objective-c -ivfsstatcache /Users/aadityasingh/Library/Developer/Xcode/DerivedData/SDKStatCaches.noindex/iphonesimulator26.4-23E252-686eebb5dc1d8ecb277353a59184f4aa.sdkstatcache -target arm64-apple-ios12.0-simulator -fmessage-length\=0 -fdiagnostics-show-note-include-stack -fmacro-backtrace-limit\=0 -fno-color-diagnostics -fmodules-prune-interval\=86400 -fmodules-prune-after\=345600 -fbuild-session-file\=/Users/aadityasingh/Library/Developer/Xcode/DerivedData/ModuleCache.noindex/Session.modulevalidation -fmodules-validate-once-per-build-session -Wnon-modular-include-in-framework-module -Werror\=non-modular-include-in-framework-module -Wno-trigraphs -Wno-missing-field-initializers -Wno-missing-prototypes -Wno-return-type -Wno-implicit-atomic-properties -Wno-objc-interface-ivars -Wno-arc-repeated-use-of-weak -Wno-missing-braces -Wparentheses -Wswitch -Wno-unused-function -Wno-unused-label -Wno-unused-parameter -Wno-unused-variable -Wunused-value -Wno-empty-body -Wno-uninitialized -Wno-unknown-pragmas -w -Wno-shadow -Wno-four-char-constants -Wno-conversion -Wno-constant-conversion -Wno-int-conversion -Wno-bool-conversion -Wno-enum-conversion -Wno-float-conversion -Wno-non-literal-null-conversion -Wno-objc-literal-conversion -Wshorten-64-to-32 -Wpointer-sign -Wno-newline-eof -Wno-selector -Wno-strict-selector-match -Wno-undeclared-selector -Wno-deprecated-implementations -Wno-implicit-fallthrough -isysroot /Applications/Xcode.app/Contents/Developer/Platforms/iPhoneSimulator.platform/Developer/SDKs/iPhoneSimulator26.4.sdk -fstrict-aliasing -Wprotocol -Wdeprecated-declarations -Wno-sign-conversion -Wno-infinite-recursion -Wno-comma -Wno-block-capture-autoreleasing -Wno-strict-prototypes -Wno-semicolon-before-method-body -index-store-path /Users/aadityasingh/Library/Developer/Xcode/DerivedData/Chatlio-erkyzdeecsohoaggpwbjdvavzqfv/Index.noindex/DataStore @/Users/aadityasingh/Library/Developer/Xcode/DerivedData/Chatlio-erkyzdeecsohoaggpwbjdvavzqfv/Build/Intermediates.noindex/DTCoreText.build/Debug-iphonesimulator/DTCoreText.build/Objects-normal/arm64/e6072d4f65d7061329687fe24e3d63a7-common-args.resp -include /Users/aadityasingh/Library/Developer/Xcode/DerivedData/Chatlio-erkyzdeecsohoaggpwbjdvavzqfv/Build/Intermediates.noindex/DTCoreText.build/Debug-iphonesimulator/DTCoreText.build/DerivedSources/resource_bundle_accessor.h -MMD -MT dependencies -MF /Users/aadityasingh/Library/Developer/Xcode/DerivedData/Chatlio-erkyzdeecsohoaggpwbjdvavzqfv/Build/Intermediates.noindex/DTCoreText.build/Debug-iphonesimulator/DTCoreText.build/Objects-normal/arm64/NSString+CSS.d --serialize-diagnostics /Users/aadityasingh/Library/Developer/Xcode/DerivedData/Chatlio-erkyzdeecsohoaggpwbjdvavzqfv/Build/Intermediates.noindex/DTCoreText.build/Debug-iphonesimulator/DTCoreText.build/Objects-normal/arm64/NSString+CSS.dia -c /Users/aadityasingh/Library/Developer/Xcode/DerivedData/Chatlio-erkyzdeecsohoaggpwbjdvavzqfv/SourcePackages/checkouts/DTCoreText/Core/Source/NSString+CSS.m -o /Users/aadityasingh/Library/Developer/Xcode/DerivedData/Chatlio-erkyzdeecsohoaggpwbjdvavzqfv/Build/Intermediates.noindex/DTCoreText.build/Debug-iphonesimulator/DTCoreText.build/Objects-normal/arm64/NSString+CSS.o -index-unit-output-path /DTCoreText.build/Debug-iphonesimulator/DTCoreText.build/Objects-normal/arm64/NSString+CSS.o

ScanDependencies /Users/aadityasingh/Library/Developer/Xcode/DerivedData/Chatlio-erkyzdeecsohoaggpwbjdvavzqfv/Build/Intermediates.noindex/DTCoreText.build/Debug-iphonesimulator/DTCoreText.build/Objects-normal/arm64/NSScanner+HTML.o /Users/aadityasingh/Library/Developer/Xcode/DerivedData/Chatlio-erkyzdeecsohoaggpwbjdvavzqfv/SourcePackages/checkouts/DTCoreText/Core/Source/NSScanner+HTML.m normal arm64 objective-c com.apple.compilers.llvm.clang.1_0.compiler (in target 'DTCoreText' from project 'DTCoreText')
    cd /Users/aadityasingh/Documents/Development/element-x-ios/Chatlio.xcodeproj
    
    Using response file: /Users/aadityasingh/Library/Developer/Xcode/DerivedData/Chatlio-erkyzdeecsohoaggpwbjdvavzqfv/Build/Intermediates.noindex/DTCoreText.build/Debug-iphonesimulator/DTCoreText.build/Objects-normal/arm64/e6072d4f65d7061329687fe24e3d63a7-common-args.resp
    
    builtin-ScanDependencies -o /Users/aadityasingh/Library/Developer/Xcode/DerivedData/Chatlio-erkyzdeecsohoaggpwbjdvavzqfv/Build/Intermediates.noindex/DTCoreText.build/Debug-iphonesimulator/DTCoreText.build/Objects-normal/arm64/NSScanner+HTML.o.scan -- /Applications/Xcode.app/Contents/Developer/Toolchains/XcodeDefault.xctoolchain/usr/bin/clang -x objective-c -ivfsstatcache /Users/aadityasingh/Library/Developer/Xcode/DerivedData/SDKStatCaches.noindex/iphonesimulator26.4-23E252-686eebb5dc1d8ecb277353a59184f4aa.sdkstatcache -target arm64-apple-ios12.0-simulator -fmessage-length\=0 -fdiagnostics-show-note-include-stack -fmacro-backtrace-limit\=0 -fno-color-diagnostics -fmodules-prune-interval\=86400 -fmodules-prune-after\=345600 -fbuild-session-file\=/Users/aadityasingh/Library/Developer/Xcode/DerivedData/ModuleCache.noindex/Session.modulevalidation -fmodules-validate-once-per-build-session -Wnon-modular-include-in-framework-module -Werror\=non-modular-include-in-framework-module -Wno-trigraphs -Wno-missing-field-initializers -Wno-missing-prototypes -Wno-return-type -Wno-implicit-atomic-properties -Wno-objc-interface-ivars -Wno-arc-repeated-use-of-weak -Wno-missing-braces -Wparentheses -Wswitch -Wno-unused-function -Wno-unused-label -Wno-unused-parameter -Wno-unused-variable -Wunused-value -Wno-empty-body -Wno-uninitialized -Wno-unknown-pragmas -w -Wno-shadow -Wno-four-char-constants -Wno-conversion -Wno-constant-conversion -Wno-int-conversion -Wno-bool-conversion -Wno-enum-conversion -Wno-float-conversion -Wno-non-literal-null-conversion -Wno-objc-literal-conversion -Wshorten-64-to-32 -Wpointer-sign -Wno-newline-eof -Wno-selector -Wno-strict-selector-match -Wno-undeclared-selector -Wno-deprecated-implementations -Wno-implicit-fallthrough -isysroot /Applications/Xcode.app/Contents/Developer/Platforms/iPhoneSimulator.platform/Developer/SDKs/iPhoneSimulator26.4.sdk -fstrict-aliasing -Wprotocol -Wdeprecated-declarations -Wno-sign-conversion -Wno-infinite-recursion -Wno-comma -Wno-block-capture-autoreleasing -Wno-strict-prototypes -Wno-semicolon-before-method-body -index-store-path /Users/aadityasingh/Library/Developer/Xcode/DerivedData/Chatlio-erkyzdeecsohoaggpwbjdvavzqfv/Index.noindex/DataStore @/Users/aadityasingh/Library/Developer/Xcode/DerivedData/Chatlio-erkyzdeecsohoaggpwbjdvavzqfv/Build/Intermediates.noindex/DTCoreText.build/Debug-iphonesimulator/DTCoreText.build/Objects-normal/arm64/e6072d4f65d7061329687fe24e3d63a7-common-args.resp -include /Users/aadityasingh/Library/Developer/Xcode/DerivedData/Chatlio-erkyzdeecsohoaggpwbjdvavzqfv/Build/Intermediates.noindex/DTCoreText.build/Debug-iphonesimulator/DTCoreText.build/DerivedSources/resource_bundle_accessor.h -MMD -MT dependencies -MF /Users/aadityasingh/Library/Developer/Xcode/DerivedData/Chatlio-erkyzdeecsohoaggpwbjdvavzqfv/Build/Intermediates.noindex/DTCoreText.build/Debug-iphonesimulator/DTCoreText.build/Objects-normal/arm64/NSScanner+HTML.d --serialize-diagnostics /Users/aadityasingh/Library/Developer/Xcode/DerivedData/Chatlio-erkyzdeecsohoaggpwbjdvavzqfv/Build/Intermediates.noindex/DTCoreText.build/Debug-iphonesimulator/DTCoreText.build/Objects-normal/arm64/NSScanner+HTML.dia -c /Users/aadityasingh/Library/Developer/Xcode/DerivedData/Chatlio-erkyzdeecsohoaggpwbjdvavzqfv/SourcePackages/checkouts/DTCoreText/Core/Source/NSScanner+HTML.m -o /Users/aadityasingh/Library/Developer/Xcode/DerivedData/Chatlio-erkyzdeecsohoaggpwbjdvavzqfv/Build/Intermediates.noindex/DTCoreText.build/Debug-iphonesimulator/DTCoreText.build/Objects-normal/arm64/NSScanner+HTML.o -index-unit-output-path /DTCoreText.build/Debug-iphonesimulator/DTCoreText.build/Objects-normal/arm64/NSScanner+HTML.o

ScanDependencies /Users/aadityasingh/Library/Developer/Xcode/DerivedData/Chatlio-erkyzdeecsohoaggpwbjdvavzqfv/Build/Intermediates.noindex/DTCoreText.build/Debug-iphonesimulator/DTCoreText.build/Objects-normal/arm64/NSNumber+RomanNumerals.o /Users/aadityasingh/Library/Developer/Xcode/DerivedData/Chatlio-erkyzdeecsohoaggpwbjdvavzqfv/SourcePackages/checkouts/DTCoreText/Core/Source/NSNumber+RomanNumerals.m normal arm64 objective-c com.apple.compilers.llvm.clang.1_0.compiler (in target 'DTCoreText' from project 'DTCoreText')
    cd /Users/aadityasingh/Documents/Development/element-x-ios/Chatlio.xcodeproj
    
    Using response file: /Users/aadityasingh/Library/Developer/Xcode/DerivedData/Chatlio-erkyzdeecsohoaggpwbjdvavzqfv/Build/Intermediates.noindex/DTCoreText.build/Debug-iphonesimulator/DTCoreText.build/Objects-normal/arm64/e6072d4f65d7061329687fe24e3d63a7-common-args.resp
    
    builtin-ScanDependencies -o /Users/aadityasingh/Library/Developer/Xcode/DerivedData/Chatlio-erkyzdeecsohoaggpwbjdvavzqfv/Build/Intermediates.noindex/DTCoreText.build/Debug-iphonesimulator/DTCoreText.build/Objects-normal/arm64/NSNumber+RomanNumerals.o.scan -- /Applications/Xcode.app/Contents/Developer/Toolchains/XcodeDefault.xctoolchain/usr/bin/clang -x objective-c -ivfsstatcache /Users/aadityasingh/Library/Developer/Xcode/DerivedData/SDKStatCaches.noindex/iphonesimulator26.4-23E252-686eebb5dc1d8ecb277353a59184f4aa.sdkstatcache -target arm64-apple-ios12.0-simulator -fmessage-length\=0 -fdiagnostics-show-note-include-stack -fmacro-backtrace-limit\=0 -fno-color-diagnostics -fmodules-prune-interval\=86400 -fmodules-prune-after\=345600 -fbuild-session-file\=/Users/aadityasingh/Library/Developer/Xcode/DerivedData/ModuleCache.noindex/Session.modulevalidation -fmodules-validate-once-per-build-session -Wnon-modular-include-in-framework-module -Werror\=non-modular-include-in-framework-module -Wno-trigraphs -Wno-missing-field-initializers -Wno-missing-prototypes -Wno-return-type -Wno-implicit-atomic-properties -Wno-objc-interface-ivars -Wno-arc-repeated-use-of-weak -Wno-missing-braces -Wparentheses -Wswitch -Wno-unused-function -Wno-unused-label -Wno-unused-parameter -Wno-unused-variable -Wunused-value -Wno-empty-body -Wno-uninitialized -Wno-unknown-pragmas -w -Wno-shadow -Wno-four-char-constants -Wno-conversion -Wno-constant-conversion -Wno-int-conversion -Wno-bool-conversion -Wno-enum-conversion -Wno-float-conversion -Wno-non-literal-null-conversion -Wno-objc-literal-conversion -Wshorten-64-to-32 -Wpointer-sign -Wno-newline-eof -Wno-selector -Wno-strict-selector-match -Wno-undeclared-selector -Wno-deprecated-implementations -Wno-implicit-fallthrough -isysroot /Applications/Xcode.app/Contents/Developer/Platforms/iPhoneSimulator.platform/Developer/SDKs/iPhoneSimulator26.4.sdk -fstrict-aliasing -Wprotocol -Wdeprecated-declarations -Wno-sign-conversion -Wno-infinite-recursion -Wno-comma -Wno-block-capture-autoreleasing -Wno-strict-prototypes -Wno-semicolon-before-method-body -index-store-path /Users/aadityasingh/Library/Developer/Xcode/DerivedData/Chatlio-erkyzdeecsohoaggpwbjdvavzqfv/Index.noindex/DataStore @/Users/aadityasingh/Library/Developer/Xcode/DerivedData/Chatlio-erkyzdeecsohoaggpwbjdvavzqfv/Build/Intermediates.noindex/DTCoreText.build/Debug-iphonesimulator/DTCoreText.build/Objects-normal/arm64/e6072d4f65d7061329687fe24e3d63a7-common-args.resp -include /Users/aadityasingh/Library/Developer/Xcode/DerivedData/Chatlio-erkyzdeecsohoaggpwbjdvavzqfv/Build/Intermediates.noindex/DTCoreText.build/Debug-iphonesimulator/DTCoreText.build/DerivedSources/resource_bundle_accessor.h -MMD -MT dependencies -MF /Users/aadityasingh/Library/Developer/Xcode/DerivedData/Chatlio-erkyzdeecsohoaggpwbjdvavzqfv/Build/Intermediates.noindex/DTCoreText.build/Debug-iphonesimulator/DTCoreText.build/Objects-normal/arm64/NSNumber+RomanNumerals.d --serialize-diagnostics /Users/aadityasingh/Library/Developer/Xcode/DerivedData/Chatlio-erkyzdeecsohoaggpwbjdvavzqfv/Build/Intermediates.noindex/DTCoreText.build/Debug-iphonesimulator/DTCoreText.build/Objects-normal/arm64/NSNumber+RomanNumerals.dia -c /Users/aadityasingh/Library/Developer/Xcode/DerivedData/Chatlio-erkyzdeecsohoaggpwbjdvavzqfv/SourcePackages/checkouts/DTCoreText/Core/Source/NSNumber+RomanNumerals.m -o /Users/aadityasingh/Library/Developer/Xcode/DerivedData/Chatlio-erkyzdeecsohoaggpwbjdvavzqfv/Build/Intermediates.noindex/DTCoreText.build/Debug-iphonesimulator/DTCoreText.build/Objects-normal/arm64/NSNumber+RomanNumerals.o -index-unit-output-path /DTCoreText.build/Debug-iphonesimulator/DTCoreText.build/Objects-normal/arm64/NSNumber+RomanNumerals.o

ScanDependencies /Users/aadityasingh/Library/Developer/Xcode/DerivedData/Chatlio-erkyzdeecsohoaggpwbjdvavzqfv/Build/Intermediates.noindex/DTCoreText.build/Debug-iphonesimulator/DTCoreText.build/Objects-normal/arm64/NSMutableString+HTML.o /Users/aadityasingh/Library/Developer/Xcode/DerivedData/Chatlio-erkyzdeecsohoaggpwbjdvavzqfv/SourcePackages/checkouts/DTCoreText/Core/Source/NSMutableString+HTML.m normal arm64 objective-c com.apple.compilers.llvm.clang.1_0.compiler (in target 'DTCoreText' from project 'DTCoreText')
    cd /Users/aadityasingh/Documents/Development/element-x-ios/Chatlio.xcodeproj
    
    Using response file: /Users/aadityasingh/Library/Developer/Xcode/DerivedData/Chatlio-erkyzdeecsohoaggpwbjdvavzqfv/Build/Intermediates.noindex/DTCoreText.build/Debug-iphonesimulator/DTCoreText.build/Objects-normal/arm64/e6072d4f65d7061329687fe24e3d63a7-common-args.resp
    
    builtin-ScanDependencies -o /Users/aadityasingh/Library/Developer/Xcode/DerivedData/Chatlio-erkyzdeecsohoaggpwbjdvavzqfv/Build/Intermediates.noindex/DTCoreText.build/Debug-iphonesimulator/DTCoreText.build/Objects-normal/arm64/NSMutableString+HTML.o.scan -- /Applications/Xcode.app/Contents/Developer/Toolchains/XcodeDefault.xctoolchain/usr/bin/clang -x objective-c -ivfsstatcache /Users/aadityasingh/Library/Developer/Xcode/DerivedData/SDKStatCaches.noindex/iphonesimulator26.4-23E252-686eebb5dc1d8ecb277353a59184f4aa.sdkstatcache -target arm64-apple-ios12.0-simulator -fmessage-length\=0 -fdiagnostics-show-note-include-stack -fmacro-backtrace-limit\=0 -fno-color-diagnostics -fmodules-prune-interval\=86400 -fmodules-prune-after\=345600 -fbuild-session-file\=/Users/aadityasingh/Library/Developer/Xcode/DerivedData/ModuleCache.noindex/Session.modulevalidation -fmodules-validate-once-per-build-session -Wnon-modular-include-in-framework-module -Werror\=non-modular-include-in-framework-module -Wno-trigraphs -Wno-missing-field-initializers -Wno-missing-prototypes -Wno-return-type -Wno-implicit-atomic-properties -Wno-objc-interface-ivars -Wno-arc-repeated-use-of-weak -Wno-missing-braces -Wparentheses -Wswitch -Wno-unused-function -Wno-unused-label -Wno-unused-parameter -Wno-unused-variable -Wunused-value -Wno-empty-body -Wno-uninitialized -Wno-unknown-pragmas -w -Wno-shadow -Wno-four-char-constants -Wno-conversion -Wno-constant-conversion -Wno-int-conversion -Wno-bool-conversion -Wno-enum-conversion -Wno-float-conversion -Wno-non-literal-null-conversion -Wno-objc-literal-conversion -Wshorten-64-to-32 -Wpointer-sign -Wno-newline-eof -Wno-selector -Wno-strict-selector-match -Wno-undeclared-selector -Wno-deprecated-implementations -Wno-implicit-fallthrough -isysroot /Applications/Xcode.app/Contents/Developer/Platforms/iPhoneSimulator.platform/Developer/SDKs/iPhoneSimulator26.4.sdk -fstrict-aliasing -Wprotocol -Wdeprecated-declarations -Wno-sign-conversion -Wno-infinite-recursion -Wno-comma -Wno-block-capture-autoreleasing -Wno-strict-prototypes -Wno-semicolon-before-method-body -index-store-path /Users/aadityasingh/Library/Developer/Xcode/DerivedData/Chatlio-erkyzdeecsohoaggpwbjdvavzqfv/Index.noindex/DataStore @/Users/aadityasingh/Library/Developer/Xcode/DerivedData/Chatlio-erkyzdeecsohoaggpwbjdvavzqfv/Build/Intermediates.noindex/DTCoreText.build/Debug-iphonesimulator/DTCoreText.build/Objects-normal/arm64/e6072d4f65d7061329687fe24e3d63a7-common-args.resp -include /Users/aadityasingh/Library/Developer/Xcode/DerivedData/Chatlio-erkyzdeecsohoaggpwbjdvavzqfv/Build/Intermediates.noindex/DTCoreText.build/Debug-iphonesimulator/DTCoreText.build/DerivedSources/resource_bundle_accessor.h -MMD -MT dependencies -MF /Users/aadityasingh/Library/Developer/Xcode/DerivedData/Chatlio-erkyzdeecsohoaggpwbjdvavzqfv/Build/Intermediates.noindex/DTCoreText.build/Debug-iphonesimulator/DTCoreText.build/Objects-normal/arm64/NSMutableString+HTML.d --serialize-diagnostics /Users/aadityasingh/Library/Developer/Xcode/DerivedData/Chatlio-erkyzdeecsohoaggpwbjdvavzqfv/Build/Intermediates.noindex/DTCoreText.build/Debug-iphonesimulator/DTCoreText.build/Objects-normal/arm64/NSMutableString+HTML.dia -c /Users/aadityasingh/Library/Developer/Xcode/DerivedData/Chatlio-erkyzdeecsohoaggpwbjdvavzqfv/SourcePackages/checkouts/DTCoreText/Core/Source/NSMutableString+HTML.m -o /Users/aadityasingh/Library/Developer/Xcode/DerivedData/Chatlio-erkyzdeecsohoaggpwbjdvavzqfv/Build/Intermediates.noindex/DTCoreText.build/Debug-iphonesimulator/DTCoreText.build/Objects-normal/arm64/NSMutableString+HTML.o -index-unit-output-path /DTCoreText.build/Debug-iphonesimulator/DTCoreText.build/Objects-normal/arm64/NSMutableString+HTML.o

PrecompileModule /Users/aadityasingh/Library/Developer/Xcode/DerivedData/Chatlio-erkyzdeecsohoaggpwbjdvavzqfv/Build/Intermediates.noindex/ExplicitPrecompiledModules/CFNetwork-4BSSIKHO0E631T6SLBG27X8I0.scan
    cd /
    builtin-precompileModule /Users/aadityasingh/Library/Developer/Xcode/DerivedData/Chatlio-erkyzdeecsohoaggpwbjdvavzqfv/Build/Intermediates.noindex/ExplicitPrecompiledModules/CFNetwork-4BSSIKHO0E631T6SLBG27X8I0.scan

PrecompileModule /Users/aadityasingh/Library/Developer/Xcode/DerivedData/Chatlio-erkyzdeecsohoaggpwbjdvavzqfv/Build/Intermediates.noindex/ExplicitPrecompiledModules/CFNetwork-1EHVWI7CWN1C95WHMY2R2LUHY.scan
    cd /
    builtin-precompileModule /Users/aadityasingh/Library/Developer/Xcode/DerivedData/Chatlio-erkyzdeecsohoaggpwbjdvavzqfv/Build/Intermediates.noindex/ExplicitPrecompiledModules/CFNetwork-1EHVWI7CWN1C95WHMY2R2LUHY.scan

PrecompileModule /Users/aadityasingh/Library/Developer/Xcode/DerivedData/Chatlio-erkyzdeecsohoaggpwbjdvavzqfv/Build/Intermediates.noindex/ExplicitPrecompiledModules/CoreGraphics-6YE9RWUV513MY1O26HZP0JIJQ.scan
    cd /
    builtin-precompileModule /Users/aadityasingh/Library/Developer/Xcode/DerivedData/Chatlio-erkyzdeecsohoaggpwbjdvavzqfv/Build/Intermediates.noindex/ExplicitPrecompiledModules/CoreGraphics-6YE9RWUV513MY1O26HZP0JIJQ.scan

PrecompileModule /Users/aadityasingh/Library/Developer/Xcode/DerivedData/Chatlio-erkyzdeecsohoaggpwbjdvavzqfv/Build/Intermediates.noindex/ExplicitPrecompiledModules/Security-52VBP0RD0GXWQDQRVOW4TO7E2.scan
    cd /
    builtin-precompileModule /Users/aadityasingh/Library/Developer/Xcode/DerivedData/Chatlio-erkyzdeecsohoaggpwbjdvavzqfv/Build/Intermediates.noindex/ExplicitPrecompiledModules/Security-52VBP0RD0GXWQDQRVOW4TO7E2.scan

CompileC /Users/aadityasingh/Library/Developer/Xcode/DerivedData/Chatlio-erkyzdeecsohoaggpwbjdvavzqfv/Build/Intermediates.noindex/DTCoreText.build/Debug-iphonesimulator/DTCoreText.build/Objects-normal/arm64/resource_bundle_accessor.o /Users/aadityasingh/Library/Developer/Xcode/DerivedData/Chatlio-erkyzdeecsohoaggpwbjdvavzqfv/Build/Intermediates.noindex/DTCoreText.build/Debug-iphonesimulator/DTCoreText.build/DerivedSources/resource_bundle_accessor.m normal arm64 objective-c com.apple.compilers.llvm.clang.1_0.compiler (in target 'DTCoreText' from project 'DTCoreText')
    cd /Users/aadityasingh/Documents/Development/element-x-ios/Chatlio.xcodeproj
    
    Using response file: /Users/aadityasingh/Library/Developer/Xcode/DerivedData/Chatlio-erkyzdeecsohoaggpwbjdvavzqfv/Build/Intermediates.noindex/DTCoreText.build/Debug-iphonesimulator/DTCoreText.build/Objects-normal/arm64/e6072d4f65d7061329687fe24e3d63a7-common-args.resp
    
    /Applications/Xcode.app/Contents/Developer/Toolchains/XcodeDefault.xctoolchain/usr/bin/clang -x objective-c -ivfsstatcache /Users/aadityasingh/Library/Developer/Xcode/DerivedData/SDKStatCaches.noindex/iphonesimulator26.4-23E252-686eebb5dc1d8ecb277353a59184f4aa.sdkstatcache -target arm64-apple-ios12.0-simulator -fmessage-length\=0 -fdiagnostics-show-note-include-stack -fmacro-backtrace-limit\=0 -fno-color-diagnostics -fmodules-prune-interval\=86400 -fmodules-prune-after\=345600 -fbuild-session-file\=/Users/aadityasingh/Library/Developer/Xcode/DerivedData/ModuleCache.noindex/Session.modulevalidation -fmodules-validate-once-per-build-session -Wnon-modular-include-in-framework-module -Werror\=non-modular-include-in-framework-module -Wno-trigraphs -Wno-missing-field-initializers -Wno-missing-prototypes -Wno-return-type -Wno-implicit-atomic-properties -Wno-objc-interface-ivars -Wno-arc-repeated-use-of-weak -Wno-missing-braces -Wparentheses -Wswitch -Wno-unused-function -Wno-unused-label -Wno-unused-parameter -Wno-unused-variable -Wunused-value -Wno-empty-body -Wno-uninitialized -Wno-unknown-pragmas -w -Wno-shadow -Wno-four-char-constants -Wno-conversion -Wno-constant-conversion -Wno-int-conversion -Wno-bool-conversion -Wno-enum-conversion -Wno-float-conversion -Wno-non-literal-null-conversion -Wno-objc-literal-conversion -Wshorten-64-to-32 -Wpointer-sign -Wno-newline-eof -Wno-selector -Wno-strict-selector-match -Wno-undeclared-selector -Wno-deprecated-implementations -Wno-implicit-fallthrough -isysroot /Applications/Xcode.app/Contents/Developer/Platforms/iPhoneSimulator.platform/Developer/SDKs/iPhoneSimulator26.4.sdk -fstrict-aliasing -Wprotocol -Wdeprecated-declarations -Wno-sign-conversion -Wno-infinite-recursion -Wno-comma -Wno-block-capture-autoreleasing -Wno-strict-prototypes -Wno-semicolon-before-method-body -index-store-path /Users/aadityasingh/Library/Developer/Xcode/DerivedData/Chatlio-erkyzdeecsohoaggpwbjdvavzqfv/Index.noindex/DataStore @/Users/aadityasingh/Library/Developer/Xcode/DerivedData/Chatlio-erkyzdeecsohoaggpwbjdvavzqfv/Build/Intermediates.noindex/DTCoreText.build/Debug-iphonesimulator/DTCoreText.build/Objects-normal/arm64/e6072d4f65d7061329687fe24e3d63a7-common-args.resp -include /Users/aadityasingh/Library/Developer/Xcode/DerivedData/Chatlio-erkyzdeecsohoaggpwbjdvavzqfv/Build/Intermediates.noindex/DTCoreText.build/Debug-iphonesimulator/DTCoreText.build/DerivedSources/resource_bundle_accessor.h -MMD -MT dependencies -MF /Users/aadityasingh/Library/Developer/Xcode/DerivedData/Chatlio-erkyzdeecsohoaggpwbjdvavzqfv/Build/Intermediates.noindex/DTCoreText.build/Debug-iphonesimulator/DTCoreText.build/Objects-normal/arm64/resource_bundle_accessor.d --serialize-diagnostics /Users/aadityasingh/Library/Developer/Xcode/DerivedData/Chatlio-erkyzdeecsohoaggpwbjdvavzqfv/Build/Intermediates.noindex/DTCoreText.build/Debug-iphonesimulator/DTCoreText.build/Objects-normal/arm64/resource_bundle_accessor.dia -c /Users/aadityasingh/Library/Developer/Xcode/DerivedData/Chatlio-erkyzdeecsohoaggpwbjdvavzqfv/Build/Intermediates.noindex/DTCoreText.build/Debug-iphonesimulator/DTCoreText.build/DerivedSources/resource_bundle_accessor.m -o /Users/aadityasingh/Library/Developer/Xcode/DerivedData/Chatlio-erkyzdeecsohoaggpwbjdvavzqfv/Build/Intermediates.noindex/DTCoreText.build/Debug-iphonesimulator/DTCoreText.build/Objects-normal/arm64/resource_bundle_accessor.o -index-unit-output-path /DTCoreText.build/Debug-iphonesimulator/DTCoreText.build/Objects-normal/arm64/resource_bundle_accessor.o

CompileC /Users/aadityasingh/Library/Developer/Xcode/DerivedData/Chatlio-erkyzdeecsohoaggpwbjdvavzqfv/Build/Intermediates.noindex/DTCoreText.build/Debug-iphonesimulator/DTCoreText.build/Objects-normal/arm64/NSNumber+RomanNumerals.o /Users/aadityasingh/Library/Developer/Xcode/DerivedData/Chatlio-erkyzdeecsohoaggpwbjdvavzqfv/SourcePackages/checkouts/DTCoreText/Core/Source/NSNumber+RomanNumerals.m normal arm64 objective-c com.apple.compilers.llvm.clang.1_0.compiler (in target 'DTCoreText' from project 'DTCoreText')
    cd /Users/aadityasingh/Documents/Development/element-x-ios/Chatlio.xcodeproj
    
    Using response file: /Users/aadityasingh/Library/Developer/Xcode/DerivedData/Chatlio-erkyzdeecsohoaggpwbjdvavzqfv/Build/Intermediates.noindex/DTCoreText.build/Debug-iphonesimulator/DTCoreText.build/Objects-normal/arm64/e6072d4f65d7061329687fe24e3d63a7-common-args.resp
    
    /Applications/Xcode.app/Contents/Developer/Toolchains/XcodeDefault.xctoolchain/usr/bin/clang -x objective-c -ivfsstatcache /Users/aadityasingh/Library/Developer/Xcode/DerivedData/SDKStatCaches.noindex/iphonesimulator26.4-23E252-686eebb5dc1d8ecb277353a59184f4aa.sdkstatcache -target arm64-apple-ios12.0-simulator -fmessage-length\=0 -fdiagnostics-show-note-include-stack -fmacro-backtrace-limit\=0 -fno-color-diagnostics -fmodules-prune-interval\=86400 -fmodules-prune-after\=345600 -fbuild-session-file\=/Users/aadityasingh/Library/Developer/Xcode/DerivedData/ModuleCache.noindex/Session.modulevalidation -fmodules-validate-once-per-build-session -Wnon-modular-include-in-framework-module -Werror\=non-modular-include-in-framework-module -Wno-trigraphs -Wno-missing-field-initializers -Wno-missing-prototypes -Wno-return-type -Wno-implicit-atomic-properties -Wno-objc-interface-ivars -Wno-arc-repeated-use-of-weak -Wno-missing-braces -Wparentheses -Wswitch -Wno-unused-function -Wno-unused-label -Wno-unused-parameter -Wno-unused-variable -Wunused-value -Wno-empty-body -Wno-uninitialized -Wno-unknown-pragmas -w -Wno-shadow -Wno-four-char-constants -Wno-conversion -Wno-constant-conversion -Wno-int-conversion -Wno-bool-conversion -Wno-enum-conversion -Wno-float-conversion -Wno-non-literal-null-conversion -Wno-objc-literal-conversion -Wshorten-64-to-32 -Wpointer-sign -Wno-newline-eof -Wno-selector -Wno-strict-selector-match -Wno-undeclared-selector -Wno-deprecated-implementations -Wno-implicit-fallthrough -isysroot /Applications/Xcode.app/Contents/Developer/Platforms/iPhoneSimulator.platform/Developer/SDKs/iPhoneSimulator26.4.sdk -fstrict-aliasing -Wprotocol -Wdeprecated-declarations -Wno-sign-conversion -Wno-infinite-recursion -Wno-comma -Wno-block-capture-autoreleasing -Wno-strict-prototypes -Wno-semicolon-before-method-body -index-store-path /Users/aadityasingh/Library/Developer/Xcode/DerivedData/Chatlio-erkyzdeecsohoaggpwbjdvavzqfv/Index.noindex/DataStore @/Users/aadityasingh/Library/Developer/Xcode/DerivedData/Chatlio-erkyzdeecsohoaggpwbjdvavzqfv/Build/Intermediates.noindex/DTCoreText.build/Debug-iphonesimulator/DTCoreText.build/Objects-normal/arm64/e6072d4f65d7061329687fe24e3d63a7-common-args.resp -include /Users/aadityasingh/Library/Developer/Xcode/DerivedData/Chatlio-erkyzdeecsohoaggpwbjdvavzqfv/Build/Intermediates.noindex/DTCoreText.build/Debug-iphonesimulator/DTCoreText.build/DerivedSources/resource_bundle_accessor.h -MMD -MT dependencies -MF /Users/aadityasingh/Library/Developer/Xcode/DerivedData/Chatlio-erkyzdeecsohoaggpwbjdvavzqfv/Build/Intermediates.noindex/DTCoreText.build/Debug-iphonesimulator/DTCoreText.build/Objects-normal/arm64/NSNumber+RomanNumerals.d --serialize-diagnostics /Users/aadityasingh/Library/Developer/Xcode/DerivedData/Chatlio-erkyzdeecsohoaggpwbjdvavzqfv/Build/Intermediates.noindex/DTCoreText.build/Debug-iphonesimulator/DTCoreText.build/Objects-normal/arm64/NSNumber+RomanNumerals.dia -c /Users/aadityasingh/Library/Developer/Xcode/DerivedData/Chatlio-erkyzdeecsohoaggpwbjdvavzqfv/SourcePackages/checkouts/DTCoreText/Core/Source/NSNumber+RomanNumerals.m -o /Users/aadityasingh/Library/Developer/Xcode/DerivedData/Chatlio-erkyzdeecsohoaggpwbjdvavzqfv/Build/Intermediates.noindex/DTCoreText.build/Debug-iphonesimulator/DTCoreText.build/Objects-normal/arm64/NSNumber+RomanNumerals.o -index-unit-output-path /DTCoreText.build/Debug-iphonesimulator/DTCoreText.build/Objects-normal/arm64/NSNumber+RomanNumerals.o

CompileC /Users/aadityasingh/Library/Developer/Xcode/DerivedData/Chatlio-erkyzdeecsohoaggpwbjdvavzqfv/Build/Intermediates.noindex/DTCoreText.build/Debug-iphonesimulator/DTCoreText.build/Objects-normal/arm64/NSMutableString+HTML.o /Users/aadityasingh/Library/Developer/Xcode/DerivedData/Chatlio-erkyzdeecsohoaggpwbjdvavzqfv/SourcePackages/checkouts/DTCoreText/Core/Source/NSMutableString+HTML.m normal arm64 objective-c com.apple.compilers.llvm.clang.1_0.compiler (in target 'DTCoreText' from project 'DTCoreText')
    cd /Users/aadityasingh/Documents/Development/element-x-ios/Chatlio.xcodeproj
    
    Using response file: /Users/aadityasingh/Library/Developer/Xcode/DerivedData/Chatlio-erkyzdeecsohoaggpwbjdvavzqfv/Build/Intermediates.noindex/DTCoreText.build/Debug-iphonesimulator/DTCoreText.build/Objects-normal/arm64/e6072d4f65d7061329687fe24e3d63a7-common-args.resp
    
    /Applications/Xcode.app/Contents/Developer/Toolchains/XcodeDefault.xctoolchain/usr/bin/clang -x objective-c -ivfsstatcache /Users/aadityasingh/Library/Developer/Xcode/DerivedData/SDKStatCaches.noindex/iphonesimulator26.4-23E252-686eebb5dc1d8ecb277353a59184f4aa.sdkstatcache -target arm64-apple-ios12.0-simulator -fmessage-length\=0 -fdiagnostics-show-note-include-stack -fmacro-backtrace-limit\=0 -fno-color-diagnostics -fmodules-prune-interval\=86400 -fmodules-prune-after\=345600 -fbuild-session-file\=/Users/aadityasingh/Library/Developer/Xcode/DerivedData/ModuleCache.noindex/Session.modulevalidation -fmodules-validate-once-per-build-session -Wnon-modular-include-in-framework-module -Werror\=non-modular-include-in-framework-module -Wno-trigraphs -Wno-missing-field-initializers -Wno-missing-prototypes -Wno-return-type -Wno-implicit-atomic-properties -Wno-objc-interface-ivars -Wno-arc-repeated-use-of-weak -Wno-missing-braces -Wparentheses -Wswitch -Wno-unused-function -Wno-unused-label -Wno-unused-parameter -Wno-unused-variable -Wunused-value -Wno-empty-body -Wno-uninitialized -Wno-unknown-pragmas -w -Wno-shadow -Wno-four-char-constants -Wno-conversion -Wno-constant-conversion -Wno-int-conversion -Wno-bool-conversion -Wno-enum-conversion -Wno-float-conversion -Wno-non-literal-null-conversion -Wno-objc-literal-conversion -Wshorten-64-to-32 -Wpointer-sign -Wno-newline-eof -Wno-selector -Wno-strict-selector-match -Wno-undeclared-selector -Wno-deprecated-implementations -Wno-implicit-fallthrough -isysroot /Applications/Xcode.app/Contents/Developer/Platforms/iPhoneSimulator.platform/Developer/SDKs/iPhoneSimulator26.4.sdk -fstrict-aliasing -Wprotocol -Wdeprecated-declarations -Wno-sign-conversion -Wno-infinite-recursion -Wno-comma -Wno-block-capture-autoreleasing -Wno-strict-prototypes -Wno-semicolon-before-method-body -index-store-path /Users/aadityasingh/Library/Developer/Xcode/DerivedData/Chatlio-erkyzdeecsohoaggpwbjdvavzqfv/Index.noindex/DataStore @/Users/aadityasingh/Library/Developer/Xcode/DerivedData/Chatlio-erkyzdeecsohoaggpwbjdvavzqfv/Build/Intermediates.noindex/DTCoreText.build/Debug-iphonesimulator/DTCoreText.build/Objects-normal/arm64/e6072d4f65d7061329687fe24e3d63a7-common-args.resp -include /Users/aadityasingh/Library/Developer/Xcode/DerivedData/Chatlio-erkyzdeecsohoaggpwbjdvavzqfv/Build/Intermediates.noindex/DTCoreText.build/Debug-iphonesimulator/DTCoreText.build/DerivedSources/resource_bundle_accessor.h -MMD -MT dependencies -MF /Users/aadityasingh/Library/Developer/Xcode/DerivedData/Chatlio-erkyzdeecsohoaggpwbjdvavzqfv/Build/Intermediates.noindex/DTCoreText.build/Debug-iphonesimulator/DTCoreText.build/Objects-normal/arm64/NSMutableString+HTML.d --serialize-diagnostics /Users/aadityasingh/Library/Developer/Xcode/DerivedData/Chatlio-erkyzdeecsohoaggpwbjdvavzqfv/Build/Intermediates.noindex/DTCoreText.build/Debug-iphonesimulator/DTCoreText.build/Objects-normal/arm64/NSMutableString+HTML.dia -c /Users/aadityasingh/Library/Developer/Xcode/DerivedData/Chatlio-erkyzdeecsohoaggpwbjdvavzqfv/SourcePackages/checkouts/DTCoreText/Core/Source/NSMutableString+HTML.m -o /Users/aadityasingh/Library/Developer/Xcode/DerivedData/Chatlio-erkyzdeecsohoaggpwbjdvavzqfv/Build/Intermediates.noindex/DTCoreText.build/Debug-iphonesimulator/DTCoreText.build/Objects-normal/arm64/NSMutableString+HTML.o -index-unit-output-path /DTCoreText.build/Debug-iphonesimulator/DTCoreText.build/Objects-normal/arm64/NSMutableString+HTML.o

CompileC /Users/aadityasingh/Library/Developer/Xcode/DerivedData/Chatlio-erkyzdeecsohoaggpwbjdvavzqfv/Build/Intermediates.noindex/DTCoreText.build/Debug-iphonesimulator/DTCoreText.build/Objects-normal/arm64/NSString+Paragraphs.o /Users/aadityasingh/Library/Developer/Xcode/DerivedData/Chatlio-erkyzdeecsohoaggpwbjdvavzqfv/SourcePackages/checkouts/DTCoreText/Core/Source/NSString+Paragraphs.m normal arm64 objective-c com.apple.compilers.llvm.clang.1_0.compiler (in target 'DTCoreText' from project 'DTCoreText')
    cd /Users/aadityasingh/Documents/Development/element-x-ios/Chatlio.xcodeproj
    
    Using response file: /Users/aadityasingh/Library/Developer/Xcode/DerivedData/Chatlio-erkyzdeecsohoaggpwbjdvavzqfv/Build/Intermediates.noindex/DTCoreText.build/Debug-iphonesimulator/DTCoreText.build/Objects-normal/arm64/e6072d4f65d7061329687fe24e3d63a7-common-args.resp
    
    /Applications/Xcode.app/Contents/Developer/Toolchains/XcodeDefault.xctoolchain/usr/bin/clang -x objective-c -ivfsstatcache /Users/aadityasingh/Library/Developer/Xcode/DerivedData/SDKStatCaches.noindex/iphonesimulator26.4-23E252-686eebb5dc1d8ecb277353a59184f4aa.sdkstatcache -target arm64-apple-ios12.0-simulator -fmessage-length\=0 -fdiagnostics-show-note-include-stack -fmacro-backtrace-limit\=0 -fno-color-diagnostics -fmodules-prune-interval\=86400 -fmodules-prune-after\=345600 -fbuild-session-file\=/Users/aadityasingh/Library/Developer/Xcode/DerivedData/ModuleCache.noindex/Session.modulevalidation -fmodules-validate-once-per-build-session -Wnon-modular-include-in-framework-module -Werror\=non-modular-include-in-framework-module -Wno-trigraphs -Wno-missing-field-initializers -Wno-missing-prototypes -Wno-return-type -Wno-implicit-atomic-properties -Wno-objc-interface-ivars -Wno-arc-repeated-use-of-weak -Wno-missing-braces -Wparentheses -Wswitch -Wno-unused-function -Wno-unused-label -Wno-unused-parameter -Wno-unused-variable -Wunused-value -Wno-empty-body -Wno-uninitialized -Wno-unknown-pragmas -w -Wno-shadow -Wno-four-char-constants -Wno-conversion -Wno-constant-conversion -Wno-int-conversion -Wno-bool-conversion -Wno-enum-conversion -Wno-float-conversion -Wno-non-literal-null-conversion -Wno-objc-literal-conversion -Wshorten-64-to-32 -Wpointer-sign -Wno-newline-eof -Wno-selector -Wno-strict-selector-match -Wno-undeclared-selector -Wno-deprecated-implementations -Wno-implicit-fallthrough -isysroot /Applications/Xcode.app/Contents/Developer/Platforms/iPhoneSimulator.platform/Developer/SDKs/iPhoneSimulator26.4.sdk -fstrict-aliasing -Wprotocol -Wdeprecated-declarations -Wno-sign-conversion -Wno-infinite-recursion -Wno-comma -Wno-block-capture-autoreleasing -Wno-strict-prototypes -Wno-semicolon-before-method-body -index-store-path /Users/aadityasingh/Library/Developer/Xcode/DerivedData/Chatlio-erkyzdeecsohoaggpwbjdvavzqfv/Index.noindex/DataStore @/Users/aadityasingh/Library/Developer/Xcode/DerivedData/Chatlio-erkyzdeecsohoaggpwbjdvavzqfv/Build/Intermediates.noindex/DTCoreText.build/Debug-iphonesimulator/DTCoreText.build/Objects-normal/arm64/e6072d4f65d7061329687fe24e3d63a7-common-args.resp -include /Users/aadityasingh/Library/Developer/Xcode/DerivedData/Chatlio-erkyzdeecsohoaggpwbjdvavzqfv/Build/Intermediates.noindex/DTCoreText.build/Debug-iphonesimulator/DTCoreText.build/DerivedSources/resource_bundle_accessor.h -MMD -MT dependencies -MF /Users/aadityasingh/Library/Developer/Xcode/DerivedData/Chatlio-erkyzdeecsohoaggpwbjdvavzqfv/Build/Intermediates.noindex/DTCoreText.build/Debug-iphonesimulator/DTCoreText.build/Objects-normal/arm64/NSString+Paragraphs.d --serialize-diagnostics /Users/aadityasingh/Library/Developer/Xcode/DerivedData/Chatlio-erkyzdeecsohoaggpwbjdvavzqfv/Build/Intermediates.noindex/DTCoreText.build/Debug-iphonesimulator/DTCoreText.build/Objects-normal/arm64/NSString+Paragraphs.dia -c /Users/aadityasingh/Library/Developer/Xcode/DerivedData/Chatlio-erkyzdeecsohoaggpwbjdvavzqfv/SourcePackages/checkouts/DTCoreText/Core/Source/NSString+Paragraphs.m -o /Users/aadityasingh/Library/Developer/Xcode/DerivedData/Chatlio-erkyzdeecsohoaggpwbjdvavzqfv/Build/Intermediates.noindex/DTCoreText.build/Debug-iphonesimulator/DTCoreText.build/Objects-normal/arm64/NSString+Paragraphs.o -index-unit-output-path /DTCoreText.build/Debug-iphonesimulator/DTCoreText.build/Objects-normal/arm64/NSString+Paragraphs.o

PrecompileModule /Users/aadityasingh/Library/Developer/Xcode/DerivedData/Chatlio-erkyzdeecsohoaggpwbjdvavzqfv/Build/Intermediates.noindex/ExplicitPrecompiledModules/CoreGraphics-D2KQA2AHZPYNJJKFON3HAJ3WW.scan
    cd /
    builtin-precompileModule /Users/aadityasingh/Library/Developer/Xcode/DerivedData/Chatlio-erkyzdeecsohoaggpwbjdvavzqfv/Build/Intermediates.noindex/ExplicitPrecompiledModules/CoreGraphics-D2KQA2AHZPYNJJKFON3HAJ3WW.scan

PrecompileModule /Users/aadityasingh/Library/Developer/Xcode/DerivedData/Chatlio-erkyzdeecsohoaggpwbjdvavzqfv/Build/Intermediates.noindex/ExplicitPrecompiledModules/Security-OU92GGDY5KOB9O2WEVMIM236.scan
    cd /
    builtin-precompileModule /Users/aadityasingh/Library/Developer/Xcode/DerivedData/Chatlio-erkyzdeecsohoaggpwbjdvavzqfv/Build/Intermediates.noindex/ExplicitPrecompiledModules/Security-OU92GGDY5KOB9O2WEVMIM236.scan

ScanDependencies /Users/aadityasingh/Library/Developer/Xcode/DerivedData/Chatlio-erkyzdeecsohoaggpwbjdvavzqfv/Build/Intermediates.noindex/DTCoreText.build/Debug-iphonesimulator/DTCoreText.build/Objects-normal/arm64/NSMutableAttributedString+HTML.o /Users/aadityasingh/Library/Developer/Xcode/DerivedData/Chatlio-erkyzdeecsohoaggpwbjdvavzqfv/SourcePackages/checkouts/DTCoreText/Core/Source/NSMutableAttributedString+HTML.m normal arm64 objective-c com.apple.compilers.llvm.clang.1_0.compiler (in target 'DTCoreText' from project 'DTCoreText')
    cd /Users/aadityasingh/Documents/Development/element-x-ios/Chatlio.xcodeproj
    
    Using response file: /Users/aadityasingh/Library/Developer/Xcode/DerivedData/Chatlio-erkyzdeecsohoaggpwbjdvavzqfv/Build/Intermediates.noindex/DTCoreText.build/Debug-iphonesimulator/DTCoreText.build/Objects-normal/arm64/e6072d4f65d7061329687fe24e3d63a7-common-args.resp
    
    builtin-ScanDependencies -o /Users/aadityasingh/Library/Developer/Xcode/DerivedData/Chatlio-erkyzdeecsohoaggpwbjdvavzqfv/Build/Intermediates.noindex/DTCoreText.build/Debug-iphonesimulator/DTCoreText.build/Objects-normal/arm64/NSMutableAttributedString+HTML.o.scan -- /Applications/Xcode.app/Contents/Developer/Toolchains/XcodeDefault.xctoolchain/usr/bin/clang -x objective-c -ivfsstatcache /Users/aadityasingh/Library/Developer/Xcode/DerivedData/SDKStatCaches.noindex/iphonesimulator26.4-23E252-686eebb5dc1d8ecb277353a59184f4aa.sdkstatcache -target arm64-apple-ios12.0-simulator -fmessage-length\=0 -fdiagnostics-show-note-include-stack -fmacro-backtrace-limit\=0 -fno-color-diagnostics -fmodules-prune-interval\=86400 -fmodules-prune-after\=345600 -fbuild-session-file\=/Users/aadityasingh/Library/Developer/Xcode/DerivedData/ModuleCache.noindex/Session.modulevalidation -fmodules-validate-once-per-build-session -Wnon-modular-include-in-framework-module -Werror\=non-modular-include-in-framework-module -Wno-trigraphs -Wno-missing-field-initializers -Wno-missing-prototypes -Wno-return-type -Wno-implicit-atomic-properties -Wno-objc-interface-ivars -Wno-arc-repeated-use-of-weak -Wno-missing-braces -Wparentheses -Wswitch -Wno-unused-function -Wno-unused-label -Wno-unused-parameter -Wno-unused-variable -Wunused-value -Wno-empty-body -Wno-uninitialized -Wno-unknown-pragmas -w -Wno-shadow -Wno-four-char-constants -Wno-conversion -Wno-constant-conversion -Wno-int-conversion -Wno-bool-conversion -Wno-enum-conversion -Wno-float-conversion -Wno-non-literal-null-conversion -Wno-objc-literal-conversion -Wshorten-64-to-32 -Wpointer-sign -Wno-newline-eof -Wno-selector -Wno-strict-selector-match -Wno-undeclared-selector -Wno-deprecated-implementations -Wno-implicit-fallthrough -isysroot /Applications/Xcode.app/Contents/Developer/Platforms/iPhoneSimulator.platform/Developer/SDKs/iPhoneSimulator26.4.sdk -fstrict-aliasing -Wprotocol -Wdeprecated-declarations -Wno-sign-conversion -Wno-infinite-recursion -Wno-comma -Wno-block-capture-autoreleasing -Wno-strict-prototypes -Wno-semicolon-before-method-body -index-store-path /Users/aadityasingh/Library/Developer/Xcode/DerivedData/Chatlio-erkyzdeecsohoaggpwbjdvavzqfv/Index.noindex/DataStore @/Users/aadityasingh/Library/Developer/Xcode/DerivedData/Chatlio-erkyzdeecsohoaggpwbjdvavzqfv/Build/Intermediates.noindex/DTCoreText.build/Debug-iphonesimulator/DTCoreText.build/Objects-normal/arm64/e6072d4f65d7061329687fe24e3d63a7-common-args.resp -include /Users/aadityasingh/Library/Developer/Xcode/DerivedData/Chatlio-erkyzdeecsohoaggpwbjdvavzqfv/Build/Intermediates.noindex/DTCoreText.build/Debug-iphonesimulator/DTCoreText.build/DerivedSources/resource_bundle_accessor.h -MMD -MT dependencies -MF /Users/aadityasingh/Library/Developer/Xcode/DerivedData/Chatlio-erkyzdeecsohoaggpwbjdvavzqfv/Build/Intermediates.noindex/DTCoreText.build/Debug-iphonesimulator/DTCoreText.build/Objects-normal/arm64/NSMutableAttributedString+HTML.d --serialize-diagnostics /Users/aadityasingh/Library/Developer/Xcode/DerivedData/Chatlio-erkyzdeecsohoaggpwbjdvavzqfv/Build/Intermediates.noindex/DTCoreText.build/Debug-iphonesimulator/DTCoreText.build/Objects-normal/arm64/NSMutableAttributedString+HTML.dia -c /Users/aadityasingh/Library/Developer/Xcode/DerivedData/Chatlio-erkyzdeecsohoaggpwbjdvavzqfv/SourcePackages/checkouts/DTCoreText/Core/Source/NSMutableAttributedString+HTML.m -o /Users/aadityasingh/Library/Developer/Xcode/DerivedData/Chatlio-erkyzdeecsohoaggpwbjdvavzqfv/Build/Intermediates.noindex/DTCoreText.build/Debug-iphonesimulator/DTCoreText.build/Objects-normal/arm64/NSMutableAttributedString+HTML.o -index-unit-output-path /DTCoreText.build/Debug-iphonesimulator/DTCoreText.build/Objects-normal/arm64/NSMutableAttributedString+HTML.o

PrecompileModule /Users/aadityasingh/Library/Developer/Xcode/DerivedData/Chatlio-erkyzdeecsohoaggpwbjdvavzqfv/Build/Intermediates.noindex/ExplicitPrecompiledModules/ImageIO-45I32ATHA9EZ6KTG7ONCUY0KF.scan
    cd /
    builtin-precompileModule /Users/aadityasingh/Library/Developer/Xcode/DerivedData/Chatlio-erkyzdeecsohoaggpwbjdvavzqfv/Build/Intermediates.noindex/ExplicitPrecompiledModules/ImageIO-45I32ATHA9EZ6KTG7ONCUY0KF.scan

PrecompileModule /Users/aadityasingh/Library/Developer/Xcode/DerivedData/Chatlio-erkyzdeecsohoaggpwbjdvavzqfv/Build/Intermediates.noindex/ExplicitPrecompiledModules/Foundation-42SYA6OFOBD29TFA5GCBFK30A.scan
    cd /
    builtin-precompileModule /Users/aadityasingh/Library/Developer/Xcode/DerivedData/Chatlio-erkyzdeecsohoaggpwbjdvavzqfv/Build/Intermediates.noindex/ExplicitPrecompiledModules/Foundation-42SYA6OFOBD29TFA5GCBFK30A.scan

PrecompileModule /Users/aadityasingh/Library/Developer/Xcode/DerivedData/Chatlio-erkyzdeecsohoaggpwbjdvavzqfv/Build/Intermediates.noindex/ExplicitPrecompiledModules/CoreText-18G4L6R9ZUD5EFSCMAKSRY2PR.scan
    cd /
    builtin-precompileModule /Users/aadityasingh/Library/Developer/Xcode/DerivedData/Chatlio-erkyzdeecsohoaggpwbjdvavzqfv/Build/Intermediates.noindex/ExplicitPrecompiledModules/CoreText-18G4L6R9ZUD5EFSCMAKSRY2PR.scan

PrecompileModule /Users/aadityasingh/Library/Developer/Xcode/DerivedData/Chatlio-erkyzdeecsohoaggpwbjdvavzqfv/Build/Intermediates.noindex/ExplicitPrecompiledModules/Foundation-8XNVXMMKECC1AD1VSQNV44PHP.scan
    cd /
    builtin-precompileModule /Users/aadityasingh/Library/Developer/Xcode/DerivedData/Chatlio-erkyzdeecsohoaggpwbjdvavzqfv/Build/Intermediates.noindex/ExplicitPrecompiledModules/Foundation-8XNVXMMKECC1AD1VSQNV44PHP.scan

ScanDependencies /Users/aadityasingh/Library/Developer/Xcode/DerivedData/Chatlio-erkyzdeecsohoaggpwbjdvavzqfv/Build/Intermediates.noindex/DTCoreText.build/Debug-iphonesimulator/DTCoreText.build/Objects-normal/arm64/NSDictionary+DTCoreText.o /Users/aadityasingh/Library/Developer/Xcode/DerivedData/Chatlio-erkyzdeecsohoaggpwbjdvavzqfv/SourcePackages/checkouts/DTCoreText/Core/Source/NSDictionary+DTCoreText.m normal arm64 objective-c com.apple.compilers.llvm.clang.1_0.compiler (in target 'DTCoreText' from project 'DTCoreText')
    cd /Users/aadityasingh/Documents/Development/element-x-ios/Chatlio.xcodeproj
    
    Using response file: /Users/aadityasingh/Library/Developer/Xcode/DerivedData/Chatlio-erkyzdeecsohoaggpwbjdvavzqfv/Build/Intermediates.noindex/DTCoreText.build/Debug-iphonesimulator/DTCoreText.build/Objects-normal/arm64/e6072d4f65d7061329687fe24e3d63a7-common-args.resp
    
    builtin-ScanDependencies -o /Users/aadityasingh/Library/Developer/Xcode/DerivedData/Chatlio-erkyzdeecsohoaggpwbjdvavzqfv/Build/Intermediates.noindex/DTCoreText.build/Debug-iphonesimulator/DTCoreText.build/Objects-normal/arm64/NSDictionary+DTCoreText.o.scan -- /Applications/Xcode.app/Contents/Developer/Toolchains/XcodeDefault.xctoolchain/usr/bin/clang -x objective-c -ivfsstatcache /Users/aadityasingh/Library/Developer/Xcode/DerivedData/SDKStatCaches.noindex/iphonesimulator26.4-23E252-686eebb5dc1d8ecb277353a59184f4aa.sdkstatcache -target arm64-apple-ios12.0-simulator -fmessage-length\=0 -fdiagnostics-show-note-include-stack -fmacro-backtrace-limit\=0 -fno-color-diagnostics -fmodules-prune-interval\=86400 -fmodules-prune-after\=345600 -fbuild-session-file\=/Users/aadityasingh/Library/Developer/Xcode/DerivedData/ModuleCache.noindex/Session.modulevalidation -fmodules-validate-once-per-build-session -Wnon-modular-include-in-framework-module -Werror\=non-modular-include-in-framework-module -Wno-trigraphs -Wno-missing-field-initializers -Wno-missing-prototypes -Wno-return-type -Wno-implicit-atomic-properties -Wno-objc-interface-ivars -Wno-arc-repeated-use-of-weak -Wno-missing-braces -Wparentheses -Wswitch -Wno-unused-function -Wno-unused-label -Wno-unused-parameter -Wno-unused-variable -Wunused-value -Wno-empty-body -Wno-uninitialized -Wno-unknown-pragmas -w -Wno-shadow -Wno-four-char-constants -Wno-conversion -Wno-constant-conversion -Wno-int-conversion -Wno-bool-conversion -Wno-enum-conversion -Wno-float-conversion -Wno-non-literal-null-conversion -Wno-objc-literal-conversion -Wshorten-64-to-32 -Wpointer-sign -Wno-newline-eof -Wno-selector -Wno-strict-selector-match -Wno-undeclared-selector -Wno-deprecated-implementations -Wno-implicit-fallthrough -isysroot /Applications/Xcode.app/Contents/Developer/Platforms/iPhoneSimulator.platform/Developer/SDKs/iPhoneSimulator26.4.sdk -fstrict-aliasing -Wprotocol -Wdeprecated-declarations -Wno-sign-conversion -Wno-infinite-recursion -Wno-comma -Wno-block-capture-autoreleasing -Wno-strict-prototypes -Wno-semicolon-before-method-body -index-store-path /Users/aadityasingh/Library/Developer/Xcode/DerivedData/Chatlio-erkyzdeecsohoaggpwbjdvavzqfv/Index.noindex/DataStore @/Users/aadityasingh/Library/Developer/Xcode/DerivedData/Chatlio-erkyzdeecsohoaggpwbjdvavzqfv/Build/Intermediates.noindex/DTCoreText.build/Debug-iphonesimulator/DTCoreText.build/Objects-normal/arm64/e6072d4f65d7061329687fe24e3d63a7-common-args.resp -include /Users/aadityasingh/Library/Developer/Xcode/DerivedData/Chatlio-erkyzdeecsohoaggpwbjdvavzqfv/Build/Intermediates.noindex/DTCoreText.build/Debug-iphonesimulator/DTCoreText.build/DerivedSources/resource_bundle_accessor.h -MMD -MT dependencies -MF /Users/aadityasingh/Library/Developer/Xcode/DerivedData/Chatlio-erkyzdeecsohoaggpwbjdvavzqfv/Build/Intermediates.noindex/DTCoreText.build/Debug-iphonesimulator/DTCoreText.build/Objects-normal/arm64/NSDictionary+DTCoreText.d --serialize-diagnostics /Users/aadityasingh/Library/Developer/Xcode/DerivedData/Chatlio-erkyzdeecsohoaggpwbjdvavzqfv/Build/Intermediates.noindex/DTCoreText.build/Debug-iphonesimulator/DTCoreText.build/Objects-normal/arm64/NSDictionary+DTCoreText.dia -c /Users/aadityasingh/Library/Developer/Xcode/DerivedData/Chatlio-erkyzdeecsohoaggpwbjdvavzqfv/SourcePackages/checkouts/DTCoreText/Core/Source/NSDictionary+DTCoreText.m -o /Users/aadityasingh/Library/Developer/Xcode/DerivedData/Chatlio-erkyzdeecsohoaggpwbjdvavzqfv/Build/Intermediates.noindex/DTCoreText.build/Debug-iphonesimulator/DTCoreText.build/Objects-normal/arm64/NSDictionary+DTCoreText.o -index-unit-output-path /DTCoreText.build/Debug-iphonesimulator/DTCoreText.build/Objects-normal/arm64/NSDictionary+DTCoreText.o

PrecompileModule /Users/aadityasingh/Library/Developer/Xcode/DerivedData/Chatlio-erkyzdeecsohoaggpwbjdvavzqfv/Build/Intermediates.noindex/ExplicitPrecompiledModules/ImageIO-AE1O5PWEOE75FQFXFUTNLEYYC.scan
    cd /
    builtin-precompileModule /Users/aadityasingh/Library/Developer/Xcode/DerivedData/Chatlio-erkyzdeecsohoaggpwbjdvavzqfv/Build/Intermediates.noindex/ExplicitPrecompiledModules/ImageIO-AE1O5PWEOE75FQFXFUTNLEYYC.scan

PrecompileModule /Users/aadityasingh/Library/Developer/Xcode/DerivedData/Chatlio-erkyzdeecsohoaggpwbjdvavzqfv/Build/Intermediates.noindex/ExplicitPrecompiledModules/CoreText-V4VAIIYMYHF2MHUG2QZH6AMF.scan
    cd /
    builtin-precompileModule /Users/aadityasingh/Library/Developer/Xcode/DerivedData/Chatlio-erkyzdeecsohoaggpwbjdvavzqfv/Build/Intermediates.noindex/ExplicitPrecompiledModules/CoreText-V4VAIIYMYHF2MHUG2QZH6AMF.scan

ScanDependencies /Users/aadityasingh/Library/Developer/Xcode/DerivedData/Chatlio-erkyzdeecsohoaggpwbjdvavzqfv/Build/Intermediates.noindex/DTCoreText.build/Debug-iphonesimulator/DTCoreText.build/Objects-normal/arm64/NSCoder+DTCompatibility.o /Users/aadityasingh/Library/Developer/Xcode/DerivedData/Chatlio-erkyzdeecsohoaggpwbjdvavzqfv/SourcePackages/checkouts/DTCoreText/Core/Source/NSCoder+DTCompatibility.m normal arm64 objective-c com.apple.compilers.llvm.clang.1_0.compiler (in target 'DTCoreText' from project 'DTCoreText')
    cd /Users/aadityasingh/Documents/Development/element-x-ios/Chatlio.xcodeproj
    
    Using response file: /Users/aadityasingh/Library/Developer/Xcode/DerivedData/Chatlio-erkyzdeecsohoaggpwbjdvavzqfv/Build/Intermediates.noindex/DTCoreText.build/Debug-iphonesimulator/DTCoreText.build/Objects-normal/arm64/e6072d4f65d7061329687fe24e3d63a7-common-args.resp
    
    builtin-ScanDependencies -o /Users/aadityasingh/Library/Developer/Xcode/DerivedData/Chatlio-erkyzdeecsohoaggpwbjdvavzqfv/Build/Intermediates.noindex/DTCoreText.build/Debug-iphonesimulator/DTCoreText.build/Objects-normal/arm64/NSCoder+DTCompatibility.o.scan -- /Applications/Xcode.app/Contents/Developer/Toolchains/XcodeDefault.xctoolchain/usr/bin/clang -x objective-c -ivfsstatcache /Users/aadityasingh/Library/Developer/Xcode/DerivedData/SDKStatCaches.noindex/iphonesimulator26.4-23E252-686eebb5dc1d8ecb277353a59184f4aa.sdkstatcache -target arm64-apple-ios12.0-simulator -fmessage-length\=0 -fdiagnostics-show-note-include-stack -fmacro-backtrace-limit\=0 -fno-color-diagnostics -fmodules-prune-interval\=86400 -fmodules-prune-after\=345600 -fbuild-session-file\=/Users/aadityasingh/Library/Developer/Xcode/DerivedData/ModuleCache.noindex/Session.modulevalidation -fmodules-validate-once-per-build-session -Wnon-modular-include-in-framework-module -Werror\=non-modular-include-in-framework-module -Wno-trigraphs -Wno-missing-field-initializers -Wno-missing-prototypes -Wno-return-type -Wno-implicit-atomic-properties -Wno-objc-interface-ivars -Wno-arc-repeated-use-of-weak -Wno-missing-braces -Wparentheses -Wswitch -Wno-unused-function -Wno-unused-label -Wno-unused-parameter -Wno-unused-variable -Wunused-value -Wno-empty-body -Wno-uninitialized -Wno-unknown-pragmas -w -Wno-shadow -Wno-four-char-constants -Wno-conversion -Wno-constant-conversion -Wno-int-conversion -Wno-bool-conversion -Wno-enum-conversion -Wno-float-conversion -Wno-non-literal-null-conversion -Wno-objc-literal-conversion -Wshorten-64-to-32 -Wpointer-sign -Wno-newline-eof -Wno-selector -Wno-strict-selector-match -Wno-undeclared-selector -Wno-deprecated-implementations -Wno-implicit-fallthrough -isysroot /Applications/Xcode.app/Contents/Developer/Platforms/iPhoneSimulator.platform/Developer/SDKs/iPhoneSimulator26.4.sdk -fstrict-aliasing -Wprotocol -Wdeprecated-declarations -Wno-sign-conversion -Wno-infinite-recursion -Wno-comma -Wno-block-capture-autoreleasing -Wno-strict-prototypes -Wno-semicolon-before-method-body -index-store-path /Users/aadityasingh/Library/Developer/Xcode/DerivedData/Chatlio-erkyzdeecsohoaggpwbjdvavzqfv/Index.noindex/DataStore @/Users/aadityasingh/Library/Developer/Xcode/DerivedData/Chatlio-erkyzdeecsohoaggpwbjdvavzqfv/Build/Intermediates.noindex/DTCoreText.build/Debug-iphonesimulator/DTCoreText.build/Objects-normal/arm64/e6072d4f65d7061329687fe24e3d63a7-common-args.resp -include /Users/aadityasingh/Library/Developer/Xcode/DerivedData/Chatlio-erkyzdeecsohoaggpwbjdvavzqfv/Build/Intermediates.noindex/DTCoreText.build/Debug-iphonesimulator/DTCoreText.build/DerivedSources/resource_bundle_accessor.h -MMD -MT dependencies -MF /Users/aadityasingh/Library/Developer/Xcode/DerivedData/Chatlio-erkyzdeecsohoaggpwbjdvavzqfv/Build/Intermediates.noindex/DTCoreText.build/Debug-iphonesimulator/DTCoreText.build/Objects-normal/arm64/NSCoder+DTCompatibility.d --serialize-diagnostics /Users/aadityasingh/Library/Developer/Xcode/DerivedData/Chatlio-erkyzdeecsohoaggpwbjdvavzqfv/Build/Intermediates.noindex/DTCoreText.build/Debug-iphonesimulator/DTCoreText.build/Objects-normal/arm64/NSCoder+DTCompatibility.dia -c /Users/aadityasingh/Library/Developer/Xcode/DerivedData/Chatlio-erkyzdeecsohoaggpwbjdvavzqfv/SourcePackages/checkouts/DTCoreText/Core/Source/NSCoder+DTCompatibility.m -o /Users/aadityasingh/Library/Developer/Xcode/DerivedData/Chatlio-erkyzdeecsohoaggpwbjdvavzqfv/Build/Intermediates.noindex/DTCoreText.build/Debug-iphonesimulator/DTCoreText.build/Objects-normal/arm64/NSCoder+DTCompatibility.o -index-unit-output-path /DTCoreText.build/Debug-iphonesimulator/DTCoreText.build/Objects-normal/arm64/NSCoder+DTCompatibility.o

ScanDependencies /Users/aadityasingh/Library/Developer/Xcode/DerivedData/Chatlio-erkyzdeecsohoaggpwbjdvavzqfv/Build/Intermediates.noindex/DTCoreText.build/Debug-iphonesimulator/DTCoreText.build/Objects-normal/arm64/NSCharacterSet+HTML.o /Users/aadityasingh/Library/Developer/Xcode/DerivedData/Chatlio-erkyzdeecsohoaggpwbjdvavzqfv/SourcePackages/checkouts/DTCoreText/Core/Source/NSCharacterSet+HTML.m normal arm64 objective-c com.apple.compilers.llvm.clang.1_0.compiler (in target 'DTCoreText' from project 'DTCoreText')
    cd /Users/aadityasingh/Documents/Development/element-x-ios/Chatlio.xcodeproj
    
    Using response file: /Users/aadityasingh/Library/Developer/Xcode/DerivedData/Chatlio-erkyzdeecsohoaggpwbjdvavzqfv/Build/Intermediates.noindex/DTCoreText.build/Debug-iphonesimulator/DTCoreText.build/Objects-normal/arm64/e6072d4f65d7061329687fe24e3d63a7-common-args.resp
    
    builtin-ScanDependencies -o /Users/aadityasingh/Library/Developer/Xcode/DerivedData/Chatlio-erkyzdeecsohoaggpwbjdvavzqfv/Build/Intermediates.noindex/DTCoreText.build/Debug-iphonesimulator/DTCoreText.build/Objects-normal/arm64/NSCharacterSet+HTML.o.scan -- /Applications/Xcode.app/Contents/Developer/Toolchains/XcodeDefault.xctoolchain/usr/bin/clang -x objective-c -ivfsstatcache /Users/aadityasingh/Library/Developer/Xcode/DerivedData/SDKStatCaches.noindex/iphonesimulator26.4-23E252-686eebb5dc1d8ecb277353a59184f4aa.sdkstatcache -target arm64-apple-ios12.0-simulator -fmessage-length\=0 -fdiagnostics-show-note-include-stack -fmacro-backtrace-limit\=0 -fno-color-diagnostics -fmodules-prune-interval\=86400 -fmodules-prune-after\=345600 -fbuild-session-file\=/Users/aadityasingh/Library/Developer/Xcode/DerivedData/ModuleCache.noindex/Session.modulevalidation -fmodules-validate-once-per-build-session -Wnon-modular-include-in-framework-module -Werror\=non-modular-include-in-framework-module -Wno-trigraphs -Wno-missing-field-initializers -Wno-missing-prototypes -Wno-return-type -Wno-implicit-atomic-properties -Wno-objc-interface-ivars -Wno-arc-repeated-use-of-weak -Wno-missing-braces -Wparentheses -Wswitch -Wno-unused-function -Wno-unused-label -Wno-unused-parameter -Wno-unused-variable -Wunused-value -Wno-empty-body -Wno-uninitialized -Wno-unknown-pragmas -w -Wno-shadow -Wno-four-char-constants -Wno-conversion -Wno-constant-conversion -Wno-int-conversion -Wno-bool-conversion -Wno-enum-conversion -Wno-float-conversion -Wno-non-literal-null-conversion -Wno-objc-literal-conversion -Wshorten-64-to-32 -Wpointer-sign -Wno-newline-eof -Wno-selector -Wno-strict-selector-match -Wno-undeclared-selector -Wno-deprecated-implementations -Wno-implicit-fallthrough -isysroot /Applications/Xcode.app/Contents/Developer/Platforms/iPhoneSimulator.platform/Developer/SDKs/iPhoneSimulator26.4.sdk -fstrict-aliasing -Wprotocol -Wdeprecated-declarations -Wno-sign-conversion -Wno-infinite-recursion -Wno-comma -Wno-block-capture-autoreleasing -Wno-strict-prototypes -Wno-semicolon-before-method-body -index-store-path /Users/aadityasingh/Library/Developer/Xcode/DerivedData/Chatlio-erkyzdeecsohoaggpwbjdvavzqfv/Index.noindex/DataStore @/Users/aadityasingh/Library/Developer/Xcode/DerivedData/Chatlio-erkyzdeecsohoaggpwbjdvavzqfv/Build/Intermediates.noindex/DTCoreText.build/Debug-iphonesimulator/DTCoreText.build/Objects-normal/arm64/e6072d4f65d7061329687fe24e3d63a7-common-args.resp -include /Users/aadityasingh/Library/Developer/Xcode/DerivedData/Chatlio-erkyzdeecsohoaggpwbjdvavzqfv/Build/Intermediates.noindex/DTCoreText.build/Debug-iphonesimulator/DTCoreText.build/DerivedSources/resource_bundle_accessor.h -MMD -MT dependencies -MF /Users/aadityasingh/Library/Developer/Xcode/DerivedData/Chatlio-erkyzdeecsohoaggpwbjdvavzqfv/Build/Intermediates.noindex/DTCoreText.build/Debug-iphonesimulator/DTCoreText.build/Objects-normal/arm64/NSCharacterSet+HTML.d --serialize-diagnostics /Users/aadityasingh/Library/Developer/Xcode/DerivedData/Chatlio-erkyzdeecsohoaggpwbjdvavzqfv/Build/Intermediates.noindex/DTCoreText.build/Debug-iphonesimulator/DTCoreText.build/Objects-normal/arm64/NSCharacterSet+HTML.dia -c /Users/aadityasingh/Library/Developer/Xcode/DerivedData/Chatlio-erkyzdeecsohoaggpwbjdvavzqfv/SourcePackages/checkouts/DTCoreText/Core/Source/NSCharacterSet+HTML.m -o /Users/aadityasingh/Library/Developer/Xcode/DerivedData/Chatlio-erkyzdeecsohoaggpwbjdvavzqfv/Build/Intermediates.noindex/DTCoreText.build/Debug-iphonesimulator/DTCoreText.build/Objects-normal/arm64/NSCharacterSet+HTML.o -index-unit-output-path /DTCoreText.build/Debug-iphonesimulator/DTCoreText.build/Objects-normal/arm64/NSCharacterSet+HTML.o

ScanDependencies /Users/aadityasingh/Library/Developer/Xcode/DerivedData/Chatlio-erkyzdeecsohoaggpwbjdvavzqfv/Build/Intermediates.noindex/DTCoreText.build/Debug-iphonesimulator/DTCoreText.build/Objects-normal/arm64/NSAttributedStringRunDelegates.o /Users/aadityasingh/Library/Developer/Xcode/DerivedData/Chatlio-erkyzdeecsohoaggpwbjdvavzqfv/SourcePackages/checkouts/DTCoreText/Core/Source/NSAttributedStringRunDelegates.m normal arm64 objective-c com.apple.compilers.llvm.clang.1_0.compiler (in target 'DTCoreText' from project 'DTCoreText')
    cd /Users/aadityasingh/Documents/Development/element-x-ios/Chatlio.xcodeproj
    
    Using response file: /Users/aadityasingh/Library/Developer/Xcode/DerivedData/Chatlio-erkyzdeecsohoaggpwbjdvavzqfv/Build/Intermediates.noindex/DTCoreText.build/Debug-iphonesimulator/DTCoreText.build/Objects-normal/arm64/e6072d4f65d7061329687fe24e3d63a7-common-args.resp
    
    builtin-ScanDependencies -o /Users/aadityasingh/Library/Developer/Xcode/DerivedData/Chatlio-erkyzdeecsohoaggpwbjdvavzqfv/Build/Intermediates.noindex/DTCoreText.build/Debug-iphonesimulator/DTCoreText.build/Objects-normal/arm64/NSAttributedStringRunDelegates.o.scan -- /Applications/Xcode.app/Contents/Developer/Toolchains/XcodeDefault.xctoolchain/usr/bin/clang -x objective-c -ivfsstatcache /Users/aadityasingh/Library/Developer/Xcode/DerivedData/SDKStatCaches.noindex/iphonesimulator26.4-23E252-686eebb5dc1d8ecb277353a59184f4aa.sdkstatcache -target arm64-apple-ios12.0-simulator -fmessage-length\=0 -fdiagnostics-show-note-include-stack -fmacro-backtrace-limit\=0 -fno-color-diagnostics -fmodules-prune-interval\=86400 -fmodules-prune-after\=345600 -fbuild-session-file\=/Users/aadityasingh/Library/Developer/Xcode/DerivedData/ModuleCache.noindex/Session.modulevalidation -fmodules-validate-once-per-build-session -Wnon-modular-include-in-framework-module -Werror\=non-modular-include-in-framework-module -Wno-trigraphs -Wno-missing-field-initializers -Wno-missing-prototypes -Wno-return-type -Wno-implicit-atomic-properties -Wno-objc-interface-ivars -Wno-arc-repeated-use-of-weak -Wno-missing-braces -Wparentheses -Wswitch -Wno-unused-function -Wno-unused-label -Wno-unused-parameter -Wno-unused-variable -Wunused-value -Wno-empty-body -Wno-uninitialized -Wno-unknown-pragmas -w -Wno-shadow -Wno-four-char-constants -Wno-conversion -Wno-constant-conversion -Wno-int-conversion -Wno-bool-conversion -Wno-enum-conversion -Wno-float-conversion -Wno-non-literal-null-conversion -Wno-objc-literal-conversion -Wshorten-64-to-32 -Wpointer-sign -Wno-newline-eof -Wno-selector -Wno-strict-selector-match -Wno-undeclared-selector -Wno-deprecated-implementations -Wno-implicit-fallthrough -isysroot /Applications/Xcode.app/Contents/Developer/Platforms/iPhoneSimulator.platform/Developer/SDKs/iPhoneSimulator26.4.sdk -fstrict-aliasing -Wprotocol -Wdeprecated-declarations -Wno-sign-conversion -Wno-infinite-recursion -Wno-comma -Wno-block-capture-autoreleasing -Wno-strict-prototypes -Wno-semicolon-before-method-body -index-store-path /Users/aadityasingh/Library/Developer/Xcode/DerivedData/Chatlio-erkyzdeecsohoaggpwbjdvavzqfv/Index.noindex/DataStore @/Users/aadityasingh/Library/Developer/Xcode/DerivedData/Chatlio-erkyzdeecsohoaggpwbjdvavzqfv/Build/Intermediates.noindex/DTCoreText.build/Debug-iphonesimulator/DTCoreText.build/Objects-normal/arm64/e6072d4f65d7061329687fe24e3d63a7-common-args.resp -include /Users/aadityasingh/Library/Developer/Xcode/DerivedData/Chatlio-erkyzdeecsohoaggpwbjdvavzqfv/Build/Intermediates.noindex/DTCoreText.build/Debug-iphonesimulator/DTCoreText.build/DerivedSources/resource_bundle_accessor.h -MMD -MT dependencies -MF /Users/aadityasingh/Library/Developer/Xcode/DerivedData/Chatlio-erkyzdeecsohoaggpwbjdvavzqfv/Build/Intermediates.noindex/DTCoreText.build/Debug-iphonesimulator/DTCoreText.build/Objects-normal/arm64/NSAttributedStringRunDelegates.d --serialize-diagnostics /Users/aadityasingh/Library/Developer/Xcode/DerivedData/Chatlio-erkyzdeecsohoaggpwbjdvavzqfv/Build/Intermediates.noindex/DTCoreText.build/Debug-iphonesimulator/DTCoreText.build/Objects-normal/arm64/NSAttributedStringRunDelegates.dia -c /Users/aadityasingh/Library/Developer/Xcode/DerivedData/Chatlio-erkyzdeecsohoaggpwbjdvavzqfv/SourcePackages/checkouts/DTCoreText/Core/Source/NSAttributedStringRunDelegates.m -o /Users/aadityasingh/Library/Developer/Xcode/DerivedData/Chatlio-erkyzdeecsohoaggpwbjdvavzqfv/Build/Intermediates.noindex/DTCoreText.build/Debug-iphonesimulator/DTCoreText.build/Objects-normal/arm64/NSAttributedStringRunDelegates.o -index-unit-output-path /DTCoreText.build/Debug-iphonesimulator/DTCoreText.build/Objects-normal/arm64/NSAttributedStringRunDelegates.o

ScanDependencies /Users/aadityasingh/Library/Developer/Xcode/DerivedData/Chatlio-erkyzdeecsohoaggpwbjdvavzqfv/Build/Intermediates.noindex/DTCoreText.build/Debug-iphonesimulator/DTCoreText.build/Objects-normal/arm64/NSAttributedString+SmallCaps.o /Users/aadityasingh/Library/Developer/Xcode/DerivedData/Chatlio-erkyzdeecsohoaggpwbjdvavzqfv/SourcePackages/checkouts/DTCoreText/Core/Source/NSAttributedString+SmallCaps.m normal arm64 objective-c com.apple.compilers.llvm.clang.1_0.compiler (in target 'DTCoreText' from project 'DTCoreText')
    cd /Users/aadityasingh/Documents/Development/element-x-ios/Chatlio.xcodeproj
    
    Using response file: /Users/aadityasingh/Library/Developer/Xcode/DerivedData/Chatlio-erkyzdeecsohoaggpwbjdvavzqfv/Build/Intermediates.noindex/DTCoreText.build/Debug-iphonesimulator/DTCoreText.build/Objects-normal/arm64/e6072d4f65d7061329687fe24e3d63a7-common-args.resp
    
    builtin-ScanDependencies -o /Users/aadityasingh/Library/Developer/Xcode/DerivedData/Chatlio-erkyzdeecsohoaggpwbjdvavzqfv/Build/Intermediates.noindex/DTCoreText.build/Debug-iphonesimulator/DTCoreText.build/Objects-normal/arm64/NSAttributedString+SmallCaps.o.scan -- /Applications/Xcode.app/Contents/Developer/Toolchains/XcodeDefault.xctoolchain/usr/bin/clang -x objective-c -ivfsstatcache /Users/aadityasingh/Library/Developer/Xcode/DerivedData/SDKStatCaches.noindex/iphonesimulator26.4-23E252-686eebb5dc1d8ecb277353a59184f4aa.sdkstatcache -target arm64-apple-ios12.0-simulator -fmessage-length\=0 -fdiagnostics-show-note-include-stack -fmacro-backtrace-limit\=0 -fno-color-diagnostics -fmodules-prune-interval\=86400 -fmodules-prune-after\=345600 -fbuild-session-file\=/Users/aadityasingh/Library/Developer/Xcode/DerivedData/ModuleCache.noindex/Session.modulevalidation -fmodules-validate-once-per-build-session -Wnon-modular-include-in-framework-module -Werror\=non-modular-include-in-framework-module -Wno-trigraphs -Wno-missing-field-initializers -Wno-missing-prototypes -Wno-return-type -Wno-implicit-atomic-properties -Wno-objc-interface-ivars -Wno-arc-repeated-use-of-weak -Wno-missing-braces -Wparentheses -Wswitch -Wno-unused-function -Wno-unused-label -Wno-unused-parameter -Wno-unused-variable -Wunused-value -Wno-empty-body -Wno-uninitialized -Wno-unknown-pragmas -w -Wno-shadow -Wno-four-char-constants -Wno-conversion -Wno-constant-conversion -Wno-int-conversion -Wno-bool-conversion -Wno-enum-conversion -Wno-float-conversion -Wno-non-literal-null-conversion -Wno-objc-literal-conversion -Wshorten-64-to-32 -Wpointer-sign -Wno-newline-eof -Wno-selector -Wno-strict-selector-match -Wno-undeclared-selector -Wno-deprecated-implementations -Wno-implicit-fallthrough -isysroot /Applications/Xcode.app/Contents/Developer/Platforms/iPhoneSimulator.platform/Developer/SDKs/iPhoneSimulator26.4.sdk -fstrict-aliasing -Wprotocol -Wdeprecated-declarations -Wno-sign-conversion -Wno-infinite-recursion -Wno-comma -Wno-block-capture-autoreleasing -Wno-strict-prototypes -Wno-semicolon-before-method-body -index-store-path /Users/aadityasingh/Library/Developer/Xcode/DerivedData/Chatlio-erkyzdeecsohoaggpwbjdvavzqfv/Index.noindex/DataStore @/Users/aadityasingh/Library/Developer/Xcode/DerivedData/Chatlio-erkyzdeecsohoaggpwbjdvavzqfv/Build/Intermediates.noindex/DTCoreText.build/Debug-iphonesimulator/DTCoreText.build/Objects-normal/arm64/e6072d4f65d7061329687fe24e3d63a7-common-args.resp -include /Users/aadityasingh/Library/Developer/Xcode/DerivedData/Chatlio-erkyzdeecsohoaggpwbjdvavzqfv/Build/Intermediates.noindex/DTCoreText.build/Debug-iphonesimulator/DTCoreText.build/DerivedSources/resource_bundle_accessor.h -MMD -MT dependencies -MF /Users/aadityasingh/Library/Developer/Xcode/DerivedData/Chatlio-erkyzdeecsohoaggpwbjdvavzqfv/Build/Intermediates.noindex/DTCoreText.build/Debug-iphonesimulator/DTCoreText.build/Objects-normal/arm64/NSAttributedString+SmallCaps.d --serialize-diagnostics /Users/aadityasingh/Library/Developer/Xcode/DerivedData/Chatlio-erkyzdeecsohoaggpwbjdvavzqfv/Build/Intermediates.noindex/DTCoreText.build/Debug-iphonesimulator/DTCoreText.build/Objects-normal/arm64/NSAttributedString+SmallCaps.dia -c /Users/aadityasingh/Library/Developer/Xcode/DerivedData/Chatlio-erkyzdeecsohoaggpwbjdvavzqfv/SourcePackages/checkouts/DTCoreText/Core/Source/NSAttributedString+SmallCaps.m -o /Users/aadityasingh/Library/Developer/Xcode/DerivedData/Chatlio-erkyzdeecsohoaggpwbjdvavzqfv/Build/Intermediates.noindex/DTCoreText.build/Debug-iphonesimulator/DTCoreText.build/Objects-normal/arm64/NSAttributedString+SmallCaps.o -index-unit-output-path /DTCoreText.build/Debug-iphonesimulator/DTCoreText.build/Objects-normal/arm64/NSAttributedString+SmallCaps.o

PrecompileModule /Users/aadityasingh/Library/Developer/Xcode/DerivedData/Chatlio-erkyzdeecsohoaggpwbjdvavzqfv/Build/Intermediates.noindex/ExplicitPrecompiledModules/OpenGLES-1JRB4W6JHIP9L1GYY8PECNB7C.scan
    cd /
    builtin-precompileModule /Users/aadityasingh/Library/Developer/Xcode/DerivedData/Chatlio-erkyzdeecsohoaggpwbjdvavzqfv/Build/Intermediates.noindex/ExplicitPrecompiledModules/OpenGLES-1JRB4W6JHIP9L1GYY8PECNB7C.scan

PrecompileModule /Users/aadityasingh/Library/Developer/Xcode/DerivedData/Chatlio-erkyzdeecsohoaggpwbjdvavzqfv/Build/Intermediates.noindex/ExplicitPrecompiledModules/IOSurface-7HP01AJL0ASLVKRQSMDBS69PB.scan
    cd /
    builtin-precompileModule /Users/aadityasingh/Library/Developer/Xcode/DerivedData/Chatlio-erkyzdeecsohoaggpwbjdvavzqfv/Build/Intermediates.noindex/ExplicitPrecompiledModules/IOSurface-7HP01AJL0ASLVKRQSMDBS69PB.scan

PrecompileModule /Users/aadityasingh/Library/Developer/Xcode/DerivedData/Chatlio-erkyzdeecsohoaggpwbjdvavzqfv/Build/Intermediates.noindex/ExplicitPrecompiledModules/SQLite3-B6O2UIC3GJ1VKDJEHUMBCT7UU.scan
    cd /
    builtin-precompileModule /Users/aadityasingh/Library/Developer/Xcode/DerivedData/Chatlio-erkyzdeecsohoaggpwbjdvavzqfv/Build/Intermediates.noindex/ExplicitPrecompiledModules/SQLite3-B6O2UIC3GJ1VKDJEHUMBCT7UU.scan

PrecompileModule /Users/aadityasingh/Library/Developer/Xcode/DerivedData/Chatlio-erkyzdeecsohoaggpwbjdvavzqfv/Build/Intermediates.noindex/ExplicitPrecompiledModules/CoreGraphics-CVR2G4J5WHNHL1FJ5GVMH6NUE.scan
    cd /
    builtin-precompileModule /Users/aadityasingh/Library/Developer/Xcode/DerivedData/Chatlio-erkyzdeecsohoaggpwbjdvavzqfv/Build/Intermediates.noindex/ExplicitPrecompiledModules/CoreGraphics-CVR2G4J5WHNHL1FJ5GVMH6NUE.scan

PrecompileModule /Users/aadityasingh/Library/Developer/Xcode/DerivedData/Chatlio-erkyzdeecsohoaggpwbjdvavzqfv/Build/Intermediates.noindex/ExplicitPrecompiledModules/SystemConfiguration-A1NH4XUVWAN61NA5D5F6PBOR0.scan
    cd /
    builtin-precompileModule /Users/aadityasingh/Library/Developer/Xcode/DerivedData/Chatlio-erkyzdeecsohoaggpwbjdvavzqfv/Build/Intermediates.noindex/ExplicitPrecompiledModules/SystemConfiguration-A1NH4XUVWAN61NA5D5F6PBOR0.scan

PrecompileModule /Users/aadityasingh/Library/Developer/Xcode/DerivedData/Chatlio-erkyzdeecsohoaggpwbjdvavzqfv/Build/Intermediates.noindex/ExplicitPrecompiledModules/UIUtilities-7ZBZCFRX0UPUOT6M2ZMTVG4GN.scan
    cd /
    builtin-precompileModule /Users/aadityasingh/Library/Developer/Xcode/DerivedData/Chatlio-erkyzdeecsohoaggpwbjdvavzqfv/Build/Intermediates.noindex/ExplicitPrecompiledModules/UIUtilities-7ZBZCFRX0UPUOT6M2ZMTVG4GN.scan

PrecompileModule /Users/aadityasingh/Library/Developer/Xcode/DerivedData/Chatlio-erkyzdeecsohoaggpwbjdvavzqfv/Build/Intermediates.noindex/ExplicitPrecompiledModules/Symbols-31MHT10LBFYUI5ZOOW4CB33TD.scan
    cd /
    builtin-precompileModule /Users/aadityasingh/Library/Developer/Xcode/DerivedData/Chatlio-erkyzdeecsohoaggpwbjdvavzqfv/Build/Intermediates.noindex/ExplicitPrecompiledModules/Symbols-31MHT10LBFYUI5ZOOW4CB33TD.scan

PrecompileModule /Users/aadityasingh/Library/Developer/Xcode/DerivedData/Chatlio-erkyzdeecsohoaggpwbjdvavzqfv/Build/Intermediates.noindex/ExplicitPrecompiledModules/UserNotifications-60PHXPLREDCUMIMRV6LC4MNP8.scan
    cd /
    builtin-precompileModule /Users/aadityasingh/Library/Developer/Xcode/DerivedData/Chatlio-erkyzdeecsohoaggpwbjdvavzqfv/Build/Intermediates.noindex/ExplicitPrecompiledModules/UserNotifications-60PHXPLREDCUMIMRV6LC4MNP8.scan

PrecompileModule /Users/aadityasingh/Library/Developer/Xcode/DerivedData/Chatlio-erkyzdeecsohoaggpwbjdvavzqfv/Build/Intermediates.noindex/ExplicitPrecompiledModules/Metal-7ZV272JN6PTDK4L0KYDMTL4LU.scan
    cd /
    builtin-precompileModule /Users/aadityasingh/Library/Developer/Xcode/DerivedData/Chatlio-erkyzdeecsohoaggpwbjdvavzqfv/Build/Intermediates.noindex/ExplicitPrecompiledModules/Metal-7ZV272JN6PTDK4L0KYDMTL4LU.scan

CompileC /Users/aadityasingh/Library/Developer/Xcode/DerivedData/Chatlio-erkyzdeecsohoaggpwbjdvavzqfv/Build/Intermediates.noindex/DTFoundation.build/Debug-iphonesimulator/DTFoundation.build/Objects-normal/arm64/UIViewController+DTSidePanelController.o /Users/aadityasingh/Library/Developer/Xcode/DerivedData/Chatlio-erkyzdeecsohoaggpwbjdvavzqfv/SourcePackages/checkouts/DTFoundation/Core/Source/iOS/DTSidePanel/UIViewController+DTSidePanelController.m normal arm64 objective-c com.apple.compilers.llvm.clang.1_0.compiler (in target 'DTFoundation' from project 'DTFoundation')
    cd /Users/aadityasingh/Documents/Development/element-x-ios/Chatlio.xcodeproj
    
    Using response file: /Users/aadityasingh/Library/Developer/Xcode/DerivedData/Chatlio-erkyzdeecsohoaggpwbjdvavzqfv/Build/Intermediates.noindex/DTFoundation.build/Debug-iphonesimulator/DTFoundation.build/Objects-normal/arm64/e6072d4f65d7061329687fe24e3d63a7-common-args.resp
    
    /Applications/Xcode.app/Contents/Developer/Toolchains/XcodeDefault.xctoolchain/usr/bin/clang -x objective-c -ivfsstatcache /Users/aadityasingh/Library/Developer/Xcode/DerivedData/SDKStatCaches.noindex/iphonesimulator26.4-23E252-686eebb5dc1d8ecb277353a59184f4aa.sdkstatcache -target arm64-apple-ios12.0-simulator -fmessage-length\=0 -fdiagnostics-show-note-include-stack -fmacro-backtrace-limit\=0 -fno-color-diagnostics -fmodules-prune-interval\=86400 -fmodules-prune-after\=345600 -fbuild-session-file\=/Users/aadityasingh/Library/Developer/Xcode/DerivedData/ModuleCache.noindex/Session.modulevalidation -fmodules-validate-once-per-build-session -Wnon-modular-include-in-framework-module -Werror\=non-modular-include-in-framework-module -Wno-trigraphs -Wno-missing-field-initializers -Wno-missing-prototypes -Wno-return-type -Wno-implicit-atomic-properties -Wno-objc-interface-ivars -Wno-arc-repeated-use-of-weak -Wno-missing-braces -Wparentheses -Wswitch -Wno-unused-function -Wno-unused-label -Wno-unused-parameter -Wno-unused-variable -Wunused-value -Wno-empty-body -Wno-uninitialized -Wno-unknown-pragmas -w -Wno-shadow -Wno-four-char-constants -Wno-conversion -Wno-constant-conversion -Wno-int-conversion -Wno-bool-conversion -Wno-enum-conversion -Wno-float-conversion -Wno-non-literal-null-conversion -Wno-objc-literal-conversion -Wshorten-64-to-32 -Wpointer-sign -Wno-newline-eof -Wno-selector -Wno-strict-selector-match -Wno-undeclared-selector -Wno-deprecated-implementations -Wno-implicit-fallthrough -isysroot /Applications/Xcode.app/Contents/Developer/Platforms/iPhoneSimulator.platform/Developer/SDKs/iPhoneSimulator26.4.sdk -fstrict-aliasing -Wprotocol -Wdeprecated-declarations -Wno-sign-conversion -Wno-infinite-recursion -Wno-comma -Wno-block-capture-autoreleasing -Wno-strict-prototypes -Wno-semicolon-before-method-body -index-store-path /Users/aadityasingh/Library/Developer/Xcode/DerivedData/Chatlio-erkyzdeecsohoaggpwbjdvavzqfv/Index.noindex/DataStore @/Users/aadityasingh/Library/Developer/Xcode/DerivedData/Chatlio-erkyzdeecsohoaggpwbjdvavzqfv/Build/Intermediates.noindex/DTFoundation.build/Debug-iphonesimulator/DTFoundation.build/Objects-normal/arm64/e6072d4f65d7061329687fe24e3d63a7-common-args.resp -MMD -MT dependencies -MF /Users/aadityasingh/Library/Developer/Xcode/DerivedData/Chatlio-erkyzdeecsohoaggpwbjdvavzqfv/Build/Intermediates.noindex/DTFoundation.build/Debug-iphonesimulator/DTFoundation.build/Objects-normal/arm64/UIViewController+DTSidePanelController.d --serialize-diagnostics /Users/aadityasingh/Library/Developer/Xcode/DerivedData/Chatlio-erkyzdeecsohoaggpwbjdvavzqfv/Build/Intermediates.noindex/DTFoundation.build/Debug-iphonesimulator/DTFoundation.build/Objects-normal/arm64/UIViewController+DTSidePanelController.dia -c /Users/aadityasingh/Library/Developer/Xcode/DerivedData/Chatlio-erkyzdeecsohoaggpwbjdvavzqfv/SourcePackages/checkouts/DTFoundation/Core/Source/iOS/DTSidePanel/UIViewController+DTSidePanelController.m -o /Users/aadityasingh/Library/Developer/Xcode/DerivedData/Chatlio-erkyzdeecsohoaggpwbjdvavzqfv/Build/Intermediates.noindex/DTFoundation.build/Debug-iphonesimulator/DTFoundation.build/Objects-normal/arm64/UIViewController+DTSidePanelController.o -index-unit-output-path /DTFoundation.build/Debug-iphonesimulator/DTFoundation.build/Objects-normal/arm64/UIViewController+DTSidePanelController.o

CompileC /Users/aadityasingh/Library/Developer/Xcode/DerivedData/Chatlio-erkyzdeecsohoaggpwbjdvavzqfv/Build/Intermediates.noindex/DTFoundation.build/Debug-iphonesimulator/DTFoundation.build/Objects-normal/arm64/UIView+DTFoundation.o /Users/aadityasingh/Library/Developer/Xcode/DerivedData/Chatlio-erkyzdeecsohoaggpwbjdvavzqfv/SourcePackages/checkouts/DTFoundation/Core/Source/iOS/UIView+DTFoundation.m normal arm64 objective-c com.apple.compilers.llvm.clang.1_0.compiler (in target 'DTFoundation' from project 'DTFoundation')
    cd /Users/aadityasingh/Documents/Development/element-x-ios/Chatlio.xcodeproj
    
    Using response file: /Users/aadityasingh/Library/Developer/Xcode/DerivedData/Chatlio-erkyzdeecsohoaggpwbjdvavzqfv/Build/Intermediates.noindex/DTFoundation.build/Debug-iphonesimulator/DTFoundation.build/Objects-normal/arm64/e6072d4f65d7061329687fe24e3d63a7-common-args.resp
    
    /Applications/Xcode.app/Contents/Developer/Toolchains/XcodeDefault.xctoolchain/usr/bin/clang -x objective-c -ivfsstatcache /Users/aadityasingh/Library/Developer/Xcode/DerivedData/SDKStatCaches.noindex/iphonesimulator26.4-23E252-686eebb5dc1d8ecb277353a59184f4aa.sdkstatcache -target arm64-apple-ios12.0-simulator -fmessage-length\=0 -fdiagnostics-show-note-include-stack -fmacro-backtrace-limit\=0 -fno-color-diagnostics -fmodules-prune-interval\=86400 -fmodules-prune-after\=345600 -fbuild-session-file\=/Users/aadityasingh/Library/Developer/Xcode/DerivedData/ModuleCache.noindex/Session.modulevalidation -fmodules-validate-once-per-build-session -Wnon-modular-include-in-framework-module -Werror\=non-modular-include-in-framework-module -Wno-trigraphs -Wno-missing-field-initializers -Wno-missing-prototypes -Wno-return-type -Wno-implicit-atomic-properties -Wno-objc-interface-ivars -Wno-arc-repeated-use-of-weak -Wno-missing-braces -Wparentheses -Wswitch -Wno-unused-function -Wno-unused-label -Wno-unused-parameter -Wno-unused-variable -Wunused-value -Wno-empty-body -Wno-uninitialized -Wno-unknown-pragmas -w -Wno-shadow -Wno-four-char-constants -Wno-conversion -Wno-constant-conversion -Wno-int-conversion -Wno-bool-conversion -Wno-enum-conversion -Wno-float-conversion -Wno-non-literal-null-conversion -Wno-objc-literal-conversion -Wshorten-64-to-32 -Wpointer-sign -Wno-newline-eof -Wno-selector -Wno-strict-selector-match -Wno-undeclared-selector -Wno-deprecated-implementations -Wno-implicit-fallthrough -isysroot /Applications/Xcode.app/Contents/Developer/Platforms/iPhoneSimulator.platform/Developer/SDKs/iPhoneSimulator26.4.sdk -fstrict-aliasing -Wprotocol -Wdeprecated-declarations -Wno-sign-conversion -Wno-infinite-recursion -Wno-comma -Wno-block-capture-autoreleasing -Wno-strict-prototypes -Wno-semicolon-before-method-body -index-store-path /Users/aadityasingh/Library/Developer/Xcode/DerivedData/Chatlio-erkyzdeecsohoaggpwbjdvavzqfv/Index.noindex/DataStore @/Users/aadityasingh/Library/Developer/Xcode/DerivedData/Chatlio-erkyzdeecsohoaggpwbjdvavzqfv/Build/Intermediates.noindex/DTFoundation.build/Debug-iphonesimulator/DTFoundation.build/Objects-normal/arm64/e6072d4f65d7061329687fe24e3d63a7-common-args.resp -MMD -MT dependencies -MF /Users/aadityasingh/Library/Developer/Xcode/DerivedData/Chatlio-erkyzdeecsohoaggpwbjdvavzqfv/Build/Intermediates.noindex/DTFoundation.build/Debug-iphonesimulator/DTFoundation.build/Objects-normal/arm64/UIView+DTFoundation.d --serialize-diagnostics /Users/aadityasingh/Library/Developer/Xcode/DerivedData/Chatlio-erkyzdeecsohoaggpwbjdvavzqfv/Build/Intermediates.noindex/DTFoundation.build/Debug-iphonesimulator/DTFoundation.build/Objects-normal/arm64/UIView+DTFoundation.dia -c /Users/aadityasingh/Library/Developer/Xcode/DerivedData/Chatlio-erkyzdeecsohoaggpwbjdvavzqfv/SourcePackages/checkouts/DTFoundation/Core/Source/iOS/UIView+DTFoundation.m -o /Users/aadityasingh/Library/Developer/Xcode/DerivedData/Chatlio-erkyzdeecsohoaggpwbjdvavzqfv/Build/Intermediates.noindex/DTFoundation.build/Debug-iphonesimulator/DTFoundation.build/Objects-normal/arm64/UIView+DTFoundation.o -index-unit-output-path /DTFoundation.build/Debug-iphonesimulator/DTFoundation.build/Objects-normal/arm64/UIView+DTFoundation.o

CompileC /Users/aadityasingh/Library/Developer/Xcode/DerivedData/Chatlio-erkyzdeecsohoaggpwbjdvavzqfv/Build/Intermediates.noindex/DTFoundation.build/Debug-iphonesimulator/DTFoundation.build/Objects-normal/arm64/UIView+DTDebug.o /Users/aadityasingh/Library/Developer/Xcode/DerivedData/Chatlio-erkyzdeecsohoaggpwbjdvavzqfv/SourcePackages/checkouts/DTFoundation/Core/Source/iOS/Debug/UIView+DTDebug.m normal arm64 objective-c com.apple.compilers.llvm.clang.1_0.compiler (in target 'DTFoundation' from project 'DTFoundation')
    cd /Users/aadityasingh/Documents/Development/element-x-ios/Chatlio.xcodeproj
    
    Using response file: /Users/aadityasingh/Library/Developer/Xcode/DerivedData/Chatlio-erkyzdeecsohoaggpwbjdvavzqfv/Build/Intermediates.noindex/DTFoundation.build/Debug-iphonesimulator/DTFoundation.build/Objects-normal/arm64/e6072d4f65d7061329687fe24e3d63a7-common-args.resp
    
    /Applications/Xcode.app/Contents/Developer/Toolchains/XcodeDefault.xctoolchain/usr/bin/clang -x objective-c -ivfsstatcache /Users/aadityasingh/Library/Developer/Xcode/DerivedData/SDKStatCaches.noindex/iphonesimulator26.4-23E252-686eebb5dc1d8ecb277353a59184f4aa.sdkstatcache -target arm64-apple-ios12.0-simulator -fmessage-length\=0 -fdiagnostics-show-note-include-stack -fmacro-backtrace-limit\=0 -fno-color-diagnostics -fmodules-prune-interval\=86400 -fmodules-prune-after\=345600 -fbuild-session-file\=/Users/aadityasingh/Library/Developer/Xcode/DerivedData/ModuleCache.noindex/Session.modulevalidation -fmodules-validate-once-per-build-session -Wnon-modular-include-in-framework-module -Werror\=non-modular-include-in-framework-module -Wno-trigraphs -Wno-missing-field-initializers -Wno-missing-prototypes -Wno-return-type -Wno-implicit-atomic-properties -Wno-objc-interface-ivars -Wno-arc-repeated-use-of-weak -Wno-missing-braces -Wparentheses -Wswitch -Wno-unused-function -Wno-unused-label -Wno-unused-parameter -Wno-unused-variable -Wunused-value -Wno-empty-body -Wno-uninitialized -Wno-unknown-pragmas -w -Wno-shadow -Wno-four-char-constants -Wno-conversion -Wno-constant-conversion -Wno-int-conversion -Wno-bool-conversion -Wno-enum-conversion -Wno-float-conversion -Wno-non-literal-null-conversion -Wno-objc-literal-conversion -Wshorten-64-to-32 -Wpointer-sign -Wno-newline-eof -Wno-selector -Wno-strict-selector-match -Wno-undeclared-selector -Wno-deprecated-implementations -Wno-implicit-fallthrough -isysroot /Applications/Xcode.app/Contents/Developer/Platforms/iPhoneSimulator.platform/Developer/SDKs/iPhoneSimulator26.4.sdk -fstrict-aliasing -Wprotocol -Wdeprecated-declarations -Wno-sign-conversion -Wno-infinite-recursion -Wno-comma -Wno-block-capture-autoreleasing -Wno-strict-prototypes -Wno-semicolon-before-method-body -index-store-path /Users/aadityasingh/Library/Developer/Xcode/DerivedData/Chatlio-erkyzdeecsohoaggpwbjdvavzqfv/Index.noindex/DataStore @/Users/aadityasingh/Library/Developer/Xcode/DerivedData/Chatlio-erkyzdeecsohoaggpwbjdvavzqfv/Build/Intermediates.noindex/DTFoundation.build/Debug-iphonesimulator/DTFoundation.build/Objects-normal/arm64/e6072d4f65d7061329687fe24e3d63a7-common-args.resp -MMD -MT dependencies -MF /Users/aadityasingh/Library/Developer/Xcode/DerivedData/Chatlio-erkyzdeecsohoaggpwbjdvavzqfv/Build/Intermediates.noindex/DTFoundation.build/Debug-iphonesimulator/DTFoundation.build/Objects-normal/arm64/UIView+DTDebug.d --serialize-diagnostics /Users/aadityasingh/Library/Developer/Xcode/DerivedData/Chatlio-erkyzdeecsohoaggpwbjdvavzqfv/Build/Intermediates.noindex/DTFoundation.build/Debug-iphonesimulator/DTFoundation.build/Objects-normal/arm64/UIView+DTDebug.dia -c /Users/aadityasingh/Library/Developer/Xcode/DerivedData/Chatlio-erkyzdeecsohoaggpwbjdvavzqfv/SourcePackages/checkouts/DTFoundation/Core/Source/iOS/Debug/UIView+DTDebug.m -o /Users/aadityasingh/Library/Developer/Xcode/DerivedData/Chatlio-erkyzdeecsohoaggpwbjdvavzqfv/Build/Intermediates.noindex/DTFoundation.build/Debug-iphonesimulator/DTFoundation.build/Objects-normal/arm64/UIView+DTDebug.o -index-unit-output-path /DTFoundation.build/Debug-iphonesimulator/DTFoundation.build/Objects-normal/arm64/UIView+DTDebug.o

CompileC /Users/aadityasingh/Library/Developer/Xcode/DerivedData/Chatlio-erkyzdeecsohoaggpwbjdvavzqfv/Build/Intermediates.noindex/DTFoundation.build/Debug-iphonesimulator/DTFoundation.build/Objects-normal/arm64/UIView+DTActionHandlers.o /Users/aadityasingh/Library/Developer/Xcode/DerivedData/Chatlio-erkyzdeecsohoaggpwbjdvavzqfv/SourcePackages/checkouts/DTFoundation/Core/Source/iOS/BlocksAdditions/UIView+DTActionHandlers.m normal arm64 objective-c com.apple.compilers.llvm.clang.1_0.compiler (in target 'DTFoundation' from project 'DTFoundation')
    cd /Users/aadityasingh/Documents/Development/element-x-ios/Chatlio.xcodeproj
    
    Using response file: /Users/aadityasingh/Library/Developer/Xcode/DerivedData/Chatlio-erkyzdeecsohoaggpwbjdvavzqfv/Build/Intermediates.noindex/DTFoundation.build/Debug-iphonesimulator/DTFoundation.build/Objects-normal/arm64/e6072d4f65d7061329687fe24e3d63a7-common-args.resp
    
    /Applications/Xcode.app/Contents/Developer/Toolchains/XcodeDefault.xctoolchain/usr/bin/clang -x objective-c -ivfsstatcache /Users/aadityasingh/Library/Developer/Xcode/DerivedData/SDKStatCaches.noindex/iphonesimulator26.4-23E252-686eebb5dc1d8ecb277353a59184f4aa.sdkstatcache -target arm64-apple-ios12.0-simulator -fmessage-length\=0 -fdiagnostics-show-note-include-stack -fmacro-backtrace-limit\=0 -fno-color-diagnostics -fmodules-prune-interval\=86400 -fmodules-prune-after\=345600 -fbuild-session-file\=/Users/aadityasingh/Library/Developer/Xcode/DerivedData/ModuleCache.noindex/Session.modulevalidation -fmodules-validate-once-per-build-session -Wnon-modular-include-in-framework-module -Werror\=non-modular-include-in-framework-module -Wno-trigraphs -Wno-missing-field-initializers -Wno-missing-prototypes -Wno-return-type -Wno-implicit-atomic-properties -Wno-objc-interface-ivars -Wno-arc-repeated-use-of-weak -Wno-missing-braces -Wparentheses -Wswitch -Wno-unused-function -Wno-unused-label -Wno-unused-parameter -Wno-unused-variable -Wunused-value -Wno-empty-body -Wno-uninitialized -Wno-unknown-pragmas -w -Wno-shadow -Wno-four-char-constants -Wno-conversion -Wno-constant-conversion -Wno-int-conversion -Wno-bool-conversion -Wno-enum-conversion -Wno-float-conversion -Wno-non-literal-null-conversion -Wno-objc-literal-conversion -Wshorten-64-to-32 -Wpointer-sign -Wno-newline-eof -Wno-selector -Wno-strict-selector-match -Wno-undeclared-selector -Wno-deprecated-implementations -Wno-implicit-fallthrough -isysroot /Applications/Xcode.app/Contents/Developer/Platforms/iPhoneSimulator.platform/Developer/SDKs/iPhoneSimulator26.4.sdk -fstrict-aliasing -Wprotocol -Wdeprecated-declarations -Wno-sign-conversion -Wno-infinite-recursion -Wno-comma -Wno-block-capture-autoreleasing -Wno-strict-prototypes -Wno-semicolon-before-method-body -index-store-path /Users/aadityasingh/Library/Developer/Xcode/DerivedData/Chatlio-erkyzdeecsohoaggpwbjdvavzqfv/Index.noindex/DataStore @/Users/aadityasingh/Library/Developer/Xcode/DerivedData/Chatlio-erkyzdeecsohoaggpwbjdvavzqfv/Build/Intermediates.noindex/DTFoundation.build/Debug-iphonesimulator/DTFoundation.build/Objects-normal/arm64/e6072d4f65d7061329687fe24e3d63a7-common-args.resp -MMD -MT dependencies -MF /Users/aadityasingh/Library/Developer/Xcode/DerivedData/Chatlio-erkyzdeecsohoaggpwbjdvavzqfv/Build/Intermediates.noindex/DTFoundation.build/Debug-iphonesimulator/DTFoundation.build/Objects-normal/arm64/UIView+DTActionHandlers.d --serialize-diagnostics /Users/aadityasingh/Library/Developer/Xcode/DerivedData/Chatlio-erkyzdeecsohoaggpwbjdvavzqfv/Build/Intermediates.noindex/DTFoundation.build/Debug-iphonesimulator/DTFoundation.build/Objects-normal/arm64/UIView+DTActionHandlers.dia -c /Users/aadityasingh/Library/Developer/Xcode/DerivedData/Chatlio-erkyzdeecsohoaggpwbjdvavzqfv/SourcePackages/checkouts/DTFoundation/Core/Source/iOS/BlocksAdditions/UIView+DTActionHandlers.m -o /Users/aadityasingh/Library/Developer/Xcode/DerivedData/Chatlio-erkyzdeecsohoaggpwbjdvavzqfv/Build/Intermediates.noindex/DTFoundation.build/Debug-iphonesimulator/DTFoundation.build/Objects-normal/arm64/UIView+DTActionHandlers.o -index-unit-output-path /DTFoundation.build/Debug-iphonesimulator/DTFoundation.build/Objects-normal/arm64/UIView+DTActionHandlers.o

CompileC /Users/aadityasingh/Library/Developer/Xcode/DerivedData/Chatlio-erkyzdeecsohoaggpwbjdvavzqfv/Build/Intermediates.noindex/DTFoundation.build/Debug-iphonesimulator/DTFoundation.build/Objects-normal/arm64/UIScreen+DTFoundation.o /Users/aadityasingh/Library/Developer/Xcode/DerivedData/Chatlio-erkyzdeecsohoaggpwbjdvavzqfv/SourcePackages/checkouts/DTFoundation/Core/Source/iOS/UIScreen+DTFoundation.m normal arm64 objective-c com.apple.compilers.llvm.clang.1_0.compiler (in target 'DTFoundation' from project 'DTFoundation')
    cd /Users/aadityasingh/Documents/Development/element-x-ios/Chatlio.xcodeproj
    
    Using response file: /Users/aadityasingh/Library/Developer/Xcode/DerivedData/Chatlio-erkyzdeecsohoaggpwbjdvavzqfv/Build/Intermediates.noindex/DTFoundation.build/Debug-iphonesimulator/DTFoundation.build/Objects-normal/arm64/e6072d4f65d7061329687fe24e3d63a7-common-args.resp
    
    /Applications/Xcode.app/Contents/Developer/Toolchains/XcodeDefault.xctoolchain/usr/bin/clang -x objective-c -ivfsstatcache /Users/aadityasingh/Library/Developer/Xcode/DerivedData/SDKStatCaches.noindex/iphonesimulator26.4-23E252-686eebb5dc1d8ecb277353a59184f4aa.sdkstatcache -target arm64-apple-ios12.0-simulator -fmessage-length\=0 -fdiagnostics-show-note-include-stack -fmacro-backtrace-limit\=0 -fno-color-diagnostics -fmodules-prune-interval\=86400 -fmodules-prune-after\=345600 -fbuild-session-file\=/Users/aadityasingh/Library/Developer/Xcode/DerivedData/ModuleCache.noindex/Session.modulevalidation -fmodules-validate-once-per-build-session -Wnon-modular-include-in-framework-module -Werror\=non-modular-include-in-framework-module -Wno-trigraphs -Wno-missing-field-initializers -Wno-missing-prototypes -Wno-return-type -Wno-implicit-atomic-properties -Wno-objc-interface-ivars -Wno-arc-repeated-use-of-weak -Wno-missing-braces -Wparentheses -Wswitch -Wno-unused-function -Wno-unused-label -Wno-unused-parameter -Wno-unused-variable -Wunused-value -Wno-empty-body -Wno-uninitialized -Wno-unknown-pragmas -w -Wno-shadow -Wno-four-char-constants -Wno-conversion -Wno-constant-conversion -Wno-int-conversion -Wno-bool-conversion -Wno-enum-conversion -Wno-float-conversion -Wno-non-literal-null-conversion -Wno-objc-literal-conversion -Wshorten-64-to-32 -Wpointer-sign -Wno-newline-eof -Wno-selector -Wno-strict-selector-match -Wno-undeclared-selector -Wno-deprecated-implementations -Wno-implicit-fallthrough -isysroot /Applications/Xcode.app/Contents/Developer/Platforms/iPhoneSimulator.platform/Developer/SDKs/iPhoneSimulator26.4.sdk -fstrict-aliasing -Wprotocol -Wdeprecated-declarations -Wno-sign-conversion -Wno-infinite-recursion -Wno-comma -Wno-block-capture-autoreleasing -Wno-strict-prototypes -Wno-semicolon-before-method-body -index-store-path /Users/aadityasingh/Library/Developer/Xcode/DerivedData/Chatlio-erkyzdeecsohoaggpwbjdvavzqfv/Index.noindex/DataStore @/Users/aadityasingh/Library/Developer/Xcode/DerivedData/Chatlio-erkyzdeecsohoaggpwbjdvavzqfv/Build/Intermediates.noindex/DTFoundation.build/Debug-iphonesimulator/DTFoundation.build/Objects-normal/arm64/e6072d4f65d7061329687fe24e3d63a7-common-args.resp -MMD -MT dependencies -MF /Users/aadityasingh/Library/Developer/Xcode/DerivedData/Chatlio-erkyzdeecsohoaggpwbjdvavzqfv/Build/Intermediates.noindex/DTFoundation.build/Debug-iphonesimulator/DTFoundation.build/Objects-normal/arm64/UIScreen+DTFoundation.d --serialize-diagnostics /Users/aadityasingh/Library/Developer/Xcode/DerivedData/Chatlio-erkyzdeecsohoaggpwbjdvavzqfv/Build/Intermediates.noindex/DTFoundation.build/Debug-iphonesimulator/DTFoundation.build/Objects-normal/arm64/UIScreen+DTFoundation.dia -c /Users/aadityasingh/Library/Developer/Xcode/DerivedData/Chatlio-erkyzdeecsohoaggpwbjdvavzqfv/SourcePackages/checkouts/DTFoundation/Core/Source/iOS/UIScreen+DTFoundation.m -o /Users/aadityasingh/Library/Developer/Xcode/DerivedData/Chatlio-erkyzdeecsohoaggpwbjdvavzqfv/Build/Intermediates.noindex/DTFoundation.build/Debug-iphonesimulator/DTFoundation.build/Objects-normal/arm64/UIScreen+DTFoundation.o -index-unit-output-path /DTFoundation.build/Debug-iphonesimulator/DTFoundation.build/Objects-normal/arm64/UIScreen+DTFoundation.o

CompileC /Users/aadityasingh/Library/Developer/Xcode/DerivedData/Chatlio-erkyzdeecsohoaggpwbjdvavzqfv/Build/Intermediates.noindex/DTFoundation.build/Debug-iphonesimulator/DTFoundation.build/Objects-normal/arm64/UIImage+DTFoundation.o /Users/aadityasingh/Library/Developer/Xcode/DerivedData/Chatlio-erkyzdeecsohoaggpwbjdvavzqfv/SourcePackages/checkouts/DTFoundation/Core/Source/iOS/UIImage+DTFoundation.m normal arm64 objective-c com.apple.compilers.llvm.clang.1_0.compiler (in target 'DTFoundation' from project 'DTFoundation')
    cd /Users/aadityasingh/Documents/Development/element-x-ios/Chatlio.xcodeproj
    
    Using response file: /Users/aadityasingh/Library/Developer/Xcode/DerivedData/Chatlio-erkyzdeecsohoaggpwbjdvavzqfv/Build/Intermediates.noindex/DTFoundation.build/Debug-iphonesimulator/DTFoundation.build/Objects-normal/arm64/e6072d4f65d7061329687fe24e3d63a7-common-args.resp
    
    /Applications/Xcode.app/Contents/Developer/Toolchains/XcodeDefault.xctoolchain/usr/bin/clang -x objective-c -ivfsstatcache /Users/aadityasingh/Library/Developer/Xcode/DerivedData/SDKStatCaches.noindex/iphonesimulator26.4-23E252-686eebb5dc1d8ecb277353a59184f4aa.sdkstatcache -target arm64-apple-ios12.0-simulator -fmessage-length\=0 -fdiagnostics-show-note-include-stack -fmacro-backtrace-limit\=0 -fno-color-diagnostics -fmodules-prune-interval\=86400 -fmodules-prune-after\=345600 -fbuild-session-file\=/Users/aadityasingh/Library/Developer/Xcode/DerivedData/ModuleCache.noindex/Session.modulevalidation -fmodules-validate-once-per-build-session -Wnon-modular-include-in-framework-module -Werror\=non-modular-include-in-framework-module -Wno-trigraphs -Wno-missing-field-initializers -Wno-missing-prototypes -Wno-return-type -Wno-implicit-atomic-properties -Wno-objc-interface-ivars -Wno-arc-repeated-use-of-weak -Wno-missing-braces -Wparentheses -Wswitch -Wno-unused-function -Wno-unused-label -Wno-unused-parameter -Wno-unused-variable -Wunused-value -Wno-empty-body -Wno-uninitialized -Wno-unknown-pragmas -w -Wno-shadow -Wno-four-char-constants -Wno-conversion -Wno-constant-conversion -Wno-int-conversion -Wno-bool-conversion -Wno-enum-conversion -Wno-float-conversion -Wno-non-literal-null-conversion -Wno-objc-literal-conversion -Wshorten-64-to-32 -Wpointer-sign -Wno-newline-eof -Wno-selector -Wno-strict-selector-match -Wno-undeclared-selector -Wno-deprecated-implementations -Wno-implicit-fallthrough -isysroot /Applications/Xcode.app/Contents/Developer/Platforms/iPhoneSimulator.platform/Developer/SDKs/iPhoneSimulator26.4.sdk -fstrict-aliasing -Wprotocol -Wdeprecated-declarations -Wno-sign-conversion -Wno-infinite-recursion -Wno-comma -Wno-block-capture-autoreleasing -Wno-strict-prototypes -Wno-semicolon-before-method-body -index-store-path /Users/aadityasingh/Library/Developer/Xcode/DerivedData/Chatlio-erkyzdeecsohoaggpwbjdvavzqfv/Index.noindex/DataStore @/Users/aadityasingh/Library/Developer/Xcode/DerivedData/Chatlio-erkyzdeecsohoaggpwbjdvavzqfv/Build/Intermediates.noindex/DTFoundation.build/Debug-iphonesimulator/DTFoundation.build/Objects-normal/arm64/e6072d4f65d7061329687fe24e3d63a7-common-args.resp -MMD -MT dependencies -MF /Users/aadityasingh/Library/Developer/Xcode/DerivedData/Chatlio-erkyzdeecsohoaggpwbjdvavzqfv/Build/Intermediates.noindex/DTFoundation.build/Debug-iphonesimulator/DTFoundation.build/Objects-normal/arm64/UIImage+DTFoundation.d --serialize-diagnostics /Users/aadityasingh/Library/Developer/Xcode/DerivedData/Chatlio-erkyzdeecsohoaggpwbjdvavzqfv/Build/Intermediates.noindex/DTFoundation.build/Debug-iphonesimulator/DTFoundation.build/Objects-normal/arm64/UIImage+DTFoundation.dia -c /Users/aadityasingh/Library/Developer/Xcode/DerivedData/Chatlio-erkyzdeecsohoaggpwbjdvavzqfv/SourcePackages/checkouts/DTFoundation/Core/Source/iOS/UIImage+DTFoundation.m -o /Users/aadityasingh/Library/Developer/Xcode/DerivedData/Chatlio-erkyzdeecsohoaggpwbjdvavzqfv/Build/Intermediates.noindex/DTFoundation.build/Debug-iphonesimulator/DTFoundation.build/Objects-normal/arm64/UIImage+DTFoundation.o -index-unit-output-path /DTFoundation.build/Debug-iphonesimulator/DTFoundation.build/Objects-normal/arm64/UIImage+DTFoundation.o

CompileC /Users/aadityasingh/Library/Developer/Xcode/DerivedData/Chatlio-erkyzdeecsohoaggpwbjdvavzqfv/Build/Intermediates.noindex/DTFoundation.build/Debug-iphonesimulator/DTFoundation.build/Objects-normal/arm64/UIColor+DTDebug.o /Users/aadityasingh/Library/Developer/Xcode/DerivedData/Chatlio-erkyzdeecsohoaggpwbjdvavzqfv/SourcePackages/checkouts/DTFoundation/Core/Source/iOS/Debug/UIColor+DTDebug.m normal arm64 objective-c com.apple.compilers.llvm.clang.1_0.compiler (in target 'DTFoundation' from project 'DTFoundation')
    cd /Users/aadityasingh/Documents/Development/element-x-ios/Chatlio.xcodeproj
    
    Using response file: /Users/aadityasingh/Library/Developer/Xcode/DerivedData/Chatlio-erkyzdeecsohoaggpwbjdvavzqfv/Build/Intermediates.noindex/DTFoundation.build/Debug-iphonesimulator/DTFoundation.build/Objects-normal/arm64/e6072d4f65d7061329687fe24e3d63a7-common-args.resp
    
    /Applications/Xcode.app/Contents/Developer/Toolchains/XcodeDefault.xctoolchain/usr/bin/clang -x objective-c -ivfsstatcache /Users/aadityasingh/Library/Developer/Xcode/DerivedData/SDKStatCaches.noindex/iphonesimulator26.4-23E252-686eebb5dc1d8ecb277353a59184f4aa.sdkstatcache -target arm64-apple-ios12.0-simulator -fmessage-length\=0 -fdiagnostics-show-note-include-stack -fmacro-backtrace-limit\=0 -fno-color-diagnostics -fmodules-prune-interval\=86400 -fmodules-prune-after\=345600 -fbuild-session-file\=/Users/aadityasingh/Library/Developer/Xcode/DerivedData/ModuleCache.noindex/Session.modulevalidation -fmodules-validate-once-per-build-session -Wnon-modular-include-in-framework-module -Werror\=non-modular-include-in-framework-module -Wno-trigraphs -Wno-missing-field-initializers -Wno-missing-prototypes -Wno-return-type -Wno-implicit-atomic-properties -Wno-objc-interface-ivars -Wno-arc-repeated-use-of-weak -Wno-missing-braces -Wparentheses -Wswitch -Wno-unused-function -Wno-unused-label -Wno-unused-parameter -Wno-unused-variable -Wunused-value -Wno-empty-body -Wno-uninitialized -Wno-unknown-pragmas -w -Wno-shadow -Wno-four-char-constants -Wno-conversion -Wno-constant-conversion -Wno-int-conversion -Wno-bool-conversion -Wno-enum-conversion -Wno-float-conversion -Wno-non-literal-null-conversion -Wno-objc-literal-conversion -Wshorten-64-to-32 -Wpointer-sign -Wno-newline-eof -Wno-selector -Wno-strict-selector-match -Wno-undeclared-selector -Wno-deprecated-implementations -Wno-implicit-fallthrough -isysroot /Applications/Xcode.app/Contents/Developer/Platforms/iPhoneSimulator.platform/Developer/SDKs/iPhoneSimulator26.4.sdk -fstrict-aliasing -Wprotocol -Wdeprecated-declarations -Wno-sign-conversion -Wno-infinite-recursion -Wno-comma -Wno-block-capture-autoreleasing -Wno-strict-prototypes -Wno-semicolon-before-method-body -index-store-path /Users/aadityasingh/Library/Developer/Xcode/DerivedData/Chatlio-erkyzdeecsohoaggpwbjdvavzqfv/Index.noindex/DataStore @/Users/aadityasingh/Library/Developer/Xcode/DerivedData/Chatlio-erkyzdeecsohoaggpwbjdvavzqfv/Build/Intermediates.noindex/DTFoundation.build/Debug-iphonesimulator/DTFoundation.build/Objects-normal/arm64/e6072d4f65d7061329687fe24e3d63a7-common-args.resp -MMD -MT dependencies -MF /Users/aadityasingh/Library/Developer/Xcode/DerivedData/Chatlio-erkyzdeecsohoaggpwbjdvavzqfv/Build/Intermediates.noindex/DTFoundation.build/Debug-iphonesimulator/DTFoundation.build/Objects-normal/arm64/UIColor+DTDebug.d --serialize-diagnostics /Users/aadityasingh/Library/Developer/Xcode/DerivedData/Chatlio-erkyzdeecsohoaggpwbjdvavzqfv/Build/Intermediates.noindex/DTFoundation.build/Debug-iphonesimulator/DTFoundation.build/Objects-normal/arm64/UIColor+DTDebug.dia -c /Users/aadityasingh/Library/Developer/Xcode/DerivedData/Chatlio-erkyzdeecsohoaggpwbjdvavzqfv/SourcePackages/checkouts/DTFoundation/Core/Source/iOS/Debug/UIColor+DTDebug.m -o /Users/aadityasingh/Library/Developer/Xcode/DerivedData/Chatlio-erkyzdeecsohoaggpwbjdvavzqfv/Build/Intermediates.noindex/DTFoundation.build/Debug-iphonesimulator/DTFoundation.build/Objects-normal/arm64/UIColor+DTDebug.o -index-unit-output-path /DTFoundation.build/Debug-iphonesimulator/DTFoundation.build/Objects-normal/arm64/UIColor+DTDebug.o

CompileC /Users/aadityasingh/Library/Developer/Xcode/DerivedData/Chatlio-erkyzdeecsohoaggpwbjdvavzqfv/Build/Intermediates.noindex/DTFoundation.build/Debug-iphonesimulator/DTFoundation.build/Objects-normal/arm64/UIApplication+DTNetworkActivity.o /Users/aadityasingh/Library/Developer/Xcode/DerivedData/Chatlio-erkyzdeecsohoaggpwbjdvavzqfv/SourcePackages/checkouts/DTFoundation/Core/Source/iOS/UIApplication+DTNetworkActivity.m normal arm64 objective-c com.apple.compilers.llvm.clang.1_0.compiler (in target 'DTFoundation' from project 'DTFoundation')
    cd /Users/aadityasingh/Documents/Development/element-x-ios/Chatlio.xcodeproj
    
    Using response file: /Users/aadityasingh/Library/Developer/Xcode/DerivedData/Chatlio-erkyzdeecsohoaggpwbjdvavzqfv/Build/Intermediates.noindex/DTFoundation.build/Debug-iphonesimulator/DTFoundation.build/Objects-normal/arm64/e6072d4f65d7061329687fe24e3d63a7-common-args.resp
    
    /Applications/Xcode.app/Contents/Developer/Toolchains/XcodeDefault.xctoolchain/usr/bin/clang -x objective-c -ivfsstatcache /Users/aadityasingh/Library/Developer/Xcode/DerivedData/SDKStatCaches.noindex/iphonesimulator26.4-23E252-686eebb5dc1d8ecb277353a59184f4aa.sdkstatcache -target arm64-apple-ios12.0-simulator -fmessage-length\=0 -fdiagnostics-show-note-include-stack -fmacro-backtrace-limit\=0 -fno-color-diagnostics -fmodules-prune-interval\=86400 -fmodules-prune-after\=345600 -fbuild-session-file\=/Users/aadityasingh/Library/Developer/Xcode/DerivedData/ModuleCache.noindex/Session.modulevalidation -fmodules-validate-once-per-build-session -Wnon-modular-include-in-framework-module -Werror\=non-modular-include-in-framework-module -Wno-trigraphs -Wno-missing-field-initializers -Wno-missing-prototypes -Wno-return-type -Wno-implicit-atomic-properties -Wno-objc-interface-ivars -Wno-arc-repeated-use-of-weak -Wno-missing-braces -Wparentheses -Wswitch -Wno-unused-function -Wno-unused-label -Wno-unused-parameter -Wno-unused-variable -Wunused-value -Wno-empty-body -Wno-uninitialized -Wno-unknown-pragmas -w -Wno-shadow -Wno-four-char-constants -Wno-conversion -Wno-constant-conversion -Wno-int-conversion -Wno-bool-conversion -Wno-enum-conversion -Wno-float-conversion -Wno-non-literal-null-conversion -Wno-objc-literal-conversion -Wshorten-64-to-32 -Wpointer-sign -Wno-newline-eof -Wno-selector -Wno-strict-selector-match -Wno-undeclared-selector -Wno-deprecated-implementations -Wno-implicit-fallthrough -isysroot /Applications/Xcode.app/Contents/Developer/Platforms/iPhoneSimulator.platform/Developer/SDKs/iPhoneSimulator26.4.sdk -fstrict-aliasing -Wprotocol -Wdeprecated-declarations -Wno-sign-conversion -Wno-infinite-recursion -Wno-comma -Wno-block-capture-autoreleasing -Wno-strict-prototypes -Wno-semicolon-before-method-body -index-store-path /Users/aadityasingh/Library/Developer/Xcode/DerivedData/Chatlio-erkyzdeecsohoaggpwbjdvavzqfv/Index.noindex/DataStore @/Users/aadityasingh/Library/Developer/Xcode/DerivedData/Chatlio-erkyzdeecsohoaggpwbjdvavzqfv/Build/Intermediates.noindex/DTFoundation.build/Debug-iphonesimulator/DTFoundation.build/Objects-normal/arm64/e6072d4f65d7061329687fe24e3d63a7-common-args.resp -MMD -MT dependencies -MF /Users/aadityasingh/Library/Developer/Xcode/DerivedData/Chatlio-erkyzdeecsohoaggpwbjdvavzqfv/Build/Intermediates.noindex/DTFoundation.build/Debug-iphonesimulator/DTFoundation.build/Objects-normal/arm64/UIApplication+DTNetworkActivity.d --serialize-diagnostics /Users/aadityasingh/Library/Developer/Xcode/DerivedData/Chatlio-erkyzdeecsohoaggpwbjdvavzqfv/Build/Intermediates.noindex/DTFoundation.build/Debug-iphonesimulator/DTFoundation.build/Objects-normal/arm64/UIApplication+DTNetworkActivity.dia -c /Users/aadityasingh/Library/Developer/Xcode/DerivedData/Chatlio-erkyzdeecsohoaggpwbjdvavzqfv/SourcePackages/checkouts/DTFoundation/Core/Source/iOS/UIApplication+DTNetworkActivity.m -o /Users/aadityasingh/Library/Developer/Xcode/DerivedData/Chatlio-erkyzdeecsohoaggpwbjdvavzqfv/Build/Intermediates.noindex/DTFoundation.build/Debug-iphonesimulator/DTFoundation.build/Objects-normal/arm64/UIApplication+DTNetworkActivity.o -index-unit-output-path /DTFoundation.build/Debug-iphonesimulator/DTFoundation.build/Objects-normal/arm64/UIApplication+DTNetworkActivity.o

CompileC /Users/aadityasingh/Library/Developer/Xcode/DerivedData/Chatlio-erkyzdeecsohoaggpwbjdvavzqfv/Build/Intermediates.noindex/DTFoundation.build/Debug-iphonesimulator/DTFoundation.build/Objects-normal/arm64/NSURL+DTAppLinks.o /Users/aadityasingh/Library/Developer/Xcode/DerivedData/Chatlio-erkyzdeecsohoaggpwbjdvavzqfv/SourcePackages/checkouts/DTFoundation/Core/Source/iOS/NSURL+DTAppLinks.m normal arm64 objective-c com.apple.compilers.llvm.clang.1_0.compiler (in target 'DTFoundation' from project 'DTFoundation')
    cd /Users/aadityasingh/Documents/Development/element-x-ios/Chatlio.xcodeproj
    
    Using response file: /Users/aadityasingh/Library/Developer/Xcode/DerivedData/Chatlio-erkyzdeecsohoaggpwbjdvavzqfv/Build/Intermediates.noindex/DTFoundation.build/Debug-iphonesimulator/DTFoundation.build/Objects-normal/arm64/e6072d4f65d7061329687fe24e3d63a7-common-args.resp
    
    /Applications/Xcode.app/Contents/Developer/Toolchains/XcodeDefault.xctoolchain/usr/bin/clang -x objective-c -ivfsstatcache /Users/aadityasingh/Library/Developer/Xcode/DerivedData/SDKStatCaches.noindex/iphonesimulator26.4-23E252-686eebb5dc1d8ecb277353a59184f4aa.sdkstatcache -target arm64-apple-ios12.0-simulator -fmessage-length\=0 -fdiagnostics-show-note-include-stack -fmacro-backtrace-limit\=0 -fno-color-diagnostics -fmodules-prune-interval\=86400 -fmodules-prune-after\=345600 -fbuild-session-file\=/Users/aadityasingh/Library/Developer/Xcode/DerivedData/ModuleCache.noindex/Session.modulevalidation -fmodules-validate-once-per-build-session -Wnon-modular-include-in-framework-module -Werror\=non-modular-include-in-framework-module -Wno-trigraphs -Wno-missing-field-initializers -Wno-missing-prototypes -Wno-return-type -Wno-implicit-atomic-properties -Wno-objc-interface-ivars -Wno-arc-repeated-use-of-weak -Wno-missing-braces -Wparentheses -Wswitch -Wno-unused-function -Wno-unused-label -Wno-unused-parameter -Wno-unused-variable -Wunused-value -Wno-empty-body -Wno-uninitialized -Wno-unknown-pragmas -w -Wno-shadow -Wno-four-char-constants -Wno-conversion -Wno-constant-conversion -Wno-int-conversion -Wno-bool-conversion -Wno-enum-conversion -Wno-float-conversion -Wno-non-literal-null-conversion -Wno-objc-literal-conversion -Wshorten-64-to-32 -Wpointer-sign -Wno-newline-eof -Wno-selector -Wno-strict-selector-match -Wno-undeclared-selector -Wno-deprecated-implementations -Wno-implicit-fallthrough -isysroot /Applications/Xcode.app/Contents/Developer/Platforms/iPhoneSimulator.platform/Developer/SDKs/iPhoneSimulator26.4.sdk -fstrict-aliasing -Wprotocol -Wdeprecated-declarations -Wno-sign-conversion -Wno-infinite-recursion -Wno-comma -Wno-block-capture-autoreleasing -Wno-strict-prototypes -Wno-semicolon-before-method-body -index-store-path /Users/aadityasingh/Library/Developer/Xcode/DerivedData/Chatlio-erkyzdeecsohoaggpwbjdvavzqfv/Index.noindex/DataStore @/Users/aadityasingh/Library/Developer/Xcode/DerivedData/Chatlio-erkyzdeecsohoaggpwbjdvavzqfv/Build/Intermediates.noindex/DTFoundation.build/Debug-iphonesimulator/DTFoundation.build/Objects-normal/arm64/e6072d4f65d7061329687fe24e3d63a7-common-args.resp -MMD -MT dependencies -MF /Users/aadityasingh/Library/Developer/Xcode/DerivedData/Chatlio-erkyzdeecsohoaggpwbjdvavzqfv/Build/Intermediates.noindex/DTFoundation.build/Debug-iphonesimulator/DTFoundation.build/Objects-normal/arm64/NSURL+DTAppLinks.d --serialize-diagnostics /Users/aadityasingh/Library/Developer/Xcode/DerivedData/Chatlio-erkyzdeecsohoaggpwbjdvavzqfv/Build/Intermediates.noindex/DTFoundation.build/Debug-iphonesimulator/DTFoundation.build/Objects-normal/arm64/NSURL+DTAppLinks.dia -c /Users/aadityasingh/Library/Developer/Xcode/DerivedData/Chatlio-erkyzdeecsohoaggpwbjdvavzqfv/SourcePackages/checkouts/DTFoundation/Core/Source/iOS/NSURL+DTAppLinks.m -o /Users/aadityasingh/Library/Developer/Xcode/DerivedData/Chatlio-erkyzdeecsohoaggpwbjdvavzqfv/Build/Intermediates.noindex/DTFoundation.build/Debug-iphonesimulator/DTFoundation.build/Objects-normal/arm64/NSURL+DTAppLinks.o -index-unit-output-path /DTFoundation.build/Debug-iphonesimulator/DTFoundation.build/Objects-normal/arm64/NSURL+DTAppLinks.o

CompileC /Users/aadityasingh/Library/Developer/Xcode/DerivedData/Chatlio-erkyzdeecsohoaggpwbjdvavzqfv/Build/Intermediates.noindex/DTFoundation.build/Debug-iphonesimulator/DTFoundation.build/Objects-normal/arm64/DTVersion.o /Users/aadityasingh/Library/Developer/Xcode/DerivedData/Chatlio-erkyzdeecsohoaggpwbjdvavzqfv/SourcePackages/checkouts/DTFoundation/Core/Source/DTVersion.m normal arm64 objective-c com.apple.compilers.llvm.clang.1_0.compiler (in target 'DTFoundation' from project 'DTFoundation')
    cd /Users/aadityasingh/Documents/Development/element-x-ios/Chatlio.xcodeproj
    
    Using response file: /Users/aadityasingh/Library/Developer/Xcode/DerivedData/Chatlio-erkyzdeecsohoaggpwbjdvavzqfv/Build/Intermediates.noindex/DTFoundation.build/Debug-iphonesimulator/DTFoundation.build/Objects-normal/arm64/e6072d4f65d7061329687fe24e3d63a7-common-args.resp
    
    /Applications/Xcode.app/Contents/Developer/Toolchains/XcodeDefault.xctoolchain/usr/bin/clang -x objective-c -ivfsstatcache /Users/aadityasingh/Library/Developer/Xcode/DerivedData/SDKStatCaches.noindex/iphonesimulator26.4-23E252-686eebb5dc1d8ecb277353a59184f4aa.sdkstatcache -target arm64-apple-ios12.0-simulator -fmessage-length\=0 -fdiagnostics-show-note-include-stack -fmacro-backtrace-limit\=0 -fno-color-diagnostics -fmodules-prune-interval\=86400 -fmodules-prune-after\=345600 -fbuild-session-file\=/Users/aadityasingh/Library/Developer/Xcode/DerivedData/ModuleCache.noindex/Session.modulevalidation -fmodules-validate-once-per-build-session -Wnon-modular-include-in-framework-module -Werror\=non-modular-include-in-framework-module -Wno-trigraphs -Wno-missing-field-initializers -Wno-missing-prototypes -Wno-return-type -Wno-implicit-atomic-properties -Wno-objc-interface-ivars -Wno-arc-repeated-use-of-weak -Wno-missing-braces -Wparentheses -Wswitch -Wno-unused-function -Wno-unused-label -Wno-unused-parameter -Wno-unused-variable -Wunused-value -Wno-empty-body -Wno-uninitialized -Wno-unknown-pragmas -w -Wno-shadow -Wno-four-char-constants -Wno-conversion -Wno-constant-conversion -Wno-int-conversion -Wno-bool-conversion -Wno-enum-conversion -Wno-float-conversion -Wno-non-literal-null-conversion -Wno-objc-literal-conversion -Wshorten-64-to-32 -Wpointer-sign -Wno-newline-eof -Wno-selector -Wno-strict-selector-match -Wno-undeclared-selector -Wno-deprecated-implementations -Wno-implicit-fallthrough -isysroot /Applications/Xcode.app/Contents/Developer/Platforms/iPhoneSimulator.platform/Developer/SDKs/iPhoneSimulator26.4.sdk -fstrict-aliasing -Wprotocol -Wdeprecated-declarations -Wno-sign-conversion -Wno-infinite-recursion -Wno-comma -Wno-block-capture-autoreleasing -Wno-strict-prototypes -Wno-semicolon-before-method-body -index-store-path /Users/aadityasingh/Library/Developer/Xcode/DerivedData/Chatlio-erkyzdeecsohoaggpwbjdvavzqfv/Index.noindex/DataStore @/Users/aadityasingh/Library/Developer/Xcode/DerivedData/Chatlio-erkyzdeecsohoaggpwbjdvavzqfv/Build/Intermediates.noindex/DTFoundation.build/Debug-iphonesimulator/DTFoundation.build/Objects-normal/arm64/e6072d4f65d7061329687fe24e3d63a7-common-args.resp -MMD -MT dependencies -MF /Users/aadityasingh/Library/Developer/Xcode/DerivedData/Chatlio-erkyzdeecsohoaggpwbjdvavzqfv/Build/Intermediates.noindex/DTFoundation.build/Debug-iphonesimulator/DTFoundation.build/Objects-normal/arm64/DTVersion.d --serialize-diagnostics /Users/aadityasingh/Library/Developer/Xcode/DerivedData/Chatlio-erkyzdeecsohoaggpwbjdvavzqfv/Build/Intermediates.noindex/DTFoundation.build/Debug-iphonesimulator/DTFoundation.build/Objects-normal/arm64/DTVersion.dia -c /Users/aadityasingh/Library/Developer/Xcode/DerivedData/Chatlio-erkyzdeecsohoaggpwbjdvavzqfv/SourcePackages/checkouts/DTFoundation/Core/Source/DTVersion.m -o /Users/aadityasingh/Library/Developer/Xcode/DerivedData/Chatlio-erkyzdeecsohoaggpwbjdvavzqfv/Build/Intermediates.noindex/DTFoundation.build/Debug-iphonesimulator/DTFoundation.build/Objects-normal/arm64/DTVersion.o -index-unit-output-path /DTFoundation.build/Debug-iphonesimulator/DTFoundation.build/Objects-normal/arm64/DTVersion.o

CompileC /Users/aadityasingh/Library/Developer/Xcode/DerivedData/Chatlio-erkyzdeecsohoaggpwbjdvavzqfv/Build/Intermediates.noindex/DTFoundation.build/Debug-iphonesimulator/DTFoundation.build/Objects-normal/arm64/DTTiledLayerWithoutFade.o /Users/aadityasingh/Library/Developer/Xcode/DerivedData/Chatlio-erkyzdeecsohoaggpwbjdvavzqfv/SourcePackages/checkouts/DTFoundation/Core/Source/iOS/DTTiledLayerWithoutFade.m normal arm64 objective-c com.apple.compilers.llvm.clang.1_0.compiler (in target 'DTFoundation' from project 'DTFoundation')
    cd /Users/aadityasingh/Documents/Development/element-x-ios/Chatlio.xcodeproj
    
    Using response file: /Users/aadityasingh/Library/Developer/Xcode/DerivedData/Chatlio-erkyzdeecsohoaggpwbjdvavzqfv/Build/Intermediates.noindex/DTFoundation.build/Debug-iphonesimulator/DTFoundation.build/Objects-normal/arm64/e6072d4f65d7061329687fe24e3d63a7-common-args.resp
    
    /Applications/Xcode.app/Contents/Developer/Toolchains/XcodeDefault.xctoolchain/usr/bin/clang -x objective-c -ivfsstatcache /Users/aadityasingh/Library/Developer/Xcode/DerivedData/SDKStatCaches.noindex/iphonesimulator26.4-23E252-686eebb5dc1d8ecb277353a59184f4aa.sdkstatcache -target arm64-apple-ios12.0-simulator -fmessage-length\=0 -fdiagnostics-show-note-include-stack -fmacro-backtrace-limit\=0 -fno-color-diagnostics -fmodules-prune-interval\=86400 -fmodules-prune-after\=345600 -fbuild-session-file\=/Users/aadityasingh/Library/Developer/Xcode/DerivedData/ModuleCache.noindex/Session.modulevalidation -fmodules-validate-once-per-build-session -Wnon-modular-include-in-framework-module -Werror\=non-modular-include-in-framework-module -Wno-trigraphs -Wno-missing-field-initializers -Wno-missing-prototypes -Wno-return-type -Wno-implicit-atomic-properties -Wno-objc-interface-ivars -Wno-arc-repeated-use-of-weak -Wno-missing-braces -Wparentheses -Wswitch -Wno-unused-function -Wno-unused-label -Wno-unused-parameter -Wno-unused-variable -Wunused-value -Wno-empty-body -Wno-uninitialized -Wno-unknown-pragmas -w -Wno-shadow -Wno-four-char-constants -Wno-conversion -Wno-constant-conversion -Wno-int-conversion -Wno-bool-conversion -Wno-enum-conversion -Wno-float-conversion -Wno-non-literal-null-conversion -Wno-objc-literal-conversion -Wshorten-64-to-32 -Wpointer-sign -Wno-newline-eof -Wno-selector -Wno-strict-selector-match -Wno-undeclared-selector -Wno-deprecated-implementations -Wno-implicit-fallthrough -isysroot /Applications/Xcode.app/Contents/Developer/Platforms/iPhoneSimulator.platform/Developer/SDKs/iPhoneSimulator26.4.sdk -fstrict-aliasing -Wprotocol -Wdeprecated-declarations -Wno-sign-conversion -Wno-infinite-recursion -Wno-comma -Wno-block-capture-autoreleasing -Wno-strict-prototypes -Wno-semicolon-before-method-body -index-store-path /Users/aadityasingh/Library/Developer/Xcode/DerivedData/Chatlio-erkyzdeecsohoaggpwbjdvavzqfv/Index.noindex/DataStore @/Users/aadityasingh/Library/Developer/Xcode/DerivedData/Chatlio-erkyzdeecsohoaggpwbjdvavzqfv/Build/Intermediates.noindex/DTFoundation.build/Debug-iphonesimulator/DTFoundation.build/Objects-normal/arm64/e6072d4f65d7061329687fe24e3d63a7-common-args.resp -MMD -MT dependencies -MF /Users/aadityasingh/Library/Developer/Xcode/DerivedData/Chatlio-erkyzdeecsohoaggpwbjdvavzqfv/Build/Intermediates.noindex/DTFoundation.build/Debug-iphonesimulator/DTFoundation.build/Objects-normal/arm64/DTTiledLayerWithoutFade.d --serialize-diagnostics /Users/aadityasingh/Library/Developer/Xcode/DerivedData/Chatlio-erkyzdeecsohoaggpwbjdvavzqfv/Build/Intermediates.noindex/DTFoundation.build/Debug-iphonesimulator/DTFoundation.build/Objects-normal/arm64/DTTiledLayerWithoutFade.dia -c /Users/aadityasingh/Library/Developer/Xcode/DerivedData/Chatlio-erkyzdeecsohoaggpwbjdvavzqfv/SourcePackages/checkouts/DTFoundation/Core/Source/iOS/DTTiledLayerWithoutFade.m -o /Users/aadityasingh/Library/Developer/Xcode/DerivedData/Chatlio-erkyzdeecsohoaggpwbjdvavzqfv/Build/Intermediates.noindex/DTFoundation.build/Debug-iphonesimulator/DTFoundation.build/Objects-normal/arm64/DTTiledLayerWithoutFade.o -index-unit-output-path /DTFoundation.build/Debug-iphonesimulator/DTFoundation.build/Objects-normal/arm64/DTTiledLayerWithoutFade.o

CompileC /Users/aadityasingh/Library/Developer/Xcode/DerivedData/Chatlio-erkyzdeecsohoaggpwbjdvavzqfv/Build/Intermediates.noindex/DTFoundation.build/Debug-iphonesimulator/DTFoundation.build/Objects-normal/arm64/DTSmartPagingScrollView.o /Users/aadityasingh/Library/Developer/Xcode/DerivedData/Chatlio-erkyzdeecsohoaggpwbjdvavzqfv/SourcePackages/checkouts/DTFoundation/Core/Source/iOS/DTSmartPagingScrollView.m normal arm64 objective-c com.apple.compilers.llvm.clang.1_0.compiler (in target 'DTFoundation' from project 'DTFoundation')
    cd /Users/aadityasingh/Documents/Development/element-x-ios/Chatlio.xcodeproj
    
    Using response file: /Users/aadityasingh/Library/Developer/Xcode/DerivedData/Chatlio-erkyzdeecsohoaggpwbjdvavzqfv/Build/Intermediates.noindex/DTFoundation.build/Debug-iphonesimulator/DTFoundation.build/Objects-normal/arm64/e6072d4f65d7061329687fe24e3d63a7-common-args.resp
    
    /Applications/Xcode.app/Contents/Developer/Toolchains/XcodeDefault.xctoolchain/usr/bin/clang -x objective-c -ivfsstatcache /Users/aadityasingh/Library/Developer/Xcode/DerivedData/SDKStatCaches.noindex/iphonesimulator26.4-23E252-686eebb5dc1d8ecb277353a59184f4aa.sdkstatcache -target arm64-apple-ios12.0-simulator -fmessage-length\=0 -fdiagnostics-show-note-include-stack -fmacro-backtrace-limit\=0 -fno-color-diagnostics -fmodules-prune-interval\=86400 -fmodules-prune-after\=345600 -fbuild-session-file\=/Users/aadityasingh/Library/Developer/Xcode/DerivedData/ModuleCache.noindex/Session.modulevalidation -fmodules-validate-once-per-build-session -Wnon-modular-include-in-framework-module -Werror\=non-modular-include-in-framework-module -Wno-trigraphs -Wno-missing-field-initializers -Wno-missing-prototypes -Wno-return-type -Wno-implicit-atomic-properties -Wno-objc-interface-ivars -Wno-arc-repeated-use-of-weak -Wno-missing-braces -Wparentheses -Wswitch -Wno-unused-function -Wno-unused-label -Wno-unused-parameter -Wno-unused-variable -Wunused-value -Wno-empty-body -Wno-uninitialized -Wno-unknown-pragmas -w -Wno-shadow -Wno-four-char-constants -Wno-conversion -Wno-constant-conversion -Wno-int-conversion -Wno-bool-conversion -Wno-enum-conversion -Wno-float-conversion -Wno-non-literal-null-conversion -Wno-objc-literal-conversion -Wshorten-64-to-32 -Wpointer-sign -Wno-newline-eof -Wno-selector -Wno-strict-selector-match -Wno-undeclared-selector -Wno-deprecated-implementations -Wno-implicit-fallthrough -isysroot /Applications/Xcode.app/Contents/Developer/Platforms/iPhoneSimulator.platform/Developer/SDKs/iPhoneSimulator26.4.sdk -fstrict-aliasing -Wprotocol -Wdeprecated-declarations -Wno-sign-conversion -Wno-infinite-recursion -Wno-comma -Wno-block-capture-autoreleasing -Wno-strict-prototypes -Wno-semicolon-before-method-body -index-store-path /Users/aadityasingh/Library/Developer/Xcode/DerivedData/Chatlio-erkyzdeecsohoaggpwbjdvavzqfv/Index.noindex/DataStore @/Users/aadityasingh/Library/Developer/Xcode/DerivedData/Chatlio-erkyzdeecsohoaggpwbjdvavzqfv/Build/Intermediates.noindex/DTFoundation.build/Debug-iphonesimulator/DTFoundation.build/Objects-normal/arm64/e6072d4f65d7061329687fe24e3d63a7-common-args.resp -MMD -MT dependencies -MF /Users/aadityasingh/Library/Developer/Xcode/DerivedData/Chatlio-erkyzdeecsohoaggpwbjdvavzqfv/Build/Intermediates.noindex/DTFoundation.build/Debug-iphonesimulator/DTFoundation.build/Objects-normal/arm64/DTSmartPagingScrollView.d --serialize-diagnostics /Users/aadityasingh/Library/Developer/Xcode/DerivedData/Chatlio-erkyzdeecsohoaggpwbjdvavzqfv/Build/Intermediates.noindex/DTFoundation.build/Debug-iphonesimulator/DTFoundation.build/Objects-normal/arm64/DTSmartPagingScrollView.dia -c /Users/aadityasingh/Library/Developer/Xcode/DerivedData/Chatlio-erkyzdeecsohoaggpwbjdvavzqfv/SourcePackages/checkouts/DTFoundation/Core/Source/iOS/DTSmartPagingScrollView.m -o /Users/aadityasingh/Library/Developer/Xcode/DerivedData/Chatlio-erkyzdeecsohoaggpwbjdvavzqfv/Build/Intermediates.noindex/DTFoundation.build/Debug-iphonesimulator/DTFoundation.build/Objects-normal/arm64/DTSmartPagingScrollView.o -index-unit-output-path /DTFoundation.build/Debug-iphonesimulator/DTFoundation.build/Objects-normal/arm64/DTSmartPagingScrollView.o

CompileC /Users/aadityasingh/Library/Developer/Xcode/DerivedData/Chatlio-erkyzdeecsohoaggpwbjdvavzqfv/Build/Intermediates.noindex/DTFoundation.build/Debug-iphonesimulator/DTFoundation.build/Objects-normal/arm64/DTSidePanelPanGestureRecognizer.o /Users/aadityasingh/Library/Developer/Xcode/DerivedData/Chatlio-erkyzdeecsohoaggpwbjdvavzqfv/SourcePackages/checkouts/DTFoundation/Core/Source/iOS/DTSidePanel/DTSidePanelPanGestureRecognizer.m normal arm64 objective-c com.apple.compilers.llvm.clang.1_0.compiler (in target 'DTFoundation' from project 'DTFoundation')
    cd /Users/aadityasingh/Documents/Development/element-x-ios/Chatlio.xcodeproj
    
    Using response file: /Users/aadityasingh/Library/Developer/Xcode/DerivedData/Chatlio-erkyzdeecsohoaggpwbjdvavzqfv/Build/Intermediates.noindex/DTFoundation.build/Debug-iphonesimulator/DTFoundation.build/Objects-normal/arm64/e6072d4f65d7061329687fe24e3d63a7-common-args.resp
    
    /Applications/Xcode.app/Contents/Developer/Toolchains/XcodeDefault.xctoolchain/usr/bin/clang -x objective-c -ivfsstatcache /Users/aadityasingh/Library/Developer/Xcode/DerivedData/SDKStatCaches.noindex/iphonesimulator26.4-23E252-686eebb5dc1d8ecb277353a59184f4aa.sdkstatcache -target arm64-apple-ios12.0-simulator -fmessage-length\=0 -fdiagnostics-show-note-include-stack -fmacro-backtrace-limit\=0 -fno-color-diagnostics -fmodules-prune-interval\=86400 -fmodules-prune-after\=345600 -fbuild-session-file\=/Users/aadityasingh/Library/Developer/Xcode/DerivedData/ModuleCache.noindex/Session.modulevalidation -fmodules-validate-once-per-build-session -Wnon-modular-include-in-framework-module -Werror\=non-modular-include-in-framework-module -Wno-trigraphs -Wno-missing-field-initializers -Wno-missing-prototypes -Wno-return-type -Wno-implicit-atomic-properties -Wno-objc-interface-ivars -Wno-arc-repeated-use-of-weak -Wno-missing-braces -Wparentheses -Wswitch -Wno-unused-function -Wno-unused-label -Wno-unused-parameter -Wno-unused-variable -Wunused-value -Wno-empty-body -Wno-uninitialized -Wno-unknown-pragmas -w -Wno-shadow -Wno-four-char-constants -Wno-conversion -Wno-constant-conversion -Wno-int-conversion -Wno-bool-conversion -Wno-enum-conversion -Wno-float-conversion -Wno-non-literal-null-conversion -Wno-objc-literal-conversion -Wshorten-64-to-32 -Wpointer-sign -Wno-newline-eof -Wno-selector -Wno-strict-selector-match -Wno-undeclared-selector -Wno-deprecated-implementations -Wno-implicit-fallthrough -isysroot /Applications/Xcode.app/Contents/Developer/Platforms/iPhoneSimulator.platform/Developer/SDKs/iPhoneSimulator26.4.sdk -fstrict-aliasing -Wprotocol -Wdeprecated-declarations -Wno-sign-conversion -Wno-infinite-recursion -Wno-comma -Wno-block-capture-autoreleasing -Wno-strict-prototypes -Wno-semicolon-before-method-body -index-store-path /Users/aadityasingh/Library/Developer/Xcode/DerivedData/Chatlio-erkyzdeecsohoaggpwbjdvavzqfv/Index.noindex/DataStore @/Users/aadityasingh/Library/Developer/Xcode/DerivedData/Chatlio-erkyzdeecsohoaggpwbjdvavzqfv/Build/Intermediates.noindex/DTFoundation.build/Debug-iphonesimulator/DTFoundation.build/Objects-normal/arm64/e6072d4f65d7061329687fe24e3d63a7-common-args.resp -MMD -MT dependencies -MF /Users/aadityasingh/Library/Developer/Xcode/DerivedData/Chatlio-erkyzdeecsohoaggpwbjdvavzqfv/Build/Intermediates.noindex/DTFoundation.build/Debug-iphonesimulator/DTFoundation.build/Objects-normal/arm64/DTSidePanelPanGestureRecognizer.d --serialize-diagnostics /Users/aadityasingh/Library/Developer/Xcode/DerivedData/Chatlio-erkyzdeecsohoaggpwbjdvavzqfv/Build/Intermediates.noindex/DTFoundation.build/Debug-iphonesimulator/DTFoundation.build/Objects-normal/arm64/DTSidePanelPanGestureRecognizer.dia -c /Users/aadityasingh/Library/Developer/Xcode/DerivedData/Chatlio-erkyzdeecsohoaggpwbjdvavzqfv/SourcePackages/checkouts/DTFoundation/Core/Source/iOS/DTSidePanel/DTSidePanelPanGestureRecognizer.m -o /Users/aadityasingh/Library/Developer/Xcode/DerivedData/Chatlio-erkyzdeecsohoaggpwbjdvavzqfv/Build/Intermediates.noindex/DTFoundation.build/Debug-iphonesimulator/DTFoundation.build/Objects-normal/arm64/DTSidePanelPanGestureRecognizer.o -index-unit-output-path /DTFoundation.build/Debug-iphonesimulator/DTFoundation.build/Objects-normal/arm64/DTSidePanelPanGestureRecognizer.o

CompileC /Users/aadityasingh/Library/Developer/Xcode/DerivedData/Chatlio-erkyzdeecsohoaggpwbjdvavzqfv/Build/Intermediates.noindex/DTFoundation.build/Debug-iphonesimulator/DTFoundation.build/Objects-normal/arm64/DTSidePanelControllerSegue.o /Users/aadityasingh/Library/Developer/Xcode/DerivedData/Chatlio-erkyzdeecsohoaggpwbjdvavzqfv/SourcePackages/checkouts/DTFoundation/Core/Source/iOS/DTSidePanel/DTSidePanelControllerSegue.m normal arm64 objective-c com.apple.compilers.llvm.clang.1_0.compiler (in target 'DTFoundation' from project 'DTFoundation')
    cd /Users/aadityasingh/Documents/Development/element-x-ios/Chatlio.xcodeproj
    
    Using response file: /Users/aadityasingh/Library/Developer/Xcode/DerivedData/Chatlio-erkyzdeecsohoaggpwbjdvavzqfv/Build/Intermediates.noindex/DTFoundation.build/Debug-iphonesimulator/DTFoundation.build/Objects-normal/arm64/e6072d4f65d7061329687fe24e3d63a7-common-args.resp
    
    /Applications/Xcode.app/Contents/Developer/Toolchains/XcodeDefault.xctoolchain/usr/bin/clang -x objective-c -ivfsstatcache /Users/aadityasingh/Library/Developer/Xcode/DerivedData/SDKStatCaches.noindex/iphonesimulator26.4-23E252-686eebb5dc1d8ecb277353a59184f4aa.sdkstatcache -target arm64-apple-ios12.0-simulator -fmessage-length\=0 -fdiagnostics-show-note-include-stack -fmacro-backtrace-limit\=0 -fno-color-diagnostics -fmodules-prune-interval\=86400 -fmodules-prune-after\=345600 -fbuild-session-file\=/Users/aadityasingh/Library/Developer/Xcode/DerivedData/ModuleCache.noindex/Session.modulevalidation -fmodules-validate-once-per-build-session -Wnon-modular-include-in-framework-module -Werror\=non-modular-include-in-framework-module -Wno-trigraphs -Wno-missing-field-initializers -Wno-missing-prototypes -Wno-return-type -Wno-implicit-atomic-properties -Wno-objc-interface-ivars -Wno-arc-repeated-use-of-weak -Wno-missing-braces -Wparentheses -Wswitch -Wno-unused-function -Wno-unused-label -Wno-unused-parameter -Wno-unused-variable -Wunused-value -Wno-empty-body -Wno-uninitialized -Wno-unknown-pragmas -w -Wno-shadow -Wno-four-char-constants -Wno-conversion -Wno-constant-conversion -Wno-int-conversion -Wno-bool-conversion -Wno-enum-conversion -Wno-float-conversion -Wno-non-literal-null-conversion -Wno-objc-literal-conversion -Wshorten-64-to-32 -Wpointer-sign -Wno-newline-eof -Wno-selector -Wno-strict-selector-match -Wno-undeclared-selector -Wno-deprecated-implementations -Wno-implicit-fallthrough -isysroot /Applications/Xcode.app/Contents/Developer/Platforms/iPhoneSimulator.platform/Developer/SDKs/iPhoneSimulator26.4.sdk -fstrict-aliasing -Wprotocol -Wdeprecated-declarations -Wno-sign-conversion -Wno-infinite-recursion -Wno-comma -Wno-block-capture-autoreleasing -Wno-strict-prototypes -Wno-semicolon-before-method-body -index-store-path /Users/aadityasingh/Library/Developer/Xcode/DerivedData/Chatlio-erkyzdeecsohoaggpwbjdvavzqfv/Index.noindex/DataStore @/Users/aadityasingh/Library/Developer/Xcode/DerivedData/Chatlio-erkyzdeecsohoaggpwbjdvavzqfv/Build/Intermediates.noindex/DTFoundation.build/Debug-iphonesimulator/DTFoundation.build/Objects-normal/arm64/e6072d4f65d7061329687fe24e3d63a7-common-args.resp -MMD -MT dependencies -MF /Users/aadityasingh/Library/Developer/Xcode/DerivedData/Chatlio-erkyzdeecsohoaggpwbjdvavzqfv/Build/Intermediates.noindex/DTFoundation.build/Debug-iphonesimulator/DTFoundation.build/Objects-normal/arm64/DTSidePanelControllerSegue.d --serialize-diagnostics /Users/aadityasingh/Library/Developer/Xcode/DerivedData/Chatlio-erkyzdeecsohoaggpwbjdvavzqfv/Build/Intermediates.noindex/DTFoundation.build/Debug-iphonesimulator/DTFoundation.build/Objects-normal/arm64/DTSidePanelControllerSegue.dia -c /Users/aadityasingh/Library/Developer/Xcode/DerivedData/Chatlio-erkyzdeecsohoaggpwbjdvavzqfv/SourcePackages/checkouts/DTFoundation/Core/Source/iOS/DTSidePanel/DTSidePanelControllerSegue.m -o /Users/aadityasingh/Library/Developer/Xcode/DerivedData/Chatlio-erkyzdeecsohoaggpwbjdvavzqfv/Build/Intermediates.noindex/DTFoundation.build/Debug-iphonesimulator/DTFoundation.build/Objects-normal/arm64/DTSidePanelControllerSegue.o -index-unit-output-path /DTFoundation.build/Debug-iphonesimulator/DTFoundation.build/Objects-normal/arm64/DTSidePanelControllerSegue.o

CompileC /Users/aadityasingh/Library/Developer/Xcode/DerivedData/Chatlio-erkyzdeecsohoaggpwbjdvavzqfv/Build/Intermediates.noindex/DTFoundation.build/Debug-iphonesimulator/DTFoundation.build/Objects-normal/arm64/DTSidePanelController.o /Users/aadityasingh/Library/Developer/Xcode/DerivedData/Chatlio-erkyzdeecsohoaggpwbjdvavzqfv/SourcePackages/checkouts/DTFoundation/Core/Source/iOS/DTSidePanel/DTSidePanelController.m normal arm64 objective-c com.apple.compilers.llvm.clang.1_0.compiler (in target 'DTFoundation' from project 'DTFoundation')
    cd /Users/aadityasingh/Documents/Development/element-x-ios/Chatlio.xcodeproj
    
    Using response file: /Users/aadityasingh/Library/Developer/Xcode/DerivedData/Chatlio-erkyzdeecsohoaggpwbjdvavzqfv/Build/Intermediates.noindex/DTFoundation.build/Debug-iphonesimulator/DTFoundation.build/Objects-normal/arm64/e6072d4f65d7061329687fe24e3d63a7-common-args.resp
    
    /Applications/Xcode.app/Contents/Developer/Toolchains/XcodeDefault.xctoolchain/usr/bin/clang -x objective-c -ivfsstatcache /Users/aadityasingh/Library/Developer/Xcode/DerivedData/SDKStatCaches.noindex/iphonesimulator26.4-23E252-686eebb5dc1d8ecb277353a59184f4aa.sdkstatcache -target arm64-apple-ios12.0-simulator -fmessage-length\=0 -fdiagnostics-show-note-include-stack -fmacro-backtrace-limit\=0 -fno-color-diagnostics -fmodules-prune-interval\=86400 -fmodules-prune-after\=345600 -fbuild-session-file\=/Users/aadityasingh/Library/Developer/Xcode/DerivedData/ModuleCache.noindex/Session.modulevalidation -fmodules-validate-once-per-build-session -Wnon-modular-include-in-framework-module -Werror\=non-modular-include-in-framework-module -Wno-trigraphs -Wno-missing-field-initializers -Wno-missing-prototypes -Wno-return-type -Wno-implicit-atomic-properties -Wno-objc-interface-ivars -Wno-arc-repeated-use-of-weak -Wno-missing-braces -Wparentheses -Wswitch -Wno-unused-function -Wno-unused-label -Wno-unused-parameter -Wno-unused-variable -Wunused-value -Wno-empty-body -Wno-uninitialized -Wno-unknown-pragmas -w -Wno-shadow -Wno-four-char-constants -Wno-conversion -Wno-constant-conversion -Wno-int-conversion -Wno-bool-conversion -Wno-enum-conversion -Wno-float-conversion -Wno-non-literal-null-conversion -Wno-objc-literal-conversion -Wshorten-64-to-32 -Wpointer-sign -Wno-newline-eof -Wno-selector -Wno-strict-selector-match -Wno-undeclared-selector -Wno-deprecated-implementations -Wno-implicit-fallthrough -isysroot /Applications/Xcode.app/Contents/Developer/Platforms/iPhoneSimulator.platform/Developer/SDKs/iPhoneSimulator26.4.sdk -fstrict-aliasing -Wprotocol -Wdeprecated-declarations -Wno-sign-conversion -Wno-infinite-recursion -Wno-comma -Wno-block-capture-autoreleasing -Wno-strict-prototypes -Wno-semicolon-before-method-body -index-store-path /Users/aadityasingh/Library/Developer/Xcode/DerivedData/Chatlio-erkyzdeecsohoaggpwbjdvavzqfv/Index.noindex/DataStore @/Users/aadityasingh/Library/Developer/Xcode/DerivedData/Chatlio-erkyzdeecsohoaggpwbjdvavzqfv/Build/Intermediates.noindex/DTFoundation.build/Debug-iphonesimulator/DTFoundation.build/Objects-normal/arm64/e6072d4f65d7061329687fe24e3d63a7-common-args.resp -MMD -MT dependencies -MF /Users/aadityasingh/Library/Developer/Xcode/DerivedData/Chatlio-erkyzdeecsohoaggpwbjdvavzqfv/Build/Intermediates.noindex/DTFoundation.build/Debug-iphonesimulator/DTFoundation.build/Objects-normal/arm64/DTSidePanelController.d --serialize-diagnostics /Users/aadityasingh/Library/Developer/Xcode/DerivedData/Chatlio-erkyzdeecsohoaggpwbjdvavzqfv/Build/Intermediates.noindex/DTFoundation.build/Debug-iphonesimulator/DTFoundation.build/Objects-normal/arm64/DTSidePanelController.dia -c /Users/aadityasingh/Library/Developer/Xcode/DerivedData/Chatlio-erkyzdeecsohoaggpwbjdvavzqfv/SourcePackages/checkouts/DTFoundation/Core/Source/iOS/DTSidePanel/DTSidePanelController.m -o /Users/aadityasingh/Library/Developer/Xcode/DerivedData/Chatlio-erkyzdeecsohoaggpwbjdvavzqfv/Build/Intermediates.noindex/DTFoundation.build/Debug-iphonesimulator/DTFoundation.build/Objects-normal/arm64/DTSidePanelController.o -index-unit-output-path /DTFoundation.build/Debug-iphonesimulator/DTFoundation.build/Objects-normal/arm64/DTSidePanelController.o

CompileC /Users/aadityasingh/Library/Developer/Xcode/DerivedData/Chatlio-erkyzdeecsohoaggpwbjdvavzqfv/Build/Intermediates.noindex/DTFoundation.build/Debug-iphonesimulator/DTFoundation.build/Objects-normal/arm64/DTReachability.o /Users/aadityasingh/Library/Developer/Xcode/DerivedData/Chatlio-erkyzdeecsohoaggpwbjdvavzqfv/SourcePackages/checkouts/DTFoundation/Core/Source/DTReachability/DTReachability.m normal arm64 objective-c com.apple.compilers.llvm.clang.1_0.compiler (in target 'DTFoundation' from project 'DTFoundation')
    cd /Users/aadityasingh/Documents/Development/element-x-ios/Chatlio.xcodeproj
    
    Using response file: /Users/aadityasingh/Library/Developer/Xcode/DerivedData/Chatlio-erkyzdeecsohoaggpwbjdvavzqfv/Build/Intermediates.noindex/DTFoundation.build/Debug-iphonesimulator/DTFoundation.build/Objects-normal/arm64/e6072d4f65d7061329687fe24e3d63a7-common-args.resp
    
    /Applications/Xcode.app/Contents/Developer/Toolchains/XcodeDefault.xctoolchain/usr/bin/clang -x objective-c -ivfsstatcache /Users/aadityasingh/Library/Developer/Xcode/DerivedData/SDKStatCaches.noindex/iphonesimulator26.4-23E252-686eebb5dc1d8ecb277353a59184f4aa.sdkstatcache -target arm64-apple-ios12.0-simulator -fmessage-length\=0 -fdiagnostics-show-note-include-stack -fmacro-backtrace-limit\=0 -fno-color-diagnostics -fmodules-prune-interval\=86400 -fmodules-prune-after\=345600 -fbuild-session-file\=/Users/aadityasingh/Library/Developer/Xcode/DerivedData/ModuleCache.noindex/Session.modulevalidation -fmodules-validate-once-per-build-session -Wnon-modular-include-in-framework-module -Werror\=non-modular-include-in-framework-module -Wno-trigraphs -Wno-missing-field-initializers -Wno-missing-prototypes -Wno-return-type -Wno-implicit-atomic-properties -Wno-objc-interface-ivars -Wno-arc-repeated-use-of-weak -Wno-missing-braces -Wparentheses -Wswitch -Wno-unused-function -Wno-unused-label -Wno-unused-parameter -Wno-unused-variable -Wunused-value -Wno-empty-body -Wno-uninitialized -Wno-unknown-pragmas -w -Wno-shadow -Wno-four-char-constants -Wno-conversion -Wno-constant-conversion -Wno-int-conversion -Wno-bool-conversion -Wno-enum-conversion -Wno-float-conversion -Wno-non-literal-null-conversion -Wno-objc-literal-conversion -Wshorten-64-to-32 -Wpointer-sign -Wno-newline-eof -Wno-selector -Wno-strict-selector-match -Wno-undeclared-selector -Wno-deprecated-implementations -Wno-implicit-fallthrough -isysroot /Applications/Xcode.app/Contents/Developer/Platforms/iPhoneSimulator.platform/Developer/SDKs/iPhoneSimulator26.4.sdk -fstrict-aliasing -Wprotocol -Wdeprecated-declarations -Wno-sign-conversion -Wno-infinite-recursion -Wno-comma -Wno-block-capture-autoreleasing -Wno-strict-prototypes -Wno-semicolon-before-method-body -index-store-path /Users/aadityasingh/Library/Developer/Xcode/DerivedData/Chatlio-erkyzdeecsohoaggpwbjdvavzqfv/Index.noindex/DataStore @/Users/aadityasingh/Library/Developer/Xcode/DerivedData/Chatlio-erkyzdeecsohoaggpwbjdvavzqfv/Build/Intermediates.noindex/DTFoundation.build/Debug-iphonesimulator/DTFoundation.build/Objects-normal/arm64/e6072d4f65d7061329687fe24e3d63a7-common-args.resp -MMD -MT dependencies -MF /Users/aadityasingh/Library/Developer/Xcode/DerivedData/Chatlio-erkyzdeecsohoaggpwbjdvavzqfv/Build/Intermediates.noindex/DTFoundation.build/Debug-iphonesimulator/DTFoundation.build/Objects-normal/arm64/DTReachability.d --serialize-diagnostics /Users/aadityasingh/Library/Developer/Xcode/DerivedData/Chatlio-erkyzdeecsohoaggpwbjdvavzqfv/Build/Intermediates.noindex/DTFoundation.build/Debug-iphonesimulator/DTFoundation.build/Objects-normal/arm64/DTReachability.dia -c /Users/aadityasingh/Library/Developer/Xcode/DerivedData/Chatlio-erkyzdeecsohoaggpwbjdvavzqfv/SourcePackages/checkouts/DTFoundation/Core/Source/DTReachability/DTReachability.m -o /Users/aadityasingh/Library/Developer/Xcode/DerivedData/Chatlio-erkyzdeecsohoaggpwbjdvavzqfv/Build/Intermediates.noindex/DTFoundation.build/Debug-iphonesimulator/DTFoundation.build/Objects-normal/arm64/DTReachability.o -index-unit-output-path /DTFoundation.build/Debug-iphonesimulator/DTFoundation.build/Objects-normal/arm64/DTReachability.o

CompileC /Users/aadityasingh/Library/Developer/Xcode/DerivedData/Chatlio-erkyzdeecsohoaggpwbjdvavzqfv/Build/Intermediates.noindex/DTFoundation.build/Debug-iphonesimulator/DTFoundation.build/Objects-normal/arm64/DTProgressHUDWindow.o /Users/aadityasingh/Library/Developer/Xcode/DerivedData/Chatlio-erkyzdeecsohoaggpwbjdvavzqfv/SourcePackages/checkouts/DTFoundation/Core/Source/iOS/DTProgressHUD/DTProgressHUDWindow.m normal arm64 objective-c com.apple.compilers.llvm.clang.1_0.compiler (in target 'DTFoundation' from project 'DTFoundation')
    cd /Users/aadityasingh/Documents/Development/element-x-ios/Chatlio.xcodeproj
    
    Using response file: /Users/aadityasingh/Library/Developer/Xcode/DerivedData/Chatlio-erkyzdeecsohoaggpwbjdvavzqfv/Build/Intermediates.noindex/DTFoundation.build/Debug-iphonesimulator/DTFoundation.build/Objects-normal/arm64/e6072d4f65d7061329687fe24e3d63a7-common-args.resp
    
    /Applications/Xcode.app/Contents/Developer/Toolchains/XcodeDefault.xctoolchain/usr/bin/clang -x objective-c -ivfsstatcache /Users/aadityasingh/Library/Developer/Xcode/DerivedData/SDKStatCaches.noindex/iphonesimulator26.4-23E252-686eebb5dc1d8ecb277353a59184f4aa.sdkstatcache -target arm64-apple-ios12.0-simulator -fmessage-length\=0 -fdiagnostics-show-note-include-stack -fmacro-backtrace-limit\=0 -fno-color-diagnostics -fmodules-prune-interval\=86400 -fmodules-prune-after\=345600 -fbuild-session-file\=/Users/aadityasingh/Library/Developer/Xcode/DerivedData/ModuleCache.noindex/Session.modulevalidation -fmodules-validate-once-per-build-session -Wnon-modular-include-in-framework-module -Werror\=non-modular-include-in-framework-module -Wno-trigraphs -Wno-missing-field-initializers -Wno-missing-prototypes -Wno-return-type -Wno-implicit-atomic-properties -Wno-objc-interface-ivars -Wno-arc-repeated-use-of-weak -Wno-missing-braces -Wparentheses -Wswitch -Wno-unused-function -Wno-unused-label -Wno-unused-parameter -Wno-unused-variable -Wunused-value -Wno-empty-body -Wno-uninitialized -Wno-unknown-pragmas -w -Wno-shadow -Wno-four-char-constants -Wno-conversion -Wno-constant-conversion -Wno-int-conversion -Wno-bool-conversion -Wno-enum-conversion -Wno-float-conversion -Wno-non-literal-null-conversion -Wno-objc-literal-conversion -Wshorten-64-to-32 -Wpointer-sign -Wno-newline-eof -Wno-selector -Wno-strict-selector-match -Wno-undeclared-selector -Wno-deprecated-implementations -Wno-implicit-fallthrough -isysroot /Applications/Xcode.app/Contents/Developer/Platforms/iPhoneSimulator.platform/Developer/SDKs/iPhoneSimulator26.4.sdk -fstrict-aliasing -Wprotocol -Wdeprecated-declarations -Wno-sign-conversion -Wno-infinite-recursion -Wno-comma -Wno-block-capture-autoreleasing -Wno-strict-prototypes -Wno-semicolon-before-method-body -index-store-path /Users/aadityasingh/Library/Developer/Xcode/DerivedData/Chatlio-erkyzdeecsohoaggpwbjdvavzqfv/Index.noindex/DataStore @/Users/aadityasingh/Library/Developer/Xcode/DerivedData/Chatlio-erkyzdeecsohoaggpwbjdvavzqfv/Build/Intermediates.noindex/DTFoundation.build/Debug-iphonesimulator/DTFoundation.build/Objects-normal/arm64/e6072d4f65d7061329687fe24e3d63a7-common-args.resp -MMD -MT dependencies -MF /Users/aadityasingh/Library/Developer/Xcode/DerivedData/Chatlio-erkyzdeecsohoaggpwbjdvavzqfv/Build/Intermediates.noindex/DTFoundation.build/Debug-iphonesimulator/DTFoundation.build/Objects-normal/arm64/DTProgressHUDWindow.d --serialize-diagnostics /Users/aadityasingh/Library/Developer/Xcode/DerivedData/Chatlio-erkyzdeecsohoaggpwbjdvavzqfv/Build/Intermediates.noindex/DTFoundation.build/Debug-iphonesimulator/DTFoundation.build/Objects-normal/arm64/DTProgressHUDWindow.dia -c /Users/aadityasingh/Library/Developer/Xcode/DerivedData/Chatlio-erkyzdeecsohoaggpwbjdvavzqfv/SourcePackages/checkouts/DTFoundation/Core/Source/iOS/DTProgressHUD/DTProgressHUDWindow.m -o /Users/aadityasingh/Library/Developer/Xcode/DerivedData/Chatlio-erkyzdeecsohoaggpwbjdvavzqfv/Build/Intermediates.noindex/DTFoundation.build/Debug-iphonesimulator/DTFoundation.build/Objects-normal/arm64/DTProgressHUDWindow.o -index-unit-output-path /DTFoundation.build/Debug-iphonesimulator/DTFoundation.build/Objects-normal/arm64/DTProgressHUDWindow.o

CompileC /Users/aadityasingh/Library/Developer/Xcode/DerivedData/Chatlio-erkyzdeecsohoaggpwbjdvavzqfv/Build/Intermediates.noindex/DTFoundation.build/Debug-iphonesimulator/DTFoundation.build/Objects-normal/arm64/DTProgressHUD.o /Users/aadityasingh/Library/Developer/Xcode/DerivedData/Chatlio-erkyzdeecsohoaggpwbjdvavzqfv/SourcePackages/checkouts/DTFoundation/Core/Source/iOS/DTProgressHUD/DTProgressHUD.m normal arm64 objective-c com.apple.compilers.llvm.clang.1_0.compiler (in target 'DTFoundation' from project 'DTFoundation')
    cd /Users/aadityasingh/Documents/Development/element-x-ios/Chatlio.xcodeproj
    
    Using response file: /Users/aadityasingh/Library/Developer/Xcode/DerivedData/Chatlio-erkyzdeecsohoaggpwbjdvavzqfv/Build/Intermediates.noindex/DTFoundation.build/Debug-iphonesimulator/DTFoundation.build/Objects-normal/arm64/e6072d4f65d7061329687fe24e3d63a7-common-args.resp
    
    /Applications/Xcode.app/Contents/Developer/Toolchains/XcodeDefault.xctoolchain/usr/bin/clang -x objective-c -ivfsstatcache /Users/aadityasingh/Library/Developer/Xcode/DerivedData/SDKStatCaches.noindex/iphonesimulator26.4-23E252-686eebb5dc1d8ecb277353a59184f4aa.sdkstatcache -target arm64-apple-ios12.0-simulator -fmessage-length\=0 -fdiagnostics-show-note-include-stack -fmacro-backtrace-limit\=0 -fno-color-diagnostics -fmodules-prune-interval\=86400 -fmodules-prune-after\=345600 -fbuild-session-file\=/Users/aadityasingh/Library/Developer/Xcode/DerivedData/ModuleCache.noindex/Session.modulevalidation -fmodules-validate-once-per-build-session -Wnon-modular-include-in-framework-module -Werror\=non-modular-include-in-framework-module -Wno-trigraphs -Wno-missing-field-initializers -Wno-missing-prototypes -Wno-return-type -Wno-implicit-atomic-properties -Wno-objc-interface-ivars -Wno-arc-repeated-use-of-weak -Wno-missing-braces -Wparentheses -Wswitch -Wno-unused-function -Wno-unused-label -Wno-unused-parameter -Wno-unused-variable -Wunused-value -Wno-empty-body -Wno-uninitialized -Wno-unknown-pragmas -w -Wno-shadow -Wno-four-char-constants -Wno-conversion -Wno-constant-conversion -Wno-int-conversion -Wno-bool-conversion -Wno-enum-conversion -Wno-float-conversion -Wno-non-literal-null-conversion -Wno-objc-literal-conversion -Wshorten-64-to-32 -Wpointer-sign -Wno-newline-eof -Wno-selector -Wno-strict-selector-match -Wno-undeclared-selector -Wno-deprecated-implementations -Wno-implicit-fallthrough -isysroot /Applications/Xcode.app/Contents/Developer/Platforms/iPhoneSimulator.platform/Developer/SDKs/iPhoneSimulator26.4.sdk -fstrict-aliasing -Wprotocol -Wdeprecated-declarations -Wno-sign-conversion -Wno-infinite-recursion -Wno-comma -Wno-block-capture-autoreleasing -Wno-strict-prototypes -Wno-semicolon-before-method-body -index-store-path /Users/aadityasingh/Library/Developer/Xcode/DerivedData/Chatlio-erkyzdeecsohoaggpwbjdvavzqfv/Index.noindex/DataStore @/Users/aadityasingh/Library/Developer/Xcode/DerivedData/Chatlio-erkyzdeecsohoaggpwbjdvavzqfv/Build/Intermediates.noindex/DTFoundation.build/Debug-iphonesimulator/DTFoundation.build/Objects-normal/arm64/e6072d4f65d7061329687fe24e3d63a7-common-args.resp -MMD -MT dependencies -MF /Users/aadityasingh/Library/Developer/Xcode/DerivedData/Chatlio-erkyzdeecsohoaggpwbjdvavzqfv/Build/Intermediates.noindex/DTFoundation.build/Debug-iphonesimulator/DTFoundation.build/Objects-normal/arm64/DTProgressHUD.d --serialize-diagnostics /Users/aadityasingh/Library/Developer/Xcode/DerivedData/Chatlio-erkyzdeecsohoaggpwbjdvavzqfv/Build/Intermediates.noindex/DTFoundation.build/Debug-iphonesimulator/DTFoundation.build/Objects-normal/arm64/DTProgressHUD.dia -c /Users/aadityasingh/Library/Developer/Xcode/DerivedData/Chatlio-erkyzdeecsohoaggpwbjdvavzqfv/SourcePackages/checkouts/DTFoundation/Core/Source/iOS/DTProgressHUD/DTProgressHUD.m -o /Users/aadityasingh/Library/Developer/Xcode/DerivedData/Chatlio-erkyzdeecsohoaggpwbjdvavzqfv/Build/Intermediates.noindex/DTFoundation.build/Debug-iphonesimulator/DTFoundation.build/Objects-normal/arm64/DTProgressHUD.o -index-unit-output-path /DTFoundation.build/Debug-iphonesimulator/DTFoundation.build/Objects-normal/arm64/DTProgressHUD.o

CompileC /Users/aadityasingh/Library/Developer/Xcode/DerivedData/Chatlio-erkyzdeecsohoaggpwbjdvavzqfv/Build/Intermediates.noindex/DTFoundation.build/Debug-iphonesimulator/DTFoundation.build/Objects-normal/arm64/DTPieProgressIndicator.o /Users/aadityasingh/Library/Developer/Xcode/DerivedData/Chatlio-erkyzdeecsohoaggpwbjdvavzqfv/SourcePackages/checkouts/DTFoundation/Core/Source/iOS/DTPieProgressIndicator.m normal arm64 objective-c com.apple.compilers.llvm.clang.1_0.compiler (in target 'DTFoundation' from project 'DTFoundation')
    cd /Users/aadityasingh/Documents/Development/element-x-ios/Chatlio.xcodeproj
    
    Using response file: /Users/aadityasingh/Library/Developer/Xcode/DerivedData/Chatlio-erkyzdeecsohoaggpwbjdvavzqfv/Build/Intermediates.noindex/DTFoundation.build/Debug-iphonesimulator/DTFoundation.build/Objects-normal/arm64/e6072d4f65d7061329687fe24e3d63a7-common-args.resp
    
    /Applications/Xcode.app/Contents/Developer/Toolchains/XcodeDefault.xctoolchain/usr/bin/clang -x objective-c -ivfsstatcache /Users/aadityasingh/Library/Developer/Xcode/DerivedData/SDKStatCaches.noindex/iphonesimulator26.4-23E252-686eebb5dc1d8ecb277353a59184f4aa.sdkstatcache -target arm64-apple-ios12.0-simulator -fmessage-length\=0 -fdiagnostics-show-note-include-stack -fmacro-backtrace-limit\=0 -fno-color-diagnostics -fmodules-prune-interval\=86400 -fmodules-prune-after\=345600 -fbuild-session-file\=/Users/aadityasingh/Library/Developer/Xcode/DerivedData/ModuleCache.noindex/Session.modulevalidation -fmodules-validate-once-per-build-session -Wnon-modular-include-in-framework-module -Werror\=non-modular-include-in-framework-module -Wno-trigraphs -Wno-missing-field-initializers -Wno-missing-prototypes -Wno-return-type -Wno-implicit-atomic-properties -Wno-objc-interface-ivars -Wno-arc-repeated-use-of-weak -Wno-missing-braces -Wparentheses -Wswitch -Wno-unused-function -Wno-unused-label -Wno-unused-parameter -Wno-unused-variable -Wunused-value -Wno-empty-body -Wno-uninitialized -Wno-unknown-pragmas -w -Wno-shadow -Wno-four-char-constants -Wno-conversion -Wno-constant-conversion -Wno-int-conversion -Wno-bool-conversion -Wno-enum-conversion -Wno-float-conversion -Wno-non-literal-null-conversion -Wno-objc-literal-conversion -Wshorten-64-to-32 -Wpointer-sign -Wno-newline-eof -Wno-selector -Wno-strict-selector-match -Wno-undeclared-selector -Wno-deprecated-implementations -Wno-implicit-fallthrough -isysroot /Applications/Xcode.app/Contents/Developer/Platforms/iPhoneSimulator.platform/Developer/SDKs/iPhoneSimulator26.4.sdk -fstrict-aliasing -Wprotocol -Wdeprecated-declarations -Wno-sign-conversion -Wno-infinite-recursion -Wno-comma -Wno-block-capture-autoreleasing -Wno-strict-prototypes -Wno-semicolon-before-method-body -index-store-path /Users/aadityasingh/Library/Developer/Xcode/DerivedData/Chatlio-erkyzdeecsohoaggpwbjdvavzqfv/Index.noindex/DataStore @/Users/aadityasingh/Library/Developer/Xcode/DerivedData/Chatlio-erkyzdeecsohoaggpwbjdvavzqfv/Build/Intermediates.noindex/DTFoundation.build/Debug-iphonesimulator/DTFoundation.build/Objects-normal/arm64/e6072d4f65d7061329687fe24e3d63a7-common-args.resp -MMD -MT dependencies -MF /Users/aadityasingh/Library/Developer/Xcode/DerivedData/Chatlio-erkyzdeecsohoaggpwbjdvavzqfv/Build/Intermediates.noindex/DTFoundation.build/Debug-iphonesimulator/DTFoundation.build/Objects-normal/arm64/DTPieProgressIndicator.d --serialize-diagnostics /Users/aadityasingh/Library/Developer/Xcode/DerivedData/Chatlio-erkyzdeecsohoaggpwbjdvavzqfv/Build/Intermediates.noindex/DTFoundation.build/Debug-iphonesimulator/DTFoundation.build/Objects-normal/arm64/DTPieProgressIndicator.dia -c /Users/aadityasingh/Library/Developer/Xcode/DerivedData/Chatlio-erkyzdeecsohoaggpwbjdvavzqfv/SourcePackages/checkouts/DTFoundation/Core/Source/iOS/DTPieProgressIndicator.m -o /Users/aadityasingh/Library/Developer/Xcode/DerivedData/Chatlio-erkyzdeecsohoaggpwbjdvavzqfv/Build/Intermediates.noindex/DTFoundation.build/Debug-iphonesimulator/DTFoundation.build/Objects-normal/arm64/DTPieProgressIndicator.o -index-unit-output-path /DTFoundation.build/Debug-iphonesimulator/DTFoundation.build/Objects-normal/arm64/DTPieProgressIndicator.o

CompileC /Users/aadityasingh/Library/Developer/Xcode/DerivedData/Chatlio-erkyzdeecsohoaggpwbjdvavzqfv/Build/Intermediates.noindex/DTFoundation.build/Debug-iphonesimulator/DTFoundation.build/Objects-normal/arm64/DTCustomColoredAccessory.o /Users/aadityasingh/Library/Developer/Xcode/DerivedData/Chatlio-erkyzdeecsohoaggpwbjdvavzqfv/SourcePackages/checkouts/DTFoundation/Core/Source/iOS/DTCustomColoredAccessory.m normal arm64 objective-c com.apple.compilers.llvm.clang.1_0.compiler (in target 'DTFoundation' from project 'DTFoundation')
    cd /Users/aadityasingh/Documents/Development/element-x-ios/Chatlio.xcodeproj
    
    Using response file: /Users/aadityasingh/Library/Developer/Xcode/DerivedData/Chatlio-erkyzdeecsohoaggpwbjdvavzqfv/Build/Intermediates.noindex/DTFoundation.build/Debug-iphonesimulator/DTFoundation.build/Objects-normal/arm64/e6072d4f65d7061329687fe24e3d63a7-common-args.resp
    
    /Applications/Xcode.app/Contents/Developer/Toolchains/XcodeDefault.xctoolchain/usr/bin/clang -x objective-c -ivfsstatcache /Users/aadityasingh/Library/Developer/Xcode/DerivedData/SDKStatCaches.noindex/iphonesimulator26.4-23E252-686eebb5dc1d8ecb277353a59184f4aa.sdkstatcache -target arm64-apple-ios12.0-simulator -fmessage-length\=0 -fdiagnostics-show-note-include-stack -fmacro-backtrace-limit\=0 -fno-color-diagnostics -fmodules-prune-interval\=86400 -fmodules-prune-after\=345600 -fbuild-session-file\=/Users/aadityasingh/Library/Developer/Xcode/DerivedData/ModuleCache.noindex/Session.modulevalidation -fmodules-validate-once-per-build-session -Wnon-modular-include-in-framework-module -Werror\=non-modular-include-in-framework-module -Wno-trigraphs -Wno-missing-field-initializers -Wno-missing-prototypes -Wno-return-type -Wno-implicit-atomic-properties -Wno-objc-interface-ivars -Wno-arc-repeated-use-of-weak -Wno-missing-braces -Wparentheses -Wswitch -Wno-unused-function -Wno-unused-label -Wno-unused-parameter -Wno-unused-variable -Wunused-value -Wno-empty-body -Wno-uninitialized -Wno-unknown-pragmas -w -Wno-shadow -Wno-four-char-constants -Wno-conversion -Wno-constant-conversion -Wno-int-conversion -Wno-bool-conversion -Wno-enum-conversion -Wno-float-conversion -Wno-non-literal-null-conversion -Wno-objc-literal-conversion -Wshorten-64-to-32 -Wpointer-sign -Wno-newline-eof -Wno-selector -Wno-strict-selector-match -Wno-undeclared-selector -Wno-deprecated-implementations -Wno-implicit-fallthrough -isysroot /Applications/Xcode.app/Contents/Developer/Platforms/iPhoneSimulator.platform/Developer/SDKs/iPhoneSimulator26.4.sdk -fstrict-aliasing -Wprotocol -Wdeprecated-declarations -Wno-sign-conversion -Wno-infinite-recursion -Wno-comma -Wno-block-capture-autoreleasing -Wno-strict-prototypes -Wno-semicolon-before-method-body -index-store-path /Users/aadityasingh/Library/Developer/Xcode/DerivedData/Chatlio-erkyzdeecsohoaggpwbjdvavzqfv/Index.noindex/DataStore @/Users/aadityasingh/Library/Developer/Xcode/DerivedData/Chatlio-erkyzdeecsohoaggpwbjdvavzqfv/Build/Intermediates.noindex/DTFoundation.build/Debug-iphonesimulator/DTFoundation.build/Objects-normal/arm64/e6072d4f65d7061329687fe24e3d63a7-common-args.resp -MMD -MT dependencies -MF /Users/aadityasingh/Library/Developer/Xcode/DerivedData/Chatlio-erkyzdeecsohoaggpwbjdvavzqfv/Build/Intermediates.noindex/DTFoundation.build/Debug-iphonesimulator/DTFoundation.build/Objects-normal/arm64/DTCustomColoredAccessory.d --serialize-diagnostics /Users/aadityasingh/Library/Developer/Xcode/DerivedData/Chatlio-erkyzdeecsohoaggpwbjdvavzqfv/Build/Intermediates.noindex/DTFoundation.build/Debug-iphonesimulator/DTFoundation.build/Objects-normal/arm64/DTCustomColoredAccessory.dia -c /Users/aadityasingh/Library/Developer/Xcode/DerivedData/Chatlio-erkyzdeecsohoaggpwbjdvavzqfv/SourcePackages/checkouts/DTFoundation/Core/Source/iOS/DTCustomColoredAccessory.m -o /Users/aadityasingh/Library/Developer/Xcode/DerivedData/Chatlio-erkyzdeecsohoaggpwbjdvavzqfv/Build/Intermediates.noindex/DTFoundation.build/Debug-iphonesimulator/DTFoundation.build/Objects-normal/arm64/DTCustomColoredAccessory.o -index-unit-output-path /DTFoundation.build/Debug-iphonesimulator/DTFoundation.build/Objects-normal/arm64/DTCustomColoredAccessory.o

CompileC /Users/aadityasingh/Library/Developer/Xcode/DerivedData/Chatlio-erkyzdeecsohoaggpwbjdvavzqfv/Build/Intermediates.noindex/DTFoundation.build/Debug-iphonesimulator/DTFoundation.build/Objects-normal/arm64/DTAsyncFileDeleter.o /Users/aadityasingh/Library/Developer/Xcode/DerivedData/Chatlio-erkyzdeecsohoaggpwbjdvavzqfv/SourcePackages/checkouts/DTFoundation/Core/Source/DTAsyncFileDeleter/DTAsyncFileDeleter.m normal arm64 objective-c com.apple.compilers.llvm.clang.1_0.compiler (in target 'DTFoundation' from project 'DTFoundation')
    cd /Users/aadityasingh/Documents/Development/element-x-ios/Chatlio.xcodeproj
    
    Using response file: /Users/aadityasingh/Library/Developer/Xcode/DerivedData/Chatlio-erkyzdeecsohoaggpwbjdvavzqfv/Build/Intermediates.noindex/DTFoundation.build/Debug-iphonesimulator/DTFoundation.build/Objects-normal/arm64/e6072d4f65d7061329687fe24e3d63a7-common-args.resp
    
    /Applications/Xcode.app/Contents/Developer/Toolchains/XcodeDefault.xctoolchain/usr/bin/clang -x objective-c -ivfsstatcache /Users/aadityasingh/Library/Developer/Xcode/DerivedData/SDKStatCaches.noindex/iphonesimulator26.4-23E252-686eebb5dc1d8ecb277353a59184f4aa.sdkstatcache -target arm64-apple-ios12.0-simulator -fmessage-length\=0 -fdiagnostics-show-note-include-stack -fmacro-backtrace-limit\=0 -fno-color-diagnostics -fmodules-prune-interval\=86400 -fmodules-prune-after\=345600 -fbuild-session-file\=/Users/aadityasingh/Library/Developer/Xcode/DerivedData/ModuleCache.noindex/Session.modulevalidation -fmodules-validate-once-per-build-session -Wnon-modular-include-in-framework-module -Werror\=non-modular-include-in-framework-module -Wno-trigraphs -Wno-missing-field-initializers -Wno-missing-prototypes -Wno-return-type -Wno-implicit-atomic-properties -Wno-objc-interface-ivars -Wno-arc-repeated-use-of-weak -Wno-missing-braces -Wparentheses -Wswitch -Wno-unused-function -Wno-unused-label -Wno-unused-parameter -Wno-unused-variable -Wunused-value -Wno-empty-body -Wno-uninitialized -Wno-unknown-pragmas -w -Wno-shadow -Wno-four-char-constants -Wno-conversion -Wno-constant-conversion -Wno-int-conversion -Wno-bool-conversion -Wno-enum-conversion -Wno-float-conversion -Wno-non-literal-null-conversion -Wno-objc-literal-conversion -Wshorten-64-to-32 -Wpointer-sign -Wno-newline-eof -Wno-selector -Wno-strict-selector-match -Wno-undeclared-selector -Wno-deprecated-implementations -Wno-implicit-fallthrough -isysroot /Applications/Xcode.app/Contents/Developer/Platforms/iPhoneSimulator.platform/Developer/SDKs/iPhoneSimulator26.4.sdk -fstrict-aliasing -Wprotocol -Wdeprecated-declarations -Wno-sign-conversion -Wno-infinite-recursion -Wno-comma -Wno-block-capture-autoreleasing -Wno-strict-prototypes -Wno-semicolon-before-method-body -index-store-path /Users/aadityasingh/Library/Developer/Xcode/DerivedData/Chatlio-erkyzdeecsohoaggpwbjdvavzqfv/Index.noindex/DataStore @/Users/aadityasingh/Library/Developer/Xcode/DerivedData/Chatlio-erkyzdeecsohoaggpwbjdvavzqfv/Build/Intermediates.noindex/DTFoundation.build/Debug-iphonesimulator/DTFoundation.build/Objects-normal/arm64/e6072d4f65d7061329687fe24e3d63a7-common-args.resp -MMD -MT dependencies -MF /Users/aadityasingh/Library/Developer/Xcode/DerivedData/Chatlio-erkyzdeecsohoaggpwbjdvavzqfv/Build/Intermediates.noindex/DTFoundation.build/Debug-iphonesimulator/DTFoundation.build/Objects-normal/arm64/DTAsyncFileDeleter.d --serialize-diagnostics /Users/aadityasingh/Library/Developer/Xcode/DerivedData/Chatlio-erkyzdeecsohoaggpwbjdvavzqfv/Build/Intermediates.noindex/DTFoundation.build/Debug-iphonesimulator/DTFoundation.build/Objects-normal/arm64/DTAsyncFileDeleter.dia -c /Users/aadityasingh/Library/Developer/Xcode/DerivedData/Chatlio-erkyzdeecsohoaggpwbjdvavzqfv/SourcePackages/checkouts/DTFoundation/Core/Source/DTAsyncFileDeleter/DTAsyncFileDeleter.m -o /Users/aadityasingh/Library/Developer/Xcode/DerivedData/Chatlio-erkyzdeecsohoaggpwbjdvavzqfv/Build/Intermediates.noindex/DTFoundation.build/Debug-iphonesimulator/DTFoundation.build/Objects-normal/arm64/DTAsyncFileDeleter.o -index-unit-output-path /DTFoundation.build/Debug-iphonesimulator/DTFoundation.build/Objects-normal/arm64/DTAsyncFileDeleter.o

CompileC /Users/aadityasingh/Library/Developer/Xcode/DerivedData/Chatlio-erkyzdeecsohoaggpwbjdvavzqfv/Build/Intermediates.noindex/DTFoundation.build/Debug-iphonesimulator/DTFoundation.build/Objects-normal/arm64/DTAnimatedGIF.o /Users/aadityasingh/Library/Developer/Xcode/DerivedData/Chatlio-erkyzdeecsohoaggpwbjdvavzqfv/SourcePackages/checkouts/DTFoundation/Core/Source/iOS/DTAnimatedGIF/DTAnimatedGIF.m normal arm64 objective-c com.apple.compilers.llvm.clang.1_0.compiler (in target 'DTFoundation' from project 'DTFoundation')
    cd /Users/aadityasingh/Documents/Development/element-x-ios/Chatlio.xcodeproj
    
    Using response file: /Users/aadityasingh/Library/Developer/Xcode/DerivedData/Chatlio-erkyzdeecsohoaggpwbjdvavzqfv/Build/Intermediates.noindex/DTFoundation.build/Debug-iphonesimulator/DTFoundation.build/Objects-normal/arm64/e6072d4f65d7061329687fe24e3d63a7-common-args.resp
    
    /Applications/Xcode.app/Contents/Developer/Toolchains/XcodeDefault.xctoolchain/usr/bin/clang -x objective-c -ivfsstatcache /Users/aadityasingh/Library/Developer/Xcode/DerivedData/SDKStatCaches.noindex/iphonesimulator26.4-23E252-686eebb5dc1d8ecb277353a59184f4aa.sdkstatcache -target arm64-apple-ios12.0-simulator -fmessage-length\=0 -fdiagnostics-show-note-include-stack -fmacro-backtrace-limit\=0 -fno-color-diagnostics -fmodules-prune-interval\=86400 -fmodules-prune-after\=345600 -fbuild-session-file\=/Users/aadityasingh/Library/Developer/Xcode/DerivedData/ModuleCache.noindex/Session.modulevalidation -fmodules-validate-once-per-build-session -Wnon-modular-include-in-framework-module -Werror\=non-modular-include-in-framework-module -Wno-trigraphs -Wno-missing-field-initializers -Wno-missing-prototypes -Wno-return-type -Wno-implicit-atomic-properties -Wno-objc-interface-ivars -Wno-arc-repeated-use-of-weak -Wno-missing-braces -Wparentheses -Wswitch -Wno-unused-function -Wno-unused-label -Wno-unused-parameter -Wno-unused-variable -Wunused-value -Wno-empty-body -Wno-uninitialized -Wno-unknown-pragmas -w -Wno-shadow -Wno-four-char-constants -Wno-conversion -Wno-constant-conversion -Wno-int-conversion -Wno-bool-conversion -Wno-enum-conversion -Wno-float-conversion -Wno-non-literal-null-conversion -Wno-objc-literal-conversion -Wshorten-64-to-32 -Wpointer-sign -Wno-newline-eof -Wno-selector -Wno-strict-selector-match -Wno-undeclared-selector -Wno-deprecated-implementations -Wno-implicit-fallthrough -isysroot /Applications/Xcode.app/Contents/Developer/Platforms/iPhoneSimulator.platform/Developer/SDKs/iPhoneSimulator26.4.sdk -fstrict-aliasing -Wprotocol -Wdeprecated-declarations -Wno-sign-conversion -Wno-infinite-recursion -Wno-comma -Wno-block-capture-autoreleasing -Wno-strict-prototypes -Wno-semicolon-before-method-body -index-store-path /Users/aadityasingh/Library/Developer/Xcode/DerivedData/Chatlio-erkyzdeecsohoaggpwbjdvavzqfv/Index.noindex/DataStore @/Users/aadityasingh/Library/Developer/Xcode/DerivedData/Chatlio-erkyzdeecsohoaggpwbjdvavzqfv/Build/Intermediates.noindex/DTFoundation.build/Debug-iphonesimulator/DTFoundation.build/Objects-normal/arm64/e6072d4f65d7061329687fe24e3d63a7-common-args.resp -MMD -MT dependencies -MF /Users/aadityasingh/Library/Developer/Xcode/DerivedData/Chatlio-erkyzdeecsohoaggpwbjdvavzqfv/Build/Intermediates.noindex/DTFoundation.build/Debug-iphonesimulator/DTFoundation.build/Objects-normal/arm64/DTAnimatedGIF.d --serialize-diagnostics /Users/aadityasingh/Library/Developer/Xcode/DerivedData/Chatlio-erkyzdeecsohoaggpwbjdvavzqfv/Build/Intermediates.noindex/DTFoundation.build/Debug-iphonesimulator/DTFoundation.build/Objects-normal/arm64/DTAnimatedGIF.dia -c /Users/aadityasingh/Library/Developer/Xcode/DerivedData/Chatlio-erkyzdeecsohoaggpwbjdvavzqfv/SourcePackages/checkouts/DTFoundation/Core/Source/iOS/DTAnimatedGIF/DTAnimatedGIF.m -o /Users/aadityasingh/Library/Developer/Xcode/DerivedData/Chatlio-erkyzdeecsohoaggpwbjdvavzqfv/Build/Intermediates.noindex/DTFoundation.build/Debug-iphonesimulator/DTFoundation.build/Objects-normal/arm64/DTAnimatedGIF.o -index-unit-output-path /DTFoundation.build/Debug-iphonesimulator/DTFoundation.build/Objects-normal/arm64/DTAnimatedGIF.o

CompileC /Users/aadityasingh/Library/Developer/Xcode/DerivedData/Chatlio-erkyzdeecsohoaggpwbjdvavzqfv/Build/Intermediates.noindex/DTFoundation.build/Debug-iphonesimulator/DTFoundation.build/Objects-normal/arm64/DTActivityTitleView.o /Users/aadityasingh/Library/Developer/Xcode/DerivedData/Chatlio-erkyzdeecsohoaggpwbjdvavzqfv/SourcePackages/checkouts/DTFoundation/Core/Source/iOS/DTActivityTitleView.m normal arm64 objective-c com.apple.compilers.llvm.clang.1_0.compiler (in target 'DTFoundation' from project 'DTFoundation')
    cd /Users/aadityasingh/Documents/Development/element-x-ios/Chatlio.xcodeproj
    
    Using response file: /Users/aadityasingh/Library/Developer/Xcode/DerivedData/Chatlio-erkyzdeecsohoaggpwbjdvavzqfv/Build/Intermediates.noindex/DTFoundation.build/Debug-iphonesimulator/DTFoundation.build/Objects-normal/arm64/e6072d4f65d7061329687fe24e3d63a7-common-args.resp
    
    /Applications/Xcode.app/Contents/Developer/Toolchains/XcodeDefault.xctoolchain/usr/bin/clang -x objective-c -ivfsstatcache /Users/aadityasingh/Library/Developer/Xcode/DerivedData/SDKStatCaches.noindex/iphonesimulator26.4-23E252-686eebb5dc1d8ecb277353a59184f4aa.sdkstatcache -target arm64-apple-ios12.0-simulator -fmessage-length\=0 -fdiagnostics-show-note-include-stack -fmacro-backtrace-limit\=0 -fno-color-diagnostics -fmodules-prune-interval\=86400 -fmodules-prune-after\=345600 -fbuild-session-file\=/Users/aadityasingh/Library/Developer/Xcode/DerivedData/ModuleCache.noindex/Session.modulevalidation -fmodules-validate-once-per-build-session -Wnon-modular-include-in-framework-module -Werror\=non-modular-include-in-framework-module -Wno-trigraphs -Wno-missing-field-initializers -Wno-missing-prototypes -Wno-return-type -Wno-implicit-atomic-properties -Wno-objc-interface-ivars -Wno-arc-repeated-use-of-weak -Wno-missing-braces -Wparentheses -Wswitch -Wno-unused-function -Wno-unused-label -Wno-unused-parameter -Wno-unused-variable -Wunused-value -Wno-empty-body -Wno-uninitialized -Wno-unknown-pragmas -w -Wno-shadow -Wno-four-char-constants -Wno-conversion -Wno-constant-conversion -Wno-int-conversion -Wno-bool-conversion -Wno-enum-conversion -Wno-float-conversion -Wno-non-literal-null-conversion -Wno-objc-literal-conversion -Wshorten-64-to-32 -Wpointer-sign -Wno-newline-eof -Wno-selector -Wno-strict-selector-match -Wno-undeclared-selector -Wno-deprecated-implementations -Wno-implicit-fallthrough -isysroot /Applications/Xcode.app/Contents/Developer/Platforms/iPhoneSimulator.platform/Developer/SDKs/iPhoneSimulator26.4.sdk -fstrict-aliasing -Wprotocol -Wdeprecated-declarations -Wno-sign-conversion -Wno-infinite-recursion -Wno-comma -Wno-block-capture-autoreleasing -Wno-strict-prototypes -Wno-semicolon-before-method-body -index-store-path /Users/aadityasingh/Library/Developer/Xcode/DerivedData/Chatlio-erkyzdeecsohoaggpwbjdvavzqfv/Index.noindex/DataStore @/Users/aadityasingh/Library/Developer/Xcode/DerivedData/Chatlio-erkyzdeecsohoaggpwbjdvavzqfv/Build/Intermediates.noindex/DTFoundation.build/Debug-iphonesimulator/DTFoundation.build/Objects-normal/arm64/e6072d4f65d7061329687fe24e3d63a7-common-args.resp -MMD -MT dependencies -MF /Users/aadityasingh/Library/Developer/Xcode/DerivedData/Chatlio-erkyzdeecsohoaggpwbjdvavzqfv/Build/Intermediates.noindex/DTFoundation.build/Debug-iphonesimulator/DTFoundation.build/Objects-normal/arm64/DTActivityTitleView.d --serialize-diagnostics /Users/aadityasingh/Library/Developer/Xcode/DerivedData/Chatlio-erkyzdeecsohoaggpwbjdvavzqfv/Build/Intermediates.noindex/DTFoundation.build/Debug-iphonesimulator/DTFoundation.build/Objects-normal/arm64/DTActivityTitleView.dia -c /Users/aadityasingh/Library/Developer/Xcode/DerivedData/Chatlio-erkyzdeecsohoaggpwbjdvavzqfv/SourcePackages/checkouts/DTFoundation/Core/Source/iOS/DTActivityTitleView.m -o /Users/aadityasingh/Library/Developer/Xcode/DerivedData/Chatlio-erkyzdeecsohoaggpwbjdvavzqfv/Build/Intermediates.noindex/DTFoundation.build/Debug-iphonesimulator/DTFoundation.build/Objects-normal/arm64/DTActivityTitleView.o -index-unit-output-path /DTFoundation.build/Debug-iphonesimulator/DTFoundation.build/Objects-normal/arm64/DTActivityTitleView.o

CompileC /Users/aadityasingh/Library/Developer/Xcode/DerivedData/Chatlio-erkyzdeecsohoaggpwbjdvavzqfv/Build/Intermediates.noindex/DTFoundation.build/Debug-iphonesimulator/DTFoundation.build/Objects-normal/arm64/DTActionSheet.o /Users/aadityasingh/Library/Developer/Xcode/DerivedData/Chatlio-erkyzdeecsohoaggpwbjdvavzqfv/SourcePackages/checkouts/DTFoundation/Core/Source/iOS/BlocksAdditions/DTActionSheet.m normal arm64 objective-c com.apple.compilers.llvm.clang.1_0.compiler (in target 'DTFoundation' from project 'DTFoundation')
    cd /Users/aadityasingh/Documents/Development/element-x-ios/Chatlio.xcodeproj
    
    Using response file: /Users/aadityasingh/Library/Developer/Xcode/DerivedData/Chatlio-erkyzdeecsohoaggpwbjdvavzqfv/Build/Intermediates.noindex/DTFoundation.build/Debug-iphonesimulator/DTFoundation.build/Objects-normal/arm64/e6072d4f65d7061329687fe24e3d63a7-common-args.resp
    
    /Applications/Xcode.app/Contents/Developer/Toolchains/XcodeDefault.xctoolchain/usr/bin/clang -x objective-c -ivfsstatcache /Users/aadityasingh/Library/Developer/Xcode/DerivedData/SDKStatCaches.noindex/iphonesimulator26.4-23E252-686eebb5dc1d8ecb277353a59184f4aa.sdkstatcache -target arm64-apple-ios12.0-simulator -fmessage-length\=0 -fdiagnostics-show-note-include-stack -fmacro-backtrace-limit\=0 -fno-color-diagnostics -fmodules-prune-interval\=86400 -fmodules-prune-after\=345600 -fbuild-session-file\=/Users/aadityasingh/Library/Developer/Xcode/DerivedData/ModuleCache.noindex/Session.modulevalidation -fmodules-validate-once-per-build-session -Wnon-modular-include-in-framework-module -Werror\=non-modular-include-in-framework-module -Wno-trigraphs -Wno-missing-field-initializers -Wno-missing-prototypes -Wno-return-type -Wno-implicit-atomic-properties -Wno-objc-interface-ivars -Wno-arc-repeated-use-of-weak -Wno-missing-braces -Wparentheses -Wswitch -Wno-unused-function -Wno-unused-label -Wno-unused-parameter -Wno-unused-variable -Wunused-value -Wno-empty-body -Wno-uninitialized -Wno-unknown-pragmas -w -Wno-shadow -Wno-four-char-constants -Wno-conversion -Wno-constant-conversion -Wno-int-conversion -Wno-bool-conversion -Wno-enum-conversion -Wno-float-conversion -Wno-non-literal-null-conversion -Wno-objc-literal-conversion -Wshorten-64-to-32 -Wpointer-sign -Wno-newline-eof -Wno-selector -Wno-strict-selector-match -Wno-undeclared-selector -Wno-deprecated-implementations -Wno-implicit-fallthrough -isysroot /Applications/Xcode.app/Contents/Developer/Platforms/iPhoneSimulator.platform/Developer/SDKs/iPhoneSimulator26.4.sdk -fstrict-aliasing -Wprotocol -Wdeprecated-declarations -Wno-sign-conversion -Wno-infinite-recursion -Wno-comma -Wno-block-capture-autoreleasing -Wno-strict-prototypes -Wno-semicolon-before-method-body -index-store-path /Users/aadityasingh/Library/Developer/Xcode/DerivedData/Chatlio-erkyzdeecsohoaggpwbjdvavzqfv/Index.noindex/DataStore @/Users/aadityasingh/Library/Developer/Xcode/DerivedData/Chatlio-erkyzdeecsohoaggpwbjdvavzqfv/Build/Intermediates.noindex/DTFoundation.build/Debug-iphonesimulator/DTFoundation.build/Objects-normal/arm64/e6072d4f65d7061329687fe24e3d63a7-common-args.resp -MMD -MT dependencies -MF /Users/aadityasingh/Library/Developer/Xcode/DerivedData/Chatlio-erkyzdeecsohoaggpwbjdvavzqfv/Build/Intermediates.noindex/DTFoundation.build/Debug-iphonesimulator/DTFoundation.build/Objects-normal/arm64/DTActionSheet.d --serialize-diagnostics /Users/aadityasingh/Library/Developer/Xcode/DerivedData/Chatlio-erkyzdeecsohoaggpwbjdvavzqfv/Build/Intermediates.noindex/DTFoundation.build/Debug-iphonesimulator/DTFoundation.build/Objects-normal/arm64/DTActionSheet.dia -c /Users/aadityasingh/Library/Developer/Xcode/DerivedData/Chatlio-erkyzdeecsohoaggpwbjdvavzqfv/SourcePackages/checkouts/DTFoundation/Core/Source/iOS/BlocksAdditions/DTActionSheet.m -o /Users/aadityasingh/Library/Developer/Xcode/DerivedData/Chatlio-erkyzdeecsohoaggpwbjdvavzqfv/Build/Intermediates.noindex/DTFoundation.build/Debug-iphonesimulator/DTFoundation.build/Objects-normal/arm64/DTActionSheet.o -index-unit-output-path /DTFoundation.build/Debug-iphonesimulator/DTFoundation.build/Objects-normal/arm64/DTActionSheet.o

PrecompileModule /Users/aadityasingh/Library/Developer/Xcode/DerivedData/Chatlio-erkyzdeecsohoaggpwbjdvavzqfv/Build/Intermediates.noindex/ExplicitPrecompiledModules/Symbols-403A4W4RWPZ1AG4E07RI94CF8.scan
    cd /
    builtin-precompileModule /Users/aadityasingh/Library/Developer/Xcode/DerivedData/Chatlio-erkyzdeecsohoaggpwbjdvavzqfv/Build/Intermediates.noindex/ExplicitPrecompiledModules/Symbols-403A4W4RWPZ1AG4E07RI94CF8.scan

PrecompileModule /Users/aadityasingh/Library/Developer/Xcode/DerivedData/Chatlio-erkyzdeecsohoaggpwbjdvavzqfv/Build/Intermediates.noindex/ExplicitPrecompiledModules/UIUtilities-7KHCG159R94P1NHTMSUDRC59D.scan
    cd /
    builtin-precompileModule /Users/aadityasingh/Library/Developer/Xcode/DerivedData/Chatlio-erkyzdeecsohoaggpwbjdvavzqfv/Build/Intermediates.noindex/ExplicitPrecompiledModules/UIUtilities-7KHCG159R94P1NHTMSUDRC59D.scan

PrecompileModule /Users/aadityasingh/Library/Developer/Xcode/DerivedData/Chatlio-erkyzdeecsohoaggpwbjdvavzqfv/Build/Intermediates.noindex/ExplicitPrecompiledModules/OpenGLES-31N0Y381YXOYPPAGIC5JJKJ4Y.scan
    cd /
    builtin-precompileModule /Users/aadityasingh/Library/Developer/Xcode/DerivedData/Chatlio-erkyzdeecsohoaggpwbjdvavzqfv/Build/Intermediates.noindex/ExplicitPrecompiledModules/OpenGLES-31N0Y381YXOYPPAGIC5JJKJ4Y.scan

PrecompileModule /Users/aadityasingh/Library/Developer/Xcode/DerivedData/Chatlio-erkyzdeecsohoaggpwbjdvavzqfv/Build/Intermediates.noindex/ExplicitPrecompiledModules/FileProvider-B3CWNGN7SDNF1A8MDLKF75GYG.scan
    cd /
    builtin-precompileModule /Users/aadityasingh/Library/Developer/Xcode/DerivedData/Chatlio-erkyzdeecsohoaggpwbjdvavzqfv/Build/Intermediates.noindex/ExplicitPrecompiledModules/FileProvider-B3CWNGN7SDNF1A8MDLKF75GYG.scan

PrecompileModule /Users/aadityasingh/Library/Developer/Xcode/DerivedData/Chatlio-erkyzdeecsohoaggpwbjdvavzqfv/Build/Intermediates.noindex/ExplicitPrecompiledModules/UserNotifications-88K3Q2300EOGCSYNF2VSOZZGE.scan
    cd /
    builtin-precompileModule /Users/aadityasingh/Library/Developer/Xcode/DerivedData/Chatlio-erkyzdeecsohoaggpwbjdvavzqfv/Build/Intermediates.noindex/ExplicitPrecompiledModules/UserNotifications-88K3Q2300EOGCSYNF2VSOZZGE.scan

PrecompileModule /Users/aadityasingh/Library/Developer/Xcode/DerivedData/Chatlio-erkyzdeecsohoaggpwbjdvavzqfv/Build/Intermediates.noindex/ExplicitPrecompiledModules/CoreText-8BL9KI98T9QGKED16WLWG26BW.scan
    cd /
    builtin-precompileModule /Users/aadityasingh/Library/Developer/Xcode/DerivedData/Chatlio-erkyzdeecsohoaggpwbjdvavzqfv/Build/Intermediates.noindex/ExplicitPrecompiledModules/CoreText-8BL9KI98T9QGKED16WLWG26BW.scan

PrecompileModule /Users/aadityasingh/Library/Developer/Xcode/DerivedData/Chatlio-erkyzdeecsohoaggpwbjdvavzqfv/Build/Intermediates.noindex/ExplicitPrecompiledModules/UIUtilities-3XIHFE1XLK977NO92AUOWJIR.scan
    cd /
    builtin-precompileModule /Users/aadityasingh/Library/Developer/Xcode/DerivedData/Chatlio-erkyzdeecsohoaggpwbjdvavzqfv/Build/Intermediates.noindex/ExplicitPrecompiledModules/UIUtilities-3XIHFE1XLK977NO92AUOWJIR.scan

PrecompileModule /Users/aadityasingh/Library/Developer/Xcode/DerivedData/Chatlio-erkyzdeecsohoaggpwbjdvavzqfv/Build/Intermediates.noindex/ExplicitPrecompiledModules/Symbols-A0QF7V9RTL238XVS9SPO5K18W.scan
    cd /
    builtin-precompileModule /Users/aadityasingh/Library/Developer/Xcode/DerivedData/Chatlio-erkyzdeecsohoaggpwbjdvavzqfv/Build/Intermediates.noindex/ExplicitPrecompiledModules/Symbols-A0QF7V9RTL238XVS9SPO5K18W.scan

PrecompileModule /Users/aadityasingh/Library/Developer/Xcode/DerivedData/Chatlio-erkyzdeecsohoaggpwbjdvavzqfv/Build/Intermediates.noindex/ExplicitPrecompiledModules/FileProvider-C8KN2WJS3R8IL9MT88VULEZHV.scan
    cd /
    builtin-precompileModule /Users/aadityasingh/Library/Developer/Xcode/DerivedData/Chatlio-erkyzdeecsohoaggpwbjdvavzqfv/Build/Intermediates.noindex/ExplicitPrecompiledModules/FileProvider-C8KN2WJS3R8IL9MT88VULEZHV.scan

PrecompileModule /Users/aadityasingh/Library/Developer/Xcode/DerivedData/Chatlio-erkyzdeecsohoaggpwbjdvavzqfv/Build/Intermediates.noindex/ExplicitPrecompiledModules/FileProvider-CU7W0GPTWD3ZSJNOCAHA1K6Q4.scan
    cd /
    builtin-precompileModule /Users/aadityasingh/Library/Developer/Xcode/DerivedData/Chatlio-erkyzdeecsohoaggpwbjdvavzqfv/Build/Intermediates.noindex/ExplicitPrecompiledModules/FileProvider-CU7W0GPTWD3ZSJNOCAHA1K6Q4.scan

PrecompileModule /Users/aadityasingh/Library/Developer/Xcode/DerivedData/Chatlio-erkyzdeecsohoaggpwbjdvavzqfv/Build/Intermediates.noindex/ExplicitPrecompiledModules/UserNotifications-29RUXTMJRILBLS1C7O945WVAD.scan
    cd /
    builtin-precompileModule /Users/aadityasingh/Library/Developer/Xcode/DerivedData/Chatlio-erkyzdeecsohoaggpwbjdvavzqfv/Build/Intermediates.noindex/ExplicitPrecompiledModules/UserNotifications-29RUXTMJRILBLS1C7O945WVAD.scan

PrecompileModule /Users/aadityasingh/Library/Developer/Xcode/DerivedData/Chatlio-erkyzdeecsohoaggpwbjdvavzqfv/Build/Intermediates.noindex/ExplicitPrecompiledModules/IOSurface-AX2SWTV8W9FVS56KQP2B4LBMS.scan
    cd /
    builtin-precompileModule /Users/aadityasingh/Library/Developer/Xcode/DerivedData/Chatlio-erkyzdeecsohoaggpwbjdvavzqfv/Build/Intermediates.noindex/ExplicitPrecompiledModules/IOSurface-AX2SWTV8W9FVS56KQP2B4LBMS.scan

Ld /Users/aadityasingh/Library/Developer/Xcode/DerivedData/Chatlio-erkyzdeecsohoaggpwbjdvavzqfv/Build/Intermediates.noindex/DTFoundation.build/Debug-iphonesimulator/DTFoundation.build/Objects-normal/arm64/Binary/DTFoundation.o normal arm64 (in target 'DTFoundation' from project 'DTFoundation')
    cd /Users/aadityasingh/Library/Developer/Xcode/DerivedData/Chatlio-erkyzdeecsohoaggpwbjdvavzqfv/SourcePackages/checkouts/DTFoundation
    /Applications/Xcode.app/Contents/Developer/Toolchains/XcodeDefault.xctoolchain/usr/bin/clang -Xlinker -reproducible -target arm64-apple-ios12.0-simulator -r -isysroot /Applications/Xcode.app/Contents/Developer/Platforms/iPhoneSimulator.platform/Developer/SDKs/iPhoneSimulator26.4.sdk -O0 -w -F/Users/aadityasingh/Library/Developer/Xcode/DerivedData/Chatlio-erkyzdeecsohoaggpwbjdvavzqfv/Build/Intermediates.noindex/EagerLinkingTBDs/Debug-iphonesimulator -F/Users/aadityasingh/Library/Developer/Xcode/DerivedData/Chatlio-erkyzdeecsohoaggpwbjdvavzqfv/Build/Products/Debug-iphonesimulator -iframework /Applications/Xcode.app/Contents/Developer/Platforms/iPhoneSimulator.platform/Developer/Library/Frameworks -iframework /Applications/Xcode.app/Contents/Developer/Platforms/iPhoneSimulator.platform/Developer/SDKs/iPhoneSimulator26.4.sdk/Developer/Library/Frameworks -filelist /Users/aadityasingh/Library/Developer/Xcode/DerivedData/Chatlio-erkyzdeecsohoaggpwbjdvavzqfv/Build/Intermediates.noindex/DTFoundation.build/Debug-iphonesimulator/DTFoundation.build/Objects-normal/arm64/DTFoundation.LinkFileList -nostdlib -Xlinker -object_path_lto -Xlinker /Users/aadityasingh/Library/Developer/Xcode/DerivedData/Chatlio-erkyzdeecsohoaggpwbjdvavzqfv/Build/Intermediates.noindex/DTFoundation.build/Debug-iphonesimulator/DTFoundation.build/Objects-normal/arm64/DTFoundation_lto.o -Xlinker -no_deduplicate -Xlinker -objc_abi_version -Xlinker 2 -Xlinker -debug_variant -Xlinker -dependency_info -Xlinker /Users/aadityasingh/Library/Developer/Xcode/DerivedData/Chatlio-erkyzdeecsohoaggpwbjdvavzqfv/Build/Intermediates.noindex/DTFoundation.build/Debug-iphonesimulator/DTFoundation.build/Objects-normal/arm64/DTFoundation_dependency_info.dat -fobjc-arc -fobjc-link-runtime -o /Users/aadityasingh/Library/Developer/Xcode/DerivedData/Chatlio-erkyzdeecsohoaggpwbjdvavzqfv/Build/Intermediates.noindex/DTFoundation.build/Debug-iphonesimulator/DTFoundation.build/Objects-normal/arm64/Binary/DTFoundation.o

PrecompileModule /Users/aadityasingh/Library/Developer/Xcode/DerivedData/Chatlio-erkyzdeecsohoaggpwbjdvavzqfv/Build/Intermediates.noindex/ExplicitPrecompiledModules/OpenGLES-CPY6QFDYD5M8LU9AICN6EBFHR.scan
    cd /
    builtin-precompileModule /Users/aadityasingh/Library/Developer/Xcode/DerivedData/Chatlio-erkyzdeecsohoaggpwbjdvavzqfv/Build/Intermediates.noindex/ExplicitPrecompiledModules/OpenGLES-CPY6QFDYD5M8LU9AICN6EBFHR.scan

PrecompileModule /Users/aadityasingh/Library/Developer/Xcode/DerivedData/Chatlio-erkyzdeecsohoaggpwbjdvavzqfv/Build/Intermediates.noindex/ExplicitPrecompiledModules/_Builtin_tgmath-E3UBF50D0K6OBYLDT7OEK7JDO.scan
    cd /
    builtin-precompileModule /Users/aadityasingh/Library/Developer/Xcode/DerivedData/Chatlio-erkyzdeecsohoaggpwbjdvavzqfv/Build/Intermediates.noindex/ExplicitPrecompiledModules/_Builtin_tgmath-E3UBF50D0K6OBYLDT7OEK7JDO.scan

PrecompileModule /Users/aadityasingh/Library/Developer/Xcode/DerivedData/Chatlio-erkyzdeecsohoaggpwbjdvavzqfv/Build/Intermediates.noindex/ExplicitPrecompiledModules/IOSurface-56IE88SPJ58ENPZYNG5269KAT.scan
    cd /
    builtin-precompileModule /Users/aadityasingh/Library/Developer/Xcode/DerivedData/Chatlio-erkyzdeecsohoaggpwbjdvavzqfv/Build/Intermediates.noindex/ExplicitPrecompiledModules/IOSurface-56IE88SPJ58ENPZYNG5269KAT.scan

PrecompileModule /Users/aadityasingh/Library/Developer/Xcode/DerivedData/Chatlio-erkyzdeecsohoaggpwbjdvavzqfv/Build/Intermediates.noindex/ExplicitPrecompiledModules/ImageIO-B9RSY9S8TGESS3NFCYDXEQ3ZL.scan
    cd /
    builtin-precompileModule /Users/aadityasingh/Library/Developer/Xcode/DerivedData/Chatlio-erkyzdeecsohoaggpwbjdvavzqfv/Build/Intermediates.noindex/ExplicitPrecompiledModules/ImageIO-B9RSY9S8TGESS3NFCYDXEQ3ZL.scan

PrecompileModule /Users/aadityasingh/Library/Developer/Xcode/DerivedData/Chatlio-erkyzdeecsohoaggpwbjdvavzqfv/Build/Intermediates.noindex/ExplicitPrecompiledModules/CoreVideo-A7RGW3I2227LAAW524PESNE12.scan
    cd /
    builtin-precompileModule /Users/aadityasingh/Library/Developer/Xcode/DerivedData/Chatlio-erkyzdeecsohoaggpwbjdvavzqfv/Build/Intermediates.noindex/ExplicitPrecompiledModules/CoreVideo-A7RGW3I2227LAAW524PESNE12.scan

ScanDependencies /Users/aadityasingh/Library/Developer/Xcode/DerivedData/Chatlio-erkyzdeecsohoaggpwbjdvavzqfv/Build/Intermediates.noindex/DTCoreText.build/Debug-iphonesimulator/DTCoreText.build/Objects-normal/arm64/NSAttributedString+HTML.o /Users/aadityasingh/Library/Developer/Xcode/DerivedData/Chatlio-erkyzdeecsohoaggpwbjdvavzqfv/SourcePackages/checkouts/DTCoreText/Core/Source/NSAttributedString+HTML.m normal arm64 objective-c com.apple.compilers.llvm.clang.1_0.compiler (in target 'DTCoreText' from project 'DTCoreText')
    cd /Users/aadityasingh/Documents/Development/element-x-ios/Chatlio.xcodeproj
    
    Using response file: /Users/aadityasingh/Library/Developer/Xcode/DerivedData/Chatlio-erkyzdeecsohoaggpwbjdvavzqfv/Build/Intermediates.noindex/DTCoreText.build/Debug-iphonesimulator/DTCoreText.build/Objects-normal/arm64/e6072d4f65d7061329687fe24e3d63a7-common-args.resp
    
    builtin-ScanDependencies -o /Users/aadityasingh/Library/Developer/Xcode/DerivedData/Chatlio-erkyzdeecsohoaggpwbjdvavzqfv/Build/Intermediates.noindex/DTCoreText.build/Debug-iphonesimulator/DTCoreText.build/Objects-normal/arm64/NSAttributedString+HTML.o.scan -- /Applications/Xcode.app/Contents/Developer/Toolchains/XcodeDefault.xctoolchain/usr/bin/clang -x objective-c -ivfsstatcache /Users/aadityasingh/Library/Developer/Xcode/DerivedData/SDKStatCaches.noindex/iphonesimulator26.4-23E252-686eebb5dc1d8ecb277353a59184f4aa.sdkstatcache -target arm64-apple-ios12.0-simulator -fmessage-length\=0 -fdiagnostics-show-note-include-stack -fmacro-backtrace-limit\=0 -fno-color-diagnostics -fmodules-prune-interval\=86400 -fmodules-prune-after\=345600 -fbuild-session-file\=/Users/aadityasingh/Library/Developer/Xcode/DerivedData/ModuleCache.noindex/Session.modulevalidation -fmodules-validate-once-per-build-session -Wnon-modular-include-in-framework-module -Werror\=non-modular-include-in-framework-module -Wno-trigraphs -Wno-missing-field-initializers -Wno-missing-prototypes -Wno-return-type -Wno-implicit-atomic-properties -Wno-objc-interface-ivars -Wno-arc-repeated-use-of-weak -Wno-missing-braces -Wparentheses -Wswitch -Wno-unused-function -Wno-unused-label -Wno-unused-parameter -Wno-unused-variable -Wunused-value -Wno-empty-body -Wno-uninitialized -Wno-unknown-pragmas -w -Wno-shadow -Wno-four-char-constants -Wno-conversion -Wno-constant-conversion -Wno-int-conversion -Wno-bool-conversion -Wno-enum-conversion -Wno-float-conversion -Wno-non-literal-null-conversion -Wno-objc-literal-conversion -Wshorten-64-to-32 -Wpointer-sign -Wno-newline-eof -Wno-selector -Wno-strict-selector-match -Wno-undeclared-selector -Wno-deprecated-implementations -Wno-implicit-fallthrough -isysroot /Applications/Xcode.app/Contents/Developer/Platforms/iPhoneSimulator.platform/Developer/SDKs/iPhoneSimulator26.4.sdk -fstrict-aliasing -Wprotocol -Wdeprecated-declarations -Wno-sign-conversion -Wno-infinite-recursion -Wno-comma -Wno-block-capture-autoreleasing -Wno-strict-prototypes -Wno-semicolon-before-method-body -index-store-path /Users/aadityasingh/Library/Developer/Xcode/DerivedData/Chatlio-erkyzdeecsohoaggpwbjdvavzqfv/Index.noindex/DataStore @/Users/aadityasingh/Library/Developer/Xcode/DerivedData/Chatlio-erkyzdeecsohoaggpwbjdvavzqfv/Build/Intermediates.noindex/DTCoreText.build/Debug-iphonesimulator/DTCoreText.build/Objects-normal/arm64/e6072d4f65d7061329687fe24e3d63a7-common-args.resp -include /Users/aadityasingh/Library/Developer/Xcode/DerivedData/Chatlio-erkyzdeecsohoaggpwbjdvavzqfv/Build/Intermediates.noindex/DTCoreText.build/Debug-iphonesimulator/DTCoreText.build/DerivedSources/resource_bundle_accessor.h -MMD -MT dependencies -MF /Users/aadityasingh/Library/Developer/Xcode/DerivedData/Chatlio-erkyzdeecsohoaggpwbjdvavzqfv/Build/Intermediates.noindex/DTCoreText.build/Debug-iphonesimulator/DTCoreText.build/Objects-normal/arm64/NSAttributedString+HTML.d --serialize-diagnostics /Users/aadityasingh/Library/Developer/Xcode/DerivedData/Chatlio-erkyzdeecsohoaggpwbjdvavzqfv/Build/Intermediates.noindex/DTCoreText.build/Debug-iphonesimulator/DTCoreText.build/Objects-normal/arm64/NSAttributedString+HTML.dia -c /Users/aadityasingh/Library/Developer/Xcode/DerivedData/Chatlio-erkyzdeecsohoaggpwbjdvavzqfv/SourcePackages/checkouts/DTCoreText/Core/Source/NSAttributedString+HTML.m -o /Users/aadityasingh/Library/Developer/Xcode/DerivedData/Chatlio-erkyzdeecsohoaggpwbjdvavzqfv/Build/Intermediates.noindex/DTCoreText.build/Debug-iphonesimulator/DTCoreText.build/Objects-normal/arm64/NSAttributedString+HTML.o -index-unit-output-path /DTCoreText.build/Debug-iphonesimulator/DTCoreText.build/Objects-normal/arm64/NSAttributedString+HTML.o

ScanDependencies /Users/aadityasingh/Library/Developer/Xcode/DerivedData/Chatlio-erkyzdeecsohoaggpwbjdvavzqfv/Build/Intermediates.noindex/DTCoreText.build/Debug-iphonesimulator/DTCoreText.build/Objects-normal/arm64/NSAttributedString+DTDebug.o /Users/aadityasingh/Library/Developer/Xcode/DerivedData/Chatlio-erkyzdeecsohoaggpwbjdvavzqfv/SourcePackages/checkouts/DTCoreText/Core/Source/NSAttributedString+DTDebug.m normal arm64 objective-c com.apple.compilers.llvm.clang.1_0.compiler (in target 'DTCoreText' from project 'DTCoreText')
    cd /Users/aadityasingh/Documents/Development/element-x-ios/Chatlio.xcodeproj
    
    Using response file: /Users/aadityasingh/Library/Developer/Xcode/DerivedData/Chatlio-erkyzdeecsohoaggpwbjdvavzqfv/Build/Intermediates.noindex/DTCoreText.build/Debug-iphonesimulator/DTCoreText.build/Objects-normal/arm64/e6072d4f65d7061329687fe24e3d63a7-common-args.resp
    
    builtin-ScanDependencies -o /Users/aadityasingh/Library/Developer/Xcode/DerivedData/Chatlio-erkyzdeecsohoaggpwbjdvavzqfv/Build/Intermediates.noindex/DTCoreText.build/Debug-iphonesimulator/DTCoreText.build/Objects-normal/arm64/NSAttributedString+DTDebug.o.scan -- /Applications/Xcode.app/Contents/Developer/Toolchains/XcodeDefault.xctoolchain/usr/bin/clang -x objective-c -ivfsstatcache /Users/aadityasingh/Library/Developer/Xcode/DerivedData/SDKStatCaches.noindex/iphonesimulator26.4-23E252-686eebb5dc1d8ecb277353a59184f4aa.sdkstatcache -target arm64-apple-ios12.0-simulator -fmessage-length\=0 -fdiagnostics-show-note-include-stack -fmacro-backtrace-limit\=0 -fno-color-diagnostics -fmodules-prune-interval\=86400 -fmodules-prune-after\=345600 -fbuild-session-file\=/Users/aadityasingh/Library/Developer/Xcode/DerivedData/ModuleCache.noindex/Session.modulevalidation -fmodules-validate-once-per-build-session -Wnon-modular-include-in-framework-module -Werror\=non-modular-include-in-framework-module -Wno-trigraphs -Wno-missing-field-initializers -Wno-missing-prototypes -Wno-return-type -Wno-implicit-atomic-properties -Wno-objc-interface-ivars -Wno-arc-repeated-use-of-weak -Wno-missing-braces -Wparentheses -Wswitch -Wno-unused-function -Wno-unused-label -Wno-unused-parameter -Wno-unused-variable -Wunused-value -Wno-empty-body -Wno-uninitialized -Wno-unknown-pragmas -w -Wno-shadow -Wno-four-char-constants -Wno-conversion -Wno-constant-conversion -Wno-int-conversion -Wno-bool-conversion -Wno-enum-conversion -Wno-float-conversion -Wno-non-literal-null-conversion -Wno-objc-literal-conversion -Wshorten-64-to-32 -Wpointer-sign -Wno-newline-eof -Wno-selector -Wno-strict-selector-match -Wno-undeclared-selector -Wno-deprecated-implementations -Wno-implicit-fallthrough -isysroot /Applications/Xcode.app/Contents/Developer/Platforms/iPhoneSimulator.platform/Developer/SDKs/iPhoneSimulator26.4.sdk -fstrict-aliasing -Wprotocol -Wdeprecated-declarations -Wno-sign-conversion -Wno-infinite-recursion -Wno-comma -Wno-block-capture-autoreleasing -Wno-strict-prototypes -Wno-semicolon-before-method-body -index-store-path /Users/aadityasingh/Library/Developer/Xcode/DerivedData/Chatlio-erkyzdeecsohoaggpwbjdvavzqfv/Index.noindex/DataStore @/Users/aadityasingh/Library/Developer/Xcode/DerivedData/Chatlio-erkyzdeecsohoaggpwbjdvavzqfv/Build/Intermediates.noindex/DTCoreText.build/Debug-iphonesimulator/DTCoreText.build/Objects-normal/arm64/e6072d4f65d7061329687fe24e3d63a7-common-args.resp -include /Users/aadityasingh/Library/Developer/Xcode/DerivedData/Chatlio-erkyzdeecsohoaggpwbjdvavzqfv/Build/Intermediates.noindex/DTCoreText.build/Debug-iphonesimulator/DTCoreText.build/DerivedSources/resource_bundle_accessor.h -MMD -MT dependencies -MF /Users/aadityasingh/Library/Developer/Xcode/DerivedData/Chatlio-erkyzdeecsohoaggpwbjdvavzqfv/Build/Intermediates.noindex/DTCoreText.build/Debug-iphonesimulator/DTCoreText.build/Objects-normal/arm64/NSAttributedString+DTDebug.d --serialize-diagnostics /Users/aadityasingh/Library/Developer/Xcode/DerivedData/Chatlio-erkyzdeecsohoaggpwbjdvavzqfv/Build/Intermediates.noindex/DTCoreText.build/Debug-iphonesimulator/DTCoreText.build/Objects-normal/arm64/NSAttributedString+DTDebug.dia -c /Users/aadityasingh/Library/Developer/Xcode/DerivedData/Chatlio-erkyzdeecsohoaggpwbjdvavzqfv/SourcePackages/checkouts/DTCoreText/Core/Source/NSAttributedString+DTDebug.m -o /Users/aadityasingh/Library/Developer/Xcode/DerivedData/Chatlio-erkyzdeecsohoaggpwbjdvavzqfv/Build/Intermediates.noindex/DTCoreText.build/Debug-iphonesimulator/DTCoreText.build/Objects-normal/arm64/NSAttributedString+DTDebug.o -index-unit-output-path /DTCoreText.build/Debug-iphonesimulator/DTCoreText.build/Objects-normal/arm64/NSAttributedString+DTDebug.o

ScanDependencies /Users/aadityasingh/Library/Developer/Xcode/DerivedData/Chatlio-erkyzdeecsohoaggpwbjdvavzqfv/Build/Intermediates.noindex/DTCoreText.build/Debug-iphonesimulator/DTCoreText.build/Objects-normal/arm64/NSAttributedString+DTCoreText.o /Users/aadityasingh/Library/Developer/Xcode/DerivedData/Chatlio-erkyzdeecsohoaggpwbjdvavzqfv/SourcePackages/checkouts/DTCoreText/Core/Source/NSAttributedString+DTCoreText.m normal arm64 objective-c com.apple.compilers.llvm.clang.1_0.compiler (in target 'DTCoreText' from project 'DTCoreText')
    cd /Users/aadityasingh/Documents/Development/element-x-ios/Chatlio.xcodeproj
    
    Using response file: /Users/aadityasingh/Library/Developer/Xcode/DerivedData/Chatlio-erkyzdeecsohoaggpwbjdvavzqfv/Build/Intermediates.noindex/DTCoreText.build/Debug-iphonesimulator/DTCoreText.build/Objects-normal/arm64/e6072d4f65d7061329687fe24e3d63a7-common-args.resp
    
    builtin-ScanDependencies -o /Users/aadityasingh/Library/Developer/Xcode/DerivedData/Chatlio-erkyzdeecsohoaggpwbjdvavzqfv/Build/Intermediates.noindex/DTCoreText.build/Debug-iphonesimulator/DTCoreText.build/Objects-normal/arm64/NSAttributedString+DTCoreText.o.scan -- /Applications/Xcode.app/Contents/Developer/Toolchains/XcodeDefault.xctoolchain/usr/bin/clang -x objective-c -ivfsstatcache /Users/aadityasingh/Library/Developer/Xcode/DerivedData/SDKStatCaches.noindex/iphonesimulator26.4-23E252-686eebb5dc1d8ecb277353a59184f4aa.sdkstatcache -target arm64-apple-ios12.0-simulator -fmessage-length\=0 -fdiagnostics-show-note-include-stack -fmacro-backtrace-limit\=0 -fno-color-diagnostics -fmodules-prune-interval\=86400 -fmodules-prune-after\=345600 -fbuild-session-file\=/Users/aadityasingh/Library/Developer/Xcode/DerivedData/ModuleCache.noindex/Session.modulevalidation -fmodules-validate-once-per-build-session -Wnon-modular-include-in-framework-module -Werror\=non-modular-include-in-framework-module -Wno-trigraphs -Wno-missing-field-initializers -Wno-missing-prototypes -Wno-return-type -Wno-implicit-atomic-properties -Wno-objc-interface-ivars -Wno-arc-repeated-use-of-weak -Wno-missing-braces -Wparentheses -Wswitch -Wno-unused-function -Wno-unused-label -Wno-unused-parameter -Wno-unused-variable -Wunused-value -Wno-empty-body -Wno-uninitialized -Wno-unknown-pragmas -w -Wno-shadow -Wno-four-char-constants -Wno-conversion -Wno-constant-conversion -Wno-int-conversion -Wno-bool-conversion -Wno-enum-conversion -Wno-float-conversion -Wno-non-literal-null-conversion -Wno-objc-literal-conversion -Wshorten-64-to-32 -Wpointer-sign -Wno-newline-eof -Wno-selector -Wno-strict-selector-match -Wno-undeclared-selector -Wno-deprecated-implementations -Wno-implicit-fallthrough -isysroot /Applications/Xcode.app/Contents/Developer/Platforms/iPhoneSimulator.platform/Developer/SDKs/iPhoneSimulator26.4.sdk -fstrict-aliasing -Wprotocol -Wdeprecated-declarations -Wno-sign-conversion -Wno-infinite-recursion -Wno-comma -Wno-block-capture-autoreleasing -Wno-strict-prototypes -Wno-semicolon-before-method-body -index-store-path /Users/aadityasingh/Library/Developer/Xcode/DerivedData/Chatlio-erkyzdeecsohoaggpwbjdvavzqfv/Index.noindex/DataStore @/Users/aadityasingh/Library/Developer/Xcode/DerivedData/Chatlio-erkyzdeecsohoaggpwbjdvavzqfv/Build/Intermediates.noindex/DTCoreText.build/Debug-iphonesimulator/DTCoreText.build/Objects-normal/arm64/e6072d4f65d7061329687fe24e3d63a7-common-args.resp -include /Users/aadityasingh/Library/Developer/Xcode/DerivedData/Chatlio-erkyzdeecsohoaggpwbjdvavzqfv/Build/Intermediates.noindex/DTCoreText.build/Debug-iphonesimulator/DTCoreText.build/DerivedSources/resource_bundle_accessor.h -MMD -MT dependencies -MF /Users/aadityasingh/Library/Developer/Xcode/DerivedData/Chatlio-erkyzdeecsohoaggpwbjdvavzqfv/Build/Intermediates.noindex/DTCoreText.build/Debug-iphonesimulator/DTCoreText.build/Objects-normal/arm64/NSAttributedString+DTCoreText.d --serialize-diagnostics /Users/aadityasingh/Library/Developer/Xcode/DerivedData/Chatlio-erkyzdeecsohoaggpwbjdvavzqfv/Build/Intermediates.noindex/DTCoreText.build/Debug-iphonesimulator/DTCoreText.build/Objects-normal/arm64/NSAttributedString+DTCoreText.dia -c /Users/aadityasingh/Library/Developer/Xcode/DerivedData/Chatlio-erkyzdeecsohoaggpwbjdvavzqfv/SourcePackages/checkouts/DTCoreText/Core/Source/NSAttributedString+DTCoreText.m -o /Users/aadityasingh/Library/Developer/Xcode/DerivedData/Chatlio-erkyzdeecsohoaggpwbjdvavzqfv/Build/Intermediates.noindex/DTCoreText.build/Debug-iphonesimulator/DTCoreText.build/Objects-normal/arm64/NSAttributedString+DTCoreText.o -index-unit-output-path /DTCoreText.build/Debug-iphonesimulator/DTCoreText.build/Objects-normal/arm64/NSAttributedString+DTCoreText.o

ScanDependencies /Users/aadityasingh/Library/Developer/Xcode/DerivedData/Chatlio-erkyzdeecsohoaggpwbjdvavzqfv/Build/Intermediates.noindex/DTCoreText.build/Debug-iphonesimulator/DTCoreText.build/Objects-normal/arm64/DTVideoTextAttachment.o /Users/aadityasingh/Library/Developer/Xcode/DerivedData/Chatlio-erkyzdeecsohoaggpwbjdvavzqfv/SourcePackages/checkouts/DTCoreText/Core/Source/DTVideoTextAttachment.m normal arm64 objective-c com.apple.compilers.llvm.clang.1_0.compiler (in target 'DTCoreText' from project 'DTCoreText')
    cd /Users/aadityasingh/Documents/Development/element-x-ios/Chatlio.xcodeproj
    
    Using response file: /Users/aadityasingh/Library/Developer/Xcode/DerivedData/Chatlio-erkyzdeecsohoaggpwbjdvavzqfv/Build/Intermediates.noindex/DTCoreText.build/Debug-iphonesimulator/DTCoreText.build/Objects-normal/arm64/e6072d4f65d7061329687fe24e3d63a7-common-args.resp
    
    builtin-ScanDependencies -o /Users/aadityasingh/Library/Developer/Xcode/DerivedData/Chatlio-erkyzdeecsohoaggpwbjdvavzqfv/Build/Intermediates.noindex/DTCoreText.build/Debug-iphonesimulator/DTCoreText.build/Objects-normal/arm64/DTVideoTextAttachment.o.scan -- /Applications/Xcode.app/Contents/Developer/Toolchains/XcodeDefault.xctoolchain/usr/bin/clang -x objective-c -ivfsstatcache /Users/aadityasingh/Library/Developer/Xcode/DerivedData/SDKStatCaches.noindex/iphonesimulator26.4-23E252-686eebb5dc1d8ecb277353a59184f4aa.sdkstatcache -target arm64-apple-ios12.0-simulator -fmessage-length\=0 -fdiagnostics-show-note-include-stack -fmacro-backtrace-limit\=0 -fno-color-diagnostics -fmodules-prune-interval\=86400 -fmodules-prune-after\=345600 -fbuild-session-file\=/Users/aadityasingh/Library/Developer/Xcode/DerivedData/ModuleCache.noindex/Session.modulevalidation -fmodules-validate-once-per-build-session -Wnon-modular-include-in-framework-module -Werror\=non-modular-include-in-framework-module -Wno-trigraphs -Wno-missing-field-initializers -Wno-missing-prototypes -Wno-return-type -Wno-implicit-atomic-properties -Wno-objc-interface-ivars -Wno-arc-repeated-use-of-weak -Wno-missing-braces -Wparentheses -Wswitch -Wno-unused-function -Wno-unused-label -Wno-unused-parameter -Wno-unused-variable -Wunused-value -Wno-empty-body -Wno-uninitialized -Wno-unknown-pragmas -w -Wno-shadow -Wno-four-char-constants -Wno-conversion -Wno-constant-conversion -Wno-int-conversion -Wno-bool-conversion -Wno-enum-conversion -Wno-float-conversion -Wno-non-literal-null-conversion -Wno-objc-literal-conversion -Wshorten-64-to-32 -Wpointer-sign -Wno-newline-eof -Wno-selector -Wno-strict-selector-match -Wno-undeclared-selector -Wno-deprecated-implementations -Wno-implicit-fallthrough -isysroot /Applications/Xcode.app/Contents/Developer/Platforms/iPhoneSimulator.platform/Developer/SDKs/iPhoneSimulator26.4.sdk -fstrict-aliasing -Wprotocol -Wdeprecated-declarations -Wno-sign-conversion -Wno-infinite-recursion -Wno-comma -Wno-block-capture-autoreleasing -Wno-strict-prototypes -Wno-semicolon-before-method-body -index-store-path /Users/aadityasingh/Library/Developer/Xcode/DerivedData/Chatlio-erkyzdeecsohoaggpwbjdvavzqfv/Index.noindex/DataStore @/Users/aadityasingh/Library/Developer/Xcode/DerivedData/Chatlio-erkyzdeecsohoaggpwbjdvavzqfv/Build/Intermediates.noindex/DTCoreText.build/Debug-iphonesimulator/DTCoreText.build/Objects-normal/arm64/e6072d4f65d7061329687fe24e3d63a7-common-args.resp -include /Users/aadityasingh/Library/Developer/Xcode/DerivedData/Chatlio-erkyzdeecsohoaggpwbjdvavzqfv/Build/Intermediates.noindex/DTCoreText.build/Debug-iphonesimulator/DTCoreText.build/DerivedSources/resource_bundle_accessor.h -MMD -MT dependencies -MF /Users/aadityasingh/Library/Developer/Xcode/DerivedData/Chatlio-erkyzdeecsohoaggpwbjdvavzqfv/Build/Intermediates.noindex/DTCoreText.build/Debug-iphonesimulator/DTCoreText.build/Objects-normal/arm64/DTVideoTextAttachment.d --serialize-diagnostics /Users/aadityasingh/Library/Developer/Xcode/DerivedData/Chatlio-erkyzdeecsohoaggpwbjdvavzqfv/Build/Intermediates.noindex/DTCoreText.build/Debug-iphonesimulator/DTCoreText.build/Objects-normal/arm64/DTVideoTextAttachment.dia -c /Users/aadityasingh/Library/Developer/Xcode/DerivedData/Chatlio-erkyzdeecsohoaggpwbjdvavzqfv/SourcePackages/checkouts/DTCoreText/Core/Source/DTVideoTextAttachment.m -o /Users/aadityasingh/Library/Developer/Xcode/DerivedData/Chatlio-erkyzdeecsohoaggpwbjdvavzqfv/Build/Intermediates.noindex/DTCoreText.build/Debug-iphonesimulator/DTCoreText.build/Objects-normal/arm64/DTVideoTextAttachment.o -index-unit-output-path /DTCoreText.build/Debug-iphonesimulator/DTCoreText.build/Objects-normal/arm64/DTVideoTextAttachment.o

PrecompileModule /Users/aadityasingh/Library/Developer/Xcode/DerivedData/Chatlio-erkyzdeecsohoaggpwbjdvavzqfv/Build/Intermediates.noindex/ExplicitPrecompiledModules/Metal-ZYVLMFMSXI346QUGW1VDYGMI.scan
    cd /
    builtin-precompileModule /Users/aadityasingh/Library/Developer/Xcode/DerivedData/Chatlio-erkyzdeecsohoaggpwbjdvavzqfv/Build/Intermediates.noindex/ExplicitPrecompiledModules/Metal-ZYVLMFMSXI346QUGW1VDYGMI.scan

ScanDependencies /Users/aadityasingh/Library/Developer/Xcode/DerivedData/Chatlio-erkyzdeecsohoaggpwbjdvavzqfv/Build/Intermediates.noindex/DTCoreText.build/Debug-iphonesimulator/DTCoreText.build/Objects-normal/arm64/DTTextHTMLElement.o /Users/aadityasingh/Library/Developer/Xcode/DerivedData/Chatlio-erkyzdeecsohoaggpwbjdvavzqfv/SourcePackages/checkouts/DTCoreText/Core/Source/DTTextHTMLElement.m normal arm64 objective-c com.apple.compilers.llvm.clang.1_0.compiler (in target 'DTCoreText' from project 'DTCoreText')
    cd /Users/aadityasingh/Documents/Development/element-x-ios/Chatlio.xcodeproj
    
    Using response file: /Users/aadityasingh/Library/Developer/Xcode/DerivedData/Chatlio-erkyzdeecsohoaggpwbjdvavzqfv/Build/Intermediates.noindex/DTCoreText.build/Debug-iphonesimulator/DTCoreText.build/Objects-normal/arm64/e6072d4f65d7061329687fe24e3d63a7-common-args.resp
    
    builtin-ScanDependencies -o /Users/aadityasingh/Library/Developer/Xcode/DerivedData/Chatlio-erkyzdeecsohoaggpwbjdvavzqfv/Build/Intermediates.noindex/DTCoreText.build/Debug-iphonesimulator/DTCoreText.build/Objects-normal/arm64/DTTextHTMLElement.o.scan -- /Applications/Xcode.app/Contents/Developer/Toolchains/XcodeDefault.xctoolchain/usr/bin/clang -x objective-c -ivfsstatcache /Users/aadityasingh/Library/Developer/Xcode/DerivedData/SDKStatCaches.noindex/iphonesimulator26.4-23E252-686eebb5dc1d8ecb277353a59184f4aa.sdkstatcache -target arm64-apple-ios12.0-simulator -fmessage-length\=0 -fdiagnostics-show-note-include-stack -fmacro-backtrace-limit\=0 -fno-color-diagnostics -fmodules-prune-interval\=86400 -fmodules-prune-after\=345600 -fbuild-session-file\=/Users/aadityasingh/Library/Developer/Xcode/DerivedData/ModuleCache.noindex/Session.modulevalidation -fmodules-validate-once-per-build-session -Wnon-modular-include-in-framework-module -Werror\=non-modular-include-in-framework-module -Wno-trigraphs -Wno-missing-field-initializers -Wno-missing-prototypes -Wno-return-type -Wno-implicit-atomic-properties -Wno-objc-interface-ivars -Wno-arc-repeated-use-of-weak -Wno-missing-braces -Wparentheses -Wswitch -Wno-unused-function -Wno-unused-label -Wno-unused-parameter -Wno-unused-variable -Wunused-value -Wno-empty-body -Wno-uninitialized -Wno-unknown-pragmas -w -Wno-shadow -Wno-four-char-constants -Wno-conversion -Wno-constant-conversion -Wno-int-conversion -Wno-bool-conversion -Wno-enum-conversion -Wno-float-conversion -Wno-non-literal-null-conversion -Wno-objc-literal-conversion -Wshorten-64-to-32 -Wpointer-sign -Wno-newline-eof -Wno-selector -Wno-strict-selector-match -Wno-undeclared-selector -Wno-deprecated-implementations -Wno-implicit-fallthrough -isysroot /Applications/Xcode.app/Contents/Developer/Platforms/iPhoneSimulator.platform/Developer/SDKs/iPhoneSimulator26.4.sdk -fstrict-aliasing -Wprotocol -Wdeprecated-declarations -Wno-sign-conversion -Wno-infinite-recursion -Wno-comma -Wno-block-capture-autoreleasing -Wno-strict-prototypes -Wno-semicolon-before-method-body -index-store-path /Users/aadityasingh/Library/Developer/Xcode/DerivedData/Chatlio-erkyzdeecsohoaggpwbjdvavzqfv/Index.noindex/DataStore @/Users/aadityasingh/Library/Developer/Xcode/DerivedData/Chatlio-erkyzdeecsohoaggpwbjdvavzqfv/Build/Intermediates.noindex/DTCoreText.build/Debug-iphonesimulator/DTCoreText.build/Objects-normal/arm64/e6072d4f65d7061329687fe24e3d63a7-common-args.resp -include /Users/aadityasingh/Library/Developer/Xcode/DerivedData/Chatlio-erkyzdeecsohoaggpwbjdvavzqfv/Build/Intermediates.noindex/DTCoreText.build/Debug-iphonesimulator/DTCoreText.build/DerivedSources/resource_bundle_accessor.h -MMD -MT dependencies -MF /Users/aadityasingh/Library/Developer/Xcode/DerivedData/Chatlio-erkyzdeecsohoaggpwbjdvavzqfv/Build/Intermediates.noindex/DTCoreText.build/Debug-iphonesimulator/DTCoreText.build/Objects-normal/arm64/DTTextHTMLElement.d --serialize-diagnostics /Users/aadityasingh/Library/Developer/Xcode/DerivedData/Chatlio-erkyzdeecsohoaggpwbjdvavzqfv/Build/Intermediates.noindex/DTCoreText.build/Debug-iphonesimulator/DTCoreText.build/Objects-normal/arm64/DTTextHTMLElement.dia -c /Users/aadityasingh/Library/Developer/Xcode/DerivedData/Chatlio-erkyzdeecsohoaggpwbjdvavzqfv/SourcePackages/checkouts/DTCoreText/Core/Source/DTTextHTMLElement.m -o /Users/aadityasingh/Library/Developer/Xcode/DerivedData/Chatlio-erkyzdeecsohoaggpwbjdvavzqfv/Build/Intermediates.noindex/DTCoreText.build/Debug-iphonesimulator/DTCoreText.build/Objects-normal/arm64/DTTextHTMLElement.o -index-unit-output-path /DTCoreText.build/Debug-iphonesimulator/DTCoreText.build/Objects-normal/arm64/DTTextHTMLElement.o

CompileC /Users/aadityasingh/Library/Developer/Xcode/DerivedData/Chatlio-erkyzdeecsohoaggpwbjdvavzqfv/Build/Intermediates.noindex/DTCoreText.build/Debug-iphonesimulator/DTCoreText.build/Objects-normal/arm64/NSAttributedString+DTDebug.o /Users/aadityasingh/Library/Developer/Xcode/DerivedData/Chatlio-erkyzdeecsohoaggpwbjdvavzqfv/SourcePackages/checkouts/DTCoreText/Core/Source/NSAttributedString+DTDebug.m normal arm64 objective-c com.apple.compilers.llvm.clang.1_0.compiler (in target 'DTCoreText' from project 'DTCoreText')
    cd /Users/aadityasingh/Documents/Development/element-x-ios/Chatlio.xcodeproj
    
    Using response file: /Users/aadityasingh/Library/Developer/Xcode/DerivedData/Chatlio-erkyzdeecsohoaggpwbjdvavzqfv/Build/Intermediates.noindex/DTCoreText.build/Debug-iphonesimulator/DTCoreText.build/Objects-normal/arm64/e6072d4f65d7061329687fe24e3d63a7-common-args.resp
    
    /Applications/Xcode.app/Contents/Developer/Toolchains/XcodeDefault.xctoolchain/usr/bin/clang -x objective-c -ivfsstatcache /Users/aadityasingh/Library/Developer/Xcode/DerivedData/SDKStatCaches.noindex/iphonesimulator26.4-23E252-686eebb5dc1d8ecb277353a59184f4aa.sdkstatcache -target arm64-apple-ios12.0-simulator -fmessage-length\=0 -fdiagnostics-show-note-include-stack -fmacro-backtrace-limit\=0 -fno-color-diagnostics -fmodules-prune-interval\=86400 -fmodules-prune-after\=345600 -fbuild-session-file\=/Users/aadityasingh/Library/Developer/Xcode/DerivedData/ModuleCache.noindex/Session.modulevalidation -fmodules-validate-once-per-build-session -Wnon-modular-include-in-framework-module -Werror\=non-modular-include-in-framework-module -Wno-trigraphs -Wno-missing-field-initializers -Wno-missing-prototypes -Wno-return-type -Wno-implicit-atomic-properties -Wno-objc-interface-ivars -Wno-arc-repeated-use-of-weak -Wno-missing-braces -Wparentheses -Wswitch -Wno-unused-function -Wno-unused-label -Wno-unused-parameter -Wno-unused-variable -Wunused-value -Wno-empty-body -Wno-uninitialized -Wno-unknown-pragmas -w -Wno-shadow -Wno-four-char-constants -Wno-conversion -Wno-constant-conversion -Wno-int-conversion -Wno-bool-conversion -Wno-enum-conversion -Wno-float-conversion -Wno-non-literal-null-conversion -Wno-objc-literal-conversion -Wshorten-64-to-32 -Wpointer-sign -Wno-newline-eof -Wno-selector -Wno-strict-selector-match -Wno-undeclared-selector -Wno-deprecated-implementations -Wno-implicit-fallthrough -isysroot /Applications/Xcode.app/Contents/Developer/Platforms/iPhoneSimulator.platform/Developer/SDKs/iPhoneSimulator26.4.sdk -fstrict-aliasing -Wprotocol -Wdeprecated-declarations -Wno-sign-conversion -Wno-infinite-recursion -Wno-comma -Wno-block-capture-autoreleasing -Wno-strict-prototypes -Wno-semicolon-before-method-body -index-store-path /Users/aadityasingh/Library/Developer/Xcode/DerivedData/Chatlio-erkyzdeecsohoaggpwbjdvavzqfv/Index.noindex/DataStore @/Users/aadityasingh/Library/Developer/Xcode/DerivedData/Chatlio-erkyzdeecsohoaggpwbjdvavzqfv/Build/Intermediates.noindex/DTCoreText.build/Debug-iphonesimulator/DTCoreText.build/Objects-normal/arm64/e6072d4f65d7061329687fe24e3d63a7-common-args.resp -include /Users/aadityasingh/Library/Developer/Xcode/DerivedData/Chatlio-erkyzdeecsohoaggpwbjdvavzqfv/Build/Intermediates.noindex/DTCoreText.build/Debug-iphonesimulator/DTCoreText.build/DerivedSources/resource_bundle_accessor.h -MMD -MT dependencies -MF /Users/aadityasingh/Library/Developer/Xcode/DerivedData/Chatlio-erkyzdeecsohoaggpwbjdvavzqfv/Build/Intermediates.noindex/DTCoreText.build/Debug-iphonesimulator/DTCoreText.build/Objects-normal/arm64/NSAttributedString+DTDebug.d --serialize-diagnostics /Users/aadityasingh/Library/Developer/Xcode/DerivedData/Chatlio-erkyzdeecsohoaggpwbjdvavzqfv/Build/Intermediates.noindex/DTCoreText.build/Debug-iphonesimulator/DTCoreText.build/Objects-normal/arm64/NSAttributedString+DTDebug.dia -c /Users/aadityasingh/Library/Developer/Xcode/DerivedData/Chatlio-erkyzdeecsohoaggpwbjdvavzqfv/SourcePackages/checkouts/DTCoreText/Core/Source/NSAttributedString+DTDebug.m -o /Users/aadityasingh/Library/Developer/Xcode/DerivedData/Chatlio-erkyzdeecsohoaggpwbjdvavzqfv/Build/Intermediates.noindex/DTCoreText.build/Debug-iphonesimulator/DTCoreText.build/Objects-normal/arm64/NSAttributedString+DTDebug.o -index-unit-output-path /DTCoreText.build/Debug-iphonesimulator/DTCoreText.build/Objects-normal/arm64/NSAttributedString+DTDebug.o

ScanDependencies /Users/aadityasingh/Library/Developer/Xcode/DerivedData/Chatlio-erkyzdeecsohoaggpwbjdvavzqfv/Build/Intermediates.noindex/DTCoreText.build/Debug-iphonesimulator/DTCoreText.build/Objects-normal/arm64/DTTextBlock.o /Users/aadityasingh/Library/Developer/Xcode/DerivedData/Chatlio-erkyzdeecsohoaggpwbjdvavzqfv/SourcePackages/checkouts/DTCoreText/Core/Source/DTTextBlock.m normal arm64 objective-c com.apple.compilers.llvm.clang.1_0.compiler (in target 'DTCoreText' from project 'DTCoreText')
    cd /Users/aadityasingh/Documents/Development/element-x-ios/Chatlio.xcodeproj
    
    Using response file: /Users/aadityasingh/Library/Developer/Xcode/DerivedData/Chatlio-erkyzdeecsohoaggpwbjdvavzqfv/Build/Intermediates.noindex/DTCoreText.build/Debug-iphonesimulator/DTCoreText.build/Objects-normal/arm64/e6072d4f65d7061329687fe24e3d63a7-common-args.resp
    
    builtin-ScanDependencies -o /Users/aadityasingh/Library/Developer/Xcode/DerivedData/Chatlio-erkyzdeecsohoaggpwbjdvavzqfv/Build/Intermediates.noindex/DTCoreText.build/Debug-iphonesimulator/DTCoreText.build/Objects-normal/arm64/DTTextBlock.o.scan -- /Applications/Xcode.app/Contents/Developer/Toolchains/XcodeDefault.xctoolchain/usr/bin/clang -x objective-c -ivfsstatcache /Users/aadityasingh/Library/Developer/Xcode/DerivedData/SDKStatCaches.noindex/iphonesimulator26.4-23E252-686eebb5dc1d8ecb277353a59184f4aa.sdkstatcache -target arm64-apple-ios12.0-simulator -fmessage-length\=0 -fdiagnostics-show-note-include-stack -fmacro-backtrace-limit\=0 -fno-color-diagnostics -fmodules-prune-interval\=86400 -fmodules-prune-after\=345600 -fbuild-session-file\=/Users/aadityasingh/Library/Developer/Xcode/DerivedData/ModuleCache.noindex/Session.modulevalidation -fmodules-validate-once-per-build-session -Wnon-modular-include-in-framework-module -Werror\=non-modular-include-in-framework-module -Wno-trigraphs -Wno-missing-field-initializers -Wno-missing-prototypes -Wno-return-type -Wno-implicit-atomic-properties -Wno-objc-interface-ivars -Wno-arc-repeated-use-of-weak -Wno-missing-braces -Wparentheses -Wswitch -Wno-unused-function -Wno-unused-label -Wno-unused-parameter -Wno-unused-variable -Wunused-value -Wno-empty-body -Wno-uninitialized -Wno-unknown-pragmas -w -Wno-shadow -Wno-four-char-constants -Wno-conversion -Wno-constant-conversion -Wno-int-conversion -Wno-bool-conversion -Wno-enum-conversion -Wno-float-conversion -Wno-non-literal-null-conversion -Wno-objc-literal-conversion -Wshorten-64-to-32 -Wpointer-sign -Wno-newline-eof -Wno-selector -Wno-strict-selector-match -Wno-undeclared-selector -Wno-deprecated-implementations -Wno-implicit-fallthrough -isysroot /Applications/Xcode.app/Contents/Developer/Platforms/iPhoneSimulator.platform/Developer/SDKs/iPhoneSimulator26.4.sdk -fstrict-aliasing -Wprotocol -Wdeprecated-declarations -Wno-sign-conversion -Wno-infinite-recursion -Wno-comma -Wno-block-capture-autoreleasing -Wno-strict-prototypes -Wno-semicolon-before-method-body -index-store-path /Users/aadityasingh/Library/Developer/Xcode/DerivedData/Chatlio-erkyzdeecsohoaggpwbjdvavzqfv/Index.noindex/DataStore @/Users/aadityasingh/Library/Developer/Xcode/DerivedData/Chatlio-erkyzdeecsohoaggpwbjdvavzqfv/Build/Intermediates.noindex/DTCoreText.build/Debug-iphonesimulator/DTCoreText.build/Objects-normal/arm64/e6072d4f65d7061329687fe24e3d63a7-common-args.resp -include /Users/aadityasingh/Library/Developer/Xcode/DerivedData/Chatlio-erkyzdeecsohoaggpwbjdvavzqfv/Build/Intermediates.noindex/DTCoreText.build/Debug-iphonesimulator/DTCoreText.build/DerivedSources/resource_bundle_accessor.h -MMD -MT dependencies -MF /Users/aadityasingh/Library/Developer/Xcode/DerivedData/Chatlio-erkyzdeecsohoaggpwbjdvavzqfv/Build/Intermediates.noindex/DTCoreText.build/Debug-iphonesimulator/DTCoreText.build/Objects-normal/arm64/DTTextBlock.d --serialize-diagnostics /Users/aadityasingh/Library/Developer/Xcode/DerivedData/Chatlio-erkyzdeecsohoaggpwbjdvavzqfv/Build/Intermediates.noindex/DTCoreText.build/Debug-iphonesimulator/DTCoreText.build/Objects-normal/arm64/DTTextBlock.dia -c /Users/aadityasingh/Library/Developer/Xcode/DerivedData/Chatlio-erkyzdeecsohoaggpwbjdvavzqfv/SourcePackages/checkouts/DTCoreText/Core/Source/DTTextBlock.m -o /Users/aadityasingh/Library/Developer/Xcode/DerivedData/Chatlio-erkyzdeecsohoaggpwbjdvavzqfv/Build/Intermediates.noindex/DTCoreText.build/Debug-iphonesimulator/DTCoreText.build/Objects-normal/arm64/DTTextBlock.o -index-unit-output-path /DTCoreText.build/Debug-iphonesimulator/DTCoreText.build/Objects-normal/arm64/DTTextBlock.o

CreateUniversalBinary /Users/aadityasingh/Library/Developer/Xcode/DerivedData/Chatlio-erkyzdeecsohoaggpwbjdvavzqfv/Build/Products/Debug-iphonesimulator/DTFoundation.o normal arm64\ x86_64 (in target 'DTFoundation' from project 'DTFoundation')
    cd /Users/aadityasingh/Library/Developer/Xcode/DerivedData/Chatlio-erkyzdeecsohoaggpwbjdvavzqfv/SourcePackages/checkouts/DTFoundation
    /Applications/Xcode.app/Contents/Developer/Toolchains/XcodeDefault.xctoolchain/usr/bin/lipo -create /Users/aadityasingh/Library/Developer/Xcode/DerivedData/Chatlio-erkyzdeecsohoaggpwbjdvavzqfv/Build/Intermediates.noindex/DTFoundation.build/Debug-iphonesimulator/DTFoundation.build/Objects-normal/arm64/Binary/DTFoundation.o /Users/aadityasingh/Library/Developer/Xcode/DerivedData/Chatlio-erkyzdeecsohoaggpwbjdvavzqfv/Build/Intermediates.noindex/DTFoundation.build/Debug-iphonesimulator/DTFoundation.build/Objects-normal/x86_64/Binary/DTFoundation.o -output /Users/aadityasingh/Library/Developer/Xcode/DerivedData/Chatlio-erkyzdeecsohoaggpwbjdvavzqfv/Build/Products/Debug-iphonesimulator/DTFoundation.o

ScanDependencies /Users/aadityasingh/Library/Developer/Xcode/DerivedData/Chatlio-erkyzdeecsohoaggpwbjdvavzqfv/Build/Intermediates.noindex/DTCoreText.build/Debug-iphonesimulator/DTCoreText.build/Objects-normal/arm64/DTTextAttachmentHTMLElement.o /Users/aadityasingh/Library/Developer/Xcode/DerivedData/Chatlio-erkyzdeecsohoaggpwbjdvavzqfv/SourcePackages/checkouts/DTCoreText/Core/Source/DTTextAttachmentHTMLElement.m normal arm64 objective-c com.apple.compilers.llvm.clang.1_0.compiler (in target 'DTCoreText' from project 'DTCoreText')
    cd /Users/aadityasingh/Documents/Development/element-x-ios/Chatlio.xcodeproj
    
    Using response file: /Users/aadityasingh/Library/Developer/Xcode/DerivedData/Chatlio-erkyzdeecsohoaggpwbjdvavzqfv/Build/Intermediates.noindex/DTCoreText.build/Debug-iphonesimulator/DTCoreText.build/Objects-normal/arm64/e6072d4f65d7061329687fe24e3d63a7-common-args.resp
    
    builtin-ScanDependencies -o /Users/aadityasingh/Library/Developer/Xcode/DerivedData/Chatlio-erkyzdeecsohoaggpwbjdvavzqfv/Build/Intermediates.noindex/DTCoreText.build/Debug-iphonesimulator/DTCoreText.build/Objects-normal/arm64/DTTextAttachmentHTMLElement.o.scan -- /Applications/Xcode.app/Contents/Developer/Toolchains/XcodeDefault.xctoolchain/usr/bin/clang -x objective-c -ivfsstatcache /Users/aadityasingh/Library/Developer/Xcode/DerivedData/SDKStatCaches.noindex/iphonesimulator26.4-23E252-686eebb5dc1d8ecb277353a59184f4aa.sdkstatcache -target arm64-apple-ios12.0-simulator -fmessage-length\=0 -fdiagnostics-show-note-include-stack -fmacro-backtrace-limit\=0 -fno-color-diagnostics -fmodules-prune-interval\=86400 -fmodules-prune-after\=345600 -fbuild-session-file\=/Users/aadityasingh/Library/Developer/Xcode/DerivedData/ModuleCache.noindex/Session.modulevalidation -fmodules-validate-once-per-build-session -Wnon-modular-include-in-framework-module -Werror\=non-modular-include-in-framework-module -Wno-trigraphs -Wno-missing-field-initializers -Wno-missing-prototypes -Wno-return-type -Wno-implicit-atomic-properties -Wno-objc-interface-ivars -Wno-arc-repeated-use-of-weak -Wno-missing-braces -Wparentheses -Wswitch -Wno-unused-function -Wno-unused-label -Wno-unused-parameter -Wno-unused-variable -Wunused-value -Wno-empty-body -Wno-uninitialized -Wno-unknown-pragmas -w -Wno-shadow -Wno-four-char-constants -Wno-conversion -Wno-constant-conversion -Wno-int-conversion -Wno-bool-conversion -Wno-enum-conversion -Wno-float-conversion -Wno-non-literal-null-conversion -Wno-objc-literal-conversion -Wshorten-64-to-32 -Wpointer-sign -Wno-newline-eof -Wno-selector -Wno-strict-selector-match -Wno-undeclared-selector -Wno-deprecated-implementations -Wno-implicit-fallthrough -isysroot /Applications/Xcode.app/Contents/Developer/Platforms/iPhoneSimulator.platform/Developer/SDKs/iPhoneSimulator26.4.sdk -fstrict-aliasing -Wprotocol -Wdeprecated-declarations -Wno-sign-conversion -Wno-infinite-recursion -Wno-comma -Wno-block-capture-autoreleasing -Wno-strict-prototypes -Wno-semicolon-before-method-body -index-store-path /Users/aadityasingh/Library/Developer/Xcode/DerivedData/Chatlio-erkyzdeecsohoaggpwbjdvavzqfv/Index.noindex/DataStore @/Users/aadityasingh/Library/Developer/Xcode/DerivedData/Chatlio-erkyzdeecsohoaggpwbjdvavzqfv/Build/Intermediates.noindex/DTCoreText.build/Debug-iphonesimulator/DTCoreText.build/Objects-normal/arm64/e6072d4f65d7061329687fe24e3d63a7-common-args.resp -include /Users/aadityasingh/Library/Developer/Xcode/DerivedData/Chatlio-erkyzdeecsohoaggpwbjdvavzqfv/Build/Intermediates.noindex/DTCoreText.build/Debug-iphonesimulator/DTCoreText.build/DerivedSources/resource_bundle_accessor.h -MMD -MT dependencies -MF /Users/aadityasingh/Library/Developer/Xcode/DerivedData/Chatlio-erkyzdeecsohoaggpwbjdvavzqfv/Build/Intermediates.noindex/DTCoreText.build/Debug-iphonesimulator/DTCoreText.build/Objects-normal/arm64/DTTextAttachmentHTMLElement.d --serialize-diagnostics /Users/aadityasingh/Library/Developer/Xcode/DerivedData/Chatlio-erkyzdeecsohoaggpwbjdvavzqfv/Build/Intermediates.noindex/DTCoreText.build/Debug-iphonesimulator/DTCoreText.build/Objects-normal/arm64/DTTextAttachmentHTMLElement.dia -c /Users/aadityasingh/Library/Developer/Xcode/DerivedData/Chatlio-erkyzdeecsohoaggpwbjdvavzqfv/SourcePackages/checkouts/DTCoreText/Core/Source/DTTextAttachmentHTMLElement.m -o /Users/aadityasingh/Library/Developer/Xcode/DerivedData/Chatlio-erkyzdeecsohoaggpwbjdvavzqfv/Build/Intermediates.noindex/DTCoreText.build/Debug-iphonesimulator/DTCoreText.build/Objects-normal/arm64/DTTextAttachmentHTMLElement.o -index-unit-output-path /DTCoreText.build/Debug-iphonesimulator/DTCoreText.build/Objects-normal/arm64/DTTextAttachmentHTMLElement.o

PrecompileModule /Users/aadityasingh/Library/Developer/Xcode/DerivedData/Chatlio-erkyzdeecsohoaggpwbjdvavzqfv/Build/Intermediates.noindex/ExplicitPrecompiledModules/Metal-CR0K8W9T7DR845PAN4NN2G3UK.scan
    cd /
    builtin-precompileModule /Users/aadityasingh/Library/Developer/Xcode/DerivedData/Chatlio-erkyzdeecsohoaggpwbjdvavzqfv/Build/Intermediates.noindex/ExplicitPrecompiledModules/Metal-CR0K8W9T7DR845PAN4NN2G3UK.scan

ScanDependencies /Users/aadityasingh/Library/Developer/Xcode/DerivedData/Chatlio-erkyzdeecsohoaggpwbjdvavzqfv/Build/Intermediates.noindex/DTCoreText.build/Debug-iphonesimulator/DTCoreText.build/Objects-normal/arm64/DTTextAttachment.o /Users/aadityasingh/Library/Developer/Xcode/DerivedData/Chatlio-erkyzdeecsohoaggpwbjdvavzqfv/SourcePackages/checkouts/DTCoreText/Core/Source/DTTextAttachment.m normal arm64 objective-c com.apple.compilers.llvm.clang.1_0.compiler (in target 'DTCoreText' from project 'DTCoreText')
    cd /Users/aadityasingh/Documents/Development/element-x-ios/Chatlio.xcodeproj
    
    Using response file: /Users/aadityasingh/Library/Developer/Xcode/DerivedData/Chatlio-erkyzdeecsohoaggpwbjdvavzqfv/Build/Intermediates.noindex/DTCoreText.build/Debug-iphonesimulator/DTCoreText.build/Objects-normal/arm64/e6072d4f65d7061329687fe24e3d63a7-common-args.resp
    
    builtin-ScanDependencies -o /Users/aadityasingh/Library/Developer/Xcode/DerivedData/Chatlio-erkyzdeecsohoaggpwbjdvavzqfv/Build/Intermediates.noindex/DTCoreText.build/Debug-iphonesimulator/DTCoreText.build/Objects-normal/arm64/DTTextAttachment.o.scan -- /Applications/Xcode.app/Contents/Developer/Toolchains/XcodeDefault.xctoolchain/usr/bin/clang -x objective-c -ivfsstatcache /Users/aadityasingh/Library/Developer/Xcode/DerivedData/SDKStatCaches.noindex/iphonesimulator26.4-23E252-686eebb5dc1d8ecb277353a59184f4aa.sdkstatcache -target arm64-apple-ios12.0-simulator -fmessage-length\=0 -fdiagnostics-show-note-include-stack -fmacro-backtrace-limit\=0 -fno-color-diagnostics -fmodules-prune-interval\=86400 -fmodules-prune-after\=345600 -fbuild-session-file\=/Users/aadityasingh/Library/Developer/Xcode/DerivedData/ModuleCache.noindex/Session.modulevalidation -fmodules-validate-once-per-build-session -Wnon-modular-include-in-framework-module -Werror\=non-modular-include-in-framework-module -Wno-trigraphs -Wno-missing-field-initializers -Wno-missing-prototypes -Wno-return-type -Wno-implicit-atomic-properties -Wno-objc-interface-ivars -Wno-arc-repeated-use-of-weak -Wno-missing-braces -Wparentheses -Wswitch -Wno-unused-function -Wno-unused-label -Wno-unused-parameter -Wno-unused-variable -Wunused-value -Wno-empty-body -Wno-uninitialized -Wno-unknown-pragmas -w -Wno-shadow -Wno-four-char-constants -Wno-conversion -Wno-constant-conversion -Wno-int-conversion -Wno-bool-conversion -Wno-enum-conversion -Wno-float-conversion -Wno-non-literal-null-conversion -Wno-objc-literal-conversion -Wshorten-64-to-32 -Wpointer-sign -Wno-newline-eof -Wno-selector -Wno-strict-selector-match -Wno-undeclared-selector -Wno-deprecated-implementations -Wno-implicit-fallthrough -isysroot /Applications/Xcode.app/Contents/Developer/Platforms/iPhoneSimulator.platform/Developer/SDKs/iPhoneSimulator26.4.sdk -fstrict-aliasing -Wprotocol -Wdeprecated-declarations -Wno-sign-conversion -Wno-infinite-recursion -Wno-comma -Wno-block-capture-autoreleasing -Wno-strict-prototypes -Wno-semicolon-before-method-body -index-store-path /Users/aadityasingh/Library/Developer/Xcode/DerivedData/Chatlio-erkyzdeecsohoaggpwbjdvavzqfv/Index.noindex/DataStore @/Users/aadityasingh/Library/Developer/Xcode/DerivedData/Chatlio-erkyzdeecsohoaggpwbjdvavzqfv/Build/Intermediates.noindex/DTCoreText.build/Debug-iphonesimulator/DTCoreText.build/Objects-normal/arm64/e6072d4f65d7061329687fe24e3d63a7-common-args.resp -include /Users/aadityasingh/Library/Developer/Xcode/DerivedData/Chatlio-erkyzdeecsohoaggpwbjdvavzqfv/Build/Intermediates.noindex/DTCoreText.build/Debug-iphonesimulator/DTCoreText.build/DerivedSources/resource_bundle_accessor.h -MMD -MT dependencies -MF /Users/aadityasingh/Library/Developer/Xcode/DerivedData/Chatlio-erkyzdeecsohoaggpwbjdvavzqfv/Build/Intermediates.noindex/DTCoreText.build/Debug-iphonesimulator/DTCoreText.build/Objects-normal/arm64/DTTextAttachment.d --serialize-diagnostics /Users/aadityasingh/Library/Developer/Xcode/DerivedData/Chatlio-erkyzdeecsohoaggpwbjdvavzqfv/Build/Intermediates.noindex/DTCoreText.build/Debug-iphonesimulator/DTCoreText.build/Objects-normal/arm64/DTTextAttachment.dia -c /Users/aadityasingh/Library/Developer/Xcode/DerivedData/Chatlio-erkyzdeecsohoaggpwbjdvavzqfv/SourcePackages/checkouts/DTCoreText/Core/Source/DTTextAttachment.m -o /Users/aadityasingh/Library/Developer/Xcode/DerivedData/Chatlio-erkyzdeecsohoaggpwbjdvavzqfv/Build/Intermediates.noindex/DTCoreText.build/Debug-iphonesimulator/DTCoreText.build/Objects-normal/arm64/DTTextAttachment.o -index-unit-output-path /DTCoreText.build/Debug-iphonesimulator/DTCoreText.build/Objects-normal/arm64/DTTextAttachment.o

ScanDependencies /Users/aadityasingh/Library/Developer/Xcode/DerivedData/Chatlio-erkyzdeecsohoaggpwbjdvavzqfv/Build/Intermediates.noindex/DTCoreText.build/Debug-iphonesimulator/DTCoreText.build/Objects-normal/arm64/DTStylesheetHTMLElement.o /Users/aadityasingh/Library/Developer/Xcode/DerivedData/Chatlio-erkyzdeecsohoaggpwbjdvavzqfv/SourcePackages/checkouts/DTCoreText/Core/Source/DTStylesheetHTMLElement.m normal arm64 objective-c com.apple.compilers.llvm.clang.1_0.compiler (in target 'DTCoreText' from project 'DTCoreText')
    cd /Users/aadityasingh/Documents/Development/element-x-ios/Chatlio.xcodeproj
    
    Using response file: /Users/aadityasingh/Library/Developer/Xcode/DerivedData/Chatlio-erkyzdeecsohoaggpwbjdvavzqfv/Build/Intermediates.noindex/DTCoreText.build/Debug-iphonesimulator/DTCoreText.build/Objects-normal/arm64/e6072d4f65d7061329687fe24e3d63a7-common-args.resp
    
    builtin-ScanDependencies -o /Users/aadityasingh/Library/Developer/Xcode/DerivedData/Chatlio-erkyzdeecsohoaggpwbjdvavzqfv/Build/Intermediates.noindex/DTCoreText.build/Debug-iphonesimulator/DTCoreText.build/Objects-normal/arm64/DTStylesheetHTMLElement.o.scan -- /Applications/Xcode.app/Contents/Developer/Toolchains/XcodeDefault.xctoolchain/usr/bin/clang -x objective-c -ivfsstatcache /Users/aadityasingh/Library/Developer/Xcode/DerivedData/SDKStatCaches.noindex/iphonesimulator26.4-23E252-686eebb5dc1d8ecb277353a59184f4aa.sdkstatcache -target arm64-apple-ios12.0-simulator -fmessage-length\=0 -fdiagnostics-show-note-include-stack -fmacro-backtrace-limit\=0 -fno-color-diagnostics -fmodules-prune-interval\=86400 -fmodules-prune-after\=345600 -fbuild-session-file\=/Users/aadityasingh/Library/Developer/Xcode/DerivedData/ModuleCache.noindex/Session.modulevalidation -fmodules-validate-once-per-build-session -Wnon-modular-include-in-framework-module -Werror\=non-modular-include-in-framework-module -Wno-trigraphs -Wno-missing-field-initializers -Wno-missing-prototypes -Wno-return-type -Wno-implicit-atomic-properties -Wno-objc-interface-ivars -Wno-arc-repeated-use-of-weak -Wno-missing-braces -Wparentheses -Wswitch -Wno-unused-function -Wno-unused-label -Wno-unused-parameter -Wno-unused-variable -Wunused-value -Wno-empty-body -Wno-uninitialized -Wno-unknown-pragmas -w -Wno-shadow -Wno-four-char-constants -Wno-conversion -Wno-constant-conversion -Wno-int-conversion -Wno-bool-conversion -Wno-enum-conversion -Wno-float-conversion -Wno-non-literal-null-conversion -Wno-objc-literal-conversion -Wshorten-64-to-32 -Wpointer-sign -Wno-newline-eof -Wno-selector -Wno-strict-selector-match -Wno-undeclared-selector -Wno-deprecated-implementations -Wno-implicit-fallthrough -isysroot /Applications/Xcode.app/Contents/Developer/Platforms/iPhoneSimulator.platform/Developer/SDKs/iPhoneSimulator26.4.sdk -fstrict-aliasing -Wprotocol -Wdeprecated-declarations -Wno-sign-conversion -Wno-infinite-recursion -Wno-comma -Wno-block-capture-autoreleasing -Wno-strict-prototypes -Wno-semicolon-before-method-body -index-store-path /Users/aadityasingh/Library/Developer/Xcode/DerivedData/Chatlio-erkyzdeecsohoaggpwbjdvavzqfv/Index.noindex/DataStore @/Users/aadityasingh/Library/Developer/Xcode/DerivedData/Chatlio-erkyzdeecsohoaggpwbjdvavzqfv/Build/Intermediates.noindex/DTCoreText.build/Debug-iphonesimulator/DTCoreText.build/Objects-normal/arm64/e6072d4f65d7061329687fe24e3d63a7-common-args.resp -include /Users/aadityasingh/Library/Developer/Xcode/DerivedData/Chatlio-erkyzdeecsohoaggpwbjdvavzqfv/Build/Intermediates.noindex/DTCoreText.build/Debug-iphonesimulator/DTCoreText.build/DerivedSources/resource_bundle_accessor.h -MMD -MT dependencies -MF /Users/aadityasingh/Library/Developer/Xcode/DerivedData/Chatlio-erkyzdeecsohoaggpwbjdvavzqfv/Build/Intermediates.noindex/DTCoreText.build/Debug-iphonesimulator/DTCoreText.build/Objects-normal/arm64/DTStylesheetHTMLElement.d --serialize-diagnostics /Users/aadityasingh/Library/Developer/Xcode/DerivedData/Chatlio-erkyzdeecsohoaggpwbjdvavzqfv/Build/Intermediates.noindex/DTCoreText.build/Debug-iphonesimulator/DTCoreText.build/Objects-normal/arm64/DTStylesheetHTMLElement.dia -c /Users/aadityasingh/Library/Developer/Xcode/DerivedData/Chatlio-erkyzdeecsohoaggpwbjdvavzqfv/SourcePackages/checkouts/DTCoreText/Core/Source/DTStylesheetHTMLElement.m -o /Users/aadityasingh/Library/Developer/Xcode/DerivedData/Chatlio-erkyzdeecsohoaggpwbjdvavzqfv/Build/Intermediates.noindex/DTCoreText.build/Debug-iphonesimulator/DTCoreText.build/Objects-normal/arm64/DTStylesheetHTMLElement.o -index-unit-output-path /DTCoreText.build/Debug-iphonesimulator/DTCoreText.build/Objects-normal/arm64/DTStylesheetHTMLElement.o

ScanDependencies /Users/aadityasingh/Library/Developer/Xcode/DerivedData/Chatlio-erkyzdeecsohoaggpwbjdvavzqfv/Build/Intermediates.noindex/DTCoreText.build/Debug-iphonesimulator/DTCoreText.build/Objects-normal/arm64/DTObjectTextAttachment.o /Users/aadityasingh/Library/Developer/Xcode/DerivedData/Chatlio-erkyzdeecsohoaggpwbjdvavzqfv/SourcePackages/checkouts/DTCoreText/Core/Source/DTObjectTextAttachment.m normal arm64 objective-c com.apple.compilers.llvm.clang.1_0.compiler (in target 'DTCoreText' from project 'DTCoreText')
    cd /Users/aadityasingh/Documents/Development/element-x-ios/Chatlio.xcodeproj
    
    Using response file: /Users/aadityasingh/Library/Developer/Xcode/DerivedData/Chatlio-erkyzdeecsohoaggpwbjdvavzqfv/Build/Intermediates.noindex/DTCoreText.build/Debug-iphonesimulator/DTCoreText.build/Objects-normal/arm64/e6072d4f65d7061329687fe24e3d63a7-common-args.resp
    
    builtin-ScanDependencies -o /Users/aadityasingh/Library/Developer/Xcode/DerivedData/Chatlio-erkyzdeecsohoaggpwbjdvavzqfv/Build/Intermediates.noindex/DTCoreText.build/Debug-iphonesimulator/DTCoreText.build/Objects-normal/arm64/DTObjectTextAttachment.o.scan -- /Applications/Xcode.app/Contents/Developer/Toolchains/XcodeDefault.xctoolchain/usr/bin/clang -x objective-c -ivfsstatcache /Users/aadityasingh/Library/Developer/Xcode/DerivedData/SDKStatCaches.noindex/iphonesimulator26.4-23E252-686eebb5dc1d8ecb277353a59184f4aa.sdkstatcache -target arm64-apple-ios12.0-simulator -fmessage-length\=0 -fdiagnostics-show-note-include-stack -fmacro-backtrace-limit\=0 -fno-color-diagnostics -fmodules-prune-interval\=86400 -fmodules-prune-after\=345600 -fbuild-session-file\=/Users/aadityasingh/Library/Developer/Xcode/DerivedData/ModuleCache.noindex/Session.modulevalidation -fmodules-validate-once-per-build-session -Wnon-modular-include-in-framework-module -Werror\=non-modular-include-in-framework-module -Wno-trigraphs -Wno-missing-field-initializers -Wno-missing-prototypes -Wno-return-type -Wno-implicit-atomic-properties -Wno-objc-interface-ivars -Wno-arc-repeated-use-of-weak -Wno-missing-braces -Wparentheses -Wswitch -Wno-unused-function -Wno-unused-label -Wno-unused-parameter -Wno-unused-variable -Wunused-value -Wno-empty-body -Wno-uninitialized -Wno-unknown-pragmas -w -Wno-shadow -Wno-four-char-constants -Wno-conversion -Wno-constant-conversion -Wno-int-conversion -Wno-bool-conversion -Wno-enum-conversion -Wno-float-conversion -Wno-non-literal-null-conversion -Wno-objc-literal-conversion -Wshorten-64-to-32 -Wpointer-sign -Wno-newline-eof -Wno-selector -Wno-strict-selector-match -Wno-undeclared-selector -Wno-deprecated-implementations -Wno-implicit-fallthrough -isysroot /Applications/Xcode.app/Contents/Developer/Platforms/iPhoneSimulator.platform/Developer/SDKs/iPhoneSimulator26.4.sdk -fstrict-aliasing -Wprotocol -Wdeprecated-declarations -Wno-sign-conversion -Wno-infinite-recursion -Wno-comma -Wno-block-capture-autoreleasing -Wno-strict-prototypes -Wno-semicolon-before-method-body -index-store-path /Users/aadityasingh/Library/Developer/Xcode/DerivedData/Chatlio-erkyzdeecsohoaggpwbjdvavzqfv/Index.noindex/DataStore @/Users/aadityasingh/Library/Developer/Xcode/DerivedData/Chatlio-erkyzdeecsohoaggpwbjdvavzqfv/Build/Intermediates.noindex/DTCoreText.build/Debug-iphonesimulator/DTCoreText.build/Objects-normal/arm64/e6072d4f65d7061329687fe24e3d63a7-common-args.resp -include /Users/aadityasingh/Library/Developer/Xcode/DerivedData/Chatlio-erkyzdeecsohoaggpwbjdvavzqfv/Build/Intermediates.noindex/DTCoreText.build/Debug-iphonesimulator/DTCoreText.build/DerivedSources/resource_bundle_accessor.h -MMD -MT dependencies -MF /Users/aadityasingh/Library/Developer/Xcode/DerivedData/Chatlio-erkyzdeecsohoaggpwbjdvavzqfv/Build/Intermediates.noindex/DTCoreText.build/Debug-iphonesimulator/DTCoreText.build/Objects-normal/arm64/DTObjectTextAttachment.d --serialize-diagnostics /Users/aadityasingh/Library/Developer/Xcode/DerivedData/Chatlio-erkyzdeecsohoaggpwbjdvavzqfv/Build/Intermediates.noindex/DTCoreText.build/Debug-iphonesimulator/DTCoreText.build/Objects-normal/arm64/DTObjectTextAttachment.dia -c /Users/aadityasingh/Library/Developer/Xcode/DerivedData/Chatlio-erkyzdeecsohoaggpwbjdvavzqfv/SourcePackages/checkouts/DTCoreText/Core/Source/DTObjectTextAttachment.m -o /Users/aadityasingh/Library/Developer/Xcode/DerivedData/Chatlio-erkyzdeecsohoaggpwbjdvavzqfv/Build/Intermediates.noindex/DTCoreText.build/Debug-iphonesimulator/DTCoreText.build/Objects-normal/arm64/DTObjectTextAttachment.o -index-unit-output-path /DTCoreText.build/Debug-iphonesimulator/DTCoreText.build/Objects-normal/arm64/DTObjectTextAttachment.o

ScanDependencies /Users/aadityasingh/Library/Developer/Xcode/DerivedData/Chatlio-erkyzdeecsohoaggpwbjdvavzqfv/Build/Intermediates.noindex/DTCoreText.build/Debug-iphonesimulator/DTCoreText.build/Objects-normal/arm64/DTListItemHTMLElement.o /Users/aadityasingh/Library/Developer/Xcode/DerivedData/Chatlio-erkyzdeecsohoaggpwbjdvavzqfv/SourcePackages/checkouts/DTCoreText/Core/Source/DTListItemHTMLElement.m normal arm64 objective-c com.apple.compilers.llvm.clang.1_0.compiler (in target 'DTCoreText' from project 'DTCoreText')
    cd /Users/aadityasingh/Documents/Development/element-x-ios/Chatlio.xcodeproj
    
    Using response file: /Users/aadityasingh/Library/Developer/Xcode/DerivedData/Chatlio-erkyzdeecsohoaggpwbjdvavzqfv/Build/Intermediates.noindex/DTCoreText.build/Debug-iphonesimulator/DTCoreText.build/Objects-normal/arm64/e6072d4f65d7061329687fe24e3d63a7-common-args.resp
    
    builtin-ScanDependencies -o /Users/aadityasingh/Library/Developer/Xcode/DerivedData/Chatlio-erkyzdeecsohoaggpwbjdvavzqfv/Build/Intermediates.noindex/DTCoreText.build/Debug-iphonesimulator/DTCoreText.build/Objects-normal/arm64/DTListItemHTMLElement.o.scan -- /Applications/Xcode.app/Contents/Developer/Toolchains/XcodeDefault.xctoolchain/usr/bin/clang -x objective-c -ivfsstatcache /Users/aadityasingh/Library/Developer/Xcode/DerivedData/SDKStatCaches.noindex/iphonesimulator26.4-23E252-686eebb5dc1d8ecb277353a59184f4aa.sdkstatcache -target arm64-apple-ios12.0-simulator -fmessage-length\=0 -fdiagnostics-show-note-include-stack -fmacro-backtrace-limit\=0 -fno-color-diagnostics -fmodules-prune-interval\=86400 -fmodules-prune-after\=345600 -fbuild-session-file\=/Users/aadityasingh/Library/Developer/Xcode/DerivedData/ModuleCache.noindex/Session.modulevalidation -fmodules-validate-once-per-build-session -Wnon-modular-include-in-framework-module -Werror\=non-modular-include-in-framework-module -Wno-trigraphs -Wno-missing-field-initializers -Wno-missing-prototypes -Wno-return-type -Wno-implicit-atomic-properties -Wno-objc-interface-ivars -Wno-arc-repeated-use-of-weak -Wno-missing-braces -Wparentheses -Wswitch -Wno-unused-function -Wno-unused-label -Wno-unused-parameter -Wno-unused-variable -Wunused-value -Wno-empty-body -Wno-uninitialized -Wno-unknown-pragmas -w -Wno-shadow -Wno-four-char-constants -Wno-conversion -Wno-constant-conversion -Wno-int-conversion -Wno-bool-conversion -Wno-enum-conversion -Wno-float-conversion -Wno-non-literal-null-conversion -Wno-objc-literal-conversion -Wshorten-64-to-32 -Wpointer-sign -Wno-newline-eof -Wno-selector -Wno-strict-selector-match -Wno-undeclared-selector -Wno-deprecated-implementations -Wno-implicit-fallthrough -isysroot /Applications/Xcode.app/Contents/Developer/Platforms/iPhoneSimulator.platform/Developer/SDKs/iPhoneSimulator26.4.sdk -fstrict-aliasing -Wprotocol -Wdeprecated-declarations -Wno-sign-conversion -Wno-infinite-recursion -Wno-comma -Wno-block-capture-autoreleasing -Wno-strict-prototypes -Wno-semicolon-before-method-body -index-store-path /Users/aadityasingh/Library/Developer/Xcode/DerivedData/Chatlio-erkyzdeecsohoaggpwbjdvavzqfv/Index.noindex/DataStore @/Users/aadityasingh/Library/Developer/Xcode/DerivedData/Chatlio-erkyzdeecsohoaggpwbjdvavzqfv/Build/Intermediates.noindex/DTCoreText.build/Debug-iphonesimulator/DTCoreText.build/Objects-normal/arm64/e6072d4f65d7061329687fe24e3d63a7-common-args.resp -include /Users/aadityasingh/Library/Developer/Xcode/DerivedData/Chatlio-erkyzdeecsohoaggpwbjdvavzqfv/Build/Intermediates.noindex/DTCoreText.build/Debug-iphonesimulator/DTCoreText.build/DerivedSources/resource_bundle_accessor.h -MMD -MT dependencies -MF /Users/aadityasingh/Library/Developer/Xcode/DerivedData/Chatlio-erkyzdeecsohoaggpwbjdvavzqfv/Build/Intermediates.noindex/DTCoreText.build/Debug-iphonesimulator/DTCoreText.build/Objects-normal/arm64/DTListItemHTMLElement.d --serialize-diagnostics /Users/aadityasingh/Library/Developer/Xcode/DerivedData/Chatlio-erkyzdeecsohoaggpwbjdvavzqfv/Build/Intermediates.noindex/DTCoreText.build/Debug-iphonesimulator/DTCoreText.build/Objects-normal/arm64/DTListItemHTMLElement.dia -c /Users/aadityasingh/Library/Developer/Xcode/DerivedData/Chatlio-erkyzdeecsohoaggpwbjdvavzqfv/SourcePackages/checkouts/DTCoreText/Core/Source/DTListItemHTMLElement.m -o /Users/aadityasingh/Library/Developer/Xcode/DerivedData/Chatlio-erkyzdeecsohoaggpwbjdvavzqfv/Build/Intermediates.noindex/DTCoreText.build/Debug-iphonesimulator/DTCoreText.build/Objects-normal/arm64/DTListItemHTMLElement.o -index-unit-output-path /DTCoreText.build/Debug-iphonesimulator/DTCoreText.build/Objects-normal/arm64/DTListItemHTMLElement.o

PrecompileModule /Users/aadityasingh/Library/Developer/Xcode/DerivedData/Chatlio-erkyzdeecsohoaggpwbjdvavzqfv/Build/Intermediates.noindex/ExplicitPrecompiledModules/QuartzCore-8ONS9AF3PTW1WRS8NYUFHWHQ7.scan
    cd /
    builtin-precompileModule /Users/aadityasingh/Library/Developer/Xcode/DerivedData/Chatlio-erkyzdeecsohoaggpwbjdvavzqfv/Build/Intermediates.noindex/ExplicitPrecompiledModules/QuartzCore-8ONS9AF3PTW1WRS8NYUFHWHQ7.scan

PrecompileModule /Users/aadityasingh/Library/Developer/Xcode/DerivedData/Chatlio-erkyzdeecsohoaggpwbjdvavzqfv/Build/Intermediates.noindex/ExplicitPrecompiledModules/CoreImage-3KXMZ5Y17UWQQKJRX1N8LS89.scan
    cd /
    builtin-precompileModule /Users/aadityasingh/Library/Developer/Xcode/DerivedData/Chatlio-erkyzdeecsohoaggpwbjdvavzqfv/Build/Intermediates.noindex/ExplicitPrecompiledModules/CoreImage-3KXMZ5Y17UWQQKJRX1N8LS89.scan

ScanDependencies /Users/aadityasingh/Library/Developer/Xcode/DerivedData/Chatlio-erkyzdeecsohoaggpwbjdvavzqfv/Build/Intermediates.noindex/DTCoreText.build/Debug-iphonesimulator/DTCoreText.build/Objects-normal/arm64/DTLinkButton.o /Users/aadityasingh/Library/Developer/Xcode/DerivedData/Chatlio-erkyzdeecsohoaggpwbjdvavzqfv/SourcePackages/checkouts/DTCoreText/Core/Source/DTLinkButton.m normal arm64 objective-c com.apple.compilers.llvm.clang.1_0.compiler (in target 'DTCoreText' from project 'DTCoreText')
    cd /Users/aadityasingh/Documents/Development/element-x-ios/Chatlio.xcodeproj
    
    Using response file: /Users/aadityasingh/Library/Developer/Xcode/DerivedData/Chatlio-erkyzdeecsohoaggpwbjdvavzqfv/Build/Intermediates.noindex/DTCoreText.build/Debug-iphonesimulator/DTCoreText.build/Objects-normal/arm64/e6072d4f65d7061329687fe24e3d63a7-common-args.resp
    
    builtin-ScanDependencies -o /Users/aadityasingh/Library/Developer/Xcode/DerivedData/Chatlio-erkyzdeecsohoaggpwbjdvavzqfv/Build/Intermediates.noindex/DTCoreText.build/Debug-iphonesimulator/DTCoreText.build/Objects-normal/arm64/DTLinkButton.o.scan -- /Applications/Xcode.app/Contents/Developer/Toolchains/XcodeDefault.xctoolchain/usr/bin/clang -x objective-c -ivfsstatcache /Users/aadityasingh/Library/Developer/Xcode/DerivedData/SDKStatCaches.noindex/iphonesimulator26.4-23E252-686eebb5dc1d8ecb277353a59184f4aa.sdkstatcache -target arm64-apple-ios12.0-simulator -fmessage-length\=0 -fdiagnostics-show-note-include-stack -fmacro-backtrace-limit\=0 -fno-color-diagnostics -fmodules-prune-interval\=86400 -fmodules-prune-after\=345600 -fbuild-session-file\=/Users/aadityasingh/Library/Developer/Xcode/DerivedData/ModuleCache.noindex/Session.modulevalidation -fmodules-validate-once-per-build-session -Wnon-modular-include-in-framework-module -Werror\=non-modular-include-in-framework-module -Wno-trigraphs -Wno-missing-field-initializers -Wno-missing-prototypes -Wno-return-type -Wno-implicit-atomic-properties -Wno-objc-interface-ivars -Wno-arc-repeated-use-of-weak -Wno-missing-braces -Wparentheses -Wswitch -Wno-unused-function -Wno-unused-label -Wno-unused-parameter -Wno-unused-variable -Wunused-value -Wno-empty-body -Wno-uninitialized -Wno-unknown-pragmas -w -Wno-shadow -Wno-four-char-constants -Wno-conversion -Wno-constant-conversion -Wno-int-conversion -Wno-bool-conversion -Wno-enum-conversion -Wno-float-conversion -Wno-non-literal-null-conversion -Wno-objc-literal-conversion -Wshorten-64-to-32 -Wpointer-sign -Wno-newline-eof -Wno-selector -Wno-strict-selector-match -Wno-undeclared-selector -Wno-deprecated-implementations -Wno-implicit-fallthrough -isysroot /Applications/Xcode.app/Contents/Developer/Platforms/iPhoneSimulator.platform/Developer/SDKs/iPhoneSimulator26.4.sdk -fstrict-aliasing -Wprotocol -Wdeprecated-declarations -Wno-sign-conversion -Wno-infinite-recursion -Wno-comma -Wno-block-capture-autoreleasing -Wno-strict-prototypes -Wno-semicolon-before-method-body -index-store-path /Users/aadityasingh/Library/Developer/Xcode/DerivedData/Chatlio-erkyzdeecsohoaggpwbjdvavzqfv/Index.noindex/DataStore @/Users/aadityasingh/Library/Developer/Xcode/DerivedData/Chatlio-erkyzdeecsohoaggpwbjdvavzqfv/Build/Intermediates.noindex/DTCoreText.build/Debug-iphonesimulator/DTCoreText.build/Objects-normal/arm64/e6072d4f65d7061329687fe24e3d63a7-common-args.resp -include /Users/aadityasingh/Library/Developer/Xcode/DerivedData/Chatlio-erkyzdeecsohoaggpwbjdvavzqfv/Build/Intermediates.noindex/DTCoreText.build/Debug-iphonesimulator/DTCoreText.build/DerivedSources/resource_bundle_accessor.h -MMD -MT dependencies -MF /Users/aadityasingh/Library/Developer/Xcode/DerivedData/Chatlio-erkyzdeecsohoaggpwbjdvavzqfv/Build/Intermediates.noindex/DTCoreText.build/Debug-iphonesimulator/DTCoreText.build/Objects-normal/arm64/DTLinkButton.d --serialize-diagnostics /Users/aadityasingh/Library/Developer/Xcode/DerivedData/Chatlio-erkyzdeecsohoaggpwbjdvavzqfv/Build/Intermediates.noindex/DTCoreText.build/Debug-iphonesimulator/DTCoreText.build/Objects-normal/arm64/DTLinkButton.dia -c /Users/aadityasingh/Library/Developer/Xcode/DerivedData/Chatlio-erkyzdeecsohoaggpwbjdvavzqfv/SourcePackages/checkouts/DTCoreText/Core/Source/DTLinkButton.m -o /Users/aadityasingh/Library/Developer/Xcode/DerivedData/Chatlio-erkyzdeecsohoaggpwbjdvavzqfv/Build/Intermediates.noindex/DTCoreText.build/Debug-iphonesimulator/DTCoreText.build/Objects-normal/arm64/DTLinkButton.o -index-unit-output-path /DTCoreText.build/Debug-iphonesimulator/DTCoreText.build/Objects-normal/arm64/DTLinkButton.o

ScanDependencies /Users/aadityasingh/Library/Developer/Xcode/DerivedData/Chatlio-erkyzdeecsohoaggpwbjdvavzqfv/Build/Intermediates.noindex/DTCoreText.build/Debug-iphonesimulator/DTCoreText.build/Objects-normal/arm64/DTLazyImageView.o /Users/aadityasingh/Library/Developer/Xcode/DerivedData/Chatlio-erkyzdeecsohoaggpwbjdvavzqfv/SourcePackages/checkouts/DTCoreText/Core/Source/DTLazyImageView.m normal arm64 objective-c com.apple.compilers.llvm.clang.1_0.compiler (in target 'DTCoreText' from project 'DTCoreText')
    cd /Users/aadityasingh/Documents/Development/element-x-ios/Chatlio.xcodeproj
    
    Using response file: /Users/aadityasingh/Library/Developer/Xcode/DerivedData/Chatlio-erkyzdeecsohoaggpwbjdvavzqfv/Build/Intermediates.noindex/DTCoreText.build/Debug-iphonesimulator/DTCoreText.build/Objects-normal/arm64/e6072d4f65d7061329687fe24e3d63a7-common-args.resp
    
    builtin-ScanDependencies -o /Users/aadityasingh/Library/Developer/Xcode/DerivedData/Chatlio-erkyzdeecsohoaggpwbjdvavzqfv/Build/Intermediates.noindex/DTCoreText.build/Debug-iphonesimulator/DTCoreText.build/Objects-normal/arm64/DTLazyImageView.o.scan -- /Applications/Xcode.app/Contents/Developer/Toolchains/XcodeDefault.xctoolchain/usr/bin/clang -x objective-c -ivfsstatcache /Users/aadityasingh/Library/Developer/Xcode/DerivedData/SDKStatCaches.noindex/iphonesimulator26.4-23E252-686eebb5dc1d8ecb277353a59184f4aa.sdkstatcache -target arm64-apple-ios12.0-simulator -fmessage-length\=0 -fdiagnostics-show-note-include-stack -fmacro-backtrace-limit\=0 -fno-color-diagnostics -fmodules-prune-interval\=86400 -fmodules-prune-after\=345600 -fbuild-session-file\=/Users/aadityasingh/Library/Developer/Xcode/DerivedData/ModuleCache.noindex/Session.modulevalidation -fmodules-validate-once-per-build-session -Wnon-modular-include-in-framework-module -Werror\=non-modular-include-in-framework-module -Wno-trigraphs -Wno-missing-field-initializers -Wno-missing-prototypes -Wno-return-type -Wno-implicit-atomic-properties -Wno-objc-interface-ivars -Wno-arc-repeated-use-of-weak -Wno-missing-braces -Wparentheses -Wswitch -Wno-unused-function -Wno-unused-label -Wno-unused-parameter -Wno-unused-variable -Wunused-value -Wno-empty-body -Wno-uninitialized -Wno-unknown-pragmas -w -Wno-shadow -Wno-four-char-constants -Wno-conversion -Wno-constant-conversion -Wno-int-conversion -Wno-bool-conversion -Wno-enum-conversion -Wno-float-conversion -Wno-non-literal-null-conversion -Wno-objc-literal-conversion -Wshorten-64-to-32 -Wpointer-sign -Wno-newline-eof -Wno-selector -Wno-strict-selector-match -Wno-undeclared-selector -Wno-deprecated-implementations -Wno-implicit-fallthrough -isysroot /Applications/Xcode.app/Contents/Developer/Platforms/iPhoneSimulator.platform/Developer/SDKs/iPhoneSimulator26.4.sdk -fstrict-aliasing -Wprotocol -Wdeprecated-declarations -Wno-sign-conversion -Wno-infinite-recursion -Wno-comma -Wno-block-capture-autoreleasing -Wno-strict-prototypes -Wno-semicolon-before-method-body -index-store-path /Users/aadityasingh/Library/Developer/Xcode/DerivedData/Chatlio-erkyzdeecsohoaggpwbjdvavzqfv/Index.noindex/DataStore @/Users/aadityasingh/Library/Developer/Xcode/DerivedData/Chatlio-erkyzdeecsohoaggpwbjdvavzqfv/Build/Intermediates.noindex/DTCoreText.build/Debug-iphonesimulator/DTCoreText.build/Objects-normal/arm64/e6072d4f65d7061329687fe24e3d63a7-common-args.resp -include /Users/aadityasingh/Library/Developer/Xcode/DerivedData/Chatlio-erkyzdeecsohoaggpwbjdvavzqfv/Build/Intermediates.noindex/DTCoreText.build/Debug-iphonesimulator/DTCoreText.build/DerivedSources/resource_bundle_accessor.h -MMD -MT dependencies -MF /Users/aadityasingh/Library/Developer/Xcode/DerivedData/Chatlio-erkyzdeecsohoaggpwbjdvavzqfv/Build/Intermediates.noindex/DTCoreText.build/Debug-iphonesimulator/DTCoreText.build/Objects-normal/arm64/DTLazyImageView.d --serialize-diagnostics /Users/aadityasingh/Library/Developer/Xcode/DerivedData/Chatlio-erkyzdeecsohoaggpwbjdvavzqfv/Build/Intermediates.noindex/DTCoreText.build/Debug-iphonesimulator/DTCoreText.build/Objects-normal/arm64/DTLazyImageView.dia -c /Users/aadityasingh/Library/Developer/Xcode/DerivedData/Chatlio-erkyzdeecsohoaggpwbjdvavzqfv/SourcePackages/checkouts/DTCoreText/Core/Source/DTLazyImageView.m -o /Users/aadityasingh/Library/Developer/Xcode/DerivedData/Chatlio-erkyzdeecsohoaggpwbjdvavzqfv/Build/Intermediates.noindex/DTCoreText.build/Debug-iphonesimulator/DTCoreText.build/Objects-normal/arm64/DTLazyImageView.o -index-unit-output-path /DTCoreText.build/Debug-iphonesimulator/DTCoreText.build/Objects-normal/arm64/DTLazyImageView.o

ScanDependencies /Users/aadityasingh/Library/Developer/Xcode/DerivedData/Chatlio-erkyzdeecsohoaggpwbjdvavzqfv/Build/Intermediates.noindex/DTCoreText.build/Debug-iphonesimulator/DTCoreText.build/Objects-normal/arm64/DTImageTextAttachment.o /Users/aadityasingh/Library/Developer/Xcode/DerivedData/Chatlio-erkyzdeecsohoaggpwbjdvavzqfv/SourcePackages/checkouts/DTCoreText/Core/Source/DTImageTextAttachment.m normal arm64 objective-c com.apple.compilers.llvm.clang.1_0.compiler (in target 'DTCoreText' from project 'DTCoreText')
    cd /Users/aadityasingh/Documents/Development/element-x-ios/Chatlio.xcodeproj
    
    Using response file: /Users/aadityasingh/Library/Developer/Xcode/DerivedData/Chatlio-erkyzdeecsohoaggpwbjdvavzqfv/Build/Intermediates.noindex/DTCoreText.build/Debug-iphonesimulator/DTCoreText.build/Objects-normal/arm64/e6072d4f65d7061329687fe24e3d63a7-common-args.resp
    
    builtin-ScanDependencies -o /Users/aadityasingh/Library/Developer/Xcode/DerivedData/Chatlio-erkyzdeecsohoaggpwbjdvavzqfv/Build/Intermediates.noindex/DTCoreText.build/Debug-iphonesimulator/DTCoreText.build/Objects-normal/arm64/DTImageTextAttachment.o.scan -- /Applications/Xcode.app/Contents/Developer/Toolchains/XcodeDefault.xctoolchain/usr/bin/clang -x objective-c -ivfsstatcache /Users/aadityasingh/Library/Developer/Xcode/DerivedData/SDKStatCaches.noindex/iphonesimulator26.4-23E252-686eebb5dc1d8ecb277353a59184f4aa.sdkstatcache -target arm64-apple-ios12.0-simulator -fmessage-length\=0 -fdiagnostics-show-note-include-stack -fmacro-backtrace-limit\=0 -fno-color-diagnostics -fmodules-prune-interval\=86400 -fmodules-prune-after\=345600 -fbuild-session-file\=/Users/aadityasingh/Library/Developer/Xcode/DerivedData/ModuleCache.noindex/Session.modulevalidation -fmodules-validate-once-per-build-session -Wnon-modular-include-in-framework-module -Werror\=non-modular-include-in-framework-module -Wno-trigraphs -Wno-missing-field-initializers -Wno-missing-prototypes -Wno-return-type -Wno-implicit-atomic-properties -Wno-objc-interface-ivars -Wno-arc-repeated-use-of-weak -Wno-missing-braces -Wparentheses -Wswitch -Wno-unused-function -Wno-unused-label -Wno-unused-parameter -Wno-unused-variable -Wunused-value -Wno-empty-body -Wno-uninitialized -Wno-unknown-pragmas -w -Wno-shadow -Wno-four-char-constants -Wno-conversion -Wno-constant-conversion -Wno-int-conversion -Wno-bool-conversion -Wno-enum-conversion -Wno-float-conversion -Wno-non-literal-null-conversion -Wno-objc-literal-conversion -Wshorten-64-to-32 -Wpointer-sign -Wno-newline-eof -Wno-selector -Wno-strict-selector-match -Wno-undeclared-selector -Wno-deprecated-implementations -Wno-implicit-fallthrough -isysroot /Applications/Xcode.app/Contents/Developer/Platforms/iPhoneSimulator.platform/Developer/SDKs/iPhoneSimulator26.4.sdk -fstrict-aliasing -Wprotocol -Wdeprecated-declarations -Wno-sign-conversion -Wno-infinite-recursion -Wno-comma -Wno-block-capture-autoreleasing -Wno-strict-prototypes -Wno-semicolon-before-method-body -index-store-path /Users/aadityasingh/Library/Developer/Xcode/DerivedData/Chatlio-erkyzdeecsohoaggpwbjdvavzqfv/Index.noindex/DataStore @/Users/aadityasingh/Library/Developer/Xcode/DerivedData/Chatlio-erkyzdeecsohoaggpwbjdvavzqfv/Build/Intermediates.noindex/DTCoreText.build/Debug-iphonesimulator/DTCoreText.build/Objects-normal/arm64/e6072d4f65d7061329687fe24e3d63a7-common-args.resp -include /Users/aadityasingh/Library/Developer/Xcode/DerivedData/Chatlio-erkyzdeecsohoaggpwbjdvavzqfv/Build/Intermediates.noindex/DTCoreText.build/Debug-iphonesimulator/DTCoreText.build/DerivedSources/resource_bundle_accessor.h -MMD -MT dependencies -MF /Users/aadityasingh/Library/Developer/Xcode/DerivedData/Chatlio-erkyzdeecsohoaggpwbjdvavzqfv/Build/Intermediates.noindex/DTCoreText.build/Debug-iphonesimulator/DTCoreText.build/Objects-normal/arm64/DTImageTextAttachment.d --serialize-diagnostics /Users/aadityasingh/Library/Developer/Xcode/DerivedData/Chatlio-erkyzdeecsohoaggpwbjdvavzqfv/Build/Intermediates.noindex/DTCoreText.build/Debug-iphonesimulator/DTCoreText.build/Objects-normal/arm64/DTImageTextAttachment.dia -c /Users/aadityasingh/Library/Developer/Xcode/DerivedData/Chatlio-erkyzdeecsohoaggpwbjdvavzqfv/SourcePackages/checkouts/DTCoreText/Core/Source/DTImageTextAttachment.m -o /Users/aadityasingh/Library/Developer/Xcode/DerivedData/Chatlio-erkyzdeecsohoaggpwbjdvavzqfv/Build/Intermediates.noindex/DTCoreText.build/Debug-iphonesimulator/DTCoreText.build/Objects-normal/arm64/DTImageTextAttachment.o -index-unit-output-path /DTCoreText.build/Debug-iphonesimulator/DTCoreText.build/Objects-normal/arm64/DTImageTextAttachment.o

ScanDependencies /Users/aadityasingh/Library/Developer/Xcode/DerivedData/Chatlio-erkyzdeecsohoaggpwbjdvavzqfv/Build/Intermediates.noindex/DTCoreText.build/Debug-iphonesimulator/DTCoreText.build/Objects-normal/arm64/DTImage+HTML.o /Users/aadityasingh/Library/Developer/Xcode/DerivedData/Chatlio-erkyzdeecsohoaggpwbjdvavzqfv/SourcePackages/checkouts/DTCoreText/Core/Source/DTImage+HTML.m normal arm64 objective-c com.apple.compilers.llvm.clang.1_0.compiler (in target 'DTCoreText' from project 'DTCoreText')
    cd /Users/aadityasingh/Documents/Development/element-x-ios/Chatlio.xcodeproj
    
    Using response file: /Users/aadityasingh/Library/Developer/Xcode/DerivedData/Chatlio-erkyzdeecsohoaggpwbjdvavzqfv/Build/Intermediates.noindex/DTCoreText.build/Debug-iphonesimulator/DTCoreText.build/Objects-normal/arm64/e6072d4f65d7061329687fe24e3d63a7-common-args.resp
    
    builtin-ScanDependencies -o /Users/aadityasingh/Library/Developer/Xcode/DerivedData/Chatlio-erkyzdeecsohoaggpwbjdvavzqfv/Build/Intermediates.noindex/DTCoreText.build/Debug-iphonesimulator/DTCoreText.build/Objects-normal/arm64/DTImage+HTML.o.scan -- /Applications/Xcode.app/Contents/Developer/Toolchains/XcodeDefault.xctoolchain/usr/bin/clang -x objective-c -ivfsstatcache /Users/aadityasingh/Library/Developer/Xcode/DerivedData/SDKStatCaches.noindex/iphonesimulator26.4-23E252-686eebb5dc1d8ecb277353a59184f4aa.sdkstatcache -target arm64-apple-ios12.0-simulator -fmessage-length\=0 -fdiagnostics-show-note-include-stack -fmacro-backtrace-limit\=0 -fno-color-diagnostics -fmodules-prune-interval\=86400 -fmodules-prune-after\=345600 -fbuild-session-file\=/Users/aadityasingh/Library/Developer/Xcode/DerivedData/ModuleCache.noindex/Session.modulevalidation -fmodules-validate-once-per-build-session -Wnon-modular-include-in-framework-module -Werror\=non-modular-include-in-framework-module -Wno-trigraphs -Wno-missing-field-initializers -Wno-missing-prototypes -Wno-return-type -Wno-implicit-atomic-properties -Wno-objc-interface-ivars -Wno-arc-repeated-use-of-weak -Wno-missing-braces -Wparentheses -Wswitch -Wno-unused-function -Wno-unused-label -Wno-unused-parameter -Wno-unused-variable -Wunused-value -Wno-empty-body -Wno-uninitialized -Wno-unknown-pragmas -w -Wno-shadow -Wno-four-char-constants -Wno-conversion -Wno-constant-conversion -Wno-int-conversion -Wno-bool-conversion -Wno-enum-conversion -Wno-float-conversion -Wno-non-literal-null-conversion -Wno-objc-literal-conversion -Wshorten-64-to-32 -Wpointer-sign -Wno-newline-eof -Wno-selector -Wno-strict-selector-match -Wno-undeclared-selector -Wno-deprecated-implementations -Wno-implicit-fallthrough -isysroot /Applications/Xcode.app/Contents/Developer/Platforms/iPhoneSimulator.platform/Developer/SDKs/iPhoneSimulator26.4.sdk -fstrict-aliasing -Wprotocol -Wdeprecated-declarations -Wno-sign-conversion -Wno-infinite-recursion -Wno-comma -Wno-block-capture-autoreleasing -Wno-strict-prototypes -Wno-semicolon-before-method-body -index-store-path /Users/aadityasingh/Library/Developer/Xcode/DerivedData/Chatlio-erkyzdeecsohoaggpwbjdvavzqfv/Index.noindex/DataStore @/Users/aadityasingh/Library/Developer/Xcode/DerivedData/Chatlio-erkyzdeecsohoaggpwbjdvavzqfv/Build/Intermediates.noindex/DTCoreText.build/Debug-iphonesimulator/DTCoreText.build/Objects-normal/arm64/e6072d4f65d7061329687fe24e3d63a7-common-args.resp -include /Users/aadityasingh/Library/Developer/Xcode/DerivedData/Chatlio-erkyzdeecsohoaggpwbjdvavzqfv/Build/Intermediates.noindex/DTCoreText.build/Debug-iphonesimulator/DTCoreText.build/DerivedSources/resource_bundle_accessor.h -MMD -MT dependencies -MF /Users/aadityasingh/Library/Developer/Xcode/DerivedData/Chatlio-erkyzdeecsohoaggpwbjdvavzqfv/Build/Intermediates.noindex/DTCoreText.build/Debug-iphonesimulator/DTCoreText.build/Objects-normal/arm64/DTImage+HTML.d --serialize-diagnostics /Users/aadityasingh/Library/Developer/Xcode/DerivedData/Chatlio-erkyzdeecsohoaggpwbjdvavzqfv/Build/Intermediates.noindex/DTCoreText.build/Debug-iphonesimulator/DTCoreText.build/Objects-normal/arm64/DTImage+HTML.dia -c /Users/aadityasingh/Library/Developer/Xcode/DerivedData/Chatlio-erkyzdeecsohoaggpwbjdvavzqfv/SourcePackages/checkouts/DTCoreText/Core/Source/DTImage+HTML.m -o /Users/aadityasingh/Library/Developer/Xcode/DerivedData/Chatlio-erkyzdeecsohoaggpwbjdvavzqfv/Build/Intermediates.noindex/DTCoreText.build/Debug-iphonesimulator/DTCoreText.build/Objects-normal/arm64/DTImage+HTML.o -index-unit-output-path /DTCoreText.build/Debug-iphonesimulator/DTCoreText.build/Objects-normal/arm64/DTImage+HTML.o

ScanDependencies /Users/aadityasingh/Library/Developer/Xcode/DerivedData/Chatlio-erkyzdeecsohoaggpwbjdvavzqfv/Build/Intermediates.noindex/DTCoreText.build/Debug-iphonesimulator/DTCoreText.build/Objects-normal/arm64/DTIframeTextAttachment.o /Users/aadityasingh/Library/Developer/Xcode/DerivedData/Chatlio-erkyzdeecsohoaggpwbjdvavzqfv/SourcePackages/checkouts/DTCoreText/Core/Source/DTIframeTextAttachment.m normal arm64 objective-c com.apple.compilers.llvm.clang.1_0.compiler (in target 'DTCoreText' from project 'DTCoreText')
    cd /Users/aadityasingh/Documents/Development/element-x-ios/Chatlio.xcodeproj
    
    Using response file: /Users/aadityasingh/Library/Developer/Xcode/DerivedData/Chatlio-erkyzdeecsohoaggpwbjdvavzqfv/Build/Intermediates.noindex/DTCoreText.build/Debug-iphonesimulator/DTCoreText.build/Objects-normal/arm64/e6072d4f65d7061329687fe24e3d63a7-common-args.resp
    
    builtin-ScanDependencies -o /Users/aadityasingh/Library/Developer/Xcode/DerivedData/Chatlio-erkyzdeecsohoaggpwbjdvavzqfv/Build/Intermediates.noindex/DTCoreText.build/Debug-iphonesimulator/DTCoreText.build/Objects-normal/arm64/DTIframeTextAttachment.o.scan -- /Applications/Xcode.app/Contents/Developer/Toolchains/XcodeDefault.xctoolchain/usr/bin/clang -x objective-c -ivfsstatcache /Users/aadityasingh/Library/Developer/Xcode/DerivedData/SDKStatCaches.noindex/iphonesimulator26.4-23E252-686eebb5dc1d8ecb277353a59184f4aa.sdkstatcache -target arm64-apple-ios12.0-simulator -fmessage-length\=0 -fdiagnostics-show-note-include-stack -fmacro-backtrace-limit\=0 -fno-color-diagnostics -fmodules-prune-interval\=86400 -fmodules-prune-after\=345600 -fbuild-session-file\=/Users/aadityasingh/Library/Developer/Xcode/DerivedData/ModuleCache.noindex/Session.modulevalidation -fmodules-validate-once-per-build-session -Wnon-modular-include-in-framework-module -Werror\=non-modular-include-in-framework-module -Wno-trigraphs -Wno-missing-field-initializers -Wno-missing-prototypes -Wno-return-type -Wno-implicit-atomic-properties -Wno-objc-interface-ivars -Wno-arc-repeated-use-of-weak -Wno-missing-braces -Wparentheses -Wswitch -Wno-unused-function -Wno-unused-label -Wno-unused-parameter -Wno-unused-variable -Wunused-value -Wno-empty-body -Wno-uninitialized -Wno-unknown-pragmas -w -Wno-shadow -Wno-four-char-constants -Wno-conversion -Wno-constant-conversion -Wno-int-conversion -Wno-bool-conversion -Wno-enum-conversion -Wno-float-conversion -Wno-non-literal-null-conversion -Wno-objc-literal-conversion -Wshorten-64-to-32 -Wpointer-sign -Wno-newline-eof -Wno-selector -Wno-strict-selector-match -Wno-undeclared-selector -Wno-deprecated-implementations -Wno-implicit-fallthrough -isysroot /Applications/Xcode.app/Contents/Developer/Platforms/iPhoneSimulator.platform/Developer/SDKs/iPhoneSimulator26.4.sdk -fstrict-aliasing -Wprotocol -Wdeprecated-declarations -Wno-sign-conversion -Wno-infinite-recursion -Wno-comma -Wno-block-capture-autoreleasing -Wno-strict-prototypes -Wno-semicolon-before-method-body -index-store-path /Users/aadityasingh/Library/Developer/Xcode/DerivedData/Chatlio-erkyzdeecsohoaggpwbjdvavzqfv/Index.noindex/DataStore @/Users/aadityasingh/Library/Developer/Xcode/DerivedData/Chatlio-erkyzdeecsohoaggpwbjdvavzqfv/Build/Intermediates.noindex/DTCoreText.build/Debug-iphonesimulator/DTCoreText.build/Objects-normal/arm64/e6072d4f65d7061329687fe24e3d63a7-common-args.resp -include /Users/aadityasingh/Library/Developer/Xcode/DerivedData/Chatlio-erkyzdeecsohoaggpwbjdvavzqfv/Build/Intermediates.noindex/DTCoreText.build/Debug-iphonesimulator/DTCoreText.build/DerivedSources/resource_bundle_accessor.h -MMD -MT dependencies -MF /Users/aadityasingh/Library/Developer/Xcode/DerivedData/Chatlio-erkyzdeecsohoaggpwbjdvavzqfv/Build/Intermediates.noindex/DTCoreText.build/Debug-iphonesimulator/DTCoreText.build/Objects-normal/arm64/DTIframeTextAttachment.d --serialize-diagnostics /Users/aadityasingh/Library/Developer/Xcode/DerivedData/Chatlio-erkyzdeecsohoaggpwbjdvavzqfv/Build/Intermediates.noindex/DTCoreText.build/Debug-iphonesimulator/DTCoreText.build/Objects-normal/arm64/DTIframeTextAttachment.dia -c /Users/aadityasingh/Library/Developer/Xcode/DerivedData/Chatlio-erkyzdeecsohoaggpwbjdvavzqfv/SourcePackages/checkouts/DTCoreText/Core/Source/DTIframeTextAttachment.m -o /Users/aadityasingh/Library/Developer/Xcode/DerivedData/Chatlio-erkyzdeecsohoaggpwbjdvavzqfv/Build/Intermediates.noindex/DTCoreText.build/Debug-iphonesimulator/DTCoreText.build/Objects-normal/arm64/DTIframeTextAttachment.o -index-unit-output-path /DTCoreText.build/Debug-iphonesimulator/DTCoreText.build/Objects-normal/arm64/DTIframeTextAttachment.o

ScanDependencies /Users/aadityasingh/Library/Developer/Xcode/DerivedData/Chatlio-erkyzdeecsohoaggpwbjdvavzqfv/Build/Intermediates.noindex/DTCoreText.build/Debug-iphonesimulator/DTCoreText.build/Objects-normal/arm64/DTHorizontalRuleHTMLElement.o /Users/aadityasingh/Library/Developer/Xcode/DerivedData/Chatlio-erkyzdeecsohoaggpwbjdvavzqfv/SourcePackages/checkouts/DTCoreText/Core/Source/DTHorizontalRuleHTMLElement.m normal arm64 objective-c com.apple.compilers.llvm.clang.1_0.compiler (in target 'DTCoreText' from project 'DTCoreText')
    cd /Users/aadityasingh/Documents/Development/element-x-ios/Chatlio.xcodeproj
    
    Using response file: /Users/aadityasingh/Library/Developer/Xcode/DerivedData/Chatlio-erkyzdeecsohoaggpwbjdvavzqfv/Build/Intermediates.noindex/DTCoreText.build/Debug-iphonesimulator/DTCoreText.build/Objects-normal/arm64/e6072d4f65d7061329687fe24e3d63a7-common-args.resp
    
    builtin-ScanDependencies -o /Users/aadityasingh/Library/Developer/Xcode/DerivedData/Chatlio-erkyzdeecsohoaggpwbjdvavzqfv/Build/Intermediates.noindex/DTCoreText.build/Debug-iphonesimulator/DTCoreText.build/Objects-normal/arm64/DTHorizontalRuleHTMLElement.o.scan -- /Applications/Xcode.app/Contents/Developer/Toolchains/XcodeDefault.xctoolchain/usr/bin/clang -x objective-c -ivfsstatcache /Users/aadityasingh/Library/Developer/Xcode/DerivedData/SDKStatCaches.noindex/iphonesimulator26.4-23E252-686eebb5dc1d8ecb277353a59184f4aa.sdkstatcache -target arm64-apple-ios12.0-simulator -fmessage-length\=0 -fdiagnostics-show-note-include-stack -fmacro-backtrace-limit\=0 -fno-color-diagnostics -fmodules-prune-interval\=86400 -fmodules-prune-after\=345600 -fbuild-session-file\=/Users/aadityasingh/Library/Developer/Xcode/DerivedData/ModuleCache.noindex/Session.modulevalidation -fmodules-validate-once-per-build-session -Wnon-modular-include-in-framework-module -Werror\=non-modular-include-in-framework-module -Wno-trigraphs -Wno-missing-field-initializers -Wno-missing-prototypes -Wno-return-type -Wno-implicit-atomic-properties -Wno-objc-interface-ivars -Wno-arc-repeated-use-of-weak -Wno-missing-braces -Wparentheses -Wswitch -Wno-unused-function -Wno-unused-label -Wno-unused-parameter -Wno-unused-variable -Wunused-value -Wno-empty-body -Wno-uninitialized -Wno-unknown-pragmas -w -Wno-shadow -Wno-four-char-constants -Wno-conversion -Wno-constant-conversion -Wno-int-conversion -Wno-bool-conversion -Wno-enum-conversion -Wno-float-conversion -Wno-non-literal-null-conversion -Wno-objc-literal-conversion -Wshorten-64-to-32 -Wpointer-sign -Wno-newline-eof -Wno-selector -Wno-strict-selector-match -Wno-undeclared-selector -Wno-deprecated-implementations -Wno-implicit-fallthrough -isysroot /Applications/Xcode.app/Contents/Developer/Platforms/iPhoneSimulator.platform/Developer/SDKs/iPhoneSimulator26.4.sdk -fstrict-aliasing -Wprotocol -Wdeprecated-declarations -Wno-sign-conversion -Wno-infinite-recursion -Wno-comma -Wno-block-capture-autoreleasing -Wno-strict-prototypes -Wno-semicolon-before-method-body -index-store-path /Users/aadityasingh/Library/Developer/Xcode/DerivedData/Chatlio-erkyzdeecsohoaggpwbjdvavzqfv/Index.noindex/DataStore @/Users/aadityasingh/Library/Developer/Xcode/DerivedData/Chatlio-erkyzdeecsohoaggpwbjdvavzqfv/Build/Intermediates.noindex/DTCoreText.build/Debug-iphonesimulator/DTCoreText.build/Objects-normal/arm64/e6072d4f65d7061329687fe24e3d63a7-common-args.resp -include /Users/aadityasingh/Library/Developer/Xcode/DerivedData/Chatlio-erkyzdeecsohoaggpwbjdvavzqfv/Build/Intermediates.noindex/DTCoreText.build/Debug-iphonesimulator/DTCoreText.build/DerivedSources/resource_bundle_accessor.h -MMD -MT dependencies -MF /Users/aadityasingh/Library/Developer/Xcode/DerivedData/Chatlio-erkyzdeecsohoaggpwbjdvavzqfv/Build/Intermediates.noindex/DTCoreText.build/Debug-iphonesimulator/DTCoreText.build/Objects-normal/arm64/DTHorizontalRuleHTMLElement.d --serialize-diagnostics /Users/aadityasingh/Library/Developer/Xcode/DerivedData/Chatlio-erkyzdeecsohoaggpwbjdvavzqfv/Build/Intermediates.noindex/DTCoreText.build/Debug-iphonesimulator/DTCoreText.build/Objects-normal/arm64/DTHorizontalRuleHTMLElement.dia -c /Users/aadityasingh/Library/Developer/Xcode/DerivedData/Chatlio-erkyzdeecsohoaggpwbjdvavzqfv/SourcePackages/checkouts/DTCoreText/Core/Source/DTHorizontalRuleHTMLElement.m -o /Users/aadityasingh/Library/Developer/Xcode/DerivedData/Chatlio-erkyzdeecsohoaggpwbjdvavzqfv/Build/Intermediates.noindex/DTCoreText.build/Debug-iphonesimulator/DTCoreText.build/Objects-normal/arm64/DTHorizontalRuleHTMLElement.o -index-unit-output-path /DTCoreText.build/Debug-iphonesimulator/DTCoreText.build/Objects-normal/arm64/DTHorizontalRuleHTMLElement.o

ScanDependencies /Users/aadityasingh/Library/Developer/Xcode/DerivedData/Chatlio-erkyzdeecsohoaggpwbjdvavzqfv/Build/Intermediates.noindex/DTCoreText.build/Debug-iphonesimulator/DTCoreText.build/Objects-normal/arm64/DTHTMLWriter.o /Users/aadityasingh/Library/Developer/Xcode/DerivedData/Chatlio-erkyzdeecsohoaggpwbjdvavzqfv/SourcePackages/checkouts/DTCoreText/Core/Source/DTHTMLWriter.m normal arm64 objective-c com.apple.compilers.llvm.clang.1_0.compiler (in target 'DTCoreText' from project 'DTCoreText')
    cd /Users/aadityasingh/Documents/Development/element-x-ios/Chatlio.xcodeproj
    
    Using response file: /Users/aadityasingh/Library/Developer/Xcode/DerivedData/Chatlio-erkyzdeecsohoaggpwbjdvavzqfv/Build/Intermediates.noindex/DTCoreText.build/Debug-iphonesimulator/DTCoreText.build/Objects-normal/arm64/e6072d4f65d7061329687fe24e3d63a7-common-args.resp
    
    builtin-ScanDependencies -o /Users/aadityasingh/Library/Developer/Xcode/DerivedData/Chatlio-erkyzdeecsohoaggpwbjdvavzqfv/Build/Intermediates.noindex/DTCoreText.build/Debug-iphonesimulator/DTCoreText.build/Objects-normal/arm64/DTHTMLWriter.o.scan -- /Applications/Xcode.app/Contents/Developer/Toolchains/XcodeDefault.xctoolchain/usr/bin/clang -x objective-c -ivfsstatcache /Users/aadityasingh/Library/Developer/Xcode/DerivedData/SDKStatCaches.noindex/iphonesimulator26.4-23E252-686eebb5dc1d8ecb277353a59184f4aa.sdkstatcache -target arm64-apple-ios12.0-simulator -fmessage-length\=0 -fdiagnostics-show-note-include-stack -fmacro-backtrace-limit\=0 -fno-color-diagnostics -fmodules-prune-interval\=86400 -fmodules-prune-after\=345600 -fbuild-session-file\=/Users/aadityasingh/Library/Developer/Xcode/DerivedData/ModuleCache.noindex/Session.modulevalidation -fmodules-validate-once-per-build-session -Wnon-modular-include-in-framework-module -Werror\=non-modular-include-in-framework-module -Wno-trigraphs -Wno-missing-field-initializers -Wno-missing-prototypes -Wno-return-type -Wno-implicit-atomic-properties -Wno-objc-interface-ivars -Wno-arc-repeated-use-of-weak -Wno-missing-braces -Wparentheses -Wswitch -Wno-unused-function -Wno-unused-label -Wno-unused-parameter -Wno-unused-variable -Wunused-value -Wno-empty-body -Wno-uninitialized -Wno-unknown-pragmas -w -Wno-shadow -Wno-four-char-constants -Wno-conversion -Wno-constant-conversion -Wno-int-conversion -Wno-bool-conversion -Wno-enum-conversion -Wno-float-conversion -Wno-non-literal-null-conversion -Wno-objc-literal-conversion -Wshorten-64-to-32 -Wpointer-sign -Wno-newline-eof -Wno-selector -Wno-strict-selector-match -Wno-undeclared-selector -Wno-deprecated-implementations -Wno-implicit-fallthrough -isysroot /Applications/Xcode.app/Contents/Developer/Platforms/iPhoneSimulator.platform/Developer/SDKs/iPhoneSimulator26.4.sdk -fstrict-aliasing -Wprotocol -Wdeprecated-declarations -Wno-sign-conversion -Wno-infinite-recursion -Wno-comma -Wno-block-capture-autoreleasing -Wno-strict-prototypes -Wno-semicolon-before-method-body -index-store-path /Users/aadityasingh/Library/Developer/Xcode/DerivedData/Chatlio-erkyzdeecsohoaggpwbjdvavzqfv/Index.noindex/DataStore @/Users/aadityasingh/Library/Developer/Xcode/DerivedData/Chatlio-erkyzdeecsohoaggpwbjdvavzqfv/Build/Intermediates.noindex/DTCoreText.build/Debug-iphonesimulator/DTCoreText.build/Objects-normal/arm64/e6072d4f65d7061329687fe24e3d63a7-common-args.resp -include /Users/aadityasingh/Library/Developer/Xcode/DerivedData/Chatlio-erkyzdeecsohoaggpwbjdvavzqfv/Build/Intermediates.noindex/DTCoreText.build/Debug-iphonesimulator/DTCoreText.build/DerivedSources/resource_bundle_accessor.h -MMD -MT dependencies -MF /Users/aadityasingh/Library/Developer/Xcode/DerivedData/Chatlio-erkyzdeecsohoaggpwbjdvavzqfv/Build/Intermediates.noindex/DTCoreText.build/Debug-iphonesimulator/DTCoreText.build/Objects-normal/arm64/DTHTMLWriter.d --serialize-diagnostics /Users/aadityasingh/Library/Developer/Xcode/DerivedData/Chatlio-erkyzdeecsohoaggpwbjdvavzqfv/Build/Intermediates.noindex/DTCoreText.build/Debug-iphonesimulator/DTCoreText.build/Objects-normal/arm64/DTHTMLWriter.dia -c /Users/aadityasingh/Library/Developer/Xcode/DerivedData/Chatlio-erkyzdeecsohoaggpwbjdvavzqfv/SourcePackages/checkouts/DTCoreText/Core/Source/DTHTMLWriter.m -o /Users/aadityasingh/Library/Developer/Xcode/DerivedData/Chatlio-erkyzdeecsohoaggpwbjdvavzqfv/Build/Intermediates.noindex/DTCoreText.build/Debug-iphonesimulator/DTCoreText.build/Objects-normal/arm64/DTHTMLWriter.o -index-unit-output-path /DTCoreText.build/Debug-iphonesimulator/DTCoreText.build/Objects-normal/arm64/DTHTMLWriter.o

ScanDependencies /Users/aadityasingh/Library/Developer/Xcode/DerivedData/Chatlio-erkyzdeecsohoaggpwbjdvavzqfv/Build/Intermediates.noindex/DTCoreText.build/Debug-iphonesimulator/DTCoreText.build/Objects-normal/arm64/DTHTMLParserTextNode.o /Users/aadityasingh/Library/Developer/Xcode/DerivedData/Chatlio-erkyzdeecsohoaggpwbjdvavzqfv/SourcePackages/checkouts/DTCoreText/Core/Source/DTHTMLParserTextNode.m normal arm64 objective-c com.apple.compilers.llvm.clang.1_0.compiler (in target 'DTCoreText' from project 'DTCoreText')
    cd /Users/aadityasingh/Documents/Development/element-x-ios/Chatlio.xcodeproj
    
    Using response file: /Users/aadityasingh/Library/Developer/Xcode/DerivedData/Chatlio-erkyzdeecsohoaggpwbjdvavzqfv/Build/Intermediates.noindex/DTCoreText.build/Debug-iphonesimulator/DTCoreText.build/Objects-normal/arm64/e6072d4f65d7061329687fe24e3d63a7-common-args.resp
    
    builtin-ScanDependencies -o /Users/aadityasingh/Library/Developer/Xcode/DerivedData/Chatlio-erkyzdeecsohoaggpwbjdvavzqfv/Build/Intermediates.noindex/DTCoreText.build/Debug-iphonesimulator/DTCoreText.build/Objects-normal/arm64/DTHTMLParserTextNode.o.scan -- /Applications/Xcode.app/Contents/Developer/Toolchains/XcodeDefault.xctoolchain/usr/bin/clang -x objective-c -ivfsstatcache /Users/aadityasingh/Library/Developer/Xcode/DerivedData/SDKStatCaches.noindex/iphonesimulator26.4-23E252-686eebb5dc1d8ecb277353a59184f4aa.sdkstatcache -target arm64-apple-ios12.0-simulator -fmessage-length\=0 -fdiagnostics-show-note-include-stack -fmacro-backtrace-limit\=0 -fno-color-diagnostics -fmodules-prune-interval\=86400 -fmodules-prune-after\=345600 -fbuild-session-file\=/Users/aadityasingh/Library/Developer/Xcode/DerivedData/ModuleCache.noindex/Session.modulevalidation -fmodules-validate-once-per-build-session -Wnon-modular-include-in-framework-module -Werror\=non-modular-include-in-framework-module -Wno-trigraphs -Wno-missing-field-initializers -Wno-missing-prototypes -Wno-return-type -Wno-implicit-atomic-properties -Wno-objc-interface-ivars -Wno-arc-repeated-use-of-weak -Wno-missing-braces -Wparentheses -Wswitch -Wno-unused-function -Wno-unused-label -Wno-unused-parameter -Wno-unused-variable -Wunused-value -Wno-empty-body -Wno-uninitialized -Wno-unknown-pragmas -w -Wno-shadow -Wno-four-char-constants -Wno-conversion -Wno-constant-conversion -Wno-int-conversion -Wno-bool-conversion -Wno-enum-conversion -Wno-float-conversion -Wno-non-literal-null-conversion -Wno-objc-literal-conversion -Wshorten-64-to-32 -Wpointer-sign -Wno-newline-eof -Wno-selector -Wno-strict-selector-match -Wno-undeclared-selector -Wno-deprecated-implementations -Wno-implicit-fallthrough -isysroot /Applications/Xcode.app/Contents/Developer/Platforms/iPhoneSimulator.platform/Developer/SDKs/iPhoneSimulator26.4.sdk -fstrict-aliasing -Wprotocol -Wdeprecated-declarations -Wno-sign-conversion -Wno-infinite-recursion -Wno-comma -Wno-block-capture-autoreleasing -Wno-strict-prototypes -Wno-semicolon-before-method-body -index-store-path /Users/aadityasingh/Library/Developer/Xcode/DerivedData/Chatlio-erkyzdeecsohoaggpwbjdvavzqfv/Index.noindex/DataStore @/Users/aadityasingh/Library/Developer/Xcode/DerivedData/Chatlio-erkyzdeecsohoaggpwbjdvavzqfv/Build/Intermediates.noindex/DTCoreText.build/Debug-iphonesimulator/DTCoreText.build/Objects-normal/arm64/e6072d4f65d7061329687fe24e3d63a7-common-args.resp -include /Users/aadityasingh/Library/Developer/Xcode/DerivedData/Chatlio-erkyzdeecsohoaggpwbjdvavzqfv/Build/Intermediates.noindex/DTCoreText.build/Debug-iphonesimulator/DTCoreText.build/DerivedSources/resource_bundle_accessor.h -MMD -MT dependencies -MF /Users/aadityasingh/Library/Developer/Xcode/DerivedData/Chatlio-erkyzdeecsohoaggpwbjdvavzqfv/Build/Intermediates.noindex/DTCoreText.build/Debug-iphonesimulator/DTCoreText.build/Objects-normal/arm64/DTHTMLParserTextNode.d --serialize-diagnostics /Users/aadityasingh/Library/Developer/Xcode/DerivedData/Chatlio-erkyzdeecsohoaggpwbjdvavzqfv/Build/Intermediates.noindex/DTCoreText.build/Debug-iphonesimulator/DTCoreText.build/Objects-normal/arm64/DTHTMLParserTextNode.dia -c /Users/aadityasingh/Library/Developer/Xcode/DerivedData/Chatlio-erkyzdeecsohoaggpwbjdvavzqfv/SourcePackages/checkouts/DTCoreText/Core/Source/DTHTMLParserTextNode.m -o /Users/aadityasingh/Library/Developer/Xcode/DerivedData/Chatlio-erkyzdeecsohoaggpwbjdvavzqfv/Build/Intermediates.noindex/DTCoreText.build/Debug-iphonesimulator/DTCoreText.build/Objects-normal/arm64/DTHTMLParserTextNode.o -index-unit-output-path /DTCoreText.build/Debug-iphonesimulator/DTCoreText.build/Objects-normal/arm64/DTHTMLParserTextNode.o

ScanDependencies /Users/aadityasingh/Library/Developer/Xcode/DerivedData/Chatlio-erkyzdeecsohoaggpwbjdvavzqfv/Build/Intermediates.noindex/DTCoreText.build/Debug-iphonesimulator/DTCoreText.build/Objects-normal/arm64/DTHTMLParserNode.o /Users/aadityasingh/Library/Developer/Xcode/DerivedData/Chatlio-erkyzdeecsohoaggpwbjdvavzqfv/SourcePackages/checkouts/DTCoreText/Core/Source/DTHTMLParserNode.m normal arm64 objective-c com.apple.compilers.llvm.clang.1_0.compiler (in target 'DTCoreText' from project 'DTCoreText')
    cd /Users/aadityasingh/Documents/Development/element-x-ios/Chatlio.xcodeproj
    
    Using response file: /Users/aadityasingh/Library/Developer/Xcode/DerivedData/Chatlio-erkyzdeecsohoaggpwbjdvavzqfv/Build/Intermediates.noindex/DTCoreText.build/Debug-iphonesimulator/DTCoreText.build/Objects-normal/arm64/e6072d4f65d7061329687fe24e3d63a7-common-args.resp
    
    builtin-ScanDependencies -o /Users/aadityasingh/Library/Developer/Xcode/DerivedData/Chatlio-erkyzdeecsohoaggpwbjdvavzqfv/Build/Intermediates.noindex/DTCoreText.build/Debug-iphonesimulator/DTCoreText.build/Objects-normal/arm64/DTHTMLParserNode.o.scan -- /Applications/Xcode.app/Contents/Developer/Toolchains/XcodeDefault.xctoolchain/usr/bin/clang -x objective-c -ivfsstatcache /Users/aadityasingh/Library/Developer/Xcode/DerivedData/SDKStatCaches.noindex/iphonesimulator26.4-23E252-686eebb5dc1d8ecb277353a59184f4aa.sdkstatcache -target arm64-apple-ios12.0-simulator -fmessage-length\=0 -fdiagnostics-show-note-include-stack -fmacro-backtrace-limit\=0 -fno-color-diagnostics -fmodules-prune-interval\=86400 -fmodules-prune-after\=345600 -fbuild-session-file\=/Users/aadityasingh/Library/Developer/Xcode/DerivedData/ModuleCache.noindex/Session.modulevalidation -fmodules-validate-once-per-build-session -Wnon-modular-include-in-framework-module -Werror\=non-modular-include-in-framework-module -Wno-trigraphs -Wno-missing-field-initializers -Wno-missing-prototypes -Wno-return-type -Wno-implicit-atomic-properties -Wno-objc-interface-ivars -Wno-arc-repeated-use-of-weak -Wno-missing-braces -Wparentheses -Wswitch -Wno-unused-function -Wno-unused-label -Wno-unused-parameter -Wno-unused-variable -Wunused-value -Wno-empty-body -Wno-uninitialized -Wno-unknown-pragmas -w -Wno-shadow -Wno-four-char-constants -Wno-conversion -Wno-constant-conversion -Wno-int-conversion -Wno-bool-conversion -Wno-enum-conversion -Wno-float-conversion -Wno-non-literal-null-conversion -Wno-objc-literal-conversion -Wshorten-64-to-32 -Wpointer-sign -Wno-newline-eof -Wno-selector -Wno-strict-selector-match -Wno-undeclared-selector -Wno-deprecated-implementations -Wno-implicit-fallthrough -isysroot /Applications/Xcode.app/Contents/Developer/Platforms/iPhoneSimulator.platform/Developer/SDKs/iPhoneSimulator26.4.sdk -fstrict-aliasing -Wprotocol -Wdeprecated-declarations -Wno-sign-conversion -Wno-infinite-recursion -Wno-comma -Wno-block-capture-autoreleasing -Wno-strict-prototypes -Wno-semicolon-before-method-body -index-store-path /Users/aadityasingh/Library/Developer/Xcode/DerivedData/Chatlio-erkyzdeecsohoaggpwbjdvavzqfv/Index.noindex/DataStore @/Users/aadityasingh/Library/Developer/Xcode/DerivedData/Chatlio-erkyzdeecsohoaggpwbjdvavzqfv/Build/Intermediates.noindex/DTCoreText.build/Debug-iphonesimulator/DTCoreText.build/Objects-normal/arm64/e6072d4f65d7061329687fe24e3d63a7-common-args.resp -include /Users/aadityasingh/Library/Developer/Xcode/DerivedData/Chatlio-erkyzdeecsohoaggpwbjdvavzqfv/Build/Intermediates.noindex/DTCoreText.build/Debug-iphonesimulator/DTCoreText.build/DerivedSources/resource_bundle_accessor.h -MMD -MT dependencies -MF /Users/aadityasingh/Library/Developer/Xcode/DerivedData/Chatlio-erkyzdeecsohoaggpwbjdvavzqfv/Build/Intermediates.noindex/DTCoreText.build/Debug-iphonesimulator/DTCoreText.build/Objects-normal/arm64/DTHTMLParserNode.d --serialize-diagnostics /Users/aadityasingh/Library/Developer/Xcode/DerivedData/Chatlio-erkyzdeecsohoaggpwbjdvavzqfv/Build/Intermediates.noindex/DTCoreText.build/Debug-iphonesimulator/DTCoreText.build/Objects-normal/arm64/DTHTMLParserNode.dia -c /Users/aadityasingh/Library/Developer/Xcode/DerivedData/Chatlio-erkyzdeecsohoaggpwbjdvavzqfv/SourcePackages/checkouts/DTCoreText/Core/Source/DTHTMLParserNode.m -o /Users/aadityasingh/Library/Developer/Xcode/DerivedData/Chatlio-erkyzdeecsohoaggpwbjdvavzqfv/Build/Intermediates.noindex/DTCoreText.build/Debug-iphonesimulator/DTCoreText.build/Objects-normal/arm64/DTHTMLParserNode.o -index-unit-output-path /DTCoreText.build/Debug-iphonesimulator/DTCoreText.build/Objects-normal/arm64/DTHTMLParserNode.o

ScanDependencies /Users/aadityasingh/Library/Developer/Xcode/DerivedData/Chatlio-erkyzdeecsohoaggpwbjdvavzqfv/Build/Intermediates.noindex/DTCoreText.build/Debug-iphonesimulator/DTCoreText.build/Objects-normal/arm64/DTHTMLElement.o /Users/aadityasingh/Library/Developer/Xcode/DerivedData/Chatlio-erkyzdeecsohoaggpwbjdvavzqfv/SourcePackages/checkouts/DTCoreText/Core/Source/DTHTMLElement.m normal arm64 objective-c com.apple.compilers.llvm.clang.1_0.compiler (in target 'DTCoreText' from project 'DTCoreText')
    cd /Users/aadityasingh/Documents/Development/element-x-ios/Chatlio.xcodeproj
    
    Using response file: /Users/aadityasingh/Library/Developer/Xcode/DerivedData/Chatlio-erkyzdeecsohoaggpwbjdvavzqfv/Build/Intermediates.noindex/DTCoreText.build/Debug-iphonesimulator/DTCoreText.build/Objects-normal/arm64/e6072d4f65d7061329687fe24e3d63a7-common-args.resp
    
    builtin-ScanDependencies -o /Users/aadityasingh/Library/Developer/Xcode/DerivedData/Chatlio-erkyzdeecsohoaggpwbjdvavzqfv/Build/Intermediates.noindex/DTCoreText.build/Debug-iphonesimulator/DTCoreText.build/Objects-normal/arm64/DTHTMLElement.o.scan -- /Applications/Xcode.app/Contents/Developer/Toolchains/XcodeDefault.xctoolchain/usr/bin/clang -x objective-c -ivfsstatcache /Users/aadityasingh/Library/Developer/Xcode/DerivedData/SDKStatCaches.noindex/iphonesimulator26.4-23E252-686eebb5dc1d8ecb277353a59184f4aa.sdkstatcache -target arm64-apple-ios12.0-simulator -fmessage-length\=0 -fdiagnostics-show-note-include-stack -fmacro-backtrace-limit\=0 -fno-color-diagnostics -fmodules-prune-interval\=86400 -fmodules-prune-after\=345600 -fbuild-session-file\=/Users/aadityasingh/Library/Developer/Xcode/DerivedData/ModuleCache.noindex/Session.modulevalidation -fmodules-validate-once-per-build-session -Wnon-modular-include-in-framework-module -Werror\=non-modular-include-in-framework-module -Wno-trigraphs -Wno-missing-field-initializers -Wno-missing-prototypes -Wno-return-type -Wno-implicit-atomic-properties -Wno-objc-interface-ivars -Wno-arc-repeated-use-of-weak -Wno-missing-braces -Wparentheses -Wswitch -Wno-unused-function -Wno-unused-label -Wno-unused-parameter -Wno-unused-variable -Wunused-value -Wno-empty-body -Wno-uninitialized -Wno-unknown-pragmas -w -Wno-shadow -Wno-four-char-constants -Wno-conversion -Wno-constant-conversion -Wno-int-conversion -Wno-bool-conversion -Wno-enum-conversion -Wno-float-conversion -Wno-non-literal-null-conversion -Wno-objc-literal-conversion -Wshorten-64-to-32 -Wpointer-sign -Wno-newline-eof -Wno-selector -Wno-strict-selector-match -Wno-undeclared-selector -Wno-deprecated-implementations -Wno-implicit-fallthrough -isysroot /Applications/Xcode.app/Contents/Developer/Platforms/iPhoneSimulator.platform/Developer/SDKs/iPhoneSimulator26.4.sdk -fstrict-aliasing -Wprotocol -Wdeprecated-declarations -Wno-sign-conversion -Wno-infinite-recursion -Wno-comma -Wno-block-capture-autoreleasing -Wno-strict-prototypes -Wno-semicolon-before-method-body -index-store-path /Users/aadityasingh/Library/Developer/Xcode/DerivedData/Chatlio-erkyzdeecsohoaggpwbjdvavzqfv/Index.noindex/DataStore @/Users/aadityasingh/Library/Developer/Xcode/DerivedData/Chatlio-erkyzdeecsohoaggpwbjdvavzqfv/Build/Intermediates.noindex/DTCoreText.build/Debug-iphonesimulator/DTCoreText.build/Objects-normal/arm64/e6072d4f65d7061329687fe24e3d63a7-common-args.resp -include /Users/aadityasingh/Library/Developer/Xcode/DerivedData/Chatlio-erkyzdeecsohoaggpwbjdvavzqfv/Build/Intermediates.noindex/DTCoreText.build/Debug-iphonesimulator/DTCoreText.build/DerivedSources/resource_bundle_accessor.h -MMD -MT dependencies -MF /Users/aadityasingh/Library/Developer/Xcode/DerivedData/Chatlio-erkyzdeecsohoaggpwbjdvavzqfv/Build/Intermediates.noindex/DTCoreText.build/Debug-iphonesimulator/DTCoreText.build/Objects-normal/arm64/DTHTMLElement.d --serialize-diagnostics /Users/aadityasingh/Library/Developer/Xcode/DerivedData/Chatlio-erkyzdeecsohoaggpwbjdvavzqfv/Build/Intermediates.noindex/DTCoreText.build/Debug-iphonesimulator/DTCoreText.build/Objects-normal/arm64/DTHTMLElement.dia -c /Users/aadityasingh/Library/Developer/Xcode/DerivedData/Chatlio-erkyzdeecsohoaggpwbjdvavzqfv/SourcePackages/checkouts/DTCoreText/Core/Source/DTHTMLElement.m -o /Users/aadityasingh/Library/Developer/Xcode/DerivedData/Chatlio-erkyzdeecsohoaggpwbjdvavzqfv/Build/Intermediates.noindex/DTCoreText.build/Debug-iphonesimulator/DTCoreText.build/Objects-normal/arm64/DTHTMLElement.o -index-unit-output-path /DTCoreText.build/Debug-iphonesimulator/DTCoreText.build/Objects-normal/arm64/DTHTMLElement.o

ScanDependencies /Users/aadityasingh/Library/Developer/Xcode/DerivedData/Chatlio-erkyzdeecsohoaggpwbjdvavzqfv/Build/Intermediates.noindex/DTCoreText.build/Debug-iphonesimulator/DTCoreText.build/Objects-normal/arm64/DTHTMLAttributedStringBuilder.o /Users/aadityasingh/Library/Developer/Xcode/DerivedData/Chatlio-erkyzdeecsohoaggpwbjdvavzqfv/SourcePackages/checkouts/DTCoreText/Core/Source/DTHTMLAttributedStringBuilder.m normal arm64 objective-c com.apple.compilers.llvm.clang.1_0.compiler (in target 'DTCoreText' from project 'DTCoreText')
    cd /Users/aadityasingh/Documents/Development/element-x-ios/Chatlio.xcodeproj
    
    Using response file: /Users/aadityasingh/Library/Developer/Xcode/DerivedData/Chatlio-erkyzdeecsohoaggpwbjdvavzqfv/Build/Intermediates.noindex/DTCoreText.build/Debug-iphonesimulator/DTCoreText.build/Objects-normal/arm64/e6072d4f65d7061329687fe24e3d63a7-common-args.resp
    
    builtin-ScanDependencies -o /Users/aadityasingh/Library/Developer/Xcode/DerivedData/Chatlio-erkyzdeecsohoaggpwbjdvavzqfv/Build/Intermediates.noindex/DTCoreText.build/Debug-iphonesimulator/DTCoreText.build/Objects-normal/arm64/DTHTMLAttributedStringBuilder.o.scan -- /Applications/Xcode.app/Contents/Developer/Toolchains/XcodeDefault.xctoolchain/usr/bin/clang -x objective-c -ivfsstatcache /Users/aadityasingh/Library/Developer/Xcode/DerivedData/SDKStatCaches.noindex/iphonesimulator26.4-23E252-686eebb5dc1d8ecb277353a59184f4aa.sdkstatcache -target arm64-apple-ios12.0-simulator -fmessage-length\=0 -fdiagnostics-show-note-include-stack -fmacro-backtrace-limit\=0 -fno-color-diagnostics -fmodules-prune-interval\=86400 -fmodules-prune-after\=345600 -fbuild-session-file\=/Users/aadityasingh/Library/Developer/Xcode/DerivedData/ModuleCache.noindex/Session.modulevalidation -fmodules-validate-once-per-build-session -Wnon-modular-include-in-framework-module -Werror\=non-modular-include-in-framework-module -Wno-trigraphs -Wno-missing-field-initializers -Wno-missing-prototypes -Wno-return-type -Wno-implicit-atomic-properties -Wno-objc-interface-ivars -Wno-arc-repeated-use-of-weak -Wno-missing-braces -Wparentheses -Wswitch -Wno-unused-function -Wno-unused-label -Wno-unused-parameter -Wno-unused-variable -Wunused-value -Wno-empty-body -Wno-uninitialized -Wno-unknown-pragmas -w -Wno-shadow -Wno-four-char-constants -Wno-conversion -Wno-constant-conversion -Wno-int-conversion -Wno-bool-conversion -Wno-enum-conversion -Wno-float-conversion -Wno-non-literal-null-conversion -Wno-objc-literal-conversion -Wshorten-64-to-32 -Wpointer-sign -Wno-newline-eof -Wno-selector -Wno-strict-selector-match -Wno-undeclared-selector -Wno-deprecated-implementations -Wno-implicit-fallthrough -isysroot /Applications/Xcode.app/Contents/Developer/Platforms/iPhoneSimulator.platform/Developer/SDKs/iPhoneSimulator26.4.sdk -fstrict-aliasing -Wprotocol -Wdeprecated-declarations -Wno-sign-conversion -Wno-infinite-recursion -Wno-comma -Wno-block-capture-autoreleasing -Wno-strict-prototypes -Wno-semicolon-before-method-body -index-store-path /Users/aadityasingh/Library/Developer/Xcode/DerivedData/Chatlio-erkyzdeecsohoaggpwbjdvavzqfv/Index.noindex/DataStore @/Users/aadityasingh/Library/Developer/Xcode/DerivedData/Chatlio-erkyzdeecsohoaggpwbjdvavzqfv/Build/Intermediates.noindex/DTCoreText.build/Debug-iphonesimulator/DTCoreText.build/Objects-normal/arm64/e6072d4f65d7061329687fe24e3d63a7-common-args.resp -include /Users/aadityasingh/Library/Developer/Xcode/DerivedData/Chatlio-erkyzdeecsohoaggpwbjdvavzqfv/Build/Intermediates.noindex/DTCoreText.build/Debug-iphonesimulator/DTCoreText.build/DerivedSources/resource_bundle_accessor.h -MMD -MT dependencies -MF /Users/aadityasingh/Library/Developer/Xcode/DerivedData/Chatlio-erkyzdeecsohoaggpwbjdvavzqfv/Build/Intermediates.noindex/DTCoreText.build/Debug-iphonesimulator/DTCoreText.build/Objects-normal/arm64/DTHTMLAttributedStringBuilder.d --serialize-diagnostics /Users/aadityasingh/Library/Developer/Xcode/DerivedData/Chatlio-erkyzdeecsohoaggpwbjdvavzqfv/Build/Intermediates.noindex/DTCoreText.build/Debug-iphonesimulator/DTCoreText.build/Objects-normal/arm64/DTHTMLAttributedStringBuilder.dia -c /Users/aadityasingh/Library/Developer/Xcode/DerivedData/Chatlio-erkyzdeecsohoaggpwbjdvavzqfv/SourcePackages/checkouts/DTCoreText/Core/Source/DTHTMLAttributedStringBuilder.m -o /Users/aadityasingh/Library/Developer/Xcode/DerivedData/Chatlio-erkyzdeecsohoaggpwbjdvavzqfv/Build/Intermediates.noindex/DTCoreText.build/Debug-iphonesimulator/DTCoreText.build/Objects-normal/arm64/DTHTMLAttributedStringBuilder.o -index-unit-output-path /DTCoreText.build/Debug-iphonesimulator/DTCoreText.build/Objects-normal/arm64/DTHTMLAttributedStringBuilder.o

ScanDependencies /Users/aadityasingh/Library/Developer/Xcode/DerivedData/Chatlio-erkyzdeecsohoaggpwbjdvavzqfv/Build/Intermediates.noindex/DTCoreText.build/Debug-iphonesimulator/DTCoreText.build/Objects-normal/arm64/DTDictationPlaceholderView.o /Users/aadityasingh/Library/Developer/Xcode/DerivedData/Chatlio-erkyzdeecsohoaggpwbjdvavzqfv/SourcePackages/checkouts/DTCoreText/Core/Source/DTDictationPlaceholderView.m normal arm64 objective-c com.apple.compilers.llvm.clang.1_0.compiler (in target 'DTCoreText' from project 'DTCoreText')
    cd /Users/aadityasingh/Documents/Development/element-x-ios/Chatlio.xcodeproj
    
    Using response file: /Users/aadityasingh/Library/Developer/Xcode/DerivedData/Chatlio-erkyzdeecsohoaggpwbjdvavzqfv/Build/Intermediates.noindex/DTCoreText.build/Debug-iphonesimulator/DTCoreText.build/Objects-normal/arm64/e6072d4f65d7061329687fe24e3d63a7-common-args.resp
    
    builtin-ScanDependencies -o /Users/aadityasingh/Library/Developer/Xcode/DerivedData/Chatlio-erkyzdeecsohoaggpwbjdvavzqfv/Build/Intermediates.noindex/DTCoreText.build/Debug-iphonesimulator/DTCoreText.build/Objects-normal/arm64/DTDictationPlaceholderView.o.scan -- /Applications/Xcode.app/Contents/Developer/Toolchains/XcodeDefault.xctoolchain/usr/bin/clang -x objective-c -ivfsstatcache /Users/aadityasingh/Library/Developer/Xcode/DerivedData/SDKStatCaches.noindex/iphonesimulator26.4-23E252-686eebb5dc1d8ecb277353a59184f4aa.sdkstatcache -target arm64-apple-ios12.0-simulator -fmessage-length\=0 -fdiagnostics-show-note-include-stack -fmacro-backtrace-limit\=0 -fno-color-diagnostics -fmodules-prune-interval\=86400 -fmodules-prune-after\=345600 -fbuild-session-file\=/Users/aadityasingh/Library/Developer/Xcode/DerivedData/ModuleCache.noindex/Session.modulevalidation -fmodules-validate-once-per-build-session -Wnon-modular-include-in-framework-module -Werror\=non-modular-include-in-framework-module -Wno-trigraphs -Wno-missing-field-initializers -Wno-missing-prototypes -Wno-return-type -Wno-implicit-atomic-properties -Wno-objc-interface-ivars -Wno-arc-repeated-use-of-weak -Wno-missing-braces -Wparentheses -Wswitch -Wno-unused-function -Wno-unused-label -Wno-unused-parameter -Wno-unused-variable -Wunused-value -Wno-empty-body -Wno-uninitialized -Wno-unknown-pragmas -w -Wno-shadow -Wno-four-char-constants -Wno-conversion -Wno-constant-conversion -Wno-int-conversion -Wno-bool-conversion -Wno-enum-conversion -Wno-float-conversion -Wno-non-literal-null-conversion -Wno-objc-literal-conversion -Wshorten-64-to-32 -Wpointer-sign -Wno-newline-eof -Wno-selector -Wno-strict-selector-match -Wno-undeclared-selector -Wno-deprecated-implementations -Wno-implicit-fallthrough -isysroot /Applications/Xcode.app/Contents/Developer/Platforms/iPhoneSimulator.platform/Developer/SDKs/iPhoneSimulator26.4.sdk -fstrict-aliasing -Wprotocol -Wdeprecated-declarations -Wno-sign-conversion -Wno-infinite-recursion -Wno-comma -Wno-block-capture-autoreleasing -Wno-strict-prototypes -Wno-semicolon-before-method-body -index-store-path /Users/aadityasingh/Library/Developer/Xcode/DerivedData/Chatlio-erkyzdeecsohoaggpwbjdvavzqfv/Index.noindex/DataStore @/Users/aadityasingh/Library/Developer/Xcode/DerivedData/Chatlio-erkyzdeecsohoaggpwbjdvavzqfv/Build/Intermediates.noindex/DTCoreText.build/Debug-iphonesimulator/DTCoreText.build/Objects-normal/arm64/e6072d4f65d7061329687fe24e3d63a7-common-args.resp -include /Users/aadityasingh/Library/Developer/Xcode/DerivedData/Chatlio-erkyzdeecsohoaggpwbjdvavzqfv/Build/Intermediates.noindex/DTCoreText.build/Debug-iphonesimulator/DTCoreText.build/DerivedSources/resource_bundle_accessor.h -MMD -MT dependencies -MF /Users/aadityasingh/Library/Developer/Xcode/DerivedData/Chatlio-erkyzdeecsohoaggpwbjdvavzqfv/Build/Intermediates.noindex/DTCoreText.build/Debug-iphonesimulator/DTCoreText.build/Objects-normal/arm64/DTDictationPlaceholderView.d --serialize-diagnostics /Users/aadityasingh/Library/Developer/Xcode/DerivedData/Chatlio-erkyzdeecsohoaggpwbjdvavzqfv/Build/Intermediates.noindex/DTCoreText.build/Debug-iphonesimulator/DTCoreText.build/Objects-normal/arm64/DTDictationPlaceholderView.dia -c /Users/aadityasingh/Library/Developer/Xcode/DerivedData/Chatlio-erkyzdeecsohoaggpwbjdvavzqfv/SourcePackages/checkouts/DTCoreText/Core/Source/DTDictationPlaceholderView.m -o /Users/aadityasingh/Library/Developer/Xcode/DerivedData/Chatlio-erkyzdeecsohoaggpwbjdvavzqfv/Build/Intermediates.noindex/DTCoreText.build/Debug-iphonesimulator/DTCoreText.build/Objects-normal/arm64/DTDictationPlaceholderView.o -index-unit-output-path /DTCoreText.build/Debug-iphonesimulator/DTCoreText.build/Objects-normal/arm64/DTDictationPlaceholderView.o

ScanDependencies /Users/aadityasingh/Library/Developer/Xcode/DerivedData/Chatlio-erkyzdeecsohoaggpwbjdvavzqfv/Build/Intermediates.noindex/DTCoreText.build/Debug-iphonesimulator/DTCoreText.build/Objects-normal/arm64/DTDictationPlaceholderTextAttachment.o /Users/aadityasingh/Library/Developer/Xcode/DerivedData/Chatlio-erkyzdeecsohoaggpwbjdvavzqfv/SourcePackages/checkouts/DTCoreText/Core/Source/DTDictationPlaceholderTextAttachment.m normal arm64 objective-c com.apple.compilers.llvm.clang.1_0.compiler (in target 'DTCoreText' from project 'DTCoreText')
    cd /Users/aadityasingh/Documents/Development/element-x-ios/Chatlio.xcodeproj
    
    Using response file: /Users/aadityasingh/Library/Developer/Xcode/DerivedData/Chatlio-erkyzdeecsohoaggpwbjdvavzqfv/Build/Intermediates.noindex/DTCoreText.build/Debug-iphonesimulator/DTCoreText.build/Objects-normal/arm64/e6072d4f65d7061329687fe24e3d63a7-common-args.resp
    
    builtin-ScanDependencies -o /Users/aadityasingh/Library/Developer/Xcode/DerivedData/Chatlio-erkyzdeecsohoaggpwbjdvavzqfv/Build/Intermediates.noindex/DTCoreText.build/Debug-iphonesimulator/DTCoreText.build/Objects-normal/arm64/DTDictationPlaceholderTextAttachment.o.scan -- /Applications/Xcode.app/Contents/Developer/Toolchains/XcodeDefault.xctoolchain/usr/bin/clang -x objective-c -ivfsstatcache /Users/aadityasingh/Library/Developer/Xcode/DerivedData/SDKStatCaches.noindex/iphonesimulator26.4-23E252-686eebb5dc1d8ecb277353a59184f4aa.sdkstatcache -target arm64-apple-ios12.0-simulator -fmessage-length\=0 -fdiagnostics-show-note-include-stack -fmacro-backtrace-limit\=0 -fno-color-diagnostics -fmodules-prune-interval\=86400 -fmodules-prune-after\=345600 -fbuild-session-file\=/Users/aadityasingh/Library/Developer/Xcode/DerivedData/ModuleCache.noindex/Session.modulevalidation -fmodules-validate-once-per-build-session -Wnon-modular-include-in-framework-module -Werror\=non-modular-include-in-framework-module -Wno-trigraphs -Wno-missing-field-initializers -Wno-missing-prototypes -Wno-return-type -Wno-implicit-atomic-properties -Wno-objc-interface-ivars -Wno-arc-repeated-use-of-weak -Wno-missing-braces -Wparentheses -Wswitch -Wno-unused-function -Wno-unused-label -Wno-unused-parameter -Wno-unused-variable -Wunused-value -Wno-empty-body -Wno-uninitialized -Wno-unknown-pragmas -w -Wno-shadow -Wno-four-char-constants -Wno-conversion -Wno-constant-conversion -Wno-int-conversion -Wno-bool-conversion -Wno-enum-conversion -Wno-float-conversion -Wno-non-literal-null-conversion -Wno-objc-literal-conversion -Wshorten-64-to-32 -Wpointer-sign -Wno-newline-eof -Wno-selector -Wno-strict-selector-match -Wno-undeclared-selector -Wno-deprecated-implementations -Wno-implicit-fallthrough -isysroot /Applications/Xcode.app/Contents/Developer/Platforms/iPhoneSimulator.platform/Developer/SDKs/iPhoneSimulator26.4.sdk -fstrict-aliasing -Wprotocol -Wdeprecated-declarations -Wno-sign-conversion -Wno-infinite-recursion -Wno-comma -Wno-block-capture-autoreleasing -Wno-strict-prototypes -Wno-semicolon-before-method-body -index-store-path /Users/aadityasingh/Library/Developer/Xcode/DerivedData/Chatlio-erkyzdeecsohoaggpwbjdvavzqfv/Index.noindex/DataStore @/Users/aadityasingh/Library/Developer/Xcode/DerivedData/Chatlio-erkyzdeecsohoaggpwbjdvavzqfv/Build/Intermediates.noindex/DTCoreText.build/Debug-iphonesimulator/DTCoreText.build/Objects-normal/arm64/e6072d4f65d7061329687fe24e3d63a7-common-args.resp -include /Users/aadityasingh/Library/Developer/Xcode/DerivedData/Chatlio-erkyzdeecsohoaggpwbjdvavzqfv/Build/Intermediates.noindex/DTCoreText.build/Debug-iphonesimulator/DTCoreText.build/DerivedSources/resource_bundle_accessor.h -MMD -MT dependencies -MF /Users/aadityasingh/Library/Developer/Xcode/DerivedData/Chatlio-erkyzdeecsohoaggpwbjdvavzqfv/Build/Intermediates.noindex/DTCoreText.build/Debug-iphonesimulator/DTCoreText.build/Objects-normal/arm64/DTDictationPlaceholderTextAttachment.d --serialize-diagnostics /Users/aadityasingh/Library/Developer/Xcode/DerivedData/Chatlio-erkyzdeecsohoaggpwbjdvavzqfv/Build/Intermediates.noindex/DTCoreText.build/Debug-iphonesimulator/DTCoreText.build/Objects-normal/arm64/DTDictationPlaceholderTextAttachment.dia -c /Users/aadityasingh/Library/Developer/Xcode/DerivedData/Chatlio-erkyzdeecsohoaggpwbjdvavzqfv/SourcePackages/checkouts/DTCoreText/Core/Source/DTDictationPlaceholderTextAttachment.m -o /Users/aadityasingh/Library/Developer/Xcode/DerivedData/Chatlio-erkyzdeecsohoaggpwbjdvavzqfv/Build/Intermediates.noindex/DTCoreText.build/Debug-iphonesimulator/DTCoreText.build/Objects-normal/arm64/DTDictationPlaceholderTextAttachment.o -index-unit-output-path /DTCoreText.build/Debug-iphonesimulator/DTCoreText.build/Objects-normal/arm64/DTDictationPlaceholderTextAttachment.o

ScanDependencies /Users/aadityasingh/Library/Developer/Xcode/DerivedData/Chatlio-erkyzdeecsohoaggpwbjdvavzqfv/Build/Intermediates.noindex/DTCoreText.build/Debug-iphonesimulator/DTCoreText.build/Objects-normal/arm64/DTCoreTextParagraphStyle.o /Users/aadityasingh/Library/Developer/Xcode/DerivedData/Chatlio-erkyzdeecsohoaggpwbjdvavzqfv/SourcePackages/checkouts/DTCoreText/Core/Source/DTCoreTextParagraphStyle.m normal arm64 objective-c com.apple.compilers.llvm.clang.1_0.compiler (in target 'DTCoreText' from project 'DTCoreText')
    cd /Users/aadityasingh/Documents/Development/element-x-ios/Chatlio.xcodeproj
    
    Using response file: /Users/aadityasingh/Library/Developer/Xcode/DerivedData/Chatlio-erkyzdeecsohoaggpwbjdvavzqfv/Build/Intermediates.noindex/DTCoreText.build/Debug-iphonesimulator/DTCoreText.build/Objects-normal/arm64/e6072d4f65d7061329687fe24e3d63a7-common-args.resp
    
    builtin-ScanDependencies -o /Users/aadityasingh/Library/Developer/Xcode/DerivedData/Chatlio-erkyzdeecsohoaggpwbjdvavzqfv/Build/Intermediates.noindex/DTCoreText.build/Debug-iphonesimulator/DTCoreText.build/Objects-normal/arm64/DTCoreTextParagraphStyle.o.scan -- /Applications/Xcode.app/Contents/Developer/Toolchains/XcodeDefault.xctoolchain/usr/bin/clang -x objective-c -ivfsstatcache /Users/aadityasingh/Library/Developer/Xcode/DerivedData/SDKStatCaches.noindex/iphonesimulator26.4-23E252-686eebb5dc1d8ecb277353a59184f4aa.sdkstatcache -target arm64-apple-ios12.0-simulator -fmessage-length\=0 -fdiagnostics-show-note-include-stack -fmacro-backtrace-limit\=0 -fno-color-diagnostics -fmodules-prune-interval\=86400 -fmodules-prune-after\=345600 -fbuild-session-file\=/Users/aadityasingh/Library/Developer/Xcode/DerivedData/ModuleCache.noindex/Session.modulevalidation -fmodules-validate-once-per-build-session -Wnon-modular-include-in-framework-module -Werror\=non-modular-include-in-framework-module -Wno-trigraphs -Wno-missing-field-initializers -Wno-missing-prototypes -Wno-return-type -Wno-implicit-atomic-properties -Wno-objc-interface-ivars -Wno-arc-repeated-use-of-weak -Wno-missing-braces -Wparentheses -Wswitch -Wno-unused-function -Wno-unused-label -Wno-unused-parameter -Wno-unused-variable -Wunused-value -Wno-empty-body -Wno-uninitialized -Wno-unknown-pragmas -w -Wno-shadow -Wno-four-char-constants -Wno-conversion -Wno-constant-conversion -Wno-int-conversion -Wno-bool-conversion -Wno-enum-conversion -Wno-float-conversion -Wno-non-literal-null-conversion -Wno-objc-literal-conversion -Wshorten-64-to-32 -Wpointer-sign -Wno-newline-eof -Wno-selector -Wno-strict-selector-match -Wno-undeclared-selector -Wno-deprecated-implementations -Wno-implicit-fallthrough -isysroot /Applications/Xcode.app/Contents/Developer/Platforms/iPhoneSimulator.platform/Developer/SDKs/iPhoneSimulator26.4.sdk -fstrict-aliasing -Wprotocol -Wdeprecated-declarations -Wno-sign-conversion -Wno-infinite-recursion -Wno-comma -Wno-block-capture-autoreleasing -Wno-strict-prototypes -Wno-semicolon-before-method-body -index-store-path /Users/aadityasingh/Library/Developer/Xcode/DerivedData/Chatlio-erkyzdeecsohoaggpwbjdvavzqfv/Index.noindex/DataStore @/Users/aadityasingh/Library/Developer/Xcode/DerivedData/Chatlio-erkyzdeecsohoaggpwbjdvavzqfv/Build/Intermediates.noindex/DTCoreText.build/Debug-iphonesimulator/DTCoreText.build/Objects-normal/arm64/e6072d4f65d7061329687fe24e3d63a7-common-args.resp -include /Users/aadityasingh/Library/Developer/Xcode/DerivedData/Chatlio-erkyzdeecsohoaggpwbjdvavzqfv/Build/Intermediates.noindex/DTCoreText.build/Debug-iphonesimulator/DTCoreText.build/DerivedSources/resource_bundle_accessor.h -MMD -MT dependencies -MF /Users/aadityasingh/Library/Developer/Xcode/DerivedData/Chatlio-erkyzdeecsohoaggpwbjdvavzqfv/Build/Intermediates.noindex/DTCoreText.build/Debug-iphonesimulator/DTCoreText.build/Objects-normal/arm64/DTCoreTextParagraphStyle.d --serialize-diagnostics /Users/aadityasingh/Library/Developer/Xcode/DerivedData/Chatlio-erkyzdeecsohoaggpwbjdvavzqfv/Build/Intermediates.noindex/DTCoreText.build/Debug-iphonesimulator/DTCoreText.build/Objects-normal/arm64/DTCoreTextParagraphStyle.dia -c /Users/aadityasingh/Library/Developer/Xcode/DerivedData/Chatlio-erkyzdeecsohoaggpwbjdvavzqfv/SourcePackages/checkouts/DTCoreText/Core/Source/DTCoreTextParagraphStyle.m -o /Users/aadityasingh/Library/Developer/Xcode/DerivedData/Chatlio-erkyzdeecsohoaggpwbjdvavzqfv/Build/Intermediates.noindex/DTCoreText.build/Debug-iphonesimulator/DTCoreText.build/Objects-normal/arm64/DTCoreTextParagraphStyle.o -index-unit-output-path /DTCoreText.build/Debug-iphonesimulator/DTCoreText.build/Objects-normal/arm64/DTCoreTextParagraphStyle.o

PrecompileModule /Users/aadityasingh/Library/Developer/Xcode/DerivedData/Chatlio-erkyzdeecsohoaggpwbjdvavzqfv/Build/Intermediates.noindex/ExplicitPrecompiledModules/CoreVideo-7KH5CQ5MJFKXY8V7SNICP0OHX.scan
    cd /
    builtin-precompileModule /Users/aadityasingh/Library/Developer/Xcode/DerivedData/Chatlio-erkyzdeecsohoaggpwbjdvavzqfv/Build/Intermediates.noindex/ExplicitPrecompiledModules/CoreVideo-7KH5CQ5MJFKXY8V7SNICP0OHX.scan

ScanDependencies /Users/aadityasingh/Library/Developer/Xcode/DerivedData/Chatlio-erkyzdeecsohoaggpwbjdvavzqfv/Build/Intermediates.noindex/DTCoreText.build/Debug-iphonesimulator/DTCoreText.build/Objects-normal/arm64/DTCoreTextLayouter.o /Users/aadityasingh/Library/Developer/Xcode/DerivedData/Chatlio-erkyzdeecsohoaggpwbjdvavzqfv/SourcePackages/checkouts/DTCoreText/Core/Source/DTCoreTextLayouter.m normal arm64 objective-c com.apple.compilers.llvm.clang.1_0.compiler (in target 'DTCoreText' from project 'DTCoreText')
    cd /Users/aadityasingh/Documents/Development/element-x-ios/Chatlio.xcodeproj
    
    Using response file: /Users/aadityasingh/Library/Developer/Xcode/DerivedData/Chatlio-erkyzdeecsohoaggpwbjdvavzqfv/Build/Intermediates.noindex/DTCoreText.build/Debug-iphonesimulator/DTCoreText.build/Objects-normal/arm64/e6072d4f65d7061329687fe24e3d63a7-common-args.resp
    
    builtin-ScanDependencies -o /Users/aadityasingh/Library/Developer/Xcode/DerivedData/Chatlio-erkyzdeecsohoaggpwbjdvavzqfv/Build/Intermediates.noindex/DTCoreText.build/Debug-iphonesimulator/DTCoreText.build/Objects-normal/arm64/DTCoreTextLayouter.o.scan -- /Applications/Xcode.app/Contents/Developer/Toolchains/XcodeDefault.xctoolchain/usr/bin/clang -x objective-c -ivfsstatcache /Users/aadityasingh/Library/Developer/Xcode/DerivedData/SDKStatCaches.noindex/iphonesimulator26.4-23E252-686eebb5dc1d8ecb277353a59184f4aa.sdkstatcache -target arm64-apple-ios12.0-simulator -fmessage-length\=0 -fdiagnostics-show-note-include-stack -fmacro-backtrace-limit\=0 -fno-color-diagnostics -fmodules-prune-interval\=86400 -fmodules-prune-after\=345600 -fbuild-session-file\=/Users/aadityasingh/Library/Developer/Xcode/DerivedData/ModuleCache.noindex/Session.modulevalidation -fmodules-validate-once-per-build-session -Wnon-modular-include-in-framework-module -Werror\=non-modular-include-in-framework-module -Wno-trigraphs -Wno-missing-field-initializers -Wno-missing-prototypes -Wno-return-type -Wno-implicit-atomic-properties -Wno-objc-interface-ivars -Wno-arc-repeated-use-of-weak -Wno-missing-braces -Wparentheses -Wswitch -Wno-unused-function -Wno-unused-label -Wno-unused-parameter -Wno-unused-variable -Wunused-value -Wno-empty-body -Wno-uninitialized -Wno-unknown-pragmas -w -Wno-shadow -Wno-four-char-constants -Wno-conversion -Wno-constant-conversion -Wno-int-conversion -Wno-bool-conversion -Wno-enum-conversion -Wno-float-conversion -Wno-non-literal-null-conversion -Wno-objc-literal-conversion -Wshorten-64-to-32 -Wpointer-sign -Wno-newline-eof -Wno-selector -Wno-strict-selector-match -Wno-undeclared-selector -Wno-deprecated-implementations -Wno-implicit-fallthrough -isysroot /Applications/Xcode.app/Contents/Developer/Platforms/iPhoneSimulator.platform/Developer/SDKs/iPhoneSimulator26.4.sdk -fstrict-aliasing -Wprotocol -Wdeprecated-declarations -Wno-sign-conversion -Wno-infinite-recursion -Wno-comma -Wno-block-capture-autoreleasing -Wno-strict-prototypes -Wno-semicolon-before-method-body -index-store-path /Users/aadityasingh/Library/Developer/Xcode/DerivedData/Chatlio-erkyzdeecsohoaggpwbjdvavzqfv/Index.noindex/DataStore @/Users/aadityasingh/Library/Developer/Xcode/DerivedData/Chatlio-erkyzdeecsohoaggpwbjdvavzqfv/Build/Intermediates.noindex/DTCoreText.build/Debug-iphonesimulator/DTCoreText.build/Objects-normal/arm64/e6072d4f65d7061329687fe24e3d63a7-common-args.resp -include /Users/aadityasingh/Library/Developer/Xcode/DerivedData/Chatlio-erkyzdeecsohoaggpwbjdvavzqfv/Build/Intermediates.noindex/DTCoreText.build/Debug-iphonesimulator/DTCoreText.build/DerivedSources/resource_bundle_accessor.h -MMD -MT dependencies -MF /Users/aadityasingh/Library/Developer/Xcode/DerivedData/Chatlio-erkyzdeecsohoaggpwbjdvavzqfv/Build/Intermediates.noindex/DTCoreText.build/Debug-iphonesimulator/DTCoreText.build/Objects-normal/arm64/DTCoreTextLayouter.d --serialize-diagnostics /Users/aadityasingh/Library/Developer/Xcode/DerivedData/Chatlio-erkyzdeecsohoaggpwbjdvavzqfv/Build/Intermediates.noindex/DTCoreText.build/Debug-iphonesimulator/DTCoreText.build/Objects-normal/arm64/DTCoreTextLayouter.dia -c /Users/aadityasingh/Library/Developer/Xcode/DerivedData/Chatlio-erkyzdeecsohoaggpwbjdvavzqfv/SourcePackages/checkouts/DTCoreText/Core/Source/DTCoreTextLayouter.m -o /Users/aadityasingh/Library/Developer/Xcode/DerivedData/Chatlio-erkyzdeecsohoaggpwbjdvavzqfv/Build/Intermediates.noindex/DTCoreText.build/Debug-iphonesimulator/DTCoreText.build/Objects-normal/arm64/DTCoreTextLayouter.o -index-unit-output-path /DTCoreText.build/Debug-iphonesimulator/DTCoreText.build/Objects-normal/arm64/DTCoreTextLayouter.o

ScanDependencies /Users/aadityasingh/Library/Developer/Xcode/DerivedData/Chatlio-erkyzdeecsohoaggpwbjdvavzqfv/Build/Intermediates.noindex/DTCoreText.build/Debug-iphonesimulator/DTCoreText.build/Objects-normal/arm64/DTCoreTextLayoutLine.o /Users/aadityasingh/Library/Developer/Xcode/DerivedData/Chatlio-erkyzdeecsohoaggpwbjdvavzqfv/SourcePackages/checkouts/DTCoreText/Core/Source/DTCoreTextLayoutLine.m normal arm64 objective-c com.apple.compilers.llvm.clang.1_0.compiler (in target 'DTCoreText' from project 'DTCoreText')
    cd /Users/aadityasingh/Documents/Development/element-x-ios/Chatlio.xcodeproj
    
    Using response file: /Users/aadityasingh/Library/Developer/Xcode/DerivedData/Chatlio-erkyzdeecsohoaggpwbjdvavzqfv/Build/Intermediates.noindex/DTCoreText.build/Debug-iphonesimulator/DTCoreText.build/Objects-normal/arm64/e6072d4f65d7061329687fe24e3d63a7-common-args.resp
    
    builtin-ScanDependencies -o /Users/aadityasingh/Library/Developer/Xcode/DerivedData/Chatlio-erkyzdeecsohoaggpwbjdvavzqfv/Build/Intermediates.noindex/DTCoreText.build/Debug-iphonesimulator/DTCoreText.build/Objects-normal/arm64/DTCoreTextLayoutLine.o.scan -- /Applications/Xcode.app/Contents/Developer/Toolchains/XcodeDefault.xctoolchain/usr/bin/clang -x objective-c -ivfsstatcache /Users/aadityasingh/Library/Developer/Xcode/DerivedData/SDKStatCaches.noindex/iphonesimulator26.4-23E252-686eebb5dc1d8ecb277353a59184f4aa.sdkstatcache -target arm64-apple-ios12.0-simulator -fmessage-length\=0 -fdiagnostics-show-note-include-stack -fmacro-backtrace-limit\=0 -fno-color-diagnostics -fmodules-prune-interval\=86400 -fmodules-prune-after\=345600 -fbuild-session-file\=/Users/aadityasingh/Library/Developer/Xcode/DerivedData/ModuleCache.noindex/Session.modulevalidation -fmodules-validate-once-per-build-session -Wnon-modular-include-in-framework-module -Werror\=non-modular-include-in-framework-module -Wno-trigraphs -Wno-missing-field-initializers -Wno-missing-prototypes -Wno-return-type -Wno-implicit-atomic-properties -Wno-objc-interface-ivars -Wno-arc-repeated-use-of-weak -Wno-missing-braces -Wparentheses -Wswitch -Wno-unused-function -Wno-unused-label -Wno-unused-parameter -Wno-unused-variable -Wunused-value -Wno-empty-body -Wno-uninitialized -Wno-unknown-pragmas -w -Wno-shadow -Wno-four-char-constants -Wno-conversion -Wno-constant-conversion -Wno-int-conversion -Wno-bool-conversion -Wno-enum-conversion -Wno-float-conversion -Wno-non-literal-null-conversion -Wno-objc-literal-conversion -Wshorten-64-to-32 -Wpointer-sign -Wno-newline-eof -Wno-selector -Wno-strict-selector-match -Wno-undeclared-selector -Wno-deprecated-implementations -Wno-implicit-fallthrough -isysroot /Applications/Xcode.app/Contents/Developer/Platforms/iPhoneSimulator.platform/Developer/SDKs/iPhoneSimulator26.4.sdk -fstrict-aliasing -Wprotocol -Wdeprecated-declarations -Wno-sign-conversion -Wno-infinite-recursion -Wno-comma -Wno-block-capture-autoreleasing -Wno-strict-prototypes -Wno-semicolon-before-method-body -index-store-path /Users/aadityasingh/Library/Developer/Xcode/DerivedData/Chatlio-erkyzdeecsohoaggpwbjdvavzqfv/Index.noindex/DataStore @/Users/aadityasingh/Library/Developer/Xcode/DerivedData/Chatlio-erkyzdeecsohoaggpwbjdvavzqfv/Build/Intermediates.noindex/DTCoreText.build/Debug-iphonesimulator/DTCoreText.build/Objects-normal/arm64/e6072d4f65d7061329687fe24e3d63a7-common-args.resp -include /Users/aadityasingh/Library/Developer/Xcode/DerivedData/Chatlio-erkyzdeecsohoaggpwbjdvavzqfv/Build/Intermediates.noindex/DTCoreText.build/Debug-iphonesimulator/DTCoreText.build/DerivedSources/resource_bundle_accessor.h -MMD -MT dependencies -MF /Users/aadityasingh/Library/Developer/Xcode/DerivedData/Chatlio-erkyzdeecsohoaggpwbjdvavzqfv/Build/Intermediates.noindex/DTCoreText.build/Debug-iphonesimulator/DTCoreText.build/Objects-normal/arm64/DTCoreTextLayoutLine.d --serialize-diagnostics /Users/aadityasingh/Library/Developer/Xcode/DerivedData/Chatlio-erkyzdeecsohoaggpwbjdvavzqfv/Build/Intermediates.noindex/DTCoreText.build/Debug-iphonesimulator/DTCoreText.build/Objects-normal/arm64/DTCoreTextLayoutLine.dia -c /Users/aadityasingh/Library/Developer/Xcode/DerivedData/Chatlio-erkyzdeecsohoaggpwbjdvavzqfv/SourcePackages/checkouts/DTCoreText/Core/Source/DTCoreTextLayoutLine.m -o /Users/aadityasingh/Library/Developer/Xcode/DerivedData/Chatlio-erkyzdeecsohoaggpwbjdvavzqfv/Build/Intermediates.noindex/DTCoreText.build/Debug-iphonesimulator/DTCoreText.build/Objects-normal/arm64/DTCoreTextLayoutLine.o -index-unit-output-path /DTCoreText.build/Debug-iphonesimulator/DTCoreText.build/Objects-normal/arm64/DTCoreTextLayoutLine.o

ScanDependencies /Users/aadityasingh/Library/Developer/Xcode/DerivedData/Chatlio-erkyzdeecsohoaggpwbjdvavzqfv/Build/Intermediates.noindex/DTCoreText.build/Debug-iphonesimulator/DTCoreText.build/Objects-normal/arm64/DTCoreTextLayoutFrameAccessibilityElementGenerator.o /Users/aadityasingh/Library/Developer/Xcode/DerivedData/Chatlio-erkyzdeecsohoaggpwbjdvavzqfv/SourcePackages/checkouts/DTCoreText/Core/Source/DTCoreTextLayoutFrameAccessibilityElementGenerator.m normal arm64 objective-c com.apple.compilers.llvm.clang.1_0.compiler (in target 'DTCoreText' from project 'DTCoreText')
    cd /Users/aadityasingh/Documents/Development/element-x-ios/Chatlio.xcodeproj
    
    Using response file: /Users/aadityasingh/Library/Developer/Xcode/DerivedData/Chatlio-erkyzdeecsohoaggpwbjdvavzqfv/Build/Intermediates.noindex/DTCoreText.build/Debug-iphonesimulator/DTCoreText.build/Objects-normal/arm64/e6072d4f65d7061329687fe24e3d63a7-common-args.resp
    
    builtin-ScanDependencies -o /Users/aadityasingh/Library/Developer/Xcode/DerivedData/Chatlio-erkyzdeecsohoaggpwbjdvavzqfv/Build/Intermediates.noindex/DTCoreText.build/Debug-iphonesimulator/DTCoreText.build/Objects-normal/arm64/DTCoreTextLayoutFrameAccessibilityElementGenerator.o.scan -- /Applications/Xcode.app/Contents/Developer/Toolchains/XcodeDefault.xctoolchain/usr/bin/clang -x objective-c -ivfsstatcache /Users/aadityasingh/Library/Developer/Xcode/DerivedData/SDKStatCaches.noindex/iphonesimulator26.4-23E252-686eebb5dc1d8ecb277353a59184f4aa.sdkstatcache -target arm64-apple-ios12.0-simulator -fmessage-length\=0 -fdiagnostics-show-note-include-stack -fmacro-backtrace-limit\=0 -fno-color-diagnostics -fmodules-prune-interval\=86400 -fmodules-prune-after\=345600 -fbuild-session-file\=/Users/aadityasingh/Library/Developer/Xcode/DerivedData/ModuleCache.noindex/Session.modulevalidation -fmodules-validate-once-per-build-session -Wnon-modular-include-in-framework-module -Werror\=non-modular-include-in-framework-module -Wno-trigraphs -Wno-missing-field-initializers -Wno-missing-prototypes -Wno-return-type -Wno-implicit-atomic-properties -Wno-objc-interface-ivars -Wno-arc-repeated-use-of-weak -Wno-missing-braces -Wparentheses -Wswitch -Wno-unused-function -Wno-unused-label -Wno-unused-parameter -Wno-unused-variable -Wunused-value -Wno-empty-body -Wno-uninitialized -Wno-unknown-pragmas -w -Wno-shadow -Wno-four-char-constants -Wno-conversion -Wno-constant-conversion -Wno-int-conversion -Wno-bool-conversion -Wno-enum-conversion -Wno-float-conversion -Wno-non-literal-null-conversion -Wno-objc-literal-conversion -Wshorten-64-to-32 -Wpointer-sign -Wno-newline-eof -Wno-selector -Wno-strict-selector-match -Wno-undeclared-selector -Wno-deprecated-implementations -Wno-implicit-fallthrough -isysroot /Applications/Xcode.app/Contents/Developer/Platforms/iPhoneSimulator.platform/Developer/SDKs/iPhoneSimulator26.4.sdk -fstrict-aliasing -Wprotocol -Wdeprecated-declarations -Wno-sign-conversion -Wno-infinite-recursion -Wno-comma -Wno-block-capture-autoreleasing -Wno-strict-prototypes -Wno-semicolon-before-method-body -index-store-path /Users/aadityasingh/Library/Developer/Xcode/DerivedData/Chatlio-erkyzdeecsohoaggpwbjdvavzqfv/Index.noindex/DataStore @/Users/aadityasingh/Library/Developer/Xcode/DerivedData/Chatlio-erkyzdeecsohoaggpwbjdvavzqfv/Build/Intermediates.noindex/DTCoreText.build/Debug-iphonesimulator/DTCoreText.build/Objects-normal/arm64/e6072d4f65d7061329687fe24e3d63a7-common-args.resp -include /Users/aadityasingh/Library/Developer/Xcode/DerivedData/Chatlio-erkyzdeecsohoaggpwbjdvavzqfv/Build/Intermediates.noindex/DTCoreText.build/Debug-iphonesimulator/DTCoreText.build/DerivedSources/resource_bundle_accessor.h -MMD -MT dependencies -MF /Users/aadityasingh/Library/Developer/Xcode/DerivedData/Chatlio-erkyzdeecsohoaggpwbjdvavzqfv/Build/Intermediates.noindex/DTCoreText.build/Debug-iphonesimulator/DTCoreText.build/Objects-normal/arm64/DTCoreTextLayoutFrameAccessibilityElementGenerator.d --serialize-diagnostics /Users/aadityasingh/Library/Developer/Xcode/DerivedData/Chatlio-erkyzdeecsohoaggpwbjdvavzqfv/Build/Intermediates.noindex/DTCoreText.build/Debug-iphonesimulator/DTCoreText.build/Objects-normal/arm64/DTCoreTextLayoutFrameAccessibilityElementGenerator.dia -c /Users/aadityasingh/Library/Developer/Xcode/DerivedData/Chatlio-erkyzdeecsohoaggpwbjdvavzqfv/SourcePackages/checkouts/DTCoreText/Core/Source/DTCoreTextLayoutFrameAccessibilityElementGenerator.m -o /Users/aadityasingh/Library/Developer/Xcode/DerivedData/Chatlio-erkyzdeecsohoaggpwbjdvavzqfv/Build/Intermediates.noindex/DTCoreText.build/Debug-iphonesimulator/DTCoreText.build/Objects-normal/arm64/DTCoreTextLayoutFrameAccessibilityElementGenerator.o -index-unit-output-path /DTCoreText.build/Debug-iphonesimulator/DTCoreText.build/Objects-normal/arm64/DTCoreTextLayoutFrameAccessibilityElementGenerator.o

ScanDependencies /Users/aadityasingh/Library/Developer/Xcode/DerivedData/Chatlio-erkyzdeecsohoaggpwbjdvavzqfv/Build/Intermediates.noindex/DTCoreText.build/Debug-iphonesimulator/DTCoreText.build/Objects-normal/arm64/DTCoreTextLayoutFrame.o /Users/aadityasingh/Library/Developer/Xcode/DerivedData/Chatlio-erkyzdeecsohoaggpwbjdvavzqfv/SourcePackages/checkouts/DTCoreText/Core/Source/DTCoreTextLayoutFrame.m normal arm64 objective-c com.apple.compilers.llvm.clang.1_0.compiler (in target 'DTCoreText' from project 'DTCoreText')
    cd /Users/aadityasingh/Documents/Development/element-x-ios/Chatlio.xcodeproj
    
    Using response file: /Users/aadityasingh/Library/Developer/Xcode/DerivedData/Chatlio-erkyzdeecsohoaggpwbjdvavzqfv/Build/Intermediates.noindex/DTCoreText.build/Debug-iphonesimulator/DTCoreText.build/Objects-normal/arm64/e6072d4f65d7061329687fe24e3d63a7-common-args.resp
    
    builtin-ScanDependencies -o /Users/aadityasingh/Library/Developer/Xcode/DerivedData/Chatlio-erkyzdeecsohoaggpwbjdvavzqfv/Build/Intermediates.noindex/DTCoreText.build/Debug-iphonesimulator/DTCoreText.build/Objects-normal/arm64/DTCoreTextLayoutFrame.o.scan -- /Applications/Xcode.app/Contents/Developer/Toolchains/XcodeDefault.xctoolchain/usr/bin/clang -x objective-c -ivfsstatcache /Users/aadityasingh/Library/Developer/Xcode/DerivedData/SDKStatCaches.noindex/iphonesimulator26.4-23E252-686eebb5dc1d8ecb277353a59184f4aa.sdkstatcache -target arm64-apple-ios12.0-simulator -fmessage-length\=0 -fdiagnostics-show-note-include-stack -fmacro-backtrace-limit\=0 -fno-color-diagnostics -fmodules-prune-interval\=86400 -fmodules-prune-after\=345600 -fbuild-session-file\=/Users/aadityasingh/Library/Developer/Xcode/DerivedData/ModuleCache.noindex/Session.modulevalidation -fmodules-validate-once-per-build-session -Wnon-modular-include-in-framework-module -Werror\=non-modular-include-in-framework-module -Wno-trigraphs -Wno-missing-field-initializers -Wno-missing-prototypes -Wno-return-type -Wno-implicit-atomic-properties -Wno-objc-interface-ivars -Wno-arc-repeated-use-of-weak -Wno-missing-braces -Wparentheses -Wswitch -Wno-unused-function -Wno-unused-label -Wno-unused-parameter -Wno-unused-variable -Wunused-value -Wno-empty-body -Wno-uninitialized -Wno-unknown-pragmas -w -Wno-shadow -Wno-four-char-constants -Wno-conversion -Wno-constant-conversion -Wno-int-conversion -Wno-bool-conversion -Wno-enum-conversion -Wno-float-conversion -Wno-non-literal-null-conversion -Wno-objc-literal-conversion -Wshorten-64-to-32 -Wpointer-sign -Wno-newline-eof -Wno-selector -Wno-strict-selector-match -Wno-undeclared-selector -Wno-deprecated-implementations -Wno-implicit-fallthrough -isysroot /Applications/Xcode.app/Contents/Developer/Platforms/iPhoneSimulator.platform/Developer/SDKs/iPhoneSimulator26.4.sdk -fstrict-aliasing -Wprotocol -Wdeprecated-declarations -Wno-sign-conversion -Wno-infinite-recursion -Wno-comma -Wno-block-capture-autoreleasing -Wno-strict-prototypes -Wno-semicolon-before-method-body -index-store-path /Users/aadityasingh/Library/Developer/Xcode/DerivedData/Chatlio-erkyzdeecsohoaggpwbjdvavzqfv/Index.noindex/DataStore @/Users/aadityasingh/Library/Developer/Xcode/DerivedData/Chatlio-erkyzdeecsohoaggpwbjdvavzqfv/Build/Intermediates.noindex/DTCoreText.build/Debug-iphonesimulator/DTCoreText.build/Objects-normal/arm64/e6072d4f65d7061329687fe24e3d63a7-common-args.resp -include /Users/aadityasingh/Library/Developer/Xcode/DerivedData/Chatlio-erkyzdeecsohoaggpwbjdvavzqfv/Build/Intermediates.noindex/DTCoreText.build/Debug-iphonesimulator/DTCoreText.build/DerivedSources/resource_bundle_accessor.h -MMD -MT dependencies -MF /Users/aadityasingh/Library/Developer/Xcode/DerivedData/Chatlio-erkyzdeecsohoaggpwbjdvavzqfv/Build/Intermediates.noindex/DTCoreText.build/Debug-iphonesimulator/DTCoreText.build/Objects-normal/arm64/DTCoreTextLayoutFrame.d --serialize-diagnostics /Users/aadityasingh/Library/Developer/Xcode/DerivedData/Chatlio-erkyzdeecsohoaggpwbjdvavzqfv/Build/Intermediates.noindex/DTCoreText.build/Debug-iphonesimulator/DTCoreText.build/Objects-normal/arm64/DTCoreTextLayoutFrame.dia -c /Users/aadityasingh/Library/Developer/Xcode/DerivedData/Chatlio-erkyzdeecsohoaggpwbjdvavzqfv/SourcePackages/checkouts/DTCoreText/Core/Source/DTCoreTextLayoutFrame.m -o /Users/aadityasingh/Library/Developer/Xcode/DerivedData/Chatlio-erkyzdeecsohoaggpwbjdvavzqfv/Build/Intermediates.noindex/DTCoreText.build/Debug-iphonesimulator/DTCoreText.build/Objects-normal/arm64/DTCoreTextLayoutFrame.o -index-unit-output-path /DTCoreText.build/Debug-iphonesimulator/DTCoreText.build/Objects-normal/arm64/DTCoreTextLayoutFrame.o

ScanDependencies /Users/aadityasingh/Library/Developer/Xcode/DerivedData/Chatlio-erkyzdeecsohoaggpwbjdvavzqfv/Build/Intermediates.noindex/DTCoreText.build/Debug-iphonesimulator/DTCoreText.build/Objects-normal/arm64/DTCoreTextLayoutFrame+Cursor.o /Users/aadityasingh/Library/Developer/Xcode/DerivedData/Chatlio-erkyzdeecsohoaggpwbjdvavzqfv/SourcePackages/checkouts/DTCoreText/Core/Source/DTCoreTextLayoutFrame+Cursor.m normal arm64 objective-c com.apple.compilers.llvm.clang.1_0.compiler (in target 'DTCoreText' from project 'DTCoreText')
    cd /Users/aadityasingh/Documents/Development/element-x-ios/Chatlio.xcodeproj
    
    Using response file: /Users/aadityasingh/Library/Developer/Xcode/DerivedData/Chatlio-erkyzdeecsohoaggpwbjdvavzqfv/Build/Intermediates.noindex/DTCoreText.build/Debug-iphonesimulator/DTCoreText.build/Objects-normal/arm64/e6072d4f65d7061329687fe24e3d63a7-common-args.resp
    
    builtin-ScanDependencies -o /Users/aadityasingh/Library/Developer/Xcode/DerivedData/Chatlio-erkyzdeecsohoaggpwbjdvavzqfv/Build/Intermediates.noindex/DTCoreText.build/Debug-iphonesimulator/DTCoreText.build/Objects-normal/arm64/DTCoreTextLayoutFrame+Cursor.o.scan -- /Applications/Xcode.app/Contents/Developer/Toolchains/XcodeDefault.xctoolchain/usr/bin/clang -x objective-c -ivfsstatcache /Users/aadityasingh/Library/Developer/Xcode/DerivedData/SDKStatCaches.noindex/iphonesimulator26.4-23E252-686eebb5dc1d8ecb277353a59184f4aa.sdkstatcache -target arm64-apple-ios12.0-simulator -fmessage-length\=0 -fdiagnostics-show-note-include-stack -fmacro-backtrace-limit\=0 -fno-color-diagnostics -fmodules-prune-interval\=86400 -fmodules-prune-after\=345600 -fbuild-session-file\=/Users/aadityasingh/Library/Developer/Xcode/DerivedData/ModuleCache.noindex/Session.modulevalidation -fmodules-validate-once-per-build-session -Wnon-modular-include-in-framework-module -Werror\=non-modular-include-in-framework-module -Wno-trigraphs -Wno-missing-field-initializers -Wno-missing-prototypes -Wno-return-type -Wno-implicit-atomic-properties -Wno-objc-interface-ivars -Wno-arc-repeated-use-of-weak -Wno-missing-braces -Wparentheses -Wswitch -Wno-unused-function -Wno-unused-label -Wno-unused-parameter -Wno-unused-variable -Wunused-value -Wno-empty-body -Wno-uninitialized -Wno-unknown-pragmas -w -Wno-shadow -Wno-four-char-constants -Wno-conversion -Wno-constant-conversion -Wno-int-conversion -Wno-bool-conversion -Wno-enum-conversion -Wno-float-conversion -Wno-non-literal-null-conversion -Wno-objc-literal-conversion -Wshorten-64-to-32 -Wpointer-sign -Wno-newline-eof -Wno-selector -Wno-strict-selector-match -Wno-undeclared-selector -Wno-deprecated-implementations -Wno-implicit-fallthrough -isysroot /Applications/Xcode.app/Contents/Developer/Platforms/iPhoneSimulator.platform/Developer/SDKs/iPhoneSimulator26.4.sdk -fstrict-aliasing -Wprotocol -Wdeprecated-declarations -Wno-sign-conversion -Wno-infinite-recursion -Wno-comma -Wno-block-capture-autoreleasing -Wno-strict-prototypes -Wno-semicolon-before-method-body -index-store-path /Users/aadityasingh/Library/Developer/Xcode/DerivedData/Chatlio-erkyzdeecsohoaggpwbjdvavzqfv/Index.noindex/DataStore @/Users/aadityasingh/Library/Developer/Xcode/DerivedData/Chatlio-erkyzdeecsohoaggpwbjdvavzqfv/Build/Intermediates.noindex/DTCoreText.build/Debug-iphonesimulator/DTCoreText.build/Objects-normal/arm64/e6072d4f65d7061329687fe24e3d63a7-common-args.resp -include /Users/aadityasingh/Library/Developer/Xcode/DerivedData/Chatlio-erkyzdeecsohoaggpwbjdvavzqfv/Build/Intermediates.noindex/DTCoreText.build/Debug-iphonesimulator/DTCoreText.build/DerivedSources/resource_bundle_accessor.h -MMD -MT dependencies -MF /Users/aadityasingh/Library/Developer/Xcode/DerivedData/Chatlio-erkyzdeecsohoaggpwbjdvavzqfv/Build/Intermediates.noindex/DTCoreText.build/Debug-iphonesimulator/DTCoreText.build/Objects-normal/arm64/DTCoreTextLayoutFrame+Cursor.d --serialize-diagnostics /Users/aadityasingh/Library/Developer/Xcode/DerivedData/Chatlio-erkyzdeecsohoaggpwbjdvavzqfv/Build/Intermediates.noindex/DTCoreText.build/Debug-iphonesimulator/DTCoreText.build/Objects-normal/arm64/DTCoreTextLayoutFrame+Cursor.dia -c /Users/aadityasingh/Library/Developer/Xcode/DerivedData/Chatlio-erkyzdeecsohoaggpwbjdvavzqfv/SourcePackages/checkouts/DTCoreText/Core/Source/DTCoreTextLayoutFrame+Cursor.m -o /Users/aadityasingh/Library/Developer/Xcode/DerivedData/Chatlio-erkyzdeecsohoaggpwbjdvavzqfv/Build/Intermediates.noindex/DTCoreText.build/Debug-iphonesimulator/DTCoreText.build/Objects-normal/arm64/DTCoreTextLayoutFrame+Cursor.o -index-unit-output-path /DTCoreText.build/Debug-iphonesimulator/DTCoreText.build/Objects-normal/arm64/DTCoreTextLayoutFrame+Cursor.o

PrecompileModule /Users/aadityasingh/Library/Developer/Xcode/DerivedData/Chatlio-erkyzdeecsohoaggpwbjdvavzqfv/Build/Intermediates.noindex/ExplicitPrecompiledModules/UIKit-CCS4CH6QGJR9RFP3P23BVYUOT.scan
    cd /
    builtin-precompileModule /Users/aadityasingh/Library/Developer/Xcode/DerivedData/Chatlio-erkyzdeecsohoaggpwbjdvavzqfv/Build/Intermediates.noindex/ExplicitPrecompiledModules/UIKit-CCS4CH6QGJR9RFP3P23BVYUOT.scan

PrecompileModule /Users/aadityasingh/Library/Developer/Xcode/DerivedData/Chatlio-erkyzdeecsohoaggpwbjdvavzqfv/Build/Intermediates.noindex/ExplicitPrecompiledModules/CoreVideo-1OOKBJL0L89OBF2H9OIHCGBEQ.scan
    cd /
    builtin-precompileModule /Users/aadityasingh/Library/Developer/Xcode/DerivedData/Chatlio-erkyzdeecsohoaggpwbjdvavzqfv/Build/Intermediates.noindex/ExplicitPrecompiledModules/CoreVideo-1OOKBJL0L89OBF2H9OIHCGBEQ.scan

ScanDependencies /Users/aadityasingh/Library/Developer/Xcode/DerivedData/Chatlio-erkyzdeecsohoaggpwbjdvavzqfv/Build/Intermediates.noindex/DTCoreText.build/Debug-iphonesimulator/DTCoreText.build/Objects-normal/arm64/DTCoreTextGlyphRun.o /Users/aadityasingh/Library/Developer/Xcode/DerivedData/Chatlio-erkyzdeecsohoaggpwbjdvavzqfv/SourcePackages/checkouts/DTCoreText/Core/Source/DTCoreTextGlyphRun.m normal arm64 objective-c com.apple.compilers.llvm.clang.1_0.compiler (in target 'DTCoreText' from project 'DTCoreText')
    cd /Users/aadityasingh/Documents/Development/element-x-ios/Chatlio.xcodeproj
    
    Using response file: /Users/aadityasingh/Library/Developer/Xcode/DerivedData/Chatlio-erkyzdeecsohoaggpwbjdvavzqfv/Build/Intermediates.noindex/DTCoreText.build/Debug-iphonesimulator/DTCoreText.build/Objects-normal/arm64/e6072d4f65d7061329687fe24e3d63a7-common-args.resp
    
    builtin-ScanDependencies -o /Users/aadityasingh/Library/Developer/Xcode/DerivedData/Chatlio-erkyzdeecsohoaggpwbjdvavzqfv/Build/Intermediates.noindex/DTCoreText.build/Debug-iphonesimulator/DTCoreText.build/Objects-normal/arm64/DTCoreTextGlyphRun.o.scan -- /Applications/Xcode.app/Contents/Developer/Toolchains/XcodeDefault.xctoolchain/usr/bin/clang -x objective-c -ivfsstatcache /Users/aadityasingh/Library/Developer/Xcode/DerivedData/SDKStatCaches.noindex/iphonesimulator26.4-23E252-686eebb5dc1d8ecb277353a59184f4aa.sdkstatcache -target arm64-apple-ios12.0-simulator -fmessage-length\=0 -fdiagnostics-show-note-include-stack -fmacro-backtrace-limit\=0 -fno-color-diagnostics -fmodules-prune-interval\=86400 -fmodules-prune-after\=345600 -fbuild-session-file\=/Users/aadityasingh/Library/Developer/Xcode/DerivedData/ModuleCache.noindex/Session.modulevalidation -fmodules-validate-once-per-build-session -Wnon-modular-include-in-framework-module -Werror\=non-modular-include-in-framework-module -Wno-trigraphs -Wno-missing-field-initializers -Wno-missing-prototypes -Wno-return-type -Wno-implicit-atomic-properties -Wno-objc-interface-ivars -Wno-arc-repeated-use-of-weak -Wno-missing-braces -Wparentheses -Wswitch -Wno-unused-function -Wno-unused-label -Wno-unused-parameter -Wno-unused-variable -Wunused-value -Wno-empty-body -Wno-uninitialized -Wno-unknown-pragmas -w -Wno-shadow -Wno-four-char-constants -Wno-conversion -Wno-constant-conversion -Wno-int-conversion -Wno-bool-conversion -Wno-enum-conversion -Wno-float-conversion -Wno-non-literal-null-conversion -Wno-objc-literal-conversion -Wshorten-64-to-32 -Wpointer-sign -Wno-newline-eof -Wno-selector -Wno-strict-selector-match -Wno-undeclared-selector -Wno-deprecated-implementations -Wno-implicit-fallthrough -isysroot /Applications/Xcode.app/Contents/Developer/Platforms/iPhoneSimulator.platform/Developer/SDKs/iPhoneSimulator26.4.sdk -fstrict-aliasing -Wprotocol -Wdeprecated-declarations -Wno-sign-conversion -Wno-infinite-recursion -Wno-comma -Wno-block-capture-autoreleasing -Wno-strict-prototypes -Wno-semicolon-before-method-body -index-store-path /Users/aadityasingh/Library/Developer/Xcode/DerivedData/Chatlio-erkyzdeecsohoaggpwbjdvavzqfv/Index.noindex/DataStore @/Users/aadityasingh/Library/Developer/Xcode/DerivedData/Chatlio-erkyzdeecsohoaggpwbjdvavzqfv/Build/Intermediates.noindex/DTCoreText.build/Debug-iphonesimulator/DTCoreText.build/Objects-normal/arm64/e6072d4f65d7061329687fe24e3d63a7-common-args.resp -include /Users/aadityasingh/Library/Developer/Xcode/DerivedData/Chatlio-erkyzdeecsohoaggpwbjdvavzqfv/Build/Intermediates.noindex/DTCoreText.build/Debug-iphonesimulator/DTCoreText.build/DerivedSources/resource_bundle_accessor.h -MMD -MT dependencies -MF /Users/aadityasingh/Library/Developer/Xcode/DerivedData/Chatlio-erkyzdeecsohoaggpwbjdvavzqfv/Build/Intermediates.noindex/DTCoreText.build/Debug-iphonesimulator/DTCoreText.build/Objects-normal/arm64/DTCoreTextGlyphRun.d --serialize-diagnostics /Users/aadityasingh/Library/Developer/Xcode/DerivedData/Chatlio-erkyzdeecsohoaggpwbjdvavzqfv/Build/Intermediates.noindex/DTCoreText.build/Debug-iphonesimulator/DTCoreText.build/Objects-normal/arm64/DTCoreTextGlyphRun.dia -c /Users/aadityasingh/Library/Developer/Xcode/DerivedData/Chatlio-erkyzdeecsohoaggpwbjdvavzqfv/SourcePackages/checkouts/DTCoreText/Core/Source/DTCoreTextGlyphRun.m -o /Users/aadityasingh/Library/Developer/Xcode/DerivedData/Chatlio-erkyzdeecsohoaggpwbjdvavzqfv/Build/Intermediates.noindex/DTCoreText.build/Debug-iphonesimulator/DTCoreText.build/Objects-normal/arm64/DTCoreTextGlyphRun.o -index-unit-output-path /DTCoreText.build/Debug-iphonesimulator/DTCoreText.build/Objects-normal/arm64/DTCoreTextGlyphRun.o

ScanDependencies /Users/aadityasingh/Library/Developer/Xcode/DerivedData/Chatlio-erkyzdeecsohoaggpwbjdvavzqfv/Build/Intermediates.noindex/DTCoreText.build/Debug-iphonesimulator/DTCoreText.build/Objects-normal/arm64/DTCoreTextFunctions.o /Users/aadityasingh/Library/Developer/Xcode/DerivedData/Chatlio-erkyzdeecsohoaggpwbjdvavzqfv/SourcePackages/checkouts/DTCoreText/Core/Source/DTCoreTextFunctions.m normal arm64 objective-c com.apple.compilers.llvm.clang.1_0.compiler (in target 'DTCoreText' from project 'DTCoreText')
    cd /Users/aadityasingh/Documents/Development/element-x-ios/Chatlio.xcodeproj
    
    Using response file: /Users/aadityasingh/Library/Developer/Xcode/DerivedData/Chatlio-erkyzdeecsohoaggpwbjdvavzqfv/Build/Intermediates.noindex/DTCoreText.build/Debug-iphonesimulator/DTCoreText.build/Objects-normal/arm64/e6072d4f65d7061329687fe24e3d63a7-common-args.resp
    
    builtin-ScanDependencies -o /Users/aadityasingh/Library/Developer/Xcode/DerivedData/Chatlio-erkyzdeecsohoaggpwbjdvavzqfv/Build/Intermediates.noindex/DTCoreText.build/Debug-iphonesimulator/DTCoreText.build/Objects-normal/arm64/DTCoreTextFunctions.o.scan -- /Applications/Xcode.app/Contents/Developer/Toolchains/XcodeDefault.xctoolchain/usr/bin/clang -x objective-c -ivfsstatcache /Users/aadityasingh/Library/Developer/Xcode/DerivedData/SDKStatCaches.noindex/iphonesimulator26.4-23E252-686eebb5dc1d8ecb277353a59184f4aa.sdkstatcache -target arm64-apple-ios12.0-simulator -fmessage-length\=0 -fdiagnostics-show-note-include-stack -fmacro-backtrace-limit\=0 -fno-color-diagnostics -fmodules-prune-interval\=86400 -fmodules-prune-after\=345600 -fbuild-session-file\=/Users/aadityasingh/Library/Developer/Xcode/DerivedData/ModuleCache.noindex/Session.modulevalidation -fmodules-validate-once-per-build-session -Wnon-modular-include-in-framework-module -Werror\=non-modular-include-in-framework-module -Wno-trigraphs -Wno-missing-field-initializers -Wno-missing-prototypes -Wno-return-type -Wno-implicit-atomic-properties -Wno-objc-interface-ivars -Wno-arc-repeated-use-of-weak -Wno-missing-braces -Wparentheses -Wswitch -Wno-unused-function -Wno-unused-label -Wno-unused-parameter -Wno-unused-variable -Wunused-value -Wno-empty-body -Wno-uninitialized -Wno-unknown-pragmas -w -Wno-shadow -Wno-four-char-constants -Wno-conversion -Wno-constant-conversion -Wno-int-conversion -Wno-bool-conversion -Wno-enum-conversion -Wno-float-conversion -Wno-non-literal-null-conversion -Wno-objc-literal-conversion -Wshorten-64-to-32 -Wpointer-sign -Wno-newline-eof -Wno-selector -Wno-strict-selector-match -Wno-undeclared-selector -Wno-deprecated-implementations -Wno-implicit-fallthrough -isysroot /Applications/Xcode.app/Contents/Developer/Platforms/iPhoneSimulator.platform/Developer/SDKs/iPhoneSimulator26.4.sdk -fstrict-aliasing -Wprotocol -Wdeprecated-declarations -Wno-sign-conversion -Wno-infinite-recursion -Wno-comma -Wno-block-capture-autoreleasing -Wno-strict-prototypes -Wno-semicolon-before-method-body -index-store-path /Users/aadityasingh/Library/Developer/Xcode/DerivedData/Chatlio-erkyzdeecsohoaggpwbjdvavzqfv/Index.noindex/DataStore @/Users/aadityasingh/Library/Developer/Xcode/DerivedData/Chatlio-erkyzdeecsohoaggpwbjdvavzqfv/Build/Intermediates.noindex/DTCoreText.build/Debug-iphonesimulator/DTCoreText.build/Objects-normal/arm64/e6072d4f65d7061329687fe24e3d63a7-common-args.resp -include /Users/aadityasingh/Library/Developer/Xcode/DerivedData/Chatlio-erkyzdeecsohoaggpwbjdvavzqfv/Build/Intermediates.noindex/DTCoreText.build/Debug-iphonesimulator/DTCoreText.build/DerivedSources/resource_bundle_accessor.h -MMD -MT dependencies -MF /Users/aadityasingh/Library/Developer/Xcode/DerivedData/Chatlio-erkyzdeecsohoaggpwbjdvavzqfv/Build/Intermediates.noindex/DTCoreText.build/Debug-iphonesimulator/DTCoreText.build/Objects-normal/arm64/DTCoreTextFunctions.d --serialize-diagnostics /Users/aadityasingh/Library/Developer/Xcode/DerivedData/Chatlio-erkyzdeecsohoaggpwbjdvavzqfv/Build/Intermediates.noindex/DTCoreText.build/Debug-iphonesimulator/DTCoreText.build/Objects-normal/arm64/DTCoreTextFunctions.dia -c /Users/aadityasingh/Library/Developer/Xcode/DerivedData/Chatlio-erkyzdeecsohoaggpwbjdvavzqfv/SourcePackages/checkouts/DTCoreText/Core/Source/DTCoreTextFunctions.m -o /Users/aadityasingh/Library/Developer/Xcode/DerivedData/Chatlio-erkyzdeecsohoaggpwbjdvavzqfv/Build/Intermediates.noindex/DTCoreText.build/Debug-iphonesimulator/DTCoreText.build/Objects-normal/arm64/DTCoreTextFunctions.o -index-unit-output-path /DTCoreText.build/Debug-iphonesimulator/DTCoreText.build/Objects-normal/arm64/DTCoreTextFunctions.o

ScanDependencies /Users/aadityasingh/Library/Developer/Xcode/DerivedData/Chatlio-erkyzdeecsohoaggpwbjdvavzqfv/Build/Intermediates.noindex/DTCoreText.build/Debug-iphonesimulator/DTCoreText.build/Objects-normal/arm64/DTCoreTextFontDescriptor.o /Users/aadityasingh/Library/Developer/Xcode/DerivedData/Chatlio-erkyzdeecsohoaggpwbjdvavzqfv/SourcePackages/checkouts/DTCoreText/Core/Source/DTCoreTextFontDescriptor.m normal arm64 objective-c com.apple.compilers.llvm.clang.1_0.compiler (in target 'DTCoreText' from project 'DTCoreText')
    cd /Users/aadityasingh/Documents/Development/element-x-ios/Chatlio.xcodeproj
    
    Using response file: /Users/aadityasingh/Library/Developer/Xcode/DerivedData/Chatlio-erkyzdeecsohoaggpwbjdvavzqfv/Build/Intermediates.noindex/DTCoreText.build/Debug-iphonesimulator/DTCoreText.build/Objects-normal/arm64/e6072d4f65d7061329687fe24e3d63a7-common-args.resp
    
    builtin-ScanDependencies -o /Users/aadityasingh/Library/Developer/Xcode/DerivedData/Chatlio-erkyzdeecsohoaggpwbjdvavzqfv/Build/Intermediates.noindex/DTCoreText.build/Debug-iphonesimulator/DTCoreText.build/Objects-normal/arm64/DTCoreTextFontDescriptor.o.scan -- /Applications/Xcode.app/Contents/Developer/Toolchains/XcodeDefault.xctoolchain/usr/bin/clang -x objective-c -ivfsstatcache /Users/aadityasingh/Library/Developer/Xcode/DerivedData/SDKStatCaches.noindex/iphonesimulator26.4-23E252-686eebb5dc1d8ecb277353a59184f4aa.sdkstatcache -target arm64-apple-ios12.0-simulator -fmessage-length\=0 -fdiagnostics-show-note-include-stack -fmacro-backtrace-limit\=0 -fno-color-diagnostics -fmodules-prune-interval\=86400 -fmodules-prune-after\=345600 -fbuild-session-file\=/Users/aadityasingh/Library/Developer/Xcode/DerivedData/ModuleCache.noindex/Session.modulevalidation -fmodules-validate-once-per-build-session -Wnon-modular-include-in-framework-module -Werror\=non-modular-include-in-framework-module -Wno-trigraphs -Wno-missing-field-initializers -Wno-missing-prototypes -Wno-return-type -Wno-implicit-atomic-properties -Wno-objc-interface-ivars -Wno-arc-repeated-use-of-weak -Wno-missing-braces -Wparentheses -Wswitch -Wno-unused-function -Wno-unused-label -Wno-unused-parameter -Wno-unused-variable -Wunused-value -Wno-empty-body -Wno-uninitialized -Wno-unknown-pragmas -w -Wno-shadow -Wno-four-char-constants -Wno-conversion -Wno-constant-conversion -Wno-int-conversion -Wno-bool-conversion -Wno-enum-conversion -Wno-float-conversion -Wno-non-literal-null-conversion -Wno-objc-literal-conversion -Wshorten-64-to-32 -Wpointer-sign -Wno-newline-eof -Wno-selector -Wno-strict-selector-match -Wno-undeclared-selector -Wno-deprecated-implementations -Wno-implicit-fallthrough -isysroot /Applications/Xcode.app/Contents/Developer/Platforms/iPhoneSimulator.platform/Developer/SDKs/iPhoneSimulator26.4.sdk -fstrict-aliasing -Wprotocol -Wdeprecated-declarations -Wno-sign-conversion -Wno-infinite-recursion -Wno-comma -Wno-block-capture-autoreleasing -Wno-strict-prototypes -Wno-semicolon-before-method-body -index-store-path /Users/aadityasingh/Library/Developer/Xcode/DerivedData/Chatlio-erkyzdeecsohoaggpwbjdvavzqfv/Index.noindex/DataStore @/Users/aadityasingh/Library/Developer/Xcode/DerivedData/Chatlio-erkyzdeecsohoaggpwbjdvavzqfv/Build/Intermediates.noindex/DTCoreText.build/Debug-iphonesimulator/DTCoreText.build/Objects-normal/arm64/e6072d4f65d7061329687fe24e3d63a7-common-args.resp -include /Users/aadityasingh/Library/Developer/Xcode/DerivedData/Chatlio-erkyzdeecsohoaggpwbjdvavzqfv/Build/Intermediates.noindex/DTCoreText.build/Debug-iphonesimulator/DTCoreText.build/DerivedSources/resource_bundle_accessor.h -MMD -MT dependencies -MF /Users/aadityasingh/Library/Developer/Xcode/DerivedData/Chatlio-erkyzdeecsohoaggpwbjdvavzqfv/Build/Intermediates.noindex/DTCoreText.build/Debug-iphonesimulator/DTCoreText.build/Objects-normal/arm64/DTCoreTextFontDescriptor.d --serialize-diagnostics /Users/aadityasingh/Library/Developer/Xcode/DerivedData/Chatlio-erkyzdeecsohoaggpwbjdvavzqfv/Build/Intermediates.noindex/DTCoreText.build/Debug-iphonesimulator/DTCoreText.build/Objects-normal/arm64/DTCoreTextFontDescriptor.dia -c /Users/aadityasingh/Library/Developer/Xcode/DerivedData/Chatlio-erkyzdeecsohoaggpwbjdvavzqfv/SourcePackages/checkouts/DTCoreText/Core/Source/DTCoreTextFontDescriptor.m -o /Users/aadityasingh/Library/Developer/Xcode/DerivedData/Chatlio-erkyzdeecsohoaggpwbjdvavzqfv/Build/Intermediates.noindex/DTCoreText.build/Debug-iphonesimulator/DTCoreText.build/Objects-normal/arm64/DTCoreTextFontDescriptor.o -index-unit-output-path /DTCoreText.build/Debug-iphonesimulator/DTCoreText.build/Objects-normal/arm64/DTCoreTextFontDescriptor.o

ScanDependencies /Users/aadityasingh/Library/Developer/Xcode/DerivedData/Chatlio-erkyzdeecsohoaggpwbjdvavzqfv/Build/Intermediates.noindex/DTCoreText.build/Debug-iphonesimulator/DTCoreText.build/Objects-normal/arm64/DTCoreTextFontCollection.o /Users/aadityasingh/Library/Developer/Xcode/DerivedData/Chatlio-erkyzdeecsohoaggpwbjdvavzqfv/SourcePackages/checkouts/DTCoreText/Core/Source/DTCoreTextFontCollection.m normal arm64 objective-c com.apple.compilers.llvm.clang.1_0.compiler (in target 'DTCoreText' from project 'DTCoreText')
    cd /Users/aadityasingh/Documents/Development/element-x-ios/Chatlio.xcodeproj
    
    Using response file: /Users/aadityasingh/Library/Developer/Xcode/DerivedData/Chatlio-erkyzdeecsohoaggpwbjdvavzqfv/Build/Intermediates.noindex/DTCoreText.build/Debug-iphonesimulator/DTCoreText.build/Objects-normal/arm64/e6072d4f65d7061329687fe24e3d63a7-common-args.resp
    
    builtin-ScanDependencies -o /Users/aadityasingh/Library/Developer/Xcode/DerivedData/Chatlio-erkyzdeecsohoaggpwbjdvavzqfv/Build/Intermediates.noindex/DTCoreText.build/Debug-iphonesimulator/DTCoreText.build/Objects-normal/arm64/DTCoreTextFontCollection.o.scan -- /Applications/Xcode.app/Contents/Developer/Toolchains/XcodeDefault.xctoolchain/usr/bin/clang -x objective-c -ivfsstatcache /Users/aadityasingh/Library/Developer/Xcode/DerivedData/SDKStatCaches.noindex/iphonesimulator26.4-23E252-686eebb5dc1d8ecb277353a59184f4aa.sdkstatcache -target arm64-apple-ios12.0-simulator -fmessage-length\=0 -fdiagnostics-show-note-include-stack -fmacro-backtrace-limit\=0 -fno-color-diagnostics -fmodules-prune-interval\=86400 -fmodules-prune-after\=345600 -fbuild-session-file\=/Users/aadityasingh/Library/Developer/Xcode/DerivedData/ModuleCache.noindex/Session.modulevalidation -fmodules-validate-once-per-build-session -Wnon-modular-include-in-framework-module -Werror\=non-modular-include-in-framework-module -Wno-trigraphs -Wno-missing-field-initializers -Wno-missing-prototypes -Wno-return-type -Wno-implicit-atomic-properties -Wno-objc-interface-ivars -Wno-arc-repeated-use-of-weak -Wno-missing-braces -Wparentheses -Wswitch -Wno-unused-function -Wno-unused-label -Wno-unused-parameter -Wno-unused-variable -Wunused-value -Wno-empty-body -Wno-uninitialized -Wno-unknown-pragmas -w -Wno-shadow -Wno-four-char-constants -Wno-conversion -Wno-constant-conversion -Wno-int-conversion -Wno-bool-conversion -Wno-enum-conversion -Wno-float-conversion -Wno-non-literal-null-conversion -Wno-objc-literal-conversion -Wshorten-64-to-32 -Wpointer-sign -Wno-newline-eof -Wno-selector -Wno-strict-selector-match -Wno-undeclared-selector -Wno-deprecated-implementations -Wno-implicit-fallthrough -isysroot /Applications/Xcode.app/Contents/Developer/Platforms/iPhoneSimulator.platform/Developer/SDKs/iPhoneSimulator26.4.sdk -fstrict-aliasing -Wprotocol -Wdeprecated-declarations -Wno-sign-conversion -Wno-infinite-recursion -Wno-comma -Wno-block-capture-autoreleasing -Wno-strict-prototypes -Wno-semicolon-before-method-body -index-store-path /Users/aadityasingh/Library/Developer/Xcode/DerivedData/Chatlio-erkyzdeecsohoaggpwbjdvavzqfv/Index.noindex/DataStore @/Users/aadityasingh/Library/Developer/Xcode/DerivedData/Chatlio-erkyzdeecsohoaggpwbjdvavzqfv/Build/Intermediates.noindex/DTCoreText.build/Debug-iphonesimulator/DTCoreText.build/Objects-normal/arm64/e6072d4f65d7061329687fe24e3d63a7-common-args.resp -include /Users/aadityasingh/Library/Developer/Xcode/DerivedData/Chatlio-erkyzdeecsohoaggpwbjdvavzqfv/Build/Intermediates.noindex/DTCoreText.build/Debug-iphonesimulator/DTCoreText.build/DerivedSources/resource_bundle_accessor.h -MMD -MT dependencies -MF /Users/aadityasingh/Library/Developer/Xcode/DerivedData/Chatlio-erkyzdeecsohoaggpwbjdvavzqfv/Build/Intermediates.noindex/DTCoreText.build/Debug-iphonesimulator/DTCoreText.build/Objects-normal/arm64/DTCoreTextFontCollection.d --serialize-diagnostics /Users/aadityasingh/Library/Developer/Xcode/DerivedData/Chatlio-erkyzdeecsohoaggpwbjdvavzqfv/Build/Intermediates.noindex/DTCoreText.build/Debug-iphonesimulator/DTCoreText.build/Objects-normal/arm64/DTCoreTextFontCollection.dia -c /Users/aadityasingh/Library/Developer/Xcode/DerivedData/Chatlio-erkyzdeecsohoaggpwbjdvavzqfv/SourcePackages/checkouts/DTCoreText/Core/Source/DTCoreTextFontCollection.m -o /Users/aadityasingh/Library/Developer/Xcode/DerivedData/Chatlio-erkyzdeecsohoaggpwbjdvavzqfv/Build/Intermediates.noindex/DTCoreText.build/Debug-iphonesimulator/DTCoreText.build/Objects-normal/arm64/DTCoreTextFontCollection.o -index-unit-output-path /DTCoreText.build/Debug-iphonesimulator/DTCoreText.build/Objects-normal/arm64/DTCoreTextFontCollection.o

ScanDependencies /Users/aadityasingh/Library/Developer/Xcode/DerivedData/Chatlio-erkyzdeecsohoaggpwbjdvavzqfv/Build/Intermediates.noindex/DTCoreText.build/Debug-iphonesimulator/DTCoreText.build/Objects-normal/arm64/DTCoreTextConstants.o /Users/aadityasingh/Library/Developer/Xcode/DerivedData/Chatlio-erkyzdeecsohoaggpwbjdvavzqfv/SourcePackages/checkouts/DTCoreText/Core/Source/DTCoreTextConstants.m normal arm64 objective-c com.apple.compilers.llvm.clang.1_0.compiler (in target 'DTCoreText' from project 'DTCoreText')
    cd /Users/aadityasingh/Documents/Development/element-x-ios/Chatlio.xcodeproj
    
    Using response file: /Users/aadityasingh/Library/Developer/Xcode/DerivedData/Chatlio-erkyzdeecsohoaggpwbjdvavzqfv/Build/Intermediates.noindex/DTCoreText.build/Debug-iphonesimulator/DTCoreText.build/Objects-normal/arm64/e6072d4f65d7061329687fe24e3d63a7-common-args.resp
    
    builtin-ScanDependencies -o /Users/aadityasingh/Library/Developer/Xcode/DerivedData/Chatlio-erkyzdeecsohoaggpwbjdvavzqfv/Build/Intermediates.noindex/DTCoreText.build/Debug-iphonesimulator/DTCoreText.build/Objects-normal/arm64/DTCoreTextConstants.o.scan -- /Applications/Xcode.app/Contents/Developer/Toolchains/XcodeDefault.xctoolchain/usr/bin/clang -x objective-c -ivfsstatcache /Users/aadityasingh/Library/Developer/Xcode/DerivedData/SDKStatCaches.noindex/iphonesimulator26.4-23E252-686eebb5dc1d8ecb277353a59184f4aa.sdkstatcache -target arm64-apple-ios12.0-simulator -fmessage-length\=0 -fdiagnostics-show-note-include-stack -fmacro-backtrace-limit\=0 -fno-color-diagnostics -fmodules-prune-interval\=86400 -fmodules-prune-after\=345600 -fbuild-session-file\=/Users/aadityasingh/Library/Developer/Xcode/DerivedData/ModuleCache.noindex/Session.modulevalidation -fmodules-validate-once-per-build-session -Wnon-modular-include-in-framework-module -Werror\=non-modular-include-in-framework-module -Wno-trigraphs -Wno-missing-field-initializers -Wno-missing-prototypes -Wno-return-type -Wno-implicit-atomic-properties -Wno-objc-interface-ivars -Wno-arc-repeated-use-of-weak -Wno-missing-braces -Wparentheses -Wswitch -Wno-unused-function -Wno-unused-label -Wno-unused-parameter -Wno-unused-variable -Wunused-value -Wno-empty-body -Wno-uninitialized -Wno-unknown-pragmas -w -Wno-shadow -Wno-four-char-constants -Wno-conversion -Wno-constant-conversion -Wno-int-conversion -Wno-bool-conversion -Wno-enum-conversion -Wno-float-conversion -Wno-non-literal-null-conversion -Wno-objc-literal-conversion -Wshorten-64-to-32 -Wpointer-sign -Wno-newline-eof -Wno-selector -Wno-strict-selector-match -Wno-undeclared-selector -Wno-deprecated-implementations -Wno-implicit-fallthrough -isysroot /Applications/Xcode.app/Contents/Developer/Platforms/iPhoneSimulator.platform/Developer/SDKs/iPhoneSimulator26.4.sdk -fstrict-aliasing -Wprotocol -Wdeprecated-declarations -Wno-sign-conversion -Wno-infinite-recursion -Wno-comma -Wno-block-capture-autoreleasing -Wno-strict-prototypes -Wno-semicolon-before-method-body -index-store-path /Users/aadityasingh/Library/Developer/Xcode/DerivedData/Chatlio-erkyzdeecsohoaggpwbjdvavzqfv/Index.noindex/DataStore @/Users/aadityasingh/Library/Developer/Xcode/DerivedData/Chatlio-erkyzdeecsohoaggpwbjdvavzqfv/Build/Intermediates.noindex/DTCoreText.build/Debug-iphonesimulator/DTCoreText.build/Objects-normal/arm64/e6072d4f65d7061329687fe24e3d63a7-common-args.resp -include /Users/aadityasingh/Library/Developer/Xcode/DerivedData/Chatlio-erkyzdeecsohoaggpwbjdvavzqfv/Build/Intermediates.noindex/DTCoreText.build/Debug-iphonesimulator/DTCoreText.build/DerivedSources/resource_bundle_accessor.h -MMD -MT dependencies -MF /Users/aadityasingh/Library/Developer/Xcode/DerivedData/Chatlio-erkyzdeecsohoaggpwbjdvavzqfv/Build/Intermediates.noindex/DTCoreText.build/Debug-iphonesimulator/DTCoreText.build/Objects-normal/arm64/DTCoreTextConstants.d --serialize-diagnostics /Users/aadityasingh/Library/Developer/Xcode/DerivedData/Chatlio-erkyzdeecsohoaggpwbjdvavzqfv/Build/Intermediates.noindex/DTCoreText.build/Debug-iphonesimulator/DTCoreText.build/Objects-normal/arm64/DTCoreTextConstants.dia -c /Users/aadityasingh/Library/Developer/Xcode/DerivedData/Chatlio-erkyzdeecsohoaggpwbjdvavzqfv/SourcePackages/checkouts/DTCoreText/Core/Source/DTCoreTextConstants.m -o /Users/aadityasingh/Library/Developer/Xcode/DerivedData/Chatlio-erkyzdeecsohoaggpwbjdvavzqfv/Build/Intermediates.noindex/DTCoreText.build/Debug-iphonesimulator/DTCoreText.build/Objects-normal/arm64/DTCoreTextConstants.o -index-unit-output-path /DTCoreText.build/Debug-iphonesimulator/DTCoreText.build/Objects-normal/arm64/DTCoreTextConstants.o

ScanDependencies /Users/aadityasingh/Library/Developer/Xcode/DerivedData/Chatlio-erkyzdeecsohoaggpwbjdvavzqfv/Build/Intermediates.noindex/DTCoreText.build/Debug-iphonesimulator/DTCoreText.build/Objects-normal/arm64/DTColorFunctions.o /Users/aadityasingh/Library/Developer/Xcode/DerivedData/Chatlio-erkyzdeecsohoaggpwbjdvavzqfv/SourcePackages/checkouts/DTCoreText/Core/Source/DTColorFunctions.m normal arm64 objective-c com.apple.compilers.llvm.clang.1_0.compiler (in target 'DTCoreText' from project 'DTCoreText')
    cd /Users/aadityasingh/Documents/Development/element-x-ios/Chatlio.xcodeproj
    
    Using response file: /Users/aadityasingh/Library/Developer/Xcode/DerivedData/Chatlio-erkyzdeecsohoaggpwbjdvavzqfv/Build/Intermediates.noindex/DTCoreText.build/Debug-iphonesimulator/DTCoreText.build/Objects-normal/arm64/e6072d4f65d7061329687fe24e3d63a7-common-args.resp
    
    builtin-ScanDependencies -o /Users/aadityasingh/Library/Developer/Xcode/DerivedData/Chatlio-erkyzdeecsohoaggpwbjdvavzqfv/Build/Intermediates.noindex/DTCoreText.build/Debug-iphonesimulator/DTCoreText.build/Objects-normal/arm64/DTColorFunctions.o.scan -- /Applications/Xcode.app/Contents/Developer/Toolchains/XcodeDefault.xctoolchain/usr/bin/clang -x objective-c -ivfsstatcache /Users/aadityasingh/Library/Developer/Xcode/DerivedData/SDKStatCaches.noindex/iphonesimulator26.4-23E252-686eebb5dc1d8ecb277353a59184f4aa.sdkstatcache -target arm64-apple-ios12.0-simulator -fmessage-length\=0 -fdiagnostics-show-note-include-stack -fmacro-backtrace-limit\=0 -fno-color-diagnostics -fmodules-prune-interval\=86400 -fmodules-prune-after\=345600 -fbuild-session-file\=/Users/aadityasingh/Library/Developer/Xcode/DerivedData/ModuleCache.noindex/Session.modulevalidation -fmodules-validate-once-per-build-session -Wnon-modular-include-in-framework-module -Werror\=non-modular-include-in-framework-module -Wno-trigraphs -Wno-missing-field-initializers -Wno-missing-prototypes -Wno-return-type -Wno-implicit-atomic-properties -Wno-objc-interface-ivars -Wno-arc-repeated-use-of-weak -Wno-missing-braces -Wparentheses -Wswitch -Wno-unused-function -Wno-unused-label -Wno-unused-parameter -Wno-unused-variable -Wunused-value -Wno-empty-body -Wno-uninitialized -Wno-unknown-pragmas -w -Wno-shadow -Wno-four-char-constants -Wno-conversion -Wno-constant-conversion -Wno-int-conversion -Wno-bool-conversion -Wno-enum-conversion -Wno-float-conversion -Wno-non-literal-null-conversion -Wno-objc-literal-conversion -Wshorten-64-to-32 -Wpointer-sign -Wno-newline-eof -Wno-selector -Wno-strict-selector-match -Wno-undeclared-selector -Wno-deprecated-implementations -Wno-implicit-fallthrough -isysroot /Applications/Xcode.app/Contents/Developer/Platforms/iPhoneSimulator.platform/Developer/SDKs/iPhoneSimulator26.4.sdk -fstrict-aliasing -Wprotocol -Wdeprecated-declarations -Wno-sign-conversion -Wno-infinite-recursion -Wno-comma -Wno-block-capture-autoreleasing -Wno-strict-prototypes -Wno-semicolon-before-method-body -index-store-path /Users/aadityasingh/Library/Developer/Xcode/DerivedData/Chatlio-erkyzdeecsohoaggpwbjdvavzqfv/Index.noindex/DataStore @/Users/aadityasingh/Library/Developer/Xcode/DerivedData/Chatlio-erkyzdeecsohoaggpwbjdvavzqfv/Build/Intermediates.noindex/DTCoreText.build/Debug-iphonesimulator/DTCoreText.build/Objects-normal/arm64/e6072d4f65d7061329687fe24e3d63a7-common-args.resp -include /Users/aadityasingh/Library/Developer/Xcode/DerivedData/Chatlio-erkyzdeecsohoaggpwbjdvavzqfv/Build/Intermediates.noindex/DTCoreText.build/Debug-iphonesimulator/DTCoreText.build/DerivedSources/resource_bundle_accessor.h -MMD -MT dependencies -MF /Users/aadityasingh/Library/Developer/Xcode/DerivedData/Chatlio-erkyzdeecsohoaggpwbjdvavzqfv/Build/Intermediates.noindex/DTCoreText.build/Debug-iphonesimulator/DTCoreText.build/Objects-normal/arm64/DTColorFunctions.d --serialize-diagnostics /Users/aadityasingh/Library/Developer/Xcode/DerivedData/Chatlio-erkyzdeecsohoaggpwbjdvavzqfv/Build/Intermediates.noindex/DTCoreText.build/Debug-iphonesimulator/DTCoreText.build/Objects-normal/arm64/DTColorFunctions.dia -c /Users/aadityasingh/Library/Developer/Xcode/DerivedData/Chatlio-erkyzdeecsohoaggpwbjdvavzqfv/SourcePackages/checkouts/DTCoreText/Core/Source/DTColorFunctions.m -o /Users/aadityasingh/Library/Developer/Xcode/DerivedData/Chatlio-erkyzdeecsohoaggpwbjdvavzqfv/Build/Intermediates.noindex/DTCoreText.build/Debug-iphonesimulator/DTCoreText.build/Objects-normal/arm64/DTColorFunctions.o -index-unit-output-path /DTCoreText.build/Debug-iphonesimulator/DTCoreText.build/Objects-normal/arm64/DTColorFunctions.o

ScanDependencies /Users/aadityasingh/Library/Developer/Xcode/DerivedData/Chatlio-erkyzdeecsohoaggpwbjdvavzqfv/Build/Intermediates.noindex/DTCoreText.build/Debug-iphonesimulator/DTCoreText.build/Objects-normal/arm64/DTColor+Compatibility.o /Users/aadityasingh/Library/Developer/Xcode/DerivedData/Chatlio-erkyzdeecsohoaggpwbjdvavzqfv/SourcePackages/checkouts/DTCoreText/Core/Source/DTColor+Compatibility.m normal arm64 objective-c com.apple.compilers.llvm.clang.1_0.compiler (in target 'DTCoreText' from project 'DTCoreText')
    cd /Users/aadityasingh/Documents/Development/element-x-ios/Chatlio.xcodeproj
    
    Using response file: /Users/aadityasingh/Library/Developer/Xcode/DerivedData/Chatlio-erkyzdeecsohoaggpwbjdvavzqfv/Build/Intermediates.noindex/DTCoreText.build/Debug-iphonesimulator/DTCoreText.build/Objects-normal/arm64/e6072d4f65d7061329687fe24e3d63a7-common-args.resp
    
    builtin-ScanDependencies -o /Users/aadityasingh/Library/Developer/Xcode/DerivedData/Chatlio-erkyzdeecsohoaggpwbjdvavzqfv/Build/Intermediates.noindex/DTCoreText.build/Debug-iphonesimulator/DTCoreText.build/Objects-normal/arm64/DTColor+Compatibility.o.scan -- /Applications/Xcode.app/Contents/Developer/Toolchains/XcodeDefault.xctoolchain/usr/bin/clang -x objective-c -ivfsstatcache /Users/aadityasingh/Library/Developer/Xcode/DerivedData/SDKStatCaches.noindex/iphonesimulator26.4-23E252-686eebb5dc1d8ecb277353a59184f4aa.sdkstatcache -target arm64-apple-ios12.0-simulator -fmessage-length\=0 -fdiagnostics-show-note-include-stack -fmacro-backtrace-limit\=0 -fno-color-diagnostics -fmodules-prune-interval\=86400 -fmodules-prune-after\=345600 -fbuild-session-file\=/Users/aadityasingh/Library/Developer/Xcode/DerivedData/ModuleCache.noindex/Session.modulevalidation -fmodules-validate-once-per-build-session -Wnon-modular-include-in-framework-module -Werror\=non-modular-include-in-framework-module -Wno-trigraphs -Wno-missing-field-initializers -Wno-missing-prototypes -Wno-return-type -Wno-implicit-atomic-properties -Wno-objc-interface-ivars -Wno-arc-repeated-use-of-weak -Wno-missing-braces -Wparentheses -Wswitch -Wno-unused-function -Wno-unused-label -Wno-unused-parameter -Wno-unused-variable -Wunused-value -Wno-empty-body -Wno-uninitialized -Wno-unknown-pragmas -w -Wno-shadow -Wno-four-char-constants -Wno-conversion -Wno-constant-conversion -Wno-int-conversion -Wno-bool-conversion -Wno-enum-conversion -Wno-float-conversion -Wno-non-literal-null-conversion -Wno-objc-literal-conversion -Wshorten-64-to-32 -Wpointer-sign -Wno-newline-eof -Wno-selector -Wno-strict-selector-match -Wno-undeclared-selector -Wno-deprecated-implementations -Wno-implicit-fallthrough -isysroot /Applications/Xcode.app/Contents/Developer/Platforms/iPhoneSimulator.platform/Developer/SDKs/iPhoneSimulator26.4.sdk -fstrict-aliasing -Wprotocol -Wdeprecated-declarations -Wno-sign-conversion -Wno-infinite-recursion -Wno-comma -Wno-block-capture-autoreleasing -Wno-strict-prototypes -Wno-semicolon-before-method-body -index-store-path /Users/aadityasingh/Library/Developer/Xcode/DerivedData/Chatlio-erkyzdeecsohoaggpwbjdvavzqfv/Index.noindex/DataStore @/Users/aadityasingh/Library/Developer/Xcode/DerivedData/Chatlio-erkyzdeecsohoaggpwbjdvavzqfv/Build/Intermediates.noindex/DTCoreText.build/Debug-iphonesimulator/DTCoreText.build/Objects-normal/arm64/e6072d4f65d7061329687fe24e3d63a7-common-args.resp -include /Users/aadityasingh/Library/Developer/Xcode/DerivedData/Chatlio-erkyzdeecsohoaggpwbjdvavzqfv/Build/Intermediates.noindex/DTCoreText.build/Debug-iphonesimulator/DTCoreText.build/DerivedSources/resource_bundle_accessor.h -MMD -MT dependencies -MF /Users/aadityasingh/Library/Developer/Xcode/DerivedData/Chatlio-erkyzdeecsohoaggpwbjdvavzqfv/Build/Intermediates.noindex/DTCoreText.build/Debug-iphonesimulator/DTCoreText.build/Objects-normal/arm64/DTColor+Compatibility.d --serialize-diagnostics /Users/aadityasingh/Library/Developer/Xcode/DerivedData/Chatlio-erkyzdeecsohoaggpwbjdvavzqfv/Build/Intermediates.noindex/DTCoreText.build/Debug-iphonesimulator/DTCoreText.build/Objects-normal/arm64/DTColor+Compatibility.dia -c /Users/aadityasingh/Library/Developer/Xcode/DerivedData/Chatlio-erkyzdeecsohoaggpwbjdvavzqfv/SourcePackages/checkouts/DTCoreText/Core/Source/DTColor+Compatibility.m -o /Users/aadityasingh/Library/Developer/Xcode/DerivedData/Chatlio-erkyzdeecsohoaggpwbjdvavzqfv/Build/Intermediates.noindex/DTCoreText.build/Debug-iphonesimulator/DTCoreText.build/Objects-normal/arm64/DTColor+Compatibility.o -index-unit-output-path /DTCoreText.build/Debug-iphonesimulator/DTCoreText.build/Objects-normal/arm64/DTColor+Compatibility.o

PrecompileModule /Users/aadityasingh/Library/Developer/Xcode/DerivedData/Chatlio-erkyzdeecsohoaggpwbjdvavzqfv/Build/Intermediates.noindex/ExplicitPrecompiledModules/QuartzCore-ADDIOQMF5408UT235PZ4UFQTB.scan
    cd /
    builtin-precompileModule /Users/aadityasingh/Library/Developer/Xcode/DerivedData/Chatlio-erkyzdeecsohoaggpwbjdvavzqfv/Build/Intermediates.noindex/ExplicitPrecompiledModules/QuartzCore-ADDIOQMF5408UT235PZ4UFQTB.scan

PrecompileModule /Users/aadityasingh/Library/Developer/Xcode/DerivedData/Chatlio-erkyzdeecsohoaggpwbjdvavzqfv/Build/Intermediates.noindex/ExplicitPrecompiledModules/CoreImage-3IU0KUOVZW9VXBTJMJ1U7AJSJ.scan
    cd /
    builtin-precompileModule /Users/aadityasingh/Library/Developer/Xcode/DerivedData/Chatlio-erkyzdeecsohoaggpwbjdvavzqfv/Build/Intermediates.noindex/ExplicitPrecompiledModules/CoreImage-3IU0KUOVZW9VXBTJMJ1U7AJSJ.scan

ScanDependencies /Users/aadityasingh/Library/Developer/Xcode/DerivedData/Chatlio-erkyzdeecsohoaggpwbjdvavzqfv/Build/Intermediates.noindex/DTCoreText.build/Debug-iphonesimulator/DTCoreText.build/Objects-normal/arm64/DTCSSStylesheet.o /Users/aadityasingh/Library/Developer/Xcode/DerivedData/Chatlio-erkyzdeecsohoaggpwbjdvavzqfv/SourcePackages/checkouts/DTCoreText/Core/Source/DTCSSStylesheet.m normal arm64 objective-c com.apple.compilers.llvm.clang.1_0.compiler (in target 'DTCoreText' from project 'DTCoreText')
    cd /Users/aadityasingh/Documents/Development/element-x-ios/Chatlio.xcodeproj
    
    Using response file: /Users/aadityasingh/Library/Developer/Xcode/DerivedData/Chatlio-erkyzdeecsohoaggpwbjdvavzqfv/Build/Intermediates.noindex/DTCoreText.build/Debug-iphonesimulator/DTCoreText.build/Objects-normal/arm64/e6072d4f65d7061329687fe24e3d63a7-common-args.resp
    
    builtin-ScanDependencies -o /Users/aadityasingh/Library/Developer/Xcode/DerivedData/Chatlio-erkyzdeecsohoaggpwbjdvavzqfv/Build/Intermediates.noindex/DTCoreText.build/Debug-iphonesimulator/DTCoreText.build/Objects-normal/arm64/DTCSSStylesheet.o.scan -- /Applications/Xcode.app/Contents/Developer/Toolchains/XcodeDefault.xctoolchain/usr/bin/clang -x objective-c -ivfsstatcache /Users/aadityasingh/Library/Developer/Xcode/DerivedData/SDKStatCaches.noindex/iphonesimulator26.4-23E252-686eebb5dc1d8ecb277353a59184f4aa.sdkstatcache -target arm64-apple-ios12.0-simulator -fmessage-length\=0 -fdiagnostics-show-note-include-stack -fmacro-backtrace-limit\=0 -fno-color-diagnostics -fmodules-prune-interval\=86400 -fmodules-prune-after\=345600 -fbuild-session-file\=/Users/aadityasingh/Library/Developer/Xcode/DerivedData/ModuleCache.noindex/Session.modulevalidation -fmodules-validate-once-per-build-session -Wnon-modular-include-in-framework-module -Werror\=non-modular-include-in-framework-module -Wno-trigraphs -Wno-missing-field-initializers -Wno-missing-prototypes -Wno-return-type -Wno-implicit-atomic-properties -Wno-objc-interface-ivars -Wno-arc-repeated-use-of-weak -Wno-missing-braces -Wparentheses -Wswitch -Wno-unused-function -Wno-unused-label -Wno-unused-parameter -Wno-unused-variable -Wunused-value -Wno-empty-body -Wno-uninitialized -Wno-unknown-pragmas -w -Wno-shadow -Wno-four-char-constants -Wno-conversion -Wno-constant-conversion -Wno-int-conversion -Wno-bool-conversion -Wno-enum-conversion -Wno-float-conversion -Wno-non-literal-null-conversion -Wno-objc-literal-conversion -Wshorten-64-to-32 -Wpointer-sign -Wno-newline-eof -Wno-selector -Wno-strict-selector-match -Wno-undeclared-selector -Wno-deprecated-implementations -Wno-implicit-fallthrough -isysroot /Applications/Xcode.app/Contents/Developer/Platforms/iPhoneSimulator.platform/Developer/SDKs/iPhoneSimulator26.4.sdk -fstrict-aliasing -Wprotocol -Wdeprecated-declarations -Wno-sign-conversion -Wno-infinite-recursion -Wno-comma -Wno-block-capture-autoreleasing -Wno-strict-prototypes -Wno-semicolon-before-method-body -index-store-path /Users/aadityasingh/Library/Developer/Xcode/DerivedData/Chatlio-erkyzdeecsohoaggpwbjdvavzqfv/Index.noindex/DataStore @/Users/aadityasingh/Library/Developer/Xcode/DerivedData/Chatlio-erkyzdeecsohoaggpwbjdvavzqfv/Build/Intermediates.noindex/DTCoreText.build/Debug-iphonesimulator/DTCoreText.build/Objects-normal/arm64/e6072d4f65d7061329687fe24e3d63a7-common-args.resp -include /Users/aadityasingh/Library/Developer/Xcode/DerivedData/Chatlio-erkyzdeecsohoaggpwbjdvavzqfv/Build/Intermediates.noindex/DTCoreText.build/Debug-iphonesimulator/DTCoreText.build/DerivedSources/resource_bundle_accessor.h -MMD -MT dependencies -MF /Users/aadityasingh/Library/Developer/Xcode/DerivedData/Chatlio-erkyzdeecsohoaggpwbjdvavzqfv/Build/Intermediates.noindex/DTCoreText.build/Debug-iphonesimulator/DTCoreText.build/Objects-normal/arm64/DTCSSStylesheet.d --serialize-diagnostics /Users/aadityasingh/Library/Developer/Xcode/DerivedData/Chatlio-erkyzdeecsohoaggpwbjdvavzqfv/Build/Intermediates.noindex/DTCoreText.build/Debug-iphonesimulator/DTCoreText.build/Objects-normal/arm64/DTCSSStylesheet.dia -c /Users/aadityasingh/Library/Developer/Xcode/DerivedData/Chatlio-erkyzdeecsohoaggpwbjdvavzqfv/SourcePackages/checkouts/DTCoreText/Core/Source/DTCSSStylesheet.m -o /Users/aadityasingh/Library/Developer/Xcode/DerivedData/Chatlio-erkyzdeecsohoaggpwbjdvavzqfv/Build/Intermediates.noindex/DTCoreText.build/Debug-iphonesimulator/DTCoreText.build/Objects-normal/arm64/DTCSSStylesheet.o -index-unit-output-path /DTCoreText.build/Debug-iphonesimulator/DTCoreText.build/Objects-normal/arm64/DTCSSStylesheet.o

ScanDependencies /Users/aadityasingh/Library/Developer/Xcode/DerivedData/Chatlio-erkyzdeecsohoaggpwbjdvavzqfv/Build/Intermediates.noindex/DTCoreText.build/Debug-iphonesimulator/DTCoreText.build/Objects-normal/arm64/DTCSSListStyle.o /Users/aadityasingh/Library/Developer/Xcode/DerivedData/Chatlio-erkyzdeecsohoaggpwbjdvavzqfv/SourcePackages/checkouts/DTCoreText/Core/Source/DTCSSListStyle.m normal arm64 objective-c com.apple.compilers.llvm.clang.1_0.compiler (in target 'DTCoreText' from project 'DTCoreText')
    cd /Users/aadityasingh/Documents/Development/element-x-ios/Chatlio.xcodeproj
    
    Using response file: /Users/aadityasingh/Library/Developer/Xcode/DerivedData/Chatlio-erkyzdeecsohoaggpwbjdvavzqfv/Build/Intermediates.noindex/DTCoreText.build/Debug-iphonesimulator/DTCoreText.build/Objects-normal/arm64/e6072d4f65d7061329687fe24e3d63a7-common-args.resp
    
    builtin-ScanDependencies -o /Users/aadityasingh/Library/Developer/Xcode/DerivedData/Chatlio-erkyzdeecsohoaggpwbjdvavzqfv/Build/Intermediates.noindex/DTCoreText.build/Debug-iphonesimulator/DTCoreText.build/Objects-normal/arm64/DTCSSListStyle.o.scan -- /Applications/Xcode.app/Contents/Developer/Toolchains/XcodeDefault.xctoolchain/usr/bin/clang -x objective-c -ivfsstatcache /Users/aadityasingh/Library/Developer/Xcode/DerivedData/SDKStatCaches.noindex/iphonesimulator26.4-23E252-686eebb5dc1d8ecb277353a59184f4aa.sdkstatcache -target arm64-apple-ios12.0-simulator -fmessage-length\=0 -fdiagnostics-show-note-include-stack -fmacro-backtrace-limit\=0 -fno-color-diagnostics -fmodules-prune-interval\=86400 -fmodules-prune-after\=345600 -fbuild-session-file\=/Users/aadityasingh/Library/Developer/Xcode/DerivedData/ModuleCache.noindex/Session.modulevalidation -fmodules-validate-once-per-build-session -Wnon-modular-include-in-framework-module -Werror\=non-modular-include-in-framework-module -Wno-trigraphs -Wno-missing-field-initializers -Wno-missing-prototypes -Wno-return-type -Wno-implicit-atomic-properties -Wno-objc-interface-ivars -Wno-arc-repeated-use-of-weak -Wno-missing-braces -Wparentheses -Wswitch -Wno-unused-function -Wno-unused-label -Wno-unused-parameter -Wno-unused-variable -Wunused-value -Wno-empty-body -Wno-uninitialized -Wno-unknown-pragmas -w -Wno-shadow -Wno-four-char-constants -Wno-conversion -Wno-constant-conversion -Wno-int-conversion -Wno-bool-conversion -Wno-enum-conversion -Wno-float-conversion -Wno-non-literal-null-conversion -Wno-objc-literal-conversion -Wshorten-64-to-32 -Wpointer-sign -Wno-newline-eof -Wno-selector -Wno-strict-selector-match -Wno-undeclared-selector -Wno-deprecated-implementations -Wno-implicit-fallthrough -isysroot /Applications/Xcode.app/Contents/Developer/Platforms/iPhoneSimulator.platform/Developer/SDKs/iPhoneSimulator26.4.sdk -fstrict-aliasing -Wprotocol -Wdeprecated-declarations -Wno-sign-conversion -Wno-infinite-recursion -Wno-comma -Wno-block-capture-autoreleasing -Wno-strict-prototypes -Wno-semicolon-before-method-body -index-store-path /Users/aadityasingh/Library/Developer/Xcode/DerivedData/Chatlio-erkyzdeecsohoaggpwbjdvavzqfv/Index.noindex/DataStore @/Users/aadityasingh/Library/Developer/Xcode/DerivedData/Chatlio-erkyzdeecsohoaggpwbjdvavzqfv/Build/Intermediates.noindex/DTCoreText.build/Debug-iphonesimulator/DTCoreText.build/Objects-normal/arm64/e6072d4f65d7061329687fe24e3d63a7-common-args.resp -include /Users/aadityasingh/Library/Developer/Xcode/DerivedData/Chatlio-erkyzdeecsohoaggpwbjdvavzqfv/Build/Intermediates.noindex/DTCoreText.build/Debug-iphonesimulator/DTCoreText.build/DerivedSources/resource_bundle_accessor.h -MMD -MT dependencies -MF /Users/aadityasingh/Library/Developer/Xcode/DerivedData/Chatlio-erkyzdeecsohoaggpwbjdvavzqfv/Build/Intermediates.noindex/DTCoreText.build/Debug-iphonesimulator/DTCoreText.build/Objects-normal/arm64/DTCSSListStyle.d --serialize-diagnostics /Users/aadityasingh/Library/Developer/Xcode/DerivedData/Chatlio-erkyzdeecsohoaggpwbjdvavzqfv/Build/Intermediates.noindex/DTCoreText.build/Debug-iphonesimulator/DTCoreText.build/Objects-normal/arm64/DTCSSListStyle.dia -c /Users/aadityasingh/Library/Developer/Xcode/DerivedData/Chatlio-erkyzdeecsohoaggpwbjdvavzqfv/SourcePackages/checkouts/DTCoreText/Core/Source/DTCSSListStyle.m -o /Users/aadityasingh/Library/Developer/Xcode/DerivedData/Chatlio-erkyzdeecsohoaggpwbjdvavzqfv/Build/Intermediates.noindex/DTCoreText.build/Debug-iphonesimulator/DTCoreText.build/Objects-normal/arm64/DTCSSListStyle.o -index-unit-output-path /DTCoreText.build/Debug-iphonesimulator/DTCoreText.build/Objects-normal/arm64/DTCSSListStyle.o

ScanDependencies /Users/aadityasingh/Library/Developer/Xcode/DerivedData/Chatlio-erkyzdeecsohoaggpwbjdvavzqfv/Build/Intermediates.noindex/DTCoreText.build/Debug-iphonesimulator/DTCoreText.build/Objects-normal/arm64/DTBreakHTMLElement.o /Users/aadityasingh/Library/Developer/Xcode/DerivedData/Chatlio-erkyzdeecsohoaggpwbjdvavzqfv/SourcePackages/checkouts/DTCoreText/Core/Source/DTBreakHTMLElement.m normal arm64 objective-c com.apple.compilers.llvm.clang.1_0.compiler (in target 'DTCoreText' from project 'DTCoreText')
    cd /Users/aadityasingh/Documents/Development/element-x-ios/Chatlio.xcodeproj
    
    Using response file: /Users/aadityasingh/Library/Developer/Xcode/DerivedData/Chatlio-erkyzdeecsohoaggpwbjdvavzqfv/Build/Intermediates.noindex/DTCoreText.build/Debug-iphonesimulator/DTCoreText.build/Objects-normal/arm64/e6072d4f65d7061329687fe24e3d63a7-common-args.resp
    
    builtin-ScanDependencies -o /Users/aadityasingh/Library/Developer/Xcode/DerivedData/Chatlio-erkyzdeecsohoaggpwbjdvavzqfv/Build/Intermediates.noindex/DTCoreText.build/Debug-iphonesimulator/DTCoreText.build/Objects-normal/arm64/DTBreakHTMLElement.o.scan -- /Applications/Xcode.app/Contents/Developer/Toolchains/XcodeDefault.xctoolchain/usr/bin/clang -x objective-c -ivfsstatcache /Users/aadityasingh/Library/Developer/Xcode/DerivedData/SDKStatCaches.noindex/iphonesimulator26.4-23E252-686eebb5dc1d8ecb277353a59184f4aa.sdkstatcache -target arm64-apple-ios12.0-simulator -fmessage-length\=0 -fdiagnostics-show-note-include-stack -fmacro-backtrace-limit\=0 -fno-color-diagnostics -fmodules-prune-interval\=86400 -fmodules-prune-after\=345600 -fbuild-session-file\=/Users/aadityasingh/Library/Developer/Xcode/DerivedData/ModuleCache.noindex/Session.modulevalidation -fmodules-validate-once-per-build-session -Wnon-modular-include-in-framework-module -Werror\=non-modular-include-in-framework-module -Wno-trigraphs -Wno-missing-field-initializers -Wno-missing-prototypes -Wno-return-type -Wno-implicit-atomic-properties -Wno-objc-interface-ivars -Wno-arc-repeated-use-of-weak -Wno-missing-braces -Wparentheses -Wswitch -Wno-unused-function -Wno-unused-label -Wno-unused-parameter -Wno-unused-variable -Wunused-value -Wno-empty-body -Wno-uninitialized -Wno-unknown-pragmas -w -Wno-shadow -Wno-four-char-constants -Wno-conversion -Wno-constant-conversion -Wno-int-conversion -Wno-bool-conversion -Wno-enum-conversion -Wno-float-conversion -Wno-non-literal-null-conversion -Wno-objc-literal-conversion -Wshorten-64-to-32 -Wpointer-sign -Wno-newline-eof -Wno-selector -Wno-strict-selector-match -Wno-undeclared-selector -Wno-deprecated-implementations -Wno-implicit-fallthrough -isysroot /Applications/Xcode.app/Contents/Developer/Platforms/iPhoneSimulator.platform/Developer/SDKs/iPhoneSimulator26.4.sdk -fstrict-aliasing -Wprotocol -Wdeprecated-declarations -Wno-sign-conversion -Wno-infinite-recursion -Wno-comma -Wno-block-capture-autoreleasing -Wno-strict-prototypes -Wno-semicolon-before-method-body -index-store-path /Users/aadityasingh/Library/Developer/Xcode/DerivedData/Chatlio-erkyzdeecsohoaggpwbjdvavzqfv/Index.noindex/DataStore @/Users/aadityasingh/Library/Developer/Xcode/DerivedData/Chatlio-erkyzdeecsohoaggpwbjdvavzqfv/Build/Intermediates.noindex/DTCoreText.build/Debug-iphonesimulator/DTCoreText.build/Objects-normal/arm64/e6072d4f65d7061329687fe24e3d63a7-common-args.resp -include /Users/aadityasingh/Library/Developer/Xcode/DerivedData/Chatlio-erkyzdeecsohoaggpwbjdvavzqfv/Build/Intermediates.noindex/DTCoreText.build/Debug-iphonesimulator/DTCoreText.build/DerivedSources/resource_bundle_accessor.h -MMD -MT dependencies -MF /Users/aadityasingh/Library/Developer/Xcode/DerivedData/Chatlio-erkyzdeecsohoaggpwbjdvavzqfv/Build/Intermediates.noindex/DTCoreText.build/Debug-iphonesimulator/DTCoreText.build/Objects-normal/arm64/DTBreakHTMLElement.d --serialize-diagnostics /Users/aadityasingh/Library/Developer/Xcode/DerivedData/Chatlio-erkyzdeecsohoaggpwbjdvavzqfv/Build/Intermediates.noindex/DTCoreText.build/Debug-iphonesimulator/DTCoreText.build/Objects-normal/arm64/DTBreakHTMLElement.dia -c /Users/aadityasingh/Library/Developer/Xcode/DerivedData/Chatlio-erkyzdeecsohoaggpwbjdvavzqfv/SourcePackages/checkouts/DTCoreText/Core/Source/DTBreakHTMLElement.m -o /Users/aadityasingh/Library/Developer/Xcode/DerivedData/Chatlio-erkyzdeecsohoaggpwbjdvavzqfv/Build/Intermediates.noindex/DTCoreText.build/Debug-iphonesimulator/DTCoreText.build/Objects-normal/arm64/DTBreakHTMLElement.o -index-unit-output-path /DTCoreText.build/Debug-iphonesimulator/DTCoreText.build/Objects-normal/arm64/DTBreakHTMLElement.o

PrecompileModule /Users/aadityasingh/Library/Developer/Xcode/DerivedData/Chatlio-erkyzdeecsohoaggpwbjdvavzqfv/Build/Intermediates.noindex/ExplicitPrecompiledModules/QuartzCore-A67KJYM8FMF5M78OW4SFFSVA3.scan
    cd /
    builtin-precompileModule /Users/aadityasingh/Library/Developer/Xcode/DerivedData/Chatlio-erkyzdeecsohoaggpwbjdvavzqfv/Build/Intermediates.noindex/ExplicitPrecompiledModules/QuartzCore-A67KJYM8FMF5M78OW4SFFSVA3.scan

PrecompileModule /Users/aadityasingh/Library/Developer/Xcode/DerivedData/Chatlio-erkyzdeecsohoaggpwbjdvavzqfv/Build/Intermediates.noindex/ExplicitPrecompiledModules/CoreImage-76GZYJ4K3P4BK8V2I4WC5W7LU.scan
    cd /
    builtin-precompileModule /Users/aadityasingh/Library/Developer/Xcode/DerivedData/Chatlio-erkyzdeecsohoaggpwbjdvavzqfv/Build/Intermediates.noindex/ExplicitPrecompiledModules/CoreImage-76GZYJ4K3P4BK8V2I4WC5W7LU.scan

ScanDependencies /Users/aadityasingh/Library/Developer/Xcode/DerivedData/Chatlio-erkyzdeecsohoaggpwbjdvavzqfv/Build/Intermediates.noindex/DTCoreText.build/Debug-iphonesimulator/DTCoreText.build/Objects-normal/arm64/DTAttributedTextView.o /Users/aadityasingh/Library/Developer/Xcode/DerivedData/Chatlio-erkyzdeecsohoaggpwbjdvavzqfv/SourcePackages/checkouts/DTCoreText/Core/Source/DTAttributedTextView.m normal arm64 objective-c com.apple.compilers.llvm.clang.1_0.compiler (in target 'DTCoreText' from project 'DTCoreText')
    cd /Users/aadityasingh/Documents/Development/element-x-ios/Chatlio.xcodeproj
    
    Using response file: /Users/aadityasingh/Library/Developer/Xcode/DerivedData/Chatlio-erkyzdeecsohoaggpwbjdvavzqfv/Build/Intermediates.noindex/DTCoreText.build/Debug-iphonesimulator/DTCoreText.build/Objects-normal/arm64/e6072d4f65d7061329687fe24e3d63a7-common-args.resp
    
    builtin-ScanDependencies -o /Users/aadityasingh/Library/Developer/Xcode/DerivedData/Chatlio-erkyzdeecsohoaggpwbjdvavzqfv/Build/Intermediates.noindex/DTCoreText.build/Debug-iphonesimulator/DTCoreText.build/Objects-normal/arm64/DTAttributedTextView.o.scan -- /Applications/Xcode.app/Contents/Developer/Toolchains/XcodeDefault.xctoolchain/usr/bin/clang -x objective-c -ivfsstatcache /Users/aadityasingh/Library/Developer/Xcode/DerivedData/SDKStatCaches.noindex/iphonesimulator26.4-23E252-686eebb5dc1d8ecb277353a59184f4aa.sdkstatcache -target arm64-apple-ios12.0-simulator -fmessage-length\=0 -fdiagnostics-show-note-include-stack -fmacro-backtrace-limit\=0 -fno-color-diagnostics -fmodules-prune-interval\=86400 -fmodules-prune-after\=345600 -fbuild-session-file\=/Users/aadityasingh/Library/Developer/Xcode/DerivedData/ModuleCache.noindex/Session.modulevalidation -fmodules-validate-once-per-build-session -Wnon-modular-include-in-framework-module -Werror\=non-modular-include-in-framework-module -Wno-trigraphs -Wno-missing-field-initializers -Wno-missing-prototypes -Wno-return-type -Wno-implicit-atomic-properties -Wno-objc-interface-ivars -Wno-arc-repeated-use-of-weak -Wno-missing-braces -Wparentheses -Wswitch -Wno-unused-function -Wno-unused-label -Wno-unused-parameter -Wno-unused-variable -Wunused-value -Wno-empty-body -Wno-uninitialized -Wno-unknown-pragmas -w -Wno-shadow -Wno-four-char-constants -Wno-conversion -Wno-constant-conversion -Wno-int-conversion -Wno-bool-conversion -Wno-enum-conversion -Wno-float-conversion -Wno-non-literal-null-conversion -Wno-objc-literal-conversion -Wshorten-64-to-32 -Wpointer-sign -Wno-newline-eof -Wno-selector -Wno-strict-selector-match -Wno-undeclared-selector -Wno-deprecated-implementations -Wno-implicit-fallthrough -isysroot /Applications/Xcode.app/Contents/Developer/Platforms/iPhoneSimulator.platform/Developer/SDKs/iPhoneSimulator26.4.sdk -fstrict-aliasing -Wprotocol -Wdeprecated-declarations -Wno-sign-conversion -Wno-infinite-recursion -Wno-comma -Wno-block-capture-autoreleasing -Wno-strict-prototypes -Wno-semicolon-before-method-body -index-store-path /Users/aadityasingh/Library/Developer/Xcode/DerivedData/Chatlio-erkyzdeecsohoaggpwbjdvavzqfv/Index.noindex/DataStore @/Users/aadityasingh/Library/Developer/Xcode/DerivedData/Chatlio-erkyzdeecsohoaggpwbjdvavzqfv/Build/Intermediates.noindex/DTCoreText.build/Debug-iphonesimulator/DTCoreText.build/Objects-normal/arm64/e6072d4f65d7061329687fe24e3d63a7-common-args.resp -include /Users/aadityasingh/Library/Developer/Xcode/DerivedData/Chatlio-erkyzdeecsohoaggpwbjdvavzqfv/Build/Intermediates.noindex/DTCoreText.build/Debug-iphonesimulator/DTCoreText.build/DerivedSources/resource_bundle_accessor.h -MMD -MT dependencies -MF /Users/aadityasingh/Library/Developer/Xcode/DerivedData/Chatlio-erkyzdeecsohoaggpwbjdvavzqfv/Build/Intermediates.noindex/DTCoreText.build/Debug-iphonesimulator/DTCoreText.build/Objects-normal/arm64/DTAttributedTextView.d --serialize-diagnostics /Users/aadityasingh/Library/Developer/Xcode/DerivedData/Chatlio-erkyzdeecsohoaggpwbjdvavzqfv/Build/Intermediates.noindex/DTCoreText.build/Debug-iphonesimulator/DTCoreText.build/Objects-normal/arm64/DTAttributedTextView.dia -c /Users/aadityasingh/Library/Developer/Xcode/DerivedData/Chatlio-erkyzdeecsohoaggpwbjdvavzqfv/SourcePackages/checkouts/DTCoreText/Core/Source/DTAttributedTextView.m -o /Users/aadityasingh/Library/Developer/Xcode/DerivedData/Chatlio-erkyzdeecsohoaggpwbjdvavzqfv/Build/Intermediates.noindex/DTCoreText.build/Debug-iphonesimulator/DTCoreText.build/Objects-normal/arm64/DTAttributedTextView.o -index-unit-output-path /DTCoreText.build/Debug-iphonesimulator/DTCoreText.build/Objects-normal/arm64/DTAttributedTextView.o

ScanDependencies /Users/aadityasingh/Library/Developer/Xcode/DerivedData/Chatlio-erkyzdeecsohoaggpwbjdvavzqfv/Build/Intermediates.noindex/DTCoreText.build/Debug-iphonesimulator/DTCoreText.build/Objects-normal/arm64/DTAttributedTextContentView.o /Users/aadityasingh/Library/Developer/Xcode/DerivedData/Chatlio-erkyzdeecsohoaggpwbjdvavzqfv/SourcePackages/checkouts/DTCoreText/Core/Source/DTAttributedTextContentView.m normal arm64 objective-c com.apple.compilers.llvm.clang.1_0.compiler (in target 'DTCoreText' from project 'DTCoreText')
    cd /Users/aadityasingh/Documents/Development/element-x-ios/Chatlio.xcodeproj
    
    Using response file: /Users/aadityasingh/Library/Developer/Xcode/DerivedData/Chatlio-erkyzdeecsohoaggpwbjdvavzqfv/Build/Intermediates.noindex/DTCoreText.build/Debug-iphonesimulator/DTCoreText.build/Objects-normal/arm64/e6072d4f65d7061329687fe24e3d63a7-common-args.resp
    
    builtin-ScanDependencies -o /Users/aadityasingh/Library/Developer/Xcode/DerivedData/Chatlio-erkyzdeecsohoaggpwbjdvavzqfv/Build/Intermediates.noindex/DTCoreText.build/Debug-iphonesimulator/DTCoreText.build/Objects-normal/arm64/DTAttributedTextContentView.o.scan -- /Applications/Xcode.app/Contents/Developer/Toolchains/XcodeDefault.xctoolchain/usr/bin/clang -x objective-c -ivfsstatcache /Users/aadityasingh/Library/Developer/Xcode/DerivedData/SDKStatCaches.noindex/iphonesimulator26.4-23E252-686eebb5dc1d8ecb277353a59184f4aa.sdkstatcache -target arm64-apple-ios12.0-simulator -fmessage-length\=0 -fdiagnostics-show-note-include-stack -fmacro-backtrace-limit\=0 -fno-color-diagnostics -fmodules-prune-interval\=86400 -fmodules-prune-after\=345600 -fbuild-session-file\=/Users/aadityasingh/Library/Developer/Xcode/DerivedData/ModuleCache.noindex/Session.modulevalidation -fmodules-validate-once-per-build-session -Wnon-modular-include-in-framework-module -Werror\=non-modular-include-in-framework-module -Wno-trigraphs -Wno-missing-field-initializers -Wno-missing-prototypes -Wno-return-type -Wno-implicit-atomic-properties -Wno-objc-interface-ivars -Wno-arc-repeated-use-of-weak -Wno-missing-braces -Wparentheses -Wswitch -Wno-unused-function -Wno-unused-label -Wno-unused-parameter -Wno-unused-variable -Wunused-value -Wno-empty-body -Wno-uninitialized -Wno-unknown-pragmas -w -Wno-shadow -Wno-four-char-constants -Wno-conversion -Wno-constant-conversion -Wno-int-conversion -Wno-bool-conversion -Wno-enum-conversion -Wno-float-conversion -Wno-non-literal-null-conversion -Wno-objc-literal-conversion -Wshorten-64-to-32 -Wpointer-sign -Wno-newline-eof -Wno-selector -Wno-strict-selector-match -Wno-undeclared-selector -Wno-deprecated-implementations -Wno-implicit-fallthrough -isysroot /Applications/Xcode.app/Contents/Developer/Platforms/iPhoneSimulator.platform/Developer/SDKs/iPhoneSimulator26.4.sdk -fstrict-aliasing -Wprotocol -Wdeprecated-declarations -Wno-sign-conversion -Wno-infinite-recursion -Wno-comma -Wno-block-capture-autoreleasing -Wno-strict-prototypes -Wno-semicolon-before-method-body -index-store-path /Users/aadityasingh/Library/Developer/Xcode/DerivedData/Chatlio-erkyzdeecsohoaggpwbjdvavzqfv/Index.noindex/DataStore @/Users/aadityasingh/Library/Developer/Xcode/DerivedData/Chatlio-erkyzdeecsohoaggpwbjdvavzqfv/Build/Intermediates.noindex/DTCoreText.build/Debug-iphonesimulator/DTCoreText.build/Objects-normal/arm64/e6072d4f65d7061329687fe24e3d63a7-common-args.resp -include /Users/aadityasingh/Library/Developer/Xcode/DerivedData/Chatlio-erkyzdeecsohoaggpwbjdvavzqfv/Build/Intermediates.noindex/DTCoreText.build/Debug-iphonesimulator/DTCoreText.build/DerivedSources/resource_bundle_accessor.h -MMD -MT dependencies -MF /Users/aadityasingh/Library/Developer/Xcode/DerivedData/Chatlio-erkyzdeecsohoaggpwbjdvavzqfv/Build/Intermediates.noindex/DTCoreText.build/Debug-iphonesimulator/DTCoreText.build/Objects-normal/arm64/DTAttributedTextContentView.d --serialize-diagnostics /Users/aadityasingh/Library/Developer/Xcode/DerivedData/Chatlio-erkyzdeecsohoaggpwbjdvavzqfv/Build/Intermediates.noindex/DTCoreText.build/Debug-iphonesimulator/DTCoreText.build/Objects-normal/arm64/DTAttributedTextContentView.dia -c /Users/aadityasingh/Library/Developer/Xcode/DerivedData/Chatlio-erkyzdeecsohoaggpwbjdvavzqfv/SourcePackages/checkouts/DTCoreText/Core/Source/DTAttributedTextContentView.m -o /Users/aadityasingh/Library/Developer/Xcode/DerivedData/Chatlio-erkyzdeecsohoaggpwbjdvavzqfv/Build/Intermediates.noindex/DTCoreText.build/Debug-iphonesimulator/DTCoreText.build/Objects-normal/arm64/DTAttributedTextContentView.o -index-unit-output-path /DTCoreText.build/Debug-iphonesimulator/DTCoreText.build/Objects-normal/arm64/DTAttributedTextContentView.o

ScanDependencies /Users/aadityasingh/Library/Developer/Xcode/DerivedData/Chatlio-erkyzdeecsohoaggpwbjdvavzqfv/Build/Intermediates.noindex/DTCoreText.build/Debug-iphonesimulator/DTCoreText.build/Objects-normal/arm64/DTAttributedTextCell.o /Users/aadityasingh/Library/Developer/Xcode/DerivedData/Chatlio-erkyzdeecsohoaggpwbjdvavzqfv/SourcePackages/checkouts/DTCoreText/Core/Source/DTAttributedTextCell.m normal arm64 objective-c com.apple.compilers.llvm.clang.1_0.compiler (in target 'DTCoreText' from project 'DTCoreText')
    cd /Users/aadityasingh/Documents/Development/element-x-ios/Chatlio.xcodeproj
    
    Using response file: /Users/aadityasingh/Library/Developer/Xcode/DerivedData/Chatlio-erkyzdeecsohoaggpwbjdvavzqfv/Build/Intermediates.noindex/DTCoreText.build/Debug-iphonesimulator/DTCoreText.build/Objects-normal/arm64/e6072d4f65d7061329687fe24e3d63a7-common-args.resp
    
    builtin-ScanDependencies -o /Users/aadityasingh/Library/Developer/Xcode/DerivedData/Chatlio-erkyzdeecsohoaggpwbjdvavzqfv/Build/Intermediates.noindex/DTCoreText.build/Debug-iphonesimulator/DTCoreText.build/Objects-normal/arm64/DTAttributedTextCell.o.scan -- /Applications/Xcode.app/Contents/Developer/Toolchains/XcodeDefault.xctoolchain/usr/bin/clang -x objective-c -ivfsstatcache /Users/aadityasingh/Library/Developer/Xcode/DerivedData/SDKStatCaches.noindex/iphonesimulator26.4-23E252-686eebb5dc1d8ecb277353a59184f4aa.sdkstatcache -target arm64-apple-ios12.0-simulator -fmessage-length\=0 -fdiagnostics-show-note-include-stack -fmacro-backtrace-limit\=0 -fno-color-diagnostics -fmodules-prune-interval\=86400 -fmodules-prune-after\=345600 -fbuild-session-file\=/Users/aadityasingh/Library/Developer/Xcode/DerivedData/ModuleCache.noindex/Session.modulevalidation -fmodules-validate-once-per-build-session -Wnon-modular-include-in-framework-module -Werror\=non-modular-include-in-framework-module -Wno-trigraphs -Wno-missing-field-initializers -Wno-missing-prototypes -Wno-return-type -Wno-implicit-atomic-properties -Wno-objc-interface-ivars -Wno-arc-repeated-use-of-weak -Wno-missing-braces -Wparentheses -Wswitch -Wno-unused-function -Wno-unused-label -Wno-unused-parameter -Wno-unused-variable -Wunused-value -Wno-empty-body -Wno-uninitialized -Wno-unknown-pragmas -w -Wno-shadow -Wno-four-char-constants -Wno-conversion -Wno-constant-conversion -Wno-int-conversion -Wno-bool-conversion -Wno-enum-conversion -Wno-float-conversion -Wno-non-literal-null-conversion -Wno-objc-literal-conversion -Wshorten-64-to-32 -Wpointer-sign -Wno-newline-eof -Wno-selector -Wno-strict-selector-match -Wno-undeclared-selector -Wno-deprecated-implementations -Wno-implicit-fallthrough -isysroot /Applications/Xcode.app/Contents/Developer/Platforms/iPhoneSimulator.platform/Developer/SDKs/iPhoneSimulator26.4.sdk -fstrict-aliasing -Wprotocol -Wdeprecated-declarations -Wno-sign-conversion -Wno-infinite-recursion -Wno-comma -Wno-block-capture-autoreleasing -Wno-strict-prototypes -Wno-semicolon-before-method-body -index-store-path /Users/aadityasingh/Library/Developer/Xcode/DerivedData/Chatlio-erkyzdeecsohoaggpwbjdvavzqfv/Index.noindex/DataStore @/Users/aadityasingh/Library/Developer/Xcode/DerivedData/Chatlio-erkyzdeecsohoaggpwbjdvavzqfv/Build/Intermediates.noindex/DTCoreText.build/Debug-iphonesimulator/DTCoreText.build/Objects-normal/arm64/e6072d4f65d7061329687fe24e3d63a7-common-args.resp -include /Users/aadityasingh/Library/Developer/Xcode/DerivedData/Chatlio-erkyzdeecsohoaggpwbjdvavzqfv/Build/Intermediates.noindex/DTCoreText.build/Debug-iphonesimulator/DTCoreText.build/DerivedSources/resource_bundle_accessor.h -MMD -MT dependencies -MF /Users/aadityasingh/Library/Developer/Xcode/DerivedData/Chatlio-erkyzdeecsohoaggpwbjdvavzqfv/Build/Intermediates.noindex/DTCoreText.build/Debug-iphonesimulator/DTCoreText.build/Objects-normal/arm64/DTAttributedTextCell.d --serialize-diagnostics /Users/aadityasingh/Library/Developer/Xcode/DerivedData/Chatlio-erkyzdeecsohoaggpwbjdvavzqfv/Build/Intermediates.noindex/DTCoreText.build/Debug-iphonesimulator/DTCoreText.build/Objects-normal/arm64/DTAttributedTextCell.dia -c /Users/aadityasingh/Library/Developer/Xcode/DerivedData/Chatlio-erkyzdeecsohoaggpwbjdvavzqfv/SourcePackages/checkouts/DTCoreText/Core/Source/DTAttributedTextCell.m -o /Users/aadityasingh/Library/Developer/Xcode/DerivedData/Chatlio-erkyzdeecsohoaggpwbjdvavzqfv/Build/Intermediates.noindex/DTCoreText.build/Debug-iphonesimulator/DTCoreText.build/Objects-normal/arm64/DTAttributedTextCell.o -index-unit-output-path /DTCoreText.build/Debug-iphonesimulator/DTCoreText.build/Objects-normal/arm64/DTAttributedTextCell.o

ScanDependencies /Users/aadityasingh/Library/Developer/Xcode/DerivedData/Chatlio-erkyzdeecsohoaggpwbjdvavzqfv/Build/Intermediates.noindex/DTCoreText.build/Debug-iphonesimulator/DTCoreText.build/Objects-normal/arm64/DTAttributedLabel.o /Users/aadityasingh/Library/Developer/Xcode/DerivedData/Chatlio-erkyzdeecsohoaggpwbjdvavzqfv/SourcePackages/checkouts/DTCoreText/Core/Source/DTAttributedLabel.m normal arm64 objective-c com.apple.compilers.llvm.clang.1_0.compiler (in target 'DTCoreText' from project 'DTCoreText')
    cd /Users/aadityasingh/Documents/Development/element-x-ios/Chatlio.xcodeproj
    
    Using response file: /Users/aadityasingh/Library/Developer/Xcode/DerivedData/Chatlio-erkyzdeecsohoaggpwbjdvavzqfv/Build/Intermediates.noindex/DTCoreText.build/Debug-iphonesimulator/DTCoreText.build/Objects-normal/arm64/e6072d4f65d7061329687fe24e3d63a7-common-args.resp
    
    builtin-ScanDependencies -o /Users/aadityasingh/Library/Developer/Xcode/DerivedData/Chatlio-erkyzdeecsohoaggpwbjdvavzqfv/Build/Intermediates.noindex/DTCoreText.build/Debug-iphonesimulator/DTCoreText.build/Objects-normal/arm64/DTAttributedLabel.o.scan -- /Applications/Xcode.app/Contents/Developer/Toolchains/XcodeDefault.xctoolchain/usr/bin/clang -x objective-c -ivfsstatcache /Users/aadityasingh/Library/Developer/Xcode/DerivedData/SDKStatCaches.noindex/iphonesimulator26.4-23E252-686eebb5dc1d8ecb277353a59184f4aa.sdkstatcache -target arm64-apple-ios12.0-simulator -fmessage-length\=0 -fdiagnostics-show-note-include-stack -fmacro-backtrace-limit\=0 -fno-color-diagnostics -fmodules-prune-interval\=86400 -fmodules-prune-after\=345600 -fbuild-session-file\=/Users/aadityasingh/Library/Developer/Xcode/DerivedData/ModuleCache.noindex/Session.modulevalidation -fmodules-validate-once-per-build-session -Wnon-modular-include-in-framework-module -Werror\=non-modular-include-in-framework-module -Wno-trigraphs -Wno-missing-field-initializers -Wno-missing-prototypes -Wno-return-type -Wno-implicit-atomic-properties -Wno-objc-interface-ivars -Wno-arc-repeated-use-of-weak -Wno-missing-braces -Wparentheses -Wswitch -Wno-unused-function -Wno-unused-label -Wno-unused-parameter -Wno-unused-variable -Wunused-value -Wno-empty-body -Wno-uninitialized -Wno-unknown-pragmas -w -Wno-shadow -Wno-four-char-constants -Wno-conversion -Wno-constant-conversion -Wno-int-conversion -Wno-bool-conversion -Wno-enum-conversion -Wno-float-conversion -Wno-non-literal-null-conversion -Wno-objc-literal-conversion -Wshorten-64-to-32 -Wpointer-sign -Wno-newline-eof -Wno-selector -Wno-strict-selector-match -Wno-undeclared-selector -Wno-deprecated-implementations -Wno-implicit-fallthrough -isysroot /Applications/Xcode.app/Contents/Developer/Platforms/iPhoneSimulator.platform/Developer/SDKs/iPhoneSimulator26.4.sdk -fstrict-aliasing -Wprotocol -Wdeprecated-declarations -Wno-sign-conversion -Wno-infinite-recursion -Wno-comma -Wno-block-capture-autoreleasing -Wno-strict-prototypes -Wno-semicolon-before-method-body -index-store-path /Users/aadityasingh/Library/Developer/Xcode/DerivedData/Chatlio-erkyzdeecsohoaggpwbjdvavzqfv/Index.noindex/DataStore @/Users/aadityasingh/Library/Developer/Xcode/DerivedData/Chatlio-erkyzdeecsohoaggpwbjdvavzqfv/Build/Intermediates.noindex/DTCoreText.build/Debug-iphonesimulator/DTCoreText.build/Objects-normal/arm64/e6072d4f65d7061329687fe24e3d63a7-common-args.resp -include /Users/aadityasingh/Library/Developer/Xcode/DerivedData/Chatlio-erkyzdeecsohoaggpwbjdvavzqfv/Build/Intermediates.noindex/DTCoreText.build/Debug-iphonesimulator/DTCoreText.build/DerivedSources/resource_bundle_accessor.h -MMD -MT dependencies -MF /Users/aadityasingh/Library/Developer/Xcode/DerivedData/Chatlio-erkyzdeecsohoaggpwbjdvavzqfv/Build/Intermediates.noindex/DTCoreText.build/Debug-iphonesimulator/DTCoreText.build/Objects-normal/arm64/DTAttributedLabel.d --serialize-diagnostics /Users/aadityasingh/Library/Developer/Xcode/DerivedData/Chatlio-erkyzdeecsohoaggpwbjdvavzqfv/Build/Intermediates.noindex/DTCoreText.build/Debug-iphonesimulator/DTCoreText.build/Objects-normal/arm64/DTAttributedLabel.dia -c /Users/aadityasingh/Library/Developer/Xcode/DerivedData/Chatlio-erkyzdeecsohoaggpwbjdvavzqfv/SourcePackages/checkouts/DTCoreText/Core/Source/DTAttributedLabel.m -o /Users/aadityasingh/Library/Developer/Xcode/DerivedData/Chatlio-erkyzdeecsohoaggpwbjdvavzqfv/Build/Intermediates.noindex/DTCoreText.build/Debug-iphonesimulator/DTCoreText.build/Objects-normal/arm64/DTAttributedLabel.o -index-unit-output-path /DTCoreText.build/Debug-iphonesimulator/DTCoreText.build/Objects-normal/arm64/DTAttributedLabel.o

ScanDependencies /Users/aadityasingh/Library/Developer/Xcode/DerivedData/Chatlio-erkyzdeecsohoaggpwbjdvavzqfv/Build/Intermediates.noindex/DTCoreText.build/Debug-iphonesimulator/DTCoreText.build/Objects-normal/arm64/DTAnchorHTMLElement.o /Users/aadityasingh/Library/Developer/Xcode/DerivedData/Chatlio-erkyzdeecsohoaggpwbjdvavzqfv/SourcePackages/checkouts/DTCoreText/Core/Source/DTAnchorHTMLElement.m normal arm64 objective-c com.apple.compilers.llvm.clang.1_0.compiler (in target 'DTCoreText' from project 'DTCoreText')
    cd /Users/aadityasingh/Documents/Development/element-x-ios/Chatlio.xcodeproj
    
    Using response file: /Users/aadityasingh/Library/Developer/Xcode/DerivedData/Chatlio-erkyzdeecsohoaggpwbjdvavzqfv/Build/Intermediates.noindex/DTCoreText.build/Debug-iphonesimulator/DTCoreText.build/Objects-normal/arm64/e6072d4f65d7061329687fe24e3d63a7-common-args.resp
    
    builtin-ScanDependencies -o /Users/aadityasingh/Library/Developer/Xcode/DerivedData/Chatlio-erkyzdeecsohoaggpwbjdvavzqfv/Build/Intermediates.noindex/DTCoreText.build/Debug-iphonesimulator/DTCoreText.build/Objects-normal/arm64/DTAnchorHTMLElement.o.scan -- /Applications/Xcode.app/Contents/Developer/Toolchains/XcodeDefault.xctoolchain/usr/bin/clang -x objective-c -ivfsstatcache /Users/aadityasingh/Library/Developer/Xcode/DerivedData/SDKStatCaches.noindex/iphonesimulator26.4-23E252-686eebb5dc1d8ecb277353a59184f4aa.sdkstatcache -target arm64-apple-ios12.0-simulator -fmessage-length\=0 -fdiagnostics-show-note-include-stack -fmacro-backtrace-limit\=0 -fno-color-diagnostics -fmodules-prune-interval\=86400 -fmodules-prune-after\=345600 -fbuild-session-file\=/Users/aadityasingh/Library/Developer/Xcode/DerivedData/ModuleCache.noindex/Session.modulevalidation -fmodules-validate-once-per-build-session -Wnon-modular-include-in-framework-module -Werror\=non-modular-include-in-framework-module -Wno-trigraphs -Wno-missing-field-initializers -Wno-missing-prototypes -Wno-return-type -Wno-implicit-atomic-properties -Wno-objc-interface-ivars -Wno-arc-repeated-use-of-weak -Wno-missing-braces -Wparentheses -Wswitch -Wno-unused-function -Wno-unused-label -Wno-unused-parameter -Wno-unused-variable -Wunused-value -Wno-empty-body -Wno-uninitialized -Wno-unknown-pragmas -w -Wno-shadow -Wno-four-char-constants -Wno-conversion -Wno-constant-conversion -Wno-int-conversion -Wno-bool-conversion -Wno-enum-conversion -Wno-float-conversion -Wno-non-literal-null-conversion -Wno-objc-literal-conversion -Wshorten-64-to-32 -Wpointer-sign -Wno-newline-eof -Wno-selector -Wno-strict-selector-match -Wno-undeclared-selector -Wno-deprecated-implementations -Wno-implicit-fallthrough -isysroot /Applications/Xcode.app/Contents/Developer/Platforms/iPhoneSimulator.platform/Developer/SDKs/iPhoneSimulator26.4.sdk -fstrict-aliasing -Wprotocol -Wdeprecated-declarations -Wno-sign-conversion -Wno-infinite-recursion -Wno-comma -Wno-block-capture-autoreleasing -Wno-strict-prototypes -Wno-semicolon-before-method-body -index-store-path /Users/aadityasingh/Library/Developer/Xcode/DerivedData/Chatlio-erkyzdeecsohoaggpwbjdvavzqfv/Index.noindex/DataStore @/Users/aadityasingh/Library/Developer/Xcode/DerivedData/Chatlio-erkyzdeecsohoaggpwbjdvavzqfv/Build/Intermediates.noindex/DTCoreText.build/Debug-iphonesimulator/DTCoreText.build/Objects-normal/arm64/e6072d4f65d7061329687fe24e3d63a7-common-args.resp -include /Users/aadityasingh/Library/Developer/Xcode/DerivedData/Chatlio-erkyzdeecsohoaggpwbjdvavzqfv/Build/Intermediates.noindex/DTCoreText.build/Debug-iphonesimulator/DTCoreText.build/DerivedSources/resource_bundle_accessor.h -MMD -MT dependencies -MF /Users/aadityasingh/Library/Developer/Xcode/DerivedData/Chatlio-erkyzdeecsohoaggpwbjdvavzqfv/Build/Intermediates.noindex/DTCoreText.build/Debug-iphonesimulator/DTCoreText.build/Objects-normal/arm64/DTAnchorHTMLElement.d --serialize-diagnostics /Users/aadityasingh/Library/Developer/Xcode/DerivedData/Chatlio-erkyzdeecsohoaggpwbjdvavzqfv/Build/Intermediates.noindex/DTCoreText.build/Debug-iphonesimulator/DTCoreText.build/Objects-normal/arm64/DTAnchorHTMLElement.dia -c /Users/aadityasingh/Library/Developer/Xcode/DerivedData/Chatlio-erkyzdeecsohoaggpwbjdvavzqfv/SourcePackages/checkouts/DTCoreText/Core/Source/DTAnchorHTMLElement.m -o /Users/aadityasingh/Library/Developer/Xcode/DerivedData/Chatlio-erkyzdeecsohoaggpwbjdvavzqfv/Build/Intermediates.noindex/DTCoreText.build/Debug-iphonesimulator/DTCoreText.build/Objects-normal/arm64/DTAnchorHTMLElement.o -index-unit-output-path /DTCoreText.build/Debug-iphonesimulator/DTCoreText.build/Objects-normal/arm64/DTAnchorHTMLElement.o

ScanDependencies /Users/aadityasingh/Library/Developer/Xcode/DerivedData/Chatlio-erkyzdeecsohoaggpwbjdvavzqfv/Build/Intermediates.noindex/DTCoreText.build/Debug-iphonesimulator/DTCoreText.build/Objects-normal/arm64/DTAccessibilityViewProxy.o /Users/aadityasingh/Library/Developer/Xcode/DerivedData/Chatlio-erkyzdeecsohoaggpwbjdvavzqfv/SourcePackages/checkouts/DTCoreText/Core/Source/DTAccessibilityViewProxy.m normal arm64 objective-c com.apple.compilers.llvm.clang.1_0.compiler (in target 'DTCoreText' from project 'DTCoreText')
    cd /Users/aadityasingh/Documents/Development/element-x-ios/Chatlio.xcodeproj
    
    Using response file: /Users/aadityasingh/Library/Developer/Xcode/DerivedData/Chatlio-erkyzdeecsohoaggpwbjdvavzqfv/Build/Intermediates.noindex/DTCoreText.build/Debug-iphonesimulator/DTCoreText.build/Objects-normal/arm64/e6072d4f65d7061329687fe24e3d63a7-common-args.resp
    
    builtin-ScanDependencies -o /Users/aadityasingh/Library/Developer/Xcode/DerivedData/Chatlio-erkyzdeecsohoaggpwbjdvavzqfv/Build/Intermediates.noindex/DTCoreText.build/Debug-iphonesimulator/DTCoreText.build/Objects-normal/arm64/DTAccessibilityViewProxy.o.scan -- /Applications/Xcode.app/Contents/Developer/Toolchains/XcodeDefault.xctoolchain/usr/bin/clang -x objective-c -ivfsstatcache /Users/aadityasingh/Library/Developer/Xcode/DerivedData/SDKStatCaches.noindex/iphonesimulator26.4-23E252-686eebb5dc1d8ecb277353a59184f4aa.sdkstatcache -target arm64-apple-ios12.0-simulator -fmessage-length\=0 -fdiagnostics-show-note-include-stack -fmacro-backtrace-limit\=0 -fno-color-diagnostics -fmodules-prune-interval\=86400 -fmodules-prune-after\=345600 -fbuild-session-file\=/Users/aadityasingh/Library/Developer/Xcode/DerivedData/ModuleCache.noindex/Session.modulevalidation -fmodules-validate-once-per-build-session -Wnon-modular-include-in-framework-module -Werror\=non-modular-include-in-framework-module -Wno-trigraphs -Wno-missing-field-initializers -Wno-missing-prototypes -Wno-return-type -Wno-implicit-atomic-properties -Wno-objc-interface-ivars -Wno-arc-repeated-use-of-weak -Wno-missing-braces -Wparentheses -Wswitch -Wno-unused-function -Wno-unused-label -Wno-unused-parameter -Wno-unused-variable -Wunused-value -Wno-empty-body -Wno-uninitialized -Wno-unknown-pragmas -w -Wno-shadow -Wno-four-char-constants -Wno-conversion -Wno-constant-conversion -Wno-int-conversion -Wno-bool-conversion -Wno-enum-conversion -Wno-float-conversion -Wno-non-literal-null-conversion -Wno-objc-literal-conversion -Wshorten-64-to-32 -Wpointer-sign -Wno-newline-eof -Wno-selector -Wno-strict-selector-match -Wno-undeclared-selector -Wno-deprecated-implementations -Wno-implicit-fallthrough -isysroot /Applications/Xcode.app/Contents/Developer/Platforms/iPhoneSimulator.platform/Developer/SDKs/iPhoneSimulator26.4.sdk -fstrict-aliasing -Wprotocol -Wdeprecated-declarations -Wno-sign-conversion -Wno-infinite-recursion -Wno-comma -Wno-block-capture-autoreleasing -Wno-strict-prototypes -Wno-semicolon-before-method-body -index-store-path /Users/aadityasingh/Library/Developer/Xcode/DerivedData/Chatlio-erkyzdeecsohoaggpwbjdvavzqfv/Index.noindex/DataStore @/Users/aadityasingh/Library/Developer/Xcode/DerivedData/Chatlio-erkyzdeecsohoaggpwbjdvavzqfv/Build/Intermediates.noindex/DTCoreText.build/Debug-iphonesimulator/DTCoreText.build/Objects-normal/arm64/e6072d4f65d7061329687fe24e3d63a7-common-args.resp -include /Users/aadityasingh/Library/Developer/Xcode/DerivedData/Chatlio-erkyzdeecsohoaggpwbjdvavzqfv/Build/Intermediates.noindex/DTCoreText.build/Debug-iphonesimulator/DTCoreText.build/DerivedSources/resource_bundle_accessor.h -MMD -MT dependencies -MF /Users/aadityasingh/Library/Developer/Xcode/DerivedData/Chatlio-erkyzdeecsohoaggpwbjdvavzqfv/Build/Intermediates.noindex/DTCoreText.build/Debug-iphonesimulator/DTCoreText.build/Objects-normal/arm64/DTAccessibilityViewProxy.d --serialize-diagnostics /Users/aadityasingh/Library/Developer/Xcode/DerivedData/Chatlio-erkyzdeecsohoaggpwbjdvavzqfv/Build/Intermediates.noindex/DTCoreText.build/Debug-iphonesimulator/DTCoreText.build/Objects-normal/arm64/DTAccessibilityViewProxy.dia -c /Users/aadityasingh/Library/Developer/Xcode/DerivedData/Chatlio-erkyzdeecsohoaggpwbjdvavzqfv/SourcePackages/checkouts/DTCoreText/Core/Source/DTAccessibilityViewProxy.m -o /Users/aadityasingh/Library/Developer/Xcode/DerivedData/Chatlio-erkyzdeecsohoaggpwbjdvavzqfv/Build/Intermediates.noindex/DTCoreText.build/Debug-iphonesimulator/DTCoreText.build/Objects-normal/arm64/DTAccessibilityViewProxy.o -index-unit-output-path /DTCoreText.build/Debug-iphonesimulator/DTCoreText.build/Objects-normal/arm64/DTAccessibilityViewProxy.o

ScanDependencies /Users/aadityasingh/Library/Developer/Xcode/DerivedData/Chatlio-erkyzdeecsohoaggpwbjdvavzqfv/Build/Intermediates.noindex/DTCoreText.build/Debug-iphonesimulator/DTCoreText.build/Objects-normal/arm64/DTAccessibilityElement.o /Users/aadityasingh/Library/Developer/Xcode/DerivedData/Chatlio-erkyzdeecsohoaggpwbjdvavzqfv/SourcePackages/checkouts/DTCoreText/Core/Source/DTAccessibilityElement.m normal arm64 objective-c com.apple.compilers.llvm.clang.1_0.compiler (in target 'DTCoreText' from project 'DTCoreText')
    cd /Users/aadityasingh/Documents/Development/element-x-ios/Chatlio.xcodeproj
    
    Using response file: /Users/aadityasingh/Library/Developer/Xcode/DerivedData/Chatlio-erkyzdeecsohoaggpwbjdvavzqfv/Build/Intermediates.noindex/DTCoreText.build/Debug-iphonesimulator/DTCoreText.build/Objects-normal/arm64/e6072d4f65d7061329687fe24e3d63a7-common-args.resp
    
    builtin-ScanDependencies -o /Users/aadityasingh/Library/Developer/Xcode/DerivedData/Chatlio-erkyzdeecsohoaggpwbjdvavzqfv/Build/Intermediates.noindex/DTCoreText.build/Debug-iphonesimulator/DTCoreText.build/Objects-normal/arm64/DTAccessibilityElement.o.scan -- /Applications/Xcode.app/Contents/Developer/Toolchains/XcodeDefault.xctoolchain/usr/bin/clang -x objective-c -ivfsstatcache /Users/aadityasingh/Library/Developer/Xcode/DerivedData/SDKStatCaches.noindex/iphonesimulator26.4-23E252-686eebb5dc1d8ecb277353a59184f4aa.sdkstatcache -target arm64-apple-ios12.0-simulator -fmessage-length\=0 -fdiagnostics-show-note-include-stack -fmacro-backtrace-limit\=0 -fno-color-diagnostics -fmodules-prune-interval\=86400 -fmodules-prune-after\=345600 -fbuild-session-file\=/Users/aadityasingh/Library/Developer/Xcode/DerivedData/ModuleCache.noindex/Session.modulevalidation -fmodules-validate-once-per-build-session -Wnon-modular-include-in-framework-module -Werror\=non-modular-include-in-framework-module -Wno-trigraphs -Wno-missing-field-initializers -Wno-missing-prototypes -Wno-return-type -Wno-implicit-atomic-properties -Wno-objc-interface-ivars -Wno-arc-repeated-use-of-weak -Wno-missing-braces -Wparentheses -Wswitch -Wno-unused-function -Wno-unused-label -Wno-unused-parameter -Wno-unused-variable -Wunused-value -Wno-empty-body -Wno-uninitialized -Wno-unknown-pragmas -w -Wno-shadow -Wno-four-char-constants -Wno-conversion -Wno-constant-conversion -Wno-int-conversion -Wno-bool-conversion -Wno-enum-conversion -Wno-float-conversion -Wno-non-literal-null-conversion -Wno-objc-literal-conversion -Wshorten-64-to-32 -Wpointer-sign -Wno-newline-eof -Wno-selector -Wno-strict-selector-match -Wno-undeclared-selector -Wno-deprecated-implementations -Wno-implicit-fallthrough -isysroot /Applications/Xcode.app/Contents/Developer/Platforms/iPhoneSimulator.platform/Developer/SDKs/iPhoneSimulator26.4.sdk -fstrict-aliasing -Wprotocol -Wdeprecated-declarations -Wno-sign-conversion -Wno-infinite-recursion -Wno-comma -Wno-block-capture-autoreleasing -Wno-strict-prototypes -Wno-semicolon-before-method-body -index-store-path /Users/aadityasingh/Library/Developer/Xcode/DerivedData/Chatlio-erkyzdeecsohoaggpwbjdvavzqfv/Index.noindex/DataStore @/Users/aadityasingh/Library/Developer/Xcode/DerivedData/Chatlio-erkyzdeecsohoaggpwbjdvavzqfv/Build/Intermediates.noindex/DTCoreText.build/Debug-iphonesimulator/DTCoreText.build/Objects-normal/arm64/e6072d4f65d7061329687fe24e3d63a7-common-args.resp -include /Users/aadityasingh/Library/Developer/Xcode/DerivedData/Chatlio-erkyzdeecsohoaggpwbjdvavzqfv/Build/Intermediates.noindex/DTCoreText.build/Debug-iphonesimulator/DTCoreText.build/DerivedSources/resource_bundle_accessor.h -MMD -MT dependencies -MF /Users/aadityasingh/Library/Developer/Xcode/DerivedData/Chatlio-erkyzdeecsohoaggpwbjdvavzqfv/Build/Intermediates.noindex/DTCoreText.build/Debug-iphonesimulator/DTCoreText.build/Objects-normal/arm64/DTAccessibilityElement.d --serialize-diagnostics /Users/aadityasingh/Library/Developer/Xcode/DerivedData/Chatlio-erkyzdeecsohoaggpwbjdvavzqfv/Build/Intermediates.noindex/DTCoreText.build/Debug-iphonesimulator/DTCoreText.build/Objects-normal/arm64/DTAccessibilityElement.dia -c /Users/aadityasingh/Library/Developer/Xcode/DerivedData/Chatlio-erkyzdeecsohoaggpwbjdvavzqfv/SourcePackages/checkouts/DTCoreText/Core/Source/DTAccessibilityElement.m -o /Users/aadityasingh/Library/Developer/Xcode/DerivedData/Chatlio-erkyzdeecsohoaggpwbjdvavzqfv/Build/Intermediates.noindex/DTCoreText.build/Debug-iphonesimulator/DTCoreText.build/Objects-normal/arm64/DTAccessibilityElement.o -index-unit-output-path /DTCoreText.build/Debug-iphonesimulator/DTCoreText.build/Objects-normal/arm64/DTAccessibilityElement.o

ScanDependencies /Users/aadityasingh/Library/Developer/Xcode/DerivedData/Chatlio-erkyzdeecsohoaggpwbjdvavzqfv/Build/Intermediates.noindex/DTCoreText.build/Debug-iphonesimulator/DTCoreText.build/Objects-normal/arm64/CTLineUtils.o /Users/aadityasingh/Library/Developer/Xcode/DerivedData/Chatlio-erkyzdeecsohoaggpwbjdvavzqfv/SourcePackages/checkouts/DTCoreText/Core/Source/CTLineUtils.m normal arm64 objective-c com.apple.compilers.llvm.clang.1_0.compiler (in target 'DTCoreText' from project 'DTCoreText')
    cd /Users/aadityasingh/Documents/Development/element-x-ios/Chatlio.xcodeproj
    
    Using response file: /Users/aadityasingh/Library/Developer/Xcode/DerivedData/Chatlio-erkyzdeecsohoaggpwbjdvavzqfv/Build/Intermediates.noindex/DTCoreText.build/Debug-iphonesimulator/DTCoreText.build/Objects-normal/arm64/e6072d4f65d7061329687fe24e3d63a7-common-args.resp
    
    builtin-ScanDependencies -o /Users/aadityasingh/Library/Developer/Xcode/DerivedData/Chatlio-erkyzdeecsohoaggpwbjdvavzqfv/Build/Intermediates.noindex/DTCoreText.build/Debug-iphonesimulator/DTCoreText.build/Objects-normal/arm64/CTLineUtils.o.scan -- /Applications/Xcode.app/Contents/Developer/Toolchains/XcodeDefault.xctoolchain/usr/bin/clang -x objective-c -ivfsstatcache /Users/aadityasingh/Library/Developer/Xcode/DerivedData/SDKStatCaches.noindex/iphonesimulator26.4-23E252-686eebb5dc1d8ecb277353a59184f4aa.sdkstatcache -target arm64-apple-ios12.0-simulator -fmessage-length\=0 -fdiagnostics-show-note-include-stack -fmacro-backtrace-limit\=0 -fno-color-diagnostics -fmodules-prune-interval\=86400 -fmodules-prune-after\=345600 -fbuild-session-file\=/Users/aadityasingh/Library/Developer/Xcode/DerivedData/ModuleCache.noindex/Session.modulevalidation -fmodules-validate-once-per-build-session -Wnon-modular-include-in-framework-module -Werror\=non-modular-include-in-framework-module -Wno-trigraphs -Wno-missing-field-initializers -Wno-missing-prototypes -Wno-return-type -Wno-implicit-atomic-properties -Wno-objc-interface-ivars -Wno-arc-repeated-use-of-weak -Wno-missing-braces -Wparentheses -Wswitch -Wno-unused-function -Wno-unused-label -Wno-unused-parameter -Wno-unused-variable -Wunused-value -Wno-empty-body -Wno-uninitialized -Wno-unknown-pragmas -w -Wno-shadow -Wno-four-char-constants -Wno-conversion -Wno-constant-conversion -Wno-int-conversion -Wno-bool-conversion -Wno-enum-conversion -Wno-float-conversion -Wno-non-literal-null-conversion -Wno-objc-literal-conversion -Wshorten-64-to-32 -Wpointer-sign -Wno-newline-eof -Wno-selector -Wno-strict-selector-match -Wno-undeclared-selector -Wno-deprecated-implementations -Wno-implicit-fallthrough -isysroot /Applications/Xcode.app/Contents/Developer/Platforms/iPhoneSimulator.platform/Developer/SDKs/iPhoneSimulator26.4.sdk -fstrict-aliasing -Wprotocol -Wdeprecated-declarations -Wno-sign-conversion -Wno-infinite-recursion -Wno-comma -Wno-block-capture-autoreleasing -Wno-strict-prototypes -Wno-semicolon-before-method-body -index-store-path /Users/aadityasingh/Library/Developer/Xcode/DerivedData/Chatlio-erkyzdeecsohoaggpwbjdvavzqfv/Index.noindex/DataStore @/Users/aadityasingh/Library/Developer/Xcode/DerivedData/Chatlio-erkyzdeecsohoaggpwbjdvavzqfv/Build/Intermediates.noindex/DTCoreText.build/Debug-iphonesimulator/DTCoreText.build/Objects-normal/arm64/e6072d4f65d7061329687fe24e3d63a7-common-args.resp -include /Users/aadityasingh/Library/Developer/Xcode/DerivedData/Chatlio-erkyzdeecsohoaggpwbjdvavzqfv/Build/Intermediates.noindex/DTCoreText.build/Debug-iphonesimulator/DTCoreText.build/DerivedSources/resource_bundle_accessor.h -MMD -MT dependencies -MF /Users/aadityasingh/Library/Developer/Xcode/DerivedData/Chatlio-erkyzdeecsohoaggpwbjdvavzqfv/Build/Intermediates.noindex/DTCoreText.build/Debug-iphonesimulator/DTCoreText.build/Objects-normal/arm64/CTLineUtils.d --serialize-diagnostics /Users/aadityasingh/Library/Developer/Xcode/DerivedData/Chatlio-erkyzdeecsohoaggpwbjdvavzqfv/Build/Intermediates.noindex/DTCoreText.build/Debug-iphonesimulator/DTCoreText.build/Objects-normal/arm64/CTLineUtils.dia -c /Users/aadityasingh/Library/Developer/Xcode/DerivedData/Chatlio-erkyzdeecsohoaggpwbjdvavzqfv/SourcePackages/checkouts/DTCoreText/Core/Source/CTLineUtils.m -o /Users/aadityasingh/Library/Developer/Xcode/DerivedData/Chatlio-erkyzdeecsohoaggpwbjdvavzqfv/Build/Intermediates.noindex/DTCoreText.build/Debug-iphonesimulator/DTCoreText.build/Objects-normal/arm64/CTLineUtils.o -index-unit-output-path /DTCoreText.build/Debug-iphonesimulator/DTCoreText.build/Objects-normal/arm64/CTLineUtils.o

SwiftCompile normal x86_64 Compiling\ WaveformImageDrawer+macOS.swift /Users/aadityasingh/Library/Developer/Xcode/DerivedData/Chatlio-erkyzdeecsohoaggpwbjdvavzqfv/SourcePackages/checkouts/DSWaveformImage/Sources/DSWaveformImage/WaveformImageDrawer+macOS.swift (in target 'DSWaveformImage' from project 'DSWaveformImage')

SwiftCompile normal x86_64 /Users/aadityasingh/Library/Developer/Xcode/DerivedData/Chatlio-erkyzdeecsohoaggpwbjdvavzqfv/SourcePackages/checkouts/DSWaveformImage/Sources/DSWaveformImage/WaveformImageDrawer+macOS.swift (in target 'DSWaveformImage' from project 'DSWaveformImage')
    cd /Users/aadityasingh/Documents/Development/element-x-ios/Chatlio.xcodeproj
    

SwiftCompile normal x86_64 Compiling\ TempiFFT.swift /Users/aadityasingh/Library/Developer/Xcode/DerivedData/Chatlio-erkyzdeecsohoaggpwbjdvavzqfv/SourcePackages/checkouts/DSWaveformImage/Sources/DSWaveformImage/TempiFFT.swift (in target 'DSWaveformImage' from project 'DSWaveformImage')

SwiftCompile normal x86_64 /Users/aadityasingh/Library/Developer/Xcode/DerivedData/Chatlio-erkyzdeecsohoaggpwbjdvavzqfv/SourcePackages/checkouts/DSWaveformImage/Sources/DSWaveformImage/TempiFFT.swift (in target 'DSWaveformImage' from project 'DSWaveformImage')
    cd /Users/aadityasingh/Documents/Development/element-x-ios/Chatlio.xcodeproj
    

PrecompileModule /Users/aadityasingh/Library/Developer/Xcode/DerivedData/Chatlio-erkyzdeecsohoaggpwbjdvavzqfv/Build/Intermediates.noindex/ExplicitPrecompiledModules/UIKit-7HHJRCTDL0B8H6SLOCY6VS5BK.scan
    cd /
    builtin-precompileModule /Users/aadityasingh/Library/Developer/Xcode/DerivedData/Chatlio-erkyzdeecsohoaggpwbjdvavzqfv/Build/Intermediates.noindex/ExplicitPrecompiledModules/UIKit-7HHJRCTDL0B8H6SLOCY6VS5BK.scan

SwiftCompile normal arm64 Compiling\ WaveformImageDrawer+macOS.swift /Users/aadityasingh/Library/Developer/Xcode/DerivedData/Chatlio-erkyzdeecsohoaggpwbjdvavzqfv/SourcePackages/checkouts/DSWaveformImage/Sources/DSWaveformImage/WaveformImageDrawer+macOS.swift (in target 'DSWaveformImage' from project 'DSWaveformImage')

SwiftCompile normal arm64 /Users/aadityasingh/Library/Developer/Xcode/DerivedData/Chatlio-erkyzdeecsohoaggpwbjdvavzqfv/SourcePackages/checkouts/DSWaveformImage/Sources/DSWaveformImage/WaveformImageDrawer+macOS.swift (in target 'DSWaveformImage' from project 'DSWaveformImage')
    cd /Users/aadityasingh/Documents/Development/element-x-ios/Chatlio.xcodeproj
    

SwiftCompile normal arm64 Compiling\ WaveformImageDrawer+iOS.swift /Users/aadityasingh/Library/Developer/Xcode/DerivedData/Chatlio-erkyzdeecsohoaggpwbjdvavzqfv/SourcePackages/checkouts/DSWaveformImage/Sources/DSWaveformImage/WaveformImageDrawer+iOS.swift (in target 'DSWaveformImage' from project 'DSWaveformImage')

SwiftCompile normal arm64 /Users/aadityasingh/Library/Developer/Xcode/DerivedData/Chatlio-erkyzdeecsohoaggpwbjdvavzqfv/SourcePackages/checkouts/DSWaveformImage/Sources/DSWaveformImage/WaveformImageDrawer+iOS.swift (in target 'DSWaveformImage' from project 'DSWaveformImage')
    cd /Users/aadityasingh/Documents/Development/element-x-ios/Chatlio.xcodeproj
    

SwiftCompile normal x86_64 Compiling\ LinearWaveformRenderer.swift /Users/aadityasingh/Library/Developer/Xcode/DerivedData/Chatlio-erkyzdeecsohoaggpwbjdvavzqfv/SourcePackages/checkouts/DSWaveformImage/Sources/DSWaveformImage/Renderers/LinearWaveformRenderer.swift (in target 'DSWaveformImage' from project 'DSWaveformImage')

SwiftCompile normal x86_64 /Users/aadityasingh/Library/Developer/Xcode/DerivedData/Chatlio-erkyzdeecsohoaggpwbjdvavzqfv/SourcePackages/checkouts/DSWaveformImage/Sources/DSWaveformImage/Renderers/LinearWaveformRenderer.swift (in target 'DSWaveformImage' from project 'DSWaveformImage')
    cd /Users/aadityasingh/Documents/Development/element-x-ios/Chatlio.xcodeproj
    

SwiftCompile normal arm64 Compiling\ WaveformRenderer.swift /Users/aadityasingh/Library/Developer/Xcode/DerivedData/Chatlio-erkyzdeecsohoaggpwbjdvavzqfv/SourcePackages/checkouts/DSWaveformImage/Sources/DSWaveformImage/Renderers/WaveformRenderer.swift (in target 'DSWaveformImage' from project 'DSWaveformImage')

SwiftCompile normal arm64 /Users/aadityasingh/Library/Developer/Xcode/DerivedData/Chatlio-erkyzdeecsohoaggpwbjdvavzqfv/SourcePackages/checkouts/DSWaveformImage/Sources/DSWaveformImage/Renderers/WaveformRenderer.swift (in target 'DSWaveformImage' from project 'DSWaveformImage')
    cd /Users/aadityasingh/Documents/Development/element-x-ios/Chatlio.xcodeproj
    

CompileC /Users/aadityasingh/Library/Developer/Xcode/DerivedData/Chatlio-erkyzdeecsohoaggpwbjdvavzqfv/Build/Intermediates.noindex/DTCoreText.build/Debug-iphonesimulator/DTCoreText.build/Objects-normal/arm64/CTLineUtils.o /Users/aadityasingh/Library/Developer/Xcode/DerivedData/Chatlio-erkyzdeecsohoaggpwbjdvavzqfv/SourcePackages/checkouts/DTCoreText/Core/Source/CTLineUtils.m normal arm64 objective-c com.apple.compilers.llvm.clang.1_0.compiler (in target 'DTCoreText' from project 'DTCoreText')
    cd /Users/aadityasingh/Documents/Development/element-x-ios/Chatlio.xcodeproj
    
    Using response file: /Users/aadityasingh/Library/Developer/Xcode/DerivedData/Chatlio-erkyzdeecsohoaggpwbjdvavzqfv/Build/Intermediates.noindex/DTCoreText.build/Debug-iphonesimulator/DTCoreText.build/Objects-normal/arm64/e6072d4f65d7061329687fe24e3d63a7-common-args.resp
    
    /Applications/Xcode.app/Contents/Developer/Toolchains/XcodeDefault.xctoolchain/usr/bin/clang -x objective-c -ivfsstatcache /Users/aadityasingh/Library/Developer/Xcode/DerivedData/SDKStatCaches.noindex/iphonesimulator26.4-23E252-686eebb5dc1d8ecb277353a59184f4aa.sdkstatcache -target arm64-apple-ios12.0-simulator -fmessage-length\=0 -fdiagnostics-show-note-include-stack -fmacro-backtrace-limit\=0 -fno-color-diagnostics -fmodules-prune-interval\=86400 -fmodules-prune-after\=345600 -fbuild-session-file\=/Users/aadityasingh/Library/Developer/Xcode/DerivedData/ModuleCache.noindex/Session.modulevalidation -fmodules-validate-once-per-build-session -Wnon-modular-include-in-framework-module -Werror\=non-modular-include-in-framework-module -Wno-trigraphs -Wno-missing-field-initializers -Wno-missing-prototypes -Wno-return-type -Wno-implicit-atomic-properties -Wno-objc-interface-ivars -Wno-arc-repeated-use-of-weak -Wno-missing-braces -Wparentheses -Wswitch -Wno-unused-function -Wno-unused-label -Wno-unused-parameter -Wno-unused-variable -Wunused-value -Wno-empty-body -Wno-uninitialized -Wno-unknown-pragmas -w -Wno-shadow -Wno-four-char-constants -Wno-conversion -Wno-constant-conversion -Wno-int-conversion -Wno-bool-conversion -Wno-enum-conversion -Wno-float-conversion -Wno-non-literal-null-conversion -Wno-objc-literal-conversion -Wshorten-64-to-32 -Wpointer-sign -Wno-newline-eof -Wno-selector -Wno-strict-selector-match -Wno-undeclared-selector -Wno-deprecated-implementations -Wno-implicit-fallthrough -isysroot /Applications/Xcode.app/Contents/Developer/Platforms/iPhoneSimulator.platform/Developer/SDKs/iPhoneSimulator26.4.sdk -fstrict-aliasing -Wprotocol -Wdeprecated-declarations -Wno-sign-conversion -Wno-infinite-recursion -Wno-comma -Wno-block-capture-autoreleasing -Wno-strict-prototypes -Wno-semicolon-before-method-body -index-store-path /Users/aadityasingh/Library/Developer/Xcode/DerivedData/Chatlio-erkyzdeecsohoaggpwbjdvavzqfv/Index.noindex/DataStore @/Users/aadityasingh/Library/Developer/Xcode/DerivedData/Chatlio-erkyzdeecsohoaggpwbjdvavzqfv/Build/Intermediates.noindex/DTCoreText.build/Debug-iphonesimulator/DTCoreText.build/Objects-normal/arm64/e6072d4f65d7061329687fe24e3d63a7-common-args.resp -include /Users/aadityasingh/Library/Developer/Xcode/DerivedData/Chatlio-erkyzdeecsohoaggpwbjdvavzqfv/Build/Intermediates.noindex/DTCoreText.build/Debug-iphonesimulator/DTCoreText.build/DerivedSources/resource_bundle_accessor.h -MMD -MT dependencies -MF /Users/aadityasingh/Library/Developer/Xcode/DerivedData/Chatlio-erkyzdeecsohoaggpwbjdvavzqfv/Build/Intermediates.noindex/DTCoreText.build/Debug-iphonesimulator/DTCoreText.build/Objects-normal/arm64/CTLineUtils.d --serialize-diagnostics /Users/aadityasingh/Library/Developer/Xcode/DerivedData/Chatlio-erkyzdeecsohoaggpwbjdvavzqfv/Build/Intermediates.noindex/DTCoreText.build/Debug-iphonesimulator/DTCoreText.build/Objects-normal/arm64/CTLineUtils.dia -c /Users/aadityasingh/Library/Developer/Xcode/DerivedData/Chatlio-erkyzdeecsohoaggpwbjdvavzqfv/SourcePackages/checkouts/DTCoreText/Core/Source/CTLineUtils.m -o /Users/aadityasingh/Library/Developer/Xcode/DerivedData/Chatlio-erkyzdeecsohoaggpwbjdvavzqfv/Build/Intermediates.noindex/DTCoreText.build/Debug-iphonesimulator/DTCoreText.build/Objects-normal/arm64/CTLineUtils.o -index-unit-output-path /DTCoreText.build/Debug-iphonesimulator/DTCoreText.build/Objects-normal/arm64/CTLineUtils.o

PrecompileModule /Users/aadityasingh/Library/Developer/Xcode/DerivedData/Chatlio-erkyzdeecsohoaggpwbjdvavzqfv/Build/Intermediates.noindex/ExplicitPrecompiledModules/UIKit-3GE31EJOMGG7RR552477IN0LZ.scan
    cd /
    builtin-precompileModule /Users/aadityasingh/Library/Developer/Xcode/DerivedData/Chatlio-erkyzdeecsohoaggpwbjdvavzqfv/Build/Intermediates.noindex/ExplicitPrecompiledModules/UIKit-3GE31EJOMGG7RR552477IN0LZ.scan

SwiftCompile normal x86_64 Compiling\ WaveformImageDrawer+iOS.swift /Users/aadityasingh/Library/Developer/Xcode/DerivedData/Chatlio-erkyzdeecsohoaggpwbjdvavzqfv/SourcePackages/checkouts/DSWaveformImage/Sources/DSWaveformImage/WaveformImageDrawer+iOS.swift (in target 'DSWaveformImage' from project 'DSWaveformImage')

SwiftCompile normal x86_64 /Users/aadityasingh/Library/Developer/Xcode/DerivedData/Chatlio-erkyzdeecsohoaggpwbjdvavzqfv/SourcePackages/checkouts/DSWaveformImage/Sources/DSWaveformImage/WaveformImageDrawer+iOS.swift (in target 'DSWaveformImage' from project 'DSWaveformImage')
    cd /Users/aadityasingh/Documents/Development/element-x-ios/Chatlio.xcodeproj
    

SwiftDriverJobDiscovery normal x86_64 Compiling WaveformImageDrawer+macOS.swift (in target 'DSWaveformImage' from project 'DSWaveformImage')

SwiftCompile normal arm64 Compiling\ LinearWaveformRenderer.swift /Users/aadityasingh/Library/Developer/Xcode/DerivedData/Chatlio-erkyzdeecsohoaggpwbjdvavzqfv/SourcePackages/checkouts/DSWaveformImage/Sources/DSWaveformImage/Renderers/LinearWaveformRenderer.swift (in target 'DSWaveformImage' from project 'DSWaveformImage')

SwiftCompile normal arm64 /Users/aadityasingh/Library/Developer/Xcode/DerivedData/Chatlio-erkyzdeecsohoaggpwbjdvavzqfv/SourcePackages/checkouts/DSWaveformImage/Sources/DSWaveformImage/Renderers/LinearWaveformRenderer.swift (in target 'DSWaveformImage' from project 'DSWaveformImage')
    cd /Users/aadityasingh/Documents/Development/element-x-ios/Chatlio.xcodeproj
    

SwiftCompile normal arm64 Compiling\ WaveformImageTypes.swift /Users/aadityasingh/Library/Developer/Xcode/DerivedData/Chatlio-erkyzdeecsohoaggpwbjdvavzqfv/SourcePackages/checkouts/DSWaveformImage/Sources/DSWaveformImage/WaveformImageTypes.swift (in target 'DSWaveformImage' from project 'DSWaveformImage')

SwiftCompile normal arm64 /Users/aadityasingh/Library/Developer/Xcode/DerivedData/Chatlio-erkyzdeecsohoaggpwbjdvavzqfv/SourcePackages/checkouts/DSWaveformImage/Sources/DSWaveformImage/WaveformImageTypes.swift (in target 'DSWaveformImage' from project 'DSWaveformImage')
    cd /Users/aadityasingh/Documents/Development/element-x-ios/Chatlio.xcodeproj
    

SwiftDriverJobDiscovery normal arm64 Compiling WaveformImageDrawer+macOS.swift (in target 'DSWaveformImage' from project 'DSWaveformImage')

SwiftCompile normal arm64 Compiling\ WaveformAnalyzer.swift /Users/aadityasingh/Library/Developer/Xcode/DerivedData/Chatlio-erkyzdeecsohoaggpwbjdvavzqfv/SourcePackages/checkouts/DSWaveformImage/Sources/DSWaveformImage/WaveformAnalyzer.swift (in target 'DSWaveformImage' from project 'DSWaveformImage')

SwiftCompile normal arm64 /Users/aadityasingh/Library/Developer/Xcode/DerivedData/Chatlio-erkyzdeecsohoaggpwbjdvavzqfv/SourcePackages/checkouts/DSWaveformImage/Sources/DSWaveformImage/WaveformAnalyzer.swift (in target 'DSWaveformImage' from project 'DSWaveformImage')
    cd /Users/aadityasingh/Documents/Development/element-x-ios/Chatlio.xcodeproj
    

SwiftDriverJobDiscovery normal arm64 Compiling WaveformRenderer.swift (in target 'DSWaveformImage' from project 'DSWaveformImage')

SwiftCompile normal arm64 Compiling\ CircularWaveformRenderer.swift /Users/aadityasingh/Library/Developer/Xcode/DerivedData/Chatlio-erkyzdeecsohoaggpwbjdvavzqfv/SourcePackages/checkouts/DSWaveformImage/Sources/DSWaveformImage/Renderers/CircularWaveformRenderer.swift (in target 'DSWaveformImage' from project 'DSWaveformImage')

SwiftCompile normal arm64 /Users/aadityasingh/Library/Developer/Xcode/DerivedData/Chatlio-erkyzdeecsohoaggpwbjdvavzqfv/SourcePackages/checkouts/DSWaveformImage/Sources/DSWaveformImage/Renderers/CircularWaveformRenderer.swift (in target 'DSWaveformImage' from project 'DSWaveformImage')
    cd /Users/aadityasingh/Documents/Development/element-x-ios/Chatlio.xcodeproj
    

SwiftDriverJobDiscovery normal arm64 Compiling WaveformImageDrawer+iOS.swift (in target 'DSWaveformImage' from project 'DSWaveformImage')

SwiftCompile normal arm64 Compiling\ TempiFFT.swift /Users/aadityasingh/Library/Developer/Xcode/DerivedData/Chatlio-erkyzdeecsohoaggpwbjdvavzqfv/SourcePackages/checkouts/DSWaveformImage/Sources/DSWaveformImage/TempiFFT.swift (in target 'DSWaveformImage' from project 'DSWaveformImage')

SwiftCompile normal arm64 /Users/aadityasingh/Library/Developer/Xcode/DerivedData/Chatlio-erkyzdeecsohoaggpwbjdvavzqfv/SourcePackages/checkouts/DSWaveformImage/Sources/DSWaveformImage/TempiFFT.swift (in target 'DSWaveformImage' from project 'DSWaveformImage')
    cd /Users/aadityasingh/Documents/Development/element-x-ios/Chatlio.xcodeproj
    

SwiftDriverJobDiscovery normal x86_64 Compiling LinearWaveformRenderer.swift (in target 'DSWaveformImage' from project 'DSWaveformImage')

SwiftCompile normal x86_64 Compiling\ WaveformAnalyzer.swift /Users/aadityasingh/Library/Developer/Xcode/DerivedData/Chatlio-erkyzdeecsohoaggpwbjdvavzqfv/SourcePackages/checkouts/DSWaveformImage/Sources/DSWaveformImage/WaveformAnalyzer.swift (in target 'DSWaveformImage' from project 'DSWaveformImage')

SwiftCompile normal x86_64 /Users/aadityasingh/Library/Developer/Xcode/DerivedData/Chatlio-erkyzdeecsohoaggpwbjdvavzqfv/SourcePackages/checkouts/DSWaveformImage/Sources/DSWaveformImage/WaveformAnalyzer.swift (in target 'DSWaveformImage' from project 'DSWaveformImage')
    cd /Users/aadityasingh/Documents/Development/element-x-ios/Chatlio.xcodeproj
    

SwiftDriverJobDiscovery normal x86_64 Compiling WaveformImageDrawer+iOS.swift (in target 'DSWaveformImage' from project 'DSWaveformImage')

SwiftCompile normal arm64 Compiling\ WaveformImageDrawer.swift /Users/aadityasingh/Library/Developer/Xcode/DerivedData/Chatlio-erkyzdeecsohoaggpwbjdvavzqfv/SourcePackages/checkouts/DSWaveformImage/Sources/DSWaveformImage/WaveformImageDrawer.swift (in target 'DSWaveformImage' from project 'DSWaveformImage')

SwiftCompile normal arm64 /Users/aadityasingh/Library/Developer/Xcode/DerivedData/Chatlio-erkyzdeecsohoaggpwbjdvavzqfv/SourcePackages/checkouts/DSWaveformImage/Sources/DSWaveformImage/WaveformImageDrawer.swift (in target 'DSWaveformImage' from project 'DSWaveformImage')
    cd /Users/aadityasingh/Documents/Development/element-x-ios/Chatlio.xcodeproj
    

SwiftDriverJobDiscovery normal arm64 Compiling LinearWaveformRenderer.swift (in target 'DSWaveformImage' from project 'DSWaveformImage')

SwiftCompile normal x86_64 Compiling\ WaveformImageTypes.swift /Users/aadityasingh/Library/Developer/Xcode/DerivedData/Chatlio-erkyzdeecsohoaggpwbjdvavzqfv/SourcePackages/checkouts/DSWaveformImage/Sources/DSWaveformImage/WaveformImageTypes.swift (in target 'DSWaveformImage' from project 'DSWaveformImage')

SwiftCompile normal x86_64 /Users/aadityasingh/Library/Developer/Xcode/DerivedData/Chatlio-erkyzdeecsohoaggpwbjdvavzqfv/SourcePackages/checkouts/DSWaveformImage/Sources/DSWaveformImage/WaveformImageTypes.swift (in target 'DSWaveformImage' from project 'DSWaveformImage')
    cd /Users/aadityasingh/Documents/Development/element-x-ios/Chatlio.xcodeproj
    

CompileC /Users/aadityasingh/Library/Developer/Xcode/DerivedData/Chatlio-erkyzdeecsohoaggpwbjdvavzqfv/Build/Intermediates.noindex/DTCoreText.build/Debug-iphonesimulator/DTCoreText.build/Objects-normal/arm64/UIFont+DTCoreText.o /Users/aadityasingh/Library/Developer/Xcode/DerivedData/Chatlio-erkyzdeecsohoaggpwbjdvavzqfv/SourcePackages/checkouts/DTCoreText/Core/Source/UIFont+DTCoreText.m normal arm64 objective-c com.apple.compilers.llvm.clang.1_0.compiler (in target 'DTCoreText' from project 'DTCoreText')
    cd /Users/aadityasingh/Documents/Development/element-x-ios/Chatlio.xcodeproj
    
    Using response file: /Users/aadityasingh/Library/Developer/Xcode/DerivedData/Chatlio-erkyzdeecsohoaggpwbjdvavzqfv/Build/Intermediates.noindex/DTCoreText.build/Debug-iphonesimulator/DTCoreText.build/Objects-normal/arm64/e6072d4f65d7061329687fe24e3d63a7-common-args.resp
    
    /Applications/Xcode.app/Contents/Developer/Toolchains/XcodeDefault.xctoolchain/usr/bin/clang -x objective-c -ivfsstatcache /Users/aadityasingh/Library/Developer/Xcode/DerivedData/SDKStatCaches.noindex/iphonesimulator26.4-23E252-686eebb5dc1d8ecb277353a59184f4aa.sdkstatcache -target arm64-apple-ios12.0-simulator -fmessage-length\=0 -fdiagnostics-show-note-include-stack -fmacro-backtrace-limit\=0 -fno-color-diagnostics -fmodules-prune-interval\=86400 -fmodules-prune-after\=345600 -fbuild-session-file\=/Users/aadityasingh/Library/Developer/Xcode/DerivedData/ModuleCache.noindex/Session.modulevalidation -fmodules-validate-once-per-build-session -Wnon-modular-include-in-framework-module -Werror\=non-modular-include-in-framework-module -Wno-trigraphs -Wno-missing-field-initializers -Wno-missing-prototypes -Wno-return-type -Wno-implicit-atomic-properties -Wno-objc-interface-ivars -Wno-arc-repeated-use-of-weak -Wno-missing-braces -Wparentheses -Wswitch -Wno-unused-function -Wno-unused-label -Wno-unused-parameter -Wno-unused-variable -Wunused-value -Wno-empty-body -Wno-uninitialized -Wno-unknown-pragmas -w -Wno-shadow -Wno-four-char-constants -Wno-conversion -Wno-constant-conversion -Wno-int-conversion -Wno-bool-conversion -Wno-enum-conversion -Wno-float-conversion -Wno-non-literal-null-conversion -Wno-objc-literal-conversion -Wshorten-64-to-32 -Wpointer-sign -Wno-newline-eof -Wno-selector -Wno-strict-selector-match -Wno-undeclared-selector -Wno-deprecated-implementations -Wno-implicit-fallthrough -isysroot /Applications/Xcode.app/Contents/Developer/Platforms/iPhoneSimulator.platform/Developer/SDKs/iPhoneSimulator26.4.sdk -fstrict-aliasing -Wprotocol -Wdeprecated-declarations -Wno-sign-conversion -Wno-infinite-recursion -Wno-comma -Wno-block-capture-autoreleasing -Wno-strict-prototypes -Wno-semicolon-before-method-body -index-store-path /Users/aadityasingh/Library/Developer/Xcode/DerivedData/Chatlio-erkyzdeecsohoaggpwbjdvavzqfv/Index.noindex/DataStore @/Users/aadityasingh/Library/Developer/Xcode/DerivedData/Chatlio-erkyzdeecsohoaggpwbjdvavzqfv/Build/Intermediates.noindex/DTCoreText.build/Debug-iphonesimulator/DTCoreText.build/Objects-normal/arm64/e6072d4f65d7061329687fe24e3d63a7-common-args.resp -include /Users/aadityasingh/Library/Developer/Xcode/DerivedData/Chatlio-erkyzdeecsohoaggpwbjdvavzqfv/Build/Intermediates.noindex/DTCoreText.build/Debug-iphonesimulator/DTCoreText.build/DerivedSources/resource_bundle_accessor.h -MMD -MT dependencies -MF /Users/aadityasingh/Library/Developer/Xcode/DerivedData/Chatlio-erkyzdeecsohoaggpwbjdvavzqfv/Build/Intermediates.noindex/DTCoreText.build/Debug-iphonesimulator/DTCoreText.build/Objects-normal/arm64/UIFont+DTCoreText.d --serialize-diagnostics /Users/aadityasingh/Library/Developer/Xcode/DerivedData/Chatlio-erkyzdeecsohoaggpwbjdvavzqfv/Build/Intermediates.noindex/DTCoreText.build/Debug-iphonesimulator/DTCoreText.build/Objects-normal/arm64/UIFont+DTCoreText.dia -c /Users/aadityasingh/Library/Developer/Xcode/DerivedData/Chatlio-erkyzdeecsohoaggpwbjdvavzqfv/SourcePackages/checkouts/DTCoreText/Core/Source/UIFont+DTCoreText.m -o /Users/aadityasingh/Library/Developer/Xcode/DerivedData/Chatlio-erkyzdeecsohoaggpwbjdvavzqfv/Build/Intermediates.noindex/DTCoreText.build/Debug-iphonesimulator/DTCoreText.build/Objects-normal/arm64/UIFont+DTCoreText.o -index-unit-output-path /DTCoreText.build/Debug-iphonesimulator/DTCoreText.build/Objects-normal/arm64/UIFont+DTCoreText.o

CompileC /Users/aadityasingh/Library/Developer/Xcode/DerivedData/Chatlio-erkyzdeecsohoaggpwbjdvavzqfv/Build/Intermediates.noindex/WysiwygComposer.build/Debug-iphonesimulator/DTCoreTextExtended.build/Objects-normal/x86_64/UIFont+AttributedStringBuilder.o /Users/aadityasingh/Library/Developer/Xcode/DerivedData/Chatlio-erkyzdeecsohoaggpwbjdvavzqfv/SourcePackages/checkouts/matrix-rich-text-editor-swift/Sources/DTCoreTextExtended/UIFont+AttributedStringBuilder.m normal x86_64 objective-c com.apple.compilers.llvm.clang.1_0.compiler (in target 'DTCoreTextExtended' from project 'WysiwygComposer')
    cd /Users/aadityasingh/Documents/Development/element-x-ios/Chatlio.xcodeproj
    
    Using response file: /Users/aadityasingh/Library/Developer/Xcode/DerivedData/Chatlio-erkyzdeecsohoaggpwbjdvavzqfv/Build/Intermediates.noindex/WysiwygComposer.build/Debug-iphonesimulator/DTCoreTextExtended.build/Objects-normal/x86_64/e6072d4f65d7061329687fe24e3d63a7-common-args.resp
    
    /Applications/Xcode.app/Contents/Developer/Toolchains/XcodeDefault.xctoolchain/usr/bin/clang -x objective-c -ivfsstatcache /Users/aadityasingh/Library/Developer/Xcode/DerivedData/SDKStatCaches.noindex/iphonesimulator26.4-23E252-686eebb5dc1d8ecb277353a59184f4aa.sdkstatcache -target x86_64-apple-ios15.0-simulator -fmessage-length\=0 -fdiagnostics-show-note-include-stack -fmacro-backtrace-limit\=0 -fno-color-diagnostics -fmodules-prune-interval\=86400 -fmodules-prune-after\=345600 -fbuild-session-file\=/Users/aadityasingh/Library/Developer/Xcode/DerivedData/ModuleCache.noindex/Session.modulevalidation -fmodules-validate-once-per-build-session -Wnon-modular-include-in-framework-module -Werror\=non-modular-include-in-framework-module -Wno-trigraphs -Wno-missing-field-initializers -Wno-missing-prototypes -Wno-return-type -Wno-implicit-atomic-properties -Wno-objc-interface-ivars -Wno-arc-repeated-use-of-weak -Wno-missing-braces -Wparentheses -Wswitch -Wno-unused-function -Wno-unused-label -Wno-unused-parameter -Wno-unused-variable -Wunused-value -Wno-empty-body -Wno-uninitialized -Wno-unknown-pragmas -w -Wno-shadow -Wno-four-char-constants -Wno-conversion -Wno-constant-conversion -Wno-int-conversion -Wno-bool-conversion -Wno-enum-conversion -Wno-float-conversion -Wno-non-literal-null-conversion -Wno-objc-literal-conversion -Wshorten-64-to-32 -Wpointer-sign -Wno-newline-eof -Wno-selector -Wno-strict-selector-match -Wno-undeclared-selector -Wno-deprecated-implementations -Wno-implicit-fallthrough -isysroot /Applications/Xcode.app/Contents/Developer/Platforms/iPhoneSimulator.platform/Developer/SDKs/iPhoneSimulator26.4.sdk -fstrict-aliasing -Wprotocol -Wdeprecated-declarations -Wno-sign-conversion -Wno-infinite-recursion -Wno-comma -Wno-block-capture-autoreleasing -Wno-strict-prototypes -Wno-semicolon-before-method-body -index-store-path /Users/aadityasingh/Library/Developer/Xcode/DerivedData/Chatlio-erkyzdeecsohoaggpwbjdvavzqfv/Index.noindex/DataStore @/Users/aadityasingh/Library/Developer/Xcode/DerivedData/Chatlio-erkyzdeecsohoaggpwbjdvavzqfv/Build/Intermediates.noindex/WysiwygComposer.build/Debug-iphonesimulator/DTCoreTextExtended.build/Objects-normal/x86_64/e6072d4f65d7061329687fe24e3d63a7-common-args.resp -MMD -MT dependencies -MF /Users/aadityasingh/Library/Developer/Xcode/DerivedData/Chatlio-erkyzdeecsohoaggpwbjdvavzqfv/Build/Intermediates.noindex/WysiwygComposer.build/Debug-iphonesimulator/DTCoreTextExtended.build/Objects-normal/x86_64/UIFont+AttributedStringBuilder.d --serialize-diagnostics /Users/aadityasingh/Library/Developer/Xcode/DerivedData/Chatlio-erkyzdeecsohoaggpwbjdvavzqfv/Build/Intermediates.noindex/WysiwygComposer.build/Debug-iphonesimulator/DTCoreTextExtended.build/Objects-normal/x86_64/UIFont+AttributedStringBuilder.dia -c /Users/aadityasingh/Library/Developer/Xcode/DerivedData/Chatlio-erkyzdeecsohoaggpwbjdvavzqfv/SourcePackages/checkouts/matrix-rich-text-editor-swift/Sources/DTCoreTextExtended/UIFont+AttributedStringBuilder.m -o /Users/aadityasingh/Library/Developer/Xcode/DerivedData/Chatlio-erkyzdeecsohoaggpwbjdvavzqfv/Build/Intermediates.noindex/WysiwygComposer.build/Debug-iphonesimulator/DTCoreTextExtended.build/Objects-normal/x86_64/UIFont+AttributedStringBuilder.o -index-unit-output-path /WysiwygComposer.build/Debug-iphonesimulator/DTCoreTextExtended.build/Objects-normal/x86_64/UIFont+AttributedStringBuilder.o

SwiftDriverJobDiscovery normal arm64 Compiling WaveformImageTypes.swift (in target 'DSWaveformImage' from project 'DSWaveformImage')

CompileC /Users/aadityasingh/Library/Developer/Xcode/DerivedData/Chatlio-erkyzdeecsohoaggpwbjdvavzqfv/Build/Intermediates.noindex/DTCoreText.build/Debug-iphonesimulator/DTCoreText.build/Objects-normal/arm64/NSString+CSS.o /Users/aadityasingh/Library/Developer/Xcode/DerivedData/Chatlio-erkyzdeecsohoaggpwbjdvavzqfv/SourcePackages/checkouts/DTCoreText/Core/Source/NSString+CSS.m normal arm64 objective-c com.apple.compilers.llvm.clang.1_0.compiler (in target 'DTCoreText' from project 'DTCoreText')
    cd /Users/aadityasingh/Documents/Development/element-x-ios/Chatlio.xcodeproj
    
    Using response file: /Users/aadityasingh/Library/Developer/Xcode/DerivedData/Chatlio-erkyzdeecsohoaggpwbjdvavzqfv/Build/Intermediates.noindex/DTCoreText.build/Debug-iphonesimulator/DTCoreText.build/Objects-normal/arm64/e6072d4f65d7061329687fe24e3d63a7-common-args.resp
    
    /Applications/Xcode.app/Contents/Developer/Toolchains/XcodeDefault.xctoolchain/usr/bin/clang -x objective-c -ivfsstatcache /Users/aadityasingh/Library/Developer/Xcode/DerivedData/SDKStatCaches.noindex/iphonesimulator26.4-23E252-686eebb5dc1d8ecb277353a59184f4aa.sdkstatcache -target arm64-apple-ios12.0-simulator -fmessage-length\=0 -fdiagnostics-show-note-include-stack -fmacro-backtrace-limit\=0 -fno-color-diagnostics -fmodules-prune-interval\=86400 -fmodules-prune-after\=345600 -fbuild-session-file\=/Users/aadityasingh/Library/Developer/Xcode/DerivedData/ModuleCache.noindex/Session.modulevalidation -fmodules-validate-once-per-build-session -Wnon-modular-include-in-framework-module -Werror\=non-modular-include-in-framework-module -Wno-trigraphs -Wno-missing-field-initializers -Wno-missing-prototypes -Wno-return-type -Wno-implicit-atomic-properties -Wno-objc-interface-ivars -Wno-arc-repeated-use-of-weak -Wno-missing-braces -Wparentheses -Wswitch -Wno-unused-function -Wno-unused-label -Wno-unused-parameter -Wno-unused-variable -Wunused-value -Wno-empty-body -Wno-uninitialized -Wno-unknown-pragmas -w -Wno-shadow -Wno-four-char-constants -Wno-conversion -Wno-constant-conversion -Wno-int-conversion -Wno-bool-conversion -Wno-enum-conversion -Wno-float-conversion -Wno-non-literal-null-conversion -Wno-objc-literal-conversion -Wshorten-64-to-32 -Wpointer-sign -Wno-newline-eof -Wno-selector -Wno-strict-selector-match -Wno-undeclared-selector -Wno-deprecated-implementations -Wno-implicit-fallthrough -isysroot /Applications/Xcode.app/Contents/Developer/Platforms/iPhoneSimulator.platform/Developer/SDKs/iPhoneSimulator26.4.sdk -fstrict-aliasing -Wprotocol -Wdeprecated-declarations -Wno-sign-conversion -Wno-infinite-recursion -Wno-comma -Wno-block-capture-autoreleasing -Wno-strict-prototypes -Wno-semicolon-before-method-body -index-store-path /Users/aadityasingh/Library/Developer/Xcode/DerivedData/Chatlio-erkyzdeecsohoaggpwbjdvavzqfv/Index.noindex/DataStore @/Users/aadityasingh/Library/Developer/Xcode/DerivedData/Chatlio-erkyzdeecsohoaggpwbjdvavzqfv/Build/Intermediates.noindex/DTCoreText.build/Debug-iphonesimulator/DTCoreText.build/Objects-normal/arm64/e6072d4f65d7061329687fe24e3d63a7-common-args.resp -include /Users/aadityasingh/Library/Developer/Xcode/DerivedData/Chatlio-erkyzdeecsohoaggpwbjdvavzqfv/Build/Intermediates.noindex/DTCoreText.build/Debug-iphonesimulator/DTCoreText.build/DerivedSources/resource_bundle_accessor.h -MMD -MT dependencies -MF /Users/aadityasingh/Library/Developer/Xcode/DerivedData/Chatlio-erkyzdeecsohoaggpwbjdvavzqfv/Build/Intermediates.noindex/DTCoreText.build/Debug-iphonesimulator/DTCoreText.build/Objects-normal/arm64/NSString+CSS.d --serialize-diagnostics /Users/aadityasingh/Library/Developer/Xcode/DerivedData/Chatlio-erkyzdeecsohoaggpwbjdvavzqfv/Build/Intermediates.noindex/DTCoreText.build/Debug-iphonesimulator/DTCoreText.build/Objects-normal/arm64/NSString+CSS.dia -c /Users/aadityasingh/Library/Developer/Xcode/DerivedData/Chatlio-erkyzdeecsohoaggpwbjdvavzqfv/SourcePackages/checkouts/DTCoreText/Core/Source/NSString+CSS.m -o /Users/aadityasingh/Library/Developer/Xcode/DerivedData/Chatlio-erkyzdeecsohoaggpwbjdvavzqfv/Build/Intermediates.noindex/DTCoreText.build/Debug-iphonesimulator/DTCoreText.build/Objects-normal/arm64/NSString+CSS.o -index-unit-output-path /DTCoreText.build/Debug-iphonesimulator/DTCoreText.build/Objects-normal/arm64/NSString+CSS.o

CompileC /Users/aadityasingh/Library/Developer/Xcode/DerivedData/Chatlio-erkyzdeecsohoaggpwbjdvavzqfv/Build/Intermediates.noindex/WysiwygComposer.build/Debug-iphonesimulator/DTCoreTextExtended.build/Objects-normal/arm64/UIFont+AttributedStringBuilder.o /Users/aadityasingh/Library/Developer/Xcode/DerivedData/Chatlio-erkyzdeecsohoaggpwbjdvavzqfv/SourcePackages/checkouts/matrix-rich-text-editor-swift/Sources/DTCoreTextExtended/UIFont+AttributedStringBuilder.m normal arm64 objective-c com.apple.compilers.llvm.clang.1_0.compiler (in target 'DTCoreTextExtended' from project 'WysiwygComposer')
    cd /Users/aadityasingh/Documents/Development/element-x-ios/Chatlio.xcodeproj
    
    Using response file: /Users/aadityasingh/Library/Developer/Xcode/DerivedData/Chatlio-erkyzdeecsohoaggpwbjdvavzqfv/Build/Intermediates.noindex/WysiwygComposer.build/Debug-iphonesimulator/DTCoreTextExtended.build/Objects-normal/arm64/e6072d4f65d7061329687fe24e3d63a7-common-args.resp
    
    /Applications/Xcode.app/Contents/Developer/Toolchains/XcodeDefault.xctoolchain/usr/bin/clang -x objective-c -ivfsstatcache /Users/aadityasingh/Library/Developer/Xcode/DerivedData/SDKStatCaches.noindex/iphonesimulator26.4-23E252-686eebb5dc1d8ecb277353a59184f4aa.sdkstatcache -target arm64-apple-ios15.0-simulator -fmessage-length\=0 -fdiagnostics-show-note-include-stack -fmacro-backtrace-limit\=0 -fno-color-diagnostics -fmodules-prune-interval\=86400 -fmodules-prune-after\=345600 -fbuild-session-file\=/Users/aadityasingh/Library/Developer/Xcode/DerivedData/ModuleCache.noindex/Session.modulevalidation -fmodules-validate-once-per-build-session -Wnon-modular-include-in-framework-module -Werror\=non-modular-include-in-framework-module -Wno-trigraphs -Wno-missing-field-initializers -Wno-missing-prototypes -Wno-return-type -Wno-implicit-atomic-properties -Wno-objc-interface-ivars -Wno-arc-repeated-use-of-weak -Wno-missing-braces -Wparentheses -Wswitch -Wno-unused-function -Wno-unused-label -Wno-unused-parameter -Wno-unused-variable -Wunused-value -Wno-empty-body -Wno-uninitialized -Wno-unknown-pragmas -w -Wno-shadow -Wno-four-char-constants -Wno-conversion -Wno-constant-conversion -Wno-int-conversion -Wno-bool-conversion -Wno-enum-conversion -Wno-float-conversion -Wno-non-literal-null-conversion -Wno-objc-literal-conversion -Wshorten-64-to-32 -Wpointer-sign -Wno-newline-eof -Wno-selector -Wno-strict-selector-match -Wno-undeclared-selector -Wno-deprecated-implementations -Wno-implicit-fallthrough -isysroot /Applications/Xcode.app/Contents/Developer/Platforms/iPhoneSimulator.platform/Developer/SDKs/iPhoneSimulator26.4.sdk -fstrict-aliasing -Wprotocol -Wdeprecated-declarations -Wno-sign-conversion -Wno-infinite-recursion -Wno-comma -Wno-block-capture-autoreleasing -Wno-strict-prototypes -Wno-semicolon-before-method-body -index-store-path /Users/aadityasingh/Library/Developer/Xcode/DerivedData/Chatlio-erkyzdeecsohoaggpwbjdvavzqfv/Index.noindex/DataStore @/Users/aadityasingh/Library/Developer/Xcode/DerivedData/Chatlio-erkyzdeecsohoaggpwbjdvavzqfv/Build/Intermediates.noindex/WysiwygComposer.build/Debug-iphonesimulator/DTCoreTextExtended.build/Objects-normal/arm64/e6072d4f65d7061329687fe24e3d63a7-common-args.resp -MMD -MT dependencies -MF /Users/aadityasingh/Library/Developer/Xcode/DerivedData/Chatlio-erkyzdeecsohoaggpwbjdvavzqfv/Build/Intermediates.noindex/WysiwygComposer.build/Debug-iphonesimulator/DTCoreTextExtended.build/Objects-normal/arm64/UIFont+AttributedStringBuilder.d --serialize-diagnostics /Users/aadityasingh/Library/Developer/Xcode/DerivedData/Chatlio-erkyzdeecsohoaggpwbjdvavzqfv/Build/Intermediates.noindex/WysiwygComposer.build/Debug-iphonesimulator/DTCoreTextExtended.build/Objects-normal/arm64/UIFont+AttributedStringBuilder.dia -c /Users/aadityasingh/Library/Developer/Xcode/DerivedData/Chatlio-erkyzdeecsohoaggpwbjdvavzqfv/SourcePackages/checkouts/matrix-rich-text-editor-swift/Sources/DTCoreTextExtended/UIFont+AttributedStringBuilder.m -o /Users/aadityasingh/Library/Developer/Xcode/DerivedData/Chatlio-erkyzdeecsohoaggpwbjdvavzqfv/Build/Intermediates.noindex/WysiwygComposer.build/Debug-iphonesimulator/DTCoreTextExtended.build/Objects-normal/arm64/UIFont+AttributedStringBuilder.o -index-unit-output-path /WysiwygComposer.build/Debug-iphonesimulator/DTCoreTextExtended.build/Objects-normal/arm64/UIFont+AttributedStringBuilder.o

SwiftDriverJobDiscovery normal x86_64 Compiling TempiFFT.swift (in target 'DSWaveformImage' from project 'DSWaveformImage')

CompileC /Users/aadityasingh/Library/Developer/Xcode/DerivedData/Chatlio-erkyzdeecsohoaggpwbjdvavzqfv/Build/Intermediates.noindex/DTCoreText.build/Debug-iphonesimulator/DTCoreText.build/Objects-normal/arm64/NSScanner+HTML.o /Users/aadityasingh/Library/Developer/Xcode/DerivedData/Chatlio-erkyzdeecsohoaggpwbjdvavzqfv/SourcePackages/checkouts/DTCoreText/Core/Source/NSScanner+HTML.m normal arm64 objective-c com.apple.compilers.llvm.clang.1_0.compiler (in target 'DTCoreText' from project 'DTCoreText')
    cd /Users/aadityasingh/Documents/Development/element-x-ios/Chatlio.xcodeproj
    
    Using response file: /Users/aadityasingh/Library/Developer/Xcode/DerivedData/Chatlio-erkyzdeecsohoaggpwbjdvavzqfv/Build/Intermediates.noindex/DTCoreText.build/Debug-iphonesimulator/DTCoreText.build/Objects-normal/arm64/e6072d4f65d7061329687fe24e3d63a7-common-args.resp
    
    /Applications/Xcode.app/Contents/Developer/Toolchains/XcodeDefault.xctoolchain/usr/bin/clang -x objective-c -ivfsstatcache /Users/aadityasingh/Library/Developer/Xcode/DerivedData/SDKStatCaches.noindex/iphonesimulator26.4-23E252-686eebb5dc1d8ecb277353a59184f4aa.sdkstatcache -target arm64-apple-ios12.0-simulator -fmessage-length\=0 -fdiagnostics-show-note-include-stack -fmacro-backtrace-limit\=0 -fno-color-diagnostics -fmodules-prune-interval\=86400 -fmodules-prune-after\=345600 -fbuild-session-file\=/Users/aadityasingh/Library/Developer/Xcode/DerivedData/ModuleCache.noindex/Session.modulevalidation -fmodules-validate-once-per-build-session -Wnon-modular-include-in-framework-module -Werror\=non-modular-include-in-framework-module -Wno-trigraphs -Wno-missing-field-initializers -Wno-missing-prototypes -Wno-return-type -Wno-implicit-atomic-properties -Wno-objc-interface-ivars -Wno-arc-repeated-use-of-weak -Wno-missing-braces -Wparentheses -Wswitch -Wno-unused-function -Wno-unused-label -Wno-unused-parameter -Wno-unused-variable -Wunused-value -Wno-empty-body -Wno-uninitialized -Wno-unknown-pragmas -w -Wno-shadow -Wno-four-char-constants -Wno-conversion -Wno-constant-conversion -Wno-int-conversion -Wno-bool-conversion -Wno-enum-conversion -Wno-float-conversion -Wno-non-literal-null-conversion -Wno-objc-literal-conversion -Wshorten-64-to-32 -Wpointer-sign -Wno-newline-eof -Wno-selector -Wno-strict-selector-match -Wno-undeclared-selector -Wno-deprecated-implementations -Wno-implicit-fallthrough -isysroot /Applications/Xcode.app/Contents/Developer/Platforms/iPhoneSimulator.platform/Developer/SDKs/iPhoneSimulator26.4.sdk -fstrict-aliasing -Wprotocol -Wdeprecated-declarations -Wno-sign-conversion -Wno-infinite-recursion -Wno-comma -Wno-block-capture-autoreleasing -Wno-strict-prototypes -Wno-semicolon-before-method-body -index-store-path /Users/aadityasingh/Library/Developer/Xcode/DerivedData/Chatlio-erkyzdeecsohoaggpwbjdvavzqfv/Index.noindex/DataStore @/Users/aadityasingh/Library/Developer/Xcode/DerivedData/Chatlio-erkyzdeecsohoaggpwbjdvavzqfv/Build/Intermediates.noindex/DTCoreText.build/Debug-iphonesimulator/DTCoreText.build/Objects-normal/arm64/e6072d4f65d7061329687fe24e3d63a7-common-args.resp -include /Users/aadityasingh/Library/Developer/Xcode/DerivedData/Chatlio-erkyzdeecsohoaggpwbjdvavzqfv/Build/Intermediates.noindex/DTCoreText.build/Debug-iphonesimulator/DTCoreText.build/DerivedSources/resource_bundle_accessor.h -MMD -MT dependencies -MF /Users/aadityasingh/Library/Developer/Xcode/DerivedData/Chatlio-erkyzdeecsohoaggpwbjdvavzqfv/Build/Intermediates.noindex/DTCoreText.build/Debug-iphonesimulator/DTCoreText.build/Objects-normal/arm64/NSScanner+HTML.d --serialize-diagnostics /Users/aadityasingh/Library/Developer/Xcode/DerivedData/Chatlio-erkyzdeecsohoaggpwbjdvavzqfv/Build/Intermediates.noindex/DTCoreText.build/Debug-iphonesimulator/DTCoreText.build/Objects-normal/arm64/NSScanner+HTML.dia -c /Users/aadityasingh/Library/Developer/Xcode/DerivedData/Chatlio-erkyzdeecsohoaggpwbjdvavzqfv/SourcePackages/checkouts/DTCoreText/Core/Source/NSScanner+HTML.m -o /Users/aadityasingh/Library/Developer/Xcode/DerivedData/Chatlio-erkyzdeecsohoaggpwbjdvavzqfv/Build/Intermediates.noindex/DTCoreText.build/Debug-iphonesimulator/DTCoreText.build/Objects-normal/arm64/NSScanner+HTML.o -index-unit-output-path /DTCoreText.build/Debug-iphonesimulator/DTCoreText.build/Objects-normal/arm64/NSScanner+HTML.o

CompileC /Users/aadityasingh/Library/Developer/Xcode/DerivedData/Chatlio-erkyzdeecsohoaggpwbjdvavzqfv/Build/Intermediates.noindex/DTCoreText.build/Debug-iphonesimulator/DTCoreText.build/Objects-normal/arm64/NSMutableAttributedString+HTML.o /Users/aadityasingh/Library/Developer/Xcode/DerivedData/Chatlio-erkyzdeecsohoaggpwbjdvavzqfv/SourcePackages/checkouts/DTCoreText/Core/Source/NSMutableAttributedString+HTML.m normal arm64 objective-c com.apple.compilers.llvm.clang.1_0.compiler (in target 'DTCoreText' from project 'DTCoreText')
    cd /Users/aadityasingh/Documents/Development/element-x-ios/Chatlio.xcodeproj
    
    Using response file: /Users/aadityasingh/Library/Developer/Xcode/DerivedData/Chatlio-erkyzdeecsohoaggpwbjdvavzqfv/Build/Intermediates.noindex/DTCoreText.build/Debug-iphonesimulator/DTCoreText.build/Objects-normal/arm64/e6072d4f65d7061329687fe24e3d63a7-common-args.resp
    
    /Applications/Xcode.app/Contents/Developer/Toolchains/XcodeDefault.xctoolchain/usr/bin/clang -x objective-c -ivfsstatcache /Users/aadityasingh/Library/Developer/Xcode/DerivedData/SDKStatCaches.noindex/iphonesimulator26.4-23E252-686eebb5dc1d8ecb277353a59184f4aa.sdkstatcache -target arm64-apple-ios12.0-simulator -fmessage-length\=0 -fdiagnostics-show-note-include-stack -fmacro-backtrace-limit\=0 -fno-color-diagnostics -fmodules-prune-interval\=86400 -fmodules-prune-after\=345600 -fbuild-session-file\=/Users/aadityasingh/Library/Developer/Xcode/DerivedData/ModuleCache.noindex/Session.modulevalidation -fmodules-validate-once-per-build-session -Wnon-modular-include-in-framework-module -Werror\=non-modular-include-in-framework-module -Wno-trigraphs -Wno-missing-field-initializers -Wno-missing-prototypes -Wno-return-type -Wno-implicit-atomic-properties -Wno-objc-interface-ivars -Wno-arc-repeated-use-of-weak -Wno-missing-braces -Wparentheses -Wswitch -Wno-unused-function -Wno-unused-label -Wno-unused-parameter -Wno-unused-variable -Wunused-value -Wno-empty-body -Wno-uninitialized -Wno-unknown-pragmas -w -Wno-shadow -Wno-four-char-constants -Wno-conversion -Wno-constant-conversion -Wno-int-conversion -Wno-bool-conversion -Wno-enum-conversion -Wno-float-conversion -Wno-non-literal-null-conversion -Wno-objc-literal-conversion -Wshorten-64-to-32 -Wpointer-sign -Wno-newline-eof -Wno-selector -Wno-strict-selector-match -Wno-undeclared-selector -Wno-deprecated-implementations -Wno-implicit-fallthrough -isysroot /Applications/Xcode.app/Contents/Developer/Platforms/iPhoneSimulator.platform/Developer/SDKs/iPhoneSimulator26.4.sdk -fstrict-aliasing -Wprotocol -Wdeprecated-declarations -Wno-sign-conversion -Wno-infinite-recursion -Wno-comma -Wno-block-capture-autoreleasing -Wno-strict-prototypes -Wno-semicolon-before-method-body -index-store-path /Users/aadityasingh/Library/Developer/Xcode/DerivedData/Chatlio-erkyzdeecsohoaggpwbjdvavzqfv/Index.noindex/DataStore @/Users/aadityasingh/Library/Developer/Xcode/DerivedData/Chatlio-erkyzdeecsohoaggpwbjdvavzqfv/Build/Intermediates.noindex/DTCoreText.build/Debug-iphonesimulator/DTCoreText.build/Objects-normal/arm64/e6072d4f65d7061329687fe24e3d63a7-common-args.resp -include /Users/aadityasingh/Library/Developer/Xcode/DerivedData/Chatlio-erkyzdeecsohoaggpwbjdvavzqfv/Build/Intermediates.noindex/DTCoreText.build/Debug-iphonesimulator/DTCoreText.build/DerivedSources/resource_bundle_accessor.h -MMD -MT dependencies -MF /Users/aadityasingh/Library/Developer/Xcode/DerivedData/Chatlio-erkyzdeecsohoaggpwbjdvavzqfv/Build/Intermediates.noindex/DTCoreText.build/Debug-iphonesimulator/DTCoreText.build/Objects-normal/arm64/NSMutableAttributedString+HTML.d --serialize-diagnostics /Users/aadityasingh/Library/Developer/Xcode/DerivedData/Chatlio-erkyzdeecsohoaggpwbjdvavzqfv/Build/Intermediates.noindex/DTCoreText.build/Debug-iphonesimulator/DTCoreText.build/Objects-normal/arm64/NSMutableAttributedString+HTML.dia -c /Users/aadityasingh/Library/Developer/Xcode/DerivedData/Chatlio-erkyzdeecsohoaggpwbjdvavzqfv/SourcePackages/checkouts/DTCoreText/Core/Source/NSMutableAttributedString+HTML.m -o /Users/aadityasingh/Library/Developer/Xcode/DerivedData/Chatlio-erkyzdeecsohoaggpwbjdvavzqfv/Build/Intermediates.noindex/DTCoreText.build/Debug-iphonesimulator/DTCoreText.build/Objects-normal/arm64/NSMutableAttributedString+HTML.o -index-unit-output-path /DTCoreText.build/Debug-iphonesimulator/DTCoreText.build/Objects-normal/arm64/NSMutableAttributedString+HTML.o

CompileC /Users/aadityasingh/Library/Developer/Xcode/DerivedData/Chatlio-erkyzdeecsohoaggpwbjdvavzqfv/Build/Intermediates.noindex/DTCoreText.build/Debug-iphonesimulator/DTCoreText.build/Objects-normal/arm64/NSDictionary+DTCoreText.o /Users/aadityasingh/Library/Developer/Xcode/DerivedData/Chatlio-erkyzdeecsohoaggpwbjdvavzqfv/SourcePackages/checkouts/DTCoreText/Core/Source/NSDictionary+DTCoreText.m normal arm64 objective-c com.apple.compilers.llvm.clang.1_0.compiler (in target 'DTCoreText' from project 'DTCoreText')
    cd /Users/aadityasingh/Documents/Development/element-x-ios/Chatlio.xcodeproj
    
    Using response file: /Users/aadityasingh/Library/Developer/Xcode/DerivedData/Chatlio-erkyzdeecsohoaggpwbjdvavzqfv/Build/Intermediates.noindex/DTCoreText.build/Debug-iphonesimulator/DTCoreText.build/Objects-normal/arm64/e6072d4f65d7061329687fe24e3d63a7-common-args.resp
    
    /Applications/Xcode.app/Contents/Developer/Toolchains/XcodeDefault.xctoolchain/usr/bin/clang -x objective-c -ivfsstatcache /Users/aadityasingh/Library/Developer/Xcode/DerivedData/SDKStatCaches.noindex/iphonesimulator26.4-23E252-686eebb5dc1d8ecb277353a59184f4aa.sdkstatcache -target arm64-apple-ios12.0-simulator -fmessage-length\=0 -fdiagnostics-show-note-include-stack -fmacro-backtrace-limit\=0 -fno-color-diagnostics -fmodules-prune-interval\=86400 -fmodules-prune-after\=345600 -fbuild-session-file\=/Users/aadityasingh/Library/Developer/Xcode/DerivedData/ModuleCache.noindex/Session.modulevalidation -fmodules-validate-once-per-build-session -Wnon-modular-include-in-framework-module -Werror\=non-modular-include-in-framework-module -Wno-trigraphs -Wno-missing-field-initializers -Wno-missing-prototypes -Wno-return-type -Wno-implicit-atomic-properties -Wno-objc-interface-ivars -Wno-arc-repeated-use-of-weak -Wno-missing-braces -Wparentheses -Wswitch -Wno-unused-function -Wno-unused-label -Wno-unused-parameter -Wno-unused-variable -Wunused-value -Wno-empty-body -Wno-uninitialized -Wno-unknown-pragmas -w -Wno-shadow -Wno-four-char-constants -Wno-conversion -Wno-constant-conversion -Wno-int-conversion -Wno-bool-conversion -Wno-enum-conversion -Wno-float-conversion -Wno-non-literal-null-conversion -Wno-objc-literal-conversion -Wshorten-64-to-32 -Wpointer-sign -Wno-newline-eof -Wno-selector -Wno-strict-selector-match -Wno-undeclared-selector -Wno-deprecated-implementations -Wno-implicit-fallthrough -isysroot /Applications/Xcode.app/Contents/Developer/Platforms/iPhoneSimulator.platform/Developer/SDKs/iPhoneSimulator26.4.sdk -fstrict-aliasing -Wprotocol -Wdeprecated-declarations -Wno-sign-conversion -Wno-infinite-recursion -Wno-comma -Wno-block-capture-autoreleasing -Wno-strict-prototypes -Wno-semicolon-before-method-body -index-store-path /Users/aadityasingh/Library/Developer/Xcode/DerivedData/Chatlio-erkyzdeecsohoaggpwbjdvavzqfv/Index.noindex/DataStore @/Users/aadityasingh/Library/Developer/Xcode/DerivedData/Chatlio-erkyzdeecsohoaggpwbjdvavzqfv/Build/Intermediates.noindex/DTCoreText.build/Debug-iphonesimulator/DTCoreText.build/Objects-normal/arm64/e6072d4f65d7061329687fe24e3d63a7-common-args.resp -include /Users/aadityasingh/Library/Developer/Xcode/DerivedData/Chatlio-erkyzdeecsohoaggpwbjdvavzqfv/Build/Intermediates.noindex/DTCoreText.build/Debug-iphonesimulator/DTCoreText.build/DerivedSources/resource_bundle_accessor.h -MMD -MT dependencies -MF /Users/aadityasingh/Library/Developer/Xcode/DerivedData/Chatlio-erkyzdeecsohoaggpwbjdvavzqfv/Build/Intermediates.noindex/DTCoreText.build/Debug-iphonesimulator/DTCoreText.build/Objects-normal/arm64/NSDictionary+DTCoreText.d --serialize-diagnostics /Users/aadityasingh/Library/Developer/Xcode/DerivedData/Chatlio-erkyzdeecsohoaggpwbjdvavzqfv/Build/Intermediates.noindex/DTCoreText.build/Debug-iphonesimulator/DTCoreText.build/Objects-normal/arm64/NSDictionary+DTCoreText.dia -c /Users/aadityasingh/Library/Developer/Xcode/DerivedData/Chatlio-erkyzdeecsohoaggpwbjdvavzqfv/SourcePackages/checkouts/DTCoreText/Core/Source/NSDictionary+DTCoreText.m -o /Users/aadityasingh/Library/Developer/Xcode/DerivedData/Chatlio-erkyzdeecsohoaggpwbjdvavzqfv/Build/Intermediates.noindex/DTCoreText.build/Debug-iphonesimulator/DTCoreText.build/Objects-normal/arm64/NSDictionary+DTCoreText.o -index-unit-output-path /DTCoreText.build/Debug-iphonesimulator/DTCoreText.build/Objects-normal/arm64/NSDictionary+DTCoreText.o

SwiftDriverJobDiscovery normal arm64 Compiling CircularWaveformRenderer.swift (in target 'DSWaveformImage' from project 'DSWaveformImage')

CompileC /Users/aadityasingh/Library/Developer/Xcode/DerivedData/Chatlio-erkyzdeecsohoaggpwbjdvavzqfv/Build/Intermediates.noindex/DTCoreText.build/Debug-iphonesimulator/DTCoreText.build/Objects-normal/arm64/NSCoder+DTCompatibility.o /Users/aadityasingh/Library/Developer/Xcode/DerivedData/Chatlio-erkyzdeecsohoaggpwbjdvavzqfv/SourcePackages/checkouts/DTCoreText/Core/Source/NSCoder+DTCompatibility.m normal arm64 objective-c com.apple.compilers.llvm.clang.1_0.compiler (in target 'DTCoreText' from project 'DTCoreText')
    cd /Users/aadityasingh/Documents/Development/element-x-ios/Chatlio.xcodeproj
    
    Using response file: /Users/aadityasingh/Library/Developer/Xcode/DerivedData/Chatlio-erkyzdeecsohoaggpwbjdvavzqfv/Build/Intermediates.noindex/DTCoreText.build/Debug-iphonesimulator/DTCoreText.build/Objects-normal/arm64/e6072d4f65d7061329687fe24e3d63a7-common-args.resp
    
    /Applications/Xcode.app/Contents/Developer/Toolchains/XcodeDefault.xctoolchain/usr/bin/clang -x objective-c -ivfsstatcache /Users/aadityasingh/Library/Developer/Xcode/DerivedData/SDKStatCaches.noindex/iphonesimulator26.4-23E252-686eebb5dc1d8ecb277353a59184f4aa.sdkstatcache -target arm64-apple-ios12.0-simulator -fmessage-length\=0 -fdiagnostics-show-note-include-stack -fmacro-backtrace-limit\=0 -fno-color-diagnostics -fmodules-prune-interval\=86400 -fmodules-prune-after\=345600 -fbuild-session-file\=/Users/aadityasingh/Library/Developer/Xcode/DerivedData/ModuleCache.noindex/Session.modulevalidation -fmodules-validate-once-per-build-session -Wnon-modular-include-in-framework-module -Werror\=non-modular-include-in-framework-module -Wno-trigraphs -Wno-missing-field-initializers -Wno-missing-prototypes -Wno-return-type -Wno-implicit-atomic-properties -Wno-objc-interface-ivars -Wno-arc-repeated-use-of-weak -Wno-missing-braces -Wparentheses -Wswitch -Wno-unused-function -Wno-unused-label -Wno-unused-parameter -Wno-unused-variable -Wunused-value -Wno-empty-body -Wno-uninitialized -Wno-unknown-pragmas -w -Wno-shadow -Wno-four-char-constants -Wno-conversion -Wno-constant-conversion -Wno-int-conversion -Wno-bool-conversion -Wno-enum-conversion -Wno-float-conversion -Wno-non-literal-null-conversion -Wno-objc-literal-conversion -Wshorten-64-to-32 -Wpointer-sign -Wno-newline-eof -Wno-selector -Wno-strict-selector-match -Wno-undeclared-selector -Wno-deprecated-implementations -Wno-implicit-fallthrough -isysroot /Applications/Xcode.app/Contents/Developer/Platforms/iPhoneSimulator.platform/Developer/SDKs/iPhoneSimulator26.4.sdk -fstrict-aliasing -Wprotocol -Wdeprecated-declarations -Wno-sign-conversion -Wno-infinite-recursion -Wno-comma -Wno-block-capture-autoreleasing -Wno-strict-prototypes -Wno-semicolon-before-method-body -index-store-path /Users/aadityasingh/Library/Developer/Xcode/DerivedData/Chatlio-erkyzdeecsohoaggpwbjdvavzqfv/Index.noindex/DataStore @/Users/aadityasingh/Library/Developer/Xcode/DerivedData/Chatlio-erkyzdeecsohoaggpwbjdvavzqfv/Build/Intermediates.noindex/DTCoreText.build/Debug-iphonesimulator/DTCoreText.build/Objects-normal/arm64/e6072d4f65d7061329687fe24e3d63a7-common-args.resp -include /Users/aadityasingh/Library/Developer/Xcode/DerivedData/Chatlio-erkyzdeecsohoaggpwbjdvavzqfv/Build/Intermediates.noindex/DTCoreText.build/Debug-iphonesimulator/DTCoreText.build/DerivedSources/resource_bundle_accessor.h -MMD -MT dependencies -MF /Users/aadityasingh/Library/Developer/Xcode/DerivedData/Chatlio-erkyzdeecsohoaggpwbjdvavzqfv/Build/Intermediates.noindex/DTCoreText.build/Debug-iphonesimulator/DTCoreText.build/Objects-normal/arm64/NSCoder+DTCompatibility.d --serialize-diagnostics /Users/aadityasingh/Library/Developer/Xcode/DerivedData/Chatlio-erkyzdeecsohoaggpwbjdvavzqfv/Build/Intermediates.noindex/DTCoreText.build/Debug-iphonesimulator/DTCoreText.build/Objects-normal/arm64/NSCoder+DTCompatibility.dia -c /Users/aadityasingh/Library/Developer/Xcode/DerivedData/Chatlio-erkyzdeecsohoaggpwbjdvavzqfv/SourcePackages/checkouts/DTCoreText/Core/Source/NSCoder+DTCompatibility.m -o /Users/aadityasingh/Library/Developer/Xcode/DerivedData/Chatlio-erkyzdeecsohoaggpwbjdvavzqfv/Build/Intermediates.noindex/DTCoreText.build/Debug-iphonesimulator/DTCoreText.build/Objects-normal/arm64/NSCoder+DTCompatibility.o -index-unit-output-path /DTCoreText.build/Debug-iphonesimulator/DTCoreText.build/Objects-normal/arm64/NSCoder+DTCompatibility.o

CompileC /Users/aadityasingh/Library/Developer/Xcode/DerivedData/Chatlio-erkyzdeecsohoaggpwbjdvavzqfv/Build/Intermediates.noindex/DTCoreText.build/Debug-iphonesimulator/DTCoreText.build/Objects-normal/arm64/NSCharacterSet+HTML.o /Users/aadityasingh/Library/Developer/Xcode/DerivedData/Chatlio-erkyzdeecsohoaggpwbjdvavzqfv/SourcePackages/checkouts/DTCoreText/Core/Source/NSCharacterSet+HTML.m normal arm64 objective-c com.apple.compilers.llvm.clang.1_0.compiler (in target 'DTCoreText' from project 'DTCoreText')
    cd /Users/aadityasingh/Documents/Development/element-x-ios/Chatlio.xcodeproj
    
    Using response file: /Users/aadityasingh/Library/Developer/Xcode/DerivedData/Chatlio-erkyzdeecsohoaggpwbjdvavzqfv/Build/Intermediates.noindex/DTCoreText.build/Debug-iphonesimulator/DTCoreText.build/Objects-normal/arm64/e6072d4f65d7061329687fe24e3d63a7-common-args.resp
    
    /Applications/Xcode.app/Contents/Developer/Toolchains/XcodeDefault.xctoolchain/usr/bin/clang -x objective-c -ivfsstatcache /Users/aadityasingh/Library/Developer/Xcode/DerivedData/SDKStatCaches.noindex/iphonesimulator26.4-23E252-686eebb5dc1d8ecb277353a59184f4aa.sdkstatcache -target arm64-apple-ios12.0-simulator -fmessage-length\=0 -fdiagnostics-show-note-include-stack -fmacro-backtrace-limit\=0 -fno-color-diagnostics -fmodules-prune-interval\=86400 -fmodules-prune-after\=345600 -fbuild-session-file\=/Users/aadityasingh/Library/Developer/Xcode/DerivedData/ModuleCache.noindex/Session.modulevalidation -fmodules-validate-once-per-build-session -Wnon-modular-include-in-framework-module -Werror\=non-modular-include-in-framework-module -Wno-trigraphs -Wno-missing-field-initializers -Wno-missing-prototypes -Wno-return-type -Wno-implicit-atomic-properties -Wno-objc-interface-ivars -Wno-arc-repeated-use-of-weak -Wno-missing-braces -Wparentheses -Wswitch -Wno-unused-function -Wno-unused-label -Wno-unused-parameter -Wno-unused-variable -Wunused-value -Wno-empty-body -Wno-uninitialized -Wno-unknown-pragmas -w -Wno-shadow -Wno-four-char-constants -Wno-conversion -Wno-constant-conversion -Wno-int-conversion -Wno-bool-conversion -Wno-enum-conversion -Wno-float-conversion -Wno-non-literal-null-conversion -Wno-objc-literal-conversion -Wshorten-64-to-32 -Wpointer-sign -Wno-newline-eof -Wno-selector -Wno-strict-selector-match -Wno-undeclared-selector -Wno-deprecated-implementations -Wno-implicit-fallthrough -isysroot /Applications/Xcode.app/Contents/Developer/Platforms/iPhoneSimulator.platform/Developer/SDKs/iPhoneSimulator26.4.sdk -fstrict-aliasing -Wprotocol -Wdeprecated-declarations -Wno-sign-conversion -Wno-infinite-recursion -Wno-comma -Wno-block-capture-autoreleasing -Wno-strict-prototypes -Wno-semicolon-before-method-body -index-store-path /Users/aadityasingh/Library/Developer/Xcode/DerivedData/Chatlio-erkyzdeecsohoaggpwbjdvavzqfv/Index.noindex/DataStore @/Users/aadityasingh/Library/Developer/Xcode/DerivedData/Chatlio-erkyzdeecsohoaggpwbjdvavzqfv/Build/Intermediates.noindex/DTCoreText.build/Debug-iphonesimulator/DTCoreText.build/Objects-normal/arm64/e6072d4f65d7061329687fe24e3d63a7-common-args.resp -include /Users/aadityasingh/Library/Developer/Xcode/DerivedData/Chatlio-erkyzdeecsohoaggpwbjdvavzqfv/Build/Intermediates.noindex/DTCoreText.build/Debug-iphonesimulator/DTCoreText.build/DerivedSources/resource_bundle_accessor.h -MMD -MT dependencies -MF /Users/aadityasingh/Library/Developer/Xcode/DerivedData/Chatlio-erkyzdeecsohoaggpwbjdvavzqfv/Build/Intermediates.noindex/DTCoreText.build/Debug-iphonesimulator/DTCoreText.build/Objects-normal/arm64/NSCharacterSet+HTML.d --serialize-diagnostics /Users/aadityasingh/Library/Developer/Xcode/DerivedData/Chatlio-erkyzdeecsohoaggpwbjdvavzqfv/Build/Intermediates.noindex/DTCoreText.build/Debug-iphonesimulator/DTCoreText.build/Objects-normal/arm64/NSCharacterSet+HTML.dia -c /Users/aadityasingh/Library/Developer/Xcode/DerivedData/Chatlio-erkyzdeecsohoaggpwbjdvavzqfv/SourcePackages/checkouts/DTCoreText/Core/Source/NSCharacterSet+HTML.m -o /Users/aadityasingh/Library/Developer/Xcode/DerivedData/Chatlio-erkyzdeecsohoaggpwbjdvavzqfv/Build/Intermediates.noindex/DTCoreText.build/Debug-iphonesimulator/DTCoreText.build/Objects-normal/arm64/NSCharacterSet+HTML.o -index-unit-output-path /DTCoreText.build/Debug-iphonesimulator/DTCoreText.build/Objects-normal/arm64/NSCharacterSet+HTML.o

CompileC /Users/aadityasingh/Library/Developer/Xcode/DerivedData/Chatlio-erkyzdeecsohoaggpwbjdvavzqfv/Build/Intermediates.noindex/DTCoreText.build/Debug-iphonesimulator/DTCoreText.build/Objects-normal/arm64/NSAttributedStringRunDelegates.o /Users/aadityasingh/Library/Developer/Xcode/DerivedData/Chatlio-erkyzdeecsohoaggpwbjdvavzqfv/SourcePackages/checkouts/DTCoreText/Core/Source/NSAttributedStringRunDelegates.m normal arm64 objective-c com.apple.compilers.llvm.clang.1_0.compiler (in target 'DTCoreText' from project 'DTCoreText')
    cd /Users/aadityasingh/Documents/Development/element-x-ios/Chatlio.xcodeproj
    
    Using response file: /Users/aadityasingh/Library/Developer/Xcode/DerivedData/Chatlio-erkyzdeecsohoaggpwbjdvavzqfv/Build/Intermediates.noindex/DTCoreText.build/Debug-iphonesimulator/DTCoreText.build/Objects-normal/arm64/e6072d4f65d7061329687fe24e3d63a7-common-args.resp
    
    /Applications/Xcode.app/Contents/Developer/Toolchains/XcodeDefault.xctoolchain/usr/bin/clang -x objective-c -ivfsstatcache /Users/aadityasingh/Library/Developer/Xcode/DerivedData/SDKStatCaches.noindex/iphonesimulator26.4-23E252-686eebb5dc1d8ecb277353a59184f4aa.sdkstatcache -target arm64-apple-ios12.0-simulator -fmessage-length\=0 -fdiagnostics-show-note-include-stack -fmacro-backtrace-limit\=0 -fno-color-diagnostics -fmodules-prune-interval\=86400 -fmodules-prune-after\=345600 -fbuild-session-file\=/Users/aadityasingh/Library/Developer/Xcode/DerivedData/ModuleCache.noindex/Session.modulevalidation -fmodules-validate-once-per-build-session -Wnon-modular-include-in-framework-module -Werror\=non-modular-include-in-framework-module -Wno-trigraphs -Wno-missing-field-initializers -Wno-missing-prototypes -Wno-return-type -Wno-implicit-atomic-properties -Wno-objc-interface-ivars -Wno-arc-repeated-use-of-weak -Wno-missing-braces -Wparentheses -Wswitch -Wno-unused-function -Wno-unused-label -Wno-unused-parameter -Wno-unused-variable -Wunused-value -Wno-empty-body -Wno-uninitialized -Wno-unknown-pragmas -w -Wno-shadow -Wno-four-char-constants -Wno-conversion -Wno-constant-conversion -Wno-int-conversion -Wno-bool-conversion -Wno-enum-conversion -Wno-float-conversion -Wno-non-literal-null-conversion -Wno-objc-literal-conversion -Wshorten-64-to-32 -Wpointer-sign -Wno-newline-eof -Wno-selector -Wno-strict-selector-match -Wno-undeclared-selector -Wno-deprecated-implementations -Wno-implicit-fallthrough -isysroot /Applications/Xcode.app/Contents/Developer/Platforms/iPhoneSimulator.platform/Developer/SDKs/iPhoneSimulator26.4.sdk -fstrict-aliasing -Wprotocol -Wdeprecated-declarations -Wno-sign-conversion -Wno-infinite-recursion -Wno-comma -Wno-block-capture-autoreleasing -Wno-strict-prototypes -Wno-semicolon-before-method-body -index-store-path /Users/aadityasingh/Library/Developer/Xcode/DerivedData/Chatlio-erkyzdeecsohoaggpwbjdvavzqfv/Index.noindex/DataStore @/Users/aadityasingh/Library/Developer/Xcode/DerivedData/Chatlio-erkyzdeecsohoaggpwbjdvavzqfv/Build/Intermediates.noindex/DTCoreText.build/Debug-iphonesimulator/DTCoreText.build/Objects-normal/arm64/e6072d4f65d7061329687fe24e3d63a7-common-args.resp -include /Users/aadityasingh/Library/Developer/Xcode/DerivedData/Chatlio-erkyzdeecsohoaggpwbjdvavzqfv/Build/Intermediates.noindex/DTCoreText.build/Debug-iphonesimulator/DTCoreText.build/DerivedSources/resource_bundle_accessor.h -MMD -MT dependencies -MF /Users/aadityasingh/Library/Developer/Xcode/DerivedData/Chatlio-erkyzdeecsohoaggpwbjdvavzqfv/Build/Intermediates.noindex/DTCoreText.build/Debug-iphonesimulator/DTCoreText.build/Objects-normal/arm64/NSAttributedStringRunDelegates.d --serialize-diagnostics /Users/aadityasingh/Library/Developer/Xcode/DerivedData/Chatlio-erkyzdeecsohoaggpwbjdvavzqfv/Build/Intermediates.noindex/DTCoreText.build/Debug-iphonesimulator/DTCoreText.build/Objects-normal/arm64/NSAttributedStringRunDelegates.dia -c /Users/aadityasingh/Library/Developer/Xcode/DerivedData/Chatlio-erkyzdeecsohoaggpwbjdvavzqfv/SourcePackages/checkouts/DTCoreText/Core/Source/NSAttributedStringRunDelegates.m -o /Users/aadityasingh/Library/Developer/Xcode/DerivedData/Chatlio-erkyzdeecsohoaggpwbjdvavzqfv/Build/Intermediates.noindex/DTCoreText.build/Debug-iphonesimulator/DTCoreText.build/Objects-normal/arm64/NSAttributedStringRunDelegates.o -index-unit-output-path /DTCoreText.build/Debug-iphonesimulator/DTCoreText.build/Objects-normal/arm64/NSAttributedStringRunDelegates.o

CompileC /Users/aadityasingh/Library/Developer/Xcode/DerivedData/Chatlio-erkyzdeecsohoaggpwbjdvavzqfv/Build/Intermediates.noindex/DTCoreText.build/Debug-iphonesimulator/DTCoreText.build/Objects-normal/arm64/NSAttributedString+SmallCaps.o /Users/aadityasingh/Library/Developer/Xcode/DerivedData/Chatlio-erkyzdeecsohoaggpwbjdvavzqfv/SourcePackages/checkouts/DTCoreText/Core/Source/NSAttributedString+SmallCaps.m normal arm64 objective-c com.apple.compilers.llvm.clang.1_0.compiler (in target 'DTCoreText' from project 'DTCoreText')
    cd /Users/aadityasingh/Documents/Development/element-x-ios/Chatlio.xcodeproj
    
    Using response file: /Users/aadityasingh/Library/Developer/Xcode/DerivedData/Chatlio-erkyzdeecsohoaggpwbjdvavzqfv/Build/Intermediates.noindex/DTCoreText.build/Debug-iphonesimulator/DTCoreText.build/Objects-normal/arm64/e6072d4f65d7061329687fe24e3d63a7-common-args.resp
    
    /Applications/Xcode.app/Contents/Developer/Toolchains/XcodeDefault.xctoolchain/usr/bin/clang -x objective-c -ivfsstatcache /Users/aadityasingh/Library/Developer/Xcode/DerivedData/SDKStatCaches.noindex/iphonesimulator26.4-23E252-686eebb5dc1d8ecb277353a59184f4aa.sdkstatcache -target arm64-apple-ios12.0-simulator -fmessage-length\=0 -fdiagnostics-show-note-include-stack -fmacro-backtrace-limit\=0 -fno-color-diagnostics -fmodules-prune-interval\=86400 -fmodules-prune-after\=345600 -fbuild-session-file\=/Users/aadityasingh/Library/Developer/Xcode/DerivedData/ModuleCache.noindex/Session.modulevalidation -fmodules-validate-once-per-build-session -Wnon-modular-include-in-framework-module -Werror\=non-modular-include-in-framework-module -Wno-trigraphs -Wno-missing-field-initializers -Wno-missing-prototypes -Wno-return-type -Wno-implicit-atomic-properties -Wno-objc-interface-ivars -Wno-arc-repeated-use-of-weak -Wno-missing-braces -Wparentheses -Wswitch -Wno-unused-function -Wno-unused-label -Wno-unused-parameter -Wno-unused-variable -Wunused-value -Wno-empty-body -Wno-uninitialized -Wno-unknown-pragmas -w -Wno-shadow -Wno-four-char-constants -Wno-conversion -Wno-constant-conversion -Wno-int-conversion -Wno-bool-conversion -Wno-enum-conversion -Wno-float-conversion -Wno-non-literal-null-conversion -Wno-objc-literal-conversion -Wshorten-64-to-32 -Wpointer-sign -Wno-newline-eof -Wno-selector -Wno-strict-selector-match -Wno-undeclared-selector -Wno-deprecated-implementations -Wno-implicit-fallthrough -isysroot /Applications/Xcode.app/Contents/Developer/Platforms/iPhoneSimulator.platform/Developer/SDKs/iPhoneSimulator26.4.sdk -fstrict-aliasing -Wprotocol -Wdeprecated-declarations -Wno-sign-conversion -Wno-infinite-recursion -Wno-comma -Wno-block-capture-autoreleasing -Wno-strict-prototypes -Wno-semicolon-before-method-body -index-store-path /Users/aadityasingh/Library/Developer/Xcode/DerivedData/Chatlio-erkyzdeecsohoaggpwbjdvavzqfv/Index.noindex/DataStore @/Users/aadityasingh/Library/Developer/Xcode/DerivedData/Chatlio-erkyzdeecsohoaggpwbjdvavzqfv/Build/Intermediates.noindex/DTCoreText.build/Debug-iphonesimulator/DTCoreText.build/Objects-normal/arm64/e6072d4f65d7061329687fe24e3d63a7-common-args.resp -include /Users/aadityasingh/Library/Developer/Xcode/DerivedData/Chatlio-erkyzdeecsohoaggpwbjdvavzqfv/Build/Intermediates.noindex/DTCoreText.build/Debug-iphonesimulator/DTCoreText.build/DerivedSources/resource_bundle_accessor.h -MMD -MT dependencies -MF /Users/aadityasingh/Library/Developer/Xcode/DerivedData/Chatlio-erkyzdeecsohoaggpwbjdvavzqfv/Build/Intermediates.noindex/DTCoreText.build/Debug-iphonesimulator/DTCoreText.build/Objects-normal/arm64/NSAttributedString+SmallCaps.d --serialize-diagnostics /Users/aadityasingh/Library/Developer/Xcode/DerivedData/Chatlio-erkyzdeecsohoaggpwbjdvavzqfv/Build/Intermediates.noindex/DTCoreText.build/Debug-iphonesimulator/DTCoreText.build/Objects-normal/arm64/NSAttributedString+SmallCaps.dia -c /Users/aadityasingh/Library/Developer/Xcode/DerivedData/Chatlio-erkyzdeecsohoaggpwbjdvavzqfv/SourcePackages/checkouts/DTCoreText/Core/Source/NSAttributedString+SmallCaps.m -o /Users/aadityasingh/Library/Developer/Xcode/DerivedData/Chatlio-erkyzdeecsohoaggpwbjdvavzqfv/Build/Intermediates.noindex/DTCoreText.build/Debug-iphonesimulator/DTCoreText.build/Objects-normal/arm64/NSAttributedString+SmallCaps.o -index-unit-output-path /DTCoreText.build/Debug-iphonesimulator/DTCoreText.build/Objects-normal/arm64/NSAttributedString+SmallCaps.o

CompileC /Users/aadityasingh/Library/Developer/Xcode/DerivedData/Chatlio-erkyzdeecsohoaggpwbjdvavzqfv/Build/Intermediates.noindex/DTCoreText.build/Debug-iphonesimulator/DTCoreText.build/Objects-normal/arm64/DTTextBlock.o /Users/aadityasingh/Library/Developer/Xcode/DerivedData/Chatlio-erkyzdeecsohoaggpwbjdvavzqfv/SourcePackages/checkouts/DTCoreText/Core/Source/DTTextBlock.m normal arm64 objective-c com.apple.compilers.llvm.clang.1_0.compiler (in target 'DTCoreText' from project 'DTCoreText')
    cd /Users/aadityasingh/Documents/Development/element-x-ios/Chatlio.xcodeproj
    
    Using response file: /Users/aadityasingh/Library/Developer/Xcode/DerivedData/Chatlio-erkyzdeecsohoaggpwbjdvavzqfv/Build/Intermediates.noindex/DTCoreText.build/Debug-iphonesimulator/DTCoreText.build/Objects-normal/arm64/e6072d4f65d7061329687fe24e3d63a7-common-args.resp
    
    /Applications/Xcode.app/Contents/Developer/Toolchains/XcodeDefault.xctoolchain/usr/bin/clang -x objective-c -ivfsstatcache /Users/aadityasingh/Library/Developer/Xcode/DerivedData/SDKStatCaches.noindex/iphonesimulator26.4-23E252-686eebb5dc1d8ecb277353a59184f4aa.sdkstatcache -target arm64-apple-ios12.0-simulator -fmessage-length\=0 -fdiagnostics-show-note-include-stack -fmacro-backtrace-limit\=0 -fno-color-diagnostics -fmodules-prune-interval\=86400 -fmodules-prune-after\=345600 -fbuild-session-file\=/Users/aadityasingh/Library/Developer/Xcode/DerivedData/ModuleCache.noindex/Session.modulevalidation -fmodules-validate-once-per-build-session -Wnon-modular-include-in-framework-module -Werror\=non-modular-include-in-framework-module -Wno-trigraphs -Wno-missing-field-initializers -Wno-missing-prototypes -Wno-return-type -Wno-implicit-atomic-properties -Wno-objc-interface-ivars -Wno-arc-repeated-use-of-weak -Wno-missing-braces -Wparentheses -Wswitch -Wno-unused-function -Wno-unused-label -Wno-unused-parameter -Wno-unused-variable -Wunused-value -Wno-empty-body -Wno-uninitialized -Wno-unknown-pragmas -w -Wno-shadow -Wno-four-char-constants -Wno-conversion -Wno-constant-conversion -Wno-int-conversion -Wno-bool-conversion -Wno-enum-conversion -Wno-float-conversion -Wno-non-literal-null-conversion -Wno-objc-literal-conversion -Wshorten-64-to-32 -Wpointer-sign -Wno-newline-eof -Wno-selector -Wno-strict-selector-match -Wno-undeclared-selector -Wno-deprecated-implementations -Wno-implicit-fallthrough -isysroot /Applications/Xcode.app/Contents/Developer/Platforms/iPhoneSimulator.platform/Developer/SDKs/iPhoneSimulator26.4.sdk -fstrict-aliasing -Wprotocol -Wdeprecated-declarations -Wno-sign-conversion -Wno-infinite-recursion -Wno-comma -Wno-block-capture-autoreleasing -Wno-strict-prototypes -Wno-semicolon-before-method-body -index-store-path /Users/aadityasingh/Library/Developer/Xcode/DerivedData/Chatlio-erkyzdeecsohoaggpwbjdvavzqfv/Index.noindex/DataStore @/Users/aadityasingh/Library/Developer/Xcode/DerivedData/Chatlio-erkyzdeecsohoaggpwbjdvavzqfv/Build/Intermediates.noindex/DTCoreText.build/Debug-iphonesimulator/DTCoreText.build/Objects-normal/arm64/e6072d4f65d7061329687fe24e3d63a7-common-args.resp -include /Users/aadityasingh/Library/Developer/Xcode/DerivedData/Chatlio-erkyzdeecsohoaggpwbjdvavzqfv/Build/Intermediates.noindex/DTCoreText.build/Debug-iphonesimulator/DTCoreText.build/DerivedSources/resource_bundle_accessor.h -MMD -MT dependencies -MF /Users/aadityasingh/Library/Developer/Xcode/DerivedData/Chatlio-erkyzdeecsohoaggpwbjdvavzqfv/Build/Intermediates.noindex/DTCoreText.build/Debug-iphonesimulator/DTCoreText.build/Objects-normal/arm64/DTTextBlock.d --serialize-diagnostics /Users/aadityasingh/Library/Developer/Xcode/DerivedData/Chatlio-erkyzdeecsohoaggpwbjdvavzqfv/Build/Intermediates.noindex/DTCoreText.build/Debug-iphonesimulator/DTCoreText.build/Objects-normal/arm64/DTTextBlock.dia -c /Users/aadityasingh/Library/Developer/Xcode/DerivedData/Chatlio-erkyzdeecsohoaggpwbjdvavzqfv/SourcePackages/checkouts/DTCoreText/Core/Source/DTTextBlock.m -o /Users/aadityasingh/Library/Developer/Xcode/DerivedData/Chatlio-erkyzdeecsohoaggpwbjdvavzqfv/Build/Intermediates.noindex/DTCoreText.build/Debug-iphonesimulator/DTCoreText.build/Objects-normal/arm64/DTTextBlock.o -index-unit-output-path /DTCoreText.build/Debug-iphonesimulator/DTCoreText.build/Objects-normal/arm64/DTTextBlock.o

CompileC /Users/aadityasingh/Library/Developer/Xcode/DerivedData/Chatlio-erkyzdeecsohoaggpwbjdvavzqfv/Build/Intermediates.noindex/DTCoreText.build/Debug-iphonesimulator/DTCoreText.build/Objects-normal/arm64/DTImage+HTML.o /Users/aadityasingh/Library/Developer/Xcode/DerivedData/Chatlio-erkyzdeecsohoaggpwbjdvavzqfv/SourcePackages/checkouts/DTCoreText/Core/Source/DTImage+HTML.m normal arm64 objective-c com.apple.compilers.llvm.clang.1_0.compiler (in target 'DTCoreText' from project 'DTCoreText')
    cd /Users/aadityasingh/Documents/Development/element-x-ios/Chatlio.xcodeproj
    
    Using response file: /Users/aadityasingh/Library/Developer/Xcode/DerivedData/Chatlio-erkyzdeecsohoaggpwbjdvavzqfv/Build/Intermediates.noindex/DTCoreText.build/Debug-iphonesimulator/DTCoreText.build/Objects-normal/arm64/e6072d4f65d7061329687fe24e3d63a7-common-args.resp
    
    /Applications/Xcode.app/Contents/Developer/Toolchains/XcodeDefault.xctoolchain/usr/bin/clang -x objective-c -ivfsstatcache /Users/aadityasingh/Library/Developer/Xcode/DerivedData/SDKStatCaches.noindex/iphonesimulator26.4-23E252-686eebb5dc1d8ecb277353a59184f4aa.sdkstatcache -target arm64-apple-ios12.0-simulator -fmessage-length\=0 -fdiagnostics-show-note-include-stack -fmacro-backtrace-limit\=0 -fno-color-diagnostics -fmodules-prune-interval\=86400 -fmodules-prune-after\=345600 -fbuild-session-file\=/Users/aadityasingh/Library/Developer/Xcode/DerivedData/ModuleCache.noindex/Session.modulevalidation -fmodules-validate-once-per-build-session -Wnon-modular-include-in-framework-module -Werror\=non-modular-include-in-framework-module -Wno-trigraphs -Wno-missing-field-initializers -Wno-missing-prototypes -Wno-return-type -Wno-implicit-atomic-properties -Wno-objc-interface-ivars -Wno-arc-repeated-use-of-weak -Wno-missing-braces -Wparentheses -Wswitch -Wno-unused-function -Wno-unused-label -Wno-unused-parameter -Wno-unused-variable -Wunused-value -Wno-empty-body -Wno-uninitialized -Wno-unknown-pragmas -w -Wno-shadow -Wno-four-char-constants -Wno-conversion -Wno-constant-conversion -Wno-int-conversion -Wno-bool-conversion -Wno-enum-conversion -Wno-float-conversion -Wno-non-literal-null-conversion -Wno-objc-literal-conversion -Wshorten-64-to-32 -Wpointer-sign -Wno-newline-eof -Wno-selector -Wno-strict-selector-match -Wno-undeclared-selector -Wno-deprecated-implementations -Wno-implicit-fallthrough -isysroot /Applications/Xcode.app/Contents/Developer/Platforms/iPhoneSimulator.platform/Developer/SDKs/iPhoneSimulator26.4.sdk -fstrict-aliasing -Wprotocol -Wdeprecated-declarations -Wno-sign-conversion -Wno-infinite-recursion -Wno-comma -Wno-block-capture-autoreleasing -Wno-strict-prototypes -Wno-semicolon-before-method-body -index-store-path /Users/aadityasingh/Library/Developer/Xcode/DerivedData/Chatlio-erkyzdeecsohoaggpwbjdvavzqfv/Index.noindex/DataStore @/Users/aadityasingh/Library/Developer/Xcode/DerivedData/Chatlio-erkyzdeecsohoaggpwbjdvavzqfv/Build/Intermediates.noindex/DTCoreText.build/Debug-iphonesimulator/DTCoreText.build/Objects-normal/arm64/e6072d4f65d7061329687fe24e3d63a7-common-args.resp -include /Users/aadityasingh/Library/Developer/Xcode/DerivedData/Chatlio-erkyzdeecsohoaggpwbjdvavzqfv/Build/Intermediates.noindex/DTCoreText.build/Debug-iphonesimulator/DTCoreText.build/DerivedSources/resource_bundle_accessor.h -MMD -MT dependencies -MF /Users/aadityasingh/Library/Developer/Xcode/DerivedData/Chatlio-erkyzdeecsohoaggpwbjdvavzqfv/Build/Intermediates.noindex/DTCoreText.build/Debug-iphonesimulator/DTCoreText.build/Objects-normal/arm64/DTImage+HTML.d --serialize-diagnostics /Users/aadityasingh/Library/Developer/Xcode/DerivedData/Chatlio-erkyzdeecsohoaggpwbjdvavzqfv/Build/Intermediates.noindex/DTCoreText.build/Debug-iphonesimulator/DTCoreText.build/Objects-normal/arm64/DTImage+HTML.dia -c /Users/aadityasingh/Library/Developer/Xcode/DerivedData/Chatlio-erkyzdeecsohoaggpwbjdvavzqfv/SourcePackages/checkouts/DTCoreText/Core/Source/DTImage+HTML.m -o /Users/aadityasingh/Library/Developer/Xcode/DerivedData/Chatlio-erkyzdeecsohoaggpwbjdvavzqfv/Build/Intermediates.noindex/DTCoreText.build/Debug-iphonesimulator/DTCoreText.build/Objects-normal/arm64/DTImage+HTML.o -index-unit-output-path /DTCoreText.build/Debug-iphonesimulator/DTCoreText.build/Objects-normal/arm64/DTImage+HTML.o

CompileC /Users/aadityasingh/Library/Developer/Xcode/DerivedData/Chatlio-erkyzdeecsohoaggpwbjdvavzqfv/Build/Intermediates.noindex/DTCoreText.build/Debug-iphonesimulator/DTCoreText.build/Objects-normal/arm64/DTDictationPlaceholderView.o /Users/aadityasingh/Library/Developer/Xcode/DerivedData/Chatlio-erkyzdeecsohoaggpwbjdvavzqfv/SourcePackages/checkouts/DTCoreText/Core/Source/DTDictationPlaceholderView.m normal arm64 objective-c com.apple.compilers.llvm.clang.1_0.compiler (in target 'DTCoreText' from project 'DTCoreText')
    cd /Users/aadityasingh/Documents/Development/element-x-ios/Chatlio.xcodeproj
    
    Using response file: /Users/aadityasingh/Library/Developer/Xcode/DerivedData/Chatlio-erkyzdeecsohoaggpwbjdvavzqfv/Build/Intermediates.noindex/DTCoreText.build/Debug-iphonesimulator/DTCoreText.build/Objects-normal/arm64/e6072d4f65d7061329687fe24e3d63a7-common-args.resp
    
    /Applications/Xcode.app/Contents/Developer/Toolchains/XcodeDefault.xctoolchain/usr/bin/clang -x objective-c -ivfsstatcache /Users/aadityasingh/Library/Developer/Xcode/DerivedData/SDKStatCaches.noindex/iphonesimulator26.4-23E252-686eebb5dc1d8ecb277353a59184f4aa.sdkstatcache -target arm64-apple-ios12.0-simulator -fmessage-length\=0 -fdiagnostics-show-note-include-stack -fmacro-backtrace-limit\=0 -fno-color-diagnostics -fmodules-prune-interval\=86400 -fmodules-prune-after\=345600 -fbuild-session-file\=/Users/aadityasingh/Library/Developer/Xcode/DerivedData/ModuleCache.noindex/Session.modulevalidation -fmodules-validate-once-per-build-session -Wnon-modular-include-in-framework-module -Werror\=non-modular-include-in-framework-module -Wno-trigraphs -Wno-missing-field-initializers -Wno-missing-prototypes -Wno-return-type -Wno-implicit-atomic-properties -Wno-objc-interface-ivars -Wno-arc-repeated-use-of-weak -Wno-missing-braces -Wparentheses -Wswitch -Wno-unused-function -Wno-unused-label -Wno-unused-parameter -Wno-unused-variable -Wunused-value -Wno-empty-body -Wno-uninitialized -Wno-unknown-pragmas -w -Wno-shadow -Wno-four-char-constants -Wno-conversion -Wno-constant-conversion -Wno-int-conversion -Wno-bool-conversion -Wno-enum-conversion -Wno-float-conversion -Wno-non-literal-null-conversion -Wno-objc-literal-conversion -Wshorten-64-to-32 -Wpointer-sign -Wno-newline-eof -Wno-selector -Wno-strict-selector-match -Wno-undeclared-selector -Wno-deprecated-implementations -Wno-implicit-fallthrough -isysroot /Applications/Xcode.app/Contents/Developer/Platforms/iPhoneSimulator.platform/Developer/SDKs/iPhoneSimulator26.4.sdk -fstrict-aliasing -Wprotocol -Wdeprecated-declarations -Wno-sign-conversion -Wno-infinite-recursion -Wno-comma -Wno-block-capture-autoreleasing -Wno-strict-prototypes -Wno-semicolon-before-method-body -index-store-path /Users/aadityasingh/Library/Developer/Xcode/DerivedData/Chatlio-erkyzdeecsohoaggpwbjdvavzqfv/Index.noindex/DataStore @/Users/aadityasingh/Library/Developer/Xcode/DerivedData/Chatlio-erkyzdeecsohoaggpwbjdvavzqfv/Build/Intermediates.noindex/DTCoreText.build/Debug-iphonesimulator/DTCoreText.build/Objects-normal/arm64/e6072d4f65d7061329687fe24e3d63a7-common-args.resp -include /Users/aadityasingh/Library/Developer/Xcode/DerivedData/Chatlio-erkyzdeecsohoaggpwbjdvavzqfv/Build/Intermediates.noindex/DTCoreText.build/Debug-iphonesimulator/DTCoreText.build/DerivedSources/resource_bundle_accessor.h -MMD -MT dependencies -MF /Users/aadityasingh/Library/Developer/Xcode/DerivedData/Chatlio-erkyzdeecsohoaggpwbjdvavzqfv/Build/Intermediates.noindex/DTCoreText.build/Debug-iphonesimulator/DTCoreText.build/Objects-normal/arm64/DTDictationPlaceholderView.d --serialize-diagnostics /Users/aadityasingh/Library/Developer/Xcode/DerivedData/Chatlio-erkyzdeecsohoaggpwbjdvavzqfv/Build/Intermediates.noindex/DTCoreText.build/Debug-iphonesimulator/DTCoreText.build/Objects-normal/arm64/DTDictationPlaceholderView.dia -c /Users/aadityasingh/Library/Developer/Xcode/DerivedData/Chatlio-erkyzdeecsohoaggpwbjdvavzqfv/SourcePackages/checkouts/DTCoreText/Core/Source/DTDictationPlaceholderView.m -o /Users/aadityasingh/Library/Developer/Xcode/DerivedData/Chatlio-erkyzdeecsohoaggpwbjdvavzqfv/Build/Intermediates.noindex/DTCoreText.build/Debug-iphonesimulator/DTCoreText.build/Objects-normal/arm64/DTDictationPlaceholderView.o -index-unit-output-path /DTCoreText.build/Debug-iphonesimulator/DTCoreText.build/Objects-normal/arm64/DTDictationPlaceholderView.o

CompileC /Users/aadityasingh/Library/Developer/Xcode/DerivedData/Chatlio-erkyzdeecsohoaggpwbjdvavzqfv/Build/Intermediates.noindex/DTCoreText.build/Debug-iphonesimulator/DTCoreText.build/Objects-normal/arm64/DTDictationPlaceholderTextAttachment.o /Users/aadityasingh/Library/Developer/Xcode/DerivedData/Chatlio-erkyzdeecsohoaggpwbjdvavzqfv/SourcePackages/checkouts/DTCoreText/Core/Source/DTDictationPlaceholderTextAttachment.m normal arm64 objective-c com.apple.compilers.llvm.clang.1_0.compiler (in target 'DTCoreText' from project 'DTCoreText')
    cd /Users/aadityasingh/Documents/Development/element-x-ios/Chatlio.xcodeproj
    
    Using response file: /Users/aadityasingh/Library/Developer/Xcode/DerivedData/Chatlio-erkyzdeecsohoaggpwbjdvavzqfv/Build/Intermediates.noindex/DTCoreText.build/Debug-iphonesimulator/DTCoreText.build/Objects-normal/arm64/e6072d4f65d7061329687fe24e3d63a7-common-args.resp
    
    /Applications/Xcode.app/Contents/Developer/Toolchains/XcodeDefault.xctoolchain/usr/bin/clang -x objective-c -ivfsstatcache /Users/aadityasingh/Library/Developer/Xcode/DerivedData/SDKStatCaches.noindex/iphonesimulator26.4-23E252-686eebb5dc1d8ecb277353a59184f4aa.sdkstatcache -target arm64-apple-ios12.0-simulator -fmessage-length\=0 -fdiagnostics-show-note-include-stack -fmacro-backtrace-limit\=0 -fno-color-diagnostics -fmodules-prune-interval\=86400 -fmodules-prune-after\=345600 -fbuild-session-file\=/Users/aadityasingh/Library/Developer/Xcode/DerivedData/ModuleCache.noindex/Session.modulevalidation -fmodules-validate-once-per-build-session -Wnon-modular-include-in-framework-module -Werror\=non-modular-include-in-framework-module -Wno-trigraphs -Wno-missing-field-initializers -Wno-missing-prototypes -Wno-return-type -Wno-implicit-atomic-properties -Wno-objc-interface-ivars -Wno-arc-repeated-use-of-weak -Wno-missing-braces -Wparentheses -Wswitch -Wno-unused-function -Wno-unused-label -Wno-unused-parameter -Wno-unused-variable -Wunused-value -Wno-empty-body -Wno-uninitialized -Wno-unknown-pragmas -w -Wno-shadow -Wno-four-char-constants -Wno-conversion -Wno-constant-conversion -Wno-int-conversion -Wno-bool-conversion -Wno-enum-conversion -Wno-float-conversion -Wno-non-literal-null-conversion -Wno-objc-literal-conversion -Wshorten-64-to-32 -Wpointer-sign -Wno-newline-eof -Wno-selector -Wno-strict-selector-match -Wno-undeclared-selector -Wno-deprecated-implementations -Wno-implicit-fallthrough -isysroot /Applications/Xcode.app/Contents/Developer/Platforms/iPhoneSimulator.platform/Developer/SDKs/iPhoneSimulator26.4.sdk -fstrict-aliasing -Wprotocol -Wdeprecated-declarations -Wno-sign-conversion -Wno-infinite-recursion -Wno-comma -Wno-block-capture-autoreleasing -Wno-strict-prototypes -Wno-semicolon-before-method-body -index-store-path /Users/aadityasingh/Library/Developer/Xcode/DerivedData/Chatlio-erkyzdeecsohoaggpwbjdvavzqfv/Index.noindex/DataStore @/Users/aadityasingh/Library/Developer/Xcode/DerivedData/Chatlio-erkyzdeecsohoaggpwbjdvavzqfv/Build/Intermediates.noindex/DTCoreText.build/Debug-iphonesimulator/DTCoreText.build/Objects-normal/arm64/e6072d4f65d7061329687fe24e3d63a7-common-args.resp -include /Users/aadityasingh/Library/Developer/Xcode/DerivedData/Chatlio-erkyzdeecsohoaggpwbjdvavzqfv/Build/Intermediates.noindex/DTCoreText.build/Debug-iphonesimulator/DTCoreText.build/DerivedSources/resource_bundle_accessor.h -MMD -MT dependencies -MF /Users/aadityasingh/Library/Developer/Xcode/DerivedData/Chatlio-erkyzdeecsohoaggpwbjdvavzqfv/Build/Intermediates.noindex/DTCoreText.build/Debug-iphonesimulator/DTCoreText.build/Objects-normal/arm64/DTDictationPlaceholderTextAttachment.d --serialize-diagnostics /Users/aadityasingh/Library/Developer/Xcode/DerivedData/Chatlio-erkyzdeecsohoaggpwbjdvavzqfv/Build/Intermediates.noindex/DTCoreText.build/Debug-iphonesimulator/DTCoreText.build/Objects-normal/arm64/DTDictationPlaceholderTextAttachment.dia -c /Users/aadityasingh/Library/Developer/Xcode/DerivedData/Chatlio-erkyzdeecsohoaggpwbjdvavzqfv/SourcePackages/checkouts/DTCoreText/Core/Source/DTDictationPlaceholderTextAttachment.m -o /Users/aadityasingh/Library/Developer/Xcode/DerivedData/Chatlio-erkyzdeecsohoaggpwbjdvavzqfv/Build/Intermediates.noindex/DTCoreText.build/Debug-iphonesimulator/DTCoreText.build/Objects-normal/arm64/DTDictationPlaceholderTextAttachment.o -index-unit-output-path /DTCoreText.build/Debug-iphonesimulator/DTCoreText.build/Objects-normal/arm64/DTDictationPlaceholderTextAttachment.o

CompileC /Users/aadityasingh/Library/Developer/Xcode/DerivedData/Chatlio-erkyzdeecsohoaggpwbjdvavzqfv/Build/Intermediates.noindex/DTCoreText.build/Debug-iphonesimulator/DTCoreText.build/Objects-normal/arm64/DTCoreTextLayouter.o /Users/aadityasingh/Library/Developer/Xcode/DerivedData/Chatlio-erkyzdeecsohoaggpwbjdvavzqfv/SourcePackages/checkouts/DTCoreText/Core/Source/DTCoreTextLayouter.m normal arm64 objective-c com.apple.compilers.llvm.clang.1_0.compiler (in target 'DTCoreText' from project 'DTCoreText')
    cd /Users/aadityasingh/Documents/Development/element-x-ios/Chatlio.xcodeproj
    
    Using response file: /Users/aadityasingh/Library/Developer/Xcode/DerivedData/Chatlio-erkyzdeecsohoaggpwbjdvavzqfv/Build/Intermediates.noindex/DTCoreText.build/Debug-iphonesimulator/DTCoreText.build/Objects-normal/arm64/e6072d4f65d7061329687fe24e3d63a7-common-args.resp
    
    /Applications/Xcode.app/Contents/Developer/Toolchains/XcodeDefault.xctoolchain/usr/bin/clang -x objective-c -ivfsstatcache /Users/aadityasingh/Library/Developer/Xcode/DerivedData/SDKStatCaches.noindex/iphonesimulator26.4-23E252-686eebb5dc1d8ecb277353a59184f4aa.sdkstatcache -target arm64-apple-ios12.0-simulator -fmessage-length\=0 -fdiagnostics-show-note-include-stack -fmacro-backtrace-limit\=0 -fno-color-diagnostics -fmodules-prune-interval\=86400 -fmodules-prune-after\=345600 -fbuild-session-file\=/Users/aadityasingh/Library/Developer/Xcode/DerivedData/ModuleCache.noindex/Session.modulevalidation -fmodules-validate-once-per-build-session -Wnon-modular-include-in-framework-module -Werror\=non-modular-include-in-framework-module -Wno-trigraphs -Wno-missing-field-initializers -Wno-missing-prototypes -Wno-return-type -Wno-implicit-atomic-properties -Wno-objc-interface-ivars -Wno-arc-repeated-use-of-weak -Wno-missing-braces -Wparentheses -Wswitch -Wno-unused-function -Wno-unused-label -Wno-unused-parameter -Wno-unused-variable -Wunused-value -Wno-empty-body -Wno-uninitialized -Wno-unknown-pragmas -w -Wno-shadow -Wno-four-char-constants -Wno-conversion -Wno-constant-conversion -Wno-int-conversion -Wno-bool-conversion -Wno-enum-conversion -Wno-float-conversion -Wno-non-literal-null-conversion -Wno-objc-literal-conversion -Wshorten-64-to-32 -Wpointer-sign -Wno-newline-eof -Wno-selector -Wno-strict-selector-match -Wno-undeclared-selector -Wno-deprecated-implementations -Wno-implicit-fallthrough -isysroot /Applications/Xcode.app/Contents/Developer/Platforms/iPhoneSimulator.platform/Developer/SDKs/iPhoneSimulator26.4.sdk -fstrict-aliasing -Wprotocol -Wdeprecated-declarations -Wno-sign-conversion -Wno-infinite-recursion -Wno-comma -Wno-block-capture-autoreleasing -Wno-strict-prototypes -Wno-semicolon-before-method-body -index-store-path /Users/aadityasingh/Library/Developer/Xcode/DerivedData/Chatlio-erkyzdeecsohoaggpwbjdvavzqfv/Index.noindex/DataStore @/Users/aadityasingh/Library/Developer/Xcode/DerivedData/Chatlio-erkyzdeecsohoaggpwbjdvavzqfv/Build/Intermediates.noindex/DTCoreText.build/Debug-iphonesimulator/DTCoreText.build/Objects-normal/arm64/e6072d4f65d7061329687fe24e3d63a7-common-args.resp -include /Users/aadityasingh/Library/Developer/Xcode/DerivedData/Chatlio-erkyzdeecsohoaggpwbjdvavzqfv/Build/Intermediates.noindex/DTCoreText.build/Debug-iphonesimulator/DTCoreText.build/DerivedSources/resource_bundle_accessor.h -MMD -MT dependencies -MF /Users/aadityasingh/Library/Developer/Xcode/DerivedData/Chatlio-erkyzdeecsohoaggpwbjdvavzqfv/Build/Intermediates.noindex/DTCoreText.build/Debug-iphonesimulator/DTCoreText.build/Objects-normal/arm64/DTCoreTextLayouter.d --serialize-diagnostics /Users/aadityasingh/Library/Developer/Xcode/DerivedData/Chatlio-erkyzdeecsohoaggpwbjdvavzqfv/Build/Intermediates.noindex/DTCoreText.build/Debug-iphonesimulator/DTCoreText.build/Objects-normal/arm64/DTCoreTextLayouter.dia -c /Users/aadityasingh/Library/Developer/Xcode/DerivedData/Chatlio-erkyzdeecsohoaggpwbjdvavzqfv/SourcePackages/checkouts/DTCoreText/Core/Source/DTCoreTextLayouter.m -o /Users/aadityasingh/Library/Developer/Xcode/DerivedData/Chatlio-erkyzdeecsohoaggpwbjdvavzqfv/Build/Intermediates.noindex/DTCoreText.build/Debug-iphonesimulator/DTCoreText.build/Objects-normal/arm64/DTCoreTextLayouter.o -index-unit-output-path /DTCoreText.build/Debug-iphonesimulator/DTCoreText.build/Objects-normal/arm64/DTCoreTextLayouter.o

CompileC /Users/aadityasingh/Library/Developer/Xcode/DerivedData/Chatlio-erkyzdeecsohoaggpwbjdvavzqfv/Build/Intermediates.noindex/DTCoreText.build/Debug-iphonesimulator/DTCoreText.build/Objects-normal/arm64/DTCoreTextLayoutLine.o /Users/aadityasingh/Library/Developer/Xcode/DerivedData/Chatlio-erkyzdeecsohoaggpwbjdvavzqfv/SourcePackages/checkouts/DTCoreText/Core/Source/DTCoreTextLayoutLine.m normal arm64 objective-c com.apple.compilers.llvm.clang.1_0.compiler (in target 'DTCoreText' from project 'DTCoreText')
    cd /Users/aadityasingh/Documents/Development/element-x-ios/Chatlio.xcodeproj
    
    Using response file: /Users/aadityasingh/Library/Developer/Xcode/DerivedData/Chatlio-erkyzdeecsohoaggpwbjdvavzqfv/Build/Intermediates.noindex/DTCoreText.build/Debug-iphonesimulator/DTCoreText.build/Objects-normal/arm64/e6072d4f65d7061329687fe24e3d63a7-common-args.resp
    
    /Applications/Xcode.app/Contents/Developer/Toolchains/XcodeDefault.xctoolchain/usr/bin/clang -x objective-c -ivfsstatcache /Users/aadityasingh/Library/Developer/Xcode/DerivedData/SDKStatCaches.noindex/iphonesimulator26.4-23E252-686eebb5dc1d8ecb277353a59184f4aa.sdkstatcache -target arm64-apple-ios12.0-simulator -fmessage-length\=0 -fdiagnostics-show-note-include-stack -fmacro-backtrace-limit\=0 -fno-color-diagnostics -fmodules-prune-interval\=86400 -fmodules-prune-after\=345600 -fbuild-session-file\=/Users/aadityasingh/Library/Developer/Xcode/DerivedData/ModuleCache.noindex/Session.modulevalidation -fmodules-validate-once-per-build-session -Wnon-modular-include-in-framework-module -Werror\=non-modular-include-in-framework-module -Wno-trigraphs -Wno-missing-field-initializers -Wno-missing-prototypes -Wno-return-type -Wno-implicit-atomic-properties -Wno-objc-interface-ivars -Wno-arc-repeated-use-of-weak -Wno-missing-braces -Wparentheses -Wswitch -Wno-unused-function -Wno-unused-label -Wno-unused-parameter -Wno-unused-variable -Wunused-value -Wno-empty-body -Wno-uninitialized -Wno-unknown-pragmas -w -Wno-shadow -Wno-four-char-constants -Wno-conversion -Wno-constant-conversion -Wno-int-conversion -Wno-bool-conversion -Wno-enum-conversion -Wno-float-conversion -Wno-non-literal-null-conversion -Wno-objc-literal-conversion -Wshorten-64-to-32 -Wpointer-sign -Wno-newline-eof -Wno-selector -Wno-strict-selector-match -Wno-undeclared-selector -Wno-deprecated-implementations -Wno-implicit-fallthrough -isysroot /Applications/Xcode.app/Contents/Developer/Platforms/iPhoneSimulator.platform/Developer/SDKs/iPhoneSimulator26.4.sdk -fstrict-aliasing -Wprotocol -Wdeprecated-declarations -Wno-sign-conversion -Wno-infinite-recursion -Wno-comma -Wno-block-capture-autoreleasing -Wno-strict-prototypes -Wno-semicolon-before-method-body -index-store-path /Users/aadityasingh/Library/Developer/Xcode/DerivedData/Chatlio-erkyzdeecsohoaggpwbjdvavzqfv/Index.noindex/DataStore @/Users/aadityasingh/Library/Developer/Xcode/DerivedData/Chatlio-erkyzdeecsohoaggpwbjdvavzqfv/Build/Intermediates.noindex/DTCoreText.build/Debug-iphonesimulator/DTCoreText.build/Objects-normal/arm64/e6072d4f65d7061329687fe24e3d63a7-common-args.resp -include /Users/aadityasingh/Library/Developer/Xcode/DerivedData/Chatlio-erkyzdeecsohoaggpwbjdvavzqfv/Build/Intermediates.noindex/DTCoreText.build/Debug-iphonesimulator/DTCoreText.build/DerivedSources/resource_bundle_accessor.h -MMD -MT dependencies -MF /Users/aadityasingh/Library/Developer/Xcode/DerivedData/Chatlio-erkyzdeecsohoaggpwbjdvavzqfv/Build/Intermediates.noindex/DTCoreText.build/Debug-iphonesimulator/DTCoreText.build/Objects-normal/arm64/DTCoreTextLayoutLine.d --serialize-diagnostics /Users/aadityasingh/Library/Developer/Xcode/DerivedData/Chatlio-erkyzdeecsohoaggpwbjdvavzqfv/Build/Intermediates.noindex/DTCoreText.build/Debug-iphonesimulator/DTCoreText.build/Objects-normal/arm64/DTCoreTextLayoutLine.dia -c /Users/aadityasingh/Library/Developer/Xcode/DerivedData/Chatlio-erkyzdeecsohoaggpwbjdvavzqfv/SourcePackages/checkouts/DTCoreText/Core/Source/DTCoreTextLayoutLine.m -o /Users/aadityasingh/Library/Developer/Xcode/DerivedData/Chatlio-erkyzdeecsohoaggpwbjdvavzqfv/Build/Intermediates.noindex/DTCoreText.build/Debug-iphonesimulator/DTCoreText.build/Objects-normal/arm64/DTCoreTextLayoutLine.o -index-unit-output-path /DTCoreText.build/Debug-iphonesimulator/DTCoreText.build/Objects-normal/arm64/DTCoreTextLayoutLine.o

CompileC /Users/aadityasingh/Library/Developer/Xcode/DerivedData/Chatlio-erkyzdeecsohoaggpwbjdvavzqfv/Build/Intermediates.noindex/DTCoreText.build/Debug-iphonesimulator/DTCoreText.build/Objects-normal/arm64/DTCoreTextLayoutFrameAccessibilityElementGenerator.o /Users/aadityasingh/Library/Developer/Xcode/DerivedData/Chatlio-erkyzdeecsohoaggpwbjdvavzqfv/SourcePackages/checkouts/DTCoreText/Core/Source/DTCoreTextLayoutFrameAccessibilityElementGenerator.m normal arm64 objective-c com.apple.compilers.llvm.clang.1_0.compiler (in target 'DTCoreText' from project 'DTCoreText')
    cd /Users/aadityasingh/Documents/Development/element-x-ios/Chatlio.xcodeproj
    
    Using response file: /Users/aadityasingh/Library/Developer/Xcode/DerivedData/Chatlio-erkyzdeecsohoaggpwbjdvavzqfv/Build/Intermediates.noindex/DTCoreText.build/Debug-iphonesimulator/DTCoreText.build/Objects-normal/arm64/e6072d4f65d7061329687fe24e3d63a7-common-args.resp
    
    /Applications/Xcode.app/Contents/Developer/Toolchains/XcodeDefault.xctoolchain/usr/bin/clang -x objective-c -ivfsstatcache /Users/aadityasingh/Library/Developer/Xcode/DerivedData/SDKStatCaches.noindex/iphonesimulator26.4-23E252-686eebb5dc1d8ecb277353a59184f4aa.sdkstatcache -target arm64-apple-ios12.0-simulator -fmessage-length\=0 -fdiagnostics-show-note-include-stack -fmacro-backtrace-limit\=0 -fno-color-diagnostics -fmodules-prune-interval\=86400 -fmodules-prune-after\=345600 -fbuild-session-file\=/Users/aadityasingh/Library/Developer/Xcode/DerivedData/ModuleCache.noindex/Session.modulevalidation -fmodules-validate-once-per-build-session -Wnon-modular-include-in-framework-module -Werror\=non-modular-include-in-framework-module -Wno-trigraphs -Wno-missing-field-initializers -Wno-missing-prototypes -Wno-return-type -Wno-implicit-atomic-properties -Wno-objc-interface-ivars -Wno-arc-repeated-use-of-weak -Wno-missing-braces -Wparentheses -Wswitch -Wno-unused-function -Wno-unused-label -Wno-unused-parameter -Wno-unused-variable -Wunused-value -Wno-empty-body -Wno-uninitialized -Wno-unknown-pragmas -w -Wno-shadow -Wno-four-char-constants -Wno-conversion -Wno-constant-conversion -Wno-int-conversion -Wno-bool-conversion -Wno-enum-conversion -Wno-float-conversion -Wno-non-literal-null-conversion -Wno-objc-literal-conversion -Wshorten-64-to-32 -Wpointer-sign -Wno-newline-eof -Wno-selector -Wno-strict-selector-match -Wno-undeclared-selector -Wno-deprecated-implementations -Wno-implicit-fallthrough -isysroot /Applications/Xcode.app/Contents/Developer/Platforms/iPhoneSimulator.platform/Developer/SDKs/iPhoneSimulator26.4.sdk -fstrict-aliasing -Wprotocol -Wdeprecated-declarations -Wno-sign-conversion -Wno-infinite-recursion -Wno-comma -Wno-block-capture-autoreleasing -Wno-strict-prototypes -Wno-semicolon-before-method-body -index-store-path /Users/aadityasingh/Library/Developer/Xcode/DerivedData/Chatlio-erkyzdeecsohoaggpwbjdvavzqfv/Index.noindex/DataStore @/Users/aadityasingh/Library/Developer/Xcode/DerivedData/Chatlio-erkyzdeecsohoaggpwbjdvavzqfv/Build/Intermediates.noindex/DTCoreText.build/Debug-iphonesimulator/DTCoreText.build/Objects-normal/arm64/e6072d4f65d7061329687fe24e3d63a7-common-args.resp -include /Users/aadityasingh/Library/Developer/Xcode/DerivedData/Chatlio-erkyzdeecsohoaggpwbjdvavzqfv/Build/Intermediates.noindex/DTCoreText.build/Debug-iphonesimulator/DTCoreText.build/DerivedSources/resource_bundle_accessor.h -MMD -MT dependencies -MF /Users/aadityasingh/Library/Developer/Xcode/DerivedData/Chatlio-erkyzdeecsohoaggpwbjdvavzqfv/Build/Intermediates.noindex/DTCoreText.build/Debug-iphonesimulator/DTCoreText.build/Objects-normal/arm64/DTCoreTextLayoutFrameAccessibilityElementGenerator.d --serialize-diagnostics /Users/aadityasingh/Library/Developer/Xcode/DerivedData/Chatlio-erkyzdeecsohoaggpwbjdvavzqfv/Build/Intermediates.noindex/DTCoreText.build/Debug-iphonesimulator/DTCoreText.build/Objects-normal/arm64/DTCoreTextLayoutFrameAccessibilityElementGenerator.dia -c /Users/aadityasingh/Library/Developer/Xcode/DerivedData/Chatlio-erkyzdeecsohoaggpwbjdvavzqfv/SourcePackages/checkouts/DTCoreText/Core/Source/DTCoreTextLayoutFrameAccessibilityElementGenerator.m -o /Users/aadityasingh/Library/Developer/Xcode/DerivedData/Chatlio-erkyzdeecsohoaggpwbjdvavzqfv/Build/Intermediates.noindex/DTCoreText.build/Debug-iphonesimulator/DTCoreText.build/Objects-normal/arm64/DTCoreTextLayoutFrameAccessibilityElementGenerator.o -index-unit-output-path /DTCoreText.build/Debug-iphonesimulator/DTCoreText.build/Objects-normal/arm64/DTCoreTextLayoutFrameAccessibilityElementGenerator.o

CompileC /Users/aadityasingh/Library/Developer/Xcode/DerivedData/Chatlio-erkyzdeecsohoaggpwbjdvavzqfv/Build/Intermediates.noindex/DTCoreText.build/Debug-iphonesimulator/DTCoreText.build/Objects-normal/arm64/DTCoreTextLayoutFrame+Cursor.o /Users/aadityasingh/Library/Developer/Xcode/DerivedData/Chatlio-erkyzdeecsohoaggpwbjdvavzqfv/SourcePackages/checkouts/DTCoreText/Core/Source/DTCoreTextLayoutFrame+Cursor.m normal arm64 objective-c com.apple.compilers.llvm.clang.1_0.compiler (in target 'DTCoreText' from project 'DTCoreText')
    cd /Users/aadityasingh/Documents/Development/element-x-ios/Chatlio.xcodeproj
    
    Using response file: /Users/aadityasingh/Library/Developer/Xcode/DerivedData/Chatlio-erkyzdeecsohoaggpwbjdvavzqfv/Build/Intermediates.noindex/DTCoreText.build/Debug-iphonesimulator/DTCoreText.build/Objects-normal/arm64/e6072d4f65d7061329687fe24e3d63a7-common-args.resp
    
    /Applications/Xcode.app/Contents/Developer/Toolchains/XcodeDefault.xctoolchain/usr/bin/clang -x objective-c -ivfsstatcache /Users/aadityasingh/Library/Developer/Xcode/DerivedData/SDKStatCaches.noindex/iphonesimulator26.4-23E252-686eebb5dc1d8ecb277353a59184f4aa.sdkstatcache -target arm64-apple-ios12.0-simulator -fmessage-length\=0 -fdiagnostics-show-note-include-stack -fmacro-backtrace-limit\=0 -fno-color-diagnostics -fmodules-prune-interval\=86400 -fmodules-prune-after\=345600 -fbuild-session-file\=/Users/aadityasingh/Library/Developer/Xcode/DerivedData/ModuleCache.noindex/Session.modulevalidation -fmodules-validate-once-per-build-session -Wnon-modular-include-in-framework-module -Werror\=non-modular-include-in-framework-module -Wno-trigraphs -Wno-missing-field-initializers -Wno-missing-prototypes -Wno-return-type -Wno-implicit-atomic-properties -Wno-objc-interface-ivars -Wno-arc-repeated-use-of-weak -Wno-missing-braces -Wparentheses -Wswitch -Wno-unused-function -Wno-unused-label -Wno-unused-parameter -Wno-unused-variable -Wunused-value -Wno-empty-body -Wno-uninitialized -Wno-unknown-pragmas -w -Wno-shadow -Wno-four-char-constants -Wno-conversion -Wno-constant-conversion -Wno-int-conversion -Wno-bool-conversion -Wno-enum-conversion -Wno-float-conversion -Wno-non-literal-null-conversion -Wno-objc-literal-conversion -Wshorten-64-to-32 -Wpointer-sign -Wno-newline-eof -Wno-selector -Wno-strict-selector-match -Wno-undeclared-selector -Wno-deprecated-implementations -Wno-implicit-fallthrough -isysroot /Applications/Xcode.app/Contents/Developer/Platforms/iPhoneSimulator.platform/Developer/SDKs/iPhoneSimulator26.4.sdk -fstrict-aliasing -Wprotocol -Wdeprecated-declarations -Wno-sign-conversion -Wno-infinite-recursion -Wno-comma -Wno-block-capture-autoreleasing -Wno-strict-prototypes -Wno-semicolon-before-method-body -index-store-path /Users/aadityasingh/Library/Developer/Xcode/DerivedData/Chatlio-erkyzdeecsohoaggpwbjdvavzqfv/Index.noindex/DataStore @/Users/aadityasingh/Library/Developer/Xcode/DerivedData/Chatlio-erkyzdeecsohoaggpwbjdvavzqfv/Build/Intermediates.noindex/DTCoreText.build/Debug-iphonesimulator/DTCoreText.build/Objects-normal/arm64/e6072d4f65d7061329687fe24e3d63a7-common-args.resp -include /Users/aadityasingh/Library/Developer/Xcode/DerivedData/Chatlio-erkyzdeecsohoaggpwbjdvavzqfv/Build/Intermediates.noindex/DTCoreText.build/Debug-iphonesimulator/DTCoreText.build/DerivedSources/resource_bundle_accessor.h -MMD -MT dependencies -MF /Users/aadityasingh/Library/Developer/Xcode/DerivedData/Chatlio-erkyzdeecsohoaggpwbjdvavzqfv/Build/Intermediates.noindex/DTCoreText.build/Debug-iphonesimulator/DTCoreText.build/Objects-normal/arm64/DTCoreTextLayoutFrame+Cursor.d --serialize-diagnostics /Users/aadityasingh/Library/Developer/Xcode/DerivedData/Chatlio-erkyzdeecsohoaggpwbjdvavzqfv/Build/Intermediates.noindex/DTCoreText.build/Debug-iphonesimulator/DTCoreText.build/Objects-normal/arm64/DTCoreTextLayoutFrame+Cursor.dia -c /Users/aadityasingh/Library/Developer/Xcode/DerivedData/Chatlio-erkyzdeecsohoaggpwbjdvavzqfv/SourcePackages/checkouts/DTCoreText/Core/Source/DTCoreTextLayoutFrame+Cursor.m -o /Users/aadityasingh/Library/Developer/Xcode/DerivedData/Chatlio-erkyzdeecsohoaggpwbjdvavzqfv/Build/Intermediates.noindex/DTCoreText.build/Debug-iphonesimulator/DTCoreText.build/Objects-normal/arm64/DTCoreTextLayoutFrame+Cursor.o -index-unit-output-path /DTCoreText.build/Debug-iphonesimulator/DTCoreText.build/Objects-normal/arm64/DTCoreTextLayoutFrame+Cursor.o

CompileC /Users/aadityasingh/Library/Developer/Xcode/DerivedData/Chatlio-erkyzdeecsohoaggpwbjdvavzqfv/Build/Intermediates.noindex/DTCoreText.build/Debug-iphonesimulator/DTCoreText.build/Objects-normal/arm64/DTCoreTextFontDescriptor.o /Users/aadityasingh/Library/Developer/Xcode/DerivedData/Chatlio-erkyzdeecsohoaggpwbjdvavzqfv/SourcePackages/checkouts/DTCoreText/Core/Source/DTCoreTextFontDescriptor.m normal arm64 objective-c com.apple.compilers.llvm.clang.1_0.compiler (in target 'DTCoreText' from project 'DTCoreText')
    cd /Users/aadityasingh/Documents/Development/element-x-ios/Chatlio.xcodeproj
    
    Using response file: /Users/aadityasingh/Library/Developer/Xcode/DerivedData/Chatlio-erkyzdeecsohoaggpwbjdvavzqfv/Build/Intermediates.noindex/DTCoreText.build/Debug-iphonesimulator/DTCoreText.build/Objects-normal/arm64/e6072d4f65d7061329687fe24e3d63a7-common-args.resp
    
    /Applications/Xcode.app/Contents/Developer/Toolchains/XcodeDefault.xctoolchain/usr/bin/clang -x objective-c -ivfsstatcache /Users/aadityasingh/Library/Developer/Xcode/DerivedData/SDKStatCaches.noindex/iphonesimulator26.4-23E252-686eebb5dc1d8ecb277353a59184f4aa.sdkstatcache -target arm64-apple-ios12.0-simulator -fmessage-length\=0 -fdiagnostics-show-note-include-stack -fmacro-backtrace-limit\=0 -fno-color-diagnostics -fmodules-prune-interval\=86400 -fmodules-prune-after\=345600 -fbuild-session-file\=/Users/aadityasingh/Library/Developer/Xcode/DerivedData/ModuleCache.noindex/Session.modulevalidation -fmodules-validate-once-per-build-session -Wnon-modular-include-in-framework-module -Werror\=non-modular-include-in-framework-module -Wno-trigraphs -Wno-missing-field-initializers -Wno-missing-prototypes -Wno-return-type -Wno-implicit-atomic-properties -Wno-objc-interface-ivars -Wno-arc-repeated-use-of-weak -Wno-missing-braces -Wparentheses -Wswitch -Wno-unused-function -Wno-unused-label -Wno-unused-parameter -Wno-unused-variable -Wunused-value -Wno-empty-body -Wno-uninitialized -Wno-unknown-pragmas -w -Wno-shadow -Wno-four-char-constants -Wno-conversion -Wno-constant-conversion -Wno-int-conversion -Wno-bool-conversion -Wno-enum-conversion -Wno-float-conversion -Wno-non-literal-null-conversion -Wno-objc-literal-conversion -Wshorten-64-to-32 -Wpointer-sign -Wno-newline-eof -Wno-selector -Wno-strict-selector-match -Wno-undeclared-selector -Wno-deprecated-implementations -Wno-implicit-fallthrough -isysroot /Applications/Xcode.app/Contents/Developer/Platforms/iPhoneSimulator.platform/Developer/SDKs/iPhoneSimulator26.4.sdk -fstrict-aliasing -Wprotocol -Wdeprecated-declarations -Wno-sign-conversion -Wno-infinite-recursion -Wno-comma -Wno-block-capture-autoreleasing -Wno-strict-prototypes -Wno-semicolon-before-method-body -index-store-path /Users/aadityasingh/Library/Developer/Xcode/DerivedData/Chatlio-erkyzdeecsohoaggpwbjdvavzqfv/Index.noindex/DataStore @/Users/aadityasingh/Library/Developer/Xcode/DerivedData/Chatlio-erkyzdeecsohoaggpwbjdvavzqfv/Build/Intermediates.noindex/DTCoreText.build/Debug-iphonesimulator/DTCoreText.build/Objects-normal/arm64/e6072d4f65d7061329687fe24e3d63a7-common-args.resp -include /Users/aadityasingh/Library/Developer/Xcode/DerivedData/Chatlio-erkyzdeecsohoaggpwbjdvavzqfv/Build/Intermediates.noindex/DTCoreText.build/Debug-iphonesimulator/DTCoreText.build/DerivedSources/resource_bundle_accessor.h -MMD -MT dependencies -MF /Users/aadityasingh/Library/Developer/Xcode/DerivedData/Chatlio-erkyzdeecsohoaggpwbjdvavzqfv/Build/Intermediates.noindex/DTCoreText.build/Debug-iphonesimulator/DTCoreText.build/Objects-normal/arm64/DTCoreTextFontDescriptor.d --serialize-diagnostics /Users/aadityasingh/Library/Developer/Xcode/DerivedData/Chatlio-erkyzdeecsohoaggpwbjdvavzqfv/Build/Intermediates.noindex/DTCoreText.build/Debug-iphonesimulator/DTCoreText.build/Objects-normal/arm64/DTCoreTextFontDescriptor.dia -c /Users/aadityasingh/Library/Developer/Xcode/DerivedData/Chatlio-erkyzdeecsohoaggpwbjdvavzqfv/SourcePackages/checkouts/DTCoreText/Core/Source/DTCoreTextFontDescriptor.m -o /Users/aadityasingh/Library/Developer/Xcode/DerivedData/Chatlio-erkyzdeecsohoaggpwbjdvavzqfv/Build/Intermediates.noindex/DTCoreText.build/Debug-iphonesimulator/DTCoreText.build/Objects-normal/arm64/DTCoreTextFontDescriptor.o -index-unit-output-path /DTCoreText.build/Debug-iphonesimulator/DTCoreText.build/Objects-normal/arm64/DTCoreTextFontDescriptor.o

CompileC /Users/aadityasingh/Library/Developer/Xcode/DerivedData/Chatlio-erkyzdeecsohoaggpwbjdvavzqfv/Build/Intermediates.noindex/DTCoreText.build/Debug-iphonesimulator/DTCoreText.build/Objects-normal/arm64/DTCoreTextFontCollection.o /Users/aadityasingh/Library/Developer/Xcode/DerivedData/Chatlio-erkyzdeecsohoaggpwbjdvavzqfv/SourcePackages/checkouts/DTCoreText/Core/Source/DTCoreTextFontCollection.m normal arm64 objective-c com.apple.compilers.llvm.clang.1_0.compiler (in target 'DTCoreText' from project 'DTCoreText')
    cd /Users/aadityasingh/Documents/Development/element-x-ios/Chatlio.xcodeproj
    
    Using response file: /Users/aadityasingh/Library/Developer/Xcode/DerivedData/Chatlio-erkyzdeecsohoaggpwbjdvavzqfv/Build/Intermediates.noindex/DTCoreText.build/Debug-iphonesimulator/DTCoreText.build/Objects-normal/arm64/e6072d4f65d7061329687fe24e3d63a7-common-args.resp
    
    /Applications/Xcode.app/Contents/Developer/Toolchains/XcodeDefault.xctoolchain/usr/bin/clang -x objective-c -ivfsstatcache /Users/aadityasingh/Library/Developer/Xcode/DerivedData/SDKStatCaches.noindex/iphonesimulator26.4-23E252-686eebb5dc1d8ecb277353a59184f4aa.sdkstatcache -target arm64-apple-ios12.0-simulator -fmessage-length\=0 -fdiagnostics-show-note-include-stack -fmacro-backtrace-limit\=0 -fno-color-diagnostics -fmodules-prune-interval\=86400 -fmodules-prune-after\=345600 -fbuild-session-file\=/Users/aadityasingh/Library/Developer/Xcode/DerivedData/ModuleCache.noindex/Session.modulevalidation -fmodules-validate-once-per-build-session -Wnon-modular-include-in-framework-module -Werror\=non-modular-include-in-framework-module -Wno-trigraphs -Wno-missing-field-initializers -Wno-missing-prototypes -Wno-return-type -Wno-implicit-atomic-properties -Wno-objc-interface-ivars -Wno-arc-repeated-use-of-weak -Wno-missing-braces -Wparentheses -Wswitch -Wno-unused-function -Wno-unused-label -Wno-unused-parameter -Wno-unused-variable -Wunused-value -Wno-empty-body -Wno-uninitialized -Wno-unknown-pragmas -w -Wno-shadow -Wno-four-char-constants -Wno-conversion -Wno-constant-conversion -Wno-int-conversion -Wno-bool-conversion -Wno-enum-conversion -Wno-float-conversion -Wno-non-literal-null-conversion -Wno-objc-literal-conversion -Wshorten-64-to-32 -Wpointer-sign -Wno-newline-eof -Wno-selector -Wno-strict-selector-match -Wno-undeclared-selector -Wno-deprecated-implementations -Wno-implicit-fallthrough -isysroot /Applications/Xcode.app/Contents/Developer/Platforms/iPhoneSimulator.platform/Developer/SDKs/iPhoneSimulator26.4.sdk -fstrict-aliasing -Wprotocol -Wdeprecated-declarations -Wno-sign-conversion -Wno-infinite-recursion -Wno-comma -Wno-block-capture-autoreleasing -Wno-strict-prototypes -Wno-semicolon-before-method-body -index-store-path /Users/aadityasingh/Library/Developer/Xcode/DerivedData/Chatlio-erkyzdeecsohoaggpwbjdvavzqfv/Index.noindex/DataStore @/Users/aadityasingh/Library/Developer/Xcode/DerivedData/Chatlio-erkyzdeecsohoaggpwbjdvavzqfv/Build/Intermediates.noindex/DTCoreText.build/Debug-iphonesimulator/DTCoreText.build/Objects-normal/arm64/e6072d4f65d7061329687fe24e3d63a7-common-args.resp -include /Users/aadityasingh/Library/Developer/Xcode/DerivedData/Chatlio-erkyzdeecsohoaggpwbjdvavzqfv/Build/Intermediates.noindex/DTCoreText.build/Debug-iphonesimulator/DTCoreText.build/DerivedSources/resource_bundle_accessor.h -MMD -MT dependencies -MF /Users/aadityasingh/Library/Developer/Xcode/DerivedData/Chatlio-erkyzdeecsohoaggpwbjdvavzqfv/Build/Intermediates.noindex/DTCoreText.build/Debug-iphonesimulator/DTCoreText.build/Objects-normal/arm64/DTCoreTextFontCollection.d --serialize-diagnostics /Users/aadityasingh/Library/Developer/Xcode/DerivedData/Chatlio-erkyzdeecsohoaggpwbjdvavzqfv/Build/Intermediates.noindex/DTCoreText.build/Debug-iphonesimulator/DTCoreText.build/Objects-normal/arm64/DTCoreTextFontCollection.dia -c /Users/aadityasingh/Library/Developer/Xcode/DerivedData/Chatlio-erkyzdeecsohoaggpwbjdvavzqfv/SourcePackages/checkouts/DTCoreText/Core/Source/DTCoreTextFontCollection.m -o /Users/aadityasingh/Library/Developer/Xcode/DerivedData/Chatlio-erkyzdeecsohoaggpwbjdvavzqfv/Build/Intermediates.noindex/DTCoreText.build/Debug-iphonesimulator/DTCoreText.build/Objects-normal/arm64/DTCoreTextFontCollection.o -index-unit-output-path /DTCoreText.build/Debug-iphonesimulator/DTCoreText.build/Objects-normal/arm64/DTCoreTextFontCollection.o

CompileC /Users/aadityasingh/Library/Developer/Xcode/DerivedData/Chatlio-erkyzdeecsohoaggpwbjdvavzqfv/Build/Intermediates.noindex/DTCoreText.build/Debug-iphonesimulator/DTCoreText.build/Objects-normal/arm64/DTCoreTextConstants.o /Users/aadityasingh/Library/Developer/Xcode/DerivedData/Chatlio-erkyzdeecsohoaggpwbjdvavzqfv/SourcePackages/checkouts/DTCoreText/Core/Source/DTCoreTextConstants.m normal arm64 objective-c com.apple.compilers.llvm.clang.1_0.compiler (in target 'DTCoreText' from project 'DTCoreText')
    cd /Users/aadityasingh/Documents/Development/element-x-ios/Chatlio.xcodeproj
    
    Using response file: /Users/aadityasingh/Library/Developer/Xcode/DerivedData/Chatlio-erkyzdeecsohoaggpwbjdvavzqfv/Build/Intermediates.noindex/DTCoreText.build/Debug-iphonesimulator/DTCoreText.build/Objects-normal/arm64/e6072d4f65d7061329687fe24e3d63a7-common-args.resp
    
    /Applications/Xcode.app/Contents/Developer/Toolchains/XcodeDefault.xctoolchain/usr/bin/clang -x objective-c -ivfsstatcache /Users/aadityasingh/Library/Developer/Xcode/DerivedData/SDKStatCaches.noindex/iphonesimulator26.4-23E252-686eebb5dc1d8ecb277353a59184f4aa.sdkstatcache -target arm64-apple-ios12.0-simulator -fmessage-length\=0 -fdiagnostics-show-note-include-stack -fmacro-backtrace-limit\=0 -fno-color-diagnostics -fmodules-prune-interval\=86400 -fmodules-prune-after\=345600 -fbuild-session-file\=/Users/aadityasingh/Library/Developer/Xcode/DerivedData/ModuleCache.noindex/Session.modulevalidation -fmodules-validate-once-per-build-session -Wnon-modular-include-in-framework-module -Werror\=non-modular-include-in-framework-module -Wno-trigraphs -Wno-missing-field-initializers -Wno-missing-prototypes -Wno-return-type -Wno-implicit-atomic-properties -Wno-objc-interface-ivars -Wno-arc-repeated-use-of-weak -Wno-missing-braces -Wparentheses -Wswitch -Wno-unused-function -Wno-unused-label -Wno-unused-parameter -Wno-unused-variable -Wunused-value -Wno-empty-body -Wno-uninitialized -Wno-unknown-pragmas -w -Wno-shadow -Wno-four-char-constants -Wno-conversion -Wno-constant-conversion -Wno-int-conversion -Wno-bool-conversion -Wno-enum-conversion -Wno-float-conversion -Wno-non-literal-null-conversion -Wno-objc-literal-conversion -Wshorten-64-to-32 -Wpointer-sign -Wno-newline-eof -Wno-selector -Wno-strict-selector-match -Wno-undeclared-selector -Wno-deprecated-implementations -Wno-implicit-fallthrough -isysroot /Applications/Xcode.app/Contents/Developer/Platforms/iPhoneSimulator.platform/Developer/SDKs/iPhoneSimulator26.4.sdk -fstrict-aliasing -Wprotocol -Wdeprecated-declarations -Wno-sign-conversion -Wno-infinite-recursion -Wno-comma -Wno-block-capture-autoreleasing -Wno-strict-prototypes -Wno-semicolon-before-method-body -index-store-path /Users/aadityasingh/Library/Developer/Xcode/DerivedData/Chatlio-erkyzdeecsohoaggpwbjdvavzqfv/Index.noindex/DataStore @/Users/aadityasingh/Library/Developer/Xcode/DerivedData/Chatlio-erkyzdeecsohoaggpwbjdvavzqfv/Build/Intermediates.noindex/DTCoreText.build/Debug-iphonesimulator/DTCoreText.build/Objects-normal/arm64/e6072d4f65d7061329687fe24e3d63a7-common-args.resp -include /Users/aadityasingh/Library/Developer/Xcode/DerivedData/Chatlio-erkyzdeecsohoaggpwbjdvavzqfv/Build/Intermediates.noindex/DTCoreText.build/Debug-iphonesimulator/DTCoreText.build/DerivedSources/resource_bundle_accessor.h -MMD -MT dependencies -MF /Users/aadityasingh/Library/Developer/Xcode/DerivedData/Chatlio-erkyzdeecsohoaggpwbjdvavzqfv/Build/Intermediates.noindex/DTCoreText.build/Debug-iphonesimulator/DTCoreText.build/Objects-normal/arm64/DTCoreTextConstants.d --serialize-diagnostics /Users/aadityasingh/Library/Developer/Xcode/DerivedData/Chatlio-erkyzdeecsohoaggpwbjdvavzqfv/Build/Intermediates.noindex/DTCoreText.build/Debug-iphonesimulator/DTCoreText.build/Objects-normal/arm64/DTCoreTextConstants.dia -c /Users/aadityasingh/Library/Developer/Xcode/DerivedData/Chatlio-erkyzdeecsohoaggpwbjdvavzqfv/SourcePackages/checkouts/DTCoreText/Core/Source/DTCoreTextConstants.m -o /Users/aadityasingh/Library/Developer/Xcode/DerivedData/Chatlio-erkyzdeecsohoaggpwbjdvavzqfv/Build/Intermediates.noindex/DTCoreText.build/Debug-iphonesimulator/DTCoreText.build/Objects-normal/arm64/DTCoreTextConstants.o -index-unit-output-path /DTCoreText.build/Debug-iphonesimulator/DTCoreText.build/Objects-normal/arm64/DTCoreTextConstants.o

CompileC /Users/aadityasingh/Library/Developer/Xcode/DerivedData/Chatlio-erkyzdeecsohoaggpwbjdvavzqfv/Build/Intermediates.noindex/DTCoreText.build/Debug-iphonesimulator/DTCoreText.build/Objects-normal/arm64/DTColorFunctions.o /Users/aadityasingh/Library/Developer/Xcode/DerivedData/Chatlio-erkyzdeecsohoaggpwbjdvavzqfv/SourcePackages/checkouts/DTCoreText/Core/Source/DTColorFunctions.m normal arm64 objective-c com.apple.compilers.llvm.clang.1_0.compiler (in target 'DTCoreText' from project 'DTCoreText')
    cd /Users/aadityasingh/Documents/Development/element-x-ios/Chatlio.xcodeproj
    
    Using response file: /Users/aadityasingh/Library/Developer/Xcode/DerivedData/Chatlio-erkyzdeecsohoaggpwbjdvavzqfv/Build/Intermediates.noindex/DTCoreText.build/Debug-iphonesimulator/DTCoreText.build/Objects-normal/arm64/e6072d4f65d7061329687fe24e3d63a7-common-args.resp
    
    /Applications/Xcode.app/Contents/Developer/Toolchains/XcodeDefault.xctoolchain/usr/bin/clang -x objective-c -ivfsstatcache /Users/aadityasingh/Library/Developer/Xcode/DerivedData/SDKStatCaches.noindex/iphonesimulator26.4-23E252-686eebb5dc1d8ecb277353a59184f4aa.sdkstatcache -target arm64-apple-ios12.0-simulator -fmessage-length\=0 -fdiagnostics-show-note-include-stack -fmacro-backtrace-limit\=0 -fno-color-diagnostics -fmodules-prune-interval\=86400 -fmodules-prune-after\=345600 -fbuild-session-file\=/Users/aadityasingh/Library/Developer/Xcode/DerivedData/ModuleCache.noindex/Session.modulevalidation -fmodules-validate-once-per-build-session -Wnon-modular-include-in-framework-module -Werror\=non-modular-include-in-framework-module -Wno-trigraphs -Wno-missing-field-initializers -Wno-missing-prototypes -Wno-return-type -Wno-implicit-atomic-properties -Wno-objc-interface-ivars -Wno-arc-repeated-use-of-weak -Wno-missing-braces -Wparentheses -Wswitch -Wno-unused-function -Wno-unused-label -Wno-unused-parameter -Wno-unused-variable -Wunused-value -Wno-empty-body -Wno-uninitialized -Wno-unknown-pragmas -w -Wno-shadow -Wno-four-char-constants -Wno-conversion -Wno-constant-conversion -Wno-int-conversion -Wno-bool-conversion -Wno-enum-conversion -Wno-float-conversion -Wno-non-literal-null-conversion -Wno-objc-literal-conversion -Wshorten-64-to-32 -Wpointer-sign -Wno-newline-eof -Wno-selector -Wno-strict-selector-match -Wno-undeclared-selector -Wno-deprecated-implementations -Wno-implicit-fallthrough -isysroot /Applications/Xcode.app/Contents/Developer/Platforms/iPhoneSimulator.platform/Developer/SDKs/iPhoneSimulator26.4.sdk -fstrict-aliasing -Wprotocol -Wdeprecated-declarations -Wno-sign-conversion -Wno-infinite-recursion -Wno-comma -Wno-block-capture-autoreleasing -Wno-strict-prototypes -Wno-semicolon-before-method-body -index-store-path /Users/aadityasingh/Library/Developer/Xcode/DerivedData/Chatlio-erkyzdeecsohoaggpwbjdvavzqfv/Index.noindex/DataStore @/Users/aadityasingh/Library/Developer/Xcode/DerivedData/Chatlio-erkyzdeecsohoaggpwbjdvavzqfv/Build/Intermediates.noindex/DTCoreText.build/Debug-iphonesimulator/DTCoreText.build/Objects-normal/arm64/e6072d4f65d7061329687fe24e3d63a7-common-args.resp -include /Users/aadityasingh/Library/Developer/Xcode/DerivedData/Chatlio-erkyzdeecsohoaggpwbjdvavzqfv/Build/Intermediates.noindex/DTCoreText.build/Debug-iphonesimulator/DTCoreText.build/DerivedSources/resource_bundle_accessor.h -MMD -MT dependencies -MF /Users/aadityasingh/Library/Developer/Xcode/DerivedData/Chatlio-erkyzdeecsohoaggpwbjdvavzqfv/Build/Intermediates.noindex/DTCoreText.build/Debug-iphonesimulator/DTCoreText.build/Objects-normal/arm64/DTColorFunctions.d --serialize-diagnostics /Users/aadityasingh/Library/Developer/Xcode/DerivedData/Chatlio-erkyzdeecsohoaggpwbjdvavzqfv/Build/Intermediates.noindex/DTCoreText.build/Debug-iphonesimulator/DTCoreText.build/Objects-normal/arm64/DTColorFunctions.dia -c /Users/aadityasingh/Library/Developer/Xcode/DerivedData/Chatlio-erkyzdeecsohoaggpwbjdvavzqfv/SourcePackages/checkouts/DTCoreText/Core/Source/DTColorFunctions.m -o /Users/aadityasingh/Library/Developer/Xcode/DerivedData/Chatlio-erkyzdeecsohoaggpwbjdvavzqfv/Build/Intermediates.noindex/DTCoreText.build/Debug-iphonesimulator/DTCoreText.build/Objects-normal/arm64/DTColorFunctions.o -index-unit-output-path /DTCoreText.build/Debug-iphonesimulator/DTCoreText.build/Objects-normal/arm64/DTColorFunctions.o

CompileC /Users/aadityasingh/Library/Developer/Xcode/DerivedData/Chatlio-erkyzdeecsohoaggpwbjdvavzqfv/Build/Intermediates.noindex/DTCoreText.build/Debug-iphonesimulator/DTCoreText.build/Objects-normal/arm64/DTColor+Compatibility.o /Users/aadityasingh/Library/Developer/Xcode/DerivedData/Chatlio-erkyzdeecsohoaggpwbjdvavzqfv/SourcePackages/checkouts/DTCoreText/Core/Source/DTColor+Compatibility.m normal arm64 objective-c com.apple.compilers.llvm.clang.1_0.compiler (in target 'DTCoreText' from project 'DTCoreText')
    cd /Users/aadityasingh/Documents/Development/element-x-ios/Chatlio.xcodeproj
    
    Using response file: /Users/aadityasingh/Library/Developer/Xcode/DerivedData/Chatlio-erkyzdeecsohoaggpwbjdvavzqfv/Build/Intermediates.noindex/DTCoreText.build/Debug-iphonesimulator/DTCoreText.build/Objects-normal/arm64/e6072d4f65d7061329687fe24e3d63a7-common-args.resp
    
    /Applications/Xcode.app/Contents/Developer/Toolchains/XcodeDefault.xctoolchain/usr/bin/clang -x objective-c -ivfsstatcache /Users/aadityasingh/Library/Developer/Xcode/DerivedData/SDKStatCaches.noindex/iphonesimulator26.4-23E252-686eebb5dc1d8ecb277353a59184f4aa.sdkstatcache -target arm64-apple-ios12.0-simulator -fmessage-length\=0 -fdiagnostics-show-note-include-stack -fmacro-backtrace-limit\=0 -fno-color-diagnostics -fmodules-prune-interval\=86400 -fmodules-prune-after\=345600 -fbuild-session-file\=/Users/aadityasingh/Library/Developer/Xcode/DerivedData/ModuleCache.noindex/Session.modulevalidation -fmodules-validate-once-per-build-session -Wnon-modular-include-in-framework-module -Werror\=non-modular-include-in-framework-module -Wno-trigraphs -Wno-missing-field-initializers -Wno-missing-prototypes -Wno-return-type -Wno-implicit-atomic-properties -Wno-objc-interface-ivars -Wno-arc-repeated-use-of-weak -Wno-missing-braces -Wparentheses -Wswitch -Wno-unused-function -Wno-unused-label -Wno-unused-parameter -Wno-unused-variable -Wunused-value -Wno-empty-body -Wno-uninitialized -Wno-unknown-pragmas -w -Wno-shadow -Wno-four-char-constants -Wno-conversion -Wno-constant-conversion -Wno-int-conversion -Wno-bool-conversion -Wno-enum-conversion -Wno-float-conversion -Wno-non-literal-null-conversion -Wno-objc-literal-conversion -Wshorten-64-to-32 -Wpointer-sign -Wno-newline-eof -Wno-selector -Wno-strict-selector-match -Wno-undeclared-selector -Wno-deprecated-implementations -Wno-implicit-fallthrough -isysroot /Applications/Xcode.app/Contents/Developer/Platforms/iPhoneSimulator.platform/Developer/SDKs/iPhoneSimulator26.4.sdk -fstrict-aliasing -Wprotocol -Wdeprecated-declarations -Wno-sign-conversion -Wno-infinite-recursion -Wno-comma -Wno-block-capture-autoreleasing -Wno-strict-prototypes -Wno-semicolon-before-method-body -index-store-path /Users/aadityasingh/Library/Developer/Xcode/DerivedData/Chatlio-erkyzdeecsohoaggpwbjdvavzqfv/Index.noindex/DataStore @/Users/aadityasingh/Library/Developer/Xcode/DerivedData/Chatlio-erkyzdeecsohoaggpwbjdvavzqfv/Build/Intermediates.noindex/DTCoreText.build/Debug-iphonesimulator/DTCoreText.build/Objects-normal/arm64/e6072d4f65d7061329687fe24e3d63a7-common-args.resp -include /Users/aadityasingh/Library/Developer/Xcode/DerivedData/Chatlio-erkyzdeecsohoaggpwbjdvavzqfv/Build/Intermediates.noindex/DTCoreText.build/Debug-iphonesimulator/DTCoreText.build/DerivedSources/resource_bundle_accessor.h -MMD -MT dependencies -MF /Users/aadityasingh/Library/Developer/Xcode/DerivedData/Chatlio-erkyzdeecsohoaggpwbjdvavzqfv/Build/Intermediates.noindex/DTCoreText.build/Debug-iphonesimulator/DTCoreText.build/Objects-normal/arm64/DTColor+Compatibility.d --serialize-diagnostics /Users/aadityasingh/Library/Developer/Xcode/DerivedData/Chatlio-erkyzdeecsohoaggpwbjdvavzqfv/Build/Intermediates.noindex/DTCoreText.build/Debug-iphonesimulator/DTCoreText.build/Objects-normal/arm64/DTColor+Compatibility.dia -c /Users/aadityasingh/Library/Developer/Xcode/DerivedData/Chatlio-erkyzdeecsohoaggpwbjdvavzqfv/SourcePackages/checkouts/DTCoreText/Core/Source/DTColor+Compatibility.m -o /Users/aadityasingh/Library/Developer/Xcode/DerivedData/Chatlio-erkyzdeecsohoaggpwbjdvavzqfv/Build/Intermediates.noindex/DTCoreText.build/Debug-iphonesimulator/DTCoreText.build/Objects-normal/arm64/DTColor+Compatibility.o -index-unit-output-path /DTCoreText.build/Debug-iphonesimulator/DTCoreText.build/Objects-normal/arm64/DTColor+Compatibility.o

CompileC /Users/aadityasingh/Library/Developer/Xcode/DerivedData/Chatlio-erkyzdeecsohoaggpwbjdvavzqfv/Build/Intermediates.noindex/DTCoreText.build/Debug-iphonesimulator/DTCoreText.build/Objects-normal/arm64/DTCSSListStyle.o /Users/aadityasingh/Library/Developer/Xcode/DerivedData/Chatlio-erkyzdeecsohoaggpwbjdvavzqfv/SourcePackages/checkouts/DTCoreText/Core/Source/DTCSSListStyle.m normal arm64 objective-c com.apple.compilers.llvm.clang.1_0.compiler (in target 'DTCoreText' from project 'DTCoreText')
    cd /Users/aadityasingh/Documents/Development/element-x-ios/Chatlio.xcodeproj
    
    Using response file: /Users/aadityasingh/Library/Developer/Xcode/DerivedData/Chatlio-erkyzdeecsohoaggpwbjdvavzqfv/Build/Intermediates.noindex/DTCoreText.build/Debug-iphonesimulator/DTCoreText.build/Objects-normal/arm64/e6072d4f65d7061329687fe24e3d63a7-common-args.resp
    
    /Applications/Xcode.app/Contents/Developer/Toolchains/XcodeDefault.xctoolchain/usr/bin/clang -x objective-c -ivfsstatcache /Users/aadityasingh/Library/Developer/Xcode/DerivedData/SDKStatCaches.noindex/iphonesimulator26.4-23E252-686eebb5dc1d8ecb277353a59184f4aa.sdkstatcache -target arm64-apple-ios12.0-simulator -fmessage-length\=0 -fdiagnostics-show-note-include-stack -fmacro-backtrace-limit\=0 -fno-color-diagnostics -fmodules-prune-interval\=86400 -fmodules-prune-after\=345600 -fbuild-session-file\=/Users/aadityasingh/Library/Developer/Xcode/DerivedData/ModuleCache.noindex/Session.modulevalidation -fmodules-validate-once-per-build-session -Wnon-modular-include-in-framework-module -Werror\=non-modular-include-in-framework-module -Wno-trigraphs -Wno-missing-field-initializers -Wno-missing-prototypes -Wno-return-type -Wno-implicit-atomic-properties -Wno-objc-interface-ivars -Wno-arc-repeated-use-of-weak -Wno-missing-braces -Wparentheses -Wswitch -Wno-unused-function -Wno-unused-label -Wno-unused-parameter -Wno-unused-variable -Wunused-value -Wno-empty-body -Wno-uninitialized -Wno-unknown-pragmas -w -Wno-shadow -Wno-four-char-constants -Wno-conversion -Wno-constant-conversion -Wno-int-conversion -Wno-bool-conversion -Wno-enum-conversion -Wno-float-conversion -Wno-non-literal-null-conversion -Wno-objc-literal-conversion -Wshorten-64-to-32 -Wpointer-sign -Wno-newline-eof -Wno-selector -Wno-strict-selector-match -Wno-undeclared-selector -Wno-deprecated-implementations -Wno-implicit-fallthrough -isysroot /Applications/Xcode.app/Contents/Developer/Platforms/iPhoneSimulator.platform/Developer/SDKs/iPhoneSimulator26.4.sdk -fstrict-aliasing -Wprotocol -Wdeprecated-declarations -Wno-sign-conversion -Wno-infinite-recursion -Wno-comma -Wno-block-capture-autoreleasing -Wno-strict-prototypes -Wno-semicolon-before-method-body -index-store-path /Users/aadityasingh/Library/Developer/Xcode/DerivedData/Chatlio-erkyzdeecsohoaggpwbjdvavzqfv/Index.noindex/DataStore @/Users/aadityasingh/Library/Developer/Xcode/DerivedData/Chatlio-erkyzdeecsohoaggpwbjdvavzqfv/Build/Intermediates.noindex/DTCoreText.build/Debug-iphonesimulator/DTCoreText.build/Objects-normal/arm64/e6072d4f65d7061329687fe24e3d63a7-common-args.resp -include /Users/aadityasingh/Library/Developer/Xcode/DerivedData/Chatlio-erkyzdeecsohoaggpwbjdvavzqfv/Build/Intermediates.noindex/DTCoreText.build/Debug-iphonesimulator/DTCoreText.build/DerivedSources/resource_bundle_accessor.h -MMD -MT dependencies -MF /Users/aadityasingh/Library/Developer/Xcode/DerivedData/Chatlio-erkyzdeecsohoaggpwbjdvavzqfv/Build/Intermediates.noindex/DTCoreText.build/Debug-iphonesimulator/DTCoreText.build/Objects-normal/arm64/DTCSSListStyle.d --serialize-diagnostics /Users/aadityasingh/Library/Developer/Xcode/DerivedData/Chatlio-erkyzdeecsohoaggpwbjdvavzqfv/Build/Intermediates.noindex/DTCoreText.build/Debug-iphonesimulator/DTCoreText.build/Objects-normal/arm64/DTCSSListStyle.dia -c /Users/aadityasingh/Library/Developer/Xcode/DerivedData/Chatlio-erkyzdeecsohoaggpwbjdvavzqfv/SourcePackages/checkouts/DTCoreText/Core/Source/DTCSSListStyle.m -o /Users/aadityasingh/Library/Developer/Xcode/DerivedData/Chatlio-erkyzdeecsohoaggpwbjdvavzqfv/Build/Intermediates.noindex/DTCoreText.build/Debug-iphonesimulator/DTCoreText.build/Objects-normal/arm64/DTCSSListStyle.o -index-unit-output-path /DTCoreText.build/Debug-iphonesimulator/DTCoreText.build/Objects-normal/arm64/DTCSSListStyle.o

PrecompileModule /Users/aadityasingh/Library/Developer/Xcode/DerivedData/Chatlio-erkyzdeecsohoaggpwbjdvavzqfv/Build/Intermediates.noindex/ExplicitPrecompiledModules/DTFoundation-6LKTL7Z3B7FBCO0PYFGRQVY0.scan
    cd /
    builtin-precompileModule /Users/aadityasingh/Library/Developer/Xcode/DerivedData/Chatlio-erkyzdeecsohoaggpwbjdvavzqfv/Build/Intermediates.noindex/ExplicitPrecompiledModules/DTFoundation-6LKTL7Z3B7FBCO0PYFGRQVY0.scan

SwiftCompile normal x86_64 Compiling\ WaveformRenderer.swift /Users/aadityasingh/Library/Developer/Xcode/DerivedData/Chatlio-erkyzdeecsohoaggpwbjdvavzqfv/SourcePackages/checkouts/DSWaveformImage/Sources/DSWaveformImage/Renderers/WaveformRenderer.swift (in target 'DSWaveformImage' from project 'DSWaveformImage')

SwiftCompile normal x86_64 /Users/aadityasingh/Library/Developer/Xcode/DerivedData/Chatlio-erkyzdeecsohoaggpwbjdvavzqfv/SourcePackages/checkouts/DSWaveformImage/Sources/DSWaveformImage/Renderers/WaveformRenderer.swift (in target 'DSWaveformImage' from project 'DSWaveformImage')
    cd /Users/aadityasingh/Documents/Development/element-x-ios/Chatlio.xcodeproj
    

SwiftCompile normal x86_64 Compiling\ CircularWaveformRenderer.swift /Users/aadityasingh/Library/Developer/Xcode/DerivedData/Chatlio-erkyzdeecsohoaggpwbjdvavzqfv/SourcePackages/checkouts/DSWaveformImage/Sources/DSWaveformImage/Renderers/CircularWaveformRenderer.swift (in target 'DSWaveformImage' from project 'DSWaveformImage')

SwiftCompile normal x86_64 /Users/aadityasingh/Library/Developer/Xcode/DerivedData/Chatlio-erkyzdeecsohoaggpwbjdvavzqfv/SourcePackages/checkouts/DSWaveformImage/Sources/DSWaveformImage/Renderers/CircularWaveformRenderer.swift (in target 'DSWaveformImage' from project 'DSWaveformImage')
    cd /Users/aadityasingh/Documents/Development/element-x-ios/Chatlio.xcodeproj
    

SwiftCompile normal x86_64 Compiling\ WaveformImageDrawer.swift /Users/aadityasingh/Library/Developer/Xcode/DerivedData/Chatlio-erkyzdeecsohoaggpwbjdvavzqfv/SourcePackages/checkouts/DSWaveformImage/Sources/DSWaveformImage/WaveformImageDrawer.swift (in target 'DSWaveformImage' from project 'DSWaveformImage')

SwiftCompile normal x86_64 /Users/aadityasingh/Library/Developer/Xcode/DerivedData/Chatlio-erkyzdeecsohoaggpwbjdvavzqfv/SourcePackages/checkouts/DSWaveformImage/Sources/DSWaveformImage/WaveformImageDrawer.swift (in target 'DSWaveformImage' from project 'DSWaveformImage')
    cd /Users/aadityasingh/Documents/Development/element-x-ios/Chatlio.xcodeproj
    

ScanDependencies /Users/aadityasingh/Library/Developer/Xcode/DerivedData/Chatlio-erkyzdeecsohoaggpwbjdvavzqfv/Build/Intermediates.noindex/SwiftOGG.build/Debug-iphonesimulator/Copustools.build/Objects-normal/x86_64/opus_header.o /Users/aadityasingh/Library/Developer/Xcode/DerivedData/Chatlio-erkyzdeecsohoaggpwbjdvavzqfv/SourcePackages/checkouts/swift-ogg/Sources/SupportingFiles/Dependencies/Copustools/opus_header.c normal x86_64 c com.apple.compilers.llvm.clang.1_0.compiler (in target 'Copustools' from project 'SwiftOGG')
    cd /Users/aadityasingh/Documents/Development/element-x-ios/Chatlio.xcodeproj
    
    Using response file: /Users/aadityasingh/Library/Developer/Xcode/DerivedData/Chatlio-erkyzdeecsohoaggpwbjdvavzqfv/Build/Intermediates.noindex/SwiftOGG.build/Debug-iphonesimulator/Copustools.build/Objects-normal/x86_64/7187679823f38a2a940e0043cdf9d637-common-args.resp
    
    builtin-ScanDependencies -o /Users/aadityasingh/Library/Developer/Xcode/DerivedData/Chatlio-erkyzdeecsohoaggpwbjdvavzqfv/Build/Intermediates.noindex/SwiftOGG.build/Debug-iphonesimulator/Copustools.build/Objects-normal/x86_64/opus_header.o.scan -- /Applications/Xcode.app/Contents/Developer/Toolchains/XcodeDefault.xctoolchain/usr/bin/clang -x c -ivfsstatcache /Users/aadityasingh/Library/Developer/Xcode/DerivedData/SDKStatCaches.noindex/iphonesimulator26.4-23E252-686eebb5dc1d8ecb277353a59184f4aa.sdkstatcache -target x86_64-apple-ios12.0-simulator -fmessage-length\=0 -fdiagnostics-show-note-include-stack -fmacro-backtrace-limit\=0 -fno-color-diagnostics -fmodules-prune-interval\=86400 -fmodules-prune-after\=345600 -fbuild-session-file\=/Users/aadityasingh/Library/Developer/Xcode/DerivedData/ModuleCache.noindex/Session.modulevalidation -fmodules-validate-once-per-build-session -Wnon-modular-include-in-framework-module -Werror\=non-modular-include-in-framework-module -Wno-trigraphs -Wno-missing-field-initializers -Wno-missing-prototypes -Wno-return-type -Wno-missing-braces -Wparentheses -Wswitch -Wno-unused-function -Wno-unused-label -Wno-unused-parameter -Wno-unused-variable -Wunused-value -Wno-empty-body -Wno-uninitialized -Wno-unknown-pragmas -w -Wno-shadow -Wno-four-char-constants -Wno-conversion -Wno-constant-conversion -Wno-int-conversion -Wno-bool-conversion -Wno-enum-conversion -Wno-float-conversion -Wno-non-literal-null-conversion -Wno-objc-literal-conversion -Wshorten-64-to-32 -Wpointer-sign -Wno-newline-eof -Wno-implicit-fallthrough -isysroot /Applications/Xcode.app/Contents/Developer/Platforms/iPhoneSimulator.platform/Developer/SDKs/iPhoneSimulator26.4.sdk -fstrict-aliasing -Wdeprecated-declarations -Wno-sign-conversion -Wno-infinite-recursion -Wno-comma -Wno-block-capture-autoreleasing -Wno-strict-prototypes -Wno-semicolon-before-method-body -index-store-path /Users/aadityasingh/Library/Developer/Xcode/DerivedData/Chatlio-erkyzdeecsohoaggpwbjdvavzqfv/Index.noindex/DataStore @/Users/aadityasingh/Library/Developer/Xcode/DerivedData/Chatlio-erkyzdeecsohoaggpwbjdvavzqfv/Build/Intermediates.noindex/SwiftOGG.build/Debug-iphonesimulator/Copustools.build/Objects-normal/x86_64/7187679823f38a2a940e0043cdf9d637-common-args.resp -MMD -MT dependencies -MF /Users/aadityasingh/Library/Developer/Xcode/DerivedData/Chatlio-erkyzdeecsohoaggpwbjdvavzqfv/Build/Intermediates.noindex/SwiftOGG.build/Debug-iphonesimulator/Copustools.build/Objects-normal/x86_64/opus_header.d --serialize-diagnostics /Users/aadityasingh/Library/Developer/Xcode/DerivedData/Chatlio-erkyzdeecsohoaggpwbjdvavzqfv/Build/Intermediates.noindex/SwiftOGG.build/Debug-iphonesimulator/Copustools.build/Objects-normal/x86_64/opus_header.dia -c /Users/aadityasingh/Library/Developer/Xcode/DerivedData/Chatlio-erkyzdeecsohoaggpwbjdvavzqfv/SourcePackages/checkouts/swift-ogg/Sources/SupportingFiles/Dependencies/Copustools/opus_header.c -o /Users/aadityasingh/Library/Developer/Xcode/DerivedData/Chatlio-erkyzdeecsohoaggpwbjdvavzqfv/Build/Intermediates.noindex/SwiftOGG.build/Debug-iphonesimulator/Copustools.build/Objects-normal/x86_64/opus_header.o -index-unit-output-path /SwiftOGG.build/Debug-iphonesimulator/Copustools.build/Objects-normal/x86_64/opus_header.o

ScanDependencies /Users/aadityasingh/Library/Developer/Xcode/DerivedData/Chatlio-erkyzdeecsohoaggpwbjdvavzqfv/Build/Intermediates.noindex/SwiftOGG.build/Debug-iphonesimulator/Copustools.build/Objects-normal/arm64/opus_header.o /Users/aadityasingh/Library/Developer/Xcode/DerivedData/Chatlio-erkyzdeecsohoaggpwbjdvavzqfv/SourcePackages/checkouts/swift-ogg/Sources/SupportingFiles/Dependencies/Copustools/opus_header.c normal arm64 c com.apple.compilers.llvm.clang.1_0.compiler (in target 'Copustools' from project 'SwiftOGG')
    cd /Users/aadityasingh/Documents/Development/element-x-ios/Chatlio.xcodeproj
    
    Using response file: /Users/aadityasingh/Library/Developer/Xcode/DerivedData/Chatlio-erkyzdeecsohoaggpwbjdvavzqfv/Build/Intermediates.noindex/SwiftOGG.build/Debug-iphonesimulator/Copustools.build/Objects-normal/arm64/7187679823f38a2a940e0043cdf9d637-common-args.resp
    
    builtin-ScanDependencies -o /Users/aadityasingh/Library/Developer/Xcode/DerivedData/Chatlio-erkyzdeecsohoaggpwbjdvavzqfv/Build/Intermediates.noindex/SwiftOGG.build/Debug-iphonesimulator/Copustools.build/Objects-normal/arm64/opus_header.o.scan -- /Applications/Xcode.app/Contents/Developer/Toolchains/XcodeDefault.xctoolchain/usr/bin/clang -x c -ivfsstatcache /Users/aadityasingh/Library/Developer/Xcode/DerivedData/SDKStatCaches.noindex/iphonesimulator26.4-23E252-686eebb5dc1d8ecb277353a59184f4aa.sdkstatcache -target arm64-apple-ios12.0-simulator -fmessage-length\=0 -fdiagnostics-show-note-include-stack -fmacro-backtrace-limit\=0 -fno-color-diagnostics -fmodules-prune-interval\=86400 -fmodules-prune-after\=345600 -fbuild-session-file\=/Users/aadityasingh/Library/Developer/Xcode/DerivedData/ModuleCache.noindex/Session.modulevalidation -fmodules-validate-once-per-build-session -Wnon-modular-include-in-framework-module -Werror\=non-modular-include-in-framework-module -Wno-trigraphs -Wno-missing-field-initializers -Wno-missing-prototypes -Wno-return-type -Wno-missing-braces -Wparentheses -Wswitch -Wno-unused-function -Wno-unused-label -Wno-unused-parameter -Wno-unused-variable -Wunused-value -Wno-empty-body -Wno-uninitialized -Wno-unknown-pragmas -w -Wno-shadow -Wno-four-char-constants -Wno-conversion -Wno-constant-conversion -Wno-int-conversion -Wno-bool-conversion -Wno-enum-conversion -Wno-float-conversion -Wno-non-literal-null-conversion -Wno-objc-literal-conversion -Wshorten-64-to-32 -Wpointer-sign -Wno-newline-eof -Wno-implicit-fallthrough -isysroot /Applications/Xcode.app/Contents/Developer/Platforms/iPhoneSimulator.platform/Developer/SDKs/iPhoneSimulator26.4.sdk -fstrict-aliasing -Wdeprecated-declarations -Wno-sign-conversion -Wno-infinite-recursion -Wno-comma -Wno-block-capture-autoreleasing -Wno-strict-prototypes -Wno-semicolon-before-method-body -index-store-path /Users/aadityasingh/Library/Developer/Xcode/DerivedData/Chatlio-erkyzdeecsohoaggpwbjdvavzqfv/Index.noindex/DataStore @/Users/aadityasingh/Library/Developer/Xcode/DerivedData/Chatlio-erkyzdeecsohoaggpwbjdvavzqfv/Build/Intermediates.noindex/SwiftOGG.build/Debug-iphonesimulator/Copustools.build/Objects-normal/arm64/7187679823f38a2a940e0043cdf9d637-common-args.resp -MMD -MT dependencies -MF /Users/aadityasingh/Library/Developer/Xcode/DerivedData/Chatlio-erkyzdeecsohoaggpwbjdvavzqfv/Build/Intermediates.noindex/SwiftOGG.build/Debug-iphonesimulator/Copustools.build/Objects-normal/arm64/opus_header.d --serialize-diagnostics /Users/aadityasingh/Library/Developer/Xcode/DerivedData/Chatlio-erkyzdeecsohoaggpwbjdvavzqfv/Build/Intermediates.noindex/SwiftOGG.build/Debug-iphonesimulator/Copustools.build/Objects-normal/arm64/opus_header.dia -c /Users/aadityasingh/Library/Developer/Xcode/DerivedData/Chatlio-erkyzdeecsohoaggpwbjdvavzqfv/SourcePackages/checkouts/swift-ogg/Sources/SupportingFiles/Dependencies/Copustools/opus_header.c -o /Users/aadityasingh/Library/Developer/Xcode/DerivedData/Chatlio-erkyzdeecsohoaggpwbjdvavzqfv/Build/Intermediates.noindex/SwiftOGG.build/Debug-iphonesimulator/Copustools.build/Objects-normal/arm64/opus_header.o -index-unit-output-path /SwiftOGG.build/Debug-iphonesimulator/Copustools.build/Objects-normal/arm64/opus_header.o

SwiftDriverJobDiscovery normal arm64 Compiling WaveformImageDrawer.swift (in target 'DSWaveformImage' from project 'DSWaveformImage')

MkDir /Users/aadityasingh/Library/Developer/Xcode/DerivedData/Chatlio-erkyzdeecsohoaggpwbjdvavzqfv/Build/Intermediates.noindex/CompoundDesignTokens.build/Debug-iphonesimulator/CompoundDesignTokens_CompoundDesignTokens.build/assetcatalog_output/unthinned (in target 'CompoundDesignTokens_CompoundDesignTokens' from project 'CompoundDesignTokens')
    cd /Users/aadityasingh/Library/Developer/Xcode/DerivedData/Chatlio-erkyzdeecsohoaggpwbjdvavzqfv/SourcePackages/checkouts/compound-design-tokens
    /bin/mkdir -p /Users/aadityasingh/Library/Developer/Xcode/DerivedData/Chatlio-erkyzdeecsohoaggpwbjdvavzqfv/Build/Intermediates.noindex/CompoundDesignTokens.build/Debug-iphonesimulator/CompoundDesignTokens_CompoundDesignTokens.build/assetcatalog_output/unthinned

CompileC /Users/aadityasingh/Library/Developer/Xcode/DerivedData/Chatlio-erkyzdeecsohoaggpwbjdvavzqfv/Build/Intermediates.noindex/DTCoreText.build/Debug-iphonesimulator/DTCoreText.build/Objects-normal/arm64/NSString+HTML.o /Users/aadityasingh/Library/Developer/Xcode/DerivedData/Chatlio-erkyzdeecsohoaggpwbjdvavzqfv/SourcePackages/checkouts/DTCoreText/Core/Source/NSString+HTML.m normal arm64 objective-c com.apple.compilers.llvm.clang.1_0.compiler (in target 'DTCoreText' from project 'DTCoreText')
    cd /Users/aadityasingh/Documents/Development/element-x-ios/Chatlio.xcodeproj
    
    Using response file: /Users/aadityasingh/Library/Developer/Xcode/DerivedData/Chatlio-erkyzdeecsohoaggpwbjdvavzqfv/Build/Intermediates.noindex/DTCoreText.build/Debug-iphonesimulator/DTCoreText.build/Objects-normal/arm64/e6072d4f65d7061329687fe24e3d63a7-common-args.resp
    
    /Applications/Xcode.app/Contents/Developer/Toolchains/XcodeDefault.xctoolchain/usr/bin/clang -x objective-c -ivfsstatcache /Users/aadityasingh/Library/Developer/Xcode/DerivedData/SDKStatCaches.noindex/iphonesimulator26.4-23E252-686eebb5dc1d8ecb277353a59184f4aa.sdkstatcache -target arm64-apple-ios12.0-simulator -fmessage-length\=0 -fdiagnostics-show-note-include-stack -fmacro-backtrace-limit\=0 -fno-color-diagnostics -fmodules-prune-interval\=86400 -fmodules-prune-after\=345600 -fbuild-session-file\=/Users/aadityasingh/Library/Developer/Xcode/DerivedData/ModuleCache.noindex/Session.modulevalidation -fmodules-validate-once-per-build-session -Wnon-modular-include-in-framework-module -Werror\=non-modular-include-in-framework-module -Wno-trigraphs -Wno-missing-field-initializers -Wno-missing-prototypes -Wno-return-type -Wno-implicit-atomic-properties -Wno-objc-interface-ivars -Wno-arc-repeated-use-of-weak -Wno-missing-braces -Wparentheses -Wswitch -Wno-unused-function -Wno-unused-label -Wno-unused-parameter -Wno-unused-variable -Wunused-value -Wno-empty-body -Wno-uninitialized -Wno-unknown-pragmas -w -Wno-shadow -Wno-four-char-constants -Wno-conversion -Wno-constant-conversion -Wno-int-conversion -Wno-bool-conversion -Wno-enum-conversion -Wno-float-conversion -Wno-non-literal-null-conversion -Wno-objc-literal-conversion -Wshorten-64-to-32 -Wpointer-sign -Wno-newline-eof -Wno-selector -Wno-strict-selector-match -Wno-undeclared-selector -Wno-deprecated-implementations -Wno-implicit-fallthrough -isysroot /Applications/Xcode.app/Contents/Developer/Platforms/iPhoneSimulator.platform/Developer/SDKs/iPhoneSimulator26.4.sdk -fstrict-aliasing -Wprotocol -Wdeprecated-declarations -Wno-sign-conversion -Wno-infinite-recursion -Wno-comma -Wno-block-capture-autoreleasing -Wno-strict-prototypes -Wno-semicolon-before-method-body -index-store-path /Users/aadityasingh/Library/Developer/Xcode/DerivedData/Chatlio-erkyzdeecsohoaggpwbjdvavzqfv/Index.noindex/DataStore @/Users/aadityasingh/Library/Developer/Xcode/DerivedData/Chatlio-erkyzdeecsohoaggpwbjdvavzqfv/Build/Intermediates.noindex/DTCoreText.build/Debug-iphonesimulator/DTCoreText.build/Objects-normal/arm64/e6072d4f65d7061329687fe24e3d63a7-common-args.resp -include /Users/aadityasingh/Library/Developer/Xcode/DerivedData/Chatlio-erkyzdeecsohoaggpwbjdvavzqfv/Build/Intermediates.noindex/DTCoreText.build/Debug-iphonesimulator/DTCoreText.build/DerivedSources/resource_bundle_accessor.h -MMD -MT dependencies -MF /Users/aadityasingh/Library/Developer/Xcode/DerivedData/Chatlio-erkyzdeecsohoaggpwbjdvavzqfv/Build/Intermediates.noindex/DTCoreText.build/Debug-iphonesimulator/DTCoreText.build/Objects-normal/arm64/NSString+HTML.d --serialize-diagnostics /Users/aadityasingh/Library/Developer/Xcode/DerivedData/Chatlio-erkyzdeecsohoaggpwbjdvavzqfv/Build/Intermediates.noindex/DTCoreText.build/Debug-iphonesimulator/DTCoreText.build/Objects-normal/arm64/NSString+HTML.dia -c /Users/aadityasingh/Library/Developer/Xcode/DerivedData/Chatlio-erkyzdeecsohoaggpwbjdvavzqfv/SourcePackages/checkouts/DTCoreText/Core/Source/NSString+HTML.m -o /Users/aadityasingh/Library/Developer/Xcode/DerivedData/Chatlio-erkyzdeecsohoaggpwbjdvavzqfv/Build/Intermediates.noindex/DTCoreText.build/Debug-iphonesimulator/DTCoreText.build/Objects-normal/arm64/NSString+HTML.o -index-unit-output-path /DTCoreText.build/Debug-iphonesimulator/DTCoreText.build/Objects-normal/arm64/NSString+HTML.o

CompileC /Users/aadityasingh/Library/Developer/Xcode/DerivedData/Chatlio-erkyzdeecsohoaggpwbjdvavzqfv/Build/Intermediates.noindex/DTCoreText.build/Debug-iphonesimulator/DTCoreText.build/Objects-normal/arm64/NSAttributedString+HTML.o /Users/aadityasingh/Library/Developer/Xcode/DerivedData/Chatlio-erkyzdeecsohoaggpwbjdvavzqfv/SourcePackages/checkouts/DTCoreText/Core/Source/NSAttributedString+HTML.m normal arm64 objective-c com.apple.compilers.llvm.clang.1_0.compiler (in target 'DTCoreText' from project 'DTCoreText')
    cd /Users/aadityasingh/Documents/Development/element-x-ios/Chatlio.xcodeproj
    
    Using response file: /Users/aadityasingh/Library/Developer/Xcode/DerivedData/Chatlio-erkyzdeecsohoaggpwbjdvavzqfv/Build/Intermediates.noindex/DTCoreText.build/Debug-iphonesimulator/DTCoreText.build/Objects-normal/arm64/e6072d4f65d7061329687fe24e3d63a7-common-args.resp
    
    /Applications/Xcode.app/Contents/Developer/Toolchains/XcodeDefault.xctoolchain/usr/bin/clang -x objective-c -ivfsstatcache /Users/aadityasingh/Library/Developer/Xcode/DerivedData/SDKStatCaches.noindex/iphonesimulator26.4-23E252-686eebb5dc1d8ecb277353a59184f4aa.sdkstatcache -target arm64-apple-ios12.0-simulator -fmessage-length\=0 -fdiagnostics-show-note-include-stack -fmacro-backtrace-limit\=0 -fno-color-diagnostics -fmodules-prune-interval\=86400 -fmodules-prune-after\=345600 -fbuild-session-file\=/Users/aadityasingh/Library/Developer/Xcode/DerivedData/ModuleCache.noindex/Session.modulevalidation -fmodules-validate-once-per-build-session -Wnon-modular-include-in-framework-module -Werror\=non-modular-include-in-framework-module -Wno-trigraphs -Wno-missing-field-initializers -Wno-missing-prototypes -Wno-return-type -Wno-implicit-atomic-properties -Wno-objc-interface-ivars -Wno-arc-repeated-use-of-weak -Wno-missing-braces -Wparentheses -Wswitch -Wno-unused-function -Wno-unused-label -Wno-unused-parameter -Wno-unused-variable -Wunused-value -Wno-empty-body -Wno-uninitialized -Wno-unknown-pragmas -w -Wno-shadow -Wno-four-char-constants -Wno-conversion -Wno-constant-conversion -Wno-int-conversion -Wno-bool-conversion -Wno-enum-conversion -Wno-float-conversion -Wno-non-literal-null-conversion -Wno-objc-literal-conversion -Wshorten-64-to-32 -Wpointer-sign -Wno-newline-eof -Wno-selector -Wno-strict-selector-match -Wno-undeclared-selector -Wno-deprecated-implementations -Wno-implicit-fallthrough -isysroot /Applications/Xcode.app/Contents/Developer/Platforms/iPhoneSimulator.platform/Developer/SDKs/iPhoneSimulator26.4.sdk -fstrict-aliasing -Wprotocol -Wdeprecated-declarations -Wno-sign-conversion -Wno-infinite-recursion -Wno-comma -Wno-block-capture-autoreleasing -Wno-strict-prototypes -Wno-semicolon-before-method-body -index-store-path /Users/aadityasingh/Library/Developer/Xcode/DerivedData/Chatlio-erkyzdeecsohoaggpwbjdvavzqfv/Index.noindex/DataStore @/Users/aadityasingh/Library/Developer/Xcode/DerivedData/Chatlio-erkyzdeecsohoaggpwbjdvavzqfv/Build/Intermediates.noindex/DTCoreText.build/Debug-iphonesimulator/DTCoreText.build/Objects-normal/arm64/e6072d4f65d7061329687fe24e3d63a7-common-args.resp -include /Users/aadityasingh/Library/Developer/Xcode/DerivedData/Chatlio-erkyzdeecsohoaggpwbjdvavzqfv/Build/Intermediates.noindex/DTCoreText.build/Debug-iphonesimulator/DTCoreText.build/DerivedSources/resource_bundle_accessor.h -MMD -MT dependencies -MF /Users/aadityasingh/Library/Developer/Xcode/DerivedData/Chatlio-erkyzdeecsohoaggpwbjdvavzqfv/Build/Intermediates.noindex/DTCoreText.build/Debug-iphonesimulator/DTCoreText.build/Objects-normal/arm64/NSAttributedString+HTML.d --serialize-diagnostics /Users/aadityasingh/Library/Developer/Xcode/DerivedData/Chatlio-erkyzdeecsohoaggpwbjdvavzqfv/Build/Intermediates.noindex/DTCoreText.build/Debug-iphonesimulator/DTCoreText.build/Objects-normal/arm64/NSAttributedString+HTML.dia -c /Users/aadityasingh/Library/Developer/Xcode/DerivedData/Chatlio-erkyzdeecsohoaggpwbjdvavzqfv/SourcePackages/checkouts/DTCoreText/Core/Source/NSAttributedString+HTML.m -o /Users/aadityasingh/Library/Developer/Xcode/DerivedData/Chatlio-erkyzdeecsohoaggpwbjdvavzqfv/Build/Intermediates.noindex/DTCoreText.build/Debug-iphonesimulator/DTCoreText.build/Objects-normal/arm64/NSAttributedString+HTML.o -index-unit-output-path /DTCoreText.build/Debug-iphonesimulator/DTCoreText.build/Objects-normal/arm64/NSAttributedString+HTML.o

CompileC /Users/aadityasingh/Library/Developer/Xcode/DerivedData/Chatlio-erkyzdeecsohoaggpwbjdvavzqfv/Build/Intermediates.noindex/DTCoreText.build/Debug-iphonesimulator/DTCoreText.build/Objects-normal/arm64/NSAttributedString+DTCoreText.o /Users/aadityasingh/Library/Developer/Xcode/DerivedData/Chatlio-erkyzdeecsohoaggpwbjdvavzqfv/SourcePackages/checkouts/DTCoreText/Core/Source/NSAttributedString+DTCoreText.m normal arm64 objective-c com.apple.compilers.llvm.clang.1_0.compiler (in target 'DTCoreText' from project 'DTCoreText')
    cd /Users/aadityasingh/Documents/Development/element-x-ios/Chatlio.xcodeproj
    
    Using response file: /Users/aadityasingh/Library/Developer/Xcode/DerivedData/Chatlio-erkyzdeecsohoaggpwbjdvavzqfv/Build/Intermediates.noindex/DTCoreText.build/Debug-iphonesimulator/DTCoreText.build/Objects-normal/arm64/e6072d4f65d7061329687fe24e3d63a7-common-args.resp
    
    /Applications/Xcode.app/Contents/Developer/Toolchains/XcodeDefault.xctoolchain/usr/bin/clang -x objective-c -ivfsstatcache /Users/aadityasingh/Library/Developer/Xcode/DerivedData/SDKStatCaches.noindex/iphonesimulator26.4-23E252-686eebb5dc1d8ecb277353a59184f4aa.sdkstatcache -target arm64-apple-ios12.0-simulator -fmessage-length\=0 -fdiagnostics-show-note-include-stack -fmacro-backtrace-limit\=0 -fno-color-diagnostics -fmodules-prune-interval\=86400 -fmodules-prune-after\=345600 -fbuild-session-file\=/Users/aadityasingh/Library/Developer/Xcode/DerivedData/ModuleCache.noindex/Session.modulevalidation -fmodules-validate-once-per-build-session -Wnon-modular-include-in-framework-module -Werror\=non-modular-include-in-framework-module -Wno-trigraphs -Wno-missing-field-initializers -Wno-missing-prototypes -Wno-return-type -Wno-implicit-atomic-properties -Wno-objc-interface-ivars -Wno-arc-repeated-use-of-weak -Wno-missing-braces -Wparentheses -Wswitch -Wno-unused-function -Wno-unused-label -Wno-unused-parameter -Wno-unused-variable -Wunused-value -Wno-empty-body -Wno-uninitialized -Wno-unknown-pragmas -w -Wno-shadow -Wno-four-char-constants -Wno-conversion -Wno-constant-conversion -Wno-int-conversion -Wno-bool-conversion -Wno-enum-conversion -Wno-float-conversion -Wno-non-literal-null-conversion -Wno-objc-literal-conversion -Wshorten-64-to-32 -Wpointer-sign -Wno-newline-eof -Wno-selector -Wno-strict-selector-match -Wno-undeclared-selector -Wno-deprecated-implementations -Wno-implicit-fallthrough -isysroot /Applications/Xcode.app/Contents/Developer/Platforms/iPhoneSimulator.platform/Developer/SDKs/iPhoneSimulator26.4.sdk -fstrict-aliasing -Wprotocol -Wdeprecated-declarations -Wno-sign-conversion -Wno-infinite-recursion -Wno-comma -Wno-block-capture-autoreleasing -Wno-strict-prototypes -Wno-semicolon-before-method-body -index-store-path /Users/aadityasingh/Library/Developer/Xcode/DerivedData/Chatlio-erkyzdeecsohoaggpwbjdvavzqfv/Index.noindex/DataStore @/Users/aadityasingh/Library/Developer/Xcode/DerivedData/Chatlio-erkyzdeecsohoaggpwbjdvavzqfv/Build/Intermediates.noindex/DTCoreText.build/Debug-iphonesimulator/DTCoreText.build/Objects-normal/arm64/e6072d4f65d7061329687fe24e3d63a7-common-args.resp -include /Users/aadityasingh/Library/Developer/Xcode/DerivedData/Chatlio-erkyzdeecsohoaggpwbjdvavzqfv/Build/Intermediates.noindex/DTCoreText.build/Debug-iphonesimulator/DTCoreText.build/DerivedSources/resource_bundle_accessor.h -MMD -MT dependencies -MF /Users/aadityasingh/Library/Developer/Xcode/DerivedData/Chatlio-erkyzdeecsohoaggpwbjdvavzqfv/Build/Intermediates.noindex/DTCoreText.build/Debug-iphonesimulator/DTCoreText.build/Objects-normal/arm64/NSAttributedString+DTCoreText.d --serialize-diagnostics /Users/aadityasingh/Library/Developer/Xcode/DerivedData/Chatlio-erkyzdeecsohoaggpwbjdvavzqfv/Build/Intermediates.noindex/DTCoreText.build/Debug-iphonesimulator/DTCoreText.build/Objects-normal/arm64/NSAttributedString+DTCoreText.dia -c /Users/aadityasingh/Library/Developer/Xcode/DerivedData/Chatlio-erkyzdeecsohoaggpwbjdvavzqfv/SourcePackages/checkouts/DTCoreText/Core/Source/NSAttributedString+DTCoreText.m -o /Users/aadityasingh/Library/Developer/Xcode/DerivedData/Chatlio-erkyzdeecsohoaggpwbjdvavzqfv/Build/Intermediates.noindex/DTCoreText.build/Debug-iphonesimulator/DTCoreText.build/Objects-normal/arm64/NSAttributedString+DTCoreText.o -index-unit-output-path /DTCoreText.build/Debug-iphonesimulator/DTCoreText.build/Objects-normal/arm64/NSAttributedString+DTCoreText.o

CompileC /Users/aadityasingh/Library/Developer/Xcode/DerivedData/Chatlio-erkyzdeecsohoaggpwbjdvavzqfv/Build/Intermediates.noindex/DTCoreText.build/Debug-iphonesimulator/DTCoreText.build/Objects-normal/arm64/DTVideoTextAttachment.o /Users/aadityasingh/Library/Developer/Xcode/DerivedData/Chatlio-erkyzdeecsohoaggpwbjdvavzqfv/SourcePackages/checkouts/DTCoreText/Core/Source/DTVideoTextAttachment.m normal arm64 objective-c com.apple.compilers.llvm.clang.1_0.compiler (in target 'DTCoreText' from project 'DTCoreText')
    cd /Users/aadityasingh/Documents/Development/element-x-ios/Chatlio.xcodeproj
    
    Using response file: /Users/aadityasingh/Library/Developer/Xcode/DerivedData/Chatlio-erkyzdeecsohoaggpwbjdvavzqfv/Build/Intermediates.noindex/DTCoreText.build/Debug-iphonesimulator/DTCoreText.build/Objects-normal/arm64/e6072d4f65d7061329687fe24e3d63a7-common-args.resp
    
    /Applications/Xcode.app/Contents/Developer/Toolchains/XcodeDefault.xctoolchain/usr/bin/clang -x objective-c -ivfsstatcache /Users/aadityasingh/Library/Developer/Xcode/DerivedData/SDKStatCaches.noindex/iphonesimulator26.4-23E252-686eebb5dc1d8ecb277353a59184f4aa.sdkstatcache -target arm64-apple-ios12.0-simulator -fmessage-length\=0 -fdiagnostics-show-note-include-stack -fmacro-backtrace-limit\=0 -fno-color-diagnostics -fmodules-prune-interval\=86400 -fmodules-prune-after\=345600 -fbuild-session-file\=/Users/aadityasingh/Library/Developer/Xcode/DerivedData/ModuleCache.noindex/Session.modulevalidation -fmodules-validate-once-per-build-session -Wnon-modular-include-in-framework-module -Werror\=non-modular-include-in-framework-module -Wno-trigraphs -Wno-missing-field-initializers -Wno-missing-prototypes -Wno-return-type -Wno-implicit-atomic-properties -Wno-objc-interface-ivars -Wno-arc-repeated-use-of-weak -Wno-missing-braces -Wparentheses -Wswitch -Wno-unused-function -Wno-unused-label -Wno-unused-parameter -Wno-unused-variable -Wunused-value -Wno-empty-body -Wno-uninitialized -Wno-unknown-pragmas -w -Wno-shadow -Wno-four-char-constants -Wno-conversion -Wno-constant-conversion -Wno-int-conversion -Wno-bool-conversion -Wno-enum-conversion -Wno-float-conversion -Wno-non-literal-null-conversion -Wno-objc-literal-conversion -Wshorten-64-to-32 -Wpointer-sign -Wno-newline-eof -Wno-selector -Wno-strict-selector-match -Wno-undeclared-selector -Wno-deprecated-implementations -Wno-implicit-fallthrough -isysroot /Applications/Xcode.app/Contents/Developer/Platforms/iPhoneSimulator.platform/Developer/SDKs/iPhoneSimulator26.4.sdk -fstrict-aliasing -Wprotocol -Wdeprecated-declarations -Wno-sign-conversion -Wno-infinite-recursion -Wno-comma -Wno-block-capture-autoreleasing -Wno-strict-prototypes -Wno-semicolon-before-method-body -index-store-path /Users/aadityasingh/Library/Developer/Xcode/DerivedData/Chatlio-erkyzdeecsohoaggpwbjdvavzqfv/Index.noindex/DataStore @/Users/aadityasingh/Library/Developer/Xcode/DerivedData/Chatlio-erkyzdeecsohoaggpwbjdvavzqfv/Build/Intermediates.noindex/DTCoreText.build/Debug-iphonesimulator/DTCoreText.build/Objects-normal/arm64/e6072d4f65d7061329687fe24e3d63a7-common-args.resp -include /Users/aadityasingh/Library/Developer/Xcode/DerivedData/Chatlio-erkyzdeecsohoaggpwbjdvavzqfv/Build/Intermediates.noindex/DTCoreText.build/Debug-iphonesimulator/DTCoreText.build/DerivedSources/resource_bundle_accessor.h -MMD -MT dependencies -MF /Users/aadityasingh/Library/Developer/Xcode/DerivedData/Chatlio-erkyzdeecsohoaggpwbjdvavzqfv/Build/Intermediates.noindex/DTCoreText.build/Debug-iphonesimulator/DTCoreText.build/Objects-normal/arm64/DTVideoTextAttachment.d --serialize-diagnostics /Users/aadityasingh/Library/Developer/Xcode/DerivedData/Chatlio-erkyzdeecsohoaggpwbjdvavzqfv/Build/Intermediates.noindex/DTCoreText.build/Debug-iphonesimulator/DTCoreText.build/Objects-normal/arm64/DTVideoTextAttachment.dia -c /Users/aadityasingh/Library/Developer/Xcode/DerivedData/Chatlio-erkyzdeecsohoaggpwbjdvavzqfv/SourcePackages/checkouts/DTCoreText/Core/Source/DTVideoTextAttachment.m -o /Users/aadityasingh/Library/Developer/Xcode/DerivedData/Chatlio-erkyzdeecsohoaggpwbjdvavzqfv/Build/Intermediates.noindex/DTCoreText.build/Debug-iphonesimulator/DTCoreText.build/Objects-normal/arm64/DTVideoTextAttachment.o -index-unit-output-path /DTCoreText.build/Debug-iphonesimulator/DTCoreText.build/Objects-normal/arm64/DTVideoTextAttachment.o

SwiftDriverJobDiscovery normal x86_64 Compiling WaveformImageTypes.swift (in target 'DSWaveformImage' from project 'DSWaveformImage')

CompileC /Users/aadityasingh/Library/Developer/Xcode/DerivedData/Chatlio-erkyzdeecsohoaggpwbjdvavzqfv/Build/Intermediates.noindex/DTCoreText.build/Debug-iphonesimulator/DTCoreText.build/Objects-normal/arm64/DTTextHTMLElement.o /Users/aadityasingh/Library/Developer/Xcode/DerivedData/Chatlio-erkyzdeecsohoaggpwbjdvavzqfv/SourcePackages/checkouts/DTCoreText/Core/Source/DTTextHTMLElement.m normal arm64 objective-c com.apple.compilers.llvm.clang.1_0.compiler (in target 'DTCoreText' from project 'DTCoreText')
    cd /Users/aadityasingh/Documents/Development/element-x-ios/Chatlio.xcodeproj
    
    Using response file: /Users/aadityasingh/Library/Developer/Xcode/DerivedData/Chatlio-erkyzdeecsohoaggpwbjdvavzqfv/Build/Intermediates.noindex/DTCoreText.build/Debug-iphonesimulator/DTCoreText.build/Objects-normal/arm64/e6072d4f65d7061329687fe24e3d63a7-common-args.resp
    
    /Applications/Xcode.app/Contents/Developer/Toolchains/XcodeDefault.xctoolchain/usr/bin/clang -x objective-c -ivfsstatcache /Users/aadityasingh/Library/Developer/Xcode/DerivedData/SDKStatCaches.noindex/iphonesimulator26.4-23E252-686eebb5dc1d8ecb277353a59184f4aa.sdkstatcache -target arm64-apple-ios12.0-simulator -fmessage-length\=0 -fdiagnostics-show-note-include-stack -fmacro-backtrace-limit\=0 -fno-color-diagnostics -fmodules-prune-interval\=86400 -fmodules-prune-after\=345600 -fbuild-session-file\=/Users/aadityasingh/Library/Developer/Xcode/DerivedData/ModuleCache.noindex/Session.modulevalidation -fmodules-validate-once-per-build-session -Wnon-modular-include-in-framework-module -Werror\=non-modular-include-in-framework-module -Wno-trigraphs -Wno-missing-field-initializers -Wno-missing-prototypes -Wno-return-type -Wno-implicit-atomic-properties -Wno-objc-interface-ivars -Wno-arc-repeated-use-of-weak -Wno-missing-braces -Wparentheses -Wswitch -Wno-unused-function -Wno-unused-label -Wno-unused-parameter -Wno-unused-variable -Wunused-value -Wno-empty-body -Wno-uninitialized -Wno-unknown-pragmas -w -Wno-shadow -Wno-four-char-constants -Wno-conversion -Wno-constant-conversion -Wno-int-conversion -Wno-bool-conversion -Wno-enum-conversion -Wno-float-conversion -Wno-non-literal-null-conversion -Wno-objc-literal-conversion -Wshorten-64-to-32 -Wpointer-sign -Wno-newline-eof -Wno-selector -Wno-strict-selector-match -Wno-undeclared-selector -Wno-deprecated-implementations -Wno-implicit-fallthrough -isysroot /Applications/Xcode.app/Contents/Developer/Platforms/iPhoneSimulator.platform/Developer/SDKs/iPhoneSimulator26.4.sdk -fstrict-aliasing -Wprotocol -Wdeprecated-declarations -Wno-sign-conversion -Wno-infinite-recursion -Wno-comma -Wno-block-capture-autoreleasing -Wno-strict-prototypes -Wno-semicolon-before-method-body -index-store-path /Users/aadityasingh/Library/Developer/Xcode/DerivedData/Chatlio-erkyzdeecsohoaggpwbjdvavzqfv/Index.noindex/DataStore @/Users/aadityasingh/Library/Developer/Xcode/DerivedData/Chatlio-erkyzdeecsohoaggpwbjdvavzqfv/Build/Intermediates.noindex/DTCoreText.build/Debug-iphonesimulator/DTCoreText.build/Objects-normal/arm64/e6072d4f65d7061329687fe24e3d63a7-common-args.resp -include /Users/aadityasingh/Library/Developer/Xcode/DerivedData/Chatlio-erkyzdeecsohoaggpwbjdvavzqfv/Build/Intermediates.noindex/DTCoreText.build/Debug-iphonesimulator/DTCoreText.build/DerivedSources/resource_bundle_accessor.h -MMD -MT dependencies -MF /Users/aadityasingh/Library/Developer/Xcode/DerivedData/Chatlio-erkyzdeecsohoaggpwbjdvavzqfv/Build/Intermediates.noindex/DTCoreText.build/Debug-iphonesimulator/DTCoreText.build/Objects-normal/arm64/DTTextHTMLElement.d --serialize-diagnostics /Users/aadityasingh/Library/Developer/Xcode/DerivedData/Chatlio-erkyzdeecsohoaggpwbjdvavzqfv/Build/Intermediates.noindex/DTCoreText.build/Debug-iphonesimulator/DTCoreText.build/Objects-normal/arm64/DTTextHTMLElement.dia -c /Users/aadityasingh/Library/Developer/Xcode/DerivedData/Chatlio-erkyzdeecsohoaggpwbjdvavzqfv/SourcePackages/checkouts/DTCoreText/Core/Source/DTTextHTMLElement.m -o /Users/aadityasingh/Library/Developer/Xcode/DerivedData/Chatlio-erkyzdeecsohoaggpwbjdvavzqfv/Build/Intermediates.noindex/DTCoreText.build/Debug-iphonesimulator/DTCoreText.build/Objects-normal/arm64/DTTextHTMLElement.o -index-unit-output-path /DTCoreText.build/Debug-iphonesimulator/DTCoreText.build/Objects-normal/arm64/DTTextHTMLElement.o

SwiftDriverJobDiscovery normal arm64 Compiling TempiFFT.swift (in target 'DSWaveformImage' from project 'DSWaveformImage')

CompileC /Users/aadityasingh/Library/Developer/Xcode/DerivedData/Chatlio-erkyzdeecsohoaggpwbjdvavzqfv/Build/Intermediates.noindex/DTCoreText.build/Debug-iphonesimulator/DTCoreText.build/Objects-normal/arm64/DTTextAttachmentHTMLElement.o /Users/aadityasingh/Library/Developer/Xcode/DerivedData/Chatlio-erkyzdeecsohoaggpwbjdvavzqfv/SourcePackages/checkouts/DTCoreText/Core/Source/DTTextAttachmentHTMLElement.m normal arm64 objective-c com.apple.compilers.llvm.clang.1_0.compiler (in target 'DTCoreText' from project 'DTCoreText')
    cd /Users/aadityasingh/Documents/Development/element-x-ios/Chatlio.xcodeproj
    
    Using response file: /Users/aadityasingh/Library/Developer/Xcode/DerivedData/Chatlio-erkyzdeecsohoaggpwbjdvavzqfv/Build/Intermediates.noindex/DTCoreText.build/Debug-iphonesimulator/DTCoreText.build/Objects-normal/arm64/e6072d4f65d7061329687fe24e3d63a7-common-args.resp
    
    /Applications/Xcode.app/Contents/Developer/Toolchains/XcodeDefault.xctoolchain/usr/bin/clang -x objective-c -ivfsstatcache /Users/aadityasingh/Library/Developer/Xcode/DerivedData/SDKStatCaches.noindex/iphonesimulator26.4-23E252-686eebb5dc1d8ecb277353a59184f4aa.sdkstatcache -target arm64-apple-ios12.0-simulator -fmessage-length\=0 -fdiagnostics-show-note-include-stack -fmacro-backtrace-limit\=0 -fno-color-diagnostics -fmodules-prune-interval\=86400 -fmodules-prune-after\=345600 -fbuild-session-file\=/Users/aadityasingh/Library/Developer/Xcode/DerivedData/ModuleCache.noindex/Session.modulevalidation -fmodules-validate-once-per-build-session -Wnon-modular-include-in-framework-module -Werror\=non-modular-include-in-framework-module -Wno-trigraphs -Wno-missing-field-initializers -Wno-missing-prototypes -Wno-return-type -Wno-implicit-atomic-properties -Wno-objc-interface-ivars -Wno-arc-repeated-use-of-weak -Wno-missing-braces -Wparentheses -Wswitch -Wno-unused-function -Wno-unused-label -Wno-unused-parameter -Wno-unused-variable -Wunused-value -Wno-empty-body -Wno-uninitialized -Wno-unknown-pragmas -w -Wno-shadow -Wno-four-char-constants -Wno-conversion -Wno-constant-conversion -Wno-int-conversion -Wno-bool-conversion -Wno-enum-conversion -Wno-float-conversion -Wno-non-literal-null-conversion -Wno-objc-literal-conversion -Wshorten-64-to-32 -Wpointer-sign -Wno-newline-eof -Wno-selector -Wno-strict-selector-match -Wno-undeclared-selector -Wno-deprecated-implementations -Wno-implicit-fallthrough -isysroot /Applications/Xcode.app/Contents/Developer/Platforms/iPhoneSimulator.platform/Developer/SDKs/iPhoneSimulator26.4.sdk -fstrict-aliasing -Wprotocol -Wdeprecated-declarations -Wno-sign-conversion -Wno-infinite-recursion -Wno-comma -Wno-block-capture-autoreleasing -Wno-strict-prototypes -Wno-semicolon-before-method-body -index-store-path /Users/aadityasingh/Library/Developer/Xcode/DerivedData/Chatlio-erkyzdeecsohoaggpwbjdvavzqfv/Index.noindex/DataStore @/Users/aadityasingh/Library/Developer/Xcode/DerivedData/Chatlio-erkyzdeecsohoaggpwbjdvavzqfv/Build/Intermediates.noindex/DTCoreText.build/Debug-iphonesimulator/DTCoreText.build/Objects-normal/arm64/e6072d4f65d7061329687fe24e3d63a7-common-args.resp -include /Users/aadityasingh/Library/Developer/Xcode/DerivedData/Chatlio-erkyzdeecsohoaggpwbjdvavzqfv/Build/Intermediates.noindex/DTCoreText.build/Debug-iphonesimulator/DTCoreText.build/DerivedSources/resource_bundle_accessor.h -MMD -MT dependencies -MF /Users/aadityasingh/Library/Developer/Xcode/DerivedData/Chatlio-erkyzdeecsohoaggpwbjdvavzqfv/Build/Intermediates.noindex/DTCoreText.build/Debug-iphonesimulator/DTCoreText.build/Objects-normal/arm64/DTTextAttachmentHTMLElement.d --serialize-diagnostics /Users/aadityasingh/Library/Developer/Xcode/DerivedData/Chatlio-erkyzdeecsohoaggpwbjdvavzqfv/Build/Intermediates.noindex/DTCoreText.build/Debug-iphonesimulator/DTCoreText.build/Objects-normal/arm64/DTTextAttachmentHTMLElement.dia -c /Users/aadityasingh/Library/Developer/Xcode/DerivedData/Chatlio-erkyzdeecsohoaggpwbjdvavzqfv/SourcePackages/checkouts/DTCoreText/Core/Source/DTTextAttachmentHTMLElement.m -o /Users/aadityasingh/Library/Developer/Xcode/DerivedData/Chatlio-erkyzdeecsohoaggpwbjdvavzqfv/Build/Intermediates.noindex/DTCoreText.build/Debug-iphonesimulator/DTCoreText.build/Objects-normal/arm64/DTTextAttachmentHTMLElement.o -index-unit-output-path /DTCoreText.build/Debug-iphonesimulator/DTCoreText.build/Objects-normal/arm64/DTTextAttachmentHTMLElement.o

CompileC /Users/aadityasingh/Library/Developer/Xcode/DerivedData/Chatlio-erkyzdeecsohoaggpwbjdvavzqfv/Build/Intermediates.noindex/DTCoreText.build/Debug-iphonesimulator/DTCoreText.build/Objects-normal/arm64/DTTextAttachment.o /Users/aadityasingh/Library/Developer/Xcode/DerivedData/Chatlio-erkyzdeecsohoaggpwbjdvavzqfv/SourcePackages/checkouts/DTCoreText/Core/Source/DTTextAttachment.m normal arm64 objective-c com.apple.compilers.llvm.clang.1_0.compiler (in target 'DTCoreText' from project 'DTCoreText')
    cd /Users/aadityasingh/Documents/Development/element-x-ios/Chatlio.xcodeproj
    
    Using response file: /Users/aadityasingh/Library/Developer/Xcode/DerivedData/Chatlio-erkyzdeecsohoaggpwbjdvavzqfv/Build/Intermediates.noindex/DTCoreText.build/Debug-iphonesimulator/DTCoreText.build/Objects-normal/arm64/e6072d4f65d7061329687fe24e3d63a7-common-args.resp
    
    /Applications/Xcode.app/Contents/Developer/Toolchains/XcodeDefault.xctoolchain/usr/bin/clang -x objective-c -ivfsstatcache /Users/aadityasingh/Library/Developer/Xcode/DerivedData/SDKStatCaches.noindex/iphonesimulator26.4-23E252-686eebb5dc1d8ecb277353a59184f4aa.sdkstatcache -target arm64-apple-ios12.0-simulator -fmessage-length\=0 -fdiagnostics-show-note-include-stack -fmacro-backtrace-limit\=0 -fno-color-diagnostics -fmodules-prune-interval\=86400 -fmodules-prune-after\=345600 -fbuild-session-file\=/Users/aadityasingh/Library/Developer/Xcode/DerivedData/ModuleCache.noindex/Session.modulevalidation -fmodules-validate-once-per-build-session -Wnon-modular-include-in-framework-module -Werror\=non-modular-include-in-framework-module -Wno-trigraphs -Wno-missing-field-initializers -Wno-missing-prototypes -Wno-return-type -Wno-implicit-atomic-properties -Wno-objc-interface-ivars -Wno-arc-repeated-use-of-weak -Wno-missing-braces -Wparentheses -Wswitch -Wno-unused-function -Wno-unused-label -Wno-unused-parameter -Wno-unused-variable -Wunused-value -Wno-empty-body -Wno-uninitialized -Wno-unknown-pragmas -w -Wno-shadow -Wno-four-char-constants -Wno-conversion -Wno-constant-conversion -Wno-int-conversion -Wno-bool-conversion -Wno-enum-conversion -Wno-float-conversion -Wno-non-literal-null-conversion -Wno-objc-literal-conversion -Wshorten-64-to-32 -Wpointer-sign -Wno-newline-eof -Wno-selector -Wno-strict-selector-match -Wno-undeclared-selector -Wno-deprecated-implementations -Wno-implicit-fallthrough -isysroot /Applications/Xcode.app/Contents/Developer/Platforms/iPhoneSimulator.platform/Developer/SDKs/iPhoneSimulator26.4.sdk -fstrict-aliasing -Wprotocol -Wdeprecated-declarations -Wno-sign-conversion -Wno-infinite-recursion -Wno-comma -Wno-block-capture-autoreleasing -Wno-strict-prototypes -Wno-semicolon-before-method-body -index-store-path /Users/aadityasingh/Library/Developer/Xcode/DerivedData/Chatlio-erkyzdeecsohoaggpwbjdvavzqfv/Index.noindex/DataStore @/Users/aadityasingh/Library/Developer/Xcode/DerivedData/Chatlio-erkyzdeecsohoaggpwbjdvavzqfv/Build/Intermediates.noindex/DTCoreText.build/Debug-iphonesimulator/DTCoreText.build/Objects-normal/arm64/e6072d4f65d7061329687fe24e3d63a7-common-args.resp -include /Users/aadityasingh/Library/Developer/Xcode/DerivedData/Chatlio-erkyzdeecsohoaggpwbjdvavzqfv/Build/Intermediates.noindex/DTCoreText.build/Debug-iphonesimulator/DTCoreText.build/DerivedSources/resource_bundle_accessor.h -MMD -MT dependencies -MF /Users/aadityasingh/Library/Developer/Xcode/DerivedData/Chatlio-erkyzdeecsohoaggpwbjdvavzqfv/Build/Intermediates.noindex/DTCoreText.build/Debug-iphonesimulator/DTCoreText.build/Objects-normal/arm64/DTTextAttachment.d --serialize-diagnostics /Users/aadityasingh/Library/Developer/Xcode/DerivedData/Chatlio-erkyzdeecsohoaggpwbjdvavzqfv/Build/Intermediates.noindex/DTCoreText.build/Debug-iphonesimulator/DTCoreText.build/Objects-normal/arm64/DTTextAttachment.dia -c /Users/aadityasingh/Library/Developer/Xcode/DerivedData/Chatlio-erkyzdeecsohoaggpwbjdvavzqfv/SourcePackages/checkouts/DTCoreText/Core/Source/DTTextAttachment.m -o /Users/aadityasingh/Library/Developer/Xcode/DerivedData/Chatlio-erkyzdeecsohoaggpwbjdvavzqfv/Build/Intermediates.noindex/DTCoreText.build/Debug-iphonesimulator/DTCoreText.build/Objects-normal/arm64/DTTextAttachment.o -index-unit-output-path /DTCoreText.build/Debug-iphonesimulator/DTCoreText.build/Objects-normal/arm64/DTTextAttachment.o

CompileC /Users/aadityasingh/Library/Developer/Xcode/DerivedData/Chatlio-erkyzdeecsohoaggpwbjdvavzqfv/Build/Intermediates.noindex/DTCoreText.build/Debug-iphonesimulator/DTCoreText.build/Objects-normal/arm64/DTStylesheetHTMLElement.o /Users/aadityasingh/Library/Developer/Xcode/DerivedData/Chatlio-erkyzdeecsohoaggpwbjdvavzqfv/SourcePackages/checkouts/DTCoreText/Core/Source/DTStylesheetHTMLElement.m normal arm64 objective-c com.apple.compilers.llvm.clang.1_0.compiler (in target 'DTCoreText' from project 'DTCoreText')
    cd /Users/aadityasingh/Documents/Development/element-x-ios/Chatlio.xcodeproj
    
    Using response file: /Users/aadityasingh/Library/Developer/Xcode/DerivedData/Chatlio-erkyzdeecsohoaggpwbjdvavzqfv/Build/Intermediates.noindex/DTCoreText.build/Debug-iphonesimulator/DTCoreText.build/Objects-normal/arm64/e6072d4f65d7061329687fe24e3d63a7-common-args.resp
    
    /Applications/Xcode.app/Contents/Developer/Toolchains/XcodeDefault.xctoolchain/usr/bin/clang -x objective-c -ivfsstatcache /Users/aadityasingh/Library/Developer/Xcode/DerivedData/SDKStatCaches.noindex/iphonesimulator26.4-23E252-686eebb5dc1d8ecb277353a59184f4aa.sdkstatcache -target arm64-apple-ios12.0-simulator -fmessage-length\=0 -fdiagnostics-show-note-include-stack -fmacro-backtrace-limit\=0 -fno-color-diagnostics -fmodules-prune-interval\=86400 -fmodules-prune-after\=345600 -fbuild-session-file\=/Users/aadityasingh/Library/Developer/Xcode/DerivedData/ModuleCache.noindex/Session.modulevalidation -fmodules-validate-once-per-build-session -Wnon-modular-include-in-framework-module -Werror\=non-modular-include-in-framework-module -Wno-trigraphs -Wno-missing-field-initializers -Wno-missing-prototypes -Wno-return-type -Wno-implicit-atomic-properties -Wno-objc-interface-ivars -Wno-arc-repeated-use-of-weak -Wno-missing-braces -Wparentheses -Wswitch -Wno-unused-function -Wno-unused-label -Wno-unused-parameter -Wno-unused-variable -Wunused-value -Wno-empty-body -Wno-uninitialized -Wno-unknown-pragmas -w -Wno-shadow -Wno-four-char-constants -Wno-conversion -Wno-constant-conversion -Wno-int-conversion -Wno-bool-conversion -Wno-enum-conversion -Wno-float-conversion -Wno-non-literal-null-conversion -Wno-objc-literal-conversion -Wshorten-64-to-32 -Wpointer-sign -Wno-newline-eof -Wno-selector -Wno-strict-selector-match -Wno-undeclared-selector -Wno-deprecated-implementations -Wno-implicit-fallthrough -isysroot /Applications/Xcode.app/Contents/Developer/Platforms/iPhoneSimulator.platform/Developer/SDKs/iPhoneSimulator26.4.sdk -fstrict-aliasing -Wprotocol -Wdeprecated-declarations -Wno-sign-conversion -Wno-infinite-recursion -Wno-comma -Wno-block-capture-autoreleasing -Wno-strict-prototypes -Wno-semicolon-before-method-body -index-store-path /Users/aadityasingh/Library/Developer/Xcode/DerivedData/Chatlio-erkyzdeecsohoaggpwbjdvavzqfv/Index.noindex/DataStore @/Users/aadityasingh/Library/Developer/Xcode/DerivedData/Chatlio-erkyzdeecsohoaggpwbjdvavzqfv/Build/Intermediates.noindex/DTCoreText.build/Debug-iphonesimulator/DTCoreText.build/Objects-normal/arm64/e6072d4f65d7061329687fe24e3d63a7-common-args.resp -include /Users/aadityasingh/Library/Developer/Xcode/DerivedData/Chatlio-erkyzdeecsohoaggpwbjdvavzqfv/Build/Intermediates.noindex/DTCoreText.build/Debug-iphonesimulator/DTCoreText.build/DerivedSources/resource_bundle_accessor.h -MMD -MT dependencies -MF /Users/aadityasingh/Library/Developer/Xcode/DerivedData/Chatlio-erkyzdeecsohoaggpwbjdvavzqfv/Build/Intermediates.noindex/DTCoreText.build/Debug-iphonesimulator/DTCoreText.build/Objects-normal/arm64/DTStylesheetHTMLElement.d --serialize-diagnostics /Users/aadityasingh/Library/Developer/Xcode/DerivedData/Chatlio-erkyzdeecsohoaggpwbjdvavzqfv/Build/Intermediates.noindex/DTCoreText.build/Debug-iphonesimulator/DTCoreText.build/Objects-normal/arm64/DTStylesheetHTMLElement.dia -c /Users/aadityasingh/Library/Developer/Xcode/DerivedData/Chatlio-erkyzdeecsohoaggpwbjdvavzqfv/SourcePackages/checkouts/DTCoreText/Core/Source/DTStylesheetHTMLElement.m -o /Users/aadityasingh/Library/Developer/Xcode/DerivedData/Chatlio-erkyzdeecsohoaggpwbjdvavzqfv/Build/Intermediates.noindex/DTCoreText.build/Debug-iphonesimulator/DTCoreText.build/Objects-normal/arm64/DTStylesheetHTMLElement.o -index-unit-output-path /DTCoreText.build/Debug-iphonesimulator/DTCoreText.build/Objects-normal/arm64/DTStylesheetHTMLElement.o

CompileC /Users/aadityasingh/Library/Developer/Xcode/DerivedData/Chatlio-erkyzdeecsohoaggpwbjdvavzqfv/Build/Intermediates.noindex/DTCoreText.build/Debug-iphonesimulator/DTCoreText.build/Objects-normal/arm64/DTObjectTextAttachment.o /Users/aadityasingh/Library/Developer/Xcode/DerivedData/Chatlio-erkyzdeecsohoaggpwbjdvavzqfv/SourcePackages/checkouts/DTCoreText/Core/Source/DTObjectTextAttachment.m normal arm64 objective-c com.apple.compilers.llvm.clang.1_0.compiler (in target 'DTCoreText' from project 'DTCoreText')
    cd /Users/aadityasingh/Documents/Development/element-x-ios/Chatlio.xcodeproj
    
    Using response file: /Users/aadityasingh/Library/Developer/Xcode/DerivedData/Chatlio-erkyzdeecsohoaggpwbjdvavzqfv/Build/Intermediates.noindex/DTCoreText.build/Debug-iphonesimulator/DTCoreText.build/Objects-normal/arm64/e6072d4f65d7061329687fe24e3d63a7-common-args.resp
    
    /Applications/Xcode.app/Contents/Developer/Toolchains/XcodeDefault.xctoolchain/usr/bin/clang -x objective-c -ivfsstatcache /Users/aadityasingh/Library/Developer/Xcode/DerivedData/SDKStatCaches.noindex/iphonesimulator26.4-23E252-686eebb5dc1d8ecb277353a59184f4aa.sdkstatcache -target arm64-apple-ios12.0-simulator -fmessage-length\=0 -fdiagnostics-show-note-include-stack -fmacro-backtrace-limit\=0 -fno-color-diagnostics -fmodules-prune-interval\=86400 -fmodules-prune-after\=345600 -fbuild-session-file\=/Users/aadityasingh/Library/Developer/Xcode/DerivedData/ModuleCache.noindex/Session.modulevalidation -fmodules-validate-once-per-build-session -Wnon-modular-include-in-framework-module -Werror\=non-modular-include-in-framework-module -Wno-trigraphs -Wno-missing-field-initializers -Wno-missing-prototypes -Wno-return-type -Wno-implicit-atomic-properties -Wno-objc-interface-ivars -Wno-arc-repeated-use-of-weak -Wno-missing-braces -Wparentheses -Wswitch -Wno-unused-function -Wno-unused-label -Wno-unused-parameter -Wno-unused-variable -Wunused-value -Wno-empty-body -Wno-uninitialized -Wno-unknown-pragmas -w -Wno-shadow -Wno-four-char-constants -Wno-conversion -Wno-constant-conversion -Wno-int-conversion -Wno-bool-conversion -Wno-enum-conversion -Wno-float-conversion -Wno-non-literal-null-conversion -Wno-objc-literal-conversion -Wshorten-64-to-32 -Wpointer-sign -Wno-newline-eof -Wno-selector -Wno-strict-selector-match -Wno-undeclared-selector -Wno-deprecated-implementations -Wno-implicit-fallthrough -isysroot /Applications/Xcode.app/Contents/Developer/Platforms/iPhoneSimulator.platform/Developer/SDKs/iPhoneSimulator26.4.sdk -fstrict-aliasing -Wprotocol -Wdeprecated-declarations -Wno-sign-conversion -Wno-infinite-recursion -Wno-comma -Wno-block-capture-autoreleasing -Wno-strict-prototypes -Wno-semicolon-before-method-body -index-store-path /Users/aadityasingh/Library/Developer/Xcode/DerivedData/Chatlio-erkyzdeecsohoaggpwbjdvavzqfv/Index.noindex/DataStore @/Users/aadityasingh/Library/Developer/Xcode/DerivedData/Chatlio-erkyzdeecsohoaggpwbjdvavzqfv/Build/Intermediates.noindex/DTCoreText.build/Debug-iphonesimulator/DTCoreText.build/Objects-normal/arm64/e6072d4f65d7061329687fe24e3d63a7-common-args.resp -include /Users/aadityasingh/Library/Developer/Xcode/DerivedData/Chatlio-erkyzdeecsohoaggpwbjdvavzqfv/Build/Intermediates.noindex/DTCoreText.build/Debug-iphonesimulator/DTCoreText.build/DerivedSources/resource_bundle_accessor.h -MMD -MT dependencies -MF /Users/aadityasingh/Library/Developer/Xcode/DerivedData/Chatlio-erkyzdeecsohoaggpwbjdvavzqfv/Build/Intermediates.noindex/DTCoreText.build/Debug-iphonesimulator/DTCoreText.build/Objects-normal/arm64/DTObjectTextAttachment.d --serialize-diagnostics /Users/aadityasingh/Library/Developer/Xcode/DerivedData/Chatlio-erkyzdeecsohoaggpwbjdvavzqfv/Build/Intermediates.noindex/DTCoreText.build/Debug-iphonesimulator/DTCoreText.build/Objects-normal/arm64/DTObjectTextAttachment.dia -c /Users/aadityasingh/Library/Developer/Xcode/DerivedData/Chatlio-erkyzdeecsohoaggpwbjdvavzqfv/SourcePackages/checkouts/DTCoreText/Core/Source/DTObjectTextAttachment.m -o /Users/aadityasingh/Library/Developer/Xcode/DerivedData/Chatlio-erkyzdeecsohoaggpwbjdvavzqfv/Build/Intermediates.noindex/DTCoreText.build/Debug-iphonesimulator/DTCoreText.build/Objects-normal/arm64/DTObjectTextAttachment.o -index-unit-output-path /DTCoreText.build/Debug-iphonesimulator/DTCoreText.build/Objects-normal/arm64/DTObjectTextAttachment.o

CompileC /Users/aadityasingh/Library/Developer/Xcode/DerivedData/Chatlio-erkyzdeecsohoaggpwbjdvavzqfv/Build/Intermediates.noindex/DTCoreText.build/Debug-iphonesimulator/DTCoreText.build/Objects-normal/arm64/DTListItemHTMLElement.o /Users/aadityasingh/Library/Developer/Xcode/DerivedData/Chatlio-erkyzdeecsohoaggpwbjdvavzqfv/SourcePackages/checkouts/DTCoreText/Core/Source/DTListItemHTMLElement.m normal arm64 objective-c com.apple.compilers.llvm.clang.1_0.compiler (in target 'DTCoreText' from project 'DTCoreText')
    cd /Users/aadityasingh/Documents/Development/element-x-ios/Chatlio.xcodeproj
    
    Using response file: /Users/aadityasingh/Library/Developer/Xcode/DerivedData/Chatlio-erkyzdeecsohoaggpwbjdvavzqfv/Build/Intermediates.noindex/DTCoreText.build/Debug-iphonesimulator/DTCoreText.build/Objects-normal/arm64/e6072d4f65d7061329687fe24e3d63a7-common-args.resp
    
    /Applications/Xcode.app/Contents/Developer/Toolchains/XcodeDefault.xctoolchain/usr/bin/clang -x objective-c -ivfsstatcache /Users/aadityasingh/Library/Developer/Xcode/DerivedData/SDKStatCaches.noindex/iphonesimulator26.4-23E252-686eebb5dc1d8ecb277353a59184f4aa.sdkstatcache -target arm64-apple-ios12.0-simulator -fmessage-length\=0 -fdiagnostics-show-note-include-stack -fmacro-backtrace-limit\=0 -fno-color-diagnostics -fmodules-prune-interval\=86400 -fmodules-prune-after\=345600 -fbuild-session-file\=/Users/aadityasingh/Library/Developer/Xcode/DerivedData/ModuleCache.noindex/Session.modulevalidation -fmodules-validate-once-per-build-session -Wnon-modular-include-in-framework-module -Werror\=non-modular-include-in-framework-module -Wno-trigraphs -Wno-missing-field-initializers -Wno-missing-prototypes -Wno-return-type -Wno-implicit-atomic-properties -Wno-objc-interface-ivars -Wno-arc-repeated-use-of-weak -Wno-missing-braces -Wparentheses -Wswitch -Wno-unused-function -Wno-unused-label -Wno-unused-parameter -Wno-unused-variable -Wunused-value -Wno-empty-body -Wno-uninitialized -Wno-unknown-pragmas -w -Wno-shadow -Wno-four-char-constants -Wno-conversion -Wno-constant-conversion -Wno-int-conversion -Wno-bool-conversion -Wno-enum-conversion -Wno-float-conversion -Wno-non-literal-null-conversion -Wno-objc-literal-conversion -Wshorten-64-to-32 -Wpointer-sign -Wno-newline-eof -Wno-selector -Wno-strict-selector-match -Wno-undeclared-selector -Wno-deprecated-implementations -Wno-implicit-fallthrough -isysroot /Applications/Xcode.app/Contents/Developer/Platforms/iPhoneSimulator.platform/Developer/SDKs/iPhoneSimulator26.4.sdk -fstrict-aliasing -Wprotocol -Wdeprecated-declarations -Wno-sign-conversion -Wno-infinite-recursion -Wno-comma -Wno-block-capture-autoreleasing -Wno-strict-prototypes -Wno-semicolon-before-method-body -index-store-path /Users/aadityasingh/Library/Developer/Xcode/DerivedData/Chatlio-erkyzdeecsohoaggpwbjdvavzqfv/Index.noindex/DataStore @/Users/aadityasingh/Library/Developer/Xcode/DerivedData/Chatlio-erkyzdeecsohoaggpwbjdvavzqfv/Build/Intermediates.noindex/DTCoreText.build/Debug-iphonesimulator/DTCoreText.build/Objects-normal/arm64/e6072d4f65d7061329687fe24e3d63a7-common-args.resp -include /Users/aadityasingh/Library/Developer/Xcode/DerivedData/Chatlio-erkyzdeecsohoaggpwbjdvavzqfv/Build/Intermediates.noindex/DTCoreText.build/Debug-iphonesimulator/DTCoreText.build/DerivedSources/resource_bundle_accessor.h -MMD -MT dependencies -MF /Users/aadityasingh/Library/Developer/Xcode/DerivedData/Chatlio-erkyzdeecsohoaggpwbjdvavzqfv/Build/Intermediates.noindex/DTCoreText.build/Debug-iphonesimulator/DTCoreText.build/Objects-normal/arm64/DTListItemHTMLElement.d --serialize-diagnostics /Users/aadityasingh/Library/Developer/Xcode/DerivedData/Chatlio-erkyzdeecsohoaggpwbjdvavzqfv/Build/Intermediates.noindex/DTCoreText.build/Debug-iphonesimulator/DTCoreText.build/Objects-normal/arm64/DTListItemHTMLElement.dia -c /Users/aadityasingh/Library/Developer/Xcode/DerivedData/Chatlio-erkyzdeecsohoaggpwbjdvavzqfv/SourcePackages/checkouts/DTCoreText/Core/Source/DTListItemHTMLElement.m -o /Users/aadityasingh/Library/Developer/Xcode/DerivedData/Chatlio-erkyzdeecsohoaggpwbjdvavzqfv/Build/Intermediates.noindex/DTCoreText.build/Debug-iphonesimulator/DTCoreText.build/Objects-normal/arm64/DTListItemHTMLElement.o -index-unit-output-path /DTCoreText.build/Debug-iphonesimulator/DTCoreText.build/Objects-normal/arm64/DTListItemHTMLElement.o

CompileC /Users/aadityasingh/Library/Developer/Xcode/DerivedData/Chatlio-erkyzdeecsohoaggpwbjdvavzqfv/Build/Intermediates.noindex/DTCoreText.build/Debug-iphonesimulator/DTCoreText.build/Objects-normal/arm64/DTLinkButton.o /Users/aadityasingh/Library/Developer/Xcode/DerivedData/Chatlio-erkyzdeecsohoaggpwbjdvavzqfv/SourcePackages/checkouts/DTCoreText/Core/Source/DTLinkButton.m normal arm64 objective-c com.apple.compilers.llvm.clang.1_0.compiler (in target 'DTCoreText' from project 'DTCoreText')
    cd /Users/aadityasingh/Documents/Development/element-x-ios/Chatlio.xcodeproj
    
    Using response file: /Users/aadityasingh/Library/Developer/Xcode/DerivedData/Chatlio-erkyzdeecsohoaggpwbjdvavzqfv/Build/Intermediates.noindex/DTCoreText.build/Debug-iphonesimulator/DTCoreText.build/Objects-normal/arm64/e6072d4f65d7061329687fe24e3d63a7-common-args.resp
    
    /Applications/Xcode.app/Contents/Developer/Toolchains/XcodeDefault.xctoolchain/usr/bin/clang -x objective-c -ivfsstatcache /Users/aadityasingh/Library/Developer/Xcode/DerivedData/SDKStatCaches.noindex/iphonesimulator26.4-23E252-686eebb5dc1d8ecb277353a59184f4aa.sdkstatcache -target arm64-apple-ios12.0-simulator -fmessage-length\=0 -fdiagnostics-show-note-include-stack -fmacro-backtrace-limit\=0 -fno-color-diagnostics -fmodules-prune-interval\=86400 -fmodules-prune-after\=345600 -fbuild-session-file\=/Users/aadityasingh/Library/Developer/Xcode/DerivedData/ModuleCache.noindex/Session.modulevalidation -fmodules-validate-once-per-build-session -Wnon-modular-include-in-framework-module -Werror\=non-modular-include-in-framework-module -Wno-trigraphs -Wno-missing-field-initializers -Wno-missing-prototypes -Wno-return-type -Wno-implicit-atomic-properties -Wno-objc-interface-ivars -Wno-arc-repeated-use-of-weak -Wno-missing-braces -Wparentheses -Wswitch -Wno-unused-function -Wno-unused-label -Wno-unused-parameter -Wno-unused-variable -Wunused-value -Wno-empty-body -Wno-uninitialized -Wno-unknown-pragmas -w -Wno-shadow -Wno-four-char-constants -Wno-conversion -Wno-constant-conversion -Wno-int-conversion -Wno-bool-conversion -Wno-enum-conversion -Wno-float-conversion -Wno-non-literal-null-conversion -Wno-objc-literal-conversion -Wshorten-64-to-32 -Wpointer-sign -Wno-newline-eof -Wno-selector -Wno-strict-selector-match -Wno-undeclared-selector -Wno-deprecated-implementations -Wno-implicit-fallthrough -isysroot /Applications/Xcode.app/Contents/Developer/Platforms/iPhoneSimulator.platform/Developer/SDKs/iPhoneSimulator26.4.sdk -fstrict-aliasing -Wprotocol -Wdeprecated-declarations -Wno-sign-conversion -Wno-infinite-recursion -Wno-comma -Wno-block-capture-autoreleasing -Wno-strict-prototypes -Wno-semicolon-before-method-body -index-store-path /Users/aadityasingh/Library/Developer/Xcode/DerivedData/Chatlio-erkyzdeecsohoaggpwbjdvavzqfv/Index.noindex/DataStore @/Users/aadityasingh/Library/Developer/Xcode/DerivedData/Chatlio-erkyzdeecsohoaggpwbjdvavzqfv/Build/Intermediates.noindex/DTCoreText.build/Debug-iphonesimulator/DTCoreText.build/Objects-normal/arm64/e6072d4f65d7061329687fe24e3d63a7-common-args.resp -include /Users/aadityasingh/Library/Developer/Xcode/DerivedData/Chatlio-erkyzdeecsohoaggpwbjdvavzqfv/Build/Intermediates.noindex/DTCoreText.build/Debug-iphonesimulator/DTCoreText.build/DerivedSources/resource_bundle_accessor.h -MMD -MT dependencies -MF /Users/aadityasingh/Library/Developer/Xcode/DerivedData/Chatlio-erkyzdeecsohoaggpwbjdvavzqfv/Build/Intermediates.noindex/DTCoreText.build/Debug-iphonesimulator/DTCoreText.build/Objects-normal/arm64/DTLinkButton.d --serialize-diagnostics /Users/aadityasingh/Library/Developer/Xcode/DerivedData/Chatlio-erkyzdeecsohoaggpwbjdvavzqfv/Build/Intermediates.noindex/DTCoreText.build/Debug-iphonesimulator/DTCoreText.build/Objects-normal/arm64/DTLinkButton.dia -c /Users/aadityasingh/Library/Developer/Xcode/DerivedData/Chatlio-erkyzdeecsohoaggpwbjdvavzqfv/SourcePackages/checkouts/DTCoreText/Core/Source/DTLinkButton.m -o /Users/aadityasingh/Library/Developer/Xcode/DerivedData/Chatlio-erkyzdeecsohoaggpwbjdvavzqfv/Build/Intermediates.noindex/DTCoreText.build/Debug-iphonesimulator/DTCoreText.build/Objects-normal/arm64/DTLinkButton.o -index-unit-output-path /DTCoreText.build/Debug-iphonesimulator/DTCoreText.build/Objects-normal/arm64/DTLinkButton.o

SwiftDriverJobDiscovery normal x86_64 Compiling WaveformRenderer.swift (in target 'DSWaveformImage' from project 'DSWaveformImage')

CompileC /Users/aadityasingh/Library/Developer/Xcode/DerivedData/Chatlio-erkyzdeecsohoaggpwbjdvavzqfv/Build/Intermediates.noindex/DTCoreText.build/Debug-iphonesimulator/DTCoreText.build/Objects-normal/arm64/DTLazyImageView.o /Users/aadityasingh/Library/Developer/Xcode/DerivedData/Chatlio-erkyzdeecsohoaggpwbjdvavzqfv/SourcePackages/checkouts/DTCoreText/Core/Source/DTLazyImageView.m normal arm64 objective-c com.apple.compilers.llvm.clang.1_0.compiler (in target 'DTCoreText' from project 'DTCoreText')
    cd /Users/aadityasingh/Documents/Development/element-x-ios/Chatlio.xcodeproj
    
    Using response file: /Users/aadityasingh/Library/Developer/Xcode/DerivedData/Chatlio-erkyzdeecsohoaggpwbjdvavzqfv/Build/Intermediates.noindex/DTCoreText.build/Debug-iphonesimulator/DTCoreText.build/Objects-normal/arm64/e6072d4f65d7061329687fe24e3d63a7-common-args.resp
    
    /Applications/Xcode.app/Contents/Developer/Toolchains/XcodeDefault.xctoolchain/usr/bin/clang -x objective-c -ivfsstatcache /Users/aadityasingh/Library/Developer/Xcode/DerivedData/SDKStatCaches.noindex/iphonesimulator26.4-23E252-686eebb5dc1d8ecb277353a59184f4aa.sdkstatcache -target arm64-apple-ios12.0-simulator -fmessage-length\=0 -fdiagnostics-show-note-include-stack -fmacro-backtrace-limit\=0 -fno-color-diagnostics -fmodules-prune-interval\=86400 -fmodules-prune-after\=345600 -fbuild-session-file\=/Users/aadityasingh/Library/Developer/Xcode/DerivedData/ModuleCache.noindex/Session.modulevalidation -fmodules-validate-once-per-build-session -Wnon-modular-include-in-framework-module -Werror\=non-modular-include-in-framework-module -Wno-trigraphs -Wno-missing-field-initializers -Wno-missing-prototypes -Wno-return-type -Wno-implicit-atomic-properties -Wno-objc-interface-ivars -Wno-arc-repeated-use-of-weak -Wno-missing-braces -Wparentheses -Wswitch -Wno-unused-function -Wno-unused-label -Wno-unused-parameter -Wno-unused-variable -Wunused-value -Wno-empty-body -Wno-uninitialized -Wno-unknown-pragmas -w -Wno-shadow -Wno-four-char-constants -Wno-conversion -Wno-constant-conversion -Wno-int-conversion -Wno-bool-conversion -Wno-enum-conversion -Wno-float-conversion -Wno-non-literal-null-conversion -Wno-objc-literal-conversion -Wshorten-64-to-32 -Wpointer-sign -Wno-newline-eof -Wno-selector -Wno-strict-selector-match -Wno-undeclared-selector -Wno-deprecated-implementations -Wno-implicit-fallthrough -isysroot /Applications/Xcode.app/Contents/Developer/Platforms/iPhoneSimulator.platform/Developer/SDKs/iPhoneSimulator26.4.sdk -fstrict-aliasing -Wprotocol -Wdeprecated-declarations -Wno-sign-conversion -Wno-infinite-recursion -Wno-comma -Wno-block-capture-autoreleasing -Wno-strict-prototypes -Wno-semicolon-before-method-body -index-store-path /Users/aadityasingh/Library/Developer/Xcode/DerivedData/Chatlio-erkyzdeecsohoaggpwbjdvavzqfv/Index.noindex/DataStore @/Users/aadityasingh/Library/Developer/Xcode/DerivedData/Chatlio-erkyzdeecsohoaggpwbjdvavzqfv/Build/Intermediates.noindex/DTCoreText.build/Debug-iphonesimulator/DTCoreText.build/Objects-normal/arm64/e6072d4f65d7061329687fe24e3d63a7-common-args.resp -include /Users/aadityasingh/Library/Developer/Xcode/DerivedData/Chatlio-erkyzdeecsohoaggpwbjdvavzqfv/Build/Intermediates.noindex/DTCoreText.build/Debug-iphonesimulator/DTCoreText.build/DerivedSources/resource_bundle_accessor.h -MMD -MT dependencies -MF /Users/aadityasingh/Library/Developer/Xcode/DerivedData/Chatlio-erkyzdeecsohoaggpwbjdvavzqfv/Build/Intermediates.noindex/DTCoreText.build/Debug-iphonesimulator/DTCoreText.build/Objects-normal/arm64/DTLazyImageView.d --serialize-diagnostics /Users/aadityasingh/Library/Developer/Xcode/DerivedData/Chatlio-erkyzdeecsohoaggpwbjdvavzqfv/Build/Intermediates.noindex/DTCoreText.build/Debug-iphonesimulator/DTCoreText.build/Objects-normal/arm64/DTLazyImageView.dia -c /Users/aadityasingh/Library/Developer/Xcode/DerivedData/Chatlio-erkyzdeecsohoaggpwbjdvavzqfv/SourcePackages/checkouts/DTCoreText/Core/Source/DTLazyImageView.m -o /Users/aadityasingh/Library/Developer/Xcode/DerivedData/Chatlio-erkyzdeecsohoaggpwbjdvavzqfv/Build/Intermediates.noindex/DTCoreText.build/Debug-iphonesimulator/DTCoreText.build/Objects-normal/arm64/DTLazyImageView.o -index-unit-output-path /DTCoreText.build/Debug-iphonesimulator/DTCoreText.build/Objects-normal/arm64/DTLazyImageView.o

CompileC /Users/aadityasingh/Library/Developer/Xcode/DerivedData/Chatlio-erkyzdeecsohoaggpwbjdvavzqfv/Build/Intermediates.noindex/DTCoreText.build/Debug-iphonesimulator/DTCoreText.build/Objects-normal/arm64/DTImageTextAttachment.o /Users/aadityasingh/Library/Developer/Xcode/DerivedData/Chatlio-erkyzdeecsohoaggpwbjdvavzqfv/SourcePackages/checkouts/DTCoreText/Core/Source/DTImageTextAttachment.m normal arm64 objective-c com.apple.compilers.llvm.clang.1_0.compiler (in target 'DTCoreText' from project 'DTCoreText')
    cd /Users/aadityasingh/Documents/Development/element-x-ios/Chatlio.xcodeproj
    
    Using response file: /Users/aadityasingh/Library/Developer/Xcode/DerivedData/Chatlio-erkyzdeecsohoaggpwbjdvavzqfv/Build/Intermediates.noindex/DTCoreText.build/Debug-iphonesimulator/DTCoreText.build/Objects-normal/arm64/e6072d4f65d7061329687fe24e3d63a7-common-args.resp
    
    /Applications/Xcode.app/Contents/Developer/Toolchains/XcodeDefault.xctoolchain/usr/bin/clang -x objective-c -ivfsstatcache /Users/aadityasingh/Library/Developer/Xcode/DerivedData/SDKStatCaches.noindex/iphonesimulator26.4-23E252-686eebb5dc1d8ecb277353a59184f4aa.sdkstatcache -target arm64-apple-ios12.0-simulator -fmessage-length\=0 -fdiagnostics-show-note-include-stack -fmacro-backtrace-limit\=0 -fno-color-diagnostics -fmodules-prune-interval\=86400 -fmodules-prune-after\=345600 -fbuild-session-file\=/Users/aadityasingh/Library/Developer/Xcode/DerivedData/ModuleCache.noindex/Session.modulevalidation -fmodules-validate-once-per-build-session -Wnon-modular-include-in-framework-module -Werror\=non-modular-include-in-framework-module -Wno-trigraphs -Wno-missing-field-initializers -Wno-missing-prototypes -Wno-return-type -Wno-implicit-atomic-properties -Wno-objc-interface-ivars -Wno-arc-repeated-use-of-weak -Wno-missing-braces -Wparentheses -Wswitch -Wno-unused-function -Wno-unused-label -Wno-unused-parameter -Wno-unused-variable -Wunused-value -Wno-empty-body -Wno-uninitialized -Wno-unknown-pragmas -w -Wno-shadow -Wno-four-char-constants -Wno-conversion -Wno-constant-conversion -Wno-int-conversion -Wno-bool-conversion -Wno-enum-conversion -Wno-float-conversion -Wno-non-literal-null-conversion -Wno-objc-literal-conversion -Wshorten-64-to-32 -Wpointer-sign -Wno-newline-eof -Wno-selector -Wno-strict-selector-match -Wno-undeclared-selector -Wno-deprecated-implementations -Wno-implicit-fallthrough -isysroot /Applications/Xcode.app/Contents/Developer/Platforms/iPhoneSimulator.platform/Developer/SDKs/iPhoneSimulator26.4.sdk -fstrict-aliasing -Wprotocol -Wdeprecated-declarations -Wno-sign-conversion -Wno-infinite-recursion -Wno-comma -Wno-block-capture-autoreleasing -Wno-strict-prototypes -Wno-semicolon-before-method-body -index-store-path /Users/aadityasingh/Library/Developer/Xcode/DerivedData/Chatlio-erkyzdeecsohoaggpwbjdvavzqfv/Index.noindex/DataStore @/Users/aadityasingh/Library/Developer/Xcode/DerivedData/Chatlio-erkyzdeecsohoaggpwbjdvavzqfv/Build/Intermediates.noindex/DTCoreText.build/Debug-iphonesimulator/DTCoreText.build/Objects-normal/arm64/e6072d4f65d7061329687fe24e3d63a7-common-args.resp -include /Users/aadityasingh/Library/Developer/Xcode/DerivedData/Chatlio-erkyzdeecsohoaggpwbjdvavzqfv/Build/Intermediates.noindex/DTCoreText.build/Debug-iphonesimulator/DTCoreText.build/DerivedSources/resource_bundle_accessor.h -MMD -MT dependencies -MF /Users/aadityasingh/Library/Developer/Xcode/DerivedData/Chatlio-erkyzdeecsohoaggpwbjdvavzqfv/Build/Intermediates.noindex/DTCoreText.build/Debug-iphonesimulator/DTCoreText.build/Objects-normal/arm64/DTImageTextAttachment.d --serialize-diagnostics /Users/aadityasingh/Library/Developer/Xcode/DerivedData/Chatlio-erkyzdeecsohoaggpwbjdvavzqfv/Build/Intermediates.noindex/DTCoreText.build/Debug-iphonesimulator/DTCoreText.build/Objects-normal/arm64/DTImageTextAttachment.dia -c /Users/aadityasingh/Library/Developer/Xcode/DerivedData/Chatlio-erkyzdeecsohoaggpwbjdvavzqfv/SourcePackages/checkouts/DTCoreText/Core/Source/DTImageTextAttachment.m -o /Users/aadityasingh/Library/Developer/Xcode/DerivedData/Chatlio-erkyzdeecsohoaggpwbjdvavzqfv/Build/Intermediates.noindex/DTCoreText.build/Debug-iphonesimulator/DTCoreText.build/Objects-normal/arm64/DTImageTextAttachment.o -index-unit-output-path /DTCoreText.build/Debug-iphonesimulator/DTCoreText.build/Objects-normal/arm64/DTImageTextAttachment.o

CompileC /Users/aadityasingh/Library/Developer/Xcode/DerivedData/Chatlio-erkyzdeecsohoaggpwbjdvavzqfv/Build/Intermediates.noindex/DTCoreText.build/Debug-iphonesimulator/DTCoreText.build/Objects-normal/arm64/DTIframeTextAttachment.o /Users/aadityasingh/Library/Developer/Xcode/DerivedData/Chatlio-erkyzdeecsohoaggpwbjdvavzqfv/SourcePackages/checkouts/DTCoreText/Core/Source/DTIframeTextAttachment.m normal arm64 objective-c com.apple.compilers.llvm.clang.1_0.compiler (in target 'DTCoreText' from project 'DTCoreText')
    cd /Users/aadityasingh/Documents/Development/element-x-ios/Chatlio.xcodeproj
    
    Using response file: /Users/aadityasingh/Library/Developer/Xcode/DerivedData/Chatlio-erkyzdeecsohoaggpwbjdvavzqfv/Build/Intermediates.noindex/DTCoreText.build/Debug-iphonesimulator/DTCoreText.build/Objects-normal/arm64/e6072d4f65d7061329687fe24e3d63a7-common-args.resp
    
    /Applications/Xcode.app/Contents/Developer/Toolchains/XcodeDefault.xctoolchain/usr/bin/clang -x objective-c -ivfsstatcache /Users/aadityasingh/Library/Developer/Xcode/DerivedData/SDKStatCaches.noindex/iphonesimulator26.4-23E252-686eebb5dc1d8ecb277353a59184f4aa.sdkstatcache -target arm64-apple-ios12.0-simulator -fmessage-length\=0 -fdiagnostics-show-note-include-stack -fmacro-backtrace-limit\=0 -fno-color-diagnostics -fmodules-prune-interval\=86400 -fmodules-prune-after\=345600 -fbuild-session-file\=/Users/aadityasingh/Library/Developer/Xcode/DerivedData/ModuleCache.noindex/Session.modulevalidation -fmodules-validate-once-per-build-session -Wnon-modular-include-in-framework-module -Werror\=non-modular-include-in-framework-module -Wno-trigraphs -Wno-missing-field-initializers -Wno-missing-prototypes -Wno-return-type -Wno-implicit-atomic-properties -Wno-objc-interface-ivars -Wno-arc-repeated-use-of-weak -Wno-missing-braces -Wparentheses -Wswitch -Wno-unused-function -Wno-unused-label -Wno-unused-parameter -Wno-unused-variable -Wunused-value -Wno-empty-body -Wno-uninitialized -Wno-unknown-pragmas -w -Wno-shadow -Wno-four-char-constants -Wno-conversion -Wno-constant-conversion -Wno-int-conversion -Wno-bool-conversion -Wno-enum-conversion -Wno-float-conversion -Wno-non-literal-null-conversion -Wno-objc-literal-conversion -Wshorten-64-to-32 -Wpointer-sign -Wno-newline-eof -Wno-selector -Wno-strict-selector-match -Wno-undeclared-selector -Wno-deprecated-implementations -Wno-implicit-fallthrough -isysroot /Applications/Xcode.app/Contents/Developer/Platforms/iPhoneSimulator.platform/Developer/SDKs/iPhoneSimulator26.4.sdk -fstrict-aliasing -Wprotocol -Wdeprecated-declarations -Wno-sign-conversion -Wno-infinite-recursion -Wno-comma -Wno-block-capture-autoreleasing -Wno-strict-prototypes -Wno-semicolon-before-method-body -index-store-path /Users/aadityasingh/Library/Developer/Xcode/DerivedData/Chatlio-erkyzdeecsohoaggpwbjdvavzqfv/Index.noindex/DataStore @/Users/aadityasingh/Library/Developer/Xcode/DerivedData/Chatlio-erkyzdeecsohoaggpwbjdvavzqfv/Build/Intermediates.noindex/DTCoreText.build/Debug-iphonesimulator/DTCoreText.build/Objects-normal/arm64/e6072d4f65d7061329687fe24e3d63a7-common-args.resp -include /Users/aadityasingh/Library/Developer/Xcode/DerivedData/Chatlio-erkyzdeecsohoaggpwbjdvavzqfv/Build/Intermediates.noindex/DTCoreText.build/Debug-iphonesimulator/DTCoreText.build/DerivedSources/resource_bundle_accessor.h -MMD -MT dependencies -MF /Users/aadityasingh/Library/Developer/Xcode/DerivedData/Chatlio-erkyzdeecsohoaggpwbjdvavzqfv/Build/Intermediates.noindex/DTCoreText.build/Debug-iphonesimulator/DTCoreText.build/Objects-normal/arm64/DTIframeTextAttachment.d --serialize-diagnostics /Users/aadityasingh/Library/Developer/Xcode/DerivedData/Chatlio-erkyzdeecsohoaggpwbjdvavzqfv/Build/Intermediates.noindex/DTCoreText.build/Debug-iphonesimulator/DTCoreText.build/Objects-normal/arm64/DTIframeTextAttachment.dia -c /Users/aadityasingh/Library/Developer/Xcode/DerivedData/Chatlio-erkyzdeecsohoaggpwbjdvavzqfv/SourcePackages/checkouts/DTCoreText/Core/Source/DTIframeTextAttachment.m -o /Users/aadityasingh/Library/Developer/Xcode/DerivedData/Chatlio-erkyzdeecsohoaggpwbjdvavzqfv/Build/Intermediates.noindex/DTCoreText.build/Debug-iphonesimulator/DTCoreText.build/Objects-normal/arm64/DTIframeTextAttachment.o -index-unit-output-path /DTCoreText.build/Debug-iphonesimulator/DTCoreText.build/Objects-normal/arm64/DTIframeTextAttachment.o

CompileC /Users/aadityasingh/Library/Developer/Xcode/DerivedData/Chatlio-erkyzdeecsohoaggpwbjdvavzqfv/Build/Intermediates.noindex/DTCoreText.build/Debug-iphonesimulator/DTCoreText.build/Objects-normal/arm64/DTHorizontalRuleHTMLElement.o /Users/aadityasingh/Library/Developer/Xcode/DerivedData/Chatlio-erkyzdeecsohoaggpwbjdvavzqfv/SourcePackages/checkouts/DTCoreText/Core/Source/DTHorizontalRuleHTMLElement.m normal arm64 objective-c com.apple.compilers.llvm.clang.1_0.compiler (in target 'DTCoreText' from project 'DTCoreText')
    cd /Users/aadityasingh/Documents/Development/element-x-ios/Chatlio.xcodeproj
    
    Using response file: /Users/aadityasingh/Library/Developer/Xcode/DerivedData/Chatlio-erkyzdeecsohoaggpwbjdvavzqfv/Build/Intermediates.noindex/DTCoreText.build/Debug-iphonesimulator/DTCoreText.build/Objects-normal/arm64/e6072d4f65d7061329687fe24e3d63a7-common-args.resp
    
    /Applications/Xcode.app/Contents/Developer/Toolchains/XcodeDefault.xctoolchain/usr/bin/clang -x objective-c -ivfsstatcache /Users/aadityasingh/Library/Developer/Xcode/DerivedData/SDKStatCaches.noindex/iphonesimulator26.4-23E252-686eebb5dc1d8ecb277353a59184f4aa.sdkstatcache -target arm64-apple-ios12.0-simulator -fmessage-length\=0 -fdiagnostics-show-note-include-stack -fmacro-backtrace-limit\=0 -fno-color-diagnostics -fmodules-prune-interval\=86400 -fmodules-prune-after\=345600 -fbuild-session-file\=/Users/aadityasingh/Library/Developer/Xcode/DerivedData/ModuleCache.noindex/Session.modulevalidation -fmodules-validate-once-per-build-session -Wnon-modular-include-in-framework-module -Werror\=non-modular-include-in-framework-module -Wno-trigraphs -Wno-missing-field-initializers -Wno-missing-prototypes -Wno-return-type -Wno-implicit-atomic-properties -Wno-objc-interface-ivars -Wno-arc-repeated-use-of-weak -Wno-missing-braces -Wparentheses -Wswitch -Wno-unused-function -Wno-unused-label -Wno-unused-parameter -Wno-unused-variable -Wunused-value -Wno-empty-body -Wno-uninitialized -Wno-unknown-pragmas -w -Wno-shadow -Wno-four-char-constants -Wno-conversion -Wno-constant-conversion -Wno-int-conversion -Wno-bool-conversion -Wno-enum-conversion -Wno-float-conversion -Wno-non-literal-null-conversion -Wno-objc-literal-conversion -Wshorten-64-to-32 -Wpointer-sign -Wno-newline-eof -Wno-selector -Wno-strict-selector-match -Wno-undeclared-selector -Wno-deprecated-implementations -Wno-implicit-fallthrough -isysroot /Applications/Xcode.app/Contents/Developer/Platforms/iPhoneSimulator.platform/Developer/SDKs/iPhoneSimulator26.4.sdk -fstrict-aliasing -Wprotocol -Wdeprecated-declarations -Wno-sign-conversion -Wno-infinite-recursion -Wno-comma -Wno-block-capture-autoreleasing -Wno-strict-prototypes -Wno-semicolon-before-method-body -index-store-path /Users/aadityasingh/Library/Developer/Xcode/DerivedData/Chatlio-erkyzdeecsohoaggpwbjdvavzqfv/Index.noindex/DataStore @/Users/aadityasingh/Library/Developer/Xcode/DerivedData/Chatlio-erkyzdeecsohoaggpwbjdvavzqfv/Build/Intermediates.noindex/DTCoreText.build/Debug-iphonesimulator/DTCoreText.build/Objects-normal/arm64/e6072d4f65d7061329687fe24e3d63a7-common-args.resp -include /Users/aadityasingh/Library/Developer/Xcode/DerivedData/Chatlio-erkyzdeecsohoaggpwbjdvavzqfv/Build/Intermediates.noindex/DTCoreText.build/Debug-iphonesimulator/DTCoreText.build/DerivedSources/resource_bundle_accessor.h -MMD -MT dependencies -MF /Users/aadityasingh/Library/Developer/Xcode/DerivedData/Chatlio-erkyzdeecsohoaggpwbjdvavzqfv/Build/Intermediates.noindex/DTCoreText.build/Debug-iphonesimulator/DTCoreText.build/Objects-normal/arm64/DTHorizontalRuleHTMLElement.d --serialize-diagnostics /Users/aadityasingh/Library/Developer/Xcode/DerivedData/Chatlio-erkyzdeecsohoaggpwbjdvavzqfv/Build/Intermediates.noindex/DTCoreText.build/Debug-iphonesimulator/DTCoreText.build/Objects-normal/arm64/DTHorizontalRuleHTMLElement.dia -c /Users/aadityasingh/Library/Developer/Xcode/DerivedData/Chatlio-erkyzdeecsohoaggpwbjdvavzqfv/SourcePackages/checkouts/DTCoreText/Core/Source/DTHorizontalRuleHTMLElement.m -o /Users/aadityasingh/Library/Developer/Xcode/DerivedData/Chatlio-erkyzdeecsohoaggpwbjdvavzqfv/Build/Intermediates.noindex/DTCoreText.build/Debug-iphonesimulator/DTCoreText.build/Objects-normal/arm64/DTHorizontalRuleHTMLElement.o -index-unit-output-path /DTCoreText.build/Debug-iphonesimulator/DTCoreText.build/Objects-normal/arm64/DTHorizontalRuleHTMLElement.o

CompileC /Users/aadityasingh/Library/Developer/Xcode/DerivedData/Chatlio-erkyzdeecsohoaggpwbjdvavzqfv/Build/Intermediates.noindex/DTCoreText.build/Debug-iphonesimulator/DTCoreText.build/Objects-normal/arm64/DTHTMLWriter.o /Users/aadityasingh/Library/Developer/Xcode/DerivedData/Chatlio-erkyzdeecsohoaggpwbjdvavzqfv/SourcePackages/checkouts/DTCoreText/Core/Source/DTHTMLWriter.m normal arm64 objective-c com.apple.compilers.llvm.clang.1_0.compiler (in target 'DTCoreText' from project 'DTCoreText')
    cd /Users/aadityasingh/Documents/Development/element-x-ios/Chatlio.xcodeproj
    
    Using response file: /Users/aadityasingh/Library/Developer/Xcode/DerivedData/Chatlio-erkyzdeecsohoaggpwbjdvavzqfv/Build/Intermediates.noindex/DTCoreText.build/Debug-iphonesimulator/DTCoreText.build/Objects-normal/arm64/e6072d4f65d7061329687fe24e3d63a7-common-args.resp
    
    /Applications/Xcode.app/Contents/Developer/Toolchains/XcodeDefault.xctoolchain/usr/bin/clang -x objective-c -ivfsstatcache /Users/aadityasingh/Library/Developer/Xcode/DerivedData/SDKStatCaches.noindex/iphonesimulator26.4-23E252-686eebb5dc1d8ecb277353a59184f4aa.sdkstatcache -target arm64-apple-ios12.0-simulator -fmessage-length\=0 -fdiagnostics-show-note-include-stack -fmacro-backtrace-limit\=0 -fno-color-diagnostics -fmodules-prune-interval\=86400 -fmodules-prune-after\=345600 -fbuild-session-file\=/Users/aadityasingh/Library/Developer/Xcode/DerivedData/ModuleCache.noindex/Session.modulevalidation -fmodules-validate-once-per-build-session -Wnon-modular-include-in-framework-module -Werror\=non-modular-include-in-framework-module -Wno-trigraphs -Wno-missing-field-initializers -Wno-missing-prototypes -Wno-return-type -Wno-implicit-atomic-properties -Wno-objc-interface-ivars -Wno-arc-repeated-use-of-weak -Wno-missing-braces -Wparentheses -Wswitch -Wno-unused-function -Wno-unused-label -Wno-unused-parameter -Wno-unused-variable -Wunused-value -Wno-empty-body -Wno-uninitialized -Wno-unknown-pragmas -w -Wno-shadow -Wno-four-char-constants -Wno-conversion -Wno-constant-conversion -Wno-int-conversion -Wno-bool-conversion -Wno-enum-conversion -Wno-float-conversion -Wno-non-literal-null-conversion -Wno-objc-literal-conversion -Wshorten-64-to-32 -Wpointer-sign -Wno-newline-eof -Wno-selector -Wno-strict-selector-match -Wno-undeclared-selector -Wno-deprecated-implementations -Wno-implicit-fallthrough -isysroot /Applications/Xcode.app/Contents/Developer/Platforms/iPhoneSimulator.platform/Developer/SDKs/iPhoneSimulator26.4.sdk -fstrict-aliasing -Wprotocol -Wdeprecated-declarations -Wno-sign-conversion -Wno-infinite-recursion -Wno-comma -Wno-block-capture-autoreleasing -Wno-strict-prototypes -Wno-semicolon-before-method-body -index-store-path /Users/aadityasingh/Library/Developer/Xcode/DerivedData/Chatlio-erkyzdeecsohoaggpwbjdvavzqfv/Index.noindex/DataStore @/Users/aadityasingh/Library/Developer/Xcode/DerivedData/Chatlio-erkyzdeecsohoaggpwbjdvavzqfv/Build/Intermediates.noindex/DTCoreText.build/Debug-iphonesimulator/DTCoreText.build/Objects-normal/arm64/e6072d4f65d7061329687fe24e3d63a7-common-args.resp -include /Users/aadityasingh/Library/Developer/Xcode/DerivedData/Chatlio-erkyzdeecsohoaggpwbjdvavzqfv/Build/Intermediates.noindex/DTCoreText.build/Debug-iphonesimulator/DTCoreText.build/DerivedSources/resource_bundle_accessor.h -MMD -MT dependencies -MF /Users/aadityasingh/Library/Developer/Xcode/DerivedData/Chatlio-erkyzdeecsohoaggpwbjdvavzqfv/Build/Intermediates.noindex/DTCoreText.build/Debug-iphonesimulator/DTCoreText.build/Objects-normal/arm64/DTHTMLWriter.d --serialize-diagnostics /Users/aadityasingh/Library/Developer/Xcode/DerivedData/Chatlio-erkyzdeecsohoaggpwbjdvavzqfv/Build/Intermediates.noindex/DTCoreText.build/Debug-iphonesimulator/DTCoreText.build/Objects-normal/arm64/DTHTMLWriter.dia -c /Users/aadityasingh/Library/Developer/Xcode/DerivedData/Chatlio-erkyzdeecsohoaggpwbjdvavzqfv/SourcePackages/checkouts/DTCoreText/Core/Source/DTHTMLWriter.m -o /Users/aadityasingh/Library/Developer/Xcode/DerivedData/Chatlio-erkyzdeecsohoaggpwbjdvavzqfv/Build/Intermediates.noindex/DTCoreText.build/Debug-iphonesimulator/DTCoreText.build/Objects-normal/arm64/DTHTMLWriter.o -index-unit-output-path /DTCoreText.build/Debug-iphonesimulator/DTCoreText.build/Objects-normal/arm64/DTHTMLWriter.o

CompileC /Users/aadityasingh/Library/Developer/Xcode/DerivedData/Chatlio-erkyzdeecsohoaggpwbjdvavzqfv/Build/Intermediates.noindex/DTCoreText.build/Debug-iphonesimulator/DTCoreText.build/Objects-normal/arm64/DTHTMLParserTextNode.o /Users/aadityasingh/Library/Developer/Xcode/DerivedData/Chatlio-erkyzdeecsohoaggpwbjdvavzqfv/SourcePackages/checkouts/DTCoreText/Core/Source/DTHTMLParserTextNode.m normal arm64 objective-c com.apple.compilers.llvm.clang.1_0.compiler (in target 'DTCoreText' from project 'DTCoreText')
    cd /Users/aadityasingh/Documents/Development/element-x-ios/Chatlio.xcodeproj
    
    Using response file: /Users/aadityasingh/Library/Developer/Xcode/DerivedData/Chatlio-erkyzdeecsohoaggpwbjdvavzqfv/Build/Intermediates.noindex/DTCoreText.build/Debug-iphonesimulator/DTCoreText.build/Objects-normal/arm64/e6072d4f65d7061329687fe24e3d63a7-common-args.resp
    
    /Applications/Xcode.app/Contents/Developer/Toolchains/XcodeDefault.xctoolchain/usr/bin/clang -x objective-c -ivfsstatcache /Users/aadityasingh/Library/Developer/Xcode/DerivedData/SDKStatCaches.noindex/iphonesimulator26.4-23E252-686eebb5dc1d8ecb277353a59184f4aa.sdkstatcache -target arm64-apple-ios12.0-simulator -fmessage-length\=0 -fdiagnostics-show-note-include-stack -fmacro-backtrace-limit\=0 -fno-color-diagnostics -fmodules-prune-interval\=86400 -fmodules-prune-after\=345600 -fbuild-session-file\=/Users/aadityasingh/Library/Developer/Xcode/DerivedData/ModuleCache.noindex/Session.modulevalidation -fmodules-validate-once-per-build-session -Wnon-modular-include-in-framework-module -Werror\=non-modular-include-in-framework-module -Wno-trigraphs -Wno-missing-field-initializers -Wno-missing-prototypes -Wno-return-type -Wno-implicit-atomic-properties -Wno-objc-interface-ivars -Wno-arc-repeated-use-of-weak -Wno-missing-braces -Wparentheses -Wswitch -Wno-unused-function -Wno-unused-label -Wno-unused-parameter -Wno-unused-variable -Wunused-value -Wno-empty-body -Wno-uninitialized -Wno-unknown-pragmas -w -Wno-shadow -Wno-four-char-constants -Wno-conversion -Wno-constant-conversion -Wno-int-conversion -Wno-bool-conversion -Wno-enum-conversion -Wno-float-conversion -Wno-non-literal-null-conversion -Wno-objc-literal-conversion -Wshorten-64-to-32 -Wpointer-sign -Wno-newline-eof -Wno-selector -Wno-strict-selector-match -Wno-undeclared-selector -Wno-deprecated-implementations -Wno-implicit-fallthrough -isysroot /Applications/Xcode.app/Contents/Developer/Platforms/iPhoneSimulator.platform/Developer/SDKs/iPhoneSimulator26.4.sdk -fstrict-aliasing -Wprotocol -Wdeprecated-declarations -Wno-sign-conversion -Wno-infinite-recursion -Wno-comma -Wno-block-capture-autoreleasing -Wno-strict-prototypes -Wno-semicolon-before-method-body -index-store-path /Users/aadityasingh/Library/Developer/Xcode/DerivedData/Chatlio-erkyzdeecsohoaggpwbjdvavzqfv/Index.noindex/DataStore @/Users/aadityasingh/Library/Developer/Xcode/DerivedData/Chatlio-erkyzdeecsohoaggpwbjdvavzqfv/Build/Intermediates.noindex/DTCoreText.build/Debug-iphonesimulator/DTCoreText.build/Objects-normal/arm64/e6072d4f65d7061329687fe24e3d63a7-common-args.resp -include /Users/aadityasingh/Library/Developer/Xcode/DerivedData/Chatlio-erkyzdeecsohoaggpwbjdvavzqfv/Build/Intermediates.noindex/DTCoreText.build/Debug-iphonesimulator/DTCoreText.build/DerivedSources/resource_bundle_accessor.h -MMD -MT dependencies -MF /Users/aadityasingh/Library/Developer/Xcode/DerivedData/Chatlio-erkyzdeecsohoaggpwbjdvavzqfv/Build/Intermediates.noindex/DTCoreText.build/Debug-iphonesimulator/DTCoreText.build/Objects-normal/arm64/DTHTMLParserTextNode.d --serialize-diagnostics /Users/aadityasingh/Library/Developer/Xcode/DerivedData/Chatlio-erkyzdeecsohoaggpwbjdvavzqfv/Build/Intermediates.noindex/DTCoreText.build/Debug-iphonesimulator/DTCoreText.build/Objects-normal/arm64/DTHTMLParserTextNode.dia -c /Users/aadityasingh/Library/Developer/Xcode/DerivedData/Chatlio-erkyzdeecsohoaggpwbjdvavzqfv/SourcePackages/checkouts/DTCoreText/Core/Source/DTHTMLParserTextNode.m -o /Users/aadityasingh/Library/Developer/Xcode/DerivedData/Chatlio-erkyzdeecsohoaggpwbjdvavzqfv/Build/Intermediates.noindex/DTCoreText.build/Debug-iphonesimulator/DTCoreText.build/Objects-normal/arm64/DTHTMLParserTextNode.o -index-unit-output-path /DTCoreText.build/Debug-iphonesimulator/DTCoreText.build/Objects-normal/arm64/DTHTMLParserTextNode.o

CompileC /Users/aadityasingh/Library/Developer/Xcode/DerivedData/Chatlio-erkyzdeecsohoaggpwbjdvavzqfv/Build/Intermediates.noindex/DTCoreText.build/Debug-iphonesimulator/DTCoreText.build/Objects-normal/arm64/DTHTMLParserNode.o /Users/aadityasingh/Library/Developer/Xcode/DerivedData/Chatlio-erkyzdeecsohoaggpwbjdvavzqfv/SourcePackages/checkouts/DTCoreText/Core/Source/DTHTMLParserNode.m normal arm64 objective-c com.apple.compilers.llvm.clang.1_0.compiler (in target 'DTCoreText' from project 'DTCoreText')
    cd /Users/aadityasingh/Documents/Development/element-x-ios/Chatlio.xcodeproj
    
    Using response file: /Users/aadityasingh/Library/Developer/Xcode/DerivedData/Chatlio-erkyzdeecsohoaggpwbjdvavzqfv/Build/Intermediates.noindex/DTCoreText.build/Debug-iphonesimulator/DTCoreText.build/Objects-normal/arm64/e6072d4f65d7061329687fe24e3d63a7-common-args.resp
    
    /Applications/Xcode.app/Contents/Developer/Toolchains/XcodeDefault.xctoolchain/usr/bin/clang -x objective-c -ivfsstatcache /Users/aadityasingh/Library/Developer/Xcode/DerivedData/SDKStatCaches.noindex/iphonesimulator26.4-23E252-686eebb5dc1d8ecb277353a59184f4aa.sdkstatcache -target arm64-apple-ios12.0-simulator -fmessage-length\=0 -fdiagnostics-show-note-include-stack -fmacro-backtrace-limit\=0 -fno-color-diagnostics -fmodules-prune-interval\=86400 -fmodules-prune-after\=345600 -fbuild-session-file\=/Users/aadityasingh/Library/Developer/Xcode/DerivedData/ModuleCache.noindex/Session.modulevalidation -fmodules-validate-once-per-build-session -Wnon-modular-include-in-framework-module -Werror\=non-modular-include-in-framework-module -Wno-trigraphs -Wno-missing-field-initializers -Wno-missing-prototypes -Wno-return-type -Wno-implicit-atomic-properties -Wno-objc-interface-ivars -Wno-arc-repeated-use-of-weak -Wno-missing-braces -Wparentheses -Wswitch -Wno-unused-function -Wno-unused-label -Wno-unused-parameter -Wno-unused-variable -Wunused-value -Wno-empty-body -Wno-uninitialized -Wno-unknown-pragmas -w -Wno-shadow -Wno-four-char-constants -Wno-conversion -Wno-constant-conversion -Wno-int-conversion -Wno-bool-conversion -Wno-enum-conversion -Wno-float-conversion -Wno-non-literal-null-conversion -Wno-objc-literal-conversion -Wshorten-64-to-32 -Wpointer-sign -Wno-newline-eof -Wno-selector -Wno-strict-selector-match -Wno-undeclared-selector -Wno-deprecated-implementations -Wno-implicit-fallthrough -isysroot /Applications/Xcode.app/Contents/Developer/Platforms/iPhoneSimulator.platform/Developer/SDKs/iPhoneSimulator26.4.sdk -fstrict-aliasing -Wprotocol -Wdeprecated-declarations -Wno-sign-conversion -Wno-infinite-recursion -Wno-comma -Wno-block-capture-autoreleasing -Wno-strict-prototypes -Wno-semicolon-before-method-body -index-store-path /Users/aadityasingh/Library/Developer/Xcode/DerivedData/Chatlio-erkyzdeecsohoaggpwbjdvavzqfv/Index.noindex/DataStore @/Users/aadityasingh/Library/Developer/Xcode/DerivedData/Chatlio-erkyzdeecsohoaggpwbjdvavzqfv/Build/Intermediates.noindex/DTCoreText.build/Debug-iphonesimulator/DTCoreText.build/Objects-normal/arm64/e6072d4f65d7061329687fe24e3d63a7-common-args.resp -include /Users/aadityasingh/Library/Developer/Xcode/DerivedData/Chatlio-erkyzdeecsohoaggpwbjdvavzqfv/Build/Intermediates.noindex/DTCoreText.build/Debug-iphonesimulator/DTCoreText.build/DerivedSources/resource_bundle_accessor.h -MMD -MT dependencies -MF /Users/aadityasingh/Library/Developer/Xcode/DerivedData/Chatlio-erkyzdeecsohoaggpwbjdvavzqfv/Build/Intermediates.noindex/DTCoreText.build/Debug-iphonesimulator/DTCoreText.build/Objects-normal/arm64/DTHTMLParserNode.d --serialize-diagnostics /Users/aadityasingh/Library/Developer/Xcode/DerivedData/Chatlio-erkyzdeecsohoaggpwbjdvavzqfv/Build/Intermediates.noindex/DTCoreText.build/Debug-iphonesimulator/DTCoreText.build/Objects-normal/arm64/DTHTMLParserNode.dia -c /Users/aadityasingh/Library/Developer/Xcode/DerivedData/Chatlio-erkyzdeecsohoaggpwbjdvavzqfv/SourcePackages/checkouts/DTCoreText/Core/Source/DTHTMLParserNode.m -o /Users/aadityasingh/Library/Developer/Xcode/DerivedData/Chatlio-erkyzdeecsohoaggpwbjdvavzqfv/Build/Intermediates.noindex/DTCoreText.build/Debug-iphonesimulator/DTCoreText.build/Objects-normal/arm64/DTHTMLParserNode.o -index-unit-output-path /DTCoreText.build/Debug-iphonesimulator/DTCoreText.build/Objects-normal/arm64/DTHTMLParserNode.o

CompileC /Users/aadityasingh/Library/Developer/Xcode/DerivedData/Chatlio-erkyzdeecsohoaggpwbjdvavzqfv/Build/Intermediates.noindex/DTCoreText.build/Debug-iphonesimulator/DTCoreText.build/Objects-normal/arm64/DTHTMLElement.o /Users/aadityasingh/Library/Developer/Xcode/DerivedData/Chatlio-erkyzdeecsohoaggpwbjdvavzqfv/SourcePackages/checkouts/DTCoreText/Core/Source/DTHTMLElement.m normal arm64 objective-c com.apple.compilers.llvm.clang.1_0.compiler (in target 'DTCoreText' from project 'DTCoreText')
    cd /Users/aadityasingh/Documents/Development/element-x-ios/Chatlio.xcodeproj
    
    Using response file: /Users/aadityasingh/Library/Developer/Xcode/DerivedData/Chatlio-erkyzdeecsohoaggpwbjdvavzqfv/Build/Intermediates.noindex/DTCoreText.build/Debug-iphonesimulator/DTCoreText.build/Objects-normal/arm64/e6072d4f65d7061329687fe24e3d63a7-common-args.resp
    
    /Applications/Xcode.app/Contents/Developer/Toolchains/XcodeDefault.xctoolchain/usr/bin/clang -x objective-c -ivfsstatcache /Users/aadityasingh/Library/Developer/Xcode/DerivedData/SDKStatCaches.noindex/iphonesimulator26.4-23E252-686eebb5dc1d8ecb277353a59184f4aa.sdkstatcache -target arm64-apple-ios12.0-simulator -fmessage-length\=0 -fdiagnostics-show-note-include-stack -fmacro-backtrace-limit\=0 -fno-color-diagnostics -fmodules-prune-interval\=86400 -fmodules-prune-after\=345600 -fbuild-session-file\=/Users/aadityasingh/Library/Developer/Xcode/DerivedData/ModuleCache.noindex/Session.modulevalidation -fmodules-validate-once-per-build-session -Wnon-modular-include-in-framework-module -Werror\=non-modular-include-in-framework-module -Wno-trigraphs -Wno-missing-field-initializers -Wno-missing-prototypes -Wno-return-type -Wno-implicit-atomic-properties -Wno-objc-interface-ivars -Wno-arc-repeated-use-of-weak -Wno-missing-braces -Wparentheses -Wswitch -Wno-unused-function -Wno-unused-label -Wno-unused-parameter -Wno-unused-variable -Wunused-value -Wno-empty-body -Wno-uninitialized -Wno-unknown-pragmas -w -Wno-shadow -Wno-four-char-constants -Wno-conversion -Wno-constant-conversion -Wno-int-conversion -Wno-bool-conversion -Wno-enum-conversion -Wno-float-conversion -Wno-non-literal-null-conversion -Wno-objc-literal-conversion -Wshorten-64-to-32 -Wpointer-sign -Wno-newline-eof -Wno-selector -Wno-strict-selector-match -Wno-undeclared-selector -Wno-deprecated-implementations -Wno-implicit-fallthrough -isysroot /Applications/Xcode.app/Contents/Developer/Platforms/iPhoneSimulator.platform/Developer/SDKs/iPhoneSimulator26.4.sdk -fstrict-aliasing -Wprotocol -Wdeprecated-declarations -Wno-sign-conversion -Wno-infinite-recursion -Wno-comma -Wno-block-capture-autoreleasing -Wno-strict-prototypes -Wno-semicolon-before-method-body -index-store-path /Users/aadityasingh/Library/Developer/Xcode/DerivedData/Chatlio-erkyzdeecsohoaggpwbjdvavzqfv/Index.noindex/DataStore @/Users/aadityasingh/Library/Developer/Xcode/DerivedData/Chatlio-erkyzdeecsohoaggpwbjdvavzqfv/Build/Intermediates.noindex/DTCoreText.build/Debug-iphonesimulator/DTCoreText.build/Objects-normal/arm64/e6072d4f65d7061329687fe24e3d63a7-common-args.resp -include /Users/aadityasingh/Library/Developer/Xcode/DerivedData/Chatlio-erkyzdeecsohoaggpwbjdvavzqfv/Build/Intermediates.noindex/DTCoreText.build/Debug-iphonesimulator/DTCoreText.build/DerivedSources/resource_bundle_accessor.h -MMD -MT dependencies -MF /Users/aadityasingh/Library/Developer/Xcode/DerivedData/Chatlio-erkyzdeecsohoaggpwbjdvavzqfv/Build/Intermediates.noindex/DTCoreText.build/Debug-iphonesimulator/DTCoreText.build/Objects-normal/arm64/DTHTMLElement.d --serialize-diagnostics /Users/aadityasingh/Library/Developer/Xcode/DerivedData/Chatlio-erkyzdeecsohoaggpwbjdvavzqfv/Build/Intermediates.noindex/DTCoreText.build/Debug-iphonesimulator/DTCoreText.build/Objects-normal/arm64/DTHTMLElement.dia -c /Users/aadityasingh/Library/Developer/Xcode/DerivedData/Chatlio-erkyzdeecsohoaggpwbjdvavzqfv/SourcePackages/checkouts/DTCoreText/Core/Source/DTHTMLElement.m -o /Users/aadityasingh/Library/Developer/Xcode/DerivedData/Chatlio-erkyzdeecsohoaggpwbjdvavzqfv/Build/Intermediates.noindex/DTCoreText.build/Debug-iphonesimulator/DTCoreText.build/Objects-normal/arm64/DTHTMLElement.o -index-unit-output-path /DTCoreText.build/Debug-iphonesimulator/DTCoreText.build/Objects-normal/arm64/DTHTMLElement.o

SwiftDriverJobDiscovery normal arm64 Compiling WaveformAnalyzer.swift (in target 'DSWaveformImage' from project 'DSWaveformImage')

CompileC /Users/aadityasingh/Library/Developer/Xcode/DerivedData/Chatlio-erkyzdeecsohoaggpwbjdvavzqfv/Build/Intermediates.noindex/DTCoreText.build/Debug-iphonesimulator/DTCoreText.build/Objects-normal/arm64/DTHTMLAttributedStringBuilder.o /Users/aadityasingh/Library/Developer/Xcode/DerivedData/Chatlio-erkyzdeecsohoaggpwbjdvavzqfv/SourcePackages/checkouts/DTCoreText/Core/Source/DTHTMLAttributedStringBuilder.m normal arm64 objective-c com.apple.compilers.llvm.clang.1_0.compiler (in target 'DTCoreText' from project 'DTCoreText')
    cd /Users/aadityasingh/Documents/Development/element-x-ios/Chatlio.xcodeproj
    
    Using response file: /Users/aadityasingh/Library/Developer/Xcode/DerivedData/Chatlio-erkyzdeecsohoaggpwbjdvavzqfv/Build/Intermediates.noindex/DTCoreText.build/Debug-iphonesimulator/DTCoreText.build/Objects-normal/arm64/e6072d4f65d7061329687fe24e3d63a7-common-args.resp
    
    /Applications/Xcode.app/Contents/Developer/Toolchains/XcodeDefault.xctoolchain/usr/bin/clang -x objective-c -ivfsstatcache /Users/aadityasingh/Library/Developer/Xcode/DerivedData/SDKStatCaches.noindex/iphonesimulator26.4-23E252-686eebb5dc1d8ecb277353a59184f4aa.sdkstatcache -target arm64-apple-ios12.0-simulator -fmessage-length\=0 -fdiagnostics-show-note-include-stack -fmacro-backtrace-limit\=0 -fno-color-diagnostics -fmodules-prune-interval\=86400 -fmodules-prune-after\=345600 -fbuild-session-file\=/Users/aadityasingh/Library/Developer/Xcode/DerivedData/ModuleCache.noindex/Session.modulevalidation -fmodules-validate-once-per-build-session -Wnon-modular-include-in-framework-module -Werror\=non-modular-include-in-framework-module -Wno-trigraphs -Wno-missing-field-initializers -Wno-missing-prototypes -Wno-return-type -Wno-implicit-atomic-properties -Wno-objc-interface-ivars -Wno-arc-repeated-use-of-weak -Wno-missing-braces -Wparentheses -Wswitch -Wno-unused-function -Wno-unused-label -Wno-unused-parameter -Wno-unused-variable -Wunused-value -Wno-empty-body -Wno-uninitialized -Wno-unknown-pragmas -w -Wno-shadow -Wno-four-char-constants -Wno-conversion -Wno-constant-conversion -Wno-int-conversion -Wno-bool-conversion -Wno-enum-conversion -Wno-float-conversion -Wno-non-literal-null-conversion -Wno-objc-literal-conversion -Wshorten-64-to-32 -Wpointer-sign -Wno-newline-eof -Wno-selector -Wno-strict-selector-match -Wno-undeclared-selector -Wno-deprecated-implementations -Wno-implicit-fallthrough -isysroot /Applications/Xcode.app/Contents/Developer/Platforms/iPhoneSimulator.platform/Developer/SDKs/iPhoneSimulator26.4.sdk -fstrict-aliasing -Wprotocol -Wdeprecated-declarations -Wno-sign-conversion -Wno-infinite-recursion -Wno-comma -Wno-block-capture-autoreleasing -Wno-strict-prototypes -Wno-semicolon-before-method-body -index-store-path /Users/aadityasingh/Library/Developer/Xcode/DerivedData/Chatlio-erkyzdeecsohoaggpwbjdvavzqfv/Index.noindex/DataStore @/Users/aadityasingh/Library/Developer/Xcode/DerivedData/Chatlio-erkyzdeecsohoaggpwbjdvavzqfv/Build/Intermediates.noindex/DTCoreText.build/Debug-iphonesimulator/DTCoreText.build/Objects-normal/arm64/e6072d4f65d7061329687fe24e3d63a7-common-args.resp -include /Users/aadityasingh/Library/Developer/Xcode/DerivedData/Chatlio-erkyzdeecsohoaggpwbjdvavzqfv/Build/Intermediates.noindex/DTCoreText.build/Debug-iphonesimulator/DTCoreText.build/DerivedSources/resource_bundle_accessor.h -MMD -MT dependencies -MF /Users/aadityasingh/Library/Developer/Xcode/DerivedData/Chatlio-erkyzdeecsohoaggpwbjdvavzqfv/Build/Intermediates.noindex/DTCoreText.build/Debug-iphonesimulator/DTCoreText.build/Objects-normal/arm64/DTHTMLAttributedStringBuilder.d --serialize-diagnostics /Users/aadityasingh/Library/Developer/Xcode/DerivedData/Chatlio-erkyzdeecsohoaggpwbjdvavzqfv/Build/Intermediates.noindex/DTCoreText.build/Debug-iphonesimulator/DTCoreText.build/Objects-normal/arm64/DTHTMLAttributedStringBuilder.dia -c /Users/aadityasingh/Library/Developer/Xcode/DerivedData/Chatlio-erkyzdeecsohoaggpwbjdvavzqfv/SourcePackages/checkouts/DTCoreText/Core/Source/DTHTMLAttributedStringBuilder.m -o /Users/aadityasingh/Library/Developer/Xcode/DerivedData/Chatlio-erkyzdeecsohoaggpwbjdvavzqfv/Build/Intermediates.noindex/DTCoreText.build/Debug-iphonesimulator/DTCoreText.build/Objects-normal/arm64/DTHTMLAttributedStringBuilder.o -index-unit-output-path /DTCoreText.build/Debug-iphonesimulator/DTCoreText.build/Objects-normal/arm64/DTHTMLAttributedStringBuilder.o

CompileC /Users/aadityasingh/Library/Developer/Xcode/DerivedData/Chatlio-erkyzdeecsohoaggpwbjdvavzqfv/Build/Intermediates.noindex/DTCoreText.build/Debug-iphonesimulator/DTCoreText.build/Objects-normal/arm64/DTCoreTextParagraphStyle.o /Users/aadityasingh/Library/Developer/Xcode/DerivedData/Chatlio-erkyzdeecsohoaggpwbjdvavzqfv/SourcePackages/checkouts/DTCoreText/Core/Source/DTCoreTextParagraphStyle.m normal arm64 objective-c com.apple.compilers.llvm.clang.1_0.compiler (in target 'DTCoreText' from project 'DTCoreText')
    cd /Users/aadityasingh/Documents/Development/element-x-ios/Chatlio.xcodeproj
    
    Using response file: /Users/aadityasingh/Library/Developer/Xcode/DerivedData/Chatlio-erkyzdeecsohoaggpwbjdvavzqfv/Build/Intermediates.noindex/DTCoreText.build/Debug-iphonesimulator/DTCoreText.build/Objects-normal/arm64/e6072d4f65d7061329687fe24e3d63a7-common-args.resp
    
    /Applications/Xcode.app/Contents/Developer/Toolchains/XcodeDefault.xctoolchain/usr/bin/clang -x objective-c -ivfsstatcache /Users/aadityasingh/Library/Developer/Xcode/DerivedData/SDKStatCaches.noindex/iphonesimulator26.4-23E252-686eebb5dc1d8ecb277353a59184f4aa.sdkstatcache -target arm64-apple-ios12.0-simulator -fmessage-length\=0 -fdiagnostics-show-note-include-stack -fmacro-backtrace-limit\=0 -fno-color-diagnostics -fmodules-prune-interval\=86400 -fmodules-prune-after\=345600 -fbuild-session-file\=/Users/aadityasingh/Library/Developer/Xcode/DerivedData/ModuleCache.noindex/Session.modulevalidation -fmodules-validate-once-per-build-session -Wnon-modular-include-in-framework-module -Werror\=non-modular-include-in-framework-module -Wno-trigraphs -Wno-missing-field-initializers -Wno-missing-prototypes -Wno-return-type -Wno-implicit-atomic-properties -Wno-objc-interface-ivars -Wno-arc-repeated-use-of-weak -Wno-missing-braces -Wparentheses -Wswitch -Wno-unused-function -Wno-unused-label -Wno-unused-parameter -Wno-unused-variable -Wunused-value -Wno-empty-body -Wno-uninitialized -Wno-unknown-pragmas -w -Wno-shadow -Wno-four-char-constants -Wno-conversion -Wno-constant-conversion -Wno-int-conversion -Wno-bool-conversion -Wno-enum-conversion -Wno-float-conversion -Wno-non-literal-null-conversion -Wno-objc-literal-conversion -Wshorten-64-to-32 -Wpointer-sign -Wno-newline-eof -Wno-selector -Wno-strict-selector-match -Wno-undeclared-selector -Wno-deprecated-implementations -Wno-implicit-fallthrough -isysroot /Applications/Xcode.app/Contents/Developer/Platforms/iPhoneSimulator.platform/Developer/SDKs/iPhoneSimulator26.4.sdk -fstrict-aliasing -Wprotocol -Wdeprecated-declarations -Wno-sign-conversion -Wno-infinite-recursion -Wno-comma -Wno-block-capture-autoreleasing -Wno-strict-prototypes -Wno-semicolon-before-method-body -index-store-path /Users/aadityasingh/Library/Developer/Xcode/DerivedData/Chatlio-erkyzdeecsohoaggpwbjdvavzqfv/Index.noindex/DataStore @/Users/aadityasingh/Library/Developer/Xcode/DerivedData/Chatlio-erkyzdeecsohoaggpwbjdvavzqfv/Build/Intermediates.noindex/DTCoreText.build/Debug-iphonesimulator/DTCoreText.build/Objects-normal/arm64/e6072d4f65d7061329687fe24e3d63a7-common-args.resp -include /Users/aadityasingh/Library/Developer/Xcode/DerivedData/Chatlio-erkyzdeecsohoaggpwbjdvavzqfv/Build/Intermediates.noindex/DTCoreText.build/Debug-iphonesimulator/DTCoreText.build/DerivedSources/resource_bundle_accessor.h -MMD -MT dependencies -MF /Users/aadityasingh/Library/Developer/Xcode/DerivedData/Chatlio-erkyzdeecsohoaggpwbjdvavzqfv/Build/Intermediates.noindex/DTCoreText.build/Debug-iphonesimulator/DTCoreText.build/Objects-normal/arm64/DTCoreTextParagraphStyle.d --serialize-diagnostics /Users/aadityasingh/Library/Developer/Xcode/DerivedData/Chatlio-erkyzdeecsohoaggpwbjdvavzqfv/Build/Intermediates.noindex/DTCoreText.build/Debug-iphonesimulator/DTCoreText.build/Objects-normal/arm64/DTCoreTextParagraphStyle.dia -c /Users/aadityasingh/Library/Developer/Xcode/DerivedData/Chatlio-erkyzdeecsohoaggpwbjdvavzqfv/SourcePackages/checkouts/DTCoreText/Core/Source/DTCoreTextParagraphStyle.m -o /Users/aadityasingh/Library/Developer/Xcode/DerivedData/Chatlio-erkyzdeecsohoaggpwbjdvavzqfv/Build/Intermediates.noindex/DTCoreText.build/Debug-iphonesimulator/DTCoreText.build/Objects-normal/arm64/DTCoreTextParagraphStyle.o -index-unit-output-path /DTCoreText.build/Debug-iphonesimulator/DTCoreText.build/Objects-normal/arm64/DTCoreTextParagraphStyle.o

CompileC /Users/aadityasingh/Library/Developer/Xcode/DerivedData/Chatlio-erkyzdeecsohoaggpwbjdvavzqfv/Build/Intermediates.noindex/DTCoreText.build/Debug-iphonesimulator/DTCoreText.build/Objects-normal/arm64/DTCoreTextLayoutFrame.o /Users/aadityasingh/Library/Developer/Xcode/DerivedData/Chatlio-erkyzdeecsohoaggpwbjdvavzqfv/SourcePackages/checkouts/DTCoreText/Core/Source/DTCoreTextLayoutFrame.m normal arm64 objective-c com.apple.compilers.llvm.clang.1_0.compiler (in target 'DTCoreText' from project 'DTCoreText')
    cd /Users/aadityasingh/Documents/Development/element-x-ios/Chatlio.xcodeproj
    
    Using response file: /Users/aadityasingh/Library/Developer/Xcode/DerivedData/Chatlio-erkyzdeecsohoaggpwbjdvavzqfv/Build/Intermediates.noindex/DTCoreText.build/Debug-iphonesimulator/DTCoreText.build/Objects-normal/arm64/e6072d4f65d7061329687fe24e3d63a7-common-args.resp
    
    /Applications/Xcode.app/Contents/Developer/Toolchains/XcodeDefault.xctoolchain/usr/bin/clang -x objective-c -ivfsstatcache /Users/aadityasingh/Library/Developer/Xcode/DerivedData/SDKStatCaches.noindex/iphonesimulator26.4-23E252-686eebb5dc1d8ecb277353a59184f4aa.sdkstatcache -target arm64-apple-ios12.0-simulator -fmessage-length\=0 -fdiagnostics-show-note-include-stack -fmacro-backtrace-limit\=0 -fno-color-diagnostics -fmodules-prune-interval\=86400 -fmodules-prune-after\=345600 -fbuild-session-file\=/Users/aadityasingh/Library/Developer/Xcode/DerivedData/ModuleCache.noindex/Session.modulevalidation -fmodules-validate-once-per-build-session -Wnon-modular-include-in-framework-module -Werror\=non-modular-include-in-framework-module -Wno-trigraphs -Wno-missing-field-initializers -Wno-missing-prototypes -Wno-return-type -Wno-implicit-atomic-properties -Wno-objc-interface-ivars -Wno-arc-repeated-use-of-weak -Wno-missing-braces -Wparentheses -Wswitch -Wno-unused-function -Wno-unused-label -Wno-unused-parameter -Wno-unused-variable -Wunused-value -Wno-empty-body -Wno-uninitialized -Wno-unknown-pragmas -w -Wno-shadow -Wno-four-char-constants -Wno-conversion -Wno-constant-conversion -Wno-int-conversion -Wno-bool-conversion -Wno-enum-conversion -Wno-float-conversion -Wno-non-literal-null-conversion -Wno-objc-literal-conversion -Wshorten-64-to-32 -Wpointer-sign -Wno-newline-eof -Wno-selector -Wno-strict-selector-match -Wno-undeclared-selector -Wno-deprecated-implementations -Wno-implicit-fallthrough -isysroot /Applications/Xcode.app/Contents/Developer/Platforms/iPhoneSimulator.platform/Developer/SDKs/iPhoneSimulator26.4.sdk -fstrict-aliasing -Wprotocol -Wdeprecated-declarations -Wno-sign-conversion -Wno-infinite-recursion -Wno-comma -Wno-block-capture-autoreleasing -Wno-strict-prototypes -Wno-semicolon-before-method-body -index-store-path /Users/aadityasingh/Library/Developer/Xcode/DerivedData/Chatlio-erkyzdeecsohoaggpwbjdvavzqfv/Index.noindex/DataStore @/Users/aadityasingh/Library/Developer/Xcode/DerivedData/Chatlio-erkyzdeecsohoaggpwbjdvavzqfv/Build/Intermediates.noindex/DTCoreText.build/Debug-iphonesimulator/DTCoreText.build/Objects-normal/arm64/e6072d4f65d7061329687fe24e3d63a7-common-args.resp -include /Users/aadityasingh/Library/Developer/Xcode/DerivedData/Chatlio-erkyzdeecsohoaggpwbjdvavzqfv/Build/Intermediates.noindex/DTCoreText.build/Debug-iphonesimulator/DTCoreText.build/DerivedSources/resource_bundle_accessor.h -MMD -MT dependencies -MF /Users/aadityasingh/Library/Developer/Xcode/DerivedData/Chatlio-erkyzdeecsohoaggpwbjdvavzqfv/Build/Intermediates.noindex/DTCoreText.build/Debug-iphonesimulator/DTCoreText.build/Objects-normal/arm64/DTCoreTextLayoutFrame.d --serialize-diagnostics /Users/aadityasingh/Library/Developer/Xcode/DerivedData/Chatlio-erkyzdeecsohoaggpwbjdvavzqfv/Build/Intermediates.noindex/DTCoreText.build/Debug-iphonesimulator/DTCoreText.build/Objects-normal/arm64/DTCoreTextLayoutFrame.dia -c /Users/aadityasingh/Library/Developer/Xcode/DerivedData/Chatlio-erkyzdeecsohoaggpwbjdvavzqfv/SourcePackages/checkouts/DTCoreText/Core/Source/DTCoreTextLayoutFrame.m -o /Users/aadityasingh/Library/Developer/Xcode/DerivedData/Chatlio-erkyzdeecsohoaggpwbjdvavzqfv/Build/Intermediates.noindex/DTCoreText.build/Debug-iphonesimulator/DTCoreText.build/Objects-normal/arm64/DTCoreTextLayoutFrame.o -index-unit-output-path /DTCoreText.build/Debug-iphonesimulator/DTCoreText.build/Objects-normal/arm64/DTCoreTextLayoutFrame.o

CompileC /Users/aadityasingh/Library/Developer/Xcode/DerivedData/Chatlio-erkyzdeecsohoaggpwbjdvavzqfv/Build/Intermediates.noindex/DTCoreText.build/Debug-iphonesimulator/DTCoreText.build/Objects-normal/arm64/DTCoreTextGlyphRun.o /Users/aadityasingh/Library/Developer/Xcode/DerivedData/Chatlio-erkyzdeecsohoaggpwbjdvavzqfv/SourcePackages/checkouts/DTCoreText/Core/Source/DTCoreTextGlyphRun.m normal arm64 objective-c com.apple.compilers.llvm.clang.1_0.compiler (in target 'DTCoreText' from project 'DTCoreText')
    cd /Users/aadityasingh/Documents/Development/element-x-ios/Chatlio.xcodeproj
    
    Using response file: /Users/aadityasingh/Library/Developer/Xcode/DerivedData/Chatlio-erkyzdeecsohoaggpwbjdvavzqfv/Build/Intermediates.noindex/DTCoreText.build/Debug-iphonesimulator/DTCoreText.build/Objects-normal/arm64/e6072d4f65d7061329687fe24e3d63a7-common-args.resp
    
    /Applications/Xcode.app/Contents/Developer/Toolchains/XcodeDefault.xctoolchain/usr/bin/clang -x objective-c -ivfsstatcache /Users/aadityasingh/Library/Developer/Xcode/DerivedData/SDKStatCaches.noindex/iphonesimulator26.4-23E252-686eebb5dc1d8ecb277353a59184f4aa.sdkstatcache -target arm64-apple-ios12.0-simulator -fmessage-length\=0 -fdiagnostics-show-note-include-stack -fmacro-backtrace-limit\=0 -fno-color-diagnostics -fmodules-prune-interval\=86400 -fmodules-prune-after\=345600 -fbuild-session-file\=/Users/aadityasingh/Library/Developer/Xcode/DerivedData/ModuleCache.noindex/Session.modulevalidation -fmodules-validate-once-per-build-session -Wnon-modular-include-in-framework-module -Werror\=non-modular-include-in-framework-module -Wno-trigraphs -Wno-missing-field-initializers -Wno-missing-prototypes -Wno-return-type -Wno-implicit-atomic-properties -Wno-objc-interface-ivars -Wno-arc-repeated-use-of-weak -Wno-missing-braces -Wparentheses -Wswitch -Wno-unused-function -Wno-unused-label -Wno-unused-parameter -Wno-unused-variable -Wunused-value -Wno-empty-body -Wno-uninitialized -Wno-unknown-pragmas -w -Wno-shadow -Wno-four-char-constants -Wno-conversion -Wno-constant-conversion -Wno-int-conversion -Wno-bool-conversion -Wno-enum-conversion -Wno-float-conversion -Wno-non-literal-null-conversion -Wno-objc-literal-conversion -Wshorten-64-to-32 -Wpointer-sign -Wno-newline-eof -Wno-selector -Wno-strict-selector-match -Wno-undeclared-selector -Wno-deprecated-implementations -Wno-implicit-fallthrough -isysroot /Applications/Xcode.app/Contents/Developer/Platforms/iPhoneSimulator.platform/Developer/SDKs/iPhoneSimulator26.4.sdk -fstrict-aliasing -Wprotocol -Wdeprecated-declarations -Wno-sign-conversion -Wno-infinite-recursion -Wno-comma -Wno-block-capture-autoreleasing -Wno-strict-prototypes -Wno-semicolon-before-method-body -index-store-path /Users/aadityasingh/Library/Developer/Xcode/DerivedData/Chatlio-erkyzdeecsohoaggpwbjdvavzqfv/Index.noindex/DataStore @/Users/aadityasingh/Library/Developer/Xcode/DerivedData/Chatlio-erkyzdeecsohoaggpwbjdvavzqfv/Build/Intermediates.noindex/DTCoreText.build/Debug-iphonesimulator/DTCoreText.build/Objects-normal/arm64/e6072d4f65d7061329687fe24e3d63a7-common-args.resp -include /Users/aadityasingh/Library/Developer/Xcode/DerivedData/Chatlio-erkyzdeecsohoaggpwbjdvavzqfv/Build/Intermediates.noindex/DTCoreText.build/Debug-iphonesimulator/DTCoreText.build/DerivedSources/resource_bundle_accessor.h -MMD -MT dependencies -MF /Users/aadityasingh/Library/Developer/Xcode/DerivedData/Chatlio-erkyzdeecsohoaggpwbjdvavzqfv/Build/Intermediates.noindex/DTCoreText.build/Debug-iphonesimulator/DTCoreText.build/Objects-normal/arm64/DTCoreTextGlyphRun.d --serialize-diagnostics /Users/aadityasingh/Library/Developer/Xcode/DerivedData/Chatlio-erkyzdeecsohoaggpwbjdvavzqfv/Build/Intermediates.noindex/DTCoreText.build/Debug-iphonesimulator/DTCoreText.build/Objects-normal/arm64/DTCoreTextGlyphRun.dia -c /Users/aadityasingh/Library/Developer/Xcode/DerivedData/Chatlio-erkyzdeecsohoaggpwbjdvavzqfv/SourcePackages/checkouts/DTCoreText/Core/Source/DTCoreTextGlyphRun.m -o /Users/aadityasingh/Library/Developer/Xcode/DerivedData/Chatlio-erkyzdeecsohoaggpwbjdvavzqfv/Build/Intermediates.noindex/DTCoreText.build/Debug-iphonesimulator/DTCoreText.build/Objects-normal/arm64/DTCoreTextGlyphRun.o -index-unit-output-path /DTCoreText.build/Debug-iphonesimulator/DTCoreText.build/Objects-normal/arm64/DTCoreTextGlyphRun.o

CompileC /Users/aadityasingh/Library/Developer/Xcode/DerivedData/Chatlio-erkyzdeecsohoaggpwbjdvavzqfv/Build/Intermediates.noindex/DTCoreText.build/Debug-iphonesimulator/DTCoreText.build/Objects-normal/arm64/DTCoreTextFunctions.o /Users/aadityasingh/Library/Developer/Xcode/DerivedData/Chatlio-erkyzdeecsohoaggpwbjdvavzqfv/SourcePackages/checkouts/DTCoreText/Core/Source/DTCoreTextFunctions.m normal arm64 objective-c com.apple.compilers.llvm.clang.1_0.compiler (in target 'DTCoreText' from project 'DTCoreText')
    cd /Users/aadityasingh/Documents/Development/element-x-ios/Chatlio.xcodeproj
    
    Using response file: /Users/aadityasingh/Library/Developer/Xcode/DerivedData/Chatlio-erkyzdeecsohoaggpwbjdvavzqfv/Build/Intermediates.noindex/DTCoreText.build/Debug-iphonesimulator/DTCoreText.build/Objects-normal/arm64/e6072d4f65d7061329687fe24e3d63a7-common-args.resp
    
    /Applications/Xcode.app/Contents/Developer/Toolchains/XcodeDefault.xctoolchain/usr/bin/clang -x objective-c -ivfsstatcache /Users/aadityasingh/Library/Developer/Xcode/DerivedData/SDKStatCaches.noindex/iphonesimulator26.4-23E252-686eebb5dc1d8ecb277353a59184f4aa.sdkstatcache -target arm64-apple-ios12.0-simulator -fmessage-length\=0 -fdiagnostics-show-note-include-stack -fmacro-backtrace-limit\=0 -fno-color-diagnostics -fmodules-prune-interval\=86400 -fmodules-prune-after\=345600 -fbuild-session-file\=/Users/aadityasingh/Library/Developer/Xcode/DerivedData/ModuleCache.noindex/Session.modulevalidation -fmodules-validate-once-per-build-session -Wnon-modular-include-in-framework-module -Werror\=non-modular-include-in-framework-module -Wno-trigraphs -Wno-missing-field-initializers -Wno-missing-prototypes -Wno-return-type -Wno-implicit-atomic-properties -Wno-objc-interface-ivars -Wno-arc-repeated-use-of-weak -Wno-missing-braces -Wparentheses -Wswitch -Wno-unused-function -Wno-unused-label -Wno-unused-parameter -Wno-unused-variable -Wunused-value -Wno-empty-body -Wno-uninitialized -Wno-unknown-pragmas -w -Wno-shadow -Wno-four-char-constants -Wno-conversion -Wno-constant-conversion -Wno-int-conversion -Wno-bool-conversion -Wno-enum-conversion -Wno-float-conversion -Wno-non-literal-null-conversion -Wno-objc-literal-conversion -Wshorten-64-to-32 -Wpointer-sign -Wno-newline-eof -Wno-selector -Wno-strict-selector-match -Wno-undeclared-selector -Wno-deprecated-implementations -Wno-implicit-fallthrough -isysroot /Applications/Xcode.app/Contents/Developer/Platforms/iPhoneSimulator.platform/Developer/SDKs/iPhoneSimulator26.4.sdk -fstrict-aliasing -Wprotocol -Wdeprecated-declarations -Wno-sign-conversion -Wno-infinite-recursion -Wno-comma -Wno-block-capture-autoreleasing -Wno-strict-prototypes -Wno-semicolon-before-method-body -index-store-path /Users/aadityasingh/Library/Developer/Xcode/DerivedData/Chatlio-erkyzdeecsohoaggpwbjdvavzqfv/Index.noindex/DataStore @/Users/aadityasingh/Library/Developer/Xcode/DerivedData/Chatlio-erkyzdeecsohoaggpwbjdvavzqfv/Build/Intermediates.noindex/DTCoreText.build/Debug-iphonesimulator/DTCoreText.build/Objects-normal/arm64/e6072d4f65d7061329687fe24e3d63a7-common-args.resp -include /Users/aadityasingh/Library/Developer/Xcode/DerivedData/Chatlio-erkyzdeecsohoaggpwbjdvavzqfv/Build/Intermediates.noindex/DTCoreText.build/Debug-iphonesimulator/DTCoreText.build/DerivedSources/resource_bundle_accessor.h -MMD -MT dependencies -MF /Users/aadityasingh/Library/Developer/Xcode/DerivedData/Chatlio-erkyzdeecsohoaggpwbjdvavzqfv/Build/Intermediates.noindex/DTCoreText.build/Debug-iphonesimulator/DTCoreText.build/Objects-normal/arm64/DTCoreTextFunctions.d --serialize-diagnostics /Users/aadityasingh/Library/Developer/Xcode/DerivedData/Chatlio-erkyzdeecsohoaggpwbjdvavzqfv/Build/Intermediates.noindex/DTCoreText.build/Debug-iphonesimulator/DTCoreText.build/Objects-normal/arm64/DTCoreTextFunctions.dia -c /Users/aadityasingh/Library/Developer/Xcode/DerivedData/Chatlio-erkyzdeecsohoaggpwbjdvavzqfv/SourcePackages/checkouts/DTCoreText/Core/Source/DTCoreTextFunctions.m -o /Users/aadityasingh/Library/Developer/Xcode/DerivedData/Chatlio-erkyzdeecsohoaggpwbjdvavzqfv/Build/Intermediates.noindex/DTCoreText.build/Debug-iphonesimulator/DTCoreText.build/Objects-normal/arm64/DTCoreTextFunctions.o -index-unit-output-path /DTCoreText.build/Debug-iphonesimulator/DTCoreText.build/Objects-normal/arm64/DTCoreTextFunctions.o

SwiftDriverJobDiscovery normal x86_64 Compiling WaveformAnalyzer.swift (in target 'DSWaveformImage' from project 'DSWaveformImage')

CompileC /Users/aadityasingh/Library/Developer/Xcode/DerivedData/Chatlio-erkyzdeecsohoaggpwbjdvavzqfv/Build/Intermediates.noindex/DTCoreText.build/Debug-iphonesimulator/DTCoreText.build/Objects-normal/arm64/DTCSSStylesheet.o /Users/aadityasingh/Library/Developer/Xcode/DerivedData/Chatlio-erkyzdeecsohoaggpwbjdvavzqfv/SourcePackages/checkouts/DTCoreText/Core/Source/DTCSSStylesheet.m normal arm64 objective-c com.apple.compilers.llvm.clang.1_0.compiler (in target 'DTCoreText' from project 'DTCoreText')
    cd /Users/aadityasingh/Documents/Development/element-x-ios/Chatlio.xcodeproj
    
    Using response file: /Users/aadityasingh/Library/Developer/Xcode/DerivedData/Chatlio-erkyzdeecsohoaggpwbjdvavzqfv/Build/Intermediates.noindex/DTCoreText.build/Debug-iphonesimulator/DTCoreText.build/Objects-normal/arm64/e6072d4f65d7061329687fe24e3d63a7-common-args.resp
    
    /Applications/Xcode.app/Contents/Developer/Toolchains/XcodeDefault.xctoolchain/usr/bin/clang -x objective-c -ivfsstatcache /Users/aadityasingh/Library/Developer/Xcode/DerivedData/SDKStatCaches.noindex/iphonesimulator26.4-23E252-686eebb5dc1d8ecb277353a59184f4aa.sdkstatcache -target arm64-apple-ios12.0-simulator -fmessage-length\=0 -fdiagnostics-show-note-include-stack -fmacro-backtrace-limit\=0 -fno-color-diagnostics -fmodules-prune-interval\=86400 -fmodules-prune-after\=345600 -fbuild-session-file\=/Users/aadityasingh/Library/Developer/Xcode/DerivedData/ModuleCache.noindex/Session.modulevalidation -fmodules-validate-once-per-build-session -Wnon-modular-include-in-framework-module -Werror\=non-modular-include-in-framework-module -Wno-trigraphs -Wno-missing-field-initializers -Wno-missing-prototypes -Wno-return-type -Wno-implicit-atomic-properties -Wno-objc-interface-ivars -Wno-arc-repeated-use-of-weak -Wno-missing-braces -Wparentheses -Wswitch -Wno-unused-function -Wno-unused-label -Wno-unused-parameter -Wno-unused-variable -Wunused-value -Wno-empty-body -Wno-uninitialized -Wno-unknown-pragmas -w -Wno-shadow -Wno-four-char-constants -Wno-conversion -Wno-constant-conversion -Wno-int-conversion -Wno-bool-conversion -Wno-enum-conversion -Wno-float-conversion -Wno-non-literal-null-conversion -Wno-objc-literal-conversion -Wshorten-64-to-32 -Wpointer-sign -Wno-newline-eof -Wno-selector -Wno-strict-selector-match -Wno-undeclared-selector -Wno-deprecated-implementations -Wno-implicit-fallthrough -isysroot /Applications/Xcode.app/Contents/Developer/Platforms/iPhoneSimulator.platform/Developer/SDKs/iPhoneSimulator26.4.sdk -fstrict-aliasing -Wprotocol -Wdeprecated-declarations -Wno-sign-conversion -Wno-infinite-recursion -Wno-comma -Wno-block-capture-autoreleasing -Wno-strict-prototypes -Wno-semicolon-before-method-body -index-store-path /Users/aadityasingh/Library/Developer/Xcode/DerivedData/Chatlio-erkyzdeecsohoaggpwbjdvavzqfv/Index.noindex/DataStore @/Users/aadityasingh/Library/Developer/Xcode/DerivedData/Chatlio-erkyzdeecsohoaggpwbjdvavzqfv/Build/Intermediates.noindex/DTCoreText.build/Debug-iphonesimulator/DTCoreText.build/Objects-normal/arm64/e6072d4f65d7061329687fe24e3d63a7-common-args.resp -include /Users/aadityasingh/Library/Developer/Xcode/DerivedData/Chatlio-erkyzdeecsohoaggpwbjdvavzqfv/Build/Intermediates.noindex/DTCoreText.build/Debug-iphonesimulator/DTCoreText.build/DerivedSources/resource_bundle_accessor.h -MMD -MT dependencies -MF /Users/aadityasingh/Library/Developer/Xcode/DerivedData/Chatlio-erkyzdeecsohoaggpwbjdvavzqfv/Build/Intermediates.noindex/DTCoreText.build/Debug-iphonesimulator/DTCoreText.build/Objects-normal/arm64/DTCSSStylesheet.d --serialize-diagnostics /Users/aadityasingh/Library/Developer/Xcode/DerivedData/Chatlio-erkyzdeecsohoaggpwbjdvavzqfv/Build/Intermediates.noindex/DTCoreText.build/Debug-iphonesimulator/DTCoreText.build/Objects-normal/arm64/DTCSSStylesheet.dia -c /Users/aadityasingh/Library/Developer/Xcode/DerivedData/Chatlio-erkyzdeecsohoaggpwbjdvavzqfv/SourcePackages/checkouts/DTCoreText/Core/Source/DTCSSStylesheet.m -o /Users/aadityasingh/Library/Developer/Xcode/DerivedData/Chatlio-erkyzdeecsohoaggpwbjdvavzqfv/Build/Intermediates.noindex/DTCoreText.build/Debug-iphonesimulator/DTCoreText.build/Objects-normal/arm64/DTCSSStylesheet.o -index-unit-output-path /DTCoreText.build/Debug-iphonesimulator/DTCoreText.build/Objects-normal/arm64/DTCSSStylesheet.o

SwiftDriverJobDiscovery normal x86_64 Compiling CircularWaveformRenderer.swift (in target 'DSWaveformImage' from project 'DSWaveformImage')

CompileC /Users/aadityasingh/Library/Developer/Xcode/DerivedData/Chatlio-erkyzdeecsohoaggpwbjdvavzqfv/Build/Intermediates.noindex/DTCoreText.build/Debug-iphonesimulator/DTCoreText.build/Objects-normal/arm64/DTBreakHTMLElement.o /Users/aadityasingh/Library/Developer/Xcode/DerivedData/Chatlio-erkyzdeecsohoaggpwbjdvavzqfv/SourcePackages/checkouts/DTCoreText/Core/Source/DTBreakHTMLElement.m normal arm64 objective-c com.apple.compilers.llvm.clang.1_0.compiler (in target 'DTCoreText' from project 'DTCoreText')
    cd /Users/aadityasingh/Documents/Development/element-x-ios/Chatlio.xcodeproj
    
    Using response file: /Users/aadityasingh/Library/Developer/Xcode/DerivedData/Chatlio-erkyzdeecsohoaggpwbjdvavzqfv/Build/Intermediates.noindex/DTCoreText.build/Debug-iphonesimulator/DTCoreText.build/Objects-normal/arm64/e6072d4f65d7061329687fe24e3d63a7-common-args.resp
    
    /Applications/Xcode.app/Contents/Developer/Toolchains/XcodeDefault.xctoolchain/usr/bin/clang -x objective-c -ivfsstatcache /Users/aadityasingh/Library/Developer/Xcode/DerivedData/SDKStatCaches.noindex/iphonesimulator26.4-23E252-686eebb5dc1d8ecb277353a59184f4aa.sdkstatcache -target arm64-apple-ios12.0-simulator -fmessage-length\=0 -fdiagnostics-show-note-include-stack -fmacro-backtrace-limit\=0 -fno-color-diagnostics -fmodules-prune-interval\=86400 -fmodules-prune-after\=345600 -fbuild-session-file\=/Users/aadityasingh/Library/Developer/Xcode/DerivedData/ModuleCache.noindex/Session.modulevalidation -fmodules-validate-once-per-build-session -Wnon-modular-include-in-framework-module -Werror\=non-modular-include-in-framework-module -Wno-trigraphs -Wno-missing-field-initializers -Wno-missing-prototypes -Wno-return-type -Wno-implicit-atomic-properties -Wno-objc-interface-ivars -Wno-arc-repeated-use-of-weak -Wno-missing-braces -Wparentheses -Wswitch -Wno-unused-function -Wno-unused-label -Wno-unused-parameter -Wno-unused-variable -Wunused-value -Wno-empty-body -Wno-uninitialized -Wno-unknown-pragmas -w -Wno-shadow -Wno-four-char-constants -Wno-conversion -Wno-constant-conversion -Wno-int-conversion -Wno-bool-conversion -Wno-enum-conversion -Wno-float-conversion -Wno-non-literal-null-conversion -Wno-objc-literal-conversion -Wshorten-64-to-32 -Wpointer-sign -Wno-newline-eof -Wno-selector -Wno-strict-selector-match -Wno-undeclared-selector -Wno-deprecated-implementations -Wno-implicit-fallthrough -isysroot /Applications/Xcode.app/Contents/Developer/Platforms/iPhoneSimulator.platform/Developer/SDKs/iPhoneSimulator26.4.sdk -fstrict-aliasing -Wprotocol -Wdeprecated-declarations -Wno-sign-conversion -Wno-infinite-recursion -Wno-comma -Wno-block-capture-autoreleasing -Wno-strict-prototypes -Wno-semicolon-before-method-body -index-store-path /Users/aadityasingh/Library/Developer/Xcode/DerivedData/Chatlio-erkyzdeecsohoaggpwbjdvavzqfv/Index.noindex/DataStore @/Users/aadityasingh/Library/Developer/Xcode/DerivedData/Chatlio-erkyzdeecsohoaggpwbjdvavzqfv/Build/Intermediates.noindex/DTCoreText.build/Debug-iphonesimulator/DTCoreText.build/Objects-normal/arm64/e6072d4f65d7061329687fe24e3d63a7-common-args.resp -include /Users/aadityasingh/Library/Developer/Xcode/DerivedData/Chatlio-erkyzdeecsohoaggpwbjdvavzqfv/Build/Intermediates.noindex/DTCoreText.build/Debug-iphonesimulator/DTCoreText.build/DerivedSources/resource_bundle_accessor.h -MMD -MT dependencies -MF /Users/aadityasingh/Library/Developer/Xcode/DerivedData/Chatlio-erkyzdeecsohoaggpwbjdvavzqfv/Build/Intermediates.noindex/DTCoreText.build/Debug-iphonesimulator/DTCoreText.build/Objects-normal/arm64/DTBreakHTMLElement.d --serialize-diagnostics /Users/aadityasingh/Library/Developer/Xcode/DerivedData/Chatlio-erkyzdeecsohoaggpwbjdvavzqfv/Build/Intermediates.noindex/DTCoreText.build/Debug-iphonesimulator/DTCoreText.build/Objects-normal/arm64/DTBreakHTMLElement.dia -c /Users/aadityasingh/Library/Developer/Xcode/DerivedData/Chatlio-erkyzdeecsohoaggpwbjdvavzqfv/SourcePackages/checkouts/DTCoreText/Core/Source/DTBreakHTMLElement.m -o /Users/aadityasingh/Library/Developer/Xcode/DerivedData/Chatlio-erkyzdeecsohoaggpwbjdvavzqfv/Build/Intermediates.noindex/DTCoreText.build/Debug-iphonesimulator/DTCoreText.build/Objects-normal/arm64/DTBreakHTMLElement.o -index-unit-output-path /DTCoreText.build/Debug-iphonesimulator/DTCoreText.build/Objects-normal/arm64/DTBreakHTMLElement.o

CompileC /Users/aadityasingh/Library/Developer/Xcode/DerivedData/Chatlio-erkyzdeecsohoaggpwbjdvavzqfv/Build/Intermediates.noindex/DTCoreText.build/Debug-iphonesimulator/DTCoreText.build/Objects-normal/arm64/DTAttributedTextView.o /Users/aadityasingh/Library/Developer/Xcode/DerivedData/Chatlio-erkyzdeecsohoaggpwbjdvavzqfv/SourcePackages/checkouts/DTCoreText/Core/Source/DTAttributedTextView.m normal arm64 objective-c com.apple.compilers.llvm.clang.1_0.compiler (in target 'DTCoreText' from project 'DTCoreText')
    cd /Users/aadityasingh/Documents/Development/element-x-ios/Chatlio.xcodeproj
    
    Using response file: /Users/aadityasingh/Library/Developer/Xcode/DerivedData/Chatlio-erkyzdeecsohoaggpwbjdvavzqfv/Build/Intermediates.noindex/DTCoreText.build/Debug-iphonesimulator/DTCoreText.build/Objects-normal/arm64/e6072d4f65d7061329687fe24e3d63a7-common-args.resp
    
    /Applications/Xcode.app/Contents/Developer/Toolchains/XcodeDefault.xctoolchain/usr/bin/clang -x objective-c -ivfsstatcache /Users/aadityasingh/Library/Developer/Xcode/DerivedData/SDKStatCaches.noindex/iphonesimulator26.4-23E252-686eebb5dc1d8ecb277353a59184f4aa.sdkstatcache -target arm64-apple-ios12.0-simulator -fmessage-length\=0 -fdiagnostics-show-note-include-stack -fmacro-backtrace-limit\=0 -fno-color-diagnostics -fmodules-prune-interval\=86400 -fmodules-prune-after\=345600 -fbuild-session-file\=/Users/aadityasingh/Library/Developer/Xcode/DerivedData/ModuleCache.noindex/Session.modulevalidation -fmodules-validate-once-per-build-session -Wnon-modular-include-in-framework-module -Werror\=non-modular-include-in-framework-module -Wno-trigraphs -Wno-missing-field-initializers -Wno-missing-prototypes -Wno-return-type -Wno-implicit-atomic-properties -Wno-objc-interface-ivars -Wno-arc-repeated-use-of-weak -Wno-missing-braces -Wparentheses -Wswitch -Wno-unused-function -Wno-unused-label -Wno-unused-parameter -Wno-unused-variable -Wunused-value -Wno-empty-body -Wno-uninitialized -Wno-unknown-pragmas -w -Wno-shadow -Wno-four-char-constants -Wno-conversion -Wno-constant-conversion -Wno-int-conversion -Wno-bool-conversion -Wno-enum-conversion -Wno-float-conversion -Wno-non-literal-null-conversion -Wno-objc-literal-conversion -Wshorten-64-to-32 -Wpointer-sign -Wno-newline-eof -Wno-selector -Wno-strict-selector-match -Wno-undeclared-selector -Wno-deprecated-implementations -Wno-implicit-fallthrough -isysroot /Applications/Xcode.app/Contents/Developer/Platforms/iPhoneSimulator.platform/Developer/SDKs/iPhoneSimulator26.4.sdk -fstrict-aliasing -Wprotocol -Wdeprecated-declarations -Wno-sign-conversion -Wno-infinite-recursion -Wno-comma -Wno-block-capture-autoreleasing -Wno-strict-prototypes -Wno-semicolon-before-method-body -index-store-path /Users/aadityasingh/Library/Developer/Xcode/DerivedData/Chatlio-erkyzdeecsohoaggpwbjdvavzqfv/Index.noindex/DataStore @/Users/aadityasingh/Library/Developer/Xcode/DerivedData/Chatlio-erkyzdeecsohoaggpwbjdvavzqfv/Build/Intermediates.noindex/DTCoreText.build/Debug-iphonesimulator/DTCoreText.build/Objects-normal/arm64/e6072d4f65d7061329687fe24e3d63a7-common-args.resp -include /Users/aadityasingh/Library/Developer/Xcode/DerivedData/Chatlio-erkyzdeecsohoaggpwbjdvavzqfv/Build/Intermediates.noindex/DTCoreText.build/Debug-iphonesimulator/DTCoreText.build/DerivedSources/resource_bundle_accessor.h -MMD -MT dependencies -MF /Users/aadityasingh/Library/Developer/Xcode/DerivedData/Chatlio-erkyzdeecsohoaggpwbjdvavzqfv/Build/Intermediates.noindex/DTCoreText.build/Debug-iphonesimulator/DTCoreText.build/Objects-normal/arm64/DTAttributedTextView.d --serialize-diagnostics /Users/aadityasingh/Library/Developer/Xcode/DerivedData/Chatlio-erkyzdeecsohoaggpwbjdvavzqfv/Build/Intermediates.noindex/DTCoreText.build/Debug-iphonesimulator/DTCoreText.build/Objects-normal/arm64/DTAttributedTextView.dia -c /Users/aadityasingh/Library/Developer/Xcode/DerivedData/Chatlio-erkyzdeecsohoaggpwbjdvavzqfv/SourcePackages/checkouts/DTCoreText/Core/Source/DTAttributedTextView.m -o /Users/aadityasingh/Library/Developer/Xcode/DerivedData/Chatlio-erkyzdeecsohoaggpwbjdvavzqfv/Build/Intermediates.noindex/DTCoreText.build/Debug-iphonesimulator/DTCoreText.build/Objects-normal/arm64/DTAttributedTextView.o -index-unit-output-path /DTCoreText.build/Debug-iphonesimulator/DTCoreText.build/Objects-normal/arm64/DTAttributedTextView.o

CompileC /Users/aadityasingh/Library/Developer/Xcode/DerivedData/Chatlio-erkyzdeecsohoaggpwbjdvavzqfv/Build/Intermediates.noindex/DTCoreText.build/Debug-iphonesimulator/DTCoreText.build/Objects-normal/arm64/DTAttributedTextContentView.o /Users/aadityasingh/Library/Developer/Xcode/DerivedData/Chatlio-erkyzdeecsohoaggpwbjdvavzqfv/SourcePackages/checkouts/DTCoreText/Core/Source/DTAttributedTextContentView.m normal arm64 objective-c com.apple.compilers.llvm.clang.1_0.compiler (in target 'DTCoreText' from project 'DTCoreText')
    cd /Users/aadityasingh/Documents/Development/element-x-ios/Chatlio.xcodeproj
    
    Using response file: /Users/aadityasingh/Library/Developer/Xcode/DerivedData/Chatlio-erkyzdeecsohoaggpwbjdvavzqfv/Build/Intermediates.noindex/DTCoreText.build/Debug-iphonesimulator/DTCoreText.build/Objects-normal/arm64/e6072d4f65d7061329687fe24e3d63a7-common-args.resp
    
    /Applications/Xcode.app/Contents/Developer/Toolchains/XcodeDefault.xctoolchain/usr/bin/clang -x objective-c -ivfsstatcache /Users/aadityasingh/Library/Developer/Xcode/DerivedData/SDKStatCaches.noindex/iphonesimulator26.4-23E252-686eebb5dc1d8ecb277353a59184f4aa.sdkstatcache -target arm64-apple-ios12.0-simulator -fmessage-length\=0 -fdiagnostics-show-note-include-stack -fmacro-backtrace-limit\=0 -fno-color-diagnostics -fmodules-prune-interval\=86400 -fmodules-prune-after\=345600 -fbuild-session-file\=/Users/aadityasingh/Library/Developer/Xcode/DerivedData/ModuleCache.noindex/Session.modulevalidation -fmodules-validate-once-per-build-session -Wnon-modular-include-in-framework-module -Werror\=non-modular-include-in-framework-module -Wno-trigraphs -Wno-missing-field-initializers -Wno-missing-prototypes -Wno-return-type -Wno-implicit-atomic-properties -Wno-objc-interface-ivars -Wno-arc-repeated-use-of-weak -Wno-missing-braces -Wparentheses -Wswitch -Wno-unused-function -Wno-unused-label -Wno-unused-parameter -Wno-unused-variable -Wunused-value -Wno-empty-body -Wno-uninitialized -Wno-unknown-pragmas -w -Wno-shadow -Wno-four-char-constants -Wno-conversion -Wno-constant-conversion -Wno-int-conversion -Wno-bool-conversion -Wno-enum-conversion -Wno-float-conversion -Wno-non-literal-null-conversion -Wno-objc-literal-conversion -Wshorten-64-to-32 -Wpointer-sign -Wno-newline-eof -Wno-selector -Wno-strict-selector-match -Wno-undeclared-selector -Wno-deprecated-implementations -Wno-implicit-fallthrough -isysroot /Applications/Xcode.app/Contents/Developer/Platforms/iPhoneSimulator.platform/Developer/SDKs/iPhoneSimulator26.4.sdk -fstrict-aliasing -Wprotocol -Wdeprecated-declarations -Wno-sign-conversion -Wno-infinite-recursion -Wno-comma -Wno-block-capture-autoreleasing -Wno-strict-prototypes -Wno-semicolon-before-method-body -index-store-path /Users/aadityasingh/Library/Developer/Xcode/DerivedData/Chatlio-erkyzdeecsohoaggpwbjdvavzqfv/Index.noindex/DataStore @/Users/aadityasingh/Library/Developer/Xcode/DerivedData/Chatlio-erkyzdeecsohoaggpwbjdvavzqfv/Build/Intermediates.noindex/DTCoreText.build/Debug-iphonesimulator/DTCoreText.build/Objects-normal/arm64/e6072d4f65d7061329687fe24e3d63a7-common-args.resp -include /Users/aadityasingh/Library/Developer/Xcode/DerivedData/Chatlio-erkyzdeecsohoaggpwbjdvavzqfv/Build/Intermediates.noindex/DTCoreText.build/Debug-iphonesimulator/DTCoreText.build/DerivedSources/resource_bundle_accessor.h -MMD -MT dependencies -MF /Users/aadityasingh/Library/Developer/Xcode/DerivedData/Chatlio-erkyzdeecsohoaggpwbjdvavzqfv/Build/Intermediates.noindex/DTCoreText.build/Debug-iphonesimulator/DTCoreText.build/Objects-normal/arm64/DTAttributedTextContentView.d --serialize-diagnostics /Users/aadityasingh/Library/Developer/Xcode/DerivedData/Chatlio-erkyzdeecsohoaggpwbjdvavzqfv/Build/Intermediates.noindex/DTCoreText.build/Debug-iphonesimulator/DTCoreText.build/Objects-normal/arm64/DTAttributedTextContentView.dia -c /Users/aadityasingh/Library/Developer/Xcode/DerivedData/Chatlio-erkyzdeecsohoaggpwbjdvavzqfv/SourcePackages/checkouts/DTCoreText/Core/Source/DTAttributedTextContentView.m -o /Users/aadityasingh/Library/Developer/Xcode/DerivedData/Chatlio-erkyzdeecsohoaggpwbjdvavzqfv/Build/Intermediates.noindex/DTCoreText.build/Debug-iphonesimulator/DTCoreText.build/Objects-normal/arm64/DTAttributedTextContentView.o -index-unit-output-path /DTCoreText.build/Debug-iphonesimulator/DTCoreText.build/Objects-normal/arm64/DTAttributedTextContentView.o

SwiftDriverJobDiscovery normal x86_64 Compiling WaveformImageDrawer.swift (in target 'DSWaveformImage' from project 'DSWaveformImage')

CompileC /Users/aadityasingh/Library/Developer/Xcode/DerivedData/Chatlio-erkyzdeecsohoaggpwbjdvavzqfv/Build/Intermediates.noindex/DTCoreText.build/Debug-iphonesimulator/DTCoreText.build/Objects-normal/arm64/DTAttributedTextCell.o /Users/aadityasingh/Library/Developer/Xcode/DerivedData/Chatlio-erkyzdeecsohoaggpwbjdvavzqfv/SourcePackages/checkouts/DTCoreText/Core/Source/DTAttributedTextCell.m normal arm64 objective-c com.apple.compilers.llvm.clang.1_0.compiler (in target 'DTCoreText' from project 'DTCoreText')
    cd /Users/aadityasingh/Documents/Development/element-x-ios/Chatlio.xcodeproj
    
    Using response file: /Users/aadityasingh/Library/Developer/Xcode/DerivedData/Chatlio-erkyzdeecsohoaggpwbjdvavzqfv/Build/Intermediates.noindex/DTCoreText.build/Debug-iphonesimulator/DTCoreText.build/Objects-normal/arm64/e6072d4f65d7061329687fe24e3d63a7-common-args.resp
    
    /Applications/Xcode.app/Contents/Developer/Toolchains/XcodeDefault.xctoolchain/usr/bin/clang -x objective-c -ivfsstatcache /Users/aadityasingh/Library/Developer/Xcode/DerivedData/SDKStatCaches.noindex/iphonesimulator26.4-23E252-686eebb5dc1d8ecb277353a59184f4aa.sdkstatcache -target arm64-apple-ios12.0-simulator -fmessage-length\=0 -fdiagnostics-show-note-include-stack -fmacro-backtrace-limit\=0 -fno-color-diagnostics -fmodules-prune-interval\=86400 -fmodules-prune-after\=345600 -fbuild-session-file\=/Users/aadityasingh/Library/Developer/Xcode/DerivedData/ModuleCache.noindex/Session.modulevalidation -fmodules-validate-once-per-build-session -Wnon-modular-include-in-framework-module -Werror\=non-modular-include-in-framework-module -Wno-trigraphs -Wno-missing-field-initializers -Wno-missing-prototypes -Wno-return-type -Wno-implicit-atomic-properties -Wno-objc-interface-ivars -Wno-arc-repeated-use-of-weak -Wno-missing-braces -Wparentheses -Wswitch -Wno-unused-function -Wno-unused-label -Wno-unused-parameter -Wno-unused-variable -Wunused-value -Wno-empty-body -Wno-uninitialized -Wno-unknown-pragmas -w -Wno-shadow -Wno-four-char-constants -Wno-conversion -Wno-constant-conversion -Wno-int-conversion -Wno-bool-conversion -Wno-enum-conversion -Wno-float-conversion -Wno-non-literal-null-conversion -Wno-objc-literal-conversion -Wshorten-64-to-32 -Wpointer-sign -Wno-newline-eof -Wno-selector -Wno-strict-selector-match -Wno-undeclared-selector -Wno-deprecated-implementations -Wno-implicit-fallthrough -isysroot /Applications/Xcode.app/Contents/Developer/Platforms/iPhoneSimulator.platform/Developer/SDKs/iPhoneSimulator26.4.sdk -fstrict-aliasing -Wprotocol -Wdeprecated-declarations -Wno-sign-conversion -Wno-infinite-recursion -Wno-comma -Wno-block-capture-autoreleasing -Wno-strict-prototypes -Wno-semicolon-before-method-body -index-store-path /Users/aadityasingh/Library/Developer/Xcode/DerivedData/Chatlio-erkyzdeecsohoaggpwbjdvavzqfv/Index.noindex/DataStore @/Users/aadityasingh/Library/Developer/Xcode/DerivedData/Chatlio-erkyzdeecsohoaggpwbjdvavzqfv/Build/Intermediates.noindex/DTCoreText.build/Debug-iphonesimulator/DTCoreText.build/Objects-normal/arm64/e6072d4f65d7061329687fe24e3d63a7-common-args.resp -include /Users/aadityasingh/Library/Developer/Xcode/DerivedData/Chatlio-erkyzdeecsohoaggpwbjdvavzqfv/Build/Intermediates.noindex/DTCoreText.build/Debug-iphonesimulator/DTCoreText.build/DerivedSources/resource_bundle_accessor.h -MMD -MT dependencies -MF /Users/aadityasingh/Library/Developer/Xcode/DerivedData/Chatlio-erkyzdeecsohoaggpwbjdvavzqfv/Build/Intermediates.noindex/DTCoreText.build/Debug-iphonesimulator/DTCoreText.build/Objects-normal/arm64/DTAttributedTextCell.d --serialize-diagnostics /Users/aadityasingh/Library/Developer/Xcode/DerivedData/Chatlio-erkyzdeecsohoaggpwbjdvavzqfv/Build/Intermediates.noindex/DTCoreText.build/Debug-iphonesimulator/DTCoreText.build/Objects-normal/arm64/DTAttributedTextCell.dia -c /Users/aadityasingh/Library/Developer/Xcode/DerivedData/Chatlio-erkyzdeecsohoaggpwbjdvavzqfv/SourcePackages/checkouts/DTCoreText/Core/Source/DTAttributedTextCell.m -o /Users/aadityasingh/Library/Developer/Xcode/DerivedData/Chatlio-erkyzdeecsohoaggpwbjdvavzqfv/Build/Intermediates.noindex/DTCoreText.build/Debug-iphonesimulator/DTCoreText.build/Objects-normal/arm64/DTAttributedTextCell.o -index-unit-output-path /DTCoreText.build/Debug-iphonesimulator/DTCoreText.build/Objects-normal/arm64/DTAttributedTextCell.o

CompileC /Users/aadityasingh/Library/Developer/Xcode/DerivedData/Chatlio-erkyzdeecsohoaggpwbjdvavzqfv/Build/Intermediates.noindex/DTCoreText.build/Debug-iphonesimulator/DTCoreText.build/Objects-normal/arm64/DTAttributedLabel.o /Users/aadityasingh/Library/Developer/Xcode/DerivedData/Chatlio-erkyzdeecsohoaggpwbjdvavzqfv/SourcePackages/checkouts/DTCoreText/Core/Source/DTAttributedLabel.m normal arm64 objective-c com.apple.compilers.llvm.clang.1_0.compiler (in target 'DTCoreText' from project 'DTCoreText')
    cd /Users/aadityasingh/Documents/Development/element-x-ios/Chatlio.xcodeproj
    
    Using response file: /Users/aadityasingh/Library/Developer/Xcode/DerivedData/Chatlio-erkyzdeecsohoaggpwbjdvavzqfv/Build/Intermediates.noindex/DTCoreText.build/Debug-iphonesimulator/DTCoreText.build/Objects-normal/arm64/e6072d4f65d7061329687fe24e3d63a7-common-args.resp
    
    /Applications/Xcode.app/Contents/Developer/Toolchains/XcodeDefault.xctoolchain/usr/bin/clang -x objective-c -ivfsstatcache /Users/aadityasingh/Library/Developer/Xcode/DerivedData/SDKStatCaches.noindex/iphonesimulator26.4-23E252-686eebb5dc1d8ecb277353a59184f4aa.sdkstatcache -target arm64-apple-ios12.0-simulator -fmessage-length\=0 -fdiagnostics-show-note-include-stack -fmacro-backtrace-limit\=0 -fno-color-diagnostics -fmodules-prune-interval\=86400 -fmodules-prune-after\=345600 -fbuild-session-file\=/Users/aadityasingh/Library/Developer/Xcode/DerivedData/ModuleCache.noindex/Session.modulevalidation -fmodules-validate-once-per-build-session -Wnon-modular-include-in-framework-module -Werror\=non-modular-include-in-framework-module -Wno-trigraphs -Wno-missing-field-initializers -Wno-missing-prototypes -Wno-return-type -Wno-implicit-atomic-properties -Wno-objc-interface-ivars -Wno-arc-repeated-use-of-weak -Wno-missing-braces -Wparentheses -Wswitch -Wno-unused-function -Wno-unused-label -Wno-unused-parameter -Wno-unused-variable -Wunused-value -Wno-empty-body -Wno-uninitialized -Wno-unknown-pragmas -w -Wno-shadow -Wno-four-char-constants -Wno-conversion -Wno-constant-conversion -Wno-int-conversion -Wno-bool-conversion -Wno-enum-conversion -Wno-float-conversion -Wno-non-literal-null-conversion -Wno-objc-literal-conversion -Wshorten-64-to-32 -Wpointer-sign -Wno-newline-eof -Wno-selector -Wno-strict-selector-match -Wno-undeclared-selector -Wno-deprecated-implementations -Wno-implicit-fallthrough -isysroot /Applications/Xcode.app/Contents/Developer/Platforms/iPhoneSimulator.platform/Developer/SDKs/iPhoneSimulator26.4.sdk -fstrict-aliasing -Wprotocol -Wdeprecated-declarations -Wno-sign-conversion -Wno-infinite-recursion -Wno-comma -Wno-block-capture-autoreleasing -Wno-strict-prototypes -Wno-semicolon-before-method-body -index-store-path /Users/aadityasingh/Library/Developer/Xcode/DerivedData/Chatlio-erkyzdeecsohoaggpwbjdvavzqfv/Index.noindex/DataStore @/Users/aadityasingh/Library/Developer/Xcode/DerivedData/Chatlio-erkyzdeecsohoaggpwbjdvavzqfv/Build/Intermediates.noindex/DTCoreText.build/Debug-iphonesimulator/DTCoreText.build/Objects-normal/arm64/e6072d4f65d7061329687fe24e3d63a7-common-args.resp -include /Users/aadityasingh/Library/Developer/Xcode/DerivedData/Chatlio-erkyzdeecsohoaggpwbjdvavzqfv/Build/Intermediates.noindex/DTCoreText.build/Debug-iphonesimulator/DTCoreText.build/DerivedSources/resource_bundle_accessor.h -MMD -MT dependencies -MF /Users/aadityasingh/Library/Developer/Xcode/DerivedData/Chatlio-erkyzdeecsohoaggpwbjdvavzqfv/Build/Intermediates.noindex/DTCoreText.build/Debug-iphonesimulator/DTCoreText.build/Objects-normal/arm64/DTAttributedLabel.d --serialize-diagnostics /Users/aadityasingh/Library/Developer/Xcode/DerivedData/Chatlio-erkyzdeecsohoaggpwbjdvavzqfv/Build/Intermediates.noindex/DTCoreText.build/Debug-iphonesimulator/DTCoreText.build/Objects-normal/arm64/DTAttributedLabel.dia -c /Users/aadityasingh/Library/Developer/Xcode/DerivedData/Chatlio-erkyzdeecsohoaggpwbjdvavzqfv/SourcePackages/checkouts/DTCoreText/Core/Source/DTAttributedLabel.m -o /Users/aadityasingh/Library/Developer/Xcode/DerivedData/Chatlio-erkyzdeecsohoaggpwbjdvavzqfv/Build/Intermediates.noindex/DTCoreText.build/Debug-iphonesimulator/DTCoreText.build/Objects-normal/arm64/DTAttributedLabel.o -index-unit-output-path /DTCoreText.build/Debug-iphonesimulator/DTCoreText.build/Objects-normal/arm64/DTAttributedLabel.o

CompileC /Users/aadityasingh/Library/Developer/Xcode/DerivedData/Chatlio-erkyzdeecsohoaggpwbjdvavzqfv/Build/Intermediates.noindex/DTCoreText.build/Debug-iphonesimulator/DTCoreText.build/Objects-normal/arm64/DTAnchorHTMLElement.o /Users/aadityasingh/Library/Developer/Xcode/DerivedData/Chatlio-erkyzdeecsohoaggpwbjdvavzqfv/SourcePackages/checkouts/DTCoreText/Core/Source/DTAnchorHTMLElement.m normal arm64 objective-c com.apple.compilers.llvm.clang.1_0.compiler (in target 'DTCoreText' from project 'DTCoreText')
    cd /Users/aadityasingh/Documents/Development/element-x-ios/Chatlio.xcodeproj
    
    Using response file: /Users/aadityasingh/Library/Developer/Xcode/DerivedData/Chatlio-erkyzdeecsohoaggpwbjdvavzqfv/Build/Intermediates.noindex/DTCoreText.build/Debug-iphonesimulator/DTCoreText.build/Objects-normal/arm64/e6072d4f65d7061329687fe24e3d63a7-common-args.resp
    
    /Applications/Xcode.app/Contents/Developer/Toolchains/XcodeDefault.xctoolchain/usr/bin/clang -x objective-c -ivfsstatcache /Users/aadityasingh/Library/Developer/Xcode/DerivedData/SDKStatCaches.noindex/iphonesimulator26.4-23E252-686eebb5dc1d8ecb277353a59184f4aa.sdkstatcache -target arm64-apple-ios12.0-simulator -fmessage-length\=0 -fdiagnostics-show-note-include-stack -fmacro-backtrace-limit\=0 -fno-color-diagnostics -fmodules-prune-interval\=86400 -fmodules-prune-after\=345600 -fbuild-session-file\=/Users/aadityasingh/Library/Developer/Xcode/DerivedData/ModuleCache.noindex/Session.modulevalidation -fmodules-validate-once-per-build-session -Wnon-modular-include-in-framework-module -Werror\=non-modular-include-in-framework-module -Wno-trigraphs -Wno-missing-field-initializers -Wno-missing-prototypes -Wno-return-type -Wno-implicit-atomic-properties -Wno-objc-interface-ivars -Wno-arc-repeated-use-of-weak -Wno-missing-braces -Wparentheses -Wswitch -Wno-unused-function -Wno-unused-label -Wno-unused-parameter -Wno-unused-variable -Wunused-value -Wno-empty-body -Wno-uninitialized -Wno-unknown-pragmas -w -Wno-shadow -Wno-four-char-constants -Wno-conversion -Wno-constant-conversion -Wno-int-conversion -Wno-bool-conversion -Wno-enum-conversion -Wno-float-conversion -Wno-non-literal-null-conversion -Wno-objc-literal-conversion -Wshorten-64-to-32 -Wpointer-sign -Wno-newline-eof -Wno-selector -Wno-strict-selector-match -Wno-undeclared-selector -Wno-deprecated-implementations -Wno-implicit-fallthrough -isysroot /Applications/Xcode.app/Contents/Developer/Platforms/iPhoneSimulator.platform/Developer/SDKs/iPhoneSimulator26.4.sdk -fstrict-aliasing -Wprotocol -Wdeprecated-declarations -Wno-sign-conversion -Wno-infinite-recursion -Wno-comma -Wno-block-capture-autoreleasing -Wno-strict-prototypes -Wno-semicolon-before-method-body -index-store-path /Users/aadityasingh/Library/Developer/Xcode/DerivedData/Chatlio-erkyzdeecsohoaggpwbjdvavzqfv/Index.noindex/DataStore @/Users/aadityasingh/Library/Developer/Xcode/DerivedData/Chatlio-erkyzdeecsohoaggpwbjdvavzqfv/Build/Intermediates.noindex/DTCoreText.build/Debug-iphonesimulator/DTCoreText.build/Objects-normal/arm64/e6072d4f65d7061329687fe24e3d63a7-common-args.resp -include /Users/aadityasingh/Library/Developer/Xcode/DerivedData/Chatlio-erkyzdeecsohoaggpwbjdvavzqfv/Build/Intermediates.noindex/DTCoreText.build/Debug-iphonesimulator/DTCoreText.build/DerivedSources/resource_bundle_accessor.h -MMD -MT dependencies -MF /Users/aadityasingh/Library/Developer/Xcode/DerivedData/Chatlio-erkyzdeecsohoaggpwbjdvavzqfv/Build/Intermediates.noindex/DTCoreText.build/Debug-iphonesimulator/DTCoreText.build/Objects-normal/arm64/DTAnchorHTMLElement.d --serialize-diagnostics /Users/aadityasingh/Library/Developer/Xcode/DerivedData/Chatlio-erkyzdeecsohoaggpwbjdvavzqfv/Build/Intermediates.noindex/DTCoreText.build/Debug-iphonesimulator/DTCoreText.build/Objects-normal/arm64/DTAnchorHTMLElement.dia -c /Users/aadityasingh/Library/Developer/Xcode/DerivedData/Chatlio-erkyzdeecsohoaggpwbjdvavzqfv/SourcePackages/checkouts/DTCoreText/Core/Source/DTAnchorHTMLElement.m -o /Users/aadityasingh/Library/Developer/Xcode/DerivedData/Chatlio-erkyzdeecsohoaggpwbjdvavzqfv/Build/Intermediates.noindex/DTCoreText.build/Debug-iphonesimulator/DTCoreText.build/Objects-normal/arm64/DTAnchorHTMLElement.o -index-unit-output-path /DTCoreText.build/Debug-iphonesimulator/DTCoreText.build/Objects-normal/arm64/DTAnchorHTMLElement.o

CompileC /Users/aadityasingh/Library/Developer/Xcode/DerivedData/Chatlio-erkyzdeecsohoaggpwbjdvavzqfv/Build/Intermediates.noindex/DTCoreText.build/Debug-iphonesimulator/DTCoreText.build/Objects-normal/arm64/DTAccessibilityViewProxy.o /Users/aadityasingh/Library/Developer/Xcode/DerivedData/Chatlio-erkyzdeecsohoaggpwbjdvavzqfv/SourcePackages/checkouts/DTCoreText/Core/Source/DTAccessibilityViewProxy.m normal arm64 objective-c com.apple.compilers.llvm.clang.1_0.compiler (in target 'DTCoreText' from project 'DTCoreText')
    cd /Users/aadityasingh/Documents/Development/element-x-ios/Chatlio.xcodeproj
    
    Using response file: /Users/aadityasingh/Library/Developer/Xcode/DerivedData/Chatlio-erkyzdeecsohoaggpwbjdvavzqfv/Build/Intermediates.noindex/DTCoreText.build/Debug-iphonesimulator/DTCoreText.build/Objects-normal/arm64/e6072d4f65d7061329687fe24e3d63a7-common-args.resp
    
    /Applications/Xcode.app/Contents/Developer/Toolchains/XcodeDefault.xctoolchain/usr/bin/clang -x objective-c -ivfsstatcache /Users/aadityasingh/Library/Developer/Xcode/DerivedData/SDKStatCaches.noindex/iphonesimulator26.4-23E252-686eebb5dc1d8ecb277353a59184f4aa.sdkstatcache -target arm64-apple-ios12.0-simulator -fmessage-length\=0 -fdiagnostics-show-note-include-stack -fmacro-backtrace-limit\=0 -fno-color-diagnostics -fmodules-prune-interval\=86400 -fmodules-prune-after\=345600 -fbuild-session-file\=/Users/aadityasingh/Library/Developer/Xcode/DerivedData/ModuleCache.noindex/Session.modulevalidation -fmodules-validate-once-per-build-session -Wnon-modular-include-in-framework-module -Werror\=non-modular-include-in-framework-module -Wno-trigraphs -Wno-missing-field-initializers -Wno-missing-prototypes -Wno-return-type -Wno-implicit-atomic-properties -Wno-objc-interface-ivars -Wno-arc-repeated-use-of-weak -Wno-missing-braces -Wparentheses -Wswitch -Wno-unused-function -Wno-unused-label -Wno-unused-parameter -Wno-unused-variable -Wunused-value -Wno-empty-body -Wno-uninitialized -Wno-unknown-pragmas -w -Wno-shadow -Wno-four-char-constants -Wno-conversion -Wno-constant-conversion -Wno-int-conversion -Wno-bool-conversion -Wno-enum-conversion -Wno-float-conversion -Wno-non-literal-null-conversion -Wno-objc-literal-conversion -Wshorten-64-to-32 -Wpointer-sign -Wno-newline-eof -Wno-selector -Wno-strict-selector-match -Wno-undeclared-selector -Wno-deprecated-implementations -Wno-implicit-fallthrough -isysroot /Applications/Xcode.app/Contents/Developer/Platforms/iPhoneSimulator.platform/Developer/SDKs/iPhoneSimulator26.4.sdk -fstrict-aliasing -Wprotocol -Wdeprecated-declarations -Wno-sign-conversion -Wno-infinite-recursion -Wno-comma -Wno-block-capture-autoreleasing -Wno-strict-prototypes -Wno-semicolon-before-method-body -index-store-path /Users/aadityasingh/Library/Developer/Xcode/DerivedData/Chatlio-erkyzdeecsohoaggpwbjdvavzqfv/Index.noindex/DataStore @/Users/aadityasingh/Library/Developer/Xcode/DerivedData/Chatlio-erkyzdeecsohoaggpwbjdvavzqfv/Build/Intermediates.noindex/DTCoreText.build/Debug-iphonesimulator/DTCoreText.build/Objects-normal/arm64/e6072d4f65d7061329687fe24e3d63a7-common-args.resp -include /Users/aadityasingh/Library/Developer/Xcode/DerivedData/Chatlio-erkyzdeecsohoaggpwbjdvavzqfv/Build/Intermediates.noindex/DTCoreText.build/Debug-iphonesimulator/DTCoreText.build/DerivedSources/resource_bundle_accessor.h -MMD -MT dependencies -MF /Users/aadityasingh/Library/Developer/Xcode/DerivedData/Chatlio-erkyzdeecsohoaggpwbjdvavzqfv/Build/Intermediates.noindex/DTCoreText.build/Debug-iphonesimulator/DTCoreText.build/Objects-normal/arm64/DTAccessibilityViewProxy.d --serialize-diagnostics /Users/aadityasingh/Library/Developer/Xcode/DerivedData/Chatlio-erkyzdeecsohoaggpwbjdvavzqfv/Build/Intermediates.noindex/DTCoreText.build/Debug-iphonesimulator/DTCoreText.build/Objects-normal/arm64/DTAccessibilityViewProxy.dia -c /Users/aadityasingh/Library/Developer/Xcode/DerivedData/Chatlio-erkyzdeecsohoaggpwbjdvavzqfv/SourcePackages/checkouts/DTCoreText/Core/Source/DTAccessibilityViewProxy.m -o /Users/aadityasingh/Library/Developer/Xcode/DerivedData/Chatlio-erkyzdeecsohoaggpwbjdvavzqfv/Build/Intermediates.noindex/DTCoreText.build/Debug-iphonesimulator/DTCoreText.build/Objects-normal/arm64/DTAccessibilityViewProxy.o -index-unit-output-path /DTCoreText.build/Debug-iphonesimulator/DTCoreText.build/Objects-normal/arm64/DTAccessibilityViewProxy.o

CompileC /Users/aadityasingh/Library/Developer/Xcode/DerivedData/Chatlio-erkyzdeecsohoaggpwbjdvavzqfv/Build/Intermediates.noindex/DTCoreText.build/Debug-iphonesimulator/DTCoreText.build/Objects-normal/arm64/DTAccessibilityElement.o /Users/aadityasingh/Library/Developer/Xcode/DerivedData/Chatlio-erkyzdeecsohoaggpwbjdvavzqfv/SourcePackages/checkouts/DTCoreText/Core/Source/DTAccessibilityElement.m normal arm64 objective-c com.apple.compilers.llvm.clang.1_0.compiler (in target 'DTCoreText' from project 'DTCoreText')
    cd /Users/aadityasingh/Documents/Development/element-x-ios/Chatlio.xcodeproj
    
    Using response file: /Users/aadityasingh/Library/Developer/Xcode/DerivedData/Chatlio-erkyzdeecsohoaggpwbjdvavzqfv/Build/Intermediates.noindex/DTCoreText.build/Debug-iphonesimulator/DTCoreText.build/Objects-normal/arm64/e6072d4f65d7061329687fe24e3d63a7-common-args.resp
    
    /Applications/Xcode.app/Contents/Developer/Toolchains/XcodeDefault.xctoolchain/usr/bin/clang -x objective-c -ivfsstatcache /Users/aadityasingh/Library/Developer/Xcode/DerivedData/SDKStatCaches.noindex/iphonesimulator26.4-23E252-686eebb5dc1d8ecb277353a59184f4aa.sdkstatcache -target arm64-apple-ios12.0-simulator -fmessage-length\=0 -fdiagnostics-show-note-include-stack -fmacro-backtrace-limit\=0 -fno-color-diagnostics -fmodules-prune-interval\=86400 -fmodules-prune-after\=345600 -fbuild-session-file\=/Users/aadityasingh/Library/Developer/Xcode/DerivedData/ModuleCache.noindex/Session.modulevalidation -fmodules-validate-once-per-build-session -Wnon-modular-include-in-framework-module -Werror\=non-modular-include-in-framework-module -Wno-trigraphs -Wno-missing-field-initializers -Wno-missing-prototypes -Wno-return-type -Wno-implicit-atomic-properties -Wno-objc-interface-ivars -Wno-arc-repeated-use-of-weak -Wno-missing-braces -Wparentheses -Wswitch -Wno-unused-function -Wno-unused-label -Wno-unused-parameter -Wno-unused-variable -Wunused-value -Wno-empty-body -Wno-uninitialized -Wno-unknown-pragmas -w -Wno-shadow -Wno-four-char-constants -Wno-conversion -Wno-constant-conversion -Wno-int-conversion -Wno-bool-conversion -Wno-enum-conversion -Wno-float-conversion -Wno-non-literal-null-conversion -Wno-objc-literal-conversion -Wshorten-64-to-32 -Wpointer-sign -Wno-newline-eof -Wno-selector -Wno-strict-selector-match -Wno-undeclared-selector -Wno-deprecated-implementations -Wno-implicit-fallthrough -isysroot /Applications/Xcode.app/Contents/Developer/Platforms/iPhoneSimulator.platform/Developer/SDKs/iPhoneSimulator26.4.sdk -fstrict-aliasing -Wprotocol -Wdeprecated-declarations -Wno-sign-conversion -Wno-infinite-recursion -Wno-comma -Wno-block-capture-autoreleasing -Wno-strict-prototypes -Wno-semicolon-before-method-body -index-store-path /Users/aadityasingh/Library/Developer/Xcode/DerivedData/Chatlio-erkyzdeecsohoaggpwbjdvavzqfv/Index.noindex/DataStore @/Users/aadityasingh/Library/Developer/Xcode/DerivedData/Chatlio-erkyzdeecsohoaggpwbjdvavzqfv/Build/Intermediates.noindex/DTCoreText.build/Debug-iphonesimulator/DTCoreText.build/Objects-normal/arm64/e6072d4f65d7061329687fe24e3d63a7-common-args.resp -include /Users/aadityasingh/Library/Developer/Xcode/DerivedData/Chatlio-erkyzdeecsohoaggpwbjdvavzqfv/Build/Intermediates.noindex/DTCoreText.build/Debug-iphonesimulator/DTCoreText.build/DerivedSources/resource_bundle_accessor.h -MMD -MT dependencies -MF /Users/aadityasingh/Library/Developer/Xcode/DerivedData/Chatlio-erkyzdeecsohoaggpwbjdvavzqfv/Build/Intermediates.noindex/DTCoreText.build/Debug-iphonesimulator/DTCoreText.build/Objects-normal/arm64/DTAccessibilityElement.d --serialize-diagnostics /Users/aadityasingh/Library/Developer/Xcode/DerivedData/Chatlio-erkyzdeecsohoaggpwbjdvavzqfv/Build/Intermediates.noindex/DTCoreText.build/Debug-iphonesimulator/DTCoreText.build/Objects-normal/arm64/DTAccessibilityElement.dia -c /Users/aadityasingh/Library/Developer/Xcode/DerivedData/Chatlio-erkyzdeecsohoaggpwbjdvavzqfv/SourcePackages/checkouts/DTCoreText/Core/Source/DTAccessibilityElement.m -o /Users/aadityasingh/Library/Developer/Xcode/DerivedData/Chatlio-erkyzdeecsohoaggpwbjdvavzqfv/Build/Intermediates.noindex/DTCoreText.build/Debug-iphonesimulator/DTCoreText.build/Objects-normal/arm64/DTAccessibilityElement.o -index-unit-output-path /DTCoreText.build/Debug-iphonesimulator/DTCoreText.build/Objects-normal/arm64/DTAccessibilityElement.o

CompileC /Users/aadityasingh/Library/Developer/Xcode/DerivedData/Chatlio-erkyzdeecsohoaggpwbjdvavzqfv/Build/Intermediates.noindex/SwiftOGG.build/Debug-iphonesimulator/Copustools.build/Objects-normal/x86_64/opus_header.o /Users/aadityasingh/Library/Developer/Xcode/DerivedData/Chatlio-erkyzdeecsohoaggpwbjdvavzqfv/SourcePackages/checkouts/swift-ogg/Sources/SupportingFiles/Dependencies/Copustools/opus_header.c normal x86_64 c com.apple.compilers.llvm.clang.1_0.compiler (in target 'Copustools' from project 'SwiftOGG')
    cd /Users/aadityasingh/Documents/Development/element-x-ios/Chatlio.xcodeproj
    
    Using response file: /Users/aadityasingh/Library/Developer/Xcode/DerivedData/Chatlio-erkyzdeecsohoaggpwbjdvavzqfv/Build/Intermediates.noindex/SwiftOGG.build/Debug-iphonesimulator/Copustools.build/Objects-normal/x86_64/7187679823f38a2a940e0043cdf9d637-common-args.resp
    
    /Applications/Xcode.app/Contents/Developer/Toolchains/XcodeDefault.xctoolchain/usr/bin/clang -x c -ivfsstatcache /Users/aadityasingh/Library/Developer/Xcode/DerivedData/SDKStatCaches.noindex/iphonesimulator26.4-23E252-686eebb5dc1d8ecb277353a59184f4aa.sdkstatcache -target x86_64-apple-ios12.0-simulator -fmessage-length\=0 -fdiagnostics-show-note-include-stack -fmacro-backtrace-limit\=0 -fno-color-diagnostics -fmodules-prune-interval\=86400 -fmodules-prune-after\=345600 -fbuild-session-file\=/Users/aadityasingh/Library/Developer/Xcode/DerivedData/ModuleCache.noindex/Session.modulevalidation -fmodules-validate-once-per-build-session -Wnon-modular-include-in-framework-module -Werror\=non-modular-include-in-framework-module -Wno-trigraphs -Wno-missing-field-initializers -Wno-missing-prototypes -Wno-return-type -Wno-missing-braces -Wparentheses -Wswitch -Wno-unused-function -Wno-unused-label -Wno-unused-parameter -Wno-unused-variable -Wunused-value -Wno-empty-body -Wno-uninitialized -Wno-unknown-pragmas -w -Wno-shadow -Wno-four-char-constants -Wno-conversion -Wno-constant-conversion -Wno-int-conversion -Wno-bool-conversion -Wno-enum-conversion -Wno-float-conversion -Wno-non-literal-null-conversion -Wno-objc-literal-conversion -Wshorten-64-to-32 -Wpointer-sign -Wno-newline-eof -Wno-implicit-fallthrough -isysroot /Applications/Xcode.app/Contents/Developer/Platforms/iPhoneSimulator.platform/Developer/SDKs/iPhoneSimulator26.4.sdk -fstrict-aliasing -Wdeprecated-declarations -Wno-sign-conversion -Wno-infinite-recursion -Wno-comma -Wno-block-capture-autoreleasing -Wno-strict-prototypes -Wno-semicolon-before-method-body -index-store-path /Users/aadityasingh/Library/Developer/Xcode/DerivedData/Chatlio-erkyzdeecsohoaggpwbjdvavzqfv/Index.noindex/DataStore @/Users/aadityasingh/Library/Developer/Xcode/DerivedData/Chatlio-erkyzdeecsohoaggpwbjdvavzqfv/Build/Intermediates.noindex/SwiftOGG.build/Debug-iphonesimulator/Copustools.build/Objects-normal/x86_64/7187679823f38a2a940e0043cdf9d637-common-args.resp -MMD -MT dependencies -MF /Users/aadityasingh/Library/Developer/Xcode/DerivedData/Chatlio-erkyzdeecsohoaggpwbjdvavzqfv/Build/Intermediates.noindex/SwiftOGG.build/Debug-iphonesimulator/Copustools.build/Objects-normal/x86_64/opus_header.d --serialize-diagnostics /Users/aadityasingh/Library/Developer/Xcode/DerivedData/Chatlio-erkyzdeecsohoaggpwbjdvavzqfv/Build/Intermediates.noindex/SwiftOGG.build/Debug-iphonesimulator/Copustools.build/Objects-normal/x86_64/opus_header.dia -c /Users/aadityasingh/Library/Developer/Xcode/DerivedData/Chatlio-erkyzdeecsohoaggpwbjdvavzqfv/SourcePackages/checkouts/swift-ogg/Sources/SupportingFiles/Dependencies/Copustools/opus_header.c -o /Users/aadityasingh/Library/Developer/Xcode/DerivedData/Chatlio-erkyzdeecsohoaggpwbjdvavzqfv/Build/Intermediates.noindex/SwiftOGG.build/Debug-iphonesimulator/Copustools.build/Objects-normal/x86_64/opus_header.o -index-unit-output-path /SwiftOGG.build/Debug-iphonesimulator/Copustools.build/Objects-normal/x86_64/opus_header.o

CompileC /Users/aadityasingh/Library/Developer/Xcode/DerivedData/Chatlio-erkyzdeecsohoaggpwbjdvavzqfv/Build/Intermediates.noindex/SwiftOGG.build/Debug-iphonesimulator/Copustools.build/Objects-normal/arm64/opus_header.o /Users/aadityasingh/Library/Developer/Xcode/DerivedData/Chatlio-erkyzdeecsohoaggpwbjdvavzqfv/SourcePackages/checkouts/swift-ogg/Sources/SupportingFiles/Dependencies/Copustools/opus_header.c normal arm64 c com.apple.compilers.llvm.clang.1_0.compiler (in target 'Copustools' from project 'SwiftOGG')
    cd /Users/aadityasingh/Documents/Development/element-x-ios/Chatlio.xcodeproj
    
    Using response file: /Users/aadityasingh/Library/Developer/Xcode/DerivedData/Chatlio-erkyzdeecsohoaggpwbjdvavzqfv/Build/Intermediates.noindex/SwiftOGG.build/Debug-iphonesimulator/Copustools.build/Objects-normal/arm64/7187679823f38a2a940e0043cdf9d637-common-args.resp
    
    /Applications/Xcode.app/Contents/Developer/Toolchains/XcodeDefault.xctoolchain/usr/bin/clang -x c -ivfsstatcache /Users/aadityasingh/Library/Developer/Xcode/DerivedData/SDKStatCaches.noindex/iphonesimulator26.4-23E252-686eebb5dc1d8ecb277353a59184f4aa.sdkstatcache -target arm64-apple-ios12.0-simulator -fmessage-length\=0 -fdiagnostics-show-note-include-stack -fmacro-backtrace-limit\=0 -fno-color-diagnostics -fmodules-prune-interval\=86400 -fmodules-prune-after\=345600 -fbuild-session-file\=/Users/aadityasingh/Library/Developer/Xcode/DerivedData/ModuleCache.noindex/Session.modulevalidation -fmodules-validate-once-per-build-session -Wnon-modular-include-in-framework-module -Werror\=non-modular-include-in-framework-module -Wno-trigraphs -Wno-missing-field-initializers -Wno-missing-prototypes -Wno-return-type -Wno-missing-braces -Wparentheses -Wswitch -Wno-unused-function -Wno-unused-label -Wno-unused-parameter -Wno-unused-variable -Wunused-value -Wno-empty-body -Wno-uninitialized -Wno-unknown-pragmas -w -Wno-shadow -Wno-four-char-constants -Wno-conversion -Wno-constant-conversion -Wno-int-conversion -Wno-bool-conversion -Wno-enum-conversion -Wno-float-conversion -Wno-non-literal-null-conversion -Wno-objc-literal-conversion -Wshorten-64-to-32 -Wpointer-sign -Wno-newline-eof -Wno-implicit-fallthrough -isysroot /Applications/Xcode.app/Contents/Developer/Platforms/iPhoneSimulator.platform/Developer/SDKs/iPhoneSimulator26.4.sdk -fstrict-aliasing -Wdeprecated-declarations -Wno-sign-conversion -Wno-infinite-recursion -Wno-comma -Wno-block-capture-autoreleasing -Wno-strict-prototypes -Wno-semicolon-before-method-body -index-store-path /Users/aadityasingh/Library/Developer/Xcode/DerivedData/Chatlio-erkyzdeecsohoaggpwbjdvavzqfv/Index.noindex/DataStore @/Users/aadityasingh/Library/Developer/Xcode/DerivedData/Chatlio-erkyzdeecsohoaggpwbjdvavzqfv/Build/Intermediates.noindex/SwiftOGG.build/Debug-iphonesimulator/Copustools.build/Objects-normal/arm64/7187679823f38a2a940e0043cdf9d637-common-args.resp -MMD -MT dependencies -MF /Users/aadityasingh/Library/Developer/Xcode/DerivedData/Chatlio-erkyzdeecsohoaggpwbjdvavzqfv/Build/Intermediates.noindex/SwiftOGG.build/Debug-iphonesimulator/Copustools.build/Objects-normal/arm64/opus_header.d --serialize-diagnostics /Users/aadityasingh/Library/Developer/Xcode/DerivedData/Chatlio-erkyzdeecsohoaggpwbjdvavzqfv/Build/Intermediates.noindex/SwiftOGG.build/Debug-iphonesimulator/Copustools.build/Objects-normal/arm64/opus_header.dia -c /Users/aadityasingh/Library/Developer/Xcode/DerivedData/Chatlio-erkyzdeecsohoaggpwbjdvavzqfv/SourcePackages/checkouts/swift-ogg/Sources/SupportingFiles/Dependencies/Copustools/opus_header.c -o /Users/aadityasingh/Library/Developer/Xcode/DerivedData/Chatlio-erkyzdeecsohoaggpwbjdvavzqfv/Build/Intermediates.noindex/SwiftOGG.build/Debug-iphonesimulator/Copustools.build/Objects-normal/arm64/opus_header.o -index-unit-output-path /SwiftOGG.build/Debug-iphonesimulator/Copustools.build/Objects-normal/arm64/opus_header.o

SwiftDriver\ Compilation DSWaveformImage normal x86_64 com.apple.xcode.tools.swift.compiler (in target 'DSWaveformImage' from project 'DSWaveformImage')
    cd /Users/aadityasingh/Documents/Development/element-x-ios/Chatlio.xcodeproj
    builtin-Swift-Compilation -- /Applications/Xcode.app/Contents/Developer/Toolchains/XcodeDefault.xctoolchain/usr/bin/swiftc -module-name DSWaveformImage -Onone @/Users/aadityasingh/Library/Developer/Xcode/DerivedData/Chatlio-erkyzdeecsohoaggpwbjdvavzqfv/Build/Intermediates.noindex/DSWaveformImage.build/Debug-iphonesimulator/DSWaveformImage.build/Objects-normal/x86_64/DSWaveformImage.SwiftFileList -DSWIFT_PACKAGE -DDEBUG -DSWIFT_MODULE_RESOURCE_BUNDLE_UNAVAILABLE -DXcode -plugin-path /Applications/Xcode.app/Contents/Developer/Toolchains/XcodeDefault.xctoolchain/usr/lib/swift/host/plugins/testing -enable-experimental-feature DebugDescriptionMacro -sdk /Applications/Xcode.app/Contents/Developer/Platforms/iPhoneSimulator.platform/Developer/SDKs/iPhoneSimulator26.4.sdk -target x86_64-apple-ios15.0-simulator -g -module-cache-path /Users/aadityasingh/Library/Developer/Xcode/DerivedData/ModuleCache.noindex -Xfrontend -serialize-debugging-options -profile-coverage-mapping -profile-generate -enable-testing -suppress-warnings -index-store-path /Users/aadityasingh/Library/Developer/Xcode/DerivedData/Chatlio-erkyzdeecsohoaggpwbjdvavzqfv/Index.noindex/DataStore -Xcc -D_LIBCPP_HARDENING_MODE\=_LIBCPP_HARDENING_MODE_DEBUG -swift-version 5 -I /Users/aadityasingh/Library/Developer/Xcode/DerivedData/Chatlio-erkyzdeecsohoaggpwbjdvavzqfv/Build/Products/Debug-iphonesimulator -Isystem /Applications/Xcode.app/Contents/Developer/Platforms/iPhoneSimulator.platform/Developer/usr/lib -F /Users/aadityasingh/Library/Developer/Xcode/DerivedData/Chatlio-erkyzdeecsohoaggpwbjdvavzqfv/Build/Products/Debug-iphonesimulator -F /Applications/Xcode.app/Contents/Developer/Platforms/iPhoneSimulator.platform/Developer/Library/Frameworks -F /Applications/Xcode.app/Contents/Developer/Platforms/iPhoneSimulator.platform/Developer/SDKs/iPhoneSimulator26.4.sdk/Developer/Library/Frameworks -c -j12 -enable-batch-mode -incremental -Xcc -ivfsstatcache -Xcc /Users/aadityasingh/Library/Developer/Xcode/DerivedData/SDKStatCaches.noindex/iphonesimulator26.4-23E252-686eebb5dc1d8ecb277353a59184f4aa.sdkstatcache -output-file-map /Users/aadityasingh/Library/Developer/Xcode/DerivedData/Chatlio-erkyzdeecsohoaggpwbjdvavzqfv/Build/Intermediates.noindex/DSWaveformImage.build/Debug-iphonesimulator/DSWaveformImage.build/Objects-normal/x86_64/DSWaveformImage-OutputFileMap.json -use-frontend-parseable-output -save-temps -no-color-diagnostics -explicit-module-build -module-cache-path /Users/aadityasingh/Library/Developer/Xcode/DerivedData/Chatlio-erkyzdeecsohoaggpwbjdvavzqfv/Build/Intermediates.noindex/SwiftExplicitPrecompiledModules -clang-scanner-module-cache-path /Users/aadityasingh/Library/Developer/Xcode/DerivedData/ModuleCache.noindex -sdk-module-cache-path /Users/aadityasingh/Library/Developer/Xcode/DerivedData/ModuleCache.noindex -serialize-diagnostics -emit-dependencies -emit-module -emit-module-path /Users/aadityasingh/Library/Developer/Xcode/DerivedData/Chatlio-erkyzdeecsohoaggpwbjdvavzqfv/Build/Intermediates.noindex/DSWaveformImage.build/Debug-iphonesimulator/DSWaveformImage.build/Objects-normal/x86_64/DSWaveformImage.swiftmodule -validate-clang-modules-once -clang-build-session-file /Users/aadityasingh/Library/Developer/Xcode/DerivedData/ModuleCache.noindex/Session.modulevalidation -Xcc -I/Users/aadityasingh/Library/Developer/Xcode/DerivedData/Chatlio-erkyzdeecsohoaggpwbjdvavzqfv/Build/Intermediates.noindex/DSWaveformImage.build/Debug-iphonesimulator/DSWaveformImage.build/swift-overrides.hmap -emit-const-values -Xfrontend -const-gather-protocols-file -Xfrontend /Users/aadityasingh/Library/Developer/Xcode/DerivedData/Chatlio-erkyzdeecsohoaggpwbjdvavzqfv/Build/Intermediates.noindex/DSWaveformImage.build/Debug-iphonesimulator/DSWaveformImage.build/Objects-normal/x86_64/DSWaveformImage_const_extract_protocols.json -Xcc -I/Users/aadityasingh/Library/Developer/Xcode/DerivedData/Chatlio-erkyzdeecsohoaggpwbjdvavzqfv/Build/Products/Debug-iphonesimulator/include -Xcc -I/Users/aadityasingh/Library/Developer/Xcode/DerivedData/Chatlio-erkyzdeecsohoaggpwbjdvavzqfv/Build/Intermediates.noindex/DSWaveformImage.build/Debug-iphonesimulator/DSWaveformImage.build/DerivedSources-normal/x86_64 -Xcc -I/Users/aadityasingh/Library/Developer/Xcode/DerivedData/Chatlio-erkyzdeecsohoaggpwbjdvavzqfv/Build/Intermediates.noindex/DSWaveformImage.build/Debug-iphonesimulator/DSWaveformImage.build/DerivedSources/x86_64 -Xcc -I/Users/aadityasingh/Library/Developer/Xcode/DerivedData/Chatlio-erkyzdeecsohoaggpwbjdvavzqfv/Build/Intermediates.noindex/DSWaveformImage.build/Debug-iphonesimulator/DSWaveformImage.build/DerivedSources -Xcc -DSWIFT_PACKAGE -Xcc -DDEBUG\=1 -emit-objc-header -emit-objc-header-path /Users/aadityasingh/Library/Developer/Xcode/DerivedData/Chatlio-erkyzdeecsohoaggpwbjdvavzqfv/Build/Intermediates.noindex/DSWaveformImage.build/Debug-iphonesimulator/DSWaveformImage.build/Objects-normal/x86_64/DSWaveformImage-Swift.h -working-directory /Users/aadityasingh/Documents/Development/element-x-ios/Chatlio.xcodeproj -experimental-emit-module-separately -disable-cmo

SwiftDriver\ Compilation DSWaveformImage normal arm64 com.apple.xcode.tools.swift.compiler (in target 'DSWaveformImage' from project 'DSWaveformImage')
    cd /Users/aadityasingh/Documents/Development/element-x-ios/Chatlio.xcodeproj
    builtin-Swift-Compilation -- /Applications/Xcode.app/Contents/Developer/Toolchains/XcodeDefault.xctoolchain/usr/bin/swiftc -module-name DSWaveformImage -Onone @/Users/aadityasingh/Library/Developer/Xcode/DerivedData/Chatlio-erkyzdeecsohoaggpwbjdvavzqfv/Build/Intermediates.noindex/DSWaveformImage.build/Debug-iphonesimulator/DSWaveformImage.build/Objects-normal/arm64/DSWaveformImage.SwiftFileList -DSWIFT_PACKAGE -DDEBUG -DSWIFT_MODULE_RESOURCE_BUNDLE_UNAVAILABLE -DXcode -plugin-path /Applications/Xcode.app/Contents/Developer/Toolchains/XcodeDefault.xctoolchain/usr/lib/swift/host/plugins/testing -enable-experimental-feature DebugDescriptionMacro -sdk /Applications/Xcode.app/Contents/Developer/Platforms/iPhoneSimulator.platform/Developer/SDKs/iPhoneSimulator26.4.sdk -target arm64-apple-ios15.0-simulator -g -module-cache-path /Users/aadityasingh/Library/Developer/Xcode/DerivedData/ModuleCache.noindex -Xfrontend -serialize-debugging-options -profile-coverage-mapping -profile-generate -enable-testing -suppress-warnings -index-store-path /Users/aadityasingh/Library/Developer/Xcode/DerivedData/Chatlio-erkyzdeecsohoaggpwbjdvavzqfv/Index.noindex/DataStore -Xcc -D_LIBCPP_HARDENING_MODE\=_LIBCPP_HARDENING_MODE_DEBUG -swift-version 5 -I /Users/aadityasingh/Library/Developer/Xcode/DerivedData/Chatlio-erkyzdeecsohoaggpwbjdvavzqfv/Build/Products/Debug-iphonesimulator -Isystem /Applications/Xcode.app/Contents/Developer/Platforms/iPhoneSimulator.platform/Developer/usr/lib -F /Users/aadityasingh/Library/Developer/Xcode/DerivedData/Chatlio-erkyzdeecsohoaggpwbjdvavzqfv/Build/Products/Debug-iphonesimulator -F /Applications/Xcode.app/Contents/Developer/Platforms/iPhoneSimulator.platform/Developer/Library/Frameworks -F /Applications/Xcode.app/Contents/Developer/Platforms/iPhoneSimulator.platform/Developer/SDKs/iPhoneSimulator26.4.sdk/Developer/Library/Frameworks -c -j12 -enable-batch-mode -incremental -Xcc -ivfsstatcache -Xcc /Users/aadityasingh/Library/Developer/Xcode/DerivedData/SDKStatCaches.noindex/iphonesimulator26.4-23E252-686eebb5dc1d8ecb277353a59184f4aa.sdkstatcache -output-file-map /Users/aadityasingh/Library/Developer/Xcode/DerivedData/Chatlio-erkyzdeecsohoaggpwbjdvavzqfv/Build/Intermediates.noindex/DSWaveformImage.build/Debug-iphonesimulator/DSWaveformImage.build/Objects-normal/arm64/DSWaveformImage-OutputFileMap.json -use-frontend-parseable-output -save-temps -no-color-diagnostics -explicit-module-build -module-cache-path /Users/aadityasingh/Library/Developer/Xcode/DerivedData/Chatlio-erkyzdeecsohoaggpwbjdvavzqfv/Build/Intermediates.noindex/SwiftExplicitPrecompiledModules -clang-scanner-module-cache-path /Users/aadityasingh/Library/Developer/Xcode/DerivedData/ModuleCache.noindex -sdk-module-cache-path /Users/aadityasingh/Library/Developer/Xcode/DerivedData/ModuleCache.noindex -serialize-diagnostics -emit-dependencies -emit-module -emit-module-path /Users/aadityasingh/Library/Developer/Xcode/DerivedData/Chatlio-erkyzdeecsohoaggpwbjdvavzqfv/Build/Intermediates.noindex/DSWaveformImage.build/Debug-iphonesimulator/DSWaveformImage.build/Objects-normal/arm64/DSWaveformImage.swiftmodule -validate-clang-modules-once -clang-build-session-file /Users/aadityasingh/Library/Developer/Xcode/DerivedData/ModuleCache.noindex/Session.modulevalidation -Xcc -I/Users/aadityasingh/Library/Developer/Xcode/DerivedData/Chatlio-erkyzdeecsohoaggpwbjdvavzqfv/Build/Intermediates.noindex/DSWaveformImage.build/Debug-iphonesimulator/DSWaveformImage.build/swift-overrides.hmap -emit-const-values -Xfrontend -const-gather-protocols-file -Xfrontend /Users/aadityasingh/Library/Developer/Xcode/DerivedData/Chatlio-erkyzdeecsohoaggpwbjdvavzqfv/Build/Intermediates.noindex/DSWaveformImage.build/Debug-iphonesimulator/DSWaveformImage.build/Objects-normal/arm64/DSWaveformImage_const_extract_protocols.json -Xcc -I/Users/aadityasingh/Library/Developer/Xcode/DerivedData/Chatlio-erkyzdeecsohoaggpwbjdvavzqfv/Build/Products/Debug-iphonesimulator/include -Xcc -I/Users/aadityasingh/Library/Developer/Xcode/DerivedData/Chatlio-erkyzdeecsohoaggpwbjdvavzqfv/Build/Intermediates.noindex/DSWaveformImage.build/Debug-iphonesimulator/DSWaveformImage.build/DerivedSources-normal/arm64 -Xcc -I/Users/aadityasingh/Library/Developer/Xcode/DerivedData/Chatlio-erkyzdeecsohoaggpwbjdvavzqfv/Build/Intermediates.noindex/DSWaveformImage.build/Debug-iphonesimulator/DSWaveformImage.build/DerivedSources/arm64 -Xcc -I/Users/aadityasingh/Library/Developer/Xcode/DerivedData/Chatlio-erkyzdeecsohoaggpwbjdvavzqfv/Build/Intermediates.noindex/DSWaveformImage.build/Debug-iphonesimulator/DSWaveformImage.build/DerivedSources -Xcc -DSWIFT_PACKAGE -Xcc -DDEBUG\=1 -emit-objc-header -emit-objc-header-path /Users/aadityasingh/Library/Developer/Xcode/DerivedData/Chatlio-erkyzdeecsohoaggpwbjdvavzqfv/Build/Intermediates.noindex/DSWaveformImage.build/Debug-iphonesimulator/DSWaveformImage.build/Objects-normal/arm64/DSWaveformImage-Swift.h -working-directory /Users/aadityasingh/Documents/Development/element-x-ios/Chatlio.xcodeproj -experimental-emit-module-separately -disable-cmo

MkDir /Users/aadityasingh/Library/Developer/Xcode/DerivedData/Chatlio-erkyzdeecsohoaggpwbjdvavzqfv/Build/Intermediates.noindex/CompoundDesignTokens.build/Debug-iphonesimulator/CompoundDesignTokens_CompoundDesignTokens.build/assetcatalog_output/thinned (in target 'CompoundDesignTokens_CompoundDesignTokens' from project 'CompoundDesignTokens')
    cd /Users/aadityasingh/Library/Developer/Xcode/DerivedData/Chatlio-erkyzdeecsohoaggpwbjdvavzqfv/SourcePackages/checkouts/compound-design-tokens
    /bin/mkdir -p /Users/aadityasingh/Library/Developer/Xcode/DerivedData/Chatlio-erkyzdeecsohoaggpwbjdvavzqfv/Build/Intermediates.noindex/CompoundDesignTokens.build/Debug-iphonesimulator/CompoundDesignTokens_CompoundDesignTokens.build/assetcatalog_output/thinned

CpResource /Users/aadityasingh/Library/Developer/Xcode/DerivedData/Chatlio-erkyzdeecsohoaggpwbjdvavzqfv/Build/Products/Debug-iphonesimulator/CompoundDesignTokens_CompoundDesignTokens.bundle/theme.iife.js /Users/aadityasingh/Library/Developer/Xcode/DerivedData/Chatlio-erkyzdeecsohoaggpwbjdvavzqfv/SourcePackages/checkouts/compound-design-tokens/assets/ios/swift/Resources/theme.iife.js (in target 'CompoundDesignTokens_CompoundDesignTokens' from project 'CompoundDesignTokens')
    cd /Users/aadityasingh/Library/Developer/Xcode/DerivedData/Chatlio-erkyzdeecsohoaggpwbjdvavzqfv/SourcePackages/checkouts/compound-design-tokens
    builtin-copy -exclude .DS_Store -exclude CVS -exclude .svn -exclude .git -exclude .hg -resolve-src-symlinks /Users/aadityasingh/Library/Developer/Xcode/DerivedData/Chatlio-erkyzdeecsohoaggpwbjdvavzqfv/SourcePackages/checkouts/compound-design-tokens/assets/ios/swift/Resources/theme.iife.js /Users/aadityasingh/Library/Developer/Xcode/DerivedData/Chatlio-erkyzdeecsohoaggpwbjdvavzqfv/Build/Products/Debug-iphonesimulator/CompoundDesignTokens_CompoundDesignTokens.bundle

CompileAssetCatalogVariant thinned /Users/aadityasingh/Library/Developer/Xcode/DerivedData/Chatlio-erkyzdeecsohoaggpwbjdvavzqfv/Build/Products/Debug-iphonesimulator/CompoundDesignTokens_CompoundDesignTokens.bundle /Users/aadityasingh/Library/Developer/Xcode/DerivedData/Chatlio-erkyzdeecsohoaggpwbjdvavzqfv/SourcePackages/checkouts/compound-design-tokens/assets/ios/swift/Colors.xcassets /Users/aadityasingh/Library/Developer/Xcode/DerivedData/Chatlio-erkyzdeecsohoaggpwbjdvavzqfv/SourcePackages/checkouts/compound-design-tokens/assets/ios/swift/Icons.xcassets (in target 'CompoundDesignTokens_CompoundDesignTokens' from project 'CompoundDesignTokens')
    cd /Users/aadityasingh/Library/Developer/Xcode/DerivedData/Chatlio-erkyzdeecsohoaggpwbjdvavzqfv/SourcePackages/checkouts/compound-design-tokens
    /Applications/Xcode.app/Contents/Developer/usr/bin/actool /Users/aadityasingh/Library/Developer/Xcode/DerivedData/Chatlio-erkyzdeecsohoaggpwbjdvavzqfv/SourcePackages/checkouts/compound-design-tokens/assets/ios/swift/Colors.xcassets /Users/aadityasingh/Library/Developer/Xcode/DerivedData/Chatlio-erkyzdeecsohoaggpwbjdvavzqfv/SourcePackages/checkouts/compound-design-tokens/assets/ios/swift/Icons.xcassets --compile /Users/aadityasingh/Library/Developer/Xcode/DerivedData/Chatlio-erkyzdeecsohoaggpwbjdvavzqfv/Build/Intermediates.noindex/CompoundDesignTokens.build/Debug-iphonesimulator/CompoundDesignTokens_CompoundDesignTokens.build/assetcatalog_output/thinned --output-format human-readable-text --notices --warnings --export-dependency-info /Users/aadityasingh/Library/Developer/Xcode/DerivedData/Chatlio-erkyzdeecsohoaggpwbjdvavzqfv/Build/Intermediates.noindex/CompoundDesignTokens.build/Debug-iphonesimulator/CompoundDesignTokens_CompoundDesignTokens.build/assetcatalog_dependencies_thinned --output-partial-info-plist /Users/aadityasingh/Library/Developer/Xcode/DerivedData/Chatlio-erkyzdeecsohoaggpwbjdvavzqfv/Build/Intermediates.noindex/CompoundDesignTokens.build/Debug-iphonesimulator/CompoundDesignTokens_CompoundDesignTokens.build/assetcatalog_generated_info.plist_thinned --compress-pngs --enable-on-demand-resources NO --development-region en --target-device iphone --target-device ipad --minimum-deployment-target 14.0 --platform iphonesimulator
/* com.apple.actool.compilation-results */
/Users/aadityasingh/Library/Developer/Xcode/DerivedData/Chatlio-erkyzdeecsohoaggpwbjdvavzqfv/Build/Intermediates.noindex/CompoundDesignTokens.build/Debug-iphonesimulator/CompoundDesignTokens_CompoundDesignTokens.build/assetcatalog_generated_info.plist_thinned
/Users/aadityasingh/Library/Developer/Xcode/DerivedData/Chatlio-erkyzdeecsohoaggpwbjdvavzqfv/Build/Intermediates.noindex/CompoundDesignTokens.build/Debug-iphonesimulator/CompoundDesignTokens_CompoundDesignTokens.build/assetcatalog_output/thinned/Assets.car


GenerateAssetSymbols /Users/aadityasingh/Library/Developer/Xcode/DerivedData/Chatlio-erkyzdeecsohoaggpwbjdvavzqfv/SourcePackages/checkouts/compound-design-tokens/assets/ios/swift/Colors.xcassets /Users/aadityasingh/Library/Developer/Xcode/DerivedData/Chatlio-erkyzdeecsohoaggpwbjdvavzqfv/SourcePackages/checkouts/compound-design-tokens/assets/ios/swift/Icons.xcassets (in target 'CompoundDesignTokens' from project 'CompoundDesignTokens')
    cd /Users/aadityasingh/Library/Developer/Xcode/DerivedData/Chatlio-erkyzdeecsohoaggpwbjdvavzqfv/SourcePackages/checkouts/compound-design-tokens
    /Applications/Xcode.app/Contents/Developer/usr/bin/actool /Users/aadityasingh/Library/Developer/Xcode/DerivedData/Chatlio-erkyzdeecsohoaggpwbjdvavzqfv/SourcePackages/checkouts/compound-design-tokens/assets/ios/swift/Colors.xcassets /Users/aadityasingh/Library/Developer/Xcode/DerivedData/Chatlio-erkyzdeecsohoaggpwbjdvavzqfv/SourcePackages/checkouts/compound-design-tokens/assets/ios/swift/Icons.xcassets --compile /Users/aadityasingh/Library/Developer/Xcode/DerivedData/Chatlio-erkyzdeecsohoaggpwbjdvavzqfv/Build/Products/Debug-iphonesimulator --output-format human-readable-text --notices --warnings --export-dependency-info /Users/aadityasingh/Library/Developer/Xcode/DerivedData/Chatlio-erkyzdeecsohoaggpwbjdvavzqfv/Build/Intermediates.noindex/CompoundDesignTokens.build/Debug-iphonesimulator/CompoundDesignTokens.build/assetcatalog_dependencies --output-partial-info-plist /Users/aadityasingh/Library/Developer/Xcode/DerivedData/Chatlio-erkyzdeecsohoaggpwbjdvavzqfv/Build/Intermediates.noindex/CompoundDesignTokens.build/Debug-iphonesimulator/CompoundDesignTokens.build/assetcatalog_generated_info.plist --compress-pngs --enable-on-demand-resources NO --development-region en --target-device iphone --target-device ipad --minimum-deployment-target 14.0 --platform iphonesimulator --bundle-identifier compound-design-tokens.CompoundDesignTokens --generate-swift-asset-symbol-extensions NO --generate-swift-asset-symbols /Users/aadityasingh/Library/Developer/Xcode/DerivedData/Chatlio-erkyzdeecsohoaggpwbjdvavzqfv/Build/Intermediates.noindex/CompoundDesignTokens.build/Debug-iphonesimulator/CompoundDesignTokens.build/DerivedSources/GeneratedAssetSymbols.swift --generate-objc-asset-symbols /Users/aadityasingh/Library/Developer/Xcode/DerivedData/Chatlio-erkyzdeecsohoaggpwbjdvavzqfv/Build/Intermediates.noindex/CompoundDesignTokens.build/Debug-iphonesimulator/CompoundDesignTokens.build/DerivedSources/GeneratedAssetSymbols.h --generate-asset-symbol-index /Users/aadityasingh/Library/Developer/Xcode/DerivedData/Chatlio-erkyzdeecsohoaggpwbjdvavzqfv/Build/Intermediates.noindex/CompoundDesignTokens.build/Debug-iphonesimulator/CompoundDesignTokens.build/DerivedSources/GeneratedAssetSymbols-Index.plist
/* com.apple.actool.compilation-results */
/Users/aadityasingh/Library/Developer/Xcode/DerivedData/Chatlio-erkyzdeecsohoaggpwbjdvavzqfv/Build/Intermediates.noindex/CompoundDesignTokens.build/Debug-iphonesimulator/CompoundDesignTokens.build/DerivedSources/GeneratedAssetSymbols-Index.plist
/Users/aadityasingh/Library/Developer/Xcode/DerivedData/Chatlio-erkyzdeecsohoaggpwbjdvavzqfv/Build/Intermediates.noindex/CompoundDesignTokens.build/Debug-iphonesimulator/CompoundDesignTokens.build/DerivedSources/GeneratedAssetSymbols.h
/Users/aadityasingh/Library/Developer/Xcode/DerivedData/Chatlio-erkyzdeecsohoaggpwbjdvavzqfv/Build/Intermediates.noindex/CompoundDesignTokens.build/Debug-iphonesimulator/CompoundDesignTokens.build/DerivedSources/GeneratedAssetSymbols.swift


SwiftCompile normal arm64 Compiling\ IntegerOperations.swift /Users/aadityasingh/Library/Developer/Xcode/DerivedData/Chatlio-erkyzdeecsohoaggpwbjdvavzqfv/SourcePackages/checkouts/swift-atomics/Sources/Atomics/Types/autogenerated/IntegerOperations.swift (in target 'Atomics' from project 'swift-atomics')

SwiftCompile normal arm64 /Users/aadityasingh/Library/Developer/Xcode/DerivedData/Chatlio-erkyzdeecsohoaggpwbjdvavzqfv/SourcePackages/checkouts/swift-atomics/Sources/Atomics/Types/autogenerated/IntegerOperations.swift (in target 'Atomics' from project 'swift-atomics')
    cd /Users/aadityasingh/Documents/Development/element-x-ios/Chatlio.xcodeproj
    

Ld /Users/aadityasingh/Library/Developer/Xcode/DerivedData/Chatlio-erkyzdeecsohoaggpwbjdvavzqfv/Build/Intermediates.noindex/SwiftOGG.build/Debug-iphonesimulator/Copustools.build/Objects-normal/x86_64/Binary/Copustools.o normal x86_64 (in target 'Copustools' from project 'SwiftOGG')
    cd /Users/aadityasingh/Library/Developer/Xcode/DerivedData/Chatlio-erkyzdeecsohoaggpwbjdvavzqfv/SourcePackages/checkouts/swift-ogg
    /Applications/Xcode.app/Contents/Developer/Toolchains/XcodeDefault.xctoolchain/usr/bin/clang -Xlinker -reproducible -target x86_64-apple-ios12.0-simulator -r -isysroot /Applications/Xcode.app/Contents/Developer/Platforms/iPhoneSimulator.platform/Developer/SDKs/iPhoneSimulator26.4.sdk -O0 -w -F/Users/aadityasingh/Library/Developer/Xcode/DerivedData/Chatlio-erkyzdeecsohoaggpwbjdvavzqfv/Build/Intermediates.noindex/EagerLinkingTBDs/Debug-iphonesimulator -F/Users/aadityasingh/Library/Developer/Xcode/DerivedData/Chatlio-erkyzdeecsohoaggpwbjdvavzqfv/Build/Products/Debug-iphonesimulator -iframework /Applications/Xcode.app/Contents/Developer/Platforms/iPhoneSimulator.platform/Developer/Library/Frameworks -iframework /Applications/Xcode.app/Contents/Developer/Platforms/iPhoneSimulator.platform/Developer/SDKs/iPhoneSimulator26.4.sdk/Developer/Library/Frameworks -filelist /Users/aadityasingh/Library/Developer/Xcode/DerivedData/Chatlio-erkyzdeecsohoaggpwbjdvavzqfv/Build/Intermediates.noindex/SwiftOGG.build/Debug-iphonesimulator/Copustools.build/Objects-normal/x86_64/Copustools.LinkFileList -nostdlib -Xlinker -object_path_lto -Xlinker /Users/aadityasingh/Library/Developer/Xcode/DerivedData/Chatlio-erkyzdeecsohoaggpwbjdvavzqfv/Build/Intermediates.noindex/SwiftOGG.build/Debug-iphonesimulator/Copustools.build/Objects-normal/x86_64/Copustools_lto.o -Xlinker -no_deduplicate -Xlinker -objc_abi_version -Xlinker 2 -Xlinker -debug_variant -Xlinker -dependency_info -Xlinker /Users/aadityasingh/Library/Developer/Xcode/DerivedData/Chatlio-erkyzdeecsohoaggpwbjdvavzqfv/Build/Intermediates.noindex/SwiftOGG.build/Debug-iphonesimulator/Copustools.build/Objects-normal/x86_64/Copustools_dependency_info.dat -o /Users/aadityasingh/Library/Developer/Xcode/DerivedData/Chatlio-erkyzdeecsohoaggpwbjdvavzqfv/Build/Intermediates.noindex/SwiftOGG.build/Debug-iphonesimulator/Copustools.build/Objects-normal/x86_64/Binary/Copustools.o

SwiftCompile normal arm64 Compiling\ DoubleWord.swift,\ ManagedAtomic.swift /Users/aadityasingh/Library/Developer/Xcode/DerivedData/Chatlio-erkyzdeecsohoaggpwbjdvavzqfv/SourcePackages/checkouts/swift-atomics/Sources/Atomics/Types/DoubleWord.swift /Users/aadityasingh/Library/Developer/Xcode/DerivedData/Chatlio-erkyzdeecsohoaggpwbjdvavzqfv/SourcePackages/checkouts/swift-atomics/Sources/Atomics/Types/ManagedAtomic.swift (in target 'Atomics' from project 'swift-atomics')

SwiftCompile normal arm64 /Users/aadityasingh/Library/Developer/Xcode/DerivedData/Chatlio-erkyzdeecsohoaggpwbjdvavzqfv/SourcePackages/checkouts/swift-atomics/Sources/Atomics/Types/DoubleWord.swift (in target 'Atomics' from project 'swift-atomics')
    cd /Users/aadityasingh/Documents/Development/element-x-ios/Chatlio.xcodeproj
    

SwiftCompile normal arm64 /Users/aadityasingh/Library/Developer/Xcode/DerivedData/Chatlio-erkyzdeecsohoaggpwbjdvavzqfv/SourcePackages/checkouts/swift-atomics/Sources/Atomics/Types/ManagedAtomic.swift (in target 'Atomics' from project 'swift-atomics')
    cd /Users/aadityasingh/Documents/Development/element-x-ios/Chatlio.xcodeproj
    

SwiftCompile normal x86_64 Compiling\ AtomicInteger.swift,\ AtomicOptionalWrappable.swift /Users/aadityasingh/Library/Developer/Xcode/DerivedData/Chatlio-erkyzdeecsohoaggpwbjdvavzqfv/SourcePackages/checkouts/swift-atomics/Sources/Atomics/Protocols/AtomicInteger.swift /Users/aadityasingh/Library/Developer/Xcode/DerivedData/Chatlio-erkyzdeecsohoaggpwbjdvavzqfv/SourcePackages/checkouts/swift-atomics/Sources/Atomics/Protocols/AtomicOptionalWrappable.swift (in target 'Atomics' from project 'swift-atomics')

SwiftCompile normal x86_64 /Users/aadityasingh/Library/Developer/Xcode/DerivedData/Chatlio-erkyzdeecsohoaggpwbjdvavzqfv/SourcePackages/checkouts/swift-atomics/Sources/Atomics/Protocols/AtomicInteger.swift (in target 'Atomics' from project 'swift-atomics')
    cd /Users/aadityasingh/Documents/Development/element-x-ios/Chatlio.xcodeproj
    

SwiftCompile normal x86_64 /Users/aadityasingh/Library/Developer/Xcode/DerivedData/Chatlio-erkyzdeecsohoaggpwbjdvavzqfv/SourcePackages/checkouts/swift-atomics/Sources/Atomics/Protocols/AtomicOptionalWrappable.swift (in target 'Atomics' from project 'swift-atomics')
    cd /Users/aadityasingh/Documents/Development/element-x-ios/Chatlio.xcodeproj
    

SwiftCompile normal arm64 Compiling\ AtomicBool.swift,\ IntegerConformances.swift /Users/aadityasingh/Library/Developer/Xcode/DerivedData/Chatlio-erkyzdeecsohoaggpwbjdvavzqfv/SourcePackages/checkouts/swift-atomics/Sources/Atomics/Conformances/autogenerated/AtomicBool.swift /Users/aadityasingh/Library/Developer/Xcode/DerivedData/Chatlio-erkyzdeecsohoaggpwbjdvavzqfv/SourcePackages/checkouts/swift-atomics/Sources/Atomics/Conformances/autogenerated/IntegerConformances.swift (in target 'Atomics' from project 'swift-atomics')

SwiftCompile normal arm64 /Users/aadityasingh/Library/Developer/Xcode/DerivedData/Chatlio-erkyzdeecsohoaggpwbjdvavzqfv/SourcePackages/checkouts/swift-atomics/Sources/Atomics/Conformances/autogenerated/AtomicBool.swift (in target 'Atomics' from project 'swift-atomics')
    cd /Users/aadityasingh/Documents/Development/element-x-ios/Chatlio.xcodeproj
    

SwiftCompile normal arm64 /Users/aadityasingh/Library/Developer/Xcode/DerivedData/Chatlio-erkyzdeecsohoaggpwbjdvavzqfv/SourcePackages/checkouts/swift-atomics/Sources/Atomics/Conformances/autogenerated/IntegerConformances.swift (in target 'Atomics' from project 'swift-atomics')
    cd /Users/aadityasingh/Documents/Development/element-x-ios/Chatlio.xcodeproj
    

SwiftCompile normal arm64 Compiling\ Unmanaged\ extensions.swift /Users/aadityasingh/Library/Developer/Xcode/DerivedData/Chatlio-erkyzdeecsohoaggpwbjdvavzqfv/SourcePackages/checkouts/swift-atomics/Sources/Atomics/Unmanaged\ extensions.swift (in target 'Atomics' from project 'swift-atomics')

SwiftCompile normal arm64 /Users/aadityasingh/Library/Developer/Xcode/DerivedData/Chatlio-erkyzdeecsohoaggpwbjdvavzqfv/SourcePackages/checkouts/swift-atomics/Sources/Atomics/Unmanaged\ extensions.swift (in target 'Atomics' from project 'swift-atomics')
    cd /Users/aadityasingh/Documents/Development/element-x-ios/Chatlio.xcodeproj
    

SwiftCompile normal arm64 Compiling\ OptionalRawRepresentable.swift,\ RawRepresentable.swift /Users/aadityasingh/Library/Developer/Xcode/DerivedData/Chatlio-erkyzdeecsohoaggpwbjdvavzqfv/SourcePackages/checkouts/swift-atomics/Sources/Atomics/Conformances/OptionalRawRepresentable.swift /Users/aadityasingh/Library/Developer/Xcode/DerivedData/Chatlio-erkyzdeecsohoaggpwbjdvavzqfv/SourcePackages/checkouts/swift-atomics/Sources/Atomics/Conformances/RawRepresentable.swift (in target 'Atomics' from project 'swift-atomics')

SwiftCompile normal arm64 /Users/aadityasingh/Library/Developer/Xcode/DerivedData/Chatlio-erkyzdeecsohoaggpwbjdvavzqfv/SourcePackages/checkouts/swift-atomics/Sources/Atomics/Conformances/OptionalRawRepresentable.swift (in target 'Atomics' from project 'swift-atomics')
    cd /Users/aadityasingh/Documents/Development/element-x-ios/Chatlio.xcodeproj
    

SwiftCompile normal arm64 /Users/aadityasingh/Library/Developer/Xcode/DerivedData/Chatlio-erkyzdeecsohoaggpwbjdvavzqfv/SourcePackages/checkouts/swift-atomics/Sources/Atomics/Conformances/RawRepresentable.swift (in target 'Atomics' from project 'swift-atomics')
    cd /Users/aadityasingh/Documents/Development/element-x-ios/Chatlio.xcodeproj
    

Ld /Users/aadityasingh/Library/Developer/Xcode/DerivedData/Chatlio-erkyzdeecsohoaggpwbjdvavzqfv/Build/Intermediates.noindex/SwiftOGG.build/Debug-iphonesimulator/Copustools.build/Objects-normal/arm64/Binary/Copustools.o normal arm64 (in target 'Copustools' from project 'SwiftOGG')
    cd /Users/aadityasingh/Library/Developer/Xcode/DerivedData/Chatlio-erkyzdeecsohoaggpwbjdvavzqfv/SourcePackages/checkouts/swift-ogg
    /Applications/Xcode.app/Contents/Developer/Toolchains/XcodeDefault.xctoolchain/usr/bin/clang -Xlinker -reproducible -target arm64-apple-ios12.0-simulator -r -isysroot /Applications/Xcode.app/Contents/Developer/Platforms/iPhoneSimulator.platform/Developer/SDKs/iPhoneSimulator26.4.sdk -O0 -w -F/Users/aadityasingh/Library/Developer/Xcode/DerivedData/Chatlio-erkyzdeecsohoaggpwbjdvavzqfv/Build/Intermediates.noindex/EagerLinkingTBDs/Debug-iphonesimulator -F/Users/aadityasingh/Library/Developer/Xcode/DerivedData/Chatlio-erkyzdeecsohoaggpwbjdvavzqfv/Build/Products/Debug-iphonesimulator -iframework /Applications/Xcode.app/Contents/Developer/Platforms/iPhoneSimulator.platform/Developer/Library/Frameworks -iframework /Applications/Xcode.app/Contents/Developer/Platforms/iPhoneSimulator.platform/Developer/SDKs/iPhoneSimulator26.4.sdk/Developer/Library/Frameworks -filelist /Users/aadityasingh/Library/Developer/Xcode/DerivedData/Chatlio-erkyzdeecsohoaggpwbjdvavzqfv/Build/Intermediates.noindex/SwiftOGG.build/Debug-iphonesimulator/Copustools.build/Objects-normal/arm64/Copustools.LinkFileList -nostdlib -Xlinker -object_path_lto -Xlinker /Users/aadityasingh/Library/Developer/Xcode/DerivedData/Chatlio-erkyzdeecsohoaggpwbjdvavzqfv/Build/Intermediates.noindex/SwiftOGG.build/Debug-iphonesimulator/Copustools.build/Objects-normal/arm64/Copustools_lto.o -Xlinker -no_deduplicate -Xlinker -objc_abi_version -Xlinker 2 -Xlinker -debug_variant -Xlinker -dependency_info -Xlinker /Users/aadityasingh/Library/Developer/Xcode/DerivedData/Chatlio-erkyzdeecsohoaggpwbjdvavzqfv/Build/Intermediates.noindex/SwiftOGG.build/Debug-iphonesimulator/Copustools.build/Objects-normal/arm64/Copustools_dependency_info.dat -o /Users/aadityasingh/Library/Developer/Xcode/DerivedData/Chatlio-erkyzdeecsohoaggpwbjdvavzqfv/Build/Intermediates.noindex/SwiftOGG.build/Debug-iphonesimulator/Copustools.build/Objects-normal/arm64/Binary/Copustools.o

SwiftCompile normal x86_64 Compiling\ IntegerOperations.swift /Users/aadityasingh/Library/Developer/Xcode/DerivedData/Chatlio-erkyzdeecsohoaggpwbjdvavzqfv/SourcePackages/checkouts/swift-atomics/Sources/Atomics/Types/autogenerated/IntegerOperations.swift (in target 'Atomics' from project 'swift-atomics')

SwiftCompile normal x86_64 /Users/aadityasingh/Library/Developer/Xcode/DerivedData/Chatlio-erkyzdeecsohoaggpwbjdvavzqfv/SourcePackages/checkouts/swift-atomics/Sources/Atomics/Types/autogenerated/IntegerOperations.swift (in target 'Atomics' from project 'swift-atomics')
    cd /Users/aadityasingh/Documents/Development/element-x-ios/Chatlio.xcodeproj
    

SwiftCompile normal x86_64 Compiling\ OptionalRawRepresentable.swift,\ RawRepresentable.swift /Users/aadityasingh/Library/Developer/Xcode/DerivedData/Chatlio-erkyzdeecsohoaggpwbjdvavzqfv/SourcePackages/checkouts/swift-atomics/Sources/Atomics/Conformances/OptionalRawRepresentable.swift /Users/aadityasingh/Library/Developer/Xcode/DerivedData/Chatlio-erkyzdeecsohoaggpwbjdvavzqfv/SourcePackages/checkouts/swift-atomics/Sources/Atomics/Conformances/RawRepresentable.swift (in target 'Atomics' from project 'swift-atomics')

SwiftCompile normal x86_64 /Users/aadityasingh/Library/Developer/Xcode/DerivedData/Chatlio-erkyzdeecsohoaggpwbjdvavzqfv/SourcePackages/checkouts/swift-atomics/Sources/Atomics/Conformances/OptionalRawRepresentable.swift (in target 'Atomics' from project 'swift-atomics')
    cd /Users/aadityasingh/Documents/Development/element-x-ios/Chatlio.xcodeproj
    

SwiftCompile normal x86_64 /Users/aadityasingh/Library/Developer/Xcode/DerivedData/Chatlio-erkyzdeecsohoaggpwbjdvavzqfv/SourcePackages/checkouts/swift-atomics/Sources/Atomics/Conformances/RawRepresentable.swift (in target 'Atomics' from project 'swift-atomics')
    cd /Users/aadityasingh/Documents/Development/element-x-ios/Chatlio.xcodeproj
    

CreateUniversalBinary /Users/aadityasingh/Library/Developer/Xcode/DerivedData/Chatlio-erkyzdeecsohoaggpwbjdvavzqfv/Build/Products/Debug-iphonesimulator/Copustools.o normal arm64\ x86_64 (in target 'Copustools' from project 'SwiftOGG')
    cd /Users/aadityasingh/Library/Developer/Xcode/DerivedData/Chatlio-erkyzdeecsohoaggpwbjdvavzqfv/SourcePackages/checkouts/swift-ogg
    /Applications/Xcode.app/Contents/Developer/Toolchains/XcodeDefault.xctoolchain/usr/bin/lipo -create /Users/aadityasingh/Library/Developer/Xcode/DerivedData/Chatlio-erkyzdeecsohoaggpwbjdvavzqfv/Build/Intermediates.noindex/SwiftOGG.build/Debug-iphonesimulator/Copustools.build/Objects-normal/arm64/Binary/Copustools.o /Users/aadityasingh/Library/Developer/Xcode/DerivedData/Chatlio-erkyzdeecsohoaggpwbjdvavzqfv/Build/Intermediates.noindex/SwiftOGG.build/Debug-iphonesimulator/Copustools.build/Objects-normal/x86_64/Binary/Copustools.o -output /Users/aadityasingh/Library/Developer/Xcode/DerivedData/Chatlio-erkyzdeecsohoaggpwbjdvavzqfv/Build/Products/Debug-iphonesimulator/Copustools.o

SwiftDriverJobDiscovery normal x86_64 Compiling AtomicInteger.swift, AtomicOptionalWrappable.swift (in target 'Atomics' from project 'swift-atomics')

SwiftCompile normal arm64 Compiling\ AtomicValue.swift,\ AtomicMemoryOrderings.swift /Users/aadityasingh/Library/Developer/Xcode/DerivedData/Chatlio-erkyzdeecsohoaggpwbjdvavzqfv/SourcePackages/checkouts/swift-atomics/Sources/Atomics/Protocols/AtomicValue.swift /Users/aadityasingh/Library/Developer/Xcode/DerivedData/Chatlio-erkyzdeecsohoaggpwbjdvavzqfv/SourcePackages/checkouts/swift-atomics/Sources/Atomics/Types/AtomicMemoryOrderings.swift (in target 'Atomics' from project 'swift-atomics')

SwiftCompile normal arm64 /Users/aadityasingh/Library/Developer/Xcode/DerivedData/Chatlio-erkyzdeecsohoaggpwbjdvavzqfv/SourcePackages/checkouts/swift-atomics/Sources/Atomics/Protocols/AtomicValue.swift (in target 'Atomics' from project 'swift-atomics')
    cd /Users/aadityasingh/Documents/Development/element-x-ios/Chatlio.xcodeproj
    

SwiftCompile normal arm64 /Users/aadityasingh/Library/Developer/Xcode/DerivedData/Chatlio-erkyzdeecsohoaggpwbjdvavzqfv/SourcePackages/checkouts/swift-atomics/Sources/Atomics/Types/AtomicMemoryOrderings.swift (in target 'Atomics' from project 'swift-atomics')
    cd /Users/aadityasingh/Documents/Development/element-x-ios/Chatlio.xcodeproj
    

SwiftCompile normal arm64 Compiling\ ManagedAtomicLazyReference.swift /Users/aadityasingh/Library/Developer/Xcode/DerivedData/Chatlio-erkyzdeecsohoaggpwbjdvavzqfv/SourcePackages/checkouts/swift-atomics/Sources/Atomics/Types/ManagedAtomicLazyReference.swift (in target 'Atomics' from project 'swift-atomics')

SwiftCompile normal arm64 /Users/aadityasingh/Library/Developer/Xcode/DerivedData/Chatlio-erkyzdeecsohoaggpwbjdvavzqfv/SourcePackages/checkouts/swift-atomics/Sources/Atomics/Types/ManagedAtomicLazyReference.swift (in target 'Atomics' from project 'swift-atomics')
    cd /Users/aadityasingh/Documents/Development/element-x-ios/Chatlio.xcodeproj
    

SwiftDriverJobDiscovery normal arm64 Compiling IntegerOperations.swift (in target 'Atomics' from project 'swift-atomics')

SwiftCompile normal arm64 Compiling\ UnsafeAtomicLazyReference.swift /Users/aadityasingh/Library/Developer/Xcode/DerivedData/Chatlio-erkyzdeecsohoaggpwbjdvavzqfv/SourcePackages/checkouts/swift-atomics/Sources/Atomics/Types/UnsafeAtomicLazyReference.swift (in target 'Atomics' from project 'swift-atomics')

SwiftCompile normal arm64 /Users/aadityasingh/Library/Developer/Xcode/DerivedData/Chatlio-erkyzdeecsohoaggpwbjdvavzqfv/SourcePackages/checkouts/swift-atomics/Sources/Atomics/Types/UnsafeAtomicLazyReference.swift (in target 'Atomics' from project 'swift-atomics')
    cd /Users/aadityasingh/Documents/Development/element-x-ios/Chatlio.xcodeproj
    

SwiftDriverJobDiscovery normal arm64 Compiling DoubleWord.swift, ManagedAtomic.swift (in target 'Atomics' from project 'swift-atomics')

SwiftCompile normal x86_64 Compiling\ UnsafeAtomicLazyReference.swift /Users/aadityasingh/Library/Developer/Xcode/DerivedData/Chatlio-erkyzdeecsohoaggpwbjdvavzqfv/SourcePackages/checkouts/swift-atomics/Sources/Atomics/Types/UnsafeAtomicLazyReference.swift (in target 'Atomics' from project 'swift-atomics')

SwiftCompile normal x86_64 /Users/aadityasingh/Library/Developer/Xcode/DerivedData/Chatlio-erkyzdeecsohoaggpwbjdvavzqfv/SourcePackages/checkouts/swift-atomics/Sources/Atomics/Types/UnsafeAtomicLazyReference.swift (in target 'Atomics' from project 'swift-atomics')
    cd /Users/aadityasingh/Documents/Development/element-x-ios/Chatlio.xcodeproj
    

SwiftDriverJobDiscovery normal x86_64 Compiling IntegerOperations.swift (in target 'Atomics' from project 'swift-atomics')

SwiftDriverJobDiscovery normal arm64 Compiling Unmanaged extensions.swift (in target 'Atomics' from project 'swift-atomics')

SwiftCompile normal x86_64 Compiling\ Unmanaged\ extensions.swift /Users/aadityasingh/Library/Developer/Xcode/DerivedData/Chatlio-erkyzdeecsohoaggpwbjdvavzqfv/SourcePackages/checkouts/swift-atomics/Sources/Atomics/Unmanaged\ extensions.swift (in target 'Atomics' from project 'swift-atomics')

SwiftCompile normal x86_64 /Users/aadityasingh/Library/Developer/Xcode/DerivedData/Chatlio-erkyzdeecsohoaggpwbjdvavzqfv/SourcePackages/checkouts/swift-atomics/Sources/Atomics/Unmanaged\ extensions.swift (in target 'Atomics' from project 'swift-atomics')
    cd /Users/aadityasingh/Documents/Development/element-x-ios/Chatlio.xcodeproj
    

SwiftCompile normal x86_64 Compiling\ ManagedAtomicLazyReference.swift /Users/aadityasingh/Library/Developer/Xcode/DerivedData/Chatlio-erkyzdeecsohoaggpwbjdvavzqfv/SourcePackages/checkouts/swift-atomics/Sources/Atomics/Types/ManagedAtomicLazyReference.swift (in target 'Atomics' from project 'swift-atomics')

SwiftCompile normal x86_64 /Users/aadityasingh/Library/Developer/Xcode/DerivedData/Chatlio-erkyzdeecsohoaggpwbjdvavzqfv/SourcePackages/checkouts/swift-atomics/Sources/Atomics/Types/ManagedAtomicLazyReference.swift (in target 'Atomics' from project 'swift-atomics')
    cd /Users/aadityasingh/Documents/Development/element-x-ios/Chatlio.xcodeproj
    

SwiftDriverJobDiscovery normal arm64 Compiling OptionalRawRepresentable.swift, RawRepresentable.swift (in target 'Atomics' from project 'swift-atomics')

SwiftCompile normal x86_64 Compiling\ AtomicBool.swift,\ IntegerConformances.swift /Users/aadityasingh/Library/Developer/Xcode/DerivedData/Chatlio-erkyzdeecsohoaggpwbjdvavzqfv/SourcePackages/checkouts/swift-atomics/Sources/Atomics/Conformances/autogenerated/AtomicBool.swift /Users/aadityasingh/Library/Developer/Xcode/DerivedData/Chatlio-erkyzdeecsohoaggpwbjdvavzqfv/SourcePackages/checkouts/swift-atomics/Sources/Atomics/Conformances/autogenerated/IntegerConformances.swift (in target 'Atomics' from project 'swift-atomics')

SwiftCompile normal x86_64 /Users/aadityasingh/Library/Developer/Xcode/DerivedData/Chatlio-erkyzdeecsohoaggpwbjdvavzqfv/SourcePackages/checkouts/swift-atomics/Sources/Atomics/Conformances/autogenerated/AtomicBool.swift (in target 'Atomics' from project 'swift-atomics')
    cd /Users/aadityasingh/Documents/Development/element-x-ios/Chatlio.xcodeproj
    

SwiftCompile normal x86_64 /Users/aadityasingh/Library/Developer/Xcode/DerivedData/Chatlio-erkyzdeecsohoaggpwbjdvavzqfv/SourcePackages/checkouts/swift-atomics/Sources/Atomics/Conformances/autogenerated/IntegerConformances.swift (in target 'Atomics' from project 'swift-atomics')
    cd /Users/aadityasingh/Documents/Development/element-x-ios/Chatlio.xcodeproj
    

SwiftDriverJobDiscovery normal x86_64 Compiling OptionalRawRepresentable.swift, RawRepresentable.swift (in target 'Atomics' from project 'swift-atomics')

SwiftCompile normal arm64 Compiling\ AtomicReference.swift,\ AtomicStorage.swift /Users/aadityasingh/Library/Developer/Xcode/DerivedData/Chatlio-erkyzdeecsohoaggpwbjdvavzqfv/SourcePackages/checkouts/swift-atomics/Sources/Atomics/Protocols/AtomicReference.swift /Users/aadityasingh/Library/Developer/Xcode/DerivedData/Chatlio-erkyzdeecsohoaggpwbjdvavzqfv/SourcePackages/checkouts/swift-atomics/Sources/Atomics/Protocols/AtomicStorage.swift (in target 'Atomics' from project 'swift-atomics')

SwiftCompile normal arm64 /Users/aadityasingh/Library/Developer/Xcode/DerivedData/Chatlio-erkyzdeecsohoaggpwbjdvavzqfv/SourcePackages/checkouts/swift-atomics/Sources/Atomics/Protocols/AtomicReference.swift (in target 'Atomics' from project 'swift-atomics')
    cd /Users/aadityasingh/Documents/Development/element-x-ios/Chatlio.xcodeproj
    

SwiftCompile normal arm64 /Users/aadityasingh/Library/Developer/Xcode/DerivedData/Chatlio-erkyzdeecsohoaggpwbjdvavzqfv/SourcePackages/checkouts/swift-atomics/Sources/Atomics/Protocols/AtomicStorage.swift (in target 'Atomics' from project 'swift-atomics')
    cd /Users/aadityasingh/Documents/Development/element-x-ios/Chatlio.xcodeproj
    

SwiftDriverJobDiscovery normal arm64 Compiling ManagedAtomicLazyReference.swift (in target 'Atomics' from project 'swift-atomics')

SwiftCompile normal arm64 Compiling\ AtomicInteger.swift,\ AtomicOptionalWrappable.swift /Users/aadityasingh/Library/Developer/Xcode/DerivedData/Chatlio-erkyzdeecsohoaggpwbjdvavzqfv/SourcePackages/checkouts/swift-atomics/Sources/Atomics/Protocols/AtomicInteger.swift /Users/aadityasingh/Library/Developer/Xcode/DerivedData/Chatlio-erkyzdeecsohoaggpwbjdvavzqfv/SourcePackages/checkouts/swift-atomics/Sources/Atomics/Protocols/AtomicOptionalWrappable.swift (in target 'Atomics' from project 'swift-atomics')

SwiftCompile normal arm64 /Users/aadityasingh/Library/Developer/Xcode/DerivedData/Chatlio-erkyzdeecsohoaggpwbjdvavzqfv/SourcePackages/checkouts/swift-atomics/Sources/Atomics/Protocols/AtomicInteger.swift (in target 'Atomics' from project 'swift-atomics')
    cd /Users/aadityasingh/Documents/Development/element-x-ios/Chatlio.xcodeproj
    

SwiftCompile normal arm64 /Users/aadityasingh/Library/Developer/Xcode/DerivedData/Chatlio-erkyzdeecsohoaggpwbjdvavzqfv/SourcePackages/checkouts/swift-atomics/Sources/Atomics/Protocols/AtomicOptionalWrappable.swift (in target 'Atomics' from project 'swift-atomics')
    cd /Users/aadityasingh/Documents/Development/element-x-ios/Chatlio.xcodeproj
    

SwiftDriverJobDiscovery normal arm64 Compiling AtomicValue.swift, AtomicMemoryOrderings.swift (in target 'Atomics' from project 'swift-atomics')

SwiftCompile normal x86_64 Compiling\ AtomicReference.swift,\ AtomicStorage.swift /Users/aadityasingh/Library/Developer/Xcode/DerivedData/Chatlio-erkyzdeecsohoaggpwbjdvavzqfv/SourcePackages/checkouts/swift-atomics/Sources/Atomics/Protocols/AtomicReference.swift /Users/aadityasingh/Library/Developer/Xcode/DerivedData/Chatlio-erkyzdeecsohoaggpwbjdvavzqfv/SourcePackages/checkouts/swift-atomics/Sources/Atomics/Protocols/AtomicStorage.swift (in target 'Atomics' from project 'swift-atomics')

SwiftCompile normal x86_64 /Users/aadityasingh/Library/Developer/Xcode/DerivedData/Chatlio-erkyzdeecsohoaggpwbjdvavzqfv/SourcePackages/checkouts/swift-atomics/Sources/Atomics/Protocols/AtomicReference.swift (in target 'Atomics' from project 'swift-atomics')
    cd /Users/aadityasingh/Documents/Development/element-x-ios/Chatlio.xcodeproj
    

SwiftCompile normal x86_64 /Users/aadityasingh/Library/Developer/Xcode/DerivedData/Chatlio-erkyzdeecsohoaggpwbjdvavzqfv/SourcePackages/checkouts/swift-atomics/Sources/Atomics/Protocols/AtomicStorage.swift (in target 'Atomics' from project 'swift-atomics')
    cd /Users/aadityasingh/Documents/Development/element-x-ios/Chatlio.xcodeproj
    

SwiftDriverJobDiscovery normal arm64 Compiling UnsafeAtomicLazyReference.swift (in target 'Atomics' from project 'swift-atomics')

SwiftCompile normal x86_64 Compiling\ PointerConformances.swift,\ Primitives.native.swift /Users/aadityasingh/Library/Developer/Xcode/DerivedData/Chatlio-erkyzdeecsohoaggpwbjdvavzqfv/SourcePackages/checkouts/swift-atomics/Sources/Atomics/Conformances/autogenerated/PointerConformances.swift /Users/aadityasingh/Library/Developer/Xcode/DerivedData/Chatlio-erkyzdeecsohoaggpwbjdvavzqfv/SourcePackages/checkouts/swift-atomics/Sources/Atomics/Primitives/autogenerated/Primitives.native.swift (in target 'Atomics' from project 'swift-atomics')

SwiftCompile normal x86_64 /Users/aadityasingh/Library/Developer/Xcode/DerivedData/Chatlio-erkyzdeecsohoaggpwbjdvavzqfv/SourcePackages/checkouts/swift-atomics/Sources/Atomics/Conformances/autogenerated/PointerConformances.swift (in target 'Atomics' from project 'swift-atomics')
    cd /Users/aadityasingh/Documents/Development/element-x-ios/Chatlio.xcodeproj
    

SwiftCompile normal x86_64 /Users/aadityasingh/Library/Developer/Xcode/DerivedData/Chatlio-erkyzdeecsohoaggpwbjdvavzqfv/SourcePackages/checkouts/swift-atomics/Sources/Atomics/Primitives/autogenerated/Primitives.native.swift (in target 'Atomics' from project 'swift-atomics')
    cd /Users/aadityasingh/Documents/Development/element-x-ios/Chatlio.xcodeproj
    

SwiftDriverJobDiscovery normal x86_64 Compiling UnsafeAtomicLazyReference.swift (in target 'Atomics' from project 'swift-atomics')

SwiftCompile normal arm64 Compiling\ PointerConformances.swift,\ Primitives.native.swift /Users/aadityasingh/Library/Developer/Xcode/DerivedData/Chatlio-erkyzdeecsohoaggpwbjdvavzqfv/SourcePackages/checkouts/swift-atomics/Sources/Atomics/Conformances/autogenerated/PointerConformances.swift /Users/aadityasingh/Library/Developer/Xcode/DerivedData/Chatlio-erkyzdeecsohoaggpwbjdvavzqfv/SourcePackages/checkouts/swift-atomics/Sources/Atomics/Primitives/autogenerated/Primitives.native.swift (in target 'Atomics' from project 'swift-atomics')

SwiftCompile normal arm64 /Users/aadityasingh/Library/Developer/Xcode/DerivedData/Chatlio-erkyzdeecsohoaggpwbjdvavzqfv/SourcePackages/checkouts/swift-atomics/Sources/Atomics/Conformances/autogenerated/PointerConformances.swift (in target 'Atomics' from project 'swift-atomics')
    cd /Users/aadityasingh/Documents/Development/element-x-ios/Chatlio.xcodeproj
    

SwiftCompile normal arm64 /Users/aadityasingh/Library/Developer/Xcode/DerivedData/Chatlio-erkyzdeecsohoaggpwbjdvavzqfv/SourcePackages/checkouts/swift-atomics/Sources/Atomics/Primitives/autogenerated/Primitives.native.swift (in target 'Atomics' from project 'swift-atomics')
    cd /Users/aadityasingh/Documents/Development/element-x-ios/Chatlio.xcodeproj
    

SwiftDriverJobDiscovery normal x86_64 Compiling ManagedAtomicLazyReference.swift (in target 'Atomics' from project 'swift-atomics')

SwiftCompile normal x86_64 Compiling\ UnsafeAtomic.swift /Users/aadityasingh/Library/Developer/Xcode/DerivedData/Chatlio-erkyzdeecsohoaggpwbjdvavzqfv/SourcePackages/checkouts/swift-atomics/Sources/Atomics/Types/UnsafeAtomic.swift (in target 'Atomics' from project 'swift-atomics')

SwiftCompile normal x86_64 /Users/aadityasingh/Library/Developer/Xcode/DerivedData/Chatlio-erkyzdeecsohoaggpwbjdvavzqfv/SourcePackages/checkouts/swift-atomics/Sources/Atomics/Types/UnsafeAtomic.swift (in target 'Atomics' from project 'swift-atomics')
    cd /Users/aadityasingh/Documents/Development/element-x-ios/Chatlio.xcodeproj
    

SwiftCompile normal x86_64 Compiling\ DoubleWord.swift,\ ManagedAtomic.swift /Users/aadityasingh/Library/Developer/Xcode/DerivedData/Chatlio-erkyzdeecsohoaggpwbjdvavzqfv/SourcePackages/checkouts/swift-atomics/Sources/Atomics/Types/DoubleWord.swift /Users/aadityasingh/Library/Developer/Xcode/DerivedData/Chatlio-erkyzdeecsohoaggpwbjdvavzqfv/SourcePackages/checkouts/swift-atomics/Sources/Atomics/Types/ManagedAtomic.swift (in target 'Atomics' from project 'swift-atomics')

SwiftCompile normal x86_64 /Users/aadityasingh/Library/Developer/Xcode/DerivedData/Chatlio-erkyzdeecsohoaggpwbjdvavzqfv/SourcePackages/checkouts/swift-atomics/Sources/Atomics/Types/DoubleWord.swift (in target 'Atomics' from project 'swift-atomics')
    cd /Users/aadityasingh/Documents/Development/element-x-ios/Chatlio.xcodeproj
    

SwiftCompile normal x86_64 /Users/aadityasingh/Library/Developer/Xcode/DerivedData/Chatlio-erkyzdeecsohoaggpwbjdvavzqfv/SourcePackages/checkouts/swift-atomics/Sources/Atomics/Types/ManagedAtomic.swift (in target 'Atomics' from project 'swift-atomics')
    cd /Users/aadityasingh/Documents/Development/element-x-ios/Chatlio.xcodeproj
    

SwiftDriverJobDiscovery normal x86_64 Compiling Unmanaged extensions.swift (in target 'Atomics' from project 'swift-atomics')

SwiftCompile normal x86_64 Compiling\ AtomicValue.swift,\ AtomicMemoryOrderings.swift /Users/aadityasingh/Library/Developer/Xcode/DerivedData/Chatlio-erkyzdeecsohoaggpwbjdvavzqfv/SourcePackages/checkouts/swift-atomics/Sources/Atomics/Protocols/AtomicValue.swift /Users/aadityasingh/Library/Developer/Xcode/DerivedData/Chatlio-erkyzdeecsohoaggpwbjdvavzqfv/SourcePackages/checkouts/swift-atomics/Sources/Atomics/Types/AtomicMemoryOrderings.swift (in target 'Atomics' from project 'swift-atomics')

SwiftCompile normal x86_64 /Users/aadityasingh/Library/Developer/Xcode/DerivedData/Chatlio-erkyzdeecsohoaggpwbjdvavzqfv/SourcePackages/checkouts/swift-atomics/Sources/Atomics/Protocols/AtomicValue.swift (in target 'Atomics' from project 'swift-atomics')
    cd /Users/aadityasingh/Documents/Development/element-x-ios/Chatlio.xcodeproj
    

SwiftCompile normal x86_64 /Users/aadityasingh/Library/Developer/Xcode/DerivedData/Chatlio-erkyzdeecsohoaggpwbjdvavzqfv/SourcePackages/checkouts/swift-atomics/Sources/Atomics/Types/AtomicMemoryOrderings.swift (in target 'Atomics' from project 'swift-atomics')
    cd /Users/aadityasingh/Documents/Development/element-x-ios/Chatlio.xcodeproj
    

SwiftDriverJobDiscovery normal arm64 Compiling AtomicInteger.swift, AtomicOptionalWrappable.swift (in target 'Atomics' from project 'swift-atomics')

SwiftCompile normal arm64 Compiling\ UnsafeAtomic.swift /Users/aadityasingh/Library/Developer/Xcode/DerivedData/Chatlio-erkyzdeecsohoaggpwbjdvavzqfv/SourcePackages/checkouts/swift-atomics/Sources/Atomics/Types/UnsafeAtomic.swift (in target 'Atomics' from project 'swift-atomics')

SwiftCompile normal arm64 /Users/aadityasingh/Library/Developer/Xcode/DerivedData/Chatlio-erkyzdeecsohoaggpwbjdvavzqfv/SourcePackages/checkouts/swift-atomics/Sources/Atomics/Types/UnsafeAtomic.swift (in target 'Atomics' from project 'swift-atomics')
    cd /Users/aadityasingh/Documents/Development/element-x-ios/Chatlio.xcodeproj
    

SwiftDriverJobDiscovery normal x86_64 Compiling UnsafeAtomic.swift (in target 'Atomics' from project 'swift-atomics')

SwiftDriverJobDiscovery normal arm64 Compiling AtomicBool.swift, IntegerConformances.swift (in target 'Atomics' from project 'swift-atomics')

SwiftCompile normal arm64 Compiling\ Signup.swift,\ SlashCommand.swift /Users/aadityasingh/Library/Developer/Xcode/DerivedData/Chatlio-erkyzdeecsohoaggpwbjdvavzqfv/SourcePackages/checkouts/matrix-analytics-events/types/swift/Signup.swift /Users/aadityasingh/Library/Developer/Xcode/DerivedData/Chatlio-erkyzdeecsohoaggpwbjdvavzqfv/SourcePackages/checkouts/matrix-analytics-events/types/swift/SlashCommand.swift (in target 'AnalyticsEvents' from project 'AnalyticsEvents')

SwiftCompile normal arm64 /Users/aadityasingh/Library/Developer/Xcode/DerivedData/Chatlio-erkyzdeecsohoaggpwbjdvavzqfv/SourcePackages/checkouts/matrix-analytics-events/types/swift/Signup.swift (in target 'AnalyticsEvents' from project 'AnalyticsEvents')
    cd /Users/aadityasingh/Documents/Development/element-x-ios/Chatlio.xcodeproj
    

SwiftCompile normal arm64 /Users/aadityasingh/Library/Developer/Xcode/DerivedData/Chatlio-erkyzdeecsohoaggpwbjdvavzqfv/SourcePackages/checkouts/matrix-analytics-events/types/swift/SlashCommand.swift (in target 'AnalyticsEvents' from project 'AnalyticsEvents')
    cd /Users/aadityasingh/Documents/Development/element-x-ios/Chatlio.xcodeproj
    

SwiftDriverJobDiscovery normal x86_64 Compiling DoubleWord.swift, ManagedAtomic.swift (in target 'Atomics' from project 'swift-atomics')

SwiftCompile normal x86_64 Compiling\ PollVote.swift,\ RoomModeration.swift /Users/aadityasingh/Library/Developer/Xcode/DerivedData/Chatlio-erkyzdeecsohoaggpwbjdvavzqfv/SourcePackages/checkouts/matrix-analytics-events/types/swift/PollVote.swift /Users/aadityasingh/Library/Developer/Xcode/DerivedData/Chatlio-erkyzdeecsohoaggpwbjdvavzqfv/SourcePackages/checkouts/matrix-analytics-events/types/swift/RoomModeration.swift (in target 'AnalyticsEvents' from project 'AnalyticsEvents')

SwiftCompile normal x86_64 /Users/aadityasingh/Library/Developer/Xcode/DerivedData/Chatlio-erkyzdeecsohoaggpwbjdvavzqfv/SourcePackages/checkouts/matrix-analytics-events/types/swift/PollVote.swift (in target 'AnalyticsEvents' from project 'AnalyticsEvents')
    cd /Users/aadityasingh/Documents/Development/element-x-ios/Chatlio.xcodeproj
    

SwiftCompile normal x86_64 /Users/aadityasingh/Library/Developer/Xcode/DerivedData/Chatlio-erkyzdeecsohoaggpwbjdvavzqfv/SourcePackages/checkouts/matrix-analytics-events/types/swift/RoomModeration.swift (in target 'AnalyticsEvents' from project 'AnalyticsEvents')
    cd /Users/aadityasingh/Documents/Development/element-x-ios/Chatlio.xcodeproj
    

SwiftDriverJobDiscovery normal x86_64 Compiling AtomicValue.swift, AtomicMemoryOrderings.swift (in target 'Atomics' from project 'swift-atomics')

SwiftCompile normal arm64 Compiling\ PermissionChanged.swift,\ PinUnpinAction.swift /Users/aadityasingh/Library/Developer/Xcode/DerivedData/Chatlio-erkyzdeecsohoaggpwbjdvavzqfv/SourcePackages/checkouts/matrix-analytics-events/types/swift/PermissionChanged.swift /Users/aadityasingh/Library/Developer/Xcode/DerivedData/Chatlio-erkyzdeecsohoaggpwbjdvavzqfv/SourcePackages/checkouts/matrix-analytics-events/types/swift/PinUnpinAction.swift (in target 'AnalyticsEvents' from project 'AnalyticsEvents')

SwiftCompile normal arm64 /Users/aadityasingh/Library/Developer/Xcode/DerivedData/Chatlio-erkyzdeecsohoaggpwbjdvavzqfv/SourcePackages/checkouts/matrix-analytics-events/types/swift/PermissionChanged.swift (in target 'AnalyticsEvents' from project 'AnalyticsEvents')
    cd /Users/aadityasingh/Documents/Development/element-x-ios/Chatlio.xcodeproj
    

SwiftCompile normal arm64 /Users/aadityasingh/Library/Developer/Xcode/DerivedData/Chatlio-erkyzdeecsohoaggpwbjdvavzqfv/SourcePackages/checkouts/matrix-analytics-events/types/swift/PinUnpinAction.swift (in target 'AnalyticsEvents' from project 'AnalyticsEvents')
    cd /Users/aadityasingh/Documents/Development/element-x-ios/Chatlio.xcodeproj
    

SwiftDriverJobDiscovery normal arm64 Compiling UnsafeAtomic.swift (in target 'Atomics' from project 'swift-atomics')

SwiftCompile normal x86_64 Compiling\ PermissionChanged.swift,\ PinUnpinAction.swift /Users/aadityasingh/Library/Developer/Xcode/DerivedData/Chatlio-erkyzdeecsohoaggpwbjdvavzqfv/SourcePackages/checkouts/matrix-analytics-events/types/swift/PermissionChanged.swift /Users/aadityasingh/Library/Developer/Xcode/DerivedData/Chatlio-erkyzdeecsohoaggpwbjdvavzqfv/SourcePackages/checkouts/matrix-analytics-events/types/swift/PinUnpinAction.swift (in target 'AnalyticsEvents' from project 'AnalyticsEvents')

SwiftCompile normal x86_64 /Users/aadityasingh/Library/Developer/Xcode/DerivedData/Chatlio-erkyzdeecsohoaggpwbjdvavzqfv/SourcePackages/checkouts/matrix-analytics-events/types/swift/PermissionChanged.swift (in target 'AnalyticsEvents' from project 'AnalyticsEvents')
    cd /Users/aadityasingh/Documents/Development/element-x-ios/Chatlio.xcodeproj
    

SwiftCompile normal x86_64 /Users/aadityasingh/Library/Developer/Xcode/DerivedData/Chatlio-erkyzdeecsohoaggpwbjdvavzqfv/SourcePackages/checkouts/matrix-analytics-events/types/swift/PinUnpinAction.swift (in target 'AnalyticsEvents' from project 'AnalyticsEvents')
    cd /Users/aadityasingh/Documents/Development/element-x-ios/Chatlio.xcodeproj
    

SwiftCompile normal x86_64 Compiling\ SuperProperties.swift,\ UnauthenticatedError.swift /Users/aadityasingh/Library/Developer/Xcode/DerivedData/Chatlio-erkyzdeecsohoaggpwbjdvavzqfv/SourcePackages/checkouts/matrix-analytics-events/types/swift/SuperProperties.swift /Users/aadityasingh/Library/Developer/Xcode/DerivedData/Chatlio-erkyzdeecsohoaggpwbjdvavzqfv/SourcePackages/checkouts/matrix-analytics-events/types/swift/UnauthenticatedError.swift (in target 'AnalyticsEvents' from project 'AnalyticsEvents')

SwiftCompile normal x86_64 /Users/aadityasingh/Library/Developer/Xcode/DerivedData/Chatlio-erkyzdeecsohoaggpwbjdvavzqfv/SourcePackages/checkouts/matrix-analytics-events/types/swift/SuperProperties.swift (in target 'AnalyticsEvents' from project 'AnalyticsEvents')
    cd /Users/aadityasingh/Documents/Development/element-x-ios/Chatlio.xcodeproj
    

SwiftCompile normal x86_64 /Users/aadityasingh/Library/Developer/Xcode/DerivedData/Chatlio-erkyzdeecsohoaggpwbjdvavzqfv/SourcePackages/checkouts/matrix-analytics-events/types/swift/UnauthenticatedError.swift (in target 'AnalyticsEvents' from project 'AnalyticsEvents')
    cd /Users/aadityasingh/Documents/Development/element-x-ios/Chatlio.xcodeproj
    

SwiftDriverJobDiscovery normal arm64 Compiling AtomicReference.swift, AtomicStorage.swift (in target 'Atomics' from project 'swift-atomics')

SwiftCompile normal arm64 Compiling\ NotificationTroubleshoot.swift,\ PerformanceTimer.swift /Users/aadityasingh/Library/Developer/Xcode/DerivedData/Chatlio-erkyzdeecsohoaggpwbjdvavzqfv/SourcePackages/checkouts/matrix-analytics-events/types/swift/NotificationTroubleshoot.swift /Users/aadityasingh/Library/Developer/Xcode/DerivedData/Chatlio-erkyzdeecsohoaggpwbjdvavzqfv/SourcePackages/checkouts/matrix-analytics-events/types/swift/PerformanceTimer.swift (in target 'AnalyticsEvents' from project 'AnalyticsEvents')

SwiftCompile normal arm64 /Users/aadityasingh/Library/Developer/Xcode/DerivedData/Chatlio-erkyzdeecsohoaggpwbjdvavzqfv/SourcePackages/checkouts/matrix-analytics-events/types/swift/NotificationTroubleshoot.swift (in target 'AnalyticsEvents' from project 'AnalyticsEvents')
    cd /Users/aadityasingh/Documents/Development/element-x-ios/Chatlio.xcodeproj
    

SwiftCompile normal arm64 /Users/aadityasingh/Library/Developer/Xcode/DerivedData/Chatlio-erkyzdeecsohoaggpwbjdvavzqfv/SourcePackages/checkouts/matrix-analytics-events/types/swift/PerformanceTimer.swift (in target 'AnalyticsEvents' from project 'AnalyticsEvents')
    cd /Users/aadityasingh/Documents/Development/element-x-ios/Chatlio.xcodeproj
    

SwiftDriverJobDiscovery normal x86_64 Compiling AtomicReference.swift, AtomicStorage.swift (in target 'Atomics' from project 'swift-atomics')

SwiftCompile normal arm64 Compiling\ Error.swift,\ Interaction.swift /Users/aadityasingh/Library/Developer/Xcode/DerivedData/Chatlio-erkyzdeecsohoaggpwbjdvavzqfv/SourcePackages/checkouts/matrix-analytics-events/types/swift/Error.swift /Users/aadityasingh/Library/Developer/Xcode/DerivedData/Chatlio-erkyzdeecsohoaggpwbjdvavzqfv/SourcePackages/checkouts/matrix-analytics-events/types/swift/Interaction.swift (in target 'AnalyticsEvents' from project 'AnalyticsEvents')

SwiftCompile normal arm64 /Users/aadityasingh/Library/Developer/Xcode/DerivedData/Chatlio-erkyzdeecsohoaggpwbjdvavzqfv/SourcePackages/checkouts/matrix-analytics-events/types/swift/Error.swift (in target 'AnalyticsEvents' from project 'AnalyticsEvents')
    cd /Users/aadityasingh/Documents/Development/element-x-ios/Chatlio.xcodeproj
    

SwiftCompile normal arm64 /Users/aadityasingh/Library/Developer/Xcode/DerivedData/Chatlio-erkyzdeecsohoaggpwbjdvavzqfv/SourcePackages/checkouts/matrix-analytics-events/types/swift/Interaction.swift (in target 'AnalyticsEvents' from project 'AnalyticsEvents')
    cd /Users/aadityasingh/Documents/Development/element-x-ios/Chatlio.xcodeproj
    

SwiftDriverJobDiscovery normal arm64 Compiling Signup.swift, SlashCommand.swift (in target 'AnalyticsEvents' from project 'AnalyticsEvents')

SwiftCompile normal arm64 Compiling\ UserProperties.swift,\ ViewRoom.swift /Users/aadityasingh/Library/Developer/Xcode/DerivedData/Chatlio-erkyzdeecsohoaggpwbjdvavzqfv/SourcePackages/checkouts/matrix-analytics-events/types/swift/UserProperties.swift /Users/aadityasingh/Library/Developer/Xcode/DerivedData/Chatlio-erkyzdeecsohoaggpwbjdvavzqfv/SourcePackages/checkouts/matrix-analytics-events/types/swift/ViewRoom.swift (in target 'AnalyticsEvents' from project 'AnalyticsEvents')

SwiftCompile normal arm64 /Users/aadityasingh/Library/Developer/Xcode/DerivedData/Chatlio-erkyzdeecsohoaggpwbjdvavzqfv/SourcePackages/checkouts/matrix-analytics-events/types/swift/UserProperties.swift (in target 'AnalyticsEvents' from project 'AnalyticsEvents')
    cd /Users/aadityasingh/Documents/Development/element-x-ios/Chatlio.xcodeproj
    

SwiftCompile normal arm64 /Users/aadityasingh/Library/Developer/Xcode/DerivedData/Chatlio-erkyzdeecsohoaggpwbjdvavzqfv/SourcePackages/checkouts/matrix-analytics-events/types/swift/ViewRoom.swift (in target 'AnalyticsEvents' from project 'AnalyticsEvents')
    cd /Users/aadityasingh/Documents/Development/element-x-ios/Chatlio.xcodeproj
    

SwiftDriverJobDiscovery normal x86_64 Compiling PollVote.swift, RoomModeration.swift (in target 'AnalyticsEvents' from project 'AnalyticsEvents')

SwiftDriverJobDiscovery normal arm64 Compiling PermissionChanged.swift, PinUnpinAction.swift (in target 'AnalyticsEvents' from project 'AnalyticsEvents')

SwiftCompile normal arm64 Compiling\ JoinedRoom.swift,\ MobileScreen.swift /Users/aadityasingh/Library/Developer/Xcode/DerivedData/Chatlio-erkyzdeecsohoaggpwbjdvavzqfv/SourcePackages/checkouts/matrix-analytics-events/types/swift/JoinedRoom.swift /Users/aadityasingh/Library/Developer/Xcode/DerivedData/Chatlio-erkyzdeecsohoaggpwbjdvavzqfv/SourcePackages/checkouts/matrix-analytics-events/types/swift/MobileScreen.swift (in target 'AnalyticsEvents' from project 'AnalyticsEvents')

SwiftCompile normal arm64 /Users/aadityasingh/Library/Developer/Xcode/DerivedData/Chatlio-erkyzdeecsohoaggpwbjdvavzqfv/SourcePackages/checkouts/matrix-analytics-events/types/swift/JoinedRoom.swift (in target 'AnalyticsEvents' from project 'AnalyticsEvents')
    cd /Users/aadityasingh/Documents/Development/element-x-ios/Chatlio.xcodeproj
    

SwiftCompile normal arm64 /Users/aadityasingh/Library/Developer/Xcode/DerivedData/Chatlio-erkyzdeecsohoaggpwbjdvavzqfv/SourcePackages/checkouts/matrix-analytics-events/types/swift/MobileScreen.swift (in target 'AnalyticsEvents' from project 'AnalyticsEvents')
    cd /Users/aadityasingh/Documents/Development/element-x-ios/Chatlio.xcodeproj
    

SwiftCompile normal x86_64 Compiling\ NotificationTroubleshoot.swift,\ PerformanceTimer.swift /Users/aadityasingh/Library/Developer/Xcode/DerivedData/Chatlio-erkyzdeecsohoaggpwbjdvavzqfv/SourcePackages/checkouts/matrix-analytics-events/types/swift/NotificationTroubleshoot.swift /Users/aadityasingh/Library/Developer/Xcode/DerivedData/Chatlio-erkyzdeecsohoaggpwbjdvavzqfv/SourcePackages/checkouts/matrix-analytics-events/types/swift/PerformanceTimer.swift (in target 'AnalyticsEvents' from project 'AnalyticsEvents')

SwiftCompile normal x86_64 /Users/aadityasingh/Library/Developer/Xcode/DerivedData/Chatlio-erkyzdeecsohoaggpwbjdvavzqfv/SourcePackages/checkouts/matrix-analytics-events/types/swift/NotificationTroubleshoot.swift (in target 'AnalyticsEvents' from project 'AnalyticsEvents')
    cd /Users/aadityasingh/Documents/Development/element-x-ios/Chatlio.xcodeproj
    

SwiftCompile normal x86_64 /Users/aadityasingh/Library/Developer/Xcode/DerivedData/Chatlio-erkyzdeecsohoaggpwbjdvavzqfv/SourcePackages/checkouts/matrix-analytics-events/types/swift/PerformanceTimer.swift (in target 'AnalyticsEvents' from project 'AnalyticsEvents')
    cd /Users/aadityasingh/Documents/Development/element-x-ios/Chatlio.xcodeproj
    

SwiftDriverJobDiscovery normal x86_64 Compiling AtomicBool.swift, IntegerConformances.swift (in target 'Atomics' from project 'swift-atomics')

SwiftCompile normal x86_64 Compiling\ CreatedRoom.swift,\ CryptoSessionStateChange.swift /Users/aadityasingh/Library/Developer/Xcode/DerivedData/Chatlio-erkyzdeecsohoaggpwbjdvavzqfv/SourcePackages/checkouts/matrix-analytics-events/types/swift/CreatedRoom.swift /Users/aadityasingh/Library/Developer/Xcode/DerivedData/Chatlio-erkyzdeecsohoaggpwbjdvavzqfv/SourcePackages/checkouts/matrix-analytics-events/types/swift/CryptoSessionStateChange.swift (in target 'AnalyticsEvents' from project 'AnalyticsEvents')

SwiftCompile normal x86_64 /Users/aadityasingh/Library/Developer/Xcode/DerivedData/Chatlio-erkyzdeecsohoaggpwbjdvavzqfv/SourcePackages/checkouts/matrix-analytics-events/types/swift/CreatedRoom.swift (in target 'AnalyticsEvents' from project 'AnalyticsEvents')
    cd /Users/aadityasingh/Documents/Development/element-x-ios/Chatlio.xcodeproj
    

SwiftCompile normal x86_64 /Users/aadityasingh/Library/Developer/Xcode/DerivedData/Chatlio-erkyzdeecsohoaggpwbjdvavzqfv/SourcePackages/checkouts/matrix-analytics-events/types/swift/CryptoSessionStateChange.swift (in target 'AnalyticsEvents' from project 'AnalyticsEvents')
    cd /Users/aadityasingh/Documents/Development/element-x-ios/Chatlio.xcodeproj
    

SwiftDriverJobDiscovery normal x86_64 Compiling PermissionChanged.swift, PinUnpinAction.swift (in target 'AnalyticsEvents' from project 'AnalyticsEvents')

SwiftCompile normal x86_64 Compiling\ PollCreation.swift,\ PollEnd.swift /Users/aadityasingh/Library/Developer/Xcode/DerivedData/Chatlio-erkyzdeecsohoaggpwbjdvavzqfv/SourcePackages/checkouts/matrix-analytics-events/types/swift/PollCreation.swift /Users/aadityasingh/Library/Developer/Xcode/DerivedData/Chatlio-erkyzdeecsohoaggpwbjdvavzqfv/SourcePackages/checkouts/matrix-analytics-events/types/swift/PollEnd.swift (in target 'AnalyticsEvents' from project 'AnalyticsEvents')

SwiftCompile normal x86_64 /Users/aadityasingh/Library/Developer/Xcode/DerivedData/Chatlio-erkyzdeecsohoaggpwbjdvavzqfv/SourcePackages/checkouts/matrix-analytics-events/types/swift/PollCreation.swift (in target 'AnalyticsEvents' from project 'AnalyticsEvents')
    cd /Users/aadityasingh/Documents/Development/element-x-ios/Chatlio.xcodeproj
    

SwiftCompile normal x86_64 /Users/aadityasingh/Library/Developer/Xcode/DerivedData/Chatlio-erkyzdeecsohoaggpwbjdvavzqfv/SourcePackages/checkouts/matrix-analytics-events/types/swift/PollEnd.swift (in target 'AnalyticsEvents' from project 'AnalyticsEvents')
    cd /Users/aadityasingh/Documents/Development/element-x-ios/Chatlio.xcodeproj
    

SwiftDriverJobDiscovery normal x86_64 Compiling SuperProperties.swift, UnauthenticatedError.swift (in target 'AnalyticsEvents' from project 'AnalyticsEvents')

SwiftCompile normal arm64 Compiling\ CallStarted.swift,\ Composer.swift /Users/aadityasingh/Library/Developer/Xcode/DerivedData/Chatlio-erkyzdeecsohoaggpwbjdvavzqfv/SourcePackages/checkouts/matrix-analytics-events/types/swift/CallStarted.swift /Users/aadityasingh/Library/Developer/Xcode/DerivedData/Chatlio-erkyzdeecsohoaggpwbjdvavzqfv/SourcePackages/checkouts/matrix-analytics-events/types/swift/Composer.swift (in target 'AnalyticsEvents' from project 'AnalyticsEvents')

SwiftCompile normal arm64 /Users/aadityasingh/Library/Developer/Xcode/DerivedData/Chatlio-erkyzdeecsohoaggpwbjdvavzqfv/SourcePackages/checkouts/matrix-analytics-events/types/swift/CallStarted.swift (in target 'AnalyticsEvents' from project 'AnalyticsEvents')
    cd /Users/aadityasingh/Documents/Development/element-x-ios/Chatlio.xcodeproj
    

SwiftCompile normal arm64 /Users/aadityasingh/Library/Developer/Xcode/DerivedData/Chatlio-erkyzdeecsohoaggpwbjdvavzqfv/SourcePackages/checkouts/matrix-analytics-events/types/swift/Composer.swift (in target 'AnalyticsEvents' from project 'AnalyticsEvents')
    cd /Users/aadityasingh/Documents/Development/element-x-ios/Chatlio.xcodeproj
    

SwiftDriverJobDiscovery normal arm64 Compiling NotificationTroubleshoot.swift, PerformanceTimer.swift (in target 'AnalyticsEvents' from project 'AnalyticsEvents')

SwiftCompile normal arm64 Compiling\ SuperProperties.swift,\ UnauthenticatedError.swift /Users/aadityasingh/Library/Developer/Xcode/DerivedData/Chatlio-erkyzdeecsohoaggpwbjdvavzqfv/SourcePackages/checkouts/matrix-analytics-events/types/swift/SuperProperties.swift /Users/aadityasingh/Library/Developer/Xcode/DerivedData/Chatlio-erkyzdeecsohoaggpwbjdvavzqfv/SourcePackages/checkouts/matrix-analytics-events/types/swift/UnauthenticatedError.swift (in target 'AnalyticsEvents' from project 'AnalyticsEvents')

SwiftCompile normal arm64 /Users/aadityasingh/Library/Developer/Xcode/DerivedData/Chatlio-erkyzdeecsohoaggpwbjdvavzqfv/SourcePackages/checkouts/matrix-analytics-events/types/swift/SuperProperties.swift (in target 'AnalyticsEvents' from project 'AnalyticsEvents')
    cd /Users/aadityasingh/Documents/Development/element-x-ios/Chatlio.xcodeproj
    

SwiftCompile normal arm64 /Users/aadityasingh/Library/Developer/Xcode/DerivedData/Chatlio-erkyzdeecsohoaggpwbjdvavzqfv/SourcePackages/checkouts/matrix-analytics-events/types/swift/UnauthenticatedError.swift (in target 'AnalyticsEvents' from project 'AnalyticsEvents')
    cd /Users/aadityasingh/Documents/Development/element-x-ios/Chatlio.xcodeproj
    

SwiftDriverJobDiscovery normal arm64 Compiling Error.swift, Interaction.swift (in target 'AnalyticsEvents' from project 'AnalyticsEvents')

SwiftCompile normal x86_64 Compiling\ JoinedRoom.swift,\ MobileScreen.swift /Users/aadityasingh/Library/Developer/Xcode/DerivedData/Chatlio-erkyzdeecsohoaggpwbjdvavzqfv/SourcePackages/checkouts/matrix-analytics-events/types/swift/JoinedRoom.swift /Users/aadityasingh/Library/Developer/Xcode/DerivedData/Chatlio-erkyzdeecsohoaggpwbjdvavzqfv/SourcePackages/checkouts/matrix-analytics-events/types/swift/MobileScreen.swift (in target 'AnalyticsEvents' from project 'AnalyticsEvents')

SwiftCompile normal x86_64 /Users/aadityasingh/Library/Developer/Xcode/DerivedData/Chatlio-erkyzdeecsohoaggpwbjdvavzqfv/SourcePackages/checkouts/matrix-analytics-events/types/swift/JoinedRoom.swift (in target 'AnalyticsEvents' from project 'AnalyticsEvents')
    cd /Users/aadityasingh/Documents/Development/element-x-ios/Chatlio.xcodeproj
    

SwiftCompile normal x86_64 /Users/aadityasingh/Library/Developer/Xcode/DerivedData/Chatlio-erkyzdeecsohoaggpwbjdvavzqfv/SourcePackages/checkouts/matrix-analytics-events/types/swift/MobileScreen.swift (in target 'AnalyticsEvents' from project 'AnalyticsEvents')
    cd /Users/aadityasingh/Documents/Development/element-x-ios/Chatlio.xcodeproj
    

SwiftDriverJobDiscovery normal arm64 Compiling UserProperties.swift, ViewRoom.swift (in target 'AnalyticsEvents' from project 'AnalyticsEvents')

SwiftCompile normal x86_64 Compiling\ UserProperties.swift,\ ViewRoom.swift /Users/aadityasingh/Library/Developer/Xcode/DerivedData/Chatlio-erkyzdeecsohoaggpwbjdvavzqfv/SourcePackages/checkouts/matrix-analytics-events/types/swift/UserProperties.swift /Users/aadityasingh/Library/Developer/Xcode/DerivedData/Chatlio-erkyzdeecsohoaggpwbjdvavzqfv/SourcePackages/checkouts/matrix-analytics-events/types/swift/ViewRoom.swift (in target 'AnalyticsEvents' from project 'AnalyticsEvents')

SwiftCompile normal x86_64 /Users/aadityasingh/Library/Developer/Xcode/DerivedData/Chatlio-erkyzdeecsohoaggpwbjdvavzqfv/SourcePackages/checkouts/matrix-analytics-events/types/swift/UserProperties.swift (in target 'AnalyticsEvents' from project 'AnalyticsEvents')
    cd /Users/aadityasingh/Documents/Development/element-x-ios/Chatlio.xcodeproj
    

SwiftCompile normal x86_64 /Users/aadityasingh/Library/Developer/Xcode/DerivedData/Chatlio-erkyzdeecsohoaggpwbjdvavzqfv/SourcePackages/checkouts/matrix-analytics-events/types/swift/ViewRoom.swift (in target 'AnalyticsEvents' from project 'AnalyticsEvents')
    cd /Users/aadityasingh/Documents/Development/element-x-ios/Chatlio.xcodeproj
    

SwiftDriverJobDiscovery normal x86_64 Compiling NotificationTroubleshoot.swift, PerformanceTimer.swift (in target 'AnalyticsEvents' from project 'AnalyticsEvents')

SwiftCompile normal arm64 Compiling\ CreatedRoom.swift,\ CryptoSessionStateChange.swift /Users/aadityasingh/Library/Developer/Xcode/DerivedData/Chatlio-erkyzdeecsohoaggpwbjdvavzqfv/SourcePackages/checkouts/matrix-analytics-events/types/swift/CreatedRoom.swift /Users/aadityasingh/Library/Developer/Xcode/DerivedData/Chatlio-erkyzdeecsohoaggpwbjdvavzqfv/SourcePackages/checkouts/matrix-analytics-events/types/swift/CryptoSessionStateChange.swift (in target 'AnalyticsEvents' from project 'AnalyticsEvents')

SwiftCompile normal arm64 /Users/aadityasingh/Library/Developer/Xcode/DerivedData/Chatlio-erkyzdeecsohoaggpwbjdvavzqfv/SourcePackages/checkouts/matrix-analytics-events/types/swift/CreatedRoom.swift (in target 'AnalyticsEvents' from project 'AnalyticsEvents')
    cd /Users/aadityasingh/Documents/Development/element-x-ios/Chatlio.xcodeproj
    

SwiftCompile normal arm64 /Users/aadityasingh/Library/Developer/Xcode/DerivedData/Chatlio-erkyzdeecsohoaggpwbjdvavzqfv/SourcePackages/checkouts/matrix-analytics-events/types/swift/CryptoSessionStateChange.swift (in target 'AnalyticsEvents' from project 'AnalyticsEvents')
    cd /Users/aadityasingh/Documents/Development/element-x-ios/Chatlio.xcodeproj
    

SwiftDriverJobDiscovery normal x86_64 Compiling CreatedRoom.swift, CryptoSessionStateChange.swift (in target 'AnalyticsEvents' from project 'AnalyticsEvents')

SwiftCompile normal x86_64 Compiling\ AnalyticsEvent.swift,\ CallEnded.swift,\ CallError.swift /Users/aadityasingh/Library/Developer/Xcode/DerivedData/Chatlio-erkyzdeecsohoaggpwbjdvavzqfv/SourcePackages/checkouts/matrix-analytics-events/types/swift/AnalyticsEvent.swift /Users/aadityasingh/Library/Developer/Xcode/DerivedData/Chatlio-erkyzdeecsohoaggpwbjdvavzqfv/SourcePackages/checkouts/matrix-analytics-events/types/swift/CallEnded.swift /Users/aadityasingh/Library/Developer/Xcode/DerivedData/Chatlio-erkyzdeecsohoaggpwbjdvavzqfv/SourcePackages/checkouts/matrix-analytics-events/types/swift/CallError.swift (in target 'AnalyticsEvents' from project 'AnalyticsEvents')

SwiftCompile normal x86_64 /Users/aadityasingh/Library/Developer/Xcode/DerivedData/Chatlio-erkyzdeecsohoaggpwbjdvavzqfv/SourcePackages/checkouts/matrix-analytics-events/types/swift/AnalyticsEvent.swift (in target 'AnalyticsEvents' from project 'AnalyticsEvents')
    cd /Users/aadityasingh/Documents/Development/element-x-ios/Chatlio.xcodeproj
    

SwiftCompile normal x86_64 /Users/aadityasingh/Library/Developer/Xcode/DerivedData/Chatlio-erkyzdeecsohoaggpwbjdvavzqfv/SourcePackages/checkouts/matrix-analytics-events/types/swift/CallEnded.swift (in target 'AnalyticsEvents' from project 'AnalyticsEvents')
    cd /Users/aadityasingh/Documents/Development/element-x-ios/Chatlio.xcodeproj
    

SwiftCompile normal x86_64 /Users/aadityasingh/Library/Developer/Xcode/DerivedData/Chatlio-erkyzdeecsohoaggpwbjdvavzqfv/SourcePackages/checkouts/matrix-analytics-events/types/swift/CallError.swift (in target 'AnalyticsEvents' from project 'AnalyticsEvents')
    cd /Users/aadityasingh/Documents/Development/element-x-ios/Chatlio.xcodeproj
    

SwiftDriverJobDiscovery normal arm64 Compiling JoinedRoom.swift, MobileScreen.swift (in target 'AnalyticsEvents' from project 'AnalyticsEvents')

SwiftCompile normal arm64 Compiling\ PollVote.swift,\ RoomModeration.swift /Users/aadityasingh/Library/Developer/Xcode/DerivedData/Chatlio-erkyzdeecsohoaggpwbjdvavzqfv/SourcePackages/checkouts/matrix-analytics-events/types/swift/PollVote.swift /Users/aadityasingh/Library/Developer/Xcode/DerivedData/Chatlio-erkyzdeecsohoaggpwbjdvavzqfv/SourcePackages/checkouts/matrix-analytics-events/types/swift/RoomModeration.swift (in target 'AnalyticsEvents' from project 'AnalyticsEvents')

SwiftCompile normal arm64 /Users/aadityasingh/Library/Developer/Xcode/DerivedData/Chatlio-erkyzdeecsohoaggpwbjdvavzqfv/SourcePackages/checkouts/matrix-analytics-events/types/swift/PollVote.swift (in target 'AnalyticsEvents' from project 'AnalyticsEvents')
    cd /Users/aadityasingh/Documents/Development/element-x-ios/Chatlio.xcodeproj
    

SwiftCompile normal arm64 /Users/aadityasingh/Library/Developer/Xcode/DerivedData/Chatlio-erkyzdeecsohoaggpwbjdvavzqfv/SourcePackages/checkouts/matrix-analytics-events/types/swift/RoomModeration.swift (in target 'AnalyticsEvents' from project 'AnalyticsEvents')
    cd /Users/aadityasingh/Documents/Development/element-x-ios/Chatlio.xcodeproj
    

SwiftDriverJobDiscovery normal x86_64 Compiling PollCreation.swift, PollEnd.swift (in target 'AnalyticsEvents' from project 'AnalyticsEvents')

SwiftCompile normal x86_64 Compiling\ CallStarted.swift,\ Composer.swift /Users/aadityasingh/Library/Developer/Xcode/DerivedData/Chatlio-erkyzdeecsohoaggpwbjdvavzqfv/SourcePackages/checkouts/matrix-analytics-events/types/swift/CallStarted.swift /Users/aadityasingh/Library/Developer/Xcode/DerivedData/Chatlio-erkyzdeecsohoaggpwbjdvavzqfv/SourcePackages/checkouts/matrix-analytics-events/types/swift/Composer.swift (in target 'AnalyticsEvents' from project 'AnalyticsEvents')

SwiftCompile normal x86_64 /Users/aadityasingh/Library/Developer/Xcode/DerivedData/Chatlio-erkyzdeecsohoaggpwbjdvavzqfv/SourcePackages/checkouts/matrix-analytics-events/types/swift/CallStarted.swift (in target 'AnalyticsEvents' from project 'AnalyticsEvents')
    cd /Users/aadityasingh/Documents/Development/element-x-ios/Chatlio.xcodeproj
    

SwiftCompile normal x86_64 /Users/aadityasingh/Library/Developer/Xcode/DerivedData/Chatlio-erkyzdeecsohoaggpwbjdvavzqfv/SourcePackages/checkouts/matrix-analytics-events/types/swift/Composer.swift (in target 'AnalyticsEvents' from project 'AnalyticsEvents')
    cd /Users/aadityasingh/Documents/Development/element-x-ios/Chatlio.xcodeproj
    

SwiftDriverJobDiscovery normal arm64 Compiling CallStarted.swift, Composer.swift (in target 'AnalyticsEvents' from project 'AnalyticsEvents')

SwiftCompile normal arm64 Compiling\ PollCreation.swift,\ PollEnd.swift /Users/aadityasingh/Library/Developer/Xcode/DerivedData/Chatlio-erkyzdeecsohoaggpwbjdvavzqfv/SourcePackages/checkouts/matrix-analytics-events/types/swift/PollCreation.swift /Users/aadityasingh/Library/Developer/Xcode/DerivedData/Chatlio-erkyzdeecsohoaggpwbjdvavzqfv/SourcePackages/checkouts/matrix-analytics-events/types/swift/PollEnd.swift (in target 'AnalyticsEvents' from project 'AnalyticsEvents')

SwiftCompile normal arm64 /Users/aadityasingh/Library/Developer/Xcode/DerivedData/Chatlio-erkyzdeecsohoaggpwbjdvavzqfv/SourcePackages/checkouts/matrix-analytics-events/types/swift/PollCreation.swift (in target 'AnalyticsEvents' from project 'AnalyticsEvents')
    cd /Users/aadityasingh/Documents/Development/element-x-ios/Chatlio.xcodeproj
    

SwiftCompile normal arm64 /Users/aadityasingh/Library/Developer/Xcode/DerivedData/Chatlio-erkyzdeecsohoaggpwbjdvavzqfv/SourcePackages/checkouts/matrix-analytics-events/types/swift/PollEnd.swift (in target 'AnalyticsEvents' from project 'AnalyticsEvents')
    cd /Users/aadityasingh/Documents/Development/element-x-ios/Chatlio.xcodeproj
    

SwiftDriverJobDiscovery normal x86_64 Compiling PointerConformances.swift, Primitives.native.swift (in target 'Atomics' from project 'swift-atomics')

SwiftDriver\ Compilation Atomics normal x86_64 com.apple.xcode.tools.swift.compiler (in target 'Atomics' from project 'swift-atomics')
    cd /Users/aadityasingh/Documents/Development/element-x-ios/Chatlio.xcodeproj
    builtin-Swift-Compilation -- /Applications/Xcode.app/Contents/Developer/Toolchains/XcodeDefault.xctoolchain/usr/bin/swiftc -module-name Atomics -Onone @/Users/aadityasingh/Library/Developer/Xcode/DerivedData/Chatlio-erkyzdeecsohoaggpwbjdvavzqfv/Build/Intermediates.noindex/swift-atomics.build/Debug-iphonesimulator/Atomics.build/Objects-normal/x86_64/Atomics.SwiftFileList -DSWIFT_PACKAGE -DDEBUG -DSWIFT_MODULE_RESOURCE_BUNDLE_UNAVAILABLE -DXcode -enable-experimental-feature BuiltinModule -plugin-path /Applications/Xcode.app/Contents/Developer/Toolchains/XcodeDefault.xctoolchain/usr/lib/swift/host/plugins/testing -enable-experimental-feature DebugDescriptionMacro -sdk /Applications/Xcode.app/Contents/Developer/Platforms/iPhoneSimulator.platform/Developer/SDKs/iPhoneSimulator26.4.sdk -target x86_64-apple-ios12.0-simulator -g -module-cache-path /Users/aadityasingh/Library/Developer/Xcode/DerivedData/ModuleCache.noindex -Xfrontend -serialize-debugging-options -profile-coverage-mapping -profile-generate -enable-testing -suppress-warnings -index-store-path /Users/aadityasingh/Library/Developer/Xcode/DerivedData/Chatlio-erkyzdeecsohoaggpwbjdvavzqfv/Index.noindex/DataStore -Xcc -D_LIBCPP_HARDENING_MODE\=_LIBCPP_HARDENING_MODE_DEBUG -swift-version 5 -I /Users/aadityasingh/Library/Developer/Xcode/DerivedData/Chatlio-erkyzdeecsohoaggpwbjdvavzqfv/Build/Products/Debug-iphonesimulator -Isystem /Applications/Xcode.app/Contents/Developer/Platforms/iPhoneSimulator.platform/Developer/usr/lib -F /Users/aadityasingh/Library/Developer/Xcode/DerivedData/Chatlio-erkyzdeecsohoaggpwbjdvavzqfv/Build/Products/Debug-iphonesimulator/PackageFrameworks -F /Users/aadityasingh/Library/Developer/Xcode/DerivedData/Chatlio-erkyzdeecsohoaggpwbjdvavzqfv/Build/Products/Debug-iphonesimulator -F /Applications/Xcode.app/Contents/Developer/Platforms/iPhoneSimulator.platform/Developer/Library/Frameworks -F /Applications/Xcode.app/Contents/Developer/Platforms/iPhoneSimulator.platform/Developer/SDKs/iPhoneSimulator26.4.sdk/Developer/Library/Frameworks -c -j12 -enable-batch-mode -incremental -Xcc -ivfsstatcache -Xcc /Users/aadityasingh/Library/Developer/Xcode/DerivedData/SDKStatCaches.noindex/iphonesimulator26.4-23E252-686eebb5dc1d8ecb277353a59184f4aa.sdkstatcache -output-file-map /Users/aadityasingh/Library/Developer/Xcode/DerivedData/Chatlio-erkyzdeecsohoaggpwbjdvavzqfv/Build/Intermediates.noindex/swift-atomics.build/Debug-iphonesimulator/Atomics.build/Objects-normal/x86_64/Atomics-OutputFileMap.json -use-frontend-parseable-output -save-temps -no-color-diagnostics -explicit-module-build -module-cache-path /Users/aadityasingh/Library/Developer/Xcode/DerivedData/Chatlio-erkyzdeecsohoaggpwbjdvavzqfv/Build/Intermediates.noindex/SwiftExplicitPrecompiledModules -clang-scanner-module-cache-path /Users/aadityasingh/Library/Developer/Xcode/DerivedData/ModuleCache.noindex -sdk-module-cache-path /Users/aadityasingh/Library/Developer/Xcode/DerivedData/ModuleCache.noindex -serialize-diagnostics -emit-dependencies -emit-module -emit-module-path /Users/aadityasingh/Library/Developer/Xcode/DerivedData/Chatlio-erkyzdeecsohoaggpwbjdvavzqfv/Build/Intermediates.noindex/swift-atomics.build/Debug-iphonesimulator/Atomics.build/Objects-normal/x86_64/Atomics.swiftmodule -validate-clang-modules-once -clang-build-session-file /Users/aadityasingh/Library/Developer/Xcode/DerivedData/ModuleCache.noindex/Session.modulevalidation -package-name swift_atomics -Xcc -I/Users/aadityasingh/Library/Developer/Xcode/DerivedData/Chatlio-erkyzdeecsohoaggpwbjdvavzqfv/Build/Intermediates.noindex/swift-atomics.build/Debug-iphonesimulator/Atomics.build/swift-overrides.hmap -emit-const-values -Xfrontend -const-gather-protocols-file -Xfrontend /Users/aadityasingh/Library/Developer/Xcode/DerivedData/Chatlio-erkyzdeecsohoaggpwbjdvavzqfv/Build/Intermediates.noindex/swift-atomics.build/Debug-iphonesimulator/Atomics.build/Objects-normal/x86_64/Atomics_const_extract_protocols.json -Xcc -I/Users/aadityasingh/Library/Developer/Xcode/DerivedData/Chatlio-erkyzdeecsohoaggpwbjdvavzqfv/SourcePackages/checkouts/swift-atomics/Sources/_AtomicsShims/include -Xcc -I/Users/aadityasingh/Library/Developer/Xcode/DerivedData/Chatlio-erkyzdeecsohoaggpwbjdvavzqfv/Build/Products/Debug-iphonesimulator/include -Xcc -I/Users/aadityasingh/Library/Developer/Xcode/DerivedData/Chatlio-erkyzdeecsohoaggpwbjdvavzqfv/Build/Intermediates.noindex/swift-atomics.build/Debug-iphonesimulator/Atomics.build/DerivedSources-normal/x86_64 -Xcc -I/Users/aadityasingh/Library/Developer/Xcode/DerivedData/Chatlio-erkyzdeecsohoaggpwbjdvavzqfv/Build/Intermediates.noindex/swift-atomics.build/Debug-iphonesimulator/Atomics.build/DerivedSources/x86_64 -Xcc -I/Users/aadityasingh/Library/Developer/Xcode/DerivedData/Chatlio-erkyzdeecsohoaggpwbjdvavzqfv/Build/Intermediates.noindex/swift-atomics.build/Debug-iphonesimulator/Atomics.build/DerivedSources -Xcc -DSWIFT_PACKAGE -Xcc -DDEBUG\=1 -emit-objc-header -emit-objc-header-path /Users/aadityasingh/Library/Developer/Xcode/DerivedData/Chatlio-erkyzdeecsohoaggpwbjdvavzqfv/Build/Intermediates.noindex/swift-atomics.build/Debug-iphonesimulator/Atomics.build/Objects-normal/x86_64/Atomics-Swift.h -working-directory /Users/aadityasingh/Documents/Development/element-x-ios/Chatlio.xcodeproj -experimental-emit-module-separately -disable-cmo

SwiftDriverJobDiscovery normal x86_64 Compiling AnalyticsEvent.swift, CallEnded.swift, CallError.swift (in target 'AnalyticsEvents' from project 'AnalyticsEvents')

SwiftCompile normal x86_64 Compiling\ Error.swift,\ Interaction.swift /Users/aadityasingh/Library/Developer/Xcode/DerivedData/Chatlio-erkyzdeecsohoaggpwbjdvavzqfv/SourcePackages/checkouts/matrix-analytics-events/types/swift/Error.swift /Users/aadityasingh/Library/Developer/Xcode/DerivedData/Chatlio-erkyzdeecsohoaggpwbjdvavzqfv/SourcePackages/checkouts/matrix-analytics-events/types/swift/Interaction.swift (in target 'AnalyticsEvents' from project 'AnalyticsEvents')

SwiftCompile normal x86_64 /Users/aadityasingh/Library/Developer/Xcode/DerivedData/Chatlio-erkyzdeecsohoaggpwbjdvavzqfv/SourcePackages/checkouts/matrix-analytics-events/types/swift/Error.swift (in target 'AnalyticsEvents' from project 'AnalyticsEvents')
    cd /Users/aadityasingh/Documents/Development/element-x-ios/Chatlio.xcodeproj
    

SwiftCompile normal x86_64 /Users/aadityasingh/Library/Developer/Xcode/DerivedData/Chatlio-erkyzdeecsohoaggpwbjdvavzqfv/SourcePackages/checkouts/matrix-analytics-events/types/swift/Interaction.swift (in target 'AnalyticsEvents' from project 'AnalyticsEvents')
    cd /Users/aadityasingh/Documents/Development/element-x-ios/Chatlio.xcodeproj
    

SwiftDriverJobDiscovery normal arm64 Compiling SuperProperties.swift, UnauthenticatedError.swift (in target 'AnalyticsEvents' from project 'AnalyticsEvents')

SwiftCompile normal arm64 Compiling\ AnalyticsEvent.swift,\ CallEnded.swift,\ CallError.swift /Users/aadityasingh/Library/Developer/Xcode/DerivedData/Chatlio-erkyzdeecsohoaggpwbjdvavzqfv/SourcePackages/checkouts/matrix-analytics-events/types/swift/AnalyticsEvent.swift /Users/aadityasingh/Library/Developer/Xcode/DerivedData/Chatlio-erkyzdeecsohoaggpwbjdvavzqfv/SourcePackages/checkouts/matrix-analytics-events/types/swift/CallEnded.swift /Users/aadityasingh/Library/Developer/Xcode/DerivedData/Chatlio-erkyzdeecsohoaggpwbjdvavzqfv/SourcePackages/checkouts/matrix-analytics-events/types/swift/CallError.swift (in target 'AnalyticsEvents' from project 'AnalyticsEvents')

SwiftCompile normal arm64 /Users/aadityasingh/Library/Developer/Xcode/DerivedData/Chatlio-erkyzdeecsohoaggpwbjdvavzqfv/SourcePackages/checkouts/matrix-analytics-events/types/swift/AnalyticsEvent.swift (in target 'AnalyticsEvents' from project 'AnalyticsEvents')
    cd /Users/aadityasingh/Documents/Development/element-x-ios/Chatlio.xcodeproj
    

SwiftCompile normal arm64 /Users/aadityasingh/Library/Developer/Xcode/DerivedData/Chatlio-erkyzdeecsohoaggpwbjdvavzqfv/SourcePackages/checkouts/matrix-analytics-events/types/swift/CallEnded.swift (in target 'AnalyticsEvents' from project 'AnalyticsEvents')
    cd /Users/aadityasingh/Documents/Development/element-x-ios/Chatlio.xcodeproj
    

SwiftCompile normal arm64 /Users/aadityasingh/Library/Developer/Xcode/DerivedData/Chatlio-erkyzdeecsohoaggpwbjdvavzqfv/SourcePackages/checkouts/matrix-analytics-events/types/swift/CallError.swift (in target 'AnalyticsEvents' from project 'AnalyticsEvents')
    cd /Users/aadityasingh/Documents/Development/element-x-ios/Chatlio.xcodeproj
    

SwiftCompile normal x86_64 Compiling\ Signup.swift,\ SlashCommand.swift /Users/aadityasingh/Library/Developer/Xcode/DerivedData/Chatlio-erkyzdeecsohoaggpwbjdvavzqfv/SourcePackages/checkouts/matrix-analytics-events/types/swift/Signup.swift /Users/aadityasingh/Library/Developer/Xcode/DerivedData/Chatlio-erkyzdeecsohoaggpwbjdvavzqfv/SourcePackages/checkouts/matrix-analytics-events/types/swift/SlashCommand.swift (in target 'AnalyticsEvents' from project 'AnalyticsEvents')

SwiftCompile normal x86_64 /Users/aadityasingh/Library/Developer/Xcode/DerivedData/Chatlio-erkyzdeecsohoaggpwbjdvavzqfv/SourcePackages/checkouts/matrix-analytics-events/types/swift/Signup.swift (in target 'AnalyticsEvents' from project 'AnalyticsEvents')
    cd /Users/aadityasingh/Documents/Development/element-x-ios/Chatlio.xcodeproj
    

SwiftCompile normal x86_64 /Users/aadityasingh/Library/Developer/Xcode/DerivedData/Chatlio-erkyzdeecsohoaggpwbjdvavzqfv/SourcePackages/checkouts/matrix-analytics-events/types/swift/SlashCommand.swift (in target 'AnalyticsEvents' from project 'AnalyticsEvents')
    cd /Users/aadityasingh/Documents/Development/element-x-ios/Chatlio.xcodeproj
    

SwiftDriverJobDiscovery normal arm64 Compiling PollVote.swift, RoomModeration.swift (in target 'AnalyticsEvents' from project 'AnalyticsEvents')

SwiftDriverJobDiscovery normal x86_64 Compiling UserProperties.swift, ViewRoom.swift (in target 'AnalyticsEvents' from project 'AnalyticsEvents')

SwiftDriver WysiwygComposer normal arm64 com.apple.xcode.tools.swift.compiler (in target 'WysiwygComposer' from project 'WysiwygComposer')
    cd /Users/aadityasingh/Documents/Development/element-x-ios/Chatlio.xcodeproj
    builtin-SwiftDriver -- /Applications/Xcode.app/Contents/Developer/Toolchains/XcodeDefault.xctoolchain/usr/bin/swiftc -module-name WysiwygComposer -Onone @/Users/aadityasingh/Library/Developer/Xcode/DerivedData/Chatlio-erkyzdeecsohoaggpwbjdvavzqfv/Build/Intermediates.noindex/WysiwygComposer.build/Debug-iphonesimulator/WysiwygComposer.build/Objects-normal/arm64/WysiwygComposer.SwiftFileList -DSWIFT_PACKAGE -DDEBUG -DSWIFT_MODULE_RESOURCE_BUNDLE_UNAVAILABLE -Xcc -fmodule-map-file\=/Users/aadityasingh/Library/Developer/Xcode/DerivedData/Chatlio-erkyzdeecsohoaggpwbjdvavzqfv/Build/Intermediates.noindex/GeneratedModuleMaps-iphonesimulator/DTFoundation.modulemap -Xcc -fmodule-map-file\=/Users/aadityasingh/Library/Developer/Xcode/DerivedData/Chatlio-erkyzdeecsohoaggpwbjdvavzqfv/Build/Intermediates.noindex/GeneratedModuleMaps-iphonesimulator/DTCoreText.modulemap -Xcc -fmodule-map-file\=/Users/aadityasingh/Library/Developer/Xcode/DerivedData/Chatlio-erkyzdeecsohoaggpwbjdvavzqfv/Build/Intermediates.noindex/GeneratedModuleMaps-iphonesimulator/DTCoreTextExtended.modulemap -DXcode -plugin-path /Applications/Xcode.app/Contents/Developer/Toolchains/XcodeDefault.xctoolchain/usr/lib/swift/host/plugins/testing -enable-experimental-feature DebugDescriptionMacro -sdk /Applications/Xcode.app/Contents/Developer/Platforms/iPhoneSimulator.platform/Developer/SDKs/iPhoneSimulator26.4.sdk -target arm64-apple-ios15.0-simulator -g -module-cache-path /Users/aadityasingh/Library/Developer/Xcode/DerivedData/ModuleCache.noindex -Xfrontend -serialize-debugging-options -profile-coverage-mapping -profile-generate -enable-testing -suppress-warnings -index-store-path /Users/aadityasingh/Library/Developer/Xcode/DerivedData/Chatlio-erkyzdeecsohoaggpwbjdvavzqfv/Index.noindex/DataStore -Xcc -D_LIBCPP_HARDENING_MODE\=_LIBCPP_HARDENING_MODE_DEBUG -swift-version 5 -I /Users/aadityasingh/Library/Developer/Xcode/DerivedData/Chatlio-erkyzdeecsohoaggpwbjdvavzqfv/Build/Products/Debug-iphonesimulator -Isystem /Applications/Xcode.app/Contents/Developer/Platforms/iPhoneSimulator.platform/Developer/usr/lib -F /Users/aadityasingh/Library/Developer/Xcode/DerivedData/Chatlio-erkyzdeecsohoaggpwbjdvavzqfv/Build/Products/Debug-iphonesimulator/PackageFrameworks -F /Users/aadityasingh/Library/Developer/Xcode/DerivedData/Chatlio-erkyzdeecsohoaggpwbjdvavzqfv/Build/Products/Debug-iphonesimulator/PackageFrameworks -F /Users/aadityasingh/Library/Developer/Xcode/DerivedData/Chatlio-erkyzdeecsohoaggpwbjdvavzqfv/Build/Products/Debug-iphonesimulator/PackageFrameworks -F /Users/aadityasingh/Library/Developer/Xcode/DerivedData/Chatlio-erkyzdeecsohoaggpwbjdvavzqfv/Build/Products/Debug-iphonesimulator/PackageFrameworks -F /Users/aadityasingh/Library/Developer/Xcode/DerivedData/Chatlio-erkyzdeecsohoaggpwbjdvavzqfv/Build/Products/Debug-iphonesimulator -F /Applications/Xcode.app/Contents/Developer/Platforms/iPhoneSimulator.platform/Developer/Library/Frameworks -F /Applications/Xcode.app/Contents/Developer/Platforms/iPhoneSimulator.platform/Developer/SDKs/iPhoneSimulator26.4.sdk/Developer/Library/Frameworks -c -j12 -enable-batch-mode -incremental -Xcc -ivfsstatcache -Xcc /Users/aadityasingh/Library/Developer/Xcode/DerivedData/SDKStatCaches.noindex/iphonesimulator26.4-23E252-686eebb5dc1d8ecb277353a59184f4aa.sdkstatcache -output-file-map /Users/aadityasingh/Library/Developer/Xcode/DerivedData/Chatlio-erkyzdeecsohoaggpwbjdvavzqfv/Build/Intermediates.noindex/WysiwygComposer.build/Debug-iphonesimulator/WysiwygComposer.build/Objects-normal/arm64/WysiwygComposer-OutputFileMap.json -use-frontend-parseable-output -save-temps -no-color-diagnostics -explicit-module-build -module-cache-path /Users/aadityasingh/Library/Developer/Xcode/DerivedData/Chatlio-erkyzdeecsohoaggpwbjdvavzqfv/Build/Intermediates.noindex/SwiftExplicitPrecompiledModules -clang-scanner-module-cache-path /Users/aadityasingh/Library/Developer/Xcode/DerivedData/ModuleCache.noindex -sdk-module-cache-path /Users/aadityasingh/Library/Developer/Xcode/DerivedData/ModuleCache.noindex -serialize-diagnostics -emit-dependencies -emit-module -emit-module-path /Users/aadityasingh/Library/Developer/Xcode/DerivedData/Chatlio-erkyzdeecsohoaggpwbjdvavzqfv/Build/Intermediates.noindex/WysiwygComposer.build/Debug-iphonesimulator/WysiwygComposer.build/Objects-normal/arm64/WysiwygComposer.swiftmodule -validate-clang-modules-once -clang-build-session-file /Users/aadityasingh/Library/Developer/Xcode/DerivedData/ModuleCache.noindex/Session.modulevalidation -Xcc -I/Users/aadityasingh/Library/Developer/Xcode/DerivedData/Chatlio-erkyzdeecsohoaggpwbjdvavzqfv/Build/Intermediates.noindex/WysiwygComposer.build/Debug-iphonesimulator/WysiwygComposer.build/swift-overrides.hmap -emit-const-values -Xfrontend -const-gather-protocols-file -Xfrontend /Users/aadityasingh/Library/Developer/Xcode/DerivedData/Chatlio-erkyzdeecsohoaggpwbjdvavzqfv/Build/Intermediates.noindex/WysiwygComposer.build/Debug-iphonesimulator/WysiwygComposer.build/Objects-normal/arm64/WysiwygComposer_const_extract_protocols.json -Xcc -I/Users/aadityasingh/Library/Developer/Xcode/DerivedData/Chatlio-erkyzdeecsohoaggpwbjdvavzqfv/SourcePackages/checkouts/DTFoundation/Core/include -Xcc -I/Users/aadityasingh/Library/Developer/Xcode/DerivedData/Chatlio-erkyzdeecsohoaggpwbjdvavzqfv/SourcePackages/checkouts/DTCoreText/Core/include -Xcc -I/Users/aadityasingh/Library/Developer/Xcode/DerivedData/Chatlio-erkyzdeecsohoaggpwbjdvavzqfv/SourcePackages/checkouts/matrix-rich-text-editor-swift/Sources/DTCoreTextExtended/include -Xcc -I/Users/aadityasingh/Library/Developer/Xcode/DerivedData/Chatlio-erkyzdeecsohoaggpwbjdvavzqfv/Build/Products/Debug-iphonesimulator/include -Xcc -I/Users/aadityasingh/Library/Developer/Xcode/DerivedData/Chatlio-erkyzdeecsohoaggpwbjdvavzqfv/Build/Intermediates.noindex/WysiwygComposer.build/Debug-iphonesimulator/WysiwygComposer.build/DerivedSources-normal/arm64 -Xcc -I/Users/aadityasingh/Library/Developer/Xcode/DerivedData/Chatlio-erkyzdeecsohoaggpwbjdvavzqfv/Build/Intermediates.noindex/WysiwygComposer.build/Debug-iphonesimulator/WysiwygComposer.build/DerivedSources/arm64 -Xcc -I/Users/aadityasingh/Library/Developer/Xcode/DerivedData/Chatlio-erkyzdeecsohoaggpwbjdvavzqfv/Build/Intermediates.noindex/WysiwygComposer.build/Debug-iphonesimulator/WysiwygComposer.build/DerivedSources -Xcc -DSWIFT_PACKAGE -Xcc -DDEBUG\=1 -emit-objc-header -emit-objc-header-path /Users/aadityasingh/Library/Developer/Xcode/DerivedData/Chatlio-erkyzdeecsohoaggpwbjdvavzqfv/Build/Intermediates.noindex/WysiwygComposer.build/Debug-iphonesimulator/WysiwygComposer.build/Objects-normal/arm64/WysiwygComposer-Swift.h -working-directory /Users/aadityasingh/Documents/Development/element-x-ios/Chatlio.xcodeproj -experimental-emit-module-separately -disable-cmo

SwiftDriver WysiwygComposer normal x86_64 com.apple.xcode.tools.swift.compiler (in target 'WysiwygComposer' from project 'WysiwygComposer')
    cd /Users/aadityasingh/Documents/Development/element-x-ios/Chatlio.xcodeproj
    builtin-SwiftDriver -- /Applications/Xcode.app/Contents/Developer/Toolchains/XcodeDefault.xctoolchain/usr/bin/swiftc -module-name WysiwygComposer -Onone @/Users/aadityasingh/Library/Developer/Xcode/DerivedData/Chatlio-erkyzdeecsohoaggpwbjdvavzqfv/Build/Intermediates.noindex/WysiwygComposer.build/Debug-iphonesimulator/WysiwygComposer.build/Objects-normal/x86_64/WysiwygComposer.SwiftFileList -DSWIFT_PACKAGE -DDEBUG -DSWIFT_MODULE_RESOURCE_BUNDLE_UNAVAILABLE -Xcc -fmodule-map-file\=/Users/aadityasingh/Library/Developer/Xcode/DerivedData/Chatlio-erkyzdeecsohoaggpwbjdvavzqfv/Build/Intermediates.noindex/GeneratedModuleMaps-iphonesimulator/DTFoundation.modulemap -Xcc -fmodule-map-file\=/Users/aadityasingh/Library/Developer/Xcode/DerivedData/Chatlio-erkyzdeecsohoaggpwbjdvavzqfv/Build/Intermediates.noindex/GeneratedModuleMaps-iphonesimulator/DTCoreText.modulemap -Xcc -fmodule-map-file\=/Users/aadityasingh/Library/Developer/Xcode/DerivedData/Chatlio-erkyzdeecsohoaggpwbjdvavzqfv/Build/Intermediates.noindex/GeneratedModuleMaps-iphonesimulator/DTCoreTextExtended.modulemap -DXcode -plugin-path /Applications/Xcode.app/Contents/Developer/Toolchains/XcodeDefault.xctoolchain/usr/lib/swift/host/plugins/testing -enable-experimental-feature DebugDescriptionMacro -sdk /Applications/Xcode.app/Contents/Developer/Platforms/iPhoneSimulator.platform/Developer/SDKs/iPhoneSimulator26.4.sdk -target x86_64-apple-ios15.0-simulator -g -module-cache-path /Users/aadityasingh/Library/Developer/Xcode/DerivedData/ModuleCache.noindex -Xfrontend -serialize-debugging-options -profile-coverage-mapping -profile-generate -enable-testing -suppress-warnings -index-store-path /Users/aadityasingh/Library/Developer/Xcode/DerivedData/Chatlio-erkyzdeecsohoaggpwbjdvavzqfv/Index.noindex/DataStore -Xcc -D_LIBCPP_HARDENING_MODE\=_LIBCPP_HARDENING_MODE_DEBUG -swift-version 5 -I /Users/aadityasingh/Library/Developer/Xcode/DerivedData/Chatlio-erkyzdeecsohoaggpwbjdvavzqfv/Build/Products/Debug-iphonesimulator -Isystem /Applications/Xcode.app/Contents/Developer/Platforms/iPhoneSimulator.platform/Developer/usr/lib -F /Users/aadityasingh/Library/Developer/Xcode/DerivedData/Chatlio-erkyzdeecsohoaggpwbjdvavzqfv/Build/Products/Debug-iphonesimulator/PackageFrameworks -F /Users/aadityasingh/Library/Developer/Xcode/DerivedData/Chatlio-erkyzdeecsohoaggpwbjdvavzqfv/Build/Products/Debug-iphonesimulator/PackageFrameworks -F /Users/aadityasingh/Library/Developer/Xcode/DerivedData/Chatlio-erkyzdeecsohoaggpwbjdvavzqfv/Build/Products/Debug-iphonesimulator/PackageFrameworks -F /Users/aadityasingh/Library/Developer/Xcode/DerivedData/Chatlio-erkyzdeecsohoaggpwbjdvavzqfv/Build/Products/Debug-iphonesimulator/PackageFrameworks -F /Users/aadityasingh/Library/Developer/Xcode/DerivedData/Chatlio-erkyzdeecsohoaggpwbjdvavzqfv/Build/Products/Debug-iphonesimulator -F /Applications/Xcode.app/Contents/Developer/Platforms/iPhoneSimulator.platform/Developer/Library/Frameworks -F /Applications/Xcode.app/Contents/Developer/Platforms/iPhoneSimulator.platform/Developer/SDKs/iPhoneSimulator26.4.sdk/Developer/Library/Frameworks -c -j12 -enable-batch-mode -incremental -Xcc -ivfsstatcache -Xcc /Users/aadityasingh/Library/Developer/Xcode/DerivedData/SDKStatCaches.noindex/iphonesimulator26.4-23E252-686eebb5dc1d8ecb277353a59184f4aa.sdkstatcache -output-file-map /Users/aadityasingh/Library/Developer/Xcode/DerivedData/Chatlio-erkyzdeecsohoaggpwbjdvavzqfv/Build/Intermediates.noindex/WysiwygComposer.build/Debug-iphonesimulator/WysiwygComposer.build/Objects-normal/x86_64/WysiwygComposer-OutputFileMap.json -use-frontend-parseable-output -save-temps -no-color-diagnostics -explicit-module-build -module-cache-path /Users/aadityasingh/Library/Developer/Xcode/DerivedData/Chatlio-erkyzdeecsohoaggpwbjdvavzqfv/Build/Intermediates.noindex/SwiftExplicitPrecompiledModules -clang-scanner-module-cache-path /Users/aadityasingh/Library/Developer/Xcode/DerivedData/ModuleCache.noindex -sdk-module-cache-path /Users/aadityasingh/Library/Developer/Xcode/DerivedData/ModuleCache.noindex -serialize-diagnostics -emit-dependencies -emit-module -emit-module-path /Users/aadityasingh/Library/Developer/Xcode/DerivedData/Chatlio-erkyzdeecsohoaggpwbjdvavzqfv/Build/Intermediates.noindex/WysiwygComposer.build/Debug-iphonesimulator/WysiwygComposer.build/Objects-normal/x86_64/WysiwygComposer.swiftmodule -validate-clang-modules-once -clang-build-session-file /Users/aadityasingh/Library/Developer/Xcode/DerivedData/ModuleCache.noindex/Session.modulevalidation -Xcc -I/Users/aadityasingh/Library/Developer/Xcode/DerivedData/Chatlio-erkyzdeecsohoaggpwbjdvavzqfv/Build/Intermediates.noindex/WysiwygComposer.build/Debug-iphonesimulator/WysiwygComposer.build/swift-overrides.hmap -emit-const-values -Xfrontend -const-gather-protocols-file -Xfrontend /Users/aadityasingh/Library/Developer/Xcode/DerivedData/Chatlio-erkyzdeecsohoaggpwbjdvavzqfv/Build/Intermediates.noindex/WysiwygComposer.build/Debug-iphonesimulator/WysiwygComposer.build/Objects-normal/x86_64/WysiwygComposer_const_extract_protocols.json -Xcc -I/Users/aadityasingh/Library/Developer/Xcode/DerivedData/Chatlio-erkyzdeecsohoaggpwbjdvavzqfv/SourcePackages/checkouts/DTFoundation/Core/include -Xcc -I/Users/aadityasingh/Library/Developer/Xcode/DerivedData/Chatlio-erkyzdeecsohoaggpwbjdvavzqfv/SourcePackages/checkouts/DTCoreText/Core/include -Xcc -I/Users/aadityasingh/Library/Developer/Xcode/DerivedData/Chatlio-erkyzdeecsohoaggpwbjdvavzqfv/SourcePackages/checkouts/matrix-rich-text-editor-swift/Sources/DTCoreTextExtended/include -Xcc -I/Users/aadityasingh/Library/Developer/Xcode/DerivedData/Chatlio-erkyzdeecsohoaggpwbjdvavzqfv/Build/Products/Debug-iphonesimulator/include -Xcc -I/Users/aadityasingh/Library/Developer/Xcode/DerivedData/Chatlio-erkyzdeecsohoaggpwbjdvavzqfv/Build/Intermediates.noindex/WysiwygComposer.build/Debug-iphonesimulator/WysiwygComposer.build/DerivedSources-normal/x86_64 -Xcc -I/Users/aadityasingh/Library/Developer/Xcode/DerivedData/Chatlio-erkyzdeecsohoaggpwbjdvavzqfv/Build/Intermediates.noindex/WysiwygComposer.build/Debug-iphonesimulator/WysiwygComposer.build/DerivedSources/x86_64 -Xcc -I/Users/aadityasingh/Library/Developer/Xcode/DerivedData/Chatlio-erkyzdeecsohoaggpwbjdvavzqfv/Build/Intermediates.noindex/WysiwygComposer.build/Debug-iphonesimulator/WysiwygComposer.build/DerivedSources -Xcc -DSWIFT_PACKAGE -Xcc -DDEBUG\=1 -emit-objc-header -emit-objc-header-path /Users/aadityasingh/Library/Developer/Xcode/DerivedData/Chatlio-erkyzdeecsohoaggpwbjdvavzqfv/Build/Intermediates.noindex/WysiwygComposer.build/Debug-iphonesimulator/WysiwygComposer.build/Objects-normal/x86_64/WysiwygComposer-Swift.h -working-directory /Users/aadityasingh/Documents/Development/element-x-ios/Chatlio.xcodeproj -experimental-emit-module-separately -disable-cmo

SwiftDriverJobDiscovery normal arm64 Compiling CreatedRoom.swift, CryptoSessionStateChange.swift (in target 'AnalyticsEvents' from project 'AnalyticsEvents')

SwiftDriverJobDiscovery normal arm64 Compiling PointerConformances.swift, Primitives.native.swift (in target 'Atomics' from project 'swift-atomics')

SwiftDriver\ Compilation Atomics normal arm64 com.apple.xcode.tools.swift.compiler (in target 'Atomics' from project 'swift-atomics')
    cd /Users/aadityasingh/Documents/Development/element-x-ios/Chatlio.xcodeproj
    builtin-Swift-Compilation -- /Applications/Xcode.app/Contents/Developer/Toolchains/XcodeDefault.xctoolchain/usr/bin/swiftc -module-name Atomics -Onone @/Users/aadityasingh/Library/Developer/Xcode/DerivedData/Chatlio-erkyzdeecsohoaggpwbjdvavzqfv/Build/Intermediates.noindex/swift-atomics.build/Debug-iphonesimulator/Atomics.build/Objects-normal/arm64/Atomics.SwiftFileList -DSWIFT_PACKAGE -DDEBUG -DSWIFT_MODULE_RESOURCE_BUNDLE_UNAVAILABLE -DXcode -enable-experimental-feature BuiltinModule -plugin-path /Applications/Xcode.app/Contents/Developer/Toolchains/XcodeDefault.xctoolchain/usr/lib/swift/host/plugins/testing -enable-experimental-feature DebugDescriptionMacro -sdk /Applications/Xcode.app/Contents/Developer/Platforms/iPhoneSimulator.platform/Developer/SDKs/iPhoneSimulator26.4.sdk -target arm64-apple-ios12.0-simulator -g -module-cache-path /Users/aadityasingh/Library/Developer/Xcode/DerivedData/ModuleCache.noindex -Xfrontend -serialize-debugging-options -profile-coverage-mapping -profile-generate -enable-testing -suppress-warnings -index-store-path /Users/aadityasingh/Library/Developer/Xcode/DerivedData/Chatlio-erkyzdeecsohoaggpwbjdvavzqfv/Index.noindex/DataStore -Xcc -D_LIBCPP_HARDENING_MODE\=_LIBCPP_HARDENING_MODE_DEBUG -swift-version 5 -I /Users/aadityasingh/Library/Developer/Xcode/DerivedData/Chatlio-erkyzdeecsohoaggpwbjdvavzqfv/Build/Products/Debug-iphonesimulator -Isystem /Applications/Xcode.app/Contents/Developer/Platforms/iPhoneSimulator.platform/Developer/usr/lib -F /Users/aadityasingh/Library/Developer/Xcode/DerivedData/Chatlio-erkyzdeecsohoaggpwbjdvavzqfv/Build/Products/Debug-iphonesimulator/PackageFrameworks -F /Users/aadityasingh/Library/Developer/Xcode/DerivedData/Chatlio-erkyzdeecsohoaggpwbjdvavzqfv/Build/Products/Debug-iphonesimulator -F /Applications/Xcode.app/Contents/Developer/Platforms/iPhoneSimulator.platform/Developer/Library/Frameworks -F /Applications/Xcode.app/Contents/Developer/Platforms/iPhoneSimulator.platform/Developer/SDKs/iPhoneSimulator26.4.sdk/Developer/Library/Frameworks -c -j12 -enable-batch-mode -incremental -Xcc -ivfsstatcache -Xcc /Users/aadityasingh/Library/Developer/Xcode/DerivedData/SDKStatCaches.noindex/iphonesimulator26.4-23E252-686eebb5dc1d8ecb277353a59184f4aa.sdkstatcache -output-file-map /Users/aadityasingh/Library/Developer/Xcode/DerivedData/Chatlio-erkyzdeecsohoaggpwbjdvavzqfv/Build/Intermediates.noindex/swift-atomics.build/Debug-iphonesimulator/Atomics.build/Objects-normal/arm64/Atomics-OutputFileMap.json -use-frontend-parseable-output -save-temps -no-color-diagnostics -explicit-module-build -module-cache-path /Users/aadityasingh/Library/Developer/Xcode/DerivedData/Chatlio-erkyzdeecsohoaggpwbjdvavzqfv/Build/Intermediates.noindex/SwiftExplicitPrecompiledModules -clang-scanner-module-cache-path /Users/aadityasingh/Library/Developer/Xcode/DerivedData/ModuleCache.noindex -sdk-module-cache-path /Users/aadityasingh/Library/Developer/Xcode/DerivedData/ModuleCache.noindex -serialize-diagnostics -emit-dependencies -emit-module -emit-module-path /Users/aadityasingh/Library/Developer/Xcode/DerivedData/Chatlio-erkyzdeecsohoaggpwbjdvavzqfv/Build/Intermediates.noindex/swift-atomics.build/Debug-iphonesimulator/Atomics.build/Objects-normal/arm64/Atomics.swiftmodule -validate-clang-modules-once -clang-build-session-file /Users/aadityasingh/Library/Developer/Xcode/DerivedData/ModuleCache.noindex/Session.modulevalidation -package-name swift_atomics -Xcc -I/Users/aadityasingh/Library/Developer/Xcode/DerivedData/Chatlio-erkyzdeecsohoaggpwbjdvavzqfv/Build/Intermediates.noindex/swift-atomics.build/Debug-iphonesimulator/Atomics.build/swift-overrides.hmap -emit-const-values -Xfrontend -const-gather-protocols-file -Xfrontend /Users/aadityasingh/Library/Developer/Xcode/DerivedData/Chatlio-erkyzdeecsohoaggpwbjdvavzqfv/Build/Intermediates.noindex/swift-atomics.build/Debug-iphonesimulator/Atomics.build/Objects-normal/arm64/Atomics_const_extract_protocols.json -Xcc -I/Users/aadityasingh/Library/Developer/Xcode/DerivedData/Chatlio-erkyzdeecsohoaggpwbjdvavzqfv/SourcePackages/checkouts/swift-atomics/Sources/_AtomicsShims/include -Xcc -I/Users/aadityasingh/Library/Developer/Xcode/DerivedData/Chatlio-erkyzdeecsohoaggpwbjdvavzqfv/Build/Products/Debug-iphonesimulator/include -Xcc -I/Users/aadityasingh/Library/Developer/Xcode/DerivedData/Chatlio-erkyzdeecsohoaggpwbjdvavzqfv/Build/Intermediates.noindex/swift-atomics.build/Debug-iphonesimulator/Atomics.build/DerivedSources-normal/arm64 -Xcc -I/Users/aadityasingh/Library/Developer/Xcode/DerivedData/Chatlio-erkyzdeecsohoaggpwbjdvavzqfv/Build/Intermediates.noindex/swift-atomics.build/Debug-iphonesimulator/Atomics.build/DerivedSources/arm64 -Xcc -I/Users/aadityasingh/Library/Developer/Xcode/DerivedData/Chatlio-erkyzdeecsohoaggpwbjdvavzqfv/Build/Intermediates.noindex/swift-atomics.build/Debug-iphonesimulator/Atomics.build/DerivedSources -Xcc -DSWIFT_PACKAGE -Xcc -DDEBUG\=1 -emit-objc-header -emit-objc-header-path /Users/aadityasingh/Library/Developer/Xcode/DerivedData/Chatlio-erkyzdeecsohoaggpwbjdvavzqfv/Build/Intermediates.noindex/swift-atomics.build/Debug-iphonesimulator/Atomics.build/Objects-normal/arm64/Atomics-Swift.h -working-directory /Users/aadityasingh/Documents/Development/element-x-ios/Chatlio.xcodeproj -experimental-emit-module-separately -disable-cmo

ExtractAppIntentsMetadata (in target 'SentrySwiftUI' from project 'Sentry')
    cd /Users/aadityasingh/Library/Developer/Xcode/DerivedData/Chatlio-erkyzdeecsohoaggpwbjdvavzqfv/SourcePackages/checkouts/sentry-cocoa
    /Applications/Xcode.app/Contents/Developer/Toolchains/XcodeDefault.xctoolchain/usr/bin/appintentsmetadataprocessor --toolchain-dir /Applications/Xcode.app/Contents/Developer/Toolchains/XcodeDefault.xctoolchain --module-name SentrySwiftUI --sdk-root /Applications/Xcode.app/Contents/Developer/Platforms/iPhoneSimulator.platform/Developer/SDKs/iPhoneSimulator26.4.sdk --xcode-version 17E202 --platform-family iOS --deployment-target 15.0 --bundle-identifier sentry-cocoa.SentrySwiftUI --output /Users/aadityasingh/Library/Developer/Xcode/DerivedData/Chatlio-erkyzdeecsohoaggpwbjdvavzqfv/Build/Products/Debug-iphonesimulator/SentrySwiftUI.appintents --target-triple arm64-apple-ios15.0-simulator --target-triple x86_64-apple-ios15.0-simulator --binary-file /Users/aadityasingh/Library/Developer/Xcode/DerivedData/Chatlio-erkyzdeecsohoaggpwbjdvavzqfv/Build/Products/Debug-iphonesimulator/SentrySwiftUI.o --dependency-file /Users/aadityasingh/Library/Developer/Xcode/DerivedData/Chatlio-erkyzdeecsohoaggpwbjdvavzqfv/Build/Intermediates.noindex/Sentry.build/Debug-iphonesimulator/SentrySwiftUI.build/Objects-normal/arm64/SentrySwiftUI_dependency_info.dat --dependency-file /Users/aadityasingh/Library/Developer/Xcode/DerivedData/Chatlio-erkyzdeecsohoaggpwbjdvavzqfv/Build/Intermediates.noindex/Sentry.build/Debug-iphonesimulator/SentrySwiftUI.build/Objects-normal/x86_64/SentrySwiftUI_dependency_info.dat --stringsdata-file /Users/aadityasingh/Library/Developer/Xcode/DerivedData/Chatlio-erkyzdeecsohoaggpwbjdvavzqfv/Build/Intermediates.noindex/Sentry.build/Debug-iphonesimulator/SentrySwiftUI.build/Objects-normal/arm64/ExtractedAppShortcutsMetadata.stringsdata --stringsdata-file /Users/aadityasingh/Library/Developer/Xcode/DerivedData/Chatlio-erkyzdeecsohoaggpwbjdvavzqfv/Build/Intermediates.noindex/Sentry.build/Debug-iphonesimulator/SentrySwiftUI.build/Objects-normal/x86_64/ExtractedAppShortcutsMetadata.stringsdata --source-file-list /Users/aadityasingh/Library/Developer/Xcode/DerivedData/Chatlio-erkyzdeecsohoaggpwbjdvavzqfv/Build/Intermediates.noindex/Sentry.build/Debug-iphonesimulator/SentrySwiftUI.build/Objects-normal/arm64/SentrySwiftUI.SwiftFileList --source-file-list /Users/aadityasingh/Library/Developer/Xcode/DerivedData/Chatlio-erkyzdeecsohoaggpwbjdvavzqfv/Build/Intermediates.noindex/Sentry.build/Debug-iphonesimulator/SentrySwiftUI.build/Objects-normal/x86_64/SentrySwiftUI.SwiftFileList --metadata-file-list /Users/aadityasingh/Library/Developer/Xcode/DerivedData/Chatlio-erkyzdeecsohoaggpwbjdvavzqfv/Build/Intermediates.noindex/Sentry.build/Debug-iphonesimulator/SentrySwiftUI.build/SentrySwiftUI.DependencyMetadataFileList --static-metadata-file-list /Users/aadityasingh/Library/Developer/Xcode/DerivedData/Chatlio-erkyzdeecsohoaggpwbjdvavzqfv/Build/Intermediates.noindex/Sentry.build/Debug-iphonesimulator/SentrySwiftUI.build/SentrySwiftUI.DependencyStaticMetadataFileList --swift-const-vals-list /Users/aadityasingh/Library/Developer/Xcode/DerivedData/Chatlio-erkyzdeecsohoaggpwbjdvavzqfv/Build/Intermediates.noindex/Sentry.build/Debug-iphonesimulator/SentrySwiftUI.build/Objects-normal/arm64/SentrySwiftUI.SwiftConstValuesFileList --swift-const-vals-list /Users/aadityasingh/Library/Developer/Xcode/DerivedData/Chatlio-erkyzdeecsohoaggpwbjdvavzqfv/Build/Intermediates.noindex/Sentry.build/Debug-iphonesimulator/SentrySwiftUI.build/Objects-normal/x86_64/SentrySwiftUI.SwiftConstValuesFileList --force --compile-time-extraction --deployment-aware-processing --validate-assistant-intents --no-app-shortcuts-localization
2026-05-11 23:03:46.270 appintentsmetadataprocessor[20257:2637937] Starting appintentsmetadataprocessor export
2026-05-11 23:03:46.296 appintentsmetadataprocessor[20257:2637937] Extracted no relevant App Intents symbols, skipping writing output

ExtractAppIntentsMetadata (in target 'Flow' from project 'Flow')
    cd /Users/aadityasingh/Library/Developer/Xcode/DerivedData/Chatlio-erkyzdeecsohoaggpwbjdvavzqfv/SourcePackages/checkouts/SwiftUI-Flow
    /Applications/Xcode.app/Contents/Developer/Toolchains/XcodeDefault.xctoolchain/usr/bin/appintentsmetadataprocessor --toolchain-dir /Applications/Xcode.app/Contents/Developer/Toolchains/XcodeDefault.xctoolchain --module-name Flow --sdk-root /Applications/Xcode.app/Contents/Developer/Platforms/iPhoneSimulator.platform/Developer/SDKs/iPhoneSimulator26.4.sdk --xcode-version 17E202 --platform-family iOS --deployment-target 16.0 --bundle-identifier swiftui-flow.Flow --output /Users/aadityasingh/Library/Developer/Xcode/DerivedData/Chatlio-erkyzdeecsohoaggpwbjdvavzqfv/Build/Products/Debug-iphonesimulator/Flow.appintents --target-triple arm64-apple-ios16.0-simulator --target-triple x86_64-apple-ios16.0-simulator --binary-file /Users/aadityasingh/Library/Developer/Xcode/DerivedData/Chatlio-erkyzdeecsohoaggpwbjdvavzqfv/Build/Products/Debug-iphonesimulator/Flow.o --dependency-file /Users/aadityasingh/Library/Developer/Xcode/DerivedData/Chatlio-erkyzdeecsohoaggpwbjdvavzqfv/Build/Intermediates.noindex/Flow.build/Debug-iphonesimulator/Flow.build/Objects-normal/arm64/Flow_dependency_info.dat --dependency-file /Users/aadityasingh/Library/Developer/Xcode/DerivedData/Chatlio-erkyzdeecsohoaggpwbjdvavzqfv/Build/Intermediates.noindex/Flow.build/Debug-iphonesimulator/Flow.build/Objects-normal/x86_64/Flow_dependency_info.dat --stringsdata-file /Users/aadityasingh/Library/Developer/Xcode/DerivedData/Chatlio-erkyzdeecsohoaggpwbjdvavzqfv/Build/Intermediates.noindex/Flow.build/Debug-iphonesimulator/Flow.build/Objects-normal/arm64/ExtractedAppShortcutsMetadata.stringsdata --stringsdata-file /Users/aadityasingh/Library/Developer/Xcode/DerivedData/Chatlio-erkyzdeecsohoaggpwbjdvavzqfv/Build/Intermediates.noindex/Flow.build/Debug-iphonesimulator/Flow.build/Objects-normal/x86_64/ExtractedAppShortcutsMetadata.stringsdata --source-file-list /Users/aadityasingh/Library/Developer/Xcode/DerivedData/Chatlio-erkyzdeecsohoaggpwbjdvavzqfv/Build/Intermediates.noindex/Flow.build/Debug-iphonesimulator/Flow.build/Objects-normal/arm64/Flow.SwiftFileList --source-file-list /Users/aadityasingh/Library/Developer/Xcode/DerivedData/Chatlio-erkyzdeecsohoaggpwbjdvavzqfv/Build/Intermediates.noindex/Flow.build/Debug-iphonesimulator/Flow.build/Objects-normal/x86_64/Flow.SwiftFileList --metadata-file-list /Users/aadityasingh/Library/Developer/Xcode/DerivedData/Chatlio-erkyzdeecsohoaggpwbjdvavzqfv/Build/Intermediates.noindex/Flow.build/Debug-iphonesimulator/Flow.build/Flow.DependencyMetadataFileList --static-metadata-file-list /Users/aadityasingh/Library/Developer/Xcode/DerivedData/Chatlio-erkyzdeecsohoaggpwbjdvavzqfv/Build/Intermediates.noindex/Flow.build/Debug-iphonesimulator/Flow.build/Flow.DependencyStaticMetadataFileList --swift-const-vals-list /Users/aadityasingh/Library/Developer/Xcode/DerivedData/Chatlio-erkyzdeecsohoaggpwbjdvavzqfv/Build/Intermediates.noindex/Flow.build/Debug-iphonesimulator/Flow.build/Objects-normal/arm64/Flow.SwiftConstValuesFileList --swift-const-vals-list /Users/aadityasingh/Library/Developer/Xcode/DerivedData/Chatlio-erkyzdeecsohoaggpwbjdvavzqfv/Build/Intermediates.noindex/Flow.build/Debug-iphonesimulator/Flow.build/Objects-normal/x86_64/Flow.SwiftConstValuesFileList --force --compile-time-extraction --deployment-aware-processing --validate-assistant-intents --no-app-shortcuts-localization
2026-05-11 23:03:46.291 appintentsmetadataprocessor[20258:2637938] Starting appintentsmetadataprocessor export
2026-05-11 23:03:46.310 appintentsmetadataprocessor[20258:2637938] Extracted no relevant App Intents symbols, skipping writing output

SwiftDriverJobDiscovery normal x86_64 Compiling JoinedRoom.swift, MobileScreen.swift (in target 'AnalyticsEvents' from project 'AnalyticsEvents')

RegisterExecutionPolicyException /Users/aadityasingh/Library/Developer/Xcode/DerivedData/Chatlio-erkyzdeecsohoaggpwbjdvavzqfv/Build/Products/Debug-iphonesimulator/Version.o (in target 'Version' from project 'Version')
    cd /Users/aadityasingh/Library/Developer/Xcode/DerivedData/Chatlio-erkyzdeecsohoaggpwbjdvavzqfv/SourcePackages/checkouts/Version
    builtin-RegisterExecutionPolicyException /Users/aadityasingh/Library/Developer/Xcode/DerivedData/Chatlio-erkyzdeecsohoaggpwbjdvavzqfv/Build/Products/Debug-iphonesimulator/Version.o

RegisterExecutionPolicyException /Users/aadityasingh/Library/Developer/Xcode/DerivedData/Chatlio-erkyzdeecsohoaggpwbjdvavzqfv/Build/Products/Debug-iphonesimulator/SwiftUIIntrospect.o (in target 'SwiftUIIntrospect' from project 'swiftui-introspect')
    cd /Users/aadityasingh/Library/Developer/Xcode/DerivedData/Chatlio-erkyzdeecsohoaggpwbjdvavzqfv/SourcePackages/checkouts/SwiftUI-Introspect
    builtin-RegisterExecutionPolicyException /Users/aadityasingh/Library/Developer/Xcode/DerivedData/Chatlio-erkyzdeecsohoaggpwbjdvavzqfv/Build/Products/Debug-iphonesimulator/SwiftUIIntrospect.o

SwiftDriverJobDiscovery normal x86_64 Compiling CallStarted.swift, Composer.swift (in target 'AnalyticsEvents' from project 'AnalyticsEvents')

Ld /Users/aadityasingh/Library/Developer/Xcode/DerivedData/Chatlio-erkyzdeecsohoaggpwbjdvavzqfv/Build/Intermediates.noindex/DSWaveformImage.build/Debug-iphonesimulator/DSWaveformImage.build/Objects-normal/x86_64/Binary/DSWaveformImage.o normal x86_64 (in target 'DSWaveformImage' from project 'DSWaveformImage')
    cd /Users/aadityasingh/Library/Developer/Xcode/DerivedData/Chatlio-erkyzdeecsohoaggpwbjdvavzqfv/SourcePackages/checkouts/DSWaveformImage
    /Applications/Xcode.app/Contents/Developer/Toolchains/XcodeDefault.xctoolchain/usr/bin/clang -Xlinker -reproducible -target x86_64-apple-ios15.0-simulator -r -isysroot /Applications/Xcode.app/Contents/Developer/Platforms/iPhoneSimulator.platform/Developer/SDKs/iPhoneSimulator26.4.sdk -O0 -w -F/Users/aadityasingh/Library/Developer/Xcode/DerivedData/Chatlio-erkyzdeecsohoaggpwbjdvavzqfv/Build/Intermediates.noindex/EagerLinkingTBDs/Debug-iphonesimulator -F/Users/aadityasingh/Library/Developer/Xcode/DerivedData/Chatlio-erkyzdeecsohoaggpwbjdvavzqfv/Build/Products/Debug-iphonesimulator -iframework /Applications/Xcode.app/Contents/Developer/Platforms/iPhoneSimulator.platform/Developer/Library/Frameworks -iframework /Applications/Xcode.app/Contents/Developer/Platforms/iPhoneSimulator.platform/Developer/SDKs/iPhoneSimulator26.4.sdk/Developer/Library/Frameworks -filelist /Users/aadityasingh/Library/Developer/Xcode/DerivedData/Chatlio-erkyzdeecsohoaggpwbjdvavzqfv/Build/Intermediates.noindex/DSWaveformImage.build/Debug-iphonesimulator/DSWaveformImage.build/Objects-normal/x86_64/DSWaveformImage.LinkFileList -nostdlib -Xlinker -object_path_lto -Xlinker /Users/aadityasingh/Library/Developer/Xcode/DerivedData/Chatlio-erkyzdeecsohoaggpwbjdvavzqfv/Build/Intermediates.noindex/DSWaveformImage.build/Debug-iphonesimulator/DSWaveformImage.build/Objects-normal/x86_64/DSWaveformImage_lto.o -Xlinker -no_deduplicate -Xlinker -objc_abi_version -Xlinker 2 -Xlinker -debug_variant -Xlinker -dependency_info -Xlinker /Users/aadityasingh/Library/Developer/Xcode/DerivedData/Chatlio-erkyzdeecsohoaggpwbjdvavzqfv/Build/Intermediates.noindex/DSWaveformImage.build/Debug-iphonesimulator/DSWaveformImage.build/Objects-normal/x86_64/DSWaveformImage_dependency_info.dat -fobjc-link-runtime -L/Applications/Xcode.app/Contents/Developer/Toolchains/XcodeDefault.xctoolchain/usr/lib/swift/iphonesimulator -L/usr/lib/swift -Xlinker -add_ast_path -Xlinker /Users/aadityasingh/Library/Developer/Xcode/DerivedData/Chatlio-erkyzdeecsohoaggpwbjdvavzqfv/Build/Intermediates.noindex/DSWaveformImage.build/Debug-iphonesimulator/DSWaveformImage.build/Objects-normal/x86_64/DSWaveformImage.swiftmodule @/Users/aadityasingh/Library/Developer/Xcode/DerivedData/Chatlio-erkyzdeecsohoaggpwbjdvavzqfv/Build/Intermediates.noindex/DSWaveformImage.build/Debug-iphonesimulator/DSWaveformImage.build/Objects-normal/x86_64/DSWaveformImage-linker-args.resp -o /Users/aadityasingh/Library/Developer/Xcode/DerivedData/Chatlio-erkyzdeecsohoaggpwbjdvavzqfv/Build/Intermediates.noindex/DSWaveformImage.build/Debug-iphonesimulator/DSWaveformImage.build/Objects-normal/x86_64/Binary/DSWaveformImage.o

Ld /Users/aadityasingh/Library/Developer/Xcode/DerivedData/Chatlio-erkyzdeecsohoaggpwbjdvavzqfv/Build/Intermediates.noindex/DSWaveformImage.build/Debug-iphonesimulator/DSWaveformImage.build/Objects-normal/arm64/Binary/DSWaveformImage.o normal arm64 (in target 'DSWaveformImage' from project 'DSWaveformImage')
    cd /Users/aadityasingh/Library/Developer/Xcode/DerivedData/Chatlio-erkyzdeecsohoaggpwbjdvavzqfv/SourcePackages/checkouts/DSWaveformImage
    /Applications/Xcode.app/Contents/Developer/Toolchains/XcodeDefault.xctoolchain/usr/bin/clang -Xlinker -reproducible -target arm64-apple-ios15.0-simulator -r -isysroot /Applications/Xcode.app/Contents/Developer/Platforms/iPhoneSimulator.platform/Developer/SDKs/iPhoneSimulator26.4.sdk -O0 -w -F/Users/aadityasingh/Library/Developer/Xcode/DerivedData/Chatlio-erkyzdeecsohoaggpwbjdvavzqfv/Build/Intermediates.noindex/EagerLinkingTBDs/Debug-iphonesimulator -F/Users/aadityasingh/Library/Developer/Xcode/DerivedData/Chatlio-erkyzdeecsohoaggpwbjdvavzqfv/Build/Products/Debug-iphonesimulator -iframework /Applications/Xcode.app/Contents/Developer/Platforms/iPhoneSimulator.platform/Developer/Library/Frameworks -iframework /Applications/Xcode.app/Contents/Developer/Platforms/iPhoneSimulator.platform/Developer/SDKs/iPhoneSimulator26.4.sdk/Developer/Library/Frameworks -filelist /Users/aadityasingh/Library/Developer/Xcode/DerivedData/Chatlio-erkyzdeecsohoaggpwbjdvavzqfv/Build/Intermediates.noindex/DSWaveformImage.build/Debug-iphonesimulator/DSWaveformImage.build/Objects-normal/arm64/DSWaveformImage.LinkFileList -nostdlib -Xlinker -object_path_lto -Xlinker /Users/aadityasingh/Library/Developer/Xcode/DerivedData/Chatlio-erkyzdeecsohoaggpwbjdvavzqfv/Build/Intermediates.noindex/DSWaveformImage.build/Debug-iphonesimulator/DSWaveformImage.build/Objects-normal/arm64/DSWaveformImage_lto.o -Xlinker -no_deduplicate -Xlinker -objc_abi_version -Xlinker 2 -Xlinker -debug_variant -Xlinker -dependency_info -Xlinker /Users/aadityasingh/Library/Developer/Xcode/DerivedData/Chatlio-erkyzdeecsohoaggpwbjdvavzqfv/Build/Intermediates.noindex/DSWaveformImage.build/Debug-iphonesimulator/DSWaveformImage.build/Objects-normal/arm64/DSWaveformImage_dependency_info.dat -fobjc-link-runtime -L/Applications/Xcode.app/Contents/Developer/Toolchains/XcodeDefault.xctoolchain/usr/lib/swift/iphonesimulator -L/usr/lib/swift -Xlinker -add_ast_path -Xlinker /Users/aadityasingh/Library/Developer/Xcode/DerivedData/Chatlio-erkyzdeecsohoaggpwbjdvavzqfv/Build/Intermediates.noindex/DSWaveformImage.build/Debug-iphonesimulator/DSWaveformImage.build/Objects-normal/arm64/DSWaveformImage.swiftmodule @/Users/aadityasingh/Library/Developer/Xcode/DerivedData/Chatlio-erkyzdeecsohoaggpwbjdvavzqfv/Build/Intermediates.noindex/DSWaveformImage.build/Debug-iphonesimulator/DSWaveformImage.build/Objects-normal/arm64/DSWaveformImage-linker-args.resp -o /Users/aadityasingh/Library/Developer/Xcode/DerivedData/Chatlio-erkyzdeecsohoaggpwbjdvavzqfv/Build/Intermediates.noindex/DSWaveformImage.build/Debug-iphonesimulator/DSWaveformImage.build/Objects-normal/arm64/Binary/DSWaveformImage.o

SwiftDriver CompoundDesignTokens normal arm64 com.apple.xcode.tools.swift.compiler (in target 'CompoundDesignTokens' from project 'CompoundDesignTokens')
    cd /Users/aadityasingh/Documents/Development/element-x-ios/Chatlio.xcodeproj
    builtin-SwiftDriver -- /Applications/Xcode.app/Contents/Developer/Toolchains/XcodeDefault.xctoolchain/usr/bin/swiftc -module-name CompoundDesignTokens -Onone @/Users/aadityasingh/Library/Developer/Xcode/DerivedData/Chatlio-erkyzdeecsohoaggpwbjdvavzqfv/Build/Intermediates.noindex/CompoundDesignTokens.build/Debug-iphonesimulator/CompoundDesignTokens.build/Objects-normal/arm64/CompoundDesignTokens.SwiftFileList -DSWIFT_PACKAGE -DDEBUG -DSWIFT_MODULE_RESOURCE_BUNDLE_AVAILABLE -DXcode -plugin-path /Applications/Xcode.app/Contents/Developer/Toolchains/XcodeDefault.xctoolchain/usr/lib/swift/host/plugins/testing -enable-experimental-feature DebugDescriptionMacro -sdk /Applications/Xcode.app/Contents/Developer/Platforms/iPhoneSimulator.platform/Developer/SDKs/iPhoneSimulator26.4.sdk -target arm64-apple-ios14.0-simulator -g -module-cache-path /Users/aadityasingh/Library/Developer/Xcode/DerivedData/ModuleCache.noindex -Xfrontend -serialize-debugging-options -profile-coverage-mapping -profile-generate -enable-testing -suppress-warnings -index-store-path /Users/aadityasingh/Library/Developer/Xcode/DerivedData/Chatlio-erkyzdeecsohoaggpwbjdvavzqfv/Index.noindex/DataStore -Xcc -D_LIBCPP_HARDENING_MODE\=_LIBCPP_HARDENING_MODE_DEBUG -swift-version 5 -I /Users/aadityasingh/Library/Developer/Xcode/DerivedData/Chatlio-erkyzdeecsohoaggpwbjdvavzqfv/Build/Products/Debug-iphonesimulator -Isystem /Applications/Xcode.app/Contents/Developer/Platforms/iPhoneSimulator.platform/Developer/usr/lib -F /Users/aadityasingh/Library/Developer/Xcode/DerivedData/Chatlio-erkyzdeecsohoaggpwbjdvavzqfv/Build/Products/Debug-iphonesimulator -F /Applications/Xcode.app/Contents/Developer/Platforms/iPhoneSimulator.platform/Developer/Library/Frameworks -F /Applications/Xcode.app/Contents/Developer/Platforms/iPhoneSimulator.platform/Developer/SDKs/iPhoneSimulator26.4.sdk/Developer/Library/Frameworks -c -j12 -enable-batch-mode -incremental -Xcc -ivfsstatcache -Xcc /Users/aadityasingh/Library/Developer/Xcode/DerivedData/SDKStatCaches.noindex/iphonesimulator26.4-23E252-686eebb5dc1d8ecb277353a59184f4aa.sdkstatcache -output-file-map /Users/aadityasingh/Library/Developer/Xcode/DerivedData/Chatlio-erkyzdeecsohoaggpwbjdvavzqfv/Build/Intermediates.noindex/CompoundDesignTokens.build/Debug-iphonesimulator/CompoundDesignTokens.build/Objects-normal/arm64/CompoundDesignTokens-OutputFileMap.json -use-frontend-parseable-output -save-temps -no-color-diagnostics -explicit-module-build -module-cache-path /Users/aadityasingh/Library/Developer/Xcode/DerivedData/Chatlio-erkyzdeecsohoaggpwbjdvavzqfv/Build/Intermediates.noindex/SwiftExplicitPrecompiledModules -clang-scanner-module-cache-path /Users/aadityasingh/Library/Developer/Xcode/DerivedData/ModuleCache.noindex -sdk-module-cache-path /Users/aadityasingh/Library/Developer/Xcode/DerivedData/ModuleCache.noindex -serialize-diagnostics -emit-dependencies -emit-module -emit-module-path /Users/aadityasingh/Library/Developer/Xcode/DerivedData/Chatlio-erkyzdeecsohoaggpwbjdvavzqfv/Build/Intermediates.noindex/CompoundDesignTokens.build/Debug-iphonesimulator/CompoundDesignTokens.build/Objects-normal/arm64/CompoundDesignTokens.swiftmodule -validate-clang-modules-once -clang-build-session-file /Users/aadityasingh/Library/Developer/Xcode/DerivedData/ModuleCache.noindex/Session.modulevalidation -Xcc -I/Users/aadityasingh/Library/Developer/Xcode/DerivedData/Chatlio-erkyzdeecsohoaggpwbjdvavzqfv/Build/Intermediates.noindex/CompoundDesignTokens.build/Debug-iphonesimulator/CompoundDesignTokens.build/swift-overrides.hmap -emit-const-values -Xfrontend -const-gather-protocols-file -Xfrontend /Users/aadityasingh/Library/Developer/Xcode/DerivedData/Chatlio-erkyzdeecsohoaggpwbjdvavzqfv/Build/Intermediates.noindex/CompoundDesignTokens.build/Debug-iphonesimulator/CompoundDesignTokens.build/Objects-normal/arm64/CompoundDesignTokens_const_extract_protocols.json -Xcc -I/Users/aadityasingh/Library/Developer/Xcode/DerivedData/Chatlio-erkyzdeecsohoaggpwbjdvavzqfv/Build/Products/Debug-iphonesimulator/include -Xcc -I/Users/aadityasingh/Library/Developer/Xcode/DerivedData/Chatlio-erkyzdeecsohoaggpwbjdvavzqfv/Build/Intermediates.noindex/CompoundDesignTokens.build/Debug-iphonesimulator/CompoundDesignTokens.build/DerivedSources-normal/arm64 -Xcc -I/Users/aadityasingh/Library/Developer/Xcode/DerivedData/Chatlio-erkyzdeecsohoaggpwbjdvavzqfv/Build/Intermediates.noindex/CompoundDesignTokens.build/Debug-iphonesimulator/CompoundDesignTokens.build/DerivedSources/arm64 -Xcc -I/Users/aadityasingh/Library/Developer/Xcode/DerivedData/Chatlio-erkyzdeecsohoaggpwbjdvavzqfv/Build/Intermediates.noindex/CompoundDesignTokens.build/Debug-iphonesimulator/CompoundDesignTokens.build/DerivedSources -Xcc -DSWIFT_PACKAGE -Xcc -DDEBUG\=1 -emit-objc-header -emit-objc-header-path /Users/aadityasingh/Library/Developer/Xcode/DerivedData/Chatlio-erkyzdeecsohoaggpwbjdvavzqfv/Build/Intermediates.noindex/CompoundDesignTokens.build/Debug-iphonesimulator/CompoundDesignTokens.build/Objects-normal/arm64/CompoundDesignTokens-Swift.h -working-directory /Users/aadityasingh/Documents/Development/element-x-ios/Chatlio.xcodeproj -experimental-emit-module-separately -disable-cmo

SwiftDriver CompoundDesignTokens normal x86_64 com.apple.xcode.tools.swift.compiler (in target 'CompoundDesignTokens' from project 'CompoundDesignTokens')
    cd /Users/aadityasingh/Documents/Development/element-x-ios/Chatlio.xcodeproj
    builtin-SwiftDriver -- /Applications/Xcode.app/Contents/Developer/Toolchains/XcodeDefault.xctoolchain/usr/bin/swiftc -module-name CompoundDesignTokens -Onone @/Users/aadityasingh/Library/Developer/Xcode/DerivedData/Chatlio-erkyzdeecsohoaggpwbjdvavzqfv/Build/Intermediates.noindex/CompoundDesignTokens.build/Debug-iphonesimulator/CompoundDesignTokens.build/Objects-normal/x86_64/CompoundDesignTokens.SwiftFileList -DSWIFT_PACKAGE -DDEBUG -DSWIFT_MODULE_RESOURCE_BUNDLE_AVAILABLE -DXcode -plugin-path /Applications/Xcode.app/Contents/Developer/Toolchains/XcodeDefault.xctoolchain/usr/lib/swift/host/plugins/testing -enable-experimental-feature DebugDescriptionMacro -sdk /Applications/Xcode.app/Contents/Developer/Platforms/iPhoneSimulator.platform/Developer/SDKs/iPhoneSimulator26.4.sdk -target x86_64-apple-ios14.0-simulator -g -module-cache-path /Users/aadityasingh/Library/Developer/Xcode/DerivedData/ModuleCache.noindex -Xfrontend -serialize-debugging-options -profile-coverage-mapping -profile-generate -enable-testing -suppress-warnings -index-store-path /Users/aadityasingh/Library/Developer/Xcode/DerivedData/Chatlio-erkyzdeecsohoaggpwbjdvavzqfv/Index.noindex/DataStore -Xcc -D_LIBCPP_HARDENING_MODE\=_LIBCPP_HARDENING_MODE_DEBUG -swift-version 5 -I /Users/aadityasingh/Library/Developer/Xcode/DerivedData/Chatlio-erkyzdeecsohoaggpwbjdvavzqfv/Build/Products/Debug-iphonesimulator -Isystem /Applications/Xcode.app/Contents/Developer/Platforms/iPhoneSimulator.platform/Developer/usr/lib -F /Users/aadityasingh/Library/Developer/Xcode/DerivedData/Chatlio-erkyzdeecsohoaggpwbjdvavzqfv/Build/Products/Debug-iphonesimulator -F /Applications/Xcode.app/Contents/Developer/Platforms/iPhoneSimulator.platform/Developer/Library/Frameworks -F /Applications/Xcode.app/Contents/Developer/Platforms/iPhoneSimulator.platform/Developer/SDKs/iPhoneSimulator26.4.sdk/Developer/Library/Frameworks -c -j12 -enable-batch-mode -incremental -Xcc -ivfsstatcache -Xcc /Users/aadityasingh/Library/Developer/Xcode/DerivedData/SDKStatCaches.noindex/iphonesimulator26.4-23E252-686eebb5dc1d8ecb277353a59184f4aa.sdkstatcache -output-file-map /Users/aadityasingh/Library/Developer/Xcode/DerivedData/Chatlio-erkyzdeecsohoaggpwbjdvavzqfv/Build/Intermediates.noindex/CompoundDesignTokens.build/Debug-iphonesimulator/CompoundDesignTokens.build/Objects-normal/x86_64/CompoundDesignTokens-OutputFileMap.json -use-frontend-parseable-output -save-temps -no-color-diagnostics -explicit-module-build -module-cache-path /Users/aadityasingh/Library/Developer/Xcode/DerivedData/Chatlio-erkyzdeecsohoaggpwbjdvavzqfv/Build/Intermediates.noindex/SwiftExplicitPrecompiledModules -clang-scanner-module-cache-path /Users/aadityasingh/Library/Developer/Xcode/DerivedData/ModuleCache.noindex -sdk-module-cache-path /Users/aadityasingh/Library/Developer/Xcode/DerivedData/ModuleCache.noindex -serialize-diagnostics -emit-dependencies -emit-module -emit-module-path /Users/aadityasingh/Library/Developer/Xcode/DerivedData/Chatlio-erkyzdeecsohoaggpwbjdvavzqfv/Build/Intermediates.noindex/CompoundDesignTokens.build/Debug-iphonesimulator/CompoundDesignTokens.build/Objects-normal/x86_64/CompoundDesignTokens.swiftmodule -validate-clang-modules-once -clang-build-session-file /Users/aadityasingh/Library/Developer/Xcode/DerivedData/ModuleCache.noindex/Session.modulevalidation -Xcc -I/Users/aadityasingh/Library/Developer/Xcode/DerivedData/Chatlio-erkyzdeecsohoaggpwbjdvavzqfv/Build/Intermediates.noindex/CompoundDesignTokens.build/Debug-iphonesimulator/CompoundDesignTokens.build/swift-overrides.hmap -emit-const-values -Xfrontend -const-gather-protocols-file -Xfrontend /Users/aadityasingh/Library/Developer/Xcode/DerivedData/Chatlio-erkyzdeecsohoaggpwbjdvavzqfv/Build/Intermediates.noindex/CompoundDesignTokens.build/Debug-iphonesimulator/CompoundDesignTokens.build/Objects-normal/x86_64/CompoundDesignTokens_const_extract_protocols.json -Xcc -I/Users/aadityasingh/Library/Developer/Xcode/DerivedData/Chatlio-erkyzdeecsohoaggpwbjdvavzqfv/Build/Products/Debug-iphonesimulator/include -Xcc -I/Users/aadityasingh/Library/Developer/Xcode/DerivedData/Chatlio-erkyzdeecsohoaggpwbjdvavzqfv/Build/Intermediates.noindex/CompoundDesignTokens.build/Debug-iphonesimulator/CompoundDesignTokens.build/DerivedSources-normal/x86_64 -Xcc -I/Users/aadityasingh/Library/Developer/Xcode/DerivedData/Chatlio-erkyzdeecsohoaggpwbjdvavzqfv/Build/Intermediates.noindex/CompoundDesignTokens.build/Debug-iphonesimulator/CompoundDesignTokens.build/DerivedSources/x86_64 -Xcc -I/Users/aadityasingh/Library/Developer/Xcode/DerivedData/Chatlio-erkyzdeecsohoaggpwbjdvavzqfv/Build/Intermediates.noindex/CompoundDesignTokens.build/Debug-iphonesimulator/CompoundDesignTokens.build/DerivedSources -Xcc -DSWIFT_PACKAGE -Xcc -DDEBUG\=1 -emit-objc-header -emit-objc-header-path /Users/aadityasingh/Library/Developer/Xcode/DerivedData/Chatlio-erkyzdeecsohoaggpwbjdvavzqfv/Build/Intermediates.noindex/CompoundDesignTokens.build/Debug-iphonesimulator/CompoundDesignTokens.build/Objects-normal/x86_64/CompoundDesignTokens-Swift.h -working-directory /Users/aadityasingh/Documents/Development/element-x-ios/Chatlio.xcodeproj -experimental-emit-module-separately -disable-cmo

CreateUniversalBinary /Users/aadityasingh/Library/Developer/Xcode/DerivedData/Chatlio-erkyzdeecsohoaggpwbjdvavzqfv/Build/Products/Debug-iphonesimulator/DSWaveformImage.o normal arm64\ x86_64 (in target 'DSWaveformImage' from project 'DSWaveformImage')
    cd /Users/aadityasingh/Library/Developer/Xcode/DerivedData/Chatlio-erkyzdeecsohoaggpwbjdvavzqfv/SourcePackages/checkouts/DSWaveformImage
    /Applications/Xcode.app/Contents/Developer/Toolchains/XcodeDefault.xctoolchain/usr/bin/lipo -create /Users/aadityasingh/Library/Developer/Xcode/DerivedData/Chatlio-erkyzdeecsohoaggpwbjdvavzqfv/Build/Intermediates.noindex/DSWaveformImage.build/Debug-iphonesimulator/DSWaveformImage.build/Objects-normal/arm64/Binary/DSWaveformImage.o /Users/aadityasingh/Library/Developer/Xcode/DerivedData/Chatlio-erkyzdeecsohoaggpwbjdvavzqfv/Build/Intermediates.noindex/DSWaveformImage.build/Debug-iphonesimulator/DSWaveformImage.build/Objects-normal/x86_64/Binary/DSWaveformImage.o -output /Users/aadityasingh/Library/Developer/Xcode/DerivedData/Chatlio-erkyzdeecsohoaggpwbjdvavzqfv/Build/Products/Debug-iphonesimulator/DSWaveformImage.o

RegisterExecutionPolicyException /Users/aadityasingh/Library/Developer/Xcode/DerivedData/Chatlio-erkyzdeecsohoaggpwbjdvavzqfv/Build/Products/Debug-iphonesimulator/SwiftState.o (in target 'SwiftState' from project 'SwiftState')
    cd /Users/aadityasingh/Library/Developer/Xcode/DerivedData/Chatlio-erkyzdeecsohoaggpwbjdvavzqfv/SourcePackages/checkouts/SwiftState
    builtin-RegisterExecutionPolicyException /Users/aadityasingh/Library/Developer/Xcode/DerivedData/Chatlio-erkyzdeecsohoaggpwbjdvavzqfv/Build/Products/Debug-iphonesimulator/SwiftState.o

CodeSign /Users/aadityasingh/Library/Developer/Xcode/DerivedData/Chatlio-erkyzdeecsohoaggpwbjdvavzqfv/Build/Products/Debug-iphonesimulator/PostHog_PostHog.bundle (in target 'PostHog_PostHog' from project 'PostHog')
    cd /Users/aadityasingh/Library/Developer/Xcode/DerivedData/Chatlio-erkyzdeecsohoaggpwbjdvavzqfv/SourcePackages/checkouts/posthog-ios
    
    Signing Identity:     "Sign to Run Locally"
    
    /usr/bin/codesign --force --sign - --timestamp\=none --generate-entitlement-der /Users/aadityasingh/Library/Developer/Xcode/DerivedData/Chatlio-erkyzdeecsohoaggpwbjdvavzqfv/Build/Products/Debug-iphonesimulator/PostHog_PostHog.bundle

SwiftDriverJobDiscovery normal arm64 Compiling PollCreation.swift, PollEnd.swift (in target 'AnalyticsEvents' from project 'AnalyticsEvents')

SwiftDriverJobDiscovery normal arm64 Compiling AnalyticsEvent.swift, CallEnded.swift, CallError.swift (in target 'AnalyticsEvents' from project 'AnalyticsEvents')

SwiftDriver\ Compilation AnalyticsEvents normal arm64 com.apple.xcode.tools.swift.compiler (in target 'AnalyticsEvents' from project 'AnalyticsEvents')
    cd /Users/aadityasingh/Documents/Development/element-x-ios/Chatlio.xcodeproj
    builtin-Swift-Compilation -- /Applications/Xcode.app/Contents/Developer/Toolchains/XcodeDefault.xctoolchain/usr/bin/swiftc -module-name AnalyticsEvents -Onone @/Users/aadityasingh/Library/Developer/Xcode/DerivedData/Chatlio-erkyzdeecsohoaggpwbjdvavzqfv/Build/Intermediates.noindex/AnalyticsEvents.build/Debug-iphonesimulator/AnalyticsEvents.build/Objects-normal/arm64/AnalyticsEvents.SwiftFileList -DSWIFT_PACKAGE -DDEBUG -DSWIFT_MODULE_RESOURCE_BUNDLE_UNAVAILABLE -DXcode -plugin-path /Applications/Xcode.app/Contents/Developer/Toolchains/XcodeDefault.xctoolchain/usr/lib/swift/host/plugins/testing -enable-experimental-feature DebugDescriptionMacro -sdk /Applications/Xcode.app/Contents/Developer/Platforms/iPhoneSimulator.platform/Developer/SDKs/iPhoneSimulator26.4.sdk -target arm64-apple-ios12.0-simulator -g -module-cache-path /Users/aadityasingh/Library/Developer/Xcode/DerivedData/ModuleCache.noindex -Xfrontend -serialize-debugging-options -profile-coverage-mapping -profile-generate -enable-testing -suppress-warnings -index-store-path /Users/aadityasingh/Library/Developer/Xcode/DerivedData/Chatlio-erkyzdeecsohoaggpwbjdvavzqfv/Index.noindex/DataStore -Xcc -D_LIBCPP_HARDENING_MODE\=_LIBCPP_HARDENING_MODE_DEBUG -swift-version 6 -I /Users/aadityasingh/Library/Developer/Xcode/DerivedData/Chatlio-erkyzdeecsohoaggpwbjdvavzqfv/Build/Products/Debug-iphonesimulator -Isystem /Applications/Xcode.app/Contents/Developer/Platforms/iPhoneSimulator.platform/Developer/usr/lib -F /Users/aadityasingh/Library/Developer/Xcode/DerivedData/Chatlio-erkyzdeecsohoaggpwbjdvavzqfv/Build/Products/Debug-iphonesimulator -F /Applications/Xcode.app/Contents/Developer/Platforms/iPhoneSimulator.platform/Developer/Library/Frameworks -F /Applications/Xcode.app/Contents/Developer/Platforms/iPhoneSimulator.platform/Developer/SDKs/iPhoneSimulator26.4.sdk/Developer/Library/Frameworks -c -j12 -enable-batch-mode -incremental -Xcc -ivfsstatcache -Xcc /Users/aadityasingh/Library/Developer/Xcode/DerivedData/SDKStatCaches.noindex/iphonesimulator26.4-23E252-686eebb5dc1d8ecb277353a59184f4aa.sdkstatcache -output-file-map /Users/aadityasingh/Library/Developer/Xcode/DerivedData/Chatlio-erkyzdeecsohoaggpwbjdvavzqfv/Build/Intermediates.noindex/AnalyticsEvents.build/Debug-iphonesimulator/AnalyticsEvents.build/Objects-normal/arm64/AnalyticsEvents-OutputFileMap.json -use-frontend-parseable-output -save-temps -no-color-diagnostics -explicit-module-build -module-cache-path /Users/aadityasingh/Library/Developer/Xcode/DerivedData/Chatlio-erkyzdeecsohoaggpwbjdvavzqfv/Build/Intermediates.noindex/SwiftExplicitPrecompiledModules -clang-scanner-module-cache-path /Users/aadityasingh/Library/Developer/Xcode/DerivedData/ModuleCache.noindex -sdk-module-cache-path /Users/aadityasingh/Library/Developer/Xcode/DerivedData/ModuleCache.noindex -serialize-diagnostics -emit-dependencies -emit-module -emit-module-path /Users/aadityasingh/Library/Developer/Xcode/DerivedData/Chatlio-erkyzdeecsohoaggpwbjdvavzqfv/Build/Intermediates.noindex/AnalyticsEvents.build/Debug-iphonesimulator/AnalyticsEvents.build/Objects-normal/arm64/AnalyticsEvents.swiftmodule -user-module-version 0.30.0 -validate-clang-modules-once -clang-build-session-file /Users/aadityasingh/Library/Developer/Xcode/DerivedData/ModuleCache.noindex/Session.modulevalidation -package-name matrix_analytics_events -Xcc -I/Users/aadityasingh/Library/Developer/Xcode/DerivedData/Chatlio-erkyzdeecsohoaggpwbjdvavzqfv/Build/Intermediates.noindex/AnalyticsEvents.build/Debug-iphonesimulator/AnalyticsEvents.build/swift-overrides.hmap -emit-const-values -Xfrontend -const-gather-protocols-file -Xfrontend /Users/aadityasingh/Library/Developer/Xcode/DerivedData/Chatlio-erkyzdeecsohoaggpwbjdvavzqfv/Build/Intermediates.noindex/AnalyticsEvents.build/Debug-iphonesimulator/AnalyticsEvents.build/Objects-normal/arm64/AnalyticsEvents_const_extract_protocols.json -Xcc -I/Users/aadityasingh/Library/Developer/Xcode/DerivedData/Chatlio-erkyzdeecsohoaggpwbjdvavzqfv/Build/Products/Debug-iphonesimulator/include -Xcc -I/Users/aadityasingh/Library/Developer/Xcode/DerivedData/Chatlio-erkyzdeecsohoaggpwbjdvavzqfv/Build/Intermediates.noindex/AnalyticsEvents.build/Debug-iphonesimulator/AnalyticsEvents.build/DerivedSources-normal/arm64 -Xcc -I/Users/aadityasingh/Library/Developer/Xcode/DerivedData/Chatlio-erkyzdeecsohoaggpwbjdvavzqfv/Build/Intermediates.noindex/AnalyticsEvents.build/Debug-iphonesimulator/AnalyticsEvents.build/DerivedSources/arm64 -Xcc -I/Users/aadityasingh/Library/Developer/Xcode/DerivedData/Chatlio-erkyzdeecsohoaggpwbjdvavzqfv/Build/Intermediates.noindex/AnalyticsEvents.build/Debug-iphonesimulator/AnalyticsEvents.build/DerivedSources -Xcc -DSWIFT_PACKAGE -Xcc -DDEBUG\=1 -emit-objc-header -emit-objc-header-path /Users/aadityasingh/Library/Developer/Xcode/DerivedData/Chatlio-erkyzdeecsohoaggpwbjdvavzqfv/Build/Intermediates.noindex/AnalyticsEvents.build/Debug-iphonesimulator/AnalyticsEvents.build/Objects-normal/arm64/AnalyticsEvents-Swift.h -working-directory /Users/aadityasingh/Documents/Development/element-x-ios/Chatlio.xcodeproj -experimental-emit-module-separately -disable-cmo

RegisterExecutionPolicyException /Users/aadityasingh/Library/Developer/Xcode/DerivedData/Chatlio-erkyzdeecsohoaggpwbjdvavzqfv/Build/Products/Debug-iphonesimulator/SentryCppHelper.o (in target 'SentryCppHelper' from project 'Sentry')
    cd /Users/aadityasingh/Library/Developer/Xcode/DerivedData/Chatlio-erkyzdeecsohoaggpwbjdvavzqfv/SourcePackages/checkouts/sentry-cocoa
    builtin-RegisterExecutionPolicyException /Users/aadityasingh/Library/Developer/Xcode/DerivedData/Chatlio-erkyzdeecsohoaggpwbjdvavzqfv/Build/Products/Debug-iphonesimulator/SentryCppHelper.o

RegisterExecutionPolicyException /Users/aadityasingh/Library/Developer/Xcode/DerivedData/Chatlio-erkyzdeecsohoaggpwbjdvavzqfv/Build/Products/Debug-iphonesimulator/RealModule.o (in target 'RealModule' from project 'swift-numerics')
    cd /Users/aadityasingh/Library/Developer/Xcode/DerivedData/Chatlio-erkyzdeecsohoaggpwbjdvavzqfv/SourcePackages/checkouts/swift-numerics
    builtin-RegisterExecutionPolicyException /Users/aadityasingh/Library/Developer/Xcode/DerivedData/Chatlio-erkyzdeecsohoaggpwbjdvavzqfv/Build/Products/Debug-iphonesimulator/RealModule.o

SwiftDriver OrderedCollections normal arm64 com.apple.xcode.tools.swift.compiler (in target 'OrderedCollections' from project 'swift-collections')
    cd /Users/aadityasingh/Documents/Development/element-x-ios/Chatlio.xcodeproj
    builtin-SwiftDriver -- /Applications/Xcode.app/Contents/Developer/Toolchains/XcodeDefault.xctoolchain/usr/bin/swiftc -module-name OrderedCollections -Onone @/Users/aadityasingh/Library/Developer/Xcode/DerivedData/Chatlio-erkyzdeecsohoaggpwbjdvavzqfv/Build/Intermediates.noindex/swift-collections.build/Debug-iphonesimulator/OrderedCollections.build/Objects-normal/arm64/OrderedCollections.SwiftFileList -DSWIFT_PACKAGE -DDEBUG -DSWIFT_MODULE_RESOURCE_BUNDLE_UNAVAILABLE -DCOLLECTIONS_RANDOMIZED_TESTING -DXcode -enable-experimental-feature AvailabilityMacro\=SwiftStdlib\ 5.0:\ macOS\ 10.14.4,\ iOS\ 12.2,\ watchOS\ 5.2,\ tvOS\ 12.2 -enable-experimental-feature AvailabilityMacro\=SwiftStdlib\ 5.1:\ macOS\ 10.15,\ iOS\ 13.0,\ watchOS\ 6.0,\ tvOS\ 13.0 -enable-experimental-feature AvailabilityMacro\=SwiftStdlib\ 5.6:\ macOS\ 12.3,\ iOS\ 15.4,\ watchOS\ 8.5,\ tvOS\ 15.4 -enable-experimental-feature AvailabilityMacro\=SwiftStdlib\ 5.8:\ macOS\ 13.3,\ iOS\ 16.4,\ watchOS\ 9.4,\ tvOS\ 16.4 -enable-experimental-feature AvailabilityMacro\=SwiftStdlib\ 5.9:\ macOS\ 14.0,\ iOS\ 17.0,\ watchOS\ 10.0,\ tvOS\ 17.0 -enable-experimental-feature AvailabilityMacro\=SwiftStdlib\ 5.10:\ macOS\ 14.4,\ iOS\ 17.4,\ watchOS\ 10.4,\ tvOS\ 17.4,\ visionOS\ 1.1 -enable-experimental-feature AvailabilityMacro\=SwiftStdlib\ 6.0:\ macOS\ 15.0,\ iOS\ 18.0,\ watchOS\ 11.0,\ tvOS\ 18.0,\ visionOS\ 2.0 -enable-experimental-feature AvailabilityMacro\=SwiftStdlib\ 6.1:\ macOS\ 15.4,\ iOS\ 18.4,\ watchOS\ 11.4,\ tvOS\ 18.4,\ visionOS\ 2.4 -enable-experimental-feature AvailabilityMacro\=SwiftStdlib\ 6.2:\ macOS\ 26.0,\ iOS\ 26.0,\ watchOS\ 26.0,\ tvOS\ 26.0,\ visionOS\ 26.0 -enable-upcoming-feature MemberImportVisibility -enable-experimental-feature BuiltinModule -enable-experimental-feature Lifetimes -enable-experimental-feature InoutLifetimeDependence -enable-experimental-feature SuppressedAssociatedTypes -plugin-path /Applications/Xcode.app/Contents/Developer/Toolchains/XcodeDefault.xctoolchain/usr/lib/swift/host/plugins/testing -enable-experimental-feature DebugDescriptionMacro -sdk /Applications/Xcode.app/Contents/Developer/Platforms/iPhoneSimulator.platform/Developer/SDKs/iPhoneSimulator26.4.sdk -target arm64-apple-ios12.0-simulator -g -module-cache-path /Users/aadityasingh/Library/Developer/Xcode/DerivedData/ModuleCache.noindex -Xfrontend -serialize-debugging-options -profile-coverage-mapping -profile-generate -enable-testing -suppress-warnings -index-store-path /Users/aadityasingh/Library/Developer/Xcode/DerivedData/Chatlio-erkyzdeecsohoaggpwbjdvavzqfv/Index.noindex/DataStore -Xcc -D_LIBCPP_HARDENING_MODE\=_LIBCPP_HARDENING_MODE_DEBUG -swift-version 6 -I /Users/aadityasingh/Library/Developer/Xcode/DerivedData/Chatlio-erkyzdeecsohoaggpwbjdvavzqfv/Build/Products/Debug-iphonesimulator -Isystem /Applications/Xcode.app/Contents/Developer/Platforms/iPhoneSimulator.platform/Developer/usr/lib -F /Users/aadityasingh/Library/Developer/Xcode/DerivedData/Chatlio-erkyzdeecsohoaggpwbjdvavzqfv/Build/Products/Debug-iphonesimulator/PackageFrameworks -F /Users/aadityasingh/Library/Developer/Xcode/DerivedData/Chatlio-erkyzdeecsohoaggpwbjdvavzqfv/Build/Products/Debug-iphonesimulator -F /Applications/Xcode.app/Contents/Developer/Platforms/iPhoneSimulator.platform/Developer/Library/Frameworks -F /Applications/Xcode.app/Contents/Developer/Platforms/iPhoneSimulator.platform/Developer/SDKs/iPhoneSimulator26.4.sdk/Developer/Library/Frameworks -c -j12 -enable-batch-mode -incremental -Xcc -ivfsstatcache -Xcc /Users/aadityasingh/Library/Developer/Xcode/DerivedData/SDKStatCaches.noindex/iphonesimulator26.4-23E252-686eebb5dc1d8ecb277353a59184f4aa.sdkstatcache -output-file-map /Users/aadityasingh/Library/Developer/Xcode/DerivedData/Chatlio-erkyzdeecsohoaggpwbjdvavzqfv/Build/Intermediates.noindex/swift-collections.build/Debug-iphonesimulator/OrderedCollections.build/Objects-normal/arm64/OrderedCollections-OutputFileMap.json -use-frontend-parseable-output -save-temps -no-color-diagnostics -explicit-module-build -module-cache-path /Users/aadityasingh/Library/Developer/Xcode/DerivedData/Chatlio-erkyzdeecsohoaggpwbjdvavzqfv/Build/Intermediates.noindex/SwiftExplicitPrecompiledModules -clang-scanner-module-cache-path /Users/aadityasingh/Library/Developer/Xcode/DerivedData/ModuleCache.noindex -sdk-module-cache-path /Users/aadityasingh/Library/Developer/Xcode/DerivedData/ModuleCache.noindex -serialize-diagnostics -emit-dependencies -emit-module -emit-module-path /Users/aadityasingh/Library/Developer/Xcode/DerivedData/Chatlio-erkyzdeecsohoaggpwbjdvavzqfv/Build/Intermediates.noindex/swift-collections.build/Debug-iphonesimulator/OrderedCollections.build/Objects-normal/arm64/OrderedCollections.swiftmodule -user-module-version 1.3.0 -validate-clang-modules-once -clang-build-session-file /Users/aadityasingh/Library/Developer/Xcode/DerivedData/ModuleCache.noindex/Session.modulevalidation -package-name swift_collections -Xcc -I/Users/aadityasingh/Library/Developer/Xcode/DerivedData/Chatlio-erkyzdeecsohoaggpwbjdvavzqfv/Build/Intermediates.noindex/swift-collections.build/Debug-iphonesimulator/OrderedCollections.build/swift-overrides.hmap -emit-const-values -Xfrontend -const-gather-protocols-file -Xfrontend /Users/aadityasingh/Library/Developer/Xcode/DerivedData/Chatlio-erkyzdeecsohoaggpwbjdvavzqfv/Build/Intermediates.noindex/swift-collections.build/Debug-iphonesimulator/OrderedCollections.build/Objects-normal/arm64/OrderedCollections_const_extract_protocols.json -Xcc -I/Users/aadityasingh/Library/Developer/Xcode/DerivedData/Chatlio-erkyzdeecsohoaggpwbjdvavzqfv/Build/Products/Debug-iphonesimulator/include -Xcc -I/Users/aadityasingh/Library/Developer/Xcode/DerivedData/Chatlio-erkyzdeecsohoaggpwbjdvavzqfv/Build/Intermediates.noindex/swift-collections.build/Debug-iphonesimulator/OrderedCollections.build/DerivedSources-normal/arm64 -Xcc -I/Users/aadityasingh/Library/Developer/Xcode/DerivedData/Chatlio-erkyzdeecsohoaggpwbjdvavzqfv/Build/Intermediates.noindex/swift-collections.build/Debug-iphonesimulator/OrderedCollections.build/DerivedSources/arm64 -Xcc -I/Users/aadityasingh/Library/Developer/Xcode/DerivedData/Chatlio-erkyzdeecsohoaggpwbjdvavzqfv/Build/Intermediates.noindex/swift-collections.build/Debug-iphonesimulator/OrderedCollections.build/DerivedSources -Xcc -DSWIFT_PACKAGE -Xcc -DDEBUG\=1 -emit-objc-header -emit-objc-header-path /Users/aadityasingh/Library/Developer/Xcode/DerivedData/Chatlio-erkyzdeecsohoaggpwbjdvavzqfv/Build/Intermediates.noindex/swift-collections.build/Debug-iphonesimulator/OrderedCollections.build/Objects-normal/arm64/OrderedCollections-Swift.h -working-directory /Users/aadityasingh/Documents/Development/element-x-ios/Chatlio.xcodeproj -experimental-emit-module-separately -disable-cmo

SwiftDriver OrderedCollections normal x86_64 com.apple.xcode.tools.swift.compiler (in target 'OrderedCollections' from project 'swift-collections')
    cd /Users/aadityasingh/Documents/Development/element-x-ios/Chatlio.xcodeproj
    builtin-SwiftDriver -- /Applications/Xcode.app/Contents/Developer/Toolchains/XcodeDefault.xctoolchain/usr/bin/swiftc -module-name OrderedCollections -Onone @/Users/aadityasingh/Library/Developer/Xcode/DerivedData/Chatlio-erkyzdeecsohoaggpwbjdvavzqfv/Build/Intermediates.noindex/swift-collections.build/Debug-iphonesimulator/OrderedCollections.build/Objects-normal/x86_64/OrderedCollections.SwiftFileList -DSWIFT_PACKAGE -DDEBUG -DSWIFT_MODULE_RESOURCE_BUNDLE_UNAVAILABLE -DCOLLECTIONS_RANDOMIZED_TESTING -DXcode -enable-experimental-feature AvailabilityMacro\=SwiftStdlib\ 5.0:\ macOS\ 10.14.4,\ iOS\ 12.2,\ watchOS\ 5.2,\ tvOS\ 12.2 -enable-experimental-feature AvailabilityMacro\=SwiftStdlib\ 5.1:\ macOS\ 10.15,\ iOS\ 13.0,\ watchOS\ 6.0,\ tvOS\ 13.0 -enable-experimental-feature AvailabilityMacro\=SwiftStdlib\ 5.6:\ macOS\ 12.3,\ iOS\ 15.4,\ watchOS\ 8.5,\ tvOS\ 15.4 -enable-experimental-feature AvailabilityMacro\=SwiftStdlib\ 5.8:\ macOS\ 13.3,\ iOS\ 16.4,\ watchOS\ 9.4,\ tvOS\ 16.4 -enable-experimental-feature AvailabilityMacro\=SwiftStdlib\ 5.9:\ macOS\ 14.0,\ iOS\ 17.0,\ watchOS\ 10.0,\ tvOS\ 17.0 -enable-experimental-feature AvailabilityMacro\=SwiftStdlib\ 5.10:\ macOS\ 14.4,\ iOS\ 17.4,\ watchOS\ 10.4,\ tvOS\ 17.4,\ visionOS\ 1.1 -enable-experimental-feature AvailabilityMacro\=SwiftStdlib\ 6.0:\ macOS\ 15.0,\ iOS\ 18.0,\ watchOS\ 11.0,\ tvOS\ 18.0,\ visionOS\ 2.0 -enable-experimental-feature AvailabilityMacro\=SwiftStdlib\ 6.1:\ macOS\ 15.4,\ iOS\ 18.4,\ watchOS\ 11.4,\ tvOS\ 18.4,\ visionOS\ 2.4 -enable-experimental-feature AvailabilityMacro\=SwiftStdlib\ 6.2:\ macOS\ 26.0,\ iOS\ 26.0,\ watchOS\ 26.0,\ tvOS\ 26.0,\ visionOS\ 26.0 -enable-upcoming-feature MemberImportVisibility -enable-experimental-feature BuiltinModule -enable-experimental-feature Lifetimes -enable-experimental-feature InoutLifetimeDependence -enable-experimental-feature SuppressedAssociatedTypes -plugin-path /Applications/Xcode.app/Contents/Developer/Toolchains/XcodeDefault.xctoolchain/usr/lib/swift/host/plugins/testing -enable-experimental-feature DebugDescriptionMacro -sdk /Applications/Xcode.app/Contents/Developer/Platforms/iPhoneSimulator.platform/Developer/SDKs/iPhoneSimulator26.4.sdk -target x86_64-apple-ios12.0-simulator -g -module-cache-path /Users/aadityasingh/Library/Developer/Xcode/DerivedData/ModuleCache.noindex -Xfrontend -serialize-debugging-options -profile-coverage-mapping -profile-generate -enable-testing -suppress-warnings -index-store-path /Users/aadityasingh/Library/Developer/Xcode/DerivedData/Chatlio-erkyzdeecsohoaggpwbjdvavzqfv/Index.noindex/DataStore -Xcc -D_LIBCPP_HARDENING_MODE\=_LIBCPP_HARDENING_MODE_DEBUG -swift-version 6 -I /Users/aadityasingh/Library/Developer/Xcode/DerivedData/Chatlio-erkyzdeecsohoaggpwbjdvavzqfv/Build/Products/Debug-iphonesimulator -Isystem /Applications/Xcode.app/Contents/Developer/Platforms/iPhoneSimulator.platform/Developer/usr/lib -F /Users/aadityasingh/Library/Developer/Xcode/DerivedData/Chatlio-erkyzdeecsohoaggpwbjdvavzqfv/Build/Products/Debug-iphonesimulator/PackageFrameworks -F /Users/aadityasingh/Library/Developer/Xcode/DerivedData/Chatlio-erkyzdeecsohoaggpwbjdvavzqfv/Build/Products/Debug-iphonesimulator -F /Applications/Xcode.app/Contents/Developer/Platforms/iPhoneSimulator.platform/Developer/Library/Frameworks -F /Applications/Xcode.app/Contents/Developer/Platforms/iPhoneSimulator.platform/Developer/SDKs/iPhoneSimulator26.4.sdk/Developer/Library/Frameworks -c -j12 -enable-batch-mode -incremental -Xcc -ivfsstatcache -Xcc /Users/aadityasingh/Library/Developer/Xcode/DerivedData/SDKStatCaches.noindex/iphonesimulator26.4-23E252-686eebb5dc1d8ecb277353a59184f4aa.sdkstatcache -output-file-map /Users/aadityasingh/Library/Developer/Xcode/DerivedData/Chatlio-erkyzdeecsohoaggpwbjdvavzqfv/Build/Intermediates.noindex/swift-collections.build/Debug-iphonesimulator/OrderedCollections.build/Objects-normal/x86_64/OrderedCollections-OutputFileMap.json -use-frontend-parseable-output -save-temps -no-color-diagnostics -explicit-module-build -module-cache-path /Users/aadityasingh/Library/Developer/Xcode/DerivedData/Chatlio-erkyzdeecsohoaggpwbjdvavzqfv/Build/Intermediates.noindex/SwiftExplicitPrecompiledModules -clang-scanner-module-cache-path /Users/aadityasingh/Library/Developer/Xcode/DerivedData/ModuleCache.noindex -sdk-module-cache-path /Users/aadityasingh/Library/Developer/Xcode/DerivedData/ModuleCache.noindex -serialize-diagnostics -emit-dependencies -emit-module -emit-module-path /Users/aadityasingh/Library/Developer/Xcode/DerivedData/Chatlio-erkyzdeecsohoaggpwbjdvavzqfv/Build/Intermediates.noindex/swift-collections.build/Debug-iphonesimulator/OrderedCollections.build/Objects-normal/x86_64/OrderedCollections.swiftmodule -user-module-version 1.3.0 -validate-clang-modules-once -clang-build-session-file /Users/aadityasingh/Library/Developer/Xcode/DerivedData/ModuleCache.noindex/Session.modulevalidation -package-name swift_collections -Xcc -I/Users/aadityasingh/Library/Developer/Xcode/DerivedData/Chatlio-erkyzdeecsohoaggpwbjdvavzqfv/Build/Intermediates.noindex/swift-collections.build/Debug-iphonesimulator/OrderedCollections.build/swift-overrides.hmap -emit-const-values -Xfrontend -const-gather-protocols-file -Xfrontend /Users/aadityasingh/Library/Developer/Xcode/DerivedData/Chatlio-erkyzdeecsohoaggpwbjdvavzqfv/Build/Intermediates.noindex/swift-collections.build/Debug-iphonesimulator/OrderedCollections.build/Objects-normal/x86_64/OrderedCollections_const_extract_protocols.json -Xcc -I/Users/aadityasingh/Library/Developer/Xcode/DerivedData/Chatlio-erkyzdeecsohoaggpwbjdvavzqfv/Build/Products/Debug-iphonesimulator/include -Xcc -I/Users/aadityasingh/Library/Developer/Xcode/DerivedData/Chatlio-erkyzdeecsohoaggpwbjdvavzqfv/Build/Intermediates.noindex/swift-collections.build/Debug-iphonesimulator/OrderedCollections.build/DerivedSources-normal/x86_64 -Xcc -I/Users/aadityasingh/Library/Developer/Xcode/DerivedData/Chatlio-erkyzdeecsohoaggpwbjdvavzqfv/Build/Intermediates.noindex/swift-collections.build/Debug-iphonesimulator/OrderedCollections.build/DerivedSources/x86_64 -Xcc -I/Users/aadityasingh/Library/Developer/Xcode/DerivedData/Chatlio-erkyzdeecsohoaggpwbjdvavzqfv/Build/Intermediates.noindex/swift-collections.build/Debug-iphonesimulator/OrderedCollections.build/DerivedSources -Xcc -DSWIFT_PACKAGE -Xcc -DDEBUG\=1 -emit-objc-header -emit-objc-header-path /Users/aadityasingh/Library/Developer/Xcode/DerivedData/Chatlio-erkyzdeecsohoaggpwbjdvavzqfv/Build/Intermediates.noindex/swift-collections.build/Debug-iphonesimulator/OrderedCollections.build/Objects-normal/x86_64/OrderedCollections-Swift.h -working-directory /Users/aadityasingh/Documents/Development/element-x-ios/Chatlio.xcodeproj -experimental-emit-module-separately -disable-cmo

Ld /Users/aadityasingh/Library/Developer/Xcode/DerivedData/Chatlio-erkyzdeecsohoaggpwbjdvavzqfv/Build/Intermediates.noindex/swift-atomics.build/Debug-iphonesimulator/Atomics.build/Objects-normal/x86_64/Binary/Atomics.o normal x86_64 (in target 'Atomics' from project 'swift-atomics')
    cd /Users/aadityasingh/Library/Developer/Xcode/DerivedData/Chatlio-erkyzdeecsohoaggpwbjdvavzqfv/SourcePackages/checkouts/swift-atomics
    /Applications/Xcode.app/Contents/Developer/Toolchains/XcodeDefault.xctoolchain/usr/bin/clang -Xlinker -reproducible -target x86_64-apple-ios12.0-simulator -r -isysroot /Applications/Xcode.app/Contents/Developer/Platforms/iPhoneSimulator.platform/Developer/SDKs/iPhoneSimulator26.4.sdk -O0 -w -F/Users/aadityasingh/Library/Developer/Xcode/DerivedData/Chatlio-erkyzdeecsohoaggpwbjdvavzqfv/Build/Intermediates.noindex/EagerLinkingTBDs/Debug-iphonesimulator -F/Users/aadityasingh/Library/Developer/Xcode/DerivedData/Chatlio-erkyzdeecsohoaggpwbjdvavzqfv/Build/Products/Debug-iphonesimulator/PackageFrameworks -F/Users/aadityasingh/Library/Developer/Xcode/DerivedData/Chatlio-erkyzdeecsohoaggpwbjdvavzqfv/Build/Products/Debug-iphonesimulator -iframework /Applications/Xcode.app/Contents/Developer/Platforms/iPhoneSimulator.platform/Developer/Library/Frameworks -iframework /Applications/Xcode.app/Contents/Developer/Platforms/iPhoneSimulator.platform/Developer/SDKs/iPhoneSimulator26.4.sdk/Developer/Library/Frameworks -filelist /Users/aadityasingh/Library/Developer/Xcode/DerivedData/Chatlio-erkyzdeecsohoaggpwbjdvavzqfv/Build/Intermediates.noindex/swift-atomics.build/Debug-iphonesimulator/Atomics.build/Objects-normal/x86_64/Atomics.LinkFileList -nostdlib -Xlinker -object_path_lto -Xlinker /Users/aadityasingh/Library/Developer/Xcode/DerivedData/Chatlio-erkyzdeecsohoaggpwbjdvavzqfv/Build/Intermediates.noindex/swift-atomics.build/Debug-iphonesimulator/Atomics.build/Objects-normal/x86_64/Atomics_lto.o -Xlinker -no_deduplicate -Xlinker -objc_abi_version -Xlinker 2 -Xlinker -debug_variant -Xlinker -dependency_info -Xlinker /Users/aadityasingh/Library/Developer/Xcode/DerivedData/Chatlio-erkyzdeecsohoaggpwbjdvavzqfv/Build/Intermediates.noindex/swift-atomics.build/Debug-iphonesimulator/Atomics.build/Objects-normal/x86_64/Atomics_dependency_info.dat -fobjc-link-runtime -L/Applications/Xcode.app/Contents/Developer/Toolchains/XcodeDefault.xctoolchain/usr/lib/swift/iphonesimulator -L/usr/lib/swift -Xlinker -add_ast_path -Xlinker /Users/aadityasingh/Library/Developer/Xcode/DerivedData/Chatlio-erkyzdeecsohoaggpwbjdvavzqfv/Build/Intermediates.noindex/swift-atomics.build/Debug-iphonesimulator/Atomics.build/Objects-normal/x86_64/Atomics.swiftmodule @/Users/aadityasingh/Library/Developer/Xcode/DerivedData/Chatlio-erkyzdeecsohoaggpwbjdvavzqfv/Build/Intermediates.noindex/swift-atomics.build/Debug-iphonesimulator/Atomics.build/Objects-normal/x86_64/Atomics-linker-args.resp -o /Users/aadityasingh/Library/Developer/Xcode/DerivedData/Chatlio-erkyzdeecsohoaggpwbjdvavzqfv/Build/Intermediates.noindex/swift-atomics.build/Debug-iphonesimulator/Atomics.build/Objects-normal/x86_64/Binary/Atomics.o

Ld /Users/aadityasingh/Library/Developer/Xcode/DerivedData/Chatlio-erkyzdeecsohoaggpwbjdvavzqfv/Build/Intermediates.noindex/swift-atomics.build/Debug-iphonesimulator/Atomics.build/Objects-normal/arm64/Binary/Atomics.o normal arm64 (in target 'Atomics' from project 'swift-atomics')
    cd /Users/aadityasingh/Library/Developer/Xcode/DerivedData/Chatlio-erkyzdeecsohoaggpwbjdvavzqfv/SourcePackages/checkouts/swift-atomics
    /Applications/Xcode.app/Contents/Developer/Toolchains/XcodeDefault.xctoolchain/usr/bin/clang -Xlinker -reproducible -target arm64-apple-ios12.0-simulator -r -isysroot /Applications/Xcode.app/Contents/Developer/Platforms/iPhoneSimulator.platform/Developer/SDKs/iPhoneSimulator26.4.sdk -O0 -w -F/Users/aadityasingh/Library/Developer/Xcode/DerivedData/Chatlio-erkyzdeecsohoaggpwbjdvavzqfv/Build/Intermediates.noindex/EagerLinkingTBDs/Debug-iphonesimulator -F/Users/aadityasingh/Library/Developer/Xcode/DerivedData/Chatlio-erkyzdeecsohoaggpwbjdvavzqfv/Build/Products/Debug-iphonesimulator/PackageFrameworks -F/Users/aadityasingh/Library/Developer/Xcode/DerivedData/Chatlio-erkyzdeecsohoaggpwbjdvavzqfv/Build/Products/Debug-iphonesimulator -iframework /Applications/Xcode.app/Contents/Developer/Platforms/iPhoneSimulator.platform/Developer/Library/Frameworks -iframework /Applications/Xcode.app/Contents/Developer/Platforms/iPhoneSimulator.platform/Developer/SDKs/iPhoneSimulator26.4.sdk/Developer/Library/Frameworks -filelist /Users/aadityasingh/Library/Developer/Xcode/DerivedData/Chatlio-erkyzdeecsohoaggpwbjdvavzqfv/Build/Intermediates.noindex/swift-atomics.build/Debug-iphonesimulator/Atomics.build/Objects-normal/arm64/Atomics.LinkFileList -nostdlib -Xlinker -object_path_lto -Xlinker /Users/aadityasingh/Library/Developer/Xcode/DerivedData/Chatlio-erkyzdeecsohoaggpwbjdvavzqfv/Build/Intermediates.noindex/swift-atomics.build/Debug-iphonesimulator/Atomics.build/Objects-normal/arm64/Atomics_lto.o -Xlinker -no_deduplicate -Xlinker -objc_abi_version -Xlinker 2 -Xlinker -debug_variant -Xlinker -dependency_info -Xlinker /Users/aadityasingh/Library/Developer/Xcode/DerivedData/Chatlio-erkyzdeecsohoaggpwbjdvavzqfv/Build/Intermediates.noindex/swift-atomics.build/Debug-iphonesimulator/Atomics.build/Objects-normal/arm64/Atomics_dependency_info.dat -fobjc-link-runtime -L/Applications/Xcode.app/Contents/Developer/Toolchains/XcodeDefault.xctoolchain/usr/lib/swift/iphonesimulator -L/usr/lib/swift -Xlinker -add_ast_path -Xlinker /Users/aadityasingh/Library/Developer/Xcode/DerivedData/Chatlio-erkyzdeecsohoaggpwbjdvavzqfv/Build/Intermediates.noindex/swift-atomics.build/Debug-iphonesimulator/Atomics.build/Objects-normal/arm64/Atomics.swiftmodule @/Users/aadityasingh/Library/Developer/Xcode/DerivedData/Chatlio-erkyzdeecsohoaggpwbjdvavzqfv/Build/Intermediates.noindex/swift-atomics.build/Debug-iphonesimulator/Atomics.build/Objects-normal/arm64/Atomics-linker-args.resp -o /Users/aadityasingh/Library/Developer/Xcode/DerivedData/Chatlio-erkyzdeecsohoaggpwbjdvavzqfv/Build/Intermediates.noindex/swift-atomics.build/Debug-iphonesimulator/Atomics.build/Objects-normal/arm64/Binary/Atomics.o

Ld /Users/aadityasingh/Library/Developer/Xcode/DerivedData/Chatlio-erkyzdeecsohoaggpwbjdvavzqfv/Build/Intermediates.noindex/AnalyticsEvents.build/Debug-iphonesimulator/AnalyticsEvents.build/Objects-normal/arm64/Binary/AnalyticsEvents.o normal arm64 (in target 'AnalyticsEvents' from project 'AnalyticsEvents')
    cd /Users/aadityasingh/Library/Developer/Xcode/DerivedData/Chatlio-erkyzdeecsohoaggpwbjdvavzqfv/SourcePackages/checkouts/matrix-analytics-events
    /Applications/Xcode.app/Contents/Developer/Toolchains/XcodeDefault.xctoolchain/usr/bin/clang -Xlinker -reproducible -target arm64-apple-ios12.0-simulator -r -isysroot /Applications/Xcode.app/Contents/Developer/Platforms/iPhoneSimulator.platform/Developer/SDKs/iPhoneSimulator26.4.sdk -O0 -w -F/Users/aadityasingh/Library/Developer/Xcode/DerivedData/Chatlio-erkyzdeecsohoaggpwbjdvavzqfv/Build/Intermediates.noindex/EagerLinkingTBDs/Debug-iphonesimulator -F/Users/aadityasingh/Library/Developer/Xcode/DerivedData/Chatlio-erkyzdeecsohoaggpwbjdvavzqfv/Build/Products/Debug-iphonesimulator -iframework /Applications/Xcode.app/Contents/Developer/Platforms/iPhoneSimulator.platform/Developer/Library/Frameworks -iframework /Applications/Xcode.app/Contents/Developer/Platforms/iPhoneSimulator.platform/Developer/SDKs/iPhoneSimulator26.4.sdk/Developer/Library/Frameworks -filelist /Users/aadityasingh/Library/Developer/Xcode/DerivedData/Chatlio-erkyzdeecsohoaggpwbjdvavzqfv/Build/Intermediates.noindex/AnalyticsEvents.build/Debug-iphonesimulator/AnalyticsEvents.build/Objects-normal/arm64/AnalyticsEvents.LinkFileList -nostdlib -Xlinker -object_path_lto -Xlinker /Users/aadityasingh/Library/Developer/Xcode/DerivedData/Chatlio-erkyzdeecsohoaggpwbjdvavzqfv/Build/Intermediates.noindex/AnalyticsEvents.build/Debug-iphonesimulator/AnalyticsEvents.build/Objects-normal/arm64/AnalyticsEvents_lto.o -Xlinker -no_deduplicate -Xlinker -objc_abi_version -Xlinker 2 -Xlinker -debug_variant -Xlinker -dependency_info -Xlinker /Users/aadityasingh/Library/Developer/Xcode/DerivedData/Chatlio-erkyzdeecsohoaggpwbjdvavzqfv/Build/Intermediates.noindex/AnalyticsEvents.build/Debug-iphonesimulator/AnalyticsEvents.build/Objects-normal/arm64/AnalyticsEvents_dependency_info.dat -fobjc-link-runtime -L/Applications/Xcode.app/Contents/Developer/Toolchains/XcodeDefault.xctoolchain/usr/lib/swift/iphonesimulator -L/usr/lib/swift -Xlinker -add_ast_path -Xlinker /Users/aadityasingh/Library/Developer/Xcode/DerivedData/Chatlio-erkyzdeecsohoaggpwbjdvavzqfv/Build/Intermediates.noindex/AnalyticsEvents.build/Debug-iphonesimulator/AnalyticsEvents.build/Objects-normal/arm64/AnalyticsEvents.swiftmodule @/Users/aadityasingh/Library/Developer/Xcode/DerivedData/Chatlio-erkyzdeecsohoaggpwbjdvavzqfv/Build/Intermediates.noindex/AnalyticsEvents.build/Debug-iphonesimulator/AnalyticsEvents.build/Objects-normal/arm64/AnalyticsEvents-linker-args.resp -o /Users/aadityasingh/Library/Developer/Xcode/DerivedData/Chatlio-erkyzdeecsohoaggpwbjdvavzqfv/Build/Intermediates.noindex/AnalyticsEvents.build/Debug-iphonesimulator/AnalyticsEvents.build/Objects-normal/arm64/Binary/AnalyticsEvents.o

SwiftDriverJobDiscovery normal x86_64 Compiling Signup.swift, SlashCommand.swift (in target 'AnalyticsEvents' from project 'AnalyticsEvents')

SwiftDriverJobDiscovery normal x86_64 Compiling Error.swift, Interaction.swift (in target 'AnalyticsEvents' from project 'AnalyticsEvents')

CodeSign /Users/aadityasingh/Library/Developer/Xcode/DerivedData/Chatlio-erkyzdeecsohoaggpwbjdvavzqfv/Build/Products/Debug-iphonesimulator/Kingfisher_Kingfisher.bundle (in target 'Kingfisher_Kingfisher' from project 'Kingfisher')
    cd /Users/aadityasingh/Library/Developer/Xcode/DerivedData/Chatlio-erkyzdeecsohoaggpwbjdvavzqfv/SourcePackages/checkouts/Kingfisher
    
    Signing Identity:     "Sign to Run Locally"
    
    /usr/bin/codesign --force --sign - --timestamp\=none --generate-entitlement-der /Users/aadityasingh/Library/Developer/Xcode/DerivedData/Chatlio-erkyzdeecsohoaggpwbjdvavzqfv/Build/Products/Debug-iphonesimulator/Kingfisher_Kingfisher.bundle

SwiftDriver\ Compilation AnalyticsEvents normal x86_64 com.apple.xcode.tools.swift.compiler (in target 'AnalyticsEvents' from project 'AnalyticsEvents')
    cd /Users/aadityasingh/Documents/Development/element-x-ios/Chatlio.xcodeproj
    builtin-Swift-Compilation -- /Applications/Xcode.app/Contents/Developer/Toolchains/XcodeDefault.xctoolchain/usr/bin/swiftc -module-name AnalyticsEvents -Onone @/Users/aadityasingh/Library/Developer/Xcode/DerivedData/Chatlio-erkyzdeecsohoaggpwbjdvavzqfv/Build/Intermediates.noindex/AnalyticsEvents.build/Debug-iphonesimulator/AnalyticsEvents.build/Objects-normal/x86_64/AnalyticsEvents.SwiftFileList -DSWIFT_PACKAGE -DDEBUG -DSWIFT_MODULE_RESOURCE_BUNDLE_UNAVAILABLE -DXcode -plugin-path /Applications/Xcode.app/Contents/Developer/Toolchains/XcodeDefault.xctoolchain/usr/lib/swift/host/plugins/testing -enable-experimental-feature DebugDescriptionMacro -sdk /Applications/Xcode.app/Contents/Developer/Platforms/iPhoneSimulator.platform/Developer/SDKs/iPhoneSimulator26.4.sdk -target x86_64-apple-ios12.0-simulator -g -module-cache-path /Users/aadityasingh/Library/Developer/Xcode/DerivedData/ModuleCache.noindex -Xfrontend -serialize-debugging-options -profile-coverage-mapping -profile-generate -enable-testing -suppress-warnings -index-store-path /Users/aadityasingh/Library/Developer/Xcode/DerivedData/Chatlio-erkyzdeecsohoaggpwbjdvavzqfv/Index.noindex/DataStore -Xcc -D_LIBCPP_HARDENING_MODE\=_LIBCPP_HARDENING_MODE_DEBUG -swift-version 6 -I /Users/aadityasingh/Library/Developer/Xcode/DerivedData/Chatlio-erkyzdeecsohoaggpwbjdvavzqfv/Build/Products/Debug-iphonesimulator -Isystem /Applications/Xcode.app/Contents/Developer/Platforms/iPhoneSimulator.platform/Developer/usr/lib -F /Users/aadityasingh/Library/Developer/Xcode/DerivedData/Chatlio-erkyzdeecsohoaggpwbjdvavzqfv/Build/Products/Debug-iphonesimulator -F /Applications/Xcode.app/Contents/Developer/Platforms/iPhoneSimulator.platform/Developer/Library/Frameworks -F /Applications/Xcode.app/Contents/Developer/Platforms/iPhoneSimulator.platform/Developer/SDKs/iPhoneSimulator26.4.sdk/Developer/Library/Frameworks -c -j12 -enable-batch-mode -incremental -Xcc -ivfsstatcache -Xcc /Users/aadityasingh/Library/Developer/Xcode/DerivedData/SDKStatCaches.noindex/iphonesimulator26.4-23E252-686eebb5dc1d8ecb277353a59184f4aa.sdkstatcache -output-file-map /Users/aadityasingh/Library/Developer/Xcode/DerivedData/Chatlio-erkyzdeecsohoaggpwbjdvavzqfv/Build/Intermediates.noindex/AnalyticsEvents.build/Debug-iphonesimulator/AnalyticsEvents.build/Objects-normal/x86_64/AnalyticsEvents-OutputFileMap.json -use-frontend-parseable-output -save-temps -no-color-diagnostics -explicit-module-build -module-cache-path /Users/aadityasingh/Library/Developer/Xcode/DerivedData/Chatlio-erkyzdeecsohoaggpwbjdvavzqfv/Build/Intermediates.noindex/SwiftExplicitPrecompiledModules -clang-scanner-module-cache-path /Users/aadityasingh/Library/Developer/Xcode/DerivedData/ModuleCache.noindex -sdk-module-cache-path /Users/aadityasingh/Library/Developer/Xcode/DerivedData/ModuleCache.noindex -serialize-diagnostics -emit-dependencies -emit-module -emit-module-path /Users/aadityasingh/Library/Developer/Xcode/DerivedData/Chatlio-erkyzdeecsohoaggpwbjdvavzqfv/Build/Intermediates.noindex/AnalyticsEvents.build/Debug-iphonesimulator/AnalyticsEvents.build/Objects-normal/x86_64/AnalyticsEvents.swiftmodule -user-module-version 0.30.0 -validate-clang-modules-once -clang-build-session-file /Users/aadityasingh/Library/Developer/Xcode/DerivedData/ModuleCache.noindex/Session.modulevalidation -package-name matrix_analytics_events -Xcc -I/Users/aadityasingh/Library/Developer/Xcode/DerivedData/Chatlio-erkyzdeecsohoaggpwbjdvavzqfv/Build/Intermediates.noindex/AnalyticsEvents.build/Debug-iphonesimulator/AnalyticsEvents.build/swift-overrides.hmap -emit-const-values -Xfrontend -const-gather-protocols-file -Xfrontend /Users/aadityasingh/Library/Developer/Xcode/DerivedData/Chatlio-erkyzdeecsohoaggpwbjdvavzqfv/Build/Intermediates.noindex/AnalyticsEvents.build/Debug-iphonesimulator/AnalyticsEvents.build/Objects-normal/x86_64/AnalyticsEvents_const_extract_protocols.json -Xcc -I/Users/aadityasingh/Library/Developer/Xcode/DerivedData/Chatlio-erkyzdeecsohoaggpwbjdvavzqfv/Build/Products/Debug-iphonesimulator/include -Xcc -I/Users/aadityasingh/Library/Developer/Xcode/DerivedData/Chatlio-erkyzdeecsohoaggpwbjdvavzqfv/Build/Intermediates.noindex/AnalyticsEvents.build/Debug-iphonesimulator/AnalyticsEvents.build/DerivedSources-normal/x86_64 -Xcc -I/Users/aadityasingh/Library/Developer/Xcode/DerivedData/Chatlio-erkyzdeecsohoaggpwbjdvavzqfv/Build/Intermediates.noindex/AnalyticsEvents.build/Debug-iphonesimulator/AnalyticsEvents.build/DerivedSources/x86_64 -Xcc -I/Users/aadityasingh/Library/Developer/Xcode/DerivedData/Chatlio-erkyzdeecsohoaggpwbjdvavzqfv/Build/Intermediates.noindex/AnalyticsEvents.build/Debug-iphonesimulator/AnalyticsEvents.build/DerivedSources -Xcc -DSWIFT_PACKAGE -Xcc -DDEBUG\=1 -emit-objc-header -emit-objc-header-path /Users/aadityasingh/Library/Developer/Xcode/DerivedData/Chatlio-erkyzdeecsohoaggpwbjdvavzqfv/Build/Intermediates.noindex/AnalyticsEvents.build/Debug-iphonesimulator/AnalyticsEvents.build/Objects-normal/x86_64/AnalyticsEvents-Swift.h -working-directory /Users/aadityasingh/Documents/Development/element-x-ios/Chatlio.xcodeproj -experimental-emit-module-separately -disable-cmo

Ld /Users/aadityasingh/Library/Developer/Xcode/DerivedData/Chatlio-erkyzdeecsohoaggpwbjdvavzqfv/Build/Intermediates.noindex/AnalyticsEvents.build/Debug-iphonesimulator/AnalyticsEvents.build/Objects-normal/x86_64/Binary/AnalyticsEvents.o normal x86_64 (in target 'AnalyticsEvents' from project 'AnalyticsEvents')
    cd /Users/aadityasingh/Library/Developer/Xcode/DerivedData/Chatlio-erkyzdeecsohoaggpwbjdvavzqfv/SourcePackages/checkouts/matrix-analytics-events
    /Applications/Xcode.app/Contents/Developer/Toolchains/XcodeDefault.xctoolchain/usr/bin/clang -Xlinker -reproducible -target x86_64-apple-ios12.0-simulator -r -isysroot /Applications/Xcode.app/Contents/Developer/Platforms/iPhoneSimulator.platform/Developer/SDKs/iPhoneSimulator26.4.sdk -O0 -w -F/Users/aadityasingh/Library/Developer/Xcode/DerivedData/Chatlio-erkyzdeecsohoaggpwbjdvavzqfv/Build/Intermediates.noindex/EagerLinkingTBDs/Debug-iphonesimulator -F/Users/aadityasingh/Library/Developer/Xcode/DerivedData/Chatlio-erkyzdeecsohoaggpwbjdvavzqfv/Build/Products/Debug-iphonesimulator -iframework /Applications/Xcode.app/Contents/Developer/Platforms/iPhoneSimulator.platform/Developer/Library/Frameworks -iframework /Applications/Xcode.app/Contents/Developer/Platforms/iPhoneSimulator.platform/Developer/SDKs/iPhoneSimulator26.4.sdk/Developer/Library/Frameworks -filelist /Users/aadityasingh/Library/Developer/Xcode/DerivedData/Chatlio-erkyzdeecsohoaggpwbjdvavzqfv/Build/Intermediates.noindex/AnalyticsEvents.build/Debug-iphonesimulator/AnalyticsEvents.build/Objects-normal/x86_64/AnalyticsEvents.LinkFileList -nostdlib -Xlinker -object_path_lto -Xlinker /Users/aadityasingh/Library/Developer/Xcode/DerivedData/Chatlio-erkyzdeecsohoaggpwbjdvavzqfv/Build/Intermediates.noindex/AnalyticsEvents.build/Debug-iphonesimulator/AnalyticsEvents.build/Objects-normal/x86_64/AnalyticsEvents_lto.o -Xlinker -no_deduplicate -Xlinker -objc_abi_version -Xlinker 2 -Xlinker -debug_variant -Xlinker -dependency_info -Xlinker /Users/aadityasingh/Library/Developer/Xcode/DerivedData/Chatlio-erkyzdeecsohoaggpwbjdvavzqfv/Build/Intermediates.noindex/AnalyticsEvents.build/Debug-iphonesimulator/AnalyticsEvents.build/Objects-normal/x86_64/AnalyticsEvents_dependency_info.dat -fobjc-link-runtime -L/Applications/Xcode.app/Contents/Developer/Toolchains/XcodeDefault.xctoolchain/usr/lib/swift/iphonesimulator -L/usr/lib/swift -Xlinker -add_ast_path -Xlinker /Users/aadityasingh/Library/Developer/Xcode/DerivedData/Chatlio-erkyzdeecsohoaggpwbjdvavzqfv/Build/Intermediates.noindex/AnalyticsEvents.build/Debug-iphonesimulator/AnalyticsEvents.build/Objects-normal/x86_64/AnalyticsEvents.swiftmodule @/Users/aadityasingh/Library/Developer/Xcode/DerivedData/Chatlio-erkyzdeecsohoaggpwbjdvavzqfv/Build/Intermediates.noindex/AnalyticsEvents.build/Debug-iphonesimulator/AnalyticsEvents.build/Objects-normal/x86_64/AnalyticsEvents-linker-args.resp -o /Users/aadityasingh/Library/Developer/Xcode/DerivedData/Chatlio-erkyzdeecsohoaggpwbjdvavzqfv/Build/Intermediates.noindex/AnalyticsEvents.build/Debug-iphonesimulator/AnalyticsEvents.build/Objects-normal/x86_64/Binary/AnalyticsEvents.o

CreateUniversalBinary /Users/aadityasingh/Library/Developer/Xcode/DerivedData/Chatlio-erkyzdeecsohoaggpwbjdvavzqfv/Build/Products/Debug-iphonesimulator/Atomics.o normal arm64\ x86_64 (in target 'Atomics' from project 'swift-atomics')
    cd /Users/aadityasingh/Library/Developer/Xcode/DerivedData/Chatlio-erkyzdeecsohoaggpwbjdvavzqfv/SourcePackages/checkouts/swift-atomics
    /Applications/Xcode.app/Contents/Developer/Toolchains/XcodeDefault.xctoolchain/usr/bin/lipo -create /Users/aadityasingh/Library/Developer/Xcode/DerivedData/Chatlio-erkyzdeecsohoaggpwbjdvavzqfv/Build/Intermediates.noindex/swift-atomics.build/Debug-iphonesimulator/Atomics.build/Objects-normal/arm64/Binary/Atomics.o /Users/aadityasingh/Library/Developer/Xcode/DerivedData/Chatlio-erkyzdeecsohoaggpwbjdvavzqfv/Build/Intermediates.noindex/swift-atomics.build/Debug-iphonesimulator/Atomics.build/Objects-normal/x86_64/Binary/Atomics.o -output /Users/aadityasingh/Library/Developer/Xcode/DerivedData/Chatlio-erkyzdeecsohoaggpwbjdvavzqfv/Build/Products/Debug-iphonesimulator/Atomics.o

RegisterExecutionPolicyException /Users/aadityasingh/Library/Developer/Xcode/DerivedData/Chatlio-erkyzdeecsohoaggpwbjdvavzqfv/Build/Products/Debug-iphonesimulator/SFSafeSymbols.o (in target 'SFSafeSymbols' from project 'SFSafeSymbols')
    cd /Users/aadityasingh/Library/Developer/Xcode/DerivedData/Chatlio-erkyzdeecsohoaggpwbjdvavzqfv/SourcePackages/checkouts/SFSafeSymbols
    builtin-RegisterExecutionPolicyException /Users/aadityasingh/Library/Developer/Xcode/DerivedData/Chatlio-erkyzdeecsohoaggpwbjdvavzqfv/Build/Products/Debug-iphonesimulator/SFSafeSymbols.o

RegisterExecutionPolicyException /Users/aadityasingh/Library/Developer/Xcode/DerivedData/Chatlio-erkyzdeecsohoaggpwbjdvavzqfv/Build/Products/Debug-iphonesimulator/PostHog_PostHog.bundle (in target 'PostHog_PostHog' from project 'PostHog')
    cd /Users/aadityasingh/Library/Developer/Xcode/DerivedData/Chatlio-erkyzdeecsohoaggpwbjdvavzqfv/SourcePackages/checkouts/posthog-ios
    builtin-RegisterExecutionPolicyException /Users/aadityasingh/Library/Developer/Xcode/DerivedData/Chatlio-erkyzdeecsohoaggpwbjdvavzqfv/Build/Products/Debug-iphonesimulator/PostHog_PostHog.bundle

SwiftDriver HashTreeCollections normal x86_64 com.apple.xcode.tools.swift.compiler (in target 'HashTreeCollections' from project 'swift-collections')
    cd /Users/aadityasingh/Documents/Development/element-x-ios/Chatlio.xcodeproj
    builtin-SwiftDriver -- /Applications/Xcode.app/Contents/Developer/Toolchains/XcodeDefault.xctoolchain/usr/bin/swiftc -module-name HashTreeCollections -Onone @/Users/aadityasingh/Library/Developer/Xcode/DerivedData/Chatlio-erkyzdeecsohoaggpwbjdvavzqfv/Build/Intermediates.noindex/swift-collections.build/Debug-iphonesimulator/HashTreeCollections.build/Objects-normal/x86_64/HashTreeCollections.SwiftFileList -DSWIFT_PACKAGE -DDEBUG -DSWIFT_MODULE_RESOURCE_BUNDLE_UNAVAILABLE -DCOLLECTIONS_RANDOMIZED_TESTING -DXcode -enable-experimental-feature AvailabilityMacro\=SwiftStdlib\ 5.0:\ macOS\ 10.14.4,\ iOS\ 12.2,\ watchOS\ 5.2,\ tvOS\ 12.2 -enable-experimental-feature AvailabilityMacro\=SwiftStdlib\ 5.1:\ macOS\ 10.15,\ iOS\ 13.0,\ watchOS\ 6.0,\ tvOS\ 13.0 -enable-experimental-feature AvailabilityMacro\=SwiftStdlib\ 5.6:\ macOS\ 12.3,\ iOS\ 15.4,\ watchOS\ 8.5,\ tvOS\ 15.4 -enable-experimental-feature AvailabilityMacro\=SwiftStdlib\ 5.8:\ macOS\ 13.3,\ iOS\ 16.4,\ watchOS\ 9.4,\ tvOS\ 16.4 -enable-experimental-feature AvailabilityMacro\=SwiftStdlib\ 5.9:\ macOS\ 14.0,\ iOS\ 17.0,\ watchOS\ 10.0,\ tvOS\ 17.0 -enable-experimental-feature AvailabilityMacro\=SwiftStdlib\ 5.10:\ macOS\ 14.4,\ iOS\ 17.4,\ watchOS\ 10.4,\ tvOS\ 17.4,\ visionOS\ 1.1 -enable-experimental-feature AvailabilityMacro\=SwiftStdlib\ 6.0:\ macOS\ 15.0,\ iOS\ 18.0,\ watchOS\ 11.0,\ tvOS\ 18.0,\ visionOS\ 2.0 -enable-experimental-feature AvailabilityMacro\=SwiftStdlib\ 6.1:\ macOS\ 15.4,\ iOS\ 18.4,\ watchOS\ 11.4,\ tvOS\ 18.4,\ visionOS\ 2.4 -enable-experimental-feature AvailabilityMacro\=SwiftStdlib\ 6.2:\ macOS\ 26.0,\ iOS\ 26.0,\ watchOS\ 26.0,\ tvOS\ 26.0,\ visionOS\ 26.0 -enable-upcoming-feature MemberImportVisibility -enable-experimental-feature BuiltinModule -enable-experimental-feature Lifetimes -enable-experimental-feature InoutLifetimeDependence -enable-experimental-feature SuppressedAssociatedTypes -plugin-path /Applications/Xcode.app/Contents/Developer/Toolchains/XcodeDefault.xctoolchain/usr/lib/swift/host/plugins/testing -enable-experimental-feature DebugDescriptionMacro -sdk /Applications/Xcode.app/Contents/Developer/Platforms/iPhoneSimulator.platform/Developer/SDKs/iPhoneSimulator26.4.sdk -target x86_64-apple-ios12.0-simulator -g -module-cache-path /Users/aadityasingh/Library/Developer/Xcode/DerivedData/ModuleCache.noindex -Xfrontend -serialize-debugging-options -profile-coverage-mapping -profile-generate -enable-testing -suppress-warnings -index-store-path /Users/aadityasingh/Library/Developer/Xcode/DerivedData/Chatlio-erkyzdeecsohoaggpwbjdvavzqfv/Index.noindex/DataStore -Xcc -D_LIBCPP_HARDENING_MODE\=_LIBCPP_HARDENING_MODE_DEBUG -swift-version 6 -I /Users/aadityasingh/Library/Developer/Xcode/DerivedData/Chatlio-erkyzdeecsohoaggpwbjdvavzqfv/Build/Products/Debug-iphonesimulator -Isystem /Applications/Xcode.app/Contents/Developer/Platforms/iPhoneSimulator.platform/Developer/usr/lib -F /Users/aadityasingh/Library/Developer/Xcode/DerivedData/Chatlio-erkyzdeecsohoaggpwbjdvavzqfv/Build/Products/Debug-iphonesimulator/PackageFrameworks -F /Users/aadityasingh/Library/Developer/Xcode/DerivedData/Chatlio-erkyzdeecsohoaggpwbjdvavzqfv/Build/Products/Debug-iphonesimulator -F /Applications/Xcode.app/Contents/Developer/Platforms/iPhoneSimulator.platform/Developer/Library/Frameworks -F /Applications/Xcode.app/Contents/Developer/Platforms/iPhoneSimulator.platform/Developer/SDKs/iPhoneSimulator26.4.sdk/Developer/Library/Frameworks -c -j12 -enable-batch-mode -incremental -Xcc -ivfsstatcache -Xcc /Users/aadityasingh/Library/Developer/Xcode/DerivedData/SDKStatCaches.noindex/iphonesimulator26.4-23E252-686eebb5dc1d8ecb277353a59184f4aa.sdkstatcache -output-file-map /Users/aadityasingh/Library/Developer/Xcode/DerivedData/Chatlio-erkyzdeecsohoaggpwbjdvavzqfv/Build/Intermediates.noindex/swift-collections.build/Debug-iphonesimulator/HashTreeCollections.build/Objects-normal/x86_64/HashTreeCollections-OutputFileMap.json -use-frontend-parseable-output -save-temps -no-color-diagnostics -explicit-module-build -module-cache-path /Users/aadityasingh/Library/Developer/Xcode/DerivedData/Chatlio-erkyzdeecsohoaggpwbjdvavzqfv/Build/Intermediates.noindex/SwiftExplicitPrecompiledModules -clang-scanner-module-cache-path /Users/aadityasingh/Library/Developer/Xcode/DerivedData/ModuleCache.noindex -sdk-module-cache-path /Users/aadityasingh/Library/Developer/Xcode/DerivedData/ModuleCache.noindex -serialize-diagnostics -emit-dependencies -emit-module -emit-module-path /Users/aadityasingh/Library/Developer/Xcode/DerivedData/Chatlio-erkyzdeecsohoaggpwbjdvavzqfv/Build/Intermediates.noindex/swift-collections.build/Debug-iphonesimulator/HashTreeCollections.build/Objects-normal/x86_64/HashTreeCollections.swiftmodule -user-module-version 1.3.0 -validate-clang-modules-once -clang-build-session-file /Users/aadityasingh/Library/Developer/Xcode/DerivedData/ModuleCache.noindex/Session.modulevalidation -package-name swift_collections -Xcc -I/Users/aadityasingh/Library/Developer/Xcode/DerivedData/Chatlio-erkyzdeecsohoaggpwbjdvavzqfv/Build/Intermediates.noindex/swift-collections.build/Debug-iphonesimulator/HashTreeCollections.build/swift-overrides.hmap -emit-const-values -Xfrontend -const-gather-protocols-file -Xfrontend /Users/aadityasingh/Library/Developer/Xcode/DerivedData/Chatlio-erkyzdeecsohoaggpwbjdvavzqfv/Build/Intermediates.noindex/swift-collections.build/Debug-iphonesimulator/HashTreeCollections.build/Objects-normal/x86_64/HashTreeCollections_const_extract_protocols.json -Xcc -I/Users/aadityasingh/Library/Developer/Xcode/DerivedData/Chatlio-erkyzdeecsohoaggpwbjdvavzqfv/Build/Products/Debug-iphonesimulator/include -Xcc -I/Users/aadityasingh/Library/Developer/Xcode/DerivedData/Chatlio-erkyzdeecsohoaggpwbjdvavzqfv/Build/Intermediates.noindex/swift-collections.build/Debug-iphonesimulator/HashTreeCollections.build/DerivedSources-normal/x86_64 -Xcc -I/Users/aadityasingh/Library/Developer/Xcode/DerivedData/Chatlio-erkyzdeecsohoaggpwbjdvavzqfv/Build/Intermediates.noindex/swift-collections.build/Debug-iphonesimulator/HashTreeCollections.build/DerivedSources/x86_64 -Xcc -I/Users/aadityasingh/Library/Developer/Xcode/DerivedData/Chatlio-erkyzdeecsohoaggpwbjdvavzqfv/Build/Intermediates.noindex/swift-collections.build/Debug-iphonesimulator/HashTreeCollections.build/DerivedSources -Xcc -DSWIFT_PACKAGE -Xcc -DDEBUG\=1 -emit-objc-header -emit-objc-header-path /Users/aadityasingh/Library/Developer/Xcode/DerivedData/Chatlio-erkyzdeecsohoaggpwbjdvavzqfv/Build/Intermediates.noindex/swift-collections.build/Debug-iphonesimulator/HashTreeCollections.build/Objects-normal/x86_64/HashTreeCollections-Swift.h -working-directory /Users/aadityasingh/Documents/Development/element-x-ios/Chatlio.xcodeproj -experimental-emit-module-separately -disable-cmo

SwiftDriver HashTreeCollections normal arm64 com.apple.xcode.tools.swift.compiler (in target 'HashTreeCollections' from project 'swift-collections')
    cd /Users/aadityasingh/Documents/Development/element-x-ios/Chatlio.xcodeproj
    builtin-SwiftDriver -- /Applications/Xcode.app/Contents/Developer/Toolchains/XcodeDefault.xctoolchain/usr/bin/swiftc -module-name HashTreeCollections -Onone @/Users/aadityasingh/Library/Developer/Xcode/DerivedData/Chatlio-erkyzdeecsohoaggpwbjdvavzqfv/Build/Intermediates.noindex/swift-collections.build/Debug-iphonesimulator/HashTreeCollections.build/Objects-normal/arm64/HashTreeCollections.SwiftFileList -DSWIFT_PACKAGE -DDEBUG -DSWIFT_MODULE_RESOURCE_BUNDLE_UNAVAILABLE -DCOLLECTIONS_RANDOMIZED_TESTING -DXcode -enable-experimental-feature AvailabilityMacro\=SwiftStdlib\ 5.0:\ macOS\ 10.14.4,\ iOS\ 12.2,\ watchOS\ 5.2,\ tvOS\ 12.2 -enable-experimental-feature AvailabilityMacro\=SwiftStdlib\ 5.1:\ macOS\ 10.15,\ iOS\ 13.0,\ watchOS\ 6.0,\ tvOS\ 13.0 -enable-experimental-feature AvailabilityMacro\=SwiftStdlib\ 5.6:\ macOS\ 12.3,\ iOS\ 15.4,\ watchOS\ 8.5,\ tvOS\ 15.4 -enable-experimental-feature AvailabilityMacro\=SwiftStdlib\ 5.8:\ macOS\ 13.3,\ iOS\ 16.4,\ watchOS\ 9.4,\ tvOS\ 16.4 -enable-experimental-feature AvailabilityMacro\=SwiftStdlib\ 5.9:\ macOS\ 14.0,\ iOS\ 17.0,\ watchOS\ 10.0,\ tvOS\ 17.0 -enable-experimental-feature AvailabilityMacro\=SwiftStdlib\ 5.10:\ macOS\ 14.4,\ iOS\ 17.4,\ watchOS\ 10.4,\ tvOS\ 17.4,\ visionOS\ 1.1 -enable-experimental-feature AvailabilityMacro\=SwiftStdlib\ 6.0:\ macOS\ 15.0,\ iOS\ 18.0,\ watchOS\ 11.0,\ tvOS\ 18.0,\ visionOS\ 2.0 -enable-experimental-feature AvailabilityMacro\=SwiftStdlib\ 6.1:\ macOS\ 15.4,\ iOS\ 18.4,\ watchOS\ 11.4,\ tvOS\ 18.4,\ visionOS\ 2.4 -enable-experimental-feature AvailabilityMacro\=SwiftStdlib\ 6.2:\ macOS\ 26.0,\ iOS\ 26.0,\ watchOS\ 26.0,\ tvOS\ 26.0,\ visionOS\ 26.0 -enable-upcoming-feature MemberImportVisibility -enable-experimental-feature BuiltinModule -enable-experimental-feature Lifetimes -enable-experimental-feature InoutLifetimeDependence -enable-experimental-feature SuppressedAssociatedTypes -plugin-path /Applications/Xcode.app/Contents/Developer/Toolchains/XcodeDefault.xctoolchain/usr/lib/swift/host/plugins/testing -enable-experimental-feature DebugDescriptionMacro -sdk /Applications/Xcode.app/Contents/Developer/Platforms/iPhoneSimulator.platform/Developer/SDKs/iPhoneSimulator26.4.sdk -target arm64-apple-ios12.0-simulator -g -module-cache-path /Users/aadityasingh/Library/Developer/Xcode/DerivedData/ModuleCache.noindex -Xfrontend -serialize-debugging-options -profile-coverage-mapping -profile-generate -enable-testing -suppress-warnings -index-store-path /Users/aadityasingh/Library/Developer/Xcode/DerivedData/Chatlio-erkyzdeecsohoaggpwbjdvavzqfv/Index.noindex/DataStore -Xcc -D_LIBCPP_HARDENING_MODE\=_LIBCPP_HARDENING_MODE_DEBUG -swift-version 6 -I /Users/aadityasingh/Library/Developer/Xcode/DerivedData/Chatlio-erkyzdeecsohoaggpwbjdvavzqfv/Build/Products/Debug-iphonesimulator -Isystem /Applications/Xcode.app/Contents/Developer/Platforms/iPhoneSimulator.platform/Developer/usr/lib -F /Users/aadityasingh/Library/Developer/Xcode/DerivedData/Chatlio-erkyzdeecsohoaggpwbjdvavzqfv/Build/Products/Debug-iphonesimulator/PackageFrameworks -F /Users/aadityasingh/Library/Developer/Xcode/DerivedData/Chatlio-erkyzdeecsohoaggpwbjdvavzqfv/Build/Products/Debug-iphonesimulator -F /Applications/Xcode.app/Contents/Developer/Platforms/iPhoneSimulator.platform/Developer/Library/Frameworks -F /Applications/Xcode.app/Contents/Developer/Platforms/iPhoneSimulator.platform/Developer/SDKs/iPhoneSimulator26.4.sdk/Developer/Library/Frameworks -c -j12 -enable-batch-mode -incremental -Xcc -ivfsstatcache -Xcc /Users/aadityasingh/Library/Developer/Xcode/DerivedData/SDKStatCaches.noindex/iphonesimulator26.4-23E252-686eebb5dc1d8ecb277353a59184f4aa.sdkstatcache -output-file-map /Users/aadityasingh/Library/Developer/Xcode/DerivedData/Chatlio-erkyzdeecsohoaggpwbjdvavzqfv/Build/Intermediates.noindex/swift-collections.build/Debug-iphonesimulator/HashTreeCollections.build/Objects-normal/arm64/HashTreeCollections-OutputFileMap.json -use-frontend-parseable-output -save-temps -no-color-diagnostics -explicit-module-build -module-cache-path /Users/aadityasingh/Library/Developer/Xcode/DerivedData/Chatlio-erkyzdeecsohoaggpwbjdvavzqfv/Build/Intermediates.noindex/SwiftExplicitPrecompiledModules -clang-scanner-module-cache-path /Users/aadityasingh/Library/Developer/Xcode/DerivedData/ModuleCache.noindex -sdk-module-cache-path /Users/aadityasingh/Library/Developer/Xcode/DerivedData/ModuleCache.noindex -serialize-diagnostics -emit-dependencies -emit-module -emit-module-path /Users/aadityasingh/Library/Developer/Xcode/DerivedData/Chatlio-erkyzdeecsohoaggpwbjdvavzqfv/Build/Intermediates.noindex/swift-collections.build/Debug-iphonesimulator/HashTreeCollections.build/Objects-normal/arm64/HashTreeCollections.swiftmodule -user-module-version 1.3.0 -validate-clang-modules-once -clang-build-session-file /Users/aadityasingh/Library/Developer/Xcode/DerivedData/ModuleCache.noindex/Session.modulevalidation -package-name swift_collections -Xcc -I/Users/aadityasingh/Library/Developer/Xcode/DerivedData/Chatlio-erkyzdeecsohoaggpwbjdvavzqfv/Build/Intermediates.noindex/swift-collections.build/Debug-iphonesimulator/HashTreeCollections.build/swift-overrides.hmap -emit-const-values -Xfrontend -const-gather-protocols-file -Xfrontend /Users/aadityasingh/Library/Developer/Xcode/DerivedData/Chatlio-erkyzdeecsohoaggpwbjdvavzqfv/Build/Intermediates.noindex/swift-collections.build/Debug-iphonesimulator/HashTreeCollections.build/Objects-normal/arm64/HashTreeCollections_const_extract_protocols.json -Xcc -I/Users/aadityasingh/Library/Developer/Xcode/DerivedData/Chatlio-erkyzdeecsohoaggpwbjdvavzqfv/Build/Products/Debug-iphonesimulator/include -Xcc -I/Users/aadityasingh/Library/Developer/Xcode/DerivedData/Chatlio-erkyzdeecsohoaggpwbjdvavzqfv/Build/Intermediates.noindex/swift-collections.build/Debug-iphonesimulator/HashTreeCollections.build/DerivedSources-normal/arm64 -Xcc -I/Users/aadityasingh/Library/Developer/Xcode/DerivedData/Chatlio-erkyzdeecsohoaggpwbjdvavzqfv/Build/Intermediates.noindex/swift-collections.build/Debug-iphonesimulator/HashTreeCollections.build/DerivedSources/arm64 -Xcc -I/Users/aadityasingh/Library/Developer/Xcode/DerivedData/Chatlio-erkyzdeecsohoaggpwbjdvavzqfv/Build/Intermediates.noindex/swift-collections.build/Debug-iphonesimulator/HashTreeCollections.build/DerivedSources -Xcc -DSWIFT_PACKAGE -Xcc -DDEBUG\=1 -emit-objc-header -emit-objc-header-path /Users/aadityasingh/Library/Developer/Xcode/DerivedData/Chatlio-erkyzdeecsohoaggpwbjdvavzqfv/Build/Intermediates.noindex/swift-collections.build/Debug-iphonesimulator/HashTreeCollections.build/Objects-normal/arm64/HashTreeCollections-Swift.h -working-directory /Users/aadityasingh/Documents/Development/element-x-ios/Chatlio.xcodeproj -experimental-emit-module-separately -disable-cmo

CreateUniversalBinary /Users/aadityasingh/Library/Developer/Xcode/DerivedData/Chatlio-erkyzdeecsohoaggpwbjdvavzqfv/Build/Products/Debug-iphonesimulator/AnalyticsEvents.o normal arm64\ x86_64 (in target 'AnalyticsEvents' from project 'AnalyticsEvents')
    cd /Users/aadityasingh/Library/Developer/Xcode/DerivedData/Chatlio-erkyzdeecsohoaggpwbjdvavzqfv/SourcePackages/checkouts/matrix-analytics-events
    /Applications/Xcode.app/Contents/Developer/Toolchains/XcodeDefault.xctoolchain/usr/bin/lipo -create /Users/aadityasingh/Library/Developer/Xcode/DerivedData/Chatlio-erkyzdeecsohoaggpwbjdvavzqfv/Build/Intermediates.noindex/AnalyticsEvents.build/Debug-iphonesimulator/AnalyticsEvents.build/Objects-normal/arm64/Binary/AnalyticsEvents.o /Users/aadityasingh/Library/Developer/Xcode/DerivedData/Chatlio-erkyzdeecsohoaggpwbjdvavzqfv/Build/Intermediates.noindex/AnalyticsEvents.build/Debug-iphonesimulator/AnalyticsEvents.build/Objects-normal/x86_64/Binary/AnalyticsEvents.o -output /Users/aadityasingh/Library/Developer/Xcode/DerivedData/Chatlio-erkyzdeecsohoaggpwbjdvavzqfv/Build/Products/Debug-iphonesimulator/AnalyticsEvents.o

ExtractAppIntentsMetadata (in target 'DSWaveformImage' from project 'DSWaveformImage')
    cd /Users/aadityasingh/Library/Developer/Xcode/DerivedData/Chatlio-erkyzdeecsohoaggpwbjdvavzqfv/SourcePackages/checkouts/DSWaveformImage
    /Applications/Xcode.app/Contents/Developer/Toolchains/XcodeDefault.xctoolchain/usr/bin/appintentsmetadataprocessor --toolchain-dir /Applications/Xcode.app/Contents/Developer/Toolchains/XcodeDefault.xctoolchain --module-name DSWaveformImage --sdk-root /Applications/Xcode.app/Contents/Developer/Platforms/iPhoneSimulator.platform/Developer/SDKs/iPhoneSimulator26.4.sdk --xcode-version 17E202 --platform-family iOS --deployment-target 15.0 --bundle-identifier dswaveformimage.DSWaveformImage --output /Users/aadityasingh/Library/Developer/Xcode/DerivedData/Chatlio-erkyzdeecsohoaggpwbjdvavzqfv/Build/Products/Debug-iphonesimulator/DSWaveformImage.appintents --target-triple arm64-apple-ios15.0-simulator --target-triple x86_64-apple-ios15.0-simulator --binary-file /Users/aadityasingh/Library/Developer/Xcode/DerivedData/Chatlio-erkyzdeecsohoaggpwbjdvavzqfv/Build/Products/Debug-iphonesimulator/DSWaveformImage.o --dependency-file /Users/aadityasingh/Library/Developer/Xcode/DerivedData/Chatlio-erkyzdeecsohoaggpwbjdvavzqfv/Build/Intermediates.noindex/DSWaveformImage.build/Debug-iphonesimulator/DSWaveformImage.build/Objects-normal/arm64/DSWaveformImage_dependency_info.dat --dependency-file /Users/aadityasingh/Library/Developer/Xcode/DerivedData/Chatlio-erkyzdeecsohoaggpwbjdvavzqfv/Build/Intermediates.noindex/DSWaveformImage.build/Debug-iphonesimulator/DSWaveformImage.build/Objects-normal/x86_64/DSWaveformImage_dependency_info.dat --stringsdata-file /Users/aadityasingh/Library/Developer/Xcode/DerivedData/Chatlio-erkyzdeecsohoaggpwbjdvavzqfv/Build/Intermediates.noindex/DSWaveformImage.build/Debug-iphonesimulator/DSWaveformImage.build/Objects-normal/arm64/ExtractedAppShortcutsMetadata.stringsdata --stringsdata-file /Users/aadityasingh/Library/Developer/Xcode/DerivedData/Chatlio-erkyzdeecsohoaggpwbjdvavzqfv/Build/Intermediates.noindex/DSWaveformImage.build/Debug-iphonesimulator/DSWaveformImage.build/Objects-normal/x86_64/ExtractedAppShortcutsMetadata.stringsdata --source-file-list /Users/aadityasingh/Library/Developer/Xcode/DerivedData/Chatlio-erkyzdeecsohoaggpwbjdvavzqfv/Build/Intermediates.noindex/DSWaveformImage.build/Debug-iphonesimulator/DSWaveformImage.build/Objects-normal/arm64/DSWaveformImage.SwiftFileList --source-file-list /Users/aadityasingh/Library/Developer/Xcode/DerivedData/Chatlio-erkyzdeecsohoaggpwbjdvavzqfv/Build/Intermediates.noindex/DSWaveformImage.build/Debug-iphonesimulator/DSWaveformImage.build/Objects-normal/x86_64/DSWaveformImage.SwiftFileList --metadata-file-list /Users/aadityasingh/Library/Developer/Xcode/DerivedData/Chatlio-erkyzdeecsohoaggpwbjdvavzqfv/Build/Intermediates.noindex/DSWaveformImage.build/Debug-iphonesimulator/DSWaveformImage.build/DSWaveformImage.DependencyMetadataFileList --static-metadata-file-list /Users/aadityasingh/Library/Developer/Xcode/DerivedData/Chatlio-erkyzdeecsohoaggpwbjdvavzqfv/Build/Intermediates.noindex/DSWaveformImage.build/Debug-iphonesimulator/DSWaveformImage.build/DSWaveformImage.DependencyStaticMetadataFileList --swift-const-vals-list /Users/aadityasingh/Library/Developer/Xcode/DerivedData/Chatlio-erkyzdeecsohoaggpwbjdvavzqfv/Build/Intermediates.noindex/DSWaveformImage.build/Debug-iphonesimulator/DSWaveformImage.build/Objects-normal/arm64/DSWaveformImage.SwiftConstValuesFileList --swift-const-vals-list /Users/aadityasingh/Library/Developer/Xcode/DerivedData/Chatlio-erkyzdeecsohoaggpwbjdvavzqfv/Build/Intermediates.noindex/DSWaveformImage.build/Debug-iphonesimulator/DSWaveformImage.build/Objects-normal/x86_64/DSWaveformImage.SwiftConstValuesFileList --force --compile-time-extraction --deployment-aware-processing --validate-assistant-intents --no-app-shortcuts-localization
2026-05-11 23:03:46.796 appintentsmetadataprocessor[20276:2638256] Starting appintentsmetadataprocessor export
2026-05-11 23:03:46.828 appintentsmetadataprocessor[20276:2638256] Extracted no relevant App Intents symbols, skipping writing output

ExtractAppIntentsMetadata (in target 'Atomics' from project 'swift-atomics')
    cd /Users/aadityasingh/Library/Developer/Xcode/DerivedData/Chatlio-erkyzdeecsohoaggpwbjdvavzqfv/SourcePackages/checkouts/swift-atomics
    /Applications/Xcode.app/Contents/Developer/Toolchains/XcodeDefault.xctoolchain/usr/bin/appintentsmetadataprocessor --toolchain-dir /Applications/Xcode.app/Contents/Developer/Toolchains/XcodeDefault.xctoolchain --module-name Atomics --sdk-root /Applications/Xcode.app/Contents/Developer/Platforms/iPhoneSimulator.platform/Developer/SDKs/iPhoneSimulator26.4.sdk --xcode-version 17E202 --platform-family iOS --deployment-target 12.0 --bundle-identifier swift-atomics.Atomics --output /Users/aadityasingh/Library/Developer/Xcode/DerivedData/Chatlio-erkyzdeecsohoaggpwbjdvavzqfv/Build/Products/Debug-iphonesimulator/Atomics.appintents --target-triple arm64-apple-ios12.0-simulator --target-triple x86_64-apple-ios12.0-simulator --binary-file /Users/aadityasingh/Library/Developer/Xcode/DerivedData/Chatlio-erkyzdeecsohoaggpwbjdvavzqfv/Build/Products/Debug-iphonesimulator/Atomics.o --dependency-file /Users/aadityasingh/Library/Developer/Xcode/DerivedData/Chatlio-erkyzdeecsohoaggpwbjdvavzqfv/Build/Intermediates.noindex/swift-atomics.build/Debug-iphonesimulator/Atomics.build/Objects-normal/arm64/Atomics_dependency_info.dat --dependency-file /Users/aadityasingh/Library/Developer/Xcode/DerivedData/Chatlio-erkyzdeecsohoaggpwbjdvavzqfv/Build/Intermediates.noindex/swift-atomics.build/Debug-iphonesimulator/Atomics.build/Objects-normal/x86_64/Atomics_dependency_info.dat --stringsdata-file /Users/aadityasingh/Library/Developer/Xcode/DerivedData/Chatlio-erkyzdeecsohoaggpwbjdvavzqfv/Build/Intermediates.noindex/swift-atomics.build/Debug-iphonesimulator/Atomics.build/Objects-normal/arm64/ExtractedAppShortcutsMetadata.stringsdata --stringsdata-file /Users/aadityasingh/Library/Developer/Xcode/DerivedData/Chatlio-erkyzdeecsohoaggpwbjdvavzqfv/Build/Intermediates.noindex/swift-atomics.build/Debug-iphonesimulator/Atomics.build/Objects-normal/x86_64/ExtractedAppShortcutsMetadata.stringsdata --source-file-list /Users/aadityasingh/Library/Developer/Xcode/DerivedData/Chatlio-erkyzdeecsohoaggpwbjdvavzqfv/Build/Intermediates.noindex/swift-atomics.build/Debug-iphonesimulator/Atomics.build/Objects-normal/arm64/Atomics.SwiftFileList --source-file-list /Users/aadityasingh/Library/Developer/Xcode/DerivedData/Chatlio-erkyzdeecsohoaggpwbjdvavzqfv/Build/Intermediates.noindex/swift-atomics.build/Debug-iphonesimulator/Atomics.build/Objects-normal/x86_64/Atomics.SwiftFileList --metadata-file-list /Users/aadityasingh/Library/Developer/Xcode/DerivedData/Chatlio-erkyzdeecsohoaggpwbjdvavzqfv/Build/Intermediates.noindex/swift-atomics.build/Debug-iphonesimulator/Atomics.build/Atomics.DependencyMetadataFileList --static-metadata-file-list /Users/aadityasingh/Library/Developer/Xcode/DerivedData/Chatlio-erkyzdeecsohoaggpwbjdvavzqfv/Build/Intermediates.noindex/swift-atomics.build/Debug-iphonesimulator/Atomics.build/Atomics.DependencyStaticMetadataFileList --swift-const-vals-list /Users/aadityasingh/Library/Developer/Xcode/DerivedData/Chatlio-erkyzdeecsohoaggpwbjdvavzqfv/Build/Intermediates.noindex/swift-atomics.build/Debug-iphonesimulator/Atomics.build/Objects-normal/arm64/Atomics.SwiftConstValuesFileList --swift-const-vals-list /Users/aadityasingh/Library/Developer/Xcode/DerivedData/Chatlio-erkyzdeecsohoaggpwbjdvavzqfv/Build/Intermediates.noindex/swift-atomics.build/Debug-iphonesimulator/Atomics.build/Objects-normal/x86_64/Atomics.SwiftConstValuesFileList --force --compile-time-extraction --deployment-aware-processing --validate-assistant-intents --no-app-shortcuts-localization
2026-05-11 23:03:46.852 appintentsmetadataprocessor[20277:2638294] Starting appintentsmetadataprocessor export
2026-05-11 23:03:46.881 appintentsmetadataprocessor[20277:2638294] Extracted no relevant App Intents symbols, skipping writing output

SwiftDriver SwiftSoup normal x86_64 com.apple.xcode.tools.swift.compiler (in target 'SwiftSoup' from project 'SwiftSoup')
    cd /Users/aadityasingh/Documents/Development/element-x-ios/Chatlio.xcodeproj
    builtin-SwiftDriver -- /Applications/Xcode.app/Contents/Developer/Toolchains/XcodeDefault.xctoolchain/usr/bin/swiftc -module-name SwiftSoup -Onone @/Users/aadityasingh/Library/Developer/Xcode/DerivedData/Chatlio-erkyzdeecsohoaggpwbjdvavzqfv/Build/Intermediates.noindex/SwiftSoup.build/Debug-iphonesimulator/SwiftSoup.build/Objects-normal/x86_64/SwiftSoup.SwiftFileList -DSWIFT_PACKAGE -DDEBUG -DSWIFT_MODULE_RESOURCE_BUNDLE_UNAVAILABLE -DXcode -plugin-path /Applications/Xcode.app/Contents/Developer/Toolchains/XcodeDefault.xctoolchain/usr/lib/swift/host/plugins/testing -enable-experimental-feature DebugDescriptionMacro -sdk /Applications/Xcode.app/Contents/Developer/Platforms/iPhoneSimulator.platform/Developer/SDKs/iPhoneSimulator26.4.sdk -target x86_64-apple-ios13.0-simulator -g -module-cache-path /Users/aadityasingh/Library/Developer/Xcode/DerivedData/ModuleCache.noindex -Xfrontend -serialize-debugging-options -profile-coverage-mapping -profile-generate -enable-testing -suppress-warnings -index-store-path /Users/aadityasingh/Library/Developer/Xcode/DerivedData/Chatlio-erkyzdeecsohoaggpwbjdvavzqfv/Index.noindex/DataStore -Xcc -D_LIBCPP_HARDENING_MODE\=_LIBCPP_HARDENING_MODE_DEBUG -swift-version 6 -I /Users/aadityasingh/Library/Developer/Xcode/DerivedData/Chatlio-erkyzdeecsohoaggpwbjdvavzqfv/Build/Products/Debug-iphonesimulator -Isystem /Applications/Xcode.app/Contents/Developer/Platforms/iPhoneSimulator.platform/Developer/usr/lib -F /Users/aadityasingh/Library/Developer/Xcode/DerivedData/Chatlio-erkyzdeecsohoaggpwbjdvavzqfv/Build/Products/Debug-iphonesimulator/PackageFrameworks -F /Users/aadityasingh/Library/Developer/Xcode/DerivedData/Chatlio-erkyzdeecsohoaggpwbjdvavzqfv/Build/Products/Debug-iphonesimulator/PackageFrameworks -F /Users/aadityasingh/Library/Developer/Xcode/DerivedData/Chatlio-erkyzdeecsohoaggpwbjdvavzqfv/Build/Products/Debug-iphonesimulator/PackageFrameworks -F /Users/aadityasingh/Library/Developer/Xcode/DerivedData/Chatlio-erkyzdeecsohoaggpwbjdvavzqfv/Build/Products/Debug-iphonesimulator -F /Applications/Xcode.app/Contents/Developer/Platforms/iPhoneSimulator.platform/Developer/Library/Frameworks -F /Applications/Xcode.app/Contents/Developer/Platforms/iPhoneSimulator.platform/Developer/SDKs/iPhoneSimulator26.4.sdk/Developer/Library/Frameworks -c -j12 -enable-batch-mode -incremental -Xcc -ivfsstatcache -Xcc /Users/aadityasingh/Library/Developer/Xcode/DerivedData/SDKStatCaches.noindex/iphonesimulator26.4-23E252-686eebb5dc1d8ecb277353a59184f4aa.sdkstatcache -output-file-map /Users/aadityasingh/Library/Developer/Xcode/DerivedData/Chatlio-erkyzdeecsohoaggpwbjdvavzqfv/Build/Intermediates.noindex/SwiftSoup.build/Debug-iphonesimulator/SwiftSoup.build/Objects-normal/x86_64/SwiftSoup-OutputFileMap.json -use-frontend-parseable-output -save-temps -no-color-diagnostics -explicit-module-build -module-cache-path /Users/aadityasingh/Library/Developer/Xcode/DerivedData/Chatlio-erkyzdeecsohoaggpwbjdvavzqfv/Build/Intermediates.noindex/SwiftExplicitPrecompiledModules -clang-scanner-module-cache-path /Users/aadityasingh/Library/Developer/Xcode/DerivedData/ModuleCache.noindex -sdk-module-cache-path /Users/aadityasingh/Library/Developer/Xcode/DerivedData/ModuleCache.noindex -serialize-diagnostics -emit-dependencies -emit-module -emit-module-path /Users/aadityasingh/Library/Developer/Xcode/DerivedData/Chatlio-erkyzdeecsohoaggpwbjdvavzqfv/Build/Intermediates.noindex/SwiftSoup.build/Debug-iphonesimulator/SwiftSoup.build/Objects-normal/x86_64/SwiftSoup.swiftmodule -user-module-version 2.11.3 -validate-clang-modules-once -clang-build-session-file /Users/aadityasingh/Library/Developer/Xcode/DerivedData/ModuleCache.noindex/Session.modulevalidation -package-name swiftsoup -Xcc -I/Users/aadityasingh/Library/Developer/Xcode/DerivedData/Chatlio-erkyzdeecsohoaggpwbjdvavzqfv/Build/Intermediates.noindex/SwiftSoup.build/Debug-iphonesimulator/SwiftSoup.build/swift-overrides.hmap -emit-const-values -Xfrontend -const-gather-protocols-file -Xfrontend /Users/aadityasingh/Library/Developer/Xcode/DerivedData/Chatlio-erkyzdeecsohoaggpwbjdvavzqfv/Build/Intermediates.noindex/SwiftSoup.build/Debug-iphonesimulator/SwiftSoup.build/Objects-normal/x86_64/SwiftSoup_const_extract_protocols.json -Xcc -I/Users/aadityasingh/Library/Developer/Xcode/DerivedData/Chatlio-erkyzdeecsohoaggpwbjdvavzqfv/SourcePackages/checkouts/swift-atomics/Sources/_AtomicsShims/include -Xcc -I/Users/aadityasingh/Library/Developer/Xcode/DerivedData/Chatlio-erkyzdeecsohoaggpwbjdvavzqfv/Build/Products/Debug-iphonesimulator/include -Xcc -I/Users/aadityasingh/Library/Developer/Xcode/DerivedData/Chatlio-erkyzdeecsohoaggpwbjdvavzqfv/Build/Intermediates.noindex/SwiftSoup.build/Debug-iphonesimulator/SwiftSoup.build/DerivedSources-normal/x86_64 -Xcc -I/Users/aadityasingh/Library/Developer/Xcode/DerivedData/Chatlio-erkyzdeecsohoaggpwbjdvavzqfv/Build/Intermediates.noindex/SwiftSoup.build/Debug-iphonesimulator/SwiftSoup.build/DerivedSources/x86_64 -Xcc -I/Users/aadityasingh/Library/Developer/Xcode/DerivedData/Chatlio-erkyzdeecsohoaggpwbjdvavzqfv/Build/Intermediates.noindex/SwiftSoup.build/Debug-iphonesimulator/SwiftSoup.build/DerivedSources -Xcc -DSWIFT_PACKAGE -Xcc -DDEBUG\=1 -emit-objc-header -emit-objc-header-path /Users/aadityasingh/Library/Developer/Xcode/DerivedData/Chatlio-erkyzdeecsohoaggpwbjdvavzqfv/Build/Intermediates.noindex/SwiftSoup.build/Debug-iphonesimulator/SwiftSoup.build/Objects-normal/x86_64/SwiftSoup-Swift.h -working-directory /Users/aadityasingh/Documents/Development/element-x-ios/Chatlio.xcodeproj -experimental-emit-module-separately -disable-cmo

SwiftDriver SwiftSoup normal arm64 com.apple.xcode.tools.swift.compiler (in target 'SwiftSoup' from project 'SwiftSoup')
    cd /Users/aadityasingh/Documents/Development/element-x-ios/Chatlio.xcodeproj
    builtin-SwiftDriver -- /Applications/Xcode.app/Contents/Developer/Toolchains/XcodeDefault.xctoolchain/usr/bin/swiftc -module-name SwiftSoup -Onone @/Users/aadityasingh/Library/Developer/Xcode/DerivedData/Chatlio-erkyzdeecsohoaggpwbjdvavzqfv/Build/Intermediates.noindex/SwiftSoup.build/Debug-iphonesimulator/SwiftSoup.build/Objects-normal/arm64/SwiftSoup.SwiftFileList -DSWIFT_PACKAGE -DDEBUG -DSWIFT_MODULE_RESOURCE_BUNDLE_UNAVAILABLE -DXcode -plugin-path /Applications/Xcode.app/Contents/Developer/Toolchains/XcodeDefault.xctoolchain/usr/lib/swift/host/plugins/testing -enable-experimental-feature DebugDescriptionMacro -sdk /Applications/Xcode.app/Contents/Developer/Platforms/iPhoneSimulator.platform/Developer/SDKs/iPhoneSimulator26.4.sdk -target arm64-apple-ios13.0-simulator -g -module-cache-path /Users/aadityasingh/Library/Developer/Xcode/DerivedData/ModuleCache.noindex -Xfrontend -serialize-debugging-options -profile-coverage-mapping -profile-generate -enable-testing -suppress-warnings -index-store-path /Users/aadityasingh/Library/Developer/Xcode/DerivedData/Chatlio-erkyzdeecsohoaggpwbjdvavzqfv/Index.noindex/DataStore -Xcc -D_LIBCPP_HARDENING_MODE\=_LIBCPP_HARDENING_MODE_DEBUG -swift-version 6 -I /Users/aadityasingh/Library/Developer/Xcode/DerivedData/Chatlio-erkyzdeecsohoaggpwbjdvavzqfv/Build/Products/Debug-iphonesimulator -Isystem /Applications/Xcode.app/Contents/Developer/Platforms/iPhoneSimulator.platform/Developer/usr/lib -F /Users/aadityasingh/Library/Developer/Xcode/DerivedData/Chatlio-erkyzdeecsohoaggpwbjdvavzqfv/Build/Products/Debug-iphonesimulator/PackageFrameworks -F /Users/aadityasingh/Library/Developer/Xcode/DerivedData/Chatlio-erkyzdeecsohoaggpwbjdvavzqfv/Build/Products/Debug-iphonesimulator/PackageFrameworks -F /Users/aadityasingh/Library/Developer/Xcode/DerivedData/Chatlio-erkyzdeecsohoaggpwbjdvavzqfv/Build/Products/Debug-iphonesimulator/PackageFrameworks -F /Users/aadityasingh/Library/Developer/Xcode/DerivedData/Chatlio-erkyzdeecsohoaggpwbjdvavzqfv/Build/Products/Debug-iphonesimulator -F /Applications/Xcode.app/Contents/Developer/Platforms/iPhoneSimulator.platform/Developer/Library/Frameworks -F /Applications/Xcode.app/Contents/Developer/Platforms/iPhoneSimulator.platform/Developer/SDKs/iPhoneSimulator26.4.sdk/Developer/Library/Frameworks -c -j12 -enable-batch-mode -incremental -Xcc -ivfsstatcache -Xcc /Users/aadityasingh/Library/Developer/Xcode/DerivedData/SDKStatCaches.noindex/iphonesimulator26.4-23E252-686eebb5dc1d8ecb277353a59184f4aa.sdkstatcache -output-file-map /Users/aadityasingh/Library/Developer/Xcode/DerivedData/Chatlio-erkyzdeecsohoaggpwbjdvavzqfv/Build/Intermediates.noindex/SwiftSoup.build/Debug-iphonesimulator/SwiftSoup.build/Objects-normal/arm64/SwiftSoup-OutputFileMap.json -use-frontend-parseable-output -save-temps -no-color-diagnostics -explicit-module-build -module-cache-path /Users/aadityasingh/Library/Developer/Xcode/DerivedData/Chatlio-erkyzdeecsohoaggpwbjdvavzqfv/Build/Intermediates.noindex/SwiftExplicitPrecompiledModules -clang-scanner-module-cache-path /Users/aadityasingh/Library/Developer/Xcode/DerivedData/ModuleCache.noindex -sdk-module-cache-path /Users/aadityasingh/Library/Developer/Xcode/DerivedData/ModuleCache.noindex -serialize-diagnostics -emit-dependencies -emit-module -emit-module-path /Users/aadityasingh/Library/Developer/Xcode/DerivedData/Chatlio-erkyzdeecsohoaggpwbjdvavzqfv/Build/Intermediates.noindex/SwiftSoup.build/Debug-iphonesimulator/SwiftSoup.build/Objects-normal/arm64/SwiftSoup.swiftmodule -user-module-version 2.11.3 -validate-clang-modules-once -clang-build-session-file /Users/aadityasingh/Library/Developer/Xcode/DerivedData/ModuleCache.noindex/Session.modulevalidation -package-name swiftsoup -Xcc -I/Users/aadityasingh/Library/Developer/Xcode/DerivedData/Chatlio-erkyzdeecsohoaggpwbjdvavzqfv/Build/Intermediates.noindex/SwiftSoup.build/Debug-iphonesimulator/SwiftSoup.build/swift-overrides.hmap -emit-const-values -Xfrontend -const-gather-protocols-file -Xfrontend /Users/aadityasingh/Library/Developer/Xcode/DerivedData/Chatlio-erkyzdeecsohoaggpwbjdvavzqfv/Build/Intermediates.noindex/SwiftSoup.build/Debug-iphonesimulator/SwiftSoup.build/Objects-normal/arm64/SwiftSoup_const_extract_protocols.json -Xcc -I/Users/aadityasingh/Library/Developer/Xcode/DerivedData/Chatlio-erkyzdeecsohoaggpwbjdvavzqfv/SourcePackages/checkouts/swift-atomics/Sources/_AtomicsShims/include -Xcc -I/Users/aadityasingh/Library/Developer/Xcode/DerivedData/Chatlio-erkyzdeecsohoaggpwbjdvavzqfv/Build/Products/Debug-iphonesimulator/include -Xcc -I/Users/aadityasingh/Library/Developer/Xcode/DerivedData/Chatlio-erkyzdeecsohoaggpwbjdvavzqfv/Build/Intermediates.noindex/SwiftSoup.build/Debug-iphonesimulator/SwiftSoup.build/DerivedSources-normal/arm64 -Xcc -I/Users/aadityasingh/Library/Developer/Xcode/DerivedData/Chatlio-erkyzdeecsohoaggpwbjdvavzqfv/Build/Intermediates.noindex/SwiftSoup.build/Debug-iphonesimulator/SwiftSoup.build/DerivedSources/arm64 -Xcc -I/Users/aadityasingh/Library/Developer/Xcode/DerivedData/Chatlio-erkyzdeecsohoaggpwbjdvavzqfv/Build/Intermediates.noindex/SwiftSoup.build/Debug-iphonesimulator/SwiftSoup.build/DerivedSources -Xcc -DSWIFT_PACKAGE -Xcc -DDEBUG\=1 -emit-objc-header -emit-objc-header-path /Users/aadityasingh/Library/Developer/Xcode/DerivedData/Chatlio-erkyzdeecsohoaggpwbjdvavzqfv/Build/Intermediates.noindex/SwiftSoup.build/Debug-iphonesimulator/SwiftSoup.build/Objects-normal/arm64/SwiftSoup-Swift.h -working-directory /Users/aadityasingh/Documents/Development/element-x-ios/Chatlio.xcodeproj -experimental-emit-module-separately -disable-cmo

SwiftDriver HeapModule normal arm64 com.apple.xcode.tools.swift.compiler (in target 'HeapModule' from project 'swift-collections')
    cd /Users/aadityasingh/Documents/Development/element-x-ios/Chatlio.xcodeproj
    builtin-SwiftDriver -- /Applications/Xcode.app/Contents/Developer/Toolchains/XcodeDefault.xctoolchain/usr/bin/swiftc -module-name HeapModule -Onone @/Users/aadityasingh/Library/Developer/Xcode/DerivedData/Chatlio-erkyzdeecsohoaggpwbjdvavzqfv/Build/Intermediates.noindex/swift-collections.build/Debug-iphonesimulator/HeapModule.build/Objects-normal/arm64/HeapModule.SwiftFileList -DSWIFT_PACKAGE -DDEBUG -DSWIFT_MODULE_RESOURCE_BUNDLE_UNAVAILABLE -DCOLLECTIONS_RANDOMIZED_TESTING -DXcode -enable-experimental-feature AvailabilityMacro\=SwiftStdlib\ 5.0:\ macOS\ 10.14.4,\ iOS\ 12.2,\ watchOS\ 5.2,\ tvOS\ 12.2 -enable-experimental-feature AvailabilityMacro\=SwiftStdlib\ 5.1:\ macOS\ 10.15,\ iOS\ 13.0,\ watchOS\ 6.0,\ tvOS\ 13.0 -enable-experimental-feature AvailabilityMacro\=SwiftStdlib\ 5.6:\ macOS\ 12.3,\ iOS\ 15.4,\ watchOS\ 8.5,\ tvOS\ 15.4 -enable-experimental-feature AvailabilityMacro\=SwiftStdlib\ 5.8:\ macOS\ 13.3,\ iOS\ 16.4,\ watchOS\ 9.4,\ tvOS\ 16.4 -enable-experimental-feature AvailabilityMacro\=SwiftStdlib\ 5.9:\ macOS\ 14.0,\ iOS\ 17.0,\ watchOS\ 10.0,\ tvOS\ 17.0 -enable-experimental-feature AvailabilityMacro\=SwiftStdlib\ 5.10:\ macOS\ 14.4,\ iOS\ 17.4,\ watchOS\ 10.4,\ tvOS\ 17.4,\ visionOS\ 1.1 -enable-experimental-feature AvailabilityMacro\=SwiftStdlib\ 6.0:\ macOS\ 15.0,\ iOS\ 18.0,\ watchOS\ 11.0,\ tvOS\ 18.0,\ visionOS\ 2.0 -enable-experimental-feature AvailabilityMacro\=SwiftStdlib\ 6.1:\ macOS\ 15.4,\ iOS\ 18.4,\ watchOS\ 11.4,\ tvOS\ 18.4,\ visionOS\ 2.4 -enable-experimental-feature AvailabilityMacro\=SwiftStdlib\ 6.2:\ macOS\ 26.0,\ iOS\ 26.0,\ watchOS\ 26.0,\ tvOS\ 26.0,\ visionOS\ 26.0 -enable-upcoming-feature MemberImportVisibility -enable-experimental-feature BuiltinModule -enable-experimental-feature Lifetimes -enable-experimental-feature InoutLifetimeDependence -enable-experimental-feature SuppressedAssociatedTypes -plugin-path /Applications/Xcode.app/Contents/Developer/Toolchains/XcodeDefault.xctoolchain/usr/lib/swift/host/plugins/testing -enable-experimental-feature DebugDescriptionMacro -sdk /Applications/Xcode.app/Contents/Developer/Platforms/iPhoneSimulator.platform/Developer/SDKs/iPhoneSimulator26.4.sdk -target arm64-apple-ios12.0-simulator -g -module-cache-path /Users/aadityasingh/Library/Developer/Xcode/DerivedData/ModuleCache.noindex -Xfrontend -serialize-debugging-options -profile-coverage-mapping -profile-generate -enable-testing -suppress-warnings -index-store-path /Users/aadityasingh/Library/Developer/Xcode/DerivedData/Chatlio-erkyzdeecsohoaggpwbjdvavzqfv/Index.noindex/DataStore -Xcc -D_LIBCPP_HARDENING_MODE\=_LIBCPP_HARDENING_MODE_DEBUG -swift-version 6 -I /Users/aadityasingh/Library/Developer/Xcode/DerivedData/Chatlio-erkyzdeecsohoaggpwbjdvavzqfv/Build/Products/Debug-iphonesimulator -Isystem /Applications/Xcode.app/Contents/Developer/Platforms/iPhoneSimulator.platform/Developer/usr/lib -F /Users/aadityasingh/Library/Developer/Xcode/DerivedData/Chatlio-erkyzdeecsohoaggpwbjdvavzqfv/Build/Products/Debug-iphonesimulator/PackageFrameworks -F /Users/aadityasingh/Library/Developer/Xcode/DerivedData/Chatlio-erkyzdeecsohoaggpwbjdvavzqfv/Build/Products/Debug-iphonesimulator -F /Applications/Xcode.app/Contents/Developer/Platforms/iPhoneSimulator.platform/Developer/Library/Frameworks -F /Applications/Xcode.app/Contents/Developer/Platforms/iPhoneSimulator.platform/Developer/SDKs/iPhoneSimulator26.4.sdk/Developer/Library/Frameworks -c -j12 -enable-batch-mode -incremental -Xcc -ivfsstatcache -Xcc /Users/aadityasingh/Library/Developer/Xcode/DerivedData/SDKStatCaches.noindex/iphonesimulator26.4-23E252-686eebb5dc1d8ecb277353a59184f4aa.sdkstatcache -output-file-map /Users/aadityasingh/Library/Developer/Xcode/DerivedData/Chatlio-erkyzdeecsohoaggpwbjdvavzqfv/Build/Intermediates.noindex/swift-collections.build/Debug-iphonesimulator/HeapModule.build/Objects-normal/arm64/HeapModule-OutputFileMap.json -use-frontend-parseable-output -save-temps -no-color-diagnostics -explicit-module-build -module-cache-path /Users/aadityasingh/Library/Developer/Xcode/DerivedData/Chatlio-erkyzdeecsohoaggpwbjdvavzqfv/Build/Intermediates.noindex/SwiftExplicitPrecompiledModules -clang-scanner-module-cache-path /Users/aadityasingh/Library/Developer/Xcode/DerivedData/ModuleCache.noindex -sdk-module-cache-path /Users/aadityasingh/Library/Developer/Xcode/DerivedData/ModuleCache.noindex -serialize-diagnostics -emit-dependencies -emit-module -emit-module-path /Users/aadityasingh/Library/Developer/Xcode/DerivedData/Chatlio-erkyzdeecsohoaggpwbjdvavzqfv/Build/Intermediates.noindex/swift-collections.build/Debug-iphonesimulator/HeapModule.build/Objects-normal/arm64/HeapModule.swiftmodule -user-module-version 1.3.0 -validate-clang-modules-once -clang-build-session-file /Users/aadityasingh/Library/Developer/Xcode/DerivedData/ModuleCache.noindex/Session.modulevalidation -package-name swift_collections -Xcc -I/Users/aadityasingh/Library/Developer/Xcode/DerivedData/Chatlio-erkyzdeecsohoaggpwbjdvavzqfv/Build/Intermediates.noindex/swift-collections.build/Debug-iphonesimulator/HeapModule.build/swift-overrides.hmap -emit-const-values -Xfrontend -const-gather-protocols-file -Xfrontend /Users/aadityasingh/Library/Developer/Xcode/DerivedData/Chatlio-erkyzdeecsohoaggpwbjdvavzqfv/Build/Intermediates.noindex/swift-collections.build/Debug-iphonesimulator/HeapModule.build/Objects-normal/arm64/HeapModule_const_extract_protocols.json -Xcc -I/Users/aadityasingh/Library/Developer/Xcode/DerivedData/Chatlio-erkyzdeecsohoaggpwbjdvavzqfv/Build/Products/Debug-iphonesimulator/include -Xcc -I/Users/aadityasingh/Library/Developer/Xcode/DerivedData/Chatlio-erkyzdeecsohoaggpwbjdvavzqfv/Build/Intermediates.noindex/swift-collections.build/Debug-iphonesimulator/HeapModule.build/DerivedSources-normal/arm64 -Xcc -I/Users/aadityasingh/Library/Developer/Xcode/DerivedData/Chatlio-erkyzdeecsohoaggpwbjdvavzqfv/Build/Intermediates.noindex/swift-collections.build/Debug-iphonesimulator/HeapModule.build/DerivedSources/arm64 -Xcc -I/Users/aadityasingh/Library/Developer/Xcode/DerivedData/Chatlio-erkyzdeecsohoaggpwbjdvavzqfv/Build/Intermediates.noindex/swift-collections.build/Debug-iphonesimulator/HeapModule.build/DerivedSources -Xcc -DSWIFT_PACKAGE -Xcc -DDEBUG\=1 -emit-objc-header -emit-objc-header-path /Users/aadityasingh/Library/Developer/Xcode/DerivedData/Chatlio-erkyzdeecsohoaggpwbjdvavzqfv/Build/Intermediates.noindex/swift-collections.build/Debug-iphonesimulator/HeapModule.build/Objects-normal/arm64/HeapModule-Swift.h -working-directory /Users/aadityasingh/Documents/Development/element-x-ios/Chatlio.xcodeproj -experimental-emit-module-separately -disable-cmo

SwiftEmitModule normal x86_64 Emitting\ module\ for\ OrderedCollections (in target 'OrderedCollections' from project 'swift-collections')

EmitSwiftModule normal x86_64 (in target 'OrderedCollections' from project 'swift-collections')
    cd /Users/aadityasingh/Documents/Development/element-x-ios/Chatlio.xcodeproj
    

SwiftEmitModule normal arm64 Emitting\ module\ for\ OrderedCollections (in target 'OrderedCollections' from project 'swift-collections')

EmitSwiftModule normal arm64 (in target 'OrderedCollections' from project 'swift-collections')
    cd /Users/aadityasingh/Documents/Development/element-x-ios/Chatlio.xcodeproj
    

SwiftDriver HeapModule normal x86_64 com.apple.xcode.tools.swift.compiler (in target 'HeapModule' from project 'swift-collections')
    cd /Users/aadityasingh/Documents/Development/element-x-ios/Chatlio.xcodeproj
    builtin-SwiftDriver -- /Applications/Xcode.app/Contents/Developer/Toolchains/XcodeDefault.xctoolchain/usr/bin/swiftc -module-name HeapModule -Onone @/Users/aadityasingh/Library/Developer/Xcode/DerivedData/Chatlio-erkyzdeecsohoaggpwbjdvavzqfv/Build/Intermediates.noindex/swift-collections.build/Debug-iphonesimulator/HeapModule.build/Objects-normal/x86_64/HeapModule.SwiftFileList -DSWIFT_PACKAGE -DDEBUG -DSWIFT_MODULE_RESOURCE_BUNDLE_UNAVAILABLE -DCOLLECTIONS_RANDOMIZED_TESTING -DXcode -enable-experimental-feature AvailabilityMacro\=SwiftStdlib\ 5.0:\ macOS\ 10.14.4,\ iOS\ 12.2,\ watchOS\ 5.2,\ tvOS\ 12.2 -enable-experimental-feature AvailabilityMacro\=SwiftStdlib\ 5.1:\ macOS\ 10.15,\ iOS\ 13.0,\ watchOS\ 6.0,\ tvOS\ 13.0 -enable-experimental-feature AvailabilityMacro\=SwiftStdlib\ 5.6:\ macOS\ 12.3,\ iOS\ 15.4,\ watchOS\ 8.5,\ tvOS\ 15.4 -enable-experimental-feature AvailabilityMacro\=SwiftStdlib\ 5.8:\ macOS\ 13.3,\ iOS\ 16.4,\ watchOS\ 9.4,\ tvOS\ 16.4 -enable-experimental-feature AvailabilityMacro\=SwiftStdlib\ 5.9:\ macOS\ 14.0,\ iOS\ 17.0,\ watchOS\ 10.0,\ tvOS\ 17.0 -enable-experimental-feature AvailabilityMacro\=SwiftStdlib\ 5.10:\ macOS\ 14.4,\ iOS\ 17.4,\ watchOS\ 10.4,\ tvOS\ 17.4,\ visionOS\ 1.1 -enable-experimental-feature AvailabilityMacro\=SwiftStdlib\ 6.0:\ macOS\ 15.0,\ iOS\ 18.0,\ watchOS\ 11.0,\ tvOS\ 18.0,\ visionOS\ 2.0 -enable-experimental-feature AvailabilityMacro\=SwiftStdlib\ 6.1:\ macOS\ 15.4,\ iOS\ 18.4,\ watchOS\ 11.4,\ tvOS\ 18.4,\ visionOS\ 2.4 -enable-experimental-feature AvailabilityMacro\=SwiftStdlib\ 6.2:\ macOS\ 26.0,\ iOS\ 26.0,\ watchOS\ 26.0,\ tvOS\ 26.0,\ visionOS\ 26.0 -enable-upcoming-feature MemberImportVisibility -enable-experimental-feature BuiltinModule -enable-experimental-feature Lifetimes -enable-experimental-feature InoutLifetimeDependence -enable-experimental-feature SuppressedAssociatedTypes -plugin-path /Applications/Xcode.app/Contents/Developer/Toolchains/XcodeDefault.xctoolchain/usr/lib/swift/host/plugins/testing -enable-experimental-feature DebugDescriptionMacro -sdk /Applications/Xcode.app/Contents/Developer/Platforms/iPhoneSimulator.platform/Developer/SDKs/iPhoneSimulator26.4.sdk -target x86_64-apple-ios12.0-simulator -g -module-cache-path /Users/aadityasingh/Library/Developer/Xcode/DerivedData/ModuleCache.noindex -Xfrontend -serialize-debugging-options -profile-coverage-mapping -profile-generate -enable-testing -suppress-warnings -index-store-path /Users/aadityasingh/Library/Developer/Xcode/DerivedData/Chatlio-erkyzdeecsohoaggpwbjdvavzqfv/Index.noindex/DataStore -Xcc -D_LIBCPP_HARDENING_MODE\=_LIBCPP_HARDENING_MODE_DEBUG -swift-version 6 -I /Users/aadityasingh/Library/Developer/Xcode/DerivedData/Chatlio-erkyzdeecsohoaggpwbjdvavzqfv/Build/Products/Debug-iphonesimulator -Isystem /Applications/Xcode.app/Contents/Developer/Platforms/iPhoneSimulator.platform/Developer/usr/lib -F /Users/aadityasingh/Library/Developer/Xcode/DerivedData/Chatlio-erkyzdeecsohoaggpwbjdvavzqfv/Build/Products/Debug-iphonesimulator/PackageFrameworks -F /Users/aadityasingh/Library/Developer/Xcode/DerivedData/Chatlio-erkyzdeecsohoaggpwbjdvavzqfv/Build/Products/Debug-iphonesimulator -F /Applications/Xcode.app/Contents/Developer/Platforms/iPhoneSimulator.platform/Developer/Library/Frameworks -F /Applications/Xcode.app/Contents/Developer/Platforms/iPhoneSimulator.platform/Developer/SDKs/iPhoneSimulator26.4.sdk/Developer/Library/Frameworks -c -j12 -enable-batch-mode -incremental -Xcc -ivfsstatcache -Xcc /Users/aadityasingh/Library/Developer/Xcode/DerivedData/SDKStatCaches.noindex/iphonesimulator26.4-23E252-686eebb5dc1d8ecb277353a59184f4aa.sdkstatcache -output-file-map /Users/aadityasingh/Library/Developer/Xcode/DerivedData/Chatlio-erkyzdeecsohoaggpwbjdvavzqfv/Build/Intermediates.noindex/swift-collections.build/Debug-iphonesimulator/HeapModule.build/Objects-normal/x86_64/HeapModule-OutputFileMap.json -use-frontend-parseable-output -save-temps -no-color-diagnostics -explicit-module-build -module-cache-path /Users/aadityasingh/Library/Developer/Xcode/DerivedData/Chatlio-erkyzdeecsohoaggpwbjdvavzqfv/Build/Intermediates.noindex/SwiftExplicitPrecompiledModules -clang-scanner-module-cache-path /Users/aadityasingh/Library/Developer/Xcode/DerivedData/ModuleCache.noindex -sdk-module-cache-path /Users/aadityasingh/Library/Developer/Xcode/DerivedData/ModuleCache.noindex -serialize-diagnostics -emit-dependencies -emit-module -emit-module-path /Users/aadityasingh/Library/Developer/Xcode/DerivedData/Chatlio-erkyzdeecsohoaggpwbjdvavzqfv/Build/Intermediates.noindex/swift-collections.build/Debug-iphonesimulator/HeapModule.build/Objects-normal/x86_64/HeapModule.swiftmodule -user-module-version 1.3.0 -validate-clang-modules-once -clang-build-session-file /Users/aadityasingh/Library/Developer/Xcode/DerivedData/ModuleCache.noindex/Session.modulevalidation -package-name swift_collections -Xcc -I/Users/aadityasingh/Library/Developer/Xcode/DerivedData/Chatlio-erkyzdeecsohoaggpwbjdvavzqfv/Build/Intermediates.noindex/swift-collections.build/Debug-iphonesimulator/HeapModule.build/swift-overrides.hmap -emit-const-values -Xfrontend -const-gather-protocols-file -Xfrontend /Users/aadityasingh/Library/Developer/Xcode/DerivedData/Chatlio-erkyzdeecsohoaggpwbjdvavzqfv/Build/Intermediates.noindex/swift-collections.build/Debug-iphonesimulator/HeapModule.build/Objects-normal/x86_64/HeapModule_const_extract_protocols.json -Xcc -I/Users/aadityasingh/Library/Developer/Xcode/DerivedData/Chatlio-erkyzdeecsohoaggpwbjdvavzqfv/Build/Products/Debug-iphonesimulator/include -Xcc -I/Users/aadityasingh/Library/Developer/Xcode/DerivedData/Chatlio-erkyzdeecsohoaggpwbjdvavzqfv/Build/Intermediates.noindex/swift-collections.build/Debug-iphonesimulator/HeapModule.build/DerivedSources-normal/x86_64 -Xcc -I/Users/aadityasingh/Library/Developer/Xcode/DerivedData/Chatlio-erkyzdeecsohoaggpwbjdvavzqfv/Build/Intermediates.noindex/swift-collections.build/Debug-iphonesimulator/HeapModule.build/DerivedSources/x86_64 -Xcc -I/Users/aadityasingh/Library/Developer/Xcode/DerivedData/Chatlio-erkyzdeecsohoaggpwbjdvavzqfv/Build/Intermediates.noindex/swift-collections.build/Debug-iphonesimulator/HeapModule.build/DerivedSources -Xcc -DSWIFT_PACKAGE -Xcc -DDEBUG\=1 -emit-objc-header -emit-objc-header-path /Users/aadityasingh/Library/Developer/Xcode/DerivedData/Chatlio-erkyzdeecsohoaggpwbjdvavzqfv/Build/Intermediates.noindex/swift-collections.build/Debug-iphonesimulator/HeapModule.build/Objects-normal/x86_64/HeapModule-Swift.h -working-directory /Users/aadityasingh/Documents/Development/element-x-ios/Chatlio.xcodeproj -experimental-emit-module-separately -disable-cmo

SwiftEmitModule normal arm64 Emitting\ module\ for\ HeapModule (in target 'HeapModule' from project 'swift-collections')

EmitSwiftModule normal arm64 (in target 'HeapModule' from project 'swift-collections')
    cd /Users/aadityasingh/Documents/Development/element-x-ios/Chatlio.xcodeproj
    

SwiftEmitModule normal x86_64 Emitting\ module\ for\ HeapModule (in target 'HeapModule' from project 'swift-collections')

EmitSwiftModule normal x86_64 (in target 'HeapModule' from project 'swift-collections')
    cd /Users/aadityasingh/Documents/Development/element-x-ios/Chatlio.xcodeproj
    

SwiftEmitModule normal x86_64 Emitting\ module\ for\ HashTreeCollections (in target 'HashTreeCollections' from project 'swift-collections')

EmitSwiftModule normal x86_64 (in target 'HashTreeCollections' from project 'swift-collections')
    cd /Users/aadityasingh/Documents/Development/element-x-ios/Chatlio.xcodeproj
    

SwiftEmitModule normal arm64 Emitting\ module\ for\ HashTreeCollections (in target 'HashTreeCollections' from project 'swift-collections')

EmitSwiftModule normal arm64 (in target 'HashTreeCollections' from project 'swift-collections')
    cd /Users/aadityasingh/Documents/Development/element-x-ios/Chatlio.xcodeproj
    

SwiftExplicitDependencyGeneratePcm x86_64 /Users/aadityasingh/Library/Developer/Xcode/DerivedData/Chatlio-erkyzdeecsohoaggpwbjdvavzqfv/Build/Intermediates.noindex/SwiftExplicitPrecompiledModules/WysiwygComposerFFI-3L4BNHEDYTFW1PMJPXL0D9OCE.pcm

SwiftEmitModule normal x86_64 Emitting\ module\ for\ CompoundDesignTokens (in target 'CompoundDesignTokens' from project 'CompoundDesignTokens')

EmitSwiftModule normal x86_64 (in target 'CompoundDesignTokens' from project 'CompoundDesignTokens')
    cd /Users/aadityasingh/Documents/Development/element-x-ios/Chatlio.xcodeproj
    

SwiftEmitModule normal x86_64 Emitting\ module\ for\ WysiwygComposer (in target 'WysiwygComposer' from project 'WysiwygComposer')

EmitSwiftModule normal x86_64 (in target 'WysiwygComposer' from project 'WysiwygComposer')
    cd /Users/aadityasingh/Documents/Development/element-x-ios/Chatlio.xcodeproj
    

SwiftDriverJobDiscovery normal arm64 Emitting module for HeapModule (in target 'HeapModule' from project 'swift-collections')

SwiftDriver\ Compilation\ Requirements HeapModule normal arm64 com.apple.xcode.tools.swift.compiler (in target 'HeapModule' from project 'swift-collections')
    cd /Users/aadityasingh/Documents/Development/element-x-ios/Chatlio.xcodeproj
    builtin-Swift-Compilation-Requirements -- /Applications/Xcode.app/Contents/Developer/Toolchains/XcodeDefault.xctoolchain/usr/bin/swiftc -module-name HeapModule -Onone @/Users/aadityasingh/Library/Developer/Xcode/DerivedData/Chatlio-erkyzdeecsohoaggpwbjdvavzqfv/Build/Intermediates.noindex/swift-collections.build/Debug-iphonesimulator/HeapModule.build/Objects-normal/arm64/HeapModule.SwiftFileList -DSWIFT_PACKAGE -DDEBUG -DSWIFT_MODULE_RESOURCE_BUNDLE_UNAVAILABLE -DCOLLECTIONS_RANDOMIZED_TESTING -DXcode -enable-experimental-feature AvailabilityMacro\=SwiftStdlib\ 5.0:\ macOS\ 10.14.4,\ iOS\ 12.2,\ watchOS\ 5.2,\ tvOS\ 12.2 -enable-experimental-feature AvailabilityMacro\=SwiftStdlib\ 5.1:\ macOS\ 10.15,\ iOS\ 13.0,\ watchOS\ 6.0,\ tvOS\ 13.0 -enable-experimental-feature AvailabilityMacro\=SwiftStdlib\ 5.6:\ macOS\ 12.3,\ iOS\ 15.4,\ watchOS\ 8.5,\ tvOS\ 15.4 -enable-experimental-feature AvailabilityMacro\=SwiftStdlib\ 5.8:\ macOS\ 13.3,\ iOS\ 16.4,\ watchOS\ 9.4,\ tvOS\ 16.4 -enable-experimental-feature AvailabilityMacro\=SwiftStdlib\ 5.9:\ macOS\ 14.0,\ iOS\ 17.0,\ watchOS\ 10.0,\ tvOS\ 17.0 -enable-experimental-feature AvailabilityMacro\=SwiftStdlib\ 5.10:\ macOS\ 14.4,\ iOS\ 17.4,\ watchOS\ 10.4,\ tvOS\ 17.4,\ visionOS\ 1.1 -enable-experimental-feature AvailabilityMacro\=SwiftStdlib\ 6.0:\ macOS\ 15.0,\ iOS\ 18.0,\ watchOS\ 11.0,\ tvOS\ 18.0,\ visionOS\ 2.0 -enable-experimental-feature AvailabilityMacro\=SwiftStdlib\ 6.1:\ macOS\ 15.4,\ iOS\ 18.4,\ watchOS\ 11.4,\ tvOS\ 18.4,\ visionOS\ 2.4 -enable-experimental-feature AvailabilityMacro\=SwiftStdlib\ 6.2:\ macOS\ 26.0,\ iOS\ 26.0,\ watchOS\ 26.0,\ tvOS\ 26.0,\ visionOS\ 26.0 -enable-upcoming-feature MemberImportVisibility -enable-experimental-feature BuiltinModule -enable-experimental-feature Lifetimes -enable-experimental-feature InoutLifetimeDependence -enable-experimental-feature SuppressedAssociatedTypes -plugin-path /Applications/Xcode.app/Contents/Developer/Toolchains/XcodeDefault.xctoolchain/usr/lib/swift/host/plugins/testing -enable-experimental-feature DebugDescriptionMacro -sdk /Applications/Xcode.app/Contents/Developer/Platforms/iPhoneSimulator.platform/Developer/SDKs/iPhoneSimulator26.4.sdk -target arm64-apple-ios12.0-simulator -g -module-cache-path /Users/aadityasingh/Library/Developer/Xcode/DerivedData/ModuleCache.noindex -Xfrontend -serialize-debugging-options -profile-coverage-mapping -profile-generate -enable-testing -suppress-warnings -index-store-path /Users/aadityasingh/Library/Developer/Xcode/DerivedData/Chatlio-erkyzdeecsohoaggpwbjdvavzqfv/Index.noindex/DataStore -Xcc -D_LIBCPP_HARDENING_MODE\=_LIBCPP_HARDENING_MODE_DEBUG -swift-version 6 -I /Users/aadityasingh/Library/Developer/Xcode/DerivedData/Chatlio-erkyzdeecsohoaggpwbjdvavzqfv/Build/Products/Debug-iphonesimulator -Isystem /Applications/Xcode.app/Contents/Developer/Platforms/iPhoneSimulator.platform/Developer/usr/lib -F /Users/aadityasingh/Library/Developer/Xcode/DerivedData/Chatlio-erkyzdeecsohoaggpwbjdvavzqfv/Build/Products/Debug-iphonesimulator/PackageFrameworks -F /Users/aadityasingh/Library/Developer/Xcode/DerivedData/Chatlio-erkyzdeecsohoaggpwbjdvavzqfv/Build/Products/Debug-iphonesimulator -F /Applications/Xcode.app/Contents/Developer/Platforms/iPhoneSimulator.platform/Developer/Library/Frameworks -F /Applications/Xcode.app/Contents/Developer/Platforms/iPhoneSimulator.platform/Developer/SDKs/iPhoneSimulator26.4.sdk/Developer/Library/Frameworks -c -j12 -enable-batch-mode -incremental -Xcc -ivfsstatcache -Xcc /Users/aadityasingh/Library/Developer/Xcode/DerivedData/SDKStatCaches.noindex/iphonesimulator26.4-23E252-686eebb5dc1d8ecb277353a59184f4aa.sdkstatcache -output-file-map /Users/aadityasingh/Library/Developer/Xcode/DerivedData/Chatlio-erkyzdeecsohoaggpwbjdvavzqfv/Build/Intermediates.noindex/swift-collections.build/Debug-iphonesimulator/HeapModule.build/Objects-normal/arm64/HeapModule-OutputFileMap.json -use-frontend-parseable-output -save-temps -no-color-diagnostics -explicit-module-build -module-cache-path /Users/aadityasingh/Library/Developer/Xcode/DerivedData/Chatlio-erkyzdeecsohoaggpwbjdvavzqfv/Build/Intermediates.noindex/SwiftExplicitPrecompiledModules -clang-scanner-module-cache-path /Users/aadityasingh/Library/Developer/Xcode/DerivedData/ModuleCache.noindex -sdk-module-cache-path /Users/aadityasingh/Library/Developer/Xcode/DerivedData/ModuleCache.noindex -serialize-diagnostics -emit-dependencies -emit-module -emit-module-path /Users/aadityasingh/Library/Developer/Xcode/DerivedData/Chatlio-erkyzdeecsohoaggpwbjdvavzqfv/Build/Intermediates.noindex/swift-collections.build/Debug-iphonesimulator/HeapModule.build/Objects-normal/arm64/HeapModule.swiftmodule -user-module-version 1.3.0 -validate-clang-modules-once -clang-build-session-file /Users/aadityasingh/Library/Developer/Xcode/DerivedData/ModuleCache.noindex/Session.modulevalidation -package-name swift_collections -Xcc -I/Users/aadityasingh/Library/Developer/Xcode/DerivedData/Chatlio-erkyzdeecsohoaggpwbjdvavzqfv/Build/Intermediates.noindex/swift-collections.build/Debug-iphonesimulator/HeapModule.build/swift-overrides.hmap -emit-const-values -Xfrontend -const-gather-protocols-file -Xfrontend /Users/aadityasingh/Library/Developer/Xcode/DerivedData/Chatlio-erkyzdeecsohoaggpwbjdvavzqfv/Build/Intermediates.noindex/swift-collections.build/Debug-iphonesimulator/HeapModule.build/Objects-normal/arm64/HeapModule_const_extract_protocols.json -Xcc -I/Users/aadityasingh/Library/Developer/Xcode/DerivedData/Chatlio-erkyzdeecsohoaggpwbjdvavzqfv/Build/Products/Debug-iphonesimulator/include -Xcc -I/Users/aadityasingh/Library/Developer/Xcode/DerivedData/Chatlio-erkyzdeecsohoaggpwbjdvavzqfv/Build/Intermediates.noindex/swift-collections.build/Debug-iphonesimulator/HeapModule.build/DerivedSources-normal/arm64 -Xcc -I/Users/aadityasingh/Library/Developer/Xcode/DerivedData/Chatlio-erkyzdeecsohoaggpwbjdvavzqfv/Build/Intermediates.noindex/swift-collections.build/Debug-iphonesimulator/HeapModule.build/DerivedSources/arm64 -Xcc -I/Users/aadityasingh/Library/Developer/Xcode/DerivedData/Chatlio-erkyzdeecsohoaggpwbjdvavzqfv/Build/Intermediates.noindex/swift-collections.build/Debug-iphonesimulator/HeapModule.build/DerivedSources -Xcc -DSWIFT_PACKAGE -Xcc -DDEBUG\=1 -emit-objc-header -emit-objc-header-path /Users/aadityasingh/Library/Developer/Xcode/DerivedData/Chatlio-erkyzdeecsohoaggpwbjdvavzqfv/Build/Intermediates.noindex/swift-collections.build/Debug-iphonesimulator/HeapModule.build/Objects-normal/arm64/HeapModule-Swift.h -working-directory /Users/aadityasingh/Documents/Development/element-x-ios/Chatlio.xcodeproj -experimental-emit-module-separately -disable-cmo

SwiftEmitModule normal arm64 Emitting\ module\ for\ CompoundDesignTokens (in target 'CompoundDesignTokens' from project 'CompoundDesignTokens')

EmitSwiftModule normal arm64 (in target 'CompoundDesignTokens' from project 'CompoundDesignTokens')
    cd /Users/aadityasingh/Documents/Development/element-x-ios/Chatlio.xcodeproj
    

SwiftDriverJobDiscovery normal x86_64 Emitting module for HeapModule (in target 'HeapModule' from project 'swift-collections')

Copy /Users/aadityasingh/Library/Developer/Xcode/DerivedData/Chatlio-erkyzdeecsohoaggpwbjdvavzqfv/Build/Products/Debug-iphonesimulator/HeapModule.swiftmodule/arm64-apple-ios-simulator.swiftmodule /Users/aadityasingh/Library/Developer/Xcode/DerivedData/Chatlio-erkyzdeecsohoaggpwbjdvavzqfv/Build/Intermediates.noindex/swift-collections.build/Debug-iphonesimulator/HeapModule.build/Objects-normal/arm64/HeapModule.swiftmodule (in target 'HeapModule' from project 'swift-collections')
    cd /Users/aadityasingh/Library/Developer/Xcode/DerivedData/Chatlio-erkyzdeecsohoaggpwbjdvavzqfv/SourcePackages/checkouts/swift-collections
    builtin-copy -exclude .DS_Store -exclude CVS -exclude .svn -exclude .git -exclude .hg -resolve-src-symlinks -rename /Users/aadityasingh/Library/Developer/Xcode/DerivedData/Chatlio-erkyzdeecsohoaggpwbjdvavzqfv/Build/Intermediates.noindex/swift-collections.build/Debug-iphonesimulator/HeapModule.build/Objects-normal/arm64/HeapModule.swiftmodule /Users/aadityasingh/Library/Developer/Xcode/DerivedData/Chatlio-erkyzdeecsohoaggpwbjdvavzqfv/Build/Products/Debug-iphonesimulator/HeapModule.swiftmodule/arm64-apple-ios-simulator.swiftmodule

SwiftDriver\ Compilation\ Requirements HeapModule normal x86_64 com.apple.xcode.tools.swift.compiler (in target 'HeapModule' from project 'swift-collections')
    cd /Users/aadityasingh/Documents/Development/element-x-ios/Chatlio.xcodeproj
    builtin-Swift-Compilation-Requirements -- /Applications/Xcode.app/Contents/Developer/Toolchains/XcodeDefault.xctoolchain/usr/bin/swiftc -module-name HeapModule -Onone @/Users/aadityasingh/Library/Developer/Xcode/DerivedData/Chatlio-erkyzdeecsohoaggpwbjdvavzqfv/Build/Intermediates.noindex/swift-collections.build/Debug-iphonesimulator/HeapModule.build/Objects-normal/x86_64/HeapModule.SwiftFileList -DSWIFT_PACKAGE -DDEBUG -DSWIFT_MODULE_RESOURCE_BUNDLE_UNAVAILABLE -DCOLLECTIONS_RANDOMIZED_TESTING -DXcode -enable-experimental-feature AvailabilityMacro\=SwiftStdlib\ 5.0:\ macOS\ 10.14.4,\ iOS\ 12.2,\ watchOS\ 5.2,\ tvOS\ 12.2 -enable-experimental-feature AvailabilityMacro\=SwiftStdlib\ 5.1:\ macOS\ 10.15,\ iOS\ 13.0,\ watchOS\ 6.0,\ tvOS\ 13.0 -enable-experimental-feature AvailabilityMacro\=SwiftStdlib\ 5.6:\ macOS\ 12.3,\ iOS\ 15.4,\ watchOS\ 8.5,\ tvOS\ 15.4 -enable-experimental-feature AvailabilityMacro\=SwiftStdlib\ 5.8:\ macOS\ 13.3,\ iOS\ 16.4,\ watchOS\ 9.4,\ tvOS\ 16.4 -enable-experimental-feature AvailabilityMacro\=SwiftStdlib\ 5.9:\ macOS\ 14.0,\ iOS\ 17.0,\ watchOS\ 10.0,\ tvOS\ 17.0 -enable-experimental-feature AvailabilityMacro\=SwiftStdlib\ 5.10:\ macOS\ 14.4,\ iOS\ 17.4,\ watchOS\ 10.4,\ tvOS\ 17.4,\ visionOS\ 1.1 -enable-experimental-feature AvailabilityMacro\=SwiftStdlib\ 6.0:\ macOS\ 15.0,\ iOS\ 18.0,\ watchOS\ 11.0,\ tvOS\ 18.0,\ visionOS\ 2.0 -enable-experimental-feature AvailabilityMacro\=SwiftStdlib\ 6.1:\ macOS\ 15.4,\ iOS\ 18.4,\ watchOS\ 11.4,\ tvOS\ 18.4,\ visionOS\ 2.4 -enable-experimental-feature AvailabilityMacro\=SwiftStdlib\ 6.2:\ macOS\ 26.0,\ iOS\ 26.0,\ watchOS\ 26.0,\ tvOS\ 26.0,\ visionOS\ 26.0 -enable-upcoming-feature MemberImportVisibility -enable-experimental-feature BuiltinModule -enable-experimental-feature Lifetimes -enable-experimental-feature InoutLifetimeDependence -enable-experimental-feature SuppressedAssociatedTypes -plugin-path /Applications/Xcode.app/Contents/Developer/Toolchains/XcodeDefault.xctoolchain/usr/lib/swift/host/plugins/testing -enable-experimental-feature DebugDescriptionMacro -sdk /Applications/Xcode.app/Contents/Developer/Platforms/iPhoneSimulator.platform/Developer/SDKs/iPhoneSimulator26.4.sdk -target x86_64-apple-ios12.0-simulator -g -module-cache-path /Users/aadityasingh/Library/Developer/Xcode/DerivedData/ModuleCache.noindex -Xfrontend -serialize-debugging-options -profile-coverage-mapping -profile-generate -enable-testing -suppress-warnings -index-store-path /Users/aadityasingh/Library/Developer/Xcode/DerivedData/Chatlio-erkyzdeecsohoaggpwbjdvavzqfv/Index.noindex/DataStore -Xcc -D_LIBCPP_HARDENING_MODE\=_LIBCPP_HARDENING_MODE_DEBUG -swift-version 6 -I /Users/aadityasingh/Library/Developer/Xcode/DerivedData/Chatlio-erkyzdeecsohoaggpwbjdvavzqfv/Build/Products/Debug-iphonesimulator -Isystem /Applications/Xcode.app/Contents/Developer/Platforms/iPhoneSimulator.platform/Developer/usr/lib -F /Users/aadityasingh/Library/Developer/Xcode/DerivedData/Chatlio-erkyzdeecsohoaggpwbjdvavzqfv/Build/Products/Debug-iphonesimulator/PackageFrameworks -F /Users/aadityasingh/Library/Developer/Xcode/DerivedData/Chatlio-erkyzdeecsohoaggpwbjdvavzqfv/Build/Products/Debug-iphonesimulator -F /Applications/Xcode.app/Contents/Developer/Platforms/iPhoneSimulator.platform/Developer/Library/Frameworks -F /Applications/Xcode.app/Contents/Developer/Platforms/iPhoneSimulator.platform/Developer/SDKs/iPhoneSimulator26.4.sdk/Developer/Library/Frameworks -c -j12 -enable-batch-mode -incremental -Xcc -ivfsstatcache -Xcc /Users/aadityasingh/Library/Developer/Xcode/DerivedData/SDKStatCaches.noindex/iphonesimulator26.4-23E252-686eebb5dc1d8ecb277353a59184f4aa.sdkstatcache -output-file-map /Users/aadityasingh/Library/Developer/Xcode/DerivedData/Chatlio-erkyzdeecsohoaggpwbjdvavzqfv/Build/Intermediates.noindex/swift-collections.build/Debug-iphonesimulator/HeapModule.build/Objects-normal/x86_64/HeapModule-OutputFileMap.json -use-frontend-parseable-output -save-temps -no-color-diagnostics -explicit-module-build -module-cache-path /Users/aadityasingh/Library/Developer/Xcode/DerivedData/Chatlio-erkyzdeecsohoaggpwbjdvavzqfv/Build/Intermediates.noindex/SwiftExplicitPrecompiledModules -clang-scanner-module-cache-path /Users/aadityasingh/Library/Developer/Xcode/DerivedData/ModuleCache.noindex -sdk-module-cache-path /Users/aadityasingh/Library/Developer/Xcode/DerivedData/ModuleCache.noindex -serialize-diagnostics -emit-dependencies -emit-module -emit-module-path /Users/aadityasingh/Library/Developer/Xcode/DerivedData/Chatlio-erkyzdeecsohoaggpwbjdvavzqfv/Build/Intermediates.noindex/swift-collections.build/Debug-iphonesimulator/HeapModule.build/Objects-normal/x86_64/HeapModule.swiftmodule -user-module-version 1.3.0 -validate-clang-modules-once -clang-build-session-file /Users/aadityasingh/Library/Developer/Xcode/DerivedData/ModuleCache.noindex/Session.modulevalidation -package-name swift_collections -Xcc -I/Users/aadityasingh/Library/Developer/Xcode/DerivedData/Chatlio-erkyzdeecsohoaggpwbjdvavzqfv/Build/Intermediates.noindex/swift-collections.build/Debug-iphonesimulator/HeapModule.build/swift-overrides.hmap -emit-const-values -Xfrontend -const-gather-protocols-file -Xfrontend /Users/aadityasingh/Library/Developer/Xcode/DerivedData/Chatlio-erkyzdeecsohoaggpwbjdvavzqfv/Build/Intermediates.noindex/swift-collections.build/Debug-iphonesimulator/HeapModule.build/Objects-normal/x86_64/HeapModule_const_extract_protocols.json -Xcc -I/Users/aadityasingh/Library/Developer/Xcode/DerivedData/Chatlio-erkyzdeecsohoaggpwbjdvavzqfv/Build/Products/Debug-iphonesimulator/include -Xcc -I/Users/aadityasingh/Library/Developer/Xcode/DerivedData/Chatlio-erkyzdeecsohoaggpwbjdvavzqfv/Build/Intermediates.noindex/swift-collections.build/Debug-iphonesimulator/HeapModule.build/DerivedSources-normal/x86_64 -Xcc -I/Users/aadityasingh/Library/Developer/Xcode/DerivedData/Chatlio-erkyzdeecsohoaggpwbjdvavzqfv/Build/Intermediates.noindex/swift-collections.build/Debug-iphonesimulator/HeapModule.build/DerivedSources/x86_64 -Xcc -I/Users/aadityasingh/Library/Developer/Xcode/DerivedData/Chatlio-erkyzdeecsohoaggpwbjdvavzqfv/Build/Intermediates.noindex/swift-collections.build/Debug-iphonesimulator/HeapModule.build/DerivedSources -Xcc -DSWIFT_PACKAGE -Xcc -DDEBUG\=1 -emit-objc-header -emit-objc-header-path /Users/aadityasingh/Library/Developer/Xcode/DerivedData/Chatlio-erkyzdeecsohoaggpwbjdvavzqfv/Build/Intermediates.noindex/swift-collections.build/Debug-iphonesimulator/HeapModule.build/Objects-normal/x86_64/HeapModule-Swift.h -working-directory /Users/aadityasingh/Documents/Development/element-x-ios/Chatlio.xcodeproj -experimental-emit-module-separately -disable-cmo

Copy /Users/aadityasingh/Library/Developer/Xcode/DerivedData/Chatlio-erkyzdeecsohoaggpwbjdvavzqfv/Build/Products/Debug-iphonesimulator/HeapModule.swiftmodule/arm64-apple-ios-simulator.swiftdoc /Users/aadityasingh/Library/Developer/Xcode/DerivedData/Chatlio-erkyzdeecsohoaggpwbjdvavzqfv/Build/Intermediates.noindex/swift-collections.build/Debug-iphonesimulator/HeapModule.build/Objects-normal/arm64/HeapModule.swiftdoc (in target 'HeapModule' from project 'swift-collections')
    cd /Users/aadityasingh/Library/Developer/Xcode/DerivedData/Chatlio-erkyzdeecsohoaggpwbjdvavzqfv/SourcePackages/checkouts/swift-collections
    builtin-copy -exclude .DS_Store -exclude CVS -exclude .svn -exclude .git -exclude .hg -resolve-src-symlinks -rename /Users/aadityasingh/Library/Developer/Xcode/DerivedData/Chatlio-erkyzdeecsohoaggpwbjdvavzqfv/Build/Intermediates.noindex/swift-collections.build/Debug-iphonesimulator/HeapModule.build/Objects-normal/arm64/HeapModule.swiftdoc /Users/aadityasingh/Library/Developer/Xcode/DerivedData/Chatlio-erkyzdeecsohoaggpwbjdvavzqfv/Build/Products/Debug-iphonesimulator/HeapModule.swiftmodule/arm64-apple-ios-simulator.swiftdoc

SwiftMergeGeneratedHeaders /Users/aadityasingh/Library/Developer/Xcode/DerivedData/Chatlio-erkyzdeecsohoaggpwbjdvavzqfv/Build/Intermediates.noindex/GeneratedModuleMaps-iphonesimulator/HeapModule-Swift.h /Users/aadityasingh/Library/Developer/Xcode/DerivedData/Chatlio-erkyzdeecsohoaggpwbjdvavzqfv/Build/Intermediates.noindex/swift-collections.build/Debug-iphonesimulator/HeapModule.build/Objects-normal/arm64/HeapModule-Swift.h /Users/aadityasingh/Library/Developer/Xcode/DerivedData/Chatlio-erkyzdeecsohoaggpwbjdvavzqfv/Build/Intermediates.noindex/swift-collections.build/Debug-iphonesimulator/HeapModule.build/Objects-normal/x86_64/HeapModule-Swift.h (in target 'HeapModule' from project 'swift-collections')
    cd /Users/aadityasingh/Library/Developer/Xcode/DerivedData/Chatlio-erkyzdeecsohoaggpwbjdvavzqfv/SourcePackages/checkouts/swift-collections
    builtin-swiftHeaderTool -arch arm64 /Users/aadityasingh/Library/Developer/Xcode/DerivedData/Chatlio-erkyzdeecsohoaggpwbjdvavzqfv/Build/Intermediates.noindex/swift-collections.build/Debug-iphonesimulator/HeapModule.build/Objects-normal/arm64/HeapModule-Swift.h -arch x86_64 /Users/aadityasingh/Library/Developer/Xcode/DerivedData/Chatlio-erkyzdeecsohoaggpwbjdvavzqfv/Build/Intermediates.noindex/swift-collections.build/Debug-iphonesimulator/HeapModule.build/Objects-normal/x86_64/HeapModule-Swift.h -o /Users/aadityasingh/Library/Developer/Xcode/DerivedData/Chatlio-erkyzdeecsohoaggpwbjdvavzqfv/Build/Intermediates.noindex/GeneratedModuleMaps-iphonesimulator/HeapModule-Swift.h

Copy /Users/aadityasingh/Library/Developer/Xcode/DerivedData/Chatlio-erkyzdeecsohoaggpwbjdvavzqfv/Build/Products/Debug-iphonesimulator/HeapModule.swiftmodule/x86_64-apple-ios-simulator.swiftmodule /Users/aadityasingh/Library/Developer/Xcode/DerivedData/Chatlio-erkyzdeecsohoaggpwbjdvavzqfv/Build/Intermediates.noindex/swift-collections.build/Debug-iphonesimulator/HeapModule.build/Objects-normal/x86_64/HeapModule.swiftmodule (in target 'HeapModule' from project 'swift-collections')
    cd /Users/aadityasingh/Library/Developer/Xcode/DerivedData/Chatlio-erkyzdeecsohoaggpwbjdvavzqfv/SourcePackages/checkouts/swift-collections
    builtin-copy -exclude .DS_Store -exclude CVS -exclude .svn -exclude .git -exclude .hg -resolve-src-symlinks -rename /Users/aadityasingh/Library/Developer/Xcode/DerivedData/Chatlio-erkyzdeecsohoaggpwbjdvavzqfv/Build/Intermediates.noindex/swift-collections.build/Debug-iphonesimulator/HeapModule.build/Objects-normal/x86_64/HeapModule.swiftmodule /Users/aadityasingh/Library/Developer/Xcode/DerivedData/Chatlio-erkyzdeecsohoaggpwbjdvavzqfv/Build/Products/Debug-iphonesimulator/HeapModule.swiftmodule/x86_64-apple-ios-simulator.swiftmodule

Copy /Users/aadityasingh/Library/Developer/Xcode/DerivedData/Chatlio-erkyzdeecsohoaggpwbjdvavzqfv/Build/Products/Debug-iphonesimulator/HeapModule.swiftmodule/x86_64-apple-ios-simulator.swiftdoc /Users/aadityasingh/Library/Developer/Xcode/DerivedData/Chatlio-erkyzdeecsohoaggpwbjdvavzqfv/Build/Intermediates.noindex/swift-collections.build/Debug-iphonesimulator/HeapModule.build/Objects-normal/x86_64/HeapModule.swiftdoc (in target 'HeapModule' from project 'swift-collections')
    cd /Users/aadityasingh/Library/Developer/Xcode/DerivedData/Chatlio-erkyzdeecsohoaggpwbjdvavzqfv/SourcePackages/checkouts/swift-collections
    builtin-copy -exclude .DS_Store -exclude CVS -exclude .svn -exclude .git -exclude .hg -resolve-src-symlinks -rename /Users/aadityasingh/Library/Developer/Xcode/DerivedData/Chatlio-erkyzdeecsohoaggpwbjdvavzqfv/Build/Intermediates.noindex/swift-collections.build/Debug-iphonesimulator/HeapModule.build/Objects-normal/x86_64/HeapModule.swiftdoc /Users/aadityasingh/Library/Developer/Xcode/DerivedData/Chatlio-erkyzdeecsohoaggpwbjdvavzqfv/Build/Products/Debug-iphonesimulator/HeapModule.swiftmodule/x86_64-apple-ios-simulator.swiftdoc

Copy /Users/aadityasingh/Library/Developer/Xcode/DerivedData/Chatlio-erkyzdeecsohoaggpwbjdvavzqfv/Build/Products/Debug-iphonesimulator/HeapModule.swiftmodule/x86_64-apple-ios-simulator.abi.json /Users/aadityasingh/Library/Developer/Xcode/DerivedData/Chatlio-erkyzdeecsohoaggpwbjdvavzqfv/Build/Intermediates.noindex/swift-collections.build/Debug-iphonesimulator/HeapModule.build/Objects-normal/x86_64/HeapModule.abi.json (in target 'HeapModule' from project 'swift-collections')
    cd /Users/aadityasingh/Library/Developer/Xcode/DerivedData/Chatlio-erkyzdeecsohoaggpwbjdvavzqfv/SourcePackages/checkouts/swift-collections
    builtin-copy -exclude .DS_Store -exclude CVS -exclude .svn -exclude .git -exclude .hg -resolve-src-symlinks -rename /Users/aadityasingh/Library/Developer/Xcode/DerivedData/Chatlio-erkyzdeecsohoaggpwbjdvavzqfv/Build/Intermediates.noindex/swift-collections.build/Debug-iphonesimulator/HeapModule.build/Objects-normal/x86_64/HeapModule.abi.json /Users/aadityasingh/Library/Developer/Xcode/DerivedData/Chatlio-erkyzdeecsohoaggpwbjdvavzqfv/Build/Products/Debug-iphonesimulator/HeapModule.swiftmodule/x86_64-apple-ios-simulator.abi.json

Copy /Users/aadityasingh/Library/Developer/Xcode/DerivedData/Chatlio-erkyzdeecsohoaggpwbjdvavzqfv/Build/Products/Debug-iphonesimulator/HeapModule.swiftmodule/arm64-apple-ios-simulator.abi.json /Users/aadityasingh/Library/Developer/Xcode/DerivedData/Chatlio-erkyzdeecsohoaggpwbjdvavzqfv/Build/Intermediates.noindex/swift-collections.build/Debug-iphonesimulator/HeapModule.build/Objects-normal/arm64/HeapModule.abi.json (in target 'HeapModule' from project 'swift-collections')
    cd /Users/aadityasingh/Library/Developer/Xcode/DerivedData/Chatlio-erkyzdeecsohoaggpwbjdvavzqfv/SourcePackages/checkouts/swift-collections
    builtin-copy -exclude .DS_Store -exclude CVS -exclude .svn -exclude .git -exclude .hg -resolve-src-symlinks -rename /Users/aadityasingh/Library/Developer/Xcode/DerivedData/Chatlio-erkyzdeecsohoaggpwbjdvavzqfv/Build/Intermediates.noindex/swift-collections.build/Debug-iphonesimulator/HeapModule.build/Objects-normal/arm64/HeapModule.abi.json /Users/aadityasingh/Library/Developer/Xcode/DerivedData/Chatlio-erkyzdeecsohoaggpwbjdvavzqfv/Build/Products/Debug-iphonesimulator/HeapModule.swiftmodule/arm64-apple-ios-simulator.abi.json

Copy /Users/aadityasingh/Library/Developer/Xcode/DerivedData/Chatlio-erkyzdeecsohoaggpwbjdvavzqfv/Build/Products/Debug-iphonesimulator/HeapModule.swiftmodule/Project/x86_64-apple-ios-simulator.swiftsourceinfo /Users/aadityasingh/Library/Developer/Xcode/DerivedData/Chatlio-erkyzdeecsohoaggpwbjdvavzqfv/Build/Intermediates.noindex/swift-collections.build/Debug-iphonesimulator/HeapModule.build/Objects-normal/x86_64/HeapModule.swiftsourceinfo (in target 'HeapModule' from project 'swift-collections')
    cd /Users/aadityasingh/Library/Developer/Xcode/DerivedData/Chatlio-erkyzdeecsohoaggpwbjdvavzqfv/SourcePackages/checkouts/swift-collections
    builtin-copy -exclude .DS_Store -exclude CVS -exclude .svn -exclude .git -exclude .hg -resolve-src-symlinks -rename /Users/aadityasingh/Library/Developer/Xcode/DerivedData/Chatlio-erkyzdeecsohoaggpwbjdvavzqfv/Build/Intermediates.noindex/swift-collections.build/Debug-iphonesimulator/HeapModule.build/Objects-normal/x86_64/HeapModule.swiftsourceinfo /Users/aadityasingh/Library/Developer/Xcode/DerivedData/Chatlio-erkyzdeecsohoaggpwbjdvavzqfv/Build/Products/Debug-iphonesimulator/HeapModule.swiftmodule/Project/x86_64-apple-ios-simulator.swiftsourceinfo

Copy /Users/aadityasingh/Library/Developer/Xcode/DerivedData/Chatlio-erkyzdeecsohoaggpwbjdvavzqfv/Build/Products/Debug-iphonesimulator/HeapModule.swiftmodule/Project/arm64-apple-ios-simulator.swiftsourceinfo /Users/aadityasingh/Library/Developer/Xcode/DerivedData/Chatlio-erkyzdeecsohoaggpwbjdvavzqfv/Build/Intermediates.noindex/swift-collections.build/Debug-iphonesimulator/HeapModule.build/Objects-normal/arm64/HeapModule.swiftsourceinfo (in target 'HeapModule' from project 'swift-collections')
    cd /Users/aadityasingh/Library/Developer/Xcode/DerivedData/Chatlio-erkyzdeecsohoaggpwbjdvavzqfv/SourcePackages/checkouts/swift-collections
    builtin-copy -exclude .DS_Store -exclude CVS -exclude .svn -exclude .git -exclude .hg -resolve-src-symlinks -rename /Users/aadityasingh/Library/Developer/Xcode/DerivedData/Chatlio-erkyzdeecsohoaggpwbjdvavzqfv/Build/Intermediates.noindex/swift-collections.build/Debug-iphonesimulator/HeapModule.build/Objects-normal/arm64/HeapModule.swiftsourceinfo /Users/aadityasingh/Library/Developer/Xcode/DerivedData/Chatlio-erkyzdeecsohoaggpwbjdvavzqfv/Build/Products/Debug-iphonesimulator/HeapModule.swiftmodule/Project/arm64-apple-ios-simulator.swiftsourceinfo

SwiftExplicitDependencyGeneratePcm x86_64 /Users/aadityasingh/Library/Developer/Xcode/DerivedData/Chatlio-erkyzdeecsohoaggpwbjdvavzqfv/Build/Intermediates.noindex/SwiftExplicitPrecompiledModules/_AtomicsShims-7T420UFAUJKN5UXC8IQVHBD5I.pcm

SwiftExplicitDependencyGeneratePcm arm64 /Users/aadityasingh/Library/Developer/Xcode/DerivedData/Chatlio-erkyzdeecsohoaggpwbjdvavzqfv/Build/Intermediates.noindex/SwiftExplicitPrecompiledModules/WysiwygComposerFFI-9Y13CSMH2FAMHDBGDZS0YHKHR.pcm

SwiftEmitModule normal x86_64 Emitting\ module\ for\ SwiftSoup (in target 'SwiftSoup' from project 'SwiftSoup')

EmitSwiftModule normal x86_64 (in target 'SwiftSoup' from project 'SwiftSoup')
    cd /Users/aadityasingh/Documents/Development/element-x-ios/Chatlio.xcodeproj
    

SwiftEmitModule normal arm64 Emitting\ module\ for\ WysiwygComposer (in target 'WysiwygComposer' from project 'WysiwygComposer')

EmitSwiftModule normal arm64 (in target 'WysiwygComposer' from project 'WysiwygComposer')
    cd /Users/aadityasingh/Documents/Development/element-x-ios/Chatlio.xcodeproj
    

SwiftExplicitDependencyGeneratePcm arm64 /Users/aadityasingh/Library/Developer/Xcode/DerivedData/Chatlio-erkyzdeecsohoaggpwbjdvavzqfv/Build/Intermediates.noindex/SwiftExplicitPrecompiledModules/_AtomicsShims-CT1S79N8G1TK6KZAKMHZVPTME.pcm

SwiftDriverJobDiscovery normal x86_64 Emitting module for WysiwygComposer (in target 'WysiwygComposer' from project 'WysiwygComposer')

SwiftDriver\ Compilation\ Requirements WysiwygComposer normal x86_64 com.apple.xcode.tools.swift.compiler (in target 'WysiwygComposer' from project 'WysiwygComposer')
    cd /Users/aadityasingh/Documents/Development/element-x-ios/Chatlio.xcodeproj
    builtin-Swift-Compilation-Requirements -- /Applications/Xcode.app/Contents/Developer/Toolchains/XcodeDefault.xctoolchain/usr/bin/swiftc -module-name WysiwygComposer -Onone @/Users/aadityasingh/Library/Developer/Xcode/DerivedData/Chatlio-erkyzdeecsohoaggpwbjdvavzqfv/Build/Intermediates.noindex/WysiwygComposer.build/Debug-iphonesimulator/WysiwygComposer.build/Objects-normal/x86_64/WysiwygComposer.SwiftFileList -DSWIFT_PACKAGE -DDEBUG -DSWIFT_MODULE_RESOURCE_BUNDLE_UNAVAILABLE -Xcc -fmodule-map-file\=/Users/aadityasingh/Library/Developer/Xcode/DerivedData/Chatlio-erkyzdeecsohoaggpwbjdvavzqfv/Build/Intermediates.noindex/GeneratedModuleMaps-iphonesimulator/DTFoundation.modulemap -Xcc -fmodule-map-file\=/Users/aadityasingh/Library/Developer/Xcode/DerivedData/Chatlio-erkyzdeecsohoaggpwbjdvavzqfv/Build/Intermediates.noindex/GeneratedModuleMaps-iphonesimulator/DTCoreText.modulemap -Xcc -fmodule-map-file\=/Users/aadityasingh/Library/Developer/Xcode/DerivedData/Chatlio-erkyzdeecsohoaggpwbjdvavzqfv/Build/Intermediates.noindex/GeneratedModuleMaps-iphonesimulator/DTCoreTextExtended.modulemap -DXcode -plugin-path /Applications/Xcode.app/Contents/Developer/Toolchains/XcodeDefault.xctoolchain/usr/lib/swift/host/plugins/testing -enable-experimental-feature DebugDescriptionMacro -sdk /Applications/Xcode.app/Contents/Developer/Platforms/iPhoneSimulator.platform/Developer/SDKs/iPhoneSimulator26.4.sdk -target x86_64-apple-ios15.0-simulator -g -module-cache-path /Users/aadityasingh/Library/Developer/Xcode/DerivedData/ModuleCache.noindex -Xfrontend -serialize-debugging-options -profile-coverage-mapping -profile-generate -enable-testing -suppress-warnings -index-store-path /Users/aadityasingh/Library/Developer/Xcode/DerivedData/Chatlio-erkyzdeecsohoaggpwbjdvavzqfv/Index.noindex/DataStore -Xcc -D_LIBCPP_HARDENING_MODE\=_LIBCPP_HARDENING_MODE_DEBUG -swift-version 5 -I /Users/aadityasingh/Library/Developer/Xcode/DerivedData/Chatlio-erkyzdeecsohoaggpwbjdvavzqfv/Build/Products/Debug-iphonesimulator -Isystem /Applications/Xcode.app/Contents/Developer/Platforms/iPhoneSimulator.platform/Developer/usr/lib -F /Users/aadityasingh/Library/Developer/Xcode/DerivedData/Chatlio-erkyzdeecsohoaggpwbjdvavzqfv/Build/Products/Debug-iphonesimulator/PackageFrameworks -F /Users/aadityasingh/Library/Developer/Xcode/DerivedData/Chatlio-erkyzdeecsohoaggpwbjdvavzqfv/Build/Products/Debug-iphonesimulator/PackageFrameworks -F /Users/aadityasingh/Library/Developer/Xcode/DerivedData/Chatlio-erkyzdeecsohoaggpwbjdvavzqfv/Build/Products/Debug-iphonesimulator/PackageFrameworks -F /Users/aadityasingh/Library/Developer/Xcode/DerivedData/Chatlio-erkyzdeecsohoaggpwbjdvavzqfv/Build/Products/Debug-iphonesimulator/PackageFrameworks -F /Users/aadityasingh/Library/Developer/Xcode/DerivedData/Chatlio-erkyzdeecsohoaggpwbjdvavzqfv/Build/Products/Debug-iphonesimulator -F /Applications/Xcode.app/Contents/Developer/Platforms/iPhoneSimulator.platform/Developer/Library/Frameworks -F /Applications/Xcode.app/Contents/Developer/Platforms/iPhoneSimulator.platform/Developer/SDKs/iPhoneSimulator26.4.sdk/Developer/Library/Frameworks -c -j12 -enable-batch-mode -incremental -Xcc -ivfsstatcache -Xcc /Users/aadityasingh/Library/Developer/Xcode/DerivedData/SDKStatCaches.noindex/iphonesimulator26.4-23E252-686eebb5dc1d8ecb277353a59184f4aa.sdkstatcache -output-file-map /Users/aadityasingh/Library/Developer/Xcode/DerivedData/Chatlio-erkyzdeecsohoaggpwbjdvavzqfv/Build/Intermediates.noindex/WysiwygComposer.build/Debug-iphonesimulator/WysiwygComposer.build/Objects-normal/x86_64/WysiwygComposer-OutputFileMap.json -use-frontend-parseable-output -save-temps -no-color-diagnostics -explicit-module-build -module-cache-path /Users/aadityasingh/Library/Developer/Xcode/DerivedData/Chatlio-erkyzdeecsohoaggpwbjdvavzqfv/Build/Intermediates.noindex/SwiftExplicitPrecompiledModules -clang-scanner-module-cache-path /Users/aadityasingh/Library/Developer/Xcode/DerivedData/ModuleCache.noindex -sdk-module-cache-path /Users/aadityasingh/Library/Developer/Xcode/DerivedData/ModuleCache.noindex -serialize-diagnostics -emit-dependencies -emit-module -emit-module-path /Users/aadityasingh/Library/Developer/Xcode/DerivedData/Chatlio-erkyzdeecsohoaggpwbjdvavzqfv/Build/Intermediates.noindex/WysiwygComposer.build/Debug-iphonesimulator/WysiwygComposer.build/Objects-normal/x86_64/WysiwygComposer.swiftmodule -validate-clang-modules-once -clang-build-session-file /Users/aadityasingh/Library/Developer/Xcode/DerivedData/ModuleCache.noindex/Session.modulevalidation -Xcc -I/Users/aadityasingh/Library/Developer/Xcode/DerivedData/Chatlio-erkyzdeecsohoaggpwbjdvavzqfv/Build/Intermediates.noindex/WysiwygComposer.build/Debug-iphonesimulator/WysiwygComposer.build/swift-overrides.hmap -emit-const-values -Xfrontend -const-gather-protocols-file -Xfrontend /Users/aadityasingh/Library/Developer/Xcode/DerivedData/Chatlio-erkyzdeecsohoaggpwbjdvavzqfv/Build/Intermediates.noindex/WysiwygComposer.build/Debug-iphonesimulator/WysiwygComposer.build/Objects-normal/x86_64/WysiwygComposer_const_extract_protocols.json -Xcc -I/Users/aadityasingh/Library/Developer/Xcode/DerivedData/Chatlio-erkyzdeecsohoaggpwbjdvavzqfv/SourcePackages/checkouts/DTFoundation/Core/include -Xcc -I/Users/aadityasingh/Library/Developer/Xcode/DerivedData/Chatlio-erkyzdeecsohoaggpwbjdvavzqfv/SourcePackages/checkouts/DTCoreText/Core/include -Xcc -I/Users/aadityasingh/Library/Developer/Xcode/DerivedData/Chatlio-erkyzdeecsohoaggpwbjdvavzqfv/SourcePackages/checkouts/matrix-rich-text-editor-swift/Sources/DTCoreTextExtended/include -Xcc -I/Users/aadityasingh/Library/Developer/Xcode/DerivedData/Chatlio-erkyzdeecsohoaggpwbjdvavzqfv/Build/Products/Debug-iphonesimulator/include -Xcc -I/Users/aadityasingh/Library/Developer/Xcode/DerivedData/Chatlio-erkyzdeecsohoaggpwbjdvavzqfv/Build/Intermediates.noindex/WysiwygComposer.build/Debug-iphonesimulator/WysiwygComposer.build/DerivedSources-normal/x86_64 -Xcc -I/Users/aadityasingh/Library/Developer/Xcode/DerivedData/Chatlio-erkyzdeecsohoaggpwbjdvavzqfv/Build/Intermediates.noindex/WysiwygComposer.build/Debug-iphonesimulator/WysiwygComposer.build/DerivedSources/x86_64 -Xcc -I/Users/aadityasingh/Library/Developer/Xcode/DerivedData/Chatlio-erkyzdeecsohoaggpwbjdvavzqfv/Build/Intermediates.noindex/WysiwygComposer.build/Debug-iphonesimulator/WysiwygComposer.build/DerivedSources -Xcc -DSWIFT_PACKAGE -Xcc -DDEBUG\=1 -emit-objc-header -emit-objc-header-path /Users/aadityasingh/Library/Developer/Xcode/DerivedData/Chatlio-erkyzdeecsohoaggpwbjdvavzqfv/Build/Intermediates.noindex/WysiwygComposer.build/Debug-iphonesimulator/WysiwygComposer.build/Objects-normal/x86_64/WysiwygComposer-Swift.h -working-directory /Users/aadityasingh/Documents/Development/element-x-ios/Chatlio.xcodeproj -experimental-emit-module-separately -disable-cmo

SwiftEmitModule normal arm64 Emitting\ module\ for\ SwiftSoup (in target 'SwiftSoup' from project 'SwiftSoup')

EmitSwiftModule normal arm64 (in target 'SwiftSoup' from project 'SwiftSoup')
    cd /Users/aadityasingh/Documents/Development/element-x-ios/Chatlio.xcodeproj
    

Copy /Users/aadityasingh/Library/Developer/Xcode/DerivedData/Chatlio-erkyzdeecsohoaggpwbjdvavzqfv/Build/Products/Debug-iphonesimulator/WysiwygComposer.swiftmodule/x86_64-apple-ios-simulator.swiftmodule /Users/aadityasingh/Library/Developer/Xcode/DerivedData/Chatlio-erkyzdeecsohoaggpwbjdvavzqfv/Build/Intermediates.noindex/WysiwygComposer.build/Debug-iphonesimulator/WysiwygComposer.build/Objects-normal/x86_64/WysiwygComposer.swiftmodule (in target 'WysiwygComposer' from project 'WysiwygComposer')
    cd /Users/aadityasingh/Library/Developer/Xcode/DerivedData/Chatlio-erkyzdeecsohoaggpwbjdvavzqfv/SourcePackages/checkouts/matrix-rich-text-editor-swift
    builtin-copy -exclude .DS_Store -exclude CVS -exclude .svn -exclude .git -exclude .hg -resolve-src-symlinks -rename /Users/aadityasingh/Library/Developer/Xcode/DerivedData/Chatlio-erkyzdeecsohoaggpwbjdvavzqfv/Build/Intermediates.noindex/WysiwygComposer.build/Debug-iphonesimulator/WysiwygComposer.build/Objects-normal/x86_64/WysiwygComposer.swiftmodule /Users/aadityasingh/Library/Developer/Xcode/DerivedData/Chatlio-erkyzdeecsohoaggpwbjdvavzqfv/Build/Products/Debug-iphonesimulator/WysiwygComposer.swiftmodule/x86_64-apple-ios-simulator.swiftmodule

SwiftDriverJobDiscovery normal arm64 Emitting module for WysiwygComposer (in target 'WysiwygComposer' from project 'WysiwygComposer')

SwiftDriver\ Compilation\ Requirements WysiwygComposer normal arm64 com.apple.xcode.tools.swift.compiler (in target 'WysiwygComposer' from project 'WysiwygComposer')
    cd /Users/aadityasingh/Documents/Development/element-x-ios/Chatlio.xcodeproj
    builtin-Swift-Compilation-Requirements -- /Applications/Xcode.app/Contents/Developer/Toolchains/XcodeDefault.xctoolchain/usr/bin/swiftc -module-name WysiwygComposer -Onone @/Users/aadityasingh/Library/Developer/Xcode/DerivedData/Chatlio-erkyzdeecsohoaggpwbjdvavzqfv/Build/Intermediates.noindex/WysiwygComposer.build/Debug-iphonesimulator/WysiwygComposer.build/Objects-normal/arm64/WysiwygComposer.SwiftFileList -DSWIFT_PACKAGE -DDEBUG -DSWIFT_MODULE_RESOURCE_BUNDLE_UNAVAILABLE -Xcc -fmodule-map-file\=/Users/aadityasingh/Library/Developer/Xcode/DerivedData/Chatlio-erkyzdeecsohoaggpwbjdvavzqfv/Build/Intermediates.noindex/GeneratedModuleMaps-iphonesimulator/DTFoundation.modulemap -Xcc -fmodule-map-file\=/Users/aadityasingh/Library/Developer/Xcode/DerivedData/Chatlio-erkyzdeecsohoaggpwbjdvavzqfv/Build/Intermediates.noindex/GeneratedModuleMaps-iphonesimulator/DTCoreText.modulemap -Xcc -fmodule-map-file\=/Users/aadityasingh/Library/Developer/Xcode/DerivedData/Chatlio-erkyzdeecsohoaggpwbjdvavzqfv/Build/Intermediates.noindex/GeneratedModuleMaps-iphonesimulator/DTCoreTextExtended.modulemap -DXcode -plugin-path /Applications/Xcode.app/Contents/Developer/Toolchains/XcodeDefault.xctoolchain/usr/lib/swift/host/plugins/testing -enable-experimental-feature DebugDescriptionMacro -sdk /Applications/Xcode.app/Contents/Developer/Platforms/iPhoneSimulator.platform/Developer/SDKs/iPhoneSimulator26.4.sdk -target arm64-apple-ios15.0-simulator -g -module-cache-path /Users/aadityasingh/Library/Developer/Xcode/DerivedData/ModuleCache.noindex -Xfrontend -serialize-debugging-options -profile-coverage-mapping -profile-generate -enable-testing -suppress-warnings -index-store-path /Users/aadityasingh/Library/Developer/Xcode/DerivedData/Chatlio-erkyzdeecsohoaggpwbjdvavzqfv/Index.noindex/DataStore -Xcc -D_LIBCPP_HARDENING_MODE\=_LIBCPP_HARDENING_MODE_DEBUG -swift-version 5 -I /Users/aadityasingh/Library/Developer/Xcode/DerivedData/Chatlio-erkyzdeecsohoaggpwbjdvavzqfv/Build/Products/Debug-iphonesimulator -Isystem /Applications/Xcode.app/Contents/Developer/Platforms/iPhoneSimulator.platform/Developer/usr/lib -F /Users/aadityasingh/Library/Developer/Xcode/DerivedData/Chatlio-erkyzdeecsohoaggpwbjdvavzqfv/Build/Products/Debug-iphonesimulator/PackageFrameworks -F /Users/aadityasingh/Library/Developer/Xcode/DerivedData/Chatlio-erkyzdeecsohoaggpwbjdvavzqfv/Build/Products/Debug-iphonesimulator/PackageFrameworks -F /Users/aadityasingh/Library/Developer/Xcode/DerivedData/Chatlio-erkyzdeecsohoaggpwbjdvavzqfv/Build/Products/Debug-iphonesimulator/PackageFrameworks -F /Users/aadityasingh/Library/Developer/Xcode/DerivedData/Chatlio-erkyzdeecsohoaggpwbjdvavzqfv/Build/Products/Debug-iphonesimulator/PackageFrameworks -F /Users/aadityasingh/Library/Developer/Xcode/DerivedData/Chatlio-erkyzdeecsohoaggpwbjdvavzqfv/Build/Products/Debug-iphonesimulator -F /Applications/Xcode.app/Contents/Developer/Platforms/iPhoneSimulator.platform/Developer/Library/Frameworks -F /Applications/Xcode.app/Contents/Developer/Platforms/iPhoneSimulator.platform/Developer/SDKs/iPhoneSimulator26.4.sdk/Developer/Library/Frameworks -c -j12 -enable-batch-mode -incremental -Xcc -ivfsstatcache -Xcc /Users/aadityasingh/Library/Developer/Xcode/DerivedData/SDKStatCaches.noindex/iphonesimulator26.4-23E252-686eebb5dc1d8ecb277353a59184f4aa.sdkstatcache -output-file-map /Users/aadityasingh/Library/Developer/Xcode/DerivedData/Chatlio-erkyzdeecsohoaggpwbjdvavzqfv/Build/Intermediates.noindex/WysiwygComposer.build/Debug-iphonesimulator/WysiwygComposer.build/Objects-normal/arm64/WysiwygComposer-OutputFileMap.json -use-frontend-parseable-output -save-temps -no-color-diagnostics -explicit-module-build -module-cache-path /Users/aadityasingh/Library/Developer/Xcode/DerivedData/Chatlio-erkyzdeecsohoaggpwbjdvavzqfv/Build/Intermediates.noindex/SwiftExplicitPrecompiledModules -clang-scanner-module-cache-path /Users/aadityasingh/Library/Developer/Xcode/DerivedData/ModuleCache.noindex -sdk-module-cache-path /Users/aadityasingh/Library/Developer/Xcode/DerivedData/ModuleCache.noindex -serialize-diagnostics -emit-dependencies -emit-module -emit-module-path /Users/aadityasingh/Library/Developer/Xcode/DerivedData/Chatlio-erkyzdeecsohoaggpwbjdvavzqfv/Build/Intermediates.noindex/WysiwygComposer.build/Debug-iphonesimulator/WysiwygComposer.build/Objects-normal/arm64/WysiwygComposer.swiftmodule -validate-clang-modules-once -clang-build-session-file /Users/aadityasingh/Library/Developer/Xcode/DerivedData/ModuleCache.noindex/Session.modulevalidation -Xcc -I/Users/aadityasingh/Library/Developer/Xcode/DerivedData/Chatlio-erkyzdeecsohoaggpwbjdvavzqfv/Build/Intermediates.noindex/WysiwygComposer.build/Debug-iphonesimulator/WysiwygComposer.build/swift-overrides.hmap -emit-const-values -Xfrontend -const-gather-protocols-file -Xfrontend /Users/aadityasingh/Library/Developer/Xcode/DerivedData/Chatlio-erkyzdeecsohoaggpwbjdvavzqfv/Build/Intermediates.noindex/WysiwygComposer.build/Debug-iphonesimulator/WysiwygComposer.build/Objects-normal/arm64/WysiwygComposer_const_extract_protocols.json -Xcc -I/Users/aadityasingh/Library/Developer/Xcode/DerivedData/Chatlio-erkyzdeecsohoaggpwbjdvavzqfv/SourcePackages/checkouts/DTFoundation/Core/include -Xcc -I/Users/aadityasingh/Library/Developer/Xcode/DerivedData/Chatlio-erkyzdeecsohoaggpwbjdvavzqfv/SourcePackages/checkouts/DTCoreText/Core/include -Xcc -I/Users/aadityasingh/Library/Developer/Xcode/DerivedData/Chatlio-erkyzdeecsohoaggpwbjdvavzqfv/SourcePackages/checkouts/matrix-rich-text-editor-swift/Sources/DTCoreTextExtended/include -Xcc -I/Users/aadityasingh/Library/Developer/Xcode/DerivedData/Chatlio-erkyzdeecsohoaggpwbjdvavzqfv/Build/Products/Debug-iphonesimulator/include -Xcc -I/Users/aadityasingh/Library/Developer/Xcode/DerivedData/Chatlio-erkyzdeecsohoaggpwbjdvavzqfv/Build/Intermediates.noindex/WysiwygComposer.build/Debug-iphonesimulator/WysiwygComposer.build/DerivedSources-normal/arm64 -Xcc -I/Users/aadityasingh/Library/Developer/Xcode/DerivedData/Chatlio-erkyzdeecsohoaggpwbjdvavzqfv/Build/Intermediates.noindex/WysiwygComposer.build/Debug-iphonesimulator/WysiwygComposer.build/DerivedSources/arm64 -Xcc -I/Users/aadityasingh/Library/Developer/Xcode/DerivedData/Chatlio-erkyzdeecsohoaggpwbjdvavzqfv/Build/Intermediates.noindex/WysiwygComposer.build/Debug-iphonesimulator/WysiwygComposer.build/DerivedSources -Xcc -DSWIFT_PACKAGE -Xcc -DDEBUG\=1 -emit-objc-header -emit-objc-header-path /Users/aadityasingh/Library/Developer/Xcode/DerivedData/Chatlio-erkyzdeecsohoaggpwbjdvavzqfv/Build/Intermediates.noindex/WysiwygComposer.build/Debug-iphonesimulator/WysiwygComposer.build/Objects-normal/arm64/WysiwygComposer-Swift.h -working-directory /Users/aadityasingh/Documents/Development/element-x-ios/Chatlio.xcodeproj -experimental-emit-module-separately -disable-cmo

Copy /Users/aadityasingh/Library/Developer/Xcode/DerivedData/Chatlio-erkyzdeecsohoaggpwbjdvavzqfv/Build/Products/Debug-iphonesimulator/WysiwygComposer.swiftmodule/x86_64-apple-ios-simulator.swiftdoc /Users/aadityasingh/Library/Developer/Xcode/DerivedData/Chatlio-erkyzdeecsohoaggpwbjdvavzqfv/Build/Intermediates.noindex/WysiwygComposer.build/Debug-iphonesimulator/WysiwygComposer.build/Objects-normal/x86_64/WysiwygComposer.swiftdoc (in target 'WysiwygComposer' from project 'WysiwygComposer')
    cd /Users/aadityasingh/Library/Developer/Xcode/DerivedData/Chatlio-erkyzdeecsohoaggpwbjdvavzqfv/SourcePackages/checkouts/matrix-rich-text-editor-swift
    builtin-copy -exclude .DS_Store -exclude CVS -exclude .svn -exclude .git -exclude .hg -resolve-src-symlinks -rename /Users/aadityasingh/Library/Developer/Xcode/DerivedData/Chatlio-erkyzdeecsohoaggpwbjdvavzqfv/Build/Intermediates.noindex/WysiwygComposer.build/Debug-iphonesimulator/WysiwygComposer.build/Objects-normal/x86_64/WysiwygComposer.swiftdoc /Users/aadityasingh/Library/Developer/Xcode/DerivedData/Chatlio-erkyzdeecsohoaggpwbjdvavzqfv/Build/Products/Debug-iphonesimulator/WysiwygComposer.swiftmodule/x86_64-apple-ios-simulator.swiftdoc

SwiftMergeGeneratedHeaders /Users/aadityasingh/Library/Developer/Xcode/DerivedData/Chatlio-erkyzdeecsohoaggpwbjdvavzqfv/Build/Intermediates.noindex/GeneratedModuleMaps-iphonesimulator/WysiwygComposer-Swift.h /Users/aadityasingh/Library/Developer/Xcode/DerivedData/Chatlio-erkyzdeecsohoaggpwbjdvavzqfv/Build/Intermediates.noindex/WysiwygComposer.build/Debug-iphonesimulator/WysiwygComposer.build/Objects-normal/arm64/WysiwygComposer-Swift.h /Users/aadityasingh/Library/Developer/Xcode/DerivedData/Chatlio-erkyzdeecsohoaggpwbjdvavzqfv/Build/Intermediates.noindex/WysiwygComposer.build/Debug-iphonesimulator/WysiwygComposer.build/Objects-normal/x86_64/WysiwygComposer-Swift.h (in target 'WysiwygComposer' from project 'WysiwygComposer')
    cd /Users/aadityasingh/Library/Developer/Xcode/DerivedData/Chatlio-erkyzdeecsohoaggpwbjdvavzqfv/SourcePackages/checkouts/matrix-rich-text-editor-swift
    builtin-swiftHeaderTool -arch arm64 /Users/aadityasingh/Library/Developer/Xcode/DerivedData/Chatlio-erkyzdeecsohoaggpwbjdvavzqfv/Build/Intermediates.noindex/WysiwygComposer.build/Debug-iphonesimulator/WysiwygComposer.build/Objects-normal/arm64/WysiwygComposer-Swift.h -arch x86_64 /Users/aadityasingh/Library/Developer/Xcode/DerivedData/Chatlio-erkyzdeecsohoaggpwbjdvavzqfv/Build/Intermediates.noindex/WysiwygComposer.build/Debug-iphonesimulator/WysiwygComposer.build/Objects-normal/x86_64/WysiwygComposer-Swift.h -o /Users/aadityasingh/Library/Developer/Xcode/DerivedData/Chatlio-erkyzdeecsohoaggpwbjdvavzqfv/Build/Intermediates.noindex/GeneratedModuleMaps-iphonesimulator/WysiwygComposer-Swift.h

Copy /Users/aadityasingh/Library/Developer/Xcode/DerivedData/Chatlio-erkyzdeecsohoaggpwbjdvavzqfv/Build/Products/Debug-iphonesimulator/WysiwygComposer.swiftmodule/x86_64-apple-ios-simulator.abi.json /Users/aadityasingh/Library/Developer/Xcode/DerivedData/Chatlio-erkyzdeecsohoaggpwbjdvavzqfv/Build/Intermediates.noindex/WysiwygComposer.build/Debug-iphonesimulator/WysiwygComposer.build/Objects-normal/x86_64/WysiwygComposer.abi.json (in target 'WysiwygComposer' from project 'WysiwygComposer')
    cd /Users/aadityasingh/Library/Developer/Xcode/DerivedData/Chatlio-erkyzdeecsohoaggpwbjdvavzqfv/SourcePackages/checkouts/matrix-rich-text-editor-swift
    builtin-copy -exclude .DS_Store -exclude CVS -exclude .svn -exclude .git -exclude .hg -resolve-src-symlinks -rename /Users/aadityasingh/Library/Developer/Xcode/DerivedData/Chatlio-erkyzdeecsohoaggpwbjdvavzqfv/Build/Intermediates.noindex/WysiwygComposer.build/Debug-iphonesimulator/WysiwygComposer.build/Objects-normal/x86_64/WysiwygComposer.abi.json /Users/aadityasingh/Library/Developer/Xcode/DerivedData/Chatlio-erkyzdeecsohoaggpwbjdvavzqfv/Build/Products/Debug-iphonesimulator/WysiwygComposer.swiftmodule/x86_64-apple-ios-simulator.abi.json

Copy /Users/aadityasingh/Library/Developer/Xcode/DerivedData/Chatlio-erkyzdeecsohoaggpwbjdvavzqfv/Build/Products/Debug-iphonesimulator/WysiwygComposer.swiftmodule/arm64-apple-ios-simulator.swiftmodule /Users/aadityasingh/Library/Developer/Xcode/DerivedData/Chatlio-erkyzdeecsohoaggpwbjdvavzqfv/Build/Intermediates.noindex/WysiwygComposer.build/Debug-iphonesimulator/WysiwygComposer.build/Objects-normal/arm64/WysiwygComposer.swiftmodule (in target 'WysiwygComposer' from project 'WysiwygComposer')
    cd /Users/aadityasingh/Library/Developer/Xcode/DerivedData/Chatlio-erkyzdeecsohoaggpwbjdvavzqfv/SourcePackages/checkouts/matrix-rich-text-editor-swift
    builtin-copy -exclude .DS_Store -exclude CVS -exclude .svn -exclude .git -exclude .hg -resolve-src-symlinks -rename /Users/aadityasingh/Library/Developer/Xcode/DerivedData/Chatlio-erkyzdeecsohoaggpwbjdvavzqfv/Build/Intermediates.noindex/WysiwygComposer.build/Debug-iphonesimulator/WysiwygComposer.build/Objects-normal/arm64/WysiwygComposer.swiftmodule /Users/aadityasingh/Library/Developer/Xcode/DerivedData/Chatlio-erkyzdeecsohoaggpwbjdvavzqfv/Build/Products/Debug-iphonesimulator/WysiwygComposer.swiftmodule/arm64-apple-ios-simulator.swiftmodule

Copy /Users/aadityasingh/Library/Developer/Xcode/DerivedData/Chatlio-erkyzdeecsohoaggpwbjdvavzqfv/Build/Products/Debug-iphonesimulator/WysiwygComposer.swiftmodule/arm64-apple-ios-simulator.swiftdoc /Users/aadityasingh/Library/Developer/Xcode/DerivedData/Chatlio-erkyzdeecsohoaggpwbjdvavzqfv/Build/Intermediates.noindex/WysiwygComposer.build/Debug-iphonesimulator/WysiwygComposer.build/Objects-normal/arm64/WysiwygComposer.swiftdoc (in target 'WysiwygComposer' from project 'WysiwygComposer')
    cd /Users/aadityasingh/Library/Developer/Xcode/DerivedData/Chatlio-erkyzdeecsohoaggpwbjdvavzqfv/SourcePackages/checkouts/matrix-rich-text-editor-swift
    builtin-copy -exclude .DS_Store -exclude CVS -exclude .svn -exclude .git -exclude .hg -resolve-src-symlinks -rename /Users/aadityasingh/Library/Developer/Xcode/DerivedData/Chatlio-erkyzdeecsohoaggpwbjdvavzqfv/Build/Intermediates.noindex/WysiwygComposer.build/Debug-iphonesimulator/WysiwygComposer.build/Objects-normal/arm64/WysiwygComposer.swiftdoc /Users/aadityasingh/Library/Developer/Xcode/DerivedData/Chatlio-erkyzdeecsohoaggpwbjdvavzqfv/Build/Products/Debug-iphonesimulator/WysiwygComposer.swiftmodule/arm64-apple-ios-simulator.swiftdoc

Copy /Users/aadityasingh/Library/Developer/Xcode/DerivedData/Chatlio-erkyzdeecsohoaggpwbjdvavzqfv/Build/Products/Debug-iphonesimulator/WysiwygComposer.swiftmodule/arm64-apple-ios-simulator.abi.json /Users/aadityasingh/Library/Developer/Xcode/DerivedData/Chatlio-erkyzdeecsohoaggpwbjdvavzqfv/Build/Intermediates.noindex/WysiwygComposer.build/Debug-iphonesimulator/WysiwygComposer.build/Objects-normal/arm64/WysiwygComposer.abi.json (in target 'WysiwygComposer' from project 'WysiwygComposer')
    cd /Users/aadityasingh/Library/Developer/Xcode/DerivedData/Chatlio-erkyzdeecsohoaggpwbjdvavzqfv/SourcePackages/checkouts/matrix-rich-text-editor-swift
    builtin-copy -exclude .DS_Store -exclude CVS -exclude .svn -exclude .git -exclude .hg -resolve-src-symlinks -rename /Users/aadityasingh/Library/Developer/Xcode/DerivedData/Chatlio-erkyzdeecsohoaggpwbjdvavzqfv/Build/Intermediates.noindex/WysiwygComposer.build/Debug-iphonesimulator/WysiwygComposer.build/Objects-normal/arm64/WysiwygComposer.abi.json /Users/aadityasingh/Library/Developer/Xcode/DerivedData/Chatlio-erkyzdeecsohoaggpwbjdvavzqfv/Build/Products/Debug-iphonesimulator/WysiwygComposer.swiftmodule/arm64-apple-ios-simulator.abi.json

Copy /Users/aadityasingh/Library/Developer/Xcode/DerivedData/Chatlio-erkyzdeecsohoaggpwbjdvavzqfv/Build/Products/Debug-iphonesimulator/WysiwygComposer.swiftmodule/Project/x86_64-apple-ios-simulator.swiftsourceinfo /Users/aadityasingh/Library/Developer/Xcode/DerivedData/Chatlio-erkyzdeecsohoaggpwbjdvavzqfv/Build/Intermediates.noindex/WysiwygComposer.build/Debug-iphonesimulator/WysiwygComposer.build/Objects-normal/x86_64/WysiwygComposer.swiftsourceinfo (in target 'WysiwygComposer' from project 'WysiwygComposer')
    cd /Users/aadityasingh/Library/Developer/Xcode/DerivedData/Chatlio-erkyzdeecsohoaggpwbjdvavzqfv/SourcePackages/checkouts/matrix-rich-text-editor-swift
    builtin-copy -exclude .DS_Store -exclude CVS -exclude .svn -exclude .git -exclude .hg -resolve-src-symlinks -rename /Users/aadityasingh/Library/Developer/Xcode/DerivedData/Chatlio-erkyzdeecsohoaggpwbjdvavzqfv/Build/Intermediates.noindex/WysiwygComposer.build/Debug-iphonesimulator/WysiwygComposer.build/Objects-normal/x86_64/WysiwygComposer.swiftsourceinfo /Users/aadityasingh/Library/Developer/Xcode/DerivedData/Chatlio-erkyzdeecsohoaggpwbjdvavzqfv/Build/Products/Debug-iphonesimulator/WysiwygComposer.swiftmodule/Project/x86_64-apple-ios-simulator.swiftsourceinfo

Copy /Users/aadityasingh/Library/Developer/Xcode/DerivedData/Chatlio-erkyzdeecsohoaggpwbjdvavzqfv/Build/Products/Debug-iphonesimulator/WysiwygComposer.swiftmodule/Project/arm64-apple-ios-simulator.swiftsourceinfo /Users/aadityasingh/Library/Developer/Xcode/DerivedData/Chatlio-erkyzdeecsohoaggpwbjdvavzqfv/Build/Intermediates.noindex/WysiwygComposer.build/Debug-iphonesimulator/WysiwygComposer.build/Objects-normal/arm64/WysiwygComposer.swiftsourceinfo (in target 'WysiwygComposer' from project 'WysiwygComposer')
    cd /Users/aadityasingh/Library/Developer/Xcode/DerivedData/Chatlio-erkyzdeecsohoaggpwbjdvavzqfv/SourcePackages/checkouts/matrix-rich-text-editor-swift
    builtin-copy -exclude .DS_Store -exclude CVS -exclude .svn -exclude .git -exclude .hg -resolve-src-symlinks -rename /Users/aadityasingh/Library/Developer/Xcode/DerivedData/Chatlio-erkyzdeecsohoaggpwbjdvavzqfv/Build/Intermediates.noindex/WysiwygComposer.build/Debug-iphonesimulator/WysiwygComposer.build/Objects-normal/arm64/WysiwygComposer.swiftsourceinfo /Users/aadityasingh/Library/Developer/Xcode/DerivedData/Chatlio-erkyzdeecsohoaggpwbjdvavzqfv/Build/Products/Debug-iphonesimulator/WysiwygComposer.swiftmodule/Project/arm64-apple-ios-simulator.swiftsourceinfo

SwiftDriverJobDiscovery normal arm64 Emitting module for OrderedCollections (in target 'OrderedCollections' from project 'swift-collections')

SwiftDriver\ Compilation\ Requirements OrderedCollections normal arm64 com.apple.xcode.tools.swift.compiler (in target 'OrderedCollections' from project 'swift-collections')
    cd /Users/aadityasingh/Documents/Development/element-x-ios/Chatlio.xcodeproj
    builtin-Swift-Compilation-Requirements -- /Applications/Xcode.app/Contents/Developer/Toolchains/XcodeDefault.xctoolchain/usr/bin/swiftc -module-name OrderedCollections -Onone @/Users/aadityasingh/Library/Developer/Xcode/DerivedData/Chatlio-erkyzdeecsohoaggpwbjdvavzqfv/Build/Intermediates.noindex/swift-collections.build/Debug-iphonesimulator/OrderedCollections.build/Objects-normal/arm64/OrderedCollections.SwiftFileList -DSWIFT_PACKAGE -DDEBUG -DSWIFT_MODULE_RESOURCE_BUNDLE_UNAVAILABLE -DCOLLECTIONS_RANDOMIZED_TESTING -DXcode -enable-experimental-feature AvailabilityMacro\=SwiftStdlib\ 5.0:\ macOS\ 10.14.4,\ iOS\ 12.2,\ watchOS\ 5.2,\ tvOS\ 12.2 -enable-experimental-feature AvailabilityMacro\=SwiftStdlib\ 5.1:\ macOS\ 10.15,\ iOS\ 13.0,\ watchOS\ 6.0,\ tvOS\ 13.0 -enable-experimental-feature AvailabilityMacro\=SwiftStdlib\ 5.6:\ macOS\ 12.3,\ iOS\ 15.4,\ watchOS\ 8.5,\ tvOS\ 15.4 -enable-experimental-feature AvailabilityMacro\=SwiftStdlib\ 5.8:\ macOS\ 13.3,\ iOS\ 16.4,\ watchOS\ 9.4,\ tvOS\ 16.4 -enable-experimental-feature AvailabilityMacro\=SwiftStdlib\ 5.9:\ macOS\ 14.0,\ iOS\ 17.0,\ watchOS\ 10.0,\ tvOS\ 17.0 -enable-experimental-feature AvailabilityMacro\=SwiftStdlib\ 5.10:\ macOS\ 14.4,\ iOS\ 17.4,\ watchOS\ 10.4,\ tvOS\ 17.4,\ visionOS\ 1.1 -enable-experimental-feature AvailabilityMacro\=SwiftStdlib\ 6.0:\ macOS\ 15.0,\ iOS\ 18.0,\ watchOS\ 11.0,\ tvOS\ 18.0,\ visionOS\ 2.0 -enable-experimental-feature AvailabilityMacro\=SwiftStdlib\ 6.1:\ macOS\ 15.4,\ iOS\ 18.4,\ watchOS\ 11.4,\ tvOS\ 18.4,\ visionOS\ 2.4 -enable-experimental-feature AvailabilityMacro\=SwiftStdlib\ 6.2:\ macOS\ 26.0,\ iOS\ 26.0,\ watchOS\ 26.0,\ tvOS\ 26.0,\ visionOS\ 26.0 -enable-upcoming-feature MemberImportVisibility -enable-experimental-feature BuiltinModule -enable-experimental-feature Lifetimes -enable-experimental-feature InoutLifetimeDependence -enable-experimental-feature SuppressedAssociatedTypes -plugin-path /Applications/Xcode.app/Contents/Developer/Toolchains/XcodeDefault.xctoolchain/usr/lib/swift/host/plugins/testing -enable-experimental-feature DebugDescriptionMacro -sdk /Applications/Xcode.app/Contents/Developer/Platforms/iPhoneSimulator.platform/Developer/SDKs/iPhoneSimulator26.4.sdk -target arm64-apple-ios12.0-simulator -g -module-cache-path /Users/aadityasingh/Library/Developer/Xcode/DerivedData/ModuleCache.noindex -Xfrontend -serialize-debugging-options -profile-coverage-mapping -profile-generate -enable-testing -suppress-warnings -index-store-path /Users/aadityasingh/Library/Developer/Xcode/DerivedData/Chatlio-erkyzdeecsohoaggpwbjdvavzqfv/Index.noindex/DataStore -Xcc -D_LIBCPP_HARDENING_MODE\=_LIBCPP_HARDENING_MODE_DEBUG -swift-version 6 -I /Users/aadityasingh/Library/Developer/Xcode/DerivedData/Chatlio-erkyzdeecsohoaggpwbjdvavzqfv/Build/Products/Debug-iphonesimulator -Isystem /Applications/Xcode.app/Contents/Developer/Platforms/iPhoneSimulator.platform/Developer/usr/lib -F /Users/aadityasingh/Library/Developer/Xcode/DerivedData/Chatlio-erkyzdeecsohoaggpwbjdvavzqfv/Build/Products/Debug-iphonesimulator/PackageFrameworks -F /Users/aadityasingh/Library/Developer/Xcode/DerivedData/Chatlio-erkyzdeecsohoaggpwbjdvavzqfv/Build/Products/Debug-iphonesimulator -F /Applications/Xcode.app/Contents/Developer/Platforms/iPhoneSimulator.platform/Developer/Library/Frameworks -F /Applications/Xcode.app/Contents/Developer/Platforms/iPhoneSimulator.platform/Developer/SDKs/iPhoneSimulator26.4.sdk/Developer/Library/Frameworks -c -j12 -enable-batch-mode -incremental -Xcc -ivfsstatcache -Xcc /Users/aadityasingh/Library/Developer/Xcode/DerivedData/SDKStatCaches.noindex/iphonesimulator26.4-23E252-686eebb5dc1d8ecb277353a59184f4aa.sdkstatcache -output-file-map /Users/aadityasingh/Library/Developer/Xcode/DerivedData/Chatlio-erkyzdeecsohoaggpwbjdvavzqfv/Build/Intermediates.noindex/swift-collections.build/Debug-iphonesimulator/OrderedCollections.build/Objects-normal/arm64/OrderedCollections-OutputFileMap.json -use-frontend-parseable-output -save-temps -no-color-diagnostics -explicit-module-build -module-cache-path /Users/aadityasingh/Library/Developer/Xcode/DerivedData/Chatlio-erkyzdeecsohoaggpwbjdvavzqfv/Build/Intermediates.noindex/SwiftExplicitPrecompiledModules -clang-scanner-module-cache-path /Users/aadityasingh/Library/Developer/Xcode/DerivedData/ModuleCache.noindex -sdk-module-cache-path /Users/aadityasingh/Library/Developer/Xcode/DerivedData/ModuleCache.noindex -serialize-diagnostics -emit-dependencies -emit-module -emit-module-path /Users/aadityasingh/Library/Developer/Xcode/DerivedData/Chatlio-erkyzdeecsohoaggpwbjdvavzqfv/Build/Intermediates.noindex/swift-collections.build/Debug-iphonesimulator/OrderedCollections.build/Objects-normal/arm64/OrderedCollections.swiftmodule -user-module-version 1.3.0 -validate-clang-modules-once -clang-build-session-file /Users/aadityasingh/Library/Developer/Xcode/DerivedData/ModuleCache.noindex/Session.modulevalidation -package-name swift_collections -Xcc -I/Users/aadityasingh/Library/Developer/Xcode/DerivedData/Chatlio-erkyzdeecsohoaggpwbjdvavzqfv/Build/Intermediates.noindex/swift-collections.build/Debug-iphonesimulator/OrderedCollections.build/swift-overrides.hmap -emit-const-values -Xfrontend -const-gather-protocols-file -Xfrontend /Users/aadityasingh/Library/Developer/Xcode/DerivedData/Chatlio-erkyzdeecsohoaggpwbjdvavzqfv/Build/Intermediates.noindex/swift-collections.build/Debug-iphonesimulator/OrderedCollections.build/Objects-normal/arm64/OrderedCollections_const_extract_protocols.json -Xcc -I/Users/aadityasingh/Library/Developer/Xcode/DerivedData/Chatlio-erkyzdeecsohoaggpwbjdvavzqfv/Build/Products/Debug-iphonesimulator/include -Xcc -I/Users/aadityasingh/Library/Developer/Xcode/DerivedData/Chatlio-erkyzdeecsohoaggpwbjdvavzqfv/Build/Intermediates.noindex/swift-collections.build/Debug-iphonesimulator/OrderedCollections.build/DerivedSources-normal/arm64 -Xcc -I/Users/aadityasingh/Library/Developer/Xcode/DerivedData/Chatlio-erkyzdeecsohoaggpwbjdvavzqfv/Build/Intermediates.noindex/swift-collections.build/Debug-iphonesimulator/OrderedCollections.build/DerivedSources/arm64 -Xcc -I/Users/aadityasingh/Library/Developer/Xcode/DerivedData/Chatlio-erkyzdeecsohoaggpwbjdvavzqfv/Build/Intermediates.noindex/swift-collections.build/Debug-iphonesimulator/OrderedCollections.build/DerivedSources -Xcc -DSWIFT_PACKAGE -Xcc -DDEBUG\=1 -emit-objc-header -emit-objc-header-path /Users/aadityasingh/Library/Developer/Xcode/DerivedData/Chatlio-erkyzdeecsohoaggpwbjdvavzqfv/Build/Intermediates.noindex/swift-collections.build/Debug-iphonesimulator/OrderedCollections.build/Objects-normal/arm64/OrderedCollections-Swift.h -working-directory /Users/aadityasingh/Documents/Development/element-x-ios/Chatlio.xcodeproj -experimental-emit-module-separately -disable-cmo

SwiftCompile normal arm64 Compiling\ CollectionDifference.swift,\ ComposerAction.swift /Users/aadityasingh/Library/Developer/Xcode/DerivedData/Chatlio-erkyzdeecsohoaggpwbjdvavzqfv/SourcePackages/checkouts/matrix-rich-text-editor-swift/Sources/WysiwygComposer/Extensions/CollectionDifference.swift /Users/aadityasingh/Library/Developer/Xcode/DerivedData/Chatlio-erkyzdeecsohoaggpwbjdvavzqfv/SourcePackages/checkouts/matrix-rich-text-editor-swift/Sources/WysiwygComposer/Extensions/ComposerAction.swift (in target 'WysiwygComposer' from project 'WysiwygComposer')

SwiftCompile normal arm64 /Users/aadityasingh/Library/Developer/Xcode/DerivedData/Chatlio-erkyzdeecsohoaggpwbjdvavzqfv/SourcePackages/checkouts/matrix-rich-text-editor-swift/Sources/WysiwygComposer/Extensions/CollectionDifference.swift (in target 'WysiwygComposer' from project 'WysiwygComposer')
    cd /Users/aadityasingh/Documents/Development/element-x-ios/Chatlio.xcodeproj
    

SwiftCompile normal arm64 /Users/aadityasingh/Library/Developer/Xcode/DerivedData/Chatlio-erkyzdeecsohoaggpwbjdvavzqfv/SourcePackages/checkouts/matrix-rich-text-editor-swift/Sources/WysiwygComposer/Extensions/ComposerAction.swift (in target 'WysiwygComposer' from project 'WysiwygComposer')
    cd /Users/aadityasingh/Documents/Development/element-x-ios/Chatlio.xcodeproj
    

SwiftCompile normal x86_64 Compiling\ String.swift,\ UITextView.swift /Users/aadityasingh/Library/Developer/Xcode/DerivedData/Chatlio-erkyzdeecsohoaggpwbjdvavzqfv/SourcePackages/checkouts/matrix-rich-text-editor-swift/Sources/WysiwygComposer/Extensions/String.swift /Users/aadityasingh/Library/Developer/Xcode/DerivedData/Chatlio-erkyzdeecsohoaggpwbjdvavzqfv/SourcePackages/checkouts/matrix-rich-text-editor-swift/Sources/WysiwygComposer/Extensions/UITextView.swift (in target 'WysiwygComposer' from project 'WysiwygComposer')

SwiftCompile normal x86_64 /Users/aadityasingh/Library/Developer/Xcode/DerivedData/Chatlio-erkyzdeecsohoaggpwbjdvavzqfv/SourcePackages/checkouts/matrix-rich-text-editor-swift/Sources/WysiwygComposer/Extensions/String.swift (in target 'WysiwygComposer' from project 'WysiwygComposer')
    cd /Users/aadityasingh/Documents/Development/element-x-ios/Chatlio.xcodeproj
    

SwiftCompile normal x86_64 /Users/aadityasingh/Library/Developer/Xcode/DerivedData/Chatlio-erkyzdeecsohoaggpwbjdvavzqfv/SourcePackages/checkouts/matrix-rich-text-editor-swift/Sources/WysiwygComposer/Extensions/UITextView.swift (in target 'WysiwygComposer' from project 'WysiwygComposer')
    cd /Users/aadityasingh/Documents/Development/element-x-ios/Chatlio.xcodeproj
    

Copy /Users/aadityasingh/Library/Developer/Xcode/DerivedData/Chatlio-erkyzdeecsohoaggpwbjdvavzqfv/Build/Products/Debug-iphonesimulator/OrderedCollections.swiftmodule/arm64-apple-ios-simulator.swiftmodule /Users/aadityasingh/Library/Developer/Xcode/DerivedData/Chatlio-erkyzdeecsohoaggpwbjdvavzqfv/Build/Intermediates.noindex/swift-collections.build/Debug-iphonesimulator/OrderedCollections.build/Objects-normal/arm64/OrderedCollections.swiftmodule (in target 'OrderedCollections' from project 'swift-collections')
    cd /Users/aadityasingh/Library/Developer/Xcode/DerivedData/Chatlio-erkyzdeecsohoaggpwbjdvavzqfv/SourcePackages/checkouts/swift-collections
    builtin-copy -exclude .DS_Store -exclude CVS -exclude .svn -exclude .git -exclude .hg -resolve-src-symlinks -rename /Users/aadityasingh/Library/Developer/Xcode/DerivedData/Chatlio-erkyzdeecsohoaggpwbjdvavzqfv/Build/Intermediates.noindex/swift-collections.build/Debug-iphonesimulator/OrderedCollections.build/Objects-normal/arm64/OrderedCollections.swiftmodule /Users/aadityasingh/Library/Developer/Xcode/DerivedData/Chatlio-erkyzdeecsohoaggpwbjdvavzqfv/Build/Products/Debug-iphonesimulator/OrderedCollections.swiftmodule/arm64-apple-ios-simulator.swiftmodule

SwiftDriverJobDiscovery normal x86_64 Emitting module for OrderedCollections (in target 'OrderedCollections' from project 'swift-collections')

SwiftDriver\ Compilation\ Requirements OrderedCollections normal x86_64 com.apple.xcode.tools.swift.compiler (in target 'OrderedCollections' from project 'swift-collections')
    cd /Users/aadityasingh/Documents/Development/element-x-ios/Chatlio.xcodeproj
    builtin-Swift-Compilation-Requirements -- /Applications/Xcode.app/Contents/Developer/Toolchains/XcodeDefault.xctoolchain/usr/bin/swiftc -module-name OrderedCollections -Onone @/Users/aadityasingh/Library/Developer/Xcode/DerivedData/Chatlio-erkyzdeecsohoaggpwbjdvavzqfv/Build/Intermediates.noindex/swift-collections.build/Debug-iphonesimulator/OrderedCollections.build/Objects-normal/x86_64/OrderedCollections.SwiftFileList -DSWIFT_PACKAGE -DDEBUG -DSWIFT_MODULE_RESOURCE_BUNDLE_UNAVAILABLE -DCOLLECTIONS_RANDOMIZED_TESTING -DXcode -enable-experimental-feature AvailabilityMacro\=SwiftStdlib\ 5.0:\ macOS\ 10.14.4,\ iOS\ 12.2,\ watchOS\ 5.2,\ tvOS\ 12.2 -enable-experimental-feature AvailabilityMacro\=SwiftStdlib\ 5.1:\ macOS\ 10.15,\ iOS\ 13.0,\ watchOS\ 6.0,\ tvOS\ 13.0 -enable-experimental-feature AvailabilityMacro\=SwiftStdlib\ 5.6:\ macOS\ 12.3,\ iOS\ 15.4,\ watchOS\ 8.5,\ tvOS\ 15.4 -enable-experimental-feature AvailabilityMacro\=SwiftStdlib\ 5.8:\ macOS\ 13.3,\ iOS\ 16.4,\ watchOS\ 9.4,\ tvOS\ 16.4 -enable-experimental-feature AvailabilityMacro\=SwiftStdlib\ 5.9:\ macOS\ 14.0,\ iOS\ 17.0,\ watchOS\ 10.0,\ tvOS\ 17.0 -enable-experimental-feature AvailabilityMacro\=SwiftStdlib\ 5.10:\ macOS\ 14.4,\ iOS\ 17.4,\ watchOS\ 10.4,\ tvOS\ 17.4,\ visionOS\ 1.1 -enable-experimental-feature AvailabilityMacro\=SwiftStdlib\ 6.0:\ macOS\ 15.0,\ iOS\ 18.0,\ watchOS\ 11.0,\ tvOS\ 18.0,\ visionOS\ 2.0 -enable-experimental-feature AvailabilityMacro\=SwiftStdlib\ 6.1:\ macOS\ 15.4,\ iOS\ 18.4,\ watchOS\ 11.4,\ tvOS\ 18.4,\ visionOS\ 2.4 -enable-experimental-feature AvailabilityMacro\=SwiftStdlib\ 6.2:\ macOS\ 26.0,\ iOS\ 26.0,\ watchOS\ 26.0,\ tvOS\ 26.0,\ visionOS\ 26.0 -enable-upcoming-feature MemberImportVisibility -enable-experimental-feature BuiltinModule -enable-experimental-feature Lifetimes -enable-experimental-feature InoutLifetimeDependence -enable-experimental-feature SuppressedAssociatedTypes -plugin-path /Applications/Xcode.app/Contents/Developer/Toolchains/XcodeDefault.xctoolchain/usr/lib/swift/host/plugins/testing -enable-experimental-feature DebugDescriptionMacro -sdk /Applications/Xcode.app/Contents/Developer/Platforms/iPhoneSimulator.platform/Developer/SDKs/iPhoneSimulator26.4.sdk -target x86_64-apple-ios12.0-simulator -g -module-cache-path /Users/aadityasingh/Library/Developer/Xcode/DerivedData/ModuleCache.noindex -Xfrontend -serialize-debugging-options -profile-coverage-mapping -profile-generate -enable-testing -suppress-warnings -index-store-path /Users/aadityasingh/Library/Developer/Xcode/DerivedData/Chatlio-erkyzdeecsohoaggpwbjdvavzqfv/Index.noindex/DataStore -Xcc -D_LIBCPP_HARDENING_MODE\=_LIBCPP_HARDENING_MODE_DEBUG -swift-version 6 -I /Users/aadityasingh/Library/Developer/Xcode/DerivedData/Chatlio-erkyzdeecsohoaggpwbjdvavzqfv/Build/Products/Debug-iphonesimulator -Isystem /Applications/Xcode.app/Contents/Developer/Platforms/iPhoneSimulator.platform/Developer/usr/lib -F /Users/aadityasingh/Library/Developer/Xcode/DerivedData/Chatlio-erkyzdeecsohoaggpwbjdvavzqfv/Build/Products/Debug-iphonesimulator/PackageFrameworks -F /Users/aadityasingh/Library/Developer/Xcode/DerivedData/Chatlio-erkyzdeecsohoaggpwbjdvavzqfv/Build/Products/Debug-iphonesimulator -F /Applications/Xcode.app/Contents/Developer/Platforms/iPhoneSimulator.platform/Developer/Library/Frameworks -F /Applications/Xcode.app/Contents/Developer/Platforms/iPhoneSimulator.platform/Developer/SDKs/iPhoneSimulator26.4.sdk/Developer/Library/Frameworks -c -j12 -enable-batch-mode -incremental -Xcc -ivfsstatcache -Xcc /Users/aadityasingh/Library/Developer/Xcode/DerivedData/SDKStatCaches.noindex/iphonesimulator26.4-23E252-686eebb5dc1d8ecb277353a59184f4aa.sdkstatcache -output-file-map /Users/aadityasingh/Library/Developer/Xcode/DerivedData/Chatlio-erkyzdeecsohoaggpwbjdvavzqfv/Build/Intermediates.noindex/swift-collections.build/Debug-iphonesimulator/OrderedCollections.build/Objects-normal/x86_64/OrderedCollections-OutputFileMap.json -use-frontend-parseable-output -save-temps -no-color-diagnostics -explicit-module-build -module-cache-path /Users/aadityasingh/Library/Developer/Xcode/DerivedData/Chatlio-erkyzdeecsohoaggpwbjdvavzqfv/Build/Intermediates.noindex/SwiftExplicitPrecompiledModules -clang-scanner-module-cache-path /Users/aadityasingh/Library/Developer/Xcode/DerivedData/ModuleCache.noindex -sdk-module-cache-path /Users/aadityasingh/Library/Developer/Xcode/DerivedData/ModuleCache.noindex -serialize-diagnostics -emit-dependencies -emit-module -emit-module-path /Users/aadityasingh/Library/Developer/Xcode/DerivedData/Chatlio-erkyzdeecsohoaggpwbjdvavzqfv/Build/Intermediates.noindex/swift-collections.build/Debug-iphonesimulator/OrderedCollections.build/Objects-normal/x86_64/OrderedCollections.swiftmodule -user-module-version 1.3.0 -validate-clang-modules-once -clang-build-session-file /Users/aadityasingh/Library/Developer/Xcode/DerivedData/ModuleCache.noindex/Session.modulevalidation -package-name swift_collections -Xcc -I/Users/aadityasingh/Library/Developer/Xcode/DerivedData/Chatlio-erkyzdeecsohoaggpwbjdvavzqfv/Build/Intermediates.noindex/swift-collections.build/Debug-iphonesimulator/OrderedCollections.build/swift-overrides.hmap -emit-const-values -Xfrontend -const-gather-protocols-file -Xfrontend /Users/aadityasingh/Library/Developer/Xcode/DerivedData/Chatlio-erkyzdeecsohoaggpwbjdvavzqfv/Build/Intermediates.noindex/swift-collections.build/Debug-iphonesimulator/OrderedCollections.build/Objects-normal/x86_64/OrderedCollections_const_extract_protocols.json -Xcc -I/Users/aadityasingh/Library/Developer/Xcode/DerivedData/Chatlio-erkyzdeecsohoaggpwbjdvavzqfv/Build/Products/Debug-iphonesimulator/include -Xcc -I/Users/aadityasingh/Library/Developer/Xcode/DerivedData/Chatlio-erkyzdeecsohoaggpwbjdvavzqfv/Build/Intermediates.noindex/swift-collections.build/Debug-iphonesimulator/OrderedCollections.build/DerivedSources-normal/x86_64 -Xcc -I/Users/aadityasingh/Library/Developer/Xcode/DerivedData/Chatlio-erkyzdeecsohoaggpwbjdvavzqfv/Build/Intermediates.noindex/swift-collections.build/Debug-iphonesimulator/OrderedCollections.build/DerivedSources/x86_64 -Xcc -I/Users/aadityasingh/Library/Developer/Xcode/DerivedData/Chatlio-erkyzdeecsohoaggpwbjdvavzqfv/Build/Intermediates.noindex/swift-collections.build/Debug-iphonesimulator/OrderedCollections.build/DerivedSources -Xcc -DSWIFT_PACKAGE -Xcc -DDEBUG\=1 -emit-objc-header -emit-objc-header-path /Users/aadityasingh/Library/Developer/Xcode/DerivedData/Chatlio-erkyzdeecsohoaggpwbjdvavzqfv/Build/Intermediates.noindex/swift-collections.build/Debug-iphonesimulator/OrderedCollections.build/Objects-normal/x86_64/OrderedCollections-Swift.h -working-directory /Users/aadityasingh/Documents/Development/element-x-ios/Chatlio.xcodeproj -experimental-emit-module-separately -disable-cmo

Copy /Users/aadityasingh/Library/Developer/Xcode/DerivedData/Chatlio-erkyzdeecsohoaggpwbjdvavzqfv/Build/Products/Debug-iphonesimulator/OrderedCollections.swiftmodule/arm64-apple-ios-simulator.swiftdoc /Users/aadityasingh/Library/Developer/Xcode/DerivedData/Chatlio-erkyzdeecsohoaggpwbjdvavzqfv/Build/Intermediates.noindex/swift-collections.build/Debug-iphonesimulator/OrderedCollections.build/Objects-normal/arm64/OrderedCollections.swiftdoc (in target 'OrderedCollections' from project 'swift-collections')
    cd /Users/aadityasingh/Library/Developer/Xcode/DerivedData/Chatlio-erkyzdeecsohoaggpwbjdvavzqfv/SourcePackages/checkouts/swift-collections
    builtin-copy -exclude .DS_Store -exclude CVS -exclude .svn -exclude .git -exclude .hg -resolve-src-symlinks -rename /Users/aadityasingh/Library/Developer/Xcode/DerivedData/Chatlio-erkyzdeecsohoaggpwbjdvavzqfv/Build/Intermediates.noindex/swift-collections.build/Debug-iphonesimulator/OrderedCollections.build/Objects-normal/arm64/OrderedCollections.swiftdoc /Users/aadityasingh/Library/Developer/Xcode/DerivedData/Chatlio-erkyzdeecsohoaggpwbjdvavzqfv/Build/Products/Debug-iphonesimulator/OrderedCollections.swiftmodule/arm64-apple-ios-simulator.swiftdoc

SwiftDriverJobDiscovery normal x86_64 Emitting module for CompoundDesignTokens (in target 'CompoundDesignTokens' from project 'CompoundDesignTokens')

Copy /Users/aadityasingh/Library/Developer/Xcode/DerivedData/Chatlio-erkyzdeecsohoaggpwbjdvavzqfv/Build/Products/Debug-iphonesimulator/OrderedCollections.swiftmodule/arm64-apple-ios-simulator.abi.json /Users/aadityasingh/Library/Developer/Xcode/DerivedData/Chatlio-erkyzdeecsohoaggpwbjdvavzqfv/Build/Intermediates.noindex/swift-collections.build/Debug-iphonesimulator/OrderedCollections.build/Objects-normal/arm64/OrderedCollections.abi.json (in target 'OrderedCollections' from project 'swift-collections')
    cd /Users/aadityasingh/Library/Developer/Xcode/DerivedData/Chatlio-erkyzdeecsohoaggpwbjdvavzqfv/SourcePackages/checkouts/swift-collections
    builtin-copy -exclude .DS_Store -exclude CVS -exclude .svn -exclude .git -exclude .hg -resolve-src-symlinks -rename /Users/aadityasingh/Library/Developer/Xcode/DerivedData/Chatlio-erkyzdeecsohoaggpwbjdvavzqfv/Build/Intermediates.noindex/swift-collections.build/Debug-iphonesimulator/OrderedCollections.build/Objects-normal/arm64/OrderedCollections.abi.json /Users/aadityasingh/Library/Developer/Xcode/DerivedData/Chatlio-erkyzdeecsohoaggpwbjdvavzqfv/Build/Products/Debug-iphonesimulator/OrderedCollections.swiftmodule/arm64-apple-ios-simulator.abi.json

SwiftMergeGeneratedHeaders /Users/aadityasingh/Library/Developer/Xcode/DerivedData/Chatlio-erkyzdeecsohoaggpwbjdvavzqfv/Build/Intermediates.noindex/GeneratedModuleMaps-iphonesimulator/OrderedCollections-Swift.h /Users/aadityasingh/Library/Developer/Xcode/DerivedData/Chatlio-erkyzdeecsohoaggpwbjdvavzqfv/Build/Intermediates.noindex/swift-collections.build/Debug-iphonesimulator/OrderedCollections.build/Objects-normal/arm64/OrderedCollections-Swift.h /Users/aadityasingh/Library/Developer/Xcode/DerivedData/Chatlio-erkyzdeecsohoaggpwbjdvavzqfv/Build/Intermediates.noindex/swift-collections.build/Debug-iphonesimulator/OrderedCollections.build/Objects-normal/x86_64/OrderedCollections-Swift.h (in target 'OrderedCollections' from project 'swift-collections')
    cd /Users/aadityasingh/Library/Developer/Xcode/DerivedData/Chatlio-erkyzdeecsohoaggpwbjdvavzqfv/SourcePackages/checkouts/swift-collections
    builtin-swiftHeaderTool -arch arm64 /Users/aadityasingh/Library/Developer/Xcode/DerivedData/Chatlio-erkyzdeecsohoaggpwbjdvavzqfv/Build/Intermediates.noindex/swift-collections.build/Debug-iphonesimulator/OrderedCollections.build/Objects-normal/arm64/OrderedCollections-Swift.h -arch x86_64 /Users/aadityasingh/Library/Developer/Xcode/DerivedData/Chatlio-erkyzdeecsohoaggpwbjdvavzqfv/Build/Intermediates.noindex/swift-collections.build/Debug-iphonesimulator/OrderedCollections.build/Objects-normal/x86_64/OrderedCollections-Swift.h -o /Users/aadityasingh/Library/Developer/Xcode/DerivedData/Chatlio-erkyzdeecsohoaggpwbjdvavzqfv/Build/Intermediates.noindex/GeneratedModuleMaps-iphonesimulator/OrderedCollections-Swift.h

Copy /Users/aadityasingh/Library/Developer/Xcode/DerivedData/Chatlio-erkyzdeecsohoaggpwbjdvavzqfv/Build/Products/Debug-iphonesimulator/OrderedCollections.swiftmodule/x86_64-apple-ios-simulator.swiftmodule /Users/aadityasingh/Library/Developer/Xcode/DerivedData/Chatlio-erkyzdeecsohoaggpwbjdvavzqfv/Build/Intermediates.noindex/swift-collections.build/Debug-iphonesimulator/OrderedCollections.build/Objects-normal/x86_64/OrderedCollections.swiftmodule (in target 'OrderedCollections' from project 'swift-collections')
    cd /Users/aadityasingh/Library/Developer/Xcode/DerivedData/Chatlio-erkyzdeecsohoaggpwbjdvavzqfv/SourcePackages/checkouts/swift-collections
    builtin-copy -exclude .DS_Store -exclude CVS -exclude .svn -exclude .git -exclude .hg -resolve-src-symlinks -rename /Users/aadityasingh/Library/Developer/Xcode/DerivedData/Chatlio-erkyzdeecsohoaggpwbjdvavzqfv/Build/Intermediates.noindex/swift-collections.build/Debug-iphonesimulator/OrderedCollections.build/Objects-normal/x86_64/OrderedCollections.swiftmodule /Users/aadityasingh/Library/Developer/Xcode/DerivedData/Chatlio-erkyzdeecsohoaggpwbjdvavzqfv/Build/Products/Debug-iphonesimulator/OrderedCollections.swiftmodule/x86_64-apple-ios-simulator.swiftmodule

Copy /Users/aadityasingh/Library/Developer/Xcode/DerivedData/Chatlio-erkyzdeecsohoaggpwbjdvavzqfv/Build/Products/Debug-iphonesimulator/OrderedCollections.swiftmodule/x86_64-apple-ios-simulator.swiftdoc /Users/aadityasingh/Library/Developer/Xcode/DerivedData/Chatlio-erkyzdeecsohoaggpwbjdvavzqfv/Build/Intermediates.noindex/swift-collections.build/Debug-iphonesimulator/OrderedCollections.build/Objects-normal/x86_64/OrderedCollections.swiftdoc (in target 'OrderedCollections' from project 'swift-collections')
    cd /Users/aadityasingh/Library/Developer/Xcode/DerivedData/Chatlio-erkyzdeecsohoaggpwbjdvavzqfv/SourcePackages/checkouts/swift-collections
    builtin-copy -exclude .DS_Store -exclude CVS -exclude .svn -exclude .git -exclude .hg -resolve-src-symlinks -rename /Users/aadityasingh/Library/Developer/Xcode/DerivedData/Chatlio-erkyzdeecsohoaggpwbjdvavzqfv/Build/Intermediates.noindex/swift-collections.build/Debug-iphonesimulator/OrderedCollections.build/Objects-normal/x86_64/OrderedCollections.swiftdoc /Users/aadityasingh/Library/Developer/Xcode/DerivedData/Chatlio-erkyzdeecsohoaggpwbjdvavzqfv/Build/Products/Debug-iphonesimulator/OrderedCollections.swiftmodule/x86_64-apple-ios-simulator.swiftdoc

Copy /Users/aadityasingh/Library/Developer/Xcode/DerivedData/Chatlio-erkyzdeecsohoaggpwbjdvavzqfv/Build/Products/Debug-iphonesimulator/OrderedCollections.swiftmodule/x86_64-apple-ios-simulator.abi.json /Users/aadityasingh/Library/Developer/Xcode/DerivedData/Chatlio-erkyzdeecsohoaggpwbjdvavzqfv/Build/Intermediates.noindex/swift-collections.build/Debug-iphonesimulator/OrderedCollections.build/Objects-normal/x86_64/OrderedCollections.abi.json (in target 'OrderedCollections' from project 'swift-collections')
    cd /Users/aadityasingh/Library/Developer/Xcode/DerivedData/Chatlio-erkyzdeecsohoaggpwbjdvavzqfv/SourcePackages/checkouts/swift-collections
    builtin-copy -exclude .DS_Store -exclude CVS -exclude .svn -exclude .git -exclude .hg -resolve-src-symlinks -rename /Users/aadityasingh/Library/Developer/Xcode/DerivedData/Chatlio-erkyzdeecsohoaggpwbjdvavzqfv/Build/Intermediates.noindex/swift-collections.build/Debug-iphonesimulator/OrderedCollections.build/Objects-normal/x86_64/OrderedCollections.abi.json /Users/aadityasingh/Library/Developer/Xcode/DerivedData/Chatlio-erkyzdeecsohoaggpwbjdvavzqfv/Build/Products/Debug-iphonesimulator/OrderedCollections.swiftmodule/x86_64-apple-ios-simulator.abi.json

Copy /Users/aadityasingh/Library/Developer/Xcode/DerivedData/Chatlio-erkyzdeecsohoaggpwbjdvavzqfv/Build/Products/Debug-iphonesimulator/OrderedCollections.swiftmodule/Project/x86_64-apple-ios-simulator.swiftsourceinfo /Users/aadityasingh/Library/Developer/Xcode/DerivedData/Chatlio-erkyzdeecsohoaggpwbjdvavzqfv/Build/Intermediates.noindex/swift-collections.build/Debug-iphonesimulator/OrderedCollections.build/Objects-normal/x86_64/OrderedCollections.swiftsourceinfo (in target 'OrderedCollections' from project 'swift-collections')
    cd /Users/aadityasingh/Library/Developer/Xcode/DerivedData/Chatlio-erkyzdeecsohoaggpwbjdvavzqfv/SourcePackages/checkouts/swift-collections
    builtin-copy -exclude .DS_Store -exclude CVS -exclude .svn -exclude .git -exclude .hg -resolve-src-symlinks -rename /Users/aadityasingh/Library/Developer/Xcode/DerivedData/Chatlio-erkyzdeecsohoaggpwbjdvavzqfv/Build/Intermediates.noindex/swift-collections.build/Debug-iphonesimulator/OrderedCollections.build/Objects-normal/x86_64/OrderedCollections.swiftsourceinfo /Users/aadityasingh/Library/Developer/Xcode/DerivedData/Chatlio-erkyzdeecsohoaggpwbjdvavzqfv/Build/Products/Debug-iphonesimulator/OrderedCollections.swiftmodule/Project/x86_64-apple-ios-simulator.swiftsourceinfo

Copy /Users/aadityasingh/Library/Developer/Xcode/DerivedData/Chatlio-erkyzdeecsohoaggpwbjdvavzqfv/Build/Products/Debug-iphonesimulator/OrderedCollections.swiftmodule/Project/arm64-apple-ios-simulator.swiftsourceinfo /Users/aadityasingh/Library/Developer/Xcode/DerivedData/Chatlio-erkyzdeecsohoaggpwbjdvavzqfv/Build/Intermediates.noindex/swift-collections.build/Debug-iphonesimulator/OrderedCollections.build/Objects-normal/arm64/OrderedCollections.swiftsourceinfo (in target 'OrderedCollections' from project 'swift-collections')
    cd /Users/aadityasingh/Library/Developer/Xcode/DerivedData/Chatlio-erkyzdeecsohoaggpwbjdvavzqfv/SourcePackages/checkouts/swift-collections
    builtin-copy -exclude .DS_Store -exclude CVS -exclude .svn -exclude .git -exclude .hg -resolve-src-symlinks -rename /Users/aadityasingh/Library/Developer/Xcode/DerivedData/Chatlio-erkyzdeecsohoaggpwbjdvavzqfv/Build/Intermediates.noindex/swift-collections.build/Debug-iphonesimulator/OrderedCollections.build/Objects-normal/arm64/OrderedCollections.swiftsourceinfo /Users/aadityasingh/Library/Developer/Xcode/DerivedData/Chatlio-erkyzdeecsohoaggpwbjdvavzqfv/Build/Products/Debug-iphonesimulator/OrderedCollections.swiftmodule/Project/arm64-apple-ios-simulator.swiftsourceinfo

SwiftDriver\ Compilation\ Requirements CompoundDesignTokens normal x86_64 com.apple.xcode.tools.swift.compiler (in target 'CompoundDesignTokens' from project 'CompoundDesignTokens')
    cd /Users/aadityasingh/Documents/Development/element-x-ios/Chatlio.xcodeproj
    builtin-Swift-Compilation-Requirements -- /Applications/Xcode.app/Contents/Developer/Toolchains/XcodeDefault.xctoolchain/usr/bin/swiftc -module-name CompoundDesignTokens -Onone @/Users/aadityasingh/Library/Developer/Xcode/DerivedData/Chatlio-erkyzdeecsohoaggpwbjdvavzqfv/Build/Intermediates.noindex/CompoundDesignTokens.build/Debug-iphonesimulator/CompoundDesignTokens.build/Objects-normal/x86_64/CompoundDesignTokens.SwiftFileList -DSWIFT_PACKAGE -DDEBUG -DSWIFT_MODULE_RESOURCE_BUNDLE_AVAILABLE -DXcode -plugin-path /Applications/Xcode.app/Contents/Developer/Toolchains/XcodeDefault.xctoolchain/usr/lib/swift/host/plugins/testing -enable-experimental-feature DebugDescriptionMacro -sdk /Applications/Xcode.app/Contents/Developer/Platforms/iPhoneSimulator.platform/Developer/SDKs/iPhoneSimulator26.4.sdk -target x86_64-apple-ios14.0-simulator -g -module-cache-path /Users/aadityasingh/Library/Developer/Xcode/DerivedData/ModuleCache.noindex -Xfrontend -serialize-debugging-options -profile-coverage-mapping -profile-generate -enable-testing -suppress-warnings -index-store-path /Users/aadityasingh/Library/Developer/Xcode/DerivedData/Chatlio-erkyzdeecsohoaggpwbjdvavzqfv/Index.noindex/DataStore -Xcc -D_LIBCPP_HARDENING_MODE\=_LIBCPP_HARDENING_MODE_DEBUG -swift-version 5 -I /Users/aadityasingh/Library/Developer/Xcode/DerivedData/Chatlio-erkyzdeecsohoaggpwbjdvavzqfv/Build/Products/Debug-iphonesimulator -Isystem /Applications/Xcode.app/Contents/Developer/Platforms/iPhoneSimulator.platform/Developer/usr/lib -F /Users/aadityasingh/Library/Developer/Xcode/DerivedData/Chatlio-erkyzdeecsohoaggpwbjdvavzqfv/Build/Products/Debug-iphonesimulator -F /Applications/Xcode.app/Contents/Developer/Platforms/iPhoneSimulator.platform/Developer/Library/Frameworks -F /Applications/Xcode.app/Contents/Developer/Platforms/iPhoneSimulator.platform/Developer/SDKs/iPhoneSimulator26.4.sdk/Developer/Library/Frameworks -c -j12 -enable-batch-mode -incremental -Xcc -ivfsstatcache -Xcc /Users/aadityasingh/Library/Developer/Xcode/DerivedData/SDKStatCaches.noindex/iphonesimulator26.4-23E252-686eebb5dc1d8ecb277353a59184f4aa.sdkstatcache -output-file-map /Users/aadityasingh/Library/Developer/Xcode/DerivedData/Chatlio-erkyzdeecsohoaggpwbjdvavzqfv/Build/Intermediates.noindex/CompoundDesignTokens.build/Debug-iphonesimulator/CompoundDesignTokens.build/Objects-normal/x86_64/CompoundDesignTokens-OutputFileMap.json -use-frontend-parseable-output -save-temps -no-color-diagnostics -explicit-module-build -module-cache-path /Users/aadityasingh/Library/Developer/Xcode/DerivedData/Chatlio-erkyzdeecsohoaggpwbjdvavzqfv/Build/Intermediates.noindex/SwiftExplicitPrecompiledModules -clang-scanner-module-cache-path /Users/aadityasingh/Library/Developer/Xcode/DerivedData/ModuleCache.noindex -sdk-module-cache-path /Users/aadityasingh/Library/Developer/Xcode/DerivedData/ModuleCache.noindex -serialize-diagnostics -emit-dependencies -emit-module -emit-module-path /Users/aadityasingh/Library/Developer/Xcode/DerivedData/Chatlio-erkyzdeecsohoaggpwbjdvavzqfv/Build/Intermediates.noindex/CompoundDesignTokens.build/Debug-iphonesimulator/CompoundDesignTokens.build/Objects-normal/x86_64/CompoundDesignTokens.swiftmodule -validate-clang-modules-once -clang-build-session-file /Users/aadityasingh/Library/Developer/Xcode/DerivedData/ModuleCache.noindex/Session.modulevalidation -Xcc -I/Users/aadityasingh/Library/Developer/Xcode/DerivedData/Chatlio-erkyzdeecsohoaggpwbjdvavzqfv/Build/Intermediates.noindex/CompoundDesignTokens.build/Debug-iphonesimulator/CompoundDesignTokens.build/swift-overrides.hmap -emit-const-values -Xfrontend -const-gather-protocols-file -Xfrontend /Users/aadityasingh/Library/Developer/Xcode/DerivedData/Chatlio-erkyzdeecsohoaggpwbjdvavzqfv/Build/Intermediates.noindex/CompoundDesignTokens.build/Debug-iphonesimulator/CompoundDesignTokens.build/Objects-normal/x86_64/CompoundDesignTokens_const_extract_protocols.json -Xcc -I/Users/aadityasingh/Library/Developer/Xcode/DerivedData/Chatlio-erkyzdeecsohoaggpwbjdvavzqfv/Build/Products/Debug-iphonesimulator/include -Xcc -I/Users/aadityasingh/Library/Developer/Xcode/DerivedData/Chatlio-erkyzdeecsohoaggpwbjdvavzqfv/Build/Intermediates.noindex/CompoundDesignTokens.build/Debug-iphonesimulator/CompoundDesignTokens.build/DerivedSources-normal/x86_64 -Xcc -I/Users/aadityasingh/Library/Developer/Xcode/DerivedData/Chatlio-erkyzdeecsohoaggpwbjdvavzqfv/Build/Intermediates.noindex/CompoundDesignTokens.build/Debug-iphonesimulator/CompoundDesignTokens.build/DerivedSources/x86_64 -Xcc -I/Users/aadityasingh/Library/Developer/Xcode/DerivedData/Chatlio-erkyzdeecsohoaggpwbjdvavzqfv/Build/Intermediates.noindex/CompoundDesignTokens.build/Debug-iphonesimulator/CompoundDesignTokens.build/DerivedSources -Xcc -DSWIFT_PACKAGE -Xcc -DDEBUG\=1 -emit-objc-header -emit-objc-header-path /Users/aadityasingh/Library/Developer/Xcode/DerivedData/Chatlio-erkyzdeecsohoaggpwbjdvavzqfv/Build/Intermediates.noindex/CompoundDesignTokens.build/Debug-iphonesimulator/CompoundDesignTokens.build/Objects-normal/x86_64/CompoundDesignTokens-Swift.h -working-directory /Users/aadityasingh/Documents/Development/element-x-ios/Chatlio.xcodeproj -experimental-emit-module-separately -disable-cmo

SwiftCompile normal arm64 Compiling\ WysiwygTextView.swift,\ WysiwygKeyCommand.swift /Users/aadityasingh/Library/Developer/Xcode/DerivedData/Chatlio-erkyzdeecsohoaggpwbjdvavzqfv/SourcePackages/checkouts/matrix-rich-text-editor-swift/Sources/WysiwygComposer/Components/WysiwygComposerView/WysiwygTextView.swift /Users/aadityasingh/Library/Developer/Xcode/DerivedData/Chatlio-erkyzdeecsohoaggpwbjdvavzqfv/SourcePackages/checkouts/matrix-rich-text-editor-swift/Sources/WysiwygComposer/Components/WysiwygKeyCommand.swift (in target 'WysiwygComposer' from project 'WysiwygComposer')

SwiftCompile normal arm64 /Users/aadityasingh/Library/Developer/Xcode/DerivedData/Chatlio-erkyzdeecsohoaggpwbjdvavzqfv/SourcePackages/checkouts/matrix-rich-text-editor-swift/Sources/WysiwygComposer/Components/WysiwygComposerView/WysiwygTextView.swift (in target 'WysiwygComposer' from project 'WysiwygComposer')
    cd /Users/aadityasingh/Documents/Development/element-x-ios/Chatlio.xcodeproj
    

SwiftCompile normal arm64 /Users/aadityasingh/Library/Developer/Xcode/DerivedData/Chatlio-erkyzdeecsohoaggpwbjdvavzqfv/SourcePackages/checkouts/matrix-rich-text-editor-swift/Sources/WysiwygComposer/Components/WysiwygKeyCommand.swift (in target 'WysiwygComposer' from project 'WysiwygComposer')
    cd /Users/aadityasingh/Documents/Development/element-x-ios/Chatlio.xcodeproj
    

Copy /Users/aadityasingh/Library/Developer/Xcode/DerivedData/Chatlio-erkyzdeecsohoaggpwbjdvavzqfv/Build/Products/Debug-iphonesimulator/CompoundDesignTokens.swiftmodule/x86_64-apple-ios-simulator.swiftmodule /Users/aadityasingh/Library/Developer/Xcode/DerivedData/Chatlio-erkyzdeecsohoaggpwbjdvavzqfv/Build/Intermediates.noindex/CompoundDesignTokens.build/Debug-iphonesimulator/CompoundDesignTokens.build/Objects-normal/x86_64/CompoundDesignTokens.swiftmodule (in target 'CompoundDesignTokens' from project 'CompoundDesignTokens')
    cd /Users/aadityasingh/Library/Developer/Xcode/DerivedData/Chatlio-erkyzdeecsohoaggpwbjdvavzqfv/SourcePackages/checkouts/compound-design-tokens
    builtin-copy -exclude .DS_Store -exclude CVS -exclude .svn -exclude .git -exclude .hg -resolve-src-symlinks -rename /Users/aadityasingh/Library/Developer/Xcode/DerivedData/Chatlio-erkyzdeecsohoaggpwbjdvavzqfv/Build/Intermediates.noindex/CompoundDesignTokens.build/Debug-iphonesimulator/CompoundDesignTokens.build/Objects-normal/x86_64/CompoundDesignTokens.swiftmodule /Users/aadityasingh/Library/Developer/Xcode/DerivedData/Chatlio-erkyzdeecsohoaggpwbjdvavzqfv/Build/Products/Debug-iphonesimulator/CompoundDesignTokens.swiftmodule/x86_64-apple-ios-simulator.swiftmodule

Copy /Users/aadityasingh/Library/Developer/Xcode/DerivedData/Chatlio-erkyzdeecsohoaggpwbjdvavzqfv/Build/Products/Debug-iphonesimulator/CompoundDesignTokens.swiftmodule/x86_64-apple-ios-simulator.swiftdoc /Users/aadityasingh/Library/Developer/Xcode/DerivedData/Chatlio-erkyzdeecsohoaggpwbjdvavzqfv/Build/Intermediates.noindex/CompoundDesignTokens.build/Debug-iphonesimulator/CompoundDesignTokens.build/Objects-normal/x86_64/CompoundDesignTokens.swiftdoc (in target 'CompoundDesignTokens' from project 'CompoundDesignTokens')
    cd /Users/aadityasingh/Library/Developer/Xcode/DerivedData/Chatlio-erkyzdeecsohoaggpwbjdvavzqfv/SourcePackages/checkouts/compound-design-tokens
    builtin-copy -exclude .DS_Store -exclude CVS -exclude .svn -exclude .git -exclude .hg -resolve-src-symlinks -rename /Users/aadityasingh/Library/Developer/Xcode/DerivedData/Chatlio-erkyzdeecsohoaggpwbjdvavzqfv/Build/Intermediates.noindex/CompoundDesignTokens.build/Debug-iphonesimulator/CompoundDesignTokens.build/Objects-normal/x86_64/CompoundDesignTokens.swiftdoc /Users/aadityasingh/Library/Developer/Xcode/DerivedData/Chatlio-erkyzdeecsohoaggpwbjdvavzqfv/Build/Products/Debug-iphonesimulator/CompoundDesignTokens.swiftmodule/x86_64-apple-ios-simulator.swiftdoc

Copy /Users/aadityasingh/Library/Developer/Xcode/DerivedData/Chatlio-erkyzdeecsohoaggpwbjdvavzqfv/Build/Products/Debug-iphonesimulator/CompoundDesignTokens.swiftmodule/x86_64-apple-ios-simulator.abi.json /Users/aadityasingh/Library/Developer/Xcode/DerivedData/Chatlio-erkyzdeecsohoaggpwbjdvavzqfv/Build/Intermediates.noindex/CompoundDesignTokens.build/Debug-iphonesimulator/CompoundDesignTokens.build/Objects-normal/x86_64/CompoundDesignTokens.abi.json (in target 'CompoundDesignTokens' from project 'CompoundDesignTokens')
    cd /Users/aadityasingh/Library/Developer/Xcode/DerivedData/Chatlio-erkyzdeecsohoaggpwbjdvavzqfv/SourcePackages/checkouts/compound-design-tokens
    builtin-copy -exclude .DS_Store -exclude CVS -exclude .svn -exclude .git -exclude .hg -resolve-src-symlinks -rename /Users/aadityasingh/Library/Developer/Xcode/DerivedData/Chatlio-erkyzdeecsohoaggpwbjdvavzqfv/Build/Intermediates.noindex/CompoundDesignTokens.build/Debug-iphonesimulator/CompoundDesignTokens.build/Objects-normal/x86_64/CompoundDesignTokens.abi.json /Users/aadityasingh/Library/Developer/Xcode/DerivedData/Chatlio-erkyzdeecsohoaggpwbjdvavzqfv/Build/Products/Debug-iphonesimulator/CompoundDesignTokens.swiftmodule/x86_64-apple-ios-simulator.abi.json

Copy /Users/aadityasingh/Library/Developer/Xcode/DerivedData/Chatlio-erkyzdeecsohoaggpwbjdvavzqfv/Build/Products/Debug-iphonesimulator/CompoundDesignTokens.swiftmodule/Project/x86_64-apple-ios-simulator.swiftsourceinfo /Users/aadityasingh/Library/Developer/Xcode/DerivedData/Chatlio-erkyzdeecsohoaggpwbjdvavzqfv/Build/Intermediates.noindex/CompoundDesignTokens.build/Debug-iphonesimulator/CompoundDesignTokens.build/Objects-normal/x86_64/CompoundDesignTokens.swiftsourceinfo (in target 'CompoundDesignTokens' from project 'CompoundDesignTokens')
    cd /Users/aadityasingh/Library/Developer/Xcode/DerivedData/Chatlio-erkyzdeecsohoaggpwbjdvavzqfv/SourcePackages/checkouts/compound-design-tokens
    builtin-copy -exclude .DS_Store -exclude CVS -exclude .svn -exclude .git -exclude .hg -resolve-src-symlinks -rename /Users/aadityasingh/Library/Developer/Xcode/DerivedData/Chatlio-erkyzdeecsohoaggpwbjdvavzqfv/Build/Intermediates.noindex/CompoundDesignTokens.build/Debug-iphonesimulator/CompoundDesignTokens.build/Objects-normal/x86_64/CompoundDesignTokens.swiftsourceinfo /Users/aadityasingh/Library/Developer/Xcode/DerivedData/Chatlio-erkyzdeecsohoaggpwbjdvavzqfv/Build/Products/Debug-iphonesimulator/CompoundDesignTokens.swiftmodule/Project/x86_64-apple-ios-simulator.swiftsourceinfo

SwiftCompile normal x86_64 Compiling\ WysiwygComposerViewModelProtocol.swift,\ WysiwygPillsFlusher.swift /Users/aadityasingh/Library/Developer/Xcode/DerivedData/Chatlio-erkyzdeecsohoaggpwbjdvavzqfv/SourcePackages/checkouts/matrix-rich-text-editor-swift/Sources/WysiwygComposer/Components/WysiwygComposerView/WysiwygComposerViewModelProtocol.swift /Users/aadityasingh/Library/Developer/Xcode/DerivedData/Chatlio-erkyzdeecsohoaggpwbjdvavzqfv/SourcePackages/checkouts/matrix-rich-text-editor-swift/Sources/WysiwygComposer/Components/WysiwygComposerView/WysiwygPillsFlusher.swift (in target 'WysiwygComposer' from project 'WysiwygComposer')

SwiftCompile normal x86_64 /Users/aadityasingh/Library/Developer/Xcode/DerivedData/Chatlio-erkyzdeecsohoaggpwbjdvavzqfv/SourcePackages/checkouts/matrix-rich-text-editor-swift/Sources/WysiwygComposer/Components/WysiwygComposerView/WysiwygComposerViewModelProtocol.swift (in target 'WysiwygComposer' from project 'WysiwygComposer')
    cd /Users/aadityasingh/Documents/Development/element-x-ios/Chatlio.xcodeproj
    

SwiftCompile normal x86_64 /Users/aadityasingh/Library/Developer/Xcode/DerivedData/Chatlio-erkyzdeecsohoaggpwbjdvavzqfv/SourcePackages/checkouts/matrix-rich-text-editor-swift/Sources/WysiwygComposer/Components/WysiwygComposerView/WysiwygPillsFlusher.swift (in target 'WysiwygComposer' from project 'WysiwygComposer')
    cd /Users/aadityasingh/Documents/Development/element-x-ios/Chatlio.xcodeproj
    

SwiftCompile normal x86_64 Compiling\ WysiwygLinkOperation.swift,\ WysiwygMentionType.swift /Users/aadityasingh/Library/Developer/Xcode/DerivedData/Chatlio-erkyzdeecsohoaggpwbjdvavzqfv/SourcePackages/checkouts/matrix-rich-text-editor-swift/Sources/WysiwygComposer/Components/WysiwygLinkOperation.swift /Users/aadityasingh/Library/Developer/Xcode/DerivedData/Chatlio-erkyzdeecsohoaggpwbjdvavzqfv/SourcePackages/checkouts/matrix-rich-text-editor-swift/Sources/WysiwygComposer/Components/WysiwygMentionType.swift (in target 'WysiwygComposer' from project 'WysiwygComposer')

SwiftCompile normal x86_64 /Users/aadityasingh/Library/Developer/Xcode/DerivedData/Chatlio-erkyzdeecsohoaggpwbjdvavzqfv/SourcePackages/checkouts/matrix-rich-text-editor-swift/Sources/WysiwygComposer/Components/WysiwygLinkOperation.swift (in target 'WysiwygComposer' from project 'WysiwygComposer')
    cd /Users/aadityasingh/Documents/Development/element-x-ios/Chatlio.xcodeproj
    

SwiftCompile normal x86_64 /Users/aadityasingh/Library/Developer/Xcode/DerivedData/Chatlio-erkyzdeecsohoaggpwbjdvavzqfv/SourcePackages/checkouts/matrix-rich-text-editor-swift/Sources/WysiwygComposer/Components/WysiwygMentionType.swift (in target 'WysiwygComposer' from project 'WysiwygComposer')
    cd /Users/aadityasingh/Documents/Development/element-x-ios/Chatlio.xcodeproj
    

SwiftDriverJobDiscovery normal arm64 Emitting module for CompoundDesignTokens (in target 'CompoundDesignTokens' from project 'CompoundDesignTokens')

SwiftDriver\ Compilation\ Requirements CompoundDesignTokens normal arm64 com.apple.xcode.tools.swift.compiler (in target 'CompoundDesignTokens' from project 'CompoundDesignTokens')
    cd /Users/aadityasingh/Documents/Development/element-x-ios/Chatlio.xcodeproj
    builtin-Swift-Compilation-Requirements -- /Applications/Xcode.app/Contents/Developer/Toolchains/XcodeDefault.xctoolchain/usr/bin/swiftc -module-name CompoundDesignTokens -Onone @/Users/aadityasingh/Library/Developer/Xcode/DerivedData/Chatlio-erkyzdeecsohoaggpwbjdvavzqfv/Build/Intermediates.noindex/CompoundDesignTokens.build/Debug-iphonesimulator/CompoundDesignTokens.build/Objects-normal/arm64/CompoundDesignTokens.SwiftFileList -DSWIFT_PACKAGE -DDEBUG -DSWIFT_MODULE_RESOURCE_BUNDLE_AVAILABLE -DXcode -plugin-path /Applications/Xcode.app/Contents/Developer/Toolchains/XcodeDefault.xctoolchain/usr/lib/swift/host/plugins/testing -enable-experimental-feature DebugDescriptionMacro -sdk /Applications/Xcode.app/Contents/Developer/Platforms/iPhoneSimulator.platform/Developer/SDKs/iPhoneSimulator26.4.sdk -target arm64-apple-ios14.0-simulator -g -module-cache-path /Users/aadityasingh/Library/Developer/Xcode/DerivedData/ModuleCache.noindex -Xfrontend -serialize-debugging-options -profile-coverage-mapping -profile-generate -enable-testing -suppress-warnings -index-store-path /Users/aadityasingh/Library/Developer/Xcode/DerivedData/Chatlio-erkyzdeecsohoaggpwbjdvavzqfv/Index.noindex/DataStore -Xcc -D_LIBCPP_HARDENING_MODE\=_LIBCPP_HARDENING_MODE_DEBUG -swift-version 5 -I /Users/aadityasingh/Library/Developer/Xcode/DerivedData/Chatlio-erkyzdeecsohoaggpwbjdvavzqfv/Build/Products/Debug-iphonesimulator -Isystem /Applications/Xcode.app/Contents/Developer/Platforms/iPhoneSimulator.platform/Developer/usr/lib -F /Users/aadityasingh/Library/Developer/Xcode/DerivedData/Chatlio-erkyzdeecsohoaggpwbjdvavzqfv/Build/Products/Debug-iphonesimulator -F /Applications/Xcode.app/Contents/Developer/Platforms/iPhoneSimulator.platform/Developer/Library/Frameworks -F /Applications/Xcode.app/Contents/Developer/Platforms/iPhoneSimulator.platform/Developer/SDKs/iPhoneSimulator26.4.sdk/Developer/Library/Frameworks -c -j12 -enable-batch-mode -incremental -Xcc -ivfsstatcache -Xcc /Users/aadityasingh/Library/Developer/Xcode/DerivedData/SDKStatCaches.noindex/iphonesimulator26.4-23E252-686eebb5dc1d8ecb277353a59184f4aa.sdkstatcache -output-file-map /Users/aadityasingh/Library/Developer/Xcode/DerivedData/Chatlio-erkyzdeecsohoaggpwbjdvavzqfv/Build/Intermediates.noindex/CompoundDesignTokens.build/Debug-iphonesimulator/CompoundDesignTokens.build/Objects-normal/arm64/CompoundDesignTokens-OutputFileMap.json -use-frontend-parseable-output -save-temps -no-color-diagnostics -explicit-module-build -module-cache-path /Users/aadityasingh/Library/Developer/Xcode/DerivedData/Chatlio-erkyzdeecsohoaggpwbjdvavzqfv/Build/Intermediates.noindex/SwiftExplicitPrecompiledModules -clang-scanner-module-cache-path /Users/aadityasingh/Library/Developer/Xcode/DerivedData/ModuleCache.noindex -sdk-module-cache-path /Users/aadityasingh/Library/Developer/Xcode/DerivedData/ModuleCache.noindex -serialize-diagnostics -emit-dependencies -emit-module -emit-module-path /Users/aadityasingh/Library/Developer/Xcode/DerivedData/Chatlio-erkyzdeecsohoaggpwbjdvavzqfv/Build/Intermediates.noindex/CompoundDesignTokens.build/Debug-iphonesimulator/CompoundDesignTokens.build/Objects-normal/arm64/CompoundDesignTokens.swiftmodule -validate-clang-modules-once -clang-build-session-file /Users/aadityasingh/Library/Developer/Xcode/DerivedData/ModuleCache.noindex/Session.modulevalidation -Xcc -I/Users/aadityasingh/Library/Developer/Xcode/DerivedData/Chatlio-erkyzdeecsohoaggpwbjdvavzqfv/Build/Intermediates.noindex/CompoundDesignTokens.build/Debug-iphonesimulator/CompoundDesignTokens.build/swift-overrides.hmap -emit-const-values -Xfrontend -const-gather-protocols-file -Xfrontend /Users/aadityasingh/Library/Developer/Xcode/DerivedData/Chatlio-erkyzdeecsohoaggpwbjdvavzqfv/Build/Intermediates.noindex/CompoundDesignTokens.build/Debug-iphonesimulator/CompoundDesignTokens.build/Objects-normal/arm64/CompoundDesignTokens_const_extract_protocols.json -Xcc -I/Users/aadityasingh/Library/Developer/Xcode/DerivedData/Chatlio-erkyzdeecsohoaggpwbjdvavzqfv/Build/Products/Debug-iphonesimulator/include -Xcc -I/Users/aadityasingh/Library/Developer/Xcode/DerivedData/Chatlio-erkyzdeecsohoaggpwbjdvavzqfv/Build/Intermediates.noindex/CompoundDesignTokens.build/Debug-iphonesimulator/CompoundDesignTokens.build/DerivedSources-normal/arm64 -Xcc -I/Users/aadityasingh/Library/Developer/Xcode/DerivedData/Chatlio-erkyzdeecsohoaggpwbjdvavzqfv/Build/Intermediates.noindex/CompoundDesignTokens.build/Debug-iphonesimulator/CompoundDesignTokens.build/DerivedSources/arm64 -Xcc -I/Users/aadityasingh/Library/Developer/Xcode/DerivedData/Chatlio-erkyzdeecsohoaggpwbjdvavzqfv/Build/Intermediates.noindex/CompoundDesignTokens.build/Debug-iphonesimulator/CompoundDesignTokens.build/DerivedSources -Xcc -DSWIFT_PACKAGE -Xcc -DDEBUG\=1 -emit-objc-header -emit-objc-header-path /Users/aadityasingh/Library/Developer/Xcode/DerivedData/Chatlio-erkyzdeecsohoaggpwbjdvavzqfv/Build/Intermediates.noindex/CompoundDesignTokens.build/Debug-iphonesimulator/CompoundDesignTokens.build/Objects-normal/arm64/CompoundDesignTokens-Swift.h -working-directory /Users/aadityasingh/Documents/Development/element-x-ios/Chatlio.xcodeproj -experimental-emit-module-separately -disable-cmo

SwiftDriverJobDiscovery normal x86_64 Compiling WysiwygComposerViewModelProtocol.swift, WysiwygPillsFlusher.swift (in target 'WysiwygComposer' from project 'WysiwygComposer')

SwiftCompile normal arm64 Compiling\ WysiwygComposerViewModelProtocol.swift,\ WysiwygPillsFlusher.swift /Users/aadityasingh/Library/Developer/Xcode/DerivedData/Chatlio-erkyzdeecsohoaggpwbjdvavzqfv/SourcePackages/checkouts/matrix-rich-text-editor-swift/Sources/WysiwygComposer/Components/WysiwygComposerView/WysiwygComposerViewModelProtocol.swift /Users/aadityasingh/Library/Developer/Xcode/DerivedData/Chatlio-erkyzdeecsohoaggpwbjdvavzqfv/SourcePackages/checkouts/matrix-rich-text-editor-swift/Sources/WysiwygComposer/Components/WysiwygComposerView/WysiwygPillsFlusher.swift (in target 'WysiwygComposer' from project 'WysiwygComposer')

SwiftCompile normal arm64 /Users/aadityasingh/Library/Developer/Xcode/DerivedData/Chatlio-erkyzdeecsohoaggpwbjdvavzqfv/SourcePackages/checkouts/matrix-rich-text-editor-swift/Sources/WysiwygComposer/Components/WysiwygComposerView/WysiwygComposerViewModelProtocol.swift (in target 'WysiwygComposer' from project 'WysiwygComposer')
    cd /Users/aadityasingh/Documents/Development/element-x-ios/Chatlio.xcodeproj
    

SwiftCompile normal arm64 /Users/aadityasingh/Library/Developer/Xcode/DerivedData/Chatlio-erkyzdeecsohoaggpwbjdvavzqfv/SourcePackages/checkouts/matrix-rich-text-editor-swift/Sources/WysiwygComposer/Components/WysiwygComposerView/WysiwygPillsFlusher.swift (in target 'WysiwygComposer' from project 'WysiwygComposer')
    cd /Users/aadityasingh/Documents/Development/element-x-ios/Chatlio.xcodeproj
    

SwiftMergeGeneratedHeaders /Users/aadityasingh/Library/Developer/Xcode/DerivedData/Chatlio-erkyzdeecsohoaggpwbjdvavzqfv/Build/Intermediates.noindex/GeneratedModuleMaps-iphonesimulator/CompoundDesignTokens-Swift.h /Users/aadityasingh/Library/Developer/Xcode/DerivedData/Chatlio-erkyzdeecsohoaggpwbjdvavzqfv/Build/Intermediates.noindex/CompoundDesignTokens.build/Debug-iphonesimulator/CompoundDesignTokens.build/Objects-normal/arm64/CompoundDesignTokens-Swift.h /Users/aadityasingh/Library/Developer/Xcode/DerivedData/Chatlio-erkyzdeecsohoaggpwbjdvavzqfv/Build/Intermediates.noindex/CompoundDesignTokens.build/Debug-iphonesimulator/CompoundDesignTokens.build/Objects-normal/x86_64/CompoundDesignTokens-Swift.h (in target 'CompoundDesignTokens' from project 'CompoundDesignTokens')
    cd /Users/aadityasingh/Library/Developer/Xcode/DerivedData/Chatlio-erkyzdeecsohoaggpwbjdvavzqfv/SourcePackages/checkouts/compound-design-tokens
    builtin-swiftHeaderTool -arch arm64 /Users/aadityasingh/Library/Developer/Xcode/DerivedData/Chatlio-erkyzdeecsohoaggpwbjdvavzqfv/Build/Intermediates.noindex/CompoundDesignTokens.build/Debug-iphonesimulator/CompoundDesignTokens.build/Objects-normal/arm64/CompoundDesignTokens-Swift.h -arch x86_64 /Users/aadityasingh/Library/Developer/Xcode/DerivedData/Chatlio-erkyzdeecsohoaggpwbjdvavzqfv/Build/Intermediates.noindex/CompoundDesignTokens.build/Debug-iphonesimulator/CompoundDesignTokens.build/Objects-normal/x86_64/CompoundDesignTokens-Swift.h -o /Users/aadityasingh/Library/Developer/Xcode/DerivedData/Chatlio-erkyzdeecsohoaggpwbjdvavzqfv/Build/Intermediates.noindex/GeneratedModuleMaps-iphonesimulator/CompoundDesignTokens-Swift.h

SwiftDriverJobDiscovery normal arm64 Compiling CollectionDifference.swift, ComposerAction.swift (in target 'WysiwygComposer' from project 'WysiwygComposer')

Copy /Users/aadityasingh/Library/Developer/Xcode/DerivedData/Chatlio-erkyzdeecsohoaggpwbjdvavzqfv/Build/Products/Debug-iphonesimulator/CompoundDesignTokens.swiftmodule/arm64-apple-ios-simulator.swiftmodule /Users/aadityasingh/Library/Developer/Xcode/DerivedData/Chatlio-erkyzdeecsohoaggpwbjdvavzqfv/Build/Intermediates.noindex/CompoundDesignTokens.build/Debug-iphonesimulator/CompoundDesignTokens.build/Objects-normal/arm64/CompoundDesignTokens.swiftmodule (in target 'CompoundDesignTokens' from project 'CompoundDesignTokens')
    cd /Users/aadityasingh/Library/Developer/Xcode/DerivedData/Chatlio-erkyzdeecsohoaggpwbjdvavzqfv/SourcePackages/checkouts/compound-design-tokens
    builtin-copy -exclude .DS_Store -exclude CVS -exclude .svn -exclude .git -exclude .hg -resolve-src-symlinks -rename /Users/aadityasingh/Library/Developer/Xcode/DerivedData/Chatlio-erkyzdeecsohoaggpwbjdvavzqfv/Build/Intermediates.noindex/CompoundDesignTokens.build/Debug-iphonesimulator/CompoundDesignTokens.build/Objects-normal/arm64/CompoundDesignTokens.swiftmodule /Users/aadityasingh/Library/Developer/Xcode/DerivedData/Chatlio-erkyzdeecsohoaggpwbjdvavzqfv/Build/Products/Debug-iphonesimulator/CompoundDesignTokens.swiftmodule/arm64-apple-ios-simulator.swiftmodule

Copy /Users/aadityasingh/Library/Developer/Xcode/DerivedData/Chatlio-erkyzdeecsohoaggpwbjdvavzqfv/Build/Products/Debug-iphonesimulator/CompoundDesignTokens.swiftmodule/arm64-apple-ios-simulator.swiftdoc /Users/aadityasingh/Library/Developer/Xcode/DerivedData/Chatlio-erkyzdeecsohoaggpwbjdvavzqfv/Build/Intermediates.noindex/CompoundDesignTokens.build/Debug-iphonesimulator/CompoundDesignTokens.build/Objects-normal/arm64/CompoundDesignTokens.swiftdoc (in target 'CompoundDesignTokens' from project 'CompoundDesignTokens')
    cd /Users/aadityasingh/Library/Developer/Xcode/DerivedData/Chatlio-erkyzdeecsohoaggpwbjdvavzqfv/SourcePackages/checkouts/compound-design-tokens
    builtin-copy -exclude .DS_Store -exclude CVS -exclude .svn -exclude .git -exclude .hg -resolve-src-symlinks -rename /Users/aadityasingh/Library/Developer/Xcode/DerivedData/Chatlio-erkyzdeecsohoaggpwbjdvavzqfv/Build/Intermediates.noindex/CompoundDesignTokens.build/Debug-iphonesimulator/CompoundDesignTokens.build/Objects-normal/arm64/CompoundDesignTokens.swiftdoc /Users/aadityasingh/Library/Developer/Xcode/DerivedData/Chatlio-erkyzdeecsohoaggpwbjdvavzqfv/Build/Products/Debug-iphonesimulator/CompoundDesignTokens.swiftmodule/arm64-apple-ios-simulator.swiftdoc

Copy /Users/aadityasingh/Library/Developer/Xcode/DerivedData/Chatlio-erkyzdeecsohoaggpwbjdvavzqfv/Build/Products/Debug-iphonesimulator/CompoundDesignTokens.swiftmodule/arm64-apple-ios-simulator.abi.json /Users/aadityasingh/Library/Developer/Xcode/DerivedData/Chatlio-erkyzdeecsohoaggpwbjdvavzqfv/Build/Intermediates.noindex/CompoundDesignTokens.build/Debug-iphonesimulator/CompoundDesignTokens.build/Objects-normal/arm64/CompoundDesignTokens.abi.json (in target 'CompoundDesignTokens' from project 'CompoundDesignTokens')
    cd /Users/aadityasingh/Library/Developer/Xcode/DerivedData/Chatlio-erkyzdeecsohoaggpwbjdvavzqfv/SourcePackages/checkouts/compound-design-tokens
    builtin-copy -exclude .DS_Store -exclude CVS -exclude .svn -exclude .git -exclude .hg -resolve-src-symlinks -rename /Users/aadityasingh/Library/Developer/Xcode/DerivedData/Chatlio-erkyzdeecsohoaggpwbjdvavzqfv/Build/Intermediates.noindex/CompoundDesignTokens.build/Debug-iphonesimulator/CompoundDesignTokens.build/Objects-normal/arm64/CompoundDesignTokens.abi.json /Users/aadityasingh/Library/Developer/Xcode/DerivedData/Chatlio-erkyzdeecsohoaggpwbjdvavzqfv/Build/Products/Debug-iphonesimulator/CompoundDesignTokens.swiftmodule/arm64-apple-ios-simulator.abi.json

SwiftDriverJobDiscovery normal x86_64 Compiling String.swift, UITextView.swift (in target 'WysiwygComposer' from project 'WysiwygComposer')

Copy /Users/aadityasingh/Library/Developer/Xcode/DerivedData/Chatlio-erkyzdeecsohoaggpwbjdvavzqfv/Build/Products/Debug-iphonesimulator/CompoundDesignTokens.swiftmodule/Project/arm64-apple-ios-simulator.swiftsourceinfo /Users/aadityasingh/Library/Developer/Xcode/DerivedData/Chatlio-erkyzdeecsohoaggpwbjdvavzqfv/Build/Intermediates.noindex/CompoundDesignTokens.build/Debug-iphonesimulator/CompoundDesignTokens.build/Objects-normal/arm64/CompoundDesignTokens.swiftsourceinfo (in target 'CompoundDesignTokens' from project 'CompoundDesignTokens')
    cd /Users/aadityasingh/Library/Developer/Xcode/DerivedData/Chatlio-erkyzdeecsohoaggpwbjdvavzqfv/SourcePackages/checkouts/compound-design-tokens
    builtin-copy -exclude .DS_Store -exclude CVS -exclude .svn -exclude .git -exclude .hg -resolve-src-symlinks -rename /Users/aadityasingh/Library/Developer/Xcode/DerivedData/Chatlio-erkyzdeecsohoaggpwbjdvavzqfv/Build/Intermediates.noindex/CompoundDesignTokens.build/Debug-iphonesimulator/CompoundDesignTokens.build/Objects-normal/arm64/CompoundDesignTokens.swiftsourceinfo /Users/aadityasingh/Library/Developer/Xcode/DerivedData/Chatlio-erkyzdeecsohoaggpwbjdvavzqfv/Build/Products/Debug-iphonesimulator/CompoundDesignTokens.swiftmodule/Project/arm64-apple-ios-simulator.swiftsourceinfo

SwiftCompile normal arm64 Compiling\ String.swift,\ UITextView.swift /Users/aadityasingh/Library/Developer/Xcode/DerivedData/Chatlio-erkyzdeecsohoaggpwbjdvavzqfv/SourcePackages/checkouts/matrix-rich-text-editor-swift/Sources/WysiwygComposer/Extensions/String.swift /Users/aadityasingh/Library/Developer/Xcode/DerivedData/Chatlio-erkyzdeecsohoaggpwbjdvavzqfv/SourcePackages/checkouts/matrix-rich-text-editor-swift/Sources/WysiwygComposer/Extensions/UITextView.swift (in target 'WysiwygComposer' from project 'WysiwygComposer')

SwiftCompile normal arm64 /Users/aadityasingh/Library/Developer/Xcode/DerivedData/Chatlio-erkyzdeecsohoaggpwbjdvavzqfv/SourcePackages/checkouts/matrix-rich-text-editor-swift/Sources/WysiwygComposer/Extensions/String.swift (in target 'WysiwygComposer' from project 'WysiwygComposer')
    cd /Users/aadityasingh/Documents/Development/element-x-ios/Chatlio.xcodeproj
    

SwiftCompile normal arm64 /Users/aadityasingh/Library/Developer/Xcode/DerivedData/Chatlio-erkyzdeecsohoaggpwbjdvavzqfv/SourcePackages/checkouts/matrix-rich-text-editor-swift/Sources/WysiwygComposer/Extensions/UITextView.swift (in target 'WysiwygComposer' from project 'WysiwygComposer')
    cd /Users/aadityasingh/Documents/Development/element-x-ios/Chatlio.xcodeproj
    

SwiftCompile normal x86_64 Compiling\ WysiwygTextView.swift,\ WysiwygKeyCommand.swift /Users/aadityasingh/Library/Developer/Xcode/DerivedData/Chatlio-erkyzdeecsohoaggpwbjdvavzqfv/SourcePackages/checkouts/matrix-rich-text-editor-swift/Sources/WysiwygComposer/Components/WysiwygComposerView/WysiwygTextView.swift /Users/aadityasingh/Library/Developer/Xcode/DerivedData/Chatlio-erkyzdeecsohoaggpwbjdvavzqfv/SourcePackages/checkouts/matrix-rich-text-editor-swift/Sources/WysiwygComposer/Components/WysiwygKeyCommand.swift (in target 'WysiwygComposer' from project 'WysiwygComposer')

SwiftCompile normal x86_64 /Users/aadityasingh/Library/Developer/Xcode/DerivedData/Chatlio-erkyzdeecsohoaggpwbjdvavzqfv/SourcePackages/checkouts/matrix-rich-text-editor-swift/Sources/WysiwygComposer/Components/WysiwygComposerView/WysiwygTextView.swift (in target 'WysiwygComposer' from project 'WysiwygComposer')
    cd /Users/aadityasingh/Documents/Development/element-x-ios/Chatlio.xcodeproj
    

SwiftCompile normal x86_64 /Users/aadityasingh/Library/Developer/Xcode/DerivedData/Chatlio-erkyzdeecsohoaggpwbjdvavzqfv/SourcePackages/checkouts/matrix-rich-text-editor-swift/Sources/WysiwygComposer/Components/WysiwygKeyCommand.swift (in target 'WysiwygComposer' from project 'WysiwygComposer')
    cd /Users/aadityasingh/Documents/Development/element-x-ios/Chatlio.xcodeproj
    

SwiftCompile normal x86_64 Compiling\ StringDiffer.swift /Users/aadityasingh/Library/Developer/Xcode/DerivedData/Chatlio-erkyzdeecsohoaggpwbjdvavzqfv/SourcePackages/checkouts/matrix-rich-text-editor-swift/Sources/WysiwygComposer/Tools/StringDiffer.swift (in target 'WysiwygComposer' from project 'WysiwygComposer')

SwiftCompile normal x86_64 /Users/aadityasingh/Library/Developer/Xcode/DerivedData/Chatlio-erkyzdeecsohoaggpwbjdvavzqfv/SourcePackages/checkouts/matrix-rich-text-editor-swift/Sources/WysiwygComposer/Tools/StringDiffer.swift (in target 'WysiwygComposer' from project 'WysiwygComposer')
    cd /Users/aadityasingh/Documents/Development/element-x-ios/Chatlio.xcodeproj
    

SwiftDriverJobDiscovery normal x86_64 Compiling WysiwygLinkOperation.swift, WysiwygMentionType.swift (in target 'WysiwygComposer' from project 'WysiwygComposer')

SwiftCompile normal x86_64 Compiling\ MentionReplacer.swift /Users/aadityasingh/Library/Developer/Xcode/DerivedData/Chatlio-erkyzdeecsohoaggpwbjdvavzqfv/SourcePackages/checkouts/matrix-rich-text-editor-swift/Sources/WysiwygComposer/Tools/MentionReplacer.swift (in target 'WysiwygComposer' from project 'WysiwygComposer')

SwiftCompile normal x86_64 /Users/aadityasingh/Library/Developer/Xcode/DerivedData/Chatlio-erkyzdeecsohoaggpwbjdvavzqfv/SourcePackages/checkouts/matrix-rich-text-editor-swift/Sources/WysiwygComposer/Tools/MentionReplacer.swift (in target 'WysiwygComposer' from project 'WysiwygComposer')
    cd /Users/aadityasingh/Documents/Development/element-x-ios/Chatlio.xcodeproj
    

SwiftDriverJobDiscovery normal arm64 Compiling WysiwygComposerViewModelProtocol.swift, WysiwygPillsFlusher.swift (in target 'WysiwygComposer' from project 'WysiwygComposer')

SwiftCompile normal x86_64 Compiling\ NSRange.swift,\ PatternKey.swift /Users/aadityasingh/Library/Developer/Xcode/DerivedData/Chatlio-erkyzdeecsohoaggpwbjdvavzqfv/SourcePackages/checkouts/matrix-rich-text-editor-swift/Sources/WysiwygComposer/Extensions/NSRange.swift /Users/aadityasingh/Library/Developer/Xcode/DerivedData/Chatlio-erkyzdeecsohoaggpwbjdvavzqfv/SourcePackages/checkouts/matrix-rich-text-editor-swift/Sources/WysiwygComposer/Extensions/PatternKey.swift (in target 'WysiwygComposer' from project 'WysiwygComposer')

SwiftCompile normal x86_64 /Users/aadityasingh/Library/Developer/Xcode/DerivedData/Chatlio-erkyzdeecsohoaggpwbjdvavzqfv/SourcePackages/checkouts/matrix-rich-text-editor-swift/Sources/WysiwygComposer/Extensions/NSRange.swift (in target 'WysiwygComposer' from project 'WysiwygComposer')
    cd /Users/aadityasingh/Documents/Development/element-x-ios/Chatlio.xcodeproj
    

SwiftCompile normal x86_64 /Users/aadityasingh/Library/Developer/Xcode/DerivedData/Chatlio-erkyzdeecsohoaggpwbjdvavzqfv/SourcePackages/checkouts/matrix-rich-text-editor-swift/Sources/WysiwygComposer/Extensions/PatternKey.swift (in target 'WysiwygComposer' from project 'WysiwygComposer')
    cd /Users/aadityasingh/Documents/Development/element-x-ios/Chatlio.xcodeproj
    

SwiftDriverJobDiscovery normal x86_64 Emitting module for SwiftSoup (in target 'SwiftSoup' from project 'SwiftSoup')

SwiftDriver\ Compilation\ Requirements SwiftSoup normal x86_64 com.apple.xcode.tools.swift.compiler (in target 'SwiftSoup' from project 'SwiftSoup')
    cd /Users/aadityasingh/Documents/Development/element-x-ios/Chatlio.xcodeproj
    builtin-Swift-Compilation-Requirements -- /Applications/Xcode.app/Contents/Developer/Toolchains/XcodeDefault.xctoolchain/usr/bin/swiftc -module-name SwiftSoup -Onone @/Users/aadityasingh/Library/Developer/Xcode/DerivedData/Chatlio-erkyzdeecsohoaggpwbjdvavzqfv/Build/Intermediates.noindex/SwiftSoup.build/Debug-iphonesimulator/SwiftSoup.build/Objects-normal/x86_64/SwiftSoup.SwiftFileList -DSWIFT_PACKAGE -DDEBUG -DSWIFT_MODULE_RESOURCE_BUNDLE_UNAVAILABLE -DXcode -plugin-path /Applications/Xcode.app/Contents/Developer/Toolchains/XcodeDefault.xctoolchain/usr/lib/swift/host/plugins/testing -enable-experimental-feature DebugDescriptionMacro -sdk /Applications/Xcode.app/Contents/Developer/Platforms/iPhoneSimulator.platform/Developer/SDKs/iPhoneSimulator26.4.sdk -target x86_64-apple-ios13.0-simulator -g -module-cache-path /Users/aadityasingh/Library/Developer/Xcode/DerivedData/ModuleCache.noindex -Xfrontend -serialize-debugging-options -profile-coverage-mapping -profile-generate -enable-testing -suppress-warnings -index-store-path /Users/aadityasingh/Library/Developer/Xcode/DerivedData/Chatlio-erkyzdeecsohoaggpwbjdvavzqfv/Index.noindex/DataStore -Xcc -D_LIBCPP_HARDENING_MODE\=_LIBCPP_HARDENING_MODE_DEBUG -swift-version 6 -I /Users/aadityasingh/Library/Developer/Xcode/DerivedData/Chatlio-erkyzdeecsohoaggpwbjdvavzqfv/Build/Products/Debug-iphonesimulator -Isystem /Applications/Xcode.app/Contents/Developer/Platforms/iPhoneSimulator.platform/Developer/usr/lib -F /Users/aadityasingh/Library/Developer/Xcode/DerivedData/Chatlio-erkyzdeecsohoaggpwbjdvavzqfv/Build/Products/Debug-iphonesimulator/PackageFrameworks -F /Users/aadityasingh/Library/Developer/Xcode/DerivedData/Chatlio-erkyzdeecsohoaggpwbjdvavzqfv/Build/Products/Debug-iphonesimulator/PackageFrameworks -F /Users/aadityasingh/Library/Developer/Xcode/DerivedData/Chatlio-erkyzdeecsohoaggpwbjdvavzqfv/Build/Products/Debug-iphonesimulator/PackageFrameworks -F /Users/aadityasingh/Library/Developer/Xcode/DerivedData/Chatlio-erkyzdeecsohoaggpwbjdvavzqfv/Build/Products/Debug-iphonesimulator -F /Applications/Xcode.app/Contents/Developer/Platforms/iPhoneSimulator.platform/Developer/Library/Frameworks -F /Applications/Xcode.app/Contents/Developer/Platforms/iPhoneSimulator.platform/Developer/SDKs/iPhoneSimulator26.4.sdk/Developer/Library/Frameworks -c -j12 -enable-batch-mode -incremental -Xcc -ivfsstatcache -Xcc /Users/aadityasingh/Library/Developer/Xcode/DerivedData/SDKStatCaches.noindex/iphonesimulator26.4-23E252-686eebb5dc1d8ecb277353a59184f4aa.sdkstatcache -output-file-map /Users/aadityasingh/Library/Developer/Xcode/DerivedData/Chatlio-erkyzdeecsohoaggpwbjdvavzqfv/Build/Intermediates.noindex/SwiftSoup.build/Debug-iphonesimulator/SwiftSoup.build/Objects-normal/x86_64/SwiftSoup-OutputFileMap.json -use-frontend-parseable-output -save-temps -no-color-diagnostics -explicit-module-build -module-cache-path /Users/aadityasingh/Library/Developer/Xcode/DerivedData/Chatlio-erkyzdeecsohoaggpwbjdvavzqfv/Build/Intermediates.noindex/SwiftExplicitPrecompiledModules -clang-scanner-module-cache-path /Users/aadityasingh/Library/Developer/Xcode/DerivedData/ModuleCache.noindex -sdk-module-cache-path /Users/aadityasingh/Library/Developer/Xcode/DerivedData/ModuleCache.noindex -serialize-diagnostics -emit-dependencies -emit-module -emit-module-path /Users/aadityasingh/Library/Developer/Xcode/DerivedData/Chatlio-erkyzdeecsohoaggpwbjdvavzqfv/Build/Intermediates.noindex/SwiftSoup.build/Debug-iphonesimulator/SwiftSoup.build/Objects-normal/x86_64/SwiftSoup.swiftmodule -user-module-version 2.11.3 -validate-clang-modules-once -clang-build-session-file /Users/aadityasingh/Library/Developer/Xcode/DerivedData/ModuleCache.noindex/Session.modulevalidation -package-name swiftsoup -Xcc -I/Users/aadityasingh/Library/Developer/Xcode/DerivedData/Chatlio-erkyzdeecsohoaggpwbjdvavzqfv/Build/Intermediates.noindex/SwiftSoup.build/Debug-iphonesimulator/SwiftSoup.build/swift-overrides.hmap -emit-const-values -Xfrontend -const-gather-protocols-file -Xfrontend /Users/aadityasingh/Library/Developer/Xcode/DerivedData/Chatlio-erkyzdeecsohoaggpwbjdvavzqfv/Build/Intermediates.noindex/SwiftSoup.build/Debug-iphonesimulator/SwiftSoup.build/Objects-normal/x86_64/SwiftSoup_const_extract_protocols.json -Xcc -I/Users/aadityasingh/Library/Developer/Xcode/DerivedData/Chatlio-erkyzdeecsohoaggpwbjdvavzqfv/SourcePackages/checkouts/swift-atomics/Sources/_AtomicsShims/include -Xcc -I/Users/aadityasingh/Library/Developer/Xcode/DerivedData/Chatlio-erkyzdeecsohoaggpwbjdvavzqfv/Build/Products/Debug-iphonesimulator/include -Xcc -I/Users/aadityasingh/Library/Developer/Xcode/DerivedData/Chatlio-erkyzdeecsohoaggpwbjdvavzqfv/Build/Intermediates.noindex/SwiftSoup.build/Debug-iphonesimulator/SwiftSoup.build/DerivedSources-normal/x86_64 -Xcc -I/Users/aadityasingh/Library/Developer/Xcode/DerivedData/Chatlio-erkyzdeecsohoaggpwbjdvavzqfv/Build/Intermediates.noindex/SwiftSoup.build/Debug-iphonesimulator/SwiftSoup.build/DerivedSources/x86_64 -Xcc -I/Users/aadityasingh/Library/Developer/Xcode/DerivedData/Chatlio-erkyzdeecsohoaggpwbjdvavzqfv/Build/Intermediates.noindex/SwiftSoup.build/Debug-iphonesimulator/SwiftSoup.build/DerivedSources -Xcc -DSWIFT_PACKAGE -Xcc -DDEBUG\=1 -emit-objc-header -emit-objc-header-path /Users/aadityasingh/Library/Developer/Xcode/DerivedData/Chatlio-erkyzdeecsohoaggpwbjdvavzqfv/Build/Intermediates.noindex/SwiftSoup.build/Debug-iphonesimulator/SwiftSoup.build/Objects-normal/x86_64/SwiftSoup-Swift.h -working-directory /Users/aadityasingh/Documents/Development/element-x-ios/Chatlio.xcodeproj -experimental-emit-module-separately -disable-cmo

SwiftDriverJobDiscovery normal arm64 Compiling WysiwygTextView.swift, WysiwygKeyCommand.swift (in target 'WysiwygComposer' from project 'WysiwygComposer')

SwiftCompile normal x86_64 Compiling\ WysiwygComposerView.swift,\ WysiwygComposerViewModel.swift /Users/aadityasingh/Library/Developer/Xcode/DerivedData/Chatlio-erkyzdeecsohoaggpwbjdvavzqfv/SourcePackages/checkouts/matrix-rich-text-editor-swift/Sources/WysiwygComposer/Components/WysiwygComposerView/WysiwygComposerView.swift /Users/aadityasingh/Library/Developer/Xcode/DerivedData/Chatlio-erkyzdeecsohoaggpwbjdvavzqfv/SourcePackages/checkouts/matrix-rich-text-editor-swift/Sources/WysiwygComposer/Components/WysiwygComposerView/WysiwygComposerViewModel.swift (in target 'WysiwygComposer' from project 'WysiwygComposer')

SwiftCompile normal x86_64 /Users/aadityasingh/Library/Developer/Xcode/DerivedData/Chatlio-erkyzdeecsohoaggpwbjdvavzqfv/SourcePackages/checkouts/matrix-rich-text-editor-swift/Sources/WysiwygComposer/Components/WysiwygComposerView/WysiwygComposerView.swift (in target 'WysiwygComposer' from project 'WysiwygComposer')
    cd /Users/aadityasingh/Documents/Development/element-x-ios/Chatlio.xcodeproj
    

SwiftCompile normal x86_64 /Users/aadityasingh/Library/Developer/Xcode/DerivedData/Chatlio-erkyzdeecsohoaggpwbjdvavzqfv/SourcePackages/checkouts/matrix-rich-text-editor-swift/Sources/WysiwygComposer/Components/WysiwygComposerView/WysiwygComposerViewModel.swift (in target 'WysiwygComposer' from project 'WysiwygComposer')
    cd /Users/aadityasingh/Documents/Development/element-x-ios/Chatlio.xcodeproj
    

Copy /Users/aadityasingh/Library/Developer/Xcode/DerivedData/Chatlio-erkyzdeecsohoaggpwbjdvavzqfv/Build/Products/Debug-iphonesimulator/SwiftSoup.swiftmodule/x86_64-apple-ios-simulator.swiftmodule /Users/aadityasingh/Library/Developer/Xcode/DerivedData/Chatlio-erkyzdeecsohoaggpwbjdvavzqfv/Build/Intermediates.noindex/SwiftSoup.build/Debug-iphonesimulator/SwiftSoup.build/Objects-normal/x86_64/SwiftSoup.swiftmodule (in target 'SwiftSoup' from project 'SwiftSoup')
    cd /Users/aadityasingh/Library/Developer/Xcode/DerivedData/Chatlio-erkyzdeecsohoaggpwbjdvavzqfv/SourcePackages/checkouts/SwiftSoup
    builtin-copy -exclude .DS_Store -exclude CVS -exclude .svn -exclude .git -exclude .hg -resolve-src-symlinks -rename /Users/aadityasingh/Library/Developer/Xcode/DerivedData/Chatlio-erkyzdeecsohoaggpwbjdvavzqfv/Build/Intermediates.noindex/SwiftSoup.build/Debug-iphonesimulator/SwiftSoup.build/Objects-normal/x86_64/SwiftSoup.swiftmodule /Users/aadityasingh/Library/Developer/Xcode/DerivedData/Chatlio-erkyzdeecsohoaggpwbjdvavzqfv/Build/Products/Debug-iphonesimulator/SwiftSoup.swiftmodule/x86_64-apple-ios-simulator.swiftmodule

SwiftDriverJobDiscovery normal x86_64 Compiling MentionReplacer.swift (in target 'WysiwygComposer' from project 'WysiwygComposer')

Copy /Users/aadityasingh/Library/Developer/Xcode/DerivedData/Chatlio-erkyzdeecsohoaggpwbjdvavzqfv/Build/Products/Debug-iphonesimulator/SwiftSoup.swiftmodule/x86_64-apple-ios-simulator.swiftdoc /Users/aadityasingh/Library/Developer/Xcode/DerivedData/Chatlio-erkyzdeecsohoaggpwbjdvavzqfv/Build/Intermediates.noindex/SwiftSoup.build/Debug-iphonesimulator/SwiftSoup.build/Objects-normal/x86_64/SwiftSoup.swiftdoc (in target 'SwiftSoup' from project 'SwiftSoup')
    cd /Users/aadityasingh/Library/Developer/Xcode/DerivedData/Chatlio-erkyzdeecsohoaggpwbjdvavzqfv/SourcePackages/checkouts/SwiftSoup
    builtin-copy -exclude .DS_Store -exclude CVS -exclude .svn -exclude .git -exclude .hg -resolve-src-symlinks -rename /Users/aadityasingh/Library/Developer/Xcode/DerivedData/Chatlio-erkyzdeecsohoaggpwbjdvavzqfv/Build/Intermediates.noindex/SwiftSoup.build/Debug-iphonesimulator/SwiftSoup.build/Objects-normal/x86_64/SwiftSoup.swiftdoc /Users/aadityasingh/Library/Developer/Xcode/DerivedData/Chatlio-erkyzdeecsohoaggpwbjdvavzqfv/Build/Products/Debug-iphonesimulator/SwiftSoup.swiftmodule/x86_64-apple-ios-simulator.swiftdoc

Copy /Users/aadityasingh/Library/Developer/Xcode/DerivedData/Chatlio-erkyzdeecsohoaggpwbjdvavzqfv/Build/Products/Debug-iphonesimulator/SwiftSoup.swiftmodule/x86_64-apple-ios-simulator.abi.json /Users/aadityasingh/Library/Developer/Xcode/DerivedData/Chatlio-erkyzdeecsohoaggpwbjdvavzqfv/Build/Intermediates.noindex/SwiftSoup.build/Debug-iphonesimulator/SwiftSoup.build/Objects-normal/x86_64/SwiftSoup.abi.json (in target 'SwiftSoup' from project 'SwiftSoup')
    cd /Users/aadityasingh/Library/Developer/Xcode/DerivedData/Chatlio-erkyzdeecsohoaggpwbjdvavzqfv/SourcePackages/checkouts/SwiftSoup
    builtin-copy -exclude .DS_Store -exclude CVS -exclude .svn -exclude .git -exclude .hg -resolve-src-symlinks -rename /Users/aadityasingh/Library/Developer/Xcode/DerivedData/Chatlio-erkyzdeecsohoaggpwbjdvavzqfv/Build/Intermediates.noindex/SwiftSoup.build/Debug-iphonesimulator/SwiftSoup.build/Objects-normal/x86_64/SwiftSoup.abi.json /Users/aadityasingh/Library/Developer/Xcode/DerivedData/Chatlio-erkyzdeecsohoaggpwbjdvavzqfv/Build/Products/Debug-iphonesimulator/SwiftSoup.swiftmodule/x86_64-apple-ios-simulator.abi.json

Copy /Users/aadityasingh/Library/Developer/Xcode/DerivedData/Chatlio-erkyzdeecsohoaggpwbjdvavzqfv/Build/Products/Debug-iphonesimulator/SwiftSoup.swiftmodule/Project/x86_64-apple-ios-simulator.swiftsourceinfo /Users/aadityasingh/Library/Developer/Xcode/DerivedData/Chatlio-erkyzdeecsohoaggpwbjdvavzqfv/Build/Intermediates.noindex/SwiftSoup.build/Debug-iphonesimulator/SwiftSoup.build/Objects-normal/x86_64/SwiftSoup.swiftsourceinfo (in target 'SwiftSoup' from project 'SwiftSoup')
    cd /Users/aadityasingh/Library/Developer/Xcode/DerivedData/Chatlio-erkyzdeecsohoaggpwbjdvavzqfv/SourcePackages/checkouts/SwiftSoup
    builtin-copy -exclude .DS_Store -exclude CVS -exclude .svn -exclude .git -exclude .hg -resolve-src-symlinks -rename /Users/aadityasingh/Library/Developer/Xcode/DerivedData/Chatlio-erkyzdeecsohoaggpwbjdvavzqfv/Build/Intermediates.noindex/SwiftSoup.build/Debug-iphonesimulator/SwiftSoup.build/Objects-normal/x86_64/SwiftSoup.swiftsourceinfo /Users/aadityasingh/Library/Developer/Xcode/DerivedData/Chatlio-erkyzdeecsohoaggpwbjdvavzqfv/Build/Products/Debug-iphonesimulator/SwiftSoup.swiftmodule/Project/x86_64-apple-ios-simulator.swiftsourceinfo

SwiftCompile normal arm64 Compiling\ WysiwygLinkOperation.swift,\ WysiwygMentionType.swift /Users/aadityasingh/Library/Developer/Xcode/DerivedData/Chatlio-erkyzdeecsohoaggpwbjdvavzqfv/SourcePackages/checkouts/matrix-rich-text-editor-swift/Sources/WysiwygComposer/Components/WysiwygLinkOperation.swift /Users/aadityasingh/Library/Developer/Xcode/DerivedData/Chatlio-erkyzdeecsohoaggpwbjdvavzqfv/SourcePackages/checkouts/matrix-rich-text-editor-swift/Sources/WysiwygComposer/Components/WysiwygMentionType.swift (in target 'WysiwygComposer' from project 'WysiwygComposer')

SwiftCompile normal arm64 /Users/aadityasingh/Library/Developer/Xcode/DerivedData/Chatlio-erkyzdeecsohoaggpwbjdvavzqfv/SourcePackages/checkouts/matrix-rich-text-editor-swift/Sources/WysiwygComposer/Components/WysiwygLinkOperation.swift (in target 'WysiwygComposer' from project 'WysiwygComposer')
    cd /Users/aadityasingh/Documents/Development/element-x-ios/Chatlio.xcodeproj
    

SwiftCompile normal arm64 /Users/aadityasingh/Library/Developer/Xcode/DerivedData/Chatlio-erkyzdeecsohoaggpwbjdvavzqfv/SourcePackages/checkouts/matrix-rich-text-editor-swift/Sources/WysiwygComposer/Components/WysiwygMentionType.swift (in target 'WysiwygComposer' from project 'WysiwygComposer')
    cd /Users/aadityasingh/Documents/Development/element-x-ios/Chatlio.xcodeproj
    

SwiftCompile normal x86_64 Compiling\ ComposerModel.swift,\ Logger.swift /Users/aadityasingh/Library/Developer/Xcode/DerivedData/Chatlio-erkyzdeecsohoaggpwbjdvavzqfv/SourcePackages/checkouts/matrix-rich-text-editor-swift/Sources/WysiwygComposer/Extensions/ComposerModel.swift /Users/aadityasingh/Library/Developer/Xcode/DerivedData/Chatlio-erkyzdeecsohoaggpwbjdvavzqfv/SourcePackages/checkouts/matrix-rich-text-editor-swift/Sources/WysiwygComposer/Extensions/Logger.swift (in target 'WysiwygComposer' from project 'WysiwygComposer')

SwiftCompile normal x86_64 /Users/aadityasingh/Library/Developer/Xcode/DerivedData/Chatlio-erkyzdeecsohoaggpwbjdvavzqfv/SourcePackages/checkouts/matrix-rich-text-editor-swift/Sources/WysiwygComposer/Extensions/ComposerModel.swift (in target 'WysiwygComposer' from project 'WysiwygComposer')
    cd /Users/aadityasingh/Documents/Development/element-x-ios/Chatlio.xcodeproj
    

SwiftCompile normal x86_64 /Users/aadityasingh/Library/Developer/Xcode/DerivedData/Chatlio-erkyzdeecsohoaggpwbjdvavzqfv/SourcePackages/checkouts/matrix-rich-text-editor-swift/Sources/WysiwygComposer/Extensions/Logger.swift (in target 'WysiwygComposer' from project 'WysiwygComposer')
    cd /Users/aadityasingh/Documents/Development/element-x-ios/Chatlio.xcodeproj
    

SwiftDriverJobDiscovery normal arm64 Compiling String.swift, UITextView.swift (in target 'WysiwygComposer' from project 'WysiwygComposer')

SwiftCompile normal arm64 Compiling\ ComposerModelWrapper.swift,\ WysiwygComposerContent.swift /Users/aadityasingh/Library/Developer/Xcode/DerivedData/Chatlio-erkyzdeecsohoaggpwbjdvavzqfv/SourcePackages/checkouts/matrix-rich-text-editor-swift/Sources/WysiwygComposer/Components/ComposerModelWrapper.swift /Users/aadityasingh/Library/Developer/Xcode/DerivedData/Chatlio-erkyzdeecsohoaggpwbjdvavzqfv/SourcePackages/checkouts/matrix-rich-text-editor-swift/Sources/WysiwygComposer/Components/WysiwygComposerView/WysiwygComposerContent.swift (in target 'WysiwygComposer' from project 'WysiwygComposer')

SwiftCompile normal arm64 /Users/aadityasingh/Library/Developer/Xcode/DerivedData/Chatlio-erkyzdeecsohoaggpwbjdvavzqfv/SourcePackages/checkouts/matrix-rich-text-editor-swift/Sources/WysiwygComposer/Components/ComposerModelWrapper.swift (in target 'WysiwygComposer' from project 'WysiwygComposer')
    cd /Users/aadityasingh/Documents/Development/element-x-ios/Chatlio.xcodeproj
    

SwiftCompile normal arm64 /Users/aadityasingh/Library/Developer/Xcode/DerivedData/Chatlio-erkyzdeecsohoaggpwbjdvavzqfv/SourcePackages/checkouts/matrix-rich-text-editor-swift/Sources/WysiwygComposer/Components/WysiwygComposerView/WysiwygComposerContent.swift (in target 'WysiwygComposer' from project 'WysiwygComposer')
    cd /Users/aadityasingh/Documents/Development/element-x-ios/Chatlio.xcodeproj
    

SwiftDriverJobDiscovery normal x86_64 Compiling NSRange.swift, PatternKey.swift (in target 'WysiwygComposer' from project 'WysiwygComposer')

SwiftCompile normal arm64 Compiling\ StringDiffer.swift /Users/aadityasingh/Library/Developer/Xcode/DerivedData/Chatlio-erkyzdeecsohoaggpwbjdvavzqfv/SourcePackages/checkouts/matrix-rich-text-editor-swift/Sources/WysiwygComposer/Tools/StringDiffer.swift (in target 'WysiwygComposer' from project 'WysiwygComposer')

SwiftCompile normal arm64 /Users/aadityasingh/Library/Developer/Xcode/DerivedData/Chatlio-erkyzdeecsohoaggpwbjdvavzqfv/SourcePackages/checkouts/matrix-rich-text-editor-swift/Sources/WysiwygComposer/Tools/StringDiffer.swift (in target 'WysiwygComposer' from project 'WysiwygComposer')
    cd /Users/aadityasingh/Documents/Development/element-x-ios/Chatlio.xcodeproj
    

SwiftDriverJobDiscovery normal x86_64 Compiling StringDiffer.swift (in target 'WysiwygComposer' from project 'WysiwygComposer')

SwiftCompile normal x86_64 Compiling\ CollectionDifference.swift,\ ComposerAction.swift /Users/aadityasingh/Library/Developer/Xcode/DerivedData/Chatlio-erkyzdeecsohoaggpwbjdvavzqfv/SourcePackages/checkouts/matrix-rich-text-editor-swift/Sources/WysiwygComposer/Extensions/CollectionDifference.swift /Users/aadityasingh/Library/Developer/Xcode/DerivedData/Chatlio-erkyzdeecsohoaggpwbjdvavzqfv/SourcePackages/checkouts/matrix-rich-text-editor-swift/Sources/WysiwygComposer/Extensions/ComposerAction.swift (in target 'WysiwygComposer' from project 'WysiwygComposer')

SwiftCompile normal x86_64 /Users/aadityasingh/Library/Developer/Xcode/DerivedData/Chatlio-erkyzdeecsohoaggpwbjdvavzqfv/SourcePackages/checkouts/matrix-rich-text-editor-swift/Sources/WysiwygComposer/Extensions/CollectionDifference.swift (in target 'WysiwygComposer' from project 'WysiwygComposer')
    cd /Users/aadityasingh/Documents/Development/element-x-ios/Chatlio.xcodeproj
    

SwiftCompile normal x86_64 /Users/aadityasingh/Library/Developer/Xcode/DerivedData/Chatlio-erkyzdeecsohoaggpwbjdvavzqfv/SourcePackages/checkouts/matrix-rich-text-editor-swift/Sources/WysiwygComposer/Extensions/ComposerAction.swift (in target 'WysiwygComposer' from project 'WysiwygComposer')
    cd /Users/aadityasingh/Documents/Development/element-x-ios/Chatlio.xcodeproj
    

SwiftDriverJobDiscovery normal arm64 Emitting module for SwiftSoup (in target 'SwiftSoup' from project 'SwiftSoup')

SwiftDriver\ Compilation\ Requirements SwiftSoup normal arm64 com.apple.xcode.tools.swift.compiler (in target 'SwiftSoup' from project 'SwiftSoup')
    cd /Users/aadityasingh/Documents/Development/element-x-ios/Chatlio.xcodeproj
    builtin-Swift-Compilation-Requirements -- /Applications/Xcode.app/Contents/Developer/Toolchains/XcodeDefault.xctoolchain/usr/bin/swiftc -module-name SwiftSoup -Onone @/Users/aadityasingh/Library/Developer/Xcode/DerivedData/Chatlio-erkyzdeecsohoaggpwbjdvavzqfv/Build/Intermediates.noindex/SwiftSoup.build/Debug-iphonesimulator/SwiftSoup.build/Objects-normal/arm64/SwiftSoup.SwiftFileList -DSWIFT_PACKAGE -DDEBUG -DSWIFT_MODULE_RESOURCE_BUNDLE_UNAVAILABLE -DXcode -plugin-path /Applications/Xcode.app/Contents/Developer/Toolchains/XcodeDefault.xctoolchain/usr/lib/swift/host/plugins/testing -enable-experimental-feature DebugDescriptionMacro -sdk /Applications/Xcode.app/Contents/Developer/Platforms/iPhoneSimulator.platform/Developer/SDKs/iPhoneSimulator26.4.sdk -target arm64-apple-ios13.0-simulator -g -module-cache-path /Users/aadityasingh/Library/Developer/Xcode/DerivedData/ModuleCache.noindex -Xfrontend -serialize-debugging-options -profile-coverage-mapping -profile-generate -enable-testing -suppress-warnings -index-store-path /Users/aadityasingh/Library/Developer/Xcode/DerivedData/Chatlio-erkyzdeecsohoaggpwbjdvavzqfv/Index.noindex/DataStore -Xcc -D_LIBCPP_HARDENING_MODE\=_LIBCPP_HARDENING_MODE_DEBUG -swift-version 6 -I /Users/aadityasingh/Library/Developer/Xcode/DerivedData/Chatlio-erkyzdeecsohoaggpwbjdvavzqfv/Build/Products/Debug-iphonesimulator -Isystem /Applications/Xcode.app/Contents/Developer/Platforms/iPhoneSimulator.platform/Developer/usr/lib -F /Users/aadityasingh/Library/Developer/Xcode/DerivedData/Chatlio-erkyzdeecsohoaggpwbjdvavzqfv/Build/Products/Debug-iphonesimulator/PackageFrameworks -F /Users/aadityasingh/Library/Developer/Xcode/DerivedData/Chatlio-erkyzdeecsohoaggpwbjdvavzqfv/Build/Products/Debug-iphonesimulator/PackageFrameworks -F /Users/aadityasingh/Library/Developer/Xcode/DerivedData/Chatlio-erkyzdeecsohoaggpwbjdvavzqfv/Build/Products/Debug-iphonesimulator/PackageFrameworks -F /Users/aadityasingh/Library/Developer/Xcode/DerivedData/Chatlio-erkyzdeecsohoaggpwbjdvavzqfv/Build/Products/Debug-iphonesimulator -F /Applications/Xcode.app/Contents/Developer/Platforms/iPhoneSimulator.platform/Developer/Library/Frameworks -F /Applications/Xcode.app/Contents/Developer/Platforms/iPhoneSimulator.platform/Developer/SDKs/iPhoneSimulator26.4.sdk/Developer/Library/Frameworks -c -j12 -enable-batch-mode -incremental -Xcc -ivfsstatcache -Xcc /Users/aadityasingh/Library/Developer/Xcode/DerivedData/SDKStatCaches.noindex/iphonesimulator26.4-23E252-686eebb5dc1d8ecb277353a59184f4aa.sdkstatcache -output-file-map /Users/aadityasingh/Library/Developer/Xcode/DerivedData/Chatlio-erkyzdeecsohoaggpwbjdvavzqfv/Build/Intermediates.noindex/SwiftSoup.build/Debug-iphonesimulator/SwiftSoup.build/Objects-normal/arm64/SwiftSoup-OutputFileMap.json -use-frontend-parseable-output -save-temps -no-color-diagnostics -explicit-module-build -module-cache-path /Users/aadityasingh/Library/Developer/Xcode/DerivedData/Chatlio-erkyzdeecsohoaggpwbjdvavzqfv/Build/Intermediates.noindex/SwiftExplicitPrecompiledModules -clang-scanner-module-cache-path /Users/aadityasingh/Library/Developer/Xcode/DerivedData/ModuleCache.noindex -sdk-module-cache-path /Users/aadityasingh/Library/Developer/Xcode/DerivedData/ModuleCache.noindex -serialize-diagnostics -emit-dependencies -emit-module -emit-module-path /Users/aadityasingh/Library/Developer/Xcode/DerivedData/Chatlio-erkyzdeecsohoaggpwbjdvavzqfv/Build/Intermediates.noindex/SwiftSoup.build/Debug-iphonesimulator/SwiftSoup.build/Objects-normal/arm64/SwiftSoup.swiftmodule -user-module-version 2.11.3 -validate-clang-modules-once -clang-build-session-file /Users/aadityasingh/Library/Developer/Xcode/DerivedData/ModuleCache.noindex/Session.modulevalidation -package-name swiftsoup -Xcc -I/Users/aadityasingh/Library/Developer/Xcode/DerivedData/Chatlio-erkyzdeecsohoaggpwbjdvavzqfv/Build/Intermediates.noindex/SwiftSoup.build/Debug-iphonesimulator/SwiftSoup.build/swift-overrides.hmap -emit-const-values -Xfrontend -const-gather-protocols-file -Xfrontend /Users/aadityasingh/Library/Developer/Xcode/DerivedData/Chatlio-erkyzdeecsohoaggpwbjdvavzqfv/Build/Intermediates.noindex/SwiftSoup.build/Debug-iphonesimulator/SwiftSoup.build/Objects-normal/arm64/SwiftSoup_const_extract_protocols.json -Xcc -I/Users/aadityasingh/Library/Developer/Xcode/DerivedData/Chatlio-erkyzdeecsohoaggpwbjdvavzqfv/SourcePackages/checkouts/swift-atomics/Sources/_AtomicsShims/include -Xcc -I/Users/aadityasingh/Library/Developer/Xcode/DerivedData/Chatlio-erkyzdeecsohoaggpwbjdvavzqfv/Build/Products/Debug-iphonesimulator/include -Xcc -I/Users/aadityasingh/Library/Developer/Xcode/DerivedData/Chatlio-erkyzdeecsohoaggpwbjdvavzqfv/Build/Intermediates.noindex/SwiftSoup.build/Debug-iphonesimulator/SwiftSoup.build/DerivedSources-normal/arm64 -Xcc -I/Users/aadityasingh/Library/Developer/Xcode/DerivedData/Chatlio-erkyzdeecsohoaggpwbjdvavzqfv/Build/Intermediates.noindex/SwiftSoup.build/Debug-iphonesimulator/SwiftSoup.build/DerivedSources/arm64 -Xcc -I/Users/aadityasingh/Library/Developer/Xcode/DerivedData/Chatlio-erkyzdeecsohoaggpwbjdvavzqfv/Build/Intermediates.noindex/SwiftSoup.build/Debug-iphonesimulator/SwiftSoup.build/DerivedSources -Xcc -DSWIFT_PACKAGE -Xcc -DDEBUG\=1 -emit-objc-header -emit-objc-header-path /Users/aadityasingh/Library/Developer/Xcode/DerivedData/Chatlio-erkyzdeecsohoaggpwbjdvavzqfv/Build/Intermediates.noindex/SwiftSoup.build/Debug-iphonesimulator/SwiftSoup.build/Objects-normal/arm64/SwiftSoup-Swift.h -working-directory /Users/aadityasingh/Documents/Development/element-x-ios/Chatlio.xcodeproj -experimental-emit-module-separately -disable-cmo

SwiftDriverJobDiscovery normal x86_64 Compiling WysiwygTextView.swift, WysiwygKeyCommand.swift (in target 'WysiwygComposer' from project 'WysiwygComposer')

SwiftCompile normal x86_64 Compiling\ ComposerModelWrapper.swift,\ WysiwygComposerContent.swift /Users/aadityasingh/Library/Developer/Xcode/DerivedData/Chatlio-erkyzdeecsohoaggpwbjdvavzqfv/SourcePackages/checkouts/matrix-rich-text-editor-swift/Sources/WysiwygComposer/Components/ComposerModelWrapper.swift /Users/aadityasingh/Library/Developer/Xcode/DerivedData/Chatlio-erkyzdeecsohoaggpwbjdvavzqfv/SourcePackages/checkouts/matrix-rich-text-editor-swift/Sources/WysiwygComposer/Components/WysiwygComposerView/WysiwygComposerContent.swift (in target 'WysiwygComposer' from project 'WysiwygComposer')

SwiftCompile normal x86_64 /Users/aadityasingh/Library/Developer/Xcode/DerivedData/Chatlio-erkyzdeecsohoaggpwbjdvavzqfv/SourcePackages/checkouts/matrix-rich-text-editor-swift/Sources/WysiwygComposer/Components/ComposerModelWrapper.swift (in target 'WysiwygComposer' from project 'WysiwygComposer')
    cd /Users/aadityasingh/Documents/Development/element-x-ios/Chatlio.xcodeproj
    

SwiftCompile normal x86_64 /Users/aadityasingh/Library/Developer/Xcode/DerivedData/Chatlio-erkyzdeecsohoaggpwbjdvavzqfv/SourcePackages/checkouts/matrix-rich-text-editor-swift/Sources/WysiwygComposer/Components/WysiwygComposerView/WysiwygComposerContent.swift (in target 'WysiwygComposer' from project 'WysiwygComposer')
    cd /Users/aadityasingh/Documents/Development/element-x-ios/Chatlio.xcodeproj
    

SwiftMergeGeneratedHeaders /Users/aadityasingh/Library/Developer/Xcode/DerivedData/Chatlio-erkyzdeecsohoaggpwbjdvavzqfv/Build/Intermediates.noindex/GeneratedModuleMaps-iphonesimulator/SwiftSoup-Swift.h /Users/aadityasingh/Library/Developer/Xcode/DerivedData/Chatlio-erkyzdeecsohoaggpwbjdvavzqfv/Build/Intermediates.noindex/SwiftSoup.build/Debug-iphonesimulator/SwiftSoup.build/Objects-normal/arm64/SwiftSoup-Swift.h /Users/aadityasingh/Library/Developer/Xcode/DerivedData/Chatlio-erkyzdeecsohoaggpwbjdvavzqfv/Build/Intermediates.noindex/SwiftSoup.build/Debug-iphonesimulator/SwiftSoup.build/Objects-normal/x86_64/SwiftSoup-Swift.h (in target 'SwiftSoup' from project 'SwiftSoup')
    cd /Users/aadityasingh/Library/Developer/Xcode/DerivedData/Chatlio-erkyzdeecsohoaggpwbjdvavzqfv/SourcePackages/checkouts/SwiftSoup
    builtin-swiftHeaderTool -arch arm64 /Users/aadityasingh/Library/Developer/Xcode/DerivedData/Chatlio-erkyzdeecsohoaggpwbjdvavzqfv/Build/Intermediates.noindex/SwiftSoup.build/Debug-iphonesimulator/SwiftSoup.build/Objects-normal/arm64/SwiftSoup-Swift.h -arch x86_64 /Users/aadityasingh/Library/Developer/Xcode/DerivedData/Chatlio-erkyzdeecsohoaggpwbjdvavzqfv/Build/Intermediates.noindex/SwiftSoup.build/Debug-iphonesimulator/SwiftSoup.build/Objects-normal/x86_64/SwiftSoup-Swift.h -o /Users/aadityasingh/Library/Developer/Xcode/DerivedData/Chatlio-erkyzdeecsohoaggpwbjdvavzqfv/Build/Intermediates.noindex/GeneratedModuleMaps-iphonesimulator/SwiftSoup-Swift.h

SwiftDriverJobDiscovery normal arm64 Compiling WysiwygLinkOperation.swift, WysiwygMentionType.swift (in target 'WysiwygComposer' from project 'WysiwygComposer')

Copy /Users/aadityasingh/Library/Developer/Xcode/DerivedData/Chatlio-erkyzdeecsohoaggpwbjdvavzqfv/Build/Products/Debug-iphonesimulator/SwiftSoup.swiftmodule/arm64-apple-ios-simulator.swiftmodule /Users/aadityasingh/Library/Developer/Xcode/DerivedData/Chatlio-erkyzdeecsohoaggpwbjdvavzqfv/Build/Intermediates.noindex/SwiftSoup.build/Debug-iphonesimulator/SwiftSoup.build/Objects-normal/arm64/SwiftSoup.swiftmodule (in target 'SwiftSoup' from project 'SwiftSoup')
    cd /Users/aadityasingh/Library/Developer/Xcode/DerivedData/Chatlio-erkyzdeecsohoaggpwbjdvavzqfv/SourcePackages/checkouts/SwiftSoup
    builtin-copy -exclude .DS_Store -exclude CVS -exclude .svn -exclude .git -exclude .hg -resolve-src-symlinks -rename /Users/aadityasingh/Library/Developer/Xcode/DerivedData/Chatlio-erkyzdeecsohoaggpwbjdvavzqfv/Build/Intermediates.noindex/SwiftSoup.build/Debug-iphonesimulator/SwiftSoup.build/Objects-normal/arm64/SwiftSoup.swiftmodule /Users/aadityasingh/Library/Developer/Xcode/DerivedData/Chatlio-erkyzdeecsohoaggpwbjdvavzqfv/Build/Products/Debug-iphonesimulator/SwiftSoup.swiftmodule/arm64-apple-ios-simulator.swiftmodule

Copy /Users/aadityasingh/Library/Developer/Xcode/DerivedData/Chatlio-erkyzdeecsohoaggpwbjdvavzqfv/Build/Products/Debug-iphonesimulator/SwiftSoup.swiftmodule/arm64-apple-ios-simulator.swiftdoc /Users/aadityasingh/Library/Developer/Xcode/DerivedData/Chatlio-erkyzdeecsohoaggpwbjdvavzqfv/Build/Intermediates.noindex/SwiftSoup.build/Debug-iphonesimulator/SwiftSoup.build/Objects-normal/arm64/SwiftSoup.swiftdoc (in target 'SwiftSoup' from project 'SwiftSoup')
    cd /Users/aadityasingh/Library/Developer/Xcode/DerivedData/Chatlio-erkyzdeecsohoaggpwbjdvavzqfv/SourcePackages/checkouts/SwiftSoup
    builtin-copy -exclude .DS_Store -exclude CVS -exclude .svn -exclude .git -exclude .hg -resolve-src-symlinks -rename /Users/aadityasingh/Library/Developer/Xcode/DerivedData/Chatlio-erkyzdeecsohoaggpwbjdvavzqfv/Build/Intermediates.noindex/SwiftSoup.build/Debug-iphonesimulator/SwiftSoup.build/Objects-normal/arm64/SwiftSoup.swiftdoc /Users/aadityasingh/Library/Developer/Xcode/DerivedData/Chatlio-erkyzdeecsohoaggpwbjdvavzqfv/Build/Products/Debug-iphonesimulator/SwiftSoup.swiftmodule/arm64-apple-ios-simulator.swiftdoc

Copy /Users/aadityasingh/Library/Developer/Xcode/DerivedData/Chatlio-erkyzdeecsohoaggpwbjdvavzqfv/Build/Products/Debug-iphonesimulator/SwiftSoup.swiftmodule/arm64-apple-ios-simulator.abi.json /Users/aadityasingh/Library/Developer/Xcode/DerivedData/Chatlio-erkyzdeecsohoaggpwbjdvavzqfv/Build/Intermediates.noindex/SwiftSoup.build/Debug-iphonesimulator/SwiftSoup.build/Objects-normal/arm64/SwiftSoup.abi.json (in target 'SwiftSoup' from project 'SwiftSoup')
    cd /Users/aadityasingh/Library/Developer/Xcode/DerivedData/Chatlio-erkyzdeecsohoaggpwbjdvavzqfv/SourcePackages/checkouts/SwiftSoup
    builtin-copy -exclude .DS_Store -exclude CVS -exclude .svn -exclude .git -exclude .hg -resolve-src-symlinks -rename /Users/aadityasingh/Library/Developer/Xcode/DerivedData/Chatlio-erkyzdeecsohoaggpwbjdvavzqfv/Build/Intermediates.noindex/SwiftSoup.build/Debug-iphonesimulator/SwiftSoup.build/Objects-normal/arm64/SwiftSoup.abi.json /Users/aadityasingh/Library/Developer/Xcode/DerivedData/Chatlio-erkyzdeecsohoaggpwbjdvavzqfv/Build/Products/Debug-iphonesimulator/SwiftSoup.swiftmodule/arm64-apple-ios-simulator.abi.json

Copy /Users/aadityasingh/Library/Developer/Xcode/DerivedData/Chatlio-erkyzdeecsohoaggpwbjdvavzqfv/Build/Products/Debug-iphonesimulator/SwiftSoup.swiftmodule/Project/arm64-apple-ios-simulator.swiftsourceinfo /Users/aadityasingh/Library/Developer/Xcode/DerivedData/Chatlio-erkyzdeecsohoaggpwbjdvavzqfv/Build/Intermediates.noindex/SwiftSoup.build/Debug-iphonesimulator/SwiftSoup.build/Objects-normal/arm64/SwiftSoup.swiftsourceinfo (in target 'SwiftSoup' from project 'SwiftSoup')
    cd /Users/aadityasingh/Library/Developer/Xcode/DerivedData/Chatlio-erkyzdeecsohoaggpwbjdvavzqfv/SourcePackages/checkouts/SwiftSoup
    builtin-copy -exclude .DS_Store -exclude CVS -exclude .svn -exclude .git -exclude .hg -resolve-src-symlinks -rename /Users/aadityasingh/Library/Developer/Xcode/DerivedData/Chatlio-erkyzdeecsohoaggpwbjdvavzqfv/Build/Intermediates.noindex/SwiftSoup.build/Debug-iphonesimulator/SwiftSoup.build/Objects-normal/arm64/SwiftSoup.swiftsourceinfo /Users/aadityasingh/Library/Developer/Xcode/DerivedData/Chatlio-erkyzdeecsohoaggpwbjdvavzqfv/Build/Products/Debug-iphonesimulator/SwiftSoup.swiftmodule/Project/arm64-apple-ios-simulator.swiftsourceinfo

SwiftCompile normal arm64 Compiling\ ComposerModel.swift,\ Logger.swift /Users/aadityasingh/Library/Developer/Xcode/DerivedData/Chatlio-erkyzdeecsohoaggpwbjdvavzqfv/SourcePackages/checkouts/matrix-rich-text-editor-swift/Sources/WysiwygComposer/Extensions/ComposerModel.swift /Users/aadityasingh/Library/Developer/Xcode/DerivedData/Chatlio-erkyzdeecsohoaggpwbjdvavzqfv/SourcePackages/checkouts/matrix-rich-text-editor-swift/Sources/WysiwygComposer/Extensions/Logger.swift (in target 'WysiwygComposer' from project 'WysiwygComposer')

SwiftCompile normal arm64 /Users/aadityasingh/Library/Developer/Xcode/DerivedData/Chatlio-erkyzdeecsohoaggpwbjdvavzqfv/SourcePackages/checkouts/matrix-rich-text-editor-swift/Sources/WysiwygComposer/Extensions/ComposerModel.swift (in target 'WysiwygComposer' from project 'WysiwygComposer')
    cd /Users/aadityasingh/Documents/Development/element-x-ios/Chatlio.xcodeproj
    

SwiftCompile normal arm64 /Users/aadityasingh/Library/Developer/Xcode/DerivedData/Chatlio-erkyzdeecsohoaggpwbjdvavzqfv/SourcePackages/checkouts/matrix-rich-text-editor-swift/Sources/WysiwygComposer/Extensions/Logger.swift (in target 'WysiwygComposer' from project 'WysiwygComposer')
    cd /Users/aadityasingh/Documents/Development/element-x-ios/Chatlio.xcodeproj
    

SwiftCompile normal arm64 Compiling\ NSRange.swift,\ PatternKey.swift /Users/aadityasingh/Library/Developer/Xcode/DerivedData/Chatlio-erkyzdeecsohoaggpwbjdvavzqfv/SourcePackages/checkouts/matrix-rich-text-editor-swift/Sources/WysiwygComposer/Extensions/NSRange.swift /Users/aadityasingh/Library/Developer/Xcode/DerivedData/Chatlio-erkyzdeecsohoaggpwbjdvavzqfv/SourcePackages/checkouts/matrix-rich-text-editor-swift/Sources/WysiwygComposer/Extensions/PatternKey.swift (in target 'WysiwygComposer' from project 'WysiwygComposer')

SwiftCompile normal arm64 /Users/aadityasingh/Library/Developer/Xcode/DerivedData/Chatlio-erkyzdeecsohoaggpwbjdvavzqfv/SourcePackages/checkouts/matrix-rich-text-editor-swift/Sources/WysiwygComposer/Extensions/NSRange.swift (in target 'WysiwygComposer' from project 'WysiwygComposer')
    cd /Users/aadityasingh/Documents/Development/element-x-ios/Chatlio.xcodeproj
    

SwiftCompile normal arm64 /Users/aadityasingh/Library/Developer/Xcode/DerivedData/Chatlio-erkyzdeecsohoaggpwbjdvavzqfv/SourcePackages/checkouts/matrix-rich-text-editor-swift/Sources/WysiwygComposer/Extensions/PatternKey.swift (in target 'WysiwygComposer' from project 'WysiwygComposer')
    cd /Users/aadityasingh/Documents/Development/element-x-ios/Chatlio.xcodeproj
    

SwiftDriverJobDiscovery normal arm64 Compiling matrix_sdk_ffi.swift (in target 'MatrixRustSDK' from project 'MatrixRustSDK')

SwiftCompile normal arm64 Compiling\ WysiwygComposer.swift /Users/aadityasingh/Library/Developer/Xcode/DerivedData/Chatlio-erkyzdeecsohoaggpwbjdvavzqfv/SourcePackages/checkouts/matrix-rich-text-editor-swift/Sources/WysiwygComposer/WysiwygComposer.swift (in target 'WysiwygComposer' from project 'WysiwygComposer')

SwiftCompile normal arm64 /Users/aadityasingh/Library/Developer/Xcode/DerivedData/Chatlio-erkyzdeecsohoaggpwbjdvavzqfv/SourcePackages/checkouts/matrix-rich-text-editor-swift/Sources/WysiwygComposer/WysiwygComposer.swift (in target 'WysiwygComposer' from project 'WysiwygComposer')
    cd /Users/aadityasingh/Documents/Development/element-x-ios/Chatlio.xcodeproj
    

SwiftDriverJobDiscovery normal arm64 Compiling StringDiffer.swift (in target 'WysiwygComposer' from project 'WysiwygComposer')

SwiftCompile normal x86_64 Compiling\ WysiwygComposer.swift /Users/aadityasingh/Library/Developer/Xcode/DerivedData/Chatlio-erkyzdeecsohoaggpwbjdvavzqfv/SourcePackages/checkouts/matrix-rich-text-editor-swift/Sources/WysiwygComposer/WysiwygComposer.swift (in target 'WysiwygComposer' from project 'WysiwygComposer')

SwiftCompile normal x86_64 /Users/aadityasingh/Library/Developer/Xcode/DerivedData/Chatlio-erkyzdeecsohoaggpwbjdvavzqfv/SourcePackages/checkouts/matrix-rich-text-editor-swift/Sources/WysiwygComposer/WysiwygComposer.swift (in target 'WysiwygComposer' from project 'WysiwygComposer')
    cd /Users/aadityasingh/Documents/Development/element-x-ios/Chatlio.xcodeproj
    

SwiftDriverJobDiscovery normal arm64 Compiling ComposerModelWrapper.swift, WysiwygComposerContent.swift (in target 'WysiwygComposer' from project 'WysiwygComposer')

SwiftCompile normal arm64 Compiling\ WysiwygComposerView.swift,\ WysiwygComposerViewModel.swift /Users/aadityasingh/Library/Developer/Xcode/DerivedData/Chatlio-erkyzdeecsohoaggpwbjdvavzqfv/SourcePackages/checkouts/matrix-rich-text-editor-swift/Sources/WysiwygComposer/Components/WysiwygComposerView/WysiwygComposerView.swift /Users/aadityasingh/Library/Developer/Xcode/DerivedData/Chatlio-erkyzdeecsohoaggpwbjdvavzqfv/SourcePackages/checkouts/matrix-rich-text-editor-swift/Sources/WysiwygComposer/Components/WysiwygComposerView/WysiwygComposerViewModel.swift (in target 'WysiwygComposer' from project 'WysiwygComposer')

SwiftCompile normal arm64 /Users/aadityasingh/Library/Developer/Xcode/DerivedData/Chatlio-erkyzdeecsohoaggpwbjdvavzqfv/SourcePackages/checkouts/matrix-rich-text-editor-swift/Sources/WysiwygComposer/Components/WysiwygComposerView/WysiwygComposerView.swift (in target 'WysiwygComposer' from project 'WysiwygComposer')
    cd /Users/aadityasingh/Documents/Development/element-x-ios/Chatlio.xcodeproj
    

SwiftCompile normal arm64 /Users/aadityasingh/Library/Developer/Xcode/DerivedData/Chatlio-erkyzdeecsohoaggpwbjdvavzqfv/SourcePackages/checkouts/matrix-rich-text-editor-swift/Sources/WysiwygComposer/Components/WysiwygComposerView/WysiwygComposerViewModel.swift (in target 'WysiwygComposer' from project 'WysiwygComposer')
    cd /Users/aadityasingh/Documents/Development/element-x-ios/Chatlio.xcodeproj
    

SwiftDriverJobDiscovery normal x86_64 Compiling CollectionDifference.swift, ComposerAction.swift (in target 'WysiwygComposer' from project 'WysiwygComposer')

SwiftCompile normal arm64 Compiling\ MentionReplacer.swift /Users/aadityasingh/Library/Developer/Xcode/DerivedData/Chatlio-erkyzdeecsohoaggpwbjdvavzqfv/SourcePackages/checkouts/matrix-rich-text-editor-swift/Sources/WysiwygComposer/Tools/MentionReplacer.swift (in target 'WysiwygComposer' from project 'WysiwygComposer')

SwiftCompile normal arm64 /Users/aadityasingh/Library/Developer/Xcode/DerivedData/Chatlio-erkyzdeecsohoaggpwbjdvavzqfv/SourcePackages/checkouts/matrix-rich-text-editor-swift/Sources/WysiwygComposer/Tools/MentionReplacer.swift (in target 'WysiwygComposer' from project 'WysiwygComposer')
    cd /Users/aadityasingh/Documents/Development/element-x-ios/Chatlio.xcodeproj
    

SwiftDriverJobDiscovery normal arm64 Emitting module for HashTreeCollections (in target 'HashTreeCollections' from project 'swift-collections')

SwiftDriver\ Compilation\ Requirements HashTreeCollections normal arm64 com.apple.xcode.tools.swift.compiler (in target 'HashTreeCollections' from project 'swift-collections')
    cd /Users/aadityasingh/Documents/Development/element-x-ios/Chatlio.xcodeproj
    builtin-Swift-Compilation-Requirements -- /Applications/Xcode.app/Contents/Developer/Toolchains/XcodeDefault.xctoolchain/usr/bin/swiftc -module-name HashTreeCollections -Onone @/Users/aadityasingh/Library/Developer/Xcode/DerivedData/Chatlio-erkyzdeecsohoaggpwbjdvavzqfv/Build/Intermediates.noindex/swift-collections.build/Debug-iphonesimulator/HashTreeCollections.build/Objects-normal/arm64/HashTreeCollections.SwiftFileList -DSWIFT_PACKAGE -DDEBUG -DSWIFT_MODULE_RESOURCE_BUNDLE_UNAVAILABLE -DCOLLECTIONS_RANDOMIZED_TESTING -DXcode -enable-experimental-feature AvailabilityMacro\=SwiftStdlib\ 5.0:\ macOS\ 10.14.4,\ iOS\ 12.2,\ watchOS\ 5.2,\ tvOS\ 12.2 -enable-experimental-feature AvailabilityMacro\=SwiftStdlib\ 5.1:\ macOS\ 10.15,\ iOS\ 13.0,\ watchOS\ 6.0,\ tvOS\ 13.0 -enable-experimental-feature AvailabilityMacro\=SwiftStdlib\ 5.6:\ macOS\ 12.3,\ iOS\ 15.4,\ watchOS\ 8.5,\ tvOS\ 15.4 -enable-experimental-feature AvailabilityMacro\=SwiftStdlib\ 5.8:\ macOS\ 13.3,\ iOS\ 16.4,\ watchOS\ 9.4,\ tvOS\ 16.4 -enable-experimental-feature AvailabilityMacro\=SwiftStdlib\ 5.9:\ macOS\ 14.0,\ iOS\ 17.0,\ watchOS\ 10.0,\ tvOS\ 17.0 -enable-experimental-feature AvailabilityMacro\=SwiftStdlib\ 5.10:\ macOS\ 14.4,\ iOS\ 17.4,\ watchOS\ 10.4,\ tvOS\ 17.4,\ visionOS\ 1.1 -enable-experimental-feature AvailabilityMacro\=SwiftStdlib\ 6.0:\ macOS\ 15.0,\ iOS\ 18.0,\ watchOS\ 11.0,\ tvOS\ 18.0,\ visionOS\ 2.0 -enable-experimental-feature AvailabilityMacro\=SwiftStdlib\ 6.1:\ macOS\ 15.4,\ iOS\ 18.4,\ watchOS\ 11.4,\ tvOS\ 18.4,\ visionOS\ 2.4 -enable-experimental-feature AvailabilityMacro\=SwiftStdlib\ 6.2:\ macOS\ 26.0,\ iOS\ 26.0,\ watchOS\ 26.0,\ tvOS\ 26.0,\ visionOS\ 26.0 -enable-upcoming-feature MemberImportVisibility -enable-experimental-feature BuiltinModule -enable-experimental-feature Lifetimes -enable-experimental-feature InoutLifetimeDependence -enable-experimental-feature SuppressedAssociatedTypes -plugin-path /Applications/Xcode.app/Contents/Developer/Toolchains/XcodeDefault.xctoolchain/usr/lib/swift/host/plugins/testing -enable-experimental-feature DebugDescriptionMacro -sdk /Applications/Xcode.app/Contents/Developer/Platforms/iPhoneSimulator.platform/Developer/SDKs/iPhoneSimulator26.4.sdk -target arm64-apple-ios12.0-simulator -g -module-cache-path /Users/aadityasingh/Library/Developer/Xcode/DerivedData/ModuleCache.noindex -Xfrontend -serialize-debugging-options -profile-coverage-mapping -profile-generate -enable-testing -suppress-warnings -index-store-path /Users/aadityasingh/Library/Developer/Xcode/DerivedData/Chatlio-erkyzdeecsohoaggpwbjdvavzqfv/Index.noindex/DataStore -Xcc -D_LIBCPP_HARDENING_MODE\=_LIBCPP_HARDENING_MODE_DEBUG -swift-version 6 -I /Users/aadityasingh/Library/Developer/Xcode/DerivedData/Chatlio-erkyzdeecsohoaggpwbjdvavzqfv/Build/Products/Debug-iphonesimulator -Isystem /Applications/Xcode.app/Contents/Developer/Platforms/iPhoneSimulator.platform/Developer/usr/lib -F /Users/aadityasingh/Library/Developer/Xcode/DerivedData/Chatlio-erkyzdeecsohoaggpwbjdvavzqfv/Build/Products/Debug-iphonesimulator/PackageFrameworks -F /Users/aadityasingh/Library/Developer/Xcode/DerivedData/Chatlio-erkyzdeecsohoaggpwbjdvavzqfv/Build/Products/Debug-iphonesimulator -F /Applications/Xcode.app/Contents/Developer/Platforms/iPhoneSimulator.platform/Developer/Library/Frameworks -F /Applications/Xcode.app/Contents/Developer/Platforms/iPhoneSimulator.platform/Developer/SDKs/iPhoneSimulator26.4.sdk/Developer/Library/Frameworks -c -j12 -enable-batch-mode -incremental -Xcc -ivfsstatcache -Xcc /Users/aadityasingh/Library/Developer/Xcode/DerivedData/SDKStatCaches.noindex/iphonesimulator26.4-23E252-686eebb5dc1d8ecb277353a59184f4aa.sdkstatcache -output-file-map /Users/aadityasingh/Library/Developer/Xcode/DerivedData/Chatlio-erkyzdeecsohoaggpwbjdvavzqfv/Build/Intermediates.noindex/swift-collections.build/Debug-iphonesimulator/HashTreeCollections.build/Objects-normal/arm64/HashTreeCollections-OutputFileMap.json -use-frontend-parseable-output -save-temps -no-color-diagnostics -explicit-module-build -module-cache-path /Users/aadityasingh/Library/Developer/Xcode/DerivedData/Chatlio-erkyzdeecsohoaggpwbjdvavzqfv/Build/Intermediates.noindex/SwiftExplicitPrecompiledModules -clang-scanner-module-cache-path /Users/aadityasingh/Library/Developer/Xcode/DerivedData/ModuleCache.noindex -sdk-module-cache-path /Users/aadityasingh/Library/Developer/Xcode/DerivedData/ModuleCache.noindex -serialize-diagnostics -emit-dependencies -emit-module -emit-module-path /Users/aadityasingh/Library/Developer/Xcode/DerivedData/Chatlio-erkyzdeecsohoaggpwbjdvavzqfv/Build/Intermediates.noindex/swift-collections.build/Debug-iphonesimulator/HashTreeCollections.build/Objects-normal/arm64/HashTreeCollections.swiftmodule -user-module-version 1.3.0 -validate-clang-modules-once -clang-build-session-file /Users/aadityasingh/Library/Developer/Xcode/DerivedData/ModuleCache.noindex/Session.modulevalidation -package-name swift_collections -Xcc -I/Users/aadityasingh/Library/Developer/Xcode/DerivedData/Chatlio-erkyzdeecsohoaggpwbjdvavzqfv/Build/Intermediates.noindex/swift-collections.build/Debug-iphonesimulator/HashTreeCollections.build/swift-overrides.hmap -emit-const-values -Xfrontend -const-gather-protocols-file -Xfrontend /Users/aadityasingh/Library/Developer/Xcode/DerivedData/Chatlio-erkyzdeecsohoaggpwbjdvavzqfv/Build/Intermediates.noindex/swift-collections.build/Debug-iphonesimulator/HashTreeCollections.build/Objects-normal/arm64/HashTreeCollections_const_extract_protocols.json -Xcc -I/Users/aadityasingh/Library/Developer/Xcode/DerivedData/Chatlio-erkyzdeecsohoaggpwbjdvavzqfv/Build/Products/Debug-iphonesimulator/include -Xcc -I/Users/aadityasingh/Library/Developer/Xcode/DerivedData/Chatlio-erkyzdeecsohoaggpwbjdvavzqfv/Build/Intermediates.noindex/swift-collections.build/Debug-iphonesimulator/HashTreeCollections.build/DerivedSources-normal/arm64 -Xcc -I/Users/aadityasingh/Library/Developer/Xcode/DerivedData/Chatlio-erkyzdeecsohoaggpwbjdvavzqfv/Build/Intermediates.noindex/swift-collections.build/Debug-iphonesimulator/HashTreeCollections.build/DerivedSources/arm64 -Xcc -I/Users/aadityasingh/Library/Developer/Xcode/DerivedData/Chatlio-erkyzdeecsohoaggpwbjdvavzqfv/Build/Intermediates.noindex/swift-collections.build/Debug-iphonesimulator/HashTreeCollections.build/DerivedSources -Xcc -DSWIFT_PACKAGE -Xcc -DDEBUG\=1 -emit-objc-header -emit-objc-header-path /Users/aadityasingh/Library/Developer/Xcode/DerivedData/Chatlio-erkyzdeecsohoaggpwbjdvavzqfv/Build/Intermediates.noindex/swift-collections.build/Debug-iphonesimulator/HashTreeCollections.build/Objects-normal/arm64/HashTreeCollections-Swift.h -working-directory /Users/aadityasingh/Documents/Development/element-x-ios/Chatlio.xcodeproj -experimental-emit-module-separately -disable-cmo

SwiftDriverJobDiscovery normal arm64 Compiling NSRange.swift, PatternKey.swift (in target 'WysiwygComposer' from project 'WysiwygComposer')

Copy /Users/aadityasingh/Library/Developer/Xcode/DerivedData/Chatlio-erkyzdeecsohoaggpwbjdvavzqfv/Build/Products/Debug-iphonesimulator/HashTreeCollections.swiftmodule/arm64-apple-ios-simulator.swiftmodule /Users/aadityasingh/Library/Developer/Xcode/DerivedData/Chatlio-erkyzdeecsohoaggpwbjdvavzqfv/Build/Intermediates.noindex/swift-collections.build/Debug-iphonesimulator/HashTreeCollections.build/Objects-normal/arm64/HashTreeCollections.swiftmodule (in target 'HashTreeCollections' from project 'swift-collections')
    cd /Users/aadityasingh/Library/Developer/Xcode/DerivedData/Chatlio-erkyzdeecsohoaggpwbjdvavzqfv/SourcePackages/checkouts/swift-collections
    builtin-copy -exclude .DS_Store -exclude CVS -exclude .svn -exclude .git -exclude .hg -resolve-src-symlinks -rename /Users/aadityasingh/Library/Developer/Xcode/DerivedData/Chatlio-erkyzdeecsohoaggpwbjdvavzqfv/Build/Intermediates.noindex/swift-collections.build/Debug-iphonesimulator/HashTreeCollections.build/Objects-normal/arm64/HashTreeCollections.swiftmodule /Users/aadityasingh/Library/Developer/Xcode/DerivedData/Chatlio-erkyzdeecsohoaggpwbjdvavzqfv/Build/Products/Debug-iphonesimulator/HashTreeCollections.swiftmodule/arm64-apple-ios-simulator.swiftmodule

Copy /Users/aadityasingh/Library/Developer/Xcode/DerivedData/Chatlio-erkyzdeecsohoaggpwbjdvavzqfv/Build/Products/Debug-iphonesimulator/HashTreeCollections.swiftmodule/arm64-apple-ios-simulator.swiftdoc /Users/aadityasingh/Library/Developer/Xcode/DerivedData/Chatlio-erkyzdeecsohoaggpwbjdvavzqfv/Build/Intermediates.noindex/swift-collections.build/Debug-iphonesimulator/HashTreeCollections.build/Objects-normal/arm64/HashTreeCollections.swiftdoc (in target 'HashTreeCollections' from project 'swift-collections')
    cd /Users/aadityasingh/Library/Developer/Xcode/DerivedData/Chatlio-erkyzdeecsohoaggpwbjdvavzqfv/SourcePackages/checkouts/swift-collections
    builtin-copy -exclude .DS_Store -exclude CVS -exclude .svn -exclude .git -exclude .hg -resolve-src-symlinks -rename /Users/aadityasingh/Library/Developer/Xcode/DerivedData/Chatlio-erkyzdeecsohoaggpwbjdvavzqfv/Build/Intermediates.noindex/swift-collections.build/Debug-iphonesimulator/HashTreeCollections.build/Objects-normal/arm64/HashTreeCollections.swiftdoc /Users/aadityasingh/Library/Developer/Xcode/DerivedData/Chatlio-erkyzdeecsohoaggpwbjdvavzqfv/Build/Products/Debug-iphonesimulator/HashTreeCollections.swiftmodule/arm64-apple-ios-simulator.swiftdoc

Copy /Users/aadityasingh/Library/Developer/Xcode/DerivedData/Chatlio-erkyzdeecsohoaggpwbjdvavzqfv/Build/Products/Debug-iphonesimulator/HashTreeCollections.swiftmodule/arm64-apple-ios-simulator.abi.json /Users/aadityasingh/Library/Developer/Xcode/DerivedData/Chatlio-erkyzdeecsohoaggpwbjdvavzqfv/Build/Intermediates.noindex/swift-collections.build/Debug-iphonesimulator/HashTreeCollections.build/Objects-normal/arm64/HashTreeCollections.abi.json (in target 'HashTreeCollections' from project 'swift-collections')
    cd /Users/aadityasingh/Library/Developer/Xcode/DerivedData/Chatlio-erkyzdeecsohoaggpwbjdvavzqfv/SourcePackages/checkouts/swift-collections
    builtin-copy -exclude .DS_Store -exclude CVS -exclude .svn -exclude .git -exclude .hg -resolve-src-symlinks -rename /Users/aadityasingh/Library/Developer/Xcode/DerivedData/Chatlio-erkyzdeecsohoaggpwbjdvavzqfv/Build/Intermediates.noindex/swift-collections.build/Debug-iphonesimulator/HashTreeCollections.build/Objects-normal/arm64/HashTreeCollections.abi.json /Users/aadityasingh/Library/Developer/Xcode/DerivedData/Chatlio-erkyzdeecsohoaggpwbjdvavzqfv/Build/Products/Debug-iphonesimulator/HashTreeCollections.swiftmodule/arm64-apple-ios-simulator.abi.json

Copy /Users/aadityasingh/Library/Developer/Xcode/DerivedData/Chatlio-erkyzdeecsohoaggpwbjdvavzqfv/Build/Products/Debug-iphonesimulator/HashTreeCollections.swiftmodule/Project/arm64-apple-ios-simulator.swiftsourceinfo /Users/aadityasingh/Library/Developer/Xcode/DerivedData/Chatlio-erkyzdeecsohoaggpwbjdvavzqfv/Build/Intermediates.noindex/swift-collections.build/Debug-iphonesimulator/HashTreeCollections.build/Objects-normal/arm64/HashTreeCollections.swiftsourceinfo (in target 'HashTreeCollections' from project 'swift-collections')
    cd /Users/aadityasingh/Library/Developer/Xcode/DerivedData/Chatlio-erkyzdeecsohoaggpwbjdvavzqfv/SourcePackages/checkouts/swift-collections
    builtin-copy -exclude .DS_Store -exclude CVS -exclude .svn -exclude .git -exclude .hg -resolve-src-symlinks -rename /Users/aadityasingh/Library/Developer/Xcode/DerivedData/Chatlio-erkyzdeecsohoaggpwbjdvavzqfv/Build/Intermediates.noindex/swift-collections.build/Debug-iphonesimulator/HashTreeCollections.build/Objects-normal/arm64/HashTreeCollections.swiftsourceinfo /Users/aadityasingh/Library/Developer/Xcode/DerivedData/Chatlio-erkyzdeecsohoaggpwbjdvavzqfv/Build/Products/Debug-iphonesimulator/HashTreeCollections.swiftmodule/Project/arm64-apple-ios-simulator.swiftsourceinfo

SwiftCompile normal arm64 Compiling\ Attribute.swift,\ Attributes.swift,\ BinarySearch.swift,\ BooleanAttribute.swift,\ CharacterExt.swift /Users/aadityasingh/Library/Developer/Xcode/DerivedData/Chatlio-erkyzdeecsohoaggpwbjdvavzqfv/SourcePackages/checkouts/SwiftSoup/Sources/Attribute.swift /Users/aadityasingh/Library/Developer/Xcode/DerivedData/Chatlio-erkyzdeecsohoaggpwbjdvavzqfv/SourcePackages/checkouts/SwiftSoup/Sources/Attributes.swift /Users/aadityasingh/Library/Developer/Xcode/DerivedData/Chatlio-erkyzdeecsohoaggpwbjdvavzqfv/SourcePackages/checkouts/SwiftSoup/Sources/BinarySearch.swift /Users/aadityasingh/Library/Developer/Xcode/DerivedData/Chatlio-erkyzdeecsohoaggpwbjdvavzqfv/SourcePackages/checkouts/SwiftSoup/Sources/BooleanAttribute.swift /Users/aadityasingh/Library/Developer/Xcode/DerivedData/Chatlio-erkyzdeecsohoaggpwbjdvavzqfv/SourcePackages/checkouts/SwiftSoup/Sources/CharacterExt.swift (in target 'SwiftSoup' from project 'SwiftSoup')

SwiftCompile normal arm64 /Users/aadityasingh/Library/Developer/Xcode/DerivedData/Chatlio-erkyzdeecsohoaggpwbjdvavzqfv/SourcePackages/checkouts/SwiftSoup/Sources/Attribute.swift (in target 'SwiftSoup' from project 'SwiftSoup')
    cd /Users/aadityasingh/Documents/Development/element-x-ios/Chatlio.xcodeproj
    

SwiftCompile normal arm64 /Users/aadityasingh/Library/Developer/Xcode/DerivedData/Chatlio-erkyzdeecsohoaggpwbjdvavzqfv/SourcePackages/checkouts/SwiftSoup/Sources/Attributes.swift (in target 'SwiftSoup' from project 'SwiftSoup')
    cd /Users/aadityasingh/Documents/Development/element-x-ios/Chatlio.xcodeproj
    

SwiftCompile normal arm64 /Users/aadityasingh/Library/Developer/Xcode/DerivedData/Chatlio-erkyzdeecsohoaggpwbjdvavzqfv/SourcePackages/checkouts/SwiftSoup/Sources/BinarySearch.swift (in target 'SwiftSoup' from project 'SwiftSoup')
    cd /Users/aadityasingh/Documents/Development/element-x-ios/Chatlio.xcodeproj
    

SwiftCompile normal arm64 /Users/aadityasingh/Library/Developer/Xcode/DerivedData/Chatlio-erkyzdeecsohoaggpwbjdvavzqfv/SourcePackages/checkouts/SwiftSoup/Sources/BooleanAttribute.swift (in target 'SwiftSoup' from project 'SwiftSoup')
    cd /Users/aadityasingh/Documents/Development/element-x-ios/Chatlio.xcodeproj
    

SwiftCompile normal arm64 /Users/aadityasingh/Library/Developer/Xcode/DerivedData/Chatlio-erkyzdeecsohoaggpwbjdvavzqfv/SourcePackages/checkouts/SwiftSoup/Sources/CharacterExt.swift (in target 'SwiftSoup' from project 'SwiftSoup')
    cd /Users/aadityasingh/Documents/Development/element-x-ios/Chatlio.xcodeproj
    

SwiftCompile normal x86_64 Compiling\ Elements.swift,\ Entities.swift,\ Evaluator.swift,\ Exception.swift,\ FormElement.swift /Users/aadityasingh/Library/Developer/Xcode/DerivedData/Chatlio-erkyzdeecsohoaggpwbjdvavzqfv/SourcePackages/checkouts/SwiftSoup/Sources/Elements.swift /Users/aadityasingh/Library/Developer/Xcode/DerivedData/Chatlio-erkyzdeecsohoaggpwbjdvavzqfv/SourcePackages/checkouts/SwiftSoup/Sources/Entities.swift /Users/aadityasingh/Library/Developer/Xcode/DerivedData/Chatlio-erkyzdeecsohoaggpwbjdvavzqfv/SourcePackages/checkouts/SwiftSoup/Sources/Evaluator.swift /Users/aadityasingh/Library/Developer/Xcode/DerivedData/Chatlio-erkyzdeecsohoaggpwbjdvavzqfv/SourcePackages/checkouts/SwiftSoup/Sources/Exception.swift /Users/aadityasingh/Library/Developer/Xcode/DerivedData/Chatlio-erkyzdeecsohoaggpwbjdvavzqfv/SourcePackages/checkouts/SwiftSoup/Sources/FormElement.swift (in target 'SwiftSoup' from project 'SwiftSoup')

SwiftCompile normal x86_64 /Users/aadityasingh/Library/Developer/Xcode/DerivedData/Chatlio-erkyzdeecsohoaggpwbjdvavzqfv/SourcePackages/checkouts/SwiftSoup/Sources/Elements.swift (in target 'SwiftSoup' from project 'SwiftSoup')
    cd /Users/aadityasingh/Documents/Development/element-x-ios/Chatlio.xcodeproj
    

SwiftCompile normal x86_64 /Users/aadityasingh/Library/Developer/Xcode/DerivedData/Chatlio-erkyzdeecsohoaggpwbjdvavzqfv/SourcePackages/checkouts/SwiftSoup/Sources/Entities.swift (in target 'SwiftSoup' from project 'SwiftSoup')
    cd /Users/aadityasingh/Documents/Development/element-x-ios/Chatlio.xcodeproj
    

SwiftCompile normal x86_64 /Users/aadityasingh/Library/Developer/Xcode/DerivedData/Chatlio-erkyzdeecsohoaggpwbjdvavzqfv/SourcePackages/checkouts/SwiftSoup/Sources/Evaluator.swift (in target 'SwiftSoup' from project 'SwiftSoup')
    cd /Users/aadityasingh/Documents/Development/element-x-ios/Chatlio.xcodeproj
    

SwiftCompile normal x86_64 /Users/aadityasingh/Library/Developer/Xcode/DerivedData/Chatlio-erkyzdeecsohoaggpwbjdvavzqfv/SourcePackages/checkouts/SwiftSoup/Sources/Exception.swift (in target 'SwiftSoup' from project 'SwiftSoup')
    cd /Users/aadityasingh/Documents/Development/element-x-ios/Chatlio.xcodeproj
    

SwiftCompile normal x86_64 /Users/aadityasingh/Library/Developer/Xcode/DerivedData/Chatlio-erkyzdeecsohoaggpwbjdvavzqfv/SourcePackages/checkouts/SwiftSoup/Sources/FormElement.swift (in target 'SwiftSoup' from project 'SwiftSoup')
    cd /Users/aadityasingh/Documents/Development/element-x-ios/Chatlio.xcodeproj
    

SwiftDriverJobDiscovery normal x86_64 Emitting module for HashTreeCollections (in target 'HashTreeCollections' from project 'swift-collections')

SwiftDriver\ Compilation\ Requirements HashTreeCollections normal x86_64 com.apple.xcode.tools.swift.compiler (in target 'HashTreeCollections' from project 'swift-collections')
    cd /Users/aadityasingh/Documents/Development/element-x-ios/Chatlio.xcodeproj
    builtin-Swift-Compilation-Requirements -- /Applications/Xcode.app/Contents/Developer/Toolchains/XcodeDefault.xctoolchain/usr/bin/swiftc -module-name HashTreeCollections -Onone @/Users/aadityasingh/Library/Developer/Xcode/DerivedData/Chatlio-erkyzdeecsohoaggpwbjdvavzqfv/Build/Intermediates.noindex/swift-collections.build/Debug-iphonesimulator/HashTreeCollections.build/Objects-normal/x86_64/HashTreeCollections.SwiftFileList -DSWIFT_PACKAGE -DDEBUG -DSWIFT_MODULE_RESOURCE_BUNDLE_UNAVAILABLE -DCOLLECTIONS_RANDOMIZED_TESTING -DXcode -enable-experimental-feature AvailabilityMacro\=SwiftStdlib\ 5.0:\ macOS\ 10.14.4,\ iOS\ 12.2,\ watchOS\ 5.2,\ tvOS\ 12.2 -enable-experimental-feature AvailabilityMacro\=SwiftStdlib\ 5.1:\ macOS\ 10.15,\ iOS\ 13.0,\ watchOS\ 6.0,\ tvOS\ 13.0 -enable-experimental-feature AvailabilityMacro\=SwiftStdlib\ 5.6:\ macOS\ 12.3,\ iOS\ 15.4,\ watchOS\ 8.5,\ tvOS\ 15.4 -enable-experimental-feature AvailabilityMacro\=SwiftStdlib\ 5.8:\ macOS\ 13.3,\ iOS\ 16.4,\ watchOS\ 9.4,\ tvOS\ 16.4 -enable-experimental-feature AvailabilityMacro\=SwiftStdlib\ 5.9:\ macOS\ 14.0,\ iOS\ 17.0,\ watchOS\ 10.0,\ tvOS\ 17.0 -enable-experimental-feature AvailabilityMacro\=SwiftStdlib\ 5.10:\ macOS\ 14.4,\ iOS\ 17.4,\ watchOS\ 10.4,\ tvOS\ 17.4,\ visionOS\ 1.1 -enable-experimental-feature AvailabilityMacro\=SwiftStdlib\ 6.0:\ macOS\ 15.0,\ iOS\ 18.0,\ watchOS\ 11.0,\ tvOS\ 18.0,\ visionOS\ 2.0 -enable-experimental-feature AvailabilityMacro\=SwiftStdlib\ 6.1:\ macOS\ 15.4,\ iOS\ 18.4,\ watchOS\ 11.4,\ tvOS\ 18.4,\ visionOS\ 2.4 -enable-experimental-feature AvailabilityMacro\=SwiftStdlib\ 6.2:\ macOS\ 26.0,\ iOS\ 26.0,\ watchOS\ 26.0,\ tvOS\ 26.0,\ visionOS\ 26.0 -enable-upcoming-feature MemberImportVisibility -enable-experimental-feature BuiltinModule -enable-experimental-feature Lifetimes -enable-experimental-feature InoutLifetimeDependence -enable-experimental-feature SuppressedAssociatedTypes -plugin-path /Applications/Xcode.app/Contents/Developer/Toolchains/XcodeDefault.xctoolchain/usr/lib/swift/host/plugins/testing -enable-experimental-feature DebugDescriptionMacro -sdk /Applications/Xcode.app/Contents/Developer/Platforms/iPhoneSimulator.platform/Developer/SDKs/iPhoneSimulator26.4.sdk -target x86_64-apple-ios12.0-simulator -g -module-cache-path /Users/aadityasingh/Library/Developer/Xcode/DerivedData/ModuleCache.noindex -Xfrontend -serialize-debugging-options -profile-coverage-mapping -profile-generate -enable-testing -suppress-warnings -index-store-path /Users/aadityasingh/Library/Developer/Xcode/DerivedData/Chatlio-erkyzdeecsohoaggpwbjdvavzqfv/Index.noindex/DataStore -Xcc -D_LIBCPP_HARDENING_MODE\=_LIBCPP_HARDENING_MODE_DEBUG -swift-version 6 -I /Users/aadityasingh/Library/Developer/Xcode/DerivedData/Chatlio-erkyzdeecsohoaggpwbjdvavzqfv/Build/Products/Debug-iphonesimulator -Isystem /Applications/Xcode.app/Contents/Developer/Platforms/iPhoneSimulator.platform/Developer/usr/lib -F /Users/aadityasingh/Library/Developer/Xcode/DerivedData/Chatlio-erkyzdeecsohoaggpwbjdvavzqfv/Build/Products/Debug-iphonesimulator/PackageFrameworks -F /Users/aadityasingh/Library/Developer/Xcode/DerivedData/Chatlio-erkyzdeecsohoaggpwbjdvavzqfv/Build/Products/Debug-iphonesimulator -F /Applications/Xcode.app/Contents/Developer/Platforms/iPhoneSimulator.platform/Developer/Library/Frameworks -F /Applications/Xcode.app/Contents/Developer/Platforms/iPhoneSimulator.platform/Developer/SDKs/iPhoneSimulator26.4.sdk/Developer/Library/Frameworks -c -j12 -enable-batch-mode -incremental -Xcc -ivfsstatcache -Xcc /Users/aadityasingh/Library/Developer/Xcode/DerivedData/SDKStatCaches.noindex/iphonesimulator26.4-23E252-686eebb5dc1d8ecb277353a59184f4aa.sdkstatcache -output-file-map /Users/aadityasingh/Library/Developer/Xcode/DerivedData/Chatlio-erkyzdeecsohoaggpwbjdvavzqfv/Build/Intermediates.noindex/swift-collections.build/Debug-iphonesimulator/HashTreeCollections.build/Objects-normal/x86_64/HashTreeCollections-OutputFileMap.json -use-frontend-parseable-output -save-temps -no-color-diagnostics -explicit-module-build -module-cache-path /Users/aadityasingh/Library/Developer/Xcode/DerivedData/Chatlio-erkyzdeecsohoaggpwbjdvavzqfv/Build/Intermediates.noindex/SwiftExplicitPrecompiledModules -clang-scanner-module-cache-path /Users/aadityasingh/Library/Developer/Xcode/DerivedData/ModuleCache.noindex -sdk-module-cache-path /Users/aadityasingh/Library/Developer/Xcode/DerivedData/ModuleCache.noindex -serialize-diagnostics -emit-dependencies -emit-module -emit-module-path /Users/aadityasingh/Library/Developer/Xcode/DerivedData/Chatlio-erkyzdeecsohoaggpwbjdvavzqfv/Build/Intermediates.noindex/swift-collections.build/Debug-iphonesimulator/HashTreeCollections.build/Objects-normal/x86_64/HashTreeCollections.swiftmodule -user-module-version 1.3.0 -validate-clang-modules-once -clang-build-session-file /Users/aadityasingh/Library/Developer/Xcode/DerivedData/ModuleCache.noindex/Session.modulevalidation -package-name swift_collections -Xcc -I/Users/aadityasingh/Library/Developer/Xcode/DerivedData/Chatlio-erkyzdeecsohoaggpwbjdvavzqfv/Build/Intermediates.noindex/swift-collections.build/Debug-iphonesimulator/HashTreeCollections.build/swift-overrides.hmap -emit-const-values -Xfrontend -const-gather-protocols-file -Xfrontend /Users/aadityasingh/Library/Developer/Xcode/DerivedData/Chatlio-erkyzdeecsohoaggpwbjdvavzqfv/Build/Intermediates.noindex/swift-collections.build/Debug-iphonesimulator/HashTreeCollections.build/Objects-normal/x86_64/HashTreeCollections_const_extract_protocols.json -Xcc -I/Users/aadityasingh/Library/Developer/Xcode/DerivedData/Chatlio-erkyzdeecsohoaggpwbjdvavzqfv/Build/Products/Debug-iphonesimulator/include -Xcc -I/Users/aadityasingh/Library/Developer/Xcode/DerivedData/Chatlio-erkyzdeecsohoaggpwbjdvavzqfv/Build/Intermediates.noindex/swift-collections.build/Debug-iphonesimulator/HashTreeCollections.build/DerivedSources-normal/x86_64 -Xcc -I/Users/aadityasingh/Library/Developer/Xcode/DerivedData/Chatlio-erkyzdeecsohoaggpwbjdvavzqfv/Build/Intermediates.noindex/swift-collections.build/Debug-iphonesimulator/HashTreeCollections.build/DerivedSources/x86_64 -Xcc -I/Users/aadityasingh/Library/Developer/Xcode/DerivedData/Chatlio-erkyzdeecsohoaggpwbjdvavzqfv/Build/Intermediates.noindex/swift-collections.build/Debug-iphonesimulator/HashTreeCollections.build/DerivedSources -Xcc -DSWIFT_PACKAGE -Xcc -DDEBUG\=1 -emit-objc-header -emit-objc-header-path /Users/aadityasingh/Library/Developer/Xcode/DerivedData/Chatlio-erkyzdeecsohoaggpwbjdvavzqfv/Build/Intermediates.noindex/swift-collections.build/Debug-iphonesimulator/HashTreeCollections.build/Objects-normal/x86_64/HashTreeCollections-Swift.h -working-directory /Users/aadityasingh/Documents/Development/element-x-ios/Chatlio.xcodeproj -experimental-emit-module-separately -disable-cmo

SwiftDriverJobDiscovery normal arm64 Compiling MentionReplacer.swift (in target 'WysiwygComposer' from project 'WysiwygComposer')

SwiftCompile normal arm64 Compiling\ QueryParserCache.swift,\ StreamReader.swift,\ String.swift,\ StringBuilder.swift /Users/aadityasingh/Library/Developer/Xcode/DerivedData/Chatlio-erkyzdeecsohoaggpwbjdvavzqfv/SourcePackages/checkouts/SwiftSoup/Sources/QueryParserCache.swift /Users/aadityasingh/Library/Developer/Xcode/DerivedData/Chatlio-erkyzdeecsohoaggpwbjdvavzqfv/SourcePackages/checkouts/SwiftSoup/Sources/StreamReader.swift /Users/aadityasingh/Library/Developer/Xcode/DerivedData/Chatlio-erkyzdeecsohoaggpwbjdvavzqfv/SourcePackages/checkouts/SwiftSoup/Sources/String.swift /Users/aadityasingh/Library/Developer/Xcode/DerivedData/Chatlio-erkyzdeecsohoaggpwbjdvavzqfv/SourcePackages/checkouts/SwiftSoup/Sources/StringBuilder.swift (in target 'SwiftSoup' from project 'SwiftSoup')

SwiftCompile normal arm64 /Users/aadityasingh/Library/Developer/Xcode/DerivedData/Chatlio-erkyzdeecsohoaggpwbjdvavzqfv/SourcePackages/checkouts/SwiftSoup/Sources/QueryParserCache.swift (in target 'SwiftSoup' from project 'SwiftSoup')
    cd /Users/aadityasingh/Documents/Development/element-x-ios/Chatlio.xcodeproj
    

SwiftCompile normal arm64 /Users/aadityasingh/Library/Developer/Xcode/DerivedData/Chatlio-erkyzdeecsohoaggpwbjdvavzqfv/SourcePackages/checkouts/SwiftSoup/Sources/StreamReader.swift (in target 'SwiftSoup' from project 'SwiftSoup')
    cd /Users/aadityasingh/Documents/Development/element-x-ios/Chatlio.xcodeproj
    

SwiftCompile normal arm64 /Users/aadityasingh/Library/Developer/Xcode/DerivedData/Chatlio-erkyzdeecsohoaggpwbjdvavzqfv/SourcePackages/checkouts/SwiftSoup/Sources/String.swift (in target 'SwiftSoup' from project 'SwiftSoup')
    cd /Users/aadityasingh/Documents/Development/element-x-ios/Chatlio.xcodeproj
    

SwiftCompile normal arm64 /Users/aadityasingh/Library/Developer/Xcode/DerivedData/Chatlio-erkyzdeecsohoaggpwbjdvavzqfv/SourcePackages/checkouts/SwiftSoup/Sources/StringBuilder.swift (in target 'SwiftSoup' from project 'SwiftSoup')
    cd /Users/aadityasingh/Documents/Development/element-x-ios/Chatlio.xcodeproj
    

SwiftCompile normal arm64 Compiling\ CharacterReader.swift,\ Cleaner.swift,\ Collector.swift,\ CombiningEvaluator.swift,\ Comment.swift /Users/aadityasingh/Library/Developer/Xcode/DerivedData/Chatlio-erkyzdeecsohoaggpwbjdvavzqfv/SourcePackages/checkouts/SwiftSoup/Sources/CharacterReader.swift /Users/aadityasingh/Library/Developer/Xcode/DerivedData/Chatlio-erkyzdeecsohoaggpwbjdvavzqfv/SourcePackages/checkouts/SwiftSoup/Sources/Cleaner.swift /Users/aadityasingh/Library/Developer/Xcode/DerivedData/Chatlio-erkyzdeecsohoaggpwbjdvavzqfv/SourcePackages/checkouts/SwiftSoup/Sources/Collector.swift /Users/aadityasingh/Library/Developer/Xcode/DerivedData/Chatlio-erkyzdeecsohoaggpwbjdvavzqfv/SourcePackages/checkouts/SwiftSoup/Sources/CombiningEvaluator.swift /Users/aadityasingh/Library/Developer/Xcode/DerivedData/Chatlio-erkyzdeecsohoaggpwbjdvavzqfv/SourcePackages/checkouts/SwiftSoup/Sources/Comment.swift (in target 'SwiftSoup' from project 'SwiftSoup')

SwiftCompile normal arm64 /Users/aadityasingh/Library/Developer/Xcode/DerivedData/Chatlio-erkyzdeecsohoaggpwbjdvavzqfv/SourcePackages/checkouts/SwiftSoup/Sources/CharacterReader.swift (in target 'SwiftSoup' from project 'SwiftSoup')
    cd /Users/aadityasingh/Documents/Development/element-x-ios/Chatlio.xcodeproj
    

SwiftCompile normal arm64 /Users/aadityasingh/Library/Developer/Xcode/DerivedData/Chatlio-erkyzdeecsohoaggpwbjdvavzqfv/SourcePackages/checkouts/SwiftSoup/Sources/Cleaner.swift (in target 'SwiftSoup' from project 'SwiftSoup')
    cd /Users/aadityasingh/Documents/Development/element-x-ios/Chatlio.xcodeproj
    

SwiftCompile normal arm64 /Users/aadityasingh/Library/Developer/Xcode/DerivedData/Chatlio-erkyzdeecsohoaggpwbjdvavzqfv/SourcePackages/checkouts/SwiftSoup/Sources/Collector.swift (in target 'SwiftSoup' from project 'SwiftSoup')
    cd /Users/aadityasingh/Documents/Development/element-x-ios/Chatlio.xcodeproj
    

SwiftCompile normal arm64 /Users/aadityasingh/Library/Developer/Xcode/DerivedData/Chatlio-erkyzdeecsohoaggpwbjdvavzqfv/SourcePackages/checkouts/SwiftSoup/Sources/CombiningEvaluator.swift (in target 'SwiftSoup' from project 'SwiftSoup')
    cd /Users/aadityasingh/Documents/Development/element-x-ios/Chatlio.xcodeproj
    

SwiftCompile normal arm64 /Users/aadityasingh/Library/Developer/Xcode/DerivedData/Chatlio-erkyzdeecsohoaggpwbjdvavzqfv/SourcePackages/checkouts/SwiftSoup/Sources/Comment.swift (in target 'SwiftSoup' from project 'SwiftSoup')
    cd /Users/aadityasingh/Documents/Development/element-x-ios/Chatlio.xcodeproj
    

SwiftDriverJobDiscovery normal x86_64 Compiling ComposerModelWrapper.swift, WysiwygComposerContent.swift (in target 'WysiwygComposer' from project 'WysiwygComposer')

SwiftMergeGeneratedHeaders /Users/aadityasingh/Library/Developer/Xcode/DerivedData/Chatlio-erkyzdeecsohoaggpwbjdvavzqfv/Build/Intermediates.noindex/GeneratedModuleMaps-iphonesimulator/HashTreeCollections-Swift.h /Users/aadityasingh/Library/Developer/Xcode/DerivedData/Chatlio-erkyzdeecsohoaggpwbjdvavzqfv/Build/Intermediates.noindex/swift-collections.build/Debug-iphonesimulator/HashTreeCollections.build/Objects-normal/arm64/HashTreeCollections-Swift.h /Users/aadityasingh/Library/Developer/Xcode/DerivedData/Chatlio-erkyzdeecsohoaggpwbjdvavzqfv/Build/Intermediates.noindex/swift-collections.build/Debug-iphonesimulator/HashTreeCollections.build/Objects-normal/x86_64/HashTreeCollections-Swift.h (in target 'HashTreeCollections' from project 'swift-collections')
    cd /Users/aadityasingh/Library/Developer/Xcode/DerivedData/Chatlio-erkyzdeecsohoaggpwbjdvavzqfv/SourcePackages/checkouts/swift-collections
    builtin-swiftHeaderTool -arch arm64 /Users/aadityasingh/Library/Developer/Xcode/DerivedData/Chatlio-erkyzdeecsohoaggpwbjdvavzqfv/Build/Intermediates.noindex/swift-collections.build/Debug-iphonesimulator/HashTreeCollections.build/Objects-normal/arm64/HashTreeCollections-Swift.h -arch x86_64 /Users/aadityasingh/Library/Developer/Xcode/DerivedData/Chatlio-erkyzdeecsohoaggpwbjdvavzqfv/Build/Intermediates.noindex/swift-collections.build/Debug-iphonesimulator/HashTreeCollections.build/Objects-normal/x86_64/HashTreeCollections-Swift.h -o /Users/aadityasingh/Library/Developer/Xcode/DerivedData/Chatlio-erkyzdeecsohoaggpwbjdvavzqfv/Build/Intermediates.noindex/GeneratedModuleMaps-iphonesimulator/HashTreeCollections-Swift.h

SwiftDriverJobDiscovery normal x86_64 Compiling ComposerModel.swift, Logger.swift (in target 'WysiwygComposer' from project 'WysiwygComposer')

Copy /Users/aadityasingh/Library/Developer/Xcode/DerivedData/Chatlio-erkyzdeecsohoaggpwbjdvavzqfv/Build/Products/Debug-iphonesimulator/HashTreeCollections.swiftmodule/x86_64-apple-ios-simulator.swiftmodule /Users/aadityasingh/Library/Developer/Xcode/DerivedData/Chatlio-erkyzdeecsohoaggpwbjdvavzqfv/Build/Intermediates.noindex/swift-collections.build/Debug-iphonesimulator/HashTreeCollections.build/Objects-normal/x86_64/HashTreeCollections.swiftmodule (in target 'HashTreeCollections' from project 'swift-collections')
    cd /Users/aadityasingh/Library/Developer/Xcode/DerivedData/Chatlio-erkyzdeecsohoaggpwbjdvavzqfv/SourcePackages/checkouts/swift-collections
    builtin-copy -exclude .DS_Store -exclude CVS -exclude .svn -exclude .git -exclude .hg -resolve-src-symlinks -rename /Users/aadityasingh/Library/Developer/Xcode/DerivedData/Chatlio-erkyzdeecsohoaggpwbjdvavzqfv/Build/Intermediates.noindex/swift-collections.build/Debug-iphonesimulator/HashTreeCollections.build/Objects-normal/x86_64/HashTreeCollections.swiftmodule /Users/aadityasingh/Library/Developer/Xcode/DerivedData/Chatlio-erkyzdeecsohoaggpwbjdvavzqfv/Build/Products/Debug-iphonesimulator/HashTreeCollections.swiftmodule/x86_64-apple-ios-simulator.swiftmodule

Copy /Users/aadityasingh/Library/Developer/Xcode/DerivedData/Chatlio-erkyzdeecsohoaggpwbjdvavzqfv/Build/Products/Debug-iphonesimulator/HashTreeCollections.swiftmodule/x86_64-apple-ios-simulator.swiftdoc /Users/aadityasingh/Library/Developer/Xcode/DerivedData/Chatlio-erkyzdeecsohoaggpwbjdvavzqfv/Build/Intermediates.noindex/swift-collections.build/Debug-iphonesimulator/HashTreeCollections.build/Objects-normal/x86_64/HashTreeCollections.swiftdoc (in target 'HashTreeCollections' from project 'swift-collections')
    cd /Users/aadityasingh/Library/Developer/Xcode/DerivedData/Chatlio-erkyzdeecsohoaggpwbjdvavzqfv/SourcePackages/checkouts/swift-collections
    builtin-copy -exclude .DS_Store -exclude CVS -exclude .svn -exclude .git -exclude .hg -resolve-src-symlinks -rename /Users/aadityasingh/Library/Developer/Xcode/DerivedData/Chatlio-erkyzdeecsohoaggpwbjdvavzqfv/Build/Intermediates.noindex/swift-collections.build/Debug-iphonesimulator/HashTreeCollections.build/Objects-normal/x86_64/HashTreeCollections.swiftdoc /Users/aadityasingh/Library/Developer/Xcode/DerivedData/Chatlio-erkyzdeecsohoaggpwbjdvavzqfv/Build/Products/Debug-iphonesimulator/HashTreeCollections.swiftmodule/x86_64-apple-ios-simulator.swiftdoc

Copy /Users/aadityasingh/Library/Developer/Xcode/DerivedData/Chatlio-erkyzdeecsohoaggpwbjdvavzqfv/Build/Products/Debug-iphonesimulator/HashTreeCollections.swiftmodule/x86_64-apple-ios-simulator.abi.json /Users/aadityasingh/Library/Developer/Xcode/DerivedData/Chatlio-erkyzdeecsohoaggpwbjdvavzqfv/Build/Intermediates.noindex/swift-collections.build/Debug-iphonesimulator/HashTreeCollections.build/Objects-normal/x86_64/HashTreeCollections.abi.json (in target 'HashTreeCollections' from project 'swift-collections')
    cd /Users/aadityasingh/Library/Developer/Xcode/DerivedData/Chatlio-erkyzdeecsohoaggpwbjdvavzqfv/SourcePackages/checkouts/swift-collections
    builtin-copy -exclude .DS_Store -exclude CVS -exclude .svn -exclude .git -exclude .hg -resolve-src-symlinks -rename /Users/aadityasingh/Library/Developer/Xcode/DerivedData/Chatlio-erkyzdeecsohoaggpwbjdvavzqfv/Build/Intermediates.noindex/swift-collections.build/Debug-iphonesimulator/HashTreeCollections.build/Objects-normal/x86_64/HashTreeCollections.abi.json /Users/aadityasingh/Library/Developer/Xcode/DerivedData/Chatlio-erkyzdeecsohoaggpwbjdvavzqfv/Build/Products/Debug-iphonesimulator/HashTreeCollections.swiftmodule/x86_64-apple-ios-simulator.abi.json

Copy /Users/aadityasingh/Library/Developer/Xcode/DerivedData/Chatlio-erkyzdeecsohoaggpwbjdvavzqfv/Build/Products/Debug-iphonesimulator/HashTreeCollections.swiftmodule/Project/x86_64-apple-ios-simulator.swiftsourceinfo /Users/aadityasingh/Library/Developer/Xcode/DerivedData/Chatlio-erkyzdeecsohoaggpwbjdvavzqfv/Build/Intermediates.noindex/swift-collections.build/Debug-iphonesimulator/HashTreeCollections.build/Objects-normal/x86_64/HashTreeCollections.swiftsourceinfo (in target 'HashTreeCollections' from project 'swift-collections')
    cd /Users/aadityasingh/Library/Developer/Xcode/DerivedData/Chatlio-erkyzdeecsohoaggpwbjdvavzqfv/SourcePackages/checkouts/swift-collections
    builtin-copy -exclude .DS_Store -exclude CVS -exclude .svn -exclude .git -exclude .hg -resolve-src-symlinks -rename /Users/aadityasingh/Library/Developer/Xcode/DerivedData/Chatlio-erkyzdeecsohoaggpwbjdvavzqfv/Build/Intermediates.noindex/swift-collections.build/Debug-iphonesimulator/HashTreeCollections.build/Objects-normal/x86_64/HashTreeCollections.swiftsourceinfo /Users/aadityasingh/Library/Developer/Xcode/DerivedData/Chatlio-erkyzdeecsohoaggpwbjdvavzqfv/Build/Products/Debug-iphonesimulator/HashTreeCollections.swiftmodule/Project/x86_64-apple-ios-simulator.swiftsourceinfo

SwiftCompile normal arm64 Compiling\ CssSelector.swift,\ DataNode.swift,\ Document.swift,\ DocumentType.swift,\ Element.swift /Users/aadityasingh/Library/Developer/Xcode/DerivedData/Chatlio-erkyzdeecsohoaggpwbjdvavzqfv/SourcePackages/checkouts/SwiftSoup/Sources/CssSelector.swift /Users/aadityasingh/Library/Developer/Xcode/DerivedData/Chatlio-erkyzdeecsohoaggpwbjdvavzqfv/SourcePackages/checkouts/SwiftSoup/Sources/DataNode.swift /Users/aadityasingh/Library/Developer/Xcode/DerivedData/Chatlio-erkyzdeecsohoaggpwbjdvavzqfv/SourcePackages/checkouts/SwiftSoup/Sources/Document.swift /Users/aadityasingh/Library/Developer/Xcode/DerivedData/Chatlio-erkyzdeecsohoaggpwbjdvavzqfv/SourcePackages/checkouts/SwiftSoup/Sources/DocumentType.swift /Users/aadityasingh/Library/Developer/Xcode/DerivedData/Chatlio-erkyzdeecsohoaggpwbjdvavzqfv/SourcePackages/checkouts/SwiftSoup/Sources/Element.swift (in target 'SwiftSoup' from project 'SwiftSoup')

SwiftCompile normal arm64 /Users/aadityasingh/Library/Developer/Xcode/DerivedData/Chatlio-erkyzdeecsohoaggpwbjdvavzqfv/SourcePackages/checkouts/SwiftSoup/Sources/CssSelector.swift (in target 'SwiftSoup' from project 'SwiftSoup')
    cd /Users/aadityasingh/Documents/Development/element-x-ios/Chatlio.xcodeproj
    

SwiftCompile normal arm64 /Users/aadityasingh/Library/Developer/Xcode/DerivedData/Chatlio-erkyzdeecsohoaggpwbjdvavzqfv/SourcePackages/checkouts/SwiftSoup/Sources/DataNode.swift (in target 'SwiftSoup' from project 'SwiftSoup')
    cd /Users/aadityasingh/Documents/Development/element-x-ios/Chatlio.xcodeproj
    

SwiftCompile normal arm64 /Users/aadityasingh/Library/Developer/Xcode/DerivedData/Chatlio-erkyzdeecsohoaggpwbjdvavzqfv/SourcePackages/checkouts/SwiftSoup/Sources/Document.swift (in target 'SwiftSoup' from project 'SwiftSoup')
    cd /Users/aadityasingh/Documents/Development/element-x-ios/Chatlio.xcodeproj
    

SwiftCompile normal arm64 /Users/aadityasingh/Library/Developer/Xcode/DerivedData/Chatlio-erkyzdeecsohoaggpwbjdvavzqfv/SourcePackages/checkouts/SwiftSoup/Sources/DocumentType.swift (in target 'SwiftSoup' from project 'SwiftSoup')
    cd /Users/aadityasingh/Documents/Development/element-x-ios/Chatlio.xcodeproj
    

SwiftCompile normal arm64 /Users/aadityasingh/Library/Developer/Xcode/DerivedData/Chatlio-erkyzdeecsohoaggpwbjdvavzqfv/SourcePackages/checkouts/SwiftSoup/Sources/Element.swift (in target 'SwiftSoup' from project 'SwiftSoup')
    cd /Users/aadityasingh/Documents/Development/element-x-ios/Chatlio.xcodeproj
    

SwiftCompile normal x86_64 Compiling\ TextNode.swift,\ Token.swift,\ TokenQueue.swift,\ Tokeniser.swift /Users/aadityasingh/Library/Developer/Xcode/DerivedData/Chatlio-erkyzdeecsohoaggpwbjdvavzqfv/SourcePackages/checkouts/SwiftSoup/Sources/TextNode.swift /Users/aadityasingh/Library/Developer/Xcode/DerivedData/Chatlio-erkyzdeecsohoaggpwbjdvavzqfv/SourcePackages/checkouts/SwiftSoup/Sources/Token.swift /Users/aadityasingh/Library/Developer/Xcode/DerivedData/Chatlio-erkyzdeecsohoaggpwbjdvavzqfv/SourcePackages/checkouts/SwiftSoup/Sources/TokenQueue.swift /Users/aadityasingh/Library/Developer/Xcode/DerivedData/Chatlio-erkyzdeecsohoaggpwbjdvavzqfv/SourcePackages/checkouts/SwiftSoup/Sources/Tokeniser.swift (in target 'SwiftSoup' from project 'SwiftSoup')

SwiftCompile normal x86_64 /Users/aadityasingh/Library/Developer/Xcode/DerivedData/Chatlio-erkyzdeecsohoaggpwbjdvavzqfv/SourcePackages/checkouts/SwiftSoup/Sources/TextNode.swift (in target 'SwiftSoup' from project 'SwiftSoup')
    cd /Users/aadityasingh/Documents/Development/element-x-ios/Chatlio.xcodeproj
    

SwiftCompile normal x86_64 /Users/aadityasingh/Library/Developer/Xcode/DerivedData/Chatlio-erkyzdeecsohoaggpwbjdvavzqfv/SourcePackages/checkouts/SwiftSoup/Sources/Token.swift (in target 'SwiftSoup' from project 'SwiftSoup')
    cd /Users/aadityasingh/Documents/Development/element-x-ios/Chatlio.xcodeproj
    

SwiftCompile normal x86_64 /Users/aadityasingh/Library/Developer/Xcode/DerivedData/Chatlio-erkyzdeecsohoaggpwbjdvavzqfv/SourcePackages/checkouts/SwiftSoup/Sources/TokenQueue.swift (in target 'SwiftSoup' from project 'SwiftSoup')
    cd /Users/aadityasingh/Documents/Development/element-x-ios/Chatlio.xcodeproj
    

SwiftCompile normal x86_64 /Users/aadityasingh/Library/Developer/Xcode/DerivedData/Chatlio-erkyzdeecsohoaggpwbjdvavzqfv/SourcePackages/checkouts/SwiftSoup/Sources/Tokeniser.swift (in target 'SwiftSoup' from project 'SwiftSoup')
    cd /Users/aadityasingh/Documents/Development/element-x-ios/Chatlio.xcodeproj
    

SwiftDriverJobDiscovery normal arm64 Compiling ComposerModel.swift, Logger.swift (in target 'WysiwygComposer' from project 'WysiwygComposer')

SwiftDriverJobDiscovery normal arm64 Compiling Attribute.swift, Attributes.swift, BinarySearch.swift, BooleanAttribute.swift, CharacterExt.swift (in target 'SwiftSoup' from project 'SwiftSoup')

SwiftCompile normal arm64 Compiling\ Validate.swift,\ Whitelist.swift,\ XmlDeclaration.swift,\ XmlTreeBuilder.swift /Users/aadityasingh/Library/Developer/Xcode/DerivedData/Chatlio-erkyzdeecsohoaggpwbjdvavzqfv/SourcePackages/checkouts/SwiftSoup/Sources/Validate.swift /Users/aadityasingh/Library/Developer/Xcode/DerivedData/Chatlio-erkyzdeecsohoaggpwbjdvavzqfv/SourcePackages/checkouts/SwiftSoup/Sources/Whitelist.swift /Users/aadityasingh/Library/Developer/Xcode/DerivedData/Chatlio-erkyzdeecsohoaggpwbjdvavzqfv/SourcePackages/checkouts/SwiftSoup/Sources/XmlDeclaration.swift /Users/aadityasingh/Library/Developer/Xcode/DerivedData/Chatlio-erkyzdeecsohoaggpwbjdvavzqfv/SourcePackages/checkouts/SwiftSoup/Sources/XmlTreeBuilder.swift (in target 'SwiftSoup' from project 'SwiftSoup')

SwiftCompile normal arm64 /Users/aadityasingh/Library/Developer/Xcode/DerivedData/Chatlio-erkyzdeecsohoaggpwbjdvavzqfv/SourcePackages/checkouts/SwiftSoup/Sources/Validate.swift (in target 'SwiftSoup' from project 'SwiftSoup')
    cd /Users/aadityasingh/Documents/Development/element-x-ios/Chatlio.xcodeproj
    

SwiftCompile normal arm64 /Users/aadityasingh/Library/Developer/Xcode/DerivedData/Chatlio-erkyzdeecsohoaggpwbjdvavzqfv/SourcePackages/checkouts/SwiftSoup/Sources/Whitelist.swift (in target 'SwiftSoup' from project 'SwiftSoup')
    cd /Users/aadityasingh/Documents/Development/element-x-ios/Chatlio.xcodeproj
    

SwiftCompile normal arm64 /Users/aadityasingh/Library/Developer/Xcode/DerivedData/Chatlio-erkyzdeecsohoaggpwbjdvavzqfv/SourcePackages/checkouts/SwiftSoup/Sources/XmlDeclaration.swift (in target 'SwiftSoup' from project 'SwiftSoup')
    cd /Users/aadityasingh/Documents/Development/element-x-ios/Chatlio.xcodeproj
    

SwiftCompile normal arm64 /Users/aadityasingh/Library/Developer/Xcode/DerivedData/Chatlio-erkyzdeecsohoaggpwbjdvavzqfv/SourcePackages/checkouts/SwiftSoup/Sources/XmlTreeBuilder.swift (in target 'SwiftSoup' from project 'SwiftSoup')
    cd /Users/aadityasingh/Documents/Development/element-x-ios/Chatlio.xcodeproj
    

SwiftCompile normal x86_64 Compiling\ StringUtil.swift,\ StructuralEvaluator.swift,\ SwiftSoup.swift,\ Tag.swift /Users/aadityasingh/Library/Developer/Xcode/DerivedData/Chatlio-erkyzdeecsohoaggpwbjdvavzqfv/SourcePackages/checkouts/SwiftSoup/Sources/StringUtil.swift /Users/aadityasingh/Library/Developer/Xcode/DerivedData/Chatlio-erkyzdeecsohoaggpwbjdvavzqfv/SourcePackages/checkouts/SwiftSoup/Sources/StructuralEvaluator.swift /Users/aadityasingh/Library/Developer/Xcode/DerivedData/Chatlio-erkyzdeecsohoaggpwbjdvavzqfv/SourcePackages/checkouts/SwiftSoup/Sources/SwiftSoup.swift /Users/aadityasingh/Library/Developer/Xcode/DerivedData/Chatlio-erkyzdeecsohoaggpwbjdvavzqfv/SourcePackages/checkouts/SwiftSoup/Sources/Tag.swift (in target 'SwiftSoup' from project 'SwiftSoup')

SwiftCompile normal x86_64 /Users/aadityasingh/Library/Developer/Xcode/DerivedData/Chatlio-erkyzdeecsohoaggpwbjdvavzqfv/SourcePackages/checkouts/SwiftSoup/Sources/StringUtil.swift (in target 'SwiftSoup' from project 'SwiftSoup')
    cd /Users/aadityasingh/Documents/Development/element-x-ios/Chatlio.xcodeproj
    

SwiftCompile normal x86_64 /Users/aadityasingh/Library/Developer/Xcode/DerivedData/Chatlio-erkyzdeecsohoaggpwbjdvavzqfv/SourcePackages/checkouts/SwiftSoup/Sources/StructuralEvaluator.swift (in target 'SwiftSoup' from project 'SwiftSoup')
    cd /Users/aadityasingh/Documents/Development/element-x-ios/Chatlio.xcodeproj
    

SwiftCompile normal x86_64 /Users/aadityasingh/Library/Developer/Xcode/DerivedData/Chatlio-erkyzdeecsohoaggpwbjdvavzqfv/SourcePackages/checkouts/SwiftSoup/Sources/SwiftSoup.swift (in target 'SwiftSoup' from project 'SwiftSoup')
    cd /Users/aadityasingh/Documents/Development/element-x-ios/Chatlio.xcodeproj
    

SwiftCompile normal x86_64 /Users/aadityasingh/Library/Developer/Xcode/DerivedData/Chatlio-erkyzdeecsohoaggpwbjdvavzqfv/SourcePackages/checkouts/SwiftSoup/Sources/Tag.swift (in target 'SwiftSoup' from project 'SwiftSoup')
    cd /Users/aadityasingh/Documents/Development/element-x-ios/Chatlio.xcodeproj
    

SwiftDriverJobDiscovery normal arm64 Compiling CharacterReader.swift, Cleaner.swift, Collector.swift, CombiningEvaluator.swift, Comment.swift (in target 'SwiftSoup' from project 'SwiftSoup')

SwiftCompile normal arm64 Compiling\ TextNode.swift,\ Token.swift,\ TokenQueue.swift,\ Tokeniser.swift /Users/aadityasingh/Library/Developer/Xcode/DerivedData/Chatlio-erkyzdeecsohoaggpwbjdvavzqfv/SourcePackages/checkouts/SwiftSoup/Sources/TextNode.swift /Users/aadityasingh/Library/Developer/Xcode/DerivedData/Chatlio-erkyzdeecsohoaggpwbjdvavzqfv/SourcePackages/checkouts/SwiftSoup/Sources/Token.swift /Users/aadityasingh/Library/Developer/Xcode/DerivedData/Chatlio-erkyzdeecsohoaggpwbjdvavzqfv/SourcePackages/checkouts/SwiftSoup/Sources/TokenQueue.swift /Users/aadityasingh/Library/Developer/Xcode/DerivedData/Chatlio-erkyzdeecsohoaggpwbjdvavzqfv/SourcePackages/checkouts/SwiftSoup/Sources/Tokeniser.swift (in target 'SwiftSoup' from project 'SwiftSoup')

SwiftCompile normal arm64 /Users/aadityasingh/Library/Developer/Xcode/DerivedData/Chatlio-erkyzdeecsohoaggpwbjdvavzqfv/SourcePackages/checkouts/SwiftSoup/Sources/TextNode.swift (in target 'SwiftSoup' from project 'SwiftSoup')
    cd /Users/aadityasingh/Documents/Development/element-x-ios/Chatlio.xcodeproj
    

SwiftCompile normal arm64 /Users/aadityasingh/Library/Developer/Xcode/DerivedData/Chatlio-erkyzdeecsohoaggpwbjdvavzqfv/SourcePackages/checkouts/SwiftSoup/Sources/Token.swift (in target 'SwiftSoup' from project 'SwiftSoup')
    cd /Users/aadityasingh/Documents/Development/element-x-ios/Chatlio.xcodeproj
    

SwiftCompile normal arm64 /Users/aadityasingh/Library/Developer/Xcode/DerivedData/Chatlio-erkyzdeecsohoaggpwbjdvavzqfv/SourcePackages/checkouts/SwiftSoup/Sources/TokenQueue.swift (in target 'SwiftSoup' from project 'SwiftSoup')
    cd /Users/aadityasingh/Documents/Development/element-x-ios/Chatlio.xcodeproj
    

SwiftCompile normal arm64 /Users/aadityasingh/Library/Developer/Xcode/DerivedData/Chatlio-erkyzdeecsohoaggpwbjdvavzqfv/SourcePackages/checkouts/SwiftSoup/Sources/Tokeniser.swift (in target 'SwiftSoup' from project 'SwiftSoup')
    cd /Users/aadityasingh/Documents/Development/element-x-ios/Chatlio.xcodeproj
    

SwiftDriverJobDiscovery normal x86_64 Compiling WysiwygComposerView.swift, WysiwygComposerViewModel.swift (in target 'WysiwygComposer' from project 'WysiwygComposer')

SwiftCompile normal arm64 Compiling\ Parser.swift,\ ParsingStrings.swift,\ Pattern.swift,\ QueryParser.swift /Users/aadityasingh/Library/Developer/Xcode/DerivedData/Chatlio-erkyzdeecsohoaggpwbjdvavzqfv/SourcePackages/checkouts/SwiftSoup/Sources/Parser.swift /Users/aadityasingh/Library/Developer/Xcode/DerivedData/Chatlio-erkyzdeecsohoaggpwbjdvavzqfv/SourcePackages/checkouts/SwiftSoup/Sources/ParsingStrings.swift /Users/aadityasingh/Library/Developer/Xcode/DerivedData/Chatlio-erkyzdeecsohoaggpwbjdvavzqfv/SourcePackages/checkouts/SwiftSoup/Sources/Pattern.swift /Users/aadityasingh/Library/Developer/Xcode/DerivedData/Chatlio-erkyzdeecsohoaggpwbjdvavzqfv/SourcePackages/checkouts/SwiftSoup/Sources/QueryParser.swift (in target 'SwiftSoup' from project 'SwiftSoup')

SwiftCompile normal arm64 /Users/aadityasingh/Library/Developer/Xcode/DerivedData/Chatlio-erkyzdeecsohoaggpwbjdvavzqfv/SourcePackages/checkouts/SwiftSoup/Sources/Parser.swift (in target 'SwiftSoup' from project 'SwiftSoup')
    cd /Users/aadityasingh/Documents/Development/element-x-ios/Chatlio.xcodeproj
    

SwiftCompile normal arm64 /Users/aadityasingh/Library/Developer/Xcode/DerivedData/Chatlio-erkyzdeecsohoaggpwbjdvavzqfv/SourcePackages/checkouts/SwiftSoup/Sources/ParsingStrings.swift (in target 'SwiftSoup' from project 'SwiftSoup')
    cd /Users/aadityasingh/Documents/Development/element-x-ios/Chatlio.xcodeproj
    

SwiftCompile normal arm64 /Users/aadityasingh/Library/Developer/Xcode/DerivedData/Chatlio-erkyzdeecsohoaggpwbjdvavzqfv/SourcePackages/checkouts/SwiftSoup/Sources/Pattern.swift (in target 'SwiftSoup' from project 'SwiftSoup')
    cd /Users/aadityasingh/Documents/Development/element-x-ios/Chatlio.xcodeproj
    

SwiftCompile normal arm64 /Users/aadityasingh/Library/Developer/Xcode/DerivedData/Chatlio-erkyzdeecsohoaggpwbjdvavzqfv/SourcePackages/checkouts/SwiftSoup/Sources/QueryParser.swift (in target 'SwiftSoup' from project 'SwiftSoup')
    cd /Users/aadityasingh/Documents/Development/element-x-ios/Chatlio.xcodeproj
    

SwiftDriverJobDiscovery normal x86_64 Compiling matrix_sdk_ffi.swift (in target 'MatrixRustSDK' from project 'MatrixRustSDK')

SwiftDriverJobDiscovery normal x86_64 Compiling TextNode.swift, Token.swift, TokenQueue.swift, Tokeniser.swift (in target 'SwiftSoup' from project 'SwiftSoup')

SwiftCompile normal x86_64 Compiling\ NodeVisitor.swift,\ OrderedSet.swift,\ ParseError.swift,\ ParseErrorList.swift,\ ParseSettings.swift /Users/aadityasingh/Library/Developer/Xcode/DerivedData/Chatlio-erkyzdeecsohoaggpwbjdvavzqfv/SourcePackages/checkouts/SwiftSoup/Sources/NodeVisitor.swift /Users/aadityasingh/Library/Developer/Xcode/DerivedData/Chatlio-erkyzdeecsohoaggpwbjdvavzqfv/SourcePackages/checkouts/SwiftSoup/Sources/OrderedSet.swift /Users/aadityasingh/Library/Developer/Xcode/DerivedData/Chatlio-erkyzdeecsohoaggpwbjdvavzqfv/SourcePackages/checkouts/SwiftSoup/Sources/ParseError.swift /Users/aadityasingh/Library/Developer/Xcode/DerivedData/Chatlio-erkyzdeecsohoaggpwbjdvavzqfv/SourcePackages/checkouts/SwiftSoup/Sources/ParseErrorList.swift /Users/aadityasingh/Library/Developer/Xcode/DerivedData/Chatlio-erkyzdeecsohoaggpwbjdvavzqfv/SourcePackages/checkouts/SwiftSoup/Sources/ParseSettings.swift (in target 'SwiftSoup' from project 'SwiftSoup')

SwiftCompile normal x86_64 /Users/aadityasingh/Library/Developer/Xcode/DerivedData/Chatlio-erkyzdeecsohoaggpwbjdvavzqfv/SourcePackages/checkouts/SwiftSoup/Sources/NodeVisitor.swift (in target 'SwiftSoup' from project 'SwiftSoup')
    cd /Users/aadityasingh/Documents/Development/element-x-ios/Chatlio.xcodeproj
    

SwiftCompile normal x86_64 /Users/aadityasingh/Library/Developer/Xcode/DerivedData/Chatlio-erkyzdeecsohoaggpwbjdvavzqfv/SourcePackages/checkouts/SwiftSoup/Sources/OrderedSet.swift (in target 'SwiftSoup' from project 'SwiftSoup')
    cd /Users/aadityasingh/Documents/Development/element-x-ios/Chatlio.xcodeproj
    

SwiftCompile normal x86_64 /Users/aadityasingh/Library/Developer/Xcode/DerivedData/Chatlio-erkyzdeecsohoaggpwbjdvavzqfv/SourcePackages/checkouts/SwiftSoup/Sources/ParseError.swift (in target 'SwiftSoup' from project 'SwiftSoup')
    cd /Users/aadityasingh/Documents/Development/element-x-ios/Chatlio.xcodeproj
    

SwiftCompile normal x86_64 /Users/aadityasingh/Library/Developer/Xcode/DerivedData/Chatlio-erkyzdeecsohoaggpwbjdvavzqfv/SourcePackages/checkouts/SwiftSoup/Sources/ParseErrorList.swift (in target 'SwiftSoup' from project 'SwiftSoup')
    cd /Users/aadityasingh/Documents/Development/element-x-ios/Chatlio.xcodeproj
    

SwiftCompile normal x86_64 /Users/aadityasingh/Library/Developer/Xcode/DerivedData/Chatlio-erkyzdeecsohoaggpwbjdvavzqfv/SourcePackages/checkouts/SwiftSoup/Sources/ParseSettings.swift (in target 'SwiftSoup' from project 'SwiftSoup')
    cd /Users/aadityasingh/Documents/Development/element-x-ios/Chatlio.xcodeproj
    

SwiftCompile normal arm64 Compiling\ NodeVisitor.swift,\ OrderedSet.swift,\ ParseError.swift,\ ParseErrorList.swift,\ ParseSettings.swift /Users/aadityasingh/Library/Developer/Xcode/DerivedData/Chatlio-erkyzdeecsohoaggpwbjdvavzqfv/SourcePackages/checkouts/SwiftSoup/Sources/NodeVisitor.swift /Users/aadityasingh/Library/Developer/Xcode/DerivedData/Chatlio-erkyzdeecsohoaggpwbjdvavzqfv/SourcePackages/checkouts/SwiftSoup/Sources/OrderedSet.swift /Users/aadityasingh/Library/Developer/Xcode/DerivedData/Chatlio-erkyzdeecsohoaggpwbjdvavzqfv/SourcePackages/checkouts/SwiftSoup/Sources/ParseError.swift /Users/aadityasingh/Library/Developer/Xcode/DerivedData/Chatlio-erkyzdeecsohoaggpwbjdvavzqfv/SourcePackages/checkouts/SwiftSoup/Sources/ParseErrorList.swift /Users/aadityasingh/Library/Developer/Xcode/DerivedData/Chatlio-erkyzdeecsohoaggpwbjdvavzqfv/SourcePackages/checkouts/SwiftSoup/Sources/ParseSettings.swift (in target 'SwiftSoup' from project 'SwiftSoup')

SwiftCompile normal arm64 /Users/aadityasingh/Library/Developer/Xcode/DerivedData/Chatlio-erkyzdeecsohoaggpwbjdvavzqfv/SourcePackages/checkouts/SwiftSoup/Sources/NodeVisitor.swift (in target 'SwiftSoup' from project 'SwiftSoup')
    cd /Users/aadityasingh/Documents/Development/element-x-ios/Chatlio.xcodeproj
    

SwiftCompile normal arm64 /Users/aadityasingh/Library/Developer/Xcode/DerivedData/Chatlio-erkyzdeecsohoaggpwbjdvavzqfv/SourcePackages/checkouts/SwiftSoup/Sources/OrderedSet.swift (in target 'SwiftSoup' from project 'SwiftSoup')
    cd /Users/aadityasingh/Documents/Development/element-x-ios/Chatlio.xcodeproj
    

SwiftCompile normal arm64 /Users/aadityasingh/Library/Developer/Xcode/DerivedData/Chatlio-erkyzdeecsohoaggpwbjdvavzqfv/SourcePackages/checkouts/SwiftSoup/Sources/ParseError.swift (in target 'SwiftSoup' from project 'SwiftSoup')
    cd /Users/aadityasingh/Documents/Development/element-x-ios/Chatlio.xcodeproj
    

SwiftCompile normal arm64 /Users/aadityasingh/Library/Developer/Xcode/DerivedData/Chatlio-erkyzdeecsohoaggpwbjdvavzqfv/SourcePackages/checkouts/SwiftSoup/Sources/ParseErrorList.swift (in target 'SwiftSoup' from project 'SwiftSoup')
    cd /Users/aadityasingh/Documents/Development/element-x-ios/Chatlio.xcodeproj
    

SwiftCompile normal arm64 /Users/aadityasingh/Library/Developer/Xcode/DerivedData/Chatlio-erkyzdeecsohoaggpwbjdvavzqfv/SourcePackages/checkouts/SwiftSoup/Sources/ParseSettings.swift (in target 'SwiftSoup' from project 'SwiftSoup')
    cd /Users/aadityasingh/Documents/Development/element-x-ios/Chatlio.xcodeproj
    

SwiftDriverJobDiscovery normal arm64 Compiling QueryParserCache.swift, StreamReader.swift, String.swift, StringBuilder.swift (in target 'SwiftSoup' from project 'SwiftSoup')

SwiftCompile normal arm64 Compiling\ HtmlTreeBuilder.swift,\ HtmlTreeBuilderState.swift,\ Mutex.swift,\ Node.swift,\ NodeTraversor.swift /Users/aadityasingh/Library/Developer/Xcode/DerivedData/Chatlio-erkyzdeecsohoaggpwbjdvavzqfv/SourcePackages/checkouts/SwiftSoup/Sources/HtmlTreeBuilder.swift /Users/aadityasingh/Library/Developer/Xcode/DerivedData/Chatlio-erkyzdeecsohoaggpwbjdvavzqfv/SourcePackages/checkouts/SwiftSoup/Sources/HtmlTreeBuilderState.swift /Users/aadityasingh/Library/Developer/Xcode/DerivedData/Chatlio-erkyzdeecsohoaggpwbjdvavzqfv/SourcePackages/checkouts/SwiftSoup/Sources/Mutex.swift /Users/aadityasingh/Library/Developer/Xcode/DerivedData/Chatlio-erkyzdeecsohoaggpwbjdvavzqfv/SourcePackages/checkouts/SwiftSoup/Sources/Node.swift /Users/aadityasingh/Library/Developer/Xcode/DerivedData/Chatlio-erkyzdeecsohoaggpwbjdvavzqfv/SourcePackages/checkouts/SwiftSoup/Sources/NodeTraversor.swift (in target 'SwiftSoup' from project 'SwiftSoup')

SwiftCompile normal arm64 /Users/aadityasingh/Library/Developer/Xcode/DerivedData/Chatlio-erkyzdeecsohoaggpwbjdvavzqfv/SourcePackages/checkouts/SwiftSoup/Sources/HtmlTreeBuilder.swift (in target 'SwiftSoup' from project 'SwiftSoup')
    cd /Users/aadityasingh/Documents/Development/element-x-ios/Chatlio.xcodeproj
    

SwiftCompile normal arm64 /Users/aadityasingh/Library/Developer/Xcode/DerivedData/Chatlio-erkyzdeecsohoaggpwbjdvavzqfv/SourcePackages/checkouts/SwiftSoup/Sources/HtmlTreeBuilderState.swift (in target 'SwiftSoup' from project 'SwiftSoup')
    cd /Users/aadityasingh/Documents/Development/element-x-ios/Chatlio.xcodeproj
    

SwiftCompile normal arm64 /Users/aadityasingh/Library/Developer/Xcode/DerivedData/Chatlio-erkyzdeecsohoaggpwbjdvavzqfv/SourcePackages/checkouts/SwiftSoup/Sources/Mutex.swift (in target 'SwiftSoup' from project 'SwiftSoup')
    cd /Users/aadityasingh/Documents/Development/element-x-ios/Chatlio.xcodeproj
    

SwiftCompile normal arm64 /Users/aadityasingh/Library/Developer/Xcode/DerivedData/Chatlio-erkyzdeecsohoaggpwbjdvavzqfv/SourcePackages/checkouts/SwiftSoup/Sources/Node.swift (in target 'SwiftSoup' from project 'SwiftSoup')
    cd /Users/aadityasingh/Documents/Development/element-x-ios/Chatlio.xcodeproj
    

SwiftCompile normal arm64 /Users/aadityasingh/Library/Developer/Xcode/DerivedData/Chatlio-erkyzdeecsohoaggpwbjdvavzqfv/SourcePackages/checkouts/SwiftSoup/Sources/NodeTraversor.swift (in target 'SwiftSoup' from project 'SwiftSoup')
    cd /Users/aadityasingh/Documents/Development/element-x-ios/Chatlio.xcodeproj
    

SwiftDriverJobDiscovery normal arm64 Compiling WysiwygComposerView.swift, WysiwygComposerViewModel.swift (in target 'WysiwygComposer' from project 'WysiwygComposer')

SwiftCompile normal arm64 Compiling\ TokeniserState.swift,\ TreeBuilder.swift,\ UTF8Arrays.swift,\ UnicodeScalar.swift /Users/aadityasingh/Library/Developer/Xcode/DerivedData/Chatlio-erkyzdeecsohoaggpwbjdvavzqfv/SourcePackages/checkouts/SwiftSoup/Sources/TokeniserState.swift /Users/aadityasingh/Library/Developer/Xcode/DerivedData/Chatlio-erkyzdeecsohoaggpwbjdvavzqfv/SourcePackages/checkouts/SwiftSoup/Sources/TreeBuilder.swift /Users/aadityasingh/Library/Developer/Xcode/DerivedData/Chatlio-erkyzdeecsohoaggpwbjdvavzqfv/SourcePackages/checkouts/SwiftSoup/Sources/UTF8Arrays.swift /Users/aadityasingh/Library/Developer/Xcode/DerivedData/Chatlio-erkyzdeecsohoaggpwbjdvavzqfv/SourcePackages/checkouts/SwiftSoup/Sources/UnicodeScalar.swift (in target 'SwiftSoup' from project 'SwiftSoup')

SwiftCompile normal arm64 /Users/aadityasingh/Library/Developer/Xcode/DerivedData/Chatlio-erkyzdeecsohoaggpwbjdvavzqfv/SourcePackages/checkouts/SwiftSoup/Sources/TokeniserState.swift (in target 'SwiftSoup' from project 'SwiftSoup')
    cd /Users/aadityasingh/Documents/Development/element-x-ios/Chatlio.xcodeproj
    

SwiftCompile normal arm64 /Users/aadityasingh/Library/Developer/Xcode/DerivedData/Chatlio-erkyzdeecsohoaggpwbjdvavzqfv/SourcePackages/checkouts/SwiftSoup/Sources/TreeBuilder.swift (in target 'SwiftSoup' from project 'SwiftSoup')
    cd /Users/aadityasingh/Documents/Development/element-x-ios/Chatlio.xcodeproj
    

SwiftCompile normal arm64 /Users/aadityasingh/Library/Developer/Xcode/DerivedData/Chatlio-erkyzdeecsohoaggpwbjdvavzqfv/SourcePackages/checkouts/SwiftSoup/Sources/UTF8Arrays.swift (in target 'SwiftSoup' from project 'SwiftSoup')
    cd /Users/aadityasingh/Documents/Development/element-x-ios/Chatlio.xcodeproj
    

SwiftCompile normal arm64 /Users/aadityasingh/Library/Developer/Xcode/DerivedData/Chatlio-erkyzdeecsohoaggpwbjdvavzqfv/SourcePackages/checkouts/SwiftSoup/Sources/UnicodeScalar.swift (in target 'SwiftSoup' from project 'SwiftSoup')
    cd /Users/aadityasingh/Documents/Development/element-x-ios/Chatlio.xcodeproj
    

SwiftDriverJobDiscovery normal x86_64 Compiling Elements.swift, Entities.swift, Evaluator.swift, Exception.swift, FormElement.swift (in target 'SwiftSoup' from project 'SwiftSoup')

SwiftCompile normal x86_64 Compiling\ Validate.swift,\ Whitelist.swift,\ XmlDeclaration.swift,\ XmlTreeBuilder.swift /Users/aadityasingh/Library/Developer/Xcode/DerivedData/Chatlio-erkyzdeecsohoaggpwbjdvavzqfv/SourcePackages/checkouts/SwiftSoup/Sources/Validate.swift /Users/aadityasingh/Library/Developer/Xcode/DerivedData/Chatlio-erkyzdeecsohoaggpwbjdvavzqfv/SourcePackages/checkouts/SwiftSoup/Sources/Whitelist.swift /Users/aadityasingh/Library/Developer/Xcode/DerivedData/Chatlio-erkyzdeecsohoaggpwbjdvavzqfv/SourcePackages/checkouts/SwiftSoup/Sources/XmlDeclaration.swift /Users/aadityasingh/Library/Developer/Xcode/DerivedData/Chatlio-erkyzdeecsohoaggpwbjdvavzqfv/SourcePackages/checkouts/SwiftSoup/Sources/XmlTreeBuilder.swift (in target 'SwiftSoup' from project 'SwiftSoup')

SwiftCompile normal x86_64 /Users/aadityasingh/Library/Developer/Xcode/DerivedData/Chatlio-erkyzdeecsohoaggpwbjdvavzqfv/SourcePackages/checkouts/SwiftSoup/Sources/Validate.swift (in target 'SwiftSoup' from project 'SwiftSoup')
    cd /Users/aadityasingh/Documents/Development/element-x-ios/Chatlio.xcodeproj
    

SwiftCompile normal x86_64 /Users/aadityasingh/Library/Developer/Xcode/DerivedData/Chatlio-erkyzdeecsohoaggpwbjdvavzqfv/SourcePackages/checkouts/SwiftSoup/Sources/Whitelist.swift (in target 'SwiftSoup' from project 'SwiftSoup')
    cd /Users/aadityasingh/Documents/Development/element-x-ios/Chatlio.xcodeproj
    

SwiftCompile normal x86_64 /Users/aadityasingh/Library/Developer/Xcode/DerivedData/Chatlio-erkyzdeecsohoaggpwbjdvavzqfv/SourcePackages/checkouts/SwiftSoup/Sources/XmlDeclaration.swift (in target 'SwiftSoup' from project 'SwiftSoup')
    cd /Users/aadityasingh/Documents/Development/element-x-ios/Chatlio.xcodeproj
    

SwiftCompile normal x86_64 /Users/aadityasingh/Library/Developer/Xcode/DerivedData/Chatlio-erkyzdeecsohoaggpwbjdvavzqfv/SourcePackages/checkouts/SwiftSoup/Sources/XmlTreeBuilder.swift (in target 'SwiftSoup' from project 'SwiftSoup')
    cd /Users/aadityasingh/Documents/Development/element-x-ios/Chatlio.xcodeproj
    

SwiftDriverJobDiscovery normal arm64 Compiling Validate.swift, Whitelist.swift, XmlDeclaration.swift, XmlTreeBuilder.swift (in target 'SwiftSoup' from project 'SwiftSoup')

SwiftCompile normal x86_64 Compiling\ CssSelector.swift,\ DataNode.swift,\ Document.swift,\ DocumentType.swift,\ Element.swift /Users/aadityasingh/Library/Developer/Xcode/DerivedData/Chatlio-erkyzdeecsohoaggpwbjdvavzqfv/SourcePackages/checkouts/SwiftSoup/Sources/CssSelector.swift /Users/aadityasingh/Library/Developer/Xcode/DerivedData/Chatlio-erkyzdeecsohoaggpwbjdvavzqfv/SourcePackages/checkouts/SwiftSoup/Sources/DataNode.swift /Users/aadityasingh/Library/Developer/Xcode/DerivedData/Chatlio-erkyzdeecsohoaggpwbjdvavzqfv/SourcePackages/checkouts/SwiftSoup/Sources/Document.swift /Users/aadityasingh/Library/Developer/Xcode/DerivedData/Chatlio-erkyzdeecsohoaggpwbjdvavzqfv/SourcePackages/checkouts/SwiftSoup/Sources/DocumentType.swift /Users/aadityasingh/Library/Developer/Xcode/DerivedData/Chatlio-erkyzdeecsohoaggpwbjdvavzqfv/SourcePackages/checkouts/SwiftSoup/Sources/Element.swift (in target 'SwiftSoup' from project 'SwiftSoup')

SwiftCompile normal x86_64 /Users/aadityasingh/Library/Developer/Xcode/DerivedData/Chatlio-erkyzdeecsohoaggpwbjdvavzqfv/SourcePackages/checkouts/SwiftSoup/Sources/CssSelector.swift (in target 'SwiftSoup' from project 'SwiftSoup')
    cd /Users/aadityasingh/Documents/Development/element-x-ios/Chatlio.xcodeproj
    

SwiftCompile normal x86_64 /Users/aadityasingh/Library/Developer/Xcode/DerivedData/Chatlio-erkyzdeecsohoaggpwbjdvavzqfv/SourcePackages/checkouts/SwiftSoup/Sources/DataNode.swift (in target 'SwiftSoup' from project 'SwiftSoup')
    cd /Users/aadityasingh/Documents/Development/element-x-ios/Chatlio.xcodeproj
    

SwiftCompile normal x86_64 /Users/aadityasingh/Library/Developer/Xcode/DerivedData/Chatlio-erkyzdeecsohoaggpwbjdvavzqfv/SourcePackages/checkouts/SwiftSoup/Sources/Document.swift (in target 'SwiftSoup' from project 'SwiftSoup')
    cd /Users/aadityasingh/Documents/Development/element-x-ios/Chatlio.xcodeproj
    

SwiftCompile normal x86_64 /Users/aadityasingh/Library/Developer/Xcode/DerivedData/Chatlio-erkyzdeecsohoaggpwbjdvavzqfv/SourcePackages/checkouts/SwiftSoup/Sources/DocumentType.swift (in target 'SwiftSoup' from project 'SwiftSoup')
    cd /Users/aadityasingh/Documents/Development/element-x-ios/Chatlio.xcodeproj
    

SwiftCompile normal x86_64 /Users/aadityasingh/Library/Developer/Xcode/DerivedData/Chatlio-erkyzdeecsohoaggpwbjdvavzqfv/SourcePackages/checkouts/SwiftSoup/Sources/Element.swift (in target 'SwiftSoup' from project 'SwiftSoup')
    cd /Users/aadityasingh/Documents/Development/element-x-ios/Chatlio.xcodeproj
    

SwiftDriverJobDiscovery normal arm64 Compiling CssSelector.swift, DataNode.swift, Document.swift, DocumentType.swift, Element.swift (in target 'SwiftSoup' from project 'SwiftSoup')

SwiftCompile normal x86_64 Compiling\ HtmlTreeBuilder.swift,\ HtmlTreeBuilderState.swift,\ Mutex.swift,\ Node.swift,\ NodeTraversor.swift /Users/aadityasingh/Library/Developer/Xcode/DerivedData/Chatlio-erkyzdeecsohoaggpwbjdvavzqfv/SourcePackages/checkouts/SwiftSoup/Sources/HtmlTreeBuilder.swift /Users/aadityasingh/Library/Developer/Xcode/DerivedData/Chatlio-erkyzdeecsohoaggpwbjdvavzqfv/SourcePackages/checkouts/SwiftSoup/Sources/HtmlTreeBuilderState.swift /Users/aadityasingh/Library/Developer/Xcode/DerivedData/Chatlio-erkyzdeecsohoaggpwbjdvavzqfv/SourcePackages/checkouts/SwiftSoup/Sources/Mutex.swift /Users/aadityasingh/Library/Developer/Xcode/DerivedData/Chatlio-erkyzdeecsohoaggpwbjdvavzqfv/SourcePackages/checkouts/SwiftSoup/Sources/Node.swift /Users/aadityasingh/Library/Developer/Xcode/DerivedData/Chatlio-erkyzdeecsohoaggpwbjdvavzqfv/SourcePackages/checkouts/SwiftSoup/Sources/NodeTraversor.swift (in target 'SwiftSoup' from project 'SwiftSoup')

SwiftCompile normal x86_64 /Users/aadityasingh/Library/Developer/Xcode/DerivedData/Chatlio-erkyzdeecsohoaggpwbjdvavzqfv/SourcePackages/checkouts/SwiftSoup/Sources/HtmlTreeBuilder.swift (in target 'SwiftSoup' from project 'SwiftSoup')
    cd /Users/aadityasingh/Documents/Development/element-x-ios/Chatlio.xcodeproj
    

SwiftCompile normal x86_64 /Users/aadityasingh/Library/Developer/Xcode/DerivedData/Chatlio-erkyzdeecsohoaggpwbjdvavzqfv/SourcePackages/checkouts/SwiftSoup/Sources/HtmlTreeBuilderState.swift (in target 'SwiftSoup' from project 'SwiftSoup')
    cd /Users/aadityasingh/Documents/Development/element-x-ios/Chatlio.xcodeproj
    

SwiftCompile normal x86_64 /Users/aadityasingh/Library/Developer/Xcode/DerivedData/Chatlio-erkyzdeecsohoaggpwbjdvavzqfv/SourcePackages/checkouts/SwiftSoup/Sources/Mutex.swift (in target 'SwiftSoup' from project 'SwiftSoup')
    cd /Users/aadityasingh/Documents/Development/element-x-ios/Chatlio.xcodeproj
    

SwiftCompile normal x86_64 /Users/aadityasingh/Library/Developer/Xcode/DerivedData/Chatlio-erkyzdeecsohoaggpwbjdvavzqfv/SourcePackages/checkouts/SwiftSoup/Sources/Node.swift (in target 'SwiftSoup' from project 'SwiftSoup')
    cd /Users/aadityasingh/Documents/Development/element-x-ios/Chatlio.xcodeproj
    

SwiftCompile normal x86_64 /Users/aadityasingh/Library/Developer/Xcode/DerivedData/Chatlio-erkyzdeecsohoaggpwbjdvavzqfv/SourcePackages/checkouts/SwiftSoup/Sources/NodeTraversor.swift (in target 'SwiftSoup' from project 'SwiftSoup')
    cd /Users/aadityasingh/Documents/Development/element-x-ios/Chatlio.xcodeproj
    

SwiftDriverJobDiscovery normal arm64 Compiling WysiwygComposer.swift (in target 'WysiwygComposer' from project 'WysiwygComposer')

SwiftDriverJobDiscovery normal x86_64 Compiling StringUtil.swift, StructuralEvaluator.swift, SwiftSoup.swift, Tag.swift (in target 'SwiftSoup' from project 'SwiftSoup')

SwiftDriver\ Compilation WysiwygComposer normal arm64 com.apple.xcode.tools.swift.compiler (in target 'WysiwygComposer' from project 'WysiwygComposer')
    cd /Users/aadityasingh/Documents/Development/element-x-ios/Chatlio.xcodeproj
    builtin-Swift-Compilation -- /Applications/Xcode.app/Contents/Developer/Toolchains/XcodeDefault.xctoolchain/usr/bin/swiftc -module-name WysiwygComposer -Onone @/Users/aadityasingh/Library/Developer/Xcode/DerivedData/Chatlio-erkyzdeecsohoaggpwbjdvavzqfv/Build/Intermediates.noindex/WysiwygComposer.build/Debug-iphonesimulator/WysiwygComposer.build/Objects-normal/arm64/WysiwygComposer.SwiftFileList -DSWIFT_PACKAGE -DDEBUG -DSWIFT_MODULE_RESOURCE_BUNDLE_UNAVAILABLE -Xcc -fmodule-map-file\=/Users/aadityasingh/Library/Developer/Xcode/DerivedData/Chatlio-erkyzdeecsohoaggpwbjdvavzqfv/Build/Intermediates.noindex/GeneratedModuleMaps-iphonesimulator/DTFoundation.modulemap -Xcc -fmodule-map-file\=/Users/aadityasingh/Library/Developer/Xcode/DerivedData/Chatlio-erkyzdeecsohoaggpwbjdvavzqfv/Build/Intermediates.noindex/GeneratedModuleMaps-iphonesimulator/DTCoreText.modulemap -Xcc -fmodule-map-file\=/Users/aadityasingh/Library/Developer/Xcode/DerivedData/Chatlio-erkyzdeecsohoaggpwbjdvavzqfv/Build/Intermediates.noindex/GeneratedModuleMaps-iphonesimulator/DTCoreTextExtended.modulemap -DXcode -plugin-path /Applications/Xcode.app/Contents/Developer/Toolchains/XcodeDefault.xctoolchain/usr/lib/swift/host/plugins/testing -enable-experimental-feature DebugDescriptionMacro -sdk /Applications/Xcode.app/Contents/Developer/Platforms/iPhoneSimulator.platform/Developer/SDKs/iPhoneSimulator26.4.sdk -target arm64-apple-ios15.0-simulator -g -module-cache-path /Users/aadityasingh/Library/Developer/Xcode/DerivedData/ModuleCache.noindex -Xfrontend -serialize-debugging-options -profile-coverage-mapping -profile-generate -enable-testing -suppress-warnings -index-store-path /Users/aadityasingh/Library/Developer/Xcode/DerivedData/Chatlio-erkyzdeecsohoaggpwbjdvavzqfv/Index.noindex/DataStore -Xcc -D_LIBCPP_HARDENING_MODE\=_LIBCPP_HARDENING_MODE_DEBUG -swift-version 5 -I /Users/aadityasingh/Library/Developer/Xcode/DerivedData/Chatlio-erkyzdeecsohoaggpwbjdvavzqfv/Build/Products/Debug-iphonesimulator -Isystem /Applications/Xcode.app/Contents/Developer/Platforms/iPhoneSimulator.platform/Developer/usr/lib -F /Users/aadityasingh/Library/Developer/Xcode/DerivedData/Chatlio-erkyzdeecsohoaggpwbjdvavzqfv/Build/Products/Debug-iphonesimulator/PackageFrameworks -F /Users/aadityasingh/Library/Developer/Xcode/DerivedData/Chatlio-erkyzdeecsohoaggpwbjdvavzqfv/Build/Products/Debug-iphonesimulator/PackageFrameworks -F /Users/aadityasingh/Library/Developer/Xcode/DerivedData/Chatlio-erkyzdeecsohoaggpwbjdvavzqfv/Build/Products/Debug-iphonesimulator/PackageFrameworks -F /Users/aadityasingh/Library/Developer/Xcode/DerivedData/Chatlio-erkyzdeecsohoaggpwbjdvavzqfv/Build/Products/Debug-iphonesimulator/PackageFrameworks -F /Users/aadityasingh/Library/Developer/Xcode/DerivedData/Chatlio-erkyzdeecsohoaggpwbjdvavzqfv/Build/Products/Debug-iphonesimulator -F /Applications/Xcode.app/Contents/Developer/Platforms/iPhoneSimulator.platform/Developer/Library/Frameworks -F /Applications/Xcode.app/Contents/Developer/Platforms/iPhoneSimulator.platform/Developer/SDKs/iPhoneSimulator26.4.sdk/Developer/Library/Frameworks -c -j12 -enable-batch-mode -incremental -Xcc -ivfsstatcache -Xcc /Users/aadityasingh/Library/Developer/Xcode/DerivedData/SDKStatCaches.noindex/iphonesimulator26.4-23E252-686eebb5dc1d8ecb277353a59184f4aa.sdkstatcache -output-file-map /Users/aadityasingh/Library/Developer/Xcode/DerivedData/Chatlio-erkyzdeecsohoaggpwbjdvavzqfv/Build/Intermediates.noindex/WysiwygComposer.build/Debug-iphonesimulator/WysiwygComposer.build/Objects-normal/arm64/WysiwygComposer-OutputFileMap.json -use-frontend-parseable-output -save-temps -no-color-diagnostics -explicit-module-build -module-cache-path /Users/aadityasingh/Library/Developer/Xcode/DerivedData/Chatlio-erkyzdeecsohoaggpwbjdvavzqfv/Build/Intermediates.noindex/SwiftExplicitPrecompiledModules -clang-scanner-module-cache-path /Users/aadityasingh/Library/Developer/Xcode/DerivedData/ModuleCache.noindex -sdk-module-cache-path /Users/aadityasingh/Library/Developer/Xcode/DerivedData/ModuleCache.noindex -serialize-diagnostics -emit-dependencies -emit-module -emit-module-path /Users/aadityasingh/Library/Developer/Xcode/DerivedData/Chatlio-erkyzdeecsohoaggpwbjdvavzqfv/Build/Intermediates.noindex/WysiwygComposer.build/Debug-iphonesimulator/WysiwygComposer.build/Objects-normal/arm64/WysiwygComposer.swiftmodule -validate-clang-modules-once -clang-build-session-file /Users/aadityasingh/Library/Developer/Xcode/DerivedData/ModuleCache.noindex/Session.modulevalidation -Xcc -I/Users/aadityasingh/Library/Developer/Xcode/DerivedData/Chatlio-erkyzdeecsohoaggpwbjdvavzqfv/Build/Intermediates.noindex/WysiwygComposer.build/Debug-iphonesimulator/WysiwygComposer.build/swift-overrides.hmap -emit-const-values -Xfrontend -const-gather-protocols-file -Xfrontend /Users/aadityasingh/Library/Developer/Xcode/DerivedData/Chatlio-erkyzdeecsohoaggpwbjdvavzqfv/Build/Intermediates.noindex/WysiwygComposer.build/Debug-iphonesimulator/WysiwygComposer.build/Objects-normal/arm64/WysiwygComposer_const_extract_protocols.json -Xcc -I/Users/aadityasingh/Library/Developer/Xcode/DerivedData/Chatlio-erkyzdeecsohoaggpwbjdvavzqfv/SourcePackages/checkouts/DTFoundation/Core/include -Xcc -I/Users/aadityasingh/Library/Developer/Xcode/DerivedData/Chatlio-erkyzdeecsohoaggpwbjdvavzqfv/SourcePackages/checkouts/DTCoreText/Core/include -Xcc -I/Users/aadityasingh/Library/Developer/Xcode/DerivedData/Chatlio-erkyzdeecsohoaggpwbjdvavzqfv/SourcePackages/checkouts/matrix-rich-text-editor-swift/Sources/DTCoreTextExtended/include -Xcc -I/Users/aadityasingh/Library/Developer/Xcode/DerivedData/Chatlio-erkyzdeecsohoaggpwbjdvavzqfv/Build/Products/Debug-iphonesimulator/include -Xcc -I/Users/aadityasingh/Library/Developer/Xcode/DerivedData/Chatlio-erkyzdeecsohoaggpwbjdvavzqfv/Build/Intermediates.noindex/WysiwygComposer.build/Debug-iphonesimulator/WysiwygComposer.build/DerivedSources-normal/arm64 -Xcc -I/Users/aadityasingh/Library/Developer/Xcode/DerivedData/Chatlio-erkyzdeecsohoaggpwbjdvavzqfv/Build/Intermediates.noindex/WysiwygComposer.build/Debug-iphonesimulator/WysiwygComposer.build/DerivedSources/arm64 -Xcc -I/Users/aadityasingh/Library/Developer/Xcode/DerivedData/Chatlio-erkyzdeecsohoaggpwbjdvavzqfv/Build/Intermediates.noindex/WysiwygComposer.build/Debug-iphonesimulator/WysiwygComposer.build/DerivedSources -Xcc -DSWIFT_PACKAGE -Xcc -DDEBUG\=1 -emit-objc-header -emit-objc-header-path /Users/aadityasingh/Library/Developer/Xcode/DerivedData/Chatlio-erkyzdeecsohoaggpwbjdvavzqfv/Build/Intermediates.noindex/WysiwygComposer.build/Debug-iphonesimulator/WysiwygComposer.build/Objects-normal/arm64/WysiwygComposer-Swift.h -working-directory /Users/aadityasingh/Documents/Development/element-x-ios/Chatlio.xcodeproj -experimental-emit-module-separately -disable-cmo

SwiftCompile normal x86_64 Compiling\ Attribute.swift,\ Attributes.swift,\ BinarySearch.swift,\ BooleanAttribute.swift,\ CharacterExt.swift /Users/aadityasingh/Library/Developer/Xcode/DerivedData/Chatlio-erkyzdeecsohoaggpwbjdvavzqfv/SourcePackages/checkouts/SwiftSoup/Sources/Attribute.swift /Users/aadityasingh/Library/Developer/Xcode/DerivedData/Chatlio-erkyzdeecsohoaggpwbjdvavzqfv/SourcePackages/checkouts/SwiftSoup/Sources/Attributes.swift /Users/aadityasingh/Library/Developer/Xcode/DerivedData/Chatlio-erkyzdeecsohoaggpwbjdvavzqfv/SourcePackages/checkouts/SwiftSoup/Sources/BinarySearch.swift /Users/aadityasingh/Library/Developer/Xcode/DerivedData/Chatlio-erkyzdeecsohoaggpwbjdvavzqfv/SourcePackages/checkouts/SwiftSoup/Sources/BooleanAttribute.swift /Users/aadityasingh/Library/Developer/Xcode/DerivedData/Chatlio-erkyzdeecsohoaggpwbjdvavzqfv/SourcePackages/checkouts/SwiftSoup/Sources/CharacterExt.swift (in target 'SwiftSoup' from project 'SwiftSoup')

SwiftCompile normal x86_64 /Users/aadityasingh/Library/Developer/Xcode/DerivedData/Chatlio-erkyzdeecsohoaggpwbjdvavzqfv/SourcePackages/checkouts/SwiftSoup/Sources/Attribute.swift (in target 'SwiftSoup' from project 'SwiftSoup')
    cd /Users/aadityasingh/Documents/Development/element-x-ios/Chatlio.xcodeproj
    

SwiftCompile normal x86_64 /Users/aadityasingh/Library/Developer/Xcode/DerivedData/Chatlio-erkyzdeecsohoaggpwbjdvavzqfv/SourcePackages/checkouts/SwiftSoup/Sources/Attributes.swift (in target 'SwiftSoup' from project 'SwiftSoup')
    cd /Users/aadityasingh/Documents/Development/element-x-ios/Chatlio.xcodeproj
    

SwiftCompile normal x86_64 /Users/aadityasingh/Library/Developer/Xcode/DerivedData/Chatlio-erkyzdeecsohoaggpwbjdvavzqfv/SourcePackages/checkouts/SwiftSoup/Sources/BinarySearch.swift (in target 'SwiftSoup' from project 'SwiftSoup')
    cd /Users/aadityasingh/Documents/Development/element-x-ios/Chatlio.xcodeproj
    

SwiftCompile normal x86_64 /Users/aadityasingh/Library/Developer/Xcode/DerivedData/Chatlio-erkyzdeecsohoaggpwbjdvavzqfv/SourcePackages/checkouts/SwiftSoup/Sources/BooleanAttribute.swift (in target 'SwiftSoup' from project 'SwiftSoup')
    cd /Users/aadityasingh/Documents/Development/element-x-ios/Chatlio.xcodeproj
    

SwiftCompile normal x86_64 /Users/aadityasingh/Library/Developer/Xcode/DerivedData/Chatlio-erkyzdeecsohoaggpwbjdvavzqfv/SourcePackages/checkouts/SwiftSoup/Sources/CharacterExt.swift (in target 'SwiftSoup' from project 'SwiftSoup')
    cd /Users/aadityasingh/Documents/Development/element-x-ios/Chatlio.xcodeproj
    

SwiftCompile normal x86_64 Compiling\ TokeniserState.swift,\ TreeBuilder.swift,\ UTF8Arrays.swift,\ UnicodeScalar.swift /Users/aadityasingh/Library/Developer/Xcode/DerivedData/Chatlio-erkyzdeecsohoaggpwbjdvavzqfv/SourcePackages/checkouts/SwiftSoup/Sources/TokeniserState.swift /Users/aadityasingh/Library/Developer/Xcode/DerivedData/Chatlio-erkyzdeecsohoaggpwbjdvavzqfv/SourcePackages/checkouts/SwiftSoup/Sources/TreeBuilder.swift /Users/aadityasingh/Library/Developer/Xcode/DerivedData/Chatlio-erkyzdeecsohoaggpwbjdvavzqfv/SourcePackages/checkouts/SwiftSoup/Sources/UTF8Arrays.swift /Users/aadityasingh/Library/Developer/Xcode/DerivedData/Chatlio-erkyzdeecsohoaggpwbjdvavzqfv/SourcePackages/checkouts/SwiftSoup/Sources/UnicodeScalar.swift (in target 'SwiftSoup' from project 'SwiftSoup')

SwiftCompile normal x86_64 /Users/aadityasingh/Library/Developer/Xcode/DerivedData/Chatlio-erkyzdeecsohoaggpwbjdvavzqfv/SourcePackages/checkouts/SwiftSoup/Sources/TokeniserState.swift (in target 'SwiftSoup' from project 'SwiftSoup')
    cd /Users/aadityasingh/Documents/Development/element-x-ios/Chatlio.xcodeproj
    

SwiftCompile normal x86_64 /Users/aadityasingh/Library/Developer/Xcode/DerivedData/Chatlio-erkyzdeecsohoaggpwbjdvavzqfv/SourcePackages/checkouts/SwiftSoup/Sources/TreeBuilder.swift (in target 'SwiftSoup' from project 'SwiftSoup')
    cd /Users/aadityasingh/Documents/Development/element-x-ios/Chatlio.xcodeproj
    

SwiftCompile normal x86_64 /Users/aadityasingh/Library/Developer/Xcode/DerivedData/Chatlio-erkyzdeecsohoaggpwbjdvavzqfv/SourcePackages/checkouts/SwiftSoup/Sources/UTF8Arrays.swift (in target 'SwiftSoup' from project 'SwiftSoup')
    cd /Users/aadityasingh/Documents/Development/element-x-ios/Chatlio.xcodeproj
    

SwiftCompile normal x86_64 /Users/aadityasingh/Library/Developer/Xcode/DerivedData/Chatlio-erkyzdeecsohoaggpwbjdvavzqfv/SourcePackages/checkouts/SwiftSoup/Sources/UnicodeScalar.swift (in target 'SwiftSoup' from project 'SwiftSoup')
    cd /Users/aadityasingh/Documents/Development/element-x-ios/Chatlio.xcodeproj
    

SwiftDriverJobDiscovery normal x86_64 Compiling NodeVisitor.swift, OrderedSet.swift, ParseError.swift, ParseErrorList.swift, ParseSettings.swift (in target 'SwiftSoup' from project 'SwiftSoup')

SwiftCompile normal arm64 Compiling\ Elements.swift,\ Entities.swift,\ Evaluator.swift,\ Exception.swift,\ FormElement.swift /Users/aadityasingh/Library/Developer/Xcode/DerivedData/Chatlio-erkyzdeecsohoaggpwbjdvavzqfv/SourcePackages/checkouts/SwiftSoup/Sources/Elements.swift /Users/aadityasingh/Library/Developer/Xcode/DerivedData/Chatlio-erkyzdeecsohoaggpwbjdvavzqfv/SourcePackages/checkouts/SwiftSoup/Sources/Entities.swift /Users/aadityasingh/Library/Developer/Xcode/DerivedData/Chatlio-erkyzdeecsohoaggpwbjdvavzqfv/SourcePackages/checkouts/SwiftSoup/Sources/Evaluator.swift /Users/aadityasingh/Library/Developer/Xcode/DerivedData/Chatlio-erkyzdeecsohoaggpwbjdvavzqfv/SourcePackages/checkouts/SwiftSoup/Sources/Exception.swift /Users/aadityasingh/Library/Developer/Xcode/DerivedData/Chatlio-erkyzdeecsohoaggpwbjdvavzqfv/SourcePackages/checkouts/SwiftSoup/Sources/FormElement.swift (in target 'SwiftSoup' from project 'SwiftSoup')

SwiftCompile normal arm64 /Users/aadityasingh/Library/Developer/Xcode/DerivedData/Chatlio-erkyzdeecsohoaggpwbjdvavzqfv/SourcePackages/checkouts/SwiftSoup/Sources/Elements.swift (in target 'SwiftSoup' from project 'SwiftSoup')
    cd /Users/aadityasingh/Documents/Development/element-x-ios/Chatlio.xcodeproj
    

SwiftCompile normal arm64 /Users/aadityasingh/Library/Developer/Xcode/DerivedData/Chatlio-erkyzdeecsohoaggpwbjdvavzqfv/SourcePackages/checkouts/SwiftSoup/Sources/Entities.swift (in target 'SwiftSoup' from project 'SwiftSoup')
    cd /Users/aadityasingh/Documents/Development/element-x-ios/Chatlio.xcodeproj
    

SwiftCompile normal arm64 /Users/aadityasingh/Library/Developer/Xcode/DerivedData/Chatlio-erkyzdeecsohoaggpwbjdvavzqfv/SourcePackages/checkouts/SwiftSoup/Sources/Evaluator.swift (in target 'SwiftSoup' from project 'SwiftSoup')
    cd /Users/aadityasingh/Documents/Development/element-x-ios/Chatlio.xcodeproj
    

SwiftCompile normal arm64 /Users/aadityasingh/Library/Developer/Xcode/DerivedData/Chatlio-erkyzdeecsohoaggpwbjdvavzqfv/SourcePackages/checkouts/SwiftSoup/Sources/Exception.swift (in target 'SwiftSoup' from project 'SwiftSoup')
    cd /Users/aadityasingh/Documents/Development/element-x-ios/Chatlio.xcodeproj
    

SwiftCompile normal arm64 /Users/aadityasingh/Library/Developer/Xcode/DerivedData/Chatlio-erkyzdeecsohoaggpwbjdvavzqfv/SourcePackages/checkouts/SwiftSoup/Sources/FormElement.swift (in target 'SwiftSoup' from project 'SwiftSoup')
    cd /Users/aadityasingh/Documents/Development/element-x-ios/Chatlio.xcodeproj
    

SwiftDriverJobDiscovery normal x86_64 Compiling WysiwygComposer.swift (in target 'WysiwygComposer' from project 'WysiwygComposer')

SwiftDriver\ Compilation WysiwygComposer normal x86_64 com.apple.xcode.tools.swift.compiler (in target 'WysiwygComposer' from project 'WysiwygComposer')
    cd /Users/aadityasingh/Documents/Development/element-x-ios/Chatlio.xcodeproj
    builtin-Swift-Compilation -- /Applications/Xcode.app/Contents/Developer/Toolchains/XcodeDefault.xctoolchain/usr/bin/swiftc -module-name WysiwygComposer -Onone @/Users/aadityasingh/Library/Developer/Xcode/DerivedData/Chatlio-erkyzdeecsohoaggpwbjdvavzqfv/Build/Intermediates.noindex/WysiwygComposer.build/Debug-iphonesimulator/WysiwygComposer.build/Objects-normal/x86_64/WysiwygComposer.SwiftFileList -DSWIFT_PACKAGE -DDEBUG -DSWIFT_MODULE_RESOURCE_BUNDLE_UNAVAILABLE -Xcc -fmodule-map-file\=/Users/aadityasingh/Library/Developer/Xcode/DerivedData/Chatlio-erkyzdeecsohoaggpwbjdvavzqfv/Build/Intermediates.noindex/GeneratedModuleMaps-iphonesimulator/DTFoundation.modulemap -Xcc -fmodule-map-file\=/Users/aadityasingh/Library/Developer/Xcode/DerivedData/Chatlio-erkyzdeecsohoaggpwbjdvavzqfv/Build/Intermediates.noindex/GeneratedModuleMaps-iphonesimulator/DTCoreText.modulemap -Xcc -fmodule-map-file\=/Users/aadityasingh/Library/Developer/Xcode/DerivedData/Chatlio-erkyzdeecsohoaggpwbjdvavzqfv/Build/Intermediates.noindex/GeneratedModuleMaps-iphonesimulator/DTCoreTextExtended.modulemap -DXcode -plugin-path /Applications/Xcode.app/Contents/Developer/Toolchains/XcodeDefault.xctoolchain/usr/lib/swift/host/plugins/testing -enable-experimental-feature DebugDescriptionMacro -sdk /Applications/Xcode.app/Contents/Developer/Platforms/iPhoneSimulator.platform/Developer/SDKs/iPhoneSimulator26.4.sdk -target x86_64-apple-ios15.0-simulator -g -module-cache-path /Users/aadityasingh/Library/Developer/Xcode/DerivedData/ModuleCache.noindex -Xfrontend -serialize-debugging-options -profile-coverage-mapping -profile-generate -enable-testing -suppress-warnings -index-store-path /Users/aadityasingh/Library/Developer/Xcode/DerivedData/Chatlio-erkyzdeecsohoaggpwbjdvavzqfv/Index.noindex/DataStore -Xcc -D_LIBCPP_HARDENING_MODE\=_LIBCPP_HARDENING_MODE_DEBUG -swift-version 5 -I /Users/aadityasingh/Library/Developer/Xcode/DerivedData/Chatlio-erkyzdeecsohoaggpwbjdvavzqfv/Build/Products/Debug-iphonesimulator -Isystem /Applications/Xcode.app/Contents/Developer/Platforms/iPhoneSimulator.platform/Developer/usr/lib -F /Users/aadityasingh/Library/Developer/Xcode/DerivedData/Chatlio-erkyzdeecsohoaggpwbjdvavzqfv/Build/Products/Debug-iphonesimulator/PackageFrameworks -F /Users/aadityasingh/Library/Developer/Xcode/DerivedData/Chatlio-erkyzdeecsohoaggpwbjdvavzqfv/Build/Products/Debug-iphonesimulator/PackageFrameworks -F /Users/aadityasingh/Library/Developer/Xcode/DerivedData/Chatlio-erkyzdeecsohoaggpwbjdvavzqfv/Build/Products/Debug-iphonesimulator/PackageFrameworks -F /Users/aadityasingh/Library/Developer/Xcode/DerivedData/Chatlio-erkyzdeecsohoaggpwbjdvavzqfv/Build/Products/Debug-iphonesimulator/PackageFrameworks -F /Users/aadityasingh/Library/Developer/Xcode/DerivedData/Chatlio-erkyzdeecsohoaggpwbjdvavzqfv/Build/Products/Debug-iphonesimulator -F /Applications/Xcode.app/Contents/Developer/Platforms/iPhoneSimulator.platform/Developer/Library/Frameworks -F /Applications/Xcode.app/Contents/Developer/Platforms/iPhoneSimulator.platform/Developer/SDKs/iPhoneSimulator26.4.sdk/Developer/Library/Frameworks -c -j12 -enable-batch-mode -incremental -Xcc -ivfsstatcache -Xcc /Users/aadityasingh/Library/Developer/Xcode/DerivedData/SDKStatCaches.noindex/iphonesimulator26.4-23E252-686eebb5dc1d8ecb277353a59184f4aa.sdkstatcache -output-file-map /Users/aadityasingh/Library/Developer/Xcode/DerivedData/Chatlio-erkyzdeecsohoaggpwbjdvavzqfv/Build/Intermediates.noindex/WysiwygComposer.build/Debug-iphonesimulator/WysiwygComposer.build/Objects-normal/x86_64/WysiwygComposer-OutputFileMap.json -use-frontend-parseable-output -save-temps -no-color-diagnostics -explicit-module-build -module-cache-path /Users/aadityasingh/Library/Developer/Xcode/DerivedData/Chatlio-erkyzdeecsohoaggpwbjdvavzqfv/Build/Intermediates.noindex/SwiftExplicitPrecompiledModules -clang-scanner-module-cache-path /Users/aadityasingh/Library/Developer/Xcode/DerivedData/ModuleCache.noindex -sdk-module-cache-path /Users/aadityasingh/Library/Developer/Xcode/DerivedData/ModuleCache.noindex -serialize-diagnostics -emit-dependencies -emit-module -emit-module-path /Users/aadityasingh/Library/Developer/Xcode/DerivedData/Chatlio-erkyzdeecsohoaggpwbjdvavzqfv/Build/Intermediates.noindex/WysiwygComposer.build/Debug-iphonesimulator/WysiwygComposer.build/Objects-normal/x86_64/WysiwygComposer.swiftmodule -validate-clang-modules-once -clang-build-session-file /Users/aadityasingh/Library/Developer/Xcode/DerivedData/ModuleCache.noindex/Session.modulevalidation -Xcc -I/Users/aadityasingh/Library/Developer/Xcode/DerivedData/Chatlio-erkyzdeecsohoaggpwbjdvavzqfv/Build/Intermediates.noindex/WysiwygComposer.build/Debug-iphonesimulator/WysiwygComposer.build/swift-overrides.hmap -emit-const-values -Xfrontend -const-gather-protocols-file -Xfrontend /Users/aadityasingh/Library/Developer/Xcode/DerivedData/Chatlio-erkyzdeecsohoaggpwbjdvavzqfv/Build/Intermediates.noindex/WysiwygComposer.build/Debug-iphonesimulator/WysiwygComposer.build/Objects-normal/x86_64/WysiwygComposer_const_extract_protocols.json -Xcc -I/Users/aadityasingh/Library/Developer/Xcode/DerivedData/Chatlio-erkyzdeecsohoaggpwbjdvavzqfv/SourcePackages/checkouts/DTFoundation/Core/include -Xcc -I/Users/aadityasingh/Library/Developer/Xcode/DerivedData/Chatlio-erkyzdeecsohoaggpwbjdvavzqfv/SourcePackages/checkouts/DTCoreText/Core/include -Xcc -I/Users/aadityasingh/Library/Developer/Xcode/DerivedData/Chatlio-erkyzdeecsohoaggpwbjdvavzqfv/SourcePackages/checkouts/matrix-rich-text-editor-swift/Sources/DTCoreTextExtended/include -Xcc -I/Users/aadityasingh/Library/Developer/Xcode/DerivedData/Chatlio-erkyzdeecsohoaggpwbjdvavzqfv/Build/Products/Debug-iphonesimulator/include -Xcc -I/Users/aadityasingh/Library/Developer/Xcode/DerivedData/Chatlio-erkyzdeecsohoaggpwbjdvavzqfv/Build/Intermediates.noindex/WysiwygComposer.build/Debug-iphonesimulator/WysiwygComposer.build/DerivedSources-normal/x86_64 -Xcc -I/Users/aadityasingh/Library/Developer/Xcode/DerivedData/Chatlio-erkyzdeecsohoaggpwbjdvavzqfv/Build/Intermediates.noindex/WysiwygComposer.build/Debug-iphonesimulator/WysiwygComposer.build/DerivedSources/x86_64 -Xcc -I/Users/aadityasingh/Library/Developer/Xcode/DerivedData/Chatlio-erkyzdeecsohoaggpwbjdvavzqfv/Build/Intermediates.noindex/WysiwygComposer.build/Debug-iphonesimulator/WysiwygComposer.build/DerivedSources -Xcc -DSWIFT_PACKAGE -Xcc -DDEBUG\=1 -emit-objc-header -emit-objc-header-path /Users/aadityasingh/Library/Developer/Xcode/DerivedData/Chatlio-erkyzdeecsohoaggpwbjdvavzqfv/Build/Intermediates.noindex/WysiwygComposer.build/Debug-iphonesimulator/WysiwygComposer.build/Objects-normal/x86_64/WysiwygComposer-Swift.h -working-directory /Users/aadityasingh/Documents/Development/element-x-ios/Chatlio.xcodeproj -experimental-emit-module-separately -disable-cmo

SwiftDriverJobDiscovery normal arm64 Compiling NodeVisitor.swift, OrderedSet.swift, ParseError.swift, ParseErrorList.swift, ParseSettings.swift (in target 'SwiftSoup' from project 'SwiftSoup')

SwiftCompile normal x86_64 Compiling\ QueryParserCache.swift,\ StreamReader.swift,\ String.swift,\ StringBuilder.swift /Users/aadityasingh/Library/Developer/Xcode/DerivedData/Chatlio-erkyzdeecsohoaggpwbjdvavzqfv/SourcePackages/checkouts/SwiftSoup/Sources/QueryParserCache.swift /Users/aadityasingh/Library/Developer/Xcode/DerivedData/Chatlio-erkyzdeecsohoaggpwbjdvavzqfv/SourcePackages/checkouts/SwiftSoup/Sources/StreamReader.swift /Users/aadityasingh/Library/Developer/Xcode/DerivedData/Chatlio-erkyzdeecsohoaggpwbjdvavzqfv/SourcePackages/checkouts/SwiftSoup/Sources/String.swift /Users/aadityasingh/Library/Developer/Xcode/DerivedData/Chatlio-erkyzdeecsohoaggpwbjdvavzqfv/SourcePackages/checkouts/SwiftSoup/Sources/StringBuilder.swift (in target 'SwiftSoup' from project 'SwiftSoup')

SwiftCompile normal x86_64 /Users/aadityasingh/Library/Developer/Xcode/DerivedData/Chatlio-erkyzdeecsohoaggpwbjdvavzqfv/SourcePackages/checkouts/SwiftSoup/Sources/QueryParserCache.swift (in target 'SwiftSoup' from project 'SwiftSoup')
    cd /Users/aadityasingh/Documents/Development/element-x-ios/Chatlio.xcodeproj
    

SwiftCompile normal x86_64 /Users/aadityasingh/Library/Developer/Xcode/DerivedData/Chatlio-erkyzdeecsohoaggpwbjdvavzqfv/SourcePackages/checkouts/SwiftSoup/Sources/StreamReader.swift (in target 'SwiftSoup' from project 'SwiftSoup')
    cd /Users/aadityasingh/Documents/Development/element-x-ios/Chatlio.xcodeproj
    

SwiftCompile normal x86_64 /Users/aadityasingh/Library/Developer/Xcode/DerivedData/Chatlio-erkyzdeecsohoaggpwbjdvavzqfv/SourcePackages/checkouts/SwiftSoup/Sources/String.swift (in target 'SwiftSoup' from project 'SwiftSoup')
    cd /Users/aadityasingh/Documents/Development/element-x-ios/Chatlio.xcodeproj
    

SwiftCompile normal x86_64 /Users/aadityasingh/Library/Developer/Xcode/DerivedData/Chatlio-erkyzdeecsohoaggpwbjdvavzqfv/SourcePackages/checkouts/SwiftSoup/Sources/StringBuilder.swift (in target 'SwiftSoup' from project 'SwiftSoup')
    cd /Users/aadityasingh/Documents/Development/element-x-ios/Chatlio.xcodeproj
    

SwiftCompile normal x86_64 Compiling\ CharacterReader.swift,\ Cleaner.swift,\ Collector.swift,\ CombiningEvaluator.swift,\ Comment.swift /Users/aadityasingh/Library/Developer/Xcode/DerivedData/Chatlio-erkyzdeecsohoaggpwbjdvavzqfv/SourcePackages/checkouts/SwiftSoup/Sources/CharacterReader.swift /Users/aadityasingh/Library/Developer/Xcode/DerivedData/Chatlio-erkyzdeecsohoaggpwbjdvavzqfv/SourcePackages/checkouts/SwiftSoup/Sources/Cleaner.swift /Users/aadityasingh/Library/Developer/Xcode/DerivedData/Chatlio-erkyzdeecsohoaggpwbjdvavzqfv/SourcePackages/checkouts/SwiftSoup/Sources/Collector.swift /Users/aadityasingh/Library/Developer/Xcode/DerivedData/Chatlio-erkyzdeecsohoaggpwbjdvavzqfv/SourcePackages/checkouts/SwiftSoup/Sources/CombiningEvaluator.swift /Users/aadityasingh/Library/Developer/Xcode/DerivedData/Chatlio-erkyzdeecsohoaggpwbjdvavzqfv/SourcePackages/checkouts/SwiftSoup/Sources/Comment.swift (in target 'SwiftSoup' from project 'SwiftSoup')

SwiftCompile normal x86_64 /Users/aadityasingh/Library/Developer/Xcode/DerivedData/Chatlio-erkyzdeecsohoaggpwbjdvavzqfv/SourcePackages/checkouts/SwiftSoup/Sources/CharacterReader.swift (in target 'SwiftSoup' from project 'SwiftSoup')
    cd /Users/aadityasingh/Documents/Development/element-x-ios/Chatlio.xcodeproj
    

SwiftCompile normal x86_64 /Users/aadityasingh/Library/Developer/Xcode/DerivedData/Chatlio-erkyzdeecsohoaggpwbjdvavzqfv/SourcePackages/checkouts/SwiftSoup/Sources/Cleaner.swift (in target 'SwiftSoup' from project 'SwiftSoup')
    cd /Users/aadityasingh/Documents/Development/element-x-ios/Chatlio.xcodeproj
    

SwiftCompile normal x86_64 /Users/aadityasingh/Library/Developer/Xcode/DerivedData/Chatlio-erkyzdeecsohoaggpwbjdvavzqfv/SourcePackages/checkouts/SwiftSoup/Sources/Collector.swift (in target 'SwiftSoup' from project 'SwiftSoup')
    cd /Users/aadityasingh/Documents/Development/element-x-ios/Chatlio.xcodeproj
    

SwiftCompile normal x86_64 /Users/aadityasingh/Library/Developer/Xcode/DerivedData/Chatlio-erkyzdeecsohoaggpwbjdvavzqfv/SourcePackages/checkouts/SwiftSoup/Sources/CombiningEvaluator.swift (in target 'SwiftSoup' from project 'SwiftSoup')
    cd /Users/aadityasingh/Documents/Development/element-x-ios/Chatlio.xcodeproj
    

SwiftCompile normal x86_64 /Users/aadityasingh/Library/Developer/Xcode/DerivedData/Chatlio-erkyzdeecsohoaggpwbjdvavzqfv/SourcePackages/checkouts/SwiftSoup/Sources/Comment.swift (in target 'SwiftSoup' from project 'SwiftSoup')
    cd /Users/aadityasingh/Documents/Development/element-x-ios/Chatlio.xcodeproj
    

SwiftDriverJobDiscovery normal arm64 Compiling TextNode.swift, Token.swift, TokenQueue.swift, Tokeniser.swift (in target 'SwiftSoup' from project 'SwiftSoup')

SwiftCompile normal x86_64 Compiling\ Parser.swift,\ ParsingStrings.swift,\ Pattern.swift,\ QueryParser.swift /Users/aadityasingh/Library/Developer/Xcode/DerivedData/Chatlio-erkyzdeecsohoaggpwbjdvavzqfv/SourcePackages/checkouts/SwiftSoup/Sources/Parser.swift /Users/aadityasingh/Library/Developer/Xcode/DerivedData/Chatlio-erkyzdeecsohoaggpwbjdvavzqfv/SourcePackages/checkouts/SwiftSoup/Sources/ParsingStrings.swift /Users/aadityasingh/Library/Developer/Xcode/DerivedData/Chatlio-erkyzdeecsohoaggpwbjdvavzqfv/SourcePackages/checkouts/SwiftSoup/Sources/Pattern.swift /Users/aadityasingh/Library/Developer/Xcode/DerivedData/Chatlio-erkyzdeecsohoaggpwbjdvavzqfv/SourcePackages/checkouts/SwiftSoup/Sources/QueryParser.swift (in target 'SwiftSoup' from project 'SwiftSoup')

SwiftCompile normal x86_64 /Users/aadityasingh/Library/Developer/Xcode/DerivedData/Chatlio-erkyzdeecsohoaggpwbjdvavzqfv/SourcePackages/checkouts/SwiftSoup/Sources/Parser.swift (in target 'SwiftSoup' from project 'SwiftSoup')
    cd /Users/aadityasingh/Documents/Development/element-x-ios/Chatlio.xcodeproj
    

SwiftCompile normal x86_64 /Users/aadityasingh/Library/Developer/Xcode/DerivedData/Chatlio-erkyzdeecsohoaggpwbjdvavzqfv/SourcePackages/checkouts/SwiftSoup/Sources/ParsingStrings.swift (in target 'SwiftSoup' from project 'SwiftSoup')
    cd /Users/aadityasingh/Documents/Development/element-x-ios/Chatlio.xcodeproj
    

SwiftCompile normal x86_64 /Users/aadityasingh/Library/Developer/Xcode/DerivedData/Chatlio-erkyzdeecsohoaggpwbjdvavzqfv/SourcePackages/checkouts/SwiftSoup/Sources/Pattern.swift (in target 'SwiftSoup' from project 'SwiftSoup')
    cd /Users/aadityasingh/Documents/Development/element-x-ios/Chatlio.xcodeproj
    

SwiftCompile normal x86_64 /Users/aadityasingh/Library/Developer/Xcode/DerivedData/Chatlio-erkyzdeecsohoaggpwbjdvavzqfv/SourcePackages/checkouts/SwiftSoup/Sources/QueryParser.swift (in target 'SwiftSoup' from project 'SwiftSoup')
    cd /Users/aadityasingh/Documents/Development/element-x-ios/Chatlio.xcodeproj
    

SwiftDriverJobDiscovery normal arm64 Compiling Parser.swift, ParsingStrings.swift, Pattern.swift, QueryParser.swift (in target 'SwiftSoup' from project 'SwiftSoup')

SwiftCompile normal arm64 Compiling\ StringUtil.swift,\ StructuralEvaluator.swift,\ SwiftSoup.swift,\ Tag.swift /Users/aadityasingh/Library/Developer/Xcode/DerivedData/Chatlio-erkyzdeecsohoaggpwbjdvavzqfv/SourcePackages/checkouts/SwiftSoup/Sources/StringUtil.swift /Users/aadityasingh/Library/Developer/Xcode/DerivedData/Chatlio-erkyzdeecsohoaggpwbjdvavzqfv/SourcePackages/checkouts/SwiftSoup/Sources/StructuralEvaluator.swift /Users/aadityasingh/Library/Developer/Xcode/DerivedData/Chatlio-erkyzdeecsohoaggpwbjdvavzqfv/SourcePackages/checkouts/SwiftSoup/Sources/SwiftSoup.swift /Users/aadityasingh/Library/Developer/Xcode/DerivedData/Chatlio-erkyzdeecsohoaggpwbjdvavzqfv/SourcePackages/checkouts/SwiftSoup/Sources/Tag.swift (in target 'SwiftSoup' from project 'SwiftSoup')

SwiftCompile normal arm64 /Users/aadityasingh/Library/Developer/Xcode/DerivedData/Chatlio-erkyzdeecsohoaggpwbjdvavzqfv/SourcePackages/checkouts/SwiftSoup/Sources/StringUtil.swift (in target 'SwiftSoup' from project 'SwiftSoup')
    cd /Users/aadityasingh/Documents/Development/element-x-ios/Chatlio.xcodeproj
    

SwiftCompile normal arm64 /Users/aadityasingh/Library/Developer/Xcode/DerivedData/Chatlio-erkyzdeecsohoaggpwbjdvavzqfv/SourcePackages/checkouts/SwiftSoup/Sources/StructuralEvaluator.swift (in target 'SwiftSoup' from project 'SwiftSoup')
    cd /Users/aadityasingh/Documents/Development/element-x-ios/Chatlio.xcodeproj
    

SwiftCompile normal arm64 /Users/aadityasingh/Library/Developer/Xcode/DerivedData/Chatlio-erkyzdeecsohoaggpwbjdvavzqfv/SourcePackages/checkouts/SwiftSoup/Sources/SwiftSoup.swift (in target 'SwiftSoup' from project 'SwiftSoup')
    cd /Users/aadityasingh/Documents/Development/element-x-ios/Chatlio.xcodeproj
    

SwiftCompile normal arm64 /Users/aadityasingh/Library/Developer/Xcode/DerivedData/Chatlio-erkyzdeecsohoaggpwbjdvavzqfv/SourcePackages/checkouts/SwiftSoup/Sources/Tag.swift (in target 'SwiftSoup' from project 'SwiftSoup')
    cd /Users/aadityasingh/Documents/Development/element-x-ios/Chatlio.xcodeproj
    

SwiftDriverJobDiscovery normal x86_64 Compiling Validate.swift, Whitelist.swift, XmlDeclaration.swift, XmlTreeBuilder.swift (in target 'SwiftSoup' from project 'SwiftSoup')

SwiftDriverJobDiscovery normal x86_64 Compiling Attribute.swift, Attributes.swift, BinarySearch.swift, BooleanAttribute.swift, CharacterExt.swift (in target 'SwiftSoup' from project 'SwiftSoup')

SwiftCompile normal arm64 Compiling\ _HashTable.swift,\ _Hashtable+Header.swift,\ OrderedDictionary+Codable.swift,\ OrderedDictionary+CustomReflectable.swift,\ OrderedDictionary+Deprecations.swift /Users/aadityasingh/Library/Developer/Xcode/DerivedData/Chatlio-erkyzdeecsohoaggpwbjdvavzqfv/SourcePackages/checkouts/swift-collections/Sources/OrderedCollections/HashTable/_HashTable.swift /Users/aadityasingh/Library/Developer/Xcode/DerivedData/Chatlio-erkyzdeecsohoaggpwbjdvavzqfv/SourcePackages/checkouts/swift-collections/Sources/OrderedCollections/HashTable/_Hashtable+Header.swift /Users/aadityasingh/Library/Developer/Xcode/DerivedData/Chatlio-erkyzdeecsohoaggpwbjdvavzqfv/SourcePackages/checkouts/swift-collections/Sources/OrderedCollections/OrderedDictionary/OrderedDictionary+Codable.swift /Users/aadityasingh/Library/Developer/Xcode/DerivedData/Chatlio-erkyzdeecsohoaggpwbjdvavzqfv/SourcePackages/checkouts/swift-collections/Sources/OrderedCollections/OrderedDictionary/OrderedDictionary+CustomReflectable.swift /Users/aadityasingh/Library/Developer/Xcode/DerivedData/Chatlio-erkyzdeecsohoaggpwbjdvavzqfv/SourcePackages/checkouts/swift-collections/Sources/OrderedCollections/OrderedDictionary/OrderedDictionary+Deprecations.swift (in target 'OrderedCollections' from project 'swift-collections')

SwiftCompile normal arm64 /Users/aadityasingh/Library/Developer/Xcode/DerivedData/Chatlio-erkyzdeecsohoaggpwbjdvavzqfv/SourcePackages/checkouts/swift-collections/Sources/OrderedCollections/HashTable/_HashTable.swift (in target 'OrderedCollections' from project 'swift-collections')
    cd /Users/aadityasingh/Documents/Development/element-x-ios/Chatlio.xcodeproj
    

SwiftCompile normal arm64 /Users/aadityasingh/Library/Developer/Xcode/DerivedData/Chatlio-erkyzdeecsohoaggpwbjdvavzqfv/SourcePackages/checkouts/swift-collections/Sources/OrderedCollections/HashTable/_Hashtable+Header.swift (in target 'OrderedCollections' from project 'swift-collections')
    cd /Users/aadityasingh/Documents/Development/element-x-ios/Chatlio.xcodeproj
    

SwiftCompile normal arm64 /Users/aadityasingh/Library/Developer/Xcode/DerivedData/Chatlio-erkyzdeecsohoaggpwbjdvavzqfv/SourcePackages/checkouts/swift-collections/Sources/OrderedCollections/OrderedDictionary/OrderedDictionary+Codable.swift (in target 'OrderedCollections' from project 'swift-collections')
    cd /Users/aadityasingh/Documents/Development/element-x-ios/Chatlio.xcodeproj
    

SwiftCompile normal arm64 /Users/aadityasingh/Library/Developer/Xcode/DerivedData/Chatlio-erkyzdeecsohoaggpwbjdvavzqfv/SourcePackages/checkouts/swift-collections/Sources/OrderedCollections/OrderedDictionary/OrderedDictionary+CustomReflectable.swift (in target 'OrderedCollections' from project 'swift-collections')
    cd /Users/aadityasingh/Documents/Development/element-x-ios/Chatlio.xcodeproj
    

SwiftCompile normal arm64 /Users/aadityasingh/Library/Developer/Xcode/DerivedData/Chatlio-erkyzdeecsohoaggpwbjdvavzqfv/SourcePackages/checkouts/swift-collections/Sources/OrderedCollections/OrderedDictionary/OrderedDictionary+Deprecations.swift (in target 'OrderedCollections' from project 'swift-collections')
    cd /Users/aadityasingh/Documents/Development/element-x-ios/Chatlio.xcodeproj
    

SwiftDriverJobDiscovery normal arm64 Compiling TokeniserState.swift, TreeBuilder.swift, UTF8Arrays.swift, UnicodeScalar.swift (in target 'SwiftSoup' from project 'SwiftSoup')

SwiftCompile normal arm64 Compiling\ OrderedDictionary+Sendable.swift,\ OrderedDictionary+Sequence.swift,\ OrderedDictionary+Values.swift,\ OrderedDictionary.swift,\ OrderedSet+Codable.swift /Users/aadityasingh/Library/Developer/Xcode/DerivedData/Chatlio-erkyzdeecsohoaggpwbjdvavzqfv/SourcePackages/checkouts/swift-collections/Sources/OrderedCollections/OrderedDictionary/OrderedDictionary+Sendable.swift /Users/aadityasingh/Library/Developer/Xcode/DerivedData/Chatlio-erkyzdeecsohoaggpwbjdvavzqfv/SourcePackages/checkouts/swift-collections/Sources/OrderedCollections/OrderedDictionary/OrderedDictionary+Sequence.swift /Users/aadityasingh/Library/Developer/Xcode/DerivedData/Chatlio-erkyzdeecsohoaggpwbjdvavzqfv/SourcePackages/checkouts/swift-collections/Sources/OrderedCollections/OrderedDictionary/OrderedDictionary+Values.swift /Users/aadityasingh/Library/Developer/Xcode/DerivedData/Chatlio-erkyzdeecsohoaggpwbjdvavzqfv/SourcePackages/checkouts/swift-collections/Sources/OrderedCollections/OrderedDictionary/OrderedDictionary.swift /Users/aadityasingh/Library/Developer/Xcode/DerivedData/Chatlio-erkyzdeecsohoaggpwbjdvavzqfv/SourcePackages/checkouts/swift-collections/Sources/OrderedCollections/OrderedSet/OrderedSet+Codable.swift (in target 'OrderedCollections' from project 'swift-collections')

SwiftCompile normal arm64 /Users/aadityasingh/Library/Developer/Xcode/DerivedData/Chatlio-erkyzdeecsohoaggpwbjdvavzqfv/SourcePackages/checkouts/swift-collections/Sources/OrderedCollections/OrderedDictionary/OrderedDictionary+Sendable.swift (in target 'OrderedCollections' from project 'swift-collections')
    cd /Users/aadityasingh/Documents/Development/element-x-ios/Chatlio.xcodeproj
    

SwiftCompile normal arm64 /Users/aadityasingh/Library/Developer/Xcode/DerivedData/Chatlio-erkyzdeecsohoaggpwbjdvavzqfv/SourcePackages/checkouts/swift-collections/Sources/OrderedCollections/OrderedDictionary/OrderedDictionary+Sequence.swift (in target 'OrderedCollections' from project 'swift-collections')
    cd /Users/aadityasingh/Documents/Development/element-x-ios/Chatlio.xcodeproj
    

SwiftCompile normal arm64 /Users/aadityasingh/Library/Developer/Xcode/DerivedData/Chatlio-erkyzdeecsohoaggpwbjdvavzqfv/SourcePackages/checkouts/swift-collections/Sources/OrderedCollections/OrderedDictionary/OrderedDictionary+Values.swift (in target 'OrderedCollections' from project 'swift-collections')
    cd /Users/aadityasingh/Documents/Development/element-x-ios/Chatlio.xcodeproj
    

SwiftCompile normal arm64 /Users/aadityasingh/Library/Developer/Xcode/DerivedData/Chatlio-erkyzdeecsohoaggpwbjdvavzqfv/SourcePackages/checkouts/swift-collections/Sources/OrderedCollections/OrderedDictionary/OrderedDictionary.swift (in target 'OrderedCollections' from project 'swift-collections')
    cd /Users/aadityasingh/Documents/Development/element-x-ios/Chatlio.xcodeproj
    

SwiftCompile normal arm64 /Users/aadityasingh/Library/Developer/Xcode/DerivedData/Chatlio-erkyzdeecsohoaggpwbjdvavzqfv/SourcePackages/checkouts/swift-collections/Sources/OrderedCollections/OrderedSet/OrderedSet+Codable.swift (in target 'OrderedCollections' from project 'swift-collections')
    cd /Users/aadityasingh/Documents/Development/element-x-ios/Chatlio.xcodeproj
    

SwiftCompile normal x86_64 Compiling\ OrderedSet+Partial\ SetAlgebra\ isSuperset.swift,\ OrderedSet+Partial\ SetAlgebra\ subtract.swift,\ OrderedSet+Partial\ SetAlgebra\ subtracting.swift,\ OrderedSet+Partial\ SetAlgebra\ symmetricDifference.swift,\ OrderedSet+Partial\ SetAlgebra\ union.swift /Users/aadityasingh/Library/Developer/Xcode/DerivedData/Chatlio-erkyzdeecsohoaggpwbjdvavzqfv/SourcePackages/checkouts/swift-collections/Sources/OrderedCollections/OrderedSet/OrderedSet+Partial\ SetAlgebra\ isSuperset.swift /Users/aadityasingh/Library/Developer/Xcode/DerivedData/Chatlio-erkyzdeecsohoaggpwbjdvavzqfv/SourcePackages/checkouts/swift-collections/Sources/OrderedCollections/OrderedSet/OrderedSet+Partial\ SetAlgebra\ subtract.swift /Users/aadityasingh/Library/Developer/Xcode/DerivedData/Chatlio-erkyzdeecsohoaggpwbjdvavzqfv/SourcePackages/checkouts/swift-collections/Sources/OrderedCollections/OrderedSet/OrderedSet+Partial\ SetAlgebra\ subtracting.swift /Users/aadityasingh/Library/Developer/Xcode/DerivedData/Chatlio-erkyzdeecsohoaggpwbjdvavzqfv/SourcePackages/checkouts/swift-collections/Sources/OrderedCollections/OrderedSet/OrderedSet+Partial\ SetAlgebra\ symmetricDifference.swift /Users/aadityasingh/Library/Developer/Xcode/DerivedData/Chatlio-erkyzdeecsohoaggpwbjdvavzqfv/SourcePackages/checkouts/swift-collections/Sources/OrderedCollections/OrderedSet/OrderedSet+Partial\ SetAlgebra\ union.swift (in target 'OrderedCollections' from project 'swift-collections')

SwiftCompile normal x86_64 /Users/aadityasingh/Library/Developer/Xcode/DerivedData/Chatlio-erkyzdeecsohoaggpwbjdvavzqfv/SourcePackages/checkouts/swift-collections/Sources/OrderedCollections/OrderedSet/OrderedSet+Partial\ SetAlgebra\ isSuperset.swift (in target 'OrderedCollections' from project 'swift-collections')
    cd /Users/aadityasingh/Documents/Development/element-x-ios/Chatlio.xcodeproj
    

SwiftCompile normal x86_64 /Users/aadityasingh/Library/Developer/Xcode/DerivedData/Chatlio-erkyzdeecsohoaggpwbjdvavzqfv/SourcePackages/checkouts/swift-collections/Sources/OrderedCollections/OrderedSet/OrderedSet+Partial\ SetAlgebra\ subtract.swift (in target 'OrderedCollections' from project 'swift-collections')
    cd /Users/aadityasingh/Documents/Development/element-x-ios/Chatlio.xcodeproj
    

SwiftCompile normal x86_64 /Users/aadityasingh/Library/Developer/Xcode/DerivedData/Chatlio-erkyzdeecsohoaggpwbjdvavzqfv/SourcePackages/checkouts/swift-collections/Sources/OrderedCollections/OrderedSet/OrderedSet+Partial\ SetAlgebra\ subtracting.swift (in target 'OrderedCollections' from project 'swift-collections')
    cd /Users/aadityasingh/Documents/Development/element-x-ios/Chatlio.xcodeproj
    

SwiftCompile normal x86_64 /Users/aadityasingh/Library/Developer/Xcode/DerivedData/Chatlio-erkyzdeecsohoaggpwbjdvavzqfv/SourcePackages/checkouts/swift-collections/Sources/OrderedCollections/OrderedSet/OrderedSet+Partial\ SetAlgebra\ symmetricDifference.swift (in target 'OrderedCollections' from project 'swift-collections')
    cd /Users/aadityasingh/Documents/Development/element-x-ios/Chatlio.xcodeproj
    

SwiftCompile normal x86_64 /Users/aadityasingh/Library/Developer/Xcode/DerivedData/Chatlio-erkyzdeecsohoaggpwbjdvavzqfv/SourcePackages/checkouts/swift-collections/Sources/OrderedCollections/OrderedSet/OrderedSet+Partial\ SetAlgebra\ union.swift (in target 'OrderedCollections' from project 'swift-collections')
    cd /Users/aadityasingh/Documents/Development/element-x-ios/Chatlio.xcodeproj
    

SwiftDriverJobDiscovery normal x86_64 Compiling CharacterReader.swift, Cleaner.swift, Collector.swift, CombiningEvaluator.swift, Comment.swift (in target 'SwiftSoup' from project 'SwiftSoup')

SwiftCompile normal x86_64 Compiling\ OrderedSet+Partial\ SetAlgebra\ isDisjoint.swift,\ OrderedSet+Partial\ SetAlgebra\ isEqualSet.swift,\ OrderedSet+Partial\ SetAlgebra\ isStrictSubset.swift,\ OrderedSet+Partial\ SetAlgebra\ isStrictSuperset.swift,\ OrderedSet+Partial\ SetAlgebra\ isSubset.swift /Users/aadityasingh/Library/Developer/Xcode/DerivedData/Chatlio-erkyzdeecsohoaggpwbjdvavzqfv/SourcePackages/checkouts/swift-collections/Sources/OrderedCollections/OrderedSet/OrderedSet+Partial\ SetAlgebra\ isDisjoint.swift /Users/aadityasingh/Library/Developer/Xcode/DerivedData/Chatlio-erkyzdeecsohoaggpwbjdvavzqfv/SourcePackages/checkouts/swift-collections/Sources/OrderedCollections/OrderedSet/OrderedSet+Partial\ SetAlgebra\ isEqualSet.swift /Users/aadityasingh/Library/Developer/Xcode/DerivedData/Chatlio-erkyzdeecsohoaggpwbjdvavzqfv/SourcePackages/checkouts/swift-collections/Sources/OrderedCollections/OrderedSet/OrderedSet+Partial\ SetAlgebra\ isStrictSubset.swift /Users/aadityasingh/Library/Developer/Xcode/DerivedData/Chatlio-erkyzdeecsohoaggpwbjdvavzqfv/SourcePackages/checkouts/swift-collections/Sources/OrderedCollections/OrderedSet/OrderedSet+Partial\ SetAlgebra\ isStrictSuperset.swift /Users/aadityasingh/Library/Developer/Xcode/DerivedData/Chatlio-erkyzdeecsohoaggpwbjdvavzqfv/SourcePackages/checkouts/swift-collections/Sources/OrderedCollections/OrderedSet/OrderedSet+Partial\ SetAlgebra\ isSubset.swift (in target 'OrderedCollections' from project 'swift-collections')

SwiftCompile normal x86_64 /Users/aadityasingh/Library/Developer/Xcode/DerivedData/Chatlio-erkyzdeecsohoaggpwbjdvavzqfv/SourcePackages/checkouts/swift-collections/Sources/OrderedCollections/OrderedSet/OrderedSet+Partial\ SetAlgebra\ isDisjoint.swift (in target 'OrderedCollections' from project 'swift-collections')
    cd /Users/aadityasingh/Documents/Development/element-x-ios/Chatlio.xcodeproj
    

SwiftCompile normal x86_64 /Users/aadityasingh/Library/Developer/Xcode/DerivedData/Chatlio-erkyzdeecsohoaggpwbjdvavzqfv/SourcePackages/checkouts/swift-collections/Sources/OrderedCollections/OrderedSet/OrderedSet+Partial\ SetAlgebra\ isEqualSet.swift (in target 'OrderedCollections' from project 'swift-collections')
    cd /Users/aadityasingh/Documents/Development/element-x-ios/Chatlio.xcodeproj
    

SwiftCompile normal x86_64 /Users/aadityasingh/Library/Developer/Xcode/DerivedData/Chatlio-erkyzdeecsohoaggpwbjdvavzqfv/SourcePackages/checkouts/swift-collections/Sources/OrderedCollections/OrderedSet/OrderedSet+Partial\ SetAlgebra\ isStrictSubset.swift (in target 'OrderedCollections' from project 'swift-collections')
    cd /Users/aadityasingh/Documents/Development/element-x-ios/Chatlio.xcodeproj
    

SwiftCompile normal x86_64 /Users/aadityasingh/Library/Developer/Xcode/DerivedData/Chatlio-erkyzdeecsohoaggpwbjdvavzqfv/SourcePackages/checkouts/swift-collections/Sources/OrderedCollections/OrderedSet/OrderedSet+Partial\ SetAlgebra\ isStrictSuperset.swift (in target 'OrderedCollections' from project 'swift-collections')
    cd /Users/aadityasingh/Documents/Development/element-x-ios/Chatlio.xcodeproj
    

SwiftCompile normal x86_64 /Users/aadityasingh/Library/Developer/Xcode/DerivedData/Chatlio-erkyzdeecsohoaggpwbjdvavzqfv/SourcePackages/checkouts/swift-collections/Sources/OrderedCollections/OrderedSet/OrderedSet+Partial\ SetAlgebra\ isSubset.swift (in target 'OrderedCollections' from project 'swift-collections')
    cd /Users/aadityasingh/Documents/Development/element-x-ios/Chatlio.xcodeproj
    

SwiftDriverJobDiscovery normal x86_64 Compiling TokeniserState.swift, TreeBuilder.swift, UTF8Arrays.swift, UnicodeScalar.swift (in target 'SwiftSoup' from project 'SwiftSoup')

SwiftCompile normal arm64 Compiling\ OrderedSet+Partial\ SetAlgebra+Basics.swift,\ OrderedSet+RandomAccessCollection.swift,\ OrderedSet+ReserveCapacity.swift,\ OrderedSet+Sendable.swift,\ OrderedSet+SubSequence.swift /Users/aadityasingh/Library/Developer/Xcode/DerivedData/Chatlio-erkyzdeecsohoaggpwbjdvavzqfv/SourcePackages/checkouts/swift-collections/Sources/OrderedCollections/OrderedSet/OrderedSet+Partial\ SetAlgebra+Basics.swift /Users/aadityasingh/Library/Developer/Xcode/DerivedData/Chatlio-erkyzdeecsohoaggpwbjdvavzqfv/SourcePackages/checkouts/swift-collections/Sources/OrderedCollections/OrderedSet/OrderedSet+RandomAccessCollection.swift /Users/aadityasingh/Library/Developer/Xcode/DerivedData/Chatlio-erkyzdeecsohoaggpwbjdvavzqfv/SourcePackages/checkouts/swift-collections/Sources/OrderedCollections/OrderedSet/OrderedSet+ReserveCapacity.swift /Users/aadityasingh/Library/Developer/Xcode/DerivedData/Chatlio-erkyzdeecsohoaggpwbjdvavzqfv/SourcePackages/checkouts/swift-collections/Sources/OrderedCollections/OrderedSet/OrderedSet+Sendable.swift /Users/aadityasingh/Library/Developer/Xcode/DerivedData/Chatlio-erkyzdeecsohoaggpwbjdvavzqfv/SourcePackages/checkouts/swift-collections/Sources/OrderedCollections/OrderedSet/OrderedSet+SubSequence.swift (in target 'OrderedCollections' from project 'swift-collections')

SwiftCompile normal arm64 /Users/aadityasingh/Library/Developer/Xcode/DerivedData/Chatlio-erkyzdeecsohoaggpwbjdvavzqfv/SourcePackages/checkouts/swift-collections/Sources/OrderedCollections/OrderedSet/OrderedSet+Partial\ SetAlgebra+Basics.swift (in target 'OrderedCollections' from project 'swift-collections')
    cd /Users/aadityasingh/Documents/Development/element-x-ios/Chatlio.xcodeproj
    

SwiftCompile normal arm64 /Users/aadityasingh/Library/Developer/Xcode/DerivedData/Chatlio-erkyzdeecsohoaggpwbjdvavzqfv/SourcePackages/checkouts/swift-collections/Sources/OrderedCollections/OrderedSet/OrderedSet+RandomAccessCollection.swift (in target 'OrderedCollections' from project 'swift-collections')
    cd /Users/aadityasingh/Documents/Development/element-x-ios/Chatlio.xcodeproj
    

SwiftCompile normal arm64 /Users/aadityasingh/Library/Developer/Xcode/DerivedData/Chatlio-erkyzdeecsohoaggpwbjdvavzqfv/SourcePackages/checkouts/swift-collections/Sources/OrderedCollections/OrderedSet/OrderedSet+ReserveCapacity.swift (in target 'OrderedCollections' from project 'swift-collections')
    cd /Users/aadityasingh/Documents/Development/element-x-ios/Chatlio.xcodeproj
    

SwiftCompile normal arm64 /Users/aadityasingh/Library/Developer/Xcode/DerivedData/Chatlio-erkyzdeecsohoaggpwbjdvavzqfv/SourcePackages/checkouts/swift-collections/Sources/OrderedCollections/OrderedSet/OrderedSet+Sendable.swift (in target 'OrderedCollections' from project 'swift-collections')
    cd /Users/aadityasingh/Documents/Development/element-x-ios/Chatlio.xcodeproj
    

SwiftCompile normal arm64 /Users/aadityasingh/Library/Developer/Xcode/DerivedData/Chatlio-erkyzdeecsohoaggpwbjdvavzqfv/SourcePackages/checkouts/swift-collections/Sources/OrderedCollections/OrderedSet/OrderedSet+SubSequence.swift (in target 'OrderedCollections' from project 'swift-collections')
    cd /Users/aadityasingh/Documents/Development/element-x-ios/Chatlio.xcodeproj
    

SwiftDriverJobDiscovery normal arm64 Compiling _HashTable.swift, _Hashtable+Header.swift, OrderedDictionary+Codable.swift, OrderedDictionary+CustomReflectable.swift, OrderedDictionary+Deprecations.swift (in target 'OrderedCollections' from project 'swift-collections')

SwiftCompile normal arm64 Compiling\ OrderedSet+Hashable.swift,\ OrderedSet+Initializers.swift,\ OrderedSet+Insertions.swift,\ OrderedSet+Invariants.swift,\ OrderedSet+Partial\ MutableCollection.swift /Users/aadityasingh/Library/Developer/Xcode/DerivedData/Chatlio-erkyzdeecsohoaggpwbjdvavzqfv/SourcePackages/checkouts/swift-collections/Sources/OrderedCollections/OrderedSet/OrderedSet+Hashable.swift /Users/aadityasingh/Library/Developer/Xcode/DerivedData/Chatlio-erkyzdeecsohoaggpwbjdvavzqfv/SourcePackages/checkouts/swift-collections/Sources/OrderedCollections/OrderedSet/OrderedSet+Initializers.swift /Users/aadityasingh/Library/Developer/Xcode/DerivedData/Chatlio-erkyzdeecsohoaggpwbjdvavzqfv/SourcePackages/checkouts/swift-collections/Sources/OrderedCollections/OrderedSet/OrderedSet+Insertions.swift /Users/aadityasingh/Library/Developer/Xcode/DerivedData/Chatlio-erkyzdeecsohoaggpwbjdvavzqfv/SourcePackages/checkouts/swift-collections/Sources/OrderedCollections/OrderedSet/OrderedSet+Invariants.swift /Users/aadityasingh/Library/Developer/Xcode/DerivedData/Chatlio-erkyzdeecsohoaggpwbjdvavzqfv/SourcePackages/checkouts/swift-collections/Sources/OrderedCollections/OrderedSet/OrderedSet+Partial\ MutableCollection.swift (in target 'OrderedCollections' from project 'swift-collections')

SwiftCompile normal arm64 /Users/aadityasingh/Library/Developer/Xcode/DerivedData/Chatlio-erkyzdeecsohoaggpwbjdvavzqfv/SourcePackages/checkouts/swift-collections/Sources/OrderedCollections/OrderedSet/OrderedSet+Hashable.swift (in target 'OrderedCollections' from project 'swift-collections')
    cd /Users/aadityasingh/Documents/Development/element-x-ios/Chatlio.xcodeproj
    

SwiftCompile normal arm64 /Users/aadityasingh/Library/Developer/Xcode/DerivedData/Chatlio-erkyzdeecsohoaggpwbjdvavzqfv/SourcePackages/checkouts/swift-collections/Sources/OrderedCollections/OrderedSet/OrderedSet+Initializers.swift (in target 'OrderedCollections' from project 'swift-collections')
    cd /Users/aadityasingh/Documents/Development/element-x-ios/Chatlio.xcodeproj
    

SwiftCompile normal arm64 /Users/aadityasingh/Library/Developer/Xcode/DerivedData/Chatlio-erkyzdeecsohoaggpwbjdvavzqfv/SourcePackages/checkouts/swift-collections/Sources/OrderedCollections/OrderedSet/OrderedSet+Insertions.swift (in target 'OrderedCollections' from project 'swift-collections')
    cd /Users/aadityasingh/Documents/Development/element-x-ios/Chatlio.xcodeproj
    

SwiftCompile normal arm64 /Users/aadityasingh/Library/Developer/Xcode/DerivedData/Chatlio-erkyzdeecsohoaggpwbjdvavzqfv/SourcePackages/checkouts/swift-collections/Sources/OrderedCollections/OrderedSet/OrderedSet+Invariants.swift (in target 'OrderedCollections' from project 'swift-collections')
    cd /Users/aadityasingh/Documents/Development/element-x-ios/Chatlio.xcodeproj
    

SwiftCompile normal arm64 /Users/aadityasingh/Library/Developer/Xcode/DerivedData/Chatlio-erkyzdeecsohoaggpwbjdvavzqfv/SourcePackages/checkouts/swift-collections/Sources/OrderedCollections/OrderedSet/OrderedSet+Partial\ MutableCollection.swift (in target 'OrderedCollections' from project 'swift-collections')
    cd /Users/aadityasingh/Documents/Development/element-x-ios/Chatlio.xcodeproj
    

SwiftDriverJobDiscovery normal x86_64 Compiling CssSelector.swift, DataNode.swift, Document.swift, DocumentType.swift, Element.swift (in target 'SwiftSoup' from project 'SwiftSoup')

SwiftCompile normal arm64 Compiling\ OrderedSet+Partial\ RangeReplaceableCollection.swift,\ OrderedSet+Partial\ SetAlgebra\ formIntersection.swift,\ OrderedSet+Partial\ SetAlgebra\ formSymmetricDifference.swift,\ OrderedSet+Partial\ SetAlgebra\ formUnion.swift,\ OrderedSet+Partial\ SetAlgebra\ intersection.swift /Users/aadityasingh/Library/Developer/Xcode/DerivedData/Chatlio-erkyzdeecsohoaggpwbjdvavzqfv/SourcePackages/checkouts/swift-collections/Sources/OrderedCollections/OrderedSet/OrderedSet+Partial\ RangeReplaceableCollection.swift /Users/aadityasingh/Library/Developer/Xcode/DerivedData/Chatlio-erkyzdeecsohoaggpwbjdvavzqfv/SourcePackages/checkouts/swift-collections/Sources/OrderedCollections/OrderedSet/OrderedSet+Partial\ SetAlgebra\ formIntersection.swift /Users/aadityasingh/Library/Developer/Xcode/DerivedData/Chatlio-erkyzdeecsohoaggpwbjdvavzqfv/SourcePackages/checkouts/swift-collections/Sources/OrderedCollections/OrderedSet/OrderedSet+Partial\ SetAlgebra\ formSymmetricDifference.swift /Users/aadityasingh/Library/Developer/Xcode/DerivedData/Chatlio-erkyzdeecsohoaggpwbjdvavzqfv/SourcePackages/checkouts/swift-collections/Sources/OrderedCollections/OrderedSet/OrderedSet+Partial\ SetAlgebra\ formUnion.swift /Users/aadityasingh/Library/Developer/Xcode/DerivedData/Chatlio-erkyzdeecsohoaggpwbjdvavzqfv/SourcePackages/checkouts/swift-collections/Sources/OrderedCollections/OrderedSet/OrderedSet+Partial\ SetAlgebra\ intersection.swift (in target 'OrderedCollections' from project 'swift-collections')

SwiftCompile normal arm64 /Users/aadityasingh/Library/Developer/Xcode/DerivedData/Chatlio-erkyzdeecsohoaggpwbjdvavzqfv/SourcePackages/checkouts/swift-collections/Sources/OrderedCollections/OrderedSet/OrderedSet+Partial\ RangeReplaceableCollection.swift (in target 'OrderedCollections' from project 'swift-collections')
    cd /Users/aadityasingh/Documents/Development/element-x-ios/Chatlio.xcodeproj
    

SwiftCompile normal arm64 /Users/aadityasingh/Library/Developer/Xcode/DerivedData/Chatlio-erkyzdeecsohoaggpwbjdvavzqfv/SourcePackages/checkouts/swift-collections/Sources/OrderedCollections/OrderedSet/OrderedSet+Partial\ SetAlgebra\ formIntersection.swift (in target 'OrderedCollections' from project 'swift-collections')
    cd /Users/aadityasingh/Documents/Development/element-x-ios/Chatlio.xcodeproj
    

SwiftCompile normal arm64 /Users/aadityasingh/Library/Developer/Xcode/DerivedData/Chatlio-erkyzdeecsohoaggpwbjdvavzqfv/SourcePackages/checkouts/swift-collections/Sources/OrderedCollections/OrderedSet/OrderedSet+Partial\ SetAlgebra\ formSymmetricDifference.swift (in target 'OrderedCollections' from project 'swift-collections')
    cd /Users/aadityasingh/Documents/Development/element-x-ios/Chatlio.xcodeproj
    

SwiftCompile normal arm64 /Users/aadityasingh/Library/Developer/Xcode/DerivedData/Chatlio-erkyzdeecsohoaggpwbjdvavzqfv/SourcePackages/checkouts/swift-collections/Sources/OrderedCollections/OrderedSet/OrderedSet+Partial\ SetAlgebra\ formUnion.swift (in target 'OrderedCollections' from project 'swift-collections')
    cd /Users/aadityasingh/Documents/Development/element-x-ios/Chatlio.xcodeproj
    

SwiftCompile normal arm64 /Users/aadityasingh/Library/Developer/Xcode/DerivedData/Chatlio-erkyzdeecsohoaggpwbjdvavzqfv/SourcePackages/checkouts/swift-collections/Sources/OrderedCollections/OrderedSet/OrderedSet+Partial\ SetAlgebra\ intersection.swift (in target 'OrderedCollections' from project 'swift-collections')
    cd /Users/aadityasingh/Documents/Development/element-x-ios/Chatlio.xcodeproj
    

SwiftDriverJobDiscovery normal x86_64 Compiling QueryParserCache.swift, StreamReader.swift, String.swift, StringBuilder.swift (in target 'SwiftSoup' from project 'SwiftSoup')

SwiftCompile normal x86_64 Compiling\ _HashTable+Bucket.swift,\ _HashTable+BucketIterator.swift,\ _HashTable+Constants.swift,\ _HashTable+CustomStringConvertible.swift,\ _HashTable+Testing.swift,\ _HashTable+UnsafeHandle.swift /Users/aadityasingh/Library/Developer/Xcode/DerivedData/Chatlio-erkyzdeecsohoaggpwbjdvavzqfv/SourcePackages/checkouts/swift-collections/Sources/OrderedCollections/HashTable/_HashTable+Bucket.swift /Users/aadityasingh/Library/Developer/Xcode/DerivedData/Chatlio-erkyzdeecsohoaggpwbjdvavzqfv/SourcePackages/checkouts/swift-collections/Sources/OrderedCollections/HashTable/_HashTable+BucketIterator.swift /Users/aadityasingh/Library/Developer/Xcode/DerivedData/Chatlio-erkyzdeecsohoaggpwbjdvavzqfv/SourcePackages/checkouts/swift-collections/Sources/OrderedCollections/HashTable/_HashTable+Constants.swift /Users/aadityasingh/Library/Developer/Xcode/DerivedData/Chatlio-erkyzdeecsohoaggpwbjdvavzqfv/SourcePackages/checkouts/swift-collections/Sources/OrderedCollections/HashTable/_HashTable+CustomStringConvertible.swift /Users/aadityasingh/Library/Developer/Xcode/DerivedData/Chatlio-erkyzdeecsohoaggpwbjdvavzqfv/SourcePackages/checkouts/swift-collections/Sources/OrderedCollections/HashTable/_HashTable+Testing.swift /Users/aadityasingh/Library/Developer/Xcode/DerivedData/Chatlio-erkyzdeecsohoaggpwbjdvavzqfv/SourcePackages/checkouts/swift-collections/Sources/OrderedCollections/HashTable/_HashTable+UnsafeHandle.swift (in target 'OrderedCollections' from project 'swift-collections')

SwiftCompile normal x86_64 /Users/aadityasingh/Library/Developer/Xcode/DerivedData/Chatlio-erkyzdeecsohoaggpwbjdvavzqfv/SourcePackages/checkouts/swift-collections/Sources/OrderedCollections/HashTable/_HashTable+Bucket.swift (in target 'OrderedCollections' from project 'swift-collections')
    cd /Users/aadityasingh/Documents/Development/element-x-ios/Chatlio.xcodeproj
    

SwiftCompile normal x86_64 /Users/aadityasingh/Library/Developer/Xcode/DerivedData/Chatlio-erkyzdeecsohoaggpwbjdvavzqfv/SourcePackages/checkouts/swift-collections/Sources/OrderedCollections/HashTable/_HashTable+BucketIterator.swift (in target 'OrderedCollections' from project 'swift-collections')
    cd /Users/aadityasingh/Documents/Development/element-x-ios/Chatlio.xcodeproj
    

SwiftCompile normal x86_64 /Users/aadityasingh/Library/Developer/Xcode/DerivedData/Chatlio-erkyzdeecsohoaggpwbjdvavzqfv/SourcePackages/checkouts/swift-collections/Sources/OrderedCollections/HashTable/_HashTable+Constants.swift (in target 'OrderedCollections' from project 'swift-collections')
    cd /Users/aadityasingh/Documents/Development/element-x-ios/Chatlio.xcodeproj
    

SwiftCompile normal x86_64 /Users/aadityasingh/Library/Developer/Xcode/DerivedData/Chatlio-erkyzdeecsohoaggpwbjdvavzqfv/SourcePackages/checkouts/swift-collections/Sources/OrderedCollections/HashTable/_HashTable+CustomStringConvertible.swift (in target 'OrderedCollections' from project 'swift-collections')
    cd /Users/aadityasingh/Documents/Development/element-x-ios/Chatlio.xcodeproj
    

SwiftCompile normal x86_64 /Users/aadityasingh/Library/Developer/Xcode/DerivedData/Chatlio-erkyzdeecsohoaggpwbjdvavzqfv/SourcePackages/checkouts/swift-collections/Sources/OrderedCollections/HashTable/_HashTable+Testing.swift (in target 'OrderedCollections' from project 'swift-collections')
    cd /Users/aadityasingh/Documents/Development/element-x-ios/Chatlio.xcodeproj
    

SwiftCompile normal x86_64 /Users/aadityasingh/Library/Developer/Xcode/DerivedData/Chatlio-erkyzdeecsohoaggpwbjdvavzqfv/SourcePackages/checkouts/swift-collections/Sources/OrderedCollections/HashTable/_HashTable+UnsafeHandle.swift (in target 'OrderedCollections' from project 'swift-collections')
    cd /Users/aadityasingh/Documents/Development/element-x-ios/Chatlio.xcodeproj
    

SwiftDriverJobDiscovery normal x86_64 Compiling OrderedSet+Partial SetAlgebra isSuperset.swift, OrderedSet+Partial SetAlgebra subtract.swift, OrderedSet+Partial SetAlgebra subtracting.swift, OrderedSet+Partial SetAlgebra symmetricDifference.swift, OrderedSet+Partial SetAlgebra union.swift (in target 'OrderedCollections' from project 'swift-collections')

SwiftCompile normal arm64 Compiling\ OrderedSet+CustomReflectable.swift,\ OrderedSet+Descriptions.swift,\ OrderedSet+Diffing.swift,\ OrderedSet+Equatable.swift,\ OrderedSet+ExpressibleByArrayLiteral.swift /Users/aadityasingh/Library/Developer/Xcode/DerivedData/Chatlio-erkyzdeecsohoaggpwbjdvavzqfv/SourcePackages/checkouts/swift-collections/Sources/OrderedCollections/OrderedSet/OrderedSet+CustomReflectable.swift /Users/aadityasingh/Library/Developer/Xcode/DerivedData/Chatlio-erkyzdeecsohoaggpwbjdvavzqfv/SourcePackages/checkouts/swift-collections/Sources/OrderedCollections/OrderedSet/OrderedSet+Descriptions.swift /Users/aadityasingh/Library/Developer/Xcode/DerivedData/Chatlio-erkyzdeecsohoaggpwbjdvavzqfv/SourcePackages/checkouts/swift-collections/Sources/OrderedCollections/OrderedSet/OrderedSet+Diffing.swift /Users/aadityasingh/Library/Developer/Xcode/DerivedData/Chatlio-erkyzdeecsohoaggpwbjdvavzqfv/SourcePackages/checkouts/swift-collections/Sources/OrderedCollections/OrderedSet/OrderedSet+Equatable.swift /Users/aadityasingh/Library/Developer/Xcode/DerivedData/Chatlio-erkyzdeecsohoaggpwbjdvavzqfv/SourcePackages/checkouts/swift-collections/Sources/OrderedCollections/OrderedSet/OrderedSet+ExpressibleByArrayLiteral.swift (in target 'OrderedCollections' from project 'swift-collections')

SwiftCompile normal arm64 /Users/aadityasingh/Library/Developer/Xcode/DerivedData/Chatlio-erkyzdeecsohoaggpwbjdvavzqfv/SourcePackages/checkouts/swift-collections/Sources/OrderedCollections/OrderedSet/OrderedSet+CustomReflectable.swift (in target 'OrderedCollections' from project 'swift-collections')
    cd /Users/aadityasingh/Documents/Development/element-x-ios/Chatlio.xcodeproj
    

SwiftCompile normal arm64 /Users/aadityasingh/Library/Developer/Xcode/DerivedData/Chatlio-erkyzdeecsohoaggpwbjdvavzqfv/SourcePackages/checkouts/swift-collections/Sources/OrderedCollections/OrderedSet/OrderedSet+Descriptions.swift (in target 'OrderedCollections' from project 'swift-collections')
    cd /Users/aadityasingh/Documents/Development/element-x-ios/Chatlio.xcodeproj
    

SwiftCompile normal arm64 /Users/aadityasingh/Library/Developer/Xcode/DerivedData/Chatlio-erkyzdeecsohoaggpwbjdvavzqfv/SourcePackages/checkouts/swift-collections/Sources/OrderedCollections/OrderedSet/OrderedSet+Diffing.swift (in target 'OrderedCollections' from project 'swift-collections')
    cd /Users/aadityasingh/Documents/Development/element-x-ios/Chatlio.xcodeproj
    

SwiftCompile normal arm64 /Users/aadityasingh/Library/Developer/Xcode/DerivedData/Chatlio-erkyzdeecsohoaggpwbjdvavzqfv/SourcePackages/checkouts/swift-collections/Sources/OrderedCollections/OrderedSet/OrderedSet+Equatable.swift (in target 'OrderedCollections' from project 'swift-collections')
    cd /Users/aadityasingh/Documents/Development/element-x-ios/Chatlio.xcodeproj
    

SwiftCompile normal arm64 /Users/aadityasingh/Library/Developer/Xcode/DerivedData/Chatlio-erkyzdeecsohoaggpwbjdvavzqfv/SourcePackages/checkouts/swift-collections/Sources/OrderedCollections/OrderedSet/OrderedSet+ExpressibleByArrayLiteral.swift (in target 'OrderedCollections' from project 'swift-collections')
    cd /Users/aadityasingh/Documents/Development/element-x-ios/Chatlio.xcodeproj
    

SwiftDriverJobDiscovery normal arm64 Compiling OrderedDictionary+Sendable.swift, OrderedDictionary+Sequence.swift, OrderedDictionary+Values.swift, OrderedDictionary.swift, OrderedSet+Codable.swift (in target 'OrderedCollections' from project 'swift-collections')

SwiftCompile normal x86_64 Compiling\ OrderedDictionary+Descriptions.swift,\ OrderedDictionary+Elements.SubSequence.swift,\ OrderedDictionary+Elements.swift,\ OrderedDictionary+Equatable.swift,\ OrderedDictionary+ExpressibleByDictionaryLiteral.swift /Users/aadityasingh/Library/Developer/Xcode/DerivedData/Chatlio-erkyzdeecsohoaggpwbjdvavzqfv/SourcePackages/checkouts/swift-collections/Sources/OrderedCollections/OrderedDictionary/OrderedDictionary+Descriptions.swift /Users/aadityasingh/Library/Developer/Xcode/DerivedData/Chatlio-erkyzdeecsohoaggpwbjdvavzqfv/SourcePackages/checkouts/swift-collections/Sources/OrderedCollections/OrderedDictionary/OrderedDictionary+Elements.SubSequence.swift /Users/aadityasingh/Library/Developer/Xcode/DerivedData/Chatlio-erkyzdeecsohoaggpwbjdvavzqfv/SourcePackages/checkouts/swift-collections/Sources/OrderedCollections/OrderedDictionary/OrderedDictionary+Elements.swift /Users/aadityasingh/Library/Developer/Xcode/DerivedData/Chatlio-erkyzdeecsohoaggpwbjdvavzqfv/SourcePackages/checkouts/swift-collections/Sources/OrderedCollections/OrderedDictionary/OrderedDictionary+Equatable.swift /Users/aadityasingh/Library/Developer/Xcode/DerivedData/Chatlio-erkyzdeecsohoaggpwbjdvavzqfv/SourcePackages/checkouts/swift-collections/Sources/OrderedCollections/OrderedDictionary/OrderedDictionary+ExpressibleByDictionaryLiteral.swift (in target 'OrderedCollections' from project 'swift-collections')

SwiftCompile normal x86_64 /Users/aadityasingh/Library/Developer/Xcode/DerivedData/Chatlio-erkyzdeecsohoaggpwbjdvavzqfv/SourcePackages/checkouts/swift-collections/Sources/OrderedCollections/OrderedDictionary/OrderedDictionary+Descriptions.swift (in target 'OrderedCollections' from project 'swift-collections')
    cd /Users/aadityasingh/Documents/Development/element-x-ios/Chatlio.xcodeproj
    

SwiftCompile normal x86_64 /Users/aadityasingh/Library/Developer/Xcode/DerivedData/Chatlio-erkyzdeecsohoaggpwbjdvavzqfv/SourcePackages/checkouts/swift-collections/Sources/OrderedCollections/OrderedDictionary/OrderedDictionary+Elements.SubSequence.swift (in target 'OrderedCollections' from project 'swift-collections')
    cd /Users/aadityasingh/Documents/Development/element-x-ios/Chatlio.xcodeproj
    

SwiftCompile normal x86_64 /Users/aadityasingh/Library/Developer/Xcode/DerivedData/Chatlio-erkyzdeecsohoaggpwbjdvavzqfv/SourcePackages/checkouts/swift-collections/Sources/OrderedCollections/OrderedDictionary/OrderedDictionary+Elements.swift (in target 'OrderedCollections' from project 'swift-collections')
    cd /Users/aadityasingh/Documents/Development/element-x-ios/Chatlio.xcodeproj
    

SwiftCompile normal x86_64 /Users/aadityasingh/Library/Developer/Xcode/DerivedData/Chatlio-erkyzdeecsohoaggpwbjdvavzqfv/SourcePackages/checkouts/swift-collections/Sources/OrderedCollections/OrderedDictionary/OrderedDictionary+Equatable.swift (in target 'OrderedCollections' from project 'swift-collections')
    cd /Users/aadityasingh/Documents/Development/element-x-ios/Chatlio.xcodeproj
    

SwiftCompile normal x86_64 /Users/aadityasingh/Library/Developer/Xcode/DerivedData/Chatlio-erkyzdeecsohoaggpwbjdvavzqfv/SourcePackages/checkouts/swift-collections/Sources/OrderedCollections/OrderedDictionary/OrderedDictionary+ExpressibleByDictionaryLiteral.swift (in target 'OrderedCollections' from project 'swift-collections')
    cd /Users/aadityasingh/Documents/Development/element-x-ios/Chatlio.xcodeproj
    

SwiftDriverJobDiscovery normal arm64 Compiling StringUtil.swift, StructuralEvaluator.swift, SwiftSoup.swift, Tag.swift (in target 'SwiftSoup' from project 'SwiftSoup')

SwiftDriverJobDiscovery normal x86_64 Compiling OrderedSet+Partial SetAlgebra isDisjoint.swift, OrderedSet+Partial SetAlgebra isEqualSet.swift, OrderedSet+Partial SetAlgebra isStrictSubset.swift, OrderedSet+Partial SetAlgebra isStrictSuperset.swift, OrderedSet+Partial SetAlgebra isSubset.swift (in target 'OrderedCollections' from project 'swift-collections')

SwiftCompile normal x86_64 Compiling\ OrderedDictionary+Sendable.swift,\ OrderedDictionary+Sequence.swift,\ OrderedDictionary+Values.swift,\ OrderedDictionary.swift,\ OrderedSet+Codable.swift /Users/aadityasingh/Library/Developer/Xcode/DerivedData/Chatlio-erkyzdeecsohoaggpwbjdvavzqfv/SourcePackages/checkouts/swift-collections/Sources/OrderedCollections/OrderedDictionary/OrderedDictionary+Sendable.swift /Users/aadityasingh/Library/Developer/Xcode/DerivedData/Chatlio-erkyzdeecsohoaggpwbjdvavzqfv/SourcePackages/checkouts/swift-collections/Sources/OrderedCollections/OrderedDictionary/OrderedDictionary+Sequence.swift /Users/aadityasingh/Library/Developer/Xcode/DerivedData/Chatlio-erkyzdeecsohoaggpwbjdvavzqfv/SourcePackages/checkouts/swift-collections/Sources/OrderedCollections/OrderedDictionary/OrderedDictionary+Values.swift /Users/aadityasingh/Library/Developer/Xcode/DerivedData/Chatlio-erkyzdeecsohoaggpwbjdvavzqfv/SourcePackages/checkouts/swift-collections/Sources/OrderedCollections/OrderedDictionary/OrderedDictionary.swift /Users/aadityasingh/Library/Developer/Xcode/DerivedData/Chatlio-erkyzdeecsohoaggpwbjdvavzqfv/SourcePackages/checkouts/swift-collections/Sources/OrderedCollections/OrderedSet/OrderedSet+Codable.swift (in target 'OrderedCollections' from project 'swift-collections')

SwiftCompile normal x86_64 /Users/aadityasingh/Library/Developer/Xcode/DerivedData/Chatlio-erkyzdeecsohoaggpwbjdvavzqfv/SourcePackages/checkouts/swift-collections/Sources/OrderedCollections/OrderedDictionary/OrderedDictionary+Sendable.swift (in target 'OrderedCollections' from project 'swift-collections')
    cd /Users/aadityasingh/Documents/Development/element-x-ios/Chatlio.xcodeproj
    

SwiftCompile normal x86_64 /Users/aadityasingh/Library/Developer/Xcode/DerivedData/Chatlio-erkyzdeecsohoaggpwbjdvavzqfv/SourcePackages/checkouts/swift-collections/Sources/OrderedCollections/OrderedDictionary/OrderedDictionary+Sequence.swift (in target 'OrderedCollections' from project 'swift-collections')
    cd /Users/aadityasingh/Documents/Development/element-x-ios/Chatlio.xcodeproj
    

SwiftCompile normal x86_64 /Users/aadityasingh/Library/Developer/Xcode/DerivedData/Chatlio-erkyzdeecsohoaggpwbjdvavzqfv/SourcePackages/checkouts/swift-collections/Sources/OrderedCollections/OrderedDictionary/OrderedDictionary+Values.swift (in target 'OrderedCollections' from project 'swift-collections')
    cd /Users/aadityasingh/Documents/Development/element-x-ios/Chatlio.xcodeproj
    

SwiftCompile normal x86_64 /Users/aadityasingh/Library/Developer/Xcode/DerivedData/Chatlio-erkyzdeecsohoaggpwbjdvavzqfv/SourcePackages/checkouts/swift-collections/Sources/OrderedCollections/OrderedDictionary/OrderedDictionary.swift (in target 'OrderedCollections' from project 'swift-collections')
    cd /Users/aadityasingh/Documents/Development/element-x-ios/Chatlio.xcodeproj
    

SwiftCompile normal x86_64 /Users/aadityasingh/Library/Developer/Xcode/DerivedData/Chatlio-erkyzdeecsohoaggpwbjdvavzqfv/SourcePackages/checkouts/swift-collections/Sources/OrderedCollections/OrderedSet/OrderedSet+Codable.swift (in target 'OrderedCollections' from project 'swift-collections')
    cd /Users/aadityasingh/Documents/Development/element-x-ios/Chatlio.xcodeproj
    

SwiftCompile normal arm64 Compiling\ OrderedSet+Testing.swift,\ OrderedSet+UnorderedView.swift,\ OrderedSet+UnstableInternals.swift,\ OrderedSet.swift,\ _UnsafeBitset.swift /Users/aadityasingh/Library/Developer/Xcode/DerivedData/Chatlio-erkyzdeecsohoaggpwbjdvavzqfv/SourcePackages/checkouts/swift-collections/Sources/OrderedCollections/OrderedSet/OrderedSet+Testing.swift /Users/aadityasingh/Library/Developer/Xcode/DerivedData/Chatlio-erkyzdeecsohoaggpwbjdvavzqfv/SourcePackages/checkouts/swift-collections/Sources/OrderedCollections/OrderedSet/OrderedSet+UnorderedView.swift /Users/aadityasingh/Library/Developer/Xcode/DerivedData/Chatlio-erkyzdeecsohoaggpwbjdvavzqfv/SourcePackages/checkouts/swift-collections/Sources/OrderedCollections/OrderedSet/OrderedSet+UnstableInternals.swift /Users/aadityasingh/Library/Developer/Xcode/DerivedData/Chatlio-erkyzdeecsohoaggpwbjdvavzqfv/SourcePackages/checkouts/swift-collections/Sources/OrderedCollections/OrderedSet/OrderedSet.swift /Users/aadityasingh/Library/Developer/Xcode/DerivedData/Chatlio-erkyzdeecsohoaggpwbjdvavzqfv/SourcePackages/checkouts/swift-collections/Sources/OrderedCollections/Utilities/_UnsafeBitset.swift (in target 'OrderedCollections' from project 'swift-collections')

SwiftCompile normal arm64 /Users/aadityasingh/Library/Developer/Xcode/DerivedData/Chatlio-erkyzdeecsohoaggpwbjdvavzqfv/SourcePackages/checkouts/swift-collections/Sources/OrderedCollections/OrderedSet/OrderedSet+Testing.swift (in target 'OrderedCollections' from project 'swift-collections')
    cd /Users/aadityasingh/Documents/Development/element-x-ios/Chatlio.xcodeproj
    

SwiftCompile normal arm64 /Users/aadityasingh/Library/Developer/Xcode/DerivedData/Chatlio-erkyzdeecsohoaggpwbjdvavzqfv/SourcePackages/checkouts/swift-collections/Sources/OrderedCollections/OrderedSet/OrderedSet+UnorderedView.swift (in target 'OrderedCollections' from project 'swift-collections')
    cd /Users/aadityasingh/Documents/Development/element-x-ios/Chatlio.xcodeproj
    

SwiftCompile normal arm64 /Users/aadityasingh/Library/Developer/Xcode/DerivedData/Chatlio-erkyzdeecsohoaggpwbjdvavzqfv/SourcePackages/checkouts/swift-collections/Sources/OrderedCollections/OrderedSet/OrderedSet+UnstableInternals.swift (in target 'OrderedCollections' from project 'swift-collections')
    cd /Users/aadityasingh/Documents/Development/element-x-ios/Chatlio.xcodeproj
    

SwiftCompile normal arm64 /Users/aadityasingh/Library/Developer/Xcode/DerivedData/Chatlio-erkyzdeecsohoaggpwbjdvavzqfv/SourcePackages/checkouts/swift-collections/Sources/OrderedCollections/OrderedSet/OrderedSet.swift (in target 'OrderedCollections' from project 'swift-collections')
    cd /Users/aadityasingh/Documents/Development/element-x-ios/Chatlio.xcodeproj
    

SwiftCompile normal arm64 /Users/aadityasingh/Library/Developer/Xcode/DerivedData/Chatlio-erkyzdeecsohoaggpwbjdvavzqfv/SourcePackages/checkouts/swift-collections/Sources/OrderedCollections/Utilities/_UnsafeBitset.swift (in target 'OrderedCollections' from project 'swift-collections')
    cd /Users/aadityasingh/Documents/Development/element-x-ios/Chatlio.xcodeproj
    

SwiftDriverJobDiscovery normal arm64 Compiling Elements.swift, Entities.swift, Evaluator.swift, Exception.swift, FormElement.swift (in target 'SwiftSoup' from project 'SwiftSoup')

SwiftCompile normal arm64 Compiling\ OrderedDictionary+Descriptions.swift,\ OrderedDictionary+Elements.SubSequence.swift,\ OrderedDictionary+Elements.swift,\ OrderedDictionary+Equatable.swift,\ OrderedDictionary+ExpressibleByDictionaryLiteral.swift /Users/aadityasingh/Library/Developer/Xcode/DerivedData/Chatlio-erkyzdeecsohoaggpwbjdvavzqfv/SourcePackages/checkouts/swift-collections/Sources/OrderedCollections/OrderedDictionary/OrderedDictionary+Descriptions.swift /Users/aadityasingh/Library/Developer/Xcode/DerivedData/Chatlio-erkyzdeecsohoaggpwbjdvavzqfv/SourcePackages/checkouts/swift-collections/Sources/OrderedCollections/OrderedDictionary/OrderedDictionary+Elements.SubSequence.swift /Users/aadityasingh/Library/Developer/Xcode/DerivedData/Chatlio-erkyzdeecsohoaggpwbjdvavzqfv/SourcePackages/checkouts/swift-collections/Sources/OrderedCollections/OrderedDictionary/OrderedDictionary+Elements.swift /Users/aadityasingh/Library/Developer/Xcode/DerivedData/Chatlio-erkyzdeecsohoaggpwbjdvavzqfv/SourcePackages/checkouts/swift-collections/Sources/OrderedCollections/OrderedDictionary/OrderedDictionary+Equatable.swift /Users/aadityasingh/Library/Developer/Xcode/DerivedData/Chatlio-erkyzdeecsohoaggpwbjdvavzqfv/SourcePackages/checkouts/swift-collections/Sources/OrderedCollections/OrderedDictionary/OrderedDictionary+ExpressibleByDictionaryLiteral.swift (in target 'OrderedCollections' from project 'swift-collections')

SwiftCompile normal arm64 /Users/aadityasingh/Library/Developer/Xcode/DerivedData/Chatlio-erkyzdeecsohoaggpwbjdvavzqfv/SourcePackages/checkouts/swift-collections/Sources/OrderedCollections/OrderedDictionary/OrderedDictionary+Descriptions.swift (in target 'OrderedCollections' from project 'swift-collections')
    cd /Users/aadityasingh/Documents/Development/element-x-ios/Chatlio.xcodeproj
    

SwiftCompile normal arm64 /Users/aadityasingh/Library/Developer/Xcode/DerivedData/Chatlio-erkyzdeecsohoaggpwbjdvavzqfv/SourcePackages/checkouts/swift-collections/Sources/OrderedCollections/OrderedDictionary/OrderedDictionary+Elements.SubSequence.swift (in target 'OrderedCollections' from project 'swift-collections')
    cd /Users/aadityasingh/Documents/Development/element-x-ios/Chatlio.xcodeproj
    

SwiftCompile normal arm64 /Users/aadityasingh/Library/Developer/Xcode/DerivedData/Chatlio-erkyzdeecsohoaggpwbjdvavzqfv/SourcePackages/checkouts/swift-collections/Sources/OrderedCollections/OrderedDictionary/OrderedDictionary+Elements.swift (in target 'OrderedCollections' from project 'swift-collections')
    cd /Users/aadityasingh/Documents/Development/element-x-ios/Chatlio.xcodeproj
    

SwiftCompile normal arm64 /Users/aadityasingh/Library/Developer/Xcode/DerivedData/Chatlio-erkyzdeecsohoaggpwbjdvavzqfv/SourcePackages/checkouts/swift-collections/Sources/OrderedCollections/OrderedDictionary/OrderedDictionary+Equatable.swift (in target 'OrderedCollections' from project 'swift-collections')
    cd /Users/aadityasingh/Documents/Development/element-x-ios/Chatlio.xcodeproj
    

SwiftCompile normal arm64 /Users/aadityasingh/Library/Developer/Xcode/DerivedData/Chatlio-erkyzdeecsohoaggpwbjdvavzqfv/SourcePackages/checkouts/swift-collections/Sources/OrderedCollections/OrderedDictionary/OrderedDictionary+ExpressibleByDictionaryLiteral.swift (in target 'OrderedCollections' from project 'swift-collections')
    cd /Users/aadityasingh/Documents/Development/element-x-ios/Chatlio.xcodeproj
    

SwiftDriverJobDiscovery normal arm64 Compiling OrderedSet+Partial SetAlgebra+Basics.swift, OrderedSet+RandomAccessCollection.swift, OrderedSet+ReserveCapacity.swift, OrderedSet+Sendable.swift, OrderedSet+SubSequence.swift (in target 'OrderedCollections' from project 'swift-collections')

SwiftCompile normal x86_64 Compiling\ _HashTable.swift,\ _Hashtable+Header.swift,\ OrderedDictionary+Codable.swift,\ OrderedDictionary+CustomReflectable.swift,\ OrderedDictionary+Deprecations.swift /Users/aadityasingh/Library/Developer/Xcode/DerivedData/Chatlio-erkyzdeecsohoaggpwbjdvavzqfv/SourcePackages/checkouts/swift-collections/Sources/OrderedCollections/HashTable/_HashTable.swift /Users/aadityasingh/Library/Developer/Xcode/DerivedData/Chatlio-erkyzdeecsohoaggpwbjdvavzqfv/SourcePackages/checkouts/swift-collections/Sources/OrderedCollections/HashTable/_Hashtable+Header.swift /Users/aadityasingh/Library/Developer/Xcode/DerivedData/Chatlio-erkyzdeecsohoaggpwbjdvavzqfv/SourcePackages/checkouts/swift-collections/Sources/OrderedCollections/OrderedDictionary/OrderedDictionary+Codable.swift /Users/aadityasingh/Library/Developer/Xcode/DerivedData/Chatlio-erkyzdeecsohoaggpwbjdvavzqfv/SourcePackages/checkouts/swift-collections/Sources/OrderedCollections/OrderedDictionary/OrderedDictionary+CustomReflectable.swift /Users/aadityasingh/Library/Developer/Xcode/DerivedData/Chatlio-erkyzdeecsohoaggpwbjdvavzqfv/SourcePackages/checkouts/swift-collections/Sources/OrderedCollections/OrderedDictionary/OrderedDictionary+Deprecations.swift (in target 'OrderedCollections' from project 'swift-collections')

SwiftCompile normal x86_64 /Users/aadityasingh/Library/Developer/Xcode/DerivedData/Chatlio-erkyzdeecsohoaggpwbjdvavzqfv/SourcePackages/checkouts/swift-collections/Sources/OrderedCollections/HashTable/_HashTable.swift (in target 'OrderedCollections' from project 'swift-collections')
    cd /Users/aadityasingh/Documents/Development/element-x-ios/Chatlio.xcodeproj
    

SwiftCompile normal x86_64 /Users/aadityasingh/Library/Developer/Xcode/DerivedData/Chatlio-erkyzdeecsohoaggpwbjdvavzqfv/SourcePackages/checkouts/swift-collections/Sources/OrderedCollections/HashTable/_Hashtable+Header.swift (in target 'OrderedCollections' from project 'swift-collections')
    cd /Users/aadityasingh/Documents/Development/element-x-ios/Chatlio.xcodeproj
    

SwiftCompile normal x86_64 /Users/aadityasingh/Library/Developer/Xcode/DerivedData/Chatlio-erkyzdeecsohoaggpwbjdvavzqfv/SourcePackages/checkouts/swift-collections/Sources/OrderedCollections/OrderedDictionary/OrderedDictionary+Codable.swift (in target 'OrderedCollections' from project 'swift-collections')
    cd /Users/aadityasingh/Documents/Development/element-x-ios/Chatlio.xcodeproj
    

SwiftCompile normal x86_64 /Users/aadityasingh/Library/Developer/Xcode/DerivedData/Chatlio-erkyzdeecsohoaggpwbjdvavzqfv/SourcePackages/checkouts/swift-collections/Sources/OrderedCollections/OrderedDictionary/OrderedDictionary+CustomReflectable.swift (in target 'OrderedCollections' from project 'swift-collections')
    cd /Users/aadityasingh/Documents/Development/element-x-ios/Chatlio.xcodeproj
    

SwiftCompile normal x86_64 /Users/aadityasingh/Library/Developer/Xcode/DerivedData/Chatlio-erkyzdeecsohoaggpwbjdvavzqfv/SourcePackages/checkouts/swift-collections/Sources/OrderedCollections/OrderedDictionary/OrderedDictionary+Deprecations.swift (in target 'OrderedCollections' from project 'swift-collections')
    cd /Users/aadityasingh/Documents/Development/element-x-ios/Chatlio.xcodeproj
    

SwiftDriverJobDiscovery normal arm64 Compiling OrderedSet+Partial RangeReplaceableCollection.swift, OrderedSet+Partial SetAlgebra formIntersection.swift, OrderedSet+Partial SetAlgebra formSymmetricDifference.swift, OrderedSet+Partial SetAlgebra formUnion.swift, OrderedSet+Partial SetAlgebra intersection.swift (in target 'OrderedCollections' from project 'swift-collections')

SwiftCompile normal x86_64 Compiling\ OrderedSet+Hashable.swift,\ OrderedSet+Initializers.swift,\ OrderedSet+Insertions.swift,\ OrderedSet+Invariants.swift,\ OrderedSet+Partial\ MutableCollection.swift /Users/aadityasingh/Library/Developer/Xcode/DerivedData/Chatlio-erkyzdeecsohoaggpwbjdvavzqfv/SourcePackages/checkouts/swift-collections/Sources/OrderedCollections/OrderedSet/OrderedSet+Hashable.swift /Users/aadityasingh/Library/Developer/Xcode/DerivedData/Chatlio-erkyzdeecsohoaggpwbjdvavzqfv/SourcePackages/checkouts/swift-collections/Sources/OrderedCollections/OrderedSet/OrderedSet+Initializers.swift /Users/aadityasingh/Library/Developer/Xcode/DerivedData/Chatlio-erkyzdeecsohoaggpwbjdvavzqfv/SourcePackages/checkouts/swift-collections/Sources/OrderedCollections/OrderedSet/OrderedSet+Insertions.swift /Users/aadityasingh/Library/Developer/Xcode/DerivedData/Chatlio-erkyzdeecsohoaggpwbjdvavzqfv/SourcePackages/checkouts/swift-collections/Sources/OrderedCollections/OrderedSet/OrderedSet+Invariants.swift /Users/aadityasingh/Library/Developer/Xcode/DerivedData/Chatlio-erkyzdeecsohoaggpwbjdvavzqfv/SourcePackages/checkouts/swift-collections/Sources/OrderedCollections/OrderedSet/OrderedSet+Partial\ MutableCollection.swift (in target 'OrderedCollections' from project 'swift-collections')

SwiftCompile normal x86_64 /Users/aadityasingh/Library/Developer/Xcode/DerivedData/Chatlio-erkyzdeecsohoaggpwbjdvavzqfv/SourcePackages/checkouts/swift-collections/Sources/OrderedCollections/OrderedSet/OrderedSet+Hashable.swift (in target 'OrderedCollections' from project 'swift-collections')
    cd /Users/aadityasingh/Documents/Development/element-x-ios/Chatlio.xcodeproj
    

SwiftCompile normal x86_64 /Users/aadityasingh/Library/Developer/Xcode/DerivedData/Chatlio-erkyzdeecsohoaggpwbjdvavzqfv/SourcePackages/checkouts/swift-collections/Sources/OrderedCollections/OrderedSet/OrderedSet+Initializers.swift (in target 'OrderedCollections' from project 'swift-collections')
    cd /Users/aadityasingh/Documents/Development/element-x-ios/Chatlio.xcodeproj
    

SwiftCompile normal x86_64 /Users/aadityasingh/Library/Developer/Xcode/DerivedData/Chatlio-erkyzdeecsohoaggpwbjdvavzqfv/SourcePackages/checkouts/swift-collections/Sources/OrderedCollections/OrderedSet/OrderedSet+Insertions.swift (in target 'OrderedCollections' from project 'swift-collections')
    cd /Users/aadityasingh/Documents/Development/element-x-ios/Chatlio.xcodeproj
    

SwiftCompile normal x86_64 /Users/aadityasingh/Library/Developer/Xcode/DerivedData/Chatlio-erkyzdeecsohoaggpwbjdvavzqfv/SourcePackages/checkouts/swift-collections/Sources/OrderedCollections/OrderedSet/OrderedSet+Invariants.swift (in target 'OrderedCollections' from project 'swift-collections')
    cd /Users/aadityasingh/Documents/Development/element-x-ios/Chatlio.xcodeproj
    

SwiftCompile normal x86_64 /Users/aadityasingh/Library/Developer/Xcode/DerivedData/Chatlio-erkyzdeecsohoaggpwbjdvavzqfv/SourcePackages/checkouts/swift-collections/Sources/OrderedCollections/OrderedSet/OrderedSet+Partial\ MutableCollection.swift (in target 'OrderedCollections' from project 'swift-collections')
    cd /Users/aadityasingh/Documents/Development/element-x-ios/Chatlio.xcodeproj
    

SwiftDriverJobDiscovery normal arm64 Compiling OrderedSet+CustomReflectable.swift, OrderedSet+Descriptions.swift, OrderedSet+Diffing.swift, OrderedSet+Equatable.swift, OrderedSet+ExpressibleByArrayLiteral.swift (in target 'OrderedCollections' from project 'swift-collections')

SwiftCompile normal arm64 Compiling\ _HashTable+Bucket.swift,\ _HashTable+BucketIterator.swift,\ _HashTable+Constants.swift,\ _HashTable+CustomStringConvertible.swift,\ _HashTable+Testing.swift,\ _HashTable+UnsafeHandle.swift /Users/aadityasingh/Library/Developer/Xcode/DerivedData/Chatlio-erkyzdeecsohoaggpwbjdvavzqfv/SourcePackages/checkouts/swift-collections/Sources/OrderedCollections/HashTable/_HashTable+Bucket.swift /Users/aadityasingh/Library/Developer/Xcode/DerivedData/Chatlio-erkyzdeecsohoaggpwbjdvavzqfv/SourcePackages/checkouts/swift-collections/Sources/OrderedCollections/HashTable/_HashTable+BucketIterator.swift /Users/aadityasingh/Library/Developer/Xcode/DerivedData/Chatlio-erkyzdeecsohoaggpwbjdvavzqfv/SourcePackages/checkouts/swift-collections/Sources/OrderedCollections/HashTable/_HashTable+Constants.swift /Users/aadityasingh/Library/Developer/Xcode/DerivedData/Chatlio-erkyzdeecsohoaggpwbjdvavzqfv/SourcePackages/checkouts/swift-collections/Sources/OrderedCollections/HashTable/_HashTable+CustomStringConvertible.swift /Users/aadityasingh/Library/Developer/Xcode/DerivedData/Chatlio-erkyzdeecsohoaggpwbjdvavzqfv/SourcePackages/checkouts/swift-collections/Sources/OrderedCollections/HashTable/_HashTable+Testing.swift /Users/aadityasingh/Library/Developer/Xcode/DerivedData/Chatlio-erkyzdeecsohoaggpwbjdvavzqfv/SourcePackages/checkouts/swift-collections/Sources/OrderedCollections/HashTable/_HashTable+UnsafeHandle.swift (in target 'OrderedCollections' from project 'swift-collections')

SwiftCompile normal arm64 /Users/aadityasingh/Library/Developer/Xcode/DerivedData/Chatlio-erkyzdeecsohoaggpwbjdvavzqfv/SourcePackages/checkouts/swift-collections/Sources/OrderedCollections/HashTable/_HashTable+Bucket.swift (in target 'OrderedCollections' from project 'swift-collections')
    cd /Users/aadityasingh/Documents/Development/element-x-ios/Chatlio.xcodeproj
    

SwiftCompile normal arm64 /Users/aadityasingh/Library/Developer/Xcode/DerivedData/Chatlio-erkyzdeecsohoaggpwbjdvavzqfv/SourcePackages/checkouts/swift-collections/Sources/OrderedCollections/HashTable/_HashTable+BucketIterator.swift (in target 'OrderedCollections' from project 'swift-collections')
    cd /Users/aadityasingh/Documents/Development/element-x-ios/Chatlio.xcodeproj
    

SwiftCompile normal arm64 /Users/aadityasingh/Library/Developer/Xcode/DerivedData/Chatlio-erkyzdeecsohoaggpwbjdvavzqfv/SourcePackages/checkouts/swift-collections/Sources/OrderedCollections/HashTable/_HashTable+Constants.swift (in target 'OrderedCollections' from project 'swift-collections')
    cd /Users/aadityasingh/Documents/Development/element-x-ios/Chatlio.xcodeproj
    

SwiftCompile normal arm64 /Users/aadityasingh/Library/Developer/Xcode/DerivedData/Chatlio-erkyzdeecsohoaggpwbjdvavzqfv/SourcePackages/checkouts/swift-collections/Sources/OrderedCollections/HashTable/_HashTable+CustomStringConvertible.swift (in target 'OrderedCollections' from project 'swift-collections')
    cd /Users/aadityasingh/Documents/Development/element-x-ios/Chatlio.xcodeproj
    

SwiftCompile normal arm64 /Users/aadityasingh/Library/Developer/Xcode/DerivedData/Chatlio-erkyzdeecsohoaggpwbjdvavzqfv/SourcePackages/checkouts/swift-collections/Sources/OrderedCollections/HashTable/_HashTable+Testing.swift (in target 'OrderedCollections' from project 'swift-collections')
    cd /Users/aadityasingh/Documents/Development/element-x-ios/Chatlio.xcodeproj
    

SwiftCompile normal arm64 /Users/aadityasingh/Library/Developer/Xcode/DerivedData/Chatlio-erkyzdeecsohoaggpwbjdvavzqfv/SourcePackages/checkouts/swift-collections/Sources/OrderedCollections/HashTable/_HashTable+UnsafeHandle.swift (in target 'OrderedCollections' from project 'swift-collections')
    cd /Users/aadityasingh/Documents/Development/element-x-ios/Chatlio.xcodeproj
    

SwiftDriverJobDiscovery normal arm64 Compiling OrderedSet+Hashable.swift, OrderedSet+Initializers.swift, OrderedSet+Insertions.swift, OrderedSet+Invariants.swift, OrderedSet+Partial MutableCollection.swift (in target 'OrderedCollections' from project 'swift-collections')

SwiftCompile normal arm64 Compiling\ OrderedDictionary+Hashable.swift,\ OrderedDictionary+Initializers.swift,\ OrderedDictionary+Invariants.swift,\ OrderedDictionary+Partial\ MutableCollection.swift,\ OrderedDictionary+Partial\ RangeReplaceableCollection.swift /Users/aadityasingh/Library/Developer/Xcode/DerivedData/Chatlio-erkyzdeecsohoaggpwbjdvavzqfv/SourcePackages/checkouts/swift-collections/Sources/OrderedCollections/OrderedDictionary/OrderedDictionary+Hashable.swift /Users/aadityasingh/Library/Developer/Xcode/DerivedData/Chatlio-erkyzdeecsohoaggpwbjdvavzqfv/SourcePackages/checkouts/swift-collections/Sources/OrderedCollections/OrderedDictionary/OrderedDictionary+Initializers.swift /Users/aadityasingh/Library/Developer/Xcode/DerivedData/Chatlio-erkyzdeecsohoaggpwbjdvavzqfv/SourcePackages/checkouts/swift-collections/Sources/OrderedCollections/OrderedDictionary/OrderedDictionary+Invariants.swift /Users/aadityasingh/Library/Developer/Xcode/DerivedData/Chatlio-erkyzdeecsohoaggpwbjdvavzqfv/SourcePackages/checkouts/swift-collections/Sources/OrderedCollections/OrderedDictionary/OrderedDictionary+Partial\ MutableCollection.swift /Users/aadityasingh/Library/Developer/Xcode/DerivedData/Chatlio-erkyzdeecsohoaggpwbjdvavzqfv/SourcePackages/checkouts/swift-collections/Sources/OrderedCollections/OrderedDictionary/OrderedDictionary+Partial\ RangeReplaceableCollection.swift (in target 'OrderedCollections' from project 'swift-collections')

SwiftCompile normal arm64 /Users/aadityasingh/Library/Developer/Xcode/DerivedData/Chatlio-erkyzdeecsohoaggpwbjdvavzqfv/SourcePackages/checkouts/swift-collections/Sources/OrderedCollections/OrderedDictionary/OrderedDictionary+Hashable.swift (in target 'OrderedCollections' from project 'swift-collections')
    cd /Users/aadityasingh/Documents/Development/element-x-ios/Chatlio.xcodeproj
    

SwiftCompile normal arm64 /Users/aadityasingh/Library/Developer/Xcode/DerivedData/Chatlio-erkyzdeecsohoaggpwbjdvavzqfv/SourcePackages/checkouts/swift-collections/Sources/OrderedCollections/OrderedDictionary/OrderedDictionary+Initializers.swift (in target 'OrderedCollections' from project 'swift-collections')
    cd /Users/aadityasingh/Documents/Development/element-x-ios/Chatlio.xcodeproj
    

SwiftCompile normal arm64 /Users/aadityasingh/Library/Developer/Xcode/DerivedData/Chatlio-erkyzdeecsohoaggpwbjdvavzqfv/SourcePackages/checkouts/swift-collections/Sources/OrderedCollections/OrderedDictionary/OrderedDictionary+Invariants.swift (in target 'OrderedCollections' from project 'swift-collections')
    cd /Users/aadityasingh/Documents/Development/element-x-ios/Chatlio.xcodeproj
    

SwiftCompile normal arm64 /Users/aadityasingh/Library/Developer/Xcode/DerivedData/Chatlio-erkyzdeecsohoaggpwbjdvavzqfv/SourcePackages/checkouts/swift-collections/Sources/OrderedCollections/OrderedDictionary/OrderedDictionary+Partial\ MutableCollection.swift (in target 'OrderedCollections' from project 'swift-collections')
    cd /Users/aadityasingh/Documents/Development/element-x-ios/Chatlio.xcodeproj
    

SwiftCompile normal arm64 /Users/aadityasingh/Library/Developer/Xcode/DerivedData/Chatlio-erkyzdeecsohoaggpwbjdvavzqfv/SourcePackages/checkouts/swift-collections/Sources/OrderedCollections/OrderedDictionary/OrderedDictionary+Partial\ RangeReplaceableCollection.swift (in target 'OrderedCollections' from project 'swift-collections')
    cd /Users/aadityasingh/Documents/Development/element-x-ios/Chatlio.xcodeproj
    

SwiftDriverJobDiscovery normal x86_64 Compiling Parser.swift, ParsingStrings.swift, Pattern.swift, QueryParser.swift (in target 'SwiftSoup' from project 'SwiftSoup')

SwiftCompile normal arm64 Compiling\ OrderedSet+Partial\ SetAlgebra\ isSuperset.swift,\ OrderedSet+Partial\ SetAlgebra\ subtract.swift,\ OrderedSet+Partial\ SetAlgebra\ subtracting.swift,\ OrderedSet+Partial\ SetAlgebra\ symmetricDifference.swift,\ OrderedSet+Partial\ SetAlgebra\ union.swift /Users/aadityasingh/Library/Developer/Xcode/DerivedData/Chatlio-erkyzdeecsohoaggpwbjdvavzqfv/SourcePackages/checkouts/swift-collections/Sources/OrderedCollections/OrderedSet/OrderedSet+Partial\ SetAlgebra\ isSuperset.swift /Users/aadityasingh/Library/Developer/Xcode/DerivedData/Chatlio-erkyzdeecsohoaggpwbjdvavzqfv/SourcePackages/checkouts/swift-collections/Sources/OrderedCollections/OrderedSet/OrderedSet+Partial\ SetAlgebra\ subtract.swift /Users/aadityasingh/Library/Developer/Xcode/DerivedData/Chatlio-erkyzdeecsohoaggpwbjdvavzqfv/SourcePackages/checkouts/swift-collections/Sources/OrderedCollections/OrderedSet/OrderedSet+Partial\ SetAlgebra\ subtracting.swift /Users/aadityasingh/Library/Developer/Xcode/DerivedData/Chatlio-erkyzdeecsohoaggpwbjdvavzqfv/SourcePackages/checkouts/swift-collections/Sources/OrderedCollections/OrderedSet/OrderedSet+Partial\ SetAlgebra\ symmetricDifference.swift /Users/aadityasingh/Library/Developer/Xcode/DerivedData/Chatlio-erkyzdeecsohoaggpwbjdvavzqfv/SourcePackages/checkouts/swift-collections/Sources/OrderedCollections/OrderedSet/OrderedSet+Partial\ SetAlgebra\ union.swift (in target 'OrderedCollections' from project 'swift-collections')

SwiftCompile normal arm64 /Users/aadityasingh/Library/Developer/Xcode/DerivedData/Chatlio-erkyzdeecsohoaggpwbjdvavzqfv/SourcePackages/checkouts/swift-collections/Sources/OrderedCollections/OrderedSet/OrderedSet+Partial\ SetAlgebra\ isSuperset.swift (in target 'OrderedCollections' from project 'swift-collections')
    cd /Users/aadityasingh/Documents/Development/element-x-ios/Chatlio.xcodeproj
    

SwiftCompile normal arm64 /Users/aadityasingh/Library/Developer/Xcode/DerivedData/Chatlio-erkyzdeecsohoaggpwbjdvavzqfv/SourcePackages/checkouts/swift-collections/Sources/OrderedCollections/OrderedSet/OrderedSet+Partial\ SetAlgebra\ subtract.swift (in target 'OrderedCollections' from project 'swift-collections')
    cd /Users/aadityasingh/Documents/Development/element-x-ios/Chatlio.xcodeproj
    

SwiftCompile normal arm64 /Users/aadityasingh/Library/Developer/Xcode/DerivedData/Chatlio-erkyzdeecsohoaggpwbjdvavzqfv/SourcePackages/checkouts/swift-collections/Sources/OrderedCollections/OrderedSet/OrderedSet+Partial\ SetAlgebra\ subtracting.swift (in target 'OrderedCollections' from project 'swift-collections')
    cd /Users/aadityasingh/Documents/Development/element-x-ios/Chatlio.xcodeproj
    

SwiftCompile normal arm64 /Users/aadityasingh/Library/Developer/Xcode/DerivedData/Chatlio-erkyzdeecsohoaggpwbjdvavzqfv/SourcePackages/checkouts/swift-collections/Sources/OrderedCollections/OrderedSet/OrderedSet+Partial\ SetAlgebra\ symmetricDifference.swift (in target 'OrderedCollections' from project 'swift-collections')
    cd /Users/aadityasingh/Documents/Development/element-x-ios/Chatlio.xcodeproj
    

SwiftCompile normal arm64 /Users/aadityasingh/Library/Developer/Xcode/DerivedData/Chatlio-erkyzdeecsohoaggpwbjdvavzqfv/SourcePackages/checkouts/swift-collections/Sources/OrderedCollections/OrderedSet/OrderedSet+Partial\ SetAlgebra\ union.swift (in target 'OrderedCollections' from project 'swift-collections')
    cd /Users/aadityasingh/Documents/Development/element-x-ios/Chatlio.xcodeproj
    

SwiftDriverJobDiscovery normal x86_64 Compiling OrderedDictionary+Descriptions.swift, OrderedDictionary+Elements.SubSequence.swift, OrderedDictionary+Elements.swift, OrderedDictionary+Equatable.swift, OrderedDictionary+ExpressibleByDictionaryLiteral.swift (in target 'OrderedCollections' from project 'swift-collections')

SwiftCompile normal arm64 Compiling\ OrderedSet+Partial\ SetAlgebra\ isDisjoint.swift,\ OrderedSet+Partial\ SetAlgebra\ isEqualSet.swift,\ OrderedSet+Partial\ SetAlgebra\ isStrictSubset.swift,\ OrderedSet+Partial\ SetAlgebra\ isStrictSuperset.swift,\ OrderedSet+Partial\ SetAlgebra\ isSubset.swift /Users/aadityasingh/Library/Developer/Xcode/DerivedData/Chatlio-erkyzdeecsohoaggpwbjdvavzqfv/SourcePackages/checkouts/swift-collections/Sources/OrderedCollections/OrderedSet/OrderedSet+Partial\ SetAlgebra\ isDisjoint.swift /Users/aadityasingh/Library/Developer/Xcode/DerivedData/Chatlio-erkyzdeecsohoaggpwbjdvavzqfv/SourcePackages/checkouts/swift-collections/Sources/OrderedCollections/OrderedSet/OrderedSet+Partial\ SetAlgebra\ isEqualSet.swift /Users/aadityasingh/Library/Developer/Xcode/DerivedData/Chatlio-erkyzdeecsohoaggpwbjdvavzqfv/SourcePackages/checkouts/swift-collections/Sources/OrderedCollections/OrderedSet/OrderedSet+Partial\ SetAlgebra\ isStrictSubset.swift /Users/aadityasingh/Library/Developer/Xcode/DerivedData/Chatlio-erkyzdeecsohoaggpwbjdvavzqfv/SourcePackages/checkouts/swift-collections/Sources/OrderedCollections/OrderedSet/OrderedSet+Partial\ SetAlgebra\ isStrictSuperset.swift /Users/aadityasingh/Library/Developer/Xcode/DerivedData/Chatlio-erkyzdeecsohoaggpwbjdvavzqfv/SourcePackages/checkouts/swift-collections/Sources/OrderedCollections/OrderedSet/OrderedSet+Partial\ SetAlgebra\ isSubset.swift (in target 'OrderedCollections' from project 'swift-collections')

SwiftCompile normal arm64 /Users/aadityasingh/Library/Developer/Xcode/DerivedData/Chatlio-erkyzdeecsohoaggpwbjdvavzqfv/SourcePackages/checkouts/swift-collections/Sources/OrderedCollections/OrderedSet/OrderedSet+Partial\ SetAlgebra\ isDisjoint.swift (in target 'OrderedCollections' from project 'swift-collections')
    cd /Users/aadityasingh/Documents/Development/element-x-ios/Chatlio.xcodeproj
    

SwiftCompile normal arm64 /Users/aadityasingh/Library/Developer/Xcode/DerivedData/Chatlio-erkyzdeecsohoaggpwbjdvavzqfv/SourcePackages/checkouts/swift-collections/Sources/OrderedCollections/OrderedSet/OrderedSet+Partial\ SetAlgebra\ isEqualSet.swift (in target 'OrderedCollections' from project 'swift-collections')
    cd /Users/aadityasingh/Documents/Development/element-x-ios/Chatlio.xcodeproj
    

SwiftCompile normal arm64 /Users/aadityasingh/Library/Developer/Xcode/DerivedData/Chatlio-erkyzdeecsohoaggpwbjdvavzqfv/SourcePackages/checkouts/swift-collections/Sources/OrderedCollections/OrderedSet/OrderedSet+Partial\ SetAlgebra\ isStrictSubset.swift (in target 'OrderedCollections' from project 'swift-collections')
    cd /Users/aadityasingh/Documents/Development/element-x-ios/Chatlio.xcodeproj
    

SwiftCompile normal arm64 /Users/aadityasingh/Library/Developer/Xcode/DerivedData/Chatlio-erkyzdeecsohoaggpwbjdvavzqfv/SourcePackages/checkouts/swift-collections/Sources/OrderedCollections/OrderedSet/OrderedSet+Partial\ SetAlgebra\ isStrictSuperset.swift (in target 'OrderedCollections' from project 'swift-collections')
    cd /Users/aadityasingh/Documents/Development/element-x-ios/Chatlio.xcodeproj
    

SwiftCompile normal arm64 /Users/aadityasingh/Library/Developer/Xcode/DerivedData/Chatlio-erkyzdeecsohoaggpwbjdvavzqfv/SourcePackages/checkouts/swift-collections/Sources/OrderedCollections/OrderedSet/OrderedSet+Partial\ SetAlgebra\ isSubset.swift (in target 'OrderedCollections' from project 'swift-collections')
    cd /Users/aadityasingh/Documents/Development/element-x-ios/Chatlio.xcodeproj
    

SwiftDriverJobDiscovery normal x86_64 Compiling OrderedDictionary+Sendable.swift, OrderedDictionary+Sequence.swift, OrderedDictionary+Values.swift, OrderedDictionary.swift, OrderedSet+Codable.swift (in target 'OrderedCollections' from project 'swift-collections')

SwiftCompile normal x86_64 Compiling\ OrderedSet+Partial\ SetAlgebra+Basics.swift,\ OrderedSet+RandomAccessCollection.swift,\ OrderedSet+ReserveCapacity.swift,\ OrderedSet+Sendable.swift,\ OrderedSet+SubSequence.swift /Users/aadityasingh/Library/Developer/Xcode/DerivedData/Chatlio-erkyzdeecsohoaggpwbjdvavzqfv/SourcePackages/checkouts/swift-collections/Sources/OrderedCollections/OrderedSet/OrderedSet+Partial\ SetAlgebra+Basics.swift /Users/aadityasingh/Library/Developer/Xcode/DerivedData/Chatlio-erkyzdeecsohoaggpwbjdvavzqfv/SourcePackages/checkouts/swift-collections/Sources/OrderedCollections/OrderedSet/OrderedSet+RandomAccessCollection.swift /Users/aadityasingh/Library/Developer/Xcode/DerivedData/Chatlio-erkyzdeecsohoaggpwbjdvavzqfv/SourcePackages/checkouts/swift-collections/Sources/OrderedCollections/OrderedSet/OrderedSet+ReserveCapacity.swift /Users/aadityasingh/Library/Developer/Xcode/DerivedData/Chatlio-erkyzdeecsohoaggpwbjdvavzqfv/SourcePackages/checkouts/swift-collections/Sources/OrderedCollections/OrderedSet/OrderedSet+Sendable.swift /Users/aadityasingh/Library/Developer/Xcode/DerivedData/Chatlio-erkyzdeecsohoaggpwbjdvavzqfv/SourcePackages/checkouts/swift-collections/Sources/OrderedCollections/OrderedSet/OrderedSet+SubSequence.swift (in target 'OrderedCollections' from project 'swift-collections')

SwiftCompile normal x86_64 /Users/aadityasingh/Library/Developer/Xcode/DerivedData/Chatlio-erkyzdeecsohoaggpwbjdvavzqfv/SourcePackages/checkouts/swift-collections/Sources/OrderedCollections/OrderedSet/OrderedSet+Partial\ SetAlgebra+Basics.swift (in target 'OrderedCollections' from project 'swift-collections')
    cd /Users/aadityasingh/Documents/Development/element-x-ios/Chatlio.xcodeproj
    

SwiftCompile normal x86_64 /Users/aadityasingh/Library/Developer/Xcode/DerivedData/Chatlio-erkyzdeecsohoaggpwbjdvavzqfv/SourcePackages/checkouts/swift-collections/Sources/OrderedCollections/OrderedSet/OrderedSet+RandomAccessCollection.swift (in target 'OrderedCollections' from project 'swift-collections')
    cd /Users/aadityasingh/Documents/Development/element-x-ios/Chatlio.xcodeproj
    

SwiftCompile normal x86_64 /Users/aadityasingh/Library/Developer/Xcode/DerivedData/Chatlio-erkyzdeecsohoaggpwbjdvavzqfv/SourcePackages/checkouts/swift-collections/Sources/OrderedCollections/OrderedSet/OrderedSet+ReserveCapacity.swift (in target 'OrderedCollections' from project 'swift-collections')
    cd /Users/aadityasingh/Documents/Development/element-x-ios/Chatlio.xcodeproj
    

SwiftCompile normal x86_64 /Users/aadityasingh/Library/Developer/Xcode/DerivedData/Chatlio-erkyzdeecsohoaggpwbjdvavzqfv/SourcePackages/checkouts/swift-collections/Sources/OrderedCollections/OrderedSet/OrderedSet+Sendable.swift (in target 'OrderedCollections' from project 'swift-collections')
    cd /Users/aadityasingh/Documents/Development/element-x-ios/Chatlio.xcodeproj
    

SwiftCompile normal x86_64 /Users/aadityasingh/Library/Developer/Xcode/DerivedData/Chatlio-erkyzdeecsohoaggpwbjdvavzqfv/SourcePackages/checkouts/swift-collections/Sources/OrderedCollections/OrderedSet/OrderedSet+SubSequence.swift (in target 'OrderedCollections' from project 'swift-collections')
    cd /Users/aadityasingh/Documents/Development/element-x-ios/Chatlio.xcodeproj
    

SwiftDriverJobDiscovery normal x86_64 Compiling _HashTable.swift, _Hashtable+Header.swift, OrderedDictionary+Codable.swift, OrderedDictionary+CustomReflectable.swift, OrderedDictionary+Deprecations.swift (in target 'OrderedCollections' from project 'swift-collections')

SwiftCompile normal x86_64 Compiling\ OrderedDictionary+Hashable.swift,\ OrderedDictionary+Initializers.swift,\ OrderedDictionary+Invariants.swift,\ OrderedDictionary+Partial\ MutableCollection.swift,\ OrderedDictionary+Partial\ RangeReplaceableCollection.swift /Users/aadityasingh/Library/Developer/Xcode/DerivedData/Chatlio-erkyzdeecsohoaggpwbjdvavzqfv/SourcePackages/checkouts/swift-collections/Sources/OrderedCollections/OrderedDictionary/OrderedDictionary+Hashable.swift /Users/aadityasingh/Library/Developer/Xcode/DerivedData/Chatlio-erkyzdeecsohoaggpwbjdvavzqfv/SourcePackages/checkouts/swift-collections/Sources/OrderedCollections/OrderedDictionary/OrderedDictionary+Initializers.swift /Users/aadityasingh/Library/Developer/Xcode/DerivedData/Chatlio-erkyzdeecsohoaggpwbjdvavzqfv/SourcePackages/checkouts/swift-collections/Sources/OrderedCollections/OrderedDictionary/OrderedDictionary+Invariants.swift /Users/aadityasingh/Library/Developer/Xcode/DerivedData/Chatlio-erkyzdeecsohoaggpwbjdvavzqfv/SourcePackages/checkouts/swift-collections/Sources/OrderedCollections/OrderedDictionary/OrderedDictionary+Partial\ MutableCollection.swift /Users/aadityasingh/Library/Developer/Xcode/DerivedData/Chatlio-erkyzdeecsohoaggpwbjdvavzqfv/SourcePackages/checkouts/swift-collections/Sources/OrderedCollections/OrderedDictionary/OrderedDictionary+Partial\ RangeReplaceableCollection.swift (in target 'OrderedCollections' from project 'swift-collections')

SwiftCompile normal x86_64 /Users/aadityasingh/Library/Developer/Xcode/DerivedData/Chatlio-erkyzdeecsohoaggpwbjdvavzqfv/SourcePackages/checkouts/swift-collections/Sources/OrderedCollections/OrderedDictionary/OrderedDictionary+Hashable.swift (in target 'OrderedCollections' from project 'swift-collections')
    cd /Users/aadityasingh/Documents/Development/element-x-ios/Chatlio.xcodeproj
    

SwiftCompile normal x86_64 /Users/aadityasingh/Library/Developer/Xcode/DerivedData/Chatlio-erkyzdeecsohoaggpwbjdvavzqfv/SourcePackages/checkouts/swift-collections/Sources/OrderedCollections/OrderedDictionary/OrderedDictionary+Initializers.swift (in target 'OrderedCollections' from project 'swift-collections')
    cd /Users/aadityasingh/Documents/Development/element-x-ios/Chatlio.xcodeproj
    

SwiftCompile normal x86_64 /Users/aadityasingh/Library/Developer/Xcode/DerivedData/Chatlio-erkyzdeecsohoaggpwbjdvavzqfv/SourcePackages/checkouts/swift-collections/Sources/OrderedCollections/OrderedDictionary/OrderedDictionary+Invariants.swift (in target 'OrderedCollections' from project 'swift-collections')
    cd /Users/aadityasingh/Documents/Development/element-x-ios/Chatlio.xcodeproj
    

SwiftCompile normal x86_64 /Users/aadityasingh/Library/Developer/Xcode/DerivedData/Chatlio-erkyzdeecsohoaggpwbjdvavzqfv/SourcePackages/checkouts/swift-collections/Sources/OrderedCollections/OrderedDictionary/OrderedDictionary+Partial\ MutableCollection.swift (in target 'OrderedCollections' from project 'swift-collections')
    cd /Users/aadityasingh/Documents/Development/element-x-ios/Chatlio.xcodeproj
    

SwiftCompile normal x86_64 /Users/aadityasingh/Library/Developer/Xcode/DerivedData/Chatlio-erkyzdeecsohoaggpwbjdvavzqfv/SourcePackages/checkouts/swift-collections/Sources/OrderedCollections/OrderedDictionary/OrderedDictionary+Partial\ RangeReplaceableCollection.swift (in target 'OrderedCollections' from project 'swift-collections')
    cd /Users/aadityasingh/Documents/Development/element-x-ios/Chatlio.xcodeproj
    

SwiftDriverJobDiscovery normal arm64 Compiling OrderedDictionary+Descriptions.swift, OrderedDictionary+Elements.SubSequence.swift, OrderedDictionary+Elements.swift, OrderedDictionary+Equatable.swift, OrderedDictionary+ExpressibleByDictionaryLiteral.swift (in target 'OrderedCollections' from project 'swift-collections')

SwiftCompile normal x86_64 Compiling\ OrderedSet+Testing.swift,\ OrderedSet+UnorderedView.swift,\ OrderedSet+UnstableInternals.swift,\ OrderedSet.swift,\ _UnsafeBitset.swift /Users/aadityasingh/Library/Developer/Xcode/DerivedData/Chatlio-erkyzdeecsohoaggpwbjdvavzqfv/SourcePackages/checkouts/swift-collections/Sources/OrderedCollections/OrderedSet/OrderedSet+Testing.swift /Users/aadityasingh/Library/Developer/Xcode/DerivedData/Chatlio-erkyzdeecsohoaggpwbjdvavzqfv/SourcePackages/checkouts/swift-collections/Sources/OrderedCollections/OrderedSet/OrderedSet+UnorderedView.swift /Users/aadityasingh/Library/Developer/Xcode/DerivedData/Chatlio-erkyzdeecsohoaggpwbjdvavzqfv/SourcePackages/checkouts/swift-collections/Sources/OrderedCollections/OrderedSet/OrderedSet+UnstableInternals.swift /Users/aadityasingh/Library/Developer/Xcode/DerivedData/Chatlio-erkyzdeecsohoaggpwbjdvavzqfv/SourcePackages/checkouts/swift-collections/Sources/OrderedCollections/OrderedSet/OrderedSet.swift /Users/aadityasingh/Library/Developer/Xcode/DerivedData/Chatlio-erkyzdeecsohoaggpwbjdvavzqfv/SourcePackages/checkouts/swift-collections/Sources/OrderedCollections/Utilities/_UnsafeBitset.swift (in target 'OrderedCollections' from project 'swift-collections')
SwiftCompile normal x86_64 /Users/aadityasingh/Library/Developer/Xcode/DerivedData/Chatlio-erkyzdeecsohoaggpwbjdvavzqfv/SourcePackages/checkouts/swift-collections/Sources/OrderedCollections/OrderedSet/OrderedSet+Testing.swift (in target 'OrderedCollections' from project 'swift-collections')
    cd /Users/aadityasingh/Documents/Development/element-x-ios/Chatlio.xcodeproj
    

SwiftCompile normal x86_64 /Users/aadityasingh/Library/Developer/Xcode/DerivedData/Chatlio-erkyzdeecsohoaggpwbjdvavzqfv/SourcePackages/checkouts/swift-collections/Sources/OrderedCollections/OrderedSet/OrderedSet+UnorderedView.swift (in target 'OrderedCollections' from project 'swift-collections')
    cd /Users/aadityasingh/Documents/Development/element-x-ios/Chatlio.xcodeproj
    

SwiftCompile normal x86_64 /Users/aadityasingh/Library/Developer/Xcode/DerivedData/Chatlio-erkyzdeecsohoaggpwbjdvavzqfv/SourcePackages/checkouts/swift-collections/Sources/OrderedCollections/OrderedSet/OrderedSet+UnstableInternals.swift (in target 'OrderedCollections' from project 'swift-collections')
    cd /Users/aadityasingh/Documents/Development/element-x-ios/Chatlio.xcodeproj
    

SwiftCompile normal x86_64 /Users/aadityasingh/Library/Developer/Xcode/DerivedData/Chatlio-erkyzdeecsohoaggpwbjdvavzqfv/SourcePackages/checkouts/swift-collections/Sources/OrderedCollections/OrderedSet/OrderedSet.swift (in target 'OrderedCollections' from project 'swift-collections')
    cd /Users/aadityasingh/Documents/Development/element-x-ios/Chatlio.xcodeproj
    

SwiftCompile normal x86_64 /Users/aadityasingh/Library/Developer/Xcode/DerivedData/Chatlio-erkyzdeecsohoaggpwbjdvavzqfv/SourcePackages/checkouts/swift-collections/Sources/OrderedCollections/Utilities/_UnsafeBitset.swift (in target 'OrderedCollections' from project 'swift-collections')
    cd /Users/aadityasingh/Documents/Development/element-x-ios/Chatlio.xcodeproj
    

SwiftDriverJobDiscovery normal arm64 Compiling OrderedSet+Testing.swift, OrderedSet+UnorderedView.swift, OrderedSet+UnstableInternals.swift, OrderedSet.swift, _UnsafeBitset.swift (in target 'OrderedCollections' from project 'swift-collections')

SwiftCompile normal x86_64 Compiling\ OrderedSet+CustomReflectable.swift,\ OrderedSet+Descriptions.swift,\ OrderedSet+Diffing.swift,\ OrderedSet+Equatable.swift,\ OrderedSet+ExpressibleByArrayLiteral.swift /Users/aadityasingh/Library/Developer/Xcode/DerivedData/Chatlio-erkyzdeecsohoaggpwbjdvavzqfv/SourcePackages/checkouts/swift-collections/Sources/OrderedCollections/OrderedSet/OrderedSet+CustomReflectable.swift /Users/aadityasingh/Library/Developer/Xcode/DerivedData/Chatlio-erkyzdeecsohoaggpwbjdvavzqfv/SourcePackages/checkouts/swift-collections/Sources/OrderedCollections/OrderedSet/OrderedSet+Descriptions.swift /Users/aadityasingh/Library/Developer/Xcode/DerivedData/Chatlio-erkyzdeecsohoaggpwbjdvavzqfv/SourcePackages/checkouts/swift-collections/Sources/OrderedCollections/OrderedSet/OrderedSet+Diffing.swift /Users/aadityasingh/Library/Developer/Xcode/DerivedData/Chatlio-erkyzdeecsohoaggpwbjdvavzqfv/SourcePackages/checkouts/swift-collections/Sources/OrderedCollections/OrderedSet/OrderedSet+Equatable.swift /Users/aadityasingh/Library/Developer/Xcode/DerivedData/Chatlio-erkyzdeecsohoaggpwbjdvavzqfv/SourcePackages/checkouts/swift-collections/Sources/OrderedCollections/OrderedSet/OrderedSet+ExpressibleByArrayLiteral.swift (in target 'OrderedCollections' from project 'swift-collections')

SwiftCompile normal x86_64 /Users/aadityasingh/Library/Developer/Xcode/DerivedData/Chatlio-erkyzdeecsohoaggpwbjdvavzqfv/SourcePackages/checkouts/swift-collections/Sources/OrderedCollections/OrderedSet/OrderedSet+CustomReflectable.swift (in target 'OrderedCollections' from project 'swift-collections')
    cd /Users/aadityasingh/Documents/Development/element-x-ios/Chatlio.xcodeproj
    

SwiftCompile normal x86_64 /Users/aadityasingh/Library/Developer/Xcode/DerivedData/Chatlio-erkyzdeecsohoaggpwbjdvavzqfv/SourcePackages/checkouts/swift-collections/Sources/OrderedCollections/OrderedSet/OrderedSet+Descriptions.swift (in target 'OrderedCollections' from project 'swift-collections')
    cd /Users/aadityasingh/Documents/Development/element-x-ios/Chatlio.xcodeproj
    

SwiftCompile normal x86_64 /Users/aadityasingh/Library/Developer/Xcode/DerivedData/Chatlio-erkyzdeecsohoaggpwbjdvavzqfv/SourcePackages/checkouts/swift-collections/Sources/OrderedCollections/OrderedSet/OrderedSet+Diffing.swift (in target 'OrderedCollections' from project 'swift-collections')
    cd /Users/aadityasingh/Documents/Development/element-x-ios/Chatlio.xcodeproj
    

SwiftCompile normal x86_64 /Users/aadityasingh/Library/Developer/Xcode/DerivedData/Chatlio-erkyzdeecsohoaggpwbjdvavzqfv/SourcePackages/checkouts/swift-collections/Sources/OrderedCollections/OrderedSet/OrderedSet+Equatable.swift (in target 'OrderedCollections' from project 'swift-collections')
    cd /Users/aadityasingh/Documents/Development/element-x-ios/Chatlio.xcodeproj
    

SwiftCompile normal x86_64 /Users/aadityasingh/Library/Developer/Xcode/DerivedData/Chatlio-erkyzdeecsohoaggpwbjdvavzqfv/SourcePackages/checkouts/swift-collections/Sources/OrderedCollections/OrderedSet/OrderedSet+ExpressibleByArrayLiteral.swift (in target 'OrderedCollections' from project 'swift-collections')
    cd /Users/aadityasingh/Documents/Development/element-x-ios/Chatlio.xcodeproj
    

SwiftDriverJobDiscovery normal x86_64 Compiling OrderedSet+Hashable.swift, OrderedSet+Initializers.swift, OrderedSet+Insertions.swift, OrderedSet+Invariants.swift, OrderedSet+Partial MutableCollection.swift (in target 'OrderedCollections' from project 'swift-collections')

SwiftCompile normal x86_64 Compiling\ OrderedSet+Partial\ RangeReplaceableCollection.swift,\ OrderedSet+Partial\ SetAlgebra\ formIntersection.swift,\ OrderedSet+Partial\ SetAlgebra\ formSymmetricDifference.swift,\ OrderedSet+Partial\ SetAlgebra\ formUnion.swift,\ OrderedSet+Partial\ SetAlgebra\ intersection.swift /Users/aadityasingh/Library/Developer/Xcode/DerivedData/Chatlio-erkyzdeecsohoaggpwbjdvavzqfv/SourcePackages/checkouts/swift-collections/Sources/OrderedCollections/OrderedSet/OrderedSet+Partial\ RangeReplaceableCollection.swift /Users/aadityasingh/Library/Developer/Xcode/DerivedData/Chatlio-erkyzdeecsohoaggpwbjdvavzqfv/SourcePackages/checkouts/swift-collections/Sources/OrderedCollections/OrderedSet/OrderedSet+Partial\ SetAlgebra\ formIntersection.swift /Users/aadityasingh/Library/Developer/Xcode/DerivedData/Chatlio-erkyzdeecsohoaggpwbjdvavzqfv/SourcePackages/checkouts/swift-collections/Sources/OrderedCollections/OrderedSet/OrderedSet+Partial\ SetAlgebra\ formSymmetricDifference.swift /Users/aadityasingh/Library/Developer/Xcode/DerivedData/Chatlio-erkyzdeecsohoaggpwbjdvavzqfv/SourcePackages/checkouts/swift-collections/Sources/OrderedCollections/OrderedSet/OrderedSet+Partial\ SetAlgebra\ formUnion.swift /Users/aadityasingh/Library/Developer/Xcode/DerivedData/Chatlio-erkyzdeecsohoaggpwbjdvavzqfv/SourcePackages/checkouts/swift-collections/Sources/OrderedCollections/OrderedSet/OrderedSet+Partial\ SetAlgebra\ intersection.swift (in target 'OrderedCollections' from project 'swift-collections')

SwiftCompile normal x86_64 /Users/aadityasingh/Library/Developer/Xcode/DerivedData/Chatlio-erkyzdeecsohoaggpwbjdvavzqfv/SourcePackages/checkouts/swift-collections/Sources/OrderedCollections/OrderedSet/OrderedSet+Partial\ RangeReplaceableCollection.swift (in target 'OrderedCollections' from project 'swift-collections')
    cd /Users/aadityasingh/Documents/Development/element-x-ios/Chatlio.xcodeproj
    

SwiftCompile normal x86_64 /Users/aadityasingh/Library/Developer/Xcode/DerivedData/Chatlio-erkyzdeecsohoaggpwbjdvavzqfv/SourcePackages/checkouts/swift-collections/Sources/OrderedCollections/OrderedSet/OrderedSet+Partial\ SetAlgebra\ formIntersection.swift (in target 'OrderedCollections' from project 'swift-collections')
    cd /Users/aadityasingh/Documents/Development/element-x-ios/Chatlio.xcodeproj
    

SwiftCompile normal x86_64 /Users/aadityasingh/Library/Developer/Xcode/DerivedData/Chatlio-erkyzdeecsohoaggpwbjdvavzqfv/SourcePackages/checkouts/swift-collections/Sources/OrderedCollections/OrderedSet/OrderedSet+Partial\ SetAlgebra\ formSymmetricDifference.swift (in target 'OrderedCollections' from project 'swift-collections')
    cd /Users/aadityasingh/Documents/Development/element-x-ios/Chatlio.xcodeproj
    

SwiftCompile normal x86_64 /Users/aadityasingh/Library/Developer/Xcode/DerivedData/Chatlio-erkyzdeecsohoaggpwbjdvavzqfv/SourcePackages/checkouts/swift-collections/Sources/OrderedCollections/OrderedSet/OrderedSet+Partial\ SetAlgebra\ formUnion.swift (in target 'OrderedCollections' from project 'swift-collections')
    cd /Users/aadityasingh/Documents/Development/element-x-ios/Chatlio.xcodeproj
    

SwiftCompile normal x86_64 /Users/aadityasingh/Library/Developer/Xcode/DerivedData/Chatlio-erkyzdeecsohoaggpwbjdvavzqfv/SourcePackages/checkouts/swift-collections/Sources/OrderedCollections/OrderedSet/OrderedSet+Partial\ SetAlgebra\ intersection.swift (in target 'OrderedCollections' from project 'swift-collections')
    cd /Users/aadityasingh/Documents/Development/element-x-ios/Chatlio.xcodeproj
    

SwiftDriverJobDiscovery normal arm64 Compiling HtmlTreeBuilder.swift, HtmlTreeBuilderState.swift, Mutex.swift, Node.swift, NodeTraversor.swift (in target 'SwiftSoup' from project 'SwiftSoup')

SwiftDriver\ Compilation MatrixRustSDK normal x86_64 com.apple.xcode.tools.swift.compiler (in target 'MatrixRustSDK' from project 'MatrixRustSDK')
    cd /Users/aadityasingh/Documents/Development/element-x-ios/Chatlio.xcodeproj
    builtin-Swift-Compilation -- /Applications/Xcode.app/Contents/Developer/Toolchains/XcodeDefault.xctoolchain/usr/bin/swiftc -module-name MatrixRustSDK -Onone @/Users/aadityasingh/Library/Developer/Xcode/DerivedData/Chatlio-erkyzdeecsohoaggpwbjdvavzqfv/Build/Intermediates.noindex/MatrixRustSDK.build/Debug-iphonesimulator/MatrixRustSDK.build/Objects-normal/x86_64/MatrixRustSDK.SwiftFileList -DSWIFT_PACKAGE -DDEBUG -DSWIFT_MODULE_RESOURCE_BUNDLE_UNAVAILABLE -DXcode -plugin-path /Applications/Xcode.app/Contents/Developer/Toolchains/XcodeDefault.xctoolchain/usr/lib/swift/host/plugins/testing -enable-experimental-feature DebugDescriptionMacro -sdk /Applications/Xcode.app/Contents/Developer/Platforms/iPhoneSimulator.platform/Developer/SDKs/iPhoneSimulator26.4.sdk -target x86_64-apple-ios16.0-simulator -g -module-cache-path /Users/aadityasingh/Library/Developer/Xcode/DerivedData/ModuleCache.noindex -Xfrontend -serialize-debugging-options -profile-coverage-mapping -profile-generate -enable-testing -index-store-path /Users/aadityasingh/Library/Developer/Xcode/DerivedData/Chatlio-erkyzdeecsohoaggpwbjdvavzqfv/Index.noindex/DataStore -Xcc -D_LIBCPP_HARDENING_MODE\=_LIBCPP_HARDENING_MODE_DEBUG -swift-version 5 -I /Users/aadityasingh/Library/Developer/Xcode/DerivedData/Chatlio-erkyzdeecsohoaggpwbjdvavzqfv/Build/Products/Debug-iphonesimulator -Isystem /Applications/Xcode.app/Contents/Developer/Platforms/iPhoneSimulator.platform/Developer/usr/lib -F /Users/aadityasingh/Library/Developer/Xcode/DerivedData/Chatlio-erkyzdeecsohoaggpwbjdvavzqfv/Build/Products/Debug-iphonesimulator -F /Applications/Xcode.app/Contents/Developer/Platforms/iPhoneSimulator.platform/Developer/Library/Frameworks -F /Applications/Xcode.app/Contents/Developer/Platforms/iPhoneSimulator.platform/Developer/SDKs/iPhoneSimulator26.4.sdk/Developer/Library/Frameworks -c -j12 -enable-batch-mode -incremental -Xcc -ivfsstatcache -Xcc /Users/aadityasingh/Library/Developer/Xcode/DerivedData/SDKStatCaches.noindex/iphonesimulator26.4-23E252-686eebb5dc1d8ecb277353a59184f4aa.sdkstatcache -output-file-map /Users/aadityasingh/Library/Developer/Xcode/DerivedData/Chatlio-erkyzdeecsohoaggpwbjdvavzqfv/Build/Intermediates.noindex/MatrixRustSDK.build/Debug-iphonesimulator/MatrixRustSDK.build/Objects-normal/x86_64/MatrixRustSDK-OutputFileMap.json -use-frontend-parseable-output -save-temps -no-color-diagnostics -explicit-module-build -module-cache-path /Users/aadityasingh/Library/Developer/Xcode/DerivedData/Chatlio-erkyzdeecsohoaggpwbjdvavzqfv/Build/Intermediates.noindex/SwiftExplicitPrecompiledModules -clang-scanner-module-cache-path /Users/aadityasingh/Library/Developer/Xcode/DerivedData/ModuleCache.noindex -sdk-module-cache-path /Users/aadityasingh/Library/Developer/Xcode/DerivedData/ModuleCache.noindex -serialize-diagnostics -emit-dependencies -emit-module -emit-module-path /Users/aadityasingh/Library/Developer/Xcode/DerivedData/Chatlio-erkyzdeecsohoaggpwbjdvavzqfv/Build/Intermediates.noindex/MatrixRustSDK.build/Debug-iphonesimulator/MatrixRustSDK.build/Objects-normal/x86_64/MatrixRustSDK.swiftmodule -validate-clang-modules-once -clang-build-session-file /Users/aadityasingh/Library/Developer/Xcode/DerivedData/ModuleCache.noindex/Session.modulevalidation -package-name matrix_rust_sdk_local -Xcc -I/Users/aadityasingh/Library/Developer/Xcode/DerivedData/Chatlio-erkyzdeecsohoaggpwbjdvavzqfv/Build/Intermediates.noindex/MatrixRustSDK.build/Debug-iphonesimulator/MatrixRustSDK.build/swift-overrides.hmap -emit-const-values -Xfrontend -const-gather-protocols-file -Xfrontend /Users/aadityasingh/Library/Developer/Xcode/DerivedData/Chatlio-erkyzdeecsohoaggpwbjdvavzqfv/Build/Intermediates.noindex/MatrixRustSDK.build/Debug-iphonesimulator/MatrixRustSDK.build/Objects-normal/x86_64/MatrixRustSDK_const_extract_protocols.json -Xcc -I/Users/aadityasingh/Library/Developer/Xcode/DerivedData/Chatlio-erkyzdeecsohoaggpwbjdvavzqfv/Build/Products/Debug-iphonesimulator/include -Xcc -I/Users/aadityasingh/Library/Developer/Xcode/DerivedData/Chatlio-erkyzdeecsohoaggpwbjdvavzqfv/Build/Intermediates.noindex/MatrixRustSDK.build/Debug-iphonesimulator/MatrixRustSDK.build/DerivedSources-normal/x86_64 -Xcc -I/Users/aadityasingh/Library/Developer/Xcode/DerivedData/Chatlio-erkyzdeecsohoaggpwbjdvavzqfv/Build/Intermediates.noindex/MatrixRustSDK.build/Debug-iphonesimulator/MatrixRustSDK.build/DerivedSources/x86_64 -Xcc -I/Users/aadityasingh/Library/Developer/Xcode/DerivedData/Chatlio-erkyzdeecsohoaggpwbjdvavzqfv/Build/Intermediates.noindex/MatrixRustSDK.build/Debug-iphonesimulator/MatrixRustSDK.build/DerivedSources -Xcc -DSWIFT_PACKAGE -Xcc -DDEBUG\=1 -emit-objc-header -emit-objc-header-path /Users/aadityasingh/Library/Developer/Xcode/DerivedData/Chatlio-erkyzdeecsohoaggpwbjdvavzqfv/Build/Intermediates.noindex/MatrixRustSDK.build/Debug-iphonesimulator/MatrixRustSDK.build/Objects-normal/x86_64/MatrixRustSDK-Swift.h -working-directory /Users/aadityasingh/Documents/Development/element-x-ios/Chatlio.xcodeproj -experimental-emit-module-separately -disable-cmo

SwiftDriver\ Compilation MatrixRustSDK normal arm64 com.apple.xcode.tools.swift.compiler (in target 'MatrixRustSDK' from project 'MatrixRustSDK')
    cd /Users/aadityasingh/Documents/Development/element-x-ios/Chatlio.xcodeproj
    builtin-Swift-Compilation -- /Applications/Xcode.app/Contents/Developer/Toolchains/XcodeDefault.xctoolchain/usr/bin/swiftc -module-name MatrixRustSDK -Onone @/Users/aadityasingh/Library/Developer/Xcode/DerivedData/Chatlio-erkyzdeecsohoaggpwbjdvavzqfv/Build/Intermediates.noindex/MatrixRustSDK.build/Debug-iphonesimulator/MatrixRustSDK.build/Objects-normal/arm64/MatrixRustSDK.SwiftFileList -DSWIFT_PACKAGE -DDEBUG -DSWIFT_MODULE_RESOURCE_BUNDLE_UNAVAILABLE -DXcode -plugin-path /Applications/Xcode.app/Contents/Developer/Toolchains/XcodeDefault.xctoolchain/usr/lib/swift/host/plugins/testing -enable-experimental-feature DebugDescriptionMacro -sdk /Applications/Xcode.app/Contents/Developer/Platforms/iPhoneSimulator.platform/Developer/SDKs/iPhoneSimulator26.4.sdk -target arm64-apple-ios16.0-simulator -g -module-cache-path /Users/aadityasingh/Library/Developer/Xcode/DerivedData/ModuleCache.noindex -Xfrontend -serialize-debugging-options -profile-coverage-mapping -profile-generate -enable-testing -index-store-path /Users/aadityasingh/Library/Developer/Xcode/DerivedData/Chatlio-erkyzdeecsohoaggpwbjdvavzqfv/Index.noindex/DataStore -Xcc -D_LIBCPP_HARDENING_MODE\=_LIBCPP_HARDENING_MODE_DEBUG -swift-version 5 -I /Users/aadityasingh/Library/Developer/Xcode/DerivedData/Chatlio-erkyzdeecsohoaggpwbjdvavzqfv/Build/Products/Debug-iphonesimulator -Isystem /Applications/Xcode.app/Contents/Developer/Platforms/iPhoneSimulator.platform/Developer/usr/lib -F /Users/aadityasingh/Library/Developer/Xcode/DerivedData/Chatlio-erkyzdeecsohoaggpwbjdvavzqfv/Build/Products/Debug-iphonesimulator -F /Applications/Xcode.app/Contents/Developer/Platforms/iPhoneSimulator.platform/Developer/Library/Frameworks -F /Applications/Xcode.app/Contents/Developer/Platforms/iPhoneSimulator.platform/Developer/SDKs/iPhoneSimulator26.4.sdk/Developer/Library/Frameworks -c -j12 -enable-batch-mode -incremental -Xcc -ivfsstatcache -Xcc /Users/aadityasingh/Library/Developer/Xcode/DerivedData/SDKStatCaches.noindex/iphonesimulator26.4-23E252-686eebb5dc1d8ecb277353a59184f4aa.sdkstatcache -output-file-map /Users/aadityasingh/Library/Developer/Xcode/DerivedData/Chatlio-erkyzdeecsohoaggpwbjdvavzqfv/Build/Intermediates.noindex/MatrixRustSDK.build/Debug-iphonesimulator/MatrixRustSDK.build/Objects-normal/arm64/MatrixRustSDK-OutputFileMap.json -use-frontend-parseable-output -save-temps -no-color-diagnostics -explicit-module-build -module-cache-path /Users/aadityasingh/Library/Developer/Xcode/DerivedData/Chatlio-erkyzdeecsohoaggpwbjdvavzqfv/Build/Intermediates.noindex/SwiftExplicitPrecompiledModules -clang-scanner-module-cache-path /Users/aadityasingh/Library/Developer/Xcode/DerivedData/ModuleCache.noindex -sdk-module-cache-path /Users/aadityasingh/Library/Developer/Xcode/DerivedData/ModuleCache.noindex -serialize-diagnostics -emit-dependencies -emit-module -emit-module-path /Users/aadityasingh/Library/Developer/Xcode/DerivedData/Chatlio-erkyzdeecsohoaggpwbjdvavzqfv/Build/Intermediates.noindex/MatrixRustSDK.build/Debug-iphonesimulator/MatrixRustSDK.build/Objects-normal/arm64/MatrixRustSDK.swiftmodule -validate-clang-modules-once -clang-build-session-file /Users/aadityasingh/Library/Developer/Xcode/DerivedData/ModuleCache.noindex/Session.modulevalidation -package-name matrix_rust_sdk_local -Xcc -I/Users/aadityasingh/Library/Developer/Xcode/DerivedData/Chatlio-erkyzdeecsohoaggpwbjdvavzqfv/Build/Intermediates.noindex/MatrixRustSDK.build/Debug-iphonesimulator/MatrixRustSDK.build/swift-overrides.hmap -emit-const-values -Xfrontend -const-gather-protocols-file -Xfrontend /Users/aadityasingh/Library/Developer/Xcode/DerivedData/Chatlio-erkyzdeecsohoaggpwbjdvavzqfv/Build/Intermediates.noindex/MatrixRustSDK.build/Debug-iphonesimulator/MatrixRustSDK.build/Objects-normal/arm64/MatrixRustSDK_const_extract_protocols.json -Xcc -I/Users/aadityasingh/Library/Developer/Xcode/DerivedData/Chatlio-erkyzdeecsohoaggpwbjdvavzqfv/Build/Products/Debug-iphonesimulator/include -Xcc -I/Users/aadityasingh/Library/Developer/Xcode/DerivedData/Chatlio-erkyzdeecsohoaggpwbjdvavzqfv/Build/Intermediates.noindex/MatrixRustSDK.build/Debug-iphonesimulator/MatrixRustSDK.build/DerivedSources-normal/arm64 -Xcc -I/Users/aadityasingh/Library/Developer/Xcode/DerivedData/Chatlio-erkyzdeecsohoaggpwbjdvavzqfv/Build/Intermediates.noindex/MatrixRustSDK.build/Debug-iphonesimulator/MatrixRustSDK.build/DerivedSources/arm64 -Xcc -I/Users/aadityasingh/Library/Developer/Xcode/DerivedData/Chatlio-erkyzdeecsohoaggpwbjdvavzqfv/Build/Intermediates.noindex/MatrixRustSDK.build/Debug-iphonesimulator/MatrixRustSDK.build/DerivedSources -Xcc -DSWIFT_PACKAGE -Xcc -DDEBUG\=1 -emit-objc-header -emit-objc-header-path /Users/aadityasingh/Library/Developer/Xcode/DerivedData/Chatlio-erkyzdeecsohoaggpwbjdvavzqfv/Build/Intermediates.noindex/MatrixRustSDK.build/Debug-iphonesimulator/MatrixRustSDK.build/Objects-normal/arm64/MatrixRustSDK-Swift.h -working-directory /Users/aadityasingh/Documents/Development/element-x-ios/Chatlio.xcodeproj -experimental-emit-module-separately -disable-cmo

SwiftDriverJobDiscovery normal x86_64 Compiling _HashTable+Bucket.swift, _HashTable+BucketIterator.swift, _HashTable+Constants.swift, _HashTable+CustomStringConvertible.swift, _HashTable+Testing.swift, _HashTable+UnsafeHandle.swift (in target 'OrderedCollections' from project 'swift-collections')

SwiftDriver\ Compilation SwiftSoup normal arm64 com.apple.xcode.tools.swift.compiler (in target 'SwiftSoup' from project 'SwiftSoup')
    cd /Users/aadityasingh/Documents/Development/element-x-ios/Chatlio.xcodeproj
    builtin-Swift-Compilation -- /Applications/Xcode.app/Contents/Developer/Toolchains/XcodeDefault.xctoolchain/usr/bin/swiftc -module-name SwiftSoup -Onone @/Users/aadityasingh/Library/Developer/Xcode/DerivedData/Chatlio-erkyzdeecsohoaggpwbjdvavzqfv/Build/Intermediates.noindex/SwiftSoup.build/Debug-iphonesimulator/SwiftSoup.build/Objects-normal/arm64/SwiftSoup.SwiftFileList -DSWIFT_PACKAGE -DDEBUG -DSWIFT_MODULE_RESOURCE_BUNDLE_UNAVAILABLE -DXcode -plugin-path /Applications/Xcode.app/Contents/Developer/Toolchains/XcodeDefault.xctoolchain/usr/lib/swift/host/plugins/testing -enable-experimental-feature DebugDescriptionMacro -sdk /Applications/Xcode.app/Contents/Developer/Platforms/iPhoneSimulator.platform/Developer/SDKs/iPhoneSimulator26.4.sdk -target arm64-apple-ios13.0-simulator -g -module-cache-path /Users/aadityasingh/Library/Developer/Xcode/DerivedData/ModuleCache.noindex -Xfrontend -serialize-debugging-options -profile-coverage-mapping -profile-generate -enable-testing -suppress-warnings -index-store-path /Users/aadityasingh/Library/Developer/Xcode/DerivedData/Chatlio-erkyzdeecsohoaggpwbjdvavzqfv/Index.noindex/DataStore -Xcc -D_LIBCPP_HARDENING_MODE\=_LIBCPP_HARDENING_MODE_DEBUG -swift-version 6 -I /Users/aadityasingh/Library/Developer/Xcode/DerivedData/Chatlio-erkyzdeecsohoaggpwbjdvavzqfv/Build/Products/Debug-iphonesimulator -Isystem /Applications/Xcode.app/Contents/Developer/Platforms/iPhoneSimulator.platform/Developer/usr/lib -F /Users/aadityasingh/Library/Developer/Xcode/DerivedData/Chatlio-erkyzdeecsohoaggpwbjdvavzqfv/Build/Products/Debug-iphonesimulator/PackageFrameworks -F /Users/aadityasingh/Library/Developer/Xcode/DerivedData/Chatlio-erkyzdeecsohoaggpwbjdvavzqfv/Build/Products/Debug-iphonesimulator/PackageFrameworks -F /Users/aadityasingh/Library/Developer/Xcode/DerivedData/Chatlio-erkyzdeecsohoaggpwbjdvavzqfv/Build/Products/Debug-iphonesimulator/PackageFrameworks -F /Users/aadityasingh/Library/Developer/Xcode/DerivedData/Chatlio-erkyzdeecsohoaggpwbjdvavzqfv/Build/Products/Debug-iphonesimulator -F /Applications/Xcode.app/Contents/Developer/Platforms/iPhoneSimulator.platform/Developer/Library/Frameworks -F /Applications/Xcode.app/Contents/Developer/Platforms/iPhoneSimulator.platform/Developer/SDKs/iPhoneSimulator26.4.sdk/Developer/Library/Frameworks -c -j12 -enable-batch-mode -incremental -Xcc -ivfsstatcache -Xcc /Users/aadityasingh/Library/Developer/Xcode/DerivedData/SDKStatCaches.noindex/iphonesimulator26.4-23E252-686eebb5dc1d8ecb277353a59184f4aa.sdkstatcache -output-file-map /Users/aadityasingh/Library/Developer/Xcode/DerivedData/Chatlio-erkyzdeecsohoaggpwbjdvavzqfv/Build/Intermediates.noindex/SwiftSoup.build/Debug-iphonesimulator/SwiftSoup.build/Objects-normal/arm64/SwiftSoup-OutputFileMap.json -use-frontend-parseable-output -save-temps -no-color-diagnostics -explicit-module-build -module-cache-path /Users/aadityasingh/Library/Developer/Xcode/DerivedData/Chatlio-erkyzdeecsohoaggpwbjdvavzqfv/Build/Intermediates.noindex/SwiftExplicitPrecompiledModules -clang-scanner-module-cache-path /Users/aadityasingh/Library/Developer/Xcode/DerivedData/ModuleCache.noindex -sdk-module-cache-path /Users/aadityasingh/Library/Developer/Xcode/DerivedData/ModuleCache.noindex -serialize-diagnostics -emit-dependencies -emit-module -emit-module-path /Users/aadityasingh/Library/Developer/Xcode/DerivedData/Chatlio-erkyzdeecsohoaggpwbjdvavzqfv/Build/Intermediates.noindex/SwiftSoup.build/Debug-iphonesimulator/SwiftSoup.build/Objects-normal/arm64/SwiftSoup.swiftmodule -user-module-version 2.11.3 -validate-clang-modules-once -clang-build-session-file /Users/aadityasingh/Library/Developer/Xcode/DerivedData/ModuleCache.noindex/Session.modulevalidation -package-name swiftsoup -Xcc -I/Users/aadityasingh/Library/Developer/Xcode/DerivedData/Chatlio-erkyzdeecsohoaggpwbjdvavzqfv/Build/Intermediates.noindex/SwiftSoup.build/Debug-iphonesimulator/SwiftSoup.build/swift-overrides.hmap -emit-const-values -Xfrontend -const-gather-protocols-file -Xfrontend /Users/aadityasingh/Library/Developer/Xcode/DerivedData/Chatlio-erkyzdeecsohoaggpwbjdvavzqfv/Build/Intermediates.noindex/SwiftSoup.build/Debug-iphonesimulator/SwiftSoup.build/Objects-normal/arm64/SwiftSoup_const_extract_protocols.json -Xcc -I/Users/aadityasingh/Library/Developer/Xcode/DerivedData/Chatlio-erkyzdeecsohoaggpwbjdvavzqfv/SourcePackages/checkouts/swift-atomics/Sources/_AtomicsShims/include -Xcc -I/Users/aadityasingh/Library/Developer/Xcode/DerivedData/Chatlio-erkyzdeecsohoaggpwbjdvavzqfv/Build/Products/Debug-iphonesimulator/include -Xcc -I/Users/aadityasingh/Library/Developer/Xcode/DerivedData/Chatlio-erkyzdeecsohoaggpwbjdvavzqfv/Build/Intermediates.noindex/SwiftSoup.build/Debug-iphonesimulator/SwiftSoup.build/DerivedSources-normal/arm64 -Xcc -I/Users/aadityasingh/Library/Developer/Xcode/DerivedData/Chatlio-erkyzdeecsohoaggpwbjdvavzqfv/Build/Intermediates.noindex/SwiftSoup.build/Debug-iphonesimulator/SwiftSoup.build/DerivedSources/arm64 -Xcc -I/Users/aadityasingh/Library/Developer/Xcode/DerivedData/Chatlio-erkyzdeecsohoaggpwbjdvavzqfv/Build/Intermediates.noindex/SwiftSoup.build/Debug-iphonesimulator/SwiftSoup.build/DerivedSources -Xcc -DSWIFT_PACKAGE -Xcc -DDEBUG\=1 -emit-objc-header -emit-objc-header-path /Users/aadityasingh/Library/Developer/Xcode/DerivedData/Chatlio-erkyzdeecsohoaggpwbjdvavzqfv/Build/Intermediates.noindex/SwiftSoup.build/Debug-iphonesimulator/SwiftSoup.build/Objects-normal/arm64/SwiftSoup-Swift.h -working-directory /Users/aadityasingh/Documents/Development/element-x-ios/Chatlio.xcodeproj -experimental-emit-module-separately -disable-cmo

RegisterExecutionPolicyException /Users/aadityasingh/Library/Developer/Xcode/DerivedData/Chatlio-erkyzdeecsohoaggpwbjdvavzqfv/Build/Products/Debug-iphonesimulator/LoremSwiftum.o (in target 'LoremSwiftum' from project 'LoremSwiftum')
    cd /Users/aadityasingh/Library/Developer/Xcode/DerivedData/Chatlio-erkyzdeecsohoaggpwbjdvavzqfv/SourcePackages/checkouts/LoremSwiftum
    builtin-RegisterExecutionPolicyException /Users/aadityasingh/Library/Developer/Xcode/DerivedData/Chatlio-erkyzdeecsohoaggpwbjdvavzqfv/Build/Products/Debug-iphonesimulator/LoremSwiftum.o

Ld /Users/aadityasingh/Library/Developer/Xcode/DerivedData/Chatlio-erkyzdeecsohoaggpwbjdvavzqfv/Build/Intermediates.noindex/MatrixRustSDK.build/Debug-iphonesimulator/MatrixRustSDK.build/Objects-normal/x86_64/Binary/MatrixRustSDK.o normal x86_64 (in target 'MatrixRustSDK' from project 'MatrixRustSDK')
    cd /Users/aadityasingh/Documents/Development/matrix-rust-sdk-local
    /Applications/Xcode.app/Contents/Developer/Toolchains/XcodeDefault.xctoolchain/usr/bin/clang -Xlinker -reproducible -target x86_64-apple-ios16.0-simulator -r -isysroot /Applications/Xcode.app/Contents/Developer/Platforms/iPhoneSimulator.platform/Developer/SDKs/iPhoneSimulator26.4.sdk -O0 -F/Users/aadityasingh/Library/Developer/Xcode/DerivedData/Chatlio-erkyzdeecsohoaggpwbjdvavzqfv/Build/Intermediates.noindex/EagerLinkingTBDs/Debug-iphonesimulator -F/Users/aadityasingh/Library/Developer/Xcode/DerivedData/Chatlio-erkyzdeecsohoaggpwbjdvavzqfv/Build/Products/Debug-iphonesimulator -iframework /Applications/Xcode.app/Contents/Developer/Platforms/iPhoneSimulator.platform/Developer/Library/Frameworks -iframework /Applications/Xcode.app/Contents/Developer/Platforms/iPhoneSimulator.platform/Developer/SDKs/iPhoneSimulator26.4.sdk/Developer/Library/Frameworks -filelist /Users/aadityasingh/Library/Developer/Xcode/DerivedData/Chatlio-erkyzdeecsohoaggpwbjdvavzqfv/Build/Intermediates.noindex/MatrixRustSDK.build/Debug-iphonesimulator/MatrixRustSDK.build/Objects-normal/x86_64/MatrixRustSDK.LinkFileList -nostdlib -Xlinker -object_path_lto -Xlinker /Users/aadityasingh/Library/Developer/Xcode/DerivedData/Chatlio-erkyzdeecsohoaggpwbjdvavzqfv/Build/Intermediates.noindex/MatrixRustSDK.build/Debug-iphonesimulator/MatrixRustSDK.build/Objects-normal/x86_64/MatrixRustSDK_lto.o -Xlinker -no_deduplicate -Xlinker -objc_abi_version -Xlinker 2 -Xlinker -debug_variant -Xlinker -dependency_info -Xlinker /Users/aadityasingh/Library/Developer/Xcode/DerivedData/Chatlio-erkyzdeecsohoaggpwbjdvavzqfv/Build/Intermediates.noindex/MatrixRustSDK.build/Debug-iphonesimulator/MatrixRustSDK.build/Objects-normal/x86_64/MatrixRustSDK_dependency_info.dat -fobjc-link-runtime -L/Applications/Xcode.app/Contents/Developer/Toolchains/XcodeDefault.xctoolchain/usr/lib/swift/iphonesimulator -L/usr/lib/swift -Xlinker -add_ast_path -Xlinker /Users/aadityasingh/Library/Developer/Xcode/DerivedData/Chatlio-erkyzdeecsohoaggpwbjdvavzqfv/Build/Intermediates.noindex/MatrixRustSDK.build/Debug-iphonesimulator/MatrixRustSDK.build/Objects-normal/x86_64/MatrixRustSDK.swiftmodule @/Users/aadityasingh/Library/Developer/Xcode/DerivedData/Chatlio-erkyzdeecsohoaggpwbjdvavzqfv/Build/Intermediates.noindex/MatrixRustSDK.build/Debug-iphonesimulator/MatrixRustSDK.build/Objects-normal/x86_64/MatrixRustSDK-linker-args.resp -o /Users/aadityasingh/Library/Developer/Xcode/DerivedData/Chatlio-erkyzdeecsohoaggpwbjdvavzqfv/Build/Intermediates.noindex/MatrixRustSDK.build/Debug-iphonesimulator/MatrixRustSDK.build/Objects-normal/x86_64/Binary/MatrixRustSDK.o

Ld /Users/aadityasingh/Library/Developer/Xcode/DerivedData/Chatlio-erkyzdeecsohoaggpwbjdvavzqfv/Build/Intermediates.noindex/MatrixRustSDK.build/Debug-iphonesimulator/MatrixRustSDK.build/Objects-normal/arm64/Binary/MatrixRustSDK.o normal arm64 (in target 'MatrixRustSDK' from project 'MatrixRustSDK')
    cd /Users/aadityasingh/Documents/Development/matrix-rust-sdk-local
    /Applications/Xcode.app/Contents/Developer/Toolchains/XcodeDefault.xctoolchain/usr/bin/clang -Xlinker -reproducible -target arm64-apple-ios16.0-simulator -r -isysroot /Applications/Xcode.app/Contents/Developer/Platforms/iPhoneSimulator.platform/Developer/SDKs/iPhoneSimulator26.4.sdk -O0 -F/Users/aadityasingh/Library/Developer/Xcode/DerivedData/Chatlio-erkyzdeecsohoaggpwbjdvavzqfv/Build/Intermediates.noindex/EagerLinkingTBDs/Debug-iphonesimulator -F/Users/aadityasingh/Library/Developer/Xcode/DerivedData/Chatlio-erkyzdeecsohoaggpwbjdvavzqfv/Build/Products/Debug-iphonesimulator -iframework /Applications/Xcode.app/Contents/Developer/Platforms/iPhoneSimulator.platform/Developer/Library/Frameworks -iframework /Applications/Xcode.app/Contents/Developer/Platforms/iPhoneSimulator.platform/Developer/SDKs/iPhoneSimulator26.4.sdk/Developer/Library/Frameworks -filelist /Users/aadityasingh/Library/Developer/Xcode/DerivedData/Chatlio-erkyzdeecsohoaggpwbjdvavzqfv/Build/Intermediates.noindex/MatrixRustSDK.build/Debug-iphonesimulator/MatrixRustSDK.build/Objects-normal/arm64/MatrixRustSDK.LinkFileList -nostdlib -Xlinker -object_path_lto -Xlinker /Users/aadityasingh/Library/Developer/Xcode/DerivedData/Chatlio-erkyzdeecsohoaggpwbjdvavzqfv/Build/Intermediates.noindex/MatrixRustSDK.build/Debug-iphonesimulator/MatrixRustSDK.build/Objects-normal/arm64/MatrixRustSDK_lto.o -Xlinker -no_deduplicate -Xlinker -objc_abi_version -Xlinker 2 -Xlinker -debug_variant -Xlinker -dependency_info -Xlinker /Users/aadityasingh/Library/Developer/Xcode/DerivedData/Chatlio-erkyzdeecsohoaggpwbjdvavzqfv/Build/Intermediates.noindex/MatrixRustSDK.build/Debug-iphonesimulator/MatrixRustSDK.build/Objects-normal/arm64/MatrixRustSDK_dependency_info.dat -fobjc-link-runtime -L/Applications/Xcode.app/Contents/Developer/Toolchains/XcodeDefault.xctoolchain/usr/lib/swift/iphonesimulator -L/usr/lib/swift -Xlinker -add_ast_path -Xlinker /Users/aadityasingh/Library/Developer/Xcode/DerivedData/Chatlio-erkyzdeecsohoaggpwbjdvavzqfv/Build/Intermediates.noindex/MatrixRustSDK.build/Debug-iphonesimulator/MatrixRustSDK.build/Objects-normal/arm64/MatrixRustSDK.swiftmodule @/Users/aadityasingh/Library/Developer/Xcode/DerivedData/Chatlio-erkyzdeecsohoaggpwbjdvavzqfv/Build/Intermediates.noindex/MatrixRustSDK.build/Debug-iphonesimulator/MatrixRustSDK.build/Objects-normal/arm64/MatrixRustSDK-linker-args.resp -o /Users/aadityasingh/Library/Developer/Xcode/DerivedData/Chatlio-erkyzdeecsohoaggpwbjdvavzqfv/Build/Intermediates.noindex/MatrixRustSDK.build/Debug-iphonesimulator/MatrixRustSDK.build/Objects-normal/arm64/Binary/MatrixRustSDK.o

SwiftDriverJobDiscovery normal arm64 Compiling OrderedSet+Partial SetAlgebra isSuperset.swift, OrderedSet+Partial SetAlgebra subtract.swift, OrderedSet+Partial SetAlgebra subtracting.swift, OrderedSet+Partial SetAlgebra symmetricDifference.swift, OrderedSet+Partial SetAlgebra union.swift (in target 'OrderedCollections' from project 'swift-collections')

SwiftDriverJobDiscovery normal arm64 Compiling OrderedDictionary+Hashable.swift, OrderedDictionary+Initializers.swift, OrderedDictionary+Invariants.swift, OrderedDictionary+Partial MutableCollection.swift, OrderedDictionary+Partial RangeReplaceableCollection.swift (in target 'OrderedCollections' from project 'swift-collections')

RegisterExecutionPolicyException /Users/aadityasingh/Library/Developer/Xcode/DerivedData/Chatlio-erkyzdeecsohoaggpwbjdvavzqfv/Build/Products/Debug-iphonesimulator/LRUCache.o (in target 'LRUCache' from project 'LRUCache')
    cd /Users/aadityasingh/Library/Developer/Xcode/DerivedData/Chatlio-erkyzdeecsohoaggpwbjdvavzqfv/SourcePackages/checkouts/LRUCache
    builtin-RegisterExecutionPolicyException /Users/aadityasingh/Library/Developer/Xcode/DerivedData/Chatlio-erkyzdeecsohoaggpwbjdvavzqfv/Build/Products/Debug-iphonesimulator/LRUCache.o

RegisterExecutionPolicyException /Users/aadityasingh/Library/Developer/Xcode/DerivedData/Chatlio-erkyzdeecsohoaggpwbjdvavzqfv/Build/Products/Debug-iphonesimulator/Kingfisher_Kingfisher.bundle (in target 'Kingfisher_Kingfisher' from project 'Kingfisher')
    cd /Users/aadityasingh/Library/Developer/Xcode/DerivedData/Chatlio-erkyzdeecsohoaggpwbjdvavzqfv/SourcePackages/checkouts/Kingfisher
    builtin-RegisterExecutionPolicyException /Users/aadityasingh/Library/Developer/Xcode/DerivedData/Chatlio-erkyzdeecsohoaggpwbjdvavzqfv/Build/Products/Debug-iphonesimulator/Kingfisher_Kingfisher.bundle

SwiftCompile normal arm64 Compiling\ Heap+ExpressibleByArrayLiteral.swift /Users/aadityasingh/Library/Developer/Xcode/DerivedData/Chatlio-erkyzdeecsohoaggpwbjdvavzqfv/SourcePackages/checkouts/swift-collections/Sources/HeapModule/Heap+ExpressibleByArrayLiteral.swift (in target 'HeapModule' from project 'swift-collections')

SwiftCompile normal arm64 /Users/aadityasingh/Library/Developer/Xcode/DerivedData/Chatlio-erkyzdeecsohoaggpwbjdvavzqfv/SourcePackages/checkouts/swift-collections/Sources/HeapModule/Heap+ExpressibleByArrayLiteral.swift (in target 'HeapModule' from project 'swift-collections')
    cd /Users/aadityasingh/Documents/Development/element-x-ios/Chatlio.xcodeproj
    

SwiftCompile normal arm64 Compiling\ Heap.swift /Users/aadityasingh/Library/Developer/Xcode/DerivedData/Chatlio-erkyzdeecsohoaggpwbjdvavzqfv/SourcePackages/checkouts/swift-collections/Sources/HeapModule/Heap.swift (in target 'HeapModule' from project 'swift-collections')

SwiftCompile normal arm64 /Users/aadityasingh/Library/Developer/Xcode/DerivedData/Chatlio-erkyzdeecsohoaggpwbjdvavzqfv/SourcePackages/checkouts/swift-collections/Sources/HeapModule/Heap.swift (in target 'HeapModule' from project 'swift-collections')
    cd /Users/aadityasingh/Documents/Development/element-x-ios/Chatlio.xcodeproj
    

SwiftDriverJobDiscovery normal arm64 Compiling OrderedSet+Partial SetAlgebra isDisjoint.swift, OrderedSet+Partial SetAlgebra isEqualSet.swift, OrderedSet+Partial SetAlgebra isStrictSubset.swift, OrderedSet+Partial SetAlgebra isStrictSuperset.swift, OrderedSet+Partial SetAlgebra isSubset.swift (in target 'OrderedCollections' from project 'swift-collections')

SwiftCompile normal x86_64 Compiling\ Heap+ExpressibleByArrayLiteral.swift /Users/aadityasingh/Library/Developer/Xcode/DerivedData/Chatlio-erkyzdeecsohoaggpwbjdvavzqfv/SourcePackages/checkouts/swift-collections/Sources/HeapModule/Heap+ExpressibleByArrayLiteral.swift (in target 'HeapModule' from project 'swift-collections')

SwiftCompile normal x86_64 /Users/aadityasingh/Library/Developer/Xcode/DerivedData/Chatlio-erkyzdeecsohoaggpwbjdvavzqfv/SourcePackages/checkouts/swift-collections/Sources/HeapModule/Heap+ExpressibleByArrayLiteral.swift (in target 'HeapModule' from project 'swift-collections')
    cd /Users/aadityasingh/Documents/Development/element-x-ios/Chatlio.xcodeproj
    

SwiftCompile normal arm64 Compiling\ _HeapNode.swift /Users/aadityasingh/Library/Developer/Xcode/DerivedData/Chatlio-erkyzdeecsohoaggpwbjdvavzqfv/SourcePackages/checkouts/swift-collections/Sources/HeapModule/_HeapNode.swift (in target 'HeapModule' from project 'swift-collections')

SwiftCompile normal arm64 /Users/aadityasingh/Library/Developer/Xcode/DerivedData/Chatlio-erkyzdeecsohoaggpwbjdvavzqfv/SourcePackages/checkouts/swift-collections/Sources/HeapModule/_HeapNode.swift (in target 'HeapModule' from project 'swift-collections')
    cd /Users/aadityasingh/Documents/Development/element-x-ios/Chatlio.xcodeproj
    

SwiftDriverJobDiscovery normal x86_64 Compiling HtmlTreeBuilder.swift, HtmlTreeBuilderState.swift, Mutex.swift, Node.swift, NodeTraversor.swift (in target 'SwiftSoup' from project 'SwiftSoup')

SwiftCompile normal x86_64 Compiling\ Heap.swift /Users/aadityasingh/Library/Developer/Xcode/DerivedData/Chatlio-erkyzdeecsohoaggpwbjdvavzqfv/SourcePackages/checkouts/swift-collections/Sources/HeapModule/Heap.swift (in target 'HeapModule' from project 'swift-collections')

SwiftCompile normal x86_64 /Users/aadityasingh/Library/Developer/Xcode/DerivedData/Chatlio-erkyzdeecsohoaggpwbjdvavzqfv/SourcePackages/checkouts/swift-collections/Sources/HeapModule/Heap.swift (in target 'HeapModule' from project 'swift-collections')
    cd /Users/aadityasingh/Documents/Development/element-x-ios/Chatlio.xcodeproj
    

CreateUniversalBinary /Users/aadityasingh/Library/Developer/Xcode/DerivedData/Chatlio-erkyzdeecsohoaggpwbjdvavzqfv/Build/Products/Debug-iphonesimulator/MatrixRustSDK.o normal arm64\ x86_64 (in target 'MatrixRustSDK' from project 'MatrixRustSDK')
    cd /Users/aadityasingh/Documents/Development/matrix-rust-sdk-local
    /Applications/Xcode.app/Contents/Developer/Toolchains/XcodeDefault.xctoolchain/usr/bin/lipo -create /Users/aadityasingh/Library/Developer/Xcode/DerivedData/Chatlio-erkyzdeecsohoaggpwbjdvavzqfv/Build/Intermediates.noindex/MatrixRustSDK.build/Debug-iphonesimulator/MatrixRustSDK.build/Objects-normal/arm64/Binary/MatrixRustSDK.o /Users/aadityasingh/Library/Developer/Xcode/DerivedData/Chatlio-erkyzdeecsohoaggpwbjdvavzqfv/Build/Intermediates.noindex/MatrixRustSDK.build/Debug-iphonesimulator/MatrixRustSDK.build/Objects-normal/x86_64/Binary/MatrixRustSDK.o -output /Users/aadityasingh/Library/Developer/Xcode/DerivedData/Chatlio-erkyzdeecsohoaggpwbjdvavzqfv/Build/Products/Debug-iphonesimulator/MatrixRustSDK.o

SwiftDriverJobDiscovery normal arm64 Compiling Heap+ExpressibleByArrayLiteral.swift (in target 'HeapModule' from project 'swift-collections')

SwiftDriver\ Compilation SwiftSoup normal x86_64 com.apple.xcode.tools.swift.compiler (in target 'SwiftSoup' from project 'SwiftSoup')
    cd /Users/aadityasingh/Documents/Development/element-x-ios/Chatlio.xcodeproj
    builtin-Swift-Compilation -- /Applications/Xcode.app/Contents/Developer/Toolchains/XcodeDefault.xctoolchain/usr/bin/swiftc -module-name SwiftSoup -Onone @/Users/aadityasingh/Library/Developer/Xcode/DerivedData/Chatlio-erkyzdeecsohoaggpwbjdvavzqfv/Build/Intermediates.noindex/SwiftSoup.build/Debug-iphonesimulator/SwiftSoup.build/Objects-normal/x86_64/SwiftSoup.SwiftFileList -DSWIFT_PACKAGE -DDEBUG -DSWIFT_MODULE_RESOURCE_BUNDLE_UNAVAILABLE -DXcode -plugin-path /Applications/Xcode.app/Contents/Developer/Toolchains/XcodeDefault.xctoolchain/usr/lib/swift/host/plugins/testing -enable-experimental-feature DebugDescriptionMacro -sdk /Applications/Xcode.app/Contents/Developer/Platforms/iPhoneSimulator.platform/Developer/SDKs/iPhoneSimulator26.4.sdk -target x86_64-apple-ios13.0-simulator -g -module-cache-path /Users/aadityasingh/Library/Developer/Xcode/DerivedData/ModuleCache.noindex -Xfrontend -serialize-debugging-options -profile-coverage-mapping -profile-generate -enable-testing -suppress-warnings -index-store-path /Users/aadityasingh/Library/Developer/Xcode/DerivedData/Chatlio-erkyzdeecsohoaggpwbjdvavzqfv/Index.noindex/DataStore -Xcc -D_LIBCPP_HARDENING_MODE\=_LIBCPP_HARDENING_MODE_DEBUG -swift-version 6 -I /Users/aadityasingh/Library/Developer/Xcode/DerivedData/Chatlio-erkyzdeecsohoaggpwbjdvavzqfv/Build/Products/Debug-iphonesimulator -Isystem /Applications/Xcode.app/Contents/Developer/Platforms/iPhoneSimulator.platform/Developer/usr/lib -F /Users/aadityasingh/Library/Developer/Xcode/DerivedData/Chatlio-erkyzdeecsohoaggpwbjdvavzqfv/Build/Products/Debug-iphonesimulator/PackageFrameworks -F /Users/aadityasingh/Library/Developer/Xcode/DerivedData/Chatlio-erkyzdeecsohoaggpwbjdvavzqfv/Build/Products/Debug-iphonesimulator/PackageFrameworks -F /Users/aadityasingh/Library/Developer/Xcode/DerivedData/Chatlio-erkyzdeecsohoaggpwbjdvavzqfv/Build/Products/Debug-iphonesimulator/PackageFrameworks -F /Users/aadityasingh/Library/Developer/Xcode/DerivedData/Chatlio-erkyzdeecsohoaggpwbjdvavzqfv/Build/Products/Debug-iphonesimulator -F /Applications/Xcode.app/Contents/Developer/Platforms/iPhoneSimulator.platform/Developer/Library/Frameworks -F /Applications/Xcode.app/Contents/Developer/Platforms/iPhoneSimulator.platform/Developer/SDKs/iPhoneSimulator26.4.sdk/Developer/Library/Frameworks -c -j12 -enable-batch-mode -incremental -Xcc -ivfsstatcache -Xcc /Users/aadityasingh/Library/Developer/Xcode/DerivedData/SDKStatCaches.noindex/iphonesimulator26.4-23E252-686eebb5dc1d8ecb277353a59184f4aa.sdkstatcache -output-file-map /Users/aadityasingh/Library/Developer/Xcode/DerivedData/Chatlio-erkyzdeecsohoaggpwbjdvavzqfv/Build/Intermediates.noindex/SwiftSoup.build/Debug-iphonesimulator/SwiftSoup.build/Objects-normal/x86_64/SwiftSoup-OutputFileMap.json -use-frontend-parseable-output -save-temps -no-color-diagnostics -explicit-module-build -module-cache-path /Users/aadityasingh/Library/Developer/Xcode/DerivedData/Chatlio-erkyzdeecsohoaggpwbjdvavzqfv/Build/Intermediates.noindex/SwiftExplicitPrecompiledModules -clang-scanner-module-cache-path /Users/aadityasingh/Library/Developer/Xcode/DerivedData/ModuleCache.noindex -sdk-module-cache-path /Users/aadityasingh/Library/Developer/Xcode/DerivedData/ModuleCache.noindex -serialize-diagnostics -emit-dependencies -emit-module -emit-module-path /Users/aadityasingh/Library/Developer/Xcode/DerivedData/Chatlio-erkyzdeecsohoaggpwbjdvavzqfv/Build/Intermediates.noindex/SwiftSoup.build/Debug-iphonesimulator/SwiftSoup.build/Objects-normal/x86_64/SwiftSoup.swiftmodule -user-module-version 2.11.3 -validate-clang-modules-once -clang-build-session-file /Users/aadityasingh/Library/Developer/Xcode/DerivedData/ModuleCache.noindex/Session.modulevalidation -package-name swiftsoup -Xcc -I/Users/aadityasingh/Library/Developer/Xcode/DerivedData/Chatlio-erkyzdeecsohoaggpwbjdvavzqfv/Build/Intermediates.noindex/SwiftSoup.build/Debug-iphonesimulator/SwiftSoup.build/swift-overrides.hmap -emit-const-values -Xfrontend -const-gather-protocols-file -Xfrontend /Users/aadityasingh/Library/Developer/Xcode/DerivedData/Chatlio-erkyzdeecsohoaggpwbjdvavzqfv/Build/Intermediates.noindex/SwiftSoup.build/Debug-iphonesimulator/SwiftSoup.build/Objects-normal/x86_64/SwiftSoup_const_extract_protocols.json -Xcc -I/Users/aadityasingh/Library/Developer/Xcode/DerivedData/Chatlio-erkyzdeecsohoaggpwbjdvavzqfv/SourcePackages/checkouts/swift-atomics/Sources/_AtomicsShims/include -Xcc -I/Users/aadityasingh/Library/Developer/Xcode/DerivedData/Chatlio-erkyzdeecsohoaggpwbjdvavzqfv/Build/Products/Debug-iphonesimulator/include -Xcc -I/Users/aadityasingh/Library/Developer/Xcode/DerivedData/Chatlio-erkyzdeecsohoaggpwbjdvavzqfv/Build/Intermediates.noindex/SwiftSoup.build/Debug-iphonesimulator/SwiftSoup.build/DerivedSources-normal/x86_64 -Xcc -I/Users/aadityasingh/Library/Developer/Xcode/DerivedData/Chatlio-erkyzdeecsohoaggpwbjdvavzqfv/Build/Intermediates.noindex/SwiftSoup.build/Debug-iphonesimulator/SwiftSoup.build/DerivedSources/x86_64 -Xcc -I/Users/aadityasingh/Library/Developer/Xcode/DerivedData/Chatlio-erkyzdeecsohoaggpwbjdvavzqfv/Build/Intermediates.noindex/SwiftSoup.build/Debug-iphonesimulator/SwiftSoup.build/DerivedSources -Xcc -DSWIFT_PACKAGE -Xcc -DDEBUG\=1 -emit-objc-header -emit-objc-header-path /Users/aadityasingh/Library/Developer/Xcode/DerivedData/Chatlio-erkyzdeecsohoaggpwbjdvavzqfv/Build/Intermediates.noindex/SwiftSoup.build/Debug-iphonesimulator/SwiftSoup.build/Objects-normal/x86_64/SwiftSoup-Swift.h -working-directory /Users/aadityasingh/Documents/Development/element-x-ios/Chatlio.xcodeproj -experimental-emit-module-separately -disable-cmo

SwiftCompile normal x86_64 Compiling\ Heap+UnsafeHandle.swift /Users/aadityasingh/Library/Developer/Xcode/DerivedData/Chatlio-erkyzdeecsohoaggpwbjdvavzqfv/SourcePackages/checkouts/swift-collections/Sources/HeapModule/Heap+UnsafeHandle.swift (in target 'HeapModule' from project 'swift-collections')

SwiftCompile normal x86_64 /Users/aadityasingh/Library/Developer/Xcode/DerivedData/Chatlio-erkyzdeecsohoaggpwbjdvavzqfv/SourcePackages/checkouts/swift-collections/Sources/HeapModule/Heap+UnsafeHandle.swift (in target 'HeapModule' from project 'swift-collections')
    cd /Users/aadityasingh/Documents/Development/element-x-ios/Chatlio.xcodeproj
    

SwiftDriverJobDiscovery normal x86_64 Compiling OrderedSet+CustomReflectable.swift, OrderedSet+Descriptions.swift, OrderedSet+Diffing.swift, OrderedSet+Equatable.swift, OrderedSet+ExpressibleByArrayLiteral.swift (in target 'OrderedCollections' from project 'swift-collections')

SwiftCompile normal arm64 Compiling\ Heap+UnsafeHandle.swift /Users/aadityasingh/Library/Developer/Xcode/DerivedData/Chatlio-erkyzdeecsohoaggpwbjdvavzqfv/SourcePackages/checkouts/swift-collections/Sources/HeapModule/Heap+UnsafeHandle.swift (in target 'HeapModule' from project 'swift-collections')

SwiftCompile normal arm64 /Users/aadityasingh/Library/Developer/Xcode/DerivedData/Chatlio-erkyzdeecsohoaggpwbjdvavzqfv/SourcePackages/checkouts/swift-collections/Sources/HeapModule/Heap+UnsafeHandle.swift (in target 'HeapModule' from project 'swift-collections')
    cd /Users/aadityasingh/Documents/Development/element-x-ios/Chatlio.xcodeproj
    

SwiftDriverJobDiscovery normal x86_64 Compiling Heap+ExpressibleByArrayLiteral.swift (in target 'HeapModule' from project 'swift-collections')

SwiftCompile normal x86_64 Compiling\ Heap+Descriptions.swift /Users/aadityasingh/Library/Developer/Xcode/DerivedData/Chatlio-erkyzdeecsohoaggpwbjdvavzqfv/SourcePackages/checkouts/swift-collections/Sources/HeapModule/Heap+Descriptions.swift (in target 'HeapModule' from project 'swift-collections')

SwiftCompile normal x86_64 /Users/aadityasingh/Library/Developer/Xcode/DerivedData/Chatlio-erkyzdeecsohoaggpwbjdvavzqfv/SourcePackages/checkouts/swift-collections/Sources/HeapModule/Heap+Descriptions.swift (in target 'HeapModule' from project 'swift-collections')
    cd /Users/aadityasingh/Documents/Development/element-x-ios/Chatlio.xcodeproj
    

SwiftCompile normal arm64 Compiling\ Heap+Invariants.swift /Users/aadityasingh/Library/Developer/Xcode/DerivedData/Chatlio-erkyzdeecsohoaggpwbjdvavzqfv/SourcePackages/checkouts/swift-collections/Sources/HeapModule/Heap+Invariants.swift (in target 'HeapModule' from project 'swift-collections')

SwiftCompile normal arm64 /Users/aadityasingh/Library/Developer/Xcode/DerivedData/Chatlio-erkyzdeecsohoaggpwbjdvavzqfv/SourcePackages/checkouts/swift-collections/Sources/HeapModule/Heap+Invariants.swift (in target 'HeapModule' from project 'swift-collections')
    cd /Users/aadityasingh/Documents/Development/element-x-ios/Chatlio.xcodeproj
    

SwiftDriverJobDiscovery normal arm64 Compiling _HashTable+Bucket.swift, _HashTable+BucketIterator.swift, _HashTable+Constants.swift, _HashTable+CustomStringConvertible.swift, _HashTable+Testing.swift, _HashTable+UnsafeHandle.swift (in target 'OrderedCollections' from project 'swift-collections')

SwiftDriver\ Compilation OrderedCollections normal arm64 com.apple.xcode.tools.swift.compiler (in target 'OrderedCollections' from project 'swift-collections')
    cd /Users/aadityasingh/Documents/Development/element-x-ios/Chatlio.xcodeproj
    builtin-Swift-Compilation -- /Applications/Xcode.app/Contents/Developer/Toolchains/XcodeDefault.xctoolchain/usr/bin/swiftc -module-name OrderedCollections -Onone @/Users/aadityasingh/Library/Developer/Xcode/DerivedData/Chatlio-erkyzdeecsohoaggpwbjdvavzqfv/Build/Intermediates.noindex/swift-collections.build/Debug-iphonesimulator/OrderedCollections.build/Objects-normal/arm64/OrderedCollections.SwiftFileList -DSWIFT_PACKAGE -DDEBUG -DSWIFT_MODULE_RESOURCE_BUNDLE_UNAVAILABLE -DCOLLECTIONS_RANDOMIZED_TESTING -DXcode -enable-experimental-feature AvailabilityMacro\=SwiftStdlib\ 5.0:\ macOS\ 10.14.4,\ iOS\ 12.2,\ watchOS\ 5.2,\ tvOS\ 12.2 -enable-experimental-feature AvailabilityMacro\=SwiftStdlib\ 5.1:\ macOS\ 10.15,\ iOS\ 13.0,\ watchOS\ 6.0,\ tvOS\ 13.0 -enable-experimental-feature AvailabilityMacro\=SwiftStdlib\ 5.6:\ macOS\ 12.3,\ iOS\ 15.4,\ watchOS\ 8.5,\ tvOS\ 15.4 -enable-experimental-feature AvailabilityMacro\=SwiftStdlib\ 5.8:\ macOS\ 13.3,\ iOS\ 16.4,\ watchOS\ 9.4,\ tvOS\ 16.4 -enable-experimental-feature AvailabilityMacro\=SwiftStdlib\ 5.9:\ macOS\ 14.0,\ iOS\ 17.0,\ watchOS\ 10.0,\ tvOS\ 17.0 -enable-experimental-feature AvailabilityMacro\=SwiftStdlib\ 5.10:\ macOS\ 14.4,\ iOS\ 17.4,\ watchOS\ 10.4,\ tvOS\ 17.4,\ visionOS\ 1.1 -enable-experimental-feature AvailabilityMacro\=SwiftStdlib\ 6.0:\ macOS\ 15.0,\ iOS\ 18.0,\ watchOS\ 11.0,\ tvOS\ 18.0,\ visionOS\ 2.0 -enable-experimental-feature AvailabilityMacro\=SwiftStdlib\ 6.1:\ macOS\ 15.4,\ iOS\ 18.4,\ watchOS\ 11.4,\ tvOS\ 18.4,\ visionOS\ 2.4 -enable-experimental-feature AvailabilityMacro\=SwiftStdlib\ 6.2:\ macOS\ 26.0,\ iOS\ 26.0,\ watchOS\ 26.0,\ tvOS\ 26.0,\ visionOS\ 26.0 -enable-upcoming-feature MemberImportVisibility -enable-experimental-feature BuiltinModule -enable-experimental-feature Lifetimes -enable-experimental-feature InoutLifetimeDependence -enable-experimental-feature SuppressedAssociatedTypes -plugin-path /Applications/Xcode.app/Contents/Developer/Toolchains/XcodeDefault.xctoolchain/usr/lib/swift/host/plugins/testing -enable-experimental-feature DebugDescriptionMacro -sdk /Applications/Xcode.app/Contents/Developer/Platforms/iPhoneSimulator.platform/Developer/SDKs/iPhoneSimulator26.4.sdk -target arm64-apple-ios12.0-simulator -g -module-cache-path /Users/aadityasingh/Library/Developer/Xcode/DerivedData/ModuleCache.noindex -Xfrontend -serialize-debugging-options -profile-coverage-mapping -profile-generate -enable-testing -suppress-warnings -index-store-path /Users/aadityasingh/Library/Developer/Xcode/DerivedData/Chatlio-erkyzdeecsohoaggpwbjdvavzqfv/Index.noindex/DataStore -Xcc -D_LIBCPP_HARDENING_MODE\=_LIBCPP_HARDENING_MODE_DEBUG -swift-version 6 -I /Users/aadityasingh/Library/Developer/Xcode/DerivedData/Chatlio-erkyzdeecsohoaggpwbjdvavzqfv/Build/Products/Debug-iphonesimulator -Isystem /Applications/Xcode.app/Contents/Developer/Platforms/iPhoneSimulator.platform/Developer/usr/lib -F /Users/aadityasingh/Library/Developer/Xcode/DerivedData/Chatlio-erkyzdeecsohoaggpwbjdvavzqfv/Build/Products/Debug-iphonesimulator/PackageFrameworks -F /Users/aadityasingh/Library/Developer/Xcode/DerivedData/Chatlio-erkyzdeecsohoaggpwbjdvavzqfv/Build/Products/Debug-iphonesimulator -F /Applications/Xcode.app/Contents/Developer/Platforms/iPhoneSimulator.platform/Developer/Library/Frameworks -F /Applications/Xcode.app/Contents/Developer/Platforms/iPhoneSimulator.platform/Developer/SDKs/iPhoneSimulator26.4.sdk/Developer/Library/Frameworks -c -j12 -enable-batch-mode -incremental -Xcc -ivfsstatcache -Xcc /Users/aadityasingh/Library/Developer/Xcode/DerivedData/SDKStatCaches.noindex/iphonesimulator26.4-23E252-686eebb5dc1d8ecb277353a59184f4aa.sdkstatcache -output-file-map /Users/aadityasingh/Library/Developer/Xcode/DerivedData/Chatlio-erkyzdeecsohoaggpwbjdvavzqfv/Build/Intermediates.noindex/swift-collections.build/Debug-iphonesimulator/OrderedCollections.build/Objects-normal/arm64/OrderedCollections-OutputFileMap.json -use-frontend-parseable-output -save-temps -no-color-diagnostics -explicit-module-build -module-cache-path /Users/aadityasingh/Library/Developer/Xcode/DerivedData/Chatlio-erkyzdeecsohoaggpwbjdvavzqfv/Build/Intermediates.noindex/SwiftExplicitPrecompiledModules -clang-scanner-module-cache-path /Users/aadityasingh/Library/Developer/Xcode/DerivedData/ModuleCache.noindex -sdk-module-cache-path /Users/aadityasingh/Library/Developer/Xcode/DerivedData/ModuleCache.noindex -serialize-diagnostics -emit-dependencies -emit-module -emit-module-path /Users/aadityasingh/Library/Developer/Xcode/DerivedData/Chatlio-erkyzdeecsohoaggpwbjdvavzqfv/Build/Intermediates.noindex/swift-collections.build/Debug-iphonesimulator/OrderedCollections.build/Objects-normal/arm64/OrderedCollections.swiftmodule -user-module-version 1.3.0 -validate-clang-modules-once -clang-build-session-file /Users/aadityasingh/Library/Developer/Xcode/DerivedData/ModuleCache.noindex/Session.modulevalidation -package-name swift_collections -Xcc -I/Users/aadityasingh/Library/Developer/Xcode/DerivedData/Chatlio-erkyzdeecsohoaggpwbjdvavzqfv/Build/Intermediates.noindex/swift-collections.build/Debug-iphonesimulator/OrderedCollections.build/swift-overrides.hmap -emit-const-values -Xfrontend -const-gather-protocols-file -Xfrontend /Users/aadityasingh/Library/Developer/Xcode/DerivedData/Chatlio-erkyzdeecsohoaggpwbjdvavzqfv/Build/Intermediates.noindex/swift-collections.build/Debug-iphonesimulator/OrderedCollections.build/Objects-normal/arm64/OrderedCollections_const_extract_protocols.json -Xcc -I/Users/aadityasingh/Library/Developer/Xcode/DerivedData/Chatlio-erkyzdeecsohoaggpwbjdvavzqfv/Build/Products/Debug-iphonesimulator/include -Xcc -I/Users/aadityasingh/Library/Developer/Xcode/DerivedData/Chatlio-erkyzdeecsohoaggpwbjdvavzqfv/Build/Intermediates.noindex/swift-collections.build/Debug-iphonesimulator/OrderedCollections.build/DerivedSources-normal/arm64 -Xcc -I/Users/aadityasingh/Library/Developer/Xcode/DerivedData/Chatlio-erkyzdeecsohoaggpwbjdvavzqfv/Build/Intermediates.noindex/swift-collections.build/Debug-iphonesimulator/OrderedCollections.build/DerivedSources/arm64 -Xcc -I/Users/aadityasingh/Library/Developer/Xcode/DerivedData/Chatlio-erkyzdeecsohoaggpwbjdvavzqfv/Build/Intermediates.noindex/swift-collections.build/Debug-iphonesimulator/OrderedCollections.build/DerivedSources -Xcc -DSWIFT_PACKAGE -Xcc -DDEBUG\=1 -emit-objc-header -emit-objc-header-path /Users/aadityasingh/Library/Developer/Xcode/DerivedData/Chatlio-erkyzdeecsohoaggpwbjdvavzqfv/Build/Intermediates.noindex/swift-collections.build/Debug-iphonesimulator/OrderedCollections.build/Objects-normal/arm64/OrderedCollections-Swift.h -working-directory /Users/aadityasingh/Documents/Development/element-x-ios/Chatlio.xcodeproj -experimental-emit-module-separately -disable-cmo

SwiftDriverJobDiscovery normal x86_64 Compiling OrderedDictionary+Hashable.swift, OrderedDictionary+Initializers.swift, OrderedDictionary+Invariants.swift, OrderedDictionary+Partial MutableCollection.swift, OrderedDictionary+Partial RangeReplaceableCollection.swift (in target 'OrderedCollections' from project 'swift-collections')

SwiftCompile normal x86_64 Compiling\ Heap+Invariants.swift /Users/aadityasingh/Library/Developer/Xcode/DerivedData/Chatlio-erkyzdeecsohoaggpwbjdvavzqfv/SourcePackages/checkouts/swift-collections/Sources/HeapModule/Heap+Invariants.swift (in target 'HeapModule' from project 'swift-collections')

SwiftCompile normal x86_64 /Users/aadityasingh/Library/Developer/Xcode/DerivedData/Chatlio-erkyzdeecsohoaggpwbjdvavzqfv/SourcePackages/checkouts/swift-collections/Sources/HeapModule/Heap+Invariants.swift (in target 'HeapModule' from project 'swift-collections')
    cd /Users/aadityasingh/Documents/Development/element-x-ios/Chatlio.xcodeproj
    

SwiftCompile normal arm64 Compiling\ Heap+Descriptions.swift /Users/aadityasingh/Library/Developer/Xcode/DerivedData/Chatlio-erkyzdeecsohoaggpwbjdvavzqfv/SourcePackages/checkouts/swift-collections/Sources/HeapModule/Heap+Descriptions.swift (in target 'HeapModule' from project 'swift-collections')

SwiftCompile normal arm64 /Users/aadityasingh/Library/Developer/Xcode/DerivedData/Chatlio-erkyzdeecsohoaggpwbjdvavzqfv/SourcePackages/checkouts/swift-collections/Sources/HeapModule/Heap+Descriptions.swift (in target 'HeapModule' from project 'swift-collections')
    cd /Users/aadityasingh/Documents/Development/element-x-ios/Chatlio.xcodeproj
    

SwiftDriverJobDiscovery normal x86_64 Compiling OrderedSet+Partial SetAlgebra+Basics.swift, OrderedSet+RandomAccessCollection.swift, OrderedSet+ReserveCapacity.swift, OrderedSet+Sendable.swift, OrderedSet+SubSequence.swift (in target 'OrderedCollections' from project 'swift-collections')

SwiftCompile normal x86_64 Compiling\ _HeapNode.swift /Users/aadityasingh/Library/Developer/Xcode/DerivedData/Chatlio-erkyzdeecsohoaggpwbjdvavzqfv/SourcePackages/checkouts/swift-collections/Sources/HeapModule/_HeapNode.swift (in target 'HeapModule' from project 'swift-collections')

SwiftCompile normal x86_64 /Users/aadityasingh/Library/Developer/Xcode/DerivedData/Chatlio-erkyzdeecsohoaggpwbjdvavzqfv/SourcePackages/checkouts/swift-collections/Sources/HeapModule/_HeapNode.swift (in target 'HeapModule' from project 'swift-collections')
    cd /Users/aadityasingh/Documents/Development/element-x-ios/Chatlio.xcodeproj
    

SwiftDriverJobDiscovery normal x86_64 Compiling OrderedSet+Partial RangeReplaceableCollection.swift, OrderedSet+Partial SetAlgebra formIntersection.swift, OrderedSet+Partial SetAlgebra formSymmetricDifference.swift, OrderedSet+Partial SetAlgebra formUnion.swift, OrderedSet+Partial SetAlgebra intersection.swift (in target 'OrderedCollections' from project 'swift-collections')

SwiftCompile normal x86_64 Compiling\ TreeSet+SetAlgebra\ isSubset.swift,\ TreeSet+SetAlgebra\ isSuperset.swift,\ TreeSet+SetAlgebra\ subtract.swift,\ TreeSet+SetAlgebra\ subtracting.swift,\ TreeSet+SetAlgebra\ symmetricDifference.swift,\ TreeSet+SetAlgebra\ union.swift,\ TreeSet.swift /Users/aadityasingh/Library/Developer/Xcode/DerivedData/Chatlio-erkyzdeecsohoaggpwbjdvavzqfv/SourcePackages/checkouts/swift-collections/Sources/HashTreeCollections/TreeSet/TreeSet+SetAlgebra\ isSubset.swift /Users/aadityasingh/Library/Developer/Xcode/DerivedData/Chatlio-erkyzdeecsohoaggpwbjdvavzqfv/SourcePackages/checkouts/swift-collections/Sources/HashTreeCollections/TreeSet/TreeSet+SetAlgebra\ isSuperset.swift /Users/aadityasingh/Library/Developer/Xcode/DerivedData/Chatlio-erkyzdeecsohoaggpwbjdvavzqfv/SourcePackages/checkouts/swift-collections/Sources/HashTreeCollections/TreeSet/TreeSet+SetAlgebra\ subtract.swift /Users/aadityasingh/Library/Developer/Xcode/DerivedData/Chatlio-erkyzdeecsohoaggpwbjdvavzqfv/SourcePackages/checkouts/swift-collections/Sources/HashTreeCollections/TreeSet/TreeSet+SetAlgebra\ subtracting.swift /Users/aadityasingh/Library/Developer/Xcode/DerivedData/Chatlio-erkyzdeecsohoaggpwbjdvavzqfv/SourcePackages/checkouts/swift-collections/Sources/HashTreeCollections/TreeSet/TreeSet+SetAlgebra\ symmetricDifference.swift /Users/aadityasingh/Library/Developer/Xcode/DerivedData/Chatlio-erkyzdeecsohoaggpwbjdvavzqfv/SourcePackages/checkouts/swift-collections/Sources/HashTreeCollections/TreeSet/TreeSet+SetAlgebra\ union.swift /Users/aadityasingh/Library/Developer/Xcode/DerivedData/Chatlio-erkyzdeecsohoaggpwbjdvavzqfv/SourcePackages/checkouts/swift-collections/Sources/HashTreeCollections/TreeSet/TreeSet.swift (in target 'HashTreeCollections' from project 'swift-collections')
SwiftCompile normal x86_64 /Users/aadityasingh/Library/Developer/Xcode/DerivedData/Chatlio-erkyzdeecsohoaggpwbjdvavzqfv/SourcePackages/checkouts/swift-collections/Sources/HashTreeCollections/TreeSet/TreeSet+SetAlgebra\ isSubset.swift (in target 'HashTreeCollections' from project 'swift-collections')
    cd /Users/aadityasingh/Documents/Development/element-x-ios/Chatlio.xcodeproj
    

SwiftCompile normal x86_64 /Users/aadityasingh/Library/Developer/Xcode/DerivedData/Chatlio-erkyzdeecsohoaggpwbjdvavzqfv/SourcePackages/checkouts/swift-collections/Sources/HashTreeCollections/TreeSet/TreeSet+SetAlgebra\ isSuperset.swift (in target 'HashTreeCollections' from project 'swift-collections')
    cd /Users/aadityasingh/Documents/Development/element-x-ios/Chatlio.xcodeproj
    

SwiftCompile normal x86_64 /Users/aadityasingh/Library/Developer/Xcode/DerivedData/Chatlio-erkyzdeecsohoaggpwbjdvavzqfv/SourcePackages/checkouts/swift-collections/Sources/HashTreeCollections/TreeSet/TreeSet+SetAlgebra\ subtract.swift (in target 'HashTreeCollections' from project 'swift-collections')
    cd /Users/aadityasingh/Documents/Development/element-x-ios/Chatlio.xcodeproj
    

SwiftCompile normal x86_64 /Users/aadityasingh/Library/Developer/Xcode/DerivedData/Chatlio-erkyzdeecsohoaggpwbjdvavzqfv/SourcePackages/checkouts/swift-collections/Sources/HashTreeCollections/TreeSet/TreeSet+SetAlgebra\ subtracting.swift (in target 'HashTreeCollections' from project 'swift-collections')
    cd /Users/aadityasingh/Documents/Development/element-x-ios/Chatlio.xcodeproj
    

SwiftCompile normal x86_64 /Users/aadityasingh/Library/Developer/Xcode/DerivedData/Chatlio-erkyzdeecsohoaggpwbjdvavzqfv/SourcePackages/checkouts/swift-collections/Sources/HashTreeCollections/TreeSet/TreeSet+SetAlgebra\ symmetricDifference.swift (in target 'HashTreeCollections' from project 'swift-collections')
    cd /Users/aadityasingh/Documents/Development/element-x-ios/Chatlio.xcodeproj
    

SwiftCompile normal x86_64 /Users/aadityasingh/Library/Developer/Xcode/DerivedData/Chatlio-erkyzdeecsohoaggpwbjdvavzqfv/SourcePackages/checkouts/swift-collections/Sources/HashTreeCollections/TreeSet/TreeSet+SetAlgebra\ union.swift (in target 'HashTreeCollections' from project 'swift-collections')
    cd /Users/aadityasingh/Documents/Development/element-x-ios/Chatlio.xcodeproj
    

SwiftCompile normal x86_64 /Users/aadityasingh/Library/Developer/Xcode/DerivedData/Chatlio-erkyzdeecsohoaggpwbjdvavzqfv/SourcePackages/checkouts/swift-collections/Sources/HashTreeCollections/TreeSet/TreeSet.swift (in target 'HashTreeCollections' from project 'swift-collections')
    cd /Users/aadityasingh/Documents/Development/element-x-ios/Chatlio.xcodeproj
    

SwiftDriverJobDiscovery normal arm64 Compiling Heap+Invariants.swift (in target 'HeapModule' from project 'swift-collections')

SwiftCompile normal arm64 Compiling\ TreeSet+SetAlgebra\ formSymmetricDifference.swift,\ TreeSet+SetAlgebra\ formUnion.swift,\ TreeSet+SetAlgebra\ intersection.swift,\ TreeSet+SetAlgebra\ isDisjoint.swift,\ TreeSet+SetAlgebra\ isEqualSet.swift,\ TreeSet+SetAlgebra\ isStrictSubset.swift,\ TreeSet+SetAlgebra\ isStrictSuperset.swift /Users/aadityasingh/Library/Developer/Xcode/DerivedData/Chatlio-erkyzdeecsohoaggpwbjdvavzqfv/SourcePackages/checkouts/swift-collections/Sources/HashTreeCollections/TreeSet/TreeSet+SetAlgebra\ formSymmetricDifference.swift /Users/aadityasingh/Library/Developer/Xcode/DerivedData/Chatlio-erkyzdeecsohoaggpwbjdvavzqfv/SourcePackages/checkouts/swift-collections/Sources/HashTreeCollections/TreeSet/TreeSet+SetAlgebra\ formUnion.swift /Users/aadityasingh/Library/Developer/Xcode/DerivedData/Chatlio-erkyzdeecsohoaggpwbjdvavzqfv/SourcePackages/checkouts/swift-collections/Sources/HashTreeCollections/TreeSet/TreeSet+SetAlgebra\ intersection.swift /Users/aadityasingh/Library/Developer/Xcode/DerivedData/Chatlio-erkyzdeecsohoaggpwbjdvavzqfv/SourcePackages/checkouts/swift-collections/Sources/HashTreeCollections/TreeSet/TreeSet+SetAlgebra\ isDisjoint.swift /Users/aadityasingh/Library/Developer/Xcode/DerivedData/Chatlio-erkyzdeecsohoaggpwbjdvavzqfv/SourcePackages/checkouts/swift-collections/Sources/HashTreeCollections/TreeSet/TreeSet+SetAlgebra\ isEqualSet.swift /Users/aadityasingh/Library/Developer/Xcode/DerivedData/Chatlio-erkyzdeecsohoaggpwbjdvavzqfv/SourcePackages/checkouts/swift-collections/Sources/HashTreeCollections/TreeSet/TreeSet+SetAlgebra\ isStrictSubset.swift /Users/aadityasingh/Library/Developer/Xcode/DerivedData/Chatlio-erkyzdeecsohoaggpwbjdvavzqfv/SourcePackages/checkouts/swift-collections/Sources/HashTreeCollections/TreeSet/TreeSet+SetAlgebra\ isStrictSuperset.swift (in target 'HashTreeCollections' from project 'swift-collections')
SwiftCompile normal arm64 /Users/aadityasingh/Library/Developer/Xcode/DerivedData/Chatlio-erkyzdeecsohoaggpwbjdvavzqfv/SourcePackages/checkouts/swift-collections/Sources/HashTreeCollections/TreeSet/TreeSet+SetAlgebra\ formSymmetricDifference.swift (in target 'HashTreeCollections' from project 'swift-collections')
    cd /Users/aadityasingh/Documents/Development/element-x-ios/Chatlio.xcodeproj
    

SwiftCompile normal arm64 /Users/aadityasingh/Library/Developer/Xcode/DerivedData/Chatlio-erkyzdeecsohoaggpwbjdvavzqfv/SourcePackages/checkouts/swift-collections/Sources/HashTreeCollections/TreeSet/TreeSet+SetAlgebra\ formUnion.swift (in target 'HashTreeCollections' from project 'swift-collections')
    cd /Users/aadityasingh/Documents/Development/element-x-ios/Chatlio.xcodeproj
    

SwiftCompile normal arm64 /Users/aadityasingh/Library/Developer/Xcode/DerivedData/Chatlio-erkyzdeecsohoaggpwbjdvavzqfv/SourcePackages/checkouts/swift-collections/Sources/HashTreeCollections/TreeSet/TreeSet+SetAlgebra\ intersection.swift (in target 'HashTreeCollections' from project 'swift-collections')
    cd /Users/aadityasingh/Documents/Development/element-x-ios/Chatlio.xcodeproj
    

SwiftCompile normal arm64 /Users/aadityasingh/Library/Developer/Xcode/DerivedData/Chatlio-erkyzdeecsohoaggpwbjdvavzqfv/SourcePackages/checkouts/swift-collections/Sources/HashTreeCollections/TreeSet/TreeSet+SetAlgebra\ isDisjoint.swift (in target 'HashTreeCollections' from project 'swift-collections')
    cd /Users/aadityasingh/Documents/Development/element-x-ios/Chatlio.xcodeproj
    

SwiftCompile normal arm64 /Users/aadityasingh/Library/Developer/Xcode/DerivedData/Chatlio-erkyzdeecsohoaggpwbjdvavzqfv/SourcePackages/checkouts/swift-collections/Sources/HashTreeCollections/TreeSet/TreeSet+SetAlgebra\ isEqualSet.swift (in target 'HashTreeCollections' from project 'swift-collections')
    cd /Users/aadityasingh/Documents/Development/element-x-ios/Chatlio.xcodeproj
    

SwiftCompile normal arm64 /Users/aadityasingh/Library/Developer/Xcode/DerivedData/Chatlio-erkyzdeecsohoaggpwbjdvavzqfv/SourcePackages/checkouts/swift-collections/Sources/HashTreeCollections/TreeSet/TreeSet+SetAlgebra\ isStrictSubset.swift (in target 'HashTreeCollections' from project 'swift-collections')
    cd /Users/aadityasingh/Documents/Development/element-x-ios/Chatlio.xcodeproj
    

SwiftCompile normal arm64 /Users/aadityasingh/Library/Developer/Xcode/DerivedData/Chatlio-erkyzdeecsohoaggpwbjdvavzqfv/SourcePackages/checkouts/swift-collections/Sources/HashTreeCollections/TreeSet/TreeSet+SetAlgebra\ isStrictSuperset.swift (in target 'HashTreeCollections' from project 'swift-collections')
    cd /Users/aadityasingh/Documents/Development/element-x-ios/Chatlio.xcodeproj
    

SwiftDriverJobDiscovery normal arm64 Compiling Heap.swift (in target 'HeapModule' from project 'swift-collections')

SwiftCompile normal x86_64 Compiling\ TreeDictionary+Descriptions.swift,\ TreeDictionary+Equatable.swift,\ TreeDictionary+ExpressibleByDictionaryLiteral.swift,\ TreeDictionary+Filter.swift,\ TreeDictionary+Hashable.swift,\ TreeDictionary+Initializers.swift,\ TreeDictionary+Keys.swift /Users/aadityasingh/Library/Developer/Xcode/DerivedData/Chatlio-erkyzdeecsohoaggpwbjdvavzqfv/SourcePackages/checkouts/swift-collections/Sources/HashTreeCollections/TreeDictionary/TreeDictionary+Descriptions.swift /Users/aadityasingh/Library/Developer/Xcode/DerivedData/Chatlio-erkyzdeecsohoaggpwbjdvavzqfv/SourcePackages/checkouts/swift-collections/Sources/HashTreeCollections/TreeDictionary/TreeDictionary+Equatable.swift /Users/aadityasingh/Library/Developer/Xcode/DerivedData/Chatlio-erkyzdeecsohoaggpwbjdvavzqfv/SourcePackages/checkouts/swift-collections/Sources/HashTreeCollections/TreeDictionary/TreeDictionary+ExpressibleByDictionaryLiteral.swift /Users/aadityasingh/Library/Developer/Xcode/DerivedData/Chatlio-erkyzdeecsohoaggpwbjdvavzqfv/SourcePackages/checkouts/swift-collections/Sources/HashTreeCollections/TreeDictionary/TreeDictionary+Filter.swift /Users/aadityasingh/Library/Developer/Xcode/DerivedData/Chatlio-erkyzdeecsohoaggpwbjdvavzqfv/SourcePackages/checkouts/swift-collections/Sources/HashTreeCollections/TreeDictionary/TreeDictionary+Hashable.swift /Users/aadityasingh/Library/Developer/Xcode/DerivedData/Chatlio-erkyzdeecsohoaggpwbjdvavzqfv/SourcePackages/checkouts/swift-collections/Sources/HashTreeCollections/TreeDictionary/TreeDictionary+Initializers.swift /Users/aadityasingh/Library/Developer/Xcode/DerivedData/Chatlio-erkyzdeecsohoaggpwbjdvavzqfv/SourcePackages/checkouts/swift-collections/Sources/HashTreeCollections/TreeDictionary/TreeDictionary+Keys.swift (in target 'HashTreeCollections' from project 'swift-collections')
SwiftCompile normal x86_64 /Users/aadityasingh/Library/Developer/Xcode/DerivedData/Chatlio-erkyzdeecsohoaggpwbjdvavzqfv/SourcePackages/checkouts/swift-collections/Sources/HashTreeCollections/TreeDictionary/TreeDictionary+Descriptions.swift (in target 'HashTreeCollections' from project 'swift-collections')
    cd /Users/aadityasingh/Documents/Development/element-x-ios/Chatlio.xcodeproj
    

SwiftCompile normal x86_64 /Users/aadityasingh/Library/Developer/Xcode/DerivedData/Chatlio-erkyzdeecsohoaggpwbjdvavzqfv/SourcePackages/checkouts/swift-collections/Sources/HashTreeCollections/TreeDictionary/TreeDictionary+Equatable.swift (in target 'HashTreeCollections' from project 'swift-collections')
    cd /Users/aadityasingh/Documents/Development/element-x-ios/Chatlio.xcodeproj
    

SwiftCompile normal x86_64 /Users/aadityasingh/Library/Developer/Xcode/DerivedData/Chatlio-erkyzdeecsohoaggpwbjdvavzqfv/SourcePackages/checkouts/swift-collections/Sources/HashTreeCollections/TreeDictionary/TreeDictionary+ExpressibleByDictionaryLiteral.swift (in target 'HashTreeCollections' from project 'swift-collections')
    cd /Users/aadityasingh/Documents/Development/element-x-ios/Chatlio.xcodeproj
    

SwiftCompile normal x86_64 /Users/aadityasingh/Library/Developer/Xcode/DerivedData/Chatlio-erkyzdeecsohoaggpwbjdvavzqfv/SourcePackages/checkouts/swift-collections/Sources/HashTreeCollections/TreeDictionary/TreeDictionary+Filter.swift (in target 'HashTreeCollections' from project 'swift-collections')
    cd /Users/aadityasingh/Documents/Development/element-x-ios/Chatlio.xcodeproj
    

SwiftCompile normal x86_64 /Users/aadityasingh/Library/Developer/Xcode/DerivedData/Chatlio-erkyzdeecsohoaggpwbjdvavzqfv/SourcePackages/checkouts/swift-collections/Sources/HashTreeCollections/TreeDictionary/TreeDictionary+Hashable.swift (in target 'HashTreeCollections' from project 'swift-collections')
    cd /Users/aadityasingh/Documents/Development/element-x-ios/Chatlio.xcodeproj
    

SwiftCompile normal x86_64 /Users/aadityasingh/Library/Developer/Xcode/DerivedData/Chatlio-erkyzdeecsohoaggpwbjdvavzqfv/SourcePackages/checkouts/swift-collections/Sources/HashTreeCollections/TreeDictionary/TreeDictionary+Initializers.swift (in target 'HashTreeCollections' from project 'swift-collections')
    cd /Users/aadityasingh/Documents/Development/element-x-ios/Chatlio.xcodeproj
    

SwiftCompile normal x86_64 /Users/aadityasingh/Library/Developer/Xcode/DerivedData/Chatlio-erkyzdeecsohoaggpwbjdvavzqfv/SourcePackages/checkouts/swift-collections/Sources/HashTreeCollections/TreeDictionary/TreeDictionary+Keys.swift (in target 'HashTreeCollections' from project 'swift-collections')
    cd /Users/aadityasingh/Documents/Development/element-x-ios/Chatlio.xcodeproj
    

SwiftDriverJobDiscovery normal x86_64 Compiling Heap+Invariants.swift (in target 'HeapModule' from project 'swift-collections')

SwiftCompile normal arm64 Compiling\ TreeDictionary+MapValues.swift,\ TreeDictionary+Merge.swift,\ TreeDictionary+Sendable.swift,\ TreeDictionary+Sequence.swift,\ TreeDictionary+Values.swift,\ TreeDictionary.swift,\ TreeSet+Codable.swift /Users/aadityasingh/Library/Developer/Xcode/DerivedData/Chatlio-erkyzdeecsohoaggpwbjdvavzqfv/SourcePackages/checkouts/swift-collections/Sources/HashTreeCollections/TreeDictionary/TreeDictionary+MapValues.swift /Users/aadityasingh/Library/Developer/Xcode/DerivedData/Chatlio-erkyzdeecsohoaggpwbjdvavzqfv/SourcePackages/checkouts/swift-collections/Sources/HashTreeCollections/TreeDictionary/TreeDictionary+Merge.swift /Users/aadityasingh/Library/Developer/Xcode/DerivedData/Chatlio-erkyzdeecsohoaggpwbjdvavzqfv/SourcePackages/checkouts/swift-collections/Sources/HashTreeCollections/TreeDictionary/TreeDictionary+Sendable.swift /Users/aadityasingh/Library/Developer/Xcode/DerivedData/Chatlio-erkyzdeecsohoaggpwbjdvavzqfv/SourcePackages/checkouts/swift-collections/Sources/HashTreeCollections/TreeDictionary/TreeDictionary+Sequence.swift /Users/aadityasingh/Library/Developer/Xcode/DerivedData/Chatlio-erkyzdeecsohoaggpwbjdvavzqfv/SourcePackages/checkouts/swift-collections/Sources/HashTreeCollections/TreeDictionary/TreeDictionary+Values.swift /Users/aadityasingh/Library/Developer/Xcode/DerivedData/Chatlio-erkyzdeecsohoaggpwbjdvavzqfv/SourcePackages/checkouts/swift-collections/Sources/HashTreeCollections/TreeDictionary/TreeDictionary.swift /Users/aadityasingh/Library/Developer/Xcode/DerivedData/Chatlio-erkyzdeecsohoaggpwbjdvavzqfv/SourcePackages/checkouts/swift-collections/Sources/HashTreeCollections/TreeSet/TreeSet+Codable.swift (in target 'HashTreeCollections' from project 'swift-collections')
SwiftCompile normal arm64 /Users/aadityasingh/Library/Developer/Xcode/DerivedData/Chatlio-erkyzdeecsohoaggpwbjdvavzqfv/SourcePackages/checkouts/swift-collections/Sources/HashTreeCollections/TreeDictionary/TreeDictionary+MapValues.swift (in target 'HashTreeCollections' from project 'swift-collections')
    cd /Users/aadityasingh/Documents/Development/element-x-ios/Chatlio.xcodeproj
    

SwiftCompile normal arm64 /Users/aadityasingh/Library/Developer/Xcode/DerivedData/Chatlio-erkyzdeecsohoaggpwbjdvavzqfv/SourcePackages/checkouts/swift-collections/Sources/HashTreeCollections/TreeDictionary/TreeDictionary+Merge.swift (in target 'HashTreeCollections' from project 'swift-collections')
    cd /Users/aadityasingh/Documents/Development/element-x-ios/Chatlio.xcodeproj
    

SwiftCompile normal arm64 /Users/aadityasingh/Library/Developer/Xcode/DerivedData/Chatlio-erkyzdeecsohoaggpwbjdvavzqfv/SourcePackages/checkouts/swift-collections/Sources/HashTreeCollections/TreeDictionary/TreeDictionary+Sendable.swift (in target 'HashTreeCollections' from project 'swift-collections')
    cd /Users/aadityasingh/Documents/Development/element-x-ios/Chatlio.xcodeproj
    

SwiftCompile normal arm64 /Users/aadityasingh/Library/Developer/Xcode/DerivedData/Chatlio-erkyzdeecsohoaggpwbjdvavzqfv/SourcePackages/checkouts/swift-collections/Sources/HashTreeCollections/TreeDictionary/TreeDictionary+Sequence.swift (in target 'HashTreeCollections' from project 'swift-collections')
    cd /Users/aadityasingh/Documents/Development/element-x-ios/Chatlio.xcodeproj
    

SwiftCompile normal arm64 /Users/aadityasingh/Library/Developer/Xcode/DerivedData/Chatlio-erkyzdeecsohoaggpwbjdvavzqfv/SourcePackages/checkouts/swift-collections/Sources/HashTreeCollections/TreeDictionary/TreeDictionary+Values.swift (in target 'HashTreeCollections' from project 'swift-collections')
    cd /Users/aadityasingh/Documents/Development/element-x-ios/Chatlio.xcodeproj
    

SwiftCompile normal arm64 /Users/aadityasingh/Library/Developer/Xcode/DerivedData/Chatlio-erkyzdeecsohoaggpwbjdvavzqfv/SourcePackages/checkouts/swift-collections/Sources/HashTreeCollections/TreeDictionary/TreeDictionary.swift (in target 'HashTreeCollections' from project 'swift-collections')
    cd /Users/aadityasingh/Documents/Development/element-x-ios/Chatlio.xcodeproj
    

SwiftCompile normal arm64 /Users/aadityasingh/Library/Developer/Xcode/DerivedData/Chatlio-erkyzdeecsohoaggpwbjdvavzqfv/SourcePackages/checkouts/swift-collections/Sources/HashTreeCollections/TreeSet/TreeSet+Codable.swift (in target 'HashTreeCollections' from project 'swift-collections')
    cd /Users/aadityasingh/Documents/Development/element-x-ios/Chatlio.xcodeproj
    

SwiftDriverJobDiscovery normal x86_64 Compiling Heap+Descriptions.swift (in target 'HeapModule' from project 'swift-collections')

SwiftCompile normal arm64 Compiling\ _RawHashNode.swift,\ _UnmanagedHashNode.swift,\ _UnsafePath.swift,\ TreeDictionary+Codable.swift,\ TreeDictionary+Collection.swift,\ TreeDictionary+CustomReflectable.swift,\ TreeDictionary+Debugging.swift /Users/aadityasingh/Library/Developer/Xcode/DerivedData/Chatlio-erkyzdeecsohoaggpwbjdvavzqfv/SourcePackages/checkouts/swift-collections/Sources/HashTreeCollections/HashNode/_RawHashNode.swift /Users/aadityasingh/Library/Developer/Xcode/DerivedData/Chatlio-erkyzdeecsohoaggpwbjdvavzqfv/SourcePackages/checkouts/swift-collections/Sources/HashTreeCollections/HashNode/_UnmanagedHashNode.swift /Users/aadityasingh/Library/Developer/Xcode/DerivedData/Chatlio-erkyzdeecsohoaggpwbjdvavzqfv/SourcePackages/checkouts/swift-collections/Sources/HashTreeCollections/HashNode/_UnsafePath.swift /Users/aadityasingh/Library/Developer/Xcode/DerivedData/Chatlio-erkyzdeecsohoaggpwbjdvavzqfv/SourcePackages/checkouts/swift-collections/Sources/HashTreeCollections/TreeDictionary/TreeDictionary+Codable.swift /Users/aadityasingh/Library/Developer/Xcode/DerivedData/Chatlio-erkyzdeecsohoaggpwbjdvavzqfv/SourcePackages/checkouts/swift-collections/Sources/HashTreeCollections/TreeDictionary/TreeDictionary+Collection.swift /Users/aadityasingh/Library/Developer/Xcode/DerivedData/Chatlio-erkyzdeecsohoaggpwbjdvavzqfv/SourcePackages/checkouts/swift-collections/Sources/HashTreeCollections/TreeDictionary/TreeDictionary+CustomReflectable.swift /Users/aadityasingh/Library/Developer/Xcode/DerivedData/Chatlio-erkyzdeecsohoaggpwbjdvavzqfv/SourcePackages/checkouts/swift-collections/Sources/HashTreeCollections/TreeDictionary/TreeDictionary+Debugging.swift (in target 'HashTreeCollections' from project 'swift-collections')
SwiftCompile normal arm64 /Users/aadityasingh/Library/Developer/Xcode/DerivedData/Chatlio-erkyzdeecsohoaggpwbjdvavzqfv/SourcePackages/checkouts/swift-collections/Sources/HashTreeCollections/HashNode/_RawHashNode.swift (in target 'HashTreeCollections' from project 'swift-collections')
    cd /Users/aadityasingh/Documents/Development/element-x-ios/Chatlio.xcodeproj
    

SwiftCompile normal arm64 /Users/aadityasingh/Library/Developer/Xcode/DerivedData/Chatlio-erkyzdeecsohoaggpwbjdvavzqfv/SourcePackages/checkouts/swift-collections/Sources/HashTreeCollections/HashNode/_UnmanagedHashNode.swift (in target 'HashTreeCollections' from project 'swift-collections')
    cd /Users/aadityasingh/Documents/Development/element-x-ios/Chatlio.xcodeproj
    

SwiftCompile normal arm64 /Users/aadityasingh/Library/Developer/Xcode/DerivedData/Chatlio-erkyzdeecsohoaggpwbjdvavzqfv/SourcePackages/checkouts/swift-collections/Sources/HashTreeCollections/HashNode/_UnsafePath.swift (in target 'HashTreeCollections' from project 'swift-collections')
    cd /Users/aadityasingh/Documents/Development/element-x-ios/Chatlio.xcodeproj
    

SwiftCompile normal arm64 /Users/aadityasingh/Library/Developer/Xcode/DerivedData/Chatlio-erkyzdeecsohoaggpwbjdvavzqfv/SourcePackages/checkouts/swift-collections/Sources/HashTreeCollections/TreeDictionary/TreeDictionary+Codable.swift (in target 'HashTreeCollections' from project 'swift-collections')
    cd /Users/aadityasingh/Documents/Development/element-x-ios/Chatlio.xcodeproj
    

SwiftCompile normal arm64 /Users/aadityasingh/Library/Developer/Xcode/DerivedData/Chatlio-erkyzdeecsohoaggpwbjdvavzqfv/SourcePackages/checkouts/swift-collections/Sources/HashTreeCollections/TreeDictionary/TreeDictionary+Collection.swift (in target 'HashTreeCollections' from project 'swift-collections')
    cd /Users/aadityasingh/Documents/Development/element-x-ios/Chatlio.xcodeproj
    

SwiftCompile normal arm64 /Users/aadityasingh/Library/Developer/Xcode/DerivedData/Chatlio-erkyzdeecsohoaggpwbjdvavzqfv/SourcePackages/checkouts/swift-collections/Sources/HashTreeCollections/TreeDictionary/TreeDictionary+CustomReflectable.swift (in target 'HashTreeCollections' from project 'swift-collections')
    cd /Users/aadityasingh/Documents/Development/element-x-ios/Chatlio.xcodeproj
    

SwiftCompile normal arm64 /Users/aadityasingh/Library/Developer/Xcode/DerivedData/Chatlio-erkyzdeecsohoaggpwbjdvavzqfv/SourcePackages/checkouts/swift-collections/Sources/HashTreeCollections/TreeDictionary/TreeDictionary+Debugging.swift (in target 'HashTreeCollections' from project 'swift-collections')
    cd /Users/aadityasingh/Documents/Development/element-x-ios/Chatlio.xcodeproj
    

SwiftDriverJobDiscovery normal arm64 Compiling _HeapNode.swift (in target 'HeapModule' from project 'swift-collections')

SwiftDriverJobDiscovery normal arm64 Compiling Heap+Descriptions.swift (in target 'HeapModule' from project 'swift-collections')

SwiftCompile normal x86_64 Compiling\ _AncestorHashSlots.swift,\ _Bitmap.swift,\ _Bucket.swift,\ _Hash.swift,\ _HashLevel.swift,\ _HashNode+Builder.swift,\ _HashNode+Debugging.swift,\ _HashNode+Initializers.swift /Users/aadityasingh/Library/Developer/Xcode/DerivedData/Chatlio-erkyzdeecsohoaggpwbjdvavzqfv/SourcePackages/checkouts/swift-collections/Sources/HashTreeCollections/HashNode/_AncestorHashSlots.swift /Users/aadityasingh/Library/Developer/Xcode/DerivedData/Chatlio-erkyzdeecsohoaggpwbjdvavzqfv/SourcePackages/checkouts/swift-collections/Sources/HashTreeCollections/HashNode/_Bitmap.swift /Users/aadityasingh/Library/Developer/Xcode/DerivedData/Chatlio-erkyzdeecsohoaggpwbjdvavzqfv/SourcePackages/checkouts/swift-collections/Sources/HashTreeCollections/HashNode/_Bucket.swift /Users/aadityasingh/Library/Developer/Xcode/DerivedData/Chatlio-erkyzdeecsohoaggpwbjdvavzqfv/SourcePackages/checkouts/swift-collections/Sources/HashTreeCollections/HashNode/_Hash.swift /Users/aadityasingh/Library/Developer/Xcode/DerivedData/Chatlio-erkyzdeecsohoaggpwbjdvavzqfv/SourcePackages/checkouts/swift-collections/Sources/HashTreeCollections/HashNode/_HashLevel.swift /Users/aadityasingh/Library/Developer/Xcode/DerivedData/Chatlio-erkyzdeecsohoaggpwbjdvavzqfv/SourcePackages/checkouts/swift-collections/Sources/HashTreeCollections/HashNode/_HashNode+Builder.swift /Users/aadityasingh/Library/Developer/Xcode/DerivedData/Chatlio-erkyzdeecsohoaggpwbjdvavzqfv/SourcePackages/checkouts/swift-collections/Sources/HashTreeCollections/HashNode/_HashNode+Debugging.swift /Users/aadityasingh/Library/Developer/Xcode/DerivedData/Chatlio-erkyzdeecsohoaggpwbjdvavzqfv/SourcePackages/checkouts/swift-collections/Sources/HashTreeCollections/HashNode/_HashNode+Initializers.swift (in target 'HashTreeCollections' from project 'swift-collections')
SwiftCompile normal x86_64 /Users/aadityasingh/Library/Developer/Xcode/DerivedData/Chatlio-erkyzdeecsohoaggpwbjdvavzqfv/SourcePackages/checkouts/swift-collections/Sources/HashTreeCollections/HashNode/_AncestorHashSlots.swift (in target 'HashTreeCollections' from project 'swift-collections')
    cd /Users/aadityasingh/Documents/Development/element-x-ios/Chatlio.xcodeproj
    

SwiftCompile normal x86_64 /Users/aadityasingh/Library/Developer/Xcode/DerivedData/Chatlio-erkyzdeecsohoaggpwbjdvavzqfv/SourcePackages/checkouts/swift-collections/Sources/HashTreeCollections/HashNode/_Bitmap.swift (in target 'HashTreeCollections' from project 'swift-collections')
    cd /Users/aadityasingh/Documents/Development/element-x-ios/Chatlio.xcodeproj
    

SwiftCompile normal x86_64 /Users/aadityasingh/Library/Developer/Xcode/DerivedData/Chatlio-erkyzdeecsohoaggpwbjdvavzqfv/SourcePackages/checkouts/swift-collections/Sources/HashTreeCollections/HashNode/_Bucket.swift (in target 'HashTreeCollections' from project 'swift-collections')
    cd /Users/aadityasingh/Documents/Development/element-x-ios/Chatlio.xcodeproj
    

SwiftCompile normal x86_64 /Users/aadityasingh/Library/Developer/Xcode/DerivedData/Chatlio-erkyzdeecsohoaggpwbjdvavzqfv/SourcePackages/checkouts/swift-collections/Sources/HashTreeCollections/HashNode/_Hash.swift (in target 'HashTreeCollections' from project 'swift-collections')
    cd /Users/aadityasingh/Documents/Development/element-x-ios/Chatlio.xcodeproj
    

SwiftCompile normal x86_64 /Users/aadityasingh/Library/Developer/Xcode/DerivedData/Chatlio-erkyzdeecsohoaggpwbjdvavzqfv/SourcePackages/checkouts/swift-collections/Sources/HashTreeCollections/HashNode/_HashLevel.swift (in target 'HashTreeCollections' from project 'swift-collections')
    cd /Users/aadityasingh/Documents/Development/element-x-ios/Chatlio.xcodeproj
    

SwiftCompile normal x86_64 /Users/aadityasingh/Library/Developer/Xcode/DerivedData/Chatlio-erkyzdeecsohoaggpwbjdvavzqfv/SourcePackages/checkouts/swift-collections/Sources/HashTreeCollections/HashNode/_HashNode+Builder.swift (in target 'HashTreeCollections' from project 'swift-collections')
    cd /Users/aadityasingh/Documents/Development/element-x-ios/Chatlio.xcodeproj
    

SwiftCompile normal x86_64 /Users/aadityasingh/Library/Developer/Xcode/DerivedData/Chatlio-erkyzdeecsohoaggpwbjdvavzqfv/SourcePackages/checkouts/swift-collections/Sources/HashTreeCollections/HashNode/_HashNode+Debugging.swift (in target 'HashTreeCollections' from project 'swift-collections')
    cd /Users/aadityasingh/Documents/Development/element-x-ios/Chatlio.xcodeproj
    

SwiftCompile normal x86_64 /Users/aadityasingh/Library/Developer/Xcode/DerivedData/Chatlio-erkyzdeecsohoaggpwbjdvavzqfv/SourcePackages/checkouts/swift-collections/Sources/HashTreeCollections/HashNode/_HashNode+Initializers.swift (in target 'HashTreeCollections' from project 'swift-collections')
    cd /Users/aadityasingh/Documents/Development/element-x-ios/Chatlio.xcodeproj
    

SwiftCompile normal x86_64 Compiling\ TreeSet+Collection.swift,\ TreeSet+CustomReflectable.swift,\ TreeSet+Debugging.swift,\ TreeSet+Descriptions.swift,\ TreeSet+Equatable.swift,\ TreeSet+ExpressibleByArrayLiteral.swift,\ TreeSet+Extras.swift /Users/aadityasingh/Library/Developer/Xcode/DerivedData/Chatlio-erkyzdeecsohoaggpwbjdvavzqfv/SourcePackages/checkouts/swift-collections/Sources/HashTreeCollections/TreeSet/TreeSet+Collection.swift /Users/aadityasingh/Library/Developer/Xcode/DerivedData/Chatlio-erkyzdeecsohoaggpwbjdvavzqfv/SourcePackages/checkouts/swift-collections/Sources/HashTreeCollections/TreeSet/TreeSet+CustomReflectable.swift /Users/aadityasingh/Library/Developer/Xcode/DerivedData/Chatlio-erkyzdeecsohoaggpwbjdvavzqfv/SourcePackages/checkouts/swift-collections/Sources/HashTreeCollections/TreeSet/TreeSet+Debugging.swift /Users/aadityasingh/Library/Developer/Xcode/DerivedData/Chatlio-erkyzdeecsohoaggpwbjdvavzqfv/SourcePackages/checkouts/swift-collections/Sources/HashTreeCollections/TreeSet/TreeSet+Descriptions.swift /Users/aadityasingh/Library/Developer/Xcode/DerivedData/Chatlio-erkyzdeecsohoaggpwbjdvavzqfv/SourcePackages/checkouts/swift-collections/Sources/HashTreeCollections/TreeSet/TreeSet+Equatable.swift /Users/aadityasingh/Library/Developer/Xcode/DerivedData/Chatlio-erkyzdeecsohoaggpwbjdvavzqfv/SourcePackages/checkouts/swift-collections/Sources/HashTreeCollections/TreeSet/TreeSet+ExpressibleByArrayLiteral.swift /Users/aadityasingh/Library/Developer/Xcode/DerivedData/Chatlio-erkyzdeecsohoaggpwbjdvavzqfv/SourcePackages/checkouts/swift-collections/Sources/HashTreeCollections/TreeSet/TreeSet+Extras.swift (in target 'HashTreeCollections' from project 'swift-collections')

SwiftCompile normal x86_64 /Users/aadityasingh/Library/Developer/Xcode/DerivedData/Chatlio-erkyzdeecsohoaggpwbjdvavzqfv/SourcePackages/checkouts/swift-collections/Sources/HashTreeCollections/TreeSet/TreeSet+Collection.swift (in target 'HashTreeCollections' from project 'swift-collections')
    cd /Users/aadityasingh/Documents/Development/element-x-ios/Chatlio.xcodeproj
    

SwiftCompile normal x86_64 /Users/aadityasingh/Library/Developer/Xcode/DerivedData/Chatlio-erkyzdeecsohoaggpwbjdvavzqfv/SourcePackages/checkouts/swift-collections/Sources/HashTreeCollections/TreeSet/TreeSet+CustomReflectable.swift (in target 'HashTreeCollections' from project 'swift-collections')
    cd /Users/aadityasingh/Documents/Development/element-x-ios/Chatlio.xcodeproj
    

SwiftCompile normal x86_64 /Users/aadityasingh/Library/Developer/Xcode/DerivedData/Chatlio-erkyzdeecsohoaggpwbjdvavzqfv/SourcePackages/checkouts/swift-collections/Sources/HashTreeCollections/TreeSet/TreeSet+Debugging.swift (in target 'HashTreeCollections' from project 'swift-collections')
    cd /Users/aadityasingh/Documents/Development/element-x-ios/Chatlio.xcodeproj
    

SwiftCompile normal x86_64 /Users/aadityasingh/Library/Developer/Xcode/DerivedData/Chatlio-erkyzdeecsohoaggpwbjdvavzqfv/SourcePackages/checkouts/swift-collections/Sources/HashTreeCollections/TreeSet/TreeSet+Descriptions.swift (in target 'HashTreeCollections' from project 'swift-collections')
    cd /Users/aadityasingh/Documents/Development/element-x-ios/Chatlio.xcodeproj
    

SwiftCompile normal x86_64 /Users/aadityasingh/Library/Developer/Xcode/DerivedData/Chatlio-erkyzdeecsohoaggpwbjdvavzqfv/SourcePackages/checkouts/swift-collections/Sources/HashTreeCollections/TreeSet/TreeSet+Equatable.swift (in target 'HashTreeCollections' from project 'swift-collections')
    cd /Users/aadityasingh/Documents/Development/element-x-ios/Chatlio.xcodeproj
    

SwiftCompile normal x86_64 /Users/aadityasingh/Library/Developer/Xcode/DerivedData/Chatlio-erkyzdeecsohoaggpwbjdvavzqfv/SourcePackages/checkouts/swift-collections/Sources/HashTreeCollections/TreeSet/TreeSet+ExpressibleByArrayLiteral.swift (in target 'HashTreeCollections' from project 'swift-collections')
    cd /Users/aadityasingh/Documents/Development/element-x-ios/Chatlio.xcodeproj
    

SwiftCompile normal x86_64 /Users/aadityasingh/Library/Developer/Xcode/DerivedData/Chatlio-erkyzdeecsohoaggpwbjdvavzqfv/SourcePackages/checkouts/swift-collections/Sources/HashTreeCollections/TreeSet/TreeSet+Extras.swift (in target 'HashTreeCollections' from project 'swift-collections')
    cd /Users/aadityasingh/Documents/Development/element-x-ios/Chatlio.xcodeproj
    

SwiftDriverJobDiscovery normal x86_64 Compiling Heap.swift (in target 'HeapModule' from project 'swift-collections')

SwiftCompile normal x86_64 Compiling\ TreeSet+Filter.swift,\ TreeSet+Hashable.swift,\ TreeSet+Sendable.swift,\ TreeSet+Sequence.swift,\ TreeSet+SetAlgebra\ Initializers.swift,\ TreeSet+SetAlgebra\ basics.swift,\ TreeSet+SetAlgebra\ formIntersection.swift /Users/aadityasingh/Library/Developer/Xcode/DerivedData/Chatlio-erkyzdeecsohoaggpwbjdvavzqfv/SourcePackages/checkouts/swift-collections/Sources/HashTreeCollections/TreeSet/TreeSet+Filter.swift /Users/aadityasingh/Library/Developer/Xcode/DerivedData/Chatlio-erkyzdeecsohoaggpwbjdvavzqfv/SourcePackages/checkouts/swift-collections/Sources/HashTreeCollections/TreeSet/TreeSet+Hashable.swift /Users/aadityasingh/Library/Developer/Xcode/DerivedData/Chatlio-erkyzdeecsohoaggpwbjdvavzqfv/SourcePackages/checkouts/swift-collections/Sources/HashTreeCollections/TreeSet/TreeSet+Sendable.swift /Users/aadityasingh/Library/Developer/Xcode/DerivedData/Chatlio-erkyzdeecsohoaggpwbjdvavzqfv/SourcePackages/checkouts/swift-collections/Sources/HashTreeCollections/TreeSet/TreeSet+Sequence.swift /Users/aadityasingh/Library/Developer/Xcode/DerivedData/Chatlio-erkyzdeecsohoaggpwbjdvavzqfv/SourcePackages/checkouts/swift-collections/Sources/HashTreeCollections/TreeSet/TreeSet+SetAlgebra\ Initializers.swift /Users/aadityasingh/Library/Developer/Xcode/DerivedData/Chatlio-erkyzdeecsohoaggpwbjdvavzqfv/SourcePackages/checkouts/swift-collections/Sources/HashTreeCollections/TreeSet/TreeSet+SetAlgebra\ basics.swift /Users/aadityasingh/Library/Developer/Xcode/DerivedData/Chatlio-erkyzdeecsohoaggpwbjdvavzqfv/SourcePackages/checkouts/swift-collections/Sources/HashTreeCollections/TreeSet/TreeSet+SetAlgebra\ formIntersection.swift (in target 'HashTreeCollections' from project 'swift-collections')

SwiftCompile normal x86_64 /Users/aadityasingh/Library/Developer/Xcode/DerivedData/Chatlio-erkyzdeecsohoaggpwbjdvavzqfv/SourcePackages/checkouts/swift-collections/Sources/HashTreeCollections/TreeSet/TreeSet+Filter.swift (in target 'HashTreeCollections' from project 'swift-collections')
    cd /Users/aadityasingh/Documents/Development/element-x-ios/Chatlio.xcodeproj
    

SwiftCompile normal x86_64 /Users/aadityasingh/Library/Developer/Xcode/DerivedData/Chatlio-erkyzdeecsohoaggpwbjdvavzqfv/SourcePackages/checkouts/swift-collections/Sources/HashTreeCollections/TreeSet/TreeSet+Hashable.swift (in target 'HashTreeCollections' from project 'swift-collections')
    cd /Users/aadityasingh/Documents/Development/element-x-ios/Chatlio.xcodeproj
    

SwiftCompile normal x86_64 /Users/aadityasingh/Library/Developer/Xcode/DerivedData/Chatlio-erkyzdeecsohoaggpwbjdvavzqfv/SourcePackages/checkouts/swift-collections/Sources/HashTreeCollections/TreeSet/TreeSet+Sendable.swift (in target 'HashTreeCollections' from project 'swift-collections')
    cd /Users/aadityasingh/Documents/Development/element-x-ios/Chatlio.xcodeproj
    

SwiftCompile normal x86_64 /Users/aadityasingh/Library/Developer/Xcode/DerivedData/Chatlio-erkyzdeecsohoaggpwbjdvavzqfv/SourcePackages/checkouts/swift-collections/Sources/HashTreeCollections/TreeSet/TreeSet+Sequence.swift (in target 'HashTreeCollections' from project 'swift-collections')
    cd /Users/aadityasingh/Documents/Development/element-x-ios/Chatlio.xcodeproj
    

SwiftCompile normal x86_64 /Users/aadityasingh/Library/Developer/Xcode/DerivedData/Chatlio-erkyzdeecsohoaggpwbjdvavzqfv/SourcePackages/checkouts/swift-collections/Sources/HashTreeCollections/TreeSet/TreeSet+SetAlgebra\ Initializers.swift (in target 'HashTreeCollections' from project 'swift-collections')
    cd /Users/aadityasingh/Documents/Development/element-x-ios/Chatlio.xcodeproj
    

SwiftCompile normal x86_64 /Users/aadityasingh/Library/Developer/Xcode/DerivedData/Chatlio-erkyzdeecsohoaggpwbjdvavzqfv/SourcePackages/checkouts/swift-collections/Sources/HashTreeCollections/TreeSet/TreeSet+SetAlgebra\ basics.swift (in target 'HashTreeCollections' from project 'swift-collections')
    cd /Users/aadityasingh/Documents/Development/element-x-ios/Chatlio.xcodeproj
    

SwiftCompile normal x86_64 /Users/aadityasingh/Library/Developer/Xcode/DerivedData/Chatlio-erkyzdeecsohoaggpwbjdvavzqfv/SourcePackages/checkouts/swift-collections/Sources/HashTreeCollections/TreeSet/TreeSet+SetAlgebra\ formIntersection.swift (in target 'HashTreeCollections' from project 'swift-collections')
    cd /Users/aadityasingh/Documents/Development/element-x-ios/Chatlio.xcodeproj
    

SwiftDriverJobDiscovery normal x86_64 Compiling _HeapNode.swift (in target 'HeapModule' from project 'swift-collections')

SwiftCompile normal x86_64 Compiling\ _HashNode+Structural\ filter.swift,\ _HashNode+Structural\ intersection.swift,\ _HashNode+Structural\ isDisjoint.swift,\ _HashNode+Structural\ isEqualSet.swift,\ _HashNode+Structural\ isSubset.swift,\ _HashNode+Structural\ mapValues.swift,\ _HashNode+Structural\ merge.swift /Users/aadityasingh/Library/Developer/Xcode/DerivedData/Chatlio-erkyzdeecsohoaggpwbjdvavzqfv/SourcePackages/checkouts/swift-collections/Sources/HashTreeCollections/HashNode/_HashNode+Structural\ filter.swift /Users/aadityasingh/Library/Developer/Xcode/DerivedData/Chatlio-erkyzdeecsohoaggpwbjdvavzqfv/SourcePackages/checkouts/swift-collections/Sources/HashTreeCollections/HashNode/_HashNode+Structural\ intersection.swift /Users/aadityasingh/Library/Developer/Xcode/DerivedData/Chatlio-erkyzdeecsohoaggpwbjdvavzqfv/SourcePackages/checkouts/swift-collections/Sources/HashTreeCollections/HashNode/_HashNode+Structural\ isDisjoint.swift /Users/aadityasingh/Library/Developer/Xcode/DerivedData/Chatlio-erkyzdeecsohoaggpwbjdvavzqfv/SourcePackages/checkouts/swift-collections/Sources/HashTreeCollections/HashNode/_HashNode+Structural\ isEqualSet.swift /Users/aadityasingh/Library/Developer/Xcode/DerivedData/Chatlio-erkyzdeecsohoaggpwbjdvavzqfv/SourcePackages/checkouts/swift-collections/Sources/HashTreeCollections/HashNode/_HashNode+Structural\ isSubset.swift /Users/aadityasingh/Library/Developer/Xcode/DerivedData/Chatlio-erkyzdeecsohoaggpwbjdvavzqfv/SourcePackages/checkouts/swift-collections/Sources/HashTreeCollections/HashNode/_HashNode+Structural\ mapValues.swift /Users/aadityasingh/Library/Developer/Xcode/DerivedData/Chatlio-erkyzdeecsohoaggpwbjdvavzqfv/SourcePackages/checkouts/swift-collections/Sources/HashTreeCollections/HashNode/_HashNode+Structural\ merge.swift (in target 'HashTreeCollections' from project 'swift-collections')

SwiftCompile normal x86_64 /Users/aadityasingh/Library/Developer/Xcode/DerivedData/Chatlio-erkyzdeecsohoaggpwbjdvavzqfv/SourcePackages/checkouts/swift-collections/Sources/HashTreeCollections/HashNode/_HashNode+Structural\ filter.swift (in target 'HashTreeCollections' from project 'swift-collections')
    cd /Users/aadityasingh/Documents/Development/element-x-ios/Chatlio.xcodeproj
    

SwiftCompile normal x86_64 /Users/aadityasingh/Library/Developer/Xcode/DerivedData/Chatlio-erkyzdeecsohoaggpwbjdvavzqfv/SourcePackages/checkouts/swift-collections/Sources/HashTreeCollections/HashNode/_HashNode+Structural\ intersection.swift (in target 'HashTreeCollections' from project 'swift-collections')
    cd /Users/aadityasingh/Documents/Development/element-x-ios/Chatlio.xcodeproj
    

SwiftCompile normal x86_64 /Users/aadityasingh/Library/Developer/Xcode/DerivedData/Chatlio-erkyzdeecsohoaggpwbjdvavzqfv/SourcePackages/checkouts/swift-collections/Sources/HashTreeCollections/HashNode/_HashNode+Structural\ isDisjoint.swift (in target 'HashTreeCollections' from project 'swift-collections')
    cd /Users/aadityasingh/Documents/Development/element-x-ios/Chatlio.xcodeproj
    

SwiftCompile normal x86_64 /Users/aadityasingh/Library/Developer/Xcode/DerivedData/Chatlio-erkyzdeecsohoaggpwbjdvavzqfv/SourcePackages/checkouts/swift-collections/Sources/HashTreeCollections/HashNode/_HashNode+Structural\ isEqualSet.swift (in target 'HashTreeCollections' from project 'swift-collections')
    cd /Users/aadityasingh/Documents/Development/element-x-ios/Chatlio.xcodeproj
    

SwiftCompile normal x86_64 /Users/aadityasingh/Library/Developer/Xcode/DerivedData/Chatlio-erkyzdeecsohoaggpwbjdvavzqfv/SourcePackages/checkouts/swift-collections/Sources/HashTreeCollections/HashNode/_HashNode+Structural\ isSubset.swift (in target 'HashTreeCollections' from project 'swift-collections')
    cd /Users/aadityasingh/Documents/Development/element-x-ios/Chatlio.xcodeproj
    

SwiftCompile normal x86_64 /Users/aadityasingh/Library/Developer/Xcode/DerivedData/Chatlio-erkyzdeecsohoaggpwbjdvavzqfv/SourcePackages/checkouts/swift-collections/Sources/HashTreeCollections/HashNode/_HashNode+Structural\ mapValues.swift (in target 'HashTreeCollections' from project 'swift-collections')
    cd /Users/aadityasingh/Documents/Development/element-x-ios/Chatlio.xcodeproj
    

SwiftCompile normal x86_64 /Users/aadityasingh/Library/Developer/Xcode/DerivedData/Chatlio-erkyzdeecsohoaggpwbjdvavzqfv/SourcePackages/checkouts/swift-collections/Sources/HashTreeCollections/HashNode/_HashNode+Structural\ merge.swift (in target 'HashTreeCollections' from project 'swift-collections')
    cd /Users/aadityasingh/Documents/Development/element-x-ios/Chatlio.xcodeproj
    

SwiftDriverJobDiscovery normal x86_64 Compiling Heap+UnsafeHandle.swift (in target 'HeapModule' from project 'swift-collections')

SwiftCompile normal arm64 Compiling\ _AncestorHashSlots.swift,\ _Bitmap.swift,\ _Bucket.swift,\ _Hash.swift,\ _HashLevel.swift,\ _HashNode+Builder.swift,\ _HashNode+Debugging.swift,\ _HashNode+Initializers.swift /Users/aadityasingh/Library/Developer/Xcode/DerivedData/Chatlio-erkyzdeecsohoaggpwbjdvavzqfv/SourcePackages/checkouts/swift-collections/Sources/HashTreeCollections/HashNode/_AncestorHashSlots.swift /Users/aadityasingh/Library/Developer/Xcode/DerivedData/Chatlio-erkyzdeecsohoaggpwbjdvavzqfv/SourcePackages/checkouts/swift-collections/Sources/HashTreeCollections/HashNode/_Bitmap.swift /Users/aadityasingh/Library/Developer/Xcode/DerivedData/Chatlio-erkyzdeecsohoaggpwbjdvavzqfv/SourcePackages/checkouts/swift-collections/Sources/HashTreeCollections/HashNode/_Bucket.swift /Users/aadityasingh/Library/Developer/Xcode/DerivedData/Chatlio-erkyzdeecsohoaggpwbjdvavzqfv/SourcePackages/checkouts/swift-collections/Sources/HashTreeCollections/HashNode/_Hash.swift /Users/aadityasingh/Library/Developer/Xcode/DerivedData/Chatlio-erkyzdeecsohoaggpwbjdvavzqfv/SourcePackages/checkouts/swift-collections/Sources/HashTreeCollections/HashNode/_HashLevel.swift /Users/aadityasingh/Library/Developer/Xcode/DerivedData/Chatlio-erkyzdeecsohoaggpwbjdvavzqfv/SourcePackages/checkouts/swift-collections/Sources/HashTreeCollections/HashNode/_HashNode+Builder.swift /Users/aadityasingh/Library/Developer/Xcode/DerivedData/Chatlio-erkyzdeecsohoaggpwbjdvavzqfv/SourcePackages/checkouts/swift-collections/Sources/HashTreeCollections/HashNode/_HashNode+Debugging.swift /Users/aadityasingh/Library/Developer/Xcode/DerivedData/Chatlio-erkyzdeecsohoaggpwbjdvavzqfv/SourcePackages/checkouts/swift-collections/Sources/HashTreeCollections/HashNode/_HashNode+Initializers.swift (in target 'HashTreeCollections' from project 'swift-collections')
SwiftCompile normal arm64 /Users/aadityasingh/Library/Developer/Xcode/DerivedData/Chatlio-erkyzdeecsohoaggpwbjdvavzqfv/SourcePackages/checkouts/swift-collections/Sources/HashTreeCollections/HashNode/_AncestorHashSlots.swift (in target 'HashTreeCollections' from project 'swift-collections')
    cd /Users/aadityasingh/Documents/Development/element-x-ios/Chatlio.xcodeproj
    

SwiftCompile normal arm64 /Users/aadityasingh/Library/Developer/Xcode/DerivedData/Chatlio-erkyzdeecsohoaggpwbjdvavzqfv/SourcePackages/checkouts/swift-collections/Sources/HashTreeCollections/HashNode/_Bitmap.swift (in target 'HashTreeCollections' from project 'swift-collections')
    cd /Users/aadityasingh/Documents/Development/element-x-ios/Chatlio.xcodeproj
    

SwiftCompile normal arm64 /Users/aadityasingh/Library/Developer/Xcode/DerivedData/Chatlio-erkyzdeecsohoaggpwbjdvavzqfv/SourcePackages/checkouts/swift-collections/Sources/HashTreeCollections/HashNode/_Bucket.swift (in target 'HashTreeCollections' from project 'swift-collections')
    cd /Users/aadityasingh/Documents/Development/element-x-ios/Chatlio.xcodeproj
    

SwiftCompile normal arm64 /Users/aadityasingh/Library/Developer/Xcode/DerivedData/Chatlio-erkyzdeecsohoaggpwbjdvavzqfv/SourcePackages/checkouts/swift-collections/Sources/HashTreeCollections/HashNode/_Hash.swift (in target 'HashTreeCollections' from project 'swift-collections')
    cd /Users/aadityasingh/Documents/Development/element-x-ios/Chatlio.xcodeproj
    

SwiftCompile normal arm64 /Users/aadityasingh/Library/Developer/Xcode/DerivedData/Chatlio-erkyzdeecsohoaggpwbjdvavzqfv/SourcePackages/checkouts/swift-collections/Sources/HashTreeCollections/HashNode/_HashLevel.swift (in target 'HashTreeCollections' from project 'swift-collections')
    cd /Users/aadityasingh/Documents/Development/element-x-ios/Chatlio.xcodeproj
    

SwiftCompile normal arm64 /Users/aadityasingh/Library/Developer/Xcode/DerivedData/Chatlio-erkyzdeecsohoaggpwbjdvavzqfv/SourcePackages/checkouts/swift-collections/Sources/HashTreeCollections/HashNode/_HashNode+Builder.swift (in target 'HashTreeCollections' from project 'swift-collections')
    cd /Users/aadityasingh/Documents/Development/element-x-ios/Chatlio.xcodeproj
    

SwiftCompile normal arm64 /Users/aadityasingh/Library/Developer/Xcode/DerivedData/Chatlio-erkyzdeecsohoaggpwbjdvavzqfv/SourcePackages/checkouts/swift-collections/Sources/HashTreeCollections/HashNode/_HashNode+Debugging.swift (in target 'HashTreeCollections' from project 'swift-collections')
    cd /Users/aadityasingh/Documents/Development/element-x-ios/Chatlio.xcodeproj
    

SwiftCompile normal arm64 /Users/aadityasingh/Library/Developer/Xcode/DerivedData/Chatlio-erkyzdeecsohoaggpwbjdvavzqfv/SourcePackages/checkouts/swift-collections/Sources/HashTreeCollections/HashNode/_HashNode+Initializers.swift (in target 'HashTreeCollections' from project 'swift-collections')
    cd /Users/aadityasingh/Documents/Development/element-x-ios/Chatlio.xcodeproj
    

SwiftDriverJobDiscovery normal arm64 Compiling Heap+UnsafeHandle.swift (in target 'HeapModule' from project 'swift-collections')

SwiftDriver\ Compilation HeapModule normal x86_64 com.apple.xcode.tools.swift.compiler (in target 'HeapModule' from project 'swift-collections')
    cd /Users/aadityasingh/Documents/Development/element-x-ios/Chatlio.xcodeproj
    builtin-Swift-Compilation -- /Applications/Xcode.app/Contents/Developer/Toolchains/XcodeDefault.xctoolchain/usr/bin/swiftc -module-name HeapModule -Onone @/Users/aadityasingh/Library/Developer/Xcode/DerivedData/Chatlio-erkyzdeecsohoaggpwbjdvavzqfv/Build/Intermediates.noindex/swift-collections.build/Debug-iphonesimulator/HeapModule.build/Objects-normal/x86_64/HeapModule.SwiftFileList -DSWIFT_PACKAGE -DDEBUG -DSWIFT_MODULE_RESOURCE_BUNDLE_UNAVAILABLE -DCOLLECTIONS_RANDOMIZED_TESTING -DXcode -enable-experimental-feature AvailabilityMacro\=SwiftStdlib\ 5.0:\ macOS\ 10.14.4,\ iOS\ 12.2,\ watchOS\ 5.2,\ tvOS\ 12.2 -enable-experimental-feature AvailabilityMacro\=SwiftStdlib\ 5.1:\ macOS\ 10.15,\ iOS\ 13.0,\ watchOS\ 6.0,\ tvOS\ 13.0 -enable-experimental-feature AvailabilityMacro\=SwiftStdlib\ 5.6:\ macOS\ 12.3,\ iOS\ 15.4,\ watchOS\ 8.5,\ tvOS\ 15.4 -enable-experimental-feature AvailabilityMacro\=SwiftStdlib\ 5.8:\ macOS\ 13.3,\ iOS\ 16.4,\ watchOS\ 9.4,\ tvOS\ 16.4 -enable-experimental-feature AvailabilityMacro\=SwiftStdlib\ 5.9:\ macOS\ 14.0,\ iOS\ 17.0,\ watchOS\ 10.0,\ tvOS\ 17.0 -enable-experimental-feature AvailabilityMacro\=SwiftStdlib\ 5.10:\ macOS\ 14.4,\ iOS\ 17.4,\ watchOS\ 10.4,\ tvOS\ 17.4,\ visionOS\ 1.1 -enable-experimental-feature AvailabilityMacro\=SwiftStdlib\ 6.0:\ macOS\ 15.0,\ iOS\ 18.0,\ watchOS\ 11.0,\ tvOS\ 18.0,\ visionOS\ 2.0 -enable-experimental-feature AvailabilityMacro\=SwiftStdlib\ 6.1:\ macOS\ 15.4,\ iOS\ 18.4,\ watchOS\ 11.4,\ tvOS\ 18.4,\ visionOS\ 2.4 -enable-experimental-feature AvailabilityMacro\=SwiftStdlib\ 6.2:\ macOS\ 26.0,\ iOS\ 26.0,\ watchOS\ 26.0,\ tvOS\ 26.0,\ visionOS\ 26.0 -enable-upcoming-feature MemberImportVisibility -enable-experimental-feature BuiltinModule -enable-experimental-feature Lifetimes -enable-experimental-feature InoutLifetimeDependence -enable-experimental-feature SuppressedAssociatedTypes -plugin-path /Applications/Xcode.app/Contents/Developer/Toolchains/XcodeDefault.xctoolchain/usr/lib/swift/host/plugins/testing -enable-experimental-feature DebugDescriptionMacro -sdk /Applications/Xcode.app/Contents/Developer/Platforms/iPhoneSimulator.platform/Developer/SDKs/iPhoneSimulator26.4.sdk -target x86_64-apple-ios12.0-simulator -g -module-cache-path /Users/aadityasingh/Library/Developer/Xcode/DerivedData/ModuleCache.noindex -Xfrontend -serialize-debugging-options -profile-coverage-mapping -profile-generate -enable-testing -suppress-warnings -index-store-path /Users/aadityasingh/Library/Developer/Xcode/DerivedData/Chatlio-erkyzdeecsohoaggpwbjdvavzqfv/Index.noindex/DataStore -Xcc -D_LIBCPP_HARDENING_MODE\=_LIBCPP_HARDENING_MODE_DEBUG -swift-version 6 -I /Users/aadityasingh/Library/Developer/Xcode/DerivedData/Chatlio-erkyzdeecsohoaggpwbjdvavzqfv/Build/Products/Debug-iphonesimulator -Isystem /Applications/Xcode.app/Contents/Developer/Platforms/iPhoneSimulator.platform/Developer/usr/lib -F /Users/aadityasingh/Library/Developer/Xcode/DerivedData/Chatlio-erkyzdeecsohoaggpwbjdvavzqfv/Build/Products/Debug-iphonesimulator/PackageFrameworks -F /Users/aadityasingh/Library/Developer/Xcode/DerivedData/Chatlio-erkyzdeecsohoaggpwbjdvavzqfv/Build/Products/Debug-iphonesimulator -F /Applications/Xcode.app/Contents/Developer/Platforms/iPhoneSimulator.platform/Developer/Library/Frameworks -F /Applications/Xcode.app/Contents/Developer/Platforms/iPhoneSimulator.platform/Developer/SDKs/iPhoneSimulator26.4.sdk/Developer/Library/Frameworks -c -j12 -enable-batch-mode -incremental -Xcc -ivfsstatcache -Xcc /Users/aadityasingh/Library/Developer/Xcode/DerivedData/SDKStatCaches.noindex/iphonesimulator26.4-23E252-686eebb5dc1d8ecb277353a59184f4aa.sdkstatcache -output-file-map /Users/aadityasingh/Library/Developer/Xcode/DerivedData/Chatlio-erkyzdeecsohoaggpwbjdvavzqfv/Build/Intermediates.noindex/swift-collections.build/Debug-iphonesimulator/HeapModule.build/Objects-normal/x86_64/HeapModule-OutputFileMap.json -use-frontend-parseable-output -save-temps -no-color-diagnostics -explicit-module-build -module-cache-path /Users/aadityasingh/Library/Developer/Xcode/DerivedData/Chatlio-erkyzdeecsohoaggpwbjdvavzqfv/Build/Intermediates.noindex/SwiftExplicitPrecompiledModules -clang-scanner-module-cache-path /Users/aadityasingh/Library/Developer/Xcode/DerivedData/ModuleCache.noindex -sdk-module-cache-path /Users/aadityasingh/Library/Developer/Xcode/DerivedData/ModuleCache.noindex -serialize-diagnostics -emit-dependencies -emit-module -emit-module-path /Users/aadityasingh/Library/Developer/Xcode/DerivedData/Chatlio-erkyzdeecsohoaggpwbjdvavzqfv/Build/Intermediates.noindex/swift-collections.build/Debug-iphonesimulator/HeapModule.build/Objects-normal/x86_64/HeapModule.swiftmodule -user-module-version 1.3.0 -validate-clang-modules-once -clang-build-session-file /Users/aadityasingh/Library/Developer/Xcode/DerivedData/ModuleCache.noindex/Session.modulevalidation -package-name swift_collections -Xcc -I/Users/aadityasingh/Library/Developer/Xcode/DerivedData/Chatlio-erkyzdeecsohoaggpwbjdvavzqfv/Build/Intermediates.noindex/swift-collections.build/Debug-iphonesimulator/HeapModule.build/swift-overrides.hmap -emit-const-values -Xfrontend -const-gather-protocols-file -Xfrontend /Users/aadityasingh/Library/Developer/Xcode/DerivedData/Chatlio-erkyzdeecsohoaggpwbjdvavzqfv/Build/Intermediates.noindex/swift-collections.build/Debug-iphonesimulator/HeapModule.build/Objects-normal/x86_64/HeapModule_const_extract_protocols.json -Xcc -I/Users/aadityasingh/Library/Developer/Xcode/DerivedData/Chatlio-erkyzdeecsohoaggpwbjdvavzqfv/Build/Products/Debug-iphonesimulator/include -Xcc -I/Users/aadityasingh/Library/Developer/Xcode/DerivedData/Chatlio-erkyzdeecsohoaggpwbjdvavzqfv/Build/Intermediates.noindex/swift-collections.build/Debug-iphonesimulator/HeapModule.build/DerivedSources-normal/x86_64 -Xcc -I/Users/aadityasingh/Library/Developer/Xcode/DerivedData/Chatlio-erkyzdeecsohoaggpwbjdvavzqfv/Build/Intermediates.noindex/swift-collections.build/Debug-iphonesimulator/HeapModule.build/DerivedSources/x86_64 -Xcc -I/Users/aadityasingh/Library/Developer/Xcode/DerivedData/Chatlio-erkyzdeecsohoaggpwbjdvavzqfv/Build/Intermediates.noindex/swift-collections.build/Debug-iphonesimulator/HeapModule.build/DerivedSources -Xcc -DSWIFT_PACKAGE -Xcc -DDEBUG\=1 -emit-objc-header -emit-objc-header-path /Users/aadityasingh/Library/Developer/Xcode/DerivedData/Chatlio-erkyzdeecsohoaggpwbjdvavzqfv/Build/Intermediates.noindex/swift-collections.build/Debug-iphonesimulator/HeapModule.build/Objects-normal/x86_64/HeapModule-Swift.h -working-directory /Users/aadityasingh/Documents/Development/element-x-ios/Chatlio.xcodeproj -experimental-emit-module-separately -disable-cmo

SwiftDriver\ Compilation HeapModule normal arm64 com.apple.xcode.tools.swift.compiler (in target 'HeapModule' from project 'swift-collections')
    cd /Users/aadityasingh/Documents/Development/element-x-ios/Chatlio.xcodeproj
    builtin-Swift-Compilation -- /Applications/Xcode.app/Contents/Developer/Toolchains/XcodeDefault.xctoolchain/usr/bin/swiftc -module-name HeapModule -Onone @/Users/aadityasingh/Library/Developer/Xcode/DerivedData/Chatlio-erkyzdeecsohoaggpwbjdvavzqfv/Build/Intermediates.noindex/swift-collections.build/Debug-iphonesimulator/HeapModule.build/Objects-normal/arm64/HeapModule.SwiftFileList -DSWIFT_PACKAGE -DDEBUG -DSWIFT_MODULE_RESOURCE_BUNDLE_UNAVAILABLE -DCOLLECTIONS_RANDOMIZED_TESTING -DXcode -enable-experimental-feature AvailabilityMacro\=SwiftStdlib\ 5.0:\ macOS\ 10.14.4,\ iOS\ 12.2,\ watchOS\ 5.2,\ tvOS\ 12.2 -enable-experimental-feature AvailabilityMacro\=SwiftStdlib\ 5.1:\ macOS\ 10.15,\ iOS\ 13.0,\ watchOS\ 6.0,\ tvOS\ 13.0 -enable-experimental-feature AvailabilityMacro\=SwiftStdlib\ 5.6:\ macOS\ 12.3,\ iOS\ 15.4,\ watchOS\ 8.5,\ tvOS\ 15.4 -enable-experimental-feature AvailabilityMacro\=SwiftStdlib\ 5.8:\ macOS\ 13.3,\ iOS\ 16.4,\ watchOS\ 9.4,\ tvOS\ 16.4 -enable-experimental-feature AvailabilityMacro\=SwiftStdlib\ 5.9:\ macOS\ 14.0,\ iOS\ 17.0,\ watchOS\ 10.0,\ tvOS\ 17.0 -enable-experimental-feature AvailabilityMacro\=SwiftStdlib\ 5.10:\ macOS\ 14.4,\ iOS\ 17.4,\ watchOS\ 10.4,\ tvOS\ 17.4,\ visionOS\ 1.1 -enable-experimental-feature AvailabilityMacro\=SwiftStdlib\ 6.0:\ macOS\ 15.0,\ iOS\ 18.0,\ watchOS\ 11.0,\ tvOS\ 18.0,\ visionOS\ 2.0 -enable-experimental-feature AvailabilityMacro\=SwiftStdlib\ 6.1:\ macOS\ 15.4,\ iOS\ 18.4,\ watchOS\ 11.4,\ tvOS\ 18.4,\ visionOS\ 2.4 -enable-experimental-feature AvailabilityMacro\=SwiftStdlib\ 6.2:\ macOS\ 26.0,\ iOS\ 26.0,\ watchOS\ 26.0,\ tvOS\ 26.0,\ visionOS\ 26.0 -enable-upcoming-feature MemberImportVisibility -enable-experimental-feature BuiltinModule -enable-experimental-feature Lifetimes -enable-experimental-feature InoutLifetimeDependence -enable-experimental-feature SuppressedAssociatedTypes -plugin-path /Applications/Xcode.app/Contents/Developer/Toolchains/XcodeDefault.xctoolchain/usr/lib/swift/host/plugins/testing -enable-experimental-feature DebugDescriptionMacro -sdk /Applications/Xcode.app/Contents/Developer/Platforms/iPhoneSimulator.platform/Developer/SDKs/iPhoneSimulator26.4.sdk -target arm64-apple-ios12.0-simulator -g -module-cache-path /Users/aadityasingh/Library/Developer/Xcode/DerivedData/ModuleCache.noindex -Xfrontend -serialize-debugging-options -profile-coverage-mapping -profile-generate -enable-testing -suppress-warnings -index-store-path /Users/aadityasingh/Library/Developer/Xcode/DerivedData/Chatlio-erkyzdeecsohoaggpwbjdvavzqfv/Index.noindex/DataStore -Xcc -D_LIBCPP_HARDENING_MODE\=_LIBCPP_HARDENING_MODE_DEBUG -swift-version 6 -I /Users/aadityasingh/Library/Developer/Xcode/DerivedData/Chatlio-erkyzdeecsohoaggpwbjdvavzqfv/Build/Products/Debug-iphonesimulator -Isystem /Applications/Xcode.app/Contents/Developer/Platforms/iPhoneSimulator.platform/Developer/usr/lib -F /Users/aadityasingh/Library/Developer/Xcode/DerivedData/Chatlio-erkyzdeecsohoaggpwbjdvavzqfv/Build/Products/Debug-iphonesimulator/PackageFrameworks -F /Users/aadityasingh/Library/Developer/Xcode/DerivedData/Chatlio-erkyzdeecsohoaggpwbjdvavzqfv/Build/Products/Debug-iphonesimulator -F /Applications/Xcode.app/Contents/Developer/Platforms/iPhoneSimulator.platform/Developer/Library/Frameworks -F /Applications/Xcode.app/Contents/Developer/Platforms/iPhoneSimulator.platform/Developer/SDKs/iPhoneSimulator26.4.sdk/Developer/Library/Frameworks -c -j12 -enable-batch-mode -incremental -Xcc -ivfsstatcache -Xcc /Users/aadityasingh/Library/Developer/Xcode/DerivedData/SDKStatCaches.noindex/iphonesimulator26.4-23E252-686eebb5dc1d8ecb277353a59184f4aa.sdkstatcache -output-file-map /Users/aadityasingh/Library/Developer/Xcode/DerivedData/Chatlio-erkyzdeecsohoaggpwbjdvavzqfv/Build/Intermediates.noindex/swift-collections.build/Debug-iphonesimulator/HeapModule.build/Objects-normal/arm64/HeapModule-OutputFileMap.json -use-frontend-parseable-output -save-temps -no-color-diagnostics -explicit-module-build -module-cache-path /Users/aadityasingh/Library/Developer/Xcode/DerivedData/Chatlio-erkyzdeecsohoaggpwbjdvavzqfv/Build/Intermediates.noindex/SwiftExplicitPrecompiledModules -clang-scanner-module-cache-path /Users/aadityasingh/Library/Developer/Xcode/DerivedData/ModuleCache.noindex -sdk-module-cache-path /Users/aadityasingh/Library/Developer/Xcode/DerivedData/ModuleCache.noindex -serialize-diagnostics -emit-dependencies -emit-module -emit-module-path /Users/aadityasingh/Library/Developer/Xcode/DerivedData/Chatlio-erkyzdeecsohoaggpwbjdvavzqfv/Build/Intermediates.noindex/swift-collections.build/Debug-iphonesimulator/HeapModule.build/Objects-normal/arm64/HeapModule.swiftmodule -user-module-version 1.3.0 -validate-clang-modules-once -clang-build-session-file /Users/aadityasingh/Library/Developer/Xcode/DerivedData/ModuleCache.noindex/Session.modulevalidation -package-name swift_collections -Xcc -I/Users/aadityasingh/Library/Developer/Xcode/DerivedData/Chatlio-erkyzdeecsohoaggpwbjdvavzqfv/Build/Intermediates.noindex/swift-collections.build/Debug-iphonesimulator/HeapModule.build/swift-overrides.hmap -emit-const-values -Xfrontend -const-gather-protocols-file -Xfrontend /Users/aadityasingh/Library/Developer/Xcode/DerivedData/Chatlio-erkyzdeecsohoaggpwbjdvavzqfv/Build/Intermediates.noindex/swift-collections.build/Debug-iphonesimulator/HeapModule.build/Objects-normal/arm64/HeapModule_const_extract_protocols.json -Xcc -I/Users/aadityasingh/Library/Developer/Xcode/DerivedData/Chatlio-erkyzdeecsohoaggpwbjdvavzqfv/Build/Products/Debug-iphonesimulator/include -Xcc -I/Users/aadityasingh/Library/Developer/Xcode/DerivedData/Chatlio-erkyzdeecsohoaggpwbjdvavzqfv/Build/Intermediates.noindex/swift-collections.build/Debug-iphonesimulator/HeapModule.build/DerivedSources-normal/arm64 -Xcc -I/Users/aadityasingh/Library/Developer/Xcode/DerivedData/Chatlio-erkyzdeecsohoaggpwbjdvavzqfv/Build/Intermediates.noindex/swift-collections.build/Debug-iphonesimulator/HeapModule.build/DerivedSources/arm64 -Xcc -I/Users/aadityasingh/Library/Developer/Xcode/DerivedData/Chatlio-erkyzdeecsohoaggpwbjdvavzqfv/Build/Intermediates.noindex/swift-collections.build/Debug-iphonesimulator/HeapModule.build/DerivedSources -Xcc -DSWIFT_PACKAGE -Xcc -DDEBUG\=1 -emit-objc-header -emit-objc-header-path /Users/aadityasingh/Library/Developer/Xcode/DerivedData/Chatlio-erkyzdeecsohoaggpwbjdvavzqfv/Build/Intermediates.noindex/swift-collections.build/Debug-iphonesimulator/HeapModule.build/Objects-normal/arm64/HeapModule-Swift.h -working-directory /Users/aadityasingh/Documents/Development/element-x-ios/Chatlio.xcodeproj -experimental-emit-module-separately -disable-cmo

SwiftCompile normal x86_64 Compiling\ _HashNode.swift,\ _HashNodeHeader.swift,\ _HashSlot.swift,\ _HashStack.swift,\ _HashTreeIterator.swift,\ _HashTreeStatistics.swift,\ _RawHashNode+UnsafeHandle.swift /Users/aadityasingh/Library/Developer/Xcode/DerivedData/Chatlio-erkyzdeecsohoaggpwbjdvavzqfv/SourcePackages/checkouts/swift-collections/Sources/HashTreeCollections/HashNode/_HashNode.swift /Users/aadityasingh/Library/Developer/Xcode/DerivedData/Chatlio-erkyzdeecsohoaggpwbjdvavzqfv/SourcePackages/checkouts/swift-collections/Sources/HashTreeCollections/HashNode/_HashNodeHeader.swift /Users/aadityasingh/Library/Developer/Xcode/DerivedData/Chatlio-erkyzdeecsohoaggpwbjdvavzqfv/SourcePackages/checkouts/swift-collections/Sources/HashTreeCollections/HashNode/_HashSlot.swift /Users/aadityasingh/Library/Developer/Xcode/DerivedData/Chatlio-erkyzdeecsohoaggpwbjdvavzqfv/SourcePackages/checkouts/swift-collections/Sources/HashTreeCollections/HashNode/_HashStack.swift /Users/aadityasingh/Library/Developer/Xcode/DerivedData/Chatlio-erkyzdeecsohoaggpwbjdvavzqfv/SourcePackages/checkouts/swift-collections/Sources/HashTreeCollections/HashNode/_HashTreeIterator.swift /Users/aadityasingh/Library/Developer/Xcode/DerivedData/Chatlio-erkyzdeecsohoaggpwbjdvavzqfv/SourcePackages/checkouts/swift-collections/Sources/HashTreeCollections/HashNode/_HashTreeStatistics.swift /Users/aadityasingh/Library/Developer/Xcode/DerivedData/Chatlio-erkyzdeecsohoaggpwbjdvavzqfv/SourcePackages/checkouts/swift-collections/Sources/HashTreeCollections/HashNode/_RawHashNode+UnsafeHandle.swift (in target 'HashTreeCollections' from project 'swift-collections')

SwiftCompile normal x86_64 /Users/aadityasingh/Library/Developer/Xcode/DerivedData/Chatlio-erkyzdeecsohoaggpwbjdvavzqfv/SourcePackages/checkouts/swift-collections/Sources/HashTreeCollections/HashNode/_HashNode.swift (in target 'HashTreeCollections' from project 'swift-collections')
    cd /Users/aadityasingh/Documents/Development/element-x-ios/Chatlio.xcodeproj
    

SwiftCompile normal x86_64 /Users/aadityasingh/Library/Developer/Xcode/DerivedData/Chatlio-erkyzdeecsohoaggpwbjdvavzqfv/SourcePackages/checkouts/swift-collections/Sources/HashTreeCollections/HashNode/_HashNodeHeader.swift (in target 'HashTreeCollections' from project 'swift-collections')
    cd /Users/aadityasingh/Documents/Development/element-x-ios/Chatlio.xcodeproj
    

SwiftCompile normal x86_64 /Users/aadityasingh/Library/Developer/Xcode/DerivedData/Chatlio-erkyzdeecsohoaggpwbjdvavzqfv/SourcePackages/checkouts/swift-collections/Sources/HashTreeCollections/HashNode/_HashSlot.swift (in target 'HashTreeCollections' from project 'swift-collections')
    cd /Users/aadityasingh/Documents/Development/element-x-ios/Chatlio.xcodeproj
    

SwiftCompile normal x86_64 /Users/aadityasingh/Library/Developer/Xcode/DerivedData/Chatlio-erkyzdeecsohoaggpwbjdvavzqfv/SourcePackages/checkouts/swift-collections/Sources/HashTreeCollections/HashNode/_HashStack.swift (in target 'HashTreeCollections' from project 'swift-collections')
    cd /Users/aadityasingh/Documents/Development/element-x-ios/Chatlio.xcodeproj
    

SwiftCompile normal x86_64 /Users/aadityasingh/Library/Developer/Xcode/DerivedData/Chatlio-erkyzdeecsohoaggpwbjdvavzqfv/SourcePackages/checkouts/swift-collections/Sources/HashTreeCollections/HashNode/_HashTreeIterator.swift (in target 'HashTreeCollections' from project 'swift-collections')
    cd /Users/aadityasingh/Documents/Development/element-x-ios/Chatlio.xcodeproj
    

SwiftCompile normal x86_64 /Users/aadityasingh/Library/Developer/Xcode/DerivedData/Chatlio-erkyzdeecsohoaggpwbjdvavzqfv/SourcePackages/checkouts/swift-collections/Sources/HashTreeCollections/HashNode/_HashTreeStatistics.swift (in target 'HashTreeCollections' from project 'swift-collections')
    cd /Users/aadityasingh/Documents/Development/element-x-ios/Chatlio.xcodeproj
    

SwiftCompile normal x86_64 /Users/aadityasingh/Library/Developer/Xcode/DerivedData/Chatlio-erkyzdeecsohoaggpwbjdvavzqfv/SourcePackages/checkouts/swift-collections/Sources/HashTreeCollections/HashNode/_RawHashNode+UnsafeHandle.swift (in target 'HashTreeCollections' from project 'swift-collections')
    cd /Users/aadityasingh/Documents/Development/element-x-ios/Chatlio.xcodeproj
    

SwiftCompile normal arm64 Compiling\ TreeDictionary+Descriptions.swift,\ TreeDictionary+Equatable.swift,\ TreeDictionary+ExpressibleByDictionaryLiteral.swift,\ TreeDictionary+Filter.swift,\ TreeDictionary+Hashable.swift,\ TreeDictionary+Initializers.swift,\ TreeDictionary+Keys.swift /Users/aadityasingh/Library/Developer/Xcode/DerivedData/Chatlio-erkyzdeecsohoaggpwbjdvavzqfv/SourcePackages/checkouts/swift-collections/Sources/HashTreeCollections/TreeDictionary/TreeDictionary+Descriptions.swift /Users/aadityasingh/Library/Developer/Xcode/DerivedData/Chatlio-erkyzdeecsohoaggpwbjdvavzqfv/SourcePackages/checkouts/swift-collections/Sources/HashTreeCollections/TreeDictionary/TreeDictionary+Equatable.swift /Users/aadityasingh/Library/Developer/Xcode/DerivedData/Chatlio-erkyzdeecsohoaggpwbjdvavzqfv/SourcePackages/checkouts/swift-collections/Sources/HashTreeCollections/TreeDictionary/TreeDictionary+ExpressibleByDictionaryLiteral.swift /Users/aadityasingh/Library/Developer/Xcode/DerivedData/Chatlio-erkyzdeecsohoaggpwbjdvavzqfv/SourcePackages/checkouts/swift-collections/Sources/HashTreeCollections/TreeDictionary/TreeDictionary+Filter.swift /Users/aadityasingh/Library/Developer/Xcode/DerivedData/Chatlio-erkyzdeecsohoaggpwbjdvavzqfv/SourcePackages/checkouts/swift-collections/Sources/HashTreeCollections/TreeDictionary/TreeDictionary+Hashable.swift /Users/aadityasingh/Library/Developer/Xcode/DerivedData/Chatlio-erkyzdeecsohoaggpwbjdvavzqfv/SourcePackages/checkouts/swift-collections/Sources/HashTreeCollections/TreeDictionary/TreeDictionary+Initializers.swift /Users/aadityasingh/Library/Developer/Xcode/DerivedData/Chatlio-erkyzdeecsohoaggpwbjdvavzqfv/SourcePackages/checkouts/swift-collections/Sources/HashTreeCollections/TreeDictionary/TreeDictionary+Keys.swift (in target 'HashTreeCollections' from project 'swift-collections')

SwiftCompile normal arm64 /Users/aadityasingh/Library/Developer/Xcode/DerivedData/Chatlio-erkyzdeecsohoaggpwbjdvavzqfv/SourcePackages/checkouts/swift-collections/Sources/HashTreeCollections/TreeDictionary/TreeDictionary+Descriptions.swift (in target 'HashTreeCollections' from project 'swift-collections')
    cd /Users/aadityasingh/Documents/Development/element-x-ios/Chatlio.xcodeproj
    

SwiftCompile normal arm64 /Users/aadityasingh/Library/Developer/Xcode/DerivedData/Chatlio-erkyzdeecsohoaggpwbjdvavzqfv/SourcePackages/checkouts/swift-collections/Sources/HashTreeCollections/TreeDictionary/TreeDictionary+Equatable.swift (in target 'HashTreeCollections' from project 'swift-collections')
    cd /Users/aadityasingh/Documents/Development/element-x-ios/Chatlio.xcodeproj
    

SwiftCompile normal arm64 /Users/aadityasingh/Library/Developer/Xcode/DerivedData/Chatlio-erkyzdeecsohoaggpwbjdvavzqfv/SourcePackages/checkouts/swift-collections/Sources/HashTreeCollections/TreeDictionary/TreeDictionary+ExpressibleByDictionaryLiteral.swift (in target 'HashTreeCollections' from project 'swift-collections')
    cd /Users/aadityasingh/Documents/Development/element-x-ios/Chatlio.xcodeproj
    

SwiftCompile normal arm64 /Users/aadityasingh/Library/Developer/Xcode/DerivedData/Chatlio-erkyzdeecsohoaggpwbjdvavzqfv/SourcePackages/checkouts/swift-collections/Sources/HashTreeCollections/TreeDictionary/TreeDictionary+Filter.swift (in target 'HashTreeCollections' from project 'swift-collections')
    cd /Users/aadityasingh/Documents/Development/element-x-ios/Chatlio.xcodeproj
    

SwiftCompile normal arm64 /Users/aadityasingh/Library/Developer/Xcode/DerivedData/Chatlio-erkyzdeecsohoaggpwbjdvavzqfv/SourcePackages/checkouts/swift-collections/Sources/HashTreeCollections/TreeDictionary/TreeDictionary+Hashable.swift (in target 'HashTreeCollections' from project 'swift-collections')
    cd /Users/aadityasingh/Documents/Development/element-x-ios/Chatlio.xcodeproj
    

SwiftCompile normal arm64 /Users/aadityasingh/Library/Developer/Xcode/DerivedData/Chatlio-erkyzdeecsohoaggpwbjdvavzqfv/SourcePackages/checkouts/swift-collections/Sources/HashTreeCollections/TreeDictionary/TreeDictionary+Initializers.swift (in target 'HashTreeCollections' from project 'swift-collections')
    cd /Users/aadityasingh/Documents/Development/element-x-ios/Chatlio.xcodeproj
    

SwiftCompile normal arm64 /Users/aadityasingh/Library/Developer/Xcode/DerivedData/Chatlio-erkyzdeecsohoaggpwbjdvavzqfv/SourcePackages/checkouts/swift-collections/Sources/HashTreeCollections/TreeDictionary/TreeDictionary+Keys.swift (in target 'HashTreeCollections' from project 'swift-collections')
    cd /Users/aadityasingh/Documents/Development/element-x-ios/Chatlio.xcodeproj
    

SwiftDriverJobDiscovery normal x86_64 Compiling OrderedSet+Testing.swift, OrderedSet+UnorderedView.swift, OrderedSet+UnstableInternals.swift, OrderedSet.swift, _UnsafeBitset.swift (in target 'OrderedCollections' from project 'swift-collections')

SwiftDriverJobDiscovery normal x86_64 Compiling TreeSet+SetAlgebra isSubset.swift, TreeSet+SetAlgebra isSuperset.swift, TreeSet+SetAlgebra subtract.swift, TreeSet+SetAlgebra subtracting.swift, TreeSet+SetAlgebra symmetricDifference.swift, TreeSet+SetAlgebra union.swift, TreeSet.swift (in target 'HashTreeCollections' from project 'swift-collections')

SwiftDriver\ Compilation OrderedCollections normal x86_64 com.apple.xcode.tools.swift.compiler (in target 'OrderedCollections' from project 'swift-collections')
    cd /Users/aadityasingh/Documents/Development/element-x-ios/Chatlio.xcodeproj
    builtin-Swift-Compilation -- /Applications/Xcode.app/Contents/Developer/Toolchains/XcodeDefault.xctoolchain/usr/bin/swiftc -module-name OrderedCollections -Onone @/Users/aadityasingh/Library/Developer/Xcode/DerivedData/Chatlio-erkyzdeecsohoaggpwbjdvavzqfv/Build/Intermediates.noindex/swift-collections.build/Debug-iphonesimulator/OrderedCollections.build/Objects-normal/x86_64/OrderedCollections.SwiftFileList -DSWIFT_PACKAGE -DDEBUG -DSWIFT_MODULE_RESOURCE_BUNDLE_UNAVAILABLE -DCOLLECTIONS_RANDOMIZED_TESTING -DXcode -enable-experimental-feature AvailabilityMacro\=SwiftStdlib\ 5.0:\ macOS\ 10.14.4,\ iOS\ 12.2,\ watchOS\ 5.2,\ tvOS\ 12.2 -enable-experimental-feature AvailabilityMacro\=SwiftStdlib\ 5.1:\ macOS\ 10.15,\ iOS\ 13.0,\ watchOS\ 6.0,\ tvOS\ 13.0 -enable-experimental-feature AvailabilityMacro\=SwiftStdlib\ 5.6:\ macOS\ 12.3,\ iOS\ 15.4,\ watchOS\ 8.5,\ tvOS\ 15.4 -enable-experimental-feature AvailabilityMacro\=SwiftStdlib\ 5.8:\ macOS\ 13.3,\ iOS\ 16.4,\ watchOS\ 9.4,\ tvOS\ 16.4 -enable-experimental-feature AvailabilityMacro\=SwiftStdlib\ 5.9:\ macOS\ 14.0,\ iOS\ 17.0,\ watchOS\ 10.0,\ tvOS\ 17.0 -enable-experimental-feature AvailabilityMacro\=SwiftStdlib\ 5.10:\ macOS\ 14.4,\ iOS\ 17.4,\ watchOS\ 10.4,\ tvOS\ 17.4,\ visionOS\ 1.1 -enable-experimental-feature AvailabilityMacro\=SwiftStdlib\ 6.0:\ macOS\ 15.0,\ iOS\ 18.0,\ watchOS\ 11.0,\ tvOS\ 18.0,\ visionOS\ 2.0 -enable-experimental-feature AvailabilityMacro\=SwiftStdlib\ 6.1:\ macOS\ 15.4,\ iOS\ 18.4,\ watchOS\ 11.4,\ tvOS\ 18.4,\ visionOS\ 2.4 -enable-experimental-feature AvailabilityMacro\=SwiftStdlib\ 6.2:\ macOS\ 26.0,\ iOS\ 26.0,\ watchOS\ 26.0,\ tvOS\ 26.0,\ visionOS\ 26.0 -enable-upcoming-feature MemberImportVisibility -enable-experimental-feature BuiltinModule -enable-experimental-feature Lifetimes -enable-experimental-feature InoutLifetimeDependence -enable-experimental-feature SuppressedAssociatedTypes -plugin-path /Applications/Xcode.app/Contents/Developer/Toolchains/XcodeDefault.xctoolchain/usr/lib/swift/host/plugins/testing -enable-experimental-feature DebugDescriptionMacro -sdk /Applications/Xcode.app/Contents/Developer/Platforms/iPhoneSimulator.platform/Developer/SDKs/iPhoneSimulator26.4.sdk -target x86_64-apple-ios12.0-simulator -g -module-cache-path /Users/aadityasingh/Library/Developer/Xcode/DerivedData/ModuleCache.noindex -Xfrontend -serialize-debugging-options -profile-coverage-mapping -profile-generate -enable-testing -suppress-warnings -index-store-path /Users/aadityasingh/Library/Developer/Xcode/DerivedData/Chatlio-erkyzdeecsohoaggpwbjdvavzqfv/Index.noindex/DataStore -Xcc -D_LIBCPP_HARDENING_MODE\=_LIBCPP_HARDENING_MODE_DEBUG -swift-version 6 -I /Users/aadityasingh/Library/Developer/Xcode/DerivedData/Chatlio-erkyzdeecsohoaggpwbjdvavzqfv/Build/Products/Debug-iphonesimulator -Isystem /Applications/Xcode.app/Contents/Developer/Platforms/iPhoneSimulator.platform/Developer/usr/lib -F /Users/aadityasingh/Library/Developer/Xcode/DerivedData/Chatlio-erkyzdeecsohoaggpwbjdvavzqfv/Build/Products/Debug-iphonesimulator/PackageFrameworks -F /Users/aadityasingh/Library/Developer/Xcode/DerivedData/Chatlio-erkyzdeecsohoaggpwbjdvavzqfv/Build/Products/Debug-iphonesimulator -F /Applications/Xcode.app/Contents/Developer/Platforms/iPhoneSimulator.platform/Developer/Library/Frameworks -F /Applications/Xcode.app/Contents/Developer/Platforms/iPhoneSimulator.platform/Developer/SDKs/iPhoneSimulator26.4.sdk/Developer/Library/Frameworks -c -j12 -enable-batch-mode -incremental -Xcc -ivfsstatcache -Xcc /Users/aadityasingh/Library/Developer/Xcode/DerivedData/SDKStatCaches.noindex/iphonesimulator26.4-23E252-686eebb5dc1d8ecb277353a59184f4aa.sdkstatcache -output-file-map /Users/aadityasingh/Library/Developer/Xcode/DerivedData/Chatlio-erkyzdeecsohoaggpwbjdvavzqfv/Build/Intermediates.noindex/swift-collections.build/Debug-iphonesimulator/OrderedCollections.build/Objects-normal/x86_64/OrderedCollections-OutputFileMap.json -use-frontend-parseable-output -save-temps -no-color-diagnostics -explicit-module-build -module-cache-path /Users/aadityasingh/Library/Developer/Xcode/DerivedData/Chatlio-erkyzdeecsohoaggpwbjdvavzqfv/Build/Intermediates.noindex/SwiftExplicitPrecompiledModules -clang-scanner-module-cache-path /Users/aadityasingh/Library/Developer/Xcode/DerivedData/ModuleCache.noindex -sdk-module-cache-path /Users/aadityasingh/Library/Developer/Xcode/DerivedData/ModuleCache.noindex -serialize-diagnostics -emit-dependencies -emit-module -emit-module-path /Users/aadityasingh/Library/Developer/Xcode/DerivedData/Chatlio-erkyzdeecsohoaggpwbjdvavzqfv/Build/Intermediates.noindex/swift-collections.build/Debug-iphonesimulator/OrderedCollections.build/Objects-normal/x86_64/OrderedCollections.swiftmodule -user-module-version 1.3.0 -validate-clang-modules-once -clang-build-session-file /Users/aadityasingh/Library/Developer/Xcode/DerivedData/ModuleCache.noindex/Session.modulevalidation -package-name swift_collections -Xcc -I/Users/aadityasingh/Library/Developer/Xcode/DerivedData/Chatlio-erkyzdeecsohoaggpwbjdvavzqfv/Build/Intermediates.noindex/swift-collections.build/Debug-iphonesimulator/OrderedCollections.build/swift-overrides.hmap -emit-const-values -Xfrontend -const-gather-protocols-file -Xfrontend /Users/aadityasingh/Library/Developer/Xcode/DerivedData/Chatlio-erkyzdeecsohoaggpwbjdvavzqfv/Build/Intermediates.noindex/swift-collections.build/Debug-iphonesimulator/OrderedCollections.build/Objects-normal/x86_64/OrderedCollections_const_extract_protocols.json -Xcc -I/Users/aadityasingh/Library/Developer/Xcode/DerivedData/Chatlio-erkyzdeecsohoaggpwbjdvavzqfv/Build/Products/Debug-iphonesimulator/include -Xcc -I/Users/aadityasingh/Library/Developer/Xcode/DerivedData/Chatlio-erkyzdeecsohoaggpwbjdvavzqfv/Build/Intermediates.noindex/swift-collections.build/Debug-iphonesimulator/OrderedCollections.build/DerivedSources-normal/x86_64 -Xcc -I/Users/aadityasingh/Library/Developer/Xcode/DerivedData/Chatlio-erkyzdeecsohoaggpwbjdvavzqfv/Build/Intermediates.noindex/swift-collections.build/Debug-iphonesimulator/OrderedCollections.build/DerivedSources/x86_64 -Xcc -I/Users/aadityasingh/Library/Developer/Xcode/DerivedData/Chatlio-erkyzdeecsohoaggpwbjdvavzqfv/Build/Intermediates.noindex/swift-collections.build/Debug-iphonesimulator/OrderedCollections.build/DerivedSources -Xcc -DSWIFT_PACKAGE -Xcc -DDEBUG\=1 -emit-objc-header -emit-objc-header-path /Users/aadityasingh/Library/Developer/Xcode/DerivedData/Chatlio-erkyzdeecsohoaggpwbjdvavzqfv/Build/Intermediates.noindex/swift-collections.build/Debug-iphonesimulator/OrderedCollections.build/Objects-normal/x86_64/OrderedCollections-Swift.h -working-directory /Users/aadityasingh/Documents/Development/element-x-ios/Chatlio.xcodeproj -experimental-emit-module-separately -disable-cmo

SwiftCompile normal x86_64 Compiling\ TreeDictionary+MapValues.swift,\ TreeDictionary+Merge.swift,\ TreeDictionary+Sendable.swift,\ TreeDictionary+Sequence.swift,\ TreeDictionary+Values.swift,\ TreeDictionary.swift,\ TreeSet+Codable.swift /Users/aadityasingh/Library/Developer/Xcode/DerivedData/Chatlio-erkyzdeecsohoaggpwbjdvavzqfv/SourcePackages/checkouts/swift-collections/Sources/HashTreeCollections/TreeDictionary/TreeDictionary+MapValues.swift /Users/aadityasingh/Library/Developer/Xcode/DerivedData/Chatlio-erkyzdeecsohoaggpwbjdvavzqfv/SourcePackages/checkouts/swift-collections/Sources/HashTreeCollections/TreeDictionary/TreeDictionary+Merge.swift /Users/aadityasingh/Library/Developer/Xcode/DerivedData/Chatlio-erkyzdeecsohoaggpwbjdvavzqfv/SourcePackages/checkouts/swift-collections/Sources/HashTreeCollections/TreeDictionary/TreeDictionary+Sendable.swift /Users/aadityasingh/Library/Developer/Xcode/DerivedData/Chatlio-erkyzdeecsohoaggpwbjdvavzqfv/SourcePackages/checkouts/swift-collections/Sources/HashTreeCollections/TreeDictionary/TreeDictionary+Sequence.swift /Users/aadityasingh/Library/Developer/Xcode/DerivedData/Chatlio-erkyzdeecsohoaggpwbjdvavzqfv/SourcePackages/checkouts/swift-collections/Sources/HashTreeCollections/TreeDictionary/TreeDictionary+Values.swift /Users/aadityasingh/Library/Developer/Xcode/DerivedData/Chatlio-erkyzdeecsohoaggpwbjdvavzqfv/SourcePackages/checkouts/swift-collections/Sources/HashTreeCollections/TreeDictionary/TreeDictionary.swift /Users/aadityasingh/Library/Developer/Xcode/DerivedData/Chatlio-erkyzdeecsohoaggpwbjdvavzqfv/SourcePackages/checkouts/swift-collections/Sources/HashTreeCollections/TreeSet/TreeSet+Codable.swift (in target 'HashTreeCollections' from project 'swift-collections')

SwiftCompile normal x86_64 /Users/aadityasingh/Library/Developer/Xcode/DerivedData/Chatlio-erkyzdeecsohoaggpwbjdvavzqfv/SourcePackages/checkouts/swift-collections/Sources/HashTreeCollections/TreeDictionary/TreeDictionary+MapValues.swift (in target 'HashTreeCollections' from project 'swift-collections')
    cd /Users/aadityasingh/Documents/Development/element-x-ios/Chatlio.xcodeproj
    

SwiftCompile normal x86_64 /Users/aadityasingh/Library/Developer/Xcode/DerivedData/Chatlio-erkyzdeecsohoaggpwbjdvavzqfv/SourcePackages/checkouts/swift-collections/Sources/HashTreeCollections/TreeDictionary/TreeDictionary+Merge.swift (in target 'HashTreeCollections' from project 'swift-collections')
    cd /Users/aadityasingh/Documents/Development/element-x-ios/Chatlio.xcodeproj
    

SwiftCompile normal x86_64 /Users/aadityasingh/Library/Developer/Xcode/DerivedData/Chatlio-erkyzdeecsohoaggpwbjdvavzqfv/SourcePackages/checkouts/swift-collections/Sources/HashTreeCollections/TreeDictionary/TreeDictionary+Sendable.swift (in target 'HashTreeCollections' from project 'swift-collections')
    cd /Users/aadityasingh/Documents/Development/element-x-ios/Chatlio.xcodeproj
    

SwiftCompile normal x86_64 /Users/aadityasingh/Library/Developer/Xcode/DerivedData/Chatlio-erkyzdeecsohoaggpwbjdvavzqfv/SourcePackages/checkouts/swift-collections/Sources/HashTreeCollections/TreeDictionary/TreeDictionary+Sequence.swift (in target 'HashTreeCollections' from project 'swift-collections')
    cd /Users/aadityasingh/Documents/Development/element-x-ios/Chatlio.xcodeproj
    

SwiftCompile normal x86_64 /Users/aadityasingh/Library/Developer/Xcode/DerivedData/Chatlio-erkyzdeecsohoaggpwbjdvavzqfv/SourcePackages/checkouts/swift-collections/Sources/HashTreeCollections/TreeDictionary/TreeDictionary+Values.swift (in target 'HashTreeCollections' from project 'swift-collections')
    cd /Users/aadityasingh/Documents/Development/element-x-ios/Chatlio.xcodeproj
    

SwiftCompile normal x86_64 /Users/aadityasingh/Library/Developer/Xcode/DerivedData/Chatlio-erkyzdeecsohoaggpwbjdvavzqfv/SourcePackages/checkouts/swift-collections/Sources/HashTreeCollections/TreeDictionary/TreeDictionary.swift (in target 'HashTreeCollections' from project 'swift-collections')
    cd /Users/aadityasingh/Documents/Development/element-x-ios/Chatlio.xcodeproj
    

SwiftCompile normal x86_64 /Users/aadityasingh/Library/Developer/Xcode/DerivedData/Chatlio-erkyzdeecsohoaggpwbjdvavzqfv/SourcePackages/checkouts/swift-collections/Sources/HashTreeCollections/TreeSet/TreeSet+Codable.swift (in target 'HashTreeCollections' from project 'swift-collections')
    cd /Users/aadityasingh/Documents/Development/element-x-ios/Chatlio.xcodeproj
    

SwiftCompile normal arm64 Compiling\ TreeSet+SetAlgebra\ isSubset.swift,\ TreeSet+SetAlgebra\ isSuperset.swift,\ TreeSet+SetAlgebra\ subtract.swift,\ TreeSet+SetAlgebra\ subtracting.swift,\ TreeSet+SetAlgebra\ symmetricDifference.swift,\ TreeSet+SetAlgebra\ union.swift,\ TreeSet.swift /Users/aadityasingh/Library/Developer/Xcode/DerivedData/Chatlio-erkyzdeecsohoaggpwbjdvavzqfv/SourcePackages/checkouts/swift-collections/Sources/HashTreeCollections/TreeSet/TreeSet+SetAlgebra\ isSubset.swift /Users/aadityasingh/Library/Developer/Xcode/DerivedData/Chatlio-erkyzdeecsohoaggpwbjdvavzqfv/SourcePackages/checkouts/swift-collections/Sources/HashTreeCollections/TreeSet/TreeSet+SetAlgebra\ isSuperset.swift /Users/aadityasingh/Library/Developer/Xcode/DerivedData/Chatlio-erkyzdeecsohoaggpwbjdvavzqfv/SourcePackages/checkouts/swift-collections/Sources/HashTreeCollections/TreeSet/TreeSet+SetAlgebra\ subtract.swift /Users/aadityasingh/Library/Developer/Xcode/DerivedData/Chatlio-erkyzdeecsohoaggpwbjdvavzqfv/SourcePackages/checkouts/swift-collections/Sources/HashTreeCollections/TreeSet/TreeSet+SetAlgebra\ subtracting.swift /Users/aadityasingh/Library/Developer/Xcode/DerivedData/Chatlio-erkyzdeecsohoaggpwbjdvavzqfv/SourcePackages/checkouts/swift-collections/Sources/HashTreeCollections/TreeSet/TreeSet+SetAlgebra\ symmetricDifference.swift /Users/aadityasingh/Library/Developer/Xcode/DerivedData/Chatlio-erkyzdeecsohoaggpwbjdvavzqfv/SourcePackages/checkouts/swift-collections/Sources/HashTreeCollections/TreeSet/TreeSet+SetAlgebra\ union.swift /Users/aadityasingh/Library/Developer/Xcode/DerivedData/Chatlio-erkyzdeecsohoaggpwbjdvavzqfv/SourcePackages/checkouts/swift-collections/Sources/HashTreeCollections/TreeSet/TreeSet.swift (in target 'HashTreeCollections' from project 'swift-collections')

SwiftCompile normal arm64 /Users/aadityasingh/Library/Developer/Xcode/DerivedData/Chatlio-erkyzdeecsohoaggpwbjdvavzqfv/SourcePackages/checkouts/swift-collections/Sources/HashTreeCollections/TreeSet/TreeSet+SetAlgebra\ isSubset.swift (in target 'HashTreeCollections' from project 'swift-collections')
    cd /Users/aadityasingh/Documents/Development/element-x-ios/Chatlio.xcodeproj
    

SwiftCompile normal arm64 /Users/aadityasingh/Library/Developer/Xcode/DerivedData/Chatlio-erkyzdeecsohoaggpwbjdvavzqfv/SourcePackages/checkouts/swift-collections/Sources/HashTreeCollections/TreeSet/TreeSet+SetAlgebra\ isSuperset.swift (in target 'HashTreeCollections' from project 'swift-collections')
    cd /Users/aadityasingh/Documents/Development/element-x-ios/Chatlio.xcodeproj
    

SwiftCompile normal arm64 /Users/aadityasingh/Library/Developer/Xcode/DerivedData/Chatlio-erkyzdeecsohoaggpwbjdvavzqfv/SourcePackages/checkouts/swift-collections/Sources/HashTreeCollections/TreeSet/TreeSet+SetAlgebra\ subtract.swift (in target 'HashTreeCollections' from project 'swift-collections')
    cd /Users/aadityasingh/Documents/Development/element-x-ios/Chatlio.xcodeproj
    

SwiftCompile normal arm64 /Users/aadityasingh/Library/Developer/Xcode/DerivedData/Chatlio-erkyzdeecsohoaggpwbjdvavzqfv/SourcePackages/checkouts/swift-collections/Sources/HashTreeCollections/TreeSet/TreeSet+SetAlgebra\ subtracting.swift (in target 'HashTreeCollections' from project 'swift-collections')
    cd /Users/aadityasingh/Documents/Development/element-x-ios/Chatlio.xcodeproj
    

SwiftCompile normal arm64 /Users/aadityasingh/Library/Developer/Xcode/DerivedData/Chatlio-erkyzdeecsohoaggpwbjdvavzqfv/SourcePackages/checkouts/swift-collections/Sources/HashTreeCollections/TreeSet/TreeSet+SetAlgebra\ symmetricDifference.swift (in target 'HashTreeCollections' from project 'swift-collections')
    cd /Users/aadityasingh/Documents/Development/element-x-ios/Chatlio.xcodeproj
    

SwiftCompile normal arm64 /Users/aadityasingh/Library/Developer/Xcode/DerivedData/Chatlio-erkyzdeecsohoaggpwbjdvavzqfv/SourcePackages/checkouts/swift-collections/Sources/HashTreeCollections/TreeSet/TreeSet+SetAlgebra\ union.swift (in target 'HashTreeCollections' from project 'swift-collections')
    cd /Users/aadityasingh/Documents/Development/element-x-ios/Chatlio.xcodeproj
    

SwiftCompile normal arm64 /Users/aadityasingh/Library/Developer/Xcode/DerivedData/Chatlio-erkyzdeecsohoaggpwbjdvavzqfv/SourcePackages/checkouts/swift-collections/Sources/HashTreeCollections/TreeSet/TreeSet.swift (in target 'HashTreeCollections' from project 'swift-collections')
    cd /Users/aadityasingh/Documents/Development/element-x-ios/Chatlio.xcodeproj
    

SwiftDriverJobDiscovery normal arm64 Compiling TreeSet+SetAlgebra formSymmetricDifference.swift, TreeSet+SetAlgebra formUnion.swift, TreeSet+SetAlgebra intersection.swift, TreeSet+SetAlgebra isDisjoint.swift, TreeSet+SetAlgebra isEqualSet.swift, TreeSet+SetAlgebra isStrictSubset.swift, TreeSet+SetAlgebra isStrictSuperset.swift (in target 'HashTreeCollections' from project 'swift-collections')

SwiftCompile normal arm64 Compiling\ _HashNode+Invariants.swift,\ _HashNode+Lookups.swift,\ _HashNode+Primitive\ Insertions.swift,\ _HashNode+Primitive\ Removals.swift,\ _HashNode+Primitive\ Replacement.swift,\ _HashNode+Storage.swift,\ _HashNode+Structural\ compactMapValues.swift /Users/aadityasingh/Library/Developer/Xcode/DerivedData/Chatlio-erkyzdeecsohoaggpwbjdvavzqfv/SourcePackages/checkouts/swift-collections/Sources/HashTreeCollections/HashNode/_HashNode+Invariants.swift /Users/aadityasingh/Library/Developer/Xcode/DerivedData/Chatlio-erkyzdeecsohoaggpwbjdvavzqfv/SourcePackages/checkouts/swift-collections/Sources/HashTreeCollections/HashNode/_HashNode+Lookups.swift /Users/aadityasingh/Library/Developer/Xcode/DerivedData/Chatlio-erkyzdeecsohoaggpwbjdvavzqfv/SourcePackages/checkouts/swift-collections/Sources/HashTreeCollections/HashNode/_HashNode+Primitive\ Insertions.swift /Users/aadityasingh/Library/Developer/Xcode/DerivedData/Chatlio-erkyzdeecsohoaggpwbjdvavzqfv/SourcePackages/checkouts/swift-collections/Sources/HashTreeCollections/HashNode/_HashNode+Primitive\ Removals.swift /Users/aadityasingh/Library/Developer/Xcode/DerivedData/Chatlio-erkyzdeecsohoaggpwbjdvavzqfv/SourcePackages/checkouts/swift-collections/Sources/HashTreeCollections/HashNode/_HashNode+Primitive\ Replacement.swift /Users/aadityasingh/Library/Developer/Xcode/DerivedData/Chatlio-erkyzdeecsohoaggpwbjdvavzqfv/SourcePackages/checkouts/swift-collections/Sources/HashTreeCollections/HashNode/_HashNode+Storage.swift /Users/aadityasingh/Library/Developer/Xcode/DerivedData/Chatlio-erkyzdeecsohoaggpwbjdvavzqfv/SourcePackages/checkouts/swift-collections/Sources/HashTreeCollections/HashNode/_HashNode+Structural\ compactMapValues.swift (in target 'HashTreeCollections' from project 'swift-collections')

SwiftCompile normal arm64 /Users/aadityasingh/Library/Developer/Xcode/DerivedData/Chatlio-erkyzdeecsohoaggpwbjdvavzqfv/SourcePackages/checkouts/swift-collections/Sources/HashTreeCollections/HashNode/_HashNode+Invariants.swift (in target 'HashTreeCollections' from project 'swift-collections')
    cd /Users/aadityasingh/Documents/Development/element-x-ios/Chatlio.xcodeproj
    

SwiftCompile normal arm64 /Users/aadityasingh/Library/Developer/Xcode/DerivedData/Chatlio-erkyzdeecsohoaggpwbjdvavzqfv/SourcePackages/checkouts/swift-collections/Sources/HashTreeCollections/HashNode/_HashNode+Lookups.swift (in target 'HashTreeCollections' from project 'swift-collections')
    cd /Users/aadityasingh/Documents/Development/element-x-ios/Chatlio.xcodeproj
    

SwiftCompile normal arm64 /Users/aadityasingh/Library/Developer/Xcode/DerivedData/Chatlio-erkyzdeecsohoaggpwbjdvavzqfv/SourcePackages/checkouts/swift-collections/Sources/HashTreeCollections/HashNode/_HashNode+Primitive\ Insertions.swift (in target 'HashTreeCollections' from project 'swift-collections')
    cd /Users/aadityasingh/Documents/Development/element-x-ios/Chatlio.xcodeproj
    

SwiftCompile normal arm64 /Users/aadityasingh/Library/Developer/Xcode/DerivedData/Chatlio-erkyzdeecsohoaggpwbjdvavzqfv/SourcePackages/checkouts/swift-collections/Sources/HashTreeCollections/HashNode/_HashNode+Primitive\ Removals.swift (in target 'HashTreeCollections' from project 'swift-collections')
    cd /Users/aadityasingh/Documents/Development/element-x-ios/Chatlio.xcodeproj
    

SwiftCompile normal arm64 /Users/aadityasingh/Library/Developer/Xcode/DerivedData/Chatlio-erkyzdeecsohoaggpwbjdvavzqfv/SourcePackages/checkouts/swift-collections/Sources/HashTreeCollections/HashNode/_HashNode+Primitive\ Replacement.swift (in target 'HashTreeCollections' from project 'swift-collections')
    cd /Users/aadityasingh/Documents/Development/element-x-ios/Chatlio.xcodeproj
    

SwiftCompile normal arm64 /Users/aadityasingh/Library/Developer/Xcode/DerivedData/Chatlio-erkyzdeecsohoaggpwbjdvavzqfv/SourcePackages/checkouts/swift-collections/Sources/HashTreeCollections/HashNode/_HashNode+Storage.swift (in target 'HashTreeCollections' from project 'swift-collections')
    cd /Users/aadityasingh/Documents/Development/element-x-ios/Chatlio.xcodeproj
    

SwiftCompile normal arm64 /Users/aadityasingh/Library/Developer/Xcode/DerivedData/Chatlio-erkyzdeecsohoaggpwbjdvavzqfv/SourcePackages/checkouts/swift-collections/Sources/HashTreeCollections/HashNode/_HashNode+Structural\ compactMapValues.swift (in target 'HashTreeCollections' from project 'swift-collections')
    cd /Users/aadityasingh/Documents/Development/element-x-ios/Chatlio.xcodeproj
    

SwiftDriverJobDiscovery normal x86_64 Compiling TreeDictionary+Descriptions.swift, TreeDictionary+Equatable.swift, TreeDictionary+ExpressibleByDictionaryLiteral.swift, TreeDictionary+Filter.swift, TreeDictionary+Hashable.swift, TreeDictionary+Initializers.swift, TreeDictionary+Keys.swift (in target 'HashTreeCollections' from project 'swift-collections')

SwiftCompile normal x86_64 Compiling\ _HashNode+Invariants.swift,\ _HashNode+Lookups.swift,\ _HashNode+Primitive\ Insertions.swift,\ _HashNode+Primitive\ Removals.swift,\ _HashNode+Primitive\ Replacement.swift,\ _HashNode+Storage.swift,\ _HashNode+Structural\ compactMapValues.swift /Users/aadityasingh/Library/Developer/Xcode/DerivedData/Chatlio-erkyzdeecsohoaggpwbjdvavzqfv/SourcePackages/checkouts/swift-collections/Sources/HashTreeCollections/HashNode/_HashNode+Invariants.swift /Users/aadityasingh/Library/Developer/Xcode/DerivedData/Chatlio-erkyzdeecsohoaggpwbjdvavzqfv/SourcePackages/checkouts/swift-collections/Sources/HashTreeCollections/HashNode/_HashNode+Lookups.swift /Users/aadityasingh/Library/Developer/Xcode/DerivedData/Chatlio-erkyzdeecsohoaggpwbjdvavzqfv/SourcePackages/checkouts/swift-collections/Sources/HashTreeCollections/HashNode/_HashNode+Primitive\ Insertions.swift /Users/aadityasingh/Library/Developer/Xcode/DerivedData/Chatlio-erkyzdeecsohoaggpwbjdvavzqfv/SourcePackages/checkouts/swift-collections/Sources/HashTreeCollections/HashNode/_HashNode+Primitive\ Removals.swift /Users/aadityasingh/Library/Developer/Xcode/DerivedData/Chatlio-erkyzdeecsohoaggpwbjdvavzqfv/SourcePackages/checkouts/swift-collections/Sources/HashTreeCollections/HashNode/_HashNode+Primitive\ Replacement.swift /Users/aadityasingh/Library/Developer/Xcode/DerivedData/Chatlio-erkyzdeecsohoaggpwbjdvavzqfv/SourcePackages/checkouts/swift-collections/Sources/HashTreeCollections/HashNode/_HashNode+Storage.swift /Users/aadityasingh/Library/Developer/Xcode/DerivedData/Chatlio-erkyzdeecsohoaggpwbjdvavzqfv/SourcePackages/checkouts/swift-collections/Sources/HashTreeCollections/HashNode/_HashNode+Structural\ compactMapValues.swift (in target 'HashTreeCollections' from project 'swift-collections')

SwiftCompile normal x86_64 /Users/aadityasingh/Library/Developer/Xcode/DerivedData/Chatlio-erkyzdeecsohoaggpwbjdvavzqfv/SourcePackages/checkouts/swift-collections/Sources/HashTreeCollections/HashNode/_HashNode+Invariants.swift (in target 'HashTreeCollections' from project 'swift-collections')
    cd /Users/aadityasingh/Documents/Development/element-x-ios/Chatlio.xcodeproj
    

SwiftCompile normal x86_64 /Users/aadityasingh/Library/Developer/Xcode/DerivedData/Chatlio-erkyzdeecsohoaggpwbjdvavzqfv/SourcePackages/checkouts/swift-collections/Sources/HashTreeCollections/HashNode/_HashNode+Lookups.swift (in target 'HashTreeCollections' from project 'swift-collections')
    cd /Users/aadityasingh/Documents/Development/element-x-ios/Chatlio.xcodeproj
    

SwiftCompile normal x86_64 /Users/aadityasingh/Library/Developer/Xcode/DerivedData/Chatlio-erkyzdeecsohoaggpwbjdvavzqfv/SourcePackages/checkouts/swift-collections/Sources/HashTreeCollections/HashNode/_HashNode+Primitive\ Insertions.swift (in target 'HashTreeCollections' from project 'swift-collections')
    cd /Users/aadityasingh/Documents/Development/element-x-ios/Chatlio.xcodeproj
    

SwiftCompile normal x86_64 /Users/aadityasingh/Library/Developer/Xcode/DerivedData/Chatlio-erkyzdeecsohoaggpwbjdvavzqfv/SourcePackages/checkouts/swift-collections/Sources/HashTreeCollections/HashNode/_HashNode+Primitive\ Removals.swift (in target 'HashTreeCollections' from project 'swift-collections')
    cd /Users/aadityasingh/Documents/Development/element-x-ios/Chatlio.xcodeproj
    

SwiftCompile normal x86_64 /Users/aadityasingh/Library/Developer/Xcode/DerivedData/Chatlio-erkyzdeecsohoaggpwbjdvavzqfv/SourcePackages/checkouts/swift-collections/Sources/HashTreeCollections/HashNode/_HashNode+Primitive\ Replacement.swift (in target 'HashTreeCollections' from project 'swift-collections')
    cd /Users/aadityasingh/Documents/Development/element-x-ios/Chatlio.xcodeproj
    

SwiftCompile normal x86_64 /Users/aadityasingh/Library/Developer/Xcode/DerivedData/Chatlio-erkyzdeecsohoaggpwbjdvavzqfv/SourcePackages/checkouts/swift-collections/Sources/HashTreeCollections/HashNode/_HashNode+Storage.swift (in target 'HashTreeCollections' from project 'swift-collections')
    cd /Users/aadityasingh/Documents/Development/element-x-ios/Chatlio.xcodeproj
    

SwiftCompile normal x86_64 /Users/aadityasingh/Library/Developer/Xcode/DerivedData/Chatlio-erkyzdeecsohoaggpwbjdvavzqfv/SourcePackages/checkouts/swift-collections/Sources/HashTreeCollections/HashNode/_HashNode+Structural\ compactMapValues.swift (in target 'HashTreeCollections' from project 'swift-collections')
    cd /Users/aadityasingh/Documents/Development/element-x-ios/Chatlio.xcodeproj
    

SwiftDriverJobDiscovery normal x86_64 Compiling TreeSet+Collection.swift, TreeSet+CustomReflectable.swift, TreeSet+Debugging.swift, TreeSet+Descriptions.swift, TreeSet+Equatable.swift, TreeSet+ExpressibleByArrayLiteral.swift, TreeSet+Extras.swift (in target 'HashTreeCollections' from project 'swift-collections')

SwiftCompile normal x86_64 Compiling\ TreeSet+SetAlgebra\ formSymmetricDifference.swift,\ TreeSet+SetAlgebra\ formUnion.swift,\ TreeSet+SetAlgebra\ intersection.swift,\ TreeSet+SetAlgebra\ isDisjoint.swift,\ TreeSet+SetAlgebra\ isEqualSet.swift,\ TreeSet+SetAlgebra\ isStrictSubset.swift,\ TreeSet+SetAlgebra\ isStrictSuperset.swift /Users/aadityasingh/Library/Developer/Xcode/DerivedData/Chatlio-erkyzdeecsohoaggpwbjdvavzqfv/SourcePackages/checkouts/swift-collections/Sources/HashTreeCollections/TreeSet/TreeSet+SetAlgebra\ formSymmetricDifference.swift /Users/aadityasingh/Library/Developer/Xcode/DerivedData/Chatlio-erkyzdeecsohoaggpwbjdvavzqfv/SourcePackages/checkouts/swift-collections/Sources/HashTreeCollections/TreeSet/TreeSet+SetAlgebra\ formUnion.swift /Users/aadityasingh/Library/Developer/Xcode/DerivedData/Chatlio-erkyzdeecsohoaggpwbjdvavzqfv/SourcePackages/checkouts/swift-collections/Sources/HashTreeCollections/TreeSet/TreeSet+SetAlgebra\ intersection.swift /Users/aadityasingh/Library/Developer/Xcode/DerivedData/Chatlio-erkyzdeecsohoaggpwbjdvavzqfv/SourcePackages/checkouts/swift-collections/Sources/HashTreeCollections/TreeSet/TreeSet+SetAlgebra\ isDisjoint.swift /Users/aadityasingh/Library/Developer/Xcode/DerivedData/Chatlio-erkyzdeecsohoaggpwbjdvavzqfv/SourcePackages/checkouts/swift-collections/Sources/HashTreeCollections/TreeSet/TreeSet+SetAlgebra\ isEqualSet.swift /Users/aadityasingh/Library/Developer/Xcode/DerivedData/Chatlio-erkyzdeecsohoaggpwbjdvavzqfv/SourcePackages/checkouts/swift-collections/Sources/HashTreeCollections/TreeSet/TreeSet+SetAlgebra\ isStrictSubset.swift /Users/aadityasingh/Library/Developer/Xcode/DerivedData/Chatlio-erkyzdeecsohoaggpwbjdvavzqfv/SourcePackages/checkouts/swift-collections/Sources/HashTreeCollections/TreeSet/TreeSet+SetAlgebra\ isStrictSuperset.swift (in target 'HashTreeCollections' from project 'swift-collections')

SwiftCompile normal x86_64 /Users/aadityasingh/Library/Developer/Xcode/DerivedData/Chatlio-erkyzdeecsohoaggpwbjdvavzqfv/SourcePackages/checkouts/swift-collections/Sources/HashTreeCollections/TreeSet/TreeSet+SetAlgebra\ formSymmetricDifference.swift (in target 'HashTreeCollections' from project 'swift-collections')
    cd /Users/aadityasingh/Documents/Development/element-x-ios/Chatlio.xcodeproj
    

SwiftCompile normal x86_64 /Users/aadityasingh/Library/Developer/Xcode/DerivedData/Chatlio-erkyzdeecsohoaggpwbjdvavzqfv/SourcePackages/checkouts/swift-collections/Sources/HashTreeCollections/TreeSet/TreeSet+SetAlgebra\ formUnion.swift (in target 'HashTreeCollections' from project 'swift-collections')
    cd /Users/aadityasingh/Documents/Development/element-x-ios/Chatlio.xcodeproj
    

SwiftCompile normal x86_64 /Users/aadityasingh/Library/Developer/Xcode/DerivedData/Chatlio-erkyzdeecsohoaggpwbjdvavzqfv/SourcePackages/checkouts/swift-collections/Sources/HashTreeCollections/TreeSet/TreeSet+SetAlgebra\ intersection.swift (in target 'HashTreeCollections' from project 'swift-collections')
    cd /Users/aadityasingh/Documents/Development/element-x-ios/Chatlio.xcodeproj
    

SwiftCompile normal x86_64 /Users/aadityasingh/Library/Developer/Xcode/DerivedData/Chatlio-erkyzdeecsohoaggpwbjdvavzqfv/SourcePackages/checkouts/swift-collections/Sources/HashTreeCollections/TreeSet/TreeSet+SetAlgebra\ isDisjoint.swift (in target 'HashTreeCollections' from project 'swift-collections')
    cd /Users/aadityasingh/Documents/Development/element-x-ios/Chatlio.xcodeproj
    

SwiftCompile normal x86_64 /Users/aadityasingh/Library/Developer/Xcode/DerivedData/Chatlio-erkyzdeecsohoaggpwbjdvavzqfv/SourcePackages/checkouts/swift-collections/Sources/HashTreeCollections/TreeSet/TreeSet+SetAlgebra\ isEqualSet.swift (in target 'HashTreeCollections' from project 'swift-collections')
    cd /Users/aadityasingh/Documents/Development/element-x-ios/Chatlio.xcodeproj
    

SwiftCompile normal x86_64 /Users/aadityasingh/Library/Developer/Xcode/DerivedData/Chatlio-erkyzdeecsohoaggpwbjdvavzqfv/SourcePackages/checkouts/swift-collections/Sources/HashTreeCollections/TreeSet/TreeSet+SetAlgebra\ isStrictSubset.swift (in target 'HashTreeCollections' from project 'swift-collections')
    cd /Users/aadityasingh/Documents/Development/element-x-ios/Chatlio.xcodeproj
    

SwiftCompile normal x86_64 /Users/aadityasingh/Library/Developer/Xcode/DerivedData/Chatlio-erkyzdeecsohoaggpwbjdvavzqfv/SourcePackages/checkouts/swift-collections/Sources/HashTreeCollections/TreeSet/TreeSet+SetAlgebra\ isStrictSuperset.swift (in target 'HashTreeCollections' from project 'swift-collections')
    cd /Users/aadityasingh/Documents/Development/element-x-ios/Chatlio.xcodeproj
    

SwiftDriverJobDiscovery normal x86_64 Compiling TreeSet+Filter.swift, TreeSet+Hashable.swift, TreeSet+Sendable.swift, TreeSet+Sequence.swift, TreeSet+SetAlgebra Initializers.swift, TreeSet+SetAlgebra basics.swift, TreeSet+SetAlgebra formIntersection.swift (in target 'HashTreeCollections' from project 'swift-collections')

SwiftCompile normal arm64 Compiling\ _HashNode+Structural\ filter.swift,\ _HashNode+Structural\ intersection.swift,\ _HashNode+Structural\ isDisjoint.swift,\ _HashNode+Structural\ isEqualSet.swift,\ _HashNode+Structural\ isSubset.swift,\ _HashNode+Structural\ mapValues.swift,\ _HashNode+Structural\ merge.swift /Users/aadityasingh/Library/Developer/Xcode/DerivedData/Chatlio-erkyzdeecsohoaggpwbjdvavzqfv/SourcePackages/checkouts/swift-collections/Sources/HashTreeCollections/HashNode/_HashNode+Structural\ filter.swift /Users/aadityasingh/Library/Developer/Xcode/DerivedData/Chatlio-erkyzdeecsohoaggpwbjdvavzqfv/SourcePackages/checkouts/swift-collections/Sources/HashTreeCollections/HashNode/_HashNode+Structural\ intersection.swift /Users/aadityasingh/Library/Developer/Xcode/DerivedData/Chatlio-erkyzdeecsohoaggpwbjdvavzqfv/SourcePackages/checkouts/swift-collections/Sources/HashTreeCollections/HashNode/_HashNode+Structural\ isDisjoint.swift /Users/aadityasingh/Library/Developer/Xcode/DerivedData/Chatlio-erkyzdeecsohoaggpwbjdvavzqfv/SourcePackages/checkouts/swift-collections/Sources/HashTreeCollections/HashNode/_HashNode+Structural\ isEqualSet.swift /Users/aadityasingh/Library/Developer/Xcode/DerivedData/Chatlio-erkyzdeecsohoaggpwbjdvavzqfv/SourcePackages/checkouts/swift-collections/Sources/HashTreeCollections/HashNode/_HashNode+Structural\ isSubset.swift /Users/aadityasingh/Library/Developer/Xcode/DerivedData/Chatlio-erkyzdeecsohoaggpwbjdvavzqfv/SourcePackages/checkouts/swift-collections/Sources/HashTreeCollections/HashNode/_HashNode+Structural\ mapValues.swift /Users/aadityasingh/Library/Developer/Xcode/DerivedData/Chatlio-erkyzdeecsohoaggpwbjdvavzqfv/SourcePackages/checkouts/swift-collections/Sources/HashTreeCollections/HashNode/_HashNode+Structural\ merge.swift (in target 'HashTreeCollections' from project 'swift-collections')
SwiftCompile normal arm64 /Users/aadityasingh/Library/Developer/Xcode/DerivedData/Chatlio-erkyzdeecsohoaggpwbjdvavzqfv/SourcePackages/checkouts/swift-collections/Sources/HashTreeCollections/HashNode/_HashNode+Structural\ filter.swift (in target 'HashTreeCollections' from project 'swift-collections')
    cd /Users/aadityasingh/Documents/Development/element-x-ios/Chatlio.xcodeproj
    

SwiftCompile normal arm64 /Users/aadityasingh/Library/Developer/Xcode/DerivedData/Chatlio-erkyzdeecsohoaggpwbjdvavzqfv/SourcePackages/checkouts/swift-collections/Sources/HashTreeCollections/HashNode/_HashNode+Structural\ intersection.swift (in target 'HashTreeCollections' from project 'swift-collections')
    cd /Users/aadityasingh/Documents/Development/element-x-ios/Chatlio.xcodeproj
    

SwiftCompile normal arm64 /Users/aadityasingh/Library/Developer/Xcode/DerivedData/Chatlio-erkyzdeecsohoaggpwbjdvavzqfv/SourcePackages/checkouts/swift-collections/Sources/HashTreeCollections/HashNode/_HashNode+Structural\ isDisjoint.swift (in target 'HashTreeCollections' from project 'swift-collections')
    cd /Users/aadityasingh/Documents/Development/element-x-ios/Chatlio.xcodeproj
    

SwiftCompile normal arm64 /Users/aadityasingh/Library/Developer/Xcode/DerivedData/Chatlio-erkyzdeecsohoaggpwbjdvavzqfv/SourcePackages/checkouts/swift-collections/Sources/HashTreeCollections/HashNode/_HashNode+Structural\ isEqualSet.swift (in target 'HashTreeCollections' from project 'swift-collections')
    cd /Users/aadityasingh/Documents/Development/element-x-ios/Chatlio.xcodeproj
    

SwiftCompile normal arm64 /Users/aadityasingh/Library/Developer/Xcode/DerivedData/Chatlio-erkyzdeecsohoaggpwbjdvavzqfv/SourcePackages/checkouts/swift-collections/Sources/HashTreeCollections/HashNode/_HashNode+Structural\ isSubset.swift (in target 'HashTreeCollections' from project 'swift-collections')
    cd /Users/aadityasingh/Documents/Development/element-x-ios/Chatlio.xcodeproj
    

SwiftCompile normal arm64 /Users/aadityasingh/Library/Developer/Xcode/DerivedData/Chatlio-erkyzdeecsohoaggpwbjdvavzqfv/SourcePackages/checkouts/swift-collections/Sources/HashTreeCollections/HashNode/_HashNode+Structural\ mapValues.swift (in target 'HashTreeCollections' from project 'swift-collections')
    cd /Users/aadityasingh/Documents/Development/element-x-ios/Chatlio.xcodeproj
    

SwiftCompile normal arm64 /Users/aadityasingh/Library/Developer/Xcode/DerivedData/Chatlio-erkyzdeecsohoaggpwbjdvavzqfv/SourcePackages/checkouts/swift-collections/Sources/HashTreeCollections/HashNode/_HashNode+Structural\ merge.swift (in target 'HashTreeCollections' from project 'swift-collections')
    cd /Users/aadityasingh/Documents/Development/element-x-ios/Chatlio.xcodeproj
    

SwiftDriverJobDiscovery normal arm64 Compiling TreeDictionary+MapValues.swift, TreeDictionary+Merge.swift, TreeDictionary+Sendable.swift, TreeDictionary+Sequence.swift, TreeDictionary+Values.swift, TreeDictionary.swift, TreeSet+Codable.swift (in target 'HashTreeCollections' from project 'swift-collections')

SwiftCompile normal x86_64 Compiling\ _RawHashNode.swift,\ _UnmanagedHashNode.swift,\ _UnsafePath.swift,\ TreeDictionary+Codable.swift,\ TreeDictionary+Collection.swift,\ TreeDictionary+CustomReflectable.swift,\ TreeDictionary+Debugging.swift /Users/aadityasingh/Library/Developer/Xcode/DerivedData/Chatlio-erkyzdeecsohoaggpwbjdvavzqfv/SourcePackages/checkouts/swift-collections/Sources/HashTreeCollections/HashNode/_RawHashNode.swift /Users/aadityasingh/Library/Developer/Xcode/DerivedData/Chatlio-erkyzdeecsohoaggpwbjdvavzqfv/SourcePackages/checkouts/swift-collections/Sources/HashTreeCollections/HashNode/_UnmanagedHashNode.swift /Users/aadityasingh/Library/Developer/Xcode/DerivedData/Chatlio-erkyzdeecsohoaggpwbjdvavzqfv/SourcePackages/checkouts/swift-collections/Sources/HashTreeCollections/HashNode/_UnsafePath.swift /Users/aadityasingh/Library/Developer/Xcode/DerivedData/Chatlio-erkyzdeecsohoaggpwbjdvavzqfv/SourcePackages/checkouts/swift-collections/Sources/HashTreeCollections/TreeDictionary/TreeDictionary+Codable.swift /Users/aadityasingh/Library/Developer/Xcode/DerivedData/Chatlio-erkyzdeecsohoaggpwbjdvavzqfv/SourcePackages/checkouts/swift-collections/Sources/HashTreeCollections/TreeDictionary/TreeDictionary+Collection.swift /Users/aadityasingh/Library/Developer/Xcode/DerivedData/Chatlio-erkyzdeecsohoaggpwbjdvavzqfv/SourcePackages/checkouts/swift-collections/Sources/HashTreeCollections/TreeDictionary/TreeDictionary+CustomReflectable.swift /Users/aadityasingh/Library/Developer/Xcode/DerivedData/Chatlio-erkyzdeecsohoaggpwbjdvavzqfv/SourcePackages/checkouts/swift-collections/Sources/HashTreeCollections/TreeDictionary/TreeDictionary+Debugging.swift (in target 'HashTreeCollections' from project 'swift-collections')
SwiftCompile normal x86_64 /Users/aadityasingh/Library/Developer/Xcode/DerivedData/Chatlio-erkyzdeecsohoaggpwbjdvavzqfv/SourcePackages/checkouts/swift-collections/Sources/HashTreeCollections/HashNode/_RawHashNode.swift (in target 'HashTreeCollections' from project 'swift-collections')
    cd /Users/aadityasingh/Documents/Development/element-x-ios/Chatlio.xcodeproj
    

SwiftCompile normal x86_64 /Users/aadityasingh/Library/Developer/Xcode/DerivedData/Chatlio-erkyzdeecsohoaggpwbjdvavzqfv/SourcePackages/checkouts/swift-collections/Sources/HashTreeCollections/HashNode/_UnmanagedHashNode.swift (in target 'HashTreeCollections' from project 'swift-collections')
    cd /Users/aadityasingh/Documents/Development/element-x-ios/Chatlio.xcodeproj
    

SwiftCompile normal x86_64 /Users/aadityasingh/Library/Developer/Xcode/DerivedData/Chatlio-erkyzdeecsohoaggpwbjdvavzqfv/SourcePackages/checkouts/swift-collections/Sources/HashTreeCollections/HashNode/_UnsafePath.swift (in target 'HashTreeCollections' from project 'swift-collections')
    cd /Users/aadityasingh/Documents/Development/element-x-ios/Chatlio.xcodeproj
    

SwiftCompile normal x86_64 /Users/aadityasingh/Library/Developer/Xcode/DerivedData/Chatlio-erkyzdeecsohoaggpwbjdvavzqfv/SourcePackages/checkouts/swift-collections/Sources/HashTreeCollections/TreeDictionary/TreeDictionary+Codable.swift (in target 'HashTreeCollections' from project 'swift-collections')
    cd /Users/aadityasingh/Documents/Development/element-x-ios/Chatlio.xcodeproj
    

SwiftCompile normal x86_64 /Users/aadityasingh/Library/Developer/Xcode/DerivedData/Chatlio-erkyzdeecsohoaggpwbjdvavzqfv/SourcePackages/checkouts/swift-collections/Sources/HashTreeCollections/TreeDictionary/TreeDictionary+Collection.swift (in target 'HashTreeCollections' from project 'swift-collections')
    cd /Users/aadityasingh/Documents/Development/element-x-ios/Chatlio.xcodeproj
    

SwiftCompile normal x86_64 /Users/aadityasingh/Library/Developer/Xcode/DerivedData/Chatlio-erkyzdeecsohoaggpwbjdvavzqfv/SourcePackages/checkouts/swift-collections/Sources/HashTreeCollections/TreeDictionary/TreeDictionary+CustomReflectable.swift (in target 'HashTreeCollections' from project 'swift-collections')
    cd /Users/aadityasingh/Documents/Development/element-x-ios/Chatlio.xcodeproj
    

SwiftCompile normal x86_64 /Users/aadityasingh/Library/Developer/Xcode/DerivedData/Chatlio-erkyzdeecsohoaggpwbjdvavzqfv/SourcePackages/checkouts/swift-collections/Sources/HashTreeCollections/TreeDictionary/TreeDictionary+Debugging.swift (in target 'HashTreeCollections' from project 'swift-collections')
    cd /Users/aadityasingh/Documents/Development/element-x-ios/Chatlio.xcodeproj
    

SwiftDriverJobDiscovery normal arm64 Compiling TreeDictionary+Descriptions.swift, TreeDictionary+Equatable.swift, TreeDictionary+ExpressibleByDictionaryLiteral.swift, TreeDictionary+Filter.swift, TreeDictionary+Hashable.swift, TreeDictionary+Initializers.swift, TreeDictionary+Keys.swift (in target 'HashTreeCollections' from project 'swift-collections')

SwiftCompile normal arm64 Compiling\ TreeSet+Filter.swift,\ TreeSet+Hashable.swift,\ TreeSet+Sendable.swift,\ TreeSet+Sequence.swift,\ TreeSet+SetAlgebra\ Initializers.swift,\ TreeSet+SetAlgebra\ basics.swift,\ TreeSet+SetAlgebra\ formIntersection.swift /Users/aadityasingh/Library/Developer/Xcode/DerivedData/Chatlio-erkyzdeecsohoaggpwbjdvavzqfv/SourcePackages/checkouts/swift-collections/Sources/HashTreeCollections/TreeSet/TreeSet+Filter.swift /Users/aadityasingh/Library/Developer/Xcode/DerivedData/Chatlio-erkyzdeecsohoaggpwbjdvavzqfv/SourcePackages/checkouts/swift-collections/Sources/HashTreeCollections/TreeSet/TreeSet+Hashable.swift /Users/aadityasingh/Library/Developer/Xcode/DerivedData/Chatlio-erkyzdeecsohoaggpwbjdvavzqfv/SourcePackages/checkouts/swift-collections/Sources/HashTreeCollections/TreeSet/TreeSet+Sendable.swift /Users/aadityasingh/Library/Developer/Xcode/DerivedData/Chatlio-erkyzdeecsohoaggpwbjdvavzqfv/SourcePackages/checkouts/swift-collections/Sources/HashTreeCollections/TreeSet/TreeSet+Sequence.swift /Users/aadityasingh/Library/Developer/Xcode/DerivedData/Chatlio-erkyzdeecsohoaggpwbjdvavzqfv/SourcePackages/checkouts/swift-collections/Sources/HashTreeCollections/TreeSet/TreeSet+SetAlgebra\ Initializers.swift /Users/aadityasingh/Library/Developer/Xcode/DerivedData/Chatlio-erkyzdeecsohoaggpwbjdvavzqfv/SourcePackages/checkouts/swift-collections/Sources/HashTreeCollections/TreeSet/TreeSet+SetAlgebra\ basics.swift /Users/aadityasingh/Library/Developer/Xcode/DerivedData/Chatlio-erkyzdeecsohoaggpwbjdvavzqfv/SourcePackages/checkouts/swift-collections/Sources/HashTreeCollections/TreeSet/TreeSet+SetAlgebra\ formIntersection.swift (in target 'HashTreeCollections' from project 'swift-collections')

SwiftCompile normal arm64 /Users/aadityasingh/Library/Developer/Xcode/DerivedData/Chatlio-erkyzdeecsohoaggpwbjdvavzqfv/SourcePackages/checkouts/swift-collections/Sources/HashTreeCollections/TreeSet/TreeSet+Filter.swift (in target 'HashTreeCollections' from project 'swift-collections')
    cd /Users/aadityasingh/Documents/Development/element-x-ios/Chatlio.xcodeproj
    

SwiftCompile normal arm64 /Users/aadityasingh/Library/Developer/Xcode/DerivedData/Chatlio-erkyzdeecsohoaggpwbjdvavzqfv/SourcePackages/checkouts/swift-collections/Sources/HashTreeCollections/TreeSet/TreeSet+Hashable.swift (in target 'HashTreeCollections' from project 'swift-collections')
    cd /Users/aadityasingh/Documents/Development/element-x-ios/Chatlio.xcodeproj
    

SwiftCompile normal arm64 /Users/aadityasingh/Library/Developer/Xcode/DerivedData/Chatlio-erkyzdeecsohoaggpwbjdvavzqfv/SourcePackages/checkouts/swift-collections/Sources/HashTreeCollections/TreeSet/TreeSet+Sendable.swift (in target 'HashTreeCollections' from project 'swift-collections')
    cd /Users/aadityasingh/Documents/Development/element-x-ios/Chatlio.xcodeproj
    

SwiftCompile normal arm64 /Users/aadityasingh/Library/Developer/Xcode/DerivedData/Chatlio-erkyzdeecsohoaggpwbjdvavzqfv/SourcePackages/checkouts/swift-collections/Sources/HashTreeCollections/TreeSet/TreeSet+Sequence.swift (in target 'HashTreeCollections' from project 'swift-collections')
    cd /Users/aadityasingh/Documents/Development/element-x-ios/Chatlio.xcodeproj
    

SwiftCompile normal arm64 /Users/aadityasingh/Library/Developer/Xcode/DerivedData/Chatlio-erkyzdeecsohoaggpwbjdvavzqfv/SourcePackages/checkouts/swift-collections/Sources/HashTreeCollections/TreeSet/TreeSet+SetAlgebra\ Initializers.swift (in target 'HashTreeCollections' from project 'swift-collections')
    cd /Users/aadityasingh/Documents/Development/element-x-ios/Chatlio.xcodeproj
    

SwiftCompile normal arm64 /Users/aadityasingh/Library/Developer/Xcode/DerivedData/Chatlio-erkyzdeecsohoaggpwbjdvavzqfv/SourcePackages/checkouts/swift-collections/Sources/HashTreeCollections/TreeSet/TreeSet+SetAlgebra\ basics.swift (in target 'HashTreeCollections' from project 'swift-collections')
    cd /Users/aadityasingh/Documents/Development/element-x-ios/Chatlio.xcodeproj
    

SwiftCompile normal arm64 /Users/aadityasingh/Library/Developer/Xcode/DerivedData/Chatlio-erkyzdeecsohoaggpwbjdvavzqfv/SourcePackages/checkouts/swift-collections/Sources/HashTreeCollections/TreeSet/TreeSet+SetAlgebra\ formIntersection.swift (in target 'HashTreeCollections' from project 'swift-collections')
    cd /Users/aadityasingh/Documents/Development/element-x-ios/Chatlio.xcodeproj
    

SwiftDriverJobDiscovery normal arm64 Compiling TreeSet+SetAlgebra isSubset.swift, TreeSet+SetAlgebra isSuperset.swift, TreeSet+SetAlgebra subtract.swift, TreeSet+SetAlgebra subtracting.swift, TreeSet+SetAlgebra symmetricDifference.swift, TreeSet+SetAlgebra union.swift, TreeSet.swift (in target 'HashTreeCollections' from project 'swift-collections')

SwiftCompile normal arm64 Compiling\ TreeSet+Collection.swift,\ TreeSet+CustomReflectable.swift,\ TreeSet+Debugging.swift,\ TreeSet+Descriptions.swift,\ TreeSet+Equatable.swift,\ TreeSet+ExpressibleByArrayLiteral.swift,\ TreeSet+Extras.swift /Users/aadityasingh/Library/Developer/Xcode/DerivedData/Chatlio-erkyzdeecsohoaggpwbjdvavzqfv/SourcePackages/checkouts/swift-collections/Sources/HashTreeCollections/TreeSet/TreeSet+Collection.swift /Users/aadityasingh/Library/Developer/Xcode/DerivedData/Chatlio-erkyzdeecsohoaggpwbjdvavzqfv/SourcePackages/checkouts/swift-collections/Sources/HashTreeCollections/TreeSet/TreeSet+CustomReflectable.swift /Users/aadityasingh/Library/Developer/Xcode/DerivedData/Chatlio-erkyzdeecsohoaggpwbjdvavzqfv/SourcePackages/checkouts/swift-collections/Sources/HashTreeCollections/TreeSet/TreeSet+Debugging.swift /Users/aadityasingh/Library/Developer/Xcode/DerivedData/Chatlio-erkyzdeecsohoaggpwbjdvavzqfv/SourcePackages/checkouts/swift-collections/Sources/HashTreeCollections/TreeSet/TreeSet+Descriptions.swift /Users/aadityasingh/Library/Developer/Xcode/DerivedData/Chatlio-erkyzdeecsohoaggpwbjdvavzqfv/SourcePackages/checkouts/swift-collections/Sources/HashTreeCollections/TreeSet/TreeSet+Equatable.swift /Users/aadityasingh/Library/Developer/Xcode/DerivedData/Chatlio-erkyzdeecsohoaggpwbjdvavzqfv/SourcePackages/checkouts/swift-collections/Sources/HashTreeCollections/TreeSet/TreeSet+ExpressibleByArrayLiteral.swift /Users/aadityasingh/Library/Developer/Xcode/DerivedData/Chatlio-erkyzdeecsohoaggpwbjdvavzqfv/SourcePackages/checkouts/swift-collections/Sources/HashTreeCollections/TreeSet/TreeSet+Extras.swift (in target 'HashTreeCollections' from project 'swift-collections')

SwiftCompile normal arm64 /Users/aadityasingh/Library/Developer/Xcode/DerivedData/Chatlio-erkyzdeecsohoaggpwbjdvavzqfv/SourcePackages/checkouts/swift-collections/Sources/HashTreeCollections/TreeSet/TreeSet+Collection.swift (in target 'HashTreeCollections' from project 'swift-collections')
    cd /Users/aadityasingh/Documents/Development/element-x-ios/Chatlio.xcodeproj
    

SwiftCompile normal arm64 /Users/aadityasingh/Library/Developer/Xcode/DerivedData/Chatlio-erkyzdeecsohoaggpwbjdvavzqfv/SourcePackages/checkouts/swift-collections/Sources/HashTreeCollections/TreeSet/TreeSet+CustomReflectable.swift (in target 'HashTreeCollections' from project 'swift-collections')
    cd /Users/aadityasingh/Documents/Development/element-x-ios/Chatlio.xcodeproj
    

SwiftCompile normal arm64 /Users/aadityasingh/Library/Developer/Xcode/DerivedData/Chatlio-erkyzdeecsohoaggpwbjdvavzqfv/SourcePackages/checkouts/swift-collections/Sources/HashTreeCollections/TreeSet/TreeSet+Debugging.swift (in target 'HashTreeCollections' from project 'swift-collections')
    cd /Users/aadityasingh/Documents/Development/element-x-ios/Chatlio.xcodeproj
    

SwiftCompile normal arm64 /Users/aadityasingh/Library/Developer/Xcode/DerivedData/Chatlio-erkyzdeecsohoaggpwbjdvavzqfv/SourcePackages/checkouts/swift-collections/Sources/HashTreeCollections/TreeSet/TreeSet+Descriptions.swift (in target 'HashTreeCollections' from project 'swift-collections')
    cd /Users/aadityasingh/Documents/Development/element-x-ios/Chatlio.xcodeproj
    

SwiftCompile normal arm64 /Users/aadityasingh/Library/Developer/Xcode/DerivedData/Chatlio-erkyzdeecsohoaggpwbjdvavzqfv/SourcePackages/checkouts/swift-collections/Sources/HashTreeCollections/TreeSet/TreeSet+Equatable.swift (in target 'HashTreeCollections' from project 'swift-collections')
    cd /Users/aadityasingh/Documents/Development/element-x-ios/Chatlio.xcodeproj
    

SwiftCompile normal arm64 /Users/aadityasingh/Library/Developer/Xcode/DerivedData/Chatlio-erkyzdeecsohoaggpwbjdvavzqfv/SourcePackages/checkouts/swift-collections/Sources/HashTreeCollections/TreeSet/TreeSet+ExpressibleByArrayLiteral.swift (in target 'HashTreeCollections' from project 'swift-collections')
    cd /Users/aadityasingh/Documents/Development/element-x-ios/Chatlio.xcodeproj
    

SwiftCompile normal arm64 /Users/aadityasingh/Library/Developer/Xcode/DerivedData/Chatlio-erkyzdeecsohoaggpwbjdvavzqfv/SourcePackages/checkouts/swift-collections/Sources/HashTreeCollections/TreeSet/TreeSet+Extras.swift (in target 'HashTreeCollections' from project 'swift-collections')
    cd /Users/aadityasingh/Documents/Development/element-x-ios/Chatlio.xcodeproj
    

SwiftDriverJobDiscovery normal x86_64 Compiling TreeDictionary+MapValues.swift, TreeDictionary+Merge.swift, TreeDictionary+Sendable.swift, TreeDictionary+Sequence.swift, TreeDictionary+Values.swift, TreeDictionary.swift, TreeSet+Codable.swift (in target 'HashTreeCollections' from project 'swift-collections')

SwiftCompile normal arm64 Compiling\ _HashNode+Structural\ subtracting.swift,\ _HashNode+Structural\ symmetricDifference.swift,\ _HashNode+Structural\ union.swift,\ _HashNode+Subtree\ Insertions.swift,\ _HashNode+Subtree\ Modify.swift,\ _HashNode+Subtree\ Removals.swift,\ _HashNode+UnsafeHandle.swift /Users/aadityasingh/Library/Developer/Xcode/DerivedData/Chatlio-erkyzdeecsohoaggpwbjdvavzqfv/SourcePackages/checkouts/swift-collections/Sources/HashTreeCollections/HashNode/_HashNode+Structural\ subtracting.swift /Users/aadityasingh/Library/Developer/Xcode/DerivedData/Chatlio-erkyzdeecsohoaggpwbjdvavzqfv/SourcePackages/checkouts/swift-collections/Sources/HashTreeCollections/HashNode/_HashNode+Structural\ symmetricDifference.swift /Users/aadityasingh/Library/Developer/Xcode/DerivedData/Chatlio-erkyzdeecsohoaggpwbjdvavzqfv/SourcePackages/checkouts/swift-collections/Sources/HashTreeCollections/HashNode/_HashNode+Structural\ union.swift /Users/aadityasingh/Library/Developer/Xcode/DerivedData/Chatlio-erkyzdeecsohoaggpwbjdvavzqfv/SourcePackages/checkouts/swift-collections/Sources/HashTreeCollections/HashNode/_HashNode+Subtree\ Insertions.swift /Users/aadityasingh/Library/Developer/Xcode/DerivedData/Chatlio-erkyzdeecsohoaggpwbjdvavzqfv/SourcePackages/checkouts/swift-collections/Sources/HashTreeCollections/HashNode/_HashNode+Subtree\ Modify.swift /Users/aadityasingh/Library/Developer/Xcode/DerivedData/Chatlio-erkyzdeecsohoaggpwbjdvavzqfv/SourcePackages/checkouts/swift-collections/Sources/HashTreeCollections/HashNode/_HashNode+Subtree\ Removals.swift /Users/aadityasingh/Library/Developer/Xcode/DerivedData/Chatlio-erkyzdeecsohoaggpwbjdvavzqfv/SourcePackages/checkouts/swift-collections/Sources/HashTreeCollections/HashNode/_HashNode+UnsafeHandle.swift (in target 'HashTreeCollections' from project 'swift-collections')
SwiftCompile normal arm64 /Users/aadityasingh/Library/Developer/Xcode/DerivedData/Chatlio-erkyzdeecsohoaggpwbjdvavzqfv/SourcePackages/checkouts/swift-collections/Sources/HashTreeCollections/HashNode/_HashNode+Structural\ subtracting.swift (in target 'HashTreeCollections' from project 'swift-collections')
    cd /Users/aadityasingh/Documents/Development/element-x-ios/Chatlio.xcodeproj
    

SwiftCompile normal arm64 /Users/aadityasingh/Library/Developer/Xcode/DerivedData/Chatlio-erkyzdeecsohoaggpwbjdvavzqfv/SourcePackages/checkouts/swift-collections/Sources/HashTreeCollections/HashNode/_HashNode+Structural\ symmetricDifference.swift (in target 'HashTreeCollections' from project 'swift-collections')
    cd /Users/aadityasingh/Documents/Development/element-x-ios/Chatlio.xcodeproj
    

SwiftCompile normal arm64 /Users/aadityasingh/Library/Developer/Xcode/DerivedData/Chatlio-erkyzdeecsohoaggpwbjdvavzqfv/SourcePackages/checkouts/swift-collections/Sources/HashTreeCollections/HashNode/_HashNode+Structural\ union.swift (in target 'HashTreeCollections' from project 'swift-collections')
    cd /Users/aadityasingh/Documents/Development/element-x-ios/Chatlio.xcodeproj
    

SwiftCompile normal arm64 /Users/aadityasingh/Library/Developer/Xcode/DerivedData/Chatlio-erkyzdeecsohoaggpwbjdvavzqfv/SourcePackages/checkouts/swift-collections/Sources/HashTreeCollections/HashNode/_HashNode+Subtree\ Insertions.swift (in target 'HashTreeCollections' from project 'swift-collections')
    cd /Users/aadityasingh/Documents/Development/element-x-ios/Chatlio.xcodeproj
    

SwiftCompile normal arm64 /Users/aadityasingh/Library/Developer/Xcode/DerivedData/Chatlio-erkyzdeecsohoaggpwbjdvavzqfv/SourcePackages/checkouts/swift-collections/Sources/HashTreeCollections/HashNode/_HashNode+Subtree\ Modify.swift (in target 'HashTreeCollections' from project 'swift-collections')
    cd /Users/aadityasingh/Documents/Development/element-x-ios/Chatlio.xcodeproj
    

SwiftCompile normal arm64 /Users/aadityasingh/Library/Developer/Xcode/DerivedData/Chatlio-erkyzdeecsohoaggpwbjdvavzqfv/SourcePackages/checkouts/swift-collections/Sources/HashTreeCollections/HashNode/_HashNode+Subtree\ Removals.swift (in target 'HashTreeCollections' from project 'swift-collections')
    cd /Users/aadityasingh/Documents/Development/element-x-ios/Chatlio.xcodeproj
    

SwiftCompile normal arm64 /Users/aadityasingh/Library/Developer/Xcode/DerivedData/Chatlio-erkyzdeecsohoaggpwbjdvavzqfv/SourcePackages/checkouts/swift-collections/Sources/HashTreeCollections/HashNode/_HashNode+UnsafeHandle.swift (in target 'HashTreeCollections' from project 'swift-collections')
    cd /Users/aadityasingh/Documents/Development/element-x-ios/Chatlio.xcodeproj
    

SwiftDriverJobDiscovery normal x86_64 Compiling TreeSet+SetAlgebra formSymmetricDifference.swift, TreeSet+SetAlgebra formUnion.swift, TreeSet+SetAlgebra intersection.swift, TreeSet+SetAlgebra isDisjoint.swift, TreeSet+SetAlgebra isEqualSet.swift, TreeSet+SetAlgebra isStrictSubset.swift, TreeSet+SetAlgebra isStrictSuperset.swift (in target 'HashTreeCollections' from project 'swift-collections')

SwiftCompile normal arm64 Compiling\ _HashNode.swift,\ _HashNodeHeader.swift,\ _HashSlot.swift,\ _HashStack.swift,\ _HashTreeIterator.swift,\ _HashTreeStatistics.swift,\ _RawHashNode+UnsafeHandle.swift /Users/aadityasingh/Library/Developer/Xcode/DerivedData/Chatlio-erkyzdeecsohoaggpwbjdvavzqfv/SourcePackages/checkouts/swift-collections/Sources/HashTreeCollections/HashNode/_HashNode.swift /Users/aadityasingh/Library/Developer/Xcode/DerivedData/Chatlio-erkyzdeecsohoaggpwbjdvavzqfv/SourcePackages/checkouts/swift-collections/Sources/HashTreeCollections/HashNode/_HashNodeHeader.swift /Users/aadityasingh/Library/Developer/Xcode/DerivedData/Chatlio-erkyzdeecsohoaggpwbjdvavzqfv/SourcePackages/checkouts/swift-collections/Sources/HashTreeCollections/HashNode/_HashSlot.swift /Users/aadityasingh/Library/Developer/Xcode/DerivedData/Chatlio-erkyzdeecsohoaggpwbjdvavzqfv/SourcePackages/checkouts/swift-collections/Sources/HashTreeCollections/HashNode/_HashStack.swift /Users/aadityasingh/Library/Developer/Xcode/DerivedData/Chatlio-erkyzdeecsohoaggpwbjdvavzqfv/SourcePackages/checkouts/swift-collections/Sources/HashTreeCollections/HashNode/_HashTreeIterator.swift /Users/aadityasingh/Library/Developer/Xcode/DerivedData/Chatlio-erkyzdeecsohoaggpwbjdvavzqfv/SourcePackages/checkouts/swift-collections/Sources/HashTreeCollections/HashNode/_HashTreeStatistics.swift /Users/aadityasingh/Library/Developer/Xcode/DerivedData/Chatlio-erkyzdeecsohoaggpwbjdvavzqfv/SourcePackages/checkouts/swift-collections/Sources/HashTreeCollections/HashNode/_RawHashNode+UnsafeHandle.swift (in target 'HashTreeCollections' from project 'swift-collections')

SwiftCompile normal arm64 /Users/aadityasingh/Library/Developer/Xcode/DerivedData/Chatlio-erkyzdeecsohoaggpwbjdvavzqfv/SourcePackages/checkouts/swift-collections/Sources/HashTreeCollections/HashNode/_HashNode.swift (in target 'HashTreeCollections' from project 'swift-collections')
    cd /Users/aadityasingh/Documents/Development/element-x-ios/Chatlio.xcodeproj
    

SwiftCompile normal arm64 /Users/aadityasingh/Library/Developer/Xcode/DerivedData/Chatlio-erkyzdeecsohoaggpwbjdvavzqfv/SourcePackages/checkouts/swift-collections/Sources/HashTreeCollections/HashNode/_HashNodeHeader.swift (in target 'HashTreeCollections' from project 'swift-collections')
    cd /Users/aadityasingh/Documents/Development/element-x-ios/Chatlio.xcodeproj
    

SwiftCompile normal arm64 /Users/aadityasingh/Library/Developer/Xcode/DerivedData/Chatlio-erkyzdeecsohoaggpwbjdvavzqfv/SourcePackages/checkouts/swift-collections/Sources/HashTreeCollections/HashNode/_HashSlot.swift (in target 'HashTreeCollections' from project 'swift-collections')
    cd /Users/aadityasingh/Documents/Development/element-x-ios/Chatlio.xcodeproj
    

SwiftCompile normal arm64 /Users/aadityasingh/Library/Developer/Xcode/DerivedData/Chatlio-erkyzdeecsohoaggpwbjdvavzqfv/SourcePackages/checkouts/swift-collections/Sources/HashTreeCollections/HashNode/_HashStack.swift (in target 'HashTreeCollections' from project 'swift-collections')
    cd /Users/aadityasingh/Documents/Development/element-x-ios/Chatlio.xcodeproj
    

SwiftCompile normal arm64 /Users/aadityasingh/Library/Developer/Xcode/DerivedData/Chatlio-erkyzdeecsohoaggpwbjdvavzqfv/SourcePackages/checkouts/swift-collections/Sources/HashTreeCollections/HashNode/_HashTreeIterator.swift (in target 'HashTreeCollections' from project 'swift-collections')
    cd /Users/aadityasingh/Documents/Development/element-x-ios/Chatlio.xcodeproj
    

SwiftCompile normal arm64 /Users/aadityasingh/Library/Developer/Xcode/DerivedData/Chatlio-erkyzdeecsohoaggpwbjdvavzqfv/SourcePackages/checkouts/swift-collections/Sources/HashTreeCollections/HashNode/_HashTreeStatistics.swift (in target 'HashTreeCollections' from project 'swift-collections')
    cd /Users/aadityasingh/Documents/Development/element-x-ios/Chatlio.xcodeproj
    

SwiftCompile normal arm64 /Users/aadityasingh/Library/Developer/Xcode/DerivedData/Chatlio-erkyzdeecsohoaggpwbjdvavzqfv/SourcePackages/checkouts/swift-collections/Sources/HashTreeCollections/HashNode/_RawHashNode+UnsafeHandle.swift (in target 'HashTreeCollections' from project 'swift-collections')
    cd /Users/aadityasingh/Documents/Development/element-x-ios/Chatlio.xcodeproj
    

SwiftDriverJobDiscovery normal x86_64 Compiling _HashNode.swift, _HashNodeHeader.swift, _HashSlot.swift, _HashStack.swift, _HashTreeIterator.swift, _HashTreeStatistics.swift, _RawHashNode+UnsafeHandle.swift (in target 'HashTreeCollections' from project 'swift-collections')

SwiftCompile normal x86_64 Compiling\ _HashNode+Structural\ subtracting.swift,\ _HashNode+Structural\ symmetricDifference.swift,\ _HashNode+Structural\ union.swift,\ _HashNode+Subtree\ Insertions.swift,\ _HashNode+Subtree\ Modify.swift,\ _HashNode+Subtree\ Removals.swift,\ _HashNode+UnsafeHandle.swift /Users/aadityasingh/Library/Developer/Xcode/DerivedData/Chatlio-erkyzdeecsohoaggpwbjdvavzqfv/SourcePackages/checkouts/swift-collections/Sources/HashTreeCollections/HashNode/_HashNode+Structural\ subtracting.swift /Users/aadityasingh/Library/Developer/Xcode/DerivedData/Chatlio-erkyzdeecsohoaggpwbjdvavzqfv/SourcePackages/checkouts/swift-collections/Sources/HashTreeCollections/HashNode/_HashNode+Structural\ symmetricDifference.swift /Users/aadityasingh/Library/Developer/Xcode/DerivedData/Chatlio-erkyzdeecsohoaggpwbjdvavzqfv/SourcePackages/checkouts/swift-collections/Sources/HashTreeCollections/HashNode/_HashNode+Structural\ union.swift /Users/aadityasingh/Library/Developer/Xcode/DerivedData/Chatlio-erkyzdeecsohoaggpwbjdvavzqfv/SourcePackages/checkouts/swift-collections/Sources/HashTreeCollections/HashNode/_HashNode+Subtree\ Insertions.swift /Users/aadityasingh/Library/Developer/Xcode/DerivedData/Chatlio-erkyzdeecsohoaggpwbjdvavzqfv/SourcePackages/checkouts/swift-collections/Sources/HashTreeCollections/HashNode/_HashNode+Subtree\ Modify.swift /Users/aadityasingh/Library/Developer/Xcode/DerivedData/Chatlio-erkyzdeecsohoaggpwbjdvavzqfv/SourcePackages/checkouts/swift-collections/Sources/HashTreeCollections/HashNode/_HashNode+Subtree\ Removals.swift /Users/aadityasingh/Library/Developer/Xcode/DerivedData/Chatlio-erkyzdeecsohoaggpwbjdvavzqfv/SourcePackages/checkouts/swift-collections/Sources/HashTreeCollections/HashNode/_HashNode+UnsafeHandle.swift (in target 'HashTreeCollections' from project 'swift-collections')
SwiftCompile normal x86_64 /Users/aadityasingh/Library/Developer/Xcode/DerivedData/Chatlio-erkyzdeecsohoaggpwbjdvavzqfv/SourcePackages/checkouts/swift-collections/Sources/HashTreeCollections/HashNode/_HashNode+Structural\ subtracting.swift (in target 'HashTreeCollections' from project 'swift-collections')
    cd /Users/aadityasingh/Documents/Development/element-x-ios/Chatlio.xcodeproj
    

SwiftCompile normal x86_64 /Users/aadityasingh/Library/Developer/Xcode/DerivedData/Chatlio-erkyzdeecsohoaggpwbjdvavzqfv/SourcePackages/checkouts/swift-collections/Sources/HashTreeCollections/HashNode/_HashNode+Structural\ symmetricDifference.swift (in target 'HashTreeCollections' from project 'swift-collections')
    cd /Users/aadityasingh/Documents/Development/element-x-ios/Chatlio.xcodeproj
    

SwiftCompile normal x86_64 /Users/aadityasingh/Library/Developer/Xcode/DerivedData/Chatlio-erkyzdeecsohoaggpwbjdvavzqfv/SourcePackages/checkouts/swift-collections/Sources/HashTreeCollections/HashNode/_HashNode+Structural\ union.swift (in target 'HashTreeCollections' from project 'swift-collections')
    cd /Users/aadityasingh/Documents/Development/element-x-ios/Chatlio.xcodeproj
    

SwiftCompile normal x86_64 /Users/aadityasingh/Library/Developer/Xcode/DerivedData/Chatlio-erkyzdeecsohoaggpwbjdvavzqfv/SourcePackages/checkouts/swift-collections/Sources/HashTreeCollections/HashNode/_HashNode+Subtree\ Insertions.swift (in target 'HashTreeCollections' from project 'swift-collections')
    cd /Users/aadityasingh/Documents/Development/element-x-ios/Chatlio.xcodeproj
    

SwiftCompile normal x86_64 /Users/aadityasingh/Library/Developer/Xcode/DerivedData/Chatlio-erkyzdeecsohoaggpwbjdvavzqfv/SourcePackages/checkouts/swift-collections/Sources/HashTreeCollections/HashNode/_HashNode+Subtree\ Modify.swift (in target 'HashTreeCollections' from project 'swift-collections')
    cd /Users/aadityasingh/Documents/Development/element-x-ios/Chatlio.xcodeproj
    

SwiftCompile normal x86_64 /Users/aadityasingh/Library/Developer/Xcode/DerivedData/Chatlio-erkyzdeecsohoaggpwbjdvavzqfv/SourcePackages/checkouts/swift-collections/Sources/HashTreeCollections/HashNode/_HashNode+Subtree\ Removals.swift (in target 'HashTreeCollections' from project 'swift-collections')
    cd /Users/aadityasingh/Documents/Development/element-x-ios/Chatlio.xcodeproj
    

SwiftCompile normal x86_64 /Users/aadityasingh/Library/Developer/Xcode/DerivedData/Chatlio-erkyzdeecsohoaggpwbjdvavzqfv/SourcePackages/checkouts/swift-collections/Sources/HashTreeCollections/HashNode/_HashNode+UnsafeHandle.swift (in target 'HashTreeCollections' from project 'swift-collections')
    cd /Users/aadityasingh/Documents/Development/element-x-ios/Chatlio.xcodeproj
    

SwiftDriverJobDiscovery normal arm64 Compiling _RawHashNode.swift, _UnmanagedHashNode.swift, _UnsafePath.swift, TreeDictionary+Codable.swift, TreeDictionary+Collection.swift, TreeDictionary+CustomReflectable.swift, TreeDictionary+Debugging.swift (in target 'HashTreeCollections' from project 'swift-collections')

SwiftDriverJobDiscovery normal x86_64 Compiling _HashNode+Structural filter.swift, _HashNode+Structural intersection.swift, _HashNode+Structural isDisjoint.swift, _HashNode+Structural isEqualSet.swift, _HashNode+Structural isSubset.swift, _HashNode+Structural mapValues.swift, _HashNode+Structural merge.swift (in target 'HashTreeCollections' from project 'swift-collections')

LinkAssetCatalog /Users/aadityasingh/Library/Developer/Xcode/DerivedData/Chatlio-erkyzdeecsohoaggpwbjdvavzqfv/SourcePackages/checkouts/compound-design-tokens/assets/ios/swift/Colors.xcassets /Users/aadityasingh/Library/Developer/Xcode/DerivedData/Chatlio-erkyzdeecsohoaggpwbjdvavzqfv/SourcePackages/checkouts/compound-design-tokens/assets/ios/swift/Icons.xcassets (in target 'CompoundDesignTokens_CompoundDesignTokens' from project 'CompoundDesignTokens')
    cd /Users/aadityasingh/Library/Developer/Xcode/DerivedData/Chatlio-erkyzdeecsohoaggpwbjdvavzqfv/SourcePackages/checkouts/compound-design-tokens
    builtin-linkAssetCatalog --thinned /Users/aadityasingh/Library/Developer/Xcode/DerivedData/Chatlio-erkyzdeecsohoaggpwbjdvavzqfv/Build/Intermediates.noindex/CompoundDesignTokens.build/Debug-iphonesimulator/CompoundDesignTokens_CompoundDesignTokens.build/assetcatalog_output/thinned --thinned-dependencies /Users/aadityasingh/Library/Developer/Xcode/DerivedData/Chatlio-erkyzdeecsohoaggpwbjdvavzqfv/Build/Intermediates.noindex/CompoundDesignTokens.build/Debug-iphonesimulator/CompoundDesignTokens_CompoundDesignTokens.build/assetcatalog_dependencies_thinned --thinned-info-plist-content /Users/aadityasingh/Library/Developer/Xcode/DerivedData/Chatlio-erkyzdeecsohoaggpwbjdvavzqfv/Build/Intermediates.noindex/CompoundDesignTokens.build/Debug-iphonesimulator/CompoundDesignTokens_CompoundDesignTokens.build/assetcatalog_generated_info.plist_thinned --unthinned /Users/aadityasingh/Library/Developer/Xcode/DerivedData/Chatlio-erkyzdeecsohoaggpwbjdvavzqfv/Build/Intermediates.noindex/CompoundDesignTokens.build/Debug-iphonesimulator/CompoundDesignTokens_CompoundDesignTokens.build/assetcatalog_output/unthinned --unthinned-dependencies /Users/aadityasingh/Library/Developer/Xcode/DerivedData/Chatlio-erkyzdeecsohoaggpwbjdvavzqfv/Build/Intermediates.noindex/CompoundDesignTokens.build/Debug-iphonesimulator/CompoundDesignTokens_CompoundDesignTokens.build/assetcatalog_dependencies_unthinned --unthinned-info-plist-content /Users/aadityasingh/Library/Developer/Xcode/DerivedData/Chatlio-erkyzdeecsohoaggpwbjdvavzqfv/Build/Intermediates.noindex/CompoundDesignTokens.build/Debug-iphonesimulator/CompoundDesignTokens_CompoundDesignTokens.build/assetcatalog_generated_info.plist_unthinned --output /Users/aadityasingh/Library/Developer/Xcode/DerivedData/Chatlio-erkyzdeecsohoaggpwbjdvavzqfv/Build/Products/Debug-iphonesimulator/CompoundDesignTokens_CompoundDesignTokens.bundle --plist-output /Users/aadityasingh/Library/Developer/Xcode/DerivedData/Chatlio-erkyzdeecsohoaggpwbjdvavzqfv/Build/Intermediates.noindex/CompoundDesignTokens.build/Debug-iphonesimulator/CompoundDesignTokens_CompoundDesignTokens.build/assetcatalog_generated_info.plist
note: Emplaced /Users/aadityasingh/Library/Developer/Xcode/DerivedData/Chatlio-erkyzdeecsohoaggpwbjdvavzqfv/Build/Products/Debug-iphonesimulator/CompoundDesignTokens_CompoundDesignTokens.bundle/Assets.car (in target 'CompoundDesignTokens_CompoundDesignTokens' from project 'CompoundDesignTokens')

SwiftCompile normal x86_64 Compiling\ CompoundCoreUIColorTokens.swift /Users/aadityasingh/Library/Developer/Xcode/DerivedData/Chatlio-erkyzdeecsohoaggpwbjdvavzqfv/SourcePackages/checkouts/compound-design-tokens/assets/ios/swift/CompoundCoreUIColorTokens.swift (in target 'CompoundDesignTokens' from project 'CompoundDesignTokens')

SwiftCompile normal x86_64 /Users/aadityasingh/Library/Developer/Xcode/DerivedData/Chatlio-erkyzdeecsohoaggpwbjdvavzqfv/SourcePackages/checkouts/compound-design-tokens/assets/ios/swift/CompoundCoreUIColorTokens.swift (in target 'CompoundDesignTokens' from project 'CompoundDesignTokens')
    cd /Users/aadityasingh/Documents/Development/element-x-ios/Chatlio.xcodeproj
    

ProcessInfoPlistFile /Users/aadityasingh/Library/Developer/Xcode/DerivedData/Chatlio-erkyzdeecsohoaggpwbjdvavzqfv/Build/Products/Debug-iphonesimulator/CompoundDesignTokens_CompoundDesignTokens.bundle/Info.plist /Users/aadityasingh/Library/Developer/Xcode/DerivedData/Chatlio-erkyzdeecsohoaggpwbjdvavzqfv/Build/Intermediates.noindex/CompoundDesignTokens.build/Debug-iphonesimulator/CompoundDesignTokens_CompoundDesignTokens.build/empty-CompoundDesignTokens_CompoundDesignTokens.plist (in target 'CompoundDesignTokens_CompoundDesignTokens' from project 'CompoundDesignTokens')
    cd /Users/aadityasingh/Library/Developer/Xcode/DerivedData/Chatlio-erkyzdeecsohoaggpwbjdvavzqfv/SourcePackages/checkouts/compound-design-tokens
    builtin-infoPlistUtility /Users/aadityasingh/Library/Developer/Xcode/DerivedData/Chatlio-erkyzdeecsohoaggpwbjdvavzqfv/Build/Intermediates.noindex/CompoundDesignTokens.build/Debug-iphonesimulator/CompoundDesignTokens_CompoundDesignTokens.build/empty-CompoundDesignTokens_CompoundDesignTokens.plist -producttype com.apple.product-type.bundle -expandbuildsettings -format binary -platform iphonesimulator -additionalcontentfile /Users/aadityasingh/Library/Developer/Xcode/DerivedData/Chatlio-erkyzdeecsohoaggpwbjdvavzqfv/Build/Intermediates.noindex/CompoundDesignTokens.build/Debug-iphonesimulator/CompoundDesignTokens_CompoundDesignTokens.build/assetcatalog_generated_info.plist -o /Users/aadityasingh/Library/Developer/Xcode/DerivedData/Chatlio-erkyzdeecsohoaggpwbjdvavzqfv/Build/Products/Debug-iphonesimulator/CompoundDesignTokens_CompoundDesignTokens.bundle/Info.plist

SwiftDriverJobDiscovery normal arm64 Compiling TreeSet+Filter.swift, TreeSet+Hashable.swift, TreeSet+Sendable.swift, TreeSet+Sequence.swift, TreeSet+SetAlgebra Initializers.swift, TreeSet+SetAlgebra basics.swift, TreeSet+SetAlgebra formIntersection.swift (in target 'HashTreeCollections' from project 'swift-collections')

SwiftCompile normal arm64 Compiling\ CompoundColorTokens.swift /Users/aadityasingh/Library/Developer/Xcode/DerivedData/Chatlio-erkyzdeecsohoaggpwbjdvavzqfv/SourcePackages/checkouts/compound-design-tokens/assets/ios/swift/CompoundColorTokens.swift (in target 'CompoundDesignTokens' from project 'CompoundDesignTokens')

SwiftCompile normal arm64 /Users/aadityasingh/Library/Developer/Xcode/DerivedData/Chatlio-erkyzdeecsohoaggpwbjdvavzqfv/SourcePackages/checkouts/compound-design-tokens/assets/ios/swift/CompoundColorTokens.swift (in target 'CompoundDesignTokens' from project 'CompoundDesignTokens')
    cd /Users/aadityasingh/Documents/Development/element-x-ios/Chatlio.xcodeproj
    

SwiftCompile normal arm64 Compiling\ CompoundUIColorTokens.swift /Users/aadityasingh/Library/Developer/Xcode/DerivedData/Chatlio-erkyzdeecsohoaggpwbjdvavzqfv/SourcePackages/checkouts/compound-design-tokens/assets/ios/swift/CompoundUIColorTokens.swift (in target 'CompoundDesignTokens' from project 'CompoundDesignTokens')

SwiftCompile normal arm64 /Users/aadityasingh/Library/Developer/Xcode/DerivedData/Chatlio-erkyzdeecsohoaggpwbjdvavzqfv/SourcePackages/checkouts/compound-design-tokens/assets/ios/swift/CompoundUIColorTokens.swift (in target 'CompoundDesignTokens' from project 'CompoundDesignTokens')
    cd /Users/aadityasingh/Documents/Development/element-x-ios/Chatlio.xcodeproj
    

SwiftDriverJobDiscovery normal arm64 Compiling _HashNode+Invariants.swift, _HashNode+Lookups.swift, _HashNode+Primitive Insertions.swift, _HashNode+Primitive Removals.swift, _HashNode+Primitive Replacement.swift, _HashNode+Storage.swift, _HashNode+Structural compactMapValues.swift (in target 'HashTreeCollections' from project 'swift-collections')

SwiftCompile normal x86_64 Compiling\ CompoundIcons.swift /Users/aadityasingh/Library/Developer/Xcode/DerivedData/Chatlio-erkyzdeecsohoaggpwbjdvavzqfv/SourcePackages/checkouts/compound-design-tokens/assets/ios/swift/CompoundIcons.swift (in target 'CompoundDesignTokens' from project 'CompoundDesignTokens')

SwiftCompile normal x86_64 /Users/aadityasingh/Library/Developer/Xcode/DerivedData/Chatlio-erkyzdeecsohoaggpwbjdvavzqfv/SourcePackages/checkouts/compound-design-tokens/assets/ios/swift/CompoundIcons.swift (in target 'CompoundDesignTokens' from project 'CompoundDesignTokens')
    cd /Users/aadityasingh/Documents/Development/element-x-ios/Chatlio.xcodeproj
    

SwiftDriverJobDiscovery normal arm64 Compiling TreeSet+Collection.swift, TreeSet+CustomReflectable.swift, TreeSet+Debugging.swift, TreeSet+Descriptions.swift, TreeSet+Equatable.swift, TreeSet+ExpressibleByArrayLiteral.swift, TreeSet+Extras.swift (in target 'HashTreeCollections' from project 'swift-collections')

SwiftCompile normal arm64 Compiling\ resource_bundle_accessor.swift /Users/aadityasingh/Library/Developer/Xcode/DerivedData/Chatlio-erkyzdeecsohoaggpwbjdvavzqfv/Build/Intermediates.noindex/CompoundDesignTokens.build/Debug-iphonesimulator/CompoundDesignTokens.build/DerivedSources/resource_bundle_accessor.swift (in target 'CompoundDesignTokens' from project 'CompoundDesignTokens')

SwiftCompile normal arm64 /Users/aadityasingh/Library/Developer/Xcode/DerivedData/Chatlio-erkyzdeecsohoaggpwbjdvavzqfv/Build/Intermediates.noindex/CompoundDesignTokens.build/Debug-iphonesimulator/CompoundDesignTokens.build/DerivedSources/resource_bundle_accessor.swift (in target 'CompoundDesignTokens' from project 'CompoundDesignTokens')
    cd /Users/aadityasingh/Documents/Development/element-x-ios/Chatlio.xcodeproj
    

SwiftDriverJobDiscovery normal x86_64 Compiling _HashNode+Invariants.swift, _HashNode+Lookups.swift, _HashNode+Primitive Insertions.swift, _HashNode+Primitive Removals.swift, _HashNode+Primitive Replacement.swift, _HashNode+Storage.swift, _HashNode+Structural compactMapValues.swift (in target 'HashTreeCollections' from project 'swift-collections')

SwiftCompile normal arm64 Compiling\ CompoundCoreUIColorTokens.swift /Users/aadityasingh/Library/Developer/Xcode/DerivedData/Chatlio-erkyzdeecsohoaggpwbjdvavzqfv/SourcePackages/checkouts/compound-design-tokens/assets/ios/swift/CompoundCoreUIColorTokens.swift (in target 'CompoundDesignTokens' from project 'CompoundDesignTokens')

SwiftCompile normal arm64 /Users/aadityasingh/Library/Developer/Xcode/DerivedData/Chatlio-erkyzdeecsohoaggpwbjdvavzqfv/SourcePackages/checkouts/compound-design-tokens/assets/ios/swift/CompoundCoreUIColorTokens.swift (in target 'CompoundDesignTokens' from project 'CompoundDesignTokens')
    cd /Users/aadityasingh/Documents/Development/element-x-ios/Chatlio.xcodeproj
    

SwiftDriverJobDiscovery normal arm64 Compiling CompoundColorTokens.swift (in target 'CompoundDesignTokens' from project 'CompoundDesignTokens')

SwiftCompile normal x86_64 Compiling\ GeneratedAssetSymbols.swift /Users/aadityasingh/Library/Developer/Xcode/DerivedData/Chatlio-erkyzdeecsohoaggpwbjdvavzqfv/Build/Intermediates.noindex/CompoundDesignTokens.build/Debug-iphonesimulator/CompoundDesignTokens.build/DerivedSources/GeneratedAssetSymbols.swift (in target 'CompoundDesignTokens' from project 'CompoundDesignTokens')

SwiftCompile normal x86_64 /Users/aadityasingh/Library/Developer/Xcode/DerivedData/Chatlio-erkyzdeecsohoaggpwbjdvavzqfv/Build/Intermediates.noindex/CompoundDesignTokens.build/Debug-iphonesimulator/CompoundDesignTokens.build/DerivedSources/GeneratedAssetSymbols.swift (in target 'CompoundDesignTokens' from project 'CompoundDesignTokens')
    cd /Users/aadityasingh/Documents/Development/element-x-ios/Chatlio.xcodeproj
    

SwiftDriverJobDiscovery normal x86_64 Compiling _AncestorHashSlots.swift, _Bitmap.swift, _Bucket.swift, _Hash.swift, _HashLevel.swift, _HashNode+Builder.swift, _HashNode+Debugging.swift, _HashNode+Initializers.swift (in target 'HashTreeCollections' from project 'swift-collections')

SwiftCompile normal arm64 Compiling\ CompoundCoreColorTokens.swift /Users/aadityasingh/Library/Developer/Xcode/DerivedData/Chatlio-erkyzdeecsohoaggpwbjdvavzqfv/SourcePackages/checkouts/compound-design-tokens/assets/ios/swift/CompoundCoreColorTokens.swift (in target 'CompoundDesignTokens' from project 'CompoundDesignTokens')

SwiftCompile normal arm64 /Users/aadityasingh/Library/Developer/Xcode/DerivedData/Chatlio-erkyzdeecsohoaggpwbjdvavzqfv/SourcePackages/checkouts/compound-design-tokens/assets/ios/swift/CompoundCoreColorTokens.swift (in target 'CompoundDesignTokens' from project 'CompoundDesignTokens')
    cd /Users/aadityasingh/Documents/Development/element-x-ios/Chatlio.xcodeproj
    

SwiftDriverJobDiscovery normal arm64 Compiling _AncestorHashSlots.swift, _Bitmap.swift, _Bucket.swift, _Hash.swift, _HashLevel.swift, _HashNode+Builder.swift, _HashNode+Debugging.swift, _HashNode+Initializers.swift (in target 'HashTreeCollections' from project 'swift-collections')

SwiftCompile normal x86_64 Compiling\ CompoundColorTokens.swift /Users/aadityasingh/Library/Developer/Xcode/DerivedData/Chatlio-erkyzdeecsohoaggpwbjdvavzqfv/SourcePackages/checkouts/compound-design-tokens/assets/ios/swift/CompoundColorTokens.swift (in target 'CompoundDesignTokens' from project 'CompoundDesignTokens')

SwiftCompile normal x86_64 /Users/aadityasingh/Library/Developer/Xcode/DerivedData/Chatlio-erkyzdeecsohoaggpwbjdvavzqfv/SourcePackages/checkouts/compound-design-tokens/assets/ios/swift/CompoundColorTokens.swift (in target 'CompoundDesignTokens' from project 'CompoundDesignTokens')
    cd /Users/aadityasingh/Documents/Development/element-x-ios/Chatlio.xcodeproj
    

SwiftDriverJobDiscovery normal arm64 Compiling _HashNode+Structural filter.swift, _HashNode+Structural intersection.swift, _HashNode+Structural isDisjoint.swift, _HashNode+Structural isEqualSet.swift, _HashNode+Structural isSubset.swift, _HashNode+Structural mapValues.swift, _HashNode+Structural merge.swift (in target 'HashTreeCollections' from project 'swift-collections')

SwiftCompile normal x86_64 Compiling\ CompoundDesignTokens.swift /Users/aadityasingh/Library/Developer/Xcode/DerivedData/Chatlio-erkyzdeecsohoaggpwbjdvavzqfv/SourcePackages/checkouts/compound-design-tokens/assets/ios/swift/CompoundDesignTokens.swift (in target 'CompoundDesignTokens' from project 'CompoundDesignTokens')

SwiftCompile normal x86_64 /Users/aadityasingh/Library/Developer/Xcode/DerivedData/Chatlio-erkyzdeecsohoaggpwbjdvavzqfv/SourcePackages/checkouts/compound-design-tokens/assets/ios/swift/CompoundDesignTokens.swift (in target 'CompoundDesignTokens' from project 'CompoundDesignTokens')
    cd /Users/aadityasingh/Documents/Development/element-x-ios/Chatlio.xcodeproj
    

SwiftDriverJobDiscovery normal arm64 Compiling CompoundUIColorTokens.swift (in target 'CompoundDesignTokens' from project 'CompoundDesignTokens')

SwiftCompile normal x86_64 Compiling\ CompoundUIColorTokens.swift /Users/aadityasingh/Library/Developer/Xcode/DerivedData/Chatlio-erkyzdeecsohoaggpwbjdvavzqfv/SourcePackages/checkouts/compound-design-tokens/assets/ios/swift/CompoundUIColorTokens.swift (in target 'CompoundDesignTokens' from project 'CompoundDesignTokens')

SwiftCompile normal x86_64 /Users/aadityasingh/Library/Developer/Xcode/DerivedData/Chatlio-erkyzdeecsohoaggpwbjdvavzqfv/SourcePackages/checkouts/compound-design-tokens/assets/ios/swift/CompoundUIColorTokens.swift (in target 'CompoundDesignTokens' from project 'CompoundDesignTokens')
    cd /Users/aadityasingh/Documents/Development/element-x-ios/Chatlio.xcodeproj
    

SwiftDriverJobDiscovery normal arm64 Compiling resource_bundle_accessor.swift (in target 'CompoundDesignTokens' from project 'CompoundDesignTokens')

SwiftCompile normal x86_64 Compiling\ CompoundCoreColorTokens.swift /Users/aadityasingh/Library/Developer/Xcode/DerivedData/Chatlio-erkyzdeecsohoaggpwbjdvavzqfv/SourcePackages/checkouts/compound-design-tokens/assets/ios/swift/CompoundCoreColorTokens.swift (in target 'CompoundDesignTokens' from project 'CompoundDesignTokens')

SwiftCompile normal x86_64 /Users/aadityasingh/Library/Developer/Xcode/DerivedData/Chatlio-erkyzdeecsohoaggpwbjdvavzqfv/SourcePackages/checkouts/compound-design-tokens/assets/ios/swift/CompoundCoreColorTokens.swift (in target 'CompoundDesignTokens' from project 'CompoundDesignTokens')
    cd /Users/aadityasingh/Documents/Development/element-x-ios/Chatlio.xcodeproj
    

SwiftDriverJobDiscovery normal x86_64 Compiling _RawHashNode.swift, _UnmanagedHashNode.swift, _UnsafePath.swift, TreeDictionary+Codable.swift, TreeDictionary+Collection.swift, TreeDictionary+CustomReflectable.swift, TreeDictionary+Debugging.swift (in target 'HashTreeCollections' from project 'swift-collections')

SwiftCompile normal x86_64 Compiling\ resource_bundle_accessor.swift /Users/aadityasingh/Library/Developer/Xcode/DerivedData/Chatlio-erkyzdeecsohoaggpwbjdvavzqfv/Build/Intermediates.noindex/CompoundDesignTokens.build/Debug-iphonesimulator/CompoundDesignTokens.build/DerivedSources/resource_bundle_accessor.swift (in target 'CompoundDesignTokens' from project 'CompoundDesignTokens')

SwiftCompile normal x86_64 /Users/aadityasingh/Library/Developer/Xcode/DerivedData/Chatlio-erkyzdeecsohoaggpwbjdvavzqfv/Build/Intermediates.noindex/CompoundDesignTokens.build/Debug-iphonesimulator/CompoundDesignTokens.build/DerivedSources/resource_bundle_accessor.swift (in target 'CompoundDesignTokens' from project 'CompoundDesignTokens')
    cd /Users/aadityasingh/Documents/Development/element-x-ios/Chatlio.xcodeproj
    

SwiftDriverJobDiscovery normal arm64 Compiling _HashNode.swift, _HashNodeHeader.swift, _HashSlot.swift, _HashStack.swift, _HashTreeIterator.swift, _HashTreeStatistics.swift, _RawHashNode+UnsafeHandle.swift (in target 'HashTreeCollections' from project 'swift-collections')

SwiftCompile normal arm64 Compiling\ CompoundDesignTokens.swift /Users/aadityasingh/Library/Developer/Xcode/DerivedData/Chatlio-erkyzdeecsohoaggpwbjdvavzqfv/SourcePackages/checkouts/compound-design-tokens/assets/ios/swift/CompoundDesignTokens.swift (in target 'CompoundDesignTokens' from project 'CompoundDesignTokens')

SwiftCompile normal arm64 /Users/aadityasingh/Library/Developer/Xcode/DerivedData/Chatlio-erkyzdeecsohoaggpwbjdvavzqfv/SourcePackages/checkouts/compound-design-tokens/assets/ios/swift/CompoundDesignTokens.swift (in target 'CompoundDesignTokens' from project 'CompoundDesignTokens')
    cd /Users/aadityasingh/Documents/Development/element-x-ios/Chatlio.xcodeproj
    

SwiftDriverJobDiscovery normal x86_64 Compiling CompoundIcons.swift (in target 'CompoundDesignTokens' from project 'CompoundDesignTokens')

SwiftCompile normal arm64 Compiling\ GeneratedAssetSymbols.swift /Users/aadityasingh/Library/Developer/Xcode/DerivedData/Chatlio-erkyzdeecsohoaggpwbjdvavzqfv/Build/Intermediates.noindex/CompoundDesignTokens.build/Debug-iphonesimulator/CompoundDesignTokens.build/DerivedSources/GeneratedAssetSymbols.swift (in target 'CompoundDesignTokens' from project 'CompoundDesignTokens')
SwiftCompile normal arm64 /Users/aadityasingh/Library/Developer/Xcode/DerivedData/Chatlio-erkyzdeecsohoaggpwbjdvavzqfv/Build/Intermediates.noindex/CompoundDesignTokens.build/Debug-iphonesimulator/CompoundDesignTokens.build/DerivedSources/GeneratedAssetSymbols.swift (in target 'CompoundDesignTokens' from project 'CompoundDesignTokens')
    cd /Users/aadityasingh/Documents/Development/element-x-ios/Chatlio.xcodeproj
    

SwiftDriverJobDiscovery normal x86_64 Compiling CompoundDesignTokens.swift (in target 'CompoundDesignTokens' from project 'CompoundDesignTokens')

SwiftCompile normal arm64 Compiling\ CompoundDesignTokens+Bundle.swift /Users/aadityasingh/Library/Developer/Xcode/DerivedData/Chatlio-erkyzdeecsohoaggpwbjdvavzqfv/SourcePackages/checkouts/compound-design-tokens/assets/ios/swift/CompoundDesignTokens+Bundle.swift (in target 'CompoundDesignTokens' from project 'CompoundDesignTokens')

SwiftCompile normal arm64 /Users/aadityasingh/Library/Developer/Xcode/DerivedData/Chatlio-erkyzdeecsohoaggpwbjdvavzqfv/SourcePackages/checkouts/compound-design-tokens/assets/ios/swift/CompoundDesignTokens+Bundle.swift (in target 'CompoundDesignTokens' from project 'CompoundDesignTokens')
    cd /Users/aadityasingh/Documents/Development/element-x-ios/Chatlio.xcodeproj
    

SwiftDriverJobDiscovery normal x86_64 Compiling CompoundColorTokens.swift (in target 'CompoundDesignTokens' from project 'CompoundDesignTokens')

SwiftCompile normal x86_64 Compiling\ CompoundDesignTokens+Bundle.swift /Users/aadityasingh/Library/Developer/Xcode/DerivedData/Chatlio-erkyzdeecsohoaggpwbjdvavzqfv/SourcePackages/checkouts/compound-design-tokens/assets/ios/swift/CompoundDesignTokens+Bundle.swift (in target 'CompoundDesignTokens' from project 'CompoundDesignTokens')

SwiftCompile normal x86_64 /Users/aadityasingh/Library/Developer/Xcode/DerivedData/Chatlio-erkyzdeecsohoaggpwbjdvavzqfv/SourcePackages/checkouts/compound-design-tokens/assets/ios/swift/CompoundDesignTokens+Bundle.swift (in target 'CompoundDesignTokens' from project 'CompoundDesignTokens')
    cd /Users/aadityasingh/Documents/Development/element-x-ios/Chatlio.xcodeproj
    

SwiftDriverJobDiscovery normal x86_64 Compiling CompoundCoreUIColorTokens.swift (in target 'CompoundDesignTokens' from project 'CompoundDesignTokens')

SwiftCompile normal arm64 Compiling\ CompoundIcons.swift /Users/aadityasingh/Library/Developer/Xcode/DerivedData/Chatlio-erkyzdeecsohoaggpwbjdvavzqfv/SourcePackages/checkouts/compound-design-tokens/assets/ios/swift/CompoundIcons.swift (in target 'CompoundDesignTokens' from project 'CompoundDesignTokens')

SwiftCompile normal arm64 /Users/aadityasingh/Library/Developer/Xcode/DerivedData/Chatlio-erkyzdeecsohoaggpwbjdvavzqfv/SourcePackages/checkouts/compound-design-tokens/assets/ios/swift/CompoundIcons.swift (in target 'CompoundDesignTokens' from project 'CompoundDesignTokens')
    cd /Users/aadityasingh/Documents/Development/element-x-ios/Chatlio.xcodeproj
    

SwiftDriverJobDiscovery normal x86_64 Compiling CompoundUIColorTokens.swift (in target 'CompoundDesignTokens' from project 'CompoundDesignTokens')

SwiftDriverJobDiscovery normal arm64 Compiling CompoundDesignTokens+Bundle.swift (in target 'CompoundDesignTokens' from project 'CompoundDesignTokens')

ExtractAppIntentsMetadata (in target 'AnalyticsEvents' from project 'AnalyticsEvents')
    cd /Users/aadityasingh/Library/Developer/Xcode/DerivedData/Chatlio-erkyzdeecsohoaggpwbjdvavzqfv/SourcePackages/checkouts/matrix-analytics-events
    /Applications/Xcode.app/Contents/Developer/Toolchains/XcodeDefault.xctoolchain/usr/bin/appintentsmetadataprocessor --toolchain-dir /Applications/Xcode.app/Contents/Developer/Toolchains/XcodeDefault.xctoolchain --module-name AnalyticsEvents --sdk-root /Applications/Xcode.app/Contents/Developer/Platforms/iPhoneSimulator.platform/Developer/SDKs/iPhoneSimulator26.4.sdk --xcode-version 17E202 --platform-family iOS --deployment-target 12.0 --bundle-identifier matrix-analytics-events.AnalyticsEvents --output /Users/aadityasingh/Library/Developer/Xcode/DerivedData/Chatlio-erkyzdeecsohoaggpwbjdvavzqfv/Build/Products/Debug-iphonesimulator/AnalyticsEvents.appintents --target-triple arm64-apple-ios12.0-simulator --target-triple x86_64-apple-ios12.0-simulator --binary-file /Users/aadityasingh/Library/Developer/Xcode/DerivedData/Chatlio-erkyzdeecsohoaggpwbjdvavzqfv/Build/Products/Debug-iphonesimulator/AnalyticsEvents.o --dependency-file /Users/aadityasingh/Library/Developer/Xcode/DerivedData/Chatlio-erkyzdeecsohoaggpwbjdvavzqfv/Build/Intermediates.noindex/AnalyticsEvents.build/Debug-iphonesimulator/AnalyticsEvents.build/Objects-normal/arm64/AnalyticsEvents_dependency_info.dat --dependency-file /Users/aadityasingh/Library/Developer/Xcode/DerivedData/Chatlio-erkyzdeecsohoaggpwbjdvavzqfv/Build/Intermediates.noindex/AnalyticsEvents.build/Debug-iphonesimulator/AnalyticsEvents.build/Objects-normal/x86_64/AnalyticsEvents_dependency_info.dat --stringsdata-file /Users/aadityasingh/Library/Developer/Xcode/DerivedData/Chatlio-erkyzdeecsohoaggpwbjdvavzqfv/Build/Intermediates.noindex/AnalyticsEvents.build/Debug-iphonesimulator/AnalyticsEvents.build/Objects-normal/arm64/ExtractedAppShortcutsMetadata.stringsdata --stringsdata-file /Users/aadityasingh/Library/Developer/Xcode/DerivedData/Chatlio-erkyzdeecsohoaggpwbjdvavzqfv/Build/Intermediates.noindex/AnalyticsEvents.build/Debug-iphonesimulator/AnalyticsEvents.build/Objects-normal/x86_64/ExtractedAppShortcutsMetadata.stringsdata --source-file-list /Users/aadityasingh/Library/Developer/Xcode/DerivedData/Chatlio-erkyzdeecsohoaggpwbjdvavzqfv/Build/Intermediates.noindex/AnalyticsEvents.build/Debug-iphonesimulator/AnalyticsEvents.build/Objects-normal/arm64/AnalyticsEvents.SwiftFileList --source-file-list /Users/aadityasingh/Library/Developer/Xcode/DerivedData/Chatlio-erkyzdeecsohoaggpwbjdvavzqfv/Build/Intermediates.noindex/AnalyticsEvents.build/Debug-iphonesimulator/AnalyticsEvents.build/Objects-normal/x86_64/AnalyticsEvents.SwiftFileList --metadata-file-list /Users/aadityasingh/Library/Developer/Xcode/DerivedData/Chatlio-erkyzdeecsohoaggpwbjdvavzqfv/Build/Intermediates.noindex/AnalyticsEvents.build/Debug-iphonesimulator/AnalyticsEvents.build/AnalyticsEvents.DependencyMetadataFileList --static-metadata-file-list /Users/aadityasingh/Library/Developer/Xcode/DerivedData/Chatlio-erkyzdeecsohoaggpwbjdvavzqfv/Build/Intermediates.noindex/AnalyticsEvents.build/Debug-iphonesimulator/AnalyticsEvents.build/AnalyticsEvents.DependencyStaticMetadataFileList --swift-const-vals-list /Users/aadityasingh/Library/Developer/Xcode/DerivedData/Chatlio-erkyzdeecsohoaggpwbjdvavzqfv/Build/Intermediates.noindex/AnalyticsEvents.build/Debug-iphonesimulator/AnalyticsEvents.build/Objects-normal/arm64/AnalyticsEvents.SwiftConstValuesFileList --swift-const-vals-list /Users/aadityasingh/Library/Developer/Xcode/DerivedData/Chatlio-erkyzdeecsohoaggpwbjdvavzqfv/Build/Intermediates.noindex/AnalyticsEvents.build/Debug-iphonesimulator/AnalyticsEvents.build/Objects-normal/x86_64/AnalyticsEvents.SwiftConstValuesFileList --force --compile-time-extraction --deployment-aware-processing --validate-assistant-intents --no-app-shortcuts-localization
2026-05-11 23:03:56.013 appintentsmetadataprocessor[20446:2639573] Starting appintentsmetadataprocessor export
2026-05-11 23:03:56.037 appintentsmetadataprocessor[20446:2639573] Extracted no relevant App Intents symbols, skipping writing output

SwiftDriverJobDiscovery normal x86_64 Compiling resource_bundle_accessor.swift (in target 'CompoundDesignTokens' from project 'CompoundDesignTokens')

SwiftDriverJobDiscovery normal x86_64 Compiling CompoundDesignTokens+Bundle.swift (in target 'CompoundDesignTokens' from project 'CompoundDesignTokens')

SwiftDriverJobDiscovery normal arm64 Compiling CompoundDesignTokens.swift (in target 'CompoundDesignTokens' from project 'CompoundDesignTokens')

RegisterExecutionPolicyException /Users/aadityasingh/Library/Developer/Xcode/DerivedData/Chatlio-erkyzdeecsohoaggpwbjdvavzqfv/Build/Products/Debug-iphonesimulator/SentrySwiftUI.o (in target 'SentrySwiftUI' from project 'Sentry')
    cd /Users/aadityasingh/Library/Developer/Xcode/DerivedData/Chatlio-erkyzdeecsohoaggpwbjdvavzqfv/SourcePackages/checkouts/sentry-cocoa
    builtin-RegisterExecutionPolicyException /Users/aadityasingh/Library/Developer/Xcode/DerivedData/Chatlio-erkyzdeecsohoaggpwbjdvavzqfv/Build/Products/Debug-iphonesimulator/SentrySwiftUI.o

Touch /Users/aadityasingh/Library/Developer/Xcode/DerivedData/Chatlio-erkyzdeecsohoaggpwbjdvavzqfv/Build/Products/Debug-iphonesimulator/PostHog_PostHog.bundle (in target 'PostHog_PostHog' from project 'PostHog')
    cd /Users/aadityasingh/Library/Developer/Xcode/DerivedData/Chatlio-erkyzdeecsohoaggpwbjdvavzqfv/SourcePackages/checkouts/posthog-ios
    /usr/bin/touch -c /Users/aadityasingh/Library/Developer/Xcode/DerivedData/Chatlio-erkyzdeecsohoaggpwbjdvavzqfv/Build/Products/Debug-iphonesimulator/PostHog_PostHog.bundle

ExtractAppIntentsMetadata (in target 'MatrixRustSDK' from project 'MatrixRustSDK')
    cd /Users/aadityasingh/Documents/Development/matrix-rust-sdk-local
    /Applications/Xcode.app/Contents/Developer/Toolchains/XcodeDefault.xctoolchain/usr/bin/appintentsmetadataprocessor --toolchain-dir /Applications/Xcode.app/Contents/Developer/Toolchains/XcodeDefault.xctoolchain --module-name MatrixRustSDK --sdk-root /Applications/Xcode.app/Contents/Developer/Platforms/iPhoneSimulator.platform/Developer/SDKs/iPhoneSimulator26.4.sdk --xcode-version 17E202 --platform-family iOS --deployment-target 16.0 --bundle-identifier matrix-rust-sdk-local.MatrixRustSDK --output /Users/aadityasingh/Library/Developer/Xcode/DerivedData/Chatlio-erkyzdeecsohoaggpwbjdvavzqfv/Build/Products/Debug-iphonesimulator/MatrixRustSDK.appintents --target-triple arm64-apple-ios16.0-simulator --target-triple x86_64-apple-ios16.0-simulator --binary-file /Users/aadityasingh/Library/Developer/Xcode/DerivedData/Chatlio-erkyzdeecsohoaggpwbjdvavzqfv/Build/Products/Debug-iphonesimulator/MatrixRustSDK.o --dependency-file /Users/aadityasingh/Library/Developer/Xcode/DerivedData/Chatlio-erkyzdeecsohoaggpwbjdvavzqfv/Build/Intermediates.noindex/MatrixRustSDK.build/Debug-iphonesimulator/MatrixRustSDK.build/Objects-normal/arm64/MatrixRustSDK_dependency_info.dat --dependency-file /Users/aadityasingh/Library/Developer/Xcode/DerivedData/Chatlio-erkyzdeecsohoaggpwbjdvavzqfv/Build/Intermediates.noindex/MatrixRustSDK.build/Debug-iphonesimulator/MatrixRustSDK.build/Objects-normal/x86_64/MatrixRustSDK_dependency_info.dat --stringsdata-file /Users/aadityasingh/Library/Developer/Xcode/DerivedData/Chatlio-erkyzdeecsohoaggpwbjdvavzqfv/Build/Intermediates.noindex/MatrixRustSDK.build/Debug-iphonesimulator/MatrixRustSDK.build/Objects-normal/arm64/ExtractedAppShortcutsMetadata.stringsdata --stringsdata-file /Users/aadityasingh/Library/Developer/Xcode/DerivedData/Chatlio-erkyzdeecsohoaggpwbjdvavzqfv/Build/Intermediates.noindex/MatrixRustSDK.build/Debug-iphonesimulator/MatrixRustSDK.build/Objects-normal/x86_64/ExtractedAppShortcutsMetadata.stringsdata --source-file-list /Users/aadityasingh/Library/Developer/Xcode/DerivedData/Chatlio-erkyzdeecsohoaggpwbjdvavzqfv/Build/Intermediates.noindex/MatrixRustSDK.build/Debug-iphonesimulator/MatrixRustSDK.build/Objects-normal/arm64/MatrixRustSDK.SwiftFileList --source-file-list /Users/aadityasingh/Library/Developer/Xcode/DerivedData/Chatlio-erkyzdeecsohoaggpwbjdvavzqfv/Build/Intermediates.noindex/MatrixRustSDK.build/Debug-iphonesimulator/MatrixRustSDK.build/Objects-normal/x86_64/MatrixRustSDK.SwiftFileList --metadata-file-list /Users/aadityasingh/Library/Developer/Xcode/DerivedData/Chatlio-erkyzdeecsohoaggpwbjdvavzqfv/Build/Intermediates.noindex/MatrixRustSDK.build/Debug-iphonesimulator/MatrixRustSDK.build/MatrixRustSDK.DependencyMetadataFileList --static-metadata-file-list /Users/aadityasingh/Library/Developer/Xcode/DerivedData/Chatlio-erkyzdeecsohoaggpwbjdvavzqfv/Build/Intermediates.noindex/MatrixRustSDK.build/Debug-iphonesimulator/MatrixRustSDK.build/MatrixRustSDK.DependencyStaticMetadataFileList --swift-const-vals-list /Users/aadityasingh/Library/Developer/Xcode/DerivedData/Chatlio-erkyzdeecsohoaggpwbjdvavzqfv/Build/Intermediates.noindex/MatrixRustSDK.build/Debug-iphonesimulator/MatrixRustSDK.build/Objects-normal/arm64/MatrixRustSDK.SwiftConstValuesFileList --swift-const-vals-list /Users/aadityasingh/Library/Developer/Xcode/DerivedData/Chatlio-erkyzdeecsohoaggpwbjdvavzqfv/Build/Intermediates.noindex/MatrixRustSDK.build/Debug-iphonesimulator/MatrixRustSDK.build/Objects-normal/x86_64/MatrixRustSDK.SwiftConstValuesFileList --force --compile-time-extraction --deployment-aware-processing --validate-assistant-intents --no-app-shortcuts-localization
2026-05-11 23:03:56.063 appintentsmetadataprocessor[20448:2639579] Starting appintentsmetadataprocessor export
2026-05-11 23:03:56.079 appintentsmetadataprocessor[20448:2639579] Extracted no relevant App Intents symbols, skipping writing output

SwiftDriverJobDiscovery normal arm64 Compiling CompoundCoreColorTokens.swift (in target 'CompoundDesignTokens' from project 'CompoundDesignTokens')

Touch /Users/aadityasingh/Library/Developer/Xcode/DerivedData/Chatlio-erkyzdeecsohoaggpwbjdvavzqfv/Build/Products/Debug-iphonesimulator/Kingfisher_Kingfisher.bundle (in target 'Kingfisher_Kingfisher' from project 'Kingfisher')
    cd /Users/aadityasingh/Library/Developer/Xcode/DerivedData/Chatlio-erkyzdeecsohoaggpwbjdvavzqfv/SourcePackages/checkouts/Kingfisher
    /usr/bin/touch -c /Users/aadityasingh/Library/Developer/Xcode/DerivedData/Chatlio-erkyzdeecsohoaggpwbjdvavzqfv/Build/Products/Debug-iphonesimulator/Kingfisher_Kingfisher.bundle

Ld /Users/aadityasingh/Library/Developer/Xcode/DerivedData/Chatlio-erkyzdeecsohoaggpwbjdvavzqfv/Build/Intermediates.noindex/PostHog.build/Debug-iphonesimulator/PostHog.build/Objects-normal/arm64/Binary/PostHog.o normal arm64 (in target 'PostHog' from project 'PostHog')
    cd /Users/aadityasingh/Library/Developer/Xcode/DerivedData/Chatlio-erkyzdeecsohoaggpwbjdvavzqfv/SourcePackages/checkouts/posthog-ios
    /Applications/Xcode.app/Contents/Developer/Toolchains/XcodeDefault.xctoolchain/usr/bin/clang -Xlinker -reproducible -target arm64-apple-ios13.0-simulator -r -isysroot /Applications/Xcode.app/Contents/Developer/Platforms/iPhoneSimulator.platform/Developer/SDKs/iPhoneSimulator26.4.sdk -O0 -w -F/Users/aadityasingh/Library/Developer/Xcode/DerivedData/Chatlio-erkyzdeecsohoaggpwbjdvavzqfv/Build/Intermediates.noindex/EagerLinkingTBDs/Debug-iphonesimulator -F/Users/aadityasingh/Library/Developer/Xcode/DerivedData/Chatlio-erkyzdeecsohoaggpwbjdvavzqfv/Build/Products/Debug-iphonesimulator/PackageFrameworks -F/Users/aadityasingh/Library/Developer/Xcode/DerivedData/Chatlio-erkyzdeecsohoaggpwbjdvavzqfv/Build/Products/Debug-iphonesimulator -iframework /Applications/Xcode.app/Contents/Developer/Platforms/iPhoneSimulator.platform/Developer/Library/Frameworks -iframework /Applications/Xcode.app/Contents/Developer/Platforms/iPhoneSimulator.platform/Developer/SDKs/iPhoneSimulator26.4.sdk/Developer/Library/Frameworks -filelist /Users/aadityasingh/Library/Developer/Xcode/DerivedData/Chatlio-erkyzdeecsohoaggpwbjdvavzqfv/Build/Intermediates.noindex/PostHog.build/Debug-iphonesimulator/PostHog.build/Objects-normal/arm64/PostHog.LinkFileList -nostdlib -Xlinker -object_path_lto -Xlinker /Users/aadityasingh/Library/Developer/Xcode/DerivedData/Chatlio-erkyzdeecsohoaggpwbjdvavzqfv/Build/Intermediates.noindex/PostHog.build/Debug-iphonesimulator/PostHog.build/Objects-normal/arm64/PostHog_lto.o -Xlinker -no_deduplicate -Xlinker -objc_abi_version -Xlinker 2 -Xlinker -debug_variant -Xlinker -dependency_info -Xlinker /Users/aadityasingh/Library/Developer/Xcode/DerivedData/Chatlio-erkyzdeecsohoaggpwbjdvavzqfv/Build/Intermediates.noindex/PostHog.build/Debug-iphonesimulator/PostHog.build/Objects-normal/arm64/PostHog_dependency_info.dat -fobjc-link-runtime -L/Applications/Xcode.app/Contents/Developer/Toolchains/XcodeDefault.xctoolchain/usr/lib/swift/iphonesimulator -L/usr/lib/swift -Xlinker -add_ast_path -Xlinker /Users/aadityasingh/Library/Developer/Xcode/DerivedData/Chatlio-erkyzdeecsohoaggpwbjdvavzqfv/Build/Intermediates.noindex/PostHog.build/Debug-iphonesimulator/PostHog.build/Objects-normal/arm64/PostHog.swiftmodule @/Users/aadityasingh/Library/Developer/Xcode/DerivedData/Chatlio-erkyzdeecsohoaggpwbjdvavzqfv/Build/Intermediates.noindex/PostHog.build/Debug-iphonesimulator/PostHog.build/Objects-normal/arm64/PostHog-linker-args.resp -o /Users/aadityasingh/Library/Developer/Xcode/DerivedData/Chatlio-erkyzdeecsohoaggpwbjdvavzqfv/Build/Intermediates.noindex/PostHog.build/Debug-iphonesimulator/PostHog.build/Objects-normal/arm64/Binary/PostHog.o

Ld /Users/aadityasingh/Library/Developer/Xcode/DerivedData/Chatlio-erkyzdeecsohoaggpwbjdvavzqfv/Build/Intermediates.noindex/PostHog.build/Debug-iphonesimulator/PostHog.build/Objects-normal/x86_64/Binary/PostHog.o normal x86_64 (in target 'PostHog' from project 'PostHog')
    cd /Users/aadityasingh/Library/Developer/Xcode/DerivedData/Chatlio-erkyzdeecsohoaggpwbjdvavzqfv/SourcePackages/checkouts/posthog-ios
    /Applications/Xcode.app/Contents/Developer/Toolchains/XcodeDefault.xctoolchain/usr/bin/clang -Xlinker -reproducible -target x86_64-apple-ios13.0-simulator -r -isysroot /Applications/Xcode.app/Contents/Developer/Platforms/iPhoneSimulator.platform/Developer/SDKs/iPhoneSimulator26.4.sdk -O0 -w -F/Users/aadityasingh/Library/Developer/Xcode/DerivedData/Chatlio-erkyzdeecsohoaggpwbjdvavzqfv/Build/Intermediates.noindex/EagerLinkingTBDs/Debug-iphonesimulator -F/Users/aadityasingh/Library/Developer/Xcode/DerivedData/Chatlio-erkyzdeecsohoaggpwbjdvavzqfv/Build/Products/Debug-iphonesimulator/PackageFrameworks -F/Users/aadityasingh/Library/Developer/Xcode/DerivedData/Chatlio-erkyzdeecsohoaggpwbjdvavzqfv/Build/Products/Debug-iphonesimulator -iframework /Applications/Xcode.app/Contents/Developer/Platforms/iPhoneSimulator.platform/Developer/Library/Frameworks -iframework /Applications/Xcode.app/Contents/Developer/Platforms/iPhoneSimulator.platform/Developer/SDKs/iPhoneSimulator26.4.sdk/Developer/Library/Frameworks -filelist /Users/aadityasingh/Library/Developer/Xcode/DerivedData/Chatlio-erkyzdeecsohoaggpwbjdvavzqfv/Build/Intermediates.noindex/PostHog.build/Debug-iphonesimulator/PostHog.build/Objects-normal/x86_64/PostHog.LinkFileList -nostdlib -Xlinker -object_path_lto -Xlinker /Users/aadityasingh/Library/Developer/Xcode/DerivedData/Chatlio-erkyzdeecsohoaggpwbjdvavzqfv/Build/Intermediates.noindex/PostHog.build/Debug-iphonesimulator/PostHog.build/Objects-normal/x86_64/PostHog_lto.o -Xlinker -no_deduplicate -Xlinker -objc_abi_version -Xlinker 2 -Xlinker -debug_variant -Xlinker -dependency_info -Xlinker /Users/aadityasingh/Library/Developer/Xcode/DerivedData/Chatlio-erkyzdeecsohoaggpwbjdvavzqfv/Build/Intermediates.noindex/PostHog.build/Debug-iphonesimulator/PostHog.build/Objects-normal/x86_64/PostHog_dependency_info.dat -fobjc-link-runtime -L/Applications/Xcode.app/Contents/Developer/Toolchains/XcodeDefault.xctoolchain/usr/lib/swift/iphonesimulator -L/usr/lib/swift -Xlinker -add_ast_path -Xlinker /Users/aadityasingh/Library/Developer/Xcode/DerivedData/Chatlio-erkyzdeecsohoaggpwbjdvavzqfv/Build/Intermediates.noindex/PostHog.build/Debug-iphonesimulator/PostHog.build/Objects-normal/x86_64/PostHog.swiftmodule @/Users/aadityasingh/Library/Developer/Xcode/DerivedData/Chatlio-erkyzdeecsohoaggpwbjdvavzqfv/Build/Intermediates.noindex/PostHog.build/Debug-iphonesimulator/PostHog.build/Objects-normal/x86_64/PostHog-linker-args.resp -o /Users/aadityasingh/Library/Developer/Xcode/DerivedData/Chatlio-erkyzdeecsohoaggpwbjdvavzqfv/Build/Intermediates.noindex/PostHog.build/Debug-iphonesimulator/PostHog.build/Objects-normal/x86_64/Binary/PostHog.o

SwiftDriver DequeModule normal arm64 com.apple.xcode.tools.swift.compiler (in target 'DequeModule' from project 'swift-collections')
    cd /Users/aadityasingh/Documents/Development/element-x-ios/Chatlio.xcodeproj
    builtin-SwiftDriver -- /Applications/Xcode.app/Contents/Developer/Toolchains/XcodeDefault.xctoolchain/usr/bin/swiftc -module-name DequeModule -Onone @/Users/aadityasingh/Library/Developer/Xcode/DerivedData/Chatlio-erkyzdeecsohoaggpwbjdvavzqfv/Build/Intermediates.noindex/swift-collections.build/Debug-iphonesimulator/DequeModule.build/Objects-normal/arm64/DequeModule.SwiftFileList -DSWIFT_PACKAGE -DDEBUG -DSWIFT_MODULE_RESOURCE_BUNDLE_UNAVAILABLE -DCOLLECTIONS_RANDOMIZED_TESTING -DXcode -enable-experimental-feature AvailabilityMacro\=SwiftStdlib\ 5.0:\ macOS\ 10.14.4,\ iOS\ 12.2,\ watchOS\ 5.2,\ tvOS\ 12.2 -enable-experimental-feature AvailabilityMacro\=SwiftStdlib\ 5.1:\ macOS\ 10.15,\ iOS\ 13.0,\ watchOS\ 6.0,\ tvOS\ 13.0 -enable-experimental-feature AvailabilityMacro\=SwiftStdlib\ 5.6:\ macOS\ 12.3,\ iOS\ 15.4,\ watchOS\ 8.5,\ tvOS\ 15.4 -enable-experimental-feature AvailabilityMacro\=SwiftStdlib\ 5.8:\ macOS\ 13.3,\ iOS\ 16.4,\ watchOS\ 9.4,\ tvOS\ 16.4 -enable-experimental-feature AvailabilityMacro\=SwiftStdlib\ 5.9:\ macOS\ 14.0,\ iOS\ 17.0,\ watchOS\ 10.0,\ tvOS\ 17.0 -enable-experimental-feature AvailabilityMacro\=SwiftStdlib\ 5.10:\ macOS\ 14.4,\ iOS\ 17.4,\ watchOS\ 10.4,\ tvOS\ 17.4,\ visionOS\ 1.1 -enable-experimental-feature AvailabilityMacro\=SwiftStdlib\ 6.0:\ macOS\ 15.0,\ iOS\ 18.0,\ watchOS\ 11.0,\ tvOS\ 18.0,\ visionOS\ 2.0 -enable-experimental-feature AvailabilityMacro\=SwiftStdlib\ 6.1:\ macOS\ 15.4,\ iOS\ 18.4,\ watchOS\ 11.4,\ tvOS\ 18.4,\ visionOS\ 2.4 -enable-experimental-feature AvailabilityMacro\=SwiftStdlib\ 6.2:\ macOS\ 26.0,\ iOS\ 26.0,\ watchOS\ 26.0,\ tvOS\ 26.0,\ visionOS\ 26.0 -enable-upcoming-feature MemberImportVisibility -enable-experimental-feature BuiltinModule -enable-experimental-feature Lifetimes -enable-experimental-feature InoutLifetimeDependence -enable-experimental-feature SuppressedAssociatedTypes -plugin-path /Applications/Xcode.app/Contents/Developer/Toolchains/XcodeDefault.xctoolchain/usr/lib/swift/host/plugins/testing -enable-experimental-feature DebugDescriptionMacro -sdk /Applications/Xcode.app/Contents/Developer/Platforms/iPhoneSimulator.platform/Developer/SDKs/iPhoneSimulator26.4.sdk -target arm64-apple-ios12.0-simulator -g -module-cache-path /Users/aadityasingh/Library/Developer/Xcode/DerivedData/ModuleCache.noindex -Xfrontend -serialize-debugging-options -profile-coverage-mapping -profile-generate -enable-testing -suppress-warnings -index-store-path /Users/aadityasingh/Library/Developer/Xcode/DerivedData/Chatlio-erkyzdeecsohoaggpwbjdvavzqfv/Index.noindex/DataStore -Xcc -D_LIBCPP_HARDENING_MODE\=_LIBCPP_HARDENING_MODE_DEBUG -swift-version 6 -I /Users/aadityasingh/Library/Developer/Xcode/DerivedData/Chatlio-erkyzdeecsohoaggpwbjdvavzqfv/Build/Products/Debug-iphonesimulator -Isystem /Applications/Xcode.app/Contents/Developer/Platforms/iPhoneSimulator.platform/Developer/usr/lib -F /Users/aadityasingh/Library/Developer/Xcode/DerivedData/Chatlio-erkyzdeecsohoaggpwbjdvavzqfv/Build/Products/Debug-iphonesimulator/PackageFrameworks -F /Users/aadityasingh/Library/Developer/Xcode/DerivedData/Chatlio-erkyzdeecsohoaggpwbjdvavzqfv/Build/Products/Debug-iphonesimulator -F /Applications/Xcode.app/Contents/Developer/Platforms/iPhoneSimulator.platform/Developer/Library/Frameworks -F /Applications/Xcode.app/Contents/Developer/Platforms/iPhoneSimulator.platform/Developer/SDKs/iPhoneSimulator26.4.sdk/Developer/Library/Frameworks -c -j12 -enable-batch-mode -incremental -Xcc -ivfsstatcache -Xcc /Users/aadityasingh/Library/Developer/Xcode/DerivedData/SDKStatCaches.noindex/iphonesimulator26.4-23E252-686eebb5dc1d8ecb277353a59184f4aa.sdkstatcache -output-file-map /Users/aadityasingh/Library/Developer/Xcode/DerivedData/Chatlio-erkyzdeecsohoaggpwbjdvavzqfv/Build/Intermediates.noindex/swift-collections.build/Debug-iphonesimulator/DequeModule.build/Objects-normal/arm64/DequeModule-OutputFileMap.json -use-frontend-parseable-output -save-temps -no-color-diagnostics -explicit-module-build -module-cache-path /Users/aadityasingh/Library/Developer/Xcode/DerivedData/Chatlio-erkyzdeecsohoaggpwbjdvavzqfv/Build/Intermediates.noindex/SwiftExplicitPrecompiledModules -clang-scanner-module-cache-path /Users/aadityasingh/Library/Developer/Xcode/DerivedData/ModuleCache.noindex -sdk-module-cache-path /Users/aadityasingh/Library/Developer/Xcode/DerivedData/ModuleCache.noindex -serialize-diagnostics -emit-dependencies -emit-module -emit-module-path /Users/aadityasingh/Library/Developer/Xcode/DerivedData/Chatlio-erkyzdeecsohoaggpwbjdvavzqfv/Build/Intermediates.noindex/swift-collections.build/Debug-iphonesimulator/DequeModule.build/Objects-normal/arm64/DequeModule.swiftmodule -user-module-version 1.3.0 -validate-clang-modules-once -clang-build-session-file /Users/aadityasingh/Library/Developer/Xcode/DerivedData/ModuleCache.noindex/Session.modulevalidation -package-name swift_collections -Xcc -I/Users/aadityasingh/Library/Developer/Xcode/DerivedData/Chatlio-erkyzdeecsohoaggpwbjdvavzqfv/Build/Intermediates.noindex/swift-collections.build/Debug-iphonesimulator/DequeModule.build/swift-overrides.hmap -emit-const-values -Xfrontend -const-gather-protocols-file -Xfrontend /Users/aadityasingh/Library/Developer/Xcode/DerivedData/Chatlio-erkyzdeecsohoaggpwbjdvavzqfv/Build/Intermediates.noindex/swift-collections.build/Debug-iphonesimulator/DequeModule.build/Objects-normal/arm64/DequeModule_const_extract_protocols.json -Xcc -I/Users/aadityasingh/Library/Developer/Xcode/DerivedData/Chatlio-erkyzdeecsohoaggpwbjdvavzqfv/Build/Products/Debug-iphonesimulator/include -Xcc -I/Users/aadityasingh/Library/Developer/Xcode/DerivedData/Chatlio-erkyzdeecsohoaggpwbjdvavzqfv/Build/Intermediates.noindex/swift-collections.build/Debug-iphonesimulator/DequeModule.build/DerivedSources-normal/arm64 -Xcc -I/Users/aadityasingh/Library/Developer/Xcode/DerivedData/Chatlio-erkyzdeecsohoaggpwbjdvavzqfv/Build/Intermediates.noindex/swift-collections.build/Debug-iphonesimulator/DequeModule.build/DerivedSources/arm64 -Xcc -I/Users/aadityasingh/Library/Developer/Xcode/DerivedData/Chatlio-erkyzdeecsohoaggpwbjdvavzqfv/Build/Intermediates.noindex/swift-collections.build/Debug-iphonesimulator/DequeModule.build/DerivedSources -Xcc -DSWIFT_PACKAGE -Xcc -DDEBUG\=1 -emit-objc-header -emit-objc-header-path /Users/aadityasingh/Library/Developer/Xcode/DerivedData/Chatlio-erkyzdeecsohoaggpwbjdvavzqfv/Build/Intermediates.noindex/swift-collections.build/Debug-iphonesimulator/DequeModule.build/Objects-normal/arm64/DequeModule-Swift.h -working-directory /Users/aadityasingh/Documents/Development/element-x-ios/Chatlio.xcodeproj -experimental-emit-module-separately -disable-cmo

SwiftDriver DequeModule normal x86_64 com.apple.xcode.tools.swift.compiler (in target 'DequeModule' from project 'swift-collections')
    cd /Users/aadityasingh/Documents/Development/element-x-ios/Chatlio.xcodeproj
    builtin-SwiftDriver -- /Applications/Xcode.app/Contents/Developer/Toolchains/XcodeDefault.xctoolchain/usr/bin/swiftc -module-name DequeModule -Onone @/Users/aadityasingh/Library/Developer/Xcode/DerivedData/Chatlio-erkyzdeecsohoaggpwbjdvavzqfv/Build/Intermediates.noindex/swift-collections.build/Debug-iphonesimulator/DequeModule.build/Objects-normal/x86_64/DequeModule.SwiftFileList -DSWIFT_PACKAGE -DDEBUG -DSWIFT_MODULE_RESOURCE_BUNDLE_UNAVAILABLE -DCOLLECTIONS_RANDOMIZED_TESTING -DXcode -enable-experimental-feature AvailabilityMacro\=SwiftStdlib\ 5.0:\ macOS\ 10.14.4,\ iOS\ 12.2,\ watchOS\ 5.2,\ tvOS\ 12.2 -enable-experimental-feature AvailabilityMacro\=SwiftStdlib\ 5.1:\ macOS\ 10.15,\ iOS\ 13.0,\ watchOS\ 6.0,\ tvOS\ 13.0 -enable-experimental-feature AvailabilityMacro\=SwiftStdlib\ 5.6:\ macOS\ 12.3,\ iOS\ 15.4,\ watchOS\ 8.5,\ tvOS\ 15.4 -enable-experimental-feature AvailabilityMacro\=SwiftStdlib\ 5.8:\ macOS\ 13.3,\ iOS\ 16.4,\ watchOS\ 9.4,\ tvOS\ 16.4 -enable-experimental-feature AvailabilityMacro\=SwiftStdlib\ 5.9:\ macOS\ 14.0,\ iOS\ 17.0,\ watchOS\ 10.0,\ tvOS\ 17.0 -enable-experimental-feature AvailabilityMacro\=SwiftStdlib\ 5.10:\ macOS\ 14.4,\ iOS\ 17.4,\ watchOS\ 10.4,\ tvOS\ 17.4,\ visionOS\ 1.1 -enable-experimental-feature AvailabilityMacro\=SwiftStdlib\ 6.0:\ macOS\ 15.0,\ iOS\ 18.0,\ watchOS\ 11.0,\ tvOS\ 18.0,\ visionOS\ 2.0 -enable-experimental-feature AvailabilityMacro\=SwiftStdlib\ 6.1:\ macOS\ 15.4,\ iOS\ 18.4,\ watchOS\ 11.4,\ tvOS\ 18.4,\ visionOS\ 2.4 -enable-experimental-feature AvailabilityMacro\=SwiftStdlib\ 6.2:\ macOS\ 26.0,\ iOS\ 26.0,\ watchOS\ 26.0,\ tvOS\ 26.0,\ visionOS\ 26.0 -enable-upcoming-feature MemberImportVisibility -enable-experimental-feature BuiltinModule -enable-experimental-feature Lifetimes -enable-experimental-feature InoutLifetimeDependence -enable-experimental-feature SuppressedAssociatedTypes -plugin-path /Applications/Xcode.app/Contents/Developer/Toolchains/XcodeDefault.xctoolchain/usr/lib/swift/host/plugins/testing -enable-experimental-feature DebugDescriptionMacro -sdk /Applications/Xcode.app/Contents/Developer/Platforms/iPhoneSimulator.platform/Developer/SDKs/iPhoneSimulator26.4.sdk -target x86_64-apple-ios12.0-simulator -g -module-cache-path /Users/aadityasingh/Library/Developer/Xcode/DerivedData/ModuleCache.noindex -Xfrontend -serialize-debugging-options -profile-coverage-mapping -profile-generate -enable-testing -suppress-warnings -index-store-path /Users/aadityasingh/Library/Developer/Xcode/DerivedData/Chatlio-erkyzdeecsohoaggpwbjdvavzqfv/Index.noindex/DataStore -Xcc -D_LIBCPP_HARDENING_MODE\=_LIBCPP_HARDENING_MODE_DEBUG -swift-version 6 -I /Users/aadityasingh/Library/Developer/Xcode/DerivedData/Chatlio-erkyzdeecsohoaggpwbjdvavzqfv/Build/Products/Debug-iphonesimulator -Isystem /Applications/Xcode.app/Contents/Developer/Platforms/iPhoneSimulator.platform/Developer/usr/lib -F /Users/aadityasingh/Library/Developer/Xcode/DerivedData/Chatlio-erkyzdeecsohoaggpwbjdvavzqfv/Build/Products/Debug-iphonesimulator/PackageFrameworks -F /Users/aadityasingh/Library/Developer/Xcode/DerivedData/Chatlio-erkyzdeecsohoaggpwbjdvavzqfv/Build/Products/Debug-iphonesimulator -F /Applications/Xcode.app/Contents/Developer/Platforms/iPhoneSimulator.platform/Developer/Library/Frameworks -F /Applications/Xcode.app/Contents/Developer/Platforms/iPhoneSimulator.platform/Developer/SDKs/iPhoneSimulator26.4.sdk/Developer/Library/Frameworks -c -j12 -enable-batch-mode -incremental -Xcc -ivfsstatcache -Xcc /Users/aadityasingh/Library/Developer/Xcode/DerivedData/SDKStatCaches.noindex/iphonesimulator26.4-23E252-686eebb5dc1d8ecb277353a59184f4aa.sdkstatcache -output-file-map /Users/aadityasingh/Library/Developer/Xcode/DerivedData/Chatlio-erkyzdeecsohoaggpwbjdvavzqfv/Build/Intermediates.noindex/swift-collections.build/Debug-iphonesimulator/DequeModule.build/Objects-normal/x86_64/DequeModule-OutputFileMap.json -use-frontend-parseable-output -save-temps -no-color-diagnostics -explicit-module-build -module-cache-path /Users/aadityasingh/Library/Developer/Xcode/DerivedData/Chatlio-erkyzdeecsohoaggpwbjdvavzqfv/Build/Intermediates.noindex/SwiftExplicitPrecompiledModules -clang-scanner-module-cache-path /Users/aadityasingh/Library/Developer/Xcode/DerivedData/ModuleCache.noindex -sdk-module-cache-path /Users/aadityasingh/Library/Developer/Xcode/DerivedData/ModuleCache.noindex -serialize-diagnostics -emit-dependencies -emit-module -emit-module-path /Users/aadityasingh/Library/Developer/Xcode/DerivedData/Chatlio-erkyzdeecsohoaggpwbjdvavzqfv/Build/Intermediates.noindex/swift-collections.build/Debug-iphonesimulator/DequeModule.build/Objects-normal/x86_64/DequeModule.swiftmodule -user-module-version 1.3.0 -validate-clang-modules-once -clang-build-session-file /Users/aadityasingh/Library/Developer/Xcode/DerivedData/ModuleCache.noindex/Session.modulevalidation -package-name swift_collections -Xcc -I/Users/aadityasingh/Library/Developer/Xcode/DerivedData/Chatlio-erkyzdeecsohoaggpwbjdvavzqfv/Build/Intermediates.noindex/swift-collections.build/Debug-iphonesimulator/DequeModule.build/swift-overrides.hmap -emit-const-values -Xfrontend -const-gather-protocols-file -Xfrontend /Users/aadityasingh/Library/Developer/Xcode/DerivedData/Chatlio-erkyzdeecsohoaggpwbjdvavzqfv/Build/Intermediates.noindex/swift-collections.build/Debug-iphonesimulator/DequeModule.build/Objects-normal/x86_64/DequeModule_const_extract_protocols.json -Xcc -I/Users/aadityasingh/Library/Developer/Xcode/DerivedData/Chatlio-erkyzdeecsohoaggpwbjdvavzqfv/Build/Products/Debug-iphonesimulator/include -Xcc -I/Users/aadityasingh/Library/Developer/Xcode/DerivedData/Chatlio-erkyzdeecsohoaggpwbjdvavzqfv/Build/Intermediates.noindex/swift-collections.build/Debug-iphonesimulator/DequeModule.build/DerivedSources-normal/x86_64 -Xcc -I/Users/aadityasingh/Library/Developer/Xcode/DerivedData/Chatlio-erkyzdeecsohoaggpwbjdvavzqfv/Build/Intermediates.noindex/swift-collections.build/Debug-iphonesimulator/DequeModule.build/DerivedSources/x86_64 -Xcc -I/Users/aadityasingh/Library/Developer/Xcode/DerivedData/Chatlio-erkyzdeecsohoaggpwbjdvavzqfv/Build/Intermediates.noindex/swift-collections.build/Debug-iphonesimulator/DequeModule.build/DerivedSources -Xcc -DSWIFT_PACKAGE -Xcc -DDEBUG\=1 -emit-objc-header -emit-objc-header-path /Users/aadityasingh/Library/Developer/Xcode/DerivedData/Chatlio-erkyzdeecsohoaggpwbjdvavzqfv/Build/Intermediates.noindex/swift-collections.build/Debug-iphonesimulator/DequeModule.build/Objects-normal/x86_64/DequeModule-Swift.h -working-directory /Users/aadityasingh/Documents/Development/element-x-ios/Chatlio.xcodeproj -experimental-emit-module-separately -disable-cmo

RegisterExecutionPolicyException /Users/aadityasingh/Library/Developer/Xcode/DerivedData/Chatlio-erkyzdeecsohoaggpwbjdvavzqfv/Build/Products/Debug-iphonesimulator/KeychainAccess.o (in target 'KeychainAccess' from project 'KeychainAccess')
    cd /Users/aadityasingh/Library/Developer/Xcode/DerivedData/Chatlio-erkyzdeecsohoaggpwbjdvavzqfv/SourcePackages/checkouts/KeychainAccess
    builtin-RegisterExecutionPolicyException /Users/aadityasingh/Library/Developer/Xcode/DerivedData/Chatlio-erkyzdeecsohoaggpwbjdvavzqfv/Build/Products/Debug-iphonesimulator/KeychainAccess.o

RegisterExecutionPolicyException /Users/aadityasingh/Library/Developer/Xcode/DerivedData/Chatlio-erkyzdeecsohoaggpwbjdvavzqfv/Build/Products/Debug-iphonesimulator/KZFileWatchers.o (in target 'KZFileWatchers' from project 'KZFileWatchers')
    cd /Users/aadityasingh/Library/Developer/Xcode/DerivedData/Chatlio-erkyzdeecsohoaggpwbjdvavzqfv/SourcePackages/checkouts/KZFileWatchers
    builtin-RegisterExecutionPolicyException /Users/aadityasingh/Library/Developer/Xcode/DerivedData/Chatlio-erkyzdeecsohoaggpwbjdvavzqfv/Build/Products/Debug-iphonesimulator/KZFileWatchers.o

Ld /Users/aadityasingh/Library/Developer/Xcode/DerivedData/Chatlio-erkyzdeecsohoaggpwbjdvavzqfv/Build/Intermediates.noindex/Kingfisher.build/Debug-iphonesimulator/Kingfisher.build/Objects-normal/x86_64/Binary/Kingfisher.o normal x86_64 (in target 'Kingfisher' from project 'Kingfisher')
    cd /Users/aadityasingh/Library/Developer/Xcode/DerivedData/Chatlio-erkyzdeecsohoaggpwbjdvavzqfv/SourcePackages/checkouts/Kingfisher
    /Applications/Xcode.app/Contents/Developer/Toolchains/XcodeDefault.xctoolchain/usr/bin/clang -Xlinker -reproducible -target x86_64-apple-ios13.0-simulator -r -isysroot /Applications/Xcode.app/Contents/Developer/Platforms/iPhoneSimulator.platform/Developer/SDKs/iPhoneSimulator26.4.sdk -O0 -w -F/Users/aadityasingh/Library/Developer/Xcode/DerivedData/Chatlio-erkyzdeecsohoaggpwbjdvavzqfv/Build/Intermediates.noindex/EagerLinkingTBDs/Debug-iphonesimulator -F/Users/aadityasingh/Library/Developer/Xcode/DerivedData/Chatlio-erkyzdeecsohoaggpwbjdvavzqfv/Build/Products/Debug-iphonesimulator -iframework /Applications/Xcode.app/Contents/Developer/Platforms/iPhoneSimulator.platform/Developer/Library/Frameworks -iframework /Applications/Xcode.app/Contents/Developer/Platforms/iPhoneSimulator.platform/Developer/SDKs/iPhoneSimulator26.4.sdk/Developer/Library/Frameworks -filelist /Users/aadityasingh/Library/Developer/Xcode/DerivedData/Chatlio-erkyzdeecsohoaggpwbjdvavzqfv/Build/Intermediates.noindex/Kingfisher.build/Debug-iphonesimulator/Kingfisher.build/Objects-normal/x86_64/Kingfisher.LinkFileList -nostdlib -Xlinker -object_path_lto -Xlinker /Users/aadityasingh/Library/Developer/Xcode/DerivedData/Chatlio-erkyzdeecsohoaggpwbjdvavzqfv/Build/Intermediates.noindex/Kingfisher.build/Debug-iphonesimulator/Kingfisher.build/Objects-normal/x86_64/Kingfisher_lto.o -Xlinker -no_deduplicate -Xlinker -objc_abi_version -Xlinker 2 -Xlinker -debug_variant -Xlinker -dependency_info -Xlinker /Users/aadityasingh/Library/Developer/Xcode/DerivedData/Chatlio-erkyzdeecsohoaggpwbjdvavzqfv/Build/Intermediates.noindex/Kingfisher.build/Debug-iphonesimulator/Kingfisher.build/Objects-normal/x86_64/Kingfisher_dependency_info.dat -fobjc-link-runtime -L/Applications/Xcode.app/Contents/Developer/Toolchains/XcodeDefault.xctoolchain/usr/lib/swift/iphonesimulator -L/usr/lib/swift -Xlinker -add_ast_path -Xlinker /Users/aadityasingh/Library/Developer/Xcode/DerivedData/Chatlio-erkyzdeecsohoaggpwbjdvavzqfv/Build/Intermediates.noindex/Kingfisher.build/Debug-iphonesimulator/Kingfisher.build/Objects-normal/x86_64/Kingfisher.swiftmodule @/Users/aadityasingh/Library/Developer/Xcode/DerivedData/Chatlio-erkyzdeecsohoaggpwbjdvavzqfv/Build/Intermediates.noindex/Kingfisher.build/Debug-iphonesimulator/Kingfisher.build/Objects-normal/x86_64/Kingfisher-linker-args.resp -o /Users/aadityasingh/Library/Developer/Xcode/DerivedData/Chatlio-erkyzdeecsohoaggpwbjdvavzqfv/Build/Intermediates.noindex/Kingfisher.build/Debug-iphonesimulator/Kingfisher.build/Objects-normal/x86_64/Binary/Kingfisher.o

SwiftDriverJobDiscovery normal x86_64 Compiling CompoundCoreColorTokens.swift (in target 'CompoundDesignTokens' from project 'CompoundDesignTokens')

Ld /Users/aadityasingh/Library/Developer/Xcode/DerivedData/Chatlio-erkyzdeecsohoaggpwbjdvavzqfv/Build/Intermediates.noindex/Kingfisher.build/Debug-iphonesimulator/Kingfisher.build/Objects-normal/arm64/Binary/Kingfisher.o normal arm64 (in target 'Kingfisher' from project 'Kingfisher')
    cd /Users/aadityasingh/Library/Developer/Xcode/DerivedData/Chatlio-erkyzdeecsohoaggpwbjdvavzqfv/SourcePackages/checkouts/Kingfisher
    /Applications/Xcode.app/Contents/Developer/Toolchains/XcodeDefault.xctoolchain/usr/bin/clang -Xlinker -reproducible -target arm64-apple-ios13.0-simulator -r -isysroot /Applications/Xcode.app/Contents/Developer/Platforms/iPhoneSimulator.platform/Developer/SDKs/iPhoneSimulator26.4.sdk -O0 -w -F/Users/aadityasingh/Library/Developer/Xcode/DerivedData/Chatlio-erkyzdeecsohoaggpwbjdvavzqfv/Build/Intermediates.noindex/EagerLinkingTBDs/Debug-iphonesimulator -F/Users/aadityasingh/Library/Developer/Xcode/DerivedData/Chatlio-erkyzdeecsohoaggpwbjdvavzqfv/Build/Products/Debug-iphonesimulator -iframework /Applications/Xcode.app/Contents/Developer/Platforms/iPhoneSimulator.platform/Developer/Library/Frameworks -iframework /Applications/Xcode.app/Contents/Developer/Platforms/iPhoneSimulator.platform/Developer/SDKs/iPhoneSimulator26.4.sdk/Developer/Library/Frameworks -filelist /Users/aadityasingh/Library/Developer/Xcode/DerivedData/Chatlio-erkyzdeecsohoaggpwbjdvavzqfv/Build/Intermediates.noindex/Kingfisher.build/Debug-iphonesimulator/Kingfisher.build/Objects-normal/arm64/Kingfisher.LinkFileList -nostdlib -Xlinker -object_path_lto -Xlinker /Users/aadityasingh/Library/Developer/Xcode/DerivedData/Chatlio-erkyzdeecsohoaggpwbjdvavzqfv/Build/Intermediates.noindex/Kingfisher.build/Debug-iphonesimulator/Kingfisher.build/Objects-normal/arm64/Kingfisher_lto.o -Xlinker -no_deduplicate -Xlinker -objc_abi_version -Xlinker 2 -Xlinker -debug_variant -Xlinker -dependency_info -Xlinker /Users/aadityasingh/Library/Developer/Xcode/DerivedData/Chatlio-erkyzdeecsohoaggpwbjdvavzqfv/Build/Intermediates.noindex/Kingfisher.build/Debug-iphonesimulator/Kingfisher.build/Objects-normal/arm64/Kingfisher_dependency_info.dat -fobjc-link-runtime -L/Applications/Xcode.app/Contents/Developer/Toolchains/XcodeDefault.xctoolchain/usr/lib/swift/iphonesimulator -L/usr/lib/swift -Xlinker -add_ast_path -Xlinker /Users/aadityasingh/Library/Developer/Xcode/DerivedData/Chatlio-erkyzdeecsohoaggpwbjdvavzqfv/Build/Intermediates.noindex/Kingfisher.build/Debug-iphonesimulator/Kingfisher.build/Objects-normal/arm64/Kingfisher.swiftmodule @/Users/aadityasingh/Library/Developer/Xcode/DerivedData/Chatlio-erkyzdeecsohoaggpwbjdvavzqfv/Build/Intermediates.noindex/Kingfisher.build/Debug-iphonesimulator/Kingfisher.build/Objects-normal/arm64/Kingfisher-linker-args.resp -o /Users/aadityasingh/Library/Developer/Xcode/DerivedData/Chatlio-erkyzdeecsohoaggpwbjdvavzqfv/Build/Intermediates.noindex/Kingfisher.build/Debug-iphonesimulator/Kingfisher.build/Objects-normal/arm64/Binary/Kingfisher.o

RegisterExecutionPolicyException /Users/aadityasingh/Library/Developer/Xcode/DerivedData/Chatlio-erkyzdeecsohoaggpwbjdvavzqfv/Build/Products/Debug-iphonesimulator/InternalCollectionsUtilities.o (in target 'InternalCollectionsUtilities' from project 'swift-collections')
    cd /Users/aadityasingh/Library/Developer/Xcode/DerivedData/Chatlio-erkyzdeecsohoaggpwbjdvavzqfv/SourcePackages/checkouts/swift-collections
    builtin-RegisterExecutionPolicyException /Users/aadityasingh/Library/Developer/Xcode/DerivedData/Chatlio-erkyzdeecsohoaggpwbjdvavzqfv/Build/Products/Debug-iphonesimulator/InternalCollectionsUtilities.o

CodeSign /Users/aadityasingh/Library/Developer/Xcode/DerivedData/Chatlio-erkyzdeecsohoaggpwbjdvavzqfv/Build/Products/Debug-iphonesimulator/Emojibase_Emojibase.bundle (in target 'Emojibase_Emojibase' from project 'Emojibase')
    cd /Users/aadityasingh/Library/Developer/Xcode/DerivedData/Chatlio-erkyzdeecsohoaggpwbjdvavzqfv/SourcePackages/checkouts/emojibase-bindings
    
    Signing Identity:     "Sign to Run Locally"
    
    /usr/bin/codesign --force --sign - --timestamp\=none --generate-entitlement-der /Users/aadityasingh/Library/Developer/Xcode/DerivedData/Chatlio-erkyzdeecsohoaggpwbjdvavzqfv/Build/Products/Debug-iphonesimulator/Emojibase_Emojibase.bundle

CreateUniversalBinary /Users/aadityasingh/Library/Developer/Xcode/DerivedData/Chatlio-erkyzdeecsohoaggpwbjdvavzqfv/Build/Products/Debug-iphonesimulator/PostHog.o normal arm64\ x86_64 (in target 'PostHog' from project 'PostHog')
    cd /Users/aadityasingh/Library/Developer/Xcode/DerivedData/Chatlio-erkyzdeecsohoaggpwbjdvavzqfv/SourcePackages/checkouts/posthog-ios
    /Applications/Xcode.app/Contents/Developer/Toolchains/XcodeDefault.xctoolchain/usr/bin/lipo -create /Users/aadityasingh/Library/Developer/Xcode/DerivedData/Chatlio-erkyzdeecsohoaggpwbjdvavzqfv/Build/Intermediates.noindex/PostHog.build/Debug-iphonesimulator/PostHog.build/Objects-normal/arm64/Binary/PostHog.o /Users/aadityasingh/Library/Developer/Xcode/DerivedData/Chatlio-erkyzdeecsohoaggpwbjdvavzqfv/Build/Intermediates.noindex/PostHog.build/Debug-iphonesimulator/PostHog.build/Objects-normal/x86_64/Binary/PostHog.o -output /Users/aadityasingh/Library/Developer/Xcode/DerivedData/Chatlio-erkyzdeecsohoaggpwbjdvavzqfv/Build/Products/Debug-iphonesimulator/PostHog.o

SwiftDriverJobDiscovery normal arm64 Compiling CompoundCoreUIColorTokens.swift (in target 'CompoundDesignTokens' from project 'CompoundDesignTokens')

SwiftDriver BitCollections normal x86_64 com.apple.xcode.tools.swift.compiler (in target 'BitCollections' from project 'swift-collections')
    cd /Users/aadityasingh/Documents/Development/element-x-ios/Chatlio.xcodeproj
    builtin-SwiftDriver -- /Applications/Xcode.app/Contents/Developer/Toolchains/XcodeDefault.xctoolchain/usr/bin/swiftc -module-name BitCollections -Onone @/Users/aadityasingh/Library/Developer/Xcode/DerivedData/Chatlio-erkyzdeecsohoaggpwbjdvavzqfv/Build/Intermediates.noindex/swift-collections.build/Debug-iphonesimulator/BitCollections.build/Objects-normal/x86_64/BitCollections.SwiftFileList -DSWIFT_PACKAGE -DDEBUG -DSWIFT_MODULE_RESOURCE_BUNDLE_UNAVAILABLE -DCOLLECTIONS_RANDOMIZED_TESTING -DXcode -enable-experimental-feature AvailabilityMacro\=SwiftStdlib\ 5.0:\ macOS\ 10.14.4,\ iOS\ 12.2,\ watchOS\ 5.2,\ tvOS\ 12.2 -enable-experimental-feature AvailabilityMacro\=SwiftStdlib\ 5.1:\ macOS\ 10.15,\ iOS\ 13.0,\ watchOS\ 6.0,\ tvOS\ 13.0 -enable-experimental-feature AvailabilityMacro\=SwiftStdlib\ 5.6:\ macOS\ 12.3,\ iOS\ 15.4,\ watchOS\ 8.5,\ tvOS\ 15.4 -enable-experimental-feature AvailabilityMacro\=SwiftStdlib\ 5.8:\ macOS\ 13.3,\ iOS\ 16.4,\ watchOS\ 9.4,\ tvOS\ 16.4 -enable-experimental-feature AvailabilityMacro\=SwiftStdlib\ 5.9:\ macOS\ 14.0,\ iOS\ 17.0,\ watchOS\ 10.0,\ tvOS\ 17.0 -enable-experimental-feature AvailabilityMacro\=SwiftStdlib\ 5.10:\ macOS\ 14.4,\ iOS\ 17.4,\ watchOS\ 10.4,\ tvOS\ 17.4,\ visionOS\ 1.1 -enable-experimental-feature AvailabilityMacro\=SwiftStdlib\ 6.0:\ macOS\ 15.0,\ iOS\ 18.0,\ watchOS\ 11.0,\ tvOS\ 18.0,\ visionOS\ 2.0 -enable-experimental-feature AvailabilityMacro\=SwiftStdlib\ 6.1:\ macOS\ 15.4,\ iOS\ 18.4,\ watchOS\ 11.4,\ tvOS\ 18.4,\ visionOS\ 2.4 -enable-experimental-feature AvailabilityMacro\=SwiftStdlib\ 6.2:\ macOS\ 26.0,\ iOS\ 26.0,\ watchOS\ 26.0,\ tvOS\ 26.0,\ visionOS\ 26.0 -enable-upcoming-feature MemberImportVisibility -enable-experimental-feature BuiltinModule -enable-experimental-feature Lifetimes -enable-experimental-feature InoutLifetimeDependence -enable-experimental-feature SuppressedAssociatedTypes -plugin-path /Applications/Xcode.app/Contents/Developer/Toolchains/XcodeDefault.xctoolchain/usr/lib/swift/host/plugins/testing -enable-experimental-feature DebugDescriptionMacro -sdk /Applications/Xcode.app/Contents/Developer/Platforms/iPhoneSimulator.platform/Developer/SDKs/iPhoneSimulator26.4.sdk -target x86_64-apple-ios12.0-simulator -g -module-cache-path /Users/aadityasingh/Library/Developer/Xcode/DerivedData/ModuleCache.noindex -Xfrontend -serialize-debugging-options -profile-coverage-mapping -profile-generate -enable-testing -suppress-warnings -index-store-path /Users/aadityasingh/Library/Developer/Xcode/DerivedData/Chatlio-erkyzdeecsohoaggpwbjdvavzqfv/Index.noindex/DataStore -Xcc -D_LIBCPP_HARDENING_MODE\=_LIBCPP_HARDENING_MODE_DEBUG -swift-version 6 -I /Users/aadityasingh/Library/Developer/Xcode/DerivedData/Chatlio-erkyzdeecsohoaggpwbjdvavzqfv/Build/Products/Debug-iphonesimulator -Isystem /Applications/Xcode.app/Contents/Developer/Platforms/iPhoneSimulator.platform/Developer/usr/lib -F /Users/aadityasingh/Library/Developer/Xcode/DerivedData/Chatlio-erkyzdeecsohoaggpwbjdvavzqfv/Build/Products/Debug-iphonesimulator/PackageFrameworks -F /Users/aadityasingh/Library/Developer/Xcode/DerivedData/Chatlio-erkyzdeecsohoaggpwbjdvavzqfv/Build/Products/Debug-iphonesimulator -F /Applications/Xcode.app/Contents/Developer/Platforms/iPhoneSimulator.platform/Developer/Library/Frameworks -F /Applications/Xcode.app/Contents/Developer/Platforms/iPhoneSimulator.platform/Developer/SDKs/iPhoneSimulator26.4.sdk/Developer/Library/Frameworks -c -j12 -enable-batch-mode -incremental -Xcc -ivfsstatcache -Xcc /Users/aadityasingh/Library/Developer/Xcode/DerivedData/SDKStatCaches.noindex/iphonesimulator26.4-23E252-686eebb5dc1d8ecb277353a59184f4aa.sdkstatcache -output-file-map /Users/aadityasingh/Library/Developer/Xcode/DerivedData/Chatlio-erkyzdeecsohoaggpwbjdvavzqfv/Build/Intermediates.noindex/swift-collections.build/Debug-iphonesimulator/BitCollections.build/Objects-normal/x86_64/BitCollections-OutputFileMap.json -use-frontend-parseable-output -save-temps -no-color-diagnostics -explicit-module-build -module-cache-path /Users/aadityasingh/Library/Developer/Xcode/DerivedData/Chatlio-erkyzdeecsohoaggpwbjdvavzqfv/Build/Intermediates.noindex/SwiftExplicitPrecompiledModules -clang-scanner-module-cache-path /Users/aadityasingh/Library/Developer/Xcode/DerivedData/ModuleCache.noindex -sdk-module-cache-path /Users/aadityasingh/Library/Developer/Xcode/DerivedData/ModuleCache.noindex -serialize-diagnostics -emit-dependencies -emit-module -emit-module-path /Users/aadityasingh/Library/Developer/Xcode/DerivedData/Chatlio-erkyzdeecsohoaggpwbjdvavzqfv/Build/Intermediates.noindex/swift-collections.build/Debug-iphonesimulator/BitCollections.build/Objects-normal/x86_64/BitCollections.swiftmodule -user-module-version 1.3.0 -validate-clang-modules-once -clang-build-session-file /Users/aadityasingh/Library/Developer/Xcode/DerivedData/ModuleCache.noindex/Session.modulevalidation -package-name swift_collections -Xcc -I/Users/aadityasingh/Library/Developer/Xcode/DerivedData/Chatlio-erkyzdeecsohoaggpwbjdvavzqfv/Build/Intermediates.noindex/swift-collections.build/Debug-iphonesimulator/BitCollections.build/swift-overrides.hmap -emit-const-values -Xfrontend -const-gather-protocols-file -Xfrontend /Users/aadityasingh/Library/Developer/Xcode/DerivedData/Chatlio-erkyzdeecsohoaggpwbjdvavzqfv/Build/Intermediates.noindex/swift-collections.build/Debug-iphonesimulator/BitCollections.build/Objects-normal/x86_64/BitCollections_const_extract_protocols.json -Xcc -I/Users/aadityasingh/Library/Developer/Xcode/DerivedData/Chatlio-erkyzdeecsohoaggpwbjdvavzqfv/Build/Products/Debug-iphonesimulator/include -Xcc -I/Users/aadityasingh/Library/Developer/Xcode/DerivedData/Chatlio-erkyzdeecsohoaggpwbjdvavzqfv/Build/Intermediates.noindex/swift-collections.build/Debug-iphonesimulator/BitCollections.build/DerivedSources-normal/x86_64 -Xcc -I/Users/aadityasingh/Library/Developer/Xcode/DerivedData/Chatlio-erkyzdeecsohoaggpwbjdvavzqfv/Build/Intermediates.noindex/swift-collections.build/Debug-iphonesimulator/BitCollections.build/DerivedSources/x86_64 -Xcc -I/Users/aadityasingh/Library/Developer/Xcode/DerivedData/Chatlio-erkyzdeecsohoaggpwbjdvavzqfv/Build/Intermediates.noindex/swift-collections.build/Debug-iphonesimulator/BitCollections.build/DerivedSources -Xcc -DSWIFT_PACKAGE -Xcc -DDEBUG\=1 -emit-objc-header -emit-objc-header-path /Users/aadityasingh/Library/Developer/Xcode/DerivedData/Chatlio-erkyzdeecsohoaggpwbjdvavzqfv/Build/Intermediates.noindex/swift-collections.build/Debug-iphonesimulator/BitCollections.build/Objects-normal/x86_64/BitCollections-Swift.h -working-directory /Users/aadityasingh/Documents/Development/element-x-ios/Chatlio.xcodeproj -experimental-emit-module-separately -disable-cmo

SwiftDriver BitCollections normal arm64 com.apple.xcode.tools.swift.compiler (in target 'BitCollections' from project 'swift-collections')
    cd /Users/aadityasingh/Documents/Development/element-x-ios/Chatlio.xcodeproj
    builtin-SwiftDriver -- /Applications/Xcode.app/Contents/Developer/Toolchains/XcodeDefault.xctoolchain/usr/bin/swiftc -module-name BitCollections -Onone @/Users/aadityasingh/Library/Developer/Xcode/DerivedData/Chatlio-erkyzdeecsohoaggpwbjdvavzqfv/Build/Intermediates.noindex/swift-collections.build/Debug-iphonesimulator/BitCollections.build/Objects-normal/arm64/BitCollections.SwiftFileList -DSWIFT_PACKAGE -DDEBUG -DSWIFT_MODULE_RESOURCE_BUNDLE_UNAVAILABLE -DCOLLECTIONS_RANDOMIZED_TESTING -DXcode -enable-experimental-feature AvailabilityMacro\=SwiftStdlib\ 5.0:\ macOS\ 10.14.4,\ iOS\ 12.2,\ watchOS\ 5.2,\ tvOS\ 12.2 -enable-experimental-feature AvailabilityMacro\=SwiftStdlib\ 5.1:\ macOS\ 10.15,\ iOS\ 13.0,\ watchOS\ 6.0,\ tvOS\ 13.0 -enable-experimental-feature AvailabilityMacro\=SwiftStdlib\ 5.6:\ macOS\ 12.3,\ iOS\ 15.4,\ watchOS\ 8.5,\ tvOS\ 15.4 -enable-experimental-feature AvailabilityMacro\=SwiftStdlib\ 5.8:\ macOS\ 13.3,\ iOS\ 16.4,\ watchOS\ 9.4,\ tvOS\ 16.4 -enable-experimental-feature AvailabilityMacro\=SwiftStdlib\ 5.9:\ macOS\ 14.0,\ iOS\ 17.0,\ watchOS\ 10.0,\ tvOS\ 17.0 -enable-experimental-feature AvailabilityMacro\=SwiftStdlib\ 5.10:\ macOS\ 14.4,\ iOS\ 17.4,\ watchOS\ 10.4,\ tvOS\ 17.4,\ visionOS\ 1.1 -enable-experimental-feature AvailabilityMacro\=SwiftStdlib\ 6.0:\ macOS\ 15.0,\ iOS\ 18.0,\ watchOS\ 11.0,\ tvOS\ 18.0,\ visionOS\ 2.0 -enable-experimental-feature AvailabilityMacro\=SwiftStdlib\ 6.1:\ macOS\ 15.4,\ iOS\ 18.4,\ watchOS\ 11.4,\ tvOS\ 18.4,\ visionOS\ 2.4 -enable-experimental-feature AvailabilityMacro\=SwiftStdlib\ 6.2:\ macOS\ 26.0,\ iOS\ 26.0,\ watchOS\ 26.0,\ tvOS\ 26.0,\ visionOS\ 26.0 -enable-upcoming-feature MemberImportVisibility -enable-experimental-feature BuiltinModule -enable-experimental-feature Lifetimes -enable-experimental-feature InoutLifetimeDependence -enable-experimental-feature SuppressedAssociatedTypes -plugin-path /Applications/Xcode.app/Contents/Developer/Toolchains/XcodeDefault.xctoolchain/usr/lib/swift/host/plugins/testing -enable-experimental-feature DebugDescriptionMacro -sdk /Applications/Xcode.app/Contents/Developer/Platforms/iPhoneSimulator.platform/Developer/SDKs/iPhoneSimulator26.4.sdk -target arm64-apple-ios12.0-simulator -g -module-cache-path /Users/aadityasingh/Library/Developer/Xcode/DerivedData/ModuleCache.noindex -Xfrontend -serialize-debugging-options -profile-coverage-mapping -profile-generate -enable-testing -suppress-warnings -index-store-path /Users/aadityasingh/Library/Developer/Xcode/DerivedData/Chatlio-erkyzdeecsohoaggpwbjdvavzqfv/Index.noindex/DataStore -Xcc -D_LIBCPP_HARDENING_MODE\=_LIBCPP_HARDENING_MODE_DEBUG -swift-version 6 -I /Users/aadityasingh/Library/Developer/Xcode/DerivedData/Chatlio-erkyzdeecsohoaggpwbjdvavzqfv/Build/Products/Debug-iphonesimulator -Isystem /Applications/Xcode.app/Contents/Developer/Platforms/iPhoneSimulator.platform/Developer/usr/lib -F /Users/aadityasingh/Library/Developer/Xcode/DerivedData/Chatlio-erkyzdeecsohoaggpwbjdvavzqfv/Build/Products/Debug-iphonesimulator/PackageFrameworks -F /Users/aadityasingh/Library/Developer/Xcode/DerivedData/Chatlio-erkyzdeecsohoaggpwbjdvavzqfv/Build/Products/Debug-iphonesimulator -F /Applications/Xcode.app/Contents/Developer/Platforms/iPhoneSimulator.platform/Developer/Library/Frameworks -F /Applications/Xcode.app/Contents/Developer/Platforms/iPhoneSimulator.platform/Developer/SDKs/iPhoneSimulator26.4.sdk/Developer/Library/Frameworks -c -j12 -enable-batch-mode -incremental -Xcc -ivfsstatcache -Xcc /Users/aadityasingh/Library/Developer/Xcode/DerivedData/SDKStatCaches.noindex/iphonesimulator26.4-23E252-686eebb5dc1d8ecb277353a59184f4aa.sdkstatcache -output-file-map /Users/aadityasingh/Library/Developer/Xcode/DerivedData/Chatlio-erkyzdeecsohoaggpwbjdvavzqfv/Build/Intermediates.noindex/swift-collections.build/Debug-iphonesimulator/BitCollections.build/Objects-normal/arm64/BitCollections-OutputFileMap.json -use-frontend-parseable-output -save-temps -no-color-diagnostics -explicit-module-build -module-cache-path /Users/aadityasingh/Library/Developer/Xcode/DerivedData/Chatlio-erkyzdeecsohoaggpwbjdvavzqfv/Build/Intermediates.noindex/SwiftExplicitPrecompiledModules -clang-scanner-module-cache-path /Users/aadityasingh/Library/Developer/Xcode/DerivedData/ModuleCache.noindex -sdk-module-cache-path /Users/aadityasingh/Library/Developer/Xcode/DerivedData/ModuleCache.noindex -serialize-diagnostics -emit-dependencies -emit-module -emit-module-path /Users/aadityasingh/Library/Developer/Xcode/DerivedData/Chatlio-erkyzdeecsohoaggpwbjdvavzqfv/Build/Intermediates.noindex/swift-collections.build/Debug-iphonesimulator/BitCollections.build/Objects-normal/arm64/BitCollections.swiftmodule -user-module-version 1.3.0 -validate-clang-modules-once -clang-build-session-file /Users/aadityasingh/Library/Developer/Xcode/DerivedData/ModuleCache.noindex/Session.modulevalidation -package-name swift_collections -Xcc -I/Users/aadityasingh/Library/Developer/Xcode/DerivedData/Chatlio-erkyzdeecsohoaggpwbjdvavzqfv/Build/Intermediates.noindex/swift-collections.build/Debug-iphonesimulator/BitCollections.build/swift-overrides.hmap -emit-const-values -Xfrontend -const-gather-protocols-file -Xfrontend /Users/aadityasingh/Library/Developer/Xcode/DerivedData/Chatlio-erkyzdeecsohoaggpwbjdvavzqfv/Build/Intermediates.noindex/swift-collections.build/Debug-iphonesimulator/BitCollections.build/Objects-normal/arm64/BitCollections_const_extract_protocols.json -Xcc -I/Users/aadityasingh/Library/Developer/Xcode/DerivedData/Chatlio-erkyzdeecsohoaggpwbjdvavzqfv/Build/Products/Debug-iphonesimulator/include -Xcc -I/Users/aadityasingh/Library/Developer/Xcode/DerivedData/Chatlio-erkyzdeecsohoaggpwbjdvavzqfv/Build/Intermediates.noindex/swift-collections.build/Debug-iphonesimulator/BitCollections.build/DerivedSources-normal/arm64 -Xcc -I/Users/aadityasingh/Library/Developer/Xcode/DerivedData/Chatlio-erkyzdeecsohoaggpwbjdvavzqfv/Build/Intermediates.noindex/swift-collections.build/Debug-iphonesimulator/BitCollections.build/DerivedSources/arm64 -Xcc -I/Users/aadityasingh/Library/Developer/Xcode/DerivedData/Chatlio-erkyzdeecsohoaggpwbjdvavzqfv/Build/Intermediates.noindex/swift-collections.build/Debug-iphonesimulator/BitCollections.build/DerivedSources -Xcc -DSWIFT_PACKAGE -Xcc -DDEBUG\=1 -emit-objc-header -emit-objc-header-path /Users/aadityasingh/Library/Developer/Xcode/DerivedData/Chatlio-erkyzdeecsohoaggpwbjdvavzqfv/Build/Intermediates.noindex/swift-collections.build/Debug-iphonesimulator/BitCollections.build/Objects-normal/arm64/BitCollections-Swift.h -working-directory /Users/aadityasingh/Documents/Development/element-x-ios/Chatlio.xcodeproj -experimental-emit-module-separately -disable-cmo

SwiftDriver Algorithms normal x86_64 com.apple.xcode.tools.swift.compiler (in target 'Algorithms' from project 'swift-algorithms')
    cd /Users/aadityasingh/Documents/Development/element-x-ios/Chatlio.xcodeproj
    builtin-SwiftDriver -- /Applications/Xcode.app/Contents/Developer/Toolchains/XcodeDefault.xctoolchain/usr/bin/swiftc -module-name Algorithms -Onone @/Users/aadityasingh/Library/Developer/Xcode/DerivedData/Chatlio-erkyzdeecsohoaggpwbjdvavzqfv/Build/Intermediates.noindex/swift-algorithms.build/Debug-iphonesimulator/Algorithms.build/Objects-normal/x86_64/Algorithms.SwiftFileList -DSWIFT_PACKAGE -DDEBUG -DSWIFT_MODULE_RESOURCE_BUNDLE_UNAVAILABLE -DXcode -plugin-path /Applications/Xcode.app/Contents/Developer/Toolchains/XcodeDefault.xctoolchain/usr/lib/swift/host/plugins/testing -enable-experimental-feature DebugDescriptionMacro -sdk /Applications/Xcode.app/Contents/Developer/Platforms/iPhoneSimulator.platform/Developer/SDKs/iPhoneSimulator26.4.sdk -target x86_64-apple-ios12.0-simulator -g -module-cache-path /Users/aadityasingh/Library/Developer/Xcode/DerivedData/ModuleCache.noindex -Xfrontend -serialize-debugging-options -profile-coverage-mapping -profile-generate -enable-testing -suppress-warnings -index-store-path /Users/aadityasingh/Library/Developer/Xcode/DerivedData/Chatlio-erkyzdeecsohoaggpwbjdvavzqfv/Index.noindex/DataStore -Xcc -D_LIBCPP_HARDENING_MODE\=_LIBCPP_HARDENING_MODE_DEBUG -swift-version 5 -I /Users/aadityasingh/Library/Developer/Xcode/DerivedData/Chatlio-erkyzdeecsohoaggpwbjdvavzqfv/Build/Products/Debug-iphonesimulator -Isystem /Applications/Xcode.app/Contents/Developer/Platforms/iPhoneSimulator.platform/Developer/usr/lib -F /Users/aadityasingh/Library/Developer/Xcode/DerivedData/Chatlio-erkyzdeecsohoaggpwbjdvavzqfv/Build/Products/Debug-iphonesimulator/PackageFrameworks -F /Users/aadityasingh/Library/Developer/Xcode/DerivedData/Chatlio-erkyzdeecsohoaggpwbjdvavzqfv/Build/Products/Debug-iphonesimulator/PackageFrameworks -F /Users/aadityasingh/Library/Developer/Xcode/DerivedData/Chatlio-erkyzdeecsohoaggpwbjdvavzqfv/Build/Products/Debug-iphonesimulator -F /Applications/Xcode.app/Contents/Developer/Platforms/iPhoneSimulator.platform/Developer/Library/Frameworks -F /Applications/Xcode.app/Contents/Developer/Platforms/iPhoneSimulator.platform/Developer/SDKs/iPhoneSimulator26.4.sdk/Developer/Library/Frameworks -c -j12 -enable-batch-mode -incremental -Xcc -ivfsstatcache -Xcc /Users/aadityasingh/Library/Developer/Xcode/DerivedData/SDKStatCaches.noindex/iphonesimulator26.4-23E252-686eebb5dc1d8ecb277353a59184f4aa.sdkstatcache -output-file-map /Users/aadityasingh/Library/Developer/Xcode/DerivedData/Chatlio-erkyzdeecsohoaggpwbjdvavzqfv/Build/Intermediates.noindex/swift-algorithms.build/Debug-iphonesimulator/Algorithms.build/Objects-normal/x86_64/Algorithms-OutputFileMap.json -use-frontend-parseable-output -save-temps -no-color-diagnostics -explicit-module-build -module-cache-path /Users/aadityasingh/Library/Developer/Xcode/DerivedData/Chatlio-erkyzdeecsohoaggpwbjdvavzqfv/Build/Intermediates.noindex/SwiftExplicitPrecompiledModules -clang-scanner-module-cache-path /Users/aadityasingh/Library/Developer/Xcode/DerivedData/ModuleCache.noindex -sdk-module-cache-path /Users/aadityasingh/Library/Developer/Xcode/DerivedData/ModuleCache.noindex -serialize-diagnostics -emit-dependencies -emit-module -emit-module-path /Users/aadityasingh/Library/Developer/Xcode/DerivedData/Chatlio-erkyzdeecsohoaggpwbjdvavzqfv/Build/Intermediates.noindex/swift-algorithms.build/Debug-iphonesimulator/Algorithms.build/Objects-normal/x86_64/Algorithms.swiftmodule -validate-clang-modules-once -clang-build-session-file /Users/aadityasingh/Library/Developer/Xcode/DerivedData/ModuleCache.noindex/Session.modulevalidation -Xcc -I/Users/aadityasingh/Library/Developer/Xcode/DerivedData/Chatlio-erkyzdeecsohoaggpwbjdvavzqfv/Build/Intermediates.noindex/swift-algorithms.build/Debug-iphonesimulator/Algorithms.build/swift-overrides.hmap -emit-const-values -Xfrontend -const-gather-protocols-file -Xfrontend /Users/aadityasingh/Library/Developer/Xcode/DerivedData/Chatlio-erkyzdeecsohoaggpwbjdvavzqfv/Build/Intermediates.noindex/swift-algorithms.build/Debug-iphonesimulator/Algorithms.build/Objects-normal/x86_64/Algorithms_const_extract_protocols.json -Xcc -I/Users/aadityasingh/Library/Developer/Xcode/DerivedData/Chatlio-erkyzdeecsohoaggpwbjdvavzqfv/SourcePackages/checkouts/swift-numerics/Sources/_NumericsShims/include -Xcc -I/Users/aadityasingh/Library/Developer/Xcode/DerivedData/Chatlio-erkyzdeecsohoaggpwbjdvavzqfv/Build/Products/Debug-iphonesimulator/include -Xcc -I/Users/aadityasingh/Library/Developer/Xcode/DerivedData/Chatlio-erkyzdeecsohoaggpwbjdvavzqfv/Build/Intermediates.noindex/swift-algorithms.build/Debug-iphonesimulator/Algorithms.build/DerivedSources-normal/x86_64 -Xcc -I/Users/aadityasingh/Library/Developer/Xcode/DerivedData/Chatlio-erkyzdeecsohoaggpwbjdvavzqfv/Build/Intermediates.noindex/swift-algorithms.build/Debug-iphonesimulator/Algorithms.build/DerivedSources/x86_64 -Xcc -I/Users/aadityasingh/Library/Developer/Xcode/DerivedData/Chatlio-erkyzdeecsohoaggpwbjdvavzqfv/Build/Intermediates.noindex/swift-algorithms.build/Debug-iphonesimulator/Algorithms.build/DerivedSources -Xcc -DSWIFT_PACKAGE -Xcc -DDEBUG\=1 -emit-objc-header -emit-objc-header-path /Users/aadityasingh/Library/Developer/Xcode/DerivedData/Chatlio-erkyzdeecsohoaggpwbjdvavzqfv/Build/Intermediates.noindex/swift-algorithms.build/Debug-iphonesimulator/Algorithms.build/Objects-normal/x86_64/Algorithms-Swift.h -working-directory /Users/aadityasingh/Documents/Development/element-x-ios/Chatlio.xcodeproj -experimental-emit-module-separately -disable-cmo

SwiftDriver Algorithms normal arm64 com.apple.xcode.tools.swift.compiler (in target 'Algorithms' from project 'swift-algorithms')
    cd /Users/aadityasingh/Documents/Development/element-x-ios/Chatlio.xcodeproj
    builtin-SwiftDriver -- /Applications/Xcode.app/Contents/Developer/Toolchains/XcodeDefault.xctoolchain/usr/bin/swiftc -module-name Algorithms -Onone @/Users/aadityasingh/Library/Developer/Xcode/DerivedData/Chatlio-erkyzdeecsohoaggpwbjdvavzqfv/Build/Intermediates.noindex/swift-algorithms.build/Debug-iphonesimulator/Algorithms.build/Objects-normal/arm64/Algorithms.SwiftFileList -DSWIFT_PACKAGE -DDEBUG -DSWIFT_MODULE_RESOURCE_BUNDLE_UNAVAILABLE -DXcode -plugin-path /Applications/Xcode.app/Contents/Developer/Toolchains/XcodeDefault.xctoolchain/usr/lib/swift/host/plugins/testing -enable-experimental-feature DebugDescriptionMacro -sdk /Applications/Xcode.app/Contents/Developer/Platforms/iPhoneSimulator.platform/Developer/SDKs/iPhoneSimulator26.4.sdk -target arm64-apple-ios12.0-simulator -g -module-cache-path /Users/aadityasingh/Library/Developer/Xcode/DerivedData/ModuleCache.noindex -Xfrontend -serialize-debugging-options -profile-coverage-mapping -profile-generate -enable-testing -suppress-warnings -index-store-path /Users/aadityasingh/Library/Developer/Xcode/DerivedData/Chatlio-erkyzdeecsohoaggpwbjdvavzqfv/Index.noindex/DataStore -Xcc -D_LIBCPP_HARDENING_MODE\=_LIBCPP_HARDENING_MODE_DEBUG -swift-version 5 -I /Users/aadityasingh/Library/Developer/Xcode/DerivedData/Chatlio-erkyzdeecsohoaggpwbjdvavzqfv/Build/Products/Debug-iphonesimulator -Isystem /Applications/Xcode.app/Contents/Developer/Platforms/iPhoneSimulator.platform/Developer/usr/lib -F /Users/aadityasingh/Library/Developer/Xcode/DerivedData/Chatlio-erkyzdeecsohoaggpwbjdvavzqfv/Build/Products/Debug-iphonesimulator/PackageFrameworks -F /Users/aadityasingh/Library/Developer/Xcode/DerivedData/Chatlio-erkyzdeecsohoaggpwbjdvavzqfv/Build/Products/Debug-iphonesimulator/PackageFrameworks -F /Users/aadityasingh/Library/Developer/Xcode/DerivedData/Chatlio-erkyzdeecsohoaggpwbjdvavzqfv/Build/Products/Debug-iphonesimulator -F /Applications/Xcode.app/Contents/Developer/Platforms/iPhoneSimulator.platform/Developer/Library/Frameworks -F /Applications/Xcode.app/Contents/Developer/Platforms/iPhoneSimulator.platform/Developer/SDKs/iPhoneSimulator26.4.sdk/Developer/Library/Frameworks -c -j12 -enable-batch-mode -incremental -Xcc -ivfsstatcache -Xcc /Users/aadityasingh/Library/Developer/Xcode/DerivedData/SDKStatCaches.noindex/iphonesimulator26.4-23E252-686eebb5dc1d8ecb277353a59184f4aa.sdkstatcache -output-file-map /Users/aadityasingh/Library/Developer/Xcode/DerivedData/Chatlio-erkyzdeecsohoaggpwbjdvavzqfv/Build/Intermediates.noindex/swift-algorithms.build/Debug-iphonesimulator/Algorithms.build/Objects-normal/arm64/Algorithms-OutputFileMap.json -use-frontend-parseable-output -save-temps -no-color-diagnostics -explicit-module-build -module-cache-path /Users/aadityasingh/Library/Developer/Xcode/DerivedData/Chatlio-erkyzdeecsohoaggpwbjdvavzqfv/Build/Intermediates.noindex/SwiftExplicitPrecompiledModules -clang-scanner-module-cache-path /Users/aadityasingh/Library/Developer/Xcode/DerivedData/ModuleCache.noindex -sdk-module-cache-path /Users/aadityasingh/Library/Developer/Xcode/DerivedData/ModuleCache.noindex -serialize-diagnostics -emit-dependencies -emit-module -emit-module-path /Users/aadityasingh/Library/Developer/Xcode/DerivedData/Chatlio-erkyzdeecsohoaggpwbjdvavzqfv/Build/Intermediates.noindex/swift-algorithms.build/Debug-iphonesimulator/Algorithms.build/Objects-normal/arm64/Algorithms.swiftmodule -validate-clang-modules-once -clang-build-session-file /Users/aadityasingh/Library/Developer/Xcode/DerivedData/ModuleCache.noindex/Session.modulevalidation -Xcc -I/Users/aadityasingh/Library/Developer/Xcode/DerivedData/Chatlio-erkyzdeecsohoaggpwbjdvavzqfv/Build/Intermediates.noindex/swift-algorithms.build/Debug-iphonesimulator/Algorithms.build/swift-overrides.hmap -emit-const-values -Xfrontend -const-gather-protocols-file -Xfrontend /Users/aadityasingh/Library/Developer/Xcode/DerivedData/Chatlio-erkyzdeecsohoaggpwbjdvavzqfv/Build/Intermediates.noindex/swift-algorithms.build/Debug-iphonesimulator/Algorithms.build/Objects-normal/arm64/Algorithms_const_extract_protocols.json -Xcc -I/Users/aadityasingh/Library/Developer/Xcode/DerivedData/Chatlio-erkyzdeecsohoaggpwbjdvavzqfv/SourcePackages/checkouts/swift-numerics/Sources/_NumericsShims/include -Xcc -I/Users/aadityasingh/Library/Developer/Xcode/DerivedData/Chatlio-erkyzdeecsohoaggpwbjdvavzqfv/Build/Products/Debug-iphonesimulator/include -Xcc -I/Users/aadityasingh/Library/Developer/Xcode/DerivedData/Chatlio-erkyzdeecsohoaggpwbjdvavzqfv/Build/Intermediates.noindex/swift-algorithms.build/Debug-iphonesimulator/Algorithms.build/DerivedSources-normal/arm64 -Xcc -I/Users/aadityasingh/Library/Developer/Xcode/DerivedData/Chatlio-erkyzdeecsohoaggpwbjdvavzqfv/Build/Intermediates.noindex/swift-algorithms.build/Debug-iphonesimulator/Algorithms.build/DerivedSources/arm64 -Xcc -I/Users/aadityasingh/Library/Developer/Xcode/DerivedData/Chatlio-erkyzdeecsohoaggpwbjdvavzqfv/Build/Intermediates.noindex/swift-algorithms.build/Debug-iphonesimulator/Algorithms.build/DerivedSources -Xcc -DSWIFT_PACKAGE -Xcc -DDEBUG\=1 -emit-objc-header -emit-objc-header-path /Users/aadityasingh/Library/Developer/Xcode/DerivedData/Chatlio-erkyzdeecsohoaggpwbjdvavzqfv/Build/Intermediates.noindex/swift-algorithms.build/Debug-iphonesimulator/Algorithms.build/Objects-normal/arm64/Algorithms-Swift.h -working-directory /Users/aadityasingh/Documents/Development/element-x-ios/Chatlio.xcodeproj -experimental-emit-module-separately -disable-cmo

SwiftEmitModule normal arm64 Emitting\ module\ for\ DequeModule (in target 'DequeModule' from project 'swift-collections')
EmitSwiftModule normal arm64 (in target 'DequeModule' from project 'swift-collections')
    cd /Users/aadityasingh/Documents/Development/element-x-ios/Chatlio.xcodeproj
    

SwiftEmitModule normal x86_64 Emitting\ module\ for\ DequeModule (in target 'DequeModule' from project 'swift-collections')
EmitSwiftModule normal x86_64 (in target 'DequeModule' from project 'swift-collections')
    cd /Users/aadityasingh/Documents/Development/element-x-ios/Chatlio.xcodeproj
    

CreateUniversalBinary /Users/aadityasingh/Library/Developer/Xcode/DerivedData/Chatlio-erkyzdeecsohoaggpwbjdvavzqfv/Build/Products/Debug-iphonesimulator/Kingfisher.o normal arm64\ x86_64 (in target 'Kingfisher' from project 'Kingfisher')
    cd /Users/aadityasingh/Library/Developer/Xcode/DerivedData/Chatlio-erkyzdeecsohoaggpwbjdvavzqfv/SourcePackages/checkouts/Kingfisher
    /Applications/Xcode.app/Contents/Developer/Toolchains/XcodeDefault.xctoolchain/usr/bin/lipo -create /Users/aadityasingh/Library/Developer/Xcode/DerivedData/Chatlio-erkyzdeecsohoaggpwbjdvavzqfv/Build/Intermediates.noindex/Kingfisher.build/Debug-iphonesimulator/Kingfisher.build/Objects-normal/arm64/Binary/Kingfisher.o /Users/aadityasingh/Library/Developer/Xcode/DerivedData/Chatlio-erkyzdeecsohoaggpwbjdvavzqfv/Build/Intermediates.noindex/Kingfisher.build/Debug-iphonesimulator/Kingfisher.build/Objects-normal/x86_64/Binary/Kingfisher.o -output /Users/aadityasingh/Library/Developer/Xcode/DerivedData/Chatlio-erkyzdeecsohoaggpwbjdvavzqfv/Build/Products/Debug-iphonesimulator/Kingfisher.o

RegisterExecutionPolicyException /Users/aadityasingh/Library/Developer/Xcode/DerivedData/Chatlio-erkyzdeecsohoaggpwbjdvavzqfv/Build/Products/Debug-iphonesimulator/GZIP.o (in target 'GZIP' from project 'GZIP')
    cd /Users/aadityasingh/Library/Developer/Xcode/DerivedData/Chatlio-erkyzdeecsohoaggpwbjdvavzqfv/SourcePackages/checkouts/GZIP
    builtin-RegisterExecutionPolicyException /Users/aadityasingh/Library/Developer/Xcode/DerivedData/Chatlio-erkyzdeecsohoaggpwbjdvavzqfv/Build/Products/Debug-iphonesimulator/GZIP.o

CodeSign /Users/aadityasingh/Library/Developer/Xcode/DerivedData/Chatlio-erkyzdeecsohoaggpwbjdvavzqfv/Build/Products/Debug-iphonesimulator/EmbeddedElementCall_EmbeddedElementCall.bundle (in target 'EmbeddedElementCall_EmbeddedElementCall' from project 'EmbeddedElementCall')
    cd /Users/aadityasingh/Library/Developer/Xcode/DerivedData/Chatlio-erkyzdeecsohoaggpwbjdvavzqfv/SourcePackages/checkouts/element-call-swift
    
    Signing Identity:     "Sign to Run Locally"
    
    /usr/bin/codesign --force --sign - --timestamp\=none --generate-entitlement-der /Users/aadityasingh/Library/Developer/Xcode/DerivedData/Chatlio-erkyzdeecsohoaggpwbjdvavzqfv/Build/Products/Debug-iphonesimulator/EmbeddedElementCall_EmbeddedElementCall.bundle

SwiftCompile normal arm64 Compiling\ _DequeSlot.swift /Users/aadityasingh/Library/Developer/Xcode/DerivedData/Chatlio-erkyzdeecsohoaggpwbjdvavzqfv/SourcePackages/checkouts/swift-collections/Sources/DequeModule/_DequeSlot.swift (in target 'DequeModule' from project 'swift-collections')

SwiftCompile normal arm64 /Users/aadityasingh/Library/Developer/Xcode/DerivedData/Chatlio-erkyzdeecsohoaggpwbjdvavzqfv/SourcePackages/checkouts/swift-collections/Sources/DequeModule/_DequeSlot.swift (in target 'DequeModule' from project 'swift-collections')
    cd /Users/aadityasingh/Documents/Development/element-x-ios/Chatlio.xcodeproj
    

SwiftCompile normal arm64 Compiling\ Deque._Storage.swift /Users/aadityasingh/Library/Developer/Xcode/DerivedData/Chatlio-erkyzdeecsohoaggpwbjdvavzqfv/SourcePackages/checkouts/swift-collections/Sources/DequeModule/Deque._Storage.swift (in target 'DequeModule' from project 'swift-collections')

SwiftCompile normal arm64 /Users/aadityasingh/Library/Developer/Xcode/DerivedData/Chatlio-erkyzdeecsohoaggpwbjdvavzqfv/SourcePackages/checkouts/swift-collections/Sources/DequeModule/Deque._Storage.swift (in target 'DequeModule' from project 'swift-collections')
    cd /Users/aadityasingh/Documents/Development/element-x-ios/Chatlio.xcodeproj
    

SwiftDriverJobDiscovery normal x86_64 Compiling GeneratedAssetSymbols.swift (in target 'CompoundDesignTokens' from project 'CompoundDesignTokens')

SwiftCompile normal arm64 Compiling\ Deque+Extras.swift,\ Deque+Hashable.swift /Users/aadityasingh/Library/Developer/Xcode/DerivedData/Chatlio-erkyzdeecsohoaggpwbjdvavzqfv/SourcePackages/checkouts/swift-collections/Sources/DequeModule/Deque+Extras.swift /Users/aadityasingh/Library/Developer/Xcode/DerivedData/Chatlio-erkyzdeecsohoaggpwbjdvavzqfv/SourcePackages/checkouts/swift-collections/Sources/DequeModule/Deque+Hashable.swift (in target 'DequeModule' from project 'swift-collections')

SwiftCompile normal arm64 /Users/aadityasingh/Library/Developer/Xcode/DerivedData/Chatlio-erkyzdeecsohoaggpwbjdvavzqfv/SourcePackages/checkouts/swift-collections/Sources/DequeModule/Deque+Extras.swift (in target 'DequeModule' from project 'swift-collections')
    cd /Users/aadityasingh/Documents/Development/element-x-ios/Chatlio.xcodeproj
    

SwiftCompile normal arm64 /Users/aadityasingh/Library/Developer/Xcode/DerivedData/Chatlio-erkyzdeecsohoaggpwbjdvavzqfv/SourcePackages/checkouts/swift-collections/Sources/DequeModule/Deque+Hashable.swift (in target 'DequeModule' from project 'swift-collections')
    cd /Users/aadityasingh/Documents/Development/element-x-ios/Chatlio.xcodeproj
    

SwiftCompile normal x86_64 Compiling\ Deque+Codable.swift,\ Deque+Collection.swift /Users/aadityasingh/Library/Developer/Xcode/DerivedData/Chatlio-erkyzdeecsohoaggpwbjdvavzqfv/SourcePackages/checkouts/swift-collections/Sources/DequeModule/Deque+Codable.swift /Users/aadityasingh/Library/Developer/Xcode/DerivedData/Chatlio-erkyzdeecsohoaggpwbjdvavzqfv/SourcePackages/checkouts/swift-collections/Sources/DequeModule/Deque+Collection.swift (in target 'DequeModule' from project 'swift-collections')
SwiftCompile normal x86_64 /Users/aadityasingh/Library/Developer/Xcode/DerivedData/Chatlio-erkyzdeecsohoaggpwbjdvavzqfv/SourcePackages/checkouts/swift-collections/Sources/DequeModule/Deque+Codable.swift (in target 'DequeModule' from project 'swift-collections')
    cd /Users/aadityasingh/Documents/Development/element-x-ios/Chatlio.xcodeproj
    

SwiftCompile normal x86_64 /Users/aadityasingh/Library/Developer/Xcode/DerivedData/Chatlio-erkyzdeecsohoaggpwbjdvavzqfv/SourcePackages/checkouts/swift-collections/Sources/DequeModule/Deque+Collection.swift (in target 'DequeModule' from project 'swift-collections')
    cd /Users/aadityasingh/Documents/Development/element-x-ios/Chatlio.xcodeproj
    

SwiftDriverJobDiscovery normal arm64 Compiling _HashNode+Structural subtracting.swift, _HashNode+Structural symmetricDifference.swift, _HashNode+Structural union.swift, _HashNode+Subtree Insertions.swift, _HashNode+Subtree Modify.swift, _HashNode+Subtree Removals.swift, _HashNode+UnsafeHandle.swift (in target 'HashTreeCollections' from project 'swift-collections')

SwiftDriverJobDiscovery normal arm64 Compiling CompoundIcons.swift (in target 'CompoundDesignTokens' from project 'CompoundDesignTokens')

SwiftDriver\ Compilation HashTreeCollections normal arm64 com.apple.xcode.tools.swift.compiler (in target 'HashTreeCollections' from project 'swift-collections')
    cd /Users/aadityasingh/Documents/Development/element-x-ios/Chatlio.xcodeproj
    builtin-Swift-Compilation -- /Applications/Xcode.app/Contents/Developer/Toolchains/XcodeDefault.xctoolchain/usr/bin/swiftc -module-name HashTreeCollections -Onone @/Users/aadityasingh/Library/Developer/Xcode/DerivedData/Chatlio-erkyzdeecsohoaggpwbjdvavzqfv/Build/Intermediates.noindex/swift-collections.build/Debug-iphonesimulator/HashTreeCollections.build/Objects-normal/arm64/HashTreeCollections.SwiftFileList -DSWIFT_PACKAGE -DDEBUG -DSWIFT_MODULE_RESOURCE_BUNDLE_UNAVAILABLE -DCOLLECTIONS_RANDOMIZED_TESTING -DXcode -enable-experimental-feature AvailabilityMacro\=SwiftStdlib\ 5.0:\ macOS\ 10.14.4,\ iOS\ 12.2,\ watchOS\ 5.2,\ tvOS\ 12.2 -enable-experimental-feature AvailabilityMacro\=SwiftStdlib\ 5.1:\ macOS\ 10.15,\ iOS\ 13.0,\ watchOS\ 6.0,\ tvOS\ 13.0 -enable-experimental-feature AvailabilityMacro\=SwiftStdlib\ 5.6:\ macOS\ 12.3,\ iOS\ 15.4,\ watchOS\ 8.5,\ tvOS\ 15.4 -enable-experimental-feature AvailabilityMacro\=SwiftStdlib\ 5.8:\ macOS\ 13.3,\ iOS\ 16.4,\ watchOS\ 9.4,\ tvOS\ 16.4 -enable-experimental-feature AvailabilityMacro\=SwiftStdlib\ 5.9:\ macOS\ 14.0,\ iOS\ 17.0,\ watchOS\ 10.0,\ tvOS\ 17.0 -enable-experimental-feature AvailabilityMacro\=SwiftStdlib\ 5.10:\ macOS\ 14.4,\ iOS\ 17.4,\ watchOS\ 10.4,\ tvOS\ 17.4,\ visionOS\ 1.1 -enable-experimental-feature AvailabilityMacro\=SwiftStdlib\ 6.0:\ macOS\ 15.0,\ iOS\ 18.0,\ watchOS\ 11.0,\ tvOS\ 18.0,\ visionOS\ 2.0 -enable-experimental-feature AvailabilityMacro\=SwiftStdlib\ 6.1:\ macOS\ 15.4,\ iOS\ 18.4,\ watchOS\ 11.4,\ tvOS\ 18.4,\ visionOS\ 2.4 -enable-experimental-feature AvailabilityMacro\=SwiftStdlib\ 6.2:\ macOS\ 26.0,\ iOS\ 26.0,\ watchOS\ 26.0,\ tvOS\ 26.0,\ visionOS\ 26.0 -enable-upcoming-feature MemberImportVisibility -enable-experimental-feature BuiltinModule -enable-experimental-feature Lifetimes -enable-experimental-feature InoutLifetimeDependence -enable-experimental-feature SuppressedAssociatedTypes -plugin-path /Applications/Xcode.app/Contents/Developer/Toolchains/XcodeDefault.xctoolchain/usr/lib/swift/host/plugins/testing -enable-experimental-feature DebugDescriptionMacro -sdk /Applications/Xcode.app/Contents/Developer/Platforms/iPhoneSimulator.platform/Developer/SDKs/iPhoneSimulator26.4.sdk -target arm64-apple-ios12.0-simulator -g -module-cache-path /Users/aadityasingh/Library/Developer/Xcode/DerivedData/ModuleCache.noindex -Xfrontend -serialize-debugging-options -profile-coverage-mapping -profile-generate -enable-testing -suppress-warnings -index-store-path /Users/aadityasingh/Library/Developer/Xcode/DerivedData/Chatlio-erkyzdeecsohoaggpwbjdvavzqfv/Index.noindex/DataStore -Xcc -D_LIBCPP_HARDENING_MODE\=_LIBCPP_HARDENING_MODE_DEBUG -swift-version 6 -I /Users/aadityasingh/Library/Developer/Xcode/DerivedData/Chatlio-erkyzdeecsohoaggpwbjdvavzqfv/Build/Products/Debug-iphonesimulator -Isystem /Applications/Xcode.app/Contents/Developer/Platforms/iPhoneSimulator.platform/Developer/usr/lib -F /Users/aadityasingh/Library/Developer/Xcode/DerivedData/Chatlio-erkyzdeecsohoaggpwbjdvavzqfv/Build/Products/Debug-iphonesimulator/PackageFrameworks -F /Users/aadityasingh/Library/Developer/Xcode/DerivedData/Chatlio-erkyzdeecsohoaggpwbjdvavzqfv/Build/Products/Debug-iphonesimulator -F /Applications/Xcode.app/Contents/Developer/Platforms/iPhoneSimulator.platform/Developer/Library/Frameworks -F /Applications/Xcode.app/Contents/Developer/Platforms/iPhoneSimulator.platform/Developer/SDKs/iPhoneSimulator26.4.sdk/Developer/Library/Frameworks -c -j12 -enable-batch-mode -incremental -Xcc -ivfsstatcache -Xcc /Users/aadityasingh/Library/Developer/Xcode/DerivedData/SDKStatCaches.noindex/iphonesimulator26.4-23E252-686eebb5dc1d8ecb277353a59184f4aa.sdkstatcache -output-file-map /Users/aadityasingh/Library/Developer/Xcode/DerivedData/Chatlio-erkyzdeecsohoaggpwbjdvavzqfv/Build/Intermediates.noindex/swift-collections.build/Debug-iphonesimulator/HashTreeCollections.build/Objects-normal/arm64/HashTreeCollections-OutputFileMap.json -use-frontend-parseable-output -save-temps -no-color-diagnostics -explicit-module-build -module-cache-path /Users/aadityasingh/Library/Developer/Xcode/DerivedData/Chatlio-erkyzdeecsohoaggpwbjdvavzqfv/Build/Intermediates.noindex/SwiftExplicitPrecompiledModules -clang-scanner-module-cache-path /Users/aadityasingh/Library/Developer/Xcode/DerivedData/ModuleCache.noindex -sdk-module-cache-path /Users/aadityasingh/Library/Developer/Xcode/DerivedData/ModuleCache.noindex -serialize-diagnostics -emit-dependencies -emit-module -emit-module-path /Users/aadityasingh/Library/Developer/Xcode/DerivedData/Chatlio-erkyzdeecsohoaggpwbjdvavzqfv/Build/Intermediates.noindex/swift-collections.build/Debug-iphonesimulator/HashTreeCollections.build/Objects-normal/arm64/HashTreeCollections.swiftmodule -user-module-version 1.3.0 -validate-clang-modules-once -clang-build-session-file /Users/aadityasingh/Library/Developer/Xcode/DerivedData/ModuleCache.noindex/Session.modulevalidation -package-name swift_collections -Xcc -I/Users/aadityasingh/Library/Developer/Xcode/DerivedData/Chatlio-erkyzdeecsohoaggpwbjdvavzqfv/Build/Intermediates.noindex/swift-collections.build/Debug-iphonesimulator/HashTreeCollections.build/swift-overrides.hmap -emit-const-values -Xfrontend -const-gather-protocols-file -Xfrontend /Users/aadityasingh/Library/Developer/Xcode/DerivedData/Chatlio-erkyzdeecsohoaggpwbjdvavzqfv/Build/Intermediates.noindex/swift-collections.build/Debug-iphonesimulator/HashTreeCollections.build/Objects-normal/arm64/HashTreeCollections_const_extract_protocols.json -Xcc -I/Users/aadityasingh/Library/Developer/Xcode/DerivedData/Chatlio-erkyzdeecsohoaggpwbjdvavzqfv/Build/Products/Debug-iphonesimulator/include -Xcc -I/Users/aadityasingh/Library/Developer/Xcode/DerivedData/Chatlio-erkyzdeecsohoaggpwbjdvavzqfv/Build/Intermediates.noindex/swift-collections.build/Debug-iphonesimulator/HashTreeCollections.build/DerivedSources-normal/arm64 -Xcc -I/Users/aadityasingh/Library/Developer/Xcode/DerivedData/Chatlio-erkyzdeecsohoaggpwbjdvavzqfv/Build/Intermediates.noindex/swift-collections.build/Debug-iphonesimulator/HashTreeCollections.build/DerivedSources/arm64 -Xcc -I/Users/aadityasingh/Library/Developer/Xcode/DerivedData/Chatlio-erkyzdeecsohoaggpwbjdvavzqfv/Build/Intermediates.noindex/swift-collections.build/Debug-iphonesimulator/HashTreeCollections.build/DerivedSources -Xcc -DSWIFT_PACKAGE -Xcc -DDEBUG\=1 -emit-objc-header -emit-objc-header-path /Users/aadityasingh/Library/Developer/Xcode/DerivedData/Chatlio-erkyzdeecsohoaggpwbjdvavzqfv/Build/Intermediates.noindex/swift-collections.build/Debug-iphonesimulator/HashTreeCollections.build/Objects-normal/arm64/HashTreeCollections-Swift.h -working-directory /Users/aadityasingh/Documents/Development/element-x-ios/Chatlio.xcodeproj -experimental-emit-module-separately -disable-cmo

SwiftCompile normal arm64 Compiling\ Deque+Codable.swift,\ Deque+Collection.swift /Users/aadityasingh/Library/Developer/Xcode/DerivedData/Chatlio-erkyzdeecsohoaggpwbjdvavzqfv/SourcePackages/checkouts/swift-collections/Sources/DequeModule/Deque+Codable.swift /Users/aadityasingh/Library/Developer/Xcode/DerivedData/Chatlio-erkyzdeecsohoaggpwbjdvavzqfv/SourcePackages/checkouts/swift-collections/Sources/DequeModule/Deque+Collection.swift (in target 'DequeModule' from project 'swift-collections')

SwiftCompile normal arm64 /Users/aadityasingh/Library/Developer/Xcode/DerivedData/Chatlio-erkyzdeecsohoaggpwbjdvavzqfv/SourcePackages/checkouts/swift-collections/Sources/DequeModule/Deque+Codable.swift (in target 'DequeModule' from project 'swift-collections')
    cd /Users/aadityasingh/Documents/Development/element-x-ios/Chatlio.xcodeproj
    

SwiftCompile normal arm64 /Users/aadityasingh/Library/Developer/Xcode/DerivedData/Chatlio-erkyzdeecsohoaggpwbjdvavzqfv/SourcePackages/checkouts/swift-collections/Sources/DequeModule/Deque+Collection.swift (in target 'DequeModule' from project 'swift-collections')
    cd /Users/aadityasingh/Documents/Development/element-x-ios/Chatlio.xcodeproj
    

SwiftCompile normal x86_64 Compiling\ Deque+Equatable.swift,\ Deque+ExpressibleByArrayLiteral.swift /Users/aadityasingh/Library/Developer/Xcode/DerivedData/Chatlio-erkyzdeecsohoaggpwbjdvavzqfv/SourcePackages/checkouts/swift-collections/Sources/DequeModule/Deque+Equatable.swift /Users/aadityasingh/Library/Developer/Xcode/DerivedData/Chatlio-erkyzdeecsohoaggpwbjdvavzqfv/SourcePackages/checkouts/swift-collections/Sources/DequeModule/Deque+ExpressibleByArrayLiteral.swift (in target 'DequeModule' from project 'swift-collections')

SwiftCompile normal x86_64 /Users/aadityasingh/Library/Developer/Xcode/DerivedData/Chatlio-erkyzdeecsohoaggpwbjdvavzqfv/SourcePackages/checkouts/swift-collections/Sources/DequeModule/Deque+Equatable.swift (in target 'DequeModule' from project 'swift-collections')
    cd /Users/aadityasingh/Documents/Development/element-x-ios/Chatlio.xcodeproj
    

SwiftCompile normal x86_64 /Users/aadityasingh/Library/Developer/Xcode/DerivedData/Chatlio-erkyzdeecsohoaggpwbjdvavzqfv/SourcePackages/checkouts/swift-collections/Sources/DequeModule/Deque+ExpressibleByArrayLiteral.swift (in target 'DequeModule' from project 'swift-collections')
    cd /Users/aadityasingh/Documents/Development/element-x-ios/Chatlio.xcodeproj
    

SwiftDriverJobDiscovery normal x86_64 Compiling _HashNode+Structural subtracting.swift, _HashNode+Structural symmetricDifference.swift, _HashNode+Structural union.swift, _HashNode+Subtree Insertions.swift, _HashNode+Subtree Modify.swift, _HashNode+Subtree Removals.swift, _HashNode+UnsafeHandle.swift (in target 'HashTreeCollections' from project 'swift-collections')

SwiftCompile normal x86_64 Compiling\ Deque+Testing.swift /Users/aadityasingh/Library/Developer/Xcode/DerivedData/Chatlio-erkyzdeecsohoaggpwbjdvavzqfv/SourcePackages/checkouts/swift-collections/Sources/DequeModule/Deque+Testing.swift (in target 'DequeModule' from project 'swift-collections')

SwiftCompile normal x86_64 /Users/aadityasingh/Library/Developer/Xcode/DerivedData/Chatlio-erkyzdeecsohoaggpwbjdvavzqfv/SourcePackages/checkouts/swift-collections/Sources/DequeModule/Deque+Testing.swift (in target 'DequeModule' from project 'swift-collections')
    cd /Users/aadityasingh/Documents/Development/element-x-ios/Chatlio.xcodeproj
    

SwiftEmitModule normal arm64 Emitting\ module\ for\ Algorithms (in target 'Algorithms' from project 'swift-algorithms')
EmitSwiftModule normal arm64 (in target 'Algorithms' from project 'swift-algorithms')
    cd /Users/aadityasingh/Documents/Development/element-x-ios/Chatlio.xcodeproj
    

SwiftDriverJobDiscovery normal arm64 Compiling _DequeSlot.swift (in target 'DequeModule' from project 'swift-collections')

SwiftEmitModule normal x86_64 Emitting\ module\ for\ Algorithms (in target 'Algorithms' from project 'swift-algorithms')
EmitSwiftModule normal x86_64 (in target 'Algorithms' from project 'swift-algorithms')
    cd /Users/aadityasingh/Documents/Development/element-x-ios/Chatlio.xcodeproj
    

SwiftDriver\ Compilation HashTreeCollections normal x86_64 com.apple.xcode.tools.swift.compiler (in target 'HashTreeCollections' from project 'swift-collections')
    cd /Users/aadityasingh/Documents/Development/element-x-ios/Chatlio.xcodeproj
    builtin-Swift-Compilation -- /Applications/Xcode.app/Contents/Developer/Toolchains/XcodeDefault.xctoolchain/usr/bin/swiftc -module-name HashTreeCollections -Onone @/Users/aadityasingh/Library/Developer/Xcode/DerivedData/Chatlio-erkyzdeecsohoaggpwbjdvavzqfv/Build/Intermediates.noindex/swift-collections.build/Debug-iphonesimulator/HashTreeCollections.build/Objects-normal/x86_64/HashTreeCollections.SwiftFileList -DSWIFT_PACKAGE -DDEBUG -DSWIFT_MODULE_RESOURCE_BUNDLE_UNAVAILABLE -DCOLLECTIONS_RANDOMIZED_TESTING -DXcode -enable-experimental-feature AvailabilityMacro\=SwiftStdlib\ 5.0:\ macOS\ 10.14.4,\ iOS\ 12.2,\ watchOS\ 5.2,\ tvOS\ 12.2 -enable-experimental-feature AvailabilityMacro\=SwiftStdlib\ 5.1:\ macOS\ 10.15,\ iOS\ 13.0,\ watchOS\ 6.0,\ tvOS\ 13.0 -enable-experimental-feature AvailabilityMacro\=SwiftStdlib\ 5.6:\ macOS\ 12.3,\ iOS\ 15.4,\ watchOS\ 8.5,\ tvOS\ 15.4 -enable-experimental-feature AvailabilityMacro\=SwiftStdlib\ 5.8:\ macOS\ 13.3,\ iOS\ 16.4,\ watchOS\ 9.4,\ tvOS\ 16.4 -enable-experimental-feature AvailabilityMacro\=SwiftStdlib\ 5.9:\ macOS\ 14.0,\ iOS\ 17.0,\ watchOS\ 10.0,\ tvOS\ 17.0 -enable-experimental-feature AvailabilityMacro\=SwiftStdlib\ 5.10:\ macOS\ 14.4,\ iOS\ 17.4,\ watchOS\ 10.4,\ tvOS\ 17.4,\ visionOS\ 1.1 -enable-experimental-feature AvailabilityMacro\=SwiftStdlib\ 6.0:\ macOS\ 15.0,\ iOS\ 18.0,\ watchOS\ 11.0,\ tvOS\ 18.0,\ visionOS\ 2.0 -enable-experimental-feature AvailabilityMacro\=SwiftStdlib\ 6.1:\ macOS\ 15.4,\ iOS\ 18.4,\ watchOS\ 11.4,\ tvOS\ 18.4,\ visionOS\ 2.4 -enable-experimental-feature AvailabilityMacro\=SwiftStdlib\ 6.2:\ macOS\ 26.0,\ iOS\ 26.0,\ watchOS\ 26.0,\ tvOS\ 26.0,\ visionOS\ 26.0 -enable-upcoming-feature MemberImportVisibility -enable-experimental-feature BuiltinModule -enable-experimental-feature Lifetimes -enable-experimental-feature InoutLifetimeDependence -enable-experimental-feature SuppressedAssociatedTypes -plugin-path /Applications/Xcode.app/Contents/Developer/Toolchains/XcodeDefault.xctoolchain/usr/lib/swift/host/plugins/testing -enable-experimental-feature DebugDescriptionMacro -sdk /Applications/Xcode.app/Contents/Developer/Platforms/iPhoneSimulator.platform/Developer/SDKs/iPhoneSimulator26.4.sdk -target x86_64-apple-ios12.0-simulator -g -module-cache-path /Users/aadityasingh/Library/Developer/Xcode/DerivedData/ModuleCache.noindex -Xfrontend -serialize-debugging-options -profile-coverage-mapping -profile-generate -enable-testing -suppress-warnings -index-store-path /Users/aadityasingh/Library/Developer/Xcode/DerivedData/Chatlio-erkyzdeecsohoaggpwbjdvavzqfv/Index.noindex/DataStore -Xcc -D_LIBCPP_HARDENING_MODE\=_LIBCPP_HARDENING_MODE_DEBUG -swift-version 6 -I /Users/aadityasingh/Library/Developer/Xcode/DerivedData/Chatlio-erkyzdeecsohoaggpwbjdvavzqfv/Build/Products/Debug-iphonesimulator -Isystem /Applications/Xcode.app/Contents/Developer/Platforms/iPhoneSimulator.platform/Developer/usr/lib -F /Users/aadityasingh/Library/Developer/Xcode/DerivedData/Chatlio-erkyzdeecsohoaggpwbjdvavzqfv/Build/Products/Debug-iphonesimulator/PackageFrameworks -F /Users/aadityasingh/Library/Developer/Xcode/DerivedData/Chatlio-erkyzdeecsohoaggpwbjdvavzqfv/Build/Products/Debug-iphonesimulator -F /Applications/Xcode.app/Contents/Developer/Platforms/iPhoneSimulator.platform/Developer/Library/Frameworks -F /Applications/Xcode.app/Contents/Developer/Platforms/iPhoneSimulator.platform/Developer/SDKs/iPhoneSimulator26.4.sdk/Developer/Library/Frameworks -c -j12 -enable-batch-mode -incremental -Xcc -ivfsstatcache -Xcc /Users/aadityasingh/Library/Developer/Xcode/DerivedData/SDKStatCaches.noindex/iphonesimulator26.4-23E252-686eebb5dc1d8ecb277353a59184f4aa.sdkstatcache -output-file-map /Users/aadityasingh/Library/Developer/Xcode/DerivedData/Chatlio-erkyzdeecsohoaggpwbjdvavzqfv/Build/Intermediates.noindex/swift-collections.build/Debug-iphonesimulator/HashTreeCollections.build/Objects-normal/x86_64/HashTreeCollections-OutputFileMap.json -use-frontend-parseable-output -save-temps -no-color-diagnostics -explicit-module-build -module-cache-path /Users/aadityasingh/Library/Developer/Xcode/DerivedData/Chatlio-erkyzdeecsohoaggpwbjdvavzqfv/Build/Intermediates.noindex/SwiftExplicitPrecompiledModules -clang-scanner-module-cache-path /Users/aadityasingh/Library/Developer/Xcode/DerivedData/ModuleCache.noindex -sdk-module-cache-path /Users/aadityasingh/Library/Developer/Xcode/DerivedData/ModuleCache.noindex -serialize-diagnostics -emit-dependencies -emit-module -emit-module-path /Users/aadityasingh/Library/Developer/Xcode/DerivedData/Chatlio-erkyzdeecsohoaggpwbjdvavzqfv/Build/Intermediates.noindex/swift-collections.build/Debug-iphonesimulator/HashTreeCollections.build/Objects-normal/x86_64/HashTreeCollections.swiftmodule -user-module-version 1.3.0 -validate-clang-modules-once -clang-build-session-file /Users/aadityasingh/Library/Developer/Xcode/DerivedData/ModuleCache.noindex/Session.modulevalidation -package-name swift_collections -Xcc -I/Users/aadityasingh/Library/Developer/Xcode/DerivedData/Chatlio-erkyzdeecsohoaggpwbjdvavzqfv/Build/Intermediates.noindex/swift-collections.build/Debug-iphonesimulator/HashTreeCollections.build/swift-overrides.hmap -emit-const-values -Xfrontend -const-gather-protocols-file -Xfrontend /Users/aadityasingh/Library/Developer/Xcode/DerivedData/Chatlio-erkyzdeecsohoaggpwbjdvavzqfv/Build/Intermediates.noindex/swift-collections.build/Debug-iphonesimulator/HashTreeCollections.build/Objects-normal/x86_64/HashTreeCollections_const_extract_protocols.json -Xcc -I/Users/aadityasingh/Library/Developer/Xcode/DerivedData/Chatlio-erkyzdeecsohoaggpwbjdvavzqfv/Build/Products/Debug-iphonesimulator/include -Xcc -I/Users/aadityasingh/Library/Developer/Xcode/DerivedData/Chatlio-erkyzdeecsohoaggpwbjdvavzqfv/Build/Intermediates.noindex/swift-collections.build/Debug-iphonesimulator/HashTreeCollections.build/DerivedSources-normal/x86_64 -Xcc -I/Users/aadityasingh/Library/Developer/Xcode/DerivedData/Chatlio-erkyzdeecsohoaggpwbjdvavzqfv/Build/Intermediates.noindex/swift-collections.build/Debug-iphonesimulator/HashTreeCollections.build/DerivedSources/x86_64 -Xcc -I/Users/aadityasingh/Library/Developer/Xcode/DerivedData/Chatlio-erkyzdeecsohoaggpwbjdvavzqfv/Build/Intermediates.noindex/swift-collections.build/Debug-iphonesimulator/HashTreeCollections.build/DerivedSources -Xcc -DSWIFT_PACKAGE -Xcc -DDEBUG\=1 -emit-objc-header -emit-objc-header-path /Users/aadityasingh/Library/Developer/Xcode/DerivedData/Chatlio-erkyzdeecsohoaggpwbjdvavzqfv/Build/Intermediates.noindex/swift-collections.build/Debug-iphonesimulator/HashTreeCollections.build/Objects-normal/x86_64/HashTreeCollections-Swift.h -working-directory /Users/aadityasingh/Documents/Development/element-x-ios/Chatlio.xcodeproj -experimental-emit-module-separately -disable-cmo

SwiftCompile normal x86_64 Compiling\ _DequeSlot.swift /Users/aadityasingh/Library/Developer/Xcode/DerivedData/Chatlio-erkyzdeecsohoaggpwbjdvavzqfv/SourcePackages/checkouts/swift-collections/Sources/DequeModule/_DequeSlot.swift (in target 'DequeModule' from project 'swift-collections')

SwiftCompile normal x86_64 /Users/aadityasingh/Library/Developer/Xcode/DerivedData/Chatlio-erkyzdeecsohoaggpwbjdvavzqfv/SourcePackages/checkouts/swift-collections/Sources/DequeModule/_DequeSlot.swift (in target 'DequeModule' from project 'swift-collections')
    cd /Users/aadityasingh/Documents/Development/element-x-ios/Chatlio.xcodeproj
    

SwiftEmitModule normal arm64 Emitting\ module\ for\ BitCollections (in target 'BitCollections' from project 'swift-collections')

EmitSwiftModule normal arm64 (in target 'BitCollections' from project 'swift-collections')
    cd /Users/aadityasingh/Documents/Development/element-x-ios/Chatlio.xcodeproj
    

SwiftDriverJobDiscovery normal arm64 Compiling Deque._Storage.swift (in target 'DequeModule' from project 'swift-collections')

SwiftEmitModule normal x86_64 Emitting\ module\ for\ BitCollections (in target 'BitCollections' from project 'swift-collections')

EmitSwiftModule normal x86_64 (in target 'BitCollections' from project 'swift-collections')
    cd /Users/aadityasingh/Documents/Development/element-x-ios/Chatlio.xcodeproj
    

SwiftDriverJobDiscovery normal x86_64 Compiling Deque+Equatable.swift, Deque+ExpressibleByArrayLiteral.swift (in target 'DequeModule' from project 'swift-collections')

SwiftCompile normal arm64 Compiling\ Deque+Equatable.swift,\ Deque+ExpressibleByArrayLiteral.swift /Users/aadityasingh/Library/Developer/Xcode/DerivedData/Chatlio-erkyzdeecsohoaggpwbjdvavzqfv/SourcePackages/checkouts/swift-collections/Sources/DequeModule/Deque+Equatable.swift /Users/aadityasingh/Library/Developer/Xcode/DerivedData/Chatlio-erkyzdeecsohoaggpwbjdvavzqfv/SourcePackages/checkouts/swift-collections/Sources/DequeModule/Deque+ExpressibleByArrayLiteral.swift (in target 'DequeModule' from project 'swift-collections')

SwiftCompile normal arm64 /Users/aadityasingh/Library/Developer/Xcode/DerivedData/Chatlio-erkyzdeecsohoaggpwbjdvavzqfv/SourcePackages/checkouts/swift-collections/Sources/DequeModule/Deque+Equatable.swift (in target 'DequeModule' from project 'swift-collections')
    cd /Users/aadityasingh/Documents/Development/element-x-ios/Chatlio.xcodeproj
    

SwiftCompile normal arm64 /Users/aadityasingh/Library/Developer/Xcode/DerivedData/Chatlio-erkyzdeecsohoaggpwbjdvavzqfv/SourcePackages/checkouts/swift-collections/Sources/DequeModule/Deque+ExpressibleByArrayLiteral.swift (in target 'DequeModule' from project 'swift-collections')
    cd /Users/aadityasingh/Documents/Development/element-x-ios/Chatlio.xcodeproj
    

SwiftDriverJobDiscovery normal arm64 Compiling Deque+Extras.swift, Deque+Hashable.swift (in target 'DequeModule' from project 'swift-collections')

SwiftCompile normal arm64 Compiling\ _DequeBuffer.swift /Users/aadityasingh/Library/Developer/Xcode/DerivedData/Chatlio-erkyzdeecsohoaggpwbjdvavzqfv/SourcePackages/checkouts/swift-collections/Sources/DequeModule/_DequeBuffer.swift (in target 'DequeModule' from project 'swift-collections')

SwiftCompile normal arm64 /Users/aadityasingh/Library/Developer/Xcode/DerivedData/Chatlio-erkyzdeecsohoaggpwbjdvavzqfv/SourcePackages/checkouts/swift-collections/Sources/DequeModule/_DequeBuffer.swift (in target 'DequeModule' from project 'swift-collections')
    cd /Users/aadityasingh/Documents/Development/element-x-ios/Chatlio.xcodeproj
    

SwiftDriverJobDiscovery normal x86_64 Compiling _DequeSlot.swift (in target 'DequeModule' from project 'swift-collections')

SwiftCompile normal arm64 Compiling\ Deque+CustomReflectable.swift,\ Deque+Descriptions.swift /Users/aadityasingh/Library/Developer/Xcode/DerivedData/Chatlio-erkyzdeecsohoaggpwbjdvavzqfv/SourcePackages/checkouts/swift-collections/Sources/DequeModule/Deque+CustomReflectable.swift /Users/aadityasingh/Library/Developer/Xcode/DerivedData/Chatlio-erkyzdeecsohoaggpwbjdvavzqfv/SourcePackages/checkouts/swift-collections/Sources/DequeModule/Deque+Descriptions.swift (in target 'DequeModule' from project 'swift-collections')

SwiftCompile normal arm64 /Users/aadityasingh/Library/Developer/Xcode/DerivedData/Chatlio-erkyzdeecsohoaggpwbjdvavzqfv/SourcePackages/checkouts/swift-collections/Sources/DequeModule/Deque+CustomReflectable.swift (in target 'DequeModule' from project 'swift-collections')
    cd /Users/aadityasingh/Documents/Development/element-x-ios/Chatlio.xcodeproj
    

SwiftCompile normal arm64 /Users/aadityasingh/Library/Developer/Xcode/DerivedData/Chatlio-erkyzdeecsohoaggpwbjdvavzqfv/SourcePackages/checkouts/swift-collections/Sources/DequeModule/Deque+Descriptions.swift (in target 'DequeModule' from project 'swift-collections')
    cd /Users/aadityasingh/Documents/Development/element-x-ios/Chatlio.xcodeproj
    

SwiftDriverJobDiscovery normal x86_64 Compiling Deque+Testing.swift (in target 'DequeModule' from project 'swift-collections')

SwiftCompile normal x86_64 Compiling\ _DequeBuffer.swift /Users/aadityasingh/Library/Developer/Xcode/DerivedData/Chatlio-erkyzdeecsohoaggpwbjdvavzqfv/SourcePackages/checkouts/swift-collections/Sources/DequeModule/_DequeBuffer.swift (in target 'DequeModule' from project 'swift-collections')

SwiftCompile normal x86_64 /Users/aadityasingh/Library/Developer/Xcode/DerivedData/Chatlio-erkyzdeecsohoaggpwbjdvavzqfv/SourcePackages/checkouts/swift-collections/Sources/DequeModule/_DequeBuffer.swift (in target 'DequeModule' from project 'swift-collections')
    cd /Users/aadityasingh/Documents/Development/element-x-ios/Chatlio.xcodeproj
    

SwiftDriverJobDiscovery normal arm64 Compiling GeneratedAssetSymbols.swift (in target 'CompoundDesignTokens' from project 'CompoundDesignTokens')

SwiftCompile normal x86_64 Compiling\ Deque.swift /Users/aadityasingh/Library/Developer/Xcode/DerivedData/Chatlio-erkyzdeecsohoaggpwbjdvavzqfv/SourcePackages/checkouts/swift-collections/Sources/DequeModule/Deque.swift (in target 'DequeModule' from project 'swift-collections')

SwiftCompile normal x86_64 /Users/aadityasingh/Library/Developer/Xcode/DerivedData/Chatlio-erkyzdeecsohoaggpwbjdvavzqfv/SourcePackages/checkouts/swift-collections/Sources/DequeModule/Deque.swift (in target 'DequeModule' from project 'swift-collections')
    cd /Users/aadityasingh/Documents/Development/element-x-ios/Chatlio.xcodeproj
    

SwiftDriverJobDiscovery normal arm64 Compiling Deque+Equatable.swift, Deque+ExpressibleByArrayLiteral.swift (in target 'DequeModule' from project 'swift-collections')

SwiftCompile normal arm64 Compiling\ Deque+Testing.swift /Users/aadityasingh/Library/Developer/Xcode/DerivedData/Chatlio-erkyzdeecsohoaggpwbjdvavzqfv/SourcePackages/checkouts/swift-collections/Sources/DequeModule/Deque+Testing.swift (in target 'DequeModule' from project 'swift-collections')

SwiftCompile normal arm64 /Users/aadityasingh/Library/Developer/Xcode/DerivedData/Chatlio-erkyzdeecsohoaggpwbjdvavzqfv/SourcePackages/checkouts/swift-collections/Sources/DequeModule/Deque+Testing.swift (in target 'DequeModule' from project 'swift-collections')
    cd /Users/aadityasingh/Documents/Development/element-x-ios/Chatlio.xcodeproj
    

SwiftDriverJobDiscovery normal arm64 Compiling Deque+CustomReflectable.swift, Deque+Descriptions.swift (in target 'DequeModule' from project 'swift-collections')

SwiftCompile normal x86_64 Compiling\ Deque+Extras.swift,\ Deque+Hashable.swift /Users/aadityasingh/Library/Developer/Xcode/DerivedData/Chatlio-erkyzdeecsohoaggpwbjdvavzqfv/SourcePackages/checkouts/swift-collections/Sources/DequeModule/Deque+Extras.swift /Users/aadityasingh/Library/Developer/Xcode/DerivedData/Chatlio-erkyzdeecsohoaggpwbjdvavzqfv/SourcePackages/checkouts/swift-collections/Sources/DequeModule/Deque+Hashable.swift (in target 'DequeModule' from project 'swift-collections')

SwiftCompile normal x86_64 /Users/aadityasingh/Library/Developer/Xcode/DerivedData/Chatlio-erkyzdeecsohoaggpwbjdvavzqfv/SourcePackages/checkouts/swift-collections/Sources/DequeModule/Deque+Extras.swift (in target 'DequeModule' from project 'swift-collections')
    cd /Users/aadityasingh/Documents/Development/element-x-ios/Chatlio.xcodeproj
    

SwiftCompile normal x86_64 /Users/aadityasingh/Library/Developer/Xcode/DerivedData/Chatlio-erkyzdeecsohoaggpwbjdvavzqfv/SourcePackages/checkouts/swift-collections/Sources/DequeModule/Deque+Hashable.swift (in target 'DequeModule' from project 'swift-collections')
    cd /Users/aadityasingh/Documents/Development/element-x-ios/Chatlio.xcodeproj
    

SwiftDriverJobDiscovery normal arm64 Emitting module for DequeModule (in target 'DequeModule' from project 'swift-collections')

SwiftDriver\ Compilation\ Requirements DequeModule normal arm64 com.apple.xcode.tools.swift.compiler (in target 'DequeModule' from project 'swift-collections')
    cd /Users/aadityasingh/Documents/Development/element-x-ios/Chatlio.xcodeproj
    builtin-Swift-Compilation-Requirements -- /Applications/Xcode.app/Contents/Developer/Toolchains/XcodeDefault.xctoolchain/usr/bin/swiftc -module-name DequeModule -Onone @/Users/aadityasingh/Library/Developer/Xcode/DerivedData/Chatlio-erkyzdeecsohoaggpwbjdvavzqfv/Build/Intermediates.noindex/swift-collections.build/Debug-iphonesimulator/DequeModule.build/Objects-normal/arm64/DequeModule.SwiftFileList -DSWIFT_PACKAGE -DDEBUG -DSWIFT_MODULE_RESOURCE_BUNDLE_UNAVAILABLE -DCOLLECTIONS_RANDOMIZED_TESTING -DXcode -enable-experimental-feature AvailabilityMacro\=SwiftStdlib\ 5.0:\ macOS\ 10.14.4,\ iOS\ 12.2,\ watchOS\ 5.2,\ tvOS\ 12.2 -enable-experimental-feature AvailabilityMacro\=SwiftStdlib\ 5.1:\ macOS\ 10.15,\ iOS\ 13.0,\ watchOS\ 6.0,\ tvOS\ 13.0 -enable-experimental-feature AvailabilityMacro\=SwiftStdlib\ 5.6:\ macOS\ 12.3,\ iOS\ 15.4,\ watchOS\ 8.5,\ tvOS\ 15.4 -enable-experimental-feature AvailabilityMacro\=SwiftStdlib\ 5.8:\ macOS\ 13.3,\ iOS\ 16.4,\ watchOS\ 9.4,\ tvOS\ 16.4 -enable-experimental-feature AvailabilityMacro\=SwiftStdlib\ 5.9:\ macOS\ 14.0,\ iOS\ 17.0,\ watchOS\ 10.0,\ tvOS\ 17.0 -enable-experimental-feature AvailabilityMacro\=SwiftStdlib\ 5.10:\ macOS\ 14.4,\ iOS\ 17.4,\ watchOS\ 10.4,\ tvOS\ 17.4,\ visionOS\ 1.1 -enable-experimental-feature AvailabilityMacro\=SwiftStdlib\ 6.0:\ macOS\ 15.0,\ iOS\ 18.0,\ watchOS\ 11.0,\ tvOS\ 18.0,\ visionOS\ 2.0 -enable-experimental-feature AvailabilityMacro\=SwiftStdlib\ 6.1:\ macOS\ 15.4,\ iOS\ 18.4,\ watchOS\ 11.4,\ tvOS\ 18.4,\ visionOS\ 2.4 -enable-experimental-feature AvailabilityMacro\=SwiftStdlib\ 6.2:\ macOS\ 26.0,\ iOS\ 26.0,\ watchOS\ 26.0,\ tvOS\ 26.0,\ visionOS\ 26.0 -enable-upcoming-feature MemberImportVisibility -enable-experimental-feature BuiltinModule -enable-experimental-feature Lifetimes -enable-experimental-feature InoutLifetimeDependence -enable-experimental-feature SuppressedAssociatedTypes -plugin-path /Applications/Xcode.app/Contents/Developer/Toolchains/XcodeDefault.xctoolchain/usr/lib/swift/host/plugins/testing -enable-experimental-feature DebugDescriptionMacro -sdk /Applications/Xcode.app/Contents/Developer/Platforms/iPhoneSimulator.platform/Developer/SDKs/iPhoneSimulator26.4.sdk -target arm64-apple-ios12.0-simulator -g -module-cache-path /Users/aadityasingh/Library/Developer/Xcode/DerivedData/ModuleCache.noindex -Xfrontend -serialize-debugging-options -profile-coverage-mapping -profile-generate -enable-testing -suppress-warnings -index-store-path /Users/aadityasingh/Library/Developer/Xcode/DerivedData/Chatlio-erkyzdeecsohoaggpwbjdvavzqfv/Index.noindex/DataStore -Xcc -D_LIBCPP_HARDENING_MODE\=_LIBCPP_HARDENING_MODE_DEBUG -swift-version 6 -I /Users/aadityasingh/Library/Developer/Xcode/DerivedData/Chatlio-erkyzdeecsohoaggpwbjdvavzqfv/Build/Products/Debug-iphonesimulator -Isystem /Applications/Xcode.app/Contents/Developer/Platforms/iPhoneSimulator.platform/Developer/usr/lib -F /Users/aadityasingh/Library/Developer/Xcode/DerivedData/Chatlio-erkyzdeecsohoaggpwbjdvavzqfv/Build/Products/Debug-iphonesimulator/PackageFrameworks -F /Users/aadityasingh/Library/Developer/Xcode/DerivedData/Chatlio-erkyzdeecsohoaggpwbjdvavzqfv/Build/Products/Debug-iphonesimulator -F /Applications/Xcode.app/Contents/Developer/Platforms/iPhoneSimulator.platform/Developer/Library/Frameworks -F /Applications/Xcode.app/Contents/Developer/Platforms/iPhoneSimulator.platform/Developer/SDKs/iPhoneSimulator26.4.sdk/Developer/Library/Frameworks -c -j12 -enable-batch-mode -incremental -Xcc -ivfsstatcache -Xcc /Users/aadityasingh/Library/Developer/Xcode/DerivedData/SDKStatCaches.noindex/iphonesimulator26.4-23E252-686eebb5dc1d8ecb277353a59184f4aa.sdkstatcache -output-file-map /Users/aadityasingh/Library/Developer/Xcode/DerivedData/Chatlio-erkyzdeecsohoaggpwbjdvavzqfv/Build/Intermediates.noindex/swift-collections.build/Debug-iphonesimulator/DequeModule.build/Objects-normal/arm64/DequeModule-OutputFileMap.json -use-frontend-parseable-output -save-temps -no-color-diagnostics -explicit-module-build -module-cache-path /Users/aadityasingh/Library/Developer/Xcode/DerivedData/Chatlio-erkyzdeecsohoaggpwbjdvavzqfv/Build/Intermediates.noindex/SwiftExplicitPrecompiledModules -clang-scanner-module-cache-path /Users/aadityasingh/Library/Developer/Xcode/DerivedData/ModuleCache.noindex -sdk-module-cache-path /Users/aadityasingh/Library/Developer/Xcode/DerivedData/ModuleCache.noindex -serialize-diagnostics -emit-dependencies -emit-module -emit-module-path /Users/aadityasingh/Library/Developer/Xcode/DerivedData/Chatlio-erkyzdeecsohoaggpwbjdvavzqfv/Build/Intermediates.noindex/swift-collections.build/Debug-iphonesimulator/DequeModule.build/Objects-normal/arm64/DequeModule.swiftmodule -user-module-version 1.3.0 -validate-clang-modules-once -clang-build-session-file /Users/aadityasingh/Library/Developer/Xcode/DerivedData/ModuleCache.noindex/Session.modulevalidation -package-name swift_collections -Xcc -I/Users/aadityasingh/Library/Developer/Xcode/DerivedData/Chatlio-erkyzdeecsohoaggpwbjdvavzqfv/Build/Intermediates.noindex/swift-collections.build/Debug-iphonesimulator/DequeModule.build/swift-overrides.hmap -emit-const-values -Xfrontend -const-gather-protocols-file -Xfrontend /Users/aadityasingh/Library/Developer/Xcode/DerivedData/Chatlio-erkyzdeecsohoaggpwbjdvavzqfv/Build/Intermediates.noindex/swift-collections.build/Debug-iphonesimulator/DequeModule.build/Objects-normal/arm64/DequeModule_const_extract_protocols.json -Xcc -I/Users/aadityasingh/Library/Developer/Xcode/DerivedData/Chatlio-erkyzdeecsohoaggpwbjdvavzqfv/Build/Products/Debug-iphonesimulator/include -Xcc -I/Users/aadityasingh/Library/Developer/Xcode/DerivedData/Chatlio-erkyzdeecsohoaggpwbjdvavzqfv/Build/Intermediates.noindex/swift-collections.build/Debug-iphonesimulator/DequeModule.build/DerivedSources-normal/arm64 -Xcc -I/Users/aadityasingh/Library/Developer/Xcode/DerivedData/Chatlio-erkyzdeecsohoaggpwbjdvavzqfv/Build/Intermediates.noindex/swift-collections.build/Debug-iphonesimulator/DequeModule.build/DerivedSources/arm64 -Xcc -I/Users/aadityasingh/Library/Developer/Xcode/DerivedData/Chatlio-erkyzdeecsohoaggpwbjdvavzqfv/Build/Intermediates.noindex/swift-collections.build/Debug-iphonesimulator/DequeModule.build/DerivedSources -Xcc -DSWIFT_PACKAGE -Xcc -DDEBUG\=1 -emit-objc-header -emit-objc-header-path /Users/aadityasingh/Library/Developer/Xcode/DerivedData/Chatlio-erkyzdeecsohoaggpwbjdvavzqfv/Build/Intermediates.noindex/swift-collections.build/Debug-iphonesimulator/DequeModule.build/Objects-normal/arm64/DequeModule-Swift.h -working-directory /Users/aadityasingh/Documents/Development/element-x-ios/Chatlio.xcodeproj -experimental-emit-module-separately -disable-cmo

SwiftDriverJobDiscovery normal arm64 Compiling _DequeBuffer.swift (in target 'DequeModule' from project 'swift-collections')

SwiftCompile normal x86_64 Compiling\ _UnsafeWrappedBuffer.swift /Users/aadityasingh/Library/Developer/Xcode/DerivedData/Chatlio-erkyzdeecsohoaggpwbjdvavzqfv/SourcePackages/checkouts/swift-collections/Sources/DequeModule/_UnsafeWrappedBuffer.swift (in target 'DequeModule' from project 'swift-collections')

SwiftCompile normal x86_64 /Users/aadityasingh/Library/Developer/Xcode/DerivedData/Chatlio-erkyzdeecsohoaggpwbjdvavzqfv/SourcePackages/checkouts/swift-collections/Sources/DequeModule/_UnsafeWrappedBuffer.swift (in target 'DequeModule' from project 'swift-collections')
    cd /Users/aadityasingh/Documents/Development/element-x-ios/Chatlio.xcodeproj
    

SwiftDriverJobDiscovery normal x86_64 Compiling Deque.swift (in target 'DequeModule' from project 'swift-collections')

Copy /Users/aadityasingh/Library/Developer/Xcode/DerivedData/Chatlio-erkyzdeecsohoaggpwbjdvavzqfv/Build/Products/Debug-iphonesimulator/DequeModule.swiftmodule/arm64-apple-ios-simulator.swiftmodule /Users/aadityasingh/Library/Developer/Xcode/DerivedData/Chatlio-erkyzdeecsohoaggpwbjdvavzqfv/Build/Intermediates.noindex/swift-collections.build/Debug-iphonesimulator/DequeModule.build/Objects-normal/arm64/DequeModule.swiftmodule (in target 'DequeModule' from project 'swift-collections')
    cd /Users/aadityasingh/Library/Developer/Xcode/DerivedData/Chatlio-erkyzdeecsohoaggpwbjdvavzqfv/SourcePackages/checkouts/swift-collections
    builtin-copy -exclude .DS_Store -exclude CVS -exclude .svn -exclude .git -exclude .hg -resolve-src-symlinks -rename /Users/aadityasingh/Library/Developer/Xcode/DerivedData/Chatlio-erkyzdeecsohoaggpwbjdvavzqfv/Build/Intermediates.noindex/swift-collections.build/Debug-iphonesimulator/DequeModule.build/Objects-normal/arm64/DequeModule.swiftmodule /Users/aadityasingh/Library/Developer/Xcode/DerivedData/Chatlio-erkyzdeecsohoaggpwbjdvavzqfv/Build/Products/Debug-iphonesimulator/DequeModule.swiftmodule/arm64-apple-ios-simulator.swiftmodule

Copy /Users/aadityasingh/Library/Developer/Xcode/DerivedData/Chatlio-erkyzdeecsohoaggpwbjdvavzqfv/Build/Products/Debug-iphonesimulator/DequeModule.swiftmodule/arm64-apple-ios-simulator.swiftdoc /Users/aadityasingh/Library/Developer/Xcode/DerivedData/Chatlio-erkyzdeecsohoaggpwbjdvavzqfv/Build/Intermediates.noindex/swift-collections.build/Debug-iphonesimulator/DequeModule.build/Objects-normal/arm64/DequeModule.swiftdoc (in target 'DequeModule' from project 'swift-collections')
    cd /Users/aadityasingh/Library/Developer/Xcode/DerivedData/Chatlio-erkyzdeecsohoaggpwbjdvavzqfv/SourcePackages/checkouts/swift-collections
    builtin-copy -exclude .DS_Store -exclude CVS -exclude .svn -exclude .git -exclude .hg -resolve-src-symlinks -rename /Users/aadityasingh/Library/Developer/Xcode/DerivedData/Chatlio-erkyzdeecsohoaggpwbjdvavzqfv/Build/Intermediates.noindex/swift-collections.build/Debug-iphonesimulator/DequeModule.build/Objects-normal/arm64/DequeModule.swiftdoc /Users/aadityasingh/Library/Developer/Xcode/DerivedData/Chatlio-erkyzdeecsohoaggpwbjdvavzqfv/Build/Products/Debug-iphonesimulator/DequeModule.swiftmodule/arm64-apple-ios-simulator.swiftdoc

SwiftDriverJobDiscovery normal x86_64 Emitting module for DequeModule (in target 'DequeModule' from project 'swift-collections')

SwiftDriver\ Compilation\ Requirements DequeModule normal x86_64 com.apple.xcode.tools.swift.compiler (in target 'DequeModule' from project 'swift-collections')
    cd /Users/aadityasingh/Documents/Development/element-x-ios/Chatlio.xcodeproj
    builtin-Swift-Compilation-Requirements -- /Applications/Xcode.app/Contents/Developer/Toolchains/XcodeDefault.xctoolchain/usr/bin/swiftc -module-name DequeModule -Onone @/Users/aadityasingh/Library/Developer/Xcode/DerivedData/Chatlio-erkyzdeecsohoaggpwbjdvavzqfv/Build/Intermediates.noindex/swift-collections.build/Debug-iphonesimulator/DequeModule.build/Objects-normal/x86_64/DequeModule.SwiftFileList -DSWIFT_PACKAGE -DDEBUG -DSWIFT_MODULE_RESOURCE_BUNDLE_UNAVAILABLE -DCOLLECTIONS_RANDOMIZED_TESTING -DXcode -enable-experimental-feature AvailabilityMacro\=SwiftStdlib\ 5.0:\ macOS\ 10.14.4,\ iOS\ 12.2,\ watchOS\ 5.2,\ tvOS\ 12.2 -enable-experimental-feature AvailabilityMacro\=SwiftStdlib\ 5.1:\ macOS\ 10.15,\ iOS\ 13.0,\ watchOS\ 6.0,\ tvOS\ 13.0 -enable-experimental-feature AvailabilityMacro\=SwiftStdlib\ 5.6:\ macOS\ 12.3,\ iOS\ 15.4,\ watchOS\ 8.5,\ tvOS\ 15.4 -enable-experimental-feature AvailabilityMacro\=SwiftStdlib\ 5.8:\ macOS\ 13.3,\ iOS\ 16.4,\ watchOS\ 9.4,\ tvOS\ 16.4 -enable-experimental-feature AvailabilityMacro\=SwiftStdlib\ 5.9:\ macOS\ 14.0,\ iOS\ 17.0,\ watchOS\ 10.0,\ tvOS\ 17.0 -enable-experimental-feature AvailabilityMacro\=SwiftStdlib\ 5.10:\ macOS\ 14.4,\ iOS\ 17.4,\ watchOS\ 10.4,\ tvOS\ 17.4,\ visionOS\ 1.1 -enable-experimental-feature AvailabilityMacro\=SwiftStdlib\ 6.0:\ macOS\ 15.0,\ iOS\ 18.0,\ watchOS\ 11.0,\ tvOS\ 18.0,\ visionOS\ 2.0 -enable-experimental-feature AvailabilityMacro\=SwiftStdlib\ 6.1:\ macOS\ 15.4,\ iOS\ 18.4,\ watchOS\ 11.4,\ tvOS\ 18.4,\ visionOS\ 2.4 -enable-experimental-feature AvailabilityMacro\=SwiftStdlib\ 6.2:\ macOS\ 26.0,\ iOS\ 26.0,\ watchOS\ 26.0,\ tvOS\ 26.0,\ visionOS\ 26.0 -enable-upcoming-feature MemberImportVisibility -enable-experimental-feature BuiltinModule -enable-experimental-feature Lifetimes -enable-experimental-feature InoutLifetimeDependence -enable-experimental-feature SuppressedAssociatedTypes -plugin-path /Applications/Xcode.app/Contents/Developer/Toolchains/XcodeDefault.xctoolchain/usr/lib/swift/host/plugins/testing -enable-experimental-feature DebugDescriptionMacro -sdk /Applications/Xcode.app/Contents/Developer/Platforms/iPhoneSimulator.platform/Developer/SDKs/iPhoneSimulator26.4.sdk -target x86_64-apple-ios12.0-simulator -g -module-cache-path /Users/aadityasingh/Library/Developer/Xcode/DerivedData/ModuleCache.noindex -Xfrontend -serialize-debugging-options -profile-coverage-mapping -profile-generate -enable-testing -suppress-warnings -index-store-path /Users/aadityasingh/Library/Developer/Xcode/DerivedData/Chatlio-erkyzdeecsohoaggpwbjdvavzqfv/Index.noindex/DataStore -Xcc -D_LIBCPP_HARDENING_MODE\=_LIBCPP_HARDENING_MODE_DEBUG -swift-version 6 -I /Users/aadityasingh/Library/Developer/Xcode/DerivedData/Chatlio-erkyzdeecsohoaggpwbjdvavzqfv/Build/Products/Debug-iphonesimulator -Isystem /Applications/Xcode.app/Contents/Developer/Platforms/iPhoneSimulator.platform/Developer/usr/lib -F /Users/aadityasingh/Library/Developer/Xcode/DerivedData/Chatlio-erkyzdeecsohoaggpwbjdvavzqfv/Build/Products/Debug-iphonesimulator/PackageFrameworks -F /Users/aadityasingh/Library/Developer/Xcode/DerivedData/Chatlio-erkyzdeecsohoaggpwbjdvavzqfv/Build/Products/Debug-iphonesimulator -F /Applications/Xcode.app/Contents/Developer/Platforms/iPhoneSimulator.platform/Developer/Library/Frameworks -F /Applications/Xcode.app/Contents/Developer/Platforms/iPhoneSimulator.platform/Developer/SDKs/iPhoneSimulator26.4.sdk/Developer/Library/Frameworks -c -j12 -enable-batch-mode -incremental -Xcc -ivfsstatcache -Xcc /Users/aadityasingh/Library/Developer/Xcode/DerivedData/SDKStatCaches.noindex/iphonesimulator26.4-23E252-686eebb5dc1d8ecb277353a59184f4aa.sdkstatcache -output-file-map /Users/aadityasingh/Library/Developer/Xcode/DerivedData/Chatlio-erkyzdeecsohoaggpwbjdvavzqfv/Build/Intermediates.noindex/swift-collections.build/Debug-iphonesimulator/DequeModule.build/Objects-normal/x86_64/DequeModule-OutputFileMap.json -use-frontend-parseable-output -save-temps -no-color-diagnostics -explicit-module-build -module-cache-path /Users/aadityasingh/Library/Developer/Xcode/DerivedData/Chatlio-erkyzdeecsohoaggpwbjdvavzqfv/Build/Intermediates.noindex/SwiftExplicitPrecompiledModules -clang-scanner-module-cache-path /Users/aadityasingh/Library/Developer/Xcode/DerivedData/ModuleCache.noindex -sdk-module-cache-path /Users/aadityasingh/Library/Developer/Xcode/DerivedData/ModuleCache.noindex -serialize-diagnostics -emit-dependencies -emit-module -emit-module-path /Users/aadityasingh/Library/Developer/Xcode/DerivedData/Chatlio-erkyzdeecsohoaggpwbjdvavzqfv/Build/Intermediates.noindex/swift-collections.build/Debug-iphonesimulator/DequeModule.build/Objects-normal/x86_64/DequeModule.swiftmodule -user-module-version 1.3.0 -validate-clang-modules-once -clang-build-session-file /Users/aadityasingh/Library/Developer/Xcode/DerivedData/ModuleCache.noindex/Session.modulevalidation -package-name swift_collections -Xcc -I/Users/aadityasingh/Library/Developer/Xcode/DerivedData/Chatlio-erkyzdeecsohoaggpwbjdvavzqfv/Build/Intermediates.noindex/swift-collections.build/Debug-iphonesimulator/DequeModule.build/swift-overrides.hmap -emit-const-values -Xfrontend -const-gather-protocols-file -Xfrontend /Users/aadityasingh/Library/Developer/Xcode/DerivedData/Chatlio-erkyzdeecsohoaggpwbjdvavzqfv/Build/Intermediates.noindex/swift-collections.build/Debug-iphonesimulator/DequeModule.build/Objects-normal/x86_64/DequeModule_const_extract_protocols.json -Xcc -I/Users/aadityasingh/Library/Developer/Xcode/DerivedData/Chatlio-erkyzdeecsohoaggpwbjdvavzqfv/Build/Products/Debug-iphonesimulator/include -Xcc -I/Users/aadityasingh/Library/Developer/Xcode/DerivedData/Chatlio-erkyzdeecsohoaggpwbjdvavzqfv/Build/Intermediates.noindex/swift-collections.build/Debug-iphonesimulator/DequeModule.build/DerivedSources-normal/x86_64 -Xcc -I/Users/aadityasingh/Library/Developer/Xcode/DerivedData/Chatlio-erkyzdeecsohoaggpwbjdvavzqfv/Build/Intermediates.noindex/swift-collections.build/Debug-iphonesimulator/DequeModule.build/DerivedSources/x86_64 -Xcc -I/Users/aadityasingh/Library/Developer/Xcode/DerivedData/Chatlio-erkyzdeecsohoaggpwbjdvavzqfv/Build/Intermediates.noindex/swift-collections.build/Debug-iphonesimulator/DequeModule.build/DerivedSources -Xcc -DSWIFT_PACKAGE -Xcc -DDEBUG\=1 -emit-objc-header -emit-objc-header-path /Users/aadityasingh/Library/Developer/Xcode/DerivedData/Chatlio-erkyzdeecsohoaggpwbjdvavzqfv/Build/Intermediates.noindex/swift-collections.build/Debug-iphonesimulator/DequeModule.build/Objects-normal/x86_64/DequeModule-Swift.h -working-directory /Users/aadityasingh/Documents/Development/element-x-ios/Chatlio.xcodeproj -experimental-emit-module-separately -disable-cmo

Copy /Users/aadityasingh/Library/Developer/Xcode/DerivedData/Chatlio-erkyzdeecsohoaggpwbjdvavzqfv/Build/Products/Debug-iphonesimulator/DequeModule.swiftmodule/arm64-apple-ios-simulator.abi.json /Users/aadityasingh/Library/Developer/Xcode/DerivedData/Chatlio-erkyzdeecsohoaggpwbjdvavzqfv/Build/Intermediates.noindex/swift-collections.build/Debug-iphonesimulator/DequeModule.build/Objects-normal/arm64/DequeModule.abi.json (in target 'DequeModule' from project 'swift-collections')
    cd /Users/aadityasingh/Library/Developer/Xcode/DerivedData/Chatlio-erkyzdeecsohoaggpwbjdvavzqfv/SourcePackages/checkouts/swift-collections
    builtin-copy -exclude .DS_Store -exclude CVS -exclude .svn -exclude .git -exclude .hg -resolve-src-symlinks -rename /Users/aadityasingh/Library/Developer/Xcode/DerivedData/Chatlio-erkyzdeecsohoaggpwbjdvavzqfv/Build/Intermediates.noindex/swift-collections.build/Debug-iphonesimulator/DequeModule.build/Objects-normal/arm64/DequeModule.abi.json /Users/aadityasingh/Library/Developer/Xcode/DerivedData/Chatlio-erkyzdeecsohoaggpwbjdvavzqfv/Build/Products/Debug-iphonesimulator/DequeModule.swiftmodule/arm64-apple-ios-simulator.abi.json

Copy /Users/aadityasingh/Library/Developer/Xcode/DerivedData/Chatlio-erkyzdeecsohoaggpwbjdvavzqfv/Build/Products/Debug-iphonesimulator/DequeModule.swiftmodule/Project/arm64-apple-ios-simulator.swiftsourceinfo /Users/aadityasingh/Library/Developer/Xcode/DerivedData/Chatlio-erkyzdeecsohoaggpwbjdvavzqfv/Build/Intermediates.noindex/swift-collections.build/Debug-iphonesimulator/DequeModule.build/Objects-normal/arm64/DequeModule.swiftsourceinfo (in target 'DequeModule' from project 'swift-collections')
    cd /Users/aadityasingh/Library/Developer/Xcode/DerivedData/Chatlio-erkyzdeecsohoaggpwbjdvavzqfv/SourcePackages/checkouts/swift-collections
    builtin-copy -exclude .DS_Store -exclude CVS -exclude .svn -exclude .git -exclude .hg -resolve-src-symlinks -rename /Users/aadityasingh/Library/Developer/Xcode/DerivedData/Chatlio-erkyzdeecsohoaggpwbjdvavzqfv/Build/Intermediates.noindex/swift-collections.build/Debug-iphonesimulator/DequeModule.build/Objects-normal/arm64/DequeModule.swiftsourceinfo /Users/aadityasingh/Library/Developer/Xcode/DerivedData/Chatlio-erkyzdeecsohoaggpwbjdvavzqfv/Build/Products/Debug-iphonesimulator/DequeModule.swiftmodule/Project/arm64-apple-ios-simulator.swiftsourceinfo

SwiftMergeGeneratedHeaders /Users/aadityasingh/Library/Developer/Xcode/DerivedData/Chatlio-erkyzdeecsohoaggpwbjdvavzqfv/Build/Intermediates.noindex/GeneratedModuleMaps-iphonesimulator/DequeModule-Swift.h /Users/aadityasingh/Library/Developer/Xcode/DerivedData/Chatlio-erkyzdeecsohoaggpwbjdvavzqfv/Build/Intermediates.noindex/swift-collections.build/Debug-iphonesimulator/DequeModule.build/Objects-normal/arm64/DequeModule-Swift.h /Users/aadityasingh/Library/Developer/Xcode/DerivedData/Chatlio-erkyzdeecsohoaggpwbjdvavzqfv/Build/Intermediates.noindex/swift-collections.build/Debug-iphonesimulator/DequeModule.build/Objects-normal/x86_64/DequeModule-Swift.h (in target 'DequeModule' from project 'swift-collections')
    cd /Users/aadityasingh/Library/Developer/Xcode/DerivedData/Chatlio-erkyzdeecsohoaggpwbjdvavzqfv/SourcePackages/checkouts/swift-collections
    builtin-swiftHeaderTool -arch arm64 /Users/aadityasingh/Library/Developer/Xcode/DerivedData/Chatlio-erkyzdeecsohoaggpwbjdvavzqfv/Build/Intermediates.noindex/swift-collections.build/Debug-iphonesimulator/DequeModule.build/Objects-normal/arm64/DequeModule-Swift.h -arch x86_64 /Users/aadityasingh/Library/Developer/Xcode/DerivedData/Chatlio-erkyzdeecsohoaggpwbjdvavzqfv/Build/Intermediates.noindex/swift-collections.build/Debug-iphonesimulator/DequeModule.build/Objects-normal/x86_64/DequeModule-Swift.h -o /Users/aadityasingh/Library/Developer/Xcode/DerivedData/Chatlio-erkyzdeecsohoaggpwbjdvavzqfv/Build/Intermediates.noindex/GeneratedModuleMaps-iphonesimulator/DequeModule-Swift.h

Copy /Users/aadityasingh/Library/Developer/Xcode/DerivedData/Chatlio-erkyzdeecsohoaggpwbjdvavzqfv/Build/Products/Debug-iphonesimulator/DequeModule.swiftmodule/x86_64-apple-ios-simulator.swiftmodule /Users/aadityasingh/Library/Developer/Xcode/DerivedData/Chatlio-erkyzdeecsohoaggpwbjdvavzqfv/Build/Intermediates.noindex/swift-collections.build/Debug-iphonesimulator/DequeModule.build/Objects-normal/x86_64/DequeModule.swiftmodule (in target 'DequeModule' from project 'swift-collections')
    cd /Users/aadityasingh/Library/Developer/Xcode/DerivedData/Chatlio-erkyzdeecsohoaggpwbjdvavzqfv/SourcePackages/checkouts/swift-collections
    builtin-copy -exclude .DS_Store -exclude CVS -exclude .svn -exclude .git -exclude .hg -resolve-src-symlinks -rename /Users/aadityasingh/Library/Developer/Xcode/DerivedData/Chatlio-erkyzdeecsohoaggpwbjdvavzqfv/Build/Intermediates.noindex/swift-collections.build/Debug-iphonesimulator/DequeModule.build/Objects-normal/x86_64/DequeModule.swiftmodule /Users/aadityasingh/Library/Developer/Xcode/DerivedData/Chatlio-erkyzdeecsohoaggpwbjdvavzqfv/Build/Products/Debug-iphonesimulator/DequeModule.swiftmodule/x86_64-apple-ios-simulator.swiftmodule

Copy /Users/aadityasingh/Library/Developer/Xcode/DerivedData/Chatlio-erkyzdeecsohoaggpwbjdvavzqfv/Build/Products/Debug-iphonesimulator/DequeModule.swiftmodule/x86_64-apple-ios-simulator.swiftdoc /Users/aadityasingh/Library/Developer/Xcode/DerivedData/Chatlio-erkyzdeecsohoaggpwbjdvavzqfv/Build/Intermediates.noindex/swift-collections.build/Debug-iphonesimulator/DequeModule.build/Objects-normal/x86_64/DequeModule.swiftdoc (in target 'DequeModule' from project 'swift-collections')
    cd /Users/aadityasingh/Library/Developer/Xcode/DerivedData/Chatlio-erkyzdeecsohoaggpwbjdvavzqfv/SourcePackages/checkouts/swift-collections
    builtin-copy -exclude .DS_Store -exclude CVS -exclude .svn -exclude .git -exclude .hg -resolve-src-symlinks -rename /Users/aadityasingh/Library/Developer/Xcode/DerivedData/Chatlio-erkyzdeecsohoaggpwbjdvavzqfv/Build/Intermediates.noindex/swift-collections.build/Debug-iphonesimulator/DequeModule.build/Objects-normal/x86_64/DequeModule.swiftdoc /Users/aadityasingh/Library/Developer/Xcode/DerivedData/Chatlio-erkyzdeecsohoaggpwbjdvavzqfv/Build/Products/Debug-iphonesimulator/DequeModule.swiftmodule/x86_64-apple-ios-simulator.swiftdoc

Copy /Users/aadityasingh/Library/Developer/Xcode/DerivedData/Chatlio-erkyzdeecsohoaggpwbjdvavzqfv/Build/Products/Debug-iphonesimulator/DequeModule.swiftmodule/x86_64-apple-ios-simulator.abi.json /Users/aadityasingh/Library/Developer/Xcode/DerivedData/Chatlio-erkyzdeecsohoaggpwbjdvavzqfv/Build/Intermediates.noindex/swift-collections.build/Debug-iphonesimulator/DequeModule.build/Objects-normal/x86_64/DequeModule.abi.json (in target 'DequeModule' from project 'swift-collections')
    cd /Users/aadityasingh/Library/Developer/Xcode/DerivedData/Chatlio-erkyzdeecsohoaggpwbjdvavzqfv/SourcePackages/checkouts/swift-collections
    builtin-copy -exclude .DS_Store -exclude CVS -exclude .svn -exclude .git -exclude .hg -resolve-src-symlinks -rename /Users/aadityasingh/Library/Developer/Xcode/DerivedData/Chatlio-erkyzdeecsohoaggpwbjdvavzqfv/Build/Intermediates.noindex/swift-collections.build/Debug-iphonesimulator/DequeModule.build/Objects-normal/x86_64/DequeModule.abi.json /Users/aadityasingh/Library/Developer/Xcode/DerivedData/Chatlio-erkyzdeecsohoaggpwbjdvavzqfv/Build/Products/Debug-iphonesimulator/DequeModule.swiftmodule/x86_64-apple-ios-simulator.abi.json

Copy /Users/aadityasingh/Library/Developer/Xcode/DerivedData/Chatlio-erkyzdeecsohoaggpwbjdvavzqfv/Build/Products/Debug-iphonesimulator/DequeModule.swiftmodule/Project/x86_64-apple-ios-simulator.swiftsourceinfo /Users/aadityasingh/Library/Developer/Xcode/DerivedData/Chatlio-erkyzdeecsohoaggpwbjdvavzqfv/Build/Intermediates.noindex/swift-collections.build/Debug-iphonesimulator/DequeModule.build/Objects-normal/x86_64/DequeModule.swiftsourceinfo (in target 'DequeModule' from project 'swift-collections')
    cd /Users/aadityasingh/Library/Developer/Xcode/DerivedData/Chatlio-erkyzdeecsohoaggpwbjdvavzqfv/SourcePackages/checkouts/swift-collections
    builtin-copy -exclude .DS_Store -exclude CVS -exclude .svn -exclude .git -exclude .hg -resolve-src-symlinks -rename /Users/aadityasingh/Library/Developer/Xcode/DerivedData/Chatlio-erkyzdeecsohoaggpwbjdvavzqfv/Build/Intermediates.noindex/swift-collections.build/Debug-iphonesimulator/DequeModule.build/Objects-normal/x86_64/DequeModule.swiftsourceinfo /Users/aadityasingh/Library/Developer/Xcode/DerivedData/Chatlio-erkyzdeecsohoaggpwbjdvavzqfv/Build/Products/Debug-iphonesimulator/DequeModule.swiftmodule/Project/x86_64-apple-ios-simulator.swiftsourceinfo

SwiftCompile normal x86_64 Compiling\ _DequeBufferHeader.swift /Users/aadityasingh/Library/Developer/Xcode/DerivedData/Chatlio-erkyzdeecsohoaggpwbjdvavzqfv/SourcePackages/checkouts/swift-collections/Sources/DequeModule/_DequeBufferHeader.swift (in target 'DequeModule' from project 'swift-collections')

SwiftCompile normal x86_64 /Users/aadityasingh/Library/Developer/Xcode/DerivedData/Chatlio-erkyzdeecsohoaggpwbjdvavzqfv/SourcePackages/checkouts/swift-collections/Sources/DequeModule/_DequeBufferHeader.swift (in target 'DequeModule' from project 'swift-collections')
    cd /Users/aadityasingh/Documents/Development/element-x-ios/Chatlio.xcodeproj
    

SwiftCompile normal arm64 Compiling\ _DequeBufferHeader.swift /Users/aadityasingh/Library/Developer/Xcode/DerivedData/Chatlio-erkyzdeecsohoaggpwbjdvavzqfv/SourcePackages/checkouts/swift-collections/Sources/DequeModule/_DequeBufferHeader.swift (in target 'DequeModule' from project 'swift-collections')

SwiftCompile normal arm64 /Users/aadityasingh/Library/Developer/Xcode/DerivedData/Chatlio-erkyzdeecsohoaggpwbjdvavzqfv/SourcePackages/checkouts/swift-collections/Sources/DequeModule/_DequeBufferHeader.swift (in target 'DequeModule' from project 'swift-collections')
    cd /Users/aadityasingh/Documents/Development/element-x-ios/Chatlio.xcodeproj
    

SwiftDriverJobDiscovery normal x86_64 Compiling _DequeBuffer.swift (in target 'DequeModule' from project 'swift-collections')

SwiftCompile normal arm64 Compiling\ Deque.swift /Users/aadityasingh/Library/Developer/Xcode/DerivedData/Chatlio-erkyzdeecsohoaggpwbjdvavzqfv/SourcePackages/checkouts/swift-collections/Sources/DequeModule/Deque.swift (in target 'DequeModule' from project 'swift-collections')

SwiftCompile normal arm64 /Users/aadityasingh/Library/Developer/Xcode/DerivedData/Chatlio-erkyzdeecsohoaggpwbjdvavzqfv/SourcePackages/checkouts/swift-collections/Sources/DequeModule/Deque.swift (in target 'DequeModule' from project 'swift-collections')
    cd /Users/aadityasingh/Documents/Development/element-x-ios/Chatlio.xcodeproj
    

SwiftCompile normal arm64 Compiling\ _UnsafeWrappedBuffer.swift /Users/aadityasingh/Library/Developer/Xcode/DerivedData/Chatlio-erkyzdeecsohoaggpwbjdvavzqfv/SourcePackages/checkouts/swift-collections/Sources/DequeModule/_UnsafeWrappedBuffer.swift (in target 'DequeModule' from project 'swift-collections')

SwiftCompile normal arm64 /Users/aadityasingh/Library/Developer/Xcode/DerivedData/Chatlio-erkyzdeecsohoaggpwbjdvavzqfv/SourcePackages/checkouts/swift-collections/Sources/DequeModule/_UnsafeWrappedBuffer.swift (in target 'DequeModule' from project 'swift-collections')
    cd /Users/aadityasingh/Documents/Development/element-x-ios/Chatlio.xcodeproj
    

SwiftDriverJobDiscovery normal arm64 Compiling Deque+Testing.swift (in target 'DequeModule' from project 'swift-collections')

SwiftCompile normal x86_64 Compiling\ Deque._UnsafeHandle.swift /Users/aadityasingh/Library/Developer/Xcode/DerivedData/Chatlio-erkyzdeecsohoaggpwbjdvavzqfv/SourcePackages/checkouts/swift-collections/Sources/DequeModule/Deque._UnsafeHandle.swift (in target 'DequeModule' from project 'swift-collections')

SwiftCompile normal x86_64 /Users/aadityasingh/Library/Developer/Xcode/DerivedData/Chatlio-erkyzdeecsohoaggpwbjdvavzqfv/SourcePackages/checkouts/swift-collections/Sources/DequeModule/Deque._UnsafeHandle.swift (in target 'DequeModule' from project 'swift-collections')
    cd /Users/aadityasingh/Documents/Development/element-x-ios/Chatlio.xcodeproj
    

SwiftDriverJobDiscovery normal arm64 Compiling _DequeBufferHeader.swift (in target 'DequeModule' from project 'swift-collections')

SwiftCompile normal x86_64 Compiling\ Deque+CustomReflectable.swift,\ Deque+Descriptions.swift /Users/aadityasingh/Library/Developer/Xcode/DerivedData/Chatlio-erkyzdeecsohoaggpwbjdvavzqfv/SourcePackages/checkouts/swift-collections/Sources/DequeModule/Deque+CustomReflectable.swift /Users/aadityasingh/Library/Developer/Xcode/DerivedData/Chatlio-erkyzdeecsohoaggpwbjdvavzqfv/SourcePackages/checkouts/swift-collections/Sources/DequeModule/Deque+Descriptions.swift (in target 'DequeModule' from project 'swift-collections')

SwiftCompile normal x86_64 /Users/aadityasingh/Library/Developer/Xcode/DerivedData/Chatlio-erkyzdeecsohoaggpwbjdvavzqfv/SourcePackages/checkouts/swift-collections/Sources/DequeModule/Deque+CustomReflectable.swift (in target 'DequeModule' from project 'swift-collections')
    cd /Users/aadityasingh/Documents/Development/element-x-ios/Chatlio.xcodeproj
    

SwiftCompile normal x86_64 /Users/aadityasingh/Library/Developer/Xcode/DerivedData/Chatlio-erkyzdeecsohoaggpwbjdvavzqfv/SourcePackages/checkouts/swift-collections/Sources/DequeModule/Deque+Descriptions.swift (in target 'DequeModule' from project 'swift-collections')
    cd /Users/aadityasingh/Documents/Development/element-x-ios/Chatlio.xcodeproj
    

SwiftDriverJobDiscovery normal x86_64 Compiling _DequeBufferHeader.swift (in target 'DequeModule' from project 'swift-collections')

SwiftCompile normal x86_64 Compiling\ Deque._Storage.swift /Users/aadityasingh/Library/Developer/Xcode/DerivedData/Chatlio-erkyzdeecsohoaggpwbjdvavzqfv/SourcePackages/checkouts/swift-collections/Sources/DequeModule/Deque._Storage.swift (in target 'DequeModule' from project 'swift-collections')

SwiftCompile normal x86_64 /Users/aadityasingh/Library/Developer/Xcode/DerivedData/Chatlio-erkyzdeecsohoaggpwbjdvavzqfv/SourcePackages/checkouts/swift-collections/Sources/DequeModule/Deque._Storage.swift (in target 'DequeModule' from project 'swift-collections')
    cd /Users/aadityasingh/Documents/Development/element-x-ios/Chatlio.xcodeproj
    

SwiftDriverJobDiscovery normal arm64 Compiling Deque.swift (in target 'DequeModule' from project 'swift-collections')

SwiftCompile normal arm64 Compiling\ Deque._UnsafeHandle.swift /Users/aadityasingh/Library/Developer/Xcode/DerivedData/Chatlio-erkyzdeecsohoaggpwbjdvavzqfv/SourcePackages/checkouts/swift-collections/Sources/DequeModule/Deque._UnsafeHandle.swift (in target 'DequeModule' from project 'swift-collections')

SwiftCompile normal arm64 /Users/aadityasingh/Library/Developer/Xcode/DerivedData/Chatlio-erkyzdeecsohoaggpwbjdvavzqfv/SourcePackages/checkouts/swift-collections/Sources/DequeModule/Deque._UnsafeHandle.swift (in target 'DequeModule' from project 'swift-collections')
    cd /Users/aadityasingh/Documents/Development/element-x-ios/Chatlio.xcodeproj
    

SwiftDriverJobDiscovery normal x86_64 Compiling Deque+Extras.swift, Deque+Hashable.swift (in target 'DequeModule' from project 'swift-collections')

SwiftDriver\ Compilation CompoundDesignTokens normal x86_64 com.apple.xcode.tools.swift.compiler (in target 'CompoundDesignTokens' from project 'CompoundDesignTokens')
    cd /Users/aadityasingh/Documents/Development/element-x-ios/Chatlio.xcodeproj
    builtin-Swift-Compilation -- /Applications/Xcode.app/Contents/Developer/Toolchains/XcodeDefault.xctoolchain/usr/bin/swiftc -module-name CompoundDesignTokens -Onone @/Users/aadityasingh/Library/Developer/Xcode/DerivedData/Chatlio-erkyzdeecsohoaggpwbjdvavzqfv/Build/Intermediates.noindex/CompoundDesignTokens.build/Debug-iphonesimulator/CompoundDesignTokens.build/Objects-normal/x86_64/CompoundDesignTokens.SwiftFileList -DSWIFT_PACKAGE -DDEBUG -DSWIFT_MODULE_RESOURCE_BUNDLE_AVAILABLE -DXcode -plugin-path /Applications/Xcode.app/Contents/Developer/Toolchains/XcodeDefault.xctoolchain/usr/lib/swift/host/plugins/testing -enable-experimental-feature DebugDescriptionMacro -sdk /Applications/Xcode.app/Contents/Developer/Platforms/iPhoneSimulator.platform/Developer/SDKs/iPhoneSimulator26.4.sdk -target x86_64-apple-ios14.0-simulator -g -module-cache-path /Users/aadityasingh/Library/Developer/Xcode/DerivedData/ModuleCache.noindex -Xfrontend -serialize-debugging-options -profile-coverage-mapping -profile-generate -enable-testing -suppress-warnings -index-store-path /Users/aadityasingh/Library/Developer/Xcode/DerivedData/Chatlio-erkyzdeecsohoaggpwbjdvavzqfv/Index.noindex/DataStore -Xcc -D_LIBCPP_HARDENING_MODE\=_LIBCPP_HARDENING_MODE_DEBUG -swift-version 5 -I /Users/aadityasingh/Library/Developer/Xcode/DerivedData/Chatlio-erkyzdeecsohoaggpwbjdvavzqfv/Build/Products/Debug-iphonesimulator -Isystem /Applications/Xcode.app/Contents/Developer/Platforms/iPhoneSimulator.platform/Developer/usr/lib -F /Users/aadityasingh/Library/Developer/Xcode/DerivedData/Chatlio-erkyzdeecsohoaggpwbjdvavzqfv/Build/Products/Debug-iphonesimulator -F /Applications/Xcode.app/Contents/Developer/Platforms/iPhoneSimulator.platform/Developer/Library/Frameworks -F /Applications/Xcode.app/Contents/Developer/Platforms/iPhoneSimulator.platform/Developer/SDKs/iPhoneSimulator26.4.sdk/Developer/Library/Frameworks -c -j12 -enable-batch-mode -incremental -Xcc -ivfsstatcache -Xcc /Users/aadityasingh/Library/Developer/Xcode/DerivedData/SDKStatCaches.noindex/iphonesimulator26.4-23E252-686eebb5dc1d8ecb277353a59184f4aa.sdkstatcache -output-file-map /Users/aadityasingh/Library/Developer/Xcode/DerivedData/Chatlio-erkyzdeecsohoaggpwbjdvavzqfv/Build/Intermediates.noindex/CompoundDesignTokens.build/Debug-iphonesimulator/CompoundDesignTokens.build/Objects-normal/x86_64/CompoundDesignTokens-OutputFileMap.json -use-frontend-parseable-output -save-temps -no-color-diagnostics -explicit-module-build -module-cache-path /Users/aadityasingh/Library/Developer/Xcode/DerivedData/Chatlio-erkyzdeecsohoaggpwbjdvavzqfv/Build/Intermediates.noindex/SwiftExplicitPrecompiledModules -clang-scanner-module-cache-path /Users/aadityasingh/Library/Developer/Xcode/DerivedData/ModuleCache.noindex -sdk-module-cache-path /Users/aadityasingh/Library/Developer/Xcode/DerivedData/ModuleCache.noindex -serialize-diagnostics -emit-dependencies -emit-module -emit-module-path /Users/aadityasingh/Library/Developer/Xcode/DerivedData/Chatlio-erkyzdeecsohoaggpwbjdvavzqfv/Build/Intermediates.noindex/CompoundDesignTokens.build/Debug-iphonesimulator/CompoundDesignTokens.build/Objects-normal/x86_64/CompoundDesignTokens.swiftmodule -validate-clang-modules-once -clang-build-session-file /Users/aadityasingh/Library/Developer/Xcode/DerivedData/ModuleCache.noindex/Session.modulevalidation -Xcc -I/Users/aadityasingh/Library/Developer/Xcode/DerivedData/Chatlio-erkyzdeecsohoaggpwbjdvavzqfv/Build/Intermediates.noindex/CompoundDesignTokens.build/Debug-iphonesimulator/CompoundDesignTokens.build/swift-overrides.hmap -emit-const-values -Xfrontend -const-gather-protocols-file -Xfrontend /Users/aadityasingh/Library/Developer/Xcode/DerivedData/Chatlio-erkyzdeecsohoaggpwbjdvavzqfv/Build/Intermediates.noindex/CompoundDesignTokens.build/Debug-iphonesimulator/CompoundDesignTokens.build/Objects-normal/x86_64/CompoundDesignTokens_const_extract_protocols.json -Xcc -I/Users/aadityasingh/Library/Developer/Xcode/DerivedData/Chatlio-erkyzdeecsohoaggpwbjdvavzqfv/Build/Products/Debug-iphonesimulator/include -Xcc -I/Users/aadityasingh/Library/Developer/Xcode/DerivedData/Chatlio-erkyzdeecsohoaggpwbjdvavzqfv/Build/Intermediates.noindex/CompoundDesignTokens.build/Debug-iphonesimulator/CompoundDesignTokens.build/DerivedSources-normal/x86_64 -Xcc -I/Users/aadityasingh/Library/Developer/Xcode/DerivedData/Chatlio-erkyzdeecsohoaggpwbjdvavzqfv/Build/Intermediates.noindex/CompoundDesignTokens.build/Debug-iphonesimulator/CompoundDesignTokens.build/DerivedSources/x86_64 -Xcc -I/Users/aadityasingh/Library/Developer/Xcode/DerivedData/Chatlio-erkyzdeecsohoaggpwbjdvavzqfv/Build/Intermediates.noindex/CompoundDesignTokens.build/Debug-iphonesimulator/CompoundDesignTokens.build/DerivedSources -Xcc -DSWIFT_PACKAGE -Xcc -DDEBUG\=1 -emit-objc-header -emit-objc-header-path /Users/aadityasingh/Library/Developer/Xcode/DerivedData/Chatlio-erkyzdeecsohoaggpwbjdvavzqfv/Build/Intermediates.noindex/CompoundDesignTokens.build/Debug-iphonesimulator/CompoundDesignTokens.build/Objects-normal/x86_64/CompoundDesignTokens-Swift.h -working-directory /Users/aadityasingh/Documents/Development/element-x-ios/Chatlio.xcodeproj -experimental-emit-module-separately -disable-cmo

SwiftDriver\ Compilation CompoundDesignTokens normal arm64 com.apple.xcode.tools.swift.compiler (in target 'CompoundDesignTokens' from project 'CompoundDesignTokens')
    cd /Users/aadityasingh/Documents/Development/element-x-ios/Chatlio.xcodeproj
    builtin-Swift-Compilation -- /Applications/Xcode.app/Contents/Developer/Toolchains/XcodeDefault.xctoolchain/usr/bin/swiftc -module-name CompoundDesignTokens -Onone @/Users/aadityasingh/Library/Developer/Xcode/DerivedData/Chatlio-erkyzdeecsohoaggpwbjdvavzqfv/Build/Intermediates.noindex/CompoundDesignTokens.build/Debug-iphonesimulator/CompoundDesignTokens.build/Objects-normal/arm64/CompoundDesignTokens.SwiftFileList -DSWIFT_PACKAGE -DDEBUG -DSWIFT_MODULE_RESOURCE_BUNDLE_AVAILABLE -DXcode -plugin-path /Applications/Xcode.app/Contents/Developer/Toolchains/XcodeDefault.xctoolchain/usr/lib/swift/host/plugins/testing -enable-experimental-feature DebugDescriptionMacro -sdk /Applications/Xcode.app/Contents/Developer/Platforms/iPhoneSimulator.platform/Developer/SDKs/iPhoneSimulator26.4.sdk -target arm64-apple-ios14.0-simulator -g -module-cache-path /Users/aadityasingh/Library/Developer/Xcode/DerivedData/ModuleCache.noindex -Xfrontend -serialize-debugging-options -profile-coverage-mapping -profile-generate -enable-testing -suppress-warnings -index-store-path /Users/aadityasingh/Library/Developer/Xcode/DerivedData/Chatlio-erkyzdeecsohoaggpwbjdvavzqfv/Index.noindex/DataStore -Xcc -D_LIBCPP_HARDENING_MODE\=_LIBCPP_HARDENING_MODE_DEBUG -swift-version 5 -I /Users/aadityasingh/Library/Developer/Xcode/DerivedData/Chatlio-erkyzdeecsohoaggpwbjdvavzqfv/Build/Products/Debug-iphonesimulator -Isystem /Applications/Xcode.app/Contents/Developer/Platforms/iPhoneSimulator.platform/Developer/usr/lib -F /Users/aadityasingh/Library/Developer/Xcode/DerivedData/Chatlio-erkyzdeecsohoaggpwbjdvavzqfv/Build/Products/Debug-iphonesimulator -F /Applications/Xcode.app/Contents/Developer/Platforms/iPhoneSimulator.platform/Developer/Library/Frameworks -F /Applications/Xcode.app/Contents/Developer/Platforms/iPhoneSimulator.platform/Developer/SDKs/iPhoneSimulator26.4.sdk/Developer/Library/Frameworks -c -j12 -enable-batch-mode -incremental -Xcc -ivfsstatcache -Xcc /Users/aadityasingh/Library/Developer/Xcode/DerivedData/SDKStatCaches.noindex/iphonesimulator26.4-23E252-686eebb5dc1d8ecb277353a59184f4aa.sdkstatcache -output-file-map /Users/aadityasingh/Library/Developer/Xcode/DerivedData/Chatlio-erkyzdeecsohoaggpwbjdvavzqfv/Build/Intermediates.noindex/CompoundDesignTokens.build/Debug-iphonesimulator/CompoundDesignTokens.build/Objects-normal/arm64/CompoundDesignTokens-OutputFileMap.json -use-frontend-parseable-output -save-temps -no-color-diagnostics -explicit-module-build -module-cache-path /Users/aadityasingh/Library/Developer/Xcode/DerivedData/Chatlio-erkyzdeecsohoaggpwbjdvavzqfv/Build/Intermediates.noindex/SwiftExplicitPrecompiledModules -clang-scanner-module-cache-path /Users/aadityasingh/Library/Developer/Xcode/DerivedData/ModuleCache.noindex -sdk-module-cache-path /Users/aadityasingh/Library/Developer/Xcode/DerivedData/ModuleCache.noindex -serialize-diagnostics -emit-dependencies -emit-module -emit-module-path /Users/aadityasingh/Library/Developer/Xcode/DerivedData/Chatlio-erkyzdeecsohoaggpwbjdvavzqfv/Build/Intermediates.noindex/CompoundDesignTokens.build/Debug-iphonesimulator/CompoundDesignTokens.build/Objects-normal/arm64/CompoundDesignTokens.swiftmodule -validate-clang-modules-once -clang-build-session-file /Users/aadityasingh/Library/Developer/Xcode/DerivedData/ModuleCache.noindex/Session.modulevalidation -Xcc -I/Users/aadityasingh/Library/Developer/Xcode/DerivedData/Chatlio-erkyzdeecsohoaggpwbjdvavzqfv/Build/Intermediates.noindex/CompoundDesignTokens.build/Debug-iphonesimulator/CompoundDesignTokens.build/swift-overrides.hmap -emit-const-values -Xfrontend -const-gather-protocols-file -Xfrontend /Users/aadityasingh/Library/Developer/Xcode/DerivedData/Chatlio-erkyzdeecsohoaggpwbjdvavzqfv/Build/Intermediates.noindex/CompoundDesignTokens.build/Debug-iphonesimulator/CompoundDesignTokens.build/Objects-normal/arm64/CompoundDesignTokens_const_extract_protocols.json -Xcc -I/Users/aadityasingh/Library/Developer/Xcode/DerivedData/Chatlio-erkyzdeecsohoaggpwbjdvavzqfv/Build/Products/Debug-iphonesimulator/include -Xcc -I/Users/aadityasingh/Library/Developer/Xcode/DerivedData/Chatlio-erkyzdeecsohoaggpwbjdvavzqfv/Build/Intermediates.noindex/CompoundDesignTokens.build/Debug-iphonesimulator/CompoundDesignTokens.build/DerivedSources-normal/arm64 -Xcc -I/Users/aadityasingh/Library/Developer/Xcode/DerivedData/Chatlio-erkyzdeecsohoaggpwbjdvavzqfv/Build/Intermediates.noindex/CompoundDesignTokens.build/Debug-iphonesimulator/CompoundDesignTokens.build/DerivedSources/arm64 -Xcc -I/Users/aadityasingh/Library/Developer/Xcode/DerivedData/Chatlio-erkyzdeecsohoaggpwbjdvavzqfv/Build/Intermediates.noindex/CompoundDesignTokens.build/Debug-iphonesimulator/CompoundDesignTokens.build/DerivedSources -Xcc -DSWIFT_PACKAGE -Xcc -DDEBUG\=1 -emit-objc-header -emit-objc-header-path /Users/aadityasingh/Library/Developer/Xcode/DerivedData/Chatlio-erkyzdeecsohoaggpwbjdvavzqfv/Build/Intermediates.noindex/CompoundDesignTokens.build/Debug-iphonesimulator/CompoundDesignTokens.build/Objects-normal/arm64/CompoundDesignTokens-Swift.h -working-directory /Users/aadityasingh/Documents/Development/element-x-ios/Chatlio.xcodeproj -experimental-emit-module-separately -disable-cmo

SwiftCompile normal x86_64 Compiling\ Range+Utilities.swift,\ Slice+Utilities.swift,\ UInt+Tricks.swift,\ _Word.swift /Users/aadityasingh/Library/Developer/Xcode/DerivedData/Chatlio-erkyzdeecsohoaggpwbjdvavzqfv/SourcePackages/checkouts/swift-collections/Sources/BitCollections/Shared/Range+Utilities.swift /Users/aadityasingh/Library/Developer/Xcode/DerivedData/Chatlio-erkyzdeecsohoaggpwbjdvavzqfv/SourcePackages/checkouts/swift-collections/Sources/BitCollections/Shared/Slice+Utilities.swift /Users/aadityasingh/Library/Developer/Xcode/DerivedData/Chatlio-erkyzdeecsohoaggpwbjdvavzqfv/SourcePackages/checkouts/swift-collections/Sources/BitCollections/Shared/UInt+Tricks.swift /Users/aadityasingh/Library/Developer/Xcode/DerivedData/Chatlio-erkyzdeecsohoaggpwbjdvavzqfv/SourcePackages/checkouts/swift-collections/Sources/BitCollections/Shared/_Word.swift (in target 'BitCollections' from project 'swift-collections')

SwiftCompile normal x86_64 /Users/aadityasingh/Library/Developer/Xcode/DerivedData/Chatlio-erkyzdeecsohoaggpwbjdvavzqfv/SourcePackages/checkouts/swift-collections/Sources/BitCollections/Shared/Range+Utilities.swift (in target 'BitCollections' from project 'swift-collections')
    cd /Users/aadityasingh/Documents/Development/element-x-ios/Chatlio.xcodeproj
    

SwiftCompile normal x86_64 /Users/aadityasingh/Library/Developer/Xcode/DerivedData/Chatlio-erkyzdeecsohoaggpwbjdvavzqfv/SourcePackages/checkouts/swift-collections/Sources/BitCollections/Shared/Slice+Utilities.swift (in target 'BitCollections' from project 'swift-collections')
    cd /Users/aadityasingh/Documents/Development/element-x-ios/Chatlio.xcodeproj
    

SwiftCompile normal x86_64 /Users/aadityasingh/Library/Developer/Xcode/DerivedData/Chatlio-erkyzdeecsohoaggpwbjdvavzqfv/SourcePackages/checkouts/swift-collections/Sources/BitCollections/Shared/UInt+Tricks.swift (in target 'BitCollections' from project 'swift-collections')
    cd /Users/aadityasingh/Documents/Development/element-x-ios/Chatlio.xcodeproj
    

SwiftCompile normal x86_64 /Users/aadityasingh/Library/Developer/Xcode/DerivedData/Chatlio-erkyzdeecsohoaggpwbjdvavzqfv/SourcePackages/checkouts/swift-collections/Sources/BitCollections/Shared/_Word.swift (in target 'BitCollections' from project 'swift-collections')
    cd /Users/aadityasingh/Documents/Development/element-x-ios/Chatlio.xcodeproj
    

SwiftDriverJobDiscovery normal x86_64 Emitting module for BitCollections (in target 'BitCollections' from project 'swift-collections')

SwiftDriver\ Compilation\ Requirements BitCollections normal x86_64 com.apple.xcode.tools.swift.compiler (in target 'BitCollections' from project 'swift-collections')
    cd /Users/aadityasingh/Documents/Development/element-x-ios/Chatlio.xcodeproj
    builtin-Swift-Compilation-Requirements -- /Applications/Xcode.app/Contents/Developer/Toolchains/XcodeDefault.xctoolchain/usr/bin/swiftc -module-name BitCollections -Onone @/Users/aadityasingh/Library/Developer/Xcode/DerivedData/Chatlio-erkyzdeecsohoaggpwbjdvavzqfv/Build/Intermediates.noindex/swift-collections.build/Debug-iphonesimulator/BitCollections.build/Objects-normal/x86_64/BitCollections.SwiftFileList -DSWIFT_PACKAGE -DDEBUG -DSWIFT_MODULE_RESOURCE_BUNDLE_UNAVAILABLE -DCOLLECTIONS_RANDOMIZED_TESTING -DXcode -enable-experimental-feature AvailabilityMacro\=SwiftStdlib\ 5.0:\ macOS\ 10.14.4,\ iOS\ 12.2,\ watchOS\ 5.2,\ tvOS\ 12.2 -enable-experimental-feature AvailabilityMacro\=SwiftStdlib\ 5.1:\ macOS\ 10.15,\ iOS\ 13.0,\ watchOS\ 6.0,\ tvOS\ 13.0 -enable-experimental-feature AvailabilityMacro\=SwiftStdlib\ 5.6:\ macOS\ 12.3,\ iOS\ 15.4,\ watchOS\ 8.5,\ tvOS\ 15.4 -enable-experimental-feature AvailabilityMacro\=SwiftStdlib\ 5.8:\ macOS\ 13.3,\ iOS\ 16.4,\ watchOS\ 9.4,\ tvOS\ 16.4 -enable-experimental-feature AvailabilityMacro\=SwiftStdlib\ 5.9:\ macOS\ 14.0,\ iOS\ 17.0,\ watchOS\ 10.0,\ tvOS\ 17.0 -enable-experimental-feature AvailabilityMacro\=SwiftStdlib\ 5.10:\ macOS\ 14.4,\ iOS\ 17.4,\ watchOS\ 10.4,\ tvOS\ 17.4,\ visionOS\ 1.1 -enable-experimental-feature AvailabilityMacro\=SwiftStdlib\ 6.0:\ macOS\ 15.0,\ iOS\ 18.0,\ watchOS\ 11.0,\ tvOS\ 18.0,\ visionOS\ 2.0 -enable-experimental-feature AvailabilityMacro\=SwiftStdlib\ 6.1:\ macOS\ 15.4,\ iOS\ 18.4,\ watchOS\ 11.4,\ tvOS\ 18.4,\ visionOS\ 2.4 -enable-experimental-feature AvailabilityMacro\=SwiftStdlib\ 6.2:\ macOS\ 26.0,\ iOS\ 26.0,\ watchOS\ 26.0,\ tvOS\ 26.0,\ visionOS\ 26.0 -enable-upcoming-feature MemberImportVisibility -enable-experimental-feature BuiltinModule -enable-experimental-feature Lifetimes -enable-experimental-feature InoutLifetimeDependence -enable-experimental-feature SuppressedAssociatedTypes -plugin-path /Applications/Xcode.app/Contents/Developer/Toolchains/XcodeDefault.xctoolchain/usr/lib/swift/host/plugins/testing -enable-experimental-feature DebugDescriptionMacro -sdk /Applications/Xcode.app/Contents/Developer/Platforms/iPhoneSimulator.platform/Developer/SDKs/iPhoneSimulator26.4.sdk -target x86_64-apple-ios12.0-simulator -g -module-cache-path /Users/aadityasingh/Library/Developer/Xcode/DerivedData/ModuleCache.noindex -Xfrontend -serialize-debugging-options -profile-coverage-mapping -profile-generate -enable-testing -suppress-warnings -index-store-path /Users/aadityasingh/Library/Developer/Xcode/DerivedData/Chatlio-erkyzdeecsohoaggpwbjdvavzqfv/Index.noindex/DataStore -Xcc -D_LIBCPP_HARDENING_MODE\=_LIBCPP_HARDENING_MODE_DEBUG -swift-version 6 -I /Users/aadityasingh/Library/Developer/Xcode/DerivedData/Chatlio-erkyzdeecsohoaggpwbjdvavzqfv/Build/Products/Debug-iphonesimulator -Isystem /Applications/Xcode.app/Contents/Developer/Platforms/iPhoneSimulator.platform/Developer/usr/lib -F /Users/aadityasingh/Library/Developer/Xcode/DerivedData/Chatlio-erkyzdeecsohoaggpwbjdvavzqfv/Build/Products/Debug-iphonesimulator/PackageFrameworks -F /Users/aadityasingh/Library/Developer/Xcode/DerivedData/Chatlio-erkyzdeecsohoaggpwbjdvavzqfv/Build/Products/Debug-iphonesimulator -F /Applications/Xcode.app/Contents/Developer/Platforms/iPhoneSimulator.platform/Developer/Library/Frameworks -F /Applications/Xcode.app/Contents/Developer/Platforms/iPhoneSimulator.platform/Developer/SDKs/iPhoneSimulator26.4.sdk/Developer/Library/Frameworks -c -j12 -enable-batch-mode -incremental -Xcc -ivfsstatcache -Xcc /Users/aadityasingh/Library/Developer/Xcode/DerivedData/SDKStatCaches.noindex/iphonesimulator26.4-23E252-686eebb5dc1d8ecb277353a59184f4aa.sdkstatcache -output-file-map /Users/aadityasingh/Library/Developer/Xcode/DerivedData/Chatlio-erkyzdeecsohoaggpwbjdvavzqfv/Build/Intermediates.noindex/swift-collections.build/Debug-iphonesimulator/BitCollections.build/Objects-normal/x86_64/BitCollections-OutputFileMap.json -use-frontend-parseable-output -save-temps -no-color-diagnostics -explicit-module-build -module-cache-path /Users/aadityasingh/Library/Developer/Xcode/DerivedData/Chatlio-erkyzdeecsohoaggpwbjdvavzqfv/Build/Intermediates.noindex/SwiftExplicitPrecompiledModules -clang-scanner-module-cache-path /Users/aadityasingh/Library/Developer/Xcode/DerivedData/ModuleCache.noindex -sdk-module-cache-path /Users/aadityasingh/Library/Developer/Xcode/DerivedData/ModuleCache.noindex -serialize-diagnostics -emit-dependencies -emit-module -emit-module-path /Users/aadityasingh/Library/Developer/Xcode/DerivedData/Chatlio-erkyzdeecsohoaggpwbjdvavzqfv/Build/Intermediates.noindex/swift-collections.build/Debug-iphonesimulator/BitCollections.build/Objects-normal/x86_64/BitCollections.swiftmodule -user-module-version 1.3.0 -validate-clang-modules-once -clang-build-session-file /Users/aadityasingh/Library/Developer/Xcode/DerivedData/ModuleCache.noindex/Session.modulevalidation -package-name swift_collections -Xcc -I/Users/aadityasingh/Library/Developer/Xcode/DerivedData/Chatlio-erkyzdeecsohoaggpwbjdvavzqfv/Build/Intermediates.noindex/swift-collections.build/Debug-iphonesimulator/BitCollections.build/swift-overrides.hmap -emit-const-values -Xfrontend -const-gather-protocols-file -Xfrontend /Users/aadityasingh/Library/Developer/Xcode/DerivedData/Chatlio-erkyzdeecsohoaggpwbjdvavzqfv/Build/Intermediates.noindex/swift-collections.build/Debug-iphonesimulator/BitCollections.build/Objects-normal/x86_64/BitCollections_const_extract_protocols.json -Xcc -I/Users/aadityasingh/Library/Developer/Xcode/DerivedData/Chatlio-erkyzdeecsohoaggpwbjdvavzqfv/Build/Products/Debug-iphonesimulator/include -Xcc -I/Users/aadityasingh/Library/Developer/Xcode/DerivedData/Chatlio-erkyzdeecsohoaggpwbjdvavzqfv/Build/Intermediates.noindex/swift-collections.build/Debug-iphonesimulator/BitCollections.build/DerivedSources-normal/x86_64 -Xcc -I/Users/aadityasingh/Library/Developer/Xcode/DerivedData/Chatlio-erkyzdeecsohoaggpwbjdvavzqfv/Build/Intermediates.noindex/swift-collections.build/Debug-iphonesimulator/BitCollections.build/DerivedSources/x86_64 -Xcc -I/Users/aadityasingh/Library/Developer/Xcode/DerivedData/Chatlio-erkyzdeecsohoaggpwbjdvavzqfv/Build/Intermediates.noindex/swift-collections.build/Debug-iphonesimulator/BitCollections.build/DerivedSources -Xcc -DSWIFT_PACKAGE -Xcc -DDEBUG\=1 -emit-objc-header -emit-objc-header-path /Users/aadityasingh/Library/Developer/Xcode/DerivedData/Chatlio-erkyzdeecsohoaggpwbjdvavzqfv/Build/Intermediates.noindex/swift-collections.build/Debug-iphonesimulator/BitCollections.build/Objects-normal/x86_64/BitCollections-Swift.h -working-directory /Users/aadityasingh/Documents/Development/element-x-ios/Chatlio.xcodeproj -experimental-emit-module-separately -disable-cmo

SwiftDriverJobDiscovery normal arm64 Compiling Deque+Codable.swift, Deque+Collection.swift (in target 'DequeModule' from project 'swift-collections')

SwiftCompile normal arm64 Compiling\ BitSet+SetAlgebra\ conformance.swift,\ BitSet+SetAlgebra\ formIntersection.swift,\ BitSet+SetAlgebra\ formSymmetricDifference.swift,\ BitSet+SetAlgebra\ formUnion.swift,\ BitSet+SetAlgebra\ intersection.swift /Users/aadityasingh/Library/Developer/Xcode/DerivedData/Chatlio-erkyzdeecsohoaggpwbjdvavzqfv/SourcePackages/checkouts/swift-collections/Sources/BitCollections/BitSet/BitSet+SetAlgebra\ conformance.swift /Users/aadityasingh/Library/Developer/Xcode/DerivedData/Chatlio-erkyzdeecsohoaggpwbjdvavzqfv/SourcePackages/checkouts/swift-collections/Sources/BitCollections/BitSet/BitSet+SetAlgebra\ formIntersection.swift /Users/aadityasingh/Library/Developer/Xcode/DerivedData/Chatlio-erkyzdeecsohoaggpwbjdvavzqfv/SourcePackages/checkouts/swift-collections/Sources/BitCollections/BitSet/BitSet+SetAlgebra\ formSymmetricDifference.swift /Users/aadityasingh/Library/Developer/Xcode/DerivedData/Chatlio-erkyzdeecsohoaggpwbjdvavzqfv/SourcePackages/checkouts/swift-collections/Sources/BitCollections/BitSet/BitSet+SetAlgebra\ formUnion.swift /Users/aadityasingh/Library/Developer/Xcode/DerivedData/Chatlio-erkyzdeecsohoaggpwbjdvavzqfv/SourcePackages/checkouts/swift-collections/Sources/BitCollections/BitSet/BitSet+SetAlgebra\ intersection.swift (in target 'BitCollections' from project 'swift-collections')

SwiftCompile normal arm64 /Users/aadityasingh/Library/Developer/Xcode/DerivedData/Chatlio-erkyzdeecsohoaggpwbjdvavzqfv/SourcePackages/checkouts/swift-collections/Sources/BitCollections/BitSet/BitSet+SetAlgebra\ conformance.swift (in target 'BitCollections' from project 'swift-collections')
    cd /Users/aadityasingh/Documents/Development/element-x-ios/Chatlio.xcodeproj
    

SwiftCompile normal arm64 /Users/aadityasingh/Library/Developer/Xcode/DerivedData/Chatlio-erkyzdeecsohoaggpwbjdvavzqfv/SourcePackages/checkouts/swift-collections/Sources/BitCollections/BitSet/BitSet+SetAlgebra\ formIntersection.swift (in target 'BitCollections' from project 'swift-collections')
    cd /Users/aadityasingh/Documents/Development/element-x-ios/Chatlio.xcodeproj
    

SwiftCompile normal arm64 /Users/aadityasingh/Library/Developer/Xcode/DerivedData/Chatlio-erkyzdeecsohoaggpwbjdvavzqfv/SourcePackages/checkouts/swift-collections/Sources/BitCollections/BitSet/BitSet+SetAlgebra\ formSymmetricDifference.swift (in target 'BitCollections' from project 'swift-collections')
    cd /Users/aadityasingh/Documents/Development/element-x-ios/Chatlio.xcodeproj
    

SwiftCompile normal arm64 /Users/aadityasingh/Library/Developer/Xcode/DerivedData/Chatlio-erkyzdeecsohoaggpwbjdvavzqfv/SourcePackages/checkouts/swift-collections/Sources/BitCollections/BitSet/BitSet+SetAlgebra\ formUnion.swift (in target 'BitCollections' from project 'swift-collections')
    cd /Users/aadityasingh/Documents/Development/element-x-ios/Chatlio.xcodeproj
    

SwiftCompile normal arm64 /Users/aadityasingh/Library/Developer/Xcode/DerivedData/Chatlio-erkyzdeecsohoaggpwbjdvavzqfv/SourcePackages/checkouts/swift-collections/Sources/BitCollections/BitSet/BitSet+SetAlgebra\ intersection.swift (in target 'BitCollections' from project 'swift-collections')
    cd /Users/aadityasingh/Documents/Development/element-x-ios/Chatlio.xcodeproj
    

Copy /Users/aadityasingh/Library/Developer/Xcode/DerivedData/Chatlio-erkyzdeecsohoaggpwbjdvavzqfv/Build/Products/Debug-iphonesimulator/BitCollections.swiftmodule/x86_64-apple-ios-simulator.swiftmodule /Users/aadityasingh/Library/Developer/Xcode/DerivedData/Chatlio-erkyzdeecsohoaggpwbjdvavzqfv/Build/Intermediates.noindex/swift-collections.build/Debug-iphonesimulator/BitCollections.build/Objects-normal/x86_64/BitCollections.swiftmodule (in target 'BitCollections' from project 'swift-collections')
    cd /Users/aadityasingh/Library/Developer/Xcode/DerivedData/Chatlio-erkyzdeecsohoaggpwbjdvavzqfv/SourcePackages/checkouts/swift-collections
    builtin-copy -exclude .DS_Store -exclude CVS -exclude .svn -exclude .git -exclude .hg -resolve-src-symlinks -rename /Users/aadityasingh/Library/Developer/Xcode/DerivedData/Chatlio-erkyzdeecsohoaggpwbjdvavzqfv/Build/Intermediates.noindex/swift-collections.build/Debug-iphonesimulator/BitCollections.build/Objects-normal/x86_64/BitCollections.swiftmodule /Users/aadityasingh/Library/Developer/Xcode/DerivedData/Chatlio-erkyzdeecsohoaggpwbjdvavzqfv/Build/Products/Debug-iphonesimulator/BitCollections.swiftmodule/x86_64-apple-ios-simulator.swiftmodule

SwiftDriverJobDiscovery normal arm64 Emitting module for BitCollections (in target 'BitCollections' from project 'swift-collections')

Copy /Users/aadityasingh/Library/Developer/Xcode/DerivedData/Chatlio-erkyzdeecsohoaggpwbjdvavzqfv/Build/Products/Debug-iphonesimulator/BitCollections.swiftmodule/x86_64-apple-ios-simulator.swiftdoc /Users/aadityasingh/Library/Developer/Xcode/DerivedData/Chatlio-erkyzdeecsohoaggpwbjdvavzqfv/Build/Intermediates.noindex/swift-collections.build/Debug-iphonesimulator/BitCollections.build/Objects-normal/x86_64/BitCollections.swiftdoc (in target 'BitCollections' from project 'swift-collections')
    cd /Users/aadityasingh/Library/Developer/Xcode/DerivedData/Chatlio-erkyzdeecsohoaggpwbjdvavzqfv/SourcePackages/checkouts/swift-collections
    builtin-copy -exclude .DS_Store -exclude CVS -exclude .svn -exclude .git -exclude .hg -resolve-src-symlinks -rename /Users/aadityasingh/Library/Developer/Xcode/DerivedData/Chatlio-erkyzdeecsohoaggpwbjdvavzqfv/Build/Intermediates.noindex/swift-collections.build/Debug-iphonesimulator/BitCollections.build/Objects-normal/x86_64/BitCollections.swiftdoc /Users/aadityasingh/Library/Developer/Xcode/DerivedData/Chatlio-erkyzdeecsohoaggpwbjdvavzqfv/Build/Products/Debug-iphonesimulator/BitCollections.swiftmodule/x86_64-apple-ios-simulator.swiftdoc

SwiftDriverJobDiscovery normal x86_64 Compiling _UnsafeWrappedBuffer.swift (in target 'DequeModule' from project 'swift-collections')

SwiftDriver\ Compilation\ Requirements BitCollections normal arm64 com.apple.xcode.tools.swift.compiler (in target 'BitCollections' from project 'swift-collections')
    cd /Users/aadityasingh/Documents/Development/element-x-ios/Chatlio.xcodeproj
    builtin-Swift-Compilation-Requirements -- /Applications/Xcode.app/Contents/Developer/Toolchains/XcodeDefault.xctoolchain/usr/bin/swiftc -module-name BitCollections -Onone @/Users/aadityasingh/Library/Developer/Xcode/DerivedData/Chatlio-erkyzdeecsohoaggpwbjdvavzqfv/Build/Intermediates.noindex/swift-collections.build/Debug-iphonesimulator/BitCollections.build/Objects-normal/arm64/BitCollections.SwiftFileList -DSWIFT_PACKAGE -DDEBUG -DSWIFT_MODULE_RESOURCE_BUNDLE_UNAVAILABLE -DCOLLECTIONS_RANDOMIZED_TESTING -DXcode -enable-experimental-feature AvailabilityMacro\=SwiftStdlib\ 5.0:\ macOS\ 10.14.4,\ iOS\ 12.2,\ watchOS\ 5.2,\ tvOS\ 12.2 -enable-experimental-feature AvailabilityMacro\=SwiftStdlib\ 5.1:\ macOS\ 10.15,\ iOS\ 13.0,\ watchOS\ 6.0,\ tvOS\ 13.0 -enable-experimental-feature AvailabilityMacro\=SwiftStdlib\ 5.6:\ macOS\ 12.3,\ iOS\ 15.4,\ watchOS\ 8.5,\ tvOS\ 15.4 -enable-experimental-feature AvailabilityMacro\=SwiftStdlib\ 5.8:\ macOS\ 13.3,\ iOS\ 16.4,\ watchOS\ 9.4,\ tvOS\ 16.4 -enable-experimental-feature AvailabilityMacro\=SwiftStdlib\ 5.9:\ macOS\ 14.0,\ iOS\ 17.0,\ watchOS\ 10.0,\ tvOS\ 17.0 -enable-experimental-feature AvailabilityMacro\=SwiftStdlib\ 5.10:\ macOS\ 14.4,\ iOS\ 17.4,\ watchOS\ 10.4,\ tvOS\ 17.4,\ visionOS\ 1.1 -enable-experimental-feature AvailabilityMacro\=SwiftStdlib\ 6.0:\ macOS\ 15.0,\ iOS\ 18.0,\ watchOS\ 11.0,\ tvOS\ 18.0,\ visionOS\ 2.0 -enable-experimental-feature AvailabilityMacro\=SwiftStdlib\ 6.1:\ macOS\ 15.4,\ iOS\ 18.4,\ watchOS\ 11.4,\ tvOS\ 18.4,\ visionOS\ 2.4 -enable-experimental-feature AvailabilityMacro\=SwiftStdlib\ 6.2:\ macOS\ 26.0,\ iOS\ 26.0,\ watchOS\ 26.0,\ tvOS\ 26.0,\ visionOS\ 26.0 -enable-upcoming-feature MemberImportVisibility -enable-experimental-feature BuiltinModule -enable-experimental-feature Lifetimes -enable-experimental-feature InoutLifetimeDependence -enable-experimental-feature SuppressedAssociatedTypes -plugin-path /Applications/Xcode.app/Contents/Developer/Toolchains/XcodeDefault.xctoolchain/usr/lib/swift/host/plugins/testing -enable-experimental-feature DebugDescriptionMacro -sdk /Applications/Xcode.app/Contents/Developer/Platforms/iPhoneSimulator.platform/Developer/SDKs/iPhoneSimulator26.4.sdk -target arm64-apple-ios12.0-simulator -g -module-cache-path /Users/aadityasingh/Library/Developer/Xcode/DerivedData/ModuleCache.noindex -Xfrontend -serialize-debugging-options -profile-coverage-mapping -profile-generate -enable-testing -suppress-warnings -index-store-path /Users/aadityasingh/Library/Developer/Xcode/DerivedData/Chatlio-erkyzdeecsohoaggpwbjdvavzqfv/Index.noindex/DataStore -Xcc -D_LIBCPP_HARDENING_MODE\=_LIBCPP_HARDENING_MODE_DEBUG -swift-version 6 -I /Users/aadityasingh/Library/Developer/Xcode/DerivedData/Chatlio-erkyzdeecsohoaggpwbjdvavzqfv/Build/Products/Debug-iphonesimulator -Isystem /Applications/Xcode.app/Contents/Developer/Platforms/iPhoneSimulator.platform/Developer/usr/lib -F /Users/aadityasingh/Library/Developer/Xcode/DerivedData/Chatlio-erkyzdeecsohoaggpwbjdvavzqfv/Build/Products/Debug-iphonesimulator/PackageFrameworks -F /Users/aadityasingh/Library/Developer/Xcode/DerivedData/Chatlio-erkyzdeecsohoaggpwbjdvavzqfv/Build/Products/Debug-iphonesimulator -F /Applications/Xcode.app/Contents/Developer/Platforms/iPhoneSimulator.platform/Developer/Library/Frameworks -F /Applications/Xcode.app/Contents/Developer/Platforms/iPhoneSimulator.platform/Developer/SDKs/iPhoneSimulator26.4.sdk/Developer/Library/Frameworks -c -j12 -enable-batch-mode -incremental -Xcc -ivfsstatcache -Xcc /Users/aadityasingh/Library/Developer/Xcode/DerivedData/SDKStatCaches.noindex/iphonesimulator26.4-23E252-686eebb5dc1d8ecb277353a59184f4aa.sdkstatcache -output-file-map /Users/aadityasingh/Library/Developer/Xcode/DerivedData/Chatlio-erkyzdeecsohoaggpwbjdvavzqfv/Build/Intermediates.noindex/swift-collections.build/Debug-iphonesimulator/BitCollections.build/Objects-normal/arm64/BitCollections-OutputFileMap.json -use-frontend-parseable-output -save-temps -no-color-diagnostics -explicit-module-build -module-cache-path /Users/aadityasingh/Library/Developer/Xcode/DerivedData/Chatlio-erkyzdeecsohoaggpwbjdvavzqfv/Build/Intermediates.noindex/SwiftExplicitPrecompiledModules -clang-scanner-module-cache-path /Users/aadityasingh/Library/Developer/Xcode/DerivedData/ModuleCache.noindex -sdk-module-cache-path /Users/aadityasingh/Library/Developer/Xcode/DerivedData/ModuleCache.noindex -serialize-diagnostics -emit-dependencies -emit-module -emit-module-path /Users/aadityasingh/Library/Developer/Xcode/DerivedData/Chatlio-erkyzdeecsohoaggpwbjdvavzqfv/Build/Intermediates.noindex/swift-collections.build/Debug-iphonesimulator/BitCollections.build/Objects-normal/arm64/BitCollections.swiftmodule -user-module-version 1.3.0 -validate-clang-modules-once -clang-build-session-file /Users/aadityasingh/Library/Developer/Xcode/DerivedData/ModuleCache.noindex/Session.modulevalidation -package-name swift_collections -Xcc -I/Users/aadityasingh/Library/Developer/Xcode/DerivedData/Chatlio-erkyzdeecsohoaggpwbjdvavzqfv/Build/Intermediates.noindex/swift-collections.build/Debug-iphonesimulator/BitCollections.build/swift-overrides.hmap -emit-const-values -Xfrontend -const-gather-protocols-file -Xfrontend /Users/aadityasingh/Library/Developer/Xcode/DerivedData/Chatlio-erkyzdeecsohoaggpwbjdvavzqfv/Build/Intermediates.noindex/swift-collections.build/Debug-iphonesimulator/BitCollections.build/Objects-normal/arm64/BitCollections_const_extract_protocols.json -Xcc -I/Users/aadityasingh/Library/Developer/Xcode/DerivedData/Chatlio-erkyzdeecsohoaggpwbjdvavzqfv/Build/Products/Debug-iphonesimulator/include -Xcc -I/Users/aadityasingh/Library/Developer/Xcode/DerivedData/Chatlio-erkyzdeecsohoaggpwbjdvavzqfv/Build/Intermediates.noindex/swift-collections.build/Debug-iphonesimulator/BitCollections.build/DerivedSources-normal/arm64 -Xcc -I/Users/aadityasingh/Library/Developer/Xcode/DerivedData/Chatlio-erkyzdeecsohoaggpwbjdvavzqfv/Build/Intermediates.noindex/swift-collections.build/Debug-iphonesimulator/BitCollections.build/DerivedSources/arm64 -Xcc -I/Users/aadityasingh/Library/Developer/Xcode/DerivedData/Chatlio-erkyzdeecsohoaggpwbjdvavzqfv/Build/Intermediates.noindex/swift-collections.build/Debug-iphonesimulator/BitCollections.build/DerivedSources -Xcc -DSWIFT_PACKAGE -Xcc -DDEBUG\=1 -emit-objc-header -emit-objc-header-path /Users/aadityasingh/Library/Developer/Xcode/DerivedData/Chatlio-erkyzdeecsohoaggpwbjdvavzqfv/Build/Intermediates.noindex/swift-collections.build/Debug-iphonesimulator/BitCollections.build/Objects-normal/arm64/BitCollections-Swift.h -working-directory /Users/aadityasingh/Documents/Development/element-x-ios/Chatlio.xcodeproj -experimental-emit-module-separately -disable-cmo

Copy /Users/aadityasingh/Library/Developer/Xcode/DerivedData/Chatlio-erkyzdeecsohoaggpwbjdvavzqfv/Build/Products/Debug-iphonesimulator/BitCollections.swiftmodule/x86_64-apple-ios-simulator.abi.json /Users/aadityasingh/Library/Developer/Xcode/DerivedData/Chatlio-erkyzdeecsohoaggpwbjdvavzqfv/Build/Intermediates.noindex/swift-collections.build/Debug-iphonesimulator/BitCollections.build/Objects-normal/x86_64/BitCollections.abi.json (in target 'BitCollections' from project 'swift-collections')
    cd /Users/aadityasingh/Library/Developer/Xcode/DerivedData/Chatlio-erkyzdeecsohoaggpwbjdvavzqfv/SourcePackages/checkouts/swift-collections
    builtin-copy -exclude .DS_Store -exclude CVS -exclude .svn -exclude .git -exclude .hg -resolve-src-symlinks -rename /Users/aadityasingh/Library/Developer/Xcode/DerivedData/Chatlio-erkyzdeecsohoaggpwbjdvavzqfv/Build/Intermediates.noindex/swift-collections.build/Debug-iphonesimulator/BitCollections.build/Objects-normal/x86_64/BitCollections.abi.json /Users/aadityasingh/Library/Developer/Xcode/DerivedData/Chatlio-erkyzdeecsohoaggpwbjdvavzqfv/Build/Products/Debug-iphonesimulator/BitCollections.swiftmodule/x86_64-apple-ios-simulator.abi.json

SwiftDriverJobDiscovery normal x86_64 Compiling Deque+Codable.swift, Deque+Collection.swift (in target 'DequeModule' from project 'swift-collections')

Copy /Users/aadityasingh/Library/Developer/Xcode/DerivedData/Chatlio-erkyzdeecsohoaggpwbjdvavzqfv/Build/Products/Debug-iphonesimulator/BitCollections.swiftmodule/Project/x86_64-apple-ios-simulator.swiftsourceinfo /Users/aadityasingh/Library/Developer/Xcode/DerivedData/Chatlio-erkyzdeecsohoaggpwbjdvavzqfv/Build/Intermediates.noindex/swift-collections.build/Debug-iphonesimulator/BitCollections.build/Objects-normal/x86_64/BitCollections.swiftsourceinfo (in target 'BitCollections' from project 'swift-collections')
    cd /Users/aadityasingh/Library/Developer/Xcode/DerivedData/Chatlio-erkyzdeecsohoaggpwbjdvavzqfv/SourcePackages/checkouts/swift-collections
    builtin-copy -exclude .DS_Store -exclude CVS -exclude .svn -exclude .git -exclude .hg -resolve-src-symlinks -rename /Users/aadityasingh/Library/Developer/Xcode/DerivedData/Chatlio-erkyzdeecsohoaggpwbjdvavzqfv/Build/Intermediates.noindex/swift-collections.build/Debug-iphonesimulator/BitCollections.build/Objects-normal/x86_64/BitCollections.swiftsourceinfo /Users/aadityasingh/Library/Developer/Xcode/DerivedData/Chatlio-erkyzdeecsohoaggpwbjdvavzqfv/Build/Products/Debug-iphonesimulator/BitCollections.swiftmodule/Project/x86_64-apple-ios-simulator.swiftsourceinfo

SwiftMergeGeneratedHeaders /Users/aadityasingh/Library/Developer/Xcode/DerivedData/Chatlio-erkyzdeecsohoaggpwbjdvavzqfv/Build/Intermediates.noindex/GeneratedModuleMaps-iphonesimulator/BitCollections-Swift.h /Users/aadityasingh/Library/Developer/Xcode/DerivedData/Chatlio-erkyzdeecsohoaggpwbjdvavzqfv/Build/Intermediates.noindex/swift-collections.build/Debug-iphonesimulator/BitCollections.build/Objects-normal/arm64/BitCollections-Swift.h /Users/aadityasingh/Library/Developer/Xcode/DerivedData/Chatlio-erkyzdeecsohoaggpwbjdvavzqfv/Build/Intermediates.noindex/swift-collections.build/Debug-iphonesimulator/BitCollections.build/Objects-normal/x86_64/BitCollections-Swift.h (in target 'BitCollections' from project 'swift-collections')
    cd /Users/aadityasingh/Library/Developer/Xcode/DerivedData/Chatlio-erkyzdeecsohoaggpwbjdvavzqfv/SourcePackages/checkouts/swift-collections
    builtin-swiftHeaderTool -arch arm64 /Users/aadityasingh/Library/Developer/Xcode/DerivedData/Chatlio-erkyzdeecsohoaggpwbjdvavzqfv/Build/Intermediates.noindex/swift-collections.build/Debug-iphonesimulator/BitCollections.build/Objects-normal/arm64/BitCollections-Swift.h -arch x86_64 /Users/aadityasingh/Library/Developer/Xcode/DerivedData/Chatlio-erkyzdeecsohoaggpwbjdvavzqfv/Build/Intermediates.noindex/swift-collections.build/Debug-iphonesimulator/BitCollections.build/Objects-normal/x86_64/BitCollections-Swift.h -o /Users/aadityasingh/Library/Developer/Xcode/DerivedData/Chatlio-erkyzdeecsohoaggpwbjdvavzqfv/Build/Intermediates.noindex/GeneratedModuleMaps-iphonesimulator/BitCollections-Swift.h

Copy /Users/aadityasingh/Library/Developer/Xcode/DerivedData/Chatlio-erkyzdeecsohoaggpwbjdvavzqfv/Build/Products/Debug-iphonesimulator/BitCollections.swiftmodule/arm64-apple-ios-simulator.swiftmodule /Users/aadityasingh/Library/Developer/Xcode/DerivedData/Chatlio-erkyzdeecsohoaggpwbjdvavzqfv/Build/Intermediates.noindex/swift-collections.build/Debug-iphonesimulator/BitCollections.build/Objects-normal/arm64/BitCollections.swiftmodule (in target 'BitCollections' from project 'swift-collections')
    cd /Users/aadityasingh/Library/Developer/Xcode/DerivedData/Chatlio-erkyzdeecsohoaggpwbjdvavzqfv/SourcePackages/checkouts/swift-collections
    builtin-copy -exclude .DS_Store -exclude CVS -exclude .svn -exclude .git -exclude .hg -resolve-src-symlinks -rename /Users/aadityasingh/Library/Developer/Xcode/DerivedData/Chatlio-erkyzdeecsohoaggpwbjdvavzqfv/Build/Intermediates.noindex/swift-collections.build/Debug-iphonesimulator/BitCollections.build/Objects-normal/arm64/BitCollections.swiftmodule /Users/aadityasingh/Library/Developer/Xcode/DerivedData/Chatlio-erkyzdeecsohoaggpwbjdvavzqfv/Build/Products/Debug-iphonesimulator/BitCollections.swiftmodule/arm64-apple-ios-simulator.swiftmodule

Copy /Users/aadityasingh/Library/Developer/Xcode/DerivedData/Chatlio-erkyzdeecsohoaggpwbjdvavzqfv/Build/Products/Debug-iphonesimulator/BitCollections.swiftmodule/arm64-apple-ios-simulator.swiftdoc /Users/aadityasingh/Library/Developer/Xcode/DerivedData/Chatlio-erkyzdeecsohoaggpwbjdvavzqfv/Build/Intermediates.noindex/swift-collections.build/Debug-iphonesimulator/BitCollections.build/Objects-normal/arm64/BitCollections.swiftdoc (in target 'BitCollections' from project 'swift-collections')
    cd /Users/aadityasingh/Library/Developer/Xcode/DerivedData/Chatlio-erkyzdeecsohoaggpwbjdvavzqfv/SourcePackages/checkouts/swift-collections
    builtin-copy -exclude .DS_Store -exclude CVS -exclude .svn -exclude .git -exclude .hg -resolve-src-symlinks -rename /Users/aadityasingh/Library/Developer/Xcode/DerivedData/Chatlio-erkyzdeecsohoaggpwbjdvavzqfv/Build/Intermediates.noindex/swift-collections.build/Debug-iphonesimulator/BitCollections.build/Objects-normal/arm64/BitCollections.swiftdoc /Users/aadityasingh/Library/Developer/Xcode/DerivedData/Chatlio-erkyzdeecsohoaggpwbjdvavzqfv/Build/Products/Debug-iphonesimulator/BitCollections.swiftmodule/arm64-apple-ios-simulator.swiftdoc

Copy /Users/aadityasingh/Library/Developer/Xcode/DerivedData/Chatlio-erkyzdeecsohoaggpwbjdvavzqfv/Build/Products/Debug-iphonesimulator/BitCollections.swiftmodule/arm64-apple-ios-simulator.abi.json /Users/aadityasingh/Library/Developer/Xcode/DerivedData/Chatlio-erkyzdeecsohoaggpwbjdvavzqfv/Build/Intermediates.noindex/swift-collections.build/Debug-iphonesimulator/BitCollections.build/Objects-normal/arm64/BitCollections.abi.json (in target 'BitCollections' from project 'swift-collections')
    cd /Users/aadityasingh/Library/Developer/Xcode/DerivedData/Chatlio-erkyzdeecsohoaggpwbjdvavzqfv/SourcePackages/checkouts/swift-collections
    builtin-copy -exclude .DS_Store -exclude CVS -exclude .svn -exclude .git -exclude .hg -resolve-src-symlinks -rename /Users/aadityasingh/Library/Developer/Xcode/DerivedData/Chatlio-erkyzdeecsohoaggpwbjdvavzqfv/Build/Intermediates.noindex/swift-collections.build/Debug-iphonesimulator/BitCollections.build/Objects-normal/arm64/BitCollections.abi.json /Users/aadityasingh/Library/Developer/Xcode/DerivedData/Chatlio-erkyzdeecsohoaggpwbjdvavzqfv/Build/Products/Debug-iphonesimulator/BitCollections.swiftmodule/arm64-apple-ios-simulator.abi.json

Copy /Users/aadityasingh/Library/Developer/Xcode/DerivedData/Chatlio-erkyzdeecsohoaggpwbjdvavzqfv/Build/Products/Debug-iphonesimulator/BitCollections.swiftmodule/Project/arm64-apple-ios-simulator.swiftsourceinfo /Users/aadityasingh/Library/Developer/Xcode/DerivedData/Chatlio-erkyzdeecsohoaggpwbjdvavzqfv/Build/Intermediates.noindex/swift-collections.build/Debug-iphonesimulator/BitCollections.build/Objects-normal/arm64/BitCollections.swiftsourceinfo (in target 'BitCollections' from project 'swift-collections')
    cd /Users/aadityasingh/Library/Developer/Xcode/DerivedData/Chatlio-erkyzdeecsohoaggpwbjdvavzqfv/SourcePackages/checkouts/swift-collections
    builtin-copy -exclude .DS_Store -exclude CVS -exclude .svn -exclude .git -exclude .hg -resolve-src-symlinks -rename /Users/aadityasingh/Library/Developer/Xcode/DerivedData/Chatlio-erkyzdeecsohoaggpwbjdvavzqfv/Build/Intermediates.noindex/swift-collections.build/Debug-iphonesimulator/BitCollections.build/Objects-normal/arm64/BitCollections.swiftsourceinfo /Users/aadityasingh/Library/Developer/Xcode/DerivedData/Chatlio-erkyzdeecsohoaggpwbjdvavzqfv/Build/Products/Debug-iphonesimulator/BitCollections.swiftmodule/Project/arm64-apple-ios-simulator.swiftsourceinfo

SwiftCompile normal arm64 Compiling\ BitArray+LosslessStringConvertible.swift,\ BitArray+RandomBits.swift,\ BitArray+RangeReplaceableCollection.swift,\ BitArray+Shifts.swift,\ BitArray+Testing.swift /Users/aadityasingh/Library/Developer/Xcode/DerivedData/Chatlio-erkyzdeecsohoaggpwbjdvavzqfv/SourcePackages/checkouts/swift-collections/Sources/BitCollections/BitArray/BitArray+LosslessStringConvertible.swift /Users/aadityasingh/Library/Developer/Xcode/DerivedData/Chatlio-erkyzdeecsohoaggpwbjdvavzqfv/SourcePackages/checkouts/swift-collections/Sources/BitCollections/BitArray/BitArray+RandomBits.swift /Users/aadityasingh/Library/Developer/Xcode/DerivedData/Chatlio-erkyzdeecsohoaggpwbjdvavzqfv/SourcePackages/checkouts/swift-collections/Sources/BitCollections/BitArray/BitArray+RangeReplaceableCollection.swift /Users/aadityasingh/Library/Developer/Xcode/DerivedData/Chatlio-erkyzdeecsohoaggpwbjdvavzqfv/SourcePackages/checkouts/swift-collections/Sources/BitCollections/BitArray/BitArray+Shifts.swift /Users/aadityasingh/Library/Developer/Xcode/DerivedData/Chatlio-erkyzdeecsohoaggpwbjdvavzqfv/SourcePackages/checkouts/swift-collections/Sources/BitCollections/BitArray/BitArray+Testing.swift (in target 'BitCollections' from project 'swift-collections')

SwiftCompile normal arm64 /Users/aadityasingh/Library/Developer/Xcode/DerivedData/Chatlio-erkyzdeecsohoaggpwbjdvavzqfv/SourcePackages/checkouts/swift-collections/Sources/BitCollections/BitArray/BitArray+LosslessStringConvertible.swift (in target 'BitCollections' from project 'swift-collections')
    cd /Users/aadityasingh/Documents/Development/element-x-ios/Chatlio.xcodeproj
    

SwiftCompile normal arm64 /Users/aadityasingh/Library/Developer/Xcode/DerivedData/Chatlio-erkyzdeecsohoaggpwbjdvavzqfv/SourcePackages/checkouts/swift-collections/Sources/BitCollections/BitArray/BitArray+RandomBits.swift (in target 'BitCollections' from project 'swift-collections')
    cd /Users/aadityasingh/Documents/Development/element-x-ios/Chatlio.xcodeproj
    

SwiftCompile normal arm64 /Users/aadityasingh/Library/Developer/Xcode/DerivedData/Chatlio-erkyzdeecsohoaggpwbjdvavzqfv/SourcePackages/checkouts/swift-collections/Sources/BitCollections/BitArray/BitArray+RangeReplaceableCollection.swift (in target 'BitCollections' from project 'swift-collections')
    cd /Users/aadityasingh/Documents/Development/element-x-ios/Chatlio.xcodeproj
    

SwiftCompile normal arm64 /Users/aadityasingh/Library/Developer/Xcode/DerivedData/Chatlio-erkyzdeecsohoaggpwbjdvavzqfv/SourcePackages/checkouts/swift-collections/Sources/BitCollections/BitArray/BitArray+Shifts.swift (in target 'BitCollections' from project 'swift-collections')
    cd /Users/aadityasingh/Documents/Development/element-x-ios/Chatlio.xcodeproj
    

SwiftCompile normal arm64 /Users/aadityasingh/Library/Developer/Xcode/DerivedData/Chatlio-erkyzdeecsohoaggpwbjdvavzqfv/SourcePackages/checkouts/swift-collections/Sources/BitCollections/BitArray/BitArray+Testing.swift (in target 'BitCollections' from project 'swift-collections')
    cd /Users/aadityasingh/Documents/Development/element-x-ios/Chatlio.xcodeproj
    

SwiftCompile normal x86_64 Compiling\ BitSet+CustomReflectable.swift,\ BitSet+CustomStringConvertible.swift,\ BitSet+Equatable.swift,\ BitSet+ExpressibleByArrayLiteral.swift,\ BitSet+Extras.swift /Users/aadityasingh/Library/Developer/Xcode/DerivedData/Chatlio-erkyzdeecsohoaggpwbjdvavzqfv/SourcePackages/checkouts/swift-collections/Sources/BitCollections/BitSet/BitSet+CustomReflectable.swift /Users/aadityasingh/Library/Developer/Xcode/DerivedData/Chatlio-erkyzdeecsohoaggpwbjdvavzqfv/SourcePackages/checkouts/swift-collections/Sources/BitCollections/BitSet/BitSet+CustomStringConvertible.swift /Users/aadityasingh/Library/Developer/Xcode/DerivedData/Chatlio-erkyzdeecsohoaggpwbjdvavzqfv/SourcePackages/checkouts/swift-collections/Sources/BitCollections/BitSet/BitSet+Equatable.swift /Users/aadityasingh/Library/Developer/Xcode/DerivedData/Chatlio-erkyzdeecsohoaggpwbjdvavzqfv/SourcePackages/checkouts/swift-collections/Sources/BitCollections/BitSet/BitSet+ExpressibleByArrayLiteral.swift /Users/aadityasingh/Library/Developer/Xcode/DerivedData/Chatlio-erkyzdeecsohoaggpwbjdvavzqfv/SourcePackages/checkouts/swift-collections/Sources/BitCollections/BitSet/BitSet+Extras.swift (in target 'BitCollections' from project 'swift-collections')

SwiftCompile normal x86_64 /Users/aadityasingh/Library/Developer/Xcode/DerivedData/Chatlio-erkyzdeecsohoaggpwbjdvavzqfv/SourcePackages/checkouts/swift-collections/Sources/BitCollections/BitSet/BitSet+CustomReflectable.swift (in target 'BitCollections' from project 'swift-collections')
    cd /Users/aadityasingh/Documents/Development/element-x-ios/Chatlio.xcodeproj
    

SwiftCompile normal x86_64 /Users/aadityasingh/Library/Developer/Xcode/DerivedData/Chatlio-erkyzdeecsohoaggpwbjdvavzqfv/SourcePackages/checkouts/swift-collections/Sources/BitCollections/BitSet/BitSet+CustomStringConvertible.swift (in target 'BitCollections' from project 'swift-collections')
    cd /Users/aadityasingh/Documents/Development/element-x-ios/Chatlio.xcodeproj
    

SwiftCompile normal x86_64 /Users/aadityasingh/Library/Developer/Xcode/DerivedData/Chatlio-erkyzdeecsohoaggpwbjdvavzqfv/SourcePackages/checkouts/swift-collections/Sources/BitCollections/BitSet/BitSet+Equatable.swift (in target 'BitCollections' from project 'swift-collections')
    cd /Users/aadityasingh/Documents/Development/element-x-ios/Chatlio.xcodeproj
    

SwiftCompile normal x86_64 /Users/aadityasingh/Library/Developer/Xcode/DerivedData/Chatlio-erkyzdeecsohoaggpwbjdvavzqfv/SourcePackages/checkouts/swift-collections/Sources/BitCollections/BitSet/BitSet+ExpressibleByArrayLiteral.swift (in target 'BitCollections' from project 'swift-collections')
    cd /Users/aadityasingh/Documents/Development/element-x-ios/Chatlio.xcodeproj
    

SwiftCompile normal x86_64 /Users/aadityasingh/Library/Developer/Xcode/DerivedData/Chatlio-erkyzdeecsohoaggpwbjdvavzqfv/SourcePackages/checkouts/swift-collections/Sources/BitCollections/BitSet/BitSet+Extras.swift (in target 'BitCollections' from project 'swift-collections')
    cd /Users/aadityasingh/Documents/Development/element-x-ios/Chatlio.xcodeproj
    

SwiftCompile normal x86_64 Compiling\ BitSet+Hashable.swift,\ BitSet+Initializers.swift,\ BitSet+Invariants.swift,\ BitSet+Random.swift,\ BitSet+SetAlgebra\ basics.swift /Users/aadityasingh/Library/Developer/Xcode/DerivedData/Chatlio-erkyzdeecsohoaggpwbjdvavzqfv/SourcePackages/checkouts/swift-collections/Sources/BitCollections/BitSet/BitSet+Hashable.swift /Users/aadityasingh/Library/Developer/Xcode/DerivedData/Chatlio-erkyzdeecsohoaggpwbjdvavzqfv/SourcePackages/checkouts/swift-collections/Sources/BitCollections/BitSet/BitSet+Initializers.swift /Users/aadityasingh/Library/Developer/Xcode/DerivedData/Chatlio-erkyzdeecsohoaggpwbjdvavzqfv/SourcePackages/checkouts/swift-collections/Sources/BitCollections/BitSet/BitSet+Invariants.swift /Users/aadityasingh/Library/Developer/Xcode/DerivedData/Chatlio-erkyzdeecsohoaggpwbjdvavzqfv/SourcePackages/checkouts/swift-collections/Sources/BitCollections/BitSet/BitSet+Random.swift /Users/aadityasingh/Library/Developer/Xcode/DerivedData/Chatlio-erkyzdeecsohoaggpwbjdvavzqfv/SourcePackages/checkouts/swift-collections/Sources/BitCollections/BitSet/BitSet+SetAlgebra\ basics.swift (in target 'BitCollections' from project 'swift-collections')

SwiftCompile normal x86_64 /Users/aadityasingh/Library/Developer/Xcode/DerivedData/Chatlio-erkyzdeecsohoaggpwbjdvavzqfv/SourcePackages/checkouts/swift-collections/Sources/BitCollections/BitSet/BitSet+Hashable.swift (in target 'BitCollections' from project 'swift-collections')
    cd /Users/aadityasingh/Documents/Development/element-x-ios/Chatlio.xcodeproj
    

SwiftCompile normal x86_64 /Users/aadityasingh/Library/Developer/Xcode/DerivedData/Chatlio-erkyzdeecsohoaggpwbjdvavzqfv/SourcePackages/checkouts/swift-collections/Sources/BitCollections/BitSet/BitSet+Initializers.swift (in target 'BitCollections' from project 'swift-collections')
    cd /Users/aadityasingh/Documents/Development/element-x-ios/Chatlio.xcodeproj
    

SwiftCompile normal x86_64 /Users/aadityasingh/Library/Developer/Xcode/DerivedData/Chatlio-erkyzdeecsohoaggpwbjdvavzqfv/SourcePackages/checkouts/swift-collections/Sources/BitCollections/BitSet/BitSet+Invariants.swift (in target 'BitCollections' from project 'swift-collections')
    cd /Users/aadityasingh/Documents/Development/element-x-ios/Chatlio.xcodeproj
    

SwiftCompile normal x86_64 /Users/aadityasingh/Library/Developer/Xcode/DerivedData/Chatlio-erkyzdeecsohoaggpwbjdvavzqfv/SourcePackages/checkouts/swift-collections/Sources/BitCollections/BitSet/BitSet+Random.swift (in target 'BitCollections' from project 'swift-collections')
    cd /Users/aadityasingh/Documents/Development/element-x-ios/Chatlio.xcodeproj
    

SwiftCompile normal x86_64 /Users/aadityasingh/Library/Developer/Xcode/DerivedData/Chatlio-erkyzdeecsohoaggpwbjdvavzqfv/SourcePackages/checkouts/swift-collections/Sources/BitCollections/BitSet/BitSet+SetAlgebra\ basics.swift (in target 'BitCollections' from project 'swift-collections')
    cd /Users/aadityasingh/Documents/Development/element-x-ios/Chatlio.xcodeproj
    

SwiftCompile normal x86_64 Compiling\ BitArray+CustomReflectable.swift,\ BitArray+Descriptions.swift,\ BitArray+Equatable.swift,\ BitArray+ExpressibleByArrayLiteral.swift,\ BitArray+ExpressibleByStringLiteral.swift /Users/aadityasingh/Library/Developer/Xcode/DerivedData/Chatlio-erkyzdeecsohoaggpwbjdvavzqfv/SourcePackages/checkouts/swift-collections/Sources/BitCollections/BitArray/BitArray+CustomReflectable.swift /Users/aadityasingh/Library/Developer/Xcode/DerivedData/Chatlio-erkyzdeecsohoaggpwbjdvavzqfv/SourcePackages/checkouts/swift-collections/Sources/BitCollections/BitArray/BitArray+Descriptions.swift /Users/aadityasingh/Library/Developer/Xcode/DerivedData/Chatlio-erkyzdeecsohoaggpwbjdvavzqfv/SourcePackages/checkouts/swift-collections/Sources/BitCollections/BitArray/BitArray+Equatable.swift /Users/aadityasingh/Library/Developer/Xcode/DerivedData/Chatlio-erkyzdeecsohoaggpwbjdvavzqfv/SourcePackages/checkouts/swift-collections/Sources/BitCollections/BitArray/BitArray+ExpressibleByArrayLiteral.swift /Users/aadityasingh/Library/Developer/Xcode/DerivedData/Chatlio-erkyzdeecsohoaggpwbjdvavzqfv/SourcePackages/checkouts/swift-collections/Sources/BitCollections/BitArray/BitArray+ExpressibleByStringLiteral.swift (in target 'BitCollections' from project 'swift-collections')

SwiftCompile normal x86_64 /Users/aadityasingh/Library/Developer/Xcode/DerivedData/Chatlio-erkyzdeecsohoaggpwbjdvavzqfv/SourcePackages/checkouts/swift-collections/Sources/BitCollections/BitArray/BitArray+CustomReflectable.swift (in target 'BitCollections' from project 'swift-collections')
    cd /Users/aadityasingh/Documents/Development/element-x-ios/Chatlio.xcodeproj
    

SwiftCompile normal x86_64 /Users/aadityasingh/Library/Developer/Xcode/DerivedData/Chatlio-erkyzdeecsohoaggpwbjdvavzqfv/SourcePackages/checkouts/swift-collections/Sources/BitCollections/BitArray/BitArray+Descriptions.swift (in target 'BitCollections' from project 'swift-collections')
    cd /Users/aadityasingh/Documents/Development/element-x-ios/Chatlio.xcodeproj
    

SwiftCompile normal x86_64 /Users/aadityasingh/Library/Developer/Xcode/DerivedData/Chatlio-erkyzdeecsohoaggpwbjdvavzqfv/SourcePackages/checkouts/swift-collections/Sources/BitCollections/BitArray/BitArray+Equatable.swift (in target 'BitCollections' from project 'swift-collections')
    cd /Users/aadityasingh/Documents/Development/element-x-ios/Chatlio.xcodeproj
    

SwiftCompile normal x86_64 /Users/aadityasingh/Library/Developer/Xcode/DerivedData/Chatlio-erkyzdeecsohoaggpwbjdvavzqfv/SourcePackages/checkouts/swift-collections/Sources/BitCollections/BitArray/BitArray+ExpressibleByArrayLiteral.swift (in target 'BitCollections' from project 'swift-collections')
    cd /Users/aadityasingh/Documents/Development/element-x-ios/Chatlio.xcodeproj
    

SwiftCompile normal x86_64 /Users/aadityasingh/Library/Developer/Xcode/DerivedData/Chatlio-erkyzdeecsohoaggpwbjdvavzqfv/SourcePackages/checkouts/swift-collections/Sources/BitCollections/BitArray/BitArray+ExpressibleByStringLiteral.swift (in target 'BitCollections' from project 'swift-collections')
    cd /Users/aadityasingh/Documents/Development/element-x-ios/Chatlio.xcodeproj
    

SwiftDriverJobDiscovery normal x86_64 Compiling Deque+CustomReflectable.swift, Deque+Descriptions.swift (in target 'DequeModule' from project 'swift-collections')

SwiftCompile normal arm64 Compiling\ BitArray+CustomReflectable.swift,\ BitArray+Descriptions.swift,\ BitArray+Equatable.swift,\ BitArray+ExpressibleByArrayLiteral.swift,\ BitArray+ExpressibleByStringLiteral.swift /Users/aadityasingh/Library/Developer/Xcode/DerivedData/Chatlio-erkyzdeecsohoaggpwbjdvavzqfv/SourcePackages/checkouts/swift-collections/Sources/BitCollections/BitArray/BitArray+CustomReflectable.swift /Users/aadityasingh/Library/Developer/Xcode/DerivedData/Chatlio-erkyzdeecsohoaggpwbjdvavzqfv/SourcePackages/checkouts/swift-collections/Sources/BitCollections/BitArray/BitArray+Descriptions.swift /Users/aadityasingh/Library/Developer/Xcode/DerivedData/Chatlio-erkyzdeecsohoaggpwbjdvavzqfv/SourcePackages/checkouts/swift-collections/Sources/BitCollections/BitArray/BitArray+Equatable.swift /Users/aadityasingh/Library/Developer/Xcode/DerivedData/Chatlio-erkyzdeecsohoaggpwbjdvavzqfv/SourcePackages/checkouts/swift-collections/Sources/BitCollections/BitArray/BitArray+ExpressibleByArrayLiteral.swift /Users/aadityasingh/Library/Developer/Xcode/DerivedData/Chatlio-erkyzdeecsohoaggpwbjdvavzqfv/SourcePackages/checkouts/swift-collections/Sources/BitCollections/BitArray/BitArray+ExpressibleByStringLiteral.swift (in target 'BitCollections' from project 'swift-collections')

SwiftCompile normal arm64 /Users/aadityasingh/Library/Developer/Xcode/DerivedData/Chatlio-erkyzdeecsohoaggpwbjdvavzqfv/SourcePackages/checkouts/swift-collections/Sources/BitCollections/BitArray/BitArray+CustomReflectable.swift (in target 'BitCollections' from project 'swift-collections')
    cd /Users/aadityasingh/Documents/Development/element-x-ios/Chatlio.xcodeproj
    

SwiftCompile normal arm64 /Users/aadityasingh/Library/Developer/Xcode/DerivedData/Chatlio-erkyzdeecsohoaggpwbjdvavzqfv/SourcePackages/checkouts/swift-collections/Sources/BitCollections/BitArray/BitArray+Descriptions.swift (in target 'BitCollections' from project 'swift-collections')
    cd /Users/aadityasingh/Documents/Development/element-x-ios/Chatlio.xcodeproj
    

SwiftCompile normal arm64 /Users/aadityasingh/Library/Developer/Xcode/DerivedData/Chatlio-erkyzdeecsohoaggpwbjdvavzqfv/SourcePackages/checkouts/swift-collections/Sources/BitCollections/BitArray/BitArray+Equatable.swift (in target 'BitCollections' from project 'swift-collections')
    cd /Users/aadityasingh/Documents/Development/element-x-ios/Chatlio.xcodeproj
    

SwiftCompile normal arm64 /Users/aadityasingh/Library/Developer/Xcode/DerivedData/Chatlio-erkyzdeecsohoaggpwbjdvavzqfv/SourcePackages/checkouts/swift-collections/Sources/BitCollections/BitArray/BitArray+ExpressibleByArrayLiteral.swift (in target 'BitCollections' from project 'swift-collections')
    cd /Users/aadityasingh/Documents/Development/element-x-ios/Chatlio.xcodeproj
    

SwiftCompile normal arm64 /Users/aadityasingh/Library/Developer/Xcode/DerivedData/Chatlio-erkyzdeecsohoaggpwbjdvavzqfv/SourcePackages/checkouts/swift-collections/Sources/BitCollections/BitArray/BitArray+ExpressibleByStringLiteral.swift (in target 'BitCollections' from project 'swift-collections')
    cd /Users/aadityasingh/Documents/Development/element-x-ios/Chatlio.xcodeproj
    

SwiftDriverJobDiscovery normal arm64 Compiling _UnsafeWrappedBuffer.swift (in target 'DequeModule' from project 'swift-collections')

SwiftDriverJobDiscovery normal x86_64 Compiling Deque._Storage.swift (in target 'DequeModule' from project 'swift-collections')

SwiftCompile normal arm64 Compiling\ BitArray._UnsafeHandle.swift,\ BitArray.swift,\ BitSet+BidirectionalCollection.swift,\ BitSet+Codable.swift,\ BitSet+CustomDebugStringConvertible.swift /Users/aadityasingh/Library/Developer/Xcode/DerivedData/Chatlio-erkyzdeecsohoaggpwbjdvavzqfv/SourcePackages/checkouts/swift-collections/Sources/BitCollections/BitArray/BitArray._UnsafeHandle.swift /Users/aadityasingh/Library/Developer/Xcode/DerivedData/Chatlio-erkyzdeecsohoaggpwbjdvavzqfv/SourcePackages/checkouts/swift-collections/Sources/BitCollections/BitArray/BitArray.swift /Users/aadityasingh/Library/Developer/Xcode/DerivedData/Chatlio-erkyzdeecsohoaggpwbjdvavzqfv/SourcePackages/checkouts/swift-collections/Sources/BitCollections/BitSet/BitSet+BidirectionalCollection.swift /Users/aadityasingh/Library/Developer/Xcode/DerivedData/Chatlio-erkyzdeecsohoaggpwbjdvavzqfv/SourcePackages/checkouts/swift-collections/Sources/BitCollections/BitSet/BitSet+Codable.swift /Users/aadityasingh/Library/Developer/Xcode/DerivedData/Chatlio-erkyzdeecsohoaggpwbjdvavzqfv/SourcePackages/checkouts/swift-collections/Sources/BitCollections/BitSet/BitSet+CustomDebugStringConvertible.swift (in target 'BitCollections' from project 'swift-collections')

SwiftCompile normal arm64 /Users/aadityasingh/Library/Developer/Xcode/DerivedData/Chatlio-erkyzdeecsohoaggpwbjdvavzqfv/SourcePackages/checkouts/swift-collections/Sources/BitCollections/BitArray/BitArray._UnsafeHandle.swift (in target 'BitCollections' from project 'swift-collections')
    cd /Users/aadityasingh/Documents/Development/element-x-ios/Chatlio.xcodeproj
    

SwiftCompile normal arm64 /Users/aadityasingh/Library/Developer/Xcode/DerivedData/Chatlio-erkyzdeecsohoaggpwbjdvavzqfv/SourcePackages/checkouts/swift-collections/Sources/BitCollections/BitArray/BitArray.swift (in target 'BitCollections' from project 'swift-collections')
    cd /Users/aadityasingh/Documents/Development/element-x-ios/Chatlio.xcodeproj
    

SwiftCompile normal arm64 /Users/aadityasingh/Library/Developer/Xcode/DerivedData/Chatlio-erkyzdeecsohoaggpwbjdvavzqfv/SourcePackages/checkouts/swift-collections/Sources/BitCollections/BitSet/BitSet+BidirectionalCollection.swift (in target 'BitCollections' from project 'swift-collections')
    cd /Users/aadityasingh/Documents/Development/element-x-ios/Chatlio.xcodeproj
    

SwiftCompile normal arm64 /Users/aadityasingh/Library/Developer/Xcode/DerivedData/Chatlio-erkyzdeecsohoaggpwbjdvavzqfv/SourcePackages/checkouts/swift-collections/Sources/BitCollections/BitSet/BitSet+Codable.swift (in target 'BitCollections' from project 'swift-collections')
    cd /Users/aadityasingh/Documents/Development/element-x-ios/Chatlio.xcodeproj
    

SwiftCompile normal arm64 /Users/aadityasingh/Library/Developer/Xcode/DerivedData/Chatlio-erkyzdeecsohoaggpwbjdvavzqfv/SourcePackages/checkouts/swift-collections/Sources/BitCollections/BitSet/BitSet+CustomDebugStringConvertible.swift (in target 'BitCollections' from project 'swift-collections')
    cd /Users/aadityasingh/Documents/Development/element-x-ios/Chatlio.xcodeproj
    

SwiftDriverJobDiscovery normal arm64 Compiling BitSet+SetAlgebra conformance.swift, BitSet+SetAlgebra formIntersection.swift, BitSet+SetAlgebra formSymmetricDifference.swift, BitSet+SetAlgebra formUnion.swift, BitSet+SetAlgebra intersection.swift (in target 'BitCollections' from project 'swift-collections')

SwiftCompile normal arm64 Compiling\ Range+Utilities.swift,\ Slice+Utilities.swift,\ UInt+Tricks.swift,\ _Word.swift /Users/aadityasingh/Library/Developer/Xcode/DerivedData/Chatlio-erkyzdeecsohoaggpwbjdvavzqfv/SourcePackages/checkouts/swift-collections/Sources/BitCollections/Shared/Range+Utilities.swift /Users/aadityasingh/Library/Developer/Xcode/DerivedData/Chatlio-erkyzdeecsohoaggpwbjdvavzqfv/SourcePackages/checkouts/swift-collections/Sources/BitCollections/Shared/Slice+Utilities.swift /Users/aadityasingh/Library/Developer/Xcode/DerivedData/Chatlio-erkyzdeecsohoaggpwbjdvavzqfv/SourcePackages/checkouts/swift-collections/Sources/BitCollections/Shared/UInt+Tricks.swift /Users/aadityasingh/Library/Developer/Xcode/DerivedData/Chatlio-erkyzdeecsohoaggpwbjdvavzqfv/SourcePackages/checkouts/swift-collections/Sources/BitCollections/Shared/_Word.swift (in target 'BitCollections' from project 'swift-collections')

SwiftCompile normal arm64 /Users/aadityasingh/Library/Developer/Xcode/DerivedData/Chatlio-erkyzdeecsohoaggpwbjdvavzqfv/SourcePackages/checkouts/swift-collections/Sources/BitCollections/Shared/Range+Utilities.swift (in target 'BitCollections' from project 'swift-collections')
    cd /Users/aadityasingh/Documents/Development/element-x-ios/Chatlio.xcodeproj
    

SwiftCompile normal arm64 /Users/aadityasingh/Library/Developer/Xcode/DerivedData/Chatlio-erkyzdeecsohoaggpwbjdvavzqfv/SourcePackages/checkouts/swift-collections/Sources/BitCollections/Shared/Slice+Utilities.swift (in target 'BitCollections' from project 'swift-collections')
    cd /Users/aadityasingh/Documents/Development/element-x-ios/Chatlio.xcodeproj
    

SwiftCompile normal arm64 /Users/aadityasingh/Library/Developer/Xcode/DerivedData/Chatlio-erkyzdeecsohoaggpwbjdvavzqfv/SourcePackages/checkouts/swift-collections/Sources/BitCollections/Shared/UInt+Tricks.swift (in target 'BitCollections' from project 'swift-collections')
    cd /Users/aadityasingh/Documents/Development/element-x-ios/Chatlio.xcodeproj
    

SwiftCompile normal arm64 /Users/aadityasingh/Library/Developer/Xcode/DerivedData/Chatlio-erkyzdeecsohoaggpwbjdvavzqfv/SourcePackages/checkouts/swift-collections/Sources/BitCollections/Shared/_Word.swift (in target 'BitCollections' from project 'swift-collections')
    cd /Users/aadityasingh/Documents/Development/element-x-ios/Chatlio.xcodeproj
    

SwiftDriverJobDiscovery normal x86_64 Compiling BitArray+CustomReflectable.swift, BitArray+Descriptions.swift, BitArray+Equatable.swift, BitArray+ExpressibleByArrayLiteral.swift, BitArray+ExpressibleByStringLiteral.swift (in target 'BitCollections' from project 'swift-collections')

SwiftCompile normal x86_64 Compiling\ BitArray._UnsafeHandle.swift,\ BitArray.swift,\ BitSet+BidirectionalCollection.swift,\ BitSet+Codable.swift,\ BitSet+CustomDebugStringConvertible.swift /Users/aadityasingh/Library/Developer/Xcode/DerivedData/Chatlio-erkyzdeecsohoaggpwbjdvavzqfv/SourcePackages/checkouts/swift-collections/Sources/BitCollections/BitArray/BitArray._UnsafeHandle.swift /Users/aadityasingh/Library/Developer/Xcode/DerivedData/Chatlio-erkyzdeecsohoaggpwbjdvavzqfv/SourcePackages/checkouts/swift-collections/Sources/BitCollections/BitArray/BitArray.swift /Users/aadityasingh/Library/Developer/Xcode/DerivedData/Chatlio-erkyzdeecsohoaggpwbjdvavzqfv/SourcePackages/checkouts/swift-collections/Sources/BitCollections/BitSet/BitSet+BidirectionalCollection.swift /Users/aadityasingh/Library/Developer/Xcode/DerivedData/Chatlio-erkyzdeecsohoaggpwbjdvavzqfv/SourcePackages/checkouts/swift-collections/Sources/BitCollections/BitSet/BitSet+Codable.swift /Users/aadityasingh/Library/Developer/Xcode/DerivedData/Chatlio-erkyzdeecsohoaggpwbjdvavzqfv/SourcePackages/checkouts/swift-collections/Sources/BitCollections/BitSet/BitSet+CustomDebugStringConvertible.swift (in target 'BitCollections' from project 'swift-collections')

SwiftCompile normal x86_64 /Users/aadityasingh/Library/Developer/Xcode/DerivedData/Chatlio-erkyzdeecsohoaggpwbjdvavzqfv/SourcePackages/checkouts/swift-collections/Sources/BitCollections/BitArray/BitArray._UnsafeHandle.swift (in target 'BitCollections' from project 'swift-collections')
    cd /Users/aadityasingh/Documents/Development/element-x-ios/Chatlio.xcodeproj
    

SwiftCompile normal x86_64 /Users/aadityasingh/Library/Developer/Xcode/DerivedData/Chatlio-erkyzdeecsohoaggpwbjdvavzqfv/SourcePackages/checkouts/swift-collections/Sources/BitCollections/BitArray/BitArray.swift (in target 'BitCollections' from project 'swift-collections')
    cd /Users/aadityasingh/Documents/Development/element-x-ios/Chatlio.xcodeproj
    

SwiftCompile normal x86_64 /Users/aadityasingh/Library/Developer/Xcode/DerivedData/Chatlio-erkyzdeecsohoaggpwbjdvavzqfv/SourcePackages/checkouts/swift-collections/Sources/BitCollections/BitSet/BitSet+BidirectionalCollection.swift (in target 'BitCollections' from project 'swift-collections')
    cd /Users/aadityasingh/Documents/Development/element-x-ios/Chatlio.xcodeproj
    

SwiftCompile normal x86_64 /Users/aadityasingh/Library/Developer/Xcode/DerivedData/Chatlio-erkyzdeecsohoaggpwbjdvavzqfv/SourcePackages/checkouts/swift-collections/Sources/BitCollections/BitSet/BitSet+Codable.swift (in target 'BitCollections' from project 'swift-collections')
    cd /Users/aadityasingh/Documents/Development/element-x-ios/Chatlio.xcodeproj
    

SwiftCompile normal x86_64 /Users/aadityasingh/Library/Developer/Xcode/DerivedData/Chatlio-erkyzdeecsohoaggpwbjdvavzqfv/SourcePackages/checkouts/swift-collections/Sources/BitCollections/BitSet/BitSet+CustomDebugStringConvertible.swift (in target 'BitCollections' from project 'swift-collections')
    cd /Users/aadityasingh/Documents/Development/element-x-ios/Chatlio.xcodeproj
    

SwiftCompile normal arm64 Compiling\ BitSet+Sorted\ Collection\ APIs.swift,\ BitSet.Counted.swift,\ BitSet.Index.swift,\ BitSet._UnsafeHandle.swift,\ BitSet.swift /Users/aadityasingh/Library/Developer/Xcode/DerivedData/Chatlio-erkyzdeecsohoaggpwbjdvavzqfv/SourcePackages/checkouts/swift-collections/Sources/BitCollections/BitSet/BitSet+Sorted\ Collection\ APIs.swift /Users/aadityasingh/Library/Developer/Xcode/DerivedData/Chatlio-erkyzdeecsohoaggpwbjdvavzqfv/SourcePackages/checkouts/swift-collections/Sources/BitCollections/BitSet/BitSet.Counted.swift /Users/aadityasingh/Library/Developer/Xcode/DerivedData/Chatlio-erkyzdeecsohoaggpwbjdvavzqfv/SourcePackages/checkouts/swift-collections/Sources/BitCollections/BitSet/BitSet.Index.swift /Users/aadityasingh/Library/Developer/Xcode/DerivedData/Chatlio-erkyzdeecsohoaggpwbjdvavzqfv/SourcePackages/checkouts/swift-collections/Sources/BitCollections/BitSet/BitSet._UnsafeHandle.swift /Users/aadityasingh/Library/Developer/Xcode/DerivedData/Chatlio-erkyzdeecsohoaggpwbjdvavzqfv/SourcePackages/checkouts/swift-collections/Sources/BitCollections/BitSet/BitSet.swift (in target 'BitCollections' from project 'swift-collections')

SwiftCompile normal arm64 /Users/aadityasingh/Library/Developer/Xcode/DerivedData/Chatlio-erkyzdeecsohoaggpwbjdvavzqfv/SourcePackages/checkouts/swift-collections/Sources/BitCollections/BitSet/BitSet+Sorted\ Collection\ APIs.swift (in target 'BitCollections' from project 'swift-collections')
    cd /Users/aadityasingh/Documents/Development/element-x-ios/Chatlio.xcodeproj
    

SwiftCompile normal arm64 /Users/aadityasingh/Library/Developer/Xcode/DerivedData/Chatlio-erkyzdeecsohoaggpwbjdvavzqfv/SourcePackages/checkouts/swift-collections/Sources/BitCollections/BitSet/BitSet.Counted.swift (in target 'BitCollections' from project 'swift-collections')
    cd /Users/aadityasingh/Documents/Development/element-x-ios/Chatlio.xcodeproj
    

SwiftCompile normal arm64 /Users/aadityasingh/Library/Developer/Xcode/DerivedData/Chatlio-erkyzdeecsohoaggpwbjdvavzqfv/SourcePackages/checkouts/swift-collections/Sources/BitCollections/BitSet/BitSet.Index.swift (in target 'BitCollections' from project 'swift-collections')
    cd /Users/aadityasingh/Documents/Development/element-x-ios/Chatlio.xcodeproj
    

SwiftCompile normal arm64 /Users/aadityasingh/Library/Developer/Xcode/DerivedData/Chatlio-erkyzdeecsohoaggpwbjdvavzqfv/SourcePackages/checkouts/swift-collections/Sources/BitCollections/BitSet/BitSet._UnsafeHandle.swift (in target 'BitCollections' from project 'swift-collections')
    cd /Users/aadityasingh/Documents/Development/element-x-ios/Chatlio.xcodeproj
    

SwiftCompile normal arm64 /Users/aadityasingh/Library/Developer/Xcode/DerivedData/Chatlio-erkyzdeecsohoaggpwbjdvavzqfv/SourcePackages/checkouts/swift-collections/Sources/BitCollections/BitSet/BitSet.swift (in target 'BitCollections' from project 'swift-collections')
    cd /Users/aadityasingh/Documents/Development/element-x-ios/Chatlio.xcodeproj
    

SwiftDriverJobDiscovery normal x86_64 Compiling Range+Utilities.swift, Slice+Utilities.swift, UInt+Tricks.swift, _Word.swift (in target 'BitCollections' from project 'swift-collections')

SwiftCompile normal arm64 Compiling\ BitArray+Extras.swift,\ BitArray+Fill.swift,\ BitArray+Hashable.swift,\ BitArray+Initializers.swift,\ BitArray+Invariants.swift /Users/aadityasingh/Library/Developer/Xcode/DerivedData/Chatlio-erkyzdeecsohoaggpwbjdvavzqfv/SourcePackages/checkouts/swift-collections/Sources/BitCollections/BitArray/BitArray+Extras.swift /Users/aadityasingh/Library/Developer/Xcode/DerivedData/Chatlio-erkyzdeecsohoaggpwbjdvavzqfv/SourcePackages/checkouts/swift-collections/Sources/BitCollections/BitArray/BitArray+Fill.swift /Users/aadityasingh/Library/Developer/Xcode/DerivedData/Chatlio-erkyzdeecsohoaggpwbjdvavzqfv/SourcePackages/checkouts/swift-collections/Sources/BitCollections/BitArray/BitArray+Hashable.swift /Users/aadityasingh/Library/Developer/Xcode/DerivedData/Chatlio-erkyzdeecsohoaggpwbjdvavzqfv/SourcePackages/checkouts/swift-collections/Sources/BitCollections/BitArray/BitArray+Initializers.swift /Users/aadityasingh/Library/Developer/Xcode/DerivedData/Chatlio-erkyzdeecsohoaggpwbjdvavzqfv/SourcePackages/checkouts/swift-collections/Sources/BitCollections/BitArray/BitArray+Invariants.swift (in target 'BitCollections' from project 'swift-collections')

SwiftCompile normal arm64 /Users/aadityasingh/Library/Developer/Xcode/DerivedData/Chatlio-erkyzdeecsohoaggpwbjdvavzqfv/SourcePackages/checkouts/swift-collections/Sources/BitCollections/BitArray/BitArray+Extras.swift (in target 'BitCollections' from project 'swift-collections')
    cd /Users/aadityasingh/Documents/Development/element-x-ios/Chatlio.xcodeproj
    

SwiftCompile normal arm64 /Users/aadityasingh/Library/Developer/Xcode/DerivedData/Chatlio-erkyzdeecsohoaggpwbjdvavzqfv/SourcePackages/checkouts/swift-collections/Sources/BitCollections/BitArray/BitArray+Fill.swift (in target 'BitCollections' from project 'swift-collections')
    cd /Users/aadityasingh/Documents/Development/element-x-ios/Chatlio.xcodeproj
    

SwiftCompile normal arm64 /Users/aadityasingh/Library/Developer/Xcode/DerivedData/Chatlio-erkyzdeecsohoaggpwbjdvavzqfv/SourcePackages/checkouts/swift-collections/Sources/BitCollections/BitArray/BitArray+Hashable.swift (in target 'BitCollections' from project 'swift-collections')
    cd /Users/aadityasingh/Documents/Development/element-x-ios/Chatlio.xcodeproj
    

SwiftCompile normal arm64 /Users/aadityasingh/Library/Developer/Xcode/DerivedData/Chatlio-erkyzdeecsohoaggpwbjdvavzqfv/SourcePackages/checkouts/swift-collections/Sources/BitCollections/BitArray/BitArray+Initializers.swift (in target 'BitCollections' from project 'swift-collections')
    cd /Users/aadityasingh/Documents/Development/element-x-ios/Chatlio.xcodeproj
    

SwiftCompile normal arm64 /Users/aadityasingh/Library/Developer/Xcode/DerivedData/Chatlio-erkyzdeecsohoaggpwbjdvavzqfv/SourcePackages/checkouts/swift-collections/Sources/BitCollections/BitArray/BitArray+Invariants.swift (in target 'BitCollections' from project 'swift-collections')
    cd /Users/aadityasingh/Documents/Development/element-x-ios/Chatlio.xcodeproj
    

SwiftDriverJobDiscovery normal x86_64 Compiling Deque._UnsafeHandle.swift (in target 'DequeModule' from project 'swift-collections')

SwiftDriver\ Compilation DequeModule normal x86_64 com.apple.xcode.tools.swift.compiler (in target 'DequeModule' from project 'swift-collections')
    cd /Users/aadityasingh/Documents/Development/element-x-ios/Chatlio.xcodeproj
    builtin-Swift-Compilation -- /Applications/Xcode.app/Contents/Developer/Toolchains/XcodeDefault.xctoolchain/usr/bin/swiftc -module-name DequeModule -Onone @/Users/aadityasingh/Library/Developer/Xcode/DerivedData/Chatlio-erkyzdeecsohoaggpwbjdvavzqfv/Build/Intermediates.noindex/swift-collections.build/Debug-iphonesimulator/DequeModule.build/Objects-normal/x86_64/DequeModule.SwiftFileList -DSWIFT_PACKAGE -DDEBUG -DSWIFT_MODULE_RESOURCE_BUNDLE_UNAVAILABLE -DCOLLECTIONS_RANDOMIZED_TESTING -DXcode -enable-experimental-feature AvailabilityMacro\=SwiftStdlib\ 5.0:\ macOS\ 10.14.4,\ iOS\ 12.2,\ watchOS\ 5.2,\ tvOS\ 12.2 -enable-experimental-feature AvailabilityMacro\=SwiftStdlib\ 5.1:\ macOS\ 10.15,\ iOS\ 13.0,\ watchOS\ 6.0,\ tvOS\ 13.0 -enable-experimental-feature AvailabilityMacro\=SwiftStdlib\ 5.6:\ macOS\ 12.3,\ iOS\ 15.4,\ watchOS\ 8.5,\ tvOS\ 15.4 -enable-experimental-feature AvailabilityMacro\=SwiftStdlib\ 5.8:\ macOS\ 13.3,\ iOS\ 16.4,\ watchOS\ 9.4,\ tvOS\ 16.4 -enable-experimental-feature AvailabilityMacro\=SwiftStdlib\ 5.9:\ macOS\ 14.0,\ iOS\ 17.0,\ watchOS\ 10.0,\ tvOS\ 17.0 -enable-experimental-feature AvailabilityMacro\=SwiftStdlib\ 5.10:\ macOS\ 14.4,\ iOS\ 17.4,\ watchOS\ 10.4,\ tvOS\ 17.4,\ visionOS\ 1.1 -enable-experimental-feature AvailabilityMacro\=SwiftStdlib\ 6.0:\ macOS\ 15.0,\ iOS\ 18.0,\ watchOS\ 11.0,\ tvOS\ 18.0,\ visionOS\ 2.0 -enable-experimental-feature AvailabilityMacro\=SwiftStdlib\ 6.1:\ macOS\ 15.4,\ iOS\ 18.4,\ watchOS\ 11.4,\ tvOS\ 18.4,\ visionOS\ 2.4 -enable-experimental-feature AvailabilityMacro\=SwiftStdlib\ 6.2:\ macOS\ 26.0,\ iOS\ 26.0,\ watchOS\ 26.0,\ tvOS\ 26.0,\ visionOS\ 26.0 -enable-upcoming-feature MemberImportVisibility -enable-experimental-feature BuiltinModule -enable-experimental-feature Lifetimes -enable-experimental-feature InoutLifetimeDependence -enable-experimental-feature SuppressedAssociatedTypes -plugin-path /Applications/Xcode.app/Contents/Developer/Toolchains/XcodeDefault.xctoolchain/usr/lib/swift/host/plugins/testing -enable-experimental-feature DebugDescriptionMacro -sdk /Applications/Xcode.app/Contents/Developer/Platforms/iPhoneSimulator.platform/Developer/SDKs/iPhoneSimulator26.4.sdk -target x86_64-apple-ios12.0-simulator -g -module-cache-path /Users/aadityasingh/Library/Developer/Xcode/DerivedData/ModuleCache.noindex -Xfrontend -serialize-debugging-options -profile-coverage-mapping -profile-generate -enable-testing -suppress-warnings -index-store-path /Users/aadityasingh/Library/Developer/Xcode/DerivedData/Chatlio-erkyzdeecsohoaggpwbjdvavzqfv/Index.noindex/DataStore -Xcc -D_LIBCPP_HARDENING_MODE\=_LIBCPP_HARDENING_MODE_DEBUG -swift-version 6 -I /Users/aadityasingh/Library/Developer/Xcode/DerivedData/Chatlio-erkyzdeecsohoaggpwbjdvavzqfv/Build/Products/Debug-iphonesimulator -Isystem /Applications/Xcode.app/Contents/Developer/Platforms/iPhoneSimulator.platform/Developer/usr/lib -F /Users/aadityasingh/Library/Developer/Xcode/DerivedData/Chatlio-erkyzdeecsohoaggpwbjdvavzqfv/Build/Products/Debug-iphonesimulator/PackageFrameworks -F /Users/aadityasingh/Library/Developer/Xcode/DerivedData/Chatlio-erkyzdeecsohoaggpwbjdvavzqfv/Build/Products/Debug-iphonesimulator -F /Applications/Xcode.app/Contents/Developer/Platforms/iPhoneSimulator.platform/Developer/Library/Frameworks -F /Applications/Xcode.app/Contents/Developer/Platforms/iPhoneSimulator.platform/Developer/SDKs/iPhoneSimulator26.4.sdk/Developer/Library/Frameworks -c -j12 -enable-batch-mode -incremental -Xcc -ivfsstatcache -Xcc /Users/aadityasingh/Library/Developer/Xcode/DerivedData/SDKStatCaches.noindex/iphonesimulator26.4-23E252-686eebb5dc1d8ecb277353a59184f4aa.sdkstatcache -output-file-map /Users/aadityasingh/Library/Developer/Xcode/DerivedData/Chatlio-erkyzdeecsohoaggpwbjdvavzqfv/Build/Intermediates.noindex/swift-collections.build/Debug-iphonesimulator/DequeModule.build/Objects-normal/x86_64/DequeModule-OutputFileMap.json -use-frontend-parseable-output -save-temps -no-color-diagnostics -explicit-module-build -module-cache-path /Users/aadityasingh/Library/Developer/Xcode/DerivedData/Chatlio-erkyzdeecsohoaggpwbjdvavzqfv/Build/Intermediates.noindex/SwiftExplicitPrecompiledModules -clang-scanner-module-cache-path /Users/aadityasingh/Library/Developer/Xcode/DerivedData/ModuleCache.noindex -sdk-module-cache-path /Users/aadityasingh/Library/Developer/Xcode/DerivedData/ModuleCache.noindex -serialize-diagnostics -emit-dependencies -emit-module -emit-module-path /Users/aadityasingh/Library/Developer/Xcode/DerivedData/Chatlio-erkyzdeecsohoaggpwbjdvavzqfv/Build/Intermediates.noindex/swift-collections.build/Debug-iphonesimulator/DequeModule.build/Objects-normal/x86_64/DequeModule.swiftmodule -user-module-version 1.3.0 -validate-clang-modules-once -clang-build-session-file /Users/aadityasingh/Library/Developer/Xcode/DerivedData/ModuleCache.noindex/Session.modulevalidation -package-name swift_collections -Xcc -I/Users/aadityasingh/Library/Developer/Xcode/DerivedData/Chatlio-erkyzdeecsohoaggpwbjdvavzqfv/Build/Intermediates.noindex/swift-collections.build/Debug-iphonesimulator/DequeModule.build/swift-overrides.hmap -emit-const-values -Xfrontend -const-gather-protocols-file -Xfrontend /Users/aadityasingh/Library/Developer/Xcode/DerivedData/Chatlio-erkyzdeecsohoaggpwbjdvavzqfv/Build/Intermediates.noindex/swift-collections.build/Debug-iphonesimulator/DequeModule.build/Objects-normal/x86_64/DequeModule_const_extract_protocols.json -Xcc -I/Users/aadityasingh/Library/Developer/Xcode/DerivedData/Chatlio-erkyzdeecsohoaggpwbjdvavzqfv/Build/Products/Debug-iphonesimulator/include -Xcc -I/Users/aadityasingh/Library/Developer/Xcode/DerivedData/Chatlio-erkyzdeecsohoaggpwbjdvavzqfv/Build/Intermediates.noindex/swift-collections.build/Debug-iphonesimulator/DequeModule.build/DerivedSources-normal/x86_64 -Xcc -I/Users/aadityasingh/Library/Developer/Xcode/DerivedData/Chatlio-erkyzdeecsohoaggpwbjdvavzqfv/Build/Intermediates.noindex/swift-collections.build/Debug-iphonesimulator/DequeModule.build/DerivedSources/x86_64 -Xcc -I/Users/aadityasingh/Library/Developer/Xcode/DerivedData/Chatlio-erkyzdeecsohoaggpwbjdvavzqfv/Build/Intermediates.noindex/swift-collections.build/Debug-iphonesimulator/DequeModule.build/DerivedSources -Xcc -DSWIFT_PACKAGE -Xcc -DDEBUG\=1 -emit-objc-header -emit-objc-header-path /Users/aadityasingh/Library/Developer/Xcode/DerivedData/Chatlio-erkyzdeecsohoaggpwbjdvavzqfv/Build/Intermediates.noindex/swift-collections.build/Debug-iphonesimulator/DequeModule.build/Objects-normal/x86_64/DequeModule-Swift.h -working-directory /Users/aadityasingh/Documents/Development/element-x-ios/Chatlio.xcodeproj -experimental-emit-module-separately -disable-cmo

SwiftDriverJobDiscovery normal x86_64 Compiling BitSet+CustomReflectable.swift, BitSet+CustomStringConvertible.swift, BitSet+Equatable.swift, BitSet+ExpressibleByArrayLiteral.swift, BitSet+Extras.swift (in target 'BitCollections' from project 'swift-collections')

SwiftCompile normal x86_64 Compiling\ BitArray+Extras.swift,\ BitArray+Fill.swift,\ BitArray+Hashable.swift,\ BitArray+Initializers.swift,\ BitArray+Invariants.swift /Users/aadityasingh/Library/Developer/Xcode/DerivedData/Chatlio-erkyzdeecsohoaggpwbjdvavzqfv/SourcePackages/checkouts/swift-collections/Sources/BitCollections/BitArray/BitArray+Extras.swift /Users/aadityasingh/Library/Developer/Xcode/DerivedData/Chatlio-erkyzdeecsohoaggpwbjdvavzqfv/SourcePackages/checkouts/swift-collections/Sources/BitCollections/BitArray/BitArray+Fill.swift /Users/aadityasingh/Library/Developer/Xcode/DerivedData/Chatlio-erkyzdeecsohoaggpwbjdvavzqfv/SourcePackages/checkouts/swift-collections/Sources/BitCollections/BitArray/BitArray+Hashable.swift /Users/aadityasingh/Library/Developer/Xcode/DerivedData/Chatlio-erkyzdeecsohoaggpwbjdvavzqfv/SourcePackages/checkouts/swift-collections/Sources/BitCollections/BitArray/BitArray+Initializers.swift /Users/aadityasingh/Library/Developer/Xcode/DerivedData/Chatlio-erkyzdeecsohoaggpwbjdvavzqfv/SourcePackages/checkouts/swift-collections/Sources/BitCollections/BitArray/BitArray+Invariants.swift (in target 'BitCollections' from project 'swift-collections')

SwiftCompile normal x86_64 /Users/aadityasingh/Library/Developer/Xcode/DerivedData/Chatlio-erkyzdeecsohoaggpwbjdvavzqfv/SourcePackages/checkouts/swift-collections/Sources/BitCollections/BitArray/BitArray+Extras.swift (in target 'BitCollections' from project 'swift-collections')
    cd /Users/aadityasingh/Documents/Development/element-x-ios/Chatlio.xcodeproj
    

SwiftCompile normal x86_64 /Users/aadityasingh/Library/Developer/Xcode/DerivedData/Chatlio-erkyzdeecsohoaggpwbjdvavzqfv/SourcePackages/checkouts/swift-collections/Sources/BitCollections/BitArray/BitArray+Fill.swift (in target 'BitCollections' from project 'swift-collections')
    cd /Users/aadityasingh/Documents/Development/element-x-ios/Chatlio.xcodeproj
    

SwiftCompile normal x86_64 /Users/aadityasingh/Library/Developer/Xcode/DerivedData/Chatlio-erkyzdeecsohoaggpwbjdvavzqfv/SourcePackages/checkouts/swift-collections/Sources/BitCollections/BitArray/BitArray+Hashable.swift (in target 'BitCollections' from project 'swift-collections')
    cd /Users/aadityasingh/Documents/Development/element-x-ios/Chatlio.xcodeproj
    

SwiftCompile normal x86_64 /Users/aadityasingh/Library/Developer/Xcode/DerivedData/Chatlio-erkyzdeecsohoaggpwbjdvavzqfv/SourcePackages/checkouts/swift-collections/Sources/BitCollections/BitArray/BitArray+Initializers.swift (in target 'BitCollections' from project 'swift-collections')
    cd /Users/aadityasingh/Documents/Development/element-x-ios/Chatlio.xcodeproj
    

SwiftCompile normal x86_64 /Users/aadityasingh/Library/Developer/Xcode/DerivedData/Chatlio-erkyzdeecsohoaggpwbjdvavzqfv/SourcePackages/checkouts/swift-collections/Sources/BitCollections/BitArray/BitArray+Invariants.swift (in target 'BitCollections' from project 'swift-collections')
    cd /Users/aadityasingh/Documents/Development/element-x-ios/Chatlio.xcodeproj
    

SwiftCompile normal arm64 Compiling\ BitArray+BitwiseOperations.swift,\ BitArray+ChunkedBitsIterators.swift,\ BitArray+Codable.swift,\ BitArray+Collection.swift,\ BitArray+Copy.swift /Users/aadityasingh/Library/Developer/Xcode/DerivedData/Chatlio-erkyzdeecsohoaggpwbjdvavzqfv/SourcePackages/checkouts/swift-collections/Sources/BitCollections/BitArray/BitArray+BitwiseOperations.swift /Users/aadityasingh/Library/Developer/Xcode/DerivedData/Chatlio-erkyzdeecsohoaggpwbjdvavzqfv/SourcePackages/checkouts/swift-collections/Sources/BitCollections/BitArray/BitArray+ChunkedBitsIterators.swift /Users/aadityasingh/Library/Developer/Xcode/DerivedData/Chatlio-erkyzdeecsohoaggpwbjdvavzqfv/SourcePackages/checkouts/swift-collections/Sources/BitCollections/BitArray/BitArray+Codable.swift /Users/aadityasingh/Library/Developer/Xcode/DerivedData/Chatlio-erkyzdeecsohoaggpwbjdvavzqfv/SourcePackages/checkouts/swift-collections/Sources/BitCollections/BitArray/BitArray+Collection.swift /Users/aadityasingh/Library/Developer/Xcode/DerivedData/Chatlio-erkyzdeecsohoaggpwbjdvavzqfv/SourcePackages/checkouts/swift-collections/Sources/BitCollections/BitArray/BitArray+Copy.swift (in target 'BitCollections' from project 'swift-collections')
SwiftCompile normal arm64 /Users/aadityasingh/Library/Developer/Xcode/DerivedData/Chatlio-erkyzdeecsohoaggpwbjdvavzqfv/SourcePackages/checkouts/swift-collections/Sources/BitCollections/BitArray/BitArray+BitwiseOperations.swift (in target 'BitCollections' from project 'swift-collections')
    cd /Users/aadityasingh/Documents/Development/element-x-ios/Chatlio.xcodeproj
    

SwiftCompile normal arm64 /Users/aadityasingh/Library/Developer/Xcode/DerivedData/Chatlio-erkyzdeecsohoaggpwbjdvavzqfv/SourcePackages/checkouts/swift-collections/Sources/BitCollections/BitArray/BitArray+ChunkedBitsIterators.swift (in target 'BitCollections' from project 'swift-collections')
    cd /Users/aadityasingh/Documents/Development/element-x-ios/Chatlio.xcodeproj
    

SwiftCompile normal arm64 /Users/aadityasingh/Library/Developer/Xcode/DerivedData/Chatlio-erkyzdeecsohoaggpwbjdvavzqfv/SourcePackages/checkouts/swift-collections/Sources/BitCollections/BitArray/BitArray+Codable.swift (in target 'BitCollections' from project 'swift-collections')
    cd /Users/aadityasingh/Documents/Development/element-x-ios/Chatlio.xcodeproj
    

SwiftCompile normal arm64 /Users/aadityasingh/Library/Developer/Xcode/DerivedData/Chatlio-erkyzdeecsohoaggpwbjdvavzqfv/SourcePackages/checkouts/swift-collections/Sources/BitCollections/BitArray/BitArray+Collection.swift (in target 'BitCollections' from project 'swift-collections')
    cd /Users/aadityasingh/Documents/Development/element-x-ios/Chatlio.xcodeproj
    

SwiftCompile normal arm64 /Users/aadityasingh/Library/Developer/Xcode/DerivedData/Chatlio-erkyzdeecsohoaggpwbjdvavzqfv/SourcePackages/checkouts/swift-collections/Sources/BitCollections/BitArray/BitArray+Copy.swift (in target 'BitCollections' from project 'swift-collections')
    cd /Users/aadityasingh/Documents/Development/element-x-ios/Chatlio.xcodeproj
    

SwiftDriverJobDiscovery normal arm64 Compiling BitArray+CustomReflectable.swift, BitArray+Descriptions.swift, BitArray+Equatable.swift, BitArray+ExpressibleByArrayLiteral.swift, BitArray+ExpressibleByStringLiteral.swift (in target 'BitCollections' from project 'swift-collections')

SwiftCompile normal x86_64 Compiling\ BitSet+Sorted\ Collection\ APIs.swift,\ BitSet.Counted.swift,\ BitSet.Index.swift,\ BitSet._UnsafeHandle.swift,\ BitSet.swift /Users/aadityasingh/Library/Developer/Xcode/DerivedData/Chatlio-erkyzdeecsohoaggpwbjdvavzqfv/SourcePackages/checkouts/swift-collections/Sources/BitCollections/BitSet/BitSet+Sorted\ Collection\ APIs.swift /Users/aadityasingh/Library/Developer/Xcode/DerivedData/Chatlio-erkyzdeecsohoaggpwbjdvavzqfv/SourcePackages/checkouts/swift-collections/Sources/BitCollections/BitSet/BitSet.Counted.swift /Users/aadityasingh/Library/Developer/Xcode/DerivedData/Chatlio-erkyzdeecsohoaggpwbjdvavzqfv/SourcePackages/checkouts/swift-collections/Sources/BitCollections/BitSet/BitSet.Index.swift /Users/aadityasingh/Library/Developer/Xcode/DerivedData/Chatlio-erkyzdeecsohoaggpwbjdvavzqfv/SourcePackages/checkouts/swift-collections/Sources/BitCollections/BitSet/BitSet._UnsafeHandle.swift /Users/aadityasingh/Library/Developer/Xcode/DerivedData/Chatlio-erkyzdeecsohoaggpwbjdvavzqfv/SourcePackages/checkouts/swift-collections/Sources/BitCollections/BitSet/BitSet.swift (in target 'BitCollections' from project 'swift-collections')

SwiftCompile normal x86_64 /Users/aadityasingh/Library/Developer/Xcode/DerivedData/Chatlio-erkyzdeecsohoaggpwbjdvavzqfv/SourcePackages/checkouts/swift-collections/Sources/BitCollections/BitSet/BitSet+Sorted\ Collection\ APIs.swift (in target 'BitCollections' from project 'swift-collections')
    cd /Users/aadityasingh/Documents/Development/element-x-ios/Chatlio.xcodeproj
    

SwiftCompile normal x86_64 /Users/aadityasingh/Library/Developer/Xcode/DerivedData/Chatlio-erkyzdeecsohoaggpwbjdvavzqfv/SourcePackages/checkouts/swift-collections/Sources/BitCollections/BitSet/BitSet.Counted.swift (in target 'BitCollections' from project 'swift-collections')
    cd /Users/aadityasingh/Documents/Development/element-x-ios/Chatlio.xcodeproj
    

SwiftCompile normal x86_64 /Users/aadityasingh/Library/Developer/Xcode/DerivedData/Chatlio-erkyzdeecsohoaggpwbjdvavzqfv/SourcePackages/checkouts/swift-collections/Sources/BitCollections/BitSet/BitSet.Index.swift (in target 'BitCollections' from project 'swift-collections')
    cd /Users/aadityasingh/Documents/Development/element-x-ios/Chatlio.xcodeproj
    

SwiftCompile normal x86_64 /Users/aadityasingh/Library/Developer/Xcode/DerivedData/Chatlio-erkyzdeecsohoaggpwbjdvavzqfv/SourcePackages/checkouts/swift-collections/Sources/BitCollections/BitSet/BitSet._UnsafeHandle.swift (in target 'BitCollections' from project 'swift-collections')
    cd /Users/aadityasingh/Documents/Development/element-x-ios/Chatlio.xcodeproj
    

SwiftCompile normal x86_64 /Users/aadityasingh/Library/Developer/Xcode/DerivedData/Chatlio-erkyzdeecsohoaggpwbjdvavzqfv/SourcePackages/checkouts/swift-collections/Sources/BitCollections/BitSet/BitSet.swift (in target 'BitCollections' from project 'swift-collections')
    cd /Users/aadityasingh/Documents/Development/element-x-ios/Chatlio.xcodeproj
    

SwiftDriverJobDiscovery normal x86_64 Compiling BitSet+Hashable.swift, BitSet+Initializers.swift, BitSet+Invariants.swift, BitSet+Random.swift, BitSet+SetAlgebra basics.swift (in target 'BitCollections' from project 'swift-collections')

SwiftCompile normal arm64 Compiling\ BitSet+Hashable.swift,\ BitSet+Initializers.swift,\ BitSet+Invariants.swift,\ BitSet+Random.swift,\ BitSet+SetAlgebra\ basics.swift /Users/aadityasingh/Library/Developer/Xcode/DerivedData/Chatlio-erkyzdeecsohoaggpwbjdvavzqfv/SourcePackages/checkouts/swift-collections/Sources/BitCollections/BitSet/BitSet+Hashable.swift /Users/aadityasingh/Library/Developer/Xcode/DerivedData/Chatlio-erkyzdeecsohoaggpwbjdvavzqfv/SourcePackages/checkouts/swift-collections/Sources/BitCollections/BitSet/BitSet+Initializers.swift /Users/aadityasingh/Library/Developer/Xcode/DerivedData/Chatlio-erkyzdeecsohoaggpwbjdvavzqfv/SourcePackages/checkouts/swift-collections/Sources/BitCollections/BitSet/BitSet+Invariants.swift /Users/aadityasingh/Library/Developer/Xcode/DerivedData/Chatlio-erkyzdeecsohoaggpwbjdvavzqfv/SourcePackages/checkouts/swift-collections/Sources/BitCollections/BitSet/BitSet+Random.swift /Users/aadityasingh/Library/Developer/Xcode/DerivedData/Chatlio-erkyzdeecsohoaggpwbjdvavzqfv/SourcePackages/checkouts/swift-collections/Sources/BitCollections/BitSet/BitSet+SetAlgebra\ basics.swift (in target 'BitCollections' from project 'swift-collections')

SwiftCompile normal arm64 /Users/aadityasingh/Library/Developer/Xcode/DerivedData/Chatlio-erkyzdeecsohoaggpwbjdvavzqfv/SourcePackages/checkouts/swift-collections/Sources/BitCollections/BitSet/BitSet+Hashable.swift (in target 'BitCollections' from project 'swift-collections')
    cd /Users/aadityasingh/Documents/Development/element-x-ios/Chatlio.xcodeproj
    

SwiftCompile normal arm64 /Users/aadityasingh/Library/Developer/Xcode/DerivedData/Chatlio-erkyzdeecsohoaggpwbjdvavzqfv/SourcePackages/checkouts/swift-collections/Sources/BitCollections/BitSet/BitSet+Initializers.swift (in target 'BitCollections' from project 'swift-collections')
    cd /Users/aadityasingh/Documents/Development/element-x-ios/Chatlio.xcodeproj
    

SwiftCompile normal arm64 /Users/aadityasingh/Library/Developer/Xcode/DerivedData/Chatlio-erkyzdeecsohoaggpwbjdvavzqfv/SourcePackages/checkouts/swift-collections/Sources/BitCollections/BitSet/BitSet+Invariants.swift (in target 'BitCollections' from project 'swift-collections')
    cd /Users/aadityasingh/Documents/Development/element-x-ios/Chatlio.xcodeproj
    

SwiftCompile normal arm64 /Users/aadityasingh/Library/Developer/Xcode/DerivedData/Chatlio-erkyzdeecsohoaggpwbjdvavzqfv/SourcePackages/checkouts/swift-collections/Sources/BitCollections/BitSet/BitSet+Random.swift (in target 'BitCollections' from project 'swift-collections')
    cd /Users/aadityasingh/Documents/Development/element-x-ios/Chatlio.xcodeproj
    

SwiftCompile normal arm64 /Users/aadityasingh/Library/Developer/Xcode/DerivedData/Chatlio-erkyzdeecsohoaggpwbjdvavzqfv/SourcePackages/checkouts/swift-collections/Sources/BitCollections/BitSet/BitSet+SetAlgebra\ basics.swift (in target 'BitCollections' from project 'swift-collections')
    cd /Users/aadityasingh/Documents/Development/element-x-ios/Chatlio.xcodeproj
    

SwiftDriverJobDiscovery normal arm64 Compiling Deque._UnsafeHandle.swift (in target 'DequeModule' from project 'swift-collections')

SwiftDriverJobDiscovery normal arm64 Compiling Range+Utilities.swift, Slice+Utilities.swift, UInt+Tricks.swift, _Word.swift (in target 'BitCollections' from project 'swift-collections')

SwiftDriver\ Compilation DequeModule normal arm64 com.apple.xcode.tools.swift.compiler (in target 'DequeModule' from project 'swift-collections')
    cd /Users/aadityasingh/Documents/Development/element-x-ios/Chatlio.xcodeproj
    builtin-Swift-Compilation -- /Applications/Xcode.app/Contents/Developer/Toolchains/XcodeDefault.xctoolchain/usr/bin/swiftc -module-name DequeModule -Onone @/Users/aadityasingh/Library/Developer/Xcode/DerivedData/Chatlio-erkyzdeecsohoaggpwbjdvavzqfv/Build/Intermediates.noindex/swift-collections.build/Debug-iphonesimulator/DequeModule.build/Objects-normal/arm64/DequeModule.SwiftFileList -DSWIFT_PACKAGE -DDEBUG -DSWIFT_MODULE_RESOURCE_BUNDLE_UNAVAILABLE -DCOLLECTIONS_RANDOMIZED_TESTING -DXcode -enable-experimental-feature AvailabilityMacro\=SwiftStdlib\ 5.0:\ macOS\ 10.14.4,\ iOS\ 12.2,\ watchOS\ 5.2,\ tvOS\ 12.2 -enable-experimental-feature AvailabilityMacro\=SwiftStdlib\ 5.1:\ macOS\ 10.15,\ iOS\ 13.0,\ watchOS\ 6.0,\ tvOS\ 13.0 -enable-experimental-feature AvailabilityMacro\=SwiftStdlib\ 5.6:\ macOS\ 12.3,\ iOS\ 15.4,\ watchOS\ 8.5,\ tvOS\ 15.4 -enable-experimental-feature AvailabilityMacro\=SwiftStdlib\ 5.8:\ macOS\ 13.3,\ iOS\ 16.4,\ watchOS\ 9.4,\ tvOS\ 16.4 -enable-experimental-feature AvailabilityMacro\=SwiftStdlib\ 5.9:\ macOS\ 14.0,\ iOS\ 17.0,\ watchOS\ 10.0,\ tvOS\ 17.0 -enable-experimental-feature AvailabilityMacro\=SwiftStdlib\ 5.10:\ macOS\ 14.4,\ iOS\ 17.4,\ watchOS\ 10.4,\ tvOS\ 17.4,\ visionOS\ 1.1 -enable-experimental-feature AvailabilityMacro\=SwiftStdlib\ 6.0:\ macOS\ 15.0,\ iOS\ 18.0,\ watchOS\ 11.0,\ tvOS\ 18.0,\ visionOS\ 2.0 -enable-experimental-feature AvailabilityMacro\=SwiftStdlib\ 6.1:\ macOS\ 15.4,\ iOS\ 18.4,\ watchOS\ 11.4,\ tvOS\ 18.4,\ visionOS\ 2.4 -enable-experimental-feature AvailabilityMacro\=SwiftStdlib\ 6.2:\ macOS\ 26.0,\ iOS\ 26.0,\ watchOS\ 26.0,\ tvOS\ 26.0,\ visionOS\ 26.0 -enable-upcoming-feature MemberImportVisibility -enable-experimental-feature BuiltinModule -enable-experimental-feature Lifetimes -enable-experimental-feature InoutLifetimeDependence -enable-experimental-feature SuppressedAssociatedTypes -plugin-path /Applications/Xcode.app/Contents/Developer/Toolchains/XcodeDefault.xctoolchain/usr/lib/swift/host/plugins/testing -enable-experimental-feature DebugDescriptionMacro -sdk /Applications/Xcode.app/Contents/Developer/Platforms/iPhoneSimulator.platform/Developer/SDKs/iPhoneSimulator26.4.sdk -target arm64-apple-ios12.0-simulator -g -module-cache-path /Users/aadityasingh/Library/Developer/Xcode/DerivedData/ModuleCache.noindex -Xfrontend -serialize-debugging-options -profile-coverage-mapping -profile-generate -enable-testing -suppress-warnings -index-store-path /Users/aadityasingh/Library/Developer/Xcode/DerivedData/Chatlio-erkyzdeecsohoaggpwbjdvavzqfv/Index.noindex/DataStore -Xcc -D_LIBCPP_HARDENING_MODE\=_LIBCPP_HARDENING_MODE_DEBUG -swift-version 6 -I /Users/aadityasingh/Library/Developer/Xcode/DerivedData/Chatlio-erkyzdeecsohoaggpwbjdvavzqfv/Build/Products/Debug-iphonesimulator -Isystem /Applications/Xcode.app/Contents/Developer/Platforms/iPhoneSimulator.platform/Developer/usr/lib -F /Users/aadityasingh/Library/Developer/Xcode/DerivedData/Chatlio-erkyzdeecsohoaggpwbjdvavzqfv/Build/Products/Debug-iphonesimulator/PackageFrameworks -F /Users/aadityasingh/Library/Developer/Xcode/DerivedData/Chatlio-erkyzdeecsohoaggpwbjdvavzqfv/Build/Products/Debug-iphonesimulator -F /Applications/Xcode.app/Contents/Developer/Platforms/iPhoneSimulator.platform/Developer/Library/Frameworks -F /Applications/Xcode.app/Contents/Developer/Platforms/iPhoneSimulator.platform/Developer/SDKs/iPhoneSimulator26.4.sdk/Developer/Library/Frameworks -c -j12 -enable-batch-mode -incremental -Xcc -ivfsstatcache -Xcc /Users/aadityasingh/Library/Developer/Xcode/DerivedData/SDKStatCaches.noindex/iphonesimulator26.4-23E252-686eebb5dc1d8ecb277353a59184f4aa.sdkstatcache -output-file-map /Users/aadityasingh/Library/Developer/Xcode/DerivedData/Chatlio-erkyzdeecsohoaggpwbjdvavzqfv/Build/Intermediates.noindex/swift-collections.build/Debug-iphonesimulator/DequeModule.build/Objects-normal/arm64/DequeModule-OutputFileMap.json -use-frontend-parseable-output -save-temps -no-color-diagnostics -explicit-module-build -module-cache-path /Users/aadityasingh/Library/Developer/Xcode/DerivedData/Chatlio-erkyzdeecsohoaggpwbjdvavzqfv/Build/Intermediates.noindex/SwiftExplicitPrecompiledModules -clang-scanner-module-cache-path /Users/aadityasingh/Library/Developer/Xcode/DerivedData/ModuleCache.noindex -sdk-module-cache-path /Users/aadityasingh/Library/Developer/Xcode/DerivedData/ModuleCache.noindex -serialize-diagnostics -emit-dependencies -emit-module -emit-module-path /Users/aadityasingh/Library/Developer/Xcode/DerivedData/Chatlio-erkyzdeecsohoaggpwbjdvavzqfv/Build/Intermediates.noindex/swift-collections.build/Debug-iphonesimulator/DequeModule.build/Objects-normal/arm64/DequeModule.swiftmodule -user-module-version 1.3.0 -validate-clang-modules-once -clang-build-session-file /Users/aadityasingh/Library/Developer/Xcode/DerivedData/ModuleCache.noindex/Session.modulevalidation -package-name swift_collections -Xcc -I/Users/aadityasingh/Library/Developer/Xcode/DerivedData/Chatlio-erkyzdeecsohoaggpwbjdvavzqfv/Build/Intermediates.noindex/swift-collections.build/Debug-iphonesimulator/DequeModule.build/swift-overrides.hmap -emit-const-values -Xfrontend -const-gather-protocols-file -Xfrontend /Users/aadityasingh/Library/Developer/Xcode/DerivedData/Chatlio-erkyzdeecsohoaggpwbjdvavzqfv/Build/Intermediates.noindex/swift-collections.build/Debug-iphonesimulator/DequeModule.build/Objects-normal/arm64/DequeModule_const_extract_protocols.json -Xcc -I/Users/aadityasingh/Library/Developer/Xcode/DerivedData/Chatlio-erkyzdeecsohoaggpwbjdvavzqfv/Build/Products/Debug-iphonesimulator/include -Xcc -I/Users/aadityasingh/Library/Developer/Xcode/DerivedData/Chatlio-erkyzdeecsohoaggpwbjdvavzqfv/Build/Intermediates.noindex/swift-collections.build/Debug-iphonesimulator/DequeModule.build/DerivedSources-normal/arm64 -Xcc -I/Users/aadityasingh/Library/Developer/Xcode/DerivedData/Chatlio-erkyzdeecsohoaggpwbjdvavzqfv/Build/Intermediates.noindex/swift-collections.build/Debug-iphonesimulator/DequeModule.build/DerivedSources/arm64 -Xcc -I/Users/aadityasingh/Library/Developer/Xcode/DerivedData/Chatlio-erkyzdeecsohoaggpwbjdvavzqfv/Build/Intermediates.noindex/swift-collections.build/Debug-iphonesimulator/DequeModule.build/DerivedSources -Xcc -DSWIFT_PACKAGE -Xcc -DDEBUG\=1 -emit-objc-header -emit-objc-header-path /Users/aadityasingh/Library/Developer/Xcode/DerivedData/Chatlio-erkyzdeecsohoaggpwbjdvavzqfv/Build/Intermediates.noindex/swift-collections.build/Debug-iphonesimulator/DequeModule.build/Objects-normal/arm64/DequeModule-Swift.h -working-directory /Users/aadityasingh/Documents/Development/element-x-ios/Chatlio.xcodeproj -experimental-emit-module-separately -disable-cmo

SwiftCompile normal x86_64 Compiling\ BitSet+SetAlgebra\ conformance.swift,\ BitSet+SetAlgebra\ formIntersection.swift,\ BitSet+SetAlgebra\ formSymmetricDifference.swift,\ BitSet+SetAlgebra\ formUnion.swift,\ BitSet+SetAlgebra\ intersection.swift /Users/aadityasingh/Library/Developer/Xcode/DerivedData/Chatlio-erkyzdeecsohoaggpwbjdvavzqfv/SourcePackages/checkouts/swift-collections/Sources/BitCollections/BitSet/BitSet+SetAlgebra\ conformance.swift /Users/aadityasingh/Library/Developer/Xcode/DerivedData/Chatlio-erkyzdeecsohoaggpwbjdvavzqfv/SourcePackages/checkouts/swift-collections/Sources/BitCollections/BitSet/BitSet+SetAlgebra\ formIntersection.swift /Users/aadityasingh/Library/Developer/Xcode/DerivedData/Chatlio-erkyzdeecsohoaggpwbjdvavzqfv/SourcePackages/checkouts/swift-collections/Sources/BitCollections/BitSet/BitSet+SetAlgebra\ formSymmetricDifference.swift /Users/aadityasingh/Library/Developer/Xcode/DerivedData/Chatlio-erkyzdeecsohoaggpwbjdvavzqfv/SourcePackages/checkouts/swift-collections/Sources/BitCollections/BitSet/BitSet+SetAlgebra\ formUnion.swift /Users/aadityasingh/Library/Developer/Xcode/DerivedData/Chatlio-erkyzdeecsohoaggpwbjdvavzqfv/SourcePackages/checkouts/swift-collections/Sources/BitCollections/BitSet/BitSet+SetAlgebra\ intersection.swift (in target 'BitCollections' from project 'swift-collections')

SwiftCompile normal x86_64 /Users/aadityasingh/Library/Developer/Xcode/DerivedData/Chatlio-erkyzdeecsohoaggpwbjdvavzqfv/SourcePackages/checkouts/swift-collections/Sources/BitCollections/BitSet/BitSet+SetAlgebra\ conformance.swift (in target 'BitCollections' from project 'swift-collections')
    cd /Users/aadityasingh/Documents/Development/element-x-ios/Chatlio.xcodeproj
    

SwiftCompile normal x86_64 /Users/aadityasingh/Library/Developer/Xcode/DerivedData/Chatlio-erkyzdeecsohoaggpwbjdvavzqfv/SourcePackages/checkouts/swift-collections/Sources/BitCollections/BitSet/BitSet+SetAlgebra\ formIntersection.swift (in target 'BitCollections' from project 'swift-collections')
    cd /Users/aadityasingh/Documents/Development/element-x-ios/Chatlio.xcodeproj
    

SwiftCompile normal x86_64 /Users/aadityasingh/Library/Developer/Xcode/DerivedData/Chatlio-erkyzdeecsohoaggpwbjdvavzqfv/SourcePackages/checkouts/swift-collections/Sources/BitCollections/BitSet/BitSet+SetAlgebra\ formSymmetricDifference.swift (in target 'BitCollections' from project 'swift-collections')
    cd /Users/aadityasingh/Documents/Development/element-x-ios/Chatlio.xcodeproj
    

SwiftCompile normal x86_64 /Users/aadityasingh/Library/Developer/Xcode/DerivedData/Chatlio-erkyzdeecsohoaggpwbjdvavzqfv/SourcePackages/checkouts/swift-collections/Sources/BitCollections/BitSet/BitSet+SetAlgebra\ formUnion.swift (in target 'BitCollections' from project 'swift-collections')
    cd /Users/aadityasingh/Documents/Development/element-x-ios/Chatlio.xcodeproj
    

SwiftCompile normal x86_64 /Users/aadityasingh/Library/Developer/Xcode/DerivedData/Chatlio-erkyzdeecsohoaggpwbjdvavzqfv/SourcePackages/checkouts/swift-collections/Sources/BitCollections/BitSet/BitSet+SetAlgebra\ intersection.swift (in target 'BitCollections' from project 'swift-collections')
    cd /Users/aadityasingh/Documents/Development/element-x-ios/Chatlio.xcodeproj
    

SwiftCompile normal x86_64 Compiling\ BitSet+SetAlgebra\ isDisjoint.swift,\ BitSet+SetAlgebra\ isEqualSet.swift,\ BitSet+SetAlgebra\ isStrictSubset.swift,\ BitSet+SetAlgebra\ isStrictSuperset.swift,\ BitSet+SetAlgebra\ isSubset.swift /Users/aadityasingh/Library/Developer/Xcode/DerivedData/Chatlio-erkyzdeecsohoaggpwbjdvavzqfv/SourcePackages/checkouts/swift-collections/Sources/BitCollections/BitSet/BitSet+SetAlgebra\ isDisjoint.swift /Users/aadityasingh/Library/Developer/Xcode/DerivedData/Chatlio-erkyzdeecsohoaggpwbjdvavzqfv/SourcePackages/checkouts/swift-collections/Sources/BitCollections/BitSet/BitSet+SetAlgebra\ isEqualSet.swift /Users/aadityasingh/Library/Developer/Xcode/DerivedData/Chatlio-erkyzdeecsohoaggpwbjdvavzqfv/SourcePackages/checkouts/swift-collections/Sources/BitCollections/BitSet/BitSet+SetAlgebra\ isStrictSubset.swift /Users/aadityasingh/Library/Developer/Xcode/DerivedData/Chatlio-erkyzdeecsohoaggpwbjdvavzqfv/SourcePackages/checkouts/swift-collections/Sources/BitCollections/BitSet/BitSet+SetAlgebra\ isStrictSuperset.swift /Users/aadityasingh/Library/Developer/Xcode/DerivedData/Chatlio-erkyzdeecsohoaggpwbjdvavzqfv/SourcePackages/checkouts/swift-collections/Sources/BitCollections/BitSet/BitSet+SetAlgebra\ isSubset.swift (in target 'BitCollections' from project 'swift-collections')
SwiftCompile normal x86_64 /Users/aadityasingh/Library/Developer/Xcode/DerivedData/Chatlio-erkyzdeecsohoaggpwbjdvavzqfv/SourcePackages/checkouts/swift-collections/Sources/BitCollections/BitSet/BitSet+SetAlgebra\ isDisjoint.swift (in target 'BitCollections' from project 'swift-collections')
    cd /Users/aadityasingh/Documents/Development/element-x-ios/Chatlio.xcodeproj
    

SwiftCompile normal x86_64 /Users/aadityasingh/Library/Developer/Xcode/DerivedData/Chatlio-erkyzdeecsohoaggpwbjdvavzqfv/SourcePackages/checkouts/swift-collections/Sources/BitCollections/BitSet/BitSet+SetAlgebra\ isEqualSet.swift (in target 'BitCollections' from project 'swift-collections')
    cd /Users/aadityasingh/Documents/Development/element-x-ios/Chatlio.xcodeproj
    

SwiftCompile normal x86_64 /Users/aadityasingh/Library/Developer/Xcode/DerivedData/Chatlio-erkyzdeecsohoaggpwbjdvavzqfv/SourcePackages/checkouts/swift-collections/Sources/BitCollections/BitSet/BitSet+SetAlgebra\ isStrictSubset.swift (in target 'BitCollections' from project 'swift-collections')
    cd /Users/aadityasingh/Documents/Development/element-x-ios/Chatlio.xcodeproj
    

SwiftCompile normal x86_64 /Users/aadityasingh/Library/Developer/Xcode/DerivedData/Chatlio-erkyzdeecsohoaggpwbjdvavzqfv/SourcePackages/checkouts/swift-collections/Sources/BitCollections/BitSet/BitSet+SetAlgebra\ isStrictSuperset.swift (in target 'BitCollections' from project 'swift-collections')
    cd /Users/aadityasingh/Documents/Development/element-x-ios/Chatlio.xcodeproj
    

SwiftCompile normal x86_64 /Users/aadityasingh/Library/Developer/Xcode/DerivedData/Chatlio-erkyzdeecsohoaggpwbjdvavzqfv/SourcePackages/checkouts/swift-collections/Sources/BitCollections/BitSet/BitSet+SetAlgebra\ isSubset.swift (in target 'BitCollections' from project 'swift-collections')
    cd /Users/aadityasingh/Documents/Development/element-x-ios/Chatlio.xcodeproj
    

SwiftDriverJobDiscovery normal arm64 Compiling BitArray+LosslessStringConvertible.swift, BitArray+RandomBits.swift, BitArray+RangeReplaceableCollection.swift, BitArray+Shifts.swift, BitArray+Testing.swift (in target 'BitCollections' from project 'swift-collections')

SwiftCompile normal arm64 Compiling\ BitSet+SetAlgebra\ isDisjoint.swift,\ BitSet+SetAlgebra\ isEqualSet.swift,\ BitSet+SetAlgebra\ isStrictSubset.swift,\ BitSet+SetAlgebra\ isStrictSuperset.swift,\ BitSet+SetAlgebra\ isSubset.swift /Users/aadityasingh/Library/Developer/Xcode/DerivedData/Chatlio-erkyzdeecsohoaggpwbjdvavzqfv/SourcePackages/checkouts/swift-collections/Sources/BitCollections/BitSet/BitSet+SetAlgebra\ isDisjoint.swift /Users/aadityasingh/Library/Developer/Xcode/DerivedData/Chatlio-erkyzdeecsohoaggpwbjdvavzqfv/SourcePackages/checkouts/swift-collections/Sources/BitCollections/BitSet/BitSet+SetAlgebra\ isEqualSet.swift /Users/aadityasingh/Library/Developer/Xcode/DerivedData/Chatlio-erkyzdeecsohoaggpwbjdvavzqfv/SourcePackages/checkouts/swift-collections/Sources/BitCollections/BitSet/BitSet+SetAlgebra\ isStrictSubset.swift /Users/aadityasingh/Library/Developer/Xcode/DerivedData/Chatlio-erkyzdeecsohoaggpwbjdvavzqfv/SourcePackages/checkouts/swift-collections/Sources/BitCollections/BitSet/BitSet+SetAlgebra\ isStrictSuperset.swift /Users/aadityasingh/Library/Developer/Xcode/DerivedData/Chatlio-erkyzdeecsohoaggpwbjdvavzqfv/SourcePackages/checkouts/swift-collections/Sources/BitCollections/BitSet/BitSet+SetAlgebra\ isSubset.swift (in target 'BitCollections' from project 'swift-collections')
SwiftCompile normal arm64 /Users/aadityasingh/Library/Developer/Xcode/DerivedData/Chatlio-erkyzdeecsohoaggpwbjdvavzqfv/SourcePackages/checkouts/swift-collections/Sources/BitCollections/BitSet/BitSet+SetAlgebra\ isDisjoint.swift (in target 'BitCollections' from project 'swift-collections')
    cd /Users/aadityasingh/Documents/Development/element-x-ios/Chatlio.xcodeproj
    

SwiftCompile normal arm64 /Users/aadityasingh/Library/Developer/Xcode/DerivedData/Chatlio-erkyzdeecsohoaggpwbjdvavzqfv/SourcePackages/checkouts/swift-collections/Sources/BitCollections/BitSet/BitSet+SetAlgebra\ isEqualSet.swift (in target 'BitCollections' from project 'swift-collections')
    cd /Users/aadityasingh/Documents/Development/element-x-ios/Chatlio.xcodeproj
    

SwiftCompile normal arm64 /Users/aadityasingh/Library/Developer/Xcode/DerivedData/Chatlio-erkyzdeecsohoaggpwbjdvavzqfv/SourcePackages/checkouts/swift-collections/Sources/BitCollections/BitSet/BitSet+SetAlgebra\ isStrictSubset.swift (in target 'BitCollections' from project 'swift-collections')
    cd /Users/aadityasingh/Documents/Development/element-x-ios/Chatlio.xcodeproj
    

SwiftCompile normal arm64 /Users/aadityasingh/Library/Developer/Xcode/DerivedData/Chatlio-erkyzdeecsohoaggpwbjdvavzqfv/SourcePackages/checkouts/swift-collections/Sources/BitCollections/BitSet/BitSet+SetAlgebra\ isStrictSuperset.swift (in target 'BitCollections' from project 'swift-collections')
    cd /Users/aadityasingh/Documents/Development/element-x-ios/Chatlio.xcodeproj
    

SwiftCompile normal arm64 /Users/aadityasingh/Library/Developer/Xcode/DerivedData/Chatlio-erkyzdeecsohoaggpwbjdvavzqfv/SourcePackages/checkouts/swift-collections/Sources/BitCollections/BitSet/BitSet+SetAlgebra\ isSubset.swift (in target 'BitCollections' from project 'swift-collections')
    cd /Users/aadityasingh/Documents/Development/element-x-ios/Chatlio.xcodeproj
    

SwiftDriverJobDiscovery normal arm64 Compiling BitArray+Extras.swift, BitArray+Fill.swift, BitArray+Hashable.swift, BitArray+Initializers.swift, BitArray+Invariants.swift (in target 'BitCollections' from project 'swift-collections')

SwiftCompile normal x86_64 Compiling\ BitSet+SetAlgebra\ isSuperset.swift,\ BitSet+SetAlgebra\ subtract.swift,\ BitSet+SetAlgebra\ subtracting.swift,\ BitSet+SetAlgebra\ symmetricDifference.swift,\ BitSet+SetAlgebra\ union.swift /Users/aadityasingh/Library/Developer/Xcode/DerivedData/Chatlio-erkyzdeecsohoaggpwbjdvavzqfv/SourcePackages/checkouts/swift-collections/Sources/BitCollections/BitSet/BitSet+SetAlgebra\ isSuperset.swift /Users/aadityasingh/Library/Developer/Xcode/DerivedData/Chatlio-erkyzdeecsohoaggpwbjdvavzqfv/SourcePackages/checkouts/swift-collections/Sources/BitCollections/BitSet/BitSet+SetAlgebra\ subtract.swift /Users/aadityasingh/Library/Developer/Xcode/DerivedData/Chatlio-erkyzdeecsohoaggpwbjdvavzqfv/SourcePackages/checkouts/swift-collections/Sources/BitCollections/BitSet/BitSet+SetAlgebra\ subtracting.swift /Users/aadityasingh/Library/Developer/Xcode/DerivedData/Chatlio-erkyzdeecsohoaggpwbjdvavzqfv/SourcePackages/checkouts/swift-collections/Sources/BitCollections/BitSet/BitSet+SetAlgebra\ symmetricDifference.swift /Users/aadityasingh/Library/Developer/Xcode/DerivedData/Chatlio-erkyzdeecsohoaggpwbjdvavzqfv/SourcePackages/checkouts/swift-collections/Sources/BitCollections/BitSet/BitSet+SetAlgebra\ union.swift (in target 'BitCollections' from project 'swift-collections')

SwiftCompile normal x86_64 /Users/aadityasingh/Library/Developer/Xcode/DerivedData/Chatlio-erkyzdeecsohoaggpwbjdvavzqfv/SourcePackages/checkouts/swift-collections/Sources/BitCollections/BitSet/BitSet+SetAlgebra\ isSuperset.swift (in target 'BitCollections' from project 'swift-collections')
    cd /Users/aadityasingh/Documents/Development/element-x-ios/Chatlio.xcodeproj
    

SwiftCompile normal x86_64 /Users/aadityasingh/Library/Developer/Xcode/DerivedData/Chatlio-erkyzdeecsohoaggpwbjdvavzqfv/SourcePackages/checkouts/swift-collections/Sources/BitCollections/BitSet/BitSet+SetAlgebra\ subtract.swift (in target 'BitCollections' from project 'swift-collections')
    cd /Users/aadityasingh/Documents/Development/element-x-ios/Chatlio.xcodeproj
    

SwiftCompile normal x86_64 /Users/aadityasingh/Library/Developer/Xcode/DerivedData/Chatlio-erkyzdeecsohoaggpwbjdvavzqfv/SourcePackages/checkouts/swift-collections/Sources/BitCollections/BitSet/BitSet+SetAlgebra\ subtracting.swift (in target 'BitCollections' from project 'swift-collections')
    cd /Users/aadityasingh/Documents/Development/element-x-ios/Chatlio.xcodeproj
    

SwiftCompile normal x86_64 /Users/aadityasingh/Library/Developer/Xcode/DerivedData/Chatlio-erkyzdeecsohoaggpwbjdvavzqfv/SourcePackages/checkouts/swift-collections/Sources/BitCollections/BitSet/BitSet+SetAlgebra\ symmetricDifference.swift (in target 'BitCollections' from project 'swift-collections')
    cd /Users/aadityasingh/Documents/Development/element-x-ios/Chatlio.xcodeproj
    

SwiftCompile normal x86_64 /Users/aadityasingh/Library/Developer/Xcode/DerivedData/Chatlio-erkyzdeecsohoaggpwbjdvavzqfv/SourcePackages/checkouts/swift-collections/Sources/BitCollections/BitSet/BitSet+SetAlgebra\ union.swift (in target 'BitCollections' from project 'swift-collections')
    cd /Users/aadityasingh/Documents/Development/element-x-ios/Chatlio.xcodeproj
    

SwiftDriverJobDiscovery normal x86_64 Compiling BitArray+Extras.swift, BitArray+Fill.swift, BitArray+Hashable.swift, BitArray+Initializers.swift, BitArray+Invariants.swift (in target 'BitCollections' from project 'swift-collections')

SwiftCompile normal arm64 Compiling\ BitSet+SetAlgebra\ isSuperset.swift,\ BitSet+SetAlgebra\ subtract.swift,\ BitSet+SetAlgebra\ subtracting.swift,\ BitSet+SetAlgebra\ symmetricDifference.swift,\ BitSet+SetAlgebra\ union.swift /Users/aadityasingh/Library/Developer/Xcode/DerivedData/Chatlio-erkyzdeecsohoaggpwbjdvavzqfv/SourcePackages/checkouts/swift-collections/Sources/BitCollections/BitSet/BitSet+SetAlgebra\ isSuperset.swift /Users/aadityasingh/Library/Developer/Xcode/DerivedData/Chatlio-erkyzdeecsohoaggpwbjdvavzqfv/SourcePackages/checkouts/swift-collections/Sources/BitCollections/BitSet/BitSet+SetAlgebra\ subtract.swift /Users/aadityasingh/Library/Developer/Xcode/DerivedData/Chatlio-erkyzdeecsohoaggpwbjdvavzqfv/SourcePackages/checkouts/swift-collections/Sources/BitCollections/BitSet/BitSet+SetAlgebra\ subtracting.swift /Users/aadityasingh/Library/Developer/Xcode/DerivedData/Chatlio-erkyzdeecsohoaggpwbjdvavzqfv/SourcePackages/checkouts/swift-collections/Sources/BitCollections/BitSet/BitSet+SetAlgebra\ symmetricDifference.swift /Users/aadityasingh/Library/Developer/Xcode/DerivedData/Chatlio-erkyzdeecsohoaggpwbjdvavzqfv/SourcePackages/checkouts/swift-collections/Sources/BitCollections/BitSet/BitSet+SetAlgebra\ union.swift (in target 'BitCollections' from project 'swift-collections')

SwiftCompile normal arm64 /Users/aadityasingh/Library/Developer/Xcode/DerivedData/Chatlio-erkyzdeecsohoaggpwbjdvavzqfv/SourcePackages/checkouts/swift-collections/Sources/BitCollections/BitSet/BitSet+SetAlgebra\ isSuperset.swift (in target 'BitCollections' from project 'swift-collections')
    cd /Users/aadityasingh/Documents/Development/element-x-ios/Chatlio.xcodeproj
    

SwiftCompile normal arm64 /Users/aadityasingh/Library/Developer/Xcode/DerivedData/Chatlio-erkyzdeecsohoaggpwbjdvavzqfv/SourcePackages/checkouts/swift-collections/Sources/BitCollections/BitSet/BitSet+SetAlgebra\ subtract.swift (in target 'BitCollections' from project 'swift-collections')
    cd /Users/aadityasingh/Documents/Development/element-x-ios/Chatlio.xcodeproj
    

SwiftCompile normal arm64 /Users/aadityasingh/Library/Developer/Xcode/DerivedData/Chatlio-erkyzdeecsohoaggpwbjdvavzqfv/SourcePackages/checkouts/swift-collections/Sources/BitCollections/BitSet/BitSet+SetAlgebra\ subtracting.swift (in target 'BitCollections' from project 'swift-collections')
    cd /Users/aadityasingh/Documents/Development/element-x-ios/Chatlio.xcodeproj
    

SwiftCompile normal arm64 /Users/aadityasingh/Library/Developer/Xcode/DerivedData/Chatlio-erkyzdeecsohoaggpwbjdvavzqfv/SourcePackages/checkouts/swift-collections/Sources/BitCollections/BitSet/BitSet+SetAlgebra\ symmetricDifference.swift (in target 'BitCollections' from project 'swift-collections')
    cd /Users/aadityasingh/Documents/Development/element-x-ios/Chatlio.xcodeproj
    

SwiftCompile normal arm64 /Users/aadityasingh/Library/Developer/Xcode/DerivedData/Chatlio-erkyzdeecsohoaggpwbjdvavzqfv/SourcePackages/checkouts/swift-collections/Sources/BitCollections/BitSet/BitSet+SetAlgebra\ union.swift (in target 'BitCollections' from project 'swift-collections')
    cd /Users/aadityasingh/Documents/Development/element-x-ios/Chatlio.xcodeproj
    

SwiftDriverJobDiscovery normal arm64 Compiling BitSet+Hashable.swift, BitSet+Initializers.swift, BitSet+Invariants.swift, BitSet+Random.swift, BitSet+SetAlgebra basics.swift (in target 'BitCollections' from project 'swift-collections')

SwiftCompile normal x86_64 Compiling\ BitArray+BitwiseOperations.swift,\ BitArray+ChunkedBitsIterators.swift,\ BitArray+Codable.swift,\ BitArray+Collection.swift,\ BitArray+Copy.swift /Users/aadityasingh/Library/Developer/Xcode/DerivedData/Chatlio-erkyzdeecsohoaggpwbjdvavzqfv/SourcePackages/checkouts/swift-collections/Sources/BitCollections/BitArray/BitArray+BitwiseOperations.swift /Users/aadityasingh/Library/Developer/Xcode/DerivedData/Chatlio-erkyzdeecsohoaggpwbjdvavzqfv/SourcePackages/checkouts/swift-collections/Sources/BitCollections/BitArray/BitArray+ChunkedBitsIterators.swift /Users/aadityasingh/Library/Developer/Xcode/DerivedData/Chatlio-erkyzdeecsohoaggpwbjdvavzqfv/SourcePackages/checkouts/swift-collections/Sources/BitCollections/BitArray/BitArray+Codable.swift /Users/aadityasingh/Library/Developer/Xcode/DerivedData/Chatlio-erkyzdeecsohoaggpwbjdvavzqfv/SourcePackages/checkouts/swift-collections/Sources/BitCollections/BitArray/BitArray+Collection.swift /Users/aadityasingh/Library/Developer/Xcode/DerivedData/Chatlio-erkyzdeecsohoaggpwbjdvavzqfv/SourcePackages/checkouts/swift-collections/Sources/BitCollections/BitArray/BitArray+Copy.swift (in target 'BitCollections' from project 'swift-collections')
SwiftCompile normal x86_64 /Users/aadityasingh/Library/Developer/Xcode/DerivedData/Chatlio-erkyzdeecsohoaggpwbjdvavzqfv/SourcePackages/checkouts/swift-collections/Sources/BitCollections/BitArray/BitArray+BitwiseOperations.swift (in target 'BitCollections' from project 'swift-collections')
    cd /Users/aadityasingh/Documents/Development/element-x-ios/Chatlio.xcodeproj
    

SwiftCompile normal x86_64 /Users/aadityasingh/Library/Developer/Xcode/DerivedData/Chatlio-erkyzdeecsohoaggpwbjdvavzqfv/SourcePackages/checkouts/swift-collections/Sources/BitCollections/BitArray/BitArray+ChunkedBitsIterators.swift (in target 'BitCollections' from project 'swift-collections')
    cd /Users/aadityasingh/Documents/Development/element-x-ios/Chatlio.xcodeproj
    

SwiftCompile normal x86_64 /Users/aadityasingh/Library/Developer/Xcode/DerivedData/Chatlio-erkyzdeecsohoaggpwbjdvavzqfv/SourcePackages/checkouts/swift-collections/Sources/BitCollections/BitArray/BitArray+Codable.swift (in target 'BitCollections' from project 'swift-collections')
    cd /Users/aadityasingh/Documents/Development/element-x-ios/Chatlio.xcodeproj
    

SwiftCompile normal x86_64 /Users/aadityasingh/Library/Developer/Xcode/DerivedData/Chatlio-erkyzdeecsohoaggpwbjdvavzqfv/SourcePackages/checkouts/swift-collections/Sources/BitCollections/BitArray/BitArray+Collection.swift (in target 'BitCollections' from project 'swift-collections')
    cd /Users/aadityasingh/Documents/Development/element-x-ios/Chatlio.xcodeproj
    

SwiftCompile normal x86_64 /Users/aadityasingh/Library/Developer/Xcode/DerivedData/Chatlio-erkyzdeecsohoaggpwbjdvavzqfv/SourcePackages/checkouts/swift-collections/Sources/BitCollections/BitArray/BitArray+Copy.swift (in target 'BitCollections' from project 'swift-collections')
    cd /Users/aadityasingh/Documents/Development/element-x-ios/Chatlio.xcodeproj
    

SwiftDriverJobDiscovery normal arm64 Compiling BitArray._UnsafeHandle.swift, BitArray.swift, BitSet+BidirectionalCollection.swift, BitSet+Codable.swift, BitSet+CustomDebugStringConvertible.swift (in target 'BitCollections' from project 'swift-collections')

SwiftCompile normal x86_64 Compiling\ BitArray+LosslessStringConvertible.swift,\ BitArray+RandomBits.swift,\ BitArray+RangeReplaceableCollection.swift,\ BitArray+Shifts.swift,\ BitArray+Testing.swift /Users/aadityasingh/Library/Developer/Xcode/DerivedData/Chatlio-erkyzdeecsohoaggpwbjdvavzqfv/SourcePackages/checkouts/swift-collections/Sources/BitCollections/BitArray/BitArray+LosslessStringConvertible.swift /Users/aadityasingh/Library/Developer/Xcode/DerivedData/Chatlio-erkyzdeecsohoaggpwbjdvavzqfv/SourcePackages/checkouts/swift-collections/Sources/BitCollections/BitArray/BitArray+RandomBits.swift /Users/aadityasingh/Library/Developer/Xcode/DerivedData/Chatlio-erkyzdeecsohoaggpwbjdvavzqfv/SourcePackages/checkouts/swift-collections/Sources/BitCollections/BitArray/BitArray+RangeReplaceableCollection.swift /Users/aadityasingh/Library/Developer/Xcode/DerivedData/Chatlio-erkyzdeecsohoaggpwbjdvavzqfv/SourcePackages/checkouts/swift-collections/Sources/BitCollections/BitArray/BitArray+Shifts.swift /Users/aadityasingh/Library/Developer/Xcode/DerivedData/Chatlio-erkyzdeecsohoaggpwbjdvavzqfv/SourcePackages/checkouts/swift-collections/Sources/BitCollections/BitArray/BitArray+Testing.swift (in target 'BitCollections' from project 'swift-collections')

SwiftCompile normal x86_64 /Users/aadityasingh/Library/Developer/Xcode/DerivedData/Chatlio-erkyzdeecsohoaggpwbjdvavzqfv/SourcePackages/checkouts/swift-collections/Sources/BitCollections/BitArray/BitArray+LosslessStringConvertible.swift (in target 'BitCollections' from project 'swift-collections')
    cd /Users/aadityasingh/Documents/Development/element-x-ios/Chatlio.xcodeproj
    

SwiftCompile normal x86_64 /Users/aadityasingh/Library/Developer/Xcode/DerivedData/Chatlio-erkyzdeecsohoaggpwbjdvavzqfv/SourcePackages/checkouts/swift-collections/Sources/BitCollections/BitArray/BitArray+RandomBits.swift (in target 'BitCollections' from project 'swift-collections')
    cd /Users/aadityasingh/Documents/Development/element-x-ios/Chatlio.xcodeproj
    

SwiftCompile normal x86_64 /Users/aadityasingh/Library/Developer/Xcode/DerivedData/Chatlio-erkyzdeecsohoaggpwbjdvavzqfv/SourcePackages/checkouts/swift-collections/Sources/BitCollections/BitArray/BitArray+RangeReplaceableCollection.swift (in target 'BitCollections' from project 'swift-collections')
    cd /Users/aadityasingh/Documents/Development/element-x-ios/Chatlio.xcodeproj
    

SwiftCompile normal x86_64 /Users/aadityasingh/Library/Developer/Xcode/DerivedData/Chatlio-erkyzdeecsohoaggpwbjdvavzqfv/SourcePackages/checkouts/swift-collections/Sources/BitCollections/BitArray/BitArray+Shifts.swift (in target 'BitCollections' from project 'swift-collections')
    cd /Users/aadityasingh/Documents/Development/element-x-ios/Chatlio.xcodeproj
    

SwiftCompile normal x86_64 /Users/aadityasingh/Library/Developer/Xcode/DerivedData/Chatlio-erkyzdeecsohoaggpwbjdvavzqfv/SourcePackages/checkouts/swift-collections/Sources/BitCollections/BitArray/BitArray+Testing.swift (in target 'BitCollections' from project 'swift-collections')
    cd /Users/aadityasingh/Documents/Development/element-x-ios/Chatlio.xcodeproj
    

SwiftDriverJobDiscovery normal x86_64 Compiling BitSet+SetAlgebra conformance.swift, BitSet+SetAlgebra formIntersection.swift, BitSet+SetAlgebra formSymmetricDifference.swift, BitSet+SetAlgebra formUnion.swift, BitSet+SetAlgebra intersection.swift (in target 'BitCollections' from project 'swift-collections')

SwiftCompile normal arm64 Compiling\ BitSet+CustomReflectable.swift,\ BitSet+CustomStringConvertible.swift,\ BitSet+Equatable.swift,\ BitSet+ExpressibleByArrayLiteral.swift,\ BitSet+Extras.swift /Users/aadityasingh/Library/Developer/Xcode/DerivedData/Chatlio-erkyzdeecsohoaggpwbjdvavzqfv/SourcePackages/checkouts/swift-collections/Sources/BitCollections/BitSet/BitSet+CustomReflectable.swift /Users/aadityasingh/Library/Developer/Xcode/DerivedData/Chatlio-erkyzdeecsohoaggpwbjdvavzqfv/SourcePackages/checkouts/swift-collections/Sources/BitCollections/BitSet/BitSet+CustomStringConvertible.swift /Users/aadityasingh/Library/Developer/Xcode/DerivedData/Chatlio-erkyzdeecsohoaggpwbjdvavzqfv/SourcePackages/checkouts/swift-collections/Sources/BitCollections/BitSet/BitSet+Equatable.swift /Users/aadityasingh/Library/Developer/Xcode/DerivedData/Chatlio-erkyzdeecsohoaggpwbjdvavzqfv/SourcePackages/checkouts/swift-collections/Sources/BitCollections/BitSet/BitSet+ExpressibleByArrayLiteral.swift /Users/aadityasingh/Library/Developer/Xcode/DerivedData/Chatlio-erkyzdeecsohoaggpwbjdvavzqfv/SourcePackages/checkouts/swift-collections/Sources/BitCollections/BitSet/BitSet+Extras.swift (in target 'BitCollections' from project 'swift-collections')

SwiftCompile normal arm64 /Users/aadityasingh/Library/Developer/Xcode/DerivedData/Chatlio-erkyzdeecsohoaggpwbjdvavzqfv/SourcePackages/checkouts/swift-collections/Sources/BitCollections/BitSet/BitSet+CustomReflectable.swift (in target 'BitCollections' from project 'swift-collections')
    cd /Users/aadityasingh/Documents/Development/element-x-ios/Chatlio.xcodeproj
    

SwiftCompile normal arm64 /Users/aadityasingh/Library/Developer/Xcode/DerivedData/Chatlio-erkyzdeecsohoaggpwbjdvavzqfv/SourcePackages/checkouts/swift-collections/Sources/BitCollections/BitSet/BitSet+CustomStringConvertible.swift (in target 'BitCollections' from project 'swift-collections')
    cd /Users/aadityasingh/Documents/Development/element-x-ios/Chatlio.xcodeproj
    

SwiftCompile normal arm64 /Users/aadityasingh/Library/Developer/Xcode/DerivedData/Chatlio-erkyzdeecsohoaggpwbjdvavzqfv/SourcePackages/checkouts/swift-collections/Sources/BitCollections/BitSet/BitSet+Equatable.swift (in target 'BitCollections' from project 'swift-collections')
    cd /Users/aadityasingh/Documents/Development/element-x-ios/Chatlio.xcodeproj
    

SwiftCompile normal arm64 /Users/aadityasingh/Library/Developer/Xcode/DerivedData/Chatlio-erkyzdeecsohoaggpwbjdvavzqfv/SourcePackages/checkouts/swift-collections/Sources/BitCollections/BitSet/BitSet+ExpressibleByArrayLiteral.swift (in target 'BitCollections' from project 'swift-collections')
    cd /Users/aadityasingh/Documents/Development/element-x-ios/Chatlio.xcodeproj
    

SwiftCompile normal arm64 /Users/aadityasingh/Library/Developer/Xcode/DerivedData/Chatlio-erkyzdeecsohoaggpwbjdvavzqfv/SourcePackages/checkouts/swift-collections/Sources/BitCollections/BitSet/BitSet+Extras.swift (in target 'BitCollections' from project 'swift-collections')
    cd /Users/aadityasingh/Documents/Development/element-x-ios/Chatlio.xcodeproj
    

SwiftDriverJobDiscovery normal x86_64 Compiling BitArray._UnsafeHandle.swift, BitArray.swift, BitSet+BidirectionalCollection.swift, BitSet+Codable.swift, BitSet+CustomDebugStringConvertible.swift (in target 'BitCollections' from project 'swift-collections')

SwiftDriverJobDiscovery normal arm64 Emitting module for Algorithms (in target 'Algorithms' from project 'swift-algorithms')

SwiftCompile normal arm64 Compiling\ Suffix.swift,\ Trim.swift /Users/aadityasingh/Library/Developer/Xcode/DerivedData/Chatlio-erkyzdeecsohoaggpwbjdvavzqfv/SourcePackages/checkouts/swift-algorithms/Sources/Algorithms/Suffix.swift /Users/aadityasingh/Library/Developer/Xcode/DerivedData/Chatlio-erkyzdeecsohoaggpwbjdvavzqfv/SourcePackages/checkouts/swift-algorithms/Sources/Algorithms/Trim.swift (in target 'Algorithms' from project 'swift-algorithms')

SwiftCompile normal arm64 /Users/aadityasingh/Library/Developer/Xcode/DerivedData/Chatlio-erkyzdeecsohoaggpwbjdvavzqfv/SourcePackages/checkouts/swift-algorithms/Sources/Algorithms/Suffix.swift (in target 'Algorithms' from project 'swift-algorithms')
    cd /Users/aadityasingh/Documents/Development/element-x-ios/Chatlio.xcodeproj
    

SwiftCompile normal arm64 /Users/aadityasingh/Library/Developer/Xcode/DerivedData/Chatlio-erkyzdeecsohoaggpwbjdvavzqfv/SourcePackages/checkouts/swift-algorithms/Sources/Algorithms/Trim.swift (in target 'Algorithms' from project 'swift-algorithms')
    cd /Users/aadityasingh/Documents/Development/element-x-ios/Chatlio.xcodeproj
    

SwiftDriver\ Compilation\ Requirements Algorithms normal arm64 com.apple.xcode.tools.swift.compiler (in target 'Algorithms' from project 'swift-algorithms')
    cd /Users/aadityasingh/Documents/Development/element-x-ios/Chatlio.xcodeproj
    builtin-Swift-Compilation-Requirements -- /Applications/Xcode.app/Contents/Developer/Toolchains/XcodeDefault.xctoolchain/usr/bin/swiftc -module-name Algorithms -Onone @/Users/aadityasingh/Library/Developer/Xcode/DerivedData/Chatlio-erkyzdeecsohoaggpwbjdvavzqfv/Build/Intermediates.noindex/swift-algorithms.build/Debug-iphonesimulator/Algorithms.build/Objects-normal/arm64/Algorithms.SwiftFileList -DSWIFT_PACKAGE -DDEBUG -DSWIFT_MODULE_RESOURCE_BUNDLE_UNAVAILABLE -DXcode -plugin-path /Applications/Xcode.app/Contents/Developer/Toolchains/XcodeDefault.xctoolchain/usr/lib/swift/host/plugins/testing -enable-experimental-feature DebugDescriptionMacro -sdk /Applications/Xcode.app/Contents/Developer/Platforms/iPhoneSimulator.platform/Developer/SDKs/iPhoneSimulator26.4.sdk -target arm64-apple-ios12.0-simulator -g -module-cache-path /Users/aadityasingh/Library/Developer/Xcode/DerivedData/ModuleCache.noindex -Xfrontend -serialize-debugging-options -profile-coverage-mapping -profile-generate -enable-testing -suppress-warnings -index-store-path /Users/aadityasingh/Library/Developer/Xcode/DerivedData/Chatlio-erkyzdeecsohoaggpwbjdvavzqfv/Index.noindex/DataStore -Xcc -D_LIBCPP_HARDENING_MODE\=_LIBCPP_HARDENING_MODE_DEBUG -swift-version 5 -I /Users/aadityasingh/Library/Developer/Xcode/DerivedData/Chatlio-erkyzdeecsohoaggpwbjdvavzqfv/Build/Products/Debug-iphonesimulator -Isystem /Applications/Xcode.app/Contents/Developer/Platforms/iPhoneSimulator.platform/Developer/usr/lib -F /Users/aadityasingh/Library/Developer/Xcode/DerivedData/Chatlio-erkyzdeecsohoaggpwbjdvavzqfv/Build/Products/Debug-iphonesimulator/PackageFrameworks -F /Users/aadityasingh/Library/Developer/Xcode/DerivedData/Chatlio-erkyzdeecsohoaggpwbjdvavzqfv/Build/Products/Debug-iphonesimulator/PackageFrameworks -F /Users/aadityasingh/Library/Developer/Xcode/DerivedData/Chatlio-erkyzdeecsohoaggpwbjdvavzqfv/Build/Products/Debug-iphonesimulator -F /Applications/Xcode.app/Contents/Developer/Platforms/iPhoneSimulator.platform/Developer/Library/Frameworks -F /Applications/Xcode.app/Contents/Developer/Platforms/iPhoneSimulator.platform/Developer/SDKs/iPhoneSimulator26.4.sdk/Developer/Library/Frameworks -c -j12 -enable-batch-mode -incremental -Xcc -ivfsstatcache -Xcc /Users/aadityasingh/Library/Developer/Xcode/DerivedData/SDKStatCaches.noindex/iphonesimulator26.4-23E252-686eebb5dc1d8ecb277353a59184f4aa.sdkstatcache -output-file-map /Users/aadityasingh/Library/Developer/Xcode/DerivedData/Chatlio-erkyzdeecsohoaggpwbjdvavzqfv/Build/Intermediates.noindex/swift-algorithms.build/Debug-iphonesimulator/Algorithms.build/Objects-normal/arm64/Algorithms-OutputFileMap.json -use-frontend-parseable-output -save-temps -no-color-diagnostics -explicit-module-build -module-cache-path /Users/aadityasingh/Library/Developer/Xcode/DerivedData/Chatlio-erkyzdeecsohoaggpwbjdvavzqfv/Build/Intermediates.noindex/SwiftExplicitPrecompiledModules -clang-scanner-module-cache-path /Users/aadityasingh/Library/Developer/Xcode/DerivedData/ModuleCache.noindex -sdk-module-cache-path /Users/aadityasingh/Library/Developer/Xcode/DerivedData/ModuleCache.noindex -serialize-diagnostics -emit-dependencies -emit-module -emit-module-path /Users/aadityasingh/Library/Developer/Xcode/DerivedData/Chatlio-erkyzdeecsohoaggpwbjdvavzqfv/Build/Intermediates.noindex/swift-algorithms.build/Debug-iphonesimulator/Algorithms.build/Objects-normal/arm64/Algorithms.swiftmodule -validate-clang-modules-once -clang-build-session-file /Users/aadityasingh/Library/Developer/Xcode/DerivedData/ModuleCache.noindex/Session.modulevalidation -Xcc -I/Users/aadityasingh/Library/Developer/Xcode/DerivedData/Chatlio-erkyzdeecsohoaggpwbjdvavzqfv/Build/Intermediates.noindex/swift-algorithms.build/Debug-iphonesimulator/Algorithms.build/swift-overrides.hmap -emit-const-values -Xfrontend -const-gather-protocols-file -Xfrontend /Users/aadityasingh/Library/Developer/Xcode/DerivedData/Chatlio-erkyzdeecsohoaggpwbjdvavzqfv/Build/Intermediates.noindex/swift-algorithms.build/Debug-iphonesimulator/Algorithms.build/Objects-normal/arm64/Algorithms_const_extract_protocols.json -Xcc -I/Users/aadityasingh/Library/Developer/Xcode/DerivedData/Chatlio-erkyzdeecsohoaggpwbjdvavzqfv/SourcePackages/checkouts/swift-numerics/Sources/_NumericsShims/include -Xcc -I/Users/aadityasingh/Library/Developer/Xcode/DerivedData/Chatlio-erkyzdeecsohoaggpwbjdvavzqfv/Build/Products/Debug-iphonesimulator/include -Xcc -I/Users/aadityasingh/Library/Developer/Xcode/DerivedData/Chatlio-erkyzdeecsohoaggpwbjdvavzqfv/Build/Intermediates.noindex/swift-algorithms.build/Debug-iphonesimulator/Algorithms.build/DerivedSources-normal/arm64 -Xcc -I/Users/aadityasingh/Library/Developer/Xcode/DerivedData/Chatlio-erkyzdeecsohoaggpwbjdvavzqfv/Build/Intermediates.noindex/swift-algorithms.build/Debug-iphonesimulator/Algorithms.build/DerivedSources/arm64 -Xcc -I/Users/aadityasingh/Library/Developer/Xcode/DerivedData/Chatlio-erkyzdeecsohoaggpwbjdvavzqfv/Build/Intermediates.noindex/swift-algorithms.build/Debug-iphonesimulator/Algorithms.build/DerivedSources -Xcc -DSWIFT_PACKAGE -Xcc -DDEBUG\=1 -emit-objc-header -emit-objc-header-path /Users/aadityasingh/Library/Developer/Xcode/DerivedData/Chatlio-erkyzdeecsohoaggpwbjdvavzqfv/Build/Intermediates.noindex/swift-algorithms.build/Debug-iphonesimulator/Algorithms.build/Objects-normal/arm64/Algorithms-Swift.h -working-directory /Users/aadityasingh/Documents/Development/element-x-ios/Chatlio.xcodeproj -experimental-emit-module-separately -disable-cmo

SwiftDriverJobDiscovery normal x86_64 Compiling BitSet+SetAlgebra isSuperset.swift, BitSet+SetAlgebra subtract.swift, BitSet+SetAlgebra subtracting.swift, BitSet+SetAlgebra symmetricDifference.swift, BitSet+SetAlgebra union.swift (in target 'BitCollections' from project 'swift-collections')

SwiftCompile normal arm64 Compiling\ Split.swift,\ Stride.swift /Users/aadityasingh/Library/Developer/Xcode/DerivedData/Chatlio-erkyzdeecsohoaggpwbjdvavzqfv/SourcePackages/checkouts/swift-algorithms/Sources/Algorithms/Split.swift /Users/aadityasingh/Library/Developer/Xcode/DerivedData/Chatlio-erkyzdeecsohoaggpwbjdvavzqfv/SourcePackages/checkouts/swift-algorithms/Sources/Algorithms/Stride.swift (in target 'Algorithms' from project 'swift-algorithms')
SwiftCompile normal arm64 /Users/aadityasingh/Library/Developer/Xcode/DerivedData/Chatlio-erkyzdeecsohoaggpwbjdvavzqfv/SourcePackages/checkouts/swift-algorithms/Sources/Algorithms/Split.swift (in target 'Algorithms' from project 'swift-algorithms')
    cd /Users/aadityasingh/Documents/Development/element-x-ios/Chatlio.xcodeproj
    

SwiftCompile normal arm64 /Users/aadityasingh/Library/Developer/Xcode/DerivedData/Chatlio-erkyzdeecsohoaggpwbjdvavzqfv/SourcePackages/checkouts/swift-algorithms/Sources/Algorithms/Stride.swift (in target 'Algorithms' from project 'swift-algorithms')
    cd /Users/aadityasingh/Documents/Development/element-x-ios/Chatlio.xcodeproj
    

Copy /Users/aadityasingh/Library/Developer/Xcode/DerivedData/Chatlio-erkyzdeecsohoaggpwbjdvavzqfv/Build/Products/Debug-iphonesimulator/Algorithms.swiftmodule/arm64-apple-ios-simulator.swiftmodule /Users/aadityasingh/Library/Developer/Xcode/DerivedData/Chatlio-erkyzdeecsohoaggpwbjdvavzqfv/Build/Intermediates.noindex/swift-algorithms.build/Debug-iphonesimulator/Algorithms.build/Objects-normal/arm64/Algorithms.swiftmodule (in target 'Algorithms' from project 'swift-algorithms')
    cd /Users/aadityasingh/Library/Developer/Xcode/DerivedData/Chatlio-erkyzdeecsohoaggpwbjdvavzqfv/SourcePackages/checkouts/swift-algorithms
    builtin-copy -exclude .DS_Store -exclude CVS -exclude .svn -exclude .git -exclude .hg -resolve-src-symlinks -rename /Users/aadityasingh/Library/Developer/Xcode/DerivedData/Chatlio-erkyzdeecsohoaggpwbjdvavzqfv/Build/Intermediates.noindex/swift-algorithms.build/Debug-iphonesimulator/Algorithms.build/Objects-normal/arm64/Algorithms.swiftmodule /Users/aadityasingh/Library/Developer/Xcode/DerivedData/Chatlio-erkyzdeecsohoaggpwbjdvavzqfv/Build/Products/Debug-iphonesimulator/Algorithms.swiftmodule/arm64-apple-ios-simulator.swiftmodule

SwiftDriverJobDiscovery normal arm64 Compiling BitSet+Sorted Collection APIs.swift, BitSet.Counted.swift, BitSet.Index.swift, BitSet._UnsafeHandle.swift, BitSet.swift (in target 'BitCollections' from project 'swift-collections')

Copy /Users/aadityasingh/Library/Developer/Xcode/DerivedData/Chatlio-erkyzdeecsohoaggpwbjdvavzqfv/Build/Products/Debug-iphonesimulator/Algorithms.swiftmodule/arm64-apple-ios-simulator.swiftdoc /Users/aadityasingh/Library/Developer/Xcode/DerivedData/Chatlio-erkyzdeecsohoaggpwbjdvavzqfv/Build/Intermediates.noindex/swift-algorithms.build/Debug-iphonesimulator/Algorithms.build/Objects-normal/arm64/Algorithms.swiftdoc (in target 'Algorithms' from project 'swift-algorithms')
    cd /Users/aadityasingh/Library/Developer/Xcode/DerivedData/Chatlio-erkyzdeecsohoaggpwbjdvavzqfv/SourcePackages/checkouts/swift-algorithms
    builtin-copy -exclude .DS_Store -exclude CVS -exclude .svn -exclude .git -exclude .hg -resolve-src-symlinks -rename /Users/aadityasingh/Library/Developer/Xcode/DerivedData/Chatlio-erkyzdeecsohoaggpwbjdvavzqfv/Build/Intermediates.noindex/swift-algorithms.build/Debug-iphonesimulator/Algorithms.build/Objects-normal/arm64/Algorithms.swiftdoc /Users/aadityasingh/Library/Developer/Xcode/DerivedData/Chatlio-erkyzdeecsohoaggpwbjdvavzqfv/Build/Products/Debug-iphonesimulator/Algorithms.swiftmodule/arm64-apple-ios-simulator.swiftdoc

Copy /Users/aadityasingh/Library/Developer/Xcode/DerivedData/Chatlio-erkyzdeecsohoaggpwbjdvavzqfv/Build/Products/Debug-iphonesimulator/Algorithms.swiftmodule/arm64-apple-ios-simulator.abi.json /Users/aadityasingh/Library/Developer/Xcode/DerivedData/Chatlio-erkyzdeecsohoaggpwbjdvavzqfv/Build/Intermediates.noindex/swift-algorithms.build/Debug-iphonesimulator/Algorithms.build/Objects-normal/arm64/Algorithms.abi.json (in target 'Algorithms' from project 'swift-algorithms')
    cd /Users/aadityasingh/Library/Developer/Xcode/DerivedData/Chatlio-erkyzdeecsohoaggpwbjdvavzqfv/SourcePackages/checkouts/swift-algorithms
    builtin-copy -exclude .DS_Store -exclude CVS -exclude .svn -exclude .git -exclude .hg -resolve-src-symlinks -rename /Users/aadityasingh/Library/Developer/Xcode/DerivedData/Chatlio-erkyzdeecsohoaggpwbjdvavzqfv/Build/Intermediates.noindex/swift-algorithms.build/Debug-iphonesimulator/Algorithms.build/Objects-normal/arm64/Algorithms.abi.json /Users/aadityasingh/Library/Developer/Xcode/DerivedData/Chatlio-erkyzdeecsohoaggpwbjdvavzqfv/Build/Products/Debug-iphonesimulator/Algorithms.swiftmodule/arm64-apple-ios-simulator.abi.json

Copy /Users/aadityasingh/Library/Developer/Xcode/DerivedData/Chatlio-erkyzdeecsohoaggpwbjdvavzqfv/Build/Products/Debug-iphonesimulator/Algorithms.swiftmodule/Project/arm64-apple-ios-simulator.swiftsourceinfo /Users/aadityasingh/Library/Developer/Xcode/DerivedData/Chatlio-erkyzdeecsohoaggpwbjdvavzqfv/Build/Intermediates.noindex/swift-algorithms.build/Debug-iphonesimulator/Algorithms.build/Objects-normal/arm64/Algorithms.swiftsourceinfo (in target 'Algorithms' from project 'swift-algorithms')
    cd /Users/aadityasingh/Library/Developer/Xcode/DerivedData/Chatlio-erkyzdeecsohoaggpwbjdvavzqfv/SourcePackages/checkouts/swift-algorithms
    builtin-copy -exclude .DS_Store -exclude CVS -exclude .svn -exclude .git -exclude .hg -resolve-src-symlinks -rename /Users/aadityasingh/Library/Developer/Xcode/DerivedData/Chatlio-erkyzdeecsohoaggpwbjdvavzqfv/Build/Intermediates.noindex/swift-algorithms.build/Debug-iphonesimulator/Algorithms.build/Objects-normal/arm64/Algorithms.swiftsourceinfo /Users/aadityasingh/Library/Developer/Xcode/DerivedData/Chatlio-erkyzdeecsohoaggpwbjdvavzqfv/Build/Products/Debug-iphonesimulator/Algorithms.swiftmodule/Project/arm64-apple-ios-simulator.swiftsourceinfo

SwiftCompile normal x86_64 Compiling\ Keyed.swift,\ MinMax.swift /Users/aadityasingh/Library/Developer/Xcode/DerivedData/Chatlio-erkyzdeecsohoaggpwbjdvavzqfv/SourcePackages/checkouts/swift-algorithms/Sources/Algorithms/Keyed.swift /Users/aadityasingh/Library/Developer/Xcode/DerivedData/Chatlio-erkyzdeecsohoaggpwbjdvavzqfv/SourcePackages/checkouts/swift-algorithms/Sources/Algorithms/MinMax.swift (in target 'Algorithms' from project 'swift-algorithms')

SwiftCompile normal x86_64 /Users/aadityasingh/Library/Developer/Xcode/DerivedData/Chatlio-erkyzdeecsohoaggpwbjdvavzqfv/SourcePackages/checkouts/swift-algorithms/Sources/Algorithms/Keyed.swift (in target 'Algorithms' from project 'swift-algorithms')
    cd /Users/aadityasingh/Documents/Development/element-x-ios/Chatlio.xcodeproj
    

SwiftCompile normal x86_64 /Users/aadityasingh/Library/Developer/Xcode/DerivedData/Chatlio-erkyzdeecsohoaggpwbjdvavzqfv/SourcePackages/checkouts/swift-algorithms/Sources/Algorithms/MinMax.swift (in target 'Algorithms' from project 'swift-algorithms')
    cd /Users/aadityasingh/Documents/Development/element-x-ios/Chatlio.xcodeproj
    

SwiftCompile normal x86_64 Compiling\ Unique.swift,\ Windows.swift /Users/aadityasingh/Library/Developer/Xcode/DerivedData/Chatlio-erkyzdeecsohoaggpwbjdvavzqfv/SourcePackages/checkouts/swift-algorithms/Sources/Algorithms/Unique.swift /Users/aadityasingh/Library/Developer/Xcode/DerivedData/Chatlio-erkyzdeecsohoaggpwbjdvavzqfv/SourcePackages/checkouts/swift-algorithms/Sources/Algorithms/Windows.swift (in target 'Algorithms' from project 'swift-algorithms')

SwiftCompile normal x86_64 /Users/aadityasingh/Library/Developer/Xcode/DerivedData/Chatlio-erkyzdeecsohoaggpwbjdvavzqfv/SourcePackages/checkouts/swift-algorithms/Sources/Algorithms/Unique.swift (in target 'Algorithms' from project 'swift-algorithms')
    cd /Users/aadityasingh/Documents/Development/element-x-ios/Chatlio.xcodeproj
    

SwiftCompile normal x86_64 /Users/aadityasingh/Library/Developer/Xcode/DerivedData/Chatlio-erkyzdeecsohoaggpwbjdvavzqfv/SourcePackages/checkouts/swift-algorithms/Sources/Algorithms/Windows.swift (in target 'Algorithms' from project 'swift-algorithms')
    cd /Users/aadityasingh/Documents/Development/element-x-ios/Chatlio.xcodeproj
    

SwiftDriverJobDiscovery normal x86_64 Emitting module for Algorithms (in target 'Algorithms' from project 'swift-algorithms')

SwiftDriver\ Compilation\ Requirements Algorithms normal x86_64 com.apple.xcode.tools.swift.compiler (in target 'Algorithms' from project 'swift-algorithms')
    cd /Users/aadityasingh/Documents/Development/element-x-ios/Chatlio.xcodeproj
    builtin-Swift-Compilation-Requirements -- /Applications/Xcode.app/Contents/Developer/Toolchains/XcodeDefault.xctoolchain/usr/bin/swiftc -module-name Algorithms -Onone @/Users/aadityasingh/Library/Developer/Xcode/DerivedData/Chatlio-erkyzdeecsohoaggpwbjdvavzqfv/Build/Intermediates.noindex/swift-algorithms.build/Debug-iphonesimulator/Algorithms.build/Objects-normal/x86_64/Algorithms.SwiftFileList -DSWIFT_PACKAGE -DDEBUG -DSWIFT_MODULE_RESOURCE_BUNDLE_UNAVAILABLE -DXcode -plugin-path /Applications/Xcode.app/Contents/Developer/Toolchains/XcodeDefault.xctoolchain/usr/lib/swift/host/plugins/testing -enable-experimental-feature DebugDescriptionMacro -sdk /Applications/Xcode.app/Contents/Developer/Platforms/iPhoneSimulator.platform/Developer/SDKs/iPhoneSimulator26.4.sdk -target x86_64-apple-ios12.0-simulator -g -module-cache-path /Users/aadityasingh/Library/Developer/Xcode/DerivedData/ModuleCache.noindex -Xfrontend -serialize-debugging-options -profile-coverage-mapping -profile-generate -enable-testing -suppress-warnings -index-store-path /Users/aadityasingh/Library/Developer/Xcode/DerivedData/Chatlio-erkyzdeecsohoaggpwbjdvavzqfv/Index.noindex/DataStore -Xcc -D_LIBCPP_HARDENING_MODE\=_LIBCPP_HARDENING_MODE_DEBUG -swift-version 5 -I /Users/aadityasingh/Library/Developer/Xcode/DerivedData/Chatlio-erkyzdeecsohoaggpwbjdvavzqfv/Build/Products/Debug-iphonesimulator -Isystem /Applications/Xcode.app/Contents/Developer/Platforms/iPhoneSimulator.platform/Developer/usr/lib -F /Users/aadityasingh/Library/Developer/Xcode/DerivedData/Chatlio-erkyzdeecsohoaggpwbjdvavzqfv/Build/Products/Debug-iphonesimulator/PackageFrameworks -F /Users/aadityasingh/Library/Developer/Xcode/DerivedData/Chatlio-erkyzdeecsohoaggpwbjdvavzqfv/Build/Products/Debug-iphonesimulator/PackageFrameworks -F /Users/aadityasingh/Library/Developer/Xcode/DerivedData/Chatlio-erkyzdeecsohoaggpwbjdvavzqfv/Build/Products/Debug-iphonesimulator -F /Applications/Xcode.app/Contents/Developer/Platforms/iPhoneSimulator.platform/Developer/Library/Frameworks -F /Applications/Xcode.app/Contents/Developer/Platforms/iPhoneSimulator.platform/Developer/SDKs/iPhoneSimulator26.4.sdk/Developer/Library/Frameworks -c -j12 -enable-batch-mode -incremental -Xcc -ivfsstatcache -Xcc /Users/aadityasingh/Library/Developer/Xcode/DerivedData/SDKStatCaches.noindex/iphonesimulator26.4-23E252-686eebb5dc1d8ecb277353a59184f4aa.sdkstatcache -output-file-map /Users/aadityasingh/Library/Developer/Xcode/DerivedData/Chatlio-erkyzdeecsohoaggpwbjdvavzqfv/Build/Intermediates.noindex/swift-algorithms.build/Debug-iphonesimulator/Algorithms.build/Objects-normal/x86_64/Algorithms-OutputFileMap.json -use-frontend-parseable-output -save-temps -no-color-diagnostics -explicit-module-build -module-cache-path /Users/aadityasingh/Library/Developer/Xcode/DerivedData/Chatlio-erkyzdeecsohoaggpwbjdvavzqfv/Build/Intermediates.noindex/SwiftExplicitPrecompiledModules -clang-scanner-module-cache-path /Users/aadityasingh/Library/Developer/Xcode/DerivedData/ModuleCache.noindex -sdk-module-cache-path /Users/aadityasingh/Library/Developer/Xcode/DerivedData/ModuleCache.noindex -serialize-diagnostics -emit-dependencies -emit-module -emit-module-path /Users/aadityasingh/Library/Developer/Xcode/DerivedData/Chatlio-erkyzdeecsohoaggpwbjdvavzqfv/Build/Intermediates.noindex/swift-algorithms.build/Debug-iphonesimulator/Algorithms.build/Objects-normal/x86_64/Algorithms.swiftmodule -validate-clang-modules-once -clang-build-session-file /Users/aadityasingh/Library/Developer/Xcode/DerivedData/ModuleCache.noindex/Session.modulevalidation -Xcc -I/Users/aadityasingh/Library/Developer/Xcode/DerivedData/Chatlio-erkyzdeecsohoaggpwbjdvavzqfv/Build/Intermediates.noindex/swift-algorithms.build/Debug-iphonesimulator/Algorithms.build/swift-overrides.hmap -emit-const-values -Xfrontend -const-gather-protocols-file -Xfrontend /Users/aadityasingh/Library/Developer/Xcode/DerivedData/Chatlio-erkyzdeecsohoaggpwbjdvavzqfv/Build/Intermediates.noindex/swift-algorithms.build/Debug-iphonesimulator/Algorithms.build/Objects-normal/x86_64/Algorithms_const_extract_protocols.json -Xcc -I/Users/aadityasingh/Library/Developer/Xcode/DerivedData/Chatlio-erkyzdeecsohoaggpwbjdvavzqfv/SourcePackages/checkouts/swift-numerics/Sources/_NumericsShims/include -Xcc -I/Users/aadityasingh/Library/Developer/Xcode/DerivedData/Chatlio-erkyzdeecsohoaggpwbjdvavzqfv/Build/Products/Debug-iphonesimulator/include -Xcc -I/Users/aadityasingh/Library/Developer/Xcode/DerivedData/Chatlio-erkyzdeecsohoaggpwbjdvavzqfv/Build/Intermediates.noindex/swift-algorithms.build/Debug-iphonesimulator/Algorithms.build/DerivedSources-normal/x86_64 -Xcc -I/Users/aadityasingh/Library/Developer/Xcode/DerivedData/Chatlio-erkyzdeecsohoaggpwbjdvavzqfv/Build/Intermediates.noindex/swift-algorithms.build/Debug-iphonesimulator/Algorithms.build/DerivedSources/x86_64 -Xcc -I/Users/aadityasingh/Library/Developer/Xcode/DerivedData/Chatlio-erkyzdeecsohoaggpwbjdvavzqfv/Build/Intermediates.noindex/swift-algorithms.build/Debug-iphonesimulator/Algorithms.build/DerivedSources -Xcc -DSWIFT_PACKAGE -Xcc -DDEBUG\=1 -emit-objc-header -emit-objc-header-path /Users/aadityasingh/Library/Developer/Xcode/DerivedData/Chatlio-erkyzdeecsohoaggpwbjdvavzqfv/Build/Intermediates.noindex/swift-algorithms.build/Debug-iphonesimulator/Algorithms.build/Objects-normal/x86_64/Algorithms-Swift.h -working-directory /Users/aadityasingh/Documents/Development/element-x-ios/Chatlio.xcodeproj -experimental-emit-module-separately -disable-cmo

SwiftDriverJobDiscovery normal arm64 Compiling BitSet+SetAlgebra isSuperset.swift, BitSet+SetAlgebra subtract.swift, BitSet+SetAlgebra subtracting.swift, BitSet+SetAlgebra symmetricDifference.swift, BitSet+SetAlgebra union.swift (in target 'BitCollections' from project 'swift-collections')

SwiftCompile normal arm64 Compiling\ Product.swift,\ RandomSample.swift /Users/aadityasingh/Library/Developer/Xcode/DerivedData/Chatlio-erkyzdeecsohoaggpwbjdvavzqfv/SourcePackages/checkouts/swift-algorithms/Sources/Algorithms/Product.swift /Users/aadityasingh/Library/Developer/Xcode/DerivedData/Chatlio-erkyzdeecsohoaggpwbjdvavzqfv/SourcePackages/checkouts/swift-algorithms/Sources/Algorithms/RandomSample.swift (in target 'Algorithms' from project 'swift-algorithms')
SwiftCompile normal arm64 /Users/aadityasingh/Library/Developer/Xcode/DerivedData/Chatlio-erkyzdeecsohoaggpwbjdvavzqfv/SourcePackages/checkouts/swift-algorithms/Sources/Algorithms/Product.swift (in target 'Algorithms' from project 'swift-algorithms')
    cd /Users/aadityasingh/Documents/Development/element-x-ios/Chatlio.xcodeproj
    

SwiftCompile normal arm64 /Users/aadityasingh/Library/Developer/Xcode/DerivedData/Chatlio-erkyzdeecsohoaggpwbjdvavzqfv/SourcePackages/checkouts/swift-algorithms/Sources/Algorithms/RandomSample.swift (in target 'Algorithms' from project 'swift-algorithms')
    cd /Users/aadityasingh/Documents/Development/element-x-ios/Chatlio.xcodeproj
    

SwiftMergeGeneratedHeaders /Users/aadityasingh/Library/Developer/Xcode/DerivedData/Chatlio-erkyzdeecsohoaggpwbjdvavzqfv/Build/Intermediates.noindex/GeneratedModuleMaps-iphonesimulator/Algorithms-Swift.h /Users/aadityasingh/Library/Developer/Xcode/DerivedData/Chatlio-erkyzdeecsohoaggpwbjdvavzqfv/Build/Intermediates.noindex/swift-algorithms.build/Debug-iphonesimulator/Algorithms.build/Objects-normal/arm64/Algorithms-Swift.h /Users/aadityasingh/Library/Developer/Xcode/DerivedData/Chatlio-erkyzdeecsohoaggpwbjdvavzqfv/Build/Intermediates.noindex/swift-algorithms.build/Debug-iphonesimulator/Algorithms.build/Objects-normal/x86_64/Algorithms-Swift.h (in target 'Algorithms' from project 'swift-algorithms')
    cd /Users/aadityasingh/Library/Developer/Xcode/DerivedData/Chatlio-erkyzdeecsohoaggpwbjdvavzqfv/SourcePackages/checkouts/swift-algorithms
    builtin-swiftHeaderTool -arch arm64 /Users/aadityasingh/Library/Developer/Xcode/DerivedData/Chatlio-erkyzdeecsohoaggpwbjdvavzqfv/Build/Intermediates.noindex/swift-algorithms.build/Debug-iphonesimulator/Algorithms.build/Objects-normal/arm64/Algorithms-Swift.h -arch x86_64 /Users/aadityasingh/Library/Developer/Xcode/DerivedData/Chatlio-erkyzdeecsohoaggpwbjdvavzqfv/Build/Intermediates.noindex/swift-algorithms.build/Debug-iphonesimulator/Algorithms.build/Objects-normal/x86_64/Algorithms-Swift.h -o /Users/aadityasingh/Library/Developer/Xcode/DerivedData/Chatlio-erkyzdeecsohoaggpwbjdvavzqfv/Build/Intermediates.noindex/GeneratedModuleMaps-iphonesimulator/Algorithms-Swift.h

SwiftDriverJobDiscovery normal x86_64 Compiling BitSet+Sorted Collection APIs.swift, BitSet.Counted.swift, BitSet.Index.swift, BitSet._UnsafeHandle.swift, BitSet.swift (in target 'BitCollections' from project 'swift-collections')

Copy /Users/aadityasingh/Library/Developer/Xcode/DerivedData/Chatlio-erkyzdeecsohoaggpwbjdvavzqfv/Build/Products/Debug-iphonesimulator/Algorithms.swiftmodule/x86_64-apple-ios-simulator.swiftmodule /Users/aadityasingh/Library/Developer/Xcode/DerivedData/Chatlio-erkyzdeecsohoaggpwbjdvavzqfv/Build/Intermediates.noindex/swift-algorithms.build/Debug-iphonesimulator/Algorithms.build/Objects-normal/x86_64/Algorithms.swiftmodule (in target 'Algorithms' from project 'swift-algorithms')
    cd /Users/aadityasingh/Library/Developer/Xcode/DerivedData/Chatlio-erkyzdeecsohoaggpwbjdvavzqfv/SourcePackages/checkouts/swift-algorithms
    builtin-copy -exclude .DS_Store -exclude CVS -exclude .svn -exclude .git -exclude .hg -resolve-src-symlinks -rename /Users/aadityasingh/Library/Developer/Xcode/DerivedData/Chatlio-erkyzdeecsohoaggpwbjdvavzqfv/Build/Intermediates.noindex/swift-algorithms.build/Debug-iphonesimulator/Algorithms.build/Objects-normal/x86_64/Algorithms.swiftmodule /Users/aadityasingh/Library/Developer/Xcode/DerivedData/Chatlio-erkyzdeecsohoaggpwbjdvavzqfv/Build/Products/Debug-iphonesimulator/Algorithms.swiftmodule/x86_64-apple-ios-simulator.swiftmodule

Copy /Users/aadityasingh/Library/Developer/Xcode/DerivedData/Chatlio-erkyzdeecsohoaggpwbjdvavzqfv/Build/Products/Debug-iphonesimulator/Algorithms.swiftmodule/x86_64-apple-ios-simulator.swiftdoc /Users/aadityasingh/Library/Developer/Xcode/DerivedData/Chatlio-erkyzdeecsohoaggpwbjdvavzqfv/Build/Intermediates.noindex/swift-algorithms.build/Debug-iphonesimulator/Algorithms.build/Objects-normal/x86_64/Algorithms.swiftdoc (in target 'Algorithms' from project 'swift-algorithms')
    cd /Users/aadityasingh/Library/Developer/Xcode/DerivedData/Chatlio-erkyzdeecsohoaggpwbjdvavzqfv/SourcePackages/checkouts/swift-algorithms
    builtin-copy -exclude .DS_Store -exclude CVS -exclude .svn -exclude .git -exclude .hg -resolve-src-symlinks -rename /Users/aadityasingh/Library/Developer/Xcode/DerivedData/Chatlio-erkyzdeecsohoaggpwbjdvavzqfv/Build/Intermediates.noindex/swift-algorithms.build/Debug-iphonesimulator/Algorithms.build/Objects-normal/x86_64/Algorithms.swiftdoc /Users/aadityasingh/Library/Developer/Xcode/DerivedData/Chatlio-erkyzdeecsohoaggpwbjdvavzqfv/Build/Products/Debug-iphonesimulator/Algorithms.swiftmodule/x86_64-apple-ios-simulator.swiftdoc

Copy /Users/aadityasingh/Library/Developer/Xcode/DerivedData/Chatlio-erkyzdeecsohoaggpwbjdvavzqfv/Build/Products/Debug-iphonesimulator/Algorithms.swiftmodule/x86_64-apple-ios-simulator.abi.json /Users/aadityasingh/Library/Developer/Xcode/DerivedData/Chatlio-erkyzdeecsohoaggpwbjdvavzqfv/Build/Intermediates.noindex/swift-algorithms.build/Debug-iphonesimulator/Algorithms.build/Objects-normal/x86_64/Algorithms.abi.json (in target 'Algorithms' from project 'swift-algorithms')
    cd /Users/aadityasingh/Library/Developer/Xcode/DerivedData/Chatlio-erkyzdeecsohoaggpwbjdvavzqfv/SourcePackages/checkouts/swift-algorithms
    builtin-copy -exclude .DS_Store -exclude CVS -exclude .svn -exclude .git -exclude .hg -resolve-src-symlinks -rename /Users/aadityasingh/Library/Developer/Xcode/DerivedData/Chatlio-erkyzdeecsohoaggpwbjdvavzqfv/Build/Intermediates.noindex/swift-algorithms.build/Debug-iphonesimulator/Algorithms.build/Objects-normal/x86_64/Algorithms.abi.json /Users/aadityasingh/Library/Developer/Xcode/DerivedData/Chatlio-erkyzdeecsohoaggpwbjdvavzqfv/Build/Products/Debug-iphonesimulator/Algorithms.swiftmodule/x86_64-apple-ios-simulator.abi.json

SwiftDriverJobDiscovery normal arm64 Compiling BitArray+BitwiseOperations.swift, BitArray+ChunkedBitsIterators.swift, BitArray+Codable.swift, BitArray+Collection.swift, BitArray+Copy.swift (in target 'BitCollections' from project 'swift-collections')

Copy /Users/aadityasingh/Library/Developer/Xcode/DerivedData/Chatlio-erkyzdeecsohoaggpwbjdvavzqfv/Build/Products/Debug-iphonesimulator/Algorithms.swiftmodule/Project/x86_64-apple-ios-simulator.swiftsourceinfo /Users/aadityasingh/Library/Developer/Xcode/DerivedData/Chatlio-erkyzdeecsohoaggpwbjdvavzqfv/Build/Intermediates.noindex/swift-algorithms.build/Debug-iphonesimulator/Algorithms.build/Objects-normal/x86_64/Algorithms.swiftsourceinfo (in target 'Algorithms' from project 'swift-algorithms')
    cd /Users/aadityasingh/Library/Developer/Xcode/DerivedData/Chatlio-erkyzdeecsohoaggpwbjdvavzqfv/SourcePackages/checkouts/swift-algorithms
    builtin-copy -exclude .DS_Store -exclude CVS -exclude .svn -exclude .git -exclude .hg -resolve-src-symlinks -rename /Users/aadityasingh/Library/Developer/Xcode/DerivedData/Chatlio-erkyzdeecsohoaggpwbjdvavzqfv/Build/Intermediates.noindex/swift-algorithms.build/Debug-iphonesimulator/Algorithms.build/Objects-normal/x86_64/Algorithms.swiftsourceinfo /Users/aadityasingh/Library/Developer/Xcode/DerivedData/Chatlio-erkyzdeecsohoaggpwbjdvavzqfv/Build/Products/Debug-iphonesimulator/Algorithms.swiftmodule/Project/x86_64-apple-ios-simulator.swiftsourceinfo

SwiftCompile normal x86_64 Compiling\ EitherSequence.swift,\ FirstNonNil.swift,\ FlattenCollection.swift /Users/aadityasingh/Library/Developer/Xcode/DerivedData/Chatlio-erkyzdeecsohoaggpwbjdvavzqfv/SourcePackages/checkouts/swift-algorithms/Sources/Algorithms/EitherSequence.swift /Users/aadityasingh/Library/Developer/Xcode/DerivedData/Chatlio-erkyzdeecsohoaggpwbjdvavzqfv/SourcePackages/checkouts/swift-algorithms/Sources/Algorithms/FirstNonNil.swift /Users/aadityasingh/Library/Developer/Xcode/DerivedData/Chatlio-erkyzdeecsohoaggpwbjdvavzqfv/SourcePackages/checkouts/swift-algorithms/Sources/Algorithms/FlattenCollection.swift (in target 'Algorithms' from project 'swift-algorithms')
SwiftCompile normal x86_64 /Users/aadityasingh/Library/Developer/Xcode/DerivedData/Chatlio-erkyzdeecsohoaggpwbjdvavzqfv/SourcePackages/checkouts/swift-algorithms/Sources/Algorithms/EitherSequence.swift (in target 'Algorithms' from project 'swift-algorithms')
    cd /Users/aadityasingh/Documents/Development/element-x-ios/Chatlio.xcodeproj
    

SwiftCompile normal x86_64 /Users/aadityasingh/Library/Developer/Xcode/DerivedData/Chatlio-erkyzdeecsohoaggpwbjdvavzqfv/SourcePackages/checkouts/swift-algorithms/Sources/Algorithms/FirstNonNil.swift (in target 'Algorithms' from project 'swift-algorithms')
    cd /Users/aadityasingh/Documents/Development/element-x-ios/Chatlio.xcodeproj
    

SwiftCompile normal x86_64 /Users/aadityasingh/Library/Developer/Xcode/DerivedData/Chatlio-erkyzdeecsohoaggpwbjdvavzqfv/SourcePackages/checkouts/swift-algorithms/Sources/Algorithms/FlattenCollection.swift (in target 'Algorithms' from project 'swift-algorithms')
    cd /Users/aadityasingh/Documents/Development/element-x-ios/Chatlio.xcodeproj
    

SwiftCompile normal x86_64 Compiling\ Intersperse.swift,\ Joined.swift /Users/aadityasingh/Library/Developer/Xcode/DerivedData/Chatlio-erkyzdeecsohoaggpwbjdvavzqfv/SourcePackages/checkouts/swift-algorithms/Sources/Algorithms/Intersperse.swift /Users/aadityasingh/Library/Developer/Xcode/DerivedData/Chatlio-erkyzdeecsohoaggpwbjdvavzqfv/SourcePackages/checkouts/swift-algorithms/Sources/Algorithms/Joined.swift (in target 'Algorithms' from project 'swift-algorithms')
SwiftCompile normal x86_64 /Users/aadityasingh/Library/Developer/Xcode/DerivedData/Chatlio-erkyzdeecsohoaggpwbjdvavzqfv/SourcePackages/checkouts/swift-algorithms/Sources/Algorithms/Intersperse.swift (in target 'Algorithms' from project 'swift-algorithms')
    cd /Users/aadityasingh/Documents/Development/element-x-ios/Chatlio.xcodeproj
    

SwiftCompile normal x86_64 /Users/aadityasingh/Library/Developer/Xcode/DerivedData/Chatlio-erkyzdeecsohoaggpwbjdvavzqfv/SourcePackages/checkouts/swift-algorithms/Sources/Algorithms/Joined.swift (in target 'Algorithms' from project 'swift-algorithms')
    cd /Users/aadityasingh/Documents/Development/element-x-ios/Chatlio.xcodeproj
    

SwiftCompile normal arm64 Compiling\ Keyed.swift,\ MinMax.swift /Users/aadityasingh/Library/Developer/Xcode/DerivedData/Chatlio-erkyzdeecsohoaggpwbjdvavzqfv/SourcePackages/checkouts/swift-algorithms/Sources/Algorithms/Keyed.swift /Users/aadityasingh/Library/Developer/Xcode/DerivedData/Chatlio-erkyzdeecsohoaggpwbjdvavzqfv/SourcePackages/checkouts/swift-algorithms/Sources/Algorithms/MinMax.swift (in target 'Algorithms' from project 'swift-algorithms')

SwiftCompile normal arm64 /Users/aadityasingh/Library/Developer/Xcode/DerivedData/Chatlio-erkyzdeecsohoaggpwbjdvavzqfv/SourcePackages/checkouts/swift-algorithms/Sources/Algorithms/Keyed.swift (in target 'Algorithms' from project 'swift-algorithms')
    cd /Users/aadityasingh/Documents/Development/element-x-ios/Chatlio.xcodeproj
    

SwiftCompile normal arm64 /Users/aadityasingh/Library/Developer/Xcode/DerivedData/Chatlio-erkyzdeecsohoaggpwbjdvavzqfv/SourcePackages/checkouts/swift-algorithms/Sources/Algorithms/MinMax.swift (in target 'Algorithms' from project 'swift-algorithms')
    cd /Users/aadityasingh/Documents/Development/element-x-ios/Chatlio.xcodeproj
    

SwiftDriverJobDiscovery normal x86_64 Compiling BitSet+SetAlgebra isDisjoint.swift, BitSet+SetAlgebra isEqualSet.swift, BitSet+SetAlgebra isStrictSubset.swift, BitSet+SetAlgebra isStrictSuperset.swift, BitSet+SetAlgebra isSubset.swift (in target 'BitCollections' from project 'swift-collections')

SwiftCompile normal x86_64 Compiling\ Grouped.swift,\ Indexed.swift /Users/aadityasingh/Library/Developer/Xcode/DerivedData/Chatlio-erkyzdeecsohoaggpwbjdvavzqfv/SourcePackages/checkouts/swift-algorithms/Sources/Algorithms/Grouped.swift /Users/aadityasingh/Library/Developer/Xcode/DerivedData/Chatlio-erkyzdeecsohoaggpwbjdvavzqfv/SourcePackages/checkouts/swift-algorithms/Sources/Algorithms/Indexed.swift (in target 'Algorithms' from project 'swift-algorithms')

SwiftCompile normal x86_64 /Users/aadityasingh/Library/Developer/Xcode/DerivedData/Chatlio-erkyzdeecsohoaggpwbjdvavzqfv/SourcePackages/checkouts/swift-algorithms/Sources/Algorithms/Grouped.swift (in target 'Algorithms' from project 'swift-algorithms')
    cd /Users/aadityasingh/Documents/Development/element-x-ios/Chatlio.xcodeproj
    

SwiftCompile normal x86_64 /Users/aadityasingh/Library/Developer/Xcode/DerivedData/Chatlio-erkyzdeecsohoaggpwbjdvavzqfv/SourcePackages/checkouts/swift-algorithms/Sources/Algorithms/Indexed.swift (in target 'Algorithms' from project 'swift-algorithms')
    cd /Users/aadityasingh/Documents/Development/element-x-ios/Chatlio.xcodeproj
    

SwiftDriverJobDiscovery normal arm64 Compiling BitSet+SetAlgebra isDisjoint.swift, BitSet+SetAlgebra isEqualSet.swift, BitSet+SetAlgebra isStrictSubset.swift, BitSet+SetAlgebra isStrictSuperset.swift, BitSet+SetAlgebra isSubset.swift (in target 'BitCollections' from project 'swift-collections')

SwiftCompile normal arm64 Compiling\ Unique.swift,\ Windows.swift /Users/aadityasingh/Library/Developer/Xcode/DerivedData/Chatlio-erkyzdeecsohoaggpwbjdvavzqfv/SourcePackages/checkouts/swift-algorithms/Sources/Algorithms/Unique.swift /Users/aadityasingh/Library/Developer/Xcode/DerivedData/Chatlio-erkyzdeecsohoaggpwbjdvavzqfv/SourcePackages/checkouts/swift-algorithms/Sources/Algorithms/Windows.swift (in target 'Algorithms' from project 'swift-algorithms')

SwiftCompile normal arm64 /Users/aadityasingh/Library/Developer/Xcode/DerivedData/Chatlio-erkyzdeecsohoaggpwbjdvavzqfv/SourcePackages/checkouts/swift-algorithms/Sources/Algorithms/Unique.swift (in target 'Algorithms' from project 'swift-algorithms')
    cd /Users/aadityasingh/Documents/Development/element-x-ios/Chatlio.xcodeproj
    

SwiftCompile normal arm64 /Users/aadityasingh/Library/Developer/Xcode/DerivedData/Chatlio-erkyzdeecsohoaggpwbjdvavzqfv/SourcePackages/checkouts/swift-algorithms/Sources/Algorithms/Windows.swift (in target 'Algorithms' from project 'swift-algorithms')
    cd /Users/aadityasingh/Documents/Development/element-x-ios/Chatlio.xcodeproj
    

SwiftDriverJobDiscovery normal arm64 Compiling Suffix.swift, Trim.swift (in target 'Algorithms' from project 'swift-algorithms')

SwiftDriverJobDiscovery normal arm64 Compiling BitSet+CustomReflectable.swift, BitSet+CustomStringConvertible.swift, BitSet+Equatable.swift, BitSet+ExpressibleByArrayLiteral.swift, BitSet+Extras.swift (in target 'BitCollections' from project 'swift-collections')

SwiftCompile normal arm64 Compiling\ Intersperse.swift,\ Joined.swift /Users/aadityasingh/Library/Developer/Xcode/DerivedData/Chatlio-erkyzdeecsohoaggpwbjdvavzqfv/SourcePackages/checkouts/swift-algorithms/Sources/Algorithms/Intersperse.swift /Users/aadityasingh/Library/Developer/Xcode/DerivedData/Chatlio-erkyzdeecsohoaggpwbjdvavzqfv/SourcePackages/checkouts/swift-algorithms/Sources/Algorithms/Joined.swift (in target 'Algorithms' from project 'swift-algorithms')
SwiftCompile normal arm64 /Users/aadityasingh/Library/Developer/Xcode/DerivedData/Chatlio-erkyzdeecsohoaggpwbjdvavzqfv/SourcePackages/checkouts/swift-algorithms/Sources/Algorithms/Intersperse.swift (in target 'Algorithms' from project 'swift-algorithms')
    cd /Users/aadityasingh/Documents/Development/element-x-ios/Chatlio.xcodeproj
    

SwiftCompile normal arm64 /Users/aadityasingh/Library/Developer/Xcode/DerivedData/Chatlio-erkyzdeecsohoaggpwbjdvavzqfv/SourcePackages/checkouts/swift-algorithms/Sources/Algorithms/Joined.swift (in target 'Algorithms' from project 'swift-algorithms')
    cd /Users/aadityasingh/Documents/Development/element-x-ios/Chatlio.xcodeproj
    

SwiftDriverJobDiscovery normal x86_64 Compiling Grouped.swift, Indexed.swift (in target 'Algorithms' from project 'swift-algorithms')

SwiftDriver\ Compilation BitCollections normal arm64 com.apple.xcode.tools.swift.compiler (in target 'BitCollections' from project 'swift-collections')
    cd /Users/aadityasingh/Documents/Development/element-x-ios/Chatlio.xcodeproj
    builtin-Swift-Compilation -- /Applications/Xcode.app/Contents/Developer/Toolchains/XcodeDefault.xctoolchain/usr/bin/swiftc -module-name BitCollections -Onone @/Users/aadityasingh/Library/Developer/Xcode/DerivedData/Chatlio-erkyzdeecsohoaggpwbjdvavzqfv/Build/Intermediates.noindex/swift-collections.build/Debug-iphonesimulator/BitCollections.build/Objects-normal/arm64/BitCollections.SwiftFileList -DSWIFT_PACKAGE -DDEBUG -DSWIFT_MODULE_RESOURCE_BUNDLE_UNAVAILABLE -DCOLLECTIONS_RANDOMIZED_TESTING -DXcode -enable-experimental-feature AvailabilityMacro\=SwiftStdlib\ 5.0:\ macOS\ 10.14.4,\ iOS\ 12.2,\ watchOS\ 5.2,\ tvOS\ 12.2 -enable-experimental-feature AvailabilityMacro\=SwiftStdlib\ 5.1:\ macOS\ 10.15,\ iOS\ 13.0,\ watchOS\ 6.0,\ tvOS\ 13.0 -enable-experimental-feature AvailabilityMacro\=SwiftStdlib\ 5.6:\ macOS\ 12.3,\ iOS\ 15.4,\ watchOS\ 8.5,\ tvOS\ 15.4 -enable-experimental-feature AvailabilityMacro\=SwiftStdlib\ 5.8:\ macOS\ 13.3,\ iOS\ 16.4,\ watchOS\ 9.4,\ tvOS\ 16.4 -enable-experimental-feature AvailabilityMacro\=SwiftStdlib\ 5.9:\ macOS\ 14.0,\ iOS\ 17.0,\ watchOS\ 10.0,\ tvOS\ 17.0 -enable-experimental-feature AvailabilityMacro\=SwiftStdlib\ 5.10:\ macOS\ 14.4,\ iOS\ 17.4,\ watchOS\ 10.4,\ tvOS\ 17.4,\ visionOS\ 1.1 -enable-experimental-feature AvailabilityMacro\=SwiftStdlib\ 6.0:\ macOS\ 15.0,\ iOS\ 18.0,\ watchOS\ 11.0,\ tvOS\ 18.0,\ visionOS\ 2.0 -enable-experimental-feature AvailabilityMacro\=SwiftStdlib\ 6.1:\ macOS\ 15.4,\ iOS\ 18.4,\ watchOS\ 11.4,\ tvOS\ 18.4,\ visionOS\ 2.4 -enable-experimental-feature AvailabilityMacro\=SwiftStdlib\ 6.2:\ macOS\ 26.0,\ iOS\ 26.0,\ watchOS\ 26.0,\ tvOS\ 26.0,\ visionOS\ 26.0 -enable-upcoming-feature MemberImportVisibility -enable-experimental-feature BuiltinModule -enable-experimental-feature Lifetimes -enable-experimental-feature InoutLifetimeDependence -enable-experimental-feature SuppressedAssociatedTypes -plugin-path /Applications/Xcode.app/Contents/Developer/Toolchains/XcodeDefault.xctoolchain/usr/lib/swift/host/plugins/testing -enable-experimental-feature DebugDescriptionMacro -sdk /Applications/Xcode.app/Contents/Developer/Platforms/iPhoneSimulator.platform/Developer/SDKs/iPhoneSimulator26.4.sdk -target arm64-apple-ios12.0-simulator -g -module-cache-path /Users/aadityasingh/Library/Developer/Xcode/DerivedData/ModuleCache.noindex -Xfrontend -serialize-debugging-options -profile-coverage-mapping -profile-generate -enable-testing -suppress-warnings -index-store-path /Users/aadityasingh/Library/Developer/Xcode/DerivedData/Chatlio-erkyzdeecsohoaggpwbjdvavzqfv/Index.noindex/DataStore -Xcc -D_LIBCPP_HARDENING_MODE\=_LIBCPP_HARDENING_MODE_DEBUG -swift-version 6 -I /Users/aadityasingh/Library/Developer/Xcode/DerivedData/Chatlio-erkyzdeecsohoaggpwbjdvavzqfv/Build/Products/Debug-iphonesimulator -Isystem /Applications/Xcode.app/Contents/Developer/Platforms/iPhoneSimulator.platform/Developer/usr/lib -F /Users/aadityasingh/Library/Developer/Xcode/DerivedData/Chatlio-erkyzdeecsohoaggpwbjdvavzqfv/Build/Products/Debug-iphonesimulator/PackageFrameworks -F /Users/aadityasingh/Library/Developer/Xcode/DerivedData/Chatlio-erkyzdeecsohoaggpwbjdvavzqfv/Build/Products/Debug-iphonesimulator -F /Applications/Xcode.app/Contents/Developer/Platforms/iPhoneSimulator.platform/Developer/Library/Frameworks -F /Applications/Xcode.app/Contents/Developer/Platforms/iPhoneSimulator.platform/Developer/SDKs/iPhoneSimulator26.4.sdk/Developer/Library/Frameworks -c -j12 -enable-batch-mode -incremental -Xcc -ivfsstatcache -Xcc /Users/aadityasingh/Library/Developer/Xcode/DerivedData/SDKStatCaches.noindex/iphonesimulator26.4-23E252-686eebb5dc1d8ecb277353a59184f4aa.sdkstatcache -output-file-map /Users/aadityasingh/Library/Developer/Xcode/DerivedData/Chatlio-erkyzdeecsohoaggpwbjdvavzqfv/Build/Intermediates.noindex/swift-collections.build/Debug-iphonesimulator/BitCollections.build/Objects-normal/arm64/BitCollections-OutputFileMap.json -use-frontend-parseable-output -save-temps -no-color-diagnostics -explicit-module-build -module-cache-path /Users/aadityasingh/Library/Developer/Xcode/DerivedData/Chatlio-erkyzdeecsohoaggpwbjdvavzqfv/Build/Intermediates.noindex/SwiftExplicitPrecompiledModules -clang-scanner-module-cache-path /Users/aadityasingh/Library/Developer/Xcode/DerivedData/ModuleCache.noindex -sdk-module-cache-path /Users/aadityasingh/Library/Developer/Xcode/DerivedData/ModuleCache.noindex -serialize-diagnostics -emit-dependencies -emit-module -emit-module-path /Users/aadityasingh/Library/Developer/Xcode/DerivedData/Chatlio-erkyzdeecsohoaggpwbjdvavzqfv/Build/Intermediates.noindex/swift-collections.build/Debug-iphonesimulator/BitCollections.build/Objects-normal/arm64/BitCollections.swiftmodule -user-module-version 1.3.0 -validate-clang-modules-once -clang-build-session-file /Users/aadityasingh/Library/Developer/Xcode/DerivedData/ModuleCache.noindex/Session.modulevalidation -package-name swift_collections -Xcc -I/Users/aadityasingh/Library/Developer/Xcode/DerivedData/Chatlio-erkyzdeecsohoaggpwbjdvavzqfv/Build/Intermediates.noindex/swift-collections.build/Debug-iphonesimulator/BitCollections.build/swift-overrides.hmap -emit-const-values -Xfrontend -const-gather-protocols-file -Xfrontend /Users/aadityasingh/Library/Developer/Xcode/DerivedData/Chatlio-erkyzdeecsohoaggpwbjdvavzqfv/Build/Intermediates.noindex/swift-collections.build/Debug-iphonesimulator/BitCollections.build/Objects-normal/arm64/BitCollections_const_extract_protocols.json -Xcc -I/Users/aadityasingh/Library/Developer/Xcode/DerivedData/Chatlio-erkyzdeecsohoaggpwbjdvavzqfv/Build/Products/Debug-iphonesimulator/include -Xcc -I/Users/aadityasingh/Library/Developer/Xcode/DerivedData/Chatlio-erkyzdeecsohoaggpwbjdvavzqfv/Build/Intermediates.noindex/swift-collections.build/Debug-iphonesimulator/BitCollections.build/DerivedSources-normal/arm64 -Xcc -I/Users/aadityasingh/Library/Developer/Xcode/DerivedData/Chatlio-erkyzdeecsohoaggpwbjdvavzqfv/Build/Intermediates.noindex/swift-collections.build/Debug-iphonesimulator/BitCollections.build/DerivedSources/arm64 -Xcc -I/Users/aadityasingh/Library/Developer/Xcode/DerivedData/Chatlio-erkyzdeecsohoaggpwbjdvavzqfv/Build/Intermediates.noindex/swift-collections.build/Debug-iphonesimulator/BitCollections.build/DerivedSources -Xcc -DSWIFT_PACKAGE -Xcc -DDEBUG\=1 -emit-objc-header -emit-objc-header-path /Users/aadityasingh/Library/Developer/Xcode/DerivedData/Chatlio-erkyzdeecsohoaggpwbjdvavzqfv/Build/Intermediates.noindex/swift-collections.build/Debug-iphonesimulator/BitCollections.build/Objects-normal/arm64/BitCollections-Swift.h -working-directory /Users/aadityasingh/Documents/Development/element-x-ios/Chatlio.xcodeproj -experimental-emit-module-separately -disable-cmo

SwiftCompile normal x86_64 Compiling\ Split.swift,\ Stride.swift /Users/aadityasingh/Library/Developer/Xcode/DerivedData/Chatlio-erkyzdeecsohoaggpwbjdvavzqfv/SourcePackages/checkouts/swift-algorithms/Sources/Algorithms/Split.swift /Users/aadityasingh/Library/Developer/Xcode/DerivedData/Chatlio-erkyzdeecsohoaggpwbjdvavzqfv/SourcePackages/checkouts/swift-algorithms/Sources/Algorithms/Stride.swift (in target 'Algorithms' from project 'swift-algorithms')

SwiftCompile normal x86_64 /Users/aadityasingh/Library/Developer/Xcode/DerivedData/Chatlio-erkyzdeecsohoaggpwbjdvavzqfv/SourcePackages/checkouts/swift-algorithms/Sources/Algorithms/Split.swift (in target 'Algorithms' from project 'swift-algorithms')
    cd /Users/aadityasingh/Documents/Development/element-x-ios/Chatlio.xcodeproj
    

SwiftCompile normal x86_64 /Users/aadityasingh/Library/Developer/Xcode/DerivedData/Chatlio-erkyzdeecsohoaggpwbjdvavzqfv/SourcePackages/checkouts/swift-algorithms/Sources/Algorithms/Stride.swift (in target 'Algorithms' from project 'swift-algorithms')
    cd /Users/aadityasingh/Documents/Development/element-x-ios/Chatlio.xcodeproj
    

SwiftCompile normal arm64 Compiling\ Partition.swift,\ Permutations.swift /Users/aadityasingh/Library/Developer/Xcode/DerivedData/Chatlio-erkyzdeecsohoaggpwbjdvavzqfv/SourcePackages/checkouts/swift-algorithms/Sources/Algorithms/Partition.swift /Users/aadityasingh/Library/Developer/Xcode/DerivedData/Chatlio-erkyzdeecsohoaggpwbjdvavzqfv/SourcePackages/checkouts/swift-algorithms/Sources/Algorithms/Permutations.swift (in target 'Algorithms' from project 'swift-algorithms')

SwiftCompile normal arm64 /Users/aadityasingh/Library/Developer/Xcode/DerivedData/Chatlio-erkyzdeecsohoaggpwbjdvavzqfv/SourcePackages/checkouts/swift-algorithms/Sources/Algorithms/Partition.swift (in target 'Algorithms' from project 'swift-algorithms')
    cd /Users/aadityasingh/Documents/Development/element-x-ios/Chatlio.xcodeproj
    

SwiftCompile normal arm64 /Users/aadityasingh/Library/Developer/Xcode/DerivedData/Chatlio-erkyzdeecsohoaggpwbjdvavzqfv/SourcePackages/checkouts/swift-algorithms/Sources/Algorithms/Permutations.swift (in target 'Algorithms' from project 'swift-algorithms')
    cd /Users/aadityasingh/Documents/Development/element-x-ios/Chatlio.xcodeproj
    

SwiftDriverJobDiscovery normal x86_64 Compiling Keyed.swift, MinMax.swift (in target 'Algorithms' from project 'swift-algorithms')

SwiftCompile normal x86_64 Compiling\ AdjacentPairs.swift,\ Chain.swift,\ Chunked.swift /Users/aadityasingh/Library/Developer/Xcode/DerivedData/Chatlio-erkyzdeecsohoaggpwbjdvavzqfv/SourcePackages/checkouts/swift-algorithms/Sources/Algorithms/AdjacentPairs.swift /Users/aadityasingh/Library/Developer/Xcode/DerivedData/Chatlio-erkyzdeecsohoaggpwbjdvavzqfv/SourcePackages/checkouts/swift-algorithms/Sources/Algorithms/Chain.swift /Users/aadityasingh/Library/Developer/Xcode/DerivedData/Chatlio-erkyzdeecsohoaggpwbjdvavzqfv/SourcePackages/checkouts/swift-algorithms/Sources/Algorithms/Chunked.swift (in target 'Algorithms' from project 'swift-algorithms')
SwiftCompile normal x86_64 /Users/aadityasingh/Library/Developer/Xcode/DerivedData/Chatlio-erkyzdeecsohoaggpwbjdvavzqfv/SourcePackages/checkouts/swift-algorithms/Sources/Algorithms/AdjacentPairs.swift (in target 'Algorithms' from project 'swift-algorithms')
    cd /Users/aadityasingh/Documents/Development/element-x-ios/Chatlio.xcodeproj
    
<unknown>:0: error: cannot open file '/Users/aadityasingh/Library/Developer/Xcode/DerivedData/Chatlio-erkyzdeecsohoaggpwbjdvavzqfv/Build/Intermediates.noindex/DSWaveformImage.build/Debug-iphonesimulator/DSWaveformImageViews.build/Objects-normal/arm64/DSWaveformImageViews.dependency-scan.dia' for diagnostics emission (No such file or directory)
<unknown>:0: error: cannot open file '/Users/aadityasingh/Library/Developer/Xcode/DerivedData/Chatlio-erkyzdeecsohoaggpwbjdvavzqfv/Build/Intermediates.noindex/swift-async-algorithms.build/Debug-iphonesimulator/AsyncAlgorithms.build/Objects-normal/x86_64/AsyncAlgorithms.dependency-scan.dia' for diagnostics emission (No such file or directory)
<unknown>:0: error: cannot open constant extraction protocol list input file from /Users/aadityasingh/Library/Developer/Xcode/DerivedData/Chatlio-erkyzdeecsohoaggpwbjdvavzqfv/Build/Intermediates.noindex/swift-algorithms.build/Debug-iphonesimulator/Algorithms.build/Objects-normal/x86_64/Algorithms_const_extract_protocols.json

SwiftCompile normal x86_64 /Users/aadityasingh/Library/Developer/Xcode/DerivedData/Chatlio-erkyzdeecsohoaggpwbjdvavzqfv/SourcePackages/checkouts/swift-algorithms/Sources/Algorithms/Chain.swift (in target 'Algorithms' from project 'swift-algorithms')
    cd /Users/aadityasingh/Documents/Development/element-x-ios/Chatlio.xcodeproj
    
<unknown>:0: error: cannot open constant extraction protocol list input file from /Users/aadityasingh/Library/Developer/Xcode/DerivedData/Chatlio-erkyzdeecsohoaggpwbjdvavzqfv/Build/Intermediates.noindex/swift-algorithms.build/Debug-iphonesimulator/Algorithms.build/Objects-normal/x86_64/Algorithms_const_extract_protocols.json

SwiftCompile normal x86_64 /Users/aadityasingh/Library/Developer/Xcode/DerivedData/Chatlio-erkyzdeecsohoaggpwbjdvavzqfv/SourcePackages/checkouts/swift-algorithms/Sources/Algorithms/Chunked.swift (in target 'Algorithms' from project 'swift-algorithms')
    cd /Users/aadityasingh/Documents/Development/element-x-ios/Chatlio.xcodeproj
    
<unknown>:0: error: cannot open constant extraction protocol list input file from /Users/aadityasingh/Library/Developer/Xcode/DerivedData/Chatlio-erkyzdeecsohoaggpwbjdvavzqfv/Build/Intermediates.noindex/swift-algorithms.build/Debug-iphonesimulator/Algorithms.build/Objects-normal/x86_64/Algorithms_const_extract_protocols.json

Failed frontend command:
/Applications/Xcode.app/Contents/Developer/Toolchains/XcodeDefault.xctoolchain/usr/bin/swift-frontend -frontend -c -primary-file /Users/aadityasingh/Library/Developer/Xcode/DerivedData/Chatlio-erkyzdeecsohoaggpwbjdvavzqfv/SourcePackages/checkouts/swift-algorithms/Sources/Algorithms/AdjacentPairs.swift -primary-file /Users/aadityasingh/Library/Developer/Xcode/DerivedData/Chatlio-erkyzdeecsohoaggpwbjdvavzqfv/SourcePackages/checkouts/swift-algorithms/Sources/Algorithms/Chain.swift -primary-file /Users/aadityasingh/Library/Developer/Xcode/DerivedData/Chatlio-erkyzdeecsohoaggpwbjdvavzqfv/SourcePackages/checkouts/swift-algorithms/Sources/Algorithms/Chunked.swift /Users/aadityasingh/Library/Developer/Xcode/DerivedData/Chatlio-erkyzdeecsohoaggpwbjdvavzqfv/SourcePackages/checkouts/swift-algorithms/Sources/Algorithms/Combinations.swift /Users/aadityasingh/Library/Developer/Xcode/DerivedData/Chatlio-erkyzdeecsohoaggpwbjdvavzqfv/SourcePackages/checkouts/swift-algorithms/Sources/Algorithms/Compacted.swift /Users/aadityasingh/Library/Developer/Xcode/DerivedData/Chatlio-erkyzdeecsohoaggpwbjdvavzqfv/SourcePackages/checkouts/swift-algorithms/Sources/Algorithms/Cycle.swift /Users/aadityasingh/Library/Developer/Xcode/DerivedData/Chatlio-erkyzdeecsohoaggpwbjdvavzqfv/SourcePackages/checkouts/swift-algorithms/Sources/Algorithms/EitherSequence.swift /Users/aadityasingh/Library/Developer/Xcode/DerivedData/Chatlio-erkyzdeecsohoaggpwbjdvavzqfv/SourcePackages/checkouts/swift-algorithms/Sources/Algorithms/FirstNonNil.swift /Users/aadityasingh/Library/Developer/Xcode/DerivedData/Chatlio-erkyzdeecsohoaggpwbjdvavzqfv/SourcePackages/checkouts/swift-algorithms/Sources/Algorithms/FlattenCollection.swift /Users/aadityasingh/Library/Developer/Xcode/DerivedData/Chatlio-erkyzdeecsohoaggpwbjdvavzqfv/SourcePackages/checkouts/swift-algorithms/Sources/Algorithms/Grouped.swift /Users/aadityasingh/Library/Developer/Xcode/DerivedData/Chatlio-erkyzdeecsohoaggpwbjdvavzqfv/SourcePackages/checkouts/swift-algorithms/Sources/Algorithms/Indexed.swift /Users/aadityasingh/Library/Developer/Xcode/DerivedData/Chatlio-erkyzdeecsohoaggpwbjdvavzqfv/SourcePackages/checkouts/swift-algorithms/Sources/Algorithms/Intersperse.swift /Users/aadityasingh/Library/Developer/Xcode/DerivedData/Chatlio-erkyzdeecsohoaggpwbjdvavzqfv/SourcePackages/checkouts/swift-algorithms/Sources/Algorithms/Joined.swift /Users/aadityasingh/Library/Developer/Xcode/DerivedData/Chatlio-erkyzdeecsohoaggpwbjdvavzqfv/SourcePackages/checkouts/swift-algorithms/Sources/Algorithms/Keyed.swift /Users/aadityasingh/Library/Developer/Xcode/DerivedData/Chatlio-erkyzdeecsohoaggpwbjdvavzqfv/SourcePackages/checkouts/swift-algorithms/Sources/Algorithms/MinMax.swift /Users/aadityasingh/Library/Developer/Xcode/DerivedData/Chatlio-erkyzdeecsohoaggpwbjdvavzqfv/SourcePackages/checkouts/swift-algorithms/Sources/Algorithms/Partition.swift /Users/aadityasingh/Library/Developer/Xcode/DerivedData/Chatlio-erkyzdeecsohoaggpwbjdvavzqfv/SourcePackages/checkouts/swift-algorithms/Sources/Algorithms/Permutations.swift /Users/aadityasingh/Library/Developer/Xcode/DerivedData/Chatlio-erkyzdeecsohoaggpwbjdvavzqfv/SourcePackages/checkouts/swift-algorithms/Sources/Algorithms/Product.swift /Users/aadityasingh/Library/Developer/Xcode/DerivedData/Chatlio-erkyzdeecsohoaggpwbjdvavzqfv/SourcePackages/checkouts/swift-algorithms/Sources/Algorithms/RandomSample.swift /Users/aadityasingh/Library/Developer/Xcode/DerivedData/Chatlio-erkyzdeecsohoaggpwbjdvavzqfv/SourcePackages/checkouts/swift-algorithms/Sources/Algorithms/Reductions.swift /Users/aadityasingh/Library/Developer/Xcode/DerivedData/Chatlio-erkyzdeecsohoaggpwbjdvavzqfv/SourcePackages/checkouts/swift-algorithms/Sources/Algorithms/Rotate.swift /Users/aadityasingh/Library/Developer/Xcode/DerivedData/Chatlio-erkyzdeecsohoaggpwbjdvavzqfv/SourcePackages/checkouts/swift-algorithms/Sources/Algorithms/Split.swift /Users/aadityasingh/Library/Developer/Xcode/DerivedData/Chatlio-erkyzdeecsohoaggpwbjdvavzqfv/SourcePackages/checkouts/swift-algorithms/Sources/Algorithms/Stride.swift /Users/aadityasingh/Library/Developer/Xcode/DerivedData/Chatlio-erkyzdeecsohoaggpwbjdvavzqfv/SourcePackages/checkouts/swift-algorithms/Sources/Algorithms/Suffix.swift /Users/aadityasingh/Library/Developer/Xcode/DerivedData/Chatlio-erkyzdeecsohoaggpwbjdvavzqfv/SourcePackages/checkouts/swift-algorithms/Sources/Algorithms/Trim.swift /Users/aadityasingh/Library/Developer/Xcode/DerivedData/Chatlio-erkyzdeecsohoaggpwbjdvavzqfv/SourcePackages/checkouts/swift-algorithms/Sources/Algorithms/Unique.swift /Users/aadityasingh/Library/Developer/Xcode/DerivedData/Chatlio-erkyzdeecsohoaggpwbjdvavzqfv/SourcePackages/checkouts/swift-algorithms/Sources/Algorithms/Windows.swift -supplementary-output-file-map /Users/aadityasingh/Library/Developer/Xcode/DerivedData/Chatlio-erkyzdeecsohoaggpwbjdvavzqfv/Build/Intermediates.noindex/swift-algorithms.build/Debug-iphonesimulator/Algorithms.build/Objects-normal/x86_64/supplementaryOutputs-198 -target x86_64-apple-ios12.0-simulator -load-resolved-plugin /Applications/Xcode.app/Contents/Developer/Platforms/iPhoneOS.platform/Developer/usr/lib/swift/host/plugins/libSwiftMacros.dylib\#/Applications/Xcode.app/Contents/Developer/Platforms/iPhoneOS.platform/Developer/usr/bin/swift-plugin-server\#SwiftMacros -disable-implicit-swift-modules -Xcc -fno-implicit-modules -Xcc -fno-implicit-module-maps -explicit-swift-module-map-file /Users/aadityasingh/Library/Developer/Xcode/DerivedData/Chatlio-erkyzdeecsohoaggpwbjdvavzqfv/Build/Intermediates.noindex/swift-algorithms.build/Debug-iphonesimulator/Algorithms.build/Objects-normal/x86_64/Algorithms-dependencies-2.json -debug-module-path /Users/aadityasingh/Library/Developer/Xcode/DerivedData/Chatlio-erkyzdeecsohoaggpwbjdvavzqfv/Build/Intermediates.noindex/swift-algorithms.build/Debug-iphonesimulator/Algorithms.build/Objects-normal/x86_64/Algorithms.swiftmodule -enable-objc-interop -sdk /Applications/Xcode.app/Contents/Developer/Platforms/iPhoneSimulator.platform/Developer/SDKs/iPhoneSimulator26.4.sdk -I /Users/aadityasingh/Library/Developer/Xcode/DerivedData/Chatlio-erkyzdeecsohoaggpwbjdvavzqfv/Build/Products/Debug-iphonesimulator -Isystem /Applications/Xcode.app/Contents/Developer/Platforms/iPhoneSimulator.platform/Developer/usr/lib -F /Users/aadityasingh/Library/Developer/Xcode/DerivedData/Chatlio-erkyzdeecsohoaggpwbjdvavzqfv/Build/Products/Debug-iphonesimulator/PackageFrameworks -F /Users/aadityasingh/Library/Developer/Xcode/DerivedData/Chatlio-erkyzdeecsohoaggpwbjdvavzqfv/Build/Products/Debug-iphonesimulator/PackageFrameworks -F /Users/aadityasingh/Library/Developer/Xcode/DerivedData/Chatlio-erkyzdeecsohoaggpwbjdvavzqfv/Build/Products/Debug-iphonesimulator -F /Applications/Xcode.app/Contents/Developer/Platforms/iPhoneSimulator.platform/Developer/Library/Frameworks -F /Applications/Xcode.app/Contents/Developer/Platforms/iPhoneSimulator.platform/Developer/SDKs/iPhoneSimulator26.4.sdk/Developer/Library/Frameworks -no-color-diagnostics -Xcc -fno-color-diagnostics -enable-testing -g -debug-info-format\=dwarf -dwarf-version\=4 -module-cache-path /Users/aadityasingh/Library/Developer/Xcode/DerivedData/Chatlio-erkyzdeecsohoaggpwbjdvavzqfv/Build/Intermediates.noindex/SwiftExplicitPrecompiledModules -suppress-warnings -profile-generate -profile-coverage-mapping -swift-version 5 -Onone -D SWIFT_PACKAGE -D DEBUG -D SWIFT_MODULE_RESOURCE_BUNDLE_UNAVAILABLE -D Xcode -serialize-debugging-options -const-gather-protocols-file /Users/aadityasingh/Library/Developer/Xcode/DerivedData/Chatlio-erkyzdeecsohoaggpwbjdvavzqfv/Build/Intermediates.noindex/swift-algorithms.build/Debug-iphonesimulator/Algorithms.build/Objects-normal/x86_64/Algorithms_const_extract_protocols.json -enable-experimental-feature DebugDescriptionMacro -empty-abi-descriptor -validate-clang-modules-once -clang-build-session-file /Users/aadityasingh/Library/Developer/Xcode/DerivedData/ModuleCache.noindex/Session.modulevalidation -Xcc -working-directory -Xcc /Users/aadityasingh/Documents/Development/element-x-ios/Chatlio.xcodeproj -enable-anonymous-context-mangled-names -file-compilation-dir /Users/aadityasingh/Documents/Development/element-x-ios/Chatlio.xcodeproj -Xcc -D_LIBCPP_HARDENING_MODE\=_LIBCPP_HARDENING_MODE_DEBUG -Xcc -ivfsstatcache -Xcc /Users/aadityasingh/Library/Developer/Xcode/DerivedData/SDKStatCaches.noindex/iphonesimulator26.4-23E252-686eebb5dc1d8ecb277353a59184f4aa.sdkstatcache -Xcc -I/Users/aadityasingh/Library/Developer/Xcode/DerivedData/Chatlio-erkyzdeecsohoaggpwbjdvavzqfv/Build/Intermediates.noindex/swift-algorithms.build/Debug-iphonesimulator/Algorithms.build/swift-overrides.hmap -Xcc -I/Users/aadityasingh/Library/Developer/Xcode/DerivedData/Chatlio-erkyzdeecsohoaggpwbjdvavzqfv/SourcePackages/checkouts/swift-numerics/Sources/_NumericsShims/include -Xcc -I/Users/aadityasingh/Library/Developer/Xcode/DerivedData/Chatlio-erkyzdeecsohoaggpwbjdvavzqfv/Build/Products/Debug-iphonesimulator/include -Xcc -I/Users/aadityasingh/Library/Developer/Xcode/DerivedData/Chatlio-erkyzdeecsohoaggpwbjdvavzqfv/Build/Intermediates.noindex/swift-algorithms.build/Debug-iphonesimulator/Algorithms.build/DerivedSources-normal/x86_64 -Xcc -I/Users/aadityasingh/Library/Developer/Xcode/DerivedData/Chatlio-erkyzdeecsohoaggpwbjdvavzqfv/Build/Intermediates.noindex/swift-algorithms.build/Debug-iphonesimulator/Algorithms.build/DerivedSources/x86_64 -Xcc -I/Users/aadityasingh/Library/Developer/Xcode/DerivedData/Chatlio-erkyzdeecsohoaggpwbjdvavzqfv/Build/Intermediates.noindex/swift-algorithms.build/Debug-iphonesimulator/Algorithms.build/DerivedSources -Xcc -DSWIFT_PACKAGE -Xcc -DDEBUG\=1 -no-auto-bridging-header-chaining -module-name Algorithms -frontend-parseable-output -disable-clang-spi -clang-target x86_64-apple-ios26.4-simulator -target-sdk-version 26.4 -target-sdk-name iphonesimulator26.4 -in-process-plugin-server-path /Applications/Xcode.app/Contents/Developer/Toolchains/XcodeDefault.xctoolchain/usr/lib/swift/host/libSwiftInProcPluginServer.dylib -o /Users/aadityasingh/Library/Developer/Xcode/DerivedData/Chatlio-erkyzdeecsohoaggpwbjdvavzqfv/Build/Intermediates.noindex/swift-algorithms.build/Debug-iphonesimulator/Algorithms.build/Objects-normal/x86_64/AdjacentPairs.o -o /Users/aadityasingh/Library/Developer/Xcode/DerivedData/Chatlio-erkyzdeecsohoaggpwbjdvavzqfv/Build/Intermediates.noindex/swift-algorithms.build/Debug-iphonesimulator/Algorithms.build/Objects-normal/x86_64/Chain.o -o /Users/aadityasingh/Library/Developer/Xcode/DerivedData/Chatlio-erkyzdeecsohoaggpwbjdvavzqfv/Build/Intermediates.noindex/swift-algorithms.build/Debug-iphonesimulator/Algorithms.build/Objects-normal/x86_64/Chunked.o -index-unit-output-path /swift-algorithms.build/Debug-iphonesimulator/Algorithms.build/Objects-normal/x86_64/AdjacentPairs.o -index-unit-output-path /swift-algorithms.build/Debug-iphonesimulator/Algorithms.build/Objects-normal/x86_64/Chain.o -index-unit-output-path /swift-algorithms.build/Debug-iphonesimulator/Algorithms.build/Objects-normal/x86_64/Chunked.o -index-store-path /Users/aadityasingh/Library/Developer/Xcode/DerivedData/Chatlio-erkyzdeecsohoaggpwbjdvavzqfv/Index.noindex/DataStore -index-system-modules
SwiftDriverJobDiscovery normal arm64 Compiling Keyed.swift, MinMax.swift (in target 'Algorithms' from project 'swift-algorithms')

SwiftCompile normal arm64 Compiling\ AdjacentPairs.swift,\ Chain.swift,\ Chunked.swift /Users/aadityasingh/Library/Developer/Xcode/DerivedData/Chatlio-erkyzdeecsohoaggpwbjdvavzqfv/SourcePackages/checkouts/swift-algorithms/Sources/Algorithms/AdjacentPairs.swift /Users/aadityasingh/Library/Developer/Xcode/DerivedData/Chatlio-erkyzdeecsohoaggpwbjdvavzqfv/SourcePackages/checkouts/swift-algorithms/Sources/Algorithms/Chain.swift /Users/aadityasingh/Library/Developer/Xcode/DerivedData/Chatlio-erkyzdeecsohoaggpwbjdvavzqfv/SourcePackages/checkouts/swift-algorithms/Sources/Algorithms/Chunked.swift (in target 'Algorithms' from project 'swift-algorithms')
SwiftCompile normal arm64 /Users/aadityasingh/Library/Developer/Xcode/DerivedData/Chatlio-erkyzdeecsohoaggpwbjdvavzqfv/SourcePackages/checkouts/swift-algorithms/Sources/Algorithms/AdjacentPairs.swift (in target 'Algorithms' from project 'swift-algorithms')
    cd /Users/aadityasingh/Documents/Development/element-x-ios/Chatlio.xcodeproj
    

SwiftCompile normal arm64 /Users/aadityasingh/Library/Developer/Xcode/DerivedData/Chatlio-erkyzdeecsohoaggpwbjdvavzqfv/SourcePackages/checkouts/swift-algorithms/Sources/Algorithms/Chain.swift (in target 'Algorithms' from project 'swift-algorithms')
    cd /Users/aadityasingh/Documents/Development/element-x-ios/Chatlio.xcodeproj
    

SwiftCompile normal arm64 /Users/aadityasingh/Library/Developer/Xcode/DerivedData/Chatlio-erkyzdeecsohoaggpwbjdvavzqfv/SourcePackages/checkouts/swift-algorithms/Sources/Algorithms/Chunked.swift (in target 'Algorithms' from project 'swift-algorithms')
    cd /Users/aadityasingh/Documents/Development/element-x-ios/Chatlio.xcodeproj
    

error: Mkdtemp(/Users/aadityasingh/Library/Developer/Xcode/DerivedData/Chatlio-erkyzdeecsohoaggpwbjdvavzqfv/Build/Intermediates.noindex/swift-algorithms.build/Debug-iphonesimulator/Algorithms.build/Objects-normal/arm64/swbuild.tmp.1Yc6cLNy): No such file or directory (2) (in target 'Algorithms' from project 'swift-algorithms')
SwiftDriverJobDiscovery normal x86_64 Compiling BitArray+LosslessStringConvertible.swift, BitArray+RandomBits.swift, BitArray+RangeReplaceableCollection.swift, BitArray+Shifts.swift, BitArray+Testing.swift (in target 'BitCollections' from project 'swift-collections')

SwiftCompile normal x86_64 Compiling\ Combinations.swift,\ Compacted.swift,\ Cycle.swift /Users/aadityasingh/Library/Developer/Xcode/DerivedData/Chatlio-erkyzdeecsohoaggpwbjdvavzqfv/SourcePackages/checkouts/swift-algorithms/Sources/Algorithms/Combinations.swift /Users/aadityasingh/Library/Developer/Xcode/DerivedData/Chatlio-erkyzdeecsohoaggpwbjdvavzqfv/SourcePackages/checkouts/swift-algorithms/Sources/Algorithms/Compacted.swift /Users/aadityasingh/Library/Developer/Xcode/DerivedData/Chatlio-erkyzdeecsohoaggpwbjdvavzqfv/SourcePackages/checkouts/swift-algorithms/Sources/Algorithms/Cycle.swift (in target 'Algorithms' from project 'swift-algorithms')

SwiftCompile normal x86_64 /Users/aadityasingh/Library/Developer/Xcode/DerivedData/Chatlio-erkyzdeecsohoaggpwbjdvavzqfv/SourcePackages/checkouts/swift-algorithms/Sources/Algorithms/Combinations.swift (in target 'Algorithms' from project 'swift-algorithms')
    cd /Users/aadityasingh/Documents/Development/element-x-ios/Chatlio.xcodeproj
    

SwiftCompile normal x86_64 /Users/aadityasingh/Library/Developer/Xcode/DerivedData/Chatlio-erkyzdeecsohoaggpwbjdvavzqfv/SourcePackages/checkouts/swift-algorithms/Sources/Algorithms/Compacted.swift (in target 'Algorithms' from project 'swift-algorithms')
    cd /Users/aadityasingh/Documents/Development/element-x-ios/Chatlio.xcodeproj
    

SwiftCompile normal x86_64 /Users/aadityasingh/Library/Developer/Xcode/DerivedData/Chatlio-erkyzdeecsohoaggpwbjdvavzqfv/SourcePackages/checkouts/swift-algorithms/Sources/Algorithms/Cycle.swift (in target 'Algorithms' from project 'swift-algorithms')
    cd /Users/aadityasingh/Documents/Development/element-x-ios/Chatlio.xcodeproj
    

SwiftDriverJobDiscovery normal x86_64 Compiling Unique.swift, Windows.swift (in target 'Algorithms' from project 'swift-algorithms')

SwiftCompile normal x86_64 Compiling\ Product.swift,\ RandomSample.swift /Users/aadityasingh/Library/Developer/Xcode/DerivedData/Chatlio-erkyzdeecsohoaggpwbjdvavzqfv/SourcePackages/checkouts/swift-algorithms/Sources/Algorithms/Product.swift /Users/aadityasingh/Library/Developer/Xcode/DerivedData/Chatlio-erkyzdeecsohoaggpwbjdvavzqfv/SourcePackages/checkouts/swift-algorithms/Sources/Algorithms/RandomSample.swift (in target 'Algorithms' from project 'swift-algorithms')

SwiftCompile normal x86_64 /Users/aadityasingh/Library/Developer/Xcode/DerivedData/Chatlio-erkyzdeecsohoaggpwbjdvavzqfv/SourcePackages/checkouts/swift-algorithms/Sources/Algorithms/Product.swift (in target 'Algorithms' from project 'swift-algorithms')
    cd /Users/aadityasingh/Documents/Development/element-x-ios/Chatlio.xcodeproj
    

SwiftCompile normal x86_64 /Users/aadityasingh/Library/Developer/Xcode/DerivedData/Chatlio-erkyzdeecsohoaggpwbjdvavzqfv/SourcePackages/checkouts/swift-algorithms/Sources/Algorithms/RandomSample.swift (in target 'Algorithms' from project 'swift-algorithms')
    cd /Users/aadityasingh/Documents/Development/element-x-ios/Chatlio.xcodeproj
    

SwiftDriverJobDiscovery normal arm64 Compiling Unique.swift, Windows.swift (in target 'Algorithms' from project 'swift-algorithms')

SwiftCompile normal x86_64 Compiling\ Reductions.swift,\ Rotate.swift /Users/aadityasingh/Library/Developer/Xcode/DerivedData/Chatlio-erkyzdeecsohoaggpwbjdvavzqfv/SourcePackages/checkouts/swift-algorithms/Sources/Algorithms/Reductions.swift /Users/aadityasingh/Library/Developer/Xcode/DerivedData/Chatlio-erkyzdeecsohoaggpwbjdvavzqfv/SourcePackages/checkouts/swift-algorithms/Sources/Algorithms/Rotate.swift (in target 'Algorithms' from project 'swift-algorithms')

SwiftCompile normal x86_64 /Users/aadityasingh/Library/Developer/Xcode/DerivedData/Chatlio-erkyzdeecsohoaggpwbjdvavzqfv/SourcePackages/checkouts/swift-algorithms/Sources/Algorithms/Reductions.swift (in target 'Algorithms' from project 'swift-algorithms')
    cd /Users/aadityasingh/Documents/Development/element-x-ios/Chatlio.xcodeproj
    

SwiftCompile normal x86_64 /Users/aadityasingh/Library/Developer/Xcode/DerivedData/Chatlio-erkyzdeecsohoaggpwbjdvavzqfv/SourcePackages/checkouts/swift-algorithms/Sources/Algorithms/Rotate.swift (in target 'Algorithms' from project 'swift-algorithms')
    cd /Users/aadityasingh/Documents/Development/element-x-ios/Chatlio.xcodeproj
    

SwiftDriverJobDiscovery normal x86_64 Compiling BitArray+BitwiseOperations.swift, BitArray+ChunkedBitsIterators.swift, BitArray+Codable.swift, BitArray+Collection.swift, BitArray+Copy.swift (in target 'BitCollections' from project 'swift-collections')

SwiftDriverJobDiscovery normal arm64 Compiling Split.swift, Stride.swift (in target 'Algorithms' from project 'swift-algorithms')

SwiftDriver\ Compilation BitCollections normal x86_64 com.apple.xcode.tools.swift.compiler (in target 'BitCollections' from project 'swift-collections')
    cd /Users/aadityasingh/Documents/Development/element-x-ios/Chatlio.xcodeproj
    builtin-Swift-Compilation -- /Applications/Xcode.app/Contents/Developer/Toolchains/XcodeDefault.xctoolchain/usr/bin/swiftc -module-name BitCollections -Onone @/Users/aadityasingh/Library/Developer/Xcode/DerivedData/Chatlio-erkyzdeecsohoaggpwbjdvavzqfv/Build/Intermediates.noindex/swift-collections.build/Debug-iphonesimulator/BitCollections.build/Objects-normal/x86_64/BitCollections.SwiftFileList -DSWIFT_PACKAGE -DDEBUG -DSWIFT_MODULE_RESOURCE_BUNDLE_UNAVAILABLE -DCOLLECTIONS_RANDOMIZED_TESTING -DXcode -enable-experimental-feature AvailabilityMacro\=SwiftStdlib\ 5.0:\ macOS\ 10.14.4,\ iOS\ 12.2,\ watchOS\ 5.2,\ tvOS\ 12.2 -enable-experimental-feature AvailabilityMacro\=SwiftStdlib\ 5.1:\ macOS\ 10.15,\ iOS\ 13.0,\ watchOS\ 6.0,\ tvOS\ 13.0 -enable-experimental-feature AvailabilityMacro\=SwiftStdlib\ 5.6:\ macOS\ 12.3,\ iOS\ 15.4,\ watchOS\ 8.5,\ tvOS\ 15.4 -enable-experimental-feature AvailabilityMacro\=SwiftStdlib\ 5.8:\ macOS\ 13.3,\ iOS\ 16.4,\ watchOS\ 9.4,\ tvOS\ 16.4 -enable-experimental-feature AvailabilityMacro\=SwiftStdlib\ 5.9:\ macOS\ 14.0,\ iOS\ 17.0,\ watchOS\ 10.0,\ tvOS\ 17.0 -enable-experimental-feature AvailabilityMacro\=SwiftStdlib\ 5.10:\ macOS\ 14.4,\ iOS\ 17.4,\ watchOS\ 10.4,\ tvOS\ 17.4,\ visionOS\ 1.1 -enable-experimental-feature AvailabilityMacro\=SwiftStdlib\ 6.0:\ macOS\ 15.0,\ iOS\ 18.0,\ watchOS\ 11.0,\ tvOS\ 18.0,\ visionOS\ 2.0 -enable-experimental-feature AvailabilityMacro\=SwiftStdlib\ 6.1:\ macOS\ 15.4,\ iOS\ 18.4,\ watchOS\ 11.4,\ tvOS\ 18.4,\ visionOS\ 2.4 -enable-experimental-feature AvailabilityMacro\=SwiftStdlib\ 6.2:\ macOS\ 26.0,\ iOS\ 26.0,\ watchOS\ 26.0,\ tvOS\ 26.0,\ visionOS\ 26.0 -enable-upcoming-feature MemberImportVisibility -enable-experimental-feature BuiltinModule -enable-experimental-feature Lifetimes -enable-experimental-feature InoutLifetimeDependence -enable-experimental-feature SuppressedAssociatedTypes -plugin-path /Applications/Xcode.app/Contents/Developer/Toolchains/XcodeDefault.xctoolchain/usr/lib/swift/host/plugins/testing -enable-experimental-feature DebugDescriptionMacro -sdk /Applications/Xcode.app/Contents/Developer/Platforms/iPhoneSimulator.platform/Developer/SDKs/iPhoneSimulator26.4.sdk -target x86_64-apple-ios12.0-simulator -g -module-cache-path /Users/aadityasingh/Library/Developer/Xcode/DerivedData/ModuleCache.noindex -Xfrontend -serialize-debugging-options -profile-coverage-mapping -profile-generate -enable-testing -suppress-warnings -index-store-path /Users/aadityasingh/Library/Developer/Xcode/DerivedData/Chatlio-erkyzdeecsohoaggpwbjdvavzqfv/Index.noindex/DataStore -Xcc -D_LIBCPP_HARDENING_MODE\=_LIBCPP_HARDENING_MODE_DEBUG -swift-version 6 -I /Users/aadityasingh/Library/Developer/Xcode/DerivedData/Chatlio-erkyzdeecsohoaggpwbjdvavzqfv/Build/Products/Debug-iphonesimulator -Isystem /Applications/Xcode.app/Contents/Developer/Platforms/iPhoneSimulator.platform/Developer/usr/lib -F /Users/aadityasingh/Library/Developer/Xcode/DerivedData/Chatlio-erkyzdeecsohoaggpwbjdvavzqfv/Build/Products/Debug-iphonesimulator/PackageFrameworks -F /Users/aadityasingh/Library/Developer/Xcode/DerivedData/Chatlio-erkyzdeecsohoaggpwbjdvavzqfv/Build/Products/Debug-iphonesimulator -F /Applications/Xcode.app/Contents/Developer/Platforms/iPhoneSimulator.platform/Developer/Library/Frameworks -F /Applications/Xcode.app/Contents/Developer/Platforms/iPhoneSimulator.platform/Developer/SDKs/iPhoneSimulator26.4.sdk/Developer/Library/Frameworks -c -j12 -enable-batch-mode -incremental -Xcc -ivfsstatcache -Xcc /Users/aadityasingh/Library/Developer/Xcode/DerivedData/SDKStatCaches.noindex/iphonesimulator26.4-23E252-686eebb5dc1d8ecb277353a59184f4aa.sdkstatcache -output-file-map /Users/aadityasingh/Library/Developer/Xcode/DerivedData/Chatlio-erkyzdeecsohoaggpwbjdvavzqfv/Build/Intermediates.noindex/swift-collections.build/Debug-iphonesimulator/BitCollections.build/Objects-normal/x86_64/BitCollections-OutputFileMap.json -use-frontend-parseable-output -save-temps -no-color-diagnostics -explicit-module-build -module-cache-path /Users/aadityasingh/Library/Developer/Xcode/DerivedData/Chatlio-erkyzdeecsohoaggpwbjdvavzqfv/Build/Intermediates.noindex/SwiftExplicitPrecompiledModules -clang-scanner-module-cache-path /Users/aadityasingh/Library/Developer/Xcode/DerivedData/ModuleCache.noindex -sdk-module-cache-path /Users/aadityasingh/Library/Developer/Xcode/DerivedData/ModuleCache.noindex -serialize-diagnostics -emit-dependencies -emit-module -emit-module-path /Users/aadityasingh/Library/Developer/Xcode/DerivedData/Chatlio-erkyzdeecsohoaggpwbjdvavzqfv/Build/Intermediates.noindex/swift-collections.build/Debug-iphonesimulator/BitCollections.build/Objects-normal/x86_64/BitCollections.swiftmodule -user-module-version 1.3.0 -validate-clang-modules-once -clang-build-session-file /Users/aadityasingh/Library/Developer/Xcode/DerivedData/ModuleCache.noindex/Session.modulevalidation -package-name swift_collections -Xcc -I/Users/aadityasingh/Library/Developer/Xcode/DerivedData/Chatlio-erkyzdeecsohoaggpwbjdvavzqfv/Build/Intermediates.noindex/swift-collections.build/Debug-iphonesimulator/BitCollections.build/swift-overrides.hmap -emit-const-values -Xfrontend -const-gather-protocols-file -Xfrontend /Users/aadityasingh/Library/Developer/Xcode/DerivedData/Chatlio-erkyzdeecsohoaggpwbjdvavzqfv/Build/Intermediates.noindex/swift-collections.build/Debug-iphonesimulator/BitCollections.build/Objects-normal/x86_64/BitCollections_const_extract_protocols.json -Xcc -I/Users/aadityasingh/Library/Developer/Xcode/DerivedData/Chatlio-erkyzdeecsohoaggpwbjdvavzqfv/Build/Products/Debug-iphonesimulator/include -Xcc -I/Users/aadityasingh/Library/Developer/Xcode/DerivedData/Chatlio-erkyzdeecsohoaggpwbjdvavzqfv/Build/Intermediates.noindex/swift-collections.build/Debug-iphonesimulator/BitCollections.build/DerivedSources-normal/x86_64 -Xcc -I/Users/aadityasingh/Library/Developer/Xcode/DerivedData/Chatlio-erkyzdeecsohoaggpwbjdvavzqfv/Build/Intermediates.noindex/swift-collections.build/Debug-iphonesimulator/BitCollections.build/DerivedSources/x86_64 -Xcc -I/Users/aadityasingh/Library/Developer/Xcode/DerivedData/Chatlio-erkyzdeecsohoaggpwbjdvavzqfv/Build/Intermediates.noindex/swift-collections.build/Debug-iphonesimulator/BitCollections.build/DerivedSources -Xcc -DSWIFT_PACKAGE -Xcc -DDEBUG\=1 -emit-objc-header -emit-objc-header-path /Users/aadityasingh/Library/Developer/Xcode/DerivedData/Chatlio-erkyzdeecsohoaggpwbjdvavzqfv/Build/Intermediates.noindex/swift-collections.build/Debug-iphonesimulator/BitCollections.build/Objects-normal/x86_64/BitCollections-Swift.h -working-directory /Users/aadityasingh/Documents/Development/element-x-ios/Chatlio.xcodeproj -experimental-emit-module-separately -disable-cmo

SwiftCompile normal x86_64 Compiling\ Partition.swift,\ Permutations.swift /Users/aadityasingh/Library/Developer/Xcode/DerivedData/Chatlio-erkyzdeecsohoaggpwbjdvavzqfv/SourcePackages/checkouts/swift-algorithms/Sources/Algorithms/Partition.swift /Users/aadityasingh/Library/Developer/Xcode/DerivedData/Chatlio-erkyzdeecsohoaggpwbjdvavzqfv/SourcePackages/checkouts/swift-algorithms/Sources/Algorithms/Permutations.swift (in target 'Algorithms' from project 'swift-algorithms')

SwiftCompile normal x86_64 /Users/aadityasingh/Library/Developer/Xcode/DerivedData/Chatlio-erkyzdeecsohoaggpwbjdvavzqfv/SourcePackages/checkouts/swift-algorithms/Sources/Algorithms/Partition.swift (in target 'Algorithms' from project 'swift-algorithms')
    cd /Users/aadityasingh/Documents/Development/element-x-ios/Chatlio.xcodeproj
    

SwiftCompile normal x86_64 /Users/aadityasingh/Library/Developer/Xcode/DerivedData/Chatlio-erkyzdeecsohoaggpwbjdvavzqfv/SourcePackages/checkouts/swift-algorithms/Sources/Algorithms/Permutations.swift (in target 'Algorithms' from project 'swift-algorithms')
    cd /Users/aadityasingh/Documents/Development/element-x-ios/Chatlio.xcodeproj
    

SwiftCompile normal arm64 Compiling\ Combinations.swift,\ Compacted.swift,\ Cycle.swift /Users/aadityasingh/Library/Developer/Xcode/DerivedData/Chatlio-erkyzdeecsohoaggpwbjdvavzqfv/SourcePackages/checkouts/swift-algorithms/Sources/Algorithms/Combinations.swift /Users/aadityasingh/Library/Developer/Xcode/DerivedData/Chatlio-erkyzdeecsohoaggpwbjdvavzqfv/SourcePackages/checkouts/swift-algorithms/Sources/Algorithms/Compacted.swift /Users/aadityasingh/Library/Developer/Xcode/DerivedData/Chatlio-erkyzdeecsohoaggpwbjdvavzqfv/SourcePackages/checkouts/swift-algorithms/Sources/Algorithms/Cycle.swift (in target 'Algorithms' from project 'swift-algorithms')

SwiftCompile normal arm64 /Users/aadityasingh/Library/Developer/Xcode/DerivedData/Chatlio-erkyzdeecsohoaggpwbjdvavzqfv/SourcePackages/checkouts/swift-algorithms/Sources/Algorithms/Combinations.swift (in target 'Algorithms' from project 'swift-algorithms')
    cd /Users/aadityasingh/Documents/Development/element-x-ios/Chatlio.xcodeproj
    

SwiftCompile normal arm64 /Users/aadityasingh/Library/Developer/Xcode/DerivedData/Chatlio-erkyzdeecsohoaggpwbjdvavzqfv/SourcePackages/checkouts/swift-algorithms/Sources/Algorithms/Compacted.swift (in target 'Algorithms' from project 'swift-algorithms')
    cd /Users/aadityasingh/Documents/Development/element-x-ios/Chatlio.xcodeproj
    

SwiftCompile normal arm64 /Users/aadityasingh/Library/Developer/Xcode/DerivedData/Chatlio-erkyzdeecsohoaggpwbjdvavzqfv/SourcePackages/checkouts/swift-algorithms/Sources/Algorithms/Cycle.swift (in target 'Algorithms' from project 'swift-algorithms')
    cd /Users/aadityasingh/Documents/Development/element-x-ios/Chatlio.xcodeproj
    

SwiftDriverJobDiscovery normal arm64 Compiling Product.swift, RandomSample.swift (in target 'Algorithms' from project 'swift-algorithms')

SwiftCompile normal arm64 Compiling\ Reductions.swift,\ Rotate.swift /Users/aadityasingh/Library/Developer/Xcode/DerivedData/Chatlio-erkyzdeecsohoaggpwbjdvavzqfv/SourcePackages/checkouts/swift-algorithms/Sources/Algorithms/Reductions.swift /Users/aadityasingh/Library/Developer/Xcode/DerivedData/Chatlio-erkyzdeecsohoaggpwbjdvavzqfv/SourcePackages/checkouts/swift-algorithms/Sources/Algorithms/Rotate.swift (in target 'Algorithms' from project 'swift-algorithms')

SwiftCompile normal arm64 /Users/aadityasingh/Library/Developer/Xcode/DerivedData/Chatlio-erkyzdeecsohoaggpwbjdvavzqfv/SourcePackages/checkouts/swift-algorithms/Sources/Algorithms/Reductions.swift (in target 'Algorithms' from project 'swift-algorithms')
    cd /Users/aadityasingh/Documents/Development/element-x-ios/Chatlio.xcodeproj
    

SwiftCompile normal arm64 /Users/aadityasingh/Library/Developer/Xcode/DerivedData/Chatlio-erkyzdeecsohoaggpwbjdvavzqfv/SourcePackages/checkouts/swift-algorithms/Sources/Algorithms/Rotate.swift (in target 'Algorithms' from project 'swift-algorithms')
    cd /Users/aadityasingh/Documents/Development/element-x-ios/Chatlio.xcodeproj
    

SwiftDriverJobDiscovery normal x86_64 Compiling EitherSequence.swift, FirstNonNil.swift, FlattenCollection.swift (in target 'Algorithms' from project 'swift-algorithms')

SwiftCompile normal arm64 Compiling\ EitherSequence.swift,\ FirstNonNil.swift,\ FlattenCollection.swift /Users/aadityasingh/Library/Developer/Xcode/DerivedData/Chatlio-erkyzdeecsohoaggpwbjdvavzqfv/SourcePackages/checkouts/swift-algorithms/Sources/Algorithms/EitherSequence.swift /Users/aadityasingh/Library/Developer/Xcode/DerivedData/Chatlio-erkyzdeecsohoaggpwbjdvavzqfv/SourcePackages/checkouts/swift-algorithms/Sources/Algorithms/FirstNonNil.swift /Users/aadityasingh/Library/Developer/Xcode/DerivedData/Chatlio-erkyzdeecsohoaggpwbjdvavzqfv/SourcePackages/checkouts/swift-algorithms/Sources/Algorithms/FlattenCollection.swift (in target 'Algorithms' from project 'swift-algorithms')

SwiftCompile normal arm64 /Users/aadityasingh/Library/Developer/Xcode/DerivedData/Chatlio-erkyzdeecsohoaggpwbjdvavzqfv/SourcePackages/checkouts/swift-algorithms/Sources/Algorithms/EitherSequence.swift (in target 'Algorithms' from project 'swift-algorithms')
    cd /Users/aadityasingh/Documents/Development/element-x-ios/Chatlio.xcodeproj
    

SwiftCompile normal arm64 /Users/aadityasingh/Library/Developer/Xcode/DerivedData/Chatlio-erkyzdeecsohoaggpwbjdvavzqfv/SourcePackages/checkouts/swift-algorithms/Sources/Algorithms/FirstNonNil.swift (in target 'Algorithms' from project 'swift-algorithms')
    cd /Users/aadityasingh/Documents/Development/element-x-ios/Chatlio.xcodeproj
    

SwiftCompile normal arm64 /Users/aadityasingh/Library/Developer/Xcode/DerivedData/Chatlio-erkyzdeecsohoaggpwbjdvavzqfv/SourcePackages/checkouts/swift-algorithms/Sources/Algorithms/FlattenCollection.swift (in target 'Algorithms' from project 'swift-algorithms')
    cd /Users/aadityasingh/Documents/Development/element-x-ios/Chatlio.xcodeproj
    

SwiftDriverJobDiscovery normal arm64 Compiling Partition.swift, Permutations.swift (in target 'Algorithms' from project 'swift-algorithms')

SwiftCompile normal arm64 Compiling\ Grouped.swift,\ Indexed.swift /Users/aadityasingh/Library/Developer/Xcode/DerivedData/Chatlio-erkyzdeecsohoaggpwbjdvavzqfv/SourcePackages/checkouts/swift-algorithms/Sources/Algorithms/Grouped.swift /Users/aadityasingh/Library/Developer/Xcode/DerivedData/Chatlio-erkyzdeecsohoaggpwbjdvavzqfv/SourcePackages/checkouts/swift-algorithms/Sources/Algorithms/Indexed.swift (in target 'Algorithms' from project 'swift-algorithms')

SwiftCompile normal arm64 /Users/aadityasingh/Library/Developer/Xcode/DerivedData/Chatlio-erkyzdeecsohoaggpwbjdvavzqfv/SourcePackages/checkouts/swift-algorithms/Sources/Algorithms/Grouped.swift (in target 'Algorithms' from project 'swift-algorithms')
    cd /Users/aadityasingh/Documents/Development/element-x-ios/Chatlio.xcodeproj
    

SwiftCompile normal arm64 /Users/aadityasingh/Library/Developer/Xcode/DerivedData/Chatlio-erkyzdeecsohoaggpwbjdvavzqfv/SourcePackages/checkouts/swift-algorithms/Sources/Algorithms/Indexed.swift (in target 'Algorithms' from project 'swift-algorithms')
    cd /Users/aadityasingh/Documents/Development/element-x-ios/Chatlio.xcodeproj
    

SwiftDriverJobDiscovery normal x86_64 Compiling Split.swift, Stride.swift (in target 'Algorithms' from project 'swift-algorithms')

SwiftCompile normal x86_64 Compiling\ Suffix.swift,\ Trim.swift /Users/aadityasingh/Library/Developer/Xcode/DerivedData/Chatlio-erkyzdeecsohoaggpwbjdvavzqfv/SourcePackages/checkouts/swift-algorithms/Sources/Algorithms/Suffix.swift /Users/aadityasingh/Library/Developer/Xcode/DerivedData/Chatlio-erkyzdeecsohoaggpwbjdvavzqfv/SourcePackages/checkouts/swift-algorithms/Sources/Algorithms/Trim.swift (in target 'Algorithms' from project 'swift-algorithms')

SwiftCompile normal x86_64 /Users/aadityasingh/Library/Developer/Xcode/DerivedData/Chatlio-erkyzdeecsohoaggpwbjdvavzqfv/SourcePackages/checkouts/swift-algorithms/Sources/Algorithms/Suffix.swift (in target 'Algorithms' from project 'swift-algorithms')
    cd /Users/aadityasingh/Documents/Development/element-x-ios/Chatlio.xcodeproj
    

SwiftCompile normal x86_64 /Users/aadityasingh/Library/Developer/Xcode/DerivedData/Chatlio-erkyzdeecsohoaggpwbjdvavzqfv/SourcePackages/checkouts/swift-algorithms/Sources/Algorithms/Trim.swift (in target 'Algorithms' from project 'swift-algorithms')
    cd /Users/aadityasingh/Documents/Development/element-x-ios/Chatlio.xcodeproj
    

SwiftDriverJobDiscovery normal x86_64 Compiling Reductions.swift, Rotate.swift (in target 'Algorithms' from project 'swift-algorithms')

SwiftDriverJobDiscovery normal x86_64 Compiling Product.swift, RandomSample.swift (in target 'Algorithms' from project 'swift-algorithms')

ExtractAppIntentsMetadata (in target 'PostHog' from project 'PostHog')
    cd /Users/aadityasingh/Library/Developer/Xcode/DerivedData/Chatlio-erkyzdeecsohoaggpwbjdvavzqfv/SourcePackages/checkouts/posthog-ios
    /Applications/Xcode.app/Contents/Developer/Toolchains/XcodeDefault.xctoolchain/usr/bin/appintentsmetadataprocessor --toolchain-dir /Applications/Xcode.app/Contents/Developer/Toolchains/XcodeDefault.xctoolchain --module-name PostHog --sdk-root /Applications/Xcode.app/Contents/Developer/Platforms/iPhoneSimulator.platform/Developer/SDKs/iPhoneSimulator26.4.sdk --xcode-version 17E202 --platform-family iOS --deployment-target 13.0 --bundle-identifier posthog-ios.PostHog --output /Users/aadityasingh/Library/Developer/Xcode/DerivedData/Chatlio-erkyzdeecsohoaggpwbjdvavzqfv/Build/Products/Debug-iphonesimulator/PostHog.appintents --target-triple arm64-apple-ios13.0-simulator --target-triple x86_64-apple-ios13.0-simulator --binary-file /Users/aadityasingh/Library/Developer/Xcode/DerivedData/Chatlio-erkyzdeecsohoaggpwbjdvavzqfv/Build/Products/Debug-iphonesimulator/PostHog.o --dependency-file /Users/aadityasingh/Library/Developer/Xcode/DerivedData/Chatlio-erkyzdeecsohoaggpwbjdvavzqfv/Build/Intermediates.noindex/PostHog.build/Debug-iphonesimulator/PostHog.build/Objects-normal/arm64/PostHog_dependency_info.dat --dependency-file /Users/aadityasingh/Library/Developer/Xcode/DerivedData/Chatlio-erkyzdeecsohoaggpwbjdvavzqfv/Build/Intermediates.noindex/PostHog.build/Debug-iphonesimulator/PostHog.build/Objects-normal/x86_64/PostHog_dependency_info.dat --stringsdata-file /Users/aadityasingh/Library/Developer/Xcode/DerivedData/Chatlio-erkyzdeecsohoaggpwbjdvavzqfv/Build/Intermediates.noindex/PostHog.build/Debug-iphonesimulator/PostHog.build/Objects-normal/arm64/ExtractedAppShortcutsMetadata.stringsdata --stringsdata-file /Users/aadityasingh/Library/Developer/Xcode/DerivedData/Chatlio-erkyzdeecsohoaggpwbjdvavzqfv/Build/Intermediates.noindex/PostHog.build/Debug-iphonesimulator/PostHog.build/Objects-normal/x86_64/ExtractedAppShortcutsMetadata.stringsdata --source-file-list /Users/aadityasingh/Library/Developer/Xcode/DerivedData/Chatlio-erkyzdeecsohoaggpwbjdvavzqfv/Build/Intermediates.noindex/PostHog.build/Debug-iphonesimulator/PostHog.build/Objects-normal/arm64/PostHog.SwiftFileList --source-file-list /Users/aadityasingh/Library/Developer/Xcode/DerivedData/Chatlio-erkyzdeecsohoaggpwbjdvavzqfv/Build/Intermediates.noindex/PostHog.build/Debug-iphonesimulator/PostHog.build/Objects-normal/x86_64/PostHog.SwiftFileList --metadata-file-list /Users/aadityasingh/Library/Developer/Xcode/DerivedData/Chatlio-erkyzdeecsohoaggpwbjdvavzqfv/Build/Intermediates.noindex/PostHog.build/Debug-iphonesimulator/PostHog.build/PostHog.DependencyMetadataFileList --static-metadata-file-list /Users/aadityasingh/Library/Developer/Xcode/DerivedData/Chatlio-erkyzdeecsohoaggpwbjdvavzqfv/Build/Intermediates.noindex/PostHog.build/Debug-iphonesimulator/PostHog.build/PostHog.DependencyStaticMetadataFileList --swift-const-vals-list /Users/aadityasingh/Library/Developer/Xcode/DerivedData/Chatlio-erkyzdeecsohoaggpwbjdvavzqfv/Build/Intermediates.noindex/PostHog.build/Debug-iphonesimulator/PostHog.build/Objects-normal/arm64/PostHog.SwiftConstValuesFileList --swift-const-vals-list /Users/aadityasingh/Library/Developer/Xcode/DerivedData/Chatlio-erkyzdeecsohoaggpwbjdvavzqfv/Build/Intermediates.noindex/PostHog.build/Debug-iphonesimulator/PostHog.build/Objects-normal/x86_64/PostHog.SwiftConstValuesFileList --force --compile-time-extraction --deployment-aware-processing --validate-assistant-intents --no-app-shortcuts-localization
2026-05-11 23:03:59.156 appintentsmetadataprocessor[20548:2640172] Starting appintentsmetadataprocessor export
2026-05-11 23:03:59.209 appintentsmetadataprocessor[20548:2640172] Extracted no relevant App Intents symbols, skipping writing output

SwiftDriver DSWaveformImageViews normal arm64 com.apple.xcode.tools.swift.compiler (in target 'DSWaveformImageViews' from project 'DSWaveformImage')
    cd /Users/aadityasingh/Documents/Development/element-x-ios/Chatlio.xcodeproj
    builtin-SwiftDriver -- /Applications/Xcode.app/Contents/Developer/Toolchains/XcodeDefault.xctoolchain/usr/bin/swiftc -module-name DSWaveformImageViews -Onone @/Users/aadityasingh/Library/Developer/Xcode/DerivedData/Chatlio-erkyzdeecsohoaggpwbjdvavzqfv/Build/Intermediates.noindex/DSWaveformImage.build/Debug-iphonesimulator/DSWaveformImageViews.build/Objects-normal/arm64/DSWaveformImageViews.SwiftFileList -DSWIFT_PACKAGE -DDEBUG -DSWIFT_MODULE_RESOURCE_BUNDLE_UNAVAILABLE -DXcode -plugin-path /Applications/Xcode.app/Contents/Developer/Toolchains/XcodeDefault.xctoolchain/usr/lib/swift/host/plugins/testing -enable-experimental-feature DebugDescriptionMacro -sdk /Applications/Xcode.app/Contents/Developer/Platforms/iPhoneSimulator.platform/Developer/SDKs/iPhoneSimulator26.4.sdk -target arm64-apple-ios15.0-simulator -g -module-cache-path /Users/aadityasingh/Library/Developer/Xcode/DerivedData/ModuleCache.noindex -Xfrontend -serialize-debugging-options -profile-coverage-mapping -profile-generate -enable-testing -suppress-warnings -index-store-path /Users/aadityasingh/Library/Developer/Xcode/DerivedData/Chatlio-erkyzdeecsohoaggpwbjdvavzqfv/Index.noindex/DataStore -Xcc -D_LIBCPP_HARDENING_MODE\=_LIBCPP_HARDENING_MODE_DEBUG -swift-version 5 -I /Users/aadityasingh/Library/Developer/Xcode/DerivedData/Chatlio-erkyzdeecsohoaggpwbjdvavzqfv/Build/Products/Debug-iphonesimulator -Isystem /Applications/Xcode.app/Contents/Developer/Platforms/iPhoneSimulator.platform/Developer/usr/lib -F /Users/aadityasingh/Library/Developer/Xcode/DerivedData/Chatlio-erkyzdeecsohoaggpwbjdvavzqfv/Build/Products/Debug-iphonesimulator/PackageFrameworks -F /Users/aadityasingh/Library/Developer/Xcode/DerivedData/Chatlio-erkyzdeecsohoaggpwbjdvavzqfv/Build/Products/Debug-iphonesimulator -F /Applications/Xcode.app/Contents/Developer/Platforms/iPhoneSimulator.platform/Developer/Library/Frameworks -F /Applications/Xcode.app/Contents/Developer/Platforms/iPhoneSimulator.platform/Developer/SDKs/iPhoneSimulator26.4.sdk/Developer/Library/Frameworks -c -j12 -enable-batch-mode -incremental -Xcc -ivfsstatcache -Xcc /Users/aadityasingh/Library/Developer/Xcode/DerivedData/SDKStatCaches.noindex/iphonesimulator26.4-23E252-686eebb5dc1d8ecb277353a59184f4aa.sdkstatcache -output-file-map /Users/aadityasingh/Library/Developer/Xcode/DerivedData/Chatlio-erkyzdeecsohoaggpwbjdvavzqfv/Build/Intermediates.noindex/DSWaveformImage.build/Debug-iphonesimulator/DSWaveformImageViews.build/Objects-normal/arm64/DSWaveformImageViews-OutputFileMap.json -use-frontend-parseable-output -save-temps -no-color-diagnostics -explicit-module-build -module-cache-path /Users/aadityasingh/Library/Developer/Xcode/DerivedData/Chatlio-erkyzdeecsohoaggpwbjdvavzqfv/Build/Intermediates.noindex/SwiftExplicitPrecompiledModules -clang-scanner-module-cache-path /Users/aadityasingh/Library/Developer/Xcode/DerivedData/ModuleCache.noindex -sdk-module-cache-path /Users/aadityasingh/Library/Developer/Xcode/DerivedData/ModuleCache.noindex -serialize-diagnostics -emit-dependencies -emit-module -emit-module-path /Users/aadityasingh/Library/Developer/Xcode/DerivedData/Chatlio-erkyzdeecsohoaggpwbjdvavzqfv/Build/Intermediates.noindex/DSWaveformImage.build/Debug-iphonesimulator/DSWaveformImageViews.build/Objects-normal/arm64/DSWaveformImageViews.swiftmodule -validate-clang-modules-once -clang-build-session-file /Users/aadityasingh/Library/Developer/Xcode/DerivedData/ModuleCache.noindex/Session.modulevalidation -Xcc -I/Users/aadityasingh/Library/Developer/Xcode/DerivedData/Chatlio-erkyzdeecsohoaggpwbjdvavzqfv/Build/Intermediates.noindex/DSWaveformImage.build/Debug-iphonesimulator/DSWaveformImageViews.build/swift-overrides.hmap -emit-const-values -Xfrontend -const-gather-protocols-file -Xfrontend /Users/aadityasingh/Library/Developer/Xcode/DerivedData/Chatlio-erkyzdeecsohoaggpwbjdvavzqfv/Build/Intermediates.noindex/DSWaveformImage.build/Debug-iphonesimulator/DSWaveformImageViews.build/Objects-normal/arm64/DSWaveformImageViews_const_extract_protocols.json -Xcc -I/Users/aadityasingh/Library/Developer/Xcode/DerivedData/Chatlio-erkyzdeecsohoaggpwbjdvavzqfv/Build/Products/Debug-iphonesimulator/include -Xcc -I/Users/aadityasingh/Library/Developer/Xcode/DerivedData/Chatlio-erkyzdeecsohoaggpwbjdvavzqfv/Build/Intermediates.noindex/DSWaveformImage.build/Debug-iphonesimulator/DSWaveformImageViews.build/DerivedSources-normal/arm64 -Xcc -I/Users/aadityasingh/Library/Developer/Xcode/DerivedData/Chatlio-erkyzdeecsohoaggpwbjdvavzqfv/Build/Intermediates.noindex/DSWaveformImage.build/Debug-iphonesimulator/DSWaveformImageViews.build/DerivedSources/arm64 -Xcc -I/Users/aadityasingh/Library/Developer/Xcode/DerivedData/Chatlio-erkyzdeecsohoaggpwbjdvavzqfv/Build/Intermediates.noindex/DSWaveformImage.build/Debug-iphonesimulator/DSWaveformImageViews.build/DerivedSources -Xcc -DSWIFT_PACKAGE -Xcc -DDEBUG\=1 -emit-objc-header -emit-objc-header-path /Users/aadityasingh/Library/Developer/Xcode/DerivedData/Chatlio-erkyzdeecsohoaggpwbjdvavzqfv/Build/Intermediates.noindex/DSWaveformImage.build/Debug-iphonesimulator/DSWaveformImageViews.build/Objects-normal/arm64/DSWaveformImageViews-Swift.h -working-directory /Users/aadityasingh/Documents/Development/element-x-ios/Chatlio.xcodeproj -experimental-emit-module-separately -disable-cmo
warning: next compile won't be incremental; could not write dependency graph: Could not write to /Users/aadityasingh/Library/Developer/Xcode/DerivedData/Chatlio-erkyzdeecsohoaggpwbjdvavzqfv/Build/Intermediates.noindex/PostHog.build/Debug-iphonesimulator/PostHog.build/Objects-normal/x86_64/PostHog-primary.priors, error: The folder “PostHog-primary.priors” doesn’t exist.
warning: next compile won't be incremental; could not write dependency graph: Could not write to /Users/aadityasingh/Library/Developer/Xcode/DerivedData/Chatlio-erkyzdeecsohoaggpwbjdvavzqfv/Build/Intermediates.noindex/DSWaveformImage.build/Debug-iphonesimulator/DSWaveformImageViews.build/Objects-normal/x86_64/DSWaveformImageViews-primary.priors, error: The folder “DSWaveformImageViews-primary.priors” doesn’t exist.
warning: next compile won't be incremental; could not write dependency graph: Could not write to /Users/aadityasingh/Library/Developer/Xcode/DerivedData/Chatlio-erkyzdeecsohoaggpwbjdvavzqfv/Build/Intermediates.noindex/Kingfisher.build/Debug-iphonesimulator/Kingfisher.build/Objects-normal/arm64/Kingfisher-primary.priors, error: The folder “Kingfisher-primary.priors” doesn’t exist.
warning: next compile won't be incremental; could not write dependency graph: Could not write to /Users/aadityasingh/Library/Developer/Xcode/DerivedData/Chatlio-erkyzdeecsohoaggpwbjdvavzqfv/Build/Intermediates.noindex/swift-async-algorithms.build/Debug-iphonesimulator/AsyncAlgorithms.build/Objects-normal/x86_64/AsyncAlgorithms-primary.priors, error: The folder “AsyncAlgorithms-primary.priors” doesn’t exist.
warning: next compile won't be incremental; could not write dependency graph: Could not write to /Users/aadityasingh/Library/Developer/Xcode/DerivedData/Chatlio-erkyzdeecsohoaggpwbjdvavzqfv/Build/Intermediates.noindex/DSWaveformImage.build/Debug-iphonesimulator/DSWaveformImageViews.build/Objects-normal/arm64/DSWaveformImageViews-primary.priors, error: The folder “DSWaveformImageViews-primary.priors” doesn’t exist.
error: The file “DSWaveformImageViews-dependencies-2.json” doesn’t exist. (in target 'DSWaveformImageViews' from project 'DSWaveformImage')
warning: Next compile won't be incremental; could not write dependency graph: Could not write to /Users/aadityasingh/Library/Developer/Xcode/DerivedData/Chatlio-erkyzdeecsohoaggpwbjdvavzqfv/Build/Intermediates.noindex/DSWaveformImage.build/Debug-iphonesimulator/DSWaveformImageViews.build/Objects-normal/arm64/DSWaveformImageViews-primary.priors, error: The folder “DSWaveformImageViews-primary.priors” doesn’t exist. (in target 'DSWaveformImageViews' from project 'DSWaveformImage')

SwiftDriverJobDiscovery normal x86_64 Compiling Combinations.swift, Compacted.swift, Cycle.swift (in target 'Algorithms' from project 'swift-algorithms')

SwiftDriver DSWaveformImageViews normal x86_64 com.apple.xcode.tools.swift.compiler (in target 'DSWaveformImageViews' from project 'DSWaveformImage')
    cd /Users/aadityasingh/Documents/Development/element-x-ios/Chatlio.xcodeproj
    builtin-SwiftDriver -- /Applications/Xcode.app/Contents/Developer/Toolchains/XcodeDefault.xctoolchain/usr/bin/swiftc -module-name DSWaveformImageViews -Onone @/Users/aadityasingh/Library/Developer/Xcode/DerivedData/Chatlio-erkyzdeecsohoaggpwbjdvavzqfv/Build/Intermediates.noindex/DSWaveformImage.build/Debug-iphonesimulator/DSWaveformImageViews.build/Objects-normal/x86_64/DSWaveformImageViews.SwiftFileList -DSWIFT_PACKAGE -DDEBUG -DSWIFT_MODULE_RESOURCE_BUNDLE_UNAVAILABLE -DXcode -plugin-path /Applications/Xcode.app/Contents/Developer/Toolchains/XcodeDefault.xctoolchain/usr/lib/swift/host/plugins/testing -enable-experimental-feature DebugDescriptionMacro -sdk /Applications/Xcode.app/Contents/Developer/Platforms/iPhoneSimulator.platform/Developer/SDKs/iPhoneSimulator26.4.sdk -target x86_64-apple-ios15.0-simulator -g -module-cache-path /Users/aadityasingh/Library/Developer/Xcode/DerivedData/ModuleCache.noindex -Xfrontend -serialize-debugging-options -profile-coverage-mapping -profile-generate -enable-testing -suppress-warnings -index-store-path /Users/aadityasingh/Library/Developer/Xcode/DerivedData/Chatlio-erkyzdeecsohoaggpwbjdvavzqfv/Index.noindex/DataStore -Xcc -D_LIBCPP_HARDENING_MODE\=_LIBCPP_HARDENING_MODE_DEBUG -swift-version 5 -I /Users/aadityasingh/Library/Developer/Xcode/DerivedData/Chatlio-erkyzdeecsohoaggpwbjdvavzqfv/Build/Products/Debug-iphonesimulator -Isystem /Applications/Xcode.app/Contents/Developer/Platforms/iPhoneSimulator.platform/Developer/usr/lib -F /Users/aadityasingh/Library/Developer/Xcode/DerivedData/Chatlio-erkyzdeecsohoaggpwbjdvavzqfv/Build/Products/Debug-iphonesimulator/PackageFrameworks -F /Users/aadityasingh/Library/Developer/Xcode/DerivedData/Chatlio-erkyzdeecsohoaggpwbjdvavzqfv/Build/Products/Debug-iphonesimulator -F /Applications/Xcode.app/Contents/Developer/Platforms/iPhoneSimulator.platform/Developer/Library/Frameworks -F /Applications/Xcode.app/Contents/Developer/Platforms/iPhoneSimulator.platform/Developer/SDKs/iPhoneSimulator26.4.sdk/Developer/Library/Frameworks -c -j12 -enable-batch-mode -incremental -Xcc -ivfsstatcache -Xcc /Users/aadityasingh/Library/Developer/Xcode/DerivedData/SDKStatCaches.noindex/iphonesimulator26.4-23E252-686eebb5dc1d8ecb277353a59184f4aa.sdkstatcache -output-file-map /Users/aadityasingh/Library/Developer/Xcode/DerivedData/Chatlio-erkyzdeecsohoaggpwbjdvavzqfv/Build/Intermediates.noindex/DSWaveformImage.build/Debug-iphonesimulator/DSWaveformImageViews.build/Objects-normal/x86_64/DSWaveformImageViews-OutputFileMap.json -use-frontend-parseable-output -save-temps -no-color-diagnostics -explicit-module-build -module-cache-path /Users/aadityasingh/Library/Developer/Xcode/DerivedData/Chatlio-erkyzdeecsohoaggpwbjdvavzqfv/Build/Intermediates.noindex/SwiftExplicitPrecompiledModules -clang-scanner-module-cache-path /Users/aadityasingh/Library/Developer/Xcode/DerivedData/ModuleCache.noindex -sdk-module-cache-path /Users/aadityasingh/Library/Developer/Xcode/DerivedData/ModuleCache.noindex -serialize-diagnostics -emit-dependencies -emit-module -emit-module-path /Users/aadityasingh/Library/Developer/Xcode/DerivedData/Chatlio-erkyzdeecsohoaggpwbjdvavzqfv/Build/Intermediates.noindex/DSWaveformImage.build/Debug-iphonesimulator/DSWaveformImageViews.build/Objects-normal/x86_64/DSWaveformImageViews.swiftmodule -validate-clang-modules-once -clang-build-session-file /Users/aadityasingh/Library/Developer/Xcode/DerivedData/ModuleCache.noindex/Session.modulevalidation -Xcc -I/Users/aadityasingh/Library/Developer/Xcode/DerivedData/Chatlio-erkyzdeecsohoaggpwbjdvavzqfv/Build/Intermediates.noindex/DSWaveformImage.build/Debug-iphonesimulator/DSWaveformImageViews.build/swift-overrides.hmap -emit-const-values -Xfrontend -const-gather-protocols-file -Xfrontend /Users/aadityasingh/Library/Developer/Xcode/DerivedData/Chatlio-erkyzdeecsohoaggpwbjdvavzqfv/Build/Intermediates.noindex/DSWaveformImage.build/Debug-iphonesimulator/DSWaveformImageViews.build/Objects-normal/x86_64/DSWaveformImageViews_const_extract_protocols.json -Xcc -I/Users/aadityasingh/Library/Developer/Xcode/DerivedData/Chatlio-erkyzdeecsohoaggpwbjdvavzqfv/Build/Products/Debug-iphonesimulator/include -Xcc -I/Users/aadityasingh/Library/Developer/Xcode/DerivedData/Chatlio-erkyzdeecsohoaggpwbjdvavzqfv/Build/Intermediates.noindex/DSWaveformImage.build/Debug-iphonesimulator/DSWaveformImageViews.build/DerivedSources-normal/x86_64 -Xcc -I/Users/aadityasingh/Library/Developer/Xcode/DerivedData/Chatlio-erkyzdeecsohoaggpwbjdvavzqfv/Build/Intermediates.noindex/DSWaveformImage.build/Debug-iphonesimulator/DSWaveformImageViews.build/DerivedSources/x86_64 -Xcc -I/Users/aadityasingh/Library/Developer/Xcode/DerivedData/Chatlio-erkyzdeecsohoaggpwbjdvavzqfv/Build/Intermediates.noindex/DSWaveformImage.build/Debug-iphonesimulator/DSWaveformImageViews.build/DerivedSources -Xcc -DSWIFT_PACKAGE -Xcc -DDEBUG\=1 -emit-objc-header -emit-objc-header-path /Users/aadityasingh/Library/Developer/Xcode/DerivedData/Chatlio-erkyzdeecsohoaggpwbjdvavzqfv/Build/Intermediates.noindex/DSWaveformImage.build/Debug-iphonesimulator/DSWaveformImageViews.build/Objects-normal/x86_64/DSWaveformImageViews-Swift.h -working-directory /Users/aadityasingh/Documents/Development/element-x-ios/Chatlio.xcodeproj -experimental-emit-module-separately -disable-cmo
error: The file “DSWaveformImageViews-dependencies-1.json” doesn’t exist. (in target 'DSWaveformImageViews' from project 'DSWaveformImage')
warning: Next compile won't be incremental; could not write dependency graph: Could not write to /Users/aadityasingh/Library/Developer/Xcode/DerivedData/Chatlio-erkyzdeecsohoaggpwbjdvavzqfv/Build/Intermediates.noindex/DSWaveformImage.build/Debug-iphonesimulator/DSWaveformImageViews.build/Objects-normal/x86_64/DSWaveformImageViews-primary.priors, error: The folder “DSWaveformImageViews-primary.priors” doesn’t exist. (in target 'DSWaveformImageViews' from project 'DSWaveformImage')

SwiftDriverJobDiscovery normal arm64 Compiling Grouped.swift, Indexed.swift (in target 'Algorithms' from project 'swift-algorithms')

ExtractAppIntentsMetadata (in target 'Kingfisher' from project 'Kingfisher')
    cd /Users/aadityasingh/Library/Developer/Xcode/DerivedData/Chatlio-erkyzdeecsohoaggpwbjdvavzqfv/SourcePackages/checkouts/Kingfisher
    /Applications/Xcode.app/Contents/Developer/Toolchains/XcodeDefault.xctoolchain/usr/bin/appintentsmetadataprocessor --toolchain-dir /Applications/Xcode.app/Contents/Developer/Toolchains/XcodeDefault.xctoolchain --module-name Kingfisher --sdk-root /Applications/Xcode.app/Contents/Developer/Platforms/iPhoneSimulator.platform/Developer/SDKs/iPhoneSimulator26.4.sdk --xcode-version 17E202 --platform-family iOS --deployment-target 13.0 --bundle-identifier kingfisher.Kingfisher --output /Users/aadityasingh/Library/Developer/Xcode/DerivedData/Chatlio-erkyzdeecsohoaggpwbjdvavzqfv/Build/Products/Debug-iphonesimulator/Kingfisher.appintents --target-triple arm64-apple-ios13.0-simulator --target-triple x86_64-apple-ios13.0-simulator --binary-file /Users/aadityasingh/Library/Developer/Xcode/DerivedData/Chatlio-erkyzdeecsohoaggpwbjdvavzqfv/Build/Products/Debug-iphonesimulator/Kingfisher.o --dependency-file /Users/aadityasingh/Library/Developer/Xcode/DerivedData/Chatlio-erkyzdeecsohoaggpwbjdvavzqfv/Build/Intermediates.noindex/Kingfisher.build/Debug-iphonesimulator/Kingfisher.build/Objects-normal/arm64/Kingfisher_dependency_info.dat --dependency-file /Users/aadityasingh/Library/Developer/Xcode/DerivedData/Chatlio-erkyzdeecsohoaggpwbjdvavzqfv/Build/Intermediates.noindex/Kingfisher.build/Debug-iphonesimulator/Kingfisher.build/Objects-normal/x86_64/Kingfisher_dependency_info.dat --stringsdata-file /Users/aadityasingh/Library/Developer/Xcode/DerivedData/Chatlio-erkyzdeecsohoaggpwbjdvavzqfv/Build/Intermediates.noindex/Kingfisher.build/Debug-iphonesimulator/Kingfisher.build/Objects-normal/arm64/ExtractedAppShortcutsMetadata.stringsdata --stringsdata-file /Users/aadityasingh/Library/Developer/Xcode/DerivedData/Chatlio-erkyzdeecsohoaggpwbjdvavzqfv/Build/Intermediates.noindex/Kingfisher.build/Debug-iphonesimulator/Kingfisher.build/Objects-normal/x86_64/ExtractedAppShortcutsMetadata.stringsdata --source-file-list /Users/aadityasingh/Library/Developer/Xcode/DerivedData/Chatlio-erkyzdeecsohoaggpwbjdvavzqfv/Build/Intermediates.noindex/Kingfisher.build/Debug-iphonesimulator/Kingfisher.build/Objects-normal/arm64/Kingfisher.SwiftFileList --source-file-list /Users/aadityasingh/Library/Developer/Xcode/DerivedData/Chatlio-erkyzdeecsohoaggpwbjdvavzqfv/Build/Intermediates.noindex/Kingfisher.build/Debug-iphonesimulator/Kingfisher.build/Objects-normal/x86_64/Kingfisher.SwiftFileList --metadata-file-list /Users/aadityasingh/Library/Developer/Xcode/DerivedData/Chatlio-erkyzdeecsohoaggpwbjdvavzqfv/Build/Intermediates.noindex/Kingfisher.build/Debug-iphonesimulator/Kingfisher.build/Kingfisher.DependencyMetadataFileList --static-metadata-file-list /Users/aadityasingh/Library/Developer/Xcode/DerivedData/Chatlio-erkyzdeecsohoaggpwbjdvavzqfv/Build/Intermediates.noindex/Kingfisher.build/Debug-iphonesimulator/Kingfisher.build/Kingfisher.DependencyStaticMetadataFileList --swift-const-vals-list /Users/aadityasingh/Library/Developer/Xcode/DerivedData/Chatlio-erkyzdeecsohoaggpwbjdvavzqfv/Build/Intermediates.noindex/Kingfisher.build/Debug-iphonesimulator/Kingfisher.build/Objects-normal/arm64/Kingfisher.SwiftConstValuesFileList --swift-const-vals-list /Users/aadityasingh/Library/Developer/Xcode/DerivedData/Chatlio-erkyzdeecsohoaggpwbjdvavzqfv/Build/Intermediates.noindex/Kingfisher.build/Debug-iphonesimulator/Kingfisher.build/Objects-normal/x86_64/Kingfisher.SwiftConstValuesFileList --force --compile-time-extraction --deployment-aware-processing --validate-assistant-intents --no-app-shortcuts-localization
2026-05-11 23:03:59.189 appintentsmetadataprocessor[20549:2640173] Starting appintentsmetadataprocessor export
2026-05-11 23:03:59.225 appintentsmetadataprocessor[20549:2640173] Extracted no relevant App Intents symbols, skipping writing output

SwiftDriverJobDiscovery normal arm64 Compiling Reductions.swift, Rotate.swift (in target 'Algorithms' from project 'swift-algorithms')

RegisterExecutionPolicyException /Users/aadityasingh/Library/Developer/Xcode/DerivedData/Chatlio-erkyzdeecsohoaggpwbjdvavzqfv/Build/Products/Debug-iphonesimulator/Emojibase_Emojibase.bundle (in target 'Emojibase_Emojibase' from project 'Emojibase')
    cd /Users/aadityasingh/Library/Developer/Xcode/DerivedData/Chatlio-erkyzdeecsohoaggpwbjdvavzqfv/SourcePackages/checkouts/emojibase-bindings
    builtin-RegisterExecutionPolicyException /Users/aadityasingh/Library/Developer/Xcode/DerivedData/Chatlio-erkyzdeecsohoaggpwbjdvavzqfv/Build/Products/Debug-iphonesimulator/Emojibase_Emojibase.bundle

SwiftDriverJobDiscovery normal x86_64 Compiling Partition.swift, Permutations.swift (in target 'Algorithms' from project 'swift-algorithms')

RegisterExecutionPolicyException /Users/aadityasingh/Library/Developer/Xcode/DerivedData/Chatlio-erkyzdeecsohoaggpwbjdvavzqfv/Build/Products/Debug-iphonesimulator/EmbeddedElementCall_EmbeddedElementCall.bundle (in target 'EmbeddedElementCall_EmbeddedElementCall' from project 'EmbeddedElementCall')
    cd /Users/aadityasingh/Library/Developer/Xcode/DerivedData/Chatlio-erkyzdeecsohoaggpwbjdvavzqfv/SourcePackages/checkouts/element-call-swift
    builtin-RegisterExecutionPolicyException /Users/aadityasingh/Library/Developer/Xcode/DerivedData/Chatlio-erkyzdeecsohoaggpwbjdvavzqfv/Build/Products/Debug-iphonesimulator/EmbeddedElementCall_EmbeddedElementCall.bundle

CodeSign /Users/aadityasingh/Library/Developer/Xcode/DerivedData/Chatlio-erkyzdeecsohoaggpwbjdvavzqfv/Build/Products/Debug-iphonesimulator/DeviceKit_DeviceKit.bundle (in target 'DeviceKit_DeviceKit' from project 'DeviceKit')
    cd /Users/aadityasingh/Library/Developer/Xcode/DerivedData/Chatlio-erkyzdeecsohoaggpwbjdvavzqfv/SourcePackages/checkouts/DeviceKit
    
    Signing Identity:     "Sign to Run Locally"
    
    /usr/bin/codesign --force --sign - --timestamp\=none --generate-entitlement-der /Users/aadityasingh/Library/Developer/Xcode/DerivedData/Chatlio-erkyzdeecsohoaggpwbjdvavzqfv/Build/Products/Debug-iphonesimulator/DeviceKit_DeviceKit.bundle

RegisterExecutionPolicyException /Users/aadityasingh/Library/Developer/Xcode/DerivedData/Chatlio-erkyzdeecsohoaggpwbjdvavzqfv/Build/Products/Debug-iphonesimulator/Flow.o (in target 'Flow' from project 'Flow')
    cd /Users/aadityasingh/Library/Developer/Xcode/DerivedData/Chatlio-erkyzdeecsohoaggpwbjdvavzqfv/SourcePackages/checkouts/SwiftUI-Flow
    builtin-RegisterExecutionPolicyException /Users/aadityasingh/Library/Developer/Xcode/DerivedData/Chatlio-erkyzdeecsohoaggpwbjdvavzqfv/Build/Products/Debug-iphonesimulator/Flow.o

CodeSign /Users/aadityasingh/Library/Developer/Xcode/DerivedData/Chatlio-erkyzdeecsohoaggpwbjdvavzqfv/Build/Products/Debug-iphonesimulator/DTCoreText_DTCoreText.bundle (in target 'DTCoreText_DTCoreText' from project 'DTCoreText')
    cd /Users/aadityasingh/Library/Developer/Xcode/DerivedData/Chatlio-erkyzdeecsohoaggpwbjdvavzqfv/SourcePackages/checkouts/DTCoreText
    
    Signing Identity:     "Sign to Run Locally"
    
    /usr/bin/codesign --force --sign - --timestamp\=none --generate-entitlement-der /Users/aadityasingh/Library/Developer/Xcode/DerivedData/Chatlio-erkyzdeecsohoaggpwbjdvavzqfv/Build/Products/Debug-iphonesimulator/DTCoreText_DTCoreText.bundle

SwiftDriverJobDiscovery normal x86_64 Compiling Suffix.swift, Trim.swift (in target 'Algorithms' from project 'swift-algorithms')

Ld /Users/aadityasingh/Library/Developer/Xcode/DerivedData/Chatlio-erkyzdeecsohoaggpwbjdvavzqfv/Build/Intermediates.noindex/swift-collections.build/Debug-iphonesimulator/_RopeModule.build/Objects-normal/x86_64/Binary/_RopeModule.o normal x86_64 (in target '_RopeModule' from project 'swift-collections')
    cd /Users/aadityasingh/Library/Developer/Xcode/DerivedData/Chatlio-erkyzdeecsohoaggpwbjdvavzqfv/SourcePackages/checkouts/swift-collections
    /Applications/Xcode.app/Contents/Developer/Toolchains/XcodeDefault.xctoolchain/usr/bin/clang -Xlinker -reproducible -target x86_64-apple-ios12.0-simulator -r -isysroot /Applications/Xcode.app/Contents/Developer/Platforms/iPhoneSimulator.platform/Developer/SDKs/iPhoneSimulator26.4.sdk -O0 -w -F/Users/aadityasingh/Library/Developer/Xcode/DerivedData/Chatlio-erkyzdeecsohoaggpwbjdvavzqfv/Build/Intermediates.noindex/EagerLinkingTBDs/Debug-iphonesimulator -F/Users/aadityasingh/Library/Developer/Xcode/DerivedData/Chatlio-erkyzdeecsohoaggpwbjdvavzqfv/Build/Products/Debug-iphonesimulator/PackageFrameworks -F/Users/aadityasingh/Library/Developer/Xcode/DerivedData/Chatlio-erkyzdeecsohoaggpwbjdvavzqfv/Build/Products/Debug-iphonesimulator -iframework /Applications/Xcode.app/Contents/Developer/Platforms/iPhoneSimulator.platform/Developer/Library/Frameworks -iframework /Applications/Xcode.app/Contents/Developer/Platforms/iPhoneSimulator.platform/Developer/SDKs/iPhoneSimulator26.4.sdk/Developer/Library/Frameworks -filelist /Users/aadityasingh/Library/Developer/Xcode/DerivedData/Chatlio-erkyzdeecsohoaggpwbjdvavzqfv/Build/Intermediates.noindex/swift-collections.build/Debug-iphonesimulator/_RopeModule.build/Objects-normal/x86_64/_RopeModule.LinkFileList -nostdlib -Xlinker -object_path_lto -Xlinker /Users/aadityasingh/Library/Developer/Xcode/DerivedData/Chatlio-erkyzdeecsohoaggpwbjdvavzqfv/Build/Intermediates.noindex/swift-collections.build/Debug-iphonesimulator/_RopeModule.build/Objects-normal/x86_64/_RopeModule_lto.o -Xlinker -no_deduplicate -Xlinker -objc_abi_version -Xlinker 2 -Xlinker -debug_variant -Xlinker -dependency_info -Xlinker /Users/aadityasingh/Library/Developer/Xcode/DerivedData/Chatlio-erkyzdeecsohoaggpwbjdvavzqfv/Build/Intermediates.noindex/swift-collections.build/Debug-iphonesimulator/_RopeModule.build/Objects-normal/x86_64/_RopeModule_dependency_info.dat -fobjc-link-runtime -L/Applications/Xcode.app/Contents/Developer/Toolchains/XcodeDefault.xctoolchain/usr/lib/swift/iphonesimulator -L/usr/lib/swift -Xlinker -add_ast_path -Xlinker /Users/aadityasingh/Library/Developer/Xcode/DerivedData/Chatlio-erkyzdeecsohoaggpwbjdvavzqfv/Build/Intermediates.noindex/swift-collections.build/Debug-iphonesimulator/_RopeModule.build/Objects-normal/x86_64/_RopeModule.swiftmodule @/Users/aadityasingh/Library/Developer/Xcode/DerivedData/Chatlio-erkyzdeecsohoaggpwbjdvavzqfv/Build/Intermediates.noindex/swift-collections.build/Debug-iphonesimulator/_RopeModule.build/Objects-normal/x86_64/_RopeModule-linker-args.resp -o /Users/aadityasingh/Library/Developer/Xcode/DerivedData/Chatlio-erkyzdeecsohoaggpwbjdvavzqfv/Build/Intermediates.noindex/swift-collections.build/Debug-iphonesimulator/_RopeModule.build/Objects-normal/x86_64/Binary/_RopeModule.o

Ld /Users/aadityasingh/Library/Developer/Xcode/DerivedData/Chatlio-erkyzdeecsohoaggpwbjdvavzqfv/Build/Intermediates.noindex/swift-collections.build/Debug-iphonesimulator/_RopeModule.build/Objects-normal/arm64/Binary/_RopeModule.o normal arm64 (in target '_RopeModule' from project 'swift-collections')
    cd /Users/aadityasingh/Library/Developer/Xcode/DerivedData/Chatlio-erkyzdeecsohoaggpwbjdvavzqfv/SourcePackages/checkouts/swift-collections
    /Applications/Xcode.app/Contents/Developer/Toolchains/XcodeDefault.xctoolchain/usr/bin/clang -Xlinker -reproducible -target arm64-apple-ios12.0-simulator -r -isysroot /Applications/Xcode.app/Contents/Developer/Platforms/iPhoneSimulator.platform/Developer/SDKs/iPhoneSimulator26.4.sdk -O0 -w -F/Users/aadityasingh/Library/Developer/Xcode/DerivedData/Chatlio-erkyzdeecsohoaggpwbjdvavzqfv/Build/Intermediates.noindex/EagerLinkingTBDs/Debug-iphonesimulator -F/Users/aadityasingh/Library/Developer/Xcode/DerivedData/Chatlio-erkyzdeecsohoaggpwbjdvavzqfv/Build/Products/Debug-iphonesimulator/PackageFrameworks -F/Users/aadityasingh/Library/Developer/Xcode/DerivedData/Chatlio-erkyzdeecsohoaggpwbjdvavzqfv/Build/Products/Debug-iphonesimulator -iframework /Applications/Xcode.app/Contents/Developer/Platforms/iPhoneSimulator.platform/Developer/Library/Frameworks -iframework /Applications/Xcode.app/Contents/Developer/Platforms/iPhoneSimulator.platform/Developer/SDKs/iPhoneSimulator26.4.sdk/Developer/Library/Frameworks -filelist /Users/aadityasingh/Library/Developer/Xcode/DerivedData/Chatlio-erkyzdeecsohoaggpwbjdvavzqfv/Build/Intermediates.noindex/swift-collections.build/Debug-iphonesimulator/_RopeModule.build/Objects-normal/arm64/_RopeModule.LinkFileList -nostdlib -Xlinker -object_path_lto -Xlinker /Users/aadityasingh/Library/Developer/Xcode/DerivedData/Chatlio-erkyzdeecsohoaggpwbjdvavzqfv/Build/Intermediates.noindex/swift-collections.build/Debug-iphonesimulator/_RopeModule.build/Objects-normal/arm64/_RopeModule_lto.o -Xlinker -no_deduplicate -Xlinker -objc_abi_version -Xlinker 2 -Xlinker -debug_variant -Xlinker -dependency_info -Xlinker /Users/aadityasingh/Library/Developer/Xcode/DerivedData/Chatlio-erkyzdeecsohoaggpwbjdvavzqfv/Build/Intermediates.noindex/swift-collections.build/Debug-iphonesimulator/_RopeModule.build/Objects-normal/arm64/_RopeModule_dependency_info.dat -fobjc-link-runtime -L/Applications/Xcode.app/Contents/Developer/Toolchains/XcodeDefault.xctoolchain/usr/lib/swift/iphonesimulator -L/usr/lib/swift -Xlinker -add_ast_path -Xlinker /Users/aadityasingh/Library/Developer/Xcode/DerivedData/Chatlio-erkyzdeecsohoaggpwbjdvavzqfv/Build/Intermediates.noindex/swift-collections.build/Debug-iphonesimulator/_RopeModule.build/Objects-normal/arm64/_RopeModule.swiftmodule @/Users/aadityasingh/Library/Developer/Xcode/DerivedData/Chatlio-erkyzdeecsohoaggpwbjdvavzqfv/Build/Intermediates.noindex/swift-collections.build/Debug-iphonesimulator/_RopeModule.build/Objects-normal/arm64/_RopeModule-linker-args.resp -o /Users/aadityasingh/Library/Developer/Xcode/DerivedData/Chatlio-erkyzdeecsohoaggpwbjdvavzqfv/Build/Intermediates.noindex/swift-collections.build/Debug-iphonesimulator/_RopeModule.build/Objects-normal/arm64/Binary/_RopeModule.o

Ld /Users/aadityasingh/Library/Developer/Xcode/DerivedData/Chatlio-erkyzdeecsohoaggpwbjdvavzqfv/Build/Intermediates.noindex/swift-collections.build/Debug-iphonesimulator/OrderedCollections.build/Objects-normal/x86_64/Binary/OrderedCollections.o normal x86_64 (in target 'OrderedCollections' from project 'swift-collections')
    cd /Users/aadityasingh/Library/Developer/Xcode/DerivedData/Chatlio-erkyzdeecsohoaggpwbjdvavzqfv/SourcePackages/checkouts/swift-collections
    /Applications/Xcode.app/Contents/Developer/Toolchains/XcodeDefault.xctoolchain/usr/bin/clang -Xlinker -reproducible -target x86_64-apple-ios12.0-simulator -r -isysroot /Applications/Xcode.app/Contents/Developer/Platforms/iPhoneSimulator.platform/Developer/SDKs/iPhoneSimulator26.4.sdk -O0 -w -F/Users/aadityasingh/Library/Developer/Xcode/DerivedData/Chatlio-erkyzdeecsohoaggpwbjdvavzqfv/Build/Intermediates.noindex/EagerLinkingTBDs/Debug-iphonesimulator -F/Users/aadityasingh/Library/Developer/Xcode/DerivedData/Chatlio-erkyzdeecsohoaggpwbjdvavzqfv/Build/Products/Debug-iphonesimulator/PackageFrameworks -F/Users/aadityasingh/Library/Developer/Xcode/DerivedData/Chatlio-erkyzdeecsohoaggpwbjdvavzqfv/Build/Products/Debug-iphonesimulator -iframework /Applications/Xcode.app/Contents/Developer/Platforms/iPhoneSimulator.platform/Developer/Library/Frameworks -iframework /Applications/Xcode.app/Contents/Developer/Platforms/iPhoneSimulator.platform/Developer/SDKs/iPhoneSimulator26.4.sdk/Developer/Library/Frameworks -filelist /Users/aadityasingh/Library/Developer/Xcode/DerivedData/Chatlio-erkyzdeecsohoaggpwbjdvavzqfv/Build/Intermediates.noindex/swift-collections.build/Debug-iphonesimulator/OrderedCollections.build/Objects-normal/x86_64/OrderedCollections.LinkFileList -nostdlib -Xlinker -object_path_lto -Xlinker /Users/aadityasingh/Library/Developer/Xcode/DerivedData/Chatlio-erkyzdeecsohoaggpwbjdvavzqfv/Build/Intermediates.noindex/swift-collections.build/Debug-iphonesimulator/OrderedCollections.build/Objects-normal/x86_64/OrderedCollections_lto.o -Xlinker -no_deduplicate -Xlinker -objc_abi_version -Xlinker 2 -Xlinker -debug_variant -Xlinker -dependency_info -Xlinker /Users/aadityasingh/Library/Developer/Xcode/DerivedData/Chatlio-erkyzdeecsohoaggpwbjdvavzqfv/Build/Intermediates.noindex/swift-collections.build/Debug-iphonesimulator/OrderedCollections.build/Objects-normal/x86_64/OrderedCollections_dependency_info.dat -fobjc-link-runtime -L/Applications/Xcode.app/Contents/Developer/Toolchains/XcodeDefault.xctoolchain/usr/lib/swift/iphonesimulator -L/usr/lib/swift -Xlinker -add_ast_path -Xlinker /Users/aadityasingh/Library/Developer/Xcode/DerivedData/Chatlio-erkyzdeecsohoaggpwbjdvavzqfv/Build/Intermediates.noindex/swift-collections.build/Debug-iphonesimulator/OrderedCollections.build/Objects-normal/x86_64/OrderedCollections.swiftmodule @/Users/aadityasingh/Library/Developer/Xcode/DerivedData/Chatlio-erkyzdeecsohoaggpwbjdvavzqfv/Build/Intermediates.noindex/swift-collections.build/Debug-iphonesimulator/OrderedCollections.build/Objects-normal/x86_64/OrderedCollections-linker-args.resp -o /Users/aadityasingh/Library/Developer/Xcode/DerivedData/Chatlio-erkyzdeecsohoaggpwbjdvavzqfv/Build/Intermediates.noindex/swift-collections.build/Debug-iphonesimulator/OrderedCollections.build/Objects-normal/x86_64/Binary/OrderedCollections.o

Ld /Users/aadityasingh/Library/Developer/Xcode/DerivedData/Chatlio-erkyzdeecsohoaggpwbjdvavzqfv/Build/Intermediates.noindex/swift-collections.build/Debug-iphonesimulator/OrderedCollections.build/Objects-normal/arm64/Binary/OrderedCollections.o normal arm64 (in target 'OrderedCollections' from project 'swift-collections')
    cd /Users/aadityasingh/Library/Developer/Xcode/DerivedData/Chatlio-erkyzdeecsohoaggpwbjdvavzqfv/SourcePackages/checkouts/swift-collections
    /Applications/Xcode.app/Contents/Developer/Toolchains/XcodeDefault.xctoolchain/usr/bin/clang -Xlinker -reproducible -target arm64-apple-ios12.0-simulator -r -isysroot /Applications/Xcode.app/Contents/Developer/Platforms/iPhoneSimulator.platform/Developer/SDKs/iPhoneSimulator26.4.sdk -O0 -w -F/Users/aadityasingh/Library/Developer/Xcode/DerivedData/Chatlio-erkyzdeecsohoaggpwbjdvavzqfv/Build/Intermediates.noindex/EagerLinkingTBDs/Debug-iphonesimulator -F/Users/aadityasingh/Library/Developer/Xcode/DerivedData/Chatlio-erkyzdeecsohoaggpwbjdvavzqfv/Build/Products/Debug-iphonesimulator/PackageFrameworks -F/Users/aadityasingh/Library/Developer/Xcode/DerivedData/Chatlio-erkyzdeecsohoaggpwbjdvavzqfv/Build/Products/Debug-iphonesimulator -iframework /Applications/Xcode.app/Contents/Developer/Platforms/iPhoneSimulator.platform/Developer/Library/Frameworks -iframework /Applications/Xcode.app/Contents/Developer/Platforms/iPhoneSimulator.platform/Developer/SDKs/iPhoneSimulator26.4.sdk/Developer/Library/Frameworks -filelist /Users/aadityasingh/Library/Developer/Xcode/DerivedData/Chatlio-erkyzdeecsohoaggpwbjdvavzqfv/Build/Intermediates.noindex/swift-collections.build/Debug-iphonesimulator/OrderedCollections.build/Objects-normal/arm64/OrderedCollections.LinkFileList -nostdlib -Xlinker -object_path_lto -Xlinker /Users/aadityasingh/Library/Developer/Xcode/DerivedData/Chatlio-erkyzdeecsohoaggpwbjdvavzqfv/Build/Intermediates.noindex/swift-collections.build/Debug-iphonesimulator/OrderedCollections.build/Objects-normal/arm64/OrderedCollections_lto.o -Xlinker -no_deduplicate -Xlinker -objc_abi_version -Xlinker 2 -Xlinker -debug_variant -Xlinker -dependency_info -Xlinker /Users/aadityasingh/Library/Developer/Xcode/DerivedData/Chatlio-erkyzdeecsohoaggpwbjdvavzqfv/Build/Intermediates.noindex/swift-collections.build/Debug-iphonesimulator/OrderedCollections.build/Objects-normal/arm64/OrderedCollections_dependency_info.dat -fobjc-link-runtime -L/Applications/Xcode.app/Contents/Developer/Toolchains/XcodeDefault.xctoolchain/usr/lib/swift/iphonesimulator -L/usr/lib/swift -Xlinker -add_ast_path -Xlinker /Users/aadityasingh/Library/Developer/Xcode/DerivedData/Chatlio-erkyzdeecsohoaggpwbjdvavzqfv/Build/Intermediates.noindex/swift-collections.build/Debug-iphonesimulator/OrderedCollections.build/Objects-normal/arm64/OrderedCollections.swiftmodule @/Users/aadityasingh/Library/Developer/Xcode/DerivedData/Chatlio-erkyzdeecsohoaggpwbjdvavzqfv/Build/Intermediates.noindex/swift-collections.build/Debug-iphonesimulator/OrderedCollections.build/Objects-normal/arm64/OrderedCollections-linker-args.resp -o /Users/aadityasingh/Library/Developer/Xcode/DerivedData/Chatlio-erkyzdeecsohoaggpwbjdvavzqfv/Build/Intermediates.noindex/swift-collections.build/Debug-iphonesimulator/OrderedCollections.build/Objects-normal/arm64/Binary/OrderedCollections.o

Ld /Users/aadityasingh/Library/Developer/Xcode/DerivedData/Chatlio-erkyzdeecsohoaggpwbjdvavzqfv/Build/Intermediates.noindex/swift-collections.build/Debug-iphonesimulator/HeapModule.build/Objects-normal/x86_64/Binary/HeapModule.o normal x86_64 (in target 'HeapModule' from project 'swift-collections')
    cd /Users/aadityasingh/Library/Developer/Xcode/DerivedData/Chatlio-erkyzdeecsohoaggpwbjdvavzqfv/SourcePackages/checkouts/swift-collections
    /Applications/Xcode.app/Contents/Developer/Toolchains/XcodeDefault.xctoolchain/usr/bin/clang -Xlinker -reproducible -target x86_64-apple-ios12.0-simulator -r -isysroot /Applications/Xcode.app/Contents/Developer/Platforms/iPhoneSimulator.platform/Developer/SDKs/iPhoneSimulator26.4.sdk -O0 -w -F/Users/aadityasingh/Library/Developer/Xcode/DerivedData/Chatlio-erkyzdeecsohoaggpwbjdvavzqfv/Build/Intermediates.noindex/EagerLinkingTBDs/Debug-iphonesimulator -F/Users/aadityasingh/Library/Developer/Xcode/DerivedData/Chatlio-erkyzdeecsohoaggpwbjdvavzqfv/Build/Products/Debug-iphonesimulator/PackageFrameworks -F/Users/aadityasingh/Library/Developer/Xcode/DerivedData/Chatlio-erkyzdeecsohoaggpwbjdvavzqfv/Build/Products/Debug-iphonesimulator -iframework /Applications/Xcode.app/Contents/Developer/Platforms/iPhoneSimulator.platform/Developer/Library/Frameworks -iframework /Applications/Xcode.app/Contents/Developer/Platforms/iPhoneSimulator.platform/Developer/SDKs/iPhoneSimulator26.4.sdk/Developer/Library/Frameworks -filelist /Users/aadityasingh/Library/Developer/Xcode/DerivedData/Chatlio-erkyzdeecsohoaggpwbjdvavzqfv/Build/Intermediates.noindex/swift-collections.build/Debug-iphonesimulator/HeapModule.build/Objects-normal/x86_64/HeapModule.LinkFileList -nostdlib -Xlinker -object_path_lto -Xlinker /Users/aadityasingh/Library/Developer/Xcode/DerivedData/Chatlio-erkyzdeecsohoaggpwbjdvavzqfv/Build/Intermediates.noindex/swift-collections.build/Debug-iphonesimulator/HeapModule.build/Objects-normal/x86_64/HeapModule_lto.o -Xlinker -no_deduplicate -Xlinker -objc_abi_version -Xlinker 2 -Xlinker -debug_variant -Xlinker -dependency_info -Xlinker /Users/aadityasingh/Library/Developer/Xcode/DerivedData/Chatlio-erkyzdeecsohoaggpwbjdvavzqfv/Build/Intermediates.noindex/swift-collections.build/Debug-iphonesimulator/HeapModule.build/Objects-normal/x86_64/HeapModule_dependency_info.dat -fobjc-link-runtime -L/Applications/Xcode.app/Contents/Developer/Toolchains/XcodeDefault.xctoolchain/usr/lib/swift/iphonesimulator -L/usr/lib/swift -Xlinker -add_ast_path -Xlinker /Users/aadityasingh/Library/Developer/Xcode/DerivedData/Chatlio-erkyzdeecsohoaggpwbjdvavzqfv/Build/Intermediates.noindex/swift-collections.build/Debug-iphonesimulator/HeapModule.build/Objects-normal/x86_64/HeapModule.swiftmodule @/Users/aadityasingh/Library/Developer/Xcode/DerivedData/Chatlio-erkyzdeecsohoaggpwbjdvavzqfv/Build/Intermediates.noindex/swift-collections.build/Debug-iphonesimulator/HeapModule.build/Objects-normal/x86_64/HeapModule-linker-args.resp -o /Users/aadityasingh/Library/Developer/Xcode/DerivedData/Chatlio-erkyzdeecsohoaggpwbjdvavzqfv/Build/Intermediates.noindex/swift-collections.build/Debug-iphonesimulator/HeapModule.build/Objects-normal/x86_64/Binary/HeapModule.o

Ld /Users/aadityasingh/Library/Developer/Xcode/DerivedData/Chatlio-erkyzdeecsohoaggpwbjdvavzqfv/Build/Intermediates.noindex/swift-collections.build/Debug-iphonesimulator/HeapModule.build/Objects-normal/arm64/Binary/HeapModule.o normal arm64 (in target 'HeapModule' from project 'swift-collections')
    cd /Users/aadityasingh/Library/Developer/Xcode/DerivedData/Chatlio-erkyzdeecsohoaggpwbjdvavzqfv/SourcePackages/checkouts/swift-collections
    /Applications/Xcode.app/Contents/Developer/Toolchains/XcodeDefault.xctoolchain/usr/bin/clang -Xlinker -reproducible -target arm64-apple-ios12.0-simulator -r -isysroot /Applications/Xcode.app/Contents/Developer/Platforms/iPhoneSimulator.platform/Developer/SDKs/iPhoneSimulator26.4.sdk -O0 -w -F/Users/aadityasingh/Library/Developer/Xcode/DerivedData/Chatlio-erkyzdeecsohoaggpwbjdvavzqfv/Build/Intermediates.noindex/EagerLinkingTBDs/Debug-iphonesimulator -F/Users/aadityasingh/Library/Developer/Xcode/DerivedData/Chatlio-erkyzdeecsohoaggpwbjdvavzqfv/Build/Products/Debug-iphonesimulator/PackageFrameworks -F/Users/aadityasingh/Library/Developer/Xcode/DerivedData/Chatlio-erkyzdeecsohoaggpwbjdvavzqfv/Build/Products/Debug-iphonesimulator -iframework /Applications/Xcode.app/Contents/Developer/Platforms/iPhoneSimulator.platform/Developer/Library/Frameworks -iframework /Applications/Xcode.app/Contents/Developer/Platforms/iPhoneSimulator.platform/Developer/SDKs/iPhoneSimulator26.4.sdk/Developer/Library/Frameworks -filelist /Users/aadityasingh/Library/Developer/Xcode/DerivedData/Chatlio-erkyzdeecsohoaggpwbjdvavzqfv/Build/Intermediates.noindex/swift-collections.build/Debug-iphonesimulator/HeapModule.build/Objects-normal/arm64/HeapModule.LinkFileList -nostdlib -Xlinker -object_path_lto -Xlinker /Users/aadityasingh/Library/Developer/Xcode/DerivedData/Chatlio-erkyzdeecsohoaggpwbjdvavzqfv/Build/Intermediates.noindex/swift-collections.build/Debug-iphonesimulator/HeapModule.build/Objects-normal/arm64/HeapModule_lto.o -Xlinker -no_deduplicate -Xlinker -objc_abi_version -Xlinker 2 -Xlinker -debug_variant -Xlinker -dependency_info -Xlinker /Users/aadityasingh/Library/Developer/Xcode/DerivedData/Chatlio-erkyzdeecsohoaggpwbjdvavzqfv/Build/Intermediates.noindex/swift-collections.build/Debug-iphonesimulator/HeapModule.build/Objects-normal/arm64/HeapModule_dependency_info.dat -fobjc-link-runtime -L/Applications/Xcode.app/Contents/Developer/Toolchains/XcodeDefault.xctoolchain/usr/lib/swift/iphonesimulator -L/usr/lib/swift -Xlinker -add_ast_path -Xlinker /Users/aadityasingh/Library/Developer/Xcode/DerivedData/Chatlio-erkyzdeecsohoaggpwbjdvavzqfv/Build/Intermediates.noindex/swift-collections.build/Debug-iphonesimulator/HeapModule.build/Objects-normal/arm64/HeapModule.swiftmodule @/Users/aadityasingh/Library/Developer/Xcode/DerivedData/Chatlio-erkyzdeecsohoaggpwbjdvavzqfv/Build/Intermediates.noindex/swift-collections.build/Debug-iphonesimulator/HeapModule.build/Objects-normal/arm64/HeapModule-linker-args.resp -o /Users/aadityasingh/Library/Developer/Xcode/DerivedData/Chatlio-erkyzdeecsohoaggpwbjdvavzqfv/Build/Intermediates.noindex/swift-collections.build/Debug-iphonesimulator/HeapModule.build/Objects-normal/arm64/Binary/HeapModule.o

Ld /Users/aadityasingh/Library/Developer/Xcode/DerivedData/Chatlio-erkyzdeecsohoaggpwbjdvavzqfv/Build/Intermediates.noindex/swift-collections.build/Debug-iphonesimulator/HashTreeCollections.build/Objects-normal/x86_64/Binary/HashTreeCollections.o normal x86_64 (in target 'HashTreeCollections' from project 'swift-collections')
    cd /Users/aadityasingh/Library/Developer/Xcode/DerivedData/Chatlio-erkyzdeecsohoaggpwbjdvavzqfv/SourcePackages/checkouts/swift-collections
    /Applications/Xcode.app/Contents/Developer/Toolchains/XcodeDefault.xctoolchain/usr/bin/clang -Xlinker -reproducible -target x86_64-apple-ios12.0-simulator -r -isysroot /Applications/Xcode.app/Contents/Developer/Platforms/iPhoneSimulator.platform/Developer/SDKs/iPhoneSimulator26.4.sdk -O0 -w -F/Users/aadityasingh/Library/Developer/Xcode/DerivedData/Chatlio-erkyzdeecsohoaggpwbjdvavzqfv/Build/Intermediates.noindex/EagerLinkingTBDs/Debug-iphonesimulator -F/Users/aadityasingh/Library/Developer/Xcode/DerivedData/Chatlio-erkyzdeecsohoaggpwbjdvavzqfv/Build/Products/Debug-iphonesimulator/PackageFrameworks -F/Users/aadityasingh/Library/Developer/Xcode/DerivedData/Chatlio-erkyzdeecsohoaggpwbjdvavzqfv/Build/Products/Debug-iphonesimulator -iframework /Applications/Xcode.app/Contents/Developer/Platforms/iPhoneSimulator.platform/Developer/Library/Frameworks -iframework /Applications/Xcode.app/Contents/Developer/Platforms/iPhoneSimulator.platform/Developer/SDKs/iPhoneSimulator26.4.sdk/Developer/Library/Frameworks -filelist /Users/aadityasingh/Library/Developer/Xcode/DerivedData/Chatlio-erkyzdeecsohoaggpwbjdvavzqfv/Build/Intermediates.noindex/swift-collections.build/Debug-iphonesimulator/HashTreeCollections.build/Objects-normal/x86_64/HashTreeCollections.LinkFileList -nostdlib -Xlinker -object_path_lto -Xlinker /Users/aadityasingh/Library/Developer/Xcode/DerivedData/Chatlio-erkyzdeecsohoaggpwbjdvavzqfv/Build/Intermediates.noindex/swift-collections.build/Debug-iphonesimulator/HashTreeCollections.build/Objects-normal/x86_64/HashTreeCollections_lto.o -Xlinker -no_deduplicate -Xlinker -objc_abi_version -Xlinker 2 -Xlinker -debug_variant -Xlinker -dependency_info -Xlinker /Users/aadityasingh/Library/Developer/Xcode/DerivedData/Chatlio-erkyzdeecsohoaggpwbjdvavzqfv/Build/Intermediates.noindex/swift-collections.build/Debug-iphonesimulator/HashTreeCollections.build/Objects-normal/x86_64/HashTreeCollections_dependency_info.dat -fobjc-link-runtime -L/Applications/Xcode.app/Contents/Developer/Toolchains/XcodeDefault.xctoolchain/usr/lib/swift/iphonesimulator -L/usr/lib/swift -Xlinker -add_ast_path -Xlinker /Users/aadityasingh/Library/Developer/Xcode/DerivedData/Chatlio-erkyzdeecsohoaggpwbjdvavzqfv/Build/Intermediates.noindex/swift-collections.build/Debug-iphonesimulator/HashTreeCollections.build/Objects-normal/x86_64/HashTreeCollections.swiftmodule @/Users/aadityasingh/Library/Developer/Xcode/DerivedData/Chatlio-erkyzdeecsohoaggpwbjdvavzqfv/Build/Intermediates.noindex/swift-collections.build/Debug-iphonesimulator/HashTreeCollections.build/Objects-normal/x86_64/HashTreeCollections-linker-args.resp -o /Users/aadityasingh/Library/Developer/Xcode/DerivedData/Chatlio-erkyzdeecsohoaggpwbjdvavzqfv/Build/Intermediates.noindex/swift-collections.build/Debug-iphonesimulator/HashTreeCollections.build/Objects-normal/x86_64/Binary/HashTreeCollections.o

CreateUniversalBinary /Users/aadityasingh/Library/Developer/Xcode/DerivedData/Chatlio-erkyzdeecsohoaggpwbjdvavzqfv/Build/Products/Debug-iphonesimulator/_RopeModule.o normal arm64\ x86_64 (in target '_RopeModule' from project 'swift-collections')
    cd /Users/aadityasingh/Library/Developer/Xcode/DerivedData/Chatlio-erkyzdeecsohoaggpwbjdvavzqfv/SourcePackages/checkouts/swift-collections
    /Applications/Xcode.app/Contents/Developer/Toolchains/XcodeDefault.xctoolchain/usr/bin/lipo -create /Users/aadityasingh/Library/Developer/Xcode/DerivedData/Chatlio-erkyzdeecsohoaggpwbjdvavzqfv/Build/Intermediates.noindex/swift-collections.build/Debug-iphonesimulator/_RopeModule.build/Objects-normal/arm64/Binary/_RopeModule.o /Users/aadityasingh/Library/Developer/Xcode/DerivedData/Chatlio-erkyzdeecsohoaggpwbjdvavzqfv/Build/Intermediates.noindex/swift-collections.build/Debug-iphonesimulator/_RopeModule.build/Objects-normal/x86_64/Binary/_RopeModule.o -output /Users/aadityasingh/Library/Developer/Xcode/DerivedData/Chatlio-erkyzdeecsohoaggpwbjdvavzqfv/Build/Products/Debug-iphonesimulator/_RopeModule.o

CreateUniversalBinary /Users/aadityasingh/Library/Developer/Xcode/DerivedData/Chatlio-erkyzdeecsohoaggpwbjdvavzqfv/Build/Products/Debug-iphonesimulator/OrderedCollections.o normal arm64\ x86_64 (in target 'OrderedCollections' from project 'swift-collections')
    cd /Users/aadityasingh/Library/Developer/Xcode/DerivedData/Chatlio-erkyzdeecsohoaggpwbjdvavzqfv/SourcePackages/checkouts/swift-collections
    /Applications/Xcode.app/Contents/Developer/Toolchains/XcodeDefault.xctoolchain/usr/bin/lipo -create /Users/aadityasingh/Library/Developer/Xcode/DerivedData/Chatlio-erkyzdeecsohoaggpwbjdvavzqfv/Build/Intermediates.noindex/swift-collections.build/Debug-iphonesimulator/OrderedCollections.build/Objects-normal/arm64/Binary/OrderedCollections.o /Users/aadityasingh/Library/Developer/Xcode/DerivedData/Chatlio-erkyzdeecsohoaggpwbjdvavzqfv/Build/Intermediates.noindex/swift-collections.build/Debug-iphonesimulator/OrderedCollections.build/Objects-normal/x86_64/Binary/OrderedCollections.o -output /Users/aadityasingh/Library/Developer/Xcode/DerivedData/Chatlio-erkyzdeecsohoaggpwbjdvavzqfv/Build/Products/Debug-iphonesimulator/OrderedCollections.o

Ld /Users/aadityasingh/Library/Developer/Xcode/DerivedData/Chatlio-erkyzdeecsohoaggpwbjdvavzqfv/Build/Intermediates.noindex/swift-collections.build/Debug-iphonesimulator/HashTreeCollections.build/Objects-normal/arm64/Binary/HashTreeCollections.o normal arm64 (in target 'HashTreeCollections' from project 'swift-collections')
    cd /Users/aadityasingh/Library/Developer/Xcode/DerivedData/Chatlio-erkyzdeecsohoaggpwbjdvavzqfv/SourcePackages/checkouts/swift-collections
    /Applications/Xcode.app/Contents/Developer/Toolchains/XcodeDefault.xctoolchain/usr/bin/clang -Xlinker -reproducible -target arm64-apple-ios12.0-simulator -r -isysroot /Applications/Xcode.app/Contents/Developer/Platforms/iPhoneSimulator.platform/Developer/SDKs/iPhoneSimulator26.4.sdk -O0 -w -F/Users/aadityasingh/Library/Developer/Xcode/DerivedData/Chatlio-erkyzdeecsohoaggpwbjdvavzqfv/Build/Intermediates.noindex/EagerLinkingTBDs/Debug-iphonesimulator -F/Users/aadityasingh/Library/Developer/Xcode/DerivedData/Chatlio-erkyzdeecsohoaggpwbjdvavzqfv/Build/Products/Debug-iphonesimulator/PackageFrameworks -F/Users/aadityasingh/Library/Developer/Xcode/DerivedData/Chatlio-erkyzdeecsohoaggpwbjdvavzqfv/Build/Products/Debug-iphonesimulator -iframework /Applications/Xcode.app/Contents/Developer/Platforms/iPhoneSimulator.platform/Developer/Library/Frameworks -iframework /Applications/Xcode.app/Contents/Developer/Platforms/iPhoneSimulator.platform/Developer/SDKs/iPhoneSimulator26.4.sdk/Developer/Library/Frameworks -filelist /Users/aadityasingh/Library/Developer/Xcode/DerivedData/Chatlio-erkyzdeecsohoaggpwbjdvavzqfv/Build/Intermediates.noindex/swift-collections.build/Debug-iphonesimulator/HashTreeCollections.build/Objects-normal/arm64/HashTreeCollections.LinkFileList -nostdlib -Xlinker -object_path_lto -Xlinker /Users/aadityasingh/Library/Developer/Xcode/DerivedData/Chatlio-erkyzdeecsohoaggpwbjdvavzqfv/Build/Intermediates.noindex/swift-collections.build/Debug-iphonesimulator/HashTreeCollections.build/Objects-normal/arm64/HashTreeCollections_lto.o -Xlinker -no_deduplicate -Xlinker -objc_abi_version -Xlinker 2 -Xlinker -debug_variant -Xlinker -dependency_info -Xlinker /Users/aadityasingh/Library/Developer/Xcode/DerivedData/Chatlio-erkyzdeecsohoaggpwbjdvavzqfv/Build/Intermediates.noindex/swift-collections.build/Debug-iphonesimulator/HashTreeCollections.build/Objects-normal/arm64/HashTreeCollections_dependency_info.dat -fobjc-link-runtime -L/Applications/Xcode.app/Contents/Developer/Toolchains/XcodeDefault.xctoolchain/usr/lib/swift/iphonesimulator -L/usr/lib/swift -Xlinker -add_ast_path -Xlinker /Users/aadityasingh/Library/Developer/Xcode/DerivedData/Chatlio-erkyzdeecsohoaggpwbjdvavzqfv/Build/Intermediates.noindex/swift-collections.build/Debug-iphonesimulator/HashTreeCollections.build/Objects-normal/arm64/HashTreeCollections.swiftmodule @/Users/aadityasingh/Library/Developer/Xcode/DerivedData/Chatlio-erkyzdeecsohoaggpwbjdvavzqfv/Build/Intermediates.noindex/swift-collections.build/Debug-iphonesimulator/HashTreeCollections.build/Objects-normal/arm64/HashTreeCollections-linker-args.resp -o /Users/aadityasingh/Library/Developer/Xcode/DerivedData/Chatlio-erkyzdeecsohoaggpwbjdvavzqfv/Build/Intermediates.noindex/swift-collections.build/Debug-iphonesimulator/HashTreeCollections.build/Objects-normal/arm64/Binary/HashTreeCollections.o

Ld /Users/aadityasingh/Library/Developer/Xcode/DerivedData/Chatlio-erkyzdeecsohoaggpwbjdvavzqfv/Build/Intermediates.noindex/swift-collections.build/Debug-iphonesimulator/DequeModule.build/Objects-normal/x86_64/Binary/DequeModule.o normal x86_64 (in target 'DequeModule' from project 'swift-collections')
    cd /Users/aadityasingh/Library/Developer/Xcode/DerivedData/Chatlio-erkyzdeecsohoaggpwbjdvavzqfv/SourcePackages/checkouts/swift-collections
    /Applications/Xcode.app/Contents/Developer/Toolchains/XcodeDefault.xctoolchain/usr/bin/clang -Xlinker -reproducible -target x86_64-apple-ios12.0-simulator -r -isysroot /Applications/Xcode.app/Contents/Developer/Platforms/iPhoneSimulator.platform/Developer/SDKs/iPhoneSimulator26.4.sdk -O0 -w -F/Users/aadityasingh/Library/Developer/Xcode/DerivedData/Chatlio-erkyzdeecsohoaggpwbjdvavzqfv/Build/Intermediates.noindex/EagerLinkingTBDs/Debug-iphonesimulator -F/Users/aadityasingh/Library/Developer/Xcode/DerivedData/Chatlio-erkyzdeecsohoaggpwbjdvavzqfv/Build/Products/Debug-iphonesimulator/PackageFrameworks -F/Users/aadityasingh/Library/Developer/Xcode/DerivedData/Chatlio-erkyzdeecsohoaggpwbjdvavzqfv/Build/Products/Debug-iphonesimulator -iframework /Applications/Xcode.app/Contents/Developer/Platforms/iPhoneSimulator.platform/Developer/Library/Frameworks -iframework /Applications/Xcode.app/Contents/Developer/Platforms/iPhoneSimulator.platform/Developer/SDKs/iPhoneSimulator26.4.sdk/Developer/Library/Frameworks -filelist /Users/aadityasingh/Library/Developer/Xcode/DerivedData/Chatlio-erkyzdeecsohoaggpwbjdvavzqfv/Build/Intermediates.noindex/swift-collections.build/Debug-iphonesimulator/DequeModule.build/Objects-normal/x86_64/DequeModule.LinkFileList -nostdlib -Xlinker -object_path_lto -Xlinker /Users/aadityasingh/Library/Developer/Xcode/DerivedData/Chatlio-erkyzdeecsohoaggpwbjdvavzqfv/Build/Intermediates.noindex/swift-collections.build/Debug-iphonesimulator/DequeModule.build/Objects-normal/x86_64/DequeModule_lto.o -Xlinker -no_deduplicate -Xlinker -objc_abi_version -Xlinker 2 -Xlinker -debug_variant -Xlinker -dependency_info -Xlinker /Users/aadityasingh/Library/Developer/Xcode/DerivedData/Chatlio-erkyzdeecsohoaggpwbjdvavzqfv/Build/Intermediates.noindex/swift-collections.build/Debug-iphonesimulator/DequeModule.build/Objects-normal/x86_64/DequeModule_dependency_info.dat -fobjc-link-runtime -L/Applications/Xcode.app/Contents/Developer/Toolchains/XcodeDefault.xctoolchain/usr/lib/swift/iphonesimulator -L/usr/lib/swift -Xlinker -add_ast_path -Xlinker /Users/aadityasingh/Library/Developer/Xcode/DerivedData/Chatlio-erkyzdeecsohoaggpwbjdvavzqfv/Build/Intermediates.noindex/swift-collections.build/Debug-iphonesimulator/DequeModule.build/Objects-normal/x86_64/DequeModule.swiftmodule @/Users/aadityasingh/Library/Developer/Xcode/DerivedData/Chatlio-erkyzdeecsohoaggpwbjdvavzqfv/Build/Intermediates.noindex/swift-collections.build/Debug-iphonesimulator/DequeModule.build/Objects-normal/x86_64/DequeModule-linker-args.resp -o /Users/aadityasingh/Library/Developer/Xcode/DerivedData/Chatlio-erkyzdeecsohoaggpwbjdvavzqfv/Build/Intermediates.noindex/swift-collections.build/Debug-iphonesimulator/DequeModule.build/Objects-normal/x86_64/Binary/DequeModule.o

SwiftDriverJobDiscovery normal arm64 Compiling Combinations.swift, Compacted.swift, Cycle.swift (in target 'Algorithms' from project 'swift-algorithms')

Ld /Users/aadityasingh/Library/Developer/Xcode/DerivedData/Chatlio-erkyzdeecsohoaggpwbjdvavzqfv/Build/Intermediates.noindex/swift-collections.build/Debug-iphonesimulator/DequeModule.build/Objects-normal/arm64/Binary/DequeModule.o normal arm64 (in target 'DequeModule' from project 'swift-collections')
    cd /Users/aadityasingh/Library/Developer/Xcode/DerivedData/Chatlio-erkyzdeecsohoaggpwbjdvavzqfv/SourcePackages/checkouts/swift-collections
    /Applications/Xcode.app/Contents/Developer/Toolchains/XcodeDefault.xctoolchain/usr/bin/clang -Xlinker -reproducible -target arm64-apple-ios12.0-simulator -r -isysroot /Applications/Xcode.app/Contents/Developer/Platforms/iPhoneSimulator.platform/Developer/SDKs/iPhoneSimulator26.4.sdk -O0 -w -F/Users/aadityasingh/Library/Developer/Xcode/DerivedData/Chatlio-erkyzdeecsohoaggpwbjdvavzqfv/Build/Intermediates.noindex/EagerLinkingTBDs/Debug-iphonesimulator -F/Users/aadityasingh/Library/Developer/Xcode/DerivedData/Chatlio-erkyzdeecsohoaggpwbjdvavzqfv/Build/Products/Debug-iphonesimulator/PackageFrameworks -F/Users/aadityasingh/Library/Developer/Xcode/DerivedData/Chatlio-erkyzdeecsohoaggpwbjdvavzqfv/Build/Products/Debug-iphonesimulator -iframework /Applications/Xcode.app/Contents/Developer/Platforms/iPhoneSimulator.platform/Developer/Library/Frameworks -iframework /Applications/Xcode.app/Contents/Developer/Platforms/iPhoneSimulator.platform/Developer/SDKs/iPhoneSimulator26.4.sdk/Developer/Library/Frameworks -filelist /Users/aadityasingh/Library/Developer/Xcode/DerivedData/Chatlio-erkyzdeecsohoaggpwbjdvavzqfv/Build/Intermediates.noindex/swift-collections.build/Debug-iphonesimulator/DequeModule.build/Objects-normal/arm64/DequeModule.LinkFileList -nostdlib -Xlinker -object_path_lto -Xlinker /Users/aadityasingh/Library/Developer/Xcode/DerivedData/Chatlio-erkyzdeecsohoaggpwbjdvavzqfv/Build/Intermediates.noindex/swift-collections.build/Debug-iphonesimulator/DequeModule.build/Objects-normal/arm64/DequeModule_lto.o -Xlinker -no_deduplicate -Xlinker -objc_abi_version -Xlinker 2 -Xlinker -debug_variant -Xlinker -dependency_info -Xlinker /Users/aadityasingh/Library/Developer/Xcode/DerivedData/Chatlio-erkyzdeecsohoaggpwbjdvavzqfv/Build/Intermediates.noindex/swift-collections.build/Debug-iphonesimulator/DequeModule.build/Objects-normal/arm64/DequeModule_dependency_info.dat -fobjc-link-runtime -L/Applications/Xcode.app/Contents/Developer/Toolchains/XcodeDefault.xctoolchain/usr/lib/swift/iphonesimulator -L/usr/lib/swift -Xlinker -add_ast_path -Xlinker /Users/aadityasingh/Library/Developer/Xcode/DerivedData/Chatlio-erkyzdeecsohoaggpwbjdvavzqfv/Build/Intermediates.noindex/swift-collections.build/Debug-iphonesimulator/DequeModule.build/Objects-normal/arm64/DequeModule.swiftmodule @/Users/aadityasingh/Library/Developer/Xcode/DerivedData/Chatlio-erkyzdeecsohoaggpwbjdvavzqfv/Build/Intermediates.noindex/swift-collections.build/Debug-iphonesimulator/DequeModule.build/Objects-normal/arm64/DequeModule-linker-args.resp -o /Users/aadityasingh/Library/Developer/Xcode/DerivedData/Chatlio-erkyzdeecsohoaggpwbjdvavzqfv/Build/Intermediates.noindex/swift-collections.build/Debug-iphonesimulator/DequeModule.build/Objects-normal/arm64/Binary/DequeModule.o

Ld /Users/aadityasingh/Library/Developer/Xcode/DerivedData/Chatlio-erkyzdeecsohoaggpwbjdvavzqfv/Build/Intermediates.noindex/swift-collections.build/Debug-iphonesimulator/BitCollections.build/Objects-normal/x86_64/Binary/BitCollections.o normal x86_64 (in target 'BitCollections' from project 'swift-collections')
    cd /Users/aadityasingh/Library/Developer/Xcode/DerivedData/Chatlio-erkyzdeecsohoaggpwbjdvavzqfv/SourcePackages/checkouts/swift-collections
    /Applications/Xcode.app/Contents/Developer/Toolchains/XcodeDefault.xctoolchain/usr/bin/clang -Xlinker -reproducible -target x86_64-apple-ios12.0-simulator -r -isysroot /Applications/Xcode.app/Contents/Developer/Platforms/iPhoneSimulator.platform/Developer/SDKs/iPhoneSimulator26.4.sdk -O0 -w -F/Users/aadityasingh/Library/Developer/Xcode/DerivedData/Chatlio-erkyzdeecsohoaggpwbjdvavzqfv/Build/Intermediates.noindex/EagerLinkingTBDs/Debug-iphonesimulator -F/Users/aadityasingh/Library/Developer/Xcode/DerivedData/Chatlio-erkyzdeecsohoaggpwbjdvavzqfv/Build/Products/Debug-iphonesimulator/PackageFrameworks -F/Users/aadityasingh/Library/Developer/Xcode/DerivedData/Chatlio-erkyzdeecsohoaggpwbjdvavzqfv/Build/Products/Debug-iphonesimulator -iframework /Applications/Xcode.app/Contents/Developer/Platforms/iPhoneSimulator.platform/Developer/Library/Frameworks -iframework /Applications/Xcode.app/Contents/Developer/Platforms/iPhoneSimulator.platform/Developer/SDKs/iPhoneSimulator26.4.sdk/Developer/Library/Frameworks -filelist /Users/aadityasingh/Library/Developer/Xcode/DerivedData/Chatlio-erkyzdeecsohoaggpwbjdvavzqfv/Build/Intermediates.noindex/swift-collections.build/Debug-iphonesimulator/BitCollections.build/Objects-normal/x86_64/BitCollections.LinkFileList -nostdlib -Xlinker -object_path_lto -Xlinker /Users/aadityasingh/Library/Developer/Xcode/DerivedData/Chatlio-erkyzdeecsohoaggpwbjdvavzqfv/Build/Intermediates.noindex/swift-collections.build/Debug-iphonesimulator/BitCollections.build/Objects-normal/x86_64/BitCollections_lto.o -Xlinker -no_deduplicate -Xlinker -objc_abi_version -Xlinker 2 -Xlinker -debug_variant -Xlinker -dependency_info -Xlinker /Users/aadityasingh/Library/Developer/Xcode/DerivedData/Chatlio-erkyzdeecsohoaggpwbjdvavzqfv/Build/Intermediates.noindex/swift-collections.build/Debug-iphonesimulator/BitCollections.build/Objects-normal/x86_64/BitCollections_dependency_info.dat -fobjc-link-runtime -L/Applications/Xcode.app/Contents/Developer/Toolchains/XcodeDefault.xctoolchain/usr/lib/swift/iphonesimulator -L/usr/lib/swift -Xlinker -add_ast_path -Xlinker /Users/aadityasingh/Library/Developer/Xcode/DerivedData/Chatlio-erkyzdeecsohoaggpwbjdvavzqfv/Build/Intermediates.noindex/swift-collections.build/Debug-iphonesimulator/BitCollections.build/Objects-normal/x86_64/BitCollections.swiftmodule @/Users/aadityasingh/Library/Developer/Xcode/DerivedData/Chatlio-erkyzdeecsohoaggpwbjdvavzqfv/Build/Intermediates.noindex/swift-collections.build/Debug-iphonesimulator/BitCollections.build/Objects-normal/x86_64/BitCollections-linker-args.resp -o /Users/aadityasingh/Library/Developer/Xcode/DerivedData/Chatlio-erkyzdeecsohoaggpwbjdvavzqfv/Build/Intermediates.noindex/swift-collections.build/Debug-iphonesimulator/BitCollections.build/Objects-normal/x86_64/Binary/BitCollections.o

Ld /Users/aadityasingh/Library/Developer/Xcode/DerivedData/Chatlio-erkyzdeecsohoaggpwbjdvavzqfv/Build/Intermediates.noindex/swift-collections.build/Debug-iphonesimulator/BitCollections.build/Objects-normal/arm64/Binary/BitCollections.o normal arm64 (in target 'BitCollections' from project 'swift-collections')
    cd /Users/aadityasingh/Library/Developer/Xcode/DerivedData/Chatlio-erkyzdeecsohoaggpwbjdvavzqfv/SourcePackages/checkouts/swift-collections
    /Applications/Xcode.app/Contents/Developer/Toolchains/XcodeDefault.xctoolchain/usr/bin/clang -Xlinker -reproducible -target arm64-apple-ios12.0-simulator -r -isysroot /Applications/Xcode.app/Contents/Developer/Platforms/iPhoneSimulator.platform/Developer/SDKs/iPhoneSimulator26.4.sdk -O0 -w -F/Users/aadityasingh/Library/Developer/Xcode/DerivedData/Chatlio-erkyzdeecsohoaggpwbjdvavzqfv/Build/Intermediates.noindex/EagerLinkingTBDs/Debug-iphonesimulator -F/Users/aadityasingh/Library/Developer/Xcode/DerivedData/Chatlio-erkyzdeecsohoaggpwbjdvavzqfv/Build/Products/Debug-iphonesimulator/PackageFrameworks -F/Users/aadityasingh/Library/Developer/Xcode/DerivedData/Chatlio-erkyzdeecsohoaggpwbjdvavzqfv/Build/Products/Debug-iphonesimulator -iframework /Applications/Xcode.app/Contents/Developer/Platforms/iPhoneSimulator.platform/Developer/Library/Frameworks -iframework /Applications/Xcode.app/Contents/Developer/Platforms/iPhoneSimulator.platform/Developer/SDKs/iPhoneSimulator26.4.sdk/Developer/Library/Frameworks -filelist /Users/aadityasingh/Library/Developer/Xcode/DerivedData/Chatlio-erkyzdeecsohoaggpwbjdvavzqfv/Build/Intermediates.noindex/swift-collections.build/Debug-iphonesimulator/BitCollections.build/Objects-normal/arm64/BitCollections.LinkFileList -nostdlib -Xlinker -object_path_lto -Xlinker /Users/aadityasingh/Library/Developer/Xcode/DerivedData/Chatlio-erkyzdeecsohoaggpwbjdvavzqfv/Build/Intermediates.noindex/swift-collections.build/Debug-iphonesimulator/BitCollections.build/Objects-normal/arm64/BitCollections_lto.o -Xlinker -no_deduplicate -Xlinker -objc_abi_version -Xlinker 2 -Xlinker -debug_variant -Xlinker -dependency_info -Xlinker /Users/aadityasingh/Library/Developer/Xcode/DerivedData/Chatlio-erkyzdeecsohoaggpwbjdvavzqfv/Build/Intermediates.noindex/swift-collections.build/Debug-iphonesimulator/BitCollections.build/Objects-normal/arm64/BitCollections_dependency_info.dat -fobjc-link-runtime -L/Applications/Xcode.app/Contents/Developer/Toolchains/XcodeDefault.xctoolchain/usr/lib/swift/iphonesimulator -L/usr/lib/swift -Xlinker -add_ast_path -Xlinker /Users/aadityasingh/Library/Developer/Xcode/DerivedData/Chatlio-erkyzdeecsohoaggpwbjdvavzqfv/Build/Intermediates.noindex/swift-collections.build/Debug-iphonesimulator/BitCollections.build/Objects-normal/arm64/BitCollections.swiftmodule @/Users/aadityasingh/Library/Developer/Xcode/DerivedData/Chatlio-erkyzdeecsohoaggpwbjdvavzqfv/Build/Intermediates.noindex/swift-collections.build/Debug-iphonesimulator/BitCollections.build/Objects-normal/arm64/BitCollections-linker-args.resp -o /Users/aadityasingh/Library/Developer/Xcode/DerivedData/Chatlio-erkyzdeecsohoaggpwbjdvavzqfv/Build/Intermediates.noindex/swift-collections.build/Debug-iphonesimulator/BitCollections.build/Objects-normal/arm64/Binary/BitCollections.o

SwiftDriverJobDiscovery normal x86_64 Compiling Intersperse.swift, Joined.swift (in target 'Algorithms' from project 'swift-algorithms')

CreateUniversalBinary /Users/aadityasingh/Library/Developer/Xcode/DerivedData/Chatlio-erkyzdeecsohoaggpwbjdvavzqfv/Build/Products/Debug-iphonesimulator/HeapModule.o normal arm64\ x86_64 (in target 'HeapModule' from project 'swift-collections')
    cd /Users/aadityasingh/Library/Developer/Xcode/DerivedData/Chatlio-erkyzdeecsohoaggpwbjdvavzqfv/SourcePackages/checkouts/swift-collections
    /Applications/Xcode.app/Contents/Developer/Toolchains/XcodeDefault.xctoolchain/usr/bin/lipo -create /Users/aadityasingh/Library/Developer/Xcode/DerivedData/Chatlio-erkyzdeecsohoaggpwbjdvavzqfv/Build/Intermediates.noindex/swift-collections.build/Debug-iphonesimulator/HeapModule.build/Objects-normal/arm64/Binary/HeapModule.o /Users/aadityasingh/Library/Developer/Xcode/DerivedData/Chatlio-erkyzdeecsohoaggpwbjdvavzqfv/Build/Intermediates.noindex/swift-collections.build/Debug-iphonesimulator/HeapModule.build/Objects-normal/x86_64/Binary/HeapModule.o -output /Users/aadityasingh/Library/Developer/Xcode/DerivedData/Chatlio-erkyzdeecsohoaggpwbjdvavzqfv/Build/Products/Debug-iphonesimulator/HeapModule.o

RegisterExecutionPolicyException /Users/aadityasingh/Library/Developer/Xcode/DerivedData/Chatlio-erkyzdeecsohoaggpwbjdvavzqfv/Build/Products/Debug-iphonesimulator/DTFoundation.o (in target 'DTFoundation' from project 'DTFoundation')
    cd /Users/aadityasingh/Library/Developer/Xcode/DerivedData/Chatlio-erkyzdeecsohoaggpwbjdvavzqfv/SourcePackages/checkouts/DTFoundation
    builtin-RegisterExecutionPolicyException /Users/aadityasingh/Library/Developer/Xcode/DerivedData/Chatlio-erkyzdeecsohoaggpwbjdvavzqfv/Build/Products/Debug-iphonesimulator/DTFoundation.o

RegisterExecutionPolicyException /Users/aadityasingh/Library/Developer/Xcode/DerivedData/Chatlio-erkyzdeecsohoaggpwbjdvavzqfv/Build/Products/Debug-iphonesimulator/Copustools.o (in target 'Copustools' from project 'SwiftOGG')
    cd /Users/aadityasingh/Library/Developer/Xcode/DerivedData/Chatlio-erkyzdeecsohoaggpwbjdvavzqfv/SourcePackages/checkouts/swift-ogg
    builtin-RegisterExecutionPolicyException /Users/aadityasingh/Library/Developer/Xcode/DerivedData/Chatlio-erkyzdeecsohoaggpwbjdvavzqfv/Build/Products/Debug-iphonesimulator/Copustools.o

CreateUniversalBinary /Users/aadityasingh/Library/Developer/Xcode/DerivedData/Chatlio-erkyzdeecsohoaggpwbjdvavzqfv/Build/Products/Debug-iphonesimulator/DequeModule.o normal arm64\ x86_64 (in target 'DequeModule' from project 'swift-collections')
    cd /Users/aadityasingh/Library/Developer/Xcode/DerivedData/Chatlio-erkyzdeecsohoaggpwbjdvavzqfv/SourcePackages/checkouts/swift-collections
    /Applications/Xcode.app/Contents/Developer/Toolchains/XcodeDefault.xctoolchain/usr/bin/lipo -create /Users/aadityasingh/Library/Developer/Xcode/DerivedData/Chatlio-erkyzdeecsohoaggpwbjdvavzqfv/Build/Intermediates.noindex/swift-collections.build/Debug-iphonesimulator/DequeModule.build/Objects-normal/arm64/Binary/DequeModule.o /Users/aadityasingh/Library/Developer/Xcode/DerivedData/Chatlio-erkyzdeecsohoaggpwbjdvavzqfv/Build/Intermediates.noindex/swift-collections.build/Debug-iphonesimulator/DequeModule.build/Objects-normal/x86_64/Binary/DequeModule.o -output /Users/aadityasingh/Library/Developer/Xcode/DerivedData/Chatlio-erkyzdeecsohoaggpwbjdvavzqfv/Build/Products/Debug-iphonesimulator/DequeModule.o

CreateUniversalBinary /Users/aadityasingh/Library/Developer/Xcode/DerivedData/Chatlio-erkyzdeecsohoaggpwbjdvavzqfv/Build/Products/Debug-iphonesimulator/HashTreeCollections.o normal arm64\ x86_64 (in target 'HashTreeCollections' from project 'swift-collections')
    cd /Users/aadityasingh/Library/Developer/Xcode/DerivedData/Chatlio-erkyzdeecsohoaggpwbjdvavzqfv/SourcePackages/checkouts/swift-collections
    /Applications/Xcode.app/Contents/Developer/Toolchains/XcodeDefault.xctoolchain/usr/bin/lipo -create /Users/aadityasingh/Library/Developer/Xcode/DerivedData/Chatlio-erkyzdeecsohoaggpwbjdvavzqfv/Build/Intermediates.noindex/swift-collections.build/Debug-iphonesimulator/HashTreeCollections.build/Objects-normal/arm64/Binary/HashTreeCollections.o /Users/aadityasingh/Library/Developer/Xcode/DerivedData/Chatlio-erkyzdeecsohoaggpwbjdvavzqfv/Build/Intermediates.noindex/swift-collections.build/Debug-iphonesimulator/HashTreeCollections.build/Objects-normal/x86_64/Binary/HashTreeCollections.o -output /Users/aadityasingh/Library/Developer/Xcode/DerivedData/Chatlio-erkyzdeecsohoaggpwbjdvavzqfv/Build/Products/Debug-iphonesimulator/HashTreeCollections.o

ExtractAppIntentsMetadata (in target '_RopeModule' from project 'swift-collections')
    cd /Users/aadityasingh/Library/Developer/Xcode/DerivedData/Chatlio-erkyzdeecsohoaggpwbjdvavzqfv/SourcePackages/checkouts/swift-collections
    /Applications/Xcode.app/Contents/Developer/Toolchains/XcodeDefault.xctoolchain/usr/bin/appintentsmetadataprocessor --toolchain-dir /Applications/Xcode.app/Contents/Developer/Toolchains/XcodeDefault.xctoolchain --module-name _RopeModule --sdk-root /Applications/Xcode.app/Contents/Developer/Platforms/iPhoneSimulator.platform/Developer/SDKs/iPhoneSimulator26.4.sdk --xcode-version 17E202 --platform-family iOS --deployment-target 12.0 --bundle-identifier swift-collections.-RopeModule --output /Users/aadityasingh/Library/Developer/Xcode/DerivedData/Chatlio-erkyzdeecsohoaggpwbjdvavzqfv/Build/Products/Debug-iphonesimulator/_RopeModule.appintents --target-triple arm64-apple-ios12.0-simulator --target-triple x86_64-apple-ios12.0-simulator --binary-file /Users/aadityasingh/Library/Developer/Xcode/DerivedData/Chatlio-erkyzdeecsohoaggpwbjdvavzqfv/Build/Products/Debug-iphonesimulator/_RopeModule.o --dependency-file /Users/aadityasingh/Library/Developer/Xcode/DerivedData/Chatlio-erkyzdeecsohoaggpwbjdvavzqfv/Build/Intermediates.noindex/swift-collections.build/Debug-iphonesimulator/_RopeModule.build/Objects-normal/arm64/_RopeModule_dependency_info.dat --dependency-file /Users/aadityasingh/Library/Developer/Xcode/DerivedData/Chatlio-erkyzdeecsohoaggpwbjdvavzqfv/Build/Intermediates.noindex/swift-collections.build/Debug-iphonesimulator/_RopeModule.build/Objects-normal/x86_64/_RopeModule_dependency_info.dat --stringsdata-file /Users/aadityasingh/Library/Developer/Xcode/DerivedData/Chatlio-erkyzdeecsohoaggpwbjdvavzqfv/Build/Intermediates.noindex/swift-collections.build/Debug-iphonesimulator/_RopeModule.build/Objects-normal/arm64/ExtractedAppShortcutsMetadata.stringsdata --stringsdata-file /Users/aadityasingh/Library/Developer/Xcode/DerivedData/Chatlio-erkyzdeecsohoaggpwbjdvavzqfv/Build/Intermediates.noindex/swift-collections.build/Debug-iphonesimulator/_RopeModule.build/Objects-normal/x86_64/ExtractedAppShortcutsMetadata.stringsdata --source-file-list /Users/aadityasingh/Library/Developer/Xcode/DerivedData/Chatlio-erkyzdeecsohoaggpwbjdvavzqfv/Build/Intermediates.noindex/swift-collections.build/Debug-iphonesimulator/_RopeModule.build/Objects-normal/arm64/_RopeModule.SwiftFileList --source-file-list /Users/aadityasingh/Library/Developer/Xcode/DerivedData/Chatlio-erkyzdeecsohoaggpwbjdvavzqfv/Build/Intermediates.noindex/swift-collections.build/Debug-iphonesimulator/_RopeModule.build/Objects-normal/x86_64/_RopeModule.SwiftFileList --metadata-file-list /Users/aadityasingh/Library/Developer/Xcode/DerivedData/Chatlio-erkyzdeecsohoaggpwbjdvavzqfv/Build/Intermediates.noindex/swift-collections.build/Debug-iphonesimulator/_RopeModule.build/_RopeModule.DependencyMetadataFileList --static-metadata-file-list /Users/aadityasingh/Library/Developer/Xcode/DerivedData/Chatlio-erkyzdeecsohoaggpwbjdvavzqfv/Build/Intermediates.noindex/swift-collections.build/Debug-iphonesimulator/_RopeModule.build/_RopeModule.DependencyStaticMetadataFileList --swift-const-vals-list /Users/aadityasingh/Library/Developer/Xcode/DerivedData/Chatlio-erkyzdeecsohoaggpwbjdvavzqfv/Build/Intermediates.noindex/swift-collections.build/Debug-iphonesimulator/_RopeModule.build/Objects-normal/arm64/_RopeModule.SwiftConstValuesFileList --swift-const-vals-list /Users/aadityasingh/Library/Developer/Xcode/DerivedData/Chatlio-erkyzdeecsohoaggpwbjdvavzqfv/Build/Intermediates.noindex/swift-collections.build/Debug-iphonesimulator/_RopeModule.build/Objects-normal/x86_64/_RopeModule.SwiftConstValuesFileList --force --compile-time-extraction --deployment-aware-processing --validate-assistant-intents --no-app-shortcuts-localization
2026-05-11 23:03:59.483 appintentsmetadataprocessor[20581:2640462] Starting appintentsmetadataprocessor export
2026-05-11 23:03:59.509 appintentsmetadataprocessor[20581:2640462] Extracted no relevant App Intents symbols, skipping writing output

ExtractAppIntentsMetadata (in target 'OrderedCollections' from project 'swift-collections')
    cd /Users/aadityasingh/Library/Developer/Xcode/DerivedData/Chatlio-erkyzdeecsohoaggpwbjdvavzqfv/SourcePackages/checkouts/swift-collections
    /Applications/Xcode.app/Contents/Developer/Toolchains/XcodeDefault.xctoolchain/usr/bin/appintentsmetadataprocessor --toolchain-dir /Applications/Xcode.app/Contents/Developer/Toolchains/XcodeDefault.xctoolchain --module-name OrderedCollections --sdk-root /Applications/Xcode.app/Contents/Developer/Platforms/iPhoneSimulator.platform/Developer/SDKs/iPhoneSimulator26.4.sdk --xcode-version 17E202 --platform-family iOS --deployment-target 12.0 --bundle-identifier swift-collections.OrderedCollections --output /Users/aadityasingh/Library/Developer/Xcode/DerivedData/Chatlio-erkyzdeecsohoaggpwbjdvavzqfv/Build/Products/Debug-iphonesimulator/OrderedCollections.appintents --target-triple arm64-apple-ios12.0-simulator --target-triple x86_64-apple-ios12.0-simulator --binary-file /Users/aadityasingh/Library/Developer/Xcode/DerivedData/Chatlio-erkyzdeecsohoaggpwbjdvavzqfv/Build/Products/Debug-iphonesimulator/OrderedCollections.o --dependency-file /Users/aadityasingh/Library/Developer/Xcode/DerivedData/Chatlio-erkyzdeecsohoaggpwbjdvavzqfv/Build/Intermediates.noindex/swift-collections.build/Debug-iphonesimulator/OrderedCollections.build/Objects-normal/arm64/OrderedCollections_dependency_info.dat --dependency-file /Users/aadityasingh/Library/Developer/Xcode/DerivedData/Chatlio-erkyzdeecsohoaggpwbjdvavzqfv/Build/Intermediates.noindex/swift-collections.build/Debug-iphonesimulator/OrderedCollections.build/Objects-normal/x86_64/OrderedCollections_dependency_info.dat --stringsdata-file /Users/aadityasingh/Library/Developer/Xcode/DerivedData/Chatlio-erkyzdeecsohoaggpwbjdvavzqfv/Build/Intermediates.noindex/swift-collections.build/Debug-iphonesimulator/OrderedCollections.build/Objects-normal/arm64/ExtractedAppShortcutsMetadata.stringsdata --stringsdata-file /Users/aadityasingh/Library/Developer/Xcode/DerivedData/Chatlio-erkyzdeecsohoaggpwbjdvavzqfv/Build/Intermediates.noindex/swift-collections.build/Debug-iphonesimulator/OrderedCollections.build/Objects-normal/x86_64/ExtractedAppShortcutsMetadata.stringsdata --source-file-list /Users/aadityasingh/Library/Developer/Xcode/DerivedData/Chatlio-erkyzdeecsohoaggpwbjdvavzqfv/Build/Intermediates.noindex/swift-collections.build/Debug-iphonesimulator/OrderedCollections.build/Objects-normal/arm64/OrderedCollections.SwiftFileList --source-file-list /Users/aadityasingh/Library/Developer/Xcode/DerivedData/Chatlio-erkyzdeecsohoaggpwbjdvavzqfv/Build/Intermediates.noindex/swift-collections.build/Debug-iphonesimulator/OrderedCollections.build/Objects-normal/x86_64/OrderedCollections.SwiftFileList --metadata-file-list /Users/aadityasingh/Library/Developer/Xcode/DerivedData/Chatlio-erkyzdeecsohoaggpwbjdvavzqfv/Build/Intermediates.noindex/swift-collections.build/Debug-iphonesimulator/OrderedCollections.build/OrderedCollections.DependencyMetadataFileList --static-metadata-file-list /Users/aadityasingh/Library/Developer/Xcode/DerivedData/Chatlio-erkyzdeecsohoaggpwbjdvavzqfv/Build/Intermediates.noindex/swift-collections.build/Debug-iphonesimulator/OrderedCollections.build/OrderedCollections.DependencyStaticMetadataFileList --swift-const-vals-list /Users/aadityasingh/Library/Developer/Xcode/DerivedData/Chatlio-erkyzdeecsohoaggpwbjdvavzqfv/Build/Intermediates.noindex/swift-collections.build/Debug-iphonesimulator/OrderedCollections.build/Objects-normal/arm64/OrderedCollections.SwiftConstValuesFileList --swift-const-vals-list /Users/aadityasingh/Library/Developer/Xcode/DerivedData/Chatlio-erkyzdeecsohoaggpwbjdvavzqfv/Build/Intermediates.noindex/swift-collections.build/Debug-iphonesimulator/OrderedCollections.build/Objects-normal/x86_64/OrderedCollections.SwiftConstValuesFileList --force --compile-time-extraction --deployment-aware-processing --validate-assistant-intents --no-app-shortcuts-localization
2026-05-11 23:03:59.484 appintentsmetadataprocessor[20582:2640463] Starting appintentsmetadataprocessor export
2026-05-11 23:03:59.508 appintentsmetadataprocessor[20582:2640463] Extracted no relevant App Intents symbols, skipping writing output

RegisterExecutionPolicyException /Users/aadityasingh/Library/Developer/Xcode/DerivedData/Chatlio-erkyzdeecsohoaggpwbjdvavzqfv/Build/Products/Debug-iphonesimulator/MatrixRustSDK.o (in target 'MatrixRustSDK' from project 'MatrixRustSDK')
    cd /Users/aadityasingh/Documents/Development/matrix-rust-sdk-local
    builtin-RegisterExecutionPolicyException /Users/aadityasingh/Library/Developer/Xcode/DerivedData/Chatlio-erkyzdeecsohoaggpwbjdvavzqfv/Build/Products/Debug-iphonesimulator/MatrixRustSDK.o

ExtractAppIntentsMetadata (in target 'HeapModule' from project 'swift-collections')
    cd /Users/aadityasingh/Library/Developer/Xcode/DerivedData/Chatlio-erkyzdeecsohoaggpwbjdvavzqfv/SourcePackages/checkouts/swift-collections
    /Applications/Xcode.app/Contents/Developer/Toolchains/XcodeDefault.xctoolchain/usr/bin/appintentsmetadataprocessor --toolchain-dir /Applications/Xcode.app/Contents/Developer/Toolchains/XcodeDefault.xctoolchain --module-name HeapModule --sdk-root /Applications/Xcode.app/Contents/Developer/Platforms/iPhoneSimulator.platform/Developer/SDKs/iPhoneSimulator26.4.sdk --xcode-version 17E202 --platform-family iOS --deployment-target 12.0 --bundle-identifier swift-collections.HeapModule --output /Users/aadityasingh/Library/Developer/Xcode/DerivedData/Chatlio-erkyzdeecsohoaggpwbjdvavzqfv/Build/Products/Debug-iphonesimulator/HeapModule.appintents --target-triple arm64-apple-ios12.0-simulator --target-triple x86_64-apple-ios12.0-simulator --binary-file /Users/aadityasingh/Library/Developer/Xcode/DerivedData/Chatlio-erkyzdeecsohoaggpwbjdvavzqfv/Build/Products/Debug-iphonesimulator/HeapModule.o --dependency-file /Users/aadityasingh/Library/Developer/Xcode/DerivedData/Chatlio-erkyzdeecsohoaggpwbjdvavzqfv/Build/Intermediates.noindex/swift-collections.build/Debug-iphonesimulator/HeapModule.build/Objects-normal/arm64/HeapModule_dependency_info.dat --dependency-file /Users/aadityasingh/Library/Developer/Xcode/DerivedData/Chatlio-erkyzdeecsohoaggpwbjdvavzqfv/Build/Intermediates.noindex/swift-collections.build/Debug-iphonesimulator/HeapModule.build/Objects-normal/x86_64/HeapModule_dependency_info.dat --stringsdata-file /Users/aadityasingh/Library/Developer/Xcode/DerivedData/Chatlio-erkyzdeecsohoaggpwbjdvavzqfv/Build/Intermediates.noindex/swift-collections.build/Debug-iphonesimulator/HeapModule.build/Objects-normal/arm64/ExtractedAppShortcutsMetadata.stringsdata --stringsdata-file /Users/aadityasingh/Library/Developer/Xcode/DerivedData/Chatlio-erkyzdeecsohoaggpwbjdvavzqfv/Build/Intermediates.noindex/swift-collections.build/Debug-iphonesimulator/HeapModule.build/Objects-normal/x86_64/ExtractedAppShortcutsMetadata.stringsdata --source-file-list /Users/aadityasingh/Library/Developer/Xcode/DerivedData/Chatlio-erkyzdeecsohoaggpwbjdvavzqfv/Build/Intermediates.noindex/swift-collections.build/Debug-iphonesimulator/HeapModule.build/Objects-normal/arm64/HeapModule.SwiftFileList --source-file-list /Users/aadityasingh/Library/Developer/Xcode/DerivedData/Chatlio-erkyzdeecsohoaggpwbjdvavzqfv/Build/Intermediates.noindex/swift-collections.build/Debug-iphonesimulator/HeapModule.build/Objects-normal/x86_64/HeapModule.SwiftFileList --metadata-file-list /Users/aadityasingh/Library/Developer/Xcode/DerivedData/Chatlio-erkyzdeecsohoaggpwbjdvavzqfv/Build/Intermediates.noindex/swift-collections.build/Debug-iphonesimulator/HeapModule.build/HeapModule.DependencyMetadataFileList --static-metadata-file-list /Users/aadityasingh/Library/Developer/Xcode/DerivedData/Chatlio-erkyzdeecsohoaggpwbjdvavzqfv/Build/Intermediates.noindex/swift-collections.build/Debug-iphonesimulator/HeapModule.build/HeapModule.DependencyStaticMetadataFileList --swift-const-vals-list /Users/aadityasingh/Library/Developer/Xcode/DerivedData/Chatlio-erkyzdeecsohoaggpwbjdvavzqfv/Build/Intermediates.noindex/swift-collections.build/Debug-iphonesimulator/HeapModule.build/Objects-normal/arm64/HeapModule.SwiftConstValuesFileList --swift-const-vals-list /Users/aadityasingh/Library/Developer/Xcode/DerivedData/Chatlio-erkyzdeecsohoaggpwbjdvavzqfv/Build/Intermediates.noindex/swift-collections.build/Debug-iphonesimulator/HeapModule.build/Objects-normal/x86_64/HeapModule.SwiftConstValuesFileList --force --compile-time-extraction --deployment-aware-processing --validate-assistant-intents --no-app-shortcuts-localization
2026-05-11 23:03:59.484 appintentsmetadataprocessor[20583:2640464] Starting appintentsmetadataprocessor export
2026-05-11 23:03:59.497 appintentsmetadataprocessor[20583:2640464] Extracted no relevant App Intents symbols, skipping writing output

Touch /Users/aadityasingh/Library/Developer/Xcode/DerivedData/Chatlio-erkyzdeecsohoaggpwbjdvavzqfv/Build/Products/Debug-iphonesimulator/Emojibase_Emojibase.bundle (in target 'Emojibase_Emojibase' from project 'Emojibase')
    cd /Users/aadityasingh/Library/Developer/Xcode/DerivedData/Chatlio-erkyzdeecsohoaggpwbjdvavzqfv/SourcePackages/checkouts/emojibase-bindings
    /usr/bin/touch -c /Users/aadityasingh/Library/Developer/Xcode/DerivedData/Chatlio-erkyzdeecsohoaggpwbjdvavzqfv/Build/Products/Debug-iphonesimulator/Emojibase_Emojibase.bundle

CreateUniversalBinary /Users/aadityasingh/Library/Developer/Xcode/DerivedData/Chatlio-erkyzdeecsohoaggpwbjdvavzqfv/Build/Products/Debug-iphonesimulator/BitCollections.o normal arm64\ x86_64 (in target 'BitCollections' from project 'swift-collections')
    cd /Users/aadityasingh/Library/Developer/Xcode/DerivedData/Chatlio-erkyzdeecsohoaggpwbjdvavzqfv/SourcePackages/checkouts/swift-collections
    /Applications/Xcode.app/Contents/Developer/Toolchains/XcodeDefault.xctoolchain/usr/bin/lipo -create /Users/aadityasingh/Library/Developer/Xcode/DerivedData/Chatlio-erkyzdeecsohoaggpwbjdvavzqfv/Build/Intermediates.noindex/swift-collections.build/Debug-iphonesimulator/BitCollections.build/Objects-normal/arm64/Binary/BitCollections.o /Users/aadityasingh/Library/Developer/Xcode/DerivedData/Chatlio-erkyzdeecsohoaggpwbjdvavzqfv/Build/Intermediates.noindex/swift-collections.build/Debug-iphonesimulator/BitCollections.build/Objects-normal/x86_64/Binary/BitCollections.o -output /Users/aadityasingh/Library/Developer/Xcode/DerivedData/Chatlio-erkyzdeecsohoaggpwbjdvavzqfv/Build/Products/Debug-iphonesimulator/BitCollections.o

Touch /Users/aadityasingh/Library/Developer/Xcode/DerivedData/Chatlio-erkyzdeecsohoaggpwbjdvavzqfv/Build/Products/Debug-iphonesimulator/EmbeddedElementCall_EmbeddedElementCall.bundle (in target 'EmbeddedElementCall_EmbeddedElementCall' from project 'EmbeddedElementCall')
    cd /Users/aadityasingh/Library/Developer/Xcode/DerivedData/Chatlio-erkyzdeecsohoaggpwbjdvavzqfv/SourcePackages/checkouts/element-call-swift
    /usr/bin/touch -c /Users/aadityasingh/Library/Developer/Xcode/DerivedData/Chatlio-erkyzdeecsohoaggpwbjdvavzqfv/Build/Products/Debug-iphonesimulator/EmbeddedElementCall_EmbeddedElementCall.bundle

RegisterExecutionPolicyException /Users/aadityasingh/Library/Developer/Xcode/DerivedData/Chatlio-erkyzdeecsohoaggpwbjdvavzqfv/Build/Products/Debug-iphonesimulator/DeviceKit_DeviceKit.bundle (in target 'DeviceKit_DeviceKit' from project 'DeviceKit')
    cd /Users/aadityasingh/Library/Developer/Xcode/DerivedData/Chatlio-erkyzdeecsohoaggpwbjdvavzqfv/SourcePackages/checkouts/DeviceKit
    builtin-RegisterExecutionPolicyException /Users/aadityasingh/Library/Developer/Xcode/DerivedData/Chatlio-erkyzdeecsohoaggpwbjdvavzqfv/Build/Products/Debug-iphonesimulator/DeviceKit_DeviceKit.bundle

RegisterExecutionPolicyException /Users/aadityasingh/Library/Developer/Xcode/DerivedData/Chatlio-erkyzdeecsohoaggpwbjdvavzqfv/Build/Products/Debug-iphonesimulator/DTCoreText_DTCoreText.bundle (in target 'DTCoreText_DTCoreText' from project 'DTCoreText')
    cd /Users/aadityasingh/Library/Developer/Xcode/DerivedData/Chatlio-erkyzdeecsohoaggpwbjdvavzqfv/SourcePackages/checkouts/DTCoreText
    builtin-RegisterExecutionPolicyException /Users/aadityasingh/Library/Developer/Xcode/DerivedData/Chatlio-erkyzdeecsohoaggpwbjdvavzqfv/Build/Products/Debug-iphonesimulator/DTCoreText_DTCoreText.bundle

SwiftDriver Compound normal x86_64 com.apple.xcode.tools.swift.compiler (in target 'Compound' from project 'Compound')
    cd /Users/aadityasingh/Documents/Development/element-x-ios/Chatlio.xcodeproj
    builtin-SwiftDriver -- /Applications/Xcode.app/Contents/Developer/Toolchains/XcodeDefault.xctoolchain/usr/bin/swiftc -module-name Compound -Onone @/Users/aadityasingh/Library/Developer/Xcode/DerivedData/Chatlio-erkyzdeecsohoaggpwbjdvavzqfv/Build/Intermediates.noindex/Compound.build/Debug-iphonesimulator/Compound.build/Objects-normal/x86_64/Compound.SwiftFileList -DSWIFT_PACKAGE -DDEBUG -DSWIFT_MODULE_RESOURCE_BUNDLE_UNAVAILABLE -DXcode -default-isolation MainActor -plugin-path /Applications/Xcode.app/Contents/Developer/Toolchains/XcodeDefault.xctoolchain/usr/lib/swift/host/plugins/testing -enable-experimental-feature DebugDescriptionMacro -sdk /Applications/Xcode.app/Contents/Developer/Platforms/iPhoneSimulator.platform/Developer/SDKs/iPhoneSimulator26.4.sdk -target x86_64-apple-ios17.0-simulator -g -module-cache-path /Users/aadityasingh/Library/Developer/Xcode/DerivedData/ModuleCache.noindex -Xfrontend -serialize-debugging-options -profile-coverage-mapping -profile-generate -enable-testing -index-store-path /Users/aadityasingh/Library/Developer/Xcode/DerivedData/Chatlio-erkyzdeecsohoaggpwbjdvavzqfv/Index.noindex/DataStore -Xcc -D_LIBCPP_HARDENING_MODE\=_LIBCPP_HARDENING_MODE_DEBUG -swift-version 6 -I /Users/aadityasingh/Library/Developer/Xcode/DerivedData/Chatlio-erkyzdeecsohoaggpwbjdvavzqfv/Build/Products/Debug-iphonesimulator -Isystem /Applications/Xcode.app/Contents/Developer/Platforms/iPhoneSimulator.platform/Developer/usr/lib -F /Users/aadityasingh/Library/Developer/Xcode/DerivedData/Chatlio-erkyzdeecsohoaggpwbjdvavzqfv/Build/Products/Debug-iphonesimulator/PackageFrameworks -F /Users/aadityasingh/Library/Developer/Xcode/DerivedData/Chatlio-erkyzdeecsohoaggpwbjdvavzqfv/Build/Products/Debug-iphonesimulator/PackageFrameworks -F /Users/aadityasingh/Library/Developer/Xcode/DerivedData/Chatlio-erkyzdeecsohoaggpwbjdvavzqfv/Build/Products/Debug-iphonesimulator/PackageFrameworks -F /Users/aadityasingh/Library/Developer/Xcode/DerivedData/Chatlio-erkyzdeecsohoaggpwbjdvavzqfv/Build/Products/Debug-iphonesimulator -F /Applications/Xcode.app/Contents/Developer/Platforms/iPhoneSimulator.platform/Developer/Library/Frameworks -F /Applications/Xcode.app/Contents/Developer/Platforms/iPhoneSimulator.platform/Developer/SDKs/iPhoneSimulator26.4.sdk/Developer/Library/Frameworks -c -j12 -enable-batch-mode -incremental -Xcc -ivfsstatcache -Xcc /Users/aadityasingh/Library/Developer/Xcode/DerivedData/SDKStatCaches.noindex/iphonesimulator26.4-23E252-686eebb5dc1d8ecb277353a59184f4aa.sdkstatcache -output-file-map /Users/aadityasingh/Library/Developer/Xcode/DerivedData/Chatlio-erkyzdeecsohoaggpwbjdvavzqfv/Build/Intermediates.noindex/Compound.build/Debug-iphonesimulator/Compound.build/Objects-normal/x86_64/Compound-OutputFileMap.json -use-frontend-parseable-output -save-temps -no-color-diagnostics -explicit-module-build -module-cache-path /Users/aadityasingh/Library/Developer/Xcode/DerivedData/Chatlio-erkyzdeecsohoaggpwbjdvavzqfv/Build/Intermediates.noindex/SwiftExplicitPrecompiledModules -clang-scanner-module-cache-path /Users/aadityasingh/Library/Developer/Xcode/DerivedData/ModuleCache.noindex -sdk-module-cache-path /Users/aadityasingh/Library/Developer/Xcode/DerivedData/ModuleCache.noindex -serialize-diagnostics -emit-dependencies -emit-module -emit-module-path /Users/aadityasingh/Library/Developer/Xcode/DerivedData/Chatlio-erkyzdeecsohoaggpwbjdvavzqfv/Build/Intermediates.noindex/Compound.build/Debug-iphonesimulator/Compound.build/Objects-normal/x86_64/Compound.swiftmodule -validate-clang-modules-once -clang-build-session-file /Users/aadityasingh/Library/Developer/Xcode/DerivedData/ModuleCache.noindex/Session.modulevalidation -package-name compound_ios -Xcc -I/Users/aadityasingh/Library/Developer/Xcode/DerivedData/Chatlio-erkyzdeecsohoaggpwbjdvavzqfv/Build/Intermediates.noindex/Compound.build/Debug-iphonesimulator/Compound.build/swift-overrides.hmap -emit-const-values -Xfrontend -const-gather-protocols-file -Xfrontend /Users/aadityasingh/Library/Developer/Xcode/DerivedData/Chatlio-erkyzdeecsohoaggpwbjdvavzqfv/Build/Intermediates.noindex/Compound.build/Debug-iphonesimulator/Compound.build/Objects-normal/x86_64/Compound_const_extract_protocols.json -Xcc -I/Users/aadityasingh/Library/Developer/Xcode/DerivedData/Chatlio-erkyzdeecsohoaggpwbjdvavzqfv/Build/Products/Debug-iphonesimulator/include -Xcc -I/Users/aadityasingh/Library/Developer/Xcode/DerivedData/Chatlio-erkyzdeecsohoaggpwbjdvavzqfv/Build/Intermediates.noindex/Compound.build/Debug-iphonesimulator/Compound.build/DerivedSources-normal/x86_64 -Xcc -I/Users/aadityasingh/Library/Developer/Xcode/DerivedData/Chatlio-erkyzdeecsohoaggpwbjdvavzqfv/Build/Intermediates.noindex/Compound.build/Debug-iphonesimulator/Compound.build/DerivedSources/x86_64 -Xcc -I/Users/aadityasingh/Library/Developer/Xcode/DerivedData/Chatlio-erkyzdeecsohoaggpwbjdvavzqfv/Build/Intermediates.noindex/Compound.build/Debug-iphonesimulator/Compound.build/DerivedSources -Xcc -DSWIFT_PACKAGE -Xcc -DDEBUG\=1 -emit-objc-header -emit-objc-header-path /Users/aadityasingh/Library/Developer/Xcode/DerivedData/Chatlio-erkyzdeecsohoaggpwbjdvavzqfv/Build/Intermediates.noindex/Compound.build/Debug-iphonesimulator/Compound.build/Objects-normal/x86_64/Compound-Swift.h -working-directory /Users/aadityasingh/Documents/Development/element-x-ios/Chatlio.xcodeproj -experimental-emit-module-separately -disable-cmo
warning: next compile won't be incremental; could not write dependency graph: Could not write to /Users/aadityasingh/Library/Developer/Xcode/DerivedData/Chatlio-erkyzdeecsohoaggpwbjdvavzqfv/Build/Intermediates.noindex/Kingfisher.build/Debug-iphonesimulator/Kingfisher.build/Objects-normal/x86_64/Kingfisher-primary.priors, error: The folder “Kingfisher-primary.priors” doesn’t exist.
<unknown>:0: error: cannot open file '/Users/aadityasingh/Library/Developer/Xcode/DerivedData/Chatlio-erkyzdeecsohoaggpwbjdvavzqfv/Build/Intermediates.noindex/swift-async-algorithms.build/Debug-iphonesimulator/AsyncAlgorithms.build/Objects-normal/arm64/AsyncAlgorithms.dependency-scan.dia' for diagnostics emission (No such file or directory)
/Users/aadityasingh/Library/Developer/Xcode/DerivedData/Chatlio-erkyzdeecsohoaggpwbjdvavzqfv/SourcePackages/checkouts/swift-async-algorithms/Sources/AsyncAlgorithms/AsyncShareSequence.swift:15:8: error: unable to resolve module dependency: 'DequeModule'
import DequeModule
       ^
/Users/aadityasingh/Library/Developer/Xcode/DerivedData/Chatlio-erkyzdeecsohoaggpwbjdvavzqfv/SourcePackages/checkouts/swift-async-algorithms/Sources/AsyncAlgorithms/AsyncShareSequence.swift:15:8: note: a dependency of main module 'AsyncAlgorithms'
import DequeModule
       ^
/Users/aadityasingh/Library/Developer/Xcode/DerivedData/Chatlio-erkyzdeecsohoaggpwbjdvavzqfv/SourcePackages/checkouts/swift-async-algorithms/Sources/AsyncAlgorithms/Buffer/BoundedBufferStateMachine.swift:12:8: note: also imported here
import DequeModule
       ^
/Users/aadityasingh/Library/Developer/Xcode/DerivedData/Chatlio-erkyzdeecsohoaggpwbjdvavzqfv/SourcePackages/checkouts/swift-async-algorithms/Sources/AsyncAlgorithms/Buffer/UnboundedBufferStateMachine.swift:12:8: note: also imported here
import DequeModule
       ^
/Users/aadityasingh/Library/Developer/Xcode/DerivedData/Chatlio-erkyzdeecsohoaggpwbjdvavzqfv/SourcePackages/checkouts/swift-async-algorithms/Sources/AsyncAlgorithms/CombineLatest/CombineLatestStateMachine.swift:12:8: note: also imported here
import DequeModule
       ^
/Users/aadityasingh/Library/Developer/Xcode/DerivedData/Chatlio-erkyzdeecsohoaggpwbjdvavzqfv/SourcePackages/checkouts/swift-async-algorithms/Sources/AsyncAlgorithms/FlatMapLatest/FlatMapLatestStateMachine.swift:12:8: note: also imported here
import DequeModule
       ^
/Users/aadityasingh/Library/Developer/Xcode/DerivedData/Chatlio-erkyzdeecsohoaggpwbjdvavzqfv/SourcePackages/checkouts/swift-async-algorithms/Sources/AsyncAlgorithms/Merge/AsyncMerge2Sequence.swift:12:8: note: also imported here
import DequeModule
       ^
/Users/aadityasingh/Library/Developer/Xcode/DerivedData/Chatlio-erkyzdeecsohoaggpwbjdvavzqfv/SourcePackages/checkouts/swift-async-algorithms/Sources/AsyncAlgorithms/Merge/AsyncMerge3Sequence.swift:12:8: note: also imported here
import DequeModule
       ^
/Users/aadityasingh/Library/Developer/Xcode/DerivedData/Chatlio-erkyzdeecsohoaggpwbjdvavzqfv/SourcePackages/checkouts/swift-async-algorithms/Sources/AsyncAlgorithms/Merge/MergeStateMachine.swift:12:8: note: also imported here
import DequeModule
       ^
/Users/aadityasingh/Library/Developer/Xcode/DerivedData/Chatlio-erkyzdeecsohoaggpwbjdvavzqfv/SourcePackages/checkouts/swift-async-algorithms/Sources/AsyncAlgorithms/MultiProducerSingleConsumerChannel/MultiProducerSingleConsumerAsyncChannel+Internal.swift:13:8: note: also imported here
import DequeModule
       ^
/Users/aadityasingh/Library/Developer/Xcode/DerivedData/Chatlio-erkyzdeecsohoaggpwbjdvavzqfv/SourcePackages/checkouts/swift-async-algorithms/Sources/AsyncAlgorithms/Channels/ChannelStateMachine.swift:11:8: error: unable to resolve module dependency: 'OrderedCollections'
import OrderedCollections
       ^
/Users/aadityasingh/Library/Developer/Xcode/DerivedData/Chatlio-erkyzdeecsohoaggpwbjdvavzqfv/SourcePackages/checkouts/swift-async-algorithms/Sources/AsyncAlgorithms/Channels/ChannelStateMachine.swift:11:8: note: a dependency of main module 'AsyncAlgorithms'
import OrderedCollections
       ^
warning: next compile won't be incremental; could not write dependency graph: Could not write to /Users/aadityasingh/Library/Developer/Xcode/DerivedData/Chatlio-erkyzdeecsohoaggpwbjdvavzqfv/Build/Intermediates.noindex/swift-collections.build/Debug-iphonesimulator/_RopeModule.build/Objects-normal/arm64/_RopeModule-primary.priors, error: The folder “_RopeModule-primary.priors” doesn’t exist.
warning: next compile won't be incremental; could not write dependency graph: Could not write to /Users/aadityasingh/Library/Developer/Xcode/DerivedData/Chatlio-erkyzdeecsohoaggpwbjdvavzqfv/Build/Intermediates.noindex/swift-async-algorithms.build/Debug-iphonesimulator/AsyncAlgorithms.build/Objects-normal/arm64/AsyncAlgorithms-primary.priors, error: The folder “AsyncAlgorithms-primary.priors” doesn’t exist.
warning: next compile won't be incremental; could not write dependency graph: Could not write to /Users/aadityasingh/Library/Developer/Xcode/DerivedData/Chatlio-erkyzdeecsohoaggpwbjdvavzqfv/Build/Intermediates.noindex/swift-collections.build/Debug-iphonesimulator/_RopeModule.build/Objects-normal/x86_64/_RopeModule-primary.priors, error: The folder “_RopeModule-primary.priors” doesn’t exist.
warning: next compile won't be incremental; could not write dependency graph: Could not write to /Users/aadityasingh/Library/Developer/Xcode/DerivedData/Chatlio-erkyzdeecsohoaggpwbjdvavzqfv/Build/Intermediates.noindex/swift-collections.build/Debug-iphonesimulator/Collections.build/Objects-normal/arm64/Collections-primary.priors, error: The folder “Collections-primary.priors” doesn’t exist.
warning: next compile won't be incremental; could not write dependency graph: Could not write to /Users/aadityasingh/Library/Developer/Xcode/DerivedData/Chatlio-erkyzdeecsohoaggpwbjdvavzqfv/Build/Intermediates.noindex/swift-collections.build/Debug-iphonesimulator/Collections.build/Objects-normal/x86_64/Collections-primary.priors, error: The folder “Collections-primary.priors” doesn’t exist.
remark: Incremental compilation has been disabled: malformed dependencies file '/Users/aadityasingh/Library/Developer/Xcode/DerivedData/Chatlio-erkyzdeecsohoaggpwbjdvavzqfv/Build/Intermediates.noindex/swift-algorithms.build/Debug-iphonesimulator/Algorithms.build/Objects-normal/arm64/EitherSequence.swiftdeps'
remark: Incremental compilation has been disabled: malformed dependencies file '/Users/aadityasingh/Library/Developer/Xcode/DerivedData/Chatlio-erkyzdeecsohoaggpwbjdvavzqfv/Build/Intermediates.noindex/swift-algorithms.build/Debug-iphonesimulator/Algorithms.build/Objects-normal/arm64/FirstNonNil.swiftdeps'
remark: Incremental compilation has been disabled: malformed dependencies file '/Users/aadityasingh/Library/Developer/Xcode/DerivedData/Chatlio-erkyzdeecsohoaggpwbjdvavzqfv/Build/Intermediates.noindex/swift-algorithms.build/Debug-iphonesimulator/Algorithms.build/Objects-normal/arm64/FlattenCollection.swiftdeps'
<unknown>:0: error: cannot open file '/Users/aadityasingh/Library/Developer/Xcode/DerivedData/Chatlio-erkyzdeecsohoaggpwbjdvavzqfv/Build/Intermediates.noindex/Compound.build/Debug-iphonesimulator/Compound.build/Objects-normal/x86_64/Compound.dependency-scan.dia' for diagnostics emission (No such file or directory)
warning: next compile won't be incremental; could not write dependency graph: Could not write to /Users/aadityasingh/Library/Developer/Xcode/DerivedData/Chatlio-erkyzdeecsohoaggpwbjdvavzqfv/Build/Intermediates.noindex/swift-collections.build/Debug-iphonesimulator/OrderedCollections.build/Objects-normal/x86_64/OrderedCollections-primary.priors, error: The folder “OrderedCollections-primary.priors” doesn’t exist.
<unknown>:0: error: cannot open file '/Users/aadityasingh/Library/Developer/Xcode/DerivedData/Chatlio-erkyzdeecsohoaggpwbjdvavzqfv/Build/Intermediates.noindex/Compound.build/Debug-iphonesimulator/Compound.build/Objects-normal/arm64/Compound.dependency-scan.dia' for diagnostics emission (No such file or directory)
warning: next compile won't be incremental; could not write dependency graph: Could not write to /Users/aadityasingh/Library/Developer/Xcode/DerivedData/Chatlio-erkyzdeecsohoaggpwbjdvavzqfv/Build/Intermediates.noindex/swift-collections.build/Debug-iphonesimulator/OrderedCollections.build/Objects-normal/arm64/OrderedCollections-primary.priors, error: The folder “OrderedCollections-primary.priors” doesn’t exist.
warning: next compile won't be incremental; could not write dependency graph: Could not write to /Users/aadityasingh/Library/Developer/Xcode/DerivedData/Chatlio-erkyzdeecsohoaggpwbjdvavzqfv/Build/Intermediates.noindex/Compound.build/Debug-iphonesimulator/Compound.build/Objects-normal/x86_64/Compound-primary.priors, error: The folder “Compound-primary.priors” doesn’t exist.
error: The file “Compound-dependencies-1.json” doesn’t exist. (in target 'Compound' from project 'Compound')
warning: Next compile won't be incremental; could not write dependency graph: Could not write to /Users/aadityasingh/Library/Developer/Xcode/DerivedData/Chatlio-erkyzdeecsohoaggpwbjdvavzqfv/Build/Intermediates.noindex/Compound.build/Debug-iphonesimulator/Compound.build/Objects-normal/x86_64/Compound-primary.priors, error: The folder “Compound-primary.priors” doesn’t exist. (in target 'Compound' from project 'Compound')

SwiftDriver Compound normal arm64 com.apple.xcode.tools.swift.compiler (in target 'Compound' from project 'Compound')
    cd /Users/aadityasingh/Documents/Development/element-x-ios/Chatlio.xcodeproj
    builtin-SwiftDriver -- /Applications/Xcode.app/Contents/Developer/Toolchains/XcodeDefault.xctoolchain/usr/bin/swiftc -module-name Compound -Onone @/Users/aadityasingh/Library/Developer/Xcode/DerivedData/Chatlio-erkyzdeecsohoaggpwbjdvavzqfv/Build/Intermediates.noindex/Compound.build/Debug-iphonesimulator/Compound.build/Objects-normal/arm64/Compound.SwiftFileList -DSWIFT_PACKAGE -DDEBUG -DSWIFT_MODULE_RESOURCE_BUNDLE_UNAVAILABLE -DXcode -default-isolation MainActor -plugin-path /Applications/Xcode.app/Contents/Developer/Toolchains/XcodeDefault.xctoolchain/usr/lib/swift/host/plugins/testing -enable-experimental-feature DebugDescriptionMacro -sdk /Applications/Xcode.app/Contents/Developer/Platforms/iPhoneSimulator.platform/Developer/SDKs/iPhoneSimulator26.4.sdk -target arm64-apple-ios17.0-simulator -g -module-cache-path /Users/aadityasingh/Library/Developer/Xcode/DerivedData/ModuleCache.noindex -Xfrontend -serialize-debugging-options -profile-coverage-mapping -profile-generate -enable-testing -index-store-path /Users/aadityasingh/Library/Developer/Xcode/DerivedData/Chatlio-erkyzdeecsohoaggpwbjdvavzqfv/Index.noindex/DataStore -Xcc -D_LIBCPP_HARDENING_MODE\=_LIBCPP_HARDENING_MODE_DEBUG -swift-version 6 -I /Users/aadityasingh/Library/Developer/Xcode/DerivedData/Chatlio-erkyzdeecsohoaggpwbjdvavzqfv/Build/Products/Debug-iphonesimulator -Isystem /Applications/Xcode.app/Contents/Developer/Platforms/iPhoneSimulator.platform/Developer/usr/lib -F /Users/aadityasingh/Library/Developer/Xcode/DerivedData/Chatlio-erkyzdeecsohoaggpwbjdvavzqfv/Build/Products/Debug-iphonesimulator/PackageFrameworks -F /Users/aadityasingh/Library/Developer/Xcode/DerivedData/Chatlio-erkyzdeecsohoaggpwbjdvavzqfv/Build/Products/Debug-iphonesimulator/PackageFrameworks -F /Users/aadityasingh/Library/Developer/Xcode/DerivedData/Chatlio-erkyzdeecsohoaggpwbjdvavzqfv/Build/Products/Debug-iphonesimulator/PackageFrameworks -F /Users/aadityasingh/Library/Developer/Xcode/DerivedData/Chatlio-erkyzdeecsohoaggpwbjdvavzqfv/Build/Products/Debug-iphonesimulator -F /Applications/Xcode.app/Contents/Developer/Platforms/iPhoneSimulator.platform/Developer/Library/Frameworks -F /Applications/Xcode.app/Contents/Developer/Platforms/iPhoneSimulator.platform/Developer/SDKs/iPhoneSimulator26.4.sdk/Developer/Library/Frameworks -c -j12 -enable-batch-mode -incremental -Xcc -ivfsstatcache -Xcc /Users/aadityasingh/Library/Developer/Xcode/DerivedData/SDKStatCaches.noindex/iphonesimulator26.4-23E252-686eebb5dc1d8ecb277353a59184f4aa.sdkstatcache -output-file-map /Users/aadityasingh/Library/Developer/Xcode/DerivedData/Chatlio-erkyzdeecsohoaggpwbjdvavzqfv/Build/Intermediates.noindex/Compound.build/Debug-iphonesimulator/Compound.build/Objects-normal/arm64/Compound-OutputFileMap.json -use-frontend-parseable-output -save-temps -no-color-diagnostics -explicit-module-build -module-cache-path /Users/aadityasingh/Library/Developer/Xcode/DerivedData/Chatlio-erkyzdeecsohoaggpwbjdvavzqfv/Build/Intermediates.noindex/SwiftExplicitPrecompiledModules -clang-scanner-module-cache-path /Users/aadityasingh/Library/Developer/Xcode/DerivedData/ModuleCache.noindex -sdk-module-cache-path /Users/aadityasingh/Library/Developer/Xcode/DerivedData/ModuleCache.noindex -serialize-diagnostics -emit-dependencies -emit-module -emit-module-path /Users/aadityasingh/Library/Developer/Xcode/DerivedData/Chatlio-erkyzdeecsohoaggpwbjdvavzqfv/Build/Intermediates.noindex/Compound.build/Debug-iphonesimulator/Compound.build/Objects-normal/arm64/Compound.swiftmodule -validate-clang-modules-once -clang-build-session-file /Users/aadityasingh/Library/Developer/Xcode/DerivedData/ModuleCache.noindex/Session.modulevalidation -package-name compound_ios -Xcc -I/Users/aadityasingh/Library/Developer/Xcode/DerivedData/Chatlio-erkyzdeecsohoaggpwbjdvavzqfv/Build/Intermediates.noindex/Compound.build/Debug-iphonesimulator/Compound.build/swift-overrides.hmap -emit-const-values -Xfrontend -const-gather-protocols-file -Xfrontend /Users/aadityasingh/Library/Developer/Xcode/DerivedData/Chatlio-erkyzdeecsohoaggpwbjdvavzqfv/Build/Intermediates.noindex/Compound.build/Debug-iphonesimulator/Compound.build/Objects-normal/arm64/Compound_const_extract_protocols.json -Xcc -I/Users/aadityasingh/Library/Developer/Xcode/DerivedData/Chatlio-erkyzdeecsohoaggpwbjdvavzqfv/Build/Products/Debug-iphonesimulator/include -Xcc -I/Users/aadityasingh/Library/Developer/Xcode/DerivedData/Chatlio-erkyzdeecsohoaggpwbjdvavzqfv/Build/Intermediates.noindex/Compound.build/Debug-iphonesimulator/Compound.build/DerivedSources-normal/arm64 -Xcc -I/Users/aadityasingh/Library/Developer/Xcode/DerivedData/Chatlio-erkyzdeecsohoaggpwbjdvavzqfv/Build/Intermediates.noindex/Compound.build/Debug-iphonesimulator/Compound.build/DerivedSources/arm64 -Xcc -I/Users/aadityasingh/Library/Developer/Xcode/DerivedData/Chatlio-erkyzdeecsohoaggpwbjdvavzqfv/Build/Intermediates.noindex/Compound.build/Debug-iphonesimulator/Compound.build/DerivedSources -Xcc -DSWIFT_PACKAGE -Xcc -DDEBUG\=1 -emit-objc-header -emit-objc-header-path /Users/aadityasingh/Library/Developer/Xcode/DerivedData/Chatlio-erkyzdeecsohoaggpwbjdvavzqfv/Build/Intermediates.noindex/Compound.build/Debug-iphonesimulator/Compound.build/Objects-normal/arm64/Compound-Swift.h -working-directory /Users/aadityasingh/Documents/Development/element-x-ios/Chatlio.xcodeproj -experimental-emit-module-separately -disable-cmo
warning: next compile won't be incremental; could not write dependency graph: Could not write to /Users/aadityasingh/Library/Developer/Xcode/DerivedData/Chatlio-erkyzdeecsohoaggpwbjdvavzqfv/Build/Intermediates.noindex/Compound.build/Debug-iphonesimulator/Compound.build/Objects-normal/arm64/Compound-primary.priors, error: The folder “Compound-primary.priors” doesn’t exist.
error: The file “Compound-dependencies-2.json” doesn’t exist. (in target 'Compound' from project 'Compound')
warning: Next compile won't be incremental; could not write dependency graph: Could not write to /Users/aadityasingh/Library/Developer/Xcode/DerivedData/Chatlio-erkyzdeecsohoaggpwbjdvavzqfv/Build/Intermediates.noindex/Compound.build/Debug-iphonesimulator/Compound.build/Objects-normal/arm64/Compound-primary.priors, error: The folder “Compound-primary.priors” doesn’t exist. (in target 'Compound' from project 'Compound')

ExtractAppIntentsMetadata (in target 'HashTreeCollections' from project 'swift-collections')
    cd /Users/aadityasingh/Library/Developer/Xcode/DerivedData/Chatlio-erkyzdeecsohoaggpwbjdvavzqfv/SourcePackages/checkouts/swift-collections
    /Applications/Xcode.app/Contents/Developer/Toolchains/XcodeDefault.xctoolchain/usr/bin/appintentsmetadataprocessor --toolchain-dir /Applications/Xcode.app/Contents/Developer/Toolchains/XcodeDefault.xctoolchain --module-name HashTreeCollections --sdk-root /Applications/Xcode.app/Contents/Developer/Platforms/iPhoneSimulator.platform/Developer/SDKs/iPhoneSimulator26.4.sdk --xcode-version 17E202 --platform-family iOS --deployment-target 12.0 --bundle-identifier swift-collections.HashTreeCollections --output /Users/aadityasingh/Library/Developer/Xcode/DerivedData/Chatlio-erkyzdeecsohoaggpwbjdvavzqfv/Build/Products/Debug-iphonesimulator/HashTreeCollections.appintents --target-triple arm64-apple-ios12.0-simulator --target-triple x86_64-apple-ios12.0-simulator --binary-file /Users/aadityasingh/Library/Developer/Xcode/DerivedData/Chatlio-erkyzdeecsohoaggpwbjdvavzqfv/Build/Products/Debug-iphonesimulator/HashTreeCollections.o --dependency-file /Users/aadityasingh/Library/Developer/Xcode/DerivedData/Chatlio-erkyzdeecsohoaggpwbjdvavzqfv/Build/Intermediates.noindex/swift-collections.build/Debug-iphonesimulator/HashTreeCollections.build/Objects-normal/arm64/HashTreeCollections_dependency_info.dat --dependency-file /Users/aadityasingh/Library/Developer/Xcode/DerivedData/Chatlio-erkyzdeecsohoaggpwbjdvavzqfv/Build/Intermediates.noindex/swift-collections.build/Debug-iphonesimulator/HashTreeCollections.build/Objects-normal/x86_64/HashTreeCollections_dependency_info.dat --stringsdata-file /Users/aadityasingh/Library/Developer/Xcode/DerivedData/Chatlio-erkyzdeecsohoaggpwbjdvavzqfv/Build/Intermediates.noindex/swift-collections.build/Debug-iphonesimulator/HashTreeCollections.build/Objects-normal/arm64/ExtractedAppShortcutsMetadata.stringsdata --stringsdata-file /Users/aadityasingh/Library/Developer/Xcode/DerivedData/Chatlio-erkyzdeecsohoaggpwbjdvavzqfv/Build/Intermediates.noindex/swift-collections.build/Debug-iphonesimulator/HashTreeCollections.build/Objects-normal/x86_64/ExtractedAppShortcutsMetadata.stringsdata --source-file-list /Users/aadityasingh/Library/Developer/Xcode/DerivedData/Chatlio-erkyzdeecsohoaggpwbjdvavzqfv/Build/Intermediates.noindex/swift-collections.build/Debug-iphonesimulator/HashTreeCollections.build/Objects-normal/arm64/HashTreeCollections.SwiftFileList --source-file-list /Users/aadityasingh/Library/Developer/Xcode/DerivedData/Chatlio-erkyzdeecsohoaggpwbjdvavzqfv/Build/Intermediates.noindex/swift-collections.build/Debug-iphonesimulator/HashTreeCollections.build/Objects-normal/x86_64/HashTreeCollections.SwiftFileList --metadata-file-list /Users/aadityasingh/Library/Developer/Xcode/DerivedData/Chatlio-erkyzdeecsohoaggpwbjdvavzqfv/Build/Intermediates.noindex/swift-collections.build/Debug-iphonesimulator/HashTreeCollections.build/HashTreeCollections.DependencyMetadataFileList --static-metadata-file-list /Users/aadityasingh/Library/Developer/Xcode/DerivedData/Chatlio-erkyzdeecsohoaggpwbjdvavzqfv/Build/Intermediates.noindex/swift-collections.build/Debug-iphonesimulator/HashTreeCollections.build/HashTreeCollections.DependencyStaticMetadataFileList --swift-const-vals-list /Users/aadityasingh/Library/Developer/Xcode/DerivedData/Chatlio-erkyzdeecsohoaggpwbjdvavzqfv/Build/Intermediates.noindex/swift-collections.build/Debug-iphonesimulator/HashTreeCollections.build/Objects-normal/arm64/HashTreeCollections.SwiftConstValuesFileList --swift-const-vals-list /Users/aadityasingh/Library/Developer/Xcode/DerivedData/Chatlio-erkyzdeecsohoaggpwbjdvavzqfv/Build/Intermediates.noindex/swift-collections.build/Debug-iphonesimulator/HashTreeCollections.build/Objects-normal/x86_64/HashTreeCollections.SwiftConstValuesFileList --force --compile-time-extraction --deployment-aware-processing --validate-assistant-intents --no-app-shortcuts-localization
2026-05-11 23:03:59.542 appintentsmetadataprocessor[20587:2640489] Starting appintentsmetadataprocessor export
2026-05-11 23:03:59.608 appintentsmetadataprocessor[20587:2640489] Extracted no relevant App Intents symbols, skipping writing output

ExtractAppIntentsMetadata (in target 'DequeModule' from project 'swift-collections')
    cd /Users/aadityasingh/Library/Developer/Xcode/DerivedData/Chatlio-erkyzdeecsohoaggpwbjdvavzqfv/SourcePackages/checkouts/swift-collections
    /Applications/Xcode.app/Contents/Developer/Toolchains/XcodeDefault.xctoolchain/usr/bin/appintentsmetadataprocessor --toolchain-dir /Applications/Xcode.app/Contents/Developer/Toolchains/XcodeDefault.xctoolchain --module-name DequeModule --sdk-root /Applications/Xcode.app/Contents/Developer/Platforms/iPhoneSimulator.platform/Developer/SDKs/iPhoneSimulator26.4.sdk --xcode-version 17E202 --platform-family iOS --deployment-target 12.0 --bundle-identifier swift-collections.DequeModule --output /Users/aadityasingh/Library/Developer/Xcode/DerivedData/Chatlio-erkyzdeecsohoaggpwbjdvavzqfv/Build/Products/Debug-iphonesimulator/DequeModule.appintents --target-triple arm64-apple-ios12.0-simulator --target-triple x86_64-apple-ios12.0-simulator --binary-file /Users/aadityasingh/Library/Developer/Xcode/DerivedData/Chatlio-erkyzdeecsohoaggpwbjdvavzqfv/Build/Products/Debug-iphonesimulator/DequeModule.o --dependency-file /Users/aadityasingh/Library/Developer/Xcode/DerivedData/Chatlio-erkyzdeecsohoaggpwbjdvavzqfv/Build/Intermediates.noindex/swift-collections.build/Debug-iphonesimulator/DequeModule.build/Objects-normal/arm64/DequeModule_dependency_info.dat --dependency-file /Users/aadityasingh/Library/Developer/Xcode/DerivedData/Chatlio-erkyzdeecsohoaggpwbjdvavzqfv/Build/Intermediates.noindex/swift-collections.build/Debug-iphonesimulator/DequeModule.build/Objects-normal/x86_64/DequeModule_dependency_info.dat --stringsdata-file /Users/aadityasingh/Library/Developer/Xcode/DerivedData/Chatlio-erkyzdeecsohoaggpwbjdvavzqfv/Build/Intermediates.noindex/swift-collections.build/Debug-iphonesimulator/DequeModule.build/Objects-normal/arm64/ExtractedAppShortcutsMetadata.stringsdata --stringsdata-file /Users/aadityasingh/Library/Developer/Xcode/DerivedData/Chatlio-erkyzdeecsohoaggpwbjdvavzqfv/Build/Intermediates.noindex/swift-collections.build/Debug-iphonesimulator/DequeModule.build/Objects-normal/x86_64/ExtractedAppShortcutsMetadata.stringsdata --source-file-list /Users/aadityasingh/Library/Developer/Xcode/DerivedData/Chatlio-erkyzdeecsohoaggpwbjdvavzqfv/Build/Intermediates.noindex/swift-collections.build/Debug-iphonesimulator/DequeModule.build/Objects-normal/arm64/DequeModule.SwiftFileList --source-file-list /Users/aadityasingh/Library/Developer/Xcode/DerivedData/Chatlio-erkyzdeecsohoaggpwbjdvavzqfv/Build/Intermediates.noindex/swift-collections.build/Debug-iphonesimulator/DequeModule.build/Objects-normal/x86_64/DequeModule.SwiftFileList --metadata-file-list /Users/aadityasingh/Library/Developer/Xcode/DerivedData/Chatlio-erkyzdeecsohoaggpwbjdvavzqfv/Build/Intermediates.noindex/swift-collections.build/Debug-iphonesimulator/DequeModule.build/DequeModule.DependencyMetadataFileList --static-metadata-file-list /Users/aadityasingh/Library/Developer/Xcode/DerivedData/Chatlio-erkyzdeecsohoaggpwbjdvavzqfv/Build/Intermediates.noindex/swift-collections.build/Debug-iphonesimulator/DequeModule.build/DequeModule.DependencyStaticMetadataFileList --swift-const-vals-list /Users/aadityasingh/Library/Developer/Xcode/DerivedData/Chatlio-erkyzdeecsohoaggpwbjdvavzqfv/Build/Intermediates.noindex/swift-collections.build/Debug-iphonesimulator/DequeModule.build/Objects-normal/arm64/DequeModule.SwiftConstValuesFileList --swift-const-vals-list /Users/aadityasingh/Library/Developer/Xcode/DerivedData/Chatlio-erkyzdeecsohoaggpwbjdvavzqfv/Build/Intermediates.noindex/swift-collections.build/Debug-iphonesimulator/DequeModule.build/Objects-normal/x86_64/DequeModule.SwiftConstValuesFileList --force --compile-time-extraction --deployment-aware-processing --validate-assistant-intents --no-app-shortcuts-localization
2026-05-11 23:03:59.544 appintentsmetadataprocessor[20588:2640492] Starting appintentsmetadataprocessor export
2026-05-11 23:03:59.615 appintentsmetadataprocessor[20588:2640492] Extracted no relevant App Intents symbols, skipping writing output

RegisterExecutionPolicyException /Users/aadityasingh/Library/Developer/Xcode/DerivedData/Chatlio-erkyzdeecsohoaggpwbjdvavzqfv/Build/Products/Debug-iphonesimulator/DSWaveformImage.o (in target 'DSWaveformImage' from project 'DSWaveformImage')
    cd /Users/aadityasingh/Library/Developer/Xcode/DerivedData/Chatlio-erkyzdeecsohoaggpwbjdvavzqfv/SourcePackages/checkouts/DSWaveformImage
    builtin-RegisterExecutionPolicyException /Users/aadityasingh/Library/Developer/Xcode/DerivedData/Chatlio-erkyzdeecsohoaggpwbjdvavzqfv/Build/Products/Debug-iphonesimulator/DSWaveformImage.o

ExtractAppIntentsMetadata (in target 'BitCollections' from project 'swift-collections')
    cd /Users/aadityasingh/Library/Developer/Xcode/DerivedData/Chatlio-erkyzdeecsohoaggpwbjdvavzqfv/SourcePackages/checkouts/swift-collections
    /Applications/Xcode.app/Contents/Developer/Toolchains/XcodeDefault.xctoolchain/usr/bin/appintentsmetadataprocessor --toolchain-dir /Applications/Xcode.app/Contents/Developer/Toolchains/XcodeDefault.xctoolchain --module-name BitCollections --sdk-root /Applications/Xcode.app/Contents/Developer/Platforms/iPhoneSimulator.platform/Developer/SDKs/iPhoneSimulator26.4.sdk --xcode-version 17E202 --platform-family iOS --deployment-target 12.0 --bundle-identifier swift-collections.BitCollections --output /Users/aadityasingh/Library/Developer/Xcode/DerivedData/Chatlio-erkyzdeecsohoaggpwbjdvavzqfv/Build/Products/Debug-iphonesimulator/BitCollections.appintents --target-triple arm64-apple-ios12.0-simulator --target-triple x86_64-apple-ios12.0-simulator --binary-file /Users/aadityasingh/Library/Developer/Xcode/DerivedData/Chatlio-erkyzdeecsohoaggpwbjdvavzqfv/Build/Products/Debug-iphonesimulator/BitCollections.o --dependency-file /Users/aadityasingh/Library/Developer/Xcode/DerivedData/Chatlio-erkyzdeecsohoaggpwbjdvavzqfv/Build/Intermediates.noindex/swift-collections.build/Debug-iphonesimulator/BitCollections.build/Objects-normal/arm64/BitCollections_dependency_info.dat --dependency-file /Users/aadityasingh/Library/Developer/Xcode/DerivedData/Chatlio-erkyzdeecsohoaggpwbjdvavzqfv/Build/Intermediates.noindex/swift-collections.build/Debug-iphonesimulator/BitCollections.build/Objects-normal/x86_64/BitCollections_dependency_info.dat --stringsdata-file /Users/aadityasingh/Library/Developer/Xcode/DerivedData/Chatlio-erkyzdeecsohoaggpwbjdvavzqfv/Build/Intermediates.noindex/swift-collections.build/Debug-iphonesimulator/BitCollections.build/Objects-normal/arm64/ExtractedAppShortcutsMetadata.stringsdata --stringsdata-file /Users/aadityasingh/Library/Developer/Xcode/DerivedData/Chatlio-erkyzdeecsohoaggpwbjdvavzqfv/Build/Intermediates.noindex/swift-collections.build/Debug-iphonesimulator/BitCollections.build/Objects-normal/x86_64/ExtractedAppShortcutsMetadata.stringsdata --source-file-list /Users/aadityasingh/Library/Developer/Xcode/DerivedData/Chatlio-erkyzdeecsohoaggpwbjdvavzqfv/Build/Intermediates.noindex/swift-collections.build/Debug-iphonesimulator/BitCollections.build/Objects-normal/arm64/BitCollections.SwiftFileList --source-file-list /Users/aadityasingh/Library/Developer/Xcode/DerivedData/Chatlio-erkyzdeecsohoaggpwbjdvavzqfv/Build/Intermediates.noindex/swift-collections.build/Debug-iphonesimulator/BitCollections.build/Objects-normal/x86_64/BitCollections.SwiftFileList --metadata-file-list /Users/aadityasingh/Library/Developer/Xcode/DerivedData/Chatlio-erkyzdeecsohoaggpwbjdvavzqfv/Build/Intermediates.noindex/swift-collections.build/Debug-iphonesimulator/BitCollections.build/BitCollections.DependencyMetadataFileList --static-metadata-file-list /Users/aadityasingh/Library/Developer/Xcode/DerivedData/Chatlio-erkyzdeecsohoaggpwbjdvavzqfv/Build/Intermediates.noindex/swift-collections.build/Debug-iphonesimulator/BitCollections.build/BitCollections.DependencyStaticMetadataFileList --swift-const-vals-list /Users/aadityasingh/Library/Developer/Xcode/DerivedData/Chatlio-erkyzdeecsohoaggpwbjdvavzqfv/Build/Intermediates.noindex/swift-collections.build/Debug-iphonesimulator/BitCollections.build/Objects-normal/arm64/BitCollections.SwiftConstValuesFileList --swift-const-vals-list /Users/aadityasingh/Library/Developer/Xcode/DerivedData/Chatlio-erkyzdeecsohoaggpwbjdvavzqfv/Build/Intermediates.noindex/swift-collections.build/Debug-iphonesimulator/BitCollections.build/Objects-normal/x86_64/BitCollections.SwiftConstValuesFileList --force --compile-time-extraction --deployment-aware-processing --validate-assistant-intents --no-app-shortcuts-localization
2026-05-11 23:03:59.597 appintentsmetadataprocessor[20589:2640498] Starting appintentsmetadataprocessor export
2026-05-11 23:03:59.629 appintentsmetadataprocessor[20589:2640498] Extracted no relevant App Intents symbols, skipping writing output

Ld /Users/aadityasingh/Library/Developer/Xcode/DerivedData/Chatlio-erkyzdeecsohoaggpwbjdvavzqfv/Build/Intermediates.noindex/Emojibase.build/Debug-iphonesimulator/Emojibase.build/Objects-normal/x86_64/Binary/Emojibase.o normal x86_64 (in target 'Emojibase' from project 'Emojibase')
    cd /Users/aadityasingh/Library/Developer/Xcode/DerivedData/Chatlio-erkyzdeecsohoaggpwbjdvavzqfv/SourcePackages/checkouts/emojibase-bindings
    /Applications/Xcode.app/Contents/Developer/Toolchains/XcodeDefault.xctoolchain/usr/bin/clang -Xlinker -reproducible -target x86_64-apple-ios16.0-simulator -r -isysroot /Applications/Xcode.app/Contents/Developer/Platforms/iPhoneSimulator.platform/Developer/SDKs/iPhoneSimulator26.4.sdk -O0 -w -F/Users/aadityasingh/Library/Developer/Xcode/DerivedData/Chatlio-erkyzdeecsohoaggpwbjdvavzqfv/Build/Intermediates.noindex/EagerLinkingTBDs/Debug-iphonesimulator -F/Users/aadityasingh/Library/Developer/Xcode/DerivedData/Chatlio-erkyzdeecsohoaggpwbjdvavzqfv/Build/Products/Debug-iphonesimulator -iframework /Applications/Xcode.app/Contents/Developer/Platforms/iPhoneSimulator.platform/Developer/Library/Frameworks -iframework /Applications/Xcode.app/Contents/Developer/Platforms/iPhoneSimulator.platform/Developer/SDKs/iPhoneSimulator26.4.sdk/Developer/Library/Frameworks -filelist /Users/aadityasingh/Library/Developer/Xcode/DerivedData/Chatlio-erkyzdeecsohoaggpwbjdvavzqfv/Build/Intermediates.noindex/Emojibase.build/Debug-iphonesimulator/Emojibase.build/Objects-normal/x86_64/Emojibase.LinkFileList -nostdlib -Xlinker -object_path_lto -Xlinker /Users/aadityasingh/Library/Developer/Xcode/DerivedData/Chatlio-erkyzdeecsohoaggpwbjdvavzqfv/Build/Intermediates.noindex/Emojibase.build/Debug-iphonesimulator/Emojibase.build/Objects-normal/x86_64/Emojibase_lto.o -Xlinker -no_deduplicate -Xlinker -objc_abi_version -Xlinker 2 -Xlinker -debug_variant -Xlinker -dependency_info -Xlinker /Users/aadityasingh/Library/Developer/Xcode/DerivedData/Chatlio-erkyzdeecsohoaggpwbjdvavzqfv/Build/Intermediates.noindex/Emojibase.build/Debug-iphonesimulator/Emojibase.build/Objects-normal/x86_64/Emojibase_dependency_info.dat -fobjc-link-runtime -L/Applications/Xcode.app/Contents/Developer/Toolchains/XcodeDefault.xctoolchain/usr/lib/swift/iphonesimulator -L/usr/lib/swift -Xlinker -add_ast_path -Xlinker /Users/aadityasingh/Library/Developer/Xcode/DerivedData/Chatlio-erkyzdeecsohoaggpwbjdvavzqfv/Build/Intermediates.noindex/Emojibase.build/Debug-iphonesimulator/Emojibase.build/Objects-normal/x86_64/Emojibase.swiftmodule @/Users/aadityasingh/Library/Developer/Xcode/DerivedData/Chatlio-erkyzdeecsohoaggpwbjdvavzqfv/Build/Intermediates.noindex/Emojibase.build/Debug-iphonesimulator/Emojibase.build/Objects-normal/x86_64/Emojibase-linker-args.resp -o /Users/aadityasingh/Library/Developer/Xcode/DerivedData/Chatlio-erkyzdeecsohoaggpwbjdvavzqfv/Build/Intermediates.noindex/Emojibase.build/Debug-iphonesimulator/Emojibase.build/Objects-normal/x86_64/Binary/Emojibase.o

Ld /Users/aadityasingh/Library/Developer/Xcode/DerivedData/Chatlio-erkyzdeecsohoaggpwbjdvavzqfv/Build/Intermediates.noindex/Emojibase.build/Debug-iphonesimulator/Emojibase.build/Objects-normal/arm64/Binary/Emojibase.o normal arm64 (in target 'Emojibase' from project 'Emojibase')
    cd /Users/aadityasingh/Library/Developer/Xcode/DerivedData/Chatlio-erkyzdeecsohoaggpwbjdvavzqfv/SourcePackages/checkouts/emojibase-bindings
    /Applications/Xcode.app/Contents/Developer/Toolchains/XcodeDefault.xctoolchain/usr/bin/clang -Xlinker -reproducible -target arm64-apple-ios16.0-simulator -r -isysroot /Applications/Xcode.app/Contents/Developer/Platforms/iPhoneSimulator.platform/Developer/SDKs/iPhoneSimulator26.4.sdk -O0 -w -F/Users/aadityasingh/Library/Developer/Xcode/DerivedData/Chatlio-erkyzdeecsohoaggpwbjdvavzqfv/Build/Intermediates.noindex/EagerLinkingTBDs/Debug-iphonesimulator -F/Users/aadityasingh/Library/Developer/Xcode/DerivedData/Chatlio-erkyzdeecsohoaggpwbjdvavzqfv/Build/Products/Debug-iphonesimulator -iframework /Applications/Xcode.app/Contents/Developer/Platforms/iPhoneSimulator.platform/Developer/Library/Frameworks -iframework /Applications/Xcode.app/Contents/Developer/Platforms/iPhoneSimulator.platform/Developer/SDKs/iPhoneSimulator26.4.sdk/Developer/Library/Frameworks -filelist /Users/aadityasingh/Library/Developer/Xcode/DerivedData/Chatlio-erkyzdeecsohoaggpwbjdvavzqfv/Build/Intermediates.noindex/Emojibase.build/Debug-iphonesimulator/Emojibase.build/Objects-normal/arm64/Emojibase.LinkFileList -nostdlib -Xlinker -object_path_lto -Xlinker /Users/aadityasingh/Library/Developer/Xcode/DerivedData/Chatlio-erkyzdeecsohoaggpwbjdvavzqfv/Build/Intermediates.noindex/Emojibase.build/Debug-iphonesimulator/Emojibase.build/Objects-normal/arm64/Emojibase_lto.o -Xlinker -no_deduplicate -Xlinker -objc_abi_version -Xlinker 2 -Xlinker -debug_variant -Xlinker -dependency_info -Xlinker /Users/aadityasingh/Library/Developer/Xcode/DerivedData/Chatlio-erkyzdeecsohoaggpwbjdvavzqfv/Build/Intermediates.noindex/Emojibase.build/Debug-iphonesimulator/Emojibase.build/Objects-normal/arm64/Emojibase_dependency_info.dat -fobjc-link-runtime -L/Applications/Xcode.app/Contents/Developer/Toolchains/XcodeDefault.xctoolchain/usr/lib/swift/iphonesimulator -L/usr/lib/swift -Xlinker -add_ast_path -Xlinker /Users/aadityasingh/Library/Developer/Xcode/DerivedData/Chatlio-erkyzdeecsohoaggpwbjdvavzqfv/Build/Intermediates.noindex/Emojibase.build/Debug-iphonesimulator/Emojibase.build/Objects-normal/arm64/Emojibase.swiftmodule @/Users/aadityasingh/Library/Developer/Xcode/DerivedData/Chatlio-erkyzdeecsohoaggpwbjdvavzqfv/Build/Intermediates.noindex/Emojibase.build/Debug-iphonesimulator/Emojibase.build/Objects-normal/arm64/Emojibase-linker-args.resp -o /Users/aadityasingh/Library/Developer/Xcode/DerivedData/Chatlio-erkyzdeecsohoaggpwbjdvavzqfv/Build/Intermediates.noindex/Emojibase.build/Debug-iphonesimulator/Emojibase.build/Objects-normal/arm64/Binary/Emojibase.o

Ld /Users/aadityasingh/Library/Developer/Xcode/DerivedData/Chatlio-erkyzdeecsohoaggpwbjdvavzqfv/Build/Intermediates.noindex/EmbeddedElementCall.build/Debug-iphonesimulator/EmbeddedElementCall.build/Objects-normal/x86_64/Binary/EmbeddedElementCall.o normal x86_64 (in target 'EmbeddedElementCall' from project 'EmbeddedElementCall')
    cd /Users/aadityasingh/Library/Developer/Xcode/DerivedData/Chatlio-erkyzdeecsohoaggpwbjdvavzqfv/SourcePackages/checkouts/element-call-swift
    /Applications/Xcode.app/Contents/Developer/Toolchains/XcodeDefault.xctoolchain/usr/bin/clang -Xlinker -reproducible -target x86_64-apple-ios17.0-simulator -r -isysroot /Applications/Xcode.app/Contents/Developer/Platforms/iPhoneSimulator.platform/Developer/SDKs/iPhoneSimulator26.4.sdk -O0 -w -F/Users/aadityasingh/Library/Developer/Xcode/DerivedData/Chatlio-erkyzdeecsohoaggpwbjdvavzqfv/Build/Intermediates.noindex/EagerLinkingTBDs/Debug-iphonesimulator -F/Users/aadityasingh/Library/Developer/Xcode/DerivedData/Chatlio-erkyzdeecsohoaggpwbjdvavzqfv/Build/Products/Debug-iphonesimulator -iframework /Applications/Xcode.app/Contents/Developer/Platforms/iPhoneSimulator.platform/Developer/Library/Frameworks -iframework /Applications/Xcode.app/Contents/Developer/Platforms/iPhoneSimulator.platform/Developer/SDKs/iPhoneSimulator26.4.sdk/Developer/Library/Frameworks -filelist /Users/aadityasingh/Library/Developer/Xcode/DerivedData/Chatlio-erkyzdeecsohoaggpwbjdvavzqfv/Build/Intermediates.noindex/EmbeddedElementCall.build/Debug-iphonesimulator/EmbeddedElementCall.build/Objects-normal/x86_64/EmbeddedElementCall.LinkFileList -nostdlib -Xlinker -object_path_lto -Xlinker /Users/aadityasingh/Library/Developer/Xcode/DerivedData/Chatlio-erkyzdeecsohoaggpwbjdvavzqfv/Build/Intermediates.noindex/EmbeddedElementCall.build/Debug-iphonesimulator/EmbeddedElementCall.build/Objects-normal/x86_64/EmbeddedElementCall_lto.o -Xlinker -no_deduplicate -Xlinker -objc_abi_version -Xlinker 2 -Xlinker -debug_variant -Xlinker -dependency_info -Xlinker /Users/aadityasingh/Library/Developer/Xcode/DerivedData/Chatlio-erkyzdeecsohoaggpwbjdvavzqfv/Build/Intermediates.noindex/EmbeddedElementCall.build/Debug-iphonesimulator/EmbeddedElementCall.build/Objects-normal/x86_64/EmbeddedElementCall_dependency_info.dat -fobjc-link-runtime -L/Applications/Xcode.app/Contents/Developer/Toolchains/XcodeDefault.xctoolchain/usr/lib/swift/iphonesimulator -L/usr/lib/swift -Xlinker -add_ast_path -Xlinker /Users/aadityasingh/Library/Developer/Xcode/DerivedData/Chatlio-erkyzdeecsohoaggpwbjdvavzqfv/Build/Intermediates.noindex/EmbeddedElementCall.build/Debug-iphonesimulator/EmbeddedElementCall.build/Objects-normal/x86_64/EmbeddedElementCall.swiftmodule @/Users/aadityasingh/Library/Developer/Xcode/DerivedData/Chatlio-erkyzdeecsohoaggpwbjdvavzqfv/Build/Intermediates.noindex/EmbeddedElementCall.build/Debug-iphonesimulator/EmbeddedElementCall.build/Objects-normal/x86_64/EmbeddedElementCall-linker-args.resp -o /Users/aadityasingh/Library/Developer/Xcode/DerivedData/Chatlio-erkyzdeecsohoaggpwbjdvavzqfv/Build/Intermediates.noindex/EmbeddedElementCall.build/Debug-iphonesimulator/EmbeddedElementCall.build/Objects-normal/x86_64/Binary/EmbeddedElementCall.o

Ld /Users/aadityasingh/Library/Developer/Xcode/DerivedData/Chatlio-erkyzdeecsohoaggpwbjdvavzqfv/Build/Intermediates.noindex/EmbeddedElementCall.build/Debug-iphonesimulator/EmbeddedElementCall.build/Objects-normal/arm64/Binary/EmbeddedElementCall.o normal arm64 (in target 'EmbeddedElementCall' from project 'EmbeddedElementCall')
    cd /Users/aadityasingh/Library/Developer/Xcode/DerivedData/Chatlio-erkyzdeecsohoaggpwbjdvavzqfv/SourcePackages/checkouts/element-call-swift
    /Applications/Xcode.app/Contents/Developer/Toolchains/XcodeDefault.xctoolchain/usr/bin/clang -Xlinker -reproducible -target arm64-apple-ios17.0-simulator -r -isysroot /Applications/Xcode.app/Contents/Developer/Platforms/iPhoneSimulator.platform/Developer/SDKs/iPhoneSimulator26.4.sdk -O0 -w -F/Users/aadityasingh/Library/Developer/Xcode/DerivedData/Chatlio-erkyzdeecsohoaggpwbjdvavzqfv/Build/Intermediates.noindex/EagerLinkingTBDs/Debug-iphonesimulator -F/Users/aadityasingh/Library/Developer/Xcode/DerivedData/Chatlio-erkyzdeecsohoaggpwbjdvavzqfv/Build/Products/Debug-iphonesimulator -iframework /Applications/Xcode.app/Contents/Developer/Platforms/iPhoneSimulator.platform/Developer/Library/Frameworks -iframework /Applications/Xcode.app/Contents/Developer/Platforms/iPhoneSimulator.platform/Developer/SDKs/iPhoneSimulator26.4.sdk/Developer/Library/Frameworks -filelist /Users/aadityasingh/Library/Developer/Xcode/DerivedData/Chatlio-erkyzdeecsohoaggpwbjdvavzqfv/Build/Intermediates.noindex/EmbeddedElementCall.build/Debug-iphonesimulator/EmbeddedElementCall.build/Objects-normal/arm64/EmbeddedElementCall.LinkFileList -nostdlib -Xlinker -object_path_lto -Xlinker /Users/aadityasingh/Library/Developer/Xcode/DerivedData/Chatlio-erkyzdeecsohoaggpwbjdvavzqfv/Build/Intermediates.noindex/EmbeddedElementCall.build/Debug-iphonesimulator/EmbeddedElementCall.build/Objects-normal/arm64/EmbeddedElementCall_lto.o -Xlinker -no_deduplicate -Xlinker -objc_abi_version -Xlinker 2 -Xlinker -debug_variant -Xlinker -dependency_info -Xlinker /Users/aadityasingh/Library/Developer/Xcode/DerivedData/Chatlio-erkyzdeecsohoaggpwbjdvavzqfv/Build/Intermediates.noindex/EmbeddedElementCall.build/Debug-iphonesimulator/EmbeddedElementCall.build/Objects-normal/arm64/EmbeddedElementCall_dependency_info.dat -fobjc-link-runtime -L/Applications/Xcode.app/Contents/Developer/Toolchains/XcodeDefault.xctoolchain/usr/lib/swift/iphonesimulator -L/usr/lib/swift -Xlinker -add_ast_path -Xlinker /Users/aadityasingh/Library/Developer/Xcode/DerivedData/Chatlio-erkyzdeecsohoaggpwbjdvavzqfv/Build/Intermediates.noindex/EmbeddedElementCall.build/Debug-iphonesimulator/EmbeddedElementCall.build/Objects-normal/arm64/EmbeddedElementCall.swiftmodule @/Users/aadityasingh/Library/Developer/Xcode/DerivedData/Chatlio-erkyzdeecsohoaggpwbjdvavzqfv/Build/Intermediates.noindex/EmbeddedElementCall.build/Debug-iphonesimulator/EmbeddedElementCall.build/Objects-normal/arm64/EmbeddedElementCall-linker-args.resp -o /Users/aadityasingh/Library/Developer/Xcode/DerivedData/Chatlio-erkyzdeecsohoaggpwbjdvavzqfv/Build/Intermediates.noindex/EmbeddedElementCall.build/Debug-iphonesimulator/EmbeddedElementCall.build/Objects-normal/arm64/Binary/EmbeddedElementCall.o

RegisterExecutionPolicyException /Users/aadityasingh/Library/Developer/Xcode/DerivedData/Chatlio-erkyzdeecsohoaggpwbjdvavzqfv/Build/Products/Debug-iphonesimulator/Atomics.o (in target 'Atomics' from project 'swift-atomics')
    cd /Users/aadityasingh/Library/Developer/Xcode/DerivedData/Chatlio-erkyzdeecsohoaggpwbjdvavzqfv/SourcePackages/checkouts/swift-atomics
    builtin-RegisterExecutionPolicyException /Users/aadityasingh/Library/Developer/Xcode/DerivedData/Chatlio-erkyzdeecsohoaggpwbjdvavzqfv/Build/Products/Debug-iphonesimulator/Atomics.o

SwiftDriverJobDiscovery normal arm64 Compiling Intersperse.swift, Joined.swift (in target 'Algorithms' from project 'swift-algorithms')

CreateUniversalBinary /Users/aadityasingh/Library/Developer/Xcode/DerivedData/Chatlio-erkyzdeecsohoaggpwbjdvavzqfv/Build/Products/Debug-iphonesimulator/Emojibase.o normal arm64\ x86_64 (in target 'Emojibase' from project 'Emojibase')
    cd /Users/aadityasingh/Library/Developer/Xcode/DerivedData/Chatlio-erkyzdeecsohoaggpwbjdvavzqfv/SourcePackages/checkouts/emojibase-bindings
    /Applications/Xcode.app/Contents/Developer/Toolchains/XcodeDefault.xctoolchain/usr/bin/lipo -create /Users/aadityasingh/Library/Developer/Xcode/DerivedData/Chatlio-erkyzdeecsohoaggpwbjdvavzqfv/Build/Intermediates.noindex/Emojibase.build/Debug-iphonesimulator/Emojibase.build/Objects-normal/arm64/Binary/Emojibase.o /Users/aadityasingh/Library/Developer/Xcode/DerivedData/Chatlio-erkyzdeecsohoaggpwbjdvavzqfv/Build/Intermediates.noindex/Emojibase.build/Debug-iphonesimulator/Emojibase.build/Objects-normal/x86_64/Binary/Emojibase.o -output /Users/aadityasingh/Library/Developer/Xcode/DerivedData/Chatlio-erkyzdeecsohoaggpwbjdvavzqfv/Build/Products/Debug-iphonesimulator/Emojibase.o

CreateUniversalBinary /Users/aadityasingh/Library/Developer/Xcode/DerivedData/Chatlio-erkyzdeecsohoaggpwbjdvavzqfv/Build/Products/Debug-iphonesimulator/EmbeddedElementCall.o normal arm64\ x86_64 (in target 'EmbeddedElementCall' from project 'EmbeddedElementCall')
    cd /Users/aadityasingh/Library/Developer/Xcode/DerivedData/Chatlio-erkyzdeecsohoaggpwbjdvavzqfv/SourcePackages/checkouts/element-call-swift
    /Applications/Xcode.app/Contents/Developer/Toolchains/XcodeDefault.xctoolchain/usr/bin/lipo -create /Users/aadityasingh/Library/Developer/Xcode/DerivedData/Chatlio-erkyzdeecsohoaggpwbjdvavzqfv/Build/Intermediates.noindex/EmbeddedElementCall.build/Debug-iphonesimulator/EmbeddedElementCall.build/Objects-normal/arm64/Binary/EmbeddedElementCall.o /Users/aadityasingh/Library/Developer/Xcode/DerivedData/Chatlio-erkyzdeecsohoaggpwbjdvavzqfv/Build/Intermediates.noindex/EmbeddedElementCall.build/Debug-iphonesimulator/EmbeddedElementCall.build/Objects-normal/x86_64/Binary/EmbeddedElementCall.o -output /Users/aadityasingh/Library/Developer/Xcode/DerivedData/Chatlio-erkyzdeecsohoaggpwbjdvavzqfv/Build/Products/Debug-iphonesimulator/EmbeddedElementCall.o

RegisterExecutionPolicyException /Users/aadityasingh/Library/Developer/Xcode/DerivedData/Chatlio-erkyzdeecsohoaggpwbjdvavzqfv/Build/Products/Debug-iphonesimulator/PostHog.o (in target 'PostHog' from project 'PostHog')
    cd /Users/aadityasingh/Library/Developer/Xcode/DerivedData/Chatlio-erkyzdeecsohoaggpwbjdvavzqfv/SourcePackages/checkouts/posthog-ios
    builtin-RegisterExecutionPolicyException /Users/aadityasingh/Library/Developer/Xcode/DerivedData/Chatlio-erkyzdeecsohoaggpwbjdvavzqfv/Build/Products/Debug-iphonesimulator/PostHog.o

ExtractAppIntentsMetadata (in target 'Emojibase' from project 'Emojibase')
    cd /Users/aadityasingh/Library/Developer/Xcode/DerivedData/Chatlio-erkyzdeecsohoaggpwbjdvavzqfv/SourcePackages/checkouts/emojibase-bindings
    /Applications/Xcode.app/Contents/Developer/Toolchains/XcodeDefault.xctoolchain/usr/bin/appintentsmetadataprocessor --toolchain-dir /Applications/Xcode.app/Contents/Developer/Toolchains/XcodeDefault.xctoolchain --module-name Emojibase --sdk-root /Applications/Xcode.app/Contents/Developer/Platforms/iPhoneSimulator.platform/Developer/SDKs/iPhoneSimulator26.4.sdk --xcode-version 17E202 --platform-family iOS --deployment-target 16.0 --bundle-identifier emojibase-bindings.Emojibase --output /Users/aadityasingh/Library/Developer/Xcode/DerivedData/Chatlio-erkyzdeecsohoaggpwbjdvavzqfv/Build/Products/Debug-iphonesimulator/Emojibase.appintents --target-triple arm64-apple-ios16.0-simulator --target-triple x86_64-apple-ios16.0-simulator --binary-file /Users/aadityasingh/Library/Developer/Xcode/DerivedData/Chatlio-erkyzdeecsohoaggpwbjdvavzqfv/Build/Products/Debug-iphonesimulator/Emojibase.o --dependency-file /Users/aadityasingh/Library/Developer/Xcode/DerivedData/Chatlio-erkyzdeecsohoaggpwbjdvavzqfv/Build/Intermediates.noindex/Emojibase.build/Debug-iphonesimulator/Emojibase.build/Objects-normal/arm64/Emojibase_dependency_info.dat --dependency-file /Users/aadityasingh/Library/Developer/Xcode/DerivedData/Chatlio-erkyzdeecsohoaggpwbjdvavzqfv/Build/Intermediates.noindex/Emojibase.build/Debug-iphonesimulator/Emojibase.build/Objects-normal/x86_64/Emojibase_dependency_info.dat --stringsdata-file /Users/aadityasingh/Library/Developer/Xcode/DerivedData/Chatlio-erkyzdeecsohoaggpwbjdvavzqfv/Build/Intermediates.noindex/Emojibase.build/Debug-iphonesimulator/Emojibase.build/Objects-normal/arm64/ExtractedAppShortcutsMetadata.stringsdata --stringsdata-file /Users/aadityasingh/Library/Developer/Xcode/DerivedData/Chatlio-erkyzdeecsohoaggpwbjdvavzqfv/Build/Intermediates.noindex/Emojibase.build/Debug-iphonesimulator/Emojibase.build/Objects-normal/x86_64/ExtractedAppShortcutsMetadata.stringsdata --source-file-list /Users/aadityasingh/Library/Developer/Xcode/DerivedData/Chatlio-erkyzdeecsohoaggpwbjdvavzqfv/Build/Intermediates.noindex/Emojibase.build/Debug-iphonesimulator/Emojibase.build/Objects-normal/arm64/Emojibase.SwiftFileList --source-file-list /Users/aadityasingh/Library/Developer/Xcode/DerivedData/Chatlio-erkyzdeecsohoaggpwbjdvavzqfv/Build/Intermediates.noindex/Emojibase.build/Debug-iphonesimulator/Emojibase.build/Objects-normal/x86_64/Emojibase.SwiftFileList --metadata-file-list /Users/aadityasingh/Library/Developer/Xcode/DerivedData/Chatlio-erkyzdeecsohoaggpwbjdvavzqfv/Build/Intermediates.noindex/Emojibase.build/Debug-iphonesimulator/Emojibase.build/Emojibase.DependencyMetadataFileList --static-metadata-file-list /Users/aadityasingh/Library/Developer/Xcode/DerivedData/Chatlio-erkyzdeecsohoaggpwbjdvavzqfv/Build/Intermediates.noindex/Emojibase.build/Debug-iphonesimulator/Emojibase.build/Emojibase.DependencyStaticMetadataFileList --swift-const-vals-list /Users/aadityasingh/Library/Developer/Xcode/DerivedData/Chatlio-erkyzdeecsohoaggpwbjdvavzqfv/Build/Intermediates.noindex/Emojibase.build/Debug-iphonesimulator/Emojibase.build/Objects-normal/arm64/Emojibase.SwiftConstValuesFileList --swift-const-vals-list /Users/aadityasingh/Library/Developer/Xcode/DerivedData/Chatlio-erkyzdeecsohoaggpwbjdvavzqfv/Build/Intermediates.noindex/Emojibase.build/Debug-iphonesimulator/Emojibase.build/Objects-normal/x86_64/Emojibase.SwiftConstValuesFileList --force --compile-time-extraction --deployment-aware-processing --validate-assistant-intents --no-app-shortcuts-localization
2026-05-11 23:03:59.814 appintentsmetadataprocessor[20600:2640643] Starting appintentsmetadataprocessor export
2026-05-11 23:03:59.839 appintentsmetadataprocessor[20600:2640643] Extracted no relevant App Intents symbols, skipping writing output

RegisterExecutionPolicyException /Users/aadityasingh/Library/Developer/Xcode/DerivedData/Chatlio-erkyzdeecsohoaggpwbjdvavzqfv/Build/Products/Debug-iphonesimulator/Kingfisher.o (in target 'Kingfisher' from project 'Kingfisher')
    cd /Users/aadityasingh/Library/Developer/Xcode/DerivedData/Chatlio-erkyzdeecsohoaggpwbjdvavzqfv/SourcePackages/checkouts/Kingfisher
    builtin-RegisterExecutionPolicyException /Users/aadityasingh/Library/Developer/Xcode/DerivedData/Chatlio-erkyzdeecsohoaggpwbjdvavzqfv/Build/Products/Debug-iphonesimulator/Kingfisher.o

ProcessInfoPlistFile /Users/aadityasingh/Library/Developer/Xcode/DerivedData/Chatlio-erkyzdeecsohoaggpwbjdvavzqfv/Build/Products/Debug-iphonesimulator/PackageFrameworks/MatrixRustSDK.framework/Info.plist /Users/aadityasingh/Library/Developer/Xcode/DerivedData/Chatlio-erkyzdeecsohoaggpwbjdvavzqfv/Build/Intermediates.noindex/MatrixRustSDK.build/Debug-iphonesimulator/MatrixRustSDK\ product.build/empty-MatrixRustSDK.plist (in target 'MatrixRustSDK' from project 'MatrixRustSDK')
    cd /Users/aadityasingh/Documents/Development/matrix-rust-sdk-local
    builtin-infoPlistUtility /Users/aadityasingh/Library/Developer/Xcode/DerivedData/Chatlio-erkyzdeecsohoaggpwbjdvavzqfv/Build/Intermediates.noindex/MatrixRustSDK.build/Debug-iphonesimulator/MatrixRustSDK\ product.build/empty-MatrixRustSDK.plist -producttype com.apple.product-type.framework -expandbuildsettings -format binary -platform iphonesimulator -o /Users/aadityasingh/Library/Developer/Xcode/DerivedData/Chatlio-erkyzdeecsohoaggpwbjdvavzqfv/Build/Products/Debug-iphonesimulator/PackageFrameworks/MatrixRustSDK.framework/Info.plist

Ld /Users/aadityasingh/Library/Developer/Xcode/DerivedData/Chatlio-erkyzdeecsohoaggpwbjdvavzqfv/Build/Intermediates.noindex/MatrixRustSDK.build/Debug-iphonesimulator/MatrixRustSDK\ product.build/Objects-normal/x86_64/Binary/MatrixRustSDK normal x86_64 (in target 'MatrixRustSDK' from project 'MatrixRustSDK')
    cd /Users/aadityasingh/Documents/Development/matrix-rust-sdk-local
    /Applications/Xcode.app/Contents/Developer/Toolchains/XcodeDefault.xctoolchain/usr/bin/clang -Xlinker -reproducible -target x86_64-apple-ios16.0-simulator -dynamiclib -isysroot /Applications/Xcode.app/Contents/Developer/Platforms/iPhoneSimulator.platform/Developer/SDKs/iPhoneSimulator26.4.sdk -O0 -L/Users/aadityasingh/Library/Developer/Xcode/DerivedData/Chatlio-erkyzdeecsohoaggpwbjdvavzqfv/Build/Intermediates.noindex/EagerLinkingTBDs/Debug-iphonesimulator -L/Users/aadityasingh/Library/Developer/Xcode/DerivedData/Chatlio-erkyzdeecsohoaggpwbjdvavzqfv/Build/Products/Debug-iphonesimulator -L/Applications/Xcode.app/Contents/Developer/Platforms/iPhoneSimulator.platform/Developer/usr/lib -F/Users/aadityasingh/Library/Developer/Xcode/DerivedData/Chatlio-erkyzdeecsohoaggpwbjdvavzqfv/Build/Intermediates.noindex/EagerLinkingTBDs/Debug-iphonesimulator -F/Users/aadityasingh/Library/Developer/Xcode/DerivedData/Chatlio-erkyzdeecsohoaggpwbjdvavzqfv/Build/Products/Debug-iphonesimulator/PackageFrameworks -F/Users/aadityasingh/Library/Developer/Xcode/DerivedData/Chatlio-erkyzdeecsohoaggpwbjdvavzqfv/Build/Products/Debug-iphonesimulator -iframework /Applications/Xcode.app/Contents/Developer/Platforms/iPhoneSimulator.platform/Developer/Library/Frameworks -iframework /Applications/Xcode.app/Contents/Developer/Platforms/iPhoneSimulator.platform/Developer/SDKs/iPhoneSimulator26.4.sdk/Developer/Library/Frameworks -filelist /Users/aadityasingh/Library/Developer/Xcode/DerivedData/Chatlio-erkyzdeecsohoaggpwbjdvavzqfv/Build/Intermediates.noindex/MatrixRustSDK.build/Debug-iphonesimulator/MatrixRustSDK\ product.build/Objects-normal/x86_64/MatrixRustSDK.LinkFileList -install_name @rpath/MatrixRustSDK.framework/MatrixRustSDK -Xlinker -rpath -Xlinker /usr/lib/swift -Xlinker -rpath -Xlinker /Users/aadityasingh/Library/Developer/Xcode/DerivedData/Chatlio-erkyzdeecsohoaggpwbjdvavzqfv/Build/Products/Debug-iphonesimulator/PackageFrameworks -Xlinker -dead_strip -Xlinker -object_path_lto -Xlinker /Users/aadityasingh/Library/Developer/Xcode/DerivedData/Chatlio-erkyzdeecsohoaggpwbjdvavzqfv/Build/Intermediates.noindex/MatrixRustSDK.build/Debug-iphonesimulator/MatrixRustSDK\ product.build/Objects-normal/x86_64/MatrixRustSDK_lto.o -rdynamic -Xlinker -no_deduplicate -Xlinker -objc_abi_version -Xlinker 2 -Xlinker -debug_variant -Xlinker -dependency_info -Xlinker /Users/aadityasingh/Library/Developer/Xcode/DerivedData/Chatlio-erkyzdeecsohoaggpwbjdvavzqfv/Build/Intermediates.noindex/MatrixRustSDK.build/Debug-iphonesimulator/MatrixRustSDK\ product.build/Objects-normal/x86_64/MatrixRustSDK_dependency_info.dat -fobjc-link-runtime -fprofile-instr-generate -L/Applications/Xcode.app/Contents/Developer/Toolchains/XcodeDefault.xctoolchain/usr/lib/swift/iphonesimulator -L/usr/lib/swift -Wl,-no_warn_duplicate_libraries -lmatrix_sdk_ffi -Xlinker -no_adhoc_codesign -o /Users/aadityasingh/Library/Developer/Xcode/DerivedData/Chatlio-erkyzdeecsohoaggpwbjdvavzqfv/Build/Intermediates.noindex/MatrixRustSDK.build/Debug-iphonesimulator/MatrixRustSDK\ product.build/Objects-normal/x86_64/Binary/MatrixRustSDK -Xlinker -add_ast_path -Xlinker /Users/aadityasingh/Library/Developer/Xcode/DerivedData/Chatlio-erkyzdeecsohoaggpwbjdvavzqfv/Build/Intermediates.noindex/MatrixRustSDK.build/Debug-iphonesimulator/MatrixRustSDK.build/Objects-normal/x86_64/MatrixRustSDK.swiftmodule @/Users/aadityasingh/Library/Developer/Xcode/DerivedData/Chatlio-erkyzdeecsohoaggpwbjdvavzqfv/Build/Intermediates.noindex/MatrixRustSDK.build/Debug-iphonesimulator/MatrixRustSDK.build/Objects-normal/x86_64/MatrixRustSDK-linker-args.resp

Ld /Users/aadityasingh/Library/Developer/Xcode/DerivedData/Chatlio-erkyzdeecsohoaggpwbjdvavzqfv/Build/Intermediates.noindex/MatrixRustSDK.build/Debug-iphonesimulator/MatrixRustSDK\ product.build/Objects-normal/arm64/Binary/MatrixRustSDK normal arm64 (in target 'MatrixRustSDK' from project 'MatrixRustSDK')
    cd /Users/aadityasingh/Documents/Development/matrix-rust-sdk-local
    /Applications/Xcode.app/Contents/Developer/Toolchains/XcodeDefault.xctoolchain/usr/bin/clang -Xlinker -reproducible -target arm64-apple-ios16.0-simulator -dynamiclib -isysroot /Applications/Xcode.app/Contents/Developer/Platforms/iPhoneSimulator.platform/Developer/SDKs/iPhoneSimulator26.4.sdk -O0 -L/Users/aadityasingh/Library/Developer/Xcode/DerivedData/Chatlio-erkyzdeecsohoaggpwbjdvavzqfv/Build/Intermediates.noindex/EagerLinkingTBDs/Debug-iphonesimulator -L/Users/aadityasingh/Library/Developer/Xcode/DerivedData/Chatlio-erkyzdeecsohoaggpwbjdvavzqfv/Build/Products/Debug-iphonesimulator -L/Applications/Xcode.app/Contents/Developer/Platforms/iPhoneSimulator.platform/Developer/usr/lib -F/Users/aadityasingh/Library/Developer/Xcode/DerivedData/Chatlio-erkyzdeecsohoaggpwbjdvavzqfv/Build/Intermediates.noindex/EagerLinkingTBDs/Debug-iphonesimulator -F/Users/aadityasingh/Library/Developer/Xcode/DerivedData/Chatlio-erkyzdeecsohoaggpwbjdvavzqfv/Build/Products/Debug-iphonesimulator/PackageFrameworks -F/Users/aadityasingh/Library/Developer/Xcode/DerivedData/Chatlio-erkyzdeecsohoaggpwbjdvavzqfv/Build/Products/Debug-iphonesimulator -iframework /Applications/Xcode.app/Contents/Developer/Platforms/iPhoneSimulator.platform/Developer/Library/Frameworks -iframework /Applications/Xcode.app/Contents/Developer/Platforms/iPhoneSimulator.platform/Developer/SDKs/iPhoneSimulator26.4.sdk/Developer/Library/Frameworks -filelist /Users/aadityasingh/Library/Developer/Xcode/DerivedData/Chatlio-erkyzdeecsohoaggpwbjdvavzqfv/Build/Intermediates.noindex/MatrixRustSDK.build/Debug-iphonesimulator/MatrixRustSDK\ product.build/Objects-normal/arm64/MatrixRustSDK.LinkFileList -install_name @rpath/MatrixRustSDK.framework/MatrixRustSDK -Xlinker -rpath -Xlinker /usr/lib/swift -Xlinker -rpath -Xlinker /Users/aadityasingh/Library/Developer/Xcode/DerivedData/Chatlio-erkyzdeecsohoaggpwbjdvavzqfv/Build/Products/Debug-iphonesimulator/PackageFrameworks -Xlinker -dead_strip -Xlinker -object_path_lto -Xlinker /Users/aadityasingh/Library/Developer/Xcode/DerivedData/Chatlio-erkyzdeecsohoaggpwbjdvavzqfv/Build/Intermediates.noindex/MatrixRustSDK.build/Debug-iphonesimulator/MatrixRustSDK\ product.build/Objects-normal/arm64/MatrixRustSDK_lto.o -rdynamic -Xlinker -no_deduplicate -Xlinker -objc_abi_version -Xlinker 2 -Xlinker -debug_variant -Xlinker -dependency_info -Xlinker /Users/aadityasingh/Library/Developer/Xcode/DerivedData/Chatlio-erkyzdeecsohoaggpwbjdvavzqfv/Build/Intermediates.noindex/MatrixRustSDK.build/Debug-iphonesimulator/MatrixRustSDK\ product.build/Objects-normal/arm64/MatrixRustSDK_dependency_info.dat -fobjc-link-runtime -fprofile-instr-generate -L/Applications/Xcode.app/Contents/Developer/Toolchains/XcodeDefault.xctoolchain/usr/lib/swift/iphonesimulator -L/usr/lib/swift -Wl,-no_warn_duplicate_libraries -lmatrix_sdk_ffi -Xlinker -no_adhoc_codesign -o /Users/aadityasingh/Library/Developer/Xcode/DerivedData/Chatlio-erkyzdeecsohoaggpwbjdvavzqfv/Build/Intermediates.noindex/MatrixRustSDK.build/Debug-iphonesimulator/MatrixRustSDK\ product.build/Objects-normal/arm64/Binary/MatrixRustSDK -Xlinker -add_ast_path -Xlinker /Users/aadityasingh/Library/Developer/Xcode/DerivedData/Chatlio-erkyzdeecsohoaggpwbjdvavzqfv/Build/Intermediates.noindex/MatrixRustSDK.build/Debug-iphonesimulator/MatrixRustSDK.build/Objects-normal/arm64/MatrixRustSDK.swiftmodule @/Users/aadityasingh/Library/Developer/Xcode/DerivedData/Chatlio-erkyzdeecsohoaggpwbjdvavzqfv/Build/Intermediates.noindex/MatrixRustSDK.build/Debug-iphonesimulator/MatrixRustSDK.build/Objects-normal/arm64/MatrixRustSDK-linker-args.resp

RegisterExecutionPolicyException /Users/aadityasingh/Library/Developer/Xcode/DerivedData/Chatlio-erkyzdeecsohoaggpwbjdvavzqfv/Build/Products/Debug-iphonesimulator/_RopeModule.o (in target '_RopeModule' from project 'swift-collections')
    cd /Users/aadityasingh/Library/Developer/Xcode/DerivedData/Chatlio-erkyzdeecsohoaggpwbjdvavzqfv/SourcePackages/checkouts/swift-collections
    builtin-RegisterExecutionPolicyException /Users/aadityasingh/Library/Developer/Xcode/DerivedData/Chatlio-erkyzdeecsohoaggpwbjdvavzqfv/Build/Products/Debug-iphonesimulator/_RopeModule.o

Touch /Users/aadityasingh/Library/Developer/Xcode/DerivedData/Chatlio-erkyzdeecsohoaggpwbjdvavzqfv/Build/Products/Debug-iphonesimulator/DTCoreText_DTCoreText.bundle (in target 'DTCoreText_DTCoreText' from project 'DTCoreText')
    cd /Users/aadityasingh/Library/Developer/Xcode/DerivedData/Chatlio-erkyzdeecsohoaggpwbjdvavzqfv/SourcePackages/checkouts/DTCoreText
    /usr/bin/touch -c /Users/aadityasingh/Library/Developer/Xcode/DerivedData/Chatlio-erkyzdeecsohoaggpwbjdvavzqfv/Build/Products/Debug-iphonesimulator/DTCoreText_DTCoreText.bundle

Touch /Users/aadityasingh/Library/Developer/Xcode/DerivedData/Chatlio-erkyzdeecsohoaggpwbjdvavzqfv/Build/Products/Debug-iphonesimulator/DeviceKit_DeviceKit.bundle (in target 'DeviceKit_DeviceKit' from project 'DeviceKit')
    cd /Users/aadityasingh/Library/Developer/Xcode/DerivedData/Chatlio-erkyzdeecsohoaggpwbjdvavzqfv/SourcePackages/checkouts/DeviceKit
    /usr/bin/touch -c /Users/aadityasingh/Library/Developer/Xcode/DerivedData/Chatlio-erkyzdeecsohoaggpwbjdvavzqfv/Build/Products/Debug-iphonesimulator/DeviceKit_DeviceKit.bundle

SwiftDriver Collections normal arm64 com.apple.xcode.tools.swift.compiler (in target 'Collections' from project 'swift-collections')
    cd /Users/aadityasingh/Documents/Development/element-x-ios/Chatlio.xcodeproj
    builtin-SwiftDriver -- /Applications/Xcode.app/Contents/Developer/Toolchains/XcodeDefault.xctoolchain/usr/bin/swiftc -module-name Collections -Onone @/Users/aadityasingh/Library/Developer/Xcode/DerivedData/Chatlio-erkyzdeecsohoaggpwbjdvavzqfv/Build/Intermediates.noindex/swift-collections.build/Debug-iphonesimulator/Collections.build/Objects-normal/arm64/Collections.SwiftFileList -DSWIFT_PACKAGE -DDEBUG -DSWIFT_MODULE_RESOURCE_BUNDLE_UNAVAILABLE -DCOLLECTIONS_RANDOMIZED_TESTING -DXcode -enable-experimental-feature AvailabilityMacro\=SwiftStdlib\ 5.0:\ macOS\ 10.14.4,\ iOS\ 12.2,\ watchOS\ 5.2,\ tvOS\ 12.2 -enable-experimental-feature AvailabilityMacro\=SwiftStdlib\ 5.1:\ macOS\ 10.15,\ iOS\ 13.0,\ watchOS\ 6.0,\ tvOS\ 13.0 -enable-experimental-feature AvailabilityMacro\=SwiftStdlib\ 5.6:\ macOS\ 12.3,\ iOS\ 15.4,\ watchOS\ 8.5,\ tvOS\ 15.4 -enable-experimental-feature AvailabilityMacro\=SwiftStdlib\ 5.8:\ macOS\ 13.3,\ iOS\ 16.4,\ watchOS\ 9.4,\ tvOS\ 16.4 -enable-experimental-feature AvailabilityMacro\=SwiftStdlib\ 5.9:\ macOS\ 14.0,\ iOS\ 17.0,\ watchOS\ 10.0,\ tvOS\ 17.0 -enable-experimental-feature AvailabilityMacro\=SwiftStdlib\ 5.10:\ macOS\ 14.4,\ iOS\ 17.4,\ watchOS\ 10.4,\ tvOS\ 17.4,\ visionOS\ 1.1 -enable-experimental-feature AvailabilityMacro\=SwiftStdlib\ 6.0:\ macOS\ 15.0,\ iOS\ 18.0,\ watchOS\ 11.0,\ tvOS\ 18.0,\ visionOS\ 2.0 -enable-experimental-feature AvailabilityMacro\=SwiftStdlib\ 6.1:\ macOS\ 15.4,\ iOS\ 18.4,\ watchOS\ 11.4,\ tvOS\ 18.4,\ visionOS\ 2.4 -enable-experimental-feature AvailabilityMacro\=SwiftStdlib\ 6.2:\ macOS\ 26.0,\ iOS\ 26.0,\ watchOS\ 26.0,\ tvOS\ 26.0,\ visionOS\ 26.0 -enable-upcoming-feature MemberImportVisibility -enable-experimental-feature BuiltinModule -enable-experimental-feature Lifetimes -enable-experimental-feature InoutLifetimeDependence -enable-experimental-feature SuppressedAssociatedTypes -plugin-path /Applications/Xcode.app/Contents/Developer/Toolchains/XcodeDefault.xctoolchain/usr/lib/swift/host/plugins/testing -enable-experimental-feature DebugDescriptionMacro -sdk /Applications/Xcode.app/Contents/Developer/Platforms/iPhoneSimulator.platform/Developer/SDKs/iPhoneSimulator26.4.sdk -target arm64-apple-ios12.0-simulator -g -module-cache-path /Users/aadityasingh/Library/Developer/Xcode/DerivedData/ModuleCache.noindex -Xfrontend -serialize-debugging-options -profile-coverage-mapping -profile-generate -enable-testing -suppress-warnings -index-store-path /Users/aadityasingh/Library/Developer/Xcode/DerivedData/Chatlio-erkyzdeecsohoaggpwbjdvavzqfv/Index.noindex/DataStore -Xcc -D_LIBCPP_HARDENING_MODE\=_LIBCPP_HARDENING_MODE_DEBUG -swift-version 6 -I /Users/aadityasingh/Library/Developer/Xcode/DerivedData/Chatlio-erkyzdeecsohoaggpwbjdvavzqfv/Build/Products/Debug-iphonesimulator -Isystem /Applications/Xcode.app/Contents/Developer/Platforms/iPhoneSimulator.platform/Developer/usr/lib -F /Users/aadityasingh/Library/Developer/Xcode/DerivedData/Chatlio-erkyzdeecsohoaggpwbjdvavzqfv/Build/Products/Debug-iphonesimulator/PackageFrameworks -F /Users/aadityasingh/Library/Developer/Xcode/DerivedData/Chatlio-erkyzdeecsohoaggpwbjdvavzqfv/Build/Products/Debug-iphonesimulator/PackageFrameworks -F /Users/aadityasingh/Library/Developer/Xcode/DerivedData/Chatlio-erkyzdeecsohoaggpwbjdvavzqfv/Build/Products/Debug-iphonesimulator/PackageFrameworks -F /Users/aadityasingh/Library/Developer/Xcode/DerivedData/Chatlio-erkyzdeecsohoaggpwbjdvavzqfv/Build/Products/Debug-iphonesimulator/PackageFrameworks -F /Users/aadityasingh/Library/Developer/Xcode/DerivedData/Chatlio-erkyzdeecsohoaggpwbjdvavzqfv/Build/Products/Debug-iphonesimulator/PackageFrameworks -F /Users/aadityasingh/Library/Developer/Xcode/DerivedData/Chatlio-erkyzdeecsohoaggpwbjdvavzqfv/Build/Products/Debug-iphonesimulator/PackageFrameworks -F /Users/aadityasingh/Library/Developer/Xcode/DerivedData/Chatlio-erkyzdeecsohoaggpwbjdvavzqfv/Build/Products/Debug-iphonesimulator/PackageFrameworks -F /Users/aadityasingh/Library/Developer/Xcode/DerivedData/Chatlio-erkyzdeecsohoaggpwbjdvavzqfv/Build/Products/Debug-iphonesimulator -F /Applications/Xcode.app/Contents/Developer/Platforms/iPhoneSimulator.platform/Developer/Library/Frameworks -F /Applications/Xcode.app/Contents/Developer/Platforms/iPhoneSimulator.platform/Developer/SDKs/iPhoneSimulator26.4.sdk/Developer/Library/Frameworks -parse-as-library -c -j12 -enable-batch-mode -incremental -Xcc -ivfsstatcache -Xcc /Users/aadityasingh/Library/Developer/Xcode/DerivedData/SDKStatCaches.noindex/iphonesimulator26.4-23E252-686eebb5dc1d8ecb277353a59184f4aa.sdkstatcache -output-file-map /Users/aadityasingh/Library/Developer/Xcode/DerivedData/Chatlio-erkyzdeecsohoaggpwbjdvavzqfv/Build/Intermediates.noindex/swift-collections.build/Debug-iphonesimulator/Collections.build/Objects-normal/arm64/Collections-OutputFileMap.json -use-frontend-parseable-output -save-temps -no-color-diagnostics -explicit-module-build -module-cache-path /Users/aadityasingh/Library/Developer/Xcode/DerivedData/Chatlio-erkyzdeecsohoaggpwbjdvavzqfv/Build/Intermediates.noindex/SwiftExplicitPrecompiledModules -clang-scanner-module-cache-path /Users/aadityasingh/Library/Developer/Xcode/DerivedData/ModuleCache.noindex -sdk-module-cache-path /Users/aadityasingh/Library/Developer/Xcode/DerivedData/ModuleCache.noindex -serialize-diagnostics -emit-dependencies -emit-module -emit-module-path /Users/aadityasingh/Library/Developer/Xcode/DerivedData/Chatlio-erkyzdeecsohoaggpwbjdvavzqfv/Build/Intermediates.noindex/swift-collections.build/Debug-iphonesimulator/Collections.build/Objects-normal/arm64/Collections.swiftmodule -user-module-version 1.3.0 -validate-clang-modules-once -clang-build-session-file /Users/aadityasingh/Library/Developer/Xcode/DerivedData/ModuleCache.noindex/Session.modulevalidation -package-name swift_collections -Xcc -I/Users/aadityasingh/Library/Developer/Xcode/DerivedData/Chatlio-erkyzdeecsohoaggpwbjdvavzqfv/Build/Intermediates.noindex/swift-collections.build/Debug-iphonesimulator/Collections.build/swift-overrides.hmap -emit-const-values -Xfrontend -const-gather-protocols-file -Xfrontend /Users/aadityasingh/Library/Developer/Xcode/DerivedData/Chatlio-erkyzdeecsohoaggpwbjdvavzqfv/Build/Intermediates.noindex/swift-collections.build/Debug-iphonesimulator/Collections.build/Objects-normal/arm64/Collections_const_extract_protocols.json -Xcc -I/Users/aadityasingh/Library/Developer/Xcode/DerivedData/Chatlio-erkyzdeecsohoaggpwbjdvavzqfv/Build/Products/Debug-iphonesimulator/include -Xcc -I/Users/aadityasingh/Library/Developer/Xcode/DerivedData/Chatlio-erkyzdeecsohoaggpwbjdvavzqfv/Build/Intermediates.noindex/swift-collections.build/Debug-iphonesimulator/Collections.build/DerivedSources-normal/arm64 -Xcc -I/Users/aadityasingh/Library/Developer/Xcode/DerivedData/Chatlio-erkyzdeecsohoaggpwbjdvavzqfv/Build/Intermediates.noindex/swift-collections.build/Debug-iphonesimulator/Collections.build/DerivedSources/arm64 -Xcc -I/Users/aadityasingh/Library/Developer/Xcode/DerivedData/Chatlio-erkyzdeecsohoaggpwbjdvavzqfv/Build/Intermediates.noindex/swift-collections.build/Debug-iphonesimulator/Collections.build/DerivedSources -Xcc -DSWIFT_PACKAGE -Xcc -DDEBUG\=1 -emit-objc-header -emit-objc-header-path /Users/aadityasingh/Library/Developer/Xcode/DerivedData/Chatlio-erkyzdeecsohoaggpwbjdvavzqfv/Build/Intermediates.noindex/swift-collections.build/Debug-iphonesimulator/Collections.build/Objects-normal/arm64/Collections-Swift.h -working-directory /Users/aadityasingh/Documents/Development/element-x-ios/Chatlio.xcodeproj -experimental-emit-module-separately -disable-cmo
warning: Next compile won't be incremental; could not write dependency graph: Could not write to /Users/aadityasingh/Library/Developer/Xcode/DerivedData/Chatlio-erkyzdeecsohoaggpwbjdvavzqfv/Build/Intermediates.noindex/swift-collections.build/Debug-iphonesimulator/Collections.build/Objects-normal/arm64/Collections-primary.priors, error: The folder “Collections-primary.priors” doesn’t exist. (in target 'Collections' from project 'swift-collections')

SwiftDriver Collections normal x86_64 com.apple.xcode.tools.swift.compiler (in target 'Collections' from project 'swift-collections')
    cd /Users/aadityasingh/Documents/Development/element-x-ios/Chatlio.xcodeproj
    builtin-SwiftDriver -- /Applications/Xcode.app/Contents/Developer/Toolchains/XcodeDefault.xctoolchain/usr/bin/swiftc -module-name Collections -Onone @/Users/aadityasingh/Library/Developer/Xcode/DerivedData/Chatlio-erkyzdeecsohoaggpwbjdvavzqfv/Build/Intermediates.noindex/swift-collections.build/Debug-iphonesimulator/Collections.build/Objects-normal/x86_64/Collections.SwiftFileList -DSWIFT_PACKAGE -DDEBUG -DSWIFT_MODULE_RESOURCE_BUNDLE_UNAVAILABLE -DCOLLECTIONS_RANDOMIZED_TESTING -DXcode -enable-experimental-feature AvailabilityMacro\=SwiftStdlib\ 5.0:\ macOS\ 10.14.4,\ iOS\ 12.2,\ watchOS\ 5.2,\ tvOS\ 12.2 -enable-experimental-feature AvailabilityMacro\=SwiftStdlib\ 5.1:\ macOS\ 10.15,\ iOS\ 13.0,\ watchOS\ 6.0,\ tvOS\ 13.0 -enable-experimental-feature AvailabilityMacro\=SwiftStdlib\ 5.6:\ macOS\ 12.3,\ iOS\ 15.4,\ watchOS\ 8.5,\ tvOS\ 15.4 -enable-experimental-feature AvailabilityMacro\=SwiftStdlib\ 5.8:\ macOS\ 13.3,\ iOS\ 16.4,\ watchOS\ 9.4,\ tvOS\ 16.4 -enable-experimental-feature AvailabilityMacro\=SwiftStdlib\ 5.9:\ macOS\ 14.0,\ iOS\ 17.0,\ watchOS\ 10.0,\ tvOS\ 17.0 -enable-experimental-feature AvailabilityMacro\=SwiftStdlib\ 5.10:\ macOS\ 14.4,\ iOS\ 17.4,\ watchOS\ 10.4,\ tvOS\ 17.4,\ visionOS\ 1.1 -enable-experimental-feature AvailabilityMacro\=SwiftStdlib\ 6.0:\ macOS\ 15.0,\ iOS\ 18.0,\ watchOS\ 11.0,\ tvOS\ 18.0,\ visionOS\ 2.0 -enable-experimental-feature AvailabilityMacro\=SwiftStdlib\ 6.1:\ macOS\ 15.4,\ iOS\ 18.4,\ watchOS\ 11.4,\ tvOS\ 18.4,\ visionOS\ 2.4 -enable-experimental-feature AvailabilityMacro\=SwiftStdlib\ 6.2:\ macOS\ 26.0,\ iOS\ 26.0,\ watchOS\ 26.0,\ tvOS\ 26.0,\ visionOS\ 26.0 -enable-upcoming-feature MemberImportVisibility -enable-experimental-feature BuiltinModule -enable-experimental-feature Lifetimes -enable-experimental-feature InoutLifetimeDependence -enable-experimental-feature SuppressedAssociatedTypes -plugin-path /Applications/Xcode.app/Contents/Developer/Toolchains/XcodeDefault.xctoolchain/usr/lib/swift/host/plugins/testing -enable-experimental-feature DebugDescriptionMacro -sdk /Applications/Xcode.app/Contents/Developer/Platforms/iPhoneSimulator.platform/Developer/SDKs/iPhoneSimulator26.4.sdk -target x86_64-apple-ios12.0-simulator -g -module-cache-path /Users/aadityasingh/Library/Developer/Xcode/DerivedData/ModuleCache.noindex -Xfrontend -serialize-debugging-options -profile-coverage-mapping -profile-generate -enable-testing -suppress-warnings -index-store-path /Users/aadityasingh/Library/Developer/Xcode/DerivedData/Chatlio-erkyzdeecsohoaggpwbjdvavzqfv/Index.noindex/DataStore -Xcc -D_LIBCPP_HARDENING_MODE\=_LIBCPP_HARDENING_MODE_DEBUG -swift-version 6 -I /Users/aadityasingh/Library/Developer/Xcode/DerivedData/Chatlio-erkyzdeecsohoaggpwbjdvavzqfv/Build/Products/Debug-iphonesimulator -Isystem /Applications/Xcode.app/Contents/Developer/Platforms/iPhoneSimulator.platform/Developer/usr/lib -F /Users/aadityasingh/Library/Developer/Xcode/DerivedData/Chatlio-erkyzdeecsohoaggpwbjdvavzqfv/Build/Products/Debug-iphonesimulator/PackageFrameworks -F /Users/aadityasingh/Library/Developer/Xcode/DerivedData/Chatlio-erkyzdeecsohoaggpwbjdvavzqfv/Build/Products/Debug-iphonesimulator/PackageFrameworks -F /Users/aadityasingh/Library/Developer/Xcode/DerivedData/Chatlio-erkyzdeecsohoaggpwbjdvavzqfv/Build/Products/Debug-iphonesimulator/PackageFrameworks -F /Users/aadityasingh/Library/Developer/Xcode/DerivedData/Chatlio-erkyzdeecsohoaggpwbjdvavzqfv/Build/Products/Debug-iphonesimulator/PackageFrameworks -F /Users/aadityasingh/Library/Developer/Xcode/DerivedData/Chatlio-erkyzdeecsohoaggpwbjdvavzqfv/Build/Products/Debug-iphonesimulator/PackageFrameworks -F /Users/aadityasingh/Library/Developer/Xcode/DerivedData/Chatlio-erkyzdeecsohoaggpwbjdvavzqfv/Build/Products/Debug-iphonesimulator/PackageFrameworks -F /Users/aadityasingh/Library/Developer/Xcode/DerivedData/Chatlio-erkyzdeecsohoaggpwbjdvavzqfv/Build/Products/Debug-iphonesimulator/PackageFrameworks -F /Users/aadityasingh/Library/Developer/Xcode/DerivedData/Chatlio-erkyzdeecsohoaggpwbjdvavzqfv/Build/Products/Debug-iphonesimulator -F /Applications/Xcode.app/Contents/Developer/Platforms/iPhoneSimulator.platform/Developer/Library/Frameworks -F /Applications/Xcode.app/Contents/Developer/Platforms/iPhoneSimulator.platform/Developer/SDKs/iPhoneSimulator26.4.sdk/Developer/Library/Frameworks -parse-as-library -c -j12 -enable-batch-mode -incremental -Xcc -ivfsstatcache -Xcc /Users/aadityasingh/Library/Developer/Xcode/DerivedData/SDKStatCaches.noindex/iphonesimulator26.4-23E252-686eebb5dc1d8ecb277353a59184f4aa.sdkstatcache -output-file-map /Users/aadityasingh/Library/Developer/Xcode/DerivedData/Chatlio-erkyzdeecsohoaggpwbjdvavzqfv/Build/Intermediates.noindex/swift-collections.build/Debug-iphonesimulator/Collections.build/Objects-normal/x86_64/Collections-OutputFileMap.json -use-frontend-parseable-output -save-temps -no-color-diagnostics -explicit-module-build -module-cache-path /Users/aadityasingh/Library/Developer/Xcode/DerivedData/Chatlio-erkyzdeecsohoaggpwbjdvavzqfv/Build/Intermediates.noindex/SwiftExplicitPrecompiledModules -clang-scanner-module-cache-path /Users/aadityasingh/Library/Developer/Xcode/DerivedData/ModuleCache.noindex -sdk-module-cache-path /Users/aadityasingh/Library/Developer/Xcode/DerivedData/ModuleCache.noindex -serialize-diagnostics -emit-dependencies -emit-module -emit-module-path /Users/aadityasingh/Library/Developer/Xcode/DerivedData/Chatlio-erkyzdeecsohoaggpwbjdvavzqfv/Build/Intermediates.noindex/swift-collections.build/Debug-iphonesimulator/Collections.build/Objects-normal/x86_64/Collections.swiftmodule -user-module-version 1.3.0 -validate-clang-modules-once -clang-build-session-file /Users/aadityasingh/Library/Developer/Xcode/DerivedData/ModuleCache.noindex/Session.modulevalidation -package-name swift_collections -Xcc -I/Users/aadityasingh/Library/Developer/Xcode/DerivedData/Chatlio-erkyzdeecsohoaggpwbjdvavzqfv/Build/Intermediates.noindex/swift-collections.build/Debug-iphonesimulator/Collections.build/swift-overrides.hmap -emit-const-values -Xfrontend -const-gather-protocols-file -Xfrontend /Users/aadityasingh/Library/Developer/Xcode/DerivedData/Chatlio-erkyzdeecsohoaggpwbjdvavzqfv/Build/Intermediates.noindex/swift-collections.build/Debug-iphonesimulator/Collections.build/Objects-normal/x86_64/Collections_const_extract_protocols.json -Xcc -I/Users/aadityasingh/Library/Developer/Xcode/DerivedData/Chatlio-erkyzdeecsohoaggpwbjdvavzqfv/Build/Products/Debug-iphonesimulator/include -Xcc -I/Users/aadityasingh/Library/Developer/Xcode/DerivedData/Chatlio-erkyzdeecsohoaggpwbjdvavzqfv/Build/Intermediates.noindex/swift-collections.build/Debug-iphonesimulator/Collections.build/DerivedSources-normal/x86_64 -Xcc -I/Users/aadityasingh/Library/Developer/Xcode/DerivedData/Chatlio-erkyzdeecsohoaggpwbjdvavzqfv/Build/Intermediates.noindex/swift-collections.build/Debug-iphonesimulator/Collections.build/DerivedSources/x86_64 -Xcc -I/Users/aadityasingh/Library/Developer/Xcode/DerivedData/Chatlio-erkyzdeecsohoaggpwbjdvavzqfv/Build/Intermediates.noindex/swift-collections.build/Debug-iphonesimulator/Collections.build/DerivedSources -Xcc -DSWIFT_PACKAGE -Xcc -DDEBUG\=1 -emit-objc-header -emit-objc-header-path /Users/aadityasingh/Library/Developer/Xcode/DerivedData/Chatlio-erkyzdeecsohoaggpwbjdvavzqfv/Build/Intermediates.noindex/swift-collections.build/Debug-iphonesimulator/Collections.build/Objects-normal/x86_64/Collections-Swift.h -working-directory /Users/aadityasingh/Documents/Development/element-x-ios/Chatlio.xcodeproj -experimental-emit-module-separately -disable-cmo
warning: Next compile won't be incremental; could not write dependency graph: Could not write to /Users/aadityasingh/Library/Developer/Xcode/DerivedData/Chatlio-erkyzdeecsohoaggpwbjdvavzqfv/Build/Intermediates.noindex/swift-collections.build/Debug-iphonesimulator/Collections.build/Objects-normal/x86_64/Collections-primary.priors, error: The folder “Collections-primary.priors” doesn’t exist. (in target 'Collections' from project 'swift-collections')

SwiftDriver AsyncAlgorithms normal x86_64 com.apple.xcode.tools.swift.compiler (in target 'AsyncAlgorithms' from project 'swift-async-algorithms')
    cd /Users/aadityasingh/Documents/Development/element-x-ios/Chatlio.xcodeproj
    builtin-SwiftDriver -- /Applications/Xcode.app/Contents/Developer/Toolchains/XcodeDefault.xctoolchain/usr/bin/swiftc -module-name AsyncAlgorithms -Onone @/Users/aadityasingh/Library/Developer/Xcode/DerivedData/Chatlio-erkyzdeecsohoaggpwbjdvavzqfv/Build/Intermediates.noindex/swift-async-algorithms.build/Debug-iphonesimulator/AsyncAlgorithms.build/Objects-normal/x86_64/AsyncAlgorithms.SwiftFileList -DSWIFT_PACKAGE -DDEBUG -DSWIFT_MODULE_RESOURCE_BUNDLE_UNAVAILABLE -DXcode -enable-experimental-feature AvailabilityMacro\=AsyncAlgorithms\ 1.0:macOS\ 10.15,\ iOS\ 13.0,\ tvOS\ 13.0,\ watchOS\ 6.0 -enable-experimental-feature AvailabilityMacro\=AsyncAlgorithms\ 1.1:macOS\ 15.0,\ iOS\ 18.0,\ tvOS\ 18.0,\ watchOS\ 11.0,\ visionOS\ 2.0 -enable-experimental-feature AvailabilityMacro\=AsyncAlgorithms\ 1.2:macOS\ 15.0,\ iOS\ 18.0,\ tvOS\ 18.0,\ watchOS\ 11.0,\ visionOS\ 2.0 -enable-experimental-feature AvailabilityMacro\=AsyncAlgorithms\ 1.3:macOS\ 15.0,\ iOS\ 18.0,\ tvOS\ 18.0,\ watchOS\ 11.0,\ visionOS\ 2.0 -enable-experimental-feature StrictConcurrency\=complete -plugin-path /Applications/Xcode.app/Contents/Developer/Toolchains/XcodeDefault.xctoolchain/usr/lib/swift/host/plugins/testing -enable-experimental-feature DebugDescriptionMacro -sdk /Applications/Xcode.app/Contents/Developer/Platforms/iPhoneSimulator.platform/Developer/SDKs/iPhoneSimulator26.4.sdk -target x86_64-apple-ios12.0-simulator -g -module-cache-path /Users/aadityasingh/Library/Developer/Xcode/DerivedData/ModuleCache.noindex -Xfrontend -serialize-debugging-options -profile-coverage-mapping -profile-generate -enable-testing -suppress-warnings -index-store-path /Users/aadityasingh/Library/Developer/Xcode/DerivedData/Chatlio-erkyzdeecsohoaggpwbjdvavzqfv/Index.noindex/DataStore -Xcc -D_LIBCPP_HARDENING_MODE\=_LIBCPP_HARDENING_MODE_DEBUG -swift-version 6 -I /Users/aadityasingh/Library/Developer/Xcode/DerivedData/Chatlio-erkyzdeecsohoaggpwbjdvavzqfv/Build/Products/Debug-iphonesimulator -Isystem /Applications/Xcode.app/Contents/Developer/Platforms/iPhoneSimulator.platform/Developer/usr/lib -F /Users/aadityasingh/Library/Developer/Xcode/DerivedData/Chatlio-erkyzdeecsohoaggpwbjdvavzqfv/Build/Products/Debug-iphonesimulator/PackageFrameworks -F /Users/aadityasingh/Library/Developer/Xcode/DerivedData/Chatlio-erkyzdeecsohoaggpwbjdvavzqfv/Build/Products/Debug-iphonesimulator/PackageFrameworks -F /Users/aadityasingh/Library/Developer/Xcode/DerivedData/Chatlio-erkyzdeecsohoaggpwbjdvavzqfv/Build/Products/Debug-iphonesimulator/PackageFrameworks -F /Users/aadityasingh/Library/Developer/Xcode/DerivedData/Chatlio-erkyzdeecsohoaggpwbjdvavzqfv/Build/Products/Debug-iphonesimulator -F /Applications/Xcode.app/Contents/Developer/Platforms/iPhoneSimulator.platform/Developer/Library/Frameworks -F /Applications/Xcode.app/Contents/Developer/Platforms/iPhoneSimulator.platform/Developer/SDKs/iPhoneSimulator26.4.sdk/Developer/Library/Frameworks -c -j12 -enable-batch-mode -incremental -Xcc -ivfsstatcache -Xcc /Users/aadityasingh/Library/Developer/Xcode/DerivedData/SDKStatCaches.noindex/iphonesimulator26.4-23E252-686eebb5dc1d8ecb277353a59184f4aa.sdkstatcache -output-file-map /Users/aadityasingh/Library/Developer/Xcode/DerivedData/Chatlio-erkyzdeecsohoaggpwbjdvavzqfv/Build/Intermediates.noindex/swift-async-algorithms.build/Debug-iphonesimulator/AsyncAlgorithms.build/Objects-normal/x86_64/AsyncAlgorithms-OutputFileMap.json -use-frontend-parseable-output -save-temps -no-color-diagnostics -explicit-module-build -module-cache-path /Users/aadityasingh/Library/Developer/Xcode/DerivedData/Chatlio-erkyzdeecsohoaggpwbjdvavzqfv/Build/Intermediates.noindex/SwiftExplicitPrecompiledModules -clang-scanner-module-cache-path /Users/aadityasingh/Library/Developer/Xcode/DerivedData/ModuleCache.noindex -sdk-module-cache-path /Users/aadityasingh/Library/Developer/Xcode/DerivedData/ModuleCache.noindex -serialize-diagnostics -emit-dependencies -emit-module -emit-module-path /Users/aadityasingh/Library/Developer/Xcode/DerivedData/Chatlio-erkyzdeecsohoaggpwbjdvavzqfv/Build/Intermediates.noindex/swift-async-algorithms.build/Debug-iphonesimulator/AsyncAlgorithms.build/Objects-normal/x86_64/AsyncAlgorithms.swiftmodule -user-module-version 1.1.3 -validate-clang-modules-once -clang-build-session-file /Users/aadityasingh/Library/Developer/Xcode/DerivedData/ModuleCache.noindex/Session.modulevalidation -package-name swift_async_algorithms -Xcc -I/Users/aadityasingh/Library/Developer/Xcode/DerivedData/Chatlio-erkyzdeecsohoaggpwbjdvavzqfv/Build/Intermediates.noindex/swift-async-algorithms.build/Debug-iphonesimulator/AsyncAlgorithms.build/swift-overrides.hmap -emit-const-values -Xfrontend -const-gather-protocols-file -Xfrontend /Users/aadityasingh/Library/Developer/Xcode/DerivedData/Chatlio-erkyzdeecsohoaggpwbjdvavzqfv/Build/Intermediates.noindex/swift-async-algorithms.build/Debug-iphonesimulator/AsyncAlgorithms.build/Objects-normal/x86_64/AsyncAlgorithms_const_extract_protocols.json -Xcc -I/Users/aadityasingh/Library/Developer/Xcode/DerivedData/Chatlio-erkyzdeecsohoaggpwbjdvavzqfv/Build/Products/Debug-iphonesimulator/include -Xcc -I/Users/aadityasingh/Library/Developer/Xcode/DerivedData/Chatlio-erkyzdeecsohoaggpwbjdvavzqfv/Build/Intermediates.noindex/swift-async-algorithms.build/Debug-iphonesimulator/AsyncAlgorithms.build/DerivedSources-normal/x86_64 -Xcc -I/Users/aadityasingh/Library/Developer/Xcode/DerivedData/Chatlio-erkyzdeecsohoaggpwbjdvavzqfv/Build/Intermediates.noindex/swift-async-algorithms.build/Debug-iphonesimulator/AsyncAlgorithms.build/DerivedSources/x86_64 -Xcc -I/Users/aadityasingh/Library/Developer/Xcode/DerivedData/Chatlio-erkyzdeecsohoaggpwbjdvavzqfv/Build/Intermediates.noindex/swift-async-algorithms.build/Debug-iphonesimulator/AsyncAlgorithms.build/DerivedSources -Xcc -DSWIFT_PACKAGE -Xcc -DDEBUG\=1 -emit-objc-header -emit-objc-header-path /Users/aadityasingh/Library/Developer/Xcode/DerivedData/Chatlio-erkyzdeecsohoaggpwbjdvavzqfv/Build/Intermediates.noindex/swift-async-algorithms.build/Debug-iphonesimulator/AsyncAlgorithms.build/Objects-normal/x86_64/AsyncAlgorithms-Swift.h -working-directory /Users/aadityasingh/Documents/Development/element-x-ios/Chatlio.xcodeproj -experimental-emit-module-separately -disable-cmo
error: The file “AsyncAlgorithms-dependencies-1.json” doesn’t exist. (in target 'AsyncAlgorithms' from project 'swift-async-algorithms')
warning: Next compile won't be incremental; could not write dependency graph: Could not write to /Users/aadityasingh/Library/Developer/Xcode/DerivedData/Chatlio-erkyzdeecsohoaggpwbjdvavzqfv/Build/Intermediates.noindex/swift-async-algorithms.build/Debug-iphonesimulator/AsyncAlgorithms.build/Objects-normal/x86_64/AsyncAlgorithms-primary.priors, error: The folder “AsyncAlgorithms-primary.priors” doesn’t exist. (in target 'AsyncAlgorithms' from project 'swift-async-algorithms')

SwiftDriver AsyncAlgorithms normal arm64 com.apple.xcode.tools.swift.compiler (in target 'AsyncAlgorithms' from project 'swift-async-algorithms')
    cd /Users/aadityasingh/Documents/Development/element-x-ios/Chatlio.xcodeproj
    builtin-SwiftDriver -- /Applications/Xcode.app/Contents/Developer/Toolchains/XcodeDefault.xctoolchain/usr/bin/swiftc -module-name AsyncAlgorithms -Onone @/Users/aadityasingh/Library/Developer/Xcode/DerivedData/Chatlio-erkyzdeecsohoaggpwbjdvavzqfv/Build/Intermediates.noindex/swift-async-algorithms.build/Debug-iphonesimulator/AsyncAlgorithms.build/Objects-normal/arm64/AsyncAlgorithms.SwiftFileList -DSWIFT_PACKAGE -DDEBUG -DSWIFT_MODULE_RESOURCE_BUNDLE_UNAVAILABLE -DXcode -enable-experimental-feature AvailabilityMacro\=AsyncAlgorithms\ 1.0:macOS\ 10.15,\ iOS\ 13.0,\ tvOS\ 13.0,\ watchOS\ 6.0 -enable-experimental-feature AvailabilityMacro\=AsyncAlgorithms\ 1.1:macOS\ 15.0,\ iOS\ 18.0,\ tvOS\ 18.0,\ watchOS\ 11.0,\ visionOS\ 2.0 -enable-experimental-feature AvailabilityMacro\=AsyncAlgorithms\ 1.2:macOS\ 15.0,\ iOS\ 18.0,\ tvOS\ 18.0,\ watchOS\ 11.0,\ visionOS\ 2.0 -enable-experimental-feature AvailabilityMacro\=AsyncAlgorithms\ 1.3:macOS\ 15.0,\ iOS\ 18.0,\ tvOS\ 18.0,\ watchOS\ 11.0,\ visionOS\ 2.0 -enable-experimental-feature StrictConcurrency\=complete -plugin-path /Applications/Xcode.app/Contents/Developer/Toolchains/XcodeDefault.xctoolchain/usr/lib/swift/host/plugins/testing -enable-experimental-feature DebugDescriptionMacro -sdk /Applications/Xcode.app/Contents/Developer/Platforms/iPhoneSimulator.platform/Developer/SDKs/iPhoneSimulator26.4.sdk -target arm64-apple-ios12.0-simulator -g -module-cache-path /Users/aadityasingh/Library/Developer/Xcode/DerivedData/ModuleCache.noindex -Xfrontend -serialize-debugging-options -profile-coverage-mapping -profile-generate -enable-testing -suppress-warnings -index-store-path /Users/aadityasingh/Library/Developer/Xcode/DerivedData/Chatlio-erkyzdeecsohoaggpwbjdvavzqfv/Index.noindex/DataStore -Xcc -D_LIBCPP_HARDENING_MODE\=_LIBCPP_HARDENING_MODE_DEBUG -swift-version 6 -I /Users/aadityasingh/Library/Developer/Xcode/DerivedData/Chatlio-erkyzdeecsohoaggpwbjdvavzqfv/Build/Products/Debug-iphonesimulator -Isystem /Applications/Xcode.app/Contents/Developer/Platforms/iPhoneSimulator.platform/Developer/usr/lib -F /Users/aadityasingh/Library/Developer/Xcode/DerivedData/Chatlio-erkyzdeecsohoaggpwbjdvavzqfv/Build/Products/Debug-iphonesimulator/PackageFrameworks -F /Users/aadityasingh/Library/Developer/Xcode/DerivedData/Chatlio-erkyzdeecsohoaggpwbjdvavzqfv/Build/Products/Debug-iphonesimulator/PackageFrameworks -F /Users/aadityasingh/Library/Developer/Xcode/DerivedData/Chatlio-erkyzdeecsohoaggpwbjdvavzqfv/Build/Products/Debug-iphonesimulator/PackageFrameworks -F /Users/aadityasingh/Library/Developer/Xcode/DerivedData/Chatlio-erkyzdeecsohoaggpwbjdvavzqfv/Build/Products/Debug-iphonesimulator -F /Applications/Xcode.app/Contents/Developer/Platforms/iPhoneSimulator.platform/Developer/Library/Frameworks -F /Applications/Xcode.app/Contents/Developer/Platforms/iPhoneSimulator.platform/Developer/SDKs/iPhoneSimulator26.4.sdk/Developer/Library/Frameworks -c -j12 -enable-batch-mode -incremental -Xcc -ivfsstatcache -Xcc /Users/aadityasingh/Library/Developer/Xcode/DerivedData/SDKStatCaches.noindex/iphonesimulator26.4-23E252-686eebb5dc1d8ecb277353a59184f4aa.sdkstatcache -output-file-map /Users/aadityasingh/Library/Developer/Xcode/DerivedData/Chatlio-erkyzdeecsohoaggpwbjdvavzqfv/Build/Intermediates.noindex/swift-async-algorithms.build/Debug-iphonesimulator/AsyncAlgorithms.build/Objects-normal/arm64/AsyncAlgorithms-OutputFileMap.json -use-frontend-parseable-output -save-temps -no-color-diagnostics -explicit-module-build -module-cache-path /Users/aadityasingh/Library/Developer/Xcode/DerivedData/Chatlio-erkyzdeecsohoaggpwbjdvavzqfv/Build/Intermediates.noindex/SwiftExplicitPrecompiledModules -clang-scanner-module-cache-path /Users/aadityasingh/Library/Developer/Xcode/DerivedData/ModuleCache.noindex -sdk-module-cache-path /Users/aadityasingh/Library/Developer/Xcode/DerivedData/ModuleCache.noindex -serialize-diagnostics -emit-dependencies -emit-module -emit-module-path /Users/aadityasingh/Library/Developer/Xcode/DerivedData/Chatlio-erkyzdeecsohoaggpwbjdvavzqfv/Build/Intermediates.noindex/swift-async-algorithms.build/Debug-iphonesimulator/AsyncAlgorithms.build/Objects-normal/arm64/AsyncAlgorithms.swiftmodule -user-module-version 1.1.3 -validate-clang-modules-once -clang-build-session-file /Users/aadityasingh/Library/Developer/Xcode/DerivedData/ModuleCache.noindex/Session.modulevalidation -package-name swift_async_algorithms -Xcc -I/Users/aadityasingh/Library/Developer/Xcode/DerivedData/Chatlio-erkyzdeecsohoaggpwbjdvavzqfv/Build/Intermediates.noindex/swift-async-algorithms.build/Debug-iphonesimulator/AsyncAlgorithms.build/swift-overrides.hmap -emit-const-values -Xfrontend -const-gather-protocols-file -Xfrontend /Users/aadityasingh/Library/Developer/Xcode/DerivedData/Chatlio-erkyzdeecsohoaggpwbjdvavzqfv/Build/Intermediates.noindex/swift-async-algorithms.build/Debug-iphonesimulator/AsyncAlgorithms.build/Objects-normal/arm64/AsyncAlgorithms_const_extract_protocols.json -Xcc -I/Users/aadityasingh/Library/Developer/Xcode/DerivedData/Chatlio-erkyzdeecsohoaggpwbjdvavzqfv/Build/Products/Debug-iphonesimulator/include -Xcc -I/Users/aadityasingh/Library/Developer/Xcode/DerivedData/Chatlio-erkyzdeecsohoaggpwbjdvavzqfv/Build/Intermediates.noindex/swift-async-algorithms.build/Debug-iphonesimulator/AsyncAlgorithms.build/DerivedSources-normal/arm64 -Xcc -I/Users/aadityasingh/Library/Developer/Xcode/DerivedData/Chatlio-erkyzdeecsohoaggpwbjdvavzqfv/Build/Intermediates.noindex/swift-async-algorithms.build/Debug-iphonesimulator/AsyncAlgorithms.build/DerivedSources/arm64 -Xcc -I/Users/aadityasingh/Library/Developer/Xcode/DerivedData/Chatlio-erkyzdeecsohoaggpwbjdvavzqfv/Build/Intermediates.noindex/swift-async-algorithms.build/Debug-iphonesimulator/AsyncAlgorithms.build/DerivedSources -Xcc -DSWIFT_PACKAGE -Xcc -DDEBUG\=1 -emit-objc-header -emit-objc-header-path /Users/aadityasingh/Library/Developer/Xcode/DerivedData/Chatlio-erkyzdeecsohoaggpwbjdvavzqfv/Build/Intermediates.noindex/swift-async-algorithms.build/Debug-iphonesimulator/AsyncAlgorithms.build/Objects-normal/arm64/AsyncAlgorithms-Swift.h -working-directory /Users/aadityasingh/Documents/Development/element-x-ios/Chatlio.xcodeproj -experimental-emit-module-separately -disable-cmo
/Users/aadityasingh/Library/Developer/Xcode/DerivedData/Chatlio-erkyzdeecsohoaggpwbjdvavzqfv/SourcePackages/checkouts/swift-async-algorithms/Sources/AsyncAlgorithms/AsyncShareSequence.swift:15:8: error: Unable to resolve module dependency: 'DequeModule'
import DequeModule
       ^ (in target 'AsyncAlgorithms' from project 'swift-async-algorithms')
/Users/aadityasingh/Library/Developer/Xcode/DerivedData/Chatlio-erkyzdeecsohoaggpwbjdvavzqfv/SourcePackages/checkouts/swift-async-algorithms/Sources/AsyncAlgorithms/AsyncShareSequence.swift:15:8: note: A dependency of main module 'AsyncAlgorithms'
import DequeModule
       ^ (in target 'AsyncAlgorithms' from project 'swift-async-algorithms')
/Users/aadityasingh/Library/Developer/Xcode/DerivedData/Chatlio-erkyzdeecsohoaggpwbjdvavzqfv/SourcePackages/checkouts/swift-async-algorithms/Sources/AsyncAlgorithms/Buffer/BoundedBufferStateMachine.swift:12:8: note: Also imported here
import DequeModule
       ^ (in target 'AsyncAlgorithms' from project 'swift-async-algorithms')
/Users/aadityasingh/Library/Developer/Xcode/DerivedData/Chatlio-erkyzdeecsohoaggpwbjdvavzqfv/SourcePackages/checkouts/swift-async-algorithms/Sources/AsyncAlgorithms/Buffer/UnboundedBufferStateMachine.swift:12:8: note: Also imported here
import DequeModule
       ^ (in target 'AsyncAlgorithms' from project 'swift-async-algorithms')
/Users/aadityasingh/Library/Developer/Xcode/DerivedData/Chatlio-erkyzdeecsohoaggpwbjdvavzqfv/SourcePackages/checkouts/swift-async-algorithms/Sources/AsyncAlgorithms/CombineLatest/CombineLatestStateMachine.swift:12:8: note: Also imported here
import DequeModule
       ^ (in target 'AsyncAlgorithms' from project 'swift-async-algorithms')
/Users/aadityasingh/Library/Developer/Xcode/DerivedData/Chatlio-erkyzdeecsohoaggpwbjdvavzqfv/SourcePackages/checkouts/swift-async-algorithms/Sources/AsyncAlgorithms/FlatMapLatest/FlatMapLatestStateMachine.swift:12:8: note: Also imported here
import DequeModule
       ^ (in target 'AsyncAlgorithms' from project 'swift-async-algorithms')
/Users/aadityasingh/Library/Developer/Xcode/DerivedData/Chatlio-erkyzdeecsohoaggpwbjdvavzqfv/SourcePackages/checkouts/swift-async-algorithms/Sources/AsyncAlgorithms/Merge/AsyncMerge2Sequence.swift:12:8: note: Also imported here
import DequeModule
       ^ (in target 'AsyncAlgorithms' from project 'swift-async-algorithms')
/Users/aadityasingh/Library/Developer/Xcode/DerivedData/Chatlio-erkyzdeecsohoaggpwbjdvavzqfv/SourcePackages/checkouts/swift-async-algorithms/Sources/AsyncAlgorithms/Merge/AsyncMerge3Sequence.swift:12:8: note: Also imported here
import DequeModule
       ^ (in target 'AsyncAlgorithms' from project 'swift-async-algorithms')
/Users/aadityasingh/Library/Developer/Xcode/DerivedData/Chatlio-erkyzdeecsohoaggpwbjdvavzqfv/SourcePackages/checkouts/swift-async-algorithms/Sources/AsyncAlgorithms/Merge/MergeStateMachine.swift:12:8: note: Also imported here
import DequeModule
       ^ (in target 'AsyncAlgorithms' from project 'swift-async-algorithms')
/Users/aadityasingh/Library/Developer/Xcode/DerivedData/Chatlio-erkyzdeecsohoaggpwbjdvavzqfv/SourcePackages/checkouts/swift-async-algorithms/Sources/AsyncAlgorithms/MultiProducerSingleConsumerChannel/MultiProducerSingleConsumerAsyncChannel+Internal.swift:13:8: note: Also imported here
import DequeModule
       ^ (in target 'AsyncAlgorithms' from project 'swift-async-algorithms')
/Users/aadityasingh/Library/Developer/Xcode/DerivedData/Chatlio-erkyzdeecsohoaggpwbjdvavzqfv/SourcePackages/checkouts/swift-async-algorithms/Sources/AsyncAlgorithms/Channels/ChannelStateMachine.swift:11:8: error: Unable to resolve module dependency: 'OrderedCollections'
import OrderedCollections
       ^ (in target 'AsyncAlgorithms' from project 'swift-async-algorithms')
/Users/aadityasingh/Library/Developer/Xcode/DerivedData/Chatlio-erkyzdeecsohoaggpwbjdvavzqfv/SourcePackages/checkouts/swift-async-algorithms/Sources/AsyncAlgorithms/Channels/ChannelStateMachine.swift:11:8: note: A dependency of main module 'AsyncAlgorithms'
import OrderedCollections
       ^ (in target 'AsyncAlgorithms' from project 'swift-async-algorithms')
warning: Next compile won't be incremental; could not write dependency graph: Could not write to /Users/aadityasingh/Library/Developer/Xcode/DerivedData/Chatlio-erkyzdeecsohoaggpwbjdvavzqfv/Build/Intermediates.noindex/swift-async-algorithms.build/Debug-iphonesimulator/AsyncAlgorithms.build/Objects-normal/arm64/AsyncAlgorithms-primary.priors, error: The folder “AsyncAlgorithms-primary.priors” doesn’t exist. (in target 'AsyncAlgorithms' from project 'swift-async-algorithms')

RegisterExecutionPolicyException /Users/aadityasingh/Library/Developer/Xcode/DerivedData/Chatlio-erkyzdeecsohoaggpwbjdvavzqfv/Build/Products/Debug-iphonesimulator/OrderedCollections.o (in target 'OrderedCollections' from project 'swift-collections')
    cd /Users/aadityasingh/Library/Developer/Xcode/DerivedData/Chatlio-erkyzdeecsohoaggpwbjdvavzqfv/SourcePackages/checkouts/swift-collections
    builtin-RegisterExecutionPolicyException /Users/aadityasingh/Library/Developer/Xcode/DerivedData/Chatlio-erkyzdeecsohoaggpwbjdvavzqfv/Build/Products/Debug-iphonesimulator/OrderedCollections.o

SwiftDriverJobDiscovery normal arm64 Compiling EitherSequence.swift, FirstNonNil.swift, FlattenCollection.swift (in target 'Algorithms' from project 'swift-algorithms')

error: error: accessing build database "/Users/aadityasingh/Library/Developer/Xcode/DerivedData/Chatlio-erkyzdeecsohoaggpwbjdvavzqfv/Build/Intermediates.noindex/XCBuildData/build.db": disk I/O error
warning: next compile won't be incremental; could not write dependency graph: Could not write to /Users/aadityasingh/Library/Developer/Xcode/DerivedData/Chatlio-erkyzdeecsohoaggpwbjdvavzqfv/Build/Intermediates.noindex/SwiftOGG.build/Debug-iphonesimulator/SwiftOGG.build/Objects-normal/x86_64/SwiftOGG-primary.priors, error: The folder “SwiftOGG-primary.priors” doesn’t exist.
warning: next compile won't be incremental; could not write dependency graph: Could not write to /Users/aadityasingh/Library/Developer/Xcode/DerivedData/Chatlio-erkyzdeecsohoaggpwbjdvavzqfv/Build/Intermediates.noindex/SwiftOGG.build/Debug-iphonesimulator/SwiftOGG.build/Objects-normal/arm64/SwiftOGG-primary.priors, error: The folder “SwiftOGG-primary.priors” doesn’t exist.
note: Run script build phase '🛠 SwiftGen' will be run during every build because the option to run the script phase "Based on dependency analysis" is unchecked. (in target 'Chatlio' from project 'Chatlio')
note: Run script build phase '⚠️ SwiftLint' will be run during every build because the option to run the script phase "Based on dependency analysis" is unchecked. (in target 'Chatlio' from project 'Chatlio')
note: Run script build phase '🧙 Sourcery - Generate Accessibility Tests' will be run during every build because the option to run the script phase "Based on dependency analysis" is unchecked. (in target 'Chatlio' from project 'Chatlio')
note: Run script build phase '🧹 SwiftFormat' will be run during every build because the option to run the script phase "Based on dependency analysis" is unchecked. (in target 'Chatlio' from project 'Chatlio')
note: Run script build phase '🧙 Sourcery - Generate preview tests' will be run during every build because the option to run the script phase "Based on dependency analysis" is unchecked. (in target 'Chatlio' from project 'Chatlio')
note: Run script build phase '🧙 Sourcery - Generate mocks' will be run during every build because the option to run the script phase "Based on dependency analysis" is unchecked. (in target 'Chatlio' from project 'Chatlio')
warning: next compile won't be incremental; could not write dependency graph: Could not write to /Users/aadityasingh/Library/Developer/Xcode/DerivedData/Chatlio-erkyzdeecsohoaggpwbjdvavzqfv/Build/Intermediates.noindex/WysiwygComposer.build/Debug-iphonesimulator/WysiwygComposer.build/Objects-normal/x86_64/WysiwygComposer-primary.priors, error: The folder “WysiwygComposer-primary.priors” doesn’t exist.
** BUILD FAILED **


The following build commands failed:
	SwiftCompile normal x86_64 /Users/aadityasingh/Library/Developer/Xcode/DerivedData/Chatlio-erkyzdeecsohoaggpwbjdvavzqfv/SourcePackages/checkouts/swift-algorithms/Sources/Algorithms/AdjacentPairs.swift (in target 'Algorithms' from project 'swift-algorithms')
	SwiftCompile normal x86_64 /Users/aadityasingh/Library/Developer/Xcode/DerivedData/Chatlio-erkyzdeecsohoaggpwbjdvavzqfv/SourcePackages/checkouts/swift-algorithms/Sources/Algorithms/Chain.swift (in target 'Algorithms' from project 'swift-algorithms')
	SwiftCompile normal x86_64 /Users/aadityasingh/Library/Developer/Xcode/DerivedData/Chatlio-erkyzdeecsohoaggpwbjdvavzqfv/SourcePackages/checkouts/swift-algorithms/Sources/Algorithms/Chunked.swift (in target 'Algorithms' from project 'swift-algorithms')
	SwiftCompile normal x86_64 Compiling\ AdjacentPairs.swift,\ Chain.swift,\ Chunked.swift /Users/aadityasingh/Library/Developer/Xcode/DerivedData/Chatlio-erkyzdeecsohoaggpwbjdvavzqfv/SourcePackages/checkouts/swift-algorithms/Sources/Algorithms/AdjacentPairs.swift /Users/aadityasingh/Library/Developer/Xcode/DerivedData/Chatlio-erkyzdeecsohoaggpwbjdvavzqfv/SourcePackages/checkouts/swift-algorithms/Sources/Algorithms/Chain.swift /Users/aadityasingh/Library/Developer/Xcode/DerivedData/Chatlio-erkyzdeecsohoaggpwbjdvavzqfv/SourcePackages/checkouts/swift-algorithms/Sources/Algorithms/Chunked.swift (in target 'Algorithms' from project 'swift-algorithms')
	SwiftCompile normal arm64 Compiling\ AdjacentPairs.swift,\ Chain.swift,\ Chunked.swift /Users/aadityasingh/Library/Developer/Xcode/DerivedData/Chatlio-erkyzdeecsohoaggpwbjdvavzqfv/SourcePackages/checkouts/swift-algorithms/Sources/Algorithms/AdjacentPairs.swift /Users/aadityasingh/Library/Developer/Xcode/DerivedData/Chatlio-erkyzdeecsohoaggpwbjdvavzqfv/SourcePackages/checkouts/swift-algorithms/Sources/Algorithms/Chain.swift /Users/aadityasingh/Library/Developer/Xcode/DerivedData/Chatlio-erkyzdeecsohoaggpwbjdvavzqfv/SourcePackages/checkouts/swift-algorithms/Sources/Algorithms/Chunked.swift (in target 'Algorithms' from project 'swift-algorithms')
	SwiftDriver DSWaveformImageViews normal arm64 com.apple.xcode.tools.swift.compiler (in target 'DSWaveformImageViews' from project 'DSWaveformImage')
	SwiftDriver DSWaveformImageViews normal x86_64 com.apple.xcode.tools.swift.compiler (in target 'DSWaveformImageViews' from project 'DSWaveformImage')
	SwiftDriver Compound normal x86_64 com.apple.xcode.tools.swift.compiler (in target 'Compound' from project 'Compound')
	SwiftDriver Compound normal arm64 com.apple.xcode.tools.swift.compiler (in target 'Compound' from project 'Compound')
	SwiftDriver AsyncAlgorithms normal x86_64 com.apple.xcode.tools.swift.compiler (in target 'AsyncAlgorithms' from project 'swift-async-algorithms')
	SwiftDriver AsyncAlgorithms normal arm64 com.apple.xcode.tools.swift.compiler (in target 'AsyncAlgorithms' from project 'swift-async-algorithms')
warning: next compile won't be incremental; could not write dependency graph: Could not write to /Users/aadityasingh/Library/Developer/Xcode/DerivedData/Chatlio-erkyzdeecsohoaggpwbjdvavzqfv/Build/Intermediates.noindex/WysiwygComposer.build/Debug-iphonesimulator/WysiwygComposer.build/Objects-normal/arm64/WysiwygComposer-primary.priors, error: The folder “WysiwygComposer-primary.priors” doesn’t exist.
warning: next compile won't be incremental; could not write dependency graph: Could not write to /Users/aadityasingh/Library/Developer/Xcode/DerivedData/Chatlio-erkyzdeecsohoaggpwbjdvavzqfv/Build/Intermediates.noindex/AnalyticsEvents.build/Debug-iphonesimulator/AnalyticsEvents.build/Objects-normal/x86_64/AnalyticsEvents-primary.priors, error: The folder “AnalyticsEvents-primary.priors” doesn’t exist.
warning: next compile won't be incremental; could not write dependency graph: Could not write to /Users/aadityasingh/Library/Developer/Xcode/DerivedData/Chatlio-erkyzdeecsohoaggpwbjdvavzqfv/Build/Intermediates.noindex/AnalyticsEvents.build/Debug-iphonesimulator/AnalyticsEvents.build/Objects-normal/arm64/AnalyticsEvents-primary.priors, error: The folder “AnalyticsEvents-primary.priors” doesn’t exist.
warning: next compile won't be incremental; could not write dependency graph: Could not write to /Users/aadityasingh/Library/Developer/Xcode/DerivedData/Chatlio-erkyzdeecsohoaggpwbjdvavzqfv/Build/Intermediates.noindex/swift-algorithms.build/Debug-iphonesimulator/Algorithms.build/Objects-normal/arm64/Algorithms-primary.priors, error: The folder “Algorithms-primary.priors” doesn’t exist.
warning: next compile won't be incremental; could not write dependency graph: Could not write to /Users/aadityasingh/Library/Developer/Xcode/DerivedData/Chatlio-erkyzdeecsohoaggpwbjdvavzqfv/Build/Intermediates.noindex/EmbeddedElementCall.build/Debug-iphonesimulator/EmbeddedElementCall.build/Objects-normal/x86_64/EmbeddedElementCall-primary.priors, error: The folder “EmbeddedElementCall-primary.priors” doesn’t exist.
warning: next compile won't be incremental; could not write dependency graph: Could not write to /Users/aadityasingh/Library/Developer/Xcode/DerivedData/Chatlio-erkyzdeecsohoaggpwbjdvavzqfv/Build/Intermediates.noindex/EmbeddedElementCall.build/Debug-iphonesimulator/EmbeddedElementCall.build/Objects-normal/arm64/EmbeddedElementCall-primary.priors, error: The folder “EmbeddedElementCall-primary.priors” doesn’t exist.
warning: next compile won't be incremental; could not write dependency graph: Could not write to /Users/aadityasingh/Library/Developer/Xcode/DerivedData/Chatlio-erkyzdeecsohoaggpwbjdvavzqfv/Build/Intermediates.noindex/swift-collections.build/Debug-iphonesimulator/HashTreeCollections.build/Objects-normal/arm64/HashTreeCollections-primary.priors, error: The folder “HashTreeCollections-primary.priors” doesn’t exist.
warning: next compile won't be incremental; could not write dependency graph: Could not write to /Users/aadityasingh/Library/Developer/Xcode/DerivedData/Chatlio-erkyzdeecsohoaggpwbjdvavzqfv/Build/Intermediates.noindex/swift-collections.build/Debug-iphonesimulator/HashTreeCollections.build/Objects-normal/x86_64/HashTreeCollections-primary.priors, error: The folder “HashTreeCollections-primary.priors” doesn’t exist.
warning: next compile won't be incremental; could not write dependency graph: Could not write to /Users/aadityasingh/Library/Developer/Xcode/DerivedData/Chatlio-erkyzdeecsohoaggpwbjdvavzqfv/Build/Intermediates.noindex/CompoundDesignTokens.build/Debug-iphonesimulator/CompoundDesignTokens.build/Objects-normal/arm64/CompoundDesignTokens-primary.priors, error: The folder “CompoundDesignTokens-primary.priors” doesn’t exist.
warning: next compile won't be incremental; could not write dependency graph: Could not write to /Users/aadityasingh/Library/Developer/Xcode/DerivedData/Chatlio-erkyzdeecsohoaggpwbjdvavzqfv/Build/Intermediates.noindex/CompoundDesignTokens.build/Debug-iphonesimulator/CompoundDesignTokens.build/Objects-normal/x86_64/CompoundDesignTokens-primary.priors, error: The folder “CompoundDesignTokens-primary.priors” doesn’t exist.
warning: next compile won't be incremental; could not write dependency graph: Could not write to /Users/aadityasingh/Library/Developer/Xcode/DerivedData/Chatlio-erkyzdeecsohoaggpwbjdvavzqfv/Build/Intermediates.noindex/swift-collections.build/Debug-iphonesimulator/HeapModule.build/Objects-normal/x86_64/HeapModule-primary.priors, error: The folder “HeapModule-primary.priors” doesn’t exist.
warning: next compile won't be incremental; could not write dependency graph: Could not write to /Users/aadityasingh/Library/Developer/Xcode/DerivedData/Chatlio-erkyzdeecsohoaggpwbjdvavzqfv/Build/Intermediates.noindex/swift-collections.build/Debug-iphonesimulator/HeapModule.build/Objects-normal/arm64/HeapModule-primary.priors, error: The folder “HeapModule-primary.priors” doesn’t exist.
warning: next compile won't be incremental; could not write dependency graph: Could not write to /Users/aadityasingh/Library/Developer/Xcode/DerivedData/Chatlio-erkyzdeecsohoaggpwbjdvavzqfv/Build/Intermediates.noindex/swift-collections.build/Debug-iphonesimulator/DequeModule.build/Objects-normal/x86_64/DequeModule-primary.priors, error: The folder “DequeModule-primary.priors” doesn’t exist.
	Building project Chatlio with scheme Chatlio
(12 failures)
warning: next compile won't be incremental; could not write dependency graph: Could not write to /Users/aadityasingh/Library/Developer/Xcode/DerivedData/Chatlio-erkyzdeecsohoaggpwbjdvavzqfv/Build/Intermediates.noindex/swift-collections.build/Debug-iphonesimulator/DequeModule.build/Objects-normal/arm64/DequeModule-primary.priors, error: The folder “DequeModule-primary.priors” doesn’t exist.
warning: next compile won't be incremental; could not write dependency graph: Could not write to /Users/aadityasingh/Library/Developer/Xcode/DerivedData/Chatlio-erkyzdeecsohoaggpwbjdvavzqfv/Build/Intermediates.noindex/WysiwygComposer.build/Debug-iphonesimulator/HTMLParser.build/Objects-normal/x86_64/HTMLParser-primary.priors, error: The folder “HTMLParser-primary.priors” doesn’t exist.
warning: next compile won't be incremental; could not write dependency graph: Could not write to /Users/aadityasingh/Library/Developer/Xcode/DerivedData/Chatlio-erkyzdeecsohoaggpwbjdvavzqfv/Build/Intermediates.noindex/WysiwygComposer.build/Debug-iphonesimulator/HTMLParser.build/Objects-normal/arm64/HTMLParser-primary.priors, error: The folder “HTMLParser-primary.priors” doesn’t exist.
warning: next compile won't be incremental; could not write dependency graph: Could not write to /Users/aadityasingh/Library/Developer/Xcode/DerivedData/Chatlio-erkyzdeecsohoaggpwbjdvavzqfv/Build/Intermediates.noindex/DeviceKit.build/Debug-iphonesimulator/DeviceKit.build/Objects-normal/arm64/DeviceKit-primary.priors, error: The folder “DeviceKit-primary.priors” doesn’t exist.
warning: next compile won't be incremental; could not write dependency graph: Could not write to /Users/aadityasingh/Library/Developer/Xcode/DerivedData/Chatlio-erkyzdeecsohoaggpwbjdvavzqfv/Build/Intermediates.noindex/DeviceKit.build/Debug-iphonesimulator/DeviceKit.build/Objects-normal/x86_64/DeviceKit-primary.priors, error: The folder “DeviceKit-primary.priors” doesn’t exist.
warning: next compile won't be incremental; could not write dependency graph: Could not write to /Users/aadityasingh/Library/Developer/Xcode/DerivedData/Chatlio-erkyzdeecsohoaggpwbjdvavzqfv/Build/Intermediates.noindex/swift-collections.build/Debug-iphonesimulator/BitCollections.build/Objects-normal/x86_64/BitCollections-primary.priors, error: The folder “BitCollections-primary.priors” doesn’t exist.
warning: next compile won't be incremental; could not write dependency graph: Could not write to /Users/aadityasingh/Library/Developer/Xcode/DerivedData/Chatlio-erkyzdeecsohoaggpwbjdvavzqfv/Build/Intermediates.noindex/swift-collections.build/Debug-iphonesimulator/BitCollections.build/Objects-normal/arm64/BitCollections-primary.priors, error: The folder “BitCollections-primary.priors” doesn’t exist.
warning: next compile won't be incremental; could not write dependency graph: Could not write to /Users/aadityasingh/Library/Developer/Xcode/DerivedData/Chatlio-erkyzdeecsohoaggpwbjdvavzqfv/Build/Intermediates.noindex/SwiftSoup.build/Debug-iphonesimulator/SwiftSoup.build/Objects-normal/arm64/SwiftSoup-primary.priors, error: The folder “SwiftSoup-primary.priors” doesn’t exist.
warning: next compile won't be incremental; could not write dependency graph: Could not write to /Users/aadityasingh/Library/Developer/Xcode/DerivedData/Chatlio-erkyzdeecsohoaggpwbjdvavzqfv/Build/Intermediates.noindex/SwiftSoup.build/Debug-iphonesimulator/SwiftSoup.build/Objects-normal/x86_64/SwiftSoup-primary.priors, error: The folder “SwiftSoup-primary.priors” doesn’t exist.
warning: next compile won't be incremental; could not write dependency graph: Could not write to /Users/aadityasingh/Library/Developer/Xcode/DerivedData/Chatlio-erkyzdeecsohoaggpwbjdvavzqfv/Build/Intermediates.noindex/Emojibase.build/Debug-iphonesimulator/Emojibase.build/Objects-normal/x86_64/Emojibase-primary.priors, error: The folder “Emojibase-primary.priors” doesn’t exist.
warning: next compile won't be incremental; could not write dependency graph: Could not write to /Users/aadityasingh/Library/Developer/Xcode/DerivedData/Chatlio-erkyzdeecsohoaggpwbjdvavzqfv/Build/Intermediates.noindex/Emojibase.build/Debug-iphonesimulator/Emojibase.build/Objects-normal/arm64/Emojibase-primary.priors, error: The folder “Emojibase-primary.priors” doesn’t exist.
