** BUILD FAILED **


The following build commands failed:
	SwiftCompile normal arm64 Compiling\ RoomTimelineItemFactoryProtocol.swift,\ RoomTimelineItemProperties.swift,\ RoomTimelineItemProtocol.swift,\ RoomTimelineItemView.swift,\ RoomTimelineItemViewState.swift,\ RoundedCornerShape.swift,\ RowDivider.swift,\ SDKListener.swift,\ SFNumberedListView.swift,\ SceneDelegate.swift,\ ScreenTrackerViewModifier.swift,\ ScrollViewAdapter.swift,\ Search.swift,\ Secrets.swift,\ Section.swift,\ SecureBackupController.swift,\ SecureBackupControllerProtocol.swift,\ SecureBackupKeyBackupScreen.swift,\ SecureBackupKeyBackupScreenCoordinator.swift,\ SecureBackupKeyBackupScreenModels.swift,\ SecureBackupKeyBackupScreenViewModel.swift,\ SecureBackupKeyBackupScreenViewModelProtocol.swift,\ SecureBackupLogoutConfirmationScreen.swift,\ SecureBackupLogoutConfirmationScreenCoordinator.swift /Users/aadityasingh/Documents/Development/element-x-ios/Chatlio/Sources/Services/Timeline/TimelineItems/RoomTimelineItemFactoryProtocol.swift /Users/aadityasingh/Documents/Development/element-x-ios/Chatlio/Sources/Services/Timeline/TimelineItemContent/RoomTimelineItemProperties.swift /Users/aadityasingh/Documents/Development/element-x-ios/Chatlio/Sources/Services/Timeline/TimelineItems/RoomTimelineItemProtocol.swift /Users/aadityasingh/Documents/Development/element-x-ios/Chatlio/Sources/Services/Timeline/TimelineItems/RoomTimelineItemView.swift /Users/aadityasingh/Documents/Development/element-x-ios/Chatlio/Sources/Services/Timeline/TimelineItems/RoomTimelineItemViewState.swift /Users/aadityasingh/Documents/Development/element-x-ios/Chatlio/Sources/Other/SwiftUI/Views/RoundedCornerShape.swift /Users/aadityasingh/Documents/Development/element-x-ios/Chatlio/Sources/Other/SwiftUI/RowDivider.swift /Users/aadityasingh/Documents/Development/element-x-ios/Chatlio/Sources/Other/SDKListener.swift /Users/aadityasingh/Documents/Development/element-x-ios/Chatlio/Sources/Other/SwiftUI/Views/SFNumberedListView.swift /Users/aadityasingh/Documents/Development/element-x-ios/Chatlio/Sources/Application/Windowing/SceneDelegate.swift /Users/aadityasingh/Documents/Development/element-x-ios/Chatlio/Sources/Other/Analytics/ScreenTrackerViewModifier.swift /Users/aadityasingh/Documents/Development/element-x-ios/Chatlio/Sources/Other/ScrollViewAdapter.swift /Users/aadityasingh/Documents/Development/element-x-ios/Chatlio/Sources/Other/SwiftUI/Search.swift /Users/aadityasingh/Documents/Development/element-x-ios/Secrets/Secrets.swift /Users/aadityasingh/Documents/Development/element-x-ios/Chatlio/Sources/Other/Extensions/Section.swift /Users/aadityasingh/Documents/Development/element-x-ios/Chatlio/Sources/Services/SecureBackup/SecureBackupController.swift /Users/aadityasingh/Documents/Development/element-x-ios/Chatlio/Sources/Services/SecureBackup/SecureBackupControllerProtocol.swift /Users/aadityasingh/Documents/Development/element-x-ios/Chatlio/Sources/Screens/SecureBackup/SecureBackupKeyBackupScreen/View/SecureBackupKeyBackupScreen.swift /Users/aadityasingh/Documents/Development/element-x-ios/Chatlio/Sources/Screens/SecureBackup/SecureBackupKeyBackupScreen/SecureBackupKeyBackupScreenCoordinator.swift /Users/aadityasingh/Documents/Development/element-x-ios/Chatlio/Sources/Screens/SecureBackup/SecureBackupKeyBackupScreen/SecureBackupKeyBackupScreenModels.swift /Users/aadityasingh/Documents/Development/element-x-ios/Chatlio/Sources/Screens/SecureBackup/SecureBackupKeyBackupScreen/SecureBackupKeyBackupScreenViewModel.swift /Users/aadityasingh/Documents/Development/element-x-ios/Chatlio/Sources/Screens/SecureBackup/SecureBackupKeyBackupScreen/SecureBackupKeyBackupScreenViewModelProtocol.swift /Users/aadityasingh/Documents/Development/element-x-ios/Chatlio/Sources/Screens/SecureBackup/SecureBackupLogoutConfirmationScreen/View/SecureBackupLogoutConfirmationScreen.swift /Users/aadityasingh/Documents/Development/element-x-ios/Chatlio/Sources/Screens/SecureBackup/SecureBackupLogoutConfirmationScreen/SecureBackupLogoutConfirmationScreenCoordinator.swift (in target 'Chatlio' from project 'Chatlio')
	SwiftCompile normal arm64 /Users/aadityasingh/Documents/Development/element-x-ios/Chatlio/Sources/Other/SwiftUI/Search.swift (in target 'Chatlio' from project 'Chatlio')
	Building project Chatlio with scheme Chatlio and configuration Debug
(3 failures)
